[0.016s][info][gc,init] CardTable entry size: 512
[0.017s][info][gc     ] Using Serial
[0.025s][info][gc,init] Version: 20+36-2344 (release)
[0.025s][info][gc,init] CPUs: 48 total, 48 available
[0.025s][info][gc,init] Memory: 382G
[0.025s][info][gc,init] Large Page Support: Disabled
[0.025s][info][gc,init] NUMA Support: Disabled
[0.025s][info][gc,init] Compressed Oops: Enabled (32-bit)
[0.025s][info][gc,init] Heap Min Capacity: 8M
[0.025s][info][gc,init] Heap Initial Capacity: 2G
[0.025s][info][gc,init] Heap Max Capacity: 2G
[0.025s][info][gc,init] Pre-touch: Disabled
[0.033s][info][gc,metaspace] CDS archive(s) mapped at: [0x0000000800000000-0x0000000800c60000-0x0000000800c60000), size 12976128, SharedBaseAddress: 0x0000000800000000, ArchiveRelocationMode: 0.
[0.033s][info][gc,metaspace] Compressed class space mapped at: 0x0000000801000000-0x0000000841000000, reserved size: 1073741824
[0.033s][info][gc,metaspace] Narrow klass base: 0x0000000800000000, Narrow klass shift: 0, Narrow klass range: 0x100000000
[11.673s][info][gc,start    ] GC(0) Pause Full (Metadata GC Threshold)
[11.673s][info][gc,phases,start] GC(0) Phase 1: Mark live objects
[11.695s][info][gc,phases      ] GC(0) Phase 1: Mark live objects 21.826ms
[11.695s][info][gc,phases,start] GC(0) Phase 2: Compute new object addresses
[11.705s][info][gc,phases      ] GC(0) Phase 2: Compute new object addresses 10.473ms
[11.705s][info][gc,phases,start] GC(0) Phase 3: Adjust pointers
[11.713s][info][gc,phases      ] GC(0) Phase 3: Adjust pointers 7.513ms
[11.713s][info][gc,phases,start] GC(0) Phase 4: Move objects
[11.724s][info][gc,phases      ] GC(0) Phase 4: Move objects 11.344ms
[11.726s][info][gc,heap        ] GC(0) DefNew: 223837K(629120K)->0K(629120K) Eden: 223837K(559232K)->0K(559232K) From: 0K(69888K)->0K(69888K)
[11.726s][info][gc,heap        ] GC(0) Tenured: 0K(1398144K)->18047K(1398144K)
[11.726s][info][gc,metaspace   ] GC(0) Metaspace: 21269K(21504K)->21269K(21504K) NonClass: 18551K(18688K)->18551K(18688K) Class: 2717K(2816K)->2717K(2816K)
[11.726s][info][gc             ] GC(0) Pause Full (Metadata GC Threshold) 218M->17M(1979M) 53.074ms
[11.726s][info][gc,cpu         ] GC(0) User=0.05s Sys=0.00s Real=0.05s
[12.651s][info][gc,start       ] GC(1) Pause Full (Metadata GC Threshold)
[12.651s][info][gc,phases,start] GC(1) Phase 1: Mark live objects
[12.685s][info][gc,phases      ] GC(1) Phase 1: Mark live objects 33.853ms
[12.685s][info][gc,phases,start] GC(1) Phase 2: Compute new object addresses
[12.695s][info][gc,phases      ] GC(1) Phase 2: Compute new object addresses 10.059ms
[12.695s][info][gc,phases,start] GC(1) Phase 3: Adjust pointers
[12.706s][info][gc,phases      ] GC(1) Phase 3: Adjust pointers 10.397ms
[12.706s][info][gc,phases,start] GC(1) Phase 4: Move objects
[12.709s][info][gc,phases      ] GC(1) Phase 4: Move objects 3.490ms
[12.710s][info][gc,heap        ] GC(1) DefNew: 311027K(629120K)->0K(629120K) Eden: 311027K(559232K)->0K(559232K) From: 0K(69888K)->0K(69888K)
[12.710s][info][gc,heap        ] GC(1) Tenured: 18047K(1398144K)->22911K(1398144K)
[12.710s][info][gc,metaspace   ] GC(1) Metaspace: 35440K(35840K)->35440K(35840K) NonClass: 30967K(31168K)->30967K(31168K) Class: 4472K(4672K)->4472K(4672K)
[12.710s][info][gc             ] GC(1) Pause Full (Metadata GC Threshold) 321M->22M(1979M) 58.771ms
[12.710s][info][gc,cpu         ] GC(1) User=0.06s Sys=0.00s Real=0.06s
[61.703s][info][gc,start       ] GC(2) Pause Full (Metadata GC Threshold)
[61.703s][info][gc,phases,start] GC(2) Phase 1: Mark live objects
[61.730s][info][gc,phases      ] GC(2) Phase 1: Mark live objects 26.938ms
[61.730s][info][gc,phases,start] GC(2) Phase 2: Compute new object addresses
[61.753s][info][gc,phases      ] GC(2) Phase 2: Compute new object addresses 23.639ms
[61.753s][info][gc,phases,start] GC(2) Phase 3: Adjust pointers
[61.768s][info][gc,phases      ] GC(2) Phase 3: Adjust pointers 15.115ms
[61.768s][info][gc,phases,start] GC(2) Phase 4: Move objects
[61.774s][info][gc,phases      ] GC(2) Phase 4: Move objects 5.243ms
[61.775s][info][gc,heap        ] GC(2) DefNew: 378756K(629120K)->0K(629120K) Eden: 378756K(559232K)->0K(559232K) From: 0K(69888K)->0K(69888K)
[61.775s][info][gc,heap        ] GC(2) Tenured: 22911K(1398144K)->28928K(1398144K)
[61.775s][info][gc,metaspace   ] GC(2) Metaspace: 59302K(59776K)->59302K(59776K) NonClass: 52058K(52352K)->52058K(52352K) Class: 7244K(7424K)->7244K(7424K)
[61.775s][info][gc             ] GC(2) Pause Full (Metadata GC Threshold) 392M->28M(1979M) 72.222ms
[61.775s][info][gc,cpu         ] GC(2) User=0.08s Sys=0.00s Real=0.08s
[63.241s][info][gc,start       ] GC(3) Pause Full (System.gc())
[63.241s][info][gc,phases,start] GC(3) Phase 1: Mark live objects
[63.278s][info][gc,phases      ] GC(3) Phase 1: Mark live objects 36.833ms
[63.278s][info][gc,phases,start] GC(3) Phase 2: Compute new object addresses
[63.295s][info][gc,phases      ] GC(3) Phase 2: Compute new object addresses 16.810ms
[63.295s][info][gc,phases,start] GC(3) Phase 3: Adjust pointers
[63.316s][info][gc,phases      ] GC(3) Phase 3: Adjust pointers 21.807ms
[63.317s][info][gc,phases,start] GC(3) Phase 4: Move objects
[63.330s][info][gc,phases      ] GC(3) Phase 4: Move objects 13.248ms
[63.331s][info][gc,heap        ] GC(3) DefNew: 108617K(629120K)->0K(629120K) Eden: 108617K(559232K)->0K(559232K) From: 0K(69888K)->0K(69888K)
[63.331s][info][gc,heap        ] GC(3) Tenured: 28928K(1398144K)->34410K(1398144K)
[63.331s][info][gc,metaspace   ] GC(3) Metaspace: 84410K(84928K)->84410K(84928K) NonClass: 73937K(74240K)->73937K(74240K) Class: 10472K(10688K)->10472K(10688K)
[63.331s][info][gc             ] GC(3) Pause Full (System.gc()) 134M->33M(1979M) 90.282ms
[63.331s][info][gc,cpu         ] GC(3) User=0.08s Sys=0.00s Real=0.08s
[69.541s][info][gc,start       ] GC(4) Pause Young (Allocation Failure)
[69.609s][info][gc,heap        ] GC(4) DefNew: 559232K(629120K)->29025K(629120K) Eden: 559232K(559232K)->0K(559232K) From: 0K(69888K)->29025K(69888K)
[69.609s][info][gc,heap        ] GC(4) Tenured: 34410K(1398144K)->34410K(1398144K)
[69.609s][info][gc,metaspace   ] GC(4) Metaspace: 120802K(127744K)->120802K(127744K) NonClass: 102855K(106688K)->102855K(106688K) Class: 17947K(21056K)->17947K(21056K)
[69.609s][info][gc             ] GC(4) Pause Young (Allocation Failure) 579M->61M(1979M) 68.121ms
[69.610s][info][gc,cpu         ] GC(4) User=0.08s Sys=0.02s Real=0.08s
[70.812s][info][gc,start       ] GC(5) Pause Young (Allocation Failure)
[70.862s][info][gc,heap        ] GC(5) DefNew: 588257K(629120K)->48251K(629120K) Eden: 559232K(559232K)->0K(559232K) From: 29025K(69888K)->48251K(69888K)
[70.862s][info][gc,heap        ] GC(5) Tenured: 34410K(1398144K)->34410K(1398144K)
[70.862s][info][gc,metaspace   ] GC(5) Metaspace: 120887K(127872K)->120887K(127872K) NonClass: 102940K(106816K)->102940K(106816K) Class: 17947K(21056K)->17947K(21056K)
[70.862s][info][gc             ] GC(5) Pause Young (Allocation Failure) 608M->80M(1979M) 50.555ms
[70.862s][info][gc,cpu         ] GC(5) User=0.02s Sys=0.03s Real=0.05s
[71.571s][info][gc,start       ] GC(6) Pause Young (Allocation Failure)
[71.637s][info][gc,heap        ] GC(6) DefNew: 607483K(629120K)->45596K(629120K) Eden: 559232K(559232K)->0K(559232K) From: 48251K(69888K)->45596K(69888K)
[71.637s][info][gc,heap        ] GC(6) Tenured: 34410K(1398144K)->55755K(1398144K)
[71.637s][info][gc,metaspace   ] GC(6) Metaspace: 120974K(128000K)->120974K(128000K) NonClass: 103027K(106944K)->103027K(106944K) Class: 17947K(21056K)->17947K(21056K)
[71.638s][info][gc             ] GC(6) Pause Young (Allocation Failure) 626M->98M(1979M) 66.439ms
[71.638s][info][gc,cpu         ] GC(6) User=0.06s Sys=0.02s Real=0.08s
[72.063s][info][gc,start       ] GC(7) Pause Young (Allocation Failure)
[72.103s][info][gc,heap        ] GC(7) DefNew: 604828K(629120K)->64825K(629120K) Eden: 559232K(559232K)->0K(559232K) From: 45596K(69888K)->64825K(69888K)
[72.103s][info][gc,heap        ] GC(7) Tenured: 55755K(1398144K)->63375K(1398144K)
[72.103s][info][gc,metaspace   ] GC(7) Metaspace: 121013K(128000K)->121013K(128000K) NonClass: 103066K(106944K)->103066K(106944K) Class: 17947K(21056K)->17947K(21056K)
[72.103s][info][gc             ] GC(7) Pause Young (Allocation Failure) 645M->125M(1979M) 40.401ms
[72.103s][info][gc,cpu         ] GC(7) User=0.03s Sys=0.02s Real=0.05s
[72.143s][info][gc,start       ] GC(8) Pause Young (Allocation Failure)
[72.187s][info][gc,heap        ] GC(8) DefNew: 624057K(629120K)->45286K(629120K) Eden: 559232K(559232K)->0K(559232K) From: 64825K(69888K)->45286K(69888K)
[72.187s][info][gc,heap        ] GC(8) Tenured: 63375K(1398144K)->109549K(1398144K)
[72.187s][info][gc,metaspace   ] GC(8) Metaspace: 121015K(128000K)->121015K(128000K) NonClass: 103068K(106944K)->103068K(106944K) Class: 17947K(21056K)->17947K(21056K)
[72.187s][info][gc             ] GC(8) Pause Young (Allocation Failure) 671M->151M(1979M) 43.776ms
[72.187s][info][gc,cpu         ] GC(8) User=0.02s Sys=0.03s Real=0.05s
[72.228s][info][gc,start       ] GC(9) Pause Young (Allocation Failure)
[72.264s][info][gc,heap        ] GC(9) DefNew: 604518K(629120K)->39893K(629120K) Eden: 559232K(559232K)->0K(559232K) From: 45286K(69888K)->39893K(69888K)
[72.264s][info][gc,heap        ] GC(9) Tenured: 109549K(1398144K)->150258K(1398144K)
[72.265s][info][gc,metaspace   ] GC(9) Metaspace: 121015K(128000K)->121015K(128000K) NonClass: 103068K(106944K)->103068K(106944K) Class: 17947K(21056K)->17947K(21056K)
[72.265s][info][gc             ] GC(9) Pause Young (Allocation Failure) 697M->185M(1979M) 37.012ms
[72.265s][info][gc,cpu         ] GC(9) User=0.02s Sys=0.02s Real=0.03s
[72.305s][info][gc,start       ] GC(10) Pause Young (Allocation Failure)
[72.338s][info][gc,heap        ] GC(10) DefNew: 599125K(629120K)->30937K(629120K) Eden: 559232K(559232K)->0K(559232K) From: 39893K(69888K)->30937K(69888K)
[72.338s][info][gc,heap        ] GC(10) Tenured: 150258K(1398144K)->189342K(1398144K)
[72.338s][info][gc,metaspace   ] GC(10) Metaspace: 121016K(128000K)->121016K(128000K) NonClass: 103069K(106944K)->103069K(106944K) Class: 17947K(21056K)->17947K(21056K)
[72.338s][info][gc             ] GC(10) Pause Young (Allocation Failure) 731M->215M(1979M) 32.929ms
[72.338s][info][gc,cpu         ] GC(10) User=0.02s Sys=0.02s Real=0.03s
[72.379s][info][gc,start       ] GC(11) Pause Young (Allocation Failure)
[72.398s][info][gc,heap        ] GC(11) DefNew: 590169K(629120K)->66014K(629120K) Eden: 559232K(559232K)->0K(559232K) From: 30937K(69888K)->66014K(69888K)
[72.398s][info][gc,heap        ] GC(11) Tenured: 189342K(1398144K)->189342K(1398144K)
[72.398s][info][gc,metaspace   ] GC(11) Metaspace: 121018K(128000K)->121018K(128000K) NonClass: 103071K(106944K)->103071K(106944K) Class: 17947K(21056K)->17947K(21056K)
[72.398s][info][gc             ] GC(11) Pause Young (Allocation Failure) 761M->249M(1979M) 18.616ms
[72.398s][info][gc,cpu         ] GC(11) User=0.03s Sys=0.00s Real=0.02s
[72.446s][info][gc,start       ] GC(12) Pause Young (Allocation Failure)
[72.506s][info][gc,heap        ] GC(12) DefNew: 625246K(629120K)->56679K(629120K) Eden: 559232K(559232K)->0K(559232K) From: 66014K(69888K)->56679K(69888K)
[72.506s][info][gc,heap        ] GC(12) Tenured: 189342K(1398144K)->253406K(1398144K)
[72.506s][info][gc,metaspace   ] GC(12) Metaspace: 121018K(128000K)->121018K(128000K) NonClass: 103071K(106944K)->103071K(106944K) Class: 17947K(21056K)->17947K(21056K)
[72.506s][info][gc             ] GC(12) Pause Young (Allocation Failure) 795M->302M(1979M) 59.741ms
[72.506s][info][gc,cpu         ] GC(12) User=0.02s Sys=0.03s Real=0.05s
[72.548s][info][gc,start       ] GC(13) Pause Young (Allocation Failure)
[72.594s][info][gc,heap        ] GC(13) DefNew: 615911K(629120K)->41139K(629120K) Eden: 559232K(559232K)->0K(559232K) From: 56679K(69888K)->41139K(69888K)
[72.594s][info][gc,heap        ] GC(13) Tenured: 253406K(1398144K)->309658K(1398144K)
[72.594s][info][gc,metaspace   ] GC(13) Metaspace: 121018K(128000K)->121018K(128000K) NonClass: 103071K(106944K)->103071K(106944K) Class: 17947K(21056K)->17947K(21056K)
[72.594s][info][gc             ] GC(13) Pause Young (Allocation Failure) 848M->342M(1979M) 45.820ms
[72.594s][info][gc,cpu         ] GC(13) User=0.02s Sys=0.03s Real=0.05s
[72.647s][info][gc,start       ] GC(14) Pause Young (Allocation Failure)
[72.686s][info][gc,heap        ] GC(14) DefNew: 599362K(629120K)->34758K(629120K) Eden: 558223K(559232K)->0K(559232K) From: 41139K(69888K)->34758K(69888K)
[72.686s][info][gc,heap        ] GC(14) Tenured: 309658K(1398144K)->350283K(1398144K)
[72.686s][info][gc,metaspace   ] GC(14) Metaspace: 121018K(128000K)->121018K(128000K) NonClass: 103071K(106944K)->103071K(106944K) Class: 17947K(21056K)->17947K(21056K)
[72.686s][info][gc             ] GC(14) Pause Young (Allocation Failure) 887M->376M(1979M) 38.888ms
[72.686s][info][gc,cpu         ] GC(14) User=0.03s Sys=0.00s Real=0.03s
[72.733s][info][gc,start       ] GC(15) Pause Young (Allocation Failure)
[72.766s][info][gc,heap        ] GC(15) DefNew: 593990K(629120K)->66135K(629120K) Eden: 559232K(559232K)->0K(559232K) From: 34758K(69888K)->66135K(69888K)
[72.766s][info][gc,heap        ] GC(15) Tenured: 350283K(1398144K)->369033K(1398144K)
[72.766s][info][gc,metaspace   ] GC(15) Metaspace: 121018K(128000K)->121018K(128000K) NonClass: 103071K(106944K)->103071K(106944K) Class: 17947K(21056K)->17947K(21056K)
[72.766s][info][gc             ] GC(15) Pause Young (Allocation Failure) 922M->424M(1979M) 32.185ms
[72.766s][info][gc,cpu         ] GC(15) User=0.02s Sys=0.02s Real=0.03s
[72.828s][info][gc,start       ] GC(16) Pause Young (Allocation Failure)
[72.929s][info][gc,heap        ] GC(16) DefNew: 625367K(629120K)->66737K(629120K) Eden: 559232K(559232K)->0K(559232K) From: 66135K(69888K)->66737K(69888K)
[72.929s][info][gc,heap        ] GC(16) Tenured: 369033K(1398144K)->482234K(1398144K)
[72.929s][info][gc,metaspace   ] GC(16) Metaspace: 121101K(128128K)->121101K(128128K) NonClass: 103128K(107008K)->103128K(107008K) Class: 17973K(21120K)->17973K(21120K)
[72.929s][info][gc             ] GC(16) Pause Young (Allocation Failure) 971M->536M(1979M) 101.264ms
[72.929s][info][gc,cpu         ] GC(16) User=0.05s Sys=0.05s Real=0.09s
[72.989s][info][gc,start       ] GC(17) Pause Young (Allocation Failure)
[73.093s][info][gc,heap        ] GC(17) DefNew: 625969K(629120K)->69057K(629120K) Eden: 559232K(559232K)->0K(559232K) From: 66737K(69888K)->69057K(69888K)
[73.093s][info][gc,heap        ] GC(17) Tenured: 482234K(1398144K)->614207K(1398144K)
[73.093s][info][gc,metaspace   ] GC(17) Metaspace: 121148K(128192K)->121148K(128192K) NonClass: 103168K(107072K)->103168K(107072K) Class: 17979K(21120K)->17979K(21120K)
[73.093s][info][gc             ] GC(17) Pause Young (Allocation Failure) 1082M->667M(1979M) 104.191ms
[73.093s][info][gc,cpu         ] GC(17) User=0.05s Sys=0.05s Real=0.09s
[73.138s][info][gc,start       ] GC(18) Pause Young (Allocation Failure)
[73.199s][info][gc,heap        ] GC(18) DefNew: 628289K(629120K)->65319K(629120K) Eden: 559232K(559232K)->0K(559232K) From: 69057K(69888K)->65319K(69888K)
[73.199s][info][gc,heap        ] GC(18) Tenured: 614207K(1398144K)->681405K(1398144K)
[73.199s][info][gc,metaspace   ] GC(18) Metaspace: 121159K(128192K)->121159K(128192K) NonClass: 103179K(107072K)->103179K(107072K) Class: 17979K(21120K)->17979K(21120K)
[73.199s][info][gc             ] GC(18) Pause Young (Allocation Failure) 1213M->729M(1979M) 60.702ms
[73.199s][info][gc,cpu         ] GC(18) User=0.03s Sys=0.03s Real=0.06s
[73.252s][info][gc,start       ] GC(19) Pause Young (Allocation Failure)
[73.317s][info][gc,heap        ] GC(19) DefNew: 624551K(629120K)->69777K(629120K) Eden: 559232K(559232K)->0K(559232K) From: 65319K(69888K)->69777K(69888K)
[73.317s][info][gc,heap        ] GC(19) Tenured: 681405K(1398144K)->747495K(1398144K)
[73.317s][info][gc,metaspace   ] GC(19) Metaspace: 121159K(128192K)->121159K(128192K) NonClass: 103180K(107072K)->103180K(107072K) Class: 17979K(21120K)->17979K(21120K)
[73.317s][info][gc             ] GC(19) Pause Young (Allocation Failure) 1275M->798M(1979M) 64.586ms
[73.317s][info][gc,cpu         ] GC(19) User=0.05s Sys=0.02s Real=0.06s
[73.375s][info][gc,start       ] GC(20) Pause Young (Allocation Failure)
[73.470s][info][gc,heap        ] GC(20) DefNew: 628105K(629120K)->69834K(629120K) Eden: 558328K(559232K)->0K(559232K) From: 69777K(69888K)->69834K(69888K)
[73.470s][info][gc,heap        ] GC(20) Tenured: 747495K(1398144K)->863649K(1398144K)
[73.470s][info][gc,metaspace   ] GC(20) Metaspace: 121161K(128192K)->121161K(128192K) NonClass: 103181K(107072K)->103181K(107072K) Class: 17979K(21120K)->17979K(21120K)
[73.470s][info][gc             ] GC(20) Pause Young (Allocation Failure) 1343M->911M(1979M) 95.046ms
[73.470s][info][gc,cpu         ] GC(20) User=0.06s Sys=0.03s Real=0.09s
[73.514s][info][gc,start       ] GC(21) Pause Young (Allocation Failure)
[73.587s][info][gc,heap        ] GC(21) DefNew: 629066K(629120K)->69715K(629120K) Eden: 559232K(559232K)->0K(559232K) From: 69834K(69888K)->69715K(69888K)
[73.587s][info][gc,heap        ] GC(21) Tenured: 863649K(1398144K)->950655K(1398144K)
[73.587s][info][gc,metaspace   ] GC(21) Metaspace: 121171K(128192K)->121171K(128192K) NonClass: 103191K(107072K)->103191K(107072K) Class: 17979K(21120K)->17979K(21120K)
[73.587s][info][gc             ] GC(21) Pause Young (Allocation Failure) 1457M->996M(1979M) 73.318ms
[73.587s][info][gc,cpu         ] GC(21) User=0.05s Sys=0.03s Real=0.08s
[73.645s][info][gc,start       ] GC(22) Pause Young (Allocation Failure)
[73.706s][info][gc,heap        ] GC(22) DefNew: 628947K(629120K)->47212K(629120K) Eden: 559232K(559232K)->0K(559232K) From: 69715K(69888K)->47212K(69888K)
[73.706s][info][gc,heap        ] GC(22) Tenured: 950655K(1398144K)->1016520K(1398144K)
[73.706s][info][gc,metaspace   ] GC(22) Metaspace: 121171K(128192K)->121171K(128192K) NonClass: 103191K(107072K)->103191K(107072K) Class: 17979K(21120K)->17979K(21120K)
[73.706s][info][gc             ] GC(22) Pause Young (Allocation Failure) 1542M->1038M(1979M) 61.285ms
[73.706s][info][gc,cpu         ] GC(22) User=0.03s Sys=0.02s Real=0.05s
[73.746s][info][gc,start       ] GC(23) Pause Young (Allocation Failure)
[73.787s][info][gc,heap        ] GC(23) DefNew: 606444K(629120K)->63092K(629120K) Eden: 559232K(559232K)->0K(559232K) From: 47212K(69888K)->63092K(69888K)
[73.787s][info][gc,heap        ] GC(23) Tenured: 1016520K(1398144K)->1054897K(1398144K)
[73.787s][info][gc,metaspace   ] GC(23) Metaspace: 121171K(128192K)->121171K(128192K) NonClass: 103191K(107072K)->103191K(107072K) Class: 17979K(21120K)->17979K(21120K)
[73.787s][info][gc             ] GC(23) Pause Young (Allocation Failure) 1584M->1091M(1979M) 41.118ms
[73.787s][info][gc,cpu         ] GC(23) User=0.03s Sys=0.02s Real=0.05s
[73.826s][info][gc,start       ] GC(24) Pause Young (Allocation Failure)
[73.869s][info][gc,heap        ] GC(24) DefNew: 622324K(629120K)->26997K(629120K) Eden: 559232K(559232K)->0K(559232K) From: 63092K(69888K)->26997K(69888K)
[73.869s][info][gc,heap        ] GC(24) Tenured: 1054897K(1398144K)->1112012K(1398144K)
[73.869s][info][gc,metaspace   ] GC(24) Metaspace: 121171K(128192K)->121171K(128192K) NonClass: 103191K(107072K)->103191K(107072K) Class: 17979K(21120K)->17979K(21120K)
[73.869s][info][gc             ] GC(24) Pause Young (Allocation Failure) 1637M->1112M(1979M) 43.150ms
[73.869s][info][gc,cpu         ] GC(24) User=0.02s Sys=0.03s Real=0.05s
[73.908s][info][gc,start       ] GC(25) Pause Young (Allocation Failure)
[73.925s][info][gc,heap        ] GC(25) DefNew: 586229K(629120K)->58267K(629120K) Eden: 559232K(559232K)->0K(559232K) From: 26997K(69888K)->58267K(69888K)
[73.925s][info][gc,heap        ] GC(25) Tenured: 1112012K(1398144K)->1112012K(1398144K)
[73.925s][info][gc,metaspace   ] GC(25) Metaspace: 121171K(128192K)->121171K(128192K) NonClass: 103191K(107072K)->103191K(107072K) Class: 17979K(21120K)->17979K(21120K)
[73.925s][info][gc             ] GC(25) Pause Young (Allocation Failure) 1658M->1142M(1979M) 16.396ms
[73.925s][info][gc,cpu         ] GC(25) User=0.02s Sys=0.00s Real=0.02s
[73.964s][info][gc,start       ] GC(26) Pause Young (Allocation Failure)
[73.997s][info][gc,heap        ] GC(26) DefNew: 617499K(629120K)->61379K(629120K) Eden: 559232K(559232K)->0K(559232K) From: 58267K(69888K)->61379K(69888K)
[73.998s][info][gc,heap        ] GC(26) Tenured: 1112012K(1398144K)->1137013K(1398144K)
[73.998s][info][gc,metaspace   ] GC(26) Metaspace: 121171K(128192K)->121171K(128192K) NonClass: 103191K(107072K)->103191K(107072K) Class: 17979K(21120K)->17979K(21120K)
[73.998s][info][gc             ] GC(26) Pause Young (Allocation Failure) 1688M->1170M(1979M) 34.184ms
[73.998s][info][gc,cpu         ] GC(26) User=0.02s Sys=0.02s Real=0.03s
[74.046s][info][gc,start       ] GC(27) Pause Young (Allocation Failure)
[74.088s][info][gc,heap        ] GC(27) DefNew: 620611K(629120K)->69208K(629120K) Eden: 559232K(559232K)->0K(559232K) From: 61379K(69888K)->69208K(69888K)
[74.088s][info][gc,heap        ] GC(27) Tenured: 1137013K(1398144K)->1169827K(1398144K)
[74.088s][info][gc,metaspace   ] GC(27) Metaspace: 121174K(128192K)->121174K(128192K) NonClass: 103194K(107072K)->103194K(107072K) Class: 17979K(21120K)->17979K(21120K)
[74.088s][info][gc             ] GC(27) Pause Young (Allocation Failure) 1716M->1209M(1979M) 41.710ms
[74.088s][info][gc,cpu         ] GC(27) User=0.03s Sys=0.00s Real=0.03s
[74.129s][info][gc,start       ] GC(28) Pause Young (Allocation Failure)
[74.190s][info][gc,heap        ] GC(28) DefNew: 628440K(629120K)->62953K(629120K) Eden: 559232K(559232K)->0K(559232K) From: 69208K(69888K)->62953K(69888K)
[74.190s][info][gc,heap        ] GC(28) Tenured: 1169827K(1398144K)->1238579K(1398144K)
[74.190s][info][gc,metaspace   ] GC(28) Metaspace: 121175K(128192K)->121175K(128192K) NonClass: 103195K(107072K)->103195K(107072K) Class: 17979K(21120K)->17979K(21120K)
[74.190s][info][gc             ] GC(28) Pause Young (Allocation Failure) 1756M->1271M(1979M) 61.469ms
[74.190s][info][gc,cpu         ] GC(28) User=0.03s Sys=0.03s Real=0.06s
[74.237s][info][gc,start       ] GC(29) Pause Young (Allocation Failure)
[74.300s][info][gc,heap        ] GC(29) DefNew: 622185K(629120K)->50529K(629120K) Eden: 559232K(559232K)->0K(559232K) From: 62953K(69888K)->50529K(69888K)
[74.301s][info][gc,heap        ] GC(29) Tenured: 1238579K(1398144K)->1301080K(1398144K)
[74.301s][info][gc,metaspace   ] GC(29) Metaspace: 121175K(128192K)->121175K(128192K) NonClass: 103195K(107072K)->103195K(107072K) Class: 17979K(21120K)->17979K(21120K)
[74.301s][info][gc             ] GC(29) Pause Young (Allocation Failure) 1817M->1319M(1979M) 63.344ms
[74.301s][info][gc,cpu         ] GC(29) User=0.02s Sys=0.05s Real=0.06s
[74.341s][info][gc,start       ] GC(30) Pause Young (Allocation Failure)
[74.341s][info][gc             ] GC(30) Pause Young (Allocation Failure) 1866M->1866M(1979M) 0.127ms
[74.341s][info][gc,cpu         ] GC(30) User=0.00s Sys=0.00s Real=0.00s
[74.341s][info][gc,start       ] GC(31) Pause Full (Allocation Failure)
[74.341s][info][gc,phases,start] GC(31) Phase 1: Mark live objects
[74.442s][info][gc,phases      ] GC(31) Phase 1: Mark live objects 100.474ms
[74.442s][info][gc,phases,start] GC(31) Phase 2: Compute new object addresses
[74.593s][info][gc,phases      ] GC(31) Phase 2: Compute new object addresses 150.867ms
[74.593s][info][gc,phases,start] GC(31) Phase 3: Adjust pointers
[74.626s][info][gc,phases      ] GC(31) Phase 3: Adjust pointers 33.247ms
[74.626s][info][gc,phases,start] GC(31) Phase 4: Move objects
[74.726s][info][gc,phases      ] GC(31) Phase 4: Move objects 99.837ms
[74.743s][info][gc,heap        ] GC(31) DefNew: 609761K(629120K)->0K(629120K) Eden: 559232K(559232K)->0K(559232K) From: 50529K(69888K)->0K(69888K)
[74.743s][info][gc,heap        ] GC(31) Tenured: 1301080K(1398144K)->559908K(1398144K)
[74.743s][info][gc,metaspace   ] GC(31) Metaspace: 121175K(128192K)->111093K(125504K) NonClass: 103195K(107072K)->95698K(104512K) Class: 17979K(21120K)->15395K(20992K)
[74.743s][info][gc             ] GC(31) Pause Full (Allocation Failure) 1866M->546M(1979M) 401.477ms
[74.743s][info][gc,cpu         ] GC(31) User=0.41s Sys=0.00s Real=0.41s
[74.795s][info][gc,start       ] GC(32) Pause Young (Allocation Failure)
[74.820s][info][gc,heap        ] GC(32) DefNew: 559232K(629120K)->68998K(629120K) Eden: 559232K(559232K)->0K(559232K) From: 0K(69888K)->68998K(69888K)
[74.820s][info][gc,heap        ] GC(32) Tenured: 559908K(1398144K)->584908K(1398144K)
[74.820s][info][gc,metaspace   ] GC(32) Metaspace: 111093K(125504K)->111093K(125504K) NonClass: 95698K(104512K)->95698K(104512K) Class: 15395K(20992K)->15395K(20992K)
[74.820s][info][gc             ] GC(32) Pause Young (Allocation Failure) 1092M->638M(1979M) 25.166ms
[74.820s][info][gc,cpu         ] GC(32) User=0.02s Sys=0.00s Real=0.02s
[74.874s][info][gc,start       ] GC(33) Pause Young (Allocation Failure)
[74.922s][info][gc,heap        ] GC(33) DefNew: 628230K(629120K)->68392K(629120K) Eden: 559232K(559232K)->0K(559232K) From: 68998K(69888K)->68392K(69888K)
[74.922s][info][gc,heap        ] GC(33) Tenured: 584908K(1398144K)->704844K(1398144K)
[74.922s][info][gc,metaspace   ] GC(33) Metaspace: 111093K(125504K)->111093K(125504K) NonClass: 95698K(104512K)->95698K(104512K) Class: 15395K(20992K)->15395K(20992K)
[74.922s][info][gc             ] GC(33) Pause Young (Allocation Failure) 1184M->755M(1979M) 47.599ms
[74.922s][info][gc,cpu         ] GC(33) User=0.05s Sys=0.00s Real=0.05s
[74.969s][info][gc,start       ] GC(34) Pause Young (Allocation Failure)
[75.014s][info][gc,heap        ] GC(34) DefNew: 627624K(629120K)->69826K(629120K) Eden: 559232K(559232K)->0K(559232K) From: 68392K(69888K)->69826K(69888K)
[75.014s][info][gc,heap        ] GC(34) Tenured: 704844K(1398144K)->818406K(1398144K)
[75.014s][info][gc,metaspace   ] GC(34) Metaspace: 111093K(125504K)->111093K(125504K) NonClass: 95698K(104512K)->95698K(104512K) Class: 15395K(20992K)->15395K(20992K)
[75.014s][info][gc             ] GC(34) Pause Young (Allocation Failure) 1301M->867M(1979M) 44.999ms
[75.014s][info][gc,cpu         ] GC(34) User=0.03s Sys=0.00s Real=0.03s
[75.060s][info][gc,start       ] GC(35) Pause Young (Allocation Failure)
[75.095s][info][gc,heap        ] GC(35) DefNew: 629058K(629120K)->69594K(629120K) Eden: 559232K(559232K)->0K(559232K) From: 69826K(69888K)->69594K(69888K)
[75.095s][info][gc,heap        ] GC(35) Tenured: 818406K(1398144K)->889547K(1398144K)
[75.095s][info][gc,metaspace   ] GC(35) Metaspace: 111093K(125504K)->111093K(125504K) NonClass: 95698K(104512K)->95698K(104512K) Class: 15395K(20992K)->15395K(20992K)
[75.095s][info][gc             ] GC(35) Pause Young (Allocation Failure) 1413M->936M(1979M) 35.184ms
[75.095s][info][gc,cpu         ] GC(35) User=0.03s Sys=0.00s Real=0.03s
[75.146s][info][gc,start       ] GC(36) Pause Young (Allocation Failure)
[75.194s][info][gc,heap        ] GC(36) DefNew: 628826K(629120K)->69829K(629120K) Eden: 559232K(559232K)->0K(559232K) From: 69594K(69888K)->69829K(69888K)
[75.194s][info][gc,heap        ] GC(36) Tenured: 889547K(1398144K)->997019K(1398144K)
[75.194s][info][gc,metaspace   ] GC(36) Metaspace: 111099K(125504K)->111099K(125504K) NonClass: 95702K(104512K)->95702K(104512K) Class: 15396K(20992K)->15396K(20992K)
[75.194s][info][gc             ] GC(36) Pause Young (Allocation Failure) 1482M->1041M(1979M) 48.175ms
[75.194s][info][gc,cpu         ] GC(36) User=0.06s Sys=0.00s Real=0.05s
[75.238s][info][gc,start       ] GC(37) Pause Young (Allocation Failure)
[75.275s][info][gc,heap        ] GC(37) DefNew: 629061K(629120K)->69441K(629120K) Eden: 559232K(559232K)->0K(559232K) From: 69829K(69888K)->69441K(69888K)
[75.275s][info][gc,heap        ] GC(37) Tenured: 997019K(1398144K)->1076525K(1398144K)
[75.275s][info][gc,metaspace   ] GC(37) Metaspace: 111107K(125504K)->111107K(125504K) NonClass: 95708K(104512K)->95708K(104512K) Class: 15398K(20992K)->15398K(20992K)
[75.275s][info][gc             ] GC(37) Pause Young (Allocation Failure) 1587M->1119M(1979M) 37.385ms
[75.275s][info][gc,cpu         ] GC(37) User=0.03s Sys=0.00s Real=0.03s
[75.317s][info][gc,start       ] GC(38) Pause Young (Allocation Failure)
[75.345s][info][gc,heap        ] GC(38) DefNew: 628673K(629120K)->47845K(629120K) Eden: 559232K(559232K)->0K(559232K) From: 69441K(69888K)->47845K(69888K)
[75.345s][info][gc,heap        ] GC(38) Tenured: 1076525K(1398144K)->1140093K(1398144K)
[75.345s][info][gc,metaspace   ] GC(38) Metaspace: 111107K(125504K)->111107K(125504K) NonClass: 95708K(104512K)->95708K(104512K) Class: 15398K(20992K)->15398K(20992K)
[75.345s][info][gc             ] GC(38) Pause Young (Allocation Failure) 1665M->1160M(1979M) 28.253ms
[75.345s][info][gc,cpu         ] GC(38) User=0.03s Sys=0.00s Real=0.03s
[75.386s][info][gc,start       ] GC(39) Pause Young (Allocation Failure)
[75.407s][info][gc,heap        ] GC(39) DefNew: 607077K(629120K)->35671K(629120K) Eden: 559232K(559232K)->0K(559232K) From: 47845K(69888K)->35671K(69888K)
[75.421s][info][gc,heap        ] GC(39) Tenured: 1140093K(1398144K)->1182378K(1398144K)
[75.421s][info][gc,metaspace   ] GC(39) Metaspace: 111107K(125504K)->111107K(125504K) NonClass: 95708K(104512K)->95708K(104512K) Class: 15398K(20992K)->15398K(20992K)
[75.421s][info][gc             ] GC(39) Pause Young (Allocation Failure) 1706M->1189M(1979M) 35.229ms
[75.421s][info][gc,cpu         ] GC(39) User=0.02s Sys=0.00s Real=0.03s
[75.462s][info][gc,start       ] GC(40) Pause Young (Allocation Failure)
[75.485s][info][gc,heap        ] GC(40) DefNew: 594903K(629120K)->58286K(629120K) Eden: 559232K(559232K)->0K(559232K) From: 35671K(69888K)->58286K(69888K)
[75.485s][info][gc,heap        ] GC(40) Tenured: 1182378K(1398144K)->1213629K(1398144K)
[75.485s][info][gc,metaspace   ] GC(40) Metaspace: 111107K(125504K)->111107K(125504K) NonClass: 95708K(104512K)->95708K(104512K) Class: 15398K(20992K)->15398K(20992K)
[75.486s][info][gc             ] GC(40) Pause Young (Allocation Failure) 1735M->1242M(1979M) 23.200ms
[75.486s][info][gc,cpu         ] GC(40) User=0.03s Sys=0.00s Real=0.03s
[75.526s][info][gc,start       ] GC(41) Pause Young (Allocation Failure)
[75.548s][info][gc,heap        ] GC(41) DefNew: 617518K(629120K)->28604K(629120K) Eden: 559232K(559232K)->0K(559232K) From: 58286K(69888K)->28604K(69888K)
[75.548s][info][gc,heap        ] GC(41) Tenured: 1213629K(1398144K)->1269880K(1398144K)
[75.548s][info][gc,metaspace   ] GC(41) Metaspace: 111107K(125504K)->111107K(125504K) NonClass: 95708K(104512K)->95708K(104512K) Class: 15398K(20992K)->15398K(20992K)
[75.548s][info][gc             ] GC(41) Pause Young (Allocation Failure) 1788M->1268M(1979M) 22.003ms
[75.548s][info][gc,cpu         ] GC(41) User=0.02s Sys=0.00s Real=0.01s
[75.589s][info][gc,start       ] GC(42) Pause Young (Allocation Failure)
[75.605s][info][gc,heap        ] GC(42) DefNew: 587836K(629120K)->53575K(629120K) Eden: 559232K(559232K)->0K(559232K) From: 28604K(69888K)->53575K(69888K)
[75.605s][info][gc,heap        ] GC(42) Tenured: 1269880K(1398144K)->1269880K(1398144K)
[75.605s][info][gc,metaspace   ] GC(42) Metaspace: 111107K(125504K)->111107K(125504K) NonClass: 95708K(104512K)->95708K(104512K) Class: 15398K(20992K)->15398K(20992K)
[75.605s][info][gc             ] GC(42) Pause Young (Allocation Failure) 1814M->1292M(1979M) 15.121ms
[75.605s][info][gc,cpu         ] GC(42) User=0.02s Sys=0.00s Real=0.02s
[75.646s][info][gc,start       ] GC(43) Pause Young (Allocation Failure)
[75.670s][info][gc,heap        ] GC(43) DefNew: 612807K(629120K)->66150K(629120K) Eden: 559232K(559232K)->0K(559232K) From: 53575K(69888K)->66150K(69888K)
[75.670s][info][gc,heap        ] GC(43) Tenured: 1269880K(1398144K)->1294881K(1398144K)
[75.670s][info][gc,metaspace   ] GC(43) Metaspace: 111107K(125504K)->111107K(125504K) NonClass: 95708K(104512K)->95708K(104512K) Class: 15398K(20992K)->15398K(20992K)
[75.670s][info][gc             ] GC(43) Pause Young (Allocation Failure) 1838M->1329M(1979M) 23.974ms
[75.670s][info][gc,cpu         ] GC(43) User=0.03s Sys=0.00s Real=0.03s
[75.712s][info][gc,start       ] GC(44) Pause Young (Allocation Failure)
[75.712s][info][gc             ] GC(44) Pause Young (Allocation Failure) 1875M->1875M(1979M) 0.124ms
[75.712s][info][gc,cpu         ] GC(44) User=0.00s Sys=0.00s Real=0.00s
[75.712s][info][gc,start       ] GC(45) Pause Full (Allocation Failure)
[75.712s][info][gc,phases,start] GC(45) Phase 1: Mark live objects
[75.768s][info][gc,phases      ] GC(45) Phase 1: Mark live objects 56.308ms
[75.768s][info][gc,phases,start] GC(45) Phase 2: Compute new object addresses
[75.918s][info][gc,phases      ] GC(45) Phase 2: Compute new object addresses 149.137ms
[75.918s][info][gc,phases,start] GC(45) Phase 3: Adjust pointers
[75.947s][info][gc,phases      ] GC(45) Phase 3: Adjust pointers 29.648ms
[75.947s][info][gc,phases,start] GC(45) Phase 4: Move objects
[76.036s][info][gc,phases      ] GC(45) Phase 4: Move objects 89.148ms
[76.037s][info][gc,heap        ] GC(45) DefNew: 625382K(629120K)->0K(629120K) Eden: 559232K(559232K)->0K(559232K) From: 66150K(69888K)->0K(69888K)
[76.038s][info][gc,heap        ] GC(45) Tenured: 1294881K(1398144K)->710317K(1398144K)
[76.038s][info][gc,metaspace   ] GC(45) Metaspace: 111108K(125504K)->111108K(125504K) NonClass: 95709K(104512K)->95709K(104512K) Class: 15398K(20992K)->15398K(20992K)
[76.038s][info][gc             ] GC(45) Pause Full (Allocation Failure) 1875M->693M(1979M) 325.574ms
[76.038s][info][gc,cpu         ] GC(45) User=0.33s Sys=0.00s Real=0.33s
[76.085s][info][gc,start       ] GC(46) Pause Young (Allocation Failure)
[76.102s][info][gc,heap        ] GC(46) DefNew: 559232K(629120K)->56704K(629120K) Eden: 559232K(559232K)->0K(559232K) From: 0K(69888K)->56704K(69888K)
[76.102s][info][gc,heap        ] GC(46) Tenured: 710317K(1398144K)->710317K(1398144K)
[76.102s][info][gc,metaspace   ] GC(46) Metaspace: 111113K(125504K)->111113K(125504K) NonClass: 95714K(104512K)->95714K(104512K) Class: 15398K(20992K)->15398K(20992K)
[76.102s][info][gc             ] GC(46) Pause Young (Allocation Failure) 1239M->749M(1979M) 16.609ms
[76.102s][info][gc,cpu         ] GC(46) User=0.02s Sys=0.00s Real=0.02s
[76.145s][info][gc,start       ] GC(47) Pause Young (Allocation Failure)
[76.174s][info][gc,heap        ] GC(47) DefNew: 615936K(629120K)->62806K(629120K) Eden: 559232K(559232K)->0K(559232K) From: 56704K(69888K)->62806K(69888K)
[76.174s][info][gc,heap        ] GC(47) Tenured: 710317K(1398144K)->766668K(1398144K)
[76.174s][info][gc,metaspace   ] GC(47) Metaspace: 111113K(125504K)->111113K(125504K) NonClass: 95714K(104512K)->95714K(104512K) Class: 15398K(20992K)->15398K(20992K)
[76.174s][info][gc             ] GC(47) Pause Young (Allocation Failure) 1295M->810M(1979M) 29.414ms
[76.174s][info][gc,cpu         ] GC(47) User=0.03s Sys=0.00s Real=0.03s
[76.230s][info][gc,start       ] GC(48) Pause Young (Allocation Failure)
[76.268s][info][gc,heap        ] GC(48) DefNew: 622038K(629120K)->69578K(629120K) Eden: 559232K(559232K)->0K(559232K) From: 62806K(69888K)->69578K(69888K)
[76.268s][info][gc,heap        ] GC(48) Tenured: 766668K(1398144K)->847728K(1398144K)
[76.268s][info][gc,metaspace   ] GC(48) Metaspace: 111113K(125504K)->111113K(125504K) NonClass: 95714K(104512K)->95714K(104512K) Class: 15398K(20992K)->15398K(20992K)
[76.268s][info][gc             ] GC(48) Pause Young (Allocation Failure) 1356M->895M(1979M) 37.925ms
[76.268s][info][gc,cpu         ] GC(48) User=0.03s Sys=0.00s Real=0.03s
[76.315s][info][gc,start       ] GC(49) Pause Young (Allocation Failure)
[76.362s][info][gc,heap        ] GC(49) DefNew: 628810K(629120K)->69583K(629120K) Eden: 559232K(559232K)->0K(559232K) From: 69578K(69888K)->69583K(69888K)
[76.362s][info][gc,heap        ] GC(49) Tenured: 847728K(1398144K)->966277K(1398144K)
[76.362s][info][gc,metaspace   ] GC(49) Metaspace: 111113K(125504K)->111113K(125504K) NonClass: 95714K(104512K)->95714K(104512K) Class: 15398K(20992K)->15398K(20992K)
[76.362s][info][gc             ] GC(49) Pause Young (Allocation Failure) 1441M->1011M(1979M) 46.776ms
[76.362s][info][gc,cpu         ] GC(49) User=0.05s Sys=0.00s Real=0.05s
[76.405s][info][gc,start       ] GC(50) Pause Young (Allocation Failure)
[76.439s][info][gc,heap        ] GC(50) DefNew: 628815K(629120K)->69871K(629120K) Eden: 559232K(559232K)->0K(559232K) From: 69583K(69888K)->69871K(69888K)
[76.439s][info][gc,heap        ] GC(50) Tenured: 966277K(1398144K)->1055409K(1398144K)
[76.439s][info][gc,metaspace   ] GC(50) Metaspace: 111113K(125504K)->111113K(125504K) NonClass: 95714K(104512K)->95714K(104512K) Class: 15398K(20992K)->15398K(20992K)
[76.439s][info][gc             ] GC(50) Pause Young (Allocation Failure) 1557M->1098M(1979M) 33.414ms
[76.439s][info][gc,cpu         ] GC(50) User=0.03s Sys=0.00s Real=0.03s
[76.489s][info][gc,start       ] GC(51) Pause Young (Allocation Failure)
[76.527s][info][gc,heap        ] GC(51) DefNew: 629103K(629120K)->69400K(629120K) Eden: 559232K(559232K)->0K(559232K) From: 69871K(69888K)->69400K(69888K)
[76.527s][info][gc,heap        ] GC(51) Tenured: 1055409K(1398144K)->1129935K(1398144K)
[76.527s][info][gc,metaspace   ] GC(51) Metaspace: 111113K(125504K)->111113K(125504K) NonClass: 95714K(104512K)->95714K(104512K) Class: 15398K(20992K)->15398K(20992K)
[76.527s][info][gc             ] GC(51) Pause Young (Allocation Failure) 1645M->1171M(1979M) 37.965ms
[76.527s][info][gc,cpu         ] GC(51) User=0.03s Sys=0.00s Real=0.03s
[76.576s][info][gc,start       ] GC(52) Pause Young (Allocation Failure)
[76.624s][info][gc,heap        ] GC(52) DefNew: 628632K(629120K)->69887K(629120K) Eden: 559232K(559232K)->0K(559232K) From: 69400K(69888K)->69887K(69888K)
[76.624s][info][gc,heap        ] GC(52) Tenured: 1129935K(1398144K)->1253718K(1398144K)
[76.624s][info][gc,metaspace   ] GC(52) Metaspace: 111113K(125504K)->111113K(125504K) NonClass: 95714K(104512K)->95714K(104512K) Class: 15398K(20992K)->15398K(20992K)
[76.624s][info][gc             ] GC(52) Pause Young (Allocation Failure) 1717M->1292M(1979M) 48.257ms
[76.624s][info][gc,cpu         ] GC(52) User=0.05s Sys=0.00s Real=0.05s
[76.666s][info][gc,start       ] GC(53) Pause Young (Allocation Failure)
[76.667s][info][gc,heap        ] GC(53) DefNew: 629119K(629120K)->629119K(629120K) Eden: 559232K(559232K)->559232K(559232K) From: 69887K(69888K)->69887K(69888K)
[76.667s][info][gc,heap        ] GC(53) Tenured: 1253718K(1398144K)->1253718K(1398144K)
[76.667s][info][gc,metaspace   ] GC(53) Metaspace: 111113K(125504K)->111113K(125504K) NonClass: 95714K(104512K)->95714K(104512K) Class: 15398K(20992K)->15398K(20992K)
[76.667s][info][gc             ] GC(53) Pause Young (Allocation Failure) 1838M->1838M(1979M) 0.185ms
[76.667s][info][gc,cpu         ] GC(53) User=0.00s Sys=0.00s Real=0.00s
[76.667s][info][gc,start       ] GC(54) Pause Full (Allocation Failure)
[76.667s][info][gc,phases,start] GC(54) Phase 1: Mark live objects
[76.728s][info][gc,phases      ] GC(54) Phase 1: Mark live objects 60.891ms
[76.728s][info][gc,phases,start] GC(54) Phase 2: Compute new object addresses
[76.868s][info][gc,phases      ] GC(54) Phase 2: Compute new object addresses 140.378ms
[76.868s][info][gc,phases,start] GC(54) Phase 3: Adjust pointers
[76.897s][info][gc,phases      ] GC(54) Phase 3: Adjust pointers 29.110ms
[76.897s][info][gc,phases,start] GC(54) Phase 4: Move objects
[77.057s][info][gc,phases      ] GC(54) Phase 4: Move objects 159.995ms
[77.060s][info][gc,heap        ] GC(54) DefNew: 629119K(629120K)->0K(629120K) Eden: 559232K(559232K)->0K(559232K) From: 69887K(69888K)->0K(69888K)
[77.060s][info][gc,heap        ] GC(54) Tenured: 1253718K(1398144K)->707898K(1398144K)
[77.060s][info][gc,metaspace   ] GC(54) Metaspace: 111113K(125504K)->110306K(121408K) NonClass: 95714K(104512K)->95059K(101952K) Class: 15398K(20992K)->15246K(19456K)
[77.060s][info][gc             ] GC(54) Pause Full (Allocation Failure) 1838M->691M(1979M) 393.663ms
[77.060s][info][gc,cpu         ] GC(54) User=0.39s Sys=0.00s Real=0.39s
[77.099s][info][gc,start       ] GC(55) Pause Young (Allocation Failure)
[77.115s][info][gc,heap        ] GC(55) DefNew: 559232K(629120K)->47533K(629120K) Eden: 559232K(559232K)->0K(559232K) From: 0K(69888K)->47533K(69888K)
[77.115s][info][gc,heap        ] GC(55) Tenured: 707898K(1398144K)->707898K(1398144K)
[77.115s][info][gc,metaspace   ] GC(55) Metaspace: 110306K(121408K)->110306K(121408K) NonClass: 95059K(101952K)->95059K(101952K) Class: 15246K(19456K)->15246K(19456K)
[77.115s][info][gc             ] GC(55) Pause Young (Allocation Failure) 1237M->737M(1979M) 15.524ms
[77.115s][info][gc,cpu         ] GC(55) User=0.02s Sys=0.00s Real=0.02s
[77.154s][info][gc,start       ] GC(56) Pause Young (Allocation Failure)
[77.175s][info][gc,heap        ] GC(56) DefNew: 606765K(629120K)->53523K(629120K) Eden: 559232K(559232K)->0K(559232K) From: 47533K(69888K)->53523K(69888K)
[77.175s][info][gc,heap        ] GC(56) Tenured: 707898K(1398144K)->744392K(1398144K)
[77.175s][info][gc,metaspace   ] GC(56) Metaspace: 110306K(121408K)->110306K(121408K) NonClass: 95059K(101952K)->95059K(101952K) Class: 15246K(19456K)->15246K(19456K)
[77.175s][info][gc             ] GC(56) Pause Young (Allocation Failure) 1283M->779M(1979M) 20.319ms
[77.175s][info][gc,cpu         ] GC(56) User=0.02s Sys=0.00s Real=0.01s
[77.214s][info][gc,start       ] GC(57) Pause Young (Allocation Failure)
[77.234s][info][gc,heap        ] GC(57) DefNew: 612755K(629120K)->23942K(629120K) Eden: 559232K(559232K)->0K(559232K) From: 53523K(69888K)->23942K(69888K)
[77.234s][info][gc,heap        ] GC(57) Tenured: 744392K(1398144K)->794394K(1398144K)
[77.234s][info][gc,metaspace   ] GC(57) Metaspace: 110306K(121408K)->110306K(121408K) NonClass: 95059K(101952K)->95059K(101952K) Class: 15246K(19456K)->15246K(19456K)
[77.234s][info][gc             ] GC(57) Pause Young (Allocation Failure) 1325M->799M(1979M) 19.743ms
[77.234s][info][gc,cpu         ] GC(57) User=0.02s Sys=0.00s Real=0.02s
[77.281s][info][gc,start       ] GC(58) Pause Young (Allocation Failure)
[77.297s][info][gc,heap        ] GC(58) DefNew: 583174K(629120K)->55133K(629120K) Eden: 559232K(559232K)->0K(559232K) From: 23942K(69888K)->55133K(69888K)
[77.297s][info][gc,heap        ] GC(58) Tenured: 794394K(1398144K)->794394K(1398144K)
[77.297s][info][gc,metaspace   ] GC(58) Metaspace: 110306K(121408K)->110306K(121408K) NonClass: 95059K(101952K)->95059K(101952K) Class: 15246K(19456K)->15246K(19456K)
[77.297s][info][gc             ] GC(58) Pause Young (Allocation Failure) 1345M->829M(1979M) 15.865ms
[77.297s][info][gc,cpu         ] GC(58) User=0.02s Sys=0.00s Real=0.01s
[77.346s][info][gc,start       ] GC(59) Pause Young (Allocation Failure)
[77.376s][info][gc,heap        ] GC(59) DefNew: 614365K(629120K)->69206K(629120K) Eden: 559232K(559232K)->0K(559232K) From: 55133K(69888K)->69206K(69888K)
[77.376s][info][gc,heap        ] GC(59) Tenured: 794394K(1398144K)->841270K(1398144K)
[77.376s][info][gc,metaspace   ] GC(59) Metaspace: 110306K(121408K)->110306K(121408K) NonClass: 95059K(101952K)->95059K(101952K) Class: 15246K(19456K)->15246K(19456K)
[77.376s][info][gc             ] GC(59) Pause Young (Allocation Failure) 1375M->889M(1979M) 29.364ms
[77.376s][info][gc,cpu         ] GC(59) User=0.02s Sys=0.00s Real=0.01s
[77.416s][info][gc,start       ] GC(60) Pause Young (Allocation Failure)
[77.437s][info][gc,heap        ] GC(60) DefNew: 628438K(629120K)->31654K(629120K) Eden: 559232K(559232K)->0K(559232K) From: 69206K(69888K)->31654K(69888K)
[77.437s][info][gc,heap        ] GC(60) Tenured: 841270K(1398144K)->910022K(1398144K)
[77.437s][info][gc,metaspace   ] GC(60) Metaspace: 110306K(121408K)->110306K(121408K) NonClass: 95059K(101952K)->95059K(101952K) Class: 15246K(19456K)->15246K(19456K)
[77.437s][info][gc             ] GC(60) Pause Young (Allocation Failure) 1435M->919M(1979M) 21.369ms
[77.438s][info][gc,cpu         ] GC(60) User=0.02s Sys=0.00s Real=0.02s
[77.485s][info][gc,start       ] GC(61) Pause Young (Allocation Failure)
[77.509s][info][gc,heap        ] GC(61) DefNew: 590886K(629120K)->69335K(629120K) Eden: 559232K(559232K)->0K(559232K) From: 31654K(69888K)->69335K(69888K)
[77.509s][info][gc,heap        ] GC(61) Tenured: 910022K(1398144K)->928772K(1398144K)
[77.509s][info][gc,metaspace   ] GC(61) Metaspace: 110306K(121408K)->110306K(121408K) NonClass: 95059K(101952K)->95059K(101952K) Class: 15246K(19456K)->15246K(19456K)
[77.509s][info][gc             ] GC(61) Pause Young (Allocation Failure) 1465M->974M(1979M) 24.017ms
[77.509s][info][gc,cpu         ] GC(61) User=0.02s Sys=0.00s Real=0.02s
[77.549s][info][gc,start       ] GC(62) Pause Young (Allocation Failure)
[77.570s][info][gc,heap        ] GC(62) DefNew: 628567K(629120K)->19226K(629120K) Eden: 559232K(559232K)->0K(559232K) From: 69335K(69888K)->19226K(69888K)
[77.570s][info][gc,heap        ] GC(62) Tenured: 928772K(1398144K)->997524K(1398144K)
[77.570s][info][gc,metaspace   ] GC(62) Metaspace: 110306K(121408K)->110306K(121408K) NonClass: 95059K(101952K)->95059K(101952K) Class: 15246K(19456K)->15246K(19456K)
[77.570s][info][gc             ] GC(62) Pause Young (Allocation Failure) 1520M->992M(1979M) 21.868ms
[77.570s][info][gc,cpu         ] GC(62) User=0.02s Sys=0.00s Real=0.01s
[77.618s][info][gc,start       ] GC(63) Pause Young (Allocation Failure)
[77.642s][info][gc,heap        ] GC(63) DefNew: 578458K(629120K)->66655K(629120K) Eden: 559232K(559232K)->0K(559232K) From: 19226K(69888K)->66655K(69888K)
[77.642s][info][gc,heap        ] GC(63) Tenured: 997524K(1398144K)->1022524K(1398144K)
[77.642s][info][gc,metaspace   ] GC(63) Metaspace: 110306K(121408K)->110306K(121408K) NonClass: 95059K(101952K)->95059K(101952K) Class: 15246K(19456K)->15246K(19456K)
[77.642s][info][gc             ] GC(63) Pause Young (Allocation Failure) 1539M->1063M(1979M) 24.015ms
[77.642s][info][gc,cpu         ] GC(63) User=0.02s Sys=0.00s Real=0.02s
[77.698s][info][gc,start       ] GC(64) Pause Young (Allocation Failure)
[77.751s][info][gc,heap        ] GC(64) DefNew: 625887K(629120K)->68507K(629120K) Eden: 559232K(559232K)->0K(559232K) From: 66655K(69888K)->68507K(69888K)
[77.751s][info][gc,heap        ] GC(64) Tenured: 1022524K(1398144K)->1171662K(1398144K)
[77.751s][info][gc,metaspace   ] GC(64) Metaspace: 110306K(121408K)->110306K(121408K) NonClass: 95059K(101952K)->95059K(101952K) Class: 15246K(19456K)->15246K(19456K)
[77.751s][info][gc             ] GC(64) Pause Young (Allocation Failure) 1609M->1211M(1979M) 52.979ms
[77.751s][info][gc,cpu         ] GC(64) User=0.05s Sys=0.00s Real=0.05s
[77.808s][info][gc,start       ] GC(65) Pause Young (Allocation Failure)
[77.852s][info][gc,heap        ] GC(65) DefNew: 627739K(629120K)->69608K(629120K) Eden: 559232K(559232K)->0K(559232K) From: 68507K(69888K)->69608K(69888K)
[77.852s][info][gc,heap        ] GC(65) Tenured: 1171662K(1398144K)->1261120K(1398144K)
[77.852s][info][gc,metaspace   ] GC(65) Metaspace: 110308K(121408K)->110308K(121408K) NonClass: 95060K(101952K)->95060K(101952K) Class: 15247K(19456K)->15247K(19456K)
[77.852s][info][gc             ] GC(65) Pause Young (Allocation Failure) 1757M->1299M(1979M) 44.201ms
[77.852s][info][gc,cpu         ] GC(65) User=0.03s Sys=0.00s Real=0.03s
[77.900s][info][gc,start       ] GC(66) Pause Young (Allocation Failure)
[77.900s][info][gc             ] GC(66) Pause Young (Allocation Failure) 1845M->1845M(1979M) 0.136ms
[77.900s][info][gc,cpu         ] GC(66) User=0.00s Sys=0.00s Real=0.00s
[77.900s][info][gc,start       ] GC(67) Pause Full (Allocation Failure)
[77.900s][info][gc,phases,start] GC(67) Phase 1: Mark live objects
[77.949s][info][gc,phases      ] GC(67) Phase 1: Mark live objects 48.868ms
[77.949s][info][gc,phases,start] GC(67) Phase 2: Compute new object addresses
[78.094s][info][gc,phases      ] GC(67) Phase 2: Compute new object addresses 144.683ms
[78.094s][info][gc,phases,start] GC(67) Phase 3: Adjust pointers
[78.121s][info][gc,phases      ] GC(67) Phase 3: Adjust pointers 27.357ms
[78.121s][info][gc,phases,start] GC(67) Phase 4: Move objects
[78.300s][info][gc,phases      ] GC(67) Phase 4: Move objects 178.951ms
[78.301s][info][gc,heap        ] GC(67) DefNew: 628840K(629120K)->0K(629120K) Eden: 559232K(559232K)->0K(559232K) From: 69608K(69888K)->0K(69888K)
[78.301s][info][gc,heap        ] GC(67) Tenured: 1261120K(1398144K)->943992K(1398144K)
[78.301s][info][gc,metaspace   ] GC(67) Metaspace: 110310K(121408K)->110310K(121408K) NonClass: 95061K(101952K)->95061K(101952K) Class: 15249K(19456K)->15249K(19456K)
[78.301s][info][gc             ] GC(67) Pause Full (Allocation Failure) 1845M->921M(1979M) 401.008ms
[78.301s][info][gc,cpu         ] GC(67) User=0.39s Sys=0.00s Real=0.40s
[78.346s][info][gc,start       ] GC(68) Pause Young (Allocation Failure)
[78.372s][info][gc,heap        ] GC(68) DefNew: 559232K(629120K)->69888K(629120K) Eden: 559232K(559232K)->0K(559232K) From: 0K(69888K)->69888K(69888K)
[78.372s][info][gc,heap        ] GC(68) Tenured: 943992K(1398144K)->976908K(1398144K)
[78.372s][info][gc,metaspace   ] GC(68) Metaspace: 110310K(121408K)->110310K(121408K) NonClass: 95061K(101952K)->95061K(101952K) Class: 15249K(19456K)->15249K(19456K)
[78.372s][info][gc             ] GC(68) Pause Young (Allocation Failure) 1467M->1022M(1979M) 26.601ms
[78.372s][info][gc,cpu         ] GC(68) User=0.02s Sys=0.00s Real=0.02s
[78.424s][info][gc,start       ] GC(69) Pause Young (Allocation Failure)
[78.475s][info][gc,heap        ] GC(69) DefNew: 629120K(629120K)->69873K(629120K) Eden: 559232K(559232K)->0K(559232K) From: 69888K(69888K)->69873K(69888K)
[78.475s][info][gc,heap        ] GC(69) Tenured: 976908K(1398144K)->1113421K(1398144K)
[78.475s][info][gc,metaspace   ] GC(69) Metaspace: 110315K(121408K)->110315K(121408K) NonClass: 95065K(101952K)->95065K(101952K) Class: 15249K(19456K)->15249K(19456K)
[78.475s][info][gc             ] GC(69) Pause Young (Allocation Failure) 1568M->1155M(1979M) 50.884ms
[78.475s][info][gc,cpu         ] GC(69) User=0.05s Sys=0.00s Real=0.05s
[78.517s][info][gc,start       ] GC(70) Pause Young (Allocation Failure)
[78.547s][info][gc,heap        ] GC(70) DefNew: 629105K(629120K)->64297K(629120K) Eden: 559232K(559232K)->0K(559232K) From: 69873K(69888K)->64297K(69888K)
[78.547s][info][gc,heap        ] GC(70) Tenured: 1113421K(1398144K)->1182581K(1398144K)
[78.547s][info][gc,metaspace   ] GC(70) Metaspace: 110315K(121408K)->110315K(121408K) NonClass: 95065K(101952K)->95065K(101952K) Class: 15249K(19456K)->15249K(19456K)
[78.547s][info][gc             ] GC(70) Pause Young (Allocation Failure) 1701M->1217M(1979M) 30.417ms
[78.547s][info][gc,cpu         ] GC(70) User=0.03s Sys=0.00s Real=0.02s
[78.603s][info][gc,start       ] GC(71) Pause Young (Allocation Failure)
[78.633s][info][gc,heap        ] GC(71) DefNew: 623529K(629120K)->55885K(629120K) Eden: 559232K(559232K)->0K(559232K) From: 64297K(69888K)->55885K(69888K)
[78.633s][info][gc,heap        ] GC(71) Tenured: 1182581K(1398144K)->1237094K(1398144K)
[78.633s][info][gc,metaspace   ] GC(71) Metaspace: 110315K(121408K)->110315K(121408K) NonClass: 95065K(101952K)->95065K(101952K) Class: 15249K(19456K)->15249K(19456K)
[78.633s][info][gc             ] GC(71) Pause Young (Allocation Failure) 1763M->1262M(1979M) 29.981ms
[78.633s][info][gc,cpu         ] GC(71) User=0.02s Sys=0.00s Real=0.01s
[78.673s][info][gc,start       ] GC(72) Pause Young (Allocation Failure)
[78.694s][info][gc,heap        ] GC(72) DefNew: 615117K(629120K)->36860K(629120K) Eden: 559232K(559232K)->0K(559232K) From: 55885K(69888K)->36860K(69888K)
[78.694s][info][gc,heap        ] GC(72) Tenured: 1237094K(1398144K)->1282171K(1398144K)
[78.694s][info][gc,metaspace   ] GC(72) Metaspace: 110315K(121408K)->110315K(121408K) NonClass: 95065K(101952K)->95065K(101952K) Class: 15249K(19456K)->15249K(19456K)
[78.694s][info][gc             ] GC(72) Pause Young (Allocation Failure) 1808M->1288M(1979M) 21.448ms
[78.694s][info][gc,cpu         ] GC(72) User=0.02s Sys=0.00s Real=0.02s
[78.733s][info][gc,start       ] GC(73) Pause Young (Allocation Failure)
[78.733s][info][gc             ] GC(73) Pause Young (Allocation Failure) 1834M->1834M(1979M) 0.123ms
[78.733s][info][gc,cpu         ] GC(73) User=0.00s Sys=0.00s Real=0.00s
[78.733s][info][gc,start       ] GC(74) Pause Full (Allocation Failure)
[78.733s][info][gc,phases,start] GC(74) Phase 1: Mark live objects
[78.779s][info][gc,phases      ] GC(74) Phase 1: Mark live objects 45.911ms
[78.779s][info][gc,phases,start] GC(74) Phase 2: Compute new object addresses
[78.956s][info][gc,phases      ] GC(74) Phase 2: Compute new object addresses 176.447ms
[78.956s][info][gc,phases,start] GC(74) Phase 3: Adjust pointers
[78.983s][info][gc,phases      ] GC(74) Phase 3: Adjust pointers 27.562ms
[78.983s][info][gc,phases,start] GC(74) Phase 4: Move objects
[79.052s][info][gc,phases      ] GC(74) Phase 4: Move objects 68.586ms
[79.053s][info][gc,heap        ] GC(74) DefNew: 596092K(629120K)->0K(629120K) Eden: 559232K(559232K)->0K(559232K) From: 36860K(69888K)->0K(69888K)
[79.053s][info][gc,heap        ] GC(74) Tenured: 1282171K(1398144K)->968697K(1398144K)
[79.053s][info][gc,metaspace   ] GC(74) Metaspace: 110315K(121408K)->110315K(121408K) NonClass: 95065K(101952K)->95065K(101952K) Class: 15249K(19456K)->15249K(19456K)
[79.053s][info][gc             ] GC(74) Pause Full (Allocation Failure) 1834M->945M(1979M) 319.507ms
[79.053s][info][gc,cpu         ] GC(74) User=0.31s Sys=0.00s Real=0.31s
[79.092s][info][gc,start       ] GC(75) Pause Young (Allocation Failure)
[79.102s][info][gc,heap        ] GC(75) DefNew: 559232K(629120K)->31768K(629120K) Eden: 559232K(559232K)->0K(559232K) From: 0K(69888K)->31768K(69888K)
[79.102s][info][gc,heap        ] GC(75) Tenured: 968697K(1398144K)->968697K(1398144K)
[79.102s][info][gc,metaspace   ] GC(75) Metaspace: 110315K(121408K)->110315K(121408K) NonClass: 95065K(101952K)->95065K(101952K) Class: 15249K(19456K)->15249K(19456K)
[79.102s][info][gc             ] GC(75) Pause Young (Allocation Failure) 1492M->977M(1979M) 10.140ms
[79.102s][info][gc,cpu         ] GC(75) User=0.02s Sys=0.00s Real=0.02s
[79.149s][info][gc,start       ] GC(76) Pause Young (Allocation Failure)
[79.179s][info][gc,heap        ] GC(76) DefNew: 591000K(629120K)->67699K(629120K) Eden: 559232K(559232K)->0K(559232K) From: 31768K(69888K)->67699K(69888K)
[79.179s][info][gc,heap        ] GC(76) Tenured: 968697K(1398144K)->1021823K(1398144K)
[79.179s][info][gc,metaspace   ] GC(76) Metaspace: 110315K(121408K)->110315K(121408K) NonClass: 95065K(101952K)->95065K(101952K) Class: 15249K(19456K)->15249K(19456K)
[79.179s][info][gc             ] GC(76) Pause Young (Allocation Failure) 1523M->1063M(1979M) 30.008ms
[79.179s][info][gc,cpu         ] GC(76) User=0.02s Sys=0.00s Real=0.01s
[79.219s][info][gc,start       ] GC(77) Pause Young (Allocation Failure)
[79.248s][info][gc,heap        ] GC(77) DefNew: 626931K(629120K)->47389K(629120K) Eden: 559232K(559232K)->0K(559232K) From: 67699K(69888K)->47389K(69888K)
[79.248s][info][gc,heap        ] GC(77) Tenured: 1021823K(1398144K)->1089074K(1398144K)
[79.248s][info][gc,metaspace   ] GC(77) Metaspace: 110315K(121408K)->110315K(121408K) NonClass: 95065K(101952K)->95065K(101952K) Class: 15249K(19456K)->15249K(19456K)
[79.248s][info][gc             ] GC(77) Pause Young (Allocation Failure) 1610M->1109M(1979M) 28.899ms
[79.248s][info][gc,cpu         ] GC(77) User=0.03s Sys=0.00s Real=0.03s
[79.288s][info][gc,start       ] GC(78) Pause Young (Allocation Failure)
[79.307s][info][gc,heap        ] GC(78) DefNew: 606621K(629120K)->25525K(629120K) Eden: 559232K(559232K)->0K(559232K) From: 47389K(69888K)->25525K(69888K)
[79.307s][info][gc,heap        ] GC(78) Tenured: 1089074K(1398144K)->1135950K(1398144K)
[79.307s][info][gc,metaspace   ] GC(78) Metaspace: 110315K(121408K)->110315K(121408K) NonClass: 95065K(101952K)->95065K(101952K) Class: 15249K(19456K)->15249K(19456K)
[79.307s][info][gc             ] GC(78) Pause Young (Allocation Failure) 1655M->1134M(1979M) 19.066ms
[79.307s][info][gc,cpu         ] GC(78) User=0.03s Sys=0.00s Real=0.03s
[79.347s][info][gc,start       ] GC(79) Pause Young (Allocation Failure)
[79.361s][info][gc,heap        ] GC(79) DefNew: 584757K(629120K)->51304K(629120K) Eden: 559232K(559232K)->0K(559232K) From: 25525K(69888K)->51304K(69888K)
[79.361s][info][gc,heap        ] GC(79) Tenured: 1135950K(1398144K)->1135950K(1398144K)
[79.361s][info][gc,metaspace   ] GC(79) Metaspace: 110315K(121408K)->110315K(121408K) NonClass: 95065K(101952K)->95065K(101952K) Class: 15249K(19456K)->15249K(19456K)
[79.361s][info][gc             ] GC(79) Pause Young (Allocation Failure) 1680M->1159M(1979M) 14.248ms
[79.361s][info][gc,cpu         ] GC(79) User=0.02s Sys=0.00s Real=0.01s
[79.414s][info][gc,start       ] GC(80) Pause Young (Allocation Failure)
[79.449s][info][gc,heap        ] GC(80) DefNew: 610536K(629120K)->69406K(629120K) Eden: 559232K(559232K)->0K(559232K) From: 51304K(69888K)->69406K(69888K)
[79.449s][info][gc,heap        ] GC(80) Tenured: 1135950K(1398144K)->1207978K(1398144K)
[79.449s][info][gc,metaspace   ] GC(80) Metaspace: 110315K(121408K)->110315K(121408K) NonClass: 95065K(101952K)->95065K(101952K) Class: 15249K(19456K)->15249K(19456K)
[79.449s][info][gc             ] GC(80) Pause Young (Allocation Failure) 1705M->1247M(1979M) 35.431ms
[79.449s][info][gc,cpu         ] GC(80) User=0.03s Sys=0.00s Real=0.03s
[79.498s][info][gc,start       ] GC(81) Pause Young (Allocation Failure)
[79.557s][info][gc,heap        ] GC(81) DefNew: 628638K(629120K)->69888K(629120K) Eden: 559232K(559232K)->0K(559232K) From: 69406K(69888K)->69888K(69888K)
[79.557s][info][gc,heap        ] GC(81) Tenured: 1207978K(1398144K)->1333384K(1398144K)
[79.557s][info][gc,metaspace   ] GC(81) Metaspace: 110315K(121408K)->110315K(121408K) NonClass: 95065K(101952K)->95065K(101952K) Class: 15249K(19456K)->15249K(19456K)
[79.557s][info][gc             ] GC(81) Pause Young (Allocation Failure) 1793M->1370M(1979M) 59.869ms
[79.557s][info][gc,cpu         ] GC(81) User=0.05s Sys=0.00s Real=0.05s
[79.607s][info][gc,start       ] GC(82) Pause Young (Allocation Failure)
[79.630s][info][gc             ] GC(82) Pause Young (Allocation Failure) 1916M->1916M(1979M) 23.519ms
[79.630s][info][gc,cpu         ] GC(82) User=0.00s Sys=0.00s Real=0.02s
[79.630s][info][gc,start       ] GC(83) Pause Full (Allocation Failure)
[79.631s][info][gc,phases,start] GC(83) Phase 1: Mark live objects
[79.693s][info][gc,phases      ] GC(83) Phase 1: Mark live objects 62.816ms
[79.693s][info][gc,phases,start] GC(83) Phase 2: Compute new object addresses
[79.825s][info][gc,phases      ] GC(83) Phase 2: Compute new object addresses 131.782ms
[79.825s][info][gc,phases,start] GC(83) Phase 3: Adjust pointers
[79.847s][info][gc,phases      ] GC(83) Phase 3: Adjust pointers 21.316ms
[79.847s][info][gc,phases,start] GC(83) Phase 4: Move objects
[79.911s][info][gc,phases      ] GC(83) Phase 4: Move objects 64.418ms
[79.912s][info][gc,heap        ] GC(83) DefNew: 629120K(629120K)->0K(629120K) Eden: 559232K(559232K)->0K(559232K) From: 69888K(69888K)->0K(69888K)
[79.912s][info][gc,heap        ] GC(83) Tenured: 1333384K(1398144K)->1166479K(1398144K)
[79.912s][info][gc,metaspace   ] GC(83) Metaspace: 110315K(121408K)->110315K(121408K) NonClass: 95065K(101952K)->95065K(101952K) Class: 15249K(19456K)->15249K(19456K)
[79.912s][info][gc             ] GC(83) Pause Full (Allocation Failure) 1916M->1139M(1979M) 281.947ms
[79.912s][info][gc,cpu         ] GC(83) User=0.28s Sys=0.00s Real=0.28s
[79.962s][info][gc,start       ] GC(84) Pause Young (Allocation Failure)
[79.979s][info][gc,heap        ] GC(84) DefNew: 559232K(629120K)->55720K(629120K) Eden: 559232K(559232K)->0K(559232K) From: 0K(69888K)->55720K(69888K)
[79.979s][info][gc,heap        ] GC(84) Tenured: 1166479K(1398144K)->1166479K(1398144K)
[79.979s][info][gc,metaspace   ] GC(84) Metaspace: 110315K(121408K)->110315K(121408K) NonClass: 95065K(101952K)->95065K(101952K) Class: 15249K(19456K)->15249K(19456K)
[79.979s][info][gc             ] GC(84) Pause Young (Allocation Failure) 1685M->1193M(1979M) 16.969ms
[79.979s][info][gc,cpu         ] GC(84) User=0.02s Sys=0.00s Real=0.01s
[80.034s][info][gc,start       ] GC(85) Pause Young (Allocation Failure)
[80.065s][info][gc,heap        ] GC(85) DefNew: 614952K(629120K)->58551K(629120K) Eden: 559232K(559232K)->0K(559232K) From: 55720K(69888K)->58551K(69888K)
[80.065s][info][gc,heap        ] GC(85) Tenured: 1166479K(1398144K)->1218629K(1398144K)
[80.065s][info][gc,metaspace   ] GC(85) Metaspace: 110316K(121408K)->110316K(121408K) NonClass: 95066K(101952K)->95066K(101952K) Class: 15249K(19456K)->15249K(19456K)
[80.065s][info][gc             ] GC(85) Pause Young (Allocation Failure) 1739M->1247M(1979M) 30.818ms
[80.065s][info][gc,cpu         ] GC(85) User=0.02s Sys=0.00s Real=0.01s
[80.112s][info][gc,start       ] GC(86) Pause Young (Allocation Failure)
[80.157s][info][gc,heap        ] GC(86) DefNew: 617783K(629120K)->69877K(629120K) Eden: 559232K(559232K)->0K(559232K) From: 58551K(69888K)->69877K(69888K)
[80.157s][info][gc,heap        ] GC(86) Tenured: 1218629K(1398144K)->1328872K(1398144K)
[80.157s][info][gc,metaspace   ] GC(86) Metaspace: 110317K(121408K)->110317K(121408K) NonClass: 95066K(101952K)->95066K(101952K) Class: 15250K(19456K)->15250K(19456K)
[80.157s][info][gc             ] GC(86) Pause Young (Allocation Failure) 1793M->1365M(1979M) 44.816ms
[80.157s][info][gc,cpu         ] GC(86) User=0.03s Sys=0.00s Real=0.03s
[80.211s][info][gc,start       ] GC(87) Pause Young (Allocation Failure)
[80.211s][info][gc             ] GC(87) Pause Young (Allocation Failure) 1912M->1912M(1979M) 0.128ms
[80.211s][info][gc,cpu         ] GC(87) User=0.00s Sys=0.00s Real=0.00s
[80.211s][info][gc,start       ] GC(88) Pause Full (Allocation Failure)
[80.211s][info][gc,phases,start] GC(88) Phase 1: Mark live objects
[80.250s][info][gc,phases      ] GC(88) Phase 1: Mark live objects 38.785ms
[80.250s][info][gc,phases,start] GC(88) Phase 2: Compute new object addresses
[80.392s][info][gc,phases      ] GC(88) Phase 2: Compute new object addresses 141.931ms
[80.392s][info][gc,phases,start] GC(88) Phase 3: Adjust pointers
[80.414s][info][gc,phases      ] GC(88) Phase 3: Adjust pointers 22.590ms
[80.414s][info][gc,phases,start] GC(88) Phase 4: Move objects
[80.476s][info][gc,phases      ] GC(88) Phase 4: Move objects 61.624ms
[80.477s][info][gc,heap        ] GC(88) DefNew: 629109K(629120K)->0K(629120K) Eden: 559232K(559232K)->0K(559232K) From: 69877K(69888K)->0K(69888K)
[80.477s][info][gc,heap        ] GC(88) Tenured: 1328872K(1398144K)->1189780K(1398144K)
[80.477s][info][gc,metaspace   ] GC(88) Metaspace: 110317K(121408K)->110317K(121408K) NonClass: 95066K(101952K)->95066K(101952K) Class: 15250K(19456K)->15250K(19456K)
[80.477s][info][gc             ] GC(88) Pause Full (Allocation Failure) 1912M->1161M(1979M) 266.065ms
[80.477s][info][gc,cpu         ] GC(88) User=0.27s Sys=0.00s Real=0.27s
[80.516s][info][gc,start       ] GC(89) Pause Young (Allocation Failure)
[80.529s][info][gc,heap        ] GC(89) DefNew: 559232K(629120K)->42042K(629120K) Eden: 559232K(559232K)->0K(559232K) From: 0K(69888K)->42042K(69888K)
[80.529s][info][gc,heap        ] GC(89) Tenured: 1189780K(1398144K)->1189780K(1398144K)
[80.529s][info][gc,metaspace   ] GC(89) Metaspace: 110317K(121408K)->110317K(121408K) NonClass: 95066K(101952K)->95066K(101952K) Class: 15250K(19456K)->15250K(19456K)
[80.529s][info][gc             ] GC(89) Pause Young (Allocation Failure) 1708M->1202M(1979M) 13.235ms
[80.529s][info][gc,cpu         ] GC(89) User=0.00s Sys=0.00s Real=0.00s
[80.569s][info][gc,start       ] GC(90) Pause Young (Allocation Failure)
[80.587s][info][gc,heap        ] GC(90) DefNew: 601274K(629120K)->33780K(629120K) Eden: 559232K(559232K)->0K(559232K) From: 42042K(69888K)->33780K(69888K)
[80.587s][info][gc,heap        ] GC(90) Tenured: 1189780K(1398144K)->1225265K(1398144K)
[80.587s][info][gc,metaspace   ] GC(90) Metaspace: 110317K(121408K)->110317K(121408K) NonClass: 95066K(101952K)->95066K(101952K) Class: 15250K(19456K)->15250K(19456K)
[80.588s][info][gc             ] GC(90) Pause Young (Allocation Failure) 1749M->1229M(1979M) 18.794ms
[80.588s][info][gc,cpu         ] GC(90) User=0.02s Sys=0.00s Real=0.02s
[80.694s][info][gc,start       ] GC(91) Pause Young (Allocation Failure)
[80.713s][info][gc,heap        ] GC(91) DefNew: 593012K(629120K)->69705K(629120K) Eden: 559232K(559232K)->0K(559232K) From: 33780K(69888K)->69705K(69888K)
[80.713s][info][gc,heap        ] GC(91) Tenured: 1225265K(1398144K)->1225265K(1398144K)
[80.713s][info][gc,metaspace   ] GC(91) Metaspace: 110416K(121408K)->110416K(121408K) NonClass: 95141K(101952K)->95141K(101952K) Class: 15275K(19456K)->15275K(19456K)
[80.713s][info][gc             ] GC(91) Pause Young (Allocation Failure) 1775M->1264M(1979M) 19.490ms
[80.713s][info][gc,cpu         ] GC(91) User=0.05s Sys=0.00s Real=0.03s
[80.758s][info][gc,start       ] GC(92) Pause Young (Allocation Failure)
[80.785s][info][gc,heap        ] GC(92) DefNew: 628937K(629120K)->41877K(629120K) Eden: 559232K(559232K)->0K(559232K) From: 69705K(69888K)->41877K(69888K)
[80.785s][info][gc,heap        ] GC(92) Tenured: 1225265K(1398144K)->1291028K(1398144K)
[80.785s][info][gc,metaspace   ] GC(92) Metaspace: 110425K(121408K)->110425K(121408K) NonClass: 95147K(101952K)->95147K(101952K) Class: 15278K(19456K)->15278K(19456K)
[80.785s][info][gc             ] GC(92) Pause Young (Allocation Failure) 1810M->1301M(1979M) 27.648ms
[80.785s][info][gc,cpu         ] GC(92) User=0.03s Sys=0.00s Real=0.03s
[80.830s][info][gc,start       ] GC(93) Pause Young (Allocation Failure)
[80.830s][info][gc             ] GC(93) Pause Young (Allocation Failure) 1847M->1847M(1979M) 0.129ms
[80.830s][info][gc,cpu         ] GC(93) User=0.00s Sys=0.00s Real=0.00s
[80.830s][info][gc,start       ] GC(94) Pause Full (Allocation Failure)
[80.830s][info][gc,phases,start] GC(94) Phase 1: Mark live objects
[80.868s][info][gc,phases      ] GC(94) Phase 1: Mark live objects 38.047ms
[80.868s][info][gc,phases,start] GC(94) Phase 2: Compute new object addresses
[81.010s][info][gc,phases      ] GC(94) Phase 2: Compute new object addresses 141.301ms
[81.010s][info][gc,phases,start] GC(94) Phase 3: Adjust pointers
[81.033s][info][gc,phases      ] GC(94) Phase 3: Adjust pointers 22.847ms
[81.033s][info][gc,phases,start] GC(94) Phase 4: Move objects
[81.265s][info][gc,phases      ] GC(94) Phase 4: Move objects 232.715ms
[81.266s][info][gc,heap        ] GC(94) DefNew: 601109K(629120K)->0K(629120K) Eden: 559232K(559232K)->0K(559232K) From: 41877K(69888K)->0K(69888K)
[81.266s][info][gc,heap        ] GC(94) Tenured: 1291028K(1398144K)->1214814K(1398144K)
[81.266s][info][gc,metaspace   ] GC(94) Metaspace: 110430K(121408K)->110430K(121408K) NonClass: 95150K(101952K)->95150K(101952K) Class: 15280K(19456K)->15280K(19456K)
[81.266s][info][gc             ] GC(94) Pause Full (Allocation Failure) 1847M->1186M(1979M) 436.039ms
[81.266s][info][gc,cpu         ] GC(94) User=0.47s Sys=0.00s Real=0.45s
[81.309s][info][gc,start       ] GC(95) Pause Young (Allocation Failure)
[81.323s][info][gc,heap        ] GC(95) DefNew: 559232K(629120K)->50518K(629120K) Eden: 559232K(559232K)->0K(559232K) From: 0K(69888K)->50518K(69888K)
[81.323s][info][gc,heap        ] GC(95) Tenured: 1214814K(1398144K)->1214814K(1398144K)
[81.323s][info][gc,metaspace   ] GC(95) Metaspace: 110432K(121408K)->110432K(121408K) NonClass: 95152K(101952K)->95152K(101952K) Class: 15280K(19456K)->15280K(19456K)
[81.324s][info][gc             ] GC(95) Pause Young (Allocation Failure) 1732M->1235M(1979M) 14.688ms
[81.324s][info][gc,cpu         ] GC(95) User=0.03s Sys=0.00s Real=0.02s
[81.366s][info][gc,start       ] GC(96) Pause Young (Allocation Failure)
[81.390s][info][gc,heap        ] GC(96) DefNew: 609750K(629120K)->40912K(629120K) Eden: 559232K(559232K)->0K(559232K) From: 50518K(69888K)->40912K(69888K)
[81.390s][info][gc,heap        ] GC(96) Tenured: 1214814K(1398144K)->1264874K(1398144K)
[81.390s][info][gc,metaspace   ] GC(96) Metaspace: 110432K(121408K)->110432K(121408K) NonClass: 95152K(101952K)->95152K(101952K) Class: 15280K(19456K)->15280K(19456K)
[81.390s][info][gc             ] GC(96) Pause Young (Allocation Failure) 1781M->1275M(1979M) 24.168ms
[81.390s][info][gc,cpu         ] GC(96) User=0.02s Sys=0.00s Real=0.02s
[81.439s][info][gc,start       ] GC(97) Pause Young (Allocation Failure)
[81.465s][info][gc,heap        ] GC(97) DefNew: 600144K(629120K)->60909K(629120K) Eden: 559232K(559232K)->0K(559232K) From: 40912K(69888K)->60909K(69888K)
[81.465s][info][gc,heap        ] GC(97) Tenured: 1264874K(1398144K)->1305321K(1398144K)
[81.465s][info][gc,metaspace   ] GC(97) Metaspace: 110436K(121408K)->110436K(121408K) NonClass: 95156K(101952K)->95156K(101952K) Class: 15280K(19456K)->15280K(19456K)
[81.465s][info][gc             ] GC(97) Pause Young (Allocation Failure) 1821M->1334M(1979M) 26.787ms
[81.466s][info][gc,cpu         ] GC(97) User=0.02s Sys=0.00s Real=0.02s
[81.516s][info][gc,start       ] GC(98) Pause Young (Allocation Failure)
[81.516s][info][gc             ] GC(98) Pause Young (Allocation Failure) 1880M->1880M(1979M) 0.129ms
[81.516s][info][gc,cpu         ] GC(98) User=0.00s Sys=0.00s Real=0.00s
[81.516s][info][gc,start       ] GC(99) Pause Full (Allocation Failure)
[81.516s][info][gc,phases,start] GC(99) Phase 1: Mark live objects
[81.554s][info][gc,phases      ] GC(99) Phase 1: Mark live objects 38.435ms
[81.554s][info][gc,phases,start] GC(99) Phase 2: Compute new object addresses
[81.696s][info][gc,phases      ] GC(99) Phase 2: Compute new object addresses 141.572ms
[81.696s][info][gc,phases,start] GC(99) Phase 3: Adjust pointers
[81.718s][info][gc,phases      ] GC(99) Phase 3: Adjust pointers 21.785ms
[81.718s][info][gc,phases,start] GC(99) Phase 4: Move objects
[81.761s][info][gc,phases      ] GC(99) Phase 4: Move objects 42.909ms
[81.762s][info][gc,heap        ] GC(99) DefNew: 620141K(629120K)->0K(629120K) Eden: 559232K(559232K)->0K(559232K) From: 60909K(69888K)->0K(69888K)
[81.762s][info][gc,heap        ] GC(99) Tenured: 1305321K(1398144K)->1301496K(1398144K)
[81.762s][info][gc,metaspace   ] GC(99) Metaspace: 110436K(121408K)->110436K(121408K) NonClass: 95156K(101952K)->95156K(101952K) Class: 15280K(19456K)->15280K(19456K)
[81.762s][info][gc             ] GC(99) Pause Full (Allocation Failure) 1880M->1270M(1979M) 245.704ms
[81.762s][info][gc,cpu         ] GC(99) User=0.25s Sys=0.00s Real=0.24s
[81.809s][info][gc,start       ] GC(100) Pause Young (Allocation Failure)
[81.809s][info][gc             ] GC(100) Pause Young (Allocation Failure) 1817M->1817M(1979M) 0.130ms
[81.809s][info][gc,cpu         ] GC(100) User=0.00s Sys=0.00s Real=0.00s
[81.809s][info][gc,start       ] GC(101) Pause Full (Allocation Failure)
[81.809s][info][gc,phases,start] GC(101) Phase 1: Mark live objects
[81.848s][info][gc,phases      ] GC(101) Phase 1: Mark live objects 39.219ms
[81.848s][info][gc,phases,start] GC(101) Phase 2: Compute new object addresses
[81.979s][info][gc,phases      ] GC(101) Phase 2: Compute new object addresses 130.151ms
[81.979s][info][gc,phases,start] GC(101) Phase 3: Adjust pointers
[82.000s][info][gc,phases      ] GC(101) Phase 3: Adjust pointers 21.247ms
[82.000s][info][gc,phases,start] GC(101) Phase 4: Move objects
[82.057s][info][gc,phases      ] GC(101) Phase 4: Move objects 57.519ms
[82.058s][info][gc,heap        ] GC(101) DefNew: 559232K(629120K)->0K(629120K) Eden: 559232K(559232K)->0K(559232K) From: 0K(69888K)->0K(69888K)
[82.058s][info][gc,heap        ] GC(101) Tenured: 1301496K(1398144K)->1313899K(1398144K)
[82.058s][info][gc,metaspace   ] GC(101) Metaspace: 110443K(121408K)->110443K(121408K) NonClass: 95163K(101952K)->95163K(101952K) Class: 15280K(19456K)->15280K(19456K)
[82.058s][info][gc             ] GC(101) Pause Full (Allocation Failure) 1817M->1283M(1979M) 249.201ms
[82.058s][info][gc,cpu         ] GC(101) User=0.23s Sys=0.00s Real=0.24s
[82.106s][info][gc,start       ] GC(102) Pause Young (Allocation Failure)
[82.106s][info][gc             ] GC(102) Pause Young (Allocation Failure) 1829M->1829M(1979M) 0.126ms
[82.106s][info][gc,cpu         ] GC(102) User=0.00s Sys=0.00s Real=0.00s
[82.106s][info][gc,start       ] GC(103) Pause Full (Allocation Failure)
[82.106s][info][gc,phases,start] GC(103) Phase 1: Mark live objects
[82.146s][info][gc,phases      ] GC(103) Phase 1: Mark live objects 39.834ms
[82.146s][info][gc,phases,start] GC(103) Phase 2: Compute new object addresses
[82.283s][info][gc,phases      ] GC(103) Phase 2: Compute new object addresses 136.487ms
[82.283s][info][gc,phases,start] GC(103) Phase 3: Adjust pointers
[82.304s][info][gc,phases      ] GC(103) Phase 3: Adjust pointers 21.910ms
[82.305s][info][gc,phases,start] GC(103) Phase 4: Move objects
[82.353s][info][gc,phases      ] GC(103) Phase 4: Move objects 48.831ms
[82.354s][info][gc,heap        ] GC(103) DefNew: 559232K(629120K)->3836K(629120K) Eden: 559232K(559232K)->3836K(559232K) From: 0K(69888K)->0K(69888K)
[82.354s][info][gc,heap        ] GC(103) Tenured: 1313899K(1398144K)->1397937K(1398144K)
[82.354s][info][gc,metaspace   ] GC(103) Metaspace: 110451K(121408K)->110451K(121408K) NonClass: 95171K(101952K)->95171K(101952K) Class: 15280K(19456K)->15280K(19456K)
[82.354s][info][gc             ] GC(103) Pause Full (Allocation Failure) 1829M->1368M(1979M) 248.119ms
[82.354s][info][gc,cpu         ] GC(103) User=0.20s Sys=0.03s Real=0.24s
[88.606s][info][gc,start       ] GC(104) Pause Full (Allocation Failure)
[88.606s][info][gc,phases,start] GC(104) Phase 1: Mark live objects
[88.648s][info][gc,phases      ] GC(104) Phase 1: Mark live objects 42.576ms
[88.648s][info][gc,phases,start] GC(104) Phase 2: Compute new object addresses
[88.813s][info][gc,phases      ] GC(104) Phase 2: Compute new object addresses 164.261ms
[88.813s][info][gc,phases,start] GC(104) Phase 3: Adjust pointers
[88.841s][info][gc,phases      ] GC(104) Phase 3: Adjust pointers 28.827ms
[88.841s][info][gc,phases,start] GC(104) Phase 4: Move objects
[89.080s][info][gc,phases      ] GC(104) Phase 4: Move objects 238.258ms
[89.081s][info][gc,heap        ] GC(104) DefNew: 629119K(629120K)->0K(629120K) Eden: 559232K(559232K)->0K(559232K) From: 69887K(69888K)->0K(69888K)
[89.081s][info][gc,heap        ] GC(104) Tenured: 1398144K(1398144K)->1307588K(1398144K)
[89.081s][info][gc,metaspace   ] GC(104) Metaspace: 110586K(121408K)->110586K(121408K) NonClass: 95288K(101952K)->95288K(101952K) Class: 15297K(19456K)->15297K(19456K)
[89.081s][info][gc             ] GC(104) Pause Full (Allocation Failure) 1979M->1276M(1979M) 475.248ms
[89.081s][info][gc,cpu         ] GC(104) User=0.47s Sys=0.00s Real=0.48s
[89.128s][info][gc,start       ] GC(105) Pause Young (Allocation Failure)
[89.128s][info][gc             ] GC(105) Pause Young (Allocation Failure) 1823M->1823M(1979M) 0.135ms
[89.128s][info][gc,cpu         ] GC(105) User=0.00s Sys=0.00s Real=0.00s
[89.128s][info][gc,start       ] GC(106) Pause Full (Allocation Failure)
[89.128s][info][gc,phases,start] GC(106) Phase 1: Mark live objects
[89.169s][info][gc,phases      ] GC(106) Phase 1: Mark live objects 40.894ms
[89.169s][info][gc,phases,start] GC(106) Phase 2: Compute new object addresses
[89.310s][info][gc,phases      ] GC(106) Phase 2: Compute new object addresses 140.806ms
[89.310s][info][gc,phases,start] GC(106) Phase 3: Adjust pointers
[89.333s][info][gc,phases      ] GC(106) Phase 3: Adjust pointers 22.377ms
[89.333s][info][gc,phases,start] GC(106) Phase 4: Move objects
[89.350s][info][gc,phases      ] GC(106) Phase 4: Move objects 17.111ms
[89.351s][info][gc,heap        ] GC(106) DefNew: 559232K(629120K)->0K(629120K) Eden: 559232K(559232K)->0K(559232K) From: 0K(69888K)->0K(69888K)
[89.351s][info][gc,heap        ] GC(106) Tenured: 1307588K(1398144K)->1378933K(1398144K)
[89.351s][info][gc,metaspace   ] GC(106) Metaspace: 110591K(121408K)->110591K(121408K) NonClass: 95294K(101952K)->95294K(101952K) Class: 15297K(19456K)->15297K(19456K)
[89.351s][info][gc             ] GC(106) Pause Full (Allocation Failure) 1823M->1346M(1979M) 222.189ms
[89.351s][info][gc,cpu         ] GC(106) User=0.22s Sys=0.00s Real=0.22s
[89.407s][info][gc,start       ] GC(107) Pause Young (Allocation Failure)
[89.407s][info][gc             ] GC(107) Pause Young (Allocation Failure) 1892M->1892M(1979M) 0.142ms
[89.407s][info][gc,cpu         ] GC(107) User=0.00s Sys=0.00s Real=0.00s
[89.407s][info][gc,start       ] GC(108) Pause Full (Allocation Failure)
[89.407s][info][gc,phases,start] GC(108) Phase 1: Mark live objects
[89.457s][info][gc,phases      ] GC(108) Phase 1: Mark live objects 50.198ms
[89.457s][info][gc,phases,start] GC(108) Phase 2: Compute new object addresses
[89.591s][info][gc,phases      ] GC(108) Phase 2: Compute new object addresses 134.353ms
[89.591s][info][gc,phases,start] GC(108) Phase 3: Adjust pointers
[89.614s][info][gc,phases      ] GC(108) Phase 3: Adjust pointers 23.032ms
[89.614s][info][gc,phases,start] GC(108) Phase 4: Move objects
[89.667s][info][gc,phases      ] GC(108) Phase 4: Move objects 52.987ms
[89.668s][info][gc,heap        ] GC(108) DefNew: 559232K(629120K)->0K(629120K) Eden: 559232K(559232K)->0K(559232K) From: 0K(69888K)->0K(69888K)
[89.668s][info][gc,heap        ] GC(108) Tenured: 1378933K(1398144K)->1398039K(1398144K)
[89.668s][info][gc,metaspace   ] GC(108) Metaspace: 110594K(121408K)->110594K(121408K) NonClass: 95297K(101952K)->95297K(101952K) Class: 15297K(19456K)->15297K(19456K)
[89.668s][info][gc             ] GC(108) Pause Full (Allocation Failure) 1892M->1365M(1979M) 261.689ms
[89.668s][info][gc,cpu         ] GC(108) User=0.25s Sys=0.00s Real=0.25s
[89.716s][info][gc,start       ] GC(109) Pause Young (Allocation Failure)
[89.716s][info][gc             ] GC(109) Pause Young (Allocation Failure) 1911M->1911M(1979M) 0.132ms
[89.716s][info][gc,cpu         ] GC(109) User=0.00s Sys=0.00s Real=0.00s
[89.716s][info][gc,start       ] GC(110) Pause Full (Allocation Failure)
[89.716s][info][gc,phases,start] GC(110) Phase 1: Mark live objects
[89.756s][info][gc,phases      ] GC(110) Phase 1: Mark live objects 39.648ms
[89.756s][info][gc,phases,start] GC(110) Phase 2: Compute new object addresses
[89.887s][info][gc,phases      ] GC(110) Phase 2: Compute new object addresses 131.322ms
[89.887s][info][gc,phases,start] GC(110) Phase 3: Adjust pointers
[89.910s][info][gc,phases      ] GC(110) Phase 3: Adjust pointers 22.786ms
[89.910s][info][gc,phases,start] GC(110) Phase 4: Move objects
[89.964s][info][gc,phases      ] GC(110) Phase 4: Move objects 54.050ms
[89.965s][info][gc,heap        ] GC(110) DefNew: 559232K(629120K)->0K(629120K) Eden: 559232K(559232K)->0K(559232K) From: 0K(69888K)->0K(69888K)
[89.965s][info][gc,heap        ] GC(110) Tenured: 1398039K(1398144K)->1396765K(1398144K)
[89.965s][info][gc,metaspace   ] GC(110) Metaspace: 110608K(121408K)->110608K(121408K) NonClass: 95310K(101952K)->95310K(101952K) Class: 15298K(19456K)->15298K(19456K)
[89.965s][info][gc             ] GC(110) Pause Full (Allocation Failure) 1911M->1364M(1979M) 248.950ms
[89.965s][info][gc,cpu         ] GC(110) User=0.23s Sys=0.00s Real=0.23s
[90.007s][info][gc,start       ] GC(111) Pause Young (Allocation Failure)
[90.007s][info][gc             ] GC(111) Pause Young (Allocation Failure) 1910M->1910M(1979M) 0.123ms
[90.007s][info][gc,cpu         ] GC(111) User=0.00s Sys=0.00s Real=0.00s
[90.007s][info][gc,start       ] GC(112) Pause Full (Allocation Failure)
[90.007s][info][gc,phases,start] GC(112) Phase 1: Mark live objects
[90.048s][info][gc,phases      ] GC(112) Phase 1: Mark live objects 40.378ms
[90.048s][info][gc,phases,start] GC(112) Phase 2: Compute new object addresses
[90.209s][info][gc,phases      ] GC(112) Phase 2: Compute new object addresses 160.977ms
[90.209s][info][gc,phases,start] GC(112) Phase 3: Adjust pointers
[90.234s][info][gc,phases      ] GC(112) Phase 3: Adjust pointers 25.578ms
[90.234s][info][gc,phases,start] GC(112) Phase 4: Move objects
[90.463s][info][gc,phases      ] GC(112) Phase 4: Move objects 228.412ms
[90.464s][info][gc,heap        ] GC(112) DefNew: 559232K(629120K)->0K(629120K) Eden: 559232K(559232K)->0K(559232K) From: 0K(69888K)->0K(69888K)
[90.464s][info][gc,heap        ] GC(112) Tenured: 1396765K(1398144K)->1309391K(1398144K)
[90.464s][info][gc,metaspace   ] GC(112) Metaspace: 110615K(121408K)->110615K(121408K) NonClass: 95317K(101952K)->95317K(101952K) Class: 15298K(19456K)->15298K(19456K)
[90.464s][info][gc             ] GC(112) Pause Full (Allocation Failure) 1910M->1278M(1979M) 456.562ms
[90.464s][info][gc,cpu         ] GC(112) User=0.45s Sys=0.00s Real=0.45s
[90.504s][info][gc,start       ] GC(113) Pause Young (Allocation Failure)
[90.515s][info][gc,heap        ] GC(113) DefNew: 559232K(629120K)->29099K(629120K) Eden: 559232K(559232K)->0K(559232K) From: 0K(69888K)->29099K(69888K)
[90.515s][info][gc,heap        ] GC(113) Tenured: 1309391K(1398144K)->1309391K(1398144K)
[90.515s][info][gc,metaspace   ] GC(113) Metaspace: 110617K(121408K)->110617K(121408K) NonClass: 95319K(101952K)->95319K(101952K) Class: 15298K(19456K)->15298K(19456K)
[90.515s][info][gc             ] GC(113) Pause Young (Allocation Failure) 1824M->1307M(1979M) 10.834ms
[90.515s][info][gc,cpu         ] GC(113) User=0.02s Sys=0.00s Real=0.02s
[90.557s][info][gc,start       ] GC(114) Pause Young (Allocation Failure)
[90.582s][info][gc,heap        ] GC(114) DefNew: 588331K(629120K)->69273K(629120K) Eden: 559232K(559232K)->0K(559232K) From: 29099K(69888K)->69273K(69888K)
[90.582s][info][gc,heap        ] GC(114) Tenured: 1309391K(1398144K)->1334391K(1398144K)
[90.582s][info][gc,metaspace   ] GC(114) Metaspace: 110618K(121408K)->110618K(121408K) NonClass: 95320K(101952K)->95320K(101952K) Class: 15298K(19456K)->15298K(19456K)
[90.582s][info][gc             ] GC(114) Pause Young (Allocation Failure) 1853M->1370M(1979M) 24.920ms
[90.582s][info][gc,cpu         ] GC(114) User=0.02s Sys=0.00s Real=0.02s
[90.624s][info][gc,start       ] GC(115) Pause Young (Allocation Failure)
[90.624s][info][gc             ] GC(115) Pause Young (Allocation Failure) 1916M->1916M(1979M) 0.133ms
[90.624s][info][gc,cpu         ] GC(115) User=0.00s Sys=0.00s Real=0.00s
[90.624s][info][gc,start       ] GC(116) Pause Full (Allocation Failure)
[90.624s][info][gc,phases,start] GC(116) Phase 1: Mark live objects
[90.675s][info][gc,phases      ] GC(116) Phase 1: Mark live objects 50.701ms
[90.675s][info][gc,phases,start] GC(116) Phase 2: Compute new object addresses
[90.836s][info][gc,phases      ] GC(116) Phase 2: Compute new object addresses 160.911ms
[90.836s][info][gc,phases,start] GC(116) Phase 3: Adjust pointers
[90.867s][info][gc,phases      ] GC(116) Phase 3: Adjust pointers 31.479ms
[90.867s][info][gc,phases,start] GC(116) Phase 4: Move objects
[90.891s][info][gc,phases      ] GC(116) Phase 4: Move objects 23.612ms
[90.892s][info][gc,heap        ] GC(116) DefNew: 628505K(629120K)->43010K(629120K) Eden: 559232K(559232K)->43010K(559232K) From: 69273K(69888K)->0K(69888K)
[90.892s][info][gc,heap        ] GC(116) Tenured: 1334391K(1398144K)->1397319K(1398144K)
[90.892s][info][gc,metaspace   ] GC(116) Metaspace: 110648K(121408K)->110648K(121408K) NonClass: 95349K(101952K)->95349K(101952K) Class: 15298K(19456K)->15298K(19456K)
[90.892s][info][gc             ] GC(116) Pause Full (Allocation Failure) 1916M->1406M(1979M) 267.746ms
[90.892s][info][gc,cpu         ] GC(116) User=0.27s Sys=0.00s Real=0.27s
[96.721s][info][gc,start       ] GC(117) Pause Full (Allocation Failure)
[96.721s][info][gc,phases,start] GC(117) Phase 1: Mark live objects
[96.777s][info][gc,phases      ] GC(117) Phase 1: Mark live objects 56.275ms
[96.777s][info][gc,phases,start] GC(117) Phase 2: Compute new object addresses
[96.947s][info][gc,phases      ] GC(117) Phase 2: Compute new object addresses 169.901ms
[96.947s][info][gc,phases,start] GC(117) Phase 3: Adjust pointers
[96.980s][info][gc,phases      ] GC(117) Phase 3: Adjust pointers 32.899ms
[96.980s][info][gc,phases,start] GC(117) Phase 4: Move objects
[97.019s][info][gc,phases      ] GC(117) Phase 4: Move objects 38.612ms
[97.020s][info][gc,heap        ] GC(117) DefNew: 629120K(629120K)->62886K(629120K) Eden: 559232K(559232K)->62886K(559232K) From: 69888K(69888K)->0K(69888K)
[97.020s][info][gc,heap        ] GC(117) Tenured: 1398143K(1398144K)->1396042K(1398144K)
[97.020s][info][gc,metaspace   ] GC(117) Metaspace: 111512K(121408K)->111512K(121408K) NonClass: 96064K(101952K)->96064K(101952K) Class: 15448K(19456K)->15448K(19456K)
[97.020s][info][gc             ] GC(117) Pause Full (Allocation Failure) 1979M->1424M(1979M) 299.486ms
[97.020s][info][gc,cpu         ] GC(117) User=0.30s Sys=0.00s Real=0.30s
[101.368s][info][gc,start       ] GC(118) Pause Full (Allocation Failure)
[101.368s][info][gc,phases,start] GC(118) Phase 1: Mark live objects
[101.432s][info][gc,phases      ] GC(118) Phase 1: Mark live objects 63.643ms
[101.432s][info][gc,phases,start] GC(118) Phase 2: Compute new object addresses
[101.598s][info][gc,phases      ] GC(118) Phase 2: Compute new object addresses 165.410ms
[101.598s][info][gc,phases,start] GC(118) Phase 3: Adjust pointers
[101.624s][info][gc,phases      ] GC(118) Phase 3: Adjust pointers 26.738ms
[101.624s][info][gc,phases,start] GC(118) Phase 4: Move objects
[101.663s][info][gc,phases      ] GC(118) Phase 4: Move objects 38.342ms
[101.664s][info][gc,heap        ] GC(118) DefNew: 629119K(629120K)->67052K(629120K) Eden: 559232K(559232K)->67052K(559232K) From: 69887K(69888K)->0K(69888K)
[101.664s][info][gc,heap        ] GC(118) Tenured: 1397527K(1398144K)->1395743K(1398144K)
[101.664s][info][gc,metaspace   ] GC(118) Metaspace: 111772K(121408K)->111754K(121408K) NonClass: 96297K(101952K)->96285K(101952K) Class: 15474K(19456K)->15469K(19456K)
[101.664s][info][gc             ] GC(118) Pause Full (Allocation Failure) 1979M->1428M(1979M) 295.437ms
[101.664s][info][gc,cpu         ] GC(118) User=0.30s Sys=0.00s Real=0.30s
[104.604s][info][gc,start       ] GC(119) Pause Full (Allocation Failure)
[104.604s][info][gc,phases,start] GC(119) Phase 1: Mark live objects
[104.648s][info][gc,phases      ] GC(119) Phase 1: Mark live objects 44.647ms
[104.648s][info][gc,phases,start] GC(119) Phase 2: Compute new object addresses
[104.800s][info][gc,phases      ] GC(119) Phase 2: Compute new object addresses 151.437ms
[104.800s][info][gc,phases,start] GC(119) Phase 3: Adjust pointers
[104.827s][info][gc,phases      ] GC(119) Phase 3: Adjust pointers 27.016ms
[104.827s][info][gc,phases,start] GC(119) Phase 4: Move objects
[105.124s][info][gc,phases      ] GC(119) Phase 4: Move objects 297.240ms
[105.125s][info][gc,heap        ] GC(119) DefNew: 629120K(629120K)->6391K(629120K) Eden: 559232K(559232K)->6391K(559232K) From: 69888K(69888K)->0K(69888K)
[105.125s][info][gc,heap        ] GC(119) Tenured: 1398144K(1398144K)->1392056K(1398144K)
[105.125s][info][gc,metaspace   ] GC(119) Metaspace: 111796K(121408K)->111796K(121408K) NonClass: 96326K(101952K)->96326K(101952K) Class: 15469K(19456K)->15469K(19456K)
[105.125s][info][gc             ] GC(119) Pause Full (Allocation Failure) 1979M->1365M(1979M) 521.716ms
[105.125s][info][gc,cpu         ] GC(119) User=0.52s Sys=0.00s Real=0.52s
[112.519s][info][gc,start       ] GC(120) Pause Full (Allocation Failure)
[112.519s][info][gc,phases,start] GC(120) Phase 1: Mark live objects
[112.563s][info][gc,phases      ] GC(120) Phase 1: Mark live objects 44.190ms
[112.563s][info][gc,phases,start] GC(120) Phase 2: Compute new object addresses
[112.741s][info][gc,phases      ] GC(120) Phase 2: Compute new object addresses 177.817ms
[112.741s][info][gc,phases,start] GC(120) Phase 3: Adjust pointers
[112.768s][info][gc,phases      ] GC(120) Phase 3: Adjust pointers 26.966ms
[112.768s][info][gc,phases,start] GC(120) Phase 4: Move objects
[112.774s][info][gc,phases      ] GC(120) Phase 4: Move objects 5.944ms
[112.775s][info][gc,heap        ] GC(120) DefNew: 629120K(629120K)->32148K(629120K) Eden: 559232K(559232K)->32148K(559232K) From: 69888K(69888K)->0K(69888K)
[112.775s][info][gc,heap        ] GC(120) Tenured: 1398143K(1398144K)->1398143K(1398144K)
[112.775s][info][gc,metaspace   ] GC(120) Metaspace: 111843K(121472K)->111843K(121472K) NonClass: 96373K(102016K)->96373K(102016K) Class: 15469K(19456K)->15469K(19456K)
[112.775s][info][gc             ] GC(120) Pause Full (Allocation Failure) 1979M->1396M(1979M) 255.969ms
[112.775s][info][gc,cpu         ] GC(120) User=0.25s Sys=0.00s Real=0.25s
[119.012s][info][gc,start       ] GC(121) Pause Full (Allocation Failure)
[119.012s][info][gc,phases,start] GC(121) Phase 1: Mark live objects
[119.069s][info][gc,phases      ] GC(121) Phase 1: Mark live objects 56.400ms
[119.069s][info][gc,phases,start] GC(121) Phase 2: Compute new object addresses
[119.243s][info][gc,phases      ] GC(121) Phase 2: Compute new object addresses 174.599ms
[119.244s][info][gc,phases,start] GC(121) Phase 3: Adjust pointers
[119.276s][info][gc,phases      ] GC(121) Phase 3: Adjust pointers 32.730ms
[119.276s][info][gc,phases,start] GC(121) Phase 4: Move objects
[119.291s][info][gc,phases      ] GC(121) Phase 4: Move objects 15.001ms
[119.293s][info][gc,heap        ] GC(121) DefNew: 629119K(629120K)->75320K(629120K) Eden: 559232K(559232K)->75320K(559232K) From: 69887K(69888K)->0K(69888K)
[119.293s][info][gc,heap        ] GC(121) Tenured: 1398143K(1398144K)->1398143K(1398144K)
[119.293s][info][gc,metaspace   ] GC(121) Metaspace: 111981K(121472K)->111981K(121472K) NonClass: 96512K(102016K)->96512K(102016K) Class: 15469K(19456K)->15469K(19456K)
[119.293s][info][gc             ] GC(121) Pause Full (Allocation Failure) 1979M->1438M(1979M) 280.309ms
[119.293s][info][gc,cpu         ] GC(121) User=0.28s Sys=0.00s Real=0.28s
[124.014s][info][gc,start       ] GC(122) Pause Full (Allocation Failure)
[124.014s][info][gc,phases,start] GC(122) Phase 1: Mark live objects
[124.067s][info][gc,phases      ] GC(122) Phase 1: Mark live objects 52.837ms
[124.067s][info][gc,phases,start] GC(122) Phase 2: Compute new object addresses
[124.223s][info][gc,phases      ] GC(122) Phase 2: Compute new object addresses 156.262ms
[124.223s][info][gc,phases,start] GC(122) Phase 3: Adjust pointers
[124.249s][info][gc,phases      ] GC(122) Phase 3: Adjust pointers 26.248ms
[124.249s][info][gc,phases,start] GC(122) Phase 4: Move objects
[124.281s][info][gc,phases      ] GC(122) Phase 4: Move objects 31.314ms
[124.281s][info][gc,heap        ] GC(122) DefNew: 624638K(629120K)->102030K(629120K) Eden: 559232K(559232K)->102030K(559232K) From: 65406K(69888K)->0K(69888K)
[124.281s][info][gc,heap        ] GC(122) Tenured: 1398143K(1398144K)->1392909K(1398144K)
[124.281s][info][gc,metaspace   ] GC(122) Metaspace: 112010K(121472K)->112010K(121472K) NonClass: 96540K(102016K)->96540K(102016K) Class: 15469K(19456K)->15469K(19456K)
[124.281s][info][gc             ] GC(122) Pause Full (Allocation Failure) 1975M->1459M(1979M) 267.748ms
[124.282s][info][gc,cpu         ] GC(122) User=0.27s Sys=0.00s Real=0.26s
[129.177s][info][gc,start       ] GC(123) Pause Full (Allocation Failure)
[129.177s][info][gc,phases,start] GC(123) Phase 1: Mark live objects
[129.222s][info][gc,phases      ] GC(123) Phase 1: Mark live objects 45.318ms
[129.222s][info][gc,phases,start] GC(123) Phase 2: Compute new object addresses
[129.354s][info][gc,phases      ] GC(123) Phase 2: Compute new object addresses 131.579ms
[129.354s][info][gc,phases,start] GC(123) Phase 3: Adjust pointers
[129.380s][info][gc,phases      ] GC(123) Phase 3: Adjust pointers 26.785ms
[129.380s][info][gc,phases,start] GC(123) Phase 4: Move objects
[129.678s][info][gc,phases      ] GC(123) Phase 4: Move objects 297.755ms
[129.679s][info][gc,heap        ] GC(123) DefNew: 629120K(629120K)->52717K(629120K) Eden: 559232K(559232K)->52717K(559232K) From: 69888K(69888K)->0K(69888K)
[129.679s][info][gc,heap        ] GC(123) Tenured: 1398144K(1398144K)->1396712K(1398144K)
[129.679s][info][gc,metaspace   ] GC(123) Metaspace: 112049K(121472K)->112049K(121472K) NonClass: 96580K(102016K)->96580K(102016K) Class: 15469K(19456K)->15469K(19456K)
[129.679s][info][gc             ] GC(123) Pause Full (Allocation Failure) 1979M->1415M(1979M) 502.736ms
[129.679s][info][gc,cpu         ] GC(123) User=0.50s Sys=0.00s Real=0.50s
[133.582s][info][gc,start       ] GC(124) Pause Full (Allocation Failure)
[133.582s][info][gc,phases,start] GC(124) Phase 1: Mark live objects
[133.627s][info][gc,phases      ] GC(124) Phase 1: Mark live objects 44.840ms
[133.627s][info][gc,phases,start] GC(124) Phase 2: Compute new object addresses
[133.780s][info][gc,phases      ] GC(124) Phase 2: Compute new object addresses 153.424ms
[133.793s][info][gc,phases,start] GC(124) Phase 3: Adjust pointers
[133.822s][info][gc,phases      ] GC(124) Phase 3: Adjust pointers 28.894ms
[133.822s][info][gc,phases,start] GC(124) Phase 4: Move objects
[133.853s][info][gc,phases      ] GC(124) Phase 4: Move objects 30.282ms
[133.853s][info][gc,heap        ] GC(124) DefNew: 629119K(629120K)->105804K(629120K) Eden: 559232K(559232K)->105804K(559232K) From: 69887K(69888K)->0K(69888K)
[133.853s][info][gc,heap        ] GC(124) Tenured: 1398144K(1398144K)->1396989K(1398144K)
[133.853s][info][gc,metaspace   ] GC(124) Metaspace: 112081K(121472K)->112081K(121472K) NonClass: 96612K(102016K)->96612K(102016K) Class: 15469K(19456K)->15469K(19456K)
[133.854s][info][gc             ] GC(124) Pause Full (Allocation Failure) 1979M->1467M(1979M) 271.561ms
[133.854s][info][gc,cpu         ] GC(124) User=0.27s Sys=0.00s Real=0.26s
[137.268s][info][gc,start       ] GC(125) Pause Full (Allocation Failure)
[137.268s][info][gc,phases,start] GC(125) Phase 1: Mark live objects
[137.313s][info][gc,phases      ] GC(125) Phase 1: Mark live objects 45.652ms
[137.313s][info][gc,phases,start] GC(125) Phase 2: Compute new object addresses
[137.442s][info][gc,phases      ] GC(125) Phase 2: Compute new object addresses 128.565ms
[137.442s][info][gc,phases,start] GC(125) Phase 3: Adjust pointers
[137.468s][info][gc,phases      ] GC(125) Phase 3: Adjust pointers 25.818ms
[137.468s][info][gc,phases,start] GC(125) Phase 4: Move objects
[137.496s][info][gc,phases      ] GC(125) Phase 4: Move objects 28.206ms
[137.497s][info][gc,heap        ] GC(125) DefNew: 629119K(629120K)->78586K(629120K) Eden: 559232K(559232K)->78586K(559232K) From: 69887K(69888K)->0K(69888K)
[137.497s][info][gc,heap        ] GC(125) Tenured: 1398143K(1398144K)->1397234K(1398144K)
[137.497s][info][gc,metaspace   ] GC(125) Metaspace: 112252K(121472K)->112252K(121472K) NonClass: 96763K(102016K)->96763K(102016K) Class: 15488K(19456K)->15488K(19456K)
[137.497s][info][gc             ] GC(125) Pause Full (Allocation Failure) 1979M->1441M(1979M) 229.322ms
[137.497s][info][gc,cpu         ] GC(125) User=0.22s Sys=0.00s Real=0.22s
[145.055s][info][gc,start       ] GC(126) Pause Full (Allocation Failure)
[145.055s][info][gc,phases,start] GC(126) Phase 1: Mark live objects
[145.100s][info][gc,phases      ] GC(126) Phase 1: Mark live objects 45.200ms
[145.100s][info][gc,phases,start] GC(126) Phase 2: Compute new object addresses
[145.251s][info][gc,phases      ] GC(126) Phase 2: Compute new object addresses 150.687ms
[145.251s][info][gc,phases,start] GC(126) Phase 3: Adjust pointers
[145.277s][info][gc,phases      ] GC(126) Phase 3: Adjust pointers 25.787ms
[145.277s][info][gc,phases,start] GC(126) Phase 4: Move objects
[145.299s][info][gc,phases      ] GC(126) Phase 4: Move objects 22.540ms
[145.300s][info][gc,heap        ] GC(126) DefNew: 629119K(629120K)->71366K(629120K) Eden: 559232K(559232K)->71366K(559232K) From: 69887K(69888K)->0K(69888K)
[145.300s][info][gc,heap        ] GC(126) Tenured: 1398144K(1398144K)->1397464K(1398144K)
[145.300s][info][gc,metaspace   ] GC(126) Metaspace: 112297K(121472K)->112297K(121472K) NonClass: 96808K(102016K)->96808K(102016K) Class: 15488K(19456K)->15488K(19456K)
[145.300s][info][gc             ] GC(126) Pause Full (Allocation Failure) 1979M->1434M(1979M) 245.314ms
[145.300s][info][gc,cpu         ] GC(126) User=0.23s Sys=0.00s Real=0.23s
[152.789s][info][gc,start       ] GC(127) Pause Full (Allocation Failure)
[152.789s][info][gc,phases,start] GC(127) Phase 1: Mark live objects
[152.833s][info][gc,phases      ] GC(127) Phase 1: Mark live objects 44.652ms
[152.833s][info][gc,phases,start] GC(127) Phase 2: Compute new object addresses
[152.988s][info][gc,phases      ] GC(127) Phase 2: Compute new object addresses 154.722ms
[152.988s][info][gc,phases,start] GC(127) Phase 3: Adjust pointers
[153.016s][info][gc,phases      ] GC(127) Phase 3: Adjust pointers 27.657ms
[153.016s][info][gc,phases,start] GC(127) Phase 4: Move objects
[153.304s][info][gc,phases      ] GC(127) Phase 4: Move objects 288.263ms
[153.305s][info][gc,heap        ] GC(127) DefNew: 629119K(629120K)->3934K(629120K) Eden: 559232K(559232K)->3934K(559232K) From: 69887K(69888K)->0K(69888K)
[153.305s][info][gc,heap        ] GC(127) Tenured: 1398144K(1398144K)->1397294K(1398144K)
[153.305s][info][gc,metaspace   ] GC(127) Metaspace: 112329K(121536K)->112329K(121536K) NonClass: 96840K(102080K)->96840K(102080K) Class: 15488K(19456K)->15488K(19456K)
[153.305s][info][gc             ] GC(127) Pause Full (Allocation Failure) 1979M->1368M(1979M) 516.603ms
[153.305s][info][gc,cpu         ] GC(127) User=0.52s Sys=0.00s Real=0.52s
[161.062s][info][gc,start       ] GC(128) Pause Full (Allocation Failure)
[161.062s][info][gc,phases,start] GC(128) Phase 1: Mark live objects
[161.118s][info][gc,phases      ] GC(128) Phase 1: Mark live objects 56.243ms
[161.118s][info][gc,phases,start] GC(128) Phase 2: Compute new object addresses
[161.314s][info][gc,phases      ] GC(128) Phase 2: Compute new object addresses 195.635ms
[161.314s][info][gc,phases,start] GC(128) Phase 3: Adjust pointers
[161.345s][info][gc,phases      ] GC(128) Phase 3: Adjust pointers 31.363ms
[161.345s][info][gc,phases,start] GC(128) Phase 4: Move objects
[161.346s][info][gc,phases      ] GC(128) Phase 4: Move objects 0.111ms
[161.347s][info][gc,heap        ] GC(128) DefNew: 629120K(629120K)->3931K(629120K) Eden: 559232K(559232K)->3931K(559232K) From: 69888K(69888K)->0K(69888K)
[161.347s][info][gc,heap        ] GC(128) Tenured: 1398144K(1398144K)->1398144K(1398144K)
[161.347s][info][gc,metaspace   ] GC(128) Metaspace: 112330K(121536K)->112330K(121536K) NonClass: 96841K(102080K)->96841K(102080K) Class: 15488K(19456K)->15488K(19456K)
[161.347s][info][gc             ] GC(128) Pause Full (Allocation Failure) 1979M->1369M(1979M) 284.897ms
[161.347s][info][gc,cpu         ] GC(128) User=0.27s Sys=0.00s Real=0.27s
[168.872s][info][gc,start       ] GC(129) Pause Full (Allocation Failure)
[168.873s][info][gc,phases,start] GC(129) Phase 1: Mark live objects
[168.926s][info][gc,phases      ] GC(129) Phase 1: Mark live objects 53.078ms
[168.926s][info][gc,phases,start] GC(129) Phase 2: Compute new object addresses
[169.099s][info][gc,phases      ] GC(129) Phase 2: Compute new object addresses 173.447ms
[169.099s][info][gc,phases,start] GC(129) Phase 3: Adjust pointers
[169.126s][info][gc,phases      ] GC(129) Phase 3: Adjust pointers 26.580ms
[169.126s][info][gc,phases,start] GC(129) Phase 4: Move objects
[169.126s][info][gc,phases      ] GC(129) Phase 4: Move objects 0.131ms
[169.127s][info][gc,heap        ] GC(129) DefNew: 629119K(629120K)->4025K(629120K) Eden: 559232K(559232K)->4025K(559232K) From: 69887K(69888K)->0K(69888K)
[169.127s][info][gc,heap        ] GC(129) Tenured: 1398144K(1398144K)->1398144K(1398144K)
[169.127s][info][gc,metaspace   ] GC(129) Metaspace: 112330K(121536K)->112330K(121536K) NonClass: 96841K(102080K)->96841K(102080K) Class: 15488K(19456K)->15488K(19456K)
[169.127s][info][gc             ] GC(129) Pause Full (Allocation Failure) 1979M->1369M(1979M) 254.370ms
[169.127s][info][gc,cpu         ] GC(129) User=0.25s Sys=0.00s Real=0.25s
[176.771s][info][gc,start       ] GC(130) Pause Full (Allocation Failure)
[176.771s][info][gc,phases,start] GC(130) Phase 1: Mark live objects
[176.823s][info][gc,phases      ] GC(130) Phase 1: Mark live objects 52.204ms
[176.826s][info][gc,phases,start] GC(130) Phase 2: Compute new object addresses
[177.012s][info][gc,phases      ] GC(130) Phase 2: Compute new object addresses 185.615ms
[177.012s][info][gc,phases,start] GC(130) Phase 3: Adjust pointers
[177.038s][info][gc,phases      ] GC(130) Phase 3: Adjust pointers 26.091ms
[177.038s][info][gc,phases,start] GC(130) Phase 4: Move objects
[177.038s][info][gc,phases      ] GC(130) Phase 4: Move objects 0.099ms
[177.039s][info][gc,heap        ] GC(130) DefNew: 629119K(629120K)->4034K(629120K) Eden: 559232K(559232K)->4034K(559232K) From: 69887K(69888K)->0K(69888K)
[177.039s][info][gc,heap        ] GC(130) Tenured: 1398144K(1398144K)->1398144K(1398144K)
[177.039s][info][gc,metaspace   ] GC(130) Metaspace: 112337K(121536K)->112337K(121536K) NonClass: 96848K(102080K)->96848K(102080K) Class: 15488K(19456K)->15488K(19456K)
[177.039s][info][gc             ] GC(130) Pause Full (Allocation Failure) 1979M->1369M(1979M) 268.074ms
[177.039s][info][gc,cpu         ] GC(130) User=0.25s Sys=0.00s Real=0.27s
[184.604s][info][gc,start       ] GC(131) Pause Full (Allocation Failure)
[184.604s][info][gc,phases,start] GC(131) Phase 1: Mark live objects
[184.649s][info][gc,phases      ] GC(131) Phase 1: Mark live objects 44.538ms
[184.649s][info][gc,phases,start] GC(131) Phase 2: Compute new object addresses
[184.826s][info][gc,phases      ] GC(131) Phase 2: Compute new object addresses 177.125ms
[184.826s][info][gc,phases,start] GC(131) Phase 3: Adjust pointers
[184.853s][info][gc,phases      ] GC(131) Phase 3: Adjust pointers 27.408ms
[184.853s][info][gc,phases,start] GC(131) Phase 4: Move objects
[185.074s][info][gc,phases      ] GC(131) Phase 4: Move objects 220.749ms
[185.075s][info][gc,heap        ] GC(131) DefNew: 629119K(629120K)->4063K(629120K) Eden: 559232K(559232K)->4063K(559232K) From: 69887K(69888K)->0K(69888K)
[185.075s][info][gc,heap        ] GC(131) Tenured: 1398144K(1398144K)->1397184K(1398144K)
[185.075s][info][gc,metaspace   ] GC(131) Metaspace: 112338K(121536K)->112338K(121536K) NonClass: 96849K(102080K)->96849K(102080K) Class: 15488K(19456K)->15488K(19456K)
[185.075s][info][gc             ] GC(131) Pause Full (Allocation Failure) 1979M->1368M(1979M) 471.033ms
[185.075s][info][gc,cpu         ] GC(131) User=0.45s Sys=0.00s Real=0.46s
[192.689s][info][gc,start       ] GC(132) Pause Full (Allocation Failure)
[192.689s][info][gc,phases,start] GC(132) Phase 1: Mark live objects
[192.734s][info][gc,phases      ] GC(132) Phase 1: Mark live objects 44.565ms
[192.734s][info][gc,phases,start] GC(132) Phase 2: Compute new object addresses
[192.923s][info][gc,phases      ] GC(132) Phase 2: Compute new object addresses 189.934ms
[192.924s][info][gc,phases,start] GC(132) Phase 3: Adjust pointers
[192.950s][info][gc,phases      ] GC(132) Phase 3: Adjust pointers 26.356ms
[192.950s][info][gc,phases,start] GC(132) Phase 4: Move objects
[192.950s][info][gc,phases      ] GC(132) Phase 4: Move objects 0.088ms
[192.951s][info][gc,heap        ] GC(132) DefNew: 629119K(629120K)->3931K(629120K) Eden: 559232K(559232K)->3931K(559232K) From: 69887K(69888K)->0K(69888K)
[192.951s][info][gc,heap        ] GC(132) Tenured: 1398143K(1398144K)->1398143K(1398144K)
[192.951s][info][gc,metaspace   ] GC(132) Metaspace: 112341K(121536K)->112341K(121536K) NonClass: 96853K(102080K)->96853K(102080K) Class: 15488K(19456K)->15488K(19456K)
[192.951s][info][gc             ] GC(132) Pause Full (Allocation Failure) 1979M->1369M(1979M) 261.995ms
[192.951s][info][gc,cpu         ] GC(132) User=0.27s Sys=0.00s Real=0.27s
[200.496s][info][gc,start       ] GC(133) Pause Full (Allocation Failure)
[200.496s][info][gc,phases,start] GC(133) Phase 1: Mark live objects
[200.540s][info][gc,phases      ] GC(133) Phase 1: Mark live objects 44.747ms
[200.540s][info][gc,phases,start] GC(133) Phase 2: Compute new object addresses
[200.714s][info][gc,phases      ] GC(133) Phase 2: Compute new object addresses 173.483ms
[200.714s][info][gc,phases,start] GC(133) Phase 3: Adjust pointers
[200.740s][info][gc,phases      ] GC(133) Phase 3: Adjust pointers 26.010ms
[200.740s][info][gc,phases,start] GC(133) Phase 4: Move objects
[200.740s][info][gc,phases      ] GC(133) Phase 4: Move objects 0.132ms
[200.741s][info][gc,heap        ] GC(133) DefNew: 629119K(629120K)->4074K(629120K) Eden: 559232K(559232K)->4074K(559232K) From: 69887K(69888K)->0K(69888K)
[200.741s][info][gc,heap        ] GC(133) Tenured: 1398143K(1398144K)->1398143K(1398144K)
[200.741s][info][gc,metaspace   ] GC(133) Metaspace: 112343K(121536K)->112343K(121536K) NonClass: 96854K(102080K)->96854K(102080K) Class: 15488K(19456K)->15488K(19456K)
[200.741s][info][gc             ] GC(133) Pause Full (Allocation Failure) 1979M->1369M(1979M) 245.422ms
[200.741s][info][gc,cpu         ] GC(133) User=0.25s Sys=0.00s Real=0.25s
[208.300s][info][gc,start       ] GC(134) Pause Full (Allocation Failure)
[208.300s][info][gc,phases,start] GC(134) Phase 1: Mark live objects
[208.345s][info][gc,phases      ] GC(134) Phase 1: Mark live objects 44.732ms
[208.345s][info][gc,phases,start] GC(134) Phase 2: Compute new object addresses
[208.518s][info][gc,phases      ] GC(134) Phase 2: Compute new object addresses 173.473ms
[208.518s][info][gc,phases,start] GC(134) Phase 3: Adjust pointers
[208.544s][info][gc,phases      ] GC(134) Phase 3: Adjust pointers 25.654ms
[208.544s][info][gc,phases,start] GC(134) Phase 4: Move objects
[208.544s][info][gc,phases      ] GC(134) Phase 4: Move objects 0.127ms
[208.545s][info][gc,heap        ] GC(134) DefNew: 629119K(629120K)->4061K(629120K) Eden: 559232K(559232K)->4061K(559232K) From: 69887K(69888K)->0K(69888K)
[208.545s][info][gc,heap        ] GC(134) Tenured: 1398143K(1398144K)->1398143K(1398144K)
[208.545s][info][gc,metaspace   ] GC(134) Metaspace: 112343K(121536K)->112343K(121536K) NonClass: 96855K(102080K)->96855K(102080K) Class: 15488K(19456K)->15488K(19456K)
[208.545s][info][gc             ] GC(134) Pause Full (Allocation Failure) 1979M->1369M(1979M) 245.039ms
[208.545s][info][gc,cpu         ] GC(134) User=0.25s Sys=0.00s Real=0.24s
[216.137s][info][gc,start       ] GC(135) Pause Full (Allocation Failure)
[216.137s][info][gc,phases,start] GC(135) Phase 1: Mark live objects
[216.192s][info][gc,phases      ] GC(135) Phase 1: Mark live objects 55.629ms
[216.192s][info][gc,phases,start] GC(135) Phase 2: Compute new object addresses
[216.387s][info][gc,phases      ] GC(135) Phase 2: Compute new object addresses 195.103ms
[216.387s][info][gc,phases,start] GC(135) Phase 3: Adjust pointers
[216.422s][info][gc,phases      ] GC(135) Phase 3: Adjust pointers 34.796ms
[216.422s][info][gc,phases,start] GC(135) Phase 4: Move objects
[216.638s][info][gc,phases      ] GC(135) Phase 4: Move objects 215.773ms
[216.639s][info][gc,heap        ] GC(135) DefNew: 629120K(629120K)->4046K(629120K) Eden: 559232K(559232K)->4046K(559232K) From: 69888K(69888K)->0K(69888K)
[216.639s][info][gc,heap        ] GC(135) Tenured: 1398143K(1398144K)->1397184K(1398144K)
[216.639s][info][gc,metaspace   ] GC(135) Metaspace: 112343K(121536K)->112343K(121536K) NonClass: 96855K(102080K)->96855K(102080K) Class: 15488K(19456K)->15488K(19456K)
[216.639s][info][gc             ] GC(135) Pause Full (Allocation Failure) 1979M->1368M(1979M) 502.499ms
[216.639s][info][gc,cpu         ] GC(135) User=0.48s Sys=0.00s Real=0.50s
[224.302s][info][gc,start       ] GC(136) Pause Full (Allocation Failure)
[224.302s][info][gc,phases,start] GC(136) Phase 1: Mark live objects
[224.349s][info][gc,phases      ] GC(136) Phase 1: Mark live objects 47.324ms
[224.349s][info][gc,phases,start] GC(136) Phase 2: Compute new object addresses
[224.523s][info][gc,phases      ] GC(136) Phase 2: Compute new object addresses 174.287ms
[224.523s][info][gc,phases,start] GC(136) Phase 3: Adjust pointers
[224.550s][info][gc,phases      ] GC(136) Phase 3: Adjust pointers 27.002ms
[224.550s][info][gc,phases,start] GC(136) Phase 4: Move objects
[224.551s][info][gc,phases      ] GC(136) Phase 4: Move objects 0.074ms
[224.551s][info][gc,heap        ] GC(136) DefNew: 629119K(629120K)->3930K(629120K) Eden: 559232K(559232K)->3930K(559232K) From: 69887K(69888K)->0K(69888K)
[224.551s][info][gc,heap        ] GC(136) Tenured: 1398143K(1398144K)->1398143K(1398144K)
[224.551s][info][gc,metaspace   ] GC(136) Metaspace: 112344K(121536K)->112344K(121536K) NonClass: 96855K(102080K)->96855K(102080K) Class: 15488K(19456K)->15488K(19456K)
[224.551s][info][gc             ] GC(136) Pause Full (Allocation Failure) 1979M->1369M(1979M) 249.732ms
[224.551s][info][gc,cpu         ] GC(136) User=0.25s Sys=0.00s Real=0.25s
[232.126s][info][gc,start       ] GC(137) Pause Full (Allocation Failure)
[232.126s][info][gc,phases,start] GC(137) Phase 1: Mark live objects
[232.183s][info][gc,phases      ] GC(137) Phase 1: Mark live objects 56.352ms
[232.183s][info][gc,phases,start] GC(137) Phase 2: Compute new object addresses
[232.359s][info][gc,phases      ] GC(137) Phase 2: Compute new object addresses 176.539ms
[232.359s][info][gc,phases,start] GC(137) Phase 3: Adjust pointers
[232.387s][info][gc,phases      ] GC(137) Phase 3: Adjust pointers 27.325ms
[232.387s][info][gc,phases,start] GC(137) Phase 4: Move objects
[232.388s][info][gc,phases      ] GC(137) Phase 4: Move objects 0.708ms
[232.388s][info][gc,heap        ] GC(137) DefNew: 629119K(629120K)->4374K(629120K) Eden: 559232K(559232K)->4374K(559232K) From: 69887K(69888K)->0K(69888K)
[232.388s][info][gc,heap        ] GC(137) Tenured: 1398143K(1398144K)->1398143K(1398144K)
[232.388s][info][gc,metaspace   ] GC(137) Metaspace: 112710K(121536K)->112710K(121536K) NonClass: 97161K(102080K)->97161K(102080K) Class: 15549K(19456K)->15549K(19456K)
[232.388s][info][gc             ] GC(137) Pause Full (Allocation Failure) 1979M->1369M(1979M) 262.010ms
[232.388s][info][gc,cpu         ] GC(137) User=0.27s Sys=0.00s Real=0.27s
[239.803s][info][gc,start       ] GC(138) Pause Full (Allocation Failure)
[239.803s][info][gc,phases,start] GC(138) Phase 1: Mark live objects
[239.861s][info][gc,phases      ] GC(138) Phase 1: Mark live objects 58.411ms
[239.861s][info][gc,phases,start] GC(138) Phase 2: Compute new object addresses
[240.058s][info][gc,phases      ] GC(138) Phase 2: Compute new object addresses 197.331ms
[240.058s][info][gc,phases,start] GC(138) Phase 3: Adjust pointers
[240.091s][info][gc,phases      ] GC(138) Phase 3: Adjust pointers 32.888ms
[240.091s][info][gc,phases,start] GC(138) Phase 4: Move objects
[240.092s][info][gc,phases      ] GC(138) Phase 4: Move objects 0.874ms
[240.094s][info][gc,heap        ] GC(138) DefNew: 629120K(629120K)->4446K(629120K) Eden: 559232K(559232K)->4446K(559232K) From: 69888K(69888K)->0K(69888K)
[240.094s][info][gc,heap        ] GC(138) Tenured: 1398143K(1398144K)->1398143K(1398144K)
[240.094s][info][gc,metaspace   ] GC(138) Metaspace: 113254K(121536K)->113254K(121536K) NonClass: 97596K(102080K)->97596K(102080K) Class: 15657K(19456K)->15657K(19456K)
[240.094s][info][gc             ] GC(138) Pause Full (Allocation Failure) 1979M->1369M(1979M) 291.163ms
[240.094s][info][gc,cpu         ] GC(138) User=0.30s Sys=0.00s Real=0.30s
[247.690s][info][gc,start       ] GC(139) Pause Full (Allocation Failure)
[247.690s][info][gc,phases,start] GC(139) Phase 1: Mark live objects
[247.748s][info][gc,phases      ] GC(139) Phase 1: Mark live objects 57.770ms
[247.748s][info][gc,phases,start] GC(139) Phase 2: Compute new object addresses
[247.943s][info][gc,phases      ] GC(139) Phase 2: Compute new object addresses 195.008ms
[247.943s][info][gc,phases,start] GC(139) Phase 3: Adjust pointers
[247.976s][info][gc,phases      ] GC(139) Phase 3: Adjust pointers 33.628ms
[247.976s][info][gc,phases,start] GC(139) Phase 4: Move objects
[248.246s][info][gc,phases      ] GC(139) Phase 4: Move objects 269.588ms
[248.305s][info][gc,heap        ] GC(139) DefNew: 629119K(629120K)->4425K(629120K) Eden: 559232K(559232K)->4425K(559232K) From: 69887K(69888K)->0K(69888K)
[248.305s][info][gc,heap        ] GC(139) Tenured: 1398143K(1398144K)->1396985K(1398144K)
[248.305s][info][gc,metaspace   ] GC(139) Metaspace: 113254K(121536K)->113254K(121536K) NonClass: 97596K(102080K)->97596K(102080K) Class: 15657K(19456K)->15657K(19456K)
[248.305s][info][gc             ] GC(139) Pause Full (Allocation Failure) 1979M->1368M(1979M) 615.275ms
[248.305s][info][gc,cpu         ] GC(139) User=0.56s Sys=0.00s Real=0.62s
[255.871s][info][gc,start       ] GC(140) Pause Full (Allocation Failure)
[255.871s][info][gc,phases,start] GC(140) Phase 1: Mark live objects
[255.929s][info][gc,phases      ] GC(140) Phase 1: Mark live objects 57.739ms
[255.929s][info][gc,phases,start] GC(140) Phase 2: Compute new object addresses
[256.122s][info][gc,phases      ] GC(140) Phase 2: Compute new object addresses 193.845ms
[256.123s][info][gc,phases,start] GC(140) Phase 3: Adjust pointers
[256.167s][info][gc,phases      ] GC(140) Phase 3: Adjust pointers 44.377ms
[256.167s][info][gc,phases,start] GC(140) Phase 4: Move objects
[256.167s][info][gc,phases      ] GC(140) Phase 4: Move objects 0.225ms
[256.168s][info][gc,heap        ] GC(140) DefNew: 629120K(629120K)->4276K(629120K) Eden: 559232K(559232K)->4276K(559232K) From: 69888K(69888K)->0K(69888K)
[256.168s][info][gc,heap        ] GC(140) Tenured: 1398144K(1398144K)->1398144K(1398144K)
[256.168s][info][gc,metaspace   ] GC(140) Metaspace: 113279K(121600K)->113279K(121600K) NonClass: 97621K(102144K)->97621K(102144K) Class: 15657K(19456K)->15657K(19456K)
[256.168s][info][gc             ] GC(140) Pause Full (Allocation Failure) 1979M->1369M(1979M) 297.557ms
[256.168s][info][gc,cpu         ] GC(140) User=0.31s Sys=0.00s Real=0.30s
[263.764s][info][gc,start       ] GC(141) Pause Full (Allocation Failure)
[263.764s][info][gc,phases,start] GC(141) Phase 1: Mark live objects
[263.822s][info][gc,phases      ] GC(141) Phase 1: Mark live objects 58.309ms
[263.822s][info][gc,phases,start] GC(141) Phase 2: Compute new object addresses
[264.019s][info][gc,phases      ] GC(141) Phase 2: Compute new object addresses 196.509ms
[264.019s][info][gc,phases,start] GC(141) Phase 3: Adjust pointers
[264.051s][info][gc,phases      ] GC(141) Phase 3: Adjust pointers 32.496ms
[264.051s][info][gc,phases,start] GC(141) Phase 4: Move objects
[264.052s][info][gc,phases      ] GC(141) Phase 4: Move objects 0.300ms
[264.053s][info][gc,heap        ] GC(141) DefNew: 629119K(629120K)->4458K(629120K) Eden: 559232K(559232K)->4458K(559232K) From: 69887K(69888K)->0K(69888K)
[264.053s][info][gc,heap        ] GC(141) Tenured: 1398144K(1398144K)->1398144K(1398144K)
[264.053s][info][gc,metaspace   ] GC(141) Metaspace: 113286K(121600K)->113286K(121600K) NonClass: 97628K(102144K)->97628K(102144K) Class: 15657K(19456K)->15657K(19456K)
[264.053s][info][gc             ] GC(141) Pause Full (Allocation Failure) 1979M->1369M(1979M) 289.210ms
[264.053s][info][gc,cpu         ] GC(141) User=0.28s Sys=0.00s Real=0.28s
[271.469s][info][gc,start       ] GC(142) Pause Full (Allocation Failure)
[271.469s][info][gc,phases,start] GC(142) Phase 1: Mark live objects
[271.527s][info][gc,phases      ] GC(142) Phase 1: Mark live objects 57.795ms
[271.527s][info][gc,phases,start] GC(142) Phase 2: Compute new object addresses
[271.722s][info][gc,phases      ] GC(142) Phase 2: Compute new object addresses 194.927ms
[271.722s][info][gc,phases,start] GC(142) Phase 3: Adjust pointers
[271.757s][info][gc,phases      ] GC(142) Phase 3: Adjust pointers 34.972ms
[271.757s][info][gc,phases,start] GC(142) Phase 4: Move objects
[271.757s][info][gc,phases      ] GC(142) Phase 4: Move objects 0.238ms
[271.758s][info][gc,heap        ] GC(142) DefNew: 629119K(629120K)->4464K(629120K) Eden: 559232K(559232K)->4464K(559232K) From: 69887K(69888K)->0K(69888K)
[271.758s][info][gc,heap        ] GC(142) Tenured: 1398144K(1398144K)->1398144K(1398144K)
[271.758s][info][gc,metaspace   ] GC(142) Metaspace: 113300K(121600K)->113300K(121600K) NonClass: 97643K(102144K)->97643K(102144K) Class: 15657K(19456K)->15657K(19456K)
[271.758s][info][gc             ] GC(142) Pause Full (Allocation Failure) 1979M->1369M(1979M) 289.079ms
[271.758s][info][gc,cpu         ] GC(142) User=0.30s Sys=0.00s Real=0.29s
[279.204s][info][gc,start       ] GC(143) Pause Full (Allocation Failure)
[279.204s][info][gc,phases,start] GC(143) Phase 1: Mark live objects
[279.262s][info][gc,phases      ] GC(143) Phase 1: Mark live objects 58.193ms
[279.262s][info][gc,phases,start] GC(143) Phase 2: Compute new object addresses
[279.454s][info][gc,phases      ] GC(143) Phase 2: Compute new object addresses 192.363ms
[279.454s][info][gc,phases,start] GC(143) Phase 3: Adjust pointers
[279.489s][info][gc,phases      ] GC(143) Phase 3: Adjust pointers 34.705ms
[279.489s][info][gc,phases,start] GC(143) Phase 4: Move objects
[279.751s][info][gc,phases      ] GC(143) Phase 4: Move objects 262.184ms
[279.753s][info][gc,heap        ] GC(143) DefNew: 629120K(629120K)->4452K(629120K) Eden: 559232K(559232K)->4452K(559232K) From: 69888K(69888K)->0K(69888K)
[279.753s][info][gc,heap        ] GC(143) Tenured: 1398144K(1398144K)->1396178K(1398144K)
[279.753s][info][gc,metaspace   ] GC(143) Metaspace: 113305K(121600K)->113305K(121600K) NonClass: 97647K(102144K)->97647K(102144K) Class: 15658K(19456K)->15658K(19456K)
[279.753s][info][gc             ] GC(143) Pause Full (Allocation Failure) 1979M->1367M(1979M) 549.085ms
[279.753s][info][gc,cpu         ] GC(143) User=0.55s Sys=0.00s Real=0.55s
[287.318s][info][gc,start       ] GC(144) Pause Full (Allocation Failure)
[287.318s][info][gc,phases,start] GC(144) Phase 1: Mark live objects
[287.375s][info][gc,phases      ] GC(144) Phase 1: Mark live objects 57.683ms
[287.375s][info][gc,phases,start] GC(144) Phase 2: Compute new object addresses
[287.583s][info][gc,phases      ] GC(144) Phase 2: Compute new object addresses 207.900ms
[287.583s][info][gc,phases,start] GC(144) Phase 3: Adjust pointers
[287.618s][info][gc,phases      ] GC(144) Phase 3: Adjust pointers 34.477ms
[287.618s][info][gc,phases,start] GC(144) Phase 4: Move objects
[287.618s][info][gc,phases      ] GC(144) Phase 4: Move objects 0.047ms
[287.619s][info][gc,heap        ] GC(144) DefNew: 629120K(629120K)->4272K(629120K) Eden: 559232K(559232K)->4272K(559232K) From: 69888K(69888K)->0K(69888K)
[287.619s][info][gc,heap        ] GC(144) Tenured: 1398143K(1398144K)->1398143K(1398144K)
[287.619s][info][gc,metaspace   ] GC(144) Metaspace: 113308K(121600K)->113308K(121600K) NonClass: 97649K(102144K)->97649K(102144K) Class: 15658K(19456K)->15658K(19456K)
[287.619s][info][gc             ] GC(144) Pause Full (Allocation Failure) 1979M->1369M(1979M) 301.235ms
[287.619s][info][gc,cpu         ] GC(144) User=0.30s Sys=0.00s Real=0.29s
[294.802s][info][gc,start       ] GC(145) Pause Full (Allocation Failure)
[294.802s][info][gc,phases,start] GC(145) Phase 1: Mark live objects
[294.860s][info][gc,phases      ] GC(145) Phase 1: Mark live objects 57.811ms
[294.860s][info][gc,phases,start] GC(145) Phase 2: Compute new object addresses
[295.054s][info][gc,phases      ] GC(145) Phase 2: Compute new object addresses 194.108ms
[295.054s][info][gc,phases,start] GC(145) Phase 3: Adjust pointers
[295.086s][info][gc,phases      ] GC(145) Phase 3: Adjust pointers 31.954ms
[295.086s][info][gc,phases,start] GC(145) Phase 4: Move objects
[295.086s][info][gc,phases      ] GC(145) Phase 4: Move objects 0.121ms
[295.087s][info][gc,heap        ] GC(145) DefNew: 629119K(629120K)->4424K(629120K) Eden: 559232K(559232K)->4424K(559232K) From: 69887K(69888K)->0K(69888K)
[295.087s][info][gc,heap        ] GC(145) Tenured: 1398143K(1398144K)->1398143K(1398144K)
[295.087s][info][gc,metaspace   ] GC(145) Metaspace: 113322K(121600K)->113322K(121600K) NonClass: 97664K(102144K)->97664K(102144K) Class: 15658K(19456K)->15658K(19456K)
[295.087s][info][gc             ] GC(145) Pause Full (Allocation Failure) 1979M->1369M(1979M) 285.583ms
[295.088s][info][gc,cpu         ] GC(145) User=0.28s Sys=0.00s Real=0.28s
[302.258s][info][gc,start       ] GC(146) Pause Full (Allocation Failure)
[302.258s][info][gc,phases,start] GC(146) Phase 1: Mark live objects
[302.315s][info][gc,phases      ] GC(146) Phase 1: Mark live objects 57.676ms
[302.315s][info][gc,phases,start] GC(146) Phase 2: Compute new object addresses
[302.507s][info][gc,phases      ] GC(146) Phase 2: Compute new object addresses 191.360ms
[302.507s][info][gc,phases,start] GC(146) Phase 3: Adjust pointers
[302.539s][info][gc,phases      ] GC(146) Phase 3: Adjust pointers 32.426ms
[302.539s][info][gc,phases,start] GC(146) Phase 4: Move objects
[302.540s][info][gc,phases      ] GC(146) Phase 4: Move objects 0.324ms
[302.541s][info][gc,heap        ] GC(146) DefNew: 629119K(629120K)->4570K(629120K) Eden: 559232K(559232K)->4570K(559232K) From: 69887K(69888K)->0K(69888K)
[302.541s][info][gc,heap        ] GC(146) Tenured: 1398143K(1398144K)->1398143K(1398144K)
[302.541s][info][gc,metaspace   ] GC(146) Metaspace: 113328K(121600K)->113328K(121600K) NonClass: 97669K(102144K)->97669K(102144K) Class: 15658K(19456K)->15658K(19456K)
[302.541s][info][gc             ] GC(146) Pause Full (Allocation Failure) 1979M->1369M(1979M) 283.589ms
[302.541s][info][gc,cpu         ] GC(146) User=0.30s Sys=0.00s Real=0.30s
[308.806s][info][gc,start       ] GC(147) Pause Full (Allocation Failure)
[308.807s][info][gc,phases,start] GC(147) Phase 1: Mark live objects
[308.873s][info][gc,phases      ] GC(147) Phase 1: Mark live objects 66.693ms
[308.873s][info][gc,phases,start] GC(147) Phase 2: Compute new object addresses
[309.064s][info][gc,phases      ] GC(147) Phase 2: Compute new object addresses 190.908ms
[309.064s][info][gc,phases,start] GC(147) Phase 3: Adjust pointers
[309.097s][info][gc,phases      ] GC(147) Phase 3: Adjust pointers 32.709ms
[309.097s][info][gc,phases,start] GC(147) Phase 4: Move objects
[309.350s][info][gc,phases      ] GC(147) Phase 4: Move objects 252.557ms
[309.351s][info][gc,heap        ] GC(147) DefNew: 629120K(629120K)->4440K(629120K) Eden: 559232K(559232K)->4440K(559232K) From: 69888K(69888K)->0K(69888K)
[309.351s][info][gc,heap        ] GC(147) Tenured: 1398143K(1398144K)->1394414K(1398144K)
[309.351s][info][gc,metaspace   ] GC(147) Metaspace: 113352K(121600K)->113352K(121600K) NonClass: 97694K(102144K)->97694K(102144K) Class: 15658K(19456K)->15658K(19456K)
[309.351s][info][gc             ] GC(147) Pause Full (Allocation Failure) 1979M->1366M(1979M) 544.940ms
[309.351s][info][gc,cpu         ] GC(147) User=0.55s Sys=0.00s Real=0.54s
[312.670s][info][gc,start       ] GC(148) Pause Full (Allocation Failure)
[312.670s][info][gc,phases,start] GC(148) Phase 1: Mark live objects
[312.719s][info][gc,phases      ] GC(148) Phase 1: Mark live objects 48.772ms
[312.719s][info][gc,phases,start] GC(148) Phase 2: Compute new object addresses
[312.896s][info][gc,phases      ] GC(148) Phase 2: Compute new object addresses 177.046ms
[312.896s][info][gc,phases,start] GC(148) Phase 3: Adjust pointers
[312.921s][info][gc,phases      ] GC(148) Phase 3: Adjust pointers 25.203ms
[312.921s][info][gc,phases,start] GC(148) Phase 4: Move objects
[312.921s][info][gc,phases      ] GC(148) Phase 4: Move objects 0.252ms
[312.922s][info][gc,heap        ] GC(148) DefNew: 629120K(629120K)->4361K(629120K) Eden: 559232K(559232K)->4361K(559232K) From: 69888K(69888K)->0K(69888K)
[312.922s][info][gc,heap        ] GC(148) Tenured: 1398144K(1398144K)->1398144K(1398144K)
[312.922s][info][gc,metaspace   ] GC(148) Metaspace: 113376K(121600K)->113376K(121600K) NonClass: 97718K(102144K)->97718K(102144K) Class: 15658K(19456K)->15658K(19456K)
[312.922s][info][gc             ] GC(148) Pause Full (Allocation Failure) 1979M->1369M(1979M) 252.362ms
[312.922s][info][gc,cpu         ] GC(148) User=0.25s Sys=0.00s Real=0.26s
[314.197s][info][gc,start       ] GC(149) Pause Full (System.gc())
[314.197s][info][gc,phases,start] GC(149) Phase 1: Mark live objects
[314.257s][info][gc,phases      ] GC(149) Phase 1: Mark live objects 59.389ms
[314.257s][info][gc,phases,start] GC(149) Phase 2: Compute new object addresses
[314.411s][info][gc,phases      ] GC(149) Phase 2: Compute new object addresses 154.501ms
[314.411s][info][gc,phases,start] GC(149) Phase 3: Adjust pointers
[314.440s][info][gc,phases      ] GC(149) Phase 3: Adjust pointers 28.642ms
[314.440s][info][gc,phases,start] GC(149) Phase 4: Move objects
[314.603s][info][gc,phases      ] GC(149) Phase 4: Move objects 162.671ms
[314.604s][info][gc,heap        ] GC(149) DefNew: 583517K(629120K)->0K(629120K) Eden: 559232K(559232K)->0K(559232K) From: 24285K(69888K)->0K(69888K)
[314.604s][info][gc,heap        ] GC(149) Tenured: 1398144K(1398144K)->1040234K(1398144K)
[314.604s][info][gc,metaspace   ] GC(149) Metaspace: 116368K(121792K)->116368K(121792K) NonClass: 100269K(102336K)->100269K(102336K) Class: 16098K(19456K)->16098K(19456K)
[314.604s][info][gc             ] GC(149) Pause Full (System.gc()) 1935M->1015M(1979M) 406.796ms
[314.604s][info][gc,cpu         ] GC(149) User=0.41s Sys=0.00s Real=0.40s
[314.921s][info][gc,start       ] GC(150) Pause Young (Allocation Failure)
[314.938s][info][gc,heap        ] GC(150) DefNew: 559232K(629120K)->16936K(629120K) Eden: 559232K(559232K)->0K(559232K) From: 0K(69888K)->16936K(69888K)
[314.938s][info][gc,heap        ] GC(150) Tenured: 1040234K(1398144K)->1040234K(1398144K)
[314.938s][info][gc,metaspace   ] GC(150) Metaspace: 116922K(121792K)->116922K(121792K) NonClass: 100742K(102336K)->100742K(102336K) Class: 16180K(19456K)->16180K(19456K)
[314.938s][info][gc             ] GC(150) Pause Young (Allocation Failure) 1561M->1032M(1979M) 17.246ms
[314.938s][info][gc,cpu         ] GC(150) User=0.03s Sys=0.00s Real=0.02s
[314.979s][info][gc,start       ] GC(151) Pause Young (Allocation Failure)
[314.991s][info][gc,heap        ] GC(151) DefNew: 576168K(629120K)->20736K(629120K) Eden: 559232K(559232K)->0K(559232K) From: 16936K(69888K)->20736K(69888K)
[314.991s][info][gc,heap        ] GC(151) Tenured: 1040234K(1398144K)->1040234K(1398144K)
[314.991s][info][gc,metaspace   ] GC(151) Metaspace: 116923K(121792K)->116923K(121792K) NonClass: 100743K(102336K)->100743K(102336K) Class: 16180K(19456K)->16180K(19456K)
[314.991s][info][gc             ] GC(151) Pause Young (Allocation Failure) 1578M->1036M(1979M) 12.344ms
[314.991s][info][gc,cpu         ] GC(151) User=0.06s Sys=0.00s Real=0.02s
[315.030s][info][gc,start       ] GC(152) Pause Young (Allocation Failure)
[315.045s][info][gc,heap        ] GC(152) DefNew: 579968K(629120K)->32025K(629120K) Eden: 559232K(559232K)->0K(559232K) From: 20736K(69888K)->32025K(69888K)
[315.045s][info][gc,heap        ] GC(152) Tenured: 1040234K(1398144K)->1040234K(1398144K)
[315.045s][info][gc,metaspace   ] GC(152) Metaspace: 116923K(121792K)->116923K(121792K) NonClass: 100743K(102336K)->100743K(102336K) Class: 16180K(19456K)->16180K(19456K)
[315.045s][info][gc             ] GC(152) Pause Young (Allocation Failure) 1582M->1047M(1979M) 15.127ms
[315.045s][info][gc,cpu         ] GC(152) User=0.03s Sys=0.00s Real=0.02s
[315.083s][info][gc,start       ] GC(153) Pause Young (Allocation Failure)
[315.099s][info][gc,heap        ] GC(153) DefNew: 591257K(629120K)->39807K(629120K) Eden: 559232K(559232K)->0K(559232K) From: 32025K(69888K)->39807K(69888K)
[315.099s][info][gc,heap        ] GC(153) Tenured: 1040234K(1398144K)->1040234K(1398144K)
[315.099s][info][gc,metaspace   ] GC(153) Metaspace: 116923K(121792K)->116923K(121792K) NonClass: 100743K(102336K)->100743K(102336K) Class: 16180K(19456K)->16180K(19456K)
[315.099s][info][gc             ] GC(153) Pause Young (Allocation Failure) 1593M->1054M(1979M) 16.182ms
[315.099s][info][gc,cpu         ] GC(153) User=0.03s Sys=0.00s Real=0.02s
[315.137s][info][gc,start       ] GC(154) Pause Young (Allocation Failure)
[315.157s][info][gc,heap        ] GC(154) DefNew: 599039K(629120K)->39366K(629120K) Eden: 559232K(559232K)->0K(559232K) From: 39807K(69888K)->39366K(69888K)
[315.157s][info][gc,heap        ] GC(154) Tenured: 1040234K(1398144K)->1050094K(1398144K)
[315.157s][info][gc,metaspace   ] GC(154) Metaspace: 116924K(121792K)->116924K(121792K) NonClass: 100744K(102336K)->100744K(102336K) Class: 16180K(19456K)->16180K(19456K)
[315.157s][info][gc             ] GC(154) Pause Young (Allocation Failure) 1600M->1063M(1979M) 20.011ms
[315.157s][info][gc,cpu         ] GC(154) User=0.00s Sys=0.00s Real=0.01s
[315.195s][info][gc,start       ] GC(155) Pause Young (Allocation Failure)
[315.208s][info][gc,heap        ] GC(155) DefNew: 598598K(629120K)->44033K(629120K) Eden: 559232K(559232K)->0K(559232K) From: 39366K(69888K)->44033K(69888K)
[315.208s][info][gc,heap        ] GC(155) Tenured: 1050094K(1398144K)->1050154K(1398144K)
[315.208s][info][gc,metaspace   ] GC(155) Metaspace: 116924K(121792K)->116924K(121792K) NonClass: 100744K(102336K)->100744K(102336K) Class: 16180K(19456K)->16180K(19456K)
[315.208s][info][gc             ] GC(155) Pause Young (Allocation Failure) 1610M->1068M(1979M) 13.178ms
[315.208s][info][gc,cpu         ] GC(155) User=0.03s Sys=0.00s Real=0.02s
[315.247s][info][gc,start       ] GC(156) Pause Young (Allocation Failure)
[315.260s][info][gc,heap        ] GC(156) DefNew: 603265K(629120K)->40905K(629120K) Eden: 559232K(559232K)->0K(559232K) From: 44033K(69888K)->40905K(69888K)
[315.260s][info][gc,heap        ] GC(156) Tenured: 1050154K(1398144K)->1056404K(1398144K)
[315.260s][info][gc,metaspace   ] GC(156) Metaspace: 116924K(121792K)->116924K(121792K) NonClass: 100744K(102336K)->100744K(102336K) Class: 16180K(19456K)->16180K(19456K)
[315.260s][info][gc             ] GC(156) Pause Young (Allocation Failure) 1614M->1071M(1979M) 13.567ms
[315.261s][info][gc,cpu         ] GC(156) User=0.03s Sys=0.00s Real=0.02s
[315.298s][info][gc,start       ] GC(157) Pause Young (Allocation Failure)
[315.310s][info][gc,heap        ] GC(157) DefNew: 600137K(629120K)->22106K(629120K) Eden: 559232K(559232K)->0K(559232K) From: 40905K(69888K)->22106K(69888K)
[315.310s][info][gc,heap        ] GC(157) Tenured: 1056404K(1398144K)->1075163K(1398144K)
[315.310s][info][gc,metaspace   ] GC(157) Metaspace: 116924K(121792K)->116924K(121792K) NonClass: 100744K(102336K)->100744K(102336K) Class: 16180K(19456K)->16180K(19456K)
[315.310s][info][gc             ] GC(157) Pause Young (Allocation Failure) 1617M->1071M(1979M) 12.006ms
[315.310s][info][gc,cpu         ] GC(157) User=0.03s Sys=0.00s Real=0.01s
[315.349s][info][gc,start       ] GC(158) Pause Young (Allocation Failure)
[315.359s][info][gc,heap        ] GC(158) DefNew: 581338K(629120K)->34644K(629120K) Eden: 559232K(559232K)->0K(559232K) From: 22106K(69888K)->34644K(69888K)
[315.359s][info][gc,heap        ] GC(158) Tenured: 1075163K(1398144K)->1075163K(1398144K)
[315.359s][info][gc,metaspace   ] GC(158) Metaspace: 116924K(121792K)->116924K(121792K) NonClass: 100744K(102336K)->100744K(102336K) Class: 16180K(19456K)->16180K(19456K)
[315.359s][info][gc             ] GC(158) Pause Young (Allocation Failure) 1617M->1083M(1979M) 10.494ms
[315.359s][info][gc,cpu         ] GC(158) User=0.03s Sys=0.00s Real=0.02s
[315.399s][info][gc,start       ] GC(159) Pause Young (Allocation Failure)
[315.417s][info][gc,heap        ] GC(159) DefNew: 593876K(629120K)->65858K(629120K) Eden: 559232K(559232K)->0K(559232K) From: 34644K(69888K)->65858K(69888K)
[315.417s][info][gc,heap        ] GC(159) Tenured: 1075163K(1398144K)->1075163K(1398144K)
[315.417s][info][gc,metaspace   ] GC(159) Metaspace: 116924K(121792K)->116924K(121792K) NonClass: 100744K(102336K)->100744K(102336K) Class: 16180K(19456K)->16180K(19456K)
[315.417s][info][gc             ] GC(159) Pause Young (Allocation Failure) 1629M->1114M(1979M) 18.297ms
[315.417s][info][gc,cpu         ] GC(159) User=0.03s Sys=0.00s Real=0.02s
[315.456s][info][gc,start       ] GC(160) Pause Young (Allocation Failure)
[315.482s][info][gc,heap        ] GC(160) DefNew: 625090K(629120K)->69015K(629120K) Eden: 559232K(559232K)->0K(559232K) From: 65858K(69888K)->69015K(69888K)
[315.482s][info][gc,heap        ] GC(160) Tenured: 1075163K(1398144K)->1106421K(1398144K)
[315.482s][info][gc,metaspace   ] GC(160) Metaspace: 116924K(121792K)->116924K(121792K) NonClass: 100744K(102336K)->100744K(102336K) Class: 16180K(19456K)->16180K(19456K)
[315.482s][info][gc             ] GC(160) Pause Young (Allocation Failure) 1660M->1147M(1979M) 25.873ms
[315.482s][info][gc,cpu         ] GC(160) User=0.03s Sys=0.00s Real=0.02s
[315.521s][info][gc,start       ] GC(161) Pause Young (Allocation Failure)
[315.546s][info][gc,heap        ] GC(161) DefNew: 628247K(629120K)->29436K(629120K) Eden: 559232K(559232K)->0K(559232K) From: 69015K(69888K)->29436K(69888K)
[315.546s][info][gc,heap        ] GC(161) Tenured: 1106421K(1398144K)->1175177K(1398144K)
[315.546s][info][gc,metaspace   ] GC(161) Metaspace: 116924K(121792K)->116924K(121792K) NonClass: 100744K(102336K)->100744K(102336K) Class: 16180K(19456K)->16180K(19456K)
[315.546s][info][gc             ] GC(161) Pause Young (Allocation Failure) 1694M->1176M(1979M) 24.817ms
[315.546s][info][gc,cpu         ] GC(161) User=0.03s Sys=0.00s Real=0.02s
[315.585s][info][gc,start       ] GC(162) Pause Young (Allocation Failure)
[315.600s][info][gc,heap        ] GC(162) DefNew: 588668K(629120K)->50752K(629120K) Eden: 559232K(559232K)->0K(559232K) From: 29436K(69888K)->50752K(69888K)
[315.600s][info][gc,heap        ] GC(162) Tenured: 1175177K(1398144K)->1175177K(1398144K)
[315.600s][info][gc,metaspace   ] GC(162) Metaspace: 116924K(121792K)->116924K(121792K) NonClass: 100744K(102336K)->100744K(102336K) Class: 16180K(19456K)->16180K(19456K)
[315.600s][info][gc             ] GC(162) Pause Young (Allocation Failure) 1722M->1197M(1979M) 14.671ms
[315.600s][info][gc,cpu         ] GC(162) User=0.02s Sys=0.00s Real=0.02s
[315.641s][info][gc,start       ] GC(163) Pause Young (Allocation Failure)
[315.669s][info][gc,heap        ] GC(163) DefNew: 609984K(629120K)->68595K(629120K) Eden: 559232K(559232K)->0K(559232K) From: 50752K(69888K)->68595K(69888K)
[315.669s][info][gc,heap        ] GC(163) Tenured: 1175177K(1398144K)->1208226K(1398144K)
[315.669s][info][gc,metaspace   ] GC(163) Metaspace: 116925K(121792K)->116925K(121792K) NonClass: 100745K(102336K)->100745K(102336K) Class: 16180K(19456K)->16180K(19456K)
[315.669s][info][gc             ] GC(163) Pause Young (Allocation Failure) 1743M->1246M(1979M) 27.552ms
[315.669s][info][gc,cpu         ] GC(163) User=0.02s Sys=0.00s Real=0.02s
[315.709s][info][gc,start       ] GC(164) Pause Young (Allocation Failure)
[315.736s][info][gc,heap        ] GC(164) DefNew: 627827K(629120K)->41395K(629120K) Eden: 559232K(559232K)->0K(559232K) From: 68595K(69888K)->41395K(69888K)
[315.736s][info][gc,heap        ] GC(164) Tenured: 1208226K(1398144K)->1274233K(1398144K)
[315.736s][info][gc,metaspace   ] GC(164) Metaspace: 116925K(121792K)->116925K(121792K) NonClass: 100745K(102336K)->100745K(102336K) Class: 16180K(19456K)->16180K(19456K)
[315.736s][info][gc             ] GC(164) Pause Young (Allocation Failure) 1793M->1284M(1979M) 27.056ms
[315.736s][info][gc,cpu         ] GC(164) User=0.02s Sys=0.00s Real=0.02s
[315.774s][info][gc,start       ] GC(165) Pause Young (Allocation Failure)
[315.788s][info][gc,heap        ] GC(165) DefNew: 600627K(629120K)->13321K(629120K) Eden: 559232K(559232K)->0K(559232K) From: 41395K(69888K)->13321K(69888K)
[315.788s][info][gc,heap        ] GC(165) Tenured: 1274233K(1398144K)->1311485K(1398144K)
[315.788s][info][gc,metaspace   ] GC(165) Metaspace: 116925K(121792K)->116925K(121792K) NonClass: 100745K(102336K)->100745K(102336K) Class: 16180K(19456K)->16180K(19456K)
[315.788s][info][gc             ] GC(165) Pause Young (Allocation Failure) 1830M->1293M(1979M) 14.676ms
[315.789s][info][gc,cpu         ] GC(165) User=0.00s Sys=0.00s Real=0.00s
[315.827s][info][gc,start       ] GC(166) Pause Young (Allocation Failure)
[315.827s][info][gc             ] GC(166) Pause Young (Allocation Failure) 1839M->1839M(1979M) 0.122ms
[315.827s][info][gc,cpu         ] GC(166) User=0.00s Sys=0.00s Real=0.00s
[315.827s][info][gc,start       ] GC(167) Pause Full (Allocation Failure)
[315.827s][info][gc,phases,start] GC(167) Phase 1: Mark live objects
[315.883s][info][gc,phases      ] GC(167) Phase 1: Mark live objects 55.942ms
[315.883s][info][gc,phases,start] GC(167) Phase 2: Compute new object addresses
[316.036s][info][gc,phases      ] GC(167) Phase 2: Compute new object addresses 153.064ms
[316.036s][info][gc,phases,start] GC(167) Phase 3: Adjust pointers
[316.066s][info][gc,phases      ] GC(167) Phase 3: Adjust pointers 30.442ms
[316.066s][info][gc,phases,start] GC(167) Phase 4: Move objects
[316.087s][info][gc,phases      ] GC(167) Phase 4: Move objects 20.919ms
[316.088s][info][gc,heap        ] GC(167) DefNew: 572553K(629120K)->0K(629120K) Eden: 559232K(559232K)->0K(559232K) From: 13321K(69888K)->0K(69888K)
[316.088s][info][gc,heap        ] GC(167) Tenured: 1311485K(1398144K)->1135962K(1398144K)
[316.088s][info][gc,metaspace   ] GC(167) Metaspace: 116925K(121792K)->116925K(121792K) NonClass: 100745K(102336K)->100745K(102336K) Class: 16180K(19456K)->16180K(19456K)
[316.088s][info][gc             ] GC(167) Pause Full (Allocation Failure) 1839M->1109M(1979M) 261.632ms
[316.088s][info][gc,cpu         ] GC(167) User=0.27s Sys=0.00s Real=0.26s
[316.127s][info][gc,start       ] GC(168) Pause Young (Allocation Failure)
[316.133s][info][gc,heap        ] GC(168) DefNew: 559232K(629120K)->8131K(629120K) Eden: 559232K(559232K)->0K(559232K) From: 0K(69888K)->8131K(69888K)
[316.133s][info][gc,heap        ] GC(168) Tenured: 1135962K(1398144K)->1135962K(1398144K)
[316.133s][info][gc,metaspace   ] GC(168) Metaspace: 116948K(121792K)->116948K(121792K) NonClass: 100762K(102336K)->100762K(102336K) Class: 16185K(19456K)->16185K(19456K)
[316.133s][info][gc             ] GC(168) Pause Young (Allocation Failure) 1655M->1117M(1979M) 5.377ms
[316.133s][info][gc,cpu         ] GC(168) User=0.02s Sys=0.00s Real=0.01s
[316.171s][info][gc,start       ] GC(169) Pause Young (Allocation Failure)
[316.181s][info][gc,heap        ] GC(169) DefNew: 567363K(629120K)->28399K(629120K) Eden: 559232K(559232K)->0K(559232K) From: 8131K(69888K)->28399K(69888K)
[316.181s][info][gc,heap        ] GC(169) Tenured: 1135962K(1398144K)->1135962K(1398144K)
[316.181s][info][gc,metaspace   ] GC(169) Metaspace: 116997K(121792K)->116997K(121792K) NonClass: 100806K(102336K)->100806K(102336K) Class: 16190K(19456K)->16190K(19456K)
[316.181s][info][gc             ] GC(169) Pause Young (Allocation Failure) 1663M->1137M(1979M) 9.862ms
[316.181s][info][gc,cpu         ] GC(169) User=0.02s Sys=0.00s Real=0.01s
[316.219s][info][gc,start       ] GC(170) Pause Young (Allocation Failure)
[316.231s][info][gc,heap        ] GC(170) DefNew: 587631K(629120K)->39380K(629120K) Eden: 559232K(559232K)->0K(559232K) From: 28399K(69888K)->39380K(69888K)
[316.231s][info][gc,heap        ] GC(170) Tenured: 1135962K(1398144K)->1135962K(1398144K)
[316.231s][info][gc,metaspace   ] GC(170) Metaspace: 116997K(121792K)->116997K(121792K) NonClass: 100806K(102336K)->100806K(102336K) Class: 16190K(19456K)->16190K(19456K)
[316.231s][info][gc             ] GC(170) Pause Young (Allocation Failure) 1683M->1147M(1979M) 11.889ms
[316.231s][info][gc,cpu         ] GC(170) User=0.02s Sys=0.00s Real=0.02s
[316.269s][info][gc,start       ] GC(171) Pause Young (Allocation Failure)
[316.283s][info][gc,heap        ] GC(171) DefNew: 598612K(629120K)->28384K(629120K) Eden: 559232K(559232K)->0K(559232K) From: 39380K(69888K)->28384K(69888K)
[316.283s][info][gc,heap        ] GC(171) Tenured: 1135962K(1398144K)->1156328K(1398144K)
[316.283s][info][gc,metaspace   ] GC(171) Metaspace: 116997K(121792K)->116997K(121792K) NonClass: 100806K(102336K)->100806K(102336K) Class: 16190K(19456K)->16190K(19456K)
[316.283s][info][gc             ] GC(171) Pause Young (Allocation Failure) 1693M->1156M(1979M) 14.043ms
[316.283s][info][gc,cpu         ] GC(171) User=0.02s Sys=0.00s Real=0.02s
[316.322s][info][gc,start       ] GC(172) Pause Young (Allocation Failure)
[316.332s][info][gc,heap        ] GC(172) DefNew: 587616K(629120K)->34630K(629120K) Eden: 559232K(559232K)->0K(559232K) From: 28384K(69888K)->34630K(69888K)
[316.333s][info][gc,heap        ] GC(172) Tenured: 1156328K(1398144K)->1156328K(1398144K)
[316.333s][info][gc,metaspace   ] GC(172) Metaspace: 116997K(121792K)->116997K(121792K) NonClass: 100806K(102336K)->100806K(102336K) Class: 16190K(19456K)->16190K(19456K)
[316.333s][info][gc             ] GC(172) Pause Young (Allocation Failure) 1703M->1163M(1979M) 10.793ms
[316.333s][info][gc,cpu         ] GC(172) User=0.02s Sys=0.00s Real=0.02s
[316.371s][info][gc,start       ] GC(173) Pause Young (Allocation Failure)
[316.381s][info][gc,heap        ] GC(173) DefNew: 593862K(629120K)->34690K(629120K) Eden: 559232K(559232K)->0K(559232K) From: 34630K(69888K)->34690K(69888K)
[316.381s][info][gc,heap        ] GC(173) Tenured: 1156328K(1398144K)->1156328K(1398144K)
[316.381s][info][gc,metaspace   ] GC(173) Metaspace: 116997K(121792K)->116997K(121792K) NonClass: 100806K(102336K)->100806K(102336K) Class: 16190K(19456K)->16190K(19456K)
[316.381s][info][gc             ] GC(173) Pause Young (Allocation Failure) 1709M->1163M(1979M) 10.461ms
[316.381s][info][gc,cpu         ] GC(173) User=0.02s Sys=0.00s Real=0.02s
[316.424s][info][gc,start       ] GC(174) Pause Young (Allocation Failure)
[316.443s][info][gc,heap        ] GC(174) DefNew: 593922K(629120K)->65876K(629120K) Eden: 559232K(559232K)->0K(559232K) From: 34690K(69888K)->65876K(69888K)
[316.443s][info][gc,heap        ] GC(174) Tenured: 1156328K(1398144K)->1162578K(1398144K)
[316.443s][info][gc,metaspace   ] GC(174) Metaspace: 116997K(121792K)->116997K(121792K) NonClass: 100806K(102336K)->100806K(102336K) Class: 16190K(19456K)->16190K(19456K)
[316.443s][info][gc             ] GC(174) Pause Young (Allocation Failure) 1709M->1199M(1979M) 18.924ms
[316.443s][info][gc,cpu         ] GC(174) User=0.02s Sys=0.00s Real=0.02s
[316.487s][info][gc,start       ] GC(175) Pause Young (Allocation Failure)
[316.513s][info][gc,heap        ] GC(175) DefNew: 625108K(629120K)->44180K(629120K) Eden: 559232K(559232K)->0K(559232K) From: 65876K(69888K)->44180K(69888K)
[316.513s][info][gc,heap        ] GC(175) Tenured: 1162578K(1398144K)->1218841K(1398144K)
[316.513s][info][gc,metaspace   ] GC(175) Metaspace: 116998K(121792K)->116998K(121792K) NonClass: 100807K(102336K)->100807K(102336K) Class: 16190K(19456K)->16190K(19456K)
[316.513s][info][gc             ] GC(175) Pause Young (Allocation Failure) 1745M->1233M(1979M) 26.205ms
[316.513s][info][gc,cpu         ] GC(175) User=0.02s Sys=0.00s Real=0.02s
[316.551s][info][gc,start       ] GC(176) Pause Young (Allocation Failure)
[316.566s][info][gc,heap        ] GC(176) DefNew: 603412K(629120K)->11344K(629120K) Eden: 559232K(559232K)->0K(559232K) From: 44180K(69888K)->11344K(69888K)
[316.566s][info][gc,heap        ] GC(176) Tenured: 1218841K(1398144K)->1262537K(1398144K)
[316.566s][info][gc,metaspace   ] GC(176) Metaspace: 116998K(121792K)->116998K(121792K) NonClass: 100807K(102336K)->100807K(102336K) Class: 16190K(19456K)->16190K(19456K)
[316.566s][info][gc             ] GC(176) Pause Young (Allocation Failure) 1779M->1244M(1979M) 15.341ms
[316.566s][info][gc,cpu         ] GC(176) User=0.02s Sys=0.00s Real=0.01s
[316.610s][info][gc,start       ] GC(177) Pause Young (Allocation Failure)
[316.624s][info][gc,heap        ] GC(177) DefNew: 570576K(629120K)->47315K(629120K) Eden: 559232K(559232K)->0K(559232K) From: 11344K(69888K)->47315K(69888K)
[316.625s][info][gc,heap        ] GC(177) Tenured: 1262537K(1398144K)->1262537K(1398144K)
[316.625s][info][gc,metaspace   ] GC(177) Metaspace: 116998K(121792K)->116998K(121792K) NonClass: 100807K(102336K)->100807K(102336K) Class: 16190K(19456K)->16190K(19456K)
[316.625s][info][gc             ] GC(177) Pause Young (Allocation Failure) 1790M->1279M(1979M) 14.122ms
[316.625s][info][gc,cpu         ] GC(177) User=0.00s Sys=0.00s Real=0.00s
[316.680s][info][gc,start       ] GC(178) Pause Young (Allocation Failure)
[316.710s][info][gc,heap        ] GC(178) DefNew: 606547K(629120K)->50582K(629120K) Eden: 559232K(559232K)->0K(559232K) From: 47315K(69888K)->50582K(69888K)
[316.710s][info][gc,heap        ] GC(178) Tenured: 1262537K(1398144K)->1308846K(1398144K)
[316.710s][info][gc,metaspace   ] GC(178) Metaspace: 116998K(121792K)->116998K(121792K) NonClass: 100807K(102336K)->100807K(102336K) Class: 16190K(19456K)->16190K(19456K)
[316.710s][info][gc             ] GC(178) Pause Young (Allocation Failure) 1825M->1327M(1979M) 29.838ms
[316.710s][info][gc,cpu         ] GC(178) User=0.02s Sys=0.00s Real=0.02s
[316.751s][info][gc,start       ] GC(179) Pause Young (Allocation Failure)
[316.773s][info][gc,heap        ] GC(179) DefNew: 609814K(629120K)->27448K(629120K) Eden: 559232K(559232K)->0K(559232K) From: 50582K(69888K)->27448K(69888K)
[316.773s][info][gc,heap        ] GC(179) Tenured: 1308846K(1398144K)->1357468K(1398144K)
[316.773s][info][gc,metaspace   ] GC(179) Metaspace: 117001K(121792K)->117001K(121792K) NonClass: 100810K(102336K)->100810K(102336K) Class: 16190K(19456K)->16190K(19456K)
[316.773s][info][gc             ] GC(179) Pause Young (Allocation Failure) 1873M->1352M(1979M) 21.785ms
[316.773s][info][gc,cpu         ] GC(179) User=0.02s Sys=0.00s Real=0.02s
[316.813s][info][gc,start       ] GC(180) Pause Young (Allocation Failure)
[316.813s][info][gc             ] GC(180) Pause Young (Allocation Failure) 1898M->1898M(1979M) 0.126ms
[316.813s][info][gc,cpu         ] GC(180) User=0.00s Sys=0.00s Real=0.00s
[316.813s][info][gc,start       ] GC(181) Pause Full (Allocation Failure)
[316.813s][info][gc,phases,start] GC(181) Phase 1: Mark live objects
[316.881s][info][gc,phases      ] GC(181) Phase 1: Mark live objects 67.260ms
[316.881s][info][gc,phases,start] GC(181) Phase 2: Compute new object addresses
[317.044s][info][gc,phases      ] GC(181) Phase 2: Compute new object addresses 163.370ms
[317.044s][info][gc,phases,start] GC(181) Phase 3: Adjust pointers
[317.083s][info][gc,phases      ] GC(181) Phase 3: Adjust pointers 38.762ms
[317.083s][info][gc,phases,start] GC(181) Phase 4: Move objects
[317.305s][info][gc,phases      ] GC(181) Phase 4: Move objects 221.740ms
[317.306s][info][gc,heap        ] GC(181) DefNew: 586680K(629120K)->0K(629120K) Eden: 559232K(559232K)->0K(559232K) From: 27448K(69888K)->0K(69888K)
[317.306s][info][gc,heap        ] GC(181) Tenured: 1357468K(1398144K)->1129828K(1398144K)
[317.306s][info][gc,metaspace   ] GC(181) Metaspace: 117003K(121792K)->117003K(121792K) NonClass: 100812K(102336K)->100812K(102336K) Class: 16190K(19456K)->16190K(19456K)
[317.306s][info][gc             ] GC(181) Pause Full (Allocation Failure) 1898M->1103M(1979M) 492.654ms
[317.306s][info][gc,cpu         ] GC(181) User=0.48s Sys=0.00s Real=0.48s
[317.347s][info][gc,start       ] GC(182) Pause Young (Allocation Failure)
[317.357s][info][gc,heap        ] GC(182) DefNew: 559232K(629120K)->23206K(629120K) Eden: 559232K(559232K)->0K(559232K) From: 0K(69888K)->23206K(69888K)
[317.357s][info][gc,heap        ] GC(182) Tenured: 1129828K(1398144K)->1129828K(1398144K)
[317.357s][info][gc,metaspace   ] GC(182) Metaspace: 117004K(121792K)->117004K(121792K) NonClass: 100813K(102336K)->100813K(102336K) Class: 16190K(19456K)->16190K(19456K)
[317.357s][info][gc             ] GC(182) Pause Young (Allocation Failure) 1649M->1126M(1979M) 10.119ms
[317.357s][info][gc,cpu         ] GC(182) User=0.02s Sys=0.00s Real=0.02s
[317.393s][info][gc,start       ] GC(183) Pause Young (Allocation Failure)
[317.409s][info][gc,heap        ] GC(183) DefNew: 582438K(629120K)->49077K(629120K) Eden: 559232K(559232K)->0K(559232K) From: 23206K(69888K)->49077K(69888K)
[317.409s][info][gc,heap        ] GC(183) Tenured: 1129828K(1398144K)->1129828K(1398144K)
[317.409s][info][gc,metaspace   ] GC(183) Metaspace: 117008K(121792K)->117008K(121792K) NonClass: 100817K(102336K)->100817K(102336K) Class: 16190K(19456K)->16190K(19456K)
[317.409s][info][gc             ] GC(183) Pause Young (Allocation Failure) 1672M->1151M(1979M) 15.610ms
[317.409s][info][gc,cpu         ] GC(183) User=0.02s Sys=0.00s Real=0.02s
[317.447s][info][gc,start       ] GC(184) Pause Young (Allocation Failure)
[317.473s][info][gc,heap        ] GC(184) DefNew: 608309K(629120K)->67381K(629120K) Eden: 559232K(559232K)->0K(559232K) From: 49077K(69888K)->67381K(69888K)
[317.473s][info][gc,heap        ] GC(184) Tenured: 1129828K(1398144K)->1169296K(1398144K)
[317.473s][info][gc,metaspace   ] GC(184) Metaspace: 117019K(121792K)->117019K(121792K) NonClass: 100826K(102336K)->100826K(102336K) Class: 16192K(19456K)->16192K(19456K)
[317.473s][info][gc             ] GC(184) Pause Young (Allocation Failure) 1697M->1207M(1979M) 26.585ms
[317.473s][info][gc,cpu         ] GC(184) User=0.02s Sys=0.00s Real=0.03s
[317.530s][info][gc,start       ] GC(185) Pause Young (Allocation Failure)
[317.557s][info][gc,heap        ] GC(185) DefNew: 626613K(629120K)->69887K(629120K) Eden: 559232K(559232K)->0K(559232K) From: 67381K(69888K)->69887K(69888K)
[317.557s][info][gc,heap        ] GC(185) Tenured: 1169296K(1398144K)->1222115K(1398144K)
[317.557s][info][gc,metaspace   ] GC(185) Metaspace: 117033K(121792K)->117033K(121792K) NonClass: 100840K(102336K)->100840K(102336K) Class: 16192K(19456K)->16192K(19456K)
[317.557s][info][gc             ] GC(185) Pause Young (Allocation Failure) 1753M->1261M(1979M) 26.871ms
[317.557s][info][gc,cpu         ] GC(185) User=0.02s Sys=0.00s Real=0.02s
[317.596s][info][gc,start       ] GC(186) Pause Young (Allocation Failure)
[317.628s][info][gc,heap        ] GC(186) DefNew: 629119K(629120K)->68831K(629120K) Eden: 559232K(559232K)->0K(559232K) From: 69887K(69888K)->68831K(69888K)
[317.628s][info][gc,heap        ] GC(186) Tenured: 1222115K(1398144K)->1281678K(1398144K)
[317.628s][info][gc,metaspace   ] GC(186) Metaspace: 117038K(121792K)->117038K(121792K) NonClass: 100845K(102336K)->100845K(102336K) Class: 16192K(19456K)->16192K(19456K)
[317.628s][info][gc             ] GC(186) Pause Young (Allocation Failure) 1807M->1318M(1979M) 32.722ms
[317.628s][info][gc,cpu         ] GC(186) User=0.03s Sys=0.00s Real=0.03s
[317.662s][info][gc,start       ] GC(187) Pause Young (Allocation Failure)
[317.686s][info][gc,heap        ] GC(187) DefNew: 627496K(629120K)->34554K(629120K) Eden: 558664K(559232K)->0K(559232K) From: 68831K(69888K)->34554K(69888K)
[317.686s][info][gc,heap        ] GC(187) Tenured: 1281678K(1398144K)->1339768K(1398144K)
[317.686s][info][gc,metaspace   ] GC(187) Metaspace: 117045K(121856K)->117045K(121856K) NonClass: 100852K(102400K)->100852K(102400K) Class: 16192K(19456K)->16192K(19456K)
[317.686s][info][gc             ] GC(187) Pause Young (Allocation Failure) 1864M->1342M(1979M) 23.425ms
[317.686s][info][gc,cpu         ] GC(187) User=0.02s Sys=0.00s Real=0.01s
[317.721s][info][gc,start       ] GC(188) Pause Young (Allocation Failure)
[317.721s][info][gc,heap        ] GC(188) DefNew: 593786K(629120K)->593786K(629120K) Eden: 559232K(559232K)->559232K(559232K) From: 34554K(69888K)->34554K(69888K)
[317.721s][info][gc,heap        ] GC(188) Tenured: 1339768K(1398144K)->1339768K(1398144K)
[317.721s][info][gc,metaspace   ] GC(188) Metaspace: 117060K(121856K)->117060K(121856K) NonClass: 100867K(102400K)->100867K(102400K) Class: 16192K(19456K)->16192K(19456K)
[317.721s][info][gc             ] GC(188) Pause Young (Allocation Failure) 1888M->1888M(1979M) 0.175ms
[317.721s][info][gc,cpu         ] GC(188) User=0.00s Sys=0.00s Real=0.00s
[317.721s][info][gc,start       ] GC(189) Pause Full (Allocation Failure)
[317.721s][info][gc,phases,start] GC(189) Phase 1: Mark live objects
[317.800s][info][gc,phases      ] GC(189) Phase 1: Mark live objects 78.274ms
[317.800s][info][gc,phases,start] GC(189) Phase 2: Compute new object addresses
[317.962s][info][gc,phases      ] GC(189) Phase 2: Compute new object addresses 162.397ms
[317.962s][info][gc,phases,start] GC(189) Phase 3: Adjust pointers
[317.992s][info][gc,phases      ] GC(189) Phase 3: Adjust pointers 29.750ms
[317.992s][info][gc,phases,start] GC(189) Phase 4: Move objects
[318.194s][info][gc,phases      ] GC(189) Phase 4: Move objects 202.222ms
[318.196s][info][gc,heap        ] GC(189) DefNew: 593786K(629120K)->0K(629120K) Eden: 559232K(559232K)->0K(559232K) From: 34554K(69888K)->0K(69888K)
[318.196s][info][gc,heap        ] GC(189) Tenured: 1339768K(1398144K)->1213443K(1398144K)
[318.196s][info][gc,metaspace   ] GC(189) Metaspace: 117060K(121856K)->116345K(121856K) NonClass: 100867K(102400K)->100272K(102400K) Class: 16192K(19456K)->16072K(19456K)
[318.196s][info][gc             ] GC(189) Pause Full (Allocation Failure) 1888M->1185M(1979M) 474.992ms
[318.196s][info][gc,cpu         ] GC(189) User=0.48s Sys=0.00s Real=0.48s
[318.244s][info][gc,start       ] GC(190) Pause Young (Allocation Failure)
[318.267s][info][gc,heap        ] GC(190) DefNew: 558261K(629120K)->66375K(629120K) Eden: 558261K(559232K)->0K(559232K) From: 0K(69888K)->66375K(69888K)
[318.267s][info][gc,heap        ] GC(190) Tenured: 1213443K(1398144K)->1213443K(1398144K)
[318.267s][info][gc,metaspace   ] GC(190) Metaspace: 116473K(121856K)->116473K(121856K) NonClass: 100381K(102400K)->100381K(102400K) Class: 16092K(19456K)->16092K(19456K)
[318.267s][info][gc             ] GC(190) Pause Young (Allocation Failure) 1730M->1249M(1979M) 23.434ms
[318.268s][info][gc,cpu         ] GC(190) User=0.02s Sys=0.00s Real=0.02s
[318.307s][info][gc,start       ] GC(191) Pause Young (Allocation Failure)
[318.341s][info][gc,heap        ] GC(191) DefNew: 625607K(629120K)->69887K(629120K) Eden: 559232K(559232K)->0K(559232K) From: 66375K(69888K)->69887K(69888K)
[318.341s][info][gc,heap        ] GC(191) Tenured: 1213443K(1398144K)->1262962K(1398144K)
[318.341s][info][gc,metaspace   ] GC(191) Metaspace: 116554K(121856K)->116554K(121856K) NonClass: 100446K(102400K)->100446K(102400K) Class: 16107K(19456K)->16107K(19456K)
[318.341s][info][gc             ] GC(191) Pause Young (Allocation Failure) 1795M->1301M(1979M) 33.792ms
[318.341s][info][gc,cpu         ] GC(191) User=0.03s Sys=0.00s Real=0.03s
[318.376s][info][gc,start       ] GC(192) Pause Young (Allocation Failure)
[318.400s][info][gc,heap        ] GC(192) DefNew: 629119K(629120K)->56167K(629120K) Eden: 559232K(559232K)->0K(559232K) From: 69887K(69888K)->56167K(69888K)
[318.400s][info][gc,heap        ] GC(192) Tenured: 1262962K(1398144K)->1305750K(1398144K)
[318.400s][info][gc,metaspace   ] GC(192) Metaspace: 116554K(121856K)->116554K(121856K) NonClass: 100446K(102400K)->100446K(102400K) Class: 16107K(19456K)->16107K(19456K)
[318.400s][info][gc             ] GC(192) Pause Young (Allocation Failure) 1847M->1329M(1979M) 24.883ms
[318.401s][info][gc,cpu         ] GC(192) User=0.02s Sys=0.00s Real=0.02s
[318.433s][info][gc,start       ] GC(193) Pause Young (Allocation Failure)
[318.433s][info][gc             ] GC(193) Pause Young (Allocation Failure) 1876M->1876M(1979M) 0.121ms
[318.433s][info][gc,cpu         ] GC(193) User=0.00s Sys=0.00s Real=0.00s
[318.433s][info][gc,start       ] GC(194) Pause Full (Allocation Failure)
[318.433s][info][gc,phases,start] GC(194) Phase 1: Mark live objects
[318.498s][info][gc,phases      ] GC(194) Phase 1: Mark live objects 64.671ms
[318.498s][info][gc,phases,start] GC(194) Phase 2: Compute new object addresses
[318.644s][info][gc,phases      ] GC(194) Phase 2: Compute new object addresses 146.338ms
[318.644s][info][gc,phases,start] GC(194) Phase 3: Adjust pointers
[318.671s][info][gc,phases      ] GC(194) Phase 3: Adjust pointers 27.047ms
[318.685s][info][gc,phases,start] GC(194) Phase 4: Move objects
[318.709s][info][gc,phases      ] GC(194) Phase 4: Move objects 23.881ms
[318.710s][info][gc,heap        ] GC(194) DefNew: 615399K(629120K)->0K(629120K) Eden: 559232K(559232K)->0K(559232K) From: 56167K(69888K)->0K(69888K)
[318.710s][info][gc,heap        ] GC(194) Tenured: 1305750K(1398144K)->1323899K(1398144K)
[318.710s][info][gc,metaspace   ] GC(194) Metaspace: 116554K(121856K)->116410K(121856K) NonClass: 100446K(102400K)->100328K(102400K) Class: 16107K(19456K)->16082K(19456K)
[318.710s][info][gc             ] GC(194) Pause Full (Allocation Failure) 1876M->1292M(1979M) 277.176ms
[318.710s][info][gc,cpu         ] GC(194) User=0.27s Sys=0.00s Real=0.28s
[318.748s][info][gc,start       ] GC(195) Pause Young (Allocation Failure)
[318.748s][info][gc             ] GC(195) Pause Young (Allocation Failure) 1838M->1838M(1979M) 0.117ms
[318.748s][info][gc,cpu         ] GC(195) User=0.00s Sys=0.00s Real=0.00s
[318.748s][info][gc,start       ] GC(196) Pause Full (Allocation Failure)
[318.748s][info][gc,phases,start] GC(196) Phase 1: Mark live objects
[318.795s][info][gc,phases      ] GC(196) Phase 1: Mark live objects 47.049ms
[318.795s][info][gc,phases,start] GC(196) Phase 2: Compute new object addresses
[318.937s][info][gc,phases      ] GC(196) Phase 2: Compute new object addresses 141.481ms
[318.937s][info][gc,phases,start] GC(196) Phase 3: Adjust pointers
[318.964s][info][gc,phases      ] GC(196) Phase 3: Adjust pointers 27.180ms
[318.964s][info][gc,phases,start] GC(196) Phase 4: Move objects
[318.982s][info][gc,phases      ] GC(196) Phase 4: Move objects 18.078ms
[318.983s][info][gc,heap        ] GC(196) DefNew: 559232K(629120K)->0K(629120K) Eden: 559232K(559232K)->0K(559232K) From: 0K(69888K)->0K(69888K)
[318.983s][info][gc,heap        ] GC(196) Tenured: 1323899K(1398144K)->1351823K(1398144K)
[318.983s][info][gc,metaspace   ] GC(196) Metaspace: 116410K(121856K)->116410K(121856K) NonClass: 100328K(102400K)->100328K(102400K) Class: 16082K(19456K)->16082K(19456K)
[318.983s][info][gc             ] GC(196) Pause Full (Allocation Failure) 1838M->1320M(1979M) 234.750ms
[318.983s][info][gc,cpu         ] GC(196) User=0.23s Sys=0.00s Real=0.23s
[319.019s][info][gc,start       ] GC(197) Pause Young (Allocation Failure)
[319.019s][info][gc             ] GC(197) Pause Young (Allocation Failure) 1866M->1866M(1979M) 0.120ms
[319.019s][info][gc,cpu         ] GC(197) User=0.00s Sys=0.00s Real=0.00s
[319.019s][info][gc,start       ] GC(198) Pause Full (Allocation Failure)
[319.019s][info][gc,phases,start] GC(198) Phase 1: Mark live objects
[319.066s][info][gc,phases      ] GC(198) Phase 1: Mark live objects 46.715ms
[319.066s][info][gc,phases,start] GC(198) Phase 2: Compute new object addresses
[319.203s][info][gc,phases      ] GC(198) Phase 2: Compute new object addresses 136.970ms
[319.203s][info][gc,phases,start] GC(198) Phase 3: Adjust pointers
[319.231s][info][gc,phases      ] GC(198) Phase 3: Adjust pointers 27.714ms
[319.231s][info][gc,phases,start] GC(198) Phase 4: Move objects
[319.450s][info][gc,phases      ] GC(198) Phase 4: Move objects 219.319ms
[319.451s][info][gc,heap        ] GC(198) DefNew: 559232K(629120K)->0K(629120K) Eden: 559232K(559232K)->0K(559232K) From: 0K(69888K)->0K(69888K)
[319.451s][info][gc,heap        ] GC(198) Tenured: 1351823K(1398144K)->1307482K(1398144K)
[319.451s][info][gc,metaspace   ] GC(198) Metaspace: 116410K(121856K)->116410K(121856K) NonClass: 100328K(102400K)->100328K(102400K) Class: 16082K(19456K)->16082K(19456K)
[319.451s][info][gc             ] GC(198) Pause Full (Allocation Failure) 1866M->1276M(1979M) 431.835ms
[319.451s][info][gc,cpu         ] GC(198) User=0.42s Sys=0.00s Real=0.42s
[319.489s][info][gc,start       ] GC(199) Pause Young (Allocation Failure)
[319.507s][info][gc,heap        ] GC(199) DefNew: 559232K(629120K)->69385K(629120K) Eden: 559232K(559232K)->0K(559232K) From: 0K(69888K)->69385K(69888K)
[319.507s][info][gc,heap        ] GC(199) Tenured: 1307482K(1398144K)->1313122K(1398144K)
[319.507s][info][gc,metaspace   ] GC(199) Metaspace: 116410K(121856K)->116410K(121856K) NonClass: 100328K(102400K)->100328K(102400K) Class: 16082K(19456K)->16082K(19456K)
[319.507s][info][gc             ] GC(199) Pause Young (Allocation Failure) 1822M->1350M(1979M) 18.623ms
[319.508s][info][gc,cpu         ] GC(199) User=0.02s Sys=0.00s Real=0.02s
[319.537s][info][gc,start       ] GC(200) Pause Young (Allocation Failure)
[319.538s][info][gc             ] GC(200) Pause Young (Allocation Failure) 1896M->1896M(1979M) 0.124ms
[319.538s][info][gc,cpu         ] GC(200) User=0.00s Sys=0.00s Real=0.00s
[319.538s][info][gc,start       ] GC(201) Pause Full (Allocation Failure)
[319.538s][info][gc,phases,start] GC(201) Phase 1: Mark live objects
[319.584s][info][gc,phases      ] GC(201) Phase 1: Mark live objects 46.139ms
[319.584s][info][gc,phases,start] GC(201) Phase 2: Compute new object addresses
[319.724s][info][gc,phases      ] GC(201) Phase 2: Compute new object addresses 140.271ms
[319.724s][info][gc,phases,start] GC(201) Phase 3: Adjust pointers
[319.751s][info][gc,phases      ] GC(201) Phase 3: Adjust pointers 27.154ms
[319.751s][info][gc,phases,start] GC(201) Phase 4: Move objects
[319.769s][info][gc,phases      ] GC(201) Phase 4: Move objects 17.216ms
[319.769s][info][gc,heap        ] GC(201) DefNew: 628617K(629120K)->0K(629120K) Eden: 559232K(559232K)->0K(559232K) From: 69385K(69888K)->0K(69888K)
[319.769s][info][gc,heap        ] GC(201) Tenured: 1313122K(1398144K)->1388297K(1398144K)
[319.769s][info][gc,metaspace   ] GC(201) Metaspace: 116410K(121856K)->116410K(121856K) NonClass: 100328K(102400K)->100328K(102400K) Class: 16082K(19456K)->16082K(19456K)
[319.769s][info][gc             ] GC(201) Pause Full (Allocation Failure) 1896M->1355M(1979M) 231.834ms
[319.769s][info][gc,cpu         ] GC(201) User=0.23s Sys=0.00s Real=0.23s
[319.804s][info][gc,start       ] GC(202) Pause Young (Allocation Failure)
[319.804s][info][gc             ] GC(202) Pause Young (Allocation Failure) 1901M->1901M(1979M) 0.115ms
[319.804s][info][gc,cpu         ] GC(202) User=0.00s Sys=0.00s Real=0.00s
[319.804s][info][gc,start       ] GC(203) Pause Full (Allocation Failure)
[319.804s][info][gc,phases,start] GC(203) Phase 1: Mark live objects
[319.851s][info][gc,phases      ] GC(203) Phase 1: Mark live objects 46.801ms
[319.851s][info][gc,phases,start] GC(203) Phase 2: Compute new object addresses
[319.991s][info][gc,phases      ] GC(203) Phase 2: Compute new object addresses 140.868ms
[319.991s][info][gc,phases,start] GC(203) Phase 3: Adjust pointers
[320.019s][info][gc,phases      ] GC(203) Phase 3: Adjust pointers 27.273ms
[320.019s][info][gc,phases,start] GC(203) Phase 4: Move objects
[320.039s][info][gc,phases      ] GC(203) Phase 4: Move objects 20.257ms
[320.040s][info][gc,heap        ] GC(203) DefNew: 559232K(629120K)->6398K(629120K) Eden: 559232K(559232K)->6398K(559232K) From: 0K(69888K)->0K(69888K)
[320.040s][info][gc,heap        ] GC(203) Tenured: 1388297K(1398144K)->1396386K(1398144K)
[320.040s][info][gc,metaspace   ] GC(203) Metaspace: 116410K(121856K)->116410K(121856K) NonClass: 100328K(102400K)->100328K(102400K) Class: 16082K(19456K)->16082K(19456K)
[320.040s][info][gc             ] GC(203) Pause Full (Allocation Failure) 1901M->1369M(1979M) 236.231ms
[320.040s][info][gc,cpu         ] GC(203) User=0.23s Sys=0.00s Real=0.23s
[322.219s][info][gc,start       ] GC(204) Pause Full (Allocation Failure)
[322.219s][info][gc,phases,start] GC(204) Phase 1: Mark live objects
[322.266s][info][gc,phases      ] GC(204) Phase 1: Mark live objects 46.427ms
[322.266s][info][gc,phases,start] GC(204) Phase 2: Compute new object addresses
[322.433s][info][gc,phases      ] GC(204) Phase 2: Compute new object addresses 167.497ms
[322.433s][info][gc,phases,start] GC(204) Phase 3: Adjust pointers
[322.460s][info][gc,phases      ] GC(204) Phase 3: Adjust pointers 26.453ms
[322.460s][info][gc,phases,start] GC(204) Phase 4: Move objects
[322.480s][info][gc,phases      ] GC(204) Phase 4: Move objects 20.562ms
[322.481s][info][gc,heap        ] GC(204) DefNew: 629120K(629120K)->17129K(629120K) Eden: 559232K(559232K)->17129K(559232K) From: 69888K(69888K)->0K(69888K)
[322.481s][info][gc,heap        ] GC(204) Tenured: 1398143K(1398144K)->1395378K(1398144K)
[322.481s][info][gc,metaspace   ] GC(204) Metaspace: 116410K(121856K)->116410K(121856K) NonClass: 100328K(102400K)->100328K(102400K) Class: 16082K(19456K)->16082K(19456K)
[322.481s][info][gc             ] GC(204) Pause Full (Allocation Failure) 1979M->1379M(1979M) 262.026ms
[322.481s][info][gc,cpu         ] GC(204) User=0.27s Sys=0.00s Real=0.27s
[324.679s][info][gc,start       ] GC(205) Pause Full (Allocation Failure)
[324.680s][info][gc,phases,start] GC(205) Phase 1: Mark live objects
[324.733s][info][gc,phases      ] GC(205) Phase 1: Mark live objects 53.677ms
[324.733s][info][gc,phases,start] GC(205) Phase 2: Compute new object addresses
[324.897s][info][gc,phases      ] GC(205) Phase 2: Compute new object addresses 163.835ms
[324.897s][info][gc,phases,start] GC(205) Phase 3: Adjust pointers
[324.926s][info][gc,phases      ] GC(205) Phase 3: Adjust pointers 28.629ms
[324.926s][info][gc,phases,start] GC(205) Phase 4: Move objects
[324.980s][info][gc,phases      ] GC(205) Phase 4: Move objects 53.732ms
[324.980s][info][gc,heap        ] GC(205) DefNew: 629119K(629120K)->0K(629120K) Eden: 559232K(559232K)->0K(559232K) From: 69887K(69888K)->0K(69888K)
[324.980s][info][gc,heap        ] GC(205) Tenured: 1398143K(1398144K)->1367462K(1398144K)
[324.980s][info][gc,metaspace   ] GC(205) Metaspace: 116410K(121856K)->116410K(121856K) NonClass: 100328K(102400K)->100328K(102400K) Class: 16082K(19456K)->16082K(19456K)
[324.980s][info][gc             ] GC(205) Pause Full (Allocation Failure) 1979M->1335M(1979M) 300.989ms
[324.980s][info][gc,cpu         ] GC(205) User=0.30s Sys=0.00s Real=0.30s
[325.017s][info][gc,start       ] GC(206) Pause Young (Allocation Failure)
[325.017s][info][gc             ] GC(206) Pause Young (Allocation Failure) 1881M->1881M(1979M) 0.152ms
[325.017s][info][gc,cpu         ] GC(206) User=0.00s Sys=0.00s Real=0.00s
[325.017s][info][gc,start       ] GC(207) Pause Full (Allocation Failure)
[325.017s][info][gc,phases,start] GC(207) Phase 1: Mark live objects
[325.066s][info][gc,phases      ] GC(207) Phase 1: Mark live objects 49.186ms
[325.067s][info][gc,phases,start] GC(207) Phase 2: Compute new object addresses
[325.202s][info][gc,phases      ] GC(207) Phase 2: Compute new object addresses 135.253ms
[325.202s][info][gc,phases,start] GC(207) Phase 3: Adjust pointers
[325.229s][info][gc,phases      ] GC(207) Phase 3: Adjust pointers 27.651ms
[325.230s][info][gc,phases,start] GC(207) Phase 4: Move objects
[325.246s][info][gc,phases      ] GC(207) Phase 4: Move objects 16.048ms
[325.247s][info][gc,heap        ] GC(207) DefNew: 559232K(629120K)->29009K(629120K) Eden: 559232K(559232K)->29009K(559232K) From: 0K(69888K)->0K(69888K)
[325.247s][info][gc,heap        ] GC(207) Tenured: 1367462K(1398144K)->1396741K(1398144K)
[325.247s][info][gc,metaspace   ] GC(207) Metaspace: 116410K(121856K)->116410K(121856K) NonClass: 100328K(102400K)->100328K(102400K) Class: 16082K(19456K)->16082K(19456K)
[325.247s][info][gc             ] GC(207) Pause Full (Allocation Failure) 1881M->1392M(1979M) 229.525ms
[325.247s][info][gc,cpu         ] GC(207) User=0.23s Sys=0.00s Real=0.23s
[327.324s][info][gc,start       ] GC(208) Pause Full (Allocation Failure)
[327.324s][info][gc,phases,start] GC(208) Phase 1: Mark live objects
[327.370s][info][gc,phases      ] GC(208) Phase 1: Mark live objects 46.328ms
[327.370s][info][gc,phases,start] GC(208) Phase 2: Compute new object addresses
[327.530s][info][gc,phases      ] GC(208) Phase 2: Compute new object addresses 159.804ms
[327.530s][info][gc,phases,start] GC(208) Phase 3: Adjust pointers
[327.557s][info][gc,phases      ] GC(208) Phase 3: Adjust pointers 26.448ms
[327.557s][info][gc,phases,start] GC(208) Phase 4: Move objects
[327.571s][info][gc,phases      ] GC(208) Phase 4: Move objects 13.895ms
[327.571s][info][gc,heap        ] GC(208) DefNew: 629120K(629120K)->54947K(629120K) Eden: 559232K(559232K)->54947K(559232K) From: 69888K(69888K)->0K(69888K)
[327.571s][info][gc,heap        ] GC(208) Tenured: 1398144K(1398144K)->1398042K(1398144K)
[327.571s][info][gc,metaspace   ] GC(208) Metaspace: 116413K(121856K)->116413K(121856K) NonClass: 100330K(102400K)->100330K(102400K) Class: 16082K(19456K)->16082K(19456K)
[327.571s][info][gc             ] GC(208) Pause Full (Allocation Failure) 1979M->1418M(1979M) 247.575ms
[327.572s][info][gc,cpu         ] GC(208) User=0.25s Sys=0.00s Real=0.26s
[329.162s][info][gc,start       ] GC(209) Pause Full (Allocation Failure)
[329.162s][info][gc,phases,start] GC(209) Phase 1: Mark live objects
[329.208s][info][gc,phases      ] GC(209) Phase 1: Mark live objects 46.460ms
[329.208s][info][gc,phases,start] GC(209) Phase 2: Compute new object addresses
[329.359s][info][gc,phases      ] GC(209) Phase 2: Compute new object addresses 150.542ms
[329.359s][info][gc,phases,start] GC(209) Phase 3: Adjust pointers
[329.386s][info][gc,phases      ] GC(209) Phase 3: Adjust pointers 26.829ms
[329.386s][info][gc,phases,start] GC(209) Phase 4: Move objects
[329.406s][info][gc,phases      ] GC(209) Phase 4: Move objects 20.266ms
[329.407s][info][gc,heap        ] GC(209) DefNew: 629120K(629120K)->10914K(629120K) Eden: 559232K(559232K)->10914K(559232K) From: 69888K(69888K)->0K(69888K)
[329.407s][info][gc,heap        ] GC(209) Tenured: 1398143K(1398144K)->1395198K(1398144K)
[329.407s][info][gc,metaspace   ] GC(209) Metaspace: 116420K(121856K)->116420K(121856K) NonClass: 100337K(102400K)->100337K(102400K) Class: 16082K(19456K)->16082K(19456K)
[329.407s][info][gc             ] GC(209) Pause Full (Allocation Failure) 1979M->1373M(1979M) 245.604ms
[329.408s][info][gc,cpu         ] GC(209) User=0.25s Sys=0.00s Real=0.25s
[330.949s][info][gc,start       ] GC(210) Pause Full (Allocation Failure)
[330.949s][info][gc,phases,start] GC(210) Phase 1: Mark live objects
[330.995s][info][gc,phases      ] GC(210) Phase 1: Mark live objects 46.597ms
[330.995s][info][gc,phases,start] GC(210) Phase 2: Compute new object addresses
[331.155s][info][gc,phases      ] GC(210) Phase 2: Compute new object addresses 159.319ms
[331.155s][info][gc,phases,start] GC(210) Phase 3: Adjust pointers
[331.182s][info][gc,phases      ] GC(210) Phase 3: Adjust pointers 27.259ms
[331.182s][info][gc,phases,start] GC(210) Phase 4: Move objects
[331.289s][info][gc,phases      ] GC(210) Phase 4: Move objects 106.559ms
[331.289s][info][gc,heap        ] GC(210) DefNew: 629120K(629120K)->10080K(629120K) Eden: 559232K(559232K)->10080K(559232K) From: 69888K(69888K)->0K(69888K)
[331.289s][info][gc,heap        ] GC(210) Tenured: 1398143K(1398144K)->1395926K(1398144K)
[331.289s][info][gc,metaspace   ] GC(210) Metaspace: 116456K(121856K)->116456K(121856K) NonClass: 100374K(102400K)->100374K(102400K) Class: 16082K(19456K)->16082K(19456K)
[331.289s][info][gc             ] GC(210) Pause Full (Allocation Failure) 1979M->1373M(1979M) 340.883ms
[331.290s][info][gc,cpu         ] GC(210) User=0.34s Sys=0.00s Real=0.34s
[333.484s][info][gc,start       ] GC(211) Pause Full (Allocation Failure)
[333.484s][info][gc,phases,start] GC(211) Phase 1: Mark live objects
[333.542s][info][gc,phases      ] GC(211) Phase 1: Mark live objects 58.231ms
[333.542s][info][gc,phases,start] GC(211) Phase 2: Compute new object addresses
[333.702s][info][gc,phases      ] GC(211) Phase 2: Compute new object addresses 159.407ms
[333.702s][info][gc,phases,start] GC(211) Phase 3: Adjust pointers
[333.728s][info][gc,phases      ] GC(211) Phase 3: Adjust pointers 26.678ms
[333.728s][info][gc,phases,start] GC(211) Phase 4: Move objects
[333.735s][info][gc,phases      ] GC(211) Phase 4: Move objects 6.543ms
[333.736s][info][gc,heap        ] GC(211) DefNew: 629119K(629120K)->29129K(629120K) Eden: 559232K(559232K)->29129K(559232K) From: 69887K(69888K)->0K(69888K)
[333.736s][info][gc,heap        ] GC(211) Tenured: 1398144K(1398144K)->1398144K(1398144K)
[333.736s][info][gc,metaspace   ] GC(211) Metaspace: 116467K(121856K)->116467K(121856K) NonClass: 100384K(102400K)->100384K(102400K) Class: 16082K(19456K)->16082K(19456K)
[333.736s][info][gc             ] GC(211) Pause Full (Allocation Failure) 1979M->1393M(1979M) 252.007ms
[333.736s][info][gc,cpu         ] GC(211) User=0.27s Sys=0.00s Real=0.27s
[335.861s][info][gc,start       ] GC(212) Pause Full (Allocation Failure)
[335.862s][info][gc,phases,start] GC(212) Phase 1: Mark live objects
[335.919s][info][gc,phases      ] GC(212) Phase 1: Mark live objects 57.125ms
[335.919s][info][gc,phases,start] GC(212) Phase 2: Compute new object addresses
[336.083s][info][gc,phases      ] GC(212) Phase 2: Compute new object addresses 164.337ms
[336.083s][info][gc,phases,start] GC(212) Phase 3: Adjust pointers
[336.110s][info][gc,phases      ] GC(212) Phase 3: Adjust pointers 26.730ms
[336.110s][info][gc,phases,start] GC(212) Phase 4: Move objects
[336.114s][info][gc,phases      ] GC(212) Phase 4: Move objects 3.855ms
[336.114s][info][gc,heap        ] GC(212) DefNew: 629119K(629120K)->26753K(629120K) Eden: 559232K(559232K)->26753K(559232K) From: 69887K(69888K)->0K(69888K)
[336.114s][info][gc,heap        ] GC(212) Tenured: 1398144K(1398144K)->1398144K(1398144K)
[336.114s][info][gc,metaspace   ] GC(212) Metaspace: 116467K(121856K)->116467K(121856K) NonClass: 100385K(102400K)->100385K(102400K) Class: 16082K(19456K)->16082K(19456K)
[336.115s][info][gc             ] GC(212) Pause Full (Allocation Failure) 1979M->1391M(1979M) 253.147ms
[336.115s][info][gc,cpu         ] GC(212) User=0.25s Sys=0.00s Real=0.25s
[338.248s][info][gc,start       ] GC(213) Pause Full (Allocation Failure)
[338.248s][info][gc,phases,start] GC(213) Phase 1: Mark live objects
[338.296s][info][gc,phases      ] GC(213) Phase 1: Mark live objects 47.414ms
[338.296s][info][gc,phases,start] GC(213) Phase 2: Compute new object addresses
[338.465s][info][gc,phases      ] GC(213) Phase 2: Compute new object addresses 169.785ms
[338.465s][info][gc,phases,start] GC(213) Phase 3: Adjust pointers
[338.492s][info][gc,phases      ] GC(213) Phase 3: Adjust pointers 26.895ms
[338.492s][info][gc,phases,start] GC(213) Phase 4: Move objects
[338.493s][info][gc,phases      ] GC(213) Phase 4: Move objects 0.660ms
[338.494s][info][gc,heap        ] GC(213) DefNew: 629119K(629120K)->26764K(629120K) Eden: 559232K(559232K)->26764K(559232K) From: 69887K(69888K)->0K(69888K)
[338.494s][info][gc,heap        ] GC(213) Tenured: 1398144K(1398144K)->1398144K(1398144K)
[338.494s][info][gc,metaspace   ] GC(213) Metaspace: 116470K(121856K)->116470K(121856K) NonClass: 100387K(102400K)->100387K(102400K) Class: 16083K(19456K)->16083K(19456K)
[338.494s][info][gc             ] GC(213) Pause Full (Allocation Failure) 1979M->1391M(1979M) 245.804ms
[338.494s][info][gc,cpu         ] GC(213) User=0.25s Sys=0.00s Real=0.25s
[340.639s][info][gc,start       ] GC(214) Pause Full (Allocation Failure)
[340.639s][info][gc,phases,start] GC(214) Phase 1: Mark live objects
[340.686s][info][gc,phases      ] GC(214) Phase 1: Mark live objects 47.019ms
[340.686s][info][gc,phases,start] GC(214) Phase 2: Compute new object addresses
[340.867s][info][gc,phases      ] GC(214) Phase 2: Compute new object addresses 180.637ms
[340.867s][info][gc,phases,start] GC(214) Phase 3: Adjust pointers
[340.894s][info][gc,phases      ] GC(214) Phase 3: Adjust pointers 27.085ms
[340.894s][info][gc,phases,start] GC(214) Phase 4: Move objects
[340.963s][info][gc,phases      ] GC(214) Phase 4: Move objects 69.240ms
[340.964s][info][gc,heap        ] GC(214) DefNew: 629120K(629120K)->0K(629120K) Eden: 559232K(559232K)->0K(559232K) From: 69888K(69888K)->0K(69888K)
[340.964s][info][gc,heap        ] GC(214) Tenured: 1398144K(1398144K)->1396274K(1398144K)
[340.964s][info][gc,metaspace   ] GC(214) Metaspace: 116470K(121856K)->116470K(121856K) NonClass: 100387K(102400K)->100387K(102400K) Class: 16083K(19456K)->16083K(19456K)
[340.964s][info][gc             ] GC(214) Pause Full (Allocation Failure) 1979M->1363M(1979M) 325.078ms
[340.964s][info][gc,cpu         ] GC(214) User=0.33s Sys=0.00s Real=0.33s
[341.009s][info][gc,start       ] GC(215) Pause Young (Allocation Failure)
[341.009s][info][gc             ] GC(215) Pause Young (Allocation Failure) 1909M->1909M(1979M) 0.126ms
[341.009s][info][gc,cpu         ] GC(215) User=0.00s Sys=0.00s Real=0.00s
[341.009s][info][gc,start       ] GC(216) Pause Full (Allocation Failure)
[341.009s][info][gc,phases,start] GC(216) Phase 1: Mark live objects
[341.056s][info][gc,phases      ] GC(216) Phase 1: Mark live objects 46.058ms
[341.056s][info][gc,phases,start] GC(216) Phase 2: Compute new object addresses
[341.208s][info][gc,phases      ] GC(216) Phase 2: Compute new object addresses 152.365ms
[341.208s][info][gc,phases,start] GC(216) Phase 3: Adjust pointers
[341.235s][info][gc,phases      ] GC(216) Phase 3: Adjust pointers 26.643ms
[341.235s][info][gc,phases,start] GC(216) Phase 4: Move objects
[341.235s][info][gc,phases      ] GC(216) Phase 4: Move objects 0.029ms
[341.235s][info][gc,heap        ] GC(216) DefNew: 559232K(629120K)->0K(629120K) Eden: 559232K(559232K)->0K(559232K) From: 0K(69888K)->0K(69888K)
[341.235s][info][gc,heap        ] GC(216) Tenured: 1396274K(1398144K)->1396340K(1398144K)
[341.235s][info][gc,metaspace   ] GC(216) Metaspace: 116470K(121856K)->116470K(121856K) NonClass: 100387K(102400K)->100387K(102400K) Class: 16083K(19456K)->16083K(19456K)
[341.236s][info][gc             ] GC(216) Pause Full (Allocation Failure) 1909M->1363M(1979M) 226.056ms
[341.236s][info][gc,cpu         ] GC(216) User=0.23s Sys=0.00s Real=0.23s
[341.281s][info][gc,start       ] GC(217) Pause Young (Allocation Failure)
[341.282s][info][gc             ] GC(217) Pause Young (Allocation Failure) 1909M->1909M(1979M) 0.127ms
[341.282s][info][gc,cpu         ] GC(217) User=0.00s Sys=0.00s Real=0.00s
[341.282s][info][gc,start       ] GC(218) Pause Full (Allocation Failure)
[341.282s][info][gc,phases,start] GC(218) Phase 1: Mark live objects
[341.329s][info][gc,phases      ] GC(218) Phase 1: Mark live objects 47.052ms
[341.329s][info][gc,phases,start] GC(218) Phase 2: Compute new object addresses
[341.481s][info][gc,phases      ] GC(218) Phase 2: Compute new object addresses 152.706ms
[341.481s][info][gc,phases,start] GC(218) Phase 3: Adjust pointers
[341.508s][info][gc,phases      ] GC(218) Phase 3: Adjust pointers 26.860ms
[341.508s][info][gc,phases,start] GC(218) Phase 4: Move objects
[341.508s][info][gc,phases      ] GC(218) Phase 4: Move objects 0.035ms
[341.509s][info][gc,heap        ] GC(218) DefNew: 559232K(629120K)->0K(629120K) Eden: 559232K(559232K)->0K(559232K) From: 0K(69888K)->0K(69888K)
[341.509s][info][gc,heap        ] GC(218) Tenured: 1396340K(1398144K)->1396409K(1398144K)
[341.509s][info][gc,metaspace   ] GC(218) Metaspace: 116470K(121856K)->116470K(121856K) NonClass: 100387K(102400K)->100387K(102400K) Class: 16083K(19456K)->16083K(19456K)
[341.509s][info][gc             ] GC(218) Pause Full (Allocation Failure) 1909M->1363M(1979M) 227.621ms
[341.509s][info][gc,cpu         ] GC(218) User=0.23s Sys=0.00s Real=0.24s
[341.557s][info][gc,start       ] GC(219) Pause Young (Allocation Failure)
[341.557s][info][gc             ] GC(219) Pause Young (Allocation Failure) 1909M->1909M(1979M) 0.111ms
[341.557s][info][gc,cpu         ] GC(219) User=0.00s Sys=0.00s Real=0.00s
[341.557s][info][gc,start       ] GC(220) Pause Full (Allocation Failure)
[341.557s][info][gc,phases,start] GC(220) Phase 1: Mark live objects
[341.604s][info][gc,phases      ] GC(220) Phase 1: Mark live objects 47.187ms
[341.604s][info][gc,phases,start] GC(220) Phase 2: Compute new object addresses
[341.757s][info][gc,phases      ] GC(220) Phase 2: Compute new object addresses 153.295ms
[341.758s][info][gc,phases,start] GC(220) Phase 3: Adjust pointers
[341.785s][info][gc,phases      ] GC(220) Phase 3: Adjust pointers 27.336ms
[341.785s][info][gc,phases,start] GC(220) Phase 4: Move objects
[341.785s][info][gc,phases      ] GC(220) Phase 4: Move objects 0.105ms
[341.786s][info][gc,heap        ] GC(220) DefNew: 559232K(629120K)->0K(629120K) Eden: 559232K(559232K)->0K(559232K) From: 0K(69888K)->0K(69888K)
[341.786s][info][gc,heap        ] GC(220) Tenured: 1396409K(1398144K)->1396681K(1398144K)
[341.786s][info][gc,metaspace   ] GC(220) Metaspace: 116493K(121856K)->116493K(121856K) NonClass: 100406K(102400K)->100406K(102400K) Class: 16086K(19456K)->16086K(19456K)
[341.786s][info][gc             ] GC(220) Pause Full (Allocation Failure) 1909M->1363M(1979M) 228.907ms
[341.786s][info][gc,cpu         ] GC(220) User=0.22s Sys=0.00s Real=0.23s
[341.841s][info][gc,start       ] GC(221) Pause Young (Allocation Failure)
[341.841s][info][gc             ] GC(221) Pause Young (Allocation Failure) 1910M->1910M(1979M) 0.135ms
[341.841s][info][gc,cpu         ] GC(221) User=0.00s Sys=0.00s Real=0.00s
[341.841s][info][gc,start       ] GC(222) Pause Full (Allocation Failure)
[341.841s][info][gc,phases,start] GC(222) Phase 1: Mark live objects
[341.890s][info][gc,phases      ] GC(222) Phase 1: Mark live objects 49.208ms
[341.891s][info][gc,phases,start] GC(222) Phase 2: Compute new object addresses
[342.044s][info][gc,phases      ] GC(222) Phase 2: Compute new object addresses 153.447ms
[342.044s][info][gc,phases,start] GC(222) Phase 3: Adjust pointers
[342.072s][info][gc,phases      ] GC(222) Phase 3: Adjust pointers 27.513ms
[342.072s][info][gc,phases,start] GC(222) Phase 4: Move objects
[342.123s][info][gc,phases      ] GC(222) Phase 4: Move objects 51.375ms
[342.124s][info][gc,heap        ] GC(222) DefNew: 559232K(629120K)->0K(629120K) Eden: 559232K(559232K)->0K(559232K) From: 0K(69888K)->0K(69888K)
[342.124s][info][gc,heap        ] GC(222) Tenured: 1396681K(1398144K)->1196320K(1398144K)
[342.124s][info][gc,metaspace   ] GC(222) Metaspace: 116495K(121856K)->116495K(121856K) NonClass: 100409K(102400K)->100409K(102400K) Class: 16086K(19456K)->16086K(19456K)
[342.124s][info][gc             ] GC(222) Pause Full (Allocation Failure) 1910M->1168M(1979M) 282.579ms
[342.124s][info][gc,cpu         ] GC(222) User=0.28s Sys=0.00s Real=0.28s
[342.800s][info][gc,start       ] GC(223) Pause Full (System.gc())
[342.800s][info][gc,phases,start] GC(223) Phase 1: Mark live objects
[342.859s][info][gc,phases      ] GC(223) Phase 1: Mark live objects 59.102ms
[342.908s][info][gc,phases,start] GC(223) Phase 2: Compute new object addresses
[343.028s][info][gc,phases      ] GC(223) Phase 2: Compute new object addresses 120.280ms
[343.028s][info][gc,phases,start] GC(223) Phase 3: Adjust pointers
[343.057s][info][gc,phases      ] GC(223) Phase 3: Adjust pointers 28.809ms
[343.057s][info][gc,phases,start] GC(223) Phase 4: Move objects
[343.058s][info][gc,phases      ] GC(223) Phase 4: Move objects 1.104ms
[343.059s][info][gc,heap        ] GC(223) DefNew: 399607K(629120K)->0K(629120K) Eden: 399607K(559232K)->0K(559232K) From: 0K(69888K)->0K(69888K)
[343.059s][info][gc,heap        ] GC(223) Tenured: 1196320K(1398144K)->1029560K(1398144K)
[343.059s][info][gc,metaspace   ] GC(223) Metaspace: 117143K(121920K)->117143K(121920K) NonClass: 100972K(102464K)->100972K(102464K) Class: 16170K(19456K)->16170K(19456K)
[343.059s][info][gc             ] GC(223) Pause Full (System.gc()) 1558M->1005M(1979M) 259.582ms
[343.059s][info][gc,cpu         ] GC(223) User=0.20s Sys=0.00s Real=0.26s
[343.253s][info][gc,start       ] GC(224) Pause Young (Allocation Failure)
[343.268s][info][gc,heap        ] GC(224) DefNew: 559232K(629120K)->10831K(629120K) Eden: 559232K(559232K)->0K(559232K) From: 0K(69888K)->10831K(69888K)
[343.268s][info][gc,heap        ] GC(224) Tenured: 1029560K(1398144K)->1029560K(1398144K)
[343.268s][info][gc,metaspace   ] GC(224) Metaspace: 117505K(121920K)->117505K(121920K) NonClass: 101312K(102464K)->101312K(102464K) Class: 16192K(19456K)->16192K(19456K)
[343.268s][info][gc             ] GC(224) Pause Young (Allocation Failure) 1551M->1016M(1979M) 15.006ms
[343.268s][info][gc,cpu         ] GC(224) User=0.02s Sys=0.00s Real=0.02s
[343.309s][info][gc,start       ] GC(225) Pause Young (Allocation Failure)
[343.321s][info][gc,heap        ] GC(225) DefNew: 570063K(629120K)->17512K(629120K) Eden: 559232K(559232K)->0K(559232K) From: 10831K(69888K)->17512K(69888K)
[343.321s][info][gc,heap        ] GC(225) Tenured: 1029560K(1398144K)->1029560K(1398144K)
[343.321s][info][gc,metaspace   ] GC(225) Metaspace: 117519K(121920K)->117519K(121920K) NonClass: 101327K(102464K)->101327K(102464K) Class: 16192K(19456K)->16192K(19456K)
[343.321s][info][gc             ] GC(225) Pause Young (Allocation Failure) 1562M->1022M(1979M) 11.307ms
[343.321s][info][gc,cpu         ] GC(225) User=0.03s Sys=0.00s Real=0.02s
[343.359s][info][gc,start       ] GC(226) Pause Young (Allocation Failure)
[343.371s][info][gc,heap        ] GC(226) DefNew: 576744K(629120K)->24586K(629120K) Eden: 559232K(559232K)->0K(559232K) From: 17512K(69888K)->24586K(69888K)
[343.371s][info][gc,heap        ] GC(226) Tenured: 1029560K(1398144K)->1029560K(1398144K)
[343.371s][info][gc,metaspace   ] GC(226) Metaspace: 117519K(121920K)->117519K(121920K) NonClass: 101327K(102464K)->101327K(102464K) Class: 16192K(19456K)->16192K(19456K)
[343.371s][info][gc             ] GC(226) Pause Young (Allocation Failure) 1568M->1029M(1979M) 12.620ms
[343.371s][info][gc,cpu         ] GC(226) User=0.02s Sys=0.00s Real=0.02s
[343.409s][info][gc,start       ] GC(227) Pause Young (Allocation Failure)
[343.423s][info][gc,heap        ] GC(227) DefNew: 583818K(629120K)->31189K(629120K) Eden: 559232K(559232K)->0K(559232K) From: 24586K(69888K)->31189K(69888K)
[343.423s][info][gc,heap        ] GC(227) Tenured: 1029560K(1398144K)->1029560K(1398144K)
[343.423s][info][gc,metaspace   ] GC(227) Metaspace: 117519K(121920K)->117519K(121920K) NonClass: 101327K(102464K)->101327K(102464K) Class: 16192K(19456K)->16192K(19456K)
[343.423s][info][gc             ] GC(227) Pause Young (Allocation Failure) 1575M->1035M(1979M) 13.763ms
[343.423s][info][gc,cpu         ] GC(227) User=0.02s Sys=0.00s Real=0.02s
[343.461s][info][gc,start       ] GC(228) Pause Young (Allocation Failure)
[343.477s][info][gc,heap        ] GC(228) DefNew: 590421K(629120K)->35111K(629120K) Eden: 559232K(559232K)->0K(559232K) From: 31189K(69888K)->35111K(69888K)
[343.477s][info][gc,heap        ] GC(228) Tenured: 1029560K(1398144K)->1029560K(1398144K)
[343.477s][info][gc,metaspace   ] GC(228) Metaspace: 117519K(121920K)->117519K(121920K) NonClass: 101327K(102464K)->101327K(102464K) Class: 16192K(19456K)->16192K(19456K)
[343.477s][info][gc             ] GC(228) Pause Young (Allocation Failure) 1582M->1039M(1979M) 15.376ms
[343.477s][info][gc,cpu         ] GC(228) User=0.05s Sys=0.00s Real=0.01s
[343.515s][info][gc,start       ] GC(229) Pause Young (Allocation Failure)
[343.536s][info][gc,heap        ] GC(229) DefNew: 594343K(629120K)->41772K(629120K) Eden: 559232K(559232K)->0K(559232K) From: 35111K(69888K)->41772K(69888K)
[343.536s][info][gc,heap        ] GC(229) Tenured: 1029560K(1398144K)->1038455K(1398144K)
[343.536s][info][gc,metaspace   ] GC(229) Metaspace: 117519K(121920K)->117519K(121920K) NonClass: 101327K(102464K)->101327K(102464K) Class: 16192K(19456K)->16192K(19456K)
[343.536s][info][gc             ] GC(229) Pause Young (Allocation Failure) 1585M->1054M(1979M) 20.678ms
[343.536s][info][gc,cpu         ] GC(229) User=0.02s Sys=0.00s Real=0.02s
[343.574s][info][gc,start       ] GC(230) Pause Young (Allocation Failure)
[343.588s][info][gc,heap        ] GC(230) DefNew: 601004K(629120K)->45594K(629120K) Eden: 559232K(559232K)->0K(559232K) From: 41772K(69888K)->45594K(69888K)
[343.588s][info][gc,heap        ] GC(230) Tenured: 1038455K(1398144K)->1039365K(1398144K)
[343.588s][info][gc,metaspace   ] GC(230) Metaspace: 117519K(121920K)->117519K(121920K) NonClass: 101327K(102464K)->101327K(102464K) Class: 16192K(19456K)->16192K(19456K)
[343.588s][info][gc             ] GC(230) Pause Young (Allocation Failure) 1601M->1059M(1979M) 13.730ms
[343.588s][info][gc,cpu         ] GC(230) User=0.02s Sys=0.00s Real=0.02s
[343.626s][info][gc,start       ] GC(231) Pause Young (Allocation Failure)
[343.640s][info][gc,heap        ] GC(231) DefNew: 604826K(629120K)->22112K(629120K) Eden: 559232K(559232K)->0K(559232K) From: 45594K(69888K)->22112K(69888K)
[343.640s][info][gc,heap        ] GC(231) Tenured: 1039365K(1398144K)->1065933K(1398144K)
[343.640s][info][gc,metaspace   ] GC(231) Metaspace: 117519K(121920K)->117519K(121920K) NonClass: 101327K(102464K)->101327K(102464K) Class: 16192K(19456K)->16192K(19456K)
[343.640s][info][gc             ] GC(231) Pause Young (Allocation Failure) 1605M->1062M(1979M) 13.948ms
[343.640s][info][gc,cpu         ] GC(231) User=0.03s Sys=0.00s Real=0.01s
[343.678s][info][gc,start       ] GC(232) Pause Young (Allocation Failure)
[343.686s][info][gc,heap        ] GC(232) DefNew: 581344K(629120K)->22187K(629120K) Eden: 559232K(559232K)->0K(559232K) From: 22112K(69888K)->22187K(69888K)
[343.686s][info][gc,heap        ] GC(232) Tenured: 1065933K(1398144K)->1065933K(1398144K)
[343.686s][info][gc,metaspace   ] GC(232) Metaspace: 117519K(121920K)->117519K(121920K) NonClass: 101327K(102464K)->101327K(102464K) Class: 16192K(19456K)->16192K(19456K)
[343.686s][info][gc             ] GC(232) Pause Young (Allocation Failure) 1608M->1062M(1979M) 7.741ms
[343.686s][info][gc,cpu         ] GC(232) User=0.00s Sys=0.00s Real=0.00s
[343.724s][info][gc,start       ] GC(233) Pause Young (Allocation Failure)
[343.733s][info][gc,heap        ] GC(233) DefNew: 581419K(629120K)->28423K(629120K) Eden: 559232K(559232K)->0K(559232K) From: 22187K(69888K)->28423K(69888K)
[343.733s][info][gc,heap        ] GC(233) Tenured: 1065933K(1398144K)->1065933K(1398144K)
[343.733s][info][gc,metaspace   ] GC(233) Metaspace: 117519K(121920K)->117519K(121920K) NonClass: 101327K(102464K)->101327K(102464K) Class: 16192K(19456K)->16192K(19456K)
[343.733s][info][gc             ] GC(233) Pause Young (Allocation Failure) 1608M->1068M(1979M) 9.090ms
[343.733s][info][gc,cpu         ] GC(233) User=0.00s Sys=0.00s Real=0.00s
[343.772s][info][gc,start       ] GC(234) Pause Young (Allocation Failure)
[343.787s][info][gc,heap        ] GC(234) DefNew: 587655K(629120K)->53397K(629120K) Eden: 559232K(559232K)->0K(559232K) From: 28423K(69888K)->53397K(69888K)
[343.787s][info][gc,heap        ] GC(234) Tenured: 1065933K(1398144K)->1065933K(1398144K)
[343.787s][info][gc,metaspace   ] GC(234) Metaspace: 117519K(121920K)->117519K(121920K) NonClass: 101327K(102464K)->101327K(102464K) Class: 16192K(19456K)->16192K(19456K)
[343.787s][info][gc             ] GC(234) Pause Young (Allocation Failure) 1614M->1093M(1979M) 14.986ms
[343.787s][info][gc,cpu         ] GC(234) User=0.02s Sys=0.00s Real=0.02s
[343.826s][info][gc,start       ] GC(235) Pause Young (Allocation Failure)
[343.850s][info][gc,heap        ] GC(235) DefNew: 612629K(629120K)->69020K(629120K) Eden: 559232K(559232K)->0K(559232K) From: 53397K(69888K)->69020K(69888K)
[343.850s][info][gc,heap        ] GC(235) Tenured: 1065933K(1398144K)->1090936K(1398144K)
[343.850s][info][gc,metaspace   ] GC(235) Metaspace: 117519K(121920K)->117519K(121920K) NonClass: 101327K(102464K)->101327K(102464K) Class: 16192K(19456K)->16192K(19456K)
[343.850s][info][gc             ] GC(235) Pause Young (Allocation Failure) 1639M->1132M(1979M) 24.024ms
[343.850s][info][gc,cpu         ] GC(235) User=0.03s Sys=0.00s Real=0.03s
[343.888s][info][gc,start       ] GC(236) Pause Young (Allocation Failure)
[343.911s][info][gc,heap        ] GC(236) DefNew: 628252K(629120K)->16909K(629120K) Eden: 559232K(559232K)->0K(559232K) From: 69020K(69888K)->16909K(69888K)
[343.911s][info][gc,heap        ] GC(236) Tenured: 1090936K(1398144K)->1159692K(1398144K)
[343.911s][info][gc,metaspace   ] GC(236) Metaspace: 117519K(121920K)->117519K(121920K) NonClass: 101327K(102464K)->101327K(102464K) Class: 16192K(19456K)->16192K(19456K)
[343.911s][info][gc             ] GC(236) Pause Young (Allocation Failure) 1678M->1149M(1979M) 22.324ms
[343.911s][info][gc,cpu         ] GC(236) User=0.02s Sys=0.00s Real=0.01s
[343.950s][info][gc,start       ] GC(237) Pause Young (Allocation Failure)
[343.964s][info][gc,heap        ] GC(237) DefNew: 576141K(629120K)->48012K(629120K) Eden: 559232K(559232K)->0K(559232K) From: 16909K(69888K)->48012K(69888K)
[343.964s][info][gc,heap        ] GC(237) Tenured: 1159692K(1398144K)->1159692K(1398144K)
[343.964s][info][gc,metaspace   ] GC(237) Metaspace: 117527K(121920K)->117527K(121920K) NonClass: 101334K(102464K)->101334K(102464K) Class: 16192K(19456K)->16192K(19456K)
[343.964s][info][gc             ] GC(237) Pause Young (Allocation Failure) 1695M->1179M(1979M) 13.937ms
[343.964s][info][gc,cpu         ] GC(237) User=0.00s Sys=0.00s Real=0.00s
[344.012s][info][gc,start       ] GC(238) Pause Young (Allocation Failure)
[344.036s][info][gc,heap        ] GC(238) DefNew: 607244K(629120K)->69030K(629120K) Eden: 559232K(559232K)->0K(559232K) From: 48012K(69888K)->69030K(69888K)
[344.036s][info][gc,heap        ] GC(238) Tenured: 1159692K(1398144K)->1176315K(1398144K)
[344.036s][info][gc,metaspace   ] GC(238) Metaspace: 117532K(121920K)->117532K(121920K) NonClass: 101339K(102464K)->101339K(102464K) Class: 16192K(19456K)->16192K(19456K)
[344.036s][info][gc             ] GC(238) Pause Young (Allocation Failure) 1725M->1216M(1979M) 24.142ms
[344.036s][info][gc,cpu         ] GC(238) User=0.02s Sys=0.00s Real=0.01s
[344.076s][info][gc,start       ] GC(239) Pause Young (Allocation Failure)
[344.106s][info][gc,heap        ] GC(239) DefNew: 628262K(629120K)->47204K(629120K) Eden: 559232K(559232K)->0K(559232K) From: 69030K(69888K)->47204K(69888K)
[344.106s][info][gc,heap        ] GC(239) Tenured: 1176315K(1398144K)->1244327K(1398144K)
[344.106s][info][gc,metaspace   ] GC(239) Metaspace: 117532K(121920K)->117532K(121920K) NonClass: 101339K(102464K)->101339K(102464K) Class: 16192K(19456K)->16192K(19456K)
[344.106s][info][gc             ] GC(239) Pause Young (Allocation Failure) 1762M->1261M(1979M) 29.724ms
[344.106s][info][gc,cpu         ] GC(239) User=0.03s Sys=0.00s Real=0.03s
[344.144s][info][gc,start       ] GC(240) Pause Young (Allocation Failure)
[344.161s][info][gc,heap        ] GC(240) DefNew: 606436K(629120K)->15787K(629120K) Eden: 559232K(559232K)->0K(559232K) From: 47204K(69888K)->15787K(69888K)
[344.161s][info][gc,heap        ] GC(240) Tenured: 1244327K(1398144K)->1287515K(1398144K)
[344.161s][info][gc,metaspace   ] GC(240) Metaspace: 117532K(121920K)->117532K(121920K) NonClass: 101339K(102464K)->101339K(102464K) Class: 16192K(19456K)->16192K(19456K)
[344.161s][info][gc             ] GC(240) Pause Young (Allocation Failure) 1807M->1272M(1979M) 16.286ms
[344.161s][info][gc,cpu         ] GC(240) User=0.02s Sys=0.00s Real=0.02s
[344.199s][info][gc,start       ] GC(241) Pause Young (Allocation Failure)
[344.209s][info][gc,heap        ] GC(241) DefNew: 575019K(629120K)->31872K(629120K) Eden: 559232K(559232K)->0K(559232K) From: 15787K(69888K)->31872K(69888K)
[344.209s][info][gc,heap        ] GC(241) Tenured: 1287515K(1398144K)->1287515K(1398144K)
[344.209s][info][gc,metaspace   ] GC(241) Metaspace: 117532K(121920K)->117532K(121920K) NonClass: 101340K(102464K)->101340K(102464K) Class: 16192K(19456K)->16192K(19456K)
[344.209s][info][gc             ] GC(241) Pause Young (Allocation Failure) 1818M->1288M(1979M) 10.311ms
[344.209s][info][gc,cpu         ] GC(241) User=0.00s Sys=0.00s Real=0.00s
[344.248s][info][gc,start       ] GC(242) Pause Young (Allocation Failure)
[344.261s][info][gc,heap        ] GC(242) DefNew: 591104K(629120K)->45961K(629120K) Eden: 559232K(559232K)->0K(559232K) From: 31872K(69888K)->45961K(69888K)
[344.261s][info][gc,heap        ] GC(242) Tenured: 1287515K(1398144K)->1287515K(1398144K)
[344.261s][info][gc,metaspace   ] GC(242) Metaspace: 117532K(121920K)->117532K(121920K) NonClass: 101340K(102464K)->101340K(102464K) Class: 16192K(19456K)->16192K(19456K)
[344.261s][info][gc             ] GC(242) Pause Young (Allocation Failure) 1834M->1302M(1979M) 13.090ms
[344.261s][info][gc,cpu         ] GC(242) User=0.02s Sys=0.00s Real=0.02s
[344.299s][info][gc,start       ] GC(243) Pause Young (Allocation Failure)
[344.312s][info][gc,heap        ] GC(243) DefNew: 605193K(629120K)->27851K(629120K) Eden: 559232K(559232K)->0K(559232K) From: 45961K(69888K)->27851K(69888K)
[344.312s][info][gc,heap        ] GC(243) Tenured: 1287515K(1398144K)->1306247K(1398144K)
[344.312s][info][gc,metaspace   ] GC(243) Metaspace: 117532K(121920K)->117532K(121920K) NonClass: 101340K(102464K)->101340K(102464K) Class: 16192K(19456K)->16192K(19456K)
[344.312s][info][gc             ] GC(243) Pause Young (Allocation Failure) 1848M->1302M(1979M) 13.237ms
[344.312s][info][gc,cpu         ] GC(243) User=0.02s Sys=0.00s Real=0.02s
[344.351s][info][gc,start       ] GC(244) Pause Young (Allocation Failure)
[344.365s][info][gc,heap        ] GC(244) DefNew: 587083K(629120K)->52072K(629120K) Eden: 559232K(559232K)->0K(559232K) From: 27851K(69888K)->52072K(69888K)
[344.365s][info][gc,heap        ] GC(244) Tenured: 1306247K(1398144K)->1306247K(1398144K)
[344.365s][info][gc,metaspace   ] GC(244) Metaspace: 117532K(121920K)->117532K(121920K) NonClass: 101340K(102464K)->101340K(102464K) Class: 16192K(19456K)->16192K(19456K)
[344.365s][info][gc             ] GC(244) Pause Young (Allocation Failure) 1848M->1326M(1979M) 14.797ms
[344.365s][info][gc,cpu         ] GC(244) User=0.02s Sys=0.00s Real=0.02s
[344.403s][info][gc,start       ] GC(245) Pause Young (Allocation Failure)
[344.417s][info][gc,heap        ] GC(245) DefNew: 611304K(629120K)->34673K(629120K) Eden: 559232K(559232K)->0K(559232K) From: 52072K(69888K)->34673K(69888K)
[344.417s][info][gc,heap        ] GC(245) Tenured: 1306247K(1398144K)->1319782K(1398144K)
[344.417s][info][gc,metaspace   ] GC(245) Metaspace: 117532K(121920K)->117532K(121920K) NonClass: 101340K(102464K)->101340K(102464K) Class: 16192K(19456K)->16192K(19456K)
[344.417s][info][gc             ] GC(245) Pause Young (Allocation Failure) 1872M->1322M(1979M) 13.627ms
[344.417s][info][gc,cpu         ] GC(245) User=0.02s Sys=0.00s Real=0.02s
[344.455s][info][gc,start       ] GC(246) Pause Young (Allocation Failure)
[344.466s][info][gc,heap        ] GC(246) DefNew: 593905K(629120K)->36531K(629120K) Eden: 559232K(559232K)->0K(559232K) From: 34673K(69888K)->36531K(69888K)
[344.466s][info][gc,heap        ] GC(246) Tenured: 1319782K(1398144K)->1319782K(1398144K)
[344.466s][info][gc,metaspace   ] GC(246) Metaspace: 117532K(121920K)->117532K(121920K) NonClass: 101340K(102464K)->101340K(102464K) Class: 16192K(19456K)->16192K(19456K)
[344.466s][info][gc             ] GC(246) Pause Young (Allocation Failure) 1868M->1324M(1979M) 11.084ms
[344.466s][info][gc,cpu         ] GC(246) User=0.02s Sys=0.00s Real=0.01s
[344.505s][info][gc,start       ] GC(247) Pause Young (Allocation Failure)
[344.521s][info][gc,heap        ] GC(247) DefNew: 595763K(629120K)->50386K(629120K) Eden: 559232K(559232K)->0K(559232K) From: 36531K(69888K)->50386K(69888K)
[344.521s][info][gc,heap        ] GC(247) Tenured: 1319782K(1398144K)->1326033K(1398144K)
[344.521s][info][gc,metaspace   ] GC(247) Metaspace: 117532K(121920K)->117532K(121920K) NonClass: 101340K(102464K)->101340K(102464K) Class: 16192K(19456K)->16192K(19456K)
[344.521s][info][gc             ] GC(247) Pause Young (Allocation Failure) 1870M->1344M(1979M) 15.631ms
[344.521s][info][gc,cpu         ] GC(247) User=0.02s Sys=0.00s Real=0.01s
[344.559s][info][gc,start       ] GC(248) Pause Young (Allocation Failure)
[344.577s][info][gc,heap        ] GC(248) DefNew: 609618K(629120K)->44133K(629120K) Eden: 559232K(559232K)->0K(559232K) From: 50386K(69888K)->44133K(69888K)
[344.577s][info][gc,heap        ] GC(248) Tenured: 1326033K(1398144K)->1351035K(1398144K)
[344.577s][info][gc,metaspace   ] GC(248) Metaspace: 117532K(121920K)->117532K(121920K) NonClass: 101340K(102464K)->101340K(102464K) Class: 16192K(19456K)->16192K(19456K)
[344.577s][info][gc             ] GC(248) Pause Young (Allocation Failure) 1890M->1362M(1979M) 18.009ms
[344.577s][info][gc,cpu         ] GC(248) User=0.02s Sys=0.00s Real=0.02s
[344.617s][info][gc,start       ] GC(249) Pause Young (Allocation Failure)
[344.617s][info][gc             ] GC(249) Pause Young (Allocation Failure) 1908M->1908M(1979M) 0.124ms
[344.617s][info][gc,cpu         ] GC(249) User=0.00s Sys=0.00s Real=0.00s
[344.617s][info][gc,start       ] GC(250) Pause Full (Allocation Failure)
[344.617s][info][gc,phases,start] GC(250) Phase 1: Mark live objects
[344.677s][info][gc,phases      ] GC(250) Phase 1: Mark live objects 59.974ms
[344.677s][info][gc,phases,start] GC(250) Phase 2: Compute new object addresses
[344.832s][info][gc,phases      ] GC(250) Phase 2: Compute new object addresses 154.394ms
[344.832s][info][gc,phases,start] GC(250) Phase 3: Adjust pointers
[344.872s][info][gc,phases      ] GC(250) Phase 3: Adjust pointers 39.746ms
[344.872s][info][gc,phases,start] GC(250) Phase 4: Move objects
[344.909s][info][gc,phases      ] GC(250) Phase 4: Move objects 37.187ms
[344.910s][info][gc,heap        ] GC(250) DefNew: 603365K(629120K)->0K(629120K) Eden: 559232K(559232K)->0K(559232K) From: 44133K(69888K)->0K(69888K)
[344.910s][info][gc,heap        ] GC(250) Tenured: 1351035K(1398144K)->1205401K(1398144K)
[344.910s][info][gc,metaspace   ] GC(250) Metaspace: 117533K(121920K)->117533K(121920K) NonClass: 101340K(102464K)->101340K(102464K) Class: 16192K(19456K)->16192K(19456K)
[344.910s][info][gc             ] GC(250) Pause Full (Allocation Failure) 1908M->1177M(1979M) 292.547ms
[344.910s][info][gc,cpu         ] GC(250) User=0.30s Sys=0.00s Real=0.30s
[344.958s][info][gc,start       ] GC(251) Pause Young (Allocation Failure)
[344.964s][info][gc,heap        ] GC(251) DefNew: 559232K(629120K)->12590K(629120K) Eden: 559232K(559232K)->0K(559232K) From: 0K(69888K)->12590K(69888K)
[344.964s][info][gc,heap        ] GC(251) Tenured: 1205401K(1398144K)->1205401K(1398144K)
[344.964s][info][gc,metaspace   ] GC(251) Metaspace: 117533K(121920K)->117533K(121920K) NonClass: 101341K(102464K)->101341K(102464K) Class: 16192K(19456K)->16192K(19456K)
[344.964s][info][gc             ] GC(251) Pause Young (Allocation Failure) 1723M->1189M(1979M) 6.669ms
[344.964s][info][gc,cpu         ] GC(251) User=0.00s Sys=0.00s Real=0.00s
[345.005s][info][gc,start       ] GC(252) Pause Young (Allocation Failure)
[345.018s][info][gc,heap        ] GC(252) DefNew: 571822K(629120K)->44264K(629120K) Eden: 559232K(559232K)->0K(559232K) From: 12590K(69888K)->44264K(69888K)
[345.018s][info][gc,heap        ] GC(252) Tenured: 1205401K(1398144K)->1205401K(1398144K)
[345.018s][info][gc,metaspace   ] GC(252) Metaspace: 117533K(121920K)->117533K(121920K) NonClass: 101341K(102464K)->101341K(102464K) Class: 16192K(19456K)->16192K(19456K)
[345.018s][info][gc             ] GC(252) Pause Young (Allocation Failure) 1735M->1220M(1979M) 13.345ms
[345.018s][info][gc,cpu         ] GC(252) User=0.02s Sys=0.00s Real=0.02s
[345.061s][info][gc,start       ] GC(253) Pause Young (Allocation Failure)
[345.088s][info][gc,heap        ] GC(253) DefNew: 603496K(629120K)->69888K(629120K) Eden: 559232K(559232K)->0K(559232K) From: 44264K(69888K)->69888K(69888K)
[345.088s][info][gc,heap        ] GC(253) Tenured: 1205401K(1398144K)->1255719K(1398144K)
[345.088s][info][gc,metaspace   ] GC(253) Metaspace: 117543K(121920K)->117543K(121920K) NonClass: 101350K(102464K)->101350K(102464K) Class: 16192K(19456K)->16192K(19456K)
[345.088s][info][gc             ] GC(253) Pause Young (Allocation Failure) 1766M->1294M(1979M) 27.444ms
[345.088s][info][gc,cpu         ] GC(253) User=0.02s Sys=0.00s Real=0.02s
[345.133s][info][gc,start       ] GC(254) Pause Young (Allocation Failure)
[345.161s][info][gc,heap        ] GC(254) DefNew: 629120K(629120K)->27344K(629120K) Eden: 559232K(559232K)->0K(559232K) From: 69888K(69888K)->27344K(69888K)
[345.161s][info][gc,heap        ] GC(254) Tenured: 1255719K(1398144K)->1322442K(1398144K)
[345.161s][info][gc,metaspace   ] GC(254) Metaspace: 117553K(121920K)->117553K(121920K) NonClass: 101361K(102464K)->101361K(102464K) Class: 16192K(19456K)->16192K(19456K)
[345.161s][info][gc             ] GC(254) Pause Young (Allocation Failure) 1840M->1318M(1979M) 28.669ms
[345.161s][info][gc,cpu         ] GC(254) User=0.03s Sys=0.00s Real=0.03s
[345.203s][info][gc,start       ] GC(255) Pause Young (Allocation Failure)
[345.203s][info][gc             ] GC(255) Pause Young (Allocation Failure) 1864M->1864M(1979M) 0.140ms
[345.203s][info][gc,cpu         ] GC(255) User=0.00s Sys=0.00s Real=0.00s
[345.203s][info][gc,start       ] GC(256) Pause Full (Allocation Failure)
[345.203s][info][gc,phases,start] GC(256) Phase 1: Mark live objects
[345.264s][info][gc,phases      ] GC(256) Phase 1: Mark live objects 60.166ms
[345.264s][info][gc,phases,start] GC(256) Phase 2: Compute new object addresses
[345.421s][info][gc,phases      ] GC(256) Phase 2: Compute new object addresses 157.165ms
[345.421s][info][gc,phases,start] GC(256) Phase 3: Adjust pointers
[345.464s][info][gc,phases      ] GC(256) Phase 3: Adjust pointers 43.150ms
[345.464s][info][gc,phases,start] GC(256) Phase 4: Move objects
[345.489s][info][gc,phases      ] GC(256) Phase 4: Move objects 24.396ms
[345.489s][info][gc,heap        ] GC(256) DefNew: 586576K(629120K)->0K(629120K) Eden: 559232K(559232K)->0K(559232K) From: 27344K(69888K)->0K(69888K)
[345.489s][info][gc,heap        ] GC(256) Tenured: 1322442K(1398144K)->1205288K(1398144K)
[345.489s][info][gc,metaspace   ] GC(256) Metaspace: 117555K(121920K)->117555K(121920K) NonClass: 101362K(102464K)->101362K(102464K) Class: 16192K(19456K)->16192K(19456K)
[345.489s][info][gc             ] GC(256) Pause Full (Allocation Failure) 1864M->1177M(1979M) 286.034ms
[345.490s][info][gc,cpu         ] GC(256) User=0.30s Sys=0.00s Real=0.30s
[345.533s][info][gc,start       ] GC(257) Pause Young (Allocation Failure)
[345.546s][info][gc,heap        ] GC(257) DefNew: 559232K(629120K)->39019K(629120K) Eden: 559232K(559232K)->0K(559232K) From: 0K(69888K)->39019K(69888K)
[345.546s][info][gc,heap        ] GC(257) Tenured: 1205288K(1398144K)->1205288K(1398144K)
[345.546s][info][gc,metaspace   ] GC(257) Metaspace: 117568K(121920K)->117568K(121920K) NonClass: 101375K(102464K)->101375K(102464K) Class: 16193K(19456K)->16193K(19456K)
[345.546s][info][gc             ] GC(257) Pause Young (Allocation Failure) 1723M->1215M(1979M) 13.168ms
[345.546s][info][gc,cpu         ] GC(257) User=0.02s Sys=0.00s Real=0.02s
[345.585s][info][gc,start       ] GC(258) Pause Young (Allocation Failure)
[345.609s][info][gc,heap        ] GC(258) DefNew: 598251K(629120K)->64759K(629120K) Eden: 559232K(559232K)->0K(559232K) From: 39019K(69888K)->64759K(69888K)
[345.609s][info][gc,heap        ] GC(258) Tenured: 1205288K(1398144K)->1228292K(1398144K)
[345.609s][info][gc,metaspace   ] GC(258) Metaspace: 117631K(121920K)->117631K(121920K) NonClass: 101438K(102464K)->101438K(102464K) Class: 16193K(19456K)->16193K(19456K)
[345.609s][info][gc             ] GC(258) Pause Young (Allocation Failure) 1761M->1262M(1979M) 24.065ms
[345.609s][info][gc,cpu         ] GC(258) User=0.03s Sys=0.00s Real=0.03s
[345.645s][info][gc,start       ] GC(259) Pause Young (Allocation Failure)
[345.675s][info][gc,heap        ] GC(259) DefNew: 623991K(629120K)->69431K(629120K) Eden: 559232K(559232K)->0K(559232K) From: 64759K(69888K)->69431K(69888K)
[345.683s][info][gc,heap        ] GC(259) Tenured: 1228292K(1398144K)->1275853K(1398144K)
[345.683s][info][gc,metaspace   ] GC(259) Metaspace: 117673K(121920K)->117673K(121920K) NonClass: 101480K(102464K)->101480K(102464K) Class: 16193K(19456K)->16193K(19456K)
[345.683s][info][gc             ] GC(259) Pause Young (Allocation Failure) 1808M->1313M(1979M) 37.533ms
[345.683s][info][gc,cpu         ] GC(259) User=0.03s Sys=0.00s Real=0.03s
[345.723s][info][gc,start       ] GC(260) Pause Young (Allocation Failure)
[345.754s][info][gc,heap        ] GC(260) DefNew: 628663K(629120K)->69888K(629120K) Eden: 559232K(559232K)->0K(559232K) From: 69431K(69888K)->69888K(69888K)
[345.754s][info][gc,heap        ] GC(260) Tenured: 1275853K(1398144K)->1330522K(1398144K)
[345.754s][info][gc,metaspace   ] GC(260) Metaspace: 117677K(121920K)->117677K(121920K) NonClass: 101484K(102464K)->101484K(102464K) Class: 16193K(19456K)->16193K(19456K)
[345.754s][info][gc             ] GC(260) Pause Young (Allocation Failure) 1859M->1367M(1979M) 31.227ms
[345.754s][info][gc,cpu         ] GC(260) User=0.03s Sys=0.00s Real=0.03s
[345.790s][info][gc,start       ] GC(261) Pause Young (Allocation Failure)
[345.790s][info][gc             ] GC(261) Pause Young (Allocation Failure) 1913M->1913M(1979M) 0.128ms
[345.790s][info][gc,cpu         ] GC(261) User=0.00s Sys=0.00s Real=0.00s
[345.790s][info][gc,start       ] GC(262) Pause Full (Allocation Failure)
[345.790s][info][gc,phases,start] GC(262) Phase 1: Mark live objects
[345.843s][info][gc,phases      ] GC(262) Phase 1: Mark live objects 53.078ms
[345.844s][info][gc,phases,start] GC(262) Phase 2: Compute new object addresses
[346.009s][info][gc,phases      ] GC(262) Phase 2: Compute new object addresses 165.216ms
[346.009s][info][gc,phases,start] GC(262) Phase 3: Adjust pointers
[346.040s][info][gc,phases      ] GC(262) Phase 3: Adjust pointers 31.217ms
[346.040s][info][gc,phases,start] GC(262) Phase 4: Move objects
[346.262s][info][gc,phases      ] GC(262) Phase 4: Move objects 221.510ms
[346.262s][info][gc,heap        ] GC(262) DefNew: 629120K(629120K)->0K(629120K) Eden: 559232K(559232K)->0K(559232K) From: 69888K(69888K)->0K(69888K)
[346.262s][info][gc,heap        ] GC(262) Tenured: 1330522K(1398144K)->1202112K(1398144K)
[346.262s][info][gc,metaspace   ] GC(262) Metaspace: 117677K(121920K)->117677K(121920K) NonClass: 101484K(102464K)->101484K(102464K) Class: 16193K(19456K)->16193K(19456K)
[346.263s][info][gc             ] GC(262) Pause Full (Allocation Failure) 1913M->1173M(1979M) 472.212ms
[346.263s][info][gc,cpu         ] GC(262) User=0.47s Sys=0.00s Real=0.47s
[346.300s][info][gc,start       ] GC(263) Pause Young (Allocation Failure)
[346.317s][info][gc,heap        ] GC(263) DefNew: 559232K(629120K)->51201K(629120K) Eden: 559232K(559232K)->0K(559232K) From: 0K(69888K)->51201K(69888K)
[346.317s][info][gc,heap        ] GC(263) Tenured: 1202112K(1398144K)->1202112K(1398144K)
[346.317s][info][gc,metaspace   ] GC(263) Metaspace: 117685K(121920K)->117685K(121920K) NonClass: 101492K(102464K)->101492K(102464K) Class: 16193K(19456K)->16193K(19456K)
[346.317s][info][gc             ] GC(263) Pause Young (Allocation Failure) 1720M->1223M(1979M) 16.596ms
[346.317s][info][gc,cpu         ] GC(263) User=0.02s Sys=0.00s Real=0.02s
[346.347s][info][gc,start       ] GC(264) Pause Young (Allocation Failure)
[346.376s][info][gc,heap        ] GC(264) DefNew: 609019K(629120K)->68382K(629120K) Eden: 557817K(559232K)->0K(559232K) From: 51201K(69888K)->68382K(69888K)
[346.376s][info][gc,heap        ] GC(264) Tenured: 1202112K(1398144K)->1226958K(1398144K)
[346.376s][info][gc,metaspace   ] GC(264) Metaspace: 117685K(121920K)->117685K(121920K) NonClass: 101492K(102464K)->101492K(102464K) Class: 16193K(19456K)->16193K(19456K)
[346.376s][info][gc             ] GC(264) Pause Young (Allocation Failure) 1768M->1264M(1979M) 29.061ms
[346.376s][info][gc,cpu         ] GC(264) User=0.03s Sys=0.00s Real=0.03s
[346.411s][info][gc,start       ] GC(265) Pause Young (Allocation Failure)
[346.438s][info][gc,heap        ] GC(265) DefNew: 627614K(629120K)->69175K(629120K) Eden: 559232K(559232K)->0K(559232K) From: 68382K(69888K)->69175K(69888K)
[346.438s][info][gc,heap        ] GC(265) Tenured: 1226958K(1398144K)->1271728K(1398144K)
[346.438s][info][gc,metaspace   ] GC(265) Metaspace: 117685K(121920K)->117685K(121920K) NonClass: 101492K(102464K)->101492K(102464K) Class: 16193K(19456K)->16193K(19456K)
[346.438s][info][gc             ] GC(265) Pause Young (Allocation Failure) 1811M->1309M(1979M) 27.125ms
[346.438s][info][gc,cpu         ] GC(265) User=0.03s Sys=0.00s Real=0.03s
[346.471s][info][gc,start       ] GC(266) Pause Young (Allocation Failure)
[346.497s][info][gc,heap        ] GC(266) DefNew: 628407K(629120K)->55331K(629120K) Eden: 559232K(559232K)->0K(559232K) From: 69175K(69888K)->55331K(69888K)
[346.497s][info][gc,heap        ] GC(266) Tenured: 1271728K(1398144K)->1325526K(1398144K)
[346.497s][info][gc,metaspace   ] GC(266) Metaspace: 117685K(121920K)->117685K(121920K) NonClass: 101492K(102464K)->101492K(102464K) Class: 16193K(19456K)->16193K(19456K)
[346.497s][info][gc             ] GC(266) Pause Young (Allocation Failure) 1855M->1348M(1979M) 26.336ms
[346.497s][info][gc,cpu         ] GC(266) User=0.02s Sys=0.00s Real=0.02s
[346.530s][info][gc,start       ] GC(267) Pause Young (Allocation Failure)
[346.530s][info][gc             ] GC(267) Pause Young (Allocation Failure) 1894M->1894M(1979M) 0.124ms
[346.530s][info][gc,cpu         ] GC(267) User=0.00s Sys=0.00s Real=0.00s
[346.530s][info][gc,start       ] GC(268) Pause Full (Allocation Failure)
[346.530s][info][gc,phases,start] GC(268) Phase 1: Mark live objects
[346.581s][info][gc,phases      ] GC(268) Phase 1: Mark live objects 50.614ms
[346.581s][info][gc,phases,start] GC(268) Phase 2: Compute new object addresses
[346.726s][info][gc,phases      ] GC(268) Phase 2: Compute new object addresses 145.032ms
[346.726s][info][gc,phases,start] GC(268) Phase 3: Adjust pointers
[346.756s][info][gc,phases      ] GC(268) Phase 3: Adjust pointers 29.451ms
[346.756s][info][gc,phases,start] GC(268) Phase 4: Move objects
[346.778s][info][gc,phases      ] GC(268) Phase 4: Move objects 22.660ms
[346.779s][info][gc,heap        ] GC(268) DefNew: 614563K(629120K)->0K(629120K) Eden: 559232K(559232K)->0K(559232K) From: 55331K(69888K)->0K(69888K)
[346.779s][info][gc,heap        ] GC(268) Tenured: 1325526K(1398144K)->1329275K(1398144K)
[346.779s][info][gc,metaspace   ] GC(268) Metaspace: 117685K(121920K)->117685K(121920K) NonClass: 101492K(102464K)->101492K(102464K) Class: 16193K(19456K)->16193K(19456K)
[346.779s][info][gc             ] GC(268) Pause Full (Allocation Failure) 1894M->1298M(1979M) 248.789ms
[346.779s][info][gc,cpu         ] GC(268) User=0.25s Sys=0.00s Real=0.25s
[346.817s][info][gc,start       ] GC(269) Pause Young (Allocation Failure)
[346.817s][info][gc             ] GC(269) Pause Young (Allocation Failure) 1844M->1844M(1979M) 0.144ms
[346.817s][info][gc,cpu         ] GC(269) User=0.00s Sys=0.00s Real=0.00s
[346.817s][info][gc,start       ] GC(270) Pause Full (Allocation Failure)
[346.817s][info][gc,phases,start] GC(270) Phase 1: Mark live objects
[346.879s][info][gc,phases      ] GC(270) Phase 1: Mark live objects 61.354ms
[346.879s][info][gc,phases,start] GC(270) Phase 2: Compute new object addresses
[347.033s][info][gc,phases      ] GC(270) Phase 2: Compute new object addresses 153.851ms
[347.033s][info][gc,phases,start] GC(270) Phase 3: Adjust pointers
[347.062s][info][gc,phases      ] GC(270) Phase 3: Adjust pointers 29.790ms
[347.063s][info][gc,phases,start] GC(270) Phase 4: Move objects
[347.081s][info][gc,phases      ] GC(270) Phase 4: Move objects 18.141ms
[347.081s][info][gc,heap        ] GC(270) DefNew: 559232K(629120K)->0K(629120K) Eden: 559232K(559232K)->0K(559232K) From: 0K(69888K)->0K(69888K)
[347.081s][info][gc,heap        ] GC(270) Tenured: 1329275K(1398144K)->1345477K(1398144K)
[347.081s][info][gc,metaspace   ] GC(270) Metaspace: 117685K(121920K)->117685K(121920K) NonClass: 101492K(102464K)->101492K(102464K) Class: 16193K(19456K)->16193K(19456K)
[347.082s][info][gc             ] GC(270) Pause Full (Allocation Failure) 1844M->1313M(1979M) 264.209ms
[347.082s][info][gc,cpu         ] GC(270) User=0.27s Sys=0.00s Real=0.26s
[347.118s][info][gc,start       ] GC(271) Pause Young (Allocation Failure)
[347.118s][info][gc             ] GC(271) Pause Young (Allocation Failure) 1860M->1860M(1979M) 0.135ms
[347.118s][info][gc,cpu         ] GC(271) User=0.00s Sys=0.00s Real=0.00s
[347.118s][info][gc,start       ] GC(272) Pause Full (Allocation Failure)
[347.118s][info][gc,phases,start] GC(272) Phase 1: Mark live objects
[347.170s][info][gc,phases      ] GC(272) Phase 1: Mark live objects 51.873ms
[347.170s][info][gc,phases,start] GC(272) Phase 2: Compute new object addresses
[347.313s][info][gc,phases      ] GC(272) Phase 2: Compute new object addresses 142.331ms
[347.313s][info][gc,phases,start] GC(272) Phase 3: Adjust pointers
[347.343s][info][gc,phases      ] GC(272) Phase 3: Adjust pointers 29.892ms
[347.343s][info][gc,phases,start] GC(272) Phase 4: Move objects
[347.366s][info][gc,phases      ] GC(272) Phase 4: Move objects 22.913ms
[347.366s][info][gc,heap        ] GC(272) DefNew: 559232K(629120K)->0K(629120K) Eden: 559232K(559232K)->0K(559232K) From: 0K(69888K)->0K(69888K)
[347.366s][info][gc,heap        ] GC(272) Tenured: 1345477K(1398144K)->1369726K(1398144K)
[347.366s][info][gc,metaspace   ] GC(272) Metaspace: 117685K(121920K)->117685K(121920K) NonClass: 101492K(102464K)->101492K(102464K) Class: 16193K(19456K)->16193K(19456K)
[347.367s][info][gc             ] GC(272) Pause Full (Allocation Failure) 1860M->1337M(1979M) 248.235ms
[347.367s][info][gc,cpu         ] GC(272) User=0.25s Sys=0.00s Real=0.25s
[347.402s][info][gc,start       ] GC(273) Pause Young (Allocation Failure)
[347.402s][info][gc             ] GC(273) Pause Young (Allocation Failure) 1883M->1883M(1979M) 0.137ms
[347.402s][info][gc,cpu         ] GC(273) User=0.00s Sys=0.00s Real=0.00s
[347.402s][info][gc,start       ] GC(274) Pause Full (Allocation Failure)
[347.403s][info][gc,phases,start] GC(274) Phase 1: Mark live objects
[347.453s][info][gc,phases      ] GC(274) Phase 1: Mark live objects 50.713ms
[347.453s][info][gc,phases,start] GC(274) Phase 2: Compute new object addresses
[347.591s][info][gc,phases      ] GC(274) Phase 2: Compute new object addresses 137.993ms
[347.591s][info][gc,phases,start] GC(274) Phase 3: Adjust pointers
[347.621s][info][gc,phases      ] GC(274) Phase 3: Adjust pointers 29.810ms
[347.621s][info][gc,phases,start] GC(274) Phase 4: Move objects
[347.688s][info][gc,phases      ] GC(274) Phase 4: Move objects 66.319ms
[347.688s][info][gc,heap        ] GC(274) DefNew: 559232K(629120K)->0K(629120K) Eden: 559232K(559232K)->0K(559232K) From: 0K(69888K)->0K(69888K)
[347.688s][info][gc,heap        ] GC(274) Tenured: 1369726K(1398144K)->1312028K(1398144K)
[347.688s][info][gc,metaspace   ] GC(274) Metaspace: 117685K(121920K)->117685K(121920K) NonClass: 101492K(102464K)->101492K(102464K) Class: 16193K(19456K)->16193K(19456K)
[347.688s][info][gc             ] GC(274) Pause Full (Allocation Failure) 1883M->1281M(1979M) 285.967ms
[347.688s][info][gc,cpu         ] GC(274) User=0.28s Sys=0.00s Real=0.28s
[347.723s][info][gc,start       ] GC(275) Pause Young (Allocation Failure)
[347.742s][info][gc,heap        ] GC(275) DefNew: 559232K(629120K)->69807K(629120K) Eden: 559232K(559232K)->0K(559232K) From: 0K(69888K)->69807K(69888K)
[347.742s][info][gc,heap        ] GC(275) Tenured: 1312028K(1398144K)->1315153K(1398144K)
[347.742s][info][gc,metaspace   ] GC(275) Metaspace: 117685K(121920K)->117685K(121920K) NonClass: 101492K(102464K)->101492K(102464K) Class: 16193K(19456K)->16193K(19456K)
[347.742s][info][gc             ] GC(275) Pause Young (Allocation Failure) 1827M->1352M(1979M) 18.399ms
[347.742s][info][gc,cpu         ] GC(275) User=0.02s Sys=0.00s Real=0.02s
[347.772s][info][gc,start       ] GC(276) Pause Young (Allocation Failure)
[347.797s][info][gc,heap        ] GC(276) DefNew: 629039K(629120K)->45571K(629120K) Eden: 559232K(559232K)->0K(559232K) From: 69807K(69888K)->45571K(69888K)
[347.798s][info][gc,heap        ] GC(276) Tenured: 1315153K(1398144K)->1372284K(1398144K)
[347.798s][info][gc,metaspace   ] GC(276) Metaspace: 117685K(121920K)->117685K(121920K) NonClass: 101492K(102464K)->101492K(102464K) Class: 16193K(19456K)->16193K(19456K)
[347.798s][info][gc             ] GC(276) Pause Young (Allocation Failure) 1898M->1384M(1979M) 25.214ms
[347.798s][info][gc,cpu         ] GC(276) User=0.02s Sys=0.00s Real=0.02s
[347.832s][info][gc,start       ] GC(277) Pause Young (Allocation Failure)
[347.832s][info][gc             ] GC(277) Pause Young (Allocation Failure) 1928M->1928M(1979M) 0.125ms
[347.832s][info][gc,cpu         ] GC(277) User=0.00s Sys=0.00s Real=0.00s
[347.832s][info][gc,start       ] GC(278) Pause Full (Allocation Failure)
[347.832s][info][gc,phases,start] GC(278) Phase 1: Mark live objects
[347.883s][info][gc,phases      ] GC(278) Phase 1: Mark live objects 50.664ms
[347.883s][info][gc,phases,start] GC(278) Phase 2: Compute new object addresses
[348.026s][info][gc,phases      ] GC(278) Phase 2: Compute new object addresses 142.949ms
[348.026s][info][gc,phases,start] GC(278) Phase 3: Adjust pointers
[348.056s][info][gc,phases      ] GC(278) Phase 3: Adjust pointers 29.732ms
[348.056s][info][gc,phases,start] GC(278) Phase 4: Move objects
[348.074s][info][gc,phases      ] GC(278) Phase 4: Move objects 18.646ms
[348.075s][info][gc,heap        ] GC(278) DefNew: 602208K(629120K)->9375K(629120K) Eden: 556637K(559232K)->9375K(559232K) From: 45571K(69888K)->0K(69888K)
[348.075s][info][gc,heap        ] GC(278) Tenured: 1372284K(1398144K)->1396880K(1398144K)
[348.075s][info][gc,metaspace   ] GC(278) Metaspace: 117685K(121920K)->117685K(121920K) NonClass: 101492K(102464K)->101492K(102464K) Class: 16193K(19456K)->16193K(19456K)
[348.075s][info][gc             ] GC(278) Pause Full (Allocation Failure) 1928M->1373M(1979M) 243.053ms
[348.075s][info][gc,cpu         ] GC(278) User=0.23s Sys=0.00s Real=0.24s
[349.659s][info][gc,start       ] GC(279) Pause Full (Allocation Failure)
[349.659s][info][gc,phases,start] GC(279) Phase 1: Mark live objects
[349.710s][info][gc,phases      ] GC(279) Phase 1: Mark live objects 51.634ms
[349.711s][info][gc,phases,start] GC(279) Phase 2: Compute new object addresses
[349.868s][info][gc,phases      ] GC(279) Phase 2: Compute new object addresses 157.424ms
[349.868s][info][gc,phases,start] GC(279) Phase 3: Adjust pointers
[349.898s][info][gc,phases      ] GC(279) Phase 3: Adjust pointers 30.453ms
[349.898s][info][gc,phases,start] GC(279) Phase 4: Move objects
[349.914s][info][gc,phases      ] GC(279) Phase 4: Move objects 15.386ms
[349.915s][info][gc,heap        ] GC(279) DefNew: 625463K(629120K)->37355K(629120K) Eden: 559232K(559232K)->37355K(559232K) From: 66231K(69888K)->0K(69888K)
[349.915s][info][gc,heap        ] GC(279) Tenured: 1396880K(1398144K)->1394070K(1398144K)
[349.915s][info][gc,metaspace   ] GC(279) Metaspace: 117685K(121920K)->117685K(121920K) NonClass: 101492K(102464K)->101492K(102464K) Class: 16193K(19456K)->16193K(19456K)
[349.915s][info][gc             ] GC(279) Pause Full (Allocation Failure) 1974M->1397M(1979M) 256.061ms
[349.915s][info][gc,cpu         ] GC(279) User=0.25s Sys=0.00s Real=0.25s
[351.563s][info][gc,start       ] GC(280) Pause Full (Allocation Failure)
[351.563s][info][gc,phases,start] GC(280) Phase 1: Mark live objects
[351.614s][info][gc,phases      ] GC(280) Phase 1: Mark live objects 50.718ms
[351.614s][info][gc,phases,start] GC(280) Phase 2: Compute new object addresses
[351.785s][info][gc,phases      ] GC(280) Phase 2: Compute new object addresses 170.857ms
[351.785s][info][gc,phases,start] GC(280) Phase 3: Adjust pointers
[351.814s][info][gc,phases      ] GC(280) Phase 3: Adjust pointers 29.641ms
[351.814s][info][gc,phases,start] GC(280) Phase 4: Move objects
[351.838s][info][gc,phases      ] GC(280) Phase 4: Move objects 23.980ms
[351.839s][info][gc,heap        ] GC(280) DefNew: 628625K(629120K)->40485K(629120K) Eden: 559232K(559232K)->40485K(559232K) From: 69393K(69888K)->0K(69888K)
[351.839s][info][gc,heap        ] GC(280) Tenured: 1394070K(1398144K)->1397656K(1398144K)
[351.839s][info][gc,metaspace   ] GC(280) Metaspace: 117685K(121920K)->117685K(121920K) NonClass: 101492K(102464K)->101492K(102464K) Class: 16193K(19456K)->16193K(19456K)
[351.840s][info][gc             ] GC(280) Pause Full (Allocation Failure) 1975M->1404M(1979M) 276.527ms
[351.840s][info][gc,cpu         ] GC(280) User=0.28s Sys=0.00s Real=0.28s
[353.538s][info][gc,start       ] GC(281) Pause Full (Allocation Failure)
[353.538s][info][gc,phases,start] GC(281) Phase 1: Mark live objects
[353.589s][info][gc,phases      ] GC(281) Phase 1: Mark live objects 51.198ms
[353.589s][info][gc,phases,start] GC(281) Phase 2: Compute new object addresses
[353.747s][info][gc,phases      ] GC(281) Phase 2: Compute new object addresses 157.533ms
[353.747s][info][gc,phases,start] GC(281) Phase 3: Adjust pointers
[353.788s][info][gc,phases      ] GC(281) Phase 3: Adjust pointers 41.255ms
[353.788s][info][gc,phases,start] GC(281) Phase 4: Move objects
[353.867s][info][gc,phases      ] GC(281) Phase 4: Move objects 78.282ms
[353.868s][info][gc,heap        ] GC(281) DefNew: 629120K(629120K)->0K(629120K) Eden: 559232K(559232K)->0K(559232K) From: 69888K(69888K)->0K(69888K)
[353.868s][info][gc,heap        ] GC(281) Tenured: 1398144K(1398144K)->1397026K(1398144K)
[353.868s][info][gc,metaspace   ] GC(281) Metaspace: 117685K(121920K)->117685K(121920K) NonClass: 101492K(102464K)->101492K(102464K) Class: 16193K(19456K)->16193K(19456K)
[353.868s][info][gc             ] GC(281) Pause Full (Allocation Failure) 1979M->1364M(1979M) 329.516ms
[353.868s][info][gc,cpu         ] GC(281) User=0.31s Sys=0.02s Real=0.33s
[353.907s][info][gc,start       ] GC(282) Pause Young (Allocation Failure)
[353.907s][info][gc             ] GC(282) Pause Young (Allocation Failure) 1910M->1910M(1979M) 0.115ms
[353.907s][info][gc,cpu         ] GC(282) User=0.00s Sys=0.00s Real=0.00s
[353.907s][info][gc,start       ] GC(283) Pause Full (Allocation Failure)
[353.907s][info][gc,phases,start] GC(283) Phase 1: Mark live objects
[353.959s][info][gc,phases      ] GC(283) Phase 1: Mark live objects 52.071ms
[353.959s][info][gc,phases,start] GC(283) Phase 2: Compute new object addresses
[354.098s][info][gc,phases      ] GC(283) Phase 2: Compute new object addresses 139.081ms
[354.138s][info][gc,phases,start] GC(283) Phase 3: Adjust pointers
[354.180s][info][gc,phases      ] GC(283) Phase 3: Adjust pointers 42.323ms
[354.180s][info][gc,phases,start] GC(283) Phase 4: Move objects
[354.191s][info][gc,phases      ] GC(283) Phase 4: Move objects 10.513ms
[354.192s][info][gc,heap        ] GC(283) DefNew: 559232K(629120K)->45761K(629120K) Eden: 559232K(559232K)->45761K(559232K) From: 0K(69888K)->0K(69888K)
[354.192s][info][gc,heap        ] GC(283) Tenured: 1397026K(1398144K)->1397027K(1398144K)
[354.192s][info][gc,metaspace   ] GC(283) Metaspace: 117712K(121920K)->117712K(121920K) NonClass: 101518K(102464K)->101518K(102464K) Class: 16193K(19456K)->16193K(19456K)
[354.192s][info][gc             ] GC(283) Pause Full (Allocation Failure) 1910M->1408M(1979M) 285.210ms
[354.192s][info][gc,cpu         ] GC(283) User=0.27s Sys=0.00s Real=0.29s
[355.820s][info][gc,start       ] GC(284) Pause Full (Allocation Failure)
[355.820s][info][gc,phases,start] GC(284) Phase 1: Mark live objects
[355.872s][info][gc,phases      ] GC(284) Phase 1: Mark live objects 51.315ms
[355.872s][info][gc,phases,start] GC(284) Phase 2: Compute new object addresses
[356.064s][info][gc,phases      ] GC(284) Phase 2: Compute new object addresses 192.257ms
[356.064s][info][gc,phases,start] GC(284) Phase 3: Adjust pointers
[356.094s][info][gc,phases      ] GC(284) Phase 3: Adjust pointers 29.909ms
[356.094s][info][gc,phases,start] GC(284) Phase 4: Move objects
[356.108s][info][gc,phases      ] GC(284) Phase 4: Move objects 14.313ms
[356.109s][info][gc,heap        ] GC(284) DefNew: 629119K(629120K)->65029K(629120K) Eden: 559232K(559232K)->65029K(559232K) From: 69887K(69888K)->0K(69888K)
[356.109s][info][gc,heap        ] GC(284) Tenured: 1398142K(1398144K)->1398142K(1398144K)
[356.109s][info][gc,metaspace   ] GC(284) Metaspace: 117740K(121920K)->117740K(121920K) NonClass: 101547K(102464K)->101547K(102464K) Class: 16193K(19456K)->16193K(19456K)
[356.109s][info][gc             ] GC(284) Pause Full (Allocation Failure) 1979M->1428M(1979M) 288.950ms
[356.109s][info][gc,cpu         ] GC(284) User=0.30s Sys=0.00s Real=0.30s
[358.224s][info][gc,start       ] GC(285) Pause Full (Allocation Failure)
[358.224s][info][gc,phases,start] GC(285) Phase 1: Mark live objects
[358.275s][info][gc,phases      ] GC(285) Phase 1: Mark live objects 51.104ms
[358.283s][info][gc,phases,start] GC(285) Phase 2: Compute new object addresses
[358.433s][info][gc,phases      ] GC(285) Phase 2: Compute new object addresses 149.512ms
[358.433s][info][gc,phases,start] GC(285) Phase 3: Adjust pointers
[358.462s][info][gc,phases      ] GC(285) Phase 3: Adjust pointers 29.430ms
[358.462s][info][gc,phases,start] GC(285) Phase 4: Move objects
[358.474s][info][gc,phases      ] GC(285) Phase 4: Move objects 12.194ms
[358.475s][info][gc,heap        ] GC(285) DefNew: 629119K(629120K)->60722K(629120K) Eden: 559232K(559232K)->60722K(559232K) From: 69887K(69888K)->0K(69888K)
[358.475s][info][gc,heap        ] GC(285) Tenured: 1398143K(1398144K)->1398143K(1398144K)
[358.475s][info][gc,metaspace   ] GC(285) Metaspace: 117752K(121920K)->117752K(121920K) NonClass: 101559K(102464K)->101559K(102464K) Class: 16193K(19456K)->16193K(19456K)
[358.475s][info][gc             ] GC(285) Pause Full (Allocation Failure) 1979M->1424M(1979M) 251.562ms
[358.475s][info][gc,cpu         ] GC(285) User=0.23s Sys=0.00s Real=0.25s
[360.720s][info][gc,start       ] GC(286) Pause Full (Allocation Failure)
[360.720s][info][gc,phases,start] GC(286) Phase 1: Mark live objects
[360.772s][info][gc,phases      ] GC(286) Phase 1: Mark live objects 52.156ms
[360.772s][info][gc,phases,start] GC(286) Phase 2: Compute new object addresses
[360.941s][info][gc,phases      ] GC(286) Phase 2: Compute new object addresses 168.579ms
[360.941s][info][gc,phases,start] GC(286) Phase 3: Adjust pointers
[360.971s][info][gc,phases      ] GC(286) Phase 3: Adjust pointers 30.355ms
[360.971s][info][gc,phases,start] GC(286) Phase 4: Move objects
[361.062s][info][gc,phases      ] GC(286) Phase 4: Move objects 91.238ms
[361.063s][info][gc,heap        ] GC(286) DefNew: 629119K(629120K)->6319K(629120K) Eden: 559232K(559232K)->6319K(559232K) From: 69887K(69888K)->0K(69888K)
[361.064s][info][gc,heap        ] GC(286) Tenured: 1398143K(1398144K)->1394968K(1398144K)
[361.064s][info][gc,metaspace   ] GC(286) Metaspace: 117752K(121920K)->117752K(121920K) NonClass: 101559K(102464K)->101559K(102464K) Class: 16193K(19456K)->16193K(19456K)
[361.064s][info][gc             ] GC(286) Pause Full (Allocation Failure) 1979M->1368M(1979M) 343.717ms
[361.064s][info][gc,cpu         ] GC(286) User=0.34s Sys=0.00s Real=0.34s
[363.317s][info][gc,start       ] GC(287) Pause Full (Allocation Failure)
[363.317s][info][gc,phases,start] GC(287) Phase 1: Mark live objects
[363.367s][info][gc,phases      ] GC(287) Phase 1: Mark live objects 49.119ms
[363.367s][info][gc,phases,start] GC(287) Phase 2: Compute new object addresses
[363.537s][info][gc,phases      ] GC(287) Phase 2: Compute new object addresses 170.074ms
[363.537s][info][gc,phases,start] GC(287) Phase 3: Adjust pointers
[363.565s][info][gc,phases      ] GC(287) Phase 3: Adjust pointers 28.508ms
[363.565s][info][gc,phases,start] GC(287) Phase 4: Move objects
[363.566s][info][gc,phases      ] GC(287) Phase 4: Move objects 0.882ms
[363.567s][info][gc,heap        ] GC(287) DefNew: 629119K(629120K)->3817K(629120K) Eden: 559232K(559232K)->3817K(559232K) From: 69887K(69888K)->0K(69888K)
[363.567s][info][gc,heap        ] GC(287) Tenured: 1398143K(1398144K)->1398143K(1398144K)
[363.567s][info][gc,metaspace   ] GC(287) Metaspace: 117753K(121920K)->117753K(121920K) NonClass: 101560K(102464K)->101560K(102464K) Class: 16193K(19456K)->16193K(19456K)
[363.567s][info][gc             ] GC(287) Pause Full (Allocation Failure) 1979M->1369M(1979M) 249.692ms
[363.567s][info][gc,cpu         ] GC(287) User=0.25s Sys=0.00s Real=0.26s
[365.712s][info][gc,start       ] GC(288) Pause Full (Allocation Failure)
[365.712s][info][gc,phases,start] GC(288) Phase 1: Mark live objects
[365.762s][info][gc,phases      ] GC(288) Phase 1: Mark live objects 50.069ms
[365.762s][info][gc,phases,start] GC(288) Phase 2: Compute new object addresses
[365.952s][info][gc,phases      ] GC(288) Phase 2: Compute new object addresses 189.177ms
[365.952s][info][gc,phases,start] GC(288) Phase 3: Adjust pointers
[365.980s][info][gc,phases      ] GC(288) Phase 3: Adjust pointers 28.452ms
[365.980s][info][gc,phases,start] GC(288) Phase 4: Move objects
[365.981s][info][gc,phases      ] GC(288) Phase 4: Move objects 0.627ms
[365.982s][info][gc,heap        ] GC(288) DefNew: 629119K(629120K)->3872K(629120K) Eden: 559232K(559232K)->3872K(559232K) From: 69887K(69888K)->0K(69888K)
[365.982s][info][gc,heap        ] GC(288) Tenured: 1398143K(1398144K)->1398143K(1398144K)
[365.982s][info][gc,metaspace   ] GC(288) Metaspace: 117753K(121920K)->117753K(121920K) NonClass: 101560K(102464K)->101560K(102464K) Class: 16193K(19456K)->16193K(19456K)
[365.982s][info][gc             ] GC(288) Pause Full (Allocation Failure) 1979M->1369M(1979M) 269.454ms
[365.982s][info][gc,cpu         ] GC(288) User=0.28s Sys=0.00s Real=0.27s
[368.707s][info][gc,start       ] GC(289) Pause Full (Allocation Failure)
[368.707s][info][gc,phases,start] GC(289) Phase 1: Mark live objects
[368.756s][info][gc,phases      ] GC(289) Phase 1: Mark live objects 49.451ms
[368.756s][info][gc,phases,start] GC(289) Phase 2: Compute new object addresses
[368.930s][info][gc,phases      ] GC(289) Phase 2: Compute new object addresses 173.286ms
[368.930s][info][gc,phases,start] GC(289) Phase 3: Adjust pointers
[368.958s][info][gc,phases      ] GC(289) Phase 3: Adjust pointers 28.502ms
[368.958s][info][gc,phases,start] GC(289) Phase 4: Move objects
[368.959s][info][gc,phases      ] GC(289) Phase 4: Move objects 0.637ms
[368.960s][info][gc,heap        ] GC(289) DefNew: 629120K(629120K)->3897K(629120K) Eden: 559232K(559232K)->3897K(559232K) From: 69888K(69888K)->0K(69888K)
[368.960s][info][gc,heap        ] GC(289) Tenured: 1398143K(1398144K)->1398143K(1398144K)
[368.960s][info][gc,metaspace   ] GC(289) Metaspace: 117755K(121920K)->117755K(121920K) NonClass: 101562K(102464K)->101562K(102464K) Class: 16193K(19456K)->16193K(19456K)
[368.960s][info][gc             ] GC(289) Pause Full (Allocation Failure) 1979M->1369M(1979M) 252.988ms
[368.960s][info][gc,cpu         ] GC(289) User=0.25s Sys=0.00s Real=0.26s
[371.073s][info][gc,start       ] GC(290) Pause Full (Allocation Failure)
[371.074s][info][gc,phases,start] GC(290) Phase 1: Mark live objects
[371.133s][info][gc,phases      ] GC(290) Phase 1: Mark live objects 59.764ms
[371.133s][info][gc,phases,start] GC(290) Phase 2: Compute new object addresses
[371.320s][info][gc,phases      ] GC(290) Phase 2: Compute new object addresses 186.909ms
[371.320s][info][gc,phases,start] GC(290) Phase 3: Adjust pointers
[371.349s][info][gc,phases      ] GC(290) Phase 3: Adjust pointers 28.846ms
[371.349s][info][gc,phases,start] GC(290) Phase 4: Move objects
[371.418s][info][gc,phases      ] GC(290) Phase 4: Move objects 68.484ms
[371.419s][info][gc,heap        ] GC(290) DefNew: 629120K(629120K)->3870K(629120K) Eden: 559232K(559232K)->3870K(559232K) From: 69888K(69888K)->0K(69888K)
[371.419s][info][gc,heap        ] GC(290) Tenured: 1398143K(1398144K)->1394750K(1398144K)
[371.419s][info][gc,metaspace   ] GC(290) Metaspace: 117755K(121920K)->117755K(121920K) NonClass: 101562K(102464K)->101562K(102464K) Class: 16193K(19456K)->16193K(19456K)
[371.419s][info][gc             ] GC(290) Pause Full (Allocation Failure) 1979M->1365M(1979M) 345.309ms
[371.419s][info][gc,cpu         ] GC(290) User=0.36s Sys=0.00s Real=0.35s
[373.623s][info][gc,start       ] GC(291) Pause Full (Allocation Failure)
[373.623s][info][gc,phases,start] GC(291) Phase 1: Mark live objects
[373.672s][info][gc,phases      ] GC(291) Phase 1: Mark live objects 48.254ms
[373.672s][info][gc,phases,start] GC(291) Phase 2: Compute new object addresses
[373.847s][info][gc,phases      ] GC(291) Phase 2: Compute new object addresses 175.628ms
[373.847s][info][gc,phases,start] GC(291) Phase 3: Adjust pointers
[373.886s][info][gc,phases      ] GC(291) Phase 3: Adjust pointers 39.078ms
[373.887s][info][gc,phases,start] GC(291) Phase 4: Move objects
[373.887s][info][gc,phases      ] GC(291) Phase 4: Move objects 0.060ms
[373.887s][info][gc,heap        ] GC(291) DefNew: 629119K(629120K)->3820K(629120K) Eden: 559232K(559232K)->3820K(559232K) From: 69887K(69888K)->0K(69888K)
[373.887s][info][gc,heap        ] GC(291) Tenured: 1398143K(1398144K)->1398143K(1398144K)
[373.887s][info][gc,metaspace   ] GC(291) Metaspace: 117758K(121920K)->117758K(121920K) NonClass: 101564K(102464K)->101564K(102464K) Class: 16193K(19456K)->16193K(19456K)
[373.888s][info][gc             ] GC(291) Pause Full (Allocation Failure) 1979M->1369M(1979M) 264.286ms
[373.888s][info][gc,cpu         ] GC(291) User=0.25s Sys=0.00s Real=0.26s
[375.513s][info][gc,start       ] GC(292) Pause Full (Allocation Failure)
[375.513s][info][gc,phases,start] GC(292) Phase 1: Mark live objects
[375.571s][info][gc,phases      ] GC(292) Phase 1: Mark live objects 57.787ms
[375.571s][info][gc,phases,start] GC(292) Phase 2: Compute new object addresses
[375.743s][info][gc,phases      ] GC(292) Phase 2: Compute new object addresses 172.742ms
[375.743s][info][gc,phases,start] GC(292) Phase 3: Adjust pointers
[375.771s][info][gc,phases      ] GC(292) Phase 3: Adjust pointers 27.876ms
[375.771s][info][gc,phases,start] GC(292) Phase 4: Move objects
[375.799s][info][gc,phases      ] GC(292) Phase 4: Move objects 27.792ms
[375.800s][info][gc,heap        ] GC(292) DefNew: 629118K(629120K)->0K(629120K) Eden: 559232K(559232K)->0K(559232K) From: 69886K(69888K)->0K(69888K)
[375.800s][info][gc,heap        ] GC(292) Tenured: 1398143K(1398144K)->1212475K(1398144K)
[375.800s][info][gc,metaspace   ] GC(292) Metaspace: 117759K(121920K)->117759K(121920K) NonClass: 101565K(102464K)->101565K(102464K) Class: 16193K(19456K)->16193K(19456K)
[375.800s][info][gc             ] GC(292) Pause Full (Allocation Failure) 1979M->1184M(1979M) 287.384ms
[375.800s][info][gc,cpu         ] GC(292) User=0.30s Sys=0.00s Real=0.29s
[376.494s][info][gc,start       ] GC(293) Pause Full (System.gc())
[376.494s][info][gc,phases,start] GC(293) Phase 1: Mark live objects
[376.552s][info][gc,phases      ] GC(293) Phase 1: Mark live objects 57.549ms
[376.552s][info][gc,phases,start] GC(293) Phase 2: Compute new object addresses
[376.613s][info][gc,phases      ] GC(293) Phase 2: Compute new object addresses 60.922ms
[376.613s][info][gc,phases,start] GC(293) Phase 3: Adjust pointers
[376.640s][info][gc,phases      ] GC(293) Phase 3: Adjust pointers 27.582ms
[376.641s][info][gc,phases,start] GC(293) Phase 4: Move objects
[376.641s][info][gc,phases      ] GC(293) Phase 4: Move objects 0.101ms
[376.641s][info][gc,heap        ] GC(293) DefNew: 208968K(629120K)->0K(629120K) Eden: 208968K(559232K)->0K(559232K) From: 0K(69888K)->0K(69888K)
[376.641s][info][gc,heap        ] GC(293) Tenured: 1212475K(1398144K)->1034181K(1398144K)
[376.641s][info][gc,metaspace   ] GC(293) Metaspace: 117821K(121984K)->117821K(121984K) NonClass: 101625K(102528K)->101625K(102528K) Class: 16196K(19456K)->16196K(19456K)
[376.641s][info][gc             ] GC(293) Pause Full (System.gc()) 1388M->1009M(1979M) 147.299ms
[376.641s][info][gc,cpu         ] GC(293) User=0.14s Sys=0.00s Real=0.14s
[376.800s][info][gc,start       ] GC(294) Pause Young (Allocation Failure)
[376.814s][info][gc,heap        ] GC(294) DefNew: 559232K(629120K)->11981K(629120K) Eden: 559232K(559232K)->0K(559232K) From: 0K(69888K)->11981K(69888K)
[376.814s][info][gc,heap        ] GC(294) Tenured: 1034181K(1398144K)->1034181K(1398144K)
[376.814s][info][gc,metaspace   ] GC(294) Metaspace: 118050K(121984K)->118050K(121984K) NonClass: 101848K(102528K)->101848K(102528K) Class: 16201K(19456K)->16201K(19456K)
[376.814s][info][gc             ] GC(294) Pause Young (Allocation Failure) 1556M->1021M(1979M) 14.594ms
[376.814s][info][gc,cpu         ] GC(294) User=0.05s Sys=0.00s Real=0.02s
[376.854s][info][gc,start       ] GC(295) Pause Young (Allocation Failure)
[376.865s][info][gc,heap        ] GC(295) DefNew: 571213K(629120K)->18340K(629120K) Eden: 559232K(559232K)->0K(559232K) From: 11981K(69888K)->18340K(69888K)
[376.865s][info][gc,heap        ] GC(295) Tenured: 1034181K(1398144K)->1034181K(1398144K)
[376.865s][info][gc,metaspace   ] GC(295) Metaspace: 118057K(121984K)->118057K(121984K) NonClass: 101855K(102528K)->101855K(102528K) Class: 16201K(19456K)->16201K(19456K)
[376.865s][info][gc             ] GC(295) Pause Young (Allocation Failure) 1567M->1027M(1979M) 10.977ms
[376.865s][info][gc,cpu         ] GC(295) User=0.03s Sys=0.00s Real=0.01s
[376.904s][info][gc,start       ] GC(296) Pause Young (Allocation Failure)
[376.918s][info][gc,heap        ] GC(296) DefNew: 577572K(629120K)->25666K(629120K) Eden: 559232K(559232K)->0K(559232K) From: 18340K(69888K)->25666K(69888K)
[376.918s][info][gc,heap        ] GC(296) Tenured: 1034181K(1398144K)->1034181K(1398144K)
[376.918s][info][gc,metaspace   ] GC(296) Metaspace: 118057K(121984K)->118057K(121984K) NonClass: 101856K(102528K)->101856K(102528K) Class: 16201K(19456K)->16201K(19456K)
[376.918s][info][gc             ] GC(296) Pause Young (Allocation Failure) 1573M->1035M(1979M) 13.768ms
[376.918s][info][gc,cpu         ] GC(296) User=0.02s Sys=0.00s Real=0.02s
[376.956s][info][gc,start       ] GC(297) Pause Young (Allocation Failure)
[376.970s][info][gc,heap        ] GC(297) DefNew: 584898K(629120K)->33267K(629120K) Eden: 559232K(559232K)->0K(559232K) From: 25666K(69888K)->33267K(69888K)
[376.970s][info][gc,heap        ] GC(297) Tenured: 1034181K(1398144K)->1034181K(1398144K)
[376.970s][info][gc,metaspace   ] GC(297) Metaspace: 118057K(121984K)->118057K(121984K) NonClass: 101856K(102528K)->101856K(102528K) Class: 16201K(19456K)->16201K(19456K)
[376.970s][info][gc             ] GC(297) Pause Young (Allocation Failure) 1581M->1042M(1979M) 14.110ms
[376.970s][info][gc,cpu         ] GC(297) User=0.02s Sys=0.00s Real=0.02s
[377.008s][info][gc,start       ] GC(298) Pause Young (Allocation Failure)
[377.023s][info][gc,heap        ] GC(298) DefNew: 592499K(629120K)->34910K(629120K) Eden: 559232K(559232K)->0K(559232K) From: 33267K(69888K)->34910K(69888K)
[377.023s][info][gc,heap        ] GC(298) Tenured: 1034181K(1398144K)->1034181K(1398144K)
[377.023s][info][gc,metaspace   ] GC(298) Metaspace: 118057K(121984K)->118057K(121984K) NonClass: 101856K(102528K)->101856K(102528K) Class: 16201K(19456K)->16201K(19456K)
[377.023s][info][gc             ] GC(298) Pause Young (Allocation Failure) 1588M->1044M(1979M) 14.465ms
[377.023s][info][gc,cpu         ] GC(298) User=0.03s Sys=0.00s Real=0.01s
[377.061s][info][gc,start       ] GC(299) Pause Young (Allocation Failure)
[377.079s][info][gc,heap        ] GC(299) DefNew: 594142K(629120K)->48889K(629120K) Eden: 559232K(559232K)->0K(559232K) From: 34910K(69888K)->48889K(69888K)
[377.079s][info][gc,heap        ] GC(299) Tenured: 1034181K(1398144K)->1034181K(1398144K)
[377.079s][info][gc,metaspace   ] GC(299) Metaspace: 118057K(121984K)->118057K(121984K) NonClass: 101856K(102528K)->101856K(102528K) Class: 16201K(19456K)->16201K(19456K)
[377.079s][info][gc             ] GC(299) Pause Young (Allocation Failure) 1590M->1057M(1979M) 17.738ms
[377.079s][info][gc,cpu         ] GC(299) User=0.02s Sys=0.00s Real=0.01s
[377.117s][info][gc,start       ] GC(300) Pause Young (Allocation Failure)
[377.139s][info][gc,heap        ] GC(300) DefNew: 608121K(629120K)->44006K(629120K) Eden: 559232K(559232K)->0K(559232K) From: 48889K(69888K)->44006K(69888K)
[377.139s][info][gc,heap        ] GC(300) Tenured: 1034181K(1398144K)->1048449K(1398144K)
[377.139s][info][gc,metaspace   ] GC(300) Metaspace: 118057K(121984K)->118057K(121984K) NonClass: 101856K(102528K)->101856K(102528K) Class: 16201K(19456K)->16201K(19456K)
[377.139s][info][gc             ] GC(300) Pause Young (Allocation Failure) 1603M->1066M(1979M) 21.492ms
[377.139s][info][gc,cpu         ] GC(300) User=0.02s Sys=0.00s Real=0.02s
[377.177s][info][gc,start       ] GC(301) Pause Young (Allocation Failure)
[377.189s][info][gc,heap        ] GC(301) DefNew: 603238K(629120K)->19010K(629120K) Eden: 559232K(559232K)->0K(559232K) From: 44006K(69888K)->19010K(69888K)
[377.189s][info][gc,heap        ] GC(301) Tenured: 1048449K(1398144K)->1073456K(1398144K)
[377.189s][info][gc,metaspace   ] GC(301) Metaspace: 118057K(121984K)->118057K(121984K) NonClass: 101856K(102528K)->101856K(102528K) Class: 16201K(19456K)->16201K(19456K)
[377.189s][info][gc             ] GC(301) Pause Young (Allocation Failure) 1612M->1066M(1979M) 12.602ms
[377.189s][info][gc,cpu         ] GC(301) User=0.02s Sys=0.00s Real=0.02s
[377.227s][info][gc,start       ] GC(302) Pause Young (Allocation Failure)
[377.234s][info][gc,heap        ] GC(302) DefNew: 578242K(629120K)->19032K(629120K) Eden: 559232K(559232K)->0K(559232K) From: 19010K(69888K)->19032K(69888K)
[377.234s][info][gc,heap        ] GC(302) Tenured: 1073456K(1398144K)->1073456K(1398144K)
[377.234s][info][gc,metaspace   ] GC(302) Metaspace: 118057K(121984K)->118057K(121984K) NonClass: 101856K(102528K)->101856K(102528K) Class: 16201K(19456K)->16201K(19456K)
[377.234s][info][gc             ] GC(302) Pause Young (Allocation Failure) 1612M->1066M(1979M) 7.324ms
[377.235s][info][gc,cpu         ] GC(302) User=0.00s Sys=0.00s Real=0.00s
[377.273s][info][gc,start       ] GC(303) Pause Young (Allocation Failure)
[377.284s][info][gc,heap        ] GC(303) DefNew: 578264K(629120K)->37739K(629120K) Eden: 559232K(559232K)->0K(559232K) From: 19032K(69888K)->37739K(69888K)
[377.284s][info][gc,heap        ] GC(303) Tenured: 1073456K(1398144K)->1073456K(1398144K)
[377.284s][info][gc,metaspace   ] GC(303) Metaspace: 118057K(121984K)->118057K(121984K) NonClass: 101856K(102528K)->101856K(102528K) Class: 16201K(19456K)->16201K(19456K)
[377.284s][info][gc             ] GC(303) Pause Young (Allocation Failure) 1613M->1085M(1979M) 11.264ms
[377.284s][info][gc,cpu         ] GC(303) User=0.02s Sys=0.00s Real=0.02s
[377.323s][info][gc,start       ] GC(304) Pause Young (Allocation Failure)
[377.346s][info][gc,heap        ] GC(304) DefNew: 596971K(629120K)->65880K(629120K) Eden: 559232K(559232K)->0K(559232K) From: 37739K(69888K)->65880K(69888K)
[377.346s][info][gc,heap        ] GC(304) Tenured: 1073456K(1398144K)->1095332K(1398144K)
[377.346s][info][gc,metaspace   ] GC(304) Metaspace: 118057K(121984K)->118057K(121984K) NonClass: 101856K(102528K)->101856K(102528K) Class: 16201K(19456K)->16201K(19456K)
[377.346s][info][gc             ] GC(304) Pause Young (Allocation Failure) 1631M->1133M(1979M) 22.859ms
[377.346s][info][gc,cpu         ] GC(304) User=0.03s Sys=0.00s Real=0.03s
[377.386s][info][gc,start       ] GC(305) Pause Young (Allocation Failure)
[377.434s][info][gc,heap        ] GC(305) DefNew: 625112K(629120K)->19056K(629120K) Eden: 559232K(559232K)->0K(559232K) From: 65880K(69888K)->19056K(69888K)
[377.434s][info][gc,heap        ] GC(305) Tenured: 1095332K(1398144K)->1160968K(1398144K)
[377.434s][info][gc,metaspace   ] GC(305) Metaspace: 118057K(121984K)->118057K(121984K) NonClass: 101856K(102528K)->101856K(102528K) Class: 16201K(19456K)->16201K(19456K)
[377.434s][info][gc             ] GC(305) Pause Young (Allocation Failure) 1680M->1152M(1979M) 48.300ms
[377.434s][info][gc,cpu         ] GC(305) User=0.03s Sys=0.00s Real=0.05s
[377.480s][info][gc,start       ] GC(306) Pause Young (Allocation Failure)
[377.490s][info][gc,heap        ] GC(306) DefNew: 578288K(629120K)->31313K(629120K) Eden: 559232K(559232K)->0K(559232K) From: 19056K(69888K)->31313K(69888K)
[377.490s][info][gc,heap        ] GC(306) Tenured: 1160968K(1398144K)->1160968K(1398144K)
[377.490s][info][gc,metaspace   ] GC(306) Metaspace: 118057K(121984K)->118057K(121984K) NonClass: 101856K(102528K)->101856K(102528K) Class: 16201K(19456K)->16201K(19456K)
[377.490s][info][gc             ] GC(306) Pause Young (Allocation Failure) 1698M->1164M(1979M) 10.785ms
[377.490s][info][gc,cpu         ] GC(306) User=0.00s Sys=0.00s Real=0.00s
[377.538s][info][gc,start       ] GC(307) Pause Young (Allocation Failure)
[377.559s][info][gc,heap        ] GC(307) DefNew: 590545K(629120K)->69363K(629120K) Eden: 559232K(559232K)->0K(559232K) From: 31313K(69888K)->69363K(69888K)
[377.559s][info][gc,heap        ] GC(307) Tenured: 1160968K(1398144K)->1173203K(1398144K)
[377.559s][info][gc,metaspace   ] GC(307) Metaspace: 118057K(121984K)->118057K(121984K) NonClass: 101856K(102528K)->101856K(102528K) Class: 16201K(19456K)->16201K(19456K)
[377.559s][info][gc             ] GC(307) Pause Young (Allocation Failure) 1710M->1213M(1979M) 21.829ms
[377.560s][info][gc,cpu         ] GC(307) User=0.03s Sys=0.00s Real=0.02s
[377.600s][info][gc,start       ] GC(308) Pause Young (Allocation Failure)
[377.629s][info][gc,heap        ] GC(308) DefNew: 628595K(629120K)->60219K(629120K) Eden: 559232K(559232K)->0K(559232K) From: 69363K(69888K)->60219K(69888K)
[377.629s][info][gc,heap        ] GC(308) Tenured: 1173203K(1398144K)->1229068K(1398144K)
[377.629s][info][gc,metaspace   ] GC(308) Metaspace: 118058K(121984K)->118058K(121984K) NonClass: 101857K(102528K)->101857K(102528K) Class: 16201K(19456K)->16201K(19456K)
[377.629s][info][gc             ] GC(308) Pause Young (Allocation Failure) 1759M->1259M(1979M) 29.206ms
[377.629s][info][gc,cpu         ] GC(308) User=0.03s Sys=0.00s Real=0.03s
[377.668s][info][gc,start       ] GC(309) Pause Young (Allocation Failure)
[377.687s][info][gc,heap        ] GC(309) DefNew: 619451K(629120K)->16536K(629120K) Eden: 559232K(559232K)->0K(559232K) From: 60219K(69888K)->16536K(69888K)
[377.687s][info][gc,heap        ] GC(309) Tenured: 1229068K(1398144K)->1285716K(1398144K)
[377.687s][info][gc,metaspace   ] GC(309) Metaspace: 118058K(121984K)->118058K(121984K) NonClass: 101857K(102528K)->101857K(102528K) Class: 16201K(19456K)->16201K(19456K)
[377.687s][info][gc             ] GC(309) Pause Young (Allocation Failure) 1805M->1271M(1979M) 19.100ms
[377.687s][info][gc,cpu         ] GC(309) User=0.02s Sys=0.00s Real=0.02s
[377.725s][info][gc,start       ] GC(310) Pause Young (Allocation Failure)
[377.734s][info][gc,heap        ] GC(310) DefNew: 575768K(629120K)->24206K(629120K) Eden: 559232K(559232K)->0K(559232K) From: 16536K(69888K)->24206K(69888K)
[377.734s][info][gc,heap        ] GC(310) Tenured: 1285716K(1398144K)->1285716K(1398144K)
[377.734s][info][gc,metaspace   ] GC(310) Metaspace: 118058K(121984K)->118058K(121984K) NonClass: 101857K(102528K)->101857K(102528K) Class: 16201K(19456K)->16201K(19456K)
[377.734s][info][gc             ] GC(310) Pause Young (Allocation Failure) 1817M->1279M(1979M) 8.407ms
[377.734s][info][gc,cpu         ] GC(310) User=0.00s Sys=0.00s Real=0.00s
[377.772s][info][gc,start       ] GC(311) Pause Young (Allocation Failure)
[377.782s][info][gc,heap        ] GC(311) DefNew: 583438K(629120K)->30697K(629120K) Eden: 559232K(559232K)->0K(559232K) From: 24206K(69888K)->30697K(69888K)
[377.782s][info][gc,heap        ] GC(311) Tenured: 1285716K(1398144K)->1285716K(1398144K)
[377.782s][info][gc,metaspace   ] GC(311) Metaspace: 118058K(121984K)->118058K(121984K) NonClass: 101857K(102528K)->101857K(102528K) Class: 16201K(19456K)->16201K(19456K)
[377.782s][info][gc             ] GC(311) Pause Young (Allocation Failure) 1825M->1285M(1979M) 10.042ms
[377.782s][info][gc,cpu         ] GC(311) User=0.02s Sys=0.00s Real=0.02s
[377.821s][info][gc,start       ] GC(312) Pause Young (Allocation Failure)
[377.835s][info][gc,heap        ] GC(312) DefNew: 589929K(629120K)->46027K(629120K) Eden: 559232K(559232K)->0K(559232K) From: 30697K(69888K)->46027K(69888K)
[377.835s][info][gc,heap        ] GC(312) Tenured: 1285716K(1398144K)->1285716K(1398144K)
[377.835s][info][gc,metaspace   ] GC(312) Metaspace: 118058K(121984K)->118058K(121984K) NonClass: 101857K(102528K)->101857K(102528K) Class: 16201K(19456K)->16201K(19456K)
[377.835s][info][gc             ] GC(312) Pause Young (Allocation Failure) 1831M->1300M(1979M) 14.110ms
[377.835s][info][gc,cpu         ] GC(312) User=0.02s Sys=0.00s Real=0.02s
[377.873s][info][gc,start       ] GC(313) Pause Young (Allocation Failure)
[377.888s][info][gc,heap        ] GC(313) DefNew: 605259K(629120K)->42439K(629120K) Eden: 559232K(559232K)->0K(559232K) From: 46027K(69888K)->42439K(69888K)
[377.888s][info][gc,heap        ] GC(313) Tenured: 1285716K(1398144K)->1297366K(1398144K)
[377.888s][info][gc,metaspace   ] GC(313) Metaspace: 118058K(121984K)->118058K(121984K) NonClass: 101857K(102528K)->101857K(102528K) Class: 16201K(19456K)->16201K(19456K)
[377.888s][info][gc             ] GC(313) Pause Young (Allocation Failure) 1846M->1308M(1979M) 15.245ms
[377.888s][info][gc,cpu         ] GC(313) User=0.02s Sys=0.00s Real=0.02s
[377.926s][info][gc,start       ] GC(314) Pause Young (Allocation Failure)
[377.940s][info][gc,heap        ] GC(314) DefNew: 601671K(629120K)->26114K(629120K) Eden: 559232K(559232K)->0K(559232K) From: 42439K(69888K)->26114K(69888K)
[377.940s][info][gc,heap        ] GC(314) Tenured: 1297366K(1398144K)->1320345K(1398144K)
[377.940s][info][gc,metaspace   ] GC(314) Metaspace: 118058K(121984K)->118058K(121984K) NonClass: 101857K(102528K)->101857K(102528K) Class: 16201K(19456K)->16201K(19456K)
[377.940s][info][gc             ] GC(314) Pause Young (Allocation Failure) 1854M->1314M(1979M) 14.406ms
[377.940s][info][gc,cpu         ] GC(314) User=0.02s Sys=0.00s Real=0.02s
[377.978s][info][gc,start       ] GC(315) Pause Young (Allocation Failure)
[377.987s][info][gc,heap        ] GC(315) DefNew: 585346K(629120K)->26920K(629120K) Eden: 559232K(559232K)->0K(559232K) From: 26114K(69888K)->26920K(69888K)
[377.987s][info][gc,heap        ] GC(315) Tenured: 1320345K(1398144K)->1320345K(1398144K)
[377.987s][info][gc,metaspace   ] GC(315) Metaspace: 118058K(121984K)->118058K(121984K) NonClass: 101857K(102528K)->101857K(102528K) Class: 16201K(19456K)->16201K(19456K)
[377.987s][info][gc             ] GC(315) Pause Young (Allocation Failure) 1861M->1315M(1979M) 8.889ms
[377.987s][info][gc,cpu         ] GC(315) User=0.00s Sys=0.00s Real=0.00s
[378.025s][info][gc,start       ] GC(316) Pause Young (Allocation Failure)
[378.034s][info][gc,heap        ] GC(316) DefNew: 586152K(629120K)->26892K(629120K) Eden: 559232K(559232K)->0K(559232K) From: 26920K(69888K)->26892K(69888K)
[378.034s][info][gc,heap        ] GC(316) Tenured: 1320345K(1398144K)->1320345K(1398144K)
[378.034s][info][gc,metaspace   ] GC(316) Metaspace: 118058K(121984K)->118058K(121984K) NonClass: 101857K(102528K)->101857K(102528K) Class: 16201K(19456K)->16201K(19456K)
[378.034s][info][gc             ] GC(316) Pause Young (Allocation Failure) 1861M->1315M(1979M) 8.929ms
[378.034s][info][gc,cpu         ] GC(316) User=0.02s Sys=0.00s Real=0.02s
[378.076s][info][gc,start       ] GC(317) Pause Young (Allocation Failure)
[378.098s][info][gc,heap        ] GC(317) DefNew: 586124K(629120K)->69264K(629120K) Eden: 559232K(559232K)->0K(559232K) From: 26892K(69888K)->69264K(69888K)
[378.098s][info][gc,heap        ] GC(317) Tenured: 1320345K(1398144K)->1335970K(1398144K)
[378.098s][info][gc,metaspace   ] GC(317) Metaspace: 118058K(121984K)->118058K(121984K) NonClass: 101857K(102528K)->101857K(102528K) Class: 16201K(19456K)->16201K(19456K)
[378.098s][info][gc             ] GC(317) Pause Young (Allocation Failure) 1861M->1372M(1979M) 22.521ms
[378.098s][info][gc,cpu         ] GC(317) User=0.02s Sys=0.00s Real=0.02s
[378.138s][info][gc,start       ] GC(318) Pause Young (Allocation Failure)
[378.138s][info][gc             ] GC(318) Pause Young (Allocation Failure) 1918M->1918M(1979M) 0.119ms
[378.138s][info][gc,cpu         ] GC(318) User=0.00s Sys=0.00s Real=0.00s
[378.138s][info][gc,start       ] GC(319) Pause Full (Allocation Failure)
[378.138s][info][gc,phases,start] GC(319) Phase 1: Mark live objects
[378.196s][info][gc,phases      ] GC(319) Phase 1: Mark live objects 58.468ms
[378.196s][info][gc,phases,start] GC(319) Phase 2: Compute new object addresses
[378.351s][info][gc,phases      ] GC(319) Phase 2: Compute new object addresses 154.967ms
[378.351s][info][gc,phases,start] GC(319) Phase 3: Adjust pointers
[378.383s][info][gc,phases      ] GC(319) Phase 3: Adjust pointers 31.234ms
[378.383s][info][gc,phases,start] GC(319) Phase 4: Move objects
[378.582s][info][gc,phases      ] GC(319) Phase 4: Move objects 199.406ms
[378.583s][info][gc,heap        ] GC(319) DefNew: 628496K(629120K)->0K(629120K) Eden: 559232K(559232K)->0K(559232K) From: 69264K(69888K)->0K(69888K)
[378.583s][info][gc,heap        ] GC(319) Tenured: 1335970K(1398144K)->1123270K(1398144K)
[378.583s][info][gc,metaspace   ] GC(319) Metaspace: 118058K(121984K)->118058K(121984K) NonClass: 101857K(102528K)->101857K(102528K) Class: 16201K(19456K)->16201K(19456K)
[378.583s][info][gc             ] GC(319) Pause Full (Allocation Failure) 1918M->1096M(1979M) 445.284ms
[378.583s][info][gc,cpu         ] GC(319) User=0.45s Sys=0.00s Real=0.45s
[378.622s][info][gc,start       ] GC(320) Pause Young (Allocation Failure)
[378.631s][info][gc,heap        ] GC(320) DefNew: 559232K(629120K)->27311K(629120K) Eden: 559232K(559232K)->0K(559232K) From: 0K(69888K)->27311K(69888K)
[378.631s][info][gc,heap        ] GC(320) Tenured: 1123270K(1398144K)->1123270K(1398144K)
[378.631s][info][gc,metaspace   ] GC(320) Metaspace: 118060K(121984K)->118060K(121984K) NonClass: 101859K(102528K)->101859K(102528K) Class: 16201K(19456K)->16201K(19456K)
[378.631s][info][gc             ] GC(320) Pause Young (Allocation Failure) 1643M->1123M(1979M) 9.356ms
[378.631s][info][gc,cpu         ] GC(320) User=0.02s Sys=0.00s Real=0.02s
[378.681s][info][gc,start       ] GC(321) Pause Young (Allocation Failure)
[378.700s][info][gc,heap        ] GC(321) DefNew: 586543K(629120K)->68873K(629120K) Eden: 559232K(559232K)->0K(559232K) From: 27311K(69888K)->68873K(69888K)
[378.726s][info][gc,heap        ] GC(321) Tenured: 1123270K(1398144K)->1123270K(1398144K)
[378.727s][info][gc,metaspace   ] GC(321) Metaspace: 118071K(121984K)->118071K(121984K) NonClass: 101869K(102528K)->101869K(102528K) Class: 16201K(19456K)->16201K(19456K)
[378.727s][info][gc             ] GC(321) Pause Young (Allocation Failure) 1669M->1164M(1979M) 45.851ms
[378.727s][info][gc,cpu         ] GC(321) User=0.02s Sys=0.00s Real=0.03s
[378.769s][info][gc,start       ] GC(322) Pause Young (Allocation Failure)
[378.801s][info][gc,heap        ] GC(322) DefNew: 628105K(629120K)->54310K(629120K) Eden: 559232K(559232K)->0K(559232K) From: 68873K(69888K)->54310K(69888K)
[378.801s][info][gc,heap        ] GC(322) Tenured: 1123270K(1398144K)->1191526K(1398144K)
[378.801s][info][gc,metaspace   ] GC(322) Metaspace: 118071K(121984K)->118071K(121984K) NonClass: 101869K(102528K)->101869K(102528K) Class: 16201K(19456K)->16201K(19456K)
[378.801s][info][gc             ] GC(322) Pause Young (Allocation Failure) 1710M->1216M(1979M) 32.489ms
[378.801s][info][gc,cpu         ] GC(322) User=0.03s Sys=0.00s Real=0.03s
[378.841s][info][gc,start       ] GC(323) Pause Young (Allocation Failure)
[378.863s][info][gc,heap        ] GC(323) DefNew: 613542K(629120K)->35316K(629120K) Eden: 559232K(559232K)->0K(559232K) From: 54310K(69888K)->35316K(69888K)
[378.863s][info][gc,heap        ] GC(323) Tenured: 1191526K(1398144K)->1241276K(1398144K)
[378.863s][info][gc,metaspace   ] GC(323) Metaspace: 118071K(121984K)->118071K(121984K) NonClass: 101869K(102528K)->101869K(102528K) Class: 16201K(19456K)->16201K(19456K)
[378.863s][info][gc             ] GC(323) Pause Young (Allocation Failure) 1762M->1246M(1979M) 22.463ms
[378.863s][info][gc,cpu         ] GC(323) User=0.02s Sys=0.00s Real=0.01s
[378.903s][info][gc,start       ] GC(324) Pause Young (Allocation Failure)
[378.917s][info][gc,heap        ] GC(324) DefNew: 594548K(629120K)->19045K(629120K) Eden: 559232K(559232K)->0K(559232K) From: 35316K(69888K)->19045K(69888K)
[378.917s][info][gc,heap        ] GC(324) Tenured: 1241276K(1398144K)->1267412K(1398144K)
[378.917s][info][gc,metaspace   ] GC(324) Metaspace: 118074K(121984K)->118074K(121984K) NonClass: 101873K(102528K)->101873K(102528K) Class: 16201K(19456K)->16201K(19456K)
[378.917s][info][gc             ] GC(324) Pause Young (Allocation Failure) 1792M->1256M(1979M) 13.988ms
[378.917s][info][gc,cpu         ] GC(324) User=0.00s Sys=0.00s Real=0.00s
[378.960s][info][gc,start       ] GC(325) Pause Young (Allocation Failure)
[378.977s][info][gc,heap        ] GC(325) DefNew: 578277K(629120K)->53921K(629120K) Eden: 559232K(559232K)->0K(559232K) From: 19045K(69888K)->53921K(69888K)
[378.977s][info][gc,heap        ] GC(325) Tenured: 1267412K(1398144K)->1267412K(1398144K)
[378.977s][info][gc,metaspace   ] GC(325) Metaspace: 118075K(121984K)->118075K(121984K) NonClass: 101874K(102528K)->101874K(102528K) Class: 16201K(19456K)->16201K(19456K)
[378.977s][info][gc             ] GC(325) Pause Young (Allocation Failure) 1802M->1290M(1979M) 17.126ms
[378.977s][info][gc,cpu         ] GC(325) User=0.02s Sys=0.00s Real=0.02s
[379.016s][info][gc,start       ] GC(326) Pause Young (Allocation Failure)
[379.034s][info][gc,heap        ] GC(326) DefNew: 613153K(629120K)->9424K(629120K) Eden: 559232K(559232K)->0K(559232K) From: 53921K(69888K)->9424K(69888K)
[379.034s][info][gc,heap        ] GC(326) Tenured: 1267412K(1398144K)->1314735K(1398144K)
[379.034s][info][gc,metaspace   ] GC(326) Metaspace: 118076K(121984K)->118076K(121984K) NonClass: 101874K(102528K)->101874K(102528K) Class: 16201K(19456K)->16201K(19456K)
[379.034s][info][gc             ] GC(326) Pause Young (Allocation Failure) 1836M->1293M(1979M) 18.121ms
[379.034s][info][gc,cpu         ] GC(326) User=0.02s Sys=0.00s Real=0.02s
[379.074s][info][gc,start       ] GC(327) Pause Young (Allocation Failure)
[379.074s][info][gc             ] GC(327) Pause Young (Allocation Failure) 1839M->1839M(1979M) 0.216ms
[379.074s][info][gc,cpu         ] GC(327) User=0.00s Sys=0.00s Real=0.00s
[379.074s][info][gc,start       ] GC(328) Pause Full (Allocation Failure)
[379.074s][info][gc,phases,start] GC(328) Phase 1: Mark live objects
[379.147s][info][gc,phases      ] GC(328) Phase 1: Mark live objects 73.378ms
[379.147s][info][gc,phases,start] GC(328) Phase 2: Compute new object addresses
[379.298s][info][gc,phases      ] GC(328) Phase 2: Compute new object addresses 150.650ms
[379.298s][info][gc,phases,start] GC(328) Phase 3: Adjust pointers
[379.347s][info][gc,phases      ] GC(328) Phase 3: Adjust pointers 48.826ms
[379.347s][info][gc,phases,start] GC(328) Phase 4: Move objects
[379.384s][info][gc,phases      ] GC(328) Phase 4: Move objects 36.888ms
[379.385s][info][gc,heap        ] GC(328) DefNew: 568656K(629120K)->0K(629120K) Eden: 559232K(559232K)->0K(559232K) From: 9424K(69888K)->0K(69888K)
[379.385s][info][gc,heap        ] GC(328) Tenured: 1314735K(1398144K)->1255921K(1398144K)
[379.385s][info][gc,metaspace   ] GC(328) Metaspace: 118078K(121984K)->118078K(121984K) NonClass: 101877K(102528K)->101877K(102528K) Class: 16201K(19456K)->16201K(19456K)
[379.385s][info][gc             ] GC(328) Pause Full (Allocation Failure) 1839M->1226M(1979M) 311.023ms
[379.385s][info][gc,cpu         ] GC(328) User=0.31s Sys=0.00s Real=0.31s
[379.448s][info][gc,start       ] GC(329) Pause Young (Allocation Failure)
[379.474s][info][gc,heap        ] GC(329) DefNew: 559232K(629120K)->69886K(629120K) Eden: 559232K(559232K)->0K(559232K) From: 0K(69888K)->69886K(69888K)
[379.474s][info][gc,heap        ] GC(329) Tenured: 1255921K(1398144K)->1277641K(1398144K)
[379.474s][info][gc,metaspace   ] GC(329) Metaspace: 118079K(121984K)->118079K(121984K) NonClass: 101878K(102528K)->101878K(102528K) Class: 16201K(19456K)->16201K(19456K)
[379.474s][info][gc             ] GC(329) Pause Young (Allocation Failure) 1772M->1315M(1979M) 26.454ms
[379.474s][info][gc,cpu         ] GC(329) User=0.02s Sys=0.00s Real=0.02s
[379.515s][info][gc,start       ] GC(330) Pause Young (Allocation Failure)
[379.546s][info][gc,heap        ] GC(330) DefNew: 629118K(629120K)->55944K(629120K) Eden: 559232K(559232K)->0K(559232K) From: 69886K(69888K)->55944K(69888K)
[379.546s][info][gc,heap        ] GC(330) Tenured: 1277641K(1398144K)->1343859K(1398144K)
[379.546s][info][gc,metaspace   ] GC(330) Metaspace: 118079K(121984K)->118079K(121984K) NonClass: 101878K(102528K)->101878K(102528K) Class: 16201K(19456K)->16201K(19456K)
[379.546s][info][gc             ] GC(330) Pause Young (Allocation Failure) 1862M->1366M(1979M) 30.709ms
[379.546s][info][gc,cpu         ] GC(330) User=0.03s Sys=0.00s Real=0.03s
[379.585s][info][gc,start       ] GC(331) Pause Young (Allocation Failure)
[379.585s][info][gc             ] GC(331) Pause Young (Allocation Failure) 1913M->1913M(1979M) 0.113ms
[379.585s][info][gc,cpu         ] GC(331) User=0.00s Sys=0.00s Real=0.00s
[379.585s][info][gc,start       ] GC(332) Pause Full (Allocation Failure)
[379.585s][info][gc,phases,start] GC(332) Phase 1: Mark live objects
[379.640s][info][gc,phases      ] GC(332) Phase 1: Mark live objects 55.408ms
[379.640s][info][gc,phases,start] GC(332) Phase 2: Compute new object addresses
[379.788s][info][gc,phases      ] GC(332) Phase 2: Compute new object addresses 147.940ms
[379.788s][info][gc,phases,start] GC(332) Phase 3: Adjust pointers
[379.818s][info][gc,phases      ] GC(332) Phase 3: Adjust pointers 29.765ms
[379.818s][info][gc,phases,start] GC(332) Phase 4: Move objects
[379.841s][info][gc,phases      ] GC(332) Phase 4: Move objects 22.861ms
[379.842s][info][gc,heap        ] GC(332) DefNew: 615176K(629120K)->0K(629120K) Eden: 559232K(559232K)->0K(559232K) From: 55944K(69888K)->0K(69888K)
[379.842s][info][gc,heap        ] GC(332) Tenured: 1343859K(1398144K)->1261356K(1398144K)
[379.842s][info][gc,metaspace   ] GC(332) Metaspace: 118080K(121984K)->118080K(121984K) NonClass: 101878K(102528K)->101878K(102528K) Class: 16201K(19456K)->16201K(19456K)
[379.842s][info][gc             ] GC(332) Pause Full (Allocation Failure) 1913M->1231M(1979M) 257.047ms
[379.842s][info][gc,cpu         ] GC(332) User=0.28s Sys=0.00s Real=0.27s
[379.881s][info][gc,start       ] GC(333) Pause Young (Allocation Failure)
[379.894s][info][gc,heap        ] GC(333) DefNew: 559232K(629120K)->47049K(629120K) Eden: 559232K(559232K)->0K(559232K) From: 0K(69888K)->47049K(69888K)
[379.894s][info][gc,heap        ] GC(333) Tenured: 1261356K(1398144K)->1261356K(1398144K)
[379.894s][info][gc,metaspace   ] GC(333) Metaspace: 118080K(121984K)->118080K(121984K) NonClass: 101878K(102528K)->101878K(102528K) Class: 16201K(19456K)->16201K(19456K)
[379.894s][info][gc             ] GC(333) Pause Young (Allocation Failure) 1777M->1277M(1979M) 13.167ms
[379.894s][info][gc,cpu         ] GC(333) User=0.03s Sys=0.00s Real=0.02s
[379.923s][info][gc,start       ] GC(334) Pause Young (Allocation Failure)
[379.947s][info][gc,heap        ] GC(334) DefNew: 606281K(629120K)->67822K(629120K) Eden: 559232K(559232K)->0K(559232K) From: 47049K(69888K)->67822K(69888K)
[379.947s][info][gc,heap        ] GC(334) Tenured: 1261356K(1398144K)->1288321K(1398144K)
[379.947s][info][gc,metaspace   ] GC(334) Metaspace: 118080K(121984K)->118080K(121984K) NonClass: 101878K(102528K)->101878K(102528K) Class: 16201K(19456K)->16201K(19456K)
[379.947s][info][gc             ] GC(334) Pause Young (Allocation Failure) 1823M->1324M(1979M) 23.799ms
[379.947s][info][gc,cpu         ] GC(334) User=0.06s Sys=0.00s Real=0.03s
[379.981s][info][gc,start       ] GC(335) Pause Young (Allocation Failure)
[380.010s][info][gc,heap        ] GC(335) DefNew: 627054K(629120K)->69417K(629120K) Eden: 559232K(559232K)->0K(559232K) From: 67822K(69888K)->69417K(69888K)
[380.010s][info][gc,heap        ] GC(335) Tenured: 1288321K(1398144K)->1337151K(1398144K)
[380.010s][info][gc,metaspace   ] GC(335) Metaspace: 118080K(121984K)->118080K(121984K) NonClass: 101878K(102528K)->101878K(102528K) Class: 16201K(19456K)->16201K(19456K)
[380.010s][info][gc             ] GC(335) Pause Young (Allocation Failure) 1870M->1373M(1979M) 28.558ms
[380.010s][info][gc,cpu         ] GC(335) User=0.03s Sys=0.00s Real=0.03s
[380.044s][info][gc,start       ] GC(336) Pause Young (Allocation Failure)
[380.044s][info][gc             ] GC(336) Pause Young (Allocation Failure) 1919M->1919M(1979M) 0.121ms
[380.044s][info][gc,cpu         ] GC(336) User=0.00s Sys=0.00s Real=0.00s
[380.044s][info][gc,start       ] GC(337) Pause Full (Allocation Failure)
[380.044s][info][gc,phases,start] GC(337) Phase 1: Mark live objects
[380.093s][info][gc,phases      ] GC(337) Phase 1: Mark live objects 49.254ms
[380.115s][info][gc,phases,start] GC(337) Phase 2: Compute new object addresses
[380.270s][info][gc,phases      ] GC(337) Phase 2: Compute new object addresses 154.668ms
[380.270s][info][gc,phases,start] GC(337) Phase 3: Adjust pointers
[380.299s][info][gc,phases      ] GC(337) Phase 3: Adjust pointers 29.353ms
[380.299s][info][gc,phases,start] GC(337) Phase 4: Move objects
[380.325s][info][gc,phases      ] GC(337) Phase 4: Move objects 25.708ms
[380.326s][info][gc,heap        ] GC(337) DefNew: 628649K(629120K)->0K(629120K) Eden: 559232K(559232K)->0K(559232K) From: 69417K(69888K)->0K(69888K)
[380.326s][info][gc,heap        ] GC(337) Tenured: 1337151K(1398144K)->1319092K(1398144K)
[380.326s][info][gc,metaspace   ] GC(337) Metaspace: 118080K(121984K)->118080K(121984K) NonClass: 101878K(102528K)->101878K(102528K) Class: 16201K(19456K)->16201K(19456K)
[380.326s][info][gc             ] GC(337) Pause Full (Allocation Failure) 1919M->1288M(1979M) 282.037ms
[380.326s][info][gc,cpu         ] GC(337) User=0.27s Sys=0.00s Real=0.28s
[380.360s][info][gc,start       ] GC(338) Pause Young (Allocation Failure)
[380.360s][info][gc             ] GC(338) Pause Young (Allocation Failure) 1834M->1834M(1979M) 0.117ms
[380.360s][info][gc,cpu         ] GC(338) User=0.00s Sys=0.00s Real=0.00s
[380.360s][info][gc,start       ] GC(339) Pause Full (Allocation Failure)
[380.360s][info][gc,phases,start] GC(339) Phase 1: Mark live objects
[380.410s][info][gc,phases      ] GC(339) Phase 1: Mark live objects 49.426ms
[380.410s][info][gc,phases,start] GC(339) Phase 2: Compute new object addresses
[380.575s][info][gc,phases      ] GC(339) Phase 2: Compute new object addresses 165.146ms
[380.575s][info][gc,phases,start] GC(339) Phase 3: Adjust pointers
[380.605s][info][gc,phases      ] GC(339) Phase 3: Adjust pointers 29.904ms
[380.605s][info][gc,phases,start] GC(339) Phase 4: Move objects
[380.822s][info][gc,phases      ] GC(339) Phase 4: Move objects 217.563ms
[380.823s][info][gc,heap        ] GC(339) DefNew: 559232K(629120K)->0K(629120K) Eden: 559232K(559232K)->0K(559232K) From: 0K(69888K)->0K(69888K)
[380.823s][info][gc,heap        ] GC(339) Tenured: 1319092K(1398144K)->1264258K(1398144K)
[380.823s][info][gc,metaspace   ] GC(339) Metaspace: 118080K(121984K)->118080K(121984K) NonClass: 101878K(102528K)->101878K(102528K) Class: 16201K(19456K)->16201K(19456K)
[380.823s][info][gc             ] GC(339) Pause Full (Allocation Failure) 1834M->1234M(1979M) 463.233ms
[380.823s][info][gc,cpu         ] GC(339) User=0.45s Sys=0.00s Real=0.45s
[380.859s][info][gc,start       ] GC(340) Pause Young (Allocation Failure)
[380.874s][info][gc,heap        ] GC(340) DefNew: 559232K(629120K)->57455K(629120K) Eden: 559232K(559232K)->0K(559232K) From: 0K(69888K)->57455K(69888K)
[380.874s][info][gc,heap        ] GC(340) Tenured: 1264258K(1398144K)->1264258K(1398144K)
[380.874s][info][gc,metaspace   ] GC(340) Metaspace: 118080K(121984K)->118080K(121984K) NonClass: 101878K(102528K)->101878K(102528K) Class: 16201K(19456K)->16201K(19456K)
[380.874s][info][gc             ] GC(340) Pause Young (Allocation Failure) 1780M->1290M(1979M) 14.826ms
[380.874s][info][gc,cpu         ] GC(340) User=0.02s Sys=0.00s Real=0.02s
[380.904s][info][gc,start       ] GC(341) Pause Young (Allocation Failure)
[380.930s][info][gc,heap        ] GC(341) DefNew: 616687K(629120K)->69816K(629120K) Eden: 559232K(559232K)->0K(559232K) From: 57455K(69888K)->69816K(69888K)
[380.930s][info][gc,heap        ] GC(341) Tenured: 1264258K(1398144K)->1303210K(1398144K)
[380.930s][info][gc,metaspace   ] GC(341) Metaspace: 118080K(121984K)->118080K(121984K) NonClass: 101878K(102528K)->101878K(102528K) Class: 16201K(19456K)->16201K(19456K)
[380.930s][info][gc             ] GC(341) Pause Young (Allocation Failure) 1836M->1340M(1979M) 26.415ms
[380.930s][info][gc,cpu         ] GC(341) User=0.02s Sys=0.00s Real=0.02s
[380.962s][info][gc,start       ] GC(342) Pause Young (Allocation Failure)
[380.989s][info][gc,heap        ] GC(342) DefNew: 629048K(629120K)->69430K(629120K) Eden: 559232K(559232K)->0K(559232K) From: 69816K(69888K)->69430K(69888K)
[380.989s][info][gc,heap        ] GC(342) Tenured: 1303210K(1398144K)->1344811K(1398144K)
[380.989s][info][gc,metaspace   ] GC(342) Metaspace: 118080K(121984K)->118080K(121984K) NonClass: 101878K(102528K)->101878K(102528K) Class: 16201K(19456K)->16201K(19456K)
[380.989s][info][gc             ] GC(342) Pause Young (Allocation Failure) 1886M->1381M(1979M) 26.891ms
[380.989s][info][gc,cpu         ] GC(342) User=0.03s Sys=0.00s Real=0.03s
[381.022s][info][gc,start       ] GC(343) Pause Young (Allocation Failure)
[381.022s][info][gc,heap        ] GC(343) DefNew: 628662K(629120K)->628662K(629120K) Eden: 559232K(559232K)->559232K(559232K) From: 69430K(69888K)->69430K(69888K)
[381.022s][info][gc,heap        ] GC(343) Tenured: 1344811K(1398144K)->1344811K(1398144K)
[381.022s][info][gc,metaspace   ] GC(343) Metaspace: 118080K(121984K)->118080K(121984K) NonClass: 101878K(102528K)->101878K(102528K) Class: 16201K(19456K)->16201K(19456K)
[381.022s][info][gc             ] GC(343) Pause Young (Allocation Failure) 1927M->1927M(1979M) 0.168ms
[381.022s][info][gc,cpu         ] GC(343) User=0.00s Sys=0.00s Real=0.00s
[381.022s][info][gc,start       ] GC(344) Pause Full (Allocation Failure)
[381.022s][info][gc,phases,start] GC(344) Phase 1: Mark live objects
[381.084s][info][gc,phases      ] GC(344) Phase 1: Mark live objects 62.138ms
[381.084s][info][gc,phases,start] GC(344) Phase 2: Compute new object addresses
[381.240s][info][gc,phases      ] GC(344) Phase 2: Compute new object addresses 155.474ms
[381.240s][info][gc,phases,start] GC(344) Phase 3: Adjust pointers
[381.268s][info][gc,phases      ] GC(344) Phase 3: Adjust pointers 27.935ms
[381.268s][info][gc,phases,start] GC(344) Phase 4: Move objects
[381.340s][info][gc,phases      ] GC(344) Phase 4: Move objects 72.322ms
[381.342s][info][gc,heap        ] GC(344) DefNew: 628662K(629120K)->0K(629120K) Eden: 559232K(559232K)->0K(559232K) From: 69430K(69888K)->0K(69888K)
[381.342s][info][gc,heap        ] GC(344) Tenured: 1344811K(1398144K)->1310967K(1398144K)
[381.342s][info][gc,metaspace   ] GC(344) Metaspace: 118080K(121984K)->117355K(121984K) NonClass: 101878K(102528K)->101271K(102528K) Class: 16201K(19456K)->16084K(19456K)
[381.342s][info][gc             ] GC(344) Pause Full (Allocation Failure) 1927M->1280M(1979M) 320.104ms
[381.342s][info][gc,cpu         ] GC(344) User=0.33s Sys=0.00s Real=0.33s
[381.377s][info][gc,start       ] GC(345) Pause Young (Allocation Failure)
[381.390s][info][gc,heap        ] GC(345) DefNew: 556858K(629120K)->47230K(629120K) Eden: 556858K(559232K)->0K(559232K) From: 0K(69888K)->47230K(69888K)
[381.390s][info][gc,heap        ] GC(345) Tenured: 1310967K(1398144K)->1310967K(1398144K)
[381.390s][info][gc,metaspace   ] GC(345) Metaspace: 117355K(121984K)->117355K(121984K) NonClass: 101271K(102528K)->101271K(102528K) Class: 16084K(19456K)->16084K(19456K)
[381.390s][info][gc             ] GC(345) Pause Young (Allocation Failure) 1824M->1326M(1979M) 12.687ms
[381.390s][info][gc,cpu         ] GC(345) User=0.02s Sys=0.00s Real=0.02s
[381.418s][info][gc,start       ] GC(346) Pause Young (Allocation Failure)
[381.441s][info][gc,heap        ] GC(346) DefNew: 606462K(629120K)->67930K(629120K) Eden: 559232K(559232K)->0K(559232K) From: 47230K(69888K)->67930K(69888K)
[381.441s][info][gc,heap        ] GC(346) Tenured: 1310967K(1398144K)->1333853K(1398144K)
[381.441s][info][gc,metaspace   ] GC(346) Metaspace: 117355K(121984K)->117355K(121984K) NonClass: 101271K(102528K)->101271K(102528K) Class: 16084K(19456K)->16084K(19456K)
[381.441s][info][gc             ] GC(346) Pause Young (Allocation Failure) 1872M->1368M(1979M) 22.229ms
[381.441s][info][gc,cpu         ] GC(346) User=0.03s Sys=0.00s Real=0.03s
[381.471s][info][gc,start       ] GC(347) Pause Young (Allocation Failure)
[381.472s][info][gc             ] GC(347) Pause Young (Allocation Failure) 1915M->1915M(1979M) 0.122ms
[381.472s][info][gc,cpu         ] GC(347) User=0.00s Sys=0.00s Real=0.00s
[381.472s][info][gc,start       ] GC(348) Pause Full (Allocation Failure)
[381.472s][info][gc,phases,start] GC(348) Phase 1: Mark live objects
[381.518s][info][gc,phases      ] GC(348) Phase 1: Mark live objects 46.839ms
[381.519s][info][gc,phases,start] GC(348) Phase 2: Compute new object addresses
[381.657s][info][gc,phases      ] GC(348) Phase 2: Compute new object addresses 138.301ms
[381.657s][info][gc,phases,start] GC(348) Phase 3: Adjust pointers
[381.684s][info][gc,phases      ] GC(348) Phase 3: Adjust pointers 26.620ms
[381.684s][info][gc,phases,start] GC(348) Phase 4: Move objects
[381.701s][info][gc,phases      ] GC(348) Phase 4: Move objects 17.641ms
[381.702s][info][gc,heap        ] GC(348) DefNew: 627162K(629120K)->18763K(629120K) Eden: 559232K(559232K)->18763K(559232K) From: 67930K(69888K)->0K(69888K)
[381.702s][info][gc,heap        ] GC(348) Tenured: 1333853K(1398144K)->1395391K(1398144K)
[381.702s][info][gc,metaspace   ] GC(348) Metaspace: 117355K(121984K)->117355K(121984K) NonClass: 101271K(102528K)->101271K(102528K) Class: 16084K(19456K)->16084K(19456K)
[381.702s][info][gc             ] GC(348) Pause Full (Allocation Failure) 1915M->1381M(1979M) 230.416ms
[381.702s][info][gc,cpu         ] GC(348) User=0.23s Sys=0.00s Real=0.23s
[383.618s][info][gc,start       ] GC(349) Pause Full (Allocation Failure)
[383.618s][info][gc,phases,start] GC(349) Phase 1: Mark live objects
[383.665s][info][gc,phases      ] GC(349) Phase 1: Mark live objects 47.443ms
[383.665s][info][gc,phases,start] GC(349) Phase 2: Compute new object addresses
[383.829s][info][gc,phases      ] GC(349) Phase 2: Compute new object addresses 164.118ms
[383.829s][info][gc,phases,start] GC(349) Phase 3: Adjust pointers
[383.857s][info][gc,phases      ] GC(349) Phase 3: Adjust pointers 27.293ms
[383.857s][info][gc,phases,start] GC(349) Phase 4: Move objects
[383.869s][info][gc,phases      ] GC(349) Phase 4: Move objects 12.695ms
[383.870s][info][gc,heap        ] GC(349) DefNew: 628493K(629120K)->43712K(629120K) Eden: 559232K(559232K)->43712K(559232K) From: 69261K(69888K)->0K(69888K)
[383.870s][info][gc,heap        ] GC(349) Tenured: 1395391K(1398144K)->1396967K(1398144K)
[383.870s][info][gc,metaspace   ] GC(349) Metaspace: 117355K(121984K)->117355K(121984K) NonClass: 101271K(102528K)->101271K(102528K) Class: 16084K(19456K)->16084K(19456K)
[383.870s][info][gc             ] GC(349) Pause Full (Allocation Failure) 1976M->1406M(1979M) 252.614ms
[383.870s][info][gc,cpu         ] GC(349) User=0.25s Sys=0.00s Real=0.25s
[385.696s][info][gc,start       ] GC(350) Pause Full (Allocation Failure)
[385.696s][info][gc,phases,start] GC(350) Phase 1: Mark live objects
[385.743s][info][gc,phases      ] GC(350) Phase 1: Mark live objects 47.131ms
[385.743s][info][gc,phases,start] GC(350) Phase 2: Compute new object addresses
[385.907s][info][gc,phases      ] GC(350) Phase 2: Compute new object addresses 163.407ms
[385.907s][info][gc,phases,start] GC(350) Phase 3: Adjust pointers
[385.935s][info][gc,phases      ] GC(350) Phase 3: Adjust pointers 28.663ms
[385.935s][info][gc,phases,start] GC(350) Phase 4: Move objects
[386.011s][info][gc,phases      ] GC(350) Phase 4: Move objects 75.193ms
[386.011s][info][gc,heap        ] GC(350) DefNew: 629119K(629120K)->0K(629120K) Eden: 559232K(559232K)->0K(559232K) From: 69887K(69888K)->0K(69888K)
[386.011s][info][gc,heap        ] GC(350) Tenured: 1398144K(1398144K)->1388527K(1398144K)
[386.011s][info][gc,metaspace   ] GC(350) Metaspace: 117355K(121984K)->117355K(121984K) NonClass: 101271K(102528K)->101271K(102528K) Class: 16084K(19456K)->16084K(19456K)
[386.011s][info][gc             ] GC(350) Pause Full (Allocation Failure) 1979M->1355M(1979M) 315.555ms
[386.012s][info][gc,cpu         ] GC(350) User=0.31s Sys=0.00s Real=0.32s
[386.049s][info][gc,start       ] GC(351) Pause Young (Allocation Failure)
[386.049s][info][gc             ] GC(351) Pause Young (Allocation Failure) 1902M->1902M(1979M) 0.117ms
[386.049s][info][gc,cpu         ] GC(351) User=0.00s Sys=0.00s Real=0.00s
[386.049s][info][gc,start       ] GC(352) Pause Full (Allocation Failure)
[386.049s][info][gc,phases,start] GC(352) Phase 1: Mark live objects
[386.096s][info][gc,phases      ] GC(352) Phase 1: Mark live objects 47.502ms
[386.096s][info][gc,phases,start] GC(352) Phase 2: Compute new object addresses
[386.246s][info][gc,phases      ] GC(352) Phase 2: Compute new object addresses 149.234ms
[386.246s][info][gc,phases,start] GC(352) Phase 3: Adjust pointers
[386.279s][info][gc,phases      ] GC(352) Phase 3: Adjust pointers 32.969ms
[386.279s][info][gc,phases,start] GC(352) Phase 4: Move objects
[386.288s][info][gc,phases      ] GC(352) Phase 4: Move objects 9.631ms
[386.289s][info][gc,heap        ] GC(352) DefNew: 559232K(629120K)->36448K(629120K) Eden: 559232K(559232K)->36448K(559232K) From: 0K(69888K)->0K(69888K)
[386.289s][info][gc,heap        ] GC(352) Tenured: 1388527K(1398144K)->1394860K(1398144K)
[386.289s][info][gc,metaspace   ] GC(352) Metaspace: 117356K(121984K)->117356K(121984K) NonClass: 101272K(102528K)->101272K(102528K) Class: 16084K(19456K)->16084K(19456K)
[386.289s][info][gc             ] GC(352) Pause Full (Allocation Failure) 1902M->1397M(1979M) 240.389ms
[386.289s][info][gc,cpu         ] GC(352) User=0.23s Sys=0.00s Real=0.23s
[388.451s][info][gc,start       ] GC(353) Pause Full (Allocation Failure)
[388.451s][info][gc,phases,start] GC(353) Phase 1: Mark live objects
[388.506s][info][gc,phases      ] GC(353) Phase 1: Mark live objects 55.212ms
[388.506s][info][gc,phases,start] GC(353) Phase 2: Compute new object addresses
[388.659s][info][gc,phases      ] GC(353) Phase 2: Compute new object addresses 152.940ms
[388.659s][info][gc,phases,start] GC(353) Phase 3: Adjust pointers
[388.687s][info][gc,phases      ] GC(353) Phase 3: Adjust pointers 27.472ms
[388.687s][info][gc,phases,start] GC(353) Phase 4: Move objects
[388.699s][info][gc,phases      ] GC(353) Phase 4: Move objects 11.898ms
[388.699s][info][gc,heap        ] GC(353) DefNew: 629120K(629120K)->53031K(629120K) Eden: 559232K(559232K)->53031K(559232K) From: 69888K(69888K)->0K(69888K)
[388.699s][info][gc,heap        ] GC(353) Tenured: 1398144K(1398144K)->1398144K(1398144K)
[388.699s][info][gc,metaspace   ] GC(353) Metaspace: 117364K(121984K)->117364K(121984K) NonClass: 101280K(102528K)->101280K(102528K) Class: 16084K(19456K)->16084K(19456K)
[388.699s][info][gc             ] GC(353) Pause Full (Allocation Failure) 1979M->1417M(1979M) 248.627ms
[388.699s][info][gc,cpu         ] GC(353) User=0.25s Sys=0.00s Real=0.25s
[390.557s][info][gc,start       ] GC(354) Pause Full (Allocation Failure)
[390.557s][info][gc,phases,start] GC(354) Phase 1: Mark live objects
[390.604s][info][gc,phases      ] GC(354) Phase 1: Mark live objects 47.063ms
[390.604s][info][gc,phases,start] GC(354) Phase 2: Compute new object addresses
[390.754s][info][gc,phases      ] GC(354) Phase 2: Compute new object addresses 149.674ms
[390.754s][info][gc,phases,start] GC(354) Phase 3: Adjust pointers
[390.780s][info][gc,phases      ] GC(354) Phase 3: Adjust pointers 26.700ms
[390.780s][info][gc,phases,start] GC(354) Phase 4: Move objects
[390.792s][info][gc,phases      ] GC(354) Phase 4: Move objects 12.060ms
[390.793s][info][gc,heap        ] GC(354) DefNew: 629119K(629120K)->58274K(629120K) Eden: 559232K(559232K)->58274K(559232K) From: 69887K(69888K)->0K(69888K)
[390.793s][info][gc,heap        ] GC(354) Tenured: 1398144K(1398144K)->1398144K(1398144K)
[390.793s][info][gc,metaspace   ] GC(354) Metaspace: 117366K(121984K)->117366K(121984K) NonClass: 101282K(102528K)->101282K(102528K) Class: 16084K(19456K)->16084K(19456K)
[390.793s][info][gc             ] GC(354) Pause Full (Allocation Failure) 1979M->1422M(1979M) 236.581ms
[390.793s][info][gc,cpu         ] GC(354) User=0.23s Sys=0.00s Real=0.24s
[393.226s][info][gc,start       ] GC(355) Pause Full (Allocation Failure)
[393.227s][info][gc,phases,start] GC(355) Phase 1: Mark live objects
[393.280s][info][gc,phases      ] GC(355) Phase 1: Mark live objects 53.053ms
[393.280s][info][gc,phases,start] GC(355) Phase 2: Compute new object addresses
[393.446s][info][gc,phases      ] GC(355) Phase 2: Compute new object addresses 165.925ms
[393.446s][info][gc,phases,start] GC(355) Phase 3: Adjust pointers
[393.473s][info][gc,phases      ] GC(355) Phase 3: Adjust pointers 27.672ms
[393.473s][info][gc,phases,start] GC(355) Phase 4: Move objects
[393.715s][info][gc,phases      ] GC(355) Phase 4: Move objects 241.737ms
[393.716s][info][gc,heap        ] GC(355) DefNew: 629119K(629120K)->0K(629120K) Eden: 559232K(559232K)->0K(559232K) From: 69887K(69888K)->0K(69888K)
[393.716s][info][gc,heap        ] GC(355) Tenured: 1398144K(1398144K)->1396577K(1398144K)
[393.716s][info][gc,metaspace   ] GC(355) Metaspace: 117370K(121984K)->117370K(121984K) NonClass: 101285K(102528K)->101285K(102528K) Class: 16084K(19456K)->16084K(19456K)
[393.716s][info][gc             ] GC(355) Pause Full (Allocation Failure) 1979M->1363M(1979M) 489.652ms
[393.716s][info][gc,cpu         ] GC(355) User=0.48s Sys=0.00s Real=0.48s
[393.761s][info][gc,start       ] GC(356) Pause Young (Allocation Failure)
[393.761s][info][gc             ] GC(356) Pause Young (Allocation Failure) 1909M->1909M(1979M) 0.112ms
[393.761s][info][gc,cpu         ] GC(356) User=0.00s Sys=0.00s Real=0.00s
[393.761s][info][gc,start       ] GC(357) Pause Full (Allocation Failure)
[393.761s][info][gc,phases,start] GC(357) Phase 1: Mark live objects
[393.808s][info][gc,phases      ] GC(357) Phase 1: Mark live objects 46.833ms
[393.808s][info][gc,phases,start] GC(357) Phase 2: Compute new object addresses
[393.962s][info][gc,phases      ] GC(357) Phase 2: Compute new object addresses 153.509ms
[393.962s][info][gc,phases,start] GC(357) Phase 3: Adjust pointers
[393.989s][info][gc,phases      ] GC(357) Phase 3: Adjust pointers 26.966ms
[393.989s][info][gc,phases,start] GC(357) Phase 4: Move objects
[393.989s][info][gc,phases      ] GC(357) Phase 4: Move objects 0.028ms
[393.989s][info][gc,heap        ] GC(357) DefNew: 559232K(629120K)->0K(629120K) Eden: 559232K(559232K)->0K(559232K) From: 0K(69888K)->0K(69888K)
[393.989s][info][gc,heap        ] GC(357) Tenured: 1396577K(1398144K)->1396634K(1398144K)
[393.989s][info][gc,metaspace   ] GC(357) Metaspace: 117370K(121984K)->117370K(121984K) NonClass: 101285K(102528K)->101285K(102528K) Class: 16084K(19456K)->16084K(19456K)
[393.989s][info][gc             ] GC(357) Pause Full (Allocation Failure) 1909M->1363M(1979M) 228.296ms
[393.989s][info][gc,cpu         ] GC(357) User=0.22s Sys=0.00s Real=0.22s
[394.036s][info][gc,start       ] GC(358) Pause Young (Allocation Failure)
[394.036s][info][gc             ] GC(358) Pause Young (Allocation Failure) 1910M->1910M(1979M) 0.122ms
[394.036s][info][gc,cpu         ] GC(358) User=0.00s Sys=0.00s Real=0.00s
[394.036s][info][gc,start       ] GC(359) Pause Full (Allocation Failure)
[394.036s][info][gc,phases,start] GC(359) Phase 1: Mark live objects
[394.082s][info][gc,phases      ] GC(359) Phase 1: Mark live objects 46.690ms
[394.082s][info][gc,phases,start] GC(359) Phase 2: Compute new object addresses
[394.235s][info][gc,phases      ] GC(359) Phase 2: Compute new object addresses 152.353ms
[394.235s][info][gc,phases,start] GC(359) Phase 3: Adjust pointers
[394.262s][info][gc,phases      ] GC(359) Phase 3: Adjust pointers 27.288ms
[394.262s][info][gc,phases,start] GC(359) Phase 4: Move objects
[394.262s][info][gc,phases      ] GC(359) Phase 4: Move objects 0.031ms
[394.263s][info][gc,heap        ] GC(359) DefNew: 559232K(629120K)->0K(629120K) Eden: 559232K(559232K)->0K(559232K) From: 0K(69888K)->0K(69888K)
[394.263s][info][gc,heap        ] GC(359) Tenured: 1396634K(1398144K)->1396700K(1398144K)
[394.263s][info][gc,metaspace   ] GC(359) Metaspace: 117370K(121984K)->117370K(121984K) NonClass: 101285K(102528K)->101285K(102528K) Class: 16084K(19456K)->16084K(19456K)
[394.263s][info][gc             ] GC(359) Pause Full (Allocation Failure) 1910M->1363M(1979M) 227.305ms
[394.263s][info][gc,cpu         ] GC(359) User=0.23s Sys=0.00s Real=0.23s
[394.313s][info][gc,start       ] GC(360) Pause Young (Allocation Failure)
[394.313s][info][gc,heap        ] GC(360) DefNew: 559232K(629120K)->559232K(629120K) Eden: 559232K(559232K)->559232K(559232K) From: 0K(69888K)->0K(69888K)
[394.313s][info][gc,heap        ] GC(360) Tenured: 1396700K(1398144K)->1396700K(1398144K)
[394.313s][info][gc,metaspace   ] GC(360) Metaspace: 117370K(121984K)->117370K(121984K) NonClass: 101285K(102528K)->101285K(102528K) Class: 16084K(19456K)->16084K(19456K)
[394.314s][info][gc             ] GC(360) Pause Young (Allocation Failure) 1910M->1910M(1979M) 0.366ms
[394.314s][info][gc,cpu         ] GC(360) User=0.00s Sys=0.00s Real=0.00s
[394.314s][info][gc,start       ] GC(361) Pause Full (Allocation Failure)
[394.314s][info][gc,phases,start] GC(361) Phase 1: Mark live objects
[394.373s][info][gc,phases      ] GC(361) Phase 1: Mark live objects 59.549ms
[394.373s][info][gc,phases,start] GC(361) Phase 2: Compute new object addresses
[394.526s][info][gc,phases      ] GC(361) Phase 2: Compute new object addresses 152.846ms
[394.526s][info][gc,phases,start] GC(361) Phase 3: Adjust pointers
[394.553s][info][gc,phases      ] GC(361) Phase 3: Adjust pointers 27.157ms
[394.553s][info][gc,phases,start] GC(361) Phase 4: Move objects
[394.566s][info][gc,phases      ] GC(361) Phase 4: Move objects 13.024ms
[394.567s][info][gc,heap        ] GC(361) DefNew: 559232K(629120K)->0K(629120K) Eden: 559232K(559232K)->0K(559232K) From: 0K(69888K)->0K(69888K)
[394.567s][info][gc,heap        ] GC(361) Tenured: 1396700K(1398144K)->1396524K(1398144K)
[394.567s][info][gc,metaspace   ] GC(361) Metaspace: 117370K(121984K)->117370K(121984K) NonClass: 101285K(102528K)->101285K(102528K) Class: 16084K(19456K)->16084K(19456K)
[394.567s][info][gc             ] GC(361) Pause Full (Allocation Failure) 1910M->1363M(1979M) 253.614ms
[394.567s][info][gc,cpu         ] GC(361) User=0.25s Sys=0.00s Real=0.25s
[394.618s][info][gc,start       ] GC(362) Pause Young (Allocation Failure)
[394.618s][info][gc             ] GC(362) Pause Young (Allocation Failure) 1909M->1909M(1979M) 0.235ms
[394.618s][info][gc,cpu         ] GC(362) User=0.00s Sys=0.00s Real=0.00s
[394.618s][info][gc,start       ] GC(363) Pause Full (Allocation Failure)
[394.618s][info][gc,phases,start] GC(363) Phase 1: Mark live objects
[394.676s][info][gc,phases      ] GC(363) Phase 1: Mark live objects 58.257ms
[394.676s][info][gc,phases,start] GC(363) Phase 2: Compute new object addresses
[394.830s][info][gc,phases      ] GC(363) Phase 2: Compute new object addresses 154.053ms
[394.830s][info][gc,phases,start] GC(363) Phase 3: Adjust pointers
[394.858s][info][gc,phases      ] GC(363) Phase 3: Adjust pointers 27.083ms
[394.858s][info][gc,phases,start] GC(363) Phase 4: Move objects
[394.858s][info][gc,phases      ] GC(363) Phase 4: Move objects 0.030ms
[394.858s][info][gc,heap        ] GC(363) DefNew: 559232K(629120K)->0K(629120K) Eden: 559232K(559232K)->0K(559232K) From: 0K(69888K)->0K(69888K)
[394.858s][info][gc,heap        ] GC(363) Tenured: 1396524K(1398144K)->1396521K(1398144K)
[394.858s][info][gc,metaspace   ] GC(363) Metaspace: 117370K(121984K)->117370K(121984K) NonClass: 101285K(102528K)->101285K(102528K) Class: 16084K(19456K)->16084K(19456K)
[394.858s][info][gc             ] GC(363) Pause Full (Allocation Failure) 1909M->1363M(1979M) 240.459ms
[394.858s][info][gc,cpu         ] GC(363) User=0.23s Sys=0.00s Real=0.23s
[394.909s][info][gc,start       ] GC(364) Pause Young (Allocation Failure)
[394.909s][info][gc             ] GC(364) Pause Young (Allocation Failure) 1909M->1909M(1979M) 0.213ms
[394.909s][info][gc,cpu         ] GC(364) User=0.00s Sys=0.00s Real=0.00s
[394.909s][info][gc,start       ] GC(365) Pause Full (Allocation Failure)
[394.909s][info][gc,phases,start] GC(365) Phase 1: Mark live objects
[394.967s][info][gc,phases      ] GC(365) Phase 1: Mark live objects 57.861ms
[394.967s][info][gc,phases,start] GC(365) Phase 2: Compute new object addresses
[395.121s][info][gc,phases      ] GC(365) Phase 2: Compute new object addresses 153.580ms
[395.121s][info][gc,phases,start] GC(365) Phase 3: Adjust pointers
[395.150s][info][gc,phases      ] GC(365) Phase 3: Adjust pointers 28.735ms
[395.150s][info][gc,phases,start] GC(365) Phase 4: Move objects
[395.150s][info][gc,phases      ] GC(365) Phase 4: Move objects 0.032ms
[395.150s][info][gc,heap        ] GC(365) DefNew: 559232K(629120K)->0K(629120K) Eden: 559232K(559232K)->0K(559232K) From: 0K(69888K)->0K(69888K)
[395.150s][info][gc,heap        ] GC(365) Tenured: 1396521K(1398144K)->1396590K(1398144K)
[395.150s][info][gc,metaspace   ] GC(365) Metaspace: 117370K(121984K)->117370K(121984K) NonClass: 101285K(102528K)->101285K(102528K) Class: 16084K(19456K)->16084K(19456K)
[395.150s][info][gc             ] GC(365) Pause Full (Allocation Failure) 1909M->1363M(1979M) 241.234ms
[395.151s][info][gc,cpu         ] GC(365) User=0.27s Sys=0.00s Real=0.25s
[395.209s][info][gc,start       ] GC(366) Pause Young (Allocation Failure)
[395.209s][info][gc             ] GC(366) Pause Young (Allocation Failure) 1909M->1909M(1979M) 0.110ms
[395.209s][info][gc,cpu         ] GC(366) User=0.00s Sys=0.00s Real=0.00s
[395.209s][info][gc,start       ] GC(367) Pause Full (Allocation Failure)
[395.209s][info][gc,phases,start] GC(367) Phase 1: Mark live objects
[395.257s][info][gc,phases      ] GC(367) Phase 1: Mark live objects 47.670ms
[395.257s][info][gc,phases,start] GC(367) Phase 2: Compute new object addresses
[395.423s][info][gc,phases      ] GC(367) Phase 2: Compute new object addresses 166.218ms
[395.423s][info][gc,phases,start] GC(367) Phase 3: Adjust pointers
[395.451s][info][gc,phases      ] GC(367) Phase 3: Adjust pointers 27.778ms
[395.451s][info][gc,phases,start] GC(367) Phase 4: Move objects
[395.483s][info][gc,phases      ] GC(367) Phase 4: Move objects 32.508ms
[395.484s][info][gc,heap        ] GC(367) DefNew: 559232K(629120K)->0K(629120K) Eden: 559232K(559232K)->0K(559232K) From: 0K(69888K)->0K(69888K)
[395.484s][info][gc,heap        ] GC(367) Tenured: 1396590K(1398144K)->1343792K(1398144K)
[395.484s][info][gc,metaspace   ] GC(367) Metaspace: 117411K(121984K)->117411K(121984K) NonClass: 101320K(102528K)->101320K(102528K) Class: 16091K(19456K)->16091K(19456K)
[395.484s][info][gc             ] GC(367) Pause Full (Allocation Failure) 1909M->1312M(1979M) 275.209ms
[395.484s][info][gc,cpu         ] GC(367) User=0.27s Sys=0.00s Real=0.27s
[395.553s][info][gc,start       ] GC(368) Pause Young (Allocation Failure)
[395.553s][info][gc             ] GC(368) Pause Young (Allocation Failure) 1858M->1858M(1979M) 0.162ms
[395.553s][info][gc,cpu         ] GC(368) User=0.00s Sys=0.00s Real=0.00s
[395.553s][info][gc,start       ] GC(369) Pause Full (Allocation Failure)
[395.553s][info][gc,phases,start] GC(369) Phase 1: Mark live objects
[395.617s][info][gc,phases      ] GC(369) Phase 1: Mark live objects 64.435ms
[395.617s][info][gc,phases,start] GC(369) Phase 2: Compute new object addresses
[395.772s][info][gc,phases      ] GC(369) Phase 2: Compute new object addresses 154.888ms
[395.772s][info][gc,phases,start] GC(369) Phase 3: Adjust pointers
[395.800s][info][gc,phases      ] GC(369) Phase 3: Adjust pointers 27.402ms
[395.800s][info][gc,phases,start] GC(369) Phase 4: Move objects
[395.813s][info][gc,phases      ] GC(369) Phase 4: Move objects 13.588ms
[395.814s][info][gc,heap        ] GC(369) DefNew: 559232K(629120K)->0K(629120K) Eden: 559232K(559232K)->0K(559232K) From: 0K(69888K)->0K(69888K)
[395.814s][info][gc,heap        ] GC(369) Tenured: 1343792K(1398144K)->1112555K(1398144K)
[395.814s][info][gc,metaspace   ] GC(369) Metaspace: 117508K(121984K)->117489K(121984K) NonClass: 101408K(102528K)->101393K(102528K) Class: 16099K(19456K)->16095K(19456K)
[395.814s][info][gc             ] GC(369) Pause Full (Allocation Failure) 1858M->1086M(1979M) 261.447ms
[395.814s][info][gc,cpu         ] GC(369) User=0.25s Sys=0.00s Real=0.25s
[396.393s][info][gc,start       ] GC(370) Pause Full (System.gc())
[396.393s][info][gc,phases,start] GC(370) Phase 1: Mark live objects
[396.451s][info][gc,phases      ] GC(370) Phase 1: Mark live objects 58.161ms
[396.451s][info][gc,phases,start] GC(370) Phase 2: Compute new object addresses
[396.480s][info][gc,phases      ] GC(370) Phase 2: Compute new object addresses 28.977ms
[396.480s][info][gc,phases,start] GC(370) Phase 3: Adjust pointers
[396.510s][info][gc,phases      ] GC(370) Phase 3: Adjust pointers 29.918ms
[396.510s][info][gc,phases,start] GC(370) Phase 4: Move objects
[396.666s][info][gc,phases      ] GC(370) Phase 4: Move objects 156.383ms
[396.831s][info][gc,heap        ] GC(370) DefNew: 90230K(629120K)->0K(629120K) Eden: 90230K(559232K)->0K(559232K) From: 0K(69888K)->0K(69888K)
[396.877s][info][gc,heap        ] GC(370) Tenured: 1112555K(1398144K)->970749K(1398144K)
[396.877s][info][gc,metaspace   ] GC(370) Metaspace: 118065K(122048K)->118065K(122048K) NonClass: 101886K(102592K)->101886K(102592K) Class: 16178K(19456K)->16178K(19456K)
[396.877s][info][gc             ] GC(370) Pause Full (System.gc()) 1174M->947M(1979M) 484.925ms
[396.878s][info][gc,cpu         ] GC(370) User=0.28s Sys=0.00s Real=0.49s
[397.050s][info][gc,start       ] GC(371) Pause Young (Allocation Failure)
[397.065s][info][gc,heap        ] GC(371) DefNew: 559232K(629120K)->13052K(629120K) Eden: 559232K(559232K)->0K(559232K) From: 0K(69888K)->13052K(69888K)
[397.065s][info][gc,heap        ] GC(371) Tenured: 970749K(1398144K)->970749K(1398144K)
[397.065s][info][gc,metaspace   ] GC(371) Metaspace: 118422K(122304K)->118422K(122304K) NonClass: 102225K(102848K)->102225K(102848K) Class: 16197K(19456K)->16197K(19456K)
[397.065s][info][gc             ] GC(371) Pause Young (Allocation Failure) 1494M->960M(1979M) 15.466ms
[397.065s][info][gc,cpu         ] GC(371) User=0.03s Sys=0.00s Real=0.02s
[397.104s][info][gc,start       ] GC(372) Pause Young (Allocation Failure)
[397.116s][info][gc,heap        ] GC(372) DefNew: 572284K(629120K)->18082K(629120K) Eden: 559232K(559232K)->0K(559232K) From: 13052K(69888K)->18082K(69888K)
[397.116s][info][gc,heap        ] GC(372) Tenured: 970749K(1398144K)->970749K(1398144K)
[397.116s][info][gc,metaspace   ] GC(372) Metaspace: 118422K(122304K)->118422K(122304K) NonClass: 102225K(102848K)->102225K(102848K) Class: 16197K(19456K)->16197K(19456K)
[397.116s][info][gc             ] GC(372) Pause Young (Allocation Failure) 1506M->965M(1979M) 11.518ms
[397.116s][info][gc,cpu         ] GC(372) User=0.02s Sys=0.00s Real=0.02s
[397.154s][info][gc,start       ] GC(373) Pause Young (Allocation Failure)
[397.167s][info][gc,heap        ] GC(373) DefNew: 577314K(629120K)->25284K(629120K) Eden: 559232K(559232K)->0K(559232K) From: 18082K(69888K)->25284K(69888K)
[397.167s][info][gc,heap        ] GC(373) Tenured: 970749K(1398144K)->970749K(1398144K)
[397.167s][info][gc,metaspace   ] GC(373) Metaspace: 118422K(122304K)->118422K(122304K) NonClass: 102225K(102848K)->102225K(102848K) Class: 16197K(19456K)->16197K(19456K)
[397.167s][info][gc             ] GC(373) Pause Young (Allocation Failure) 1511M->972M(1979M) 12.879ms
[397.167s][info][gc,cpu         ] GC(373) User=0.03s Sys=0.00s Real=0.02s
[397.205s][info][gc,start       ] GC(374) Pause Young (Allocation Failure)
[397.220s][info][gc,heap        ] GC(374) DefNew: 584516K(629120K)->33578K(629120K) Eden: 559232K(559232K)->0K(559232K) From: 25284K(69888K)->33578K(69888K)
[397.220s][info][gc,heap        ] GC(374) Tenured: 970749K(1398144K)->970749K(1398144K)
[397.220s][info][gc,metaspace   ] GC(374) Metaspace: 118422K(122304K)->118422K(122304K) NonClass: 102225K(102848K)->102225K(102848K) Class: 16197K(19456K)->16197K(19456K)
[397.220s][info][gc             ] GC(374) Pause Young (Allocation Failure) 1518M->980M(1979M) 15.039ms
[397.220s][info][gc,cpu         ] GC(374) User=0.03s Sys=0.00s Real=0.02s
[397.258s][info][gc,start       ] GC(375) Pause Young (Allocation Failure)
[397.273s][info][gc,heap        ] GC(375) DefNew: 592810K(629120K)->36648K(629120K) Eden: 559232K(559232K)->0K(559232K) From: 33578K(69888K)->36648K(69888K)
[397.273s][info][gc,heap        ] GC(375) Tenured: 970749K(1398144K)->970749K(1398144K)
[397.273s][info][gc,metaspace   ] GC(375) Metaspace: 118422K(122304K)->118422K(122304K) NonClass: 102225K(102848K)->102225K(102848K) Class: 16197K(19456K)->16197K(19456K)
[397.273s][info][gc             ] GC(375) Pause Young (Allocation Failure) 1526M->983M(1979M) 15.672ms
[397.273s][info][gc,cpu         ] GC(375) User=0.03s Sys=0.00s Real=0.02s
[397.311s][info][gc,start       ] GC(376) Pause Young (Allocation Failure)
[397.330s][info][gc,heap        ] GC(376) DefNew: 595880K(629120K)->36820K(629120K) Eden: 559232K(559232K)->0K(559232K) From: 36648K(69888K)->36820K(69888K)
[397.330s][info][gc,heap        ] GC(376) Tenured: 970749K(1398144K)->979999K(1398144K)
[397.330s][info][gc,metaspace   ] GC(376) Metaspace: 118422K(122304K)->118422K(122304K) NonClass: 102225K(102848K)->102225K(102848K) Class: 16197K(19456K)->16197K(19456K)
[397.330s][info][gc             ] GC(376) Pause Young (Allocation Failure) 1529M->992M(1979M) 18.580ms
[397.330s][info][gc,cpu         ] GC(376) User=0.05s Sys=0.02s Real=0.03s
[397.368s][info][gc,start       ] GC(377) Pause Young (Allocation Failure)
[397.382s][info][gc,heap        ] GC(377) DefNew: 596052K(629120K)->44035K(629120K) Eden: 559232K(559232K)->0K(559232K) From: 36820K(69888K)->44035K(69888K)
[397.382s][info][gc,heap        ] GC(377) Tenured: 979999K(1398144K)->982122K(1398144K)
[397.382s][info][gc,metaspace   ] GC(377) Metaspace: 118422K(122304K)->118422K(122304K) NonClass: 102225K(102848K)->102225K(102848K) Class: 16197K(19456K)->16197K(19456K)
[397.382s][info][gc             ] GC(377) Pause Young (Allocation Failure) 1539M->1002M(1979M) 13.402ms
[397.382s][info][gc,cpu         ] GC(377) User=0.00s Sys=0.00s Real=0.00s
[397.420s][info][gc,start       ] GC(378) Pause Young (Allocation Failure)
[397.433s][info][gc,heap        ] GC(378) DefNew: 603267K(629120K)->25242K(629120K) Eden: 559232K(559232K)->0K(559232K) From: 44035K(69888K)->25242K(69888K)
[397.433s][info][gc,heap        ] GC(378) Tenured: 982122K(1398144K)->1004004K(1398144K)
[397.433s][info][gc,metaspace   ] GC(378) Metaspace: 118422K(122304K)->118422K(122304K) NonClass: 102225K(102848K)->102225K(102848K) Class: 16197K(19456K)->16197K(19456K)
[397.433s][info][gc             ] GC(378) Pause Young (Allocation Failure) 1548M->1005M(1979M) 13.504ms
[397.433s][info][gc,cpu         ] GC(378) User=0.03s Sys=0.00s Real=0.02s
[397.471s][info][gc,start       ] GC(379) Pause Young (Allocation Failure)
[397.479s][info][gc,heap        ] GC(379) DefNew: 584474K(629120K)->25239K(629120K) Eden: 559232K(559232K)->0K(559232K) From: 25242K(69888K)->25239K(69888K)
[397.479s][info][gc,heap        ] GC(379) Tenured: 1004004K(1398144K)->1004004K(1398144K)
[397.479s][info][gc,metaspace   ] GC(379) Metaspace: 118422K(122304K)->118422K(122304K) NonClass: 102225K(102848K)->102225K(102848K) Class: 16197K(19456K)->16197K(19456K)
[397.479s][info][gc             ] GC(379) Pause Young (Allocation Failure) 1551M->1005M(1979M) 8.481ms
[397.479s][info][gc,cpu         ] GC(379) User=0.00s Sys=0.00s Real=0.00s
[397.526s][info][gc,start       ] GC(380) Pause Young (Allocation Failure)
[397.540s][info][gc,heap        ] GC(380) DefNew: 584471K(629120K)->44013K(629120K) Eden: 559232K(559232K)->0K(559232K) From: 25239K(69888K)->44013K(69888K)
[397.540s][info][gc,heap        ] GC(380) Tenured: 1004004K(1398144K)->1004004K(1398144K)
[397.540s][info][gc,metaspace   ] GC(380) Metaspace: 118422K(122304K)->118422K(122304K) NonClass: 102225K(102848K)->102225K(102848K) Class: 16197K(19456K)->16197K(19456K)
[397.540s][info][gc             ] GC(380) Pause Young (Allocation Failure) 1551M->1023M(1979M) 13.990ms
[397.540s][info][gc,cpu         ] GC(380) User=0.00s Sys=0.00s Real=0.00s
[397.580s][info][gc,start       ] GC(381) Pause Young (Allocation Failure)
[397.600s][info][gc,heap        ] GC(381) DefNew: 603245K(629120K)->62765K(629120K) Eden: 559232K(559232K)->0K(559232K) From: 44013K(69888K)->62765K(69888K)
[397.600s][info][gc,heap        ] GC(381) Tenured: 1004004K(1398144K)->1019630K(1398144K)
[397.600s][info][gc,metaspace   ] GC(381) Metaspace: 118422K(122304K)->118422K(122304K) NonClass: 102225K(102848K)->102225K(102848K) Class: 16197K(19456K)->16197K(19456K)
[397.600s][info][gc             ] GC(381) Pause Young (Allocation Failure) 1569M->1057M(1979M) 20.687ms
[397.600s][info][gc,cpu         ] GC(381) User=0.03s Sys=0.00s Real=0.02s
[397.640s][info][gc,start       ] GC(382) Pause Young (Allocation Failure)
[397.662s][info][gc,heap        ] GC(382) DefNew: 621997K(629120K)->25281K(629120K) Eden: 559232K(559232K)->0K(559232K) From: 62765K(69888K)->25281K(69888K)
[397.662s][info][gc,heap        ] GC(382) Tenured: 1019630K(1398144K)->1082141K(1398144K)
[397.662s][info][gc,metaspace   ] GC(382) Metaspace: 118422K(122304K)->118422K(122304K) NonClass: 102225K(102848K)->102225K(102848K) Class: 16197K(19456K)->16197K(19456K)
[397.662s][info][gc             ] GC(382) Pause Young (Allocation Failure) 1603M->1081M(1979M) 22.184ms
[397.662s][info][gc,cpu         ] GC(382) User=0.03s Sys=0.00s Real=0.02s
[397.700s][info][gc,start       ] GC(383) Pause Young (Allocation Failure)
[397.712s][info][gc,heap        ] GC(383) DefNew: 584513K(629120K)->41897K(629120K) Eden: 559232K(559232K)->0K(559232K) From: 25281K(69888K)->41897K(69888K)
[397.712s][info][gc,heap        ] GC(383) Tenured: 1082141K(1398144K)->1082141K(1398144K)
[397.712s][info][gc,metaspace   ] GC(383) Metaspace: 118422K(122304K)->118422K(122304K) NonClass: 102225K(102848K)->102225K(102848K) Class: 16197K(19456K)->16197K(19456K)
[397.712s][info][gc             ] GC(383) Pause Young (Allocation Failure) 1627M->1097M(1979M) 12.154ms
[397.713s][info][gc,cpu         ] GC(383) User=0.03s Sys=0.00s Real=0.02s
[397.760s][info][gc,start       ] GC(384) Pause Young (Allocation Failure)
[397.784s][info][gc,heap        ] GC(384) DefNew: 601129K(629120K)->66510K(629120K) Eden: 559232K(559232K)->0K(559232K) From: 41897K(69888K)->66510K(69888K)
[397.784s][info][gc,heap        ] GC(384) Tenured: 1082141K(1398144K)->1107143K(1398144K)
[397.784s][info][gc,metaspace   ] GC(384) Metaspace: 118422K(122304K)->118422K(122304K) NonClass: 102225K(102848K)->102225K(102848K) Class: 16197K(19456K)->16197K(19456K)
[397.784s][info][gc             ] GC(384) Pause Young (Allocation Failure) 1643M->1146M(1979M) 24.452ms
[397.784s][info][gc,cpu         ] GC(384) User=0.02s Sys=0.00s Real=0.02s
[397.841s][info][gc,start       ] GC(385) Pause Young (Allocation Failure)
[397.873s][info][gc,heap        ] GC(385) DefNew: 625742K(629120K)->52745K(629120K) Eden: 559232K(559232K)->0K(559232K) From: 66510K(69888K)->52745K(69888K)
[397.873s][info][gc,heap        ] GC(385) Tenured: 1107143K(1398144K)->1173059K(1398144K)
[397.874s][info][gc,metaspace   ] GC(385) Metaspace: 118428K(122304K)->118428K(122304K) NonClass: 102230K(102848K)->102230K(102848K) Class: 16197K(19456K)->16197K(19456K)
[397.874s][info][gc             ] GC(385) Pause Young (Allocation Failure) 1692M->1197M(1979M) 32.194ms
[397.874s][info][gc,cpu         ] GC(385) User=0.03s Sys=0.00s Real=0.03s
[397.914s][info][gc,start       ] GC(386) Pause Young (Allocation Failure)
[397.935s][info][gc,heap        ] GC(386) DefNew: 611977K(629120K)->25889K(629120K) Eden: 559232K(559232K)->0K(559232K) From: 52745K(69888K)->25889K(69888K)
[397.935s][info][gc,heap        ] GC(386) Tenured: 1173059K(1398144K)->1222860K(1398144K)
[397.935s][info][gc,metaspace   ] GC(386) Metaspace: 118428K(122304K)->118428K(122304K) NonClass: 102230K(102848K)->102230K(102848K) Class: 16197K(19456K)->16197K(19456K)
[397.935s][info][gc             ] GC(386) Pause Young (Allocation Failure) 1743M->1219M(1979M) 21.266ms
[397.935s][info][gc,cpu         ] GC(386) User=0.03s Sys=0.00s Real=0.03s
[397.974s][info][gc,start       ] GC(387) Pause Young (Allocation Failure)
[397.985s][info][gc,heap        ] GC(387) DefNew: 585121K(629120K)->38872K(629120K) Eden: 559232K(559232K)->0K(559232K) From: 25889K(69888K)->38872K(69888K)
[397.985s][info][gc,heap        ] GC(387) Tenured: 1222860K(1398144K)->1222860K(1398144K)
[397.985s][info][gc,metaspace   ] GC(387) Metaspace: 118428K(122304K)->118428K(122304K) NonClass: 102230K(102848K)->102230K(102848K) Class: 16197K(19456K)->16197K(19456K)
[397.985s][info][gc             ] GC(387) Pause Young (Allocation Failure) 1765M->1232M(1979M) 11.915ms
[397.985s][info][gc,cpu         ] GC(387) User=0.02s Sys=0.00s Real=0.02s
[398.023s][info][gc,start       ] GC(388) Pause Young (Allocation Failure)
[398.036s][info][gc,heap        ] GC(388) DefNew: 598104K(629120K)->23902K(629120K) Eden: 559232K(559232K)->0K(559232K) From: 38872K(69888K)->23902K(69888K)
[398.036s][info][gc,heap        ] GC(388) Tenured: 1222860K(1398144K)->1241279K(1398144K)
[398.036s][info][gc,metaspace   ] GC(388) Metaspace: 118428K(122304K)->118428K(122304K) NonClass: 102230K(102848K)->102230K(102848K) Class: 16197K(19456K)->16197K(19456K)
[398.036s][info][gc             ] GC(388) Pause Young (Allocation Failure) 1778M->1235M(1979M) 12.455ms
[398.036s][info][gc,cpu         ] GC(388) User=0.02s Sys=0.00s Real=0.02s
[398.074s][info][gc,start       ] GC(389) Pause Young (Allocation Failure)
[398.084s][info][gc,heap        ] GC(389) DefNew: 583134K(629120K)->31799K(629120K) Eden: 559232K(559232K)->0K(559232K) From: 23902K(69888K)->31799K(69888K)
[398.084s][info][gc,heap        ] GC(389) Tenured: 1241279K(1398144K)->1241279K(1398144K)
[398.084s][info][gc,metaspace   ] GC(389) Metaspace: 118428K(122304K)->118428K(122304K) NonClass: 102230K(102848K)->102230K(102848K) Class: 16197K(19456K)->16197K(19456K)
[398.084s][info][gc             ] GC(389) Pause Young (Allocation Failure) 1781M->1243M(1979M) 10.181ms
[398.084s][info][gc,cpu         ] GC(389) User=0.02s Sys=0.02s Real=0.02s
[398.122s][info][gc,start       ] GC(390) Pause Young (Allocation Failure)
[398.135s][info][gc,heap        ] GC(390) DefNew: 591031K(629120K)->43574K(629120K) Eden: 559232K(559232K)->0K(559232K) From: 31799K(69888K)->43574K(69888K)
[398.135s][info][gc,heap        ] GC(390) Tenured: 1241279K(1398144K)->1241279K(1398144K)
[398.135s][info][gc,metaspace   ] GC(390) Metaspace: 118428K(122304K)->118428K(122304K) NonClass: 102230K(102848K)->102230K(102848K) Class: 16197K(19456K)->16197K(19456K)
[398.135s][info][gc             ] GC(390) Pause Young (Allocation Failure) 1789M->1254M(1979M) 12.880ms
[398.135s][info][gc,cpu         ] GC(390) User=0.02s Sys=0.00s Real=0.01s
[398.173s][info][gc,start       ] GC(391) Pause Young (Allocation Failure)
[398.187s][info][gc,heap        ] GC(391) DefNew: 602806K(629120K)->45601K(629120K) Eden: 559232K(559232K)->0K(559232K) From: 43574K(69888K)->45601K(69888K)
[398.187s][info][gc,heap        ] GC(391) Tenured: 1241279K(1398144K)->1245476K(1398144K)
[398.187s][info][gc,metaspace   ] GC(391) Metaspace: 118428K(122304K)->118428K(122304K) NonClass: 102230K(102848K)->102230K(102848K) Class: 16197K(19456K)->16197K(19456K)
[398.187s][info][gc             ] GC(391) Pause Young (Allocation Failure) 1800M->1260M(1979M) 14.169ms
[398.187s][info][gc,cpu         ] GC(391) User=0.02s Sys=0.00s Real=0.02s
[398.225s][info][gc,start       ] GC(392) Pause Young (Allocation Failure)
[398.239s][info][gc,heap        ] GC(392) DefNew: 604833K(629120K)->19052K(629120K) Eden: 559232K(559232K)->0K(559232K) From: 45601K(69888K)->19052K(69888K)
[398.239s][info][gc,heap        ] GC(392) Tenured: 1245476K(1398144K)->1275166K(1398144K)
[398.239s][info][gc,metaspace   ] GC(392) Metaspace: 118428K(122304K)->118428K(122304K) NonClass: 102230K(102848K)->102230K(102848K) Class: 16197K(19456K)->16197K(19456K)
[398.239s][info][gc             ] GC(392) Pause Young (Allocation Failure) 1806M->1263M(1979M) 13.987ms
[398.239s][info][gc,cpu         ] GC(392) User=0.02s Sys=0.00s Real=0.02s
[398.277s][info][gc,start       ] GC(393) Pause Young (Allocation Failure)
[398.284s][info][gc,heap        ] GC(393) DefNew: 578284K(629120K)->19062K(629120K) Eden: 559232K(559232K)->0K(559232K) From: 19052K(69888K)->19062K(69888K)
[398.284s][info][gc,heap        ] GC(393) Tenured: 1275166K(1398144K)->1275166K(1398144K)
[398.284s][info][gc,metaspace   ] GC(393) Metaspace: 118428K(122304K)->118428K(122304K) NonClass: 102230K(102848K)->102230K(102848K) Class: 16197K(19456K)->16197K(19456K)
[398.284s][info][gc             ] GC(393) Pause Young (Allocation Failure) 1810M->1263M(1979M) 7.127ms
[398.284s][info][gc,cpu         ] GC(393) User=0.00s Sys=0.00s Real=0.00s
[398.323s][info][gc,start       ] GC(394) Pause Young (Allocation Failure)
[398.337s][info][gc,heap        ] GC(394) DefNew: 578294K(629120K)->44086K(629120K) Eden: 559232K(559232K)->0K(559232K) From: 19062K(69888K)->44086K(69888K)
[398.337s][info][gc,heap        ] GC(394) Tenured: 1275166K(1398144K)->1275166K(1398144K)
[398.337s][info][gc,metaspace   ] GC(394) Metaspace: 118431K(122304K)->118431K(122304K) NonClass: 102233K(102848K)->102233K(102848K) Class: 16197K(19456K)->16197K(19456K)
[398.337s][info][gc             ] GC(394) Pause Young (Allocation Failure) 1810M->1288M(1979M) 14.110ms
[398.337s][info][gc,cpu         ] GC(394) User=0.02s Sys=0.00s Real=0.02s
[398.376s][info][gc,start       ] GC(395) Pause Young (Allocation Failure)
[398.396s][info][gc,heap        ] GC(395) DefNew: 603318K(629120K)->59727K(629120K) Eden: 559232K(559232K)->0K(559232K) From: 44086K(69888K)->59727K(69888K)
[398.396s][info][gc,heap        ] GC(395) Tenured: 1275166K(1398144K)->1290792K(1398144K)
[398.396s][info][gc,metaspace   ] GC(395) Metaspace: 118435K(122304K)->118435K(122304K) NonClass: 102237K(102848K)->102237K(102848K) Class: 16197K(19456K)->16197K(19456K)
[398.396s][info][gc             ] GC(395) Pause Young (Allocation Failure) 1834M->1318M(1979M) 19.701ms
[398.396s][info][gc,cpu         ] GC(395) User=0.02s Sys=0.00s Real=0.01s
[398.435s][info][gc,start       ] GC(396) Pause Young (Allocation Failure)
[398.457s][info][gc,heap        ] GC(396) DefNew: 618959K(629120K)->56565K(629120K) Eden: 559232K(559232K)->0K(559232K) From: 59727K(69888K)->56565K(69888K)
[398.457s][info][gc,heap        ] GC(396) Tenured: 1290792K(1398144K)->1319023K(1398144K)
[398.457s][info][gc,metaspace   ] GC(396) Metaspace: 118435K(122304K)->118435K(122304K) NonClass: 102237K(102848K)->102237K(102848K) Class: 16197K(19456K)->16197K(19456K)
[398.457s][info][gc             ] GC(396) Pause Young (Allocation Failure) 1864M->1343M(1979M) 22.061ms
[398.457s][info][gc,cpu         ] GC(396) User=0.02s Sys=0.00s Real=0.02s
[398.497s][info][gc,start       ] GC(397) Pause Young (Allocation Failure)
[398.518s][info][gc,heap        ] GC(397) DefNew: 615797K(629120K)->50096K(629120K) Eden: 559232K(559232K)->0K(559232K) From: 56565K(69888K)->50096K(69888K)
[398.518s][info][gc,heap        ] GC(397) Tenured: 1319023K(1398144K)->1350318K(1398144K)
[398.518s][info][gc,metaspace   ] GC(397) Metaspace: 118435K(122304K)->118435K(122304K) NonClass: 102237K(102848K)->102237K(102848K) Class: 16197K(19456K)->16197K(19456K)
[398.518s][info][gc             ] GC(397) Pause Young (Allocation Failure) 1889M->1367M(1979M) 21.698ms
[398.518s][info][gc,cpu         ] GC(397) User=0.02s Sys=0.00s Real=0.02s
[398.572s][info][gc,start       ] GC(398) Pause Young (Allocation Failure)
[398.572s][info][gc             ] GC(398) Pause Young (Allocation Failure) 1913M->1913M(1979M) 0.140ms
[398.572s][info][gc,cpu         ] GC(398) User=0.00s Sys=0.00s Real=0.00s
[398.572s][info][gc,start       ] GC(399) Pause Full (Allocation Failure)
[398.572s][info][gc,phases,start] GC(399) Phase 1: Mark live objects
[398.628s][info][gc,phases      ] GC(399) Phase 1: Mark live objects 55.424ms
[398.628s][info][gc,phases,start] GC(399) Phase 2: Compute new object addresses
[398.769s][info][gc,phases      ] GC(399) Phase 2: Compute new object addresses 141.684ms
[398.769s][info][gc,phases,start] GC(399) Phase 3: Adjust pointers
[398.800s][info][gc,phases      ] GC(399) Phase 3: Adjust pointers 30.790ms
[398.800s][info][gc,phases,start] GC(399) Phase 4: Move objects
[398.841s][info][gc,phases      ] GC(399) Phase 4: Move objects 40.683ms
[398.842s][info][gc,heap        ] GC(399) DefNew: 609328K(629120K)->0K(629120K) Eden: 559232K(559232K)->0K(559232K) From: 50096K(69888K)->0K(69888K)
[398.842s][info][gc,heap        ] GC(399) Tenured: 1350318K(1398144K)->1158790K(1398144K)
[398.842s][info][gc,metaspace   ] GC(399) Metaspace: 118437K(122304K)->118437K(122304K) NonClass: 102239K(102848K)->102239K(102848K) Class: 16197K(19456K)->16197K(19456K)
[398.842s][info][gc             ] GC(399) Pause Full (Allocation Failure) 1913M->1131M(1979M) 269.653ms
[398.842s][info][gc,cpu         ] GC(399) User=0.27s Sys=0.00s Real=0.27s
[398.884s][info][gc,start       ] GC(400) Pause Young (Allocation Failure)
[398.895s][info][gc,heap        ] GC(400) DefNew: 559232K(629120K)->35576K(629120K) Eden: 559232K(559232K)->0K(559232K) From: 0K(69888K)->35576K(69888K)
[398.895s][info][gc,heap        ] GC(400) Tenured: 1158790K(1398144K)->1158790K(1398144K)
[398.895s][info][gc,metaspace   ] GC(400) Metaspace: 118437K(122304K)->118437K(122304K) NonClass: 102239K(102848K)->102239K(102848K) Class: 16197K(19456K)->16197K(19456K)
[398.895s][info][gc             ] GC(400) Pause Young (Allocation Failure) 1677M->1166M(1979M) 11.562ms
[398.896s][info][gc,cpu         ] GC(400) User=0.02s Sys=0.00s Real=0.02s
[398.937s][info][gc,start       ] GC(401) Pause Young (Allocation Failure)
[398.957s][info][gc,heap        ] GC(401) DefNew: 594808K(629120K)->41280K(629120K) Eden: 559232K(559232K)->0K(559232K) From: 35576K(69888K)->41280K(69888K)
[398.957s][info][gc,heap        ] GC(401) Tenured: 1158790K(1398144K)->1188263K(1398144K)
[398.957s][info][gc,metaspace   ] GC(401) Metaspace: 118437K(122304K)->118437K(122304K) NonClass: 102240K(102848K)->102240K(102848K) Class: 16197K(19456K)->16197K(19456K)
[398.957s][info][gc             ] GC(401) Pause Young (Allocation Failure) 1712M->1200M(1979M) 20.530ms
[398.957s][info][gc,cpu         ] GC(401) User=0.02s Sys=0.00s Real=0.02s
[398.995s][info][gc,start       ] GC(402) Pause Young (Allocation Failure)
[399.013s][info][gc,heap        ] GC(402) DefNew: 599926K(629120K)->37280K(629120K) Eden: 558646K(559232K)->0K(559232K) From: 41280K(69888K)->37280K(69888K)
[399.014s][info][gc,heap        ] GC(402) Tenured: 1188263K(1398144K)->1213828K(1398144K)
[399.014s][info][gc,metaspace   ] GC(402) Metaspace: 118437K(122304K)->118437K(122304K) NonClass: 102240K(102848K)->102240K(102848K) Class: 16197K(19456K)->16197K(19456K)
[399.014s][info][gc             ] GC(402) Pause Young (Allocation Failure) 1746M->1221M(1979M) 19.076ms
[399.014s][info][gc,cpu         ] GC(402) User=0.02s Sys=0.00s Real=0.01s
[399.051s][info][gc,start       ] GC(403) Pause Young (Allocation Failure)
[399.070s][info][gc,heap        ] GC(403) DefNew: 596512K(629120K)->23969K(629120K) Eden: 559232K(559232K)->0K(559232K) From: 37280K(69888K)->23969K(69888K)
[399.070s][info][gc,heap        ] GC(403) Tenured: 1213828K(1398144K)->1240032K(1398144K)
[399.071s][info][gc,metaspace   ] GC(403) Metaspace: 118437K(122304K)->118437K(122304K) NonClass: 102240K(102848K)->102240K(102848K) Class: 16197K(19456K)->16197K(19456K)
[399.071s][info][gc             ] GC(403) Pause Young (Allocation Failure) 1767M->1234M(1979M) 19.748ms
[399.071s][info][gc,cpu         ] GC(403) User=0.03s Sys=0.00s Real=0.03s
[399.112s][info][gc,start       ] GC(404) Pause Young (Allocation Failure)
[399.136s][info][gc,heap        ] GC(404) DefNew: 583201K(629120K)->66180K(629120K) Eden: 559232K(559232K)->0K(559232K) From: 23969K(69888K)->66180K(69888K)
[399.136s][info][gc,heap        ] GC(404) Tenured: 1240032K(1398144K)->1258782K(1398144K)
[399.136s][info][gc,metaspace   ] GC(404) Metaspace: 118438K(122304K)->118438K(122304K) NonClass: 102240K(102848K)->102240K(102848K) Class: 16197K(19456K)->16197K(19456K)
[399.136s][info][gc             ] GC(404) Pause Young (Allocation Failure) 1780M->1293M(1979M) 24.054ms
[399.136s][info][gc,cpu         ] GC(404) User=0.05s Sys=0.00s Real=0.03s
[399.173s][info][gc,start       ] GC(405) Pause Young (Allocation Failure)
[399.204s][info][gc,heap        ] GC(405) DefNew: 625412K(629120K)->69838K(629120K) Eden: 559232K(559232K)->0K(559232K) From: 66180K(69888K)->69838K(69888K)
[399.204s][info][gc,heap        ] GC(405) Tenured: 1258782K(1398144K)->1309206K(1398144K)
[399.204s][info][gc,metaspace   ] GC(405) Metaspace: 118445K(122304K)->118445K(122304K) NonClass: 102248K(102848K)->102248K(102848K) Class: 16197K(19456K)->16197K(19456K)
[399.204s][info][gc             ] GC(405) Pause Young (Allocation Failure) 1840M->1346M(1979M) 31.439ms
[399.204s][info][gc,cpu         ] GC(405) User=0.03s Sys=0.00s Real=0.03s
[399.239s][info][gc,start       ] GC(406) Pause Young (Allocation Failure)
[399.270s][info][gc,heap        ] GC(406) DefNew: 629070K(629120K)->68556K(629120K) Eden: 559232K(559232K)->0K(559232K) From: 69838K(69888K)->68556K(69888K)
[399.270s][info][gc,heap        ] GC(406) Tenured: 1309206K(1398144K)->1350919K(1398144K)
[399.270s][info][gc,metaspace   ] GC(406) Metaspace: 118447K(122304K)->118447K(122304K) NonClass: 102250K(102848K)->102250K(102848K) Class: 16197K(19456K)->16197K(19456K)
[399.270s][info][gc             ] GC(406) Pause Young (Allocation Failure) 1892M->1386M(1979M) 30.959ms
[399.270s][info][gc,cpu         ] GC(406) User=0.03s Sys=0.00s Real=0.03s
[399.313s][info][gc,start       ] GC(407) Pause Young (Allocation Failure)
[399.314s][info][gc             ] GC(407) Pause Young (Allocation Failure) 1932M->1932M(1979M) 0.141ms
[399.314s][info][gc,cpu         ] GC(407) User=0.00s Sys=0.00s Real=0.00s
[399.314s][info][gc,start       ] GC(408) Pause Full (Allocation Failure)
[399.314s][info][gc,phases,start] GC(408) Phase 1: Mark live objects
[399.367s][info][gc,phases      ] GC(408) Phase 1: Mark live objects 53.831ms
[399.368s][info][gc,phases,start] GC(408) Phase 2: Compute new object addresses
[399.518s][info][gc,phases      ] GC(408) Phase 2: Compute new object addresses 150.611ms
[399.518s][info][gc,phases,start] GC(408) Phase 3: Adjust pointers
[399.549s][info][gc,phases      ] GC(408) Phase 3: Adjust pointers 30.357ms
[399.549s][info][gc,phases,start] GC(408) Phase 4: Move objects
[399.586s][info][gc,phases      ] GC(408) Phase 4: Move objects 37.630ms
[399.587s][info][gc,heap        ] GC(408) DefNew: 627788K(629120K)->0K(629120K) Eden: 559232K(559232K)->0K(559232K) From: 68556K(69888K)->0K(69888K)
[399.587s][info][gc,heap        ] GC(408) Tenured: 1350919K(1398144K)->1273232K(1398144K)
[399.587s][info][gc,metaspace   ] GC(408) Metaspace: 118449K(122304K)->118449K(122304K) NonClass: 102251K(102848K)->102251K(102848K) Class: 16197K(19456K)->16197K(19456K)
[399.588s][info][gc             ] GC(408) Pause Full (Allocation Failure) 1932M->1243M(1979M) 273.968ms
[399.588s][info][gc,cpu         ] GC(408) User=0.28s Sys=0.00s Real=0.28s
[399.625s][info][gc,start       ] GC(409) Pause Young (Allocation Failure)
[399.635s][info][gc,heap        ] GC(409) DefNew: 559231K(629120K)->32471K(629120K) Eden: 559231K(559232K)->0K(559232K) From: 0K(69888K)->32471K(69888K)
[399.635s][info][gc,heap        ] GC(409) Tenured: 1273232K(1398144K)->1273232K(1398144K)
[399.635s][info][gc,metaspace   ] GC(409) Metaspace: 118458K(122304K)->118458K(122304K) NonClass: 102260K(102848K)->102260K(102848K) Class: 16197K(19456K)->16197K(19456K)
[399.635s][info][gc             ] GC(409) Pause Young (Allocation Failure) 1789M->1275M(1979M) 9.873ms
[399.635s][info][gc,cpu         ] GC(409) User=0.02s Sys=0.00s Real=0.01s
[399.664s][info][gc,start       ] GC(410) Pause Young (Allocation Failure)
[399.689s][info][gc,heap        ] GC(410) DefNew: 591703K(629120K)->69650K(629120K) Eden: 559232K(559232K)->0K(559232K) From: 32471K(69888K)->69650K(69888K)
[399.689s][info][gc,heap        ] GC(410) Tenured: 1273232K(1398144K)->1305781K(1398144K)
[399.689s][info][gc,metaspace   ] GC(410) Metaspace: 118458K(122304K)->118458K(122304K) NonClass: 102260K(102848K)->102260K(102848K) Class: 16197K(19456K)->16197K(19456K)
[399.689s][info][gc             ] GC(410) Pause Young (Allocation Failure) 1821M->1343M(1979M) 25.156ms
[399.689s][info][gc,cpu         ] GC(410) User=0.06s Sys=0.00s Real=0.03s
[399.721s][info][gc,start       ] GC(411) Pause Young (Allocation Failure)
[399.747s][info][gc,heap        ] GC(411) DefNew: 628882K(629120K)->66456K(629120K) Eden: 559232K(559232K)->0K(559232K) From: 69650K(69888K)->66456K(69888K)
[399.747s][info][gc,heap        ] GC(411) Tenured: 1305781K(1398144K)->1343445K(1398144K)
[399.747s][info][gc,metaspace   ] GC(411) Metaspace: 118458K(122304K)->118458K(122304K) NonClass: 102260K(102848K)->102260K(102848K) Class: 16197K(19456K)->16197K(19456K)
[399.747s][info][gc             ] GC(411) Pause Young (Allocation Failure) 1889M->1376M(1979M) 25.774ms
[399.747s][info][gc,cpu         ] GC(411) User=0.02s Sys=0.00s Real=0.02s
[399.779s][info][gc,start       ] GC(412) Pause Young (Allocation Failure)
[399.779s][info][gc             ] GC(412) Pause Young (Allocation Failure) 1922M->1922M(1979M) 0.115ms
[399.779s][info][gc,cpu         ] GC(412) User=0.00s Sys=0.00s Real=0.00s
[399.779s][info][gc,start       ] GC(413) Pause Full (Allocation Failure)
[399.779s][info][gc,phases,start] GC(413) Phase 1: Mark live objects
[399.830s][info][gc,phases      ] GC(413) Phase 1: Mark live objects 51.242ms
[399.830s][info][gc,phases,start] GC(413) Phase 2: Compute new object addresses
[399.969s][info][gc,phases      ] GC(413) Phase 2: Compute new object addresses 138.788ms
[399.969s][info][gc,phases,start] GC(413) Phase 3: Adjust pointers
[399.999s][info][gc,phases      ] GC(413) Phase 3: Adjust pointers 29.755ms
[399.999s][info][gc,phases,start] GC(413) Phase 4: Move objects
[400.027s][info][gc,phases      ] GC(413) Phase 4: Move objects 27.448ms
[400.027s][info][gc,heap        ] GC(413) DefNew: 625688K(629120K)->0K(629120K) Eden: 559232K(559232K)->0K(559232K) From: 66456K(69888K)->0K(69888K)
[400.027s][info][gc,heap        ] GC(413) Tenured: 1343445K(1398144K)->1318256K(1398144K)
[400.027s][info][gc,metaspace   ] GC(413) Metaspace: 118458K(122304K)->118458K(122304K) NonClass: 102260K(102848K)->102260K(102848K) Class: 16197K(19456K)->16197K(19456K)
[400.027s][info][gc             ] GC(413) Pause Full (Allocation Failure) 1922M->1287M(1979M) 248.293ms
[400.027s][info][gc,cpu         ] GC(413) User=0.25s Sys=0.00s Real=0.25s
[400.064s][info][gc,start       ] GC(414) Pause Young (Allocation Failure)
[400.082s][info][gc,heap        ] GC(414) DefNew: 559232K(629120K)->50632K(629120K) Eden: 559232K(559232K)->0K(559232K) From: 0K(69888K)->50632K(69888K)
[400.082s][info][gc,heap        ] GC(414) Tenured: 1318256K(1398144K)->1318256K(1398144K)
[400.082s][info][gc,metaspace   ] GC(414) Metaspace: 118458K(122304K)->118458K(122304K) NonClass: 102260K(102848K)->102260K(102848K) Class: 16197K(19456K)->16197K(19456K)
[400.082s][info][gc             ] GC(414) Pause Young (Allocation Failure) 1833M->1336M(1979M) 18.498ms
[400.082s][info][gc,cpu         ] GC(414) User=0.02s Sys=0.00s Real=0.02s
[400.114s][info][gc,start       ] GC(415) Pause Young (Allocation Failure)
[400.136s][info][gc,heap        ] GC(415) DefNew: 609864K(629120K)->69323K(629120K) Eden: 559232K(559232K)->0K(559232K) From: 50632K(69888K)->69323K(69888K)
[400.137s][info][gc,heap        ] GC(415) Tenured: 1318256K(1398144K)->1339014K(1398144K)
[400.137s][info][gc,metaspace   ] GC(415) Metaspace: 118458K(122304K)->118458K(122304K) NonClass: 102260K(102848K)->102260K(102848K) Class: 16197K(19456K)->16197K(19456K)
[400.137s][info][gc             ] GC(415) Pause Young (Allocation Failure) 1882M->1375M(1979M) 22.377ms
[400.137s][info][gc,cpu         ] GC(415) User=0.02s Sys=0.00s Real=0.02s
[400.169s][info][gc,start       ] GC(416) Pause Young (Allocation Failure)
[400.169s][info][gc             ] GC(416) Pause Young (Allocation Failure) 1921M->1921M(1979M) 0.132ms
[400.169s][info][gc,cpu         ] GC(416) User=0.00s Sys=0.00s Real=0.00s
[400.169s][info][gc,start       ] GC(417) Pause Full (Allocation Failure)
[400.169s][info][gc,phases,start] GC(417) Phase 1: Mark live objects
[400.220s][info][gc,phases      ] GC(417) Phase 1: Mark live objects 51.129ms
[400.220s][info][gc,phases,start] GC(417) Phase 2: Compute new object addresses
[400.379s][info][gc,phases      ] GC(417) Phase 2: Compute new object addresses 158.715ms
[400.379s][info][gc,phases,start] GC(417) Phase 3: Adjust pointers
[400.410s][info][gc,phases      ] GC(417) Phase 3: Adjust pointers 30.569ms
[400.410s][info][gc,phases,start] GC(417) Phase 4: Move objects
[400.651s][info][gc,phases      ] GC(417) Phase 4: Move objects 241.153ms
[400.652s][info][gc,heap        ] GC(417) DefNew: 628555K(629120K)->0K(629120K) Eden: 559232K(559232K)->0K(559232K) From: 69323K(69888K)->0K(69888K)
[400.652s][info][gc,heap        ] GC(417) Tenured: 1339014K(1398144K)->1305046K(1398144K)
[400.652s][info][gc,metaspace   ] GC(417) Metaspace: 118458K(122304K)->118458K(122304K) NonClass: 102260K(102848K)->102260K(102848K) Class: 16197K(19456K)->16197K(19456K)
[400.652s][info][gc             ] GC(417) Pause Full (Allocation Failure) 1921M->1274M(1979M) 482.745ms
[400.652s][info][gc,cpu         ] GC(417) User=0.47s Sys=0.00s Real=0.47s
[400.687s][info][gc,start       ] GC(418) Pause Young (Allocation Failure)
[400.707s][info][gc,heap        ] GC(418) DefNew: 559232K(629120K)->69339K(629120K) Eden: 559232K(559232K)->0K(559232K) From: 0K(69888K)->69339K(69888K)
[400.707s][info][gc,heap        ] GC(418) Tenured: 1305046K(1398144K)->1315545K(1398144K)
[400.707s][info][gc,metaspace   ] GC(418) Metaspace: 118458K(122304K)->118458K(122304K) NonClass: 102260K(102848K)->102260K(102848K) Class: 16197K(19456K)->16197K(19456K)
[400.707s][info][gc             ] GC(418) Pause Young (Allocation Failure) 1820M->1352M(1979M) 19.939ms
[400.707s][info][gc,cpu         ] GC(418) User=0.02s Sys=0.00s Real=0.02s
[400.738s][info][gc,start       ] GC(419) Pause Young (Allocation Failure)
[400.765s][info][gc,heap        ] GC(419) DefNew: 628571K(629120K)->67374K(629120K) Eden: 559232K(559232K)->0K(559232K) From: 69339K(69888K)->67374K(69888K)
[400.765s][info][gc,heap        ] GC(419) Tenured: 1315545K(1398144K)->1360322K(1398144K)
[400.765s][info][gc,metaspace   ] GC(419) Metaspace: 118458K(122304K)->118458K(122304K) NonClass: 102260K(102848K)->102260K(102848K) Class: 16197K(19456K)->16197K(19456K)
[400.765s][info][gc             ] GC(419) Pause Young (Allocation Failure) 1898M->1394M(1979M) 27.066ms
[400.765s][info][gc,cpu         ] GC(419) User=0.03s Sys=0.00s Real=0.03s
[400.799s][info][gc,start       ] GC(420) Pause Young (Allocation Failure)
[400.799s][info][gc             ] GC(420) Pause Young (Allocation Failure) 1940M->1940M(1979M) 0.123ms
[400.799s][info][gc,cpu         ] GC(420) User=0.00s Sys=0.00s Real=0.00s
[400.799s][info][gc,start       ] GC(421) Pause Full (Allocation Failure)
[400.799s][info][gc,phases,start] GC(421) Phase 1: Mark live objects
[400.850s][info][gc,phases      ] GC(421) Phase 1: Mark live objects 50.617ms
[400.850s][info][gc,phases,start] GC(421) Phase 2: Compute new object addresses
[400.996s][info][gc,phases      ] GC(421) Phase 2: Compute new object addresses 146.001ms
[400.996s][info][gc,phases,start] GC(421) Phase 3: Adjust pointers
[401.025s][info][gc,phases      ] GC(421) Phase 3: Adjust pointers 29.402ms
[401.025s][info][gc,phases,start] GC(421) Phase 4: Move objects
[401.044s][info][gc,phases      ] GC(421) Phase 4: Move objects 18.528ms
[401.045s][info][gc,heap        ] GC(421) DefNew: 626606K(629120K)->3125K(629120K) Eden: 559232K(559232K)->3125K(559232K) From: 67374K(69888K)->0K(69888K)
[401.045s][info][gc,heap        ] GC(421) Tenured: 1360322K(1398144K)->1395955K(1398144K)
[401.045s][info][gc,metaspace   ] GC(421) Metaspace: 118458K(122304K)->118458K(122304K) NonClass: 102260K(102848K)->102260K(102848K) Class: 16197K(19456K)->16197K(19456K)
[401.045s][info][gc             ] GC(421) Pause Full (Allocation Failure) 1940M->1366M(1979M) 245.628ms
[401.045s][info][gc,cpu         ] GC(421) User=0.25s Sys=0.00s Real=0.25s
[402.905s][info][gc,start       ] GC(422) Pause Full (Allocation Failure)
[402.905s][info][gc,phases,start] GC(422) Phase 1: Mark live objects
[402.956s][info][gc,phases      ] GC(422) Phase 1: Mark live objects 51.347ms
[402.956s][info][gc,phases,start] GC(422) Phase 2: Compute new object addresses
[403.126s][info][gc,phases      ] GC(422) Phase 2: Compute new object addresses 169.271ms
[403.126s][info][gc,phases,start] GC(422) Phase 3: Adjust pointers
[403.156s][info][gc,phases      ] GC(422) Phase 3: Adjust pointers 29.938ms
[403.156s][info][gc,phases,start] GC(422) Phase 4: Move objects
[403.176s][info][gc,phases      ] GC(422) Phase 4: Move objects 20.203ms
[403.177s][info][gc,heap        ] GC(422) DefNew: 629120K(629120K)->26562K(629120K) Eden: 559232K(559232K)->26562K(559232K) From: 69888K(69888K)->0K(69888K)
[403.177s][info][gc,heap        ] GC(422) Tenured: 1398143K(1398144K)->1394617K(1398144K)
[403.177s][info][gc,metaspace   ] GC(422) Metaspace: 118458K(122304K)->118458K(122304K) NonClass: 102260K(102848K)->102260K(102848K) Class: 16197K(19456K)->16197K(19456K)
[403.177s][info][gc             ] GC(422) Pause Full (Allocation Failure) 1979M->1387M(1979M) 271.892ms
[403.177s][info][gc,cpu         ] GC(422) User=0.27s Sys=0.00s Real=0.27s
[405.278s][info][gc,start       ] GC(423) Pause Full (Allocation Failure)
[405.278s][info][gc,phases,start] GC(423) Phase 1: Mark live objects
[405.329s][info][gc,phases      ] GC(423) Phase 1: Mark live objects 50.532ms
[405.329s][info][gc,phases,start] GC(423) Phase 2: Compute new object addresses
[405.514s][info][gc,phases      ] GC(423) Phase 2: Compute new object addresses 185.571ms
[405.514s][info][gc,phases,start] GC(423) Phase 3: Adjust pointers
[405.544s][info][gc,phases      ] GC(423) Phase 3: Adjust pointers 29.993ms
[405.544s][info][gc,phases,start] GC(423) Phase 4: Move objects
[405.568s][info][gc,phases      ] GC(423) Phase 4: Move objects 23.485ms
[405.569s][info][gc,heap        ] GC(423) DefNew: 629120K(629120K)->44370K(629120K) Eden: 559232K(559232K)->44370K(559232K) From: 69888K(69888K)->0K(69888K)
[405.569s][info][gc,heap        ] GC(423) Tenured: 1398143K(1398144K)->1396424K(1398144K)
[405.569s][info][gc,metaspace   ] GC(423) Metaspace: 118458K(122304K)->118458K(122304K) NonClass: 102260K(102848K)->102260K(102848K) Class: 16197K(19456K)->16197K(19456K)
[405.569s][info][gc             ] GC(423) Pause Full (Allocation Failure) 1979M->1407M(1979M) 290.712ms
[405.569s][info][gc,cpu         ] GC(423) User=0.30s Sys=0.00s Real=0.30s
[407.284s][info][gc,start       ] GC(424) Pause Full (Allocation Failure)
[407.284s][info][gc,phases,start] GC(424) Phase 1: Mark live objects
[407.340s][info][gc,phases      ] GC(424) Phase 1: Mark live objects 55.573ms
[407.340s][info][gc,phases,start] GC(424) Phase 2: Compute new object addresses
[407.487s][info][gc,phases      ] GC(424) Phase 2: Compute new object addresses 147.692ms
[407.487s][info][gc,phases,start] GC(424) Phase 3: Adjust pointers
[407.518s][info][gc,phases      ] GC(424) Phase 3: Adjust pointers 30.489ms
[407.518s][info][gc,phases,start] GC(424) Phase 4: Move objects
[407.593s][info][gc,phases      ] GC(424) Phase 4: Move objects 74.949ms
[407.594s][info][gc,heap        ] GC(424) DefNew: 629119K(629120K)->0K(629120K) Eden: 559232K(559232K)->0K(559232K) From: 69887K(69888K)->0K(69888K)
[407.594s][info][gc,heap        ] GC(424) Tenured: 1398144K(1398144K)->1372572K(1398144K)
[407.594s][info][gc,metaspace   ] GC(424) Metaspace: 118460K(122304K)->118460K(122304K) NonClass: 102263K(102848K)->102263K(102848K) Class: 16197K(19456K)->16197K(19456K)
[407.594s][info][gc             ] GC(424) Pause Full (Allocation Failure) 1979M->1340M(1979M) 309.977ms
[407.594s][info][gc,cpu         ] GC(424) User=0.31s Sys=0.00s Real=0.31s
[407.633s][info][gc,start       ] GC(425) Pause Young (Allocation Failure)
[407.633s][info][gc             ] GC(425) Pause Young (Allocation Failure) 1886M->1886M(1979M) 0.115ms
[407.633s][info][gc,cpu         ] GC(425) User=0.00s Sys=0.00s Real=0.00s
[407.633s][info][gc,start       ] GC(426) Pause Full (Allocation Failure)
[407.633s][info][gc,phases,start] GC(426) Phase 1: Mark live objects
[407.685s][info][gc,phases      ] GC(426) Phase 1: Mark live objects 51.506ms
[407.685s][info][gc,phases,start] GC(426) Phase 2: Compute new object addresses
[407.831s][info][gc,phases      ] GC(426) Phase 2: Compute new object addresses 146.070ms
[407.831s][info][gc,phases,start] GC(426) Phase 3: Adjust pointers
[407.861s][info][gc,phases      ] GC(426) Phase 3: Adjust pointers 29.614ms
[407.861s][info][gc,phases,start] GC(426) Phase 4: Move objects
[407.869s][info][gc,phases      ] GC(426) Phase 4: Move objects 8.481ms
[407.870s][info][gc,heap        ] GC(426) DefNew: 559232K(629120K)->12633K(629120K) Eden: 559232K(559232K)->12633K(559232K) From: 0K(69888K)->0K(69888K)
[407.870s][info][gc,heap        ] GC(426) Tenured: 1372572K(1398144K)->1397750K(1398144K)
[407.870s][info][gc,metaspace   ] GC(426) Metaspace: 118461K(122304K)->118461K(122304K) NonClass: 102263K(102848K)->102263K(102848K) Class: 16197K(19456K)->16197K(19456K)
[407.870s][info][gc             ] GC(426) Pause Full (Allocation Failure) 1886M->1377M(1979M) 236.699ms
[407.870s][info][gc,cpu         ] GC(426) User=0.23s Sys=0.00s Real=0.24s
[409.741s][info][gc,start       ] GC(427) Pause Full (Allocation Failure)
[409.741s][info][gc,phases,start] GC(427) Phase 1: Mark live objects
[409.792s][info][gc,phases      ] GC(427) Phase 1: Mark live objects 50.661ms
[409.792s][info][gc,phases,start] GC(427) Phase 2: Compute new object addresses
[409.959s][info][gc,phases      ] GC(427) Phase 2: Compute new object addresses 167.303ms
[409.959s][info][gc,phases,start] GC(427) Phase 3: Adjust pointers
[409.988s][info][gc,phases      ] GC(427) Phase 3: Adjust pointers 29.117ms
[409.988s][info][gc,phases,start] GC(427) Phase 4: Move objects
[409.997s][info][gc,phases      ] GC(427) Phase 4: Move objects 8.978ms
[409.998s][info][gc,heap        ] GC(427) DefNew: 629120K(629120K)->39634K(629120K) Eden: 559232K(559232K)->39634K(559232K) From: 69888K(69888K)->0K(69888K)
[409.998s][info][gc,heap        ] GC(427) Tenured: 1398143K(1398144K)->1398143K(1398144K)
[409.998s][info][gc,metaspace   ] GC(427) Metaspace: 118471K(122304K)->118471K(122304K) NonClass: 102274K(102848K)->102274K(102848K) Class: 16197K(19456K)->16197K(19456K)
[409.998s][info][gc             ] GC(427) Pause Full (Allocation Failure) 1979M->1404M(1979M) 257.153ms
[409.998s][info][gc,cpu         ] GC(427) User=0.25s Sys=0.00s Real=0.25s
[411.769s][info][gc,start       ] GC(428) Pause Full (Allocation Failure)
[411.769s][info][gc,phases,start] GC(428) Phase 1: Mark live objects
[411.820s][info][gc,phases      ] GC(428) Phase 1: Mark live objects 50.347ms
[411.820s][info][gc,phases,start] GC(428) Phase 2: Compute new object addresses
[411.970s][info][gc,phases      ] GC(428) Phase 2: Compute new object addresses 150.666ms
[411.970s][info][gc,phases,start] GC(428) Phase 3: Adjust pointers
[411.999s][info][gc,phases      ] GC(428) Phase 3: Adjust pointers 29.109ms
[411.999s][info][gc,phases,start] GC(428) Phase 4: Move objects
[412.013s][info][gc,phases      ] GC(428) Phase 4: Move objects 13.645ms
[412.014s][info][gc,heap        ] GC(428) DefNew: 629120K(629120K)->60497K(629120K) Eden: 559232K(559232K)->60497K(559232K) From: 69888K(69888K)->0K(69888K)
[412.014s][info][gc,heap        ] GC(428) Tenured: 1398143K(1398144K)->1398143K(1398144K)
[412.014s][info][gc,metaspace   ] GC(428) Metaspace: 118472K(122304K)->118472K(122304K) NonClass: 102274K(102848K)->102274K(102848K) Class: 16197K(19456K)->16197K(19456K)
[412.014s][info][gc             ] GC(428) Pause Full (Allocation Failure) 1979M->1424M(1979M) 244.881ms
[412.014s][info][gc,cpu         ] GC(428) User=0.23s Sys=0.00s Real=0.24s
[414.202s][info][gc,start       ] GC(429) Pause Full (Allocation Failure)
[414.202s][info][gc,phases,start] GC(429) Phase 1: Mark live objects
[414.262s][info][gc,phases      ] GC(429) Phase 1: Mark live objects 60.457ms
[414.262s][info][gc,phases,start] GC(429) Phase 2: Compute new object addresses
[414.419s][info][gc,phases      ] GC(429) Phase 2: Compute new object addresses 156.965ms
[414.419s][info][gc,phases,start] GC(429) Phase 3: Adjust pointers
[414.450s][info][gc,phases      ] GC(429) Phase 3: Adjust pointers 30.579ms
[414.450s][info][gc,phases,start] GC(429) Phase 4: Move objects
[414.546s][info][gc,phases      ] GC(429) Phase 4: Move objects 96.116ms
[414.569s][info][gc,heap        ] GC(429) DefNew: 629119K(629120K)->3876K(629120K) Eden: 559232K(559232K)->3876K(559232K) From: 69887K(69888K)->0K(69888K)
[414.569s][info][gc,heap        ] GC(429) Tenured: 1398143K(1398144K)->1395040K(1398144K)
[414.569s][info][gc,metaspace   ] GC(429) Metaspace: 118488K(122304K)->118488K(122304K) NonClass: 102291K(102848K)->102291K(102848K) Class: 16197K(19456K)->16197K(19456K)
[414.569s][info][gc             ] GC(429) Pause Full (Allocation Failure) 1979M->1366M(1979M) 367.274ms
[414.569s][info][gc,cpu         ] GC(429) User=0.34s Sys=0.00s Real=0.37s
[416.999s][info][gc,start       ] GC(430) Pause Full (Allocation Failure)
[416.999s][info][gc,phases,start] GC(430) Phase 1: Mark live objects
[417.050s][info][gc,phases      ] GC(430) Phase 1: Mark live objects 50.535ms
[417.050s][info][gc,phases,start] GC(430) Phase 2: Compute new object addresses
[417.223s][info][gc,phases      ] GC(430) Phase 2: Compute new object addresses 173.557ms
[417.223s][info][gc,phases,start] GC(430) Phase 3: Adjust pointers
[417.252s][info][gc,phases      ] GC(430) Phase 3: Adjust pointers 29.109ms
[417.252s][info][gc,phases,start] GC(430) Phase 4: Move objects
[417.252s][info][gc,phases      ] GC(430) Phase 4: Move objects 0.034ms
[417.253s][info][gc,heap        ] GC(430) DefNew: 629119K(629120K)->3835K(629120K) Eden: 559232K(559232K)->3835K(559232K) From: 69887K(69888K)->0K(69888K)
[417.253s][info][gc,heap        ] GC(430) Tenured: 1398143K(1398144K)->1398143K(1398144K)
[417.253s][info][gc,metaspace   ] GC(430) Metaspace: 118488K(122304K)->118488K(122304K) NonClass: 102291K(102848K)->102291K(102848K) Class: 16197K(19456K)->16197K(19456K)
[417.253s][info][gc             ] GC(430) Pause Full (Allocation Failure) 1979M->1369M(1979M) 254.305ms
[417.253s][info][gc,cpu         ] GC(430) User=0.25s Sys=0.00s Real=0.25s
[419.396s][info][gc,start       ] GC(431) Pause Full (Allocation Failure)
[419.396s][info][gc,phases,start] GC(431) Phase 1: Mark live objects
[419.446s][info][gc,phases      ] GC(431) Phase 1: Mark live objects 50.410ms
[419.446s][info][gc,phases,start] GC(431) Phase 2: Compute new object addresses
[419.632s][info][gc,phases      ] GC(431) Phase 2: Compute new object addresses 185.113ms
[419.632s][info][gc,phases,start] GC(431) Phase 3: Adjust pointers
[419.661s][info][gc,phases      ] GC(431) Phase 3: Adjust pointers 29.526ms
[419.661s][info][gc,phases,start] GC(431) Phase 4: Move objects
[419.661s][info][gc,phases      ] GC(431) Phase 4: Move objects 0.042ms
[419.662s][info][gc,heap        ] GC(431) DefNew: 629120K(629120K)->3909K(629120K) Eden: 559232K(559232K)->3909K(559232K) From: 69888K(69888K)->0K(69888K)
[419.662s][info][gc,heap        ] GC(431) Tenured: 1398143K(1398144K)->1398143K(1398144K)
[419.662s][info][gc,metaspace   ] GC(431) Metaspace: 118488K(122304K)->118488K(122304K) NonClass: 102291K(102848K)->102291K(102848K) Class: 16197K(19456K)->16197K(19456K)
[419.662s][info][gc             ] GC(431) Pause Full (Allocation Failure) 1979M->1369M(1979M) 266.195ms
[419.662s][info][gc,cpu         ] GC(431) User=0.27s Sys=0.00s Real=0.27s
[422.195s][info][gc,start       ] GC(432) Pause Full (Allocation Failure)
[422.195s][info][gc,phases,start] GC(432) Phase 1: Mark live objects
[422.246s][info][gc,phases      ] GC(432) Phase 1: Mark live objects 50.362ms
[422.246s][info][gc,phases,start] GC(432) Phase 2: Compute new object addresses
[422.422s][info][gc,phases      ] GC(432) Phase 2: Compute new object addresses 176.519ms
[422.422s][info][gc,phases,start] GC(432) Phase 3: Adjust pointers
[422.462s][info][gc,phases      ] GC(432) Phase 3: Adjust pointers 39.927ms
[422.462s][info][gc,phases,start] GC(432) Phase 4: Move objects
[422.462s][info][gc,phases      ] GC(432) Phase 4: Move objects 0.042ms
[422.463s][info][gc,heap        ] GC(432) DefNew: 629120K(629120K)->3905K(629120K) Eden: 559232K(559232K)->3905K(559232K) From: 69888K(69888K)->0K(69888K)
[422.463s][info][gc,heap        ] GC(432) Tenured: 1398143K(1398144K)->1398143K(1398144K)
[422.463s][info][gc,metaspace   ] GC(432) Metaspace: 118488K(122304K)->118488K(122304K) NonClass: 102291K(102848K)->102291K(102848K) Class: 16197K(19456K)->16197K(19456K)
[422.463s][info][gc             ] GC(432) Pause Full (Allocation Failure) 1979M->1369M(1979M) 267.984ms
[422.463s][info][gc,cpu         ] GC(432) User=0.28s Sys=0.00s Real=0.28s
[424.885s][info][gc,start       ] GC(433) Pause Full (Allocation Failure)
[424.885s][info][gc,phases,start] GC(433) Phase 1: Mark live objects
[424.935s][info][gc,phases      ] GC(433) Phase 1: Mark live objects 50.480ms
[424.936s][info][gc,phases,start] GC(433) Phase 2: Compute new object addresses
[425.108s][info][gc,phases      ] GC(433) Phase 2: Compute new object addresses 172.404ms
[425.108s][info][gc,phases,start] GC(433) Phase 3: Adjust pointers
[425.138s][info][gc,phases      ] GC(433) Phase 3: Adjust pointers 29.641ms
[425.138s][info][gc,phases,start] GC(433) Phase 4: Move objects
[425.204s][info][gc,phases      ] GC(433) Phase 4: Move objects 66.533ms
[425.205s][info][gc,heap        ] GC(433) DefNew: 629119K(629120K)->3912K(629120K) Eden: 559232K(559232K)->3912K(559232K) From: 69887K(69888K)->0K(69888K)
[425.205s][info][gc,heap        ] GC(433) Tenured: 1398143K(1398144K)->1395013K(1398144K)
[425.205s][info][gc,metaspace   ] GC(433) Metaspace: 118488K(122304K)->118488K(122304K) NonClass: 102291K(102848K)->102291K(102848K) Class: 16197K(19456K)->16197K(19456K)
[425.205s][info][gc             ] GC(433) Pause Full (Allocation Failure) 1979M->1366M(1979M) 320.193ms
[425.205s][info][gc,cpu         ] GC(433) User=0.33s Sys=0.00s Real=0.32s
[427.453s][info][gc,start       ] GC(434) Pause Full (Allocation Failure)
[427.453s][info][gc,phases,start] GC(434) Phase 1: Mark live objects
[427.504s][info][gc,phases      ] GC(434) Phase 1: Mark live objects 50.516ms
[427.504s][info][gc,phases,start] GC(434) Phase 2: Compute new object addresses
[427.705s][info][gc,phases      ] GC(434) Phase 2: Compute new object addresses 201.454ms
[427.705s][info][gc,phases,start] GC(434) Phase 3: Adjust pointers
[427.736s][info][gc,phases      ] GC(434) Phase 3: Adjust pointers 30.357ms
[427.736s][info][gc,phases,start] GC(434) Phase 4: Move objects
[427.736s][info][gc,phases      ] GC(434) Phase 4: Move objects 0.022ms
[427.736s][info][gc,heap        ] GC(434) DefNew: 629119K(629120K)->3842K(629120K) Eden: 559232K(559232K)->3842K(559232K) From: 69887K(69888K)->0K(69888K)
[427.736s][info][gc,heap        ] GC(434) Tenured: 1398144K(1398144K)->1398144K(1398144K)
[427.736s][info][gc,metaspace   ] GC(434) Metaspace: 118488K(122304K)->118488K(122304K) NonClass: 102291K(102848K)->102291K(102848K) Class: 16197K(19456K)->16197K(19456K)
[427.736s][info][gc             ] GC(434) Pause Full (Allocation Failure) 1979M->1369M(1979M) 283.473ms
[427.736s][info][gc,cpu         ] GC(434) User=0.30s Sys=0.00s Real=0.29s
[429.811s][info][gc,start       ] GC(435) Pause Full (Allocation Failure)
[429.811s][info][gc,phases,start] GC(435) Phase 1: Mark live objects
[429.871s][info][gc,phases      ] GC(435) Phase 1: Mark live objects 60.179ms
[429.871s][info][gc,phases,start] GC(435) Phase 2: Compute new object addresses
[430.047s][info][gc,phases      ] GC(435) Phase 2: Compute new object addresses 175.324ms
[430.047s][info][gc,phases,start] GC(435) Phase 3: Adjust pointers
[430.076s][info][gc,phases      ] GC(435) Phase 3: Adjust pointers 29.232ms
[430.076s][info][gc,phases,start] GC(435) Phase 4: Move objects
[430.102s][info][gc,phases      ] GC(435) Phase 4: Move objects 25.663ms
[430.103s][info][gc,heap        ] GC(435) DefNew: 629120K(629120K)->0K(629120K) Eden: 559232K(559232K)->0K(559232K) From: 69888K(69888K)->0K(69888K)
[430.103s][info][gc,heap        ] GC(435) Tenured: 1398144K(1398144K)->1350906K(1398144K)
[430.103s][info][gc,metaspace   ] GC(435) Metaspace: 118490K(122304K)->118490K(122304K) NonClass: 102293K(102848K)->102293K(102848K) Class: 16197K(19456K)->16197K(19456K)
[430.103s][info][gc             ] GC(435) Pause Full (Allocation Failure) 1979M->1319M(1979M) 291.597ms
[430.103s][info][gc,cpu         ] GC(435) User=0.28s Sys=0.00s Real=0.29s
[430.179s][info][gc,start       ] GC(436) Pause Young (Allocation Failure)
[430.179s][info][gc             ] GC(436) Pause Young (Allocation Failure) 1865M->1865M(1979M) 0.161ms
[430.179s][info][gc,cpu         ] GC(436) User=0.00s Sys=0.00s Real=0.00s
[430.179s][info][gc,start       ] GC(437) Pause Full (Allocation Failure)
[430.179s][info][gc,phases,start] GC(437) Phase 1: Mark live objects
[430.234s][info][gc,phases      ] GC(437) Phase 1: Mark live objects 55.558ms
[430.234s][info][gc,phases,start] GC(437) Phase 2: Compute new object addresses
[430.405s][info][gc,phases      ] GC(437) Phase 2: Compute new object addresses 170.624ms
[430.405s][info][gc,phases,start] GC(437) Phase 3: Adjust pointers
[430.436s][info][gc,phases      ] GC(437) Phase 3: Adjust pointers 30.576ms
[430.436s][info][gc,phases,start] GC(437) Phase 4: Move objects
[430.449s][info][gc,phases      ] GC(437) Phase 4: Move objects 13.680ms
[430.450s][info][gc,heap        ] GC(437) DefNew: 559232K(629120K)->0K(629120K) Eden: 559232K(559232K)->0K(559232K) From: 0K(69888K)->0K(69888K)
[430.450s][info][gc,heap        ] GC(437) Tenured: 1350906K(1398144K)->1102957K(1398144K)
[430.450s][info][gc,metaspace   ] GC(437) Metaspace: 118491K(122304K)->118491K(122304K) NonClass: 102294K(102848K)->102294K(102848K) Class: 16197K(19456K)->16197K(19456K)
[430.450s][info][gc             ] GC(437) Pause Full (Allocation Failure) 1865M->1077M(1979M) 271.485ms
[430.450s][info][gc,cpu         ] GC(437) User=0.27s Sys=0.00s Real=0.27s
[430.922s][info][gc,start       ] GC(438) Pause Full (System.gc())
[430.922s][info][gc,phases,start] GC(438) Phase 1: Mark live objects
[430.982s][info][gc,phases      ] GC(438) Phase 1: Mark live objects 59.590ms
[430.982s][info][gc,phases,start] GC(438) Phase 2: Compute new object addresses
[431.015s][info][gc,phases      ] GC(438) Phase 2: Compute new object addresses 33.441ms
[431.016s][info][gc,phases,start] GC(438) Phase 3: Adjust pointers
[431.044s][info][gc,phases      ] GC(438) Phase 3: Adjust pointers 28.898ms
[431.044s][info][gc,phases,start] GC(438) Phase 4: Move objects
[431.049s][info][gc,phases      ] GC(438) Phase 4: Move objects 4.377ms
[431.050s][info][gc,heap        ] GC(438) DefNew: 100996K(629120K)->0K(629120K) Eden: 100996K(559232K)->0K(559232K) From: 0K(69888K)->0K(69888K)
[431.050s][info][gc,heap        ] GC(438) Tenured: 1102957K(1398144K)->971078K(1398144K)
[431.050s][info][gc,metaspace   ] GC(438) Metaspace: 118535K(122368K)->118535K(122368K) NonClass: 102336K(102912K)->102336K(102912K) Class: 16199K(19456K)->16199K(19456K)
[431.050s][info][gc             ] GC(438) Pause Full (System.gc()) 1175M->948M(1979M) 127.414ms
[431.050s][info][gc,cpu         ] GC(438) User=0.13s Sys=0.00s Real=0.13s
[431.192s][info][gc,start       ] GC(439) Pause Young (Allocation Failure)
[431.206s][info][gc,heap        ] GC(439) DefNew: 559232K(629120K)->10823K(629120K) Eden: 559232K(559232K)->0K(559232K) From: 0K(69888K)->10823K(69888K)
[431.206s][info][gc,heap        ] GC(439) Tenured: 971078K(1398144K)->971078K(1398144K)
[431.206s][info][gc,metaspace   ] GC(439) Metaspace: 118989K(122880K)->118989K(122880K) NonClass: 102785K(103424K)->102785K(103424K) Class: 16203K(19456K)->16203K(19456K)
[431.206s][info][gc             ] GC(439) Pause Young (Allocation Failure) 1494M->958M(1979M) 14.164ms
[431.206s][info][gc,cpu         ] GC(439) User=0.00s Sys=0.00s Real=0.00s
[431.246s][info][gc,start       ] GC(440) Pause Young (Allocation Failure)
[431.257s][info][gc,heap        ] GC(440) DefNew: 570055K(629120K)->16468K(629120K) Eden: 559232K(559232K)->0K(559232K) From: 10823K(69888K)->16468K(69888K)
[431.257s][info][gc,heap        ] GC(440) Tenured: 971078K(1398144K)->971078K(1398144K)
[431.257s][info][gc,metaspace   ] GC(440) Metaspace: 118994K(122880K)->118994K(122880K) NonClass: 102791K(103424K)->102791K(103424K) Class: 16203K(19456K)->16203K(19456K)
[431.257s][info][gc             ] GC(440) Pause Young (Allocation Failure) 1505M->964M(1979M) 10.694ms
[431.257s][info][gc,cpu         ] GC(440) User=0.00s Sys=0.00s Real=0.00s
[431.294s][info][gc,start       ] GC(441) Pause Young (Allocation Failure)
[431.307s][info][gc,heap        ] GC(441) DefNew: 575700K(629120K)->24482K(629120K) Eden: 559232K(559232K)->0K(559232K) From: 16468K(69888K)->24482K(69888K)
[431.307s][info][gc,heap        ] GC(441) Tenured: 971078K(1398144K)->971078K(1398144K)
[431.307s][info][gc,metaspace   ] GC(441) Metaspace: 118994K(122880K)->118994K(122880K) NonClass: 102791K(103424K)->102791K(103424K) Class: 16203K(19456K)->16203K(19456K)
[431.307s][info][gc             ] GC(441) Pause Young (Allocation Failure) 1510M->972M(1979M) 12.405ms
[431.307s][info][gc,cpu         ] GC(441) User=0.02s Sys=0.00s Real=0.02s
[431.345s][info][gc,start       ] GC(442) Pause Young (Allocation Failure)
[431.360s][info][gc,heap        ] GC(442) DefNew: 583714K(629120K)->34096K(629120K) Eden: 559232K(559232K)->0K(559232K) From: 24482K(69888K)->34096K(69888K)
[431.360s][info][gc,heap        ] GC(442) Tenured: 971078K(1398144K)->971078K(1398144K)
[431.360s][info][gc,metaspace   ] GC(442) Metaspace: 118994K(122880K)->118994K(122880K) NonClass: 102791K(103424K)->102791K(103424K) Class: 16203K(19456K)->16203K(19456K)
[431.360s][info][gc             ] GC(442) Pause Young (Allocation Failure) 1518M->981M(1979M) 14.495ms
[431.360s][info][gc,cpu         ] GC(442) User=0.03s Sys=0.00s Real=0.02s
[431.398s][info][gc,start       ] GC(443) Pause Young (Allocation Failure)
[431.413s][info][gc,heap        ] GC(443) DefNew: 593328K(629120K)->38042K(629120K) Eden: 559232K(559232K)->0K(559232K) From: 34096K(69888K)->38042K(69888K)
[431.413s][info][gc,heap        ] GC(443) Tenured: 971078K(1398144K)->971078K(1398144K)
[431.413s][info][gc,metaspace   ] GC(443) Metaspace: 118994K(122880K)->118994K(122880K) NonClass: 102791K(103424K)->102791K(103424K) Class: 16203K(19456K)->16203K(19456K)
[431.413s][info][gc             ] GC(443) Pause Young (Allocation Failure) 1527M->985M(1979M) 15.631ms
[431.413s][info][gc,cpu         ] GC(443) User=0.02s Sys=0.00s Real=0.02s
[431.452s][info][gc,start       ] GC(444) Pause Young (Allocation Failure)
[431.471s][info][gc,heap        ] GC(444) DefNew: 597274K(629120K)->42128K(629120K) Eden: 559232K(559232K)->0K(559232K) From: 38042K(69888K)->42128K(69888K)
[431.471s][info][gc,heap        ] GC(444) Tenured: 971078K(1398144K)->979424K(1398144K)
[431.471s][info][gc,metaspace   ] GC(444) Metaspace: 118994K(122880K)->118994K(122880K) NonClass: 102791K(103424K)->102791K(103424K) Class: 16203K(19456K)->16203K(19456K)
[431.471s][info][gc             ] GC(444) Pause Young (Allocation Failure) 1531M->997M(1979M) 19.396ms
[431.471s][info][gc,cpu         ] GC(444) User=0.05s Sys=0.00s Real=0.03s
[431.509s][info][gc,start       ] GC(445) Pause Young (Allocation Failure)
[431.522s][info][gc,heap        ] GC(445) DefNew: 601360K(629120K)->36226K(629120K) Eden: 559232K(559232K)->0K(559232K) From: 42128K(69888K)->36226K(69888K)
[431.522s][info][gc,heap        ] GC(445) Tenured: 979424K(1398144K)->986936K(1398144K)
[431.522s][info][gc,metaspace   ] GC(445) Metaspace: 118994K(122880K)->118994K(122880K) NonClass: 102791K(103424K)->102791K(103424K) Class: 16203K(19456K)->16203K(19456K)
[431.522s][info][gc             ] GC(445) Pause Young (Allocation Failure) 1543M->999M(1979M) 13.066ms
[431.522s][info][gc,cpu         ] GC(445) User=0.02s Sys=0.00s Real=0.02s
[431.561s][info][gc,start       ] GC(446) Pause Young (Allocation Failure)
[431.574s][info][gc,heap        ] GC(446) DefNew: 595458K(629120K)->36237K(629120K) Eden: 559232K(559232K)->0K(559232K) From: 36226K(69888K)->36237K(69888K)
[431.574s][info][gc,heap        ] GC(446) Tenured: 986936K(1398144K)->994753K(1398144K)
[431.574s][info][gc,metaspace   ] GC(446) Metaspace: 118994K(122880K)->118994K(122880K) NonClass: 102791K(103424K)->102791K(103424K) Class: 16203K(19456K)->16203K(19456K)
[431.574s][info][gc             ] GC(446) Pause Young (Allocation Failure) 1545M->1006M(1979M) 13.018ms
[431.574s][info][gc,cpu         ] GC(446) User=0.03s Sys=0.00s Real=0.02s
[431.612s][info][gc,start       ] GC(447) Pause Young (Allocation Failure)
[431.625s][info][gc,heap        ] GC(447) DefNew: 595469K(629120K)->31525K(629120K) Eden: 559232K(559232K)->0K(559232K) From: 36237K(69888K)->31525K(69888K)
[431.625s][info][gc,heap        ] GC(447) Tenured: 994753K(1398144K)->1007255K(1398144K)
[431.625s][info][gc,metaspace   ] GC(447) Metaspace: 118994K(122880K)->118994K(122880K) NonClass: 102791K(103424K)->102791K(103424K) Class: 16203K(19456K)->16203K(19456K)
[431.625s][info][gc             ] GC(447) Pause Young (Allocation Failure) 1552M->1014M(1979M) 12.651ms
[431.625s][info][gc,cpu         ] GC(447) User=0.00s Sys=0.00s Real=0.00s
[431.663s][info][gc,start       ] GC(448) Pause Young (Allocation Failure)
[431.673s][info][gc,heap        ] GC(448) DefNew: 590757K(629120K)->31510K(629120K) Eden: 559232K(559232K)->0K(559232K) From: 31525K(69888K)->31510K(69888K)
[431.673s][info][gc,heap        ] GC(448) Tenured: 1007255K(1398144K)->1007255K(1398144K)
[431.673s][info][gc,metaspace   ] GC(448) Metaspace: 118994K(122880K)->118994K(122880K) NonClass: 102791K(103424K)->102791K(103424K) Class: 16203K(19456K)->16203K(19456K)
[431.673s][info][gc             ] GC(448) Pause Young (Allocation Failure) 1560M->1014M(1979M) 9.828ms
[431.673s][info][gc,cpu         ] GC(448) User=0.00s Sys=0.00s Real=0.00s
[431.712s][info][gc,start       ] GC(449) Pause Young (Allocation Failure)
[431.730s][info][gc,heap        ] GC(449) DefNew: 590742K(629120K)->68990K(629120K) Eden: 559232K(559232K)->0K(559232K) From: 31510K(69888K)->68990K(69888K)
[431.730s][info][gc,heap        ] GC(449) Tenured: 1007255K(1398144K)->1007255K(1398144K)
[431.730s][info][gc,metaspace   ] GC(449) Metaspace: 118994K(122880K)->118994K(122880K) NonClass: 102791K(103424K)->102791K(103424K) Class: 16203K(19456K)->16203K(19456K)
[431.730s][info][gc             ] GC(449) Pause Young (Allocation Failure) 1560M->1051M(1979M) 18.320ms
[431.730s][info][gc,cpu         ] GC(449) User=0.02s Sys=0.00s Real=0.01s
[431.770s][info][gc,start       ] GC(450) Pause Young (Allocation Failure)
[431.792s][info][gc,heap        ] GC(450) DefNew: 628222K(629120K)->27192K(629120K) Eden: 559232K(559232K)->0K(559232K) From: 68990K(69888K)->27192K(69888K)
[431.792s][info][gc,heap        ] GC(450) Tenured: 1007255K(1398144K)->1066639K(1398144K)
[431.792s][info][gc,metaspace   ] GC(450) Metaspace: 118994K(122880K)->118994K(122880K) NonClass: 102791K(103424K)->102791K(103424K) Class: 16203K(19456K)->16203K(19456K)
[431.793s][info][gc             ] GC(450) Pause Young (Allocation Failure) 1597M->1068M(1979M) 22.531ms
[431.793s][info][gc,cpu         ] GC(450) User=0.02s Sys=0.00s Real=0.02s
[431.844s][info][gc,start       ] GC(451) Pause Young (Allocation Failure)
[431.860s][info][gc,heap        ] GC(451) DefNew: 586424K(629120K)->52688K(629120K) Eden: 559232K(559232K)->0K(559232K) From: 27192K(69888K)->52688K(69888K)
[431.860s][info][gc,heap        ] GC(451) Tenured: 1066639K(1398144K)->1066639K(1398144K)
[431.860s][info][gc,metaspace   ] GC(451) Metaspace: 118994K(122880K)->118994K(122880K) NonClass: 102791K(103424K)->102791K(103424K) Class: 16203K(19456K)->16203K(19456K)
[431.860s][info][gc             ] GC(451) Pause Young (Allocation Failure) 1614M->1093M(1979M) 16.412ms
[431.861s][info][gc,cpu         ] GC(451) User=0.03s Sys=0.00s Real=0.02s
[431.901s][info][gc,start       ] GC(452) Pause Young (Allocation Failure)
[431.926s][info][gc,heap        ] GC(452) DefNew: 611920K(629120K)->65454K(629120K) Eden: 559232K(559232K)->0K(559232K) From: 52688K(69888K)->65454K(69888K)
[431.926s][info][gc,heap        ] GC(452) Tenured: 1066639K(1398144K)->1093588K(1398144K)
[431.926s][info][gc,metaspace   ] GC(452) Metaspace: 118994K(122880K)->118994K(122880K) NonClass: 102791K(103424K)->102791K(103424K) Class: 16203K(19456K)->16203K(19456K)
[431.926s][info][gc             ] GC(452) Pause Young (Allocation Failure) 1639M->1131M(1979M) 24.525ms
[431.926s][info][gc,cpu         ] GC(452) User=0.06s Sys=0.00s Real=0.03s
[431.969s][info][gc,start       ] GC(453) Pause Young (Allocation Failure)
[431.995s][info][gc,heap        ] GC(453) DefNew: 624686K(629120K)->35893K(629120K) Eden: 559232K(559232K)->0K(559232K) From: 65454K(69888K)->35893K(69888K)
[431.995s][info][gc,heap        ] GC(453) Tenured: 1093588K(1398144K)->1158605K(1398144K)
[431.995s][info][gc,metaspace   ] GC(453) Metaspace: 118994K(122880K)->118994K(122880K) NonClass: 102791K(103424K)->102791K(103424K) Class: 16203K(19456K)->16203K(19456K)
[431.995s][info][gc             ] GC(453) Pause Young (Allocation Failure) 1678M->1166M(1979M) 26.321ms
[431.995s][info][gc,cpu         ] GC(453) User=0.03s Sys=0.00s Real=0.02s
[432.034s][info][gc,start       ] GC(454) Pause Young (Allocation Failure)
[432.050s][info][gc,heap        ] GC(454) DefNew: 595125K(629120K)->23585K(629120K) Eden: 559232K(559232K)->0K(559232K) From: 35893K(69888K)->23585K(69888K)
[432.050s][info][gc,heap        ] GC(454) Tenured: 1158605K(1398144K)->1192489K(1398144K)
[432.050s][info][gc,metaspace   ] GC(454) Metaspace: 118994K(122880K)->118994K(122880K) NonClass: 102791K(103424K)->102791K(103424K) Class: 16203K(19456K)->16203K(19456K)
[432.050s][info][gc             ] GC(454) Pause Young (Allocation Failure) 1712M->1187M(1979M) 15.697ms
[432.050s][info][gc,cpu         ] GC(454) User=0.03s Sys=0.00s Real=0.01s
[432.090s][info][gc,start       ] GC(455) Pause Young (Allocation Failure)
[432.106s][info][gc,heap        ] GC(455) DefNew: 582817K(629120K)->58348K(629120K) Eden: 559232K(559232K)->0K(559232K) From: 23585K(69888K)->58348K(69888K)
[432.106s][info][gc,heap        ] GC(455) Tenured: 1192489K(1398144K)->1192489K(1398144K)
[432.106s][info][gc,metaspace   ] GC(455) Metaspace: 118995K(122880K)->118995K(122880K) NonClass: 102791K(103424K)->102791K(103424K) Class: 16203K(19456K)->16203K(19456K)
[432.106s][info][gc             ] GC(455) Pause Young (Allocation Failure) 1733M->1221M(1979M) 16.098ms
[432.106s][info][gc,cpu         ] GC(455) User=0.03s Sys=0.00s Real=0.02s
[432.144s][info][gc,start       ] GC(456) Pause Young (Allocation Failure)
[432.163s][info][gc,heap        ] GC(456) DefNew: 617580K(629120K)->16435K(629120K) Eden: 559232K(559232K)->0K(559232K) From: 58348K(69888K)->16435K(69888K)
[432.163s][info][gc,heap        ] GC(456) Tenured: 1192489K(1398144K)->1245924K(1398144K)
[432.163s][info][gc,metaspace   ] GC(456) Metaspace: 118995K(122880K)->118995K(122880K) NonClass: 102791K(103424K)->102791K(103424K) Class: 16203K(19456K)->16203K(19456K)
[432.163s][info][gc             ] GC(456) Pause Young (Allocation Failure) 1767M->1232M(1979M) 18.806ms
[432.163s][info][gc,cpu         ] GC(456) User=0.03s Sys=0.00s Real=0.02s
[432.202s][info][gc,start       ] GC(457) Pause Young (Allocation Failure)
[432.211s][info][gc,heap        ] GC(457) DefNew: 575667K(629120K)->29520K(629120K) Eden: 559232K(559232K)->0K(559232K) From: 16435K(69888K)->29520K(69888K)
[432.211s][info][gc,heap        ] GC(457) Tenured: 1245924K(1398144K)->1245924K(1398144K)
[432.211s][info][gc,metaspace   ] GC(457) Metaspace: 118995K(122880K)->118995K(122880K) NonClass: 102791K(103424K)->102791K(103424K) Class: 16203K(19456K)->16203K(19456K)
[432.211s][info][gc             ] GC(457) Pause Young (Allocation Failure) 1778M->1245M(1979M) 9.692ms
[432.211s][info][gc,cpu         ] GC(457) User=0.03s Sys=0.00s Real=0.02s
[432.249s][info][gc,start       ] GC(458) Pause Young (Allocation Failure)
[432.261s][info][gc,heap        ] GC(458) DefNew: 588752K(629120K)->37354K(629120K) Eden: 559232K(559232K)->0K(559232K) From: 29520K(69888K)->37354K(69888K)
[432.261s][info][gc,heap        ] GC(458) Tenured: 1245924K(1398144K)->1245924K(1398144K)
[432.261s][info][gc,metaspace   ] GC(458) Metaspace: 118995K(122880K)->118995K(122880K) NonClass: 102791K(103424K)->102791K(103424K) Class: 16203K(19456K)->16203K(19456K)
[432.261s][info][gc             ] GC(458) Pause Young (Allocation Failure) 1791M->1253M(1979M) 11.488ms
[432.261s][info][gc,cpu         ] GC(458) User=0.03s Sys=0.00s Real=0.02s
[432.299s][info][gc,start       ] GC(459) Pause Young (Allocation Failure)
[432.312s][info][gc,heap        ] GC(459) DefNew: 596586K(629120K)->37766K(629120K) Eden: 559232K(559232K)->0K(559232K) From: 37354K(69888K)->37766K(69888K)
[432.312s][info][gc,heap        ] GC(459) Tenured: 1245924K(1398144K)->1253292K(1398144K)
[432.312s][info][gc,metaspace   ] GC(459) Metaspace: 118995K(122880K)->118995K(122880K) NonClass: 102791K(103424K)->102791K(103424K) Class: 16203K(19456K)->16203K(19456K)
[432.312s][info][gc             ] GC(459) Pause Young (Allocation Failure) 1799M->1260M(1979M) 13.227ms
[432.312s][info][gc,cpu         ] GC(459) User=0.02s Sys=0.00s Real=0.02s
[432.351s][info][gc,start       ] GC(460) Pause Young (Allocation Failure)
[432.364s][info][gc,heap        ] GC(460) DefNew: 596998K(629120K)->36226K(629120K) Eden: 559232K(559232K)->0K(559232K) From: 37766K(69888K)->36226K(69888K)
[432.364s][info][gc,heap        ] GC(460) Tenured: 1253292K(1398144K)->1262669K(1398144K)
[432.364s][info][gc,metaspace   ] GC(460) Metaspace: 118995K(122880K)->118995K(122880K) NonClass: 102791K(103424K)->102791K(103424K) Class: 16203K(19456K)->16203K(19456K)
[432.364s][info][gc             ] GC(460) Pause Young (Allocation Failure) 1806M->1268M(1979M) 13.511ms
[432.364s][info][gc,cpu         ] GC(460) User=0.00s Sys=0.02s Real=0.01s
[432.402s][info][gc,start       ] GC(461) Pause Young (Allocation Failure)
[432.414s][info][gc,heap        ] GC(461) DefNew: 595458K(629120K)->34684K(629120K) Eden: 559232K(559232K)->0K(559232K) From: 36226K(69888K)->34684K(69888K)
[432.414s][info][gc,heap        ] GC(461) Tenured: 1262669K(1398144K)->1268922K(1398144K)
[432.414s][info][gc,metaspace   ] GC(461) Metaspace: 118995K(122880K)->118995K(122880K) NonClass: 102791K(103424K)->102791K(103424K) Class: 16203K(19456K)->16203K(19456K)
[432.414s][info][gc             ] GC(461) Pause Young (Allocation Failure) 1814M->1273M(1979M) 11.827ms
[432.414s][info][gc,cpu         ] GC(461) User=0.00s Sys=0.00s Real=0.00s
[432.452s][info][gc,start       ] GC(462) Pause Young (Allocation Failure)
[432.466s][info][gc,heap        ] GC(462) DefNew: 593916K(629120K)->47184K(629120K) Eden: 559232K(559232K)->0K(559232K) From: 34684K(69888K)->47184K(69888K)
[432.488s][info][gc,heap        ] GC(462) Tenured: 1268922K(1398144K)->1268922K(1398144K)
[432.488s][info][gc,metaspace   ] GC(462) Metaspace: 118995K(122880K)->118995K(122880K) NonClass: 102791K(103424K)->102791K(103424K) Class: 16203K(19456K)->16203K(19456K)
[432.488s][info][gc             ] GC(462) Pause Young (Allocation Failure) 1819M->1285M(1979M) 35.473ms
[432.488s][info][gc,cpu         ] GC(462) User=0.02s Sys=0.00s Real=0.03s
[432.527s][info][gc,start       ] GC(463) Pause Young (Allocation Failure)
[432.546s][info][gc,heap        ] GC(463) DefNew: 606416K(629120K)->59799K(629120K) Eden: 559232K(559232K)->0K(559232K) From: 47184K(69888K)->59799K(69888K)
[432.546s][info][gc,heap        ] GC(463) Tenured: 1268922K(1398144K)->1281423K(1398144K)
[432.546s][info][gc,metaspace   ] GC(463) Metaspace: 118995K(122880K)->118995K(122880K) NonClass: 102791K(103424K)->102791K(103424K) Class: 16203K(19456K)->16203K(19456K)
[432.546s][info][gc             ] GC(463) Pause Young (Allocation Failure) 1831M->1309M(1979M) 19.330ms
[432.546s][info][gc,cpu         ] GC(463) User=0.02s Sys=0.00s Real=0.02s
[432.597s][info][gc,start       ] GC(464) Pause Young (Allocation Failure)
[432.620s][info][gc,heap        ] GC(464) DefNew: 619031K(629120K)->48203K(629120K) Eden: 559232K(559232K)->0K(559232K) From: 59799K(69888K)->48203K(69888K)
[432.620s][info][gc,heap        ] GC(464) Tenured: 1281423K(1398144K)->1315868K(1398144K)
[432.620s][info][gc,metaspace   ] GC(464) Metaspace: 118995K(122880K)->118995K(122880K) NonClass: 102791K(103424K)->102791K(103424K) Class: 16203K(19456K)->16203K(19456K)
[432.620s][info][gc             ] GC(464) Pause Young (Allocation Failure) 1855M->1332M(1979M) 22.377ms
[432.620s][info][gc,cpu         ] GC(464) User=0.02s Sys=0.00s Real=0.02s
[432.668s][info][gc,start       ] GC(465) Pause Young (Allocation Failure)
[432.693s][info][gc,heap        ] GC(465) DefNew: 607435K(629120K)->69367K(629120K) Eden: 559232K(559232K)->0K(559232K) From: 48203K(69888K)->69367K(69888K)
[432.693s][info][gc,heap        ] GC(465) Tenured: 1315868K(1398144K)->1340950K(1398144K)
[432.693s][info][gc,metaspace   ] GC(465) Metaspace: 118995K(122880K)->118995K(122880K) NonClass: 102791K(103424K)->102791K(103424K) Class: 16203K(19456K)->16203K(19456K)
[432.693s][info][gc             ] GC(465) Pause Young (Allocation Failure) 1878M->1377M(1979M) 25.257ms
[432.693s][info][gc,cpu         ] GC(465) User=0.02s Sys=0.00s Real=0.02s
[432.734s][info][gc,start       ] GC(466) Pause Young (Allocation Failure)
[432.734s][info][gc             ] GC(466) Pause Young (Allocation Failure) 1923M->1923M(1979M) 0.129ms
[432.734s][info][gc,cpu         ] GC(466) User=0.00s Sys=0.00s Real=0.00s
[432.734s][info][gc,start       ] GC(467) Pause Full (Allocation Failure)
[432.734s][info][gc,phases,start] GC(467) Phase 1: Mark live objects
[432.790s][info][gc,phases      ] GC(467) Phase 1: Mark live objects 56.161ms
[432.791s][info][gc,phases,start] GC(467) Phase 2: Compute new object addresses
[432.942s][info][gc,phases      ] GC(467) Phase 2: Compute new object addresses 151.520ms
[432.942s][info][gc,phases,start] GC(467) Phase 3: Adjust pointers
[432.974s][info][gc,phases      ] GC(467) Phase 3: Adjust pointers 31.688ms
[432.974s][info][gc,phases,start] GC(467) Phase 4: Move objects
[433.009s][info][gc,phases      ] GC(467) Phase 4: Move objects 35.487ms
[433.010s][info][gc,heap        ] GC(467) DefNew: 628599K(629120K)->0K(629120K) Eden: 559232K(559232K)->0K(559232K) From: 69367K(69888K)->0K(69888K)
[433.010s][info][gc,heap        ] GC(467) Tenured: 1340950K(1398144K)->1173476K(1398144K)
[433.010s][info][gc,metaspace   ] GC(467) Metaspace: 118995K(122880K)->118995K(122880K) NonClass: 102791K(103424K)->102791K(103424K) Class: 16203K(19456K)->16203K(19456K)
[433.010s][info][gc             ] GC(467) Pause Full (Allocation Failure) 1923M->1145M(1979M) 275.934ms
[433.010s][info][gc,cpu         ] GC(467) User=0.28s Sys=0.00s Real=0.28s
[433.051s][info][gc,start       ] GC(468) Pause Young (Allocation Failure)
[433.064s][info][gc,heap        ] GC(468) DefNew: 559232K(629120K)->36710K(629120K) Eden: 559232K(559232K)->0K(559232K) From: 0K(69888K)->36710K(69888K)
[433.064s][info][gc,heap        ] GC(468) Tenured: 1173476K(1398144K)->1173476K(1398144K)
[433.064s][info][gc,metaspace   ] GC(468) Metaspace: 118995K(122880K)->118995K(122880K) NonClass: 102792K(103424K)->102792K(103424K) Class: 16203K(19456K)->16203K(19456K)
[433.064s][info][gc             ] GC(468) Pause Young (Allocation Failure) 1692M->1181M(1979M) 12.379ms
[433.064s][info][gc,cpu         ] GC(468) User=0.02s Sys=0.00s Real=0.02s
[433.107s][info][gc,start       ] GC(469) Pause Young (Allocation Failure)
[433.130s][info][gc,heap        ] GC(469) DefNew: 595942K(629120K)->61188K(629120K) Eden: 559232K(559232K)->0K(559232K) From: 36710K(69888K)->61188K(69888K)
[433.130s][info][gc,heap        ] GC(469) Tenured: 1173476K(1398144K)->1204410K(1398144K)
[433.130s][info][gc,metaspace   ] GC(469) Metaspace: 119007K(122880K)->119007K(122880K) NonClass: 102803K(103424K)->102803K(103424K) Class: 16203K(19456K)->16203K(19456K)
[433.130s][info][gc             ] GC(469) Pause Young (Allocation Failure) 1727M->1235M(1979M) 22.877ms
[433.130s][info][gc,cpu         ] GC(469) User=0.02s Sys=0.00s Real=0.02s
[433.172s][info][gc,start       ] GC(470) Pause Young (Allocation Failure)
[433.198s][info][gc,heap        ] GC(470) DefNew: 620420K(629120K)->35128K(629120K) Eden: 559232K(559232K)->0K(559232K) From: 61188K(69888K)->35128K(69888K)
[433.198s][info][gc,heap        ] GC(470) Tenured: 1204410K(1398144K)->1253703K(1398144K)
[433.198s][info][gc,metaspace   ] GC(470) Metaspace: 119007K(122880K)->119007K(122880K) NonClass: 102803K(103424K)->102803K(103424K) Class: 16203K(19456K)->16203K(19456K)
[433.198s][info][gc             ] GC(470) Pause Young (Allocation Failure) 1782M->1258M(1979M) 25.652ms
[433.198s][info][gc,cpu         ] GC(470) User=0.03s Sys=0.00s Real=0.03s
[433.239s][info][gc,start       ] GC(471) Pause Young (Allocation Failure)
[433.258s][info][gc,heap        ] GC(471) DefNew: 594360K(629120K)->44395K(629120K) Eden: 559232K(559232K)->0K(559232K) From: 35128K(69888K)->44395K(69888K)
[433.258s][info][gc,heap        ] GC(471) Tenured: 1253703K(1398144K)->1273800K(1398144K)
[433.258s][info][gc,metaspace   ] GC(471) Metaspace: 119008K(122880K)->119008K(122880K) NonClass: 102804K(103424K)->102804K(103424K) Class: 16203K(19456K)->16203K(19456K)
[433.258s][info][gc             ] GC(471) Pause Young (Allocation Failure) 1804M->1287M(1979M) 19.628ms
[433.258s][info][gc,cpu         ] GC(471) User=0.05s Sys=0.00s Real=0.03s
[433.298s][info][gc,start       ] GC(472) Pause Young (Allocation Failure)
[433.322s][info][gc,heap        ] GC(472) DefNew: 603627K(629120K)->54601K(629120K) Eden: 559232K(559232K)->0K(559232K) From: 44395K(69888K)->54601K(69888K)
[433.322s][info][gc,heap        ] GC(472) Tenured: 1273800K(1398144K)->1303713K(1398144K)
[433.322s][info][gc,metaspace   ] GC(472) Metaspace: 119020K(122880K)->119020K(122880K) NonClass: 102816K(103424K)->102816K(103424K) Class: 16203K(19456K)->16203K(19456K)
[433.322s][info][gc             ] GC(472) Pause Young (Allocation Failure) 1833M->1326M(1979M) 23.681ms
[433.322s][info][gc,cpu         ] GC(472) User=0.03s Sys=0.00s Real=0.03s
[433.357s][info][gc,start       ] GC(473) Pause Young (Allocation Failure)
[433.386s][info][gc,heap        ] GC(473) DefNew: 613833K(629120K)->69862K(629120K) Eden: 559232K(559232K)->0K(559232K) From: 54601K(69888K)->69862K(69888K)
[433.386s][info][gc,heap        ] GC(473) Tenured: 1303713K(1398144K)->1350256K(1398144K)
[433.386s][info][gc,metaspace   ] GC(473) Metaspace: 119052K(122944K)->119052K(122944K) NonClass: 102848K(103488K)->102848K(103488K) Class: 16203K(19456K)->16203K(19456K)
[433.386s][info][gc             ] GC(473) Pause Young (Allocation Failure) 1872M->1386M(1979M) 29.639ms
[433.386s][info][gc,cpu         ] GC(473) User=0.03s Sys=0.00s Real=0.03s
[433.426s][info][gc,start       ] GC(474) Pause Young (Allocation Failure)
[433.426s][info][gc             ] GC(474) Pause Young (Allocation Failure) 1932M->1932M(1979M) 0.123ms
[433.426s][info][gc,cpu         ] GC(474) User=0.00s Sys=0.00s Real=0.00s
[433.426s][info][gc,start       ] GC(475) Pause Full (Allocation Failure)
[433.426s][info][gc,phases,start] GC(475) Phase 1: Mark live objects
[433.479s][info][gc,phases      ] GC(475) Phase 1: Mark live objects 53.425ms
[433.479s][info][gc,phases,start] GC(475) Phase 2: Compute new object addresses
[433.630s][info][gc,phases      ] GC(475) Phase 2: Compute new object addresses 150.958ms
[433.630s][info][gc,phases,start] GC(475) Phase 3: Adjust pointers
[433.661s][info][gc,phases      ] GC(475) Phase 3: Adjust pointers 31.169ms
[433.662s][info][gc,phases,start] GC(475) Phase 4: Move objects
[433.694s][info][gc,phases      ] GC(475) Phase 4: Move objects 32.932ms
[433.695s][info][gc,heap        ] GC(475) DefNew: 629094K(629120K)->0K(629120K) Eden: 559232K(559232K)->0K(559232K) From: 69862K(69888K)->0K(69888K)
[433.695s][info][gc,heap        ] GC(475) Tenured: 1350256K(1398144K)->1263400K(1398144K)
[433.695s][info][gc,metaspace   ] GC(475) Metaspace: 119052K(122944K)->119052K(122944K) NonClass: 102848K(103488K)->102848K(103488K) Class: 16203K(19456K)->16203K(19456K)
[433.695s][info][gc             ] GC(475) Pause Full (Allocation Failure) 1932M->1233M(1979M) 269.591ms
[433.695s][info][gc,cpu         ] GC(475) User=0.27s Sys=0.00s Real=0.27s
[433.733s][info][gc,start       ] GC(476) Pause Young (Allocation Failure)
[433.746s][info][gc,heap        ] GC(476) DefNew: 559232K(629120K)->44160K(629120K) Eden: 559232K(559232K)->0K(559232K) From: 0K(69888K)->44160K(69888K)
[433.746s][info][gc,heap        ] GC(476) Tenured: 1263400K(1398144K)->1263400K(1398144K)
[433.746s][info][gc,metaspace   ] GC(476) Metaspace: 119052K(122944K)->119052K(122944K) NonClass: 102848K(103488K)->102848K(103488K) Class: 16203K(19456K)->16203K(19456K)
[433.746s][info][gc             ] GC(476) Pause Young (Allocation Failure) 1779M->1276M(1979M) 12.505ms
[433.746s][info][gc,cpu         ] GC(476) User=0.02s Sys=0.00s Real=0.02s
[433.777s][info][gc,start       ] GC(477) Pause Young (Allocation Failure)
[433.800s][info][gc,heap        ] GC(477) DefNew: 603392K(629120K)->56551K(629120K) Eden: 559232K(559232K)->0K(559232K) From: 44160K(69888K)->56551K(69888K)
[433.800s][info][gc,heap        ] GC(477) Tenured: 1263400K(1398144K)->1297255K(1398144K)
[433.800s][info][gc,metaspace   ] GC(477) Metaspace: 119052K(122944K)->119052K(122944K) NonClass: 102848K(103488K)->102848K(103488K) Class: 16203K(19456K)->16203K(19456K)
[433.801s][info][gc             ] GC(477) Pause Young (Allocation Failure) 1823M->1322M(1979M) 24.008ms
[433.801s][info][gc,cpu         ] GC(477) User=0.03s Sys=0.00s Real=0.01s
[433.834s][info][gc,start       ] GC(478) Pause Young (Allocation Failure)
[433.857s][info][gc,heap        ] GC(478) DefNew: 615783K(629120K)->69707K(629120K) Eden: 559232K(559232K)->0K(559232K) From: 56551K(69888K)->69707K(69888K)
[433.857s][info][gc,heap        ] GC(478) Tenured: 1297255K(1398144K)->1320013K(1398144K)
[433.857s][info][gc,metaspace   ] GC(478) Metaspace: 119052K(122944K)->119052K(122944K) NonClass: 102848K(103488K)->102848K(103488K) Class: 16203K(19456K)->16203K(19456K)
[433.857s][info][gc             ] GC(478) Pause Young (Allocation Failure) 1868M->1357M(1979M) 23.407ms
[433.857s][info][gc,cpu         ] GC(478) User=0.05s Sys=0.00s Real=0.03s
[433.888s][info][gc,start       ] GC(479) Pause Young (Allocation Failure)
[433.922s][info][gc,heap        ] GC(479) DefNew: 628939K(629120K)->66307K(629120K) Eden: 559232K(559232K)->0K(559232K) From: 69707K(69888K)->66307K(69888K)
[433.922s][info][gc,heap        ] GC(479) Tenured: 1320013K(1398144K)->1368824K(1398144K)
[433.922s][info][gc,metaspace   ] GC(479) Metaspace: 119052K(122944K)->119052K(122944K) NonClass: 102848K(103488K)->102848K(103488K) Class: 16203K(19456K)->16203K(19456K)
[433.922s][info][gc             ] GC(479) Pause Young (Allocation Failure) 1903M->1401M(1979M) 34.140ms
[433.922s][info][gc,cpu         ] GC(479) User=0.03s Sys=0.00s Real=0.03s
[433.957s][info][gc,start       ] GC(480) Pause Young (Allocation Failure)
[433.957s][info][gc             ] GC(480) Pause Young (Allocation Failure) 1947M->1947M(1979M) 0.129ms
[433.957s][info][gc,cpu         ] GC(480) User=0.00s Sys=0.00s Real=0.00s
[433.957s][info][gc,start       ] GC(481) Pause Full (Allocation Failure)
[433.957s][info][gc,phases,start] GC(481) Phase 1: Mark live objects
[434.009s][info][gc,phases      ] GC(481) Phase 1: Mark live objects 52.125ms
[434.009s][info][gc,phases,start] GC(481) Phase 2: Compute new object addresses
[434.149s][info][gc,phases      ] GC(481) Phase 2: Compute new object addresses 139.392ms
[434.149s][info][gc,phases,start] GC(481) Phase 3: Adjust pointers
[434.179s][info][gc,phases      ] GC(481) Phase 3: Adjust pointers 30.393ms
[434.179s][info][gc,phases,start] GC(481) Phase 4: Move objects
[434.206s][info][gc,phases      ] GC(481) Phase 4: Move objects 26.595ms
[434.207s][info][gc,heap        ] GC(481) DefNew: 625539K(629120K)->0K(629120K) Eden: 559232K(559232K)->0K(559232K) From: 66307K(69888K)->0K(69888K)
[434.207s][info][gc,heap        ] GC(481) Tenured: 1368824K(1398144K)->1332275K(1398144K)
[434.207s][info][gc,metaspace   ] GC(481) Metaspace: 119052K(122944K)->119052K(122944K) NonClass: 102848K(103488K)->102848K(103488K) Class: 16203K(19456K)->16203K(19456K)
[434.207s][info][gc             ] GC(481) Pause Full (Allocation Failure) 1947M->1301M(1979M) 249.565ms
[434.207s][info][gc,cpu         ] GC(481) User=0.25s Sys=0.00s Real=0.25s
[434.241s][info][gc,start       ] GC(482) Pause Young (Allocation Failure)
[434.255s][info][gc,heap        ] GC(482) DefNew: 559232K(629120K)->55429K(629120K) Eden: 559232K(559232K)->0K(559232K) From: 0K(69888K)->55429K(69888K)
[434.255s][info][gc,heap        ] GC(482) Tenured: 1332275K(1398144K)->1332275K(1398144K)
[434.255s][info][gc,metaspace   ] GC(482) Metaspace: 119052K(122944K)->119052K(122944K) NonClass: 102848K(103488K)->102848K(103488K) Class: 16203K(19456K)->16203K(19456K)
[434.255s][info][gc             ] GC(482) Pause Young (Allocation Failure) 1847M->1355M(1979M) 14.662ms
[434.255s][info][gc,cpu         ] GC(482) User=0.02s Sys=0.00s Real=0.02s
[434.286s][info][gc,start       ] GC(483) Pause Young (Allocation Failure)
[434.310s][info][gc,heap        ] GC(483) DefNew: 614661K(629120K)->47856K(629120K) Eden: 559232K(559232K)->0K(559232K) From: 55429K(69888K)->47856K(69888K)
[434.310s][info][gc,heap        ] GC(483) Tenured: 1332275K(1398144K)->1366653K(1398144K)
[434.310s][info][gc,metaspace   ] GC(483) Metaspace: 119052K(122944K)->119052K(122944K) NonClass: 102848K(103488K)->102848K(103488K) Class: 16203K(19456K)->16203K(19456K)
[434.310s][info][gc             ] GC(483) Pause Young (Allocation Failure) 1901M->1381M(1979M) 23.726ms
[434.310s][info][gc,cpu         ] GC(483) User=0.02s Sys=0.00s Real=0.02s
[434.344s][info][gc,start       ] GC(484) Pause Young (Allocation Failure)
[434.345s][info][gc             ] GC(484) Pause Young (Allocation Failure) 1927M->1927M(1979M) 0.227ms
[434.345s][info][gc,cpu         ] GC(484) User=0.00s Sys=0.00s Real=0.00s
[434.345s][info][gc,start       ] GC(485) Pause Full (Allocation Failure)
[434.345s][info][gc,phases,start] GC(485) Phase 1: Mark live objects
[434.430s][info][gc,phases      ] GC(485) Phase 1: Mark live objects 85.046ms
[434.430s][info][gc,phases,start] GC(485) Phase 2: Compute new object addresses
[434.571s][info][gc,phases      ] GC(485) Phase 2: Compute new object addresses 141.357ms
[434.571s][info][gc,phases,start] GC(485) Phase 3: Adjust pointers
[434.604s][info][gc,phases      ] GC(485) Phase 3: Adjust pointers 32.849ms
[434.604s][info][gc,phases,start] GC(485) Phase 4: Move objects
[434.848s][info][gc,phases      ] GC(485) Phase 4: Move objects 243.489ms
[434.849s][info][gc,heap        ] GC(485) DefNew: 607088K(629120K)->0K(629120K) Eden: 559232K(559232K)->0K(559232K) From: 47856K(69888K)->0K(69888K)
[434.849s][info][gc,heap        ] GC(485) Tenured: 1366653K(1398144K)->1312251K(1398144K)
[434.849s][info][gc,metaspace   ] GC(485) Metaspace: 119052K(122944K)->119052K(122944K) NonClass: 102848K(103488K)->102848K(103488K) Class: 16203K(19456K)->16203K(19456K)
[434.849s][info][gc             ] GC(485) Pause Full (Allocation Failure) 1927M->1281M(1979M) 504.016ms
[434.849s][info][gc,cpu         ] GC(485) User=0.50s Sys=0.00s Real=0.51s
[434.883s][info][gc,start       ] GC(486) Pause Young (Allocation Failure)
[434.901s][info][gc,heap        ] GC(486) DefNew: 559232K(629120K)->66928K(629120K) Eden: 559232K(559232K)->0K(559232K) From: 0K(69888K)->66928K(69888K)
[434.901s][info][gc,heap        ] GC(486) Tenured: 1312251K(1398144K)->1315376K(1398144K)
[434.901s][info][gc,metaspace   ] GC(486) Metaspace: 119052K(122944K)->119052K(122944K) NonClass: 102848K(103488K)->102848K(103488K) Class: 16203K(19456K)->16203K(19456K)
[434.901s][info][gc             ] GC(486) Pause Young (Allocation Failure) 1827M->1349M(1979M) 17.714ms
[434.901s][info][gc,cpu         ] GC(486) User=0.02s Sys=0.00s Real=0.02s
[434.931s][info][gc,start       ] GC(487) Pause Young (Allocation Failure)
[434.957s][info][gc,heap        ] GC(487) DefNew: 626160K(629120K)->64752K(629120K) Eden: 559232K(559232K)->0K(559232K) From: 66928K(69888K)->64752K(69888K)
[434.957s][info][gc,heap        ] GC(487) Tenured: 1315376K(1398144K)->1359516K(1398144K)
[434.957s][info][gc,metaspace   ] GC(487) Metaspace: 119052K(122944K)->119052K(122944K) NonClass: 102848K(103488K)->102848K(103488K) Class: 16203K(19456K)->16203K(19456K)
[434.957s][info][gc             ] GC(487) Pause Young (Allocation Failure) 1896M->1390M(1979M) 26.509ms
[434.957s][info][gc,cpu         ] GC(487) User=0.02s Sys=0.00s Real=0.02s
[434.992s][info][gc,start       ] GC(488) Pause Young (Allocation Failure)
[434.992s][info][gc             ] GC(488) Pause Young (Allocation Failure) 1937M->1937M(1979M) 0.125ms
[434.992s][info][gc,cpu         ] GC(488) User=0.00s Sys=0.00s Real=0.00s
[434.992s][info][gc,start       ] GC(489) Pause Full (Allocation Failure)
[434.992s][info][gc,phases,start] GC(489) Phase 1: Mark live objects
[435.043s][info][gc,phases      ] GC(489) Phase 1: Mark live objects 51.334ms
[435.044s][info][gc,phases,start] GC(489) Phase 2: Compute new object addresses
[435.184s][info][gc,phases      ] GC(489) Phase 2: Compute new object addresses 140.364ms
[435.184s][info][gc,phases,start] GC(489) Phase 3: Adjust pointers
[435.214s][info][gc,phases      ] GC(489) Phase 3: Adjust pointers 29.906ms
[435.214s][info][gc,phases,start] GC(489) Phase 4: Move objects
[435.235s][info][gc,phases      ] GC(489) Phase 4: Move objects 21.428ms
[435.236s][info][gc,heap        ] GC(489) DefNew: 623984K(629120K)->7202K(629120K) Eden: 559232K(559232K)->7202K(559232K) From: 64752K(69888K)->0K(69888K)
[435.236s][info][gc,heap        ] GC(489) Tenured: 1359516K(1398144K)->1395532K(1398144K)
[435.236s][info][gc,metaspace   ] GC(489) Metaspace: 119052K(122944K)->119052K(122944K) NonClass: 102848K(103488K)->102848K(103488K) Class: 16203K(19456K)->16203K(19456K)
[435.236s][info][gc             ] GC(489) Pause Full (Allocation Failure) 1937M->1369M(1979M) 244.079ms
[435.236s][info][gc,cpu         ] GC(489) User=0.23s Sys=0.00s Real=0.23s
[437.519s][info][gc,start       ] GC(490) Pause Full (Allocation Failure)
[437.519s][info][gc,phases,start] GC(490) Phase 1: Mark live objects
[437.572s][info][gc,phases      ] GC(490) Phase 1: Mark live objects 52.987ms
[437.572s][info][gc,phases,start] GC(490) Phase 2: Compute new object addresses
[437.741s][info][gc,phases      ] GC(490) Phase 2: Compute new object addresses 169.205ms
[437.741s][info][gc,phases,start] GC(490) Phase 3: Adjust pointers
[437.772s][info][gc,phases      ] GC(490) Phase 3: Adjust pointers 30.742ms
[437.772s][info][gc,phases,start] GC(490) Phase 4: Move objects
[437.794s][info][gc,phases      ] GC(490) Phase 4: Move objects 21.812ms
[437.795s][info][gc,heap        ] GC(490) DefNew: 629120K(629120K)->23425K(629120K) Eden: 559232K(559232K)->23425K(559232K) From: 69888K(69888K)->0K(69888K)
[437.795s][info][gc,heap        ] GC(490) Tenured: 1398144K(1398144K)->1396635K(1398144K)
[437.795s][info][gc,metaspace   ] GC(490) Metaspace: 119052K(122944K)->119052K(122944K) NonClass: 102848K(103488K)->102848K(103488K) Class: 16203K(19456K)->16203K(19456K)
[437.795s][info][gc             ] GC(490) Pause Full (Allocation Failure) 1979M->1386M(1979M) 275.872ms
[437.795s][info][gc,cpu         ] GC(490) User=0.27s Sys=0.00s Real=0.27s
[439.798s][info][gc,start       ] GC(491) Pause Full (Allocation Failure)
[439.798s][info][gc,phases,start] GC(491) Phase 1: Mark live objects
[439.850s][info][gc,phases      ] GC(491) Phase 1: Mark live objects 51.968ms
[439.850s][info][gc,phases,start] GC(491) Phase 2: Compute new object addresses
[440.027s][info][gc,phases      ] GC(491) Phase 2: Compute new object addresses 176.894ms
[440.027s][info][gc,phases,start] GC(491) Phase 3: Adjust pointers
[440.067s][info][gc,phases      ] GC(491) Phase 3: Adjust pointers 40.184ms
[440.067s][info][gc,phases,start] GC(491) Phase 4: Move objects
[440.085s][info][gc,phases      ] GC(491) Phase 4: Move objects 17.200ms
[440.085s][info][gc,heap        ] GC(491) DefNew: 629119K(629120K)->36944K(629120K) Eden: 559232K(559232K)->36944K(559232K) From: 69887K(69888K)->0K(69888K)
[440.086s][info][gc,heap        ] GC(491) Tenured: 1398143K(1398144K)->1398013K(1398144K)
[440.086s][info][gc,metaspace   ] GC(491) Metaspace: 119053K(122944K)->119053K(122944K) NonClass: 102849K(103488K)->102849K(103488K) Class: 16203K(19456K)->16203K(19456K)
[440.086s][info][gc             ] GC(491) Pause Full (Allocation Failure) 1979M->1401M(1979M) 287.529ms
[440.086s][info][gc,cpu         ] GC(491) User=0.30s Sys=0.00s Real=0.30s
[442.219s][info][gc,start       ] GC(492) Pause Full (Allocation Failure)
[442.219s][info][gc,phases,start] GC(492) Phase 1: Mark live objects
[442.271s][info][gc,phases      ] GC(492) Phase 1: Mark live objects 51.725ms
[442.271s][info][gc,phases,start] GC(492) Phase 2: Compute new object addresses
[442.429s][info][gc,phases      ] GC(492) Phase 2: Compute new object addresses 158.267ms
[442.447s][info][gc,phases,start] GC(492) Phase 3: Adjust pointers
[442.483s][info][gc,phases      ] GC(492) Phase 3: Adjust pointers 35.964ms
[442.483s][info][gc,phases,start] GC(492) Phase 4: Move objects
[442.557s][info][gc,phases      ] GC(492) Phase 4: Move objects 73.925ms
[442.558s][info][gc,heap        ] GC(492) DefNew: 629119K(629120K)->0K(629120K) Eden: 559232K(559232K)->0K(559232K) From: 69887K(69888K)->0K(69888K)
[442.558s][info][gc,heap        ] GC(492) Tenured: 1398143K(1398144K)->1373611K(1398144K)
[442.558s][info][gc,metaspace   ] GC(492) Metaspace: 119053K(122944K)->119053K(122944K) NonClass: 102849K(103488K)->102849K(103488K) Class: 16203K(19456K)->16203K(19456K)
[442.558s][info][gc             ] GC(492) Pause Full (Allocation Failure) 1979M->1341M(1979M) 338.763ms
[442.558s][info][gc,cpu         ] GC(492) User=0.31s Sys=0.00s Real=0.34s
[442.596s][info][gc,start       ] GC(493) Pause Young (Allocation Failure)
[442.596s][info][gc             ] GC(493) Pause Young (Allocation Failure) 1886M->1886M(1979M) 0.143ms
[442.596s][info][gc,cpu         ] GC(493) User=0.00s Sys=0.00s Real=0.00s
[442.596s][info][gc,start       ] GC(494) Pause Full (Allocation Failure)
[442.596s][info][gc,phases,start] GC(494) Phase 1: Mark live objects
[442.652s][info][gc,phases      ] GC(494) Phase 1: Mark live objects 56.018ms
[442.652s][info][gc,phases,start] GC(494) Phase 2: Compute new object addresses
[442.790s][info][gc,phases      ] GC(494) Phase 2: Compute new object addresses 138.104ms
[442.790s][info][gc,phases,start] GC(494) Phase 3: Adjust pointers
[442.820s][info][gc,phases      ] GC(494) Phase 3: Adjust pointers 30.352ms
[442.820s][info][gc,phases,start] GC(494) Phase 4: Move objects
[442.830s][info][gc,phases      ] GC(494) Phase 4: Move objects 9.643ms
[442.831s][info][gc,heap        ] GC(494) DefNew: 558553K(629120K)->21538K(629120K) Eden: 558553K(559232K)->21538K(559232K) From: 0K(69888K)->0K(69888K)
[442.831s][info][gc,heap        ] GC(494) Tenured: 1373611K(1398144K)->1395248K(1398144K)
[442.831s][info][gc,metaspace   ] GC(494) Metaspace: 119053K(122944K)->119053K(122944K) NonClass: 102849K(103488K)->102849K(103488K) Class: 16203K(19456K)->16203K(19456K)
[442.831s][info][gc             ] GC(494) Pause Full (Allocation Failure) 1886M->1383M(1979M) 235.189ms
[442.831s][info][gc,cpu         ] GC(494) User=0.23s Sys=0.00s Real=0.24s
[444.795s][info][gc,start       ] GC(495) Pause Full (Allocation Failure)
[444.796s][info][gc,phases,start] GC(495) Phase 1: Mark live objects
[444.848s][info][gc,phases      ] GC(495) Phase 1: Mark live objects 52.919ms
[444.848s][info][gc,phases,start] GC(495) Phase 2: Compute new object addresses
[445.017s][info][gc,phases      ] GC(495) Phase 2: Compute new object addresses 168.665ms
[445.017s][info][gc,phases,start] GC(495) Phase 3: Adjust pointers
[445.048s][info][gc,phases      ] GC(495) Phase 3: Adjust pointers 30.407ms
[445.048s][info][gc,phases,start] GC(495) Phase 4: Move objects
[445.057s][info][gc,phases      ] GC(495) Phase 4: Move objects 9.405ms
[445.058s][info][gc,heap        ] GC(495) DefNew: 629119K(629120K)->48010K(629120K) Eden: 559232K(559232K)->48010K(559232K) From: 69887K(69888K)->0K(69888K)
[445.058s][info][gc,heap        ] GC(495) Tenured: 1398143K(1398144K)->1398143K(1398144K)
[445.058s][info][gc,metaspace   ] GC(495) Metaspace: 119054K(122944K)->119054K(122944K) NonClass: 102851K(103488K)->102851K(103488K) Class: 16203K(19456K)->16203K(19456K)
[445.058s][info][gc             ] GC(495) Pause Full (Allocation Failure) 1979M->1412M(1979M) 262.539ms
[445.058s][info][gc,cpu         ] GC(495) User=0.27s Sys=0.00s Real=0.27s
[446.886s][info][gc,start       ] GC(496) Pause Full (Allocation Failure)
[446.886s][info][gc,phases,start] GC(496) Phase 1: Mark live objects
[446.939s][info][gc,phases      ] GC(496) Phase 1: Mark live objects 52.841ms
[446.939s][info][gc,phases,start] GC(496) Phase 2: Compute new object addresses
[447.090s][info][gc,phases      ] GC(496) Phase 2: Compute new object addresses 151.370ms
[447.090s][info][gc,phases,start] GC(496) Phase 3: Adjust pointers
[447.121s][info][gc,phases      ] GC(496) Phase 3: Adjust pointers 30.891ms
[447.121s][info][gc,phases,start] GC(496) Phase 4: Move objects
[447.134s][info][gc,phases      ] GC(496) Phase 4: Move objects 13.096ms
[447.135s][info][gc,heap        ] GC(496) DefNew: 629119K(629120K)->58544K(629120K) Eden: 559232K(559232K)->58544K(559232K) From: 69887K(69888K)->0K(69888K)
[447.135s][info][gc,heap        ] GC(496) Tenured: 1398143K(1398144K)->1398143K(1398144K)
[447.135s][info][gc,metaspace   ] GC(496) Metaspace: 119058K(122944K)->119058K(122944K) NonClass: 102855K(103488K)->102855K(103488K) Class: 16203K(19456K)->16203K(19456K)
[447.135s][info][gc             ] GC(496) Pause Full (Allocation Failure) 1979M->1422M(1979M) 249.312ms
[447.135s][info][gc,cpu         ] GC(496) User=0.25s Sys=0.00s Real=0.26s
[448.999s][info][gc,start       ] GC(497) Pause Full (Allocation Failure)
[448.999s][info][gc,phases,start] GC(497) Phase 1: Mark live objects
[449.061s][info][gc,phases      ] GC(497) Phase 1: Mark live objects 62.363ms
[449.061s][info][gc,phases,start] GC(497) Phase 2: Compute new object addresses
[449.211s][info][gc,phases      ] GC(497) Phase 2: Compute new object addresses 149.820ms
[449.211s][info][gc,phases,start] GC(497) Phase 3: Adjust pointers
[449.242s][info][gc,phases      ] GC(497) Phase 3: Adjust pointers 30.701ms
[449.242s][info][gc,phases,start] GC(497) Phase 4: Move objects
[449.336s][info][gc,phases      ] GC(497) Phase 4: Move objects 94.605ms
[449.337s][info][gc,heap        ] GC(497) DefNew: 629119K(629120K)->3855K(629120K) Eden: 559232K(559232K)->3855K(559232K) From: 69887K(69888K)->0K(69888K)
[449.337s][info][gc,heap        ] GC(497) Tenured: 1398143K(1398144K)->1397439K(1398144K)
[449.337s][info][gc,metaspace   ] GC(497) Metaspace: 119079K(122944K)->119079K(122944K) NonClass: 102876K(103488K)->102876K(103488K) Class: 16203K(19456K)->16203K(19456K)
[449.337s][info][gc             ] GC(497) Pause Full (Allocation Failure) 1979M->1368M(1979M) 338.828ms
[449.337s][info][gc,cpu         ] GC(497) User=0.33s Sys=0.00s Real=0.33s
[451.479s][info][gc,start       ] GC(498) Pause Full (Allocation Failure)
[451.479s][info][gc,phases,start] GC(498) Phase 1: Mark live objects
[451.542s][info][gc,phases      ] GC(498) Phase 1: Mark live objects 62.843ms
[451.542s][info][gc,phases,start] GC(498) Phase 2: Compute new object addresses
[451.710s][info][gc,phases      ] GC(498) Phase 2: Compute new object addresses 168.070ms
[451.710s][info][gc,phases,start] GC(498) Phase 3: Adjust pointers
[451.752s][info][gc,phases      ] GC(498) Phase 3: Adjust pointers 42.236ms
[451.752s][info][gc,phases,start] GC(498) Phase 4: Move objects
[451.754s][info][gc,phases      ] GC(498) Phase 4: Move objects 1.824ms
[451.755s][info][gc,heap        ] GC(498) DefNew: 629119K(629120K)->11411K(629120K) Eden: 559232K(559232K)->11411K(559232K) From: 69887K(69888K)->0K(69888K)
[451.755s][info][gc,heap        ] GC(498) Tenured: 1398144K(1398144K)->1398144K(1398144K)
[451.755s][info][gc,metaspace   ] GC(498) Metaspace: 119079K(122944K)->119079K(122944K) NonClass: 102876K(103488K)->102876K(103488K) Class: 16203K(19456K)->16203K(19456K)
[451.755s][info][gc             ] GC(498) Pause Full (Allocation Failure) 1979M->1376M(1979M) 276.222ms
[451.755s][info][gc,cpu         ] GC(498) User=0.28s Sys=0.00s Real=0.27s
[453.901s][info][gc,start       ] GC(499) Pause Full (Allocation Failure)
[453.901s][info][gc,phases,start] GC(499) Phase 1: Mark live objects
[453.953s][info][gc,phases      ] GC(499) Phase 1: Mark live objects 51.540ms
[453.953s][info][gc,phases,start] GC(499) Phase 2: Compute new object addresses
[454.122s][info][gc,phases      ] GC(499) Phase 2: Compute new object addresses 169.374ms
[454.123s][info][gc,phases,start] GC(499) Phase 3: Adjust pointers
[454.153s][info][gc,phases      ] GC(499) Phase 3: Adjust pointers 30.323ms
[454.153s][info][gc,phases,start] GC(499) Phase 4: Move objects
[454.154s][info][gc,phases      ] GC(499) Phase 4: Move objects 1.218ms
[454.155s][info][gc,heap        ] GC(499) DefNew: 629119K(629120K)->11465K(629120K) Eden: 559232K(559232K)->11465K(559232K) From: 69887K(69888K)->0K(69888K)
[454.155s][info][gc,heap        ] GC(499) Tenured: 1398144K(1398144K)->1398144K(1398144K)
[454.155s][info][gc,metaspace   ] GC(499) Metaspace: 119079K(122944K)->119079K(122944K) NonClass: 102876K(103488K)->102876K(103488K) Class: 16203K(19456K)->16203K(19456K)
[454.155s][info][gc             ] GC(499) Pause Full (Allocation Failure) 1979M->1376M(1979M) 253.549ms
[454.155s][info][gc,cpu         ] GC(499) User=0.27s Sys=0.00s Real=0.26s
[456.526s][info][gc,start       ] GC(500) Pause Full (Allocation Failure)
[456.526s][info][gc,phases,start] GC(500) Phase 1: Mark live objects
[456.578s][info][gc,phases      ] GC(500) Phase 1: Mark live objects 52.151ms
[456.578s][info][gc,phases,start] GC(500) Phase 2: Compute new object addresses
[456.753s][info][gc,phases      ] GC(500) Phase 2: Compute new object addresses 174.299ms
[456.753s][info][gc,phases,start] GC(500) Phase 3: Adjust pointers
[456.783s][info][gc,phases      ] GC(500) Phase 3: Adjust pointers 30.450ms
[456.783s][info][gc,phases,start] GC(500) Phase 4: Move objects
[456.784s][info][gc,phases      ] GC(500) Phase 4: Move objects 0.620ms
[456.784s][info][gc,heap        ] GC(500) DefNew: 629120K(629120K)->11480K(629120K) Eden: 559232K(559232K)->11480K(559232K) From: 69888K(69888K)->0K(69888K)
[456.784s][info][gc,heap        ] GC(500) Tenured: 1398144K(1398144K)->1398144K(1398144K)
[456.784s][info][gc,metaspace   ] GC(500) Metaspace: 119079K(122944K)->119079K(122944K) NonClass: 102876K(103488K)->102876K(103488K) Class: 16203K(19456K)->16203K(19456K)
[456.785s][info][gc             ] GC(500) Pause Full (Allocation Failure) 1979M->1376M(1979M) 258.603ms
[456.785s][info][gc,cpu         ] GC(500) User=0.25s Sys=0.00s Real=0.26s
[459.008s][info][gc,start       ] GC(501) Pause Full (Allocation Failure)
[459.009s][info][gc,phases,start] GC(501) Phase 1: Mark live objects
[459.060s][info][gc,phases      ] GC(501) Phase 1: Mark live objects 51.648ms
[459.060s][info][gc,phases,start] GC(501) Phase 2: Compute new object addresses
[459.232s][info][gc,phases      ] GC(501) Phase 2: Compute new object addresses 171.263ms
[459.232s][info][gc,phases,start] GC(501) Phase 3: Adjust pointers
[459.262s][info][gc,phases      ] GC(501) Phase 3: Adjust pointers 30.600ms
[459.262s][info][gc,phases,start] GC(501) Phase 4: Move objects
[459.345s][info][gc,phases      ] GC(501) Phase 4: Move objects 82.646ms
[459.346s][info][gc,heap        ] GC(501) DefNew: 629120K(629120K)->0K(629120K) Eden: 559232K(559232K)->0K(559232K) From: 69888K(69888K)->0K(69888K)
[459.346s][info][gc,heap        ] GC(501) Tenured: 1398144K(1398144K)->1342085K(1398144K)
[459.346s][info][gc,metaspace   ] GC(501) Metaspace: 119081K(122944K)->119081K(122944K) NonClass: 102878K(103488K)->102878K(103488K) Class: 16203K(19456K)->16203K(19456K)
[459.346s][info][gc             ] GC(501) Pause Full (Allocation Failure) 1979M->1310M(1979M) 337.356ms
[459.346s][info][gc,cpu         ] GC(501) User=0.34s Sys=0.00s Real=0.34s
[459.396s][info][gc,start       ] GC(502) Pause Young (Allocation Failure)
[459.397s][info][gc             ] GC(502) Pause Young (Allocation Failure) 1856M->1856M(1979M) 0.234ms
[459.397s][info][gc,cpu         ] GC(502) User=0.00s Sys=0.00s Real=0.00s
[459.397s][info][gc,start       ] GC(503) Pause Full (Allocation Failure)
[459.397s][info][gc,phases,start] GC(503) Phase 1: Mark live objects
[459.458s][info][gc,phases      ] GC(503) Phase 1: Mark live objects 60.949ms
[459.458s][info][gc,phases,start] GC(503) Phase 2: Compute new object addresses
[459.627s][info][gc,phases      ] GC(503) Phase 2: Compute new object addresses 169.081ms
[459.627s][info][gc,phases,start] GC(503) Phase 3: Adjust pointers
[459.657s][info][gc,phases      ] GC(503) Phase 3: Adjust pointers 30.467ms
[459.657s][info][gc,phases,start] GC(503) Phase 4: Move objects
[459.657s][info][gc,phases      ] GC(503) Phase 4: Move objects 0.026ms
[459.658s][info][gc,heap        ] GC(503) DefNew: 559232K(629120K)->0K(629120K) Eden: 559232K(559232K)->0K(559232K) From: 0K(69888K)->0K(69888K)
[459.658s][info][gc,heap        ] GC(503) Tenured: 1342085K(1398144K)->1342140K(1398144K)
[459.658s][info][gc,metaspace   ] GC(503) Metaspace: 119081K(122944K)->119081K(122944K) NonClass: 102878K(103488K)->102878K(103488K) Class: 16203K(19456K)->16203K(19456K)
[459.658s][info][gc             ] GC(503) Pause Full (Allocation Failure) 1856M->1310M(1979M) 261.568ms
[459.658s][info][gc,cpu         ] GC(503) User=0.27s Sys=0.00s Real=0.26s
[459.705s][info][gc,start       ] GC(504) Pause Young (Allocation Failure)
[459.705s][info][gc             ] GC(504) Pause Young (Allocation Failure) 1856M->1856M(1979M) 0.111ms
[459.705s][info][gc,cpu         ] GC(504) User=0.00s Sys=0.00s Real=0.00s
[459.705s][info][gc,start       ] GC(505) Pause Full (Allocation Failure)
[459.705s][info][gc,phases,start] GC(505) Phase 1: Mark live objects
[459.760s][info][gc,phases      ] GC(505) Phase 1: Mark live objects 54.703ms
[459.760s][info][gc,phases,start] GC(505) Phase 2: Compute new object addresses
[459.925s][info][gc,phases      ] GC(505) Phase 2: Compute new object addresses 165.210ms
[459.925s][info][gc,phases,start] GC(505) Phase 3: Adjust pointers
[459.955s][info][gc,phases      ] GC(505) Phase 3: Adjust pointers 29.991ms
[459.955s][info][gc,phases,start] GC(505) Phase 4: Move objects
[459.955s][info][gc,phases      ] GC(505) Phase 4: Move objects 0.135ms
[459.956s][info][gc,heap        ] GC(505) DefNew: 559232K(629120K)->0K(629120K) Eden: 559232K(559232K)->0K(559232K) From: 0K(69888K)->0K(69888K)
[459.956s][info][gc,heap        ] GC(505) Tenured: 1342140K(1398144K)->1342479K(1398144K)
[459.956s][info][gc,metaspace   ] GC(505) Metaspace: 119081K(122944K)->119081K(122944K) NonClass: 102878K(103488K)->102878K(103488K) Class: 16203K(19456K)->16203K(19456K)
[459.956s][info][gc             ] GC(505) Pause Full (Allocation Failure) 1856M->1311M(1979M) 251.070ms
[459.956s][info][gc,cpu         ] GC(505) User=0.27s Sys=0.00s Real=0.27s
[460.018s][info][gc,start       ] GC(506) Pause Young (Allocation Failure)
[460.018s][info][gc             ] GC(506) Pause Young (Allocation Failure) 1857M->1857M(1979M) 0.169ms
[460.018s][info][gc,cpu         ] GC(506) User=0.00s Sys=0.00s Real=0.00s
[460.018s][info][gc,start       ] GC(507) Pause Full (Allocation Failure)
[460.018s][info][gc,phases,start] GC(507) Phase 1: Mark live objects
[460.075s][info][gc,phases      ] GC(507) Phase 1: Mark live objects 56.862ms
[460.075s][info][gc,phases,start] GC(507) Phase 2: Compute new object addresses
[460.242s][info][gc,phases      ] GC(507) Phase 2: Compute new object addresses 166.669ms
[460.242s][info][gc,phases,start] GC(507) Phase 3: Adjust pointers
[460.273s][info][gc,phases      ] GC(507) Phase 3: Adjust pointers 30.589ms
[460.273s][info][gc,phases,start] GC(507) Phase 4: Move objects
[460.305s][info][gc,phases      ] GC(507) Phase 4: Move objects 31.811ms
[460.305s][info][gc,heap        ] GC(507) DefNew: 559232K(629120K)->0K(629120K) Eden: 559232K(559232K)->0K(559232K) From: 0K(69888K)->0K(69888K)
[460.305s][info][gc,heap        ] GC(507) Tenured: 1342479K(1398144K)->1245020K(1398144K)
[460.305s][info][gc,metaspace   ] GC(507) Metaspace: 119081K(122944K)->119081K(122944K) NonClass: 102878K(103488K)->102878K(103488K) Class: 16203K(19456K)->16203K(19456K)
[460.305s][info][gc             ] GC(507) Pause Full (Allocation Failure) 1857M->1215M(1979M) 287.008ms
[460.305s][info][gc,cpu         ] GC(507) User=0.30s Sys=0.00s Real=0.29s
[460.960s][info][gc,start       ] GC(508) Pause Full (System.gc())
[460.960s][info][gc,phases,start] GC(508) Phase 1: Mark live objects
[461.022s][info][gc,phases      ] GC(508) Phase 1: Mark live objects 62.101ms
[461.022s][info][gc,phases,start] GC(508) Phase 2: Compute new object addresses
[461.102s][info][gc,phases      ] GC(508) Phase 2: Compute new object addresses 80.054ms
[461.102s][info][gc,phases,start] GC(508) Phase 3: Adjust pointers
[461.133s][info][gc,phases      ] GC(508) Phase 3: Adjust pointers 30.726ms
[461.133s][info][gc,phases,start] GC(508) Phase 4: Move objects
[461.281s][info][gc,phases      ] GC(508) Phase 4: Move objects 148.212ms
[461.282s][info][gc,heap        ] GC(508) DefNew: 283480K(629120K)->0K(629120K) Eden: 283480K(559232K)->0K(559232K) From: 0K(69888K)->0K(69888K)
[461.282s][info][gc,heap        ] GC(508) Tenured: 1245020K(1398144K)->971255K(1398144K)
[461.282s][info][gc,metaspace   ] GC(508) Metaspace: 119181K(123072K)->119181K(123072K) NonClass: 102977K(103616K)->102977K(103616K) Class: 16203K(19456K)->16203K(19456K)
[461.282s][info][gc             ] GC(508) Pause Full (System.gc()) 1492M->948M(1979M) 322.328ms
[461.282s][info][gc,cpu         ] GC(508) User=0.31s Sys=0.00s Real=0.31s
[461.423s][info][gc,start       ] GC(509) Pause Young (Allocation Failure)
[461.437s][info][gc,heap        ] GC(509) DefNew: 559232K(629120K)->12528K(629120K) Eden: 559232K(559232K)->0K(559232K) From: 0K(69888K)->12528K(69888K)
[461.437s][info][gc,heap        ] GC(509) Tenured: 971255K(1398144K)->971255K(1398144K)
[461.437s][info][gc,metaspace   ] GC(509) Metaspace: 119379K(123200K)->119379K(123200K) NonClass: 103167K(103744K)->103167K(103744K) Class: 16212K(19456K)->16212K(19456K)
[461.437s][info][gc             ] GC(509) Pause Young (Allocation Failure) 1494M->960M(1979M) 14.337ms
[461.437s][info][gc,cpu         ] GC(509) User=0.03s Sys=0.00s Real=0.01s
[461.475s][info][gc,start       ] GC(510) Pause Young (Allocation Failure)
[461.486s][info][gc,heap        ] GC(510) DefNew: 571760K(629120K)->18926K(629120K) Eden: 559232K(559232K)->0K(559232K) From: 12528K(69888K)->18926K(69888K)
[461.486s][info][gc,heap        ] GC(510) Tenured: 971255K(1398144K)->971255K(1398144K)
[461.486s][info][gc,metaspace   ] GC(510) Metaspace: 119380K(123200K)->119380K(123200K) NonClass: 103167K(103744K)->103167K(103744K) Class: 16212K(19456K)->16212K(19456K)
[461.486s][info][gc             ] GC(510) Pause Young (Allocation Failure) 1506M->966M(1979M) 11.184ms
[461.486s][info][gc,cpu         ] GC(510) User=0.02s Sys=0.00s Real=0.02s
[461.524s][info][gc,start       ] GC(511) Pause Young (Allocation Failure)
[461.537s][info][gc,heap        ] GC(511) DefNew: 578158K(629120K)->26286K(629120K) Eden: 559232K(559232K)->0K(559232K) From: 18926K(69888K)->26286K(69888K)
[461.537s][info][gc,heap        ] GC(511) Tenured: 971255K(1398144K)->971255K(1398144K)
[461.537s][info][gc,metaspace   ] GC(511) Metaspace: 119380K(123200K)->119380K(123200K) NonClass: 103167K(103744K)->103167K(103744K) Class: 16212K(19456K)->16212K(19456K)
[461.537s][info][gc             ] GC(511) Pause Young (Allocation Failure) 1513M->974M(1979M) 12.785ms
[461.537s][info][gc,cpu         ] GC(511) User=0.03s Sys=0.00s Real=0.02s
[461.574s][info][gc,start       ] GC(512) Pause Young (Allocation Failure)
[461.591s][info][gc,heap        ] GC(512) DefNew: 585518K(629120K)->30960K(629120K) Eden: 559232K(559232K)->0K(559232K) From: 26286K(69888K)->30960K(69888K)
[461.591s][info][gc,heap        ] GC(512) Tenured: 971255K(1398144K)->971255K(1398144K)
[461.591s][info][gc,metaspace   ] GC(512) Metaspace: 119380K(123200K)->119380K(123200K) NonClass: 103167K(103744K)->103167K(103744K) Class: 16212K(19456K)->16212K(19456K)
[461.591s][info][gc             ] GC(512) Pause Young (Allocation Failure) 1520M->978M(1979M) 16.769ms
[461.591s][info][gc,cpu         ] GC(512) User=0.03s Sys=0.00s Real=0.02s
[461.630s][info][gc,start       ] GC(513) Pause Young (Allocation Failure)
[461.645s][info][gc,heap        ] GC(513) DefNew: 590192K(629120K)->39585K(629120K) Eden: 559232K(559232K)->0K(559232K) From: 30960K(69888K)->39585K(69888K)
[461.645s][info][gc,heap        ] GC(513) Tenured: 971255K(1398144K)->971255K(1398144K)
[461.645s][info][gc,metaspace   ] GC(513) Metaspace: 119380K(123200K)->119380K(123200K) NonClass: 103167K(103744K)->103167K(103744K) Class: 16212K(19456K)->16212K(19456K)
[461.645s][info][gc             ] GC(513) Pause Young (Allocation Failure) 1524M->987M(1979M) 15.980ms
[461.646s][info][gc,cpu         ] GC(513) User=0.02s Sys=0.00s Real=0.02s
[461.683s][info][gc,start       ] GC(514) Pause Young (Allocation Failure)
[461.702s][info][gc,heap        ] GC(514) DefNew: 598817K(629120K)->39728K(629120K) Eden: 559232K(559232K)->0K(559232K) From: 39585K(69888K)->39728K(69888K)
[461.702s][info][gc,heap        ] GC(514) Tenured: 971255K(1398144K)->980454K(1398144K)
[461.702s][info][gc,metaspace   ] GC(514) Metaspace: 119380K(123200K)->119380K(123200K) NonClass: 103167K(103744K)->103167K(103744K) Class: 16212K(19456K)->16212K(19456K)
[461.702s][info][gc             ] GC(514) Pause Young (Allocation Failure) 1533M->996M(1979M) 18.858ms
[461.702s][info][gc,cpu         ] GC(514) User=0.02s Sys=0.00s Real=0.02s
[461.741s][info][gc,start       ] GC(515) Pause Young (Allocation Failure)
[461.754s][info][gc,heap        ] GC(515) DefNew: 598960K(629120K)->47182K(629120K) Eden: 559232K(559232K)->0K(559232K) From: 39728K(69888K)->47182K(69888K)
[461.765s][info][gc,heap        ] GC(515) Tenured: 980454K(1398144K)->980866K(1398144K)
[461.766s][info][gc,metaspace   ] GC(515) Metaspace: 119380K(123200K)->119380K(123200K) NonClass: 103167K(103744K)->103167K(103744K) Class: 16212K(19456K)->16212K(19456K)
[461.766s][info][gc             ] GC(515) Pause Young (Allocation Failure) 1542M->1003M(1979M) 24.830ms
[461.766s][info][gc,cpu         ] GC(515) User=0.03s Sys=0.00s Real=0.03s
[461.804s][info][gc,start       ] GC(516) Pause Young (Allocation Failure)
[461.817s][info][gc,heap        ] GC(516) DefNew: 606414K(629120K)->19050K(629120K) Eden: 559232K(559232K)->0K(559232K) From: 47182K(69888K)->19050K(69888K)
[461.817s][info][gc,heap        ] GC(516) Tenured: 980866K(1398144K)->1008999K(1398144K)
[461.817s][info][gc,metaspace   ] GC(516) Metaspace: 119380K(123200K)->119380K(123200K) NonClass: 103167K(103744K)->103167K(103744K) Class: 16212K(19456K)->16212K(19456K)
[461.817s][info][gc             ] GC(516) Pause Young (Allocation Failure) 1550M->1003M(1979M) 13.284ms
[461.817s][info][gc,cpu         ] GC(516) User=0.02s Sys=0.00s Real=0.02s
[461.855s][info][gc,start       ] GC(517) Pause Young (Allocation Failure)
[461.862s][info][gc,heap        ] GC(517) DefNew: 578282K(629120K)->19080K(629120K) Eden: 559232K(559232K)->0K(559232K) From: 19050K(69888K)->19080K(69888K)
[461.862s][info][gc,heap        ] GC(517) Tenured: 1008999K(1398144K)->1008999K(1398144K)
[461.862s][info][gc,metaspace   ] GC(517) Metaspace: 119380K(123200K)->119380K(123200K) NonClass: 103167K(103744K)->103167K(103744K) Class: 16212K(19456K)->16212K(19456K)
[461.862s][info][gc             ] GC(517) Pause Young (Allocation Failure) 1550M->1003M(1979M) 7.179ms
[461.862s][info][gc,cpu         ] GC(517) User=0.02s Sys=0.00s Real=0.02s
[461.900s][info][gc,start       ] GC(518) Pause Young (Allocation Failure)
[461.912s][info][gc,heap        ] GC(518) DefNew: 578312K(629120K)->44008K(629120K) Eden: 559232K(559232K)->0K(559232K) From: 19080K(69888K)->44008K(69888K)
[461.912s][info][gc,heap        ] GC(518) Tenured: 1008999K(1398144K)->1008999K(1398144K)
[461.912s][info][gc,metaspace   ] GC(518) Metaspace: 119380K(123200K)->119380K(123200K) NonClass: 103167K(103744K)->103167K(103744K) Class: 16212K(19456K)->16212K(19456K)
[461.913s][info][gc             ] GC(518) Pause Young (Allocation Failure) 1550M->1028M(1979M) 12.634ms
[461.913s][info][gc,cpu         ] GC(518) User=0.02s Sys=0.00s Real=0.02s
[461.952s][info][gc,start       ] GC(519) Pause Young (Allocation Failure)
[461.973s][info][gc,heap        ] GC(519) DefNew: 603240K(629120K)->62721K(629120K) Eden: 559232K(559232K)->0K(559232K) From: 44008K(69888K)->62721K(69888K)
[461.973s][info][gc,heap        ] GC(519) Tenured: 1008999K(1398144K)->1027750K(1398144K)
[461.973s][info][gc,metaspace   ] GC(519) Metaspace: 119380K(123200K)->119380K(123200K) NonClass: 103167K(103744K)->103167K(103744K) Class: 16212K(19456K)->16212K(19456K)
[461.973s][info][gc             ] GC(519) Pause Young (Allocation Failure) 1574M->1064M(1979M) 21.156ms
[461.973s][info][gc,cpu         ] GC(519) User=0.02s Sys=0.00s Real=0.02s
[462.012s][info][gc,start       ] GC(520) Pause Young (Allocation Failure)
[462.034s][info][gc,heap        ] GC(520) DefNew: 621953K(629120K)->25253K(629120K) Eden: 559232K(559232K)->0K(559232K) From: 62721K(69888K)->25253K(69888K)
[462.034s][info][gc,heap        ] GC(520) Tenured: 1027750K(1398144K)->1090262K(1398144K)
[462.034s][info][gc,metaspace   ] GC(520) Metaspace: 119380K(123200K)->119380K(123200K) NonClass: 103167K(103744K)->103167K(103744K) Class: 16212K(19456K)->16212K(19456K)
[462.034s][info][gc             ] GC(520) Pause Young (Allocation Failure) 1611M->1089M(1979M) 22.556ms
[462.034s][info][gc,cpu         ] GC(520) User=0.02s Sys=0.00s Real=0.01s
[462.073s][info][gc,start       ] GC(521) Pause Young (Allocation Failure)
[462.087s][info][gc,heap        ] GC(521) DefNew: 584485K(629120K)->47933K(629120K) Eden: 559232K(559232K)->0K(559232K) From: 25253K(69888K)->47933K(69888K)
[462.087s][info][gc,heap        ] GC(521) Tenured: 1090262K(1398144K)->1090262K(1398144K)
[462.087s][info][gc,metaspace   ] GC(521) Metaspace: 119380K(123200K)->119380K(123200K) NonClass: 103167K(103744K)->103167K(103744K) Class: 16212K(19456K)->16212K(19456K)
[462.087s][info][gc             ] GC(521) Pause Young (Allocation Failure) 1635M->1111M(1979M) 13.812ms
[462.087s][info][gc,cpu         ] GC(521) User=0.02s Sys=0.00s Real=0.02s
[462.128s][info][gc,start       ] GC(522) Pause Young (Allocation Failure)
[462.153s][info][gc,heap        ] GC(522) DefNew: 607165K(629120K)->69576K(629120K) Eden: 559232K(559232K)->0K(559232K) From: 47933K(69888K)->69576K(69888K)
[462.153s][info][gc,heap        ] GC(522) Tenured: 1090262K(1398144K)->1123419K(1398144K)
[462.153s][info][gc,metaspace   ] GC(522) Metaspace: 119380K(123200K)->119380K(123200K) NonClass: 103167K(103744K)->103167K(103744K) Class: 16212K(19456K)->16212K(19456K)
[462.153s][info][gc             ] GC(522) Pause Young (Allocation Failure) 1657M->1165M(1979M) 25.815ms
[462.153s][info][gc,cpu         ] GC(522) User=0.03s Sys=0.00s Real=0.03s
[462.194s][info][gc,start       ] GC(523) Pause Young (Allocation Failure)
[462.222s][info][gc,heap        ] GC(523) DefNew: 628808K(629120K)->38404K(629120K) Eden: 559232K(559232K)->0K(559232K) From: 69576K(69888K)->38404K(69888K)
[462.222s][info][gc,heap        ] GC(523) Tenured: 1123419K(1398144K)->1191596K(1398144K)
[462.222s][info][gc,metaspace   ] GC(523) Metaspace: 119380K(123200K)->119380K(123200K) NonClass: 103167K(103744K)->103167K(103744K) Class: 16212K(19456K)->16212K(19456K)
[462.222s][info][gc             ] GC(523) Pause Young (Allocation Failure) 1711M->1201M(1979M) 27.937ms
[462.222s][info][gc,cpu         ] GC(523) User=0.02s Sys=0.00s Real=0.02s
[462.261s][info][gc,start       ] GC(524) Pause Young (Allocation Failure)
[462.279s][info][gc,heap        ] GC(524) DefNew: 597636K(629120K)->33654K(629120K) Eden: 559232K(559232K)->0K(559232K) From: 38404K(69888K)->33654K(69888K)
[462.279s][info][gc,heap        ] GC(524) Tenured: 1191596K(1398144K)->1225646K(1398144K)
[462.279s][info][gc,metaspace   ] GC(524) Metaspace: 119380K(123200K)->119380K(123200K) NonClass: 103167K(103744K)->103167K(103744K) Class: 16212K(19456K)->16212K(19456K)
[462.279s][info][gc             ] GC(524) Pause Young (Allocation Failure) 1747M->1229M(1979M) 18.181ms
[462.279s][info][gc,cpu         ] GC(524) User=0.03s Sys=0.00s Real=0.03s
[462.317s][info][gc,start       ] GC(525) Pause Young (Allocation Failure)
[462.329s][info][gc,heap        ] GC(525) DefNew: 592886K(629120K)->38992K(629120K) Eden: 559232K(559232K)->0K(559232K) From: 33654K(69888K)->38992K(69888K)
[462.329s][info][gc,heap        ] GC(525) Tenured: 1225646K(1398144K)->1225646K(1398144K)
[462.329s][info][gc,metaspace   ] GC(525) Metaspace: 119380K(123200K)->119380K(123200K) NonClass: 103167K(103744K)->103167K(103744K) Class: 16212K(19456K)->16212K(19456K)
[462.329s][info][gc             ] GC(525) Pause Young (Allocation Failure) 1775M->1234M(1979M) 11.527ms
[462.329s][info][gc,cpu         ] GC(525) User=0.02s Sys=0.00s Real=0.02s
[462.367s][info][gc,start       ] GC(526) Pause Young (Allocation Failure)
[462.380s][info][gc,heap        ] GC(526) DefNew: 598224K(629120K)->22218K(629120K) Eden: 559232K(559232K)->0K(559232K) From: 38992K(69888K)->22218K(69888K)
[462.380s][info][gc,heap        ] GC(526) Tenured: 1225646K(1398144K)->1251044K(1398144K)
[462.380s][info][gc,metaspace   ] GC(526) Metaspace: 119380K(123200K)->119380K(123200K) NonClass: 103167K(103744K)->103167K(103744K) Class: 16212K(19456K)->16212K(19456K)
[462.380s][info][gc             ] GC(526) Pause Young (Allocation Failure) 1781M->1243M(1979M) 13.474ms
[462.380s][info][gc,cpu         ] GC(526) User=0.02s Sys=0.00s Real=0.01s
[462.419s][info][gc,start       ] GC(527) Pause Young (Allocation Failure)
[462.430s][info][gc,heap        ] GC(527) DefNew: 581450K(629120K)->37093K(629120K) Eden: 559232K(559232K)->0K(559232K) From: 22218K(69888K)->37093K(69888K)
[462.430s][info][gc,heap        ] GC(527) Tenured: 1251044K(1398144K)->1251044K(1398144K)
[462.430s][info][gc,metaspace   ] GC(527) Metaspace: 119380K(123200K)->119380K(123200K) NonClass: 103167K(103744K)->103167K(103744K) Class: 16212K(19456K)->16212K(19456K)
[462.430s][info][gc             ] GC(527) Pause Young (Allocation Failure) 1789M->1257M(1979M) 11.152ms
[462.430s][info][gc,cpu         ] GC(527) User=0.00s Sys=0.00s Real=0.00s
[462.468s][info][gc,start       ] GC(528) Pause Young (Allocation Failure)
[462.481s][info][gc,heap        ] GC(528) DefNew: 596325K(629120K)->45533K(629120K) Eden: 559232K(559232K)->0K(559232K) From: 37093K(69888K)->45533K(69888K)
[462.481s][info][gc,heap        ] GC(528) Tenured: 1251044K(1398144K)->1251128K(1398144K)
[462.481s][info][gc,metaspace   ] GC(528) Metaspace: 119380K(123200K)->119380K(123200K) NonClass: 103167K(103744K)->103167K(103744K) Class: 16212K(19456K)->16212K(19456K)
[462.481s][info][gc             ] GC(528) Pause Young (Allocation Failure) 1804M->1266M(1979M) 13.224ms
[462.481s][info][gc,cpu         ] GC(528) User=0.02s Sys=0.00s Real=0.02s
[462.519s][info][gc,start       ] GC(529) Pause Young (Allocation Failure)
[462.532s][info][gc,heap        ] GC(529) DefNew: 604765K(629120K)->39362K(629120K) Eden: 559232K(559232K)->0K(559232K) From: 45533K(69888K)->39362K(69888K)
[462.532s][info][gc,heap        ] GC(529) Tenured: 1251128K(1398144K)->1258946K(1398144K)
[462.532s][info][gc,metaspace   ] GC(529) Metaspace: 119380K(123200K)->119380K(123200K) NonClass: 103167K(103744K)->103167K(103744K) Class: 16212K(19456K)->16212K(19456K)
[462.532s][info][gc             ] GC(529) Pause Young (Allocation Failure) 1812M->1267M(1979M) 13.244ms
[462.532s][info][gc,cpu         ] GC(529) User=0.02s Sys=0.00s Real=0.02s
[462.570s][info][gc,start       ] GC(530) Pause Young (Allocation Failure)
[462.582s][info][gc,heap        ] GC(530) DefNew: 598594K(629120K)->26817K(629120K) Eden: 559232K(559232K)->0K(559232K) From: 39362K(69888K)->26817K(69888K)
[462.582s][info][gc,heap        ] GC(530) Tenured: 1258946K(1398144K)->1274573K(1398144K)
[462.582s][info][gc,metaspace   ] GC(530) Metaspace: 119380K(123200K)->119380K(123200K) NonClass: 103167K(103744K)->103167K(103744K) Class: 16212K(19456K)->16212K(19456K)
[462.583s][info][gc             ] GC(530) Pause Young (Allocation Failure) 1814M->1270M(1979M) 12.449ms
[462.583s][info][gc,cpu         ] GC(530) User=0.00s Sys=0.00s Real=0.00s
[462.621s][info][gc,start       ] GC(531) Pause Young (Allocation Failure)
[462.634s][info][gc,heap        ] GC(531) DefNew: 586049K(629120K)->45592K(629120K) Eden: 559232K(559232K)->0K(559232K) From: 26817K(69888K)->45592K(69888K)
[462.634s][info][gc,heap        ] GC(531) Tenured: 1274573K(1398144K)->1274573K(1398144K)
[462.634s][info][gc,metaspace   ] GC(531) Metaspace: 119380K(123200K)->119380K(123200K) NonClass: 103167K(103744K)->103167K(103744K) Class: 16212K(19456K)->16212K(19456K)
[462.634s][info][gc             ] GC(531) Pause Young (Allocation Failure) 1817M->1289M(1979M) 13.329ms
[462.634s][info][gc,cpu         ] GC(531) User=0.02s Sys=0.00s Real=0.02s
[462.673s][info][gc,start       ] GC(532) Pause Young (Allocation Failure)
[462.693s][info][gc,heap        ] GC(532) DefNew: 604824K(629120K)->59782K(629120K) Eden: 559232K(559232K)->0K(559232K) From: 45592K(69888K)->59782K(69888K)
[462.693s][info][gc,heap        ] GC(532) Tenured: 1274573K(1398144K)->1291761K(1398144K)
[462.693s][info][gc,metaspace   ] GC(532) Metaspace: 119380K(123200K)->119380K(123200K) NonClass: 103167K(103744K)->103167K(103744K) Class: 16212K(19456K)->16212K(19456K)
[462.693s][info][gc             ] GC(532) Pause Young (Allocation Failure) 1835M->1319M(1979M) 20.216ms
[462.693s][info][gc,cpu         ] GC(532) User=0.03s Sys=0.00s Real=0.03s
[462.732s][info][gc,start       ] GC(533) Pause Young (Allocation Failure)
[462.752s][info][gc,heap        ] GC(533) DefNew: 619014K(629120K)->50412K(629120K) Eden: 559232K(559232K)->0K(559232K) From: 59782K(69888K)->50412K(69888K)
[462.753s][info][gc,heap        ] GC(533) Tenured: 1291761K(1398144K)->1319895K(1398144K)
[462.753s][info][gc,metaspace   ] GC(533) Metaspace: 119380K(123200K)->119380K(123200K) NonClass: 103167K(103744K)->103167K(103744K) Class: 16212K(19456K)->16212K(19456K)
[462.753s][info][gc             ] GC(533) Pause Young (Allocation Failure) 1865M->1338M(1979M) 20.177ms
[462.753s][info][gc,cpu         ] GC(533) User=0.02s Sys=0.00s Real=0.02s
[462.792s][info][gc,start       ] GC(534) Pause Young (Allocation Failure)
[462.811s][info][gc,heap        ] GC(534) DefNew: 609644K(629120K)->41871K(629120K) Eden: 559232K(559232K)->0K(559232K) From: 50412K(69888K)->41871K(69888K)
[462.811s][info][gc,heap        ] GC(534) Tenured: 1319895K(1398144K)->1351235K(1398144K)
[462.811s][info][gc,metaspace   ] GC(534) Metaspace: 119380K(123200K)->119380K(123200K) NonClass: 103167K(103744K)->103167K(103744K) Class: 16212K(19456K)->16212K(19456K)
[462.811s][info][gc             ] GC(534) Pause Young (Allocation Failure) 1884M->1360M(1979M) 19.485ms
[462.811s][info][gc,cpu         ] GC(534) User=0.02s Sys=0.00s Real=0.01s
[462.852s][info][gc,start       ] GC(535) Pause Young (Allocation Failure)
[462.852s][info][gc             ] GC(535) Pause Young (Allocation Failure) 1906M->1906M(1979M) 0.134ms
[462.852s][info][gc,cpu         ] GC(535) User=0.00s Sys=0.00s Real=0.00s
[462.852s][info][gc,start       ] GC(536) Pause Full (Allocation Failure)
[462.852s][info][gc,phases,start] GC(536) Phase 1: Mark live objects
[462.918s][info][gc,phases      ] GC(536) Phase 1: Mark live objects 66.406ms
[462.918s][info][gc,phases,start] GC(536) Phase 2: Compute new object addresses
[463.063s][info][gc,phases      ] GC(536) Phase 2: Compute new object addresses 144.138ms
[463.063s][info][gc,phases,start] GC(536) Phase 3: Adjust pointers
[463.095s][info][gc,phases      ] GC(536) Phase 3: Adjust pointers 32.534ms
[463.095s][info][gc,phases,start] GC(536) Phase 4: Move objects
[463.135s][info][gc,phases      ] GC(536) Phase 4: Move objects 40.342ms
[463.136s][info][gc,heap        ] GC(536) DefNew: 601103K(629120K)->0K(629120K) Eden: 559232K(559232K)->0K(559232K) From: 41871K(69888K)->0K(69888K)
[463.136s][info][gc,heap        ] GC(536) Tenured: 1351235K(1398144K)->1203931K(1398144K)
[463.136s][info][gc,metaspace   ] GC(536) Metaspace: 119380K(123200K)->119380K(123200K) NonClass: 103167K(103744K)->103167K(103744K) Class: 16212K(19456K)->16212K(19456K)
[463.136s][info][gc             ] GC(536) Pause Full (Allocation Failure) 1906M->1175M(1979M) 284.510ms
[463.136s][info][gc,cpu         ] GC(536) User=0.28s Sys=0.00s Real=0.28s
[463.176s][info][gc,start       ] GC(537) Pause Young (Allocation Failure)
[463.185s][info][gc,heap        ] GC(537) DefNew: 559232K(629120K)->29017K(629120K) Eden: 559232K(559232K)->0K(559232K) From: 0K(69888K)->29017K(69888K)
[463.185s][info][gc,heap        ] GC(537) Tenured: 1203931K(1398144K)->1203931K(1398144K)
[463.185s][info][gc,metaspace   ] GC(537) Metaspace: 119380K(123200K)->119380K(123200K) NonClass: 103167K(103744K)->103167K(103744K) Class: 16212K(19456K)->16212K(19456K)
[463.185s][info][gc             ] GC(537) Pause Young (Allocation Failure) 1721M->1204M(1979M) 9.610ms
[463.185s][info][gc,cpu         ] GC(537) User=0.02s Sys=0.00s Real=0.02s
[463.225s][info][gc,start       ] GC(538) Pause Young (Allocation Failure)
[463.242s][info][gc,heap        ] GC(538) DefNew: 588249K(629120K)->59602K(629120K) Eden: 559232K(559232K)->0K(559232K) From: 29017K(69888K)->59602K(69888K)
[463.242s][info][gc,heap        ] GC(538) Tenured: 1203931K(1398144K)->1203931K(1398144K)
[463.242s][info][gc,metaspace   ] GC(538) Metaspace: 119380K(123200K)->119380K(123200K) NonClass: 103168K(103744K)->103168K(103744K) Class: 16212K(19456K)->16212K(19456K)
[463.242s][info][gc             ] GC(538) Pause Young (Allocation Failure) 1750M->1233M(1979M) 17.116ms
[463.242s][info][gc,cpu         ] GC(538) User=0.02s Sys=0.00s Real=0.02s
[463.283s][info][gc,start       ] GC(539) Pause Young (Allocation Failure)
[463.304s][info][gc,heap        ] GC(539) DefNew: 618834K(629120K)->57072K(629120K) Eden: 559232K(559232K)->0K(559232K) From: 59602K(69888K)->57072K(69888K)
[463.304s][info][gc,heap        ] GC(539) Tenured: 1203931K(1398144K)->1229164K(1398144K)
[463.304s][info][gc,metaspace   ] GC(539) Metaspace: 119385K(123200K)->119385K(123200K) NonClass: 103172K(103744K)->103172K(103744K) Class: 16212K(19456K)->16212K(19456K)
[463.304s][info][gc             ] GC(539) Pause Young (Allocation Failure) 1780M->1256M(1979M) 20.986ms
[463.304s][info][gc,cpu         ] GC(539) User=0.02s Sys=0.00s Real=0.02s
[463.340s][info][gc,start       ] GC(540) Pause Young (Allocation Failure)
[463.362s][info][gc,heap        ] GC(540) DefNew: 616304K(629120K)->53333K(629120K) Eden: 559232K(559232K)->0K(559232K) From: 57072K(69888K)->53333K(69888K)
[463.362s][info][gc,heap        ] GC(540) Tenured: 1229164K(1398144K)->1254146K(1398144K)
[463.362s][info][gc,metaspace   ] GC(540) Metaspace: 119389K(123200K)->119389K(123200K) NonClass: 103177K(103744K)->103177K(103744K) Class: 16212K(19456K)->16212K(19456K)
[463.362s][info][gc             ] GC(540) Pause Young (Allocation Failure) 1802M->1276M(1979M) 22.248ms
[463.363s][info][gc,cpu         ] GC(540) User=0.02s Sys=0.00s Real=0.02s
[463.404s][info][gc,start       ] GC(541) Pause Young (Allocation Failure)
[463.425s][info][gc,heap        ] GC(541) DefNew: 609176K(629120K)->23127K(629120K) Eden: 555843K(559232K)->0K(559232K) From: 53333K(69888K)->23127K(69888K)
[463.425s][info][gc,heap        ] GC(541) Tenured: 1254146K(1398144K)->1299499K(1398144K)
[463.425s][info][gc,metaspace   ] GC(541) Metaspace: 119389K(123200K)->119389K(123200K) NonClass: 103177K(103744K)->103177K(103744K) Class: 16212K(19456K)->16212K(19456K)
[463.425s][info][gc             ] GC(541) Pause Young (Allocation Failure) 1819M->1291M(1979M) 21.428ms
[463.425s][info][gc,cpu         ] GC(541) User=0.03s Sys=0.00s Real=0.03s
[463.466s][info][gc,start       ] GC(542) Pause Young (Allocation Failure)
[463.492s][info][gc,heap        ] GC(542) DefNew: 582359K(629120K)->68469K(629120K) Eden: 559232K(559232K)->0K(559232K) From: 23127K(69888K)->68469K(69888K)
[463.492s][info][gc,heap        ] GC(542) Tenured: 1299499K(1398144K)->1324499K(1398144K)
[463.492s][info][gc,metaspace   ] GC(542) Metaspace: 119389K(123200K)->119389K(123200K) NonClass: 103177K(103744K)->103177K(103744K) Class: 16212K(19456K)->16212K(19456K)
[463.492s][info][gc             ] GC(542) Pause Young (Allocation Failure) 1837M->1360M(1979M) 26.335ms
[463.492s][info][gc,cpu         ] GC(542) User=0.03s Sys=0.00s Real=0.03s
[463.532s][info][gc,start       ] GC(543) Pause Young (Allocation Failure)
[463.564s][info][gc,heap        ] GC(543) DefNew: 627701K(629120K)->69670K(629120K) Eden: 559232K(559232K)->0K(559232K) From: 68469K(69888K)->69670K(69888K)
[463.564s][info][gc,heap        ] GC(543) Tenured: 1324499K(1398144K)->1370652K(1398144K)
[463.564s][info][gc,metaspace   ] GC(543) Metaspace: 119389K(123200K)->119389K(123200K) NonClass: 103177K(103744K)->103177K(103744K) Class: 16212K(19456K)->16212K(19456K)
[463.564s][info][gc             ] GC(543) Pause Young (Allocation Failure) 1906M->1406M(1979M) 31.351ms
[463.564s][info][gc,cpu         ] GC(543) User=0.03s Sys=0.00s Real=0.03s
[463.601s][info][gc,start       ] GC(544) Pause Young (Allocation Failure)
[463.601s][info][gc,heap        ] GC(544) DefNew: 628902K(629120K)->628902K(629120K) Eden: 559232K(559232K)->559232K(559232K) From: 69670K(69888K)->69670K(69888K)
[463.601s][info][gc,heap        ] GC(544) Tenured: 1370652K(1398144K)->1370652K(1398144K)
[463.601s][info][gc,metaspace   ] GC(544) Metaspace: 119425K(123264K)->119425K(123264K) NonClass: 103211K(103808K)->103211K(103808K) Class: 16213K(19456K)->16213K(19456K)
[463.601s][info][gc             ] GC(544) Pause Young (Allocation Failure) 1952M->1952M(1979M) 0.163ms
[463.601s][info][gc,cpu         ] GC(544) User=0.00s Sys=0.00s Real=0.00s
[463.601s][info][gc,start       ] GC(545) Pause Full (Allocation Failure)
[463.602s][info][gc,phases,start] GC(545) Phase 1: Mark live objects
[463.671s][info][gc,phases      ] GC(545) Phase 1: Mark live objects 69.122ms
[463.671s][info][gc,phases,start] GC(545) Phase 2: Compute new object addresses
[463.824s][info][gc,phases      ] GC(545) Phase 2: Compute new object addresses 153.621ms
[463.824s][info][gc,phases,start] GC(545) Phase 3: Adjust pointers
[463.856s][info][gc,phases      ] GC(545) Phase 3: Adjust pointers 31.422ms
[463.856s][info][gc,phases,start] GC(545) Phase 4: Move objects
[464.070s][info][gc,phases      ] GC(545) Phase 4: Move objects 214.398ms
[464.072s][info][gc,heap        ] GC(545) DefNew: 628902K(629120K)->0K(629120K) Eden: 559232K(559232K)->0K(559232K) From: 69670K(69888K)->0K(69888K)
[464.072s][info][gc,heap        ] GC(545) Tenured: 1370652K(1398144K)->1181960K(1398144K)
[464.072s][info][gc,metaspace   ] GC(545) Metaspace: 119425K(123264K)->118664K(123264K) NonClass: 103211K(103808K)->102574K(103808K) Class: 16213K(19456K)->16090K(19456K)
[464.072s][info][gc             ] GC(545) Pause Full (Allocation Failure) 1952M->1154M(1979M) 470.927ms
[464.072s][info][gc,cpu         ] GC(545) User=0.47s Sys=0.00s Real=0.47s
[464.113s][info][gc,start       ] GC(546) Pause Young (Allocation Failure)
[464.123s][info][gc,heap        ] GC(546) DefNew: 559232K(629120K)->33143K(629120K) Eden: 559232K(559232K)->0K(559232K) From: 0K(69888K)->33143K(69888K)
[464.123s][info][gc,heap        ] GC(546) Tenured: 1181960K(1398144K)->1181960K(1398144K)
[464.123s][info][gc,metaspace   ] GC(546) Metaspace: 118760K(123264K)->118760K(123264K) NonClass: 102653K(103808K)->102653K(103808K) Class: 16106K(19456K)->16106K(19456K)
[464.124s][info][gc             ] GC(546) Pause Young (Allocation Failure) 1700M->1186M(1979M) 10.611ms
[464.124s][info][gc,cpu         ] GC(546) User=0.02s Sys=0.00s Real=0.02s
[464.154s][info][gc,start       ] GC(547) Pause Young (Allocation Failure)
[464.172s][info][gc,heap        ] GC(547) DefNew: 592375K(629120K)->66982K(629120K) Eden: 559232K(559232K)->0K(559232K) From: 33143K(69888K)->66982K(69888K)
[464.172s][info][gc,heap        ] GC(547) Tenured: 1181960K(1398144K)->1181960K(1398144K)
[464.172s][info][gc,metaspace   ] GC(547) Metaspace: 118760K(123264K)->118760K(123264K) NonClass: 102654K(103808K)->102654K(103808K) Class: 16106K(19456K)->16106K(19456K)
[464.172s][info][gc             ] GC(547) Pause Young (Allocation Failure) 1732M->1219M(1979M) 18.452ms
[464.172s][info][gc,cpu         ] GC(547) User=0.02s Sys=0.00s Real=0.02s
[464.203s][info][gc,start       ] GC(548) Pause Young (Allocation Failure)
[464.227s][info][gc,heap        ] GC(548) DefNew: 626214K(629120K)->62787K(629120K) Eden: 559232K(559232K)->0K(559232K) From: 66982K(69888K)->62787K(69888K)
[464.227s][info][gc,heap        ] GC(548) Tenured: 1181960K(1398144K)->1211298K(1398144K)
[464.227s][info][gc,metaspace   ] GC(548) Metaspace: 118760K(123264K)->118760K(123264K) NonClass: 102654K(103808K)->102654K(103808K) Class: 16106K(19456K)->16106K(19456K)
[464.227s][info][gc             ] GC(548) Pause Young (Allocation Failure) 1765M->1244M(1979M) 23.346ms
[464.227s][info][gc,cpu         ] GC(548) User=0.02s Sys=0.00s Real=0.02s
[464.261s][info][gc,start       ] GC(549) Pause Young (Allocation Failure)
[464.290s][info][gc,heap        ] GC(549) DefNew: 622019K(629120K)->69831K(629120K) Eden: 559232K(559232K)->0K(559232K) From: 62787K(69888K)->69831K(69888K)
[464.290s][info][gc,heap        ] GC(549) Tenured: 1211298K(1398144K)->1263517K(1398144K)
[464.290s][info][gc,metaspace   ] GC(549) Metaspace: 118760K(123264K)->118760K(123264K) NonClass: 102654K(103808K)->102654K(103808K) Class: 16106K(19456K)->16106K(19456K)
[464.290s][info][gc             ] GC(549) Pause Young (Allocation Failure) 1790M->1302M(1979M) 29.178ms
[464.290s][info][gc,cpu         ] GC(549) User=0.05s Sys=0.02s Real=0.03s
[464.323s][info][gc,start       ] GC(550) Pause Young (Allocation Failure)
[464.351s][info][gc,heap        ] GC(550) DefNew: 629063K(629120K)->55818K(629120K) Eden: 559232K(559232K)->0K(559232K) From: 69831K(69888K)->55818K(69888K)
[464.351s][info][gc,heap        ] GC(550) Tenured: 1263517K(1398144K)->1319954K(1398144K)
[464.351s][info][gc,metaspace   ] GC(550) Metaspace: 118760K(123264K)->118760K(123264K) NonClass: 102654K(103808K)->102654K(103808K) Class: 16106K(19456K)->16106K(19456K)
[464.351s][info][gc             ] GC(550) Pause Young (Allocation Failure) 1848M->1343M(1979M) 27.367ms
[464.351s][info][gc,cpu         ] GC(550) User=0.03s Sys=0.00s Real=0.03s
[464.384s][info][gc,start       ] GC(551) Pause Young (Allocation Failure)
[464.384s][info][gc             ] GC(551) Pause Young (Allocation Failure) 1889M->1889M(1979M) 0.120ms
[464.384s][info][gc,cpu         ] GC(551) User=0.00s Sys=0.00s Real=0.00s
[464.384s][info][gc,start       ] GC(552) Pause Full (Allocation Failure)
[464.384s][info][gc,phases,start] GC(552) Phase 1: Mark live objects
[464.448s][info][gc,phases      ] GC(552) Phase 1: Mark live objects 64.155ms
[464.448s][info][gc,phases,start] GC(552) Phase 2: Compute new object addresses
[464.591s][info][gc,phases      ] GC(552) Phase 2: Compute new object addresses 143.498ms
[464.591s][info][gc,phases,start] GC(552) Phase 3: Adjust pointers
[464.621s][info][gc,phases      ] GC(552) Phase 3: Adjust pointers 29.502ms
[464.621s][info][gc,phases,start] GC(552) Phase 4: Move objects
[464.642s][info][gc,phases      ] GC(552) Phase 4: Move objects 20.629ms
[464.643s][info][gc,heap        ] GC(552) DefNew: 615050K(629120K)->0K(629120K) Eden: 559232K(559232K)->0K(559232K) From: 55818K(69888K)->0K(69888K)
[464.643s][info][gc,heap        ] GC(552) Tenured: 1319954K(1398144K)->1328422K(1398144K)
[464.643s][info][gc,metaspace   ] GC(552) Metaspace: 118760K(123264K)->118711K(123264K) NonClass: 102654K(103808K)->102613K(103808K) Class: 16106K(19456K)->16097K(19456K)
[464.643s][info][gc             ] GC(552) Pause Full (Allocation Failure) 1889M->1297M(1979M) 258.895ms
[464.643s][info][gc,cpu         ] GC(552) User=0.27s Sys=0.00s Real=0.27s
[464.677s][info][gc,start       ] GC(553) Pause Young (Allocation Failure)
[464.678s][info][gc             ] GC(553) Pause Young (Allocation Failure) 1840M->1840M(1979M) 0.139ms
[464.678s][info][gc,cpu         ] GC(553) User=0.00s Sys=0.00s Real=0.00s
[464.678s][info][gc,start       ] GC(554) Pause Full (Allocation Failure)
[464.678s][info][gc,phases,start] GC(554) Phase 1: Mark live objects
[464.728s][info][gc,phases      ] GC(554) Phase 1: Mark live objects 50.414ms
[464.728s][info][gc,phases,start] GC(554) Phase 2: Compute new object addresses
[464.877s][info][gc,phases      ] GC(554) Phase 2: Compute new object addresses 148.882ms
[464.877s][info][gc,phases,start] GC(554) Phase 3: Adjust pointers
[464.907s][info][gc,phases      ] GC(554) Phase 3: Adjust pointers 29.675ms
[464.907s][info][gc,phases,start] GC(554) Phase 4: Move objects
[464.975s][info][gc,phases      ] GC(554) Phase 4: Move objects 68.708ms
[464.976s][info][gc,heap        ] GC(554) DefNew: 556688K(629120K)->0K(629120K) Eden: 556688K(559232K)->0K(559232K) From: 0K(69888K)->0K(69888K)
[464.976s][info][gc,heap        ] GC(554) Tenured: 1328422K(1398144K)->1289980K(1398144K)
[464.976s][info][gc,metaspace   ] GC(554) Metaspace: 118711K(123264K)->118711K(123264K) NonClass: 102613K(103808K)->102613K(103808K) Class: 16097K(19456K)->16097K(19456K)
[464.976s][info][gc             ] GC(554) Pause Full (Allocation Failure) 1840M->1259M(1979M) 298.749ms
[464.976s][info][gc,cpu         ] GC(554) User=0.30s Sys=0.00s Real=0.30s
[465.011s][info][gc,start       ] GC(555) Pause Young (Allocation Failure)
[465.030s][info][gc,heap        ] GC(555) DefNew: 559232K(629120K)->68774K(629120K) Eden: 559232K(559232K)->0K(559232K) From: 0K(69888K)->68774K(69888K)
[465.030s][info][gc,heap        ] GC(555) Tenured: 1289980K(1398144K)->1298745K(1398144K)
[465.030s][info][gc,metaspace   ] GC(555) Metaspace: 118711K(123264K)->118711K(123264K) NonClass: 102613K(103808K)->102613K(103808K) Class: 16097K(19456K)->16097K(19456K)
[465.030s][info][gc             ] GC(555) Pause Young (Allocation Failure) 1805M->1335M(1979M) 19.394ms
[465.030s][info][gc,cpu         ] GC(555) User=0.02s Sys=0.00s Real=0.02s
[465.061s][info][gc,start       ] GC(556) Pause Young (Allocation Failure)
[465.090s][info][gc,heap        ] GC(556) DefNew: 628006K(629120K)->69832K(629120K) Eden: 559232K(559232K)->0K(559232K) From: 68774K(69888K)->69832K(69888K)
[465.090s][info][gc,heap        ] GC(556) Tenured: 1298745K(1398144K)->1347282K(1398144K)
[465.090s][info][gc,metaspace   ] GC(556) Metaspace: 118711K(123264K)->118711K(123264K) NonClass: 102613K(103808K)->102613K(103808K) Class: 16097K(19456K)->16097K(19456K)
[465.090s][info][gc             ] GC(556) Pause Young (Allocation Failure) 1881M->1383M(1979M) 28.667ms
[465.090s][info][gc,cpu         ] GC(556) User=0.03s Sys=0.00s Real=0.03s
[465.127s][info][gc,start       ] GC(557) Pause Young (Allocation Failure)
[465.127s][info][gc             ] GC(557) Pause Young (Allocation Failure) 1930M->1930M(1979M) 0.246ms
[465.127s][info][gc,cpu         ] GC(557) User=0.00s Sys=0.00s Real=0.02s
[465.127s][info][gc,start       ] GC(558) Pause Full (Allocation Failure)
[465.127s][info][gc,phases,start] GC(558) Phase 1: Mark live objects
[465.186s][info][gc,phases      ] GC(558) Phase 1: Mark live objects 59.145ms
[465.186s][info][gc,phases,start] GC(558) Phase 2: Compute new object addresses
[465.327s][info][gc,phases      ] GC(558) Phase 2: Compute new object addresses 140.291ms
[465.327s][info][gc,phases,start] GC(558) Phase 3: Adjust pointers
[465.356s][info][gc,phases      ] GC(558) Phase 3: Adjust pointers 28.995ms
[465.356s][info][gc,phases,start] GC(558) Phase 4: Move objects
[465.377s][info][gc,phases      ] GC(558) Phase 4: Move objects 21.062ms
[465.378s][info][gc,heap        ] GC(558) DefNew: 629064K(629120K)->0K(629120K) Eden: 559232K(559232K)->0K(559232K) From: 69832K(69888K)->0K(69888K)
[465.378s][info][gc,heap        ] GC(558) Tenured: 1347282K(1398144K)->1389336K(1398144K)
[465.378s][info][gc,metaspace   ] GC(558) Metaspace: 118711K(123264K)->118711K(123264K) NonClass: 102613K(103808K)->102613K(103808K) Class: 16097K(19456K)->16097K(19456K)
[465.378s][info][gc             ] GC(558) Pause Full (Allocation Failure) 1930M->1356M(1979M) 250.584ms
[465.378s][info][gc,cpu         ] GC(558) User=0.25s Sys=0.00s Real=0.25s
[465.413s][info][gc,start       ] GC(559) Pause Young (Allocation Failure)
[465.413s][info][gc,heap        ] GC(559) DefNew: 559232K(629120K)->559232K(629120K) Eden: 559232K(559232K)->559232K(559232K) From: 0K(69888K)->0K(69888K)
[465.413s][info][gc,heap        ] GC(559) Tenured: 1389336K(1398144K)->1389336K(1398144K)
[465.413s][info][gc,metaspace   ] GC(559) Metaspace: 118711K(123264K)->118711K(123264K) NonClass: 102613K(103808K)->102613K(103808K) Class: 16097K(19456K)->16097K(19456K)
[465.413s][info][gc             ] GC(559) Pause Young (Allocation Failure) 1902M->1902M(1979M) 0.167ms
[465.413s][info][gc,cpu         ] GC(559) User=0.00s Sys=0.00s Real=0.00s
[465.413s][info][gc,start       ] GC(560) Pause Full (Allocation Failure)
[465.414s][info][gc,phases,start] GC(560) Phase 1: Mark live objects
[465.479s][info][gc,phases      ] GC(560) Phase 1: Mark live objects 65.235ms
[465.479s][info][gc,phases,start] GC(560) Phase 2: Compute new object addresses
[465.626s][info][gc,phases      ] GC(560) Phase 2: Compute new object addresses 147.104ms
[465.626s][info][gc,phases,start] GC(560) Phase 3: Adjust pointers
[465.662s][info][gc,phases      ] GC(560) Phase 3: Adjust pointers 35.741ms
[465.662s][info][gc,phases,start] GC(560) Phase 4: Move objects
[465.706s][info][gc,phases      ] GC(560) Phase 4: Move objects 43.741ms
[465.706s][info][gc,heap        ] GC(560) DefNew: 559232K(629120K)->0K(629120K) Eden: 559232K(559232K)->0K(559232K) From: 0K(69888K)->0K(69888K)
[465.706s][info][gc,heap        ] GC(560) Tenured: 1389336K(1398144K)->1336459K(1398144K)
[465.706s][info][gc,metaspace   ] GC(560) Metaspace: 118711K(123264K)->118669K(123264K) NonClass: 102613K(103808K)->102579K(103808K) Class: 16097K(19456K)->16090K(19456K)
[465.706s][info][gc             ] GC(560) Pause Full (Allocation Failure) 1902M->1305M(1979M) 293.010ms
[465.707s][info][gc,cpu         ] GC(560) User=0.30s Sys=0.00s Real=0.30s
[465.753s][info][gc,start       ] GC(561) Pause Young (Allocation Failure)
[465.753s][info][gc             ] GC(561) Pause Young (Allocation Failure) 1851M->1851M(1979M) 0.151ms
[465.753s][info][gc,cpu         ] GC(561) User=0.00s Sys=0.00s Real=0.00s
[465.753s][info][gc,start       ] GC(562) Pause Full (Allocation Failure)
[465.753s][info][gc,phases,start] GC(562) Phase 1: Mark live objects
[465.806s][info][gc,phases      ] GC(562) Phase 1: Mark live objects 52.533ms
[465.806s][info][gc,phases,start] GC(562) Phase 2: Compute new object addresses
[465.952s][info][gc,phases      ] GC(562) Phase 2: Compute new object addresses 145.879ms
[465.952s][info][gc,phases,start] GC(562) Phase 3: Adjust pointers
[465.980s][info][gc,phases      ] GC(562) Phase 3: Adjust pointers 28.588ms
[465.980s][info][gc,phases,start] GC(562) Phase 4: Move objects
[465.988s][info][gc,phases      ] GC(562) Phase 4: Move objects 7.683ms
[465.989s][info][gc,heap        ] GC(562) DefNew: 559232K(629120K)->0K(629120K) Eden: 559232K(559232K)->0K(559232K) From: 0K(69888K)->0K(69888K)
[465.989s][info][gc,heap        ] GC(562) Tenured: 1336459K(1398144K)->1368700K(1398144K)
[465.989s][info][gc,metaspace   ] GC(562) Metaspace: 118669K(123264K)->118669K(123264K) NonClass: 102579K(103808K)->102579K(103808K) Class: 16090K(19456K)->16090K(19456K)
[465.989s][info][gc             ] GC(562) Pause Full (Allocation Failure) 1851M->1336M(1979M) 235.659ms
[465.989s][info][gc,cpu         ] GC(562) User=0.23s Sys=0.00s Real=0.24s
[466.024s][info][gc,start       ] GC(563) Pause Young (Allocation Failure)
[466.024s][info][gc             ] GC(563) Pause Young (Allocation Failure) 1882M->1882M(1979M) 0.125ms
[466.024s][info][gc,cpu         ] GC(563) User=0.00s Sys=0.00s Real=0.00s
[466.024s][info][gc,start       ] GC(564) Pause Full (Allocation Failure)
[466.024s][info][gc,phases,start] GC(564) Phase 1: Mark live objects
[466.074s][info][gc,phases      ] GC(564) Phase 1: Mark live objects 49.810ms
[466.074s][info][gc,phases,start] GC(564) Phase 2: Compute new object addresses
[466.212s][info][gc,phases      ] GC(564) Phase 2: Compute new object addresses 137.542ms
[466.212s][info][gc,phases,start] GC(564) Phase 3: Adjust pointers
[466.241s][info][gc,phases      ] GC(564) Phase 3: Adjust pointers 29.345ms
[466.241s][info][gc,phases,start] GC(564) Phase 4: Move objects
[466.310s][info][gc,phases      ] GC(564) Phase 4: Move objects 69.236ms
[466.311s][info][gc,heap        ] GC(564) DefNew: 559232K(629120K)->0K(629120K) Eden: 559232K(559232K)->0K(559232K) From: 0K(69888K)->0K(69888K)
[466.311s][info][gc,heap        ] GC(564) Tenured: 1368700K(1398144K)->1370443K(1398144K)
[466.311s][info][gc,metaspace   ] GC(564) Metaspace: 118670K(123264K)->118670K(123264K) NonClass: 102580K(103808K)->102580K(103808K) Class: 16090K(19456K)->16090K(19456K)
[466.311s][info][gc             ] GC(564) Pause Full (Allocation Failure) 1882M->1338M(1979M) 286.961ms
[466.311s][info][gc,cpu         ] GC(564) User=0.28s Sys=0.00s Real=0.28s
[466.347s][info][gc,start       ] GC(565) Pause Young (Allocation Failure)
[466.347s][info][gc,heap        ] GC(565) DefNew: 559232K(629120K)->559232K(629120K) Eden: 559232K(559232K)->559232K(559232K) From: 0K(69888K)->0K(69888K)
[466.347s][info][gc,heap        ] GC(565) Tenured: 1370443K(1398144K)->1370443K(1398144K)
[466.347s][info][gc,metaspace   ] GC(565) Metaspace: 118670K(123264K)->118670K(123264K) NonClass: 102580K(103808K)->102580K(103808K) Class: 16090K(19456K)->16090K(19456K)
[466.347s][info][gc             ] GC(565) Pause Young (Allocation Failure) 1884M->1884M(1979M) 0.168ms
[466.347s][info][gc,cpu         ] GC(565) User=0.00s Sys=0.00s Real=0.00s
[466.347s][info][gc,start       ] GC(566) Pause Full (Allocation Failure)
[466.347s][info][gc,phases,start] GC(566) Phase 1: Mark live objects
[466.397s][info][gc,phases      ] GC(566) Phase 1: Mark live objects 49.907ms
[466.397s][info][gc,phases,start] GC(566) Phase 2: Compute new object addresses
[466.531s][info][gc,phases      ] GC(566) Phase 2: Compute new object addresses 133.399ms
[466.531s][info][gc,phases,start] GC(566) Phase 3: Adjust pointers
[466.560s][info][gc,phases      ] GC(566) Phase 3: Adjust pointers 29.041ms
[466.560s][info][gc,phases,start] GC(566) Phase 4: Move objects
[466.631s][info][gc,phases      ] GC(566) Phase 4: Move objects 70.826ms
[466.632s][info][gc,heap        ] GC(566) DefNew: 559232K(629120K)->0K(629120K) Eden: 559232K(559232K)->0K(559232K) From: 0K(69888K)->0K(69888K)
[466.632s][info][gc,heap        ] GC(566) Tenured: 1370443K(1398144K)->1379870K(1398144K)
[466.632s][info][gc,metaspace   ] GC(566) Metaspace: 118670K(123264K)->118670K(123264K) NonClass: 102580K(103808K)->102580K(103808K) Class: 16090K(19456K)->16090K(19456K)
[466.632s][info][gc             ] GC(566) Pause Full (Allocation Failure) 1884M->1347M(1979M) 284.644ms
[466.632s][info][gc,cpu         ] GC(566) User=0.28s Sys=0.00s Real=0.28s
[466.670s][info][gc,start       ] GC(567) Pause Young (Allocation Failure)
[466.670s][info][gc             ] GC(567) Pause Young (Allocation Failure) 1893M->1893M(1979M) 0.119ms
[466.670s][info][gc,cpu         ] GC(567) User=0.00s Sys=0.00s Real=0.00s
[466.670s][info][gc,start       ] GC(568) Pause Full (Allocation Failure)
[466.670s][info][gc,phases,start] GC(568) Phase 1: Mark live objects
[466.721s][info][gc,phases      ] GC(568) Phase 1: Mark live objects 50.546ms
[466.721s][info][gc,phases,start] GC(568) Phase 2: Compute new object addresses
[466.860s][info][gc,phases      ] GC(568) Phase 2: Compute new object addresses 139.214ms
[466.860s][info][gc,phases,start] GC(568) Phase 3: Adjust pointers
[466.890s][info][gc,phases      ] GC(568) Phase 3: Adjust pointers 29.323ms
[466.890s][info][gc,phases,start] GC(568) Phase 4: Move objects
[466.900s][info][gc,phases      ] GC(568) Phase 4: Move objects 10.722ms
[466.901s][info][gc,heap        ] GC(568) DefNew: 559232K(629120K)->31164K(629120K) Eden: 559232K(559232K)->31164K(559232K) From: 0K(69888K)->0K(69888K)
[466.901s][info][gc,heap        ] GC(568) Tenured: 1379870K(1398144K)->1396727K(1398144K)
[466.901s][info][gc,metaspace   ] GC(568) Metaspace: 118670K(123264K)->118670K(123264K) NonClass: 102580K(103808K)->102580K(103808K) Class: 16090K(19456K)->16090K(19456K)
[466.901s][info][gc             ] GC(568) Pause Full (Allocation Failure) 1893M->1394M(1979M) 230.831ms
[466.901s][info][gc,cpu         ] GC(568) User=0.23s Sys=0.00s Real=0.23s
[468.852s][info][gc,start       ] GC(569) Pause Full (Allocation Failure)
[468.852s][info][gc,phases,start] GC(569) Phase 1: Mark live objects
[468.903s][info][gc,phases      ] GC(569) Phase 1: Mark live objects 50.935ms
[468.903s][info][gc,phases,start] GC(569) Phase 2: Compute new object addresses
[469.065s][info][gc,phases      ] GC(569) Phase 2: Compute new object addresses 161.997ms
[469.066s][info][gc,phases,start] GC(569) Phase 3: Adjust pointers
[469.095s][info][gc,phases      ] GC(569) Phase 3: Adjust pointers 29.059ms
[469.095s][info][gc,phases,start] GC(569) Phase 4: Move objects
[469.106s][info][gc,phases      ] GC(569) Phase 4: Move objects 11.341ms
[469.107s][info][gc,heap        ] GC(569) DefNew: 629120K(629120K)->50042K(629120K) Eden: 559232K(559232K)->50042K(559232K) From: 69888K(69888K)->0K(69888K)
[469.107s][info][gc,heap        ] GC(569) Tenured: 1398142K(1398144K)->1398142K(1398144K)
[469.107s][info][gc,metaspace   ] GC(569) Metaspace: 118671K(123264K)->118671K(123264K) NonClass: 102581K(103808K)->102581K(103808K) Class: 16090K(19456K)->16090K(19456K)
[469.107s][info][gc             ] GC(569) Pause Full (Allocation Failure) 1979M->1414M(1979M) 254.410ms
[469.107s][info][gc,cpu         ] GC(569) User=0.25s Sys=0.00s Real=0.25s
[471.163s][info][gc,start       ] GC(570) Pause Full (Allocation Failure)
[471.163s][info][gc,phases,start] GC(570) Phase 1: Mark live objects
[471.214s][info][gc,phases      ] GC(570) Phase 1: Mark live objects 50.914ms
[471.214s][info][gc,phases,start] GC(570) Phase 2: Compute new object addresses
[471.371s][info][gc,phases      ] GC(570) Phase 2: Compute new object addresses 156.703ms
[471.371s][info][gc,phases,start] GC(570) Phase 3: Adjust pointers
[471.401s][info][gc,phases      ] GC(570) Phase 3: Adjust pointers 30.002ms
[471.401s][info][gc,phases,start] GC(570) Phase 4: Move objects
[471.478s][info][gc,phases      ] GC(570) Phase 4: Move objects 77.203ms
[471.479s][info][gc,heap        ] GC(570) DefNew: 629120K(629120K)->18935K(629120K) Eden: 559232K(559232K)->18935K(559232K) From: 69888K(69888K)->0K(69888K)
[471.479s][info][gc,heap        ] GC(570) Tenured: 1398143K(1398144K)->1392259K(1398144K)
[471.479s][info][gc,metaspace   ] GC(570) Metaspace: 118671K(123264K)->118671K(123264K) NonClass: 102581K(103808K)->102581K(103808K) Class: 16090K(19456K)->16090K(19456K)
[471.479s][info][gc             ] GC(570) Pause Full (Allocation Failure) 1979M->1378M(1979M) 315.952ms
[471.479s][info][gc,cpu         ] GC(570) User=0.31s Sys=0.00s Real=0.31s
[473.746s][info][gc,start       ] GC(571) Pause Full (Allocation Failure)
[473.746s][info][gc,phases,start] GC(571) Phase 1: Mark live objects
[473.797s][info][gc,phases      ] GC(571) Phase 1: Mark live objects 51.581ms
[473.797s][info][gc,phases,start] GC(571) Phase 2: Compute new object addresses
[473.954s][info][gc,phases      ] GC(571) Phase 2: Compute new object addresses 156.448ms
[473.954s][info][gc,phases,start] GC(571) Phase 3: Adjust pointers
[473.984s][info][gc,phases      ] GC(571) Phase 3: Adjust pointers 29.790ms
[473.984s][info][gc,phases,start] GC(571) Phase 4: Move objects
[473.994s][info][gc,phases      ] GC(571) Phase 4: Move objects 10.237ms
[473.995s][info][gc,heap        ] GC(571) DefNew: 629120K(629120K)->45447K(629120K) Eden: 559232K(559232K)->45447K(559232K) From: 69888K(69888K)->0K(69888K)
[473.995s][info][gc,heap        ] GC(571) Tenured: 1398143K(1398144K)->1398143K(1398144K)
[473.995s][info][gc,metaspace   ] GC(571) Metaspace: 118672K(123264K)->118672K(123264K) NonClass: 102581K(103808K)->102581K(103808K) Class: 16090K(19456K)->16090K(19456K)
[473.995s][info][gc             ] GC(571) Pause Full (Allocation Failure) 1979M->1409M(1979M) 249.202ms
[473.995s][info][gc,cpu         ] GC(571) User=0.25s Sys=0.00s Real=0.25s
[476.374s][info][gc,start       ] GC(572) Pause Full (Allocation Failure)
[476.374s][info][gc,phases,start] GC(572) Phase 1: Mark live objects
[476.425s][info][gc,phases      ] GC(572) Phase 1: Mark live objects 50.839ms
[476.425s][info][gc,phases,start] GC(572) Phase 2: Compute new object addresses
[476.581s][info][gc,phases      ] GC(572) Phase 2: Compute new object addresses 156.332ms
[476.581s][info][gc,phases,start] GC(572) Phase 3: Adjust pointers
[476.611s][info][gc,phases      ] GC(572) Phase 3: Adjust pointers 29.602ms
[476.611s][info][gc,phases,start] GC(572) Phase 4: Move objects
[476.618s][info][gc,phases      ] GC(572) Phase 4: Move objects 7.278ms
[476.619s][info][gc,heap        ] GC(572) DefNew: 629119K(629120K)->38194K(629120K) Eden: 559232K(559232K)->38194K(559232K) From: 69887K(69888K)->0K(69888K)
[476.619s][info][gc,heap        ] GC(572) Tenured: 1398143K(1398144K)->1398143K(1398144K)
[476.619s][info][gc,metaspace   ] GC(572) Metaspace: 118672K(123264K)->118672K(123264K) NonClass: 102582K(103808K)->102582K(103808K) Class: 16090K(19456K)->16090K(19456K)
[476.619s][info][gc             ] GC(572) Pause Full (Allocation Failure) 1979M->1402M(1979M) 245.133ms
[476.619s][info][gc,cpu         ] GC(572) User=0.27s Sys=0.00s Real=0.26s
[478.765s][info][gc,start       ] GC(573) Pause Full (Allocation Failure)
[478.765s][info][gc,phases,start] GC(573) Phase 1: Mark live objects
[478.819s][info][gc,phases      ] GC(573) Phase 1: Mark live objects 54.054ms
[478.819s][info][gc,phases,start] GC(573) Phase 2: Compute new object addresses
[478.993s][info][gc,phases      ] GC(573) Phase 2: Compute new object addresses 173.945ms
[478.993s][info][gc,phases,start] GC(573) Phase 3: Adjust pointers
[479.023s][info][gc,phases      ] GC(573) Phase 3: Adjust pointers 30.183ms
[479.023s][info][gc,phases,start] GC(573) Phase 4: Move objects
[479.027s][info][gc,phases      ] GC(573) Phase 4: Move objects 3.622ms
[479.028s][info][gc,heap        ] GC(573) DefNew: 629120K(629120K)->38202K(629120K) Eden: 559232K(559232K)->38202K(559232K) From: 69888K(69888K)->0K(69888K)
[479.028s][info][gc,heap        ] GC(573) Tenured: 1398143K(1398144K)->1398143K(1398144K)
[479.028s][info][gc,metaspace   ] GC(573) Metaspace: 118672K(123264K)->118672K(123264K) NonClass: 102582K(103808K)->102582K(103808K) Class: 16090K(19456K)->16090K(19456K)
[479.028s][info][gc             ] GC(573) Pause Full (Allocation Failure) 1979M->1402M(1979M) 262.909ms
[479.028s][info][gc,cpu         ] GC(573) User=0.27s Sys=0.00s Real=0.26s
[481.275s][info][gc,start       ] GC(574) Pause Full (Allocation Failure)
[481.275s][info][gc,phases,start] GC(574) Phase 1: Mark live objects
[481.325s][info][gc,phases      ] GC(574) Phase 1: Mark live objects 50.058ms
[481.325s][info][gc,phases,start] GC(574) Phase 2: Compute new object addresses
[481.490s][info][gc,phases      ] GC(574) Phase 2: Compute new object addresses 165.292ms
[481.491s][info][gc,phases,start] GC(574) Phase 3: Adjust pointers
[481.520s][info][gc,phases      ] GC(574) Phase 3: Adjust pointers 29.482ms
[481.520s][info][gc,phases,start] GC(574) Phase 4: Move objects
[481.609s][info][gc,phases      ] GC(574) Phase 4: Move objects 88.576ms
[481.609s][info][gc,heap        ] GC(574) DefNew: 629119K(629120K)->0K(629120K) Eden: 559232K(559232K)->0K(559232K) From: 69887K(69888K)->0K(69888K)
[481.609s][info][gc,heap        ] GC(574) Tenured: 1398143K(1398144K)->1397041K(1398144K)
[481.609s][info][gc,metaspace   ] GC(574) Metaspace: 118672K(123264K)->118672K(123264K) NonClass: 102582K(103808K)->102582K(103808K) Class: 16090K(19456K)->16090K(19456K)
[481.610s][info][gc             ] GC(574) Pause Full (Allocation Failure) 1979M->1364M(1979M) 334.566ms
[481.610s][info][gc,cpu         ] GC(574) User=0.33s Sys=0.00s Real=0.34s
[481.656s][info][gc,start       ] GC(575) Pause Young (Allocation Failure)
[481.656s][info][gc             ] GC(575) Pause Young (Allocation Failure) 1910M->1910M(1979M) 0.135ms
[481.656s][info][gc,cpu         ] GC(575) User=0.00s Sys=0.00s Real=0.00s
[481.656s][info][gc,start       ] GC(576) Pause Full (Allocation Failure)
[481.656s][info][gc,phases,start] GC(576) Phase 1: Mark live objects
[481.706s][info][gc,phases      ] GC(576) Phase 1: Mark live objects 50.035ms
[481.706s][info][gc,phases,start] GC(576) Phase 2: Compute new object addresses
[481.872s][info][gc,phases      ] GC(576) Phase 2: Compute new object addresses 165.994ms
[481.872s][info][gc,phases,start] GC(576) Phase 3: Adjust pointers
[481.902s][info][gc,phases      ] GC(576) Phase 3: Adjust pointers 29.312ms
[481.902s][info][gc,phases,start] GC(576) Phase 4: Move objects
[481.902s][info][gc,phases      ] GC(576) Phase 4: Move objects 0.032ms
[481.902s][info][gc,heap        ] GC(576) DefNew: 559232K(629120K)->0K(629120K) Eden: 559232K(559232K)->0K(559232K) From: 0K(69888K)->0K(69888K)
[481.902s][info][gc,heap        ] GC(576) Tenured: 1397041K(1398144K)->1397109K(1398144K)
[481.902s][info][gc,metaspace   ] GC(576) Metaspace: 118672K(123264K)->118672K(123264K) NonClass: 102582K(103808K)->102582K(103808K) Class: 16090K(19456K)->16090K(19456K)
[481.902s][info][gc             ] GC(576) Pause Full (Allocation Failure) 1910M->1364M(1979M) 246.359ms
[481.902s][info][gc,cpu         ] GC(576) User=0.25s Sys=0.00s Real=0.25s
[481.948s][info][gc,start       ] GC(577) Pause Young (Allocation Failure)
[481.948s][info][gc             ] GC(577) Pause Young (Allocation Failure) 1910M->1910M(1979M) 0.124ms
[481.948s][info][gc,cpu         ] GC(577) User=0.00s Sys=0.00s Real=0.00s
[481.948s][info][gc,start       ] GC(578) Pause Full (Allocation Failure)
[481.948s][info][gc,phases,start] GC(578) Phase 1: Mark live objects
[481.998s][info][gc,phases      ] GC(578) Phase 1: Mark live objects 49.849ms
[481.998s][info][gc,phases,start] GC(578) Phase 2: Compute new object addresses
[482.151s][info][gc,phases      ] GC(578) Phase 2: Compute new object addresses 153.032ms
[482.151s][info][gc,phases,start] GC(578) Phase 3: Adjust pointers
[482.181s][info][gc,phases      ] GC(578) Phase 3: Adjust pointers 29.513ms
[482.181s][info][gc,phases,start] GC(578) Phase 4: Move objects
[482.181s][info][gc,phases      ] GC(578) Phase 4: Move objects 0.027ms
[482.182s][info][gc,heap        ] GC(578) DefNew: 559232K(629120K)->0K(629120K) Eden: 559232K(559232K)->0K(559232K) From: 0K(69888K)->0K(69888K)
[482.182s][info][gc,heap        ] GC(578) Tenured: 1397109K(1398144K)->1397163K(1398144K)
[482.182s][info][gc,metaspace   ] GC(578) Metaspace: 118672K(123264K)->118672K(123264K) NonClass: 102582K(103808K)->102582K(103808K) Class: 16090K(19456K)->16090K(19456K)
[482.182s][info][gc             ] GC(578) Pause Full (Allocation Failure) 1910M->1364M(1979M) 233.370ms
[482.182s][info][gc,cpu         ] GC(578) User=0.22s Sys=0.00s Real=0.22s
[482.233s][info][gc,start       ] GC(579) Pause Young (Allocation Failure)
[482.233s][info][gc             ] GC(579) Pause Young (Allocation Failure) 1910M->1910M(1979M) 0.112ms
[482.233s][info][gc,cpu         ] GC(579) User=0.00s Sys=0.00s Real=0.00s
[482.233s][info][gc,start       ] GC(580) Pause Full (Allocation Failure)
[482.233s][info][gc,phases,start] GC(580) Phase 1: Mark live objects
[482.299s][info][gc,phases      ] GC(580) Phase 1: Mark live objects 65.931ms
[482.299s][info][gc,phases,start] GC(580) Phase 2: Compute new object addresses
[482.452s][info][gc,phases      ] GC(580) Phase 2: Compute new object addresses 153.318ms
[482.453s][info][gc,phases,start] GC(580) Phase 3: Adjust pointers
[482.482s][info][gc,phases      ] GC(580) Phase 3: Adjust pointers 29.814ms
[482.482s][info][gc,phases,start] GC(580) Phase 4: Move objects
[482.503s][info][gc,phases      ] GC(580) Phase 4: Move objects 20.856ms
[482.504s][info][gc,heap        ] GC(580) DefNew: 559232K(629120K)->0K(629120K) Eden: 559232K(559232K)->0K(559232K) From: 0K(69888K)->0K(69888K)
[482.504s][info][gc,heap        ] GC(580) Tenured: 1397163K(1398144K)->1385573K(1398144K)
[482.504s][info][gc,metaspace   ] GC(580) Metaspace: 118752K(123264K)->118733K(123264K) NonClass: 102648K(103808K)->102633K(103808K) Class: 16104K(19456K)->16100K(19456K)
[482.504s][info][gc             ] GC(580) Pause Full (Allocation Failure) 1910M->1353M(1979M) 271.010ms
[482.504s][info][gc,cpu         ] GC(580) User=0.27s Sys=0.00s Real=0.27s
[482.559s][info][gc,start       ] GC(581) Pause Young (Allocation Failure)
[482.746s][info][gc             ] GC(581) Pause Young (Allocation Failure) 1899M->1899M(1979M) 186.931ms
[482.769s][info][gc,cpu         ] GC(581) User=0.00s Sys=0.00s Real=0.21s
[482.769s][info][gc,start       ] GC(582) Pause Full (Allocation Failure)
[482.769s][info][gc,phases,start] GC(582) Phase 1: Mark live objects
[482.829s][info][gc,phases      ] GC(582) Phase 1: Mark live objects 59.898ms
[482.829s][info][gc,phases,start] GC(582) Phase 2: Compute new object addresses
[482.990s][info][gc,phases      ] GC(582) Phase 2: Compute new object addresses 161.009ms
[482.990s][info][gc,phases,start] GC(582) Phase 3: Adjust pointers
[483.030s][info][gc,phases      ] GC(582) Phase 3: Adjust pointers 40.328ms
[483.031s][info][gc,phases,start] GC(582) Phase 4: Move objects
[483.091s][info][gc,phases      ] GC(582) Phase 4: Move objects 60.493ms
[483.092s][info][gc,heap        ] GC(582) DefNew: 559232K(629120K)->0K(629120K) Eden: 559232K(559232K)->0K(559232K) From: 0K(69888K)->0K(69888K)
[483.092s][info][gc,heap        ] GC(582) Tenured: 1385573K(1398144K)->1238429K(1398144K)
[483.092s][info][gc,metaspace   ] GC(582) Metaspace: 118733K(123264K)->118733K(123264K) NonClass: 102633K(103808K)->102633K(103808K) Class: 16100K(19456K)->16100K(19456K)
[483.092s][info][gc             ] GC(582) Pause Full (Allocation Failure) 1899M->1209M(1979M) 322.885ms
[483.092s][info][gc,cpu         ] GC(582) User=0.33s Sys=0.00s Real=0.32s
[483.275s][info][gc,start       ] GC(583) Pause Young (Allocation Failure)
[483.287s][info][gc,heap        ] GC(583) DefNew: 559232K(629120K)->2282K(629120K) Eden: 559232K(559232K)->0K(559232K) From: 0K(69888K)->2282K(69888K)
[483.287s][info][gc,heap        ] GC(583) Tenured: 1238429K(1398144K)->1238429K(1398144K)
[483.287s][info][gc,metaspace   ] GC(583) Metaspace: 119073K(123264K)->119073K(123264K) NonClass: 102921K(103808K)->102921K(103808K) Class: 16151K(19456K)->16151K(19456K)
[483.287s][info][gc             ] GC(583) Pause Young (Allocation Failure) 1755M->1211M(1979M) 11.534ms
[483.287s][info][gc,cpu         ] GC(583) User=0.00s Sys=0.00s Real=0.00s
[483.706s][info][gc,start       ] GC(584) Pause Full (System.gc())
[483.706s][info][gc,phases,start] GC(584) Phase 1: Mark live objects
[483.769s][info][gc,phases      ] GC(584) Phase 1: Mark live objects 63.223ms
[483.770s][info][gc,phases,start] GC(584) Phase 2: Compute new object addresses
[483.794s][info][gc,phases      ] GC(584) Phase 2: Compute new object addresses 24.856ms
[483.794s][info][gc,phases,start] GC(584) Phase 3: Adjust pointers
[483.825s][info][gc,phases      ] GC(584) Phase 3: Adjust pointers 30.866ms
[483.825s][info][gc,phases,start] GC(584) Phase 4: Move objects
[483.826s][info][gc,phases      ] GC(584) Phase 4: Move objects 0.936ms
[483.827s][info][gc,heap        ] GC(584) DefNew: 24373K(629120K)->0K(629120K) Eden: 22091K(559232K)->0K(559232K) From: 2282K(69888K)->0K(69888K)
[483.827s][info][gc,heap        ] GC(584) Tenured: 1238429K(1398144K)->1026079K(1398144K)
[483.827s][info][gc,metaspace   ] GC(584) Metaspace: 119324K(123264K)->119324K(123264K) NonClass: 103138K(103808K)->103138K(103808K) Class: 16186K(19456K)->16186K(19456K)
[483.827s][info][gc             ] GC(584) Pause Full (System.gc()) 1233M->1002M(1979M) 121.017ms
[483.827s][info][gc,cpu         ] GC(584) User=0.11s Sys=0.00s Real=0.12s
[483.969s][info][gc,start       ] GC(585) Pause Young (Allocation Failure)
[483.983s][info][gc,heap        ] GC(585) DefNew: 559232K(629120K)->12049K(629120K) Eden: 559232K(559232K)->0K(559232K) From: 0K(69888K)->12049K(69888K)
[483.983s][info][gc,heap        ] GC(585) Tenured: 1026079K(1398144K)->1026079K(1398144K)
[483.983s][info][gc,metaspace   ] GC(585) Metaspace: 119651K(123456K)->119651K(123456K) NonClass: 103446K(104000K)->103446K(104000K) Class: 16204K(19456K)->16204K(19456K)
[483.984s][info][gc             ] GC(585) Pause Young (Allocation Failure) 1548M->1013M(1979M) 14.991ms
[483.984s][info][gc,cpu         ] GC(585) User=0.06s Sys=0.00s Real=0.02s
[484.023s][info][gc,start       ] GC(586) Pause Young (Allocation Failure)
[484.034s][info][gc,heap        ] GC(586) DefNew: 571281K(629120K)->18701K(629120K) Eden: 559232K(559232K)->0K(559232K) From: 12049K(69888K)->18701K(69888K)
[484.034s][info][gc,heap        ] GC(586) Tenured: 1026079K(1398144K)->1026079K(1398144K)
[484.034s][info][gc,metaspace   ] GC(586) Metaspace: 119651K(123456K)->119651K(123456K) NonClass: 103446K(104000K)->103446K(104000K) Class: 16204K(19456K)->16204K(19456K)
[484.035s][info][gc             ] GC(586) Pause Young (Allocation Failure) 1559M->1020M(1979M) 11.635ms
[484.035s][info][gc,cpu         ] GC(586) User=0.03s Sys=0.00s Real=0.02s
[484.073s][info][gc,start       ] GC(587) Pause Young (Allocation Failure)
[484.085s][info][gc,heap        ] GC(587) DefNew: 577933K(629120K)->24320K(629120K) Eden: 559232K(559232K)->0K(559232K) From: 18701K(69888K)->24320K(69888K)
[484.085s][info][gc,heap        ] GC(587) Tenured: 1026079K(1398144K)->1026079K(1398144K)
[484.085s][info][gc,metaspace   ] GC(587) Metaspace: 119651K(123456K)->119651K(123456K) NonClass: 103446K(104000K)->103446K(104000K) Class: 16204K(19456K)->16204K(19456K)
[484.085s][info][gc             ] GC(587) Pause Young (Allocation Failure) 1566M->1025M(1979M) 12.665ms
[484.085s][info][gc,cpu         ] GC(587) User=0.02s Sys=0.00s Real=0.01s
[484.123s][info][gc,start       ] GC(588) Pause Young (Allocation Failure)
[484.137s][info][gc,heap        ] GC(588) DefNew: 583552K(629120K)->31988K(629120K) Eden: 559232K(559232K)->0K(559232K) From: 24320K(69888K)->31988K(69888K)
[484.137s][info][gc,heap        ] GC(588) Tenured: 1026079K(1398144K)->1026079K(1398144K)
[484.137s][info][gc,metaspace   ] GC(588) Metaspace: 119651K(123456K)->119651K(123456K) NonClass: 103446K(104000K)->103446K(104000K) Class: 16204K(19456K)->16204K(19456K)
[484.137s][info][gc             ] GC(588) Pause Young (Allocation Failure) 1571M->1033M(1979M) 14.447ms
[484.137s][info][gc,cpu         ] GC(588) User=0.02s Sys=0.00s Real=0.02s
[484.175s][info][gc,start       ] GC(589) Pause Young (Allocation Failure)
[484.191s][info][gc,heap        ] GC(589) DefNew: 591220K(629120K)->35892K(629120K) Eden: 559232K(559232K)->0K(559232K) From: 31988K(69888K)->35892K(69888K)
[484.191s][info][gc,heap        ] GC(589) Tenured: 1026079K(1398144K)->1026079K(1398144K)
[484.191s][info][gc,metaspace   ] GC(589) Metaspace: 119651K(123456K)->119651K(123456K) NonClass: 103446K(104000K)->103446K(104000K) Class: 16204K(19456K)->16204K(19456K)
[484.191s][info][gc             ] GC(589) Pause Young (Allocation Failure) 1579M->1037M(1979M) 15.902ms
[484.191s][info][gc,cpu         ] GC(589) User=0.02s Sys=0.00s Real=0.02s
[484.229s][info][gc,start       ] GC(590) Pause Young (Allocation Failure)
[484.249s][info][gc,heap        ] GC(590) DefNew: 595124K(629120K)->40018K(629120K) Eden: 559232K(559232K)->0K(559232K) From: 35892K(69888K)->40018K(69888K)
[484.249s][info][gc,heap        ] GC(590) Tenured: 1026079K(1398144K)->1035157K(1398144K)
[484.249s][info][gc,metaspace   ] GC(590) Metaspace: 119651K(123456K)->119651K(123456K) NonClass: 103446K(104000K)->103446K(104000K) Class: 16204K(19456K)->16204K(19456K)
[484.249s][info][gc             ] GC(590) Pause Young (Allocation Failure) 1583M->1049M(1979M) 20.081ms
[484.249s][info][gc,cpu         ] GC(590) User=0.03s Sys=0.00s Real=0.03s
[484.287s][info][gc,start       ] GC(591) Pause Young (Allocation Failure)
[484.300s][info][gc,heap        ] GC(591) DefNew: 599250K(629120K)->44057K(629120K) Eden: 559232K(559232K)->0K(559232K) From: 40018K(69888K)->44057K(69888K)
[484.300s][info][gc,heap        ] GC(591) Tenured: 1035157K(1398144K)->1035890K(1398144K)
[484.300s][info][gc,metaspace   ] GC(591) Metaspace: 119651K(123456K)->119651K(123456K) NonClass: 103446K(104000K)->103446K(104000K) Class: 16204K(19456K)->16204K(19456K)
[484.300s][info][gc             ] GC(591) Pause Young (Allocation Failure) 1596M->1054M(1979M) 13.037ms
[484.300s][info][gc,cpu         ] GC(591) User=0.02s Sys=0.00s Real=0.02s
[484.338s][info][gc,start       ] GC(592) Pause Young (Allocation Failure)
[484.351s][info][gc,heap        ] GC(592) DefNew: 603289K(629120K)->19048K(629120K) Eden: 559232K(559232K)->0K(559232K) From: 44057K(69888K)->19048K(69888K)
[484.351s][info][gc,heap        ] GC(592) Tenured: 1035890K(1398144K)->1062460K(1398144K)
[484.351s][info][gc,metaspace   ] GC(592) Metaspace: 119651K(123456K)->119651K(123456K) NonClass: 103446K(104000K)->103446K(104000K) Class: 16204K(19456K)->16204K(19456K)
[484.351s][info][gc             ] GC(592) Pause Young (Allocation Failure) 1600M->1056M(1979M) 13.101ms
[484.351s][info][gc,cpu         ] GC(592) User=0.03s Sys=0.00s Real=0.02s
[484.389s][info][gc,start       ] GC(593) Pause Young (Allocation Failure)
[484.397s][info][gc,heap        ] GC(593) DefNew: 578280K(629120K)->22205K(629120K) Eden: 559231K(559232K)->0K(559232K) From: 19048K(69888K)->22205K(69888K)
[484.397s][info][gc,heap        ] GC(593) Tenured: 1062460K(1398144K)->1062460K(1398144K)
[484.397s][info][gc,metaspace   ] GC(593) Metaspace: 119651K(123456K)->119651K(123456K) NonClass: 103446K(104000K)->103446K(104000K) Class: 16204K(19456K)->16204K(19456K)
[484.397s][info][gc             ] GC(593) Pause Young (Allocation Failure) 1602M->1059M(1979M) 8.097ms
[484.397s][info][gc,cpu         ] GC(593) User=0.00s Sys=0.00s Real=0.00s
[484.435s][info][gc,start       ] GC(594) Pause Young (Allocation Failure)
[484.443s][info][gc,heap        ] GC(594) DefNew: 581437K(629120K)->22163K(629120K) Eden: 559232K(559232K)->0K(559232K) From: 22205K(69888K)->22163K(69888K)
[484.443s][info][gc,heap        ] GC(594) Tenured: 1062460K(1398144K)->1062460K(1398144K)
[484.443s][info][gc,metaspace   ] GC(594) Metaspace: 119651K(123456K)->119651K(123456K) NonClass: 103446K(104000K)->103446K(104000K) Class: 16204K(19456K)->16204K(19456K)
[484.443s][info][gc             ] GC(594) Pause Young (Allocation Failure) 1605M->1059M(1979M) 7.769ms
[484.443s][info][gc,cpu         ] GC(594) User=0.00s Sys=0.00s Real=0.00s
[484.482s][info][gc,start       ] GC(595) Pause Young (Allocation Failure)
[484.503s][info][gc,heap        ] GC(595) DefNew: 581395K(629120K)->65915K(629120K) Eden: 559232K(559232K)->0K(559232K) From: 22163K(69888K)->65915K(69888K)
[484.503s][info][gc,heap        ] GC(595) Tenured: 1062460K(1398144K)->1074960K(1398144K)
[484.503s][info][gc,metaspace   ] GC(595) Metaspace: 119651K(123456K)->119651K(123456K) NonClass: 103446K(104000K)->103446K(104000K) Class: 16204K(19456K)->16204K(19456K)
[484.503s][info][gc             ] GC(595) Pause Young (Allocation Failure) 1605M->1114M(1979M) 20.640ms
[484.503s][info][gc,cpu         ] GC(595) User=0.02s Sys=0.00s Real=0.01s
[484.542s][info][gc,start       ] GC(596) Pause Young (Allocation Failure)
[484.566s][info][gc,heap        ] GC(596) DefNew: 625147K(629120K)->31467K(629120K) Eden: 559232K(559232K)->0K(559232K) From: 65915K(69888K)->31467K(69888K)
[484.566s][info][gc,heap        ] GC(596) Tenured: 1074960K(1398144K)->1134347K(1398144K)
[484.566s][info][gc,metaspace   ] GC(596) Metaspace: 119651K(123456K)->119651K(123456K) NonClass: 103446K(104000K)->103446K(104000K) Class: 16204K(19456K)->16204K(19456K)
[484.566s][info][gc             ] GC(596) Pause Young (Allocation Failure) 1660M->1138M(1979M) 23.757ms
[484.566s][info][gc,cpu         ] GC(596) User=0.02s Sys=0.00s Real=0.02s
[484.604s][info][gc,start       ] GC(597) Pause Young (Allocation Failure)
[484.615s][info][gc,heap        ] GC(597) DefNew: 590699K(629120K)->39753K(629120K) Eden: 559232K(559232K)->0K(559232K) From: 31467K(69888K)->39753K(69888K)
[484.616s][info][gc,heap        ] GC(597) Tenured: 1134347K(1398144K)->1134347K(1398144K)
[484.616s][info][gc,metaspace   ] GC(597) Metaspace: 119651K(123456K)->119651K(123456K) NonClass: 103446K(104000K)->103446K(104000K) Class: 16204K(19456K)->16204K(19456K)
[484.616s][info][gc             ] GC(597) Pause Young (Allocation Failure) 1684M->1146M(1979M) 11.417ms
[484.616s][info][gc,cpu         ] GC(597) User=0.02s Sys=0.00s Real=0.02s
[484.663s][info][gc,start       ] GC(598) Pause Young (Allocation Failure)
[484.687s][info][gc,heap        ] GC(598) DefNew: 598985K(629120K)->56285K(629120K) Eden: 559232K(559232K)->0K(559232K) From: 39753K(69888K)->56285K(69888K)
[484.687s][info][gc,heap        ] GC(598) Tenured: 1134347K(1398144K)->1165599K(1398144K)
[484.687s][info][gc,metaspace   ] GC(598) Metaspace: 119651K(123456K)->119651K(123456K) NonClass: 103446K(104000K)->103446K(104000K) Class: 16204K(19456K)->16204K(19456K)
[484.687s][info][gc             ] GC(598) Pause Young (Allocation Failure) 1692M->1193M(1979M) 23.261ms
[484.687s][info][gc,cpu         ] GC(598) User=0.02s Sys=0.00s Real=0.02s
[484.728s][info][gc,start       ] GC(599) Pause Young (Allocation Failure)
[484.752s][info][gc,heap        ] GC(599) DefNew: 615517K(629120K)->40936K(629120K) Eden: 559232K(559232K)->0K(559232K) From: 56285K(69888K)->40936K(69888K)
[484.752s][info][gc,heap        ] GC(599) Tenured: 1165599K(1398144K)->1221265K(1398144K)
[484.752s][info][gc,metaspace   ] GC(599) Metaspace: 119651K(123456K)->119651K(123456K) NonClass: 103446K(104000K)->103446K(104000K) Class: 16204K(19456K)->16204K(19456K)
[484.752s][info][gc             ] GC(599) Pause Young (Allocation Failure) 1739M->1232M(1979M) 24.404ms
[484.752s][info][gc,cpu         ] GC(599) User=0.03s Sys=0.00s Real=0.03s
[484.792s][info][gc,start       ] GC(600) Pause Young (Allocation Failure)
[484.812s][info][gc,heap        ] GC(600) DefNew: 600168K(629120K)->40072K(629120K) Eden: 559232K(559232K)->0K(559232K) From: 40936K(69888K)->40072K(69888K)
[484.813s][info][gc,heap        ] GC(600) Tenured: 1221265K(1398144K)->1260170K(1398144K)
[484.813s][info][gc,metaspace   ] GC(600) Metaspace: 119651K(123456K)->119651K(123456K) NonClass: 103446K(104000K)->103446K(104000K) Class: 16204K(19456K)->16204K(19456K)
[484.813s][info][gc             ] GC(600) Pause Young (Allocation Failure) 1778M->1269M(1979M) 20.664ms
[484.813s][info][gc,cpu         ] GC(600) User=0.02s Sys=0.00s Real=0.02s
[484.851s][info][gc,start       ] GC(601) Pause Young (Allocation Failure)
[484.867s][info][gc,heap        ] GC(601) DefNew: 599304K(629120K)->19341K(629120K) Eden: 559232K(559232K)->0K(559232K) From: 40072K(69888K)->19341K(69888K)
[484.867s][info][gc,heap        ] GC(601) Tenured: 1260170K(1398144K)->1295660K(1398144K)
[484.867s][info][gc,metaspace   ] GC(601) Metaspace: 119651K(123456K)->119651K(123456K) NonClass: 103446K(104000K)->103446K(104000K) Class: 16204K(19456K)->16204K(19456K)
[484.867s][info][gc             ] GC(601) Pause Young (Allocation Failure) 1815M->1284M(1979M) 15.651ms
[484.867s][info][gc,cpu         ] GC(601) User=0.02s Sys=0.00s Real=0.02s
[484.905s][info][gc,start       ] GC(602) Pause Young (Allocation Failure)
[484.913s][info][gc,heap        ] GC(602) DefNew: 578573K(629120K)->24429K(629120K) Eden: 559232K(559232K)->0K(559232K) From: 19341K(69888K)->24429K(69888K)
[484.913s][info][gc,heap        ] GC(602) Tenured: 1295660K(1398144K)->1295660K(1398144K)
[484.913s][info][gc,metaspace   ] GC(602) Metaspace: 119651K(123456K)->119651K(123456K) NonClass: 103446K(104000K)->103446K(104000K) Class: 16204K(19456K)->16204K(19456K)
[484.913s][info][gc             ] GC(602) Pause Young (Allocation Failure) 1830M->1289M(1979M) 8.537ms
[484.913s][info][gc,cpu         ] GC(602) User=0.00s Sys=0.00s Real=0.00s
[484.952s][info][gc,start       ] GC(603) Pause Young (Allocation Failure)
[484.962s][info][gc,heap        ] GC(603) DefNew: 583661K(629120K)->35739K(629120K) Eden: 559232K(559232K)->0K(559232K) From: 24429K(69888K)->35739K(69888K)
[484.962s][info][gc,heap        ] GC(603) Tenured: 1295660K(1398144K)->1295660K(1398144K)
[484.962s][info][gc,metaspace   ] GC(603) Metaspace: 119651K(123456K)->119651K(123456K) NonClass: 103446K(104000K)->103446K(104000K) Class: 16204K(19456K)->16204K(19456K)
[484.962s][info][gc             ] GC(603) Pause Young (Allocation Failure) 1835M->1300M(1979M) 10.974ms
[484.963s][info][gc,cpu         ] GC(603) User=0.00s Sys=0.00s Real=0.00s
[485.001s][info][gc,start       ] GC(604) Pause Young (Allocation Failure)
[485.014s][info][gc,heap        ] GC(604) DefNew: 594971K(629120K)->37764K(629120K) Eden: 559232K(559232K)->0K(559232K) From: 35739K(69888K)->37764K(69888K)
[485.014s][info][gc,heap        ] GC(604) Tenured: 1295660K(1398144K)->1299902K(1398144K)
[485.014s][info][gc,metaspace   ] GC(604) Metaspace: 119651K(123456K)->119651K(123456K) NonClass: 103446K(104000K)->103446K(104000K) Class: 16204K(19456K)->16204K(19456K)
[485.014s][info][gc             ] GC(604) Pause Young (Allocation Failure) 1846M->1306M(1979M) 12.384ms
[485.014s][info][gc,cpu         ] GC(604) User=0.02s Sys=0.00s Real=0.02s
[485.052s][info][gc,start       ] GC(605) Pause Young (Allocation Failure)
[485.064s][info][gc,heap        ] GC(605) DefNew: 596996K(629120K)->44008K(629120K) Eden: 559232K(559232K)->0K(559232K) From: 37764K(69888K)->44008K(69888K)
[485.064s][info][gc,heap        ] GC(605) Tenured: 1299902K(1398144K)->1299910K(1398144K)
[485.064s][info][gc,metaspace   ] GC(605) Metaspace: 119651K(123456K)->119651K(123456K) NonClass: 103446K(104000K)->103446K(104000K) Class: 16204K(19456K)->16204K(19456K)
[485.064s][info][gc             ] GC(605) Pause Young (Allocation Failure) 1852M->1312M(1979M) 12.544ms
[485.064s][info][gc,cpu         ] GC(605) User=0.02s Sys=0.00s Real=0.02s
[485.103s][info][gc,start       ] GC(606) Pause Young (Allocation Failure)
[485.115s][info][gc,heap        ] GC(606) DefNew: 603240K(629120K)->33106K(629120K) Eden: 559232K(559232K)->0K(559232K) From: 44008K(69888K)->33106K(69888K)
[485.115s][info][gc,heap        ] GC(606) Tenured: 1299910K(1398144K)->1312412K(1398144K)
[485.115s][info][gc,metaspace   ] GC(606) Metaspace: 119651K(123456K)->119651K(123456K) NonClass: 103446K(104000K)->103446K(104000K) Class: 16204K(19456K)->16204K(19456K)
[485.115s][info][gc             ] GC(606) Pause Young (Allocation Failure) 1858M->1313M(1979M) 12.924ms
[485.116s][info][gc,cpu         ] GC(606) User=0.02s Sys=0.00s Real=0.02s
[485.154s][info][gc,start       ] GC(607) Pause Young (Allocation Failure)
[485.164s][info][gc,heap        ] GC(607) DefNew: 592338K(629120K)->34689K(629120K) Eden: 559232K(559232K)->0K(559232K) From: 33106K(69888K)->34689K(69888K)
[485.164s][info][gc,heap        ] GC(607) Tenured: 1312412K(1398144K)->1312412K(1398144K)
[485.164s][info][gc,metaspace   ] GC(607) Metaspace: 119651K(123456K)->119651K(123456K) NonClass: 103446K(104000K)->103446K(104000K) Class: 16204K(19456K)->16204K(19456K)
[485.164s][info][gc             ] GC(607) Pause Young (Allocation Failure) 1860M->1315M(1979M) 10.642ms
[485.164s][info][gc,cpu         ] GC(607) User=0.00s Sys=0.00s Real=0.00s
[485.204s][info][gc,start       ] GC(608) Pause Young (Allocation Failure)
[485.220s][info][gc,heap        ] GC(608) DefNew: 593921K(629120K)->56556K(629120K) Eden: 559232K(559232K)->0K(559232K) From: 34689K(69888K)->56556K(69888K)
[485.220s][info][gc,heap        ] GC(608) Tenured: 1312412K(1398144K)->1312412K(1398144K)
[485.220s][info][gc,metaspace   ] GC(608) Metaspace: 119651K(123456K)->119651K(123456K) NonClass: 103446K(104000K)->103446K(104000K) Class: 16204K(19456K)->16204K(19456K)
[485.220s][info][gc             ] GC(608) Pause Young (Allocation Failure) 1861M->1336M(1979M) 16.051ms
[485.220s][info][gc,cpu         ] GC(608) User=0.02s Sys=0.00s Real=0.02s
[485.259s][info][gc,start       ] GC(609) Pause Young (Allocation Failure)
[485.280s][info][gc,heap        ] GC(609) DefNew: 615788K(629120K)->65982K(629120K) Eden: 559232K(559232K)->0K(559232K) From: 56556K(69888K)->65982K(69888K)
[485.280s][info][gc,heap        ] GC(609) Tenured: 1312412K(1398144K)->1328037K(1398144K)
[485.280s][info][gc,metaspace   ] GC(609) Metaspace: 119651K(123456K)->119651K(123456K) NonClass: 103446K(104000K)->103446K(104000K) Class: 16204K(19456K)->16204K(19456K)
[485.280s][info][gc             ] GC(609) Pause Young (Allocation Failure) 1883M->1361M(1979M) 21.576ms
[485.280s][info][gc,cpu         ] GC(609) User=0.02s Sys=0.00s Real=0.02s
[485.319s][info][gc,start       ] GC(610) Pause Young (Allocation Failure)
[485.340s][info][gc,heap        ] GC(610) DefNew: 625214K(629120K)->50395K(629120K) Eden: 559232K(559232K)->0K(559232K) From: 65982K(69888K)->50395K(69888K)
[485.341s][info][gc,heap        ] GC(610) Tenured: 1328037K(1398144K)->1362436K(1398144K)
[485.341s][info][gc,metaspace   ] GC(610) Metaspace: 119651K(123456K)->119651K(123456K) NonClass: 103446K(104000K)->103446K(104000K) Class: 16204K(19456K)->16204K(19456K)
[485.341s][info][gc             ] GC(610) Pause Young (Allocation Failure) 1907M->1379M(1979M) 21.795ms
[485.341s][info][gc,cpu         ] GC(610) User=0.02s Sys=0.00s Real=0.01s
[485.380s][info][gc,start       ] GC(611) Pause Young (Allocation Failure)
[485.381s][info][gc,heap        ] GC(611) DefNew: 609627K(629120K)->609627K(629120K) Eden: 559232K(559232K)->559232K(559232K) From: 50395K(69888K)->50395K(69888K)
[485.381s][info][gc,heap        ] GC(611) Tenured: 1362436K(1398144K)->1362436K(1398144K)
[485.381s][info][gc,metaspace   ] GC(611) Metaspace: 119651K(123456K)->119651K(123456K) NonClass: 103446K(104000K)->103446K(104000K) Class: 16204K(19456K)->16204K(19456K)
[485.381s][info][gc             ] GC(611) Pause Young (Allocation Failure) 1925M->1925M(1979M) 0.175ms
[485.381s][info][gc,cpu         ] GC(611) User=0.00s Sys=0.00s Real=0.00s
[485.381s][info][gc,start       ] GC(612) Pause Full (Allocation Failure)
[485.381s][info][gc,phases,start] GC(612) Phase 1: Mark live objects
[485.452s][info][gc,phases      ] GC(612) Phase 1: Mark live objects 70.891ms
[485.452s][info][gc,phases,start] GC(612) Phase 2: Compute new object addresses
[485.600s][info][gc,phases      ] GC(612) Phase 2: Compute new object addresses 148.379ms
[485.600s][info][gc,phases,start] GC(612) Phase 3: Adjust pointers
[485.634s][info][gc,phases      ] GC(612) Phase 3: Adjust pointers 33.450ms
[485.634s][info][gc,phases,start] GC(612) Phase 4: Move objects
[485.836s][info][gc,phases      ] GC(612) Phase 4: Move objects 202.602ms
[485.838s][info][gc,heap        ] GC(612) DefNew: 609627K(629120K)->0K(629120K) Eden: 559232K(559232K)->0K(559232K) From: 50395K(69888K)->0K(69888K)
[485.838s][info][gc,heap        ] GC(612) Tenured: 1362436K(1398144K)->1138736K(1398144K)
[485.838s][info][gc,metaspace   ] GC(612) Metaspace: 119651K(123456K)->118957K(123456K) NonClass: 103446K(104000K)->102866K(104000K) Class: 16204K(19456K)->16091K(19456K)
[485.838s][info][gc             ] GC(612) Pause Full (Allocation Failure) 1925M->1112M(1979M) 457.502ms
[485.838s][info][gc,cpu         ] GC(612) User=0.45s Sys=0.00s Real=0.46s
[485.878s][info][gc,start       ] GC(613) Pause Young (Allocation Failure)
[485.891s][info][gc,heap        ] GC(613) DefNew: 559232K(629120K)->41810K(629120K) Eden: 559232K(559232K)->0K(559232K) From: 0K(69888K)->41810K(69888K)
[485.891s][info][gc,heap        ] GC(613) Tenured: 1138736K(1398144K)->1138736K(1398144K)
[485.891s][info][gc,metaspace   ] GC(613) Metaspace: 118964K(123456K)->118964K(123456K) NonClass: 102871K(104000K)->102871K(104000K) Class: 16092K(19456K)->16092K(19456K)
[485.891s][info][gc             ] GC(613) Pause Young (Allocation Failure) 1658M->1152M(1979M) 12.963ms
[485.891s][info][gc,cpu         ] GC(613) User=0.02s Sys=0.00s Real=0.02s
[485.932s][info][gc,start       ] GC(614) Pause Young (Allocation Failure)
[485.954s][info][gc,heap        ] GC(614) DefNew: 601042K(629120K)->38330K(629120K) Eden: 559232K(559232K)->0K(559232K) From: 41810K(69888K)->38330K(69888K)
[485.954s][info][gc,heap        ] GC(614) Tenured: 1138736K(1398144K)->1178340K(1398144K)
[485.954s][info][gc,metaspace   ] GC(614) Metaspace: 118988K(123456K)->118988K(123456K) NonClass: 102891K(104000K)->102891K(104000K) Class: 16096K(19456K)->16096K(19456K)
[485.954s][info][gc             ] GC(614) Pause Young (Allocation Failure) 1699M->1188M(1979M) 22.016ms
[485.954s][info][gc,cpu         ] GC(614) User=0.02s Sys=0.00s Real=0.02s
[485.997s][info][gc,start       ] GC(615) Pause Young (Allocation Failure)
[486.021s][info][gc,heap        ] GC(615) DefNew: 597562K(629120K)->52854K(629120K) Eden: 559232K(559232K)->0K(559232K) From: 38330K(69888K)->52854K(69888K)
[486.022s][info][gc,heap        ] GC(615) Tenured: 1178340K(1398144K)->1211741K(1398144K)
[486.022s][info][gc,metaspace   ] GC(615) Metaspace: 119019K(123456K)->119019K(123456K) NonClass: 102917K(104000K)->102917K(104000K) Class: 16101K(19456K)->16101K(19456K)
[486.022s][info][gc             ] GC(615) Pause Young (Allocation Failure) 1734M->1234M(1979M) 24.520ms
[486.022s][info][gc,cpu         ] GC(615) User=0.03s Sys=0.00s Real=0.03s
[486.060s][info][gc,start       ] GC(616) Pause Young (Allocation Failure)
[486.082s][info][gc,heap        ] GC(616) DefNew: 612086K(629120K)->35915K(629120K) Eden: 559232K(559232K)->0K(559232K) From: 52854K(69888K)->35915K(69888K)
[486.082s][info][gc,heap        ] GC(616) Tenured: 1211741K(1398144K)->1249986K(1398144K)
[486.082s][info][gc,metaspace   ] GC(616) Metaspace: 119019K(123456K)->119019K(123456K) NonClass: 102917K(104000K)->102917K(104000K) Class: 16101K(19456K)->16101K(19456K)
[486.082s][info][gc             ] GC(616) Pause Young (Allocation Failure) 1781M->1255M(1979M) 21.805ms
[486.082s][info][gc,cpu         ] GC(616) User=0.02s Sys=0.00s Real=0.01s
[486.124s][info][gc,start       ] GC(617) Pause Young (Allocation Failure)
[486.144s][info][gc,heap        ] GC(617) DefNew: 595147K(629120K)->40243K(629120K) Eden: 559232K(559232K)->0K(559232K) From: 35915K(69888K)->40243K(69888K)
[486.144s][info][gc,heap        ] GC(617) Tenured: 1249986K(1398144K)->1273054K(1398144K)
[486.144s][info][gc,metaspace   ] GC(617) Metaspace: 119019K(123456K)->119019K(123456K) NonClass: 102918K(104000K)->102918K(104000K) Class: 16101K(19456K)->16101K(19456K)
[486.144s][info][gc             ] GC(617) Pause Young (Allocation Failure) 1801M->1282M(1979M) 19.704ms
[486.144s][info][gc,cpu         ] GC(617) User=0.02s Sys=0.00s Real=0.02s
[486.183s][info][gc,start       ] GC(618) Pause Young (Allocation Failure)
[486.206s][info][gc,heap        ] GC(618) DefNew: 599475K(629120K)->48441K(629120K) Eden: 559232K(559232K)->0K(559232K) From: 40243K(69888K)->48441K(69888K)
[486.206s][info][gc,heap        ] GC(618) Tenured: 1273054K(1398144K)->1309333K(1398144K)
[486.206s][info][gc,metaspace   ] GC(618) Metaspace: 119023K(123456K)->119023K(123456K) NonClass: 102921K(104000K)->102921K(104000K) Class: 16102K(19456K)->16102K(19456K)
[486.206s][info][gc             ] GC(618) Pause Young (Allocation Failure) 1828M->1325M(1979M) 23.028ms
[486.206s][info][gc,cpu         ] GC(618) User=0.02s Sys=0.00s Real=0.02s
[486.241s][info][gc,start       ] GC(619) Pause Young (Allocation Failure)
[486.271s][info][gc,heap        ] GC(619) DefNew: 607673K(629120K)->69888K(629120K) Eden: 559232K(559232K)->0K(559232K) From: 48441K(69888K)->69888K(69888K)
[486.271s][info][gc,heap        ] GC(619) Tenured: 1309333K(1398144K)->1357498K(1398144K)
[486.271s][info][gc,metaspace   ] GC(619) Metaspace: 119034K(123456K)->119034K(123456K) NonClass: 102931K(104000K)->102931K(104000K) Class: 16102K(19456K)->16102K(19456K)
[486.271s][info][gc             ] GC(619) Pause Young (Allocation Failure) 1872M->1393M(1979M) 30.498ms
[486.272s][info][gc,cpu         ] GC(619) User=0.03s Sys=0.00s Real=0.03s
[486.309s][info][gc,start       ] GC(620) Pause Young (Allocation Failure)
[486.309s][info][gc             ] GC(620) Pause Young (Allocation Failure) 1940M->1940M(1979M) 0.125ms
[486.309s][info][gc,cpu         ] GC(620) User=0.00s Sys=0.00s Real=0.00s
[486.309s][info][gc,start       ] GC(621) Pause Full (Allocation Failure)
[486.309s][info][gc,phases,start] GC(621) Phase 1: Mark live objects
[486.363s][info][gc,phases      ] GC(621) Phase 1: Mark live objects 53.803ms
[486.363s][info][gc,phases,start] GC(621) Phase 2: Compute new object addresses
[486.502s][info][gc,phases      ] GC(621) Phase 2: Compute new object addresses 138.696ms
[486.502s][info][gc,phases,start] GC(621) Phase 3: Adjust pointers
[486.535s][info][gc,phases      ] GC(621) Phase 3: Adjust pointers 33.126ms
[486.535s][info][gc,phases,start] GC(621) Phase 4: Move objects
[486.566s][info][gc,phases      ] GC(621) Phase 4: Move objects 30.781ms
[486.567s][info][gc,heap        ] GC(621) DefNew: 629120K(629120K)->0K(629120K) Eden: 559232K(559232K)->0K(559232K) From: 69888K(69888K)->0K(69888K)
[486.567s][info][gc,heap        ] GC(621) Tenured: 1357498K(1398144K)->1238920K(1398144K)
[486.567s][info][gc,metaspace   ] GC(621) Metaspace: 119037K(123456K)->119037K(123456K) NonClass: 102934K(104000K)->102934K(104000K) Class: 16102K(19456K)->16102K(19456K)
[486.567s][info][gc             ] GC(621) Pause Full (Allocation Failure) 1940M->1209M(1979M) 257.628ms
[486.567s][info][gc,cpu         ] GC(621) User=0.27s Sys=0.00s Real=0.27s
[486.606s][info][gc,start       ] GC(622) Pause Young (Allocation Failure)
[486.617s][info][gc,heap        ] GC(622) DefNew: 559232K(629120K)->37709K(629120K) Eden: 559232K(559232K)->0K(559232K) From: 0K(69888K)->37709K(69888K)
[486.617s][info][gc,heap        ] GC(622) Tenured: 1238920K(1398144K)->1238920K(1398144K)
[486.617s][info][gc,metaspace   ] GC(622) Metaspace: 119049K(123456K)->119049K(123456K) NonClass: 102946K(104000K)->102946K(104000K) Class: 16102K(19456K)->16102K(19456K)
[486.617s][info][gc             ] GC(622) Pause Young (Allocation Failure) 1756M->1246M(1979M) 11.350ms
[486.617s][info][gc,cpu         ] GC(622) User=0.02s Sys=0.00s Real=0.02s
[486.647s][info][gc,start       ] GC(623) Pause Young (Allocation Failure)
[486.664s][info][gc,heap        ] GC(623) DefNew: 596941K(629120K)->49488K(629120K) Eden: 559232K(559232K)->0K(559232K) From: 37709K(69888K)->49488K(69888K)
[486.664s][info][gc,heap        ] GC(623) Tenured: 1238920K(1398144K)->1254617K(1398144K)
[486.664s][info][gc,metaspace   ] GC(623) Metaspace: 119049K(123456K)->119049K(123456K) NonClass: 102946K(104000K)->102946K(104000K) Class: 16102K(19456K)->16102K(19456K)
[486.664s][info][gc             ] GC(623) Pause Young (Allocation Failure) 1792M->1273M(1979M) 17.580ms
[486.664s][info][gc,cpu         ] GC(623) User=0.02s Sys=0.00s Real=0.02s
[486.696s][info][gc,start       ] GC(624) Pause Young (Allocation Failure)
[486.722s][info][gc,heap        ] GC(624) DefNew: 608720K(629120K)->66313K(629120K) Eden: 559232K(559232K)->0K(559232K) From: 49488K(69888K)->66313K(69888K)
[486.722s][info][gc,heap        ] GC(624) Tenured: 1254617K(1398144K)->1284784K(1398144K)
[486.722s][info][gc,metaspace   ] GC(624) Metaspace: 119049K(123456K)->119049K(123456K) NonClass: 102946K(104000K)->102946K(104000K) Class: 16102K(19456K)->16102K(19456K)
[486.722s][info][gc             ] GC(624) Pause Young (Allocation Failure) 1819M->1319M(1979M) 26.563ms
[486.722s][info][gc,cpu         ] GC(624) User=0.02s Sys=0.00s Real=0.02s
[486.754s][info][gc,start       ] GC(625) Pause Young (Allocation Failure)
[486.784s][info][gc,heap        ] GC(625) DefNew: 625545K(629120K)->69394K(629120K) Eden: 559232K(559232K)->0K(559232K) From: 66313K(69888K)->69394K(69888K)
[486.784s][info][gc,heap        ] GC(625) Tenured: 1284784K(1398144K)->1340555K(1398144K)
[486.784s][info][gc,metaspace   ] GC(625) Metaspace: 119049K(123456K)->119049K(123456K) NonClass: 102946K(104000K)->102946K(104000K) Class: 16102K(19456K)->16102K(19456K)
[486.784s][info][gc             ] GC(625) Pause Young (Allocation Failure) 1865M->1376M(1979M) 29.559ms
[486.784s][info][gc,cpu         ] GC(625) User=0.02s Sys=0.00s Real=0.02s
[486.819s][info][gc,start       ] GC(626) Pause Young (Allocation Failure)
[486.819s][info][gc             ] GC(626) Pause Young (Allocation Failure) 1923M->1923M(1979M) 0.123ms
[486.819s][info][gc,cpu         ] GC(626) User=0.00s Sys=0.00s Real=0.00s
[486.819s][info][gc,start       ] GC(627) Pause Full (Allocation Failure)
[486.819s][info][gc,phases,start] GC(627) Phase 1: Mark live objects
[486.871s][info][gc,phases      ] GC(627) Phase 1: Mark live objects 51.414ms
[486.871s][info][gc,phases,start] GC(627) Phase 2: Compute new object addresses
[487.009s][info][gc,phases      ] GC(627) Phase 2: Compute new object addresses 138.692ms
[487.009s][info][gc,phases,start] GC(627) Phase 3: Adjust pointers
[487.042s][info][gc,phases      ] GC(627) Phase 3: Adjust pointers 32.347ms
[487.042s][info][gc,phases,start] GC(627) Phase 4: Move objects
[487.270s][info][gc,phases      ] GC(627) Phase 4: Move objects 227.915ms
[487.271s][info][gc,heap        ] GC(627) DefNew: 628626K(629120K)->0K(629120K) Eden: 559232K(559232K)->0K(559232K) From: 69394K(69888K)->0K(69888K)
[487.271s][info][gc,heap        ] GC(627) Tenured: 1340555K(1398144K)->1253687K(1398144K)
[487.271s][info][gc,metaspace   ] GC(627) Metaspace: 119049K(123456K)->119049K(123456K) NonClass: 102946K(104000K)->102946K(104000K) Class: 16102K(19456K)->16102K(19456K)
[487.271s][info][gc             ] GC(627) Pause Full (Allocation Failure) 1923M->1224M(1979M) 451.608ms
[487.271s][info][gc,cpu         ] GC(627) User=0.45s Sys=0.00s Real=0.45s
[487.306s][info][gc,start       ] GC(628) Pause Young (Allocation Failure)
[487.318s][info][gc,heap        ] GC(628) DefNew: 559232K(629120K)->43675K(629120K) Eden: 559232K(559232K)->0K(559232K) From: 0K(69888K)->43675K(69888K)
[487.318s][info][gc,heap        ] GC(628) Tenured: 1253687K(1398144K)->1253687K(1398144K)
[487.318s][info][gc,metaspace   ] GC(628) Metaspace: 119049K(123456K)->119049K(123456K) NonClass: 102946K(104000K)->102946K(104000K) Class: 16102K(19456K)->16102K(19456K)
[487.318s][info][gc             ] GC(628) Pause Young (Allocation Failure) 1770M->1266M(1979M) 11.990ms
[487.319s][info][gc,cpu         ] GC(628) User=0.02s Sys=0.00s Real=0.02s
[487.348s][info][gc,start       ] GC(629) Pause Young (Allocation Failure)
[487.368s][info][gc,heap        ] GC(629) DefNew: 602907K(629120K)->56662K(629120K) Eden: 559232K(559232K)->0K(559232K) From: 43675K(69888K)->56662K(69888K)
[487.368s][info][gc,heap        ] GC(629) Tenured: 1253687K(1398144K)->1278479K(1398144K)
[487.368s][info][gc,metaspace   ] GC(629) Metaspace: 119049K(123456K)->119049K(123456K) NonClass: 102946K(104000K)->102946K(104000K) Class: 16102K(19456K)->16102K(19456K)
[487.368s][info][gc             ] GC(629) Pause Young (Allocation Failure) 1813M->1303M(1979M) 20.045ms
[487.368s][info][gc,cpu         ] GC(629) User=0.02s Sys=0.00s Real=0.01s
[487.399s][info][gc,start       ] GC(630) Pause Young (Allocation Failure)
[487.421s][info][gc,heap        ] GC(630) DefNew: 615894K(629120K)->61979K(629120K) Eden: 559232K(559232K)->0K(559232K) From: 56662K(69888K)->61979K(69888K)
[487.421s][info][gc,heap        ] GC(630) Tenured: 1278479K(1398144K)->1306494K(1398144K)
[487.421s][info][gc,metaspace   ] GC(630) Metaspace: 119049K(123456K)->119049K(123456K) NonClass: 102946K(104000K)->102946K(104000K) Class: 16102K(19456K)->16102K(19456K)
[487.421s][info][gc             ] GC(630) Pause Young (Allocation Failure) 1849M->1336M(1979M) 22.177ms
[487.421s][info][gc,cpu         ] GC(630) User=0.03s Sys=0.00s Real=0.03s
[487.451s][info][gc,start       ] GC(631) Pause Young (Allocation Failure)
[487.479s][info][gc,heap        ] GC(631) DefNew: 621211K(629120K)->69497K(629120K) Eden: 559232K(559232K)->0K(559232K) From: 61979K(69888K)->69497K(69888K)
[487.479s][info][gc,heap        ] GC(631) Tenured: 1306494K(1398144K)->1356741K(1398144K)
[487.479s][info][gc,metaspace   ] GC(631) Metaspace: 119049K(123456K)->119049K(123456K) NonClass: 102946K(104000K)->102946K(104000K) Class: 16102K(19456K)->16102K(19456K)
[487.480s][info][gc             ] GC(631) Pause Young (Allocation Failure) 1882M->1392M(1979M) 28.765ms
[487.480s][info][gc,cpu         ] GC(631) User=0.02s Sys=0.00s Real=0.02s
[487.512s][info][gc,start       ] GC(632) Pause Young (Allocation Failure)
[487.512s][info][gc             ] GC(632) Pause Young (Allocation Failure) 1938M->1938M(1979M) 0.126ms
[487.512s][info][gc,cpu         ] GC(632) User=0.00s Sys=0.00s Real=0.00s
[487.512s][info][gc,start       ] GC(633) Pause Full (Allocation Failure)
[487.512s][info][gc,phases,start] GC(633) Phase 1: Mark live objects
[487.565s][info][gc,phases      ] GC(633) Phase 1: Mark live objects 52.784ms
[487.565s][info][gc,phases,start] GC(633) Phase 2: Compute new object addresses
[487.708s][info][gc,phases      ] GC(633) Phase 2: Compute new object addresses 142.592ms
[487.708s][info][gc,phases,start] GC(633) Phase 3: Adjust pointers
[487.740s][info][gc,phases      ] GC(633) Phase 3: Adjust pointers 31.757ms
[487.740s][info][gc,phases,start] GC(633) Phase 4: Move objects
[487.762s][info][gc,phases      ] GC(633) Phase 4: Move objects 22.707ms
[487.763s][info][gc,heap        ] GC(633) DefNew: 628729K(629120K)->0K(629120K) Eden: 559232K(559232K)->0K(559232K) From: 69497K(69888K)->0K(69888K)
[487.763s][info][gc,heap        ] GC(633) Tenured: 1356741K(1398144K)->1380941K(1398144K)
[487.763s][info][gc,metaspace   ] GC(633) Metaspace: 119049K(123456K)->119049K(123456K) NonClass: 102946K(104000K)->102946K(104000K) Class: 16102K(19456K)->16102K(19456K)
[487.763s][info][gc             ] GC(633) Pause Full (Allocation Failure) 1938M->1348M(1979M) 250.931ms
[487.763s][info][gc,cpu         ] GC(633) User=0.25s Sys=0.00s Real=0.25s
[487.798s][info][gc,start       ] GC(634) Pause Young (Allocation Failure)
[487.798s][info][gc             ] GC(634) Pause Young (Allocation Failure) 1894M->1894M(1979M) 0.125ms
[487.798s][info][gc,cpu         ] GC(634) User=0.00s Sys=0.00s Real=0.00s
[487.798s][info][gc,start       ] GC(635) Pause Full (Allocation Failure)
[487.798s][info][gc,phases,start] GC(635) Phase 1: Mark live objects
[487.849s][info][gc,phases      ] GC(635) Phase 1: Mark live objects 50.658ms
[487.849s][info][gc,phases,start] GC(635) Phase 2: Compute new object addresses
[488.003s][info][gc,phases      ] GC(635) Phase 2: Compute new object addresses 153.753ms
[488.003s][info][gc,phases,start] GC(635) Phase 3: Adjust pointers
[488.032s][info][gc,phases      ] GC(635) Phase 3: Adjust pointers 29.459ms
[488.032s][info][gc,phases,start] GC(635) Phase 4: Move objects
[488.046s][info][gc,phases      ] GC(635) Phase 4: Move objects 13.918ms
[488.047s][info][gc,heap        ] GC(635) DefNew: 559232K(629120K)->10446K(629120K) Eden: 559232K(559232K)->10446K(559232K) From: 0K(69888K)->0K(69888K)
[488.047s][info][gc,heap        ] GC(635) Tenured: 1380941K(1398144K)->1397555K(1398144K)
[488.047s][info][gc,metaspace   ] GC(635) Metaspace: 119050K(123456K)->119050K(123456K) NonClass: 102947K(104000K)->102947K(104000K) Class: 16102K(19456K)->16102K(19456K)
[488.047s][info][gc             ] GC(635) Pause Full (Allocation Failure) 1894M->1375M(1979M) 248.814ms
[488.047s][info][gc,cpu         ] GC(635) User=0.23s Sys=0.00s Real=0.24s
[489.592s][info][gc,start       ] GC(636) Pause Full (Allocation Failure)
[489.592s][info][gc,phases,start] GC(636) Phase 1: Mark live objects
[489.652s][info][gc,phases      ] GC(636) Phase 1: Mark live objects 60.307ms
[489.652s][info][gc,phases,start] GC(636) Phase 2: Compute new object addresses
[489.816s][info][gc,phases      ] GC(636) Phase 2: Compute new object addresses 164.006ms
[489.816s][info][gc,phases,start] GC(636) Phase 3: Adjust pointers
[489.858s][info][gc,phases      ] GC(636) Phase 3: Adjust pointers 41.435ms
[489.858s][info][gc,phases,start] GC(636) Phase 4: Move objects
[489.880s][info][gc,phases      ] GC(636) Phase 4: Move objects 22.518ms
[489.881s][info][gc,heap        ] GC(636) DefNew: 629119K(629120K)->31779K(629120K) Eden: 559232K(559232K)->31779K(559232K) From: 69887K(69888K)->0K(69888K)
[489.881s][info][gc,heap        ] GC(636) Tenured: 1398144K(1398144K)->1393310K(1398144K)
[489.881s][info][gc,metaspace   ] GC(636) Metaspace: 119050K(123456K)->119050K(123456K) NonClass: 102947K(104000K)->102947K(104000K) Class: 16102K(19456K)->16102K(19456K)
[489.881s][info][gc             ] GC(636) Pause Full (Allocation Failure) 1979M->1391M(1979M) 289.490ms
[489.881s][info][gc,cpu         ] GC(636) User=0.30s Sys=0.00s Real=0.29s
[492.054s][info][gc,start       ] GC(637) Pause Full (Allocation Failure)
[492.055s][info][gc,phases,start] GC(637) Phase 1: Mark live objects
[492.105s][info][gc,phases      ] GC(637) Phase 1: Mark live objects 50.574ms
[492.105s][info][gc,phases,start] GC(637) Phase 2: Compute new object addresses
[492.276s][info][gc,phases      ] GC(637) Phase 2: Compute new object addresses 170.920ms
[492.276s][info][gc,phases,start] GC(637) Phase 3: Adjust pointers
[492.307s][info][gc,phases      ] GC(637) Phase 3: Adjust pointers 30.791ms
[492.307s][info][gc,phases,start] GC(637) Phase 4: Move objects
[492.529s][info][gc,phases      ] GC(637) Phase 4: Move objects 221.981ms
[492.530s][info][gc,heap        ] GC(637) DefNew: 629120K(629120K)->0K(629120K) Eden: 559232K(559232K)->0K(559232K) From: 69888K(69888K)->0K(69888K)
[492.530s][info][gc,heap        ] GC(637) Tenured: 1398143K(1398144K)->1364454K(1398144K)
[492.530s][info][gc,metaspace   ] GC(637) Metaspace: 119050K(123456K)->119050K(123456K) NonClass: 102947K(104000K)->102947K(104000K) Class: 16102K(19456K)->16102K(19456K)
[492.530s][info][gc             ] GC(637) Pause Full (Allocation Failure) 1979M->1332M(1979M) 475.524ms
[492.530s][info][gc,cpu         ] GC(637) User=0.47s Sys=0.00s Real=0.47s
[492.566s][info][gc,start       ] GC(638) Pause Young (Allocation Failure)
[492.566s][info][gc             ] GC(638) Pause Young (Allocation Failure) 1878M->1878M(1979M) 0.121ms
[492.566s][info][gc,cpu         ] GC(638) User=0.00s Sys=0.00s Real=0.00s
[492.566s][info][gc,start       ] GC(639) Pause Full (Allocation Failure)
[492.566s][info][gc,phases,start] GC(639) Phase 1: Mark live objects
[492.617s][info][gc,phases      ] GC(639) Phase 1: Mark live objects 50.375ms
[492.617s][info][gc,phases,start] GC(639) Phase 2: Compute new object addresses
[492.758s][info][gc,phases      ] GC(639) Phase 2: Compute new object addresses 141.152ms
[492.758s][info][gc,phases,start] GC(639) Phase 3: Adjust pointers
[492.787s][info][gc,phases      ] GC(639) Phase 3: Adjust pointers 29.198ms
[492.787s][info][gc,phases,start] GC(639) Phase 4: Move objects
[492.797s][info][gc,phases      ] GC(639) Phase 4: Move objects 10.013ms
[492.798s][info][gc,heap        ] GC(639) DefNew: 559232K(629120K)->13048K(629120K) Eden: 559232K(559232K)->13048K(559232K) From: 0K(69888K)->0K(69888K)
[492.798s][info][gc,heap        ] GC(639) Tenured: 1364454K(1398144K)->1396520K(1398144K)
[492.798s][info][gc,metaspace   ] GC(639) Metaspace: 119050K(123456K)->119050K(123456K) NonClass: 102947K(104000K)->102947K(104000K) Class: 16102K(19456K)->16102K(19456K)
[492.798s][info][gc             ] GC(639) Pause Full (Allocation Failure) 1878M->1376M(1979M) 231.747ms
[492.798s][info][gc,cpu         ] GC(639) User=0.23s Sys=0.00s Real=0.23s
[494.741s][info][gc,start       ] GC(640) Pause Full (Allocation Failure)
[494.741s][info][gc,phases,start] GC(640) Phase 1: Mark live objects
[494.792s][info][gc,phases      ] GC(640) Phase 1: Mark live objects 50.923ms
[494.792s][info][gc,phases,start] GC(640) Phase 2: Compute new object addresses
[494.949s][info][gc,phases      ] GC(640) Phase 2: Compute new object addresses 157.084ms
[494.949s][info][gc,phases,start] GC(640) Phase 3: Adjust pointers
[494.992s][info][gc,phases      ] GC(640) Phase 3: Adjust pointers 42.464ms
[494.992s][info][gc,phases,start] GC(640) Phase 4: Move objects
[495.002s][info][gc,phases      ] GC(640) Phase 4: Move objects 10.084ms
[495.003s][info][gc,heap        ] GC(640) DefNew: 629120K(629120K)->48144K(629120K) Eden: 559232K(559232K)->48144K(559232K) From: 69888K(69888K)->0K(69888K)
[495.003s][info][gc,heap        ] GC(640) Tenured: 1398143K(1398144K)->1398143K(1398144K)
[495.003s][info][gc,metaspace   ] GC(640) Metaspace: 119052K(123456K)->119052K(123456K) NonClass: 102949K(104000K)->102949K(104000K) Class: 16102K(19456K)->16102K(19456K)
[495.003s][info][gc             ] GC(640) Pause Full (Allocation Failure) 1979M->1412M(1979M) 261.664ms
[495.003s][info][gc,cpu         ] GC(640) User=0.27s Sys=0.00s Real=0.27s
[496.951s][info][gc,start       ] GC(641) Pause Full (Allocation Failure)
[496.951s][info][gc,phases,start] GC(641) Phase 1: Mark live objects
[497.005s][info][gc,phases      ] GC(641) Phase 1: Mark live objects 53.828ms
[497.005s][info][gc,phases,start] GC(641) Phase 2: Compute new object addresses
[497.162s][info][gc,phases      ] GC(641) Phase 2: Compute new object addresses 156.697ms
[497.162s][info][gc,phases,start] GC(641) Phase 3: Adjust pointers
[497.205s][info][gc,phases      ] GC(641) Phase 3: Adjust pointers 42.843ms
[497.205s][info][gc,phases,start] GC(641) Phase 4: Move objects
[497.221s][info][gc,phases      ] GC(641) Phase 4: Move objects 15.906ms
[497.222s][info][gc,heap        ] GC(641) DefNew: 629120K(629120K)->69285K(629120K) Eden: 559232K(559232K)->69285K(559232K) From: 69888K(69888K)->0K(69888K)
[497.222s][info][gc,heap        ] GC(641) Tenured: 1398143K(1398144K)->1398143K(1398144K)
[497.222s][info][gc,metaspace   ] GC(641) Metaspace: 119052K(123456K)->119052K(123456K) NonClass: 102949K(104000K)->102949K(104000K) Class: 16102K(19456K)->16102K(19456K)
[497.222s][info][gc             ] GC(641) Pause Full (Allocation Failure) 1979M->1433M(1979M) 270.416ms
[497.222s][info][gc,cpu         ] GC(641) User=0.28s Sys=0.00s Real=0.28s
[499.063s][info][gc,start       ] GC(642) Pause Full (Allocation Failure)
[499.063s][info][gc,phases,start] GC(642) Phase 1: Mark live objects
[499.114s][info][gc,phases      ] GC(642) Phase 1: Mark live objects 50.842ms
[499.114s][info][gc,phases,start] GC(642) Phase 2: Compute new object addresses
[499.260s][info][gc,phases      ] GC(642) Phase 2: Compute new object addresses 145.519ms
[499.260s][info][gc,phases,start] GC(642) Phase 3: Adjust pointers
[499.291s][info][gc,phases      ] GC(642) Phase 3: Adjust pointers 31.000ms
[499.291s][info][gc,phases,start] GC(642) Phase 4: Move objects
[499.525s][info][gc,phases      ] GC(642) Phase 4: Move objects 234.142ms
[499.526s][info][gc,heap        ] GC(642) DefNew: 629119K(629120K)->7741K(629120K) Eden: 559232K(559232K)->7741K(559232K) From: 69887K(69888K)->0K(69888K)
[499.526s][info][gc,heap        ] GC(642) Tenured: 1398143K(1398144K)->1396240K(1398144K)
[499.526s][info][gc,metaspace   ] GC(642) Metaspace: 119059K(123456K)->119059K(123456K) NonClass: 102955K(104000K)->102955K(104000K) Class: 16103K(19456K)->16103K(19456K)
[499.526s][info][gc             ] GC(642) Pause Full (Allocation Failure) 1979M->1371M(1979M) 462.732ms
[499.526s][info][gc,cpu         ] GC(642) User=0.47s Sys=0.00s Real=0.47s
[501.691s][info][gc,start       ] GC(643) Pause Full (Allocation Failure)
[501.692s][info][gc,phases,start] GC(643) Phase 1: Mark live objects
[501.755s][info][gc,phases      ] GC(643) Phase 1: Mark live objects 63.235ms
[501.755s][info][gc,phases,start] GC(643) Phase 2: Compute new object addresses
[501.923s][info][gc,phases      ] GC(643) Phase 2: Compute new object addresses 168.270ms
[501.923s][info][gc,phases,start] GC(643) Phase 3: Adjust pointers
[501.953s][info][gc,phases      ] GC(643) Phase 3: Adjust pointers 29.510ms
[501.953s][info][gc,phases,start] GC(643) Phase 4: Move objects
[501.960s][info][gc,phases      ] GC(643) Phase 4: Move objects 6.756ms
[501.960s][info][gc,heap        ] GC(643) DefNew: 629119K(629120K)->37806K(629120K) Eden: 559232K(559232K)->37806K(559232K) From: 69887K(69888K)->0K(69888K)
[501.960s][info][gc,heap        ] GC(643) Tenured: 1398143K(1398144K)->1398143K(1398144K)
[501.960s][info][gc,metaspace   ] GC(643) Metaspace: 119071K(123456K)->119071K(123456K) NonClass: 102968K(104000K)->102968K(104000K) Class: 16103K(19456K)->16103K(19456K)
[501.960s][info][gc             ] GC(643) Pause Full (Allocation Failure) 1979M->1402M(1979M) 268.983ms
[501.960s][info][gc,cpu         ] GC(643) User=0.28s Sys=0.00s Real=0.28s
[504.181s][info][gc,start       ] GC(644) Pause Full (Allocation Failure)
[504.181s][info][gc,phases,start] GC(644) Phase 1: Mark live objects
[504.232s][info][gc,phases      ] GC(644) Phase 1: Mark live objects 51.099ms
[504.232s][info][gc,phases,start] GC(644) Phase 2: Compute new object addresses
[504.390s][info][gc,phases      ] GC(644) Phase 2: Compute new object addresses 157.555ms
[504.390s][info][gc,phases,start] GC(644) Phase 3: Adjust pointers
[504.419s][info][gc,phases      ] GC(644) Phase 3: Adjust pointers 28.930ms
[504.419s][info][gc,phases,start] GC(644) Phase 4: Move objects
[504.424s][info][gc,phases      ] GC(644) Phase 4: Move objects 5.008ms
[504.424s][info][gc,heap        ] GC(644) DefNew: 629120K(629120K)->30535K(629120K) Eden: 559232K(559232K)->30535K(559232K) From: 69888K(69888K)->0K(69888K)
[504.424s][info][gc,heap        ] GC(644) Tenured: 1398144K(1398144K)->1398144K(1398144K)
[504.424s][info][gc,metaspace   ] GC(644) Metaspace: 119073K(123520K)->119073K(123520K) NonClass: 102970K(104064K)->102970K(104064K) Class: 16103K(19456K)->16103K(19456K)
[504.424s][info][gc             ] GC(644) Pause Full (Allocation Failure) 1979M->1395M(1979M) 243.650ms
[504.424s][info][gc,cpu         ] GC(644) User=0.25s Sys=0.00s Real=0.24s
[506.558s][info][gc,start       ] GC(645) Pause Full (Allocation Failure)
[506.558s][info][gc,phases,start] GC(645) Phase 1: Mark live objects
[506.609s][info][gc,phases      ] GC(645) Phase 1: Mark live objects 50.746ms
[506.609s][info][gc,phases,start] GC(645) Phase 2: Compute new object addresses
[506.774s][info][gc,phases      ] GC(645) Phase 2: Compute new object addresses 164.748ms
[506.774s][info][gc,phases,start] GC(645) Phase 3: Adjust pointers
[506.814s][info][gc,phases      ] GC(645) Phase 3: Adjust pointers 40.261ms
[506.814s][info][gc,phases,start] GC(645) Phase 4: Move objects
[506.819s][info][gc,phases      ] GC(645) Phase 4: Move objects 4.404ms
[506.819s][info][gc,heap        ] GC(645) DefNew: 629119K(629120K)->30525K(629120K) Eden: 559232K(559232K)->30525K(559232K) From: 69887K(69888K)->0K(69888K)
[506.819s][info][gc,heap        ] GC(645) Tenured: 1398144K(1398144K)->1398144K(1398144K)
[506.819s][info][gc,metaspace   ] GC(645) Metaspace: 119073K(123520K)->119073K(123520K) NonClass: 102970K(104064K)->102970K(104064K) Class: 16103K(19456K)->16103K(19456K)
[506.820s][info][gc             ] GC(645) Pause Full (Allocation Failure) 1979M->1395M(1979M) 261.272ms
[506.820s][info][gc,cpu         ] GC(645) User=0.27s Sys=0.00s Real=0.27s
[509.179s][info][gc,start       ] GC(646) Pause Full (Allocation Failure)
[509.179s][info][gc,phases,start] GC(646) Phase 1: Mark live objects
[509.230s][info][gc,phases      ] GC(646) Phase 1: Mark live objects 50.744ms
[509.230s][info][gc,phases,start] GC(646) Phase 2: Compute new object addresses
[509.395s][info][gc,phases      ] GC(646) Phase 2: Compute new object addresses 165.730ms
[509.395s][info][gc,phases,start] GC(646) Phase 3: Adjust pointers
[509.426s][info][gc,phases      ] GC(646) Phase 3: Adjust pointers 30.766ms
[509.426s][info][gc,phases,start] GC(646) Phase 4: Move objects
[509.645s][info][gc,phases      ] GC(646) Phase 4: Move objects 218.510ms
[509.646s][info][gc,heap        ] GC(646) DefNew: 629120K(629120K)->0K(629120K) Eden: 559232K(559232K)->0K(559232K) From: 69888K(69888K)->0K(69888K)
[509.646s][info][gc,heap        ] GC(646) Tenured: 1398144K(1398144K)->1397352K(1398144K)
[509.646s][info][gc,metaspace   ] GC(646) Metaspace: 119073K(123520K)->119073K(123520K) NonClass: 102970K(104064K)->102970K(104064K) Class: 16103K(19456K)->16103K(19456K)
[509.646s][info][gc             ] GC(646) Pause Full (Allocation Failure) 1979M->1364M(1979M) 466.984ms
[509.646s][info][gc,cpu         ] GC(646) User=0.47s Sys=0.00s Real=0.47s
[509.693s][info][gc,start       ] GC(647) Pause Young (Allocation Failure)
[509.693s][info][gc             ] GC(647) Pause Young (Allocation Failure) 1910M->1910M(1979M) 0.126ms
[509.693s][info][gc,cpu         ] GC(647) User=0.00s Sys=0.00s Real=0.00s
[509.693s][info][gc,start       ] GC(648) Pause Full (Allocation Failure)
[509.693s][info][gc,phases,start] GC(648) Phase 1: Mark live objects
[509.745s][info][gc,phases      ] GC(648) Phase 1: Mark live objects 51.619ms
[509.745s][info][gc,phases,start] GC(648) Phase 2: Compute new object addresses
[509.897s][info][gc,phases      ] GC(648) Phase 2: Compute new object addresses 151.710ms
[509.897s][info][gc,phases,start] GC(648) Phase 3: Adjust pointers
[509.926s][info][gc,phases      ] GC(648) Phase 3: Adjust pointers 29.270ms
[509.926s][info][gc,phases,start] GC(648) Phase 4: Move objects
[509.926s][info][gc,phases      ] GC(648) Phase 4: Move objects 0.028ms
[509.927s][info][gc,heap        ] GC(648) DefNew: 559232K(629120K)->0K(629120K) Eden: 559232K(559232K)->0K(559232K) From: 0K(69888K)->0K(69888K)
[509.927s][info][gc,heap        ] GC(648) Tenured: 1397352K(1398144K)->1397410K(1398144K)
[509.927s][info][gc,metaspace   ] GC(648) Metaspace: 119073K(123520K)->119073K(123520K) NonClass: 102970K(104064K)->102970K(104064K) Class: 16103K(19456K)->16103K(19456K)
[509.927s][info][gc             ] GC(648) Pause Full (Allocation Failure) 1910M->1364M(1979M) 233.646ms
[509.927s][info][gc,cpu         ] GC(648) User=0.23s Sys=0.00s Real=0.22s
[509.975s][info][gc,start       ] GC(649) Pause Young (Allocation Failure)
[509.975s][info][gc             ] GC(649) Pause Young (Allocation Failure) 1910M->1910M(1979M) 0.123ms
[509.975s][info][gc,cpu         ] GC(649) User=0.00s Sys=0.00s Real=0.00s
[509.975s][info][gc,start       ] GC(650) Pause Full (Allocation Failure)
[509.975s][info][gc,phases,start] GC(650) Phase 1: Mark live objects
[510.026s][info][gc,phases      ] GC(650) Phase 1: Mark live objects 50.728ms
[510.188s][info][gc,phases,start] GC(650) Phase 2: Compute new object addresses
[510.362s][info][gc,phases      ] GC(650) Phase 2: Compute new object addresses 173.613ms
[510.362s][info][gc,phases,start] GC(650) Phase 3: Adjust pointers
[510.391s][info][gc,phases      ] GC(650) Phase 3: Adjust pointers 29.221ms
[510.391s][info][gc,phases,start] GC(650) Phase 4: Move objects
[510.391s][info][gc,phases      ] GC(650) Phase 4: Move objects 0.032ms
[510.392s][info][gc,heap        ] GC(650) DefNew: 559232K(629120K)->0K(629120K) Eden: 559232K(559232K)->0K(559232K) From: 0K(69888K)->0K(69888K)
[510.392s][info][gc,heap        ] GC(650) Tenured: 1397410K(1398144K)->1397471K(1398144K)
[510.392s][info][gc,metaspace   ] GC(650) Metaspace: 119073K(123520K)->119073K(123520K) NonClass: 102970K(104064K)->102970K(104064K) Class: 16103K(19456K)->16103K(19456K)
[510.392s][info][gc             ] GC(650) Pause Full (Allocation Failure) 1910M->1364M(1979M) 416.766ms
[510.392s][info][gc,cpu         ] GC(650) User=0.27s Sys=0.00s Real=0.42s
[510.442s][info][gc,start       ] GC(651) Pause Young (Allocation Failure)
[510.442s][info][gc             ] GC(651) Pause Young (Allocation Failure) 1910M->1910M(1979M) 0.155ms
[510.442s][info][gc,cpu         ] GC(651) User=0.00s Sys=0.00s Real=0.00s
[510.442s][info][gc,start       ] GC(652) Pause Full (Allocation Failure)
[510.442s][info][gc,phases,start] GC(652) Phase 1: Mark live objects
[510.498s][info][gc,phases      ] GC(652) Phase 1: Mark live objects 56.201ms
[510.498s][info][gc,phases,start] GC(652) Phase 2: Compute new object addresses
[510.665s][info][gc,phases      ] GC(652) Phase 2: Compute new object addresses 166.680ms
[510.665s][info][gc,phases,start] GC(652) Phase 3: Adjust pointers
[510.696s][info][gc,phases      ] GC(652) Phase 3: Adjust pointers 30.670ms
[510.696s][info][gc,phases,start] GC(652) Phase 4: Move objects
[510.696s][info][gc,phases      ] GC(652) Phase 4: Move objects 0.037ms
[510.696s][info][gc,heap        ] GC(652) DefNew: 559232K(629120K)->0K(629120K) Eden: 559232K(559232K)->0K(559232K) From: 0K(69888K)->0K(69888K)
[510.696s][info][gc,heap        ] GC(652) Tenured: 1397471K(1398144K)->1397545K(1398144K)
[510.696s][info][gc,metaspace   ] GC(652) Metaspace: 119073K(123520K)->119073K(123520K) NonClass: 102970K(104064K)->102970K(104064K) Class: 16103K(19456K)->16103K(19456K)
[510.697s][info][gc             ] GC(652) Pause Full (Allocation Failure) 1910M->1364M(1979M) 254.609ms
[510.697s][info][gc,cpu         ] GC(652) User=0.25s Sys=0.00s Real=0.25s
[510.756s][info][gc,start       ] GC(653) Pause Young (Allocation Failure)
[510.756s][info][gc             ] GC(653) Pause Young (Allocation Failure) 1910M->1910M(1979M) 0.119ms
[510.756s][info][gc,cpu         ] GC(653) User=0.00s Sys=0.00s Real=0.00s
[510.756s][info][gc,start       ] GC(654) Pause Full (Allocation Failure)
[510.756s][info][gc,phases,start] GC(654) Phase 1: Mark live objects
[510.807s][info][gc,phases      ] GC(654) Phase 1: Mark live objects 51.394ms
[510.808s][info][gc,phases,start] GC(654) Phase 2: Compute new object addresses
[510.960s][info][gc,phases      ] GC(654) Phase 2: Compute new object addresses 152.031ms
[510.960s][info][gc,phases,start] GC(654) Phase 3: Adjust pointers
[510.990s][info][gc,phases      ] GC(654) Phase 3: Adjust pointers 30.257ms
[510.990s][info][gc,phases,start] GC(654) Phase 4: Move objects
[511.189s][info][gc,phases      ] GC(654) Phase 4: Move objects 198.618ms
[511.189s][info][gc,heap        ] GC(654) DefNew: 559232K(629120K)->0K(629120K) Eden: 559232K(559232K)->0K(559232K) From: 0K(69888K)->0K(69888K)
[511.189s][info][gc,heap        ] GC(654) Tenured: 1397545K(1398144K)->1152731K(1398144K)
[511.189s][info][gc,metaspace   ] GC(654) Metaspace: 119074K(123520K)->119074K(123520K) NonClass: 102970K(104064K)->102970K(104064K) Class: 16103K(19456K)->16103K(19456K)
[511.190s][info][gc             ] GC(654) Pause Full (Allocation Failure) 1910M->1125M(1979M) 433.461ms
[511.190s][info][gc,cpu         ] GC(654) User=0.44s Sys=0.00s Real=0.43s
[511.755s][info][gc,start       ] GC(655) Pause Full (System.gc())
[511.755s][info][gc,phases,start] GC(655) Phase 1: Mark live objects
[511.816s][info][gc,phases      ] GC(655) Phase 1: Mark live objects 60.561ms
[511.816s][info][gc,phases,start] GC(655) Phase 2: Compute new object addresses
[511.927s][info][gc,phases      ] GC(655) Phase 2: Compute new object addresses 110.779ms
[511.927s][info][gc,phases,start] GC(655) Phase 3: Adjust pointers
[511.958s][info][gc,phases      ] GC(655) Phase 3: Adjust pointers 30.875ms
[511.958s][info][gc,phases,start] GC(655) Phase 4: Move objects
[511.959s][info][gc,phases      ] GC(655) Phase 4: Move objects 0.996ms
[511.959s][info][gc,heap        ] GC(655) DefNew: 406786K(629120K)->0K(629120K) Eden: 406786K(559232K)->0K(559232K) From: 0K(69888K)->0K(69888K)
[511.959s][info][gc,heap        ] GC(655) Tenured: 1152731K(1398144K)->1038193K(1398144K)
[511.959s][info][gc,metaspace   ] GC(655) Metaspace: 119693K(123584K)->119693K(123584K) NonClass: 103506K(104128K)->103506K(104128K) Class: 16187K(19456K)->16187K(19456K)
[511.959s][info][gc             ] GC(655) Pause Full (System.gc()) 1522M->1013M(1979M) 204.374ms
[511.959s][info][gc,cpu         ] GC(655) User=0.20s Sys=0.00s Real=0.20s
[512.131s][info][gc,start       ] GC(656) Pause Young (Allocation Failure)
[512.146s][info][gc,heap        ] GC(656) DefNew: 559232K(629120K)->12631K(629120K) Eden: 559232K(559232K)->0K(559232K) From: 0K(69888K)->12631K(69888K)
[512.147s][info][gc,heap        ] GC(656) Tenured: 1038193K(1398144K)->1038193K(1398144K)
[512.147s][info][gc,metaspace   ] GC(656) Metaspace: 119927K(123776K)->119927K(123776K) NonClass: 103721K(104320K)->103721K(104320K) Class: 16205K(19456K)->16205K(19456K)
[512.147s][info][gc             ] GC(656) Pause Young (Allocation Failure) 1559M->1026M(1979M) 15.848ms
[512.147s][info][gc,cpu         ] GC(656) User=0.06s Sys=0.00s Real=0.02s
[512.185s][info][gc,start       ] GC(657) Pause Young (Allocation Failure)
[512.196s][info][gc,heap        ] GC(657) DefNew: 571863K(629120K)->17760K(629120K) Eden: 559232K(559232K)->0K(559232K) From: 12631K(69888K)->17760K(69888K)
[512.196s][info][gc,heap        ] GC(657) Tenured: 1038193K(1398144K)->1038193K(1398144K)
[512.196s][info][gc,metaspace   ] GC(657) Metaspace: 119927K(123776K)->119927K(123776K) NonClass: 103721K(104320K)->103721K(104320K) Class: 16205K(19456K)->16205K(19456K)
[512.197s][info][gc             ] GC(657) Pause Young (Allocation Failure) 1572M->1031M(1979M) 11.746ms
[512.197s][info][gc,cpu         ] GC(657) User=0.03s Sys=0.00s Real=0.02s
[512.234s][info][gc,start       ] GC(658) Pause Young (Allocation Failure)
[512.250s][info][gc,heap        ] GC(658) DefNew: 576992K(629120K)->24939K(629120K) Eden: 559232K(559232K)->0K(559232K) From: 17760K(69888K)->24939K(69888K)
[512.250s][info][gc,heap        ] GC(658) Tenured: 1038193K(1398144K)->1038193K(1398144K)
[512.250s][info][gc,metaspace   ] GC(658) Metaspace: 119927K(123776K)->119927K(123776K) NonClass: 103721K(104320K)->103721K(104320K) Class: 16205K(19456K)->16205K(19456K)
[512.250s][info][gc             ] GC(658) Pause Young (Allocation Failure) 1577M->1038M(1979M) 16.242ms
[512.250s][info][gc,cpu         ] GC(658) User=0.02s Sys=0.00s Real=0.02s
[512.288s][info][gc,start       ] GC(659) Pause Young (Allocation Failure)
[512.305s][info][gc,heap        ] GC(659) DefNew: 584171K(629120K)->35077K(629120K) Eden: 559232K(559232K)->0K(559232K) From: 24939K(69888K)->35077K(69888K)
[512.305s][info][gc,heap        ] GC(659) Tenured: 1038193K(1398144K)->1038193K(1398144K)
[512.305s][info][gc,metaspace   ] GC(659) Metaspace: 119927K(123776K)->119927K(123776K) NonClass: 103721K(104320K)->103721K(104320K) Class: 16205K(19456K)->16205K(19456K)
[512.305s][info][gc             ] GC(659) Pause Young (Allocation Failure) 1584M->1048M(1979M) 16.471ms
[512.305s][info][gc,cpu         ] GC(659) User=0.02s Sys=0.00s Real=0.02s
[512.342s][info][gc,start       ] GC(660) Pause Young (Allocation Failure)
[512.359s][info][gc,heap        ] GC(660) DefNew: 594309K(629120K)->27566K(629120K) Eden: 559232K(559232K)->0K(559232K) From: 35077K(69888K)->27566K(69888K)
[512.359s][info][gc,heap        ] GC(660) Tenured: 1038193K(1398144K)->1047305K(1398144K)
[512.359s][info][gc,metaspace   ] GC(660) Metaspace: 119927K(123776K)->119927K(123776K) NonClass: 103721K(104320K)->103721K(104320K) Class: 16205K(19456K)->16205K(19456K)
[512.359s][info][gc             ] GC(660) Pause Young (Allocation Failure) 1594M->1049M(1979M) 16.676ms
[512.359s][info][gc,cpu         ] GC(660) User=0.02s Sys=0.00s Real=0.01s
[512.397s][info][gc,start       ] GC(661) Pause Young (Allocation Failure)
[512.411s][info][gc,heap        ] GC(661) DefNew: 586798K(629120K)->46239K(629120K) Eden: 559232K(559232K)->0K(559232K) From: 27566K(69888K)->46239K(69888K)
[512.411s][info][gc,heap        ] GC(661) Tenured: 1047305K(1398144K)->1047305K(1398144K)
[512.411s][info][gc,metaspace   ] GC(661) Metaspace: 119927K(123776K)->119927K(123776K) NonClass: 103721K(104320K)->103721K(104320K) Class: 16205K(19456K)->16205K(19456K)
[512.411s][info][gc             ] GC(661) Pause Young (Allocation Failure) 1595M->1067M(1979M) 14.191ms
[512.412s][info][gc,cpu         ] GC(661) User=0.02s Sys=0.00s Real=0.02s
[512.450s][info][gc,start       ] GC(662) Pause Young (Allocation Failure)
[512.465s][info][gc,heap        ] GC(662) DefNew: 605471K(629120K)->47173K(629120K) Eden: 559232K(559232K)->0K(559232K) From: 46239K(69888K)->47173K(69888K)
[512.465s][info][gc,heap        ] GC(662) Tenured: 1047305K(1398144K)->1051141K(1398144K)
[512.465s][info][gc,metaspace   ] GC(662) Metaspace: 119927K(123776K)->119927K(123776K) NonClass: 103721K(104320K)->103721K(104320K) Class: 16205K(19456K)->16205K(19456K)
[512.465s][info][gc             ] GC(662) Pause Young (Allocation Failure) 1614M->1072M(1979M) 14.973ms
[512.465s][info][gc,cpu         ] GC(662) User=0.02s Sys=0.00s Real=0.02s
[512.503s][info][gc,start       ] GC(663) Pause Young (Allocation Failure)
[512.516s][info][gc,heap        ] GC(663) DefNew: 606405K(629120K)->15909K(629120K) Eden: 559232K(559232K)->0K(559232K) From: 47173K(69888K)->15909K(69888K)
[512.516s][info][gc,heap        ] GC(663) Tenured: 1051141K(1398144K)->1082399K(1398144K)
[512.516s][info][gc,metaspace   ] GC(663) Metaspace: 119927K(123776K)->119927K(123776K) NonClass: 103721K(104320K)->103721K(104320K) Class: 16205K(19456K)->16205K(19456K)
[512.516s][info][gc             ] GC(663) Pause Young (Allocation Failure) 1618M->1072M(1979M) 13.326ms
[512.516s][info][gc,cpu         ] GC(663) User=0.02s Sys=0.00s Real=0.01s
[512.553s][info][gc,start       ] GC(664) Pause Young (Allocation Failure)
[512.560s][info][gc,heap        ] GC(664) DefNew: 575141K(629120K)->15894K(629120K) Eden: 559232K(559232K)->0K(559232K) From: 15909K(69888K)->15894K(69888K)
[512.560s][info][gc,heap        ] GC(664) Tenured: 1082399K(1398144K)->1082399K(1398144K)
[512.560s][info][gc,metaspace   ] GC(664) Metaspace: 119927K(123776K)->119927K(123776K) NonClass: 103721K(104320K)->103721K(104320K) Class: 16205K(19456K)->16205K(19456K)
[512.560s][info][gc             ] GC(664) Pause Young (Allocation Failure) 1618M->1072M(1979M) 6.476ms
[512.560s][info][gc,cpu         ] GC(664) User=0.00s Sys=0.00s Real=0.00s
[512.599s][info][gc,start       ] GC(665) Pause Young (Allocation Failure)
[512.608s][info][gc,heap        ] GC(665) DefNew: 575126K(629120K)->28452K(629120K) Eden: 559232K(559232K)->0K(559232K) From: 15894K(69888K)->28452K(69888K)
[512.608s][info][gc,heap        ] GC(665) Tenured: 1082399K(1398144K)->1082399K(1398144K)
[512.608s][info][gc,metaspace   ] GC(665) Metaspace: 119927K(123776K)->119927K(123776K) NonClass: 103721K(104320K)->103721K(104320K) Class: 16205K(19456K)->16205K(19456K)
[512.608s][info][gc             ] GC(665) Pause Young (Allocation Failure) 1618M->1084M(1979M) 9.789ms
[512.608s][info][gc,cpu         ] GC(665) User=0.02s Sys=0.00s Real=0.02s
[512.662s][info][gc,start       ] GC(666) Pause Young (Allocation Failure)
[512.683s][info][gc,heap        ] GC(666) DefNew: 587684K(629120K)->65895K(629120K) Eden: 559232K(559232K)->0K(559232K) From: 28452K(69888K)->65895K(69888K)
[512.683s][info][gc,heap        ] GC(666) Tenured: 1082399K(1398144K)->1088649K(1398144K)
[512.683s][info][gc,metaspace   ] GC(666) Metaspace: 119927K(123776K)->119927K(123776K) NonClass: 103721K(104320K)->103721K(104320K) Class: 16205K(19456K)->16205K(19456K)
[512.683s][info][gc             ] GC(666) Pause Young (Allocation Failure) 1630M->1127M(1979M) 21.047ms
[512.683s][info][gc,cpu         ] GC(666) User=0.02s Sys=0.00s Real=0.02s
[512.722s][info][gc,start       ] GC(667) Pause Young (Allocation Failure)
[512.747s][info][gc,heap        ] GC(667) DefNew: 625127K(629120K)->37715K(629120K) Eden: 559232K(559232K)->0K(559232K) From: 65895K(69888K)->37715K(69888K)
[512.748s][info][gc,heap        ] GC(667) Tenured: 1088649K(1398144K)->1151161K(1398144K)
[512.748s][info][gc,metaspace   ] GC(667) Metaspace: 119927K(123776K)->119927K(123776K) NonClass: 103721K(104320K)->103721K(104320K) Class: 16205K(19456K)->16205K(19456K)
[512.748s][info][gc             ] GC(667) Pause Young (Allocation Failure) 1673M->1161M(1979M) 25.760ms
[512.748s][info][gc,cpu         ] GC(667) User=0.05s Sys=0.00s Real=0.04s
[512.786s][info][gc,start       ] GC(668) Pause Young (Allocation Failure)
[512.800s][info][gc,heap        ] GC(668) DefNew: 596947K(629120K)->8510K(629120K) Eden: 559232K(559232K)->0K(559232K) From: 37715K(69888K)->8510K(69888K)
[512.800s][info][gc,heap        ] GC(668) Tenured: 1151161K(1398144K)->1188662K(1398144K)
[512.800s][info][gc,metaspace   ] GC(668) Metaspace: 119927K(123776K)->119927K(123776K) NonClass: 103721K(104320K)->103721K(104320K) Class: 16205K(19456K)->16205K(19456K)
[512.800s][info][gc             ] GC(668) Pause Young (Allocation Failure) 1707M->1169M(1979M) 13.353ms
[512.800s][info][gc,cpu         ] GC(668) User=0.00s Sys=0.00s Real=0.00s
[512.839s][info][gc,start       ] GC(669) Pause Young (Allocation Failure)
[512.851s][info][gc,heap        ] GC(669) DefNew: 567742K(629120K)->37998K(629120K) Eden: 559232K(559232K)->0K(559232K) From: 8510K(69888K)->37998K(69888K)
[512.851s][info][gc,heap        ] GC(669) Tenured: 1188662K(1398144K)->1188662K(1398144K)
[512.851s][info][gc,metaspace   ] GC(669) Metaspace: 119927K(123776K)->119927K(123776K) NonClass: 103721K(104320K)->103721K(104320K) Class: 16205K(19456K)->16205K(19456K)
[512.851s][info][gc             ] GC(669) Pause Young (Allocation Failure) 1715M->1197M(1979M) 11.989ms
[512.851s][info][gc,cpu         ] GC(669) User=0.02s Sys=0.00s Real=0.01s
[512.892s][info][gc,start       ] GC(670) Pause Young (Allocation Failure)
[512.917s][info][gc,heap        ] GC(670) DefNew: 597230K(629120K)->69775K(629120K) Eden: 559232K(559232K)->0K(559232K) From: 37998K(69888K)->69775K(69888K)
[512.917s][info][gc,heap        ] GC(670) Tenured: 1188662K(1398144K)->1217293K(1398144K)
[512.917s][info][gc,metaspace   ] GC(670) Metaspace: 119927K(123776K)->119927K(123776K) NonClass: 103721K(104320K)->103721K(104320K) Class: 16205K(19456K)->16205K(19456K)
[512.917s][info][gc             ] GC(670) Pause Young (Allocation Failure) 1744M->1256M(1979M) 25.176ms
[512.917s][info][gc,cpu         ] GC(670) User=0.03s Sys=0.00s Real=0.03s
[512.957s][info][gc,start       ] GC(671) Pause Young (Allocation Failure)
[512.984s][info][gc,heap        ] GC(671) DefNew: 629007K(629120K)->39540K(629120K) Eden: 559232K(559232K)->0K(559232K) From: 69775K(69888K)->39540K(69888K)
[512.984s][info][gc,heap        ] GC(671) Tenured: 1217293K(1398144K)->1284316K(1398144K)
[512.984s][info][gc,metaspace   ] GC(671) Metaspace: 119927K(123776K)->119927K(123776K) NonClass: 103721K(104320K)->103721K(104320K) Class: 16205K(19456K)->16205K(19456K)
[512.984s][info][gc             ] GC(671) Pause Young (Allocation Failure) 1803M->1292M(1979M) 27.198ms
[512.984s][info][gc,cpu         ] GC(671) User=0.03s Sys=0.00s Real=0.03s
[513.022s][info][gc,start       ] GC(672) Pause Young (Allocation Failure)
[513.036s][info][gc,heap        ] GC(672) DefNew: 598772K(629120K)->12890K(629120K) Eden: 559232K(559232K)->0K(559232K) From: 39540K(69888K)->12890K(69888K)
[513.036s][info][gc,heap        ] GC(672) Tenured: 1284316K(1398144K)->1319675K(1398144K)
[513.036s][info][gc,metaspace   ] GC(672) Metaspace: 119927K(123776K)->119927K(123776K) NonClass: 103721K(104320K)->103721K(104320K) Class: 16205K(19456K)->16205K(19456K)
[513.036s][info][gc             ] GC(672) Pause Young (Allocation Failure) 1838M->1301M(1979M) 13.973ms
[513.036s][info][gc,cpu         ] GC(672) User=0.02s Sys=0.00s Real=0.02s
[513.074s][info][gc,start       ] GC(673) Pause Young (Allocation Failure)
[513.074s][info][gc             ] GC(673) Pause Young (Allocation Failure) 1847M->1847M(1979M) 0.138ms
[513.074s][info][gc,cpu         ] GC(673) User=0.00s Sys=0.00s Real=0.00s
[513.074s][info][gc,start       ] GC(674) Pause Full (Allocation Failure)
[513.074s][info][gc,phases,start] GC(674) Phase 1: Mark live objects
[513.133s][info][gc,phases      ] GC(674) Phase 1: Mark live objects 58.081ms
[513.133s][info][gc,phases,start] GC(674) Phase 2: Compute new object addresses
[513.286s][info][gc,phases      ] GC(674) Phase 2: Compute new object addresses 153.322ms
[513.286s][info][gc,phases,start] GC(674) Phase 3: Adjust pointers
[513.318s][info][gc,phases      ] GC(674) Phase 3: Adjust pointers 32.155ms
[513.318s][info][gc,phases,start] GC(674) Phase 4: Move objects
[513.338s][info][gc,phases      ] GC(674) Phase 4: Move objects 20.076ms
[513.339s][info][gc,heap        ] GC(674) DefNew: 572122K(629120K)->0K(629120K) Eden: 559232K(559232K)->0K(559232K) From: 12890K(69888K)->0K(69888K)
[513.339s][info][gc,heap        ] GC(674) Tenured: 1319675K(1398144K)->1137188K(1398144K)
[513.339s][info][gc,metaspace   ] GC(674) Metaspace: 119927K(123776K)->119927K(123776K) NonClass: 103721K(104320K)->103721K(104320K) Class: 16205K(19456K)->16205K(19456K)
[513.339s][info][gc             ] GC(674) Pause Full (Allocation Failure) 1847M->1110M(1979M) 264.748ms
[513.339s][info][gc,cpu         ] GC(674) User=0.27s Sys=0.00s Real=0.26s
[513.377s][info][gc,start       ] GC(675) Pause Young (Allocation Failure)
[513.383s][info][gc,heap        ] GC(675) DefNew: 559232K(629120K)->12742K(629120K) Eden: 559232K(559232K)->0K(559232K) From: 0K(69888K)->12742K(69888K)
[513.383s][info][gc,heap        ] GC(675) Tenured: 1137188K(1398144K)->1137188K(1398144K)
[513.383s][info][gc,metaspace   ] GC(675) Metaspace: 119927K(123776K)->119927K(123776K) NonClass: 103721K(104320K)->103721K(104320K) Class: 16205K(19456K)->16205K(19456K)
[513.384s][info][gc             ] GC(675) Pause Young (Allocation Failure) 1656M->1122M(1979M) 6.082ms
[513.384s][info][gc,cpu         ] GC(675) User=0.00s Sys=0.00s Real=0.00s
[513.422s][info][gc,start       ] GC(676) Pause Young (Allocation Failure)
[513.432s][info][gc,heap        ] GC(676) DefNew: 571974K(629120K)->31550K(629120K) Eden: 559232K(559232K)->0K(559232K) From: 12742K(69888K)->31550K(69888K)
[513.432s][info][gc,heap        ] GC(676) Tenured: 1137188K(1398144K)->1137188K(1398144K)
[513.432s][info][gc,metaspace   ] GC(676) Metaspace: 119927K(123776K)->119927K(123776K) NonClass: 103721K(104320K)->103721K(104320K) Class: 16205K(19456K)->16205K(19456K)
[513.432s][info][gc             ] GC(676) Pause Young (Allocation Failure) 1669M->1141M(1979M) 10.050ms
[513.432s][info][gc,cpu         ] GC(676) User=0.00s Sys=0.00s Real=0.00s
[513.470s][info][gc,start       ] GC(677) Pause Young (Allocation Failure)
[513.484s][info][gc,heap        ] GC(677) DefNew: 590782K(629120K)->47117K(629120K) Eden: 559232K(559232K)->0K(559232K) From: 31550K(69888K)->47117K(69888K)
[513.484s][info][gc,heap        ] GC(677) Tenured: 1137188K(1398144K)->1137188K(1398144K)
[513.484s][info][gc,metaspace   ] GC(677) Metaspace: 119927K(123776K)->119927K(123776K) NonClass: 103721K(104320K)->103721K(104320K) Class: 16205K(19456K)->16205K(19456K)
[513.484s][info][gc             ] GC(677) Pause Young (Allocation Failure) 1687M->1156M(1979M) 13.981ms
[513.484s][info][gc,cpu         ] GC(677) User=0.02s Sys=0.00s Real=0.02s
[513.522s][info][gc,start       ] GC(678) Pause Young (Allocation Failure)
[513.535s][info][gc,heap        ] GC(678) DefNew: 606349K(629120K)->34656K(629120K) Eden: 559232K(559232K)->0K(559232K) From: 47117K(69888K)->34656K(69888K)
[513.535s][info][gc,heap        ] GC(678) Tenured: 1137188K(1398144K)->1146584K(1398144K)
[513.535s][info][gc,metaspace   ] GC(678) Metaspace: 119927K(123776K)->119927K(123776K) NonClass: 103721K(104320K)->103721K(104320K) Class: 16205K(19456K)->16205K(19456K)
[513.535s][info][gc             ] GC(678) Pause Young (Allocation Failure) 1702M->1153M(1979M) 12.862ms
[513.535s][info][gc,cpu         ] GC(678) User=0.02s Sys=0.00s Real=0.02s
[513.572s][info][gc,start       ] GC(679) Pause Young (Allocation Failure)
[513.585s][info][gc,heap        ] GC(679) DefNew: 593888K(629120K)->40875K(629120K) Eden: 559232K(559232K)->0K(559232K) From: 34656K(69888K)->40875K(69888K)
[513.585s][info][gc,heap        ] GC(679) Tenured: 1146584K(1398144K)->1146584K(1398144K)
[513.585s][info][gc,metaspace   ] GC(679) Metaspace: 119927K(123776K)->119927K(123776K) NonClass: 103721K(104320K)->103721K(104320K) Class: 16205K(19456K)->16205K(19456K)
[513.585s][info][gc             ] GC(679) Pause Young (Allocation Failure) 1699M->1159M(1979M) 12.520ms
[513.585s][info][gc,cpu         ] GC(679) User=0.02s Sys=0.00s Real=0.02s
[513.628s][info][gc,start       ] GC(680) Pause Young (Allocation Failure)
[513.647s][info][gc,heap        ] GC(680) DefNew: 600107K(629120K)->53355K(629120K) Eden: 559232K(559232K)->0K(559232K) From: 40875K(69888K)->53355K(69888K)
[513.647s][info][gc,heap        ] GC(680) Tenured: 1146584K(1398144K)->1165337K(1398144K)
[513.647s][info][gc,metaspace   ] GC(680) Metaspace: 119950K(123840K)->119950K(123840K) NonClass: 103744K(104384K)->103744K(104384K) Class: 16205K(19456K)->16205K(19456K)
[513.647s][info][gc             ] GC(680) Pause Young (Allocation Failure) 1705M->1190M(1979M) 19.242ms
[513.647s][info][gc,cpu         ] GC(680) User=0.02s Sys=0.00s Real=0.02s
[513.687s][info][gc,start       ] GC(681) Pause Young (Allocation Failure)
[513.709s][info][gc,heap        ] GC(681) DefNew: 612587K(629120K)->62969K(629120K) Eden: 559232K(559232K)->0K(559232K) From: 53355K(69888K)->62969K(69888K)
[513.709s][info][gc,heap        ] GC(681) Tenured: 1165337K(1398144K)->1187222K(1398144K)
[513.709s][info][gc,metaspace   ] GC(681) Metaspace: 119950K(123840K)->119950K(123840K) NonClass: 103744K(104384K)->103744K(104384K) Class: 16205K(19456K)->16205K(19456K)
[513.709s][info][gc             ] GC(681) Pause Young (Allocation Failure) 1736M->1220M(1979M) 22.092ms
[513.709s][info][gc,cpu         ] GC(681) User=0.02s Sys=0.00s Real=0.02s
[513.748s][info][gc,start       ] GC(682) Pause Young (Allocation Failure)
[513.771s][info][gc,heap        ] GC(682) DefNew: 622201K(629120K)->56668K(629120K) Eden: 559232K(559232K)->0K(559232K) From: 62969K(69888K)->56668K(69888K)
[513.771s][info][gc,heap        ] GC(682) Tenured: 1187222K(1398144K)->1218475K(1398144K)
[513.771s][info][gc,metaspace   ] GC(682) Metaspace: 119950K(123840K)->119950K(123840K) NonClass: 103744K(104384K)->103744K(104384K) Class: 16205K(19456K)->16205K(19456K)
[513.771s][info][gc             ] GC(682) Pause Young (Allocation Failure) 1767M->1245M(1979M) 22.613ms
[513.771s][info][gc,cpu         ] GC(682) User=0.02s Sys=0.00s Real=0.02s
[513.809s][info][gc,start       ] GC(683) Pause Young (Allocation Failure)
[513.831s][info][gc,heap        ] GC(683) DefNew: 615900K(629120K)->49856K(629120K) Eden: 559232K(559232K)->0K(559232K) From: 56668K(69888K)->49856K(69888K)
[513.831s][info][gc,heap        ] GC(683) Tenured: 1218475K(1398144K)->1249864K(1398144K)
[513.831s][info][gc,metaspace   ] GC(683) Metaspace: 119950K(123840K)->119950K(123840K) NonClass: 103744K(104384K)->103744K(104384K) Class: 16205K(19456K)->16205K(19456K)
[513.831s][info][gc             ] GC(683) Pause Young (Allocation Failure) 1791M->1269M(1979M) 21.328ms
[513.831s][info][gc,cpu         ] GC(683) User=0.02s Sys=0.00s Real=0.02s
[513.878s][info][gc,start       ] GC(684) Pause Young (Allocation Failure)
[513.908s][info][gc,heap        ] GC(684) DefNew: 609088K(629120K)->68004K(629120K) Eden: 559232K(559232K)->0K(559232K) From: 49856K(69888K)->68004K(69888K)
[513.908s][info][gc,heap        ] GC(684) Tenured: 1249864K(1398144K)->1295263K(1398144K)
[513.908s][info][gc,metaspace   ] GC(684) Metaspace: 119950K(123840K)->119950K(123840K) NonClass: 103744K(104384K)->103744K(104384K) Class: 16205K(19456K)->16205K(19456K)
[513.908s][info][gc             ] GC(684) Pause Young (Allocation Failure) 1815M->1331M(1979M) 29.681ms
[513.908s][info][gc,cpu         ] GC(684) User=0.02s Sys=0.00s Real=0.01s
[513.953s][info][gc,start       ] GC(685) Pause Young (Allocation Failure)
[513.982s][info][gc,heap        ] GC(685) DefNew: 627236K(629120K)->40687K(629120K) Eden: 559232K(559232K)->0K(559232K) From: 68004K(69888K)->40687K(69888K)
[513.982s][info][gc,heap        ] GC(685) Tenured: 1295263K(1398144K)->1361460K(1398144K)
[513.982s][info][gc,metaspace   ] GC(685) Metaspace: 119954K(123840K)->119954K(123840K) NonClass: 103748K(104384K)->103748K(104384K) Class: 16205K(19456K)->16205K(19456K)
[513.982s][info][gc             ] GC(685) Pause Young (Allocation Failure) 1877M->1369M(1979M) 28.902ms
[513.982s][info][gc,cpu         ] GC(685) User=0.02s Sys=0.00s Real=0.02s
[514.024s][info][gc,start       ] GC(686) Pause Young (Allocation Failure)
[514.024s][info][gc             ] GC(686) Pause Young (Allocation Failure) 1915M->1915M(1979M) 0.120ms
[514.024s][info][gc,cpu         ] GC(686) User=0.00s Sys=0.00s Real=0.00s
[514.024s][info][gc,start       ] GC(687) Pause Full (Allocation Failure)
[514.024s][info][gc,phases,start] GC(687) Phase 1: Mark live objects
[514.099s][info][gc,phases      ] GC(687) Phase 1: Mark live objects 74.840ms
[514.099s][info][gc,phases,start] GC(687) Phase 2: Compute new object addresses
[514.253s][info][gc,phases      ] GC(687) Phase 2: Compute new object addresses 153.922ms
[514.253s][info][gc,phases,start] GC(687) Phase 3: Adjust pointers
[514.286s][info][gc,phases      ] GC(687) Phase 3: Adjust pointers 33.175ms
[514.286s][info][gc,phases,start] GC(687) Phase 4: Move objects
[514.310s][info][gc,phases      ] GC(687) Phase 4: Move objects 23.797ms
[514.311s][info][gc,heap        ] GC(687) DefNew: 599919K(629120K)->0K(629120K) Eden: 559232K(559232K)->0K(559232K) From: 40687K(69888K)->0K(69888K)
[514.311s][info][gc,heap        ] GC(687) Tenured: 1361460K(1398144K)->1197827K(1398144K)
[514.311s][info][gc,metaspace   ] GC(687) Metaspace: 119955K(123840K)->119955K(123840K) NonClass: 103749K(104384K)->103749K(104384K) Class: 16205K(19456K)->16205K(19456K)
[514.311s][info][gc             ] GC(687) Pause Full (Allocation Failure) 1915M->1169M(1979M) 286.881ms
[514.311s][info][gc,cpu         ] GC(687) User=0.28s Sys=0.00s Real=0.28s
[514.353s][info][gc,start       ] GC(688) Pause Young (Allocation Failure)
[514.366s][info][gc,heap        ] GC(688) DefNew: 559232K(629120K)->41195K(629120K) Eden: 559232K(559232K)->0K(559232K) From: 0K(69888K)->41195K(69888K)
[514.366s][info][gc,heap        ] GC(688) Tenured: 1197827K(1398144K)->1197827K(1398144K)
[514.366s][info][gc,metaspace   ] GC(688) Metaspace: 119955K(123840K)->119955K(123840K) NonClass: 103749K(104384K)->103749K(104384K) Class: 16205K(19456K)->16205K(19456K)
[514.366s][info][gc             ] GC(688) Pause Young (Allocation Failure) 1715M->1209M(1979M) 13.261ms
[514.366s][info][gc,cpu         ] GC(688) User=0.00s Sys=0.00s Real=0.00s
[514.408s][info][gc,start       ] GC(689) Pause Young (Allocation Failure)
[514.426s][info][gc,heap        ] GC(689) DefNew: 600427K(629120K)->14741K(629120K) Eden: 559232K(559232K)->0K(559232K) From: 41195K(69888K)->14741K(69888K)
[514.426s][info][gc,heap        ] GC(689) Tenured: 1197827K(1398144K)->1234232K(1398144K)
[514.426s][info][gc,metaspace   ] GC(689) Metaspace: 119963K(123840K)->119963K(123840K) NonClass: 103755K(104384K)->103755K(104384K) Class: 16207K(19456K)->16207K(19456K)
[514.426s][info][gc             ] GC(689) Pause Young (Allocation Failure) 1756M->1219M(1979M) 17.596ms
[514.426s][info][gc,cpu         ] GC(689) User=0.02s Sys=0.00s Real=0.01s
[514.463s][info][gc,start       ] GC(690) Pause Young (Allocation Failure)
[514.486s][info][gc,heap        ] GC(690) DefNew: 573973K(629120K)->65427K(629120K) Eden: 559232K(559232K)->0K(559232K) From: 14741K(69888K)->65427K(69888K)
[514.486s][info][gc,heap        ] GC(690) Tenured: 1234232K(1398144K)->1252982K(1398144K)
[514.486s][info][gc,metaspace   ] GC(690) Metaspace: 119963K(123840K)->119963K(123840K) NonClass: 103755K(104384K)->103755K(104384K) Class: 16207K(19456K)->16207K(19456K)
[514.486s][info][gc             ] GC(690) Pause Young (Allocation Failure) 1765M->1287M(1979M) 22.871ms
[514.486s][info][gc,cpu         ] GC(690) User=0.02s Sys=0.00s Real=0.01s
[514.524s][info][gc,start       ] GC(691) Pause Young (Allocation Failure)
[514.557s][info][gc,heap        ] GC(691) DefNew: 624659K(629120K)->69865K(629120K) Eden: 559232K(559232K)->0K(559232K) From: 65427K(69888K)->69865K(69888K)
[514.557s][info][gc,heap        ] GC(691) Tenured: 1252982K(1398144K)->1307614K(1398144K)
[514.557s][info][gc,metaspace   ] GC(691) Metaspace: 119963K(123840K)->119963K(123840K) NonClass: 103755K(104384K)->103755K(104384K) Class: 16207K(19456K)->16207K(19456K)
[514.557s][info][gc             ] GC(691) Pause Young (Allocation Failure) 1833M->1345M(1979M) 32.948ms
[514.557s][info][gc,cpu         ] GC(691) User=0.03s Sys=0.00s Real=0.03s
[514.592s][info][gc,start       ] GC(692) Pause Young (Allocation Failure)
[514.622s][info][gc,heap        ] GC(692) DefNew: 629097K(629120K)->68102K(629120K) Eden: 559232K(559232K)->0K(559232K) From: 69865K(69888K)->68102K(69888K)
[514.622s][info][gc,heap        ] GC(692) Tenured: 1307614K(1398144K)->1360697K(1398144K)
[514.622s][info][gc,metaspace   ] GC(692) Metaspace: 119963K(123840K)->119963K(123840K) NonClass: 103755K(104384K)->103755K(104384K) Class: 16207K(19456K)->16207K(19456K)
[514.622s][info][gc             ] GC(692) Pause Young (Allocation Failure) 1891M->1395M(1979M) 30.348ms
[514.622s][info][gc,cpu         ] GC(692) User=0.03s Sys=0.00s Real=0.03s
[514.662s][info][gc,start       ] GC(693) Pause Young (Allocation Failure)
[514.662s][info][gc             ] GC(693) Pause Young (Allocation Failure) 1941M->1941M(1979M) 0.122ms
[514.662s][info][gc,cpu         ] GC(693) User=0.00s Sys=0.00s Real=0.00s
[514.662s][info][gc,start       ] GC(694) Pause Full (Allocation Failure)
[514.662s][info][gc,phases,start] GC(694) Phase 1: Mark live objects
[514.716s][info][gc,phases      ] GC(694) Phase 1: Mark live objects 54.105ms
[514.716s][info][gc,phases,start] GC(694) Phase 2: Compute new object addresses
[514.865s][info][gc,phases      ] GC(694) Phase 2: Compute new object addresses 148.635ms
[514.865s][info][gc,phases,start] GC(694) Phase 3: Adjust pointers
[514.898s][info][gc,phases      ] GC(694) Phase 3: Adjust pointers 33.109ms
[514.898s][info][gc,phases,start] GC(694) Phase 4: Move objects
[515.129s][info][gc,phases      ] GC(694) Phase 4: Move objects 231.075ms
[515.130s][info][gc,heap        ] GC(694) DefNew: 627334K(629120K)->0K(629120K) Eden: 559232K(559232K)->0K(559232K) From: 68102K(69888K)->0K(69888K)
[515.130s][info][gc,heap        ] GC(694) Tenured: 1360697K(1398144K)->1209937K(1398144K)
[515.130s][info][gc,metaspace   ] GC(694) Metaspace: 119965K(123840K)->119965K(123840K) NonClass: 103757K(104384K)->103757K(104384K) Class: 16208K(19456K)->16208K(19456K)
[515.130s][info][gc             ] GC(694) Pause Full (Allocation Failure) 1941M->1181M(1979M) 468.193ms
[515.130s][info][gc,cpu         ] GC(694) User=0.47s Sys=0.00s Real=0.47s
[515.166s][info][gc,start       ] GC(695) Pause Young (Allocation Failure)
[515.176s][info][gc,heap        ] GC(695) DefNew: 559232K(629120K)->37686K(629120K) Eden: 559232K(559232K)->0K(559232K) From: 0K(69888K)->37686K(69888K)
[515.176s][info][gc,heap        ] GC(695) Tenured: 1209937K(1398144K)->1209937K(1398144K)
[515.176s][info][gc,metaspace   ] GC(695) Metaspace: 119965K(123840K)->119965K(123840K) NonClass: 103757K(104384K)->103757K(104384K) Class: 16208K(19456K)->16208K(19456K)
[515.176s][info][gc             ] GC(695) Pause Young (Allocation Failure) 1727M->1218M(1979M) 10.769ms
[515.176s][info][gc,cpu         ] GC(695) User=0.00s Sys=0.00s Real=0.00s
[515.206s][info][gc,start       ] GC(696) Pause Young (Allocation Failure)
[515.230s][info][gc,heap        ] GC(696) DefNew: 596918K(629120K)->69055K(629120K) Eden: 559232K(559232K)->0K(559232K) From: 37686K(69888K)->69055K(69888K)
[515.230s][info][gc,heap        ] GC(696) Tenured: 1209937K(1398144K)->1240622K(1398144K)
[515.230s][info][gc,metaspace   ] GC(696) Metaspace: 119965K(123840K)->119965K(123840K) NonClass: 103757K(104384K)->103757K(104384K) Class: 16208K(19456K)->16208K(19456K)
[515.231s][info][gc             ] GC(696) Pause Young (Allocation Failure) 1764M->1278M(1979M) 24.489ms
[515.231s][info][gc,cpu         ] GC(696) User=0.03s Sys=0.00s Real=0.03s
[515.264s][info][gc,start       ] GC(697) Pause Young (Allocation Failure)
[515.294s][info][gc,heap        ] GC(697) DefNew: 628287K(629120K)->69882K(629120K) Eden: 559232K(559232K)->0K(559232K) From: 69055K(69888K)->69882K(69888K)
[515.294s][info][gc,heap        ] GC(697) Tenured: 1240622K(1398144K)->1297614K(1398144K)
[515.294s][info][gc,metaspace   ] GC(697) Metaspace: 119965K(123840K)->119965K(123840K) NonClass: 103757K(104384K)->103757K(104384K) Class: 16208K(19456K)->16208K(19456K)
[515.294s][info][gc             ] GC(697) Pause Young (Allocation Failure) 1825M->1335M(1979M) 30.276ms
[515.294s][info][gc,cpu         ] GC(697) User=0.03s Sys=0.00s Real=0.03s
[515.327s][info][gc,start       ] GC(698) Pause Young (Allocation Failure)
[515.353s][info][gc,heap        ] GC(698) DefNew: 629114K(629120K)->50323K(629120K) Eden: 559232K(559232K)->0K(559232K) From: 69882K(69888K)->50323K(69888K)
[515.353s][info][gc,heap        ] GC(698) Tenured: 1297614K(1398144K)->1359349K(1398144K)
[515.353s][info][gc,metaspace   ] GC(698) Metaspace: 119965K(123840K)->119965K(123840K) NonClass: 103757K(104384K)->103757K(104384K) Class: 16208K(19456K)->16208K(19456K)
[515.354s][info][gc             ] GC(698) Pause Young (Allocation Failure) 1881M->1376M(1979M) 26.908ms
[515.354s][info][gc,cpu         ] GC(698) User=0.03s Sys=0.00s Real=0.03s
[515.388s][info][gc,start       ] GC(699) Pause Young (Allocation Failure)
[515.388s][info][gc             ] GC(699) Pause Young (Allocation Failure) 1922M->1922M(1979M) 0.128ms
[515.388s][info][gc,cpu         ] GC(699) User=0.00s Sys=0.00s Real=0.00s
[515.388s][info][gc,start       ] GC(700) Pause Full (Allocation Failure)
[515.388s][info][gc,phases,start] GC(700) Phase 1: Mark live objects
[515.442s][info][gc,phases      ] GC(700) Phase 1: Mark live objects 53.149ms
[515.442s][info][gc,phases,start] GC(700) Phase 2: Compute new object addresses
[515.587s][info][gc,phases      ] GC(700) Phase 2: Compute new object addresses 145.500ms
[515.587s][info][gc,phases,start] GC(700) Phase 3: Adjust pointers
[515.618s][info][gc,phases      ] GC(700) Phase 3: Adjust pointers 30.940ms
[515.618s][info][gc,phases,start] GC(700) Phase 4: Move objects
[515.643s][info][gc,phases      ] GC(700) Phase 4: Move objects 24.501ms
[515.644s][info][gc,heap        ] GC(700) DefNew: 609555K(629120K)->0K(629120K) Eden: 559232K(559232K)->0K(559232K) From: 50323K(69888K)->0K(69888K)
[515.644s][info][gc,heap        ] GC(700) Tenured: 1359349K(1398144K)->1332471K(1398144K)
[515.644s][info][gc,metaspace   ] GC(700) Metaspace: 119965K(123840K)->119965K(123840K) NonClass: 103757K(104384K)->103757K(104384K) Class: 16208K(19456K)->16208K(19456K)
[515.644s][info][gc             ] GC(700) Pause Full (Allocation Failure) 1922M->1301M(1979M) 255.289ms
[515.644s][info][gc,cpu         ] GC(700) User=0.25s Sys=0.00s Real=0.25s
[515.679s][info][gc,start       ] GC(701) Pause Young (Allocation Failure)
[515.679s][info][gc             ] GC(701) Pause Young (Allocation Failure) 1847M->1847M(1979M) 0.238ms
[515.679s][info][gc,cpu         ] GC(701) User=0.00s Sys=0.00s Real=0.00s
[515.679s][info][gc,start       ] GC(702) Pause Full (Allocation Failure)
[515.680s][info][gc,phases,start] GC(702) Phase 1: Mark live objects
[515.744s][info][gc,phases      ] GC(702) Phase 1: Mark live objects 64.063ms
[515.744s][info][gc,phases,start] GC(702) Phase 2: Compute new object addresses
[515.889s][info][gc,phases      ] GC(702) Phase 2: Compute new object addresses 145.288ms
[515.889s][info][gc,phases,start] GC(702) Phase 3: Adjust pointers
[515.921s][info][gc,phases      ] GC(702) Phase 3: Adjust pointers 31.675ms
[515.921s][info][gc,phases,start] GC(702) Phase 4: Move objects
[515.934s][info][gc,phases      ] GC(702) Phase 4: Move objects 12.864ms
[515.935s][info][gc,heap        ] GC(702) DefNew: 559232K(629120K)->0K(629120K) Eden: 559232K(559232K)->0K(559232K) From: 0K(69888K)->0K(69888K)
[515.935s][info][gc,heap        ] GC(702) Tenured: 1332471K(1398144K)->1352385K(1398144K)
[515.935s][info][gc,metaspace   ] GC(702) Metaspace: 119965K(123840K)->119965K(123840K) NonClass: 103757K(104384K)->103757K(104384K) Class: 16208K(19456K)->16208K(19456K)
[515.935s][info][gc             ] GC(702) Pause Full (Allocation Failure) 1847M->1320M(1979M) 255.112ms
[515.935s][info][gc,cpu         ] GC(702) User=0.25s Sys=0.00s Real=0.25s
[515.970s][info][gc,start       ] GC(703) Pause Young (Allocation Failure)
[515.970s][info][gc             ] GC(703) Pause Young (Allocation Failure) 1866M->1866M(1979M) 0.122ms
[515.970s][info][gc,cpu         ] GC(703) User=0.00s Sys=0.00s Real=0.00s
[515.970s][info][gc,start       ] GC(704) Pause Full (Allocation Failure)
[515.970s][info][gc,phases,start] GC(704) Phase 1: Mark live objects
[516.023s][info][gc,phases      ] GC(704) Phase 1: Mark live objects 52.959ms
[516.023s][info][gc,phases,start] GC(704) Phase 2: Compute new object addresses
[516.173s][info][gc,phases      ] GC(704) Phase 2: Compute new object addresses 149.722ms
[516.173s][info][gc,phases,start] GC(704) Phase 3: Adjust pointers
[516.204s][info][gc,phases      ] GC(704) Phase 3: Adjust pointers 31.456ms
[516.204s][info][gc,phases,start] GC(704) Phase 4: Move objects
[516.230s][info][gc,phases      ] GC(704) Phase 4: Move objects 25.522ms
[516.231s][info][gc,heap        ] GC(704) DefNew: 559232K(629120K)->0K(629120K) Eden: 559232K(559232K)->0K(559232K) From: 0K(69888K)->0K(69888K)
[516.231s][info][gc,heap        ] GC(704) Tenured: 1352385K(1398144K)->1380962K(1398144K)
[516.231s][info][gc,metaspace   ] GC(704) Metaspace: 119965K(123840K)->119965K(123840K) NonClass: 103757K(104384K)->103757K(104384K) Class: 16208K(19456K)->16208K(19456K)
[516.231s][info][gc             ] GC(704) Pause Full (Allocation Failure) 1866M->1348M(1979M) 260.747ms
[516.231s][info][gc,cpu         ] GC(704) User=0.25s Sys=0.00s Real=0.25s
[516.271s][info][gc,start       ] GC(705) Pause Young (Allocation Failure)
[516.272s][info][gc             ] GC(705) Pause Young (Allocation Failure) 1894M->1894M(1979M) 0.122ms
[516.272s][info][gc,cpu         ] GC(705) User=0.00s Sys=0.00s Real=0.00s
[516.272s][info][gc,start       ] GC(706) Pause Full (Allocation Failure)
[516.272s][info][gc,phases,start] GC(706) Phase 1: Mark live objects
[516.325s][info][gc,phases      ] GC(706) Phase 1: Mark live objects 52.844ms
[516.325s][info][gc,phases,start] GC(706) Phase 2: Compute new object addresses
[516.460s][info][gc,phases      ] GC(706) Phase 2: Compute new object addresses 135.490ms
[516.460s][info][gc,phases,start] GC(706) Phase 3: Adjust pointers
[516.492s][info][gc,phases      ] GC(706) Phase 3: Adjust pointers 31.979ms
[516.492s][info][gc,phases,start] GC(706) Phase 4: Move objects
[516.702s][info][gc,phases      ] GC(706) Phase 4: Move objects 210.092ms
[516.703s][info][gc,heap        ] GC(706) DefNew: 559232K(629120K)->0K(629120K) Eden: 559232K(559232K)->0K(559232K) From: 0K(69888K)->0K(69888K)
[516.703s][info][gc,heap        ] GC(706) Tenured: 1380962K(1398144K)->1310237K(1398144K)
[516.703s][info][gc,metaspace   ] GC(706) Metaspace: 119965K(123840K)->119965K(123840K) NonClass: 103757K(104384K)->103757K(104384K) Class: 16208K(19456K)->16208K(19456K)
[516.703s][info][gc             ] GC(706) Pause Full (Allocation Failure) 1894M->1279M(1979M) 431.651ms
[516.703s][info][gc,cpu         ] GC(706) User=0.44s Sys=0.00s Real=0.44s
[516.741s][info][gc,start       ] GC(707) Pause Young (Allocation Failure)
[516.756s][info][gc,heap        ] GC(707) DefNew: 559232K(629120K)->55559K(629120K) Eden: 559232K(559232K)->0K(559232K) From: 0K(69888K)->55559K(69888K)
[516.756s][info][gc,heap        ] GC(707) Tenured: 1310237K(1398144K)->1310237K(1398144K)
[516.756s][info][gc,metaspace   ] GC(707) Metaspace: 119965K(123840K)->119965K(123840K) NonClass: 103757K(104384K)->103757K(104384K) Class: 16208K(19456K)->16208K(19456K)
[516.756s][info][gc             ] GC(707) Pause Young (Allocation Failure) 1825M->1333M(1979M) 14.646ms
[516.756s][info][gc,cpu         ] GC(707) User=0.02s Sys=0.00s Real=0.02s
[516.785s][info][gc,start       ] GC(708) Pause Young (Allocation Failure)
[516.805s][info][gc,heap        ] GC(708) DefNew: 611466K(629120K)->45496K(629120K) Eden: 555907K(559232K)->0K(559232K) From: 55559K(69888K)->45496K(69888K)
[516.805s][info][gc,heap        ] GC(708) Tenured: 1310237K(1398144K)->1342585K(1398144K)
[516.805s][info][gc,metaspace   ] GC(708) Metaspace: 119965K(123840K)->119965K(123840K) NonClass: 103757K(104384K)->103757K(104384K) Class: 16208K(19456K)->16208K(19456K)
[516.805s][info][gc             ] GC(708) Pause Young (Allocation Failure) 1876M->1355M(1979M) 19.408ms
[516.805s][info][gc,cpu         ] GC(708) User=0.02s Sys=0.00s Real=0.02s
[516.835s][info][gc,start       ] GC(709) Pause Young (Allocation Failure)
[516.835s][info][gc             ] GC(709) Pause Young (Allocation Failure) 1897M->1897M(1979M) 0.124ms
[516.835s][info][gc,cpu         ] GC(709) User=0.00s Sys=0.00s Real=0.00s
[516.836s][info][gc,start       ] GC(710) Pause Full (Allocation Failure)
[516.836s][info][gc,phases,start] GC(710) Phase 1: Mark live objects
[516.888s][info][gc,phases      ] GC(710) Phase 1: Mark live objects 52.678ms
[516.888s][info][gc,phases,start] GC(710) Phase 2: Compute new object addresses
[517.039s][info][gc,phases      ] GC(710) Phase 2: Compute new object addresses 150.227ms
[517.039s][info][gc,phases,start] GC(710) Phase 3: Adjust pointers
[517.069s][info][gc,phases      ] GC(710) Phase 3: Adjust pointers 30.927ms
[517.070s][info][gc,phases,start] GC(710) Phase 4: Move objects
[517.083s][info][gc,phases      ] GC(710) Phase 4: Move objects 13.190ms
[517.084s][info][gc,heap        ] GC(710) DefNew: 600396K(629120K)->7282K(629120K) Eden: 554899K(559232K)->7282K(559232K) From: 45496K(69888K)->0K(69888K)
[517.084s][info][gc,heap        ] GC(710) Tenured: 1342585K(1398144K)->1394573K(1398144K)
[517.084s][info][gc,metaspace   ] GC(710) Metaspace: 119965K(123840K)->119965K(123840K) NonClass: 103757K(104384K)->103757K(104384K) Class: 16208K(19456K)->16208K(19456K)
[517.084s][info][gc             ] GC(710) Pause Full (Allocation Failure) 1897M->1369M(1979M) 248.089ms
[517.084s][info][gc,cpu         ] GC(710) User=0.25s Sys=0.00s Real=0.25s
[519.150s][info][gc,start       ] GC(711) Pause Full (Allocation Failure)
[519.150s][info][gc,phases,start] GC(711) Phase 1: Mark live objects
[519.204s][info][gc,phases      ] GC(711) Phase 1: Mark live objects 54.004ms
[519.204s][info][gc,phases,start] GC(711) Phase 2: Compute new object addresses
[519.358s][info][gc,phases      ] GC(711) Phase 2: Compute new object addresses 154.031ms
[519.358s][info][gc,phases,start] GC(711) Phase 3: Adjust pointers
[519.389s][info][gc,phases      ] GC(711) Phase 3: Adjust pointers 31.489ms
[519.389s][info][gc,phases,start] GC(711) Phase 4: Move objects
[519.409s][info][gc,phases      ] GC(711) Phase 4: Move objects 19.723ms
[519.410s][info][gc,heap        ] GC(711) DefNew: 629120K(629120K)->38896K(629120K) Eden: 559232K(559232K)->38896K(559232K) From: 69888K(69888K)->0K(69888K)
[519.410s][info][gc,heap        ] GC(711) Tenured: 1398143K(1398144K)->1396132K(1398144K)
[519.410s][info][gc,metaspace   ] GC(711) Metaspace: 119967K(123840K)->119967K(123840K) NonClass: 103758K(104384K)->103758K(104384K) Class: 16208K(19456K)->16208K(19456K)
[519.410s][info][gc             ] GC(711) Pause Full (Allocation Failure) 1979M->1401M(1979M) 260.435ms
[519.410s][info][gc,cpu         ] GC(711) User=0.25s Sys=0.00s Real=0.25s
[520.988s][info][gc,start       ] GC(712) Pause Full (Allocation Failure)
[520.988s][info][gc,phases,start] GC(712) Phase 1: Mark live objects
[521.041s][info][gc,phases      ] GC(712) Phase 1: Mark live objects 53.310ms
[521.041s][info][gc,phases,start] GC(712) Phase 2: Compute new object addresses
[521.208s][info][gc,phases      ] GC(712) Phase 2: Compute new object addresses 166.245ms
[521.208s][info][gc,phases,start] GC(712) Phase 3: Adjust pointers
[521.240s][info][gc,phases      ] GC(712) Phase 3: Adjust pointers 32.007ms
[521.240s][info][gc,phases,start] GC(712) Phase 4: Move objects
[521.257s][info][gc,phases      ] GC(712) Phase 4: Move objects 17.640ms
[521.258s][info][gc,heap        ] GC(712) DefNew: 629120K(629120K)->44399K(629120K) Eden: 559232K(559232K)->44399K(559232K) From: 69888K(69888K)->0K(69888K)
[521.258s][info][gc,heap        ] GC(712) Tenured: 1398143K(1398144K)->1395268K(1398144K)
[521.258s][info][gc,metaspace   ] GC(712) Metaspace: 119984K(123840K)->119984K(123840K) NonClass: 103776K(104384K)->103776K(104384K) Class: 16208K(19456K)->16208K(19456K)
[521.258s][info][gc             ] GC(712) Pause Full (Allocation Failure) 1979M->1405M(1979M) 270.402ms
[521.258s][info][gc,cpu         ] GC(712) User=0.28s Sys=0.00s Real=0.28s
[523.362s][info][gc,start       ] GC(713) Pause Full (Allocation Failure)
[523.362s][info][gc,phases,start] GC(713) Phase 1: Mark live objects
[523.416s][info][gc,phases      ] GC(713) Phase 1: Mark live objects 53.538ms
[523.416s][info][gc,phases,start] GC(713) Phase 2: Compute new object addresses
[523.578s][info][gc,phases      ] GC(713) Phase 2: Compute new object addresses 161.821ms
[523.578s][info][gc,phases,start] GC(713) Phase 3: Adjust pointers
[523.609s][info][gc,phases      ] GC(713) Phase 3: Adjust pointers 31.825ms
[523.610s][info][gc,phases,start] GC(713) Phase 4: Move objects
[523.836s][info][gc,phases      ] GC(713) Phase 4: Move objects 226.006ms
[523.836s][info][gc,heap        ] GC(713) DefNew: 629120K(629120K)->0K(629120K) Eden: 559232K(559232K)->0K(559232K) From: 69888K(69888K)->0K(69888K)
[523.836s][info][gc,heap        ] GC(713) Tenured: 1398143K(1398144K)->1387633K(1398144K)
[523.837s][info][gc,metaspace   ] GC(713) Metaspace: 119984K(123840K)->119984K(123840K) NonClass: 103776K(104384K)->103776K(104384K) Class: 16208K(19456K)->16208K(19456K)
[523.837s][info][gc             ] GC(713) Pause Full (Allocation Failure) 1979M->1355M(1979M) 474.489ms
[523.837s][info][gc,cpu         ] GC(713) User=0.47s Sys=0.00s Real=0.48s
[523.876s][info][gc,start       ] GC(714) Pause Young (Allocation Failure)
[523.876s][info][gc             ] GC(714) Pause Young (Allocation Failure) 1901M->1901M(1979M) 0.120ms
[523.876s][info][gc,cpu         ] GC(714) User=0.00s Sys=0.00s Real=0.00s
[523.876s][info][gc,start       ] GC(715) Pause Full (Allocation Failure)
[523.876s][info][gc,phases,start] GC(715) Phase 1: Mark live objects
[523.930s][info][gc,phases      ] GC(715) Phase 1: Mark live objects 53.578ms
[523.930s][info][gc,phases,start] GC(715) Phase 2: Compute new object addresses
[524.073s][info][gc,phases      ] GC(715) Phase 2: Compute new object addresses 143.507ms
[524.074s][info][gc,phases,start] GC(715) Phase 3: Adjust pointers
[524.105s][info][gc,phases      ] GC(715) Phase 3: Adjust pointers 31.182ms
[524.105s][info][gc,phases,start] GC(715) Phase 4: Move objects
[524.114s][info][gc,phases      ] GC(715) Phase 4: Move objects 9.614ms
[524.115s][info][gc,heap        ] GC(715) DefNew: 559232K(629120K)->32099K(629120K) Eden: 559232K(559232K)->32099K(559232K) From: 0K(69888K)->0K(69888K)
[524.115s][info][gc,heap        ] GC(715) Tenured: 1387633K(1398144K)->1397658K(1398144K)
[524.115s][info][gc,metaspace   ] GC(715) Metaspace: 119984K(123840K)->119984K(123840K) NonClass: 103776K(104384K)->103776K(104384K) Class: 16208K(19456K)->16208K(19456K)
[524.115s][info][gc             ] GC(715) Pause Full (Allocation Failure) 1901M->1396M(1979M) 238.942ms
[524.115s][info][gc,cpu         ] GC(715) User=0.23s Sys=0.00s Real=0.23s
[525.999s][info][gc,start       ] GC(716) Pause Full (Allocation Failure)
[525.999s][info][gc,phases,start] GC(716) Phase 1: Mark live objects
[526.051s][info][gc,phases      ] GC(716) Phase 1: Mark live objects 52.692ms
[526.052s][info][gc,phases,start] GC(716) Phase 2: Compute new object addresses
[526.213s][info][gc,phases      ] GC(716) Phase 2: Compute new object addresses 161.467ms
[526.213s][info][gc,phases,start] GC(716) Phase 3: Adjust pointers
[526.245s][info][gc,phases      ] GC(716) Phase 3: Adjust pointers 31.970ms
[526.245s][info][gc,phases,start] GC(716) Phase 4: Move objects
[526.256s][info][gc,phases      ] GC(716) Phase 4: Move objects 11.178ms
[526.257s][info][gc,heap        ] GC(716) DefNew: 629119K(629120K)->52442K(629120K) Eden: 559232K(559232K)->52442K(559232K) From: 69887K(69888K)->0K(69888K)
[526.257s][info][gc,heap        ] GC(716) Tenured: 1398144K(1398144K)->1398144K(1398144K)
[526.257s][info][gc,metaspace   ] GC(716) Metaspace: 119997K(123840K)->119997K(123840K) NonClass: 103789K(104384K)->103789K(104384K) Class: 16208K(19456K)->16208K(19456K)
[526.257s][info][gc             ] GC(716) Pause Full (Allocation Failure) 1979M->1416M(1979M) 258.477ms
[526.257s][info][gc,cpu         ] GC(716) User=0.27s Sys=0.00s Real=0.26s
[528.400s][info][gc,start       ] GC(717) Pause Full (Allocation Failure)
[528.400s][info][gc,phases,start] GC(717) Phase 1: Mark live objects
[528.453s][info][gc,phases      ] GC(717) Phase 1: Mark live objects 53.045ms
[528.453s][info][gc,phases,start] GC(717) Phase 2: Compute new object addresses
[528.601s][info][gc,phases      ] GC(717) Phase 2: Compute new object addresses 147.196ms
[528.601s][info][gc,phases,start] GC(717) Phase 3: Adjust pointers
[528.632s][info][gc,phases      ] GC(717) Phase 3: Adjust pointers 31.085ms
[528.632s][info][gc,phases,start] GC(717) Phase 4: Move objects
[528.643s][info][gc,phases      ] GC(717) Phase 4: Move objects 10.990ms
[528.644s][info][gc,heap        ] GC(717) DefNew: 629119K(629120K)->49637K(629120K) Eden: 559232K(559232K)->49637K(559232K) From: 69887K(69888K)->0K(69888K)
[528.644s][info][gc,heap        ] GC(717) Tenured: 1398144K(1398144K)->1398144K(1398144K)
[528.644s][info][gc,metaspace   ] GC(717) Metaspace: 120004K(123840K)->120004K(123840K) NonClass: 103796K(104384K)->103796K(104384K) Class: 16208K(19456K)->16208K(19456K)
[528.644s][info][gc             ] GC(717) Pause Full (Allocation Failure) 1979M->1413M(1979M) 243.457ms
[528.644s][info][gc,cpu         ] GC(717) User=0.25s Sys=0.00s Real=0.24s
[531.177s][info][gc,start       ] GC(718) Pause Full (Allocation Failure)
[531.177s][info][gc,phases,start] GC(718) Phase 1: Mark live objects
[531.229s][info][gc,phases      ] GC(718) Phase 1: Mark live objects 52.753ms
[531.230s][info][gc,phases,start] GC(718) Phase 2: Compute new object addresses
[531.394s][info][gc,phases      ] GC(718) Phase 2: Compute new object addresses 164.566ms
[531.394s][info][gc,phases,start] GC(718) Phase 3: Adjust pointers
[531.427s][info][gc,phases      ] GC(718) Phase 3: Adjust pointers 32.824ms
[531.427s][info][gc,phases,start] GC(718) Phase 4: Move objects
[531.666s][info][gc,phases      ] GC(718) Phase 4: Move objects 239.099ms
[531.667s][info][gc,heap        ] GC(718) DefNew: 629119K(629120K)->3905K(629120K) Eden: 559232K(559232K)->3905K(559232K) From: 69887K(69888K)->0K(69888K)
[531.667s][info][gc,heap        ] GC(718) Tenured: 1398144K(1398144K)->1395581K(1398144K)
[531.667s][info][gc,metaspace   ] GC(718) Metaspace: 120004K(123840K)->120004K(123840K) NonClass: 103796K(104384K)->103796K(104384K) Class: 16208K(19456K)->16208K(19456K)
[531.667s][info][gc             ] GC(718) Pause Full (Allocation Failure) 1979M->1366M(1979M) 490.604ms
[531.667s][info][gc,cpu         ] GC(718) User=0.48s Sys=0.00s Real=0.49s
[534.098s][info][gc,start       ] GC(719) Pause Full (Allocation Failure)
[534.098s][info][gc,phases,start] GC(719) Phase 1: Mark live objects
[534.152s][info][gc,phases      ] GC(719) Phase 1: Mark live objects 53.560ms
[534.189s][info][gc,phases,start] GC(719) Phase 2: Compute new object addresses
[534.381s][info][gc,phases      ] GC(719) Phase 2: Compute new object addresses 192.765ms
[534.381s][info][gc,phases,start] GC(719) Phase 3: Adjust pointers
[534.414s][info][gc,phases      ] GC(719) Phase 3: Adjust pointers 32.497ms
[534.414s][info][gc,phases,start] GC(719) Phase 4: Move objects
[534.414s][info][gc,phases      ] GC(719) Phase 4: Move objects 0.015ms
[534.415s][info][gc,heap        ] GC(719) DefNew: 629119K(629120K)->3847K(629120K) Eden: 559232K(559232K)->3847K(559232K) From: 69887K(69888K)->0K(69888K)
[534.415s][info][gc,heap        ] GC(719) Tenured: 1398143K(1398144K)->1398143K(1398144K)
[534.415s][info][gc,metaspace   ] GC(719) Metaspace: 120004K(123840K)->120004K(123840K) NonClass: 103796K(104384K)->103796K(104384K) Class: 16208K(19456K)->16208K(19456K)
[534.415s][info][gc             ] GC(719) Pause Full (Allocation Failure) 1979M->1369M(1979M) 316.454ms
[534.415s][info][gc,cpu         ] GC(719) User=0.28s Sys=0.00s Real=0.31s
[536.638s][info][gc,start       ] GC(720) Pause Full (Allocation Failure)
[536.638s][info][gc,phases,start] GC(720) Phase 1: Mark live objects
[536.691s][info][gc,phases      ] GC(720) Phase 1: Mark live objects 53.016ms
[536.691s][info][gc,phases,start] GC(720) Phase 2: Compute new object addresses
[536.867s][info][gc,phases      ] GC(720) Phase 2: Compute new object addresses 175.371ms
[536.867s][info][gc,phases,start] GC(720) Phase 3: Adjust pointers
[536.897s][info][gc,phases      ] GC(720) Phase 3: Adjust pointers 30.564ms
[536.897s][info][gc,phases,start] GC(720) Phase 4: Move objects
[536.897s][info][gc,phases      ] GC(720) Phase 4: Move objects 0.034ms
[536.898s][info][gc,heap        ] GC(720) DefNew: 629119K(629120K)->3888K(629120K) Eden: 559232K(559232K)->3888K(559232K) From: 69887K(69888K)->0K(69888K)
[536.898s][info][gc,heap        ] GC(720) Tenured: 1398143K(1398144K)->1398143K(1398144K)
[536.898s][info][gc,metaspace   ] GC(720) Metaspace: 120004K(123840K)->120004K(123840K) NonClass: 103796K(104384K)->103796K(104384K) Class: 16208K(19456K)->16208K(19456K)
[536.898s][info][gc             ] GC(720) Pause Full (Allocation Failure) 1979M->1369M(1979M) 260.095ms
[536.898s][info][gc,cpu         ] GC(720) User=0.27s Sys=0.00s Real=0.26s
[539.335s][info][gc,start       ] GC(721) Pause Full (Allocation Failure)
[539.335s][info][gc,phases,start] GC(721) Phase 1: Mark live objects
[539.388s][info][gc,phases      ] GC(721) Phase 1: Mark live objects 53.171ms
[539.388s][info][gc,phases,start] GC(721) Phase 2: Compute new object addresses
[539.564s][info][gc,phases      ] GC(721) Phase 2: Compute new object addresses 175.647ms
[539.564s][info][gc,phases,start] GC(721) Phase 3: Adjust pointers
[539.595s][info][gc,phases      ] GC(721) Phase 3: Adjust pointers 30.688ms
[539.595s][info][gc,phases,start] GC(721) Phase 4: Move objects
[539.595s][info][gc,phases      ] GC(721) Phase 4: Move objects 0.049ms
[539.595s][info][gc,heap        ] GC(721) DefNew: 629120K(629120K)->3921K(629120K) Eden: 559232K(559232K)->3921K(559232K) From: 69888K(69888K)->0K(69888K)
[539.596s][info][gc,heap        ] GC(721) Tenured: 1398143K(1398144K)->1398143K(1398144K)
[539.596s][info][gc,metaspace   ] GC(721) Metaspace: 120012K(123840K)->120012K(123840K) NonClass: 103803K(104384K)->103803K(104384K) Class: 16208K(19456K)->16208K(19456K)
[539.596s][info][gc             ] GC(721) Pause Full (Allocation Failure) 1979M->1369M(1979M) 260.681ms
[539.596s][info][gc,cpu         ] GC(721) User=0.25s Sys=0.00s Real=0.25s
[541.717s][info][gc,start       ] GC(722) Pause Full (Allocation Failure)
[541.717s][info][gc,phases,start] GC(722) Phase 1: Mark live objects
[541.771s][info][gc,phases      ] GC(722) Phase 1: Mark live objects 54.005ms
[541.771s][info][gc,phases,start] GC(722) Phase 2: Compute new object addresses
[541.958s][info][gc,phases      ] GC(722) Phase 2: Compute new object addresses 187.134ms
[541.958s][info][gc,phases,start] GC(722) Phase 3: Adjust pointers
[541.991s][info][gc,phases      ] GC(722) Phase 3: Adjust pointers 33.416ms
[541.991s][info][gc,phases,start] GC(722) Phase 4: Move objects
[542.225s][info][gc,phases      ] GC(722) Phase 4: Move objects 233.060ms
[542.225s][info][gc,heap        ] GC(722) DefNew: 629118K(629120K)->0K(629120K) Eden: 559232K(559232K)->0K(559232K) From: 69886K(69888K)->0K(69888K)
[542.226s][info][gc,heap        ] GC(722) Tenured: 1398143K(1398144K)->1370977K(1398144K)
[542.226s][info][gc,metaspace   ] GC(722) Metaspace: 120012K(123840K)->120012K(123840K) NonClass: 103803K(104384K)->103803K(104384K) Class: 16208K(19456K)->16208K(19456K)
[542.226s][info][gc             ] GC(722) Pause Full (Allocation Failure) 1979M->1338M(1979M) 508.922ms
[542.226s][info][gc,cpu         ] GC(722) User=0.50s Sys=0.00s Real=0.51s
[542.276s][info][gc,start       ] GC(723) Pause Young (Allocation Failure)
[542.277s][info][gc             ] GC(723) Pause Young (Allocation Failure) 1884M->1884M(1979M) 0.241ms
[542.277s][info][gc,cpu         ] GC(723) User=0.00s Sys=0.00s Real=0.00s
[542.277s][info][gc,start       ] GC(724) Pause Full (Allocation Failure)
[542.277s][info][gc,phases,start] GC(724) Phase 1: Mark live objects
[542.350s][info][gc,phases      ] GC(724) Phase 1: Mark live objects 72.866ms
[542.350s][info][gc,phases,start] GC(724) Phase 2: Compute new object addresses
[542.507s][info][gc,phases      ] GC(724) Phase 2: Compute new object addresses 156.962ms
[542.507s][info][gc,phases,start] GC(724) Phase 3: Adjust pointers
[542.538s][info][gc,phases      ] GC(724) Phase 3: Adjust pointers 31.225ms
[542.538s][info][gc,phases,start] GC(724) Phase 4: Move objects
[542.538s][info][gc,phases      ] GC(724) Phase 4: Move objects 0.042ms
[542.539s][info][gc,heap        ] GC(724) DefNew: 559232K(629120K)->0K(629120K) Eden: 559232K(559232K)->0K(559232K) From: 0K(69888K)->0K(69888K)
[542.539s][info][gc,heap        ] GC(724) Tenured: 1370977K(1398144K)->1371066K(1398144K)
[542.539s][info][gc,metaspace   ] GC(724) Metaspace: 120012K(123840K)->120012K(123840K) NonClass: 103803K(104384K)->103803K(104384K) Class: 16208K(19456K)->16208K(19456K)
[542.539s][info][gc             ] GC(724) Pause Full (Allocation Failure) 1884M->1338M(1979M) 262.212ms
[542.539s][info][gc,cpu         ] GC(724) User=0.25s Sys=0.00s Real=0.25s
[542.601s][info][gc,start       ] GC(725) Pause Young (Allocation Failure)
[542.601s][info][gc             ] GC(725) Pause Young (Allocation Failure) 1885M->1885M(1979M) 0.160ms
[542.601s][info][gc,cpu         ] GC(725) User=0.00s Sys=0.00s Real=0.00s
[542.601s][info][gc,start       ] GC(726) Pause Full (Allocation Failure)
[542.602s][info][gc,phases,start] GC(726) Phase 1: Mark live objects
[542.658s][info][gc,phases      ] GC(726) Phase 1: Mark live objects 56.371ms
[542.658s][info][gc,phases,start] GC(726) Phase 2: Compute new object addresses
[542.811s][info][gc,phases      ] GC(726) Phase 2: Compute new object addresses 152.565ms
[542.811s][info][gc,phases,start] GC(726) Phase 3: Adjust pointers
[542.841s][info][gc,phases      ] GC(726) Phase 3: Adjust pointers 30.823ms
[542.841s][info][gc,phases,start] GC(726) Phase 4: Move objects
[542.874s][info][gc,phases      ] GC(726) Phase 4: Move objects 32.390ms
[542.875s][info][gc,heap        ] GC(726) DefNew: 559232K(629120K)->0K(629120K) Eden: 559232K(559232K)->0K(559232K) From: 0K(69888K)->0K(69888K)
[542.875s][info][gc,heap        ] GC(726) Tenured: 1371066K(1398144K)->1253361K(1398144K)
[542.875s][info][gc,metaspace   ] GC(726) Metaspace: 120017K(123840K)->120017K(123840K) NonClass: 103809K(104384K)->103809K(104384K) Class: 16208K(19456K)->16208K(19456K)
[542.875s][info][gc             ] GC(726) Pause Full (Allocation Failure) 1885M->1223M(1979M) 273.262ms
[542.875s][info][gc,cpu         ] GC(726) User=0.27s Sys=0.00s Real=0.27s
[543.332s][info][gc,start       ] GC(727) Pause Full (System.gc())
[543.332s][info][gc,phases,start] GC(727) Phase 1: Mark live objects
[543.395s][info][gc,phases      ] GC(727) Phase 1: Mark live objects 63.441ms
[543.395s][info][gc,phases,start] GC(727) Phase 2: Compute new object addresses
[543.477s][info][gc,phases      ] GC(727) Phase 2: Compute new object addresses 81.901ms
[543.477s][info][gc,phases,start] GC(727) Phase 3: Adjust pointers
[543.508s][info][gc,phases      ] GC(727) Phase 3: Adjust pointers 30.501ms
[543.508s][info][gc,phases,start] GC(727) Phase 4: Move objects
[543.508s][info][gc,phases      ] GC(727) Phase 4: Move objects 0.105ms
[543.509s][info][gc,heap        ] GC(727) DefNew: 290912K(629120K)->0K(629120K) Eden: 290912K(559232K)->0K(559232K) From: 0K(69888K)->0K(69888K)
[543.509s][info][gc,heap        ] GC(727) Tenured: 1253361K(1398144K)->1030837K(1398144K)
[543.509s][info][gc,metaspace   ] GC(727) Metaspace: 120035K(123840K)->120035K(123840K) NonClass: 103827K(104384K)->103827K(104384K) Class: 16208K(19456K)->16208K(19456K)
[543.509s][info][gc             ] GC(727) Pause Full (System.gc()) 1508M->1006M(1979M) 177.103ms
[543.509s][info][gc,cpu         ] GC(727) User=0.17s Sys=0.00s Real=0.17s
[543.640s][info][gc,start       ] GC(728) Pause Young (Allocation Failure)
[543.655s][info][gc,heap        ] GC(728) DefNew: 559232K(629120K)->13058K(629120K) Eden: 559232K(559232K)->0K(559232K) From: 0K(69888K)->13058K(69888K)
[543.655s][info][gc,heap        ] GC(728) Tenured: 1030837K(1398144K)->1030837K(1398144K)
[543.655s][info][gc,metaspace   ] GC(728) Metaspace: 120140K(123968K)->120140K(123968K) NonClass: 103930K(104512K)->103930K(104512K) Class: 16209K(19456K)->16209K(19456K)
[543.655s][info][gc             ] GC(728) Pause Young (Allocation Failure) 1552M->1019M(1979M) 14.543ms
[543.655s][info][gc,cpu         ] GC(728) User=0.02s Sys=0.00s Real=0.02s
[543.693s][info][gc,start       ] GC(729) Pause Young (Allocation Failure)
[543.705s][info][gc,heap        ] GC(729) DefNew: 572290K(629120K)->19789K(629120K) Eden: 559232K(559232K)->0K(559232K) From: 13058K(69888K)->19789K(69888K)
[543.705s][info][gc,heap        ] GC(729) Tenured: 1030837K(1398144K)->1030837K(1398144K)
[543.705s][info][gc,metaspace   ] GC(729) Metaspace: 120140K(123968K)->120140K(123968K) NonClass: 103930K(104512K)->103930K(104512K) Class: 16209K(19456K)->16209K(19456K)
[543.705s][info][gc             ] GC(729) Pause Young (Allocation Failure) 1565M->1026M(1979M) 11.517ms
[543.705s][info][gc,cpu         ] GC(729) User=0.02s Sys=0.00s Real=0.02s
[543.742s][info][gc,start       ] GC(730) Pause Young (Allocation Failure)
[543.755s][info][gc,heap        ] GC(730) DefNew: 579021K(629120K)->25465K(629120K) Eden: 559232K(559232K)->0K(559232K) From: 19789K(69888K)->25465K(69888K)
[543.755s][info][gc,heap        ] GC(730) Tenured: 1030837K(1398144K)->1030837K(1398144K)
[543.755s][info][gc,metaspace   ] GC(730) Metaspace: 120140K(123968K)->120140K(123968K) NonClass: 103930K(104512K)->103930K(104512K) Class: 16209K(19456K)->16209K(19456K)
[543.755s][info][gc             ] GC(730) Pause Young (Allocation Failure) 1572M->1031M(1979M) 12.841ms
[543.755s][info][gc,cpu         ] GC(730) User=0.02s Sys=0.00s Real=0.02s
[543.793s][info][gc,start       ] GC(731) Pause Young (Allocation Failure)
[543.825s][info][gc,heap        ] GC(731) DefNew: 584697K(629120K)->34062K(629120K) Eden: 559232K(559232K)->0K(559232K) From: 25465K(69888K)->34062K(69888K)
[543.825s][info][gc,heap        ] GC(731) Tenured: 1030837K(1398144K)->1030837K(1398144K)
[543.825s][info][gc,metaspace   ] GC(731) Metaspace: 120140K(123968K)->120140K(123968K) NonClass: 103930K(104512K)->103930K(104512K) Class: 16209K(19456K)->16209K(19456K)
[543.825s][info][gc             ] GC(731) Pause Young (Allocation Failure) 1577M->1039M(1979M) 31.793ms
[543.825s][info][gc,cpu         ] GC(731) User=0.02s Sys=0.00s Real=0.03s
[543.863s][info][gc,start       ] GC(732) Pause Young (Allocation Failure)
[543.879s][info][gc,heap        ] GC(732) DefNew: 593294K(629120K)->39574K(629120K) Eden: 559232K(559232K)->0K(559232K) From: 34062K(69888K)->39574K(69888K)
[543.879s][info][gc,heap        ] GC(732) Tenured: 1030837K(1398144K)->1030837K(1398144K)
[543.879s][info][gc,metaspace   ] GC(732) Metaspace: 120140K(123968K)->120140K(123968K) NonClass: 103930K(104512K)->103930K(104512K) Class: 16209K(19456K)->16209K(19456K)
[543.879s][info][gc             ] GC(732) Pause Young (Allocation Failure) 1586M->1045M(1979M) 16.032ms
[543.879s][info][gc,cpu         ] GC(732) User=0.02s Sys=0.00s Real=0.02s
[543.918s][info][gc,start       ] GC(733) Pause Young (Allocation Failure)
[543.937s][info][gc,heap        ] GC(733) DefNew: 598806K(629120K)->41325K(629120K) Eden: 559232K(559232K)->0K(559232K) From: 39574K(69888K)->41325K(69888K)
[543.937s][info][gc,heap        ] GC(733) Tenured: 1030837K(1398144K)->1040001K(1398144K)
[543.937s][info][gc,metaspace   ] GC(733) Metaspace: 120140K(123968K)->120140K(123968K) NonClass: 103930K(104512K)->103930K(104512K) Class: 16209K(19456K)->16209K(19456K)
[543.937s][info][gc             ] GC(733) Pause Young (Allocation Failure) 1591M->1055M(1979M) 19.511ms
[543.937s][info][gc,cpu         ] GC(733) User=0.02s Sys=0.00s Real=0.02s
[543.976s][info][gc,start       ] GC(734) Pause Young (Allocation Failure)
[543.990s][info][gc,heap        ] GC(734) DefNew: 600557K(629120K)->45579K(629120K) Eden: 559232K(559232K)->0K(559232K) From: 41325K(69888K)->45579K(69888K)
[543.990s][info][gc,heap        ] GC(734) Tenured: 1040001K(1398144K)->1043531K(1398144K)
[543.990s][info][gc,metaspace   ] GC(734) Metaspace: 120140K(123968K)->120140K(123968K) NonClass: 103930K(104512K)->103930K(104512K) Class: 16209K(19456K)->16209K(19456K)
[543.990s][info][gc             ] GC(734) Pause Young (Allocation Failure) 1602M->1063M(1979M) 14.171ms
[543.990s][info][gc,cpu         ] GC(734) User=0.02s Sys=0.00s Real=0.01s
[544.027s][info][gc,start       ] GC(735) Pause Young (Allocation Failure)
[544.040s][info][gc,heap        ] GC(735) DefNew: 604811K(629120K)->15895K(629120K) Eden: 559232K(559232K)->0K(559232K) From: 45579K(69888K)->15895K(69888K)
[544.040s][info][gc,heap        ] GC(735) Tenured: 1043531K(1398144K)->1071664K(1398144K)
[544.040s][info][gc,metaspace   ] GC(735) Metaspace: 120140K(123968K)->120140K(123968K) NonClass: 103930K(104512K)->103930K(104512K) Class: 16209K(19456K)->16209K(19456K)
[544.040s][info][gc             ] GC(735) Pause Young (Allocation Failure) 1609M->1062M(1979M) 12.765ms
[544.040s][info][gc,cpu         ] GC(735) User=0.02s Sys=0.00s Real=0.02s
[544.078s][info][gc,start       ] GC(736) Pause Young (Allocation Failure)
[544.086s][info][gc,heap        ] GC(736) DefNew: 575127K(629120K)->22179K(629120K) Eden: 559232K(559232K)->0K(559232K) From: 15895K(69888K)->22179K(69888K)
[544.086s][info][gc,heap        ] GC(736) Tenured: 1071664K(1398144K)->1071664K(1398144K)
[544.086s][info][gc,metaspace   ] GC(736) Metaspace: 120140K(123968K)->120140K(123968K) NonClass: 103930K(104512K)->103930K(104512K) Class: 16209K(19456K)->16209K(19456K)
[544.086s][info][gc             ] GC(736) Pause Young (Allocation Failure) 1608M->1068M(1979M) 7.946ms
[544.086s][info][gc,cpu         ] GC(736) User=0.02s Sys=0.00s Real=0.02s
[544.124s][info][gc,start       ] GC(737) Pause Young (Allocation Failure)
[544.137s][info][gc,heap        ] GC(737) DefNew: 581411K(629120K)->40880K(629120K) Eden: 559232K(559232K)->0K(559232K) From: 22179K(69888K)->40880K(69888K)
[544.137s][info][gc,heap        ] GC(737) Tenured: 1071664K(1398144K)->1071664K(1398144K)
[544.137s][info][gc,metaspace   ] GC(737) Metaspace: 120140K(123968K)->120140K(123968K) NonClass: 103930K(104512K)->103930K(104512K) Class: 16209K(19456K)->16209K(19456K)
[544.137s][info][gc             ] GC(737) Pause Young (Allocation Failure) 1614M->1086M(1979M) 12.835ms
[544.137s][info][gc,cpu         ] GC(737) User=0.03s Sys=0.00s Real=0.02s
[544.176s][info][gc,start       ] GC(738) Pause Young (Allocation Failure)
[544.194s][info][gc,heap        ] GC(738) DefNew: 600112K(629120K)->62752K(629120K) Eden: 559232K(559232K)->0K(559232K) From: 40880K(69888K)->62752K(69888K)
[544.194s][info][gc,heap        ] GC(738) Tenured: 1071664K(1398144K)->1087290K(1398144K)
[544.194s][info][gc,metaspace   ] GC(738) Metaspace: 120140K(123968K)->120140K(123968K) NonClass: 103930K(104512K)->103930K(104512K) Class: 16209K(19456K)->16209K(19456K)
[544.194s][info][gc             ] GC(738) Pause Young (Allocation Failure) 1632M->1123M(1979M) 17.834ms
[544.194s][info][gc,cpu         ] GC(738) User=0.02s Sys=0.00s Real=0.02s
[544.233s][info][gc,start       ] GC(739) Pause Young (Allocation Failure)
[544.258s][info][gc,heap        ] GC(739) DefNew: 621984K(629120K)->39683K(629120K) Eden: 559232K(559232K)->0K(559232K) From: 62752K(69888K)->39683K(69888K)
[544.258s][info][gc,heap        ] GC(739) Tenured: 1087290K(1398144K)->1143551K(1398144K)
[544.258s][info][gc,metaspace   ] GC(739) Metaspace: 120140K(123968K)->120140K(123968K) NonClass: 103930K(104512K)->103930K(104512K) Class: 16209K(19456K)->16209K(19456K)
[544.258s][info][gc             ] GC(739) Pause Young (Allocation Failure) 1669M->1155M(1979M) 24.922ms
[544.258s][info][gc,cpu         ] GC(739) User=0.03s Sys=0.00s Real=0.03s
[544.297s][info][gc,start       ] GC(740) Pause Young (Allocation Failure)
[544.310s][info][gc,heap        ] GC(740) DefNew: 598915K(629120K)->4669K(629120K) Eden: 559232K(559232K)->0K(559232K) From: 39683K(69888K)->4669K(69888K)
[544.310s][info][gc,heap        ] GC(740) Tenured: 1143551K(1398144K)->1182998K(1398144K)
[544.310s][info][gc,metaspace   ] GC(740) Metaspace: 120140K(123968K)->120140K(123968K) NonClass: 103930K(104512K)->103930K(104512K) Class: 16209K(19456K)->16209K(19456K)
[544.310s][info][gc             ] GC(740) Pause Young (Allocation Failure) 1701M->1159M(1979M) 13.620ms
[544.310s][info][gc,cpu         ] GC(740) User=0.02s Sys=0.00s Real=0.02s
[544.351s][info][gc,start       ] GC(741) Pause Young (Allocation Failure)
[544.368s][info][gc,heap        ] GC(741) DefNew: 563901K(629120K)->63146K(629120K) Eden: 559232K(559232K)->0K(559232K) From: 4669K(69888K)->63146K(69888K)
[544.368s][info][gc,heap        ] GC(741) Tenured: 1182998K(1398144K)->1182998K(1398144K)
[544.368s][info][gc,metaspace   ] GC(741) Metaspace: 120140K(123968K)->120140K(123968K) NonClass: 103930K(104512K)->103930K(104512K) Class: 16209K(19456K)->16209K(19456K)
[544.368s][info][gc             ] GC(741) Pause Young (Allocation Failure) 1705M->1216M(1979M) 17.553ms
[544.368s][info][gc,cpu         ] GC(741) User=0.02s Sys=0.00s Real=0.02s
[544.412s][info][gc,start       ] GC(742) Pause Young (Allocation Failure)
[544.439s][info][gc,heap        ] GC(742) DefNew: 622378K(629120K)->42165K(629120K) Eden: 559232K(559232K)->0K(559232K) From: 63146K(69888K)->42165K(69888K)
[544.439s][info][gc,heap        ] GC(742) Tenured: 1182998K(1398144K)->1245550K(1398144K)
[544.439s][info][gc,metaspace   ] GC(742) Metaspace: 120140K(123968K)->120140K(123968K) NonClass: 103930K(104512K)->103930K(104512K) Class: 16209K(19456K)->16209K(19456K)
[544.439s][info][gc             ] GC(742) Pause Young (Allocation Failure) 1763M->1257M(1979M) 27.169ms
[544.439s][info][gc,cpu         ] GC(742) User=0.02s Sys=0.00s Real=0.02s
[544.477s][info][gc,start       ] GC(743) Pause Young (Allocation Failure)
[544.495s][info][gc,heap        ] GC(743) DefNew: 601397K(629120K)->27089K(629120K) Eden: 559232K(559232K)->0K(559232K) From: 42165K(69888K)->27089K(69888K)
[544.495s][info][gc,heap        ] GC(743) Tenured: 1245550K(1398144K)->1283752K(1398144K)
[544.495s][info][gc,metaspace   ] GC(743) Metaspace: 120140K(123968K)->120140K(123968K) NonClass: 103930K(104512K)->103930K(104512K) Class: 16209K(19456K)->16209K(19456K)
[544.495s][info][gc             ] GC(743) Pause Young (Allocation Failure) 1803M->1280M(1979M) 17.718ms
[544.495s][info][gc,cpu         ] GC(743) User=0.02s Sys=0.00s Real=0.02s
[544.533s][info][gc,start       ] GC(744) Pause Young (Allocation Failure)
[544.544s][info][gc,heap        ] GC(744) DefNew: 586321K(629120K)->36160K(629120K) Eden: 559232K(559232K)->0K(559232K) From: 27089K(69888K)->36160K(69888K)
[544.544s][info][gc,heap        ] GC(744) Tenured: 1283752K(1398144K)->1283752K(1398144K)
[544.544s][info][gc,metaspace   ] GC(744) Metaspace: 120140K(123968K)->120140K(123968K) NonClass: 103930K(104512K)->103930K(104512K) Class: 16209K(19456K)->16209K(19456K)
[544.544s][info][gc             ] GC(744) Pause Young (Allocation Failure) 1826M->1288M(1979M) 11.186ms
[544.544s][info][gc,cpu         ] GC(744) User=0.02s Sys=0.00s Real=0.02s
[544.582s][info][gc,start       ] GC(745) Pause Young (Allocation Failure)
[544.594s][info][gc,heap        ] GC(745) DefNew: 595392K(629120K)->23008K(629120K) Eden: 559232K(559232K)->0K(559232K) From: 36160K(69888K)->23008K(69888K)
[544.594s][info][gc,heap        ] GC(745) Tenured: 1283752K(1398144K)->1301989K(1398144K)
[544.594s][info][gc,metaspace   ] GC(745) Metaspace: 120140K(123968K)->120140K(123968K) NonClass: 103930K(104512K)->103930K(104512K) Class: 16209K(19456K)->16209K(19456K)
[544.594s][info][gc             ] GC(745) Pause Young (Allocation Failure) 1835M->1293M(1979M) 12.396ms
[544.594s][info][gc,cpu         ] GC(745) User=0.02s Sys=0.00s Real=0.02s
[544.632s][info][gc,start       ] GC(746) Pause Young (Allocation Failure)
[544.644s][info][gc,heap        ] GC(746) DefNew: 582240K(629120K)->35525K(629120K) Eden: 559232K(559232K)->0K(559232K) From: 23008K(69888K)->35525K(69888K)
[544.644s][info][gc,heap        ] GC(746) Tenured: 1301989K(1398144K)->1301989K(1398144K)
[544.644s][info][gc,metaspace   ] GC(746) Metaspace: 120140K(123968K)->120140K(123968K) NonClass: 103930K(104512K)->103930K(104512K) Class: 16209K(19456K)->16209K(19456K)
[544.644s][info][gc             ] GC(746) Pause Young (Allocation Failure) 1840M->1306M(1979M) 11.251ms
[544.644s][info][gc,cpu         ] GC(746) User=0.00s Sys=0.00s Real=0.00s
[544.682s][info][gc,start       ] GC(747) Pause Young (Allocation Failure)
[544.696s][info][gc,heap        ] GC(747) DefNew: 594757K(629120K)->48641K(629120K) Eden: 559232K(559232K)->0K(559232K) From: 35525K(69888K)->48641K(69888K)
[544.696s][info][gc,heap        ] GC(747) Tenured: 1301989K(1398144K)->1302072K(1398144K)
[544.696s][info][gc,metaspace   ] GC(747) Metaspace: 120140K(123968K)->120140K(123968K) NonClass: 103930K(104512K)->103930K(104512K) Class: 16209K(19456K)->16209K(19456K)
[544.696s][info][gc             ] GC(747) Pause Young (Allocation Failure) 1852M->1319M(1979M) 14.303ms
[544.696s][info][gc,cpu         ] GC(747) User=0.02s Sys=0.00s Real=0.02s
[544.734s][info][gc,start       ] GC(748) Pause Young (Allocation Failure)
[544.747s][info][gc,heap        ] GC(748) DefNew: 607873K(629120K)->25330K(629120K) Eden: 559232K(559232K)->0K(559232K) From: 48641K(69888K)->25330K(69888K)
[544.747s][info][gc,heap        ] GC(748) Tenured: 1302072K(1398144K)->1322394K(1398144K)
[544.748s][info][gc,metaspace   ] GC(748) Metaspace: 120140K(123968K)->120140K(123968K) NonClass: 103930K(104512K)->103930K(104512K) Class: 16209K(19456K)->16209K(19456K)
[544.748s][info][gc             ] GC(748) Pause Young (Allocation Failure) 1865M->1316M(1979M) 13.177ms
[544.748s][info][gc,cpu         ] GC(748) User=0.02s Sys=0.00s Real=0.02s
[544.785s][info][gc,start       ] GC(749) Pause Young (Allocation Failure)
[544.794s][info][gc,heap        ] GC(749) DefNew: 584562K(629120K)->28418K(629120K) Eden: 559232K(559232K)->0K(559232K) From: 25330K(69888K)->28418K(69888K)
[544.794s][info][gc,heap        ] GC(749) Tenured: 1322394K(1398144K)->1322394K(1398144K)
[544.794s][info][gc,metaspace   ] GC(749) Metaspace: 120140K(123968K)->120140K(123968K) NonClass: 103930K(104512K)->103930K(104512K) Class: 16209K(19456K)->16209K(19456K)
[544.794s][info][gc             ] GC(749) Pause Young (Allocation Failure) 1862M->1319M(1979M) 9.163ms
[544.795s][info][gc,cpu         ] GC(749) User=0.00s Sys=0.00s Real=0.00s
[544.832s][info][gc,start       ] GC(750) Pause Young (Allocation Failure)
[544.844s][info][gc,heap        ] GC(750) DefNew: 587650K(629120K)->40878K(629120K) Eden: 559232K(559232K)->0K(559232K) From: 28418K(69888K)->40878K(69888K)
[544.844s][info][gc,heap        ] GC(750) Tenured: 1322394K(1398144K)->1322394K(1398144K)
[544.844s][info][gc,metaspace   ] GC(750) Metaspace: 120140K(123968K)->120140K(123968K) NonClass: 103930K(104512K)->103930K(104512K) Class: 16209K(19456K)->16209K(19456K)
[544.844s][info][gc             ] GC(750) Pause Young (Allocation Failure) 1865M->1331M(1979M) 12.176ms
[544.844s][info][gc,cpu         ] GC(750) User=0.02s Sys=0.00s Real=0.02s
[544.883s][info][gc,start       ] GC(751) Pause Young (Allocation Failure)
[544.904s][info][gc,heap        ] GC(751) DefNew: 600110K(629120K)->53420K(629120K) Eden: 559232K(559232K)->0K(559232K) From: 40878K(69888K)->53420K(69888K)
[544.904s][info][gc,heap        ] GC(751) Tenured: 1322394K(1398144K)->1347395K(1398144K)
[544.904s][info][gc,metaspace   ] GC(751) Metaspace: 120140K(123968K)->120140K(123968K) NonClass: 103930K(104512K)->103930K(104512K) Class: 16209K(19456K)->16209K(19456K)
[544.904s][info][gc             ] GC(751) Pause Young (Allocation Failure) 1877M->1367M(1979M) 20.624ms
[544.904s][info][gc,cpu         ] GC(751) User=0.02s Sys=0.00s Real=0.02s
[544.959s][info][gc,start       ] GC(752) Pause Young (Allocation Failure)
[544.959s][info][gc             ] GC(752) Pause Young (Allocation Failure) 1914M->1914M(1979M) 0.146ms
[544.959s][info][gc,cpu         ] GC(752) User=0.00s Sys=0.00s Real=0.00s
[544.959s][info][gc,start       ] GC(753) Pause Full (Allocation Failure)
[544.959s][info][gc,phases,start] GC(753) Phase 1: Mark live objects
[545.018s][info][gc,phases      ] GC(753) Phase 1: Mark live objects 59.563ms
[545.019s][info][gc,phases,start] GC(753) Phase 2: Compute new object addresses
[545.184s][info][gc,phases      ] GC(753) Phase 2: Compute new object addresses 165.165ms
[545.184s][info][gc,phases,start] GC(753) Phase 3: Adjust pointers
[545.218s][info][gc,phases      ] GC(753) Phase 3: Adjust pointers 34.300ms
[545.218s][info][gc,phases,start] GC(753) Phase 4: Move objects
[545.421s][info][gc,phases      ] GC(753) Phase 4: Move objects 203.189ms
[545.422s][info][gc,heap        ] GC(753) DefNew: 612652K(629120K)->0K(629120K) Eden: 559232K(559232K)->0K(559232K) From: 53420K(69888K)->0K(69888K)
[545.422s][info][gc,heap        ] GC(753) Tenured: 1347395K(1398144K)->1133380K(1398144K)
[545.422s][info][gc,metaspace   ] GC(753) Metaspace: 120140K(123968K)->120140K(123968K) NonClass: 103930K(104512K)->103930K(104512K) Class: 16209K(19456K)->16209K(19456K)
[545.422s][info][gc             ] GC(753) Pause Full (Allocation Failure) 1914M->1106M(1979M) 463.483ms
[545.422s][info][gc,cpu         ] GC(753) User=0.45s Sys=0.00s Real=0.45s
[545.461s][info][gc,start       ] GC(754) Pause Young (Allocation Failure)
[545.468s][info][gc,heap        ] GC(754) DefNew: 559232K(629120K)->16928K(629120K) Eden: 559232K(559232K)->0K(559232K) From: 0K(69888K)->16928K(69888K)
[545.468s][info][gc,heap        ] GC(754) Tenured: 1133380K(1398144K)->1133380K(1398144K)
[545.468s][info][gc,metaspace   ] GC(754) Metaspace: 120140K(123968K)->120140K(123968K) NonClass: 103930K(104512K)->103930K(104512K) Class: 16209K(19456K)->16209K(19456K)
[545.468s][info][gc             ] GC(754) Pause Young (Allocation Failure) 1652M->1123M(1979M) 6.869ms
[545.468s][info][gc,cpu         ] GC(754) User=0.00s Sys=0.00s Real=0.00s
[545.520s][info][gc,start       ] GC(755) Pause Young (Allocation Failure)
[545.538s][info][gc,heap        ] GC(755) DefNew: 576160K(629120K)->62292K(629120K) Eden: 559232K(559232K)->0K(559232K) From: 16928K(69888K)->62292K(69888K)
[545.538s][info][gc,heap        ] GC(755) Tenured: 1133380K(1398144K)->1133380K(1398144K)
[545.538s][info][gc,metaspace   ] GC(755) Metaspace: 120140K(123968K)->120140K(123968K) NonClass: 103930K(104512K)->103930K(104512K) Class: 16209K(19456K)->16209K(19456K)
[545.538s][info][gc             ] GC(755) Pause Young (Allocation Failure) 1669M->1167M(1979M) 18.546ms
[545.538s][info][gc,cpu         ] GC(755) User=0.02s Sys=0.00s Real=0.02s
[545.578s][info][gc,start       ] GC(756) Pause Young (Allocation Failure)
[545.606s][info][gc,heap        ] GC(756) DefNew: 621524K(629120K)->46110K(629120K) Eden: 559232K(559232K)->0K(559232K) From: 62292K(69888K)->46110K(69888K)
[545.606s][info][gc,heap        ] GC(756) Tenured: 1133380K(1398144K)->1195233K(1398144K)
[545.606s][info][gc,metaspace   ] GC(756) Metaspace: 120140K(123968K)->120140K(123968K) NonClass: 103930K(104512K)->103930K(104512K) Class: 16209K(19456K)->16209K(19456K)
[545.606s][info][gc             ] GC(756) Pause Young (Allocation Failure) 1713M->1212M(1979M) 28.065ms
[545.606s][info][gc,cpu         ] GC(756) User=0.03s Sys=0.00s Real=0.03s
[545.648s][info][gc,start       ] GC(757) Pause Young (Allocation Failure)
[545.671s][info][gc,heap        ] GC(757) DefNew: 605342K(629120K)->41481K(629120K) Eden: 559232K(559232K)->0K(559232K) From: 46110K(69888K)->41481K(69888K)
[545.671s][info][gc,heap        ] GC(757) Tenured: 1195233K(1398144K)->1238357K(1398144K)
[545.671s][info][gc,metaspace   ] GC(757) Metaspace: 120140K(123968K)->120140K(123968K) NonClass: 103930K(104512K)->103930K(104512K) Class: 16209K(19456K)->16209K(19456K)
[545.671s][info][gc             ] GC(757) Pause Young (Allocation Failure) 1758M->1249M(1979M) 23.641ms
[545.671s][info][gc,cpu         ] GC(757) User=0.03s Sys=0.00s Real=0.03s
[545.711s][info][gc,start       ] GC(758) Pause Young (Allocation Failure)
[545.727s][info][gc,heap        ] GC(758) DefNew: 600713K(629120K)->17251K(629120K) Eden: 559232K(559232K)->0K(559232K) From: 41481K(69888K)->17251K(69888K)
[545.727s][info][gc,heap        ] GC(758) Tenured: 1238357K(1398144K)->1273351K(1398144K)
[545.727s][info][gc,metaspace   ] GC(758) Metaspace: 120140K(123968K)->120140K(123968K) NonClass: 103930K(104512K)->103930K(104512K) Class: 16209K(19456K)->16209K(19456K)
[545.727s][info][gc             ] GC(758) Pause Young (Allocation Failure) 1795M->1260M(1979M) 16.072ms
[545.727s][info][gc,cpu         ] GC(758) User=0.02s Sys=0.00s Real=0.02s
[545.764s][info][gc,start       ] GC(759) Pause Young (Allocation Failure)
[545.778s][info][gc,heap        ] GC(759) DefNew: 576483K(629120K)->39400K(629120K) Eden: 559232K(559232K)->0K(559232K) From: 17251K(69888K)->39400K(69888K)
[545.778s][info][gc,heap        ] GC(759) Tenured: 1273351K(1398144K)->1273351K(1398144K)
[545.778s][info][gc,metaspace   ] GC(759) Metaspace: 120140K(123968K)->120140K(123968K) NonClass: 103930K(104512K)->103930K(104512K) Class: 16209K(19456K)->16209K(19456K)
[545.778s][info][gc             ] GC(759) Pause Young (Allocation Failure) 1806M->1281M(1979M) 13.800ms
[545.778s][info][gc,cpu         ] GC(759) User=0.00s Sys=0.00s Real=0.00s
[545.812s][info][gc,start       ] GC(760) Pause Young (Allocation Failure)
[545.828s][info][gc,heap        ] GC(760) DefNew: 598632K(629120K)->20054K(629120K) Eden: 559232K(559232K)->0K(559232K) From: 39400K(69888K)->20054K(69888K)
[545.828s][info][gc,heap        ] GC(760) Tenured: 1273351K(1398144K)->1303223K(1398144K)
[545.828s][info][gc,metaspace   ] GC(760) Metaspace: 120140K(123968K)->120140K(123968K) NonClass: 103930K(104512K)->103930K(104512K) Class: 16209K(19456K)->16209K(19456K)
[545.828s][info][gc             ] GC(760) Pause Young (Allocation Failure) 1828M->1292M(1979M) 16.188ms
[545.828s][info][gc,cpu         ] GC(760) User=0.02s Sys=0.00s Real=0.02s
[545.866s][info][gc,start       ] GC(761) Pause Young (Allocation Failure)
[545.891s][info][gc,heap        ] GC(761) DefNew: 579286K(629120K)->69118K(629120K) Eden: 559232K(559232K)->0K(559232K) From: 20054K(69888K)->69118K(69888K)
[545.891s][info][gc,heap        ] GC(761) Tenured: 1303223K(1398144K)->1321973K(1398144K)
[545.891s][info][gc,metaspace   ] GC(761) Metaspace: 120140K(123968K)->120140K(123968K) NonClass: 103930K(104512K)->103930K(104512K) Class: 16209K(19456K)->16209K(19456K)
[545.891s][info][gc             ] GC(761) Pause Young (Allocation Failure) 1838M->1358M(1979M) 24.532ms
[545.891s][info][gc,cpu         ] GC(761) User=0.02s Sys=0.00s Real=0.02s
[545.929s][info][gc,start       ] GC(762) Pause Young (Allocation Failure)
[545.961s][info][gc,heap        ] GC(762) DefNew: 628350K(629120K)->69864K(629120K) Eden: 559232K(559232K)->0K(559232K) From: 69118K(69888K)->69864K(69888K)
[545.961s][info][gc,heap        ] GC(762) Tenured: 1321973K(1398144K)->1377271K(1398144K)
[545.961s][info][gc,metaspace   ] GC(762) Metaspace: 120140K(123968K)->120140K(123968K) NonClass: 103931K(104512K)->103931K(104512K) Class: 16209K(19456K)->16209K(19456K)
[545.962s][info][gc             ] GC(762) Pause Young (Allocation Failure) 1904M->1413M(1979M) 32.109ms
[545.962s][info][gc,cpu         ] GC(762) User=0.03s Sys=0.00s Real=0.03s
[545.997s][info][gc,start       ] GC(763) Pause Young (Allocation Failure)
[545.997s][info][gc             ] GC(763) Pause Young (Allocation Failure) 1959M->1959M(1979M) 0.113ms
[545.997s][info][gc,cpu         ] GC(763) User=0.00s Sys=0.00s Real=0.00s
[545.997s][info][gc,start       ] GC(764) Pause Full (Allocation Failure)
[545.997s][info][gc,phases,start] GC(764) Phase 1: Mark live objects
[546.053s][info][gc,phases      ] GC(764) Phase 1: Mark live objects 55.975ms
[546.053s][info][gc,phases,start] GC(764) Phase 2: Compute new object addresses
[546.191s][info][gc,phases      ] GC(764) Phase 2: Compute new object addresses 138.603ms
[546.191s][info][gc,phases,start] GC(764) Phase 3: Adjust pointers
[546.224s][info][gc,phases      ] GC(764) Phase 3: Adjust pointers 32.127ms
[546.224s][info][gc,phases,start] GC(764) Phase 4: Move objects
[546.257s][info][gc,phases      ] GC(764) Phase 4: Move objects 32.952ms
[546.257s][info][gc,heap        ] GC(764) DefNew: 629096K(629120K)->0K(629120K) Eden: 559232K(559232K)->0K(559232K) From: 69864K(69888K)->0K(69888K)
[546.258s][info][gc,heap        ] GC(764) Tenured: 1377271K(1398144K)->1246853K(1398144K)
[546.258s][info][gc,metaspace   ] GC(764) Metaspace: 120140K(123968K)->120140K(123968K) NonClass: 103931K(104512K)->103931K(104512K) Class: 16209K(19456K)->16209K(19456K)
[546.258s][info][gc             ] GC(764) Pause Full (Allocation Failure) 1959M->1217M(1979M) 260.844ms
[546.258s][info][gc,cpu         ] GC(764) User=0.25s Sys=0.00s Real=0.25s
[546.300s][info][gc,start       ] GC(765) Pause Young (Allocation Failure)
[546.313s][info][gc,heap        ] GC(765) DefNew: 559232K(629120K)->39295K(629120K) Eden: 559232K(559232K)->0K(559232K) From: 0K(69888K)->39295K(69888K)
[546.313s][info][gc,heap        ] GC(765) Tenured: 1246853K(1398144K)->1246853K(1398144K)
[546.313s][info][gc,metaspace   ] GC(765) Metaspace: 120140K(123968K)->120140K(123968K) NonClass: 103931K(104512K)->103931K(104512K) Class: 16209K(19456K)->16209K(19456K)
[546.313s][info][gc             ] GC(765) Pause Young (Allocation Failure) 1763M->1256M(1979M) 13.602ms
[546.313s][info][gc,cpu         ] GC(765) User=0.03s Sys=0.00s Real=0.01s
[546.343s][info][gc,start       ] GC(766) Pause Young (Allocation Failure)
[546.361s][info][gc,heap        ] GC(766) DefNew: 598527K(629120K)->40799K(629120K) Eden: 559232K(559232K)->0K(559232K) From: 39295K(69888K)->40799K(69888K)
[546.361s][info][gc,heap        ] GC(766) Tenured: 1246853K(1398144K)->1271931K(1398144K)
[546.361s][info][gc,metaspace   ] GC(766) Metaspace: 120146K(123968K)->120146K(123968K) NonClass: 103935K(104512K)->103935K(104512K) Class: 16210K(19456K)->16210K(19456K)
[546.361s][info][gc             ] GC(766) Pause Young (Allocation Failure) 1802M->1281M(1979M) 18.102ms
[546.361s][info][gc,cpu         ] GC(766) User=0.02s Sys=0.00s Real=0.02s
[546.392s][info][gc,start       ] GC(767) Pause Young (Allocation Failure)
[546.417s][info][gc,heap        ] GC(767) DefNew: 600031K(629120K)->69161K(629120K) Eden: 559232K(559232K)->0K(559232K) From: 40799K(69888K)->69161K(69888K)
[546.417s][info][gc,heap        ] GC(767) Tenured: 1271931K(1398144K)->1303570K(1398144K)
[546.417s][info][gc,metaspace   ] GC(767) Metaspace: 120146K(123968K)->120146K(123968K) NonClass: 103935K(104512K)->103935K(104512K) Class: 16210K(19456K)->16210K(19456K)
[546.417s][info][gc             ] GC(767) Pause Young (Allocation Failure) 1828M->1340M(1979M) 24.958ms
[546.417s][info][gc,cpu         ] GC(767) User=0.03s Sys=0.00s Real=0.03s
[546.449s][info][gc,start       ] GC(768) Pause Young (Allocation Failure)
[546.477s][info][gc,heap        ] GC(768) DefNew: 628393K(629120K)->67126K(629120K) Eden: 559232K(559232K)->0K(559232K) From: 69161K(69888K)->67126K(69888K)
[546.477s][info][gc,heap        ] GC(768) Tenured: 1303570K(1398144K)->1353437K(1398144K)
[546.477s][info][gc,metaspace   ] GC(768) Metaspace: 120146K(123968K)->120146K(123968K) NonClass: 103935K(104512K)->103935K(104512K) Class: 16210K(19456K)->16210K(19456K)
[546.477s][info][gc             ] GC(768) Pause Young (Allocation Failure) 1886M->1387M(1979M) 28.207ms
[546.477s][info][gc,cpu         ] GC(768) User=0.03s Sys=0.00s Real=0.03s
[546.510s][info][gc,start       ] GC(769) Pause Young (Allocation Failure)
[546.510s][info][gc             ] GC(769) Pause Young (Allocation Failure) 1933M->1933M(1979M) 0.123ms
[546.510s][info][gc,cpu         ] GC(769) User=0.00s Sys=0.00s Real=0.00s
[546.510s][info][gc,start       ] GC(770) Pause Full (Allocation Failure)
[546.510s][info][gc,phases,start] GC(770) Phase 1: Mark live objects
[546.565s][info][gc,phases      ] GC(770) Phase 1: Mark live objects 54.748ms
[546.584s][info][gc,phases,start] GC(770) Phase 2: Compute new object addresses
[546.735s][info][gc,phases      ] GC(770) Phase 2: Compute new object addresses 151.082ms
[546.736s][info][gc,phases,start] GC(770) Phase 3: Adjust pointers
[546.767s][info][gc,phases      ] GC(770) Phase 3: Adjust pointers 31.395ms
[546.767s][info][gc,phases,start] GC(770) Phase 4: Move objects
[546.790s][info][gc,phases      ] GC(770) Phase 4: Move objects 22.613ms
[546.790s][info][gc,heap        ] GC(770) DefNew: 626358K(629120K)->0K(629120K) Eden: 559232K(559232K)->0K(559232K) From: 67126K(69888K)->0K(69888K)
[546.790s][info][gc,heap        ] GC(770) Tenured: 1353437K(1398144K)->1319209K(1398144K)
[546.791s][info][gc,metaspace   ] GC(770) Metaspace: 120146K(123968K)->120146K(123968K) NonClass: 103935K(104512K)->103935K(104512K) Class: 16210K(19456K)->16210K(19456K)
[546.791s][info][gc             ] GC(770) Pause Full (Allocation Failure) 1933M->1288M(1979M) 280.149ms
[546.791s][info][gc,cpu         ] GC(770) User=0.27s Sys=0.00s Real=0.28s
[546.826s][info][gc,start       ] GC(771) Pause Young (Allocation Failure)
[546.837s][info][gc,heap        ] GC(771) DefNew: 559232K(629120K)->36092K(629120K) Eden: 559232K(559232K)->0K(559232K) From: 0K(69888K)->36092K(69888K)
[546.837s][info][gc,heap        ] GC(771) Tenured: 1319209K(1398144K)->1319209K(1398144K)
[546.837s][info][gc,metaspace   ] GC(771) Metaspace: 120146K(123968K)->120146K(123968K) NonClass: 103935K(104512K)->103935K(104512K) Class: 16210K(19456K)->16210K(19456K)
[546.837s][info][gc             ] GC(771) Pause Young (Allocation Failure) 1834M->1323M(1979M) 10.372ms
[546.837s][info][gc,cpu         ] GC(771) User=0.00s Sys=0.00s Real=0.00s
[546.865s][info][gc,start       ] GC(772) Pause Young (Allocation Failure)
[546.885s][info][gc,heap        ] GC(772) DefNew: 595324K(629120K)->69823K(629120K) Eden: 559232K(559232K)->0K(559232K) From: 36092K(69888K)->69823K(69888K)
[546.885s][info][gc,heap        ] GC(772) Tenured: 1319209K(1398144K)->1328015K(1398144K)
[546.885s][info][gc,metaspace   ] GC(772) Metaspace: 120146K(123968K)->120146K(123968K) NonClass: 103935K(104512K)->103935K(104512K) Class: 16210K(19456K)->16210K(19456K)
[546.885s][info][gc             ] GC(772) Pause Young (Allocation Failure) 1869M->1365M(1979M) 20.097ms
[546.885s][info][gc,cpu         ] GC(772) User=0.03s Sys=0.00s Real=0.03s
[546.915s][info][gc,start       ] GC(773) Pause Young (Allocation Failure)
[546.941s][info][gc,heap        ] GC(773) DefNew: 629055K(629120K)->69734K(629120K) Eden: 559232K(559232K)->0K(559232K) From: 69823K(69888K)->69734K(69888K)
[546.941s][info][gc,heap        ] GC(773) Tenured: 1328015K(1398144K)->1363509K(1398144K)
[546.941s][info][gc,metaspace   ] GC(773) Metaspace: 120146K(123968K)->120146K(123968K) NonClass: 103935K(104512K)->103935K(104512K) Class: 16210K(19456K)->16210K(19456K)
[546.941s][info][gc             ] GC(773) Pause Young (Allocation Failure) 1911M->1399M(1979M) 25.815ms
[546.941s][info][gc,cpu         ] GC(773) User=0.03s Sys=0.00s Real=0.03s
[546.974s][info][gc,start       ] GC(774) Pause Young (Allocation Failure)
[546.974s][info][gc             ] GC(774) Pause Young (Allocation Failure) 1945M->1945M(1979M) 0.116ms
[546.974s][info][gc,cpu         ] GC(774) User=0.00s Sys=0.00s Real=0.00s
[546.974s][info][gc,start       ] GC(775) Pause Full (Allocation Failure)
[546.974s][info][gc,phases,start] GC(775) Phase 1: Mark live objects
[547.028s][info][gc,phases      ] GC(775) Phase 1: Mark live objects 53.454ms
[547.028s][info][gc,phases,start] GC(775) Phase 2: Compute new object addresses
[547.167s][info][gc,phases      ] GC(775) Phase 2: Compute new object addresses 138.914ms
[547.167s][info][gc,phases,start] GC(775) Phase 3: Adjust pointers
[547.198s][info][gc,phases      ] GC(775) Phase 3: Adjust pointers 31.515ms
[547.198s][info][gc,phases,start] GC(775) Phase 4: Move objects
[547.229s][info][gc,phases      ] GC(775) Phase 4: Move objects 30.739ms
[547.230s][info][gc,heap        ] GC(775) DefNew: 628966K(629120K)->0K(629120K) Eden: 559232K(559232K)->0K(559232K) From: 69734K(69888K)->0K(69888K)
[547.230s][info][gc,heap        ] GC(775) Tenured: 1363509K(1398144K)->1390014K(1398144K)
[547.230s][info][gc,metaspace   ] GC(775) Metaspace: 120146K(123968K)->120146K(123968K) NonClass: 103935K(104512K)->103935K(104512K) Class: 16210K(19456K)->16210K(19456K)
[547.230s][info][gc             ] GC(775) Pause Full (Allocation Failure) 1945M->1357M(1979M) 255.714ms
[547.230s][info][gc,cpu         ] GC(775) User=0.27s Sys=0.00s Real=0.27s
[547.266s][info][gc,start       ] GC(776) Pause Young (Allocation Failure)
[547.266s][info][gc             ] GC(776) Pause Young (Allocation Failure) 1903M->1903M(1979M) 0.129ms
[547.266s][info][gc,cpu         ] GC(776) User=0.00s Sys=0.00s Real=0.00s
[547.266s][info][gc,start       ] GC(777) Pause Full (Allocation Failure)
[547.267s][info][gc,phases,start] GC(777) Phase 1: Mark live objects
[547.320s][info][gc,phases      ] GC(777) Phase 1: Mark live objects 53.352ms
[547.320s][info][gc,phases,start] GC(777) Phase 2: Compute new object addresses
[547.473s][info][gc,phases      ] GC(777) Phase 2: Compute new object addresses 153.080ms
[547.473s][info][gc,phases,start] GC(777) Phase 3: Adjust pointers
[547.506s][info][gc,phases      ] GC(777) Phase 3: Adjust pointers 32.637ms
[547.506s][info][gc,phases,start] GC(777) Phase 4: Move objects
[547.734s][info][gc,phases      ] GC(777) Phase 4: Move objects 228.263ms
[547.735s][info][gc,heap        ] GC(777) DefNew: 559232K(629120K)->0K(629120K) Eden: 559232K(559232K)->0K(559232K) From: 0K(69888K)->0K(69888K)
[547.735s][info][gc,heap        ] GC(777) Tenured: 1390014K(1398144K)->1327229K(1398144K)
[547.735s][info][gc,metaspace   ] GC(777) Metaspace: 120146K(123968K)->120146K(123968K) NonClass: 103935K(104512K)->103935K(104512K) Class: 16210K(19456K)->16210K(19456K)
[547.735s][info][gc             ] GC(777) Pause Full (Allocation Failure) 1903M->1296M(1979M) 468.591ms
[547.735s][info][gc,cpu         ] GC(777) User=0.47s Sys=0.00s Real=0.47s
[547.772s][info][gc,start       ] GC(778) Pause Young (Allocation Failure)
[547.785s][info][gc,heap        ] GC(778) DefNew: 559232K(629120K)->47593K(629120K) Eden: 559232K(559232K)->0K(559232K) From: 0K(69888K)->47593K(69888K)
[547.785s][info][gc,heap        ] GC(778) Tenured: 1327229K(1398144K)->1327229K(1398144K)
[547.785s][info][gc,metaspace   ] GC(778) Metaspace: 120146K(123968K)->120146K(123968K) NonClass: 103935K(104512K)->103935K(104512K) Class: 16210K(19456K)->16210K(19456K)
[547.785s][info][gc             ] GC(778) Pause Young (Allocation Failure) 1842M->1342M(1979M) 13.030ms
[547.785s][info][gc,cpu         ] GC(778) User=0.02s Sys=0.00s Real=0.02s
[547.814s][info][gc,start       ] GC(779) Pause Young (Allocation Failure)
[547.839s][info][gc,heap        ] GC(779) DefNew: 606825K(629120K)->69114K(629120K) Eden: 559232K(559232K)->0K(559232K) From: 47593K(69888K)->69114K(69888K)
[547.839s][info][gc,heap        ] GC(779) Tenured: 1327229K(1398144K)->1356059K(1398144K)
[547.839s][info][gc,metaspace   ] GC(779) Metaspace: 120146K(123968K)->120146K(123968K) NonClass: 103935K(104512K)->103935K(104512K) Class: 16210K(19456K)->16210K(19456K)
[547.839s][info][gc             ] GC(779) Pause Young (Allocation Failure) 1888M->1391M(1979M) 24.494ms
[547.839s][info][gc,cpu         ] GC(779) User=0.02s Sys=0.00s Real=0.02s
[547.871s][info][gc,start       ] GC(780) Pause Young (Allocation Failure)
[547.871s][info][gc             ] GC(780) Pause Young (Allocation Failure) 1937M->1937M(1979M) 0.124ms
[547.871s][info][gc,cpu         ] GC(780) User=0.00s Sys=0.00s Real=0.00s
[547.871s][info][gc,start       ] GC(781) Pause Full (Allocation Failure)
[547.871s][info][gc,phases,start] GC(781) Phase 1: Mark live objects
[547.925s][info][gc,phases      ] GC(781) Phase 1: Mark live objects 53.831ms
[547.925s][info][gc,phases,start] GC(781) Phase 2: Compute new object addresses
[548.067s][info][gc,phases      ] GC(781) Phase 2: Compute new object addresses 141.346ms
[548.067s][info][gc,phases,start] GC(781) Phase 3: Adjust pointers
[548.098s][info][gc,phases      ] GC(781) Phase 3: Adjust pointers 30.979ms
[548.098s][info][gc,phases,start] GC(781) Phase 4: Move objects
[548.115s][info][gc,phases      ] GC(781) Phase 4: Move objects 17.604ms
[548.116s][info][gc,heap        ] GC(781) DefNew: 628346K(629120K)->41364K(629120K) Eden: 559232K(559232K)->41364K(559232K) From: 69114K(69888K)->0K(69888K)
[548.116s][info][gc,heap        ] GC(781) Tenured: 1356059K(1398144K)->1394004K(1398144K)
[548.116s][info][gc,metaspace   ] GC(781) Metaspace: 120146K(123968K)->120146K(123968K) NonClass: 103935K(104512K)->103935K(104512K) Class: 16210K(19456K)->16210K(19456K)
[548.116s][info][gc             ] GC(781) Pause Full (Allocation Failure) 1937M->1401M(1979M) 244.850ms
[548.116s][info][gc,cpu         ] GC(781) User=0.25s Sys=0.00s Real=0.25s
[549.901s][info][gc,start       ] GC(782) Pause Full (Allocation Failure)
[549.902s][info][gc,phases,start] GC(782) Phase 1: Mark live objects
[549.955s][info][gc,phases      ] GC(782) Phase 1: Mark live objects 53.911ms
[549.955s][info][gc,phases,start] GC(782) Phase 2: Compute new object addresses
[550.115s][info][gc,phases      ] GC(782) Phase 2: Compute new object addresses 159.225ms
[550.115s][info][gc,phases,start] GC(782) Phase 3: Adjust pointers
[550.146s][info][gc,phases      ] GC(782) Phase 3: Adjust pointers 31.518ms
[550.146s][info][gc,phases,start] GC(782) Phase 4: Move objects
[550.163s][info][gc,phases      ] GC(782) Phase 4: Move objects 16.697ms
[550.164s][info][gc,heap        ] GC(782) DefNew: 629120K(629120K)->45818K(629120K) Eden: 559232K(559232K)->45818K(559232K) From: 69888K(69888K)->0K(69888K)
[550.164s][info][gc,heap        ] GC(782) Tenured: 1398143K(1398144K)->1396718K(1398144K)
[550.164s][info][gc,metaspace   ] GC(782) Metaspace: 120146K(123968K)->120146K(123968K) NonClass: 103935K(104512K)->103935K(104512K) Class: 16210K(19456K)->16210K(19456K)
[550.164s][info][gc             ] GC(782) Pause Full (Allocation Failure) 1979M->1408M(1979M) 262.538ms
[550.164s][info][gc,cpu         ] GC(782) User=0.27s Sys=0.00s Real=0.27s
[552.302s][info][gc,start       ] GC(783) Pause Full (Allocation Failure)
[552.302s][info][gc,phases,start] GC(783) Phase 1: Mark live objects
[552.366s][info][gc,phases      ] GC(783) Phase 1: Mark live objects 64.464ms
[552.366s][info][gc,phases,start] GC(783) Phase 2: Compute new object addresses
[552.550s][info][gc,phases      ] GC(783) Phase 2: Compute new object addresses 183.911ms
[552.550s][info][gc,phases,start] GC(783) Phase 3: Adjust pointers
[552.583s][info][gc,phases      ] GC(783) Phase 3: Adjust pointers 32.489ms
[552.583s][info][gc,phases,start] GC(783) Phase 4: Move objects
[552.605s][info][gc,phases      ] GC(783) Phase 4: Move objects 22.055ms
[552.606s][info][gc,heap        ] GC(783) DefNew: 629119K(629120K)->65344K(629120K) Eden: 559232K(559232K)->65344K(559232K) From: 69887K(69888K)->0K(69888K)
[552.606s][info][gc,heap        ] GC(783) Tenured: 1398144K(1398144K)->1397067K(1398144K)
[552.606s][info][gc,metaspace   ] GC(783) Metaspace: 120146K(123968K)->120146K(123968K) NonClass: 103935K(104512K)->103935K(104512K) Class: 16210K(19456K)->16210K(19456K)
[552.606s][info][gc             ] GC(783) Pause Full (Allocation Failure) 1979M->1428M(1979M) 304.241ms
[552.606s][info][gc,cpu         ] GC(783) User=0.30s Sys=0.00s Real=0.30s
[554.687s][info][gc,start       ] GC(784) Pause Full (Allocation Failure)
[554.687s][info][gc,phases,start] GC(784) Phase 1: Mark live objects
[554.741s][info][gc,phases      ] GC(784) Phase 1: Mark live objects 54.074ms
[554.741s][info][gc,phases,start] GC(784) Phase 2: Compute new object addresses
[554.881s][info][gc,phases      ] GC(784) Phase 2: Compute new object addresses 139.785ms
[554.881s][info][gc,phases,start] GC(784) Phase 3: Adjust pointers
[554.913s][info][gc,phases      ] GC(784) Phase 3: Adjust pointers 32.011ms
[554.913s][info][gc,phases,start] GC(784) Phase 4: Move objects
[554.992s][info][gc,phases      ] GC(784) Phase 4: Move objects 78.460ms
[554.993s][info][gc,heap        ] GC(784) DefNew: 629120K(629120K)->0K(629120K) Eden: 559232K(559232K)->0K(559232K) From: 69888K(69888K)->0K(69888K)
[554.993s][info][gc,heap        ] GC(784) Tenured: 1398144K(1398144K)->1391373K(1398144K)
[554.993s][info][gc,metaspace   ] GC(784) Metaspace: 120146K(123968K)->120146K(123968K) NonClass: 103936K(104512K)->103936K(104512K) Class: 16210K(19456K)->16210K(19456K)
[554.993s][info][gc             ] GC(784) Pause Full (Allocation Failure) 1979M->1358M(1979M) 305.585ms
[554.993s][info][gc,cpu         ] GC(784) User=0.31s Sys=0.00s Real=0.31s
[555.035s][info][gc,start       ] GC(785) Pause Young (Allocation Failure)
[555.035s][info][gc             ] GC(785) Pause Young (Allocation Failure) 1904M->1904M(1979M) 0.124ms
[555.035s][info][gc,cpu         ] GC(785) User=0.00s Sys=0.00s Real=0.00s
[555.035s][info][gc,start       ] GC(786) Pause Full (Allocation Failure)
[555.035s][info][gc,phases,start] GC(786) Phase 1: Mark live objects
[555.089s][info][gc,phases      ] GC(786) Phase 1: Mark live objects 54.490ms
[555.089s][info][gc,phases,start] GC(786) Phase 2: Compute new object addresses
[555.239s][info][gc,phases      ] GC(786) Phase 2: Compute new object addresses 149.302ms
[555.239s][info][gc,phases,start] GC(786) Phase 3: Adjust pointers
[555.270s][info][gc,phases      ] GC(786) Phase 3: Adjust pointers 31.805ms
[555.270s][info][gc,phases,start] GC(786) Phase 4: Move objects
[555.278s][info][gc,phases      ] GC(786) Phase 4: Move objects 7.528ms
[555.279s][info][gc,heap        ] GC(786) DefNew: 559232K(629120K)->27304K(629120K) Eden: 559232K(559232K)->27304K(559232K) From: 0K(69888K)->0K(69888K)
[555.279s][info][gc,heap        ] GC(786) Tenured: 1391373K(1398144K)->1397644K(1398144K)
[555.279s][info][gc,metaspace   ] GC(786) Metaspace: 120146K(123968K)->120146K(123968K) NonClass: 103936K(104512K)->103936K(104512K) Class: 16210K(19456K)->16210K(19456K)
[555.279s][info][gc             ] GC(786) Pause Full (Allocation Failure) 1904M->1391M(1979M) 244.210ms
[555.279s][info][gc,cpu         ] GC(786) User=0.25s Sys=0.00s Real=0.25s
[557.597s][info][gc,start       ] GC(787) Pause Full (Allocation Failure)
[557.597s][info][gc,phases,start] GC(787) Phase 1: Mark live objects
[557.651s][info][gc,phases      ] GC(787) Phase 1: Mark live objects 53.706ms
[557.651s][info][gc,phases,start] GC(787) Phase 2: Compute new object addresses
[557.811s][info][gc,phases      ] GC(787) Phase 2: Compute new object addresses 160.197ms
[557.811s][info][gc,phases,start] GC(787) Phase 3: Adjust pointers
[557.843s][info][gc,phases      ] GC(787) Phase 3: Adjust pointers 31.203ms
[557.843s][info][gc,phases,start] GC(787) Phase 4: Move objects
[557.849s][info][gc,phases      ] GC(787) Phase 4: Move objects 6.273ms
[557.850s][info][gc,heap        ] GC(787) DefNew: 629120K(629120K)->31569K(629120K) Eden: 559232K(559232K)->31569K(559232K) From: 69888K(69888K)->0K(69888K)
[557.850s][info][gc,heap        ] GC(787) Tenured: 1398143K(1398144K)->1398143K(1398144K)
[557.850s][info][gc,metaspace   ] GC(787) Metaspace: 120151K(123968K)->120151K(123968K) NonClass: 103940K(104512K)->103940K(104512K) Class: 16210K(19456K)->16210K(19456K)
[557.850s][info][gc             ] GC(787) Pause Full (Allocation Failure) 1979M->1396M(1979M) 252.508ms
[557.850s][info][gc,cpu         ] GC(787) User=0.25s Sys=0.00s Real=0.25s
[559.991s][info][gc,start       ] GC(788) Pause Full (Allocation Failure)
[559.991s][info][gc,phases,start] GC(788) Phase 1: Mark live objects
[560.054s][info][gc,phases      ] GC(788) Phase 1: Mark live objects 62.316ms
[560.054s][info][gc,phases,start] GC(788) Phase 2: Compute new object addresses
[560.232s][info][gc,phases      ] GC(788) Phase 2: Compute new object addresses 178.747ms
[560.232s][info][gc,phases,start] GC(788) Phase 3: Adjust pointers
[560.264s][info][gc,phases      ] GC(788) Phase 3: Adjust pointers 31.670ms
[560.264s][info][gc,phases,start] GC(788) Phase 4: Move objects
[560.270s][info][gc,phases      ] GC(788) Phase 4: Move objects 5.720ms
[560.271s][info][gc,heap        ] GC(788) DefNew: 629119K(629120K)->30540K(629120K) Eden: 559232K(559232K)->30540K(559232K) From: 69887K(69888K)->0K(69888K)
[560.271s][info][gc,heap        ] GC(788) Tenured: 1398143K(1398144K)->1398143K(1398144K)
[560.271s][info][gc,metaspace   ] GC(788) Metaspace: 120157K(123968K)->120157K(123968K) NonClass: 103947K(104512K)->103947K(104512K) Class: 16210K(19456K)->16210K(19456K)
[560.271s][info][gc             ] GC(788) Pause Full (Allocation Failure) 1979M->1395M(1979M) 279.640ms
[560.271s][info][gc,cpu         ] GC(788) User=0.27s Sys=0.00s Real=0.27s
[562.431s][info][gc,start       ] GC(789) Pause Full (Allocation Failure)
[562.431s][info][gc,phases,start] GC(789) Phase 1: Mark live objects
[562.496s][info][gc,phases      ] GC(789) Phase 1: Mark live objects 64.385ms
[562.496s][info][gc,phases,start] GC(789) Phase 2: Compute new object addresses
[562.663s][info][gc,phases      ] GC(789) Phase 2: Compute new object addresses 166.938ms
[562.663s][info][gc,phases,start] GC(789) Phase 3: Adjust pointers
[562.694s][info][gc,phases      ] GC(789) Phase 3: Adjust pointers 31.561ms
[562.694s][info][gc,phases,start] GC(789) Phase 4: Move objects
[562.776s][info][gc,phases      ] GC(789) Phase 4: Move objects 81.586ms
[562.777s][info][gc,heap        ] GC(789) DefNew: 629120K(629120K)->3879K(629120K) Eden: 559232K(559232K)->3879K(559232K) From: 69888K(69888K)->0K(69888K)
[562.777s][info][gc,heap        ] GC(789) Tenured: 1398143K(1398144K)->1395670K(1398144K)
[562.777s][info][gc,metaspace   ] GC(789) Metaspace: 120157K(123968K)->120157K(123968K) NonClass: 103947K(104512K)->103947K(104512K) Class: 16210K(19456K)->16210K(19456K)
[562.777s][info][gc             ] GC(789) Pause Full (Allocation Failure) 1979M->1366M(1979M) 345.723ms
[562.777s][info][gc,cpu         ] GC(789) User=0.34s Sys=0.00s Real=0.34s
[564.998s][info][gc,start       ] GC(790) Pause Full (Allocation Failure)
[564.998s][info][gc,phases,start] GC(790) Phase 1: Mark live objects
[565.056s][info][gc,phases      ] GC(790) Phase 1: Mark live objects 57.568ms
[565.056s][info][gc,phases,start] GC(790) Phase 2: Compute new object addresses
[565.232s][info][gc,phases      ] GC(790) Phase 2: Compute new object addresses 175.762ms
[565.232s][info][gc,phases,start] GC(790) Phase 3: Adjust pointers
[565.264s][info][gc,phases      ] GC(790) Phase 3: Adjust pointers 32.534ms
[565.264s][info][gc,phases,start] GC(790) Phase 4: Move objects
[565.264s][info][gc,phases      ] GC(790) Phase 4: Move objects 0.024ms
[565.265s][info][gc,heap        ] GC(790) DefNew: 629119K(629120K)->3820K(629120K) Eden: 559232K(559232K)->3820K(559232K) From: 69887K(69888K)->0K(69888K)
[565.265s][info][gc,heap        ] GC(790) Tenured: 1398143K(1398144K)->1398143K(1398144K)
[565.265s][info][gc,metaspace   ] GC(790) Metaspace: 120157K(123968K)->120157K(123968K) NonClass: 103947K(104512K)->103947K(104512K) Class: 16210K(19456K)->16210K(19456K)
[565.265s][info][gc             ] GC(790) Pause Full (Allocation Failure) 1979M->1369M(1979M) 267.058ms
[565.265s][info][gc,cpu         ] GC(790) User=0.27s Sys=0.00s Real=0.27s
[567.568s][info][gc,start       ] GC(791) Pause Full (Allocation Failure)
[567.569s][info][gc,phases,start] GC(791) Phase 1: Mark live objects
[567.625s][info][gc,phases      ] GC(791) Phase 1: Mark live objects 56.811ms
[567.625s][info][gc,phases,start] GC(791) Phase 2: Compute new object addresses
[567.799s][info][gc,phases      ] GC(791) Phase 2: Compute new object addresses 173.237ms
[567.799s][info][gc,phases,start] GC(791) Phase 3: Adjust pointers
[567.830s][info][gc,phases      ] GC(791) Phase 3: Adjust pointers 30.982ms
[567.830s][info][gc,phases,start] GC(791) Phase 4: Move objects
[567.830s][info][gc,phases      ] GC(791) Phase 4: Move objects 0.036ms
[567.831s][info][gc,heap        ] GC(791) DefNew: 629120K(629120K)->3883K(629120K) Eden: 559232K(559232K)->3883K(559232K) From: 69888K(69888K)->0K(69888K)
[567.831s][info][gc,heap        ] GC(791) Tenured: 1398143K(1398144K)->1398143K(1398144K)
[567.831s][info][gc,metaspace   ] GC(791) Metaspace: 120157K(123968K)->120157K(123968K) NonClass: 103947K(104512K)->103947K(104512K) Class: 16210K(19456K)->16210K(19456K)
[567.831s][info][gc             ] GC(791) Pause Full (Allocation Failure) 1979M->1369M(1979M) 262.181ms
[567.831s][info][gc,cpu         ] GC(791) User=0.27s Sys=0.00s Real=0.27s
[569.985s][info][gc,start       ] GC(792) Pause Full (Allocation Failure)
[569.985s][info][gc,phases,start] GC(792) Phase 1: Mark live objects
[570.039s][info][gc,phases      ] GC(792) Phase 1: Mark live objects 53.790ms
[570.039s][info][gc,phases,start] GC(792) Phase 2: Compute new object addresses
[570.213s][info][gc,phases      ] GC(792) Phase 2: Compute new object addresses 173.824ms
[570.213s][info][gc,phases,start] GC(792) Phase 3: Adjust pointers
[570.244s][info][gc,phases      ] GC(792) Phase 3: Adjust pointers 31.267ms
[570.244s][info][gc,phases,start] GC(792) Phase 4: Move objects
[570.244s][info][gc,phases      ] GC(792) Phase 4: Move objects 0.041ms
[570.245s][info][gc,heap        ] GC(792) DefNew: 629119K(629120K)->3900K(629120K) Eden: 559232K(559232K)->3900K(559232K) From: 69887K(69888K)->0K(69888K)
[570.245s][info][gc,heap        ] GC(792) Tenured: 1398143K(1398144K)->1398143K(1398144K)
[570.245s][info][gc,metaspace   ] GC(792) Metaspace: 120157K(123968K)->120157K(123968K) NonClass: 103947K(104512K)->103947K(104512K) Class: 16210K(19456K)->16210K(19456K)
[570.245s][info][gc             ] GC(792) Pause Full (Allocation Failure) 1979M->1369M(1979M) 260.054ms
[570.245s][info][gc,cpu         ] GC(792) User=0.27s Sys=0.00s Real=0.26s
[572.308s][info][gc,start       ] GC(793) Pause Full (Allocation Failure)
[572.308s][info][gc,phases,start] GC(793) Phase 1: Mark live objects
[572.383s][info][gc,phases      ] GC(793) Phase 1: Mark live objects 74.568ms
[572.383s][info][gc,phases,start] GC(793) Phase 2: Compute new object addresses
[572.559s][info][gc,phases      ] GC(793) Phase 2: Compute new object addresses 175.814ms
[572.559s][info][gc,phases,start] GC(793) Phase 3: Adjust pointers
[572.591s][info][gc,phases      ] GC(793) Phase 3: Adjust pointers 32.224ms
[572.591s][info][gc,phases,start] GC(793) Phase 4: Move objects
[572.662s][info][gc,phases      ] GC(793) Phase 4: Move objects 70.841ms
[572.663s][info][gc,heap        ] GC(793) DefNew: 629119K(629120K)->0K(629120K) Eden: 559232K(559232K)->0K(559232K) From: 69887K(69888K)->0K(69888K)
[572.663s][info][gc,heap        ] GC(793) Tenured: 1398143K(1398144K)->1285494K(1398144K)
[572.663s][info][gc,metaspace   ] GC(793) Metaspace: 120159K(123968K)->120159K(123968K) NonClass: 103948K(104512K)->103948K(104512K) Class: 16210K(19456K)->16210K(19456K)
[572.663s][info][gc             ] GC(793) Pause Full (Allocation Failure) 1979M->1255M(1979M) 354.744ms
[572.663s][info][gc,cpu         ] GC(793) User=0.36s Sys=0.00s Real=0.35s
[572.722s][info][gc,start       ] GC(794) Pause Young (Allocation Failure)
[572.726s][info][gc,heap        ] GC(794) DefNew: 559232K(629120K)->571K(629120K) Eden: 559232K(559232K)->0K(559232K) From: 0K(69888K)->571K(69888K)
[572.726s][info][gc,heap        ] GC(794) Tenured: 1285494K(1398144K)->1285494K(1398144K)
[572.726s][info][gc,metaspace   ] GC(794) Metaspace: 120159K(123968K)->120159K(123968K) NonClass: 103948K(104512K)->103948K(104512K) Class: 16210K(19456K)->16210K(19456K)
[572.726s][info][gc             ] GC(794) Pause Young (Allocation Failure) 1801M->1255M(1979M) 3.860ms
[572.726s][info][gc,cpu         ] GC(794) User=0.00s Sys=0.00s Real=0.00s
[573.568s][info][gc,start       ] GC(795) Pause Full (System.gc())
[573.568s][info][gc,phases,start] GC(795) Phase 1: Mark live objects
[573.628s][info][gc,phases      ] GC(795) Phase 1: Mark live objects 59.709ms
[573.628s][info][gc,phases,start] GC(795) Phase 2: Compute new object addresses
[573.708s][info][gc,phases      ] GC(795) Phase 2: Compute new object addresses 79.557ms
[573.708s][info][gc,phases,start] GC(795) Phase 3: Adjust pointers
[573.738s][info][gc,phases      ] GC(795) Phase 3: Adjust pointers 30.753ms
[573.738s][info][gc,phases,start] GC(795) Phase 4: Move objects
[573.738s][info][gc,phases      ] GC(795) Phase 4: Move objects 0.106ms
[573.739s][info][gc,heap        ] GC(795) DefNew: 276709K(629120K)->0K(629120K) Eden: 276138K(559232K)->0K(559232K) From: 571K(69888K)->0K(69888K)
[573.739s][info][gc,heap        ] GC(795) Tenured: 1285494K(1398144K)->1030603K(1398144K)
[573.739s][info][gc,metaspace   ] GC(795) Metaspace: 120186K(124032K)->120186K(124032K) NonClass: 103975K(104576K)->103975K(104576K) Class: 16210K(19456K)->16210K(19456K)
[573.739s][info][gc             ] GC(795) Pause Full (System.gc()) 1525M->1006M(1979M) 171.257ms
[573.739s][info][gc,cpu         ] GC(795) User=0.17s Sys=0.00s Real=0.18s
[573.866s][info][gc,start       ] GC(796) Pause Young (Allocation Failure)
[573.881s][info][gc,heap        ] GC(796) DefNew: 559232K(629120K)->13680K(629120K) Eden: 559232K(559232K)->0K(559232K) From: 0K(69888K)->13680K(69888K)
[573.881s][info][gc,heap        ] GC(796) Tenured: 1030603K(1398144K)->1030603K(1398144K)
[573.881s][info][gc,metaspace   ] GC(796) Metaspace: 120335K(124224K)->120335K(124224K) NonClass: 104119K(104768K)->104119K(104768K) Class: 16216K(19456K)->16216K(19456K)
[573.881s][info][gc             ] GC(796) Pause Young (Allocation Failure) 1552M->1019M(1979M) 14.556ms
[573.881s][info][gc,cpu         ] GC(796) User=0.02s Sys=0.00s Real=0.02s
[573.918s][info][gc,start       ] GC(797) Pause Young (Allocation Failure)
[573.930s][info][gc,heap        ] GC(797) DefNew: 572912K(629120K)->20812K(629120K) Eden: 559232K(559232K)->0K(559232K) From: 13680K(69888K)->20812K(69888K)
[573.930s][info][gc,heap        ] GC(797) Tenured: 1030603K(1398144K)->1030603K(1398144K)
[573.930s][info][gc,metaspace   ] GC(797) Metaspace: 120335K(124224K)->120335K(124224K) NonClass: 104119K(104768K)->104119K(104768K) Class: 16216K(19456K)->16216K(19456K)
[573.930s][info][gc             ] GC(797) Pause Young (Allocation Failure) 1565M->1026M(1979M) 11.909ms
[573.930s][info][gc,cpu         ] GC(797) User=0.00s Sys=0.00s Real=0.00s
[573.968s][info][gc,start       ] GC(798) Pause Young (Allocation Failure)
[573.981s][info][gc,heap        ] GC(798) DefNew: 580044K(629120K)->26242K(629120K) Eden: 559232K(559232K)->0K(559232K) From: 20812K(69888K)->26242K(69888K)
[573.981s][info][gc,heap        ] GC(798) Tenured: 1030603K(1398144K)->1030603K(1398144K)
[573.981s][info][gc,metaspace   ] GC(798) Metaspace: 120335K(124224K)->120335K(124224K) NonClass: 104119K(104768K)->104119K(104768K) Class: 16216K(19456K)->16216K(19456K)
[573.981s][info][gc             ] GC(798) Pause Young (Allocation Failure) 1572M->1032M(1979M) 12.923ms
[573.981s][info][gc,cpu         ] GC(798) User=0.02s Sys=0.00s Real=0.02s
[574.018s][info][gc,start       ] GC(799) Pause Young (Allocation Failure)
[574.032s][info][gc,heap        ] GC(799) DefNew: 585474K(629120K)->31697K(629120K) Eden: 559232K(559232K)->0K(559232K) From: 26242K(69888K)->31697K(69888K)
[574.032s][info][gc,heap        ] GC(799) Tenured: 1030603K(1398144K)->1030603K(1398144K)
[574.032s][info][gc,metaspace   ] GC(799) Metaspace: 120335K(124224K)->120335K(124224K) NonClass: 104119K(104768K)->104119K(104768K) Class: 16216K(19456K)->16216K(19456K)
[574.032s][info][gc             ] GC(799) Pause Young (Allocation Failure) 1578M->1037M(1979M) 14.130ms
[574.032s][info][gc,cpu         ] GC(799) User=0.02s Sys=0.00s Real=0.01s
[574.070s][info][gc,start       ] GC(800) Pause Young (Allocation Failure)
[574.085s][info][gc,heap        ] GC(800) DefNew: 590929K(629120K)->37965K(629120K) Eden: 559232K(559232K)->0K(559232K) From: 31697K(69888K)->37965K(69888K)
[574.085s][info][gc,heap        ] GC(800) Tenured: 1030603K(1398144K)->1030603K(1398144K)
[574.085s][info][gc,metaspace   ] GC(800) Metaspace: 120335K(124224K)->120335K(124224K) NonClass: 104119K(104768K)->104119K(104768K) Class: 16216K(19456K)->16216K(19456K)
[574.085s][info][gc             ] GC(800) Pause Young (Allocation Failure) 1583M->1043M(1979M) 15.368ms
[574.085s][info][gc,cpu         ] GC(800) User=0.02s Sys=0.00s Real=0.02s
[574.123s][info][gc,start       ] GC(801) Pause Young (Allocation Failure)
[574.143s][info][gc,heap        ] GC(801) DefNew: 597197K(629120K)->41238K(629120K) Eden: 559232K(559232K)->0K(559232K) From: 37965K(69888K)->41238K(69888K)
[574.143s][info][gc,heap        ] GC(801) Tenured: 1030603K(1398144K)->1039853K(1398144K)
[574.143s][info][gc,metaspace   ] GC(801) Metaspace: 120335K(124224K)->120335K(124224K) NonClass: 104119K(104768K)->104119K(104768K) Class: 16216K(19456K)->16216K(19456K)
[574.143s][info][gc             ] GC(801) Pause Young (Allocation Failure) 1589M->1055M(1979M) 19.925ms
[574.143s][info][gc,cpu         ] GC(801) User=0.02s Sys=0.00s Real=0.02s
[574.181s][info][gc,start       ] GC(802) Pause Young (Allocation Failure)
[574.195s][info][gc,heap        ] GC(802) DefNew: 600470K(629120K)->48734K(629120K) Eden: 559232K(559232K)->0K(559232K) From: 41238K(69888K)->48734K(69888K)
[574.195s][info][gc,heap        ] GC(802) Tenured: 1039853K(1398144K)->1040175K(1398144K)
[574.195s][info][gc,metaspace   ] GC(802) Metaspace: 120335K(124224K)->120335K(124224K) NonClass: 104119K(104768K)->104119K(104768K) Class: 16216K(19456K)->16216K(19456K)
[574.195s][info][gc             ] GC(802) Pause Young (Allocation Failure) 1601M->1063M(1979M) 14.201ms
[574.196s][info][gc,cpu         ] GC(802) User=0.00s Sys=0.00s Real=0.00s
[574.233s][info][gc,start       ] GC(803) Pause Young (Allocation Failure)
[574.246s][info][gc,heap        ] GC(803) DefNew: 607966K(629120K)->19041K(629120K) Eden: 559232K(559232K)->0K(559232K) From: 48734K(69888K)->19041K(69888K)
[574.246s][info][gc,heap        ] GC(803) Tenured: 1040175K(1398144K)->1068310K(1398144K)
[574.246s][info][gc,metaspace   ] GC(803) Metaspace: 120335K(124224K)->120335K(124224K) NonClass: 104119K(104768K)->104119K(104768K) Class: 16216K(19456K)->16216K(19456K)
[574.246s][info][gc             ] GC(803) Pause Young (Allocation Failure) 1609M->1061M(1979M) 13.369ms
[574.246s][info][gc,cpu         ] GC(803) User=0.02s Sys=0.00s Real=0.02s
[574.285s][info][gc,start       ] GC(804) Pause Young (Allocation Failure)
[574.310s][info][gc,heap        ] GC(804) DefNew: 578273K(629120K)->25285K(629120K) Eden: 559232K(559232K)->0K(559232K) From: 19041K(69888K)->25285K(69888K)
[574.310s][info][gc,heap        ] GC(804) Tenured: 1068310K(1398144K)->1068310K(1398144K)
[574.310s][info][gc,metaspace   ] GC(804) Metaspace: 120335K(124224K)->120335K(124224K) NonClass: 104119K(104768K)->104119K(104768K) Class: 16216K(19456K)->16216K(19456K)
[574.310s][info][gc             ] GC(804) Pause Young (Allocation Failure) 1607M->1067M(1979M) 25.185ms
[574.310s][info][gc,cpu         ] GC(804) User=0.02s Sys=0.00s Real=0.03s
[574.347s][info][gc,start       ] GC(805) Pause Young (Allocation Failure)
[574.360s][info][gc,heap        ] GC(805) DefNew: 584517K(629120K)->44009K(629120K) Eden: 559232K(559232K)->0K(559232K) From: 25285K(69888K)->44009K(69888K)
[574.360s][info][gc,heap        ] GC(805) Tenured: 1068310K(1398144K)->1068310K(1398144K)
[574.360s][info][gc,metaspace   ] GC(805) Metaspace: 120335K(124224K)->120335K(124224K) NonClass: 104119K(104768K)->104119K(104768K) Class: 16216K(19456K)->16216K(19456K)
[574.360s][info][gc             ] GC(805) Pause Young (Allocation Failure) 1614M->1086M(1979M) 12.891ms
[574.360s][info][gc,cpu         ] GC(805) User=0.02s Sys=0.00s Real=0.01s
[574.400s][info][gc,start       ] GC(806) Pause Young (Allocation Failure)
[574.419s][info][gc,heap        ] GC(806) DefNew: 603241K(629120K)->50273K(629120K) Eden: 559232K(559232K)->0K(559232K) From: 44009K(69888K)->50273K(69888K)
[574.419s][info][gc,heap        ] GC(806) Tenured: 1068310K(1398144K)->1087061K(1398144K)
[574.419s][info][gc,metaspace   ] GC(806) Metaspace: 120335K(124224K)->120335K(124224K) NonClass: 104119K(104768K)->104119K(104768K) Class: 16216K(19456K)->16216K(19456K)
[574.419s][info][gc             ] GC(806) Pause Young (Allocation Failure) 1632M->1110M(1979M) 18.767ms
[574.419s][info][gc,cpu         ] GC(806) User=0.02s Sys=0.00s Real=0.02s
[574.457s][info][gc,start       ] GC(807) Pause Young (Allocation Failure)
[574.480s][info][gc,heap        ] GC(807) DefNew: 609505K(629120K)->66841K(629120K) Eden: 559232K(559232K)->0K(559232K) From: 50273K(69888K)->66841K(69888K)
[574.480s][info][gc,heap        ] GC(807) Tenured: 1087061K(1398144K)->1112072K(1398144K)
[574.480s][info][gc,metaspace   ] GC(807) Metaspace: 120335K(124224K)->120335K(124224K) NonClass: 104119K(104768K)->104119K(104768K) Class: 16216K(19456K)->16216K(19456K)
[574.480s][info][gc             ] GC(807) Pause Young (Allocation Failure) 1656M->1151M(1979M) 23.397ms
[574.480s][info][gc,cpu         ] GC(807) User=0.02s Sys=0.00s Real=0.02s
[574.520s][info][gc,start       ] GC(808) Pause Young (Allocation Failure)
[574.543s][info][gc,heap        ] GC(808) DefNew: 626073K(629120K)->23200K(629120K) Eden: 559232K(559232K)->0K(559232K) From: 66841K(69888K)->23200K(69888K)
[574.543s][info][gc,heap        ] GC(808) Tenured: 1112072K(1398144K)->1178690K(1398144K)
[574.543s][info][gc,metaspace   ] GC(808) Metaspace: 120335K(124224K)->120335K(124224K) NonClass: 104119K(104768K)->104119K(104768K) Class: 16216K(19456K)->16216K(19456K)
[574.543s][info][gc             ] GC(808) Pause Young (Allocation Failure) 1697M->1173M(1979M) 23.290ms
[574.543s][info][gc,cpu         ] GC(808) User=0.02s Sys=0.00s Real=0.02s
[574.597s][info][gc,start       ] GC(809) Pause Young (Allocation Failure)
[574.615s][info][gc,heap        ] GC(809) DefNew: 582432K(629120K)->61661K(629120K) Eden: 559232K(559232K)->0K(559232K) From: 23200K(69888K)->61661K(69888K)
[574.615s][info][gc,heap        ] GC(809) Tenured: 1178690K(1398144K)->1178690K(1398144K)
[574.615s][info][gc,metaspace   ] GC(809) Metaspace: 120335K(124224K)->120335K(124224K) NonClass: 104119K(104768K)->104119K(104768K) Class: 16216K(19456K)->16216K(19456K)
[574.615s][info][gc             ] GC(809) Pause Young (Allocation Failure) 1719M->1211M(1979M) 17.950ms
[574.615s][info][gc,cpu         ] GC(809) User=0.02s Sys=0.00s Real=0.02s
[574.660s][info][gc,start       ] GC(810) Pause Young (Allocation Failure)
[574.687s][info][gc,heap        ] GC(810) DefNew: 620893K(629120K)->44666K(629120K) Eden: 559232K(559232K)->0K(559232K) From: 61661K(69888K)->44666K(69888K)
[574.687s][info][gc,heap        ] GC(810) Tenured: 1178690K(1398144K)->1239380K(1398144K)
[574.687s][info][gc,metaspace   ] GC(810) Metaspace: 120335K(124224K)->120335K(124224K) NonClass: 104119K(104768K)->104119K(104768K) Class: 16216K(19456K)->16216K(19456K)
[574.687s][info][gc             ] GC(810) Pause Young (Allocation Failure) 1757M->1253M(1979M) 27.437ms
[574.687s][info][gc,cpu         ] GC(810) User=0.02s Sys=0.00s Real=0.02s
[574.727s][info][gc,start       ] GC(811) Pause Young (Allocation Failure)
[574.747s][info][gc,heap        ] GC(811) DefNew: 603898K(629120K)->35799K(629120K) Eden: 559232K(559232K)->0K(559232K) From: 44666K(69888K)->35799K(69888K)
[574.747s][info][gc,heap        ] GC(811) Tenured: 1239380K(1398144K)->1281458K(1398144K)
[574.748s][info][gc,metaspace   ] GC(811) Metaspace: 120335K(124224K)->120335K(124224K) NonClass: 104119K(104768K)->104119K(104768K) Class: 16216K(19456K)->16216K(19456K)
[574.748s][info][gc             ] GC(811) Pause Young (Allocation Failure) 1800M->1286M(1979M) 21.041ms
[574.748s][info][gc,cpu         ] GC(811) User=0.02s Sys=0.00s Real=0.02s
[574.786s][info][gc,start       ] GC(812) Pause Young (Allocation Failure)
[574.798s][info][gc,heap        ] GC(812) DefNew: 595031K(629120K)->11498K(629120K) Eden: 559232K(559232K)->0K(559232K) From: 35799K(69888K)->11498K(69888K)
[574.798s][info][gc,heap        ] GC(812) Tenured: 1281458K(1398144K)->1312702K(1398144K)
[574.799s][info][gc,metaspace   ] GC(812) Metaspace: 120335K(124224K)->120335K(124224K) NonClass: 104119K(104768K)->104119K(104768K) Class: 16216K(19456K)->16216K(19456K)
[574.799s][info][gc             ] GC(812) Pause Young (Allocation Failure) 1832M->1293M(1979M) 12.920ms
[574.799s][info][gc,cpu         ] GC(812) User=0.02s Sys=0.00s Real=0.02s
[574.837s][info][gc,start       ] GC(813) Pause Young (Allocation Failure)
[574.845s][info][gc,heap        ] GC(813) DefNew: 570730K(629120K)->23824K(629120K) Eden: 559232K(559232K)->0K(559232K) From: 11498K(69888K)->23824K(69888K)
[574.845s][info][gc,heap        ] GC(813) Tenured: 1312702K(1398144K)->1312702K(1398144K)
[574.845s][info][gc,metaspace   ] GC(813) Metaspace: 120335K(124224K)->120335K(124224K) NonClass: 104119K(104768K)->104119K(104768K) Class: 16216K(19456K)->16216K(19456K)
[574.845s][info][gc             ] GC(813) Pause Young (Allocation Failure) 1839M->1305M(1979M) 8.487ms
[574.845s][info][gc,cpu         ] GC(813) User=0.00s Sys=0.00s Real=0.00s
[574.883s][info][gc,start       ] GC(814) Pause Young (Allocation Failure)
[574.894s][info][gc,heap        ] GC(814) DefNew: 583056K(629120K)->35498K(629120K) Eden: 559232K(559232K)->0K(559232K) From: 23824K(69888K)->35498K(69888K)
[574.894s][info][gc,heap        ] GC(814) Tenured: 1312702K(1398144K)->1312702K(1398144K)
[574.894s][info][gc,metaspace   ] GC(814) Metaspace: 120335K(124224K)->120335K(124224K) NonClass: 104119K(104768K)->104119K(104768K) Class: 16216K(19456K)->16216K(19456K)
[574.894s][info][gc             ] GC(814) Pause Young (Allocation Failure) 1851M->1316M(1979M) 10.984ms
[574.894s][info][gc,cpu         ] GC(814) User=0.02s Sys=0.00s Real=0.02s
[574.932s][info][gc,start       ] GC(815) Pause Young (Allocation Failure)
[574.944s][info][gc,heap        ] GC(815) DefNew: 594730K(629120K)->39347K(629120K) Eden: 559232K(559232K)->0K(559232K) From: 35498K(69888K)->39347K(69888K)
[574.944s][info][gc,heap        ] GC(815) Tenured: 1312702K(1398144K)->1312786K(1398144K)
[574.944s][info][gc,metaspace   ] GC(815) Metaspace: 120335K(124224K)->120335K(124224K) NonClass: 104119K(104768K)->104119K(104768K) Class: 16216K(19456K)->16216K(19456K)
[574.944s][info][gc             ] GC(815) Pause Young (Allocation Failure) 1862M->1320M(1979M) 12.139ms
[574.944s][info][gc,cpu         ] GC(815) User=0.03s Sys=0.00s Real=0.02s
[574.982s][info][gc,start       ] GC(816) Pause Young (Allocation Failure)
[574.994s][info][gc,heap        ] GC(816) DefNew: 598579K(629120K)->40903K(629120K) Eden: 559232K(559232K)->0K(559232K) From: 39347K(69888K)->40903K(69888K)
[574.994s][info][gc,heap        ] GC(816) Tenured: 1312786K(1398144K)->1319041K(1398144K)
[574.994s][info][gc,metaspace   ] GC(816) Metaspace: 120335K(124224K)->120335K(124224K) NonClass: 104119K(104768K)->104119K(104768K) Class: 16216K(19456K)->16216K(19456K)
[574.994s][info][gc             ] GC(816) Pause Young (Allocation Failure) 1866M->1328M(1979M) 11.813ms
[574.994s][info][gc,cpu         ] GC(816) User=0.02s Sys=0.00s Real=0.02s
[575.032s][info][gc,start       ] GC(817) Pause Young (Allocation Failure)
[575.045s][info][gc,heap        ] GC(817) DefNew: 600135K(629120K)->28377K(629120K) Eden: 559232K(559232K)->0K(559232K) From: 40903K(69888K)->28377K(69888K)
[575.045s][info][gc,heap        ] GC(817) Tenured: 1319041K(1398144K)->1333106K(1398144K)
[575.045s][info][gc,metaspace   ] GC(817) Metaspace: 120335K(124224K)->120335K(124224K) NonClass: 104119K(104768K)->104119K(104768K) Class: 16216K(19456K)->16216K(19456K)
[575.045s][info][gc             ] GC(817) Pause Young (Allocation Failure) 1874M->1329M(1979M) 13.319ms
[575.045s][info][gc,cpu         ] GC(817) User=0.02s Sys=0.00s Real=0.02s
[575.084s][info][gc,start       ] GC(818) Pause Young (Allocation Failure)
[575.097s][info][gc,heap        ] GC(818) DefNew: 587609K(629120K)->47180K(629120K) Eden: 559232K(559232K)->0K(559232K) From: 28377K(69888K)->47180K(69888K)
[575.097s][info][gc,heap        ] GC(818) Tenured: 1333106K(1398144K)->1333106K(1398144K)
[575.097s][info][gc,metaspace   ] GC(818) Metaspace: 120335K(124224K)->120335K(124224K) NonClass: 104119K(104768K)->104119K(104768K) Class: 16216K(19456K)->16216K(19456K)
[575.097s][info][gc             ] GC(818) Pause Young (Allocation Failure) 1875M->1347M(1979M) 13.293ms
[575.097s][info][gc,cpu         ] GC(818) User=0.00s Sys=0.00s Real=0.00s
[575.148s][info][gc,start       ] GC(819) Pause Young (Allocation Failure)
[575.166s][info][gc,heap        ] GC(819) DefNew: 606412K(629120K)->34773K(629120K) Eden: 559232K(559232K)->0K(559232K) From: 47180K(69888K)->34773K(69888K)
[575.166s][info][gc,heap        ] GC(819) Tenured: 1333106K(1398144K)->1358110K(1398144K)
[575.166s][info][gc,metaspace   ] GC(819) Metaspace: 120335K(124224K)->120335K(124224K) NonClass: 104119K(104768K)->104119K(104768K) Class: 16216K(19456K)->16216K(19456K)
[575.166s][info][gc             ] GC(819) Pause Young (Allocation Failure) 1894M->1360M(1979M) 17.847ms
[575.166s][info][gc,cpu         ] GC(819) User=0.02s Sys=0.00s Real=0.02s
[575.213s][info][gc,start       ] GC(820) Pause Young (Allocation Failure)
[575.213s][info][gc             ] GC(820) Pause Young (Allocation Failure) 1906M->1906M(1979M) 0.125ms
[575.214s][info][gc,cpu         ] GC(820) User=0.00s Sys=0.00s Real=0.00s
[575.214s][info][gc,start       ] GC(821) Pause Full (Allocation Failure)
[575.214s][info][gc,phases,start] GC(821) Phase 1: Mark live objects
[575.272s][info][gc,phases      ] GC(821) Phase 1: Mark live objects 58.539ms
[575.272s][info][gc,phases,start] GC(821) Phase 2: Compute new object addresses
[575.437s][info][gc,phases      ] GC(821) Phase 2: Compute new object addresses 164.973ms
[575.437s][info][gc,phases,start] GC(821) Phase 3: Adjust pointers
[575.470s][info][gc,phases      ] GC(821) Phase 3: Adjust pointers 33.258ms
[575.471s][info][gc,phases,start] GC(821) Phase 4: Move objects
[575.504s][info][gc,phases      ] GC(821) Phase 4: Move objects 33.992ms
[575.505s][info][gc,heap        ] GC(821) DefNew: 594005K(629120K)->0K(629120K) Eden: 559232K(559232K)->0K(559232K) From: 34773K(69888K)->0K(69888K)
[575.505s][info][gc,heap        ] GC(821) Tenured: 1358110K(1398144K)->1190680K(1398144K)
[575.505s][info][gc,metaspace   ] GC(821) Metaspace: 120335K(124224K)->120335K(124224K) NonClass: 104119K(104768K)->104119K(104768K) Class: 16216K(19456K)->16216K(19456K)
[575.505s][info][gc             ] GC(821) Pause Full (Allocation Failure) 1906M->1162M(1979M) 291.957ms
[575.506s][info][gc,cpu         ] GC(821) User=0.28s Sys=0.00s Real=0.28s
[575.547s][info][gc,start       ] GC(822) Pause Young (Allocation Failure)
[575.561s][info][gc,heap        ] GC(822) DefNew: 559232K(629120K)->48207K(629120K) Eden: 559232K(559232K)->0K(559232K) From: 0K(69888K)->48207K(69888K)
[575.561s][info][gc,heap        ] GC(822) Tenured: 1190680K(1398144K)->1190680K(1398144K)
[575.561s][info][gc,metaspace   ] GC(822) Metaspace: 120335K(124224K)->120335K(124224K) NonClass: 104119K(104768K)->104119K(104768K) Class: 16216K(19456K)->16216K(19456K)
[575.561s][info][gc             ] GC(822) Pause Young (Allocation Failure) 1708M->1209M(1979M) 14.486ms
[575.561s][info][gc,cpu         ] GC(822) User=0.02s Sys=0.00s Real=0.01s
[575.611s][info][gc,start       ] GC(823) Pause Young (Allocation Failure)
[575.631s][info][gc,heap        ] GC(823) DefNew: 607439K(629120K)->22115K(629120K) Eden: 559232K(559232K)->0K(559232K) From: 48207K(69888K)->22115K(69888K)
[575.631s][info][gc,heap        ] GC(823) Tenured: 1190680K(1398144K)->1238453K(1398144K)
[575.631s][info][gc,metaspace   ] GC(823) Metaspace: 120335K(124224K)->120335K(124224K) NonClass: 104119K(104768K)->104119K(104768K) Class: 16216K(19456K)->16216K(19456K)
[575.631s][info][gc             ] GC(823) Pause Young (Allocation Failure) 1755M->1231M(1979M) 19.761ms
[575.631s][info][gc,cpu         ] GC(823) User=0.02s Sys=0.00s Real=0.02s
[575.670s][info][gc,start       ] GC(824) Pause Young (Allocation Failure)
[575.688s][info][gc,heap        ] GC(824) DefNew: 581347K(629120K)->62158K(629120K) Eden: 559232K(559232K)->0K(559232K) From: 22115K(69888K)->62158K(69888K)
[575.688s][info][gc,heap        ] GC(824) Tenured: 1238453K(1398144K)->1238453K(1398144K)
[575.688s][info][gc,metaspace   ] GC(824) Metaspace: 120338K(124224K)->120338K(124224K) NonClass: 104122K(104768K)->104122K(104768K) Class: 16216K(19456K)->16216K(19456K)
[575.688s][info][gc             ] GC(824) Pause Young (Allocation Failure) 1777M->1270M(1979M) 17.988ms
[575.688s][info][gc,cpu         ] GC(824) User=0.02s Sys=0.00s Real=0.01s
[575.729s][info][gc,start       ] GC(825) Pause Young (Allocation Failure)
[575.755s][info][gc,heap        ] GC(825) DefNew: 621390K(629120K)->36902K(629120K) Eden: 559232K(559232K)->0K(559232K) From: 62158K(69888K)->36902K(69888K)
[575.755s][info][gc,heap        ] GC(825) Tenured: 1238453K(1398144K)->1297796K(1398144K)
[575.755s][info][gc,metaspace   ] GC(825) Metaspace: 120338K(124224K)->120338K(124224K) NonClass: 104122K(104768K)->104122K(104768K) Class: 16216K(19456K)->16216K(19456K)
[575.755s][info][gc             ] GC(825) Pause Young (Allocation Failure) 1816M->1303M(1979M) 25.944ms
[575.755s][info][gc,cpu         ] GC(825) User=0.03s Sys=0.00s Real=0.03s
[575.796s][info][gc,start       ] GC(826) Pause Young (Allocation Failure)
[575.817s][info][gc,heap        ] GC(826) DefNew: 596134K(629120K)->34536K(629120K) Eden: 559232K(559232K)->0K(559232K) From: 36902K(69888K)->34536K(69888K)
[575.817s][info][gc,heap        ] GC(826) Tenured: 1297796K(1398144K)->1331741K(1398144K)
[575.817s][info][gc,metaspace   ] GC(826) Metaspace: 120338K(124224K)->120338K(124224K) NonClass: 104122K(104768K)->104122K(104768K) Class: 16216K(19456K)->16216K(19456K)
[575.817s][info][gc             ] GC(826) Pause Young (Allocation Failure) 1849M->1334M(1979M) 20.527ms
[575.817s][info][gc,cpu         ] GC(826) User=0.02s Sys=0.00s Real=0.01s
[575.855s][info][gc,start       ] GC(827) Pause Young (Allocation Failure)
[575.855s][info][gc             ] GC(827) Pause Young (Allocation Failure) 1880M->1880M(1979M) 0.114ms
[575.855s][info][gc,cpu         ] GC(827) User=0.00s Sys=0.00s Real=0.00s
[575.855s][info][gc,start       ] GC(828) Pause Full (Allocation Failure)
[575.855s][info][gc,phases,start] GC(828) Phase 1: Mark live objects
[575.913s][info][gc,phases      ] GC(828) Phase 1: Mark live objects 58.300ms
[575.913s][info][gc,phases,start] GC(828) Phase 2: Compute new object addresses
[576.078s][info][gc,phases      ] GC(828) Phase 2: Compute new object addresses 164.936ms
[576.078s][info][gc,phases,start] GC(828) Phase 3: Adjust pointers
[576.115s][info][gc,phases      ] GC(828) Phase 3: Adjust pointers 36.390ms
[576.115s][info][gc,phases,start] GC(828) Phase 4: Move objects
[576.137s][info][gc,phases      ] GC(828) Phase 4: Move objects 22.694ms
[576.138s][info][gc,heap        ] GC(828) DefNew: 593768K(629120K)->0K(629120K) Eden: 559232K(559232K)->0K(559232K) From: 34536K(69888K)->0K(69888K)
[576.138s][info][gc,heap        ] GC(828) Tenured: 1331741K(1398144K)->1200197K(1398144K)
[576.138s][info][gc,metaspace   ] GC(828) Metaspace: 120354K(124224K)->120354K(124224K) NonClass: 104138K(104768K)->104138K(104768K) Class: 16216K(19456K)->16216K(19456K)
[576.138s][info][gc             ] GC(828) Pause Full (Allocation Failure) 1880M->1172M(1979M) 283.485ms
[576.138s][info][gc,cpu         ] GC(828) User=0.30s Sys=0.00s Real=0.30s
[576.180s][info][gc,start       ] GC(829) Pause Young (Allocation Failure)
[576.194s][info][gc,heap        ] GC(829) DefNew: 559232K(629120K)->42508K(629120K) Eden: 559232K(559232K)->0K(559232K) From: 0K(69888K)->42508K(69888K)
[576.194s][info][gc,heap        ] GC(829) Tenured: 1200197K(1398144K)->1200197K(1398144K)
[576.194s][info][gc,metaspace   ] GC(829) Metaspace: 120356K(124224K)->120356K(124224K) NonClass: 104139K(104768K)->104139K(104768K) Class: 16216K(19456K)->16216K(19456K)
[576.194s][info][gc             ] GC(829) Pause Young (Allocation Failure) 1718M->1213M(1979M) 14.018ms
[576.194s][info][gc,cpu         ] GC(829) User=0.02s Sys=0.00s Real=0.02s
[576.234s][info][gc,start       ] GC(830) Pause Young (Allocation Failure)
[576.260s][info][gc,heap        ] GC(830) DefNew: 600659K(629120K)->55887K(629120K) Eden: 558150K(559232K)->0K(559232K) From: 42508K(69888K)->55887K(69888K)
[576.260s][info][gc,heap        ] GC(830) Tenured: 1200197K(1398144K)->1235985K(1398144K)
[576.260s][info][gc,metaspace   ] GC(830) Metaspace: 120356K(124224K)->120356K(124224K) NonClass: 104139K(104768K)->104139K(104768K) Class: 16216K(19456K)->16216K(19456K)
[576.260s][info][gc             ] GC(830) Pause Young (Allocation Failure) 1758M->1261M(1979M) 25.600ms
[576.260s][info][gc,cpu         ] GC(830) User=0.02s Sys=0.00s Real=0.02s
[576.299s][info][gc,start       ] GC(831) Pause Young (Allocation Failure)
[576.331s][info][gc,heap        ] GC(831) DefNew: 615119K(629120K)->69874K(629120K) Eden: 559232K(559232K)->0K(559232K) From: 55887K(69888K)->69874K(69888K)
[576.331s][info][gc,heap        ] GC(831) Tenured: 1235985K(1398144K)->1288945K(1398144K)
[576.331s][info][gc,metaspace   ] GC(831) Metaspace: 120356K(124224K)->120356K(124224K) NonClass: 104139K(104768K)->104139K(104768K) Class: 16216K(19456K)->16216K(19456K)
[576.331s][info][gc             ] GC(831) Pause Young (Allocation Failure) 1807M->1326M(1979M) 31.986ms
[576.331s][info][gc,cpu         ] GC(831) User=0.03s Sys=0.00s Real=0.03s
[576.368s][info][gc,start       ] GC(832) Pause Young (Allocation Failure)
[576.396s][info][gc,heap        ] GC(832) DefNew: 629106K(629120K)->60724K(629120K) Eden: 559232K(559232K)->0K(559232K) From: 69874K(69888K)->60724K(69888K)
[576.396s][info][gc,heap        ] GC(832) Tenured: 1288945K(1398144K)->1343209K(1398144K)
[576.396s][info][gc,metaspace   ] GC(832) Metaspace: 120356K(124224K)->120356K(124224K) NonClass: 104139K(104768K)->104139K(104768K) Class: 16216K(19456K)->16216K(19456K)
[576.396s][info][gc             ] GC(832) Pause Young (Allocation Failure) 1873M->1371M(1979M) 28.550ms
[576.396s][info][gc,cpu         ] GC(832) User=0.03s Sys=0.00s Real=0.03s
[576.437s][info][gc,start       ] GC(833) Pause Young (Allocation Failure)
[576.437s][info][gc             ] GC(833) Pause Young (Allocation Failure) 1917M->1917M(1979M) 0.135ms
[576.437s][info][gc,cpu         ] GC(833) User=0.00s Sys=0.00s Real=0.00s
[576.437s][info][gc,start       ] GC(834) Pause Full (Allocation Failure)
[576.437s][info][gc,phases,start] GC(834) Phase 1: Mark live objects
[576.493s][info][gc,phases      ] GC(834) Phase 1: Mark live objects 56.436ms
[576.493s][info][gc,phases,start] GC(834) Phase 2: Compute new object addresses
[576.658s][info][gc,phases      ] GC(834) Phase 2: Compute new object addresses 165.003ms
[576.658s][info][gc,phases,start] GC(834) Phase 3: Adjust pointers
[576.693s][info][gc,phases      ] GC(834) Phase 3: Adjust pointers 34.364ms
[576.693s][info][gc,phases,start] GC(834) Phase 4: Move objects
[576.912s][info][gc,phases      ] GC(834) Phase 4: Move objects 218.783ms
[576.913s][info][gc,heap        ] GC(834) DefNew: 619956K(629120K)->0K(629120K) Eden: 559232K(559232K)->0K(559232K) From: 60724K(69888K)->0K(69888K)
[576.913s][info][gc,heap        ] GC(834) Tenured: 1343209K(1398144K)->1200452K(1398144K)
[576.913s][info][gc,metaspace   ] GC(834) Metaspace: 120402K(124288K)->120402K(124288K) NonClass: 104185K(104832K)->104185K(104832K) Class: 16216K(19456K)->16216K(19456K)
[576.913s][info][gc             ] GC(834) Pause Full (Allocation Failure) 1917M->1172M(1979M) 475.843ms
[576.913s][info][gc,cpu         ] GC(834) User=0.48s Sys=0.00s Real=0.48s
[576.951s][info][gc,start       ] GC(835) Pause Young (Allocation Failure)
[576.965s][info][gc,heap        ] GC(835) DefNew: 559232K(629120K)->47102K(629120K) Eden: 559232K(559232K)->0K(559232K) From: 0K(69888K)->47102K(69888K)
[576.965s][info][gc,heap        ] GC(835) Tenured: 1200452K(1398144K)->1200452K(1398144K)
[576.965s][info][gc,metaspace   ] GC(835) Metaspace: 120402K(124288K)->120402K(124288K) NonClass: 104185K(104832K)->104185K(104832K) Class: 16216K(19456K)->16216K(19456K)
[576.965s][info][gc             ] GC(835) Pause Young (Allocation Failure) 1718M->1218M(1979M) 14.889ms
[576.966s][info][gc,cpu         ] GC(835) User=0.02s Sys=0.00s Real=0.02s
[576.996s][info][gc,start       ] GC(836) Pause Young (Allocation Failure)
[577.021s][info][gc,heap        ] GC(836) DefNew: 606334K(629120K)->69875K(629120K) Eden: 559232K(559232K)->0K(559232K) From: 47102K(69888K)->69875K(69888K)
[577.021s][info][gc,heap        ] GC(836) Tenured: 1200452K(1398144K)->1234809K(1398144K)
[577.021s][info][gc,metaspace   ] GC(836) Metaspace: 120402K(124288K)->120402K(124288K) NonClass: 104185K(104832K)->104185K(104832K) Class: 16216K(19456K)->16216K(19456K)
[577.021s][info][gc             ] GC(836) Pause Young (Allocation Failure) 1764M->1274M(1979M) 25.539ms
[577.021s][info][gc,cpu         ] GC(836) User=0.02s Sys=0.00s Real=0.02s
[577.056s][info][gc,start       ] GC(837) Pause Young (Allocation Failure)
[577.087s][info][gc,heap        ] GC(837) DefNew: 629107K(629120K)->67594K(629120K) Eden: 559232K(559232K)->0K(559232K) From: 69875K(69888K)->67594K(69888K)
[577.087s][info][gc,heap        ] GC(837) Tenured: 1234809K(1398144K)->1276410K(1398144K)
[577.087s][info][gc,metaspace   ] GC(837) Metaspace: 120402K(124288K)->120402K(124288K) NonClass: 104185K(104832K)->104185K(104832K) Class: 16216K(19456K)->16216K(19456K)
[577.087s][info][gc             ] GC(837) Pause Young (Allocation Failure) 1820M->1312M(1979M) 31.213ms
[577.087s][info][gc,cpu         ] GC(837) User=0.03s Sys=0.00s Real=0.03s
[577.120s][info][gc,start       ] GC(838) Pause Young (Allocation Failure)
[577.146s][info][gc,heap        ] GC(838) DefNew: 626826K(629120K)->60378K(629120K) Eden: 559232K(559232K)->0K(559232K) From: 67594K(69888K)->60378K(69888K)
[577.146s][info][gc,heap        ] GC(838) Tenured: 1276410K(1398144K)->1320995K(1398144K)
[577.146s][info][gc,metaspace   ] GC(838) Metaspace: 120402K(124288K)->120402K(124288K) NonClass: 104185K(104832K)->104185K(104832K) Class: 16216K(19456K)->16216K(19456K)
[577.146s][info][gc             ] GC(838) Pause Young (Allocation Failure) 1858M->1348M(1979M) 25.849ms
[577.146s][info][gc,cpu         ] GC(838) User=0.02s Sys=0.00s Real=0.02s
[577.178s][info][gc,start       ] GC(839) Pause Young (Allocation Failure)
[577.178s][info][gc             ] GC(839) Pause Young (Allocation Failure) 1895M->1895M(1979M) 0.124ms
[577.178s][info][gc,cpu         ] GC(839) User=0.00s Sys=0.00s Real=0.00s
[577.178s][info][gc,start       ] GC(840) Pause Full (Allocation Failure)
[577.178s][info][gc,phases,start] GC(840) Phase 1: Mark live objects
[577.232s][info][gc,phases      ] GC(840) Phase 1: Mark live objects 54.083ms
[577.232s][info][gc,phases,start] GC(840) Phase 2: Compute new object addresses
[577.379s][info][gc,phases      ] GC(840) Phase 2: Compute new object addresses 146.692ms
[577.379s][info][gc,phases,start] GC(840) Phase 3: Adjust pointers
[577.411s][info][gc,phases      ] GC(840) Phase 3: Adjust pointers 31.437ms
[577.411s][info][gc,phases,start] GC(840) Phase 4: Move objects
[577.433s][info][gc,phases      ] GC(840) Phase 4: Move objects 22.030ms
[577.434s][info][gc,heap        ] GC(840) DefNew: 619610K(629120K)->0K(629120K) Eden: 559232K(559232K)->0K(559232K) From: 60378K(69888K)->0K(69888K)
[577.434s][info][gc,heap        ] GC(840) Tenured: 1320995K(1398144K)->1333792K(1398144K)
[577.434s][info][gc,metaspace   ] GC(840) Metaspace: 120402K(124288K)->120402K(124288K) NonClass: 104185K(104832K)->104185K(104832K) Class: 16216K(19456K)->16216K(19456K)
[577.434s][info][gc             ] GC(840) Pause Full (Allocation Failure) 1895M->1302M(1979M) 255.325ms
[577.434s][info][gc,cpu         ] GC(840) User=0.27s Sys=0.00s Real=0.27s
[577.470s][info][gc,start       ] GC(841) Pause Young (Allocation Failure)
[577.470s][info][gc             ] GC(841) Pause Young (Allocation Failure) 1848M->1848M(1979M) 0.127ms
[577.470s][info][gc,cpu         ] GC(841) User=0.00s Sys=0.00s Real=0.00s
[577.470s][info][gc,start       ] GC(842) Pause Full (Allocation Failure)
[577.470s][info][gc,phases,start] GC(842) Phase 1: Mark live objects
[577.533s][info][gc,phases      ] GC(842) Phase 1: Mark live objects 62.535ms
[577.533s][info][gc,phases,start] GC(842) Phase 2: Compute new object addresses
[577.692s][info][gc,phases      ] GC(842) Phase 2: Compute new object addresses 159.519ms
[577.692s][info][gc,phases,start] GC(842) Phase 3: Adjust pointers
[577.724s][info][gc,phases      ] GC(842) Phase 3: Adjust pointers 31.831ms
[577.724s][info][gc,phases,start] GC(842) Phase 4: Move objects
[577.745s][info][gc,phases      ] GC(842) Phase 4: Move objects 20.747ms
[577.746s][info][gc,heap        ] GC(842) DefNew: 559232K(629120K)->0K(629120K) Eden: 559232K(559232K)->0K(559232K) From: 0K(69888K)->0K(69888K)
[577.746s][info][gc,heap        ] GC(842) Tenured: 1333792K(1398144K)->1365390K(1398144K)
[577.746s][info][gc,metaspace   ] GC(842) Metaspace: 120402K(124288K)->120402K(124288K) NonClass: 104185K(104832K)->104185K(104832K) Class: 16216K(19456K)->16216K(19456K)
[577.746s][info][gc             ] GC(842) Pause Full (Allocation Failure) 1848M->1333M(1979M) 275.724ms
[577.746s][info][gc,cpu         ] GC(842) User=0.27s Sys=0.00s Real=0.27s
[577.782s][info][gc,start       ] GC(843) Pause Young (Allocation Failure)
[577.782s][info][gc             ] GC(843) Pause Young (Allocation Failure) 1879M->1879M(1979M) 0.123ms
[577.782s][info][gc,cpu         ] GC(843) User=0.00s Sys=0.00s Real=0.00s
[577.782s][info][gc,start       ] GC(844) Pause Full (Allocation Failure)
[577.782s][info][gc,phases,start] GC(844) Phase 1: Mark live objects
[577.836s][info][gc,phases      ] GC(844) Phase 1: Mark live objects 53.872ms
[577.836s][info][gc,phases,start] GC(844) Phase 2: Compute new object addresses
[577.968s][info][gc,phases      ] GC(844) Phase 2: Compute new object addresses 132.604ms
[577.968s][info][gc,phases,start] GC(844) Phase 3: Adjust pointers
[578.000s][info][gc,phases      ] GC(844) Phase 3: Adjust pointers 31.363ms
[578.000s][info][gc,phases,start] GC(844) Phase 4: Move objects
[578.023s][info][gc,phases      ] GC(844) Phase 4: Move objects 23.423ms
[578.024s][info][gc,heap        ] GC(844) DefNew: 559232K(629120K)->0K(629120K) Eden: 559232K(559232K)->0K(559232K) From: 0K(69888K)->0K(69888K)
[578.024s][info][gc,heap        ] GC(844) Tenured: 1365390K(1398144K)->1364785K(1398144K)
[578.024s][info][gc,metaspace   ] GC(844) Metaspace: 120405K(124288K)->120405K(124288K) NonClass: 104189K(104832K)->104189K(104832K) Class: 16216K(19456K)->16216K(19456K)
[578.024s][info][gc             ] GC(844) Pause Full (Allocation Failure) 1879M->1332M(1979M) 242.390ms
[578.024s][info][gc,cpu         ] GC(844) User=0.23s Sys=0.00s Real=0.23s
[578.062s][info][gc,start       ] GC(845) Pause Young (Allocation Failure)
[578.062s][info][gc             ] GC(845) Pause Young (Allocation Failure) 1878M->1878M(1979M) 0.228ms
[578.062s][info][gc,cpu         ] GC(845) User=0.00s Sys=0.00s Real=0.00s
[578.062s][info][gc,start       ] GC(846) Pause Full (Allocation Failure)
[578.062s][info][gc,phases,start] GC(846) Phase 1: Mark live objects
[578.126s][info][gc,phases      ] GC(846) Phase 1: Mark live objects 63.186ms
[578.126s][info][gc,phases,start] GC(846) Phase 2: Compute new object addresses
[578.268s][info][gc,phases      ] GC(846) Phase 2: Compute new object addresses 142.132ms
[578.268s][info][gc,phases,start] GC(846) Phase 3: Adjust pointers
[578.301s][info][gc,phases      ] GC(846) Phase 3: Adjust pointers 33.262ms
[578.301s][info][gc,phases,start] GC(846) Phase 4: Move objects
[578.517s][info][gc,phases      ] GC(846) Phase 4: Move objects 215.445ms
[578.518s][info][gc,heap        ] GC(846) DefNew: 559232K(629120K)->0K(629120K) Eden: 559232K(559232K)->0K(559232K) From: 0K(69888K)->0K(69888K)
[578.518s][info][gc,heap        ] GC(846) Tenured: 1364785K(1398144K)->1312930K(1398144K)
[578.518s][info][gc,metaspace   ] GC(846) Metaspace: 120405K(124288K)->120405K(124288K) NonClass: 104189K(104832K)->104189K(104832K) Class: 16216K(19456K)->16216K(19456K)
[578.518s][info][gc             ] GC(846) Pause Full (Allocation Failure) 1878M->1282M(1979M) 455.305ms
[578.518s][info][gc,cpu         ] GC(846) User=0.45s Sys=0.00s Real=0.45s
[578.555s][info][gc,start       ] GC(847) Pause Young (Allocation Failure)
[578.570s][info][gc,heap        ] GC(847) DefNew: 559232K(629120K)->57984K(629120K) Eden: 559232K(559232K)->0K(559232K) From: 0K(69888K)->57984K(69888K)
[578.570s][info][gc,heap        ] GC(847) Tenured: 1312930K(1398144K)->1312930K(1398144K)
[578.570s][info][gc,metaspace   ] GC(847) Metaspace: 120405K(124288K)->120405K(124288K) NonClass: 104189K(104832K)->104189K(104832K) Class: 16216K(19456K)->16216K(19456K)
[578.571s][info][gc             ] GC(847) Pause Young (Allocation Failure) 1828M->1338M(1979M) 15.564ms
[578.571s][info][gc,cpu         ] GC(847) User=0.02s Sys=0.00s Real=0.02s
[578.601s][info][gc,start       ] GC(848) Pause Young (Allocation Failure)
[578.625s][info][gc,heap        ] GC(848) DefNew: 617216K(629120K)->51491K(629120K) Eden: 559232K(559232K)->0K(559232K) From: 57984K(69888K)->51491K(69888K)
[578.625s][info][gc,heap        ] GC(848) Tenured: 1312930K(1398144K)->1359001K(1398144K)
[578.625s][info][gc,metaspace   ] GC(848) Metaspace: 120405K(124288K)->120405K(124288K) NonClass: 104189K(104832K)->104189K(104832K) Class: 16216K(19456K)->16216K(19456K)
[578.625s][info][gc             ] GC(848) Pause Young (Allocation Failure) 1884M->1377M(1979M) 24.006ms
[578.625s][info][gc,cpu         ] GC(848) User=0.02s Sys=0.00s Real=0.02s
[578.655s][info][gc,start       ] GC(849) Pause Young (Allocation Failure)
[578.655s][info][gc             ] GC(849) Pause Young (Allocation Failure) 1923M->1923M(1979M) 0.120ms
[578.655s][info][gc,cpu         ] GC(849) User=0.00s Sys=0.00s Real=0.00s
[578.655s][info][gc,start       ] GC(850) Pause Full (Allocation Failure)
[578.655s][info][gc,phases,start] GC(850) Phase 1: Mark live objects
[578.710s][info][gc,phases      ] GC(850) Phase 1: Mark live objects 54.441ms
[578.710s][info][gc,phases,start] GC(850) Phase 2: Compute new object addresses
[578.853s][info][gc,phases      ] GC(850) Phase 2: Compute new object addresses 142.925ms
[578.853s][info][gc,phases,start] GC(850) Phase 3: Adjust pointers
[578.884s][info][gc,phases      ] GC(850) Phase 3: Adjust pointers 31.349ms
[578.884s][info][gc,phases,start] GC(850) Phase 4: Move objects
[578.903s][info][gc,phases      ] GC(850) Phase 4: Move objects 18.543ms
[578.903s][info][gc,heap        ] GC(850) DefNew: 610723K(629120K)->3125K(629120K) Eden: 559232K(559232K)->3125K(559232K) From: 51491K(69888K)->0K(69888K)
[578.903s][info][gc,heap        ] GC(850) Tenured: 1359001K(1398144K)->1396530K(1398144K)
[578.903s][info][gc,metaspace   ] GC(850) Metaspace: 120405K(124288K)->120405K(124288K) NonClass: 104189K(104832K)->104189K(104832K) Class: 16216K(19456K)->16216K(19456K)
[578.904s][info][gc             ] GC(850) Pause Full (Allocation Failure) 1923M->1366M(1979M) 248.404ms
[578.904s][info][gc,cpu         ] GC(850) User=0.25s Sys=0.00s Real=0.25s
[580.758s][info][gc,start       ] GC(851) Pause Full (Allocation Failure)
[580.758s][info][gc,phases,start] GC(851) Phase 1: Mark live objects
[580.813s][info][gc,phases      ] GC(851) Phase 1: Mark live objects 54.294ms
[580.813s][info][gc,phases,start] GC(851) Phase 2: Compute new object addresses
[580.978s][info][gc,phases      ] GC(851) Phase 2: Compute new object addresses 165.768ms
[580.978s][info][gc,phases,start] GC(851) Phase 3: Adjust pointers
[581.011s][info][gc,phases      ] GC(851) Phase 3: Adjust pointers 32.738ms
[581.011s][info][gc,phases,start] GC(851) Phase 4: Move objects
[581.026s][info][gc,phases      ] GC(851) Phase 4: Move objects 14.512ms
[581.027s][info][gc,heap        ] GC(851) DefNew: 629120K(629120K)->48911K(629120K) Eden: 559232K(559232K)->48911K(559232K) From: 69888K(69888K)->0K(69888K)
[581.027s][info][gc,heap        ] GC(851) Tenured: 1398144K(1398144K)->1392557K(1398144K)
[581.027s][info][gc,metaspace   ] GC(851) Metaspace: 120405K(124288K)->120405K(124288K) NonClass: 104189K(104832K)->104189K(104832K) Class: 16216K(19456K)->16216K(19456K)
[581.027s][info][gc             ] GC(851) Pause Full (Allocation Failure) 1979M->1407M(1979M) 268.479ms
[581.027s][info][gc,cpu         ] GC(851) User=0.27s Sys=0.00s Real=0.27s
[583.086s][info][gc,start       ] GC(852) Pause Full (Allocation Failure)
[583.086s][info][gc,phases,start] GC(852) Phase 1: Mark live objects
[583.140s][info][gc,phases      ] GC(852) Phase 1: Mark live objects 53.872ms
[583.140s][info][gc,phases,start] GC(852) Phase 2: Compute new object addresses
[583.293s][info][gc,phases      ] GC(852) Phase 2: Compute new object addresses 152.541ms
[583.293s][info][gc,phases,start] GC(852) Phase 3: Adjust pointers
[583.325s][info][gc,phases      ] GC(852) Phase 3: Adjust pointers 31.692ms
[583.325s][info][gc,phases,start] GC(852) Phase 4: Move objects
[583.342s][info][gc,phases      ] GC(852) Phase 4: Move objects 16.991ms
[583.342s][info][gc,heap        ] GC(852) DefNew: 629120K(629120K)->33321K(629120K) Eden: 559232K(559232K)->33321K(559232K) From: 69888K(69888K)->0K(69888K)
[583.342s][info][gc,heap        ] GC(852) Tenured: 1398143K(1398144K)->1396694K(1398144K)
[583.342s][info][gc,metaspace   ] GC(852) Metaspace: 120405K(124288K)->120405K(124288K) NonClass: 104189K(104832K)->104189K(104832K) Class: 16216K(19456K)->16216K(19456K)
[583.342s][info][gc             ] GC(852) Pause Full (Allocation Failure) 1979M->1396M(1979M) 256.275ms
[583.343s][info][gc,cpu         ] GC(852) User=0.27s Sys=0.00s Real=0.27s
[585.329s][info][gc,start       ] GC(853) Pause Full (Allocation Failure)
[585.329s][info][gc,phases,start] GC(853) Phase 1: Mark live objects
[585.384s][info][gc,phases      ] GC(853) Phase 1: Mark live objects 54.804ms
[585.384s][info][gc,phases,start] GC(853) Phase 2: Compute new object addresses
[585.547s][info][gc,phases      ] GC(853) Phase 2: Compute new object addresses 162.635ms
[585.547s][info][gc,phases,start] GC(853) Phase 3: Adjust pointers
[585.590s][info][gc,phases      ] GC(853) Phase 3: Adjust pointers 42.735ms
[585.590s][info][gc,phases,start] GC(853) Phase 4: Move objects
[585.665s][info][gc,phases      ] GC(853) Phase 4: Move objects 74.867ms
[585.700s][info][gc,heap        ] GC(853) DefNew: 628341K(629120K)->0K(629120K) Eden: 559232K(559232K)->0K(559232K) From: 69109K(69888K)->0K(69888K)
[585.700s][info][gc,heap        ] GC(853) Tenured: 1396694K(1398144K)->1391441K(1398144K)
[585.700s][info][gc,metaspace   ] GC(853) Metaspace: 120405K(124288K)->120405K(124288K) NonClass: 104189K(104832K)->104189K(104832K) Class: 16216K(19456K)->16216K(19456K)
[585.701s][info][gc             ] GC(853) Pause Full (Allocation Failure) 1977M->1358M(1979M) 371.225ms
[585.701s][info][gc,cpu         ] GC(853) User=0.33s Sys=0.00s Real=0.38s
[585.739s][info][gc,start       ] GC(854) Pause Young (Allocation Failure)
[585.739s][info][gc             ] GC(854) Pause Young (Allocation Failure) 1904M->1904M(1979M) 0.126ms
[585.739s][info][gc,cpu         ] GC(854) User=0.00s Sys=0.00s Real=0.00s
[585.739s][info][gc,start       ] GC(855) Pause Full (Allocation Failure)
[585.739s][info][gc,phases,start] GC(855) Phase 1: Mark live objects
[585.793s][info][gc,phases      ] GC(855) Phase 1: Mark live objects 54.404ms
[585.793s][info][gc,phases,start] GC(855) Phase 2: Compute new object addresses
[585.936s][info][gc,phases      ] GC(855) Phase 2: Compute new object addresses 142.088ms
[585.936s][info][gc,phases,start] GC(855) Phase 3: Adjust pointers
[585.976s][info][gc,phases      ] GC(855) Phase 3: Adjust pointers 40.208ms
[585.976s][info][gc,phases,start] GC(855) Phase 4: Move objects
[585.987s][info][gc,phases      ] GC(855) Phase 4: Move objects 11.344ms
[585.988s][info][gc,heap        ] GC(855) DefNew: 559232K(629120K)->42181K(629120K) Eden: 559232K(559232K)->42181K(559232K) From: 0K(69888K)->0K(69888K)
[585.988s][info][gc,heap        ] GC(855) Tenured: 1391441K(1398144K)->1396158K(1398144K)
[585.988s][info][gc,metaspace   ] GC(855) Metaspace: 120410K(124288K)->120410K(124288K) NonClass: 104194K(104832K)->104194K(104832K) Class: 16216K(19456K)->16216K(19456K)
[585.988s][info][gc             ] GC(855) Pause Full (Allocation Failure) 1904M->1404M(1979M) 249.254ms
[585.988s][info][gc,cpu         ] GC(855) User=0.25s Sys=0.00s Real=0.25s
[588.062s][info][gc,start       ] GC(856) Pause Full (Allocation Failure)
[588.062s][info][gc,phases,start] GC(856) Phase 1: Mark live objects
[588.117s][info][gc,phases      ] GC(856) Phase 1: Mark live objects 55.119ms
[588.117s][info][gc,phases,start] GC(856) Phase 2: Compute new object addresses
[588.269s][info][gc,phases      ] GC(856) Phase 2: Compute new object addresses 151.146ms
[588.269s][info][gc,phases,start] GC(856) Phase 3: Adjust pointers
[588.301s][info][gc,phases      ] GC(856) Phase 3: Adjust pointers 32.737ms
[588.301s][info][gc,phases,start] GC(856) Phase 4: Move objects
[588.315s][info][gc,phases      ] GC(856) Phase 4: Move objects 13.261ms
[588.497s][info][gc,heap        ] GC(856) DefNew: 629120K(629120K)->62771K(629120K) Eden: 559232K(559232K)->62771K(559232K) From: 69888K(69888K)->0K(69888K)
[588.497s][info][gc,heap        ] GC(856) Tenured: 1398144K(1398144K)->1398144K(1398144K)
[588.497s][info][gc,metaspace   ] GC(856) Metaspace: 120452K(124288K)->120452K(124288K) NonClass: 104236K(104832K)->104236K(104832K) Class: 16216K(19456K)->16216K(19456K)
[588.498s][info][gc             ] GC(856) Pause Full (Allocation Failure) 1979M->1426M(1979M) 435.334ms
[588.498s][info][gc,cpu         ] GC(856) User=0.25s Sys=0.00s Real=0.43s
[590.324s][info][gc,start       ] GC(857) Pause Full (Allocation Failure)
[590.324s][info][gc,phases,start] GC(857) Phase 1: Mark live objects
[590.379s][info][gc,phases      ] GC(857) Phase 1: Mark live objects 54.630ms
[590.379s][info][gc,phases,start] GC(857) Phase 2: Compute new object addresses
[590.528s][info][gc,phases      ] GC(857) Phase 2: Compute new object addresses 149.581ms
[590.528s][info][gc,phases,start] GC(857) Phase 3: Adjust pointers
[590.560s][info][gc,phases      ] GC(857) Phase 3: Adjust pointers 31.438ms
[590.560s][info][gc,phases,start] GC(857) Phase 4: Move objects
[590.572s][info][gc,phases      ] GC(857) Phase 4: Move objects 11.895ms
[590.573s][info][gc,heap        ] GC(857) DefNew: 629119K(629120K)->62463K(629120K) Eden: 559232K(559232K)->62463K(559232K) From: 69887K(69888K)->0K(69888K)
[590.573s][info][gc,heap        ] GC(857) Tenured: 1398144K(1398144K)->1398144K(1398144K)
[590.573s][info][gc,metaspace   ] GC(857) Metaspace: 120468K(124288K)->120468K(124288K) NonClass: 104252K(104832K)->104252K(104832K) Class: 16216K(19456K)->16216K(19456K)
[590.573s][info][gc             ] GC(857) Pause Full (Allocation Failure) 1979M->1426M(1979M) 248.715ms
[590.573s][info][gc,cpu         ] GC(857) User=0.25s Sys=0.00s Real=0.25s
[592.738s][info][gc,start       ] GC(858) Pause Full (Allocation Failure)
[592.738s][info][gc,phases,start] GC(858) Phase 1: Mark live objects
[592.792s][info][gc,phases      ] GC(858) Phase 1: Mark live objects 53.996ms
[592.792s][info][gc,phases,start] GC(858) Phase 2: Compute new object addresses
[592.949s][info][gc,phases      ] GC(858) Phase 2: Compute new object addresses 157.087ms
[592.949s][info][gc,phases,start] GC(858) Phase 3: Adjust pointers
[592.981s][info][gc,phases      ] GC(858) Phase 3: Adjust pointers 32.054ms
[592.981s][info][gc,phases,start] GC(858) Phase 4: Move objects
[593.070s][info][gc,phases      ] GC(858) Phase 4: Move objects 88.501ms
[593.071s][info][gc,heap        ] GC(858) DefNew: 629120K(629120K)->3842K(629120K) Eden: 559232K(559232K)->3842K(559232K) From: 69888K(69888K)->0K(69888K)
[593.071s][info][gc,heap        ] GC(858) Tenured: 1398144K(1398144K)->1395765K(1398144K)
[593.071s][info][gc,metaspace   ] GC(858) Metaspace: 120468K(124288K)->120468K(124288K) NonClass: 104252K(104832K)->104252K(104832K) Class: 16216K(19456K)->16216K(19456K)
[593.071s][info][gc             ] GC(858) Pause Full (Allocation Failure) 1979M->1366M(1979M) 332.890ms
[593.071s][info][gc,cpu         ] GC(858) User=0.33s Sys=0.00s Real=0.33s
[595.613s][info][gc,start       ] GC(859) Pause Full (Allocation Failure)
[595.613s][info][gc,phases,start] GC(859) Phase 1: Mark live objects
[595.669s][info][gc,phases      ] GC(859) Phase 1: Mark live objects 55.641ms
[595.669s][info][gc,phases,start] GC(859) Phase 2: Compute new object addresses
[595.846s][info][gc,phases      ] GC(859) Phase 2: Compute new object addresses 177.509ms
[595.846s][info][gc,phases,start] GC(859) Phase 3: Adjust pointers
[595.878s][info][gc,phases      ] GC(859) Phase 3: Adjust pointers 31.764ms
[595.878s][info][gc,phases,start] GC(859) Phase 4: Move objects
[595.878s][info][gc,phases      ] GC(859) Phase 4: Move objects 0.025ms
[595.879s][info][gc,heap        ] GC(859) DefNew: 629119K(629120K)->3792K(629120K) Eden: 559232K(559232K)->3792K(559232K) From: 69887K(69888K)->0K(69888K)
[595.879s][info][gc,heap        ] GC(859) Tenured: 1398143K(1398144K)->1398143K(1398144K)
[595.879s][info][gc,metaspace   ] GC(859) Metaspace: 120468K(124288K)->120468K(124288K) NonClass: 104252K(104832K)->104252K(104832K) Class: 16216K(19456K)->16216K(19456K)
[595.879s][info][gc             ] GC(859) Pause Full (Allocation Failure) 1979M->1369M(1979M) 266.079ms
[595.879s][info][gc,cpu         ] GC(859) User=0.27s Sys=0.00s Real=0.27s
[598.019s][info][gc,start       ] GC(860) Pause Full (Allocation Failure)
[598.019s][info][gc,phases,start] GC(860) Phase 1: Mark live objects
[598.073s][info][gc,phases      ] GC(860) Phase 1: Mark live objects 53.669ms
[598.073s][info][gc,phases,start] GC(860) Phase 2: Compute new object addresses
[598.259s][info][gc,phases      ] GC(860) Phase 2: Compute new object addresses 186.451ms
[598.259s][info][gc,phases,start] GC(860) Phase 3: Adjust pointers
[598.292s][info][gc,phases      ] GC(860) Phase 3: Adjust pointers 32.218ms
[598.292s][info][gc,phases,start] GC(860) Phase 4: Move objects
[598.292s][info][gc,phases      ] GC(860) Phase 4: Move objects 0.044ms
[598.293s][info][gc,heap        ] GC(860) DefNew: 629119K(629120K)->3871K(629120K) Eden: 559232K(559232K)->3871K(559232K) From: 69887K(69888K)->0K(69888K)
[598.293s][info][gc,heap        ] GC(860) Tenured: 1398143K(1398144K)->1398143K(1398144K)
[598.293s][info][gc,metaspace   ] GC(860) Metaspace: 120472K(124288K)->120472K(124288K) NonClass: 104256K(104832K)->104256K(104832K) Class: 16216K(19456K)->16216K(19456K)
[598.293s][info][gc             ] GC(860) Pause Full (Allocation Failure) 1979M->1369M(1979M) 273.543ms
[598.293s][info][gc,cpu         ] GC(860) User=0.28s Sys=0.00s Real=0.28s
[600.410s][info][gc,start       ] GC(861) Pause Full (Allocation Failure)
[600.410s][info][gc,phases,start] GC(861) Phase 1: Mark live objects
[600.476s][info][gc,phases      ] GC(861) Phase 1: Mark live objects 65.558ms
[600.476s][info][gc,phases,start] GC(861) Phase 2: Compute new object addresses
[600.661s][info][gc,phases      ] GC(861) Phase 2: Compute new object addresses 185.058ms
[600.661s][info][gc,phases,start] GC(861) Phase 3: Adjust pointers
[600.693s][info][gc,phases      ] GC(861) Phase 3: Adjust pointers 32.668ms
[600.693s][info][gc,phases,start] GC(861) Phase 4: Move objects
[600.693s][info][gc,phases      ] GC(861) Phase 4: Move objects 0.049ms
[600.694s][info][gc,heap        ] GC(861) DefNew: 629119K(629120K)->3870K(629120K) Eden: 559232K(559232K)->3870K(559232K) From: 69887K(69888K)->0K(69888K)
[600.694s][info][gc,heap        ] GC(861) Tenured: 1398143K(1398144K)->1398143K(1398144K)
[600.694s][info][gc,metaspace   ] GC(861) Metaspace: 120472K(124288K)->120472K(124288K) NonClass: 104256K(104832K)->104256K(104832K) Class: 16216K(19456K)->16216K(19456K)
[600.694s][info][gc             ] GC(861) Pause Full (Allocation Failure) 1979M->1369M(1979M) 284.568ms
[600.694s][info][gc,cpu         ] GC(861) User=0.28s Sys=0.00s Real=0.28s
[602.845s][info][gc,start       ] GC(862) Pause Full (Allocation Failure)
[602.845s][info][gc,phases,start] GC(862) Phase 1: Mark live objects
[602.900s][info][gc,phases      ] GC(862) Phase 1: Mark live objects 54.910ms
[602.900s][info][gc,phases,start] GC(862) Phase 2: Compute new object addresses
[603.087s][info][gc,phases      ] GC(862) Phase 2: Compute new object addresses 187.089ms
[603.087s][info][gc,phases,start] GC(862) Phase 3: Adjust pointers
[603.120s][info][gc,phases      ] GC(862) Phase 3: Adjust pointers 32.562ms
[603.120s][info][gc,phases,start] GC(862) Phase 4: Move objects
[603.208s][info][gc,phases      ] GC(862) Phase 4: Move objects 88.306ms
[603.209s][info][gc,heap        ] GC(862) DefNew: 629120K(629120K)->0K(629120K) Eden: 559232K(559232K)->0K(559232K) From: 69888K(69888K)->0K(69888K)
[603.209s][info][gc,heap        ] GC(862) Tenured: 1398143K(1398144K)->1371105K(1398144K)
[603.209s][info][gc,metaspace   ] GC(862) Metaspace: 120472K(124288K)->120472K(124288K) NonClass: 104256K(104832K)->104256K(104832K) Class: 16216K(19456K)->16216K(19456K)
[603.209s][info][gc             ] GC(862) Pause Full (Allocation Failure) 1979M->1338M(1979M) 364.112ms
[603.209s][info][gc,cpu         ] GC(862) User=0.38s Sys=0.00s Real=0.38s
[603.260s][info][gc,start       ] GC(863) Pause Young (Allocation Failure)
[603.260s][info][gc             ] GC(863) Pause Young (Allocation Failure) 1885M->1885M(1979M) 0.112ms
[603.260s][info][gc,cpu         ] GC(863) User=0.00s Sys=0.00s Real=0.00s
[603.260s][info][gc,start       ] GC(864) Pause Full (Allocation Failure)
[603.260s][info][gc,phases,start] GC(864) Phase 1: Mark live objects
[603.324s][info][gc,phases      ] GC(864) Phase 1: Mark live objects 63.721ms
[603.324s][info][gc,phases,start] GC(864) Phase 2: Compute new object addresses
[603.485s][info][gc,phases      ] GC(864) Phase 2: Compute new object addresses 160.992ms
[603.485s][info][gc,phases,start] GC(864) Phase 3: Adjust pointers
[603.522s][info][gc,phases      ] GC(864) Phase 3: Adjust pointers 36.897ms
[603.524s][info][gc,phases,start] GC(864) Phase 4: Move objects
[603.531s][info][gc,phases      ] GC(864) Phase 4: Move objects 7.093ms
[603.532s][info][gc,heap        ] GC(864) DefNew: 559232K(629120K)->0K(629120K) Eden: 559232K(559232K)->0K(559232K) From: 0K(69888K)->0K(69888K)
[603.532s][info][gc,heap        ] GC(864) Tenured: 1371105K(1398144K)->1371220K(1398144K)
[603.532s][info][gc,metaspace   ] GC(864) Metaspace: 120472K(124288K)->120472K(124288K) NonClass: 104256K(104832K)->104256K(104832K) Class: 16216K(19456K)->16216K(19456K)
[603.532s][info][gc             ] GC(864) Pause Full (Allocation Failure) 1885M->1339M(1979M) 272.331ms
[603.533s][info][gc,cpu         ] GC(864) User=0.27s Sys=0.00s Real=0.27s
[603.610s][info][gc,start       ] GC(865) Pause Young (Allocation Failure)
[603.611s][info][gc             ] GC(865) Pause Young (Allocation Failure) 1885M->1885M(1979M) 0.170ms
[603.611s][info][gc,cpu         ] GC(865) User=0.00s Sys=0.00s Real=0.00s
[603.611s][info][gc,start       ] GC(866) Pause Full (Allocation Failure)
[603.611s][info][gc,phases,start] GC(866) Phase 1: Mark live objects
[603.672s][info][gc,phases      ] GC(866) Phase 1: Mark live objects 60.847ms
[603.672s][info][gc,phases,start] GC(866) Phase 2: Compute new object addresses
[603.825s][info][gc,phases      ] GC(866) Phase 2: Compute new object addresses 152.888ms
[603.825s][info][gc,phases,start] GC(866) Phase 3: Adjust pointers
[603.855s][info][gc,phases      ] GC(866) Phase 3: Adjust pointers 30.277ms
[603.855s][info][gc,phases,start] GC(866) Phase 4: Move objects
[603.882s][info][gc,phases      ] GC(866) Phase 4: Move objects 26.962ms
[603.883s][info][gc,heap        ] GC(866) DefNew: 559232K(629120K)->0K(629120K) Eden: 559232K(559232K)->0K(559232K) From: 0K(69888K)->0K(69888K)
[603.883s][info][gc,heap        ] GC(866) Tenured: 1371220K(1398144K)->1185053K(1398144K)
[603.883s][info][gc,metaspace   ] GC(866) Metaspace: 120474K(124352K)->120474K(124352K) NonClass: 104258K(104896K)->104258K(104896K) Class: 16216K(19456K)->16216K(19456K)
[603.883s][info][gc             ] GC(866) Pause Full (Allocation Failure) 1885M->1157M(1979M) 272.069ms
[603.883s][info][gc,cpu         ] GC(866) User=0.28s Sys=0.00s Real=0.28s
[604.382s][info][gc,start       ] GC(867) Pause Full (System.gc())
[604.383s][info][gc,phases,start] GC(867) Phase 1: Mark live objects
[604.445s][info][gc,phases      ] GC(867) Phase 1: Mark live objects 62.626ms
[604.445s][info][gc,phases,start] GC(867) Phase 2: Compute new object addresses
[604.528s][info][gc,phases      ] GC(867) Phase 2: Compute new object addresses 83.168ms
[604.528s][info][gc,phases,start] GC(867) Phase 3: Adjust pointers
[604.572s][info][gc,phases      ] GC(867) Phase 3: Adjust pointers 43.605ms
[604.572s][info][gc,phases,start] GC(867) Phase 4: Move objects
[604.572s][info][gc,phases      ] GC(867) Phase 4: Move objects 0.106ms
[604.573s][info][gc,heap        ] GC(867) DefNew: 291591K(629120K)->0K(629120K) Eden: 291591K(559232K)->0K(559232K) From: 0K(69888K)->0K(69888K)
[604.573s][info][gc,heap        ] GC(867) Tenured: 1185053K(1398144K)->1039160K(1398144K)
[604.573s][info][gc,metaspace   ] GC(867) Metaspace: 120494K(124352K)->120494K(124352K) NonClass: 104278K(104896K)->104278K(104896K) Class: 16216K(19456K)->16216K(19456K)
[604.573s][info][gc             ] GC(867) Pause Full (System.gc()) 1442M->1014M(1979M) 190.674ms
[604.573s][info][gc,cpu         ] GC(867) User=0.20s Sys=0.00s Real=0.20s
[604.697s][info][gc,start       ] GC(868) Pause Young (Allocation Failure)
[604.712s][info][gc,heap        ] GC(868) DefNew: 559232K(629120K)->12651K(629120K) Eden: 559232K(559232K)->0K(559232K) From: 0K(69888K)->12651K(69888K)
[604.712s][info][gc,heap        ] GC(868) Tenured: 1039160K(1398144K)->1039160K(1398144K)
[604.712s][info][gc,metaspace   ] GC(868) Metaspace: 120615K(124480K)->120615K(124480K) NonClass: 104399K(105024K)->104399K(105024K) Class: 16216K(19456K)->16216K(19456K)
[604.712s][info][gc             ] GC(868) Pause Young (Allocation Failure) 1560M->1027M(1979M) 14.419ms
[604.712s][info][gc,cpu         ] GC(868) User=0.02s Sys=0.00s Real=0.02s
[604.750s][info][gc,start       ] GC(869) Pause Young (Allocation Failure)
[604.761s][info][gc,heap        ] GC(869) DefNew: 571883K(629120K)->18404K(629120K) Eden: 559232K(559232K)->0K(559232K) From: 12651K(69888K)->18404K(69888K)
[604.761s][info][gc,heap        ] GC(869) Tenured: 1039160K(1398144K)->1039160K(1398144K)
[604.761s][info][gc,metaspace   ] GC(869) Metaspace: 120615K(124480K)->120615K(124480K) NonClass: 104399K(105024K)->104399K(105024K) Class: 16216K(19456K)->16216K(19456K)
[604.761s][info][gc             ] GC(869) Pause Young (Allocation Failure) 1573M->1032M(1979M) 11.354ms
[604.761s][info][gc,cpu         ] GC(869) User=0.00s Sys=0.00s Real=0.00s
[604.799s][info][gc,start       ] GC(870) Pause Young (Allocation Failure)
[604.812s][info][gc,heap        ] GC(870) DefNew: 577636K(629120K)->26249K(629120K) Eden: 559232K(559232K)->0K(559232K) From: 18404K(69888K)->26249K(69888K)
[604.812s][info][gc,heap        ] GC(870) Tenured: 1039160K(1398144K)->1039160K(1398144K)
[604.812s][info][gc,metaspace   ] GC(870) Metaspace: 120615K(124480K)->120615K(124480K) NonClass: 104399K(105024K)->104399K(105024K) Class: 16216K(19456K)->16216K(19456K)
[604.812s][info][gc             ] GC(870) Pause Young (Allocation Failure) 1578M->1040M(1979M) 12.954ms
[604.812s][info][gc,cpu         ] GC(870) User=0.02s Sys=0.00s Real=0.02s
[604.850s][info][gc,start       ] GC(871) Pause Young (Allocation Failure)
[604.863s][info][gc,heap        ] GC(871) DefNew: 585481K(629120K)->30959K(629120K) Eden: 559232K(559232K)->0K(559232K) From: 26249K(69888K)->30959K(69888K)
[604.863s][info][gc,heap        ] GC(871) Tenured: 1039160K(1398144K)->1039160K(1398144K)
[604.863s][info][gc,metaspace   ] GC(871) Metaspace: 120615K(124480K)->120615K(124480K) NonClass: 104399K(105024K)->104399K(105024K) Class: 16216K(19456K)->16216K(19456K)
[604.864s][info][gc             ] GC(871) Pause Young (Allocation Failure) 1586M->1045M(1979M) 13.836ms
[604.864s][info][gc,cpu         ] GC(871) User=0.02s Sys=0.00s Real=0.01s
[604.902s][info][gc,start       ] GC(872) Pause Young (Allocation Failure)
[604.917s][info][gc,heap        ] GC(872) DefNew: 590191K(629120K)->37968K(629120K) Eden: 559232K(559232K)->0K(559232K) From: 30959K(69888K)->37968K(69888K)
[604.917s][info][gc,heap        ] GC(872) Tenured: 1039160K(1398144K)->1039160K(1398144K)
[604.917s][info][gc,metaspace   ] GC(872) Metaspace: 120615K(124480K)->120615K(124480K) NonClass: 104399K(105024K)->104399K(105024K) Class: 16216K(19456K)->16216K(19456K)
[604.917s][info][gc             ] GC(872) Pause Young (Allocation Failure) 1591M->1051M(1979M) 15.795ms
[604.918s][info][gc,cpu         ] GC(872) User=0.05s Sys=0.00s Real=0.02s
[604.956s][info][gc,start       ] GC(873) Pause Young (Allocation Failure)
[604.975s][info][gc,heap        ] GC(873) DefNew: 597200K(629120K)->41562K(629120K) Eden: 559232K(559232K)->0K(559232K) From: 37968K(69888K)->41562K(69888K)
[604.975s][info][gc,heap        ] GC(873) Tenured: 1039160K(1398144K)->1048051K(1398144K)
[604.975s][info][gc,metaspace   ] GC(873) Metaspace: 120615K(124480K)->120615K(124480K) NonClass: 104399K(105024K)->104399K(105024K) Class: 16216K(19456K)->16216K(19456K)
[604.975s][info][gc             ] GC(873) Pause Young (Allocation Failure) 1598M->1064M(1979M) 19.644ms
[604.975s][info][gc,cpu         ] GC(873) User=0.02s Sys=0.00s Real=0.02s
[605.014s][info][gc,start       ] GC(874) Pause Young (Allocation Failure)
[605.044s][info][gc,heap        ] GC(874) DefNew: 600794K(629120K)->48704K(629120K) Eden: 559232K(559232K)->0K(559232K) From: 41562K(69888K)->48704K(69888K)
[605.049s][info][gc,heap        ] GC(874) Tenured: 1048051K(1398144K)->1050290K(1398144K)
[605.049s][info][gc,metaspace   ] GC(874) Metaspace: 120615K(124480K)->120615K(124480K) NonClass: 104399K(105024K)->104399K(105024K) Class: 16216K(19456K)->16216K(19456K)
[605.049s][info][gc             ] GC(874) Pause Young (Allocation Failure) 1610M->1073M(1979M) 34.665ms
[605.049s][info][gc,cpu         ] GC(874) User=0.02s Sys=0.00s Real=0.03s
[605.087s][info][gc,start       ] GC(875) Pause Young (Allocation Failure)
[605.100s][info][gc,heap        ] GC(875) DefNew: 607936K(629120K)->19009K(629120K) Eden: 559232K(559232K)->0K(559232K) From: 48704K(69888K)->19009K(69888K)
[605.100s][info][gc,heap        ] GC(875) Tenured: 1050290K(1398144K)->1078422K(1398144K)
[605.100s][info][gc,metaspace   ] GC(875) Metaspace: 120615K(124480K)->120615K(124480K) NonClass: 104399K(105024K)->104399K(105024K) Class: 16216K(19456K)->16216K(19456K)
[605.100s][info][gc             ] GC(875) Pause Young (Allocation Failure) 1619M->1071M(1979M) 13.485ms
[605.100s][info][gc,cpu         ] GC(875) User=0.02s Sys=0.00s Real=0.02s
[605.138s][info][gc,start       ] GC(876) Pause Young (Allocation Failure)
[605.146s][info][gc,heap        ] GC(876) DefNew: 578241K(629120K)->25290K(629120K) Eden: 559232K(559232K)->0K(559232K) From: 19009K(69888K)->25290K(69888K)
[605.146s][info][gc,heap        ] GC(876) Tenured: 1078422K(1398144K)->1078422K(1398144K)
[605.146s][info][gc,metaspace   ] GC(876) Metaspace: 120615K(124480K)->120615K(124480K) NonClass: 104399K(105024K)->104399K(105024K) Class: 16216K(19456K)->16216K(19456K)
[605.146s][info][gc             ] GC(876) Pause Young (Allocation Failure) 1617M->1077M(1979M) 8.496ms
[605.146s][info][gc,cpu         ] GC(876) User=0.00s Sys=0.00s Real=0.01s
[605.185s][info][gc,start       ] GC(877) Pause Young (Allocation Failure)
[605.197s][info][gc,heap        ] GC(877) DefNew: 584522K(629120K)->37779K(629120K) Eden: 559232K(559232K)->0K(559232K) From: 25290K(69888K)->37779K(69888K)
[605.197s][info][gc,heap        ] GC(877) Tenured: 1078422K(1398144K)->1078422K(1398144K)
[605.197s][info][gc,metaspace   ] GC(877) Metaspace: 120615K(124480K)->120615K(124480K) NonClass: 104399K(105024K)->104399K(105024K) Class: 16216K(19456K)->16216K(19456K)
[605.197s][info][gc             ] GC(877) Pause Young (Allocation Failure) 1623M->1090M(1979M) 11.913ms
[605.197s][info][gc,cpu         ] GC(877) User=0.02s Sys=0.00s Real=0.02s
[605.237s][info][gc,start       ] GC(878) Pause Young (Allocation Failure)
[605.259s][info][gc,heap        ] GC(878) DefNew: 597011K(629120K)->65888K(629120K) Eden: 559232K(559232K)->0K(559232K) From: 37779K(69888K)->65888K(69888K)
[605.260s][info][gc,heap        ] GC(878) Tenured: 1078422K(1398144K)->1094048K(1398144K)
[605.260s][info][gc,metaspace   ] GC(878) Metaspace: 120615K(124480K)->120615K(124480K) NonClass: 104399K(105024K)->104399K(105024K) Class: 16216K(19456K)->16216K(19456K)
[605.260s][info][gc             ] GC(878) Pause Young (Allocation Failure) 1636M->1132M(1979M) 22.125ms
[605.260s][info][gc,cpu         ] GC(878) User=0.02s Sys=0.00s Real=0.02s
[605.298s][info][gc,start       ] GC(879) Pause Young (Allocation Failure)
[605.321s][info][gc,heap        ] GC(879) DefNew: 625120K(629120K)->25220K(629120K) Eden: 559232K(559232K)->0K(559232K) From: 65888K(69888K)->25220K(69888K)
[605.321s][info][gc,heap        ] GC(879) Tenured: 1094048K(1398144K)->1159683K(1398144K)
[605.321s][info][gc,metaspace   ] GC(879) Metaspace: 120615K(124480K)->120615K(124480K) NonClass: 104399K(105024K)->104399K(105024K) Class: 16216K(19456K)->16216K(19456K)
[605.321s][info][gc             ] GC(879) Pause Young (Allocation Failure) 1678M->1157M(1979M) 23.120ms
[605.321s][info][gc,cpu         ] GC(879) User=0.03s Sys=0.00s Real=0.03s
[605.361s][info][gc,start       ] GC(880) Pause Young (Allocation Failure)
[605.374s][info][gc,heap        ] GC(880) DefNew: 584452K(629120K)->48231K(629120K) Eden: 559232K(559232K)->0K(559232K) From: 25220K(69888K)->48231K(69888K)
[605.374s][info][gc,heap        ] GC(880) Tenured: 1159683K(1398144K)->1159683K(1398144K)
[605.374s][info][gc,metaspace   ] GC(880) Metaspace: 120615K(124480K)->120615K(124480K) NonClass: 104399K(105024K)->104399K(105024K) Class: 16216K(19456K)->16216K(19456K)
[605.374s][info][gc             ] GC(880) Pause Young (Allocation Failure) 1703M->1179M(1979M) 13.727ms
[605.374s][info][gc,cpu         ] GC(880) User=0.00s Sys=0.00s Real=0.00s
[605.414s][info][gc,start       ] GC(881) Pause Young (Allocation Failure)
[605.436s][info][gc,heap        ] GC(881) DefNew: 607463K(629120K)->56497K(629120K) Eden: 559232K(559232K)->0K(559232K) From: 48231K(69888K)->56497K(69888K)
[605.436s][info][gc,heap        ] GC(881) Tenured: 1159683K(1398144K)->1184686K(1398144K)
[605.436s][info][gc,metaspace   ] GC(881) Metaspace: 120615K(124480K)->120615K(124480K) NonClass: 104399K(105024K)->104399K(105024K) Class: 16216K(19456K)->16216K(19456K)
[605.436s][info][gc             ] GC(881) Pause Young (Allocation Failure) 1725M->1212M(1979M) 21.441ms
[605.436s][info][gc,cpu         ] GC(881) User=0.02s Sys=0.00s Real=0.02s
[605.476s][info][gc,start       ] GC(882) Pause Young (Allocation Failure)
[605.502s][info][gc,heap        ] GC(882) DefNew: 615729K(629120K)->69628K(629120K) Eden: 559232K(559232K)->0K(559232K) From: 56497K(69888K)->69628K(69888K)
[605.502s][info][gc,heap        ] GC(882) Tenured: 1184686K(1398144K)->1216386K(1398144K)
[605.502s][info][gc,metaspace   ] GC(882) Metaspace: 120615K(124480K)->120615K(124480K) NonClass: 104399K(105024K)->104399K(105024K) Class: 16216K(19456K)->16216K(19456K)
[605.502s][info][gc             ] GC(882) Pause Young (Allocation Failure) 1758M->1255M(1979M) 26.502ms
[605.502s][info][gc,cpu         ] GC(882) User=0.03s Sys=0.00s Real=0.03s
[605.542s][info][gc,start       ] GC(883) Pause Young (Allocation Failure)
[605.569s][info][gc,heap        ] GC(883) DefNew: 628860K(629120K)->36439K(629120K) Eden: 559232K(559232K)->0K(559232K) From: 69628K(69888K)->36439K(69888K)
[605.569s][info][gc,heap        ] GC(883) Tenured: 1216386K(1398144K)->1284233K(1398144K)
[605.569s][info][gc,metaspace   ] GC(883) Metaspace: 120615K(124480K)->120615K(124480K) NonClass: 104399K(105024K)->104399K(105024K) Class: 16216K(19456K)->16216K(19456K)
[605.569s][info][gc             ] GC(883) Pause Young (Allocation Failure) 1801M->1289M(1979M) 26.732ms
[605.569s][info][gc,cpu         ] GC(883) User=0.02s Sys=0.00s Real=0.02s
[605.607s][info][gc,start       ] GC(884) Pause Young (Allocation Failure)
[605.622s][info][gc,heap        ] GC(884) DefNew: 595671K(629120K)->20748K(629120K) Eden: 559232K(559232K)->0K(559232K) From: 36439K(69888K)->20748K(69888K)
[605.623s][info][gc,heap        ] GC(884) Tenured: 1284233K(1398144K)->1316306K(1398144K)
[605.623s][info][gc,metaspace   ] GC(884) Metaspace: 120615K(124480K)->120615K(124480K) NonClass: 104399K(105024K)->104399K(105024K) Class: 16216K(19456K)->16216K(19456K)
[605.623s][info][gc             ] GC(884) Pause Young (Allocation Failure) 1835M->1305M(1979M) 15.294ms
[605.623s][info][gc,cpu         ] GC(884) User=0.02s Sys=0.00s Real=0.02s
[605.661s][info][gc,start       ] GC(885) Pause Young (Allocation Failure)
[605.661s][info][gc             ] GC(885) Pause Young (Allocation Failure) 1851M->1851M(1979M) 0.125ms
[605.661s][info][gc,cpu         ] GC(885) User=0.00s Sys=0.00s Real=0.00s
[605.661s][info][gc,start       ] GC(886) Pause Full (Allocation Failure)
[605.661s][info][gc,phases,start] GC(886) Phase 1: Mark live objects
[605.718s][info][gc,phases      ] GC(886) Phase 1: Mark live objects 57.434ms
[605.718s][info][gc,phases,start] GC(886) Phase 2: Compute new object addresses
[605.873s][info][gc,phases      ] GC(886) Phase 2: Compute new object addresses 154.899ms
[605.873s][info][gc,phases,start] GC(886) Phase 3: Adjust pointers
[605.907s][info][gc,phases      ] GC(886) Phase 3: Adjust pointers 33.660ms
[605.907s][info][gc,phases,start] GC(886) Phase 4: Move objects
[606.088s][info][gc,phases      ] GC(886) Phase 4: Move objects 181.158ms
[606.089s][info][gc,heap        ] GC(886) DefNew: 579980K(629120K)->0K(629120K) Eden: 559232K(559232K)->0K(559232K) From: 20748K(69888K)->0K(69888K)
[606.089s][info][gc,heap        ] GC(886) Tenured: 1316306K(1398144K)->1069314K(1398144K)
[606.089s][info][gc,metaspace   ] GC(886) Metaspace: 120615K(124480K)->120615K(124480K) NonClass: 104399K(105024K)->104399K(105024K) Class: 16216K(19456K)->16216K(19456K)
[606.089s][info][gc             ] GC(886) Pause Full (Allocation Failure) 1851M->1044M(1979M) 428.413ms
[606.089s][info][gc,cpu         ] GC(886) User=0.44s Sys=0.00s Real=0.44s
[606.127s][info][gc,start       ] GC(887) Pause Young (Allocation Failure)
[606.133s][info][gc,heap        ] GC(887) DefNew: 559232K(629120K)->11240K(629120K) Eden: 559232K(559232K)->0K(559232K) From: 0K(69888K)->11240K(69888K)
[606.133s][info][gc,heap        ] GC(887) Tenured: 1069314K(1398144K)->1069314K(1398144K)
[606.133s][info][gc,metaspace   ] GC(887) Metaspace: 120615K(124480K)->120615K(124480K) NonClass: 104399K(105024K)->104399K(105024K) Class: 16216K(19456K)->16216K(19456K)
[606.133s][info][gc             ] GC(887) Pause Young (Allocation Failure) 1590M->1055M(1979M) 5.710ms
[606.133s][info][gc,cpu         ] GC(887) User=0.00s Sys=0.00s Real=0.00s
[606.171s][info][gc,start       ] GC(888) Pause Young (Allocation Failure)
[606.181s][info][gc,heap        ] GC(888) DefNew: 570472K(629120K)->31602K(629120K) Eden: 559232K(559232K)->0K(559232K) From: 11240K(69888K)->31602K(69888K)
[606.181s][info][gc,heap        ] GC(888) Tenured: 1069314K(1398144K)->1069314K(1398144K)
[606.181s][info][gc,metaspace   ] GC(888) Metaspace: 120615K(124480K)->120615K(124480K) NonClass: 104399K(105024K)->104399K(105024K) Class: 16216K(19456K)->16216K(19456K)
[606.181s][info][gc             ] GC(888) Pause Young (Allocation Failure) 1601M->1075M(1979M) 10.280ms
[606.181s][info][gc,cpu         ] GC(888) User=0.00s Sys=0.00s Real=0.00s
[606.219s][info][gc,start       ] GC(889) Pause Young (Allocation Failure)
[606.231s][info][gc,heap        ] GC(889) DefNew: 590834K(629120K)->42480K(629120K) Eden: 559232K(559232K)->0K(559232K) From: 31602K(69888K)->42480K(69888K)
[606.232s][info][gc,heap        ] GC(889) Tenured: 1069314K(1398144K)->1069314K(1398144K)
[606.232s][info][gc,metaspace   ] GC(889) Metaspace: 120615K(124480K)->120615K(124480K) NonClass: 104399K(105024K)->104399K(105024K) Class: 16216K(19456K)->16216K(19456K)
[606.232s][info][gc             ] GC(889) Pause Young (Allocation Failure) 1621M->1085M(1979M) 12.504ms
[606.232s][info][gc,cpu         ] GC(889) User=0.02s Sys=0.00s Real=0.01s
[606.269s][info][gc,start       ] GC(890) Pause Young (Allocation Failure)
[606.282s][info][gc,heap        ] GC(890) DefNew: 601712K(629120K)->33077K(629120K) Eden: 559232K(559232K)->0K(559232K) From: 42480K(69888K)->33077K(69888K)
[606.282s][info][gc,heap        ] GC(890) Tenured: 1069314K(1398144K)->1078737K(1398144K)
[606.282s][info][gc,metaspace   ] GC(890) Metaspace: 120615K(124480K)->120615K(124480K) NonClass: 104399K(105024K)->104399K(105024K) Class: 16216K(19456K)->16216K(19456K)
[606.282s][info][gc             ] GC(890) Pause Young (Allocation Failure) 1631M->1085M(1979M) 12.558ms
[606.282s][info][gc,cpu         ] GC(890) User=0.02s Sys=0.00s Real=0.02s
[606.320s][info][gc,start       ] GC(891) Pause Young (Allocation Failure)
[606.332s][info][gc,heap        ] GC(891) DefNew: 592309K(629120K)->40910K(629120K) Eden: 559232K(559232K)->0K(559232K) From: 33077K(69888K)->40910K(69888K)
[606.332s][info][gc,heap        ] GC(891) Tenured: 1078737K(1398144K)->1078737K(1398144K)
[606.332s][info][gc,metaspace   ] GC(891) Metaspace: 120615K(124480K)->120615K(124480K) NonClass: 104399K(105024K)->104399K(105024K) Class: 16216K(19456K)->16216K(19456K)
[606.332s][info][gc             ] GC(891) Pause Young (Allocation Failure) 1631M->1093M(1979M) 12.405ms
[606.332s][info][gc,cpu         ] GC(891) User=0.02s Sys=0.00s Real=0.02s
[606.372s][info][gc,start       ] GC(892) Pause Young (Allocation Failure)
[606.390s][info][gc,heap        ] GC(892) DefNew: 600142K(629120K)->47200K(629120K) Eden: 559232K(559232K)->0K(559232K) From: 40910K(69888K)->47200K(69888K)
[606.390s][info][gc,heap        ] GC(892) Tenured: 1078737K(1398144K)->1097489K(1398144K)
[606.390s][info][gc,metaspace   ] GC(892) Metaspace: 120615K(124480K)->120615K(124480K) NonClass: 104399K(105024K)->104399K(105024K) Class: 16216K(19456K)->16216K(19456K)
[606.390s][info][gc             ] GC(892) Pause Young (Allocation Failure) 1639M->1117M(1979M) 18.194ms
[606.390s][info][gc,cpu         ] GC(892) User=0.03s Sys=0.00s Real=0.03s
[606.436s][info][gc,start       ] GC(893) Pause Young (Allocation Failure)
[606.457s][info][gc,heap        ] GC(893) DefNew: 606432K(629120K)->66044K(629120K) Eden: 559232K(559232K)->0K(559232K) From: 47200K(69888K)->66044K(69888K)
[606.457s][info][gc,heap        ] GC(893) Tenured: 1097489K(1398144K)->1109990K(1398144K)
[606.457s][info][gc,metaspace   ] GC(893) Metaspace: 120615K(124480K)->120615K(124480K) NonClass: 104399K(105024K)->104399K(105024K) Class: 16216K(19456K)->16216K(19456K)
[606.457s][info][gc             ] GC(893) Pause Young (Allocation Failure) 1663M->1148M(1979M) 21.176ms
[606.457s][info][gc,cpu         ] GC(893) User=0.02s Sys=0.00s Real=0.01s
[606.496s][info][gc,start       ] GC(894) Pause Young (Allocation Failure)
[606.519s][info][gc,heap        ] GC(894) DefNew: 625276K(629120K)->54437K(629120K) Eden: 559232K(559232K)->0K(559232K) From: 66044K(69888K)->54437K(69888K)
[606.519s][info][gc,heap        ] GC(894) Tenured: 1109990K(1398144K)->1144447K(1398144K)
[606.519s][info][gc,metaspace   ] GC(894) Metaspace: 120615K(124480K)->120615K(124480K) NonClass: 104399K(105024K)->104399K(105024K) Class: 16216K(19456K)->16216K(19456K)
[606.519s][info][gc             ] GC(894) Pause Young (Allocation Failure) 1694M->1170M(1979M) 23.096ms
[606.519s][info][gc,cpu         ] GC(894) User=0.03s Sys=0.00s Real=0.03s
[606.560s][info][gc,start       ] GC(895) Pause Young (Allocation Failure)
[606.584s][info][gc,heap        ] GC(895) DefNew: 613669K(629120K)->56379K(629120K) Eden: 559232K(559232K)->0K(559232K) From: 54437K(69888K)->56379K(69888K)
[606.584s][info][gc,heap        ] GC(895) Tenured: 1144447K(1398144K)->1175766K(1398144K)
[606.584s][info][gc,metaspace   ] GC(895) Metaspace: 120615K(124480K)->120615K(124480K) NonClass: 104399K(105024K)->104399K(105024K) Class: 16216K(19456K)->16216K(19456K)
[606.584s][info][gc             ] GC(895) Pause Young (Allocation Failure) 1716M->1203M(1979M) 23.215ms
[606.584s][info][gc,cpu         ] GC(895) User=0.02s Sys=0.00s Real=0.02s
[606.624s][info][gc,start       ] GC(896) Pause Young (Allocation Failure)
[606.650s][info][gc,heap        ] GC(896) DefNew: 615611K(629120K)->67931K(629120K) Eden: 559232K(559232K)->0K(559232K) From: 56379K(69888K)->67931K(69888K)
[606.650s][info][gc,heap        ] GC(896) Tenured: 1175766K(1398144K)->1206792K(1398144K)
[606.650s][info][gc,metaspace   ] GC(896) Metaspace: 120615K(124480K)->120615K(124480K) NonClass: 104399K(105024K)->104399K(105024K) Class: 16216K(19456K)->16216K(19456K)
[606.650s][info][gc             ] GC(896) Pause Young (Allocation Failure) 1749M->1244M(1979M) 26.479ms
[606.650s][info][gc,cpu         ] GC(896) User=0.03s Sys=0.00s Real=0.03s
[606.691s][info][gc,start       ] GC(897) Pause Young (Allocation Failure)
[606.719s][info][gc,heap        ] GC(897) DefNew: 627163K(629120K)->39466K(629120K) Eden: 559232K(559232K)->0K(559232K) From: 67931K(69888K)->39466K(69888K)
[606.719s][info][gc,heap        ] GC(897) Tenured: 1206792K(1398144K)->1273059K(1398144K)
[606.719s][info][gc,metaspace   ] GC(897) Metaspace: 120615K(124480K)->120615K(124480K) NonClass: 104399K(105024K)->104399K(105024K) Class: 16216K(19456K)->16216K(19456K)
[606.719s][info][gc             ] GC(897) Pause Young (Allocation Failure) 1790M->1281M(1979M) 28.428ms
[606.719s][info][gc,cpu         ] GC(897) User=0.03s Sys=0.00s Real=0.03s
[606.763s][info][gc,start       ] GC(898) Pause Young (Allocation Failure)
[606.784s][info][gc,heap        ] GC(898) DefNew: 598698K(629120K)->41692K(629120K) Eden: 559232K(559232K)->0K(559232K) From: 39466K(69888K)->41692K(69888K)
[606.784s][info][gc,heap        ] GC(898) Tenured: 1273059K(1398144K)->1306455K(1398144K)
[606.784s][info][gc,metaspace   ] GC(898) Metaspace: 120615K(124480K)->120615K(124480K) NonClass: 104399K(105024K)->104399K(105024K) Class: 16216K(19456K)->16216K(19456K)
[606.784s][info][gc             ] GC(898) Pause Young (Allocation Failure) 1827M->1316M(1979M) 21.854ms
[606.784s][info][gc,cpu         ] GC(898) User=0.02s Sys=0.00s Real=0.02s
[606.822s][info][gc,start       ] GC(899) Pause Young (Allocation Failure)
[606.843s][info][gc,heap        ] GC(899) DefNew: 600924K(629120K)->39812K(629120K) Eden: 559232K(559232K)->0K(559232K) From: 41692K(69888K)->39812K(69888K)
[606.843s][info][gc,heap        ] GC(899) Tenured: 1306455K(1398144K)->1333528K(1398144K)
[606.843s][info][gc,metaspace   ] GC(899) Metaspace: 120615K(124480K)->120615K(124480K) NonClass: 104399K(105024K)->104399K(105024K) Class: 16216K(19456K)->16216K(19456K)
[606.843s][info][gc             ] GC(899) Pause Young (Allocation Failure) 1862M->1341M(1979M) 20.847ms
[606.843s][info][gc,cpu         ] GC(899) User=0.02s Sys=0.00s Real=0.02s
[606.883s][info][gc,start       ] GC(900) Pause Young (Allocation Failure)
[606.884s][info][gc             ] GC(900) Pause Young (Allocation Failure) 1887M->1887M(1979M) 0.119ms
[606.884s][info][gc,cpu         ] GC(900) User=0.00s Sys=0.00s Real=0.00s
[606.884s][info][gc,start       ] GC(901) Pause Full (Allocation Failure)
[606.884s][info][gc,phases,start] GC(901) Phase 1: Mark live objects
[606.943s][info][gc,phases      ] GC(901) Phase 1: Mark live objects 59.517ms
[606.943s][info][gc,phases,start] GC(901) Phase 2: Compute new object addresses
[607.099s][info][gc,phases      ] GC(901) Phase 2: Compute new object addresses 155.400ms
[607.099s][info][gc,phases,start] GC(901) Phase 3: Adjust pointers
[607.133s][info][gc,phases      ] GC(901) Phase 3: Adjust pointers 34.247ms
[607.133s][info][gc,phases,start] GC(901) Phase 4: Move objects
[607.160s][info][gc,phases      ] GC(901) Phase 4: Move objects 27.540ms
[607.161s][info][gc,heap        ] GC(901) DefNew: 599044K(629120K)->0K(629120K) Eden: 559232K(559232K)->0K(559232K) From: 39812K(69888K)->0K(69888K)
[607.161s][info][gc,heap        ] GC(901) Tenured: 1333528K(1398144K)->1218213K(1398144K)
[607.161s][info][gc,metaspace   ] GC(901) Metaspace: 120615K(124480K)->120615K(124480K) NonClass: 104399K(105024K)->104399K(105024K) Class: 16216K(19456K)->16216K(19456K)
[607.161s][info][gc             ] GC(901) Pause Full (Allocation Failure) 1887M->1189M(1979M) 277.840ms
[607.161s][info][gc,cpu         ] GC(901) User=0.27s Sys=0.00s Real=0.28s
[607.205s][info][gc,start       ] GC(902) Pause Young (Allocation Failure)
[607.226s][info][gc,heap        ] GC(902) DefNew: 559232K(629120K)->64968K(629120K) Eden: 559232K(559232K)->0K(559232K) From: 0K(69888K)->64968K(69888K)
[607.226s][info][gc,heap        ] GC(902) Tenured: 1218213K(1398144K)->1230713K(1398144K)
[607.226s][info][gc,metaspace   ] GC(902) Metaspace: 120615K(124480K)->120615K(124480K) NonClass: 104399K(105024K)->104399K(105024K) Class: 16216K(19456K)->16216K(19456K)
[607.226s][info][gc             ] GC(902) Pause Young (Allocation Failure) 1735M->1265M(1979M) 21.372ms
[607.226s][info][gc,cpu         ] GC(902) User=0.03s Sys=0.00s Real=0.03s
[607.262s][info][gc,start       ] GC(903) Pause Young (Allocation Failure)
[607.291s][info][gc,heap        ] GC(903) DefNew: 622204K(629120K)->69856K(629120K) Eden: 557236K(559232K)->0K(559232K) From: 64968K(69888K)->69856K(69888K)
[607.291s][info][gc,heap        ] GC(903) Tenured: 1230713K(1398144K)->1278415K(1398144K)
[607.291s][info][gc,metaspace   ] GC(903) Metaspace: 120615K(124480K)->120615K(124480K) NonClass: 104399K(105024K)->104399K(105024K) Class: 16216K(19456K)->16216K(19456K)
[607.292s][info][gc             ] GC(903) Pause Young (Allocation Failure) 1809M->1316M(1979M) 29.318ms
[607.292s][info][gc,cpu         ] GC(903) User=0.03s Sys=0.00s Real=0.03s
[607.329s][info][gc,start       ] GC(904) Pause Young (Allocation Failure)
[607.359s][info][gc,heap        ] GC(904) DefNew: 629088K(629120K)->63467K(629120K) Eden: 559232K(559232K)->0K(559232K) From: 69856K(69888K)->63467K(69888K)
[607.359s][info][gc,heap        ] GC(904) Tenured: 1278415K(1398144K)->1332500K(1398144K)
[607.359s][info][gc,metaspace   ] GC(904) Metaspace: 120615K(124480K)->120615K(124480K) NonClass: 104399K(105024K)->104399K(105024K) Class: 16216K(19456K)->16216K(19456K)
[607.359s][info][gc             ] GC(904) Pause Young (Allocation Failure) 1862M->1363M(1979M) 29.518ms
[607.359s][info][gc,cpu         ] GC(904) User=0.03s Sys=0.00s Real=0.03s
[607.399s][info][gc,start       ] GC(905) Pause Young (Allocation Failure)
[607.399s][info][gc             ] GC(905) Pause Young (Allocation Failure) 1905M->1905M(1979M) 0.125ms
[607.399s][info][gc,cpu         ] GC(905) User=0.00s Sys=0.00s Real=0.00s
[607.399s][info][gc,start       ] GC(906) Pause Full (Allocation Failure)
[607.399s][info][gc,phases,start] GC(906) Phase 1: Mark live objects
[607.454s][info][gc,phases      ] GC(906) Phase 1: Mark live objects 55.152ms
[607.454s][info][gc,phases,start] GC(906) Phase 2: Compute new object addresses
[607.601s][info][gc,phases      ] GC(906) Phase 2: Compute new object addresses 147.276ms
[607.602s][info][gc,phases,start] GC(906) Phase 3: Adjust pointers
[607.634s][info][gc,phases      ] GC(906) Phase 3: Adjust pointers 32.283ms
[607.634s][info][gc,phases,start] GC(906) Phase 4: Move objects
[607.658s][info][gc,phases      ] GC(906) Phase 4: Move objects 23.974ms
[607.659s][info][gc,heap        ] GC(906) DefNew: 618821K(629120K)->0K(629120K) Eden: 555354K(559232K)->0K(559232K) From: 63467K(69888K)->0K(69888K)
[607.659s][info][gc,heap        ] GC(906) Tenured: 1332500K(1398144K)->1276134K(1398144K)
[607.659s][info][gc,metaspace   ] GC(906) Metaspace: 120615K(124480K)->120615K(124480K) NonClass: 104399K(105024K)->104399K(105024K) Class: 16216K(19456K)->16216K(19456K)
[607.659s][info][gc             ] GC(906) Pause Full (Allocation Failure) 1905M->1246M(1979M) 259.751ms
[607.659s][info][gc,cpu         ] GC(906) User=0.25s Sys=0.00s Real=0.25s
[607.699s][info][gc,start       ] GC(907) Pause Young (Allocation Failure)
[607.712s][info][gc,heap        ] GC(907) DefNew: 559232K(629120K)->44378K(629120K) Eden: 559232K(559232K)->0K(559232K) From: 0K(69888K)->44378K(69888K)
[607.712s][info][gc,heap        ] GC(907) Tenured: 1276134K(1398144K)->1276134K(1398144K)
[607.712s][info][gc,metaspace   ] GC(907) Metaspace: 120615K(124480K)->120615K(124480K) NonClass: 104399K(105024K)->104399K(105024K) Class: 16216K(19456K)->16216K(19456K)
[607.712s][info][gc             ] GC(907) Pause Young (Allocation Failure) 1792M->1289M(1979M) 13.077ms
[607.712s][info][gc,cpu         ] GC(907) User=0.02s Sys=0.00s Real=0.02s
[607.745s][info][gc,start       ] GC(908) Pause Young (Allocation Failure)
[607.771s][info][gc,heap        ] GC(908) DefNew: 603610K(629120K)->68389K(629120K) Eden: 559232K(559232K)->0K(559232K) From: 44378K(69888K)->68389K(69888K)
[607.771s][info][gc,heap        ] GC(908) Tenured: 1276134K(1398144K)->1313477K(1398144K)
[607.771s][info][gc,metaspace   ] GC(908) Metaspace: 120615K(124480K)->120615K(124480K) NonClass: 104399K(105024K)->104399K(105024K) Class: 16216K(19456K)->16216K(19456K)
[607.771s][info][gc             ] GC(908) Pause Young (Allocation Failure) 1835M->1349M(1979M) 26.333ms
[607.771s][info][gc,cpu         ] GC(908) User=0.03s Sys=0.00s Real=0.03s
[607.804s][info][gc,start       ] GC(909) Pause Young (Allocation Failure)
[607.854s][info][gc,heap        ] GC(909) DefNew: 627432K(629120K)->69128K(629120K) Eden: 559042K(559232K)->0K(559232K) From: 68389K(69888K)->69128K(69888K)
[607.854s][info][gc,heap        ] GC(909) Tenured: 1313477K(1398144K)->1354179K(1398144K)
[607.854s][info][gc,metaspace   ] GC(909) Metaspace: 120615K(124480K)->120615K(124480K) NonClass: 104399K(105024K)->104399K(105024K) Class: 16216K(19456K)->16216K(19456K)
[607.854s][info][gc             ] GC(909) Pause Young (Allocation Failure) 1895M->1389M(1979M) 49.886ms
[607.854s][info][gc,cpu         ] GC(909) User=0.03s Sys=0.00s Real=0.05s
[607.890s][info][gc,start       ] GC(910) Pause Young (Allocation Failure)
[607.890s][info][gc             ] GC(910) Pause Young (Allocation Failure) 1936M->1936M(1979M) 0.126ms
[607.890s][info][gc,cpu         ] GC(910) User=0.00s Sys=0.00s Real=0.00s
[607.890s][info][gc,start       ] GC(911) Pause Full (Allocation Failure)
[607.890s][info][gc,phases,start] GC(911) Phase 1: Mark live objects
[607.944s][info][gc,phases      ] GC(911) Phase 1: Mark live objects 54.065ms
[607.944s][info][gc,phases,start] GC(911) Phase 2: Compute new object addresses
[608.083s][info][gc,phases      ] GC(911) Phase 2: Compute new object addresses 138.987ms
[608.083s][info][gc,phases,start] GC(911) Phase 3: Adjust pointers
[608.115s][info][gc,phases      ] GC(911) Phase 3: Adjust pointers 31.971ms
[608.115s][info][gc,phases,start] GC(911) Phase 4: Move objects
[608.147s][info][gc,phases      ] GC(911) Phase 4: Move objects 31.669ms
[608.148s][info][gc,heap        ] GC(911) DefNew: 628360K(629120K)->0K(629120K) Eden: 559232K(559232K)->0K(559232K) From: 69128K(69888K)->0K(69888K)
[608.148s][info][gc,heap        ] GC(911) Tenured: 1354179K(1398144K)->1321951K(1398144K)
[608.148s][info][gc,metaspace   ] GC(911) Metaspace: 120615K(124480K)->120615K(124480K) NonClass: 104399K(105024K)->104399K(105024K) Class: 16216K(19456K)->16216K(19456K)
[608.148s][info][gc             ] GC(911) Pause Full (Allocation Failure) 1936M->1290M(1979M) 257.793ms
[608.148s][info][gc,cpu         ] GC(911) User=0.30s Sys=0.00s Real=0.27s
[608.182s][info][gc,start       ] GC(912) Pause Young (Allocation Failure)
[608.196s][info][gc,heap        ] GC(912) DefNew: 559232K(629120K)->48312K(629120K) Eden: 559232K(559232K)->0K(559232K) From: 0K(69888K)->48312K(69888K)
[608.196s][info][gc,heap        ] GC(912) Tenured: 1321951K(1398144K)->1321951K(1398144K)
[608.196s][info][gc,metaspace   ] GC(912) Metaspace: 120615K(124480K)->120615K(124480K) NonClass: 104399K(105024K)->104399K(105024K) Class: 16216K(19456K)->16216K(19456K)
[608.196s][info][gc             ] GC(912) Pause Young (Allocation Failure) 1837M->1338M(1979M) 13.128ms
[608.196s][info][gc,cpu         ] GC(912) User=0.02s Sys=0.00s Real=0.02s
[608.225s][info][gc,start       ] GC(913) Pause Young (Allocation Failure)
[608.243s][info][gc,heap        ] GC(913) DefNew: 607544K(629120K)->38334K(629120K) Eden: 559232K(559232K)->0K(559232K) From: 48312K(69888K)->38334K(69888K)
[608.243s][info][gc,heap        ] GC(913) Tenured: 1321951K(1398144K)->1355254K(1398144K)
[608.243s][info][gc,metaspace   ] GC(913) Metaspace: 120615K(124480K)->120615K(124480K) NonClass: 104399K(105024K)->104399K(105024K) Class: 16216K(19456K)->16216K(19456K)
[608.243s][info][gc             ] GC(913) Pause Young (Allocation Failure) 1884M->1360M(1979M) 18.250ms
[608.243s][info][gc,cpu         ] GC(913) User=0.03s Sys=0.00s Real=0.03s
[608.273s][info][gc,start       ] GC(914) Pause Young (Allocation Failure)
[608.273s][info][gc             ] GC(914) Pause Young (Allocation Failure) 1907M->1907M(1979M) 0.122ms
[608.273s][info][gc,cpu         ] GC(914) User=0.00s Sys=0.00s Real=0.00s
[608.273s][info][gc,start       ] GC(915) Pause Full (Allocation Failure)
[608.273s][info][gc,phases,start] GC(915) Phase 1: Mark live objects
[608.328s][info][gc,phases      ] GC(915) Phase 1: Mark live objects 54.382ms
[608.328s][info][gc,phases,start] GC(915) Phase 2: Compute new object addresses
[608.464s][info][gc,phases      ] GC(915) Phase 2: Compute new object addresses 136.132ms
[608.464s][info][gc,phases,start] GC(915) Phase 3: Adjust pointers
[608.497s][info][gc,phases      ] GC(915) Phase 3: Adjust pointers 33.465ms
[608.497s][info][gc,phases,start] GC(915) Phase 4: Move objects
[608.621s][info][gc,phases      ] GC(915) Phase 4: Move objects 123.193ms
[608.622s][info][gc,heap        ] GC(915) DefNew: 597566K(629120K)->0K(629120K) Eden: 559232K(559232K)->0K(559232K) From: 38334K(69888K)->0K(69888K)
[608.622s][info][gc,heap        ] GC(915) Tenured: 1355254K(1398144K)->1322514K(1398144K)
[608.622s][info][gc,metaspace   ] GC(915) Metaspace: 120615K(124480K)->120615K(124480K) NonClass: 104399K(105024K)->104399K(105024K) Class: 16216K(19456K)->16216K(19456K)
[608.622s][info][gc             ] GC(915) Pause Full (Allocation Failure) 1907M->1291M(1979M) 348.394ms
[608.622s][info][gc,cpu         ] GC(915) User=0.33s Sys=0.00s Real=0.34s
[608.658s][info][gc,start       ] GC(916) Pause Young (Allocation Failure)
[608.682s][info][gc,heap        ] GC(916) DefNew: 559232K(629120K)->69578K(629120K) Eden: 559232K(559232K)->0K(559232K) From: 0K(69888K)->69578K(69888K)
[608.682s][info][gc,heap        ] GC(916) Tenured: 1322514K(1398144K)->1325639K(1398144K)
[608.682s][info][gc,metaspace   ] GC(916) Metaspace: 120615K(124480K)->120615K(124480K) NonClass: 104399K(105024K)->104399K(105024K) Class: 16216K(19456K)->16216K(19456K)
[608.682s][info][gc             ] GC(916) Pause Young (Allocation Failure) 1837M->1362M(1979M) 23.611ms
[608.682s][info][gc,cpu         ] GC(916) User=0.02s Sys=0.00s Real=0.02s
[608.715s][info][gc,start       ] GC(917) Pause Young (Allocation Failure)
[608.747s][info][gc,heap        ] GC(917) DefNew: 628810K(629120K)->56010K(629120K) Eden: 559232K(559232K)->0K(559232K) From: 69578K(69888K)->56010K(69888K)
[608.747s][info][gc,heap        ] GC(917) Tenured: 1325639K(1398144K)->1377480K(1398144K)
[608.747s][info][gc,metaspace   ] GC(917) Metaspace: 120615K(124480K)->120615K(124480K) NonClass: 104399K(105024K)->104399K(105024K) Class: 16216K(19456K)->16216K(19456K)
[608.747s][info][gc             ] GC(917) Pause Young (Allocation Failure) 1908M->1399M(1979M) 32.031ms
[608.747s][info][gc,cpu         ] GC(917) User=0.03s Sys=0.00s Real=0.03s
[608.784s][info][gc,start       ] GC(918) Pause Young (Allocation Failure)
[608.784s][info][gc             ] GC(918) Pause Young (Allocation Failure) 1946M->1946M(1979M) 0.118ms
[608.784s][info][gc,cpu         ] GC(918) User=0.00s Sys=0.00s Real=0.00s
[608.784s][info][gc,start       ] GC(919) Pause Full (Allocation Failure)
[608.784s][info][gc,phases,start] GC(919) Phase 1: Mark live objects
[608.839s][info][gc,phases      ] GC(919) Phase 1: Mark live objects 54.811ms
[608.839s][info][gc,phases,start] GC(919) Phase 2: Compute new object addresses
[608.983s][info][gc,phases      ] GC(919) Phase 2: Compute new object addresses 143.967ms
[608.983s][info][gc,phases,start] GC(919) Phase 3: Adjust pointers
[609.015s][info][gc,phases      ] GC(919) Phase 3: Adjust pointers 32.401ms
[609.015s][info][gc,phases,start] GC(919) Phase 4: Move objects
[609.038s][info][gc,phases      ] GC(919) Phase 4: Move objects 22.880ms
[609.039s][info][gc,heap        ] GC(919) DefNew: 615242K(629120K)->6250K(629120K) Eden: 559232K(559232K)->6250K(559232K) From: 56010K(69888K)->0K(69888K)
[609.039s][info][gc,heap        ] GC(919) Tenured: 1377480K(1398144K)->1396318K(1398144K)
[609.039s][info][gc,metaspace   ] GC(919) Metaspace: 120615K(124480K)->120615K(124480K) NonClass: 104399K(105024K)->104399K(105024K) Class: 16216K(19456K)->16216K(19456K)
[609.039s][info][gc             ] GC(919) Pause Full (Allocation Failure) 1946M->1369M(1979M) 255.177ms
[609.039s][info][gc,cpu         ] GC(919) User=0.25s Sys=0.00s Real=0.25s
[610.908s][info][gc,start       ] GC(920) Pause Full (Allocation Failure)
[610.908s][info][gc,phases,start] GC(920) Phase 1: Mark live objects
[610.962s][info][gc,phases      ] GC(920) Phase 1: Mark live objects 53.084ms
[610.962s][info][gc,phases,start] GC(920) Phase 2: Compute new object addresses
[611.136s][info][gc,phases      ] GC(920) Phase 2: Compute new object addresses 174.014ms
[611.136s][info][gc,phases,start] GC(920) Phase 3: Adjust pointers
[611.169s][info][gc,phases      ] GC(920) Phase 3: Adjust pointers 33.050ms
[611.169s][info][gc,phases,start] GC(920) Phase 4: Move objects
[611.189s][info][gc,phases      ] GC(920) Phase 4: Move objects 19.762ms
[611.189s][info][gc,heap        ] GC(920) DefNew: 629120K(629120K)->26811K(629120K) Eden: 559232K(559232K)->26811K(559232K) From: 69888K(69888K)->0K(69888K)
[611.189s][info][gc,heap        ] GC(920) Tenured: 1398143K(1398144K)->1393113K(1398144K)
[611.189s][info][gc,metaspace   ] GC(920) Metaspace: 120615K(124480K)->120615K(124480K) NonClass: 104399K(105024K)->104399K(105024K) Class: 16216K(19456K)->16216K(19456K)
[611.189s][info][gc             ] GC(920) Pause Full (Allocation Failure) 1979M->1386M(1979M) 281.124ms
[611.190s][info][gc,cpu         ] GC(920) User=0.28s Sys=0.00s Real=0.28s
[613.404s][info][gc,start       ] GC(921) Pause Full (Allocation Failure)
[613.405s][info][gc,phases,start] GC(921) Phase 1: Mark live objects
[613.458s][info][gc,phases      ] GC(921) Phase 1: Mark live objects 53.560ms
[613.458s][info][gc,phases,start] GC(921) Phase 2: Compute new object addresses
[613.624s][info][gc,phases      ] GC(921) Phase 2: Compute new object addresses 165.916ms
[613.624s][info][gc,phases,start] GC(921) Phase 3: Adjust pointers
[613.655s][info][gc,phases      ] GC(921) Phase 3: Adjust pointers 31.251ms
[613.655s][info][gc,phases,start] GC(921) Phase 4: Move objects
[613.673s][info][gc,phases      ] GC(921) Phase 4: Move objects 17.364ms
[613.674s][info][gc,heap        ] GC(921) DefNew: 629120K(629120K)->38825K(629120K) Eden: 559232K(559232K)->38825K(559232K) From: 69888K(69888K)->0K(69888K)
[613.674s][info][gc,heap        ] GC(921) Tenured: 1398143K(1398144K)->1396870K(1398144K)
[613.674s][info][gc,metaspace   ] GC(921) Metaspace: 120615K(124480K)->120615K(124480K) NonClass: 104399K(105024K)->104399K(105024K) Class: 16216K(19456K)->16216K(19456K)
[613.674s][info][gc             ] GC(921) Pause Full (Allocation Failure) 1979M->1402M(1979M) 269.305ms
[613.674s][info][gc,cpu         ] GC(921) User=0.27s Sys=0.00s Real=0.27s
[615.678s][info][gc,start       ] GC(922) Pause Full (Allocation Failure)
[615.678s][info][gc,phases,start] GC(922) Phase 1: Mark live objects
[615.732s][info][gc,phases      ] GC(922) Phase 1: Mark live objects 53.673ms
[615.732s][info][gc,phases,start] GC(922) Phase 2: Compute new object addresses
[615.903s][info][gc,phases      ] GC(922) Phase 2: Compute new object addresses 170.581ms
[615.903s][info][gc,phases,start] GC(922) Phase 3: Adjust pointers
[615.935s][info][gc,phases      ] GC(922) Phase 3: Adjust pointers 32.719ms
[615.935s][info][gc,phases,start] GC(922) Phase 4: Move objects
[616.009s][info][gc,phases      ] GC(922) Phase 4: Move objects 73.341ms
[616.010s][info][gc,heap        ] GC(922) DefNew: 629120K(629120K)->0K(629120K) Eden: 559232K(559232K)->0K(559232K) From: 69888K(69888K)->0K(69888K)
[616.010s][info][gc,heap        ] GC(922) Tenured: 1396973K(1398144K)->1375642K(1398144K)
[616.010s][info][gc,metaspace   ] GC(922) Metaspace: 120616K(124480K)->120616K(124480K) NonClass: 104400K(105024K)->104400K(105024K) Class: 16216K(19456K)->16216K(19456K)
[616.010s][info][gc             ] GC(922) Pause Full (Allocation Failure) 1978M->1343M(1979M) 331.532ms
[616.010s][info][gc,cpu         ] GC(922) User=0.34s Sys=0.00s Real=0.34s
[616.047s][info][gc,start       ] GC(923) Pause Young (Allocation Failure)
[616.047s][info][gc             ] GC(923) Pause Young (Allocation Failure) 1889M->1889M(1979M) 0.244ms
[616.047s][info][gc,cpu         ] GC(923) User=0.00s Sys=0.00s Real=0.00s
[616.048s][info][gc,start       ] GC(924) Pause Full (Allocation Failure)
[616.048s][info][gc,phases,start] GC(924) Phase 1: Mark live objects
[616.112s][info][gc,phases      ] GC(924) Phase 1: Mark live objects 64.274ms
[616.112s][info][gc,phases,start] GC(924) Phase 2: Compute new object addresses
[616.253s][info][gc,phases      ] GC(924) Phase 2: Compute new object addresses 140.749ms
[616.253s][info][gc,phases,start] GC(924) Phase 3: Adjust pointers
[616.285s][info][gc,phases      ] GC(924) Phase 3: Adjust pointers 32.384ms
[616.285s][info][gc,phases,start] GC(924) Phase 4: Move objects
[616.297s][info][gc,phases      ] GC(924) Phase 4: Move objects 12.324ms
[616.298s][info][gc,heap        ] GC(924) DefNew: 559232K(629120K)->35280K(629120K) Eden: 559232K(559232K)->35280K(559232K) From: 0K(69888K)->0K(69888K)
[616.298s][info][gc,heap        ] GC(924) Tenured: 1375642K(1398144K)->1394401K(1398144K)
[616.298s][info][gc,metaspace   ] GC(924) Metaspace: 120616K(124480K)->120616K(124480K) NonClass: 104400K(105024K)->104400K(105024K) Class: 16216K(19456K)->16216K(19456K)
[616.298s][info][gc             ] GC(924) Pause Full (Allocation Failure) 1889M->1396M(1979M) 250.874ms
[616.298s][info][gc,cpu         ] GC(924) User=0.25s Sys=0.00s Real=0.26s
[618.158s][info][gc,start       ] GC(925) Pause Full (Allocation Failure)
[618.158s][info][gc,phases,start] GC(925) Phase 1: Mark live objects
[618.212s][info][gc,phases      ] GC(925) Phase 1: Mark live objects 53.763ms
[618.212s][info][gc,phases,start] GC(925) Phase 2: Compute new object addresses
[618.367s][info][gc,phases      ] GC(925) Phase 2: Compute new object addresses 154.979ms
[618.367s][info][gc,phases,start] GC(925) Phase 3: Adjust pointers
[618.399s][info][gc,phases      ] GC(925) Phase 3: Adjust pointers 31.664ms
[618.399s][info][gc,phases,start] GC(925) Phase 4: Move objects
[618.413s][info][gc,phases      ] GC(925) Phase 4: Move objects 13.965ms
[618.414s][info][gc,heap        ] GC(925) DefNew: 629120K(629120K)->62854K(629120K) Eden: 559232K(559232K)->62854K(559232K) From: 69888K(69888K)->0K(69888K)
[618.414s][info][gc,heap        ] GC(925) Tenured: 1398144K(1398144K)->1398144K(1398144K)
[618.414s][info][gc,metaspace   ] GC(925) Metaspace: 120616K(124480K)->120616K(124480K) NonClass: 104400K(105024K)->104400K(105024K) Class: 16216K(19456K)->16216K(19456K)
[618.414s][info][gc             ] GC(925) Pause Full (Allocation Failure) 1979M->1426M(1979M) 255.532ms
[618.414s][info][gc,cpu         ] GC(925) User=0.25s Sys=0.00s Real=0.25s
[620.629s][info][gc,start       ] GC(926) Pause Full (Allocation Failure)
[620.629s][info][gc,phases,start] GC(926) Phase 1: Mark live objects
[620.682s][info][gc,phases      ] GC(926) Phase 1: Mark live objects 53.314ms
[620.682s][info][gc,phases,start] GC(926) Phase 2: Compute new object addresses
[620.851s][info][gc,phases      ] GC(926) Phase 2: Compute new object addresses 168.876ms
[620.862s][info][gc,phases,start] GC(926) Phase 3: Adjust pointers
[620.896s][info][gc,phases      ] GC(926) Phase 3: Adjust pointers 33.366ms
[620.896s][info][gc,phases,start] GC(926) Phase 4: Move objects
[620.909s][info][gc,phases      ] GC(926) Phase 4: Move objects 13.514ms
[620.910s][info][gc,heap        ] GC(926) DefNew: 629119K(629120K)->64124K(629120K) Eden: 559232K(559232K)->64124K(559232K) From: 69887K(69888K)->0K(69888K)
[620.910s][info][gc,heap        ] GC(926) Tenured: 1398144K(1398144K)->1398144K(1398144K)
[620.910s][info][gc,metaspace   ] GC(926) Metaspace: 120622K(124480K)->120622K(124480K) NonClass: 104406K(105024K)->104406K(105024K) Class: 16216K(19456K)->16216K(19456K)
[620.910s][info][gc             ] GC(926) Pause Full (Allocation Failure) 1979M->1427M(1979M) 281.176ms
[620.910s][info][gc,cpu         ] GC(926) User=0.27s Sys=0.00s Real=0.28s
[622.865s][info][gc,start       ] GC(927) Pause Full (Allocation Failure)
[622.865s][info][gc,phases,start] GC(927) Phase 1: Mark live objects
[622.919s][info][gc,phases      ] GC(927) Phase 1: Mark live objects 53.407ms
[622.919s][info][gc,phases,start] GC(927) Phase 2: Compute new object addresses
[623.069s][info][gc,phases      ] GC(927) Phase 2: Compute new object addresses 150.769ms
[623.069s][info][gc,phases,start] GC(927) Phase 3: Adjust pointers
[623.102s][info][gc,phases      ] GC(927) Phase 3: Adjust pointers 32.373ms
[623.102s][info][gc,phases,start] GC(927) Phase 4: Move objects
[623.193s][info][gc,phases      ] GC(927) Phase 4: Move objects 90.730ms
[623.194s][info][gc,heap        ] GC(927) DefNew: 629119K(629120K)->12595K(629120K) Eden: 559232K(559232K)->12595K(559232K) From: 69887K(69888K)->0K(69888K)
[623.194s][info][gc,heap        ] GC(927) Tenured: 1398144K(1398144K)->1391949K(1398144K)
[623.194s][info][gc,metaspace   ] GC(927) Metaspace: 120622K(124480K)->120622K(124480K) NonClass: 104406K(105024K)->104406K(105024K) Class: 16216K(19456K)->16216K(19456K)
[623.194s][info][gc             ] GC(927) Pause Full (Allocation Failure) 1979M->1371M(1979M) 328.525ms
[623.194s][info][gc,cpu         ] GC(927) User=0.33s Sys=0.00s Real=0.33s
[625.579s][info][gc,start       ] GC(928) Pause Full (Allocation Failure)
[625.580s][info][gc,phases,start] GC(928) Phase 1: Mark live objects
[625.644s][info][gc,phases      ] GC(928) Phase 1: Mark live objects 64.541ms
[625.644s][info][gc,phases,start] GC(928) Phase 2: Compute new object addresses
[625.814s][info][gc,phases      ] GC(928) Phase 2: Compute new object addresses 170.257ms
[625.814s][info][gc,phases,start] GC(928) Phase 3: Adjust pointers
[625.847s][info][gc,phases      ] GC(928) Phase 3: Adjust pointers 32.617ms
[625.847s][info][gc,phases,start] GC(928) Phase 4: Move objects
[625.850s][info][gc,phases      ] GC(928) Phase 4: Move objects 3.045ms
[625.851s][info][gc,heap        ] GC(928) DefNew: 629119K(629120K)->13872K(629120K) Eden: 559232K(559232K)->13872K(559232K) From: 69887K(69888K)->0K(69888K)
[625.851s][info][gc,heap        ] GC(928) Tenured: 1398143K(1398144K)->1398143K(1398144K)
[625.851s][info][gc,metaspace   ] GC(928) Metaspace: 120622K(124480K)->120622K(124480K) NonClass: 104406K(105024K)->104406K(105024K) Class: 16216K(19456K)->16216K(19456K)
[625.851s][info][gc             ] GC(928) Pause Full (Allocation Failure) 1979M->1378M(1979M) 271.743ms
[625.851s][info][gc,cpu         ] GC(928) User=0.28s Sys=0.00s Real=0.27s
[628.035s][info][gc,start       ] GC(929) Pause Full (Allocation Failure)
[628.035s][info][gc,phases,start] GC(929) Phase 1: Mark live objects
[628.089s][info][gc,phases      ] GC(929) Phase 1: Mark live objects 53.571ms
[628.089s][info][gc,phases,start] GC(929) Phase 2: Compute new object addresses
[628.261s][info][gc,phases      ] GC(929) Phase 2: Compute new object addresses 171.500ms
[628.261s][info][gc,phases,start] GC(929) Phase 3: Adjust pointers
[628.292s][info][gc,phases      ] GC(929) Phase 3: Adjust pointers 31.426ms
[628.292s][info][gc,phases,start] GC(929) Phase 4: Move objects
[628.294s][info][gc,phases      ] GC(929) Phase 4: Move objects 2.191ms
[628.295s][info][gc,heap        ] GC(929) DefNew: 629120K(629120K)->11507K(629120K) Eden: 559232K(559232K)->11507K(559232K) From: 69888K(69888K)->0K(69888K)
[628.295s][info][gc,heap        ] GC(929) Tenured: 1398143K(1398144K)->1398143K(1398144K)
[628.295s][info][gc,metaspace   ] GC(929) Metaspace: 120622K(124480K)->120622K(124480K) NonClass: 104406K(105024K)->104406K(105024K) Class: 16216K(19456K)->16216K(19456K)
[628.295s][info][gc             ] GC(929) Pause Full (Allocation Failure) 1979M->1376M(1979M) 259.833ms
[628.295s][info][gc,cpu         ] GC(929) User=0.27s Sys=0.00s Real=0.26s
[630.443s][info][gc,start       ] GC(930) Pause Full (Allocation Failure)
[630.443s][info][gc,phases,start] GC(930) Phase 1: Mark live objects
[630.498s][info][gc,phases      ] GC(930) Phase 1: Mark live objects 54.311ms
[630.498s][info][gc,phases,start] GC(930) Phase 2: Compute new object addresses
[630.670s][info][gc,phases      ] GC(930) Phase 2: Compute new object addresses 172.361ms
[630.670s][info][gc,phases,start] GC(930) Phase 3: Adjust pointers
[630.701s][info][gc,phases      ] GC(930) Phase 3: Adjust pointers 31.345ms
[630.701s][info][gc,phases,start] GC(930) Phase 4: Move objects
[630.703s][info][gc,phases      ] GC(930) Phase 4: Move objects 1.253ms
[630.703s][info][gc,heap        ] GC(930) DefNew: 629119K(629120K)->11518K(629120K) Eden: 559232K(559232K)->11518K(559232K) From: 69887K(69888K)->0K(69888K)
[630.703s][info][gc,heap        ] GC(930) Tenured: 1398143K(1398144K)->1398143K(1398144K)
[630.703s][info][gc,metaspace   ] GC(930) Metaspace: 120622K(124480K)->120622K(124480K) NonClass: 104406K(105024K)->104406K(105024K) Class: 16216K(19456K)->16216K(19456K)
[630.704s][info][gc             ] GC(930) Pause Full (Allocation Failure) 1979M->1376M(1979M) 260.394ms
[630.704s][info][gc,cpu         ] GC(930) User=0.25s Sys=0.00s Real=0.25s
[633.382s][info][gc,start       ] GC(931) Pause Full (Allocation Failure)
[633.382s][info][gc,phases,start] GC(931) Phase 1: Mark live objects
[633.446s][info][gc,phases      ] GC(931) Phase 1: Mark live objects 64.094ms
[633.447s][info][gc,phases,start] GC(931) Phase 2: Compute new object addresses
[633.618s][info][gc,phases      ] GC(931) Phase 2: Compute new object addresses 171.054ms
[633.618s][info][gc,phases,start] GC(931) Phase 3: Adjust pointers
[633.650s][info][gc,phases      ] GC(931) Phase 3: Adjust pointers 31.899ms
[633.650s][info][gc,phases,start] GC(931) Phase 4: Move objects
[633.718s][info][gc,phases      ] GC(931) Phase 4: Move objects 68.758ms
[633.719s][info][gc,heap        ] GC(931) DefNew: 629120K(629120K)->3869K(629120K) Eden: 559232K(559232K)->3869K(559232K) From: 69888K(69888K)->0K(69888K)
[633.719s][info][gc,heap        ] GC(931) Tenured: 1398143K(1398144K)->1395793K(1398144K)
[633.719s][info][gc,metaspace   ] GC(931) Metaspace: 120622K(124480K)->120622K(124480K) NonClass: 104406K(105024K)->104406K(105024K) Class: 16216K(19456K)->16216K(19456K)
[633.719s][info][gc             ] GC(931) Pause Full (Allocation Failure) 1979M->1366M(1979M) 337.135ms
[633.719s][info][gc,cpu         ] GC(931) User=0.33s Sys=0.00s Real=0.34s
[635.939s][info][gc,start       ] GC(932) Pause Full (Allocation Failure)
[635.939s][info][gc,phases,start] GC(932) Phase 1: Mark live objects
[635.994s][info][gc,phases      ] GC(932) Phase 1: Mark live objects 54.199ms
[635.994s][info][gc,phases,start] GC(932) Phase 2: Compute new object addresses
[636.170s][info][gc,phases      ] GC(932) Phase 2: Compute new object addresses 176.373ms
[636.170s][info][gc,phases,start] GC(932) Phase 3: Adjust pointers
[636.204s][info][gc,phases      ] GC(932) Phase 3: Adjust pointers 34.190ms
[636.204s][info][gc,phases,start] GC(932) Phase 4: Move objects
[636.204s][info][gc,phases      ] GC(932) Phase 4: Move objects 0.022ms
[636.205s][info][gc,heap        ] GC(932) DefNew: 629120K(629120K)->3803K(629120K) Eden: 559232K(559232K)->3803K(559232K) From: 69888K(69888K)->0K(69888K)
[636.205s][info][gc,heap        ] GC(932) Tenured: 1398143K(1398144K)->1398143K(1398144K)
[636.205s][info][gc,metaspace   ] GC(932) Metaspace: 120622K(124480K)->120622K(124480K) NonClass: 104406K(105024K)->104406K(105024K) Class: 16216K(19456K)->16216K(19456K)
[636.205s][info][gc             ] GC(932) Pause Full (Allocation Failure) 1979M->1369M(1979M) 265.950ms
[636.205s][info][gc,cpu         ] GC(932) User=0.27s Sys=0.00s Real=0.27s
[638.241s][info][gc,start       ] GC(933) Pause Full (Allocation Failure)
[638.241s][info][gc,phases,start] GC(933) Phase 1: Mark live objects
[638.294s][info][gc,phases      ] GC(933) Phase 1: Mark live objects 53.315ms
[638.294s][info][gc,phases,start] GC(933) Phase 2: Compute new object addresses
[638.469s][info][gc,phases      ] GC(933) Phase 2: Compute new object addresses 174.738ms
[638.469s][info][gc,phases,start] GC(933) Phase 3: Adjust pointers
[638.500s][info][gc,phases      ] GC(933) Phase 3: Adjust pointers 31.177ms
[638.500s][info][gc,phases,start] GC(933) Phase 4: Move objects
[638.528s][info][gc,phases      ] GC(933) Phase 4: Move objects 27.315ms
[638.528s][info][gc,heap        ] GC(933) DefNew: 629119K(629120K)->0K(629120K) Eden: 559232K(559232K)->0K(559232K) From: 69887K(69888K)->0K(69888K)
[638.528s][info][gc,heap        ] GC(933) Tenured: 1398143K(1398144K)->1355643K(1398144K)
[638.528s][info][gc,metaspace   ] GC(933) Metaspace: 120622K(124480K)->120622K(124480K) NonClass: 104406K(105024K)->104406K(105024K) Class: 16216K(19456K)->16216K(19456K)
[638.529s][info][gc             ] GC(933) Pause Full (Allocation Failure) 1979M->1323M(1979M) 287.683ms
[638.529s][info][gc,cpu         ] GC(933) User=0.28s Sys=0.00s Real=0.27s
[638.590s][info][gc,start       ] GC(934) Pause Young (Allocation Failure)
[638.590s][info][gc             ] GC(934) Pause Young (Allocation Failure) 1869M->1869M(1979M) 0.127ms
[638.590s][info][gc,cpu         ] GC(934) User=0.00s Sys=0.00s Real=0.00s
[638.590s][info][gc,start       ] GC(935) Pause Full (Allocation Failure)
[638.590s][info][gc,phases,start] GC(935) Phase 1: Mark live objects
[638.645s][info][gc,phases      ] GC(935) Phase 1: Mark live objects 55.138ms
[638.645s][info][gc,phases,start] GC(935) Phase 2: Compute new object addresses
[638.799s][info][gc,phases      ] GC(935) Phase 2: Compute new object addresses 153.415ms
[638.799s][info][gc,phases,start] GC(935) Phase 3: Adjust pointers
[638.830s][info][gc,phases      ] GC(935) Phase 3: Adjust pointers 30.998ms
[638.830s][info][gc,phases,start] GC(935) Phase 4: Move objects
[638.853s][info][gc,phases      ] GC(935) Phase 4: Move objects 23.308ms
[638.854s][info][gc,heap        ] GC(935) DefNew: 559232K(629120K)->0K(629120K) Eden: 559232K(559232K)->0K(559232K) From: 0K(69888K)->0K(69888K)
[638.854s][info][gc,heap        ] GC(935) Tenured: 1355643K(1398144K)->1164440K(1398144K)
[638.854s][info][gc,metaspace   ] GC(935) Metaspace: 120623K(124480K)->120623K(124480K) NonClass: 104407K(105024K)->104407K(105024K) Class: 16216K(19456K)->16216K(19456K)
[638.854s][info][gc             ] GC(935) Pause Full (Allocation Failure) 1869M->1137M(1979M) 263.941ms
[638.854s][info][gc,cpu         ] GC(935) User=0.27s Sys=0.00s Real=0.27s
[639.308s][info][gc,start       ] GC(936) Pause Full (System.gc())
[639.308s][info][gc,phases,start] GC(936) Phase 1: Mark live objects
[639.361s][info][gc,phases      ] GC(936) Phase 1: Mark live objects 52.799ms
[639.361s][info][gc,phases,start] GC(936) Phase 2: Compute new object addresses
[639.424s][info][gc,phases      ] GC(936) Phase 2: Compute new object addresses 63.043ms
[639.424s][info][gc,phases,start] GC(936) Phase 3: Adjust pointers
[639.458s][info][gc,phases      ] GC(936) Phase 3: Adjust pointers 33.812ms
[639.458s][info][gc,phases,start] GC(936) Phase 4: Move objects
[639.607s][info][gc,phases      ] GC(936) Phase 4: Move objects 149.101ms
[639.608s][info][gc,heap        ] GC(936) DefNew: 173866K(629120K)->0K(629120K) Eden: 173866K(559232K)->0K(559232K) From: 0K(69888K)->0K(69888K)
[639.608s][info][gc,heap        ] GC(936) Tenured: 1164440K(1398144K)->971827K(1398144K)
[639.608s][info][gc,metaspace   ] GC(936) Metaspace: 120644K(124480K)->120644K(124480K) NonClass: 104428K(105024K)->104428K(105024K) Class: 16216K(19456K)->16216K(19456K)
[639.608s][info][gc             ] GC(936) Pause Full (System.gc()) 1306M->949M(1979M) 299.900ms
[639.608s][info][gc,cpu         ] GC(936) User=0.31s Sys=0.00s Real=0.30s
[639.732s][info][gc,start       ] GC(937) Pause Young (Allocation Failure)
[639.746s][info][gc,heap        ] GC(937) DefNew: 559232K(629120K)->13901K(629120K) Eden: 559232K(559232K)->0K(559232K) From: 0K(69888K)->13901K(69888K)
[639.746s][info][gc,heap        ] GC(937) Tenured: 971827K(1398144K)->971827K(1398144K)
[639.746s][info][gc,metaspace   ] GC(937) Metaspace: 120714K(124544K)->120714K(124544K) NonClass: 104498K(105088K)->104498K(105088K) Class: 16216K(19456K)->16216K(19456K)
[639.746s][info][gc             ] GC(937) Pause Young (Allocation Failure) 1495M->962M(1979M) 14.521ms
[639.746s][info][gc,cpu         ] GC(937) User=0.02s Sys=0.00s Real=0.02s
[639.784s][info][gc,start       ] GC(938) Pause Young (Allocation Failure)
[639.795s][info][gc,heap        ] GC(938) DefNew: 573133K(629120K)->19834K(629120K) Eden: 559232K(559232K)->0K(559232K) From: 13901K(69888K)->19834K(69888K)
[639.818s][info][gc,heap        ] GC(938) Tenured: 971827K(1398144K)->971827K(1398144K)
[639.818s][info][gc,metaspace   ] GC(938) Metaspace: 120714K(124544K)->120714K(124544K) NonClass: 104498K(105088K)->104498K(105088K) Class: 16216K(19456K)->16216K(19456K)
[639.818s][info][gc             ] GC(938) Pause Young (Allocation Failure) 1508M->968M(1979M) 34.067ms
[639.818s][info][gc,cpu         ] GC(938) User=0.02s Sys=0.00s Real=0.03s
[639.857s][info][gc,start       ] GC(939) Pause Young (Allocation Failure)
[639.870s][info][gc,heap        ] GC(939) DefNew: 579066K(629120K)->28199K(629120K) Eden: 559232K(559232K)->0K(559232K) From: 19834K(69888K)->28199K(69888K)
[639.870s][info][gc,heap        ] GC(939) Tenured: 971827K(1398144K)->971827K(1398144K)
[639.870s][info][gc,metaspace   ] GC(939) Metaspace: 120714K(124544K)->120714K(124544K) NonClass: 104498K(105088K)->104498K(105088K) Class: 16216K(19456K)->16216K(19456K)
[639.870s][info][gc             ] GC(939) Pause Young (Allocation Failure) 1514M->976M(1979M) 13.566ms
[639.870s][info][gc,cpu         ] GC(939) User=0.02s Sys=0.00s Real=0.02s
[639.908s][info][gc,start       ] GC(940) Pause Young (Allocation Failure)
[639.922s][info][gc,heap        ] GC(940) DefNew: 587431K(629120K)->30939K(629120K) Eden: 559232K(559232K)->0K(559232K) From: 28199K(69888K)->30939K(69888K)
[639.922s][info][gc,heap        ] GC(940) Tenured: 971827K(1398144K)->971827K(1398144K)
[639.922s][info][gc,metaspace   ] GC(940) Metaspace: 120714K(124544K)->120714K(124544K) NonClass: 104498K(105088K)->104498K(105088K) Class: 16216K(19456K)->16216K(19456K)
[639.922s][info][gc             ] GC(940) Pause Young (Allocation Failure) 1522M->979M(1979M) 13.795ms
[639.922s][info][gc,cpu         ] GC(940) User=0.02s Sys=0.00s Real=0.02s
[639.960s][info][gc,start       ] GC(941) Pause Young (Allocation Failure)
[639.975s][info][gc,heap        ] GC(941) DefNew: 590171K(629120K)->37950K(629120K) Eden: 559232K(559232K)->0K(559232K) From: 30939K(69888K)->37950K(69888K)
[639.975s][info][gc,heap        ] GC(941) Tenured: 971827K(1398144K)->971827K(1398144K)
[639.975s][info][gc,metaspace   ] GC(941) Metaspace: 120714K(124544K)->120714K(124544K) NonClass: 104498K(105088K)->104498K(105088K) Class: 16216K(19456K)->16216K(19456K)
[639.975s][info][gc             ] GC(941) Pause Young (Allocation Failure) 1525M->986M(1979M) 15.398ms
[639.975s][info][gc,cpu         ] GC(941) User=0.02s Sys=0.00s Real=0.02s
[640.013s][info][gc,start       ] GC(942) Pause Young (Allocation Failure)
[640.032s][info][gc,heap        ] GC(942) DefNew: 597182K(629120K)->37796K(629120K) Eden: 559232K(559232K)->0K(559232K) From: 37950K(69888K)->37796K(69888K)
[640.032s][info][gc,heap        ] GC(942) Tenured: 971827K(1398144K)->981365K(1398144K)
[640.032s][info][gc,metaspace   ] GC(942) Metaspace: 120714K(124544K)->120714K(124544K) NonClass: 104498K(105088K)->104498K(105088K) Class: 16216K(19456K)->16216K(19456K)
[640.032s][info][gc             ] GC(942) Pause Young (Allocation Failure) 1532M->995M(1979M) 18.566ms
[640.032s][info][gc,cpu         ] GC(942) User=0.02s Sys=0.00s Real=0.02s
[640.070s][info][gc,start       ] GC(943) Pause Young (Allocation Failure)
[640.084s][info][gc,heap        ] GC(943) DefNew: 597028K(629120K)->45590K(629120K) Eden: 559232K(559232K)->0K(559232K) From: 37796K(69888K)->45590K(69888K)
[640.084s][info][gc,heap        ] GC(943) Tenured: 981365K(1398144K)->981390K(1398144K)
[640.084s][info][gc,metaspace   ] GC(943) Metaspace: 120714K(124544K)->120714K(124544K) NonClass: 104498K(105088K)->104498K(105088K) Class: 16216K(19456K)->16216K(19456K)
[640.084s][info][gc             ] GC(943) Pause Young (Allocation Failure) 1541M->1002M(1979M) 13.813ms
[640.084s][info][gc,cpu         ] GC(943) User=0.02s Sys=0.00s Real=0.02s
[640.122s][info][gc,start       ] GC(944) Pause Young (Allocation Failure)
[640.135s][info][gc,heap        ] GC(944) DefNew: 604822K(629120K)->37766K(629120K) Eden: 559232K(559232K)->0K(559232K) From: 45590K(69888K)->37766K(69888K)
[640.136s][info][gc,heap        ] GC(944) Tenured: 981390K(1398144K)->990774K(1398144K)
[640.136s][info][gc,metaspace   ] GC(944) Metaspace: 120714K(124544K)->120714K(124544K) NonClass: 104498K(105088K)->104498K(105088K) Class: 16216K(19456K)->16216K(19456K)
[640.136s][info][gc             ] GC(944) Pause Young (Allocation Failure) 1549M->1004M(1979M) 13.607ms
[640.136s][info][gc,cpu         ] GC(944) User=0.00s Sys=0.00s Real=0.00s
[640.174s][info][gc,start       ] GC(945) Pause Young (Allocation Failure)
[640.187s][info][gc,heap        ] GC(945) DefNew: 596998K(629120K)->28348K(629120K) Eden: 559232K(559232K)->0K(559232K) From: 37766K(69888K)->28348K(69888K)
[640.187s][info][gc,heap        ] GC(945) Tenured: 990774K(1398144K)->1006400K(1398144K)
[640.187s][info][gc,metaspace   ] GC(945) Metaspace: 120714K(124544K)->120714K(124544K) NonClass: 104498K(105088K)->104498K(105088K) Class: 16216K(19456K)->16216K(19456K)
[640.187s][info][gc             ] GC(945) Pause Young (Allocation Failure) 1550M->1010M(1979M) 13.025ms
[640.187s][info][gc,cpu         ] GC(945) User=0.00s Sys=0.00s Real=0.00s
[640.225s][info][gc,start       ] GC(946) Pause Young (Allocation Failure)
[640.239s][info][gc,heap        ] GC(946) DefNew: 587580K(629120K)->47128K(629120K) Eden: 559232K(559232K)->0K(559232K) From: 28348K(69888K)->47128K(69888K)
[640.239s][info][gc,heap        ] GC(946) Tenured: 1006400K(1398144K)->1006400K(1398144K)
[640.239s][info][gc,metaspace   ] GC(946) Metaspace: 120714K(124544K)->120714K(124544K) NonClass: 104498K(105088K)->104498K(105088K) Class: 16216K(19456K)->16216K(19456K)
[640.239s][info][gc             ] GC(946) Pause Young (Allocation Failure) 1556M->1028M(1979M) 13.694ms
[640.239s][info][gc,cpu         ] GC(946) User=0.03s Sys=0.00s Real=0.02s
[640.283s][info][gc,start       ] GC(947) Pause Young (Allocation Failure)
[640.306s][info][gc,heap        ] GC(947) DefNew: 606360K(629120K)->65874K(629120K) Eden: 559232K(559232K)->0K(559232K) From: 47128K(69888K)->65874K(69888K)
[640.306s][info][gc,heap        ] GC(947) Tenured: 1006400K(1398144K)->1031402K(1398144K)
[640.306s][info][gc,metaspace   ] GC(947) Metaspace: 120714K(124544K)->120714K(124544K) NonClass: 104498K(105088K)->104498K(105088K) Class: 16216K(19456K)->16216K(19456K)
[640.306s][info][gc             ] GC(947) Pause Young (Allocation Failure) 1574M->1071M(1979M) 23.594ms
[640.306s][info][gc,cpu         ] GC(947) User=0.02s Sys=0.00s Real=0.02s
[640.346s][info][gc,start       ] GC(948) Pause Young (Allocation Failure)
[640.369s][info][gc,heap        ] GC(948) DefNew: 625106K(629120K)->23124K(629120K) Eden: 559232K(559232K)->0K(559232K) From: 65874K(69888K)->23124K(69888K)
[640.369s][info][gc,heap        ] GC(948) Tenured: 1031402K(1398144K)->1097038K(1398144K)
[640.369s][info][gc,metaspace   ] GC(948) Metaspace: 120714K(124544K)->120714K(124544K) NonClass: 104498K(105088K)->104498K(105088K) Class: 16216K(19456K)->16216K(19456K)
[640.369s][info][gc             ] GC(948) Pause Young (Allocation Failure) 1617M->1093M(1979M) 22.861ms
[640.369s][info][gc,cpu         ] GC(948) User=0.02s Sys=0.00s Real=0.02s
[640.408s][info][gc,start       ] GC(949) Pause Young (Allocation Failure)
[640.420s][info][gc,heap        ] GC(949) DefNew: 582356K(629120K)->42002K(629120K) Eden: 559232K(559232K)->0K(559232K) From: 23124K(69888K)->42002K(69888K)
[640.420s][info][gc,heap        ] GC(949) Tenured: 1097038K(1398144K)->1097038K(1398144K)
[640.420s][info][gc,metaspace   ] GC(949) Metaspace: 120714K(124544K)->120714K(124544K) NonClass: 104498K(105088K)->104498K(105088K) Class: 16216K(19456K)->16216K(19456K)
[640.420s][info][gc             ] GC(949) Pause Young (Allocation Failure) 1640M->1112M(1979M) 12.566ms
[640.420s][info][gc,cpu         ] GC(949) User=0.02s Sys=0.00s Real=0.02s
[640.475s][info][gc,start       ] GC(950) Pause Young (Allocation Failure)
[640.502s][info][gc,heap        ] GC(950) DefNew: 601234K(629120K)->65353K(629120K) Eden: 559232K(559232K)->0K(559232K) From: 42002K(69888K)->65353K(69888K)
[640.502s][info][gc,heap        ] GC(950) Tenured: 1097038K(1398144K)->1119906K(1398144K)
[640.502s][info][gc,metaspace   ] GC(950) Metaspace: 120714K(124544K)->120714K(124544K) NonClass: 104498K(105088K)->104498K(105088K) Class: 16216K(19456K)->16216K(19456K)
[640.502s][info][gc             ] GC(950) Pause Young (Allocation Failure) 1658M->1157M(1979M) 26.592ms
[640.502s][info][gc,cpu         ] GC(950) User=0.02s Sys=0.00s Real=0.02s
[640.541s][info][gc,start       ] GC(951) Pause Young (Allocation Failure)
[640.570s][info][gc,heap        ] GC(951) DefNew: 624585K(629120K)->50500K(629120K) Eden: 559232K(559232K)->0K(559232K) From: 65353K(69888K)->50500K(69888K)
[640.570s][info][gc,heap        ] GC(951) Tenured: 1119906K(1398144K)->1184627K(1398144K)
[640.570s][info][gc,metaspace   ] GC(951) Metaspace: 120714K(124544K)->120714K(124544K) NonClass: 104498K(105088K)->104498K(105088K) Class: 16216K(19456K)->16216K(19456K)
[640.570s][info][gc             ] GC(951) Pause Young (Allocation Failure) 1703M->1206M(1979M) 28.909ms
[640.570s][info][gc,cpu         ] GC(951) User=0.02s Sys=0.00s Real=0.01s
[640.609s][info][gc,start       ] GC(952) Pause Young (Allocation Failure)
[640.630s][info][gc,heap        ] GC(952) DefNew: 609732K(629120K)->30079K(629120K) Eden: 559232K(559232K)->0K(559232K) From: 50500K(69888K)->30079K(69888K)
[640.630s][info][gc,heap        ] GC(952) Tenured: 1184627K(1398144K)->1230988K(1398144K)
[640.630s][info][gc,metaspace   ] GC(952) Metaspace: 120714K(124544K)->120714K(124544K) NonClass: 104498K(105088K)->104498K(105088K) Class: 16216K(19456K)->16216K(19456K)
[640.630s][info][gc             ] GC(952) Pause Young (Allocation Failure) 1752M->1231M(1979M) 21.063ms
[640.630s][info][gc,cpu         ] GC(952) User=0.02s Sys=0.00s Real=0.01s
[640.668s][info][gc,start       ] GC(953) Pause Young (Allocation Failure)
[640.679s][info][gc,heap        ] GC(953) DefNew: 589311K(629120K)->36165K(629120K) Eden: 559232K(559232K)->0K(559232K) From: 30079K(69888K)->36165K(69888K)
[640.679s][info][gc,heap        ] GC(953) Tenured: 1230988K(1398144K)->1230988K(1398144K)
[640.679s][info][gc,metaspace   ] GC(953) Metaspace: 120714K(124544K)->120714K(124544K) NonClass: 104498K(105088K)->104498K(105088K) Class: 16216K(19456K)->16216K(19456K)
[640.679s][info][gc             ] GC(953) Pause Young (Allocation Failure) 1777M->1237M(1979M) 11.255ms
[640.679s][info][gc,cpu         ] GC(953) User=0.00s Sys=0.00s Real=0.00s
[640.717s][info][gc,start       ] GC(954) Pause Young (Allocation Failure)
[640.730s][info][gc,heap        ] GC(954) DefNew: 595397K(629120K)->19862K(629120K) Eden: 559232K(559232K)->0K(559232K) From: 36165K(69888K)->19862K(69888K)
[640.730s][info][gc,heap        ] GC(954) Tenured: 1230988K(1398144K)->1252351K(1398144K)
[640.730s][info][gc,metaspace   ] GC(954) Metaspace: 120714K(124544K)->120714K(124544K) NonClass: 104498K(105088K)->104498K(105088K) Class: 16216K(19456K)->16216K(19456K)
[640.730s][info][gc             ] GC(954) Pause Young (Allocation Failure) 1783M->1242M(1979M) 12.398ms
[640.730s][info][gc,cpu         ] GC(954) User=0.00s Sys=0.00s Real=0.00s
[640.768s][info][gc,start       ] GC(955) Pause Young (Allocation Failure)
[640.780s][info][gc,heap        ] GC(955) DefNew: 579094K(629120K)->39406K(629120K) Eden: 559232K(559232K)->0K(559232K) From: 19862K(69888K)->39406K(69888K)
[640.780s][info][gc,heap        ] GC(955) Tenured: 1252351K(1398144K)->1252351K(1398144K)
[640.780s][info][gc,metaspace   ] GC(955) Metaspace: 120714K(124544K)->120714K(124544K) NonClass: 104498K(105088K)->104498K(105088K) Class: 16216K(19456K)->16216K(19456K)
[640.780s][info][gc             ] GC(955) Pause Young (Allocation Failure) 1788M->1261M(1979M) 11.967ms
[640.780s][info][gc,cpu         ] GC(955) User=0.02s Sys=0.00s Real=0.02s
[640.818s][info][gc,start       ] GC(956) Pause Young (Allocation Failure)
[640.831s][info][gc,heap        ] GC(956) DefNew: 598638K(629120K)->37725K(629120K) Eden: 559232K(559232K)->0K(559232K) From: 39406K(69888K)->37725K(69888K)
[640.831s][info][gc,heap        ] GC(956) Tenured: 1252351K(1398144K)->1260252K(1398144K)
[640.831s][info][gc,metaspace   ] GC(956) Metaspace: 120714K(124544K)->120714K(124544K) NonClass: 104498K(105088K)->104498K(105088K) Class: 16216K(19456K)->16216K(19456K)
[640.831s][info][gc             ] GC(956) Pause Young (Allocation Failure) 1807M->1267M(1979M) 13.361ms
[640.831s][info][gc,cpu         ] GC(956) User=0.02s Sys=0.00s Real=0.02s
[640.870s][info][gc,start       ] GC(957) Pause Young (Allocation Failure)
[640.883s][info][gc,heap        ] GC(957) DefNew: 596957K(629120K)->15903K(629120K) Eden: 559232K(559232K)->0K(559232K) From: 37725K(69888K)->15903K(69888K)
[640.883s][info][gc,heap        ] GC(957) Tenured: 1260252K(1398144K)->1289943K(1398144K)
[640.883s][info][gc,metaspace   ] GC(957) Metaspace: 120714K(124544K)->120714K(124544K) NonClass: 104498K(105088K)->104498K(105088K) Class: 16216K(19456K)->16216K(19456K)
[640.883s][info][gc             ] GC(957) Pause Young (Allocation Failure) 1813M->1275M(1979M) 13.461ms
[640.883s][info][gc,cpu         ] GC(957) User=0.02s Sys=0.00s Real=0.02s
[640.921s][info][gc,start       ] GC(958) Pause Young (Allocation Failure)
[640.927s][info][gc,heap        ] GC(958) DefNew: 575135K(629120K)->15938K(629120K) Eden: 559232K(559232K)->0K(559232K) From: 15903K(69888K)->15938K(69888K)
[640.927s][info][gc,heap        ] GC(958) Tenured: 1289943K(1398144K)->1289943K(1398144K)
[640.927s][info][gc,metaspace   ] GC(958) Metaspace: 120714K(124544K)->120714K(124544K) NonClass: 104498K(105088K)->104498K(105088K) Class: 16216K(19456K)->16216K(19456K)
[640.927s][info][gc             ] GC(958) Pause Young (Allocation Failure) 1821M->1275M(1979M) 6.671ms
[640.927s][info][gc,cpu         ] GC(958) User=0.00s Sys=0.00s Real=0.00s
[640.965s][info][gc,start       ] GC(959) Pause Young (Allocation Failure)
[640.973s][info][gc,heap        ] GC(959) DefNew: 575170K(629120K)->22421K(629120K) Eden: 559232K(559232K)->0K(559232K) From: 15938K(69888K)->22421K(69888K)
[640.973s][info][gc,heap        ] GC(959) Tenured: 1289943K(1398144K)->1289943K(1398144K)
[640.973s][info][gc,metaspace   ] GC(959) Metaspace: 120714K(124544K)->120714K(124544K) NonClass: 104498K(105088K)->104498K(105088K) Class: 16216K(19456K)->16216K(19456K)
[640.973s][info][gc             ] GC(959) Pause Young (Allocation Failure) 1821M->1281M(1979M) 8.096ms
[640.973s][info][gc,cpu         ] GC(959) User=0.00s Sys=0.00s Real=0.00s
[641.013s][info][gc,start       ] GC(960) Pause Young (Allocation Failure)
[641.034s][info][gc,heap        ] GC(960) DefNew: 581653K(629120K)->66092K(629120K) Eden: 559232K(559232K)->0K(559232K) From: 22421K(69888K)->66092K(69888K)
[641.034s][info][gc,heap        ] GC(960) Tenured: 1289943K(1398144K)->1302444K(1398144K)
[641.034s][info][gc,metaspace   ] GC(960) Metaspace: 120714K(124544K)->120714K(124544K) NonClass: 104498K(105088K)->104498K(105088K) Class: 16216K(19456K)->16216K(19456K)
[641.034s][info][gc             ] GC(960) Pause Young (Allocation Failure) 1827M->1336M(1979M) 21.061ms
[641.034s][info][gc,cpu         ] GC(960) User=0.02s Sys=0.00s Real=0.02s
[641.073s][info][gc,start       ] GC(961) Pause Young (Allocation Failure)
[641.094s][info][gc,heap        ] GC(961) DefNew: 625324K(629120K)->16877K(629120K) Eden: 559232K(559232K)->0K(559232K) From: 66092K(69888K)->16877K(69888K)
[641.094s][info][gc,heap        ] GC(961) Tenured: 1302444K(1398144K)->1368190K(1398144K)
[641.094s][info][gc,metaspace   ] GC(961) Metaspace: 120714K(124544K)->120714K(124544K) NonClass: 104498K(105088K)->104498K(105088K) Class: 16216K(19456K)->16216K(19456K)
[641.094s][info][gc             ] GC(961) Pause Young (Allocation Failure) 1882M->1352M(1979M) 21.560ms
[641.094s][info][gc,cpu         ] GC(961) User=0.02s Sys=0.00s Real=0.02s
[641.133s][info][gc,start       ] GC(962) Pause Young (Allocation Failure)
[641.134s][info][gc             ] GC(962) Pause Young (Allocation Failure) 1898M->1898M(1979M) 0.128ms
[641.134s][info][gc,cpu         ] GC(962) User=0.00s Sys=0.00s Real=0.00s
[641.134s][info][gc,start       ] GC(963) Pause Full (Allocation Failure)
[641.134s][info][gc,phases,start] GC(963) Phase 1: Mark live objects
[641.191s][info][gc,phases      ] GC(963) Phase 1: Mark live objects 57.157ms
[641.191s][info][gc,phases,start] GC(963) Phase 2: Compute new object addresses
[641.369s][info][gc,phases      ] GC(963) Phase 2: Compute new object addresses 177.684ms
[641.369s][info][gc,phases,start] GC(963) Phase 3: Adjust pointers
[641.403s][info][gc,phases      ] GC(963) Phase 3: Adjust pointers 34.456ms
[641.403s][info][gc,phases,start] GC(963) Phase 4: Move objects
[641.438s][info][gc,phases      ] GC(963) Phase 4: Move objects 35.281ms
[641.439s][info][gc,heap        ] GC(963) DefNew: 576109K(629120K)->0K(629120K) Eden: 559232K(559232K)->0K(559232K) From: 16877K(69888K)->0K(69888K)
[641.439s][info][gc,heap        ] GC(963) Tenured: 1368190K(1398144K)->1165195K(1398144K)
[641.439s][info][gc,metaspace   ] GC(963) Metaspace: 120714K(124544K)->120714K(124544K) NonClass: 104498K(105088K)->104498K(105088K) Class: 16216K(19456K)->16216K(19456K)
[641.439s][info][gc             ] GC(963) Pause Full (Allocation Failure) 1898M->1137M(1979M) 305.700ms
[641.439s][info][gc,cpu         ] GC(963) User=0.30s Sys=0.02s Real=0.31s
[641.492s][info][gc,start       ] GC(964) Pause Young (Allocation Failure)
[641.507s][info][gc,heap        ] GC(964) DefNew: 559232K(629120K)->51013K(629120K) Eden: 559232K(559232K)->0K(559232K) From: 0K(69888K)->51013K(69888K)
[641.507s][info][gc,heap        ] GC(964) Tenured: 1165195K(1398144K)->1165195K(1398144K)
[641.507s][info][gc,metaspace   ] GC(964) Metaspace: 120717K(124544K)->120717K(124544K) NonClass: 104501K(105088K)->104501K(105088K) Class: 16216K(19456K)->16216K(19456K)
[641.507s][info][gc             ] GC(964) Pause Young (Allocation Failure) 1684M->1187M(1979M) 15.605ms
[641.507s][info][gc,cpu         ] GC(964) User=0.00s Sys=0.02s Real=0.02s
[641.548s][info][gc,start       ] GC(965) Pause Young (Allocation Failure)
[641.572s][info][gc,heap        ] GC(965) DefNew: 610245K(629120K)->39250K(629120K) Eden: 559232K(559232K)->0K(559232K) From: 51013K(69888K)->39250K(69888K)
[641.572s][info][gc,heap        ] GC(965) Tenured: 1165195K(1398144K)->1214632K(1398144K)
[641.572s][info][gc,metaspace   ] GC(965) Metaspace: 120717K(124544K)->120717K(124544K) NonClass: 104501K(105088K)->104501K(105088K) Class: 16216K(19456K)->16216K(19456K)
[641.572s][info][gc             ] GC(965) Pause Young (Allocation Failure) 1733M->1224M(1979M) 24.207ms
[641.572s][info][gc,cpu         ] GC(965) User=0.02s Sys=0.00s Real=0.01s
[641.619s][info][gc,start       ] GC(966) Pause Young (Allocation Failure)
[641.640s][info][gc,heap        ] GC(966) DefNew: 598482K(629120K)->37345K(629120K) Eden: 559232K(559232K)->0K(559232K) From: 39250K(69888K)->37345K(69888K)
[641.640s][info][gc,heap        ] GC(966) Tenured: 1214632K(1398144K)->1251061K(1398144K)
[641.640s][info][gc,metaspace   ] GC(966) Metaspace: 120717K(124544K)->120717K(124544K) NonClass: 104501K(105088K)->104501K(105088K) Class: 16216K(19456K)->16216K(19456K)
[641.640s][info][gc             ] GC(966) Pause Young (Allocation Failure) 1770M->1258M(1979M) 20.980ms
[641.640s][info][gc,cpu         ] GC(966) User=0.02s Sys=0.00s Real=0.02s
[641.680s][info][gc,start       ] GC(967) Pause Young (Allocation Failure)
[641.697s][info][gc,heap        ] GC(967) DefNew: 596577K(629120K)->21895K(629120K) Eden: 559232K(559232K)->0K(559232K) From: 37345K(69888K)->21895K(69888K)
[641.697s][info][gc,heap        ] GC(967) Tenured: 1251061K(1398144K)->1282300K(1398144K)
[641.697s][info][gc,metaspace   ] GC(967) Metaspace: 120717K(124544K)->120717K(124544K) NonClass: 104501K(105088K)->104501K(105088K) Class: 16216K(19456K)->16216K(19456K)
[641.697s][info][gc             ] GC(967) Pause Young (Allocation Failure) 1804M->1273M(1979M) 16.779ms
[641.697s][info][gc,cpu         ] GC(967) User=0.02s Sys=0.00s Real=0.02s
[641.735s][info][gc,start       ] GC(968) Pause Young (Allocation Failure)
[641.749s][info][gc,heap        ] GC(968) DefNew: 581127K(629120K)->39098K(629120K) Eden: 559232K(559232K)->0K(559232K) From: 21895K(69888K)->39098K(69888K)
[641.749s][info][gc,heap        ] GC(968) Tenured: 1282300K(1398144K)->1282300K(1398144K)
[641.749s][info][gc,metaspace   ] GC(968) Metaspace: 120717K(124544K)->120717K(124544K) NonClass: 104501K(105088K)->104501K(105088K) Class: 16216K(19456K)->16216K(19456K)
[641.749s][info][gc             ] GC(968) Pause Young (Allocation Failure) 1819M->1290M(1979M) 13.801ms
[641.749s][info][gc,cpu         ] GC(968) User=0.02s Sys=0.00s Real=0.02s
[641.784s][info][gc,start       ] GC(969) Pause Young (Allocation Failure)
[641.802s][info][gc,heap        ] GC(969) DefNew: 598330K(629120K)->55136K(629120K) Eden: 559232K(559232K)->0K(559232K) From: 39098K(69888K)->55136K(69888K)
[641.802s][info][gc,heap        ] GC(969) Tenured: 1282300K(1398144K)->1282891K(1398144K)
[641.802s][info][gc,metaspace   ] GC(969) Metaspace: 120717K(124544K)->120717K(124544K) NonClass: 104501K(105088K)->104501K(105088K) Class: 16216K(19456K)->16216K(19456K)
[641.802s][info][gc             ] GC(969) Pause Young (Allocation Failure) 1836M->1306M(1979M) 17.405ms
[641.802s][info][gc,cpu         ] GC(969) User=0.02s Sys=0.00s Real=0.02s
[641.840s][info][gc,start       ] GC(970) Pause Young (Allocation Failure)
[641.867s][info][gc,heap        ] GC(970) DefNew: 614368K(629120K)->66650K(629120K) Eden: 559232K(559232K)->0K(559232K) From: 55136K(69888K)->66650K(69888K)
[641.867s][info][gc,heap        ] GC(970) Tenured: 1282891K(1398144K)->1309741K(1398144K)
[641.867s][info][gc,metaspace   ] GC(970) Metaspace: 120717K(124544K)->120717K(124544K) NonClass: 104501K(105088K)->104501K(105088K) Class: 16216K(19456K)->16216K(19456K)
[641.867s][info][gc             ] GC(970) Pause Young (Allocation Failure) 1852M->1344M(1979M) 26.571ms
[641.867s][info][gc,cpu         ] GC(970) User=0.03s Sys=0.00s Real=0.03s
[641.921s][info][gc,start       ] GC(971) Pause Young (Allocation Failure)
[641.956s][info][gc,heap        ] GC(971) DefNew: 625882K(629120K)->69675K(629120K) Eden: 559232K(559232K)->0K(559232K) From: 66650K(69888K)->69675K(69888K)
[641.956s][info][gc,heap        ] GC(971) Tenured: 1309741K(1398144K)->1369383K(1398144K)
[641.956s][info][gc,metaspace   ] GC(971) Metaspace: 120717K(124544K)->120717K(124544K) NonClass: 104501K(105088K)->104501K(105088K) Class: 16216K(19456K)->16216K(19456K)
[641.956s][info][gc             ] GC(971) Pause Young (Allocation Failure) 1890M->1405M(1979M) 34.712ms
[641.956s][info][gc,cpu         ] GC(971) User=0.03s Sys=0.00s Real=0.03s
[641.992s][info][gc,start       ] GC(972) Pause Young (Allocation Failure)
[641.992s][info][gc             ] GC(972) Pause Young (Allocation Failure) 1951M->1951M(1979M) 0.121ms
[641.992s][info][gc,cpu         ] GC(972) User=0.00s Sys=0.00s Real=0.00s
[641.993s][info][gc,start       ] GC(973) Pause Full (Allocation Failure)
[641.993s][info][gc,phases,start] GC(973) Phase 1: Mark live objects
[642.050s][info][gc,phases      ] GC(973) Phase 1: Mark live objects 57.340ms
[642.050s][info][gc,phases,start] GC(973) Phase 2: Compute new object addresses
[642.186s][info][gc,phases      ] GC(973) Phase 2: Compute new object addresses 136.296ms
[642.186s][info][gc,phases,start] GC(973) Phase 3: Adjust pointers
[642.219s][info][gc,phases      ] GC(973) Phase 3: Adjust pointers 32.984ms
[642.219s][info][gc,phases,start] GC(973) Phase 4: Move objects
[642.255s][info][gc,phases      ] GC(973) Phase 4: Move objects 35.476ms
[642.256s][info][gc,heap        ] GC(973) DefNew: 628907K(629120K)->0K(629120K) Eden: 559232K(559232K)->0K(559232K) From: 69675K(69888K)->0K(69888K)
[642.256s][info][gc,heap        ] GC(973) Tenured: 1369383K(1398144K)->1239347K(1398144K)
[642.256s][info][gc,metaspace   ] GC(973) Metaspace: 120717K(124544K)->120717K(124544K) NonClass: 104501K(105088K)->104501K(105088K) Class: 16216K(19456K)->16216K(19456K)
[642.256s][info][gc             ] GC(973) Pause Full (Allocation Failure) 1951M->1210M(1979M) 263.266ms
[642.256s][info][gc,cpu         ] GC(973) User=0.27s Sys=0.00s Real=0.27s
[642.294s][info][gc,start       ] GC(974) Pause Young (Allocation Failure)
[642.304s][info][gc,heap        ] GC(974) DefNew: 559232K(629120K)->31767K(629120K) Eden: 559232K(559232K)->0K(559232K) From: 0K(69888K)->31767K(69888K)
[642.304s][info][gc,heap        ] GC(974) Tenured: 1239347K(1398144K)->1239347K(1398144K)
[642.304s][info][gc,metaspace   ] GC(974) Metaspace: 120717K(124544K)->120717K(124544K) NonClass: 104501K(105088K)->104501K(105088K) Class: 16216K(19456K)->16216K(19456K)
[642.304s][info][gc             ] GC(974) Pause Young (Allocation Failure) 1756M->1241M(1979M) 9.913ms
[642.304s][info][gc,cpu         ] GC(974) User=0.00s Sys=0.00s Real=0.00s
[642.333s][info][gc,start       ] GC(975) Pause Young (Allocation Failure)
[642.353s][info][gc,heap        ] GC(975) DefNew: 590999K(629120K)->69494K(629120K) Eden: 559232K(559232K)->0K(559232K) From: 31767K(69888K)->69494K(69888K)
[642.353s][info][gc,heap        ] GC(975) Tenured: 1239347K(1398144K)->1245597K(1398144K)
[642.353s][info][gc,metaspace   ] GC(975) Metaspace: 120717K(124544K)->120717K(124544K) NonClass: 104501K(105088K)->104501K(105088K) Class: 16216K(19456K)->16216K(19456K)
[642.353s][info][gc             ] GC(975) Pause Young (Allocation Failure) 1787M->1284M(1979M) 19.678ms
[642.353s][info][gc,cpu         ] GC(975) User=0.03s Sys=0.00s Real=0.03s
[642.384s][info][gc,start       ] GC(976) Pause Young (Allocation Failure)
[642.411s][info][gc,heap        ] GC(976) DefNew: 626374K(629120K)->66423K(629120K) Eden: 556880K(559232K)->0K(559232K) From: 69494K(69888K)->66423K(69888K)
[642.411s][info][gc,heap        ] GC(976) Tenured: 1245597K(1398144K)->1284605K(1398144K)
[642.411s][info][gc,metaspace   ] GC(976) Metaspace: 120717K(124544K)->120717K(124544K) NonClass: 104501K(105088K)->104501K(105088K) Class: 16216K(19456K)->16216K(19456K)
[642.411s][info][gc             ] GC(976) Pause Young (Allocation Failure) 1828M->1319M(1979M) 26.726ms
[642.411s][info][gc,cpu         ] GC(976) User=0.02s Sys=0.00s Real=0.02s
[642.445s][info][gc,start       ] GC(977) Pause Young (Allocation Failure)
[642.475s][info][gc,heap        ] GC(977) DefNew: 625655K(629120K)->69176K(629120K) Eden: 559232K(559232K)->0K(559232K) From: 66423K(69888K)->69176K(69888K)
[642.475s][info][gc,heap        ] GC(977) Tenured: 1284605K(1398144K)->1338967K(1398144K)
[642.475s][info][gc,metaspace   ] GC(977) Metaspace: 120717K(124544K)->120717K(124544K) NonClass: 104501K(105088K)->104501K(105088K) Class: 16216K(19456K)->16216K(19456K)
[642.475s][info][gc             ] GC(977) Pause Young (Allocation Failure) 1865M->1375M(1979M) 30.305ms
[642.475s][info][gc,cpu         ] GC(977) User=0.03s Sys=0.00s Real=0.03s
[642.508s][info][gc,start       ] GC(978) Pause Young (Allocation Failure)
[642.508s][info][gc             ] GC(978) Pause Young (Allocation Failure) 1921M->1921M(1979M) 0.120ms
[642.508s][info][gc,cpu         ] GC(978) User=0.00s Sys=0.00s Real=0.00s
[642.508s][info][gc,start       ] GC(979) Pause Full (Allocation Failure)
[642.508s][info][gc,phases,start] GC(979) Phase 1: Mark live objects
[642.562s][info][gc,phases      ] GC(979) Phase 1: Mark live objects 54.105ms
[642.562s][info][gc,phases,start] GC(979) Phase 2: Compute new object addresses
[642.702s][info][gc,phases      ] GC(979) Phase 2: Compute new object addresses 139.877ms
[642.702s][info][gc,phases,start] GC(979) Phase 3: Adjust pointers
[642.734s][info][gc,phases      ] GC(979) Phase 3: Adjust pointers 31.582ms
[642.734s][info][gc,phases,start] GC(979) Phase 4: Move objects
[642.756s][info][gc,phases      ] GC(979) Phase 4: Move objects 21.902ms
[642.757s][info][gc,heap        ] GC(979) DefNew: 628408K(629120K)->0K(629120K) Eden: 559232K(559232K)->0K(559232K) From: 69176K(69888K)->0K(69888K)
[642.757s][info][gc,heap        ] GC(979) Tenured: 1338967K(1398144K)->1318592K(1398144K)
[642.757s][info][gc,metaspace   ] GC(979) Metaspace: 120717K(124544K)->120717K(124544K) NonClass: 104501K(105088K)->104501K(105088K) Class: 16216K(19456K)->16216K(19456K)
[642.757s][info][gc             ] GC(979) Pause Full (Allocation Failure) 1921M->1287M(1979M) 248.587ms
[642.757s][info][gc,cpu         ] GC(979) User=0.25s Sys=0.00s Real=0.25s
[642.791s][info][gc,start       ] GC(980) Pause Young (Allocation Failure)
[642.801s][info][gc,heap        ] GC(980) DefNew: 559232K(629120K)->33764K(629120K) Eden: 559232K(559232K)->0K(559232K) From: 0K(69888K)->33764K(69888K)
[642.801s][info][gc,heap        ] GC(980) Tenured: 1318592K(1398144K)->1318592K(1398144K)
[642.801s][info][gc,metaspace   ] GC(980) Metaspace: 120717K(124544K)->120717K(124544K) NonClass: 104501K(105088K)->104501K(105088K) Class: 16216K(19456K)->16216K(19456K)
[642.801s][info][gc             ] GC(980) Pause Young (Allocation Failure) 1833M->1320M(1979M) 9.975ms
[642.801s][info][gc,cpu         ] GC(980) User=0.00s Sys=0.00s Real=0.00s
[642.829s][info][gc,start       ] GC(981) Pause Young (Allocation Failure)
[642.848s][info][gc,heap        ] GC(981) DefNew: 592996K(629120K)->68869K(629120K) Eden: 559232K(559232K)->0K(559232K) From: 33764K(69888K)->68869K(69888K)
[642.848s][info][gc,heap        ] GC(981) Tenured: 1318592K(1398144K)->1322669K(1398144K)
[642.848s][info][gc,metaspace   ] GC(981) Metaspace: 120717K(124544K)->120717K(124544K) NonClass: 104501K(105088K)->104501K(105088K) Class: 16216K(19456K)->16216K(19456K)
[642.848s][info][gc             ] GC(981) Pause Young (Allocation Failure) 1866M->1358M(1979M) 18.583ms
[642.848s][info][gc,cpu         ] GC(981) User=0.02s Sys=0.00s Real=0.02s
[642.879s][info][gc,start       ] GC(982) Pause Young (Allocation Failure)
[642.910s][info][gc,heap        ] GC(982) DefNew: 628101K(629120K)->68850K(629120K) Eden: 559232K(559232K)->0K(559232K) From: 68869K(69888K)->68850K(69888K)
[642.910s][info][gc,heap        ] GC(982) Tenured: 1322669K(1398144K)->1360049K(1398144K)
[642.910s][info][gc,metaspace   ] GC(982) Metaspace: 120717K(124544K)->120717K(124544K) NonClass: 104501K(105088K)->104501K(105088K) Class: 16216K(19456K)->16216K(19456K)
[642.910s][info][gc             ] GC(982) Pause Young (Allocation Failure) 1905M->1395M(1979M) 31.001ms
[642.910s][info][gc,cpu         ] GC(982) User=0.03s Sys=0.00s Real=0.03s
[642.946s][info][gc,start       ] GC(983) Pause Young (Allocation Failure)
[642.946s][info][gc             ] GC(983) Pause Young (Allocation Failure) 1941M->1941M(1979M) 0.137ms
[642.946s][info][gc,cpu         ] GC(983) User=0.00s Sys=0.00s Real=0.00s
[642.946s][info][gc,start       ] GC(984) Pause Full (Allocation Failure)
[642.947s][info][gc,phases,start] GC(984) Phase 1: Mark live objects
[643.001s][info][gc,phases      ] GC(984) Phase 1: Mark live objects 54.061ms
[643.001s][info][gc,phases,start] GC(984) Phase 2: Compute new object addresses
[643.135s][info][gc,phases      ] GC(984) Phase 2: Compute new object addresses 134.330ms
[643.135s][info][gc,phases,start] GC(984) Phase 3: Adjust pointers
[643.167s][info][gc,phases      ] GC(984) Phase 3: Adjust pointers 32.048ms
[643.167s][info][gc,phases,start] GC(984) Phase 4: Move objects
[643.245s][info][gc,phases      ] GC(984) Phase 4: Move objects 77.598ms
[643.246s][info][gc,heap        ] GC(984) DefNew: 628082K(629120K)->0K(629120K) Eden: 559232K(559232K)->0K(559232K) From: 68850K(69888K)->0K(69888K)
[643.246s][info][gc,heap        ] GC(984) Tenured: 1360049K(1398144K)->1313902K(1398144K)
[643.246s][info][gc,metaspace   ] GC(984) Metaspace: 120717K(124544K)->120717K(124544K) NonClass: 104501K(105088K)->104501K(105088K) Class: 16216K(19456K)->16216K(19456K)
[643.246s][info][gc             ] GC(984) Pause Full (Allocation Failure) 1941M->1283M(1979M) 299.297ms
[643.246s][info][gc,cpu         ] GC(984) User=0.30s Sys=0.00s Real=0.30s
[643.282s][info][gc,start       ] GC(985) Pause Young (Allocation Failure)
[643.294s][info][gc,heap        ] GC(985) DefNew: 559232K(629120K)->45642K(629120K) Eden: 559232K(559232K)->0K(559232K) From: 0K(69888K)->45642K(69888K)
[643.294s][info][gc,heap        ] GC(985) Tenured: 1313902K(1398144K)->1313902K(1398144K)
[643.294s][info][gc,metaspace   ] GC(985) Metaspace: 120717K(124544K)->120717K(124544K) NonClass: 104501K(105088K)->104501K(105088K) Class: 16216K(19456K)->16216K(19456K)
[643.294s][info][gc             ] GC(985) Pause Young (Allocation Failure) 1829M->1327M(1979M) 12.407ms
[643.294s][info][gc,cpu         ] GC(985) User=0.02s Sys=0.00s Real=0.02s
[643.322s][info][gc,start       ] GC(986) Pause Young (Allocation Failure)
[643.343s][info][gc,heap        ] GC(986) DefNew: 604874K(629120K)->46743K(629120K) Eden: 559232K(559232K)->0K(559232K) From: 45642K(69888K)->46743K(69888K)
[643.343s][info][gc,heap        ] GC(986) Tenured: 1313902K(1398144K)->1349212K(1398144K)
[643.343s][info][gc,metaspace   ] GC(986) Metaspace: 120717K(124544K)->120717K(124544K) NonClass: 104501K(105088K)->104501K(105088K) Class: 16216K(19456K)->16216K(19456K)
[643.343s][info][gc             ] GC(986) Pause Young (Allocation Failure) 1873M->1363M(1979M) 20.686ms
[643.343s][info][gc,cpu         ] GC(986) User=0.02s Sys=0.00s Real=0.02s
[643.374s][info][gc,start       ] GC(987) Pause Young (Allocation Failure)
[643.374s][info][gc             ] GC(987) Pause Young (Allocation Failure) 1907M->1907M(1979M) 0.126ms
[643.374s][info][gc,cpu         ] GC(987) User=0.00s Sys=0.00s Real=0.00s
[643.374s][info][gc,start       ] GC(988) Pause Full (Allocation Failure)
[643.374s][info][gc,phases,start] GC(988) Phase 1: Mark live objects
[643.430s][info][gc,phases      ] GC(988) Phase 1: Mark live objects 55.809ms
[643.430s][info][gc,phases,start] GC(988) Phase 2: Compute new object addresses
[643.581s][info][gc,phases      ] GC(988) Phase 2: Compute new object addresses 150.931ms
[643.581s][info][gc,phases,start] GC(988) Phase 3: Adjust pointers
[643.612s][info][gc,phases      ] GC(988) Phase 3: Adjust pointers 31.185ms
[643.612s][info][gc,phases,start] GC(988) Phase 4: Move objects
[643.633s][info][gc,phases      ] GC(988) Phase 4: Move objects 20.355ms
[643.633s][info][gc,heap        ] GC(988) DefNew: 603679K(629120K)->43854K(629120K) Eden: 556935K(559232K)->43854K(559232K) From: 46743K(69888K)->0K(69888K)
[643.633s][info][gc,heap        ] GC(988) Tenured: 1349212K(1398144K)->1397609K(1398144K)
[643.633s][info][gc,metaspace   ] GC(988) Metaspace: 120717K(124544K)->120717K(124544K) NonClass: 104501K(105088K)->104501K(105088K) Class: 16216K(19456K)->16216K(19456K)
[643.633s][info][gc             ] GC(988) Pause Full (Allocation Failure) 1907M->1407M(1979M) 259.520ms
[643.633s][info][gc,cpu         ] GC(988) User=0.27s Sys=0.00s Real=0.27s
[645.005s][info][gc,start       ] GC(989) Pause Full (Allocation Failure)
[645.005s][info][gc,phases,start] GC(989) Phase 1: Mark live objects
[645.060s][info][gc,phases      ] GC(989) Phase 1: Mark live objects 54.902ms
[645.060s][info][gc,phases,start] GC(989) Phase 2: Compute new object addresses
[645.209s][info][gc,phases      ] GC(989) Phase 2: Compute new object addresses 148.453ms
[645.209s][info][gc,phases,start] GC(989) Phase 3: Adjust pointers
[645.241s][info][gc,phases      ] GC(989) Phase 3: Adjust pointers 32.278ms
[645.241s][info][gc,phases,start] GC(989) Phase 4: Move objects
[645.262s][info][gc,phases      ] GC(989) Phase 4: Move objects 20.589ms
[645.263s][info][gc,heap        ] GC(989) DefNew: 629120K(629120K)->8724K(629120K) Eden: 559232K(559232K)->8724K(559232K) From: 69888K(69888K)->0K(69888K)
[645.263s][info][gc,heap        ] GC(989) Tenured: 1398144K(1398144K)->1397666K(1398144K)
[645.263s][info][gc,metaspace   ] GC(989) Metaspace: 120717K(124544K)->120717K(124544K) NonClass: 104501K(105088K)->104501K(105088K) Class: 16216K(19456K)->16216K(19456K)
[645.263s][info][gc             ] GC(989) Pause Full (Allocation Failure) 1979M->1373M(1979M) 257.422ms
[645.263s][info][gc,cpu         ] GC(989) User=0.25s Sys=0.00s Real=0.26s
[647.353s][info][gc,start       ] GC(990) Pause Full (Allocation Failure)
[647.353s][info][gc,phases,start] GC(990) Phase 1: Mark live objects
[647.407s][info][gc,phases      ] GC(990) Phase 1: Mark live objects 53.799ms
[647.407s][info][gc,phases,start] GC(990) Phase 2: Compute new object addresses
[647.580s][info][gc,phases      ] GC(990) Phase 2: Compute new object addresses 172.972ms
[647.580s][info][gc,phases,start] GC(990) Phase 3: Adjust pointers
[647.611s][info][gc,phases      ] GC(990) Phase 3: Adjust pointers 31.799ms
[647.612s][info][gc,phases,start] GC(990) Phase 4: Move objects
[647.619s][info][gc,phases      ] GC(990) Phase 4: Move objects 7.656ms
[647.620s][info][gc,heap        ] GC(990) DefNew: 629119K(629120K)->38995K(629120K) Eden: 559232K(559232K)->38995K(559232K) From: 69887K(69888K)->0K(69888K)
[647.620s][info][gc,heap        ] GC(990) Tenured: 1398144K(1398144K)->1398144K(1398144K)
[647.620s][info][gc,metaspace   ] GC(990) Metaspace: 120725K(124608K)->120725K(124608K) NonClass: 104509K(105152K)->104509K(105152K) Class: 16216K(19456K)->16216K(19456K)
[647.620s][info][gc             ] GC(990) Pause Full (Allocation Failure) 1979M->1403M(1979M) 267.405ms
[647.620s][info][gc,cpu         ] GC(990) User=0.27s Sys=0.00s Real=0.27s
[649.375s][info][gc,start       ] GC(991) Pause Full (Allocation Failure)
[649.375s][info][gc,phases,start] GC(991) Phase 1: Mark live objects
[649.429s][info][gc,phases      ] GC(991) Phase 1: Mark live objects 53.615ms
[649.429s][info][gc,phases,start] GC(991) Phase 2: Compute new object addresses
[649.589s][info][gc,phases      ] GC(991) Phase 2: Compute new object addresses 160.306ms
[649.589s][info][gc,phases,start] GC(991) Phase 3: Adjust pointers
[649.621s][info][gc,phases      ] GC(991) Phase 3: Adjust pointers 31.458ms
[649.621s][info][gc,phases,start] GC(991) Phase 4: Move objects
[649.698s][info][gc,phases      ] GC(991) Phase 4: Move objects 77.302ms
[649.699s][info][gc,heap        ] GC(991) DefNew: 629120K(629120K)->0K(629120K) Eden: 559232K(559232K)->0K(559232K) From: 69888K(69888K)->0K(69888K)
[649.699s][info][gc,heap        ] GC(991) Tenured: 1398144K(1398144K)->1396527K(1398144K)
[649.699s][info][gc,metaspace   ] GC(991) Metaspace: 120725K(124608K)->120725K(124608K) NonClass: 104509K(105152K)->104509K(105152K) Class: 16216K(19456K)->16216K(19456K)
[649.699s][info][gc             ] GC(991) Pause Full (Allocation Failure) 1979M->1363M(1979M) 323.935ms
[649.699s][info][gc,cpu         ] GC(991) User=0.33s Sys=0.00s Real=0.33s
[649.737s][info][gc,start       ] GC(992) Pause Young (Allocation Failure)
[649.737s][info][gc             ] GC(992) Pause Young (Allocation Failure) 1909M->1909M(1979M) 0.120ms
[649.737s][info][gc,cpu         ] GC(992) User=0.00s Sys=0.00s Real=0.00s
[649.737s][info][gc,start       ] GC(993) Pause Full (Allocation Failure)
[649.737s][info][gc,phases,start] GC(993) Phase 1: Mark live objects
[649.802s][info][gc,phases      ] GC(993) Phase 1: Mark live objects 65.125ms
[649.802s][info][gc,phases,start] GC(993) Phase 2: Compute new object addresses
[649.942s][info][gc,phases      ] GC(993) Phase 2: Compute new object addresses 139.644ms
[649.942s][info][gc,phases,start] GC(993) Phase 3: Adjust pointers
[649.974s][info][gc,phases      ] GC(993) Phase 3: Adjust pointers 31.745ms
[649.974s][info][gc,phases,start] GC(993) Phase 4: Move objects
[649.985s][info][gc,phases      ] GC(993) Phase 4: Move objects 11.756ms
[649.986s][info][gc,heap        ] GC(993) DefNew: 559232K(629120K)->52835K(629120K) Eden: 559232K(559232K)->52835K(559232K) From: 0K(69888K)->0K(69888K)
[649.986s][info][gc,heap        ] GC(993) Tenured: 1396527K(1398144K)->1396627K(1398144K)
[649.986s][info][gc,metaspace   ] GC(993) Metaspace: 120725K(124608K)->120725K(124608K) NonClass: 104509K(105152K)->104509K(105152K) Class: 16216K(19456K)->16216K(19456K)
[649.986s][info][gc             ] GC(993) Pause Full (Allocation Failure) 1909M->1415M(1979M) 249.374ms
[649.986s][info][gc,cpu         ] GC(993) User=0.23s Sys=0.00s Real=0.24s
[651.715s][info][gc,start       ] GC(994) Pause Full (Allocation Failure)
[651.715s][info][gc,phases,start] GC(994) Phase 1: Mark live objects
[651.770s][info][gc,phases      ] GC(994) Phase 1: Mark live objects 54.546ms
[651.770s][info][gc,phases,start] GC(994) Phase 2: Compute new object addresses
[651.917s][info][gc,phases      ] GC(994) Phase 2: Compute new object addresses 147.487ms
[651.917s][info][gc,phases,start] GC(994) Phase 3: Adjust pointers
[651.949s][info][gc,phases      ] GC(994) Phase 3: Adjust pointers 31.677ms
[651.949s][info][gc,phases,start] GC(994) Phase 4: Move objects
[651.964s][info][gc,phases      ] GC(994) Phase 4: Move objects 14.663ms
[651.965s][info][gc,heap        ] GC(994) DefNew: 629119K(629120K)->69620K(629120K) Eden: 559232K(559232K)->69620K(559232K) From: 69887K(69888K)->0K(69888K)
[651.965s][info][gc,heap        ] GC(994) Tenured: 1398143K(1398144K)->1398143K(1398144K)
[651.965s][info][gc,metaspace   ] GC(994) Metaspace: 120725K(124608K)->120725K(124608K) NonClass: 104509K(105152K)->104509K(105152K) Class: 16216K(19456K)->16216K(19456K)
[651.965s][info][gc             ] GC(994) Pause Full (Allocation Failure) 1979M->1433M(1979M) 249.555ms
[651.965s][info][gc,cpu         ] GC(994) User=0.25s Sys=0.00s Real=0.25s
[653.903s][info][gc,start       ] GC(995) Pause Full (Allocation Failure)
[653.903s][info][gc,phases,start] GC(995) Phase 1: Mark live objects
[653.958s][info][gc,phases      ] GC(995) Phase 1: Mark live objects 54.926ms
[653.958s][info][gc,phases,start] GC(995) Phase 2: Compute new object addresses
[654.107s][info][gc,phases      ] GC(995) Phase 2: Compute new object addresses 148.366ms
[654.107s][info][gc,phases,start] GC(995) Phase 3: Adjust pointers
[654.139s][info][gc,phases      ] GC(995) Phase 3: Adjust pointers 32.160ms
[654.139s][info][gc,phases,start] GC(995) Phase 4: Move objects
[654.152s][info][gc,phases      ] GC(995) Phase 4: Move objects 13.062ms
[654.153s][info][gc,heap        ] GC(995) DefNew: 629120K(629120K)->66169K(629120K) Eden: 559232K(559232K)->66169K(559232K) From: 69888K(69888K)->0K(69888K)
[654.153s][info][gc,heap        ] GC(995) Tenured: 1398143K(1398144K)->1398143K(1398144K)
[654.153s][info][gc,metaspace   ] GC(995) Metaspace: 120725K(124608K)->120725K(124608K) NonClass: 104509K(105152K)->104509K(105152K) Class: 16216K(19456K)->16216K(19456K)
[654.153s][info][gc             ] GC(995) Pause Full (Allocation Failure) 1979M->1429M(1979M) 249.713ms
[654.153s][info][gc,cpu         ] GC(995) User=0.25s Sys=0.00s Real=0.24s
[656.386s][info][gc,start       ] GC(996) Pause Full (Allocation Failure)
[656.386s][info][gc,phases,start] GC(996) Phase 1: Mark live objects
[656.441s][info][gc,phases      ] GC(996) Phase 1: Mark live objects 55.250ms
[656.441s][info][gc,phases,start] GC(996) Phase 2: Compute new object addresses
[656.595s][info][gc,phases      ] GC(996) Phase 2: Compute new object addresses 154.003ms
[656.595s][info][gc,phases,start] GC(996) Phase 3: Adjust pointers
[656.627s][info][gc,phases      ] GC(996) Phase 3: Adjust pointers 32.187ms
[656.627s][info][gc,phases,start] GC(996) Phase 4: Move objects
[656.718s][info][gc,phases      ] GC(996) Phase 4: Move objects 90.908ms
[656.719s][info][gc,heap        ] GC(996) DefNew: 629119K(629120K)->3854K(629120K) Eden: 559232K(559232K)->3854K(559232K) From: 69887K(69888K)->0K(69888K)
[656.719s][info][gc,heap        ] GC(996) Tenured: 1398143K(1398144K)->1395851K(1398144K)
[656.719s][info][gc,metaspace   ] GC(996) Metaspace: 120726K(124608K)->120726K(124608K) NonClass: 104510K(105152K)->104510K(105152K) Class: 16216K(19456K)->16216K(19456K)
[656.719s][info][gc             ] GC(996) Pause Full (Allocation Failure) 1979M->1366M(1979M) 333.604ms
[656.719s][info][gc,cpu         ] GC(996) User=0.34s Sys=0.00s Real=0.33s
[658.938s][info][gc,start       ] GC(997) Pause Full (Allocation Failure)
[658.938s][info][gc,phases,start] GC(997) Phase 1: Mark live objects
[658.991s][info][gc,phases      ] GC(997) Phase 1: Mark live objects 53.536ms
[658.991s][info][gc,phases,start] GC(997) Phase 2: Compute new object addresses
[659.182s][info][gc,phases      ] GC(997) Phase 2: Compute new object addresses 190.605ms
[659.182s][info][gc,phases,start] GC(997) Phase 3: Adjust pointers
[659.214s][info][gc,phases      ] GC(997) Phase 3: Adjust pointers 32.286ms
[659.214s][info][gc,phases,start] GC(997) Phase 4: Move objects
[659.214s][info][gc,phases      ] GC(997) Phase 4: Move objects 0.027ms
[659.215s][info][gc,heap        ] GC(997) DefNew: 629119K(629120K)->3814K(629120K) Eden: 559232K(559232K)->3814K(559232K) From: 69887K(69888K)->0K(69888K)
[659.215s][info][gc,heap        ] GC(997) Tenured: 1398143K(1398144K)->1398143K(1398144K)
[659.215s][info][gc,metaspace   ] GC(997) Metaspace: 120749K(124608K)->120749K(124608K) NonClass: 104533K(105152K)->104533K(105152K) Class: 16216K(19456K)->16216K(19456K)
[659.215s][info][gc             ] GC(997) Pause Full (Allocation Failure) 1979M->1369M(1979M) 277.603ms
[659.215s][info][gc,cpu         ] GC(997) User=0.30s Sys=0.00s Real=0.29s
[661.358s][info][gc,start       ] GC(998) Pause Full (Allocation Failure)
[661.358s][info][gc,phases,start] GC(998) Phase 1: Mark live objects
[661.411s][info][gc,phases      ] GC(998) Phase 1: Mark live objects 53.688ms
[661.411s][info][gc,phases,start] GC(998) Phase 2: Compute new object addresses
[661.586s][info][gc,phases      ] GC(998) Phase 2: Compute new object addresses 174.531ms
[661.586s][info][gc,phases,start] GC(998) Phase 3: Adjust pointers
[661.617s][info][gc,phases      ] GC(998) Phase 3: Adjust pointers 31.124ms
[661.617s][info][gc,phases,start] GC(998) Phase 4: Move objects
[661.617s][info][gc,phases      ] GC(998) Phase 4: Move objects 0.044ms
[661.618s][info][gc,heap        ] GC(998) DefNew: 629119K(629120K)->3878K(629120K) Eden: 559232K(559232K)->3878K(559232K) From: 69887K(69888K)->0K(69888K)
[661.618s][info][gc,heap        ] GC(998) Tenured: 1398143K(1398144K)->1398143K(1398144K)
[661.618s][info][gc,metaspace   ] GC(998) Metaspace: 120749K(124608K)->120749K(124608K) NonClass: 104533K(105152K)->104533K(105152K) Class: 16216K(19456K)->16216K(19456K)
[661.618s][info][gc             ] GC(998) Pause Full (Allocation Failure) 1979M->1369M(1979M) 260.507ms
[661.618s][info][gc,cpu         ] GC(998) User=0.27s Sys=0.00s Real=0.27s
[664.138s][info][gc,start       ] GC(999) Pause Full (Allocation Failure)
[664.138s][info][gc,phases,start] GC(999) Phase 1: Mark live objects
[664.201s][info][gc,phases      ] GC(999) Phase 1: Mark live objects 62.715ms
[664.201s][info][gc,phases,start] GC(999) Phase 2: Compute new object addresses
[664.378s][info][gc,phases      ] GC(999) Phase 2: Compute new object addresses 176.836ms
[664.378s][info][gc,phases,start] GC(999) Phase 3: Adjust pointers
[664.410s][info][gc,phases      ] GC(999) Phase 3: Adjust pointers 31.746ms
[664.410s][info][gc,phases,start] GC(999) Phase 4: Move objects
[664.410s][info][gc,phases      ] GC(999) Phase 4: Move objects 0.038ms
[664.411s][info][gc,heap        ] GC(999) DefNew: 629120K(629120K)->3869K(629120K) Eden: 559232K(559232K)->3869K(559232K) From: 69888K(69888K)->0K(69888K)
[664.411s][info][gc,heap        ] GC(999) Tenured: 1398143K(1398144K)->1398143K(1398144K)
[664.411s][info][gc,metaspace   ] GC(999) Metaspace: 120749K(124608K)->120749K(124608K) NonClass: 104533K(105152K)->104533K(105152K) Class: 16216K(19456K)->16216K(19456K)
[664.411s][info][gc             ] GC(999) Pause Full (Allocation Failure) 1979M->1369M(1979M) 272.556ms
[664.411s][info][gc,cpu         ] GC(999) User=0.27s Sys=0.00s Real=0.27s
[667.001s][info][gc,start       ] GC(1000) Pause Full (Allocation Failure)
[667.002s][info][gc,phases,start] GC(1000) Phase 1: Mark live objects
[667.055s][info][gc,phases      ] GC(1000) Phase 1: Mark live objects 53.850ms
[667.055s][info][gc,phases,start] GC(1000) Phase 2: Compute new object addresses
[667.245s][info][gc,phases      ] GC(1000) Phase 2: Compute new object addresses 189.271ms
[667.245s][info][gc,phases,start] GC(1000) Phase 3: Adjust pointers
[667.277s][info][gc,phases      ] GC(1000) Phase 3: Adjust pointers 31.711ms
[667.277s][info][gc,phases,start] GC(1000) Phase 4: Move objects
[667.343s][info][gc,phases      ] GC(1000) Phase 4: Move objects 66.821ms
[667.344s][info][gc,heap        ] GC(1000) DefNew: 629120K(629120K)->3859K(629120K) Eden: 559232K(559232K)->3859K(559232K) From: 69888K(69888K)->0K(69888K)
[667.366s][info][gc,heap        ] GC(1000) Tenured: 1398143K(1398144K)->1395832K(1398144K)
[667.366s][info][gc,metaspace   ] GC(1000) Metaspace: 120749K(124608K)->120749K(124608K) NonClass: 104533K(105152K)->104533K(105152K) Class: 16216K(19456K)->16216K(19456K)
[667.366s][info][gc             ] GC(1000) Pause Full (Allocation Failure) 1979M->1366M(1979M) 364.395ms
[667.366s][info][gc,cpu         ] GC(1000) User=0.34s Sys=0.00s Real=0.35s
[669.577s][info][gc,start       ] GC(1001) Pause Full (Allocation Failure)
[669.577s][info][gc,phases,start] GC(1001) Phase 1: Mark live objects
[669.631s][info][gc,phases      ] GC(1001) Phase 1: Mark live objects 53.669ms
[669.631s][info][gc,phases,start] GC(1001) Phase 2: Compute new object addresses
[669.819s][info][gc,phases      ] GC(1001) Phase 2: Compute new object addresses 188.268ms
[669.819s][info][gc,phases,start] GC(1001) Phase 3: Adjust pointers
[669.851s][info][gc,phases      ] GC(1001) Phase 3: Adjust pointers 31.769ms
[669.851s][info][gc,phases,start] GC(1001) Phase 4: Move objects
[669.851s][info][gc,phases      ] GC(1001) Phase 4: Move objects 0.032ms
[669.852s][info][gc,heap        ] GC(1001) DefNew: 629119K(629120K)->3821K(629120K) Eden: 559232K(559232K)->3821K(559232K) From: 69887K(69888K)->0K(69888K)
[669.852s][info][gc,heap        ] GC(1001) Tenured: 1398143K(1398144K)->1398143K(1398144K)
[669.852s][info][gc,metaspace   ] GC(1001) Metaspace: 120749K(124608K)->120749K(124608K) NonClass: 104533K(105152K)->104533K(105152K) Class: 16216K(19456K)->16216K(19456K)
[669.852s][info][gc             ] GC(1001) Pause Full (Allocation Failure) 1979M->1369M(1979M) 274.865ms
[669.852s][info][gc,cpu         ] GC(1001) User=0.27s Sys=0.00s Real=0.27s
[671.587s][info][gc,start       ] GC(1002) Pause Full (Allocation Failure)
[671.587s][info][gc,phases,start] GC(1002) Phase 1: Mark live objects
[671.652s][info][gc,phases      ] GC(1002) Phase 1: Mark live objects 65.241ms
[671.652s][info][gc,phases,start] GC(1002) Phase 2: Compute new object addresses
[671.826s][info][gc,phases      ] GC(1002) Phase 2: Compute new object addresses 173.629ms
[671.826s][info][gc,phases,start] GC(1002) Phase 3: Adjust pointers
[671.858s][info][gc,phases      ] GC(1002) Phase 3: Adjust pointers 32.170ms
[671.858s][info][gc,phases,start] GC(1002) Phase 4: Move objects
[671.892s][info][gc,phases      ] GC(1002) Phase 4: Move objects 33.541ms
[671.893s][info][gc,heap        ] GC(1002) DefNew: 629119K(629120K)->0K(629120K) Eden: 559232K(559232K)->0K(559232K) From: 69887K(69888K)->0K(69888K)
[671.893s][info][gc,heap        ] GC(1002) Tenured: 1398143K(1398144K)->1266476K(1398144K)
[671.893s][info][gc,metaspace   ] GC(1002) Metaspace: 120749K(124608K)->120749K(124608K) NonClass: 104533K(105152K)->104533K(105152K) Class: 16216K(19456K)->16216K(19456K)
[671.893s][info][gc             ] GC(1002) Pause Full (Allocation Failure) 1979M->1236M(1979M) 305.837ms
[671.893s][info][gc,cpu         ] GC(1002) User=0.30s Sys=0.00s Real=0.30s
[672.348s][info][gc,start       ] GC(1003) Pause Full (System.gc())
[672.348s][info][gc,phases,start] GC(1003) Phase 1: Mark live objects
[672.413s][info][gc,phases      ] GC(1003) Phase 1: Mark live objects 64.448ms
[672.413s][info][gc,phases,start] GC(1003) Phase 2: Compute new object addresses
[672.470s][info][gc,phases      ] GC(1003) Phase 2: Compute new object addresses 57.853ms
[672.470s][info][gc,phases,start] GC(1003) Phase 3: Adjust pointers
[672.502s][info][gc,phases      ] GC(1003) Phase 3: Adjust pointers 31.336ms
[672.502s][info][gc,phases,start] GC(1003) Phase 4: Move objects
[672.502s][info][gc,phases      ] GC(1003) Phase 4: Move objects 0.103ms
[672.503s][info][gc,heap        ] GC(1003) DefNew: 193017K(629120K)->0K(629120K) Eden: 193017K(559232K)->0K(559232K) From: 0K(69888K)->0K(69888K)
[672.503s][info][gc,heap        ] GC(1003) Tenured: 1266476K(1398144K)->1039394K(1398144K)
[672.503s][info][gc,metaspace   ] GC(1003) Metaspace: 120753K(124608K)->120753K(124608K) NonClass: 104537K(105152K)->104537K(105152K) Class: 16216K(19456K)->16216K(19456K)
[672.503s][info][gc             ] GC(1003) Pause Full (System.gc()) 1425M->1015M(1979M) 154.927ms
[672.503s][info][gc,cpu         ] GC(1003) User=0.16s Sys=0.00s Real=0.16s
[672.626s][info][gc,start       ] GC(1004) Pause Young (Allocation Failure)
[672.641s][info][gc,heap        ] GC(1004) DefNew: 559232K(629120K)->13213K(629120K) Eden: 559232K(559232K)->0K(559232K) From: 0K(69888K)->13213K(69888K)
[672.641s][info][gc,heap        ] GC(1004) Tenured: 1039394K(1398144K)->1039394K(1398144K)
[672.641s][info][gc,metaspace   ] GC(1004) Metaspace: 120873K(124736K)->120873K(124736K) NonClass: 104657K(105280K)->104657K(105280K) Class: 16216K(19456K)->16216K(19456K)
[672.641s][info][gc             ] GC(1004) Pause Young (Allocation Failure) 1561M->1027M(1979M) 14.443ms
[672.641s][info][gc,cpu         ] GC(1004) User=0.02s Sys=0.00s Real=0.02s
[672.679s][info][gc,start       ] GC(1005) Pause Young (Allocation Failure)
[672.690s][info][gc,heap        ] GC(1005) DefNew: 572445K(629120K)->19603K(629120K) Eden: 559232K(559232K)->0K(559232K) From: 13213K(69888K)->19603K(69888K)
[672.690s][info][gc,heap        ] GC(1005) Tenured: 1039394K(1398144K)->1039394K(1398144K)
[672.690s][info][gc,metaspace   ] GC(1005) Metaspace: 120873K(124736K)->120873K(124736K) NonClass: 104657K(105280K)->104657K(105280K) Class: 16216K(19456K)->16216K(19456K)
[672.690s][info][gc             ] GC(1005) Pause Young (Allocation Failure) 1574M->1034M(1979M) 11.534ms
[672.690s][info][gc,cpu         ] GC(1005) User=0.00s Sys=0.00s Real=0.00s
[672.728s][info][gc,start       ] GC(1006) Pause Young (Allocation Failure)
[672.742s][info][gc,heap        ] GC(1006) DefNew: 578835K(629120K)->28599K(629120K) Eden: 559232K(559232K)->0K(559232K) From: 19603K(69888K)->28599K(69888K)
[672.742s][info][gc,heap        ] GC(1006) Tenured: 1039394K(1398144K)->1039394K(1398144K)
[672.742s][info][gc,metaspace   ] GC(1006) Metaspace: 120873K(124736K)->120873K(124736K) NonClass: 104657K(105280K)->104657K(105280K) Class: 16216K(19456K)->16216K(19456K)
[672.742s][info][gc             ] GC(1006) Pause Young (Allocation Failure) 1580M->1042M(1979M) 13.766ms
[672.742s][info][gc,cpu         ] GC(1006) User=0.03s Sys=0.00s Real=0.02s
[672.779s][info][gc,start       ] GC(1007) Pause Young (Allocation Failure)
[672.794s][info][gc,heap        ] GC(1007) DefNew: 587831K(629120K)->32518K(629120K) Eden: 559232K(559232K)->0K(559232K) From: 28599K(69888K)->32518K(69888K)
[672.794s][info][gc,heap        ] GC(1007) Tenured: 1039394K(1398144K)->1039394K(1398144K)
[672.794s][info][gc,metaspace   ] GC(1007) Metaspace: 120873K(124736K)->120873K(124736K) NonClass: 104657K(105280K)->104657K(105280K) Class: 16216K(19456K)->16216K(19456K)
[672.794s][info][gc             ] GC(1007) Pause Young (Allocation Failure) 1589M->1046M(1979M) 14.249ms
[672.794s][info][gc,cpu         ] GC(1007) User=0.00s Sys=0.00s Real=0.00s
[672.832s][info][gc,start       ] GC(1008) Pause Young (Allocation Failure)
[672.847s][info][gc,heap        ] GC(1008) DefNew: 591750K(629120K)->38006K(629120K) Eden: 559232K(559232K)->0K(559232K) From: 32518K(69888K)->38006K(69888K)
[672.847s][info][gc,heap        ] GC(1008) Tenured: 1039394K(1398144K)->1039394K(1398144K)
[672.847s][info][gc,metaspace   ] GC(1008) Metaspace: 120873K(124736K)->120873K(124736K) NonClass: 104657K(105280K)->104657K(105280K) Class: 16216K(19456K)->16216K(19456K)
[672.847s][info][gc             ] GC(1008) Pause Young (Allocation Failure) 1592M->1052M(1979M) 15.390ms
[672.847s][info][gc,cpu         ] GC(1008) User=0.02s Sys=0.00s Real=0.02s
[672.885s][info][gc,start       ] GC(1009) Pause Young (Allocation Failure)
[672.907s][info][gc,heap        ] GC(1009) DefNew: 597238K(629120K)->48919K(629120K) Eden: 559232K(559232K)->0K(559232K) From: 38006K(69888K)->48919K(69888K)
[672.907s][info][gc,heap        ] GC(1009) Tenured: 1039394K(1398144K)->1048734K(1398144K)
[672.907s][info][gc,metaspace   ] GC(1009) Metaspace: 120873K(124736K)->120873K(124736K) NonClass: 104657K(105280K)->104657K(105280K) Class: 16216K(19456K)->16216K(19456K)
[672.907s][info][gc             ] GC(1009) Pause Young (Allocation Failure) 1598M->1071M(1979M) 21.673ms
[672.907s][info][gc,cpu         ] GC(1009) User=0.03s Sys=0.00s Real=0.03s
[672.945s][info][gc,start       ] GC(1010) Pause Young (Allocation Failure)
[672.959s][info][gc,heap        ] GC(1010) DefNew: 608151K(629120K)->40887K(629120K) Eden: 559232K(559232K)->0K(559232K) From: 48919K(69888K)->40887K(69888K)
[672.959s][info][gc,heap        ] GC(1010) Tenured: 1048734K(1398144K)->1055216K(1398144K)
[672.959s][info][gc,metaspace   ] GC(1010) Metaspace: 120873K(124736K)->120873K(124736K) NonClass: 104657K(105280K)->104657K(105280K) Class: 16216K(19456K)->16216K(19456K)
[672.959s][info][gc             ] GC(1010) Pause Young (Allocation Failure) 1618M->1070M(1979M) 13.766ms
[672.959s][info][gc,cpu         ] GC(1010) User=0.02s Sys=0.00s Real=0.02s
[672.997s][info][gc,start       ] GC(1011) Pause Young (Allocation Failure)
[673.009s][info][gc,heap        ] GC(1011) DefNew: 600119K(629120K)->9669K(629120K) Eden: 559232K(559232K)->0K(559232K) From: 40887K(69888K)->9669K(69888K)
[673.009s][info][gc,heap        ] GC(1011) Tenured: 1055216K(1398144K)->1086467K(1398144K)
[673.009s][info][gc,metaspace   ] GC(1011) Metaspace: 120873K(124736K)->120873K(124736K) NonClass: 104657K(105280K)->104657K(105280K) Class: 16216K(19456K)->16216K(19456K)
[673.009s][info][gc             ] GC(1011) Pause Young (Allocation Failure) 1616M->1070M(1979M) 12.158ms
[673.009s][info][gc,cpu         ] GC(1011) User=0.02s Sys=0.00s Real=0.02s
[673.048s][info][gc,start       ] GC(1012) Pause Young (Allocation Failure)
[673.053s][info][gc,heap        ] GC(1012) DefNew: 568901K(629120K)->9669K(629120K) Eden: 559232K(559232K)->0K(559232K) From: 9669K(69888K)->9669K(69888K)
[673.053s][info][gc,heap        ] GC(1012) Tenured: 1086467K(1398144K)->1086467K(1398144K)
[673.053s][info][gc,metaspace   ] GC(1012) Metaspace: 120873K(124736K)->120873K(124736K) NonClass: 104657K(105280K)->104657K(105280K) Class: 16216K(19456K)->16216K(19456K)
[673.053s][info][gc             ] GC(1012) Pause Young (Allocation Failure) 1616M->1070M(1979M) 5.266ms
[673.053s][info][gc,cpu         ] GC(1012) User=0.00s Sys=0.00s Real=0.00s
[673.091s][info][gc,start       ] GC(1013) Pause Young (Allocation Failure)
[673.099s][info][gc,heap        ] GC(1013) DefNew: 568901K(629120K)->22155K(629120K) Eden: 559232K(559232K)->0K(559232K) From: 9669K(69888K)->22155K(69888K)
[673.099s][info][gc,heap        ] GC(1013) Tenured: 1086467K(1398144K)->1086467K(1398144K)
[673.099s][info][gc,metaspace   ] GC(1013) Metaspace: 120873K(124736K)->120873K(124736K) NonClass: 104657K(105280K)->104657K(105280K) Class: 16216K(19456K)->16216K(19456K)
[673.099s][info][gc             ] GC(1013) Pause Young (Allocation Failure) 1616M->1082M(1979M) 7.978ms
[673.099s][info][gc,cpu         ] GC(1013) User=0.00s Sys=0.00s Real=0.00s
[673.140s][info][gc,start       ] GC(1014) Pause Young (Allocation Failure)
[673.162s][info][gc,heap        ] GC(1014) DefNew: 581387K(629120K)->65858K(629120K) Eden: 559232K(559232K)->0K(559232K) From: 22155K(69888K)->65858K(69888K)
[673.162s][info][gc,heap        ] GC(1014) Tenured: 1086467K(1398144K)->1105218K(1398144K)
[673.162s][info][gc,metaspace   ] GC(1014) Metaspace: 120873K(124736K)->120873K(124736K) NonClass: 104657K(105280K)->104657K(105280K) Class: 16216K(19456K)->16216K(19456K)
[673.162s][info][gc             ] GC(1014) Pause Young (Allocation Failure) 1628M->1143M(1979M) 22.117ms
[673.162s][info][gc,cpu         ] GC(1014) User=0.03s Sys=0.00s Real=0.03s
[673.201s][info][gc,start       ] GC(1015) Pause Young (Allocation Failure)
[673.222s][info][gc,heap        ] GC(1015) DefNew: 625090K(629120K)->19044K(629120K) Eden: 559232K(559232K)->0K(559232K) From: 65858K(69888K)->19044K(69888K)
[673.222s][info][gc,heap        ] GC(1015) Tenured: 1105218K(1398144K)->1167730K(1398144K)
[673.222s][info][gc,metaspace   ] GC(1015) Metaspace: 120873K(124736K)->120873K(124736K) NonClass: 104657K(105280K)->104657K(105280K) Class: 16216K(19456K)->16216K(19456K)
[673.222s][info][gc             ] GC(1015) Pause Young (Allocation Failure) 1689M->1158M(1979M) 21.195ms
[673.222s][info][gc,cpu         ] GC(1015) User=0.02s Sys=0.00s Real=0.02s
[673.260s][info][gc,start       ] GC(1016) Pause Young (Allocation Failure)
[673.267s][info][gc,heap        ] GC(1016) DefNew: 578276K(629120K)->19020K(629120K) Eden: 559232K(559232K)->0K(559232K) From: 19044K(69888K)->19020K(69888K)
[673.267s][info][gc,heap        ] GC(1016) Tenured: 1167730K(1398144K)->1167730K(1398144K)
[673.267s][info][gc,metaspace   ] GC(1016) Metaspace: 120873K(124736K)->120873K(124736K) NonClass: 104657K(105280K)->104657K(105280K) Class: 16216K(19456K)->16216K(19456K)
[673.267s][info][gc             ] GC(1016) Pause Young (Allocation Failure) 1705M->1158M(1979M) 7.209ms
[673.267s][info][gc,cpu         ] GC(1016) User=0.00s Sys=0.00s Real=0.00s
[673.318s][info][gc,start       ] GC(1017) Pause Young (Allocation Failure)
[673.337s][info][gc,heap        ] GC(1017) DefNew: 578252K(629120K)->68302K(629120K) Eden: 559232K(559232K)->0K(559232K) From: 19020K(69888K)->68302K(69888K)
[673.337s][info][gc,heap        ] GC(1017) Tenured: 1167730K(1398144K)->1171809K(1398144K)
[673.337s][info][gc,metaspace   ] GC(1017) Metaspace: 120873K(124736K)->120873K(124736K) NonClass: 104657K(105280K)->104657K(105280K) Class: 16216K(19456K)->16216K(19456K)
[673.337s][info][gc             ] GC(1017) Pause Young (Allocation Failure) 1705M->1211M(1979M) 19.703ms
[673.337s][info][gc,cpu         ] GC(1017) User=0.02s Sys=0.00s Real=0.02s
[673.380s][info][gc,start       ] GC(1018) Pause Young (Allocation Failure)
[673.413s][info][gc,heap        ] GC(1018) DefNew: 627534K(629120K)->65972K(629120K) Eden: 559232K(559232K)->0K(559232K) From: 68302K(69888K)->65972K(69888K)
[673.413s][info][gc,heap        ] GC(1018) Tenured: 1171809K(1398144K)->1233679K(1398144K)
[673.413s][info][gc,metaspace   ] GC(1018) Metaspace: 120873K(124736K)->120873K(124736K) NonClass: 104657K(105280K)->104657K(105280K) Class: 16216K(19456K)->16216K(19456K)
[673.413s][info][gc             ] GC(1018) Pause Young (Allocation Failure) 1757M->1269M(1979M) 33.285ms
[673.413s][info][gc,cpu         ] GC(1018) User=0.03s Sys=0.00s Real=0.03s
[673.451s][info][gc,start       ] GC(1019) Pause Young (Allocation Failure)
[673.472s][info][gc,heap        ] GC(1019) DefNew: 625204K(629120K)->19168K(629120K) Eden: 559232K(559232K)->0K(559232K) From: 65972K(69888K)->19168K(69888K)
[673.472s][info][gc,heap        ] GC(1019) Tenured: 1233679K(1398144K)->1296055K(1398144K)
[673.472s][info][gc,metaspace   ] GC(1019) Metaspace: 120873K(124736K)->120873K(124736K) NonClass: 104657K(105280K)->104657K(105280K) Class: 16216K(19456K)->16216K(19456K)
[673.472s][info][gc             ] GC(1019) Pause Young (Allocation Failure) 1815M->1284M(1979M) 21.279ms
[673.472s][info][gc,cpu         ] GC(1019) User=0.03s Sys=0.00s Real=0.03s
[673.510s][info][gc,start       ] GC(1020) Pause Young (Allocation Failure)
[673.520s][info][gc,heap        ] GC(1020) DefNew: 578400K(629120K)->29650K(629120K) Eden: 559232K(559232K)->0K(559232K) From: 19168K(69888K)->29650K(69888K)
[673.520s][info][gc,heap        ] GC(1020) Tenured: 1296055K(1398144K)->1296055K(1398144K)
[673.520s][info][gc,metaspace   ] GC(1020) Metaspace: 120873K(124736K)->120873K(124736K) NonClass: 104657K(105280K)->104657K(105280K) Class: 16216K(19456K)->16216K(19456K)
[673.520s][info][gc             ] GC(1020) Pause Young (Allocation Failure) 1830M->1294M(1979M) 9.985ms
[673.520s][info][gc,cpu         ] GC(1020) User=0.02s Sys=0.00s Real=0.02s
[673.558s][info][gc,start       ] GC(1021) Pause Young (Allocation Failure)
[673.569s][info][gc,heap        ] GC(1021) DefNew: 588882K(629120K)->32060K(629120K) Eden: 559232K(559232K)->0K(559232K) From: 29650K(69888K)->32060K(69888K)
[673.569s][info][gc,heap        ] GC(1021) Tenured: 1296055K(1398144K)->1296055K(1398144K)
[673.569s][info][gc,metaspace   ] GC(1021) Metaspace: 120873K(124736K)->120873K(124736K) NonClass: 104657K(105280K)->104657K(105280K) Class: 16216K(19456K)->16216K(19456K)
[673.569s][info][gc             ] GC(1021) Pause Young (Allocation Failure) 1840M->1296M(1979M) 10.355ms
[673.569s][info][gc,cpu         ] GC(1021) User=0.02s Sys=0.00s Real=0.01s
[673.607s][info][gc,start       ] GC(1022) Pause Young (Allocation Failure)
[673.618s][info][gc,heap        ] GC(1022) DefNew: 591292K(629120K)->38273K(629120K) Eden: 559232K(559232K)->0K(559232K) From: 32060K(69888K)->38273K(69888K)
[673.618s][info][gc,heap        ] GC(1022) Tenured: 1296055K(1398144K)->1296055K(1398144K)
[673.618s][info][gc,metaspace   ] GC(1022) Metaspace: 120873K(124736K)->120873K(124736K) NonClass: 104657K(105280K)->104657K(105280K) Class: 16216K(19456K)->16216K(19456K)
[673.618s][info][gc             ] GC(1022) Pause Young (Allocation Failure) 1843M->1303M(1979M) 11.668ms
[673.618s][info][gc,cpu         ] GC(1022) User=0.02s Sys=0.00s Real=0.02s
[673.657s][info][gc,start       ] GC(1023) Pause Young (Allocation Failure)
[673.674s][info][gc,heap        ] GC(1023) DefNew: 597505K(629120K)->51802K(629120K) Eden: 559232K(559232K)->0K(559232K) From: 38273K(69888K)->51802K(69888K)
[673.674s][info][gc,heap        ] GC(1023) Tenured: 1296055K(1398144K)->1304373K(1398144K)
[673.674s][info][gc,metaspace   ] GC(1023) Metaspace: 120873K(124736K)->120873K(124736K) NonClass: 104657K(105280K)->104657K(105280K) Class: 16216K(19456K)->16216K(19456K)
[673.674s][info][gc             ] GC(1023) Pause Young (Allocation Failure) 1849M->1324M(1979M) 16.897ms
[673.674s][info][gc,cpu         ] GC(1023) User=0.02s Sys=0.00s Real=0.02s
[673.712s][info][gc,start       ] GC(1024) Pause Young (Allocation Failure)
[673.726s][info][gc,heap        ] GC(1024) DefNew: 611034K(629120K)->286K(629120K) Eden: 559232K(559232K)->0K(559232K) From: 51802K(69888K)->286K(69888K)
[673.726s][info][gc,heap        ] GC(1024) Tenured: 1304373K(1398144K)->1351259K(1398144K)
[673.726s][info][gc,metaspace   ] GC(1024) Metaspace: 120873K(124736K)->120873K(124736K) NonClass: 104657K(105280K)->104657K(105280K) Class: 16216K(19456K)->16216K(19456K)
[673.726s][info][gc             ] GC(1024) Pause Young (Allocation Failure) 1870M->1319M(1979M) 13.421ms
[673.726s][info][gc,cpu         ] GC(1024) User=0.02s Sys=0.00s Real=0.02s
[673.764s][info][gc,start       ] GC(1025) Pause Young (Allocation Failure)
[673.764s][info][gc             ] GC(1025) Pause Young (Allocation Failure) 1865M->1865M(1979M) 0.119ms
[673.764s][info][gc,cpu         ] GC(1025) User=0.00s Sys=0.00s Real=0.00s
[673.764s][info][gc,start       ] GC(1026) Pause Full (Allocation Failure)
[673.764s][info][gc,phases,start] GC(1026) Phase 1: Mark live objects
[673.821s][info][gc,phases      ] GC(1026) Phase 1: Mark live objects 57.589ms
[673.821s][info][gc,phases,start] GC(1026) Phase 2: Compute new object addresses
[673.979s][info][gc,phases      ] GC(1026) Phase 2: Compute new object addresses 157.951ms
[673.979s][info][gc,phases,start] GC(1026) Phase 3: Adjust pointers
[674.013s][info][gc,phases      ] GC(1026) Phase 3: Adjust pointers 33.939ms
[674.013s][info][gc,phases,start] GC(1026) Phase 4: Move objects
[674.217s][info][gc,phases      ] GC(1026) Phase 4: Move objects 203.960ms
[674.218s][info][gc,heap        ] GC(1026) DefNew: 559518K(629120K)->0K(629120K) Eden: 559232K(559232K)->0K(559232K) From: 286K(69888K)->0K(69888K)
[674.218s][info][gc,heap        ] GC(1026) Tenured: 1351259K(1398144K)->1089703K(1398144K)
[674.218s][info][gc,metaspace   ] GC(1026) Metaspace: 120873K(124736K)->120873K(124736K) NonClass: 104657K(105280K)->104657K(105280K) Class: 16216K(19456K)->16216K(19456K)
[674.218s][info][gc             ] GC(1026) Pause Full (Allocation Failure) 1865M->1064M(1979M) 454.673ms
[674.218s][info][gc,cpu         ] GC(1026) User=0.45s Sys=0.00s Real=0.45s
[674.257s][info][gc,start       ] GC(1027) Pause Young (Allocation Failure)
[674.261s][info][gc,heap        ] GC(1027) DefNew: 559232K(629120K)->421K(629120K) Eden: 559232K(559232K)->0K(559232K) From: 0K(69888K)->421K(69888K)
[674.261s][info][gc,heap        ] GC(1027) Tenured: 1089703K(1398144K)->1089703K(1398144K)
[674.261s][info][gc,metaspace   ] GC(1027) Metaspace: 120911K(124736K)->120911K(124736K) NonClass: 104695K(105280K)->104695K(105280K) Class: 16216K(19456K)->16216K(19456K)
[674.261s][info][gc             ] GC(1027) Pause Young (Allocation Failure) 1610M->1064M(1979M) 3.506ms
[674.261s][info][gc,cpu         ] GC(1027) User=0.02s Sys=0.00s Real=0.02s
[674.299s][info][gc,start       ] GC(1028) Pause Young (Allocation Failure)
[674.310s][info][gc,heap        ] GC(1028) DefNew: 559653K(629120K)->31633K(629120K) Eden: 559232K(559232K)->0K(559232K) From: 421K(69888K)->31633K(69888K)
[674.310s][info][gc,heap        ] GC(1028) Tenured: 1089703K(1398144K)->1089703K(1398144K)
[674.310s][info][gc,metaspace   ] GC(1028) Metaspace: 120911K(124736K)->120911K(124736K) NonClass: 104695K(105280K)->104695K(105280K) Class: 16216K(19456K)->16216K(19456K)
[674.310s][info][gc             ] GC(1028) Pause Young (Allocation Failure) 1610M->1095M(1979M) 10.298ms
[674.310s][info][gc,cpu         ] GC(1028) User=0.02s Sys=0.00s Real=0.02s
[674.357s][info][gc,start       ] GC(1029) Pause Young (Allocation Failure)
[674.382s][info][gc,heap        ] GC(1029) DefNew: 590865K(629120K)->69142K(629120K) Eden: 559232K(559232K)->0K(559232K) From: 31633K(69888K)->69142K(69888K)
[674.382s][info][gc,heap        ] GC(1029) Tenured: 1089703K(1398144K)->1114703K(1398144K)
[674.382s][info][gc,metaspace   ] GC(1029) Metaspace: 120911K(124736K)->120911K(124736K) NonClass: 104695K(105280K)->104695K(105280K) Class: 16216K(19456K)->16216K(19456K)
[674.382s][info][gc             ] GC(1029) Pause Young (Allocation Failure) 1641M->1156M(1979M) 25.367ms
[674.382s][info][gc,cpu         ] GC(1029) User=0.02s Sys=0.00s Real=0.02s
[674.421s][info][gc,start       ] GC(1030) Pause Young (Allocation Failure)
[674.439s][info][gc,heap        ] GC(1030) DefNew: 628374K(629120K)->315K(629120K) Eden: 559232K(559232K)->0K(559232K) From: 69142K(69888K)->315K(69888K)
[674.440s][info][gc,heap        ] GC(1030) Tenured: 1114703K(1398144K)->1183638K(1398144K)
[674.440s][info][gc,metaspace   ] GC(1030) Metaspace: 120911K(124736K)->120911K(124736K) NonClass: 104695K(105280K)->104695K(105280K) Class: 16216K(19456K)->16216K(19456K)
[674.440s][info][gc             ] GC(1030) Pause Young (Allocation Failure) 1702M->1156M(1979M) 18.554ms
[674.440s][info][gc,cpu         ] GC(1030) User=0.02s Sys=0.00s Real=0.02s
[674.478s][info][gc,start       ] GC(1031) Pause Young (Allocation Failure)
[674.483s][info][gc,heap        ] GC(1031) DefNew: 559547K(629120K)->8485K(629120K) Eden: 559232K(559232K)->0K(559232K) From: 315K(69888K)->8485K(69888K)
[674.483s][info][gc,heap        ] GC(1031) Tenured: 1183638K(1398144K)->1183638K(1398144K)
[674.483s][info][gc,metaspace   ] GC(1031) Metaspace: 120911K(124736K)->120911K(124736K) NonClass: 104695K(105280K)->104695K(105280K) Class: 16216K(19456K)->16216K(19456K)
[674.483s][info][gc             ] GC(1031) Pause Young (Allocation Failure) 1702M->1164M(1979M) 5.380ms
[674.483s][info][gc,cpu         ] GC(1031) User=0.02s Sys=0.00s Real=0.02s
[674.530s][info][gc,start       ] GC(1032) Pause Young (Allocation Failure)
[674.554s][info][gc,heap        ] GC(1032) DefNew: 567717K(629120K)->69888K(629120K) Eden: 559232K(559232K)->0K(559232K) From: 8485K(69888K)->69888K(69888K)
[674.554s][info][gc,heap        ] GC(1032) Tenured: 1183638K(1398144K)->1200611K(1398144K)
[674.554s][info][gc,metaspace   ] GC(1032) Metaspace: 120911K(124736K)->120911K(124736K) NonClass: 104695K(105280K)->104695K(105280K) Class: 16216K(19456K)->16216K(19456K)
[674.554s][info][gc             ] GC(1032) Pause Young (Allocation Failure) 1710M->1240M(1979M) 23.974ms
[674.554s][info][gc,cpu         ] GC(1032) User=0.02s Sys=0.00s Real=0.02s
[674.594s][info][gc,start       ] GC(1033) Pause Young (Allocation Failure)
[674.625s][info][gc,heap        ] GC(1033) DefNew: 629120K(629120K)->46004K(629120K) Eden: 559232K(559232K)->0K(559232K) From: 69888K(69888K)->46004K(69888K)
[674.625s][info][gc,heap        ] GC(1033) Tenured: 1200611K(1398144K)->1270344K(1398144K)
[674.625s][info][gc,metaspace   ] GC(1033) Metaspace: 120911K(124736K)->120911K(124736K) NonClass: 104695K(105280K)->104695K(105280K) Class: 16216K(19456K)->16216K(19456K)
[674.625s][info][gc             ] GC(1033) Pause Young (Allocation Failure) 1786M->1285M(1979M) 30.457ms
[674.625s][info][gc,cpu         ] GC(1033) User=0.03s Sys=0.00s Real=0.03s
[674.665s][info][gc,start       ] GC(1034) Pause Young (Allocation Failure)
[674.682s][info][gc,heap        ] GC(1034) DefNew: 605236K(629120K)->20524K(629120K) Eden: 559232K(559232K)->0K(559232K) From: 46004K(69888K)->20524K(69888K)
[674.682s][info][gc,heap        ] GC(1034) Tenured: 1270344K(1398144K)->1308354K(1398144K)
[674.682s][info][gc,metaspace   ] GC(1034) Metaspace: 120911K(124736K)->120911K(124736K) NonClass: 104695K(105280K)->104695K(105280K) Class: 16216K(19456K)->16216K(19456K)
[674.682s][info][gc             ] GC(1034) Pause Young (Allocation Failure) 1831M->1297M(1979M) 17.711ms
[674.682s][info][gc,cpu         ] GC(1034) User=0.02s Sys=0.00s Real=0.02s
[674.720s][info][gc,start       ] GC(1035) Pause Young (Allocation Failure)
[674.720s][info][gc             ] GC(1035) Pause Young (Allocation Failure) 1843M->1843M(1979M) 0.123ms
[674.720s][info][gc,cpu         ] GC(1035) User=0.00s Sys=0.00s Real=0.00s
[674.720s][info][gc,start       ] GC(1036) Pause Full (Allocation Failure)
[674.720s][info][gc,phases,start] GC(1036) Phase 1: Mark live objects
[674.780s][info][gc,phases      ] GC(1036) Phase 1: Mark live objects 59.617ms
[674.780s][info][gc,phases,start] GC(1036) Phase 2: Compute new object addresses
[674.928s][info][gc,phases      ] GC(1036) Phase 2: Compute new object addresses 148.271ms
[674.928s][info][gc,phases,start] GC(1036) Phase 3: Adjust pointers
[674.963s][info][gc,phases      ] GC(1036) Phase 3: Adjust pointers 35.459ms
[674.964s][info][gc,phases,start] GC(1036) Phase 4: Move objects
[674.989s][info][gc,phases      ] GC(1036) Phase 4: Move objects 25.430ms
[674.990s][info][gc,heap        ] GC(1036) DefNew: 579756K(629120K)->0K(629120K) Eden: 559232K(559232K)->0K(559232K) From: 20524K(69888K)->0K(69888K)
[674.990s][info][gc,heap        ] GC(1036) Tenured: 1308354K(1398144K)->1152714K(1398144K)
[674.990s][info][gc,metaspace   ] GC(1036) Metaspace: 120911K(124736K)->120911K(124736K) NonClass: 104695K(105280K)->104695K(105280K) Class: 16216K(19456K)->16216K(19456K)
[674.990s][info][gc             ] GC(1036) Pause Full (Allocation Failure) 1843M->1125M(1979M) 269.867ms
[674.990s][info][gc,cpu         ] GC(1036) User=0.27s Sys=0.00s Real=0.27s
[675.035s][info][gc,start       ] GC(1037) Pause Young (Allocation Failure)
[675.048s][info][gc,heap        ] GC(1037) DefNew: 559232K(629120K)->17673K(629120K) Eden: 559232K(559232K)->0K(559232K) From: 0K(69888K)->17673K(69888K)
[675.048s][info][gc,heap        ] GC(1037) Tenured: 1152714K(1398144K)->1152714K(1398144K)
[675.048s][info][gc,metaspace   ] GC(1037) Metaspace: 120911K(124736K)->120911K(124736K) NonClass: 104695K(105280K)->104695K(105280K) Class: 16216K(19456K)->16216K(19456K)
[675.048s][info][gc             ] GC(1037) Pause Young (Allocation Failure) 1671M->1142M(1979M) 13.539ms
[675.049s][info][gc,cpu         ] GC(1037) User=0.02s Sys=0.00s Real=0.02s
[675.084s][info][gc,start       ] GC(1038) Pause Young (Allocation Failure)
[675.106s][info][gc,heap        ] GC(1038) DefNew: 576905K(629120K)->68433K(629120K) Eden: 559232K(559232K)->0K(559232K) From: 17673K(69888K)->68433K(69888K)
[675.106s][info][gc,heap        ] GC(1038) Tenured: 1152714K(1398144K)->1174589K(1398144K)
[675.106s][info][gc,metaspace   ] GC(1038) Metaspace: 120911K(124736K)->120911K(124736K) NonClass: 104695K(105280K)->104695K(105280K) Class: 16216K(19456K)->16216K(19456K)
[675.106s][info][gc             ] GC(1038) Pause Young (Allocation Failure) 1689M->1213M(1979M) 22.234ms
[675.106s][info][gc,cpu         ] GC(1038) User=0.02s Sys=0.00s Real=0.02s
[675.144s][info][gc,start       ] GC(1039) Pause Young (Allocation Failure)
[675.176s][info][gc,heap        ] GC(1039) DefNew: 627665K(629120K)->69511K(629120K) Eden: 559232K(559232K)->0K(559232K) From: 68433K(69888K)->69511K(69888K)
[675.176s][info][gc,heap        ] GC(1039) Tenured: 1174589K(1398144K)->1221185K(1398144K)
[675.176s][info][gc,metaspace   ] GC(1039) Metaspace: 120911K(124736K)->120911K(124736K) NonClass: 104695K(105280K)->104695K(105280K) Class: 16216K(19456K)->16216K(19456K)
[675.176s][info][gc             ] GC(1039) Pause Young (Allocation Failure) 1760M->1260M(1979M) 31.804ms
[675.176s][info][gc,cpu         ] GC(1039) User=0.03s Sys=0.00s Real=0.03s
[675.212s][info][gc,start       ] GC(1040) Pause Young (Allocation Failure)
[675.242s][info][gc,heap        ] GC(1040) DefNew: 628743K(629120K)->65233K(629120K) Eden: 559232K(559232K)->0K(559232K) From: 69511K(69888K)->65233K(69888K)
[675.242s][info][gc,heap        ] GC(1040) Tenured: 1221185K(1398144K)->1276661K(1398144K)
[675.242s][info][gc,metaspace   ] GC(1040) Metaspace: 120911K(124736K)->120911K(124736K) NonClass: 104695K(105280K)->104695K(105280K) Class: 16216K(19456K)->16216K(19456K)
[675.242s][info][gc             ] GC(1040) Pause Young (Allocation Failure) 1806M->1310M(1979M) 29.973ms
[675.242s][info][gc,cpu         ] GC(1040) User=0.03s Sys=0.00s Real=0.03s
[675.277s][info][gc,start       ] GC(1041) Pause Young (Allocation Failure)
[675.299s][info][gc,heap        ] GC(1041) DefNew: 624465K(629120K)->36115K(629120K) Eden: 559232K(559232K)->0K(559232K) From: 65233K(69888K)->36115K(69888K)
[675.299s][info][gc,heap        ] GC(1041) Tenured: 1276661K(1398144K)->1327254K(1398144K)
[675.299s][info][gc,metaspace   ] GC(1041) Metaspace: 120911K(124736K)->120911K(124736K) NonClass: 104695K(105280K)->104695K(105280K) Class: 16216K(19456K)->16216K(19456K)
[675.299s][info][gc             ] GC(1041) Pause Young (Allocation Failure) 1856M->1331M(1979M) 22.534ms
[675.299s][info][gc,cpu         ] GC(1041) User=0.03s Sys=0.00s Real=0.03s
[675.330s][info][gc,start       ] GC(1042) Pause Young (Allocation Failure)
[675.330s][info][gc             ] GC(1042) Pause Young (Allocation Failure) 1877M->1877M(1979M) 0.119ms
[675.330s][info][gc,cpu         ] GC(1042) User=0.00s Sys=0.00s Real=0.00s
[675.330s][info][gc,start       ] GC(1043) Pause Full (Allocation Failure)
[675.330s][info][gc,phases,start] GC(1043) Phase 1: Mark live objects
[675.385s][info][gc,phases      ] GC(1043) Phase 1: Mark live objects 54.369ms
[675.385s][info][gc,phases,start] GC(1043) Phase 2: Compute new object addresses
[675.531s][info][gc,phases      ] GC(1043) Phase 2: Compute new object addresses 146.602ms
[675.531s][info][gc,phases,start] GC(1043) Phase 3: Adjust pointers
[675.563s][info][gc,phases      ] GC(1043) Phase 3: Adjust pointers 31.809ms
[675.563s][info][gc,phases,start] GC(1043) Phase 4: Move objects
[675.592s][info][gc,phases      ] GC(1043) Phase 4: Move objects 29.150ms
[675.593s][info][gc,heap        ] GC(1043) DefNew: 595347K(629120K)->0K(629120K) Eden: 559232K(559232K)->0K(559232K) From: 36115K(69888K)->0K(69888K)
[675.593s][info][gc,heap        ] GC(1043) Tenured: 1327254K(1398144K)->1284585K(1398144K)
[675.593s][info][gc,metaspace   ] GC(1043) Metaspace: 120911K(124736K)->120911K(124736K) NonClass: 104695K(105280K)->104695K(105280K) Class: 16216K(19456K)->16216K(19456K)
[675.593s][info][gc             ] GC(1043) Pause Full (Allocation Failure) 1877M->1254M(1979M) 262.993ms
[675.593s][info][gc,cpu         ] GC(1043) User=0.25s Sys=0.00s Real=0.25s
[675.629s][info][gc,start       ] GC(1044) Pause Young (Allocation Failure)
[675.647s][info][gc,heap        ] GC(1044) DefNew: 559232K(629120K)->69085K(629120K) Eden: 559232K(559232K)->0K(559232K) From: 0K(69888K)->69085K(69888K)
[675.647s][info][gc,heap        ] GC(1044) Tenured: 1284585K(1398144K)->1284585K(1398144K)
[675.647s][info][gc,metaspace   ] GC(1044) Metaspace: 120911K(124736K)->120911K(124736K) NonClass: 104695K(105280K)->104695K(105280K) Class: 16216K(19456K)->16216K(19456K)
[675.647s][info][gc             ] GC(1044) Pause Young (Allocation Failure) 1800M->1321M(1979M) 17.590ms
[675.647s][info][gc,cpu         ] GC(1044) User=0.02s Sys=0.00s Real=0.02s
[675.677s][info][gc,start       ] GC(1045) Pause Young (Allocation Failure)
[675.705s][info][gc,heap        ] GC(1045) DefNew: 628317K(629120K)->68494K(629120K) Eden: 559232K(559232K)->0K(559232K) From: 69085K(69888K)->68494K(69888K)
[675.705s][info][gc,heap        ] GC(1045) Tenured: 1284585K(1398144K)->1336301K(1398144K)
[675.706s][info][gc,metaspace   ] GC(1045) Metaspace: 120911K(124736K)->120911K(124736K) NonClass: 104695K(105280K)->104695K(105280K) Class: 16216K(19456K)->16216K(19456K)
[675.706s][info][gc             ] GC(1045) Pause Young (Allocation Failure) 1868M->1371M(1979M) 28.857ms
[675.706s][info][gc,cpu         ] GC(1045) User=0.03s Sys=0.00s Real=0.03s
[675.741s][info][gc,start       ] GC(1046) Pause Young (Allocation Failure)
[675.756s][info][gc             ] GC(1046) Pause Young (Allocation Failure) 1917M->1917M(1979M) 14.155ms
[675.756s][info][gc,cpu         ] GC(1046) User=0.00s Sys=0.00s Real=0.02s
[675.756s][info][gc,start       ] GC(1047) Pause Full (Allocation Failure)
[675.756s][info][gc,phases,start] GC(1047) Phase 1: Mark live objects
[675.820s][info][gc,phases      ] GC(1047) Phase 1: Mark live objects 64.779ms
[675.821s][info][gc,phases,start] GC(1047) Phase 2: Compute new object addresses
[675.963s][info][gc,phases      ] GC(1047) Phase 2: Compute new object addresses 142.300ms
[675.963s][info][gc,phases,start] GC(1047) Phase 3: Adjust pointers
[675.995s][info][gc,phases      ] GC(1047) Phase 3: Adjust pointers 31.768ms
[675.995s][info][gc,phases,start] GC(1047) Phase 4: Move objects
[676.016s][info][gc,phases      ] GC(1047) Phase 4: Move objects 21.720ms
[676.017s][info][gc,heap        ] GC(1047) DefNew: 627726K(629120K)->0K(629120K) Eden: 559232K(559232K)->0K(559232K) From: 68494K(69888K)->0K(69888K)
[676.017s][info][gc,heap        ] GC(1047) Tenured: 1336301K(1398144K)->1323884K(1398144K)
[676.017s][info][gc,metaspace   ] GC(1047) Metaspace: 120911K(124736K)->120911K(124736K) NonClass: 104695K(105280K)->104695K(105280K) Class: 16216K(19456K)->16216K(19456K)
[676.017s][info][gc             ] GC(1047) Pause Full (Allocation Failure) 1917M->1292M(1979M) 261.703ms
[676.017s][info][gc,cpu         ] GC(1047) User=0.27s Sys=0.00s Real=0.27s
[676.055s][info][gc,start       ] GC(1048) Pause Young (Allocation Failure)
[676.055s][info][gc             ] GC(1048) Pause Young (Allocation Failure) 1838M->1838M(1979M) 0.244ms
[676.055s][info][gc,cpu         ] GC(1048) User=0.00s Sys=0.00s Real=0.00s
[676.055s][info][gc,start       ] GC(1049) Pause Full (Allocation Failure)
[676.055s][info][gc,phases,start] GC(1049) Phase 1: Mark live objects
[676.119s][info][gc,phases      ] GC(1049) Phase 1: Mark live objects 63.809ms
[676.119s][info][gc,phases,start] GC(1049) Phase 2: Compute new object addresses
[676.273s][info][gc,phases      ] GC(1049) Phase 2: Compute new object addresses 154.336ms
[676.274s][info][gc,phases,start] GC(1049) Phase 3: Adjust pointers
[676.313s][info][gc,phases      ] GC(1049) Phase 3: Adjust pointers 39.164ms
[676.313s][info][gc,phases,start] GC(1049) Phase 4: Move objects
[676.384s][info][gc,phases      ] GC(1049) Phase 4: Move objects 70.926ms
[676.385s][info][gc,heap        ] GC(1049) DefNew: 559232K(629120K)->0K(629120K) Eden: 559232K(559232K)->0K(559232K) From: 0K(69888K)->0K(69888K)
[676.385s][info][gc,heap        ] GC(1049) Tenured: 1323884K(1398144K)->1270689K(1398144K)
[676.385s][info][gc,metaspace   ] GC(1049) Metaspace: 120911K(124736K)->120911K(124736K) NonClass: 104695K(105280K)->104695K(105280K) Class: 16216K(19456K)->16216K(19456K)
[676.385s][info][gc             ] GC(1049) Pause Full (Allocation Failure) 1838M->1240M(1979M) 329.633ms
[676.385s][info][gc,cpu         ] GC(1049) User=0.33s Sys=0.00s Real=0.33s
[676.420s][info][gc,start       ] GC(1050) Pause Young (Allocation Failure)
[676.434s][info][gc,heap        ] GC(1050) DefNew: 559232K(629120K)->53882K(629120K) Eden: 559232K(559232K)->0K(559232K) From: 0K(69888K)->53882K(69888K)
[676.434s][info][gc,heap        ] GC(1050) Tenured: 1270689K(1398144K)->1270689K(1398144K)
[676.434s][info][gc,metaspace   ] GC(1050) Metaspace: 120911K(124736K)->120911K(124736K) NonClass: 104695K(105280K)->104695K(105280K) Class: 16216K(19456K)->16216K(19456K)
[676.435s][info][gc             ] GC(1050) Pause Young (Allocation Failure) 1787M->1293M(1979M) 14.239ms
[676.435s][info][gc,cpu         ] GC(1050) User=0.02s Sys=0.00s Real=0.02s
[676.465s][info][gc,start       ] GC(1051) Pause Young (Allocation Failure)
[676.490s][info][gc,heap        ] GC(1051) DefNew: 613114K(629120K)->69826K(629120K) Eden: 559232K(559232K)->0K(559232K) From: 53882K(69888K)->69826K(69888K)
[676.490s][info][gc,heap        ] GC(1051) Tenured: 1270689K(1398144K)->1305781K(1398144K)
[676.490s][info][gc,metaspace   ] GC(1051) Metaspace: 120911K(124736K)->120911K(124736K) NonClass: 104695K(105280K)->104695K(105280K) Class: 16216K(19456K)->16216K(19456K)
[676.490s][info][gc             ] GC(1051) Pause Young (Allocation Failure) 1839M->1343M(1979M) 25.315ms
[676.490s][info][gc,cpu         ] GC(1051) User=0.02s Sys=0.00s Real=0.02s
[676.523s][info][gc,start       ] GC(1052) Pause Young (Allocation Failure)
[676.546s][info][gc,heap        ] GC(1052) DefNew: 629058K(629120K)->54120K(629120K) Eden: 559232K(559232K)->0K(559232K) From: 69826K(69888K)->54120K(69888K)
[676.546s][info][gc,heap        ] GC(1052) Tenured: 1305781K(1398144K)->1349312K(1398144K)
[676.546s][info][gc,metaspace   ] GC(1052) Metaspace: 120911K(124736K)->120911K(124736K) NonClass: 104695K(105280K)->104695K(105280K) Class: 16216K(19456K)->16216K(19456K)
[676.546s][info][gc             ] GC(1052) Pause Young (Allocation Failure) 1889M->1370M(1979M) 23.794ms
[676.547s][info][gc,cpu         ] GC(1052) User=0.03s Sys=0.00s Real=0.03s
[676.578s][info][gc,start       ] GC(1053) Pause Young (Allocation Failure)
[676.578s][info][gc             ] GC(1053) Pause Young (Allocation Failure) 1916M->1916M(1979M) 0.122ms
[676.578s][info][gc,cpu         ] GC(1053) User=0.00s Sys=0.00s Real=0.00s
[676.578s][info][gc,start       ] GC(1054) Pause Full (Allocation Failure)
[676.578s][info][gc,phases,start] GC(1054) Phase 1: Mark live objects
[676.633s][info][gc,phases      ] GC(1054) Phase 1: Mark live objects 55.066ms
[676.633s][info][gc,phases,start] GC(1054) Phase 2: Compute new object addresses
[676.776s][info][gc,phases      ] GC(1054) Phase 2: Compute new object addresses 143.275ms
[676.776s][info][gc,phases,start] GC(1054) Phase 3: Adjust pointers
[676.808s][info][gc,phases      ] GC(1054) Phase 3: Adjust pointers 32.094ms
[676.808s][info][gc,phases,start] GC(1054) Phase 4: Move objects
[676.829s][info][gc,phases      ] GC(1054) Phase 4: Move objects 20.411ms
[676.830s][info][gc,heap        ] GC(1054) DefNew: 613352K(629120K)->0K(629120K) Eden: 559232K(559232K)->0K(559232K) From: 54120K(69888K)->0K(69888K)
[676.830s][info][gc,heap        ] GC(1054) Tenured: 1349312K(1398144K)->1397279K(1398144K)
[676.830s][info][gc,metaspace   ] GC(1054) Metaspace: 120911K(124736K)->120911K(124736K) NonClass: 104695K(105280K)->104695K(105280K) Class: 16216K(19456K)->16216K(19456K)
[676.830s][info][gc             ] GC(1054) Pause Full (Allocation Failure) 1916M->1364M(1979M) 251.944ms
[676.830s][info][gc,cpu         ] GC(1054) User=0.25s Sys=0.00s Real=0.25s
[676.864s][info][gc,start       ] GC(1055) Pause Young (Allocation Failure)
[676.865s][info][gc             ] GC(1055) Pause Young (Allocation Failure) 1910M->1910M(1979M) 0.124ms
[676.865s][info][gc,cpu         ] GC(1055) User=0.00s Sys=0.00s Real=0.00s
[676.865s][info][gc,start       ] GC(1056) Pause Full (Allocation Failure)
[676.865s][info][gc,phases,start] GC(1056) Phase 1: Mark live objects
[676.920s][info][gc,phases      ] GC(1056) Phase 1: Mark live objects 54.988ms
[676.920s][info][gc,phases,start] GC(1056) Phase 2: Compute new object addresses
[677.062s][info][gc,phases      ] GC(1056) Phase 2: Compute new object addresses 142.295ms
[677.062s][info][gc,phases,start] GC(1056) Phase 3: Adjust pointers
[677.094s][info][gc,phases      ] GC(1056) Phase 3: Adjust pointers 32.273ms
[677.094s][info][gc,phases,start] GC(1056) Phase 4: Move objects
[677.114s][info][gc,phases      ] GC(1056) Phase 4: Move objects 19.977ms
[677.115s][info][gc,heap        ] GC(1056) DefNew: 559232K(629120K)->6397K(629120K) Eden: 559232K(559232K)->6397K(559232K) From: 0K(69888K)->0K(69888K)
[677.115s][info][gc,heap        ] GC(1056) Tenured: 1397279K(1398144K)->1396725K(1398144K)
[677.115s][info][gc,metaspace   ] GC(1056) Metaspace: 120911K(124736K)->120911K(124736K) NonClass: 104695K(105280K)->104695K(105280K) Class: 16216K(19456K)->16216K(19456K)
[677.115s][info][gc             ] GC(1056) Pause Full (Allocation Failure) 1910M->1370M(1979M) 250.661ms
[677.115s][info][gc,cpu         ] GC(1056) User=0.25s Sys=0.00s Real=0.25s
[678.810s][info][gc,start       ] GC(1057) Pause Full (Allocation Failure)
[678.810s][info][gc,phases,start] GC(1057) Phase 1: Mark live objects
[678.865s][info][gc,phases      ] GC(1057) Phase 1: Mark live objects 55.244ms
[678.865s][info][gc,phases,start] GC(1057) Phase 2: Compute new object addresses
[679.047s][info][gc,phases      ] GC(1057) Phase 2: Compute new object addresses 181.888ms
[679.047s][info][gc,phases,start] GC(1057) Phase 3: Adjust pointers
[679.079s][info][gc,phases      ] GC(1057) Phase 3: Adjust pointers 32.016ms
[679.079s][info][gc,phases,start] GC(1057) Phase 4: Move objects
[679.101s][info][gc,phases      ] GC(1057) Phase 4: Move objects 21.688ms
[679.102s][info][gc,heap        ] GC(1057) DefNew: 629120K(629120K)->19733K(629120K) Eden: 559232K(559232K)->19733K(559232K) From: 69888K(69888K)->0K(69888K)
[679.102s][info][gc,heap        ] GC(1057) Tenured: 1398143K(1398144K)->1396319K(1398144K)
[679.102s][info][gc,metaspace   ] GC(1057) Metaspace: 120911K(124736K)->120911K(124736K) NonClass: 104695K(105280K)->104695K(105280K) Class: 16216K(19456K)->16216K(19456K)
[679.102s][info][gc             ] GC(1057) Pause Full (Allocation Failure) 1979M->1382M(1979M) 292.013ms
[679.102s][info][gc,cpu         ] GC(1057) User=0.30s Sys=0.00s Real=0.30s
[680.716s][info][gc,start       ] GC(1058) Pause Full (Allocation Failure)
[680.716s][info][gc,phases,start] GC(1058) Phase 1: Mark live objects
[680.780s][info][gc,phases      ] GC(1058) Phase 1: Mark live objects 64.298ms
[680.780s][info][gc,phases,start] GC(1058) Phase 2: Compute new object addresses
[680.941s][info][gc,phases      ] GC(1058) Phase 2: Compute new object addresses 161.172ms
[680.941s][info][gc,phases,start] GC(1058) Phase 3: Adjust pointers
[680.974s][info][gc,phases      ] GC(1058) Phase 3: Adjust pointers 32.169ms
[680.974s][info][gc,phases,start] GC(1058) Phase 4: Move objects
[681.047s][info][gc,phases      ] GC(1058) Phase 4: Move objects 73.771ms
[681.048s][info][gc,heap        ] GC(1058) DefNew: 628414K(629120K)->0K(629120K) Eden: 559232K(559232K)->0K(559232K) From: 69182K(69888K)->0K(69888K)
[681.048s][info][gc,heap        ] GC(1058) Tenured: 1396319K(1398144K)->1368314K(1398144K)
[681.048s][info][gc,metaspace   ] GC(1058) Metaspace: 120911K(124736K)->120911K(124736K) NonClass: 104695K(105280K)->104695K(105280K) Class: 16216K(19456K)->16216K(19456K)
[681.048s][info][gc             ] GC(1058) Pause Full (Allocation Failure) 1977M->1336M(1979M) 332.742ms
[681.048s][info][gc,cpu         ] GC(1058) User=0.33s Sys=0.00s Real=0.33s
[681.084s][info][gc,start       ] GC(1059) Pause Young (Allocation Failure)
[681.084s][info][gc             ] GC(1059) Pause Young (Allocation Failure) 1882M->1882M(1979M) 0.127ms
[681.084s][info][gc,cpu         ] GC(1059) User=0.00s Sys=0.00s Real=0.00s
[681.084s][info][gc,start       ] GC(1060) Pause Full (Allocation Failure)
[681.084s][info][gc,phases,start] GC(1060) Phase 1: Mark live objects
[681.139s][info][gc,phases      ] GC(1060) Phase 1: Mark live objects 55.037ms
[681.139s][info][gc,phases,start] GC(1060) Phase 2: Compute new object addresses
[681.289s][info][gc,phases      ] GC(1060) Phase 2: Compute new object addresses 149.472ms
[681.289s][info][gc,phases,start] GC(1060) Phase 3: Adjust pointers
[681.321s][info][gc,phases      ] GC(1060) Phase 3: Adjust pointers 32.295ms
[681.321s][info][gc,phases,start] GC(1060) Phase 4: Move objects
[681.333s][info][gc,phases      ] GC(1060) Phase 4: Move objects 11.891ms
[681.334s][info][gc,heap        ] GC(1060) DefNew: 559232K(629120K)->28067K(629120K) Eden: 559232K(559232K)->28067K(559232K) From: 0K(69888K)->0K(69888K)
[681.334s][info][gc,heap        ] GC(1060) Tenured: 1368314K(1398144K)->1393455K(1398144K)
[681.334s][info][gc,metaspace   ] GC(1060) Metaspace: 120911K(124736K)->120911K(124736K) NonClass: 104695K(105280K)->104695K(105280K) Class: 16216K(19456K)->16216K(19456K)
[681.334s][info][gc             ] GC(1060) Pause Full (Allocation Failure) 1882M->1388M(1979M) 249.804ms
[681.334s][info][gc,cpu         ] GC(1060) User=0.25s Sys=0.00s Real=0.25s
[683.264s][info][gc,start       ] GC(1061) Pause Full (Allocation Failure)
[683.265s][info][gc,phases,start] GC(1061) Phase 1: Mark live objects
[683.322s][info][gc,phases      ] GC(1061) Phase 1: Mark live objects 57.698ms
[683.322s][info][gc,phases,start] GC(1061) Phase 2: Compute new object addresses
[683.482s][info][gc,phases      ] GC(1061) Phase 2: Compute new object addresses 159.353ms
[683.482s][info][gc,phases,start] GC(1061) Phase 3: Adjust pointers
[683.514s][info][gc,phases      ] GC(1061) Phase 3: Adjust pointers 32.217ms
[683.514s][info][gc,phases,start] GC(1061) Phase 4: Move objects
[683.527s][info][gc,phases      ] GC(1061) Phase 4: Move objects 12.966ms
[683.528s][info][gc,heap        ] GC(1061) DefNew: 629119K(629120K)->52933K(629120K) Eden: 559232K(559232K)->52933K(559232K) From: 69887K(69888K)->0K(69888K)
[683.528s][info][gc,heap        ] GC(1061) Tenured: 1398143K(1398144K)->1397527K(1398144K)
[683.528s][info][gc,metaspace   ] GC(1061) Metaspace: 120915K(124736K)->120915K(124736K) NonClass: 104699K(105280K)->104699K(105280K) Class: 16216K(19456K)->16216K(19456K)
[683.528s][info][gc             ] GC(1061) Pause Full (Allocation Failure) 1979M->1416M(1979M) 263.458ms
[683.528s][info][gc,cpu         ] GC(1061) User=0.27s Sys=0.00s Real=0.26s
[685.217s][info][gc,start       ] GC(1062) Pause Full (Allocation Failure)
[685.217s][info][gc,phases,start] GC(1062) Phase 1: Mark live objects
[685.276s][info][gc,phases      ] GC(1062) Phase 1: Mark live objects 58.593ms
[685.276s][info][gc,phases,start] GC(1062) Phase 2: Compute new object addresses
[685.433s][info][gc,phases      ] GC(1062) Phase 2: Compute new object addresses 156.995ms
[685.433s][info][gc,phases,start] GC(1062) Phase 3: Adjust pointers
[685.465s][info][gc,phases      ] GC(1062) Phase 3: Adjust pointers 31.700ms
[685.465s][info][gc,phases,start] GC(1062) Phase 4: Move objects
[685.481s][info][gc,phases      ] GC(1062) Phase 4: Move objects 16.154ms
[685.482s][info][gc,heap        ] GC(1062) DefNew: 629120K(629120K)->60892K(629120K) Eden: 559232K(559232K)->60892K(559232K) From: 69888K(69888K)->0K(69888K)
[685.482s][info][gc,heap        ] GC(1062) Tenured: 1398143K(1398144K)->1398041K(1398144K)
[685.482s][info][gc,metaspace   ] GC(1062) Metaspace: 120915K(124736K)->120915K(124736K) NonClass: 104699K(105280K)->104699K(105280K) Class: 16216K(19456K)->16216K(19456K)
[685.482s][info][gc             ] GC(1062) Pause Full (Allocation Failure) 1979M->1424M(1979M) 264.629ms
[685.482s][info][gc,cpu         ] GC(1062) User=0.27s Sys=0.00s Real=0.27s
[687.554s][info][gc,start       ] GC(1063) Pause Full (Allocation Failure)
[687.554s][info][gc,phases,start] GC(1063) Phase 1: Mark live objects
[687.609s][info][gc,phases      ] GC(1063) Phase 1: Mark live objects 54.230ms
[687.609s][info][gc,phases,start] GC(1063) Phase 2: Compute new object addresses
[687.764s][info][gc,phases      ] GC(1063) Phase 2: Compute new object addresses 155.410ms
[687.764s][info][gc,phases,start] GC(1063) Phase 3: Adjust pointers
[687.797s][info][gc,phases      ] GC(1063) Phase 3: Adjust pointers 32.490ms
[687.797s][info][gc,phases,start] GC(1063) Phase 4: Move objects
[687.881s][info][gc,phases      ] GC(1063) Phase 4: Move objects 83.890ms
[687.881s][info][gc,heap        ] GC(1063) DefNew: 629119K(629120K)->7125K(629120K) Eden: 559232K(559232K)->7125K(559232K) From: 69887K(69888K)->0K(69888K)
[687.881s][info][gc,heap        ] GC(1063) Tenured: 1398144K(1398144K)->1395685K(1398144K)
[687.881s][info][gc,metaspace   ] GC(1063) Metaspace: 120915K(124736K)->120915K(124736K) NonClass: 104699K(105280K)->104699K(105280K) Class: 16216K(19456K)->16216K(19456K)
[687.881s][info][gc             ] GC(1063) Pause Full (Allocation Failure) 1979M->1369M(1979M) 327.254ms
[687.882s][info][gc,cpu         ] GC(1063) User=0.33s Sys=0.00s Real=0.33s
[689.582s][info][gc,start       ] GC(1064) Pause Full (Allocation Failure)
[689.582s][info][gc,phases,start] GC(1064) Phase 1: Mark live objects
[689.647s][info][gc,phases      ] GC(1064) Phase 1: Mark live objects 65.059ms
[689.647s][info][gc,phases,start] GC(1064) Phase 2: Compute new object addresses
[689.806s][info][gc,phases      ] GC(1064) Phase 2: Compute new object addresses 159.103ms
[689.806s][info][gc,phases,start] GC(1064) Phase 3: Adjust pointers
[689.838s][info][gc,phases      ] GC(1064) Phase 3: Adjust pointers 31.939ms
[689.838s][info][gc,phases,start] GC(1064) Phase 4: Move objects
[689.845s][info][gc,phases      ] GC(1064) Phase 4: Move objects 7.187ms
[689.846s][info][gc,heap        ] GC(1064) DefNew: 629119K(629120K)->35438K(629120K) Eden: 559232K(559232K)->35438K(559232K) From: 69887K(69888K)->0K(69888K)
[689.846s][info][gc,heap        ] GC(1064) Tenured: 1398143K(1398144K)->1398143K(1398144K)
[689.846s][info][gc,metaspace   ] GC(1064) Metaspace: 120922K(124736K)->120922K(124736K) NonClass: 104706K(105280K)->104706K(105280K) Class: 16216K(19456K)->16216K(19456K)
[689.846s][info][gc             ] GC(1064) Pause Full (Allocation Failure) 1979M->1399M(1979M) 264.539ms
[689.846s][info][gc,cpu         ] GC(1064) User=0.27s Sys=0.00s Real=0.26s
[691.977s][info][gc,start       ] GC(1065) Pause Full (Allocation Failure)
[691.977s][info][gc,phases,start] GC(1065) Phase 1: Mark live objects
[692.031s][info][gc,phases      ] GC(1065) Phase 1: Mark live objects 54.358ms
[692.031s][info][gc,phases,start] GC(1065) Phase 2: Compute new object addresses
[692.195s][info][gc,phases      ] GC(1065) Phase 2: Compute new object addresses 163.235ms
[692.195s][info][gc,phases,start] GC(1065) Phase 3: Adjust pointers
[692.227s][info][gc,phases      ] GC(1065) Phase 3: Adjust pointers 32.263ms
[692.227s][info][gc,phases,start] GC(1065) Phase 4: Move objects
[692.232s][info][gc,phases      ] GC(1065) Phase 4: Move objects 5.561ms
[692.233s][info][gc,heap        ] GC(1065) DefNew: 629120K(629120K)->30612K(629120K) Eden: 559232K(559232K)->30612K(559232K) From: 69888K(69888K)->0K(69888K)
[692.233s][info][gc,heap        ] GC(1065) Tenured: 1398143K(1398144K)->1398143K(1398144K)
[692.233s][info][gc,metaspace   ] GC(1065) Metaspace: 120922K(124736K)->120922K(124736K) NonClass: 104706K(105280K)->104706K(105280K) Class: 16216K(19456K)->16216K(19456K)
[692.233s][info][gc             ] GC(1065) Pause Full (Allocation Failure) 1979M->1395M(1979M) 256.558ms
[692.233s][info][gc,cpu         ] GC(1065) User=0.25s Sys=0.00s Real=0.26s
[694.671s][info][gc,start       ] GC(1066) Pause Full (Allocation Failure)
[694.672s][info][gc,phases,start] GC(1066) Phase 1: Mark live objects
[694.727s][info][gc,phases      ] GC(1066) Phase 1: Mark live objects 55.022ms
[694.727s][info][gc,phases,start] GC(1066) Phase 2: Compute new object addresses
[694.893s][info][gc,phases      ] GC(1066) Phase 2: Compute new object addresses 166.014ms
[694.893s][info][gc,phases,start] GC(1066) Phase 3: Adjust pointers
[694.925s][info][gc,phases      ] GC(1066) Phase 3: Adjust pointers 31.900ms
[694.925s][info][gc,phases,start] GC(1066) Phase 4: Move objects
[694.929s][info][gc,phases      ] GC(1066) Phase 4: Move objects 4.151ms
[694.930s][info][gc,heap        ] GC(1066) DefNew: 629120K(629120K)->30616K(629120K) Eden: 559232K(559232K)->30616K(559232K) From: 69888K(69888K)->0K(69888K)
[694.930s][info][gc,heap        ] GC(1066) Tenured: 1398143K(1398144K)->1398143K(1398144K)
[694.930s][info][gc,metaspace   ] GC(1066) Metaspace: 120922K(124736K)->120922K(124736K) NonClass: 104706K(105280K)->104706K(105280K) Class: 16216K(19456K)->16216K(19456K)
[694.930s][info][gc             ] GC(1066) Pause Full (Allocation Failure) 1979M->1395M(1979M) 258.211ms
[694.930s][info][gc,cpu         ] GC(1066) User=0.27s Sys=0.00s Real=0.27s
[697.126s][info][gc,start       ] GC(1067) Pause Full (Allocation Failure)
[697.126s][info][gc,phases,start] GC(1067) Phase 1: Mark live objects
[697.180s][info][gc,phases      ] GC(1067) Phase 1: Mark live objects 54.474ms
[697.180s][info][gc,phases,start] GC(1067) Phase 2: Compute new object addresses
[697.348s][info][gc,phases      ] GC(1067) Phase 2: Compute new object addresses 167.584ms
[697.348s][info][gc,phases,start] GC(1067) Phase 3: Adjust pointers
[697.393s][info][gc,phases      ] GC(1067) Phase 3: Adjust pointers 44.726ms
[697.393s][info][gc,phases,start] GC(1067) Phase 4: Move objects
[697.467s][info][gc,phases      ] GC(1067) Phase 4: Move objects 73.990ms
[697.468s][info][gc,heap        ] GC(1067) DefNew: 629120K(629120K)->3881K(629120K) Eden: 559232K(559232K)->3881K(559232K) From: 69888K(69888K)->0K(69888K)
[697.468s][info][gc,heap        ] GC(1067) Tenured: 1398143K(1398144K)->1395868K(1398144K)
[697.468s][info][gc,metaspace   ] GC(1067) Metaspace: 120922K(124736K)->120922K(124736K) NonClass: 104706K(105280K)->104706K(105280K) Class: 16216K(19456K)->16216K(19456K)
[697.468s][info][gc             ] GC(1067) Pause Full (Allocation Failure) 1979M->1366M(1979M) 342.030ms
[697.468s][info][gc,cpu         ] GC(1067) User=0.34s Sys=0.00s Real=0.34s
[699.908s][info][gc,start       ] GC(1068) Pause Full (Allocation Failure)
[699.908s][info][gc,phases,start] GC(1068) Phase 1: Mark live objects
[699.962s][info][gc,phases      ] GC(1068) Phase 1: Mark live objects 54.298ms
[699.962s][info][gc,phases,start] GC(1068) Phase 2: Compute new object addresses
[700.148s][info][gc,phases      ] GC(1068) Phase 2: Compute new object addresses 186.148ms
[700.148s][info][gc,phases,start] GC(1068) Phase 3: Adjust pointers
[700.181s][info][gc,phases      ] GC(1068) Phase 3: Adjust pointers 32.569ms
[700.181s][info][gc,phases,start] GC(1068) Phase 4: Move objects
[700.181s][info][gc,phases      ] GC(1068) Phase 4: Move objects 0.028ms
[700.182s][info][gc,heap        ] GC(1068) DefNew: 629120K(629120K)->3844K(629120K) Eden: 559232K(559232K)->3844K(559232K) From: 69888K(69888K)->0K(69888K)
[700.182s][info][gc,heap        ] GC(1068) Tenured: 1398143K(1398144K)->1398143K(1398144K)
[700.182s][info][gc,metaspace   ] GC(1068) Metaspace: 120922K(124736K)->120922K(124736K) NonClass: 104706K(105280K)->104706K(105280K) Class: 16216K(19456K)->16216K(19456K)
[700.182s][info][gc             ] GC(1068) Pause Full (Allocation Failure) 1979M->1369M(1979M) 274.250ms
[700.182s][info][gc,cpu         ] GC(1068) User=0.27s Sys=0.00s Real=0.27s
[702.286s][info][gc,start       ] GC(1069) Pause Full (Allocation Failure)
[702.286s][info][gc,phases,start] GC(1069) Phase 1: Mark live objects
[702.362s][info][gc,phases      ] GC(1069) Phase 1: Mark live objects 75.923ms
[702.362s][info][gc,phases,start] GC(1069) Phase 2: Compute new object addresses
[702.536s][info][gc,phases      ] GC(1069) Phase 2: Compute new object addresses 174.161ms
[702.536s][info][gc,phases,start] GC(1069) Phase 3: Adjust pointers
[702.568s][info][gc,phases      ] GC(1069) Phase 3: Adjust pointers 31.767ms
[702.568s][info][gc,phases,start] GC(1069) Phase 4: Move objects
[702.588s][info][gc,phases      ] GC(1069) Phase 4: Move objects 20.420ms
[702.589s][info][gc,heap        ] GC(1069) DefNew: 629119K(629120K)->0K(629120K) Eden: 559232K(559232K)->0K(559232K) From: 69887K(69888K)->0K(69888K)
[702.589s][info][gc,heap        ] GC(1069) Tenured: 1398143K(1398144K)->1376033K(1398144K)
[702.589s][info][gc,metaspace   ] GC(1069) Metaspace: 120922K(124736K)->120922K(124736K) NonClass: 104706K(105280K)->104706K(105280K) Class: 16216K(19456K)->16216K(19456K)
[702.589s][info][gc             ] GC(1069) Pause Full (Allocation Failure) 1979M->1343M(1979M) 303.514ms
[702.589s][info][gc,cpu         ] GC(1069) User=0.31s Sys=0.00s Real=0.30s
[702.636s][info][gc,start       ] GC(1070) Pause Young (Allocation Failure)
[702.636s][info][gc             ] GC(1070) Pause Young (Allocation Failure) 1889M->1889M(1979M) 0.110ms
[702.637s][info][gc,cpu         ] GC(1070) User=0.00s Sys=0.00s Real=0.00s
[702.637s][info][gc,start       ] GC(1071) Pause Full (Allocation Failure)
[702.637s][info][gc,phases,start] GC(1071) Phase 1: Mark live objects
[702.698s][info][gc,phases      ] GC(1071) Phase 1: Mark live objects 61.290ms
[702.698s][info][gc,phases,start] GC(1071) Phase 2: Compute new object addresses
[702.859s][info][gc,phases      ] GC(1071) Phase 2: Compute new object addresses 161.061ms
[702.859s][info][gc,phases,start] GC(1071) Phase 3: Adjust pointers
[702.891s][info][gc,phases      ] GC(1071) Phase 3: Adjust pointers 32.114ms
[702.891s][info][gc,phases,start] GC(1071) Phase 4: Move objects
[702.921s][info][gc,phases      ] GC(1071) Phase 4: Move objects 30.141ms
[702.922s][info][gc,heap        ] GC(1071) DefNew: 559232K(629120K)->0K(629120K) Eden: 559232K(559232K)->0K(559232K) From: 0K(69888K)->0K(69888K)
[702.922s][info][gc,heap        ] GC(1071) Tenured: 1376033K(1398144K)->1355671K(1398144K)
[702.922s][info][gc,metaspace   ] GC(1071) Metaspace: 120922K(124736K)->120922K(124736K) NonClass: 104706K(105280K)->104706K(105280K) Class: 16216K(19456K)->16216K(19456K)
[702.922s][info][gc             ] GC(1071) Pause Full (Allocation Failure) 1889M->1323M(1979M) 285.753ms
[702.922s][info][gc,cpu         ] GC(1071) User=0.30s Sys=0.00s Real=0.30s
[702.978s][info][gc,start       ] GC(1072) Pause Young (Allocation Failure)
[702.978s][info][gc             ] GC(1072) Pause Young (Allocation Failure) 1870M->1870M(1979M) 0.112ms
[702.978s][info][gc,cpu         ] GC(1072) User=0.00s Sys=0.00s Real=0.00s
[702.978s][info][gc,start       ] GC(1073) Pause Full (Allocation Failure)
[702.978s][info][gc,phases,start] GC(1073) Phase 1: Mark live objects
[703.032s][info][gc,phases      ] GC(1073) Phase 1: Mark live objects 53.753ms
[703.032s][info][gc,phases,start] GC(1073) Phase 2: Compute new object addresses
[703.190s][info][gc,phases      ] GC(1073) Phase 2: Compute new object addresses 157.899ms
[703.199s][info][gc,phases,start] GC(1073) Phase 3: Adjust pointers
[703.251s][info][gc,phases      ] GC(1073) Phase 3: Adjust pointers 52.169ms
[703.251s][info][gc,phases,start] GC(1073) Phase 4: Move objects
[703.309s][info][gc,phases      ] GC(1073) Phase 4: Move objects 57.658ms
[703.310s][info][gc,heap        ] GC(1073) DefNew: 559232K(629120K)->0K(629120K) Eden: 559232K(559232K)->0K(559232K) From: 0K(69888K)->0K(69888K)
[703.310s][info][gc,heap        ] GC(1073) Tenured: 1355671K(1398144K)->1204114K(1398144K)
[703.310s][info][gc,metaspace   ] GC(1073) Metaspace: 120922K(124736K)->120922K(124736K) NonClass: 104706K(105280K)->104706K(105280K) Class: 16216K(19456K)->16216K(19456K)
[703.310s][info][gc             ] GC(1073) Pause Full (Allocation Failure) 1870M->1175M(1979M) 332.084ms
[703.310s][info][gc,cpu         ] GC(1073) User=0.31s Sys=0.00s Real=0.33s
[703.761s][info][gc,start       ] GC(1074) Pause Full (System.gc())
[703.762s][info][gc,phases,start] GC(1074) Phase 1: Mark live objects
[703.825s][info][gc,phases      ] GC(1074) Phase 1: Mark live objects 62.909ms
[703.825s][info][gc,phases,start] GC(1074) Phase 2: Compute new object addresses
[703.893s][info][gc,phases      ] GC(1074) Phase 2: Compute new object addresses 67.872ms
[703.893s][info][gc,phases,start] GC(1074) Phase 3: Adjust pointers
[703.923s][info][gc,phases      ] GC(1074) Phase 3: Adjust pointers 30.674ms
[703.923s][info][gc,phases,start] GC(1074) Phase 4: Move objects
[703.923s][info][gc,phases      ] GC(1074) Phase 4: Move objects 0.083ms
[703.924s][info][gc,heap        ] GC(1074) DefNew: 235125K(629120K)->0K(629120K) Eden: 235125K(559232K)->0K(559232K) From: 0K(69888K)->0K(69888K)
[703.924s][info][gc,heap        ] GC(1074) Tenured: 1204114K(1398144K)->1038703K(1398144K)
[703.924s][info][gc,metaspace   ] GC(1074) Metaspace: 120932K(124800K)->120932K(124800K) NonClass: 104716K(105344K)->104716K(105344K) Class: 16216K(19456K)->16216K(19456K)
[703.924s][info][gc             ] GC(1074) Pause Full (System.gc()) 1405M->1014M(1979M) 162.688ms
[703.924s][info][gc,cpu         ] GC(1074) User=0.16s Sys=0.00s Real=0.16s
[704.033s][info][gc,start       ] GC(1075) Pause Young (Allocation Failure)
[704.047s][info][gc,heap        ] GC(1075) DefNew: 559232K(629120K)->13048K(629120K) Eden: 559232K(559232K)->0K(559232K) From: 0K(69888K)->13048K(69888K)
[704.047s][info][gc,heap        ] GC(1075) Tenured: 1038703K(1398144K)->1038703K(1398144K)
[704.047s][info][gc,metaspace   ] GC(1075) Metaspace: 121012K(124864K)->121012K(124864K) NonClass: 104795K(105408K)->104795K(105408K) Class: 16216K(19456K)->16216K(19456K)
[704.048s][info][gc             ] GC(1075) Pause Young (Allocation Failure) 1560M->1027M(1979M) 14.445ms
[704.048s][info][gc,cpu         ] GC(1075) User=0.02s Sys=0.00s Real=0.02s
[704.086s][info][gc,start       ] GC(1076) Pause Young (Allocation Failure)
[704.097s][info][gc,heap        ] GC(1076) DefNew: 572280K(629120K)->18454K(629120K) Eden: 559232K(559232K)->0K(559232K) From: 13048K(69888K)->18454K(69888K)
[704.097s][info][gc,heap        ] GC(1076) Tenured: 1038703K(1398144K)->1038703K(1398144K)
[704.097s][info][gc,metaspace   ] GC(1076) Metaspace: 121016K(124864K)->121016K(124864K) NonClass: 104800K(105408K)->104800K(105408K) Class: 16216K(19456K)->16216K(19456K)
[704.097s][info][gc             ] GC(1076) Pause Young (Allocation Failure) 1573M->1032M(1979M) 11.278ms
[704.097s][info][gc,cpu         ] GC(1076) User=0.00s Sys=0.00s Real=0.00s
[704.135s][info][gc,start       ] GC(1077) Pause Young (Allocation Failure)
[704.148s][info][gc,heap        ] GC(1077) DefNew: 577686K(629120K)->28178K(629120K) Eden: 559232K(559232K)->0K(559232K) From: 18454K(69888K)->28178K(69888K)
[704.148s][info][gc,heap        ] GC(1077) Tenured: 1038703K(1398144K)->1038703K(1398144K)
[704.148s][info][gc,metaspace   ] GC(1077) Metaspace: 121016K(124864K)->121016K(124864K) NonClass: 104800K(105408K)->104800K(105408K) Class: 16216K(19456K)->16216K(19456K)
[704.148s][info][gc             ] GC(1077) Pause Young (Allocation Failure) 1578M->1041M(1979M) 13.394ms
[704.148s][info][gc,cpu         ] GC(1077) User=0.03s Sys=0.00s Real=0.02s
[704.186s][info][gc,start       ] GC(1078) Pause Young (Allocation Failure)
[704.200s][info][gc,heap        ] GC(1078) DefNew: 587410K(629120K)->33206K(629120K) Eden: 559232K(559232K)->0K(559232K) From: 28178K(69888K)->33206K(69888K)
[704.200s][info][gc,heap        ] GC(1078) Tenured: 1038703K(1398144K)->1038703K(1398144K)
[704.200s][info][gc,metaspace   ] GC(1078) Metaspace: 121016K(124864K)->121016K(124864K) NonClass: 104800K(105408K)->104800K(105408K) Class: 16216K(19456K)->16216K(19456K)
[704.200s][info][gc             ] GC(1078) Pause Young (Allocation Failure) 1588M->1046M(1979M) 14.251ms
[704.200s][info][gc,cpu         ] GC(1078) User=0.00s Sys=0.00s Real=0.00s
[704.238s][info][gc,start       ] GC(1079) Pause Young (Allocation Failure)
[704.254s][info][gc,heap        ] GC(1079) DefNew: 592438K(629120K)->39501K(629120K) Eden: 559232K(559232K)->0K(559232K) From: 33206K(69888K)->39501K(69888K)
[704.254s][info][gc,heap        ] GC(1079) Tenured: 1038703K(1398144K)->1038703K(1398144K)
[704.254s][info][gc,metaspace   ] GC(1079) Metaspace: 121016K(124864K)->121016K(124864K) NonClass: 104800K(105408K)->104800K(105408K) Class: 16216K(19456K)->16216K(19456K)
[704.254s][info][gc             ] GC(1079) Pause Young (Allocation Failure) 1592M->1052M(1979M) 16.612ms
[704.254s][info][gc,cpu         ] GC(1079) User=0.02s Sys=0.00s Real=0.01s
[704.292s][info][gc,start       ] GC(1080) Pause Young (Allocation Failure)
[704.311s][info][gc,heap        ] GC(1080) DefNew: 598733K(629120K)->39877K(629120K) Eden: 559232K(559232K)->0K(559232K) From: 39501K(69888K)->39877K(69888K)
[704.311s][info][gc,heap        ] GC(1080) Tenured: 1038703K(1398144K)->1047688K(1398144K)
[704.311s][info][gc,metaspace   ] GC(1080) Metaspace: 121016K(124864K)->121016K(124864K) NonClass: 104800K(105408K)->104800K(105408K) Class: 16216K(19456K)->16216K(19456K)
[704.312s][info][gc             ] GC(1080) Pause Young (Allocation Failure) 1599M->1062M(1979M) 19.191ms
[704.312s][info][gc,cpu         ] GC(1080) User=0.03s Sys=0.00s Real=0.03s
[704.350s][info][gc,start       ] GC(1081) Pause Young (Allocation Failure)
[704.363s][info][gc,heap        ] GC(1081) DefNew: 599109K(629120K)->42480K(629120K) Eden: 559232K(559232K)->0K(559232K) From: 39877K(69888K)->42480K(69888K)
[704.363s][info][gc,heap        ] GC(1081) Tenured: 1047688K(1398144K)->1049810K(1398144K)
[704.363s][info][gc,metaspace   ] GC(1081) Metaspace: 121016K(124864K)->121016K(124864K) NonClass: 104800K(105408K)->104800K(105408K) Class: 16216K(19456K)->16216K(19456K)
[704.363s][info][gc             ] GC(1081) Pause Young (Allocation Failure) 1608M->1066M(1979M) 13.222ms
[704.363s][info][gc,cpu         ] GC(1081) User=0.02s Sys=0.00s Real=0.02s
[704.401s][info][gc,start       ] GC(1082) Pause Young (Allocation Failure)
[704.415s][info][gc,heap        ] GC(1082) DefNew: 601712K(629120K)->37749K(629120K) Eden: 559232K(559232K)->0K(559232K) From: 42480K(69888K)->37749K(69888K)
[704.415s][info][gc,heap        ] GC(1082) Tenured: 1049810K(1398144K)->1059190K(1398144K)
[704.415s][info][gc,metaspace   ] GC(1082) Metaspace: 121016K(124864K)->121016K(124864K) NonClass: 104800K(105408K)->104800K(105408K) Class: 16216K(19456K)->16216K(19456K)
[704.415s][info][gc             ] GC(1082) Pause Young (Allocation Failure) 1612M->1071M(1979M) 13.642ms
[704.415s][info][gc,cpu         ] GC(1082) User=0.02s Sys=0.00s Real=0.02s
[704.452s][info][gc,start       ] GC(1083) Pause Young (Allocation Failure)
[704.463s][info][gc,heap        ] GC(1083) DefNew: 596981K(629120K)->19036K(629120K) Eden: 559232K(559232K)->0K(559232K) From: 37749K(69888K)->19036K(69888K)
[704.463s][info][gc,heap        ] GC(1083) Tenured: 1059190K(1398144K)->1077942K(1398144K)
[704.463s][info][gc,metaspace   ] GC(1083) Metaspace: 121016K(124864K)->121016K(124864K) NonClass: 104800K(105408K)->104800K(105408K) Class: 16216K(19456K)->16216K(19456K)
[704.463s][info][gc             ] GC(1083) Pause Young (Allocation Failure) 1617M->1071M(1979M) 10.788ms
[704.463s][info][gc,cpu         ] GC(1083) User=0.02s Sys=0.00s Real=0.02s
[704.504s][info][gc,start       ] GC(1084) Pause Young (Allocation Failure)
[704.518s][info][gc,heap        ] GC(1084) DefNew: 578268K(629120K)->44030K(629120K) Eden: 559232K(559232K)->0K(559232K) From: 19036K(69888K)->44030K(69888K)
[704.518s][info][gc,heap        ] GC(1084) Tenured: 1077942K(1398144K)->1077942K(1398144K)
[704.518s][info][gc,metaspace   ] GC(1084) Metaspace: 121016K(124864K)->121016K(124864K) NonClass: 104800K(105408K)->104800K(105408K) Class: 16216K(19456K)->16216K(19456K)
[704.518s][info][gc             ] GC(1084) Pause Young (Allocation Failure) 1617M->1095M(1979M) 14.317ms
[704.518s][info][gc,cpu         ] GC(1084) User=0.00s Sys=0.00s Real=0.00s
[704.558s][info][gc,start       ] GC(1085) Pause Young (Allocation Failure)
[704.578s][info][gc,heap        ] GC(1085) DefNew: 603262K(629120K)->62732K(629120K) Eden: 559232K(559232K)->0K(559232K) From: 44030K(69888K)->62732K(69888K)
[704.578s][info][gc,heap        ] GC(1085) Tenured: 1077942K(1398144K)->1090443K(1398144K)
[704.578s][info][gc,metaspace   ] GC(1085) Metaspace: 121016K(124864K)->121016K(124864K) NonClass: 104800K(105408K)->104800K(105408K) Class: 16216K(19456K)->16216K(19456K)
[704.578s][info][gc             ] GC(1085) Pause Young (Allocation Failure) 1641M->1126M(1979M) 19.729ms
[704.578s][info][gc,cpu         ] GC(1085) User=0.02s Sys=0.00s Real=0.02s
[704.616s][info][gc,start       ] GC(1086) Pause Young (Allocation Failure)
[704.639s][info][gc,heap        ] GC(1086) DefNew: 621964K(629120K)->56529K(629120K) Eden: 559232K(559232K)->0K(559232K) From: 62732K(69888K)->56529K(69888K)
[704.639s][info][gc,heap        ] GC(1086) Tenured: 1090443K(1398144K)->1121702K(1398144K)
[704.639s][info][gc,metaspace   ] GC(1086) Metaspace: 121016K(124864K)->121016K(124864K) NonClass: 104800K(105408K)->104800K(105408K) Class: 16216K(19456K)->16216K(19456K)
[704.639s][info][gc             ] GC(1086) Pause Young (Allocation Failure) 1672M->1150M(1979M) 22.946ms
[704.639s][info][gc,cpu         ] GC(1086) User=0.02s Sys=0.00s Real=0.02s
[704.687s][info][gc,start       ] GC(1087) Pause Young (Allocation Failure)
[704.721s][info][gc,heap        ] GC(1087) DefNew: 615761K(629120K)->54143K(629120K) Eden: 559232K(559232K)->0K(559232K) From: 56529K(69888K)->54143K(69888K)
[704.763s][info][gc,heap        ] GC(1087) Tenured: 1121702K(1398144K)->1152953K(1398144K)
[704.763s][info][gc,metaspace   ] GC(1087) Metaspace: 121016K(124864K)->121016K(124864K) NonClass: 104800K(105408K)->104800K(105408K) Class: 16216K(19456K)->16216K(19456K)
[704.763s][info][gc             ] GC(1087) Pause Young (Allocation Failure) 1696M->1178M(1979M) 75.928ms
[704.763s][info][gc,cpu         ] GC(1087) User=0.03s Sys=0.00s Real=0.06s
[704.804s][info][gc,start       ] GC(1088) Pause Young (Allocation Failure)
[704.830s][info][gc,heap        ] GC(1088) DefNew: 613375K(629120K)->68414K(629120K) Eden: 559232K(559232K)->0K(559232K) From: 54143K(69888K)->68414K(69888K)
[704.830s][info][gc,heap        ] GC(1088) Tenured: 1152953K(1398144K)->1186112K(1398144K)
[704.830s][info][gc,metaspace   ] GC(1088) Metaspace: 121016K(124864K)->121016K(124864K) NonClass: 104800K(105408K)->104800K(105408K) Class: 16216K(19456K)->16216K(19456K)
[704.830s][info][gc             ] GC(1088) Pause Young (Allocation Failure) 1724M->1225M(1979M) 26.400ms
[704.830s][info][gc,cpu         ] GC(1088) User=0.02s Sys=0.00s Real=0.02s
[704.870s][info][gc,start       ] GC(1089) Pause Young (Allocation Failure)
[704.899s][info][gc,heap        ] GC(1089) DefNew: 627646K(629120K)->47253K(629120K) Eden: 559232K(559232K)->0K(559232K) From: 68414K(69888K)->47253K(69888K)
[704.899s][info][gc,heap        ] GC(1089) Tenured: 1186112K(1398144K)->1252345K(1398144K)
[704.899s][info][gc,metaspace   ] GC(1089) Metaspace: 121016K(124864K)->121016K(124864K) NonClass: 104800K(105408K)->104800K(105408K) Class: 16216K(19456K)->16216K(19456K)
[704.899s][info][gc             ] GC(1089) Pause Young (Allocation Failure) 1771M->1269M(1979M) 28.635ms
[704.899s][info][gc,cpu         ] GC(1089) User=0.03s Sys=0.00s Real=0.03s
[704.938s][info][gc,start       ] GC(1090) Pause Young (Allocation Failure)
[704.956s][info][gc,heap        ] GC(1090) DefNew: 606485K(629120K)->24423K(629120K) Eden: 559232K(559232K)->0K(559232K) From: 47253K(69888K)->24423K(69888K)
[704.956s][info][gc,heap        ] GC(1090) Tenured: 1252345K(1398144K)->1295245K(1398144K)
[704.956s][info][gc,metaspace   ] GC(1090) Metaspace: 121016K(124864K)->121016K(124864K) NonClass: 104800K(105408K)->104800K(105408K) Class: 16216K(19456K)->16216K(19456K)
[704.956s][info][gc             ] GC(1090) Pause Young (Allocation Failure) 1815M->1288M(1979M) 18.362ms
[704.956s][info][gc,cpu         ] GC(1090) User=0.02s Sys=0.00s Real=0.02s
[704.995s][info][gc,start       ] GC(1091) Pause Young (Allocation Failure)
[705.007s][info][gc,heap        ] GC(1091) DefNew: 583655K(629120K)->38267K(629120K) Eden: 559232K(559232K)->0K(559232K) From: 24423K(69888K)->38267K(69888K)
[705.007s][info][gc,heap        ] GC(1091) Tenured: 1295245K(1398144K)->1295245K(1398144K)
[705.007s][info][gc,metaspace   ] GC(1091) Metaspace: 121016K(124864K)->121016K(124864K) NonClass: 104800K(105408K)->104800K(105408K) Class: 16216K(19456K)->16216K(19456K)
[705.007s][info][gc             ] GC(1091) Pause Young (Allocation Failure) 1834M->1302M(1979M) 12.063ms
[705.007s][info][gc,cpu         ] GC(1091) User=0.00s Sys=0.00s Real=0.00s
[705.045s][info][gc,start       ] GC(1092) Pause Young (Allocation Failure)
[705.060s][info][gc,heap        ] GC(1092) DefNew: 597499K(629120K)->31559K(629120K) Eden: 559232K(559232K)->0K(559232K) From: 38267K(69888K)->31559K(69888K)
[705.060s][info][gc,heap        ] GC(1092) Tenured: 1295245K(1398144K)->1314135K(1398144K)
[705.060s][info][gc,metaspace   ] GC(1092) Metaspace: 121016K(124864K)->121016K(124864K) NonClass: 104800K(105408K)->104800K(105408K) Class: 16216K(19456K)->16216K(19456K)
[705.060s][info][gc             ] GC(1092) Pause Young (Allocation Failure) 1848M->1314M(1979M) 14.675ms
[705.060s][info][gc,cpu         ] GC(1092) User=0.00s Sys=0.00s Real=0.00s
[705.098s][info][gc,start       ] GC(1093) Pause Young (Allocation Failure)
[705.111s][info][gc,heap        ] GC(1093) DefNew: 590791K(629120K)->45260K(629120K) Eden: 559232K(559232K)->0K(559232K) From: 31559K(69888K)->45260K(69888K)
[705.111s][info][gc,heap        ] GC(1093) Tenured: 1314135K(1398144K)->1314135K(1398144K)
[705.111s][info][gc,metaspace   ] GC(1093) Metaspace: 121016K(124864K)->121016K(124864K) NonClass: 104800K(105408K)->104800K(105408K) Class: 16216K(19456K)->16216K(19456K)
[705.111s][info][gc             ] GC(1093) Pause Young (Allocation Failure) 1860M->1327M(1979M) 13.078ms
[705.111s][info][gc,cpu         ] GC(1093) User=0.02s Sys=0.00s Real=0.01s
[705.149s][info][gc,start       ] GC(1094) Pause Young (Allocation Failure)
[705.163s][info][gc,heap        ] GC(1094) DefNew: 604492K(629120K)->28376K(629120K) Eden: 559232K(559232K)->0K(559232K) From: 45260K(69888K)->28376K(69888K)
[705.163s][info][gc,heap        ] GC(1094) Tenured: 1314135K(1398144K)->1334918K(1398144K)
[705.163s][info][gc,metaspace   ] GC(1094) Metaspace: 121016K(124864K)->121016K(124864K) NonClass: 104800K(105408K)->104800K(105408K) Class: 16216K(19456K)->16216K(19456K)
[705.163s][info][gc             ] GC(1094) Pause Young (Allocation Failure) 1873M->1331M(1979M) 14.033ms
[705.163s][info][gc,cpu         ] GC(1094) User=0.02s Sys=0.00s Real=0.02s
[705.201s][info][gc,start       ] GC(1095) Pause Young (Allocation Failure)
[705.201s][info][gc             ] GC(1095) Pause Young (Allocation Failure) 1877M->1877M(1979M) 0.121ms
[705.201s][info][gc,cpu         ] GC(1095) User=0.00s Sys=0.00s Real=0.00s
[705.201s][info][gc,start       ] GC(1096) Pause Full (Allocation Failure)
[705.201s][info][gc,phases,start] GC(1096) Phase 1: Mark live objects
[705.259s][info][gc,phases      ] GC(1096) Phase 1: Mark live objects 58.002ms
[705.260s][info][gc,phases,start] GC(1096) Phase 2: Compute new object addresses
[705.417s][info][gc,phases      ] GC(1096) Phase 2: Compute new object addresses 157.015ms
[705.417s][info][gc,phases,start] GC(1096) Phase 3: Adjust pointers
[705.450s][info][gc,phases      ] GC(1096) Phase 3: Adjust pointers 33.702ms
[705.450s][info][gc,phases,start] GC(1096) Phase 4: Move objects
[705.475s][info][gc,phases      ] GC(1096) Phase 4: Move objects 24.335ms
[705.475s][info][gc,heap        ] GC(1096) DefNew: 587608K(629120K)->0K(629120K) Eden: 559232K(559232K)->0K(559232K) From: 28376K(69888K)->0K(69888K)
[705.475s][info][gc,heap        ] GC(1096) Tenured: 1334918K(1398144K)->1158140K(1398144K)
[705.476s][info][gc,metaspace   ] GC(1096) Metaspace: 121016K(124864K)->121016K(124864K) NonClass: 104800K(105408K)->104800K(105408K) Class: 16216K(19456K)->16216K(19456K)
[705.476s][info][gc             ] GC(1096) Pause Full (Allocation Failure) 1877M->1130M(1979M) 274.128ms
[705.476s][info][gc,cpu         ] GC(1096) User=0.27s Sys=0.00s Real=0.27s
[705.514s][info][gc,start       ] GC(1097) Pause Young (Allocation Failure)
[705.517s][info][gc,heap        ] GC(1097) DefNew: 559232K(629120K)->305K(629120K) Eden: 559232K(559232K)->0K(559232K) From: 0K(69888K)->305K(69888K)
[705.517s][info][gc,heap        ] GC(1097) Tenured: 1158140K(1398144K)->1158140K(1398144K)
[705.517s][info][gc,metaspace   ] GC(1097) Metaspace: 121016K(124864K)->121016K(124864K) NonClass: 104800K(105408K)->104800K(105408K) Class: 16216K(19456K)->16216K(19456K)
[705.517s][info][gc             ] GC(1097) Pause Young (Allocation Failure) 1677M->1131M(1979M) 3.320ms
[705.517s][info][gc,cpu         ] GC(1097) User=0.00s Sys=0.00s Real=0.00s
[705.570s][info][gc,start       ] GC(1098) Pause Young (Allocation Failure)
[705.583s][info][gc,heap        ] GC(1098) DefNew: 559537K(629120K)->40918K(629120K) Eden: 559232K(559232K)->0K(559232K) From: 305K(69888K)->40918K(69888K)
[705.584s][info][gc,heap        ] GC(1098) Tenured: 1158140K(1398144K)->1158140K(1398144K)
[705.584s][info][gc,metaspace   ] GC(1098) Metaspace: 121016K(124864K)->121016K(124864K) NonClass: 104800K(105408K)->104800K(105408K) Class: 16216K(19456K)->16216K(19456K)
[705.584s][info][gc             ] GC(1098) Pause Young (Allocation Failure) 1677M->1170M(1979M) 13.917ms
[705.584s][info][gc,cpu         ] GC(1098) User=0.00s Sys=0.00s Real=0.00s
[705.628s][info][gc,start       ] GC(1099) Pause Young (Allocation Failure)
[705.643s][info][gc,heap        ] GC(1099) DefNew: 600150K(629120K)->12839K(629120K) Eden: 559232K(559232K)->0K(559232K) From: 40918K(69888K)->12839K(69888K)
[705.643s][info][gc,heap        ] GC(1099) Tenured: 1158140K(1398144K)->1198807K(1398144K)
[705.643s][info][gc,metaspace   ] GC(1099) Metaspace: 121016K(124864K)->121016K(124864K) NonClass: 104800K(105408K)->104800K(105408K) Class: 16216K(19456K)->16216K(19456K)
[705.643s][info][gc             ] GC(1099) Pause Young (Allocation Failure) 1717M->1183M(1979M) 15.454ms
[705.643s][info][gc,cpu         ] GC(1099) User=0.00s Sys=0.00s Real=0.00s
[705.682s][info][gc,start       ] GC(1100) Pause Young (Allocation Failure)
[705.692s][info][gc,heap        ] GC(1100) DefNew: 572071K(629120K)->31654K(629120K) Eden: 559232K(559232K)->0K(559232K) From: 12839K(69888K)->31654K(69888K)
[705.692s][info][gc,heap        ] GC(1100) Tenured: 1198807K(1398144K)->1198807K(1398144K)
[705.692s][info][gc,metaspace   ] GC(1100) Metaspace: 121016K(124864K)->121016K(124864K) NonClass: 104800K(105408K)->104800K(105408K) Class: 16216K(19456K)->16216K(19456K)
[705.692s][info][gc             ] GC(1100) Pause Young (Allocation Failure) 1729M->1201M(1979M) 10.359ms
[705.692s][info][gc,cpu         ] GC(1100) User=0.02s Sys=0.00s Real=0.02s
[705.732s][info][gc,start       ] GC(1101) Pause Young (Allocation Failure)
[705.752s][info][gc,heap        ] GC(1101) DefNew: 590886K(629120K)->68819K(629120K) Eden: 559232K(559232K)->0K(559232K) From: 31654K(69888K)->68819K(69888K)
[705.753s][info][gc,heap        ] GC(1101) Tenured: 1198807K(1398144K)->1205057K(1398144K)
[705.753s][info][gc,metaspace   ] GC(1101) Metaspace: 121016K(124864K)->121016K(124864K) NonClass: 104800K(105408K)->104800K(105408K) Class: 16216K(19456K)->16216K(19456K)
[705.753s][info][gc             ] GC(1101) Pause Young (Allocation Failure) 1747M->1244M(1979M) 20.273ms
[705.753s][info][gc,cpu         ] GC(1101) User=0.02s Sys=0.00s Real=0.02s
[705.793s][info][gc,start       ] GC(1102) Pause Young (Allocation Failure)
[705.822s][info][gc,heap        ] GC(1102) DefNew: 628051K(629120K)->42995K(629120K) Eden: 559232K(559232K)->0K(559232K) From: 68819K(69888K)->42995K(69888K)
[705.822s][info][gc,heap        ] GC(1102) Tenured: 1205057K(1398144K)->1273624K(1398144K)
[705.822s][info][gc,metaspace   ] GC(1102) Metaspace: 121016K(124864K)->121016K(124864K) NonClass: 104800K(105408K)->104800K(105408K) Class: 16216K(19456K)->16216K(19456K)
[705.822s][info][gc             ] GC(1102) Pause Young (Allocation Failure) 1790M->1285M(1979M) 29.145ms
[705.822s][info][gc,cpu         ] GC(1102) User=0.03s Sys=0.00s Real=0.03s
[705.862s][info][gc,start       ] GC(1103) Pause Young (Allocation Failure)
[705.881s][info][gc,heap        ] GC(1103) DefNew: 602227K(629120K)->28268K(629120K) Eden: 559232K(559232K)->0K(559232K) From: 42995K(69888K)->28268K(69888K)
[705.881s][info][gc,heap        ] GC(1103) Tenured: 1273624K(1398144K)->1315006K(1398144K)
[705.881s][info][gc,metaspace   ] GC(1103) Metaspace: 121016K(124864K)->121016K(124864K) NonClass: 104800K(105408K)->104800K(105408K) Class: 16216K(19456K)->16216K(19456K)
[705.881s][info][gc             ] GC(1103) Pause Young (Allocation Failure) 1831M->1311M(1979M) 18.961ms
[705.881s][info][gc,cpu         ] GC(1103) User=0.02s Sys=0.00s Real=0.02s
[705.922s][info][gc,start       ] GC(1104) Pause Young (Allocation Failure)
[705.940s][info][gc,heap        ] GC(1104) DefNew: 587500K(629120K)->66947K(629120K) Eden: 559232K(559232K)->0K(559232K) From: 28268K(69888K)->66947K(69888K)
[705.941s][info][gc,heap        ] GC(1104) Tenured: 1315006K(1398144K)->1315006K(1398144K)
[705.941s][info][gc,metaspace   ] GC(1104) Metaspace: 121016K(124864K)->121016K(124864K) NonClass: 104800K(105408K)->104800K(105408K) Class: 16216K(19456K)->16216K(19456K)
[705.941s][info][gc             ] GC(1104) Pause Young (Allocation Failure) 1857M->1349M(1979M) 18.972ms
[705.941s][info][gc,cpu         ] GC(1104) User=0.03s Sys=0.00s Real=0.03s
[705.980s][info][gc,start       ] GC(1105) Pause Young (Allocation Failure)
[706.001s][info][gc,heap        ] GC(1105) DefNew: 626179K(629120K)->13114K(629120K) Eden: 559232K(559232K)->0K(559232K) From: 66947K(69888K)->13114K(69888K)
[706.001s][info][gc,heap        ] GC(1105) Tenured: 1315006K(1398144K)->1376474K(1398144K)
[706.001s][info][gc,metaspace   ] GC(1105) Metaspace: 121016K(124864K)->121016K(124864K) NonClass: 104800K(105408K)->104800K(105408K) Class: 16216K(19456K)->16216K(19456K)
[706.001s][info][gc             ] GC(1105) Pause Young (Allocation Failure) 1895M->1357M(1979M) 21.008ms
[706.001s][info][gc,cpu         ] GC(1105) User=0.02s Sys=0.00s Real=0.02s
[706.039s][info][gc,start       ] GC(1106) Pause Young (Allocation Failure)
[706.039s][info][gc             ] GC(1106) Pause Young (Allocation Failure) 1903M->1903M(1979M) 0.128ms
[706.039s][info][gc,cpu         ] GC(1106) User=0.00s Sys=0.00s Real=0.00s
[706.039s][info][gc,start       ] GC(1107) Pause Full (Allocation Failure)
[706.039s][info][gc,phases,start] GC(1107) Phase 1: Mark live objects
[706.099s][info][gc,phases      ] GC(1107) Phase 1: Mark live objects 59.509ms
[706.119s][info][gc,phases,start] GC(1107) Phase 2: Compute new object addresses
[706.288s][info][gc,phases      ] GC(1107) Phase 2: Compute new object addresses 169.190ms
[706.288s][info][gc,phases,start] GC(1107) Phase 3: Adjust pointers
[706.323s][info][gc,phases      ] GC(1107) Phase 3: Adjust pointers 34.290ms
[706.323s][info][gc,phases,start] GC(1107) Phase 4: Move objects
[706.360s][info][gc,phases      ] GC(1107) Phase 4: Move objects 37.502ms
[706.361s][info][gc,heap        ] GC(1107) DefNew: 572346K(629120K)->0K(629120K) Eden: 559232K(559232K)->0K(559232K) From: 13114K(69888K)->0K(69888K)
[706.361s][info][gc,heap        ] GC(1107) Tenured: 1376474K(1398144K)->1213820K(1398144K)
[706.361s][info][gc,metaspace   ] GC(1107) Metaspace: 121016K(124864K)->121016K(124864K) NonClass: 104800K(105408K)->104800K(105408K) Class: 16216K(19456K)->16216K(19456K)
[706.362s][info][gc             ] GC(1107) Pause Full (Allocation Failure) 1903M->1185M(1979M) 322.104ms
[706.362s][info][gc,cpu         ] GC(1107) User=0.30s Sys=0.00s Real=0.33s
[706.404s][info][gc,start       ] GC(1108) Pause Young (Allocation Failure)
[706.415s][info][gc,heap        ] GC(1108) DefNew: 559232K(629120K)->28117K(629120K) Eden: 559232K(559232K)->0K(559232K) From: 0K(69888K)->28117K(69888K)
[706.415s][info][gc,heap        ] GC(1108) Tenured: 1213820K(1398144K)->1213820K(1398144K)
[706.415s][info][gc,metaspace   ] GC(1108) Metaspace: 121016K(124864K)->121016K(124864K) NonClass: 104800K(105408K)->104800K(105408K) Class: 16216K(19456K)->16216K(19456K)
[706.415s][info][gc             ] GC(1108) Pause Young (Allocation Failure) 1731M->1212M(1979M) 11.172ms
[706.415s][info][gc,cpu         ] GC(1108) User=0.02s Sys=0.00s Real=0.01s
[706.455s][info][gc,start       ] GC(1109) Pause Young (Allocation Failure)
[706.480s][info][gc,heap        ] GC(1109) DefNew: 587349K(629120K)->67214K(629120K) Eden: 559232K(559232K)->0K(559232K) From: 28117K(69888K)->67214K(69888K)
[706.480s][info][gc,heap        ] GC(1109) Tenured: 1213820K(1398144K)->1238820K(1398144K)
[706.480s][info][gc,metaspace   ] GC(1109) Metaspace: 121016K(124864K)->121016K(124864K) NonClass: 104800K(105408K)->104800K(105408K) Class: 16216K(19456K)->16216K(19456K)
[706.481s][info][gc             ] GC(1109) Pause Young (Allocation Failure) 1758M->1275M(1979M) 25.411ms
[706.481s][info][gc,cpu         ] GC(1109) User=0.03s Sys=0.00s Real=0.03s
[706.522s][info][gc,start       ] GC(1110) Pause Young (Allocation Failure)
[706.555s][info][gc,heap        ] GC(1110) DefNew: 626446K(629120K)->69888K(629120K) Eden: 559232K(559232K)->0K(559232K) From: 67214K(69888K)->69888K(69888K)
[706.555s][info][gc,heap        ] GC(1110) Tenured: 1238820K(1398144K)->1293753K(1398144K)
[706.555s][info][gc,metaspace   ] GC(1110) Metaspace: 121016K(124864K)->121016K(124864K) NonClass: 104800K(105408K)->104800K(105408K) Class: 16216K(19456K)->16216K(19456K)
[706.555s][info][gc             ] GC(1110) Pause Young (Allocation Failure) 1821M->1331M(1979M) 33.474ms
[706.555s][info][gc,cpu         ] GC(1110) User=0.05s Sys=0.00s Real=0.05s
[706.595s][info][gc,start       ] GC(1111) Pause Young (Allocation Failure)
[706.620s][info][gc,heap        ] GC(1111) DefNew: 629120K(629120K)->43250K(629120K) Eden: 559232K(559232K)->0K(559232K) From: 69888K(69888K)->43250K(69888K)
[706.620s][info][gc,heap        ] GC(1111) Tenured: 1293753K(1398144K)->1348169K(1398144K)
[706.620s][info][gc,metaspace   ] GC(1111) Metaspace: 121016K(124864K)->121016K(124864K) NonClass: 104800K(105408K)->104800K(105408K) Class: 16216K(19456K)->16216K(19456K)
[706.620s][info][gc             ] GC(1111) Pause Young (Allocation Failure) 1877M->1358M(1979M) 25.061ms
[706.620s][info][gc,cpu         ] GC(1111) User=0.03s Sys=0.00s Real=0.03s
[706.653s][info][gc,start       ] GC(1112) Pause Young (Allocation Failure)
[706.653s][info][gc             ] GC(1112) Pause Young (Allocation Failure) 1904M->1904M(1979M) 0.111ms
[706.653s][info][gc,cpu         ] GC(1112) User=0.00s Sys=0.00s Real=0.00s
[706.653s][info][gc,start       ] GC(1113) Pause Full (Allocation Failure)
[706.653s][info][gc,phases,start] GC(1113) Phase 1: Mark live objects
[706.719s][info][gc,phases      ] GC(1113) Phase 1: Mark live objects 65.891ms
[706.719s][info][gc,phases,start] GC(1113) Phase 2: Compute new object addresses
[706.886s][info][gc,phases      ] GC(1113) Phase 2: Compute new object addresses 166.777ms
[706.886s][info][gc,phases,start] GC(1113) Phase 3: Adjust pointers
[706.920s][info][gc,phases      ] GC(1113) Phase 3: Adjust pointers 33.846ms
[706.920s][info][gc,phases,start] GC(1113) Phase 4: Move objects
[707.140s][info][gc,phases      ] GC(1113) Phase 4: Move objects 220.580ms
[707.141s][info][gc,heap        ] GC(1113) DefNew: 602482K(629120K)->0K(629120K) Eden: 559232K(559232K)->0K(559232K) From: 43250K(69888K)->0K(69888K)
[707.141s][info][gc,heap        ] GC(1113) Tenured: 1348169K(1398144K)->1203918K(1398144K)
[707.141s][info][gc,metaspace   ] GC(1113) Metaspace: 121016K(124864K)->121016K(124864K) NonClass: 104800K(105408K)->104800K(105408K) Class: 16216K(19456K)->16216K(19456K)
[707.141s][info][gc             ] GC(1113) Pause Full (Allocation Failure) 1904M->1175M(1979M) 488.335ms
[707.141s][info][gc,cpu         ] GC(1113) User=0.48s Sys=0.00s Real=0.48s
[707.178s][info][gc,start       ] GC(1114) Pause Young (Allocation Failure)
[707.191s][info][gc,heap        ] GC(1114) DefNew: 559232K(629120K)->48677K(629120K) Eden: 559232K(559232K)->0K(559232K) From: 0K(69888K)->48677K(69888K)
[707.191s][info][gc,heap        ] GC(1114) Tenured: 1203918K(1398144K)->1203918K(1398144K)
[707.191s][info][gc,metaspace   ] GC(1114) Metaspace: 121016K(124864K)->121016K(124864K) NonClass: 104800K(105408K)->104800K(105408K) Class: 16216K(19456K)->16216K(19456K)
[707.191s][info][gc             ] GC(1114) Pause Young (Allocation Failure) 1721M->1223M(1979M) 13.870ms
[707.191s][info][gc,cpu         ] GC(1114) User=0.02s Sys=0.00s Real=0.02s
[707.222s][info][gc,start       ] GC(1115) Pause Young (Allocation Failure)
[707.246s][info][gc,heap        ] GC(1115) DefNew: 607909K(629120K)->68822K(629120K) Eden: 559232K(559232K)->0K(559232K) From: 48677K(69888K)->68822K(69888K)
[707.246s][info][gc,heap        ] GC(1115) Tenured: 1203918K(1398144K)->1232796K(1398144K)
[707.246s][info][gc,metaspace   ] GC(1115) Metaspace: 121016K(124864K)->121016K(124864K) NonClass: 104800K(105408K)->104800K(105408K) Class: 16216K(19456K)->16216K(19456K)
[707.246s][info][gc             ] GC(1115) Pause Young (Allocation Failure) 1769M->1271M(1979M) 24.361ms
[707.246s][info][gc,cpu         ] GC(1115) User=0.03s Sys=0.00s Real=0.03s
[707.279s][info][gc,start       ] GC(1116) Pause Young (Allocation Failure)
[707.306s][info][gc,heap        ] GC(1116) DefNew: 628054K(629120K)->68908K(629120K) Eden: 559232K(559232K)->0K(559232K) From: 68822K(69888K)->68908K(69888K)
[707.306s][info][gc,heap        ] GC(1116) Tenured: 1232796K(1398144K)->1273883K(1398144K)
[707.306s][info][gc,metaspace   ] GC(1116) Metaspace: 121016K(124864K)->121016K(124864K) NonClass: 104800K(105408K)->104800K(105408K) Class: 16216K(19456K)->16216K(19456K)
[707.306s][info][gc             ] GC(1116) Pause Young (Allocation Failure) 1817M->1311M(1979M) 27.041ms
[707.306s][info][gc,cpu         ] GC(1116) User=0.02s Sys=0.00s Real=0.02s
[707.337s][info][gc,start       ] GC(1117) Pause Young (Allocation Failure)
[707.360s][info][gc,heap        ] GC(1117) DefNew: 627193K(629120K)->42288K(629120K) Eden: 558285K(559232K)->0K(559232K) From: 68908K(69888K)->42288K(69888K)
[707.360s][info][gc,heap        ] GC(1117) Tenured: 1273883K(1398144K)->1325102K(1398144K)
[707.360s][info][gc,metaspace   ] GC(1117) Metaspace: 121016K(124864K)->121016K(124864K) NonClass: 104800K(105408K)->104800K(105408K) Class: 16216K(19456K)->16216K(19456K)
[707.360s][info][gc             ] GC(1117) Pause Young (Allocation Failure) 1856M->1335M(1979M) 22.967ms
[707.360s][info][gc,cpu         ] GC(1117) User=0.03s Sys=0.00s Real=0.03s
[707.393s][info][gc,start       ] GC(1118) Pause Young (Allocation Failure)
[707.393s][info][gc             ] GC(1118) Pause Young (Allocation Failure) 1881M->1881M(1979M) 0.139ms
[707.393s][info][gc,cpu         ] GC(1118) User=0.00s Sys=0.00s Real=0.00s
[707.393s][info][gc,start       ] GC(1119) Pause Full (Allocation Failure)
[707.393s][info][gc,phases,start] GC(1119) Phase 1: Mark live objects
[707.448s][info][gc,phases      ] GC(1119) Phase 1: Mark live objects 54.695ms
[707.448s][info][gc,phases,start] GC(1119) Phase 2: Compute new object addresses
[707.605s][info][gc,phases      ] GC(1119) Phase 2: Compute new object addresses 157.102ms
[707.605s][info][gc,phases,start] GC(1119) Phase 3: Adjust pointers
[707.637s][info][gc,phases      ] GC(1119) Phase 3: Adjust pointers 31.818ms
[707.637s][info][gc,phases,start] GC(1119) Phase 4: Move objects
[707.659s][info][gc,phases      ] GC(1119) Phase 4: Move objects 22.389ms
[707.660s][info][gc,heap        ] GC(1119) DefNew: 601520K(629120K)->0K(629120K) Eden: 559232K(559232K)->0K(559232K) From: 42288K(69888K)->0K(69888K)
[707.660s][info][gc,heap        ] GC(1119) Tenured: 1325102K(1398144K)->1332224K(1398144K)
[707.660s][info][gc,metaspace   ] GC(1119) Metaspace: 121016K(124864K)->121016K(124864K) NonClass: 104800K(105408K)->104800K(105408K) Class: 16216K(19456K)->16216K(19456K)
[707.660s][info][gc             ] GC(1119) Pause Full (Allocation Failure) 1881M->1301M(1979M) 267.077ms
[707.660s][info][gc,cpu         ] GC(1119) User=0.27s Sys=0.00s Real=0.27s
[707.695s][info][gc,start       ] GC(1120) Pause Young (Allocation Failure)
[707.695s][info][gc,heap        ] GC(1120) DefNew: 559232K(629120K)->559232K(629120K) Eden: 559232K(559232K)->559232K(559232K) From: 0K(69888K)->0K(69888K)
[707.695s][info][gc,heap        ] GC(1120) Tenured: 1332224K(1398144K)->1332224K(1398144K)
[707.695s][info][gc,metaspace   ] GC(1120) Metaspace: 121016K(124864K)->121016K(124864K) NonClass: 104800K(105408K)->104800K(105408K) Class: 16216K(19456K)->16216K(19456K)
[707.696s][info][gc             ] GC(1120) Pause Young (Allocation Failure) 1847M->1847M(1979M) 0.170ms
[707.696s][info][gc,cpu         ] GC(1120) User=0.00s Sys=0.00s Real=0.00s
[707.696s][info][gc,start       ] GC(1121) Pause Full (Allocation Failure)
[707.696s][info][gc,phases,start] GC(1121) Phase 1: Mark live objects
[707.765s][info][gc,phases      ] GC(1121) Phase 1: Mark live objects 69.300ms
[707.765s][info][gc,phases,start] GC(1121) Phase 2: Compute new object addresses
[707.907s][info][gc,phases      ] GC(1121) Phase 2: Compute new object addresses 142.242ms
[707.907s][info][gc,phases,start] GC(1121) Phase 3: Adjust pointers
[707.938s][info][gc,phases      ] GC(1121) Phase 3: Adjust pointers 30.883ms
[707.938s][info][gc,phases,start] GC(1121) Phase 4: Move objects
[708.003s][info][gc,phases      ] GC(1121) Phase 4: Move objects 65.335ms
[708.006s][info][gc,heap        ] GC(1121) DefNew: 559232K(629120K)->0K(629120K) Eden: 559232K(559232K)->0K(559232K) From: 0K(69888K)->0K(69888K)
[708.006s][info][gc,heap        ] GC(1121) Tenured: 1332224K(1398144K)->1282151K(1398144K)
[708.006s][info][gc,metaspace   ] GC(1121) Metaspace: 121016K(124864K)->120224K(124864K) NonClass: 104800K(105408K)->104131K(105408K) Class: 16216K(19456K)->16092K(19456K)
[708.006s][info][gc             ] GC(1121) Pause Full (Allocation Failure) 1847M->1252M(1979M) 310.044ms
[708.006s][info][gc,cpu         ] GC(1121) User=0.31s Sys=0.00s Real=0.31s
[708.040s][info][gc,start       ] GC(1122) Pause Young (Allocation Failure)
[708.057s][info][gc,heap        ] GC(1122) DefNew: 559232K(629120K)->67248K(629120K) Eden: 559232K(559232K)->0K(559232K) From: 0K(69888K)->67248K(69888K)
[708.057s][info][gc,heap        ] GC(1122) Tenured: 1282151K(1398144K)->1282151K(1398144K)
[708.057s][info][gc,metaspace   ] GC(1122) Metaspace: 120224K(124864K)->120224K(124864K) NonClass: 104131K(105408K)->104131K(105408K) Class: 16092K(19456K)->16092K(19456K)
[708.058s][info][gc             ] GC(1122) Pause Young (Allocation Failure) 1798M->1317M(1979M) 17.450ms
[708.058s][info][gc,cpu         ] GC(1122) User=0.02s Sys=0.00s Real=0.02s
[708.088s][info][gc,start       ] GC(1123) Pause Young (Allocation Failure)
[708.120s][info][gc,heap        ] GC(1123) DefNew: 626480K(629120K)->67493K(629120K) Eden: 559232K(559232K)->0K(559232K) From: 67248K(69888K)->67493K(69888K)
[708.120s][info][gc,heap        ] GC(1123) Tenured: 1282151K(1398144K)->1321483K(1398144K)
[708.120s][info][gc,metaspace   ] GC(1123) Metaspace: 120224K(124864K)->120224K(124864K) NonClass: 104131K(105408K)->104131K(105408K) Class: 16092K(19456K)->16092K(19456K)
[708.120s][info][gc             ] GC(1123) Pause Young (Allocation Failure) 1863M->1356M(1979M) 31.722ms
[708.120s][info][gc,cpu         ] GC(1123) User=0.03s Sys=0.00s Real=0.03s
[708.155s][info][gc,start       ] GC(1124) Pause Young (Allocation Failure)
[708.155s][info][gc             ] GC(1124) Pause Young (Allocation Failure) 1902M->1902M(1979M) 0.132ms
[708.155s][info][gc,cpu         ] GC(1124) User=0.00s Sys=0.00s Real=0.00s
[708.155s][info][gc,start       ] GC(1125) Pause Full (Allocation Failure)
[708.155s][info][gc,phases,start] GC(1125) Phase 1: Mark live objects
[708.207s][info][gc,phases      ] GC(1125) Phase 1: Mark live objects 52.053ms
[708.207s][info][gc,phases,start] GC(1125) Phase 2: Compute new object addresses
[708.356s][info][gc,phases      ] GC(1125) Phase 2: Compute new object addresses 148.222ms
[708.356s][info][gc,phases,start] GC(1125) Phase 3: Adjust pointers
[708.393s][info][gc,phases      ] GC(1125) Phase 3: Adjust pointers 37.002ms
[708.393s][info][gc,phases,start] GC(1125) Phase 4: Move objects
[708.413s][info][gc,phases      ] GC(1125) Phase 4: Move objects 20.486ms
[708.414s][info][gc,heap        ] GC(1125) DefNew: 626725K(629120K)->0K(629120K) Eden: 559232K(559232K)->0K(559232K) From: 67493K(69888K)->0K(69888K)
[708.414s][info][gc,heap        ] GC(1125) Tenured: 1321483K(1398144K)->1374435K(1398144K)
[708.414s][info][gc,metaspace   ] GC(1125) Metaspace: 120224K(124864K)->120224K(124864K) NonClass: 104131K(105408K)->104131K(105408K) Class: 16092K(19456K)->16092K(19456K)
[708.414s][info][gc             ] GC(1125) Pause Full (Allocation Failure) 1902M->1342M(1979M) 258.891ms
[708.414s][info][gc,cpu         ] GC(1125) User=0.25s Sys=0.00s Real=0.25s
[708.450s][info][gc,start       ] GC(1126) Pause Young (Allocation Failure)
[708.450s][info][gc             ] GC(1126) Pause Young (Allocation Failure) 1888M->1888M(1979M) 0.121ms
[708.450s][info][gc,cpu         ] GC(1126) User=0.00s Sys=0.00s Real=0.00s
[708.450s][info][gc,start       ] GC(1127) Pause Full (Allocation Failure)
[708.450s][info][gc,phases,start] GC(1127) Phase 1: Mark live objects
[708.502s][info][gc,phases      ] GC(1127) Phase 1: Mark live objects 51.839ms
[708.502s][info][gc,phases,start] GC(1127) Phase 2: Compute new object addresses
[708.662s][info][gc,phases      ] GC(1127) Phase 2: Compute new object addresses 159.752ms
[708.662s][info][gc,phases,start] GC(1127) Phase 3: Adjust pointers
[708.692s][info][gc,phases      ] GC(1127) Phase 3: Adjust pointers 30.255ms
[708.692s][info][gc,phases,start] GC(1127) Phase 4: Move objects
[708.758s][info][gc,phases      ] GC(1127) Phase 4: Move objects 65.873ms
[708.759s][info][gc,heap        ] GC(1127) DefNew: 559232K(629120K)->0K(629120K) Eden: 559232K(559232K)->0K(559232K) From: 0K(69888K)->0K(69888K)
[708.759s][info][gc,heap        ] GC(1127) Tenured: 1374435K(1398144K)->1337665K(1398144K)
[708.759s][info][gc,metaspace   ] GC(1127) Metaspace: 120224K(124864K)->120224K(124864K) NonClass: 104131K(105408K)->104131K(105408K) Class: 16092K(19456K)->16092K(19456K)
[708.759s][info][gc             ] GC(1127) Pause Full (Allocation Failure) 1888M->1306M(1979M) 308.824ms
[708.759s][info][gc,cpu         ] GC(1127) User=0.30s Sys=0.00s Real=0.30s
[708.795s][info][gc,start       ] GC(1128) Pause Young (Allocation Failure)
[708.795s][info][gc             ] GC(1128) Pause Young (Allocation Failure) 1852M->1852M(1979M) 0.242ms
[708.795s][info][gc,cpu         ] GC(1128) User=0.00s Sys=0.00s Real=0.00s
[708.795s][info][gc,start       ] GC(1129) Pause Full (Allocation Failure)
[708.796s][info][gc,phases,start] GC(1129) Phase 1: Mark live objects
[708.859s][info][gc,phases      ] GC(1129) Phase 1: Mark live objects 62.993ms
[708.859s][info][gc,phases,start] GC(1129) Phase 2: Compute new object addresses
[708.996s][info][gc,phases      ] GC(1129) Phase 2: Compute new object addresses 136.966ms
[708.996s][info][gc,phases,start] GC(1129) Phase 3: Adjust pointers
[709.026s][info][gc,phases      ] GC(1129) Phase 3: Adjust pointers 29.931ms
[709.026s][info][gc,phases,start] GC(1129) Phase 4: Move objects
[709.040s][info][gc,phases      ] GC(1129) Phase 4: Move objects 14.300ms
[709.041s][info][gc,heap        ] GC(1129) DefNew: 559232K(629120K)->4635K(629120K) Eden: 559232K(559232K)->4635K(559232K) From: 0K(69888K)->0K(69888K)
[709.041s][info][gc,heap        ] GC(1129) Tenured: 1337665K(1398144K)->1397503K(1398144K)
[709.041s][info][gc,metaspace   ] GC(1129) Metaspace: 120224K(124864K)->120224K(124864K) NonClass: 104131K(105408K)->104131K(105408K) Class: 16092K(19456K)->16092K(19456K)
[709.041s][info][gc             ] GC(1129) Pause Full (Allocation Failure) 1852M->1369M(1979M) 245.292ms
[709.041s][info][gc,cpu         ] GC(1129) User=0.25s Sys=0.00s Real=0.25s
[710.646s][info][gc,start       ] GC(1130) Pause Full (Allocation Failure)
[710.646s][info][gc,phases,start] GC(1130) Phase 1: Mark live objects
[710.698s][info][gc,phases      ] GC(1130) Phase 1: Mark live objects 52.122ms
[710.698s][info][gc,phases,start] GC(1130) Phase 2: Compute new object addresses
[710.860s][info][gc,phases      ] GC(1130) Phase 2: Compute new object addresses 161.929ms
[710.860s][info][gc,phases,start] GC(1130) Phase 3: Adjust pointers
[710.890s][info][gc,phases      ] GC(1130) Phase 3: Adjust pointers 30.172ms
[710.890s][info][gc,phases,start] GC(1130) Phase 4: Move objects
[710.904s][info][gc,phases      ] GC(1130) Phase 4: Move objects 13.433ms
[710.905s][info][gc,heap        ] GC(1130) DefNew: 623602K(629120K)->22308K(629120K) Eden: 559232K(559232K)->22308K(559232K) From: 64370K(69888K)->0K(69888K)
[710.905s][info][gc,heap        ] GC(1130) Tenured: 1397503K(1398144K)->1397970K(1398144K)
[710.905s][info][gc,metaspace   ] GC(1130) Metaspace: 120224K(124864K)->120224K(124864K) NonClass: 104131K(105408K)->104131K(105408K) Class: 16092K(19456K)->16092K(19456K)
[710.905s][info][gc             ] GC(1130) Pause Full (Allocation Failure) 1973M->1386M(1979M) 258.802ms
[710.905s][info][gc,cpu         ] GC(1130) User=0.27s Sys=0.00s Real=0.27s
[712.619s][info][gc,start       ] GC(1131) Pause Full (Allocation Failure)
[712.619s][info][gc,phases,start] GC(1131) Phase 1: Mark live objects
[712.672s][info][gc,phases      ] GC(1131) Phase 1: Mark live objects 52.765ms
[712.672s][info][gc,phases,start] GC(1131) Phase 2: Compute new object addresses
[712.832s][info][gc,phases      ] GC(1131) Phase 2: Compute new object addresses 159.775ms
[712.832s][info][gc,phases,start] GC(1131) Phase 3: Adjust pointers
[712.862s][info][gc,phases      ] GC(1131) Phase 3: Adjust pointers 30.302ms
[712.862s][info][gc,phases,start] GC(1131) Phase 4: Move objects
[712.881s][info][gc,phases      ] GC(1131) Phase 4: Move objects 18.637ms
[712.882s][info][gc,heap        ] GC(1131) DefNew: 626058K(629120K)->29513K(629120K) Eden: 559232K(559232K)->29513K(559232K) From: 66826K(69888K)->0K(69888K)
[712.882s][info][gc,heap        ] GC(1131) Tenured: 1397970K(1398144K)->1396069K(1398144K)
[712.882s][info][gc,metaspace   ] GC(1131) Metaspace: 120224K(124864K)->120224K(124864K) NonClass: 104131K(105408K)->104131K(105408K) Class: 16092K(19456K)->16092K(19456K)
[712.882s][info][gc             ] GC(1131) Pause Full (Allocation Failure) 1976M->1392M(1979M) 262.638ms
[712.882s][info][gc,cpu         ] GC(1131) User=0.27s Sys=0.00s Real=0.27s
[714.745s][info][gc,start       ] GC(1132) Pause Full (Allocation Failure)
[714.745s][info][gc,phases,start] GC(1132) Phase 1: Mark live objects
[714.797s][info][gc,phases      ] GC(1132) Phase 1: Mark live objects 51.907ms
[714.797s][info][gc,phases,start] GC(1132) Phase 2: Compute new object addresses
[714.954s][info][gc,phases      ] GC(1132) Phase 2: Compute new object addresses 157.348ms
[714.954s][info][gc,phases,start] GC(1132) Phase 3: Adjust pointers
[714.987s][info][gc,phases      ] GC(1132) Phase 3: Adjust pointers 32.696ms
[714.987s][info][gc,phases,start] GC(1132) Phase 4: Move objects
[715.059s][info][gc,phases      ] GC(1132) Phase 4: Move objects 72.525ms
[715.060s][info][gc,heap        ] GC(1132) DefNew: 629120K(629120K)->0K(629120K) Eden: 559232K(559232K)->0K(559232K) From: 69888K(69888K)->0K(69888K)
[715.060s][info][gc,heap        ] GC(1132) Tenured: 1398143K(1398144K)->1383667K(1398144K)
[715.060s][info][gc,metaspace   ] GC(1132) Metaspace: 120224K(124864K)->120224K(124864K) NonClass: 104131K(105408K)->104131K(105408K) Class: 16092K(19456K)->16092K(19456K)
[715.060s][info][gc             ] GC(1132) Pause Full (Allocation Failure) 1979M->1351M(1979M) 315.653ms
[715.060s][info][gc,cpu         ] GC(1132) User=0.31s Sys=0.00s Real=0.31s
[715.098s][info][gc,start       ] GC(1133) Pause Young (Allocation Failure)
[715.098s][info][gc             ] GC(1133) Pause Young (Allocation Failure) 1897M->1897M(1979M) 0.146ms
[715.098s][info][gc,cpu         ] GC(1133) User=0.00s Sys=0.00s Real=0.00s
[715.098s][info][gc,start       ] GC(1134) Pause Full (Allocation Failure)
[715.098s][info][gc,phases,start] GC(1134) Phase 1: Mark live objects
[715.156s][info][gc,phases      ] GC(1134) Phase 1: Mark live objects 58.608ms
[715.156s][info][gc,phases,start] GC(1134) Phase 2: Compute new object addresses
[715.295s][info][gc,phases      ] GC(1134) Phase 2: Compute new object addresses 138.657ms
[715.295s][info][gc,phases,start] GC(1134) Phase 3: Adjust pointers
[715.326s][info][gc,phases      ] GC(1134) Phase 3: Adjust pointers 30.661ms
[715.326s][info][gc,phases,start] GC(1134) Phase 4: Move objects
[715.337s][info][gc,phases      ] GC(1134) Phase 4: Move objects 10.987ms
[715.338s][info][gc,heap        ] GC(1134) DefNew: 559232K(629120K)->35499K(629120K) Eden: 559232K(559232K)->35499K(559232K) From: 0K(69888K)->0K(69888K)
[715.338s][info][gc,heap        ] GC(1134) Tenured: 1383667K(1398144K)->1396813K(1398144K)
[715.338s][info][gc,metaspace   ] GC(1134) Metaspace: 120224K(124864K)->120224K(124864K) NonClass: 104131K(105408K)->104131K(105408K) Class: 16092K(19456K)->16092K(19456K)
[715.338s][info][gc             ] GC(1134) Pause Full (Allocation Failure) 1897M->1398M(1979M) 239.976ms
[715.338s][info][gc,cpu         ] GC(1134) User=0.23s Sys=0.00s Real=0.23s
[717.808s][info][gc,start       ] GC(1135) Pause Full (Allocation Failure)
[717.808s][info][gc,phases,start] GC(1135) Phase 1: Mark live objects
[717.860s][info][gc,phases      ] GC(1135) Phase 1: Mark live objects 51.995ms
[717.860s][info][gc,phases,start] GC(1135) Phase 2: Compute new object addresses
[718.013s][info][gc,phases      ] GC(1135) Phase 2: Compute new object addresses 153.079ms
[718.013s][info][gc,phases,start] GC(1135) Phase 3: Adjust pointers
[718.048s][info][gc,phases      ] GC(1135) Phase 3: Adjust pointers 34.576ms
[718.048s][info][gc,phases,start] GC(1135) Phase 4: Move objects
[718.061s][info][gc,phases      ] GC(1135) Phase 4: Move objects 12.829ms
[718.062s][info][gc,heap        ] GC(1135) DefNew: 629119K(629120K)->47402K(629120K) Eden: 559232K(559232K)->47402K(559232K) From: 69887K(69888K)->0K(69888K)
[718.062s][info][gc,heap        ] GC(1135) Tenured: 1398143K(1398144K)->1398143K(1398144K)
[718.062s][info][gc,metaspace   ] GC(1135) Metaspace: 120224K(124864K)->120224K(124864K) NonClass: 104131K(105408K)->104131K(105408K) Class: 16092K(19456K)->16092K(19456K)
[718.062s][info][gc             ] GC(1135) Pause Full (Allocation Failure) 1979M->1411M(1979M) 253.830ms
[718.062s][info][gc,cpu         ] GC(1135) User=0.25s Sys=0.00s Real=0.25s
[720.502s][info][gc,start       ] GC(1136) Pause Full (Allocation Failure)
[720.502s][info][gc,phases,start] GC(1136) Phase 1: Mark live objects
[720.554s][info][gc,phases      ] GC(1136) Phase 1: Mark live objects 52.385ms
[720.554s][info][gc,phases,start] GC(1136) Phase 2: Compute new object addresses
[720.714s][info][gc,phases      ] GC(1136) Phase 2: Compute new object addresses 159.969ms
[720.714s][info][gc,phases,start] GC(1136) Phase 3: Adjust pointers
[720.744s][info][gc,phases      ] GC(1136) Phase 3: Adjust pointers 29.988ms
[720.744s][info][gc,phases,start] GC(1136) Phase 4: Move objects
[720.755s][info][gc,phases      ] GC(1136) Phase 4: Move objects 10.385ms
[720.755s][info][gc,heap        ] GC(1136) DefNew: 629119K(629120K)->47290K(629120K) Eden: 559232K(559232K)->47290K(559232K) From: 69887K(69888K)->0K(69888K)
[720.755s][info][gc,heap        ] GC(1136) Tenured: 1398144K(1398144K)->1398144K(1398144K)
[720.755s][info][gc,metaspace   ] GC(1136) Metaspace: 120224K(124864K)->120224K(124864K) NonClass: 104131K(105408K)->104131K(105408K) Class: 16092K(19456K)->16092K(19456K)
[720.755s][info][gc             ] GC(1136) Pause Full (Allocation Failure) 1979M->1411M(1979M) 253.844ms
[720.755s][info][gc,cpu         ] GC(1136) User=0.27s Sys=0.00s Real=0.26s
[723.454s][info][gc,start       ] GC(1137) Pause Full (Allocation Failure)
[723.454s][info][gc,phases,start] GC(1137) Phase 1: Mark live objects
[723.506s][info][gc,phases      ] GC(1137) Phase 1: Mark live objects 52.319ms
[723.506s][info][gc,phases,start] GC(1137) Phase 2: Compute new object addresses
[723.663s][info][gc,phases      ] GC(1137) Phase 2: Compute new object addresses 156.776ms
[723.663s][info][gc,phases,start] GC(1137) Phase 3: Adjust pointers
[723.693s][info][gc,phases      ] GC(1137) Phase 3: Adjust pointers 30.495ms
[723.693s][info][gc,phases,start] GC(1137) Phase 4: Move objects
[723.782s][info][gc,phases      ] GC(1137) Phase 4: Move objects 88.748ms
[723.783s][info][gc,heap        ] GC(1137) DefNew: 629119K(629120K)->3846K(629120K) Eden: 559232K(559232K)->3846K(559232K) From: 69887K(69888K)->0K(69888K)
[723.783s][info][gc,heap        ] GC(1137) Tenured: 1398144K(1398144K)->1396409K(1398144K)
[723.783s][info][gc,metaspace   ] GC(1137) Metaspace: 120226K(124864K)->120226K(124864K) NonClass: 104133K(105408K)->104133K(105408K) Class: 16092K(19456K)->16092K(19456K)
[723.783s][info][gc             ] GC(1137) Pause Full (Allocation Failure) 1979M->1367M(1979M) 329.500ms
[723.783s][info][gc,cpu         ] GC(1137) User=0.33s Sys=0.00s Real=0.34s
[726.110s][info][gc,start       ] GC(1138) Pause Full (Allocation Failure)
[726.111s][info][gc,phases,start] GC(1138) Phase 1: Mark live objects
[726.172s][info][gc,phases      ] GC(1138) Phase 1: Mark live objects 61.110ms
[726.172s][info][gc,phases,start] GC(1138) Phase 2: Compute new object addresses
[726.345s][info][gc,phases      ] GC(1138) Phase 2: Compute new object addresses 172.864ms
[726.345s][info][gc,phases,start] GC(1138) Phase 3: Adjust pointers
[726.375s][info][gc,phases      ] GC(1138) Phase 3: Adjust pointers 29.875ms
[726.375s][info][gc,phases,start] GC(1138) Phase 4: Move objects
[726.376s][info][gc,phases      ] GC(1138) Phase 4: Move objects 0.895ms
[726.376s][info][gc,heap        ] GC(1138) DefNew: 629119K(629120K)->7604K(629120K) Eden: 559232K(559232K)->7604K(559232K) From: 69887K(69888K)->0K(69888K)
[726.376s][info][gc,heap        ] GC(1138) Tenured: 1398144K(1398144K)->1398144K(1398144K)
[726.376s][info][gc,metaspace   ] GC(1138) Metaspace: 120226K(124864K)->120226K(124864K) NonClass: 104134K(105408K)->104134K(105408K) Class: 16092K(19456K)->16092K(19456K)
[726.376s][info][gc             ] GC(1138) Pause Full (Allocation Failure) 1979M->1372M(1979M) 265.928ms
[726.376s][info][gc,cpu         ] GC(1138) User=0.27s Sys=0.00s Real=0.27s
[728.707s][info][gc,start       ] GC(1139) Pause Full (Allocation Failure)
[728.707s][info][gc,phases,start] GC(1139) Phase 1: Mark live objects
[728.759s][info][gc,phases      ] GC(1139) Phase 1: Mark live objects 52.033ms
[728.760s][info][gc,phases,start] GC(1139) Phase 2: Compute new object addresses
[728.932s][info][gc,phases      ] GC(1139) Phase 2: Compute new object addresses 172.428ms
[728.932s][info][gc,phases,start] GC(1139) Phase 3: Adjust pointers
[728.962s][info][gc,phases      ] GC(1139) Phase 3: Adjust pointers 30.133ms
[728.962s][info][gc,phases,start] GC(1139) Phase 4: Move objects
[728.963s][info][gc,phases      ] GC(1139) Phase 4: Move objects 0.657ms
[728.964s][info][gc,heap        ] GC(1139) DefNew: 629119K(629120K)->7678K(629120K) Eden: 559232K(559232K)->7678K(559232K) From: 69887K(69888K)->0K(69888K)
[728.964s][info][gc,heap        ] GC(1139) Tenured: 1398144K(1398144K)->1398144K(1398144K)
[728.964s][info][gc,metaspace   ] GC(1139) Metaspace: 120226K(124864K)->120226K(124864K) NonClass: 104134K(105408K)->104134K(105408K) Class: 16092K(19456K)->16092K(19456K)
[728.964s][info][gc             ] GC(1139) Pause Full (Allocation Failure) 1979M->1372M(1979M) 256.336ms
[728.964s][info][gc,cpu         ] GC(1139) User=0.25s Sys=0.02s Real=0.26s
[731.102s][info][gc,start       ] GC(1140) Pause Full (Allocation Failure)
[731.102s][info][gc,phases,start] GC(1140) Phase 1: Mark live objects
[731.154s][info][gc,phases      ] GC(1140) Phase 1: Mark live objects 51.827ms
[731.154s][info][gc,phases,start] GC(1140) Phase 2: Compute new object addresses
[731.325s][info][gc,phases      ] GC(1140) Phase 2: Compute new object addresses 170.988ms
[731.325s][info][gc,phases,start] GC(1140) Phase 3: Adjust pointers
[731.355s][info][gc,phases      ] GC(1140) Phase 3: Adjust pointers 30.211ms
[731.356s][info][gc,phases,start] GC(1140) Phase 4: Move objects
[731.356s][info][gc,phases      ] GC(1140) Phase 4: Move objects 0.616ms
[731.357s][info][gc,heap        ] GC(1140) DefNew: 629120K(629120K)->7684K(629120K) Eden: 559232K(559232K)->7684K(559232K) From: 69888K(69888K)->0K(69888K)
[731.357s][info][gc,heap        ] GC(1140) Tenured: 1398144K(1398144K)->1398144K(1398144K)
[731.357s][info][gc,metaspace   ] GC(1140) Metaspace: 120226K(124864K)->120226K(124864K) NonClass: 104134K(105408K)->104134K(105408K) Class: 16092K(19456K)->16092K(19456K)
[731.357s][info][gc             ] GC(1140) Pause Full (Allocation Failure) 1979M->1372M(1979M) 254.737ms
[731.357s][info][gc,cpu         ] GC(1140) User=0.27s Sys=0.00s Real=0.26s
[733.704s][info][gc,start       ] GC(1141) Pause Full (Allocation Failure)
[733.704s][info][gc,phases,start] GC(1141) Phase 1: Mark live objects
[733.757s][info][gc,phases      ] GC(1141) Phase 1: Mark live objects 52.284ms
[733.757s][info][gc,phases,start] GC(1141) Phase 2: Compute new object addresses
[733.930s][info][gc,phases      ] GC(1141) Phase 2: Compute new object addresses 173.095ms
[733.930s][info][gc,phases,start] GC(1141) Phase 3: Adjust pointers
[733.960s][info][gc,phases      ] GC(1141) Phase 3: Adjust pointers 30.485ms
[733.960s][info][gc,phases,start] GC(1141) Phase 4: Move objects
[734.047s][info][gc,phases      ] GC(1141) Phase 4: Move objects 86.886ms
[734.048s][info][gc,heap        ] GC(1141) DefNew: 629119K(629120K)->0K(629120K) Eden: 559232K(559232K)->0K(559232K) From: 69887K(69888K)->0K(69888K)
[734.048s][info][gc,heap        ] GC(1141) Tenured: 1398144K(1398144K)->1369225K(1398144K)
[734.048s][info][gc,metaspace   ] GC(1141) Metaspace: 120288K(124864K)->120288K(124864K) NonClass: 104185K(105408K)->104185K(105408K) Class: 16102K(19456K)->16102K(19456K)
[734.048s][info][gc             ] GC(1141) Pause Full (Allocation Failure) 1979M->1337M(1979M) 343.972ms
[734.048s][info][gc,cpu         ] GC(1141) User=0.33s Sys=0.00s Real=0.34s
[734.100s][info][gc,start       ] GC(1142) Pause Young (Allocation Failure)
[734.100s][info][gc             ] GC(1142) Pause Young (Allocation Failure) 1883M->1883M(1979M) 0.109ms
[734.100s][info][gc,cpu         ] GC(1142) User=0.00s Sys=0.00s Real=0.00s
[734.100s][info][gc,start       ] GC(1143) Pause Full (Allocation Failure)
[734.100s][info][gc,phases,start] GC(1143) Phase 1: Mark live objects
[734.152s][info][gc,phases      ] GC(1143) Phase 1: Mark live objects 52.136ms
[734.152s][info][gc,phases,start] GC(1143) Phase 2: Compute new object addresses
[734.308s][info][gc,phases      ] GC(1143) Phase 2: Compute new object addresses 155.490ms
[734.308s][info][gc,phases,start] GC(1143) Phase 3: Adjust pointers
[734.339s][info][gc,phases      ] GC(1143) Phase 3: Adjust pointers 30.603ms
[734.339s][info][gc,phases,start] GC(1143) Phase 4: Move objects
[734.357s][info][gc,phases      ] GC(1143) Phase 4: Move objects 18.183ms
[734.358s][info][gc,heap        ] GC(1143) DefNew: 559232K(629120K)->0K(629120K) Eden: 559232K(559232K)->0K(559232K) From: 0K(69888K)->0K(69888K)
[734.358s][info][gc,heap        ] GC(1143) Tenured: 1369225K(1398144K)->1361546K(1398144K)
[734.358s][info][gc,metaspace   ] GC(1143) Metaspace: 120288K(124864K)->120288K(124864K) NonClass: 104185K(105408K)->104185K(105408K) Class: 16102K(19456K)->16102K(19456K)
[734.358s][info][gc             ] GC(1143) Pause Full (Allocation Failure) 1883M->1329M(1979M) 257.496ms
[734.358s][info][gc,cpu         ] GC(1143) User=0.27s Sys=0.00s Real=0.26s
[734.426s][info][gc,start       ] GC(1144) Pause Young (Allocation Failure)
[734.426s][info][gc             ] GC(1144) Pause Young (Allocation Failure) 1875M->1875M(1979M) 0.190ms
[734.427s][info][gc,cpu         ] GC(1144) User=0.00s Sys=0.00s Real=0.00s
[734.427s][info][gc,start       ] GC(1145) Pause Full (Allocation Failure)
[734.427s][info][gc,phases,start] GC(1145) Phase 1: Mark live objects
[734.488s][info][gc,phases      ] GC(1145) Phase 1: Mark live objects 61.257ms
[734.488s][info][gc,phases,start] GC(1145) Phase 2: Compute new object addresses
[734.642s][info][gc,phases      ] GC(1145) Phase 2: Compute new object addresses 153.814ms
[734.642s][info][gc,phases,start] GC(1145) Phase 3: Adjust pointers
[734.672s][info][gc,phases      ] GC(1145) Phase 3: Adjust pointers 30.514ms
[734.672s][info][gc,phases,start] GC(1145) Phase 4: Move objects
[734.698s][info][gc,phases      ] GC(1145) Phase 4: Move objects 25.430ms
[734.699s][info][gc,heap        ] GC(1145) DefNew: 559232K(629120K)->0K(629120K) Eden: 559232K(559232K)->0K(559232K) From: 0K(69888K)->0K(69888K)
[734.699s][info][gc,heap        ] GC(1145) Tenured: 1361546K(1398144K)->1187075K(1398144K)
[734.699s][info][gc,metaspace   ] GC(1145) Metaspace: 120292K(124864K)->120292K(124864K) NonClass: 104188K(105408K)->104188K(105408K) Class: 16103K(19456K)->16103K(19456K)
[734.699s][info][gc             ] GC(1145) Pause Full (Allocation Failure) 1875M->1159M(1979M) 272.074ms
[734.699s][info][gc,cpu         ] GC(1145) User=0.27s Sys=0.00s Real=0.27s
[735.330s][info][gc,start       ] GC(1146) Pause Full (System.gc())
[735.331s][info][gc,phases,start] GC(1146) Phase 1: Mark live objects
[735.395s][info][gc,phases      ] GC(1146) Phase 1: Mark live objects 64.132ms
[735.395s][info][gc,phases,start] GC(1146) Phase 2: Compute new object addresses
[735.473s][info][gc,phases      ] GC(1146) Phase 2: Compute new object addresses 77.874ms
[735.473s][info][gc,phases,start] GC(1146) Phase 3: Adjust pointers
[735.505s][info][gc,phases      ] GC(1146) Phase 3: Adjust pointers 31.975ms
[735.505s][info][gc,phases,start] GC(1146) Phase 4: Move objects
[735.506s][info][gc,phases      ] GC(1146) Phase 4: Move objects 1.066ms
[735.507s][info][gc,heap        ] GC(1146) DefNew: 274895K(629120K)->0K(629120K) Eden: 274895K(559232K)->0K(559232K) From: 0K(69888K)->0K(69888K)
[735.507s][info][gc,heap        ] GC(1146) Tenured: 1187075K(1398144K)->1030913K(1398144K)
[735.507s][info][gc,metaspace   ] GC(1146) Metaspace: 120833K(124864K)->120833K(124864K) NonClass: 104646K(105408K)->104646K(105408K) Class: 16187K(19456K)->16187K(19456K)
[735.507s][info][gc             ] GC(1146) Pause Full (System.gc()) 1427M->1006M(1979M) 176.266ms
[735.507s][info][gc,cpu         ] GC(1146) User=0.20s Sys=0.00s Real=0.19s
[735.672s][info][gc,start       ] GC(1147) Pause Young (Allocation Failure)
[735.688s][info][gc,heap        ] GC(1147) DefNew: 559232K(629120K)->14118K(629120K) Eden: 559232K(559232K)->0K(559232K) From: 0K(69888K)->14118K(69888K)
[735.688s][info][gc,heap        ] GC(1147) Tenured: 1030913K(1398144K)->1030913K(1398144K)
[735.688s][info][gc,metaspace   ] GC(1147) Metaspace: 121033K(124928K)->121033K(124928K) NonClass: 104828K(105472K)->104828K(105472K) Class: 16205K(19456K)->16205K(19456K)
[735.688s][info][gc             ] GC(1147) Pause Young (Allocation Failure) 1552M->1020M(1979M) 15.521ms
[735.688s][info][gc,cpu         ] GC(1147) User=0.02s Sys=0.00s Real=0.02s
[735.725s][info][gc,start       ] GC(1148) Pause Young (Allocation Failure)
[735.737s][info][gc,heap        ] GC(1148) DefNew: 573350K(629120K)->20018K(629120K) Eden: 559232K(559232K)->0K(559232K) From: 14118K(69888K)->20018K(69888K)
[735.737s][info][gc,heap        ] GC(1148) Tenured: 1030913K(1398144K)->1030913K(1398144K)
[735.737s][info][gc,metaspace   ] GC(1148) Metaspace: 121033K(124928K)->121033K(124928K) NonClass: 104828K(105472K)->104828K(105472K) Class: 16205K(19456K)->16205K(19456K)
[735.737s][info][gc             ] GC(1148) Pause Young (Allocation Failure) 1566M->1026M(1979M) 11.915ms
[735.737s][info][gc,cpu         ] GC(1148) User=0.02s Sys=0.00s Real=0.02s
[735.775s][info][gc,start       ] GC(1149) Pause Young (Allocation Failure)
[735.788s][info][gc,heap        ] GC(1149) DefNew: 579250K(629120K)->25654K(629120K) Eden: 559232K(559232K)->0K(559232K) From: 20018K(69888K)->25654K(69888K)
[735.788s][info][gc,heap        ] GC(1149) Tenured: 1030913K(1398144K)->1030913K(1398144K)
[735.788s][info][gc,metaspace   ] GC(1149) Metaspace: 121033K(124928K)->121033K(124928K) NonClass: 104828K(105472K)->104828K(105472K) Class: 16205K(19456K)->16205K(19456K)
[735.788s][info][gc             ] GC(1149) Pause Young (Allocation Failure) 1572M->1031M(1979M) 13.056ms
[735.788s][info][gc,cpu         ] GC(1149) User=0.00s Sys=0.00s Real=0.00s
[735.825s][info][gc,start       ] GC(1150) Pause Young (Allocation Failure)
[735.840s][info][gc,heap        ] GC(1150) DefNew: 584886K(629120K)->32730K(629120K) Eden: 559232K(559232K)->0K(559232K) From: 25654K(69888K)->32730K(69888K)
[735.840s][info][gc,heap        ] GC(1150) Tenured: 1030913K(1398144K)->1030913K(1398144K)
[735.840s][info][gc,metaspace   ] GC(1150) Metaspace: 121033K(124928K)->121033K(124928K) NonClass: 104828K(105472K)->104828K(105472K) Class: 16205K(19456K)->16205K(19456K)
[735.840s][info][gc             ] GC(1150) Pause Young (Allocation Failure) 1577M->1038M(1979M) 14.520ms
[735.840s][info][gc,cpu         ] GC(1150) User=0.02s Sys=0.00s Real=0.02s
[735.877s][info][gc,start       ] GC(1151) Pause Young (Allocation Failure)
[735.892s][info][gc,heap        ] GC(1151) DefNew: 591962K(629120K)->36614K(629120K) Eden: 559232K(559232K)->0K(559232K) From: 32730K(69888K)->36614K(69888K)
[735.893s][info][gc,heap        ] GC(1151) Tenured: 1030913K(1398144K)->1030913K(1398144K)
[735.893s][info][gc,metaspace   ] GC(1151) Metaspace: 121033K(124928K)->121033K(124928K) NonClass: 104828K(105472K)->104828K(105472K) Class: 16205K(19456K)->16205K(19456K)
[735.893s][info][gc             ] GC(1151) Pause Young (Allocation Failure) 1584M->1042M(1979M) 15.335ms
[735.893s][info][gc,cpu         ] GC(1151) User=0.02s Sys=0.00s Real=0.02s
[735.931s][info][gc,start       ] GC(1152) Pause Young (Allocation Failure)
[735.952s][info][gc,heap        ] GC(1152) DefNew: 595846K(629120K)->47194K(629120K) Eden: 559232K(559232K)->0K(559232K) From: 36614K(69888K)->47194K(69888K)
[735.952s][info][gc,heap        ] GC(1152) Tenured: 1030913K(1398144K)->1040635K(1398144K)
[735.952s][info][gc,metaspace   ] GC(1152) Metaspace: 121033K(124928K)->121033K(124928K) NonClass: 104828K(105472K)->104828K(105472K) Class: 16205K(19456K)->16205K(19456K)
[735.952s][info][gc             ] GC(1152) Pause Young (Allocation Failure) 1588M->1062M(1979M) 21.582ms
[735.952s][info][gc,cpu         ] GC(1152) User=0.02s Sys=0.00s Real=0.02s
[735.990s][info][gc,start       ] GC(1153) Pause Young (Allocation Failure)
[736.004s][info][gc,heap        ] GC(1153) DefNew: 606426K(629120K)->44017K(629120K) Eden: 559232K(559232K)->0K(559232K) From: 47194K(69888K)->44017K(69888K)
[736.004s][info][gc,heap        ] GC(1153) Tenured: 1040635K(1398144K)->1045392K(1398144K)
[736.004s][info][gc,metaspace   ] GC(1153) Metaspace: 121033K(124928K)->121033K(124928K) NonClass: 104828K(105472K)->104828K(105472K) Class: 16205K(19456K)->16205K(19456K)
[736.004s][info][gc             ] GC(1153) Pause Young (Allocation Failure) 1608M->1063M(1979M) 13.960ms
[736.004s][info][gc,cpu         ] GC(1153) User=0.02s Sys=0.00s Real=0.01s
[736.042s][info][gc,start       ] GC(1154) Pause Young (Allocation Failure)
[736.055s][info][gc,heap        ] GC(1154) DefNew: 603249K(629120K)->9674K(629120K) Eden: 559232K(559232K)->0K(559232K) From: 44017K(69888K)->9674K(69888K)
[736.055s][info][gc,heap        ] GC(1154) Tenured: 1045392K(1398144K)->1079769K(1398144K)
[736.055s][info][gc,metaspace   ] GC(1154) Metaspace: 121033K(124928K)->121033K(124928K) NonClass: 104828K(105472K)->104828K(105472K) Class: 16205K(19456K)->16205K(19456K)
[736.055s][info][gc             ] GC(1154) Pause Young (Allocation Failure) 1610M->1063M(1979M) 12.885ms
[736.055s][info][gc,cpu         ] GC(1154) User=0.02s Sys=0.00s Real=0.02s
[736.093s][info][gc,start       ] GC(1155) Pause Young (Allocation Failure)
[736.098s][info][gc,heap        ] GC(1155) DefNew: 568906K(629120K)->9629K(629120K) Eden: 559232K(559232K)->0K(559232K) From: 9674K(69888K)->9629K(69888K)
[736.098s][info][gc,heap        ] GC(1155) Tenured: 1079769K(1398144K)->1079769K(1398144K)
[736.098s][info][gc,metaspace   ] GC(1155) Metaspace: 121033K(124928K)->121033K(124928K) NonClass: 104828K(105472K)->104828K(105472K) Class: 16205K(19456K)->16205K(19456K)
[736.098s][info][gc             ] GC(1155) Pause Young (Allocation Failure) 1610M->1063M(1979M) 5.125ms
[736.098s][info][gc,cpu         ] GC(1155) User=0.00s Sys=0.00s Real=0.00s
[736.136s][info][gc,start       ] GC(1156) Pause Young (Allocation Failure)
[736.144s][info][gc,heap        ] GC(1156) DefNew: 567589K(629120K)->22132K(629120K) Eden: 557960K(559232K)->0K(559232K) From: 9629K(69888K)->22132K(69888K)
[736.144s][info][gc,heap        ] GC(1156) Tenured: 1079769K(1398144K)->1079769K(1398144K)
[736.144s][info][gc,metaspace   ] GC(1156) Metaspace: 121033K(124928K)->121033K(124928K) NonClass: 104828K(105472K)->104828K(105472K) Class: 16205K(19456K)->16205K(19456K)
[736.144s][info][gc             ] GC(1156) Pause Young (Allocation Failure) 1608M->1076M(1979M) 8.275ms
[736.144s][info][gc,cpu         ] GC(1156) User=0.00s Sys=0.00s Real=0.01s
[736.198s][info][gc,start       ] GC(1157) Pause Young (Allocation Failure)
[736.223s][info][gc,heap        ] GC(1157) DefNew: 581364K(629120K)->65892K(629120K) Eden: 559232K(559232K)->0K(559232K) From: 22132K(69888K)->65892K(69888K)
[736.223s][info][gc,heap        ] GC(1157) Tenured: 1079769K(1398144K)->1104769K(1398144K)
[736.223s][info][gc,metaspace   ] GC(1157) Metaspace: 121033K(124928K)->121033K(124928K) NonClass: 104828K(105472K)->104828K(105472K) Class: 16205K(19456K)->16205K(19456K)
[736.223s][info][gc             ] GC(1157) Pause Young (Allocation Failure) 1622M->1143M(1979M) 24.707ms
[736.223s][info][gc,cpu         ] GC(1157) User=0.02s Sys=0.00s Real=0.02s
[736.263s][info][gc,start       ] GC(1158) Pause Young (Allocation Failure)
[736.283s][info][gc,heap        ] GC(1158) DefNew: 625124K(629120K)->12761K(629120K) Eden: 559232K(559232K)->0K(559232K) From: 65892K(69888K)->12761K(69888K)
[736.283s][info][gc,heap        ] GC(1158) Tenured: 1104769K(1398144K)->1167281K(1398144K)
[736.283s][info][gc,metaspace   ] GC(1158) Metaspace: 121033K(124928K)->121033K(124928K) NonClass: 104828K(105472K)->104828K(105472K) Class: 16205K(19456K)->16205K(19456K)
[736.283s][info][gc             ] GC(1158) Pause Young (Allocation Failure) 1689M->1152M(1979M) 20.287ms
[736.283s][info][gc,cpu         ] GC(1158) User=0.02s Sys=0.00s Real=0.02s
[736.322s][info][gc,start       ] GC(1159) Pause Young (Allocation Failure)
[736.328s][info][gc,heap        ] GC(1159) DefNew: 571993K(629120K)->16872K(629120K) Eden: 559232K(559232K)->0K(559232K) From: 12761K(69888K)->16872K(69888K)
[736.328s][info][gc,heap        ] GC(1159) Tenured: 1167281K(1398144K)->1167281K(1398144K)
[736.328s][info][gc,metaspace   ] GC(1159) Metaspace: 121033K(124928K)->121033K(124928K) NonClass: 104828K(105472K)->104828K(105472K) Class: 16205K(19456K)->16205K(19456K)
[736.328s][info][gc             ] GC(1159) Pause Young (Allocation Failure) 1698M->1156M(1979M) 6.623ms
[736.328s][info][gc,cpu         ] GC(1159) User=0.02s Sys=0.00s Real=0.02s
[736.383s][info][gc,start       ] GC(1160) Pause Young (Allocation Failure)
[736.405s][info][gc,heap        ] GC(1160) DefNew: 576104K(629120K)->66719K(629120K) Eden: 559232K(559232K)->0K(559232K) From: 16872K(69888K)->66719K(69888K)
[736.405s][info][gc,heap        ] GC(1160) Tenured: 1167281K(1398144K)->1175438K(1398144K)
[736.405s][info][gc,metaspace   ] GC(1160) Metaspace: 121033K(124928K)->121033K(124928K) NonClass: 104828K(105472K)->104828K(105472K) Class: 16205K(19456K)->16205K(19456K)
[736.405s][info][gc             ] GC(1160) Pause Young (Allocation Failure) 1702M->1213M(1979M) 21.781ms
[736.405s][info][gc,cpu         ] GC(1160) User=0.02s Sys=0.00s Real=0.02s
[736.446s][info][gc,start       ] GC(1161) Pause Young (Allocation Failure)
[736.477s][info][gc,heap        ] GC(1161) DefNew: 625951K(629120K)->59172K(629120K) Eden: 559232K(559232K)->0K(559232K) From: 66719K(69888K)->59172K(69888K)
[736.477s][info][gc,heap        ] GC(1161) Tenured: 1175438K(1398144K)->1241547K(1398144K)
[736.478s][info][gc,metaspace   ] GC(1161) Metaspace: 121033K(124928K)->121033K(124928K) NonClass: 104828K(105472K)->104828K(105472K) Class: 16205K(19456K)->16205K(19456K)
[736.478s][info][gc             ] GC(1161) Pause Young (Allocation Failure) 1759M->1270M(1979M) 31.711ms
[736.478s][info][gc,cpu         ] GC(1161) User=0.03s Sys=0.00s Real=0.03s
[736.517s][info][gc,start       ] GC(1162) Pause Young (Allocation Failure)
[736.536s][info][gc,heap        ] GC(1162) DefNew: 618404K(629120K)->19137K(629120K) Eden: 559232K(559232K)->0K(559232K) From: 59172K(69888K)->19137K(69888K)
[736.536s][info][gc,heap        ] GC(1162) Tenured: 1241547K(1398144K)->1296388K(1398144K)
[736.536s][info][gc,metaspace   ] GC(1162) Metaspace: 121033K(124928K)->121033K(124928K) NonClass: 104828K(105472K)->104828K(105472K) Class: 16205K(19456K)->16205K(19456K)
[736.536s][info][gc             ] GC(1162) Pause Young (Allocation Failure) 1816M->1284M(1979M) 19.920ms
[736.536s][info][gc,cpu         ] GC(1162) User=0.03s Sys=0.00s Real=0.03s
[736.574s][info][gc,start       ] GC(1163) Pause Young (Allocation Failure)
[736.584s][info][gc,heap        ] GC(1163) DefNew: 578369K(629120K)->29699K(629120K) Eden: 559232K(559232K)->0K(559232K) From: 19137K(69888K)->29699K(69888K)
[736.584s][info][gc,heap        ] GC(1163) Tenured: 1296388K(1398144K)->1296388K(1398144K)
[736.584s][info][gc,metaspace   ] GC(1163) Metaspace: 121033K(124928K)->121033K(124928K) NonClass: 104828K(105472K)->104828K(105472K) Class: 16205K(19456K)->16205K(19456K)
[736.584s][info][gc             ] GC(1163) Pause Young (Allocation Failure) 1830M->1295M(1979M) 9.988ms
[736.584s][info][gc,cpu         ] GC(1163) User=0.02s Sys=0.00s Real=0.02s
[736.622s][info][gc,start       ] GC(1164) Pause Young (Allocation Failure)
[736.632s][info][gc,heap        ] GC(1164) DefNew: 588931K(629120K)->32821K(629120K) Eden: 559232K(559232K)->0K(559232K) From: 29699K(69888K)->32821K(69888K)
[736.632s][info][gc,heap        ] GC(1164) Tenured: 1296388K(1398144K)->1296388K(1398144K)
[736.632s][info][gc,metaspace   ] GC(1164) Metaspace: 121033K(124928K)->121033K(124928K) NonClass: 104828K(105472K)->104828K(105472K) Class: 16205K(19456K)->16205K(19456K)
[736.633s][info][gc             ] GC(1164) Pause Young (Allocation Failure) 1841M->1298M(1979M) 10.518ms
[736.633s][info][gc,cpu         ] GC(1164) User=0.02s Sys=0.00s Real=0.01s
[736.671s][info][gc,start       ] GC(1165) Pause Young (Allocation Failure)
[736.685s][info][gc,heap        ] GC(1165) DefNew: 592053K(629120K)->49182K(629120K) Eden: 559232K(559232K)->0K(559232K) From: 32821K(69888K)->49182K(69888K)
[736.685s][info][gc,heap        ] GC(1165) Tenured: 1296388K(1398144K)->1296388K(1398144K)
[736.685s][info][gc,metaspace   ] GC(1165) Metaspace: 121033K(124928K)->121033K(124928K) NonClass: 104828K(105472K)->104828K(105472K) Class: 16205K(19456K)->16205K(19456K)
[736.685s][info][gc             ] GC(1165) Pause Young (Allocation Failure) 1844M->1314M(1979M) 14.371ms
[736.685s][info][gc,cpu         ] GC(1165) User=0.02s Sys=0.00s Real=0.02s
[736.723s][info][gc,start       ] GC(1166) Pause Young (Allocation Failure)
[736.737s][info][gc,heap        ] GC(1166) DefNew: 608414K(629120K)->40924K(629120K) Eden: 559232K(559232K)->0K(559232K) From: 49182K(69888K)->40924K(69888K)
[736.737s][info][gc,heap        ] GC(1166) Tenured: 1296388K(1398144K)->1304708K(1398144K)
[736.737s][info][gc,metaspace   ] GC(1166) Metaspace: 121033K(124928K)->121033K(124928K) NonClass: 104828K(105472K)->104828K(105472K) Class: 16205K(19456K)->16205K(19456K)
[736.737s][info][gc             ] GC(1166) Pause Young (Allocation Failure) 1860M->1314M(1979M) 14.078ms
[736.737s][info][gc,cpu         ] GC(1166) User=0.00s Sys=0.00s Real=0.00s
[736.775s][info][gc,start       ] GC(1167) Pause Young (Allocation Failure)
[736.789s][info][gc,heap        ] GC(1167) DefNew: 600156K(629120K)->47122K(629120K) Eden: 559232K(559232K)->0K(559232K) From: 40924K(69888K)->47122K(69888K)
[736.789s][info][gc,heap        ] GC(1167) Tenured: 1304708K(1398144K)->1304715K(1398144K)
[736.789s][info][gc,metaspace   ] GC(1167) Metaspace: 121033K(124928K)->121033K(124928K) NonClass: 104828K(105472K)->104828K(105472K) Class: 16205K(19456K)->16205K(19456K)
[736.789s][info][gc             ] GC(1167) Pause Young (Allocation Failure) 1860M->1320M(1979M) 13.572ms
[736.789s][info][gc,cpu         ] GC(1167) User=0.00s Sys=0.00s Real=0.01s
[736.827s][info][gc,start       ] GC(1168) Pause Young (Allocation Failure)
[736.840s][info][gc,heap        ] GC(1168) DefNew: 606354K(629120K)->25269K(629120K) Eden: 559232K(559232K)->0K(559232K) From: 47122K(69888K)->25269K(69888K)
[736.840s][info][gc,heap        ] GC(1168) Tenured: 1304715K(1398144K)->1326593K(1398144K)
[736.840s][info][gc,metaspace   ] GC(1168) Metaspace: 121033K(124928K)->121033K(124928K) NonClass: 104828K(105472K)->104828K(105472K) Class: 16205K(19456K)->16205K(19456K)
[736.840s][info][gc             ] GC(1168) Pause Young (Allocation Failure) 1866M->1320M(1979M) 13.478ms
[736.840s][info][gc,cpu         ] GC(1168) User=0.02s Sys=0.00s Real=0.02s
[736.878s][info][gc,start       ] GC(1169) Pause Young (Allocation Failure)
[736.878s][info][gc             ] GC(1169) Pause Young (Allocation Failure) 1866M->1866M(1979M) 0.119ms
[736.878s][info][gc,cpu         ] GC(1169) User=0.00s Sys=0.00s Real=0.00s
[736.878s][info][gc,start       ] GC(1170) Pause Full (Allocation Failure)
[736.878s][info][gc,phases,start] GC(1170) Phase 1: Mark live objects
[736.939s][info][gc,phases      ] GC(1170) Phase 1: Mark live objects 60.635ms
[736.939s][info][gc,phases,start] GC(1170) Phase 2: Compute new object addresses
[737.099s][info][gc,phases      ] GC(1170) Phase 2: Compute new object addresses 160.035ms
[737.118s][info][gc,phases,start] GC(1170) Phase 3: Adjust pointers
[737.165s][info][gc,phases      ] GC(1170) Phase 3: Adjust pointers 46.923ms
[737.165s][info][gc,phases,start] GC(1170) Phase 4: Move objects
[737.199s][info][gc,phases      ] GC(1170) Phase 4: Move objects 34.093ms
[737.200s][info][gc,heap        ] GC(1170) DefNew: 584501K(629120K)->0K(629120K) Eden: 559232K(559232K)->0K(559232K) From: 25269K(69888K)->0K(69888K)
[737.200s][info][gc,heap        ] GC(1170) Tenured: 1326593K(1398144K)->1089812K(1398144K)
[737.200s][info][gc,metaspace   ] GC(1170) Metaspace: 121033K(124928K)->121033K(124928K) NonClass: 104828K(105472K)->104828K(105472K) Class: 16205K(19456K)->16205K(19456K)
[737.200s][info][gc             ] GC(1170) Pause Full (Allocation Failure) 1866M->1064M(1979M) 322.493ms
[737.200s][info][gc,cpu         ] GC(1170) User=0.31s Sys=0.00s Real=0.33s
[737.254s][info][gc,start       ] GC(1171) Pause Young (Allocation Failure)
[737.269s][info][gc,heap        ] GC(1171) DefNew: 559231K(629120K)->50316K(629120K) Eden: 559231K(559232K)->0K(559232K) From: 0K(69888K)->50316K(69888K)
[737.269s][info][gc,heap        ] GC(1171) Tenured: 1089812K(1398144K)->1089812K(1398144K)
[737.269s][info][gc,metaspace   ] GC(1171) Metaspace: 121033K(124928K)->121033K(124928K) NonClass: 104828K(105472K)->104828K(105472K) Class: 16205K(19456K)->16205K(19456K)
[737.269s][info][gc             ] GC(1171) Pause Young (Allocation Failure) 1610M->1113M(1979M) 15.779ms
[737.270s][info][gc,cpu         ] GC(1171) User=0.02s Sys=0.00s Real=0.02s
[737.316s][info][gc,start       ] GC(1172) Pause Young (Allocation Failure)
[737.338s][info][gc,heap        ] GC(1172) DefNew: 609548K(629120K)->31716K(629120K) Eden: 559232K(559232K)->0K(559232K) From: 50316K(69888K)->31716K(69888K)
[737.338s][info][gc,heap        ] GC(1172) Tenured: 1089812K(1398144K)->1139880K(1398144K)
[737.338s][info][gc,metaspace   ] GC(1172) Metaspace: 121033K(124928K)->121033K(124928K) NonClass: 104828K(105472K)->104828K(105472K) Class: 16205K(19456K)->16205K(19456K)
[737.338s][info][gc             ] GC(1172) Pause Young (Allocation Failure) 1659M->1144M(1979M) 21.900ms
[737.338s][info][gc,cpu         ] GC(1172) User=0.02s Sys=0.00s Real=0.02s
[737.377s][info][gc,start       ] GC(1173) Pause Young (Allocation Failure)
[737.390s][info][gc,heap        ] GC(1173) DefNew: 590948K(629120K)->44151K(629120K) Eden: 559232K(559232K)->0K(559232K) From: 31716K(69888K)->44151K(69888K)
[737.390s][info][gc,heap        ] GC(1173) Tenured: 1139880K(1398144K)->1139880K(1398144K)
[737.390s][info][gc,metaspace   ] GC(1173) Metaspace: 121033K(124928K)->121033K(124928K) NonClass: 104828K(105472K)->104828K(105472K) Class: 16205K(19456K)->16205K(19456K)
[737.390s][info][gc             ] GC(1173) Pause Young (Allocation Failure) 1690M->1156M(1979M) 13.144ms
[737.390s][info][gc,cpu         ] GC(1173) User=0.02s Sys=0.00s Real=0.02s
[737.430s][info][gc,start       ] GC(1174) Pause Young (Allocation Failure)
[737.450s][info][gc,heap        ] GC(1174) DefNew: 603383K(629120K)->45567K(629120K) Eden: 559232K(559232K)->0K(559232K) From: 44151K(69888K)->45567K(69888K)
[737.450s][info][gc,heap        ] GC(1174) Tenured: 1139880K(1398144K)->1171235K(1398144K)
[737.450s][info][gc,metaspace   ] GC(1174) Metaspace: 121033K(124928K)->121033K(124928K) NonClass: 104828K(105472K)->104828K(105472K) Class: 16205K(19456K)->16205K(19456K)
[737.450s][info][gc             ] GC(1174) Pause Young (Allocation Failure) 1702M->1188M(1979M) 19.982ms
[737.450s][info][gc,cpu         ] GC(1174) User=0.02s Sys=0.00s Real=0.02s
[737.506s][info][gc,start       ] GC(1175) Pause Young (Allocation Failure)
[737.536s][info][gc,heap        ] GC(1175) DefNew: 604799K(629120K)->69888K(629120K) Eden: 559232K(559232K)->0K(559232K) From: 45567K(69888K)->69888K(69888K)
[737.536s][info][gc,heap        ] GC(1175) Tenured: 1171235K(1398144K)->1215878K(1398144K)
[737.536s][info][gc,metaspace   ] GC(1175) Metaspace: 121033K(124928K)->121033K(124928K) NonClass: 104828K(105472K)->104828K(105472K) Class: 16205K(19456K)->16205K(19456K)
[737.536s][info][gc             ] GC(1175) Pause Young (Allocation Failure) 1734M->1255M(1979M) 30.273ms
[737.536s][info][gc,cpu         ] GC(1175) User=0.02s Sys=0.00s Real=0.02s
[737.577s][info][gc,start       ] GC(1176) Pause Young (Allocation Failure)
[737.604s][info][gc,heap        ] GC(1176) DefNew: 629120K(629120K)->30608K(629120K) Eden: 559232K(559232K)->0K(559232K) From: 69888K(69888K)->30608K(69888K)
[737.604s][info][gc,heap        ] GC(1176) Tenured: 1215878K(1398144K)->1285561K(1398144K)
[737.604s][info][gc,metaspace   ] GC(1176) Metaspace: 121033K(124928K)->121033K(124928K) NonClass: 104828K(105472K)->104828K(105472K) Class: 16205K(19456K)->16205K(19456K)
[737.604s][info][gc             ] GC(1176) Pause Young (Allocation Failure) 1801M->1285M(1979M) 27.127ms
[737.604s][info][gc,cpu         ] GC(1176) User=0.02s Sys=0.00s Real=0.02s
[737.645s][info][gc,start       ] GC(1177) Pause Young (Allocation Failure)
[737.658s][info][gc,heap        ] GC(1177) DefNew: 589840K(629120K)->43555K(629120K) Eden: 559232K(559232K)->0K(559232K) From: 30608K(69888K)->43555K(69888K)
[737.658s][info][gc,heap        ] GC(1177) Tenured: 1285561K(1398144K)->1285561K(1398144K)
[737.658s][info][gc,metaspace   ] GC(1177) Metaspace: 121033K(124928K)->121033K(124928K) NonClass: 104828K(105472K)->104828K(105472K) Class: 16205K(19456K)->16205K(19456K)
[737.658s][info][gc             ] GC(1177) Pause Young (Allocation Failure) 1831M->1297M(1979M) 13.740ms
[737.658s][info][gc,cpu         ] GC(1177) User=0.02s Sys=0.00s Real=0.02s
[737.696s][info][gc,start       ] GC(1178) Pause Young (Allocation Failure)
[737.715s][info][gc,heap        ] GC(1178) DefNew: 602787K(629120K)->41974K(629120K) Eden: 559232K(559232K)->0K(559232K) From: 43555K(69888K)->41974K(69888K)
[737.715s][info][gc,heap        ] GC(1178) Tenured: 1285561K(1398144K)->1306564K(1398144K)
[737.715s][info][gc,metaspace   ] GC(1178) Metaspace: 121033K(124928K)->121033K(124928K) NonClass: 104828K(105472K)->104828K(105472K) Class: 16205K(19456K)->16205K(19456K)
[737.716s][info][gc             ] GC(1178) Pause Young (Allocation Failure) 1844M->1316M(1979M) 19.393ms
[737.716s][info][gc,cpu         ] GC(1178) User=0.02s Sys=0.00s Real=0.02s
[737.751s][info][gc,start       ] GC(1179) Pause Young (Allocation Failure)
[737.771s][info][gc,heap        ] GC(1179) DefNew: 601206K(629120K)->55576K(629120K) Eden: 559232K(559232K)->0K(559232K) From: 41974K(69888K)->55576K(69888K)
[737.771s][info][gc,heap        ] GC(1179) Tenured: 1306564K(1398144K)->1311311K(1398144K)
[737.771s][info][gc,metaspace   ] GC(1179) Metaspace: 121033K(124928K)->121033K(124928K) NonClass: 104828K(105472K)->104828K(105472K) Class: 16205K(19456K)->16205K(19456K)
[737.771s][info][gc             ] GC(1179) Pause Young (Allocation Failure) 1863M->1334M(1979M) 19.425ms
[737.771s][info][gc,cpu         ] GC(1179) User=0.02s Sys=0.00s Real=0.02s
[737.809s][info][gc,start       ] GC(1180) Pause Young (Allocation Failure)
[737.836s][info][gc,heap        ] GC(1180) DefNew: 614808K(629120K)->65788K(629120K) Eden: 559232K(559232K)->0K(559232K) From: 55576K(69888K)->65788K(69888K)
[737.836s][info][gc,heap        ] GC(1180) Tenured: 1311311K(1398144K)->1343712K(1398144K)
[737.836s][info][gc,metaspace   ] GC(1180) Metaspace: 121033K(124928K)->121033K(124928K) NonClass: 104828K(105472K)->104828K(105472K) Class: 16205K(19456K)->16205K(19456K)
[737.836s][info][gc             ] GC(1180) Pause Young (Allocation Failure) 1880M->1376M(1979M) 27.276ms
[737.836s][info][gc,cpu         ] GC(1180) User=0.03s Sys=0.00s Real=0.03s
[737.875s][info][gc,start       ] GC(1181) Pause Young (Allocation Failure)
[737.875s][info][gc             ] GC(1181) Pause Young (Allocation Failure) 1922M->1922M(1979M) 0.122ms
[737.875s][info][gc,cpu         ] GC(1181) User=0.00s Sys=0.00s Real=0.00s
[737.875s][info][gc,start       ] GC(1182) Pause Full (Allocation Failure)
[737.875s][info][gc,phases,start] GC(1182) Phase 1: Mark live objects
[737.933s][info][gc,phases      ] GC(1182) Phase 1: Mark live objects 58.046ms
[737.934s][info][gc,phases,start] GC(1182) Phase 2: Compute new object addresses
[738.069s][info][gc,phases      ] GC(1182) Phase 2: Compute new object addresses 135.848ms
[738.069s][info][gc,phases,start] GC(1182) Phase 3: Adjust pointers
[738.103s][info][gc,phases      ] GC(1182) Phase 3: Adjust pointers 33.537ms
[738.103s][info][gc,phases,start] GC(1182) Phase 4: Move objects
[738.144s][info][gc,phases      ] GC(1182) Phase 4: Move objects 40.844ms
[738.145s][info][gc,heap        ] GC(1182) DefNew: 625020K(629120K)->0K(629120K) Eden: 559232K(559232K)->0K(559232K) From: 65788K(69888K)->0K(69888K)
[738.145s][info][gc,heap        ] GC(1182) Tenured: 1343712K(1398144K)->1272051K(1398144K)
[738.145s][info][gc,metaspace   ] GC(1182) Metaspace: 121033K(124928K)->121033K(124928K) NonClass: 104828K(105472K)->104828K(105472K) Class: 16205K(19456K)->16205K(19456K)
[738.145s][info][gc             ] GC(1182) Pause Full (Allocation Failure) 1922M->1242M(1979M) 269.422ms
[738.145s][info][gc,cpu         ] GC(1182) User=0.27s Sys=0.00s Real=0.26s
[738.182s][info][gc,start       ] GC(1183) Pause Young (Allocation Failure)
[738.201s][info][gc,heap        ] GC(1183) DefNew: 559232K(629120K)->61115K(629120K) Eden: 559232K(559232K)->0K(559232K) From: 0K(69888K)->61115K(69888K)
[738.201s][info][gc,heap        ] GC(1183) Tenured: 1272051K(1398144K)->1272051K(1398144K)
[738.201s][info][gc,metaspace   ] GC(1183) Metaspace: 121033K(124928K)->121033K(124928K) NonClass: 104828K(105472K)->104828K(105472K) Class: 16205K(19456K)->16205K(19456K)
[738.201s][info][gc             ] GC(1183) Pause Young (Allocation Failure) 1788M->1301M(1979M) 19.033ms
[738.202s][info][gc,cpu         ] GC(1183) User=0.02s Sys=0.00s Real=0.01s
[738.235s][info][gc,start       ] GC(1184) Pause Young (Allocation Failure)
[738.257s][info][gc,heap        ] GC(1184) DefNew: 620347K(629120K)->38988K(629120K) Eden: 559232K(559232K)->0K(559232K) From: 61115K(69888K)->38988K(69888K)
[738.257s][info][gc,heap        ] GC(1184) Tenured: 1272051K(1398144K)->1318951K(1398144K)
[738.257s][info][gc,metaspace   ] GC(1184) Metaspace: 121033K(124928K)->121033K(124928K) NonClass: 104828K(105472K)->104828K(105472K) Class: 16205K(19456K)->16205K(19456K)
[738.257s][info][gc             ] GC(1184) Pause Young (Allocation Failure) 1848M->1326M(1979M) 22.152ms
[738.257s][info][gc,cpu         ] GC(1184) User=0.03s Sys=0.00s Real=0.03s
[738.289s][info][gc,start       ] GC(1185) Pause Young (Allocation Failure)
[738.289s][info][gc             ] GC(1185) Pause Young (Allocation Failure) 1872M->1872M(1979M) 0.176ms
[738.289s][info][gc,cpu         ] GC(1185) User=0.00s Sys=0.00s Real=0.00s
[738.289s][info][gc,start       ] GC(1186) Pause Full (Allocation Failure)
[738.289s][info][gc,phases,start] GC(1186) Phase 1: Mark live objects
[738.349s][info][gc,phases      ] GC(1186) Phase 1: Mark live objects 59.459ms
[738.349s][info][gc,phases,start] GC(1186) Phase 2: Compute new object addresses
[738.500s][info][gc,phases      ] GC(1186) Phase 2: Compute new object addresses 150.771ms
[738.500s][info][gc,phases,start] GC(1186) Phase 3: Adjust pointers
[738.532s][info][gc,phases      ] GC(1186) Phase 3: Adjust pointers 32.295ms
[738.532s][info][gc,phases,start] GC(1186) Phase 4: Move objects
[738.554s][info][gc,phases      ] GC(1186) Phase 4: Move objects 22.411ms
[738.555s][info][gc,heap        ] GC(1186) DefNew: 598220K(629120K)->0K(629120K) Eden: 559232K(559232K)->0K(559232K) From: 38988K(69888K)->0K(69888K)
[738.555s][info][gc,heap        ] GC(1186) Tenured: 1318951K(1398144K)->1282567K(1398144K)
[738.555s][info][gc,metaspace   ] GC(1186) Metaspace: 121033K(124928K)->121033K(124928K) NonClass: 104828K(105472K)->104828K(105472K) Class: 16205K(19456K)->16205K(19456K)
[738.555s][info][gc             ] GC(1186) Pause Full (Allocation Failure) 1872M->1252M(1979M) 266.028ms
[738.555s][info][gc,cpu         ] GC(1186) User=0.27s Sys=0.00s Real=0.27s
[738.591s][info][gc,start       ] GC(1187) Pause Young (Allocation Failure)
[738.614s][info][gc,heap        ] GC(1187) DefNew: 559232K(629120K)->69888K(629120K) Eden: 559232K(559232K)->0K(559232K) From: 0K(69888K)->69888K(69888K)
[738.614s][info][gc,heap        ] GC(1187) Tenured: 1282567K(1398144K)->1306128K(1398144K)
[738.614s][info][gc,metaspace   ] GC(1187) Metaspace: 121033K(124928K)->121033K(124928K) NonClass: 104828K(105472K)->104828K(105472K) Class: 16205K(19456K)->16205K(19456K)
[738.614s][info][gc             ] GC(1187) Pause Young (Allocation Failure) 1798M->1343M(1979M) 22.925ms
[738.614s][info][gc,cpu         ] GC(1187) User=0.02s Sys=0.00s Real=0.02s
[738.648s][info][gc,start       ] GC(1188) Pause Young (Allocation Failure)
[738.677s][info][gc,heap        ] GC(1188) DefNew: 629120K(629120K)->58671K(629120K) Eden: 559232K(559232K)->0K(559232K) From: 69888K(69888K)->58671K(69888K)
[738.677s][info][gc,heap        ] GC(1188) Tenured: 1306128K(1398144K)->1350865K(1398144K)
[738.677s][info][gc,metaspace   ] GC(1188) Metaspace: 121033K(124928K)->121033K(124928K) NonClass: 104828K(105472K)->104828K(105472K) Class: 16205K(19456K)->16205K(19456K)
[738.677s][info][gc             ] GC(1188) Pause Young (Allocation Failure) 1889M->1376M(1979M) 28.544ms
[738.677s][info][gc,cpu         ] GC(1188) User=0.03s Sys=0.00s Real=0.03s
[738.711s][info][gc,start       ] GC(1189) Pause Young (Allocation Failure)
[738.712s][info][gc             ] GC(1189) Pause Young (Allocation Failure) 1922M->1922M(1979M) 0.215ms
[738.712s][info][gc,cpu         ] GC(1189) User=0.00s Sys=0.00s Real=0.00s
[738.712s][info][gc,start       ] GC(1190) Pause Full (Allocation Failure)
[738.712s][info][gc,phases,start] GC(1190) Phase 1: Mark live objects
[738.775s][info][gc,phases      ] GC(1190) Phase 1: Mark live objects 63.781ms
[738.776s][info][gc,phases,start] GC(1190) Phase 2: Compute new object addresses
[738.913s][info][gc,phases      ] GC(1190) Phase 2: Compute new object addresses 137.445ms
[738.913s][info][gc,phases,start] GC(1190) Phase 3: Adjust pointers
[738.945s][info][gc,phases      ] GC(1190) Phase 3: Adjust pointers 32.262ms
[738.945s][info][gc,phases,start] GC(1190) Phase 4: Move objects
[738.967s][info][gc,phases      ] GC(1190) Phase 4: Move objects 21.237ms
[738.967s][info][gc,heap        ] GC(1190) DefNew: 617903K(629120K)->0K(629120K) Eden: 559232K(559232K)->0K(559232K) From: 58671K(69888K)->0K(69888K)
[738.967s][info][gc,heap        ] GC(1190) Tenured: 1350865K(1398144K)->1318813K(1398144K)
[738.967s][info][gc,metaspace   ] GC(1190) Metaspace: 121033K(124928K)->121033K(124928K) NonClass: 104828K(105472K)->104828K(105472K) Class: 16205K(19456K)->16205K(19456K)
[738.967s][info][gc             ] GC(1190) Pause Full (Allocation Failure) 1922M->1287M(1979M) 255.877ms
[738.968s][info][gc,cpu         ] GC(1190) User=0.27s Sys=0.00s Real=0.27s
[739.003s][info][gc,start       ] GC(1191) Pause Young (Allocation Failure)
[739.016s][info][gc,heap        ] GC(1191) DefNew: 558935K(629120K)->47484K(629120K) Eden: 558935K(559232K)->0K(559232K) From: 0K(69888K)->47484K(69888K)
[739.016s][info][gc,heap        ] GC(1191) Tenured: 1318813K(1398144K)->1318813K(1398144K)
[739.016s][info][gc,metaspace   ] GC(1191) Metaspace: 121033K(124928K)->121033K(124928K) NonClass: 104828K(105472K)->104828K(105472K) Class: 16205K(19456K)->16205K(19456K)
[739.016s][info][gc             ] GC(1191) Pause Young (Allocation Failure) 1833M->1334M(1979M) 12.883ms
[739.016s][info][gc,cpu         ] GC(1191) User=0.02s Sys=0.00s Real=0.02s
[739.045s][info][gc,start       ] GC(1192) Pause Young (Allocation Failure)
[739.065s][info][gc,heap        ] GC(1192) DefNew: 606716K(629120K)->54235K(629120K) Eden: 559232K(559232K)->0K(559232K) From: 47484K(69888K)->54235K(69888K)
[739.065s][info][gc,heap        ] GC(1192) Tenured: 1318813K(1398144K)->1345830K(1398144K)
[739.065s][info][gc,metaspace   ] GC(1192) Metaspace: 121033K(124928K)->121033K(124928K) NonClass: 104828K(105472K)->104828K(105472K) Class: 16205K(19456K)->16205K(19456K)
[739.065s][info][gc             ] GC(1192) Pause Young (Allocation Failure) 1880M->1367M(1979M) 20.495ms
[739.066s][info][gc,cpu         ] GC(1192) User=0.03s Sys=0.00s Real=0.03s
[739.096s][info][gc,start       ] GC(1193) Pause Young (Allocation Failure)
[739.096s][info][gc             ] GC(1193) Pause Young (Allocation Failure) 1913M->1913M(1979M) 0.120ms
[739.096s][info][gc,cpu         ] GC(1193) User=0.00s Sys=0.00s Real=0.00s
[739.096s][info][gc,start       ] GC(1194) Pause Full (Allocation Failure)
[739.096s][info][gc,phases,start] GC(1194) Phase 1: Mark live objects
[739.151s][info][gc,phases      ] GC(1194) Phase 1: Mark live objects 54.859ms
[739.151s][info][gc,phases,start] GC(1194) Phase 2: Compute new object addresses
[739.290s][info][gc,phases      ] GC(1194) Phase 2: Compute new object addresses 138.474ms
[739.290s][info][gc,phases,start] GC(1194) Phase 3: Adjust pointers
[739.323s][info][gc,phases      ] GC(1194) Phase 3: Adjust pointers 33.030ms
[739.323s][info][gc,phases,start] GC(1194) Phase 4: Move objects
[739.397s][info][gc,phases      ] GC(1194) Phase 4: Move objects 73.747ms
[739.398s][info][gc,heap        ] GC(1194) DefNew: 613467K(629120K)->0K(629120K) Eden: 559232K(559232K)->0K(559232K) From: 54235K(69888K)->0K(69888K)
[739.398s][info][gc,heap        ] GC(1194) Tenured: 1345830K(1398144K)->1303610K(1398144K)
[739.398s][info][gc,metaspace   ] GC(1194) Metaspace: 121033K(124928K)->121033K(124928K) NonClass: 104828K(105472K)->104828K(105472K) Class: 16205K(19456K)->16205K(19456K)
[739.398s][info][gc             ] GC(1194) Pause Full (Allocation Failure) 1913M->1273M(1979M) 301.335ms
[739.398s][info][gc,cpu         ] GC(1194) User=0.30s Sys=0.00s Real=0.30s
[739.434s][info][gc,start       ] GC(1195) Pause Young (Allocation Failure)
[739.453s][info][gc,heap        ] GC(1195) DefNew: 559232K(629120K)->69443K(629120K) Eden: 559232K(559232K)->0K(559232K) From: 0K(69888K)->69443K(69888K)
[739.453s][info][gc,heap        ] GC(1195) Tenured: 1303610K(1398144K)->1311765K(1398144K)
[739.453s][info][gc,metaspace   ] GC(1195) Metaspace: 121033K(124928K)->121033K(124928K) NonClass: 104828K(105472K)->104828K(105472K) Class: 16205K(19456K)->16205K(19456K)
[739.453s][info][gc             ] GC(1195) Pause Young (Allocation Failure) 1819M->1348M(1979M) 19.488ms
[739.453s][info][gc,cpu         ] GC(1195) User=0.03s Sys=0.00s Real=0.03s
[739.484s][info][gc,start       ] GC(1196) Pause Young (Allocation Failure)
[739.509s][info][gc,heap        ] GC(1196) DefNew: 628675K(629120K)->40705K(629120K) Eden: 559232K(559232K)->0K(559232K) From: 69443K(69888K)->40705K(69888K)
[739.509s][info][gc,heap        ] GC(1196) Tenured: 1311765K(1398144K)->1365625K(1398144K)
[739.509s][info][gc,metaspace   ] GC(1196) Metaspace: 121033K(124928K)->121033K(124928K) NonClass: 104828K(105472K)->104828K(105472K) Class: 16205K(19456K)->16205K(19456K)
[739.509s][info][gc             ] GC(1196) Pause Young (Allocation Failure) 1894M->1373M(1979M) 25.520ms
[739.509s][info][gc,cpu         ] GC(1196) User=0.02s Sys=0.00s Real=0.02s
[739.542s][info][gc,start       ] GC(1197) Pause Young (Allocation Failure)
[739.543s][info][gc             ] GC(1197) Pause Young (Allocation Failure) 1919M->1919M(1979M) 0.129ms
[739.543s][info][gc,cpu         ] GC(1197) User=0.00s Sys=0.00s Real=0.00s
[739.543s][info][gc,start       ] GC(1198) Pause Full (Allocation Failure)
[739.543s][info][gc,phases,start] GC(1198) Phase 1: Mark live objects
[739.605s][info][gc,phases      ] GC(1198) Phase 1: Mark live objects 62.203ms
[739.605s][info][gc,phases,start] GC(1198) Phase 2: Compute new object addresses
[739.749s][info][gc,phases      ] GC(1198) Phase 2: Compute new object addresses 143.761ms
[739.749s][info][gc,phases,start] GC(1198) Phase 3: Adjust pointers
[739.781s][info][gc,phases      ] GC(1198) Phase 3: Adjust pointers 31.988ms
[739.781s][info][gc,phases,start] GC(1198) Phase 4: Move objects
[739.801s][info][gc,phases      ] GC(1198) Phase 4: Move objects 20.079ms
[739.802s][info][gc,heap        ] GC(1198) DefNew: 599937K(629120K)->3125K(629120K) Eden: 559232K(559232K)->3125K(559232K) From: 40705K(69888K)->0K(69888K)
[739.802s][info][gc,heap        ] GC(1198) Tenured: 1365625K(1398144K)->1397073K(1398144K)
[739.802s][info][gc,metaspace   ] GC(1198) Metaspace: 121033K(124928K)->121033K(124928K) NonClass: 104828K(105472K)->104828K(105472K) Class: 16205K(19456K)->16205K(19456K)
[739.802s][info][gc             ] GC(1198) Pause Full (Allocation Failure) 1919M->1367M(1979M) 259.121ms
[739.802s][info][gc,cpu         ] GC(1198) User=0.27s Sys=0.00s Real=0.27s
[742.009s][info][gc,start       ] GC(1199) Pause Full (Allocation Failure)
[742.009s][info][gc,phases,start] GC(1199) Phase 1: Mark live objects
[742.063s][info][gc,phases      ] GC(1199) Phase 1: Mark live objects 54.692ms
[742.063s][info][gc,phases,start] GC(1199) Phase 2: Compute new object addresses
[742.231s][info][gc,phases      ] GC(1199) Phase 2: Compute new object addresses 167.118ms
[742.231s][info][gc,phases,start] GC(1199) Phase 3: Adjust pointers
[742.263s][info][gc,phases      ] GC(1199) Phase 3: Adjust pointers 31.982ms
[742.263s][info][gc,phases,start] GC(1199) Phase 4: Move objects
[742.280s][info][gc,phases      ] GC(1199) Phase 4: Move objects 17.495ms
[742.281s][info][gc,heap        ] GC(1199) DefNew: 629120K(629120K)->28048K(629120K) Eden: 559232K(559232K)->28048K(559232K) From: 69888K(69888K)->0K(69888K)
[742.281s][info][gc,heap        ] GC(1199) Tenured: 1398144K(1398144K)->1393008K(1398144K)
[742.281s][info][gc,metaspace   ] GC(1199) Metaspace: 121033K(124928K)->121033K(124928K) NonClass: 104828K(105472K)->104828K(105472K) Class: 16205K(19456K)->16205K(19456K)
[742.281s][info][gc             ] GC(1199) Pause Full (Allocation Failure) 1979M->1387M(1979M) 272.455ms
[742.281s][info][gc,cpu         ] GC(1199) User=0.27s Sys=0.00s Real=0.27s
[744.082s][info][gc,start       ] GC(1200) Pause Full (Allocation Failure)
[744.082s][info][gc,phases,start] GC(1200) Phase 1: Mark live objects
[744.137s][info][gc,phases      ] GC(1200) Phase 1: Mark live objects 55.129ms
[744.137s][info][gc,phases,start] GC(1200) Phase 2: Compute new object addresses
[744.295s][info][gc,phases      ] GC(1200) Phase 2: Compute new object addresses 157.239ms
[744.295s][info][gc,phases,start] GC(1200) Phase 3: Adjust pointers
[744.327s][info][gc,phases      ] GC(1200) Phase 3: Adjust pointers 32.019ms
[744.327s][info][gc,phases,start] GC(1200) Phase 4: Move objects
[744.347s][info][gc,phases      ] GC(1200) Phase 4: Move objects 20.383ms
[744.348s][info][gc,heap        ] GC(1200) DefNew: 629119K(629120K)->26497K(629120K) Eden: 559232K(559232K)->26497K(559232K) From: 69887K(69888K)->0K(69888K)
[744.348s][info][gc,heap        ] GC(1200) Tenured: 1398143K(1398144K)->1396210K(1398144K)
[744.348s][info][gc,metaspace   ] GC(1200) Metaspace: 121033K(124928K)->121033K(124928K) NonClass: 104828K(105472K)->104828K(105472K) Class: 16205K(19456K)->16205K(19456K)
[744.348s][info][gc             ] GC(1200) Pause Full (Allocation Failure) 1979M->1389M(1979M) 265.935ms
[744.348s][info][gc,cpu         ] GC(1200) User=0.27s Sys=0.00s Real=0.26s
[746.058s][info][gc,start       ] GC(1201) Pause Full (Allocation Failure)
[746.058s][info][gc,phases,start] GC(1201) Phase 1: Mark live objects
[746.114s][info][gc,phases      ] GC(1201) Phase 1: Mark live objects 55.352ms
[746.114s][info][gc,phases,start] GC(1201) Phase 2: Compute new object addresses
[746.286s][info][gc,phases      ] GC(1201) Phase 2: Compute new object addresses 172.644ms
[746.286s][info][gc,phases,start] GC(1201) Phase 3: Adjust pointers
[746.319s][info][gc,phases      ] GC(1201) Phase 3: Adjust pointers 32.843ms
[746.319s][info][gc,phases,start] GC(1201) Phase 4: Move objects
[746.394s][info][gc,phases      ] GC(1201) Phase 4: Move objects 74.631ms
[746.395s][info][gc,heap        ] GC(1201) DefNew: 629120K(629120K)->0K(629120K) Eden: 559232K(559232K)->0K(559232K) From: 69888K(69888K)->0K(69888K)
[746.395s][info][gc,heap        ] GC(1201) Tenured: 1398143K(1398144K)->1378708K(1398144K)
[746.395s][info][gc,metaspace   ] GC(1201) Metaspace: 121033K(124928K)->121033K(124928K) NonClass: 104828K(105472K)->104828K(105472K) Class: 16205K(19456K)->16205K(19456K)
[746.395s][info][gc             ] GC(1201) Pause Full (Allocation Failure) 1979M->1346M(1979M) 336.737ms
[746.395s][info][gc,cpu         ] GC(1201) User=0.34s Sys=0.00s Real=0.34s
[746.430s][info][gc,start       ] GC(1202) Pause Young (Allocation Failure)
[746.430s][info][gc             ] GC(1202) Pause Young (Allocation Failure) 1892M->1892M(1979M) 0.120ms
[746.430s][info][gc,cpu         ] GC(1202) User=0.00s Sys=0.00s Real=0.00s
[746.430s][info][gc,start       ] GC(1203) Pause Full (Allocation Failure)
[746.430s][info][gc,phases,start] GC(1203) Phase 1: Mark live objects
[746.485s][info][gc,phases      ] GC(1203) Phase 1: Mark live objects 54.952ms
[746.485s][info][gc,phases,start] GC(1203) Phase 2: Compute new object addresses
[746.627s][info][gc,phases      ] GC(1203) Phase 2: Compute new object addresses 141.199ms
[746.627s][info][gc,phases,start] GC(1203) Phase 3: Adjust pointers
[746.659s][info][gc,phases      ] GC(1203) Phase 3: Adjust pointers 32.335ms
[746.659s][info][gc,phases,start] GC(1203) Phase 4: Move objects
[746.670s][info][gc,phases      ] GC(1203) Phase 4: Move objects 10.913ms
[746.671s][info][gc,heap        ] GC(1203) DefNew: 559232K(629120K)->30685K(629120K) Eden: 559232K(559232K)->30685K(559232K) From: 0K(69888K)->0K(69888K)
[746.671s][info][gc,heap        ] GC(1203) Tenured: 1378708K(1398144K)->1396949K(1398144K)
[746.671s][info][gc,metaspace   ] GC(1203) Metaspace: 121033K(124928K)->121033K(124928K) NonClass: 104828K(105472K)->104828K(105472K) Class: 16205K(19456K)->16205K(19456K)
[746.671s][info][gc             ] GC(1203) Pause Full (Allocation Failure) 1892M->1394M(1979M) 240.482ms
[746.671s][info][gc,cpu         ] GC(1203) User=0.25s Sys=0.00s Real=0.24s
[748.892s][info][gc,start       ] GC(1204) Pause Full (Allocation Failure)
[748.892s][info][gc,phases,start] GC(1204) Phase 1: Mark live objects
[748.948s][info][gc,phases      ] GC(1204) Phase 1: Mark live objects 56.224ms
[748.948s][info][gc,phases,start] GC(1204) Phase 2: Compute new object addresses
[749.104s][info][gc,phases      ] GC(1204) Phase 2: Compute new object addresses 155.999ms
[749.104s][info][gc,phases,start] GC(1204) Phase 3: Adjust pointers
[749.137s][info][gc,phases      ] GC(1204) Phase 3: Adjust pointers 32.562ms
[749.137s][info][gc,phases,start] GC(1204) Phase 4: Move objects
[749.151s][info][gc,phases      ] GC(1204) Phase 4: Move objects 14.411ms
[749.152s][info][gc,heap        ] GC(1204) DefNew: 629120K(629120K)->63872K(629120K) Eden: 559232K(559232K)->63872K(559232K) From: 69888K(69888K)->0K(69888K)
[749.152s][info][gc,heap        ] GC(1204) Tenured: 1398143K(1398144K)->1398143K(1398144K)
[749.152s][info][gc,metaspace   ] GC(1204) Metaspace: 121033K(124928K)->121033K(124928K) NonClass: 104828K(105472K)->104828K(105472K) Class: 16205K(19456K)->16205K(19456K)
[749.152s][info][gc             ] GC(1204) Pause Full (Allocation Failure) 1979M->1427M(1979M) 260.360ms
[749.152s][info][gc,cpu         ] GC(1204) User=0.25s Sys=0.00s Real=0.26s
[751.251s][info][gc,start       ] GC(1205) Pause Full (Allocation Failure)
[751.251s][info][gc,phases,start] GC(1205) Phase 1: Mark live objects
[751.307s][info][gc,phases      ] GC(1205) Phase 1: Mark live objects 56.537ms
[751.307s][info][gc,phases,start] GC(1205) Phase 2: Compute new object addresses
[751.460s][info][gc,phases      ] GC(1205) Phase 2: Compute new object addresses 152.516ms
[751.460s][info][gc,phases,start] GC(1205) Phase 3: Adjust pointers
[751.493s][info][gc,phases      ] GC(1205) Phase 3: Adjust pointers 32.860ms
[751.493s][info][gc,phases,start] GC(1205) Phase 4: Move objects
[751.507s][info][gc,phases      ] GC(1205) Phase 4: Move objects 13.782ms
[751.507s][info][gc,heap        ] GC(1205) DefNew: 629119K(629120K)->61123K(629120K) Eden: 559232K(559232K)->61123K(559232K) From: 69887K(69888K)->0K(69888K)
[751.508s][info][gc,heap        ] GC(1205) Tenured: 1398143K(1398144K)->1398143K(1398144K)
[751.508s][info][gc,metaspace   ] GC(1205) Metaspace: 121038K(124928K)->121038K(124928K) NonClass: 104832K(105472K)->104832K(105472K) Class: 16205K(19456K)->16205K(19456K)
[751.508s][info][gc             ] GC(1205) Pause Full (Allocation Failure) 1979M->1425M(1979M) 256.888ms
[751.508s][info][gc,cpu         ] GC(1205) User=0.25s Sys=0.00s Real=0.26s
[753.970s][info][gc,start       ] GC(1206) Pause Full (Allocation Failure)
[753.970s][info][gc,phases,start] GC(1206) Phase 1: Mark live objects
[754.025s][info][gc,phases      ] GC(1206) Phase 1: Mark live objects 54.920ms
[754.025s][info][gc,phases,start] GC(1206) Phase 2: Compute new object addresses
[754.178s][info][gc,phases      ] GC(1206) Phase 2: Compute new object addresses 153.197ms
[754.178s][info][gc,phases,start] GC(1206) Phase 3: Adjust pointers
[754.211s][info][gc,phases      ] GC(1206) Phase 3: Adjust pointers 32.703ms
[754.211s][info][gc,phases,start] GC(1206) Phase 4: Move objects
[754.302s][info][gc,phases      ] GC(1206) Phase 4: Move objects 91.055ms
[754.303s][info][gc,heap        ] GC(1206) DefNew: 629120K(629120K)->6332K(629120K) Eden: 559232K(559232K)->6332K(559232K) From: 69888K(69888K)->0K(69888K)
[754.303s][info][gc,heap        ] GC(1206) Tenured: 1398143K(1398144K)->1395738K(1398144K)
[754.303s][info][gc,metaspace   ] GC(1206) Metaspace: 121038K(124928K)->121038K(124928K) NonClass: 104832K(105472K)->104832K(105472K) Class: 16205K(19456K)->16205K(19456K)
[754.303s][info][gc             ] GC(1206) Pause Full (Allocation Failure) 1979M->1369M(1979M) 333.156ms
[754.303s][info][gc,cpu         ] GC(1206) User=0.33s Sys=0.00s Real=0.33s
[756.630s][info][gc,start       ] GC(1207) Pause Full (Allocation Failure)
[756.630s][info][gc,phases,start] GC(1207) Phase 1: Mark live objects
[756.685s][info][gc,phases      ] GC(1207) Phase 1: Mark live objects 55.300ms
[756.685s][info][gc,phases,start] GC(1207) Phase 2: Compute new object addresses
[756.869s][info][gc,phases      ] GC(1207) Phase 2: Compute new object addresses 183.655ms
[756.869s][info][gc,phases,start] GC(1207) Phase 3: Adjust pointers
[756.903s][info][gc,phases      ] GC(1207) Phase 3: Adjust pointers 33.525ms
[756.903s][info][gc,phases,start] GC(1207) Phase 4: Move objects
[756.904s][info][gc,phases      ] GC(1207) Phase 4: Move objects 1.741ms
[756.905s][info][gc,heap        ] GC(1207) DefNew: 629119K(629120K)->7628K(629120K) Eden: 559232K(559232K)->7628K(559232K) From: 69887K(69888K)->0K(69888K)
[756.905s][info][gc,heap        ] GC(1207) Tenured: 1398144K(1398144K)->1398144K(1398144K)
[756.905s][info][gc,metaspace   ] GC(1207) Metaspace: 121038K(124928K)->121038K(124928K) NonClass: 104832K(105472K)->104832K(105472K) Class: 16205K(19456K)->16205K(19456K)
[756.905s][info][gc             ] GC(1207) Pause Full (Allocation Failure) 1979M->1372M(1979M) 275.358ms
[756.905s][info][gc,cpu         ] GC(1207) User=0.27s Sys=0.00s Real=0.27s
[759.060s][info][gc,start       ] GC(1208) Pause Full (Allocation Failure)
[759.060s][info][gc,phases,start] GC(1208) Phase 1: Mark live objects
[759.115s][info][gc,phases      ] GC(1208) Phase 1: Mark live objects 54.863ms
[759.115s][info][gc,phases,start] GC(1208) Phase 2: Compute new object addresses
[759.303s][info][gc,phases      ] GC(1208) Phase 2: Compute new object addresses 187.891ms
[759.303s][info][gc,phases,start] GC(1208) Phase 3: Adjust pointers
[759.347s][info][gc,phases      ] GC(1208) Phase 3: Adjust pointers 43.278ms
[759.347s][info][gc,phases,start] GC(1208) Phase 4: Move objects
[759.348s][info][gc,phases      ] GC(1208) Phase 4: Move objects 1.239ms
[759.349s][info][gc,heap        ] GC(1208) DefNew: 629118K(629120K)->7706K(629120K) Eden: 559232K(559232K)->7706K(559232K) From: 69886K(69888K)->0K(69888K)
[759.349s][info][gc,heap        ] GC(1208) Tenured: 1398144K(1398144K)->1398144K(1398144K)
[759.349s][info][gc,metaspace   ] GC(1208) Metaspace: 121038K(124928K)->121038K(124928K) NonClass: 104832K(105472K)->104832K(105472K) Class: 16205K(19456K)->16205K(19456K)
[759.349s][info][gc             ] GC(1208) Pause Full (Allocation Failure) 1979M->1372M(1979M) 288.433ms
[759.349s][info][gc,cpu         ] GC(1208) User=0.30s Sys=0.00s Real=0.29s
[761.497s][info][gc,start       ] GC(1209) Pause Full (Allocation Failure)
[761.498s][info][gc,phases,start] GC(1209) Phase 1: Mark live objects
[761.553s][info][gc,phases      ] GC(1209) Phase 1: Mark live objects 55.824ms
[761.553s][info][gc,phases,start] GC(1209) Phase 2: Compute new object addresses
[761.764s][info][gc,phases      ] GC(1209) Phase 2: Compute new object addresses 210.980ms
[761.764s][info][gc,phases,start] GC(1209) Phase 3: Adjust pointers
[761.799s][info][gc,phases      ] GC(1209) Phase 3: Adjust pointers 34.598ms
[761.799s][info][gc,phases,start] GC(1209) Phase 4: Move objects
[761.800s][info][gc,phases      ] GC(1209) Phase 4: Move objects 0.642ms
[761.801s][info][gc,heap        ] GC(1209) DefNew: 629120K(629120K)->7702K(629120K) Eden: 559232K(559232K)->7702K(559232K) From: 69888K(69888K)->0K(69888K)
[761.801s][info][gc,heap        ] GC(1209) Tenured: 1398144K(1398144K)->1398144K(1398144K)
[761.801s][info][gc,metaspace   ] GC(1209) Metaspace: 121038K(124928K)->121038K(124928K) NonClass: 104832K(105472K)->104832K(105472K) Class: 16205K(19456K)->16205K(19456K)
[761.801s][info][gc             ] GC(1209) Pause Full (Allocation Failure) 1979M->1372M(1979M) 303.225ms
[761.801s][info][gc,cpu         ] GC(1209) User=0.31s Sys=0.00s Real=0.30s
[763.955s][info][gc,start       ] GC(1210) Pause Full (Allocation Failure)
[763.956s][info][gc,phases,start] GC(1210) Phase 1: Mark live objects
[764.021s][info][gc,phases      ] GC(1210) Phase 1: Mark live objects 65.312ms
[764.021s][info][gc,phases,start] GC(1210) Phase 2: Compute new object addresses
[764.193s][info][gc,phases      ] GC(1210) Phase 2: Compute new object addresses 172.545ms
[764.193s][info][gc,phases,start] GC(1210) Phase 3: Adjust pointers
[764.227s][info][gc,phases      ] GC(1210) Phase 3: Adjust pointers 33.056ms
[764.227s][info][gc,phases,start] GC(1210) Phase 4: Move objects
[764.298s][info][gc,phases      ] GC(1210) Phase 4: Move objects 71.147ms
[764.299s][info][gc,heap        ] GC(1210) DefNew: 629120K(629120K)->3902K(629120K) Eden: 559232K(559232K)->3902K(559232K) From: 69888K(69888K)->0K(69888K)
[764.299s][info][gc,heap        ] GC(1210) Tenured: 1398144K(1398144K)->1395946K(1398144K)
[764.299s][info][gc,metaspace   ] GC(1210) Metaspace: 121038K(124928K)->121038K(124928K) NonClass: 104832K(105472K)->104832K(105472K) Class: 16205K(19456K)->16205K(19456K)
[764.299s][info][gc             ] GC(1210) Pause Full (Allocation Failure) 1979M->1367M(1979M) 343.352ms
[764.299s][info][gc,cpu         ] GC(1210) User=0.34s Sys=0.00s Real=0.34s
[766.502s][info][gc,start       ] GC(1211) Pause Full (Allocation Failure)
[766.502s][info][gc,phases,start] GC(1211) Phase 1: Mark live objects
[766.556s][info][gc,phases      ] GC(1211) Phase 1: Mark live objects 54.574ms
[766.556s][info][gc,phases,start] GC(1211) Phase 2: Compute new object addresses
[766.758s][info][gc,phases      ] GC(1211) Phase 2: Compute new object addresses 201.800ms
[766.758s][info][gc,phases,start] GC(1211) Phase 3: Adjust pointers
[766.792s][info][gc,phases      ] GC(1211) Phase 3: Adjust pointers 33.405ms
[766.792s][info][gc,phases,start] GC(1211) Phase 4: Move objects
[766.792s][info][gc,phases      ] GC(1211) Phase 4: Move objects 0.021ms
[766.792s][info][gc,heap        ] GC(1211) DefNew: 629119K(629120K)->3838K(629120K) Eden: 559232K(559232K)->3838K(559232K) From: 69887K(69888K)->0K(69888K)
[766.792s][info][gc,heap        ] GC(1211) Tenured: 1398143K(1398144K)->1398143K(1398144K)
[766.792s][info][gc,metaspace   ] GC(1211) Metaspace: 121038K(124928K)->121038K(124928K) NonClass: 104832K(105472K)->104832K(105472K) Class: 16205K(19456K)->16205K(19456K)
[766.793s][info][gc             ] GC(1211) Pause Full (Allocation Failure) 1979M->1369M(1979M) 290.988ms
[766.793s][info][gc,cpu         ] GC(1211) User=0.28s Sys=0.00s Real=0.28s
[768.699s][info][gc,start       ] GC(1212) Pause Full (Allocation Failure)
[768.699s][info][gc,phases,start] GC(1212) Phase 1: Mark live objects
[768.771s][info][gc,phases      ] GC(1212) Phase 1: Mark live objects 72.731ms
[768.771s][info][gc,phases,start] GC(1212) Phase 2: Compute new object addresses
[768.946s][info][gc,phases      ] GC(1212) Phase 2: Compute new object addresses 174.494ms
[768.946s][info][gc,phases,start] GC(1212) Phase 3: Adjust pointers
[768.978s][info][gc,phases      ] GC(1212) Phase 3: Adjust pointers 32.215ms
[768.978s][info][gc,phases,start] GC(1212) Phase 4: Move objects
[769.013s][info][gc,phases      ] GC(1212) Phase 4: Move objects 34.976ms
[769.014s][info][gc,heap        ] GC(1212) DefNew: 629119K(629120K)->0K(629120K) Eden: 559232K(559232K)->0K(559232K) From: 69887K(69888K)->0K(69888K)
[769.014s][info][gc,heap        ] GC(1212) Tenured: 1398143K(1398144K)->1323427K(1398144K)
[769.014s][info][gc,metaspace   ] GC(1212) Metaspace: 121038K(124928K)->121038K(124928K) NonClass: 104832K(105472K)->104832K(105472K) Class: 16205K(19456K)->16205K(19456K)
[769.014s][info][gc             ] GC(1212) Pause Full (Allocation Failure) 1979M->1292M(1979M) 315.671ms
[769.014s][info][gc,cpu         ] GC(1212) User=0.33s Sys=0.00s Real=0.32s
[769.084s][info][gc,start       ] GC(1213) Pause Young (Allocation Failure)
[769.088s][info][gc,heap        ] GC(1213) DefNew: 559232K(629120K)->896K(629120K) Eden: 559232K(559232K)->0K(559232K) From: 0K(69888K)->896K(69888K)
[769.088s][info][gc,heap        ] GC(1213) Tenured: 1323427K(1398144K)->1323427K(1398144K)
[769.088s][info][gc,metaspace   ] GC(1213) Metaspace: 121038K(124928K)->121038K(124928K) NonClass: 104832K(105472K)->104832K(105472K) Class: 16205K(19456K)->16205K(19456K)
[769.088s][info][gc             ] GC(1213) Pause Young (Allocation Failure) 1838M->1293M(1979M) 3.988ms
[769.088s][info][gc,cpu         ] GC(1213) User=0.00s Sys=0.00s Real=0.00s
[769.655s][info][gc,start       ] GC(1214) Pause Full (System.gc())
[769.655s][info][gc,phases,start] GC(1214) Phase 1: Mark live objects
[769.719s][info][gc,phases      ] GC(1214) Phase 1: Mark live objects 64.150ms
[769.719s][info][gc,phases,start] GC(1214) Phase 2: Compute new object addresses
[769.763s][info][gc,phases      ] GC(1214) Phase 2: Compute new object addresses 43.345ms
[769.763s][info][gc,phases,start] GC(1214) Phase 3: Adjust pointers
[769.794s][info][gc,phases      ] GC(1214) Phase 3: Adjust pointers 31.175ms
[769.794s][info][gc,phases,start] GC(1214) Phase 4: Move objects
[769.794s][info][gc,phases      ] GC(1214) Phase 4: Move objects 0.111ms
[769.795s][info][gc,heap        ] GC(1214) DefNew: 136827K(629120K)->0K(629120K) Eden: 135931K(559232K)->0K(559232K) From: 896K(69888K)->0K(69888K)
[769.795s][info][gc,heap        ] GC(1214) Tenured: 1323427K(1398144K)->1035421K(1398144K)
[769.795s][info][gc,metaspace   ] GC(1214) Metaspace: 121066K(124928K)->121066K(124928K) NonClass: 104859K(105472K)->104859K(105472K) Class: 16207K(19456K)->16207K(19456K)
[769.795s][info][gc             ] GC(1214) Pause Full (System.gc()) 1426M->1011M(1979M) 139.958ms
[769.795s][info][gc,cpu         ] GC(1214) User=0.14s Sys=0.00s Real=0.14s
[769.918s][info][gc,start       ] GC(1215) Pause Young (Allocation Failure)
[769.932s][info][gc,heap        ] GC(1215) DefNew: 559232K(629120K)->12782K(629120K) Eden: 559232K(559232K)->0K(559232K) From: 0K(69888K)->12782K(69888K)
[769.932s][info][gc,heap        ] GC(1215) Tenured: 1035421K(1398144K)->1035421K(1398144K)
[769.932s][info][gc,metaspace   ] GC(1215) Metaspace: 121104K(124992K)->121104K(124992K) NonClass: 104894K(105536K)->104894K(105536K) Class: 16209K(19456K)->16209K(19456K)
[769.932s][info][gc             ] GC(1215) Pause Young (Allocation Failure) 1557M->1023M(1979M) 14.521ms
[769.932s][info][gc,cpu         ] GC(1215) User=0.03s Sys=0.00s Real=0.02s
[769.970s][info][gc,start       ] GC(1216) Pause Young (Allocation Failure)
[769.981s][info][gc,heap        ] GC(1216) DefNew: 572014K(629120K)->18786K(629120K) Eden: 559232K(559232K)->0K(559232K) From: 12782K(69888K)->18786K(69888K)
[769.981s][info][gc,heap        ] GC(1216) Tenured: 1035421K(1398144K)->1035421K(1398144K)
[769.981s][info][gc,metaspace   ] GC(1216) Metaspace: 121104K(124992K)->121104K(124992K) NonClass: 104894K(105536K)->104894K(105536K) Class: 16209K(19456K)->16209K(19456K)
[769.981s][info][gc             ] GC(1216) Pause Young (Allocation Failure) 1569M->1029M(1979M) 11.255ms
[769.981s][info][gc,cpu         ] GC(1216) User=0.00s Sys=0.00s Real=0.00s
[770.019s][info][gc,start       ] GC(1217) Pause Young (Allocation Failure)
[770.031s][info][gc,heap        ] GC(1217) DefNew: 578018K(629120K)->23117K(629120K) Eden: 559232K(559232K)->0K(559232K) From: 18786K(69888K)->23117K(69888K)
[770.031s][info][gc,heap        ] GC(1217) Tenured: 1035421K(1398144K)->1035421K(1398144K)
[770.031s][info][gc,metaspace   ] GC(1217) Metaspace: 121104K(124992K)->121104K(124992K) NonClass: 104894K(105536K)->104894K(105536K) Class: 16209K(19456K)->16209K(19456K)
[770.031s][info][gc             ] GC(1217) Pause Young (Allocation Failure) 1575M->1033M(1979M) 12.125ms
[770.031s][info][gc,cpu         ] GC(1217) User=0.00s Sys=0.00s Real=0.00s
[770.069s][info][gc,start       ] GC(1218) Pause Young (Allocation Failure)
[770.083s][info][gc,heap        ] GC(1218) DefNew: 582349K(629120K)->32492K(629120K) Eden: 559232K(559232K)->0K(559232K) From: 23117K(69888K)->32492K(69888K)
[770.083s][info][gc,heap        ] GC(1218) Tenured: 1035421K(1398144K)->1035421K(1398144K)
[770.083s][info][gc,metaspace   ] GC(1218) Metaspace: 121104K(124992K)->121104K(124992K) NonClass: 104894K(105536K)->104894K(105536K) Class: 16209K(19456K)->16209K(19456K)
[770.083s][info][gc             ] GC(1218) Pause Young (Allocation Failure) 1579M->1042M(1979M) 14.012ms
[770.083s][info][gc,cpu         ] GC(1218) User=0.02s Sys=0.00s Real=0.02s
[770.121s][info][gc,start       ] GC(1219) Pause Young (Allocation Failure)
[770.135s][info][gc,heap        ] GC(1219) DefNew: 591724K(629120K)->33264K(629120K) Eden: 559232K(559232K)->0K(559232K) From: 32492K(69888K)->33264K(69888K)
[770.135s][info][gc,heap        ] GC(1219) Tenured: 1035421K(1398144K)->1035421K(1398144K)
[770.135s][info][gc,metaspace   ] GC(1219) Metaspace: 121104K(124992K)->121104K(124992K) NonClass: 104894K(105536K)->104894K(105536K) Class: 16209K(19456K)->16209K(19456K)
[770.135s][info][gc             ] GC(1219) Pause Young (Allocation Failure) 1589M->1043M(1979M) 14.201ms
[770.135s][info][gc,cpu         ] GC(1219) User=0.02s Sys=0.00s Real=0.02s
[770.173s][info][gc,start       ] GC(1220) Pause Young (Allocation Failure)
[770.191s][info][gc,heap        ] GC(1220) DefNew: 592496K(629120K)->48899K(629120K) Eden: 559232K(559232K)->0K(559232K) From: 33264K(69888K)->48899K(69888K)
[770.191s][info][gc,heap        ] GC(1220) Tenured: 1035421K(1398144K)->1035421K(1398144K)
[770.191s][info][gc,metaspace   ] GC(1220) Metaspace: 121104K(124992K)->121104K(124992K) NonClass: 104894K(105536K)->104894K(105536K) Class: 16209K(19456K)->16209K(19456K)
[770.191s][info][gc             ] GC(1220) Pause Young (Allocation Failure) 1589M->1058M(1979M) 17.804ms
[770.191s][info][gc,cpu         ] GC(1220) User=0.02s Sys=0.00s Real=0.02s
[770.229s][info][gc,start       ] GC(1221) Pause Young (Allocation Failure)
[770.251s][info][gc,heap        ] GC(1221) DefNew: 608131K(629120K)->48704K(629120K) Eden: 559232K(559232K)->0K(559232K) From: 48899K(69888K)->48704K(69888K)
[770.251s][info][gc,heap        ] GC(1221) Tenured: 1035421K(1398144K)->1044964K(1398144K)
[770.251s][info][gc,metaspace   ] GC(1221) Metaspace: 121104K(124992K)->121104K(124992K) NonClass: 104894K(105536K)->104894K(105536K) Class: 16209K(19456K)->16209K(19456K)
[770.251s][info][gc             ] GC(1221) Pause Young (Allocation Failure) 1605M->1068M(1979M) 21.343ms
[770.251s][info][gc,cpu         ] GC(1221) User=0.02s Sys=0.00s Real=0.01s
[770.288s][info][gc,start       ] GC(1222) Pause Young (Allocation Failure)
[770.302s][info][gc,heap        ] GC(1222) DefNew: 607936K(629120K)->22152K(629120K) Eden: 559232K(559232K)->0K(559232K) From: 48704K(69888K)->22152K(69888K)
[770.302s][info][gc,heap        ] GC(1222) Tenured: 1044964K(1398144K)->1069975K(1398144K)
[770.302s][info][gc,metaspace   ] GC(1222) Metaspace: 121104K(124992K)->121104K(124992K) NonClass: 104894K(105536K)->104894K(105536K) Class: 16209K(19456K)->16209K(19456K)
[770.302s][info][gc             ] GC(1222) Pause Young (Allocation Failure) 1614M->1066M(1979M) 13.356ms
[770.302s][info][gc,cpu         ] GC(1222) User=0.02s Sys=0.00s Real=0.02s
[770.340s][info][gc,start       ] GC(1223) Pause Young (Allocation Failure)
[770.348s][info][gc,heap        ] GC(1223) DefNew: 581384K(629120K)->22160K(629120K) Eden: 559232K(559232K)->0K(559232K) From: 22152K(69888K)->22160K(69888K)
[770.348s][info][gc,heap        ] GC(1223) Tenured: 1069975K(1398144K)->1069975K(1398144K)
[770.348s][info][gc,metaspace   ] GC(1223) Metaspace: 121104K(124992K)->121104K(124992K) NonClass: 104894K(105536K)->104894K(105536K) Class: 16209K(19456K)->16209K(19456K)
[770.348s][info][gc             ] GC(1223) Pause Young (Allocation Failure) 1612M->1066M(1979M) 8.050ms
[770.348s][info][gc,cpu         ] GC(1223) User=0.00s Sys=0.00s Real=0.00s
[770.386s][info][gc,start       ] GC(1224) Pause Young (Allocation Failure)
[770.395s][info][gc,heap        ] GC(1224) DefNew: 581392K(629120K)->28413K(629120K) Eden: 559232K(559232K)->0K(559232K) From: 22160K(69888K)->28413K(69888K)
[770.396s][info][gc,heap        ] GC(1224) Tenured: 1069975K(1398144K)->1069975K(1398144K)
[770.396s][info][gc,metaspace   ] GC(1224) Metaspace: 121104K(124992K)->121104K(124992K) NonClass: 104894K(105536K)->104894K(105536K) Class: 16209K(19456K)->16209K(19456K)
[770.396s][info][gc             ] GC(1224) Pause Young (Allocation Failure) 1612M->1072M(1979M) 9.415ms
[770.396s][info][gc,cpu         ] GC(1224) User=0.00s Sys=0.00s Real=0.00s
[770.436s][info][gc,start       ] GC(1225) Pause Young (Allocation Failure)
[770.457s][info][gc,heap        ] GC(1225) DefNew: 587645K(629120K)->69030K(629120K) Eden: 559232K(559232K)->0K(559232K) From: 28413K(69888K)->69030K(69888K)
[770.457s][info][gc,heap        ] GC(1225) Tenured: 1069975K(1398144K)->1079350K(1398144K)
[770.457s][info][gc,metaspace   ] GC(1225) Metaspace: 121104K(124992K)->121104K(124992K) NonClass: 104894K(105536K)->104894K(105536K) Class: 16209K(19456K)->16209K(19456K)
[770.457s][info][gc             ] GC(1225) Pause Young (Allocation Failure) 1618M->1121M(1979M) 20.751ms
[770.457s][info][gc,cpu         ] GC(1225) User=0.02s Sys=0.00s Real=0.01s
[770.496s][info][gc,start       ] GC(1226) Pause Young (Allocation Failure)
[770.521s][info][gc,heap        ] GC(1226) DefNew: 628262K(629120K)->37769K(629120K) Eden: 559232K(559232K)->0K(559232K) From: 69030K(69888K)->37769K(69888K)
[770.521s][info][gc,heap        ] GC(1226) Tenured: 1079350K(1398144K)->1135611K(1398144K)
[770.521s][info][gc,metaspace   ] GC(1226) Metaspace: 121104K(124992K)->121104K(124992K) NonClass: 104894K(105536K)->104894K(105536K) Class: 16209K(19456K)->16209K(19456K)
[770.521s][info][gc             ] GC(1226) Pause Young (Allocation Failure) 1667M->1145M(1979M) 24.703ms
[770.521s][info][gc,cpu         ] GC(1226) User=0.02s Sys=0.00s Real=0.02s
[770.559s][info][gc,start       ] GC(1227) Pause Young (Allocation Failure)
[770.571s][info][gc,heap        ] GC(1227) DefNew: 597001K(629120K)->303K(629120K) Eden: 559232K(559232K)->0K(559232K) From: 37769K(69888K)->303K(69888K)
[770.571s][info][gc,heap        ] GC(1227) Tenured: 1135611K(1398144K)->1173113K(1398144K)
[770.571s][info][gc,metaspace   ] GC(1227) Metaspace: 121104K(124992K)->121104K(124992K) NonClass: 104894K(105536K)->104894K(105536K) Class: 16209K(19456K)->16209K(19456K)
[770.571s][info][gc             ] GC(1227) Pause Young (Allocation Failure) 1692M->1145M(1979M) 11.539ms
[770.571s][info][gc,cpu         ] GC(1227) User=0.02s Sys=0.02s Real=0.02s
[770.622s][info][gc,start       ] GC(1228) Pause Young (Allocation Failure)
[770.638s][info][gc,heap        ] GC(1228) DefNew: 559535K(629120K)->45458K(629120K) Eden: 559232K(559232K)->0K(559232K) From: 303K(69888K)->45458K(69888K)
[770.638s][info][gc,heap        ] GC(1228) Tenured: 1173113K(1398144K)->1173113K(1398144K)
[770.638s][info][gc,metaspace   ] GC(1228) Metaspace: 121104K(124992K)->121104K(124992K) NonClass: 104894K(105536K)->104894K(105536K) Class: 16209K(19456K)->16209K(19456K)
[770.638s][info][gc             ] GC(1228) Pause Young (Allocation Failure) 1692M->1190M(1979M) 15.660ms
[770.638s][info][gc,cpu         ] GC(1228) User=0.00s Sys=0.02s Real=0.02s
[770.690s][info][gc,start       ] GC(1229) Pause Young (Allocation Failure)
[770.723s][info][gc,heap        ] GC(1229) DefNew: 604690K(629120K)->68304K(629120K) Eden: 559232K(559232K)->0K(559232K) From: 45458K(69888K)->68304K(69888K)
[770.906s][info][gc,heap        ] GC(1229) Tenured: 1173113K(1398144K)->1222412K(1398144K)
[770.906s][info][gc,metaspace   ] GC(1229) Metaspace: 121104K(124992K)->121104K(124992K) NonClass: 104894K(105536K)->104894K(105536K) Class: 16209K(19456K)->16209K(19456K)
[770.906s][info][gc             ] GC(1229) Pause Young (Allocation Failure) 1736M->1260M(1979M) 215.960ms
[770.906s][info][gc,cpu         ] GC(1229) User=0.03s Sys=0.00s Real=0.20s
[770.945s][info][gc,start       ] GC(1230) Pause Young (Allocation Failure)
[770.967s][info][gc,heap        ] GC(1230) DefNew: 627536K(629120K)->16852K(629120K) Eden: 559232K(559232K)->0K(559232K) From: 68304K(69888K)->16852K(69888K)
[770.967s][info][gc,heap        ] GC(1230) Tenured: 1222412K(1398144K)->1288537K(1398144K)
[770.967s][info][gc,metaspace   ] GC(1230) Metaspace: 121104K(124992K)->121104K(124992K) NonClass: 104894K(105536K)->104894K(105536K) Class: 16209K(19456K)->16209K(19456K)
[770.967s][info][gc             ] GC(1230) Pause Young (Allocation Failure) 1806M->1274M(1979M) 21.922ms
[770.967s][info][gc,cpu         ] GC(1230) User=0.02s Sys=0.00s Real=0.02s
[771.005s][info][gc,start       ] GC(1231) Pause Young (Allocation Failure)
[771.014s][info][gc,heap        ] GC(1231) DefNew: 576084K(629120K)->24577K(629120K) Eden: 559232K(559232K)->0K(559232K) From: 16852K(69888K)->24577K(69888K)
[771.014s][info][gc,heap        ] GC(1231) Tenured: 1288537K(1398144K)->1288537K(1398144K)
[771.014s][info][gc,metaspace   ] GC(1231) Metaspace: 121104K(124992K)->121104K(124992K) NonClass: 104894K(105536K)->104894K(105536K) Class: 16209K(19456K)->16209K(19456K)
[771.014s][info][gc             ] GC(1231) Pause Young (Allocation Failure) 1820M->1282M(1979M) 8.687ms
[771.014s][info][gc,cpu         ] GC(1231) User=0.00s Sys=0.00s Real=0.00s
[771.052s][info][gc,start       ] GC(1232) Pause Young (Allocation Failure)
[771.062s][info][gc,heap        ] GC(1232) DefNew: 583809K(629120K)->32462K(629120K) Eden: 559232K(559232K)->0K(559232K) From: 24577K(69888K)->32462K(69888K)
[771.062s][info][gc,heap        ] GC(1232) Tenured: 1288537K(1398144K)->1288537K(1398144K)
[771.062s][info][gc,metaspace   ] GC(1232) Metaspace: 121104K(124992K)->121104K(124992K) NonClass: 104894K(105536K)->104894K(105536K) Class: 16209K(19456K)->16209K(19456K)
[771.062s][info][gc             ] GC(1232) Pause Young (Allocation Failure) 1828M->1290M(1979M) 10.358ms
[771.062s][info][gc,cpu         ] GC(1232) User=0.00s Sys=0.00s Real=0.00s
[771.101s][info][gc,start       ] GC(1233) Pause Young (Allocation Failure)
[771.111s][info][gc,heap        ] GC(1233) DefNew: 591694K(629120K)->35594K(629120K) Eden: 559232K(559232K)->0K(559232K) From: 32462K(69888K)->35594K(69888K)
[771.111s][info][gc,heap        ] GC(1233) Tenured: 1288537K(1398144K)->1288537K(1398144K)
[771.111s][info][gc,metaspace   ] GC(1233) Metaspace: 121104K(124992K)->121104K(124992K) NonClass: 104894K(105536K)->104894K(105536K) Class: 16209K(19456K)->16209K(19456K)
[771.111s][info][gc             ] GC(1233) Pause Young (Allocation Failure) 1836M->1293M(1979M) 10.040ms
[771.111s][info][gc,cpu         ] GC(1233) User=0.02s Sys=0.00s Real=0.02s
[771.150s][info][gc,start       ] GC(1234) Pause Young (Allocation Failure)
[771.168s][info][gc,heap        ] GC(1234) DefNew: 594826K(629120K)->53366K(629120K) Eden: 559232K(559232K)->0K(559232K) From: 35594K(69888K)->53366K(69888K)
[771.168s][info][gc,heap        ] GC(1234) Tenured: 1288537K(1398144K)->1297259K(1398144K)
[771.168s][info][gc,metaspace   ] GC(1234) Metaspace: 121104K(124992K)->121104K(124992K) NonClass: 104894K(105536K)->104894K(105536K) Class: 16209K(19456K)->16209K(19456K)
[771.168s][info][gc             ] GC(1234) Pause Young (Allocation Failure) 1839M->1318M(1979M) 18.171ms
[771.168s][info][gc,cpu         ] GC(1234) User=0.02s Sys=0.00s Real=0.02s
[771.206s][info][gc,start       ] GC(1235) Pause Young (Allocation Failure)
[771.220s][info][gc,heap        ] GC(1235) DefNew: 612598K(629120K)->6513K(629120K) Eden: 559232K(559232K)->0K(559232K) From: 53366K(69888K)->6513K(69888K)
[771.220s][info][gc,heap        ] GC(1235) Tenured: 1297259K(1398144K)->1337895K(1398144K)
[771.220s][info][gc,metaspace   ] GC(1235) Metaspace: 121104K(124992K)->121104K(124992K) NonClass: 104894K(105536K)->104894K(105536K) Class: 16209K(19456K)->16209K(19456K)
[771.220s][info][gc             ] GC(1235) Pause Young (Allocation Failure) 1865M->1312M(1979M) 13.678ms
[771.220s][info][gc,cpu         ] GC(1235) User=0.02s Sys=0.00s Real=0.02s
[771.258s][info][gc,start       ] GC(1236) Pause Young (Allocation Failure)
[771.258s][info][gc             ] GC(1236) Pause Young (Allocation Failure) 1859M->1859M(1979M) 0.116ms
[771.258s][info][gc,cpu         ] GC(1236) User=0.00s Sys=0.00s Real=0.00s
[771.258s][info][gc,start       ] GC(1237) Pause Full (Allocation Failure)
[771.258s][info][gc,phases,start] GC(1237) Phase 1: Mark live objects
[771.317s][info][gc,phases      ] GC(1237) Phase 1: Mark live objects 58.720ms
[771.317s][info][gc,phases,start] GC(1237) Phase 2: Compute new object addresses
[771.488s][info][gc,phases      ] GC(1237) Phase 2: Compute new object addresses 170.847ms
[771.488s][info][gc,phases,start] GC(1237) Phase 3: Adjust pointers
[771.523s][info][gc,phases      ] GC(1237) Phase 3: Adjust pointers 34.809ms
[771.523s][info][gc,phases,start] GC(1237) Phase 4: Move objects
[771.551s][info][gc,phases      ] GC(1237) Phase 4: Move objects 28.130ms
[771.552s][info][gc,heap        ] GC(1237) DefNew: 565745K(629120K)->0K(629120K) Eden: 559232K(559232K)->0K(559232K) From: 6513K(69888K)->0K(69888K)
[771.552s][info][gc,heap        ] GC(1237) Tenured: 1337895K(1398144K)->1089845K(1398144K)
[771.552s][info][gc,metaspace   ] GC(1237) Metaspace: 121104K(124992K)->121104K(124992K) NonClass: 104894K(105536K)->104894K(105536K) Class: 16209K(19456K)->16209K(19456K)
[771.552s][info][gc             ] GC(1237) Pause Full (Allocation Failure) 1859M->1064M(1979M) 293.711ms
[771.552s][info][gc,cpu         ] GC(1237) User=0.30s Sys=0.00s Real=0.30s
[771.591s][info][gc,start       ] GC(1238) Pause Young (Allocation Failure)
[771.594s][info][gc,heap        ] GC(1238) DefNew: 559232K(629120K)->309K(629120K) Eden: 559232K(559232K)->0K(559232K) From: 0K(69888K)->309K(69888K)
[771.594s][info][gc,heap        ] GC(1238) Tenured: 1089845K(1398144K)->1089845K(1398144K)
[771.594s][info][gc,metaspace   ] GC(1238) Metaspace: 121104K(124992K)->121104K(124992K) NonClass: 104894K(105536K)->104894K(105536K) Class: 16209K(19456K)->16209K(19456K)
[771.594s][info][gc             ] GC(1238) Pause Young (Allocation Failure) 1610M->1064M(1979M) 3.309ms
[771.594s][info][gc,cpu         ] GC(1238) User=0.00s Sys=0.00s Real=0.00s
[771.642s][info][gc,start       ] GC(1239) Pause Young (Allocation Failure)
[771.649s][info][gc,heap        ] GC(1239) DefNew: 559541K(629120K)->12914K(629120K) Eden: 559232K(559232K)->0K(559232K) From: 309K(69888K)->12914K(69888K)
[771.649s][info][gc,heap        ] GC(1239) Tenured: 1089845K(1398144K)->1089845K(1398144K)
[771.649s][info][gc,metaspace   ] GC(1239) Metaspace: 121104K(124992K)->121104K(124992K) NonClass: 104894K(105536K)->104894K(105536K) Class: 16209K(19456K)->16209K(19456K)
[771.649s][info][gc             ] GC(1239) Pause Young (Allocation Failure) 1610M->1076M(1979M) 7.065ms
[771.649s][info][gc,cpu         ] GC(1239) User=0.00s Sys=0.00s Real=0.00s
[771.689s][info][gc,start       ] GC(1240) Pause Young (Allocation Failure)
[771.711s][info][gc,heap        ] GC(1240) DefNew: 572146K(629120K)->69151K(629120K) Eden: 559232K(559232K)->0K(559232K) From: 12914K(69888K)->69151K(69888K)
[771.711s][info][gc,heap        ] GC(1240) Tenured: 1089845K(1398144K)->1102345K(1398144K)
[771.711s][info][gc,metaspace   ] GC(1240) Metaspace: 121104K(124992K)->121104K(124992K) NonClass: 104894K(105536K)->104894K(105536K) Class: 16209K(19456K)->16209K(19456K)
[771.711s][info][gc             ] GC(1240) Pause Young (Allocation Failure) 1623M->1144M(1979M) 21.506ms
[771.711s][info][gc,cpu         ] GC(1240) User=0.02s Sys=0.00s Real=0.02s
[771.750s][info][gc,start       ] GC(1241) Pause Young (Allocation Failure)
[771.771s][info][gc,heap        ] GC(1241) DefNew: 628383K(629120K)->12799K(629120K) Eden: 559232K(559232K)->0K(559232K) From: 69151K(69888K)->12799K(69888K)
[771.771s][info][gc,heap        ] GC(1241) Tenured: 1102345K(1398144K)->1171287K(1398144K)
[771.771s][info][gc,metaspace   ] GC(1241) Metaspace: 121104K(124992K)->121104K(124992K) NonClass: 104894K(105536K)->104894K(105536K) Class: 16209K(19456K)->16209K(19456K)
[771.771s][info][gc             ] GC(1241) Pause Young (Allocation Failure) 1690M->1156M(1979M) 21.575ms
[771.771s][info][gc,cpu         ] GC(1241) User=0.02s Sys=0.00s Real=0.02s
[771.810s][info][gc,start       ] GC(1242) Pause Young (Allocation Failure)
[771.817s][info][gc,heap        ] GC(1242) DefNew: 572031K(629120K)->16918K(629120K) Eden: 559232K(559232K)->0K(559232K) From: 12799K(69888K)->16918K(69888K)
[771.817s][info][gc,heap        ] GC(1242) Tenured: 1171287K(1398144K)->1171287K(1398144K)
[771.817s][info][gc,metaspace   ] GC(1242) Metaspace: 121104K(124992K)->121104K(124992K) NonClass: 104894K(105536K)->104894K(105536K) Class: 16209K(19456K)->16209K(19456K)
[771.817s][info][gc             ] GC(1242) Pause Young (Allocation Failure) 1702M->1160M(1979M) 6.852ms
[771.817s][info][gc,cpu         ] GC(1242) User=0.00s Sys=0.00s Real=0.00s
[771.869s][info][gc,start       ] GC(1243) Pause Young (Allocation Failure)
[771.887s][info][gc,heap        ] GC(1243) DefNew: 576150K(629120K)->58181K(629120K) Eden: 559232K(559232K)->0K(559232K) From: 16918K(69888K)->58181K(69888K)
[771.887s][info][gc,heap        ] GC(1243) Tenured: 1171287K(1398144K)->1171287K(1398144K)
[771.888s][info][gc,metaspace   ] GC(1243) Metaspace: 121104K(124992K)->121104K(124992K) NonClass: 104894K(105536K)->104894K(105536K) Class: 16209K(19456K)->16209K(19456K)
[771.888s][info][gc             ] GC(1243) Pause Young (Allocation Failure) 1706M->1200M(1979M) 18.636ms
[771.888s][info][gc,cpu         ] GC(1243) User=0.02s Sys=0.00s Real=0.02s
[771.932s][info][gc,start       ] GC(1244) Pause Young (Allocation Failure)
[771.967s][info][gc,heap        ] GC(1244) DefNew: 617413K(629120K)->67453K(629120K) Eden: 559232K(559232K)->0K(559232K) From: 58181K(69888K)->67453K(69888K)
[771.967s][info][gc,heap        ] GC(1244) Tenured: 1171287K(1398144K)->1235027K(1398144K)
[771.967s][info][gc,metaspace   ] GC(1244) Metaspace: 121104K(124992K)->121104K(124992K) NonClass: 104894K(105536K)->104894K(105536K) Class: 16209K(19456K)->16209K(19456K)
[771.967s][info][gc             ] GC(1244) Pause Young (Allocation Failure) 1746M->1271M(1979M) 34.935ms
[771.967s][info][gc,cpu         ] GC(1244) User=0.03s Sys=0.00s Real=0.03s
[772.007s][info][gc,start       ] GC(1245) Pause Young (Allocation Failure)
[772.033s][info][gc,heap        ] GC(1245) DefNew: 626685K(629120K)->25368K(629120K) Eden: 559232K(559232K)->0K(559232K) From: 67453K(69888K)->25368K(69888K)
[772.033s][info][gc,heap        ] GC(1245) Tenured: 1235027K(1398144K)->1297538K(1398144K)
[772.033s][info][gc,metaspace   ] GC(1245) Metaspace: 121104K(124992K)->121104K(124992K) NonClass: 104894K(105536K)->104894K(105536K) Class: 16209K(19456K)->16209K(19456K)
[772.033s][info][gc             ] GC(1245) Pause Young (Allocation Failure) 1818M->1291M(1979M) 25.219ms
[772.033s][info][gc,cpu         ] GC(1245) User=0.02s Sys=0.00s Real=0.01s
[772.072s][info][gc,start       ] GC(1246) Pause Young (Allocation Failure)
[772.073s][info][gc             ] GC(1246) Pause Young (Allocation Failure) 1838M->1838M(1979M) 0.255ms
[772.073s][info][gc,cpu         ] GC(1246) User=0.00s Sys=0.00s Real=0.00s
[772.073s][info][gc,start       ] GC(1247) Pause Full (Allocation Failure)
[772.073s][info][gc,phases,start] GC(1247) Phase 1: Mark live objects
[772.156s][info][gc,phases      ] GC(1247) Phase 1: Mark live objects 83.139ms
[772.156s][info][gc,phases,start] GC(1247) Phase 2: Compute new object addresses
[772.323s][info][gc,phases      ] GC(1247) Phase 2: Compute new object addresses 166.839ms
[772.323s][info][gc,phases,start] GC(1247) Phase 3: Adjust pointers
[772.366s][info][gc,phases      ] GC(1247) Phase 3: Adjust pointers 42.771ms
[772.366s][info][gc,phases,start] GC(1247) Phase 4: Move objects
[772.386s][info][gc,phases      ] GC(1247) Phase 4: Move objects 20.063ms
[772.387s][info][gc,heap        ] GC(1247) DefNew: 584600K(629120K)->0K(629120K) Eden: 559232K(559232K)->0K(559232K) From: 25368K(69888K)->0K(69888K)
[772.387s][info][gc,heap        ] GC(1247) Tenured: 1297538K(1398144K)->1203662K(1398144K)
[772.387s][info][gc,metaspace   ] GC(1247) Metaspace: 121104K(124992K)->121104K(124992K) NonClass: 104894K(105536K)->104894K(105536K) Class: 16209K(19456K)->16209K(19456K)
[772.387s][info][gc             ] GC(1247) Pause Full (Allocation Failure) 1838M->1175M(1979M) 314.496ms
[772.387s][info][gc,cpu         ] GC(1247) User=0.31s Sys=0.00s Real=0.32s
[772.436s][info][gc,start       ] GC(1248) Pause Young (Allocation Failure)
[772.452s][info][gc,heap        ] GC(1248) DefNew: 559232K(629120K)->27542K(629120K) Eden: 559232K(559232K)->0K(559232K) From: 0K(69888K)->27542K(69888K)
[772.452s][info][gc,heap        ] GC(1248) Tenured: 1203662K(1398144K)->1203662K(1398144K)
[772.452s][info][gc,metaspace   ] GC(1248) Metaspace: 121104K(124992K)->121104K(124992K) NonClass: 104894K(105536K)->104894K(105536K) Class: 16209K(19456K)->16209K(19456K)
[772.452s][info][gc             ] GC(1248) Pause Young (Allocation Failure) 1721M->1202M(1979M) 15.348ms
[772.452s][info][gc,cpu         ] GC(1248) User=0.02s Sys=0.00s Real=0.02s
[772.492s][info][gc,start       ] GC(1249) Pause Young (Allocation Failure)
[772.519s][info][gc,heap        ] GC(1249) DefNew: 586774K(629120K)->67959K(629120K) Eden: 559232K(559232K)->0K(559232K) From: 27542K(69888K)->67959K(69888K)
[772.519s][info][gc,heap        ] GC(1249) Tenured: 1203662K(1398144K)->1231787K(1398144K)
[772.519s][info][gc,metaspace   ] GC(1249) Metaspace: 121104K(124992K)->121104K(124992K) NonClass: 104894K(105536K)->104894K(105536K) Class: 16209K(19456K)->16209K(19456K)
[772.519s][info][gc             ] GC(1249) Pause Young (Allocation Failure) 1748M->1269M(1979M) 26.739ms
[772.519s][info][gc,cpu         ] GC(1249) User=0.03s Sys=0.00s Real=0.03s
[772.555s][info][gc,start       ] GC(1250) Pause Young (Allocation Failure)
[772.585s][info][gc,heap        ] GC(1250) DefNew: 627191K(629120K)->69888K(629120K) Eden: 559232K(559232K)->0K(559232K) From: 67959K(69888K)->69888K(69888K)
[772.585s][info][gc,heap        ] GC(1250) Tenured: 1231787K(1398144K)->1279491K(1398144K)
[772.585s][info][gc,metaspace   ] GC(1250) Metaspace: 121105K(124992K)->121105K(124992K) NonClass: 104895K(105536K)->104895K(105536K) Class: 16209K(19456K)->16209K(19456K)
[772.585s][info][gc             ] GC(1250) Pause Young (Allocation Failure) 1815M->1317M(1979M) 29.915ms
[772.585s][info][gc,cpu         ] GC(1250) User=0.03s Sys=0.00s Real=0.03s
[772.619s][info][gc,start       ] GC(1251) Pause Young (Allocation Failure)
[772.653s][info][gc,heap        ] GC(1251) DefNew: 628804K(629120K)->68849K(629120K) Eden: 558916K(559232K)->0K(559232K) From: 69888K(69888K)->68849K(69888K)
[772.653s][info][gc,heap        ] GC(1251) Tenured: 1279491K(1398144K)->1341435K(1398144K)
[772.653s][info][gc,metaspace   ] GC(1251) Metaspace: 121105K(124992K)->121105K(124992K) NonClass: 104895K(105536K)->104895K(105536K) Class: 16209K(19456K)->16209K(19456K)
[772.653s][info][gc             ] GC(1251) Pause Young (Allocation Failure) 1863M->1377M(1979M) 33.838ms
[772.653s][info][gc,cpu         ] GC(1251) User=0.05s Sys=0.00s Real=0.05s
[772.690s][info][gc,start       ] GC(1252) Pause Young (Allocation Failure)
[772.690s][info][gc             ] GC(1252) Pause Young (Allocation Failure) 1923M->1923M(1979M) 0.116ms
[772.690s][info][gc,cpu         ] GC(1252) User=0.00s Sys=0.00s Real=0.00s
[772.690s][info][gc,start       ] GC(1253) Pause Full (Allocation Failure)
[772.690s][info][gc,phases,start] GC(1253) Phase 1: Mark live objects
[772.757s][info][gc,phases      ] GC(1253) Phase 1: Mark live objects 66.286ms
[772.757s][info][gc,phases,start] GC(1253) Phase 2: Compute new object addresses
[772.920s][info][gc,phases      ] GC(1253) Phase 2: Compute new object addresses 163.408ms
[772.920s][info][gc,phases,start] GC(1253) Phase 3: Adjust pointers
[772.953s][info][gc,phases      ] GC(1253) Phase 3: Adjust pointers 33.245ms
[772.953s][info][gc,phases,start] GC(1253) Phase 4: Move objects
[772.978s][info][gc,phases      ] GC(1253) Phase 4: Move objects 24.941ms
[772.979s][info][gc,heap        ] GC(1253) DefNew: 628081K(629120K)->0K(629120K) Eden: 559232K(559232K)->0K(559232K) From: 68849K(69888K)->0K(69888K)
[772.979s][info][gc,heap        ] GC(1253) Tenured: 1341435K(1398144K)->1272645K(1398144K)
[772.979s][info][gc,metaspace   ] GC(1253) Metaspace: 121105K(124992K)->121105K(124992K) NonClass: 104895K(105536K)->104895K(105536K) Class: 16209K(19456K)->16209K(19456K)
[772.979s][info][gc             ] GC(1253) Pause Full (Allocation Failure) 1923M->1242M(1979M) 288.997ms
[772.979s][info][gc,cpu         ] GC(1253) User=0.30s Sys=0.00s Real=0.30s
[773.016s][info][gc,start       ] GC(1254) Pause Young (Allocation Failure)
[773.029s][info][gc,heap        ] GC(1254) DefNew: 559232K(629120K)->45902K(629120K) Eden: 559232K(559232K)->0K(559232K) From: 0K(69888K)->45902K(69888K)
[773.029s][info][gc,heap        ] GC(1254) Tenured: 1272645K(1398144K)->1272645K(1398144K)
[773.029s][info][gc,metaspace   ] GC(1254) Metaspace: 121105K(124992K)->121105K(124992K) NonClass: 104895K(105536K)->104895K(105536K) Class: 16209K(19456K)->16209K(19456K)
[773.029s][info][gc             ] GC(1254) Pause Young (Allocation Failure) 1788M->1287M(1979M) 12.788ms
[773.029s][info][gc,cpu         ] GC(1254) User=0.02s Sys=0.00s Real=0.01s
[773.073s][info][gc,start       ] GC(1255) Pause Young (Allocation Failure)
[773.098s][info][gc,heap        ] GC(1255) DefNew: 602381K(629120K)->69834K(629120K) Eden: 556478K(559232K)->0K(559232K) From: 45902K(69888K)->69834K(69888K)
[773.098s][info][gc,heap        ] GC(1255) Tenured: 1272645K(1398144K)->1297636K(1398144K)
[773.098s][info][gc,metaspace   ] GC(1255) Metaspace: 121105K(124992K)->121105K(124992K) NonClass: 104895K(105536K)->104895K(105536K) Class: 16209K(19456K)->16209K(19456K)
[773.099s][info][gc             ] GC(1255) Pause Young (Allocation Failure) 1831M->1335M(1979M) 25.240ms
[773.099s][info][gc,cpu         ] GC(1255) User=0.02s Sys=0.00s Real=0.02s
[773.134s][info][gc,start       ] GC(1256) Pause Young (Allocation Failure)
[773.162s][info][gc,heap        ] GC(1256) DefNew: 629066K(629120K)->68657K(629120K) Eden: 559232K(559232K)->0K(559232K) From: 69834K(69888K)->68657K(69888K)
[773.162s][info][gc,heap        ] GC(1256) Tenured: 1297636K(1398144K)->1347389K(1398144K)
[773.162s][info][gc,metaspace   ] GC(1256) Metaspace: 121105K(124992K)->121105K(124992K) NonClass: 104895K(105536K)->104895K(105536K) Class: 16209K(19456K)->16209K(19456K)
[773.163s][info][gc             ] GC(1256) Pause Young (Allocation Failure) 1881M->1382M(1979M) 28.953ms
[773.163s][info][gc,cpu         ] GC(1256) User=0.03s Sys=0.00s Real=0.03s
[773.196s][info][gc,start       ] GC(1257) Pause Young (Allocation Failure)
[773.196s][info][gc             ] GC(1257) Pause Young (Allocation Failure) 1928M->1928M(1979M) 0.118ms
[773.196s][info][gc,cpu         ] GC(1257) User=0.00s Sys=0.00s Real=0.00s
[773.196s][info][gc,start       ] GC(1258) Pause Full (Allocation Failure)
[773.196s][info][gc,phases,start] GC(1258) Phase 1: Mark live objects
[773.251s][info][gc,phases      ] GC(1258) Phase 1: Mark live objects 55.562ms
[773.251s][info][gc,phases,start] GC(1258) Phase 2: Compute new object addresses
[773.393s][info][gc,phases      ] GC(1258) Phase 2: Compute new object addresses 141.176ms
[773.393s][info][gc,phases,start] GC(1258) Phase 3: Adjust pointers
[773.425s][info][gc,phases      ] GC(1258) Phase 3: Adjust pointers 32.859ms
[773.425s][info][gc,phases,start] GC(1258) Phase 4: Move objects
[773.453s][info][gc,phases      ] GC(1258) Phase 4: Move objects 27.578ms
[773.454s][info][gc,heap        ] GC(1258) DefNew: 627889K(629120K)->0K(629120K) Eden: 559232K(559232K)->0K(559232K) From: 68657K(69888K)->0K(69888K)
[773.454s][info][gc,heap        ] GC(1258) Tenured: 1347389K(1398144K)->1322944K(1398144K)
[773.454s][info][gc,metaspace   ] GC(1258) Metaspace: 121105K(124992K)->121105K(124992K) NonClass: 104895K(105536K)->104895K(105536K) Class: 16209K(19456K)->16209K(19456K)
[773.454s][info][gc             ] GC(1258) Pause Full (Allocation Failure) 1928M->1291M(1979M) 258.291ms
[773.454s][info][gc,cpu         ] GC(1258) User=0.27s Sys=0.00s Real=0.27s
[773.490s][info][gc,start       ] GC(1259) Pause Young (Allocation Failure)
[773.522s][info][gc             ] GC(1259) Pause Young (Allocation Failure) 1838M->1838M(1979M) 31.341ms
[773.522s][info][gc,cpu         ] GC(1259) User=0.00s Sys=0.00s Real=0.03s
[773.522s][info][gc,start       ] GC(1260) Pause Full (Allocation Failure)
[773.522s][info][gc,phases,start] GC(1260) Phase 1: Mark live objects
[773.594s][info][gc,phases      ] GC(1260) Phase 1: Mark live objects 72.306ms
[773.594s][info][gc,phases,start] GC(1260) Phase 2: Compute new object addresses
[773.770s][info][gc,phases      ] GC(1260) Phase 2: Compute new object addresses 175.492ms
[773.770s][info][gc,phases,start] GC(1260) Phase 3: Adjust pointers
[773.802s][info][gc,phases      ] GC(1260) Phase 3: Adjust pointers 32.667ms
[773.802s][info][gc,phases,start] GC(1260) Phase 4: Move objects
[773.869s][info][gc,phases      ] GC(1260) Phase 4: Move objects 66.478ms
[773.870s][info][gc,heap        ] GC(1260) DefNew: 559232K(629120K)->0K(629120K) Eden: 559232K(559232K)->0K(559232K) From: 0K(69888K)->0K(69888K)
[773.870s][info][gc,heap        ] GC(1260) Tenured: 1322944K(1398144K)->1269289K(1398144K)
[773.870s][info][gc,metaspace   ] GC(1260) Metaspace: 121105K(124992K)->121105K(124992K) NonClass: 104895K(105536K)->104895K(105536K) Class: 16209K(19456K)->16209K(19456K)
[773.870s][info][gc             ] GC(1260) Pause Full (Allocation Failure) 1838M->1239M(1979M) 348.211ms
[773.870s][info][gc,cpu         ] GC(1260) User=0.34s Sys=0.00s Real=0.34s
[773.906s][info][gc,start       ] GC(1261) Pause Young (Allocation Failure)
[773.917s][info][gc,heap        ] GC(1261) DefNew: 559232K(629120K)->43012K(629120K) Eden: 559232K(559232K)->0K(559232K) From: 0K(69888K)->43012K(69888K)
[773.917s][info][gc,heap        ] GC(1261) Tenured: 1269289K(1398144K)->1269289K(1398144K)
[773.917s][info][gc,metaspace   ] GC(1261) Metaspace: 121105K(124992K)->121105K(124992K) NonClass: 104895K(105536K)->104895K(105536K) Class: 16209K(19456K)->16209K(19456K)
[773.918s][info][gc             ] GC(1261) Pause Young (Allocation Failure) 1785M->1281M(1979M) 11.819ms
[773.918s][info][gc,cpu         ] GC(1261) User=0.02s Sys=0.00s Real=0.02s
[773.947s][info][gc,start       ] GC(1262) Pause Young (Allocation Failure)
[773.973s][info][gc,heap        ] GC(1262) DefNew: 602244K(629120K)->69881K(629120K) Eden: 559232K(559232K)->0K(559232K) From: 43012K(69888K)->69881K(69888K)
[773.973s][info][gc,heap        ] GC(1262) Tenured: 1269289K(1398144K)->1308149K(1398144K)
[773.973s][info][gc,metaspace   ] GC(1262) Metaspace: 121105K(124992K)->121105K(124992K) NonClass: 104895K(105536K)->104895K(105536K) Class: 16209K(19456K)->16209K(19456K)
[773.973s][info][gc             ] GC(1262) Pause Young (Allocation Failure) 1827M->1345M(1979M) 26.439ms
[773.973s][info][gc,cpu         ] GC(1262) User=0.03s Sys=0.00s Real=0.03s
[774.006s][info][gc,start       ] GC(1263) Pause Young (Allocation Failure)
[774.031s][info][gc,heap        ] GC(1263) DefNew: 629113K(629120K)->57274K(629120K) Eden: 559232K(559232K)->0K(559232K) From: 69881K(69888K)->57274K(69888K)
[774.031s][info][gc,heap        ] GC(1263) Tenured: 1308149K(1398144K)->1350732K(1398144K)
[774.031s][info][gc,metaspace   ] GC(1263) Metaspace: 121105K(124992K)->121105K(124992K) NonClass: 104895K(105536K)->104895K(105536K) Class: 16209K(19456K)->16209K(19456K)
[774.031s][info][gc             ] GC(1263) Pause Young (Allocation Failure) 1891M->1375M(1979M) 24.428ms
[774.031s][info][gc,cpu         ] GC(1263) User=0.03s Sys=0.00s Real=0.03s
[774.063s][info][gc,start       ] GC(1264) Pause Young (Allocation Failure)
[774.063s][info][gc             ] GC(1264) Pause Young (Allocation Failure) 1921M->1921M(1979M) 0.122ms
[774.063s][info][gc,cpu         ] GC(1264) User=0.00s Sys=0.00s Real=0.00s
[774.063s][info][gc,start       ] GC(1265) Pause Full (Allocation Failure)
[774.063s][info][gc,phases,start] GC(1265) Phase 1: Mark live objects
[774.118s][info][gc,phases      ] GC(1265) Phase 1: Mark live objects 54.909ms
[774.118s][info][gc,phases,start] GC(1265) Phase 2: Compute new object addresses
[774.272s][info][gc,phases      ] GC(1265) Phase 2: Compute new object addresses 153.953ms
[774.272s][info][gc,phases,start] GC(1265) Phase 3: Adjust pointers
[774.305s][info][gc,phases      ] GC(1265) Phase 3: Adjust pointers 33.185ms
[774.305s][info][gc,phases,start] GC(1265) Phase 4: Move objects
[774.323s][info][gc,phases      ] GC(1265) Phase 4: Move objects 17.903ms
[774.324s][info][gc,heap        ] GC(1265) DefNew: 616506K(629120K)->0K(629120K) Eden: 559232K(559232K)->0K(559232K) From: 57274K(69888K)->0K(69888K)
[774.324s][info][gc,heap        ] GC(1265) Tenured: 1350732K(1398144K)->1388521K(1398144K)
[774.324s][info][gc,metaspace   ] GC(1265) Metaspace: 121105K(124992K)->121105K(124992K) NonClass: 104895K(105536K)->104895K(105536K) Class: 16209K(19456K)->16209K(19456K)
[774.324s][info][gc             ] GC(1265) Pause Full (Allocation Failure) 1921M->1355M(1979M) 261.106ms
[774.324s][info][gc,cpu         ] GC(1265) User=0.25s Sys=0.02s Real=0.26s
[774.359s][info][gc,start       ] GC(1266) Pause Young (Allocation Failure)
[774.359s][info][gc             ] GC(1266) Pause Young (Allocation Failure) 1902M->1902M(1979M) 0.217ms
[774.359s][info][gc,cpu         ] GC(1266) User=0.00s Sys=0.00s Real=0.00s
[774.359s][info][gc,start       ] GC(1267) Pause Full (Allocation Failure)
[774.359s][info][gc,phases,start] GC(1267) Phase 1: Mark live objects
[774.425s][info][gc,phases      ] GC(1267) Phase 1: Mark live objects 65.905ms
[774.425s][info][gc,phases,start] GC(1267) Phase 2: Compute new object addresses
[774.566s][info][gc,phases      ] GC(1267) Phase 2: Compute new object addresses 140.946ms
[774.566s][info][gc,phases,start] GC(1267) Phase 3: Adjust pointers
[774.598s][info][gc,phases      ] GC(1267) Phase 3: Adjust pointers 32.141ms
[774.598s][info][gc,phases,start] GC(1267) Phase 4: Move objects
[774.620s][info][gc,phases      ] GC(1267) Phase 4: Move objects 21.918ms
[774.621s][info][gc,heap        ] GC(1267) DefNew: 559232K(629120K)->15015K(629120K) Eden: 559232K(559232K)->15015K(559232K) From: 0K(69888K)->0K(69888K)
[774.621s][info][gc,heap        ] GC(1267) Tenured: 1388521K(1398144K)->1395906K(1398144K)
[774.621s][info][gc,metaspace   ] GC(1267) Metaspace: 121105K(124992K)->121105K(124992K) NonClass: 104895K(105536K)->104895K(105536K) Class: 16209K(19456K)->16209K(19456K)
[774.621s][info][gc             ] GC(1267) Pause Full (Allocation Failure) 1902M->1377M(1979M) 262.059ms
[774.621s][info][gc,cpu         ] GC(1267) User=0.25s Sys=0.02s Real=0.27s
[776.006s][info][gc,start       ] GC(1268) Pause Full (Allocation Failure)
[776.006s][info][gc,phases,start] GC(1268) Phase 1: Mark live objects
[776.062s][info][gc,phases      ] GC(1268) Phase 1: Mark live objects 55.202ms
[776.062s][info][gc,phases,start] GC(1268) Phase 2: Compute new object addresses
[776.221s][info][gc,phases      ] GC(1268) Phase 2: Compute new object addresses 158.897ms
[776.221s][info][gc,phases,start] GC(1268) Phase 3: Adjust pointers
[776.253s][info][gc,phases      ] GC(1268) Phase 3: Adjust pointers 32.401ms
[776.253s][info][gc,phases,start] GC(1268) Phase 4: Move objects
[776.278s][info][gc,phases      ] GC(1268) Phase 4: Move objects 24.691ms
[776.279s][info][gc,heap        ] GC(1268) DefNew: 629120K(629120K)->20939K(629120K) Eden: 559232K(559232K)->20939K(559232K) From: 69888K(69888K)->0K(69888K)
[776.279s][info][gc,heap        ] GC(1268) Tenured: 1398143K(1398144K)->1394781K(1398144K)
[776.279s][info][gc,metaspace   ] GC(1268) Metaspace: 121105K(124992K)->121105K(124992K) NonClass: 104895K(105536K)->104895K(105536K) Class: 16209K(19456K)->16209K(19456K)
[776.279s][info][gc             ] GC(1268) Pause Full (Allocation Failure) 1979M->1382M(1979M) 272.396ms
[776.279s][info][gc,cpu         ] GC(1268) User=0.28s Sys=0.00s Real=0.28s
[778.421s][info][gc,start       ] GC(1269) Pause Full (Allocation Failure)
[778.421s][info][gc,phases,start] GC(1269) Phase 1: Mark live objects
[778.476s][info][gc,phases      ] GC(1269) Phase 1: Mark live objects 54.963ms
[778.476s][info][gc,phases,start] GC(1269) Phase 2: Compute new object addresses
[778.640s][info][gc,phases      ] GC(1269) Phase 2: Compute new object addresses 164.307ms
[778.640s][info][gc,phases,start] GC(1269) Phase 3: Adjust pointers
[778.673s][info][gc,phases      ] GC(1269) Phase 3: Adjust pointers 32.770ms
[778.673s][info][gc,phases,start] GC(1269) Phase 4: Move objects
[778.747s][info][gc,phases      ] GC(1269) Phase 4: Move objects 73.795ms
[778.748s][info][gc,heap        ] GC(1269) DefNew: 629120K(629120K)->0K(629120K) Eden: 559232K(559232K)->0K(559232K) From: 69888K(69888K)->0K(69888K)
[778.748s][info][gc,heap        ] GC(1269) Tenured: 1398144K(1398144K)->1365667K(1398144K)
[778.748s][info][gc,metaspace   ] GC(1269) Metaspace: 121107K(124992K)->121107K(124992K) NonClass: 104898K(105536K)->104898K(105536K) Class: 16209K(19456K)->16209K(19456K)
[778.748s][info][gc             ] GC(1269) Pause Full (Allocation Failure) 1979M->1333M(1979M) 327.068ms
[778.748s][info][gc,cpu         ] GC(1269) User=0.34s Sys=0.00s Real=0.33s
[778.787s][info][gc,start       ] GC(1270) Pause Young (Allocation Failure)
[778.787s][info][gc             ] GC(1270) Pause Young (Allocation Failure) 1879M->1879M(1979M) 0.244ms
[778.787s][info][gc,cpu         ] GC(1270) User=0.00s Sys=0.00s Real=0.00s
[778.787s][info][gc,start       ] GC(1271) Pause Full (Allocation Failure)
[778.787s][info][gc,phases,start] GC(1271) Phase 1: Mark live objects
[778.853s][info][gc,phases      ] GC(1271) Phase 1: Mark live objects 65.724ms
[778.853s][info][gc,phases,start] GC(1271) Phase 2: Compute new object addresses
[778.993s][info][gc,phases      ] GC(1271) Phase 2: Compute new object addresses 140.514ms
[778.993s][info][gc,phases,start] GC(1271) Phase 3: Adjust pointers
[779.026s][info][gc,phases      ] GC(1271) Phase 3: Adjust pointers 32.780ms
[779.026s][info][gc,phases,start] GC(1271) Phase 4: Move objects
[779.039s][info][gc,phases      ] GC(1271) Phase 4: Move objects 12.241ms
[779.039s][info][gc,heap        ] GC(1271) DefNew: 559232K(629120K)->25364K(629120K) Eden: 559232K(559232K)->25364K(559232K) From: 0K(69888K)->0K(69888K)
[779.039s][info][gc,heap        ] GC(1271) Tenured: 1365667K(1398144K)->1394846K(1398144K)
[779.039s][info][gc,metaspace   ] GC(1271) Metaspace: 121107K(124992K)->121107K(124992K) NonClass: 104898K(105536K)->104898K(105536K) Class: 16209K(19456K)->16209K(19456K)
[779.039s][info][gc             ] GC(1271) Pause Full (Allocation Failure) 1879M->1386M(1979M) 252.432ms
[779.039s][info][gc,cpu         ] GC(1271) User=0.27s Sys=0.00s Real=0.26s
[780.545s][info][gc,start       ] GC(1272) Pause Full (Allocation Failure)
[780.545s][info][gc,phases,start] GC(1272) Phase 1: Mark live objects
[780.600s][info][gc,phases      ] GC(1272) Phase 1: Mark live objects 55.420ms
[780.600s][info][gc,phases,start] GC(1272) Phase 2: Compute new object addresses
[780.756s][info][gc,phases      ] GC(1272) Phase 2: Compute new object addresses 156.205ms
[780.756s][info][gc,phases,start] GC(1272) Phase 3: Adjust pointers
[780.800s][info][gc,phases      ] GC(1272) Phase 3: Adjust pointers 43.453ms
[780.800s][info][gc,phases,start] GC(1272) Phase 4: Move objects
[780.814s][info][gc,phases      ] GC(1272) Phase 4: Move objects 14.259ms
[780.815s][info][gc,heap        ] GC(1272) DefNew: 629120K(629120K)->63387K(629120K) Eden: 559232K(559232K)->63387K(559232K) From: 69888K(69888K)->0K(69888K)
[780.815s][info][gc,heap        ] GC(1272) Tenured: 1398144K(1398144K)->1397771K(1398144K)
[780.815s][info][gc,metaspace   ] GC(1272) Metaspace: 121107K(124992K)->121107K(124992K) NonClass: 104898K(105536K)->104898K(105536K) Class: 16209K(19456K)->16209K(19456K)
[780.815s][info][gc             ] GC(1272) Pause Full (Allocation Failure) 1979M->1426M(1979M) 270.508ms
[780.815s][info][gc,cpu         ] GC(1272) User=0.27s Sys=0.00s Real=0.27s
[782.355s][info][gc,start       ] GC(1273) Pause Full (Allocation Failure)
[782.355s][info][gc,phases,start] GC(1273) Phase 1: Mark live objects
[782.410s][info][gc,phases      ] GC(1273) Phase 1: Mark live objects 55.068ms
[782.410s][info][gc,phases,start] GC(1273) Phase 2: Compute new object addresses
[782.562s][info][gc,phases      ] GC(1273) Phase 2: Compute new object addresses 151.669ms
[782.562s][info][gc,phases,start] GC(1273) Phase 3: Adjust pointers
[782.605s][info][gc,phases      ] GC(1273) Phase 3: Adjust pointers 43.252ms
[782.605s][info][gc,phases,start] GC(1273) Phase 4: Move objects
[782.623s][info][gc,phases      ] GC(1273) Phase 4: Move objects 18.186ms
[782.624s][info][gc,heap        ] GC(1273) DefNew: 629119K(629120K)->68600K(629120K) Eden: 559232K(559232K)->68600K(559232K) From: 69887K(69888K)->0K(69888K)
[782.624s][info][gc,heap        ] GC(1273) Tenured: 1398143K(1398144K)->1398088K(1398144K)
[782.624s][info][gc,metaspace   ] GC(1273) Metaspace: 121107K(124992K)->121107K(124992K) NonClass: 104898K(105536K)->104898K(105536K) Class: 16209K(19456K)->16209K(19456K)
[782.624s][info][gc             ] GC(1273) Pause Full (Allocation Failure) 1979M->1432M(1979M) 269.376ms
[782.624s][info][gc,cpu         ] GC(1273) User=0.28s Sys=0.00s Real=0.28s
[784.532s][info][gc,start       ] GC(1274) Pause Full (Allocation Failure)
[784.532s][info][gc,phases,start] GC(1274) Phase 1: Mark live objects
[784.587s][info][gc,phases      ] GC(1274) Phase 1: Mark live objects 55.129ms
[784.587s][info][gc,phases,start] GC(1274) Phase 2: Compute new object addresses
[784.734s][info][gc,phases      ] GC(1274) Phase 2: Compute new object addresses 146.905ms
[784.734s][info][gc,phases,start] GC(1274) Phase 3: Adjust pointers
[784.766s][info][gc,phases      ] GC(1274) Phase 3: Adjust pointers 32.000ms
[784.766s][info][gc,phases,start] GC(1274) Phase 4: Move objects
[784.854s][info][gc,phases      ] GC(1274) Phase 4: Move objects 87.931ms
[784.855s][info][gc,heap        ] GC(1274) DefNew: 629120K(629120K)->7891K(629120K) Eden: 559232K(559232K)->7891K(559232K) From: 69888K(69888K)->0K(69888K)
[784.855s][info][gc,heap        ] GC(1274) Tenured: 1398143K(1398144K)->1397057K(1398144K)
[784.855s][info][gc,metaspace   ] GC(1274) Metaspace: 121107K(124992K)->121107K(124992K) NonClass: 104898K(105536K)->104898K(105536K) Class: 16209K(19456K)->16209K(19456K)
[784.855s][info][gc             ] GC(1274) Pause Full (Allocation Failure) 1979M->1372M(1979M) 323.188ms
[784.855s][info][gc,cpu         ] GC(1274) User=0.34s Sys=0.00s Real=0.34s
[786.963s][info][gc,start       ] GC(1275) Pause Full (Allocation Failure)
[786.963s][info][gc,phases,start] GC(1275) Phase 1: Mark live objects
[787.018s][info][gc,phases      ] GC(1275) Phase 1: Mark live objects 55.297ms
[787.018s][info][gc,phases,start] GC(1275) Phase 2: Compute new object addresses
[787.180s][info][gc,phases      ] GC(1275) Phase 2: Compute new object addresses 161.738ms
[787.180s][info][gc,phases,start] GC(1275) Phase 3: Adjust pointers
[787.212s][info][gc,phases      ] GC(1275) Phase 3: Adjust pointers 32.324ms
[787.212s][info][gc,phases,start] GC(1275) Phase 4: Move objects
[787.217s][info][gc,phases      ] GC(1275) Phase 4: Move objects 5.016ms
[787.218s][info][gc,heap        ] GC(1275) DefNew: 629119K(629120K)->22142K(629120K) Eden: 559232K(559232K)->22142K(559232K) From: 69887K(69888K)->0K(69888K)
[787.218s][info][gc,heap        ] GC(1275) Tenured: 1398144K(1398144K)->1398144K(1398144K)
[787.218s][info][gc,metaspace   ] GC(1275) Metaspace: 121109K(124992K)->121109K(124992K) NonClass: 104899K(105536K)->104899K(105536K) Class: 16209K(19456K)->16209K(19456K)
[787.218s][info][gc             ] GC(1275) Pause Full (Allocation Failure) 1979M->1386M(1979M) 255.511ms
[787.218s][info][gc,cpu         ] GC(1275) User=0.25s Sys=0.00s Real=0.25s
[789.476s][info][gc,start       ] GC(1276) Pause Full (Allocation Failure)
[789.476s][info][gc,phases,start] GC(1276) Phase 1: Mark live objects
[789.531s][info][gc,phases      ] GC(1276) Phase 1: Mark live objects 54.840ms
[789.531s][info][gc,phases,start] GC(1276) Phase 2: Compute new object addresses
[789.699s][info][gc,phases      ] GC(1276) Phase 2: Compute new object addresses 167.449ms
[789.699s][info][gc,phases,start] GC(1276) Phase 3: Adjust pointers
[789.731s][info][gc,phases      ] GC(1276) Phase 3: Adjust pointers 32.069ms
[789.731s][info][gc,phases,start] GC(1276) Phase 4: Move objects
[789.736s][info][gc,phases      ] GC(1276) Phase 4: Move objects 5.184ms
[789.737s][info][gc,heap        ] GC(1276) DefNew: 629120K(629120K)->25384K(629120K) Eden: 559232K(559232K)->25384K(559232K) From: 69888K(69888K)->0K(69888K)
[789.737s][info][gc,heap        ] GC(1276) Tenured: 1398144K(1398144K)->1398144K(1398144K)
[789.737s][info][gc,metaspace   ] GC(1276) Metaspace: 121109K(124992K)->121109K(124992K) NonClass: 104899K(105536K)->104899K(105536K) Class: 16209K(19456K)->16209K(19456K)
[789.737s][info][gc             ] GC(1276) Pause Full (Allocation Failure) 1979M->1390M(1979M) 260.687ms
[789.737s][info][gc,cpu         ] GC(1276) User=0.25s Sys=0.00s Real=0.25s
[791.960s][info][gc,start       ] GC(1277) Pause Full (Allocation Failure)
[791.960s][info][gc,phases,start] GC(1277) Phase 1: Mark live objects
[792.018s][info][gc,phases      ] GC(1277) Phase 1: Mark live objects 57.766ms
[792.018s][info][gc,phases,start] GC(1277) Phase 2: Compute new object addresses
[792.185s][info][gc,phases      ] GC(1277) Phase 2: Compute new object addresses 167.262ms
[792.185s][info][gc,phases,start] GC(1277) Phase 3: Adjust pointers
[792.218s][info][gc,phases      ] GC(1277) Phase 3: Adjust pointers 32.351ms
[792.218s][info][gc,phases,start] GC(1277) Phase 4: Move objects
[792.221s][info][gc,phases      ] GC(1277) Phase 4: Move objects 3.266ms
[792.222s][info][gc,heap        ] GC(1277) DefNew: 629119K(629120K)->22936K(629120K) Eden: 559232K(559232K)->22936K(559232K) From: 69887K(69888K)->0K(69888K)
[792.222s][info][gc,heap        ] GC(1277) Tenured: 1398144K(1398144K)->1398144K(1398144K)
[792.222s][info][gc,metaspace   ] GC(1277) Metaspace: 121109K(124992K)->121109K(124992K) NonClass: 104899K(105536K)->104899K(105536K) Class: 16209K(19456K)->16209K(19456K)
[792.222s][info][gc             ] GC(1277) Pause Full (Allocation Failure) 1979M->1387M(1979M) 261.813ms
[792.222s][info][gc,cpu         ] GC(1277) User=0.27s Sys=0.00s Real=0.26s
[794.683s][info][gc,start       ] GC(1278) Pause Full (Allocation Failure)
[794.683s][info][gc,phases,start] GC(1278) Phase 1: Mark live objects
[794.738s][info][gc,phases      ] GC(1278) Phase 1: Mark live objects 55.045ms
[794.738s][info][gc,phases,start] GC(1278) Phase 2: Compute new object addresses
[794.922s][info][gc,phases      ] GC(1278) Phase 2: Compute new object addresses 183.337ms
[794.922s][info][gc,phases,start] GC(1278) Phase 3: Adjust pointers
[794.967s][info][gc,phases      ] GC(1278) Phase 3: Adjust pointers 45.078ms
[794.967s][info][gc,phases,start] GC(1278) Phase 4: Move objects
[795.038s][info][gc,phases      ] GC(1278) Phase 4: Move objects 71.440ms
[795.039s][info][gc,heap        ] GC(1278) DefNew: 629119K(629120K)->3838K(629120K) Eden: 559232K(559232K)->3838K(559232K) From: 69887K(69888K)->0K(69888K)
[795.039s][info][gc,heap        ] GC(1278) Tenured: 1398144K(1398144K)->1396066K(1398144K)
[795.039s][info][gc,metaspace   ] GC(1278) Metaspace: 121109K(124992K)->121109K(124992K) NonClass: 104899K(105536K)->104899K(105536K) Class: 16209K(19456K)->16209K(19456K)
[795.039s][info][gc             ] GC(1278) Pause Full (Allocation Failure) 1979M->1367M(1979M) 356.172ms
[795.039s][info][gc,cpu         ] GC(1278) User=0.34s Sys=0.00s Real=0.35s
[797.315s][info][gc,start       ] GC(1279) Pause Full (Allocation Failure)
[797.315s][info][gc,phases,start] GC(1279) Phase 1: Mark live objects
[797.377s][info][gc,phases      ] GC(1279) Phase 1: Mark live objects 61.832ms
[797.377s][info][gc,phases,start] GC(1279) Phase 2: Compute new object addresses
[797.552s][info][gc,phases      ] GC(1279) Phase 2: Compute new object addresses 174.839ms
[797.552s][info][gc,phases,start] GC(1279) Phase 3: Adjust pointers
[797.584s][info][gc,phases      ] GC(1279) Phase 3: Adjust pointers 32.228ms
[797.584s][info][gc,phases,start] GC(1279) Phase 4: Move objects
[797.584s][info][gc,phases      ] GC(1279) Phase 4: Move objects 0.029ms
[797.585s][info][gc,heap        ] GC(1279) DefNew: 629119K(629120K)->3800K(629120K) Eden: 559232K(559232K)->3800K(559232K) From: 69887K(69888K)->0K(69888K)
[797.585s][info][gc,heap        ] GC(1279) Tenured: 1398143K(1398144K)->1398143K(1398144K)
[797.585s][info][gc,metaspace   ] GC(1279) Metaspace: 121109K(124992K)->121109K(124992K) NonClass: 104899K(105536K)->104899K(105536K) Class: 16209K(19456K)->16209K(19456K)
[797.585s][info][gc             ] GC(1279) Pause Full (Allocation Failure) 1979M->1369M(1979M) 270.097ms
[797.585s][info][gc,cpu         ] GC(1279) User=0.27s Sys=0.00s Real=0.27s
[800.044s][info][gc,start       ] GC(1280) Pause Full (Allocation Failure)
[800.044s][info][gc,phases,start] GC(1280) Phase 1: Mark live objects
[800.099s][info][gc,phases      ] GC(1280) Phase 1: Mark live objects 54.878ms
[800.099s][info][gc,phases,start] GC(1280) Phase 2: Compute new object addresses
[800.275s][info][gc,phases      ] GC(1280) Phase 2: Compute new object addresses 176.262ms
[800.275s][info][gc,phases,start] GC(1280) Phase 3: Adjust pointers
[800.308s][info][gc,phases      ] GC(1280) Phase 3: Adjust pointers 32.253ms
[800.308s][info][gc,phases,start] GC(1280) Phase 4: Move objects
[800.308s][info][gc,phases      ] GC(1280) Phase 4: Move objects 0.046ms
[800.309s][info][gc,heap        ] GC(1280) DefNew: 629119K(629120K)->3862K(629120K) Eden: 559232K(559232K)->3862K(559232K) From: 69887K(69888K)->0K(69888K)
[800.309s][info][gc,heap        ] GC(1280) Tenured: 1398143K(1398144K)->1398143K(1398144K)
[800.309s][info][gc,metaspace   ] GC(1280) Metaspace: 121109K(124992K)->121109K(124992K) NonClass: 104899K(105536K)->104899K(105536K) Class: 16209K(19456K)->16209K(19456K)
[800.309s][info][gc             ] GC(1280) Pause Full (Allocation Failure) 1979M->1369M(1979M) 264.566ms
[800.309s][info][gc,cpu         ] GC(1280) User=0.25s Sys=0.00s Real=0.26s
[802.348s][info][gc,start       ] GC(1281) Pause Full (Allocation Failure)
[802.348s][info][gc,phases,start] GC(1281) Phase 1: Mark live objects
[802.402s][info][gc,phases      ] GC(1281) Phase 1: Mark live objects 54.283ms
[802.402s][info][gc,phases,start] GC(1281) Phase 2: Compute new object addresses
[802.576s][info][gc,phases      ] GC(1281) Phase 2: Compute new object addresses 173.920ms
[802.576s][info][gc,phases,start] GC(1281) Phase 3: Adjust pointers
[802.608s][info][gc,phases      ] GC(1281) Phase 3: Adjust pointers 32.060ms
[802.608s][info][gc,phases,start] GC(1281) Phase 4: Move objects
[802.636s][info][gc,phases      ] GC(1281) Phase 4: Move objects 28.265ms
[802.637s][info][gc,heap        ] GC(1281) DefNew: 629120K(629120K)->0K(629120K) Eden: 559232K(559232K)->0K(559232K) From: 69888K(69888K)->0K(69888K)
[802.637s][info][gc,heap        ] GC(1281) Tenured: 1398143K(1398144K)->1351887K(1398144K)
[802.637s][info][gc,metaspace   ] GC(1281) Metaspace: 121109K(124992K)->121109K(124992K) NonClass: 104899K(105536K)->104899K(105536K) Class: 16209K(19456K)->16209K(19456K)
[802.637s][info][gc             ] GC(1281) Pause Full (Allocation Failure) 1979M->1320M(1979M) 289.676ms
[802.637s][info][gc,cpu         ] GC(1281) User=0.30s Sys=0.00s Real=0.29s
[802.714s][info][gc,start       ] GC(1282) Pause Young (Allocation Failure)
[802.714s][info][gc             ] GC(1282) Pause Young (Allocation Failure) 1866M->1866M(1979M) 0.167ms
[802.714s][info][gc,cpu         ] GC(1282) User=0.00s Sys=0.00s Real=0.00s
[802.714s][info][gc,start       ] GC(1283) Pause Full (Allocation Failure)
[802.714s][info][gc,phases,start] GC(1283) Phase 1: Mark live objects
[802.774s][info][gc,phases      ] GC(1283) Phase 1: Mark live objects 59.968ms
[802.774s][info][gc,phases,start] GC(1283) Phase 2: Compute new object addresses
[802.931s][info][gc,phases      ] GC(1283) Phase 2: Compute new object addresses 156.866ms
[802.931s][info][gc,phases,start] GC(1283) Phase 3: Adjust pointers
[802.963s][info][gc,phases      ] GC(1283) Phase 3: Adjust pointers 31.776ms
[802.963s][info][gc,phases,start] GC(1283) Phase 4: Move objects
[802.991s][info][gc,phases      ] GC(1283) Phase 4: Move objects 27.574ms
[802.992s][info][gc,heap        ] GC(1283) DefNew: 559232K(629120K)->0K(629120K) Eden: 559232K(559232K)->0K(559232K) From: 0K(69888K)->0K(69888K)
[802.992s][info][gc,heap        ] GC(1283) Tenured: 1351887K(1398144K)->1090316K(1398144K)
[802.992s][info][gc,metaspace   ] GC(1283) Metaspace: 121109K(124992K)->121109K(124992K) NonClass: 104899K(105536K)->104899K(105536K) Class: 16209K(19456K)->16209K(19456K)
[802.992s][info][gc             ] GC(1283) Pause Full (Allocation Failure) 1866M->1064M(1979M) 277.325ms
[802.992s][info][gc,cpu         ] GC(1283) User=0.28s Sys=0.00s Real=0.28s
[803.448s][info][gc,start       ] GC(1284) Pause Full (System.gc())
[803.448s][info][gc,phases,start] GC(1284) Phase 1: Mark live objects
[803.512s][info][gc,phases      ] GC(1284) Phase 1: Mark live objects 64.001ms
[803.512s][info][gc,phases,start] GC(1284) Phase 2: Compute new object addresses
[803.564s][info][gc,phases      ] GC(1284) Phase 2: Compute new object addresses 51.960ms
[803.564s][info][gc,phases,start] GC(1284) Phase 3: Adjust pointers
[803.595s][info][gc,phases      ] GC(1284) Phase 3: Adjust pointers 30.997ms
[803.595s][info][gc,phases,start] GC(1284) Phase 4: Move objects
[803.595s][info][gc,phases      ] GC(1284) Phase 4: Move objects 0.080ms
[803.596s][info][gc,heap        ] GC(1284) DefNew: 170193K(629120K)->0K(629120K) Eden: 170193K(559232K)->0K(559232K) From: 0K(69888K)->0K(69888K)
[803.596s][info][gc,heap        ] GC(1284) Tenured: 1090316K(1398144K)->1022100K(1398144K)
[803.596s][info][gc,metaspace   ] GC(1284) Metaspace: 121111K(124992K)->121111K(124992K) NonClass: 104901K(105536K)->104901K(105536K) Class: 16209K(19456K)->16209K(19456K)
[803.596s][info][gc             ] GC(1284) Pause Full (System.gc()) 1230M->998M(1979M) 148.144ms
[803.596s][info][gc,cpu         ] GC(1284) User=0.16s Sys=0.00s Real=0.16s
[803.718s][info][gc,start       ] GC(1285) Pause Young (Allocation Failure)
[803.732s][info][gc,heap        ] GC(1285) DefNew: 559232K(629120K)->11981K(629120K) Eden: 559232K(559232K)->0K(559232K) From: 0K(69888K)->11981K(69888K)
[803.732s][info][gc,heap        ] GC(1285) Tenured: 1022100K(1398144K)->1022100K(1398144K)
[803.732s][info][gc,metaspace   ] GC(1285) Metaspace: 121176K(125056K)->121176K(125056K) NonClass: 104961K(105600K)->104961K(105600K) Class: 16215K(19456K)->16215K(19456K)
[803.732s][info][gc             ] GC(1285) Pause Young (Allocation Failure) 1544M->1009M(1979M) 14.104ms
[803.732s][info][gc,cpu         ] GC(1285) User=0.02s Sys=0.00s Real=0.02s
[803.769s][info][gc,start       ] GC(1286) Pause Young (Allocation Failure)
[803.780s][info][gc,heap        ] GC(1286) DefNew: 571213K(629120K)->18038K(629120K) Eden: 559232K(559232K)->0K(559232K) From: 11981K(69888K)->18038K(69888K)
[803.780s][info][gc,heap        ] GC(1286) Tenured: 1022100K(1398144K)->1022100K(1398144K)
[803.780s][info][gc,metaspace   ] GC(1286) Metaspace: 121176K(125056K)->121176K(125056K) NonClass: 104961K(105600K)->104961K(105600K) Class: 16215K(19456K)->16215K(19456K)
[803.780s][info][gc             ] GC(1286) Pause Young (Allocation Failure) 1555M->1015M(1979M) 10.954ms
[803.780s][info][gc,cpu         ] GC(1286) User=0.02s Sys=0.00s Real=0.02s
[803.818s][info][gc,start       ] GC(1287) Pause Young (Allocation Failure)
[803.831s][info][gc,heap        ] GC(1287) DefNew: 577270K(629120K)->25414K(629120K) Eden: 559232K(559232K)->0K(559232K) From: 18038K(69888K)->25414K(69888K)
[803.831s][info][gc,heap        ] GC(1287) Tenured: 1022100K(1398144K)->1022100K(1398144K)
[803.831s][info][gc,metaspace   ] GC(1287) Metaspace: 121176K(125056K)->121176K(125056K) NonClass: 104961K(105600K)->104961K(105600K) Class: 16215K(19456K)->16215K(19456K)
[803.831s][info][gc             ] GC(1287) Pause Young (Allocation Failure) 1561M->1022M(1979M) 12.885ms
[803.831s][info][gc,cpu         ] GC(1287) User=0.02s Sys=0.00s Real=0.02s
[803.869s][info][gc,start       ] GC(1288) Pause Young (Allocation Failure)
[803.895s][info][gc,heap        ] GC(1288) DefNew: 584646K(629120K)->32492K(629120K) Eden: 559232K(559232K)->0K(559232K) From: 25414K(69888K)->32492K(69888K)
[803.901s][info][gc,heap        ] GC(1288) Tenured: 1022100K(1398144K)->1022100K(1398144K)
[803.901s][info][gc,metaspace   ] GC(1288) Metaspace: 121176K(125056K)->121176K(125056K) NonClass: 104961K(105600K)->104961K(105600K) Class: 16215K(19456K)->16215K(19456K)
[803.901s][info][gc             ] GC(1288) Pause Young (Allocation Failure) 1569M->1029M(1979M) 32.177ms
[803.901s][info][gc,cpu         ] GC(1288) User=0.02s Sys=0.00s Real=0.03s
[803.940s][info][gc,start       ] GC(1289) Pause Young (Allocation Failure)
[803.957s][info][gc,heap        ] GC(1289) DefNew: 591724K(629120K)->44980K(629120K) Eden: 559232K(559232K)->0K(559232K) From: 32492K(69888K)->44980K(69888K)
[803.957s][info][gc,heap        ] GC(1289) Tenured: 1022100K(1398144K)->1022100K(1398144K)
[803.957s][info][gc,metaspace   ] GC(1289) Metaspace: 121176K(125056K)->121176K(125056K) NonClass: 104961K(105600K)->104961K(105600K) Class: 16215K(19456K)->16215K(19456K)
[803.957s][info][gc             ] GC(1289) Pause Young (Allocation Failure) 1576M->1042M(1979M) 17.296ms
[803.957s][info][gc,cpu         ] GC(1289) User=0.03s Sys=0.00s Real=0.02s
[803.996s][info][gc,start       ] GC(1290) Pause Young (Allocation Failure)
[804.016s][info][gc,heap        ] GC(1290) DefNew: 604212K(629120K)->39315K(629120K) Eden: 559232K(559232K)->0K(559232K) From: 44980K(69888K)->39315K(69888K)
[804.016s][info][gc,heap        ] GC(1290) Tenured: 1022100K(1398144K)->1031643K(1398144K)
[804.016s][info][gc,metaspace   ] GC(1290) Metaspace: 121176K(125056K)->121176K(125056K) NonClass: 104961K(105600K)->104961K(105600K) Class: 16215K(19456K)->16215K(19456K)
[804.016s][info][gc             ] GC(1290) Pause Young (Allocation Failure) 1588M->1045M(1979M) 19.295ms
[804.016s][info][gc,cpu         ] GC(1290) User=0.02s Sys=0.00s Real=0.02s
[804.054s][info][gc,start       ] GC(1291) Pause Young (Allocation Failure)
[804.067s][info][gc,heap        ] GC(1291) DefNew: 598547K(629120K)->42439K(629120K) Eden: 559232K(559232K)->0K(559232K) From: 39315K(69888K)->42439K(69888K)
[804.067s][info][gc,heap        ] GC(1291) Tenured: 1031643K(1398144K)->1034772K(1398144K)
[804.067s][info][gc,metaspace   ] GC(1291) Metaspace: 121176K(125056K)->121176K(125056K) NonClass: 104961K(105600K)->104961K(105600K) Class: 16215K(19456K)->16215K(19456K)
[804.067s][info][gc             ] GC(1291) Pause Young (Allocation Failure) 1591M->1051M(1979M) 13.097ms
[804.067s][info][gc,cpu         ] GC(1291) User=0.02s Sys=0.00s Real=0.01s
[804.106s][info][gc,start       ] GC(1292) Pause Young (Allocation Failure)
[804.119s][info][gc,heap        ] GC(1292) DefNew: 601671K(629120K)->34683K(629120K) Eden: 559232K(559232K)->0K(559232K) From: 42439K(69888K)->34683K(69888K)
[804.119s][info][gc,heap        ] GC(1292) Tenured: 1034772K(1398144K)->1047279K(1398144K)
[804.119s][info][gc,metaspace   ] GC(1292) Metaspace: 121176K(125056K)->121176K(125056K) NonClass: 104961K(105600K)->104961K(105600K) Class: 16215K(19456K)->16215K(19456K)
[804.119s][info][gc             ] GC(1292) Pause Young (Allocation Failure) 1598M->1056M(1979M) 13.674ms
[804.119s][info][gc,cpu         ] GC(1292) User=0.02s Sys=0.00s Real=0.02s
[804.157s][info][gc,start       ] GC(1293) Pause Young (Allocation Failure)
[804.168s][info][gc,heap        ] GC(1293) DefNew: 593915K(629120K)->34669K(629120K) Eden: 559232K(559232K)->0K(559232K) From: 34683K(69888K)->34669K(69888K)
[804.168s][info][gc,heap        ] GC(1293) Tenured: 1047279K(1398144K)->1047279K(1398144K)
[804.168s][info][gc,metaspace   ] GC(1293) Metaspace: 121176K(125056K)->121176K(125056K) NonClass: 104961K(105600K)->104961K(105600K) Class: 16215K(19456K)->16215K(19456K)
[804.168s][info][gc             ] GC(1293) Pause Young (Allocation Failure) 1602M->1056M(1979M) 10.642ms
[804.168s][info][gc,cpu         ] GC(1293) User=0.02s Sys=0.00s Real=0.02s
[804.208s][info][gc,start       ] GC(1294) Pause Young (Allocation Failure)
[804.221s][info][gc,heap        ] GC(1294) DefNew: 593901K(629120K)->40914K(629120K) Eden: 559232K(559232K)->0K(559232K) From: 34669K(69888K)->40914K(69888K)
[804.221s][info][gc,heap        ] GC(1294) Tenured: 1047279K(1398144K)->1047279K(1398144K)
[804.221s][info][gc,metaspace   ] GC(1294) Metaspace: 121176K(125056K)->121176K(125056K) NonClass: 104961K(105600K)->104961K(105600K) Class: 16215K(19456K)->16215K(19456K)
[804.221s][info][gc             ] GC(1294) Pause Young (Allocation Failure) 1602M->1062M(1979M) 12.484ms
[804.221s][info][gc,cpu         ] GC(1294) User=0.00s Sys=0.00s Real=0.00s
[804.260s][info][gc,start       ] GC(1295) Pause Young (Allocation Failure)
[804.283s][info][gc,heap        ] GC(1295) DefNew: 600146K(629120K)->65846K(629120K) Eden: 559232K(559232K)->0K(559232K) From: 40914K(69888K)->65846K(69888K)
[804.283s][info][gc,heap        ] GC(1295) Tenured: 1047279K(1398144K)->1069155K(1398144K)
[804.283s][info][gc,metaspace   ] GC(1295) Metaspace: 121176K(125056K)->121176K(125056K) NonClass: 104961K(105600K)->104961K(105600K) Class: 16215K(19456K)->16215K(19456K)
[804.283s][info][gc             ] GC(1295) Pause Young (Allocation Failure) 1608M->1108M(1979M) 22.938ms
[804.283s][info][gc,cpu         ] GC(1295) User=0.02s Sys=0.00s Real=0.02s
[804.322s][info][gc,start       ] GC(1296) Pause Young (Allocation Failure)
[804.345s][info][gc,heap        ] GC(1296) DefNew: 625078K(629120K)->31496K(629120K) Eden: 559232K(559232K)->0K(559232K) From: 65846K(69888K)->31496K(69888K)
[804.345s][info][gc,heap        ] GC(1296) Tenured: 1069155K(1398144K)->1125416K(1398144K)
[804.345s][info][gc,metaspace   ] GC(1296) Metaspace: 121176K(125056K)->121176K(125056K) NonClass: 104961K(105600K)->104961K(105600K) Class: 16215K(19456K)->16215K(19456K)
[804.345s][info][gc             ] GC(1296) Pause Young (Allocation Failure) 1654M->1129M(1979M) 22.256ms
[804.345s][info][gc,cpu         ] GC(1296) User=0.02s Sys=0.00s Real=0.02s
[804.383s][info][gc,start       ] GC(1297) Pause Young (Allocation Failure)
[804.395s][info][gc,heap        ] GC(1297) DefNew: 590728K(629120K)->41839K(629120K) Eden: 559232K(559232K)->0K(559232K) From: 31496K(69888K)->41839K(69888K)
[804.395s][info][gc,heap        ] GC(1297) Tenured: 1125416K(1398144K)->1125416K(1398144K)
[804.395s][info][gc,metaspace   ] GC(1297) Metaspace: 121176K(125056K)->121176K(125056K) NonClass: 104961K(105600K)->104961K(105600K) Class: 16215K(19456K)->16215K(19456K)
[804.396s][info][gc             ] GC(1297) Pause Young (Allocation Failure) 1675M->1139M(1979M) 12.483ms
[804.396s][info][gc,cpu         ] GC(1297) User=0.02s Sys=0.00s Real=0.01s
[804.445s][info][gc,start       ] GC(1298) Pause Young (Allocation Failure)
[804.467s][info][gc,heap        ] GC(1298) DefNew: 601071K(629120K)->51984K(629120K) Eden: 559232K(559232K)->0K(559232K) From: 41839K(69888K)->51984K(69888K)
[804.467s][info][gc,heap        ] GC(1298) Tenured: 1125416K(1398144K)->1156668K(1398144K)
[804.467s][info][gc,metaspace   ] GC(1298) Metaspace: 121176K(125056K)->121176K(125056K) NonClass: 104961K(105600K)->104961K(105600K) Class: 16215K(19456K)->16215K(19456K)
[804.467s][info][gc             ] GC(1298) Pause Young (Allocation Failure) 1686M->1180M(1979M) 22.551ms
[804.467s][info][gc,cpu         ] GC(1298) User=0.02s Sys=0.00s Real=0.02s
[804.509s][info][gc,start       ] GC(1299) Pause Young (Allocation Failure)
[804.535s][info][gc,heap        ] GC(1299) DefNew: 611216K(629120K)->49712K(629120K) Eden: 559232K(559232K)->0K(559232K) From: 51984K(69888K)->49712K(69888K)
[804.535s][info][gc,heap        ] GC(1299) Tenured: 1156668K(1398144K)->1208218K(1398144K)
[804.535s][info][gc,metaspace   ] GC(1299) Metaspace: 121176K(125056K)->121176K(125056K) NonClass: 104961K(105600K)->104961K(105600K) Class: 16215K(19456K)->16215K(19456K)
[804.535s][info][gc             ] GC(1299) Pause Young (Allocation Failure) 1726M->1228M(1979M) 25.919ms
[804.535s][info][gc,cpu         ] GC(1299) User=0.02s Sys=0.00s Real=0.02s
[804.575s][info][gc,start       ] GC(1300) Pause Young (Allocation Failure)
[804.599s][info][gc,heap        ] GC(1300) DefNew: 608944K(629120K)->42548K(629120K) Eden: 559232K(559232K)->0K(559232K) From: 49712K(69888K)->42548K(69888K)
[804.599s][info][gc,heap        ] GC(1300) Tenured: 1208218K(1398144K)->1254539K(1398144K)
[804.599s][info][gc,metaspace   ] GC(1300) Metaspace: 121176K(125056K)->121176K(125056K) NonClass: 104961K(105600K)->104961K(105600K) Class: 16215K(19456K)->16215K(19456K)
[804.599s][info][gc             ] GC(1300) Pause Young (Allocation Failure) 1774M->1266M(1979M) 23.680ms
[804.599s][info][gc,cpu         ] GC(1300) User=0.03s Sys=0.00s Real=0.03s
[804.637s][info][gc,start       ] GC(1301) Pause Young (Allocation Failure)
[804.651s][info][gc,heap        ] GC(1301) DefNew: 601780K(629120K)->14919K(629120K) Eden: 559232K(559232K)->0K(559232K) From: 42548K(69888K)->14919K(69888K)
[804.651s][info][gc,heap        ] GC(1301) Tenured: 1254539K(1398144K)->1290028K(1398144K)
[804.651s][info][gc,metaspace   ] GC(1301) Metaspace: 121176K(125056K)->121176K(125056K) NonClass: 104961K(105600K)->104961K(105600K) Class: 16215K(19456K)->16215K(19456K)
[804.651s][info][gc             ] GC(1301) Pause Young (Allocation Failure) 1812M->1274M(1979M) 14.415ms
[804.651s][info][gc,cpu         ] GC(1301) User=0.02s Sys=0.00s Real=0.02s
[804.690s][info][gc,start       ] GC(1302) Pause Young (Allocation Failure)
[804.697s][info][gc,heap        ] GC(1302) DefNew: 574151K(629120K)->19973K(629120K) Eden: 559232K(559232K)->0K(559232K) From: 14919K(69888K)->19973K(69888K)
[804.697s][info][gc,heap        ] GC(1302) Tenured: 1290028K(1398144K)->1290028K(1398144K)
[804.697s][info][gc,metaspace   ] GC(1302) Metaspace: 121176K(125056K)->121176K(125056K) NonClass: 104961K(105600K)->104961K(105600K) Class: 16215K(19456K)->16215K(19456K)
[804.697s][info][gc             ] GC(1302) Pause Young (Allocation Failure) 1820M->1279M(1979M) 7.770ms
[804.697s][info][gc,cpu         ] GC(1302) User=0.02s Sys=0.00s Real=0.02s
[804.736s][info][gc,start       ] GC(1303) Pause Young (Allocation Failure)
[804.748s][info][gc,heap        ] GC(1303) DefNew: 579205K(629120K)->39486K(629120K) Eden: 559232K(559232K)->0K(559232K) From: 19973K(69888K)->39486K(69888K)
[804.748s][info][gc,heap        ] GC(1303) Tenured: 1290028K(1398144K)->1290028K(1398144K)
[804.748s][info][gc,metaspace   ] GC(1303) Metaspace: 121176K(125056K)->121176K(125056K) NonClass: 104961K(105600K)->104961K(105600K) Class: 16215K(19456K)->16215K(19456K)
[804.748s][info][gc             ] GC(1303) Pause Young (Allocation Failure) 1825M->1298M(1979M) 12.178ms
[804.748s][info][gc,cpu         ] GC(1303) User=0.02s Sys=0.00s Real=0.02s
[804.787s][info][gc,start       ] GC(1304) Pause Young (Allocation Failure)
[804.798s][info][gc,heap        ] GC(1304) DefNew: 598718K(629120K)->39338K(629120K) Eden: 559232K(559232K)->0K(559232K) From: 39486K(69888K)->39338K(69888K)
[804.798s][info][gc,heap        ] GC(1304) Tenured: 1290028K(1398144K)->1290193K(1398144K)
[804.798s][info][gc,metaspace   ] GC(1304) Metaspace: 121176K(125056K)->121176K(125056K) NonClass: 104961K(105600K)->104961K(105600K) Class: 16215K(19456K)->16215K(19456K)
[804.798s][info][gc             ] GC(1304) Pause Young (Allocation Failure) 1844M->1298M(1979M) 11.894ms
[804.798s][info][gc,cpu         ] GC(1304) User=0.02s Sys=0.00s Real=0.02s
[804.837s][info][gc,start       ] GC(1305) Pause Young (Allocation Failure)
[804.851s][info][gc,heap        ] GC(1305) DefNew: 598570K(629120K)->25237K(629120K) Eden: 559232K(559232K)->0K(559232K) From: 39338K(69888K)->25237K(69888K)
[804.851s][info][gc,heap        ] GC(1305) Tenured: 1290193K(1398144K)->1313639K(1398144K)
[804.851s][info][gc,metaspace   ] GC(1305) Metaspace: 121176K(125056K)->121176K(125056K) NonClass: 104961K(105600K)->104961K(105600K) Class: 16215K(19456K)->16215K(19456K)
[804.851s][info][gc             ] GC(1305) Pause Young (Allocation Failure) 1844M->1307M(1979M) 14.003ms
[804.851s][info][gc,cpu         ] GC(1305) User=0.02s Sys=0.00s Real=0.02s
[804.889s][info][gc,start       ] GC(1306) Pause Young (Allocation Failure)
[804.898s][info][gc,heap        ] GC(1306) DefNew: 584469K(629120K)->25296K(629120K) Eden: 559232K(559232K)->0K(559232K) From: 25237K(69888K)->25296K(69888K)
[804.898s][info][gc,heap        ] GC(1306) Tenured: 1313639K(1398144K)->1313639K(1398144K)
[804.898s][info][gc,metaspace   ] GC(1306) Metaspace: 121176K(125056K)->121176K(125056K) NonClass: 104961K(105600K)->104961K(105600K) Class: 16215K(19456K)->16215K(19456K)
[804.898s][info][gc             ] GC(1306) Pause Young (Allocation Failure) 1853M->1307M(1979M) 8.885ms
[804.898s][info][gc,cpu         ] GC(1306) User=0.02s Sys=0.00s Real=0.02s
[804.936s][info][gc,start       ] GC(1307) Pause Young (Allocation Failure)
[804.944s][info][gc,heap        ] GC(1307) DefNew: 584528K(629120K)->25260K(629120K) Eden: 559232K(559232K)->0K(559232K) From: 25296K(69888K)->25260K(69888K)
[804.944s][info][gc,heap        ] GC(1307) Tenured: 1313639K(1398144K)->1313639K(1398144K)
[804.944s][info][gc,metaspace   ] GC(1307) Metaspace: 121176K(125056K)->121176K(125056K) NonClass: 104961K(105600K)->104961K(105600K) Class: 16215K(19456K)->16215K(19456K)
[804.944s][info][gc             ] GC(1307) Pause Young (Allocation Failure) 1853M->1307M(1979M) 8.558ms
[804.944s][info][gc,cpu         ] GC(1307) User=0.00s Sys=0.00s Real=0.00s
[804.996s][info][gc,start       ] GC(1308) Pause Young (Allocation Failure)
[805.014s][info][gc,heap        ] GC(1308) DefNew: 584492K(629120K)->62963K(629120K) Eden: 559232K(559232K)->0K(559232K) From: 25260K(69888K)->62963K(69888K)
[805.014s][info][gc,heap        ] GC(1308) Tenured: 1313639K(1398144K)->1313639K(1398144K)
[805.014s][info][gc,metaspace   ] GC(1308) Metaspace: 121176K(125056K)->121176K(125056K) NonClass: 104961K(105600K)->104961K(105600K) Class: 16215K(19456K)->16215K(19456K)
[805.014s][info][gc             ] GC(1308) Pause Young (Allocation Failure) 1853M->1344M(1979M) 18.130ms
[805.014s][info][gc,cpu         ] GC(1308) User=0.02s Sys=0.00s Real=0.02s
[805.052s][info][gc,start       ] GC(1309) Pause Young (Allocation Failure)
[805.073s][info][gc,heap        ] GC(1309) DefNew: 622195K(629120K)->25319K(629120K) Eden: 559232K(559232K)->0K(559232K) From: 62963K(69888K)->25319K(69888K)
[805.073s][info][gc,heap        ] GC(1309) Tenured: 1313639K(1398144K)->1366898K(1398144K)
[805.073s][info][gc,metaspace   ] GC(1309) Metaspace: 121176K(125056K)->121176K(125056K) NonClass: 104961K(105600K)->104961K(105600K) Class: 16215K(19456K)->16215K(19456K)
[805.073s][info][gc             ] GC(1309) Pause Young (Allocation Failure) 1890M->1359M(1979M) 20.408ms
[805.073s][info][gc,cpu         ] GC(1309) User=0.02s Sys=0.00s Real=0.02s
[805.112s][info][gc,start       ] GC(1310) Pause Young (Allocation Failure)
[805.112s][info][gc,heap        ] GC(1310) DefNew: 584551K(629120K)->584551K(629120K) Eden: 559232K(559232K)->559232K(559232K) From: 25319K(69888K)->25319K(69888K)
[805.112s][info][gc,heap        ] GC(1310) Tenured: 1366898K(1398144K)->1366898K(1398144K)
[805.112s][info][gc,metaspace   ] GC(1310) Metaspace: 121176K(125056K)->121176K(125056K) NonClass: 104961K(105600K)->104961K(105600K) Class: 16215K(19456K)->16215K(19456K)
[805.112s][info][gc             ] GC(1310) Pause Young (Allocation Failure) 1905M->1905M(1979M) 0.166ms
[805.112s][info][gc,cpu         ] GC(1310) User=0.00s Sys=0.00s Real=0.00s
[805.112s][info][gc,start       ] GC(1311) Pause Full (Allocation Failure)
[805.112s][info][gc,phases,start] GC(1311) Phase 1: Mark live objects
[805.186s][info][gc,phases      ] GC(1311) Phase 1: Mark live objects 73.596ms
[805.186s][info][gc,phases,start] GC(1311) Phase 2: Compute new object addresses
[805.336s][info][gc,phases      ] GC(1311) Phase 2: Compute new object addresses 149.546ms
[805.336s][info][gc,phases,start] GC(1311) Phase 3: Adjust pointers
[805.369s][info][gc,phases      ] GC(1311) Phase 3: Adjust pointers 33.015ms
[805.383s][info][gc,phases,start] GC(1311) Phase 4: Move objects
[805.428s][info][gc,phases      ] GC(1311) Phase 4: Move objects 44.941ms
[805.430s][info][gc,heap        ] GC(1311) DefNew: 584551K(629120K)->0K(629120K) Eden: 559232K(559232K)->0K(559232K) From: 25319K(69888K)->0K(69888K)
[805.430s][info][gc,heap        ] GC(1311) Tenured: 1366898K(1398144K)->1137719K(1398144K)
[805.430s][info][gc,metaspace   ] GC(1311) Metaspace: 121176K(125056K)->120418K(124992K) NonClass: 104961K(105600K)->104326K(105536K) Class: 16215K(19456K)->16092K(19456K)
[805.430s][info][gc             ] GC(1311) Pause Full (Allocation Failure) 1905M->1111M(1979M) 317.521ms
[805.430s][info][gc,cpu         ] GC(1311) User=0.30s Sys=0.00s Real=0.31s
[805.471s][info][gc,start       ] GC(1312) Pause Young (Allocation Failure)
[805.484s][info][gc,heap        ] GC(1312) DefNew: 559232K(629120K)->42133K(629120K) Eden: 559232K(559232K)->0K(559232K) From: 0K(69888K)->42133K(69888K)
[805.484s][info][gc,heap        ] GC(1312) Tenured: 1137719K(1398144K)->1137719K(1398144K)
[805.484s][info][gc,metaspace   ] GC(1312) Metaspace: 120418K(124992K)->120418K(124992K) NonClass: 104326K(105536K)->104326K(105536K) Class: 16092K(19456K)->16092K(19456K)
[805.484s][info][gc             ] GC(1312) Pause Young (Allocation Failure) 1657M->1152M(1979M) 13.068ms
[805.484s][info][gc,cpu         ] GC(1312) User=0.00s Sys=0.00s Real=0.00s
[805.525s][info][gc,start       ] GC(1313) Pause Young (Allocation Failure)
[805.549s][info][gc,heap        ] GC(1313) DefNew: 601365K(629120K)->46309K(629120K) Eden: 559232K(559232K)->0K(559232K) From: 42133K(69888K)->46309K(69888K)
[805.549s][info][gc,heap        ] GC(1313) Tenured: 1137719K(1398144K)->1179044K(1398144K)
[805.549s][info][gc,metaspace   ] GC(1313) Metaspace: 120422K(124992K)->120422K(124992K) NonClass: 104329K(105536K)->104329K(105536K) Class: 16093K(19456K)->16093K(19456K)
[805.549s][info][gc             ] GC(1313) Pause Young (Allocation Failure) 1698M->1196M(1979M) 23.714ms
[805.549s][info][gc,cpu         ] GC(1313) User=0.03s Sys=0.00s Real=0.03s
[805.591s][info][gc,start       ] GC(1314) Pause Young (Allocation Failure)
[805.615s][info][gc,heap        ] GC(1314) DefNew: 605541K(629120K)->44469K(629120K) Eden: 559232K(559232K)->0K(559232K) From: 46309K(69888K)->44469K(69888K)
[805.615s][info][gc,heap        ] GC(1314) Tenured: 1179044K(1398144K)->1222009K(1398144K)
[805.615s][info][gc,metaspace   ] GC(1314) Metaspace: 120433K(124992K)->120433K(124992K) NonClass: 104338K(105536K)->104338K(105536K) Class: 16095K(19456K)->16095K(19456K)
[805.615s][info][gc             ] GC(1314) Pause Young (Allocation Failure) 1742M->1236M(1979M) 23.833ms
[805.615s][info][gc,cpu         ] GC(1314) User=0.02s Sys=0.00s Real=0.02s
[805.656s][info][gc,start       ] GC(1315) Pause Young (Allocation Failure)
[805.675s][info][gc,heap        ] GC(1315) DefNew: 603701K(629120K)->22655K(629120K) Eden: 559232K(559232K)->0K(559232K) From: 44469K(69888K)->22655K(69888K)
[805.675s][info][gc,heap        ] GC(1315) Tenured: 1222009K(1398144K)->1260779K(1398144K)
[805.675s][info][gc,metaspace   ] GC(1315) Metaspace: 120456K(124992K)->120456K(124992K) NonClass: 104357K(105536K)->104357K(105536K) Class: 16099K(19456K)->16099K(19456K)
[805.675s][info][gc             ] GC(1315) Pause Young (Allocation Failure) 1782M->1253M(1979M) 18.800ms
[805.675s][info][gc,cpu         ] GC(1315) User=0.02s Sys=0.00s Real=0.02s
[805.714s][info][gc,start       ] GC(1316) Pause Young (Allocation Failure)
[805.729s][info][gc,heap        ] GC(1316) DefNew: 581887K(629120K)->45087K(629120K) Eden: 559232K(559232K)->0K(559232K) From: 22655K(69888K)->45087K(69888K)
[805.729s][info][gc,heap        ] GC(1316) Tenured: 1260779K(1398144K)->1260779K(1398144K)
[805.729s][info][gc,metaspace   ] GC(1316) Metaspace: 120503K(124992K)->120503K(124992K) NonClass: 104396K(105536K)->104396K(105536K) Class: 16106K(19456K)->16106K(19456K)
[805.729s][info][gc             ] GC(1316) Pause Young (Allocation Failure) 1799M->1275M(1979M) 15.283ms
[805.729s][info][gc,cpu         ] GC(1316) User=0.02s Sys=0.00s Real=0.02s
[805.765s][info][gc,start       ] GC(1317) Pause Young (Allocation Failure)
[805.786s][info][gc,heap        ] GC(1317) DefNew: 604319K(629120K)->26480K(629120K) Eden: 559232K(559232K)->0K(559232K) From: 45087K(69888K)->26480K(69888K)
[805.786s][info][gc,heap        ] GC(1317) Tenured: 1260779K(1398144K)->1291589K(1398144K)
[805.786s][info][gc,metaspace   ] GC(1317) Metaspace: 120503K(124992K)->120503K(124992K) NonClass: 104396K(105536K)->104396K(105536K) Class: 16106K(19456K)->16106K(19456K)
[805.786s][info][gc             ] GC(1317) Pause Young (Allocation Failure) 1821M->1287M(1979M) 20.732ms
[805.786s][info][gc,cpu         ] GC(1317) User=0.03s Sys=0.00s Real=0.02s
[805.825s][info][gc,start       ] GC(1318) Pause Young (Allocation Failure)
[805.851s][info][gc,heap        ] GC(1318) DefNew: 585712K(629120K)->69719K(629120K) Eden: 559232K(559232K)->0K(559232K) From: 26480K(69888K)->69719K(69888K)
[805.851s][info][gc,heap        ] GC(1318) Tenured: 1291589K(1398144K)->1316589K(1398144K)
[805.851s][info][gc,metaspace   ] GC(1318) Metaspace: 120503K(124992K)->120503K(124992K) NonClass: 104396K(105536K)->104396K(105536K) Class: 16106K(19456K)->16106K(19456K)
[805.851s][info][gc             ] GC(1318) Pause Young (Allocation Failure) 1833M->1353M(1979M) 26.477ms
[805.851s][info][gc,cpu         ] GC(1318) User=0.03s Sys=0.00s Real=0.03s
[805.894s][info][gc,start       ] GC(1319) Pause Young (Allocation Failure)
[805.927s][info][gc,heap        ] GC(1319) DefNew: 628951K(629120K)->69872K(629120K) Eden: 559232K(559232K)->0K(559232K) From: 69719K(69888K)->69872K(69888K)
[805.927s][info][gc,heap        ] GC(1319) Tenured: 1316589K(1398144K)->1372064K(1398144K)
[805.927s][info][gc,metaspace   ] GC(1319) Metaspace: 120503K(124992K)->120503K(124992K) NonClass: 104397K(105536K)->104397K(105536K) Class: 16106K(19456K)->16106K(19456K)
[805.927s][info][gc             ] GC(1319) Pause Young (Allocation Failure) 1899M->1408M(1979M) 33.169ms
[805.927s][info][gc,cpu         ] GC(1319) User=0.03s Sys=0.00s Real=0.03s
[805.968s][info][gc,start       ] GC(1320) Pause Young (Allocation Failure)
[805.968s][info][gc,heap        ] GC(1320) DefNew: 629104K(629120K)->629104K(629120K) Eden: 559232K(559232K)->559232K(559232K) From: 69872K(69888K)->69872K(69888K)
[805.968s][info][gc,heap        ] GC(1320) Tenured: 1372064K(1398144K)->1372064K(1398144K)
[805.968s][info][gc,metaspace   ] GC(1320) Metaspace: 120507K(124992K)->120507K(124992K) NonClass: 104400K(105536K)->104400K(105536K) Class: 16107K(19456K)->16107K(19456K)
[805.968s][info][gc             ] GC(1320) Pause Young (Allocation Failure) 1954M->1954M(1979M) 0.333ms
[805.968s][info][gc,cpu         ] GC(1320) User=0.00s Sys=0.00s Real=0.00s
[805.968s][info][gc,start       ] GC(1321) Pause Full (Allocation Failure)
[805.968s][info][gc,phases,start] GC(1321) Phase 1: Mark live objects
[806.042s][info][gc,phases      ] GC(1321) Phase 1: Mark live objects 73.927ms
[806.042s][info][gc,phases,start] GC(1321) Phase 2: Compute new object addresses
[806.187s][info][gc,phases      ] GC(1321) Phase 2: Compute new object addresses 144.652ms
[806.187s][info][gc,phases,start] GC(1321) Phase 3: Adjust pointers
[806.220s][info][gc,phases      ] GC(1321) Phase 3: Adjust pointers 32.819ms
[806.220s][info][gc,phases,start] GC(1321) Phase 4: Move objects
[806.270s][info][gc,phases      ] GC(1321) Phase 4: Move objects 49.662ms
[806.271s][info][gc,heap        ] GC(1321) DefNew: 629104K(629120K)->0K(629120K) Eden: 559232K(559232K)->0K(559232K) From: 69872K(69888K)->0K(69888K)
[806.271s][info][gc,heap        ] GC(1321) Tenured: 1372064K(1398144K)->1192043K(1398144K)
[806.271s][info][gc,metaspace   ] GC(1321) Metaspace: 120507K(124992K)->120422K(124992K) NonClass: 104400K(105536K)->104329K(105536K) Class: 16107K(19456K)->16093K(19456K)
[806.271s][info][gc             ] GC(1321) Pause Full (Allocation Failure) 1954M->1164M(1979M) 302.449ms
[806.271s][info][gc,cpu         ] GC(1321) User=0.30s Sys=0.00s Real=0.30s
[806.310s][info][gc,start       ] GC(1322) Pause Young (Allocation Failure)
[806.323s][info][gc,heap        ] GC(1322) DefNew: 559232K(629120K)->46231K(629120K) Eden: 559232K(559232K)->0K(559232K) From: 0K(69888K)->46231K(69888K)
[806.323s][info][gc,heap        ] GC(1322) Tenured: 1192043K(1398144K)->1192043K(1398144K)
[806.323s][info][gc,metaspace   ] GC(1322) Metaspace: 120509K(124992K)->120509K(124992K) NonClass: 104399K(105536K)->104399K(105536K) Class: 16109K(19456K)->16109K(19456K)
[806.323s][info][gc             ] GC(1322) Pause Young (Allocation Failure) 1710M->1209M(1979M) 13.627ms
[806.323s][info][gc,cpu         ] GC(1322) User=0.00s Sys=0.00s Real=0.00s
[806.353s][info][gc,start       ] GC(1323) Pause Young (Allocation Failure)
[806.371s][info][gc,heap        ] GC(1323) DefNew: 605463K(629120K)->34574K(629120K) Eden: 559232K(559232K)->0K(559232K) From: 46231K(69888K)->34574K(69888K)
[806.371s][info][gc,heap        ] GC(1323) Tenured: 1192043K(1398144K)->1225571K(1398144K)
[806.371s][info][gc,metaspace   ] GC(1323) Metaspace: 120509K(124992K)->120509K(124992K) NonClass: 104400K(105536K)->104400K(105536K) Class: 16109K(19456K)->16109K(19456K)
[806.372s][info][gc             ] GC(1323) Pause Young (Allocation Failure) 1755M->1230M(1979M) 18.589ms
[806.372s][info][gc,cpu         ] GC(1323) User=0.03s Sys=0.00s Real=0.03s
[806.403s][info][gc,start       ] GC(1324) Pause Young (Allocation Failure)
[806.430s][info][gc,heap        ] GC(1324) DefNew: 593806K(629120K)->68473K(629120K) Eden: 559232K(559232K)->0K(559232K) From: 34574K(69888K)->68473K(69888K)
[806.430s][info][gc,heap        ] GC(1324) Tenured: 1225571K(1398144K)->1266885K(1398144K)
[806.430s][info][gc,metaspace   ] GC(1324) Metaspace: 120512K(124992K)->120512K(124992K) NonClass: 104402K(105536K)->104402K(105536K) Class: 16109K(19456K)->16109K(19456K)
[806.430s][info][gc             ] GC(1324) Pause Young (Allocation Failure) 1776M->1304M(1979M) 27.100ms
[806.430s][info][gc,cpu         ] GC(1324) User=0.02s Sys=0.00s Real=0.02s
[806.464s][info][gc,start       ] GC(1325) Pause Young (Allocation Failure)
[806.492s][info][gc,heap        ] GC(1325) DefNew: 627705K(629120K)->68200K(629120K) Eden: 559232K(559232K)->0K(559232K) From: 68473K(69888K)->68200K(69888K)
[806.492s][info][gc,heap        ] GC(1325) Tenured: 1266885K(1398144K)->1314730K(1398144K)
[806.492s][info][gc,metaspace   ] GC(1325) Metaspace: 120512K(124992K)->120512K(124992K) NonClass: 104402K(105536K)->104402K(105536K) Class: 16109K(19456K)->16109K(19456K)
[806.492s][info][gc             ] GC(1325) Pause Young (Allocation Failure) 1850M->1350M(1979M) 28.431ms
[806.492s][info][gc,cpu         ] GC(1325) User=0.02s Sys=0.00s Real=0.02s
[806.524s][info][gc,start       ] GC(1326) Pause Young (Allocation Failure)
[806.551s][info][gc,heap        ] GC(1326) DefNew: 627432K(629120K)->48874K(629120K) Eden: 559232K(559232K)->0K(559232K) From: 68200K(69888K)->48874K(69888K)
[806.551s][info][gc,heap        ] GC(1326) Tenured: 1314730K(1398144K)->1373816K(1398144K)
[806.551s][info][gc,metaspace   ] GC(1326) Metaspace: 120512K(124992K)->120512K(124992K) NonClass: 104402K(105536K)->104402K(105536K) Class: 16109K(19456K)->16109K(19456K)
[806.551s][info][gc             ] GC(1326) Pause Young (Allocation Failure) 1896M->1389M(1979M) 26.466ms
[806.551s][info][gc,cpu         ] GC(1326) User=0.03s Sys=0.00s Real=0.03s
[806.583s][info][gc,start       ] GC(1327) Pause Young (Allocation Failure)
[806.583s][info][gc             ] GC(1327) Pause Young (Allocation Failure) 1935M->1935M(1979M) 0.126ms
[806.583s][info][gc,cpu         ] GC(1327) User=0.00s Sys=0.00s Real=0.00s
[806.583s][info][gc,start       ] GC(1328) Pause Full (Allocation Failure)
[806.583s][info][gc,phases,start] GC(1328) Phase 1: Mark live objects
[806.652s][info][gc,phases      ] GC(1328) Phase 1: Mark live objects 68.209ms
[806.652s][info][gc,phases,start] GC(1328) Phase 2: Compute new object addresses
[806.808s][info][gc,phases      ] GC(1328) Phase 2: Compute new object addresses 156.638ms
[806.808s][info][gc,phases,start] GC(1328) Phase 3: Adjust pointers
[806.840s][info][gc,phases      ] GC(1328) Phase 3: Adjust pointers 31.451ms
[806.840s][info][gc,phases,start] GC(1328) Phase 4: Move objects
[806.911s][info][gc,phases      ] GC(1328) Phase 4: Move objects 71.518ms
[806.912s][info][gc,heap        ] GC(1328) DefNew: 608106K(629120K)->0K(629120K) Eden: 559232K(559232K)->0K(559232K) From: 48874K(69888K)->0K(69888K)
[806.913s][info][gc,heap        ] GC(1328) Tenured: 1373816K(1398144K)->1278920K(1398144K)
[806.913s][info][gc,metaspace   ] GC(1328) Metaspace: 120512K(124992K)->120463K(124992K) NonClass: 104402K(105536K)->104363K(105536K) Class: 16109K(19456K)->16100K(19456K)
[806.913s][info][gc             ] GC(1328) Pause Full (Allocation Failure) 1935M->1248M(1979M) 329.136ms
[806.913s][info][gc,cpu         ] GC(1328) User=0.33s Sys=0.00s Real=0.33s
[806.949s][info][gc,start       ] GC(1329) Pause Young (Allocation Failure)
[806.963s][info][gc,heap        ] GC(1329) DefNew: 559232K(629120K)->55872K(629120K) Eden: 559232K(559232K)->0K(559232K) From: 0K(69888K)->55872K(69888K)
[806.963s][info][gc,heap        ] GC(1329) Tenured: 1278920K(1398144K)->1278920K(1398144K)
[806.963s][info][gc,metaspace   ] GC(1329) Metaspace: 120463K(124992K)->120463K(124992K) NonClass: 104363K(105536K)->104363K(105536K) Class: 16100K(19456K)->16100K(19456K)
[806.963s][info][gc             ] GC(1329) Pause Young (Allocation Failure) 1795M->1303M(1979M) 14.552ms
[806.963s][info][gc,cpu         ] GC(1329) User=0.02s Sys=0.00s Real=0.02s
[806.993s][info][gc,start       ] GC(1330) Pause Young (Allocation Failure)
[807.018s][info][gc,heap        ] GC(1330) DefNew: 615104K(629120K)->54359K(629120K) Eden: 559232K(559232K)->0K(559232K) From: 55872K(69888K)->54359K(69888K)
[807.018s][info][gc,heap        ] GC(1330) Tenured: 1278920K(1398144K)->1325635K(1398144K)
[807.018s][info][gc,metaspace   ] GC(1330) Metaspace: 120463K(124992K)->120463K(124992K) NonClass: 104363K(105536K)->104363K(105536K) Class: 16100K(19456K)->16100K(19456K)
[807.018s][info][gc             ] GC(1330) Pause Young (Allocation Failure) 1849M->1347M(1979M) 24.882ms
[807.018s][info][gc,cpu         ] GC(1330) User=0.02s Sys=0.00s Real=0.02s
[807.049s][info][gc,start       ] GC(1331) Pause Young (Allocation Failure)
[807.049s][info][gc             ] GC(1331) Pause Young (Allocation Failure) 1893M->1893M(1979M) 0.133ms
[807.049s][info][gc,cpu         ] GC(1331) User=0.00s Sys=0.00s Real=0.00s
[807.049s][info][gc,start       ] GC(1332) Pause Full (Allocation Failure)
[807.049s][info][gc,phases,start] GC(1332) Phase 1: Mark live objects
[807.101s][info][gc,phases      ] GC(1332) Phase 1: Mark live objects 52.587ms
[807.101s][info][gc,phases,start] GC(1332) Phase 2: Compute new object addresses
[807.238s][info][gc,phases      ] GC(1332) Phase 2: Compute new object addresses 136.160ms
[807.238s][info][gc,phases,start] GC(1332) Phase 3: Adjust pointers
[807.268s][info][gc,phases      ] GC(1332) Phase 3: Adjust pointers 30.521ms
[807.268s][info][gc,phases,start] GC(1332) Phase 4: Move objects
[807.290s][info][gc,phases      ] GC(1332) Phase 4: Move objects 21.708ms
[807.291s][info][gc,heap        ] GC(1332) DefNew: 613591K(629120K)->0K(629120K) Eden: 559232K(559232K)->0K(559232K) From: 54359K(69888K)->0K(69888K)
[807.291s][info][gc,heap        ] GC(1332) Tenured: 1325635K(1398144K)->1377371K(1398144K)
[807.291s][info][gc,metaspace   ] GC(1332) Metaspace: 120463K(124992K)->120463K(124992K) NonClass: 104363K(105536K)->104363K(105536K) Class: 16100K(19456K)->16100K(19456K)
[807.291s][info][gc             ] GC(1332) Pause Full (Allocation Failure) 1893M->1345M(1979M) 242.028ms
[807.291s][info][gc,cpu         ] GC(1332) User=0.25s Sys=0.00s Real=0.25s
[807.328s][info][gc,start       ] GC(1333) Pause Young (Allocation Failure)
[807.328s][info][gc             ] GC(1333) Pause Young (Allocation Failure) 1891M->1891M(1979M) 0.120ms
[807.328s][info][gc,cpu         ] GC(1333) User=0.00s Sys=0.00s Real=0.00s
[807.328s][info][gc,start       ] GC(1334) Pause Full (Allocation Failure)
[807.328s][info][gc,phases,start] GC(1334) Phase 1: Mark live objects
[807.393s][info][gc,phases      ] GC(1334) Phase 1: Mark live objects 64.385ms
[807.393s][info][gc,phases,start] GC(1334) Phase 2: Compute new object addresses
[807.536s][info][gc,phases      ] GC(1334) Phase 2: Compute new object addresses 143.213ms
[807.536s][info][gc,phases,start] GC(1334) Phase 3: Adjust pointers
[807.567s][info][gc,phases      ] GC(1334) Phase 3: Adjust pointers 30.757ms
[807.567s][info][gc,phases,start] GC(1334) Phase 4: Move objects
[807.585s][info][gc,phases      ] GC(1334) Phase 4: Move objects 18.548ms
[807.586s][info][gc,heap        ] GC(1334) DefNew: 559232K(629120K)->0K(629120K) Eden: 559232K(559232K)->0K(559232K) From: 0K(69888K)->0K(69888K)
[807.586s][info][gc,heap        ] GC(1334) Tenured: 1377371K(1398144K)->1378961K(1398144K)
[807.586s][info][gc,metaspace   ] GC(1334) Metaspace: 120463K(124992K)->120463K(124992K) NonClass: 104363K(105536K)->104363K(105536K) Class: 16100K(19456K)->16100K(19456K)
[807.586s][info][gc             ] GC(1334) Pause Full (Allocation Failure) 1891M->1346M(1979M) 257.990ms
[807.586s][info][gc,cpu         ] GC(1334) User=0.27s Sys=0.00s Real=0.27s
[807.621s][info][gc,start       ] GC(1335) Pause Young (Allocation Failure)
[807.621s][info][gc             ] GC(1335) Pause Young (Allocation Failure) 1892M->1892M(1979M) 0.121ms
[807.621s][info][gc,cpu         ] GC(1335) User=0.00s Sys=0.00s Real=0.00s
[807.621s][info][gc,start       ] GC(1336) Pause Full (Allocation Failure)
[807.621s][info][gc,phases,start] GC(1336) Phase 1: Mark live objects
[807.673s][info][gc,phases      ] GC(1336) Phase 1: Mark live objects 52.306ms
[807.673s][info][gc,phases,start] GC(1336) Phase 2: Compute new object addresses
[807.811s][info][gc,phases      ] GC(1336) Phase 2: Compute new object addresses 137.773ms
[807.811s][info][gc,phases,start] GC(1336) Phase 3: Adjust pointers
[807.852s][info][gc,phases      ] GC(1336) Phase 3: Adjust pointers 41.134ms
[807.852s][info][gc,phases,start] GC(1336) Phase 4: Move objects
[807.874s][info][gc,phases      ] GC(1336) Phase 4: Move objects 21.451ms
[807.875s][info][gc,heap        ] GC(1336) DefNew: 559232K(629120K)->9087K(629120K) Eden: 559232K(559232K)->9087K(559232K) From: 0K(69888K)->0K(69888K)
[807.875s][info][gc,heap        ] GC(1336) Tenured: 1378961K(1398144K)->1397974K(1398144K)
[807.875s][info][gc,metaspace   ] GC(1336) Metaspace: 120463K(124992K)->120463K(124992K) NonClass: 104363K(105536K)->104363K(105536K) Class: 16100K(19456K)->16100K(19456K)
[807.875s][info][gc             ] GC(1336) Pause Full (Allocation Failure) 1892M->1374M(1979M) 253.768ms
[807.875s][info][gc,cpu         ] GC(1336) User=0.25s Sys=0.00s Real=0.25s
[809.620s][info][gc,start       ] GC(1337) Pause Full (Allocation Failure)
[809.620s][info][gc,phases,start] GC(1337) Phase 1: Mark live objects
[809.682s][info][gc,phases      ] GC(1337) Phase 1: Mark live objects 61.570ms
[809.682s][info][gc,phases,start] GC(1337) Phase 2: Compute new object addresses
[809.857s][info][gc,phases      ] GC(1337) Phase 2: Compute new object addresses 175.447ms
[809.857s][info][gc,phases,start] GC(1337) Phase 3: Adjust pointers
[809.888s][info][gc,phases      ] GC(1337) Phase 3: Adjust pointers 31.222ms
[809.889s][info][gc,phases,start] GC(1337) Phase 4: Move objects
[809.957s][info][gc,phases      ] GC(1337) Phase 4: Move objects 68.900ms
[809.958s][info][gc,heap        ] GC(1337) DefNew: 629119K(629120K)->0K(629120K) Eden: 559232K(559232K)->0K(559232K) From: 69887K(69888K)->0K(69888K)
[809.958s][info][gc,heap        ] GC(1337) Tenured: 1398143K(1398144K)->1348105K(1398144K)
[809.958s][info][gc,metaspace   ] GC(1337) Metaspace: 120463K(124992K)->120463K(124992K) NonClass: 104363K(105536K)->104363K(105536K) Class: 16100K(19456K)->16100K(19456K)
[809.958s][info][gc             ] GC(1337) Pause Full (Allocation Failure) 1979M->1316M(1979M) 338.436ms
[809.958s][info][gc,cpu         ] GC(1337) User=0.34s Sys=0.00s Real=0.34s
[809.994s][info][gc,start       ] GC(1338) Pause Young (Allocation Failure)
[809.995s][info][gc             ] GC(1338) Pause Young (Allocation Failure) 1862M->1862M(1979M) 0.134ms
[809.995s][info][gc,cpu         ] GC(1338) User=0.00s Sys=0.00s Real=0.00s
[809.995s][info][gc,start       ] GC(1339) Pause Full (Allocation Failure)
[809.995s][info][gc,phases,start] GC(1339) Phase 1: Mark live objects
[810.050s][info][gc,phases      ] GC(1339) Phase 1: Mark live objects 55.016ms
[810.050s][info][gc,phases,start] GC(1339) Phase 2: Compute new object addresses
[810.192s][info][gc,phases      ] GC(1339) Phase 2: Compute new object addresses 142.282ms
[810.192s][info][gc,phases,start] GC(1339) Phase 3: Adjust pointers
[810.222s][info][gc,phases      ] GC(1339) Phase 3: Adjust pointers 30.431ms
[810.222s][info][gc,phases,start] GC(1339) Phase 4: Move objects
[810.233s][info][gc,phases      ] GC(1339) Phase 4: Move objects 10.325ms
[810.234s][info][gc,heap        ] GC(1339) DefNew: 559232K(629120K)->0K(629120K) Eden: 559232K(559232K)->0K(559232K) From: 0K(69888K)->0K(69888K)
[810.234s][info][gc,heap        ] GC(1339) Tenured: 1348105K(1398144K)->1394700K(1398144K)
[810.234s][info][gc,metaspace   ] GC(1339) Metaspace: 120463K(124992K)->120463K(124992K) NonClass: 104363K(105536K)->104363K(105536K) Class: 16100K(19456K)->16100K(19456K)
[810.234s][info][gc             ] GC(1339) Pause Full (Allocation Failure) 1862M->1362M(1979M) 239.088ms
[810.234s][info][gc,cpu         ] GC(1339) User=0.23s Sys=0.00s Real=0.24s
[810.269s][info][gc,start       ] GC(1340) Pause Young (Allocation Failure)
[810.269s][info][gc             ] GC(1340) Pause Young (Allocation Failure) 1908M->1908M(1979M) 0.117ms
[810.269s][info][gc,cpu         ] GC(1340) User=0.00s Sys=0.00s Real=0.00s
[810.269s][info][gc,start       ] GC(1341) Pause Full (Allocation Failure)
[810.269s][info][gc,phases,start] GC(1341) Phase 1: Mark live objects
[810.322s][info][gc,phases      ] GC(1341) Phase 1: Mark live objects 52.672ms
[810.322s][info][gc,phases,start] GC(1341) Phase 2: Compute new object addresses
[810.467s][info][gc,phases      ] GC(1341) Phase 2: Compute new object addresses 144.676ms
[810.467s][info][gc,phases,start] GC(1341) Phase 3: Adjust pointers
[810.498s][info][gc,phases      ] GC(1341) Phase 3: Adjust pointers 31.137ms
[810.498s][info][gc,phases,start] GC(1341) Phase 4: Move objects
[810.510s][info][gc,phases      ] GC(1341) Phase 4: Move objects 12.143ms
[810.511s][info][gc,heap        ] GC(1341) DefNew: 559232K(629120K)->41078K(629120K) Eden: 559232K(559232K)->41078K(559232K) From: 0K(69888K)->0K(69888K)
[810.511s][info][gc,heap        ] GC(1341) Tenured: 1394700K(1398144K)->1397925K(1398144K)
[810.511s][info][gc,metaspace   ] GC(1341) Metaspace: 120463K(124992K)->120463K(124992K) NonClass: 104363K(105536K)->104363K(105536K) Class: 16100K(19456K)->16100K(19456K)
[810.511s][info][gc             ] GC(1341) Pause Full (Allocation Failure) 1908M->1405M(1979M) 242.115ms
[810.512s][info][gc,cpu         ] GC(1341) User=0.23s Sys=0.00s Real=0.23s
[812.364s][info][gc,start       ] GC(1342) Pause Full (Allocation Failure)
[812.364s][info][gc,phases,start] GC(1342) Phase 1: Mark live objects
[812.417s][info][gc,phases      ] GC(1342) Phase 1: Mark live objects 53.119ms
[812.417s][info][gc,phases,start] GC(1342) Phase 2: Compute new object addresses
[812.569s][info][gc,phases      ] GC(1342) Phase 2: Compute new object addresses 152.114ms
[812.569s][info][gc,phases,start] GC(1342) Phase 3: Adjust pointers
[812.600s][info][gc,phases      ] GC(1342) Phase 3: Adjust pointers 30.368ms
[812.600s][info][gc,phases,start] GC(1342) Phase 4: Move objects
[812.617s][info][gc,phases      ] GC(1342) Phase 4: Move objects 17.306ms
[812.618s][info][gc,heap        ] GC(1342) DefNew: 629120K(629120K)->57199K(629120K) Eden: 559232K(559232K)->57199K(559232K) From: 69888K(69888K)->0K(69888K)
[812.618s][info][gc,heap        ] GC(1342) Tenured: 1398144K(1398144K)->1395411K(1398144K)
[812.618s][info][gc,metaspace   ] GC(1342) Metaspace: 120467K(124992K)->120467K(124992K) NonClass: 104367K(105536K)->104367K(105536K) Class: 16100K(19456K)->16100K(19456K)
[812.618s][info][gc             ] GC(1342) Pause Full (Allocation Failure) 1979M->1418M(1979M) 254.053ms
[812.618s][info][gc,cpu         ] GC(1342) User=0.25s Sys=0.00s Real=0.25s
[814.708s][info][gc,start       ] GC(1343) Pause Full (Allocation Failure)
[814.708s][info][gc,phases,start] GC(1343) Phase 1: Mark live objects
[814.772s][info][gc,phases      ] GC(1343) Phase 1: Mark live objects 63.678ms
[814.772s][info][gc,phases,start] GC(1343) Phase 2: Compute new object addresses
[814.941s][info][gc,phases      ] GC(1343) Phase 2: Compute new object addresses 168.617ms
[814.941s][info][gc,phases,start] GC(1343) Phase 3: Adjust pointers
[814.972s][info][gc,phases      ] GC(1343) Phase 3: Adjust pointers 31.558ms
[815.014s][info][gc,phases,start] GC(1343) Phase 4: Move objects
[815.095s][info][gc,phases      ] GC(1343) Phase 4: Move objects 80.854ms
[815.096s][info][gc,heap        ] GC(1343) DefNew: 629120K(629120K)->0K(629120K) Eden: 559232K(559232K)->0K(559232K) From: 69888K(69888K)->0K(69888K)
[815.096s][info][gc,heap        ] GC(1343) Tenured: 1398143K(1398144K)->1391623K(1398144K)
[815.096s][info][gc,metaspace   ] GC(1343) Metaspace: 120468K(124992K)->120468K(124992K) NonClass: 104368K(105536K)->104368K(105536K) Class: 16100K(19456K)->16100K(19456K)
[815.096s][info][gc             ] GC(1343) Pause Full (Allocation Failure) 1979M->1359M(1979M) 388.039ms
[815.096s][info][gc,cpu         ] GC(1343) User=0.33s Sys=0.00s Real=0.38s
[815.134s][info][gc,start       ] GC(1344) Pause Young (Allocation Failure)
[815.134s][info][gc             ] GC(1344) Pause Young (Allocation Failure) 1905M->1905M(1979M) 0.124ms
[815.134s][info][gc,cpu         ] GC(1344) User=0.00s Sys=0.00s Real=0.00s
[815.134s][info][gc,start       ] GC(1345) Pause Full (Allocation Failure)
[815.134s][info][gc,phases,start] GC(1345) Phase 1: Mark live objects
[815.188s][info][gc,phases      ] GC(1345) Phase 1: Mark live objects 54.135ms
[815.188s][info][gc,phases,start] GC(1345) Phase 2: Compute new object addresses
[815.323s][info][gc,phases      ] GC(1345) Phase 2: Compute new object addresses 134.623ms
[815.323s][info][gc,phases,start] GC(1345) Phase 3: Adjust pointers
[815.354s][info][gc,phases      ] GC(1345) Phase 3: Adjust pointers 31.195ms
[815.354s][info][gc,phases,start] GC(1345) Phase 4: Move objects
[815.362s][info][gc,phases      ] GC(1345) Phase 4: Move objects 8.338ms
[815.363s][info][gc,heap        ] GC(1345) DefNew: 559232K(629120K)->33423K(629120K) Eden: 559232K(559232K)->33423K(559232K) From: 0K(69888K)->0K(69888K)
[815.363s][info][gc,heap        ] GC(1345) Tenured: 1391623K(1398144K)->1394777K(1398144K)
[815.363s][info][gc,metaspace   ] GC(1345) Metaspace: 120468K(124992K)->120468K(124992K) NonClass: 104368K(105536K)->104368K(105536K) Class: 16100K(19456K)->16100K(19456K)
[815.363s][info][gc             ] GC(1345) Pause Full (Allocation Failure) 1905M->1394M(1979M) 229.355ms
[815.363s][info][gc,cpu         ] GC(1345) User=0.23s Sys=0.00s Real=0.23s
[817.576s][info][gc,start       ] GC(1346) Pause Full (Allocation Failure)
[817.576s][info][gc,phases,start] GC(1346) Phase 1: Mark live objects
[817.629s][info][gc,phases      ] GC(1346) Phase 1: Mark live objects 52.834ms
[817.629s][info][gc,phases,start] GC(1346) Phase 2: Compute new object addresses
[817.790s][info][gc,phases      ] GC(1346) Phase 2: Compute new object addresses 160.530ms
[817.790s][info][gc,phases,start] GC(1346) Phase 3: Adjust pointers
[817.820s][info][gc,phases      ] GC(1346) Phase 3: Adjust pointers 30.416ms
[817.820s][info][gc,phases,start] GC(1346) Phase 4: Move objects
[817.826s][info][gc,phases      ] GC(1346) Phase 4: Move objects 6.378ms
[817.827s][info][gc,heap        ] GC(1346) DefNew: 629120K(629120K)->36703K(629120K) Eden: 559232K(559232K)->36703K(559232K) From: 69888K(69888K)->0K(69888K)
[817.827s][info][gc,heap        ] GC(1346) Tenured: 1398144K(1398144K)->1398144K(1398144K)
[817.827s][info][gc,metaspace   ] GC(1346) Metaspace: 120470K(124992K)->120470K(124992K) NonClass: 104370K(105536K)->104370K(105536K) Class: 16100K(19456K)->16100K(19456K)
[817.827s][info][gc             ] GC(1346) Pause Full (Allocation Failure) 1979M->1401M(1979M) 251.261ms
[817.827s][info][gc,cpu         ] GC(1346) User=0.23s Sys=0.00s Real=0.24s
[819.956s][info][gc,start       ] GC(1347) Pause Full (Allocation Failure)
[819.956s][info][gc,phases,start] GC(1347) Phase 1: Mark live objects
[820.010s][info][gc,phases      ] GC(1347) Phase 1: Mark live objects 53.633ms
[820.010s][info][gc,phases,start] GC(1347) Phase 2: Compute new object addresses
[820.171s][info][gc,phases      ] GC(1347) Phase 2: Compute new object addresses 161.085ms
[820.171s][info][gc,phases,start] GC(1347) Phase 3: Adjust pointers
[820.202s][info][gc,phases      ] GC(1347) Phase 3: Adjust pointers 31.151ms
[820.202s][info][gc,phases,start] GC(1347) Phase 4: Move objects
[820.209s][info][gc,phases      ] GC(1347) Phase 4: Move objects 7.552ms
[820.210s][info][gc,heap        ] GC(1347) DefNew: 629119K(629120K)->38130K(629120K) Eden: 559232K(559232K)->38130K(559232K) From: 69887K(69888K)->0K(69888K)
[820.210s][info][gc,heap        ] GC(1347) Tenured: 1398144K(1398144K)->1398144K(1398144K)
[820.210s][info][gc,metaspace   ] GC(1347) Metaspace: 120474K(124992K)->120474K(124992K) NonClass: 104374K(105536K)->104374K(105536K) Class: 16100K(19456K)->16100K(19456K)
[820.210s][info][gc             ] GC(1347) Pause Full (Allocation Failure) 1979M->1402M(1979M) 254.561ms
[820.210s][info][gc,cpu         ] GC(1347) User=0.25s Sys=0.00s Real=0.26s
[822.348s][info][gc,start       ] GC(1348) Pause Full (Allocation Failure)
[822.348s][info][gc,phases,start] GC(1348) Phase 1: Mark live objects
[822.401s][info][gc,phases      ] GC(1348) Phase 1: Mark live objects 53.737ms
[822.401s][info][gc,phases,start] GC(1348) Phase 2: Compute new object addresses
[822.565s][info][gc,phases      ] GC(1348) Phase 2: Compute new object addresses 163.779ms
[822.565s][info][gc,phases,start] GC(1348) Phase 3: Adjust pointers
[822.596s][info][gc,phases      ] GC(1348) Phase 3: Adjust pointers 31.052ms
[822.596s][info][gc,phases,start] GC(1348) Phase 4: Move objects
[822.685s][info][gc,phases      ] GC(1348) Phase 4: Move objects 88.633ms
[822.686s][info][gc,heap        ] GC(1348) DefNew: 629120K(629120K)->0K(629120K) Eden: 559232K(559232K)->0K(559232K) From: 69888K(69888K)->0K(69888K)
[822.686s][info][gc,heap        ] GC(1348) Tenured: 1398144K(1398144K)->1397798K(1398144K)
[822.686s][info][gc,metaspace   ] GC(1348) Metaspace: 120474K(124992K)->120474K(124992K) NonClass: 104374K(105536K)->104374K(105536K) Class: 16100K(19456K)->16100K(19456K)
[822.686s][info][gc             ] GC(1348) Pause Full (Allocation Failure) 1979M->1365M(1979M) 338.415ms
[822.686s][info][gc,cpu         ] GC(1348) User=0.36s Sys=0.00s Real=0.35s
[822.733s][info][gc,start       ] GC(1349) Pause Young (Allocation Failure)
[822.733s][info][gc             ] GC(1349) Pause Young (Allocation Failure) 1911M->1911M(1979M) 0.126ms
[822.733s][info][gc,cpu         ] GC(1349) User=0.00s Sys=0.00s Real=0.00s
[822.733s][info][gc,start       ] GC(1350) Pause Full (Allocation Failure)
[822.733s][info][gc,phases,start] GC(1350) Phase 1: Mark live objects
[822.785s][info][gc,phases      ] GC(1350) Phase 1: Mark live objects 52.516ms
[822.785s][info][gc,phases,start] GC(1350) Phase 2: Compute new object addresses
[822.952s][info][gc,phases      ] GC(1350) Phase 2: Compute new object addresses 166.827ms
[822.952s][info][gc,phases,start] GC(1350) Phase 3: Adjust pointers
[822.982s][info][gc,phases      ] GC(1350) Phase 3: Adjust pointers 30.301ms
[822.982s][info][gc,phases,start] GC(1350) Phase 4: Move objects
[822.983s][info][gc,phases      ] GC(1350) Phase 4: Move objects 0.029ms
[822.983s][info][gc,heap        ] GC(1350) DefNew: 559232K(629120K)->0K(629120K) Eden: 559232K(559232K)->0K(559232K) From: 0K(69888K)->0K(69888K)
[822.983s][info][gc,heap        ] GC(1350) Tenured: 1397798K(1398144K)->1397848K(1398144K)
[822.983s][info][gc,metaspace   ] GC(1350) Metaspace: 120474K(124992K)->120474K(124992K) NonClass: 104374K(105536K)->104374K(105536K) Class: 16100K(19456K)->16100K(19456K)
[822.983s][info][gc             ] GC(1350) Pause Full (Allocation Failure) 1911M->1365M(1979M) 250.695ms
[822.983s][info][gc,cpu         ] GC(1350) User=0.27s Sys=0.00s Real=0.27s
[823.031s][info][gc,start       ] GC(1351) Pause Young (Allocation Failure)
[823.031s][info][gc             ] GC(1351) Pause Young (Allocation Failure) 1911M->1911M(1979M) 0.122ms
[823.031s][info][gc,cpu         ] GC(1351) User=0.00s Sys=0.00s Real=0.00s
[823.031s][info][gc,start       ] GC(1352) Pause Full (Allocation Failure)
[823.031s][info][gc,phases,start] GC(1352) Phase 1: Mark live objects
[823.084s][info][gc,phases      ] GC(1352) Phase 1: Mark live objects 52.648ms
[823.084s][info][gc,phases,start] GC(1352) Phase 2: Compute new object addresses
[823.238s][info][gc,phases      ] GC(1352) Phase 2: Compute new object addresses 153.865ms
[823.238s][info][gc,phases,start] GC(1352) Phase 3: Adjust pointers
[823.268s][info][gc,phases      ] GC(1352) Phase 3: Adjust pointers 30.669ms
[823.268s][info][gc,phases,start] GC(1352) Phase 4: Move objects
[823.268s][info][gc,phases      ] GC(1352) Phase 4: Move objects 0.032ms
[823.269s][info][gc,heap        ] GC(1352) DefNew: 559232K(629120K)->0K(629120K) Eden: 559232K(559232K)->0K(559232K) From: 0K(69888K)->0K(69888K)
[823.269s][info][gc,heap        ] GC(1352) Tenured: 1397848K(1398144K)->1397904K(1398144K)
[823.269s][info][gc,metaspace   ] GC(1352) Metaspace: 120474K(124992K)->120474K(124992K) NonClass: 104374K(105536K)->104374K(105536K) Class: 16100K(19456K)->16100K(19456K)
[823.269s][info][gc             ] GC(1352) Pause Full (Allocation Failure) 1911M->1365M(1979M) 238.242ms
[823.269s][info][gc,cpu         ] GC(1352) User=0.22s Sys=0.00s Real=0.22s
[823.316s][info][gc,start       ] GC(1353) Pause Young (Allocation Failure)
[823.316s][info][gc             ] GC(1353) Pause Young (Allocation Failure) 1911M->1911M(1979M) 0.124ms
[823.316s][info][gc,cpu         ] GC(1353) User=0.00s Sys=0.00s Real=0.00s
[823.316s][info][gc,start       ] GC(1354) Pause Full (Allocation Failure)
[823.316s][info][gc,phases,start] GC(1354) Phase 1: Mark live objects
[823.369s][info][gc,phases      ] GC(1354) Phase 1: Mark live objects 52.672ms
[823.369s][info][gc,phases,start] GC(1354) Phase 2: Compute new object addresses
[823.523s][info][gc,phases      ] GC(1354) Phase 2: Compute new object addresses 154.353ms
[823.523s][info][gc,phases,start] GC(1354) Phase 3: Adjust pointers
[823.554s][info][gc,phases      ] GC(1354) Phase 3: Adjust pointers 30.406ms
[823.554s][info][gc,phases,start] GC(1354) Phase 4: Move objects
[823.554s][info][gc,phases      ] GC(1354) Phase 4: Move objects 0.036ms
[823.554s][info][gc,heap        ] GC(1354) DefNew: 559232K(629120K)->0K(629120K) Eden: 559232K(559232K)->0K(559232K) From: 0K(69888K)->0K(69888K)
[823.555s][info][gc,heap        ] GC(1354) Tenured: 1397904K(1398144K)->1397972K(1398144K)
[823.555s][info][gc,metaspace   ] GC(1354) Metaspace: 120474K(124992K)->120474K(124992K) NonClass: 104374K(105536K)->104374K(105536K) Class: 16100K(19456K)->16100K(19456K)
[823.555s][info][gc             ] GC(1354) Pause Full (Allocation Failure) 1911M->1365M(1979M) 238.480ms
[823.555s][info][gc,cpu         ] GC(1354) User=0.25s Sys=0.00s Real=0.25s
[823.599s][info][gc,start       ] GC(1355) Pause Young (Allocation Failure)
[823.599s][info][gc             ] GC(1355) Pause Young (Allocation Failure) 1911M->1911M(1979M) 0.113ms
[823.599s][info][gc,cpu         ] GC(1355) User=0.00s Sys=0.00s Real=0.00s
[823.599s][info][gc,start       ] GC(1356) Pause Full (Allocation Failure)
[823.600s][info][gc,phases,start] GC(1356) Phase 1: Mark live objects
[823.652s][info][gc,phases      ] GC(1356) Phase 1: Mark live objects 52.344ms
[823.652s][info][gc,phases,start] GC(1356) Phase 2: Compute new object addresses
[823.806s][info][gc,phases      ] GC(1356) Phase 2: Compute new object addresses 153.976ms
[823.806s][info][gc,phases,start] GC(1356) Phase 3: Adjust pointers
[823.837s][info][gc,phases      ] GC(1356) Phase 3: Adjust pointers 31.557ms
[823.838s][info][gc,phases,start] GC(1356) Phase 4: Move objects
[823.926s][info][gc,phases      ] GC(1356) Phase 4: Move objects 88.774ms
[823.927s][info][gc,heap        ] GC(1356) DefNew: 559232K(629120K)->0K(629120K) Eden: 559232K(559232K)->0K(559232K) From: 0K(69888K)->0K(69888K)
[823.927s][info][gc,heap        ] GC(1356) Tenured: 1397972K(1398144K)->1373244K(1398144K)
[823.927s][info][gc,metaspace   ] GC(1356) Metaspace: 120474K(124992K)->120474K(124992K) NonClass: 104374K(105536K)->104374K(105536K) Class: 16100K(19456K)->16100K(19456K)
[823.927s][info][gc             ] GC(1356) Pause Full (Allocation Failure) 1911M->1341M(1979M) 327.797ms
[823.927s][info][gc,cpu         ] GC(1356) User=0.33s Sys=0.00s Real=0.32s
[823.987s][info][gc,start       ] GC(1357) Pause Young (Allocation Failure)
[823.987s][info][gc             ] GC(1357) Pause Young (Allocation Failure) 1887M->1887M(1979M) 0.143ms
[823.987s][info][gc,cpu         ] GC(1357) User=0.00s Sys=0.00s Real=0.00s
[823.987s][info][gc,start       ] GC(1358) Pause Full (Allocation Failure)
[823.987s][info][gc,phases,start] GC(1358) Phase 1: Mark live objects
[824.041s][info][gc,phases      ] GC(1358) Phase 1: Mark live objects 54.417ms
[824.041s][info][gc,phases,start] GC(1358) Phase 2: Compute new object addresses
[824.198s][info][gc,phases      ] GC(1358) Phase 2: Compute new object addresses 156.814ms
[824.198s][info][gc,phases,start] GC(1358) Phase 3: Adjust pointers
[824.229s][info][gc,phases      ] GC(1358) Phase 3: Adjust pointers 31.213ms
[824.229s][info][gc,phases,start] GC(1358) Phase 4: Move objects
[824.263s][info][gc,phases      ] GC(1358) Phase 4: Move objects 33.572ms
[824.264s][info][gc,heap        ] GC(1358) DefNew: 559232K(629120K)->0K(629120K) Eden: 559232K(559232K)->0K(559232K) From: 0K(69888K)->0K(69888K)
[824.264s][info][gc,heap        ] GC(1358) Tenured: 1373244K(1398144K)->1251834K(1398144K)
[824.264s][info][gc,metaspace   ] GC(1358) Metaspace: 120498K(124992K)->120498K(124992K) NonClass: 104394K(105536K)->104394K(105536K) Class: 16103K(19456K)->16103K(19456K)
[824.264s][info][gc             ] GC(1358) Pause Full (Allocation Failure) 1887M->1222M(1979M) 277.070ms
[824.264s][info][gc,cpu         ] GC(1358) User=0.27s Sys=0.02s Real=0.28s
[824.980s][info][gc,start       ] GC(1359) Pause Full (System.gc())
[824.981s][info][gc,phases,start] GC(1359) Phase 1: Mark live objects
[825.043s][info][gc,phases      ] GC(1359) Phase 1: Mark live objects 62.337ms
[825.043s][info][gc,phases,start] GC(1359) Phase 2: Compute new object addresses
[825.195s][info][gc,phases      ] GC(1359) Phase 2: Compute new object addresses 151.744ms
[825.195s][info][gc,phases,start] GC(1359) Phase 3: Adjust pointers
[825.226s][info][gc,phases      ] GC(1359) Phase 3: Adjust pointers 31.698ms
[825.226s][info][gc,phases,start] GC(1359) Phase 4: Move objects
[825.228s][info][gc,phases      ] GC(1359) Phase 4: Move objects 1.076ms
[825.228s][info][gc,heap        ] GC(1359) DefNew: 557649K(629120K)->0K(629120K) Eden: 557649K(559232K)->0K(559232K) From: 0K(69888K)->0K(69888K)
[825.228s][info][gc,heap        ] GC(1359) Tenured: 1251834K(1398144K)->1039518K(1398144K)
[825.228s][info][gc,metaspace   ] GC(1359) Metaspace: 121033K(124992K)->121033K(124992K) NonClass: 104846K(105536K)->104846K(105536K) Class: 16187K(19456K)->16187K(19456K)
[825.228s][info][gc             ] GC(1359) Pause Full (System.gc()) 1767M->1015M(1979M) 248.073ms
[825.228s][info][gc,cpu         ] GC(1359) User=0.23s Sys=0.00s Real=0.23s
[825.371s][info][gc,start       ] GC(1360) Pause Young (Allocation Failure)
[825.387s][info][gc,heap        ] GC(1360) DefNew: 559232K(629120K)->13325K(629120K) Eden: 559232K(559232K)->0K(559232K) From: 0K(69888K)->13325K(69888K)
[825.387s][info][gc,heap        ] GC(1360) Tenured: 1039518K(1398144K)->1039518K(1398144K)
[825.387s][info][gc,metaspace   ] GC(1360) Metaspace: 121277K(125120K)->121277K(125120K) NonClass: 105072K(105664K)->105072K(105664K) Class: 16205K(19456K)->16205K(19456K)
[825.387s][info][gc             ] GC(1360) Pause Young (Allocation Failure) 1561M->1028M(1979M) 16.064ms
[825.387s][info][gc,cpu         ] GC(1360) User=0.00s Sys=0.00s Real=0.02s
[825.425s][info][gc,start       ] GC(1361) Pause Young (Allocation Failure)
[825.437s][info][gc,heap        ] GC(1361) DefNew: 572557K(629120K)->19696K(629120K) Eden: 559232K(559232K)->0K(559232K) From: 13325K(69888K)->19696K(69888K)
[825.437s][info][gc,heap        ] GC(1361) Tenured: 1039518K(1398144K)->1039518K(1398144K)
[825.437s][info][gc,metaspace   ] GC(1361) Metaspace: 121277K(125120K)->121277K(125120K) NonClass: 105072K(105664K)->105072K(105664K) Class: 16205K(19456K)->16205K(19456K)
[825.437s][info][gc             ] GC(1361) Pause Young (Allocation Failure) 1574M->1034M(1979M) 12.117ms
[825.437s][info][gc,cpu         ] GC(1361) User=0.03s Sys=0.00s Real=0.02s
[825.475s][info][gc,start       ] GC(1362) Pause Young (Allocation Failure)
[825.488s][info][gc,heap        ] GC(1362) DefNew: 578928K(629120K)->26068K(629120K) Eden: 559232K(559232K)->0K(559232K) From: 19696K(69888K)->26068K(69888K)
[825.488s][info][gc,heap        ] GC(1362) Tenured: 1039518K(1398144K)->1039518K(1398144K)
[825.488s][info][gc,metaspace   ] GC(1362) Metaspace: 121277K(125120K)->121277K(125120K) NonClass: 105072K(105664K)->105072K(105664K) Class: 16205K(19456K)->16205K(19456K)
[825.489s][info][gc             ] GC(1362) Pause Young (Allocation Failure) 1580M->1040M(1979M) 13.285ms
[825.489s][info][gc,cpu         ] GC(1362) User=0.02s Sys=0.00s Real=0.02s
[825.527s][info][gc,start       ] GC(1363) Pause Young (Allocation Failure)
[825.541s][info][gc,heap        ] GC(1363) DefNew: 585300K(629120K)->31166K(629120K) Eden: 559232K(559232K)->0K(559232K) From: 26068K(69888K)->31166K(69888K)
[825.541s][info][gc,heap        ] GC(1363) Tenured: 1039518K(1398144K)->1039518K(1398144K)
[825.541s][info][gc,metaspace   ] GC(1363) Metaspace: 121277K(125120K)->121277K(125120K) NonClass: 105072K(105664K)->105072K(105664K) Class: 16205K(19456K)->16205K(19456K)
[825.541s][info][gc             ] GC(1363) Pause Young (Allocation Failure) 1586M->1045M(1979M) 14.321ms
[825.541s][info][gc,cpu         ] GC(1363) User=0.03s Sys=0.00s Real=0.03s
[825.579s][info][gc,start       ] GC(1364) Pause Young (Allocation Failure)
[825.595s][info][gc,heap        ] GC(1364) DefNew: 590398K(629120K)->39721K(629120K) Eden: 559232K(559232K)->0K(559232K) From: 31166K(69888K)->39721K(69888K)
[825.595s][info][gc,heap        ] GC(1364) Tenured: 1039518K(1398144K)->1039518K(1398144K)
[825.595s][info][gc,metaspace   ] GC(1364) Metaspace: 121277K(125120K)->121277K(125120K) NonClass: 105072K(105664K)->105072K(105664K) Class: 16205K(19456K)->16205K(19456K)
[825.595s][info][gc             ] GC(1364) Pause Young (Allocation Failure) 1591M->1053M(1979M) 16.189ms
[825.595s][info][gc,cpu         ] GC(1364) User=0.02s Sys=0.00s Real=0.02s
[825.633s][info][gc,start       ] GC(1365) Pause Young (Allocation Failure)
[825.655s][info][gc,heap        ] GC(1365) DefNew: 598953K(629120K)->47348K(629120K) Eden: 559232K(559232K)->0K(559232K) From: 39721K(69888K)->47348K(69888K)
[825.655s][info][gc,heap        ] GC(1365) Tenured: 1039518K(1398144K)->1049093K(1398144K)
[825.655s][info][gc,metaspace   ] GC(1365) Metaspace: 121277K(125120K)->121277K(125120K) NonClass: 105072K(105664K)->105072K(105664K) Class: 16205K(19456K)->16205K(19456K)
[825.655s][info][gc             ] GC(1365) Pause Young (Allocation Failure) 1600M->1070M(1979M) 21.594ms
[825.655s][info][gc,cpu         ] GC(1365) User=0.02s Sys=0.00s Real=0.02s
[825.693s][info][gc,start       ] GC(1366) Pause Young (Allocation Failure)
[825.707s][info][gc,heap        ] GC(1366) DefNew: 606580K(629120K)->40941K(629120K) Eden: 559232K(559232K)->0K(559232K) From: 47348K(69888K)->40941K(69888K)
[825.707s][info][gc,heap        ] GC(1366) Tenured: 1049093K(1398144K)->1055548K(1398144K)
[825.707s][info][gc,metaspace   ] GC(1366) Metaspace: 121277K(125120K)->121277K(125120K) NonClass: 105072K(105664K)->105072K(105664K) Class: 16205K(19456K)->16205K(19456K)
[825.707s][info][gc             ] GC(1366) Pause Young (Allocation Failure) 1616M->1070M(1979M) 13.794ms
[825.707s][info][gc,cpu         ] GC(1366) User=0.02s Sys=0.00s Real=0.01s
[825.745s][info][gc,start       ] GC(1367) Pause Young (Allocation Failure)
[825.757s][info][gc,heap        ] GC(1367) DefNew: 600173K(629120K)->12747K(629120K) Eden: 559232K(559232K)->0K(559232K) From: 40941K(69888K)->12747K(69888K)
[825.757s][info][gc,heap        ] GC(1367) Tenured: 1055548K(1398144K)->1083674K(1398144K)
[825.757s][info][gc,metaspace   ] GC(1367) Metaspace: 121277K(125120K)->121277K(125120K) NonClass: 105072K(105664K)->105072K(105664K) Class: 16205K(19456K)->16205K(19456K)
[825.757s][info][gc             ] GC(1367) Pause Young (Allocation Failure) 1616M->1070M(1979M) 12.130ms
[825.757s][info][gc,cpu         ] GC(1367) User=0.02s Sys=0.00s Real=0.02s
[825.795s][info][gc,start       ] GC(1368) Pause Young (Allocation Failure)
[825.801s][info][gc,heap        ] GC(1368) DefNew: 571979K(629120K)->12782K(629120K) Eden: 559232K(559232K)->0K(559232K) From: 12747K(69888K)->12782K(69888K)
[825.801s][info][gc,heap        ] GC(1368) Tenured: 1083674K(1398144K)->1083674K(1398144K)
[825.801s][info][gc,metaspace   ] GC(1368) Metaspace: 121277K(125120K)->121277K(125120K) NonClass: 105072K(105664K)->105072K(105664K) Class: 16205K(19456K)->16205K(19456K)
[825.801s][info][gc             ] GC(1368) Pause Young (Allocation Failure) 1616M->1070M(1979M) 5.861ms
[825.801s][info][gc,cpu         ] GC(1368) User=0.02s Sys=0.00s Real=0.02s
[825.840s][info][gc,start       ] GC(1369) Pause Young (Allocation Failure)
[825.850s][info][gc,heap        ] GC(1369) DefNew: 572014K(629120K)->31584K(629120K) Eden: 559232K(559232K)->0K(559232K) From: 12782K(69888K)->31584K(69888K)
[825.850s][info][gc,heap        ] GC(1369) Tenured: 1083674K(1398144K)->1083674K(1398144K)
[825.850s][info][gc,metaspace   ] GC(1369) Metaspace: 121277K(125120K)->121277K(125120K) NonClass: 105072K(105664K)->105072K(105664K) Class: 16205K(19456K)->16205K(19456K)
[825.850s][info][gc             ] GC(1369) Pause Young (Allocation Failure) 1616M->1089M(1979M) 10.654ms
[825.850s][info][gc,cpu         ] GC(1369) User=0.02s Sys=0.00s Real=0.02s
[825.892s][info][gc,start       ] GC(1370) Pause Young (Allocation Failure)
[825.912s][info][gc,heap        ] GC(1370) DefNew: 590816K(629120K)->69024K(629120K) Eden: 559232K(559232K)->0K(559232K) From: 31584K(69888K)->69024K(69888K)
[825.912s][info][gc,heap        ] GC(1370) Tenured: 1083674K(1398144K)->1089924K(1398144K)
[825.912s][info][gc,metaspace   ] GC(1370) Metaspace: 121277K(125120K)->121277K(125120K) NonClass: 105072K(105664K)->105072K(105664K) Class: 16205K(19456K)->16205K(19456K)
[825.912s][info][gc             ] GC(1370) Pause Young (Allocation Failure) 1635M->1131M(1979M) 20.769ms
[825.912s][info][gc,cpu         ] GC(1370) User=0.02s Sys=0.00s Real=0.02s
[825.952s][info][gc,start       ] GC(1371) Pause Young (Allocation Failure)
[825.976s][info][gc,heap        ] GC(1371) DefNew: 628256K(629120K)->31536K(629120K) Eden: 559232K(559232K)->0K(559232K) From: 69024K(69888K)->31536K(69888K)
[825.976s][info][gc,heap        ] GC(1371) Tenured: 1089924K(1398144K)->1152452K(1398144K)
[825.976s][info][gc,metaspace   ] GC(1371) Metaspace: 121277K(125120K)->121277K(125120K) NonClass: 105072K(105664K)->105072K(105664K) Class: 16205K(19456K)->16205K(19456K)
[825.976s][info][gc             ] GC(1371) Pause Young (Allocation Failure) 1677M->1156M(1979M) 24.043ms
[825.976s][info][gc,cpu         ] GC(1371) User=0.02s Sys=0.00s Real=0.01s
[826.014s][info][gc,start       ] GC(1372) Pause Young (Allocation Failure)
[826.028s][info][gc,heap        ] GC(1372) DefNew: 590768K(629120K)->47864K(629120K) Eden: 559232K(559232K)->0K(559232K) From: 31536K(69888K)->47864K(69888K)
[826.028s][info][gc,heap        ] GC(1372) Tenured: 1152452K(1398144K)->1152452K(1398144K)
[826.028s][info][gc,metaspace   ] GC(1372) Metaspace: 121277K(125120K)->121277K(125120K) NonClass: 105072K(105664K)->105072K(105664K) Class: 16205K(19456K)->16205K(19456K)
[826.028s][info][gc             ] GC(1372) Pause Young (Allocation Failure) 1702M->1172M(1979M) 13.454ms
[826.028s][info][gc,cpu         ] GC(1372) User=0.00s Sys=0.00s Real=0.00s
[826.072s][info][gc,start       ] GC(1373) Pause Young (Allocation Failure)
[826.094s][info][gc,heap        ] GC(1373) DefNew: 607096K(629120K)->54353K(629120K) Eden: 559232K(559232K)->0K(559232K) From: 47864K(69888K)->54353K(69888K)
[826.094s][info][gc,heap        ] GC(1373) Tenured: 1152452K(1398144K)->1183705K(1398144K)
[826.094s][info][gc,metaspace   ] GC(1373) Metaspace: 121277K(125120K)->121277K(125120K) NonClass: 105072K(105664K)->105072K(105664K) Class: 16205K(19456K)->16205K(19456K)
[826.094s][info][gc             ] GC(1373) Pause Young (Allocation Failure) 1718M->1209M(1979M) 22.539ms
[826.094s][info][gc,cpu         ] GC(1373) User=0.02s Sys=0.00s Real=0.02s
[826.150s][info][gc,start       ] GC(1374) Pause Young (Allocation Failure)
[826.182s][info][gc,heap        ] GC(1374) DefNew: 613585K(629120K)->69609K(629120K) Eden: 559232K(559232K)->0K(559232K) From: 54353K(69888K)->69609K(69888K)
[826.182s][info][gc,heap        ] GC(1374) Tenured: 1183705K(1398144K)->1237237K(1398144K)
[826.183s][info][gc,metaspace   ] GC(1374) Metaspace: 121277K(125120K)->121277K(125120K) NonClass: 105072K(105664K)->105072K(105664K) Class: 16205K(19456K)->16205K(19456K)
[826.183s][info][gc             ] GC(1374) Pause Young (Allocation Failure) 1755M->1276M(1979M) 32.959ms
[826.183s][info][gc,cpu         ] GC(1374) User=0.03s Sys=0.00s Real=0.03s
[826.221s][info][gc,start       ] GC(1375) Pause Young (Allocation Failure)
[826.243s][info][gc,heap        ] GC(1375) DefNew: 628841K(629120K)->16168K(629120K) Eden: 559232K(559232K)->0K(559232K) From: 69609K(69888K)->16168K(69888K)
[826.243s][info][gc,heap        ] GC(1375) Tenured: 1237237K(1398144K)->1303283K(1398144K)
[826.243s][info][gc,metaspace   ] GC(1375) Metaspace: 121277K(125120K)->121277K(125120K) NonClass: 105072K(105664K)->105072K(105664K) Class: 16205K(19456K)->16205K(19456K)
[826.243s][info][gc             ] GC(1375) Pause Young (Allocation Failure) 1822M->1288M(1979M) 21.874ms
[826.243s][info][gc,cpu         ] GC(1375) User=0.02s Sys=0.00s Real=0.02s
[826.281s][info][gc,start       ] GC(1376) Pause Young (Allocation Failure)
[826.290s][info][gc,heap        ] GC(1376) DefNew: 575400K(629120K)->25130K(629120K) Eden: 559232K(559232K)->0K(559232K) From: 16168K(69888K)->25130K(69888K)
[826.290s][info][gc,heap        ] GC(1376) Tenured: 1303283K(1398144K)->1303283K(1398144K)
[826.290s][info][gc,metaspace   ] GC(1376) Metaspace: 121277K(125120K)->121277K(125120K) NonClass: 105072K(105664K)->105072K(105664K) Class: 16205K(19456K)->16205K(19456K)
[826.291s][info][gc             ] GC(1376) Pause Young (Allocation Failure) 1834M->1297M(1979M) 9.025ms
[826.291s][info][gc,cpu         ] GC(1376) User=0.00s Sys=0.00s Real=0.00s
[826.329s][info][gc,start       ] GC(1377) Pause Young (Allocation Failure)
[826.339s][info][gc,heap        ] GC(1377) DefNew: 584362K(629120K)->29837K(629120K) Eden: 559232K(559232K)->0K(559232K) From: 25130K(69888K)->29837K(69888K)
[826.339s][info][gc,heap        ] GC(1377) Tenured: 1303283K(1398144K)->1303283K(1398144K)
[826.339s][info][gc,metaspace   ] GC(1377) Metaspace: 121277K(125120K)->121277K(125120K) NonClass: 105072K(105664K)->105072K(105664K) Class: 16205K(19456K)->16205K(19456K)
[826.339s][info][gc             ] GC(1377) Pause Young (Allocation Failure) 1843M->1301M(1979M) 9.938ms
[826.339s][info][gc,cpu         ] GC(1377) User=0.00s Sys=0.00s Real=0.00s
[826.377s][info][gc,start       ] GC(1378) Pause Young (Allocation Failure)
[826.390s][info][gc,heap        ] GC(1378) DefNew: 589069K(629120K)->40744K(629120K) Eden: 559232K(559232K)->0K(559232K) From: 29837K(69888K)->40744K(69888K)
[826.390s][info][gc,heap        ] GC(1378) Tenured: 1303283K(1398144K)->1303283K(1398144K)
[826.390s][info][gc,metaspace   ] GC(1378) Metaspace: 121277K(125120K)->121277K(125120K) NonClass: 105072K(105664K)->105072K(105664K) Class: 16205K(19456K)->16205K(19456K)
[826.390s][info][gc             ] GC(1378) Pause Young (Allocation Failure) 1848M->1312M(1979M) 12.467ms
[826.390s][info][gc,cpu         ] GC(1378) User=0.02s Sys=0.00s Real=0.02s
[826.429s][info][gc,start       ] GC(1379) Pause Young (Allocation Failure)
[826.444s][info][gc,heap        ] GC(1379) DefNew: 599976K(629120K)->51848K(629120K) Eden: 559232K(559232K)->0K(559232K) From: 40744K(69888K)->51848K(69888K)
[826.444s][info][gc,heap        ] GC(1379) Tenured: 1303283K(1398144K)->1307850K(1398144K)
[826.444s][info][gc,metaspace   ] GC(1379) Metaspace: 121277K(125120K)->121277K(125120K) NonClass: 105072K(105664K)->105072K(105664K) Class: 16205K(19456K)->16205K(19456K)
[826.444s][info][gc             ] GC(1379) Pause Young (Allocation Failure) 1858M->1327M(1979M) 15.920ms
[826.445s][info][gc,cpu         ] GC(1379) User=0.02s Sys=0.00s Real=0.02s
[826.483s][info][gc,start       ] GC(1380) Pause Young (Allocation Failure)
[826.497s][info][gc,heap        ] GC(1380) DefNew: 611080K(629120K)->31539K(629120K) Eden: 559232K(559232K)->0K(559232K) From: 51848K(69888K)->31539K(69888K)
[826.497s][info][gc,heap        ] GC(1380) Tenured: 1307850K(1398144K)->1325044K(1398144K)
[826.497s][info][gc,metaspace   ] GC(1380) Metaspace: 121277K(125120K)->121277K(125120K) NonClass: 105072K(105664K)->105072K(105664K) Class: 16205K(19456K)->16205K(19456K)
[826.497s][info][gc             ] GC(1380) Pause Young (Allocation Failure) 1873M->1324M(1979M) 14.101ms
[826.497s][info][gc,cpu         ] GC(1380) User=0.02s Sys=0.00s Real=0.02s
[826.535s][info][gc,start       ] GC(1381) Pause Young (Allocation Failure)
[826.536s][info][gc             ] GC(1381) Pause Young (Allocation Failure) 1870M->1870M(1979M) 0.120ms
[826.536s][info][gc,cpu         ] GC(1381) User=0.00s Sys=0.00s Real=0.00s
[826.536s][info][gc,start       ] GC(1382) Pause Full (Allocation Failure)
[826.536s][info][gc,phases,start] GC(1382) Phase 1: Mark live objects
[826.595s][info][gc,phases      ] GC(1382) Phase 1: Mark live objects 59.065ms
[826.595s][info][gc,phases,start] GC(1382) Phase 2: Compute new object addresses
[826.754s][info][gc,phases      ] GC(1382) Phase 2: Compute new object addresses 159.749ms
[826.755s][info][gc,phases,start] GC(1382) Phase 3: Adjust pointers
[826.788s][info][gc,phases      ] GC(1382) Phase 3: Adjust pointers 33.851ms
[826.788s][info][gc,phases,start] GC(1382) Phase 4: Move objects
[826.812s][info][gc,phases      ] GC(1382) Phase 4: Move objects 24.047ms
[826.813s][info][gc,heap        ] GC(1382) DefNew: 590771K(629120K)->0K(629120K) Eden: 559232K(559232K)->0K(559232K) From: 31539K(69888K)->0K(69888K)
[826.813s][info][gc,heap        ] GC(1382) Tenured: 1325044K(1398144K)->1159039K(1398144K)
[826.813s][info][gc,metaspace   ] GC(1382) Metaspace: 121277K(125120K)->121277K(125120K) NonClass: 105072K(105664K)->105072K(105664K) Class: 16205K(19456K)->16205K(19456K)
[826.813s][info][gc             ] GC(1382) Pause Full (Allocation Failure) 1870M->1131M(1979M) 277.794ms
[826.813s][info][gc,cpu         ] GC(1382) User=0.28s Sys=0.00s Real=0.28s
[826.852s][info][gc,start       ] GC(1383) Pause Young (Allocation Failure)
[826.857s][info][gc,heap        ] GC(1383) DefNew: 559232K(629120K)->6584K(629120K) Eden: 559232K(559232K)->0K(559232K) From: 0K(69888K)->6584K(69888K)
[826.857s][info][gc,heap        ] GC(1383) Tenured: 1159039K(1398144K)->1159039K(1398144K)
[826.857s][info][gc,metaspace   ] GC(1383) Metaspace: 121277K(125120K)->121277K(125120K) NonClass: 105072K(105664K)->105072K(105664K) Class: 16205K(19456K)->16205K(19456K)
[826.857s][info][gc             ] GC(1383) Pause Young (Allocation Failure) 1677M->1138M(1979M) 4.758ms
[826.857s][info][gc,cpu         ] GC(1383) User=0.02s Sys=0.00s Real=0.01s
[826.902s][info][gc,start       ] GC(1384) Pause Young (Allocation Failure)
[826.914s][info][gc,heap        ] GC(1384) DefNew: 565816K(629120K)->37766K(629120K) Eden: 559232K(559232K)->0K(559232K) From: 6584K(69888K)->37766K(69888K)
[826.914s][info][gc,heap        ] GC(1384) Tenured: 1159039K(1398144K)->1159039K(1398144K)
[826.914s][info][gc,metaspace   ] GC(1384) Metaspace: 121277K(125120K)->121277K(125120K) NonClass: 105072K(105664K)->105072K(105664K) Class: 16205K(19456K)->16205K(19456K)
[826.914s][info][gc             ] GC(1384) Pause Young (Allocation Failure) 1684M->1168M(1979M) 12.605ms
[826.914s][info][gc,cpu         ] GC(1384) User=0.00s Sys=0.00s Real=0.00s
[826.954s][info][gc,start       ] GC(1385) Pause Young (Allocation Failure)
[826.976s][info][gc,heap        ] GC(1385) DefNew: 596998K(629120K)->69025K(629120K) Eden: 559232K(559232K)->0K(559232K) From: 37766K(69888K)->69025K(69888K)
[826.976s][info][gc,heap        ] GC(1385) Tenured: 1159039K(1398144K)->1171568K(1398144K)
[826.976s][info][gc,metaspace   ] GC(1385) Metaspace: 121277K(125120K)->121277K(125120K) NonClass: 105072K(105664K)->105072K(105664K) Class: 16205K(19456K)->16205K(19456K)
[826.976s][info][gc             ] GC(1385) Pause Young (Allocation Failure) 1714M->1211M(1979M) 21.517ms
[826.976s][info][gc,cpu         ] GC(1385) User=0.02s Sys=0.00s Real=0.01s
[827.014s][info][gc,start       ] GC(1386) Pause Young (Allocation Failure)
[827.037s][info][gc,heap        ] GC(1386) DefNew: 628257K(629120K)->16970K(629120K) Eden: 559232K(559232K)->0K(559232K) From: 69025K(69888K)->16970K(69888K)
[827.037s][info][gc,heap        ] GC(1386) Tenured: 1171568K(1398144K)->1240368K(1398144K)
[827.037s][info][gc,metaspace   ] GC(1386) Metaspace: 121277K(125120K)->121277K(125120K) NonClass: 105072K(105664K)->105072K(105664K) Class: 16205K(19456K)->16205K(19456K)
[827.037s][info][gc             ] GC(1386) Pause Young (Allocation Failure) 1757M->1227M(1979M) 22.514ms
[827.037s][info][gc,cpu         ] GC(1386) User=0.03s Sys=0.00s Real=0.03s
[827.076s][info][gc,start       ] GC(1387) Pause Young (Allocation Failure)
[827.090s][info][gc,heap        ] GC(1387) DefNew: 576202K(629120K)->45940K(629120K) Eden: 559232K(559232K)->0K(559232K) From: 16970K(69888K)->45940K(69888K)
[827.090s][info][gc,heap        ] GC(1387) Tenured: 1240368K(1398144K)->1240368K(1398144K)
[827.090s][info][gc,metaspace   ] GC(1387) Metaspace: 121277K(125120K)->121277K(125120K) NonClass: 105072K(105664K)->105072K(105664K) Class: 16205K(19456K)->16205K(19456K)
[827.090s][info][gc             ] GC(1387) Pause Young (Allocation Failure) 1773M->1256M(1979M) 13.675ms
[827.090s][info][gc,cpu         ] GC(1387) User=0.02s Sys=0.00s Real=0.02s
[827.137s][info][gc,start       ] GC(1388) Pause Young (Allocation Failure)
[827.167s][info][gc,heap        ] GC(1388) DefNew: 605172K(629120K)->69053K(629120K) Eden: 559232K(559232K)->0K(559232K) From: 45940K(69888K)->69053K(69888K)
[827.168s][info][gc,heap        ] GC(1388) Tenured: 1240368K(1398144K)->1285631K(1398144K)
[827.168s][info][gc,metaspace   ] GC(1388) Metaspace: 121277K(125120K)->121277K(125120K) NonClass: 105072K(105664K)->105072K(105664K) Class: 16205K(19456K)->16205K(19456K)
[827.168s][info][gc             ] GC(1388) Pause Young (Allocation Failure) 1802M->1322M(1979M) 30.338ms
[827.168s][info][gc,cpu         ] GC(1388) User=0.02s Sys=0.00s Real=0.02s
[827.209s][info][gc,start       ] GC(1389) Pause Young (Allocation Failure)
[827.236s][info][gc,heap        ] GC(1389) DefNew: 628285K(629120K)->31658K(629120K) Eden: 559232K(559232K)->0K(559232K) From: 69053K(69888K)->31658K(69888K)
[827.236s][info][gc,heap        ] GC(1389) Tenured: 1285631K(1398144K)->1352083K(1398144K)
[827.236s][info][gc,metaspace   ] GC(1389) Metaspace: 121277K(125120K)->121277K(125120K) NonClass: 105072K(105664K)->105072K(105664K) Class: 16205K(19456K)->16205K(19456K)
[827.236s][info][gc             ] GC(1389) Pause Young (Allocation Failure) 1869M->1351M(1979M) 26.823ms
[827.236s][info][gc,cpu         ] GC(1389) User=0.03s Sys=0.00s Real=0.03s
[827.276s][info][gc,start       ] GC(1390) Pause Young (Allocation Failure)
[827.276s][info][gc             ] GC(1390) Pause Young (Allocation Failure) 1897M->1897M(1979M) 0.117ms
[827.276s][info][gc,cpu         ] GC(1390) User=0.00s Sys=0.00s Real=0.00s
[827.276s][info][gc,start       ] GC(1391) Pause Full (Allocation Failure)
[827.277s][info][gc,phases,start] GC(1391) Phase 1: Mark live objects
[827.336s][info][gc,phases      ] GC(1391) Phase 1: Mark live objects 59.598ms
[827.336s][info][gc,phases,start] GC(1391) Phase 2: Compute new object addresses
[827.488s][info][gc,phases      ] GC(1391) Phase 2: Compute new object addresses 151.625ms
[827.488s][info][gc,phases,start] GC(1391) Phase 3: Adjust pointers
[827.524s][info][gc,phases      ] GC(1391) Phase 3: Adjust pointers 35.681ms
[827.524s][info][gc,phases,start] GC(1391) Phase 4: Move objects
[827.560s][info][gc,phases      ] GC(1391) Phase 4: Move objects 36.556ms
[827.561s][info][gc,heap        ] GC(1391) DefNew: 590890K(629120K)->0K(629120K) Eden: 559232K(559232K)->0K(559232K) From: 31658K(69888K)->0K(69888K)
[827.561s][info][gc,heap        ] GC(1391) Tenured: 1352083K(1398144K)->1124977K(1398144K)
[827.561s][info][gc,metaspace   ] GC(1391) Metaspace: 121277K(125120K)->121277K(125120K) NonClass: 105072K(105664K)->105072K(105664K) Class: 16205K(19456K)->16205K(19456K)
[827.561s][info][gc             ] GC(1391) Pause Full (Allocation Failure) 1897M->1098M(1979M) 284.708ms
[827.561s][info][gc,cpu         ] GC(1391) User=0.28s Sys=0.00s Real=0.28s
[827.602s][info][gc,start       ] GC(1392) Pause Young (Allocation Failure)
[827.616s][info][gc,heap        ] GC(1392) DefNew: 559232K(629120K)->40307K(629120K) Eden: 559232K(559232K)->0K(559232K) From: 0K(69888K)->40307K(69888K)
[827.616s][info][gc,heap        ] GC(1392) Tenured: 1124977K(1398144K)->1124977K(1398144K)
[827.616s][info][gc,metaspace   ] GC(1392) Metaspace: 121277K(125120K)->121277K(125120K) NonClass: 105072K(105664K)->105072K(105664K) Class: 16205K(19456K)->16205K(19456K)
[827.616s][info][gc             ] GC(1392) Pause Young (Allocation Failure) 1644M->1137M(1979M) 13.617ms
[827.616s][info][gc,cpu         ] GC(1392) User=0.00s Sys=0.00s Real=0.01s
[827.653s][info][gc,start       ] GC(1393) Pause Young (Allocation Failure)
[827.673s][info][gc,heap        ] GC(1393) DefNew: 599539K(629120K)->16767K(629120K) Eden: 559232K(559232K)->0K(559232K) From: 40307K(69888K)->16767K(69888K)
[827.673s][info][gc,heap        ] GC(1393) Tenured: 1124977K(1398144K)->1157341K(1398144K)
[827.673s][info][gc,metaspace   ] GC(1393) Metaspace: 121277K(125120K)->121277K(125120K) NonClass: 105072K(105664K)->105072K(105664K) Class: 16205K(19456K)->16205K(19456K)
[827.673s][info][gc             ] GC(1393) Pause Young (Allocation Failure) 1684M->1146M(1979M) 20.280ms
[827.674s][info][gc,cpu         ] GC(1393) User=0.02s Sys=0.00s Real=0.02s
[827.712s][info][gc,start       ] GC(1394) Pause Young (Allocation Failure)
[827.739s][info][gc,heap        ] GC(1394) DefNew: 575999K(629120K)->65551K(629120K) Eden: 559232K(559232K)->0K(559232K) From: 16767K(69888K)->65551K(69888K)
[827.739s][info][gc,heap        ] GC(1394) Tenured: 1157341K(1398144K)->1182341K(1398144K)
[827.739s][info][gc,metaspace   ] GC(1394) Metaspace: 121277K(125120K)->121277K(125120K) NonClass: 105072K(105664K)->105072K(105664K) Class: 16205K(19456K)->16205K(19456K)
[827.739s][info][gc             ] GC(1394) Pause Young (Allocation Failure) 1692M->1218M(1979M) 26.411ms
[827.739s][info][gc,cpu         ] GC(1394) User=0.02s Sys=0.00s Real=0.03s
[827.778s][info][gc,start       ] GC(1395) Pause Young (Allocation Failure)
[827.809s][info][gc,heap        ] GC(1395) DefNew: 624783K(629120K)->69887K(629120K) Eden: 559232K(559232K)->0K(559232K) From: 65551K(69888K)->69887K(69888K)
[827.809s][info][gc,heap        ] GC(1395) Tenured: 1182341K(1398144K)->1230838K(1398144K)
[827.809s][info][gc,metaspace   ] GC(1395) Metaspace: 121280K(125120K)->121280K(125120K) NonClass: 105075K(105664K)->105075K(105664K) Class: 16205K(19456K)->16205K(19456K)
[827.809s][info][gc             ] GC(1395) Pause Young (Allocation Failure) 1764M->1270M(1979M) 31.025ms
[827.809s][info][gc,cpu         ] GC(1395) User=0.03s Sys=0.00s Real=0.03s
[827.845s][info][gc,start       ] GC(1396) Pause Young (Allocation Failure)
[827.878s][info][gc,heap        ] GC(1396) DefNew: 629119K(629120K)->68664K(629120K) Eden: 559232K(559232K)->0K(559232K) From: 69887K(69888K)->68664K(69888K)
[827.878s][info][gc,heap        ] GC(1396) Tenured: 1230838K(1398144K)->1286313K(1398144K)
[827.878s][info][gc,metaspace   ] GC(1396) Metaspace: 121280K(125120K)->121280K(125120K) NonClass: 105075K(105664K)->105075K(105664K) Class: 16205K(19456K)->16205K(19456K)
[827.878s][info][gc             ] GC(1396) Pause Young (Allocation Failure) 1816M->1323M(1979M) 32.974ms
[827.878s][info][gc,cpu         ] GC(1396) User=0.03s Sys=0.00s Real=0.03s
[827.911s][info][gc,start       ] GC(1397) Pause Young (Allocation Failure)
[827.934s][info][gc,heap        ] GC(1397) DefNew: 627896K(629120K)->33000K(629120K) Eden: 559232K(559232K)->0K(559232K) From: 68664K(69888K)->33000K(69888K)
[827.934s][info][gc,heap        ] GC(1397) Tenured: 1286313K(1398144K)->1341332K(1398144K)
[827.934s][info][gc,metaspace   ] GC(1397) Metaspace: 121280K(125120K)->121280K(125120K) NonClass: 105075K(105664K)->105075K(105664K) Class: 16205K(19456K)->16205K(19456K)
[827.935s][info][gc             ] GC(1397) Pause Young (Allocation Failure) 1869M->1342M(1979M) 23.027ms
[827.935s][info][gc,cpu         ] GC(1397) User=0.02s Sys=0.00s Real=0.01s
[827.971s][info][gc,start       ] GC(1398) Pause Young (Allocation Failure)
[827.971s][info][gc             ] GC(1398) Pause Young (Allocation Failure) 1888M->1888M(1979M) 0.114ms
[827.971s][info][gc,cpu         ] GC(1398) User=0.00s Sys=0.00s Real=0.00s
[827.971s][info][gc,start       ] GC(1399) Pause Full (Allocation Failure)
[827.971s][info][gc,phases,start] GC(1399) Phase 1: Mark live objects
[828.027s][info][gc,phases      ] GC(1399) Phase 1: Mark live objects 56.054ms
[828.027s][info][gc,phases,start] GC(1399) Phase 2: Compute new object addresses
[828.191s][info][gc,phases      ] GC(1399) Phase 2: Compute new object addresses 163.669ms
[828.191s][info][gc,phases,start] GC(1399) Phase 3: Adjust pointers
[828.224s][info][gc,phases      ] GC(1399) Phase 3: Adjust pointers 32.828ms
[828.224s][info][gc,phases,start] GC(1399) Phase 4: Move objects
[828.252s][info][gc,phases      ] GC(1399) Phase 4: Move objects 27.644ms
[828.252s][info][gc,heap        ] GC(1399) DefNew: 592232K(629120K)->0K(629120K) Eden: 559232K(559232K)->0K(559232K) From: 33000K(69888K)->0K(69888K)
[828.252s][info][gc,heap        ] GC(1399) Tenured: 1341332K(1398144K)->1282839K(1398144K)
[828.253s][info][gc,metaspace   ] GC(1399) Metaspace: 121280K(125120K)->121280K(125120K) NonClass: 105075K(105664K)->105075K(105664K) Class: 16205K(19456K)->16205K(19456K)
[828.253s][info][gc             ] GC(1399) Pause Full (Allocation Failure) 1888M->1252M(1979M) 281.279ms
[828.253s][info][gc,cpu         ] GC(1399) User=0.28s Sys=0.00s Real=0.28s
[828.290s][info][gc,start       ] GC(1400) Pause Young (Allocation Failure)
[828.309s][info][gc,heap        ] GC(1400) DefNew: 559034K(629120K)->68139K(629120K) Eden: 559034K(559232K)->0K(559232K) From: 0K(69888K)->68139K(69888K)
[828.309s][info][gc,heap        ] GC(1400) Tenured: 1282839K(1398144K)->1290996K(1398144K)
[828.309s][info][gc,metaspace   ] GC(1400) Metaspace: 121280K(125120K)->121280K(125120K) NonClass: 105075K(105664K)->105075K(105664K) Class: 16205K(19456K)->16205K(19456K)
[828.309s][info][gc             ] GC(1400) Pause Young (Allocation Failure) 1798M->1327M(1979M) 19.433ms
[828.309s][info][gc,cpu         ] GC(1400) User=0.02s Sys=0.00s Real=0.01s
[828.340s][info][gc,start       ] GC(1401) Pause Young (Allocation Failure)
[828.371s][info][gc,heap        ] GC(1401) DefNew: 627371K(629120K)->69870K(629120K) Eden: 559232K(559232K)->0K(559232K) From: 68139K(69888K)->69870K(69888K)
[828.371s][info][gc,heap        ] GC(1401) Tenured: 1290996K(1398144K)->1347044K(1398144K)
[828.371s][info][gc,metaspace   ] GC(1401) Metaspace: 121280K(125120K)->121280K(125120K) NonClass: 105075K(105664K)->105075K(105664K) Class: 16205K(19456K)->16205K(19456K)
[828.371s][info][gc             ] GC(1401) Pause Young (Allocation Failure) 1873M->1383M(1979M) 30.425ms
[828.371s][info][gc,cpu         ] GC(1401) User=0.03s Sys=0.00s Real=0.03s
[828.403s][info][gc,start       ] GC(1402) Pause Young (Allocation Failure)
[828.404s][info][gc             ] GC(1402) Pause Young (Allocation Failure) 1929M->1929M(1979M) 0.121ms
[828.404s][info][gc,cpu         ] GC(1402) User=0.00s Sys=0.00s Real=0.00s
[828.404s][info][gc,start       ] GC(1403) Pause Full (Allocation Failure)
[828.404s][info][gc,phases,start] GC(1403) Phase 1: Mark live objects
[828.459s][info][gc,phases      ] GC(1403) Phase 1: Mark live objects 55.550ms
[828.459s][info][gc,phases,start] GC(1403) Phase 2: Compute new object addresses
[828.607s][info][gc,phases      ] GC(1403) Phase 2: Compute new object addresses 147.402ms
[828.607s][info][gc,phases,start] GC(1403) Phase 3: Adjust pointers
[828.640s][info][gc,phases      ] GC(1403) Phase 3: Adjust pointers 33.012ms
[828.640s][info][gc,phases,start] GC(1403) Phase 4: Move objects
[828.659s][info][gc,phases      ] GC(1403) Phase 4: Move objects 19.668ms
[828.660s][info][gc,heap        ] GC(1403) DefNew: 629102K(629120K)->0K(629120K) Eden: 559232K(559232K)->0K(559232K) From: 69870K(69888K)->0K(69888K)
[828.660s][info][gc,heap        ] GC(1403) Tenured: 1347044K(1398144K)->1318154K(1398144K)
[828.660s][info][gc,metaspace   ] GC(1403) Metaspace: 121280K(125120K)->121280K(125120K) NonClass: 105075K(105664K)->105075K(105664K) Class: 16205K(19456K)->16205K(19456K)
[828.660s][info][gc             ] GC(1403) Pause Full (Allocation Failure) 1929M->1287M(1979M) 256.748ms
[828.660s][info][gc,cpu         ] GC(1403) User=0.27s Sys=0.00s Real=0.27s
[828.694s][info][gc,start       ] GC(1404) Pause Young (Allocation Failure)
[828.695s][info][gc             ] GC(1404) Pause Young (Allocation Failure) 1829M->1829M(1979M) 0.125ms
[828.695s][info][gc,cpu         ] GC(1404) User=0.00s Sys=0.00s Real=0.00s
[828.695s][info][gc,start       ] GC(1405) Pause Full (Allocation Failure)
[828.695s][info][gc,phases,start] GC(1405) Phase 1: Mark live objects
[828.751s][info][gc,phases      ] GC(1405) Phase 1: Mark live objects 56.368ms
[828.751s][info][gc,phases,start] GC(1405) Phase 2: Compute new object addresses
[828.895s][info][gc,phases      ] GC(1405) Phase 2: Compute new object addresses 143.701ms
[828.895s][info][gc,phases,start] GC(1405) Phase 3: Adjust pointers
[828.928s][info][gc,phases      ] GC(1405) Phase 3: Adjust pointers 33.097ms
[828.928s][info][gc,phases,start] GC(1405) Phase 4: Move objects
[828.947s][info][gc,phases      ] GC(1405) Phase 4: Move objects 18.921ms
[828.948s][info][gc,heap        ] GC(1405) DefNew: 554959K(629120K)->0K(629120K) Eden: 554959K(559232K)->0K(559232K) From: 0K(69888K)->0K(69888K)
[828.948s][info][gc,heap        ] GC(1405) Tenured: 1318154K(1398144K)->1345507K(1398144K)
[828.948s][info][gc,metaspace   ] GC(1405) Metaspace: 121280K(125120K)->121280K(125120K) NonClass: 105075K(105664K)->105075K(105664K) Class: 16205K(19456K)->16205K(19456K)
[828.948s][info][gc             ] GC(1405) Pause Full (Allocation Failure) 1829M->1313M(1979M) 253.191ms
[828.948s][info][gc,cpu         ] GC(1405) User=0.25s Sys=0.00s Real=0.25s
[828.984s][info][gc,start       ] GC(1406) Pause Young (Allocation Failure)
[828.985s][info][gc             ] GC(1406) Pause Young (Allocation Failure) 1860M->1860M(1979M) 0.123ms
[828.985s][info][gc,cpu         ] GC(1406) User=0.00s Sys=0.00s Real=0.00s
[828.985s][info][gc,start       ] GC(1407) Pause Full (Allocation Failure)
[828.985s][info][gc,phases,start] GC(1407) Phase 1: Mark live objects
[829.051s][info][gc,phases      ] GC(1407) Phase 1: Mark live objects 66.248ms
[829.051s][info][gc,phases,start] GC(1407) Phase 2: Compute new object addresses
[829.199s][info][gc,phases      ] GC(1407) Phase 2: Compute new object addresses 148.488ms
[829.200s][info][gc,phases,start] GC(1407) Phase 3: Adjust pointers
[829.234s][info][gc,phases      ] GC(1407) Phase 3: Adjust pointers 34.329ms
[829.234s][info][gc,phases,start] GC(1407) Phase 4: Move objects
[829.307s][info][gc,phases      ] GC(1407) Phase 4: Move objects 72.860ms
[829.308s][info][gc,heap        ] GC(1407) DefNew: 559232K(629120K)->0K(629120K) Eden: 559232K(559232K)->0K(559232K) From: 0K(69888K)->0K(69888K)
[829.308s][info][gc,heap        ] GC(1407) Tenured: 1345507K(1398144K)->1293259K(1398144K)
[829.308s][info][gc,metaspace   ] GC(1407) Metaspace: 121280K(125120K)->121280K(125120K) NonClass: 105075K(105664K)->105075K(105664K) Class: 16205K(19456K)->16205K(19456K)
[829.308s][info][gc             ] GC(1407) Pause Full (Allocation Failure) 1860M->1262M(1979M) 323.143ms
[829.308s][info][gc,cpu         ] GC(1407) User=0.33s Sys=0.00s Real=0.33s
[829.344s][info][gc,start       ] GC(1408) Pause Young (Allocation Failure)
[829.365s][info][gc,heap        ] GC(1408) DefNew: 559232K(629120K)->68808K(629120K) Eden: 559232K(559232K)->0K(559232K) From: 0K(69888K)->68808K(69888K)
[829.365s][info][gc,heap        ] GC(1408) Tenured: 1293259K(1398144K)->1305491K(1398144K)
[829.365s][info][gc,metaspace   ] GC(1408) Metaspace: 121280K(125120K)->121280K(125120K) NonClass: 105075K(105664K)->105075K(105664K) Class: 16205K(19456K)->16205K(19456K)
[829.365s][info][gc             ] GC(1408) Pause Young (Allocation Failure) 1809M->1342M(1979M) 20.476ms
[829.365s][info][gc,cpu         ] GC(1408) User=0.02s Sys=0.00s Real=0.02s
[829.395s][info][gc,start       ] GC(1409) Pause Young (Allocation Failure)
[829.424s][info][gc,heap        ] GC(1409) DefNew: 628040K(629120K)->69342K(629120K) Eden: 559232K(559232K)->0K(559232K) From: 68808K(69888K)->69342K(69888K)
[829.424s][info][gc,heap        ] GC(1409) Tenured: 1305491K(1398144K)->1355366K(1398144K)
[829.424s][info][gc,metaspace   ] GC(1409) Metaspace: 121280K(125120K)->121280K(125120K) NonClass: 105075K(105664K)->105075K(105664K) Class: 16205K(19456K)->16205K(19456K)
[829.424s][info][gc             ] GC(1409) Pause Young (Allocation Failure) 1888M->1391M(1979M) 29.038ms
[829.424s][info][gc,cpu         ] GC(1409) User=0.03s Sys=0.00s Real=0.03s
[829.456s][info][gc,start       ] GC(1410) Pause Young (Allocation Failure)
[829.456s][info][gc             ] GC(1410) Pause Young (Allocation Failure) 1937M->1937M(1979M) 0.123ms
[829.456s][info][gc,cpu         ] GC(1410) User=0.00s Sys=0.00s Real=0.00s
[829.456s][info][gc,start       ] GC(1411) Pause Full (Allocation Failure)
[829.456s][info][gc,phases,start] GC(1411) Phase 1: Mark live objects
[829.511s][info][gc,phases      ] GC(1411) Phase 1: Mark live objects 55.273ms
[829.511s][info][gc,phases,start] GC(1411) Phase 2: Compute new object addresses
[829.672s][info][gc,phases      ] GC(1411) Phase 2: Compute new object addresses 160.601ms
[829.672s][info][gc,phases,start] GC(1411) Phase 3: Adjust pointers
[829.705s][info][gc,phases      ] GC(1411) Phase 3: Adjust pointers 32.975ms
[829.705s][info][gc,phases,start] GC(1411) Phase 4: Move objects
[829.723s][info][gc,phases      ] GC(1411) Phase 4: Move objects 18.492ms
[829.724s][info][gc,heap        ] GC(1411) DefNew: 628574K(629120K)->0K(629120K) Eden: 559232K(559232K)->0K(559232K) From: 69342K(69888K)->0K(69888K)
[829.724s][info][gc,heap        ] GC(1411) Tenured: 1355366K(1398144K)->1389184K(1398144K)
[829.724s][info][gc,metaspace   ] GC(1411) Metaspace: 121280K(125120K)->121280K(125120K) NonClass: 105075K(105664K)->105075K(105664K) Class: 16205K(19456K)->16205K(19456K)
[829.724s][info][gc             ] GC(1411) Pause Full (Allocation Failure) 1937M->1356M(1979M) 268.443ms
[829.724s][info][gc,cpu         ] GC(1411) User=0.27s Sys=0.00s Real=0.27s
[829.759s][info][gc,start       ] GC(1412) Pause Young (Allocation Failure)
[829.759s][info][gc             ] GC(1412) Pause Young (Allocation Failure) 1902M->1902M(1979M) 0.117ms
[829.759s][info][gc,cpu         ] GC(1412) User=0.00s Sys=0.00s Real=0.00s
[829.759s][info][gc,start       ] GC(1413) Pause Full (Allocation Failure)
[829.759s][info][gc,phases,start] GC(1413) Phase 1: Mark live objects
[829.814s][info][gc,phases      ] GC(1413) Phase 1: Mark live objects 54.881ms
[829.814s][info][gc,phases,start] GC(1413) Phase 2: Compute new object addresses
[829.961s][info][gc,phases      ] GC(1413) Phase 2: Compute new object addresses 146.698ms
[829.961s][info][gc,phases,start] GC(1413) Phase 3: Adjust pointers
[829.993s][info][gc,phases      ] GC(1413) Phase 3: Adjust pointers 32.135ms
[829.993s][info][gc,phases,start] GC(1413) Phase 4: Move objects
[830.012s][info][gc,phases      ] GC(1413) Phase 4: Move objects 19.527ms
[830.013s][info][gc,heap        ] GC(1413) DefNew: 559232K(629120K)->10296K(629120K) Eden: 559232K(559232K)->10296K(559232K) From: 0K(69888K)->0K(69888K)
[830.013s][info][gc,heap        ] GC(1413) Tenured: 1389184K(1398144K)->1397101K(1398144K)
[830.013s][info][gc,metaspace   ] GC(1413) Metaspace: 121280K(125120K)->121280K(125120K) NonClass: 105075K(105664K)->105075K(105664K) Class: 16205K(19456K)->16205K(19456K)
[830.013s][info][gc             ] GC(1413) Pause Full (Allocation Failure) 1902M->1374M(1979M) 254.344ms
[830.013s][info][gc,cpu         ] GC(1413) User=0.25s Sys=0.00s Real=0.25s
[831.560s][info][gc,start       ] GC(1414) Pause Full (Allocation Failure)
[831.560s][info][gc,phases,start] GC(1414) Phase 1: Mark live objects
[831.617s][info][gc,phases      ] GC(1414) Phase 1: Mark live objects 56.626ms
[831.617s][info][gc,phases,start] GC(1414) Phase 2: Compute new object addresses
[831.774s][info][gc,phases      ] GC(1414) Phase 2: Compute new object addresses 157.505ms
[831.774s][info][gc,phases,start] GC(1414) Phase 3: Adjust pointers
[831.808s][info][gc,phases      ] GC(1414) Phase 3: Adjust pointers 33.584ms
[831.808s][info][gc,phases,start] GC(1414) Phase 4: Move objects
[831.833s][info][gc,phases      ] GC(1414) Phase 4: Move objects 25.286ms
[831.834s][info][gc,heap        ] GC(1414) DefNew: 629120K(629120K)->33765K(629120K) Eden: 559232K(559232K)->33765K(559232K) From: 69888K(69888K)->0K(69888K)
[831.834s][info][gc,heap        ] GC(1414) Tenured: 1398143K(1398144K)->1395912K(1398144K)
[831.834s][info][gc,metaspace   ] GC(1414) Metaspace: 121281K(125120K)->121281K(125120K) NonClass: 105075K(105664K)->105075K(105664K) Class: 16205K(19456K)->16205K(19456K)
[831.834s][info][gc             ] GC(1414) Pause Full (Allocation Failure) 1979M->1396M(1979M) 274.564ms
[831.835s][info][gc,cpu         ] GC(1414) User=0.28s Sys=0.00s Real=0.28s
[834.087s][info][gc,start       ] GC(1415) Pause Full (Allocation Failure)
[834.087s][info][gc,phases,start] GC(1415) Phase 1: Mark live objects
[834.143s][info][gc,phases      ] GC(1415) Phase 1: Mark live objects 55.534ms
[834.143s][info][gc,phases,start] GC(1415) Phase 2: Compute new object addresses
[834.315s][info][gc,phases      ] GC(1415) Phase 2: Compute new object addresses 171.837ms
[834.315s][info][gc,phases,start] GC(1415) Phase 3: Adjust pointers
[834.348s][info][gc,phases      ] GC(1415) Phase 3: Adjust pointers 33.531ms
[834.348s][info][gc,phases,start] GC(1415) Phase 4: Move objects
[834.422s][info][gc,phases      ] GC(1415) Phase 4: Move objects 73.716ms
[834.423s][info][gc,heap        ] GC(1415) DefNew: 629120K(629120K)->0K(629120K) Eden: 559232K(559232K)->0K(559232K) From: 69888K(69888K)->0K(69888K)
[834.423s][info][gc,heap        ] GC(1415) Tenured: 1398144K(1398144K)->1367343K(1398144K)
[834.423s][info][gc,metaspace   ] GC(1415) Metaspace: 121281K(125120K)->121281K(125120K) NonClass: 105075K(105664K)->105075K(105664K) Class: 16205K(19456K)->16205K(19456K)
[834.423s][info][gc             ] GC(1415) Pause Full (Allocation Failure) 1979M->1335M(1979M) 335.909ms
[834.423s][info][gc,cpu         ] GC(1415) User=0.34s Sys=0.00s Real=0.34s
[834.460s][info][gc,start       ] GC(1416) Pause Young (Allocation Failure)
[834.460s][info][gc             ] GC(1416) Pause Young (Allocation Failure) 1881M->1881M(1979M) 0.129ms
[834.460s][info][gc,cpu         ] GC(1416) User=0.00s Sys=0.00s Real=0.00s
[834.460s][info][gc,start       ] GC(1417) Pause Full (Allocation Failure)
[834.460s][info][gc,phases,start] GC(1417) Phase 1: Mark live objects
[834.517s][info][gc,phases      ] GC(1417) Phase 1: Mark live objects 56.556ms
[834.517s][info][gc,phases,start] GC(1417) Phase 2: Compute new object addresses
[834.656s][info][gc,phases      ] GC(1417) Phase 2: Compute new object addresses 139.285ms
[834.656s][info][gc,phases,start] GC(1417) Phase 3: Adjust pointers
[834.689s][info][gc,phases      ] GC(1417) Phase 3: Adjust pointers 32.721ms
[834.689s][info][gc,phases,start] GC(1417) Phase 4: Move objects
[834.701s][info][gc,phases      ] GC(1417) Phase 4: Move objects 12.356ms
[834.702s][info][gc,heap        ] GC(1417) DefNew: 559232K(629120K)->24370K(629120K) Eden: 559232K(559232K)->24370K(559232K) From: 0K(69888K)->0K(69888K)
[834.702s][info][gc,heap        ] GC(1417) Tenured: 1367343K(1398144K)->1397847K(1398144K)
[834.702s][info][gc,metaspace   ] GC(1417) Metaspace: 121281K(125120K)->121281K(125120K) NonClass: 105075K(105664K)->105075K(105664K) Class: 16205K(19456K)->16205K(19456K)
[834.702s][info][gc             ] GC(1417) Pause Full (Allocation Failure) 1881M->1388M(1979M) 242.048ms
[834.702s][info][gc,cpu         ] GC(1417) User=0.25s Sys=0.00s Real=0.25s
[836.512s][info][gc,start       ] GC(1418) Pause Full (Allocation Failure)
[836.512s][info][gc,phases,start] GC(1418) Phase 1: Mark live objects
[836.568s][info][gc,phases      ] GC(1418) Phase 1: Mark live objects 56.491ms
[836.568s][info][gc,phases,start] GC(1418) Phase 2: Compute new object addresses
[836.740s][info][gc,phases      ] GC(1418) Phase 2: Compute new object addresses 171.694ms
[836.740s][info][gc,phases,start] GC(1418) Phase 3: Adjust pointers
[836.773s][info][gc,phases      ] GC(1418) Phase 3: Adjust pointers 33.390ms
[836.773s][info][gc,phases,start] GC(1418) Phase 4: Move objects
[836.784s][info][gc,phases      ] GC(1418) Phase 4: Move objects 10.481ms
[836.785s][info][gc,heap        ] GC(1418) DefNew: 629120K(629120K)->49126K(629120K) Eden: 559232K(559232K)->49126K(559232K) From: 69888K(69888K)->0K(69888K)
[836.785s][info][gc,heap        ] GC(1418) Tenured: 1398143K(1398144K)->1398143K(1398144K)
[836.785s][info][gc,metaspace   ] GC(1418) Metaspace: 121281K(125120K)->121281K(125120K) NonClass: 105075K(105664K)->105075K(105664K) Class: 16205K(19456K)->16205K(19456K)
[836.785s][info][gc             ] GC(1418) Pause Full (Allocation Failure) 1979M->1413M(1979M) 273.208ms
[836.785s][info][gc,cpu         ] GC(1418) User=0.28s Sys=0.00s Real=0.27s
[838.588s][info][gc,start       ] GC(1419) Pause Full (Allocation Failure)
[838.588s][info][gc,phases,start] GC(1419) Phase 1: Mark live objects
[838.644s][info][gc,phases      ] GC(1419) Phase 1: Mark live objects 56.701ms
[838.645s][info][gc,phases,start] GC(1419) Phase 2: Compute new object addresses
[838.790s][info][gc,phases      ] GC(1419) Phase 2: Compute new object addresses 145.774ms
[838.790s][info][gc,phases,start] GC(1419) Phase 3: Adjust pointers
[838.823s][info][gc,phases      ] GC(1419) Phase 3: Adjust pointers 32.740ms
[838.823s][info][gc,phases,start] GC(1419) Phase 4: Move objects
[838.841s][info][gc,phases      ] GC(1419) Phase 4: Move objects 17.563ms
[838.842s][info][gc,heap        ] GC(1419) DefNew: 629119K(629120K)->77123K(629120K) Eden: 559232K(559232K)->77123K(559232K) From: 69887K(69888K)->0K(69888K)
[838.842s][info][gc,heap        ] GC(1419) Tenured: 1398143K(1398144K)->1398143K(1398144K)
[838.842s][info][gc,metaspace   ] GC(1419) Metaspace: 121281K(125120K)->121281K(125120K) NonClass: 105075K(105664K)->105075K(105664K) Class: 16205K(19456K)->16205K(19456K)
[838.842s][info][gc             ] GC(1419) Pause Full (Allocation Failure) 1979M->1440M(1979M) 253.957ms
[838.842s][info][gc,cpu         ] GC(1419) User=0.27s Sys=0.00s Real=0.27s
[840.940s][info][gc,start       ] GC(1420) Pause Full (Allocation Failure)
[840.940s][info][gc,phases,start] GC(1420) Phase 1: Mark live objects
[840.997s][info][gc,phases      ] GC(1420) Phase 1: Mark live objects 56.249ms
[840.997s][info][gc,phases,start] GC(1420) Phase 2: Compute new object addresses
[841.141s][info][gc,phases      ] GC(1420) Phase 2: Compute new object addresses 144.210ms
[841.141s][info][gc,phases,start] GC(1420) Phase 3: Adjust pointers
[841.190s][info][gc,phases      ] GC(1420) Phase 3: Adjust pointers 48.575ms
[841.190s][info][gc,phases,start] GC(1420) Phase 4: Move objects
[841.284s][info][gc,phases      ] GC(1420) Phase 4: Move objects 94.368ms
[841.285s][info][gc,heap        ] GC(1420) DefNew: 629119K(629120K)->6389K(629120K) Eden: 559232K(559232K)->6389K(559232K) From: 69887K(69888K)->0K(69888K)
[841.285s][info][gc,heap        ] GC(1420) Tenured: 1398143K(1398144K)->1396005K(1398144K)
[841.285s][info][gc,metaspace   ] GC(1420) Metaspace: 121281K(125120K)->121281K(125120K) NonClass: 105075K(105664K)->105075K(105664K) Class: 16205K(19456K)->16205K(19456K)
[841.285s][info][gc             ] GC(1420) Pause Full (Allocation Failure) 1979M->1369M(1979M) 344.750ms
[841.285s][info][gc,cpu         ] GC(1420) User=0.34s Sys=0.00s Real=0.34s
[843.242s][info][gc,start       ] GC(1421) Pause Full (Allocation Failure)
[843.243s][info][gc,phases,start] GC(1421) Phase 1: Mark live objects
[843.310s][info][gc,phases      ] GC(1421) Phase 1: Mark live objects 67.051ms
[843.310s][info][gc,phases,start] GC(1421) Phase 2: Compute new object addresses
[843.476s][info][gc,phases      ] GC(1421) Phase 2: Compute new object addresses 165.768ms
[843.476s][info][gc,phases,start] GC(1421) Phase 3: Adjust pointers
[843.508s][info][gc,phases      ] GC(1421) Phase 3: Adjust pointers 32.635ms
[843.508s][info][gc,phases,start] GC(1421) Phase 4: Move objects
[843.512s][info][gc,phases      ] GC(1421) Phase 4: Move objects 4.159ms
[843.513s][info][gc,heap        ] GC(1421) DefNew: 629119K(629120K)->18402K(629120K) Eden: 559232K(559232K)->18402K(559232K) From: 69887K(69888K)->0K(69888K)
[843.513s][info][gc,heap        ] GC(1421) Tenured: 1398143K(1398144K)->1398143K(1398144K)
[843.513s][info][gc,metaspace   ] GC(1421) Metaspace: 121281K(125120K)->121281K(125120K) NonClass: 105075K(105664K)->105075K(105664K) Class: 16205K(19456K)->16205K(19456K)
[843.513s][info][gc             ] GC(1421) Pause Full (Allocation Failure) 1979M->1383M(1979M) 270.835ms
[843.513s][info][gc,cpu         ] GC(1421) User=0.27s Sys=0.00s Real=0.27s
[845.658s][info][gc,start       ] GC(1422) Pause Full (Allocation Failure)
[845.658s][info][gc,phases,start] GC(1422) Phase 1: Mark live objects
[845.714s][info][gc,phases      ] GC(1422) Phase 1: Mark live objects 55.664ms
[845.714s][info][gc,phases,start] GC(1422) Phase 2: Compute new object addresses
[845.883s][info][gc,phases      ] GC(1422) Phase 2: Compute new object addresses 168.977ms
[845.883s][info][gc,phases,start] GC(1422) Phase 3: Adjust pointers
[845.915s][info][gc,phases      ] GC(1422) Phase 3: Adjust pointers 32.291ms
[845.915s][info][gc,phases,start] GC(1422) Phase 4: Move objects
[845.919s][info][gc,phases      ] GC(1422) Phase 4: Move objects 4.512ms
[845.920s][info][gc,heap        ] GC(1422) DefNew: 629119K(629120K)->21600K(629120K) Eden: 559232K(559232K)->21600K(559232K) From: 69887K(69888K)->0K(69888K)
[845.920s][info][gc,heap        ] GC(1422) Tenured: 1398143K(1398144K)->1398143K(1398144K)
[845.920s][info][gc,metaspace   ] GC(1422) Metaspace: 121281K(125120K)->121281K(125120K) NonClass: 105075K(105664K)->105075K(105664K) Class: 16205K(19456K)->16205K(19456K)
[845.920s][info][gc             ] GC(1422) Pause Full (Allocation Failure) 1979M->1386M(1979M) 262.571ms
[845.920s][info][gc,cpu         ] GC(1422) User=0.25s Sys=0.00s Real=0.25s
[848.119s][info][gc,start       ] GC(1423) Pause Full (Allocation Failure)
[848.119s][info][gc,phases,start] GC(1423) Phase 1: Mark live objects
[848.179s][info][gc,phases      ] GC(1423) Phase 1: Mark live objects 59.759ms
[848.179s][info][gc,phases,start] GC(1423) Phase 2: Compute new object addresses
[848.346s][info][gc,phases      ] GC(1423) Phase 2: Compute new object addresses 166.756ms
[848.346s][info][gc,phases,start] GC(1423) Phase 3: Adjust pointers
[848.378s][info][gc,phases      ] GC(1423) Phase 3: Adjust pointers 32.396ms
[848.378s][info][gc,phases,start] GC(1423) Phase 4: Move objects
[848.381s][info][gc,phases      ] GC(1423) Phase 4: Move objects 3.319ms
[848.382s][info][gc,heap        ] GC(1423) DefNew: 629120K(629120K)->19166K(629120K) Eden: 559232K(559232K)->19166K(559232K) From: 69888K(69888K)->0K(69888K)
[848.382s][info][gc,heap        ] GC(1423) Tenured: 1398143K(1398144K)->1398143K(1398144K)
[848.382s][info][gc,metaspace   ] GC(1423) Metaspace: 121281K(125120K)->121281K(125120K) NonClass: 105075K(105664K)->105075K(105664K) Class: 16205K(19456K)->16205K(19456K)
[848.382s][info][gc             ] GC(1423) Pause Full (Allocation Failure) 1979M->1384M(1979M) 263.382ms
[848.382s][info][gc,cpu         ] GC(1423) User=0.27s Sys=0.00s Real=0.27s
[850.514s][info][gc,start       ] GC(1424) Pause Full (Allocation Failure)
[850.514s][info][gc,phases,start] GC(1424) Phase 1: Mark live objects
[850.580s][info][gc,phases      ] GC(1424) Phase 1: Mark live objects 66.529ms
[850.581s][info][gc,phases,start] GC(1424) Phase 2: Compute new object addresses
[850.749s][info][gc,phases      ] GC(1424) Phase 2: Compute new object addresses 168.932ms
[850.749s][info][gc,phases,start] GC(1424) Phase 3: Adjust pointers
[850.783s][info][gc,phases      ] GC(1424) Phase 3: Adjust pointers 33.203ms
[850.783s][info][gc,phases,start] GC(1424) Phase 4: Move objects
[850.854s][info][gc,phases      ] GC(1424) Phase 4: Move objects 71.097ms
[850.855s][info][gc,heap        ] GC(1424) DefNew: 629119K(629120K)->3867K(629120K) Eden: 559232K(559232K)->3867K(559232K) From: 69887K(69888K)->0K(69888K)
[850.855s][info][gc,heap        ] GC(1424) Tenured: 1398143K(1398144K)->1396134K(1398144K)
[850.855s][info][gc,metaspace   ] GC(1424) Metaspace: 121281K(125120K)->121281K(125120K) NonClass: 105075K(105664K)->105075K(105664K) Class: 16205K(19456K)->16205K(19456K)
[850.855s][info][gc             ] GC(1424) Pause Full (Allocation Failure) 1979M->1367M(1979M) 341.111ms
[850.855s][info][gc,cpu         ] GC(1424) User=0.34s Sys=0.00s Real=0.34s
[853.073s][info][gc,start       ] GC(1425) Pause Full (Allocation Failure)
[853.073s][info][gc,phases,start] GC(1425) Phase 1: Mark live objects
[853.128s][info][gc,phases      ] GC(1425) Phase 1: Mark live objects 55.468ms
[853.128s][info][gc,phases,start] GC(1425) Phase 2: Compute new object addresses
[853.302s][info][gc,phases      ] GC(1425) Phase 2: Compute new object addresses 174.040ms
[853.302s][info][gc,phases,start] GC(1425) Phase 3: Adjust pointers
[853.335s][info][gc,phases      ] GC(1425) Phase 3: Adjust pointers 32.475ms
[853.335s][info][gc,phases,start] GC(1425) Phase 4: Move objects
[853.335s][info][gc,phases      ] GC(1425) Phase 4: Move objects 0.032ms
[853.336s][info][gc,heap        ] GC(1425) DefNew: 629120K(629120K)->3813K(629120K) Eden: 559232K(559232K)->3813K(559232K) From: 69888K(69888K)->0K(69888K)
[853.336s][info][gc,heap        ] GC(1425) Tenured: 1398144K(1398144K)->1398144K(1398144K)
[853.336s][info][gc,metaspace   ] GC(1425) Metaspace: 121281K(125120K)->121281K(125120K) NonClass: 105075K(105664K)->105075K(105664K) Class: 16205K(19456K)->16205K(19456K)
[853.336s][info][gc             ] GC(1425) Pause Full (Allocation Failure) 1979M->1369M(1979M) 263.165ms
[853.336s][info][gc,cpu         ] GC(1425) User=0.28s Sys=0.00s Real=0.27s
[855.916s][info][gc,start       ] GC(1426) Pause Full (Allocation Failure)
[855.916s][info][gc,phases,start] GC(1426) Phase 1: Mark live objects
[855.971s][info][gc,phases      ] GC(1426) Phase 1: Mark live objects 55.307ms
[855.971s][info][gc,phases,start] GC(1426) Phase 2: Compute new object addresses
[856.145s][info][gc,phases      ] GC(1426) Phase 2: Compute new object addresses 173.144ms
[856.145s][info][gc,phases,start] GC(1426) Phase 3: Adjust pointers
[856.177s][info][gc,phases      ] GC(1426) Phase 3: Adjust pointers 32.257ms
[856.177s][info][gc,phases,start] GC(1426) Phase 4: Move objects
[856.177s][info][gc,phases      ] GC(1426) Phase 4: Move objects 0.037ms
[856.178s][info][gc,heap        ] GC(1426) DefNew: 629119K(629120K)->3862K(629120K) Eden: 559232K(559232K)->3862K(559232K) From: 69887K(69888K)->0K(69888K)
[856.178s][info][gc,heap        ] GC(1426) Tenured: 1398144K(1398144K)->1398144K(1398144K)
[856.178s][info][gc,metaspace   ] GC(1426) Metaspace: 121281K(125120K)->121281K(125120K) NonClass: 105075K(105664K)->105075K(105664K) Class: 16205K(19456K)->16205K(19456K)
[856.178s][info][gc             ] GC(1426) Pause Full (Allocation Failure) 1979M->1369M(1979M) 261.878ms
[856.178s][info][gc,cpu         ] GC(1426) User=0.25s Sys=0.02s Real=0.27s
[858.259s][info][gc,start       ] GC(1427) Pause Full (Allocation Failure)
[858.259s][info][gc,phases,start] GC(1427) Phase 1: Mark live objects
[858.326s][info][gc,phases      ] GC(1427) Phase 1: Mark live objects 66.465ms
[858.326s][info][gc,phases,start] GC(1427) Phase 2: Compute new object addresses
[858.502s][info][gc,phases      ] GC(1427) Phase 2: Compute new object addresses 176.588ms
[858.502s][info][gc,phases,start] GC(1427) Phase 3: Adjust pointers
[858.535s][info][gc,phases      ] GC(1427) Phase 3: Adjust pointers 32.403ms
[858.535s][info][gc,phases,start] GC(1427) Phase 4: Move objects
[858.535s][info][gc,phases      ] GC(1427) Phase 4: Move objects 0.056ms
[858.536s][info][gc,heap        ] GC(1427) DefNew: 629120K(629120K)->3873K(629120K) Eden: 559232K(559232K)->3873K(559232K) From: 69888K(69888K)->0K(69888K)
[858.536s][info][gc,heap        ] GC(1427) Tenured: 1398144K(1398144K)->1398144K(1398144K)
[858.536s][info][gc,metaspace   ] GC(1427) Metaspace: 121281K(125120K)->121281K(125120K) NonClass: 105075K(105664K)->105075K(105664K) Class: 16205K(19456K)->16205K(19456K)
[858.536s][info][gc             ] GC(1427) Pause Full (Allocation Failure) 1979M->1369M(1979M) 276.732ms
[858.536s][info][gc,cpu         ] GC(1427) User=0.28s Sys=0.00s Real=0.28s
[858.999s][info][gc,start       ] GC(1428) Pause Full (Allocation Failure)
[858.999s][info][gc,phases,start] GC(1428) Phase 1: Mark live objects
[859.065s][info][gc,phases      ] GC(1428) Phase 1: Mark live objects 65.960ms
[859.065s][info][gc,phases,start] GC(1428) Phase 2: Compute new object addresses
[859.238s][info][gc,phases      ] GC(1428) Phase 2: Compute new object addresses 172.978ms
[859.238s][info][gc,phases,start] GC(1428) Phase 3: Adjust pointers
[859.270s][info][gc,phases      ] GC(1428) Phase 3: Adjust pointers 31.760ms
[859.270s][info][gc,phases,start] GC(1428) Phase 4: Move objects
[859.278s][info][gc,phases      ] GC(1428) Phase 4: Move objects 7.861ms
[859.279s][info][gc,heap        ] GC(1428) DefNew: 629118K(629120K)->0K(629120K) Eden: 559232K(559232K)->0K(559232K) From: 69886K(69888K)->0K(69888K)
[859.279s][info][gc,heap        ] GC(1428) Tenured: 1398144K(1398144K)->1000884K(1398144K)
[859.279s][info][gc,metaspace   ] GC(1428) Metaspace: 121291K(125120K)->121291K(125120K) NonClass: 105082K(105664K)->105082K(105664K) Class: 16208K(19456K)->16208K(19456K)
[859.279s][info][gc             ] GC(1428) Pause Full (Allocation Failure) 1979M->977M(1979M) 279.855ms
[859.279s][info][gc,cpu         ] GC(1428) User=0.28s Sys=0.00s Real=0.28s
[859.937s][info][gc,start       ] GC(1429) Pause Full (System.gc())
[859.937s][info][gc,phases,start] GC(1429) Phase 1: Mark live objects
[860.002s][info][gc,phases      ] GC(1429) Phase 1: Mark live objects 65.694ms
[860.002s][info][gc,phases,start] GC(1429) Phase 2: Compute new object addresses
[860.045s][info][gc,phases      ] GC(1429) Phase 2: Compute new object addresses 42.390ms
[860.045s][info][gc,phases,start] GC(1429) Phase 3: Adjust pointers
[860.077s][info][gc,phases      ] GC(1429) Phase 3: Adjust pointers 31.685ms
[860.077s][info][gc,phases,start] GC(1429) Phase 4: Move objects
[860.077s][info][gc,phases      ] GC(1429) Phase 4: Move objects 0.068ms
[860.077s][info][gc,heap        ] GC(1429) DefNew: 85561K(629120K)->0K(629120K) Eden: 85561K(559232K)->0K(559232K) From: 0K(69888K)->0K(69888K)
[860.077s][info][gc,heap        ] GC(1429) Tenured: 1000884K(1398144K)->1001023K(1398144K)
[860.077s][info][gc,metaspace   ] GC(1429) Metaspace: 121294K(125120K)->121294K(125120K) NonClass: 105086K(105664K)->105086K(105664K) Class: 16208K(19456K)->16208K(19456K)
[860.077s][info][gc             ] GC(1429) Pause Full (System.gc()) 1060M->977M(1979M) 140.964ms
[860.078s][info][gc,cpu         ] GC(1429) User=0.13s Sys=0.00s Real=0.13s
[860.197s][info][gc,start       ] GC(1430) Pause Young (Allocation Failure)
[860.211s][info][gc,heap        ] GC(1430) DefNew: 559232K(629120K)->12628K(629120K) Eden: 559232K(559232K)->0K(559232K) From: 0K(69888K)->12628K(69888K)
[860.211s][info][gc,heap        ] GC(1430) Tenured: 1001023K(1398144K)->1001023K(1398144K)
[860.211s][info][gc,metaspace   ] GC(1430) Metaspace: 121357K(125184K)->121357K(125184K) NonClass: 105147K(105728K)->105147K(105728K) Class: 16209K(19456K)->16209K(19456K)
[860.211s][info][gc             ] GC(1430) Pause Young (Allocation Failure) 1523M->989M(1979M) 14.561ms
[860.211s][info][gc,cpu         ] GC(1430) User=0.02s Sys=0.00s Real=0.02s
[860.249s][info][gc,start       ] GC(1431) Pause Young (Allocation Failure)
[860.261s][info][gc,heap        ] GC(1431) DefNew: 571860K(629120K)->19974K(629120K) Eden: 559232K(559232K)->0K(559232K) From: 12628K(69888K)->19974K(69888K)
[860.261s][info][gc,heap        ] GC(1431) Tenured: 1001023K(1398144K)->1001023K(1398144K)
[860.261s][info][gc,metaspace   ] GC(1431) Metaspace: 121357K(125184K)->121357K(125184K) NonClass: 105147K(105728K)->105147K(105728K) Class: 16209K(19456K)->16209K(19456K)
[860.261s][info][gc             ] GC(1431) Pause Young (Allocation Failure) 1536M->997M(1979M) 11.607ms
[860.261s][info][gc,cpu         ] GC(1431) User=0.05s Sys=0.00s Real=0.01s
[860.298s][info][gc,start       ] GC(1432) Pause Young (Allocation Failure)
[860.312s][info][gc,heap        ] GC(1432) DefNew: 579206K(629120K)->27787K(629120K) Eden: 559232K(559232K)->0K(559232K) From: 19974K(69888K)->27787K(69888K)
[860.312s][info][gc,heap        ] GC(1432) Tenured: 1001023K(1398144K)->1001023K(1398144K)
[860.312s][info][gc,metaspace   ] GC(1432) Metaspace: 121357K(125184K)->121357K(125184K) NonClass: 105147K(105728K)->105147K(105728K) Class: 16209K(19456K)->16209K(19456K)
[860.312s][info][gc             ] GC(1432) Pause Young (Allocation Failure) 1543M->1004M(1979M) 13.367ms
[860.312s][info][gc,cpu         ] GC(1432) User=0.02s Sys=0.00s Real=0.02s
[860.350s][info][gc,start       ] GC(1433) Pause Young (Allocation Failure)
[860.364s][info][gc,heap        ] GC(1433) DefNew: 587019K(629120K)->32475K(629120K) Eden: 559232K(559232K)->0K(559232K) From: 27787K(69888K)->32475K(69888K)
[860.364s][info][gc,heap        ] GC(1433) Tenured: 1001023K(1398144K)->1001023K(1398144K)
[860.364s][info][gc,metaspace   ] GC(1433) Metaspace: 121357K(125184K)->121357K(125184K) NonClass: 105147K(105728K)->105147K(105728K) Class: 16209K(19456K)->16209K(19456K)
[860.364s][info][gc             ] GC(1433) Pause Young (Allocation Failure) 1550M->1009M(1979M) 14.357ms
[860.364s][info][gc,cpu         ] GC(1433) User=0.02s Sys=0.00s Real=0.02s
[860.402s][info][gc,start       ] GC(1434) Pause Young (Allocation Failure)
[860.417s][info][gc,heap        ] GC(1434) DefNew: 591707K(629120K)->36395K(629120K) Eden: 559232K(559232K)->0K(559232K) From: 32475K(69888K)->36395K(69888K)
[860.417s][info][gc,heap        ] GC(1434) Tenured: 1001023K(1398144K)->1001023K(1398144K)
[860.417s][info][gc,metaspace   ] GC(1434) Metaspace: 121357K(125184K)->121357K(125184K) NonClass: 105147K(105728K)->105147K(105728K) Class: 16209K(19456K)->16209K(19456K)
[860.417s][info][gc             ] GC(1434) Pause Young (Allocation Failure) 1555M->1013M(1979M) 15.256ms
[860.418s][info][gc,cpu         ] GC(1434) User=0.02s Sys=0.00s Real=0.02s
[860.456s][info][gc,start       ] GC(1435) Pause Young (Allocation Failure)
[860.474s][info][gc,heap        ] GC(1435) DefNew: 595627K(629120K)->35014K(629120K) Eden: 559232K(559232K)->0K(559232K) From: 36395K(69888K)->35014K(69888K)
[860.474s][info][gc,heap        ] GC(1435) Tenured: 1001023K(1398144K)->1010207K(1398144K)
[860.474s][info][gc,metaspace   ] GC(1435) Metaspace: 121357K(125184K)->121357K(125184K) NonClass: 105147K(105728K)->105147K(105728K) Class: 16209K(19456K)->16209K(19456K)
[860.474s][info][gc             ] GC(1435) Pause Young (Allocation Failure) 1559M->1020M(1979M) 18.064ms
[860.474s][info][gc,cpu         ] GC(1435) User=0.02s Sys=0.00s Real=0.02s
[860.513s][info][gc,start       ] GC(1436) Pause Young (Allocation Failure)
[860.528s][info][gc,heap        ] GC(1436) DefNew: 594246K(629120K)->50234K(629120K) Eden: 559232K(559232K)->0K(559232K) From: 35014K(69888K)->50234K(69888K)
[860.528s][info][gc,heap        ] GC(1436) Tenured: 1010207K(1398144K)->1010564K(1398144K)
[860.528s][info][gc,metaspace   ] GC(1436) Metaspace: 121357K(125184K)->121357K(125184K) NonClass: 105147K(105728K)->105147K(105728K) Class: 16209K(19456K)->16209K(19456K)
[860.528s][info][gc             ] GC(1436) Pause Young (Allocation Failure) 1566M->1035M(1979M) 14.638ms
[860.528s][info][gc,cpu         ] GC(1436) User=0.02s Sys=0.00s Real=0.02s
[860.567s][info][gc,start       ] GC(1437) Pause Young (Allocation Failure)
[860.580s][info][gc,heap        ] GC(1437) DefNew: 609466K(629120K)->28402K(629120K) Eden: 559232K(559232K)->0K(559232K) From: 50234K(69888K)->28402K(69888K)
[860.580s][info][gc,heap        ] GC(1437) Tenured: 1010564K(1398144K)->1029324K(1398144K)
[860.580s][info][gc,metaspace   ] GC(1437) Metaspace: 121357K(125184K)->121357K(125184K) NonClass: 105147K(105728K)->105147K(105728K) Class: 16209K(19456K)->16209K(19456K)
[860.580s][info][gc             ] GC(1437) Pause Young (Allocation Failure) 1582M->1032M(1979M) 13.524ms
[860.580s][info][gc,cpu         ] GC(1437) User=0.00s Sys=0.00s Real=0.00s
[860.619s][info][gc,start       ] GC(1438) Pause Young (Allocation Failure)
[860.628s][info][gc,heap        ] GC(1438) DefNew: 587634K(629120K)->28370K(629120K) Eden: 559232K(559232K)->0K(559232K) From: 28402K(69888K)->28370K(69888K)
[860.628s][info][gc,heap        ] GC(1438) Tenured: 1029324K(1398144K)->1029324K(1398144K)
[860.628s][info][gc,metaspace   ] GC(1438) Metaspace: 121357K(125184K)->121357K(125184K) NonClass: 105147K(105728K)->105147K(105728K) Class: 16209K(19456K)->16209K(19456K)
[860.628s][info][gc             ] GC(1438) Pause Young (Allocation Failure) 1579M->1032M(1979M) 9.247ms
[860.628s][info][gc,cpu         ] GC(1438) User=0.00s Sys=0.00s Real=0.00s
[860.667s][info][gc,start       ] GC(1439) Pause Young (Allocation Failure)
[860.681s][info][gc,heap        ] GC(1439) DefNew: 587602K(629120K)->47128K(629120K) Eden: 559232K(559232K)->0K(559232K) From: 28370K(69888K)->47128K(69888K)
[860.681s][info][gc,heap        ] GC(1439) Tenured: 1029324K(1398144K)->1029324K(1398144K)
[860.681s][info][gc,metaspace   ] GC(1439) Metaspace: 121357K(125184K)->121357K(125184K) NonClass: 105147K(105728K)->105147K(105728K) Class: 16209K(19456K)->16209K(19456K)
[860.681s][info][gc             ] GC(1439) Pause Young (Allocation Failure) 1579M->1051M(1979M) 13.983ms
[860.681s][info][gc,cpu         ] GC(1439) User=0.02s Sys=0.00s Real=0.02s
[860.723s][info][gc,start       ] GC(1440) Pause Young (Allocation Failure)
[860.747s][info][gc,heap        ] GC(1440) DefNew: 606360K(629120K)->62772K(629120K) Eden: 559232K(559232K)->0K(559232K) From: 47128K(69888K)->62772K(69888K)
[860.747s][info][gc,heap        ] GC(1440) Tenured: 1029324K(1398144K)->1057450K(1398144K)
[860.747s][info][gc,metaspace   ] GC(1440) Metaspace: 121357K(125184K)->121357K(125184K) NonClass: 105147K(105728K)->105147K(105728K) Class: 16209K(19456K)->16209K(19456K)
[860.747s][info][gc             ] GC(1440) Pause Young (Allocation Failure) 1597M->1093M(1979M) 23.389ms
[860.747s][info][gc,cpu         ] GC(1440) User=0.02s Sys=0.00s Real=0.01s
[860.787s][info][gc,start       ] GC(1441) Pause Young (Allocation Failure)
[860.808s][info][gc,heap        ] GC(1441) DefNew: 622004K(629120K)->18981K(629120K) Eden: 559232K(559232K)->0K(559232K) From: 62772K(69888K)->18981K(69888K)
[860.808s][info][gc,heap        ] GC(1441) Tenured: 1057450K(1398144K)->1119963K(1398144K)
[860.808s][info][gc,metaspace   ] GC(1441) Metaspace: 121357K(125184K)->121357K(125184K) NonClass: 105147K(105728K)->105147K(105728K) Class: 16209K(19456K)->16209K(19456K)
[860.808s][info][gc             ] GC(1441) Pause Young (Allocation Failure) 1640M->1112M(1979M) 21.196ms
[860.808s][info][gc,cpu         ] GC(1441) User=0.02s Sys=0.00s Real=0.02s
[860.847s][info][gc,start       ] GC(1442) Pause Young (Allocation Failure)
[860.860s][info][gc,heap        ] GC(1442) DefNew: 578213K(629120K)->43857K(629120K) Eden: 559232K(559232K)->0K(559232K) From: 18981K(69888K)->43857K(69888K)
[860.860s][info][gc,heap        ] GC(1442) Tenured: 1119963K(1398144K)->1119963K(1398144K)
[860.860s][info][gc,metaspace   ] GC(1442) Metaspace: 121357K(125184K)->121357K(125184K) NonClass: 105147K(105728K)->105147K(105728K) Class: 16209K(19456K)->16209K(19456K)
[860.860s][info][gc             ] GC(1442) Pause Young (Allocation Failure) 1658M->1136M(1979M) 13.022ms
[860.860s][info][gc,cpu         ] GC(1442) User=0.03s Sys=0.02s Real=0.02s
[860.901s][info][gc,start       ] GC(1443) Pause Young (Allocation Failure)
[860.922s][info][gc,heap        ] GC(1443) DefNew: 603089K(629120K)->58719K(629120K) Eden: 559232K(559232K)->0K(559232K) From: 43857K(69888K)->58719K(69888K)
[860.922s][info][gc,heap        ] GC(1443) Tenured: 1119963K(1398144K)->1138716K(1398144K)
[860.922s][info][gc,metaspace   ] GC(1443) Metaspace: 121357K(125184K)->121357K(125184K) NonClass: 105147K(105728K)->105147K(105728K) Class: 16209K(19456K)->16209K(19456K)
[860.922s][info][gc             ] GC(1443) Pause Young (Allocation Failure) 1682M->1169M(1979M) 20.990ms
[860.922s][info][gc,cpu         ] GC(1443) User=0.03s Sys=0.00s Real=0.03s
[860.963s][info][gc,start       ] GC(1444) Pause Young (Allocation Failure)
[860.991s][info][gc,heap        ] GC(1444) DefNew: 617951K(629120K)->69883K(629120K) Eden: 559232K(559232K)->0K(559232K) From: 58719K(69888K)->69883K(69888K)
[860.991s][info][gc,heap        ] GC(1444) Tenured: 1138716K(1398144K)->1180469K(1398144K)
[860.991s][info][gc,metaspace   ] GC(1444) Metaspace: 121357K(125184K)->121357K(125184K) NonClass: 105147K(105728K)->105147K(105728K) Class: 16209K(19456K)->16209K(19456K)
[860.991s][info][gc             ] GC(1444) Pause Young (Allocation Failure) 1715M->1221M(1979M) 28.104ms
[860.991s][info][gc,cpu         ] GC(1444) User=0.05s Sys=0.00s Real=0.03s
[861.031s][info][gc,start       ] GC(1445) Pause Young (Allocation Failure)
[861.057s][info][gc,heap        ] GC(1445) DefNew: 629115K(629120K)->30807K(629120K) Eden: 559232K(559232K)->0K(559232K) From: 69883K(69888K)->30807K(69888K)
[861.057s][info][gc,heap        ] GC(1445) Tenured: 1180469K(1398144K)->1248359K(1398144K)
[861.057s][info][gc,metaspace   ] GC(1445) Metaspace: 121357K(125184K)->121357K(125184K) NonClass: 105147K(105728K)->105147K(105728K) Class: 16209K(19456K)->16209K(19456K)
[861.057s][info][gc             ] GC(1445) Pause Young (Allocation Failure) 1767M->1249M(1979M) 25.962ms
[861.057s][info][gc,cpu         ] GC(1445) User=0.03s Sys=0.00s Real=0.01s
[861.096s][info][gc,start       ] GC(1446) Pause Young (Allocation Failure)
[861.142s][info][gc,heap        ] GC(1446) DefNew: 590039K(629120K)->43604K(629120K) Eden: 559232K(559232K)->0K(559232K) From: 30807K(69888K)->43604K(69888K)
[861.142s][info][gc,heap        ] GC(1446) Tenured: 1248359K(1398144K)->1248359K(1398144K)
[861.142s][info][gc,metaspace   ] GC(1446) Metaspace: 121357K(125184K)->121357K(125184K) NonClass: 105147K(105728K)->105147K(105728K) Class: 16209K(19456K)->16209K(19456K)
[861.143s][info][gc             ] GC(1446) Pause Young (Allocation Failure) 1795M->1261M(1979M) 46.214ms
[861.143s][info][gc,cpu         ] GC(1446) User=0.02s Sys=0.00s Real=0.05s
[861.181s][info][gc,start       ] GC(1447) Pause Young (Allocation Failure)
[861.196s][info][gc,heap        ] GC(1447) DefNew: 602836K(629120K)->28529K(629120K) Eden: 559232K(559232K)->0K(559232K) From: 43604K(69888K)->28529K(69888K)
[861.196s][info][gc,heap        ] GC(1447) Tenured: 1248359K(1398144K)->1272275K(1398144K)
[861.196s][info][gc,metaspace   ] GC(1447) Metaspace: 121357K(125184K)->121357K(125184K) NonClass: 105147K(105728K)->105147K(105728K) Class: 16209K(19456K)->16209K(19456K)
[861.196s][info][gc             ] GC(1447) Pause Young (Allocation Failure) 1807M->1270M(1979M) 14.948ms
[861.196s][info][gc,cpu         ] GC(1447) User=0.00s Sys=0.00s Real=0.00s
[861.235s][info][gc,start       ] GC(1448) Pause Young (Allocation Failure)
[861.247s][info][gc,heap        ] GC(1448) DefNew: 587761K(629120K)->37571K(629120K) Eden: 559232K(559232K)->0K(559232K) From: 28529K(69888K)->37571K(69888K)
[861.247s][info][gc,heap        ] GC(1448) Tenured: 1272275K(1398144K)->1272275K(1398144K)
[861.247s][info][gc,metaspace   ] GC(1448) Metaspace: 121357K(125184K)->121357K(125184K) NonClass: 105147K(105728K)->105147K(105728K) Class: 16209K(19456K)->16209K(19456K)
[861.247s][info][gc             ] GC(1448) Pause Young (Allocation Failure) 1816M->1279M(1979M) 11.703ms
[861.247s][info][gc,cpu         ] GC(1448) User=0.03s Sys=0.00s Real=0.02s
[861.286s][info][gc,start       ] GC(1449) Pause Young (Allocation Failure)
[861.299s][info][gc,heap        ] GC(1449) DefNew: 596803K(629120K)->43503K(629120K) Eden: 559232K(559232K)->0K(559232K) From: 37571K(69888K)->43503K(69888K)
[861.299s][info][gc,heap        ] GC(1449) Tenured: 1272275K(1398144K)->1276475K(1398144K)
[861.299s][info][gc,metaspace   ] GC(1449) Metaspace: 121357K(125184K)->121357K(125184K) NonClass: 105147K(105728K)->105147K(105728K) Class: 16209K(19456K)->16209K(19456K)
[861.300s][info][gc             ] GC(1449) Pause Young (Allocation Failure) 1825M->1289M(1979M) 13.896ms
[861.300s][info][gc,cpu         ] GC(1449) User=0.03s Sys=0.00s Real=0.02s
[861.338s][info][gc,start       ] GC(1450) Pause Young (Allocation Failure)
[861.352s][info][gc,heap        ] GC(1450) DefNew: 602735K(629120K)->42489K(629120K) Eden: 559232K(559232K)->0K(559232K) From: 43503K(69888K)->42489K(69888K)
[861.352s][info][gc,heap        ] GC(1450) Tenured: 1276475K(1398144K)->1283765K(1398144K)
[861.352s][info][gc,metaspace   ] GC(1450) Metaspace: 121357K(125184K)->121357K(125184K) NonClass: 105147K(105728K)->105147K(105728K) Class: 16209K(19456K)->16209K(19456K)
[861.352s][info][gc             ] GC(1450) Pause Young (Allocation Failure) 1835M->1295M(1979M) 14.459ms
[861.352s][info][gc,cpu         ] GC(1450) User=0.02s Sys=0.00s Real=0.02s
[861.390s][info][gc,start       ] GC(1451) Pause Young (Allocation Failure)
[861.404s][info][gc,heap        ] GC(1451) DefNew: 601721K(629120K)->31650K(629120K) Eden: 559232K(559232K)->0K(559232K) From: 42489K(69888K)->31650K(69888K)
[861.404s][info][gc,heap        ] GC(1451) Tenured: 1283765K(1398144K)->1296267K(1398144K)
[861.404s][info][gc,metaspace   ] GC(1451) Metaspace: 121357K(125184K)->121357K(125184K) NonClass: 105147K(105728K)->105147K(105728K) Class: 16209K(19456K)->16209K(19456K)
[861.404s][info][gc             ] GC(1451) Pause Young (Allocation Failure) 1841M->1296M(1979M) 13.214ms
[861.404s][info][gc,cpu         ] GC(1451) User=0.02s Sys=0.00s Real=0.02s
[861.442s][info][gc,start       ] GC(1452) Pause Young (Allocation Failure)
[861.454s][info][gc,heap        ] GC(1452) DefNew: 590882K(629120K)->37987K(629120K) Eden: 559232K(559232K)->0K(559232K) From: 31650K(69888K)->37987K(69888K)
[861.454s][info][gc,heap        ] GC(1452) Tenured: 1296267K(1398144K)->1296267K(1398144K)
[861.454s][info][gc,metaspace   ] GC(1452) Metaspace: 121357K(125184K)->121357K(125184K) NonClass: 105147K(105728K)->105147K(105728K) Class: 16209K(19456K)->16209K(19456K)
[861.454s][info][gc             ] GC(1452) Pause Young (Allocation Failure) 1842M->1302M(1979M) 11.646ms
[861.454s][info][gc,cpu         ] GC(1452) User=0.00s Sys=0.00s Real=0.00s
[861.493s][info][gc,start       ] GC(1453) Pause Young (Allocation Failure)
[861.510s][info][gc,heap        ] GC(1453) DefNew: 597219K(629120K)->47294K(629120K) Eden: 559232K(559232K)->0K(559232K) From: 37987K(69888K)->47294K(69888K)
[861.510s][info][gc,heap        ] GC(1453) Tenured: 1296267K(1398144K)->1311893K(1398144K)
[861.510s][info][gc,metaspace   ] GC(1453) Metaspace: 121357K(125184K)->121357K(125184K) NonClass: 105147K(105728K)->105147K(105728K) Class: 16209K(19456K)->16209K(19456K)
[861.510s][info][gc             ] GC(1453) Pause Young (Allocation Failure) 1849M->1327M(1979M) 17.626ms
[861.510s][info][gc,cpu         ] GC(1453) User=0.02s Sys=0.00s Real=0.02s
[861.550s][info][gc,start       ] GC(1454) Pause Young (Allocation Failure)
[861.569s][info][gc,heap        ] GC(1454) DefNew: 606526K(629120K)->56585K(629120K) Eden: 559232K(559232K)->0K(559232K) From: 47294K(69888K)->56585K(69888K)
[861.569s][info][gc,heap        ] GC(1454) Tenured: 1311893K(1398144K)->1327616K(1398144K)
[861.569s][info][gc,metaspace   ] GC(1454) Metaspace: 121357K(125184K)->121357K(125184K) NonClass: 105147K(105728K)->105147K(105728K) Class: 16209K(19456K)->16209K(19456K)
[861.569s][info][gc             ] GC(1454) Pause Young (Allocation Failure) 1873M->1351M(1979M) 19.382ms
[861.570s][info][gc,cpu         ] GC(1454) User=0.02s Sys=0.00s Real=0.02s
[861.608s][info][gc,start       ] GC(1455) Pause Young (Allocation Failure)
[861.629s][info][gc,heap        ] GC(1455) DefNew: 615817K(629120K)->66695K(629120K) Eden: 559232K(559232K)->0K(559232K) From: 56585K(69888K)->66695K(69888K)
[861.629s][info][gc,heap        ] GC(1455) Tenured: 1327616K(1398144K)->1358888K(1398144K)
[861.629s][info][gc,metaspace   ] GC(1455) Metaspace: 121357K(125184K)->121357K(125184K) NonClass: 105147K(105728K)->105147K(105728K) Class: 16209K(19456K)->16209K(19456K)
[861.629s][info][gc             ] GC(1455) Pause Young (Allocation Failure) 1897M->1392M(1979M) 21.041ms
[861.629s][info][gc,cpu         ] GC(1455) User=0.02s Sys=0.00s Real=0.01s
[861.669s][info][gc,start       ] GC(1456) Pause Young (Allocation Failure)
[861.670s][info][gc             ] GC(1456) Pause Young (Allocation Failure) 1938M->1938M(1979M) 0.141ms
[861.670s][info][gc,cpu         ] GC(1456) User=0.00s Sys=0.00s Real=0.00s
[861.670s][info][gc,start       ] GC(1457) Pause Full (Allocation Failure)
[861.670s][info][gc,phases,start] GC(1457) Phase 1: Mark live objects
[861.745s][info][gc,phases      ] GC(1457) Phase 1: Mark live objects 75.740ms
[861.745s][info][gc,phases,start] GC(1457) Phase 2: Compute new object addresses
[861.916s][info][gc,phases      ] GC(1457) Phase 2: Compute new object addresses 170.656ms
[861.916s][info][gc,phases,start] GC(1457) Phase 3: Adjust pointers
[861.958s][info][gc,phases      ] GC(1457) Phase 3: Adjust pointers 41.860ms
[861.958s][info][gc,phases,start] GC(1457) Phase 4: Move objects
[861.987s][info][gc,phases      ] GC(1457) Phase 4: Move objects 29.345ms
[861.989s][info][gc,heap        ] GC(1457) DefNew: 625927K(629120K)->0K(629120K) Eden: 559232K(559232K)->0K(559232K) From: 66695K(69888K)->0K(69888K)
[861.989s][info][gc,heap        ] GC(1457) Tenured: 1358888K(1398144K)->1166387K(1398144K)
[861.989s][info][gc,metaspace   ] GC(1457) Metaspace: 121357K(125184K)->121357K(125184K) NonClass: 105147K(105728K)->105147K(105728K) Class: 16209K(19456K)->16209K(19456K)
[861.989s][info][gc             ] GC(1457) Pause Full (Allocation Failure) 1938M->1139M(1979M) 319.227ms
[861.989s][info][gc,cpu         ] GC(1457) User=0.31s Sys=0.00s Real=0.31s
[862.029s][info][gc,start       ] GC(1458) Pause Young (Allocation Failure)
[862.040s][info][gc,heap        ] GC(1458) DefNew: 559232K(629120K)->31495K(629120K) Eden: 559232K(559232K)->0K(559232K) From: 0K(69888K)->31495K(69888K)
[862.040s][info][gc,heap        ] GC(1458) Tenured: 1166387K(1398144K)->1166387K(1398144K)
[862.040s][info][gc,metaspace   ] GC(1458) Metaspace: 121357K(125184K)->121357K(125184K) NonClass: 105147K(105728K)->105147K(105728K) Class: 16209K(19456K)->16209K(19456K)
[862.040s][info][gc             ] GC(1458) Pause Young (Allocation Failure) 1685M->1169M(1979M) 11.272ms
[862.040s][info][gc,cpu         ] GC(1458) User=0.02s Sys=0.00s Real=0.02s
[862.080s][info][gc,start       ] GC(1459) Pause Young (Allocation Failure)
[862.102s][info][gc,heap        ] GC(1459) DefNew: 590727K(629120K)->69888K(629120K) Eden: 559232K(559232K)->0K(559232K) From: 31495K(69888K)->69888K(69888K)
[862.102s][info][gc,heap        ] GC(1459) Tenured: 1166387K(1398144K)->1177601K(1398144K)
[862.102s][info][gc,metaspace   ] GC(1459) Metaspace: 121357K(125184K)->121357K(125184K) NonClass: 105147K(105728K)->105147K(105728K) Class: 16209K(19456K)->16209K(19456K)
[862.102s][info][gc             ] GC(1459) Pause Young (Allocation Failure) 1715M->1218M(1979M) 22.273ms
[862.102s][info][gc,cpu         ] GC(1459) User=0.02s Sys=0.00s Real=0.02s
[862.145s][info][gc,start       ] GC(1460) Pause Young (Allocation Failure)
[862.173s][info][gc,heap        ] GC(1460) DefNew: 629120K(629120K)->32096K(629120K) Eden: 559232K(559232K)->0K(559232K) From: 69888K(69888K)->32096K(69888K)
[862.173s][info][gc,heap        ] GC(1460) Tenured: 1177601K(1398144K)->1245350K(1398144K)
[862.173s][info][gc,metaspace   ] GC(1460) Metaspace: 121357K(125184K)->121357K(125184K) NonClass: 105147K(105728K)->105147K(105728K) Class: 16209K(19456K)->16209K(19456K)
[862.173s][info][gc             ] GC(1460) Pause Young (Allocation Failure) 1764M->1247M(1979M) 27.852ms
[862.173s][info][gc,cpu         ] GC(1460) User=0.03s Sys=0.00s Real=0.03s
[862.214s][info][gc,start       ] GC(1461) Pause Young (Allocation Failure)
[862.232s][info][gc,heap        ] GC(1461) DefNew: 591328K(629120K)->54361K(629120K) Eden: 559232K(559232K)->0K(559232K) From: 32096K(69888K)->54361K(69888K)
[862.232s][info][gc,heap        ] GC(1461) Tenured: 1245350K(1398144K)->1245350K(1398144K)
[862.232s][info][gc,metaspace   ] GC(1461) Metaspace: 121357K(125184K)->121357K(125184K) NonClass: 105147K(105728K)->105147K(105728K) Class: 16209K(19456K)->16209K(19456K)
[862.232s][info][gc             ] GC(1461) Pause Young (Allocation Failure) 1793M->1269M(1979M) 18.155ms
[862.232s][info][gc,cpu         ] GC(1461) User=0.02s Sys=0.00s Real=0.02s
[862.274s][info][gc,start       ] GC(1462) Pause Young (Allocation Failure)
[862.298s][info][gc,heap        ] GC(1462) DefNew: 613593K(629120K)->35702K(629120K) Eden: 559232K(559232K)->0K(559232K) From: 54361K(69888K)->35702K(69888K)
[862.298s][info][gc,heap        ] GC(1462) Tenured: 1245350K(1398144K)->1283120K(1398144K)
[862.298s][info][gc,metaspace   ] GC(1462) Metaspace: 121357K(125184K)->121357K(125184K) NonClass: 105147K(105728K)->105147K(105728K) Class: 16209K(19456K)->16209K(19456K)
[862.298s][info][gc             ] GC(1462) Pause Young (Allocation Failure) 1815M->1287M(1979M) 24.058ms
[862.298s][info][gc,cpu         ] GC(1462) User=0.02s Sys=0.00s Real=0.02s
[862.336s][info][gc,start       ] GC(1463) Pause Young (Allocation Failure)
[862.363s][info][gc,heap        ] GC(1463) DefNew: 594934K(629120K)->69454K(629120K) Eden: 559232K(559232K)->0K(559232K) From: 35702K(69888K)->69454K(69888K)
[862.363s][info][gc,heap        ] GC(1463) Tenured: 1283120K(1398144K)->1315206K(1398144K)
[862.363s][info][gc,metaspace   ] GC(1463) Metaspace: 121357K(125184K)->121357K(125184K) NonClass: 105147K(105728K)->105147K(105728K) Class: 16209K(19456K)->16209K(19456K)
[862.363s][info][gc             ] GC(1463) Pause Young (Allocation Failure) 1834M->1352M(1979M) 26.357ms
[862.363s][info][gc,cpu         ] GC(1463) User=0.03s Sys=0.00s Real=0.03s
[862.401s][info][gc,start       ] GC(1464) Pause Young (Allocation Failure)
[862.429s][info][gc,heap        ] GC(1464) DefNew: 628686K(629120K)->69389K(629120K) Eden: 559232K(559232K)->0K(559232K) From: 69454K(69888K)->69389K(69888K)
[862.429s][info][gc,heap        ] GC(1464) Tenured: 1315206K(1398144K)->1356707K(1398144K)
[862.429s][info][gc,metaspace   ] GC(1464) Metaspace: 121357K(125184K)->121357K(125184K) NonClass: 105147K(105728K)->105147K(105728K) Class: 16209K(19456K)->16209K(19456K)
[862.429s][info][gc             ] GC(1464) Pause Young (Allocation Failure) 1898M->1392M(1979M) 28.092ms
[862.429s][info][gc,cpu         ] GC(1464) User=0.03s Sys=0.00s Real=0.03s
[862.464s][info][gc,start       ] GC(1465) Pause Young (Allocation Failure)
[862.465s][info][gc             ] GC(1465) Pause Young (Allocation Failure) 1938M->1938M(1979M) 0.122ms
[862.465s][info][gc,cpu         ] GC(1465) User=0.00s Sys=0.00s Real=0.00s
[862.465s][info][gc,start       ] GC(1466) Pause Full (Allocation Failure)
[862.465s][info][gc,phases,start] GC(1466) Phase 1: Mark live objects
[862.532s][info][gc,phases      ] GC(1466) Phase 1: Mark live objects 67.819ms
[862.532s][info][gc,phases,start] GC(1466) Phase 2: Compute new object addresses
[862.671s][info][gc,phases      ] GC(1466) Phase 2: Compute new object addresses 138.299ms
[862.671s][info][gc,phases,start] GC(1466) Phase 3: Adjust pointers
[862.704s][info][gc,phases      ] GC(1466) Phase 3: Adjust pointers 33.334ms
[862.704s][info][gc,phases,start] GC(1466) Phase 4: Move objects
[862.733s][info][gc,phases      ] GC(1466) Phase 4: Move objects 29.014ms
[862.734s][info][gc,heap        ] GC(1466) DefNew: 628621K(629120K)->0K(629120K) Eden: 559232K(559232K)->0K(559232K) From: 69389K(69888K)->0K(69888K)
[862.734s][info][gc,heap        ] GC(1466) Tenured: 1356707K(1398144K)->1252068K(1398144K)
[862.734s][info][gc,metaspace   ] GC(1466) Metaspace: 121357K(125184K)->121357K(125184K) NonClass: 105147K(105728K)->105147K(105728K) Class: 16209K(19456K)->16209K(19456K)
[862.734s][info][gc             ] GC(1466) Pause Full (Allocation Failure) 1938M->1222M(1979M) 269.631ms
[862.734s][info][gc,cpu         ] GC(1466) User=0.27s Sys=0.00s Real=0.26s
[862.770s][info][gc,start       ] GC(1467) Pause Young (Allocation Failure)
[862.779s][info][gc,heap        ] GC(1467) DefNew: 557472K(629120K)->28370K(629120K) Eden: 557472K(559232K)->0K(559232K) From: 0K(69888K)->28370K(69888K)
[862.779s][info][gc,heap        ] GC(1467) Tenured: 1252068K(1398144K)->1252068K(1398144K)
[862.779s][info][gc,metaspace   ] GC(1467) Metaspace: 121357K(125184K)->121357K(125184K) NonClass: 105147K(105728K)->105147K(105728K) Class: 16209K(19456K)->16209K(19456K)
[862.779s][info][gc             ] GC(1467) Pause Young (Allocation Failure) 1767M->1250M(1979M) 9.329ms
[862.779s][info][gc,cpu         ] GC(1467) User=0.00s Sys=0.00s Real=0.00s
[862.807s][info][gc,start       ] GC(1468) Pause Young (Allocation Failure)
[862.826s][info][gc,heap        ] GC(1468) DefNew: 587602K(629120K)->68950K(629120K) Eden: 559232K(559232K)->0K(559232K) From: 28370K(69888K)->68950K(69888K)
[862.826s][info][gc,heap        ] GC(1468) Tenured: 1252068K(1398144K)->1258318K(1398144K)
[862.826s][info][gc,metaspace   ] GC(1468) Metaspace: 121357K(125184K)->121357K(125184K) NonClass: 105147K(105728K)->105147K(105728K) Class: 16209K(19456K)->16209K(19456K)
[862.826s][info][gc             ] GC(1468) Pause Young (Allocation Failure) 1796M->1296M(1979M) 19.422ms
[862.826s][info][gc,cpu         ] GC(1468) User=0.02s Sys=0.00s Real=0.02s
[862.858s][info][gc,start       ] GC(1469) Pause Young (Allocation Failure)
[862.881s][info][gc,heap        ] GC(1469) DefNew: 628182K(629120K)->69327K(629120K) Eden: 559232K(559232K)->0K(559232K) From: 68950K(69888K)->69327K(69888K)
[862.881s][info][gc,heap        ] GC(1469) Tenured: 1258318K(1398144K)->1282183K(1398144K)
[862.881s][info][gc,metaspace   ] GC(1469) Metaspace: 121357K(125184K)->121357K(125184K) NonClass: 105147K(105728K)->105147K(105728K) Class: 16209K(19456K)->16209K(19456K)
[862.881s][info][gc             ] GC(1469) Pause Young (Allocation Failure) 1842M->1319M(1979M) 23.311ms
[862.881s][info][gc,cpu         ] GC(1469) User=0.03s Sys=0.00s Real=0.03s
[862.915s][info][gc,start       ] GC(1470) Pause Young (Allocation Failure)
[862.943s][info][gc,heap        ] GC(1470) DefNew: 628174K(629120K)->67482K(629120K) Eden: 558847K(559232K)->0K(559232K) From: 69327K(69888K)->67482K(69888K)
[862.943s][info][gc,heap        ] GC(1470) Tenured: 1282183K(1398144K)->1331253K(1398144K)
[862.943s][info][gc,metaspace   ] GC(1470) Metaspace: 121357K(125184K)->121357K(125184K) NonClass: 105147K(105728K)->105147K(105728K) Class: 16209K(19456K)->16209K(19456K)
[862.943s][info][gc             ] GC(1470) Pause Young (Allocation Failure) 1865M->1365M(1979M) 28.160ms
[862.943s][info][gc,cpu         ] GC(1470) User=0.03s Sys=0.00s Real=0.03s
[862.976s][info][gc,start       ] GC(1471) Pause Young (Allocation Failure)
[862.976s][info][gc             ] GC(1471) Pause Young (Allocation Failure) 1912M->1912M(1979M) 0.125ms
[862.976s][info][gc,cpu         ] GC(1471) User=0.00s Sys=0.00s Real=0.00s
[862.976s][info][gc,start       ] GC(1472) Pause Full (Allocation Failure)
[862.976s][info][gc,phases,start] GC(1472) Phase 1: Mark live objects
[863.032s][info][gc,phases      ] GC(1472) Phase 1: Mark live objects 56.325ms
[863.032s][info][gc,phases,start] GC(1472) Phase 2: Compute new object addresses
[863.170s][info][gc,phases      ] GC(1472) Phase 2: Compute new object addresses 138.304ms
[863.171s][info][gc,phases,start] GC(1472) Phase 3: Adjust pointers
[863.204s][info][gc,phases      ] GC(1472) Phase 3: Adjust pointers 33.492ms
[863.204s][info][gc,phases,start] GC(1472) Phase 4: Move objects
[863.268s][info][gc,phases      ] GC(1472) Phase 4: Move objects 63.608ms
[863.269s][info][gc,heap        ] GC(1472) DefNew: 626714K(629120K)->0K(629120K) Eden: 559232K(559232K)->0K(559232K) From: 67482K(69888K)->0K(69888K)
[863.269s][info][gc,heap        ] GC(1472) Tenured: 1331253K(1398144K)->1250524K(1398144K)
[863.269s][info][gc,metaspace   ] GC(1472) Metaspace: 121357K(125184K)->121357K(125184K) NonClass: 105147K(105728K)->105147K(105728K) Class: 16209K(19456K)->16209K(19456K)
[863.269s][info][gc             ] GC(1472) Pause Full (Allocation Failure) 1912M->1221M(1979M) 293.011ms
[863.269s][info][gc,cpu         ] GC(1472) User=0.30s Sys=0.00s Real=0.30s
[863.306s][info][gc,start       ] GC(1473) Pause Young (Allocation Failure)
[863.316s][info][gc,heap        ] GC(1473) DefNew: 559232K(629120K)->29893K(629120K) Eden: 559232K(559232K)->0K(559232K) From: 0K(69888K)->29893K(69888K)
[863.316s][info][gc,heap        ] GC(1473) Tenured: 1250524K(1398144K)->1250524K(1398144K)
[863.316s][info][gc,metaspace   ] GC(1473) Metaspace: 121357K(125184K)->121357K(125184K) NonClass: 105147K(105728K)->105147K(105728K) Class: 16209K(19456K)->16209K(19456K)
[863.316s][info][gc             ] GC(1473) Pause Young (Allocation Failure) 1767M->1250M(1979M) 9.405ms
[863.316s][info][gc,cpu         ] GC(1473) User=0.00s Sys=0.00s Real=0.00s
[863.344s][info][gc,start       ] GC(1474) Pause Young (Allocation Failure)
[863.360s][info][gc,heap        ] GC(1474) DefNew: 589125K(629120K)->61540K(629120K) Eden: 559232K(559232K)->0K(559232K) From: 29893K(69888K)->61540K(69888K)
[863.360s][info][gc,heap        ] GC(1474) Tenured: 1250524K(1398144K)->1250524K(1398144K)
[863.360s][info][gc,metaspace   ] GC(1474) Metaspace: 121357K(125184K)->121357K(125184K) NonClass: 105147K(105728K)->105147K(105728K) Class: 16209K(19456K)->16209K(19456K)
[863.360s][info][gc             ] GC(1474) Pause Young (Allocation Failure) 1796M->1281M(1979M) 16.101ms
[863.360s][info][gc,cpu         ] GC(1474) User=0.02s Sys=0.00s Real=0.02s
[863.389s][info][gc,start       ] GC(1475) Pause Young (Allocation Failure)
[863.415s][info][gc,heap        ] GC(1475) DefNew: 620772K(629120K)->69887K(629120K) Eden: 559232K(559232K)->0K(559232K) From: 61540K(69888K)->69887K(69888K)
[863.415s][info][gc,heap        ] GC(1475) Tenured: 1250524K(1398144K)->1289259K(1398144K)
[863.415s][info][gc,metaspace   ] GC(1475) Metaspace: 121357K(125184K)->121357K(125184K) NonClass: 105147K(105728K)->105147K(105728K) Class: 16209K(19456K)->16209K(19456K)
[863.415s][info][gc             ] GC(1475) Pause Young (Allocation Failure) 1827M->1327M(1979M) 26.401ms
[863.415s][info][gc,cpu         ] GC(1475) User=0.03s Sys=0.00s Real=0.03s
[863.448s][info][gc,start       ] GC(1476) Pause Young (Allocation Failure)
[863.475s][info][gc,heap        ] GC(1476) DefNew: 629119K(629120K)->69159K(629120K) Eden: 559232K(559232K)->0K(559232K) From: 69887K(69888K)->69159K(69888K)
[863.475s][info][gc,heap        ] GC(1476) Tenured: 1289259K(1398144K)->1330857K(1398144K)
[863.475s][info][gc,metaspace   ] GC(1476) Metaspace: 121357K(125184K)->121357K(125184K) NonClass: 105147K(105728K)->105147K(105728K) Class: 16209K(19456K)->16209K(19456K)
[863.475s][info][gc             ] GC(1476) Pause Young (Allocation Failure) 1873M->1367M(1979M) 27.008ms
[863.475s][info][gc,cpu         ] GC(1476) User=0.03s Sys=0.00s Real=0.03s
[863.508s][info][gc,start       ] GC(1477) Pause Young (Allocation Failure)
[863.508s][info][gc             ] GC(1477) Pause Young (Allocation Failure) 1913M->1913M(1979M) 0.123ms
[863.508s][info][gc,cpu         ] GC(1477) User=0.00s Sys=0.00s Real=0.00s
[863.508s][info][gc,start       ] GC(1478) Pause Full (Allocation Failure)
[863.508s][info][gc,phases,start] GC(1478) Phase 1: Mark live objects
[863.565s][info][gc,phases      ] GC(1478) Phase 1: Mark live objects 57.182ms
[863.565s][info][gc,phases,start] GC(1478) Phase 2: Compute new object addresses
[863.715s][info][gc,phases      ] GC(1478) Phase 2: Compute new object addresses 149.732ms
[863.715s][info][gc,phases,start] GC(1478) Phase 3: Adjust pointers
[863.748s][info][gc,phases      ] GC(1478) Phase 3: Adjust pointers 33.171ms
[863.748s][info][gc,phases,start] GC(1478) Phase 4: Move objects
[863.766s][info][gc,phases      ] GC(1478) Phase 4: Move objects 17.582ms
[863.767s][info][gc,heap        ] GC(1478) DefNew: 628391K(629120K)->0K(629120K) Eden: 559232K(559232K)->0K(559232K) From: 69159K(69888K)->0K(69888K)
[863.767s][info][gc,heap        ] GC(1478) Tenured: 1330857K(1398144K)->1367091K(1398144K)
[863.767s][info][gc,metaspace   ] GC(1478) Metaspace: 121357K(125184K)->121357K(125184K) NonClass: 105147K(105728K)->105147K(105728K) Class: 16209K(19456K)->16209K(19456K)
[863.767s][info][gc             ] GC(1478) Pause Full (Allocation Failure) 1913M->1335M(1979M) 258.766ms
[863.767s][info][gc,cpu         ] GC(1478) User=0.25s Sys=0.00s Real=0.25s
[863.803s][info][gc,start       ] GC(1479) Pause Young (Allocation Failure)
[863.804s][info][gc             ] GC(1479) Pause Young (Allocation Failure) 1881M->1881M(1979M) 0.122ms
[863.804s][info][gc,cpu         ] GC(1479) User=0.00s Sys=0.00s Real=0.00s
[863.804s][info][gc,start       ] GC(1480) Pause Full (Allocation Failure)
[863.804s][info][gc,phases,start] GC(1480) Phase 1: Mark live objects
[863.859s][info][gc,phases      ] GC(1480) Phase 1: Mark live objects 55.362ms
[863.859s][info][gc,phases,start] GC(1480) Phase 2: Compute new object addresses
[864.001s][info][gc,phases      ] GC(1480) Phase 2: Compute new object addresses 141.945ms
[864.001s][info][gc,phases,start] GC(1480) Phase 3: Adjust pointers
[864.034s][info][gc,phases      ] GC(1480) Phase 3: Adjust pointers 32.508ms
[864.034s][info][gc,phases,start] GC(1480) Phase 4: Move objects
[864.049s][info][gc,phases      ] GC(1480) Phase 4: Move objects 15.845ms
[864.050s][info][gc,heap        ] GC(1480) DefNew: 559232K(629120K)->10719K(629120K) Eden: 559232K(559232K)->10719K(559232K) From: 0K(69888K)->0K(69888K)
[864.050s][info][gc,heap        ] GC(1480) Tenured: 1367091K(1398144K)->1397913K(1398144K)
[864.050s][info][gc,metaspace   ] GC(1480) Metaspace: 121357K(125184K)->121357K(125184K) NonClass: 105147K(105728K)->105147K(105728K) Class: 16209K(19456K)->16209K(19456K)
[864.050s][info][gc             ] GC(1480) Pause Full (Allocation Failure) 1881M->1375M(1979M) 246.759ms
[864.050s][info][gc,cpu         ] GC(1480) User=0.25s Sys=0.00s Real=0.25s
[865.908s][info][gc,start       ] GC(1481) Pause Full (Allocation Failure)
[865.909s][info][gc,phases,start] GC(1481) Phase 1: Mark live objects
[865.964s][info][gc,phases      ] GC(1481) Phase 1: Mark live objects 55.800ms
[865.964s][info][gc,phases,start] GC(1481) Phase 2: Compute new object addresses
[866.121s][info][gc,phases      ] GC(1481) Phase 2: Compute new object addresses 156.617ms
[866.121s][info][gc,phases,start] GC(1481) Phase 3: Adjust pointers
[866.154s][info][gc,phases      ] GC(1481) Phase 3: Adjust pointers 33.113ms
[866.154s][info][gc,phases,start] GC(1481) Phase 4: Move objects
[866.176s][info][gc,phases      ] GC(1481) Phase 4: Move objects 21.570ms
[866.177s][info][gc,heap        ] GC(1481) DefNew: 629120K(629120K)->22585K(629120K) Eden: 559232K(559232K)->22585K(559232K) From: 69888K(69888K)->0K(69888K)
[866.177s][info][gc,heap        ] GC(1481) Tenured: 1398143K(1398144K)->1397884K(1398144K)
[866.177s][info][gc,metaspace   ] GC(1481) Metaspace: 121357K(125184K)->121357K(125184K) NonClass: 105147K(105728K)->105147K(105728K) Class: 16209K(19456K)->16209K(19456K)
[866.177s][info][gc             ] GC(1481) Pause Full (Allocation Failure) 1979M->1387M(1979M) 268.308ms
[866.177s][info][gc,cpu         ] GC(1481) User=0.28s Sys=0.00s Real=0.28s
[868.279s][info][gc,start       ] GC(1482) Pause Full (Allocation Failure)
[868.279s][info][gc,phases,start] GC(1482) Phase 1: Mark live objects
[868.335s][info][gc,phases      ] GC(1482) Phase 1: Mark live objects 55.983ms
[868.335s][info][gc,phases,start] GC(1482) Phase 2: Compute new object addresses
[868.498s][info][gc,phases      ] GC(1482) Phase 2: Compute new object addresses 162.905ms
[868.498s][info][gc,phases,start] GC(1482) Phase 3: Adjust pointers
[868.532s][info][gc,phases      ] GC(1482) Phase 3: Adjust pointers 33.772ms
[868.532s][info][gc,phases,start] GC(1482) Phase 4: Move objects
[868.607s][info][gc,phases      ] GC(1482) Phase 4: Move objects 74.455ms
[868.607s][info][gc,heap        ] GC(1482) DefNew: 629119K(629120K)->0K(629120K) Eden: 559232K(559232K)->0K(559232K) From: 69887K(69888K)->0K(69888K)
[868.607s][info][gc,heap        ] GC(1482) Tenured: 1398144K(1398144K)->1367201K(1398144K)
[868.607s][info][gc,metaspace   ] GC(1482) Metaspace: 121357K(125184K)->121357K(125184K) NonClass: 105147K(105728K)->105147K(105728K) Class: 16209K(19456K)->16209K(19456K)
[868.608s][info][gc             ] GC(1482) Pause Full (Allocation Failure) 1979M->1335M(1979M) 328.398ms
[868.608s][info][gc,cpu         ] GC(1482) User=0.33s Sys=0.00s Real=0.33s
[868.644s][info][gc,start       ] GC(1483) Pause Young (Allocation Failure)
[868.644s][info][gc             ] GC(1483) Pause Young (Allocation Failure) 1881M->1881M(1979M) 0.139ms
[868.644s][info][gc,cpu         ] GC(1483) User=0.00s Sys=0.00s Real=0.00s
[868.644s][info][gc,start       ] GC(1484) Pause Full (Allocation Failure)
[868.644s][info][gc,phases,start] GC(1484) Phase 1: Mark live objects
[868.701s][info][gc,phases      ] GC(1484) Phase 1: Mark live objects 56.683ms
[868.701s][info][gc,phases,start] GC(1484) Phase 2: Compute new object addresses
[868.845s][info][gc,phases      ] GC(1484) Phase 2: Compute new object addresses 144.282ms
[868.845s][info][gc,phases,start] GC(1484) Phase 3: Adjust pointers
[868.878s][info][gc,phases      ] GC(1484) Phase 3: Adjust pointers 32.781ms
[868.878s][info][gc,phases,start] GC(1484) Phase 4: Move objects
[868.887s][info][gc,phases      ] GC(1484) Phase 4: Move objects 8.837ms
[868.887s][info][gc,heap        ] GC(1484) DefNew: 559232K(629120K)->9920K(629120K) Eden: 559232K(559232K)->9920K(559232K) From: 0K(69888K)->0K(69888K)
[868.888s][info][gc,heap        ] GC(1484) Tenured: 1367201K(1398144K)->1396922K(1398144K)
[868.888s][info][gc,metaspace   ] GC(1484) Metaspace: 121357K(125184K)->121357K(125184K) NonClass: 105147K(105728K)->105147K(105728K) Class: 16209K(19456K)->16209K(19456K)
[868.888s][info][gc             ] GC(1484) Pause Full (Allocation Failure) 1881M->1373M(1979M) 243.684ms
[868.888s][info][gc,cpu         ] GC(1484) User=0.23s Sys=0.00s Real=0.23s
[870.932s][info][gc,start       ] GC(1485) Pause Full (Allocation Failure)
[870.932s][info][gc,phases,start] GC(1485) Phase 1: Mark live objects
[870.988s][info][gc,phases      ] GC(1485) Phase 1: Mark live objects 55.770ms
[870.988s][info][gc,phases,start] GC(1485) Phase 2: Compute new object addresses
[871.151s][info][gc,phases      ] GC(1485) Phase 2: Compute new object addresses 163.049ms
[871.151s][info][gc,phases,start] GC(1485) Phase 3: Adjust pointers
[871.184s][info][gc,phases      ] GC(1485) Phase 3: Adjust pointers 32.955ms
[871.184s][info][gc,phases,start] GC(1485) Phase 4: Move objects
[871.195s][info][gc,phases      ] GC(1485) Phase 4: Move objects 11.082ms
[871.196s][info][gc,heap        ] GC(1485) DefNew: 629120K(629120K)->48819K(629120K) Eden: 559232K(559232K)->48819K(559232K) From: 69888K(69888K)->0K(69888K)
[871.196s][info][gc,heap        ] GC(1485) Tenured: 1398143K(1398144K)->1398143K(1398144K)
[871.196s][info][gc,metaspace   ] GC(1485) Metaspace: 121357K(125184K)->121357K(125184K) NonClass: 105147K(105728K)->105147K(105728K) Class: 16209K(19456K)->16209K(19456K)
[871.196s][info][gc             ] GC(1485) Pause Full (Allocation Failure) 1979M->1413M(1979M) 264.035ms
[871.196s][info][gc,cpu         ] GC(1485) User=0.27s Sys=0.00s Real=0.27s
[872.582s][info][gc,start       ] GC(1486) Pause Full (Allocation Failure)
[872.582s][info][gc,phases,start] GC(1486) Phase 1: Mark live objects
[872.638s][info][gc,phases      ] GC(1486) Phase 1: Mark live objects 55.856ms
[872.638s][info][gc,phases,start] GC(1486) Phase 2: Compute new object addresses
[872.779s][info][gc,phases      ] GC(1486) Phase 2: Compute new object addresses 141.351ms
[872.779s][info][gc,phases,start] GC(1486) Phase 3: Adjust pointers
[872.812s][info][gc,phases      ] GC(1486) Phase 3: Adjust pointers 32.522ms
[872.812s][info][gc,phases,start] GC(1486) Phase 4: Move objects
[872.827s][info][gc,phases      ] GC(1486) Phase 4: Move objects 15.348ms
[872.828s][info][gc,heap        ] GC(1486) DefNew: 629119K(629120K)->68637K(629120K) Eden: 559232K(559232K)->68637K(559232K) From: 69887K(69888K)->0K(69888K)
[872.828s][info][gc,heap        ] GC(1486) Tenured: 1398143K(1398144K)->1398143K(1398144K)
[872.828s][info][gc,metaspace   ] GC(1486) Metaspace: 121357K(125184K)->121357K(125184K) NonClass: 105147K(105728K)->105147K(105728K) Class: 16209K(19456K)->16209K(19456K)
[872.828s][info][gc             ] GC(1486) Pause Full (Allocation Failure) 1979M->1432M(1979M) 246.240ms
[872.828s][info][gc,cpu         ] GC(1486) User=0.23s Sys=0.02s Real=0.25s
[874.664s][info][gc,start       ] GC(1487) Pause Full (Allocation Failure)
[874.664s][info][gc,phases,start] GC(1487) Phase 1: Mark live objects
[874.720s][info][gc,phases      ] GC(1487) Phase 1: Mark live objects 56.280ms
[874.720s][info][gc,phases,start] GC(1487) Phase 2: Compute new object addresses
[874.873s][info][gc,phases      ] GC(1487) Phase 2: Compute new object addresses 153.000ms
[874.873s][info][gc,phases,start] GC(1487) Phase 3: Adjust pointers
[874.906s][info][gc,phases      ] GC(1487) Phase 3: Adjust pointers 33.205ms
[874.906s][info][gc,phases,start] GC(1487) Phase 4: Move objects
[874.995s][info][gc,phases      ] GC(1487) Phase 4: Move objects 88.420ms
[874.996s][info][gc,heap        ] GC(1487) DefNew: 629120K(629120K)->0K(629120K) Eden: 559232K(559232K)->0K(559232K) From: 69888K(69888K)->0K(69888K)
[874.996s][info][gc,heap        ] GC(1487) Tenured: 1398144K(1398144K)->1395880K(1398144K)
[874.996s][info][gc,metaspace   ] GC(1487) Metaspace: 121361K(125184K)->121361K(125184K) NonClass: 105151K(105728K)->105151K(105728K) Class: 16209K(19456K)->16209K(19456K)
[874.996s][info][gc             ] GC(1487) Pause Full (Allocation Failure) 1979M->1363M(1979M) 332.128ms
[874.996s][info][gc,cpu         ] GC(1487) User=0.33s Sys=0.00s Real=0.33s
[875.038s][info][gc,start       ] GC(1488) Pause Young (Allocation Failure)
[875.046s][info][gc             ] GC(1488) Pause Young (Allocation Failure) 1907M->1907M(1979M) 8.063ms
[875.046s][info][gc,cpu         ] GC(1488) User=0.00s Sys=0.00s Real=0.00s
[875.046s][info][gc,start       ] GC(1489) Pause Full (Allocation Failure)
[875.046s][info][gc,phases,start] GC(1489) Phase 1: Mark live objects
[875.103s][info][gc,phases      ] GC(1489) Phase 1: Mark live objects 56.951ms
[875.103s][info][gc,phases,start] GC(1489) Phase 2: Compute new object addresses
[875.249s][info][gc,phases      ] GC(1489) Phase 2: Compute new object addresses 146.181ms
[875.249s][info][gc,phases,start] GC(1489) Phase 3: Adjust pointers
[875.283s][info][gc,phases      ] GC(1489) Phase 3: Adjust pointers 33.655ms
[875.283s][info][gc,phases,start] GC(1489) Phase 4: Move objects
[875.288s][info][gc,phases      ] GC(1489) Phase 4: Move objects 4.735ms
[875.289s][info][gc,heap        ] GC(1489) DefNew: 557681K(629120K)->19510K(629120K) Eden: 557681K(559232K)->19510K(559232K) From: 0K(69888K)->0K(69888K)
[875.289s][info][gc,heap        ] GC(1489) Tenured: 1395880K(1398144K)->1397443K(1398144K)
[875.289s][info][gc,metaspace   ] GC(1489) Metaspace: 121361K(125184K)->121361K(125184K) NonClass: 105151K(105728K)->105151K(105728K) Class: 16209K(19456K)->16209K(19456K)
[875.289s][info][gc             ] GC(1489) Pause Full (Allocation Failure) 1907M->1383M(1979M) 242.587ms
[875.289s][info][gc,cpu         ] GC(1489) User=0.25s Sys=0.00s Real=0.24s
[877.445s][info][gc,start       ] GC(1490) Pause Full (Allocation Failure)
[877.445s][info][gc,phases,start] GC(1490) Phase 1: Mark live objects
[877.500s][info][gc,phases      ] GC(1490) Phase 1: Mark live objects 55.631ms
[877.501s][info][gc,phases,start] GC(1490) Phase 2: Compute new object addresses
[877.683s][info][gc,phases      ] GC(1490) Phase 2: Compute new object addresses 182.271ms
[877.683s][info][gc,phases,start] GC(1490) Phase 3: Adjust pointers
[877.716s][info][gc,phases      ] GC(1490) Phase 3: Adjust pointers 33.479ms
[877.716s][info][gc,phases,start] GC(1490) Phase 4: Move objects
[877.720s][info][gc,phases      ] GC(1490) Phase 4: Move objects 4.020ms
[877.721s][info][gc,heap        ] GC(1490) DefNew: 629119K(629120K)->17693K(629120K) Eden: 559232K(559232K)->17693K(559232K) From: 69887K(69888K)->0K(69888K)
[877.721s][info][gc,heap        ] GC(1490) Tenured: 1398144K(1398144K)->1398144K(1398144K)
[877.721s][info][gc,metaspace   ] GC(1490) Metaspace: 121361K(125184K)->121361K(125184K) NonClass: 105151K(105728K)->105151K(105728K) Class: 16209K(19456K)->16209K(19456K)
[877.721s][info][gc             ] GC(1490) Pause Full (Allocation Failure) 1979M->1382M(1979M) 276.573ms
[877.721s][info][gc,cpu         ] GC(1490) User=0.28s Sys=0.00s Real=0.27s
[880.001s][info][gc,start       ] GC(1491) Pause Full (Allocation Failure)
[880.001s][info][gc,phases,start] GC(1491) Phase 1: Mark live objects
[880.057s][info][gc,phases      ] GC(1491) Phase 1: Mark live objects 55.649ms
[880.057s][info][gc,phases,start] GC(1491) Phase 2: Compute new object addresses
[880.227s][info][gc,phases      ] GC(1491) Phase 2: Compute new object addresses 170.246ms
[880.227s][info][gc,phases,start] GC(1491) Phase 3: Adjust pointers
[880.260s][info][gc,phases      ] GC(1491) Phase 3: Adjust pointers 32.415ms
[880.260s][info][gc,phases,start] GC(1491) Phase 4: Move objects
[880.262s][info][gc,phases      ] GC(1491) Phase 4: Move objects 2.660ms
[880.263s][info][gc,heap        ] GC(1491) DefNew: 629119K(629120K)->15317K(629120K) Eden: 559232K(559232K)->15317K(559232K) From: 69887K(69888K)->0K(69888K)
[880.263s][info][gc,heap        ] GC(1491) Tenured: 1398144K(1398144K)->1398144K(1398144K)
[880.263s][info][gc,metaspace   ] GC(1491) Metaspace: 121362K(125184K)->121362K(125184K) NonClass: 105152K(105728K)->105152K(105728K) Class: 16209K(19456K)->16209K(19456K)
[880.263s][info][gc             ] GC(1491) Pause Full (Allocation Failure) 1979M->1380M(1979M) 262.100ms
[880.263s][info][gc,cpu         ] GC(1491) User=0.27s Sys=0.00s Real=0.27s
[882.591s][info][gc,start       ] GC(1492) Pause Full (Allocation Failure)
[882.591s][info][gc,phases,start] GC(1492) Phase 1: Mark live objects
[882.647s][info][gc,phases      ] GC(1492) Phase 1: Mark live objects 55.654ms
[882.647s][info][gc,phases,start] GC(1492) Phase 2: Compute new object addresses
[882.819s][info][gc,phases      ] GC(1492) Phase 2: Compute new object addresses 171.387ms
[882.819s][info][gc,phases,start] GC(1492) Phase 3: Adjust pointers
[882.851s][info][gc,phases      ] GC(1492) Phase 3: Adjust pointers 32.681ms
[882.851s][info][gc,phases,start] GC(1492) Phase 4: Move objects
[882.922s][info][gc,phases      ] GC(1492) Phase 4: Move objects 70.646ms
[882.923s][info][gc,heap        ] GC(1492) DefNew: 629120K(629120K)->3855K(629120K) Eden: 559232K(559232K)->3855K(559232K) From: 69888K(69888K)->0K(69888K)
[882.923s][info][gc,heap        ] GC(1492) Tenured: 1398144K(1398144K)->1396208K(1398144K)
[882.923s][info][gc,metaspace   ] GC(1492) Metaspace: 121362K(125184K)->121362K(125184K) NonClass: 105152K(105728K)->105152K(105728K) Class: 16209K(19456K)->16209K(19456K)
[882.923s][info][gc             ] GC(1492) Pause Full (Allocation Failure) 1979M->1367M(1979M) 331.561ms
[882.923s][info][gc,cpu         ] GC(1492) User=0.33s Sys=0.00s Real=0.33s
[885.351s][info][gc,start       ] GC(1493) Pause Full (Allocation Failure)
[885.351s][info][gc,phases,start] GC(1493) Phase 1: Mark live objects
[885.408s][info][gc,phases      ] GC(1493) Phase 1: Mark live objects 56.636ms
[885.408s][info][gc,phases,start] GC(1493) Phase 2: Compute new object addresses
[885.582s][info][gc,phases      ] GC(1493) Phase 2: Compute new object addresses 174.197ms
[885.582s][info][gc,phases,start] GC(1493) Phase 3: Adjust pointers
[885.616s][info][gc,phases      ] GC(1493) Phase 3: Adjust pointers 33.348ms
[885.616s][info][gc,phases,start] GC(1493) Phase 4: Move objects
[885.616s][info][gc,phases      ] GC(1493) Phase 4: Move objects 0.015ms
[885.616s][info][gc,heap        ] GC(1493) DefNew: 629120K(629120K)->3794K(629120K) Eden: 559232K(559232K)->3794K(559232K) From: 69888K(69888K)->0K(69888K)
[885.616s][info][gc,heap        ] GC(1493) Tenured: 1398143K(1398144K)->1398143K(1398144K)
[885.616s][info][gc,metaspace   ] GC(1493) Metaspace: 121365K(125184K)->121365K(125184K) NonClass: 105155K(105728K)->105155K(105728K) Class: 16209K(19456K)->16209K(19456K)
[885.616s][info][gc             ] GC(1493) Pause Full (Allocation Failure) 1979M->1369M(1979M) 265.336ms
[885.616s][info][gc,cpu         ] GC(1493) User=0.27s Sys=0.00s Real=0.27s
[887.775s][info][gc,start       ] GC(1494) Pause Full (Allocation Failure)
[887.775s][info][gc,phases,start] GC(1494) Phase 1: Mark live objects
[887.830s][info][gc,phases      ] GC(1494) Phase 1: Mark live objects 55.171ms
[887.830s][info][gc,phases,start] GC(1494) Phase 2: Compute new object addresses
[888.017s][info][gc,phases      ] GC(1494) Phase 2: Compute new object addresses 186.318ms
[888.017s][info][gc,phases,start] GC(1494) Phase 3: Adjust pointers
[888.049s][info][gc,phases      ] GC(1494) Phase 3: Adjust pointers 32.645ms
[888.049s][info][gc,phases,start] GC(1494) Phase 4: Move objects
[888.050s][info][gc,phases      ] GC(1494) Phase 4: Move objects 0.037ms
[888.050s][info][gc,heap        ] GC(1494) DefNew: 629119K(629120K)->3857K(629120K) Eden: 559232K(559232K)->3857K(559232K) From: 69887K(69888K)->0K(69888K)
[888.050s][info][gc,heap        ] GC(1494) Tenured: 1398143K(1398144K)->1398143K(1398144K)
[888.050s][info][gc,metaspace   ] GC(1494) Metaspace: 121365K(125184K)->121365K(125184K) NonClass: 105155K(105728K)->105155K(105728K) Class: 16209K(19456K)->16209K(19456K)
[888.050s][info][gc             ] GC(1494) Pause Full (Allocation Failure) 1979M->1369M(1979M) 275.302ms
[888.050s][info][gc,cpu         ] GC(1494) User=0.28s Sys=0.00s Real=0.28s
[890.279s][info][gc,start       ] GC(1495) Pause Full (Allocation Failure)
[890.279s][info][gc,phases,start] GC(1495) Phase 1: Mark live objects
[890.334s][info][gc,phases      ] GC(1495) Phase 1: Mark live objects 55.293ms
[890.334s][info][gc,phases,start] GC(1495) Phase 2: Compute new object addresses
[890.507s][info][gc,phases      ] GC(1495) Phase 2: Compute new object addresses 172.311ms
[890.507s][info][gc,phases,start] GC(1495) Phase 3: Adjust pointers
[890.539s][info][gc,phases      ] GC(1495) Phase 3: Adjust pointers 32.664ms
[890.539s][info][gc,phases,start] GC(1495) Phase 4: Move objects
[890.560s][info][gc,phases      ] GC(1495) Phase 4: Move objects 21.091ms
[890.561s][info][gc,heap        ] GC(1495) DefNew: 629119K(629120K)->0K(629120K) Eden: 559232K(559232K)->0K(559232K) From: 69887K(69888K)->0K(69888K)
[890.561s][info][gc,heap        ] GC(1495) Tenured: 1398143K(1398144K)->1376331K(1398144K)
[890.561s][info][gc,metaspace   ] GC(1495) Metaspace: 121365K(125184K)->121365K(125184K) NonClass: 105155K(105728K)->105155K(105728K) Class: 16209K(19456K)->16209K(19456K)
[890.561s][info][gc             ] GC(1495) Pause Full (Allocation Failure) 1979M->1344M(1979M) 282.509ms
[890.561s][info][gc,cpu         ] GC(1495) User=0.28s Sys=0.00s Real=0.28s
[890.626s][info][gc,start       ] GC(1496) Pause Young (Allocation Failure)
[890.626s][info][gc             ] GC(1496) Pause Young (Allocation Failure) 1890M->1890M(1979M) 0.107ms
[890.626s][info][gc,cpu         ] GC(1496) User=0.00s Sys=0.00s Real=0.00s
[890.626s][info][gc,start       ] GC(1497) Pause Full (Allocation Failure)
[890.627s][info][gc,phases,start] GC(1497) Phase 1: Mark live objects
[890.683s][info][gc,phases      ] GC(1497) Phase 1: Mark live objects 56.959ms
[890.684s][info][gc,phases,start] GC(1497) Phase 2: Compute new object addresses
[890.838s][info][gc,phases      ] GC(1497) Phase 2: Compute new object addresses 154.191ms
[890.838s][info][gc,phases,start] GC(1497) Phase 3: Adjust pointers
[890.870s][info][gc,phases      ] GC(1497) Phase 3: Adjust pointers 32.729ms
[890.871s][info][gc,phases,start] GC(1497) Phase 4: Move objects
[890.906s][info][gc,phases      ] GC(1497) Phase 4: Move objects 35.280ms
[890.907s][info][gc,heap        ] GC(1497) DefNew: 559232K(629120K)->0K(629120K) Eden: 559232K(559232K)->0K(559232K) From: 0K(69888K)->0K(69888K)
[890.907s][info][gc,heap        ] GC(1497) Tenured: 1376331K(1398144K)->1127057K(1398144K)
[890.907s][info][gc,metaspace   ] GC(1497) Metaspace: 121365K(125184K)->121365K(125184K) NonClass: 105155K(105728K)->105155K(105728K) Class: 16209K(19456K)->16209K(19456K)
[890.907s][info][gc             ] GC(1497) Pause Full (Allocation Failure) 1890M->1100M(1979M) 280.306ms
[890.907s][info][gc,cpu         ] GC(1497) User=0.27s Sys=0.00s Real=0.28s
[891.352s][info][gc,start       ] GC(1498) Pause Full (System.gc())
[891.352s][info][gc,phases,start] GC(1498) Phase 1: Mark live objects
[891.416s][info][gc,phases      ] GC(1498) Phase 1: Mark live objects 63.649ms
[891.416s][info][gc,phases,start] GC(1498) Phase 2: Compute new object addresses
[891.487s][info][gc,phases      ] GC(1498) Phase 2: Compute new object addresses 71.261ms
[891.487s][info][gc,phases,start] GC(1498) Phase 3: Adjust pointers
[891.532s][info][gc,phases      ] GC(1498) Phase 3: Adjust pointers 45.236ms
[891.532s][info][gc,phases,start] GC(1498) Phase 4: Move objects
[891.532s][info][gc,phases      ] GC(1498) Phase 4: Move objects 0.086ms
[891.533s][info][gc,heap        ] GC(1498) DefNew: 192154K(629120K)->0K(629120K) Eden: 192154K(559232K)->0K(559232K) From: 0K(69888K)->0K(69888K)
[891.533s][info][gc,heap        ] GC(1498) Tenured: 1127057K(1398144K)->1038941K(1398144K)
[891.533s][info][gc,metaspace   ] GC(1498) Metaspace: 121392K(125184K)->121392K(125184K) NonClass: 105181K(105728K)->105181K(105728K) Class: 16210K(19456K)->16210K(19456K)
[891.533s][info][gc             ] GC(1498) Pause Full (System.gc()) 1288M->1014M(1979M) 181.430ms
[891.533s][info][gc,cpu         ] GC(1498) User=0.17s Sys=0.00s Real=0.18s
[891.651s][info][gc,start       ] GC(1499) Pause Young (Allocation Failure)
[891.666s][info][gc,heap        ] GC(1499) DefNew: 559232K(629120K)->13082K(629120K) Eden: 559232K(559232K)->0K(559232K) From: 0K(69888K)->13082K(69888K)
[891.666s][info][gc,heap        ] GC(1499) Tenured: 1038941K(1398144K)->1038941K(1398144K)
[891.666s][info][gc,metaspace   ] GC(1499) Metaspace: 121445K(125248K)->121445K(125248K) NonClass: 105229K(105792K)->105229K(105792K) Class: 16216K(19456K)->16216K(19456K)
[891.666s][info][gc             ] GC(1499) Pause Young (Allocation Failure) 1560M->1027M(1979M) 14.822ms
[891.666s][info][gc,cpu         ] GC(1499) User=0.03s Sys=0.00s Real=0.02s
[891.704s][info][gc,start       ] GC(1500) Pause Young (Allocation Failure)
[891.715s][info][gc,heap        ] GC(1500) DefNew: 572314K(629120K)->18612K(629120K) Eden: 559232K(559232K)->0K(559232K) From: 13082K(69888K)->18612K(69888K)
[891.715s][info][gc,heap        ] GC(1500) Tenured: 1038941K(1398144K)->1038941K(1398144K)
[891.715s][info][gc,metaspace   ] GC(1500) Metaspace: 121445K(125248K)->121445K(125248K) NonClass: 105229K(105792K)->105229K(105792K) Class: 16216K(19456K)->16216K(19456K)
[891.715s][info][gc             ] GC(1500) Pause Young (Allocation Failure) 1573M->1032M(1979M) 11.131ms
[891.715s][info][gc,cpu         ] GC(1500) User=0.00s Sys=0.00s Real=0.00s
[891.753s][info][gc,start       ] GC(1501) Pause Young (Allocation Failure)
[891.798s][info][gc,heap        ] GC(1501) DefNew: 577844K(629120K)->27008K(629120K) Eden: 559232K(559232K)->0K(559232K) From: 18612K(69888K)->27008K(69888K)
[891.810s][info][gc,heap        ] GC(1501) Tenured: 1038941K(1398144K)->1038941K(1398144K)
[891.811s][info][gc,metaspace   ] GC(1501) Metaspace: 121445K(125248K)->121445K(125248K) NonClass: 105229K(105792K)->105229K(105792K) Class: 16216K(19456K)->16216K(19456K)
[891.811s][info][gc             ] GC(1501) Pause Young (Allocation Failure) 1578M->1040M(1979M) 57.126ms
[891.811s][info][gc,cpu         ] GC(1501) User=0.02s Sys=0.02s Real=0.06s
[891.850s][info][gc,start       ] GC(1502) Pause Young (Allocation Failure)
[891.865s][info][gc,heap        ] GC(1502) DefNew: 586240K(629120K)->33278K(629120K) Eden: 559232K(559232K)->0K(559232K) From: 27008K(69888K)->33278K(69888K)
[891.865s][info][gc,heap        ] GC(1502) Tenured: 1038941K(1398144K)->1038941K(1398144K)
[891.865s][info][gc,metaspace   ] GC(1502) Metaspace: 121445K(125248K)->121445K(125248K) NonClass: 105229K(105792K)->105229K(105792K) Class: 16216K(19456K)->16216K(19456K)
[891.865s][info][gc             ] GC(1502) Pause Young (Allocation Failure) 1587M->1047M(1979M) 14.659ms
[891.865s][info][gc,cpu         ] GC(1502) User=0.02s Sys=0.00s Real=0.02s
[891.903s][info][gc,start       ] GC(1503) Pause Young (Allocation Failure)
[891.917s][info][gc,heap        ] GC(1503) DefNew: 592510K(629120K)->36369K(629120K) Eden: 559232K(559232K)->0K(559232K) From: 33278K(69888K)->36369K(69888K)
[891.917s][info][gc,heap        ] GC(1503) Tenured: 1038941K(1398144K)->1038941K(1398144K)
[891.917s][info][gc,metaspace   ] GC(1503) Metaspace: 121445K(125248K)->121445K(125248K) NonClass: 105229K(105792K)->105229K(105792K) Class: 16216K(19456K)->16216K(19456K)
[891.917s][info][gc             ] GC(1503) Pause Young (Allocation Failure) 1593M->1050M(1979M) 14.862ms
[891.917s][info][gc,cpu         ] GC(1503) User=0.02s Sys=0.00s Real=0.02s
[891.956s][info][gc,start       ] GC(1504) Pause Young (Allocation Failure)
[891.976s][info][gc,heap        ] GC(1504) DefNew: 595601K(629120K)->42878K(629120K) Eden: 559232K(559232K)->0K(559232K) From: 36369K(69888K)->42878K(69888K)
[891.976s][info][gc,heap        ] GC(1504) Tenured: 1038941K(1398144K)->1048015K(1398144K)
[891.976s][info][gc,metaspace   ] GC(1504) Metaspace: 121445K(125248K)->121445K(125248K) NonClass: 105229K(105792K)->105229K(105792K) Class: 16216K(19456K)->16216K(19456K)
[891.976s][info][gc             ] GC(1504) Pause Young (Allocation Failure) 1596M->1065M(1979M) 19.881ms
[891.976s][info][gc,cpu         ] GC(1504) User=0.03s Sys=0.00s Real=0.01s
[892.014s][info][gc,start       ] GC(1505) Pause Young (Allocation Failure)
[892.028s][info][gc,heap        ] GC(1505) DefNew: 602110K(629120K)->47168K(629120K) Eden: 559232K(559232K)->0K(559232K) From: 42878K(69888K)->47168K(69888K)
[892.028s][info][gc,heap        ] GC(1505) Tenured: 1048015K(1398144K)->1050050K(1398144K)
[892.028s][info][gc,metaspace   ] GC(1505) Metaspace: 121445K(125248K)->121445K(125248K) NonClass: 105229K(105792K)->105229K(105792K) Class: 16216K(19456K)->16216K(19456K)
[892.029s][info][gc             ] GC(1505) Pause Young (Allocation Failure) 1611M->1071M(1979M) 14.241ms
[892.029s][info][gc,cpu         ] GC(1505) User=0.00s Sys=0.00s Real=0.00s
[892.067s][info][gc,start       ] GC(1506) Pause Young (Allocation Failure)
[892.080s][info][gc,heap        ] GC(1506) DefNew: 606400K(629120K)->15882K(629120K) Eden: 559232K(559232K)->0K(559232K) From: 47168K(69888K)->15882K(69888K)
[892.080s][info][gc,heap        ] GC(1506) Tenured: 1050050K(1398144K)->1081308K(1398144K)
[892.080s][info][gc,metaspace   ] GC(1506) Metaspace: 121445K(125248K)->121445K(125248K) NonClass: 105229K(105792K)->105229K(105792K) Class: 16216K(19456K)->16216K(19456K)
[892.080s][info][gc             ] GC(1506) Pause Young (Allocation Failure) 1617M->1071M(1979M) 13.373ms
[892.080s][info][gc,cpu         ] GC(1506) User=0.02s Sys=0.00s Real=0.02s
[892.118s][info][gc,start       ] GC(1507) Pause Young (Allocation Failure)
[892.125s][info][gc,heap        ] GC(1507) DefNew: 575114K(629120K)->15911K(629120K) Eden: 559232K(559232K)->0K(559232K) From: 15882K(69888K)->15911K(69888K)
[892.125s][info][gc,heap        ] GC(1507) Tenured: 1081308K(1398144K)->1081308K(1398144K)
[892.125s][info][gc,metaspace   ] GC(1507) Metaspace: 121445K(125248K)->121445K(125248K) NonClass: 105229K(105792K)->105229K(105792K) Class: 16216K(19456K)->16216K(19456K)
[892.125s][info][gc             ] GC(1507) Pause Young (Allocation Failure) 1617M->1071M(1979M) 6.448ms
[892.125s][info][gc,cpu         ] GC(1507) User=0.02s Sys=0.00s Real=0.02s
[892.170s][info][gc,start       ] GC(1508) Pause Young (Allocation Failure)
[892.182s][info][gc,heap        ] GC(1508) DefNew: 575143K(629120K)->34633K(629120K) Eden: 559232K(559232K)->0K(559232K) From: 15911K(69888K)->34633K(69888K)
[892.182s][info][gc,heap        ] GC(1508) Tenured: 1081308K(1398144K)->1081308K(1398144K)
[892.182s][info][gc,metaspace   ] GC(1508) Metaspace: 121445K(125248K)->121445K(125248K) NonClass: 105229K(105792K)->105229K(105792K) Class: 16216K(19456K)->16216K(19456K)
[892.182s][info][gc             ] GC(1508) Pause Young (Allocation Failure) 1617M->1089M(1979M) 11.888ms
[892.182s][info][gc,cpu         ] GC(1508) User=0.00s Sys=0.00s Real=0.00s
[892.232s][info][gc,start       ] GC(1509) Pause Young (Allocation Failure)
[892.255s][info][gc,heap        ] GC(1509) DefNew: 593865K(629120K)->69011K(629120K) Eden: 559232K(559232K)->0K(559232K) From: 34633K(69888K)->69011K(69888K)
[892.255s][info][gc,heap        ] GC(1509) Tenured: 1081308K(1398144K)->1096933K(1398144K)
[892.255s][info][gc,metaspace   ] GC(1509) Metaspace: 121445K(125248K)->121445K(125248K) NonClass: 105229K(105792K)->105229K(105792K) Class: 16216K(19456K)->16216K(19456K)
[892.255s][info][gc             ] GC(1509) Pause Young (Allocation Failure) 1635M->1138M(1979M) 22.979ms
[892.255s][info][gc,cpu         ] GC(1509) User=0.02s Sys=0.00s Real=0.02s
[892.295s][info][gc,start       ] GC(1510) Pause Young (Allocation Failure)
[892.316s][info][gc,heap        ] GC(1510) DefNew: 628243K(629120K)->25283K(629120K) Eden: 559232K(559232K)->0K(559232K) From: 69011K(69888K)->25283K(69888K)
[892.316s][info][gc,heap        ] GC(1510) Tenured: 1096933K(1398144K)->1156319K(1398144K)
[892.316s][info][gc,metaspace   ] GC(1510) Metaspace: 121445K(125248K)->121445K(125248K) NonClass: 105229K(105792K)->105229K(105792K) Class: 16216K(19456K)->16216K(19456K)
[892.316s][info][gc             ] GC(1510) Pause Young (Allocation Failure) 1684M->1153M(1979M) 21.605ms
[892.316s][info][gc,cpu         ] GC(1510) User=0.03s Sys=0.00s Real=0.03s
[892.354s][info][gc,start       ] GC(1511) Pause Young (Allocation Failure)
[892.365s][info][gc,heap        ] GC(1511) DefNew: 584515K(629120K)->33545K(629120K) Eden: 559232K(559232K)->0K(559232K) From: 25283K(69888K)->33545K(69888K)
[892.365s][info][gc,heap        ] GC(1511) Tenured: 1156319K(1398144K)->1156319K(1398144K)
[892.365s][info][gc,metaspace   ] GC(1511) Metaspace: 121445K(125248K)->121445K(125248K) NonClass: 105229K(105792K)->105229K(105792K) Class: 16216K(19456K)->16216K(19456K)
[892.365s][info][gc             ] GC(1511) Pause Young (Allocation Failure) 1700M->1161M(1979M) 10.774ms
[892.365s][info][gc,cpu         ] GC(1511) User=0.02s Sys=0.00s Real=0.02s
[892.413s][info][gc,start       ] GC(1512) Pause Young (Allocation Failure)
[892.437s][info][gc,heap        ] GC(1512) DefNew: 592777K(629120K)->68816K(629120K) Eden: 559232K(559232K)->0K(559232K) From: 33545K(69888K)->68816K(69888K)
[892.437s][info][gc,heap        ] GC(1512) Tenured: 1156319K(1398144K)->1174804K(1398144K)
[892.437s][info][gc,metaspace   ] GC(1512) Metaspace: 121445K(125248K)->121445K(125248K) NonClass: 105229K(105792K)->105229K(105792K) Class: 16216K(19456K)->16216K(19456K)
[892.437s][info][gc             ] GC(1512) Pause Young (Allocation Failure) 1708M->1214M(1979M) 23.896ms
[892.437s][info][gc,cpu         ] GC(1512) User=0.02s Sys=0.00s Real=0.02s
[892.478s][info][gc,start       ] GC(1513) Pause Young (Allocation Failure)
[892.507s][info][gc,heap        ] GC(1513) DefNew: 628048K(629120K)->53919K(629120K) Eden: 559232K(559232K)->0K(559232K) From: 68816K(69888K)->53919K(69888K)
[892.507s][info][gc,heap        ] GC(1513) Tenured: 1174804K(1398144K)->1236778K(1398144K)
[892.507s][info][gc,metaspace   ] GC(1513) Metaspace: 121445K(125248K)->121445K(125248K) NonClass: 105229K(105792K)->105229K(105792K) Class: 16216K(19456K)->16216K(19456K)
[892.507s][info][gc             ] GC(1513) Pause Young (Allocation Failure) 1760M->1260M(1979M) 29.523ms
[892.507s][info][gc,cpu         ] GC(1513) User=0.03s Sys=0.00s Real=0.03s
[892.547s][info][gc,start       ] GC(1514) Pause Young (Allocation Failure)
[892.567s][info][gc,heap        ] GC(1514) DefNew: 613151K(629120K)->21290K(629120K) Eden: 559232K(559232K)->0K(559232K) From: 53919K(69888K)->21290K(69888K)
[892.567s][info][gc,heap        ] GC(1514) Tenured: 1236778K(1398144K)->1287355K(1398144K)
[892.567s][info][gc,metaspace   ] GC(1514) Metaspace: 121445K(125248K)->121445K(125248K) NonClass: 105229K(105792K)->105229K(105792K) Class: 16216K(19456K)->16216K(19456K)
[892.567s][info][gc             ] GC(1514) Pause Young (Allocation Failure) 1806M->1277M(1979M) 20.090ms
[892.567s][info][gc,cpu         ] GC(1514) User=0.02s Sys=0.00s Real=0.02s
[892.605s][info][gc,start       ] GC(1515) Pause Young (Allocation Failure)
[892.616s][info][gc,heap        ] GC(1515) DefNew: 580522K(629120K)->32461K(629120K) Eden: 559232K(559232K)->0K(559232K) From: 21290K(69888K)->32461K(69888K)
[892.616s][info][gc,heap        ] GC(1515) Tenured: 1287355K(1398144K)->1287355K(1398144K)
[892.616s][info][gc,metaspace   ] GC(1515) Metaspace: 121445K(125248K)->121445K(125248K) NonClass: 105229K(105792K)->105229K(105792K) Class: 16216K(19456K)->16216K(19456K)
[892.616s][info][gc             ] GC(1515) Pause Young (Allocation Failure) 1824M->1288M(1979M) 10.566ms
[892.616s][info][gc,cpu         ] GC(1515) User=0.00s Sys=0.00s Real=0.00s
[892.654s][info][gc,start       ] GC(1516) Pause Young (Allocation Failure)
[892.665s][info][gc,heap        ] GC(1516) DefNew: 591693K(629120K)->35594K(629120K) Eden: 559232K(559232K)->0K(559232K) From: 32461K(69888K)->35594K(69888K)
[892.665s][info][gc,heap        ] GC(1516) Tenured: 1287355K(1398144K)->1287355K(1398144K)
[892.665s][info][gc,metaspace   ] GC(1516) Metaspace: 121445K(125248K)->121445K(125248K) NonClass: 105229K(105792K)->105229K(105792K) Class: 16216K(19456K)->16216K(19456K)
[892.665s][info][gc             ] GC(1516) Pause Young (Allocation Failure) 1835M->1291M(1979M) 11.251ms
[892.665s][info][gc,cpu         ] GC(1516) User=0.00s Sys=0.00s Real=0.00s
[892.704s][info][gc,start       ] GC(1517) Pause Young (Allocation Failure)
[892.720s][info][gc,heap        ] GC(1517) DefNew: 594826K(629120K)->45563K(629120K) Eden: 559232K(559232K)->0K(559232K) From: 35594K(69888K)->45563K(69888K)
[892.720s][info][gc,heap        ] GC(1517) Tenured: 1287355K(1398144K)->1299995K(1398144K)
[892.720s][info][gc,metaspace   ] GC(1517) Metaspace: 121445K(125248K)->121445K(125248K) NonClass: 105229K(105792K)->105229K(105792K) Class: 16216K(19456K)->16216K(19456K)
[892.720s][info][gc             ] GC(1517) Pause Young (Allocation Failure) 1838M->1314M(1979M) 16.369ms
[892.720s][info][gc,cpu         ] GC(1517) User=0.02s Sys=0.00s Real=0.01s
[892.759s][info][gc,start       ] GC(1518) Pause Young (Allocation Failure)
[892.771s][info][gc,heap        ] GC(1518) DefNew: 604795K(629120K)->40905K(629120K) Eden: 559232K(559232K)->0K(559232K) From: 45563K(69888K)->40905K(69888K)
[892.771s][info][gc,heap        ] GC(1518) Tenured: 1299995K(1398144K)->1299998K(1398144K)
[892.771s][info][gc,metaspace   ] GC(1518) Metaspace: 121445K(125248K)->121445K(125248K) NonClass: 105229K(105792K)->105229K(105792K) Class: 16216K(19456K)->16216K(19456K)
[892.771s][info][gc             ] GC(1518) Pause Young (Allocation Failure) 1860M->1309M(1979M) 12.154ms
[892.771s][info][gc,cpu         ] GC(1518) User=0.02s Sys=0.00s Real=0.02s
[892.809s][info][gc,start       ] GC(1519) Pause Young (Allocation Failure)
[892.823s][info][gc,heap        ] GC(1519) DefNew: 600137K(629120K)->22135K(629120K) Eden: 559232K(559232K)->0K(559232K) From: 40905K(69888K)->22135K(69888K)
[892.823s][info][gc,heap        ] GC(1519) Tenured: 1299998K(1398144K)->1325005K(1398144K)
[892.823s][info][gc,metaspace   ] GC(1519) Metaspace: 121445K(125248K)->121445K(125248K) NonClass: 105229K(105792K)->105229K(105792K) Class: 16216K(19456K)->16216K(19456K)
[892.823s][info][gc             ] GC(1519) Pause Young (Allocation Failure) 1855M->1315M(1979M) 13.736ms
[892.823s][info][gc,cpu         ] GC(1519) User=0.02s Sys=0.00s Real=0.02s
[892.861s][info][gc,start       ] GC(1520) Pause Young (Allocation Failure)
[892.869s][info][gc,heap        ] GC(1520) DefNew: 581367K(629120K)->22165K(629120K) Eden: 559232K(559232K)->0K(559232K) From: 22135K(69888K)->22165K(69888K)
[892.869s][info][gc,heap        ] GC(1520) Tenured: 1325005K(1398144K)->1325005K(1398144K)
[892.869s][info][gc,metaspace   ] GC(1520) Metaspace: 121445K(125248K)->121445K(125248K) NonClass: 105229K(105792K)->105229K(105792K) Class: 16216K(19456K)->16216K(19456K)
[892.869s][info][gc             ] GC(1520) Pause Young (Allocation Failure) 1861M->1315M(1979M) 7.956ms
[892.869s][info][gc,cpu         ] GC(1520) User=0.02s Sys=0.00s Real=0.02s
[892.907s][info][gc,start       ] GC(1521) Pause Young (Allocation Failure)
[892.915s][info][gc,heap        ] GC(1521) DefNew: 581397K(629120K)->22171K(629120K) Eden: 559232K(559232K)->0K(559232K) From: 22165K(69888K)->22171K(69888K)
[892.915s][info][gc,heap        ] GC(1521) Tenured: 1325005K(1398144K)->1325005K(1398144K)
[892.915s][info][gc,metaspace   ] GC(1521) Metaspace: 121445K(125248K)->121445K(125248K) NonClass: 105229K(105792K)->105229K(105792K) Class: 16216K(19456K)->16216K(19456K)
[892.915s][info][gc             ] GC(1521) Pause Young (Allocation Failure) 1861M->1315M(1979M) 7.929ms
[892.915s][info][gc,cpu         ] GC(1521) User=0.00s Sys=0.00s Real=0.00s
[892.970s][info][gc,start       ] GC(1522) Pause Young (Allocation Failure)
[892.991s][info][gc,heap        ] GC(1522) DefNew: 581403K(629120K)->65970K(629120K) Eden: 559232K(559232K)->0K(559232K) From: 22171K(69888K)->65970K(69888K)
[892.991s][info][gc,heap        ] GC(1522) Tenured: 1325005K(1398144K)->1331255K(1398144K)
[892.991s][info][gc,metaspace   ] GC(1522) Metaspace: 121445K(125248K)->121445K(125248K) NonClass: 105229K(105792K)->105229K(105792K) Class: 16216K(19456K)->16216K(19456K)
[892.991s][info][gc             ] GC(1522) Pause Young (Allocation Failure) 1861M->1364M(1979M) 21.053ms
[892.991s][info][gc,cpu         ] GC(1522) User=0.02s Sys=0.00s Real=0.02s
[893.031s][info][gc,start       ] GC(1523) Pause Young (Allocation Failure)
[893.052s][info][gc,heap        ] GC(1523) DefNew: 625202K(629120K)->19003K(629120K) Eden: 559232K(559232K)->0K(559232K) From: 65970K(69888K)->19003K(69888K)
[893.052s][info][gc,heap        ] GC(1523) Tenured: 1331255K(1398144K)->1390763K(1398144K)
[893.052s][info][gc,metaspace   ] GC(1523) Metaspace: 121445K(125248K)->121445K(125248K) NonClass: 105229K(105792K)->105229K(105792K) Class: 16216K(19456K)->16216K(19456K)
[893.052s][info][gc             ] GC(1523) Pause Young (Allocation Failure) 1910M->1376M(1979M) 21.012ms
[893.052s][info][gc,cpu         ] GC(1523) User=0.02s Sys=0.00s Real=0.02s
[893.091s][info][gc,start       ] GC(1524) Pause Young (Allocation Failure)
[893.091s][info][gc             ] GC(1524) Pause Young (Allocation Failure) 1922M->1922M(1979M) 0.125ms
[893.091s][info][gc,cpu         ] GC(1524) User=0.00s Sys=0.00s Real=0.00s
[893.091s][info][gc,start       ] GC(1525) Pause Full (Allocation Failure)
[893.091s][info][gc,phases,start] GC(1525) Phase 1: Mark live objects
[893.162s][info][gc,phases      ] GC(1525) Phase 1: Mark live objects 71.199ms
[893.162s][info][gc,phases,start] GC(1525) Phase 2: Compute new object addresses
[893.317s][info][gc,phases      ] GC(1525) Phase 2: Compute new object addresses 155.278ms
[893.317s][info][gc,phases,start] GC(1525) Phase 3: Adjust pointers
[893.352s][info][gc,phases      ] GC(1525) Phase 3: Adjust pointers 34.713ms
[893.352s][info][gc,phases,start] GC(1525) Phase 4: Move objects
[893.388s][info][gc,phases      ] GC(1525) Phase 4: Move objects 36.208ms
[893.389s][info][gc,heap        ] GC(1525) DefNew: 578235K(629120K)->0K(629120K) Eden: 559232K(559232K)->0K(559232K) From: 19003K(69888K)->0K(69888K)
[893.389s][info][gc,heap        ] GC(1525) Tenured: 1390763K(1398144K)->1209962K(1398144K)
[893.389s][info][gc,metaspace   ] GC(1525) Metaspace: 121445K(125248K)->121445K(125248K) NonClass: 105229K(105792K)->105229K(105792K) Class: 16216K(19456K)->16216K(19456K)
[893.389s][info][gc             ] GC(1525) Pause Full (Allocation Failure) 1922M->1181M(1979M) 298.525ms
[893.389s][info][gc,cpu         ] GC(1525) User=0.28s Sys=0.00s Real=0.29s
[893.441s][info][gc,start       ] GC(1526) Pause Young (Allocation Failure)
[893.452s][info][gc,heap        ] GC(1526) DefNew: 559232K(629120K)->29042K(629120K) Eden: 559232K(559232K)->0K(559232K) From: 0K(69888K)->29042K(69888K)
[893.452s][info][gc,heap        ] GC(1526) Tenured: 1209962K(1398144K)->1209962K(1398144K)
[893.452s][info][gc,metaspace   ] GC(1526) Metaspace: 121445K(125248K)->121445K(125248K) NonClass: 105229K(105792K)->105229K(105792K) Class: 16216K(19456K)->16216K(19456K)
[893.452s][info][gc             ] GC(1526) Pause Young (Allocation Failure) 1727M->1209M(1979M) 10.675ms
[893.452s][info][gc,cpu         ] GC(1526) User=0.00s Sys=0.00s Real=0.00s
[893.494s][info][gc,start       ] GC(1527) Pause Young (Allocation Failure)
[893.518s][info][gc,heap        ] GC(1527) DefNew: 588274K(629120K)->68639K(629120K) Eden: 559232K(559232K)->0K(559232K) From: 29042K(69888K)->68639K(69888K)
[893.518s][info][gc,heap        ] GC(1527) Tenured: 1209962K(1398144K)->1230352K(1398144K)
[893.518s][info][gc,metaspace   ] GC(1527) Metaspace: 121445K(125248K)->121445K(125248K) NonClass: 105229K(105792K)->105229K(105792K) Class: 16216K(19456K)->16216K(19456K)
[893.518s][info][gc             ] GC(1527) Pause Young (Allocation Failure) 1756M->1268M(1979M) 23.946ms
[893.518s][info][gc,cpu         ] GC(1527) User=0.02s Sys=0.00s Real=0.02s
[893.558s][info][gc,start       ] GC(1528) Pause Young (Allocation Failure)
[893.585s][info][gc,heap        ] GC(1528) DefNew: 627871K(629120K)->43724K(629120K) Eden: 559232K(559232K)->0K(559232K) From: 68639K(69888K)->43724K(69888K)
[893.585s][info][gc,heap        ] GC(1528) Tenured: 1230352K(1398144K)->1296811K(1398144K)
[893.585s][info][gc,metaspace   ] GC(1528) Metaspace: 121445K(125248K)->121445K(125248K) NonClass: 105229K(105792K)->105229K(105792K) Class: 16216K(19456K)->16216K(19456K)
[893.585s][info][gc             ] GC(1528) Pause Young (Allocation Failure) 1814M->1309M(1979M) 26.391ms
[893.585s][info][gc,cpu         ] GC(1528) User=0.02s Sys=0.00s Real=0.02s
[893.627s][info][gc,start       ] GC(1529) Pause Young (Allocation Failure)
[893.645s][info][gc,heap        ] GC(1529) DefNew: 602956K(629120K)->21918K(629120K) Eden: 559232K(559232K)->0K(559232K) From: 43724K(69888K)->21918K(69888K)
[893.645s][info][gc,heap        ] GC(1529) Tenured: 1296811K(1398144K)->1331754K(1398144K)
[893.645s][info][gc,metaspace   ] GC(1529) Metaspace: 121445K(125248K)->121445K(125248K) NonClass: 105229K(105792K)->105229K(105792K) Class: 16216K(19456K)->16216K(19456K)
[893.645s][info][gc             ] GC(1529) Pause Young (Allocation Failure) 1855M->1321M(1979M) 18.621ms
[893.645s][info][gc,cpu         ] GC(1529) User=0.02s Sys=0.00s Real=0.02s
[893.688s][info][gc,start       ] GC(1530) Pause Young (Allocation Failure)
[893.689s][info][gc             ] GC(1530) Pause Young (Allocation Failure) 1868M->1868M(1979M) 0.117ms
[893.689s][info][gc,cpu         ] GC(1530) User=0.00s Sys=0.00s Real=0.00s
[893.689s][info][gc,start       ] GC(1531) Pause Full (Allocation Failure)
[893.689s][info][gc,phases,start] GC(1531) Phase 1: Mark live objects
[893.749s][info][gc,phases      ] GC(1531) Phase 1: Mark live objects 60.406ms
[893.749s][info][gc,phases,start] GC(1531) Phase 2: Compute new object addresses
[893.896s][info][gc,phases      ] GC(1531) Phase 2: Compute new object addresses 146.797ms
[893.896s][info][gc,phases,start] GC(1531) Phase 3: Adjust pointers
[893.932s][info][gc,phases      ] GC(1531) Phase 3: Adjust pointers 35.732ms
[893.932s][info][gc,phases,start] GC(1531) Phase 4: Move objects
[893.970s][info][gc,phases      ] GC(1531) Phase 4: Move objects 38.633ms
[893.971s][info][gc,heap        ] GC(1531) DefNew: 581150K(629120K)->0K(629120K) Eden: 559232K(559232K)->0K(559232K) From: 21918K(69888K)->0K(69888K)
[893.971s][info][gc,heap        ] GC(1531) Tenured: 1331754K(1398144K)->1217359K(1398144K)
[893.971s][info][gc,metaspace   ] GC(1531) Metaspace: 121445K(125248K)->121445K(125248K) NonClass: 105229K(105792K)->105229K(105792K) Class: 16216K(19456K)->16216K(19456K)
[893.971s][info][gc             ] GC(1531) Pause Full (Allocation Failure) 1868M->1188M(1979M) 282.709ms
[893.971s][info][gc,cpu         ] GC(1531) User=0.28s Sys=0.00s Real=0.28s
[894.012s][info][gc,start       ] GC(1532) Pause Young (Allocation Failure)
[894.020s][info][gc,heap        ] GC(1532) DefNew: 559232K(629120K)->17006K(629120K) Eden: 559232K(559232K)->0K(559232K) From: 0K(69888K)->17006K(69888K)
[894.020s][info][gc,heap        ] GC(1532) Tenured: 1217359K(1398144K)->1217359K(1398144K)
[894.020s][info][gc,metaspace   ] GC(1532) Metaspace: 121445K(125248K)->121445K(125248K) NonClass: 105229K(105792K)->105229K(105792K) Class: 16216K(19456K)->16216K(19456K)
[894.020s][info][gc             ] GC(1532) Pause Young (Allocation Failure) 1734M->1205M(1979M) 7.706ms
[894.020s][info][gc,cpu         ] GC(1532) User=0.00s Sys=0.00s Real=0.00s
[894.055s][info][gc,start       ] GC(1533) Pause Young (Allocation Failure)
[894.081s][info][gc,heap        ] GC(1533) DefNew: 576238K(629120K)->67150K(629120K) Eden: 559232K(559232K)->0K(559232K) From: 17006K(69888K)->67150K(69888K)
[894.081s][info][gc,heap        ] GC(1533) Tenured: 1217359K(1398144K)->1242359K(1398144K)
[894.081s][info][gc,metaspace   ] GC(1533) Metaspace: 121445K(125248K)->121445K(125248K) NonClass: 105229K(105792K)->105229K(105792K) Class: 16216K(19456K)->16216K(19456K)
[894.081s][info][gc             ] GC(1533) Pause Young (Allocation Failure) 1751M->1278M(1979M) 26.720ms
[894.081s][info][gc,cpu         ] GC(1533) User=0.02s Sys=0.00s Real=0.03s
[894.125s][info][gc,start       ] GC(1534) Pause Young (Allocation Failure)
[894.159s][info][gc,heap        ] GC(1534) DefNew: 626382K(629120K)->69888K(629120K) Eden: 559232K(559232K)->0K(559232K) From: 67150K(69888K)->69888K(69888K)
[894.159s][info][gc,heap        ] GC(1534) Tenured: 1242359K(1398144K)->1301625K(1398144K)
[894.159s][info][gc,metaspace   ] GC(1534) Metaspace: 121445K(125248K)->121445K(125248K) NonClass: 105229K(105792K)->105229K(105792K) Class: 16216K(19456K)->16216K(19456K)
[894.159s][info][gc             ] GC(1534) Pause Young (Allocation Failure) 1824M->1339M(1979M) 34.482ms
[894.159s][info][gc,cpu         ] GC(1534) User=0.02s Sys=0.00s Real=0.02s
[894.198s][info][gc,start       ] GC(1535) Pause Young (Allocation Failure)
[894.231s][info][gc,heap        ] GC(1535) DefNew: 629120K(629120K)->49573K(629120K) Eden: 559232K(559232K)->0K(559232K) From: 69888K(69888K)->49573K(69888K)
[894.231s][info][gc,heap        ] GC(1535) Tenured: 1301625K(1398144K)->1356162K(1398144K)
[894.231s][info][gc,metaspace   ] GC(1535) Metaspace: 121445K(125248K)->121445K(125248K) NonClass: 105229K(105792K)->105229K(105792K) Class: 16216K(19456K)->16216K(19456K)
[894.231s][info][gc             ] GC(1535) Pause Young (Allocation Failure) 1885M->1372M(1979M) 33.032ms
[894.231s][info][gc,cpu         ] GC(1535) User=0.03s Sys=0.00s Real=0.03s
[894.268s][info][gc,start       ] GC(1536) Pause Young (Allocation Failure)
[894.268s][info][gc             ] GC(1536) Pause Young (Allocation Failure) 1918M->1918M(1979M) 0.122ms
[894.268s][info][gc,cpu         ] GC(1536) User=0.00s Sys=0.00s Real=0.00s
[894.268s][info][gc,start       ] GC(1537) Pause Full (Allocation Failure)
[894.268s][info][gc,phases,start] GC(1537) Phase 1: Mark live objects
[894.326s][info][gc,phases      ] GC(1537) Phase 1: Mark live objects 57.166ms
[894.326s][info][gc,phases,start] GC(1537) Phase 2: Compute new object addresses
[894.475s][info][gc,phases      ] GC(1537) Phase 2: Compute new object addresses 148.916ms
[894.475s][info][gc,phases,start] GC(1537) Phase 3: Adjust pointers
[894.509s][info][gc,phases      ] GC(1537) Phase 3: Adjust pointers 34.251ms
[894.542s][info][gc,phases,start] GC(1537) Phase 4: Move objects
[894.632s][info][gc,phases      ] GC(1537) Phase 4: Move objects 90.670ms
[894.633s][info][gc,heap        ] GC(1537) DefNew: 608805K(629120K)->0K(629120K) Eden: 559232K(559232K)->0K(559232K) From: 49573K(69888K)->0K(69888K)
[894.633s][info][gc,heap        ] GC(1537) Tenured: 1356162K(1398144K)->1207029K(1398144K)
[894.633s][info][gc,metaspace   ] GC(1537) Metaspace: 121445K(125248K)->121445K(125248K) NonClass: 105229K(105792K)->105229K(105792K) Class: 16216K(19456K)->16216K(19456K)
[894.633s][info][gc             ] GC(1537) Pause Full (Allocation Failure) 1918M->1178M(1979M) 364.900ms
[894.633s][info][gc,cpu         ] GC(1537) User=0.31s Sys=0.00s Real=0.37s
[894.671s][info][gc,start       ] GC(1538) Pause Young (Allocation Failure)
[894.683s][info][gc,heap        ] GC(1538) DefNew: 559232K(629120K)->42827K(629120K) Eden: 559232K(559232K)->0K(559232K) From: 0K(69888K)->42827K(69888K)
[894.684s][info][gc,heap        ] GC(1538) Tenured: 1207029K(1398144K)->1207029K(1398144K)
[894.684s][info][gc,metaspace   ] GC(1538) Metaspace: 121445K(125248K)->121445K(125248K) NonClass: 105229K(105792K)->105229K(105792K) Class: 16216K(19456K)->16216K(19456K)
[894.684s][info][gc             ] GC(1538) Pause Young (Allocation Failure) 1724M->1220M(1979M) 12.407ms
[894.684s][info][gc,cpu         ] GC(1538) User=0.02s Sys=0.00s Real=0.02s
[894.716s][info][gc,start       ] GC(1539) Pause Young (Allocation Failure)
[894.743s][info][gc,heap        ] GC(1539) DefNew: 602059K(629120K)->67033K(629120K) Eden: 559232K(559232K)->0K(559232K) From: 42827K(69888K)->67033K(69888K)
[894.743s][info][gc,heap        ] GC(1539) Tenured: 1207029K(1398144K)->1235015K(1398144K)
[894.743s][info][gc,metaspace   ] GC(1539) Metaspace: 121445K(125248K)->121445K(125248K) NonClass: 105229K(105792K)->105229K(105792K) Class: 16216K(19456K)->16216K(19456K)
[894.744s][info][gc             ] GC(1539) Pause Young (Allocation Failure) 1766M->1271M(1979M) 27.172ms
[894.744s][info][gc,cpu         ] GC(1539) User=0.03s Sys=0.00s Real=0.03s
[894.779s][info][gc,start       ] GC(1540) Pause Young (Allocation Failure)
[894.810s][info][gc,heap        ] GC(1540) DefNew: 626265K(629120K)->68975K(629120K) Eden: 559232K(559232K)->0K(559232K) From: 67033K(69888K)->68975K(69888K)
[894.810s][info][gc,heap        ] GC(1540) Tenured: 1235015K(1398144K)->1281146K(1398144K)
[894.810s][info][gc,metaspace   ] GC(1540) Metaspace: 121445K(125248K)->121445K(125248K) NonClass: 105229K(105792K)->105229K(105792K) Class: 16216K(19456K)->16216K(19456K)
[894.810s][info][gc             ] GC(1540) Pause Young (Allocation Failure) 1817M->1318M(1979M) 31.058ms
[894.810s][info][gc,cpu         ] GC(1540) User=0.03s Sys=0.00s Real=0.03s
[894.843s][info][gc,start       ] GC(1541) Pause Young (Allocation Failure)
[894.870s][info][gc,heap        ] GC(1541) DefNew: 628207K(629120K)->67544K(629120K) Eden: 559232K(559232K)->0K(559232K) From: 68975K(69888K)->67544K(69888K)
[894.870s][info][gc,heap        ] GC(1541) Tenured: 1281146K(1398144K)->1324777K(1398144K)
[894.870s][info][gc,metaspace   ] GC(1541) Metaspace: 121445K(125248K)->121445K(125248K) NonClass: 105229K(105792K)->105229K(105792K) Class: 16216K(19456K)->16216K(19456K)
[894.870s][info][gc             ] GC(1541) Pause Young (Allocation Failure) 1864M->1359M(1979M) 26.913ms
[894.870s][info][gc,cpu         ] GC(1541) User=0.03s Sys=0.00s Real=0.03s
[894.901s][info][gc,start       ] GC(1542) Pause Young (Allocation Failure)
[894.902s][info][gc             ] GC(1542) Pause Young (Allocation Failure) 1905M->1905M(1979M) 0.116ms
[894.902s][info][gc,cpu         ] GC(1542) User=0.00s Sys=0.00s Real=0.00s
[894.902s][info][gc,start       ] GC(1543) Pause Full (Allocation Failure)
[894.902s][info][gc,phases,start] GC(1543) Phase 1: Mark live objects
[894.958s][info][gc,phases      ] GC(1543) Phase 1: Mark live objects 56.802ms
[894.958s][info][gc,phases,start] GC(1543) Phase 2: Compute new object addresses
[895.108s][info][gc,phases      ] GC(1543) Phase 2: Compute new object addresses 149.297ms
[895.108s][info][gc,phases,start] GC(1543) Phase 3: Adjust pointers
[895.141s][info][gc,phases      ] GC(1543) Phase 3: Adjust pointers 32.860ms
[895.141s][info][gc,phases,start] GC(1543) Phase 4: Move objects
[895.165s][info][gc,phases      ] GC(1543) Phase 4: Move objects 24.191ms
[895.166s][info][gc,heap        ] GC(1543) DefNew: 626776K(629120K)->0K(629120K) Eden: 559232K(559232K)->0K(559232K) From: 67544K(69888K)->0K(69888K)
[895.166s][info][gc,heap        ] GC(1543) Tenured: 1324777K(1398144K)->1321140K(1398144K)
[895.166s][info][gc,metaspace   ] GC(1543) Metaspace: 121445K(125248K)->121445K(125248K) NonClass: 105229K(105792K)->105229K(105792K) Class: 16216K(19456K)->16216K(19456K)
[895.166s][info][gc             ] GC(1543) Pause Full (Allocation Failure) 1905M->1290M(1979M) 264.212ms
[895.166s][info][gc,cpu         ] GC(1543) User=0.27s Sys=0.00s Real=0.26s
[895.201s][info][gc,start       ] GC(1544) Pause Young (Allocation Failure)
[895.202s][info][gc             ] GC(1544) Pause Young (Allocation Failure) 1836M->1836M(1979M) 0.117ms
[895.202s][info][gc,cpu         ] GC(1544) User=0.00s Sys=0.00s Real=0.00s
[895.202s][info][gc,start       ] GC(1545) Pause Full (Allocation Failure)
[895.202s][info][gc,phases,start] GC(1545) Phase 1: Mark live objects
[895.257s][info][gc,phases      ] GC(1545) Phase 1: Mark live objects 55.625ms
[895.257s][info][gc,phases,start] GC(1545) Phase 2: Compute new object addresses
[895.403s][info][gc,phases      ] GC(1545) Phase 2: Compute new object addresses 145.654ms
[895.403s][info][gc,phases,start] GC(1545) Phase 3: Adjust pointers
[895.436s][info][gc,phases      ] GC(1545) Phase 3: Adjust pointers 32.905ms
[895.436s][info][gc,phases,start] GC(1545) Phase 4: Move objects
[895.452s][info][gc,phases      ] GC(1545) Phase 4: Move objects 15.886ms
[895.453s][info][gc,heap        ] GC(1545) DefNew: 559232K(629120K)->0K(629120K) Eden: 559232K(559232K)->0K(559232K) From: 0K(69888K)->0K(69888K)
[895.453s][info][gc,heap        ] GC(1545) Tenured: 1321140K(1398144K)->1357122K(1398144K)
[895.453s][info][gc,metaspace   ] GC(1545) Metaspace: 121445K(125248K)->121445K(125248K) NonClass: 105229K(105792K)->105229K(105792K) Class: 16216K(19456K)->16216K(19456K)
[895.453s][info][gc             ] GC(1545) Pause Full (Allocation Failure) 1836M->1325M(1979M) 251.130ms
[895.453s][info][gc,cpu         ] GC(1545) User=0.25s Sys=0.00s Real=0.25s
[895.488s][info][gc,start       ] GC(1546) Pause Young (Allocation Failure)
[895.489s][info][gc             ] GC(1546) Pause Young (Allocation Failure) 1871M->1871M(1979M) 0.134ms
[895.489s][info][gc,cpu         ] GC(1546) User=0.00s Sys=0.00s Real=0.00s
[895.489s][info][gc,start       ] GC(1547) Pause Full (Allocation Failure)
[895.489s][info][gc,phases,start] GC(1547) Phase 1: Mark live objects
[895.561s][info][gc,phases      ] GC(1547) Phase 1: Mark live objects 71.947ms
[895.561s][info][gc,phases,start] GC(1547) Phase 2: Compute new object addresses
[895.707s][info][gc,phases      ] GC(1547) Phase 2: Compute new object addresses 146.181ms
[895.707s][info][gc,phases,start] GC(1547) Phase 3: Adjust pointers
[895.740s][info][gc,phases      ] GC(1547) Phase 3: Adjust pointers 32.995ms
[895.740s][info][gc,phases,start] GC(1547) Phase 4: Move objects
[895.766s][info][gc,phases      ] GC(1547) Phase 4: Move objects 26.161ms
[895.767s][info][gc,heap        ] GC(1547) DefNew: 559232K(629120K)->0K(629120K) Eden: 559232K(559232K)->0K(559232K) From: 0K(69888K)->0K(69888K)
[895.767s][info][gc,heap        ] GC(1547) Tenured: 1357122K(1398144K)->1368291K(1398144K)
[895.767s][info][gc,metaspace   ] GC(1547) Metaspace: 121445K(125248K)->121445K(125248K) NonClass: 105229K(105792K)->105229K(105792K) Class: 16216K(19456K)->16216K(19456K)
[895.767s][info][gc             ] GC(1547) Pause Full (Allocation Failure) 1871M->1336M(1979M) 278.415ms
[895.767s][info][gc,cpu         ] GC(1547) User=0.28s Sys=0.00s Real=0.29s
[895.802s][info][gc,start       ] GC(1548) Pause Young (Allocation Failure)
[895.802s][info][gc             ] GC(1548) Pause Young (Allocation Failure) 1882M->1882M(1979M) 0.136ms
[895.802s][info][gc,cpu         ] GC(1548) User=0.00s Sys=0.00s Real=0.00s
[895.802s][info][gc,start       ] GC(1549) Pause Full (Allocation Failure)
[895.803s][info][gc,phases,start] GC(1549) Phase 1: Mark live objects
[895.858s][info][gc,phases      ] GC(1549) Phase 1: Mark live objects 55.506ms
[895.858s][info][gc,phases,start] GC(1549) Phase 2: Compute new object addresses
[895.989s][info][gc,phases      ] GC(1549) Phase 2: Compute new object addresses 131.373ms
[895.990s][info][gc,phases,start] GC(1549) Phase 3: Adjust pointers
[896.023s][info][gc,phases      ] GC(1549) Phase 3: Adjust pointers 33.220ms
[896.023s][info][gc,phases,start] GC(1549) Phase 4: Move objects
[896.095s][info][gc,phases      ] GC(1549) Phase 4: Move objects 71.995ms
[896.096s][info][gc,heap        ] GC(1549) DefNew: 559232K(629120K)->0K(629120K) Eden: 559232K(559232K)->0K(559232K) From: 0K(69888K)->0K(69888K)
[896.096s][info][gc,heap        ] GC(1549) Tenured: 1368291K(1398144K)->1323543K(1398144K)
[896.096s][info][gc,metaspace   ] GC(1549) Metaspace: 121445K(125248K)->121445K(125248K) NonClass: 105229K(105792K)->105229K(105792K) Class: 16216K(19456K)->16216K(19456K)
[896.096s][info][gc             ] GC(1549) Pause Full (Allocation Failure) 1882M->1292M(1979M) 293.309ms
[896.096s][info][gc,cpu         ] GC(1549) User=0.30s Sys=0.00s Real=0.30s
[896.132s][info][gc,start       ] GC(1550) Pause Young (Allocation Failure)
[896.132s][info][gc             ] GC(1550) Pause Young (Allocation Failure) 1838M->1838M(1979M) 0.128ms
[896.132s][info][gc,cpu         ] GC(1550) User=0.00s Sys=0.00s Real=0.00s
[896.132s][info][gc,start       ] GC(1551) Pause Full (Allocation Failure)
[896.132s][info][gc,phases,start] GC(1551) Phase 1: Mark live objects
[896.188s][info][gc,phases      ] GC(1551) Phase 1: Mark live objects 56.221ms
[896.188s][info][gc,phases,start] GC(1551) Phase 2: Compute new object addresses
[896.330s][info][gc,phases      ] GC(1551) Phase 2: Compute new object addresses 141.459ms
[896.330s][info][gc,phases,start] GC(1551) Phase 3: Adjust pointers
[896.364s][info][gc,phases      ] GC(1551) Phase 3: Adjust pointers 34.313ms
[896.364s][info][gc,phases,start] GC(1551) Phase 4: Move objects
[896.374s][info][gc,phases      ] GC(1551) Phase 4: Move objects 9.609ms
[896.374s][info][gc,heap        ] GC(1551) DefNew: 559232K(629120K)->0K(629120K) Eden: 559232K(559232K)->0K(559232K) From: 0K(69888K)->0K(69888K)
[896.374s][info][gc,heap        ] GC(1551) Tenured: 1323543K(1398144K)->1366793K(1398144K)
[896.374s][info][gc,metaspace   ] GC(1551) Metaspace: 121445K(125248K)->121445K(125248K) NonClass: 105229K(105792K)->105229K(105792K) Class: 16216K(19456K)->16216K(19456K)
[896.375s][info][gc             ] GC(1551) Pause Full (Allocation Failure) 1838M->1334M(1979M) 242.708ms
[896.375s][info][gc,cpu         ] GC(1551) User=0.23s Sys=0.00s Real=0.24s
[896.411s][info][gc,start       ] GC(1552) Pause Young (Allocation Failure)
[896.411s][info][gc             ] GC(1552) Pause Young (Allocation Failure) 1880M->1880M(1979M) 0.160ms
[896.411s][info][gc,cpu         ] GC(1552) User=0.00s Sys=0.00s Real=0.00s
[896.411s][info][gc,start       ] GC(1553) Pause Full (Allocation Failure)
[896.411s][info][gc,phases,start] GC(1553) Phase 1: Mark live objects
[896.473s][info][gc,phases      ] GC(1553) Phase 1: Mark live objects 62.400ms
[896.473s][info][gc,phases,start] GC(1553) Phase 2: Compute new object addresses
[896.620s][info][gc,phases      ] GC(1553) Phase 2: Compute new object addresses 146.214ms
[896.620s][info][gc,phases,start] GC(1553) Phase 3: Adjust pointers
[896.654s][info][gc,phases      ] GC(1553) Phase 3: Adjust pointers 33.909ms
[896.654s][info][gc,phases,start] GC(1553) Phase 4: Move objects
[896.662s][info][gc,phases      ] GC(1553) Phase 4: Move objects 8.363ms
[896.663s][info][gc,heap        ] GC(1553) DefNew: 559232K(629120K)->6408K(629120K) Eden: 559232K(559232K)->6408K(559232K) From: 0K(69888K)->0K(69888K)
[896.663s][info][gc,heap        ] GC(1553) Tenured: 1366793K(1398144K)->1397534K(1398144K)
[896.663s][info][gc,metaspace   ] GC(1553) Metaspace: 121445K(125248K)->121445K(125248K) NonClass: 105229K(105792K)->105229K(105792K) Class: 16216K(19456K)->16216K(19456K)
[896.663s][info][gc             ] GC(1553) Pause Full (Allocation Failure) 1880M->1371M(1979M) 252.096ms
[896.663s][info][gc,cpu         ] GC(1553) User=0.27s Sys=0.00s Real=0.27s
[898.810s][info][gc,start       ] GC(1554) Pause Full (Allocation Failure)
[898.810s][info][gc,phases,start] GC(1554) Phase 1: Mark live objects
[898.866s][info][gc,phases      ] GC(1554) Phase 1: Mark live objects 56.315ms
[898.866s][info][gc,phases,start] GC(1554) Phase 2: Compute new object addresses
[899.033s][info][gc,phases      ] GC(1554) Phase 2: Compute new object addresses 166.864ms
[899.033s][info][gc,phases,start] GC(1554) Phase 3: Adjust pointers
[899.067s][info][gc,phases      ] GC(1554) Phase 3: Adjust pointers 33.373ms
[899.067s][info][gc,phases,start] GC(1554) Phase 4: Move objects
[899.082s][info][gc,phases      ] GC(1554) Phase 4: Move objects 15.705ms
[899.083s][info][gc,heap        ] GC(1554) DefNew: 629120K(629120K)->28698K(629120K) Eden: 559232K(559232K)->28698K(559232K) From: 69888K(69888K)->0K(69888K)
[899.083s][info][gc,heap        ] GC(1554) Tenured: 1398144K(1398144K)->1394557K(1398144K)
[899.083s][info][gc,metaspace   ] GC(1554) Metaspace: 121445K(125248K)->121445K(125248K) NonClass: 105229K(105792K)->105229K(105792K) Class: 16216K(19456K)->16216K(19456K)
[899.083s][info][gc             ] GC(1554) Pause Full (Allocation Failure) 1979M->1389M(1979M) 273.446ms
[899.083s][info][gc,cpu         ] GC(1554) User=0.28s Sys=0.00s Real=0.28s
[901.086s][info][gc,start       ] GC(1555) Pause Full (Allocation Failure)
[901.086s][info][gc,phases,start] GC(1555) Phase 1: Mark live objects
[901.143s][info][gc,phases      ] GC(1555) Phase 1: Mark live objects 56.671ms
[901.143s][info][gc,phases,start] GC(1555) Phase 2: Compute new object addresses
[901.305s][info][gc,phases      ] GC(1555) Phase 2: Compute new object addresses 162.210ms
[901.305s][info][gc,phases,start] GC(1555) Phase 3: Adjust pointers
[901.339s][info][gc,phases      ] GC(1555) Phase 3: Adjust pointers 33.788ms
[901.339s][info][gc,phases,start] GC(1555) Phase 4: Move objects
[901.412s][info][gc,phases      ] GC(1555) Phase 4: Move objects 72.748ms
[901.413s][info][gc,heap        ] GC(1555) DefNew: 629120K(629120K)->0K(629120K) Eden: 559232K(559232K)->0K(559232K) From: 69888K(69888K)->0K(69888K)
[901.413s][info][gc,heap        ] GC(1555) Tenured: 1398143K(1398144K)->1373775K(1398144K)
[901.413s][info][gc,metaspace   ] GC(1555) Metaspace: 121445K(125248K)->121445K(125248K) NonClass: 105229K(105792K)->105229K(105792K) Class: 16216K(19456K)->16216K(19456K)
[901.413s][info][gc             ] GC(1555) Pause Full (Allocation Failure) 1979M->1341M(1979M) 326.693ms
[901.413s][info][gc,cpu         ] GC(1555) User=0.31s Sys=0.02s Real=0.33s
[901.449s][info][gc,start       ] GC(1556) Pause Young (Allocation Failure)
[901.450s][info][gc             ] GC(1556) Pause Young (Allocation Failure) 1887M->1887M(1979M) 0.138ms
[901.450s][info][gc,cpu         ] GC(1556) User=0.00s Sys=0.00s Real=0.00s
[901.450s][info][gc,start       ] GC(1557) Pause Full (Allocation Failure)
[901.450s][info][gc,phases,start] GC(1557) Phase 1: Mark live objects
[901.506s][info][gc,phases      ] GC(1557) Phase 1: Mark live objects 55.870ms
[901.506s][info][gc,phases,start] GC(1557) Phase 2: Compute new object addresses
[901.660s][info][gc,phases      ] GC(1557) Phase 2: Compute new object addresses 154.552ms
[901.660s][info][gc,phases,start] GC(1557) Phase 3: Adjust pointers
[901.694s][info][gc,phases      ] GC(1557) Phase 3: Adjust pointers 33.973ms
[901.694s][info][gc,phases,start] GC(1557) Phase 4: Move objects
[901.706s][info][gc,phases      ] GC(1557) Phase 4: Move objects 11.719ms
[901.707s][info][gc,heap        ] GC(1557) DefNew: 559232K(629120K)->31509K(629120K) Eden: 559232K(559232K)->31509K(559232K) From: 0K(69888K)->0K(69888K)
[901.707s][info][gc,heap        ] GC(1557) Tenured: 1373775K(1398144K)->1394760K(1398144K)
[901.707s][info][gc,metaspace   ] GC(1557) Metaspace: 121445K(125248K)->121445K(125248K) NonClass: 105229K(105792K)->105229K(105792K) Class: 16216K(19456K)->16216K(19456K)
[901.707s][info][gc             ] GC(1557) Pause Full (Allocation Failure) 1887M->1392M(1979M) 257.337ms
[901.707s][info][gc,cpu         ] GC(1557) User=0.25s Sys=0.00s Real=0.25s
[903.494s][info][gc,start       ] GC(1558) Pause Full (Allocation Failure)
[903.494s][info][gc,phases,start] GC(1558) Phase 1: Mark live objects
[903.561s][info][gc,phases      ] GC(1558) Phase 1: Mark live objects 67.016ms
[903.561s][info][gc,phases,start] GC(1558) Phase 2: Compute new object addresses
[903.717s][info][gc,phases      ] GC(1558) Phase 2: Compute new object addresses 155.648ms
[903.717s][info][gc,phases,start] GC(1558) Phase 3: Adjust pointers
[903.750s][info][gc,phases      ] GC(1558) Phase 3: Adjust pointers 32.758ms
[903.750s][info][gc,phases,start] GC(1558) Phase 4: Move objects
[903.766s][info][gc,phases      ] GC(1558) Phase 4: Move objects 16.587ms
[903.767s][info][gc,heap        ] GC(1558) DefNew: 629120K(629120K)->57807K(629120K) Eden: 559232K(559232K)->57807K(559232K) From: 69888K(69888K)->0K(69888K)
[903.767s][info][gc,heap        ] GC(1558) Tenured: 1398144K(1398144K)->1396057K(1398144K)
[903.767s][info][gc,metaspace   ] GC(1558) Metaspace: 121445K(125248K)->121445K(125248K) NonClass: 105229K(105792K)->105229K(105792K) Class: 16216K(19456K)->16216K(19456K)
[903.767s][info][gc             ] GC(1558) Pause Full (Allocation Failure) 1979M->1419M(1979M) 273.202ms
[903.767s][info][gc,cpu         ] GC(1558) User=0.27s Sys=0.00s Real=0.27s
[905.682s][info][gc,start       ] GC(1559) Pause Full (Allocation Failure)
[905.682s][info][gc,phases,start] GC(1559) Phase 1: Mark live objects
[905.746s][info][gc,phases      ] GC(1559) Phase 1: Mark live objects 64.494ms
[905.746s][info][gc,phases,start] GC(1559) Phase 2: Compute new object addresses
[905.899s][info][gc,phases      ] GC(1559) Phase 2: Compute new object addresses 152.507ms
[905.899s][info][gc,phases,start] GC(1559) Phase 3: Adjust pointers
[905.932s][info][gc,phases      ] GC(1559) Phase 3: Adjust pointers 33.067ms
[905.932s][info][gc,phases,start] GC(1559) Phase 4: Move objects
[905.948s][info][gc,phases      ] GC(1559) Phase 4: Move objects 15.688ms
[905.949s][info][gc,heap        ] GC(1559) DefNew: 629120K(629120K)->63866K(629120K) Eden: 559232K(559232K)->63866K(559232K) From: 69888K(69888K)->0K(69888K)
[905.949s][info][gc,heap        ] GC(1559) Tenured: 1398143K(1398144K)->1398143K(1398144K)
[905.949s][info][gc,metaspace   ] GC(1559) Metaspace: 121449K(125248K)->121449K(125248K) NonClass: 105233K(105792K)->105233K(105792K) Class: 16216K(19456K)->16216K(19456K)
[905.949s][info][gc             ] GC(1559) Pause Full (Allocation Failure) 1979M->1427M(1979M) 267.461ms
[905.949s][info][gc,cpu         ] GC(1559) User=0.27s Sys=0.00s Real=0.27s
[907.851s][info][gc,start       ] GC(1560) Pause Full (Allocation Failure)
[907.852s][info][gc,phases,start] GC(1560) Phase 1: Mark live objects
[907.907s][info][gc,phases      ] GC(1560) Phase 1: Mark live objects 55.919ms
[907.908s][info][gc,phases,start] GC(1560) Phase 2: Compute new object addresses
[908.064s][info][gc,phases      ] GC(1560) Phase 2: Compute new object addresses 156.829ms
[908.064s][info][gc,phases,start] GC(1560) Phase 3: Adjust pointers
[908.098s][info][gc,phases      ] GC(1560) Phase 3: Adjust pointers 33.207ms
[908.098s][info][gc,phases,start] GC(1560) Phase 4: Move objects
[908.184s][info][gc,phases      ] GC(1560) Phase 4: Move objects 86.237ms
[908.185s][info][gc,heap        ] GC(1560) DefNew: 629120K(629120K)->12629K(629120K) Eden: 559232K(559232K)->12629K(559232K) From: 69888K(69888K)->0K(69888K)
[908.185s][info][gc,heap        ] GC(1560) Tenured: 1398144K(1398144K)->1393165K(1398144K)
[908.185s][info][gc,metaspace   ] GC(1560) Metaspace: 121465K(125312K)->121465K(125312K) NonClass: 105249K(105856K)->105249K(105856K) Class: 16216K(19456K)->16216K(19456K)
[908.185s][info][gc             ] GC(1560) Pause Full (Allocation Failure) 1979M->1372M(1979M) 333.499ms
[908.185s][info][gc,cpu         ] GC(1560) User=0.33s Sys=0.00s Real=0.33s
[909.953s][info][gc,start       ] GC(1561) Pause Full (Allocation Failure)
[909.954s][info][gc,phases,start] GC(1561) Phase 1: Mark live objects
[910.010s][info][gc,phases      ] GC(1561) Phase 1: Mark live objects 56.480ms
[910.010s][info][gc,phases,start] GC(1561) Phase 2: Compute new object addresses
[910.164s][info][gc,phases      ] GC(1561) Phase 2: Compute new object addresses 153.643ms
[910.164s][info][gc,phases,start] GC(1561) Phase 3: Adjust pointers
[910.197s][info][gc,phases      ] GC(1561) Phase 3: Adjust pointers 33.611ms
[910.197s][info][gc,phases,start] GC(1561) Phase 4: Move objects
[910.205s][info][gc,phases      ] GC(1561) Phase 4: Move objects 7.492ms
[910.206s][info][gc,heap        ] GC(1561) DefNew: 629119K(629120K)->32933K(629120K) Eden: 559232K(559232K)->32933K(559232K) From: 69887K(69888K)->0K(69888K)
[910.206s][info][gc,heap        ] GC(1561) Tenured: 1398143K(1398144K)->1398143K(1398144K)
[910.206s][info][gc,metaspace   ] GC(1561) Metaspace: 121465K(125312K)->121465K(125312K) NonClass: 105249K(105856K)->105249K(105856K) Class: 16216K(19456K)->16216K(19456K)
[910.206s][info][gc             ] GC(1561) Pause Full (Allocation Failure) 1979M->1397M(1979M) 252.396ms
[910.206s][info][gc,cpu         ] GC(1561) User=0.27s Sys=0.00s Real=0.26s
[912.337s][info][gc,start       ] GC(1562) Pause Full (Allocation Failure)
[912.338s][info][gc,phases,start] GC(1562) Phase 1: Mark live objects
[912.395s][info][gc,phases      ] GC(1562) Phase 1: Mark live objects 57.085ms
[912.395s][info][gc,phases,start] GC(1562) Phase 2: Compute new object addresses
[912.574s][info][gc,phases      ] GC(1562) Phase 2: Compute new object addresses 179.177ms
[912.574s][info][gc,phases,start] GC(1562) Phase 3: Adjust pointers
[912.608s][info][gc,phases      ] GC(1562) Phase 3: Adjust pointers 34.138ms
[912.608s][info][gc,phases,start] GC(1562) Phase 4: Move objects
[912.615s][info][gc,phases      ] GC(1562) Phase 4: Move objects 6.442ms
[912.615s][info][gc,heap        ] GC(1562) DefNew: 629119K(629120K)->30530K(629120K) Eden: 559232K(559232K)->30530K(559232K) From: 69887K(69888K)->0K(69888K)
[912.615s][info][gc,heap        ] GC(1562) Tenured: 1398143K(1398144K)->1398143K(1398144K)
[912.615s][info][gc,metaspace   ] GC(1562) Metaspace: 121465K(125312K)->121465K(125312K) NonClass: 105249K(105856K)->105249K(105856K) Class: 16216K(19456K)->16216K(19456K)
[912.616s][info][gc             ] GC(1562) Pause Full (Allocation Failure) 1979M->1395M(1979M) 278.060ms
[912.616s][info][gc,cpu         ] GC(1562) User=0.28s Sys=0.00s Real=0.27s
[914.756s][info][gc,start       ] GC(1563) Pause Full (Allocation Failure)
[914.756s][info][gc,phases,start] GC(1563) Phase 1: Mark live objects
[914.812s][info][gc,phases      ] GC(1563) Phase 1: Mark live objects 55.519ms
[914.812s][info][gc,phases,start] GC(1563) Phase 2: Compute new object addresses
[914.980s][info][gc,phases      ] GC(1563) Phase 2: Compute new object addresses 168.250ms
[914.980s][info][gc,phases,start] GC(1563) Phase 3: Adjust pointers
[915.026s][info][gc,phases      ] GC(1563) Phase 3: Adjust pointers 45.669ms
[915.026s][info][gc,phases,start] GC(1563) Phase 4: Move objects
[915.031s][info][gc,phases      ] GC(1563) Phase 4: Move objects 4.801ms
[915.032s][info][gc,heap        ] GC(1563) DefNew: 629120K(629120K)->30547K(629120K) Eden: 559232K(559232K)->30547K(559232K) From: 69888K(69888K)->0K(69888K)
[915.032s][info][gc,heap        ] GC(1563) Tenured: 1398143K(1398144K)->1398143K(1398144K)
[915.032s][info][gc,metaspace   ] GC(1563) Metaspace: 121465K(125312K)->121465K(125312K) NonClass: 105249K(105856K)->105249K(105856K) Class: 16216K(19456K)->16216K(19456K)
[915.032s][info][gc             ] GC(1563) Pause Full (Allocation Failure) 1979M->1395M(1979M) 275.464ms
[915.032s][info][gc,cpu         ] GC(1563) User=0.28s Sys=0.00s Real=0.27s
[917.171s][info][gc,start       ] GC(1564) Pause Full (Allocation Failure)
[917.171s][info][gc,phases,start] GC(1564) Phase 1: Mark live objects
[917.228s][info][gc,phases      ] GC(1564) Phase 1: Mark live objects 56.631ms
[917.228s][info][gc,phases,start] GC(1564) Phase 2: Compute new object addresses
[917.394s][info][gc,phases      ] GC(1564) Phase 2: Compute new object addresses 166.444ms
[917.394s][info][gc,phases,start] GC(1564) Phase 3: Adjust pointers
[917.427s][info][gc,phases      ] GC(1564) Phase 3: Adjust pointers 33.155ms
[917.427s][info][gc,phases,start] GC(1564) Phase 4: Move objects
[917.507s][info][gc,phases      ] GC(1564) Phase 4: Move objects 80.040ms
[917.508s][info][gc,heap        ] GC(1564) DefNew: 629119K(629120K)->3847K(629120K) Eden: 559232K(559232K)->3847K(559232K) From: 69887K(69888K)->0K(69888K)
[917.508s][info][gc,heap        ] GC(1564) Tenured: 1398143K(1398144K)->1396250K(1398144K)
[917.509s][info][gc,metaspace   ] GC(1564) Metaspace: 121465K(125312K)->121465K(125312K) NonClass: 105249K(105856K)->105249K(105856K) Class: 16216K(19456K)->16216K(19456K)
[917.509s][info][gc             ] GC(1564) Pause Full (Allocation Failure) 1979M->1367M(1979M) 337.592ms
[917.509s][info][gc,cpu         ] GC(1564) User=0.33s Sys=0.00s Real=0.34s
[919.719s][info][gc,start       ] GC(1565) Pause Full (Allocation Failure)
[919.720s][info][gc,phases,start] GC(1565) Phase 1: Mark live objects
[919.775s][info][gc,phases      ] GC(1565) Phase 1: Mark live objects 55.665ms
[919.775s][info][gc,phases,start] GC(1565) Phase 2: Compute new object addresses
[919.975s][info][gc,phases      ] GC(1565) Phase 2: Compute new object addresses 199.930ms
[919.975s][info][gc,phases,start] GC(1565) Phase 3: Adjust pointers
[920.008s][info][gc,phases      ] GC(1565) Phase 3: Adjust pointers 33.053ms
[920.008s][info][gc,phases,start] GC(1565) Phase 4: Move objects
[920.008s][info][gc,phases      ] GC(1565) Phase 4: Move objects 0.026ms
[920.009s][info][gc,heap        ] GC(1565) DefNew: 629120K(629120K)->3809K(629120K) Eden: 559232K(559232K)->3809K(559232K) From: 69888K(69888K)->0K(69888K)
[920.009s][info][gc,heap        ] GC(1565) Tenured: 1398143K(1398144K)->1398143K(1398144K)
[920.009s][info][gc,metaspace   ] GC(1565) Metaspace: 121466K(125312K)->121466K(125312K) NonClass: 105250K(105856K)->105250K(105856K) Class: 16216K(19456K)->16216K(19456K)
[920.009s][info][gc             ] GC(1565) Pause Full (Allocation Failure) 1979M->1369M(1979M) 289.814ms
[920.009s][info][gc,cpu         ] GC(1565) User=0.28s Sys=0.00s Real=0.29s
[922.326s][info][gc,start       ] GC(1566) Pause Full (Allocation Failure)
[922.326s][info][gc,phases,start] GC(1566) Phase 1: Mark live objects
[922.382s][info][gc,phases      ] GC(1566) Phase 1: Mark live objects 55.721ms
[922.382s][info][gc,phases,start] GC(1566) Phase 2: Compute new object addresses
[922.585s][info][gc,phases      ] GC(1566) Phase 2: Compute new object addresses 203.047ms
[922.585s][info][gc,phases,start] GC(1566) Phase 3: Adjust pointers
[922.619s][info][gc,phases      ] GC(1566) Phase 3: Adjust pointers 34.468ms
[922.619s][info][gc,phases,start] GC(1566) Phase 4: Move objects
[922.619s][info][gc,phases      ] GC(1566) Phase 4: Move objects 0.036ms
[922.620s][info][gc,heap        ] GC(1566) DefNew: 629119K(629120K)->3862K(629120K) Eden: 559232K(559232K)->3862K(559232K) From: 69887K(69888K)->0K(69888K)
[922.620s][info][gc,heap        ] GC(1566) Tenured: 1398143K(1398144K)->1398143K(1398144K)
[922.620s][info][gc,metaspace   ] GC(1566) Metaspace: 121466K(125312K)->121466K(125312K) NonClass: 105250K(105856K)->105250K(105856K) Class: 16216K(19456K)->16216K(19456K)
[922.620s][info][gc             ] GC(1566) Pause Full (Allocation Failure) 1979M->1369M(1979M) 294.433ms
[922.620s][info][gc,cpu         ] GC(1566) User=0.28s Sys=0.02s Real=0.30s
[924.603s][info][gc,start       ] GC(1567) Pause Full (Allocation Failure)
[924.603s][info][gc,phases,start] GC(1567) Phase 1: Mark live objects
[924.671s][info][gc,phases      ] GC(1567) Phase 1: Mark live objects 67.495ms
[924.671s][info][gc,phases,start] GC(1567) Phase 2: Compute new object addresses
[924.859s][info][gc,phases      ] GC(1567) Phase 2: Compute new object addresses 188.045ms
[924.859s][info][gc,phases,start] GC(1567) Phase 3: Adjust pointers
[924.892s][info][gc,phases      ] GC(1567) Phase 3: Adjust pointers 32.999ms
[924.892s][info][gc,phases,start] GC(1567) Phase 4: Move objects
[924.928s][info][gc,phases      ] GC(1567) Phase 4: Move objects 35.986ms
[924.929s][info][gc,heap        ] GC(1567) DefNew: 629120K(629120K)->0K(629120K) Eden: 559232K(559232K)->0K(559232K) From: 69888K(69888K)->0K(69888K)
[924.929s][info][gc,heap        ] GC(1567) Tenured: 1398143K(1398144K)->1323711K(1398144K)
[924.929s][info][gc,metaspace   ] GC(1567) Metaspace: 121466K(125312K)->121466K(125312K) NonClass: 105250K(105856K)->105250K(105856K) Class: 16216K(19456K)->16216K(19456K)
[924.929s][info][gc             ] GC(1567) Pause Full (Allocation Failure) 1979M->1292M(1979M) 325.868ms
[924.929s][info][gc,cpu         ] GC(1567) User=0.33s Sys=0.00s Real=0.33s
[924.990s][info][gc,start       ] GC(1568) Pause Young (Allocation Failure)
[924.993s][info][gc,heap        ] GC(1568) DefNew: 559232K(629120K)->801K(629120K) Eden: 559232K(559232K)->0K(559232K) From: 0K(69888K)->801K(69888K)
[924.993s][info][gc,heap        ] GC(1568) Tenured: 1323711K(1398144K)->1323711K(1398144K)
[924.993s][info][gc,metaspace   ] GC(1568) Metaspace: 121466K(125312K)->121466K(125312K) NonClass: 105250K(105856K)->105250K(105856K) Class: 16216K(19456K)->16216K(19456K)
[924.993s][info][gc             ] GC(1568) Pause Young (Allocation Failure) 1838M->1293M(1979M) 3.856ms
[924.993s][info][gc,cpu         ] GC(1568) User=0.02s Sys=0.00s Real=0.01s
[925.539s][info][gc,start       ] GC(1569) Pause Full (System.gc())
[925.539s][info][gc,phases,start] GC(1569) Phase 1: Mark live objects
[925.605s][info][gc,phases      ] GC(1569) Phase 1: Mark live objects 65.853ms
[925.605s][info][gc,phases,start] GC(1569) Phase 2: Compute new object addresses
[925.660s][info][gc,phases      ] GC(1569) Phase 2: Compute new object addresses 55.178ms
[925.660s][info][gc,phases,start] GC(1569) Phase 3: Adjust pointers
[925.693s][info][gc,phases      ] GC(1569) Phase 3: Adjust pointers 33.140ms
[925.693s][info][gc,phases,start] GC(1569) Phase 4: Move objects
[925.695s][info][gc,phases      ] GC(1569) Phase 4: Move objects 1.478ms
[925.696s][info][gc,heap        ] GC(1569) DefNew: 185695K(629120K)->0K(629120K) Eden: 184894K(559232K)->0K(559232K) From: 801K(69888K)->0K(69888K)
[925.696s][info][gc,heap        ] GC(1569) Tenured: 1323711K(1398144K)->972284K(1398144K)
[925.696s][info][gc,metaspace   ] GC(1569) Metaspace: 121470K(125312K)->121470K(125312K) NonClass: 105254K(105856K)->105254K(105856K) Class: 16216K(19456K)->16216K(19456K)
[925.696s][info][gc             ] GC(1569) Pause Full (System.gc()) 1474M->949M(1979M) 156.905ms
[925.696s][info][gc,cpu         ] GC(1569) User=0.16s Sys=0.00s Real=0.16s
[925.816s][info][gc,start       ] GC(1570) Pause Young (Allocation Failure)
[925.831s][info][gc,heap        ] GC(1570) DefNew: 559232K(629120K)->12933K(629120K) Eden: 559232K(559232K)->0K(559232K) From: 0K(69888K)->12933K(69888K)
[925.831s][info][gc,heap        ] GC(1570) Tenured: 972284K(1398144K)->972284K(1398144K)
[925.831s][info][gc,metaspace   ] GC(1570) Metaspace: 121609K(125504K)->121609K(125504K) NonClass: 105393K(106048K)->105393K(106048K) Class: 16216K(19456K)->16216K(19456K)
[925.831s][info][gc             ] GC(1570) Pause Young (Allocation Failure) 1495M->962M(1979M) 14.418ms
[925.831s][info][gc,cpu         ] GC(1570) User=0.02s Sys=0.00s Real=0.02s
[925.868s][info][gc,start       ] GC(1571) Pause Young (Allocation Failure)
[925.880s][info][gc,heap        ] GC(1571) DefNew: 572165K(629120K)->19007K(629120K) Eden: 559232K(559232K)->0K(559232K) From: 12933K(69888K)->19007K(69888K)
[925.880s][info][gc,heap        ] GC(1571) Tenured: 972284K(1398144K)->972284K(1398144K)
[925.880s][info][gc,metaspace   ] GC(1571) Metaspace: 121609K(125504K)->121609K(125504K) NonClass: 105393K(106048K)->105393K(106048K) Class: 16216K(19456K)->16216K(19456K)
[925.880s][info][gc             ] GC(1571) Pause Young (Allocation Failure) 1508M->968M(1979M) 11.339ms
[925.880s][info][gc,cpu         ] GC(1571) User=0.00s Sys=0.00s Real=0.00s
[925.917s][info][gc,start       ] GC(1572) Pause Young (Allocation Failure)
[925.930s][info][gc,heap        ] GC(1572) DefNew: 578239K(629120K)->27028K(629120K) Eden: 559232K(559232K)->0K(559232K) From: 19007K(69888K)->27028K(69888K)
[925.930s][info][gc,heap        ] GC(1572) Tenured: 972284K(1398144K)->972284K(1398144K)
[925.930s][info][gc,metaspace   ] GC(1572) Metaspace: 121609K(125504K)->121609K(125504K) NonClass: 105393K(106048K)->105393K(106048K) Class: 16216K(19456K)->16216K(19456K)
[925.930s][info][gc             ] GC(1572) Pause Young (Allocation Failure) 1514M->975M(1979M) 13.004ms
[925.930s][info][gc,cpu         ] GC(1572) User=0.02s Sys=0.00s Real=0.02s
[925.968s][info][gc,start       ] GC(1573) Pause Young (Allocation Failure)
[925.983s][info][gc,heap        ] GC(1573) DefNew: 586260K(629120K)->35619K(629120K) Eden: 559232K(559232K)->0K(559232K) From: 27028K(69888K)->35619K(69888K)
[925.983s][info][gc,heap        ] GC(1573) Tenured: 972284K(1398144K)->972284K(1398144K)
[925.983s][info][gc,metaspace   ] GC(1573) Metaspace: 121609K(125504K)->121609K(125504K) NonClass: 105393K(106048K)->105393K(106048K) Class: 16216K(19456K)->16216K(19456K)
[925.983s][info][gc             ] GC(1573) Pause Young (Allocation Failure) 1522M->984M(1979M) 15.260ms
[925.983s][info][gc,cpu         ] GC(1573) User=0.02s Sys=0.00s Real=0.02s
[926.021s][info][gc,start       ] GC(1574) Pause Young (Allocation Failure)
[926.036s][info][gc,heap        ] GC(1574) DefNew: 594851K(629120K)->24053K(629120K) Eden: 559232K(559232K)->0K(559232K) From: 35619K(69888K)->24053K(69888K)
[926.036s][info][gc,heap        ] GC(1574) Tenured: 972284K(1398144K)->981534K(1398144K)
[926.036s][info][gc,metaspace   ] GC(1574) Metaspace: 121609K(125504K)->121609K(125504K) NonClass: 105393K(106048K)->105393K(106048K) Class: 16216K(19456K)->16216K(19456K)
[926.036s][info][gc             ] GC(1574) Pause Young (Allocation Failure) 1530M->982M(1979M) 15.357ms
[926.036s][info][gc,cpu         ] GC(1574) User=0.02s Sys=0.00s Real=0.02s
[926.075s][info][gc,start       ] GC(1575) Pause Young (Allocation Failure)
[926.089s][info][gc,heap        ] GC(1575) DefNew: 583285K(629120K)->45856K(629120K) Eden: 559232K(559232K)->0K(559232K) From: 24053K(69888K)->45856K(69888K)
[926.089s][info][gc,heap        ] GC(1575) Tenured: 981534K(1398144K)->981534K(1398144K)
[926.089s][info][gc,metaspace   ] GC(1575) Metaspace: 121609K(125504K)->121609K(125504K) NonClass: 105393K(106048K)->105393K(106048K) Class: 16216K(19456K)->16216K(19456K)
[926.089s][info][gc             ] GC(1575) Pause Young (Allocation Failure) 1528M->1003M(1979M) 13.783ms
[926.089s][info][gc,cpu         ] GC(1575) User=0.02s Sys=0.00s Real=0.02s
[926.127s][info][gc,start       ] GC(1576) Pause Young (Allocation Failure)
[926.141s][info][gc,heap        ] GC(1576) DefNew: 605088K(629120K)->47144K(629120K) Eden: 559232K(559232K)->0K(559232K) From: 45856K(69888K)->47144K(69888K)
[926.141s][info][gc,heap        ] GC(1576) Tenured: 981534K(1398144K)->981827K(1398144K)
[926.141s][info][gc,metaspace   ] GC(1576) Metaspace: 121609K(125504K)->121609K(125504K) NonClass: 105393K(106048K)->105393K(106048K) Class: 16216K(19456K)->16216K(19456K)
[926.141s][info][gc             ] GC(1576) Pause Young (Allocation Failure) 1549M->1004M(1979M) 13.687ms
[926.141s][info][gc,cpu         ] GC(1576) User=0.02s Sys=0.00s Real=0.02s
[926.179s][info][gc,start       ] GC(1577) Pause Young (Allocation Failure)
[926.192s][info][gc,heap        ] GC(1577) DefNew: 606376K(629120K)->15877K(629120K) Eden: 559232K(559232K)->0K(559232K) From: 47144K(69888K)->15877K(69888K)
[926.192s][info][gc,heap        ] GC(1577) Tenured: 981827K(1398144K)->1013087K(1398144K)
[926.192s][info][gc,metaspace   ] GC(1577) Metaspace: 121609K(125504K)->121609K(125504K) NonClass: 105393K(106048K)->105393K(106048K) Class: 16216K(19456K)->16216K(19456K)
[926.193s][info][gc             ] GC(1577) Pause Young (Allocation Failure) 1550M->1004M(1979M) 13.427ms
[926.193s][info][gc,cpu         ] GC(1577) User=0.02s Sys=0.00s Real=0.01s
[926.230s][info][gc,start       ] GC(1578) Pause Young (Allocation Failure)
[926.237s][info][gc,heap        ] GC(1578) DefNew: 575109K(629120K)->15933K(629120K) Eden: 559232K(559232K)->0K(559232K) From: 15877K(69888K)->15933K(69888K)
[926.237s][info][gc,heap        ] GC(1578) Tenured: 1013087K(1398144K)->1013087K(1398144K)
[926.237s][info][gc,metaspace   ] GC(1578) Metaspace: 121609K(125504K)->121609K(125504K) NonClass: 105393K(106048K)->105393K(106048K) Class: 16216K(19456K)->16216K(19456K)
[926.237s][info][gc             ] GC(1578) Pause Young (Allocation Failure) 1550M->1004M(1979M) 6.508ms
[926.237s][info][gc,cpu         ] GC(1578) User=0.00s Sys=0.00s Real=0.00s
[926.286s][info][gc,start       ] GC(1579) Pause Young (Allocation Failure)
[926.297s][info][gc,heap        ] GC(1579) DefNew: 575165K(629120K)->28391K(629120K) Eden: 559232K(559232K)->0K(559232K) From: 15933K(69888K)->28391K(69888K)
[926.297s][info][gc,heap        ] GC(1579) Tenured: 1013087K(1398144K)->1013087K(1398144K)
[926.297s][info][gc,metaspace   ] GC(1579) Metaspace: 121609K(125504K)->121609K(125504K) NonClass: 105393K(106048K)->105393K(106048K) Class: 16216K(19456K)->16216K(19456K)
[926.297s][info][gc             ] GC(1579) Pause Young (Allocation Failure) 1551M->1017M(1979M) 10.770ms
[926.297s][info][gc,cpu         ] GC(1579) User=0.00s Sys=0.00s Real=0.00s
[926.339s][info][gc,start       ] GC(1580) Pause Young (Allocation Failure)
[926.359s][info][gc,heap        ] GC(1580) DefNew: 587623K(629120K)->68993K(629120K) Eden: 559232K(559232K)->0K(559232K) From: 28391K(69888K)->68993K(69888K)
[926.359s][info][gc,heap        ] GC(1580) Tenured: 1013087K(1398144K)->1016212K(1398144K)
[926.359s][info][gc,metaspace   ] GC(1580) Metaspace: 121609K(125504K)->121609K(125504K) NonClass: 105393K(106048K)->105393K(106048K) Class: 16216K(19456K)->16216K(19456K)
[926.359s][info][gc             ] GC(1580) Pause Young (Allocation Failure) 1563M->1059M(1979M) 19.671ms
[926.359s][info][gc,cpu         ] GC(1580) User=0.02s Sys=0.00s Real=0.02s
[926.399s][info][gc,start       ] GC(1581) Pause Young (Allocation Failure)
[926.425s][info][gc,heap        ] GC(1581) DefNew: 628225K(629120K)->37814K(629120K) Eden: 559232K(559232K)->0K(559232K) From: 68993K(69888K)->37814K(69888K)
[926.425s][info][gc,heap        ] GC(1581) Tenured: 1016212K(1398144K)->1081847K(1398144K)
[926.425s][info][gc,metaspace   ] GC(1581) Metaspace: 121609K(125504K)->121609K(125504K) NonClass: 105393K(106048K)->105393K(106048K) Class: 16216K(19456K)->16216K(19456K)
[926.425s][info][gc             ] GC(1581) Pause Young (Allocation Failure) 1605M->1093M(1979M) 26.739ms
[926.425s][info][gc,cpu         ] GC(1581) User=0.03s Sys=0.00s Real=0.03s
[926.463s][info][gc,start       ] GC(1582) Pause Young (Allocation Failure)
[926.475s][info][gc,heap        ] GC(1582) DefNew: 597046K(629120K)->314K(629120K) Eden: 559232K(559232K)->0K(559232K) From: 37814K(69888K)->314K(69888K)
[926.475s][info][gc,heap        ] GC(1582) Tenured: 1081847K(1398144K)->1119350K(1398144K)
[926.475s][info][gc,metaspace   ] GC(1582) Metaspace: 121609K(125504K)->121609K(125504K) NonClass: 105393K(106048K)->105393K(106048K) Class: 16216K(19456K)->16216K(19456K)
[926.475s][info][gc             ] GC(1582) Pause Young (Allocation Failure) 1639M->1093M(1979M) 11.323ms
[926.475s][info][gc,cpu         ] GC(1582) User=0.02s Sys=0.00s Real=0.02s
[926.529s][info][gc,start       ] GC(1583) Pause Young (Allocation Failure)
[926.568s][info][gc,heap        ] GC(1583) DefNew: 559546K(629120K)->45689K(629120K) Eden: 559232K(559232K)->0K(559232K) From: 314K(69888K)->45689K(69888K)
[926.568s][info][gc,heap        ] GC(1583) Tenured: 1119350K(1398144K)->1119350K(1398144K)
[926.568s][info][gc,metaspace   ] GC(1583) Metaspace: 121609K(125504K)->121609K(125504K) NonClass: 105393K(106048K)->105393K(106048K) Class: 16216K(19456K)->16216K(19456K)
[926.568s][info][gc             ] GC(1583) Pause Young (Allocation Failure) 1639M->1137M(1979M) 38.932ms
[926.568s][info][gc,cpu         ] GC(1583) User=0.02s Sys=0.00s Real=0.03s
[926.623s][info][gc,start       ] GC(1584) Pause Young (Allocation Failure)
[926.654s][info][gc,heap        ] GC(1584) DefNew: 604921K(629120K)->69251K(629120K) Eden: 559232K(559232K)->0K(559232K) From: 45689K(69888K)->69251K(69888K)
[926.654s][info][gc,heap        ] GC(1584) Tenured: 1119350K(1398144K)->1164606K(1398144K)
[926.654s][info][gc,metaspace   ] GC(1584) Metaspace: 121609K(125504K)->121609K(125504K) NonClass: 105393K(106048K)->105393K(106048K) Class: 16216K(19456K)->16216K(19456K)
[926.654s][info][gc             ] GC(1584) Pause Young (Allocation Failure) 1683M->1204M(1979M) 31.018ms
[926.654s][info][gc,cpu         ] GC(1584) User=0.02s Sys=0.00s Real=0.02s
[926.695s][info][gc,start       ] GC(1585) Pause Young (Allocation Failure)
[926.719s][info][gc,heap        ] GC(1585) DefNew: 628483K(629120K)->23423K(629120K) Eden: 559232K(559232K)->0K(559232K) From: 69251K(69888K)->23423K(69888K)
[926.719s][info][gc,heap        ] GC(1585) Tenured: 1164606K(1398144K)->1230691K(1398144K)
[926.719s][info][gc,metaspace   ] GC(1585) Metaspace: 121609K(125504K)->121609K(125504K) NonClass: 105393K(106048K)->105393K(106048K) Class: 16216K(19456K)->16216K(19456K)
[926.719s][info][gc             ] GC(1585) Pause Young (Allocation Failure) 1751M->1224M(1979M) 24.586ms
[926.719s][info][gc,cpu         ] GC(1585) User=0.03s Sys=0.00s Real=0.03s
[926.758s][info][gc,start       ] GC(1586) Pause Young (Allocation Failure)
[926.768s][info][gc,heap        ] GC(1586) DefNew: 582655K(629120K)->30234K(629120K) Eden: 559232K(559232K)->0K(559232K) From: 23423K(69888K)->30234K(69888K)
[926.768s][info][gc,heap        ] GC(1586) Tenured: 1230691K(1398144K)->1230691K(1398144K)
[926.768s][info][gc,metaspace   ] GC(1586) Metaspace: 121609K(125504K)->121609K(125504K) NonClass: 105393K(106048K)->105393K(106048K) Class: 16216K(19456K)->16216K(19456K)
[926.768s][info][gc             ] GC(1586) Pause Young (Allocation Failure) 1770M->1231M(1979M) 10.088ms
[926.768s][info][gc,cpu         ] GC(1586) User=0.02s Sys=0.00s Real=0.01s
[926.806s][info][gc,start       ] GC(1587) Pause Young (Allocation Failure)
[926.818s][info][gc,heap        ] GC(1587) DefNew: 589466K(629120K)->38890K(629120K) Eden: 559232K(559232K)->0K(559232K) From: 30234K(69888K)->38890K(69888K)
[926.818s][info][gc,heap        ] GC(1587) Tenured: 1230691K(1398144K)->1230691K(1398144K)
[926.818s][info][gc,metaspace   ] GC(1587) Metaspace: 121609K(125504K)->121609K(125504K) NonClass: 105393K(106048K)->105393K(106048K) Class: 16216K(19456K)->16216K(19456K)
[926.818s][info][gc             ] GC(1587) Pause Young (Allocation Failure) 1777M->1239M(1979M) 12.051ms
[926.818s][info][gc,cpu         ] GC(1587) User=0.00s Sys=0.00s Real=0.00s
[926.856s][info][gc,start       ] GC(1588) Pause Young (Allocation Failure)
[926.869s][info][gc,heap        ] GC(1588) DefNew: 598122K(629120K)->33062K(629120K) Eden: 559232K(559232K)->0K(559232K) From: 38890K(69888K)->33062K(69888K)
[926.869s][info][gc,heap        ] GC(1588) Tenured: 1230691K(1398144K)->1243492K(1398144K)
[926.869s][info][gc,metaspace   ] GC(1588) Metaspace: 121609K(125504K)->121609K(125504K) NonClass: 105393K(106048K)->105393K(106048K) Class: 16216K(19456K)->16216K(19456K)
[926.869s][info][gc             ] GC(1588) Pause Young (Allocation Failure) 1785M->1246M(1979M) 13.210ms
[926.869s][info][gc,cpu         ] GC(1588) User=0.02s Sys=0.00s Real=0.02s
[926.908s][info][gc,start       ] GC(1589) Pause Young (Allocation Failure)
[926.920s][info][gc,heap        ] GC(1589) DefNew: 592294K(629120K)->37766K(629120K) Eden: 559232K(559232K)->0K(559232K) From: 33062K(69888K)->37766K(69888K)
[926.920s][info][gc,heap        ] GC(1589) Tenured: 1243492K(1398144K)->1243492K(1398144K)
[926.920s][info][gc,metaspace   ] GC(1589) Metaspace: 121609K(125504K)->121609K(125504K) NonClass: 105393K(106048K)->105393K(106048K) Class: 16216K(19456K)->16216K(19456K)
[926.920s][info][gc             ] GC(1589) Pause Young (Allocation Failure) 1792M->1251M(1979M) 11.960ms
[926.920s][info][gc,cpu         ] GC(1589) User=0.02s Sys=0.00s Real=0.02s
[926.959s][info][gc,start       ] GC(1590) Pause Young (Allocation Failure)
[926.972s][info][gc,heap        ] GC(1590) DefNew: 596998K(629120K)->47148K(629120K) Eden: 559232K(559232K)->0K(559232K) From: 37766K(69888K)->47148K(69888K)
[926.972s][info][gc,heap        ] GC(1590) Tenured: 1243492K(1398144K)->1243499K(1398144K)
[926.972s][info][gc,metaspace   ] GC(1590) Metaspace: 121609K(125504K)->121609K(125504K) NonClass: 105393K(106048K)->105393K(106048K) Class: 16216K(19456K)->16216K(19456K)
[926.972s][info][gc             ] GC(1590) Pause Young (Allocation Failure) 1797M->1260M(1979M) 13.851ms
[926.972s][info][gc,cpu         ] GC(1590) User=0.00s Sys=0.00s Real=0.00s
[927.010s][info][gc,start       ] GC(1591) Pause Young (Allocation Failure)
[927.023s][info][gc,heap        ] GC(1591) DefNew: 606380K(629120K)->31494K(629120K) Eden: 559232K(559232K)->0K(559232K) From: 47148K(69888K)->31494K(69888K)
[927.023s][info][gc,heap        ] GC(1591) Tenured: 1243499K(1398144K)->1259127K(1398144K)
[927.023s][info][gc,metaspace   ] GC(1591) Metaspace: 121609K(125504K)->121609K(125504K) NonClass: 105393K(106048K)->105393K(106048K) Class: 16216K(19456K)->16216K(19456K)
[927.023s][info][gc             ] GC(1591) Pause Young (Allocation Failure) 1806M->1260M(1979M) 13.396ms
[927.024s][info][gc,cpu         ] GC(1591) User=0.02s Sys=0.00s Real=0.01s
[927.062s][info][gc,start       ] GC(1592) Pause Young (Allocation Failure)
[927.072s][info][gc,heap        ] GC(1592) DefNew: 590726K(629120K)->31537K(629120K) Eden: 559232K(559232K)->0K(559232K) From: 31494K(69888K)->31537K(69888K)
[927.072s][info][gc,heap        ] GC(1592) Tenured: 1259127K(1398144K)->1259127K(1398144K)
[927.072s][info][gc,metaspace   ] GC(1592) Metaspace: 121609K(125504K)->121609K(125504K) NonClass: 105393K(106048K)->105393K(106048K) Class: 16216K(19456K)->16216K(19456K)
[927.072s][info][gc             ] GC(1592) Pause Young (Allocation Failure) 1806M->1260M(1979M) 9.987ms
[927.072s][info][gc,cpu         ] GC(1592) User=0.02s Sys=0.00s Real=0.02s
[927.118s][info][gc,start       ] GC(1593) Pause Young (Allocation Failure)
[927.136s][info][gc,heap        ] GC(1593) DefNew: 590769K(629120K)->69035K(629120K) Eden: 559232K(559232K)->0K(559232K) From: 31537K(69888K)->69035K(69888K)
[927.136s][info][gc,heap        ] GC(1593) Tenured: 1259127K(1398144K)->1259127K(1398144K)
[927.136s][info][gc,metaspace   ] GC(1593) Metaspace: 121609K(125504K)->121609K(125504K) NonClass: 105393K(106048K)->105393K(106048K) Class: 16216K(19456K)->16216K(19456K)
[927.136s][info][gc             ] GC(1593) Pause Young (Allocation Failure) 1806M->1297M(1979M) 18.642ms
[927.136s][info][gc,cpu         ] GC(1593) User=0.02s Sys=0.00s Real=0.01s
[927.180s][info][gc,start       ] GC(1594) Pause Young (Allocation Failure)
[927.202s][info][gc,heap        ] GC(1594) DefNew: 628267K(629120K)->19083K(629120K) Eden: 559232K(559232K)->0K(559232K) From: 69035K(69888K)->19083K(69888K)
[927.202s][info][gc,heap        ] GC(1594) Tenured: 1259127K(1398144K)->1321638K(1398144K)
[927.202s][info][gc,metaspace   ] GC(1594) Metaspace: 121609K(125504K)->121609K(125504K) NonClass: 105393K(106048K)->105393K(106048K) Class: 16216K(19456K)->16216K(19456K)
[927.202s][info][gc             ] GC(1594) Pause Young (Allocation Failure) 1843M->1309M(1979M) 21.663ms
[927.202s][info][gc,cpu         ] GC(1594) User=0.02s Sys=0.00s Real=0.02s
[927.249s][info][gc,start       ] GC(1595) Pause Young (Allocation Failure)
[927.249s][info][gc             ] GC(1595) Pause Young (Allocation Failure) 1855M->1855M(1979M) 0.123ms
[927.249s][info][gc,cpu         ] GC(1595) User=0.00s Sys=0.00s Real=0.00s
[927.249s][info][gc,start       ] GC(1596) Pause Full (Allocation Failure)
[927.249s][info][gc,phases,start] GC(1596) Phase 1: Mark live objects
[927.309s][info][gc,phases      ] GC(1596) Phase 1: Mark live objects 59.732ms
[927.309s][info][gc,phases,start] GC(1596) Phase 2: Compute new object addresses
[927.458s][info][gc,phases      ] GC(1596) Phase 2: Compute new object addresses 149.196ms
[927.458s][info][gc,phases,start] GC(1596) Phase 3: Adjust pointers
[927.493s][info][gc,phases      ] GC(1596) Phase 3: Adjust pointers 34.357ms
[927.493s][info][gc,phases,start] GC(1596) Phase 4: Move objects
[927.531s][info][gc,phases      ] GC(1596) Phase 4: Move objects 38.444ms
[927.532s][info][gc,heap        ] GC(1596) DefNew: 578315K(629120K)->0K(629120K) Eden: 559232K(559232K)->0K(559232K) From: 19083K(69888K)->0K(69888K)
[927.532s][info][gc,heap        ] GC(1596) Tenured: 1321638K(1398144K)->1151171K(1398144K)
[927.532s][info][gc,metaspace   ] GC(1596) Metaspace: 121609K(125504K)->121609K(125504K) NonClass: 105393K(106048K)->105393K(106048K) Class: 16216K(19456K)->16216K(19456K)
[927.532s][info][gc             ] GC(1596) Pause Full (Allocation Failure) 1855M->1124M(1979M) 282.836ms
[927.532s][info][gc,cpu         ] GC(1596) User=0.28s Sys=0.00s Real=0.28s
[927.587s][info][gc,start       ] GC(1597) Pause Young (Allocation Failure)
[927.601s][info][gc,heap        ] GC(1597) DefNew: 559232K(629120K)->37231K(629120K) Eden: 559232K(559232K)->0K(559232K) From: 0K(69888K)->37231K(69888K)
[927.601s][info][gc,heap        ] GC(1597) Tenured: 1151171K(1398144K)->1151171K(1398144K)
[927.601s][info][gc,metaspace   ] GC(1597) Metaspace: 121609K(125504K)->121609K(125504K) NonClass: 105393K(106048K)->105393K(106048K) Class: 16216K(19456K)->16216K(19456K)
[927.601s][info][gc             ] GC(1597) Pause Young (Allocation Failure) 1670M->1160M(1979M) 13.704ms
[927.601s][info][gc,cpu         ] GC(1597) User=0.00s Sys=0.00s Real=0.00s
[927.641s][info][gc,start       ] GC(1598) Pause Young (Allocation Failure)
[927.658s][info][gc,heap        ] GC(1598) DefNew: 596463K(629120K)->23811K(629120K) Eden: 559232K(559232K)->0K(559232K) From: 37231K(69888K)->23811K(69888K)
[927.658s][info][gc,heap        ] GC(1598) Tenured: 1151171K(1398144K)->1188132K(1398144K)
[927.658s][info][gc,metaspace   ] GC(1598) Metaspace: 121609K(125504K)->121609K(125504K) NonClass: 105393K(106048K)->105393K(106048K) Class: 16216K(19456K)->16216K(19456K)
[927.658s][info][gc             ] GC(1598) Pause Young (Allocation Failure) 1706M->1183M(1979M) 17.108ms
[927.658s][info][gc,cpu         ] GC(1598) User=0.02s Sys=0.00s Real=0.01s
[927.707s][info][gc,start       ] GC(1599) Pause Young (Allocation Failure)
[927.731s][info][gc,heap        ] GC(1599) DefNew: 583043K(629120K)->69888K(629120K) Eden: 559232K(559232K)->0K(559232K) From: 23811K(69888K)->69888K(69888K)
[927.731s][info][gc,heap        ] GC(1599) Tenured: 1188132K(1398144K)->1200705K(1398144K)
[927.731s][info][gc,metaspace   ] GC(1599) Metaspace: 121609K(125504K)->121609K(125504K) NonClass: 105393K(106048K)->105393K(106048K) Class: 16216K(19456K)->16216K(19456K)
[927.731s][info][gc             ] GC(1599) Pause Young (Allocation Failure) 1729M->1240M(1979M) 23.285ms
[927.731s][info][gc,cpu         ] GC(1599) User=0.02s Sys=0.00s Real=0.02s
[927.773s][info][gc,start       ] GC(1600) Pause Young (Allocation Failure)
[927.801s][info][gc,heap        ] GC(1600) DefNew: 629120K(629120K)->29042K(629120K) Eden: 559232K(559232K)->0K(559232K) From: 69888K(69888K)->29042K(69888K)
[927.801s][info][gc,heap        ] GC(1600) Tenured: 1200705K(1398144K)->1268447K(1398144K)
[927.801s][info][gc,metaspace   ] GC(1600) Metaspace: 121609K(125504K)->121609K(125504K) NonClass: 105393K(106048K)->105393K(106048K) Class: 16216K(19456K)->16216K(19456K)
[927.801s][info][gc             ] GC(1600) Pause Young (Allocation Failure) 1786M->1267M(1979M) 27.772ms
[927.801s][info][gc,cpu         ] GC(1600) User=0.03s Sys=0.00s Real=0.03s
[927.839s][info][gc,start       ] GC(1601) Pause Young (Allocation Failure)
[927.856s][info][gc,heap        ] GC(1601) DefNew: 588274K(629120K)->49563K(629120K) Eden: 559232K(559232K)->0K(559232K) From: 29042K(69888K)->49563K(69888K)
[927.856s][info][gc,heap        ] GC(1601) Tenured: 1268447K(1398144K)->1268447K(1398144K)
[927.856s][info][gc,metaspace   ] GC(1601) Metaspace: 121609K(125504K)->121609K(125504K) NonClass: 105393K(106048K)->105393K(106048K) Class: 16216K(19456K)->16216K(19456K)
[927.856s][info][gc             ] GC(1601) Pause Young (Allocation Failure) 1813M->1287M(1979M) 16.843ms
[927.856s][info][gc,cpu         ] GC(1601) User=0.02s Sys=0.00s Real=0.02s
[927.891s][info][gc,start       ] GC(1602) Pause Young (Allocation Failure)
[927.941s][info][gc,heap        ] GC(1602) DefNew: 604884K(629120K)->32866K(629120K) Eden: 555321K(559232K)->0K(559232K) From: 49563K(69888K)->32866K(69888K)
[927.941s][info][gc,heap        ] GC(1602) Tenured: 1268447K(1398144K)->1305301K(1398144K)
[927.941s][info][gc,metaspace   ] GC(1602) Metaspace: 121609K(125504K)->121609K(125504K) NonClass: 105393K(106048K)->105393K(106048K) Class: 16216K(19456K)->16216K(19456K)
[927.941s][info][gc             ] GC(1602) Pause Young (Allocation Failure) 1829M->1306M(1979M) 50.086ms
[927.941s][info][gc,cpu         ] GC(1602) User=0.02s Sys=0.00s Real=0.05s
[927.984s][info][gc,start       ] GC(1603) Pause Young (Allocation Failure)
[928.007s][info][gc,heap        ] GC(1603) DefNew: 589954K(629120K)->69379K(629120K) Eden: 557088K(559232K)->0K(559232K) From: 32866K(69888K)->69379K(69888K)
[928.007s][info][gc,heap        ] GC(1603) Tenured: 1305301K(1398144K)->1321878K(1398144K)
[928.007s][info][gc,metaspace   ] GC(1603) Metaspace: 121615K(125504K)->121615K(125504K) NonClass: 105398K(106048K)->105398K(106048K) Class: 16216K(19456K)->16216K(19456K)
[928.007s][info][gc             ] GC(1603) Pause Young (Allocation Failure) 1850M->1358M(1979M) 23.128ms
[928.007s][info][gc,cpu         ] GC(1603) User=0.03s Sys=0.00s Real=0.03s
[928.044s][info][gc,start       ] GC(1604) Pause Young (Allocation Failure)
[928.044s][info][gc             ] GC(1604) Pause Young (Allocation Failure) 1904M->1904M(1979M) 0.181ms
[928.044s][info][gc,cpu         ] GC(1604) User=0.00s Sys=0.00s Real=0.00s
[928.044s][info][gc,start       ] GC(1605) Pause Full (Allocation Failure)
[928.045s][info][gc,phases,start] GC(1605) Phase 1: Mark live objects
[928.107s][info][gc,phases      ] GC(1605) Phase 1: Mark live objects 62.156ms
[928.107s][info][gc,phases,start] GC(1605) Phase 2: Compute new object addresses
[928.239s][info][gc,phases      ] GC(1605) Phase 2: Compute new object addresses 132.403ms
[928.239s][info][gc,phases,start] GC(1605) Phase 3: Adjust pointers
[928.273s][info][gc,phases      ] GC(1605) Phase 3: Adjust pointers 34.078ms
[928.273s][info][gc,phases,start] GC(1605) Phase 4: Move objects
[928.311s][info][gc,phases      ] GC(1605) Phase 4: Move objects 37.622ms
[928.312s][info][gc,heap        ] GC(1605) DefNew: 628611K(629120K)->0K(629120K) Eden: 559232K(559232K)->0K(559232K) From: 69379K(69888K)->0K(69888K)
[928.312s][info][gc,heap        ] GC(1605) Tenured: 1321878K(1398144K)->1210110K(1398144K)
[928.312s][info][gc,metaspace   ] GC(1605) Metaspace: 121615K(125504K)->121615K(125504K) NonClass: 105398K(106048K)->105398K(106048K) Class: 16216K(19456K)->16216K(19456K)
[928.312s][info][gc             ] GC(1605) Pause Full (Allocation Failure) 1904M->1181M(1979M) 267.434ms
[928.312s][info][gc,cpu         ] GC(1605) User=0.27s Sys=0.00s Real=0.27s
[928.349s][info][gc,start       ] GC(1606) Pause Young (Allocation Failure)
[928.366s][info][gc,heap        ] GC(1606) DefNew: 559232K(629120K)->60823K(629120K) Eden: 559232K(559232K)->0K(559232K) From: 0K(69888K)->60823K(69888K)
[928.366s][info][gc,heap        ] GC(1606) Tenured: 1210110K(1398144K)->1210110K(1398144K)
[928.366s][info][gc,metaspace   ] GC(1606) Metaspace: 121615K(125504K)->121615K(125504K) NonClass: 105398K(106048K)->105398K(106048K) Class: 16216K(19456K)->16216K(19456K)
[928.366s][info][gc             ] GC(1606) Pause Young (Allocation Failure) 1727M->1241M(1979M) 16.832ms
[928.366s][info][gc,cpu         ] GC(1606) User=0.02s Sys=0.00s Real=0.02s
[928.398s][info][gc,start       ] GC(1607) Pause Young (Allocation Failure)
[928.422s][info][gc,heap        ] GC(1607) DefNew: 620055K(629120K)->49929K(629120K) Eden: 559232K(559232K)->0K(559232K) From: 60823K(69888K)->49929K(69888K)
[928.422s][info][gc,heap        ] GC(1607) Tenured: 1210110K(1398144K)->1251779K(1398144K)
[928.422s][info][gc,metaspace   ] GC(1607) Metaspace: 121615K(125504K)->121615K(125504K) NonClass: 105398K(106048K)->105398K(106048K) Class: 16216K(19456K)->16216K(19456K)
[928.422s][info][gc             ] GC(1607) Pause Young (Allocation Failure) 1787M->1271M(1979M) 23.640ms
[928.422s][info][gc,cpu         ] GC(1607) User=0.03s Sys=0.00s Real=0.03s
[928.452s][info][gc,start       ] GC(1608) Pause Young (Allocation Failure)
[928.470s][info][gc,heap        ] GC(1608) DefNew: 609161K(629120K)->41652K(629120K) Eden: 559232K(559232K)->0K(559232K) From: 49929K(69888K)->41652K(69888K)
[928.470s][info][gc,heap        ] GC(1608) Tenured: 1251779K(1398144K)->1278856K(1398144K)
[928.470s][info][gc,metaspace   ] GC(1608) Metaspace: 121615K(125504K)->121615K(125504K) NonClass: 105398K(106048K)->105398K(106048K) Class: 16216K(19456K)->16216K(19456K)
[928.470s][info][gc             ] GC(1608) Pause Young (Allocation Failure) 1817M->1289M(1979M) 18.075ms
[928.470s][info][gc,cpu         ] GC(1608) User=0.03s Sys=0.00s Real=0.03s
[928.500s][info][gc,start       ] GC(1609) Pause Young (Allocation Failure)
[928.522s][info][gc,heap        ] GC(1609) DefNew: 600884K(629120K)->67387K(629120K) Eden: 559232K(559232K)->0K(559232K) From: 41652K(69888K)->67387K(69888K)
[928.522s][info][gc,heap        ] GC(1609) Tenured: 1278856K(1398144K)->1302784K(1398144K)
[928.522s][info][gc,metaspace   ] GC(1609) Metaspace: 121615K(125504K)->121615K(125504K) NonClass: 105398K(106048K)->105398K(106048K) Class: 16216K(19456K)->16216K(19456K)
[928.522s][info][gc             ] GC(1609) Pause Young (Allocation Failure) 1835M->1338M(1979M) 22.523ms
[928.522s][info][gc,cpu         ] GC(1609) User=0.02s Sys=0.00s Real=0.01s
[928.552s][info][gc,start       ] GC(1610) Pause Young (Allocation Failure)
[928.581s][info][gc,heap        ] GC(1610) DefNew: 626619K(629120K)->69869K(629120K) Eden: 559232K(559232K)->0K(559232K) From: 67387K(69888K)->69869K(69888K)
[928.581s][info][gc,heap        ] GC(1610) Tenured: 1302784K(1398144K)->1353069K(1398144K)
[928.581s][info][gc,metaspace   ] GC(1610) Metaspace: 121615K(125504K)->121615K(125504K) NonClass: 105398K(106048K)->105398K(106048K) Class: 16216K(19456K)->16216K(19456K)
[928.581s][info][gc             ] GC(1610) Pause Young (Allocation Failure) 1884M->1389M(1979M) 29.097ms
[928.581s][info][gc,cpu         ] GC(1610) User=0.03s Sys=0.00s Real=0.03s
[928.613s][info][gc,start       ] GC(1611) Pause Young (Allocation Failure)
[928.614s][info][gc             ] GC(1611) Pause Young (Allocation Failure) 1935M->1935M(1979M) 0.124ms
[928.614s][info][gc,cpu         ] GC(1611) User=0.00s Sys=0.00s Real=0.00s
[928.614s][info][gc,start       ] GC(1612) Pause Full (Allocation Failure)
[928.614s][info][gc,phases,start] GC(1612) Phase 1: Mark live objects
[928.670s][info][gc,phases      ] GC(1612) Phase 1: Mark live objects 56.121ms
[928.670s][info][gc,phases,start] GC(1612) Phase 2: Compute new object addresses
[928.826s][info][gc,phases      ] GC(1612) Phase 2: Compute new object addresses 156.250ms
[928.826s][info][gc,phases,start] GC(1612) Phase 3: Adjust pointers
[928.860s][info][gc,phases      ] GC(1612) Phase 3: Adjust pointers 33.628ms
[928.860s][info][gc,phases,start] GC(1612) Phase 4: Move objects
[928.888s][info][gc,phases      ] GC(1612) Phase 4: Move objects 28.682ms
[928.889s][info][gc,heap        ] GC(1612) DefNew: 629101K(629120K)->0K(629120K) Eden: 559232K(559232K)->0K(559232K) From: 69869K(69888K)->0K(69888K)
[928.889s][info][gc,heap        ] GC(1612) Tenured: 1353069K(1398144K)->1324587K(1398144K)
[928.889s][info][gc,metaspace   ] GC(1612) Metaspace: 121615K(125504K)->121615K(125504K) NonClass: 105398K(106048K)->105398K(106048K) Class: 16216K(19456K)->16216K(19456K)
[928.889s][info][gc             ] GC(1612) Pause Full (Allocation Failure) 1935M->1293M(1979M) 275.836ms
[928.889s][info][gc,cpu         ] GC(1612) User=0.27s Sys=0.00s Real=0.27s
[928.926s][info][gc,start       ] GC(1613) Pause Young (Allocation Failure)
[928.926s][info][gc             ] GC(1613) Pause Young (Allocation Failure) 1839M->1839M(1979M) 0.126ms
[928.926s][info][gc,cpu         ] GC(1613) User=0.00s Sys=0.00s Real=0.00s
[928.926s][info][gc,start       ] GC(1614) Pause Full (Allocation Failure)
[928.926s][info][gc,phases,start] GC(1614) Phase 1: Mark live objects
[928.982s][info][gc,phases      ] GC(1614) Phase 1: Mark live objects 56.565ms
[928.982s][info][gc,phases,start] GC(1614) Phase 2: Compute new object addresses
[929.128s][info][gc,phases      ] GC(1614) Phase 2: Compute new object addresses 145.750ms
[929.128s][info][gc,phases,start] GC(1614) Phase 3: Adjust pointers
[929.162s][info][gc,phases      ] GC(1614) Phase 3: Adjust pointers 33.527ms
[929.162s][info][gc,phases,start] GC(1614) Phase 4: Move objects
[929.228s][info][gc,phases      ] GC(1614) Phase 4: Move objects 65.776ms
[929.228s][info][gc,heap        ] GC(1614) DefNew: 559232K(629120K)->0K(629120K) Eden: 559232K(559232K)->0K(559232K) From: 0K(69888K)->0K(69888K)
[929.229s][info][gc,heap        ] GC(1614) Tenured: 1324587K(1398144K)->1269124K(1398144K)
[929.229s][info][gc,metaspace   ] GC(1614) Metaspace: 121615K(125504K)->121615K(125504K) NonClass: 105398K(106048K)->105398K(106048K) Class: 16216K(19456K)->16216K(19456K)
[929.229s][info][gc             ] GC(1614) Pause Full (Allocation Failure) 1839M->1239M(1979M) 302.837ms
[929.229s][info][gc,cpu         ] GC(1614) User=0.30s Sys=0.00s Real=0.30s
[929.268s][info][gc,start       ] GC(1615) Pause Young (Allocation Failure)
[929.288s][info][gc,heap        ] GC(1615) DefNew: 559232K(629120K)->60654K(629120K) Eden: 559232K(559232K)->0K(559232K) From: 0K(69888K)->60654K(69888K)
[929.288s][info][gc,heap        ] GC(1615) Tenured: 1269124K(1398144K)->1269124K(1398144K)
[929.288s][info][gc,metaspace   ] GC(1615) Metaspace: 121615K(125504K)->121615K(125504K) NonClass: 105398K(106048K)->105398K(106048K) Class: 16216K(19456K)->16216K(19456K)
[929.288s][info][gc             ] GC(1615) Pause Young (Allocation Failure) 1785M->1298M(1979M) 20.468ms
[929.288s][info][gc,cpu         ] GC(1615) User=0.02s Sys=0.00s Real=0.02s
[929.319s][info][gc,start       ] GC(1616) Pause Young (Allocation Failure)
[929.343s][info][gc,heap        ] GC(1616) DefNew: 619886K(629120K)->52550K(629120K) Eden: 559232K(559232K)->0K(559232K) From: 60654K(69888K)->52550K(69888K)
[929.343s][info][gc,heap        ] GC(1616) Tenured: 1269124K(1398144K)->1313822K(1398144K)
[929.343s][info][gc,metaspace   ] GC(1616) Metaspace: 121615K(125504K)->121615K(125504K) NonClass: 105398K(106048K)->105398K(106048K) Class: 16216K(19456K)->16216K(19456K)
[929.343s][info][gc             ] GC(1616) Pause Young (Allocation Failure) 1844M->1334M(1979M) 23.954ms
[929.343s][info][gc,cpu         ] GC(1616) User=0.03s Sys=0.00s Real=0.03s
[929.375s][info][gc,start       ] GC(1617) Pause Young (Allocation Failure)
[929.402s][info][gc,heap        ] GC(1617) DefNew: 611782K(629120K)->69870K(629120K) Eden: 559232K(559232K)->0K(559232K) From: 52550K(69888K)->69870K(69888K)
[929.402s][info][gc,heap        ] GC(1617) Tenured: 1313822K(1398144K)->1356571K(1398144K)
[929.402s][info][gc,metaspace   ] GC(1617) Metaspace: 121615K(125504K)->121615K(125504K) NonClass: 105398K(106048K)->105398K(106048K) Class: 16216K(19456K)->16216K(19456K)
[929.402s][info][gc             ] GC(1617) Pause Young (Allocation Failure) 1880M->1393M(1979M) 27.221ms
[929.402s][info][gc,cpu         ] GC(1617) User=0.03s Sys=0.00s Real=0.03s
[929.435s][info][gc,start       ] GC(1618) Pause Young (Allocation Failure)
[929.435s][info][gc             ] GC(1618) Pause Young (Allocation Failure) 1939M->1939M(1979M) 0.125ms
[929.435s][info][gc,cpu         ] GC(1618) User=0.00s Sys=0.00s Real=0.00s
[929.435s][info][gc,start       ] GC(1619) Pause Full (Allocation Failure)
[929.435s][info][gc,phases,start] GC(1619) Phase 1: Mark live objects
[929.491s][info][gc,phases      ] GC(1619) Phase 1: Mark live objects 56.297ms
[929.492s][info][gc,phases,start] GC(1619) Phase 2: Compute new object addresses
[929.635s][info][gc,phases      ] GC(1619) Phase 2: Compute new object addresses 143.230ms
[929.635s][info][gc,phases,start] GC(1619) Phase 3: Adjust pointers
[929.668s][info][gc,phases      ] GC(1619) Phase 3: Adjust pointers 32.837ms
[929.668s][info][gc,phases,start] GC(1619) Phase 4: Move objects
[929.689s][info][gc,phases      ] GC(1619) Phase 4: Move objects 21.343ms
[929.690s][info][gc,heap        ] GC(1619) DefNew: 629102K(629120K)->0K(629120K) Eden: 559232K(559232K)->0K(559232K) From: 69870K(69888K)->0K(69888K)
[929.690s][info][gc,heap        ] GC(1619) Tenured: 1356571K(1398144K)->1364925K(1398144K)
[929.690s][info][gc,metaspace   ] GC(1619) Metaspace: 121615K(125504K)->121615K(125504K) NonClass: 105398K(106048K)->105398K(106048K) Class: 16216K(19456K)->16216K(19456K)
[929.690s][info][gc             ] GC(1619) Pause Full (Allocation Failure) 1939M->1332M(1979M) 254.831ms
[929.690s][info][gc,cpu         ] GC(1619) User=0.25s Sys=0.00s Real=0.25s
[929.725s][info][gc,start       ] GC(1620) Pause Young (Allocation Failure)
[929.726s][info][gc             ] GC(1620) Pause Young (Allocation Failure) 1879M->1879M(1979M) 0.125ms
[929.726s][info][gc,cpu         ] GC(1620) User=0.00s Sys=0.00s Real=0.00s
[929.726s][info][gc,start       ] GC(1621) Pause Full (Allocation Failure)
[929.726s][info][gc,phases,start] GC(1621) Phase 1: Mark live objects
[929.783s][info][gc,phases      ] GC(1621) Phase 1: Mark live objects 57.153ms
[929.783s][info][gc,phases,start] GC(1621) Phase 2: Compute new object addresses
[929.926s][info][gc,phases      ] GC(1621) Phase 2: Compute new object addresses 142.942ms
[929.926s][info][gc,phases,start] GC(1621) Phase 3: Adjust pointers
[929.959s][info][gc,phases      ] GC(1621) Phase 3: Adjust pointers 33.232ms
[929.959s][info][gc,phases,start] GC(1621) Phase 4: Move objects
[929.973s][info][gc,phases      ] GC(1621) Phase 4: Move objects 13.623ms
[929.974s][info][gc,heap        ] GC(1621) DefNew: 559232K(629120K)->5244K(629120K) Eden: 559232K(559232K)->5244K(559232K) From: 0K(69888K)->0K(69888K)
[929.974s][info][gc,heap        ] GC(1621) Tenured: 1364925K(1398144K)->1397771K(1398144K)
[929.974s][info][gc,metaspace   ] GC(1621) Metaspace: 121615K(125504K)->121615K(125504K) NonClass: 105398K(106048K)->105398K(106048K) Class: 16216K(19456K)->16216K(19456K)
[929.974s][info][gc             ] GC(1621) Pause Full (Allocation Failure) 1879M->1370M(1979M) 248.092ms
[929.974s][info][gc,cpu         ] GC(1621) User=0.25s Sys=0.00s Real=0.25s
[931.450s][info][gc,start       ] GC(1622) Pause Full (Allocation Failure)
[931.450s][info][gc,phases,start] GC(1622) Phase 1: Mark live objects
[931.507s][info][gc,phases      ] GC(1622) Phase 1: Mark live objects 57.019ms
[931.507s][info][gc,phases,start] GC(1622) Phase 2: Compute new object addresses
[931.673s][info][gc,phases      ] GC(1622) Phase 2: Compute new object addresses 165.755ms
[931.673s][info][gc,phases,start] GC(1622) Phase 3: Adjust pointers
[931.707s][info][gc,phases      ] GC(1622) Phase 3: Adjust pointers 33.601ms
[931.707s][info][gc,phases,start] GC(1622) Phase 4: Move objects
[931.728s][info][gc,phases      ] GC(1622) Phase 4: Move objects 20.836ms
[931.729s][info][gc,heap        ] GC(1622) DefNew: 628317K(629120K)->27673K(629120K) Eden: 559232K(559232K)->27673K(559232K) From: 69085K(69888K)->0K(69888K)
[931.729s][info][gc,heap        ] GC(1622) Tenured: 1397771K(1398144K)->1396848K(1398144K)
[931.729s][info][gc,metaspace   ] GC(1622) Metaspace: 121615K(125504K)->121615K(125504K) NonClass: 105398K(106048K)->105398K(106048K) Class: 16216K(19456K)->16216K(19456K)
[931.729s][info][gc             ] GC(1622) Pause Full (Allocation Failure) 1978M->1391M(1979M) 278.400ms
[931.729s][info][gc,cpu         ] GC(1622) User=0.28s Sys=0.00s Real=0.28s
[933.129s][info][gc,start       ] GC(1623) Pause Full (Allocation Failure)
[933.129s][info][gc,phases,start] GC(1623) Phase 1: Mark live objects
[933.185s][info][gc,phases      ] GC(1623) Phase 1: Mark live objects 56.059ms
[933.185s][info][gc,phases,start] GC(1623) Phase 2: Compute new object addresses
[933.339s][info][gc,phases      ] GC(1623) Phase 2: Compute new object addresses 153.596ms
[933.339s][info][gc,phases,start] GC(1623) Phase 3: Adjust pointers
[933.372s][info][gc,phases      ] GC(1623) Phase 3: Adjust pointers 33.300ms
[933.372s][info][gc,phases,start] GC(1623) Phase 4: Move objects
[933.425s][info][gc,phases      ] GC(1623) Phase 4: Move objects 53.026ms
[933.426s][info][gc,heap        ] GC(1623) DefNew: 629119K(629120K)->0K(629120K) Eden: 559232K(559232K)->0K(559232K) From: 69887K(69888K)->0K(69888K)
[933.426s][info][gc,heap        ] GC(1623) Tenured: 1398143K(1398144K)->1368085K(1398144K)
[933.426s][info][gc,metaspace   ] GC(1623) Metaspace: 121615K(125504K)->121615K(125504K) NonClass: 105398K(106048K)->105398K(106048K) Class: 16216K(19456K)->16216K(19456K)
[933.426s][info][gc             ] GC(1623) Pause Full (Allocation Failure) 1979M->1336M(1979M) 297.192ms
[933.426s][info][gc,cpu         ] GC(1623) User=0.31s Sys=0.00s Real=0.31s
[933.461s][info][gc,start       ] GC(1624) Pause Young (Allocation Failure)
[933.461s][info][gc             ] GC(1624) Pause Young (Allocation Failure) 1882M->1882M(1979M) 0.120ms
[933.461s][info][gc,cpu         ] GC(1624) User=0.00s Sys=0.00s Real=0.00s
[933.461s][info][gc,start       ] GC(1625) Pause Full (Allocation Failure)
[933.461s][info][gc,phases,start] GC(1625) Phase 1: Mark live objects
[933.517s][info][gc,phases      ] GC(1625) Phase 1: Mark live objects 56.270ms
[933.517s][info][gc,phases,start] GC(1625) Phase 2: Compute new object addresses
[933.658s][info][gc,phases      ] GC(1625) Phase 2: Compute new object addresses 140.263ms
[933.658s][info][gc,phases,start] GC(1625) Phase 3: Adjust pointers
[933.690s][info][gc,phases      ] GC(1625) Phase 3: Adjust pointers 32.897ms
[933.691s][info][gc,phases,start] GC(1625) Phase 4: Move objects
[933.700s][info][gc,phases      ] GC(1625) Phase 4: Move objects 9.901ms
[933.701s][info][gc,heap        ] GC(1625) DefNew: 559232K(629120K)->17074K(629120K) Eden: 559232K(559232K)->17074K(559232K) From: 0K(69888K)->0K(69888K)
[933.701s][info][gc,heap        ] GC(1625) Tenured: 1368085K(1398144K)->1395331K(1398144K)
[933.701s][info][gc,metaspace   ] GC(1625) Metaspace: 121615K(125504K)->121615K(125504K) NonClass: 105398K(106048K)->105398K(106048K) Class: 16216K(19456K)->16216K(19456K)
[933.701s][info][gc             ] GC(1625) Pause Full (Allocation Failure) 1882M->1379M(1979M) 240.434ms
[933.701s][info][gc,cpu         ] GC(1625) User=0.23s Sys=0.00s Real=0.23s
[935.616s][info][gc,start       ] GC(1626) Pause Full (Allocation Failure)
[935.617s][info][gc,phases,start] GC(1626) Phase 1: Mark live objects
[935.673s][info][gc,phases      ] GC(1626) Phase 1: Mark live objects 56.797ms
[935.673s][info][gc,phases,start] GC(1626) Phase 2: Compute new object addresses
[935.835s][info][gc,phases      ] GC(1626) Phase 2: Compute new object addresses 161.901ms
[935.835s][info][gc,phases,start] GC(1626) Phase 3: Adjust pointers
[935.869s][info][gc,phases      ] GC(1626) Phase 3: Adjust pointers 33.575ms
[935.869s][info][gc,phases,start] GC(1626) Phase 4: Move objects
[935.882s][info][gc,phases      ] GC(1626) Phase 4: Move objects 12.731ms
[935.883s][info][gc,heap        ] GC(1626) DefNew: 629120K(629120K)->57716K(629120K) Eden: 559232K(559232K)->57716K(559232K) From: 69888K(69888K)->0K(69888K)
[935.883s][info][gc,heap        ] GC(1626) Tenured: 1398144K(1398144K)->1398144K(1398144K)
[935.883s][info][gc,metaspace   ] GC(1626) Metaspace: 121615K(125504K)->121615K(125504K) NonClass: 105398K(106048K)->105398K(106048K) Class: 16216K(19456K)->16216K(19456K)
[935.883s][info][gc             ] GC(1626) Pause Full (Allocation Failure) 1979M->1421M(1979M) 266.185ms
[935.883s][info][gc,cpu         ] GC(1626) User=0.27s Sys=0.00s Real=0.27s
[937.928s][info][gc,start       ] GC(1627) Pause Full (Allocation Failure)
[937.928s][info][gc,phases,start] GC(1627) Phase 1: Mark live objects
[937.984s][info][gc,phases      ] GC(1627) Phase 1: Mark live objects 55.942ms
[937.984s][info][gc,phases,start] GC(1627) Phase 2: Compute new object addresses
[938.141s][info][gc,phases      ] GC(1627) Phase 2: Compute new object addresses 157.134ms
[938.141s][info][gc,phases,start] GC(1627) Phase 3: Adjust pointers
[938.174s][info][gc,phases      ] GC(1627) Phase 3: Adjust pointers 33.024ms
[938.174s][info][gc,phases,start] GC(1627) Phase 4: Move objects
[938.187s][info][gc,phases      ] GC(1627) Phase 4: Move objects 13.191ms
[938.188s][info][gc,heap        ] GC(1627) DefNew: 629119K(629120K)->60391K(629120K) Eden: 559232K(559232K)->60391K(559232K) From: 69887K(69888K)->0K(69888K)
[938.188s][info][gc,heap        ] GC(1627) Tenured: 1398144K(1398144K)->1398144K(1398144K)
[938.188s][info][gc,metaspace   ] GC(1627) Metaspace: 121615K(125504K)->121615K(125504K) NonClass: 105398K(106048K)->105398K(106048K) Class: 16216K(19456K)->16216K(19456K)
[938.188s][info][gc             ] GC(1627) Pause Full (Allocation Failure) 1979M->1424M(1979M) 260.440ms
[938.188s][info][gc,cpu         ] GC(1627) User=0.25s Sys=0.00s Real=0.25s
[939.982s][info][gc,start       ] GC(1628) Pause Full (Allocation Failure)
[939.982s][info][gc,phases,start] GC(1628) Phase 1: Mark live objects
[940.038s][info][gc,phases      ] GC(1628) Phase 1: Mark live objects 56.236ms
[940.038s][info][gc,phases,start] GC(1628) Phase 2: Compute new object addresses
[940.183s][info][gc,phases      ] GC(1628) Phase 2: Compute new object addresses 144.795ms
[940.183s][info][gc,phases,start] GC(1628) Phase 3: Adjust pointers
[940.216s][info][gc,phases      ] GC(1628) Phase 3: Adjust pointers 33.082ms
[940.216s][info][gc,phases,start] GC(1628) Phase 4: Move objects
[940.305s][info][gc,phases      ] GC(1628) Phase 4: Move objects 88.922ms
[940.306s][info][gc,heap        ] GC(1628) DefNew: 629119K(629120K)->6371K(629120K) Eden: 559232K(559232K)->6371K(559232K) From: 69887K(69888K)->0K(69888K)
[940.306s][info][gc,heap        ] GC(1628) Tenured: 1398144K(1398144K)->1395388K(1398144K)
[940.306s][info][gc,metaspace   ] GC(1628) Metaspace: 121615K(125504K)->121615K(125504K) NonClass: 105398K(106048K)->105398K(106048K) Class: 16216K(19456K)->16216K(19456K)
[940.306s][info][gc             ] GC(1628) Pause Full (Allocation Failure) 1979M->1368M(1979M) 324.290ms
[940.306s][info][gc,cpu         ] GC(1628) User=0.33s Sys=0.00s Real=0.33s
[942.515s][info][gc,start       ] GC(1629) Pause Full (Allocation Failure)
[942.515s][info][gc,phases,start] GC(1629) Phase 1: Mark live objects
[942.571s][info][gc,phases      ] GC(1629) Phase 1: Mark live objects 56.116ms
[942.571s][info][gc,phases,start] GC(1629) Phase 2: Compute new object addresses
[942.741s][info][gc,phases      ] GC(1629) Phase 2: Compute new object addresses 169.685ms
[942.741s][info][gc,phases,start] GC(1629) Phase 3: Adjust pointers
[942.775s][info][gc,phases      ] GC(1629) Phase 3: Adjust pointers 34.005ms
[942.775s][info][gc,phases,start] GC(1629) Phase 4: Move objects
[942.778s][info][gc,phases      ] GC(1629) Phase 4: Move objects 3.393ms
[942.779s][info][gc,heap        ] GC(1629) DefNew: 629120K(629120K)->14588K(629120K) Eden: 559232K(559232K)->14588K(559232K) From: 69888K(69888K)->0K(69888K)
[942.779s][info][gc,heap        ] GC(1629) Tenured: 1398143K(1398144K)->1398143K(1398144K)
[942.779s][info][gc,metaspace   ] GC(1629) Metaspace: 121615K(125504K)->121615K(125504K) NonClass: 105398K(106048K)->105398K(106048K) Class: 16216K(19456K)->16216K(19456K)
[942.779s][info][gc             ] GC(1629) Pause Full (Allocation Failure) 1979M->1379M(1979M) 264.351ms
[942.779s][info][gc,cpu         ] GC(1629) User=0.25s Sys=0.00s Real=0.26s
[944.762s][info][gc,start       ] GC(1630) Pause Full (Allocation Failure)
[944.763s][info][gc,phases,start] GC(1630) Phase 1: Mark live objects
[944.818s][info][gc,phases      ] GC(1630) Phase 1: Mark live objects 55.567ms
[944.818s][info][gc,phases,start] GC(1630) Phase 2: Compute new object addresses
[944.984s][info][gc,phases      ] GC(1630) Phase 2: Compute new object addresses 165.941ms
[944.984s][info][gc,phases,start] GC(1630) Phase 3: Adjust pointers
[945.017s][info][gc,phases      ] GC(1630) Phase 3: Adjust pointers 32.954ms
[945.017s][info][gc,phases,start] GC(1630) Phase 4: Move objects
[945.021s][info][gc,phases      ] GC(1630) Phase 4: Move objects 4.241ms
[945.022s][info][gc,heap        ] GC(1630) DefNew: 629119K(629120K)->21576K(629120K) Eden: 559232K(559232K)->21576K(559232K) From: 69887K(69888K)->0K(69888K)
[945.022s][info][gc,heap        ] GC(1630) Tenured: 1398143K(1398144K)->1398143K(1398144K)
[945.022s][info][gc,metaspace   ] GC(1630) Metaspace: 121615K(125504K)->121615K(125504K) NonClass: 105398K(106048K)->105398K(106048K) Class: 16216K(19456K)->16216K(19456K)
[945.022s][info][gc             ] GC(1630) Pause Full (Allocation Failure) 1979M->1386M(1979M) 259.870ms
[945.022s][info][gc,cpu         ] GC(1630) User=0.25s Sys=0.00s Real=0.25s
[947.511s][info][gc,start       ] GC(1631) Pause Full (Allocation Failure)
[947.511s][info][gc,phases,start] GC(1631) Phase 1: Mark live objects
[947.568s][info][gc,phases      ] GC(1631) Phase 1: Mark live objects 56.912ms
[947.568s][info][gc,phases,start] GC(1631) Phase 2: Compute new object addresses
[947.738s][info][gc,phases      ] GC(1631) Phase 2: Compute new object addresses 170.555ms
[947.738s][info][gc,phases,start] GC(1631) Phase 3: Adjust pointers
[947.782s][info][gc,phases      ] GC(1631) Phase 3: Adjust pointers 43.547ms
[947.782s][info][gc,phases,start] GC(1631) Phase 4: Move objects
[947.785s][info][gc,phases      ] GC(1631) Phase 4: Move objects 2.649ms
[947.785s][info][gc,heap        ] GC(1631) DefNew: 629119K(629120K)->19143K(629120K) Eden: 559232K(559232K)->19143K(559232K) From: 69887K(69888K)->0K(69888K)
[947.785s][info][gc,heap        ] GC(1631) Tenured: 1398143K(1398144K)->1398143K(1398144K)
[947.785s][info][gc,metaspace   ] GC(1631) Metaspace: 121615K(125504K)->121615K(125504K) NonClass: 105398K(106048K)->105398K(106048K) Class: 16216K(19456K)->16216K(19456K)
[947.785s][info][gc             ] GC(1631) Pause Full (Allocation Failure) 1979M->1384M(1979M) 274.889ms
[947.786s][info][gc,cpu         ] GC(1631) User=0.27s Sys=0.00s Real=0.27s
[950.216s][info][gc,start       ] GC(1632) Pause Full (Allocation Failure)
[950.216s][info][gc,phases,start] GC(1632) Phase 1: Mark live objects
[950.272s][info][gc,phases      ] GC(1632) Phase 1: Mark live objects 55.799ms
[950.272s][info][gc,phases,start] GC(1632) Phase 2: Compute new object addresses
[950.443s][info][gc,phases      ] GC(1632) Phase 2: Compute new object addresses 170.370ms
[950.443s][info][gc,phases,start] GC(1632) Phase 3: Adjust pointers
[950.476s][info][gc,phases      ] GC(1632) Phase 3: Adjust pointers 33.327ms
[950.476s][info][gc,phases,start] GC(1632) Phase 4: Move objects
[950.553s][info][gc,phases      ] GC(1632) Phase 4: Move objects 76.683ms
[950.554s][info][gc,heap        ] GC(1632) DefNew: 629119K(629120K)->3871K(629120K) Eden: 559232K(559232K)->3871K(559232K) From: 69887K(69888K)->0K(69888K)
[950.554s][info][gc,heap        ] GC(1632) Tenured: 1398143K(1398144K)->1396286K(1398144K)
[950.554s][info][gc,metaspace   ] GC(1632) Metaspace: 121615K(125504K)->121615K(125504K) NonClass: 105398K(106048K)->105398K(106048K) Class: 16216K(19456K)->16216K(19456K)
[950.554s][info][gc             ] GC(1632) Pause Full (Allocation Failure) 1979M->1367M(1979M) 337.439ms
[950.554s][info][gc,cpu         ] GC(1632) User=0.33s Sys=0.00s Real=0.34s
[953.243s][info][gc,start       ] GC(1633) Pause Full (Allocation Failure)
[953.243s][info][gc,phases,start] GC(1633) Phase 1: Mark live objects
[953.299s][info][gc,phases      ] GC(1633) Phase 1: Mark live objects 55.708ms
[953.299s][info][gc,phases,start] GC(1633) Phase 2: Compute new object addresses
[953.475s][info][gc,phases      ] GC(1633) Phase 2: Compute new object addresses 176.905ms
[953.476s][info][gc,phases,start] GC(1633) Phase 3: Adjust pointers
[953.508s][info][gc,phases      ] GC(1633) Phase 3: Adjust pointers 32.537ms
[953.508s][info][gc,phases,start] GC(1633) Phase 4: Move objects
[953.508s][info][gc,phases      ] GC(1633) Phase 4: Move objects 0.033ms
[953.509s][info][gc,heap        ] GC(1633) DefNew: 629119K(629120K)->3818K(629120K) Eden: 559232K(559232K)->3818K(559232K) From: 69887K(69888K)->0K(69888K)
[953.509s][info][gc,heap        ] GC(1633) Tenured: 1398144K(1398144K)->1398144K(1398144K)
[953.509s][info][gc,metaspace   ] GC(1633) Metaspace: 121615K(125504K)->121615K(125504K) NonClass: 105398K(106048K)->105398K(106048K) Class: 16216K(19456K)->16216K(19456K)
[953.509s][info][gc             ] GC(1633) Pause Full (Allocation Failure) 1979M->1369M(1979M) 266.294ms
[953.509s][info][gc,cpu         ] GC(1633) User=0.27s Sys=0.00s Real=0.27s
[955.861s][info][gc,start       ] GC(1634) Pause Full (Allocation Failure)
[955.861s][info][gc,phases,start] GC(1634) Phase 1: Mark live objects
[955.926s][info][gc,phases      ] GC(1634) Phase 1: Mark live objects 64.574ms
[955.926s][info][gc,phases,start] GC(1634) Phase 2: Compute new object addresses
[956.110s][info][gc,phases      ] GC(1634) Phase 2: Compute new object addresses 184.261ms
[956.110s][info][gc,phases,start] GC(1634) Phase 3: Adjust pointers
[956.143s][info][gc,phases      ] GC(1634) Phase 3: Adjust pointers 32.737ms
[956.143s][info][gc,phases,start] GC(1634) Phase 4: Move objects
[956.143s][info][gc,phases      ] GC(1634) Phase 4: Move objects 0.048ms
[956.144s][info][gc,heap        ] GC(1634) DefNew: 629119K(629120K)->3869K(629120K) Eden: 559232K(559232K)->3869K(559232K) From: 69887K(69888K)->0K(69888K)
[956.144s][info][gc,heap        ] GC(1634) Tenured: 1398144K(1398144K)->1398144K(1398144K)
[956.144s][info][gc,metaspace   ] GC(1634) Metaspace: 121615K(125504K)->121615K(125504K) NonClass: 105399K(106048K)->105399K(106048K) Class: 16216K(19456K)->16216K(19456K)
[956.144s][info][gc             ] GC(1634) Pause Full (Allocation Failure) 1979M->1369M(1979M) 282.831ms
[956.144s][info][gc,cpu         ] GC(1634) User=0.28s Sys=0.00s Real=0.29s
[958.191s][info][gc,start       ] GC(1635) Pause Full (Allocation Failure)
[958.191s][info][gc,phases,start] GC(1635) Phase 1: Mark live objects
[958.264s][info][gc,phases      ] GC(1635) Phase 1: Mark live objects 72.878ms
[958.264s][info][gc,phases,start] GC(1635) Phase 2: Compute new object addresses
[958.438s][info][gc,phases      ] GC(1635) Phase 2: Compute new object addresses 174.061ms
[958.438s][info][gc,phases,start] GC(1635) Phase 3: Adjust pointers
[958.470s][info][gc,phases      ] GC(1635) Phase 3: Adjust pointers 32.740ms
[958.471s][info][gc,phases,start] GC(1635) Phase 4: Move objects
[958.500s][info][gc,phases      ] GC(1635) Phase 4: Move objects 29.324ms
[958.501s][info][gc,heap        ] GC(1635) DefNew: 629118K(629120K)->0K(629120K) Eden: 559232K(559232K)->0K(559232K) From: 69886K(69888K)->0K(69888K)
[958.501s][info][gc,heap        ] GC(1635) Tenured: 1398144K(1398144K)->1352155K(1398144K)
[958.501s][info][gc,metaspace   ] GC(1635) Metaspace: 121615K(125504K)->121615K(125504K) NonClass: 105399K(106048K)->105399K(106048K) Class: 16216K(19456K)->16216K(19456K)
[958.501s][info][gc             ] GC(1635) Pause Full (Allocation Failure) 1979M->1320M(1979M) 310.273ms
[958.501s][info][gc,cpu         ] GC(1635) User=0.33s Sys=0.00s Real=0.32s
[958.567s][info][gc,start       ] GC(1636) Pause Young (Allocation Failure)
[958.567s][info][gc             ] GC(1636) Pause Young (Allocation Failure) 1866M->1866M(1979M) 0.128ms
[958.567s][info][gc,cpu         ] GC(1636) User=0.00s Sys=0.00s Real=0.00s
[958.567s][info][gc,start       ] GC(1637) Pause Full (Allocation Failure)
[958.568s][info][gc,phases,start] GC(1637) Phase 1: Mark live objects
[958.625s][info][gc,phases      ] GC(1637) Phase 1: Mark live objects 57.045ms
[958.625s][info][gc,phases,start] GC(1637) Phase 2: Compute new object addresses
[958.778s][info][gc,phases      ] GC(1637) Phase 2: Compute new object addresses 153.281ms
[958.778s][info][gc,phases,start] GC(1637) Phase 3: Adjust pointers
[958.811s][info][gc,phases      ] GC(1637) Phase 3: Adjust pointers 32.888ms
[958.811s][info][gc,phases,start] GC(1637) Phase 4: Move objects
[958.841s][info][gc,phases      ] GC(1637) Phase 4: Move objects 29.716ms
[958.841s][info][gc,heap        ] GC(1637) DefNew: 559232K(629120K)->0K(629120K) Eden: 559232K(559232K)->0K(559232K) From: 0K(69888K)->0K(69888K)
[958.841s][info][gc,heap        ] GC(1637) Tenured: 1352155K(1398144K)->1098675K(1398144K)
[958.841s][info][gc,metaspace   ] GC(1637) Metaspace: 121615K(125504K)->121615K(125504K) NonClass: 105399K(106048K)->105399K(106048K) Class: 16216K(19456K)->16216K(19456K)
[958.842s][info][gc             ] GC(1637) Pause Full (Allocation Failure) 1866M->1072M(1979M) 274.057ms
[958.842s][info][gc,cpu         ] GC(1637) User=0.28s Sys=0.00s Real=0.28s
[959.297s][info][gc,start       ] GC(1638) Pause Full (System.gc())
[959.297s][info][gc,phases,start] GC(1638) Phase 1: Mark live objects
[959.361s][info][gc,phases      ] GC(1638) Phase 1: Mark live objects 63.839ms
[959.367s][info][gc,phases,start] GC(1638) Phase 2: Compute new object addresses
[959.482s][info][gc,phases      ] GC(1638) Phase 2: Compute new object addresses 114.368ms
[959.482s][info][gc,phases,start] GC(1638) Phase 3: Adjust pointers
[959.515s][info][gc,phases      ] GC(1638) Phase 3: Adjust pointers 32.905ms
[959.515s][info][gc,phases,start] GC(1638) Phase 4: Move objects
[959.515s][info][gc,phases      ] GC(1638) Phase 4: Move objects 0.078ms
[959.515s][info][gc,heap        ] GC(1638) DefNew: 130107K(629120K)->0K(629120K) Eden: 130107K(559232K)->0K(559232K) From: 0K(69888K)->0K(69888K)
[959.515s][info][gc,heap        ] GC(1638) Tenured: 1098675K(1398144K)->1038976K(1398144K)
[959.515s][info][gc,metaspace   ] GC(1638) Metaspace: 121615K(125504K)->121615K(125504K) NonClass: 105399K(106048K)->105399K(106048K) Class: 16216K(19456K)->16216K(19456K)
[959.516s][info][gc             ] GC(1638) Pause Full (System.gc()) 1199M->1014M(1979M) 218.971ms
[959.516s][info][gc,cpu         ] GC(1638) User=0.14s Sys=0.00s Real=0.22s
[959.632s][info][gc,start       ] GC(1639) Pause Young (Allocation Failure)
[959.647s][info][gc,heap        ] GC(1639) DefNew: 559232K(629120K)->11996K(629120K) Eden: 559232K(559232K)->0K(559232K) From: 0K(69888K)->11996K(69888K)
[959.647s][info][gc,heap        ] GC(1639) Tenured: 1038976K(1398144K)->1038976K(1398144K)
[959.647s][info][gc,metaspace   ] GC(1639) Metaspace: 121623K(125504K)->121623K(125504K) NonClass: 105406K(106048K)->105406K(106048K) Class: 16216K(19456K)->16216K(19456K)
[959.647s][info][gc             ] GC(1639) Pause Young (Allocation Failure) 1560M->1026M(1979M) 14.266ms
[959.647s][info][gc,cpu         ] GC(1639) User=0.03s Sys=0.00s Real=0.02s
[959.685s][info][gc,start       ] GC(1640) Pause Young (Allocation Failure)
[959.697s][info][gc,heap        ] GC(1640) DefNew: 571228K(629120K)->19157K(629120K) Eden: 559232K(559232K)->0K(559232K) From: 11996K(69888K)->19157K(69888K)
[959.697s][info][gc,heap        ] GC(1640) Tenured: 1038976K(1398144K)->1038976K(1398144K)
[959.697s][info][gc,metaspace   ] GC(1640) Metaspace: 121623K(125504K)->121623K(125504K) NonClass: 105406K(106048K)->105406K(106048K) Class: 16216K(19456K)->16216K(19456K)
[959.697s][info][gc             ] GC(1640) Pause Young (Allocation Failure) 1572M->1033M(1979M) 11.522ms
[959.697s][info][gc,cpu         ] GC(1640) User=0.00s Sys=0.00s Real=0.00s
[959.735s][info][gc,start       ] GC(1641) Pause Young (Allocation Failure)
[959.748s][info][gc,heap        ] GC(1641) DefNew: 578389K(629120K)->26016K(629120K) Eden: 559232K(559232K)->0K(559232K) From: 19157K(69888K)->26016K(69888K)
[959.748s][info][gc,heap        ] GC(1641) Tenured: 1038976K(1398144K)->1038976K(1398144K)
[959.748s][info][gc,metaspace   ] GC(1641) Metaspace: 121623K(125504K)->121623K(125504K) NonClass: 105406K(106048K)->105406K(106048K) Class: 16216K(19456K)->16216K(19456K)
[959.748s][info][gc             ] GC(1641) Pause Young (Allocation Failure) 1579M->1040M(1979M) 13.111ms
[959.748s][info][gc,cpu         ] GC(1641) User=0.03s Sys=0.00s Real=0.02s
[959.786s][info][gc,start       ] GC(1642) Pause Young (Allocation Failure)
[959.801s][info][gc,heap        ] GC(1642) DefNew: 585248K(629120K)->32492K(629120K) Eden: 559232K(559232K)->0K(559232K) From: 26016K(69888K)->32492K(69888K)
[959.801s][info][gc,heap        ] GC(1642) Tenured: 1038976K(1398144K)->1038976K(1398144K)
[959.801s][info][gc,metaspace   ] GC(1642) Metaspace: 121623K(125504K)->121623K(125504K) NonClass: 105406K(106048K)->105406K(106048K) Class: 16216K(19456K)->16216K(19456K)
[959.801s][info][gc             ] GC(1642) Pause Young (Allocation Failure) 1586M->1046M(1979M) 14.435ms
[959.801s][info][gc,cpu         ] GC(1642) User=0.02s Sys=0.00s Real=0.02s
[959.839s][info][gc,start       ] GC(1643) Pause Young (Allocation Failure)
[959.855s][info][gc,heap        ] GC(1643) DefNew: 591724K(629120K)->37192K(629120K) Eden: 559232K(559232K)->0K(559232K) From: 32492K(69888K)->37192K(69888K)
[959.855s][info][gc,heap        ] GC(1643) Tenured: 1038976K(1398144K)->1038976K(1398144K)
[959.855s][info][gc,metaspace   ] GC(1643) Metaspace: 121623K(125504K)->121623K(125504K) NonClass: 105406K(106048K)->105406K(106048K) Class: 16216K(19456K)->16216K(19456K)
[959.855s][info][gc             ] GC(1643) Pause Young (Allocation Failure) 1592M->1050M(1979M) 15.454ms
[959.855s][info][gc,cpu         ] GC(1643) User=0.03s Sys=0.00s Real=0.02s
[959.893s][info][gc,start       ] GC(1644) Pause Young (Allocation Failure)
[959.912s][info][gc,heap        ] GC(1644) DefNew: 596424K(629120K)->39858K(629120K) Eden: 559232K(559232K)->0K(559232K) From: 37192K(69888K)->39858K(69888K)
[959.912s][info][gc,heap        ] GC(1644) Tenured: 1038976K(1398144K)->1047983K(1398144K)
[959.912s][info][gc,metaspace   ] GC(1644) Metaspace: 121623K(125504K)->121623K(125504K) NonClass: 105406K(106048K)->105406K(106048K) Class: 16216K(19456K)->16216K(19456K)
[959.912s][info][gc             ] GC(1644) Pause Young (Allocation Failure) 1597M->1062M(1979M) 19.260ms
[959.912s][info][gc,cpu         ] GC(1644) User=0.02s Sys=0.00s Real=0.02s
[959.951s][info][gc,start       ] GC(1645) Pause Young (Allocation Failure)
[959.964s][info][gc,heap        ] GC(1645) DefNew: 599090K(629120K)->40876K(629120K) Eden: 559232K(559232K)->0K(559232K) From: 39858K(69888K)->40876K(69888K)
[959.964s][info][gc,heap        ] GC(1645) Tenured: 1047983K(1398144K)->1051648K(1398144K)
[959.964s][info][gc,metaspace   ] GC(1645) Metaspace: 121623K(125504K)->121623K(125504K) NonClass: 105406K(106048K)->105406K(106048K) Class: 16216K(19456K)->16216K(19456K)
[959.964s][info][gc             ] GC(1645) Pause Young (Allocation Failure) 1608M->1066M(1979M) 13.284ms
[959.964s][info][gc,cpu         ] GC(1645) User=0.00s Sys=0.00s Real=0.00s
[960.003s][info][gc,start       ] GC(1646) Pause Young (Allocation Failure)
[960.016s][info][gc,heap        ] GC(1646) DefNew: 600108K(629120K)->39353K(629120K) Eden: 559232K(559232K)->0K(559232K) From: 40876K(69888K)->39353K(69888K)
[960.016s][info][gc,heap        ] GC(1646) Tenured: 1051648K(1398144K)->1057904K(1398144K)
[960.016s][info][gc,metaspace   ] GC(1646) Metaspace: 121623K(125504K)->121623K(125504K) NonClass: 105406K(106048K)->105406K(106048K) Class: 16216K(19456K)->16216K(19456K)
[960.016s][info][gc             ] GC(1646) Pause Young (Allocation Failure) 1613M->1071M(1979M) 13.278ms
[960.016s][info][gc,cpu         ] GC(1646) User=0.02s Sys=0.00s Real=0.02s
[960.054s][info][gc,start       ] GC(1647) Pause Young (Allocation Failure)
[960.068s][info][gc,heap        ] GC(1647) DefNew: 598585K(629120K)->28406K(629120K) Eden: 559232K(559232K)->0K(559232K) From: 39353K(69888K)->28406K(69888K)
[960.068s][info][gc,heap        ] GC(1647) Tenured: 1057904K(1398144K)->1076656K(1398144K)
[960.068s][info][gc,metaspace   ] GC(1647) Metaspace: 121623K(125504K)->121623K(125504K) NonClass: 105406K(106048K)->105406K(106048K) Class: 16216K(19456K)->16216K(19456K)
[960.068s][info][gc             ] GC(1647) Pause Young (Allocation Failure) 1617M->1079M(1979M) 13.503ms
[960.068s][info][gc,cpu         ] GC(1647) User=0.02s Sys=0.00s Real=0.01s
[960.107s][info][gc,start       ] GC(1648) Pause Young (Allocation Failure)
[960.121s][info][gc,heap        ] GC(1648) DefNew: 587638K(629120K)->47134K(629120K) Eden: 559232K(559232K)->0K(559232K) From: 28406K(69888K)->47134K(69888K)
[960.121s][info][gc,heap        ] GC(1648) Tenured: 1076656K(1398144K)->1076656K(1398144K)
[960.121s][info][gc,metaspace   ] GC(1648) Metaspace: 121623K(125504K)->121623K(125504K) NonClass: 105406K(106048K)->105406K(106048K) Class: 16216K(19456K)->16216K(19456K)
[960.121s][info][gc             ] GC(1648) Pause Young (Allocation Failure) 1625M->1097M(1979M) 13.827ms
[960.121s][info][gc,cpu         ] GC(1648) User=0.02s Sys=0.00s Real=0.02s
[960.160s][info][gc,start       ] GC(1649) Pause Young (Allocation Failure)
[960.179s][info][gc,heap        ] GC(1649) DefNew: 606366K(629120K)->59628K(629120K) Eden: 559232K(559232K)->0K(559232K) From: 47134K(69888K)->59628K(69888K)
[960.179s][info][gc,heap        ] GC(1649) Tenured: 1076656K(1398144K)->1089156K(1398144K)
[960.179s][info][gc,metaspace   ] GC(1649) Metaspace: 121623K(125504K)->121623K(125504K) NonClass: 105406K(106048K)->105406K(106048K) Class: 16216K(19456K)->16216K(19456K)
[960.179s][info][gc             ] GC(1649) Pause Young (Allocation Failure) 1643M->1121M(1979M) 19.351ms
[960.179s][info][gc,cpu         ] GC(1649) User=0.02s Sys=0.00s Real=0.02s
[960.226s][info][gc,start       ] GC(1650) Pause Young (Allocation Failure)
[960.248s][info][gc,heap        ] GC(1650) DefNew: 618860K(629120K)->52167K(629120K) Eden: 559232K(559232K)->0K(559232K) From: 59628K(69888K)->52167K(69888K)
[960.248s][info][gc,heap        ] GC(1650) Tenured: 1089156K(1398144K)->1117290K(1398144K)
[960.248s][info][gc,metaspace   ] GC(1650) Metaspace: 121623K(125504K)->121623K(125504K) NonClass: 105406K(106048K)->105406K(106048K) Class: 16216K(19456K)->16216K(19456K)
[960.248s][info][gc             ] GC(1650) Pause Young (Allocation Failure) 1667M->1142M(1979M) 21.529ms
[960.248s][info][gc,cpu         ] GC(1650) User=0.02s Sys=0.00s Real=0.01s
[960.287s][info][gc,start       ] GC(1651) Pause Young (Allocation Failure)
[960.308s][info][gc,heap        ] GC(1651) DefNew: 611399K(629120K)->54641K(629120K) Eden: 559232K(559232K)->0K(559232K) From: 52167K(69888K)->54641K(69888K)
[960.308s][info][gc,heap        ] GC(1651) Tenured: 1117290K(1398144K)->1142291K(1398144K)
[960.308s][info][gc,metaspace   ] GC(1651) Metaspace: 121623K(125504K)->121623K(125504K) NonClass: 105406K(106048K)->105406K(106048K) Class: 16216K(19456K)->16216K(19456K)
[960.308s][info][gc             ] GC(1651) Pause Young (Allocation Failure) 1688M->1168M(1979M) 20.934ms
[960.308s][info][gc,cpu         ] GC(1651) User=0.02s Sys=0.00s Real=0.02s
[960.349s][info][gc,start       ] GC(1652) Pause Young (Allocation Failure)
[960.373s][info][gc,heap        ] GC(1652) DefNew: 613873K(629120K)->67922K(629120K) Eden: 559232K(559232K)->0K(559232K) From: 54641K(69888K)->67922K(69888K)
[960.373s][info][gc,heap        ] GC(1652) Tenured: 1142291K(1398144K)->1169238K(1398144K)
[960.373s][info][gc,metaspace   ] GC(1652) Metaspace: 121623K(125504K)->121623K(125504K) NonClass: 105406K(106048K)->105406K(106048K) Class: 16216K(19456K)->16216K(19456K)
[960.373s][info][gc             ] GC(1652) Pause Young (Allocation Failure) 1715M->1208M(1979M) 24.617ms
[960.373s][info][gc,cpu         ] GC(1652) User=0.03s Sys=0.00s Real=0.03s
[960.413s][info][gc,start       ] GC(1653) Pause Young (Allocation Failure)
[960.440s][info][gc,heap        ] GC(1653) DefNew: 627154K(629120K)->37868K(629120K) Eden: 559232K(559232K)->0K(559232K) From: 67922K(69888K)->37868K(69888K)
[960.440s][info][gc,heap        ] GC(1653) Tenured: 1169238K(1398144K)->1235929K(1398144K)
[960.440s][info][gc,metaspace   ] GC(1653) Metaspace: 121623K(125504K)->121623K(125504K) NonClass: 105406K(106048K)->105406K(106048K) Class: 16216K(19456K)->16216K(19456K)
[960.440s][info][gc             ] GC(1653) Pause Young (Allocation Failure) 1754M->1243M(1979M) 26.437ms
[960.440s][info][gc,cpu         ] GC(1653) User=0.02s Sys=0.00s Real=0.02s
[960.480s][info][gc,start       ] GC(1654) Pause Young (Allocation Failure)
[960.499s][info][gc,heap        ] GC(1654) DefNew: 597100K(629120K)->31225K(629120K) Eden: 559232K(559232K)->0K(559232K) From: 37868K(69888K)->31225K(69888K)
[960.499s][info][gc,heap        ] GC(1654) Tenured: 1235929K(1398144K)->1272201K(1398144K)
[960.499s][info][gc,metaspace   ] GC(1654) Metaspace: 121623K(125504K)->121623K(125504K) NonClass: 105406K(106048K)->105406K(106048K) Class: 16216K(19456K)->16216K(19456K)
[960.499s][info][gc             ] GC(1654) Pause Young (Allocation Failure) 1790M->1272M(1979M) 19.030ms
[960.499s][info][gc,cpu         ] GC(1654) User=0.02s Sys=0.00s Real=0.01s
[960.537s][info][gc,start       ] GC(1655) Pause Young (Allocation Failure)
[960.552s][info][gc,heap        ] GC(1655) DefNew: 590457K(629120K)->49514K(629120K) Eden: 559232K(559232K)->0K(559232K) From: 31225K(69888K)->49514K(69888K)
[960.552s][info][gc,heap        ] GC(1655) Tenured: 1272201K(1398144K)->1272201K(1398144K)
[960.552s][info][gc,metaspace   ] GC(1655) Metaspace: 121623K(125504K)->121623K(125504K) NonClass: 105406K(106048K)->105406K(106048K) Class: 16216K(19456K)->16216K(19456K)
[960.552s][info][gc             ] GC(1655) Pause Young (Allocation Failure) 1819M->1290M(1979M) 14.259ms
[960.552s][info][gc,cpu         ] GC(1655) User=0.02s Sys=0.00s Real=0.02s
[960.591s][info][gc,start       ] GC(1656) Pause Young (Allocation Failure)
[960.608s][info][gc,heap        ] GC(1656) DefNew: 608746K(629120K)->37868K(629120K) Eden: 559232K(559232K)->0K(559232K) From: 49514K(69888K)->37868K(69888K)
[960.608s][info][gc,heap        ] GC(1656) Tenured: 1272201K(1398144K)->1298671K(1398144K)
[960.608s][info][gc,metaspace   ] GC(1656) Metaspace: 121623K(125504K)->121623K(125504K) NonClass: 105406K(106048K)->105406K(106048K) Class: 16216K(19456K)->16216K(19456K)
[960.608s][info][gc             ] GC(1656) Pause Young (Allocation Failure) 1836M->1305M(1979M) 17.801ms
[960.608s][info][gc,cpu         ] GC(1656) User=0.03s Sys=0.00s Real=0.03s
[960.647s][info][gc,start       ] GC(1657) Pause Young (Allocation Failure)
[960.661s][info][gc,heap        ] GC(1657) DefNew: 597100K(629120K)->31566K(629120K) Eden: 559232K(559232K)->0K(559232K) From: 37868K(69888K)->31566K(69888K)
[960.661s][info][gc,heap        ] GC(1657) Tenured: 1298671K(1398144K)->1314806K(1398144K)
[960.661s][info][gc,metaspace   ] GC(1657) Metaspace: 121623K(125504K)->121623K(125504K) NonClass: 105406K(106048K)->105406K(106048K) Class: 16216K(19456K)->16216K(19456K)
[960.661s][info][gc             ] GC(1657) Pause Young (Allocation Failure) 1851M->1314M(1979M) 14.024ms
[960.661s][info][gc,cpu         ] GC(1657) User=0.02s Sys=0.00s Real=0.02s
[960.699s][info][gc,start       ] GC(1658) Pause Young (Allocation Failure)
[960.713s][info][gc,heap        ] GC(1658) DefNew: 590798K(629120K)->46835K(629120K) Eden: 559232K(559232K)->0K(559232K) From: 31566K(69888K)->46835K(69888K)
[960.713s][info][gc,heap        ] GC(1658) Tenured: 1314806K(1398144K)->1314806K(1398144K)
[960.713s][info][gc,metaspace   ] GC(1658) Metaspace: 121623K(125504K)->121623K(125504K) NonClass: 105406K(106048K)->105406K(106048K) Class: 16216K(19456K)->16216K(19456K)
[960.713s][info][gc             ] GC(1658) Pause Young (Allocation Failure) 1860M->1329M(1979M) 13.934ms
[960.713s][info][gc,cpu         ] GC(1658) User=0.00s Sys=0.00s Real=0.00s
[960.752s][info][gc,start       ] GC(1659) Pause Young (Allocation Failure)
[960.770s][info][gc,heap        ] GC(1659) DefNew: 606067K(629120K)->39381K(629120K) Eden: 559232K(559232K)->0K(559232K) From: 46835K(69888K)->39381K(69888K)
[960.770s][info][gc,heap        ] GC(1659) Tenured: 1314806K(1398144K)->1323004K(1398144K)
[960.770s][info][gc,metaspace   ] GC(1659) Metaspace: 121623K(125504K)->121623K(125504K) NonClass: 105406K(106048K)->105406K(106048K) Class: 16216K(19456K)->16216K(19456K)
[960.770s][info][gc             ] GC(1659) Pause Young (Allocation Failure) 1875M->1330M(1979M) 18.059ms
[960.770s][info][gc,cpu         ] GC(1659) User=0.02s Sys=0.00s Real=0.01s
[960.809s][info][gc,start       ] GC(1660) Pause Young (Allocation Failure)
[960.822s][info][gc,heap        ] GC(1660) DefNew: 598613K(629120K)->39353K(629120K) Eden: 559232K(559232K)->0K(559232K) From: 39381K(69888K)->39353K(69888K)
[960.822s][info][gc,heap        ] GC(1660) Tenured: 1323004K(1398144K)->1332462K(1398144K)
[960.822s][info][gc,metaspace   ] GC(1660) Metaspace: 121623K(125504K)->121623K(125504K) NonClass: 105406K(106048K)->105406K(106048K) Class: 16216K(19456K)->16216K(19456K)
[960.822s][info][gc             ] GC(1660) Pause Young (Allocation Failure) 1876M->1339M(1979M) 13.734ms
[960.822s][info][gc,cpu         ] GC(1660) User=0.02s Sys=0.00s Real=0.02s
[960.860s][info][gc,start       ] GC(1661) Pause Young (Allocation Failure)
[960.872s][info][gc,heap        ] GC(1661) DefNew: 598585K(629120K)->23741K(629120K) Eden: 559232K(559232K)->0K(559232K) From: 39353K(69888K)->23741K(69888K)
[960.872s][info][gc,heap        ] GC(1661) Tenured: 1332462K(1398144K)->1348089K(1398144K)
[960.872s][info][gc,metaspace   ] GC(1661) Metaspace: 121623K(125504K)->121623K(125504K) NonClass: 105406K(106048K)->105406K(106048K) Class: 16216K(19456K)->16216K(19456K)
[960.872s][info][gc             ] GC(1661) Pause Young (Allocation Failure) 1885M->1339M(1979M) 11.707ms
[960.872s][info][gc,cpu         ] GC(1661) User=0.02s Sys=0.00s Real=0.01s
[960.911s][info][gc,start       ] GC(1662) Pause Young (Allocation Failure)
[960.911s][info][gc             ] GC(1662) Pause Young (Allocation Failure) 1885M->1885M(1979M) 0.120ms
[960.911s][info][gc,cpu         ] GC(1662) User=0.00s Sys=0.00s Real=0.00s
[960.911s][info][gc,start       ] GC(1663) Pause Full (Allocation Failure)
[960.911s][info][gc,phases,start] GC(1663) Phase 1: Mark live objects
[960.971s][info][gc,phases      ] GC(1663) Phase 1: Mark live objects 59.099ms
[960.971s][info][gc,phases,start] GC(1663) Phase 2: Compute new object addresses
[961.126s][info][gc,phases      ] GC(1663) Phase 2: Compute new object addresses 155.077ms
[961.126s][info][gc,phases,start] GC(1663) Phase 3: Adjust pointers
[961.160s][info][gc,phases      ] GC(1663) Phase 3: Adjust pointers 34.482ms
[961.160s][info][gc,phases,start] GC(1663) Phase 4: Move objects
[961.189s][info][gc,phases      ] GC(1663) Phase 4: Move objects 28.926ms
[961.190s][info][gc,heap        ] GC(1663) DefNew: 582973K(629120K)->0K(629120K) Eden: 559232K(559232K)->0K(559232K) From: 23741K(69888K)->0K(69888K)
[961.190s][info][gc,heap        ] GC(1663) Tenured: 1348089K(1398144K)->1178366K(1398144K)
[961.190s][info][gc,metaspace   ] GC(1663) Metaspace: 121623K(125504K)->121623K(125504K) NonClass: 105406K(106048K)->105406K(106048K) Class: 16216K(19456K)->16216K(19456K)
[961.190s][info][gc             ] GC(1663) Pause Full (Allocation Failure) 1885M->1150M(1979M) 278.682ms
[961.190s][info][gc,cpu         ] GC(1663) User=0.28s Sys=0.00s Real=0.28s
[961.231s][info][gc,start       ] GC(1664) Pause Young (Allocation Failure)
[961.242s][info][gc,heap        ] GC(1664) DefNew: 559232K(629120K)->35889K(629120K) Eden: 559232K(559232K)->0K(559232K) From: 0K(69888K)->35889K(69888K)
[961.243s][info][gc,heap        ] GC(1664) Tenured: 1178366K(1398144K)->1178366K(1398144K)
[961.243s][info][gc,metaspace   ] GC(1664) Metaspace: 121623K(125504K)->121623K(125504K) NonClass: 105406K(106048K)->105406K(106048K) Class: 16216K(19456K)->16216K(19456K)
[961.243s][info][gc             ] GC(1664) Pause Young (Allocation Failure) 1696M->1185M(1979M) 12.014ms
[961.243s][info][gc,cpu         ] GC(1664) User=0.02s Sys=0.00s Real=0.02s
[961.281s][info][gc,start       ] GC(1665) Pause Young (Allocation Failure)
[961.299s][info][gc,heap        ] GC(1665) DefNew: 595121K(629120K)->29651K(629120K) Eden: 559232K(559232K)->0K(559232K) From: 35889K(69888K)->29651K(69888K)
[961.299s][info][gc,heap        ] GC(1665) Tenured: 1178366K(1398144K)->1213868K(1398144K)
[961.299s][info][gc,metaspace   ] GC(1665) Metaspace: 121623K(125504K)->121623K(125504K) NonClass: 105406K(106048K)->105406K(106048K) Class: 16216K(19456K)->16216K(19456K)
[961.299s][info][gc             ] GC(1665) Pause Young (Allocation Failure) 1731M->1214M(1979M) 17.968ms
[961.299s][info][gc,cpu         ] GC(1665) User=0.02s Sys=0.00s Real=0.02s
[961.340s][info][gc,start       ] GC(1666) Pause Young (Allocation Failure)
[961.357s][info][gc,heap        ] GC(1666) DefNew: 588883K(629120K)->60459K(629120K) Eden: 559232K(559232K)->0K(559232K) From: 29651K(69888K)->60459K(69888K)
[961.357s][info][gc,heap        ] GC(1666) Tenured: 1213868K(1398144K)->1213868K(1398144K)
[961.357s][info][gc,metaspace   ] GC(1666) Metaspace: 121623K(125504K)->121623K(125504K) NonClass: 105406K(106048K)->105406K(106048K) Class: 16216K(19456K)->16216K(19456K)
[961.357s][info][gc             ] GC(1666) Pause Young (Allocation Failure) 1760M->1244M(1979M) 16.925ms
[961.357s][info][gc,cpu         ] GC(1666) User=0.02s Sys=0.00s Real=0.02s
[961.397s][info][gc,start       ] GC(1667) Pause Young (Allocation Failure)
[961.424s][info][gc,heap        ] GC(1667) DefNew: 619691K(629120K)->68095K(629120K) Eden: 559232K(559232K)->0K(559232K) From: 60459K(69888K)->68095K(69888K)
[961.424s][info][gc,heap        ] GC(1667) Tenured: 1213868K(1398144K)->1251194K(1398144K)
[961.424s][info][gc,metaspace   ] GC(1667) Metaspace: 121623K(125504K)->121623K(125504K) NonClass: 105406K(106048K)->105406K(106048K) Class: 16216K(19456K)->16216K(19456K)
[961.424s][info][gc             ] GC(1667) Pause Young (Allocation Failure) 1790M->1288M(1979M) 27.043ms
[961.424s][info][gc,cpu         ] GC(1667) User=0.03s Sys=0.00s Real=0.03s
[961.465s][info][gc,start       ] GC(1668) Pause Young (Allocation Failure)
[961.493s][info][gc,heap        ] GC(1668) DefNew: 627327K(629120K)->41428K(629120K) Eden: 559232K(559232K)->0K(559232K) From: 68095K(69888K)->41428K(69888K)
[961.493s][info][gc,heap        ] GC(1668) Tenured: 1251194K(1398144K)->1317312K(1398144K)
[961.493s][info][gc,metaspace   ] GC(1668) Metaspace: 121623K(125504K)->121623K(125504K) NonClass: 105406K(106048K)->105406K(106048K) Class: 16216K(19456K)->16216K(19456K)
[961.493s][info][gc             ] GC(1668) Pause Young (Allocation Failure) 1834M->1326M(1979M) 28.152ms
[961.493s][info][gc,cpu         ] GC(1668) User=0.03s Sys=0.00s Real=0.03s
[961.537s][info][gc,start       ] GC(1669) Pause Young (Allocation Failure)
[961.557s][info][gc,heap        ] GC(1669) DefNew: 600660K(629120K)->29142K(629120K) Eden: 559232K(559232K)->0K(559232K) From: 41428K(69888K)->29142K(69888K)
[961.557s][info][gc,heap        ] GC(1669) Tenured: 1317312K(1398144K)->1352300K(1398144K)
[961.557s][info][gc,metaspace   ] GC(1669) Metaspace: 121623K(125504K)->121623K(125504K) NonClass: 105406K(106048K)->105406K(106048K) Class: 16216K(19456K)->16216K(19456K)
[961.557s][info][gc             ] GC(1669) Pause Young (Allocation Failure) 1873M->1349M(1979M) 20.465ms
[961.558s][info][gc,cpu         ] GC(1669) User=0.05s Sys=0.00s Real=0.02s
[961.598s][info][gc,start       ] GC(1670) Pause Young (Allocation Failure)
[961.598s][info][gc             ] GC(1670) Pause Young (Allocation Failure) 1895M->1895M(1979M) 0.124ms
[961.598s][info][gc,cpu         ] GC(1670) User=0.00s Sys=0.00s Real=0.00s
[961.598s][info][gc,start       ] GC(1671) Pause Full (Allocation Failure)
[961.598s][info][gc,phases,start] GC(1671) Phase 1: Mark live objects
[961.659s][info][gc,phases      ] GC(1671) Phase 1: Mark live objects 61.229ms
[961.659s][info][gc,phases,start] GC(1671) Phase 2: Compute new object addresses
[961.809s][info][gc,phases      ] GC(1671) Phase 2: Compute new object addresses 149.717ms
[961.809s][info][gc,phases,start] GC(1671) Phase 3: Adjust pointers
[961.845s][info][gc,phases      ] GC(1671) Phase 3: Adjust pointers 35.844ms
[961.845s][info][gc,phases,start] GC(1671) Phase 4: Move objects
[961.876s][info][gc,phases      ] GC(1671) Phase 4: Move objects 31.109ms
[961.877s][info][gc,heap        ] GC(1671) DefNew: 588374K(629120K)->0K(629120K) Eden: 559232K(559232K)->0K(559232K) From: 29142K(69888K)->0K(69888K)
[961.877s][info][gc,heap        ] GC(1671) Tenured: 1352300K(1398144K)->1213119K(1398144K)
[961.877s][info][gc,metaspace   ] GC(1671) Metaspace: 121623K(125504K)->121623K(125504K) NonClass: 105406K(106048K)->105406K(106048K) Class: 16216K(19456K)->16216K(19456K)
[961.877s][info][gc             ] GC(1671) Pause Full (Allocation Failure) 1895M->1184M(1979M) 279.041ms
[961.877s][info][gc,cpu         ] GC(1671) User=0.27s Sys=0.00s Real=0.27s
[961.922s][info][gc,start       ] GC(1672) Pause Young (Allocation Failure)
[961.933s][info][gc,heap        ] GC(1672) DefNew: 558077K(629120K)->26693K(629120K) Eden: 558077K(559232K)->0K(559232K) From: 0K(69888K)->26693K(69888K)
[961.933s][info][gc,heap        ] GC(1672) Tenured: 1213119K(1398144K)->1213119K(1398144K)
[961.933s][info][gc,metaspace   ] GC(1672) Metaspace: 121623K(125504K)->121623K(125504K) NonClass: 105406K(106048K)->105406K(106048K) Class: 16216K(19456K)->16216K(19456K)
[961.933s][info][gc             ] GC(1672) Pause Young (Allocation Failure) 1729M->1210M(1979M) 10.837ms
[961.933s][info][gc,cpu         ] GC(1672) User=0.03s Sys=0.00s Real=0.02s
[961.970s][info][gc,start       ] GC(1673) Pause Young (Allocation Failure)
[961.996s][info][gc,heap        ] GC(1673) DefNew: 585925K(629120K)->66146K(629120K) Eden: 559232K(559232K)->0K(559232K) From: 26693K(69888K)->66146K(69888K)
[961.996s][info][gc,heap        ] GC(1673) Tenured: 1213119K(1398144K)->1238120K(1398144K)
[961.996s][info][gc,metaspace   ] GC(1673) Metaspace: 121623K(125504K)->121623K(125504K) NonClass: 105406K(106048K)->105406K(106048K) Class: 16216K(19456K)->16216K(19456K)
[961.996s][info][gc             ] GC(1673) Pause Young (Allocation Failure) 1756M->1273M(1979M) 25.958ms
[961.996s][info][gc,cpu         ] GC(1673) User=0.06s Sys=0.00s Real=0.03s
[962.042s][info][gc,start       ] GC(1674) Pause Young (Allocation Failure)
[962.077s][info][gc,heap        ] GC(1674) DefNew: 625378K(629120K)->69887K(629120K) Eden: 559232K(559232K)->0K(559232K) From: 66146K(69888K)->69887K(69888K)
[962.077s][info][gc,heap        ] GC(1674) Tenured: 1238120K(1398144K)->1292012K(1398144K)
[962.077s][info][gc,metaspace   ] GC(1674) Metaspace: 121623K(125504K)->121623K(125504K) NonClass: 105406K(106048K)->105406K(106048K) Class: 16216K(19456K)->16216K(19456K)
[962.077s][info][gc             ] GC(1674) Pause Young (Allocation Failure) 1819M->1329M(1979M) 34.296ms
[962.077s][info][gc,cpu         ] GC(1674) User=0.06s Sys=0.00s Real=0.03s
[962.116s][info][gc,start       ] GC(1675) Pause Young (Allocation Failure)
[962.147s][info][gc,heap        ] GC(1675) DefNew: 628670K(629120K)->65184K(629120K) Eden: 558782K(559232K)->0K(559232K) From: 69887K(69888K)->65184K(69888K)
[962.147s][info][gc,heap        ] GC(1675) Tenured: 1292012K(1398144K)->1339287K(1398144K)
[962.147s][info][gc,metaspace   ] GC(1675) Metaspace: 121623K(125504K)->121623K(125504K) NonClass: 105406K(106048K)->105406K(106048K) Class: 16216K(19456K)->16216K(19456K)
[962.147s][info][gc             ] GC(1675) Pause Young (Allocation Failure) 1875M->1371M(1979M) 31.621ms
[962.147s][info][gc,cpu         ] GC(1675) User=0.03s Sys=0.00s Real=0.03s
[962.184s][info][gc,start       ] GC(1676) Pause Young (Allocation Failure)
[962.184s][info][gc             ] GC(1676) Pause Young (Allocation Failure) 1917M->1917M(1979M) 0.128ms
[962.184s][info][gc,cpu         ] GC(1676) User=0.00s Sys=0.00s Real=0.00s
[962.184s][info][gc,start       ] GC(1677) Pause Full (Allocation Failure)
[962.185s][info][gc,phases,start] GC(1677) Phase 1: Mark live objects
[962.242s][info][gc,phases      ] GC(1677) Phase 1: Mark live objects 57.746ms
[962.242s][info][gc,phases,start] GC(1677) Phase 2: Compute new object addresses
[962.394s][info][gc,phases      ] GC(1677) Phase 2: Compute new object addresses 151.617ms
[962.394s][info][gc,phases,start] GC(1677) Phase 3: Adjust pointers
[962.428s][info][gc,phases      ] GC(1677) Phase 3: Adjust pointers 34.359ms
[962.428s][info][gc,phases,start] GC(1677) Phase 4: Move objects
[962.481s][info][gc,phases      ] GC(1677) Phase 4: Move objects 52.924ms
[962.482s][info][gc,heap        ] GC(1677) DefNew: 624416K(629120K)->0K(629120K) Eden: 559232K(559232K)->0K(559232K) From: 65184K(69888K)->0K(69888K)
[962.482s][info][gc,heap        ] GC(1677) Tenured: 1339287K(1398144K)->1203872K(1398144K)
[962.482s][info][gc,metaspace   ] GC(1677) Metaspace: 121623K(125504K)->121623K(125504K) NonClass: 105406K(106048K)->105406K(106048K) Class: 16216K(19456K)->16216K(19456K)
[962.482s][info][gc             ] GC(1677) Pause Full (Allocation Failure) 1917M->1175M(1979M) 297.837ms
[962.482s][info][gc,cpu         ] GC(1677) User=0.30s Sys=0.00s Real=0.30s
[962.519s][info][gc,start       ] GC(1678) Pause Young (Allocation Failure)
[962.533s][info][gc,heap        ] GC(1678) DefNew: 559232K(629120K)->47121K(629120K) Eden: 559232K(559232K)->0K(559232K) From: 0K(69888K)->47121K(69888K)
[962.533s][info][gc,heap        ] GC(1678) Tenured: 1203872K(1398144K)->1203872K(1398144K)
[962.533s][info][gc,metaspace   ] GC(1678) Metaspace: 121623K(125504K)->121623K(125504K) NonClass: 105406K(106048K)->105406K(106048K) Class: 16216K(19456K)->16216K(19456K)
[962.533s][info][gc             ] GC(1678) Pause Young (Allocation Failure) 1721M->1221M(1979M) 13.367ms
[962.533s][info][gc,cpu         ] GC(1678) User=0.02s Sys=0.00s Real=0.02s
[962.564s][info][gc,start       ] GC(1679) Pause Young (Allocation Failure)
[962.591s][info][gc,heap        ] GC(1679) DefNew: 606353K(629120K)->69835K(629120K) Eden: 559232K(559232K)->0K(559232K) From: 47121K(69888K)->69835K(69888K)
[962.591s][info][gc,heap        ] GC(1679) Tenured: 1203872K(1398144K)->1238790K(1398144K)
[962.591s][info][gc,metaspace   ] GC(1679) Metaspace: 121623K(125504K)->121623K(125504K) NonClass: 105406K(106048K)->105406K(106048K) Class: 16216K(19456K)->16216K(19456K)
[962.591s][info][gc             ] GC(1679) Pause Young (Allocation Failure) 1767M->1277M(1979M) 26.631ms
[962.591s][info][gc,cpu         ] GC(1679) User=0.03s Sys=0.00s Real=0.03s
[962.624s][info][gc,start       ] GC(1680) Pause Young (Allocation Failure)
[962.653s][info][gc,heap        ] GC(1680) DefNew: 629067K(629120K)->68576K(629120K) Eden: 559232K(559232K)->0K(559232K) From: 69835K(69888K)->68576K(69888K)
[962.653s][info][gc,heap        ] GC(1680) Tenured: 1238790K(1398144K)->1288582K(1398144K)
[962.653s][info][gc,metaspace   ] GC(1680) Metaspace: 121623K(125504K)->121623K(125504K) NonClass: 105406K(106048K)->105406K(106048K) Class: 16216K(19456K)->16216K(19456K)
[962.653s][info][gc             ] GC(1680) Pause Young (Allocation Failure) 1824M->1325M(1979M) 28.790ms
[962.653s][info][gc,cpu         ] GC(1680) User=0.03s Sys=0.00s Real=0.03s
[962.685s][info][gc,start       ] GC(1681) Pause Young (Allocation Failure)
[962.713s][info][gc,heap        ] GC(1681) DefNew: 627808K(629120K)->62597K(629120K) Eden: 559232K(559232K)->0K(559232K) From: 68576K(69888K)->62597K(69888K)
[962.713s][info][gc,heap        ] GC(1681) Tenured: 1288582K(1398144K)->1341973K(1398144K)
[962.713s][info][gc,metaspace   ] GC(1681) Metaspace: 121623K(125504K)->121623K(125504K) NonClass: 105406K(106048K)->105406K(106048K) Class: 16216K(19456K)->16216K(19456K)
[962.714s][info][gc             ] GC(1681) Pause Young (Allocation Failure) 1871M->1371M(1979M) 28.594ms
[962.714s][info][gc,cpu         ] GC(1681) User=0.02s Sys=0.00s Real=0.02s
[962.746s][info][gc,start       ] GC(1682) Pause Young (Allocation Failure)
[962.747s][info][gc             ] GC(1682) Pause Young (Allocation Failure) 1917M->1917M(1979M) 0.122ms
[962.747s][info][gc,cpu         ] GC(1682) User=0.00s Sys=0.00s Real=0.00s
[962.747s][info][gc,start       ] GC(1683) Pause Full (Allocation Failure)
[962.747s][info][gc,phases,start] GC(1683) Phase 1: Mark live objects
[962.811s][info][gc,phases      ] GC(1683) Phase 1: Mark live objects 64.197ms
[962.811s][info][gc,phases,start] GC(1683) Phase 2: Compute new object addresses
[962.963s][info][gc,phases      ] GC(1683) Phase 2: Compute new object addresses 151.762ms
[962.963s][info][gc,phases,start] GC(1683) Phase 3: Adjust pointers
[962.996s][info][gc,phases      ] GC(1683) Phase 3: Adjust pointers 33.104ms
[962.996s][info][gc,phases,start] GC(1683) Phase 4: Move objects
[963.019s][info][gc,phases      ] GC(1683) Phase 4: Move objects 23.194ms
[963.020s][info][gc,heap        ] GC(1683) DefNew: 621829K(629120K)->0K(629120K) Eden: 559232K(559232K)->0K(559232K) From: 62597K(69888K)->0K(69888K)
[963.020s][info][gc,heap        ] GC(1683) Tenured: 1341973K(1398144K)->1341617K(1398144K)
[963.020s][info][gc,metaspace   ] GC(1683) Metaspace: 121623K(125504K)->121623K(125504K) NonClass: 105406K(106048K)->105406K(106048K) Class: 16216K(19456K)->16216K(19456K)
[963.020s][info][gc             ] GC(1683) Pause Full (Allocation Failure) 1917M->1310M(1979M) 273.389ms
[963.020s][info][gc,cpu         ] GC(1683) User=0.27s Sys=0.00s Real=0.26s
[963.058s][info][gc,start       ] GC(1684) Pause Young (Allocation Failure)
[963.058s][info][gc             ] GC(1684) Pause Young (Allocation Failure) 1855M->1855M(1979M) 0.130ms
[963.058s][info][gc,cpu         ] GC(1684) User=0.00s Sys=0.00s Real=0.00s
[963.058s][info][gc,start       ] GC(1685) Pause Full (Allocation Failure)
[963.058s][info][gc,phases,start] GC(1685) Phase 1: Mark live objects
[963.114s][info][gc,phases      ] GC(1685) Phase 1: Mark live objects 55.746ms
[963.114s][info][gc,phases,start] GC(1685) Phase 2: Compute new object addresses
[963.269s][info][gc,phases      ] GC(1685) Phase 2: Compute new object addresses 155.039ms
[963.269s][info][gc,phases,start] GC(1685) Phase 3: Adjust pointers
[963.303s][info][gc,phases      ] GC(1685) Phase 3: Adjust pointers 33.673ms
[963.303s][info][gc,phases,start] GC(1685) Phase 4: Move objects
[963.322s][info][gc,phases      ] GC(1685) Phase 4: Move objects 19.255ms
[963.323s][info][gc,heap        ] GC(1685) DefNew: 558690K(629120K)->0K(629120K) Eden: 558690K(559232K)->0K(559232K) From: 0K(69888K)->0K(69888K)
[963.323s][info][gc,heap        ] GC(1685) Tenured: 1341617K(1398144K)->1370225K(1398144K)
[963.323s][info][gc,metaspace   ] GC(1685) Metaspace: 121623K(125504K)->121623K(125504K) NonClass: 105406K(106048K)->105406K(106048K) Class: 16216K(19456K)->16216K(19456K)
[963.323s][info][gc             ] GC(1685) Pause Full (Allocation Failure) 1855M->1338M(1979M) 264.841ms
[963.323s][info][gc,cpu         ] GC(1685) User=0.27s Sys=0.00s Real=0.27s
[963.360s][info][gc,start       ] GC(1686) Pause Young (Allocation Failure)
[963.360s][info][gc             ] GC(1686) Pause Young (Allocation Failure) 1884M->1884M(1979M) 0.139ms
[963.360s][info][gc,cpu         ] GC(1686) User=0.00s Sys=0.00s Real=0.00s
[963.360s][info][gc,start       ] GC(1687) Pause Full (Allocation Failure)
[963.360s][info][gc,phases,start] GC(1687) Phase 1: Mark live objects
[963.417s][info][gc,phases      ] GC(1687) Phase 1: Mark live objects 57.087ms
[963.417s][info][gc,phases,start] GC(1687) Phase 2: Compute new object addresses
[963.555s][info][gc,phases      ] GC(1687) Phase 2: Compute new object addresses 137.824ms
[963.555s][info][gc,phases,start] GC(1687) Phase 3: Adjust pointers
[963.588s][info][gc,phases      ] GC(1687) Phase 3: Adjust pointers 33.128ms
[963.588s][info][gc,phases,start] GC(1687) Phase 4: Move objects
[963.611s][info][gc,phases      ] GC(1687) Phase 4: Move objects 23.024ms
[963.612s][info][gc,heap        ] GC(1687) DefNew: 559232K(629120K)->0K(629120K) Eden: 559232K(559232K)->0K(559232K) From: 0K(69888K)->0K(69888K)
[963.612s][info][gc,heap        ] GC(1687) Tenured: 1370225K(1398144K)->1370941K(1398144K)
[963.612s][info][gc,metaspace   ] GC(1687) Metaspace: 121623K(125504K)->121623K(125504K) NonClass: 105406K(106048K)->105406K(106048K) Class: 16216K(19456K)->16216K(19456K)
[963.612s][info][gc             ] GC(1687) Pause Full (Allocation Failure) 1884M->1338M(1979M) 252.247ms
[963.612s][info][gc,cpu         ] GC(1687) User=0.25s Sys=0.00s Real=0.25s
[963.648s][info][gc,start       ] GC(1688) Pause Young (Allocation Failure)
[963.648s][info][gc             ] GC(1688) Pause Young (Allocation Failure) 1884M->1884M(1979M) 0.133ms
[963.648s][info][gc,cpu         ] GC(1688) User=0.00s Sys=0.00s Real=0.00s
[963.648s][info][gc,start       ] GC(1689) Pause Full (Allocation Failure)
[963.648s][info][gc,phases,start] GC(1689) Phase 1: Mark live objects
[963.705s][info][gc,phases      ] GC(1689) Phase 1: Mark live objects 56.862ms
[963.705s][info][gc,phases,start] GC(1689) Phase 2: Compute new object addresses
[963.861s][info][gc,phases      ] GC(1689) Phase 2: Compute new object addresses 156.298ms
[963.861s][info][gc,phases,start] GC(1689) Phase 3: Adjust pointers
[963.896s][info][gc,phases      ] GC(1689) Phase 3: Adjust pointers 34.962ms
[963.896s][info][gc,phases,start] GC(1689) Phase 4: Move objects
[963.968s][info][gc,phases      ] GC(1689) Phase 4: Move objects 71.619ms
[963.969s][info][gc,heap        ] GC(1689) DefNew: 559232K(629120K)->0K(629120K) Eden: 559232K(559232K)->0K(559232K) From: 0K(69888K)->0K(69888K)
[963.969s][info][gc,heap        ] GC(1689) Tenured: 1370941K(1398144K)->1309939K(1398144K)
[963.969s][info][gc,metaspace   ] GC(1689) Metaspace: 121623K(125504K)->121623K(125504K) NonClass: 105406K(106048K)->105406K(106048K) Class: 16216K(19456K)->16216K(19456K)
[963.969s][info][gc             ] GC(1689) Pause Full (Allocation Failure) 1884M->1279M(1979M) 321.052ms
[963.969s][info][gc,cpu         ] GC(1689) User=0.33s Sys=0.00s Real=0.33s
[964.001s][info][gc,start       ] GC(1690) Pause Young (Allocation Failure)
[964.018s][info][gc,heap        ] GC(1690) DefNew: 559232K(629120K)->61034K(629120K) Eden: 559232K(559232K)->0K(559232K) From: 0K(69888K)->61034K(69888K)
[964.018s][info][gc,heap        ] GC(1690) Tenured: 1309939K(1398144K)->1309939K(1398144K)
[964.018s][info][gc,metaspace   ] GC(1690) Metaspace: 121623K(125504K)->121623K(125504K) NonClass: 105406K(106048K)->105406K(106048K) Class: 16216K(19456K)->16216K(19456K)
[964.018s][info][gc             ] GC(1690) Pause Young (Allocation Failure) 1825M->1338M(1979M) 16.283ms
[964.018s][info][gc,cpu         ] GC(1690) User=0.02s Sys=0.00s Real=0.02s
[964.047s][info][gc,start       ] GC(1691) Pause Young (Allocation Failure)
[964.069s][info][gc,heap        ] GC(1691) DefNew: 620266K(629120K)->39213K(629120K) Eden: 559232K(559232K)->0K(559232K) From: 61034K(69888K)->39213K(69888K)
[964.069s][info][gc,heap        ] GC(1691) Tenured: 1309939K(1398144K)->1360213K(1398144K)
[964.069s][info][gc,metaspace   ] GC(1691) Metaspace: 121623K(125504K)->121623K(125504K) NonClass: 105406K(106048K)->105406K(106048K) Class: 16216K(19456K)->16216K(19456K)
[964.069s][info][gc             ] GC(1691) Pause Young (Allocation Failure) 1884M->1366M(1979M) 22.131ms
[964.069s][info][gc,cpu         ] GC(1691) User=0.03s Sys=0.00s Real=0.03s
[964.099s][info][gc,start       ] GC(1692) Pause Young (Allocation Failure)
[964.100s][info][gc             ] GC(1692) Pause Young (Allocation Failure) 1912M->1912M(1979M) 0.120ms
[964.100s][info][gc,cpu         ] GC(1692) User=0.00s Sys=0.00s Real=0.00s
[964.100s][info][gc,start       ] GC(1693) Pause Full (Allocation Failure)
[964.100s][info][gc,phases,start] GC(1693) Phase 1: Mark live objects
[964.156s][info][gc,phases      ] GC(1693) Phase 1: Mark live objects 56.597ms
[964.156s][info][gc,phases,start] GC(1693) Phase 2: Compute new object addresses
[964.294s][info][gc,phases      ] GC(1693) Phase 2: Compute new object addresses 138.189ms
[964.294s][info][gc,phases,start] GC(1693) Phase 3: Adjust pointers
[964.329s][info][gc,phases      ] GC(1693) Phase 3: Adjust pointers 34.192ms
[964.329s][info][gc,phases,start] GC(1693) Phase 4: Move objects
[964.350s][info][gc,phases      ] GC(1693) Phase 4: Move objects 21.087ms
[964.351s][info][gc,heap        ] GC(1693) DefNew: 598445K(629120K)->9375K(629120K) Eden: 559232K(559232K)->9375K(559232K) From: 39213K(69888K)->0K(69888K)
[964.351s][info][gc,heap        ] GC(1693) Tenured: 1360213K(1398144K)->1395019K(1398144K)
[964.351s][info][gc,metaspace   ] GC(1693) Metaspace: 121623K(125504K)->121623K(125504K) NonClass: 105406K(106048K)->105406K(106048K) Class: 16216K(19456K)->16216K(19456K)
[964.351s][info][gc             ] GC(1693) Pause Full (Allocation Failure) 1912M->1371M(1979M) 251.244ms
[964.351s][info][gc,cpu         ] GC(1693) User=0.25s Sys=0.00s Real=0.25s
[966.064s][info][gc,start       ] GC(1694) Pause Full (Allocation Failure)
[966.065s][info][gc,phases,start] GC(1694) Phase 1: Mark live objects
[966.121s][info][gc,phases      ] GC(1694) Phase 1: Mark live objects 56.652ms
[966.121s][info][gc,phases,start] GC(1694) Phase 2: Compute new object addresses
[966.282s][info][gc,phases      ] GC(1694) Phase 2: Compute new object addresses 160.496ms
[966.282s][info][gc,phases,start] GC(1694) Phase 3: Adjust pointers
[966.316s][info][gc,phases      ] GC(1694) Phase 3: Adjust pointers 34.254ms
[966.316s][info][gc,phases,start] GC(1694) Phase 4: Move objects
[966.333s][info][gc,phases      ] GC(1694) Phase 4: Move objects 16.845ms
[966.334s][info][gc,heap        ] GC(1694) DefNew: 628226K(629120K)->35505K(629120K) Eden: 559232K(559232K)->35505K(559232K) From: 68994K(69888K)->0K(69888K)
[966.334s][info][gc,heap        ] GC(1694) Tenured: 1395019K(1398144K)->1394866K(1398144K)
[966.334s][info][gc,metaspace   ] GC(1694) Metaspace: 121623K(125504K)->121623K(125504K) NonClass: 105406K(106048K)->105406K(106048K) Class: 16216K(19456K)->16216K(19456K)
[966.334s][info][gc             ] GC(1694) Pause Full (Allocation Failure) 1975M->1396M(1979M) 269.475ms
[966.334s][info][gc,cpu         ] GC(1694) User=0.27s Sys=0.00s Real=0.27s
[968.170s][info][gc,start       ] GC(1695) Pause Full (Allocation Failure)
[968.170s][info][gc,phases,start] GC(1695) Phase 1: Mark live objects
[968.227s][info][gc,phases      ] GC(1695) Phase 1: Mark live objects 56.985ms
[968.227s][info][gc,phases,start] GC(1695) Phase 2: Compute new object addresses
[968.386s][info][gc,phases      ] GC(1695) Phase 2: Compute new object addresses 158.391ms
[968.386s][info][gc,phases,start] GC(1695) Phase 3: Adjust pointers
[968.420s][info][gc,phases      ] GC(1695) Phase 3: Adjust pointers 34.442ms
[968.420s][info][gc,phases,start] GC(1695) Phase 4: Move objects
[968.439s][info][gc,phases      ] GC(1695) Phase 4: Move objects 18.888ms
[968.440s][info][gc,heap        ] GC(1695) DefNew: 629119K(629120K)->45855K(629120K) Eden: 559232K(559232K)->45855K(559232K) From: 69887K(69888K)->0K(69888K)
[968.440s][info][gc,heap        ] GC(1695) Tenured: 1398143K(1398144K)->1396636K(1398144K)
[968.440s][info][gc,metaspace   ] GC(1695) Metaspace: 121623K(125504K)->121623K(125504K) NonClass: 105406K(106048K)->105406K(106048K) Class: 16216K(19456K)->16216K(19456K)
[968.440s][info][gc             ] GC(1695) Pause Full (Allocation Failure) 1979M->1408M(1979M) 269.970ms
[968.440s][info][gc,cpu         ] GC(1695) User=0.28s Sys=0.00s Real=0.28s
[970.631s][info][gc,start       ] GC(1696) Pause Full (Allocation Failure)
[970.632s][info][gc,phases,start] GC(1696) Phase 1: Mark live objects
[970.689s][info][gc,phases      ] GC(1696) Phase 1: Mark live objects 57.558ms
[970.689s][info][gc,phases,start] GC(1696) Phase 2: Compute new object addresses
[970.846s][info][gc,phases      ] GC(1696) Phase 2: Compute new object addresses 157.029ms
[970.846s][info][gc,phases,start] GC(1696) Phase 3: Adjust pointers
[970.883s][info][gc,phases      ] GC(1696) Phase 3: Adjust pointers 36.777ms
[970.883s][info][gc,phases,start] GC(1696) Phase 4: Move objects
[970.959s][info][gc,phases      ] GC(1696) Phase 4: Move objects 76.098ms
[970.960s][info][gc,heap        ] GC(1696) DefNew: 629119K(629120K)->0K(629120K) Eden: 559232K(559232K)->0K(559232K) From: 69887K(69888K)->0K(69888K)
[970.960s][info][gc,heap        ] GC(1696) Tenured: 1398143K(1398144K)->1392980K(1398144K)
[970.960s][info][gc,metaspace   ] GC(1696) Metaspace: 121623K(125504K)->121623K(125504K) NonClass: 105406K(106048K)->105406K(106048K) Class: 16216K(19456K)->16216K(19456K)
[970.960s][info][gc             ] GC(1696) Pause Full (Allocation Failure) 1979M->1360M(1979M) 328.799ms
[970.960s][info][gc,cpu         ] GC(1696) User=0.33s Sys=0.00s Real=0.33s
[970.999s][info][gc,start       ] GC(1697) Pause Young (Allocation Failure)
[970.999s][info][gc             ] GC(1697) Pause Young (Allocation Failure) 1906M->1906M(1979M) 0.130ms
[970.999s][info][gc,cpu         ] GC(1697) User=0.00s Sys=0.00s Real=0.00s
[970.999s][info][gc,start       ] GC(1698) Pause Full (Allocation Failure)
[970.999s][info][gc,phases,start] GC(1698) Phase 1: Mark live objects
[971.056s][info][gc,phases      ] GC(1698) Phase 1: Mark live objects 56.939ms
[971.056s][info][gc,phases,start] GC(1698) Phase 2: Compute new object addresses
[971.202s][info][gc,phases      ] GC(1698) Phase 2: Compute new object addresses 145.568ms
[971.202s][info][gc,phases,start] GC(1698) Phase 3: Adjust pointers
[971.236s][info][gc,phases      ] GC(1698) Phase 3: Adjust pointers 34.284ms
[971.236s][info][gc,phases,start] GC(1698) Phase 4: Move objects
[971.245s][info][gc,phases      ] GC(1698) Phase 4: Move objects 9.122ms
[971.246s][info][gc,heap        ] GC(1698) DefNew: 559232K(629120K)->38120K(629120K) Eden: 559232K(559232K)->38120K(559232K) From: 0K(69888K)->0K(69888K)
[971.246s][info][gc,heap        ] GC(1698) Tenured: 1392980K(1398144K)->1396127K(1398144K)
[971.246s][info][gc,metaspace   ] GC(1698) Metaspace: 121623K(125504K)->121623K(125504K) NonClass: 105407K(106048K)->105407K(106048K) Class: 16216K(19456K)->16216K(19456K)
[971.246s][info][gc             ] GC(1698) Pause Full (Allocation Failure) 1906M->1400M(1979M) 247.027ms
[971.246s][info][gc,cpu         ] GC(1698) User=0.23s Sys=0.00s Real=0.24s
[973.101s][info][gc,start       ] GC(1699) Pause Full (Allocation Failure)
[973.101s][info][gc,phases,start] GC(1699) Phase 1: Mark live objects
[973.164s][info][gc,phases      ] GC(1699) Phase 1: Mark live objects 62.683ms
[973.164s][info][gc,phases,start] GC(1699) Phase 2: Compute new object addresses
[973.321s][info][gc,phases      ] GC(1699) Phase 2: Compute new object addresses 157.064ms
[973.321s][info][gc,phases,start] GC(1699) Phase 3: Adjust pointers
[973.356s][info][gc,phases      ] GC(1699) Phase 3: Adjust pointers 34.775ms
[973.356s][info][gc,phases,start] GC(1699) Phase 4: Move objects
[973.369s][info][gc,phases      ] GC(1699) Phase 4: Move objects 12.934ms
[973.370s][info][gc,heap        ] GC(1699) DefNew: 629120K(629120K)->57895K(629120K) Eden: 559232K(559232K)->57895K(559232K) From: 69888K(69888K)->0K(69888K)
[973.370s][info][gc,heap        ] GC(1699) Tenured: 1398143K(1398144K)->1398143K(1398144K)
[973.370s][info][gc,metaspace   ] GC(1699) Metaspace: 121623K(125504K)->121623K(125504K) NonClass: 105407K(106048K)->105407K(106048K) Class: 16216K(19456K)->16216K(19456K)
[973.370s][info][gc             ] GC(1699) Pause Full (Allocation Failure) 1979M->1421M(1979M) 268.705ms
[973.370s][info][gc,cpu         ] GC(1699) User=0.27s Sys=0.00s Real=0.27s
[975.742s][info][gc,start       ] GC(1700) Pause Full (Allocation Failure)
[975.742s][info][gc,phases,start] GC(1700) Phase 1: Mark live objects
[975.798s][info][gc,phases      ] GC(1700) Phase 1: Mark live objects 56.481ms
[975.798s][info][gc,phases,start] GC(1700) Phase 2: Compute new object addresses
[975.961s][info][gc,phases      ] GC(1700) Phase 2: Compute new object addresses 162.904ms
[975.961s][info][gc,phases,start] GC(1700) Phase 3: Adjust pointers
[975.996s][info][gc,phases      ] GC(1700) Phase 3: Adjust pointers 35.322ms
[975.997s][info][gc,phases,start] GC(1700) Phase 4: Move objects
[976.007s][info][gc,phases      ] GC(1700) Phase 4: Move objects 10.953ms
[976.008s][info][gc,heap        ] GC(1700) DefNew: 629119K(629120K)->55141K(629120K) Eden: 559232K(559232K)->55141K(559232K) From: 69887K(69888K)->0K(69888K)
[976.008s][info][gc,heap        ] GC(1700) Tenured: 1398143K(1398144K)->1398143K(1398144K)
[976.008s][info][gc,metaspace   ] GC(1700) Metaspace: 121623K(125504K)->121623K(125504K) NonClass: 105407K(106048K)->105407K(106048K) Class: 16216K(19456K)->16216K(19456K)
[976.008s][info][gc             ] GC(1700) Pause Full (Allocation Failure) 1979M->1419M(1979M) 266.898ms
[976.008s][info][gc,cpu         ] GC(1700) User=0.27s Sys=0.00s Real=0.27s
[977.941s][info][gc,start       ] GC(1701) Pause Full (Allocation Failure)
[977.941s][info][gc,phases,start] GC(1701) Phase 1: Mark live objects
[977.997s][info][gc,phases      ] GC(1701) Phase 1: Mark live objects 55.921ms
[977.997s][info][gc,phases,start] GC(1701) Phase 2: Compute new object addresses
[978.154s][info][gc,phases      ] GC(1701) Phase 2: Compute new object addresses 157.597ms
[978.154s][info][gc,phases,start] GC(1701) Phase 3: Adjust pointers
[978.188s][info][gc,phases      ] GC(1701) Phase 3: Adjust pointers 33.274ms
[978.188s][info][gc,phases,start] GC(1701) Phase 4: Move objects
[978.278s][info][gc,phases      ] GC(1701) Phase 4: Move objects 90.713ms
[978.279s][info][gc,heap        ] GC(1701) DefNew: 629119K(629120K)->3869K(629120K) Eden: 559232K(559232K)->3869K(559232K) From: 69887K(69888K)->0K(69888K)
[978.279s][info][gc,heap        ] GC(1701) Tenured: 1398143K(1398144K)->1396349K(1398144K)
[978.279s][info][gc,metaspace   ] GC(1701) Metaspace: 121631K(125504K)->121631K(125504K) NonClass: 105415K(106048K)->105415K(106048K) Class: 16216K(19456K)->16216K(19456K)
[978.279s][info][gc             ] GC(1701) Pause Full (Allocation Failure) 1979M->1367M(1979M) 338.747ms
[978.279s][info][gc,cpu         ] GC(1701) User=0.34s Sys=0.00s Real=0.34s
[980.578s][info][gc,start       ] GC(1702) Pause Full (Allocation Failure)
[980.578s][info][gc,phases,start] GC(1702) Phase 1: Mark live objects
[980.635s][info][gc,phases      ] GC(1702) Phase 1: Mark live objects 57.308ms
[980.635s][info][gc,phases,start] GC(1702) Phase 2: Compute new object addresses
[980.813s][info][gc,phases      ] GC(1702) Phase 2: Compute new object addresses 177.252ms
[980.813s][info][gc,phases,start] GC(1702) Phase 3: Adjust pointers
[980.851s][info][gc,phases      ] GC(1702) Phase 3: Adjust pointers 38.025ms
[980.851s][info][gc,phases,start] GC(1702) Phase 4: Move objects
[980.851s][info][gc,phases      ] GC(1702) Phase 4: Move objects 0.079ms
[980.852s][info][gc,heap        ] GC(1702) DefNew: 629120K(629120K)->3816K(629120K) Eden: 559232K(559232K)->3816K(559232K) From: 69888K(69888K)->0K(69888K)
[980.852s][info][gc,heap        ] GC(1702) Tenured: 1398143K(1398144K)->1398143K(1398144K)
[980.852s][info][gc,metaspace   ] GC(1702) Metaspace: 121631K(125504K)->121631K(125504K) NonClass: 105415K(106048K)->105415K(106048K) Class: 16216K(19456K)->16216K(19456K)
[980.852s][info][gc             ] GC(1702) Pause Full (Allocation Failure) 1979M->1369M(1979M) 274.281ms
[980.852s][info][gc,cpu         ] GC(1702) User=0.28s Sys=0.00s Real=0.27s
[983.149s][info][gc,start       ] GC(1703) Pause Full (Allocation Failure)
[983.149s][info][gc,phases,start] GC(1703) Phase 1: Mark live objects
[983.215s][info][gc,phases      ] GC(1703) Phase 1: Mark live objects 65.768ms
[983.215s][info][gc,phases,start] GC(1703) Phase 2: Compute new object addresses
[983.392s][info][gc,phases      ] GC(1703) Phase 2: Compute new object addresses 176.830ms
[983.392s][info][gc,phases,start] GC(1703) Phase 3: Adjust pointers
[983.425s][info][gc,phases      ] GC(1703) Phase 3: Adjust pointers 32.799ms
[983.425s][info][gc,phases,start] GC(1703) Phase 4: Move objects
[983.425s][info][gc,phases      ] GC(1703) Phase 4: Move objects 0.031ms
[983.425s][info][gc,heap        ] GC(1703) DefNew: 629119K(629120K)->3879K(629120K) Eden: 559232K(559232K)->3879K(559232K) From: 69887K(69888K)->0K(69888K)
[983.425s][info][gc,heap        ] GC(1703) Tenured: 1398143K(1398144K)->1398143K(1398144K)
[983.426s][info][gc,metaspace   ] GC(1703) Metaspace: 121631K(125504K)->121631K(125504K) NonClass: 105415K(106048K)->105415K(106048K) Class: 16216K(19456K)->16216K(19456K)
[983.426s][info][gc             ] GC(1703) Pause Full (Allocation Failure) 1979M->1369M(1979M) 276.591ms
[983.426s][info][gc,cpu         ] GC(1703) User=0.27s Sys=0.00s Real=0.27s
[985.747s][info][gc,start       ] GC(1704) Pause Full (Allocation Failure)
[985.747s][info][gc,phases,start] GC(1704) Phase 1: Mark live objects
[985.813s][info][gc,phases      ] GC(1704) Phase 1: Mark live objects 66.338ms
[985.813s][info][gc,phases,start] GC(1704) Phase 2: Compute new object addresses
[985.999s][info][gc,phases      ] GC(1704) Phase 2: Compute new object addresses 185.885ms
[985.999s][info][gc,phases,start] GC(1704) Phase 3: Adjust pointers
[986.033s][info][gc,phases      ] GC(1704) Phase 3: Adjust pointers 33.799ms
[986.033s][info][gc,phases,start] GC(1704) Phase 4: Move objects
[986.033s][info][gc,phases      ] GC(1704) Phase 4: Move objects 0.049ms
[986.034s][info][gc,heap        ] GC(1704) DefNew: 629120K(629120K)->3875K(629120K) Eden: 559232K(559232K)->3875K(559232K) From: 69888K(69888K)->0K(69888K)
[986.034s][info][gc,heap        ] GC(1704) Tenured: 1398143K(1398144K)->1398143K(1398144K)
[986.034s][info][gc,metaspace   ] GC(1704) Metaspace: 121631K(125504K)->121631K(125504K) NonClass: 105415K(106048K)->105415K(106048K) Class: 16216K(19456K)->16216K(19456K)
[986.034s][info][gc             ] GC(1704) Pause Full (Allocation Failure) 1979M->1369M(1979M) 287.312ms
[986.034s][info][gc,cpu         ] GC(1704) User=0.30s Sys=0.00s Real=0.30s
[988.178s][info][gc,start       ] GC(1705) Pause Full (Allocation Failure)
[988.179s][info][gc,phases,start] GC(1705) Phase 1: Mark live objects
[988.247s][info][gc,phases      ] GC(1705) Phase 1: Mark live objects 68.392ms
[988.247s][info][gc,phases,start] GC(1705) Phase 2: Compute new object addresses
[988.421s][info][gc,phases      ] GC(1705) Phase 2: Compute new object addresses 173.763ms
[988.421s][info][gc,phases,start] GC(1705) Phase 3: Adjust pointers
[988.454s][info][gc,phases      ] GC(1705) Phase 3: Adjust pointers 33.581ms
[988.455s][info][gc,phases,start] GC(1705) Phase 4: Move objects
[988.547s][info][gc,phases      ] GC(1705) Phase 4: Move objects 92.257ms
[988.548s][info][gc,heap        ] GC(1705) DefNew: 629119K(629120K)->0K(629120K) Eden: 559232K(559232K)->0K(559232K) From: 69887K(69888K)->0K(69888K)
[988.548s][info][gc,heap        ] GC(1705) Tenured: 1398143K(1398144K)->1371702K(1398144K)
[988.548s][info][gc,metaspace   ] GC(1705) Metaspace: 121631K(125504K)->121631K(125504K) NonClass: 105415K(106048K)->105415K(106048K) Class: 16216K(19456K)->16216K(19456K)
[988.548s][info][gc             ] GC(1705) Pause Full (Allocation Failure) 1979M->1339M(1979M) 369.436ms
[988.548s][info][gc,cpu         ] GC(1705) User=0.38s Sys=0.00s Real=0.38s
[988.600s][info][gc,start       ] GC(1706) Pause Young (Allocation Failure)
[988.601s][info][gc             ] GC(1706) Pause Young (Allocation Failure) 1885M->1885M(1979M) 0.120ms
[988.601s][info][gc,cpu         ] GC(1706) User=0.00s Sys=0.00s Real=0.00s
[988.601s][info][gc,start       ] GC(1707) Pause Full (Allocation Failure)
[988.601s][info][gc,phases,start] GC(1707) Phase 1: Mark live objects
[988.658s][info][gc,phases      ] GC(1707) Phase 1: Mark live objects 57.163ms
[988.658s][info][gc,phases,start] GC(1707) Phase 2: Compute new object addresses
[988.814s][info][gc,phases      ] GC(1707) Phase 2: Compute new object addresses 155.898ms
[988.814s][info][gc,phases,start] GC(1707) Phase 3: Adjust pointers
[988.847s][info][gc,phases      ] GC(1707) Phase 3: Adjust pointers 33.062ms
[988.847s][info][gc,phases,start] GC(1707) Phase 4: Move objects
[988.847s][info][gc,phases      ] GC(1707) Phase 4: Move objects 0.035ms
[988.848s][info][gc,heap        ] GC(1707) DefNew: 559232K(629120K)->0K(629120K) Eden: 559232K(559232K)->0K(559232K) From: 0K(69888K)->0K(69888K)
[988.848s][info][gc,heap        ] GC(1707) Tenured: 1371702K(1398144K)->1371766K(1398144K)
[988.848s][info][gc,metaspace   ] GC(1707) Metaspace: 121631K(125504K)->121631K(125504K) NonClass: 105415K(106048K)->105415K(106048K) Class: 16216K(19456K)->16216K(19456K)
[988.848s][info][gc             ] GC(1707) Pause Full (Allocation Failure) 1885M->1339M(1979M) 247.213ms
[988.848s][info][gc,cpu         ] GC(1707) User=0.23s Sys=0.00s Real=0.23s
[988.917s][info][gc,start       ] GC(1708) Pause Young (Allocation Failure)
[988.917s][info][gc             ] GC(1708) Pause Young (Allocation Failure) 1885M->1885M(1979M) 0.236ms
[988.917s][info][gc,cpu         ] GC(1708) User=0.00s Sys=0.00s Real=0.00s
[988.917s][info][gc,start       ] GC(1709) Pause Full (Allocation Failure)
[988.917s][info][gc,phases,start] GC(1709) Phase 1: Mark live objects
[988.982s][info][gc,phases      ] GC(1709) Phase 1: Mark live objects 64.935ms
[988.982s][info][gc,phases,start] GC(1709) Phase 2: Compute new object addresses
[989.149s][info][gc,phases      ] GC(1709) Phase 2: Compute new object addresses 167.267ms
[989.149s][info][gc,phases,start] GC(1709) Phase 3: Adjust pointers
[989.182s][info][gc,phases      ] GC(1709) Phase 3: Adjust pointers 33.006ms
[989.182s][info][gc,phases,start] GC(1709) Phase 4: Move objects
[989.211s][info][gc,phases      ] GC(1709) Phase 4: Move objects 28.544ms
[989.212s][info][gc,heap        ] GC(1709) DefNew: 559232K(629120K)->0K(629120K) Eden: 559232K(559232K)->0K(559232K) From: 0K(69888K)->0K(69888K)
[989.212s][info][gc,heap        ] GC(1709) Tenured: 1371766K(1398144K)->1217932K(1398144K)
[989.212s][info][gc,metaspace   ] GC(1709) Metaspace: 121631K(125504K)->121631K(125504K) NonClass: 105415K(106048K)->105415K(106048K) Class: 16216K(19456K)->16216K(19456K)
[989.212s][info][gc             ] GC(1709) Pause Full (Allocation Failure) 1885M->1189M(1979M) 294.908ms
[989.212s][info][gc,cpu         ] GC(1709) User=0.28s Sys=0.00s Real=0.29s
[989.664s][info][gc,start       ] GC(1710) Pause Full (System.gc())
[989.665s][info][gc,phases,start] GC(1710) Phase 1: Mark live objects
[989.730s][info][gc,phases      ] GC(1710) Phase 1: Mark live objects 65.448ms
[989.730s][info][gc,phases,start] GC(1710) Phase 2: Compute new object addresses
[989.816s][info][gc,phases      ] GC(1710) Phase 2: Compute new object addresses 85.564ms
[989.816s][info][gc,phases,start] GC(1710) Phase 3: Adjust pointers
[989.848s][info][gc,phases      ] GC(1710) Phase 3: Adjust pointers 32.728ms
[989.872s][info][gc,phases,start] GC(1710) Phase 4: Move objects
[989.893s][info][gc,phases      ] GC(1710) Phase 4: Move objects 20.450ms
[989.894s][info][gc,heap        ] GC(1710) DefNew: 302081K(629120K)->0K(629120K) Eden: 302081K(559232K)->0K(559232K) From: 0K(69888K)->0K(69888K)
[989.894s][info][gc,heap        ] GC(1710) Tenured: 1217932K(1398144K)->1035633K(1398144K)
[989.894s][info][gc,metaspace   ] GC(1710) Metaspace: 121632K(125504K)->121632K(125504K) NonClass: 105416K(106048K)->105416K(106048K) Class: 16216K(19456K)->16216K(19456K)
[989.894s][info][gc             ] GC(1710) Pause Full (System.gc()) 1484M->1011M(1979M) 229.535ms
[989.894s][info][gc,cpu         ] GC(1710) User=0.19s Sys=0.00s Real=0.23s
[990.014s][info][gc,start       ] GC(1711) Pause Young (Allocation Failure)
[990.029s][info][gc,heap        ] GC(1711) DefNew: 559232K(629120K)->12962K(629120K) Eden: 559232K(559232K)->0K(559232K) From: 0K(69888K)->12962K(69888K)
[990.029s][info][gc,heap        ] GC(1711) Tenured: 1035633K(1398144K)->1035633K(1398144K)
[990.029s][info][gc,metaspace   ] GC(1711) Metaspace: 121878K(125760K)->121878K(125760K) NonClass: 105661K(106304K)->105661K(106304K) Class: 16217K(19456K)->16217K(19456K)
[990.029s][info][gc             ] GC(1711) Pause Young (Allocation Failure) 1557M->1024M(1979M) 14.906ms
[990.029s][info][gc,cpu         ] GC(1711) User=0.02s Sys=0.00s Real=0.02s
[990.067s][info][gc,start       ] GC(1712) Pause Young (Allocation Failure)
[990.079s][info][gc,heap        ] GC(1712) DefNew: 572194K(629120K)->19588K(629120K) Eden: 559232K(559232K)->0K(559232K) From: 12962K(69888K)->19588K(69888K)
[990.079s][info][gc,heap        ] GC(1712) Tenured: 1035633K(1398144K)->1035633K(1398144K)
[990.079s][info][gc,metaspace   ] GC(1712) Metaspace: 121878K(125760K)->121878K(125760K) NonClass: 105661K(106304K)->105661K(106304K) Class: 16217K(19456K)->16217K(19456K)
[990.079s][info][gc             ] GC(1712) Pause Young (Allocation Failure) 1570M->1030M(1979M) 12.472ms
[990.079s][info][gc,cpu         ] GC(1712) User=0.02s Sys=0.00s Real=0.02s
[990.117s][info][gc,start       ] GC(1713) Pause Young (Allocation Failure)
[990.130s][info][gc,heap        ] GC(1713) DefNew: 578820K(629120K)->26241K(629120K) Eden: 559232K(559232K)->0K(559232K) From: 19588K(69888K)->26241K(69888K)
[990.130s][info][gc,heap        ] GC(1713) Tenured: 1035633K(1398144K)->1035633K(1398144K)
[990.130s][info][gc,metaspace   ] GC(1713) Metaspace: 121878K(125760K)->121878K(125760K) NonClass: 105661K(106304K)->105661K(106304K) Class: 16217K(19456K)->16217K(19456K)
[990.130s][info][gc             ] GC(1713) Pause Young (Allocation Failure) 1576M->1036M(1979M) 13.337ms
[990.130s][info][gc,cpu         ] GC(1713) User=0.02s Sys=0.00s Real=0.02s
[990.168s][info][gc,start       ] GC(1714) Pause Young (Allocation Failure)
[990.183s][info][gc,heap        ] GC(1714) DefNew: 585473K(629120K)->33285K(629120K) Eden: 559232K(559232K)->0K(559232K) From: 26241K(69888K)->33285K(69888K)
[990.183s][info][gc,heap        ] GC(1714) Tenured: 1035633K(1398144K)->1035633K(1398144K)
[990.183s][info][gc,metaspace   ] GC(1714) Metaspace: 121878K(125760K)->121878K(125760K) NonClass: 105661K(106304K)->105661K(106304K) Class: 16217K(19456K)->16217K(19456K)
[990.183s][info][gc             ] GC(1714) Pause Young (Allocation Failure) 1583M->1043M(1979M) 14.746ms
[990.183s][info][gc,cpu         ] GC(1714) User=0.02s Sys=0.00s Real=0.02s
[990.221s][info][gc,start       ] GC(1715) Pause Young (Allocation Failure)
[990.235s][info][gc,heap        ] GC(1715) DefNew: 592517K(629120K)->36346K(629120K) Eden: 559232K(559232K)->0K(559232K) From: 33285K(69888K)->36346K(69888K)
[990.236s][info][gc,heap        ] GC(1715) Tenured: 1035633K(1398144K)->1035633K(1398144K)
[990.236s][info][gc,metaspace   ] GC(1715) Metaspace: 121878K(125760K)->121878K(125760K) NonClass: 105661K(106304K)->105661K(106304K) Class: 16217K(19456K)->16217K(19456K)
[990.236s][info][gc             ] GC(1715) Pause Young (Allocation Failure) 1589M->1046M(1979M) 14.914ms
[990.236s][info][gc,cpu         ] GC(1715) User=0.02s Sys=0.00s Real=0.02s
[990.274s][info][gc,start       ] GC(1716) Pause Young (Allocation Failure)
[990.294s][info][gc,heap        ] GC(1716) DefNew: 595578K(629120K)->42552K(629120K) Eden: 559232K(559232K)->0K(559232K) From: 36346K(69888K)->42552K(69888K)
[990.294s][info][gc,heap        ] GC(1716) Tenured: 1035633K(1398144K)->1045074K(1398144K)
[990.294s][info][gc,metaspace   ] GC(1716) Metaspace: 121878K(125760K)->121878K(125760K) NonClass: 105661K(106304K)->105661K(106304K) Class: 16217K(19456K)->16217K(19456K)
[990.294s][info][gc             ] GC(1716) Pause Young (Allocation Failure) 1592M->1062M(1979M) 20.185ms
[990.294s][info][gc,cpu         ] GC(1716) User=0.03s Sys=0.00s Real=0.03s
[990.332s][info][gc,start       ] GC(1717) Pause Young (Allocation Failure)
[990.346s][info][gc,heap        ] GC(1717) DefNew: 601784K(629120K)->47182K(629120K) Eden: 559232K(559232K)->0K(559232K) From: 42552K(69888K)->47182K(69888K)
[990.346s][info][gc,heap        ] GC(1717) Tenured: 1045074K(1398144K)->1045178K(1398144K)
[990.346s][info][gc,metaspace   ] GC(1717) Metaspace: 121878K(125760K)->121878K(125760K) NonClass: 105661K(106304K)->105661K(106304K) Class: 16217K(19456K)->16217K(19456K)
[990.346s][info][gc             ] GC(1717) Pause Young (Allocation Failure) 1608M->1066M(1979M) 13.977ms
[990.346s][info][gc,cpu         ] GC(1717) User=0.02s Sys=0.00s Real=0.02s
[990.385s][info][gc,start       ] GC(1718) Pause Young (Allocation Failure)
[990.398s][info][gc,heap        ] GC(1718) DefNew: 606414K(629120K)->19018K(629120K) Eden: 559232K(559232K)->0K(559232K) From: 47182K(69888K)->19018K(69888K)
[990.398s][info][gc,heap        ] GC(1718) Tenured: 1045178K(1398144K)->1073312K(1398144K)
[990.398s][info][gc,metaspace   ] GC(1718) Metaspace: 121878K(125760K)->121878K(125760K) NonClass: 105661K(106304K)->105661K(106304K) Class: 16217K(19456K)->16217K(19456K)
[990.398s][info][gc             ] GC(1718) Pause Young (Allocation Failure) 1612M->1066M(1979M) 13.470ms
[990.398s][info][gc,cpu         ] GC(1718) User=0.00s Sys=0.00s Real=0.00s
[990.436s][info][gc,start       ] GC(1719) Pause Young (Allocation Failure)
[990.443s][info][gc,heap        ] GC(1719) DefNew: 578250K(629120K)->19016K(629120K) Eden: 559232K(559232K)->0K(559232K) From: 19018K(69888K)->19016K(69888K)
[990.443s][info][gc,heap        ] GC(1719) Tenured: 1073312K(1398144K)->1073312K(1398144K)
[990.443s][info][gc,metaspace   ] GC(1719) Metaspace: 121878K(125760K)->121878K(125760K) NonClass: 105661K(106304K)->105661K(106304K) Class: 16217K(19456K)->16217K(19456K)
[990.443s][info][gc             ] GC(1719) Pause Young (Allocation Failure) 1612M->1066M(1979M) 7.189ms
[990.443s][info][gc,cpu         ] GC(1719) User=0.00s Sys=0.00s Real=0.00s
[990.482s][info][gc,start       ] GC(1720) Pause Young (Allocation Failure)
[990.490s][info][gc,heap        ] GC(1720) DefNew: 578248K(629120K)->25254K(629120K) Eden: 559232K(559232K)->0K(559232K) From: 19016K(69888K)->25254K(69888K)
[990.490s][info][gc,heap        ] GC(1720) Tenured: 1073312K(1398144K)->1073312K(1398144K)
[990.490s][info][gc,metaspace   ] GC(1720) Metaspace: 121878K(125760K)->121878K(125760K) NonClass: 105661K(106304K)->105661K(106304K) Class: 16217K(19456K)->16217K(19456K)
[990.490s][info][gc             ] GC(1720) Pause Young (Allocation Failure) 1612M->1072M(1979M) 8.389ms
[990.490s][info][gc,cpu         ] GC(1720) User=0.00s Sys=0.00s Real=0.00s
[990.539s][info][gc,start       ] GC(1721) Pause Young (Allocation Failure)
[990.557s][info][gc,heap        ] GC(1721) DefNew: 584486K(629120K)->62761K(629120K) Eden: 559232K(559232K)->0K(559232K) From: 25254K(69888K)->62761K(69888K)
[990.557s][info][gc,heap        ] GC(1721) Tenured: 1073312K(1398144K)->1073312K(1398144K)
[990.557s][info][gc,metaspace   ] GC(1721) Metaspace: 121878K(125760K)->121878K(125760K) NonClass: 105661K(106304K)->105661K(106304K) Class: 16217K(19456K)->16217K(19456K)
[990.557s][info][gc             ] GC(1721) Pause Young (Allocation Failure) 1618M->1109M(1979M) 18.195ms
[990.557s][info][gc,cpu         ] GC(1721) User=0.02s Sys=0.00s Real=0.02s
[990.598s][info][gc,start       ] GC(1722) Pause Young (Allocation Failure)
[990.622s][info][gc,heap        ] GC(1722) DefNew: 621993K(629120K)->44027K(629120K) Eden: 559232K(559232K)->0K(559232K) From: 62761K(69888K)->44027K(69888K)
[990.622s][info][gc,heap        ] GC(1722) Tenured: 1073312K(1398144K)->1126448K(1398144K)
[990.622s][info][gc,metaspace   ] GC(1722) Metaspace: 121878K(125760K)->121878K(125760K) NonClass: 105661K(106304K)->105661K(106304K) Class: 16217K(19456K)->16217K(19456K)
[990.622s][info][gc             ] GC(1722) Pause Young (Allocation Failure) 1655M->1143M(1979M) 24.794ms
[990.622s][info][gc,cpu         ] GC(1722) User=0.06s Sys=0.00s Real=0.03s
[990.661s][info][gc,start       ] GC(1723) Pause Young (Allocation Failure)
[990.677s][info][gc,heap        ] GC(1723) DefNew: 603259K(629120K)->14717K(629120K) Eden: 559232K(559232K)->0K(559232K) From: 44027K(69888K)->14717K(69888K)
[990.677s][info][gc,heap        ] GC(1723) Tenured: 1126448K(1398144K)->1170203K(1398144K)
[990.677s][info][gc,metaspace   ] GC(1723) Metaspace: 121878K(125760K)->121878K(125760K) NonClass: 105661K(106304K)->105661K(106304K) Class: 16217K(19456K)->16217K(19456K)
[990.677s][info][gc             ] GC(1723) Pause Young (Allocation Failure) 1689M->1157M(1979M) 15.657ms
[990.677s][info][gc,cpu         ] GC(1723) User=0.03s Sys=0.00s Real=0.02s
[990.723s][info][gc,start       ] GC(1724) Pause Young (Allocation Failure)
[990.735s][info][gc,heap        ] GC(1724) DefNew: 573949K(629120K)->39817K(629120K) Eden: 559232K(559232K)->0K(559232K) From: 14717K(69888K)->39817K(69888K)
[990.735s][info][gc,heap        ] GC(1724) Tenured: 1170203K(1398144K)->1170203K(1398144K)
[990.735s][info][gc,metaspace   ] GC(1724) Metaspace: 121878K(125760K)->121878K(125760K) NonClass: 105661K(106304K)->105661K(106304K) Class: 16217K(19456K)->16217K(19456K)
[990.735s][info][gc             ] GC(1724) Pause Young (Allocation Failure) 1703M->1181M(1979M) 12.375ms
[990.735s][info][gc,cpu         ] GC(1724) User=0.00s Sys=0.00s Real=0.00s
[990.783s][info][gc,start       ] GC(1725) Pause Young (Allocation Failure)
[990.809s][info][gc,heap        ] GC(1725) DefNew: 599049K(629120K)->68197K(629120K) Eden: 559232K(559232K)->0K(559232K) From: 39817K(69888K)->68197K(69888K)
[990.809s][info][gc,heap        ] GC(1725) Tenured: 1170203K(1398144K)->1200966K(1398144K)
[990.809s][info][gc,metaspace   ] GC(1725) Metaspace: 121878K(125760K)->121878K(125760K) NonClass: 105661K(106304K)->105661K(106304K) Class: 16217K(19456K)->16217K(19456K)
[990.809s][info][gc             ] GC(1725) Pause Young (Allocation Failure) 1727M->1239M(1979M) 26.580ms
[990.809s][info][gc,cpu         ] GC(1725) User=0.02s Sys=0.00s Real=0.02s
[990.851s][info][gc,start       ] GC(1726) Pause Young (Allocation Failure)
[990.879s][info][gc,heap        ] GC(1726) DefNew: 627429K(629120K)->41180K(629120K) Eden: 559232K(559232K)->0K(559232K) From: 68197K(69888K)->41180K(69888K)
[990.879s][info][gc,heap        ] GC(1726) Tenured: 1200966K(1398144K)->1267167K(1398144K)
[990.879s][info][gc,metaspace   ] GC(1726) Metaspace: 121878K(125760K)->121878K(125760K) NonClass: 105661K(106304K)->105661K(106304K) Class: 16217K(19456K)->16217K(19456K)
[990.879s][info][gc             ] GC(1726) Pause Young (Allocation Failure) 1785M->1277M(1979M) 28.296ms
[990.879s][info][gc,cpu         ] GC(1726) User=0.03s Sys=0.00s Real=0.03s
[990.917s][info][gc,start       ] GC(1727) Pause Young (Allocation Failure)
[990.931s][info][gc,heap        ] GC(1727) DefNew: 600412K(629120K)->13250K(629120K) Eden: 559232K(559232K)->0K(559232K) From: 41180K(69888K)->13250K(69888K)
[990.931s][info][gc,heap        ] GC(1727) Tenured: 1267167K(1398144K)->1304423K(1398144K)
[990.931s][info][gc,metaspace   ] GC(1727) Metaspace: 121878K(125760K)->121878K(125760K) NonClass: 105661K(106304K)->105661K(106304K) Class: 16217K(19456K)->16217K(19456K)
[990.931s][info][gc             ] GC(1727) Pause Young (Allocation Failure) 1823M->1286M(1979M) 14.432ms
[990.931s][info][gc,cpu         ] GC(1727) User=0.02s Sys=0.00s Real=0.02s
[990.969s][info][gc,start       ] GC(1728) Pause Young (Allocation Failure)
[990.977s][info][gc,heap        ] GC(1728) DefNew: 572482K(629120K)->21471K(629120K) Eden: 559232K(559232K)->0K(559232K) From: 13250K(69888K)->21471K(69888K)
[990.977s][info][gc,heap        ] GC(1728) Tenured: 1304423K(1398144K)->1304423K(1398144K)
[990.977s][info][gc,metaspace   ] GC(1728) Metaspace: 121878K(125760K)->121878K(125760K) NonClass: 105661K(106304K)->105661K(106304K) Class: 16217K(19456K)->16217K(19456K)
[990.977s][info][gc             ] GC(1728) Pause Young (Allocation Failure) 1832M->1294M(1979M) 8.122ms
[990.978s][info][gc,cpu         ] GC(1728) User=0.00s Sys=0.00s Real=0.00s
[991.016s][info][gc,start       ] GC(1729) Pause Young (Allocation Failure)
[991.024s][info][gc,heap        ] GC(1729) DefNew: 580703K(629120K)->25362K(629120K) Eden: 559232K(559232K)->0K(559232K) From: 21471K(69888K)->25362K(69888K)
[991.024s][info][gc,heap        ] GC(1729) Tenured: 1304423K(1398144K)->1304423K(1398144K)
[991.024s][info][gc,metaspace   ] GC(1729) Metaspace: 121878K(125760K)->121878K(125760K) NonClass: 105661K(106304K)->105661K(106304K) Class: 16217K(19456K)->16217K(19456K)
[991.024s][info][gc             ] GC(1729) Pause Young (Allocation Failure) 1840M->1298M(1979M) 8.660ms
[991.024s][info][gc,cpu         ] GC(1729) User=0.00s Sys=0.00s Real=0.00s
[991.063s][info][gc,start       ] GC(1730) Pause Young (Allocation Failure)
[991.075s][info][gc,heap        ] GC(1730) DefNew: 584594K(629120K)->39378K(629120K) Eden: 559232K(559232K)->0K(559232K) From: 25362K(69888K)->39378K(69888K)
[991.075s][info][gc,heap        ] GC(1730) Tenured: 1304423K(1398144K)->1304423K(1398144K)
[991.075s][info][gc,metaspace   ] GC(1730) Metaspace: 121878K(125760K)->121878K(125760K) NonClass: 105661K(106304K)->105661K(106304K) Class: 16217K(19456K)->16217K(19456K)
[991.076s][info][gc             ] GC(1730) Pause Young (Allocation Failure) 1844M->1312M(1979M) 12.360ms
[991.076s][info][gc,cpu         ] GC(1730) User=0.02s Sys=0.00s Real=0.02s
[991.114s][info][gc,start       ] GC(1731) Pause Young (Allocation Failure)
[991.128s][info][gc,heap        ] GC(1731) DefNew: 598610K(629120K)->44040K(629120K) Eden: 559232K(559232K)->0K(559232K) From: 39378K(69888K)->44040K(69888K)
[991.128s][info][gc,heap        ] GC(1731) Tenured: 1304423K(1398144K)->1307635K(1398144K)
[991.128s][info][gc,metaspace   ] GC(1731) Metaspace: 121878K(125760K)->121878K(125760K) NonClass: 105661K(106304K)->105661K(106304K) Class: 16217K(19456K)->16217K(19456K)
[991.128s][info][gc             ] GC(1731) Pause Young (Allocation Failure) 1858M->1319M(1979M) 13.735ms
[991.128s][info][gc,cpu         ] GC(1731) User=0.02s Sys=0.00s Real=0.02s
[991.166s][info][gc,start       ] GC(1732) Pause Young (Allocation Failure)
[991.179s][info][gc,heap        ] GC(1732) DefNew: 603272K(629120K)->19029K(629120K) Eden: 559232K(559232K)->0K(559232K) From: 44040K(69888K)->19029K(69888K)
[991.179s][info][gc,heap        ] GC(1732) Tenured: 1307635K(1398144K)->1332638K(1398144K)
[991.179s][info][gc,metaspace   ] GC(1732) Metaspace: 121878K(125760K)->121878K(125760K) NonClass: 105661K(106304K)->105661K(106304K) Class: 16217K(19456K)->16217K(19456K)
[991.179s][info][gc             ] GC(1732) Pause Young (Allocation Failure) 1866M->1319M(1979M) 12.706ms
[991.179s][info][gc,cpu         ] GC(1732) User=0.00s Sys=0.00s Real=0.00s
[991.217s][info][gc,start       ] GC(1733) Pause Young (Allocation Failure)
[991.217s][info][gc             ] GC(1733) Pause Young (Allocation Failure) 1866M->1866M(1979M) 0.118ms
[991.217s][info][gc,cpu         ] GC(1733) User=0.00s Sys=0.00s Real=0.00s
[991.217s][info][gc,start       ] GC(1734) Pause Full (Allocation Failure)
[991.217s][info][gc,phases,start] GC(1734) Phase 1: Mark live objects
[991.278s][info][gc,phases      ] GC(1734) Phase 1: Mark live objects 60.264ms
[991.278s][info][gc,phases,start] GC(1734) Phase 2: Compute new object addresses
[991.437s][info][gc,phases      ] GC(1734) Phase 2: Compute new object addresses 159.263ms
[991.437s][info][gc,phases,start] GC(1734) Phase 3: Adjust pointers
[991.472s][info][gc,phases      ] GC(1734) Phase 3: Adjust pointers 35.350ms
[991.472s][info][gc,phases,start] GC(1734) Phase 4: Move objects
[991.501s][info][gc,phases      ] GC(1734) Phase 4: Move objects 28.886ms
[991.502s][info][gc,heap        ] GC(1734) DefNew: 578261K(629120K)->0K(629120K) Eden: 559232K(559232K)->0K(559232K) From: 19029K(69888K)->0K(69888K)
[991.502s][info][gc,heap        ] GC(1734) Tenured: 1332638K(1398144K)->1093410K(1398144K)
[991.502s][info][gc,metaspace   ] GC(1734) Metaspace: 121878K(125760K)->121878K(125760K) NonClass: 105661K(106304K)->105661K(106304K) Class: 16217K(19456K)->16217K(19456K)
[991.502s][info][gc             ] GC(1734) Pause Full (Allocation Failure) 1866M->1067M(1979M) 284.945ms
[991.502s][info][gc,cpu         ] GC(1734) User=0.28s Sys=0.00s Real=0.28s
[991.541s][info][gc,start       ] GC(1735) Pause Young (Allocation Failure)
[991.544s][info][gc,heap        ] GC(1735) DefNew: 559232K(629120K)->404K(629120K) Eden: 559232K(559232K)->0K(559232K) From: 0K(69888K)->404K(69888K)
[991.544s][info][gc,heap        ] GC(1735) Tenured: 1093410K(1398144K)->1093410K(1398144K)
[991.544s][info][gc,metaspace   ] GC(1735) Metaspace: 121878K(125760K)->121878K(125760K) NonClass: 105661K(106304K)->105661K(106304K) Class: 16217K(19456K)->16217K(19456K)
[991.544s][info][gc             ] GC(1735) Pause Young (Allocation Failure) 1613M->1068M(1979M) 3.343ms
[991.544s][info][gc,cpu         ] GC(1735) User=0.00s Sys=0.00s Real=0.00s
[991.597s][info][gc,start       ] GC(1736) Pause Young (Allocation Failure)
[991.614s][info][gc,heap        ] GC(1736) DefNew: 559636K(629120K)->56570K(629120K) Eden: 559232K(559232K)->0K(559232K) From: 404K(69888K)->56570K(69888K)
[991.614s][info][gc,heap        ] GC(1736) Tenured: 1093410K(1398144K)->1093410K(1398144K)
[991.614s][info][gc,metaspace   ] GC(1736) Metaspace: 121878K(125760K)->121878K(125760K) NonClass: 105661K(106304K)->105661K(106304K) Class: 16217K(19456K)->16217K(19456K)
[991.614s][info][gc             ] GC(1736) Pause Young (Allocation Failure) 1614M->1123M(1979M) 17.410ms
[991.614s][info][gc,cpu         ] GC(1736) User=0.02s Sys=0.00s Real=0.02s
[991.655s][info][gc,start       ] GC(1737) Pause Young (Allocation Failure)
[991.679s][info][gc,heap        ] GC(1737) DefNew: 615802K(629120K)->39990K(629120K) Eden: 559232K(559232K)->0K(559232K) From: 56570K(69888K)->39990K(69888K)
[991.679s][info][gc,heap        ] GC(1737) Tenured: 1093410K(1398144K)->1149757K(1398144K)
[991.679s][info][gc,metaspace   ] GC(1737) Metaspace: 121878K(125760K)->121878K(125760K) NonClass: 105661K(106304K)->105661K(106304K) Class: 16217K(19456K)->16217K(19456K)
[991.679s][info][gc             ] GC(1737) Pause Young (Allocation Failure) 1669M->1161M(1979M) 24.866ms
[991.679s][info][gc,cpu         ] GC(1737) User=0.02s Sys=0.00s Real=0.02s
[991.718s][info][gc,start       ] GC(1738) Pause Young (Allocation Failure)
[991.730s][info][gc,heap        ] GC(1738) DefNew: 599222K(629120K)->1105K(629120K) Eden: 559232K(559232K)->0K(559232K) From: 39990K(69888K)->1105K(69888K)
[991.730s][info][gc,heap        ] GC(1738) Tenured: 1149757K(1398144K)->1189287K(1398144K)
[991.730s][info][gc,metaspace   ] GC(1738) Metaspace: 121878K(125760K)->121878K(125760K) NonClass: 105661K(106304K)->105661K(106304K) Class: 16217K(19456K)->16217K(19456K)
[991.730s][info][gc             ] GC(1738) Pause Young (Allocation Failure) 1707M->1162M(1979M) 12.467ms
[991.730s][info][gc,cpu         ] GC(1738) User=0.02s Sys=0.00s Real=0.02s
[991.773s][info][gc,start       ] GC(1739) Pause Young (Allocation Failure)
[991.788s][info][gc,heap        ] GC(1739) DefNew: 560337K(629120K)->47147K(629120K) Eden: 559232K(559232K)->0K(559232K) From: 1105K(69888K)->47147K(69888K)
[991.788s][info][gc,heap        ] GC(1739) Tenured: 1189287K(1398144K)->1189287K(1398144K)
[991.788s][info][gc,metaspace   ] GC(1739) Metaspace: 121878K(125760K)->121878K(125760K) NonClass: 105661K(106304K)->105661K(106304K) Class: 16217K(19456K)->16217K(19456K)
[991.788s][info][gc             ] GC(1739) Pause Young (Allocation Failure) 1708M->1207M(1979M) 14.223ms
[991.788s][info][gc,cpu         ] GC(1739) User=0.00s Sys=0.00s Real=0.00s
[991.830s][info][gc,start       ] GC(1740) Pause Young (Allocation Failure)
[991.860s][info][gc,heap        ] GC(1740) DefNew: 606379K(629120K)->61985K(629120K) Eden: 559232K(559232K)->0K(559232K) From: 47147K(69888K)->61985K(69888K)
[991.860s][info][gc,heap        ] GC(1740) Tenured: 1189287K(1398144K)->1236221K(1398144K)
[991.860s][info][gc,metaspace   ] GC(1740) Metaspace: 121878K(125760K)->121878K(125760K) NonClass: 105661K(106304K)->105661K(106304K) Class: 16217K(19456K)->16217K(19456K)
[991.860s][info][gc             ] GC(1740) Pause Young (Allocation Failure) 1753M->1267M(1979M) 29.896ms
[991.860s][info][gc,cpu         ] GC(1740) User=0.02s Sys=0.00s Real=0.02s
[991.901s][info][gc,start       ] GC(1741) Pause Young (Allocation Failure)
[991.926s][info][gc,heap        ] GC(1741) DefNew: 621217K(629120K)->31021K(629120K) Eden: 559232K(559232K)->0K(559232K) From: 61985K(69888K)->31021K(69888K)
[991.926s][info][gc,heap        ] GC(1741) Tenured: 1236221K(1398144K)->1294488K(1398144K)
[991.926s][info][gc,metaspace   ] GC(1741) Metaspace: 121878K(125760K)->121878K(125760K) NonClass: 105661K(106304K)->105661K(106304K) Class: 16217K(19456K)->16217K(19456K)
[991.926s][info][gc             ] GC(1741) Pause Young (Allocation Failure) 1813M->1294M(1979M) 24.822ms
[991.926s][info][gc,cpu         ] GC(1741) User=0.02s Sys=0.00s Real=0.02s
[991.963s][info][gc,start       ] GC(1742) Pause Young (Allocation Failure)
[991.981s][info][gc,heap        ] GC(1742) DefNew: 590253K(629120K)->55846K(629120K) Eden: 559232K(559232K)->0K(559232K) From: 31021K(69888K)->55846K(69888K)
[991.981s][info][gc,heap        ] GC(1742) Tenured: 1294488K(1398144K)->1294488K(1398144K)
[991.981s][info][gc,metaspace   ] GC(1742) Metaspace: 121878K(125760K)->121878K(125760K) NonClass: 105661K(106304K)->105661K(106304K) Class: 16217K(19456K)->16217K(19456K)
[991.981s][info][gc             ] GC(1742) Pause Young (Allocation Failure) 1840M->1318M(1979M) 17.873ms
[991.981s][info][gc,cpu         ] GC(1742) User=0.03s Sys=0.00s Real=0.03s
[992.017s][info][gc,start       ] GC(1743) Pause Young (Allocation Failure)
[992.038s][info][gc,heap        ] GC(1743) DefNew: 615078K(629120K)->26905K(629120K) Eden: 559232K(559232K)->0K(559232K) From: 55846K(69888K)->26905K(69888K)
[992.038s][info][gc,heap        ] GC(1743) Tenured: 1294488K(1398144K)->1334105K(1398144K)
[992.038s][info][gc,metaspace   ] GC(1743) Metaspace: 121878K(125760K)->121878K(125760K) NonClass: 105661K(106304K)->105661K(106304K) Class: 16217K(19456K)->16217K(19456K)
[992.038s][info][gc             ] GC(1743) Pause Young (Allocation Failure) 1864M->1329M(1979M) 20.295ms
[992.038s][info][gc,cpu         ] GC(1743) User=0.02s Sys=0.00s Real=0.02s
[992.080s][info][gc,start       ] GC(1744) Pause Young (Allocation Failure)
[992.080s][info][gc             ] GC(1744) Pause Young (Allocation Failure) 1875M->1875M(1979M) 0.119ms
[992.081s][info][gc,cpu         ] GC(1744) User=0.00s Sys=0.00s Real=0.00s
[992.081s][info][gc,start       ] GC(1745) Pause Full (Allocation Failure)
[992.081s][info][gc,phases,start] GC(1745) Phase 1: Mark live objects
[992.143s][info][gc,phases      ] GC(1745) Phase 1: Mark live objects 62.446ms
[992.143s][info][gc,phases,start] GC(1745) Phase 2: Compute new object addresses
[992.284s][info][gc,phases      ] GC(1745) Phase 2: Compute new object addresses 140.950ms
[992.284s][info][gc,phases,start] GC(1745) Phase 3: Adjust pointers
[992.319s][info][gc,phases      ] GC(1745) Phase 3: Adjust pointers 34.669ms
[992.319s][info][gc,phases,start] GC(1745) Phase 4: Move objects
[992.353s][info][gc,phases      ] GC(1745) Phase 4: Move objects 34.457ms
[992.354s][info][gc,heap        ] GC(1745) DefNew: 586137K(629120K)->0K(629120K) Eden: 559232K(559232K)->0K(559232K) From: 26905K(69888K)->0K(69888K)
[992.354s][info][gc,heap        ] GC(1745) Tenured: 1334105K(1398144K)->1246219K(1398144K)
[992.354s][info][gc,metaspace   ] GC(1745) Metaspace: 121878K(125760K)->121878K(125760K) NonClass: 105661K(106304K)->105661K(106304K) Class: 16217K(19456K)->16217K(19456K)
[992.354s][info][gc             ] GC(1745) Pause Full (Allocation Failure) 1875M->1217M(1979M) 273.711ms
[992.354s][info][gc,cpu         ] GC(1745) User=0.28s Sys=0.00s Real=0.28s
[992.395s][info][gc,start       ] GC(1746) Pause Young (Allocation Failure)
[992.419s][info][gc,heap        ] GC(1746) DefNew: 559232K(629120K)->69864K(629120K) Eden: 559232K(559232K)->0K(559232K) From: 0K(69888K)->69864K(69888K)
[992.419s][info][gc,heap        ] GC(1746) Tenured: 1246219K(1398144K)->1268914K(1398144K)
[992.419s][info][gc,metaspace   ] GC(1746) Metaspace: 121878K(125760K)->121878K(125760K) NonClass: 105661K(106304K)->105661K(106304K) Class: 16217K(19456K)->16217K(19456K)
[992.419s][info][gc             ] GC(1746) Pause Young (Allocation Failure) 1763M->1307M(1979M) 24.511ms
[992.419s][info][gc,cpu         ] GC(1746) User=0.03s Sys=0.00s Real=0.03s
[992.453s][info][gc,start       ] GC(1747) Pause Young (Allocation Failure)
[992.483s][info][gc,heap        ] GC(1747) DefNew: 629096K(629120K)->69341K(629120K) Eden: 559232K(559232K)->0K(559232K) From: 69864K(69888K)->69341K(69888K)
[992.483s][info][gc,heap        ] GC(1747) Tenured: 1268914K(1398144K)->1320247K(1398144K)
[992.483s][info][gc,metaspace   ] GC(1747) Metaspace: 121878K(125760K)->121878K(125760K) NonClass: 105661K(106304K)->105661K(106304K) Class: 16217K(19456K)->16217K(19456K)
[992.483s][info][gc             ] GC(1747) Pause Young (Allocation Failure) 1853M->1357M(1979M) 29.746ms
[992.483s][info][gc,cpu         ] GC(1747) User=0.03s Sys=0.00s Real=0.03s
[992.519s][info][gc,start       ] GC(1748) Pause Young (Allocation Failure)
[992.519s][info][gc             ] GC(1748) Pause Young (Allocation Failure) 1903M->1903M(1979M) 0.119ms
[992.519s][info][gc,cpu         ] GC(1748) User=0.00s Sys=0.00s Real=0.00s
[992.519s][info][gc,start       ] GC(1749) Pause Full (Allocation Failure)
[992.519s][info][gc,phases,start] GC(1749) Phase 1: Mark live objects
[992.575s][info][gc,phases      ] GC(1749) Phase 1: Mark live objects 55.945ms
[992.575s][info][gc,phases,start] GC(1749) Phase 2: Compute new object addresses
[992.726s][info][gc,phases      ] GC(1749) Phase 2: Compute new object addresses 150.931ms
[992.741s][info][gc,phases,start] GC(1749) Phase 3: Adjust pointers
[992.787s][info][gc,phases      ] GC(1749) Phase 3: Adjust pointers 46.901ms
[992.788s][info][gc,phases,start] GC(1749) Phase 4: Move objects
[992.811s][info][gc,phases      ] GC(1749) Phase 4: Move objects 23.024ms
[992.811s][info][gc,heap        ] GC(1749) DefNew: 628573K(629120K)->0K(629120K) Eden: 559232K(559232K)->0K(559232K) From: 69341K(69888K)->0K(69888K)
[992.811s][info][gc,heap        ] GC(1749) Tenured: 1320247K(1398144K)->1268417K(1398144K)
[992.811s][info][gc,metaspace   ] GC(1749) Metaspace: 121878K(125760K)->121878K(125760K) NonClass: 105661K(106304K)->105661K(106304K) Class: 16217K(19456K)->16217K(19456K)
[992.811s][info][gc             ] GC(1749) Pause Full (Allocation Failure) 1903M->1238M(1979M) 292.459ms
[992.812s][info][gc,cpu         ] GC(1749) User=0.28s Sys=0.00s Real=0.30s
[992.851s][info][gc,start       ] GC(1750) Pause Young (Allocation Failure)
[992.867s][info][gc,heap        ] GC(1750) DefNew: 559232K(629120K)->40499K(629120K) Eden: 559232K(559232K)->0K(559232K) From: 0K(69888K)->40499K(69888K)
[992.867s][info][gc,heap        ] GC(1750) Tenured: 1268417K(1398144K)->1268417K(1398144K)
[992.867s][info][gc,metaspace   ] GC(1750) Metaspace: 121878K(125760K)->121878K(125760K) NonClass: 105661K(106304K)->105661K(106304K) Class: 16217K(19456K)->16217K(19456K)
[992.867s][info][gc             ] GC(1750) Pause Young (Allocation Failure) 1784M->1278M(1979M) 16.167ms
[992.867s][info][gc,cpu         ] GC(1750) User=0.02s Sys=0.00s Real=0.02s
[992.899s][info][gc,start       ] GC(1751) Pause Young (Allocation Failure)
[992.925s][info][gc,heap        ] GC(1751) DefNew: 599731K(629120K)->69631K(629120K) Eden: 559232K(559232K)->0K(559232K) From: 40499K(69888K)->69631K(69888K)
[992.925s][info][gc,heap        ] GC(1751) Tenured: 1268417K(1398144K)->1301118K(1398144K)
[992.925s][info][gc,metaspace   ] GC(1751) Metaspace: 121878K(125760K)->121878K(125760K) NonClass: 105661K(106304K)->105661K(106304K) Class: 16217K(19456K)->16217K(19456K)
[992.926s][info][gc             ] GC(1751) Pause Young (Allocation Failure) 1824M->1338M(1979M) 26.081ms
[992.926s][info][gc,cpu         ] GC(1751) User=0.02s Sys=0.00s Real=0.02s
[992.959s][info][gc,start       ] GC(1752) Pause Young (Allocation Failure)
[992.988s][info][gc,heap        ] GC(1752) DefNew: 626258K(629120K)->69865K(629120K) Eden: 556626K(559232K)->0K(559232K) From: 69631K(69888K)->69865K(69888K)
[992.988s][info][gc,heap        ] GC(1752) Tenured: 1301118K(1398144K)->1349658K(1398144K)
[992.988s][info][gc,metaspace   ] GC(1752) Metaspace: 121878K(125760K)->121878K(125760K) NonClass: 105661K(106304K)->105661K(106304K) Class: 16217K(19456K)->16217K(19456K)
[992.988s][info][gc             ] GC(1752) Pause Young (Allocation Failure) 1882M->1386M(1979M) 28.921ms
[992.988s][info][gc,cpu         ] GC(1752) User=0.03s Sys=0.00s Real=0.03s
[993.020s][info][gc,start       ] GC(1753) Pause Young (Allocation Failure)
[993.020s][info][gc             ] GC(1753) Pause Young (Allocation Failure) 1932M->1932M(1979M) 0.122ms
[993.020s][info][gc,cpu         ] GC(1753) User=0.00s Sys=0.00s Real=0.00s
[993.020s][info][gc,start       ] GC(1754) Pause Full (Allocation Failure)
[993.020s][info][gc,phases,start] GC(1754) Phase 1: Mark live objects
[993.076s][info][gc,phases      ] GC(1754) Phase 1: Mark live objects 55.443ms
[993.076s][info][gc,phases,start] GC(1754) Phase 2: Compute new object addresses
[993.229s][info][gc,phases      ] GC(1754) Phase 2: Compute new object addresses 153.139ms
[993.229s][info][gc,phases,start] GC(1754) Phase 3: Adjust pointers
[993.262s][info][gc,phases      ] GC(1754) Phase 3: Adjust pointers 33.087ms
[993.262s][info][gc,phases,start] GC(1754) Phase 4: Move objects
[993.288s][info][gc,phases      ] GC(1754) Phase 4: Move objects 26.018ms
[993.289s][info][gc,heap        ] GC(1754) DefNew: 629097K(629120K)->0K(629120K) Eden: 559232K(559232K)->0K(559232K) From: 69865K(69888K)->0K(69888K)
[993.289s][info][gc,heap        ] GC(1754) Tenured: 1349658K(1398144K)->1321054K(1398144K)
[993.289s][info][gc,metaspace   ] GC(1754) Metaspace: 121878K(125760K)->121878K(125760K) NonClass: 105661K(106304K)->105661K(106304K) Class: 16217K(19456K)->16217K(19456K)
[993.289s][info][gc             ] GC(1754) Pause Full (Allocation Failure) 1932M->1290M(1979M) 268.826ms
[993.289s][info][gc,cpu         ] GC(1754) User=0.28s Sys=0.00s Real=0.28s
[993.324s][info][gc,start       ] GC(1755) Pause Young (Allocation Failure)
[993.324s][info][gc             ] GC(1755) Pause Young (Allocation Failure) 1836M->1836M(1979M) 0.119ms
[993.324s][info][gc,cpu         ] GC(1755) User=0.00s Sys=0.00s Real=0.00s
[993.324s][info][gc,start       ] GC(1756) Pause Full (Allocation Failure)
[993.324s][info][gc,phases,start] GC(1756) Phase 1: Mark live objects
[993.379s][info][gc,phases      ] GC(1756) Phase 1: Mark live objects 55.319ms
[993.379s][info][gc,phases,start] GC(1756) Phase 2: Compute new object addresses
[993.527s][info][gc,phases      ] GC(1756) Phase 2: Compute new object addresses 147.586ms
[993.527s][info][gc,phases,start] GC(1756) Phase 3: Adjust pointers
[993.560s][info][gc,phases      ] GC(1756) Phase 3: Adjust pointers 33.132ms
[993.560s][info][gc,phases,start] GC(1756) Phase 4: Move objects
[993.629s][info][gc,phases      ] GC(1756) Phase 4: Move objects 68.836ms
[993.630s][info][gc,heap        ] GC(1756) DefNew: 559231K(629120K)->0K(629120K) Eden: 559231K(559232K)->0K(559232K) From: 0K(69888K)->0K(69888K)
[993.630s][info][gc,heap        ] GC(1756) Tenured: 1321054K(1398144K)->1281346K(1398144K)
[993.630s][info][gc,metaspace   ] GC(1756) Metaspace: 121878K(125760K)->121878K(125760K) NonClass: 105661K(106304K)->105661K(106304K) Class: 16217K(19456K)->16217K(19456K)
[993.630s][info][gc             ] GC(1756) Pause Full (Allocation Failure) 1836M->1251M(1979M) 306.058ms
[993.630s][info][gc,cpu         ] GC(1756) User=0.28s Sys=0.00s Real=0.30s
[993.665s][info][gc,start       ] GC(1757) Pause Young (Allocation Failure)
[993.679s][info][gc,heap        ] GC(1757) DefNew: 553797K(629120K)->51373K(629120K) Eden: 553797K(559232K)->0K(559232K) From: 0K(69888K)->51373K(69888K)
[993.679s][info][gc,heap        ] GC(1757) Tenured: 1281346K(1398144K)->1281346K(1398144K)
[993.679s][info][gc,metaspace   ] GC(1757) Metaspace: 121878K(125760K)->121878K(125760K) NonClass: 105661K(106304K)->105661K(106304K) Class: 16217K(19456K)->16217K(19456K)
[993.679s][info][gc             ] GC(1757) Pause Young (Allocation Failure) 1792M->1301M(1979M) 13.631ms
[993.679s][info][gc,cpu         ] GC(1757) User=0.02s Sys=0.00s Real=0.02s
[993.709s][info][gc,start       ] GC(1758) Pause Young (Allocation Failure)
[993.736s][info][gc,heap        ] GC(1758) DefNew: 610605K(629120K)->69303K(629120K) Eden: 559232K(559232K)->0K(559232K) From: 51373K(69888K)->69303K(69888K)
[993.736s][info][gc,heap        ] GC(1758) Tenured: 1281346K(1398144K)->1322595K(1398144K)
[993.736s][info][gc,metaspace   ] GC(1758) Metaspace: 121878K(125760K)->121878K(125760K) NonClass: 105661K(106304K)->105661K(106304K) Class: 16217K(19456K)->16217K(19456K)
[993.736s][info][gc             ] GC(1758) Pause Young (Allocation Failure) 1847M->1359M(1979M) 27.084ms
[993.736s][info][gc,cpu         ] GC(1758) User=0.02s Sys=0.00s Real=0.02s
[993.768s][info][gc,start       ] GC(1759) Pause Young (Allocation Failure)
[993.768s][info][gc             ] GC(1759) Pause Young (Allocation Failure) 1905M->1905M(1979M) 0.122ms
[993.768s][info][gc,cpu         ] GC(1759) User=0.00s Sys=0.00s Real=0.00s
[993.769s][info][gc,start       ] GC(1760) Pause Full (Allocation Failure)
[993.769s][info][gc,phases,start] GC(1760) Phase 1: Mark live objects
[993.824s][info][gc,phases      ] GC(1760) Phase 1: Mark live objects 55.335ms
[993.824s][info][gc,phases,start] GC(1760) Phase 2: Compute new object addresses
[993.981s][info][gc,phases      ] GC(1760) Phase 2: Compute new object addresses 157.002ms
[993.981s][info][gc,phases,start] GC(1760) Phase 3: Adjust pointers
[994.014s][info][gc,phases      ] GC(1760) Phase 3: Adjust pointers 32.659ms
[994.014s][info][gc,phases,start] GC(1760) Phase 4: Move objects
[994.032s][info][gc,phases      ] GC(1760) Phase 4: Move objects 18.713ms
[994.033s][info][gc,heap        ] GC(1760) DefNew: 628535K(629120K)->0K(629120K) Eden: 559232K(559232K)->0K(559232K) From: 69303K(69888K)->0K(69888K)
[994.033s][info][gc,heap        ] GC(1760) Tenured: 1322595K(1398144K)->1371153K(1398144K)
[994.033s][info][gc,metaspace   ] GC(1760) Metaspace: 121878K(125760K)->121878K(125760K) NonClass: 105661K(106304K)->105661K(106304K) Class: 16217K(19456K)->16217K(19456K)
[994.033s][info][gc             ] GC(1760) Pause Full (Allocation Failure) 1905M->1339M(1979M) 264.794ms
[994.033s][info][gc,cpu         ] GC(1760) User=0.27s Sys=0.00s Real=0.27s
[994.067s][info][gc,start       ] GC(1761) Pause Young (Allocation Failure)
[994.067s][info][gc             ] GC(1761) Pause Young (Allocation Failure) 1885M->1885M(1979M) 0.124ms
[994.067s][info][gc,cpu         ] GC(1761) User=0.00s Sys=0.00s Real=0.00s
[994.067s][info][gc,start       ] GC(1762) Pause Full (Allocation Failure)
[994.067s][info][gc,phases,start] GC(1762) Phase 1: Mark live objects
[994.124s][info][gc,phases      ] GC(1762) Phase 1: Mark live objects 56.434ms
[994.124s][info][gc,phases,start] GC(1762) Phase 2: Compute new object addresses
[994.268s][info][gc,phases      ] GC(1762) Phase 2: Compute new object addresses 143.908ms
[994.268s][info][gc,phases,start] GC(1762) Phase 3: Adjust pointers
[994.301s][info][gc,phases      ] GC(1762) Phase 3: Adjust pointers 33.204ms
[994.301s][info][gc,phases,start] GC(1762) Phase 4: Move objects
[994.318s][info][gc,phases      ] GC(1762) Phase 4: Move objects 16.555ms
[994.319s][info][gc,heap        ] GC(1762) DefNew: 559232K(629120K)->0K(629120K) Eden: 559232K(559232K)->0K(559232K) From: 0K(69888K)->0K(69888K)
[994.319s][info][gc,heap        ] GC(1762) Tenured: 1371153K(1398144K)->1385765K(1398144K)
[994.319s][info][gc,metaspace   ] GC(1762) Metaspace: 121878K(125760K)->121878K(125760K) NonClass: 105661K(106304K)->105661K(106304K) Class: 16217K(19456K)->16217K(19456K)
[994.319s][info][gc             ] GC(1762) Pause Full (Allocation Failure) 1885M->1353M(1979M) 251.219ms
[994.319s][info][gc,cpu         ] GC(1762) User=0.27s Sys=0.00s Real=0.27s
[994.355s][info][gc,start       ] GC(1763) Pause Young (Allocation Failure)
[994.355s][info][gc             ] GC(1763) Pause Young (Allocation Failure) 1899M->1899M(1979M) 0.130ms
[994.355s][info][gc,cpu         ] GC(1763) User=0.00s Sys=0.00s Real=0.00s
[994.355s][info][gc,start       ] GC(1764) Pause Full (Allocation Failure)
[994.355s][info][gc,phases,start] GC(1764) Phase 1: Mark live objects
[994.411s][info][gc,phases      ] GC(1764) Phase 1: Mark live objects 55.689ms
[994.411s][info][gc,phases,start] GC(1764) Phase 2: Compute new object addresses
[994.556s][info][gc,phases      ] GC(1764) Phase 2: Compute new object addresses 145.071ms
[994.556s][info][gc,phases,start] GC(1764) Phase 3: Adjust pointers
[994.588s][info][gc,phases      ] GC(1764) Phase 3: Adjust pointers 32.446ms
[994.588s][info][gc,phases,start] GC(1764) Phase 4: Move objects
[994.610s][info][gc,phases      ] GC(1764) Phase 4: Move objects 21.889ms
[994.611s][info][gc,heap        ] GC(1764) DefNew: 559232K(629120K)->14252K(629120K) Eden: 559232K(559232K)->14252K(559232K) From: 0K(69888K)->0K(69888K)
[994.611s][info][gc,heap        ] GC(1764) Tenured: 1385765K(1398144K)->1397145K(1398144K)
[994.611s][info][gc,metaspace   ] GC(1764) Metaspace: 121878K(125760K)->121878K(125760K) NonClass: 105661K(106304K)->105661K(106304K) Class: 16217K(19456K)->16217K(19456K)
[994.611s][info][gc             ] GC(1764) Pause Full (Allocation Failure) 1899M->1378M(1979M) 256.174ms
[994.611s][info][gc,cpu         ] GC(1764) User=0.23s Sys=0.00s Real=0.25s
[996.339s][info][gc,start       ] GC(1765) Pause Full (Allocation Failure)
[996.339s][info][gc,phases,start] GC(1765) Phase 1: Mark live objects
[996.395s][info][gc,phases      ] GC(1765) Phase 1: Mark live objects 55.816ms
[996.395s][info][gc,phases,start] GC(1765) Phase 2: Compute new object addresses
[996.552s][info][gc,phases      ] GC(1765) Phase 2: Compute new object addresses 157.076ms
[996.552s][info][gc,phases,start] GC(1765) Phase 3: Adjust pointers
[996.585s][info][gc,phases      ] GC(1765) Phase 3: Adjust pointers 33.141ms
[996.585s][info][gc,phases,start] GC(1765) Phase 4: Move objects
[996.656s][info][gc,phases      ] GC(1765) Phase 4: Move objects 71.063ms
[996.657s][info][gc,heap        ] GC(1765) DefNew: 629120K(629120K)->0K(629120K) Eden: 559232K(559232K)->0K(559232K) From: 69888K(69888K)->0K(69888K)
[996.657s][info][gc,heap        ] GC(1765) Tenured: 1398143K(1398144K)->1352735K(1398144K)
[996.657s][info][gc,metaspace   ] GC(1765) Metaspace: 121878K(125760K)->121878K(125760K) NonClass: 105661K(106304K)->105661K(106304K) Class: 16217K(19456K)->16217K(19456K)
[996.657s][info][gc             ] GC(1765) Pause Full (Allocation Failure) 1979M->1321M(1979M) 318.344ms
[996.657s][info][gc,cpu         ] GC(1765) User=0.31s Sys=0.00s Real=0.31s
[996.691s][info][gc,start       ] GC(1766) Pause Young (Allocation Failure)
[996.692s][info][gc             ] GC(1766) Pause Young (Allocation Failure) 1867M->1867M(1979M) 0.122ms
[996.692s][info][gc,cpu         ] GC(1766) User=0.00s Sys=0.00s Real=0.00s
[996.692s][info][gc,start       ] GC(1767) Pause Full (Allocation Failure)
[996.692s][info][gc,phases,start] GC(1767) Phase 1: Mark live objects
[996.747s][info][gc,phases      ] GC(1767) Phase 1: Mark live objects 55.519ms
[996.747s][info][gc,phases,start] GC(1767) Phase 2: Compute new object addresses
[996.889s][info][gc,phases      ] GC(1767) Phase 2: Compute new object addresses 141.661ms
[996.889s][info][gc,phases,start] GC(1767) Phase 3: Adjust pointers
[996.922s][info][gc,phases      ] GC(1767) Phase 3: Adjust pointers 32.782ms
[996.922s][info][gc,phases,start] GC(1767) Phase 4: Move objects
[996.933s][info][gc,phases      ] GC(1767) Phase 4: Move objects 11.023ms
[996.934s][info][gc,heap        ] GC(1767) DefNew: 559232K(629120K)->7330K(629120K) Eden: 559232K(559232K)->7330K(559232K) From: 0K(69888K)->0K(69888K)
[996.934s][info][gc,heap        ] GC(1767) Tenured: 1352735K(1398144K)->1395282K(1398144K)
[996.934s][info][gc,metaspace   ] GC(1767) Metaspace: 121878K(125760K)->121878K(125760K) NonClass: 105661K(106304K)->105661K(106304K) Class: 16217K(19456K)->16217K(19456K)
[996.934s][info][gc             ] GC(1767) Pause Full (Allocation Failure) 1867M->1369M(1979M) 242.091ms
[996.934s][info][gc,cpu         ] GC(1767) User=0.23s Sys=0.00s Real=0.23s
[998.886s][info][gc,start       ] GC(1768) Pause Full (Allocation Failure)
[998.886s][info][gc,phases,start] GC(1768) Phase 1: Mark live objects
[998.942s][info][gc,phases      ] GC(1768) Phase 1: Mark live objects 56.523ms
[998.942s][info][gc,phases,start] GC(1768) Phase 2: Compute new object addresses
[999.117s][info][gc,phases      ] GC(1768) Phase 2: Compute new object addresses 174.254ms
[999.117s][info][gc,phases,start] GC(1768) Phase 3: Adjust pointers
[999.151s][info][gc,phases      ] GC(1768) Phase 3: Adjust pointers 33.925ms
[999.151s][info][gc,phases,start] GC(1768) Phase 4: Move objects
[999.165s][info][gc,phases      ] GC(1768) Phase 4: Move objects 14.636ms
[999.166s][info][gc,heap        ] GC(1768) DefNew: 629120K(629120K)->48784K(629120K) Eden: 559232K(559232K)->48784K(559232K) From: 69888K(69888K)->0K(69888K)
[999.166s][info][gc,heap        ] GC(1768) Tenured: 1398144K(1398144K)->1398087K(1398144K)
[999.166s][info][gc,metaspace   ] GC(1768) Metaspace: 121878K(125760K)->121878K(125760K) NonClass: 105661K(106304K)->105661K(106304K) Class: 16217K(19456K)->16217K(19456K)
[999.166s][info][gc             ] GC(1768) Pause Full (Allocation Failure) 1979M->1412M(1979M) 280.562ms
[999.166s][info][gc,cpu         ] GC(1768) User=0.28s Sys=0.00s Real=0.29s
[1000.935s][info][gc,start       ] GC(1769) Pause Full (Allocation Failure)
[1000.935s][info][gc,phases,start] GC(1769) Phase 1: Mark live objects
[1000.999s][info][gc,phases      ] GC(1769) Phase 1: Mark live objects 64.134ms
[1000.999s][info][gc,phases,start] GC(1769) Phase 2: Compute new object addresses
[1001.164s][info][gc,phases      ] GC(1769) Phase 2: Compute new object addresses 164.813ms
[1001.164s][info][gc,phases,start] GC(1769) Phase 3: Adjust pointers
[1001.197s][info][gc,phases      ] GC(1769) Phase 3: Adjust pointers 32.911ms
[1001.197s][info][gc,phases,start] GC(1769) Phase 4: Move objects
[1001.212s][info][gc,phases      ] GC(1769) Phase 4: Move objects 15.386ms
[1001.213s][info][gc,heap        ] GC(1769) DefNew: 627734K(629120K)->61043K(629120K) Eden: 559232K(559232K)->61043K(559232K) From: 68502K(69888K)->0K(69888K)
[1001.213s][info][gc,heap        ] GC(1769) Tenured: 1398087K(1398144K)->1398087K(1398144K)
[1001.213s][info][gc,metaspace   ] GC(1769) Metaspace: 121878K(125760K)->121878K(125760K) NonClass: 105661K(106304K)->105661K(106304K) Class: 16217K(19456K)->16217K(19456K)
[1001.213s][info][gc             ] GC(1769) Pause Full (Allocation Failure) 1978M->1424M(1979M) 278.453ms
[1001.213s][info][gc,cpu         ] GC(1769) User=0.28s Sys=0.00s Real=0.28s
[1003.037s][info][gc,start       ] GC(1770) Pause Full (Allocation Failure)
[1003.037s][info][gc,phases,start] GC(1770) Phase 1: Mark live objects
[1003.093s][info][gc,phases      ] GC(1770) Phase 1: Mark live objects 55.721ms
[1003.093s][info][gc,phases,start] GC(1770) Phase 2: Compute new object addresses
[1003.245s][info][gc,phases      ] GC(1770) Phase 2: Compute new object addresses 152.229ms
[1003.245s][info][gc,phases,start] GC(1770) Phase 3: Adjust pointers
[1003.278s][info][gc,phases      ] GC(1770) Phase 3: Adjust pointers 33.159ms
[1003.278s][info][gc,phases,start] GC(1770) Phase 4: Move objects
[1003.354s][info][gc,phases      ] GC(1770) Phase 4: Move objects 75.742ms
[1003.355s][info][gc,heap        ] GC(1770) DefNew: 629120K(629120K)->6354K(629120K) Eden: 559232K(559232K)->6354K(559232K) From: 69888K(69888K)->0K(69888K)
[1003.355s][info][gc,heap        ] GC(1770) Tenured: 1398144K(1398144K)->1393510K(1398144K)
[1003.355s][info][gc,metaspace   ] GC(1770) Metaspace: 121878K(125760K)->121878K(125760K) NonClass: 105661K(106304K)->105661K(106304K) Class: 16217K(19456K)->16217K(19456K)
[1003.355s][info][gc             ] GC(1770) Pause Full (Allocation Failure) 1979M->1367M(1979M) 318.078ms
[1003.355s][info][gc,cpu         ] GC(1770) User=0.31s Sys=0.00s Real=0.31s
[1005.207s][info][gc,start       ] GC(1771) Pause Full (Allocation Failure)
[1005.208s][info][gc,phases,start] GC(1771) Phase 1: Mark live objects
[1005.274s][info][gc,phases      ] GC(1771) Phase 1: Mark live objects 66.674ms
[1005.274s][info][gc,phases,start] GC(1771) Phase 2: Compute new object addresses
[1005.432s][info][gc,phases      ] GC(1771) Phase 2: Compute new object addresses 158.073ms
[1005.432s][info][gc,phases,start] GC(1771) Phase 3: Adjust pointers
[1005.465s][info][gc,phases      ] GC(1771) Phase 3: Adjust pointers 32.690ms
[1005.465s][info][gc,phases,start] GC(1771) Phase 4: Move objects
[1005.473s][info][gc,phases      ] GC(1771) Phase 4: Move objects 7.769ms
[1005.474s][info][gc,heap        ] GC(1771) DefNew: 629120K(629120K)->34696K(629120K) Eden: 559232K(559232K)->34696K(559232K) From: 69888K(69888K)->0K(69888K)
[1005.474s][info][gc,heap        ] GC(1771) Tenured: 1398143K(1398144K)->1398144K(1398144K)
[1005.474s][info][gc,metaspace   ] GC(1771) Metaspace: 121878K(125760K)->121878K(125760K) NonClass: 105661K(106304K)->105661K(106304K) Class: 16217K(19456K)->16217K(19456K)
[1005.474s][info][gc             ] GC(1771) Pause Full (Allocation Failure) 1979M->1399M(1979M) 266.448ms
[1005.474s][info][gc,cpu         ] GC(1771) User=0.27s Sys=0.00s Real=0.27s
[1007.592s][info][gc,start       ] GC(1772) Pause Full (Allocation Failure)
[1007.592s][info][gc,phases,start] GC(1772) Phase 1: Mark live objects
[1007.648s][info][gc,phases      ] GC(1772) Phase 1: Mark live objects 55.770ms
[1007.648s][info][gc,phases,start] GC(1772) Phase 2: Compute new object addresses
[1007.806s][info][gc,phases      ] GC(1772) Phase 2: Compute new object addresses 157.725ms
[1007.806s][info][gc,phases,start] GC(1772) Phase 3: Adjust pointers
[1007.839s][info][gc,phases      ] GC(1772) Phase 3: Adjust pointers 32.958ms
[1007.839s][info][gc,phases,start] GC(1772) Phase 4: Move objects
[1007.847s][info][gc,phases      ] GC(1772) Phase 4: Move objects 8.156ms
[1007.848s][info][gc,heap        ] GC(1772) DefNew: 629120K(629120K)->37538K(629120K) Eden: 559232K(559232K)->37538K(559232K) From: 69888K(69888K)->0K(69888K)
[1007.848s][info][gc,heap        ] GC(1772) Tenured: 1398144K(1398144K)->1398144K(1398144K)
[1007.848s][info][gc,metaspace   ] GC(1772) Metaspace: 121878K(125760K)->121878K(125760K) NonClass: 105661K(106304K)->105661K(106304K) Class: 16217K(19456K)->16217K(19456K)
[1007.848s][info][gc             ] GC(1772) Pause Full (Allocation Failure) 1979M->1402M(1979M) 255.785ms
[1007.848s][info][gc,cpu         ] GC(1772) User=0.27s Sys=0.00s Real=0.27s
[1009.995s][info][gc,start       ] GC(1773) Pause Full (Allocation Failure)
[1009.995s][info][gc,phases,start] GC(1773) Phase 1: Mark live objects
[1010.055s][info][gc,phases      ] GC(1773) Phase 1: Mark live objects 60.131ms
[1010.055s][info][gc,phases,start] GC(1773) Phase 2: Compute new object addresses
[1010.224s][info][gc,phases      ] GC(1773) Phase 2: Compute new object addresses 168.503ms
[1010.224s][info][gc,phases,start] GC(1773) Phase 3: Adjust pointers
[1010.256s][info][gc,phases      ] GC(1773) Phase 3: Adjust pointers 32.676ms
[1010.256s][info][gc,phases,start] GC(1773) Phase 4: Move objects
[1010.263s][info][gc,phases      ] GC(1773) Phase 4: Move objects 6.570ms
[1010.264s][info][gc,heap        ] GC(1773) DefNew: 629120K(629120K)->38235K(629120K) Eden: 559232K(559232K)->38235K(559232K) From: 69888K(69888K)->0K(69888K)
[1010.264s][info][gc,heap        ] GC(1773) Tenured: 1398144K(1398144K)->1398144K(1398144K)
[1010.264s][info][gc,metaspace   ] GC(1773) Metaspace: 121878K(125760K)->121878K(125760K) NonClass: 105661K(106304K)->105661K(106304K) Class: 16217K(19456K)->16217K(19456K)
[1010.264s][info][gc             ] GC(1773) Pause Full (Allocation Failure) 1979M->1402M(1979M) 269.084ms
[1010.264s][info][gc,cpu         ] GC(1773) User=0.28s Sys=0.00s Real=0.28s
[1012.398s][info][gc,start       ] GC(1774) Pause Full (Allocation Failure)
[1012.398s][info][gc,phases,start] GC(1774) Phase 1: Mark live objects
[1012.453s][info][gc,phases      ] GC(1774) Phase 1: Mark live objects 55.491ms
[1012.453s][info][gc,phases,start] GC(1774) Phase 2: Compute new object addresses
[1012.617s][info][gc,phases      ] GC(1774) Phase 2: Compute new object addresses 163.392ms
[1012.617s][info][gc,phases,start] GC(1774) Phase 3: Adjust pointers
[1012.650s][info][gc,phases      ] GC(1774) Phase 3: Adjust pointers 33.480ms
[1012.650s][info][gc,phases,start] GC(1774) Phase 4: Move objects
[1012.909s][info][gc,phases      ] GC(1774) Phase 4: Move objects 258.283ms
[1012.910s][info][gc,heap        ] GC(1774) DefNew: 629120K(629120K)->3837K(629120K) Eden: 559232K(559232K)->3837K(559232K) From: 69888K(69888K)->0K(69888K)
[1012.910s][info][gc,heap        ] GC(1774) Tenured: 1398144K(1398144K)->1396421K(1398144K)
[1012.910s][info][gc,metaspace   ] GC(1774) Metaspace: 121878K(125760K)->121878K(125760K) NonClass: 105661K(106304K)->105661K(106304K) Class: 16217K(19456K)->16217K(19456K)
[1012.910s][info][gc             ] GC(1774) Pause Full (Allocation Failure) 1979M->1367M(1979M) 511.998ms
[1012.910s][info][gc,cpu         ] GC(1774) User=0.50s Sys=0.00s Real=0.51s
[1015.102s][info][gc,start       ] GC(1775) Pause Full (Allocation Failure)
[1015.102s][info][gc,phases,start] GC(1775) Phase 1: Mark live objects
[1015.158s][info][gc,phases      ] GC(1775) Phase 1: Mark live objects 56.098ms
[1015.158s][info][gc,phases,start] GC(1775) Phase 2: Compute new object addresses
[1015.342s][info][gc,phases      ] GC(1775) Phase 2: Compute new object addresses 184.140ms
[1015.342s][info][gc,phases,start] GC(1775) Phase 3: Adjust pointers
[1015.378s][info][gc,phases      ] GC(1775) Phase 3: Adjust pointers 35.977ms
[1015.378s][info][gc,phases,start] GC(1775) Phase 4: Move objects
[1015.378s][info][gc,phases      ] GC(1775) Phase 4: Move objects 0.015ms
[1015.379s][info][gc,heap        ] GC(1775) DefNew: 629120K(629120K)->3789K(629120K) Eden: 559232K(559232K)->3789K(559232K) From: 69888K(69888K)->0K(69888K)
[1015.379s][info][gc,heap        ] GC(1775) Tenured: 1398143K(1398144K)->1398143K(1398144K)
[1015.379s][info][gc,metaspace   ] GC(1775) Metaspace: 121878K(125760K)->121878K(125760K) NonClass: 105661K(106304K)->105661K(106304K) Class: 16217K(19456K)->16217K(19456K)
[1015.379s][info][gc             ] GC(1775) Pause Full (Allocation Failure) 1979M->1369M(1979M) 277.397ms
[1015.379s][info][gc,cpu         ] GC(1775) User=0.28s Sys=0.00s Real=0.27s
[1017.525s][info][gc,start       ] GC(1776) Pause Full (Allocation Failure)
[1017.525s][info][gc,phases,start] GC(1776) Phase 1: Mark live objects
[1017.584s][info][gc,phases      ] GC(1776) Phase 1: Mark live objects 58.677ms
[1017.584s][info][gc,phases,start] GC(1776) Phase 2: Compute new object addresses
[1017.760s][info][gc,phases      ] GC(1776) Phase 2: Compute new object addresses 175.733ms
[1017.760s][info][gc,phases,start] GC(1776) Phase 3: Adjust pointers
[1017.793s][info][gc,phases      ] GC(1776) Phase 3: Adjust pointers 32.663ms
[1017.793s][info][gc,phases,start] GC(1776) Phase 4: Move objects
[1017.793s][info][gc,phases      ] GC(1776) Phase 4: Move objects 0.036ms
[1017.793s][info][gc,heap        ] GC(1776) DefNew: 629120K(629120K)->3859K(629120K) Eden: 559232K(559232K)->3859K(559232K) From: 69888K(69888K)->0K(69888K)
[1017.793s][info][gc,heap        ] GC(1776) Tenured: 1398143K(1398144K)->1398143K(1398144K)
[1017.793s][info][gc,metaspace   ] GC(1776) Metaspace: 121878K(125760K)->121878K(125760K) NonClass: 105661K(106304K)->105661K(106304K) Class: 16217K(19456K)->16217K(19456K)
[1017.794s][info][gc             ] GC(1776) Pause Full (Allocation Failure) 1979M->1369M(1979M) 268.295ms
[1017.794s][info][gc,cpu         ] GC(1776) User=0.27s Sys=0.00s Real=0.27s
[1019.904s][info][gc,start       ] GC(1777) Pause Full (Allocation Failure)
[1019.904s][info][gc,phases,start] GC(1777) Phase 1: Mark live objects
[1019.960s][info][gc,phases      ] GC(1777) Phase 1: Mark live objects 55.798ms
[1019.960s][info][gc,phases,start] GC(1777) Phase 2: Compute new object addresses
[1020.146s][info][gc,phases      ] GC(1777) Phase 2: Compute new object addresses 185.661ms
[1020.146s][info][gc,phases,start] GC(1777) Phase 3: Adjust pointers
[1020.181s][info][gc,phases      ] GC(1777) Phase 3: Adjust pointers 35.324ms
[1020.181s][info][gc,phases,start] GC(1777) Phase 4: Move objects
[1020.181s][info][gc,phases      ] GC(1777) Phase 4: Move objects 0.040ms
[1020.182s][info][gc,heap        ] GC(1777) DefNew: 629120K(629120K)->3869K(629120K) Eden: 559232K(559232K)->3869K(559232K) From: 69888K(69888K)->0K(69888K)
[1020.182s][info][gc,heap        ] GC(1777) Tenured: 1398143K(1398144K)->1398143K(1398144K)
[1020.182s][info][gc,metaspace   ] GC(1777) Metaspace: 121878K(125760K)->121878K(125760K) NonClass: 105661K(106304K)->105661K(106304K) Class: 16217K(19456K)->16217K(19456K)
[1020.182s][info][gc             ] GC(1777) Pause Full (Allocation Failure) 1979M->1369M(1979M) 277.968ms
[1020.182s][info][gc,cpu         ] GC(1777) User=0.27s Sys=0.00s Real=0.27s
[1022.208s][info][gc,start       ] GC(1778) Pause Full (Allocation Failure)
[1022.208s][info][gc,phases,start] GC(1778) Phase 1: Mark live objects
[1022.274s][info][gc,phases      ] GC(1778) Phase 1: Mark live objects 65.859ms
[1022.274s][info][gc,phases,start] GC(1778) Phase 2: Compute new object addresses
[1022.450s][info][gc,phases      ] GC(1778) Phase 2: Compute new object addresses 175.667ms
[1022.450s][info][gc,phases,start] GC(1778) Phase 3: Adjust pointers
[1022.483s][info][gc,phases      ] GC(1778) Phase 3: Adjust pointers 33.458ms
[1022.483s][info][gc,phases,start] GC(1778) Phase 4: Move objects
[1022.554s][info][gc,phases      ] GC(1778) Phase 4: Move objects 70.651ms
[1022.555s][info][gc,heap        ] GC(1778) DefNew: 629120K(629120K)->0K(629120K) Eden: 559232K(559232K)->0K(559232K) From: 69888K(69888K)->0K(69888K)
[1022.555s][info][gc,heap        ] GC(1778) Tenured: 1398143K(1398144K)->1286219K(1398144K)
[1022.555s][info][gc,metaspace   ] GC(1778) Metaspace: 121878K(125760K)->121878K(125760K) NonClass: 105661K(106304K)->105661K(106304K) Class: 16217K(19456K)->16217K(19456K)
[1022.555s][info][gc             ] GC(1778) Pause Full (Allocation Failure) 1979M->1256M(1979M) 346.988ms
[1022.555s][info][gc,cpu         ] GC(1778) User=0.36s Sys=0.00s Real=0.35s
[1022.618s][info][gc,start       ] GC(1779) Pause Young (Allocation Failure)
[1022.622s][info][gc,heap        ] GC(1779) DefNew: 559232K(629120K)->813K(629120K) Eden: 559232K(559232K)->0K(559232K) From: 0K(69888K)->813K(69888K)
[1022.622s][info][gc,heap        ] GC(1779) Tenured: 1286219K(1398144K)->1286219K(1398144K)
[1022.622s][info][gc,metaspace   ] GC(1779) Metaspace: 121878K(125760K)->121878K(125760K) NonClass: 105661K(106304K)->105661K(106304K) Class: 16217K(19456K)->16217K(19456K)
[1022.622s][info][gc             ] GC(1779) Pause Young (Allocation Failure) 1802M->1256M(1979M) 3.417ms
[1022.622s][info][gc,cpu         ] GC(1779) User=0.00s Sys=0.00s Real=0.00s
[1023.050s][info][gc,start       ] GC(1780) Pause Full (System.gc())
[1023.050s][info][gc,phases,start] GC(1780) Phase 1: Mark live objects
[1023.116s][info][gc,phases      ] GC(1780) Phase 1: Mark live objects 65.581ms
[1023.116s][info][gc,phases,start] GC(1780) Phase 2: Compute new object addresses
[1023.177s][info][gc,phases      ] GC(1780) Phase 2: Compute new object addresses 61.594ms
[1023.177s][info][gc,phases,start] GC(1780) Phase 3: Adjust pointers
[1023.209s][info][gc,phases      ] GC(1780) Phase 3: Adjust pointers 31.655ms
[1023.209s][info][gc,phases,start] GC(1780) Phase 4: Move objects
[1023.209s][info][gc,phases      ] GC(1780) Phase 4: Move objects 0.107ms
[1023.210s][info][gc,heap        ] GC(1780) DefNew: 153888K(629120K)->0K(629120K) Eden: 153075K(559232K)->0K(559232K) From: 813K(69888K)->0K(69888K)
[1023.210s][info][gc,heap        ] GC(1780) Tenured: 1286219K(1398144K)->1027273K(1398144K)
[1023.210s][info][gc,metaspace   ] GC(1780) Metaspace: 121889K(125760K)->121889K(125760K) NonClass: 105671K(106304K)->105671K(106304K) Class: 16218K(19456K)->16218K(19456K)
[1023.210s][info][gc             ] GC(1780) Pause Full (System.gc()) 1406M->1003M(1979M) 160.146ms
[1023.210s][info][gc,cpu         ] GC(1780) User=0.17s Sys=0.00s Real=0.17s
[1023.320s][info][gc,start       ] GC(1781) Pause Young (Allocation Failure)
[1023.335s][info][gc,heap        ] GC(1781) DefNew: 559231K(629120K)->14526K(629120K) Eden: 559231K(559232K)->0K(559232K) From: 0K(69888K)->14526K(69888K)
[1023.335s][info][gc,heap        ] GC(1781) Tenured: 1027273K(1398144K)->1027273K(1398144K)
[1023.335s][info][gc,metaspace   ] GC(1781) Metaspace: 121893K(125760K)->121893K(125760K) NonClass: 105675K(106304K)->105675K(106304K) Class: 16218K(19456K)->16218K(19456K)
[1023.335s][info][gc             ] GC(1781) Pause Young (Allocation Failure) 1549M->1017M(1979M) 14.618ms
[1023.335s][info][gc,cpu         ] GC(1781) User=0.02s Sys=0.00s Real=0.02s
[1023.372s][info][gc,start       ] GC(1782) Pause Young (Allocation Failure)
[1023.384s][info][gc,heap        ] GC(1782) DefNew: 573758K(629120K)->20372K(629120K) Eden: 559232K(559232K)->0K(559232K) From: 14526K(69888K)->20372K(69888K)
[1023.384s][info][gc,heap        ] GC(1782) Tenured: 1027273K(1398144K)->1027273K(1398144K)
[1023.384s][info][gc,metaspace   ] GC(1782) Metaspace: 121893K(125760K)->121893K(125760K) NonClass: 105675K(106304K)->105675K(106304K) Class: 16218K(19456K)->16218K(19456K)
[1023.384s][info][gc             ] GC(1782) Pause Young (Allocation Failure) 1563M->1023M(1979M) 11.465ms
[1023.384s][info][gc,cpu         ] GC(1782) User=0.02s Sys=0.00s Real=0.02s
[1023.422s][info][gc,start       ] GC(1783) Pause Young (Allocation Failure)
[1023.434s][info][gc,heap        ] GC(1783) DefNew: 579604K(629120K)->25420K(629120K) Eden: 559232K(559232K)->0K(559232K) From: 20372K(69888K)->25420K(69888K)
[1023.434s][info][gc,heap        ] GC(1783) Tenured: 1027273K(1398144K)->1027273K(1398144K)
[1023.434s][info][gc,metaspace   ] GC(1783) Metaspace: 121893K(125760K)->121893K(125760K) NonClass: 105675K(106304K)->105675K(106304K) Class: 16218K(19456K)->16218K(19456K)
[1023.434s][info][gc             ] GC(1783) Pause Young (Allocation Failure) 1569M->1028M(1979M) 12.586ms
[1023.434s][info][gc,cpu         ] GC(1783) User=0.02s Sys=0.00s Real=0.02s
[1023.472s][info][gc,start       ] GC(1784) Pause Young (Allocation Failure)
[1023.540s][info][gc,heap        ] GC(1784) DefNew: 584652K(629120K)->33305K(629120K) Eden: 559232K(559232K)->0K(559232K) From: 25420K(69888K)->33305K(69888K)
[1023.540s][info][gc,heap        ] GC(1784) Tenured: 1027273K(1398144K)->1027273K(1398144K)
[1023.540s][info][gc,metaspace   ] GC(1784) Metaspace: 121893K(125760K)->121893K(125760K) NonClass: 105675K(106304K)->105675K(106304K) Class: 16218K(19456K)->16218K(19456K)
[1023.540s][info][gc             ] GC(1784) Pause Young (Allocation Failure) 1574M->1035M(1979M) 68.171ms
[1023.540s][info][gc,cpu         ] GC(1784) User=0.03s Sys=0.00s Real=0.07s
[1023.578s][info][gc,start       ] GC(1785) Pause Young (Allocation Failure)
[1023.593s][info][gc,heap        ] GC(1785) DefNew: 592537K(629120K)->38011K(629120K) Eden: 559232K(559232K)->0K(559232K) From: 33305K(69888K)->38011K(69888K)
[1023.593s][info][gc,heap        ] GC(1785) Tenured: 1027273K(1398144K)->1027273K(1398144K)
[1023.593s][info][gc,metaspace   ] GC(1785) Metaspace: 121893K(125760K)->121893K(125760K) NonClass: 105675K(106304K)->105675K(106304K) Class: 16218K(19456K)->16218K(19456K)
[1023.593s][info][gc             ] GC(1785) Pause Young (Allocation Failure) 1581M->1040M(1979M) 14.970ms
[1023.593s][info][gc,cpu         ] GC(1785) User=0.00s Sys=0.00s Real=0.00s
[1023.631s][info][gc,start       ] GC(1786) Pause Young (Allocation Failure)
[1023.652s][info][gc,heap        ] GC(1786) DefNew: 597243K(629120K)->48721K(629120K) Eden: 559232K(559232K)->0K(559232K) From: 38011K(69888K)->48721K(69888K)
[1023.652s][info][gc,heap        ] GC(1786) Tenured: 1027273K(1398144K)->1036806K(1398144K)
[1023.652s][info][gc,metaspace   ] GC(1786) Metaspace: 121893K(125760K)->121893K(125760K) NonClass: 105675K(106304K)->105675K(106304K) Class: 16218K(19456K)->16218K(19456K)
[1023.652s][info][gc             ] GC(1786) Pause Young (Allocation Failure) 1586M->1060M(1979M) 21.151ms
[1023.652s][info][gc,cpu         ] GC(1786) User=0.02s Sys=0.00s Real=0.02s
[1023.691s][info][gc,start       ] GC(1787) Pause Young (Allocation Failure)
[1023.704s][info][gc,heap        ] GC(1787) DefNew: 607953K(629120K)->40858K(629120K) Eden: 559232K(559232K)->0K(559232K) From: 48721K(69888K)->40858K(69888K)
[1023.704s][info][gc,heap        ] GC(1787) Tenured: 1036806K(1398144K)->1043078K(1398144K)
[1023.704s][info][gc,metaspace   ] GC(1787) Metaspace: 121893K(125760K)->121893K(125760K) NonClass: 105675K(106304K)->105675K(106304K) Class: 16218K(19456K)->16218K(19456K)
[1023.704s][info][gc             ] GC(1787) Pause Young (Allocation Failure) 1606M->1058M(1979M) 13.664ms
[1023.704s][info][gc,cpu         ] GC(1787) User=0.02s Sys=0.00s Real=0.02s
[1023.742s][info][gc,start       ] GC(1788) Pause Young (Allocation Failure)
[1023.754s][info][gc,heap        ] GC(1788) DefNew: 600090K(629120K)->6565K(629120K) Eden: 559232K(559232K)->0K(559232K) From: 40858K(69888K)->6565K(69888K)
[1023.754s][info][gc,heap        ] GC(1788) Tenured: 1043078K(1398144K)->1077455K(1398144K)
[1023.754s][info][gc,metaspace   ] GC(1788) Metaspace: 121893K(125760K)->121893K(125760K) NonClass: 105675K(106304K)->105675K(106304K) Class: 16218K(19456K)->16218K(19456K)
[1023.754s][info][gc             ] GC(1788) Pause Young (Allocation Failure) 1604M->1058M(1979M) 12.008ms
[1023.754s][info][gc,cpu         ] GC(1788) User=0.02s Sys=0.00s Real=0.01s
[1023.792s][info][gc,start       ] GC(1789) Pause Young (Allocation Failure)
[1023.798s][info][gc,heap        ] GC(1789) DefNew: 565797K(629120K)->12812K(629120K) Eden: 559232K(559232K)->0K(559232K) From: 6565K(69888K)->12812K(69888K)
[1023.798s][info][gc,heap        ] GC(1789) Tenured: 1077455K(1398144K)->1077455K(1398144K)
[1023.798s][info][gc,metaspace   ] GC(1789) Metaspace: 121893K(125760K)->121893K(125760K) NonClass: 105675K(106304K)->105675K(106304K) Class: 16218K(19456K)->16218K(19456K)
[1023.798s][info][gc             ] GC(1789) Pause Young (Allocation Failure) 1604M->1064M(1979M) 5.844ms
[1023.798s][info][gc,cpu         ] GC(1789) User=0.02s Sys=0.00s Real=0.01s
[1023.836s][info][gc,start       ] GC(1790) Pause Young (Allocation Failure)
[1023.844s][info][gc,heap        ] GC(1790) DefNew: 572044K(629120K)->25335K(629120K) Eden: 559232K(559232K)->0K(559232K) From: 12812K(69888K)->25335K(69888K)
[1023.844s][info][gc,heap        ] GC(1790) Tenured: 1077455K(1398144K)->1077455K(1398144K)
[1023.844s][info][gc,metaspace   ] GC(1790) Metaspace: 121893K(125760K)->121893K(125760K) NonClass: 105675K(106304K)->105675K(106304K) Class: 16218K(19456K)->16218K(19456K)
[1023.844s][info][gc             ] GC(1790) Pause Young (Allocation Failure) 1610M->1076M(1979M) 8.512ms
[1023.844s][info][gc,cpu         ] GC(1790) User=0.02s Sys=0.00s Real=0.02s
[1023.891s][info][gc,start       ] GC(1791) Pause Young (Allocation Failure)
[1023.913s][info][gc,heap        ] GC(1791) DefNew: 584567K(629120K)->68972K(629120K) Eden: 559232K(559232K)->0K(559232K) From: 25335K(69888K)->68972K(69888K)
[1023.913s][info][gc,heap        ] GC(1791) Tenured: 1077455K(1398144K)->1089955K(1398144K)
[1023.913s][info][gc,metaspace   ] GC(1791) Metaspace: 121893K(125760K)->121893K(125760K) NonClass: 105675K(106304K)->105675K(106304K) Class: 16218K(19456K)->16218K(19456K)
[1023.913s][info][gc             ] GC(1791) Pause Young (Allocation Failure) 1623M->1131M(1979M) 21.861ms
[1023.913s][info][gc,cpu         ] GC(1791) User=0.02s Sys=0.00s Real=0.02s
[1023.952s][info][gc,start       ] GC(1792) Pause Young (Allocation Failure)
[1023.974s][info][gc,heap        ] GC(1792) DefNew: 628204K(629120K)->23138K(629120K) Eden: 559232K(559232K)->0K(559232K) From: 68972K(69888K)->23138K(69888K)
[1023.974s][info][gc,heap        ] GC(1792) Tenured: 1089955K(1398144K)->1152468K(1398144K)
[1023.974s][info][gc,metaspace   ] GC(1792) Metaspace: 121893K(125760K)->121893K(125760K) NonClass: 105675K(106304K)->105675K(106304K) Class: 16218K(19456K)->16218K(19456K)
[1023.974s][info][gc             ] GC(1792) Pause Young (Allocation Failure) 1677M->1148M(1979M) 22.267ms
[1023.974s][info][gc,cpu         ] GC(1792) User=0.03s Sys=0.00s Real=0.03s
[1024.013s][info][gc,start       ] GC(1793) Pause Young (Allocation Failure)
[1024.025s][info][gc,heap        ] GC(1793) DefNew: 582370K(629120K)->35703K(629120K) Eden: 559232K(559232K)->0K(559232K) From: 23138K(69888K)->35703K(69888K)
[1024.025s][info][gc,heap        ] GC(1793) Tenured: 1152468K(1398144K)->1152468K(1398144K)
[1024.025s][info][gc,metaspace   ] GC(1793) Metaspace: 121893K(125760K)->121893K(125760K) NonClass: 105675K(106304K)->105675K(106304K) Class: 16218K(19456K)->16218K(19456K)
[1024.025s][info][gc             ] GC(1793) Pause Young (Allocation Failure) 1694M->1160M(1979M) 11.538ms
[1024.025s][info][gc,cpu         ] GC(1793) User=0.02s Sys=0.00s Real=0.01s
[1024.066s][info][gc,start       ] GC(1794) Pause Young (Allocation Failure)
[1024.092s][info][gc,heap        ] GC(1794) DefNew: 594935K(629120K)->67637K(629120K) Eden: 559232K(559232K)->0K(559232K) From: 35703K(69888K)->67637K(69888K)
[1024.092s][info][gc,heap        ] GC(1794) Tenured: 1152468K(1398144K)->1183491K(1398144K)
[1024.092s][info][gc,metaspace   ] GC(1794) Metaspace: 121893K(125760K)->121893K(125760K) NonClass: 105675K(106304K)->105675K(106304K) Class: 16218K(19456K)->16218K(19456K)
[1024.092s][info][gc             ] GC(1794) Pause Young (Allocation Failure) 1706M->1221M(1979M) 25.564ms
[1024.092s][info][gc,cpu         ] GC(1794) User=0.02s Sys=0.00s Real=0.01s
[1024.132s][info][gc,start       ] GC(1795) Pause Young (Allocation Failure)
[1024.162s][info][gc,heap        ] GC(1795) DefNew: 626869K(629120K)->48452K(629120K) Eden: 559232K(559232K)->0K(559232K) From: 67637K(69888K)->48452K(69888K)
[1024.162s][info][gc,heap        ] GC(1795) Tenured: 1183491K(1398144K)->1249378K(1398144K)
[1024.162s][info][gc,metaspace   ] GC(1795) Metaspace: 121893K(125760K)->121893K(125760K) NonClass: 105675K(106304K)->105675K(106304K) Class: 16218K(19456K)->16218K(19456K)
[1024.162s][info][gc             ] GC(1795) Pause Young (Allocation Failure) 1767M->1267M(1979M) 29.958ms
[1024.162s][info][gc,cpu         ] GC(1795) User=0.02s Sys=0.00s Real=0.03s
[1024.201s][info][gc,start       ] GC(1796) Pause Young (Allocation Failure)
[1024.218s][info][gc,heap        ] GC(1796) DefNew: 607684K(629120K)->16421K(629120K) Eden: 559232K(559232K)->0K(559232K) From: 48452K(69888K)->16421K(69888K)
[1024.218s][info][gc,heap        ] GC(1796) Tenured: 1249378K(1398144K)->1293465K(1398144K)
[1024.218s][info][gc,metaspace   ] GC(1796) Metaspace: 121893K(125760K)->121893K(125760K) NonClass: 105675K(106304K)->105675K(106304K) Class: 16218K(19456K)->16218K(19456K)
[1024.218s][info][gc             ] GC(1796) Pause Young (Allocation Failure) 1813M->1279M(1979M) 17.316ms
[1024.218s][info][gc,cpu         ] GC(1796) User=0.02s Sys=0.00s Real=0.02s
[1024.256s][info][gc,start       ] GC(1797) Pause Young (Allocation Failure)
[1024.264s][info][gc,heap        ] GC(1797) DefNew: 575653K(629120K)->21297K(629120K) Eden: 559232K(559232K)->0K(559232K) From: 16421K(69888K)->21297K(69888K)
[1024.264s][info][gc,heap        ] GC(1797) Tenured: 1293465K(1398144K)->1293465K(1398144K)
[1024.264s][info][gc,metaspace   ] GC(1797) Metaspace: 121893K(125760K)->121893K(125760K) NonClass: 105675K(106304K)->105675K(106304K) Class: 16218K(19456K)->16218K(19456K)
[1024.264s][info][gc             ] GC(1797) Pause Young (Allocation Failure) 1825M->1283M(1979M) 8.141ms
[1024.264s][info][gc,cpu         ] GC(1797) User=0.00s Sys=0.00s Real=0.00s
[1024.303s][info][gc,start       ] GC(1798) Pause Young (Allocation Failure)
[1024.312s][info][gc,heap        ] GC(1798) DefNew: 580529K(629120K)->27960K(629120K) Eden: 559232K(559232K)->0K(559232K) From: 21297K(69888K)->27960K(69888K)
[1024.312s][info][gc,heap        ] GC(1798) Tenured: 1293465K(1398144K)->1293465K(1398144K)
[1024.312s][info][gc,metaspace   ] GC(1798) Metaspace: 121893K(125760K)->121893K(125760K) NonClass: 105675K(106304K)->105675K(106304K) Class: 16218K(19456K)->16218K(19456K)
[1024.312s][info][gc             ] GC(1798) Pause Young (Allocation Failure) 1830M->1290M(1979M) 9.458ms
[1024.312s][info][gc,cpu         ] GC(1798) User=0.00s Sys=0.00s Real=0.00s
[1024.350s][info][gc,start       ] GC(1799) Pause Young (Allocation Failure)
[1024.362s][info][gc,heap        ] GC(1799) DefNew: 587192K(629120K)->35783K(629120K) Eden: 559232K(559232K)->0K(559232K) From: 27960K(69888K)->35783K(69888K)
[1024.362s][info][gc,heap        ] GC(1799) Tenured: 1293465K(1398144K)->1293465K(1398144K)
[1024.362s][info][gc,metaspace   ] GC(1799) Metaspace: 121893K(125760K)->121893K(125760K) NonClass: 105675K(106304K)->105675K(106304K) Class: 16218K(19456K)->16218K(19456K)
[1024.362s][info][gc             ] GC(1799) Pause Young (Allocation Failure) 1836M->1298M(1979M) 11.186ms
[1024.362s][info][gc,cpu         ] GC(1799) User=0.02s Sys=0.00s Real=0.01s
[1024.400s][info][gc,start       ] GC(1800) Pause Young (Allocation Failure)
[1024.414s][info][gc,heap        ] GC(1800) DefNew: 595015K(629120K)->44019K(629120K) Eden: 559232K(559232K)->0K(559232K) From: 35783K(69888K)->44019K(69888K)
[1024.414s][info][gc,heap        ] GC(1800) Tenured: 1293465K(1398144K)->1297705K(1398144K)
[1024.414s][info][gc,metaspace   ] GC(1800) Metaspace: 121893K(125760K)->121893K(125760K) NonClass: 105675K(106304K)->105675K(106304K) Class: 16218K(19456K)->16218K(19456K)
[1024.414s][info][gc             ] GC(1800) Pause Young (Allocation Failure) 1844M->1310M(1979M) 14.115ms
[1024.414s][info][gc,cpu         ] GC(1800) User=0.02s Sys=0.00s Real=0.02s
[1024.453s][info][gc,start       ] GC(1801) Pause Young (Allocation Failure)
[1024.467s][info][gc,heap        ] GC(1801) DefNew: 603251K(629120K)->31512K(629120K) Eden: 559232K(559232K)->0K(559232K) From: 44019K(69888K)->31512K(69888K)
[1024.467s][info][gc,heap        ] GC(1801) Tenured: 1297705K(1398144K)->1314902K(1398144K)
[1024.467s][info][gc,metaspace   ] GC(1801) Metaspace: 121893K(125760K)->121893K(125760K) NonClass: 105675K(106304K)->105675K(106304K) Class: 16218K(19456K)->16218K(19456K)
[1024.467s][info][gc             ] GC(1801) Pause Young (Allocation Failure) 1856M->1314M(1979M) 13.949ms
[1024.467s][info][gc,cpu         ] GC(1801) User=0.00s Sys=0.00s Real=0.00s
[1024.505s][info][gc,start       ] GC(1802) Pause Young (Allocation Failure)
[1024.516s][info][gc,heap        ] GC(1802) DefNew: 590744K(629120K)->37806K(629120K) Eden: 559232K(559232K)->0K(559232K) From: 31512K(69888K)->37806K(69888K)
[1024.516s][info][gc,heap        ] GC(1802) Tenured: 1314902K(1398144K)->1314902K(1398144K)
[1024.516s][info][gc,metaspace   ] GC(1802) Metaspace: 121893K(125760K)->121893K(125760K) NonClass: 105675K(106304K)->105675K(106304K) Class: 16218K(19456K)->16218K(19456K)
[1024.516s][info][gc             ] GC(1802) Pause Young (Allocation Failure) 1860M->1321M(1979M) 11.293ms
[1024.516s][info][gc,cpu         ] GC(1802) User=0.02s Sys=0.00s Real=0.02s
[1024.555s][info][gc,start       ] GC(1803) Pause Young (Allocation Failure)
[1024.568s][info][gc,heap        ] GC(1803) DefNew: 597038K(629120K)->31511K(629120K) Eden: 559232K(559232K)->0K(559232K) From: 37806K(69888K)->31511K(69888K)
[1024.569s][info][gc,heap        ] GC(1803) Tenured: 1314902K(1398144K)->1333653K(1398144K)
[1024.569s][info][gc,metaspace   ] GC(1803) Metaspace: 121893K(125760K)->121893K(125760K) NonClass: 105675K(106304K)->105675K(106304K) Class: 16218K(19456K)->16218K(19456K)
[1024.569s][info][gc             ] GC(1803) Pause Young (Allocation Failure) 1867M->1333M(1979M) 13.989ms
[1024.569s][info][gc,cpu         ] GC(1803) User=0.03s Sys=0.00s Real=0.02s
[1024.607s][info][gc,start       ] GC(1804) Pause Young (Allocation Failure)
[1024.607s][info][gc             ] GC(1804) Pause Young (Allocation Failure) 1879M->1879M(1979M) 0.123ms
[1024.607s][info][gc,cpu         ] GC(1804) User=0.00s Sys=0.00s Real=0.00s
[1024.607s][info][gc,start       ] GC(1805) Pause Full (Allocation Failure)
[1024.607s][info][gc,phases,start] GC(1805) Phase 1: Mark live objects
[1024.667s][info][gc,phases      ] GC(1805) Phase 1: Mark live objects 59.103ms
[1024.667s][info][gc,phases,start] GC(1805) Phase 2: Compute new object addresses
[1024.829s][info][gc,phases      ] GC(1805) Phase 2: Compute new object addresses 162.453ms
[1024.829s][info][gc,phases,start] GC(1805) Phase 3: Adjust pointers
[1024.868s][info][gc,phases      ] GC(1805) Phase 3: Adjust pointers 39.253ms
[1024.868s][info][gc,phases,start] GC(1805) Phase 4: Move objects
[1024.899s][info][gc,phases      ] GC(1805) Phase 4: Move objects 30.318ms
[1024.900s][info][gc,heap        ] GC(1805) DefNew: 590743K(629120K)->0K(629120K) Eden: 559232K(559232K)->0K(559232K) From: 31511K(69888K)->0K(69888K)
[1024.900s][info][gc,heap        ] GC(1805) Tenured: 1333653K(1398144K)->1174754K(1398144K)
[1024.900s][info][gc,metaspace   ] GC(1805) Metaspace: 121893K(125760K)->121893K(125760K) NonClass: 105675K(106304K)->105675K(106304K) Class: 16218K(19456K)->16218K(19456K)
[1024.900s][info][gc             ] GC(1805) Pause Full (Allocation Failure) 1879M->1147M(1979M) 292.293ms
[1024.900s][info][gc,cpu         ] GC(1805) User=0.31s Sys=0.00s Real=0.30s
[1024.940s][info][gc,start       ] GC(1806) Pause Young (Allocation Failure)
[1024.998s][info][gc,heap        ] GC(1806) DefNew: 559232K(629120K)->31767K(629120K) Eden: 559232K(559232K)->0K(559232K) From: 0K(69888K)->31767K(69888K)
[1024.998s][info][gc,heap        ] GC(1806) Tenured: 1174754K(1398144K)->1174754K(1398144K)
[1024.998s][info][gc,metaspace   ] GC(1806) Metaspace: 121893K(125760K)->121893K(125760K) NonClass: 105675K(106304K)->105675K(106304K) Class: 16218K(19456K)->16218K(19456K)
[1024.998s][info][gc             ] GC(1806) Pause Young (Allocation Failure) 1693M->1178M(1979M) 57.644ms
[1024.998s][info][gc,cpu         ] GC(1806) User=0.02s Sys=0.00s Real=0.05s
[1025.045s][info][gc,start       ] GC(1807) Pause Young (Allocation Failure)
[1025.066s][info][gc,heap        ] GC(1807) DefNew: 590999K(629120K)->69646K(629120K) Eden: 559232K(559232K)->0K(559232K) From: 31767K(69888K)->69646K(69888K)
[1025.066s][info][gc,heap        ] GC(1807) Tenured: 1174754K(1398144K)->1182910K(1398144K)
[1025.066s][info][gc,metaspace   ] GC(1807) Metaspace: 121893K(125760K)->121893K(125760K) NonClass: 105675K(106304K)->105675K(106304K) Class: 16218K(19456K)->16218K(19456K)
[1025.066s][info][gc             ] GC(1807) Pause Young (Allocation Failure) 1724M->1223M(1979M) 21.343ms
[1025.066s][info][gc,cpu         ] GC(1807) User=0.02s Sys=0.00s Real=0.02s
[1025.123s][info][gc,start       ] GC(1808) Pause Young (Allocation Failure)
[1025.147s][info][gc,heap        ] GC(1808) DefNew: 628878K(629120K)->30706K(629120K) Eden: 559232K(559232K)->0K(559232K) From: 69646K(69888K)->30706K(69888K)
[1025.147s][info][gc,heap        ] GC(1808) Tenured: 1182910K(1398144K)->1239231K(1398144K)
[1025.147s][info][gc,metaspace   ] GC(1808) Metaspace: 121893K(125760K)->121893K(125760K) NonClass: 105675K(106304K)->105675K(106304K) Class: 16218K(19456K)->16218K(19456K)
[1025.147s][info][gc             ] GC(1808) Pause Young (Allocation Failure) 1769M->1240M(1979M) 24.199ms
[1025.147s][info][gc,cpu         ] GC(1808) User=0.02s Sys=0.00s Real=0.02s
[1025.188s][info][gc,start       ] GC(1809) Pause Young (Allocation Failure)
[1025.207s][info][gc,heap        ] GC(1809) DefNew: 589938K(629120K)->68015K(629120K) Eden: 559232K(559232K)->0K(559232K) From: 30706K(69888K)->68015K(69888K)
[1025.207s][info][gc,heap        ] GC(1809) Tenured: 1239231K(1398144K)->1239231K(1398144K)
[1025.207s][info][gc,metaspace   ] GC(1809) Metaspace: 121893K(125760K)->121893K(125760K) NonClass: 105675K(106304K)->105675K(106304K) Class: 16218K(19456K)->16218K(19456K)
[1025.207s][info][gc             ] GC(1809) Pause Young (Allocation Failure) 1786M->1276M(1979M) 19.199ms
[1025.207s][info][gc,cpu         ] GC(1809) User=0.02s Sys=0.00s Real=0.01s
[1025.247s][info][gc,start       ] GC(1810) Pause Young (Allocation Failure)
[1025.275s][info][gc,heap        ] GC(1810) DefNew: 627247K(629120K)->42662K(629120K) Eden: 559232K(559232K)->0K(559232K) From: 68015K(69888K)->42662K(69888K)
[1025.275s][info][gc,heap        ] GC(1810) Tenured: 1239231K(1398144K)->1302881K(1398144K)
[1025.275s][info][gc,metaspace   ] GC(1810) Metaspace: 121893K(125760K)->121893K(125760K) NonClass: 105675K(106304K)->105675K(106304K) Class: 16218K(19456K)->16218K(19456K)
[1025.275s][info][gc             ] GC(1810) Pause Young (Allocation Failure) 1822M->1314M(1979M) 27.919ms
[1025.275s][info][gc,cpu         ] GC(1810) User=0.03s Sys=0.00s Real=0.03s
[1025.315s][info][gc,start       ] GC(1811) Pause Young (Allocation Failure)
[1025.332s][info][gc,heap        ] GC(1811) DefNew: 601894K(629120K)->23595K(629120K) Eden: 559232K(559232K)->0K(559232K) From: 42662K(69888K)->23595K(69888K)
[1025.332s][info][gc,heap        ] GC(1811) Tenured: 1302881K(1398144K)->1340657K(1398144K)
[1025.332s][info][gc,metaspace   ] GC(1811) Metaspace: 121893K(125760K)->121893K(125760K) NonClass: 105675K(106304K)->105675K(106304K) Class: 16218K(19456K)->16218K(19456K)
[1025.332s][info][gc             ] GC(1811) Pause Young (Allocation Failure) 1860M->1332M(1979M) 16.868ms
[1025.332s][info][gc,cpu         ] GC(1811) User=0.02s Sys=0.00s Real=0.02s
[1025.373s][info][gc,start       ] GC(1812) Pause Young (Allocation Failure)
[1025.373s][info][gc             ] GC(1812) Pause Young (Allocation Failure) 1878M->1878M(1979M) 0.137ms
[1025.373s][info][gc,cpu         ] GC(1812) User=0.00s Sys=0.00s Real=0.00s
[1025.373s][info][gc,start       ] GC(1813) Pause Full (Allocation Failure)
[1025.374s][info][gc,phases,start] GC(1813) Phase 1: Mark live objects
[1025.435s][info][gc,phases      ] GC(1813) Phase 1: Mark live objects 61.495ms
[1025.435s][info][gc,phases,start] GC(1813) Phase 2: Compute new object addresses
[1025.585s][info][gc,phases      ] GC(1813) Phase 2: Compute new object addresses 149.567ms
[1025.585s][info][gc,phases,start] GC(1813) Phase 3: Adjust pointers
[1025.620s][info][gc,phases      ] GC(1813) Phase 3: Adjust pointers 35.236ms
[1025.620s][info][gc,phases,start] GC(1813) Phase 4: Move objects
[1025.644s][info][gc,phases      ] GC(1813) Phase 4: Move objects 24.115ms
[1025.645s][info][gc,heap        ] GC(1813) DefNew: 582827K(629120K)->0K(629120K) Eden: 559232K(559232K)->0K(559232K) From: 23595K(69888K)->0K(69888K)
[1025.645s][info][gc,heap        ] GC(1813) Tenured: 1340657K(1398144K)->1204655K(1398144K)
[1025.645s][info][gc,metaspace   ] GC(1813) Metaspace: 121893K(125760K)->121893K(125760K) NonClass: 105675K(106304K)->105675K(106304K) Class: 16218K(19456K)->16218K(19456K)
[1025.645s][info][gc             ] GC(1813) Pause Full (Allocation Failure) 1878M->1176M(1979M) 271.529ms
[1025.645s][info][gc,cpu         ] GC(1813) User=0.27s Sys=0.00s Real=0.27s
[1025.686s][info][gc,start       ] GC(1814) Pause Young (Allocation Failure)
[1025.698s][info][gc,heap        ] GC(1814) DefNew: 559232K(629120K)->32785K(629120K) Eden: 559232K(559232K)->0K(559232K) From: 0K(69888K)->32785K(69888K)
[1025.698s][info][gc,heap        ] GC(1814) Tenured: 1204655K(1398144K)->1204655K(1398144K)
[1025.698s][info][gc,metaspace   ] GC(1814) Metaspace: 121893K(125760K)->121893K(125760K) NonClass: 105675K(106304K)->105675K(106304K) Class: 16218K(19456K)->16218K(19456K)
[1025.698s][info][gc             ] GC(1814) Pause Young (Allocation Failure) 1722M->1208M(1979M) 11.553ms
[1025.698s][info][gc,cpu         ] GC(1814) User=0.02s Sys=0.00s Real=0.01s
[1025.736s][info][gc,start       ] GC(1815) Pause Young (Allocation Failure)
[1025.762s][info][gc,heap        ] GC(1815) DefNew: 592017K(629120K)->69652K(629120K) Eden: 559232K(559232K)->0K(559232K) From: 32785K(69888K)->69652K(69888K)
[1025.762s][info][gc,heap        ] GC(1815) Tenured: 1204655K(1398144K)->1229655K(1398144K)
[1025.762s][info][gc,metaspace   ] GC(1815) Metaspace: 121893K(125760K)->121893K(125760K) NonClass: 105675K(106304K)->105675K(106304K) Class: 16218K(19456K)->16218K(19456K)
[1025.762s][info][gc             ] GC(1815) Pause Young (Allocation Failure) 1754M->1268M(1979M) 26.523ms
[1025.762s][info][gc,cpu         ] GC(1815) User=0.03s Sys=0.00s Real=0.03s
[1025.802s][info][gc,start       ] GC(1816) Pause Young (Allocation Failure)
[1025.831s][info][gc,heap        ] GC(1816) DefNew: 628884K(629120K)->69852K(629120K) Eden: 559232K(559232K)->0K(559232K) From: 69652K(69888K)->69852K(69888K)
[1025.831s][info][gc,heap        ] GC(1816) Tenured: 1229655K(1398144K)->1268154K(1398144K)
[1025.831s][info][gc,metaspace   ] GC(1816) Metaspace: 121893K(125760K)->121893K(125760K) NonClass: 105675K(106304K)->105675K(106304K) Class: 16218K(19456K)->16218K(19456K)
[1025.831s][info][gc             ] GC(1816) Pause Young (Allocation Failure) 1814M->1306M(1979M) 29.305ms
[1025.831s][info][gc,cpu         ] GC(1816) User=0.03s Sys=0.00s Real=0.03s
[1025.867s][info][gc,start       ] GC(1817) Pause Young (Allocation Failure)
[1025.896s][info][gc,heap        ] GC(1817) DefNew: 629084K(629120K)->59855K(629120K) Eden: 559232K(559232K)->0K(559232K) From: 69852K(69888K)->59855K(69888K)
[1025.896s][info][gc,heap        ] GC(1817) Tenured: 1268154K(1398144K)->1323763K(1398144K)
[1025.896s][info][gc,metaspace   ] GC(1817) Metaspace: 121893K(125760K)->121893K(125760K) NonClass: 105675K(106304K)->105675K(106304K) Class: 16218K(19456K)->16218K(19456K)
[1025.896s][info][gc             ] GC(1817) Pause Young (Allocation Failure) 1852M->1351M(1979M) 28.783ms
[1025.896s][info][gc,cpu         ] GC(1817) User=0.03s Sys=0.00s Real=0.03s
[1025.931s][info][gc,start       ] GC(1818) Pause Young (Allocation Failure)
[1025.931s][info][gc             ] GC(1818) Pause Young (Allocation Failure) 1897M->1897M(1979M) 0.120ms
[1025.931s][info][gc,cpu         ] GC(1818) User=0.00s Sys=0.00s Real=0.00s
[1025.931s][info][gc,start       ] GC(1819) Pause Full (Allocation Failure)
[1025.931s][info][gc,phases,start] GC(1819) Phase 1: Mark live objects
[1025.989s][info][gc,phases      ] GC(1819) Phase 1: Mark live objects 58.044ms
[1025.989s][info][gc,phases,start] GC(1819) Phase 2: Compute new object addresses
[1026.139s][info][gc,phases      ] GC(1819) Phase 2: Compute new object addresses 150.370ms
[1026.139s][info][gc,phases,start] GC(1819) Phase 3: Adjust pointers
[1026.184s][info][gc,phases      ] GC(1819) Phase 3: Adjust pointers 44.275ms
[1026.184s][info][gc,phases,start] GC(1819) Phase 4: Move objects
[1026.240s][info][gc,phases      ] GC(1819) Phase 4: Move objects 56.579ms
[1026.241s][info][gc,heap        ] GC(1819) DefNew: 619087K(629120K)->0K(629120K) Eden: 559232K(559232K)->0K(559232K) From: 59855K(69888K)->0K(69888K)
[1026.241s][info][gc,heap        ] GC(1819) Tenured: 1323763K(1398144K)->1208563K(1398144K)
[1026.241s][info][gc,metaspace   ] GC(1819) Metaspace: 121893K(125760K)->121893K(125760K) NonClass: 105675K(106304K)->105675K(106304K) Class: 16218K(19456K)->16218K(19456K)
[1026.241s][info][gc             ] GC(1819) Pause Full (Allocation Failure) 1897M->1180M(1979M) 310.491ms
[1026.241s][info][gc,cpu         ] GC(1819) User=0.30s Sys=0.00s Real=0.30s
[1026.278s][info][gc,start       ] GC(1820) Pause Young (Allocation Failure)
[1026.290s][info][gc,heap        ] GC(1820) DefNew: 555679K(629120K)->34036K(629120K) Eden: 555679K(559232K)->0K(559232K) From: 0K(69888K)->34036K(69888K)
[1026.290s][info][gc,heap        ] GC(1820) Tenured: 1208563K(1398144K)->1208563K(1398144K)
[1026.290s][info][gc,metaspace   ] GC(1820) Metaspace: 121893K(125760K)->121893K(125760K) NonClass: 105675K(106304K)->105675K(106304K) Class: 16218K(19456K)->16218K(19456K)
[1026.290s][info][gc             ] GC(1820) Pause Young (Allocation Failure) 1722M->1213M(1979M) 11.762ms
[1026.290s][info][gc,cpu         ] GC(1820) User=0.02s Sys=0.00s Real=0.02s
[1026.319s][info][gc,start       ] GC(1821) Pause Young (Allocation Failure)
[1026.343s][info][gc,heap        ] GC(1821) DefNew: 593268K(629120K)->69875K(629120K) Eden: 559232K(559232K)->0K(559232K) From: 34036K(69888K)->69875K(69888K)
[1026.350s][info][gc,heap        ] GC(1821) Tenured: 1208563K(1398144K)->1231221K(1398144K)
[1026.350s][info][gc,metaspace   ] GC(1821) Metaspace: 121893K(125760K)->121893K(125760K) NonClass: 105675K(106304K)->105675K(106304K) Class: 16218K(19456K)->16218K(19456K)
[1026.350s][info][gc             ] GC(1821) Pause Young (Allocation Failure) 1759M->1270M(1979M) 31.078ms
[1026.351s][info][gc,cpu         ] GC(1821) User=0.03s Sys=0.00s Real=0.03s
[1026.383s][info][gc,start       ] GC(1822) Pause Young (Allocation Failure)
[1026.409s][info][gc,heap        ] GC(1822) DefNew: 629107K(629120K)->68001K(629120K) Eden: 559232K(559232K)->0K(559232K) From: 69875K(69888K)->68001K(69888K)
[1026.409s][info][gc,heap        ] GC(1822) Tenured: 1231221K(1398144K)->1266568K(1398144K)
[1026.409s][info][gc,metaspace   ] GC(1822) Metaspace: 121893K(125760K)->121893K(125760K) NonClass: 105675K(106304K)->105675K(106304K) Class: 16218K(19456K)->16218K(19456K)
[1026.409s][info][gc             ] GC(1822) Pause Young (Allocation Failure) 1816M->1303M(1979M) 25.791ms
[1026.409s][info][gc,cpu         ] GC(1822) User=0.02s Sys=0.00s Real=0.02s
[1026.442s][info][gc,start       ] GC(1823) Pause Young (Allocation Failure)
[1026.468s][info][gc,heap        ] GC(1823) DefNew: 627233K(629120K)->58422K(629120K) Eden: 559232K(559232K)->0K(559232K) From: 68001K(69888K)->58422K(69888K)
[1026.468s][info][gc,heap        ] GC(1823) Tenured: 1266568K(1398144K)->1315234K(1398144K)
[1026.468s][info][gc,metaspace   ] GC(1823) Metaspace: 121893K(125760K)->121893K(125760K) NonClass: 105675K(106304K)->105675K(106304K) Class: 16218K(19456K)->16218K(19456K)
[1026.468s][info][gc             ] GC(1823) Pause Young (Allocation Failure) 1849M->1341M(1979M) 26.347ms
[1026.468s][info][gc,cpu         ] GC(1823) User=0.02s Sys=0.00s Real=0.02s
[1026.501s][info][gc,start       ] GC(1824) Pause Young (Allocation Failure)
[1026.523s][info][gc,heap        ] GC(1824) DefNew: 617654K(629120K)->50463K(629120K) Eden: 559232K(559232K)->0K(559232K) From: 58422K(69888K)->50463K(69888K)
[1026.523s][info][gc,heap        ] GC(1824) Tenured: 1315234K(1398144K)->1355578K(1398144K)
[1026.523s][info][gc,metaspace   ] GC(1824) Metaspace: 121893K(125760K)->121893K(125760K) NonClass: 105675K(106304K)->105675K(106304K) Class: 16218K(19456K)->16218K(19456K)
[1026.523s][info][gc             ] GC(1824) Pause Young (Allocation Failure) 1887M->1373M(1979M) 22.607ms
[1026.523s][info][gc,cpu         ] GC(1824) User=0.03s Sys=0.00s Real=0.03s
[1026.554s][info][gc,start       ] GC(1825) Pause Young (Allocation Failure)
[1026.554s][info][gc             ] GC(1825) Pause Young (Allocation Failure) 1919M->1919M(1979M) 0.122ms
[1026.554s][info][gc,cpu         ] GC(1825) User=0.00s Sys=0.00s Real=0.00s
[1026.554s][info][gc,start       ] GC(1826) Pause Full (Allocation Failure)
[1026.554s][info][gc,phases,start] GC(1826) Phase 1: Mark live objects
[1026.609s][info][gc,phases      ] GC(1826) Phase 1: Mark live objects 55.729ms
[1026.609s][info][gc,phases,start] GC(1826) Phase 2: Compute new object addresses
[1026.749s][info][gc,phases      ] GC(1826) Phase 2: Compute new object addresses 139.726ms
[1026.749s][info][gc,phases,start] GC(1826) Phase 3: Adjust pointers
[1026.782s][info][gc,phases      ] GC(1826) Phase 3: Adjust pointers 32.706ms
[1026.782s][info][gc,phases,start] GC(1826) Phase 4: Move objects
[1026.808s][info][gc,phases      ] GC(1826) Phase 4: Move objects 25.935ms
[1026.809s][info][gc,heap        ] GC(1826) DefNew: 609695K(629120K)->0K(629120K) Eden: 559232K(559232K)->0K(559232K) From: 50463K(69888K)->0K(69888K)
[1026.809s][info][gc,heap        ] GC(1826) Tenured: 1355578K(1398144K)->1362211K(1398144K)
[1026.809s][info][gc,metaspace   ] GC(1826) Metaspace: 121893K(125760K)->121893K(125760K) NonClass: 105675K(106304K)->105675K(106304K) Class: 16218K(19456K)->16218K(19456K)
[1026.809s][info][gc             ] GC(1826) Pause Full (Allocation Failure) 1919M->1330M(1979M) 255.202ms
[1026.809s][info][gc,cpu         ] GC(1826) User=0.25s Sys=0.00s Real=0.25s
[1026.847s][info][gc,start       ] GC(1827) Pause Young (Allocation Failure)
[1026.847s][info][gc             ] GC(1827) Pause Young (Allocation Failure) 1876M->1876M(1979M) 0.120ms
[1026.847s][info][gc,cpu         ] GC(1827) User=0.00s Sys=0.00s Real=0.00s
[1026.847s][info][gc,start       ] GC(1828) Pause Full (Allocation Failure)
[1026.847s][info][gc,phases,start] GC(1828) Phase 1: Mark live objects
[1026.902s][info][gc,phases      ] GC(1828) Phase 1: Mark live objects 55.541ms
[1026.903s][info][gc,phases,start] GC(1828) Phase 2: Compute new object addresses
[1027.043s][info][gc,phases      ] GC(1828) Phase 2: Compute new object addresses 140.036ms
[1027.043s][info][gc,phases,start] GC(1828) Phase 3: Adjust pointers
[1027.075s][info][gc,phases      ] GC(1828) Phase 3: Adjust pointers 32.781ms
[1027.075s][info][gc,phases,start] GC(1828) Phase 4: Move objects
[1027.093s][info][gc,phases      ] GC(1828) Phase 4: Move objects 17.442ms
[1027.094s][info][gc,heap        ] GC(1828) DefNew: 559232K(629120K)->0K(629120K) Eden: 559232K(559232K)->0K(559232K) From: 0K(69888K)->0K(69888K)
[1027.094s][info][gc,heap        ] GC(1828) Tenured: 1362211K(1398144K)->1365126K(1398144K)
[1027.094s][info][gc,metaspace   ] GC(1828) Metaspace: 121893K(125760K)->121893K(125760K) NonClass: 105675K(106304K)->105675K(106304K) Class: 16218K(19456K)->16218K(19456K)
[1027.094s][info][gc             ] GC(1828) Pause Full (Allocation Failure) 1876M->1333M(1979M) 246.884ms
[1027.094s][info][gc,cpu         ] GC(1828) User=0.25s Sys=0.00s Real=0.25s
[1027.130s][info][gc,start       ] GC(1829) Pause Young (Allocation Failure)
[1027.130s][info][gc             ] GC(1829) Pause Young (Allocation Failure) 1878M->1878M(1979M) 0.147ms
[1027.130s][info][gc,cpu         ] GC(1829) User=0.00s Sys=0.00s Real=0.00s
[1027.130s][info][gc,start       ] GC(1830) Pause Full (Allocation Failure)
[1027.130s][info][gc,phases,start] GC(1830) Phase 1: Mark live objects
[1027.188s][info][gc,phases      ] GC(1830) Phase 1: Mark live objects 58.402ms
[1027.188s][info][gc,phases,start] GC(1830) Phase 2: Compute new object addresses
[1027.325s][info][gc,phases      ] GC(1830) Phase 2: Compute new object addresses 136.914ms
[1027.325s][info][gc,phases,start] GC(1830) Phase 3: Adjust pointers
[1027.358s][info][gc,phases      ] GC(1830) Phase 3: Adjust pointers 32.534ms
[1027.358s][info][gc,phases,start] GC(1830) Phase 4: Move objects
[1027.379s][info][gc,phases      ] GC(1830) Phase 4: Move objects 20.658ms
[1027.379s][info][gc,heap        ] GC(1830) DefNew: 558838K(629120K)->0K(629120K) Eden: 558838K(559232K)->0K(559232K) From: 0K(69888K)->0K(69888K)
[1027.379s][info][gc,heap        ] GC(1830) Tenured: 1365126K(1398144K)->1383532K(1398144K)
[1027.379s][info][gc,metaspace   ] GC(1830) Metaspace: 121893K(125760K)->121893K(125760K) NonClass: 105675K(106304K)->105675K(106304K) Class: 16218K(19456K)->16218K(19456K)
[1027.379s][info][gc             ] GC(1830) Pause Full (Allocation Failure) 1878M->1351M(1979M) 249.615ms
[1027.379s][info][gc,cpu         ] GC(1830) User=0.25s Sys=0.00s Real=0.25s
[1027.417s][info][gc,start       ] GC(1831) Pause Young (Allocation Failure)
[1027.417s][info][gc             ] GC(1831) Pause Young (Allocation Failure) 1897M->1897M(1979M) 0.134ms
[1027.417s][info][gc,cpu         ] GC(1831) User=0.00s Sys=0.00s Real=0.00s
[1027.417s][info][gc,start       ] GC(1832) Pause Full (Allocation Failure)
[1027.417s][info][gc,phases,start] GC(1832) Phase 1: Mark live objects
[1027.472s][info][gc,phases      ] GC(1832) Phase 1: Mark live objects 55.599ms
[1027.472s][info][gc,phases,start] GC(1832) Phase 2: Compute new object addresses
[1027.611s][info][gc,phases      ] GC(1832) Phase 2: Compute new object addresses 138.613ms
[1027.611s][info][gc,phases,start] GC(1832) Phase 3: Adjust pointers
[1027.644s][info][gc,phases      ] GC(1832) Phase 3: Adjust pointers 33.169ms
[1027.644s][info][gc,phases,start] GC(1832) Phase 4: Move objects
[1027.713s][info][gc,phases      ] GC(1832) Phase 4: Move objects 68.855ms
[1027.714s][info][gc,heap        ] GC(1832) DefNew: 559232K(629120K)->0K(629120K) Eden: 559232K(559232K)->0K(559232K) From: 0K(69888K)->0K(69888K)
[1027.714s][info][gc,heap        ] GC(1832) Tenured: 1383532K(1398144K)->1314747K(1398144K)
[1027.714s][info][gc,metaspace   ] GC(1832) Metaspace: 121893K(125760K)->121893K(125760K) NonClass: 105675K(106304K)->105675K(106304K) Class: 16218K(19456K)->16218K(19456K)
[1027.714s][info][gc             ] GC(1832) Pause Full (Allocation Failure) 1897M->1283M(1979M) 297.439ms
[1027.714s][info][gc,cpu         ] GC(1832) User=0.30s Sys=0.00s Real=0.30s
[1027.749s][info][gc,start       ] GC(1833) Pause Young (Allocation Failure)
[1027.760s][info][gc,heap        ] GC(1833) DefNew: 557851K(629120K)->36169K(629120K) Eden: 557851K(559232K)->0K(559232K) From: 0K(69888K)->36169K(69888K)
[1027.760s][info][gc,heap        ] GC(1833) Tenured: 1314747K(1398144K)->1314747K(1398144K)
[1027.760s][info][gc,metaspace   ] GC(1833) Metaspace: 121893K(125760K)->121893K(125760K) NonClass: 105675K(106304K)->105675K(106304K) Class: 16218K(19456K)->16218K(19456K)
[1027.760s][info][gc             ] GC(1833) Pause Young (Allocation Failure) 1828M->1319M(1979M) 10.696ms
[1027.760s][info][gc,cpu         ] GC(1833) User=0.00s Sys=0.00s Real=0.00s
[1027.788s][info][gc,start       ] GC(1834) Pause Young (Allocation Failure)
[1027.812s][info][gc,heap        ] GC(1834) DefNew: 595401K(629120K)->69849K(629120K) Eden: 559232K(559232K)->0K(559232K) From: 36169K(69888K)->69849K(69888K)
[1027.812s][info][gc,heap        ] GC(1834) Tenured: 1314747K(1398144K)->1342516K(1398144K)
[1027.812s][info][gc,metaspace   ] GC(1834) Metaspace: 121893K(125760K)->121893K(125760K) NonClass: 105675K(106304K)->105675K(106304K) Class: 16218K(19456K)->16218K(19456K)
[1027.812s][info][gc             ] GC(1834) Pause Young (Allocation Failure) 1865M->1379M(1979M) 24.086ms
[1027.812s][info][gc,cpu         ] GC(1834) User=0.03s Sys=0.00s Real=0.03s
[1027.845s][info][gc,start       ] GC(1835) Pause Young (Allocation Failure)
[1027.845s][info][gc             ] GC(1835) Pause Young (Allocation Failure) 1925M->1925M(1979M) 0.123ms
[1027.845s][info][gc,cpu         ] GC(1835) User=0.00s Sys=0.00s Real=0.00s
[1027.845s][info][gc,start       ] GC(1836) Pause Full (Allocation Failure)
[1027.845s][info][gc,phases,start] GC(1836) Phase 1: Mark live objects
[1027.901s][info][gc,phases      ] GC(1836) Phase 1: Mark live objects 55.346ms
[1027.901s][info][gc,phases,start] GC(1836) Phase 2: Compute new object addresses
[1028.043s][info][gc,phases      ] GC(1836) Phase 2: Compute new object addresses 141.918ms
[1028.043s][info][gc,phases,start] GC(1836) Phase 3: Adjust pointers
[1028.077s][info][gc,phases      ] GC(1836) Phase 3: Adjust pointers 34.045ms
[1028.077s][info][gc,phases,start] GC(1836) Phase 4: Move objects
[1028.094s][info][gc,phases      ] GC(1836) Phase 4: Move objects 17.410ms
[1028.095s][info][gc,heap        ] GC(1836) DefNew: 629081K(629120K)->26147K(629120K) Eden: 559232K(559232K)->26147K(559232K) From: 69849K(69888K)->0K(69888K)
[1028.095s][info][gc,heap        ] GC(1836) Tenured: 1342516K(1398144K)->1394837K(1398144K)
[1028.095s][info][gc,metaspace   ] GC(1836) Metaspace: 121893K(125760K)->121893K(125760K) NonClass: 105675K(106304K)->105675K(106304K) Class: 16218K(19456K)->16218K(19456K)
[1028.095s][info][gc             ] GC(1836) Pause Full (Allocation Failure) 1925M->1387M(1979M) 249.799ms
[1028.095s][info][gc,cpu         ] GC(1836) User=0.25s Sys=0.00s Real=0.25s
[1029.917s][info][gc,start       ] GC(1837) Pause Full (Allocation Failure)
[1029.918s][info][gc,phases,start] GC(1837) Phase 1: Mark live objects
[1029.973s][info][gc,phases      ] GC(1837) Phase 1: Mark live objects 55.745ms
[1029.973s][info][gc,phases,start] GC(1837) Phase 2: Compute new object addresses
[1030.126s][info][gc,phases      ] GC(1837) Phase 2: Compute new object addresses 152.169ms
[1030.126s][info][gc,phases,start] GC(1837) Phase 3: Adjust pointers
[1030.158s][info][gc,phases      ] GC(1837) Phase 3: Adjust pointers 32.634ms
[1030.158s][info][gc,phases,start] GC(1837) Phase 4: Move objects
[1030.174s][info][gc,phases      ] GC(1837) Phase 4: Move objects 15.502ms
[1030.175s][info][gc,heap        ] GC(1837) DefNew: 629120K(629120K)->45422K(629120K) Eden: 559232K(559232K)->45422K(559232K) From: 69888K(69888K)->0K(69888K)
[1030.175s][info][gc,heap        ] GC(1837) Tenured: 1398144K(1398144K)->1394244K(1398144K)
[1030.175s][info][gc,metaspace   ] GC(1837) Metaspace: 121893K(125760K)->121893K(125760K) NonClass: 105675K(106304K)->105675K(106304K) Class: 16218K(19456K)->16218K(19456K)
[1030.175s][info][gc             ] GC(1837) Pause Full (Allocation Failure) 1979M->1405M(1979M) 257.288ms
[1030.175s][info][gc,cpu         ] GC(1837) User=0.27s Sys=0.00s Real=0.27s
[1032.300s][info][gc,start       ] GC(1838) Pause Full (Allocation Failure)
[1032.301s][info][gc,phases,start] GC(1838) Phase 1: Mark live objects
[1032.365s][info][gc,phases      ] GC(1838) Phase 1: Mark live objects 64.216ms
[1032.365s][info][gc,phases,start] GC(1838) Phase 2: Compute new object addresses
[1032.529s][info][gc,phases      ] GC(1838) Phase 2: Compute new object addresses 164.138ms
[1032.529s][info][gc,phases,start] GC(1838) Phase 3: Adjust pointers
[1032.562s][info][gc,phases      ] GC(1838) Phase 3: Adjust pointers 32.758ms
[1032.562s][info][gc,phases,start] GC(1838) Phase 4: Move objects
[1032.579s][info][gc,phases      ] GC(1838) Phase 4: Move objects 17.388ms
[1032.580s][info][gc,heap        ] GC(1838) DefNew: 629120K(629120K)->61709K(629120K) Eden: 559232K(559232K)->61709K(559232K) From: 69888K(69888K)->0K(69888K)
[1032.580s][info][gc,heap        ] GC(1838) Tenured: 1398143K(1398144K)->1395314K(1398144K)
[1032.580s][info][gc,metaspace   ] GC(1838) Metaspace: 121893K(125760K)->121893K(125760K) NonClass: 105675K(106304K)->105675K(106304K) Class: 16218K(19456K)->16218K(19456K)
[1032.580s][info][gc             ] GC(1838) Pause Full (Allocation Failure) 1979M->1422M(1979M) 279.768ms
[1032.580s][info][gc,cpu         ] GC(1838) User=0.28s Sys=0.00s Real=0.28s
[1034.428s][info][gc,start       ] GC(1839) Pause Full (Allocation Failure)
[1034.428s][info][gc,phases,start] GC(1839) Phase 1: Mark live objects
[1034.495s][info][gc,phases      ] GC(1839) Phase 1: Mark live objects 67.469ms
[1034.495s][info][gc,phases,start] GC(1839) Phase 2: Compute new object addresses
[1034.647s][info][gc,phases      ] GC(1839) Phase 2: Compute new object addresses 151.597ms
[1034.647s][info][gc,phases,start] GC(1839) Phase 3: Adjust pointers
[1034.680s][info][gc,phases      ] GC(1839) Phase 3: Adjust pointers 33.381ms
[1034.680s][info][gc,phases,start] GC(1839) Phase 4: Move objects
[1034.759s][info][gc,phases      ] GC(1839) Phase 4: Move objects 78.924ms
[1034.760s][info][gc,heap        ] GC(1839) DefNew: 629120K(629120K)->1562K(629120K) Eden: 559232K(559232K)->1562K(559232K) From: 69888K(69888K)->0K(69888K)
[1034.760s][info][gc,heap        ] GC(1839) Tenured: 1398144K(1398144K)->1397279K(1398144K)
[1034.760s][info][gc,metaspace   ] GC(1839) Metaspace: 121893K(125760K)->121893K(125760K) NonClass: 105675K(106304K)->105675K(106304K) Class: 16218K(19456K)->16218K(19456K)
[1034.760s][info][gc             ] GC(1839) Pause Full (Allocation Failure) 1979M->1366M(1979M) 332.721ms
[1034.760s][info][gc,cpu         ] GC(1839) User=0.33s Sys=0.00s Real=0.34s
[1036.482s][info][gc,start       ] GC(1840) Pause Full (Allocation Failure)
[1036.483s][info][gc,phases,start] GC(1840) Phase 1: Mark live objects
[1036.547s][info][gc,phases      ] GC(1840) Phase 1: Mark live objects 64.064ms
[1036.547s][info][gc,phases,start] GC(1840) Phase 2: Compute new object addresses
[1036.714s][info][gc,phases      ] GC(1840) Phase 2: Compute new object addresses 166.878ms
[1036.714s][info][gc,phases,start] GC(1840) Phase 3: Adjust pointers
[1036.746s][info][gc,phases      ] GC(1840) Phase 3: Adjust pointers 32.325ms
[1036.746s][info][gc,phases,start] GC(1840) Phase 4: Move objects
[1036.756s][info][gc,phases      ] GC(1840) Phase 4: Move objects 9.551ms
[1036.756s][info][gc,heap        ] GC(1840) DefNew: 629119K(629120K)->42708K(629120K) Eden: 559232K(559232K)->42708K(559232K) From: 69887K(69888K)->0K(69888K)
[1036.756s][info][gc,heap        ] GC(1840) Tenured: 1398144K(1398144K)->1398144K(1398144K)
[1036.756s][info][gc,metaspace   ] GC(1840) Metaspace: 121893K(125760K)->121893K(125760K) NonClass: 105675K(106304K)->105675K(106304K) Class: 16218K(19456K)->16218K(19456K)
[1036.757s][info][gc             ] GC(1840) Pause Full (Allocation Failure) 1979M->1407M(1979M) 274.077ms
[1036.757s][info][gc,cpu         ] GC(1840) User=0.27s Sys=0.00s Real=0.27s
[1038.883s][info][gc,start       ] GC(1841) Pause Full (Allocation Failure)
[1038.884s][info][gc,phases,start] GC(1841) Phase 1: Mark live objects
[1038.939s][info][gc,phases      ] GC(1841) Phase 1: Mark live objects 55.727ms
[1038.939s][info][gc,phases,start] GC(1841) Phase 2: Compute new object addresses
[1039.092s][info][gc,phases      ] GC(1841) Phase 2: Compute new object addresses 153.116ms
[1039.093s][info][gc,phases,start] GC(1841) Phase 3: Adjust pointers
[1039.125s][info][gc,phases      ] GC(1841) Phase 3: Adjust pointers 32.956ms
[1039.126s][info][gc,phases,start] GC(1841) Phase 4: Move objects
[1039.134s][info][gc,phases      ] GC(1841) Phase 4: Move objects 8.227ms
[1039.135s][info][gc,heap        ] GC(1841) DefNew: 629120K(629120K)->39942K(629120K) Eden: 559232K(559232K)->39942K(559232K) From: 69888K(69888K)->0K(69888K)
[1039.135s][info][gc,heap        ] GC(1841) Tenured: 1398144K(1398144K)->1398144K(1398144K)
[1039.135s][info][gc,metaspace   ] GC(1841) Metaspace: 121893K(125760K)->121893K(125760K) NonClass: 105675K(106304K)->105675K(106304K) Class: 16218K(19456K)->16218K(19456K)
[1039.135s][info][gc             ] GC(1841) Pause Full (Allocation Failure) 1979M->1404M(1979M) 251.184ms
[1039.135s][info][gc,cpu         ] GC(1841) User=0.27s Sys=0.00s Real=0.27s
[1041.280s][info][gc,start       ] GC(1842) Pause Full (Allocation Failure)
[1041.280s][info][gc,phases,start] GC(1842) Phase 1: Mark live objects
[1041.342s][info][gc,phases      ] GC(1842) Phase 1: Mark live objects 61.719ms
[1041.342s][info][gc,phases,start] GC(1842) Phase 2: Compute new object addresses
[1041.501s][info][gc,phases      ] GC(1842) Phase 2: Compute new object addresses 158.575ms
[1041.501s][info][gc,phases,start] GC(1842) Phase 3: Adjust pointers
[1041.533s][info][gc,phases      ] GC(1842) Phase 3: Adjust pointers 32.732ms
[1041.534s][info][gc,phases,start] GC(1842) Phase 4: Move objects
[1041.540s][info][gc,phases      ] GC(1842) Phase 4: Move objects 6.702ms
[1041.541s][info][gc,heap        ] GC(1842) DefNew: 629120K(629120K)->38176K(629120K) Eden: 559232K(559232K)->38176K(559232K) From: 69888K(69888K)->0K(69888K)
[1041.541s][info][gc,heap        ] GC(1842) Tenured: 1398144K(1398144K)->1398144K(1398144K)
[1041.541s][info][gc,metaspace   ] GC(1842) Metaspace: 121893K(125760K)->121893K(125760K) NonClass: 105675K(106304K)->105675K(106304K) Class: 16218K(19456K)->16218K(19456K)
[1041.541s][info][gc             ] GC(1842) Pause Full (Allocation Failure) 1979M->1402M(1979M) 260.894ms
[1041.541s][info][gc,cpu         ] GC(1842) User=0.27s Sys=0.00s Real=0.26s
[1043.693s][info][gc,start       ] GC(1843) Pause Full (Allocation Failure)
[1043.693s][info][gc,phases,start] GC(1843) Phase 1: Mark live objects
[1043.749s][info][gc,phases      ] GC(1843) Phase 1: Mark live objects 55.566ms
[1043.749s][info][gc,phases,start] GC(1843) Phase 2: Compute new object addresses
[1043.913s][info][gc,phases      ] GC(1843) Phase 2: Compute new object addresses 164.856ms
[1043.914s][info][gc,phases,start] GC(1843) Phase 3: Adjust pointers
[1043.956s][info][gc,phases      ] GC(1843) Phase 3: Adjust pointers 41.983ms
[1043.956s][info][gc,phases,start] GC(1843) Phase 4: Move objects
[1044.051s][info][gc,phases      ] GC(1843) Phase 4: Move objects 95.610ms
[1044.052s][info][gc,heap        ] GC(1843) DefNew: 629119K(629120K)->3846K(629120K) Eden: 559232K(559232K)->3846K(559232K) From: 69887K(69888K)->0K(69888K)
[1044.052s][info][gc,heap        ] GC(1843) Tenured: 1398144K(1398144K)->1396476K(1398144K)
[1044.052s][info][gc,metaspace   ] GC(1843) Metaspace: 121893K(125760K)->121893K(125760K) NonClass: 105675K(106304K)->105675K(106304K) Class: 16218K(19456K)->16218K(19456K)
[1044.052s][info][gc             ] GC(1843) Pause Full (Allocation Failure) 1979M->1367M(1979M) 359.357ms
[1044.052s][info][gc,cpu         ] GC(1843) User=0.36s Sys=0.00s Real=0.36s
[1046.253s][info][gc,start       ] GC(1844) Pause Full (Allocation Failure)
[1046.253s][info][gc,phases,start] GC(1844) Phase 1: Mark live objects
[1046.308s][info][gc,phases      ] GC(1844) Phase 1: Mark live objects 55.350ms
[1046.308s][info][gc,phases,start] GC(1844) Phase 2: Compute new object addresses
[1046.482s][info][gc,phases      ] GC(1844) Phase 2: Compute new object addresses 173.362ms
[1046.482s][info][gc,phases,start] GC(1844) Phase 3: Adjust pointers
[1046.514s][info][gc,phases      ] GC(1844) Phase 3: Adjust pointers 32.447ms
[1046.514s][info][gc,phases,start] GC(1844) Phase 4: Move objects
[1046.514s][info][gc,phases      ] GC(1844) Phase 4: Move objects 0.020ms
[1046.515s][info][gc,heap        ] GC(1844) DefNew: 629120K(629120K)->3797K(629120K) Eden: 559232K(559232K)->3797K(559232K) From: 69888K(69888K)->0K(69888K)
[1046.515s][info][gc,heap        ] GC(1844) Tenured: 1398143K(1398144K)->1398143K(1398144K)
[1046.515s][info][gc,metaspace   ] GC(1844) Metaspace: 121893K(125760K)->121893K(125760K) NonClass: 105675K(106304K)->105675K(106304K) Class: 16218K(19456K)->16218K(19456K)
[1046.515s][info][gc             ] GC(1844) Pause Full (Allocation Failure) 1979M->1369M(1979M) 262.304ms
[1046.515s][info][gc,cpu         ] GC(1844) User=0.27s Sys=0.00s Real=0.27s
[1048.670s][info][gc,start       ] GC(1845) Pause Full (Allocation Failure)
[1048.670s][info][gc,phases,start] GC(1845) Phase 1: Mark live objects
[1048.725s][info][gc,phases      ] GC(1845) Phase 1: Mark live objects 55.471ms
[1048.725s][info][gc,phases,start] GC(1845) Phase 2: Compute new object addresses
[1048.898s][info][gc,phases      ] GC(1845) Phase 2: Compute new object addresses 172.435ms
[1048.898s][info][gc,phases,start] GC(1845) Phase 3: Adjust pointers
[1048.931s][info][gc,phases      ] GC(1845) Phase 3: Adjust pointers 32.793ms
[1048.931s][info][gc,phases,start] GC(1845) Phase 4: Move objects
[1048.931s][info][gc,phases      ] GC(1845) Phase 4: Move objects 0.044ms
[1048.932s][info][gc,heap        ] GC(1845) DefNew: 629119K(629120K)->3875K(629120K) Eden: 559232K(559232K)->3875K(559232K) From: 69887K(69888K)->0K(69888K)
[1048.932s][info][gc,heap        ] GC(1845) Tenured: 1398143K(1398144K)->1398143K(1398144K)
[1048.932s][info][gc,metaspace   ] GC(1845) Metaspace: 121893K(125760K)->121893K(125760K) NonClass: 105675K(106304K)->105675K(106304K) Class: 16218K(19456K)->16218K(19456K)
[1048.932s][info][gc             ] GC(1845) Pause Full (Allocation Failure) 1979M->1369M(1979M) 261.888ms
[1048.932s][info][gc,cpu         ] GC(1845) User=0.27s Sys=0.00s Real=0.27s
[1051.438s][info][gc,start       ] GC(1846) Pause Full (Allocation Failure)
[1051.438s][info][gc,phases,start] GC(1846) Phase 1: Mark live objects
[1051.493s][info][gc,phases      ] GC(1846) Phase 1: Mark live objects 55.771ms
[1051.493s][info][gc,phases,start] GC(1846) Phase 2: Compute new object addresses
[1051.669s][info][gc,phases      ] GC(1846) Phase 2: Compute new object addresses 175.446ms
[1051.669s][info][gc,phases,start] GC(1846) Phase 3: Adjust pointers
[1051.701s][info][gc,phases      ] GC(1846) Phase 3: Adjust pointers 32.410ms
[1051.701s][info][gc,phases,start] GC(1846) Phase 4: Move objects
[1051.701s][info][gc,phases      ] GC(1846) Phase 4: Move objects 0.038ms
[1051.702s][info][gc,heap        ] GC(1846) DefNew: 629120K(629120K)->3874K(629120K) Eden: 559232K(559232K)->3874K(559232K) From: 69888K(69888K)->0K(69888K)
[1051.702s][info][gc,heap        ] GC(1846) Tenured: 1398143K(1398144K)->1398143K(1398144K)
[1051.702s][info][gc,metaspace   ] GC(1846) Metaspace: 121893K(125760K)->121893K(125760K) NonClass: 105675K(106304K)->105675K(106304K) Class: 16218K(19456K)->16218K(19456K)
[1051.702s][info][gc             ] GC(1846) Pause Full (Allocation Failure) 1979M->1369M(1979M) 264.784ms
[1051.702s][info][gc,cpu         ] GC(1846) User=0.27s Sys=0.00s Real=0.27s
[1053.902s][info][gc,start       ] GC(1847) Pause Full (Allocation Failure)
[1053.902s][info][gc,phases,start] GC(1847) Phase 1: Mark live objects
[1053.957s][info][gc,phases      ] GC(1847) Phase 1: Mark live objects 55.405ms
[1053.957s][info][gc,phases,start] GC(1847) Phase 2: Compute new object addresses
[1054.132s][info][gc,phases      ] GC(1847) Phase 2: Compute new object addresses 174.653ms
[1054.132s][info][gc,phases,start] GC(1847) Phase 3: Adjust pointers
[1054.165s][info][gc,phases      ] GC(1847) Phase 3: Adjust pointers 32.974ms
[1054.165s][info][gc,phases,start] GC(1847) Phase 4: Move objects
[1054.248s][info][gc,phases      ] GC(1847) Phase 4: Move objects 82.856ms
[1054.249s][info][gc,heap        ] GC(1847) DefNew: 629119K(629120K)->0K(629120K) Eden: 559232K(559232K)->0K(559232K) From: 69887K(69888K)->0K(69888K)
[1054.249s][info][gc,heap        ] GC(1847) Tenured: 1398143K(1398144K)->1343299K(1398144K)
[1054.249s][info][gc,metaspace   ] GC(1847) Metaspace: 121893K(125760K)->121893K(125760K) NonClass: 105675K(106304K)->105675K(106304K) Class: 16218K(19456K)->16218K(19456K)
[1054.249s][info][gc             ] GC(1847) Pause Full (Allocation Failure) 1979M->1311M(1979M) 347.133ms
[1054.249s][info][gc,cpu         ] GC(1847) User=0.34s Sys=0.00s Real=0.34s
[1054.315s][info][gc,start       ] GC(1848) Pause Young (Allocation Failure)
[1054.315s][info][gc             ] GC(1848) Pause Young (Allocation Failure) 1857M->1857M(1979M) 0.109ms
[1054.315s][info][gc,cpu         ] GC(1848) User=0.00s Sys=0.00s Real=0.00s
[1054.315s][info][gc,start       ] GC(1849) Pause Full (Allocation Failure)
[1054.315s][info][gc,phases,start] GC(1849) Phase 1: Mark live objects
[1054.386s][info][gc,phases      ] GC(1849) Phase 1: Mark live objects 70.742ms
[1054.526s][info][gc,phases,start] GC(1849) Phase 2: Compute new object addresses
[1054.760s][info][gc,phases      ] GC(1849) Phase 2: Compute new object addresses 234.823ms
[1054.760s][info][gc,phases,start] GC(1849) Phase 3: Adjust pointers
[1054.793s][info][gc,phases      ] GC(1849) Phase 3: Adjust pointers 32.705ms
[1054.793s][info][gc,phases,start] GC(1849) Phase 4: Move objects
[1054.817s][info][gc,phases      ] GC(1849) Phase 4: Move objects 24.305ms
[1054.818s][info][gc,heap        ] GC(1849) DefNew: 559232K(629120K)->0K(629120K) Eden: 559232K(559232K)->0K(559232K) From: 0K(69888K)->0K(69888K)
[1054.818s][info][gc,heap        ] GC(1849) Tenured: 1343299K(1398144K)->1193556K(1398144K)
[1054.818s][info][gc,metaspace   ] GC(1849) Metaspace: 121893K(125760K)->121893K(125760K) NonClass: 105675K(106304K)->105675K(106304K) Class: 16218K(19456K)->16218K(19456K)
[1054.818s][info][gc             ] GC(1849) Pause Full (Allocation Failure) 1857M->1165M(1979M) 503.124ms
[1054.818s][info][gc,cpu         ] GC(1849) User=0.30s Sys=0.00s Real=0.49s
[1055.275s][info][gc,start       ] GC(1850) Pause Full (System.gc())
[1055.275s][info][gc,phases,start] GC(1850) Phase 1: Mark live objects
[1055.340s][info][gc,phases      ] GC(1850) Phase 1: Mark live objects 65.178ms
[1055.340s][info][gc,phases,start] GC(1850) Phase 2: Compute new object addresses
[1055.407s][info][gc,phases      ] GC(1850) Phase 2: Compute new object addresses 66.610ms
[1055.407s][info][gc,phases,start] GC(1850) Phase 3: Adjust pointers
[1055.439s][info][gc,phases      ] GC(1850) Phase 3: Adjust pointers 32.022ms
[1055.439s][info][gc,phases,start] GC(1850) Phase 4: Move objects
[1055.439s][info][gc,phases      ] GC(1850) Phase 4: Move objects 0.106ms
[1055.440s][info][gc,heap        ] GC(1850) DefNew: 230673K(629120K)->0K(629120K) Eden: 230673K(559232K)->0K(559232K) From: 0K(69888K)->0K(69888K)
[1055.440s][info][gc,heap        ] GC(1850) Tenured: 1193556K(1398144K)->1031573K(1398144K)
[1055.440s][info][gc,metaspace   ] GC(1850) Metaspace: 121894K(125760K)->121894K(125760K) NonClass: 105676K(106304K)->105676K(106304K) Class: 16218K(19456K)->16218K(19456K)
[1055.440s][info][gc             ] GC(1850) Pause Full (System.gc()) 1390M->1007M(1979M) 165.062ms
[1055.440s][info][gc,cpu         ] GC(1850) User=0.16s Sys=0.00s Real=0.16s
[1055.553s][info][gc,start       ] GC(1851) Pause Young (Allocation Failure)
[1055.568s][info][gc,heap        ] GC(1851) DefNew: 559232K(629120K)->12930K(629120K) Eden: 559232K(559232K)->0K(559232K) From: 0K(69888K)->12930K(69888K)
[1055.568s][info][gc,heap        ] GC(1851) Tenured: 1031573K(1398144K)->1031573K(1398144K)
[1055.568s][info][gc,metaspace   ] GC(1851) Metaspace: 121939K(125760K)->121939K(125760K) NonClass: 105720K(106304K)->105720K(106304K) Class: 16219K(19456K)->16219K(19456K)
[1055.568s][info][gc             ] GC(1851) Pause Young (Allocation Failure) 1553M->1020M(1979M) 14.670ms
[1055.568s][info][gc,cpu         ] GC(1851) User=0.02s Sys=0.00s Real=0.01s
[1055.605s][info][gc,start       ] GC(1852) Pause Young (Allocation Failure)
[1055.616s][info][gc,heap        ] GC(1852) DefNew: 572162K(629120K)->18370K(629120K) Eden: 559232K(559232K)->0K(559232K) From: 12930K(69888K)->18370K(69888K)
[1055.616s][info][gc,heap        ] GC(1852) Tenured: 1031573K(1398144K)->1031573K(1398144K)
[1055.616s][info][gc,metaspace   ] GC(1852) Metaspace: 121939K(125760K)->121939K(125760K) NonClass: 105720K(106304K)->105720K(106304K) Class: 16219K(19456K)->16219K(19456K)
[1055.616s][info][gc             ] GC(1852) Pause Young (Allocation Failure) 1566M->1025M(1979M) 10.980ms
[1055.616s][info][gc,cpu         ] GC(1852) User=0.00s Sys=0.00s Real=0.00s
[1055.654s][info][gc,start       ] GC(1853) Pause Young (Allocation Failure)
[1055.667s][info][gc,heap        ] GC(1853) DefNew: 577602K(629120K)->27014K(629120K) Eden: 559232K(559232K)->0K(559232K) From: 18370K(69888K)->27014K(69888K)
[1055.667s][info][gc,heap        ] GC(1853) Tenured: 1031573K(1398144K)->1031573K(1398144K)
[1055.667s][info][gc,metaspace   ] GC(1853) Metaspace: 121939K(125760K)->121939K(125760K) NonClass: 105720K(106304K)->105720K(106304K) Class: 16219K(19456K)->16219K(19456K)
[1055.667s][info][gc             ] GC(1853) Pause Young (Allocation Failure) 1571M->1033M(1979M) 13.057ms
[1055.667s][info][gc,cpu         ] GC(1853) User=0.02s Sys=0.00s Real=0.02s
[1055.705s][info][gc,start       ] GC(1854) Pause Young (Allocation Failure)
[1055.719s][info][gc,heap        ] GC(1854) DefNew: 586246K(629120K)->32447K(629120K) Eden: 559232K(559232K)->0K(559232K) From: 27014K(69888K)->32447K(69888K)
[1055.719s][info][gc,heap        ] GC(1854) Tenured: 1031573K(1398144K)->1031573K(1398144K)
[1055.719s][info][gc,metaspace   ] GC(1854) Metaspace: 121939K(125760K)->121939K(125760K) NonClass: 105720K(106304K)->105720K(106304K) Class: 16219K(19456K)->16219K(19456K)
[1055.719s][info][gc             ] GC(1854) Pause Young (Allocation Failure) 1579M->1039M(1979M) 14.183ms
[1055.719s][info][gc,cpu         ] GC(1854) User=0.02s Sys=0.00s Real=0.02s
[1055.757s][info][gc,start       ] GC(1855) Pause Young (Allocation Failure)
[1055.877s][info][gc,heap        ] GC(1855) DefNew: 591679K(629120K)->34838K(629120K) Eden: 559232K(559232K)->0K(559232K) From: 32447K(69888K)->34838K(69888K)
[1055.877s][info][gc,heap        ] GC(1855) Tenured: 1031573K(1398144K)->1031573K(1398144K)
[1055.877s][info][gc,metaspace   ] GC(1855) Metaspace: 121939K(125760K)->121939K(125760K) NonClass: 105720K(106304K)->105720K(106304K) Class: 16219K(19456K)->16219K(19456K)
[1055.878s][info][gc             ] GC(1855) Pause Young (Allocation Failure) 1585M->1041M(1979M) 120.925ms
[1055.878s][info][gc,cpu         ] GC(1855) User=0.02s Sys=0.00s Real=0.13s
[1055.916s][info][gc,start       ] GC(1856) Pause Young (Allocation Failure)
[1055.935s][info][gc,heap        ] GC(1856) DefNew: 594070K(629120K)->53540K(629120K) Eden: 559232K(559232K)->0K(559232K) From: 34838K(69888K)->53540K(69888K)
[1055.935s][info][gc,heap        ] GC(1856) Tenured: 1031573K(1398144K)->1031573K(1398144K)
[1055.935s][info][gc,metaspace   ] GC(1856) Metaspace: 121939K(125760K)->121939K(125760K) NonClass: 105720K(106304K)->105720K(106304K) Class: 16219K(19456K)->16219K(19456K)
[1055.935s][info][gc             ] GC(1856) Pause Young (Allocation Failure) 1587M->1059M(1979M) 18.715ms
[1055.935s][info][gc,cpu         ] GC(1856) User=0.02s Sys=0.00s Real=0.02s
[1055.973s][info][gc,start       ] GC(1857) Pause Young (Allocation Failure)
[1055.994s][info][gc,heap        ] GC(1857) DefNew: 612772K(629120K)->42461K(629120K) Eden: 559232K(559232K)->0K(559232K) From: 53540K(69888K)->42461K(69888K)
[1055.994s][info][gc,heap        ] GC(1857) Tenured: 1031573K(1398144K)->1044228K(1398144K)
[1055.994s][info][gc,metaspace   ] GC(1857) Metaspace: 121941K(125760K)->121941K(125760K) NonClass: 105722K(106304K)->105722K(106304K) Class: 16219K(19456K)->16219K(19456K)
[1055.994s][info][gc             ] GC(1857) Pause Young (Allocation Failure) 1605M->1061M(1979M) 20.569ms
[1055.994s][info][gc,cpu         ] GC(1857) User=0.03s Sys=0.00s Real=0.03s
[1056.032s][info][gc,start       ] GC(1858) Pause Young (Allocation Failure)
[1056.046s][info][gc,heap        ] GC(1858) DefNew: 601693K(629120K)->15925K(629120K) Eden: 559232K(559232K)->0K(559232K) From: 42461K(69888K)->15925K(69888K)
[1056.046s][info][gc,heap        ] GC(1858) Tenured: 1044228K(1398144K)->1075488K(1398144K)
[1056.046s][info][gc,metaspace   ] GC(1858) Metaspace: 121941K(125760K)->121941K(125760K) NonClass: 105722K(106304K)->105722K(106304K) Class: 16219K(19456K)->16219K(19456K)
[1056.046s][info][gc             ] GC(1858) Pause Young (Allocation Failure) 1607M->1065M(1979M) 13.553ms
[1056.046s][info][gc,cpu         ] GC(1858) User=0.02s Sys=0.00s Real=0.02s
[1056.084s][info][gc,start       ] GC(1859) Pause Young (Allocation Failure)
[1056.090s][info][gc,heap        ] GC(1859) DefNew: 575157K(629120K)->15909K(629120K) Eden: 559232K(559232K)->0K(559232K) From: 15925K(69888K)->15909K(69888K)
[1056.090s][info][gc,heap        ] GC(1859) Tenured: 1075488K(1398144K)->1075488K(1398144K)
[1056.090s][info][gc,metaspace   ] GC(1859) Metaspace: 121941K(125760K)->121941K(125760K) NonClass: 105722K(106304K)->105722K(106304K) Class: 16219K(19456K)->16219K(19456K)
[1056.090s][info][gc             ] GC(1859) Pause Young (Allocation Failure) 1611M->1065M(1979M) 6.584ms
[1056.090s][info][gc,cpu         ] GC(1859) User=0.00s Sys=0.00s Real=0.00s
[1056.129s][info][gc,start       ] GC(1860) Pause Young (Allocation Failure)
[1056.141s][info][gc,heap        ] GC(1860) DefNew: 575141K(629120K)->34655K(629120K) Eden: 559232K(559232K)->0K(559232K) From: 15909K(69888K)->34655K(69888K)
[1056.141s][info][gc,heap        ] GC(1860) Tenured: 1075488K(1398144K)->1075488K(1398144K)
[1056.141s][info][gc,metaspace   ] GC(1860) Metaspace: 121941K(125760K)->121941K(125760K) NonClass: 105722K(106304K)->105722K(106304K) Class: 16219K(19456K)->16219K(19456K)
[1056.141s][info][gc             ] GC(1860) Pause Young (Allocation Failure) 1611M->1084M(1979M) 11.344ms
[1056.141s][info][gc,cpu         ] GC(1860) User=0.02s Sys=0.00s Real=0.01s
[1056.180s][info][gc,start       ] GC(1861) Pause Young (Allocation Failure)
[1056.200s][info][gc,heap        ] GC(1861) DefNew: 593887K(629120K)->69001K(629120K) Eden: 559232K(559232K)->0K(559232K) From: 34655K(69888K)->69001K(69888K)
[1056.200s][info][gc,heap        ] GC(1861) Tenured: 1075488K(1398144K)->1078613K(1398144K)
[1056.200s][info][gc,metaspace   ] GC(1861) Metaspace: 121941K(125760K)->121941K(125760K) NonClass: 105722K(106304K)->105722K(106304K) Class: 16219K(19456K)->16219K(19456K)
[1056.200s][info][gc             ] GC(1861) Pause Young (Allocation Failure) 1630M->1120M(1979M) 19.758ms
[1056.200s][info][gc,cpu         ] GC(1861) User=0.02s Sys=0.00s Real=0.02s
[1056.238s][info][gc,start       ] GC(1862) Pause Young (Allocation Failure)
[1056.260s][info][gc,heap        ] GC(1862) DefNew: 628233K(629120K)->19025K(629120K) Eden: 559232K(559232K)->0K(559232K) From: 69001K(69888K)->19025K(69888K)
[1056.260s][info][gc,heap        ] GC(1862) Tenured: 1078613K(1398144K)->1144267K(1398144K)
[1056.260s][info][gc,metaspace   ] GC(1862) Metaspace: 121941K(125760K)->121941K(125760K) NonClass: 105722K(106304K)->105722K(106304K) Class: 16219K(19456K)->16219K(19456K)
[1056.260s][info][gc             ] GC(1862) Pause Young (Allocation Failure) 1666M->1136M(1979M) 21.893ms
[1056.260s][info][gc,cpu         ] GC(1862) User=0.02s Sys=0.00s Real=0.01s
[1056.298s][info][gc,start       ] GC(1863) Pause Young (Allocation Failure)
[1056.312s][info][gc,heap        ] GC(1863) DefNew: 578257K(629120K)->47946K(629120K) Eden: 559232K(559232K)->0K(559232K) From: 19025K(69888K)->47946K(69888K)
[1056.312s][info][gc,heap        ] GC(1863) Tenured: 1144267K(1398144K)->1144267K(1398144K)
[1056.312s][info][gc,metaspace   ] GC(1863) Metaspace: 121941K(125760K)->121941K(125760K) NonClass: 105722K(106304K)->105722K(106304K) Class: 16219K(19456K)->16219K(19456K)
[1056.312s][info][gc             ] GC(1863) Pause Young (Allocation Failure) 1682M->1164M(1979M) 13.892ms
[1056.312s][info][gc,cpu         ] GC(1863) User=0.02s Sys=0.00s Real=0.02s
[1056.364s][info][gc,start       ] GC(1864) Pause Young (Allocation Failure)
[1056.392s][info][gc,heap        ] GC(1864) DefNew: 607178K(629120K)->66929K(629120K) Eden: 559232K(559232K)->0K(559232K) From: 47946K(69888K)->66929K(69888K)
[1056.392s][info][gc,heap        ] GC(1864) Tenured: 1144267K(1398144K)->1185581K(1398144K)
[1056.392s][info][gc,metaspace   ] GC(1864) Metaspace: 121941K(125760K)->121941K(125760K) NonClass: 105722K(106304K)->105722K(106304K) Class: 16219K(19456K)->16219K(19456K)
[1056.392s][info][gc             ] GC(1864) Pause Young (Allocation Failure) 1710M->1223M(1979M) 28.809ms
[1056.392s][info][gc,cpu         ] GC(1864) User=0.02s Sys=0.00s Real=0.02s
[1056.433s][info][gc,start       ] GC(1865) Pause Young (Allocation Failure)
[1056.459s][info][gc,heap        ] GC(1865) DefNew: 626161K(629120K)->33588K(629120K) Eden: 559232K(559232K)->0K(559232K) From: 66929K(69888K)->33588K(69888K)
[1056.459s][info][gc,heap        ] GC(1865) Tenured: 1185581K(1398144K)->1251694K(1398144K)
[1056.459s][info][gc,metaspace   ] GC(1865) Metaspace: 121941K(125760K)->121941K(125760K) NonClass: 105722K(106304K)->105722K(106304K) Class: 16219K(19456K)->16219K(19456K)
[1056.459s][info][gc             ] GC(1865) Pause Young (Allocation Failure) 1769M->1255M(1979M) 25.792ms
[1056.459s][info][gc,cpu         ] GC(1865) User=0.03s Sys=0.00s Real=0.03s
[1056.498s][info][gc,start       ] GC(1866) Pause Young (Allocation Failure)
[1056.514s][info][gc,heap        ] GC(1866) DefNew: 592820K(629120K)->55569K(629120K) Eden: 559232K(559232K)->0K(559232K) From: 33588K(69888K)->55569K(69888K)
[1056.514s][info][gc,heap        ] GC(1866) Tenured: 1251694K(1398144K)->1251694K(1398144K)
[1056.514s][info][gc,metaspace   ] GC(1866) Metaspace: 121941K(125760K)->121941K(125760K) NonClass: 105722K(106304K)->105722K(106304K) Class: 16219K(19456K)->16219K(19456K)
[1056.514s][info][gc             ] GC(1866) Pause Young (Allocation Failure) 1801M->1276M(1979M) 15.802ms
[1056.514s][info][gc,cpu         ] GC(1866) User=0.00s Sys=0.00s Real=0.02s
[1056.553s][info][gc,start       ] GC(1867) Pause Young (Allocation Failure)
[1056.573s][info][gc,heap        ] GC(1867) DefNew: 614801K(629120K)->41791K(629120K) Eden: 559232K(559232K)->0K(559232K) From: 55569K(69888K)->41791K(69888K)
[1056.573s][info][gc,heap        ] GC(1867) Tenured: 1251694K(1398144K)->1280922K(1398144K)
[1056.573s][info][gc,metaspace   ] GC(1867) Metaspace: 121941K(125760K)->121941K(125760K) NonClass: 105722K(106304K)->105722K(106304K) Class: 16219K(19456K)->16219K(19456K)
[1056.573s][info][gc             ] GC(1867) Pause Young (Allocation Failure) 1822M->1291M(1979M) 20.336ms
[1056.573s][info][gc,cpu         ] GC(1867) User=0.03s Sys=0.00s Real=0.02s
[1056.612s][info][gc,start       ] GC(1868) Pause Young (Allocation Failure)
[1056.626s][info][gc,heap        ] GC(1868) DefNew: 601023K(629120K)->29559K(629120K) Eden: 559232K(559232K)->0K(559232K) From: 41791K(69888K)->29559K(69888K)
[1056.626s][info][gc,heap        ] GC(1868) Tenured: 1280922K(1398144K)->1299036K(1398144K)
[1056.626s][info][gc,metaspace   ] GC(1868) Metaspace: 121941K(125760K)->121941K(125760K) NonClass: 105722K(106304K)->105722K(106304K) Class: 16219K(19456K)->16219K(19456K)
[1056.626s][info][gc             ] GC(1868) Pause Young (Allocation Failure) 1837M->1297M(1979M) 14.153ms
[1056.626s][info][gc,cpu         ] GC(1868) User=0.00s Sys=0.00s Real=0.00s
[1056.664s][info][gc,start       ] GC(1869) Pause Young (Allocation Failure)
[1056.677s][info][gc,heap        ] GC(1869) DefNew: 588791K(629120K)->43100K(629120K) Eden: 559232K(559232K)->0K(559232K) From: 29559K(69888K)->43100K(69888K)
[1056.677s][info][gc,heap        ] GC(1869) Tenured: 1299036K(1398144K)->1299036K(1398144K)
[1056.677s][info][gc,metaspace   ] GC(1869) Metaspace: 121941K(125760K)->121941K(125760K) NonClass: 105722K(106304K)->105722K(106304K) Class: 16219K(19456K)->16219K(19456K)
[1056.677s][info][gc             ] GC(1869) Pause Young (Allocation Failure) 1843M->1310M(1979M) 13.044ms
[1056.677s][info][gc,cpu         ] GC(1869) User=0.02s Sys=0.00s Real=0.02s
[1056.715s][info][gc,start       ] GC(1870) Pause Young (Allocation Failure)
[1056.728s][info][gc,heap        ] GC(1870) DefNew: 602332K(629120K)->37842K(629120K) Eden: 559232K(559232K)->0K(559232K) From: 43100K(69888K)->37842K(69888K)
[1056.728s][info][gc,heap        ] GC(1870) Tenured: 1299036K(1398144K)->1308959K(1398144K)
[1056.728s][info][gc,metaspace   ] GC(1870) Metaspace: 121941K(125760K)->121941K(125760K) NonClass: 105722K(106304K)->105722K(106304K) Class: 16219K(19456K)->16219K(19456K)
[1056.728s][info][gc             ] GC(1870) Pause Young (Allocation Failure) 1856M->1315M(1979M) 12.347ms
[1056.728s][info][gc,cpu         ] GC(1870) User=0.02s Sys=0.00s Real=0.02s
[1056.766s][info][gc,start       ] GC(1871) Pause Young (Allocation Failure)
[1056.779s][info][gc,heap        ] GC(1871) DefNew: 597074K(629120K)->39345K(629120K) Eden: 559232K(559232K)->0K(559232K) From: 37842K(69888K)->39345K(69888K)
[1056.779s][info][gc,heap        ] GC(1871) Tenured: 1308959K(1398144K)->1312171K(1398144K)
[1056.779s][info][gc,metaspace   ] GC(1871) Metaspace: 121941K(125760K)->121941K(125760K) NonClass: 105722K(106304K)->105722K(106304K) Class: 16219K(19456K)->16219K(19456K)
[1056.779s][info][gc             ] GC(1871) Pause Young (Allocation Failure) 1861M->1319M(1979M) 13.096ms
[1056.779s][info][gc,cpu         ] GC(1871) User=0.03s Sys=0.00s Real=0.01s
[1056.817s][info][gc,start       ] GC(1872) Pause Young (Allocation Failure)
[1056.829s][info][gc,heap        ] GC(1872) DefNew: 598577K(629120K)->26836K(629120K) Eden: 559232K(559232K)->0K(559232K) From: 39345K(69888K)->26836K(69888K)
[1056.829s][info][gc,heap        ] GC(1872) Tenured: 1312171K(1398144K)->1327797K(1398144K)
[1056.829s][info][gc,metaspace   ] GC(1872) Metaspace: 121941K(125760K)->121941K(125760K) NonClass: 105722K(106304K)->105722K(106304K) Class: 16219K(19456K)->16219K(19456K)
[1056.829s][info][gc             ] GC(1872) Pause Young (Allocation Failure) 1865M->1322M(1979M) 12.469ms
[1056.829s][info][gc,cpu         ] GC(1872) User=0.02s Sys=0.00s Real=0.02s
[1056.868s][info][gc,start       ] GC(1873) Pause Young (Allocation Failure)
[1056.880s][info][gc,heap        ] GC(1873) DefNew: 586068K(629120K)->40886K(629120K) Eden: 559232K(559232K)->0K(559232K) From: 26836K(69888K)->40886K(69888K)
[1056.880s][info][gc,heap        ] GC(1873) Tenured: 1327797K(1398144K)->1327797K(1398144K)
[1056.880s][info][gc,metaspace   ] GC(1873) Metaspace: 121941K(125760K)->121941K(125760K) NonClass: 105722K(106304K)->105722K(106304K) Class: 16219K(19456K)->16219K(19456K)
[1056.880s][info][gc             ] GC(1873) Pause Young (Allocation Failure) 1869M->1336M(1979M) 11.931ms
[1056.880s][info][gc,cpu         ] GC(1873) User=0.00s Sys=0.00s Real=0.00s
[1056.919s][info][gc,start       ] GC(1874) Pause Young (Allocation Failure)
[1056.936s][info][gc,heap        ] GC(1874) DefNew: 600118K(629120K)->47269K(629120K) Eden: 559232K(559232K)->0K(559232K) From: 40886K(69888K)->47269K(69888K)
[1056.936s][info][gc,heap        ] GC(1874) Tenured: 1327797K(1398144K)->1340298K(1398144K)
[1056.936s][info][gc,metaspace   ] GC(1874) Metaspace: 121941K(125760K)->121941K(125760K) NonClass: 105722K(106304K)->105722K(106304K) Class: 16219K(19456K)->16219K(19456K)
[1056.936s][info][gc             ] GC(1874) Pause Young (Allocation Failure) 1882M->1355M(1979M) 16.751ms
[1056.936s][info][gc,cpu         ] GC(1874) User=0.02s Sys=0.00s Real=0.02s
[1056.976s][info][gc,start       ] GC(1875) Pause Young (Allocation Failure)
[1057.000s][info][gc,heap        ] GC(1875) DefNew: 606501K(629120K)->66005K(629120K) Eden: 559232K(559232K)->0K(559232K) From: 47269K(69888K)->66005K(69888K)
[1057.000s][info][gc,heap        ] GC(1875) Tenured: 1340298K(1398144K)->1365304K(1398144K)
[1057.000s][info][gc,metaspace   ] GC(1875) Metaspace: 121941K(125760K)->121941K(125760K) NonClass: 105722K(106304K)->105722K(106304K) Class: 16219K(19456K)->16219K(19456K)
[1057.000s][info][gc             ] GC(1875) Pause Young (Allocation Failure) 1901M->1397M(1979M) 24.116ms
[1057.000s][info][gc,cpu         ] GC(1875) User=0.03s Sys=0.00s Real=0.03s
[1057.039s][info][gc,start       ] GC(1876) Pause Young (Allocation Failure)
[1057.039s][info][gc             ] GC(1876) Pause Young (Allocation Failure) 1943M->1943M(1979M) 0.115ms
[1057.039s][info][gc,cpu         ] GC(1876) User=0.00s Sys=0.00s Real=0.00s
[1057.039s][info][gc,start       ] GC(1877) Pause Full (Allocation Failure)
[1057.039s][info][gc,phases,start] GC(1877) Phase 1: Mark live objects
[1057.099s][info][gc,phases      ] GC(1877) Phase 1: Mark live objects 59.358ms
[1057.099s][info][gc,phases,start] GC(1877) Phase 2: Compute new object addresses
[1057.252s][info][gc,phases      ] GC(1877) Phase 2: Compute new object addresses 153.383ms
[1057.252s][info][gc,phases,start] GC(1877) Phase 3: Adjust pointers
[1057.286s][info][gc,phases      ] GC(1877) Phase 3: Adjust pointers 34.355ms
[1057.286s][info][gc,phases,start] GC(1877) Phase 4: Move objects
[1057.321s][info][gc,phases      ] GC(1877) Phase 4: Move objects 34.737ms
[1057.322s][info][gc,heap        ] GC(1877) DefNew: 625237K(629120K)->0K(629120K) Eden: 559232K(559232K)->0K(559232K) From: 66005K(69888K)->0K(69888K)
[1057.322s][info][gc,heap        ] GC(1877) Tenured: 1365304K(1398144K)->1199704K(1398144K)
[1057.322s][info][gc,metaspace   ] GC(1877) Metaspace: 121941K(125760K)->121941K(125760K) NonClass: 105722K(106304K)->105722K(106304K) Class: 16219K(19456K)->16219K(19456K)
[1057.322s][info][gc             ] GC(1877) Pause Full (Allocation Failure) 1943M->1171M(1979M) 282.942ms
[1057.322s][info][gc,cpu         ] GC(1877) User=0.28s Sys=0.00s Real=0.28s
[1057.362s][info][gc,start       ] GC(1878) Pause Young (Allocation Failure)
[1057.371s][info][gc,heap        ] GC(1878) DefNew: 559232K(629120K)->28252K(629120K) Eden: 559232K(559232K)->0K(559232K) From: 0K(69888K)->28252K(69888K)
[1057.371s][info][gc,heap        ] GC(1878) Tenured: 1199704K(1398144K)->1199704K(1398144K)
[1057.371s][info][gc,metaspace   ] GC(1878) Metaspace: 121941K(125760K)->121941K(125760K) NonClass: 105722K(106304K)->105722K(106304K) Class: 16219K(19456K)->16219K(19456K)
[1057.371s][info][gc             ] GC(1878) Pause Young (Allocation Failure) 1717M->1199M(1979M) 9.721ms
[1057.371s][info][gc,cpu         ] GC(1878) User=0.00s Sys=0.00s Real=0.00s
[1057.416s][info][gc,start       ] GC(1879) Pause Young (Allocation Failure)
[1057.439s][info][gc,heap        ] GC(1879) DefNew: 587484K(629120K)->68952K(629120K) Eden: 559232K(559232K)->0K(559232K) From: 28252K(69888K)->68952K(69888K)
[1057.439s][info][gc,heap        ] GC(1879) Tenured: 1199704K(1398144K)->1211939K(1398144K)
[1057.439s][info][gc,metaspace   ] GC(1879) Metaspace: 121941K(125760K)->121941K(125760K) NonClass: 105722K(106304K)->105722K(106304K) Class: 16219K(19456K)->16219K(19456K)
[1057.439s][info][gc             ] GC(1879) Pause Young (Allocation Failure) 1745M->1250M(1979M) 22.558ms
[1057.439s][info][gc,cpu         ] GC(1879) User=0.02s Sys=0.00s Real=0.01s
[1057.479s][info][gc,start       ] GC(1880) Pause Young (Allocation Failure)
[1057.506s][info][gc,heap        ] GC(1880) DefNew: 628184K(629120K)->37722K(629120K) Eden: 559232K(559232K)->0K(559232K) From: 68952K(69888K)->37722K(69888K)
[1057.506s][info][gc,heap        ] GC(1880) Tenured: 1211939K(1398144K)->1278960K(1398144K)
[1057.506s][info][gc,metaspace   ] GC(1880) Metaspace: 121941K(125760K)->121941K(125760K) NonClass: 105722K(106304K)->105722K(106304K) Class: 16219K(19456K)->16219K(19456K)
[1057.506s][info][gc             ] GC(1880) Pause Young (Allocation Failure) 1796M->1285M(1979M) 27.498ms
[1057.506s][info][gc,cpu         ] GC(1880) User=0.03s Sys=0.00s Real=0.03s
[1057.547s][info][gc,start       ] GC(1881) Pause Young (Allocation Failure)
[1057.566s][info][gc,heap        ] GC(1881) DefNew: 596954K(629120K)->30881K(629120K) Eden: 559232K(559232K)->0K(559232K) From: 37722K(69888K)->30881K(69888K)
[1057.566s][info][gc,heap        ] GC(1881) Tenured: 1278960K(1398144K)->1312941K(1398144K)
[1057.566s][info][gc,metaspace   ] GC(1881) Metaspace: 121941K(125760K)->121941K(125760K) NonClass: 105722K(106304K)->105722K(106304K) Class: 16219K(19456K)->16219K(19456K)
[1057.566s][info][gc             ] GC(1881) Pause Young (Allocation Failure) 1831M->1312M(1979M) 19.227ms
[1057.566s][info][gc,cpu         ] GC(1881) User=0.02s Sys=0.00s Real=0.01s
[1057.604s][info][gc,start       ] GC(1882) Pause Young (Allocation Failure)
[1057.623s][info][gc,heap        ] GC(1882) DefNew: 590113K(629120K)->60295K(629120K) Eden: 559232K(559232K)->0K(559232K) From: 30881K(69888K)->60295K(69888K)
[1057.623s][info][gc,heap        ] GC(1882) Tenured: 1312941K(1398144K)->1312941K(1398144K)
[1057.623s][info][gc,metaspace   ] GC(1882) Metaspace: 121941K(125760K)->121941K(125760K) NonClass: 105722K(106304K)->105722K(106304K) Class: 16219K(19456K)->16219K(19456K)
[1057.623s][info][gc             ] GC(1882) Pause Young (Allocation Failure) 1858M->1341M(1979M) 18.736ms
[1057.623s][info][gc,cpu         ] GC(1882) User=0.02s Sys=0.00s Real=0.02s
[1057.663s][info][gc,start       ] GC(1883) Pause Young (Allocation Failure)
[1057.684s][info][gc,heap        ] GC(1883) DefNew: 619527K(629120K)->23630K(629120K) Eden: 559232K(559232K)->0K(559232K) From: 60295K(69888K)->23630K(69888K)
[1057.684s][info][gc,heap        ] GC(1883) Tenured: 1312941K(1398144K)->1362156K(1398144K)
[1057.684s][info][gc,metaspace   ] GC(1883) Metaspace: 121941K(125760K)->121941K(125760K) NonClass: 105722K(106304K)->105722K(106304K) Class: 16219K(19456K)->16219K(19456K)
[1057.684s][info][gc             ] GC(1883) Pause Young (Allocation Failure) 1887M->1353M(1979M) 21.770ms
[1057.684s][info][gc,cpu         ] GC(1883) User=0.02s Sys=0.00s Real=0.01s
[1057.725s][info][gc,start       ] GC(1884) Pause Young (Allocation Failure)
[1057.725s][info][gc             ] GC(1884) Pause Young (Allocation Failure) 1899M->1899M(1979M) 0.126ms
[1057.725s][info][gc,cpu         ] GC(1884) User=0.00s Sys=0.00s Real=0.00s
[1057.725s][info][gc,start       ] GC(1885) Pause Full (Allocation Failure)
[1057.725s][info][gc,phases,start] GC(1885) Phase 1: Mark live objects
[1057.796s][info][gc,phases      ] GC(1885) Phase 1: Mark live objects 71.011ms
[1057.796s][info][gc,phases,start] GC(1885) Phase 2: Compute new object addresses
[1057.945s][info][gc,phases      ] GC(1885) Phase 2: Compute new object addresses 149.046ms
[1057.945s][info][gc,phases,start] GC(1885) Phase 3: Adjust pointers
[1057.984s][info][gc,phases      ] GC(1885) Phase 3: Adjust pointers 38.813ms
[1057.984s][info][gc,phases,start] GC(1885) Phase 4: Move objects
[1058.035s][info][gc,phases      ] GC(1885) Phase 4: Move objects 50.647ms
[1058.036s][info][gc,heap        ] GC(1885) DefNew: 582862K(629120K)->0K(629120K) Eden: 559232K(559232K)->0K(559232K) From: 23630K(69888K)->0K(69888K)
[1058.036s][info][gc,heap        ] GC(1885) Tenured: 1362156K(1398144K)->1188788K(1398144K)
[1058.036s][info][gc,metaspace   ] GC(1885) Metaspace: 121942K(125760K)->121942K(125760K) NonClass: 105723K(106304K)->105723K(106304K) Class: 16219K(19456K)->16219K(19456K)
[1058.036s][info][gc             ] GC(1885) Pause Full (Allocation Failure) 1899M->1160M(1979M) 310.889ms
[1058.036s][info][gc,cpu         ] GC(1885) User=0.63s Sys=0.00s Real=0.31s
[1058.076s][info][gc,start       ] GC(1886) Pause Young (Allocation Failure)
[1058.104s][info][gc,heap        ] GC(1886) DefNew: 559232K(629120K)->69888K(629120K) Eden: 559232K(559232K)->0K(559232K) From: 0K(69888K)->69888K(69888K)
[1058.105s][info][gc,heap        ] GC(1886) Tenured: 1188788K(1398144K)->1228642K(1398144K)
[1058.105s][info][gc,metaspace   ] GC(1886) Metaspace: 121942K(125760K)->121942K(125760K) NonClass: 105723K(106304K)->105723K(106304K) Class: 16219K(19456K)->16219K(19456K)
[1058.105s][info][gc             ] GC(1886) Pause Young (Allocation Failure) 1707M->1268M(1979M) 28.497ms
[1058.105s][info][gc,cpu         ] GC(1886) User=0.03s Sys=0.00s Real=0.03s
[1058.142s][info][gc,start       ] GC(1887) Pause Young (Allocation Failure)
[1058.172s][info][gc,heap        ] GC(1887) DefNew: 627249K(629120K)->62010K(629120K) Eden: 557361K(559232K)->0K(559232K) From: 69888K(69888K)->62010K(69888K)
[1058.172s][info][gc,heap        ] GC(1887) Tenured: 1228642K(1398144K)->1276841K(1398144K)
[1058.172s][info][gc,metaspace   ] GC(1887) Metaspace: 121944K(125760K)->121944K(125760K) NonClass: 105725K(106304K)->105725K(106304K) Class: 16219K(19456K)->16219K(19456K)
[1058.172s][info][gc             ] GC(1887) Pause Young (Allocation Failure) 1812M->1307M(1979M) 30.260ms
[1058.172s][info][gc,cpu         ] GC(1887) User=0.03s Sys=0.00s Real=0.03s
[1058.208s][info][gc,start       ] GC(1888) Pause Young (Allocation Failure)
[1058.229s][info][gc,heap        ] GC(1888) DefNew: 621242K(629120K)->30491K(629120K) Eden: 559232K(559232K)->0K(559232K) From: 62010K(69888K)->30491K(69888K)
[1058.229s][info][gc,heap        ] GC(1888) Tenured: 1276841K(1398144K)->1329721K(1398144K)
[1058.229s][info][gc,metaspace   ] GC(1888) Metaspace: 121944K(125760K)->121944K(125760K) NonClass: 105725K(106304K)->105725K(106304K) Class: 16219K(19456K)->16219K(19456K)
[1058.230s][info][gc             ] GC(1888) Pause Young (Allocation Failure) 1853M->1328M(1979M) 21.796ms
[1058.230s][info][gc,cpu         ] GC(1888) User=0.02s Sys=0.00s Real=0.02s
[1058.264s][info][gc,start       ] GC(1889) Pause Young (Allocation Failure)
[1058.264s][info][gc             ] GC(1889) Pause Young (Allocation Failure) 1874M->1874M(1979M) 0.137ms
[1058.264s][info][gc,cpu         ] GC(1889) User=0.00s Sys=0.00s Real=0.00s
[1058.264s][info][gc,start       ] GC(1890) Pause Full (Allocation Failure)
[1058.265s][info][gc,phases,start] GC(1890) Phase 1: Mark live objects
[1058.321s][info][gc,phases      ] GC(1890) Phase 1: Mark live objects 56.455ms
[1058.321s][info][gc,phases,start] GC(1890) Phase 2: Compute new object addresses
[1058.465s][info][gc,phases      ] GC(1890) Phase 2: Compute new object addresses 144.432ms
[1058.466s][info][gc,phases,start] GC(1890) Phase 3: Adjust pointers
[1058.499s][info][gc,phases      ] GC(1890) Phase 3: Adjust pointers 33.366ms
[1058.499s][info][gc,phases,start] GC(1890) Phase 4: Move objects
[1058.529s][info][gc,phases      ] GC(1890) Phase 4: Move objects 29.991ms
[1058.560s][info][gc,heap        ] GC(1890) DefNew: 589723K(629120K)->0K(629120K) Eden: 559232K(559232K)->0K(559232K) From: 30491K(69888K)->0K(69888K)
[1058.601s][info][gc,heap        ] GC(1890) Tenured: 1329721K(1398144K)->1293761K(1398144K)
[1058.601s][info][gc,metaspace   ] GC(1890) Metaspace: 121944K(125760K)->121944K(125760K) NonClass: 105725K(106304K)->105725K(106304K) Class: 16219K(19456K)->16219K(19456K)
[1058.601s][info][gc             ] GC(1890) Pause Full (Allocation Failure) 1874M->1263M(1979M) 336.332ms
[1058.601s][info][gc,cpu         ] GC(1890) User=0.27s Sys=0.00s Real=0.34s
[1058.639s][info][gc,start       ] GC(1891) Pause Young (Allocation Failure)
[1058.660s][info][gc,heap        ] GC(1891) DefNew: 559232K(629120K)->68634K(629120K) Eden: 559232K(559232K)->0K(559232K) From: 0K(69888K)->68634K(69888K)
[1058.660s][info][gc,heap        ] GC(1891) Tenured: 1293761K(1398144K)->1301918K(1398144K)
[1058.660s][info][gc,metaspace   ] GC(1891) Metaspace: 121944K(125760K)->121944K(125760K) NonClass: 105725K(106304K)->105725K(106304K) Class: 16219K(19456K)->16219K(19456K)
[1058.660s][info][gc             ] GC(1891) Pause Young (Allocation Failure) 1809M->1338M(1979M) 21.169ms
[1058.660s][info][gc,cpu         ] GC(1891) User=0.02s Sys=0.00s Real=0.02s
[1058.693s][info][gc,start       ] GC(1892) Pause Young (Allocation Failure)
[1058.729s][info][gc,heap        ] GC(1892) DefNew: 627866K(629120K)->69405K(629120K) Eden: 559232K(559232K)->0K(559232K) From: 68634K(69888K)->69405K(69888K)
[1058.729s][info][gc,heap        ] GC(1892) Tenured: 1301918K(1398144K)->1352657K(1398144K)
[1058.729s][info][gc,metaspace   ] GC(1892) Metaspace: 121944K(125760K)->121944K(125760K) NonClass: 105725K(106304K)->105725K(106304K) Class: 16219K(19456K)->16219K(19456K)
[1058.729s][info][gc             ] GC(1892) Pause Young (Allocation Failure) 1884M->1388M(1979M) 35.235ms
[1058.729s][info][gc,cpu         ] GC(1892) User=0.05s Sys=0.00s Real=0.05s
[1058.763s][info][gc,start       ] GC(1893) Pause Young (Allocation Failure)
[1058.763s][info][gc             ] GC(1893) Pause Young (Allocation Failure) 1934M->1934M(1979M) 0.121ms
[1058.763s][info][gc,cpu         ] GC(1893) User=0.00s Sys=0.00s Real=0.00s
[1058.763s][info][gc,start       ] GC(1894) Pause Full (Allocation Failure)
[1058.763s][info][gc,phases,start] GC(1894) Phase 1: Mark live objects
[1058.819s][info][gc,phases      ] GC(1894) Phase 1: Mark live objects 55.830ms
[1058.819s][info][gc,phases,start] GC(1894) Phase 2: Compute new object addresses
[1058.958s][info][gc,phases      ] GC(1894) Phase 2: Compute new object addresses 139.720ms
[1058.958s][info][gc,phases,start] GC(1894) Phase 3: Adjust pointers
[1058.991s][info][gc,phases      ] GC(1894) Phase 3: Adjust pointers 32.732ms
[1058.991s][info][gc,phases,start] GC(1894) Phase 4: Move objects
[1059.013s][info][gc,phases      ] GC(1894) Phase 4: Move objects 21.502ms
[1059.014s][info][gc,heap        ] GC(1894) DefNew: 628637K(629120K)->0K(629120K) Eden: 559232K(559232K)->0K(559232K) From: 69405K(69888K)->0K(69888K)
[1059.014s][info][gc,heap        ] GC(1894) Tenured: 1352657K(1398144K)->1323755K(1398144K)
[1059.014s][info][gc,metaspace   ] GC(1894) Metaspace: 121944K(125760K)->121944K(125760K) NonClass: 105725K(106304K)->105725K(106304K) Class: 16219K(19456K)->16219K(19456K)
[1059.014s][info][gc             ] GC(1894) Pause Full (Allocation Failure) 1934M->1292M(1979M) 250.922ms
[1059.014s][info][gc,cpu         ] GC(1894) User=0.25s Sys=0.00s Real=0.25s
[1059.049s][info][gc,start       ] GC(1895) Pause Young (Allocation Failure)
[1059.049s][info][gc             ] GC(1895) Pause Young (Allocation Failure) 1838M->1838M(1979M) 0.138ms
[1059.049s][info][gc,cpu         ] GC(1895) User=0.00s Sys=0.00s Real=0.00s
[1059.049s][info][gc,start       ] GC(1896) Pause Full (Allocation Failure)
[1059.050s][info][gc,phases,start] GC(1896) Phase 1: Mark live objects
[1059.106s][info][gc,phases      ] GC(1896) Phase 1: Mark live objects 56.490ms
[1059.106s][info][gc,phases,start] GC(1896) Phase 2: Compute new object addresses
[1059.251s][info][gc,phases      ] GC(1896) Phase 2: Compute new object addresses 145.290ms
[1059.251s][info][gc,phases,start] GC(1896) Phase 3: Adjust pointers
[1059.285s][info][gc,phases      ] GC(1896) Phase 3: Adjust pointers 33.226ms
[1059.285s][info][gc,phases,start] GC(1896) Phase 4: Move objects
[1059.305s][info][gc,phases      ] GC(1896) Phase 4: Move objects 20.555ms
[1059.306s][info][gc,heap        ] GC(1896) DefNew: 559232K(629120K)->0K(629120K) Eden: 559232K(559232K)->0K(559232K) From: 0K(69888K)->0K(69888K)
[1059.306s][info][gc,heap        ] GC(1896) Tenured: 1323755K(1398144K)->1347455K(1398144K)
[1059.306s][info][gc,metaspace   ] GC(1896) Metaspace: 121944K(125760K)->121944K(125760K) NonClass: 105725K(106304K)->105725K(106304K) Class: 16219K(19456K)->16219K(19456K)
[1059.306s][info][gc             ] GC(1896) Pause Full (Allocation Failure) 1838M->1315M(1979M) 256.702ms
[1059.306s][info][gc,cpu         ] GC(1896) User=0.25s Sys=0.00s Real=0.25s
[1059.342s][info][gc,start       ] GC(1897) Pause Young (Allocation Failure)
[1059.342s][info][gc             ] GC(1897) Pause Young (Allocation Failure) 1861M->1861M(1979M) 0.125ms
[1059.342s][info][gc,cpu         ] GC(1897) User=0.00s Sys=0.00s Real=0.00s
[1059.342s][info][gc,start       ] GC(1898) Pause Full (Allocation Failure)
[1059.342s][info][gc,phases,start] GC(1898) Phase 1: Mark live objects
[1059.399s][info][gc,phases      ] GC(1898) Phase 1: Mark live objects 56.896ms
[1059.399s][info][gc,phases,start] GC(1898) Phase 2: Compute new object addresses
[1059.555s][info][gc,phases      ] GC(1898) Phase 2: Compute new object addresses 155.433ms
[1059.555s][info][gc,phases,start] GC(1898) Phase 3: Adjust pointers
[1059.588s][info][gc,phases      ] GC(1898) Phase 3: Adjust pointers 33.110ms
[1059.588s][info][gc,phases,start] GC(1898) Phase 4: Move objects
[1059.658s][info][gc,phases      ] GC(1898) Phase 4: Move objects 69.803ms
[1059.659s][info][gc,heap        ] GC(1898) DefNew: 559232K(629120K)->0K(629120K) Eden: 559232K(559232K)->0K(559232K) From: 0K(69888K)->0K(69888K)
[1059.659s][info][gc,heap        ] GC(1898) Tenured: 1347455K(1398144K)->1291703K(1398144K)
[1059.659s][info][gc,metaspace   ] GC(1898) Metaspace: 121944K(125760K)->121944K(125760K) NonClass: 105725K(106304K)->105725K(106304K) Class: 16219K(19456K)->16219K(19456K)
[1059.659s][info][gc             ] GC(1898) Pause Full (Allocation Failure) 1861M->1261M(1979M) 316.431ms
[1059.659s][info][gc,cpu         ] GC(1898) User=0.31s Sys=0.00s Real=0.31s
[1059.694s][info][gc,start       ] GC(1899) Pause Young (Allocation Failure)
[1059.714s][info][gc,heap        ] GC(1899) DefNew: 559232K(629120K)->69281K(629120K) Eden: 559232K(559232K)->0K(559232K) From: 0K(69888K)->69281K(69888K)
[1059.714s][info][gc,heap        ] GC(1899) Tenured: 1291703K(1398144K)->1299687K(1398144K)
[1059.714s][info][gc,metaspace   ] GC(1899) Metaspace: 121944K(125760K)->121944K(125760K) NonClass: 105725K(106304K)->105725K(106304K) Class: 16219K(19456K)->16219K(19456K)
[1059.714s][info][gc             ] GC(1899) Pause Young (Allocation Failure) 1807M->1336M(1979M) 19.281ms
[1059.714s][info][gc,cpu         ] GC(1899) User=0.02s Sys=0.00s Real=0.02s
[1059.744s][info][gc,start       ] GC(1900) Pause Young (Allocation Failure)
[1059.769s][info][gc,heap        ] GC(1900) DefNew: 628513K(629120K)->55272K(629120K) Eden: 559232K(559232K)->0K(559232K) From: 69281K(69888K)->55272K(69888K)
[1059.769s][info][gc,heap        ] GC(1900) Tenured: 1299687K(1398144K)->1349112K(1398144K)
[1059.769s][info][gc,metaspace   ] GC(1900) Metaspace: 121944K(125760K)->121944K(125760K) NonClass: 105725K(106304K)->105725K(106304K) Class: 16219K(19456K)->16219K(19456K)
[1059.769s][info][gc             ] GC(1900) Pause Young (Allocation Failure) 1883M->1371M(1979M) 25.523ms
[1059.769s][info][gc,cpu         ] GC(1900) User=0.03s Sys=0.00s Real=0.03s
[1059.802s][info][gc,start       ] GC(1901) Pause Young (Allocation Failure)
[1059.802s][info][gc             ] GC(1901) Pause Young (Allocation Failure) 1917M->1917M(1979M) 0.125ms
[1059.802s][info][gc,cpu         ] GC(1901) User=0.00s Sys=0.00s Real=0.00s
[1059.802s][info][gc,start       ] GC(1902) Pause Full (Allocation Failure)
[1059.802s][info][gc,phases,start] GC(1902) Phase 1: Mark live objects
[1059.858s][info][gc,phases      ] GC(1902) Phase 1: Mark live objects 55.543ms
[1059.858s][info][gc,phases,start] GC(1902) Phase 2: Compute new object addresses
[1059.998s][info][gc,phases      ] GC(1902) Phase 2: Compute new object addresses 140.002ms
[1059.998s][info][gc,phases,start] GC(1902) Phase 3: Adjust pointers
[1060.030s][info][gc,phases      ] GC(1902) Phase 3: Adjust pointers 32.538ms
[1060.030s][info][gc,phases,start] GC(1902) Phase 4: Move objects
[1060.050s][info][gc,phases      ] GC(1902) Phase 4: Move objects 19.417ms
[1060.051s][info][gc,heap        ] GC(1902) DefNew: 614504K(629120K)->0K(629120K) Eden: 559232K(559232K)->0K(559232K) From: 55272K(69888K)->0K(69888K)
[1060.051s][info][gc,heap        ] GC(1902) Tenured: 1349112K(1398144K)->1390383K(1398144K)
[1060.051s][info][gc,metaspace   ] GC(1902) Metaspace: 121944K(125760K)->121944K(125760K) NonClass: 105725K(106304K)->105725K(106304K) Class: 16219K(19456K)->16219K(19456K)
[1060.051s][info][gc             ] GC(1902) Pause Full (Allocation Failure) 1917M->1357M(1979M) 248.599ms
[1060.051s][info][gc,cpu         ] GC(1902) User=0.25s Sys=0.00s Real=0.25s
[1060.086s][info][gc,start       ] GC(1903) Pause Young (Allocation Failure)
[1060.086s][info][gc             ] GC(1903) Pause Young (Allocation Failure) 1903M->1903M(1979M) 0.136ms
[1060.086s][info][gc,cpu         ] GC(1903) User=0.00s Sys=0.00s Real=0.00s
[1060.087s][info][gc,start       ] GC(1904) Pause Full (Allocation Failure)
[1060.087s][info][gc,phases,start] GC(1904) Phase 1: Mark live objects
[1060.144s][info][gc,phases      ] GC(1904) Phase 1: Mark live objects 57.438ms
[1060.144s][info][gc,phases,start] GC(1904) Phase 2: Compute new object addresses
[1060.287s][info][gc,phases      ] GC(1904) Phase 2: Compute new object addresses 143.136ms
[1060.287s][info][gc,phases,start] GC(1904) Phase 3: Adjust pointers
[1060.320s][info][gc,phases      ] GC(1904) Phase 3: Adjust pointers 32.808ms
[1060.320s][info][gc,phases,start] GC(1904) Phase 4: Move objects
[1060.339s][info][gc,phases      ] GC(1904) Phase 4: Move objects 18.570ms
[1060.339s][info][gc,heap        ] GC(1904) DefNew: 559232K(629120K)->4210K(629120K) Eden: 559232K(559232K)->4210K(559232K) From: 0K(69888K)->0K(69888K)
[1060.340s][info][gc,heap        ] GC(1904) Tenured: 1390383K(1398144K)->1395366K(1398144K)
[1060.340s][info][gc,metaspace   ] GC(1904) Metaspace: 121944K(125760K)->121944K(125760K) NonClass: 105725K(106304K)->105725K(106304K) Class: 16219K(19456K)->16219K(19456K)
[1060.340s][info][gc             ] GC(1904) Pause Full (Allocation Failure) 1903M->1366M(1979M) 253.074ms
[1060.340s][info][gc,cpu         ] GC(1904) User=0.25s Sys=0.00s Real=0.25s
[1062.684s][info][gc,start       ] GC(1905) Pause Full (Allocation Failure)
[1062.684s][info][gc,phases,start] GC(1905) Phase 1: Mark live objects
[1062.740s][info][gc,phases      ] GC(1905) Phase 1: Mark live objects 55.689ms
[1062.740s][info][gc,phases,start] GC(1905) Phase 2: Compute new object addresses
[1062.908s][info][gc,phases      ] GC(1905) Phase 2: Compute new object addresses 167.836ms
[1062.908s][info][gc,phases,start] GC(1905) Phase 3: Adjust pointers
[1062.941s][info][gc,phases      ] GC(1905) Phase 3: Adjust pointers 32.832ms
[1062.941s][info][gc,phases,start] GC(1905) Phase 4: Move objects
[1062.961s][info][gc,phases      ] GC(1905) Phase 4: Move objects 20.013ms
[1062.962s][info][gc,heap        ] GC(1905) DefNew: 629120K(629120K)->26343K(629120K) Eden: 559232K(559232K)->26343K(559232K) From: 69888K(69888K)->0K(69888K)
[1062.962s][info][gc,heap        ] GC(1905) Tenured: 1398144K(1398144K)->1395837K(1398144K)
[1062.962s][info][gc,metaspace   ] GC(1905) Metaspace: 121944K(125760K)->121944K(125760K) NonClass: 105725K(106304K)->105725K(106304K) Class: 16219K(19456K)->16219K(19456K)
[1062.962s][info][gc             ] GC(1905) Pause Full (Allocation Failure) 1979M->1388M(1979M) 277.545ms
[1062.962s][info][gc,cpu         ] GC(1905) User=0.27s Sys=0.00s Real=0.27s
[1064.643s][info][gc,start       ] GC(1906) Pause Full (Allocation Failure)
[1064.643s][info][gc,phases,start] GC(1906) Phase 1: Mark live objects
[1064.699s][info][gc,phases      ] GC(1906) Phase 1: Mark live objects 55.777ms
[1064.699s][info][gc,phases,start] GC(1906) Phase 2: Compute new object addresses
[1064.857s][info][gc,phases      ] GC(1906) Phase 2: Compute new object addresses 158.203ms
[1064.857s][info][gc,phases,start] GC(1906) Phase 3: Adjust pointers
[1064.889s][info][gc,phases      ] GC(1906) Phase 3: Adjust pointers 32.428ms
[1064.889s][info][gc,phases,start] GC(1906) Phase 4: Move objects
[1064.936s][info][gc,phases      ] GC(1906) Phase 4: Move objects 46.240ms
[1064.936s][info][gc,heap        ] GC(1906) DefNew: 629119K(629120K)->0K(629120K) Eden: 559232K(559232K)->0K(559232K) From: 69887K(69888K)->0K(69888K)
[1064.936s][info][gc,heap        ] GC(1906) Tenured: 1398144K(1398144K)->1368663K(1398144K)
[1064.936s][info][gc,metaspace   ] GC(1906) Metaspace: 121944K(125760K)->121944K(125760K) NonClass: 105725K(106304K)->105725K(106304K) Class: 16219K(19456K)->16219K(19456K)
[1064.937s][info][gc             ] GC(1906) Pause Full (Allocation Failure) 1979M->1336M(1979M) 293.834ms
[1064.937s][info][gc,cpu         ] GC(1906) User=0.28s Sys=0.00s Real=0.29s
[1064.972s][info][gc,start       ] GC(1907) Pause Young (Allocation Failure)
[1064.972s][info][gc             ] GC(1907) Pause Young (Allocation Failure) 1882M->1882M(1979M) 0.140ms
[1064.972s][info][gc,cpu         ] GC(1907) User=0.00s Sys=0.00s Real=0.00s
[1064.972s][info][gc,start       ] GC(1908) Pause Full (Allocation Failure)
[1064.972s][info][gc,phases,start] GC(1908) Phase 1: Mark live objects
[1065.028s][info][gc,phases      ] GC(1908) Phase 1: Mark live objects 55.869ms
[1065.028s][info][gc,phases,start] GC(1908) Phase 2: Compute new object addresses
[1065.169s][info][gc,phases      ] GC(1908) Phase 2: Compute new object addresses 141.410ms
[1065.169s][info][gc,phases,start] GC(1908) Phase 3: Adjust pointers
[1065.202s][info][gc,phases      ] GC(1908) Phase 3: Adjust pointers 33.147ms
[1065.203s][info][gc,phases,start] GC(1908) Phase 4: Move objects
[1065.214s][info][gc,phases      ] GC(1908) Phase 4: Move objects 11.282ms
[1065.215s][info][gc,heap        ] GC(1908) DefNew: 559232K(629120K)->24133K(629120K) Eden: 559232K(559232K)->24133K(559232K) From: 0K(69888K)->0K(69888K)
[1065.215s][info][gc,heap        ] GC(1908) Tenured: 1368663K(1398144K)->1395598K(1398144K)
[1065.215s][info][gc,metaspace   ] GC(1908) Metaspace: 121944K(125760K)->121944K(125760K) NonClass: 105725K(106304K)->105725K(106304K) Class: 16219K(19456K)->16219K(19456K)
[1065.215s][info][gc             ] GC(1908) Pause Full (Allocation Failure) 1882M->1386M(1979M) 242.808ms
[1065.215s][info][gc,cpu         ] GC(1908) User=0.23s Sys=0.00s Real=0.23s
[1066.906s][info][gc,start       ] GC(1909) Pause Full (Allocation Failure)
[1066.906s][info][gc,phases,start] GC(1909) Phase 1: Mark live objects
[1066.971s][info][gc,phases      ] GC(1909) Phase 1: Mark live objects 65.301ms
[1066.971s][info][gc,phases,start] GC(1909) Phase 2: Compute new object addresses
[1067.132s][info][gc,phases      ] GC(1909) Phase 2: Compute new object addresses 160.858ms
[1067.132s][info][gc,phases,start] GC(1909) Phase 3: Adjust pointers
[1067.166s][info][gc,phases      ] GC(1909) Phase 3: Adjust pointers 34.036ms
[1067.166s][info][gc,phases,start] GC(1909) Phase 4: Move objects
[1067.182s][info][gc,phases      ] GC(1909) Phase 4: Move objects 15.423ms
[1067.183s][info][gc,heap        ] GC(1909) DefNew: 629120K(629120K)->64890K(629120K) Eden: 559232K(559232K)->64890K(559232K) From: 69888K(69888K)->0K(69888K)
[1067.183s][info][gc,heap        ] GC(1909) Tenured: 1398144K(1398144K)->1395148K(1398144K)
[1067.183s][info][gc,metaspace   ] GC(1909) Metaspace: 121944K(125760K)->121944K(125760K) NonClass: 105725K(106304K)->105725K(106304K) Class: 16219K(19456K)->16219K(19456K)
[1067.183s][info][gc             ] GC(1909) Pause Full (Allocation Failure) 1979M->1425M(1979M) 276.879ms
[1067.183s][info][gc,cpu         ] GC(1909) User=0.27s Sys=0.00s Real=0.27s
[1069.105s][info][gc,start       ] GC(1910) Pause Full (Allocation Failure)
[1069.105s][info][gc,phases,start] GC(1910) Phase 1: Mark live objects
[1069.170s][info][gc,phases      ] GC(1910) Phase 1: Mark live objects 64.820ms
[1069.170s][info][gc,phases,start] GC(1910) Phase 2: Compute new object addresses
[1069.321s][info][gc,phases      ] GC(1910) Phase 2: Compute new object addresses 151.762ms
[1069.321s][info][gc,phases,start] GC(1910) Phase 3: Adjust pointers
[1069.355s][info][gc,phases      ] GC(1910) Phase 3: Adjust pointers 33.108ms
[1069.355s][info][gc,phases,start] GC(1910) Phase 4: Move objects
[1069.371s][info][gc,phases      ] GC(1910) Phase 4: Move objects 16.175ms
[1069.372s][info][gc,heap        ] GC(1910) DefNew: 629120K(629120K)->71720K(629120K) Eden: 559232K(559232K)->71720K(559232K) From: 69888K(69888K)->0K(69888K)
[1069.372s][info][gc,heap        ] GC(1910) Tenured: 1398144K(1398144K)->1398144K(1398144K)
[1069.372s][info][gc,metaspace   ] GC(1910) Metaspace: 121948K(125760K)->121948K(125760K) NonClass: 105729K(106304K)->105729K(106304K) Class: 16219K(19456K)->16219K(19456K)
[1069.372s][info][gc             ] GC(1910) Pause Full (Allocation Failure) 1979M->1435M(1979M) 267.106ms
[1069.372s][info][gc,cpu         ] GC(1910) User=0.27s Sys=0.00s Real=0.27s
[1071.665s][info][gc,start       ] GC(1911) Pause Full (Allocation Failure)
[1071.665s][info][gc,phases,start] GC(1911) Phase 1: Mark live objects
[1071.721s][info][gc,phases      ] GC(1911) Phase 1: Mark live objects 56.134ms
[1071.721s][info][gc,phases,start] GC(1911) Phase 2: Compute new object addresses
[1071.873s][info][gc,phases      ] GC(1911) Phase 2: Compute new object addresses 151.508ms
[1071.873s][info][gc,phases,start] GC(1911) Phase 3: Adjust pointers
[1071.906s][info][gc,phases      ] GC(1911) Phase 3: Adjust pointers 33.204ms
[1071.906s][info][gc,phases,start] GC(1911) Phase 4: Move objects
[1071.995s][info][gc,phases      ] GC(1911) Phase 4: Move objects 88.600ms
[1071.996s][info][gc,heap        ] GC(1911) DefNew: 629119K(629120K)->3294K(629120K) Eden: 559232K(559232K)->3294K(559232K) From: 69887K(69888K)->0K(69888K)
[1071.996s][info][gc,heap        ] GC(1911) Tenured: 1398144K(1398144K)->1397473K(1398144K)
[1071.996s][info][gc,metaspace   ] GC(1911) Metaspace: 121949K(125760K)->121949K(125760K) NonClass: 105730K(106304K)->105730K(106304K) Class: 16219K(19456K)->16219K(19456K)
[1071.996s][info][gc             ] GC(1911) Pause Full (Allocation Failure) 1979M->1367M(1979M) 330.690ms
[1071.996s][info][gc,cpu         ] GC(1911) User=0.34s Sys=0.00s Real=0.34s
[1074.115s][info][gc,start       ] GC(1912) Pause Full (Allocation Failure)
[1074.115s][info][gc,phases,start] GC(1912) Phase 1: Mark live objects
[1074.171s][info][gc,phases      ] GC(1912) Phase 1: Mark live objects 55.846ms
[1074.171s][info][gc,phases,start] GC(1912) Phase 2: Compute new object addresses
[1074.334s][info][gc,phases      ] GC(1912) Phase 2: Compute new object addresses 162.355ms
[1074.334s][info][gc,phases,start] GC(1912) Phase 3: Adjust pointers
[1074.367s][info][gc,phases      ] GC(1912) Phase 3: Adjust pointers 33.045ms
[1074.367s][info][gc,phases,start] GC(1912) Phase 4: Move objects
[1074.373s][info][gc,phases      ] GC(1912) Phase 4: Move objects 6.256ms
[1074.374s][info][gc,heap        ] GC(1912) DefNew: 629120K(629120K)->27787K(629120K) Eden: 559232K(559232K)->27787K(559232K) From: 69888K(69888K)->0K(69888K)
[1074.374s][info][gc,heap        ] GC(1912) Tenured: 1398143K(1398144K)->1398143K(1398144K)
[1074.374s][info][gc,metaspace   ] GC(1912) Metaspace: 121949K(125760K)->121949K(125760K) NonClass: 105730K(106304K)->105730K(106304K) Class: 16219K(19456K)->16219K(19456K)
[1074.374s][info][gc             ] GC(1912) Pause Full (Allocation Failure) 1979M->1392M(1979M) 258.648ms
[1074.374s][info][gc,cpu         ] GC(1912) User=0.25s Sys=0.00s Real=0.26s
[1077.006s][info][gc,start       ] GC(1913) Pause Full (Allocation Failure)
[1077.006s][info][gc,phases,start] GC(1913) Phase 1: Mark live objects
[1077.062s][info][gc,phases      ] GC(1913) Phase 1: Mark live objects 55.801ms
[1077.062s][info][gc,phases,start] GC(1913) Phase 2: Compute new object addresses
[1077.227s][info][gc,phases      ] GC(1913) Phase 2: Compute new object addresses 164.367ms
[1077.227s][info][gc,phases,start] GC(1913) Phase 3: Adjust pointers
[1077.259s][info][gc,phases      ] GC(1913) Phase 3: Adjust pointers 32.827ms
[1077.260s][info][gc,phases,start] GC(1913) Phase 4: Move objects
[1077.264s][info][gc,phases      ] GC(1913) Phase 4: Move objects 4.372ms
[1077.265s][info][gc,heap        ] GC(1913) DefNew: 629120K(629120K)->22952K(629120K) Eden: 559232K(559232K)->22952K(559232K) From: 69888K(69888K)->0K(69888K)
[1077.265s][info][gc,heap        ] GC(1913) Tenured: 1398143K(1398144K)->1398143K(1398144K)
[1077.265s][info][gc,metaspace   ] GC(1913) Metaspace: 121954K(125760K)->121954K(125760K) NonClass: 105735K(106304K)->105735K(106304K) Class: 16219K(19456K)->16219K(19456K)
[1077.265s][info][gc             ] GC(1913) Pause Full (Allocation Failure) 1979M->1387M(1979M) 258.510ms
[1077.265s][info][gc,cpu         ] GC(1913) User=0.25s Sys=0.00s Real=0.25s
[1079.437s][info][gc,start       ] GC(1914) Pause Full (Allocation Failure)
[1079.438s][info][gc,phases,start] GC(1914) Phase 1: Mark live objects
[1079.503s][info][gc,phases      ] GC(1914) Phase 1: Mark live objects 65.642ms
[1079.503s][info][gc,phases,start] GC(1914) Phase 2: Compute new object addresses
[1079.672s][info][gc,phases      ] GC(1914) Phase 2: Compute new object addresses 168.836ms
[1079.672s][info][gc,phases,start] GC(1914) Phase 3: Adjust pointers
[1079.705s][info][gc,phases      ] GC(1914) Phase 3: Adjust pointers 32.986ms
[1079.705s][info][gc,phases,start] GC(1914) Phase 4: Move objects
[1079.709s][info][gc,phases      ] GC(1914) Phase 4: Move objects 3.646ms
[1079.710s][info][gc,heap        ] GC(1914) DefNew: 629119K(629120K)->22977K(629120K) Eden: 559232K(559232K)->22977K(559232K) From: 69887K(69888K)->0K(69888K)
[1079.710s][info][gc,heap        ] GC(1914) Tenured: 1398143K(1398144K)->1398143K(1398144K)
[1079.710s][info][gc,metaspace   ] GC(1914) Metaspace: 121958K(125760K)->121958K(125760K) NonClass: 105739K(106304K)->105739K(106304K) Class: 16219K(19456K)->16219K(19456K)
[1079.710s][info][gc             ] GC(1914) Pause Full (Allocation Failure) 1979M->1387M(1979M) 272.368ms
[1079.710s][info][gc,cpu         ] GC(1914) User=0.27s Sys=0.00s Real=0.27s
[1081.882s][info][gc,start       ] GC(1915) Pause Full (Allocation Failure)
[1081.882s][info][gc,phases,start] GC(1915) Phase 1: Mark live objects
[1081.938s][info][gc,phases      ] GC(1915) Phase 1: Mark live objects 55.988ms
[1081.938s][info][gc,phases,start] GC(1915) Phase 2: Compute new object addresses
[1082.107s][info][gc,phases      ] GC(1915) Phase 2: Compute new object addresses 169.190ms
[1082.107s][info][gc,phases,start] GC(1915) Phase 3: Adjust pointers
[1082.140s][info][gc,phases      ] GC(1915) Phase 3: Adjust pointers 33.025ms
[1082.140s][info][gc,phases,start] GC(1915) Phase 4: Move objects
[1082.212s][info][gc,phases      ] GC(1915) Phase 4: Move objects 71.343ms
[1082.213s][info][gc,heap        ] GC(1915) DefNew: 629120K(629120K)->3916K(629120K) Eden: 559232K(559232K)->3916K(559232K) From: 69888K(69888K)->0K(69888K)
[1082.213s][info][gc,heap        ] GC(1915) Tenured: 1398143K(1398144K)->1396464K(1398144K)
[1082.213s][info][gc,metaspace   ] GC(1915) Metaspace: 121958K(125760K)->121958K(125760K) NonClass: 105739K(106304K)->105739K(106304K) Class: 16219K(19456K)->16219K(19456K)
[1082.213s][info][gc             ] GC(1915) Pause Full (Allocation Failure) 1979M->1367M(1979M) 330.743ms
[1082.213s][info][gc,cpu         ] GC(1915) User=0.31s Sys=0.00s Real=0.32s
[1084.402s][info][gc,start       ] GC(1916) Pause Full (Allocation Failure)
[1084.402s][info][gc,phases,start] GC(1916) Phase 1: Mark live objects
[1084.463s][info][gc,phases      ] GC(1916) Phase 1: Mark live objects 60.941ms
[1084.463s][info][gc,phases,start] GC(1916) Phase 2: Compute new object addresses
[1084.652s][info][gc,phases      ] GC(1916) Phase 2: Compute new object addresses 188.216ms
[1084.652s][info][gc,phases,start] GC(1916) Phase 3: Adjust pointers
[1084.685s][info][gc,phases      ] GC(1916) Phase 3: Adjust pointers 33.566ms
[1084.708s][info][gc,phases,start] GC(1916) Phase 4: Move objects
[1084.708s][info][gc,phases      ] GC(1916) Phase 4: Move objects 0.102ms
[1084.709s][info][gc,heap        ] GC(1916) DefNew: 629119K(629120K)->3851K(629120K) Eden: 559232K(559232K)->3851K(559232K) From: 69887K(69888K)->0K(69888K)
[1084.709s][info][gc,heap        ] GC(1916) Tenured: 1398143K(1398144K)->1398143K(1398144K)
[1084.709s][info][gc,metaspace   ] GC(1916) Metaspace: 121958K(125760K)->121958K(125760K) NonClass: 105739K(106304K)->105739K(106304K) Class: 16219K(19456K)->16219K(19456K)
[1084.709s][info][gc             ] GC(1916) Pause Full (Allocation Failure) 1979M->1369M(1979M) 307.163ms
[1084.709s][info][gc,cpu         ] GC(1916) User=0.30s Sys=0.00s Real=0.30s
[1087.047s][info][gc,start       ] GC(1917) Pause Full (Allocation Failure)
[1087.048s][info][gc,phases,start] GC(1917) Phase 1: Mark live objects
[1087.104s][info][gc,phases      ] GC(1917) Phase 1: Mark live objects 55.968ms
[1087.104s][info][gc,phases,start] GC(1917) Phase 2: Compute new object addresses
[1087.277s][info][gc,phases      ] GC(1917) Phase 2: Compute new object addresses 173.455ms
[1087.277s][info][gc,phases,start] GC(1917) Phase 3: Adjust pointers
[1087.311s][info][gc,phases      ] GC(1917) Phase 3: Adjust pointers 33.647ms
[1087.311s][info][gc,phases,start] GC(1917) Phase 4: Move objects
[1087.311s][info][gc,phases      ] GC(1917) Phase 4: Move objects 0.054ms
[1087.312s][info][gc,heap        ] GC(1917) DefNew: 629120K(629120K)->3904K(629120K) Eden: 559232K(559232K)->3904K(559232K) From: 69888K(69888K)->0K(69888K)
[1087.312s][info][gc,heap        ] GC(1917) Tenured: 1398143K(1398144K)->1398143K(1398144K)
[1087.312s][info][gc,metaspace   ] GC(1917) Metaspace: 121958K(125760K)->121958K(125760K) NonClass: 105739K(106304K)->105739K(106304K) Class: 16219K(19456K)->16219K(19456K)
[1087.312s][info][gc             ] GC(1917) Pause Full (Allocation Failure) 1979M->1369M(1979M) 264.285ms
[1087.312s][info][gc,cpu         ] GC(1917) User=0.27s Sys=0.00s Real=0.27s
[1089.318s][info][gc,start       ] GC(1918) Pause Full (Allocation Failure)
[1089.318s][info][gc,phases,start] GC(1918) Phase 1: Mark live objects
[1089.386s][info][gc,phases      ] GC(1918) Phase 1: Mark live objects 67.534ms
[1089.386s][info][gc,phases,start] GC(1918) Phase 2: Compute new object addresses
[1089.562s][info][gc,phases      ] GC(1918) Phase 2: Compute new object addresses 176.206ms
[1089.562s][info][gc,phases,start] GC(1918) Phase 3: Adjust pointers
[1089.595s][info][gc,phases      ] GC(1918) Phase 3: Adjust pointers 33.197ms
[1089.595s][info][gc,phases,start] GC(1918) Phase 4: Move objects
[1089.632s][info][gc,phases      ] GC(1918) Phase 4: Move objects 37.105ms
[1089.633s][info][gc,heap        ] GC(1918) DefNew: 629120K(629120K)->0K(629120K) Eden: 559232K(559232K)->0K(559232K) From: 69888K(69888K)->0K(69888K)
[1089.633s][info][gc,heap        ] GC(1918) Tenured: 1398143K(1398144K)->1323782K(1398144K)
[1089.633s][info][gc,metaspace   ] GC(1918) Metaspace: 121958K(125760K)->121958K(125760K) NonClass: 105739K(106304K)->105739K(106304K) Class: 16219K(19456K)->16219K(19456K)
[1089.633s][info][gc             ] GC(1918) Pause Full (Allocation Failure) 1979M->1292M(1979M) 315.347ms
[1089.633s][info][gc,cpu         ] GC(1918) User=0.31s Sys=0.00s Real=0.31s
[1089.697s][info][gc,start       ] GC(1919) Pause Young (Allocation Failure)
[1089.703s][info][gc,heap        ] GC(1919) DefNew: 559232K(629120K)->578K(629120K) Eden: 559232K(559232K)->0K(559232K) From: 0K(69888K)->578K(69888K)
[1089.703s][info][gc,heap        ] GC(1919) Tenured: 1323782K(1398144K)->1323782K(1398144K)
[1089.703s][info][gc,metaspace   ] GC(1919) Metaspace: 121958K(125760K)->121958K(125760K) NonClass: 105739K(106304K)->105739K(106304K) Class: 16219K(19456K)->16219K(19456K)
[1089.703s][info][gc             ] GC(1919) Pause Young (Allocation Failure) 1838M->1293M(1979M) 6.059ms
[1089.703s][info][gc,cpu         ] GC(1919) User=0.02s Sys=0.00s Real=0.02s
[1090.143s][info][gc,start       ] GC(1920) Pause Full (System.gc())
[1090.170s][info][gc,phases,start] GC(1920) Phase 1: Mark live objects
[1090.236s][info][gc,phases      ] GC(1920) Phase 1: Mark live objects 66.663ms
[1090.236s][info][gc,phases,start] GC(1920) Phase 2: Compute new object addresses
[1090.284s][info][gc,phases      ] GC(1920) Phase 2: Compute new object addresses 47.528ms
[1090.284s][info][gc,phases,start] GC(1920) Phase 3: Adjust pointers
[1090.316s][info][gc,phases      ] GC(1920) Phase 3: Adjust pointers 32.186ms
[1090.316s][info][gc,phases,start] GC(1920) Phase 4: Move objects
[1090.318s][info][gc,phases      ] GC(1920) Phase 4: Move objects 1.565ms
[1090.319s][info][gc,heap        ] GC(1920) DefNew: 153150K(629120K)->0K(629120K) Eden: 152572K(559232K)->0K(559232K) From: 578K(69888K)->0K(69888K)
[1090.319s][info][gc,heap        ] GC(1920) Tenured: 1323782K(1398144K)->972542K(1398144K)
[1090.319s][info][gc,metaspace   ] GC(1920) Metaspace: 121961K(125760K)->121961K(125760K) NonClass: 105742K(106304K)->105742K(106304K) Class: 16219K(19456K)->16219K(19456K)
[1090.319s][info][gc             ] GC(1920) Pause Full (System.gc()) 1442M->949M(1979M) 175.569ms
[1090.319s][info][gc,cpu         ] GC(1920) User=0.16s Sys=0.00s Real=0.19s
[1090.431s][info][gc,start       ] GC(1921) Pause Young (Allocation Failure)
[1090.446s][info][gc,heap        ] GC(1921) DefNew: 559232K(629120K)->14040K(629120K) Eden: 559232K(559232K)->0K(559232K) From: 0K(69888K)->14040K(69888K)
[1090.446s][info][gc,heap        ] GC(1921) Tenured: 972542K(1398144K)->972542K(1398144K)
[1090.446s][info][gc,metaspace   ] GC(1921) Metaspace: 121977K(125824K)->121977K(125824K) NonClass: 105758K(106368K)->105758K(106368K) Class: 16219K(19456K)->16219K(19456K)
[1090.446s][info][gc             ] GC(1921) Pause Young (Allocation Failure) 1495M->963M(1979M) 14.563ms
[1090.446s][info][gc,cpu         ] GC(1921) User=0.02s Sys=0.00s Real=0.02s
[1090.483s][info][gc,start       ] GC(1922) Pause Young (Allocation Failure)
[1090.494s][info][gc,heap        ] GC(1922) DefNew: 573272K(629120K)->19250K(629120K) Eden: 559232K(559232K)->0K(559232K) From: 14040K(69888K)->19250K(69888K)
[1090.494s][info][gc,heap        ] GC(1922) Tenured: 972542K(1398144K)->972542K(1398144K)
[1090.494s][info][gc,metaspace   ] GC(1922) Metaspace: 121977K(125824K)->121977K(125824K) NonClass: 105758K(106368K)->105758K(106368K) Class: 16219K(19456K)->16219K(19456K)
[1090.495s][info][gc             ] GC(1922) Pause Young (Allocation Failure) 1509M->968M(1979M) 11.214ms
[1090.495s][info][gc,cpu         ] GC(1922) User=0.02s Sys=0.00s Real=0.02s
[1090.532s][info][gc,start       ] GC(1923) Pause Young (Allocation Failure)
[1090.545s][info][gc,heap        ] GC(1923) DefNew: 578482K(629120K)->25845K(629120K) Eden: 559232K(559232K)->0K(559232K) From: 19250K(69888K)->25845K(69888K)
[1090.545s][info][gc,heap        ] GC(1923) Tenured: 972542K(1398144K)->972542K(1398144K)
[1090.545s][info][gc,metaspace   ] GC(1923) Metaspace: 121977K(125824K)->121977K(125824K) NonClass: 105758K(106368K)->105758K(106368K) Class: 16219K(19456K)->16219K(19456K)
[1090.545s][info][gc             ] GC(1923) Pause Young (Allocation Failure) 1514M->974M(1979M) 12.774ms
[1090.545s][info][gc,cpu         ] GC(1923) User=0.02s Sys=0.00s Real=0.02s
[1090.582s][info][gc,start       ] GC(1924) Pause Young (Allocation Failure)
[1090.596s][info][gc,heap        ] GC(1924) DefNew: 585077K(629120K)->30922K(629120K) Eden: 559232K(559232K)->0K(559232K) From: 25845K(69888K)->30922K(69888K)
[1090.596s][info][gc,heap        ] GC(1924) Tenured: 972542K(1398144K)->972542K(1398144K)
[1090.596s][info][gc,metaspace   ] GC(1924) Metaspace: 121977K(125824K)->121977K(125824K) NonClass: 105758K(106368K)->105758K(106368K) Class: 16219K(19456K)->16219K(19456K)
[1090.596s][info][gc             ] GC(1924) Pause Young (Allocation Failure) 1521M->979M(1979M) 13.897ms
[1090.596s][info][gc,cpu         ] GC(1924) User=0.03s Sys=0.00s Real=0.02s
[1090.634s][info][gc,start       ] GC(1925) Pause Young (Allocation Failure)
[1090.650s][info][gc,heap        ] GC(1925) DefNew: 590154K(629120K)->39502K(629120K) Eden: 559232K(559232K)->0K(559232K) From: 30922K(69888K)->39502K(69888K)
[1090.650s][info][gc,heap        ] GC(1925) Tenured: 972542K(1398144K)->972542K(1398144K)
[1090.650s][info][gc,metaspace   ] GC(1925) Metaspace: 121977K(125824K)->121977K(125824K) NonClass: 105758K(106368K)->105758K(106368K) Class: 16219K(19456K)->16219K(19456K)
[1090.650s][info][gc             ] GC(1925) Pause Young (Allocation Failure) 1526M->988M(1979M) 16.083ms
[1090.650s][info][gc,cpu         ] GC(1925) User=0.03s Sys=0.00s Real=0.02s
[1090.688s][info][gc,start       ] GC(1926) Pause Young (Allocation Failure)
[1090.707s][info][gc,heap        ] GC(1926) DefNew: 598734K(629120K)->37956K(629120K) Eden: 559232K(559232K)->0K(559232K) From: 39502K(69888K)->37956K(69888K)
[1090.707s][info][gc,heap        ] GC(1926) Tenured: 972542K(1398144K)->981983K(1398144K)
[1090.707s][info][gc,metaspace   ] GC(1926) Metaspace: 121977K(125824K)->121977K(125824K) NonClass: 105758K(106368K)->105758K(106368K) Class: 16219K(19456K)->16219K(19456K)
[1090.707s][info][gc             ] GC(1926) Pause Young (Allocation Failure) 1534M->996M(1979M) 18.857ms
[1090.707s][info][gc,cpu         ] GC(1926) User=0.02s Sys=0.00s Real=0.02s
[1090.746s][info][gc,start       ] GC(1927) Pause Young (Allocation Failure)
[1090.760s][info][gc,heap        ] GC(1927) DefNew: 597188K(629120K)->47110K(629120K) Eden: 559232K(559232K)->0K(559232K) From: 37956K(69888K)->47110K(69888K)
[1090.760s][info][gc,heap        ] GC(1927) Tenured: 981983K(1398144K)->983648K(1398144K)
[1090.760s][info][gc,metaspace   ] GC(1927) Metaspace: 121977K(125824K)->121977K(125824K) NonClass: 105758K(106368K)->105758K(106368K) Class: 16219K(19456K)->16219K(19456K)
[1090.760s][info][gc             ] GC(1927) Pause Young (Allocation Failure) 1542M->1006M(1979M) 14.191ms
[1090.760s][info][gc,cpu         ] GC(1927) User=0.02s Sys=0.00s Real=0.02s
[1090.798s][info][gc,start       ] GC(1928) Pause Young (Allocation Failure)
[1090.811s][info][gc,heap        ] GC(1928) DefNew: 606342K(629120K)->37811K(629120K) Eden: 559232K(559232K)->0K(559232K) From: 47110K(69888K)->37811K(69888K)
[1090.811s][info][gc,heap        ] GC(1928) Tenured: 983648K(1398144K)->993030K(1398144K)
[1090.811s][info][gc,metaspace   ] GC(1928) Metaspace: 121977K(125824K)->121977K(125824K) NonClass: 105758K(106368K)->105758K(106368K) Class: 16219K(19456K)->16219K(19456K)
[1090.811s][info][gc             ] GC(1928) Pause Young (Allocation Failure) 1552M->1006M(1979M) 13.602ms
[1090.811s][info][gc,cpu         ] GC(1928) User=0.02s Sys=0.00s Real=0.01s
[1090.849s][info][gc,start       ] GC(1929) Pause Young (Allocation Failure)
[1090.862s][info][gc,heap        ] GC(1929) DefNew: 597043K(629120K)->28417K(629120K) Eden: 559232K(559232K)->0K(559232K) From: 37811K(69888K)->28417K(69888K)
[1090.862s][info][gc,heap        ] GC(1929) Tenured: 993030K(1398144K)->1008657K(1398144K)
[1090.862s][info][gc,metaspace   ] GC(1929) Metaspace: 121977K(125824K)->121977K(125824K) NonClass: 105758K(106368K)->105758K(106368K) Class: 16219K(19456K)->16219K(19456K)
[1090.862s][info][gc             ] GC(1929) Pause Young (Allocation Failure) 1552M->1012M(1979M) 12.677ms
[1090.862s][info][gc,cpu         ] GC(1929) User=0.02s Sys=0.00s Real=0.01s
[1090.900s][info][gc,start       ] GC(1930) Pause Young (Allocation Failure)
[1090.911s][info][gc,heap        ] GC(1930) DefNew: 587649K(629120K)->34652K(629120K) Eden: 559232K(559232K)->0K(559232K) From: 28417K(69888K)->34652K(69888K)
[1090.911s][info][gc,heap        ] GC(1930) Tenured: 1008657K(1398144K)->1008657K(1398144K)
[1090.911s][info][gc,metaspace   ] GC(1930) Metaspace: 121977K(125824K)->121977K(125824K) NonClass: 105758K(106368K)->105758K(106368K) Class: 16219K(19456K)->16219K(19456K)
[1090.911s][info][gc             ] GC(1930) Pause Young (Allocation Failure) 1558M->1018M(1979M) 10.847ms
[1090.911s][info][gc,cpu         ] GC(1930) User=0.00s Sys=0.00s Real=0.00s
[1090.958s][info][gc,start       ] GC(1931) Pause Young (Allocation Failure)
[1090.978s][info][gc,heap        ] GC(1931) DefNew: 593884K(629120K)->65906K(629120K) Eden: 559232K(559232K)->0K(559232K) From: 34652K(69888K)->65906K(69888K)
[1090.978s][info][gc,heap        ] GC(1931) Tenured: 1008657K(1398144K)->1014907K(1398144K)
[1090.978s][info][gc,metaspace   ] GC(1931) Metaspace: 121977K(125824K)->121977K(125824K) NonClass: 105758K(106368K)->105758K(106368K) Class: 16219K(19456K)->16219K(19456K)
[1090.978s][info][gc             ] GC(1931) Pause Young (Allocation Failure) 1564M->1055M(1979M) 19.803ms
[1090.978s][info][gc,cpu         ] GC(1931) User=0.02s Sys=0.00s Real=0.02s
[1091.016s][info][gc,start       ] GC(1932) Pause Young (Allocation Failure)
[1091.042s][info][gc,heap        ] GC(1932) DefNew: 625138K(629120K)->66851K(629120K) Eden: 559232K(559232K)->0K(559232K) From: 65906K(69888K)->66851K(69888K)
[1091.042s][info][gc,heap        ] GC(1932) Tenured: 1014907K(1398144K)->1049293K(1398144K)
[1091.042s][info][gc,metaspace   ] GC(1932) Metaspace: 121977K(125824K)->121977K(125824K) NonClass: 105758K(106368K)->105758K(106368K) Class: 16219K(19456K)->16219K(19456K)
[1091.042s][info][gc             ] GC(1932) Pause Young (Allocation Failure) 1601M->1089M(1979M) 26.005ms
[1091.042s][info][gc,cpu         ] GC(1932) User=0.03s Sys=0.00s Real=0.03s
[1091.081s][info][gc,start       ] GC(1933) Pause Young (Allocation Failure)
[1091.102s][info][gc,heap        ] GC(1933) DefNew: 626083K(629120K)->8818K(629120K) Eden: 559232K(559232K)->0K(559232K) From: 66851K(69888K)->8818K(69888K)
[1091.102s][info][gc,heap        ] GC(1933) Tenured: 1049293K(1398144K)->1115912K(1398144K)
[1091.102s][info][gc,metaspace   ] GC(1933) Metaspace: 121977K(125824K)->121977K(125824K) NonClass: 105758K(106368K)->105758K(106368K) Class: 16219K(19456K)->16219K(19456K)
[1091.102s][info][gc             ] GC(1933) Pause Young (Allocation Failure) 1636M->1098M(1979M) 20.374ms
[1091.102s][info][gc,cpu         ] GC(1933) User=0.03s Sys=0.00s Real=0.03s
[1091.147s][info][gc,start       ] GC(1934) Pause Young (Allocation Failure)
[1091.159s][info][gc,heap        ] GC(1934) DefNew: 568050K(629120K)->42447K(629120K) Eden: 559232K(559232K)->0K(559232K) From: 8818K(69888K)->42447K(69888K)
[1091.159s][info][gc,heap        ] GC(1934) Tenured: 1115912K(1398144K)->1115912K(1398144K)
[1091.159s][info][gc,metaspace   ] GC(1934) Metaspace: 121977K(125824K)->121977K(125824K) NonClass: 105758K(106368K)->105758K(106368K) Class: 16219K(19456K)->16219K(19456K)
[1091.159s][info][gc             ] GC(1934) Pause Young (Allocation Failure) 1644M->1131M(1979M) 12.926ms
[1091.159s][info][gc,cpu         ] GC(1934) User=0.00s Sys=0.00s Real=0.00s
[1091.201s][info][gc,start       ] GC(1935) Pause Young (Allocation Failure)
[1091.226s][info][gc,heap        ] GC(1935) DefNew: 601679K(629120K)->69501K(629120K) Eden: 559232K(559232K)->0K(559232K) From: 42447K(69888K)->69501K(69888K)
[1091.226s][info][gc,heap        ] GC(1935) Tenured: 1115912K(1398144K)->1146146K(1398144K)
[1091.226s][info][gc,metaspace   ] GC(1935) Metaspace: 121977K(125824K)->121977K(125824K) NonClass: 105758K(106368K)->105758K(106368K) Class: 16219K(19456K)->16219K(19456K)
[1091.226s][info][gc             ] GC(1935) Pause Young (Allocation Failure) 1677M->1187M(1979M) 25.692ms
[1091.226s][info][gc,cpu         ] GC(1935) User=0.03s Sys=0.00s Real=0.03s
[1091.266s][info][gc,start       ] GC(1936) Pause Young (Allocation Failure)
[1091.292s][info][gc,heap        ] GC(1936) DefNew: 628733K(629120K)->31747K(629120K) Eden: 559232K(559232K)->0K(559232K) From: 69501K(69888K)->31747K(69888K)
[1091.293s][info][gc,heap        ] GC(1936) Tenured: 1146146K(1398144K)->1214030K(1398144K)
[1091.293s][info][gc,metaspace   ] GC(1936) Metaspace: 121977K(125824K)->121977K(125824K) NonClass: 105758K(106368K)->105758K(106368K) Class: 16219K(19456K)->16219K(19456K)
[1091.293s][info][gc             ] GC(1936) Pause Young (Allocation Failure) 1733M->1216M(1979M) 26.341ms
[1091.293s][info][gc,cpu         ] GC(1936) User=0.03s Sys=0.00s Real=0.03s
[1091.330s][info][gc,start       ] GC(1937) Pause Young (Allocation Failure)
[1091.344s][info][gc,heap        ] GC(1937) DefNew: 590979K(629120K)->47933K(629120K) Eden: 559232K(559232K)->0K(559232K) From: 31747K(69888K)->47933K(69888K)
[1091.344s][info][gc,heap        ] GC(1937) Tenured: 1214030K(1398144K)->1214030K(1398144K)
[1091.344s][info][gc,metaspace   ] GC(1937) Metaspace: 121977K(125824K)->121977K(125824K) NonClass: 105758K(106368K)->105758K(106368K) Class: 16219K(19456K)->16219K(19456K)
[1091.344s][info][gc             ] GC(1937) Pause Young (Allocation Failure) 1762M->1232M(1979M) 13.864ms
[1091.344s][info][gc,cpu         ] GC(1937) User=0.02s Sys=0.00s Real=0.02s
[1091.382s][info][gc,start       ] GC(1938) Pause Young (Allocation Failure)
[1091.396s][info][gc,heap        ] GC(1938) DefNew: 607165K(629120K)->23114K(629120K) Eden: 559232K(559232K)->0K(559232K) From: 47933K(69888K)->23114K(69888K)
[1091.396s][info][gc,heap        ] GC(1938) Tenured: 1214030K(1398144K)->1238901K(1398144K)
[1091.396s][info][gc,metaspace   ] GC(1938) Metaspace: 121977K(125824K)->121977K(125824K) NonClass: 105758K(106368K)->105758K(106368K) Class: 16219K(19456K)->16219K(19456K)
[1091.396s][info][gc             ] GC(1938) Pause Young (Allocation Failure) 1778M->1232M(1979M) 13.660ms
[1091.396s][info][gc,cpu         ] GC(1938) User=0.02s Sys=0.00s Real=0.02s
[1091.434s][info][gc,start       ] GC(1939) Pause Young (Allocation Failure)
[1091.444s][info][gc,heap        ] GC(1939) DefNew: 582346K(629120K)->31684K(629120K) Eden: 559232K(559232K)->0K(559232K) From: 23114K(69888K)->31684K(69888K)
[1091.444s][info][gc,heap        ] GC(1939) Tenured: 1238901K(1398144K)->1238901K(1398144K)
[1091.444s][info][gc,metaspace   ] GC(1939) Metaspace: 121977K(125824K)->121977K(125824K) NonClass: 105758K(106368K)->105758K(106368K) Class: 16219K(19456K)->16219K(19456K)
[1091.444s][info][gc             ] GC(1939) Pause Young (Allocation Failure) 1778M->1240M(1979M) 10.089ms
[1091.444s][info][gc,cpu         ] GC(1939) User=0.00s Sys=0.00s Real=0.00s
[1091.483s][info][gc,start       ] GC(1940) Pause Young (Allocation Failure)
[1091.496s][info][gc,heap        ] GC(1940) DefNew: 590916K(629120K)->42599K(629120K) Eden: 559232K(559232K)->0K(559232K) From: 31684K(69888K)->42599K(69888K)
[1091.496s][info][gc,heap        ] GC(1940) Tenured: 1238901K(1398144K)->1238901K(1398144K)
[1091.496s][info][gc,metaspace   ] GC(1940) Metaspace: 121977K(125824K)->121977K(125824K) NonClass: 105758K(106368K)->105758K(106368K) Class: 16219K(19456K)->16219K(19456K)
[1091.496s][info][gc             ] GC(1940) Pause Young (Allocation Failure) 1786M->1251M(1979M) 12.831ms
[1091.496s][info][gc,cpu         ] GC(1940) User=0.00s Sys=0.00s Real=0.00s
[1091.534s][info][gc,start       ] GC(1941) Pause Young (Allocation Failure)
[1091.548s][info][gc,heap        ] GC(1941) DefNew: 601831K(629120K)->34631K(629120K) Eden: 559232K(559232K)->0K(559232K) From: 42599K(69888K)->34631K(69888K)
[1091.548s][info][gc,heap        ] GC(1941) Tenured: 1238901K(1398144K)->1251572K(1398144K)
[1091.548s][info][gc,metaspace   ] GC(1941) Metaspace: 121977K(125824K)->121977K(125824K) NonClass: 105758K(106368K)->105758K(106368K) Class: 16219K(19456K)->16219K(19456K)
[1091.548s][info][gc             ] GC(1941) Pause Young (Allocation Failure) 1797M->1256M(1979M) 13.672ms
[1091.548s][info][gc,cpu         ] GC(1941) User=0.02s Sys=0.00s Real=0.02s
[1091.586s][info][gc,start       ] GC(1942) Pause Young (Allocation Failure)
[1091.599s][info][gc,heap        ] GC(1942) DefNew: 593863K(629120K)->44021K(629120K) Eden: 559232K(559232K)->0K(559232K) From: 34631K(69888K)->44021K(69888K)
[1091.599s][info][gc,heap        ] GC(1942) Tenured: 1251572K(1398144K)->1251572K(1398144K)
[1091.599s][info][gc,metaspace   ] GC(1942) Metaspace: 121977K(125824K)->121977K(125824K) NonClass: 105758K(106368K)->105758K(106368K) Class: 16219K(19456K)->16219K(19456K)
[1091.599s][info][gc             ] GC(1942) Pause Young (Allocation Failure) 1802M->1265M(1979M) 12.912ms
[1091.599s][info][gc,cpu         ] GC(1942) User=0.02s Sys=0.00s Real=0.02s
[1091.637s][info][gc,start       ] GC(1943) Pause Young (Allocation Failure)
[1091.650s][info][gc,heap        ] GC(1943) DefNew: 603253K(629120K)->18994K(629120K) Eden: 559232K(559232K)->0K(559232K) From: 44021K(69888K)->18994K(69888K)
[1091.650s][info][gc,heap        ] GC(1943) Tenured: 1251572K(1398144K)->1276574K(1398144K)
[1091.650s][info][gc,metaspace   ] GC(1943) Metaspace: 121977K(125824K)->121977K(125824K) NonClass: 105758K(106368K)->105758K(106368K) Class: 16219K(19456K)->16219K(19456K)
[1091.650s][info][gc             ] GC(1943) Pause Young (Allocation Failure) 1811M->1265M(1979M) 12.825ms
[1091.650s][info][gc,cpu         ] GC(1943) User=0.00s Sys=0.00s Real=0.00s
[1091.688s][info][gc,start       ] GC(1944) Pause Young (Allocation Failure)
[1091.703s][info][gc,heap        ] GC(1944) DefNew: 578226K(629120K)->50222K(629120K) Eden: 559232K(559232K)->0K(559232K) From: 18994K(69888K)->50222K(69888K)
[1091.703s][info][gc,heap        ] GC(1944) Tenured: 1276574K(1398144K)->1276574K(1398144K)
[1091.703s][info][gc,metaspace   ] GC(1944) Metaspace: 121977K(125824K)->121977K(125824K) NonClass: 105758K(106368K)->105758K(106368K) Class: 16219K(19456K)->16219K(19456K)
[1091.703s][info][gc             ] GC(1944) Pause Young (Allocation Failure) 1811M->1295M(1979M) 14.489ms
[1091.703s][info][gc,cpu         ] GC(1944) User=0.02s Sys=0.00s Real=0.02s
[1091.743s][info][gc,start       ] GC(1945) Pause Young (Allocation Failure)
[1091.762s][info][gc,heap        ] GC(1945) DefNew: 609454K(629120K)->60643K(629120K) Eden: 559232K(559232K)->0K(559232K) From: 50222K(69888K)->60643K(69888K)
[1091.762s][info][gc,heap        ] GC(1945) Tenured: 1276574K(1398144K)->1289081K(1398144K)
[1091.762s][info][gc,metaspace   ] GC(1945) Metaspace: 121977K(125824K)->121977K(125824K) NonClass: 105758K(106368K)->105758K(106368K) Class: 16219K(19456K)->16219K(19456K)
[1091.762s][info][gc             ] GC(1945) Pause Young (Allocation Failure) 1841M->1318M(1979M) 19.355ms
[1091.762s][info][gc,cpu         ] GC(1945) User=0.02s Sys=0.00s Real=0.02s
[1091.802s][info][gc,start       ] GC(1946) Pause Young (Allocation Failure)
[1091.822s][info][gc,heap        ] GC(1946) DefNew: 619875K(629120K)->65094K(629120K) Eden: 559232K(559232K)->0K(559232K) From: 60643K(69888K)->65094K(69888K)
[1091.823s][info][gc,heap        ] GC(1946) Tenured: 1289081K(1398144K)->1320335K(1398144K)
[1091.823s][info][gc,metaspace   ] GC(1946) Metaspace: 121977K(125824K)->121977K(125824K) NonClass: 105758K(106368K)->105758K(106368K) Class: 16219K(19456K)->16219K(19456K)
[1091.823s][info][gc             ] GC(1946) Pause Young (Allocation Failure) 1864M->1352M(1979M) 20.882ms
[1091.823s][info][gc,cpu         ] GC(1946) User=0.03s Sys=0.00s Real=0.03s
[1091.865s][info][gc,start       ] GC(1947) Pause Young (Allocation Failure)
[1091.943s][info][gc,heap        ] GC(1947) DefNew: 624326K(629120K)->21580K(629120K) Eden: 559232K(559232K)->0K(559232K) From: 65094K(69888K)->21580K(69888K)
[1091.943s][info][gc,heap        ] GC(1947) Tenured: 1320335K(1398144K)->1384990K(1398144K)
[1091.943s][info][gc,metaspace   ] GC(1947) Metaspace: 121977K(125824K)->121977K(125824K) NonClass: 105758K(106368K)->105758K(106368K) Class: 16219K(19456K)->16219K(19456K)
[1091.943s][info][gc             ] GC(1947) Pause Young (Allocation Failure) 1899M->1373M(1979M) 78.887ms
[1091.944s][info][gc,cpu         ] GC(1947) User=0.03s Sys=0.00s Real=0.08s
[1091.984s][info][gc,start       ] GC(1948) Pause Young (Allocation Failure)
[1091.984s][info][gc             ] GC(1948) Pause Young (Allocation Failure) 1919M->1919M(1979M) 0.157ms
[1091.984s][info][gc,cpu         ] GC(1948) User=0.00s Sys=0.00s Real=0.00s
[1091.984s][info][gc,start       ] GC(1949) Pause Full (Allocation Failure)
[1091.984s][info][gc,phases,start] GC(1949) Phase 1: Mark live objects
[1092.044s][info][gc,phases      ] GC(1949) Phase 1: Mark live objects 59.548ms
[1092.044s][info][gc,phases,start] GC(1949) Phase 2: Compute new object addresses
[1092.188s][info][gc,phases      ] GC(1949) Phase 2: Compute new object addresses 143.990ms
[1092.188s][info][gc,phases,start] GC(1949) Phase 3: Adjust pointers
[1092.222s][info][gc,phases      ] GC(1949) Phase 3: Adjust pointers 34.196ms
[1092.222s][info][gc,phases,start] GC(1949) Phase 4: Move objects
[1092.255s][info][gc,phases      ] GC(1949) Phase 4: Move objects 32.657ms
[1092.256s][info][gc,heap        ] GC(1949) DefNew: 580812K(629120K)->0K(629120K) Eden: 559232K(559232K)->0K(559232K) From: 21580K(69888K)->0K(69888K)
[1092.256s][info][gc,heap        ] GC(1949) Tenured: 1384990K(1398144K)->1194441K(1398144K)
[1092.256s][info][gc,metaspace   ] GC(1949) Metaspace: 121977K(125824K)->121977K(125824K) NonClass: 105758K(106368K)->105758K(106368K) Class: 16219K(19456K)->16219K(19456K)
[1092.256s][info][gc             ] GC(1949) Pause Full (Allocation Failure) 1919M->1166M(1979M) 271.517ms
[1092.256s][info][gc,cpu         ] GC(1949) User=0.28s Sys=0.00s Real=0.28s
[1092.296s][info][gc,start       ] GC(1950) Pause Young (Allocation Failure)
[1092.308s][info][gc,heap        ] GC(1950) DefNew: 559232K(629120K)->35266K(629120K) Eden: 559232K(559232K)->0K(559232K) From: 0K(69888K)->35266K(69888K)
[1092.308s][info][gc,heap        ] GC(1950) Tenured: 1194441K(1398144K)->1194441K(1398144K)
[1092.308s][info][gc,metaspace   ] GC(1950) Metaspace: 121977K(125824K)->121977K(125824K) NonClass: 105758K(106368K)->105758K(106368K) Class: 16219K(19456K)->16219K(19456K)
[1092.308s][info][gc             ] GC(1950) Pause Young (Allocation Failure) 1712M->1200M(1979M) 11.712ms
[1092.308s][info][gc,cpu         ] GC(1950) User=0.02s Sys=0.00s Real=0.02s
[1092.348s][info][gc,start       ] GC(1951) Pause Young (Allocation Failure)
[1092.368s][info][gc,heap        ] GC(1951) DefNew: 594498K(629120K)->37711K(629120K) Eden: 559232K(559232K)->0K(559232K) From: 35266K(69888K)->37711K(69888K)
[1092.368s][info][gc,heap        ] GC(1951) Tenured: 1194441K(1398144K)->1223777K(1398144K)
[1092.368s][info][gc,metaspace   ] GC(1951) Metaspace: 121977K(125824K)->121977K(125824K) NonClass: 105758K(106368K)->105758K(106368K) Class: 16219K(19456K)->16219K(19456K)
[1092.368s][info][gc             ] GC(1951) Pause Young (Allocation Failure) 1747M->1231M(1979M) 19.700ms
[1092.368s][info][gc,cpu         ] GC(1951) User=0.03s Sys=0.00s Real=0.02s
[1092.407s][info][gc,start       ] GC(1952) Pause Young (Allocation Failure)
[1092.425s][info][gc,heap        ] GC(1952) DefNew: 596943K(629120K)->33571K(629120K) Eden: 559232K(559232K)->0K(559232K) From: 37711K(69888K)->33571K(69888K)
[1092.425s][info][gc,heap        ] GC(1952) Tenured: 1223777K(1398144K)->1247029K(1398144K)
[1092.425s][info][gc,metaspace   ] GC(1952) Metaspace: 121977K(125824K)->121977K(125824K) NonClass: 105758K(106368K)->105758K(106368K) Class: 16219K(19456K)->16219K(19456K)
[1092.425s][info][gc             ] GC(1952) Pause Young (Allocation Failure) 1778M->1250M(1979M) 18.043ms
[1092.425s][info][gc,cpu         ] GC(1952) User=0.02s Sys=0.00s Real=0.02s
[1092.461s][info][gc,start       ] GC(1953) Pause Young (Allocation Failure)
[1092.478s][info][gc,heap        ] GC(1953) DefNew: 592803K(629120K)->54746K(629120K) Eden: 559232K(559232K)->0K(559232K) From: 33571K(69888K)->54746K(69888K)
[1092.479s][info][gc,heap        ] GC(1953) Tenured: 1247029K(1398144K)->1247029K(1398144K)
[1092.479s][info][gc,metaspace   ] GC(1953) Metaspace: 121977K(125824K)->121977K(125824K) NonClass: 105758K(106368K)->105758K(106368K) Class: 16219K(19456K)->16219K(19456K)
[1092.479s][info][gc             ] GC(1953) Pause Young (Allocation Failure) 1796M->1271M(1979M) 17.370ms
[1092.479s][info][gc,cpu         ] GC(1953) User=0.02s Sys=0.00s Real=0.02s
[1092.520s][info][gc,start       ] GC(1954) Pause Young (Allocation Failure)
[1092.549s][info][gc,heap        ] GC(1954) DefNew: 613978K(629120K)->67563K(629120K) Eden: 559232K(559232K)->0K(559232K) From: 54746K(69888K)->67563K(69888K)
[1092.549s][info][gc,heap        ] GC(1954) Tenured: 1247029K(1398144K)->1286626K(1398144K)
[1092.549s][info][gc,metaspace   ] GC(1954) Metaspace: 121977K(125824K)->121977K(125824K) NonClass: 105758K(106368K)->105758K(106368K) Class: 16219K(19456K)->16219K(19456K)
[1092.549s][info][gc             ] GC(1954) Pause Young (Allocation Failure) 1817M->1322M(1979M) 29.015ms
[1092.549s][info][gc,cpu         ] GC(1954) User=0.03s Sys=0.00s Real=0.03s
[1092.589s][info][gc,start       ] GC(1955) Pause Young (Allocation Failure)
[1092.620s][info][gc,heap        ] GC(1955) DefNew: 626795K(629120K)->69838K(629120K) Eden: 559232K(559232K)->0K(559232K) From: 67563K(69888K)->69838K(69888K)
[1092.620s][info][gc,heap        ] GC(1955) Tenured: 1286626K(1398144K)->1332498K(1398144K)
[1092.620s][info][gc,metaspace   ] GC(1955) Metaspace: 121977K(125824K)->121977K(125824K) NonClass: 105758K(106368K)->105758K(106368K) Class: 16219K(19456K)->16219K(19456K)
[1092.620s][info][gc             ] GC(1955) Pause Young (Allocation Failure) 1868M->1369M(1979M) 30.586ms
[1092.620s][info][gc,cpu         ] GC(1955) User=0.03s Sys=0.00s Real=0.03s
[1092.656s][info][gc,start       ] GC(1956) Pause Young (Allocation Failure)
[1092.656s][info][gc             ] GC(1956) Pause Young (Allocation Failure) 1915M->1915M(1979M) 0.159ms
[1092.656s][info][gc,cpu         ] GC(1956) User=0.00s Sys=0.00s Real=0.00s
[1092.656s][info][gc,start       ] GC(1957) Pause Full (Allocation Failure)
[1092.656s][info][gc,phases,start] GC(1957) Phase 1: Mark live objects
[1092.715s][info][gc,phases      ] GC(1957) Phase 1: Mark live objects 59.481ms
[1092.715s][info][gc,phases,start] GC(1957) Phase 2: Compute new object addresses
[1092.860s][info][gc,phases      ] GC(1957) Phase 2: Compute new object addresses 144.887ms
[1092.860s][info][gc,phases,start] GC(1957) Phase 3: Adjust pointers
[1092.895s][info][gc,phases      ] GC(1957) Phase 3: Adjust pointers 34.264ms
[1092.895s][info][gc,phases,start] GC(1957) Phase 4: Move objects
[1092.942s][info][gc,phases      ] GC(1957) Phase 4: Move objects 47.279ms
[1092.943s][info][gc,heap        ] GC(1957) DefNew: 629070K(629120K)->0K(629120K) Eden: 559232K(559232K)->0K(559232K) From: 69838K(69888K)->0K(69888K)
[1092.943s][info][gc,heap        ] GC(1957) Tenured: 1332498K(1398144K)->1197029K(1398144K)
[1092.943s][info][gc,metaspace   ] GC(1957) Metaspace: 121977K(125824K)->121977K(125824K) NonClass: 105758K(106368K)->105758K(106368K) Class: 16219K(19456K)->16219K(19456K)
[1092.943s][info][gc             ] GC(1957) Pause Full (Allocation Failure) 1915M->1168M(1979M) 287.068ms
[1092.943s][info][gc,cpu         ] GC(1957) User=0.28s Sys=0.00s Real=0.28s
[1092.982s][info][gc,start       ] GC(1958) Pause Young (Allocation Failure)
[1092.993s][info][gc,heap        ] GC(1958) DefNew: 559232K(629120K)->36686K(629120K) Eden: 559232K(559232K)->0K(559232K) From: 0K(69888K)->36686K(69888K)
[1092.993s][info][gc,heap        ] GC(1958) Tenured: 1197029K(1398144K)->1197029K(1398144K)
[1092.993s][info][gc,metaspace   ] GC(1958) Metaspace: 121977K(125824K)->121977K(125824K) NonClass: 105758K(106368K)->105758K(106368K) Class: 16219K(19456K)->16219K(19456K)
[1092.993s][info][gc             ] GC(1958) Pause Young (Allocation Failure) 1715M->1204M(1979M) 11.156ms
[1092.993s][info][gc,cpu         ] GC(1958) User=0.02s Sys=0.00s Real=0.02s
[1093.022s][info][gc,start       ] GC(1959) Pause Young (Allocation Failure)
[1093.042s][info][gc,heap        ] GC(1959) DefNew: 595918K(629120K)->53361K(629120K) Eden: 559232K(559232K)->0K(559232K) From: 36686K(69888K)->53361K(69888K)
[1093.042s][info][gc,heap        ] GC(1959) Tenured: 1197029K(1398144K)->1217871K(1398144K)
[1093.042s][info][gc,metaspace   ] GC(1959) Metaspace: 121977K(125824K)->121977K(125824K) NonClass: 105758K(106368K)->105758K(106368K) Class: 16219K(19456K)->16219K(19456K)
[1093.042s][info][gc             ] GC(1959) Pause Young (Allocation Failure) 1750M->1241M(1979M) 19.573ms
[1093.042s][info][gc,cpu         ] GC(1959) User=0.02s Sys=0.00s Real=0.02s
[1093.074s][info][gc,start       ] GC(1960) Pause Young (Allocation Failure)
[1093.098s][info][gc,heap        ] GC(1960) DefNew: 612593K(629120K)->69765K(629120K) Eden: 559232K(559232K)->0K(559232K) From: 53361K(69888K)->69765K(69888K)
[1093.098s][info][gc,heap        ] GC(1960) Tenured: 1217871K(1398144K)->1243865K(1398144K)
[1093.098s][info][gc,metaspace   ] GC(1960) Metaspace: 121977K(125824K)->121977K(125824K) NonClass: 105758K(106368K)->105758K(106368K) Class: 16219K(19456K)->16219K(19456K)
[1093.098s][info][gc             ] GC(1960) Pause Young (Allocation Failure) 1787M->1282M(1979M) 24.053ms
[1093.098s][info][gc,cpu         ] GC(1960) User=0.02s Sys=0.00s Real=0.02s
[1093.132s][info][gc,start       ] GC(1961) Pause Young (Allocation Failure)
[1093.160s][info][gc,heap        ] GC(1961) DefNew: 628997K(629120K)->69724K(629120K) Eden: 559232K(559232K)->0K(559232K) From: 69765K(69888K)->69724K(69888K)
[1093.198s][info][gc,heap        ] GC(1961) Tenured: 1243865K(1398144K)->1288634K(1398144K)
[1093.240s][info][gc,metaspace   ] GC(1961) Metaspace: 121977K(125824K)->121977K(125824K) NonClass: 105758K(106368K)->105758K(106368K) Class: 16219K(19456K)->16219K(19456K)
[1093.240s][info][gc             ] GC(1961) Pause Young (Allocation Failure) 1828M->1326M(1979M) 108.259ms
[1093.240s][info][gc,cpu         ] GC(1961) User=0.03s Sys=0.00s Real=0.11s
[1093.277s][info][gc,start       ] GC(1962) Pause Young (Allocation Failure)
[1093.307s][info][gc,heap        ] GC(1962) DefNew: 627184K(629120K)->52882K(629120K) Eden: 557459K(559232K)->0K(559232K) From: 69724K(69888K)->52882K(69888K)
[1093.307s][info][gc,heap        ] GC(1962) Tenured: 1288634K(1398144K)->1348692K(1398144K)
[1093.307s][info][gc,metaspace   ] GC(1962) Metaspace: 121977K(125824K)->121977K(125824K) NonClass: 105758K(106368K)->105758K(106368K) Class: 16219K(19456K)->16219K(19456K)
[1093.307s][info][gc             ] GC(1962) Pause Young (Allocation Failure) 1870M->1368M(1979M) 29.759ms
[1093.307s][info][gc,cpu         ] GC(1962) User=0.05s Sys=0.00s Real=0.03s
[1093.343s][info][gc,start       ] GC(1963) Pause Young (Allocation Failure)
[1093.344s][info][gc             ] GC(1963) Pause Young (Allocation Failure) 1914M->1914M(1979M) 0.248ms
[1093.344s][info][gc,cpu         ] GC(1963) User=0.00s Sys=0.00s Real=0.00s
[1093.344s][info][gc,start       ] GC(1964) Pause Full (Allocation Failure)
[1093.344s][info][gc,phases,start] GC(1964) Phase 1: Mark live objects
[1093.408s][info][gc,phases      ] GC(1964) Phase 1: Mark live objects 64.594ms
[1093.408s][info][gc,phases,start] GC(1964) Phase 2: Compute new object addresses
[1093.557s][info][gc,phases      ] GC(1964) Phase 2: Compute new object addresses 148.197ms
[1093.557s][info][gc,phases,start] GC(1964) Phase 3: Adjust pointers
[1093.590s][info][gc,phases      ] GC(1964) Phase 3: Adjust pointers 33.384ms
[1093.590s][info][gc,phases,start] GC(1964) Phase 4: Move objects
[1093.615s][info][gc,phases      ] GC(1964) Phase 4: Move objects 24.577ms
[1093.616s][info][gc,heap        ] GC(1964) DefNew: 612114K(629120K)->0K(629120K) Eden: 559232K(559232K)->0K(559232K) From: 52882K(69888K)->0K(69888K)
[1093.616s][info][gc,heap        ] GC(1964) Tenured: 1348692K(1398144K)->1334654K(1398144K)
[1093.616s][info][gc,metaspace   ] GC(1964) Metaspace: 121977K(125824K)->121977K(125824K) NonClass: 105758K(106368K)->105758K(106368K) Class: 16219K(19456K)->16219K(19456K)
[1093.616s][info][gc             ] GC(1964) Pause Full (Allocation Failure) 1914M->1303M(1979M) 271.925ms
[1093.616s][info][gc,cpu         ] GC(1964) User=0.27s Sys=0.00s Real=0.27s
[1093.652s][info][gc,start       ] GC(1965) Pause Young (Allocation Failure)
[1093.652s][info][gc             ] GC(1965) Pause Young (Allocation Failure) 1849M->1849M(1979M) 0.123ms
[1093.652s][info][gc,cpu         ] GC(1965) User=0.00s Sys=0.00s Real=0.00s
[1093.652s][info][gc,start       ] GC(1966) Pause Full (Allocation Failure)
[1093.652s][info][gc,phases,start] GC(1966) Phase 1: Mark live objects
[1093.708s][info][gc,phases      ] GC(1966) Phase 1: Mark live objects 56.322ms
[1093.708s][info][gc,phases,start] GC(1966) Phase 2: Compute new object addresses
[1093.850s][info][gc,phases      ] GC(1966) Phase 2: Compute new object addresses 142.023ms
[1093.850s][info][gc,phases,start] GC(1966) Phase 3: Adjust pointers
[1093.884s][info][gc,phases      ] GC(1966) Phase 3: Adjust pointers 34.032ms
[1093.884s][info][gc,phases,start] GC(1966) Phase 4: Move objects
[1093.959s][info][gc,phases      ] GC(1966) Phase 4: Move objects 74.831ms
[1093.960s][info][gc,heap        ] GC(1966) DefNew: 559232K(629120K)->0K(629120K) Eden: 559232K(559232K)->0K(559232K) From: 0K(69888K)->0K(69888K)
[1093.960s][info][gc,heap        ] GC(1966) Tenured: 1334654K(1398144K)->1305019K(1398144K)
[1093.960s][info][gc,metaspace   ] GC(1966) Metaspace: 121977K(125824K)->121977K(125824K) NonClass: 105758K(106368K)->105758K(106368K) Class: 16219K(19456K)->16219K(19456K)
[1093.960s][info][gc             ] GC(1966) Pause Full (Allocation Failure) 1849M->1274M(1979M) 308.408ms
[1093.960s][info][gc,cpu         ] GC(1966) User=0.30s Sys=0.00s Real=0.31s
[1093.997s][info][gc,start       ] GC(1967) Pause Young (Allocation Failure)
[1094.012s][info][gc,heap        ] GC(1967) DefNew: 559232K(629120K)->57009K(629120K) Eden: 559232K(559232K)->0K(559232K) From: 0K(69888K)->57009K(69888K)
[1094.012s][info][gc,heap        ] GC(1967) Tenured: 1305019K(1398144K)->1305019K(1398144K)
[1094.012s][info][gc,metaspace   ] GC(1967) Metaspace: 121977K(125824K)->121977K(125824K) NonClass: 105758K(106368K)->105758K(106368K) Class: 16219K(19456K)->16219K(19456K)
[1094.012s][info][gc             ] GC(1967) Pause Young (Allocation Failure) 1820M->1330M(1979M) 14.878ms
[1094.012s][info][gc,cpu         ] GC(1967) User=0.02s Sys=0.00s Real=0.02s
[1094.042s][info][gc,start       ] GC(1968) Pause Young (Allocation Failure)
[1094.068s][info][gc,heap        ] GC(1968) DefNew: 616241K(629120K)->69865K(629120K) Eden: 559232K(559232K)->0K(559232K) From: 57009K(69888K)->69865K(69888K)
[1094.068s][info][gc,heap        ] GC(1968) Tenured: 1305019K(1398144K)->1340958K(1398144K)
[1094.068s][info][gc,metaspace   ] GC(1968) Metaspace: 121977K(125824K)->121977K(125824K) NonClass: 105758K(106368K)->105758K(106368K) Class: 16219K(19456K)->16219K(19456K)
[1094.068s][info][gc             ] GC(1968) Pause Young (Allocation Failure) 1876M->1377M(1979M) 26.441ms
[1094.068s][info][gc,cpu         ] GC(1968) User=0.03s Sys=0.00s Real=0.03s
[1094.100s][info][gc,start       ] GC(1969) Pause Young (Allocation Failure)
[1094.100s][info][gc             ] GC(1969) Pause Young (Allocation Failure) 1923M->1923M(1979M) 0.129ms
[1094.100s][info][gc,cpu         ] GC(1969) User=0.00s Sys=0.00s Real=0.00s
[1094.100s][info][gc,start       ] GC(1970) Pause Full (Allocation Failure)
[1094.100s][info][gc,phases,start] GC(1970) Phase 1: Mark live objects
[1094.156s][info][gc,phases      ] GC(1970) Phase 1: Mark live objects 55.743ms
[1094.156s][info][gc,phases,start] GC(1970) Phase 2: Compute new object addresses
[1094.301s][info][gc,phases      ] GC(1970) Phase 2: Compute new object addresses 145.393ms
[1094.301s][info][gc,phases,start] GC(1970) Phase 3: Adjust pointers
[1094.334s][info][gc,phases      ] GC(1970) Phase 3: Adjust pointers 32.939ms
[1094.334s][info][gc,phases,start] GC(1970) Phase 4: Move objects
[1094.354s][info][gc,phases      ] GC(1970) Phase 4: Move objects 20.019ms
[1094.355s][info][gc,heap        ] GC(1970) DefNew: 629097K(629120K)->0K(629120K) Eden: 559232K(559232K)->0K(559232K) From: 69865K(69888K)->0K(69888K)
[1094.355s][info][gc,heap        ] GC(1970) Tenured: 1340958K(1398144K)->1388898K(1398144K)
[1094.355s][info][gc,metaspace   ] GC(1970) Metaspace: 121977K(125824K)->121977K(125824K) NonClass: 105758K(106368K)->105758K(106368K) Class: 16219K(19456K)->16219K(19456K)
[1094.355s][info][gc             ] GC(1970) Pause Full (Allocation Failure) 1923M->1356M(1979M) 255.250ms
[1094.355s][info][gc,cpu         ] GC(1970) User=0.27s Sys=0.00s Real=0.26s
[1094.390s][info][gc,start       ] GC(1971) Pause Young (Allocation Failure)
[1094.390s][info][gc             ] GC(1971) Pause Young (Allocation Failure) 1900M->1900M(1979M) 0.131ms
[1094.390s][info][gc,cpu         ] GC(1971) User=0.00s Sys=0.00s Real=0.00s
[1094.391s][info][gc,start       ] GC(1972) Pause Full (Allocation Failure)
[1094.391s][info][gc,phases,start] GC(1972) Phase 1: Mark live objects
[1094.447s][info][gc,phases      ] GC(1972) Phase 1: Mark live objects 55.986ms
[1094.447s][info][gc,phases,start] GC(1972) Phase 2: Compute new object addresses
[1094.588s][info][gc,phases      ] GC(1972) Phase 2: Compute new object addresses 141.051ms
[1094.588s][info][gc,phases,start] GC(1972) Phase 3: Adjust pointers
[1094.621s][info][gc,phases      ] GC(1972) Phase 3: Adjust pointers 32.850ms
[1094.621s][info][gc,phases,start] GC(1972) Phase 4: Move objects
[1094.642s][info][gc,phases      ] GC(1972) Phase 4: Move objects 21.495ms
[1094.643s][info][gc,heap        ] GC(1972) DefNew: 557651K(629120K)->13679K(629120K) Eden: 557651K(559232K)->13679K(559232K) From: 0K(69888K)->0K(69888K)
[1094.643s][info][gc,heap        ] GC(1972) Tenured: 1388898K(1398144K)->1397064K(1398144K)
[1094.643s][info][gc,metaspace   ] GC(1972) Metaspace: 121977K(125824K)->121977K(125824K) NonClass: 105758K(106368K)->105758K(106368K) Class: 16219K(19456K)->16219K(19456K)
[1094.643s][info][gc             ] GC(1972) Pause Full (Allocation Failure) 1900M->1377M(1979M) 252.502ms
[1094.643s][info][gc,cpu         ] GC(1972) User=0.25s Sys=0.00s Real=0.25s
[1096.731s][info][gc,start       ] GC(1973) Pause Full (Allocation Failure)
[1096.732s][info][gc,phases,start] GC(1973) Phase 1: Mark live objects
[1096.796s][info][gc,phases      ] GC(1973) Phase 1: Mark live objects 64.586ms
[1096.796s][info][gc,phases,start] GC(1973) Phase 2: Compute new object addresses
[1096.964s][info][gc,phases      ] GC(1973) Phase 2: Compute new object addresses 168.086ms
[1096.964s][info][gc,phases,start] GC(1973) Phase 3: Adjust pointers
[1096.997s][info][gc,phases      ] GC(1973) Phase 3: Adjust pointers 32.974ms
[1096.997s][info][gc,phases,start] GC(1973) Phase 4: Move objects
[1097.020s][info][gc,phases      ] GC(1973) Phase 4: Move objects 22.465ms
[1097.021s][info][gc,heap        ] GC(1973) DefNew: 629119K(629120K)->28946K(629120K) Eden: 559232K(559232K)->28946K(559232K) From: 69887K(69888K)->0K(69888K)
[1097.021s][info][gc,heap        ] GC(1973) Tenured: 1398143K(1398144K)->1397014K(1398144K)
[1097.021s][info][gc,metaspace   ] GC(1973) Metaspace: 121977K(125824K)->121977K(125824K) NonClass: 105758K(106368K)->105758K(106368K) Class: 16219K(19456K)->16219K(19456K)
[1097.021s][info][gc             ] GC(1973) Pause Full (Allocation Failure) 1979M->1392M(1979M) 289.360ms
[1097.021s][info][gc,cpu         ] GC(1973) User=0.28s Sys=0.00s Real=0.29s
[1098.552s][info][gc,start       ] GC(1974) Pause Full (Allocation Failure)
[1098.552s][info][gc,phases,start] GC(1974) Phase 1: Mark live objects
[1098.609s][info][gc,phases      ] GC(1974) Phase 1: Mark live objects 56.121ms
[1098.609s][info][gc,phases,start] GC(1974) Phase 2: Compute new object addresses
[1098.763s][info][gc,phases      ] GC(1974) Phase 2: Compute new object addresses 154.683ms
[1098.763s][info][gc,phases,start] GC(1974) Phase 3: Adjust pointers
[1098.797s][info][gc,phases      ] GC(1974) Phase 3: Adjust pointers 33.738ms
[1098.797s][info][gc,phases,start] GC(1974) Phase 4: Move objects
[1098.872s][info][gc,phases      ] GC(1974) Phase 4: Move objects 74.411ms
[1098.872s][info][gc,heap        ] GC(1974) DefNew: 629120K(629120K)->0K(629120K) Eden: 559232K(559232K)->0K(559232K) From: 69888K(69888K)->0K(69888K)
[1098.872s][info][gc,heap        ] GC(1974) Tenured: 1398143K(1398144K)->1369958K(1398144K)
[1098.872s][info][gc,metaspace   ] GC(1974) Metaspace: 121977K(125824K)->121977K(125824K) NonClass: 105758K(106368K)->105758K(106368K) Class: 16219K(19456K)->16219K(19456K)
[1098.873s][info][gc             ] GC(1974) Pause Full (Allocation Failure) 1979M->1337M(1979M) 320.208ms
[1098.873s][info][gc,cpu         ] GC(1974) User=0.33s Sys=0.00s Real=0.33s
[1098.909s][info][gc,start       ] GC(1975) Pause Young (Allocation Failure)
[1098.909s][info][gc             ] GC(1975) Pause Young (Allocation Failure) 1883M->1883M(1979M) 0.132ms
[1098.909s][info][gc,cpu         ] GC(1975) User=0.00s Sys=0.00s Real=0.00s
[1098.909s][info][gc,start       ] GC(1976) Pause Full (Allocation Failure)
[1098.909s][info][gc,phases,start] GC(1976) Phase 1: Mark live objects
[1098.965s][info][gc,phases      ] GC(1976) Phase 1: Mark live objects 55.771ms
[1098.965s][info][gc,phases,start] GC(1976) Phase 2: Compute new object addresses
[1099.102s][info][gc,phases      ] GC(1976) Phase 2: Compute new object addresses 136.788ms
[1099.102s][info][gc,phases,start] GC(1976) Phase 3: Adjust pointers
[1099.135s][info][gc,phases      ] GC(1976) Phase 3: Adjust pointers 32.606ms
[1099.135s][info][gc,phases,start] GC(1976) Phase 4: Move objects
[1099.147s][info][gc,phases      ] GC(1976) Phase 4: Move objects 12.852ms
[1099.148s][info][gc,heap        ] GC(1976) DefNew: 559232K(629120K)->30711K(629120K) Eden: 559232K(559232K)->30711K(559232K) From: 0K(69888K)->0K(69888K)
[1099.148s][info][gc,heap        ] GC(1976) Tenured: 1369958K(1398144K)->1397164K(1398144K)
[1099.148s][info][gc,metaspace   ] GC(1976) Metaspace: 121977K(125824K)->121977K(125824K) NonClass: 105758K(106368K)->105758K(106368K) Class: 16219K(19456K)->16219K(19456K)
[1099.148s][info][gc             ] GC(1976) Pause Full (Allocation Failure) 1883M->1394M(1979M) 239.112ms
[1099.148s][info][gc,cpu         ] GC(1976) User=0.23s Sys=0.00s Real=0.24s
[1100.970s][info][gc,start       ] GC(1977) Pause Full (Allocation Failure)
[1100.970s][info][gc,phases,start] GC(1977) Phase 1: Mark live objects
[1101.026s][info][gc,phases      ] GC(1977) Phase 1: Mark live objects 56.675ms
[1101.026s][info][gc,phases,start] GC(1977) Phase 2: Compute new object addresses
[1101.185s][info][gc,phases      ] GC(1977) Phase 2: Compute new object addresses 158.753ms
[1101.185s][info][gc,phases,start] GC(1977) Phase 3: Adjust pointers
[1101.218s][info][gc,phases      ] GC(1977) Phase 3: Adjust pointers 32.969ms
[1101.218s][info][gc,phases,start] GC(1977) Phase 4: Move objects
[1101.233s][info][gc,phases      ] GC(1977) Phase 4: Move objects 15.130ms
[1101.234s][info][gc,heap        ] GC(1977) DefNew: 629120K(629120K)->60063K(629120K) Eden: 559232K(559232K)->60063K(559232K) From: 69888K(69888K)->0K(69888K)
[1101.234s][info][gc,heap        ] GC(1977) Tenured: 1398144K(1398144K)->1394182K(1398144K)
[1101.234s][info][gc,metaspace   ] GC(1977) Metaspace: 121977K(125824K)->121977K(125824K) NonClass: 105758K(106368K)->105758K(106368K) Class: 16219K(19456K)->16219K(19456K)
[1101.234s][info][gc             ] GC(1977) Pause Full (Allocation Failure) 1979M->1420M(1979M) 264.731ms
[1101.234s][info][gc,cpu         ] GC(1977) User=0.27s Sys=0.00s Real=0.27s
[1103.415s][info][gc,start       ] GC(1978) Pause Full (Allocation Failure)
[1103.415s][info][gc,phases,start] GC(1978) Phase 1: Mark live objects
[1103.472s][info][gc,phases      ] GC(1978) Phase 1: Mark live objects 57.460ms
[1103.472s][info][gc,phases,start] GC(1978) Phase 2: Compute new object addresses
[1103.630s][info][gc,phases      ] GC(1978) Phase 2: Compute new object addresses 157.821ms
[1103.630s][info][gc,phases,start] GC(1978) Phase 3: Adjust pointers
[1103.665s][info][gc,phases      ] GC(1978) Phase 3: Adjust pointers 34.606ms
[1103.665s][info][gc,phases,start] GC(1978) Phase 4: Move objects
[1103.683s][info][gc,phases      ] GC(1978) Phase 4: Move objects 17.982ms
[1103.684s][info][gc,heap        ] GC(1978) DefNew: 629119K(629120K)->75604K(629120K) Eden: 559232K(559232K)->75604K(559232K) From: 69887K(69888K)->0K(69888K)
[1103.684s][info][gc,heap        ] GC(1978) Tenured: 1398143K(1398144K)->1395267K(1398144K)
[1103.684s][info][gc,metaspace   ] GC(1978) Metaspace: 121977K(125824K)->121977K(125824K) NonClass: 105758K(106368K)->105758K(106368K) Class: 16219K(19456K)->16219K(19456K)
[1103.684s][info][gc             ] GC(1978) Pause Full (Allocation Failure) 1979M->1436M(1979M) 269.045ms
[1103.684s][info][gc,cpu         ] GC(1978) User=0.27s Sys=0.00s Real=0.26s
[1105.628s][info][gc,start       ] GC(1979) Pause Full (Allocation Failure)
[1105.629s][info][gc,phases,start] GC(1979) Phase 1: Mark live objects
[1105.686s][info][gc,phases      ] GC(1979) Phase 1: Mark live objects 57.066ms
[1105.686s][info][gc,phases,start] GC(1979) Phase 2: Compute new object addresses
[1105.829s][info][gc,phases      ] GC(1979) Phase 2: Compute new object addresses 143.784ms
[1105.829s][info][gc,phases,start] GC(1979) Phase 3: Adjust pointers
[1105.863s][info][gc,phases      ] GC(1979) Phase 3: Adjust pointers 33.716ms
[1105.863s][info][gc,phases,start] GC(1979) Phase 4: Move objects
[1105.953s][info][gc,phases      ] GC(1979) Phase 4: Move objects 89.483ms
[1105.954s][info][gc,heap        ] GC(1979) DefNew: 629120K(629120K)->3786K(629120K) Eden: 559232K(559232K)->3786K(559232K) From: 69888K(69888K)->0K(69888K)
[1105.954s][info][gc,heap        ] GC(1979) Tenured: 1398144K(1398144K)->1397468K(1398144K)
[1105.954s][info][gc,metaspace   ] GC(1979) Metaspace: 121977K(125824K)->121977K(125824K) NonClass: 105758K(106368K)->105758K(106368K) Class: 16219K(19456K)->16219K(19456K)
[1105.954s][info][gc             ] GC(1979) Pause Full (Allocation Failure) 1979M->1368M(1979M) 325.335ms
[1105.954s][info][gc,cpu         ] GC(1979) User=0.33s Sys=0.00s Real=0.34s
[1107.848s][info][gc,start       ] GC(1980) Pause Full (Allocation Failure)
[1107.848s][info][gc,phases,start] GC(1980) Phase 1: Mark live objects
[1107.914s][info][gc,phases      ] GC(1980) Phase 1: Mark live objects 65.690ms
[1107.914s][info][gc,phases,start] GC(1980) Phase 2: Compute new object addresses
[1108.081s][info][gc,phases      ] GC(1980) Phase 2: Compute new object addresses 167.000ms
[1108.081s][info][gc,phases,start] GC(1980) Phase 3: Adjust pointers
[1108.114s][info][gc,phases      ] GC(1980) Phase 3: Adjust pointers 33.170ms
[1108.114s][info][gc,phases,start] GC(1980) Phase 4: Move objects
[1108.118s][info][gc,phases      ] GC(1980) Phase 4: Move objects 4.205ms
[1108.119s][info][gc,heap        ] GC(1980) DefNew: 629120K(629120K)->21489K(629120K) Eden: 559232K(559232K)->21489K(559232K) From: 69888K(69888K)->0K(69888K)
[1108.119s][info][gc,heap        ] GC(1980) Tenured: 1398144K(1398144K)->1398144K(1398144K)
[1108.119s][info][gc,metaspace   ] GC(1980) Metaspace: 121977K(125824K)->121977K(125824K) NonClass: 105758K(106368K)->105758K(106368K) Class: 16219K(19456K)->16219K(19456K)
[1108.119s][info][gc             ] GC(1980) Pause Full (Allocation Failure) 1979M->1386M(1979M) 271.319ms
[1108.119s][info][gc,cpu         ] GC(1980) User=0.27s Sys=0.00s Real=0.27s
[1110.263s][info][gc,start       ] GC(1981) Pause Full (Allocation Failure)
[1110.263s][info][gc,phases,start] GC(1981) Phase 1: Mark live objects
[1110.319s][info][gc,phases      ] GC(1981) Phase 1: Mark live objects 56.011ms
[1110.319s][info][gc,phases,start] GC(1981) Phase 2: Compute new object addresses
[1110.497s][info][gc,phases      ] GC(1981) Phase 2: Compute new object addresses 178.298ms
[1110.497s][info][gc,phases,start] GC(1981) Phase 3: Adjust pointers
[1110.530s][info][gc,phases      ] GC(1981) Phase 3: Adjust pointers 33.133ms
[1110.530s][info][gc,phases,start] GC(1981) Phase 4: Move objects
[1110.534s][info][gc,phases      ] GC(1981) Phase 4: Move objects 4.138ms
[1110.535s][info][gc,heap        ] GC(1981) DefNew: 629120K(629120K)->22912K(629120K) Eden: 559232K(559232K)->22912K(559232K) From: 69888K(69888K)->0K(69888K)
[1110.535s][info][gc,heap        ] GC(1981) Tenured: 1398144K(1398144K)->1398144K(1398144K)
[1110.535s][info][gc,metaspace   ] GC(1981) Metaspace: 121977K(125824K)->121977K(125824K) NonClass: 105758K(106368K)->105758K(106368K) Class: 16219K(19456K)->16219K(19456K)
[1110.535s][info][gc             ] GC(1981) Pause Full (Allocation Failure) 1979M->1387M(1979M) 272.767ms
[1110.535s][info][gc,cpu         ] GC(1981) User=0.28s Sys=0.00s Real=0.29s
[1112.833s][info][gc,start       ] GC(1982) Pause Full (Allocation Failure)
[1112.833s][info][gc,phases,start] GC(1982) Phase 1: Mark live objects
[1112.893s][info][gc,phases      ] GC(1982) Phase 1: Mark live objects 60.080ms
[1112.893s][info][gc,phases,start] GC(1982) Phase 2: Compute new object addresses
[1113.064s][info][gc,phases      ] GC(1982) Phase 2: Compute new object addresses 170.265ms
[1113.064s][info][gc,phases,start] GC(1982) Phase 3: Adjust pointers
[1113.097s][info][gc,phases      ] GC(1982) Phase 3: Adjust pointers 33.393ms
[1113.097s][info][gc,phases,start] GC(1982) Phase 4: Move objects
[1113.100s][info][gc,phases      ] GC(1982) Phase 4: Move objects 3.065ms
[1113.101s][info][gc,heap        ] GC(1982) DefNew: 629119K(629120K)->22907K(629120K) Eden: 559232K(559232K)->22907K(559232K) From: 69887K(69888K)->0K(69888K)
[1113.101s][info][gc,heap        ] GC(1982) Tenured: 1398144K(1398144K)->1398144K(1398144K)
[1113.101s][info][gc,metaspace   ] GC(1982) Metaspace: 121977K(125824K)->121977K(125824K) NonClass: 105758K(106368K)->105758K(106368K) Class: 16219K(19456K)->16219K(19456K)
[1113.101s][info][gc             ] GC(1982) Pause Full (Allocation Failure) 1979M->1387M(1979M) 267.979ms
[1113.101s][info][gc,cpu         ] GC(1982) User=0.27s Sys=0.00s Real=0.27s
[1115.252s][info][gc,start       ] GC(1983) Pause Full (Allocation Failure)
[1115.252s][info][gc,phases,start] GC(1983) Phase 1: Mark live objects
[1115.317s][info][gc,phases      ] GC(1983) Phase 1: Mark live objects 65.095ms
[1115.317s][info][gc,phases,start] GC(1983) Phase 2: Compute new object addresses
[1115.488s][info][gc,phases      ] GC(1983) Phase 2: Compute new object addresses 170.642ms
[1115.488s][info][gc,phases,start] GC(1983) Phase 3: Adjust pointers
[1115.521s][info][gc,phases      ] GC(1983) Phase 3: Adjust pointers 33.057ms
[1115.521s][info][gc,phases,start] GC(1983) Phase 4: Move objects
[1115.592s][info][gc,phases      ] GC(1983) Phase 4: Move objects 70.950ms
[1115.593s][info][gc,heap        ] GC(1983) DefNew: 629119K(629120K)->3851K(629120K) Eden: 559232K(559232K)->3851K(559232K) From: 69887K(69888K)->0K(69888K)
[1115.593s][info][gc,heap        ] GC(1983) Tenured: 1398144K(1398144K)->1396570K(1398144K)
[1115.593s][info][gc,metaspace   ] GC(1983) Metaspace: 121977K(125824K)->121977K(125824K) NonClass: 105758K(106368K)->105758K(106368K) Class: 16219K(19456K)->16219K(19456K)
[1115.593s][info][gc             ] GC(1983) Pause Full (Allocation Failure) 1979M->1367M(1979M) 341.062ms
[1115.593s][info][gc,cpu         ] GC(1983) User=0.36s Sys=0.00s Real=0.35s
[1117.938s][info][gc,start       ] GC(1984) Pause Full (Allocation Failure)
[1117.938s][info][gc,phases,start] GC(1984) Phase 1: Mark live objects
[1117.995s][info][gc,phases      ] GC(1984) Phase 1: Mark live objects 56.179ms
[1117.995s][info][gc,phases,start] GC(1984) Phase 2: Compute new object addresses
[1118.171s][info][gc,phases      ] GC(1984) Phase 2: Compute new object addresses 176.514ms
[1118.171s][info][gc,phases,start] GC(1984) Phase 3: Adjust pointers
[1118.204s][info][gc,phases      ] GC(1984) Phase 3: Adjust pointers 32.598ms
[1118.204s][info][gc,phases,start] GC(1984) Phase 4: Move objects
[1118.204s][info][gc,phases      ] GC(1984) Phase 4: Move objects 0.028ms
[1118.205s][info][gc,heap        ] GC(1984) DefNew: 629120K(629120K)->3813K(629120K) Eden: 559232K(559232K)->3813K(559232K) From: 69888K(69888K)->0K(69888K)
[1118.205s][info][gc,heap        ] GC(1984) Tenured: 1398144K(1398144K)->1398144K(1398144K)
[1118.205s][info][gc,metaspace   ] GC(1984) Metaspace: 121977K(125824K)->121977K(125824K) NonClass: 105758K(106368K)->105758K(106368K) Class: 16219K(19456K)->16219K(19456K)
[1118.205s][info][gc             ] GC(1984) Pause Full (Allocation Failure) 1979M->1369M(1979M) 266.445ms
[1118.205s][info][gc,cpu         ] GC(1984) User=0.27s Sys=0.00s Real=0.27s
[1120.421s][info][gc,start       ] GC(1985) Pause Full (Allocation Failure)
[1120.421s][info][gc,phases,start] GC(1985) Phase 1: Mark live objects
[1120.476s][info][gc,phases      ] GC(1985) Phase 1: Mark live objects 55.725ms
[1120.476s][info][gc,phases,start] GC(1985) Phase 2: Compute new object addresses
[1120.649s][info][gc,phases      ] GC(1985) Phase 2: Compute new object addresses 172.406ms
[1120.649s][info][gc,phases,start] GC(1985) Phase 3: Adjust pointers
[1120.682s][info][gc,phases      ] GC(1985) Phase 3: Adjust pointers 32.617ms
[1120.682s][info][gc,phases,start] GC(1985) Phase 4: Move objects
[1120.682s][info][gc,phases      ] GC(1985) Phase 4: Move objects 0.041ms
[1120.682s][info][gc,heap        ] GC(1985) DefNew: 629120K(629120K)->3868K(629120K) Eden: 559232K(559232K)->3868K(559232K) From: 69888K(69888K)->0K(69888K)
[1120.682s][info][gc,heap        ] GC(1985) Tenured: 1398144K(1398144K)->1398144K(1398144K)
[1120.682s][info][gc,metaspace   ] GC(1985) Metaspace: 121977K(125824K)->121977K(125824K) NonClass: 105758K(106368K)->105758K(106368K) Class: 16219K(19456K)->16219K(19456K)
[1120.682s][info][gc             ] GC(1985) Pause Full (Allocation Failure) 1979M->1369M(1979M) 261.914ms
[1120.683s][info][gc,cpu         ] GC(1985) User=0.27s Sys=0.00s Real=0.27s
[1122.593s][info][gc,start       ] GC(1986) Pause Full (Allocation Failure)
[1122.593s][info][gc,phases,start] GC(1986) Phase 1: Mark live objects
[1122.653s][info][gc,phases      ] GC(1986) Phase 1: Mark live objects 59.192ms
[1122.653s][info][gc,phases,start] GC(1986) Phase 2: Compute new object addresses
[1122.829s][info][gc,phases      ] GC(1986) Phase 2: Compute new object addresses 175.825ms
[1122.829s][info][gc,phases,start] GC(1986) Phase 3: Adjust pointers
[1122.861s][info][gc,phases      ] GC(1986) Phase 3: Adjust pointers 32.435ms
[1122.861s][info][gc,phases,start] GC(1986) Phase 4: Move objects
[1122.891s][info][gc,phases      ] GC(1986) Phase 4: Move objects 30.147ms
[1122.892s][info][gc,heap        ] GC(1986) DefNew: 629119K(629120K)->0K(629120K) Eden: 559232K(559232K)->0K(559232K) From: 69887K(69888K)->0K(69888K)
[1122.892s][info][gc,heap        ] GC(1986) Tenured: 1398144K(1398144K)->1324005K(1398144K)
[1122.892s][info][gc,metaspace   ] GC(1986) Metaspace: 121977K(125824K)->121977K(125824K) NonClass: 105758K(106368K)->105758K(106368K) Class: 16219K(19456K)->16219K(19456K)
[1122.892s][info][gc             ] GC(1986) Pause Full (Allocation Failure) 1979M->1292M(1979M) 298.785ms
[1122.892s][info][gc,cpu         ] GC(1986) User=0.30s Sys=0.00s Real=0.30s
[1122.956s][info][gc,start       ] GC(1987) Pause Young (Allocation Failure)
[1122.960s][info][gc,heap        ] GC(1987) DefNew: 559232K(629120K)->715K(629120K) Eden: 559232K(559232K)->0K(559232K) From: 0K(69888K)->715K(69888K)
[1122.960s][info][gc,heap        ] GC(1987) Tenured: 1324005K(1398144K)->1324005K(1398144K)
[1122.960s][info][gc,metaspace   ] GC(1987) Metaspace: 121977K(125824K)->121977K(125824K) NonClass: 105758K(106368K)->105758K(106368K) Class: 16219K(19456K)->16219K(19456K)
[1122.960s][info][gc             ] GC(1987) Pause Young (Allocation Failure) 1839M->1293M(1979M) 3.583ms
[1122.960s][info][gc,cpu         ] GC(1987) User=0.00s Sys=0.00s Real=0.00s
[1123.589s][info][gc,start       ] GC(1988) Pause Full (System.gc())
[1123.589s][info][gc,phases,start] GC(1988) Phase 1: Mark live objects
[1123.657s][info][gc,phases      ] GC(1988) Phase 1: Mark live objects 68.095ms
[1123.657s][info][gc,phases,start] GC(1988) Phase 2: Compute new object addresses
[1123.709s][info][gc,phases      ] GC(1988) Phase 2: Compute new object addresses 51.913ms
[1123.709s][info][gc,phases,start] GC(1988) Phase 3: Adjust pointers
[1123.741s][info][gc,phases      ] GC(1988) Phase 3: Adjust pointers 32.114ms
[1123.741s][info][gc,phases,start] GC(1988) Phase 4: Move objects
[1123.742s][info][gc,phases      ] GC(1988) Phase 4: Move objects 1.486ms
[1123.743s][info][gc,heap        ] GC(1988) DefNew: 171692K(629120K)->0K(629120K) Eden: 170976K(559232K)->0K(559232K) From: 715K(69888K)->0K(69888K)
[1123.743s][info][gc,heap        ] GC(1988) Tenured: 1324005K(1398144K)->972590K(1398144K)
[1123.743s][info][gc,metaspace   ] GC(1988) Metaspace: 121977K(125824K)->121977K(125824K) NonClass: 105758K(106368K)->105758K(106368K) Class: 16219K(19456K)->16219K(19456K)
[1123.743s][info][gc             ] GC(1988) Pause Full (System.gc()) 1460M->949M(1979M) 154.843ms
[1123.743s][info][gc,cpu         ] GC(1988) User=0.16s Sys=0.00s Real=0.16s
[1123.849s][info][gc,start       ] GC(1989) Pause Young (Allocation Failure)
[1123.864s][info][gc,heap        ] GC(1989) DefNew: 559232K(629120K)->13869K(629120K) Eden: 559232K(559232K)->0K(559232K) From: 0K(69888K)->13869K(69888K)
[1123.864s][info][gc,heap        ] GC(1989) Tenured: 972590K(1398144K)->972590K(1398144K)
[1123.864s][info][gc,metaspace   ] GC(1989) Metaspace: 122031K(125824K)->122031K(125824K) NonClass: 105811K(106368K)->105811K(106368K) Class: 16219K(19456K)->16219K(19456K)
[1123.864s][info][gc             ] GC(1989) Pause Young (Allocation Failure) 1495M->963M(1979M) 14.655ms
[1123.864s][info][gc,cpu         ] GC(1989) User=0.02s Sys=0.00s Real=0.02s
[1123.901s][info][gc,start       ] GC(1990) Pause Young (Allocation Failure)
[1123.912s][info][gc,heap        ] GC(1990) DefNew: 573101K(629120K)->19259K(629120K) Eden: 559232K(559232K)->0K(559232K) From: 13869K(69888K)->19259K(69888K)
[1123.912s][info][gc,heap        ] GC(1990) Tenured: 972590K(1398144K)->972590K(1398144K)
[1123.913s][info][gc,metaspace   ] GC(1990) Metaspace: 122031K(125824K)->122031K(125824K) NonClass: 105811K(106368K)->105811K(106368K) Class: 16219K(19456K)->16219K(19456K)
[1123.913s][info][gc             ] GC(1990) Pause Young (Allocation Failure) 1509M->968M(1979M) 11.549ms
[1123.913s][info][gc,cpu         ] GC(1990) User=0.02s Sys=0.00s Real=0.02s
[1123.950s][info][gc,start       ] GC(1991) Pause Young (Allocation Failure)
[1123.963s][info][gc,heap        ] GC(1991) DefNew: 578491K(629120K)->27015K(629120K) Eden: 559232K(559232K)->0K(559232K) From: 19259K(69888K)->27015K(69888K)
[1123.963s][info][gc,heap        ] GC(1991) Tenured: 972590K(1398144K)->972590K(1398144K)
[1123.963s][info][gc,metaspace   ] GC(1991) Metaspace: 122031K(125824K)->122031K(125824K) NonClass: 105811K(106368K)->105811K(106368K) Class: 16219K(19456K)->16219K(19456K)
[1123.963s][info][gc             ] GC(1991) Pause Young (Allocation Failure) 1514M->976M(1979M) 13.198ms
[1123.963s][info][gc,cpu         ] GC(1991) User=0.02s Sys=0.00s Real=0.01s
[1124.001s][info][gc,start       ] GC(1992) Pause Young (Allocation Failure)
[1124.016s][info][gc,heap        ] GC(1992) DefNew: 586247K(629120K)->33262K(629120K) Eden: 559232K(559232K)->0K(559232K) From: 27015K(69888K)->33262K(69888K)
[1124.016s][info][gc,heap        ] GC(1992) Tenured: 972590K(1398144K)->972590K(1398144K)
[1124.016s][info][gc,metaspace   ] GC(1992) Metaspace: 122031K(125824K)->122031K(125824K) NonClass: 105811K(106368K)->105811K(106368K) Class: 16219K(19456K)->16219K(19456K)
[1124.016s][info][gc             ] GC(1992) Pause Young (Allocation Failure) 1522M->982M(1979M) 14.664ms
[1124.016s][info][gc,cpu         ] GC(1992) User=0.02s Sys=0.00s Real=0.02s
[1124.054s][info][gc,start       ] GC(1993) Pause Young (Allocation Failure)
[1124.068s][info][gc,heap        ] GC(1993) DefNew: 592494K(629120K)->33269K(629120K) Eden: 559232K(559232K)->0K(559232K) From: 33262K(69888K)->33269K(69888K)
[1124.068s][info][gc,heap        ] GC(1993) Tenured: 972590K(1398144K)->972590K(1398144K)
[1124.068s][info][gc,metaspace   ] GC(1993) Metaspace: 122031K(125824K)->122031K(125824K) NonClass: 105811K(106368K)->105811K(106368K) Class: 16219K(19456K)->16219K(19456K)
[1124.068s][info][gc             ] GC(1993) Pause Young (Allocation Failure) 1528M->982M(1979M) 14.164ms
[1124.068s][info][gc,cpu         ] GC(1993) User=0.02s Sys=0.00s Real=0.02s
[1124.106s][info][gc,start       ] GC(1994) Pause Young (Allocation Failure)
[1124.125s][info][gc,heap        ] GC(1994) DefNew: 592501K(629120K)->50451K(629120K) Eden: 559232K(559232K)->0K(559232K) From: 33269K(69888K)->50451K(69888K)
[1124.125s][info][gc,heap        ] GC(1994) Tenured: 972590K(1398144K)->972590K(1398144K)
[1124.125s][info][gc,metaspace   ] GC(1994) Metaspace: 122031K(125824K)->122031K(125824K) NonClass: 105811K(106368K)->105811K(106368K) Class: 16219K(19456K)->16219K(19456K)
[1124.125s][info][gc             ] GC(1994) Pause Young (Allocation Failure) 1528M->999M(1979M) 18.356ms
[1124.125s][info][gc,cpu         ] GC(1994) User=0.02s Sys=0.00s Real=0.01s
[1124.163s][info][gc,start       ] GC(1995) Pause Young (Allocation Failure)
[1124.184s][info][gc,heap        ] GC(1995) DefNew: 609683K(629120K)->47137K(629120K) Eden: 559232K(559232K)->0K(559232K) From: 50451K(69888K)->47137K(69888K)
[1124.184s][info][gc,heap        ] GC(1995) Tenured: 972590K(1398144K)->982135K(1398144K)
[1124.184s][info][gc,metaspace   ] GC(1995) Metaspace: 122031K(125824K)->122031K(125824K) NonClass: 105811K(106368K)->105811K(106368K) Class: 16219K(19456K)->16219K(19456K)
[1124.184s][info][gc             ] GC(1995) Pause Young (Allocation Failure) 1545M->1005M(1979M) 20.695ms
[1124.184s][info][gc,cpu         ] GC(1995) User=0.02s Sys=0.00s Real=0.02s
[1124.222s][info][gc,start       ] GC(1996) Pause Young (Allocation Failure)
[1124.235s][info][gc,heap        ] GC(1996) DefNew: 606369K(629120K)->19062K(629120K) Eden: 559232K(559232K)->0K(559232K) From: 47137K(69888K)->19062K(69888K)
[1124.235s][info][gc,heap        ] GC(1996) Tenured: 982135K(1398144K)->1010269K(1398144K)
[1124.235s][info][gc,metaspace   ] GC(1996) Metaspace: 122031K(125824K)->122031K(125824K) NonClass: 105811K(106368K)->105811K(106368K) Class: 16219K(19456K)->16219K(19456K)
[1124.235s][info][gc             ] GC(1996) Pause Young (Allocation Failure) 1551M->1005M(1979M) 13.473ms
[1124.235s][info][gc,cpu         ] GC(1996) User=0.02s Sys=0.00s Real=0.02s
[1124.273s][info][gc,start       ] GC(1997) Pause Young (Allocation Failure)
[1124.280s][info][gc,heap        ] GC(1997) DefNew: 578294K(629120K)->19017K(629120K) Eden: 559232K(559232K)->0K(559232K) From: 19062K(69888K)->19017K(69888K)
[1124.280s][info][gc,heap        ] GC(1997) Tenured: 1010269K(1398144K)->1010269K(1398144K)
[1124.280s][info][gc,metaspace   ] GC(1997) Metaspace: 122031K(125824K)->122031K(125824K) NonClass: 105811K(106368K)->105811K(106368K) Class: 16219K(19456K)->16219K(19456K)
[1124.280s][info][gc             ] GC(1997) Pause Young (Allocation Failure) 1551M->1005M(1979M) 7.163ms
[1124.280s][info][gc,cpu         ] GC(1997) User=0.02s Sys=0.00s Real=0.02s
[1124.319s][info][gc,start       ] GC(1998) Pause Young (Allocation Failure)
[1124.326s][info][gc,heap        ] GC(1998) DefNew: 578249K(629120K)->19005K(629120K) Eden: 559232K(559232K)->0K(559232K) From: 19017K(69888K)->19005K(69888K)
[1124.326s][info][gc,heap        ] GC(1998) Tenured: 1010269K(1398144K)->1010269K(1398144K)
[1124.326s][info][gc,metaspace   ] GC(1998) Metaspace: 122031K(125824K)->122031K(125824K) NonClass: 105811K(106368K)->105811K(106368K) Class: 16219K(19456K)->16219K(19456K)
[1124.326s][info][gc             ] GC(1998) Pause Young (Allocation Failure) 1551M->1005M(1979M) 7.205ms
[1124.326s][info][gc,cpu         ] GC(1998) User=0.02s Sys=0.00s Real=0.02s
[1124.373s][info][gc,start       ] GC(1999) Pause Young (Allocation Failure)
[1124.395s][info][gc,heap        ] GC(1999) DefNew: 578237K(629120K)->68980K(629120K) Eden: 559232K(559232K)->0K(559232K) From: 19005K(69888K)->68980K(69888K)
[1124.395s][info][gc,heap        ] GC(1999) Tenured: 1010269K(1398144K)->1022769K(1398144K)
[1124.395s][info][gc,metaspace   ] GC(1999) Metaspace: 122031K(125824K)->122031K(125824K) NonClass: 105811K(106368K)->105811K(106368K) Class: 16219K(19456K)->16219K(19456K)
[1124.395s][info][gc             ] GC(1999) Pause Young (Allocation Failure) 1551M->1066M(1979M) 22.257ms
[1124.395s][info][gc,cpu         ] GC(1999) User=0.02s Sys=0.00s Real=0.02s
[1124.451s][info][gc,start       ] GC(2000) Pause Young (Allocation Failure)
[1124.477s][info][gc,heap        ] GC(2000) DefNew: 628212K(629120K)->31535K(629120K) Eden: 559232K(559232K)->0K(559232K) From: 68980K(69888K)->31535K(69888K)
[1124.477s][info][gc,heap        ] GC(2000) Tenured: 1022769K(1398144K)->1082156K(1398144K)
[1124.477s][info][gc,metaspace   ] GC(2000) Metaspace: 122031K(125824K)->122031K(125824K) NonClass: 105811K(106368K)->105811K(106368K) Class: 16219K(19456K)->16219K(19456K)
[1124.477s][info][gc             ] GC(2000) Pause Young (Allocation Failure) 1612M->1087M(1979M) 25.840ms
[1124.477s][info][gc,cpu         ] GC(2000) User=0.02s Sys=0.00s Real=0.02s
[1124.515s][info][gc,start       ] GC(2001) Pause Young (Allocation Failure)
[1124.525s][info][gc,heap        ] GC(2001) DefNew: 590767K(629120K)->31487K(629120K) Eden: 559232K(559232K)->0K(559232K) From: 31535K(69888K)->31487K(69888K)
[1124.525s][info][gc,heap        ] GC(2001) Tenured: 1082156K(1398144K)->1082156K(1398144K)
[1124.525s][info][gc,metaspace   ] GC(2001) Metaspace: 122031K(125824K)->122031K(125824K) NonClass: 105811K(106368K)->105811K(106368K) Class: 16219K(19456K)->16219K(19456K)
[1124.525s][info][gc             ] GC(2001) Pause Young (Allocation Failure) 1633M->1087M(1979M) 10.020ms
[1124.525s][info][gc,cpu         ] GC(2001) User=0.00s Sys=0.00s Real=0.00s
[1124.576s][info][gc,start       ] GC(2002) Pause Young (Allocation Failure)
[1124.595s][info][gc,heap        ] GC(2002) DefNew: 590719K(629120K)->68478K(629120K) Eden: 559232K(559232K)->0K(559232K) From: 31487K(69888K)->68478K(69888K)
[1124.595s][info][gc,heap        ] GC(2002) Tenured: 1082156K(1398144K)->1082156K(1398144K)
[1124.595s][info][gc,metaspace   ] GC(2002) Metaspace: 122031K(125824K)->122031K(125824K) NonClass: 105811K(106368K)->105811K(106368K) Class: 16219K(19456K)->16219K(19456K)
[1124.595s][info][gc             ] GC(2002) Pause Young (Allocation Failure) 1633M->1123M(1979M) 19.230ms
[1124.595s][info][gc,cpu         ] GC(2002) User=0.02s Sys=0.00s Real=0.02s
[1124.650s][info][gc,start       ] GC(2003) Pause Young (Allocation Failure)
[1124.683s][info][gc,heap        ] GC(2003) DefNew: 627710K(629120K)->68334K(629120K) Eden: 559232K(559232K)->0K(559232K) From: 68478K(69888K)->68334K(69888K)
[1124.683s][info][gc,heap        ] GC(2003) Tenured: 1082156K(1398144K)->1133584K(1398144K)
[1124.683s][info][gc,metaspace   ] GC(2003) Metaspace: 122031K(125824K)->122031K(125824K) NonClass: 105811K(106368K)->105811K(106368K) Class: 16219K(19456K)->16219K(19456K)
[1124.683s][info][gc             ] GC(2003) Pause Young (Allocation Failure) 1669M->1173M(1979M) 33.114ms
[1124.683s][info][gc,cpu         ] GC(2003) User=0.03s Sys=0.00s Real=0.03s
[1124.723s][info][gc,start       ] GC(2004) Pause Young (Allocation Failure)
[1124.747s][info][gc,heap        ] GC(2004) DefNew: 627566K(629120K)->21441K(629120K) Eden: 559232K(559232K)->0K(559232K) From: 68334K(69888K)->21441K(69888K)
[1124.747s][info][gc,heap        ] GC(2004) Tenured: 1133584K(1398144K)->1199748K(1398144K)
[1124.747s][info][gc,metaspace   ] GC(2004) Metaspace: 122031K(125824K)->122031K(125824K) NonClass: 105811K(106368K)->105811K(106368K) Class: 16219K(19456K)->16219K(19456K)
[1124.747s][info][gc             ] GC(2004) Pause Young (Allocation Failure) 1719M->1192M(1979M) 23.839ms
[1124.747s][info][gc,cpu         ] GC(2004) User=0.03s Sys=0.00s Real=0.03s
[1124.785s][info][gc,start       ] GC(2005) Pause Young (Allocation Failure)
[1124.795s][info][gc,heap        ] GC(2005) DefNew: 580673K(629120K)->30245K(629120K) Eden: 559232K(559232K)->0K(559232K) From: 21441K(69888K)->30245K(69888K)
[1124.795s][info][gc,heap        ] GC(2005) Tenured: 1199748K(1398144K)->1199748K(1398144K)
[1124.795s][info][gc,metaspace   ] GC(2005) Metaspace: 122031K(125824K)->122031K(125824K) NonClass: 105811K(106368K)->105811K(106368K) Class: 16219K(19456K)->16219K(19456K)
[1124.795s][info][gc             ] GC(2005) Pause Young (Allocation Failure) 1738M->1201M(1979M) 9.960ms
[1124.795s][info][gc,cpu         ] GC(2005) User=0.02s Sys=0.00s Real=0.01s
[1124.833s][info][gc,start       ] GC(2006) Pause Young (Allocation Failure)
[1124.845s][info][gc,heap        ] GC(2006) DefNew: 589477K(629120K)->36549K(629120K) Eden: 559232K(559232K)->0K(559232K) From: 30245K(69888K)->36549K(69888K)
[1124.845s][info][gc,heap        ] GC(2006) Tenured: 1199748K(1398144K)->1199748K(1398144K)
[1124.845s][info][gc,metaspace   ] GC(2006) Metaspace: 122031K(125824K)->122031K(125824K) NonClass: 105811K(106368K)->105811K(106368K) Class: 16219K(19456K)->16219K(19456K)
[1124.845s][info][gc             ] GC(2006) Pause Young (Allocation Failure) 1747M->1207M(1979M) 11.506ms
[1124.845s][info][gc,cpu         ] GC(2006) User=0.02s Sys=0.00s Real=0.02s
[1124.883s][info][gc,start       ] GC(2007) Pause Young (Allocation Failure)
[1124.895s][info][gc,heap        ] GC(2007) DefNew: 595781K(629120K)->26852K(629120K) Eden: 559232K(559232K)->0K(559232K) From: 36549K(69888K)->26852K(69888K)
[1124.895s][info][gc,heap        ] GC(2007) Tenured: 1199748K(1398144K)->1212549K(1398144K)
[1124.895s][info][gc,metaspace   ] GC(2007) Metaspace: 122031K(125824K)->122031K(125824K) NonClass: 105811K(106368K)->105811K(106368K) Class: 16219K(19456K)->16219K(19456K)
[1124.895s][info][gc             ] GC(2007) Pause Young (Allocation Failure) 1753M->1210M(1979M) 11.671ms
[1124.895s][info][gc,cpu         ] GC(2007) User=0.02s Sys=0.00s Real=0.01s
[1124.933s][info][gc,start       ] GC(2008) Pause Young (Allocation Failure)
[1124.947s][info][gc,heap        ] GC(2008) DefNew: 586084K(629120K)->45613K(629120K) Eden: 559232K(559232K)->0K(559232K) From: 26852K(69888K)->45613K(69888K)
[1124.947s][info][gc,heap        ] GC(2008) Tenured: 1212549K(1398144K)->1212549K(1398144K)
[1124.947s][info][gc,metaspace   ] GC(2008) Metaspace: 122031K(125824K)->122031K(125824K) NonClass: 105811K(106368K)->105811K(106368K) Class: 16219K(19456K)->16219K(19456K)
[1124.947s][info][gc             ] GC(2008) Pause Young (Allocation Failure) 1756M->1228M(1979M) 13.513ms
[1124.947s][info][gc,cpu         ] GC(2008) User=0.02s Sys=0.00s Real=0.02s
[1124.985s][info][gc,start       ] GC(2009) Pause Young (Allocation Failure)
[1124.999s][info][gc,heap        ] GC(2009) DefNew: 604845K(629120K)->47164K(629120K) Eden: 559232K(559232K)->0K(559232K) From: 45613K(69888K)->47164K(69888K)
[1124.999s][info][gc,heap        ] GC(2009) Tenured: 1212549K(1398144K)->1212556K(1398144K)
[1124.999s][info][gc,metaspace   ] GC(2009) Metaspace: 122031K(125824K)->122031K(125824K) NonClass: 105811K(106368K)->105811K(106368K) Class: 16219K(19456K)->16219K(19456K)
[1124.999s][info][gc             ] GC(2009) Pause Young (Allocation Failure) 1774M->1230M(1979M) 13.823ms
[1124.999s][info][gc,cpu         ] GC(2009) User=0.02s Sys=0.00s Real=0.02s
[1125.036s][info][gc,start       ] GC(2010) Pause Young (Allocation Failure)
[1125.050s][info][gc,heap        ] GC(2010) DefNew: 606396K(629120K)->15882K(629120K) Eden: 559232K(559232K)->0K(559232K) From: 47164K(69888K)->15882K(69888K)
[1125.050s][info][gc,heap        ] GC(2010) Tenured: 1212556K(1398144K)->1243809K(1398144K)
[1125.050s][info][gc,metaspace   ] GC(2010) Metaspace: 122031K(125824K)->122031K(125824K) NonClass: 105811K(106368K)->105811K(106368K) Class: 16219K(19456K)->16219K(19456K)
[1125.050s][info][gc             ] GC(2010) Pause Young (Allocation Failure) 1776M->1230M(1979M) 13.586ms
[1125.050s][info][gc,cpu         ] GC(2010) User=0.02s Sys=0.00s Real=0.01s
[1125.088s][info][gc,start       ] GC(2011) Pause Young (Allocation Failure)
[1125.095s][info][gc,heap        ] GC(2011) DefNew: 575114K(629120K)->15917K(629120K) Eden: 559232K(559232K)->0K(559232K) From: 15882K(69888K)->15917K(69888K)
[1125.095s][info][gc,heap        ] GC(2011) Tenured: 1243809K(1398144K)->1243809K(1398144K)
[1125.095s][info][gc,metaspace   ] GC(2011) Metaspace: 122031K(125824K)->122031K(125824K) NonClass: 105811K(106368K)->105811K(106368K) Class: 16219K(19456K)->16219K(19456K)
[1125.095s][info][gc             ] GC(2011) Pause Young (Allocation Failure) 1776M->1230M(1979M) 6.537ms
[1125.095s][info][gc,cpu         ] GC(2011) User=0.00s Sys=0.00s Real=0.00s
[1125.133s][info][gc,start       ] GC(2012) Pause Young (Allocation Failure)
[1125.144s][info][gc,heap        ] GC(2012) DefNew: 575149K(629120K)->34954K(629120K) Eden: 559232K(559232K)->0K(559232K) From: 15917K(69888K)->34954K(69888K)
[1125.144s][info][gc,heap        ] GC(2012) Tenured: 1243809K(1398144K)->1243809K(1398144K)
[1125.144s][info][gc,metaspace   ] GC(2012) Metaspace: 122031K(125824K)->122031K(125824K) NonClass: 105811K(106368K)->105811K(106368K) Class: 16219K(19456K)->16219K(19456K)
[1125.144s][info][gc             ] GC(2012) Pause Young (Allocation Failure) 1776M->1248M(1979M) 10.625ms
[1125.144s][info][gc,cpu         ] GC(2012) User=0.00s Sys=0.00s Real=0.00s
[1125.194s][info][gc,start       ] GC(2013) Pause Young (Allocation Failure)
[1125.216s][info][gc,heap        ] GC(2013) DefNew: 594186K(629120K)->62895K(629120K) Eden: 559232K(559232K)->0K(559232K) From: 34954K(69888K)->62895K(69888K)
[1125.216s][info][gc,heap        ] GC(2013) Tenured: 1243809K(1398144K)->1259435K(1398144K)
[1125.216s][info][gc,metaspace   ] GC(2013) Metaspace: 122031K(125824K)->122031K(125824K) NonClass: 105811K(106368K)->105811K(106368K) Class: 16219K(19456K)->16219K(19456K)
[1125.216s][info][gc             ] GC(2013) Pause Young (Allocation Failure) 1794M->1291M(1979M) 22.895ms
[1125.216s][info][gc,cpu         ] GC(2013) User=0.02s Sys=0.00s Real=0.02s
[1125.256s][info][gc,start       ] GC(2014) Pause Young (Allocation Failure)
[1125.280s][info][gc,heap        ] GC(2014) DefNew: 622127K(629120K)->31515K(629120K) Eden: 559232K(559232K)->0K(559232K) From: 62895K(69888K)->31515K(69888K)
[1125.280s][info][gc,heap        ] GC(2014) Tenured: 1259435K(1398144K)->1322053K(1398144K)
[1125.280s][info][gc,metaspace   ] GC(2014) Metaspace: 122031K(125824K)->122031K(125824K) NonClass: 105811K(106368K)->105811K(106368K) Class: 16219K(19456K)->16219K(19456K)
[1125.280s][info][gc             ] GC(2014) Pause Young (Allocation Failure) 1837M->1321M(1979M) 24.027ms
[1125.280s][info][gc,cpu         ] GC(2014) User=0.02s Sys=0.00s Real=0.02s
[1125.319s][info][gc,start       ] GC(2015) Pause Young (Allocation Failure)
[1125.319s][info][gc             ] GC(2015) Pause Young (Allocation Failure) 1867M->1867M(1979M) 0.160ms
[1125.319s][info][gc,cpu         ] GC(2015) User=0.00s Sys=0.00s Real=0.00s
[1125.319s][info][gc,start       ] GC(2016) Pause Full (Allocation Failure)
[1125.320s][info][gc,phases,start] GC(2016) Phase 1: Mark live objects
[1125.400s][info][gc,phases      ] GC(2016) Phase 1: Mark live objects 80.591ms
[1125.400s][info][gc,phases,start] GC(2016) Phase 2: Compute new object addresses
[1125.556s][info][gc,phases      ] GC(2016) Phase 2: Compute new object addresses 155.794ms
[1125.556s][info][gc,phases,start] GC(2016) Phase 3: Adjust pointers
[1125.593s][info][gc,phases      ] GC(2016) Phase 3: Adjust pointers 36.715ms
[1125.593s][info][gc,phases,start] GC(2016) Phase 4: Move objects
[1125.627s][info][gc,phases      ] GC(2016) Phase 4: Move objects 34.428ms
[1125.628s][info][gc,heap        ] GC(2016) DefNew: 590747K(629120K)->0K(629120K) Eden: 559232K(559232K)->0K(559232K) From: 31515K(69888K)->0K(69888K)
[1125.628s][info][gc,heap        ] GC(2016) Tenured: 1322053K(1398144K)->1179181K(1398144K)
[1125.628s][info][gc,metaspace   ] GC(2016) Metaspace: 122031K(125824K)->122031K(125824K) NonClass: 105811K(106368K)->105811K(106368K) Class: 16219K(19456K)->16219K(19456K)
[1125.628s][info][gc             ] GC(2016) Pause Full (Allocation Failure) 1867M->1151M(1979M) 308.648ms
[1125.628s][info][gc,cpu         ] GC(2016) User=0.30s Sys=0.02s Real=0.31s
[1125.678s][info][gc,start       ] GC(2017) Pause Young (Allocation Failure)
[1125.693s][info][gc,heap        ] GC(2017) DefNew: 559232K(629120K)->47577K(629120K) Eden: 559232K(559232K)->0K(559232K) From: 0K(69888K)->47577K(69888K)
[1125.693s][info][gc,heap        ] GC(2017) Tenured: 1179181K(1398144K)->1179181K(1398144K)
[1125.693s][info][gc,metaspace   ] GC(2017) Metaspace: 122031K(125824K)->122031K(125824K) NonClass: 105811K(106368K)->105811K(106368K) Class: 16219K(19456K)->16219K(19456K)
[1125.693s][info][gc             ] GC(2017) Pause Young (Allocation Failure) 1697M->1198M(1979M) 14.462ms
[1125.693s][info][gc,cpu         ] GC(2017) User=0.00s Sys=0.00s Real=0.00s
[1125.734s][info][gc,start       ] GC(2018) Pause Young (Allocation Failure)
[1125.760s][info][gc,heap        ] GC(2018) DefNew: 606809K(629120K)->52692K(629120K) Eden: 559232K(559232K)->0K(559232K) From: 47577K(69888K)->52692K(69888K)
[1125.760s][info][gc,heap        ] GC(2018) Tenured: 1179181K(1398144K)->1224580K(1398144K)
[1125.760s][info][gc,metaspace   ] GC(2018) Metaspace: 122031K(125824K)->122031K(125824K) NonClass: 105811K(106368K)->105811K(106368K) Class: 16219K(19456K)->16219K(19456K)
[1125.760s][info][gc             ] GC(2018) Pause Young (Allocation Failure) 1744M->1247M(1979M) 26.656ms
[1125.760s][info][gc,cpu         ] GC(2018) User=0.03s Sys=0.00s Real=0.03s
[1125.802s][info][gc,start       ] GC(2019) Pause Young (Allocation Failure)
[1125.827s][info][gc,heap        ] GC(2019) DefNew: 611924K(629120K)->35884K(629120K) Eden: 559232K(559232K)->0K(559232K) From: 52692K(69888K)->35884K(69888K)
[1125.827s][info][gc,heap        ] GC(2019) Tenured: 1224580K(1398144K)->1273591K(1398144K)
[1125.827s][info][gc,metaspace   ] GC(2019) Metaspace: 122031K(125824K)->122031K(125824K) NonClass: 105811K(106368K)->105811K(106368K) Class: 16219K(19456K)->16219K(19456K)
[1125.827s][info][gc             ] GC(2019) Pause Young (Allocation Failure) 1793M->1278M(1979M) 24.778ms
[1125.827s][info][gc,cpu         ] GC(2019) User=0.02s Sys=0.00s Real=0.02s
[1125.868s][info][gc,start       ] GC(2020) Pause Young (Allocation Failure)
[1125.888s][info][gc,heap        ] GC(2020) DefNew: 595116K(629120K)->39208K(629120K) Eden: 559232K(559232K)->0K(559232K) From: 35884K(69888K)->39208K(69888K)
[1125.888s][info][gc,heap        ] GC(2020) Tenured: 1273591K(1398144K)->1295282K(1398144K)
[1125.888s][info][gc,metaspace   ] GC(2020) Metaspace: 122031K(125824K)->122031K(125824K) NonClass: 105811K(106368K)->105811K(106368K) Class: 16219K(19456K)->16219K(19456K)
[1125.888s][info][gc             ] GC(2020) Pause Young (Allocation Failure) 1824M->1303M(1979M) 20.015ms
[1125.888s][info][gc,cpu         ] GC(2020) User=0.02s Sys=0.00s Real=0.02s
[1125.926s][info][gc,start       ] GC(2021) Pause Young (Allocation Failure)
[1125.943s][info][gc,heap        ] GC(2021) DefNew: 598440K(629120K)->21080K(629120K) Eden: 559232K(559232K)->0K(559232K) From: 39208K(69888K)->21080K(69888K)
[1125.943s][info][gc,heap        ] GC(2021) Tenured: 1295282K(1398144K)->1324934K(1398144K)
[1125.943s][info][gc,metaspace   ] GC(2021) Metaspace: 122031K(125824K)->122031K(125824K) NonClass: 105811K(106368K)->105811K(106368K) Class: 16219K(19456K)->16219K(19456K)
[1125.943s][info][gc             ] GC(2021) Pause Young (Allocation Failure) 1849M->1314M(1979M) 16.404ms
[1125.943s][info][gc,cpu         ] GC(2021) User=0.02s Sys=0.00s Real=0.01s
[1125.982s][info][gc,start       ] GC(2022) Pause Young (Allocation Failure)
[1125.982s][info][gc             ] GC(2022) Pause Young (Allocation Failure) 1860M->1860M(1979M) 0.119ms
[1125.982s][info][gc,cpu         ] GC(2022) User=0.00s Sys=0.00s Real=0.00s
[1125.982s][info][gc,start       ] GC(2023) Pause Full (Allocation Failure)
[1125.982s][info][gc,phases,start] GC(2023) Phase 1: Mark live objects
[1126.043s][info][gc,phases      ] GC(2023) Phase 1: Mark live objects 61.344ms
[1126.043s][info][gc,phases,start] GC(2023) Phase 2: Compute new object addresses
[1126.195s][info][gc,phases      ] GC(2023) Phase 2: Compute new object addresses 151.544ms
[1126.195s][info][gc,phases,start] GC(2023) Phase 3: Adjust pointers
[1126.230s][info][gc,phases      ] GC(2023) Phase 3: Adjust pointers 34.936ms
[1126.230s][info][gc,phases,start] GC(2023) Phase 4: Move objects
[1126.267s][info][gc,phases      ] GC(2023) Phase 4: Move objects 36.804ms
[1126.268s][info][gc,heap        ] GC(2023) DefNew: 580312K(629120K)->0K(629120K) Eden: 559232K(559232K)->0K(559232K) From: 21080K(69888K)->0K(69888K)
[1126.268s][info][gc,heap        ] GC(2023) Tenured: 1324934K(1398144K)->1247790K(1398144K)
[1126.268s][info][gc,metaspace   ] GC(2023) Metaspace: 122031K(125824K)->122031K(125824K) NonClass: 105811K(106368K)->105811K(106368K) Class: 16219K(19456K)->16219K(19456K)
[1126.268s][info][gc             ] GC(2023) Pause Full (Allocation Failure) 1860M->1218M(1979M) 285.798ms
[1126.268s][info][gc,cpu         ] GC(2023) User=0.28s Sys=0.00s Real=0.28s
[1126.306s][info][gc,start       ] GC(2024) Pause Young (Allocation Failure)
[1126.337s][info][gc,heap        ] GC(2024) DefNew: 559232K(629120K)->69874K(629120K) Eden: 559232K(559232K)->0K(559232K) From: 0K(69888K)->69874K(69888K)
[1126.337s][info][gc,heap        ] GC(2024) Tenured: 1247790K(1398144K)->1278681K(1398144K)
[1126.337s][info][gc,metaspace   ] GC(2024) Metaspace: 122031K(125824K)->122031K(125824K) NonClass: 105811K(106368K)->105811K(106368K) Class: 16219K(19456K)->16219K(19456K)
[1126.337s][info][gc             ] GC(2024) Pause Young (Allocation Failure) 1764M->1316M(1979M) 31.038ms
[1126.338s][info][gc,cpu         ] GC(2024) User=0.03s Sys=0.00s Real=0.03s
[1126.376s][info][gc,start       ] GC(2025) Pause Young (Allocation Failure)
[1126.405s][info][gc,heap        ] GC(2025) DefNew: 629106K(629120K)->61903K(629120K) Eden: 559232K(559232K)->0K(559232K) From: 69874K(69888K)->61903K(69888K)
[1126.405s][info][gc,heap        ] GC(2025) Tenured: 1278681K(1398144K)->1332375K(1398144K)
[1126.405s][info][gc,metaspace   ] GC(2025) Metaspace: 122031K(125824K)->122031K(125824K) NonClass: 105811K(106368K)->105811K(106368K) Class: 16219K(19456K)->16219K(19456K)
[1126.405s][info][gc             ] GC(2025) Pause Young (Allocation Failure) 1863M->1361M(1979M) 28.698ms
[1126.405s][info][gc,cpu         ] GC(2025) User=0.03s Sys=0.00s Real=0.03s
[1126.440s][info][gc,start       ] GC(2026) Pause Young (Allocation Failure)
[1126.440s][info][gc             ] GC(2026) Pause Young (Allocation Failure) 1907M->1907M(1979M) 0.133ms
[1126.440s][info][gc,cpu         ] GC(2026) User=0.02s Sys=0.00s Real=0.01s
[1126.440s][info][gc,start       ] GC(2027) Pause Full (Allocation Failure)
[1126.440s][info][gc,phases,start] GC(2027) Phase 1: Mark live objects
[1126.498s][info][gc,phases      ] GC(2027) Phase 1: Mark live objects 57.706ms
[1126.498s][info][gc,phases,start] GC(2027) Phase 2: Compute new object addresses
[1126.647s][info][gc,phases      ] GC(2027) Phase 2: Compute new object addresses 149.822ms
[1126.648s][info][gc,phases,start] GC(2027) Phase 3: Adjust pointers
[1126.681s][info][gc,phases      ] GC(2027) Phase 3: Adjust pointers 33.888ms
[1126.681s][info][gc,phases,start] GC(2027) Phase 4: Move objects
[1126.705s][info][gc,phases      ] GC(2027) Phase 4: Move objects 23.579ms
[1126.706s][info][gc,heap        ] GC(2027) DefNew: 621135K(629120K)->0K(629120K) Eden: 559232K(559232K)->0K(559232K) From: 61903K(69888K)->0K(69888K)
[1126.706s][info][gc,heap        ] GC(2027) Tenured: 1332375K(1398144K)->1270458K(1398144K)
[1126.706s][info][gc,metaspace   ] GC(2027) Metaspace: 122031K(125824K)->122031K(125824K) NonClass: 105811K(106368K)->105811K(106368K) Class: 16219K(19456K)->16219K(19456K)
[1126.706s][info][gc             ] GC(2027) Pause Full (Allocation Failure) 1907M->1240M(1979M) 266.111ms
[1126.706s][info][gc,cpu         ] GC(2027) User=0.27s Sys=0.00s Real=0.27s
[1126.744s][info][gc,start       ] GC(2028) Pause Young (Allocation Failure)
[1126.760s][info][gc,heap        ] GC(2028) DefNew: 559232K(629120K)->44024K(629120K) Eden: 559232K(559232K)->0K(559232K) From: 0K(69888K)->44024K(69888K)
[1126.760s][info][gc,heap        ] GC(2028) Tenured: 1270458K(1398144K)->1270458K(1398144K)
[1126.760s][info][gc,metaspace   ] GC(2028) Metaspace: 122031K(125824K)->122031K(125824K) NonClass: 105811K(106368K)->105811K(106368K) Class: 16219K(19456K)->16219K(19456K)
[1126.760s][info][gc             ] GC(2028) Pause Young (Allocation Failure) 1786M->1283M(1979M) 15.386ms
[1126.760s][info][gc,cpu         ] GC(2028) User=0.02s Sys=0.00s Real=0.01s
[1126.789s][info][gc,start       ] GC(2029) Pause Young (Allocation Failure)
[1126.814s][info][gc,heap        ] GC(2029) DefNew: 603256K(629120K)->69837K(629120K) Eden: 559232K(559232K)->0K(559232K) From: 44024K(69888K)->69837K(69888K)
[1126.814s][info][gc,heap        ] GC(2029) Tenured: 1270458K(1398144K)->1304867K(1398144K)
[1126.814s][info][gc,metaspace   ] GC(2029) Metaspace: 122031K(125824K)->122031K(125824K) NonClass: 105811K(106368K)->105811K(106368K) Class: 16219K(19456K)->16219K(19456K)
[1126.814s][info][gc             ] GC(2029) Pause Young (Allocation Failure) 1829M->1342M(1979M) 25.488ms
[1126.814s][info][gc,cpu         ] GC(2029) User=0.02s Sys=0.00s Real=0.02s
[1126.847s][info][gc,start       ] GC(2030) Pause Young (Allocation Failure)
[1126.871s][info][gc,heap        ] GC(2030) DefNew: 629069K(629120K)->62367K(629120K) Eden: 559232K(559232K)->0K(559232K) From: 69837K(69888K)->62367K(69888K)
[1126.871s][info][gc,heap        ] GC(2030) Tenured: 1304867K(1398144K)->1342500K(1398144K)
[1126.871s][info][gc,metaspace   ] GC(2030) Metaspace: 122031K(125824K)->122031K(125824K) NonClass: 105811K(106368K)->105811K(106368K) Class: 16219K(19456K)->16219K(19456K)
[1126.871s][info][gc             ] GC(2030) Pause Young (Allocation Failure) 1888M->1371M(1979M) 24.268ms
[1126.871s][info][gc,cpu         ] GC(2030) User=0.02s Sys=0.00s Real=0.02s
[1126.904s][info][gc,start       ] GC(2031) Pause Young (Allocation Failure)
[1126.904s][info][gc             ] GC(2031) Pause Young (Allocation Failure) 1918M->1918M(1979M) 0.131ms
[1126.904s][info][gc,cpu         ] GC(2031) User=0.00s Sys=0.00s Real=0.00s
[1126.904s][info][gc,start       ] GC(2032) Pause Full (Allocation Failure)
[1126.904s][info][gc,phases,start] GC(2032) Phase 1: Mark live objects
[1126.961s][info][gc,phases      ] GC(2032) Phase 1: Mark live objects 57.274ms
[1126.961s][info][gc,phases,start] GC(2032) Phase 2: Compute new object addresses
[1127.114s][info][gc,phases      ] GC(2032) Phase 2: Compute new object addresses 152.368ms
[1127.114s][info][gc,phases,start] GC(2032) Phase 3: Adjust pointers
[1127.150s][info][gc,phases      ] GC(2032) Phase 3: Adjust pointers 36.475ms
[1127.150s][info][gc,phases,start] GC(2032) Phase 4: Move objects
[1127.215s][info][gc,phases      ] GC(2032) Phase 4: Move objects 64.563ms
[1127.216s][info][gc,heap        ] GC(2032) DefNew: 621599K(629120K)->0K(629120K) Eden: 559232K(559232K)->0K(559232K) From: 62367K(69888K)->0K(69888K)
[1127.216s][info][gc,heap        ] GC(2032) Tenured: 1342500K(1398144K)->1250114K(1398144K)
[1127.216s][info][gc,metaspace   ] GC(2032) Metaspace: 122031K(125824K)->122031K(125824K) NonClass: 105811K(106368K)->105811K(106368K) Class: 16219K(19456K)->16219K(19456K)
[1127.216s][info][gc             ] GC(2032) Pause Full (Allocation Failure) 1918M->1220M(1979M) 311.938ms
[1127.216s][info][gc,cpu         ] GC(2032) User=0.31s Sys=0.00s Real=0.31s
[1127.253s][info][gc,start       ] GC(2033) Pause Young (Allocation Failure)
[1127.265s][info][gc,heap        ] GC(2033) DefNew: 559232K(629120K)->46299K(629120K) Eden: 559232K(559232K)->0K(559232K) From: 0K(69888K)->46299K(69888K)
[1127.265s][info][gc,heap        ] GC(2033) Tenured: 1250114K(1398144K)->1250114K(1398144K)
[1127.265s][info][gc,metaspace   ] GC(2033) Metaspace: 122031K(125824K)->122031K(125824K) NonClass: 105811K(106368K)->105811K(106368K) Class: 16219K(19456K)->16219K(19456K)
[1127.265s][info][gc             ] GC(2033) Pause Young (Allocation Failure) 1766M->1266M(1979M) 12.602ms
[1127.265s][info][gc,cpu         ] GC(2033) User=0.02s Sys=0.00s Real=0.01s
[1127.295s][info][gc,start       ] GC(2034) Pause Young (Allocation Failure)
[1127.315s][info][gc,heap        ] GC(2034) DefNew: 605531K(629120K)->53767K(629120K) Eden: 559232K(559232K)->0K(559232K) From: 46299K(69888K)->53767K(69888K)
[1127.315s][info][gc,heap        ] GC(2034) Tenured: 1250114K(1398144K)->1275134K(1398144K)
[1127.315s][info][gc,metaspace   ] GC(2034) Metaspace: 122031K(125824K)->122031K(125824K) NonClass: 105811K(106368K)->105811K(106368K) Class: 16219K(19456K)->16219K(19456K)
[1127.315s][info][gc             ] GC(2034) Pause Young (Allocation Failure) 1812M->1297M(1979M) 19.904ms
[1127.315s][info][gc,cpu         ] GC(2034) User=0.02s Sys=0.00s Real=0.02s
[1127.347s][info][gc,start       ] GC(2035) Pause Young (Allocation Failure)
[1127.378s][info][gc,heap        ] GC(2035) DefNew: 612999K(629120K)->69791K(629120K) Eden: 559232K(559232K)->0K(559232K) From: 53767K(69888K)->69791K(69888K)
[1127.378s][info][gc,heap        ] GC(2035) Tenured: 1275134K(1398144K)->1310866K(1398144K)
[1127.378s][info][gc,metaspace   ] GC(2035) Metaspace: 122031K(125824K)->122031K(125824K) NonClass: 105811K(106368K)->105811K(106368K) Class: 16219K(19456K)->16219K(19456K)
[1127.378s][info][gc             ] GC(2035) Pause Young (Allocation Failure) 1843M->1348M(1979M) 30.351ms
[1127.378s][info][gc,cpu         ] GC(2035) User=0.03s Sys=0.00s Real=0.03s
[1127.411s][info][gc,start       ] GC(2036) Pause Young (Allocation Failure)
[1127.436s][info][gc,heap        ] GC(2036) DefNew: 629023K(629120K)->63491K(629120K) Eden: 559232K(559232K)->0K(559232K) From: 69791K(69888K)->63491K(69888K)
[1127.437s][info][gc,heap        ] GC(2036) Tenured: 1310866K(1398144K)->1353576K(1398144K)
[1127.437s][info][gc,metaspace   ] GC(2036) Metaspace: 122031K(125824K)->122031K(125824K) NonClass: 105811K(106368K)->105811K(106368K) Class: 16219K(19456K)->16219K(19456K)
[1127.437s][info][gc             ] GC(2036) Pause Young (Allocation Failure) 1894M->1383M(1979M) 25.640ms
[1127.437s][info][gc,cpu         ] GC(2036) User=0.03s Sys=0.00s Real=0.03s
[1127.469s][info][gc,start       ] GC(2037) Pause Young (Allocation Failure)
[1127.469s][info][gc             ] GC(2037) Pause Young (Allocation Failure) 1929M->1929M(1979M) 0.125ms
[1127.469s][info][gc,cpu         ] GC(2037) User=0.00s Sys=0.00s Real=0.00s
[1127.469s][info][gc,start       ] GC(2038) Pause Full (Allocation Failure)
[1127.469s][info][gc,phases,start] GC(2038) Phase 1: Mark live objects
[1127.525s][info][gc,phases      ] GC(2038) Phase 1: Mark live objects 56.316ms
[1127.525s][info][gc,phases,start] GC(2038) Phase 2: Compute new object addresses
[1127.670s][info][gc,phases      ] GC(2038) Phase 2: Compute new object addresses 144.768ms
[1127.670s][info][gc,phases,start] GC(2038) Phase 3: Adjust pointers
[1127.704s][info][gc,phases      ] GC(2038) Phase 3: Adjust pointers 33.438ms
[1127.704s][info][gc,phases,start] GC(2038) Phase 4: Move objects
[1127.722s][info][gc,phases      ] GC(2038) Phase 4: Move objects 18.429ms
[1127.723s][info][gc,heap        ] GC(2038) DefNew: 622723K(629120K)->0K(629120K) Eden: 559232K(559232K)->0K(559232K) From: 63491K(69888K)->0K(69888K)
[1127.723s][info][gc,heap        ] GC(2038) Tenured: 1353576K(1398144K)->1394296K(1398144K)
[1127.723s][info][gc,metaspace   ] GC(2038) Metaspace: 122031K(125824K)->122031K(125824K) NonClass: 105811K(106368K)->105811K(106368K) Class: 16219K(19456K)->16219K(19456K)
[1127.723s][info][gc             ] GC(2038) Pause Full (Allocation Failure) 1929M->1361M(1979M) 254.153ms
[1127.723s][info][gc,cpu         ] GC(2038) User=0.25s Sys=0.00s Real=0.25s
[1127.760s][info][gc,start       ] GC(2039) Pause Young (Allocation Failure)
[1127.760s][info][gc             ] GC(2039) Pause Young (Allocation Failure) 1907M->1907M(1979M) 0.127ms
[1127.760s][info][gc,cpu         ] GC(2039) User=0.00s Sys=0.00s Real=0.00s
[1127.760s][info][gc,start       ] GC(2040) Pause Full (Allocation Failure)
[1127.760s][info][gc,phases,start] GC(2040) Phase 1: Mark live objects
[1127.816s][info][gc,phases      ] GC(2040) Phase 1: Mark live objects 56.570ms
[1127.816s][info][gc,phases,start] GC(2040) Phase 2: Compute new object addresses
[1127.962s][info][gc,phases      ] GC(2040) Phase 2: Compute new object addresses 145.893ms
[1127.962s][info][gc,phases,start] GC(2040) Phase 3: Adjust pointers
[1127.996s][info][gc,phases      ] GC(2040) Phase 3: Adjust pointers 33.456ms
[1127.996s][info][gc,phases,start] GC(2040) Phase 4: Move objects
[1128.015s][info][gc,phases      ] GC(2040) Phase 4: Move objects 18.802ms
[1128.015s][info][gc,heap        ] GC(2040) DefNew: 559232K(629120K)->7315K(629120K) Eden: 559232K(559232K)->7315K(559232K) From: 0K(69888K)->0K(69888K)
[1128.015s][info][gc,heap        ] GC(2040) Tenured: 1394296K(1398144K)->1397228K(1398144K)
[1128.015s][info][gc,metaspace   ] GC(2040) Metaspace: 122031K(125824K)->122031K(125824K) NonClass: 105811K(106368K)->105811K(106368K) Class: 16219K(19456K)->16219K(19456K)
[1128.016s][info][gc             ] GC(2040) Pause Full (Allocation Failure) 1907M->1371M(1979M) 255.818ms
[1128.016s][info][gc,cpu         ] GC(2040) User=0.25s Sys=0.00s Real=0.25s
[1130.683s][info][gc,start       ] GC(2041) Pause Full (Allocation Failure)
[1130.683s][info][gc,phases,start] GC(2041) Phase 1: Mark live objects
[1130.739s][info][gc,phases      ] GC(2041) Phase 1: Mark live objects 56.003ms
[1130.739s][info][gc,phases,start] GC(2041) Phase 2: Compute new object addresses
[1130.902s][info][gc,phases      ] GC(2041) Phase 2: Compute new object addresses 162.737ms
[1130.902s][info][gc,phases,start] GC(2041) Phase 3: Adjust pointers
[1130.936s][info][gc,phases      ] GC(2041) Phase 3: Adjust pointers 33.689ms
[1130.936s][info][gc,phases,start] GC(2041) Phase 4: Move objects
[1130.959s][info][gc,phases      ] GC(2041) Phase 4: Move objects 22.956ms
[1130.960s][info][gc,heap        ] GC(2041) DefNew: 629120K(629120K)->30322K(629120K) Eden: 559232K(559232K)->30322K(559232K) From: 69888K(69888K)->0K(69888K)
[1130.960s][info][gc,heap        ] GC(2041) Tenured: 1397277K(1398144K)->1393061K(1398144K)
[1130.960s][info][gc,metaspace   ] GC(2041) Metaspace: 122031K(125824K)->122031K(125824K) NonClass: 105811K(106368K)->105811K(106368K) Class: 16219K(19456K)->16219K(19456K)
[1130.960s][info][gc             ] GC(2041) Pause Full (Allocation Failure) 1978M->1390M(1979M) 277.043ms
[1130.960s][info][gc,cpu         ] GC(2041) User=0.27s Sys=0.02s Real=0.28s
[1132.924s][info][gc,start       ] GC(2042) Pause Full (Allocation Failure)
[1132.924s][info][gc,phases,start] GC(2042) Phase 1: Mark live objects
[1132.980s][info][gc,phases      ] GC(2042) Phase 1: Mark live objects 56.758ms
[1132.980s][info][gc,phases,start] GC(2042) Phase 2: Compute new object addresses
[1133.138s][info][gc,phases      ] GC(2042) Phase 2: Compute new object addresses 157.404ms
[1133.138s][info][gc,phases,start] GC(2042) Phase 3: Adjust pointers
[1133.172s][info][gc,phases      ] GC(2042) Phase 3: Adjust pointers 34.049ms
[1133.172s][info][gc,phases,start] GC(2042) Phase 4: Move objects
[1133.245s][info][gc,phases      ] GC(2042) Phase 4: Move objects 73.340ms
[1133.501s][info][gc,heap        ] GC(2042) DefNew: 629120K(629120K)->0K(629120K) Eden: 559232K(559232K)->0K(559232K) From: 69888K(69888K)->0K(69888K)
[1133.501s][info][gc,heap        ] GC(2042) Tenured: 1398144K(1398144K)->1365649K(1398144K)
[1133.501s][info][gc,metaspace   ] GC(2042) Metaspace: 122031K(125824K)->122031K(125824K) NonClass: 105811K(106368K)->105811K(106368K) Class: 16219K(19456K)->16219K(19456K)
[1133.501s][info][gc             ] GC(2042) Pause Full (Allocation Failure) 1979M->1333M(1979M) 577.849ms
[1133.501s][info][gc,cpu         ] GC(2042) User=0.33s Sys=0.00s Real=0.58s
[1133.541s][info][gc,start       ] GC(2043) Pause Young (Allocation Failure)
[1133.542s][info][gc             ] GC(2043) Pause Young (Allocation Failure) 1879M->1879M(1979M) 0.136ms
[1133.542s][info][gc,cpu         ] GC(2043) User=0.00s Sys=0.00s Real=0.00s
[1133.542s][info][gc,start       ] GC(2044) Pause Full (Allocation Failure)
[1133.542s][info][gc,phases,start] GC(2044) Phase 1: Mark live objects
[1133.601s][info][gc,phases      ] GC(2044) Phase 1: Mark live objects 59.046ms
[1133.601s][info][gc,phases,start] GC(2044) Phase 2: Compute new object addresses
[1133.745s][info][gc,phases      ] GC(2044) Phase 2: Compute new object addresses 144.392ms
[1133.745s][info][gc,phases,start] GC(2044) Phase 3: Adjust pointers
[1133.780s][info][gc,phases      ] GC(2044) Phase 3: Adjust pointers 35.093ms
[1133.780s][info][gc,phases,start] GC(2044) Phase 4: Move objects
[1133.790s][info][gc,phases      ] GC(2044) Phase 4: Move objects 9.395ms
[1133.791s][info][gc,heap        ] GC(2044) DefNew: 559232K(629120K)->10840K(629120K) Eden: 559232K(559232K)->10840K(559232K) From: 0K(69888K)->0K(69888K)
[1133.791s][info][gc,heap        ] GC(2044) Tenured: 1365649K(1398144K)->1396957K(1398144K)
[1133.791s][info][gc,metaspace   ] GC(2044) Metaspace: 122031K(125824K)->122031K(125824K) NonClass: 105811K(106368K)->105811K(106368K) Class: 16219K(19456K)->16219K(19456K)
[1133.791s][info][gc             ] GC(2044) Pause Full (Allocation Failure) 1879M->1374M(1979M) 249.032ms
[1133.791s][info][gc,cpu         ] GC(2044) User=0.25s Sys=0.00s Real=0.25s
[1135.609s][info][gc,start       ] GC(2045) Pause Full (Allocation Failure)
[1135.609s][info][gc,phases,start] GC(2045) Phase 1: Mark live objects
[1135.667s][info][gc,phases      ] GC(2045) Phase 1: Mark live objects 57.199ms
[1135.667s][info][gc,phases,start] GC(2045) Phase 2: Compute new object addresses
[1135.832s][info][gc,phases      ] GC(2045) Phase 2: Compute new object addresses 165.018ms
[1135.832s][info][gc,phases,start] GC(2045) Phase 3: Adjust pointers
[1135.865s][info][gc,phases      ] GC(2045) Phase 3: Adjust pointers 33.225ms
[1135.865s][info][gc,phases,start] GC(2045) Phase 4: Move objects
[1135.876s][info][gc,phases      ] GC(2045) Phase 4: Move objects 11.059ms
[1135.877s][info][gc,heap        ] GC(2045) DefNew: 629119K(629120K)->56386K(629120K) Eden: 559232K(559232K)->56386K(559232K) From: 69887K(69888K)->0K(69888K)
[1135.877s][info][gc,heap        ] GC(2045) Tenured: 1398142K(1398144K)->1398142K(1398144K)
[1135.877s][info][gc,metaspace   ] GC(2045) Metaspace: 122031K(125824K)->122031K(125824K) NonClass: 105811K(106368K)->105811K(106368K) Class: 16219K(19456K)->16219K(19456K)
[1135.877s][info][gc             ] GC(2045) Pause Full (Allocation Failure) 1979M->1420M(1979M) 267.674ms
[1135.877s][info][gc,cpu         ] GC(2045) User=0.27s Sys=0.00s Real=0.27s
[1137.621s][info][gc,start       ] GC(2046) Pause Full (Allocation Failure)
[1137.621s][info][gc,phases,start] GC(2046) Phase 1: Mark live objects
[1137.678s][info][gc,phases      ] GC(2046) Phase 1: Mark live objects 56.861ms
[1137.678s][info][gc,phases,start] GC(2046) Phase 2: Compute new object addresses
[1137.833s][info][gc,phases      ] GC(2046) Phase 2: Compute new object addresses 155.300ms
[1137.833s][info][gc,phases,start] GC(2046) Phase 3: Adjust pointers
[1137.869s][info][gc,phases      ] GC(2046) Phase 3: Adjust pointers 35.594ms
[1137.869s][info][gc,phases,start] GC(2046) Phase 4: Move objects
[1137.884s][info][gc,phases      ] GC(2046) Phase 4: Move objects 15.553ms
[1137.885s][info][gc,heap        ] GC(2046) DefNew: 629119K(629120K)->69159K(629120K) Eden: 559232K(559232K)->69159K(559232K) From: 69887K(69888K)->0K(69888K)
[1137.885s][info][gc,heap        ] GC(2046) Tenured: 1398144K(1398144K)->1398144K(1398144K)
[1137.885s][info][gc,metaspace   ] GC(2046) Metaspace: 122031K(125824K)->122031K(125824K) NonClass: 105811K(106368K)->105811K(106368K) Class: 16219K(19456K)->16219K(19456K)
[1137.885s][info][gc             ] GC(2046) Pause Full (Allocation Failure) 1979M->1432M(1979M) 264.487ms
[1137.885s][info][gc,cpu         ] GC(2046) User=0.25s Sys=0.00s Real=0.26s
[1139.719s][info][gc,start       ] GC(2047) Pause Full (Allocation Failure)
[1139.719s][info][gc,phases,start] GC(2047) Phase 1: Mark live objects
[1139.775s][info][gc,phases      ] GC(2047) Phase 1: Mark live objects 55.974ms
[1139.775s][info][gc,phases,start] GC(2047) Phase 2: Compute new object addresses
[1139.919s][info][gc,phases      ] GC(2047) Phase 2: Compute new object addresses 143.620ms
[1139.919s][info][gc,phases,start] GC(2047) Phase 3: Adjust pointers
[1139.952s][info][gc,phases      ] GC(2047) Phase 3: Adjust pointers 33.337ms
[1139.953s][info][gc,phases,start] GC(2047) Phase 4: Move objects
[1140.047s][info][gc,phases      ] GC(2047) Phase 4: Move objects 94.865ms
[1140.048s][info][gc,heap        ] GC(2047) DefNew: 629119K(629120K)->3961K(629120K) Eden: 559232K(559232K)->3961K(559232K) From: 69887K(69888K)->0K(69888K)
[1140.048s][info][gc,heap        ] GC(2047) Tenured: 1398144K(1398144K)->1397810K(1398144K)
[1140.048s][info][gc,metaspace   ] GC(2047) Metaspace: 122031K(125824K)->122031K(125824K) NonClass: 105811K(106368K)->105811K(106368K) Class: 16219K(19456K)->16219K(19456K)
[1140.048s][info][gc             ] GC(2047) Pause Full (Allocation Failure) 1979M->1368M(1979M) 329.099ms
[1140.048s][info][gc,cpu         ] GC(2047) User=0.33s Sys=0.00s Real=0.33s
[1142.178s][info][gc,start       ] GC(2048) Pause Full (Allocation Failure)
[1142.178s][info][gc,phases,start] GC(2048) Phase 1: Mark live objects
[1142.234s][info][gc,phases      ] GC(2048) Phase 1: Mark live objects 56.325ms
[1142.234s][info][gc,phases,start] GC(2048) Phase 2: Compute new object addresses
[1142.399s][info][gc,phases      ] GC(2048) Phase 2: Compute new object addresses 164.495ms
[1142.399s][info][gc,phases,start] GC(2048) Phase 3: Adjust pointers
[1142.432s][info][gc,phases      ] GC(2048) Phase 3: Adjust pointers 33.050ms
[1142.432s][info][gc,phases,start] GC(2048) Phase 4: Move objects
[1142.436s][info][gc,phases      ] GC(2048) Phase 4: Move objects 4.040ms
[1142.437s][info][gc,heap        ] GC(2048) DefNew: 629120K(629120K)->21549K(629120K) Eden: 559232K(559232K)->21549K(559232K) From: 69888K(69888K)->0K(69888K)
[1142.437s][info][gc,heap        ] GC(2048) Tenured: 1398143K(1398144K)->1398143K(1398144K)
[1142.437s][info][gc,metaspace   ] GC(2048) Metaspace: 122031K(125824K)->122031K(125824K) NonClass: 105811K(106368K)->105811K(106368K) Class: 16219K(19456K)->16219K(19456K)
[1142.437s][info][gc             ] GC(2048) Pause Full (Allocation Failure) 1979M->1386M(1979M) 259.062ms
[1142.437s][info][gc,cpu         ] GC(2048) User=0.27s Sys=0.00s Real=0.27s
[1144.580s][info][gc,start       ] GC(2049) Pause Full (Allocation Failure)
[1144.580s][info][gc,phases,start] GC(2049) Phase 1: Mark live objects
[1144.636s][info][gc,phases      ] GC(2049) Phase 1: Mark live objects 56.122ms
[1144.636s][info][gc,phases,start] GC(2049) Phase 2: Compute new object addresses
[1144.802s][info][gc,phases      ] GC(2049) Phase 2: Compute new object addresses 166.568ms
[1144.802s][info][gc,phases,start] GC(2049) Phase 3: Adjust pointers
[1144.835s][info][gc,phases      ] GC(2049) Phase 3: Adjust pointers 32.913ms
[1144.835s][info][gc,phases,start] GC(2049) Phase 4: Move objects
[1144.838s][info][gc,phases      ] GC(2049) Phase 4: Move objects 2.921ms
[1144.839s][info][gc,heap        ] GC(2049) DefNew: 629120K(629120K)->19152K(629120K) Eden: 559232K(559232K)->19152K(559232K) From: 69888K(69888K)->0K(69888K)
[1144.839s][info][gc,heap        ] GC(2049) Tenured: 1398143K(1398144K)->1398143K(1398144K)
[1144.839s][info][gc,metaspace   ] GC(2049) Metaspace: 122031K(125824K)->122031K(125824K) NonClass: 105811K(106368K)->105811K(106368K) Class: 16219K(19456K)->16219K(19456K)
[1144.839s][info][gc             ] GC(2049) Pause Full (Allocation Failure) 1979M->1384M(1979M) 259.672ms
[1144.839s][info][gc,cpu         ] GC(2049) User=0.27s Sys=0.00s Real=0.27s
[1147.015s][info][gc,start       ] GC(2050) Pause Full (Allocation Failure)
[1147.015s][info][gc,phases,start] GC(2050) Phase 1: Mark live objects
[1147.083s][info][gc,phases      ] GC(2050) Phase 1: Mark live objects 67.340ms
[1147.083s][info][gc,phases,start] GC(2050) Phase 2: Compute new object addresses
[1147.251s][info][gc,phases      ] GC(2050) Phase 2: Compute new object addresses 168.777ms
[1147.252s][info][gc,phases,start] GC(2050) Phase 3: Adjust pointers
[1147.295s][info][gc,phases      ] GC(2050) Phase 3: Adjust pointers 43.613ms
[1147.295s][info][gc,phases,start] GC(2050) Phase 4: Move objects
[1147.297s][info][gc,phases      ] GC(2050) Phase 4: Move objects 1.886ms
[1147.298s][info][gc,heap        ] GC(2050) DefNew: 629119K(629120K)->19170K(629120K) Eden: 559232K(559232K)->19170K(559232K) From: 69887K(69888K)->0K(69888K)
[1147.298s][info][gc,heap        ] GC(2050) Tenured: 1398143K(1398144K)->1398143K(1398144K)
[1147.298s][info][gc,metaspace   ] GC(2050) Metaspace: 122031K(125824K)->122031K(125824K) NonClass: 105811K(106368K)->105811K(106368K) Class: 16219K(19456K)->16219K(19456K)
[1147.298s][info][gc             ] GC(2050) Pause Full (Allocation Failure) 1979M->1384M(1979M) 282.848ms
[1147.298s][info][gc,cpu         ] GC(2050) User=0.28s Sys=0.00s Real=0.28s
[1149.655s][info][gc,start       ] GC(2051) Pause Full (Allocation Failure)
[1149.655s][info][gc,phases,start] GC(2051) Phase 1: Mark live objects
[1149.711s][info][gc,phases      ] GC(2051) Phase 1: Mark live objects 56.483ms
[1149.711s][info][gc,phases,start] GC(2051) Phase 2: Compute new object addresses
[1149.884s][info][gc,phases      ] GC(2051) Phase 2: Compute new object addresses 172.702ms
[1149.884s][info][gc,phases,start] GC(2051) Phase 3: Adjust pointers
[1149.918s][info][gc,phases      ] GC(2051) Phase 3: Adjust pointers 33.589ms
[1149.918s][info][gc,phases,start] GC(2051) Phase 4: Move objects
[1149.988s][info][gc,phases      ] GC(2051) Phase 4: Move objects 70.805ms
[1150.012s][info][gc,heap        ] GC(2051) DefNew: 629119K(629120K)->3862K(629120K) Eden: 559232K(559232K)->3862K(559232K) From: 69887K(69888K)->0K(69888K)
[1150.012s][info][gc,heap        ] GC(2051) Tenured: 1398143K(1398144K)->1396602K(1398144K)
[1150.012s][info][gc,metaspace   ] GC(2051) Metaspace: 122031K(125824K)->122031K(125824K) NonClass: 105812K(106368K)->105812K(106368K) Class: 16219K(19456K)->16219K(19456K)
[1150.012s][info][gc             ] GC(2051) Pause Full (Allocation Failure) 1979M->1367M(1979M) 357.463ms
[1150.012s][info][gc,cpu         ] GC(2051) User=0.33s Sys=0.00s Real=0.35s
[1152.285s][info][gc,start       ] GC(2052) Pause Full (Allocation Failure)
[1152.285s][info][gc,phases,start] GC(2052) Phase 1: Mark live objects
[1152.342s][info][gc,phases      ] GC(2052) Phase 1: Mark live objects 56.640ms
[1152.342s][info][gc,phases,start] GC(2052) Phase 2: Compute new object addresses
[1152.519s][info][gc,phases      ] GC(2052) Phase 2: Compute new object addresses 177.015ms
[1152.519s][info][gc,phases,start] GC(2052) Phase 3: Adjust pointers
[1152.552s][info][gc,phases      ] GC(2052) Phase 3: Adjust pointers 32.797ms
[1152.552s][info][gc,phases,start] GC(2052) Phase 4: Move objects
[1152.552s][info][gc,phases      ] GC(2052) Phase 4: Move objects 0.023ms
[1152.553s][info][gc,heap        ] GC(2052) DefNew: 629119K(629120K)->3813K(629120K) Eden: 559232K(559232K)->3813K(559232K) From: 69887K(69888K)->0K(69888K)
[1152.553s][info][gc,heap        ] GC(2052) Tenured: 1398143K(1398144K)->1398143K(1398144K)
[1152.553s][info][gc,metaspace   ] GC(2052) Metaspace: 122031K(125824K)->122031K(125824K) NonClass: 105812K(106368K)->105812K(106368K) Class: 16219K(19456K)->16219K(19456K)
[1152.553s][info][gc             ] GC(2052) Pause Full (Allocation Failure) 1979M->1369M(1979M) 267.613ms
[1152.553s][info][gc,cpu         ] GC(2052) User=0.27s Sys=0.00s Real=0.27s
[1154.882s][info][gc,start       ] GC(2053) Pause Full (Allocation Failure)
[1154.882s][info][gc,phases,start] GC(2053) Phase 1: Mark live objects
[1154.939s][info][gc,phases      ] GC(2053) Phase 1: Mark live objects 56.938ms
[1154.939s][info][gc,phases,start] GC(2053) Phase 2: Compute new object addresses
[1155.113s][info][gc,phases      ] GC(2053) Phase 2: Compute new object addresses 174.197ms
[1155.113s][info][gc,phases,start] GC(2053) Phase 3: Adjust pointers
[1155.149s][info][gc,phases      ] GC(2053) Phase 3: Adjust pointers 35.600ms
[1155.149s][info][gc,phases,start] GC(2053) Phase 4: Move objects
[1155.149s][info][gc,phases      ] GC(2053) Phase 4: Move objects 0.049ms
[1155.150s][info][gc,heap        ] GC(2053) DefNew: 629120K(629120K)->3865K(629120K) Eden: 559232K(559232K)->3865K(559232K) From: 69888K(69888K)->0K(69888K)
[1155.150s][info][gc,heap        ] GC(2053) Tenured: 1398143K(1398144K)->1398143K(1398144K)
[1155.150s][info][gc,metaspace   ] GC(2053) Metaspace: 122031K(125824K)->122031K(125824K) NonClass: 105812K(106368K)->105812K(106368K) Class: 16219K(19456K)->16219K(19456K)
[1155.150s][info][gc             ] GC(2053) Pause Full (Allocation Failure) 1979M->1369M(1979M) 267.964ms
[1155.150s][info][gc,cpu         ] GC(2053) User=0.27s Sys=0.00s Real=0.27s
[1157.007s][info][gc,start       ] GC(2054) Pause Full (Allocation Failure)
[1157.007s][info][gc,phases,start] GC(2054) Phase 1: Mark live objects
[1157.074s][info][gc,phases      ] GC(2054) Phase 1: Mark live objects 66.329ms
[1157.074s][info][gc,phases,start] GC(2054) Phase 2: Compute new object addresses
[1157.260s][info][gc,phases      ] GC(2054) Phase 2: Compute new object addresses 186.052ms
[1157.260s][info][gc,phases,start] GC(2054) Phase 3: Adjust pointers
[1157.293s][info][gc,phases      ] GC(2054) Phase 3: Adjust pointers 33.335ms
[1157.293s][info][gc,phases,start] GC(2054) Phase 4: Move objects
[1157.324s][info][gc,phases      ] GC(2054) Phase 4: Move objects 30.642ms
[1157.325s][info][gc,heap        ] GC(2054) DefNew: 629119K(629120K)->0K(629120K) Eden: 559232K(559232K)->0K(559232K) From: 69887K(69888K)->0K(69888K)
[1157.325s][info][gc,heap        ] GC(2054) Tenured: 1398143K(1398144K)->1324053K(1398144K)
[1157.325s][info][gc,metaspace   ] GC(2054) Metaspace: 122031K(125824K)->122031K(125824K) NonClass: 105812K(106368K)->105812K(106368K) Class: 16219K(19456K)->16219K(19456K)
[1157.325s][info][gc             ] GC(2054) Pause Full (Allocation Failure) 1979M->1293M(1979M) 317.613ms
[1157.325s][info][gc,cpu         ] GC(2054) User=0.31s Sys=0.00s Real=0.31s
[1157.394s][info][gc,start       ] GC(2055) Pause Young (Allocation Failure)
[1157.400s][info][gc,heap        ] GC(2055) DefNew: 559232K(629120K)->750K(629120K) Eden: 559232K(559232K)->0K(559232K) From: 0K(69888K)->750K(69888K)
[1157.400s][info][gc,heap        ] GC(2055) Tenured: 1324053K(1398144K)->1324053K(1398144K)
[1157.400s][info][gc,metaspace   ] GC(2055) Metaspace: 122031K(125824K)->122031K(125824K) NonClass: 105812K(106368K)->105812K(106368K) Class: 16219K(19456K)->16219K(19456K)
[1157.400s][info][gc             ] GC(2055) Pause Young (Allocation Failure) 1839M->1293M(1979M) 6.324ms
[1157.400s][info][gc,cpu         ] GC(2055) User=0.00s Sys=0.00s Real=0.00s
[1157.819s][info][gc,start       ] GC(2056) Pause Full (System.gc())
[1157.819s][info][gc,phases,start] GC(2056) Phase 1: Mark live objects
[1157.884s][info][gc,phases      ] GC(2056) Phase 1: Mark live objects 65.130ms
[1157.884s][info][gc,phases,start] GC(2056) Phase 2: Compute new object addresses
[1157.924s][info][gc,phases      ] GC(2056) Phase 2: Compute new object addresses 39.974ms
[1157.924s][info][gc,phases,start] GC(2056) Phase 3: Adjust pointers
[1157.956s][info][gc,phases      ] GC(2056) Phase 3: Adjust pointers 32.362ms
[1157.957s][info][gc,phases,start] GC(2056) Phase 4: Move objects
[1157.958s][info][gc,phases      ] GC(2056) Phase 4: Move objects 1.490ms
[1157.959s][info][gc,heap        ] GC(2056) DefNew: 123547K(629120K)->0K(629120K) Eden: 122796K(559232K)->0K(559232K) From: 750K(69888K)->0K(69888K)
[1157.959s][info][gc,heap        ] GC(2056) Tenured: 1324053K(1398144K)->972610K(1398144K)
[1157.959s][info][gc,metaspace   ] GC(2056) Metaspace: 122032K(125824K)->122032K(125824K) NonClass: 105812K(106368K)->105812K(106368K) Class: 16219K(19456K)->16219K(19456K)
[1157.959s][info][gc             ] GC(2056) Pause Full (System.gc()) 1413M->949M(1979M) 140.181ms
[1157.959s][info][gc,cpu         ] GC(2056) User=0.14s Sys=0.00s Real=0.14s
[1158.075s][info][gc,start       ] GC(2057) Pause Young (Allocation Failure)
[1158.090s][info][gc,heap        ] GC(2057) DefNew: 559232K(629120K)->12884K(629120K) Eden: 559232K(559232K)->0K(559232K) From: 0K(69888K)->12884K(69888K)
[1158.090s][info][gc,heap        ] GC(2057) Tenured: 972610K(1398144K)->972610K(1398144K)
[1158.090s][info][gc,metaspace   ] GC(2057) Metaspace: 122096K(125888K)->122096K(125888K) NonClass: 105876K(106432K)->105876K(106432K) Class: 16219K(19456K)->16219K(19456K)
[1158.090s][info][gc             ] GC(2057) Pause Young (Allocation Failure) 1495M->962M(1979M) 14.546ms
[1158.090s][info][gc,cpu         ] GC(2057) User=0.02s Sys=0.00s Real=0.02s
[1158.127s][info][gc,start       ] GC(2058) Pause Young (Allocation Failure)
[1158.138s][info][gc,heap        ] GC(2058) DefNew: 572116K(629120K)->18030K(629120K) Eden: 559232K(559232K)->0K(559232K) From: 12884K(69888K)->18030K(69888K)
[1158.138s][info][gc,heap        ] GC(2058) Tenured: 972610K(1398144K)->972610K(1398144K)
[1158.138s][info][gc,metaspace   ] GC(2058) Metaspace: 122096K(125888K)->122096K(125888K) NonClass: 105876K(106432K)->105876K(106432K) Class: 16219K(19456K)->16219K(19456K)
[1158.138s][info][gc             ] GC(2058) Pause Young (Allocation Failure) 1508M->967M(1979M) 11.164ms
[1158.138s][info][gc,cpu         ] GC(2058) User=0.02s Sys=0.00s Real=0.02s
[1158.176s][info][gc,start       ] GC(2059) Pause Young (Allocation Failure)
[1158.188s][info][gc,heap        ] GC(2059) DefNew: 577262K(629120K)->23452K(629120K) Eden: 559232K(559232K)->0K(559232K) From: 18030K(69888K)->23452K(69888K)
[1158.188s][info][gc,heap        ] GC(2059) Tenured: 972610K(1398144K)->972610K(1398144K)
[1158.188s][info][gc,metaspace   ] GC(2059) Metaspace: 122096K(125888K)->122096K(125888K) NonClass: 105876K(106432K)->105876K(106432K) Class: 16219K(19456K)->16219K(19456K)
[1158.188s][info][gc             ] GC(2059) Pause Young (Allocation Failure) 1513M->972M(1979M) 12.086ms
[1158.188s][info][gc,cpu         ] GC(2059) User=0.00s Sys=0.00s Real=0.00s
[1158.226s][info][gc,start       ] GC(2060) Pause Young (Allocation Failure)
[1158.240s][info][gc,heap        ] GC(2060) DefNew: 582684K(629120K)->32482K(629120K) Eden: 559232K(559232K)->0K(559232K) From: 23452K(69888K)->32482K(69888K)
[1158.240s][info][gc,heap        ] GC(2060) Tenured: 972610K(1398144K)->972610K(1398144K)
[1158.240s][info][gc,metaspace   ] GC(2060) Metaspace: 122096K(125888K)->122096K(125888K) NonClass: 105876K(106432K)->105876K(106432K) Class: 16219K(19456K)->16219K(19456K)
[1158.240s][info][gc             ] GC(2060) Pause Young (Allocation Failure) 1518M->981M(1979M) 14.230ms
[1158.240s][info][gc,cpu         ] GC(2060) User=0.02s Sys=0.00s Real=0.02s
[1158.278s][info][gc,start       ] GC(2061) Pause Young (Allocation Failure)
[1158.293s][info][gc,heap        ] GC(2061) DefNew: 591714K(629120K)->37943K(629120K) Eden: 559232K(559232K)->0K(559232K) From: 32482K(69888K)->37943K(69888K)
[1158.294s][info][gc,heap        ] GC(2061) Tenured: 972610K(1398144K)->972610K(1398144K)
[1158.294s][info][gc,metaspace   ] GC(2061) Metaspace: 122096K(125888K)->122096K(125888K) NonClass: 105876K(106432K)->105876K(106432K) Class: 16219K(19456K)->16219K(19456K)
[1158.294s][info][gc             ] GC(2061) Pause Young (Allocation Failure) 1527M->986M(1979M) 15.172ms
[1158.294s][info][gc,cpu         ] GC(2061) User=0.03s Sys=0.00s Real=0.02s
[1158.332s][info][gc,start       ] GC(2062) Pause Young (Allocation Failure)
[1158.350s][info][gc,heap        ] GC(2062) DefNew: 597175K(629120K)->35098K(629120K) Eden: 559232K(559232K)->0K(559232K) From: 37943K(69888K)->35098K(69888K)
[1158.350s][info][gc,heap        ] GC(2062) Tenured: 972610K(1398144K)->981697K(1398144K)
[1158.350s][info][gc,metaspace   ] GC(2062) Metaspace: 122096K(125888K)->122096K(125888K) NonClass: 105876K(106432K)->105876K(106432K) Class: 16219K(19456K)->16219K(19456K)
[1158.350s][info][gc             ] GC(2062) Pause Young (Allocation Failure) 1532M->992M(1979M) 18.310ms
[1158.350s][info][gc,cpu         ] GC(2062) User=0.08s Sys=0.00s Real=0.03s
[1158.389s][info][gc,start       ] GC(2063) Pause Young (Allocation Failure)
[1158.422s][info][gc,heap        ] GC(2063) DefNew: 594330K(629120K)->51832K(629120K) Eden: 559232K(559232K)->0K(559232K) From: 35098K(69888K)->51832K(69888K)
[1158.422s][info][gc,heap        ] GC(2063) Tenured: 981697K(1398144K)->982148K(1398144K)
[1158.422s][info][gc,metaspace   ] GC(2063) Metaspace: 122096K(125888K)->122096K(125888K) NonClass: 105876K(106432K)->105876K(106432K) Class: 16219K(19456K)->16219K(19456K)
[1158.422s][info][gc             ] GC(2063) Pause Young (Allocation Failure) 1539M->1009M(1979M) 32.955ms
[1158.422s][info][gc,cpu         ] GC(2063) User=0.02s Sys=0.00s Real=0.03s
[1158.461s][info][gc,start       ] GC(2064) Pause Young (Allocation Failure)
[1158.474s][info][gc,heap        ] GC(2064) DefNew: 611064K(629120K)->31508K(629120K) Eden: 559232K(559232K)->0K(559232K) From: 51832K(69888K)->31508K(69888K)
[1158.474s][info][gc,heap        ] GC(2064) Tenured: 982148K(1398144K)->997782K(1398144K)
[1158.475s][info][gc,metaspace   ] GC(2064) Metaspace: 122096K(125888K)->122096K(125888K) NonClass: 105876K(106432K)->105876K(106432K) Class: 16219K(19456K)->16219K(19456K)
[1158.475s][info][gc             ] GC(2064) Pause Young (Allocation Failure) 1555M->1005M(1979M) 13.492ms
[1158.475s][info][gc,cpu         ] GC(2064) User=0.00s Sys=0.00s Real=0.00s
[1158.512s][info][gc,start       ] GC(2065) Pause Young (Allocation Failure)
[1158.522s][info][gc,heap        ] GC(2065) DefNew: 590740K(629120K)->31530K(629120K) Eden: 559232K(559232K)->0K(559232K) From: 31508K(69888K)->31530K(69888K)
[1158.522s][info][gc,heap        ] GC(2065) Tenured: 997782K(1398144K)->997782K(1398144K)
[1158.522s][info][gc,metaspace   ] GC(2065) Metaspace: 122096K(125888K)->122096K(125888K) NonClass: 105876K(106432K)->105876K(106432K) Class: 16219K(19456K)->16219K(19456K)
[1158.522s][info][gc             ] GC(2065) Pause Young (Allocation Failure) 1551M->1005M(1979M) 9.954ms
[1158.522s][info][gc,cpu         ] GC(2065) User=0.02s Sys=0.00s Real=0.01s
[1158.561s][info][gc,start       ] GC(2066) Pause Young (Allocation Failure)
[1158.572s][info][gc,heap        ] GC(2066) DefNew: 590762K(629120K)->37825K(629120K) Eden: 559232K(559232K)->0K(559232K) From: 31530K(69888K)->37825K(69888K)
[1158.572s][info][gc,heap        ] GC(2066) Tenured: 997782K(1398144K)->997782K(1398144K)
[1158.572s][info][gc,metaspace   ] GC(2066) Metaspace: 122096K(125888K)->122096K(125888K) NonClass: 105876K(106432K)->105876K(106432K) Class: 16219K(19456K)->16219K(19456K)
[1158.572s][info][gc             ] GC(2066) Pause Young (Allocation Failure) 1551M->1011M(1979M) 11.337ms
[1158.572s][info][gc,cpu         ] GC(2066) User=0.02s Sys=0.00s Real=0.02s
[1158.611s][info][gc,start       ] GC(2067) Pause Young (Allocation Failure)
[1158.631s][info][gc,heap        ] GC(2067) DefNew: 597057K(629120K)->44023K(629120K) Eden: 559232K(559232K)->0K(559232K) From: 37825K(69888K)->44023K(69888K)
[1158.631s][info][gc,heap        ] GC(2067) Tenured: 997782K(1398144K)->1029033K(1398144K)
[1158.631s][info][gc,metaspace   ] GC(2067) Metaspace: 122096K(125888K)->122096K(125888K) NonClass: 105876K(106432K)->105876K(106432K) Class: 16219K(19456K)->16219K(19456K)
[1158.631s][info][gc             ] GC(2067) Pause Young (Allocation Failure) 1557M->1047M(1979M) 19.482ms
[1158.631s][info][gc,cpu         ] GC(2067) User=0.02s Sys=0.00s Real=0.02s
[1158.679s][info][gc,start       ] GC(2068) Pause Young (Allocation Failure)
[1158.704s][info][gc,heap        ] GC(2068) DefNew: 603255K(629120K)->50267K(629120K) Eden: 559232K(559232K)->0K(559232K) From: 44023K(69888K)->50267K(69888K)
[1158.704s][info][gc,heap        ] GC(2068) Tenured: 1029033K(1398144K)->1072794K(1398144K)
[1158.704s][info][gc,metaspace   ] GC(2068) Metaspace: 122096K(125888K)->122096K(125888K) NonClass: 105876K(106432K)->105876K(106432K) Class: 16219K(19456K)->16219K(19456K)
[1158.704s][info][gc             ] GC(2068) Pause Young (Allocation Failure) 1594M->1096M(1979M) 24.543ms
[1158.704s][info][gc,cpu         ] GC(2068) User=0.02s Sys=0.00s Real=0.02s
[1158.743s][info][gc,start       ] GC(2069) Pause Young (Allocation Failure)
[1158.759s][info][gc,heap        ] GC(2069) DefNew: 609499K(629120K)->8477K(629120K) Eden: 559232K(559232K)->0K(559232K) From: 50267K(69888K)->8477K(69888K)
[1158.759s][info][gc,heap        ] GC(2069) Tenured: 1072794K(1398144K)->1122796K(1398144K)
[1158.759s][info][gc,metaspace   ] GC(2069) Metaspace: 122096K(125888K)->122096K(125888K) NonClass: 105876K(106432K)->105876K(106432K) Class: 16219K(19456K)->16219K(19456K)
[1158.759s][info][gc             ] GC(2069) Pause Young (Allocation Failure) 1642M->1104M(1979M) 16.014ms
[1158.759s][info][gc,cpu         ] GC(2069) User=0.02s Sys=0.00s Real=0.02s
[1158.804s][info][gc,start       ] GC(2070) Pause Young (Allocation Failure)
[1158.819s][info][gc,heap        ] GC(2070) DefNew: 567709K(629120K)->49965K(629120K) Eden: 559232K(559232K)->0K(559232K) From: 8477K(69888K)->49965K(69888K)
[1158.819s][info][gc,heap        ] GC(2070) Tenured: 1122796K(1398144K)->1122796K(1398144K)
[1158.819s][info][gc,metaspace   ] GC(2070) Metaspace: 122096K(125888K)->122096K(125888K) NonClass: 105876K(106432K)->105876K(106432K) Class: 16219K(19456K)->16219K(19456K)
[1158.819s][info][gc             ] GC(2070) Pause Young (Allocation Failure) 1650M->1145M(1979M) 14.687ms
[1158.819s][info][gc,cpu         ] GC(2070) User=0.00s Sys=0.00s Real=0.00s
[1158.875s][info][gc,start       ] GC(2071) Pause Young (Allocation Failure)
[1158.905s][info][gc,heap        ] GC(2071) DefNew: 609197K(629120K)->61428K(629120K) Eden: 559232K(559232K)->0K(559232K) From: 49965K(69888K)->61428K(69888K)
[1158.905s][info][gc,heap        ] GC(2071) Tenured: 1122796K(1398144K)->1172174K(1398144K)
[1158.905s][info][gc,metaspace   ] GC(2071) Metaspace: 122096K(125888K)->122096K(125888K) NonClass: 105876K(106432K)->105876K(106432K) Class: 16219K(19456K)->16219K(19456K)
[1158.905s][info][gc             ] GC(2071) Pause Young (Allocation Failure) 1691M->1204M(1979M) 30.161ms
[1158.905s][info][gc,cpu         ] GC(2071) User=0.02s Sys=0.00s Real=0.02s
[1158.945s][info][gc,start       ] GC(2072) Pause Young (Allocation Failure)
[1158.969s][info][gc,heap        ] GC(2072) DefNew: 620660K(629120K)->24885K(629120K) Eden: 559232K(559232K)->0K(559232K) From: 61428K(69888K)->24885K(69888K)
[1158.969s][info][gc,heap        ] GC(2072) Tenured: 1172174K(1398144K)->1231625K(1398144K)
[1158.969s][info][gc,metaspace   ] GC(2072) Metaspace: 122096K(125888K)->122096K(125888K) NonClass: 105876K(106432K)->105876K(106432K) Class: 16219K(19456K)->16219K(19456K)
[1158.969s][info][gc             ] GC(2072) Pause Young (Allocation Failure) 1750M->1227M(1979M) 23.232ms
[1158.969s][info][gc,cpu         ] GC(2072) User=0.03s Sys=0.00s Real=0.03s
[1159.007s][info][gc,start       ] GC(2073) Pause Young (Allocation Failure)
[1159.018s][info][gc,heap        ] GC(2073) DefNew: 584117K(629120K)->34345K(629120K) Eden: 559232K(559232K)->0K(559232K) From: 24885K(69888K)->34345K(69888K)
[1159.018s][info][gc,heap        ] GC(2073) Tenured: 1231625K(1398144K)->1231625K(1398144K)
[1159.018s][info][gc,metaspace   ] GC(2073) Metaspace: 122096K(125888K)->122096K(125888K) NonClass: 105876K(106432K)->105876K(106432K) Class: 16219K(19456K)->16219K(19456K)
[1159.018s][info][gc             ] GC(2073) Pause Young (Allocation Failure) 1773M->1236M(1979M) 10.921ms
[1159.018s][info][gc,cpu         ] GC(2073) User=0.02s Sys=0.00s Real=0.02s
[1159.056s][info][gc,start       ] GC(2074) Pause Young (Allocation Failure)
[1159.068s][info][gc,heap        ] GC(2074) DefNew: 593577K(629120K)->38260K(629120K) Eden: 559232K(559232K)->0K(559232K) From: 34345K(69888K)->38260K(69888K)
[1159.068s][info][gc,heap        ] GC(2074) Tenured: 1231625K(1398144K)->1231625K(1398144K)
[1159.068s][info][gc,metaspace   ] GC(2074) Metaspace: 122096K(125888K)->122096K(125888K) NonClass: 105876K(106432K)->105876K(106432K) Class: 16219K(19456K)->16219K(19456K)
[1159.068s][info][gc             ] GC(2074) Pause Young (Allocation Failure) 1782M->1240M(1979M) 11.776ms
[1159.068s][info][gc,cpu         ] GC(2074) User=0.02s Sys=0.00s Real=0.02s
[1159.106s][info][gc,start       ] GC(2075) Pause Young (Allocation Failure)
[1159.120s][info][gc,heap        ] GC(2075) DefNew: 597492K(629120K)->30034K(629120K) Eden: 559232K(559232K)->0K(559232K) From: 38260K(69888K)->30034K(69888K)
[1159.120s][info][gc,heap        ] GC(2075) Tenured: 1231625K(1398144K)->1248423K(1398144K)
[1159.120s][info][gc,metaspace   ] GC(2075) Metaspace: 122096K(125888K)->122096K(125888K) NonClass: 105876K(106432K)->105876K(106432K) Class: 16219K(19456K)->16219K(19456K)
[1159.120s][info][gc             ] GC(2075) Pause Young (Allocation Failure) 1786M->1248M(1979M) 13.721ms
[1159.120s][info][gc,cpu         ] GC(2075) User=0.02s Sys=0.00s Real=0.02s
[1159.158s][info][gc,start       ] GC(2076) Pause Young (Allocation Failure)
[1159.170s][info][gc,heap        ] GC(2076) DefNew: 589266K(629120K)->41006K(629120K) Eden: 559232K(559232K)->0K(559232K) From: 30034K(69888K)->41006K(69888K)
[1159.170s][info][gc,heap        ] GC(2076) Tenured: 1248423K(1398144K)->1248423K(1398144K)
[1159.170s][info][gc,metaspace   ] GC(2076) Metaspace: 122096K(125888K)->122096K(125888K) NonClass: 105876K(106432K)->105876K(106432K) Class: 16219K(19456K)->16219K(19456K)
[1159.170s][info][gc             ] GC(2076) Pause Young (Allocation Failure) 1794M->1259M(1979M) 11.988ms
[1159.170s][info][gc,cpu         ] GC(2076) User=0.00s Sys=0.00s Real=0.00s
[1159.209s][info][gc,start       ] GC(2077) Pause Young (Allocation Failure)
[1159.223s][info][gc,heap        ] GC(2077) DefNew: 600238K(629120K)->34604K(629120K) Eden: 559232K(559232K)->0K(559232K) From: 41006K(69888K)->34604K(69888K)
[1159.223s][info][gc,heap        ] GC(2077) Tenured: 1248423K(1398144K)->1261013K(1398144K)
[1159.223s][info][gc,metaspace   ] GC(2077) Metaspace: 122096K(125888K)->122096K(125888K) NonClass: 105876K(106432K)->105876K(106432K) Class: 16219K(19456K)->16219K(19456K)
[1159.223s][info][gc             ] GC(2077) Pause Young (Allocation Failure) 1805M->1265M(1979M) 13.763ms
[1159.223s][info][gc,cpu         ] GC(2077) User=0.02s Sys=0.00s Real=0.01s
[1159.261s][info][gc,start       ] GC(2078) Pause Young (Allocation Failure)
[1159.271s][info][gc,heap        ] GC(2078) DefNew: 593836K(629120K)->37814K(629120K) Eden: 559232K(559232K)->0K(559232K) From: 34604K(69888K)->37814K(69888K)
[1159.271s][info][gc,heap        ] GC(2078) Tenured: 1261013K(1398144K)->1261013K(1398144K)
[1159.271s][info][gc,metaspace   ] GC(2078) Metaspace: 122096K(125888K)->122096K(125888K) NonClass: 105876K(106432K)->105876K(106432K) Class: 16219K(19456K)->16219K(19456K)
[1159.271s][info][gc             ] GC(2078) Pause Young (Allocation Failure) 1811M->1268M(1979M) 10.386ms
[1159.271s][info][gc,cpu         ] GC(2078) User=0.02s Sys=0.00s Real=0.02s
[1159.313s][info][gc,start       ] GC(2079) Pause Young (Allocation Failure)
[1159.327s][info][gc,heap        ] GC(2079) DefNew: 597046K(629120K)->22143K(629120K) Eden: 559232K(559232K)->0K(559232K) From: 37814K(69888K)->22143K(69888K)
[1159.327s][info][gc,heap        ] GC(2079) Tenured: 1261013K(1398144K)->1282889K(1398144K)
[1159.327s][info][gc,metaspace   ] GC(2079) Metaspace: 122096K(125888K)->122096K(125888K) NonClass: 105876K(106432K)->105876K(106432K) Class: 16219K(19456K)->16219K(19456K)
[1159.327s][info][gc             ] GC(2079) Pause Young (Allocation Failure) 1814M->1274M(1979M) 13.925ms
[1159.327s][info][gc,cpu         ] GC(2079) User=0.00s Sys=0.00s Real=0.00s
[1159.365s][info][gc,start       ] GC(2080) Pause Young (Allocation Failure)
[1159.376s][info][gc,heap        ] GC(2080) DefNew: 581375K(629120K)->34820K(629120K) Eden: 559232K(559232K)->0K(559232K) From: 22143K(69888K)->34820K(69888K)
[1159.376s][info][gc,heap        ] GC(2080) Tenured: 1282889K(1398144K)->1282889K(1398144K)
[1159.376s][info][gc,metaspace   ] GC(2080) Metaspace: 122096K(125888K)->122096K(125888K) NonClass: 105876K(106432K)->105876K(106432K) Class: 16219K(19456K)->16219K(19456K)
[1159.376s][info][gc             ] GC(2080) Pause Young (Allocation Failure) 1820M->1286M(1979M) 10.786ms
[1159.376s][info][gc,cpu         ] GC(2080) User=0.02s Sys=0.00s Real=0.02s
[1159.416s][info][gc,start       ] GC(2081) Pause Young (Allocation Failure)
[1159.437s][info][gc,heap        ] GC(2081) DefNew: 594052K(629120K)->66007K(629120K) Eden: 559232K(559232K)->0K(559232K) From: 34820K(69888K)->66007K(69888K)
[1159.437s][info][gc,heap        ] GC(2081) Tenured: 1282889K(1398144K)->1295389K(1398144K)
[1159.437s][info][gc,metaspace   ] GC(2081) Metaspace: 122096K(125888K)->122096K(125888K) NonClass: 105876K(106432K)->105876K(106432K) Class: 16219K(19456K)->16219K(19456K)
[1159.437s][info][gc             ] GC(2081) Pause Young (Allocation Failure) 1832M->1329M(1979M) 21.131ms
[1159.437s][info][gc,cpu         ] GC(2081) User=0.03s Sys=0.00s Real=0.03s
[1159.483s][info][gc,start       ] GC(2082) Pause Young (Allocation Failure)
[1159.509s][info][gc,heap        ] GC(2082) DefNew: 625239K(629120K)->31471K(629120K) Eden: 559232K(559232K)->0K(559232K) From: 66007K(69888K)->31471K(69888K)
[1159.509s][info][gc,heap        ] GC(2082) Tenured: 1295389K(1398144K)->1361135K(1398144K)
[1159.509s][info][gc,metaspace   ] GC(2082) Metaspace: 122096K(125888K)->122096K(125888K) NonClass: 105876K(106432K)->105876K(106432K) Class: 16219K(19456K)->16219K(19456K)
[1159.509s][info][gc             ] GC(2082) Pause Young (Allocation Failure) 1875M->1359M(1979M) 26.081ms
[1159.509s][info][gc,cpu         ] GC(2082) User=0.02s Sys=0.00s Real=0.02s
[1159.548s][info][gc,start       ] GC(2083) Pause Young (Allocation Failure)
[1159.549s][info][gc,heap        ] GC(2083) DefNew: 590703K(629120K)->590703K(629120K) Eden: 559232K(559232K)->559232K(559232K) From: 31471K(69888K)->31471K(69888K)
[1159.549s][info][gc,heap        ] GC(2083) Tenured: 1361135K(1398144K)->1361135K(1398144K)
[1159.549s][info][gc,metaspace   ] GC(2083) Metaspace: 122096K(125888K)->122096K(125888K) NonClass: 105876K(106432K)->105876K(106432K) Class: 16219K(19456K)->16219K(19456K)
[1159.549s][info][gc             ] GC(2083) Pause Young (Allocation Failure) 1906M->1906M(1979M) 0.215ms
[1159.549s][info][gc,cpu         ] GC(2083) User=0.00s Sys=0.02s Real=0.01s
[1159.549s][info][gc,start       ] GC(2084) Pause Full (Allocation Failure)
[1159.549s][info][gc,phases,start] GC(2084) Phase 1: Mark live objects
[1159.646s][info][gc,phases      ] GC(2084) Phase 1: Mark live objects 97.175ms
[1159.646s][info][gc,phases,start] GC(2084) Phase 2: Compute new object addresses
[1159.804s][info][gc,phases      ] GC(2084) Phase 2: Compute new object addresses 158.115ms
[1159.804s][info][gc,phases,start] GC(2084) Phase 3: Adjust pointers
[1159.838s][info][gc,phases      ] GC(2084) Phase 3: Adjust pointers 34.111ms
[1159.838s][info][gc,phases,start] GC(2084) Phase 4: Move objects
[1159.876s][info][gc,phases      ] GC(2084) Phase 4: Move objects 37.677ms
[1159.878s][info][gc,heap        ] GC(2084) DefNew: 590703K(629120K)->0K(629120K) Eden: 559232K(559232K)->0K(559232K) From: 31471K(69888K)->0K(69888K)
[1159.878s][info][gc,heap        ] GC(2084) Tenured: 1361135K(1398144K)->1136999K(1398144K)
[1159.878s][info][gc,metaspace   ] GC(2084) Metaspace: 122096K(125888K)->121273K(125888K) NonClass: 105876K(106432K)->105179K(106432K) Class: 16219K(19456K)->16094K(19456K)
[1159.878s][info][gc             ] GC(2084) Pause Full (Allocation Failure) 1906M->1110M(1979M) 329.403ms
[1159.878s][info][gc,cpu         ] GC(2084) User=0.33s Sys=0.00s Real=0.33s
[1159.929s][info][gc,start       ] GC(2085) Pause Young (Allocation Failure)
[1159.942s][info][gc,heap        ] GC(2085) DefNew: 559232K(629120K)->38950K(629120K) Eden: 559232K(559232K)->0K(559232K) From: 0K(69888K)->38950K(69888K)
[1159.942s][info][gc,heap        ] GC(2085) Tenured: 1136999K(1398144K)->1136999K(1398144K)
[1159.942s][info][gc,metaspace   ] GC(2085) Metaspace: 121273K(125888K)->121273K(125888K) NonClass: 105179K(106432K)->105179K(106432K) Class: 16094K(19456K)->16094K(19456K)
[1159.942s][info][gc             ] GC(2085) Pause Young (Allocation Failure) 1656M->1148M(1979M) 13.171ms
[1159.942s][info][gc,cpu         ] GC(2085) User=0.00s Sys=0.00s Real=0.00s
[1159.985s][info][gc,start       ] GC(2086) Pause Young (Allocation Failure)
[1160.012s][info][gc,heap        ] GC(2086) DefNew: 598182K(629120K)->67574K(629120K) Eden: 559232K(559232K)->0K(559232K) From: 38950K(69888K)->67574K(69888K)
[1160.012s][info][gc,heap        ] GC(2086) Tenured: 1136999K(1398144K)->1174150K(1398144K)
[1160.012s][info][gc,metaspace   ] GC(2086) Metaspace: 121273K(125888K)->121273K(125888K) NonClass: 105179K(106432K)->105179K(106432K) Class: 16094K(19456K)->16094K(19456K)
[1160.012s][info][gc             ] GC(2086) Pause Young (Allocation Failure) 1694M->1212M(1979M) 27.234ms
[1160.012s][info][gc,cpu         ] GC(2086) User=0.03s Sys=0.00s Real=0.03s
[1160.053s][info][gc,start       ] GC(2087) Pause Young (Allocation Failure)
[1160.078s][info][gc,heap        ] GC(2087) DefNew: 626806K(629120K)->30653K(629120K) Eden: 559232K(559232K)->0K(559232K) From: 67574K(69888K)->30653K(69888K)
[1160.078s][info][gc,heap        ] GC(2087) Tenured: 1174150K(1398144K)->1237811K(1398144K)
[1160.078s][info][gc,metaspace   ] GC(2087) Metaspace: 121273K(125888K)->121273K(125888K) NonClass: 105179K(106432K)->105179K(106432K) Class: 16094K(19456K)->16094K(19456K)
[1160.078s][info][gc             ] GC(2087) Pause Young (Allocation Failure) 1758M->1238M(1979M) 25.905ms
[1160.078s][info][gc,cpu         ] GC(2087) User=0.03s Sys=0.00s Real=0.03s
[1160.117s][info][gc,start       ] GC(2088) Pause Young (Allocation Failure)
[1160.135s][info][gc,heap        ] GC(2088) DefNew: 589885K(629120K)->50584K(629120K) Eden: 559232K(559232K)->0K(559232K) From: 30653K(69888K)->50584K(69888K)
[1160.135s][info][gc,heap        ] GC(2088) Tenured: 1237811K(1398144K)->1237811K(1398144K)
[1160.135s][info][gc,metaspace   ] GC(2088) Metaspace: 121287K(125888K)->121287K(125888K) NonClass: 105191K(106432K)->105191K(106432K) Class: 16096K(19456K)->16096K(19456K)
[1160.135s][info][gc             ] GC(2088) Pause Young (Allocation Failure) 1784M->1258M(1979M) 18.170ms
[1160.135s][info][gc,cpu         ] GC(2088) User=0.02s Sys=0.00s Real=0.02s
[1160.190s][info][gc,start       ] GC(2089) Pause Young (Allocation Failure)
[1160.212s][info][gc,heap        ] GC(2089) DefNew: 609816K(629120K)->53561K(629120K) Eden: 559232K(559232K)->0K(559232K) From: 50584K(69888K)->53561K(69888K)
[1160.212s][info][gc,heap        ] GC(2089) Tenured: 1237811K(1398144K)->1251110K(1398144K)
[1160.212s][info][gc,metaspace   ] GC(2089) Metaspace: 121455K(125888K)->121455K(125888K) NonClass: 105331K(106432K)->105331K(106432K) Class: 16123K(19456K)->16123K(19456K)
[1160.212s][info][gc             ] GC(2089) Pause Young (Allocation Failure) 1804M->1274M(1979M) 22.268ms
[1160.212s][info][gc,cpu         ] GC(2089) User=0.03s Sys=0.00s Real=0.02s
[1160.267s][info][gc,start       ] GC(2090) Pause Young (Allocation Failure)
[1160.294s][info][gc,heap        ] GC(2090) DefNew: 612793K(629120K)->69611K(629120K) Eden: 559232K(559232K)->0K(559232K) From: 53561K(69888K)->69611K(69888K)
[1160.294s][info][gc,heap        ] GC(2090) Tenured: 1251110K(1398144K)->1278212K(1398144K)
[1160.294s][info][gc,metaspace   ] GC(2090) Metaspace: 121550K(125888K)->121550K(125888K) NonClass: 105412K(106432K)->105412K(106432K) Class: 16138K(19456K)->16138K(19456K)
[1160.294s][info][gc             ] GC(2090) Pause Young (Allocation Failure) 1820M->1316M(1979M) 26.938ms
[1160.294s][info][gc,cpu         ] GC(2090) User=0.06s Sys=0.00s Real=0.03s
[1160.353s][info][gc,start       ] GC(2091) Pause Young (Allocation Failure)
[1160.384s][info][gc,heap        ] GC(2091) DefNew: 628843K(629120K)->69154K(629120K) Eden: 559232K(559232K)->0K(559232K) From: 69611K(69888K)->69154K(69888K)
[1160.384s][info][gc,heap        ] GC(2091) Tenured: 1278212K(1398144K)->1320245K(1398144K)
[1160.384s][info][gc,metaspace   ] GC(2091) Metaspace: 121550K(125888K)->121550K(125888K) NonClass: 105412K(106432K)->105412K(106432K) Class: 16138K(19456K)->16138K(19456K)
[1160.384s][info][gc             ] GC(2091) Pause Young (Allocation Failure) 1862M->1356M(1979M) 31.293ms
[1160.384s][info][gc,cpu         ] GC(2091) User=0.03s Sys=0.02s Real=0.03s
[1160.428s][info][gc,start       ] GC(2092) Pause Young (Allocation Failure)
[1160.460s][info][gc,heap        ] GC(2092) DefNew: 627447K(629120K)->68061K(629120K) Eden: 558293K(559232K)->0K(559232K) From: 69154K(69888K)->68061K(69888K)
[1160.460s][info][gc,heap        ] GC(2092) Tenured: 1320245K(1398144K)->1374065K(1398144K)
[1160.460s][info][gc,metaspace   ] GC(2092) Metaspace: 121653K(125888K)->121653K(125888K) NonClass: 105496K(106432K)->105496K(106432K) Class: 16156K(19456K)->16156K(19456K)
[1160.460s][info][gc             ] GC(2092) Pause Young (Allocation Failure) 1902M->1408M(1979M) 31.600ms
[1160.460s][info][gc,cpu         ] GC(2092) User=0.05s Sys=0.00s Real=0.03s
[1160.501s][info][gc,start       ] GC(2093) Pause Young (Allocation Failure)
[1160.501s][info][gc,heap        ] GC(2093) DefNew: 627293K(629120K)->627293K(629120K) Eden: 559232K(559232K)->559232K(559232K) From: 68061K(69888K)->68061K(69888K)
[1160.501s][info][gc,heap        ] GC(2093) Tenured: 1374065K(1398144K)->1374065K(1398144K)
[1160.501s][info][gc,metaspace   ] GC(2093) Metaspace: 121657K(125888K)->121657K(125888K) NonClass: 105499K(106432K)->105499K(106432K) Class: 16157K(19456K)->16157K(19456K)
[1160.501s][info][gc             ] GC(2093) Pause Young (Allocation Failure) 1954M->1954M(1979M) 0.167ms
[1160.501s][info][gc,cpu         ] GC(2093) User=0.00s Sys=0.00s Real=0.00s
[1160.501s][info][gc,start       ] GC(2094) Pause Full (Allocation Failure)
[1160.501s][info][gc,phases,start] GC(2094) Phase 1: Mark live objects
[1160.582s][info][gc,phases      ] GC(2094) Phase 1: Mark live objects 80.948ms
[1160.582s][info][gc,phases,start] GC(2094) Phase 2: Compute new object addresses
[1160.735s][info][gc,phases      ] GC(2094) Phase 2: Compute new object addresses 152.565ms
[1160.735s][info][gc,phases,start] GC(2094) Phase 3: Adjust pointers
[1160.770s][info][gc,phases      ] GC(2094) Phase 3: Adjust pointers 34.831ms
[1160.770s][info][gc,phases,start] GC(2094) Phase 4: Move objects
[1160.824s][info][gc,phases      ] GC(2094) Phase 4: Move objects 54.779ms
[1160.826s][info][gc,heap        ] GC(2094) DefNew: 627293K(629120K)->0K(629120K) Eden: 559232K(559232K)->0K(559232K) From: 68061K(69888K)->0K(69888K)
[1160.826s][info][gc,heap        ] GC(2094) Tenured: 1374065K(1398144K)->1216712K(1398144K)
[1160.826s][info][gc,metaspace   ] GC(2094) Metaspace: 121657K(125888K)->121273K(125888K) NonClass: 105499K(106432K)->105179K(106432K) Class: 16157K(19456K)->16094K(19456K)
[1160.826s][info][gc             ] GC(2094) Pause Full (Allocation Failure) 1954M->1188M(1979M) 325.044ms
[1160.826s][info][gc,cpu         ] GC(2094) User=0.41s Sys=0.00s Real=0.33s
[1160.870s][info][gc,start       ] GC(2095) Pause Young (Allocation Failure)
[1160.877s][info][gc,heap        ] GC(2095) DefNew: 559232K(629120K)->12880K(629120K) Eden: 559232K(559232K)->0K(559232K) From: 0K(69888K)->12880K(69888K)
[1160.877s][info][gc,heap        ] GC(2095) Tenured: 1216712K(1398144K)->1216712K(1398144K)
[1160.877s][info][gc,metaspace   ] GC(2095) Metaspace: 121417K(125888K)->121417K(125888K) NonClass: 105297K(106432K)->105297K(106432K) Class: 16119K(19456K)->16119K(19456K)
[1160.877s][info][gc             ] GC(2095) Pause Young (Allocation Failure) 1734M->1200M(1979M) 6.517ms
[1160.877s][info][gc,cpu         ] GC(2095) User=0.00s Sys=0.00s Real=0.00s
[1160.911s][info][gc,start       ] GC(2096) Pause Young (Allocation Failure)
[1160.937s][info][gc,heap        ] GC(2096) DefNew: 572112K(629120K)->68994K(629120K) Eden: 559232K(559232K)->0K(559232K) From: 12880K(69888K)->68994K(69888K)
[1160.937s][info][gc,heap        ] GC(2096) Tenured: 1216712K(1398144K)->1247697K(1398144K)
[1160.937s][info][gc,metaspace   ] GC(2096) Metaspace: 121417K(125888K)->121417K(125888K) NonClass: 105297K(106432K)->105297K(106432K) Class: 16119K(19456K)->16119K(19456K)
[1160.938s][info][gc             ] GC(2096) Pause Young (Allocation Failure) 1746M->1285M(1979M) 26.288ms
[1160.938s][info][gc,cpu         ] GC(2096) User=0.02s Sys=0.00s Real=0.02s
[1160.974s][info][gc,start       ] GC(2097) Pause Young (Allocation Failure)
[1161.001s][info][gc,heap        ] GC(2097) DefNew: 624240K(629120K)->69888K(629120K) Eden: 555245K(559232K)->0K(559232K) From: 68994K(69888K)->69888K(69888K)
[1161.001s][info][gc,heap        ] GC(2097) Tenured: 1247697K(1398144K)->1283898K(1398144K)
[1161.001s][info][gc,metaspace   ] GC(2097) Metaspace: 121417K(125888K)->121417K(125888K) NonClass: 105297K(106432K)->105297K(106432K) Class: 16119K(19456K)->16119K(19456K)
[1161.001s][info][gc             ] GC(2097) Pause Young (Allocation Failure) 1828M->1322M(1979M) 27.199ms
[1161.001s][info][gc,cpu         ] GC(2097) User=0.02s Sys=0.00s Real=0.02s
[1161.036s][info][gc,start       ] GC(2098) Pause Young (Allocation Failure)
[1161.072s][info][gc,heap        ] GC(2098) DefNew: 629120K(629120K)->50369K(629120K) Eden: 559232K(559232K)->0K(559232K) From: 69888K(69888K)->50369K(69888K)
[1161.072s][info][gc,heap        ] GC(2098) Tenured: 1283898K(1398144K)->1351678K(1398144K)
[1161.072s][info][gc,metaspace   ] GC(2098) Metaspace: 121417K(125888K)->121417K(125888K) NonClass: 105297K(106432K)->105297K(106432K) Class: 16119K(19456K)->16119K(19456K)
[1161.072s][info][gc             ] GC(2098) Pause Young (Allocation Failure) 1868M->1369M(1979M) 36.240ms
[1161.072s][info][gc,cpu         ] GC(2098) User=0.06s Sys=0.00s Real=0.03s
[1161.111s][info][gc,start       ] GC(2099) Pause Young (Allocation Failure)
[1161.111s][info][gc             ] GC(2099) Pause Young (Allocation Failure) 1915M->1915M(1979M) 0.140ms
[1161.111s][info][gc,cpu         ] GC(2099) User=0.00s Sys=0.00s Real=0.00s
[1161.111s][info][gc,start       ] GC(2100) Pause Full (Allocation Failure)
[1161.111s][info][gc,phases,start] GC(2100) Phase 1: Mark live objects
[1161.198s][info][gc,phases      ] GC(2100) Phase 1: Mark live objects 87.323ms
[1161.198s][info][gc,phases,start] GC(2100) Phase 2: Compute new object addresses
[1161.347s][info][gc,phases      ] GC(2100) Phase 2: Compute new object addresses 148.813ms
[1161.347s][info][gc,phases,start] GC(2100) Phase 3: Adjust pointers
[1161.379s][info][gc,phases      ] GC(2100) Phase 3: Adjust pointers 31.906ms
[1161.379s][info][gc,phases,start] GC(2100) Phase 4: Move objects
[1161.403s][info][gc,phases      ] GC(2100) Phase 4: Move objects 23.920ms
[1161.404s][info][gc,heap        ] GC(2100) DefNew: 609601K(629120K)->0K(629120K) Eden: 559232K(559232K)->0K(559232K) From: 50369K(69888K)->0K(69888K)
[1161.404s][info][gc,heap        ] GC(2100) Tenured: 1351678K(1398144K)->1320340K(1398144K)
[1161.404s][info][gc,metaspace   ] GC(2100) Metaspace: 121417K(125888K)->121316K(125888K) NonClass: 105297K(106432K)->105214K(106432K) Class: 16119K(19456K)->16101K(19456K)
[1161.404s][info][gc             ] GC(2100) Pause Full (Allocation Failure) 1915M->1289M(1979M) 293.296ms
[1161.404s][info][gc,cpu         ] GC(2100) User=0.28s Sys=0.02s Real=0.30s
[1161.444s][info][gc,start       ] GC(2101) Pause Young (Allocation Failure)
[1161.444s][info][gc             ] GC(2101) Pause Young (Allocation Failure) 1835M->1835M(1979M) 0.125ms
[1161.444s][info][gc,cpu         ] GC(2101) User=0.00s Sys=0.00s Real=0.00s
[1161.444s][info][gc,start       ] GC(2102) Pause Full (Allocation Failure)
[1161.444s][info][gc,phases,start] GC(2102) Phase 1: Mark live objects
[1161.499s][info][gc,phases      ] GC(2102) Phase 1: Mark live objects 54.823ms
[1161.499s][info][gc,phases,start] GC(2102) Phase 2: Compute new object addresses
[1161.643s][info][gc,phases      ] GC(2102) Phase 2: Compute new object addresses 143.717ms
[1161.643s][info][gc,phases,start] GC(2102) Phase 3: Adjust pointers
[1161.674s][info][gc,phases      ] GC(2102) Phase 3: Adjust pointers 31.642ms
[1161.674s][info][gc,phases,start] GC(2102) Phase 4: Move objects
[1161.742s][info][gc,phases      ] GC(2102) Phase 4: Move objects 67.568ms
[1161.743s][info][gc,heap        ] GC(2102) DefNew: 559232K(629120K)->0K(629120K) Eden: 559232K(559232K)->0K(559232K) From: 0K(69888K)->0K(69888K)
[1161.743s][info][gc,heap        ] GC(2102) Tenured: 1320340K(1398144K)->1288543K(1398144K)
[1161.743s][info][gc,metaspace   ] GC(2102) Metaspace: 121316K(125888K)->121316K(125888K) NonClass: 105214K(106432K)->105214K(106432K) Class: 16101K(19456K)->16101K(19456K)
[1161.743s][info][gc             ] GC(2102) Pause Full (Allocation Failure) 1835M->1258M(1979M) 298.901ms
[1161.743s][info][gc,cpu         ] GC(2102) User=0.30s Sys=0.00s Real=0.30s
[1161.779s][info][gc,start       ] GC(2103) Pause Young (Allocation Failure)
[1161.798s][info][gc,heap        ] GC(2103) DefNew: 559232K(629120K)->69363K(629120K) Eden: 559232K(559232K)->0K(559232K) From: 0K(69888K)->69363K(69888K)
[1161.798s][info][gc,heap        ] GC(2103) Tenured: 1288543K(1398144K)->1294184K(1398144K)
[1161.798s][info][gc,metaspace   ] GC(2103) Metaspace: 121316K(125888K)->121316K(125888K) NonClass: 105214K(106432K)->105214K(106432K) Class: 16101K(19456K)->16101K(19456K)
[1161.798s][info][gc             ] GC(2103) Pause Young (Allocation Failure) 1804M->1331M(1979M) 19.141ms
[1161.798s][info][gc,cpu         ] GC(2103) User=0.02s Sys=0.00s Real=0.02s
[1161.831s][info][gc,start       ] GC(2104) Pause Young (Allocation Failure)
[1161.862s][info][gc,heap        ] GC(2104) DefNew: 628595K(629120K)->69262K(629120K) Eden: 559232K(559232K)->0K(559232K) From: 69363K(69888K)->69262K(69888K)
[1161.862s][info][gc,heap        ] GC(2104) Tenured: 1294184K(1398144K)->1352195K(1398144K)
[1161.862s][info][gc,metaspace   ] GC(2104) Metaspace: 121316K(125888K)->121316K(125888K) NonClass: 105214K(106432K)->105214K(106432K) Class: 16101K(19456K)->16101K(19456K)
[1161.862s][info][gc             ] GC(2104) Pause Young (Allocation Failure) 1877M->1388M(1979M) 30.852ms
[1161.862s][info][gc,cpu         ] GC(2104) User=0.06s Sys=0.00s Real=0.03s
[1161.899s][info][gc,start       ] GC(2105) Pause Young (Allocation Failure)
[1161.899s][info][gc             ] GC(2105) Pause Young (Allocation Failure) 1934M->1934M(1979M) 0.126ms
[1161.899s][info][gc,cpu         ] GC(2105) User=0.00s Sys=0.00s Real=0.00s
[1161.899s][info][gc,start       ] GC(2106) Pause Full (Allocation Failure)
[1161.899s][info][gc,phases,start] GC(2106) Phase 1: Mark live objects
[1161.954s][info][gc,phases      ] GC(2106) Phase 1: Mark live objects 55.188ms
[1161.954s][info][gc,phases,start] GC(2106) Phase 2: Compute new object addresses
[1162.096s][info][gc,phases      ] GC(2106) Phase 2: Compute new object addresses 141.096ms
[1162.096s][info][gc,phases,start] GC(2106) Phase 3: Adjust pointers
[1162.127s][info][gc,phases      ] GC(2106) Phase 3: Adjust pointers 31.573ms
[1162.127s][info][gc,phases,start] GC(2106) Phase 4: Move objects
[1162.148s][info][gc,phases      ] GC(2106) Phase 4: Move objects 20.924ms
[1162.149s][info][gc,heap        ] GC(2106) DefNew: 628494K(629120K)->0K(629120K) Eden: 559232K(559232K)->0K(559232K) From: 69262K(69888K)->0K(69888K)
[1162.149s][info][gc,heap        ] GC(2106) Tenured: 1352195K(1398144K)->1391141K(1398144K)
[1162.149s][info][gc,metaspace   ] GC(2106) Metaspace: 121316K(125888K)->121316K(125888K) NonClass: 105214K(106432K)->105214K(106432K) Class: 16101K(19456K)->16101K(19456K)
[1162.149s][info][gc             ] GC(2106) Pause Full (Allocation Failure) 1934M->1358M(1979M) 249.885ms
[1162.149s][info][gc,cpu         ] GC(2106) User=0.28s Sys=0.00s Real=0.25s
[1162.186s][info][gc,start       ] GC(2107) Pause Young (Allocation Failure)
[1162.186s][info][gc             ] GC(2107) Pause Young (Allocation Failure) 1904M->1904M(1979M) 0.119ms
[1162.186s][info][gc,cpu         ] GC(2107) User=0.00s Sys=0.00s Real=0.00s
[1162.186s][info][gc,start       ] GC(2108) Pause Full (Allocation Failure)
[1162.186s][info][gc,phases,start] GC(2108) Phase 1: Mark live objects
[1162.239s][info][gc,phases      ] GC(2108) Phase 1: Mark live objects 53.184ms
[1162.239s][info][gc,phases,start] GC(2108) Phase 2: Compute new object addresses
[1162.386s][info][gc,phases      ] GC(2108) Phase 2: Compute new object addresses 146.568ms
[1162.386s][info][gc,phases,start] GC(2108) Phase 3: Adjust pointers
[1162.418s][info][gc,phases      ] GC(2108) Phase 3: Adjust pointers 31.825ms
[1162.418s][info][gc,phases,start] GC(2108) Phase 4: Move objects
[1162.436s][info][gc,phases      ] GC(2108) Phase 4: Move objects 18.144ms
[1162.436s][info][gc,heap        ] GC(2108) DefNew: 559232K(629120K)->22012K(629120K) Eden: 559232K(559232K)->22012K(559232K) From: 0K(69888K)->0K(69888K)
[1162.436s][info][gc,heap        ] GC(2108) Tenured: 1391141K(1398144K)->1395492K(1398144K)
[1162.436s][info][gc,metaspace   ] GC(2108) Metaspace: 121316K(125888K)->121316K(125888K) NonClass: 105214K(106432K)->105214K(106432K) Class: 16101K(19456K)->16101K(19456K)
[1162.437s][info][gc             ] GC(2108) Pause Full (Allocation Failure) 1904M->1384M(1979M) 250.767ms
[1162.437s][info][gc,cpu         ] GC(2108) User=0.25s Sys=0.00s Real=0.25s
[1163.756s][info][gc,start       ] GC(2109) Pause Full (Allocation Failure)
[1163.756s][info][gc,phases,start] GC(2109) Phase 1: Mark live objects
[1163.810s][info][gc,phases      ] GC(2109) Phase 1: Mark live objects 54.246ms
[1163.810s][info][gc,phases,start] GC(2109) Phase 2: Compute new object addresses
[1163.982s][info][gc,phases      ] GC(2109) Phase 2: Compute new object addresses 171.667ms
[1163.982s][info][gc,phases,start] GC(2109) Phase 3: Adjust pointers
[1164.015s][info][gc,phases      ] GC(2109) Phase 3: Adjust pointers 32.457ms
[1164.015s][info][gc,phases,start] GC(2109) Phase 4: Move objects
[1164.038s][info][gc,phases      ] GC(2109) Phase 4: Move objects 23.006ms
[1164.038s][info][gc,heap        ] GC(2109) DefNew: 629120K(629120K)->23248K(629120K) Eden: 559232K(559232K)->23248K(559232K) From: 69888K(69888K)->0K(69888K)
[1164.039s][info][gc,heap        ] GC(2109) Tenured: 1398143K(1398144K)->1397949K(1398144K)
[1164.039s][info][gc,metaspace   ] GC(2109) Metaspace: 121316K(125888K)->121316K(125888K) NonClass: 105214K(106432K)->105214K(106432K) Class: 16101K(19456K)->16101K(19456K)
[1164.039s][info][gc             ] GC(2109) Pause Full (Allocation Failure) 1979M->1387M(1979M) 282.533ms
[1164.039s][info][gc,cpu         ] GC(2109) User=0.28s Sys=0.00s Real=0.28s
[1165.826s][info][gc,start       ] GC(2110) Pause Full (Allocation Failure)
[1165.826s][info][gc,phases,start] GC(2110) Phase 1: Mark live objects
[1165.881s][info][gc,phases      ] GC(2110) Phase 1: Mark live objects 54.463ms
[1165.881s][info][gc,phases,start] GC(2110) Phase 2: Compute new object addresses
[1166.051s][info][gc,phases      ] GC(2110) Phase 2: Compute new object addresses 170.265ms
[1166.051s][info][gc,phases,start] GC(2110) Phase 3: Adjust pointers
[1166.083s][info][gc,phases      ] GC(2110) Phase 3: Adjust pointers 31.645ms
[1166.083s][info][gc,phases,start] GC(2110) Phase 4: Move objects
[1166.159s][info][gc,phases      ] GC(2110) Phase 4: Move objects 75.782ms
[1166.160s][info][gc,heap        ] GC(2110) DefNew: 629120K(629120K)->0K(629120K) Eden: 559232K(559232K)->0K(559232K) From: 69888K(69888K)->0K(69888K)
[1166.160s][info][gc,heap        ] GC(2110) Tenured: 1398143K(1398144K)->1361711K(1398144K)
[1166.160s][info][gc,metaspace   ] GC(2110) Metaspace: 121316K(125888K)->121316K(125888K) NonClass: 105214K(106432K)->105214K(106432K) Class: 16101K(19456K)->16101K(19456K)
[1166.160s][info][gc             ] GC(2110) Pause Full (Allocation Failure) 1979M->1329M(1979M) 333.519ms
[1166.160s][info][gc,cpu         ] GC(2110) User=0.33s Sys=0.00s Real=0.33s
[1166.202s][info][gc,start       ] GC(2111) Pause Young (Allocation Failure)
[1166.202s][info][gc             ] GC(2111) Pause Young (Allocation Failure) 1875M->1875M(1979M) 0.147ms
[1166.202s][info][gc,cpu         ] GC(2111) User=0.00s Sys=0.00s Real=0.00s
[1166.202s][info][gc,start       ] GC(2112) Pause Full (Allocation Failure)
[1166.202s][info][gc,phases,start] GC(2112) Phase 1: Mark live objects
[1166.260s][info][gc,phases      ] GC(2112) Phase 1: Mark live objects 57.255ms
[1166.260s][info][gc,phases,start] GC(2112) Phase 2: Compute new object addresses
[1166.403s][info][gc,phases      ] GC(2112) Phase 2: Compute new object addresses 143.218ms
[1166.403s][info][gc,phases,start] GC(2112) Phase 3: Adjust pointers
[1166.435s][info][gc,phases      ] GC(2112) Phase 3: Adjust pointers 31.652ms
[1166.435s][info][gc,phases,start] GC(2112) Phase 4: Move objects
[1166.443s][info][gc,phases      ] GC(2112) Phase 4: Move objects 8.878ms
[1166.444s][info][gc,heap        ] GC(2112) DefNew: 559232K(629120K)->4209K(629120K) Eden: 559232K(559232K)->4209K(559232K) From: 0K(69888K)->0K(69888K)
[1166.444s][info][gc,heap        ] GC(2112) Tenured: 1361711K(1398144K)->1396747K(1398144K)
[1166.444s][info][gc,metaspace   ] GC(2112) Metaspace: 121316K(125888K)->121316K(125888K) NonClass: 105214K(106432K)->105214K(106432K) Class: 16101K(19456K)->16101K(19456K)
[1166.444s][info][gc             ] GC(2112) Pause Full (Allocation Failure) 1875M->1368M(1979M) 242.082ms
[1166.444s][info][gc,cpu         ] GC(2112) User=0.25s Sys=0.00s Real=0.25s
[1168.575s][info][gc,start       ] GC(2113) Pause Full (Allocation Failure)
[1168.575s][info][gc,phases,start] GC(2113) Phase 1: Mark live objects
[1168.639s][info][gc,phases      ] GC(2113) Phase 1: Mark live objects 64.087ms
[1168.640s][info][gc,phases,start] GC(2113) Phase 2: Compute new object addresses
[1168.822s][info][gc,phases      ] GC(2113) Phase 2: Compute new object addresses 181.982ms
[1168.822s][info][gc,phases,start] GC(2113) Phase 3: Adjust pointers
[1168.855s][info][gc,phases      ] GC(2113) Phase 3: Adjust pointers 33.263ms
[1168.855s][info][gc,phases,start] GC(2113) Phase 4: Move objects
[1168.867s][info][gc,phases      ] GC(2113) Phase 4: Move objects 11.706ms
[1168.867s][info][gc,heap        ] GC(2113) DefNew: 628510K(629120K)->50728K(629120K) Eden: 559232K(559232K)->50728K(559232K) From: 69278K(69888K)->0K(69888K)
[1168.867s][info][gc,heap        ] GC(2113) Tenured: 1396747K(1398144K)->1396748K(1398144K)
[1168.867s][info][gc,metaspace   ] GC(2113) Metaspace: 121316K(125888K)->121316K(125888K) NonClass: 105214K(106432K)->105214K(106432K) Class: 16101K(19456K)->16101K(19456K)
[1168.867s][info][gc             ] GC(2113) Pause Full (Allocation Failure) 1977M->1413M(1979M) 292.285ms
[1168.868s][info][gc,cpu         ] GC(2113) User=0.30s Sys=0.00s Real=0.30s
[1170.841s][info][gc,start       ] GC(2114) Pause Full (Allocation Failure)
[1170.841s][info][gc,phases,start] GC(2114) Phase 1: Mark live objects
[1170.896s][info][gc,phases      ] GC(2114) Phase 1: Mark live objects 54.690ms
[1170.896s][info][gc,phases,start] GC(2114) Phase 2: Compute new object addresses
[1171.046s][info][gc,phases      ] GC(2114) Phase 2: Compute new object addresses 150.148ms
[1171.046s][info][gc,phases,start] GC(2114) Phase 3: Adjust pointers
[1171.091s][info][gc,phases      ] GC(2114) Phase 3: Adjust pointers 44.390ms
[1171.091s][info][gc,phases,start] GC(2114) Phase 4: Move objects
[1171.104s][info][gc,phases      ] GC(2114) Phase 4: Move objects 13.241ms
[1171.105s][info][gc,heap        ] GC(2114) DefNew: 629120K(629120K)->64983K(629120K) Eden: 559232K(559232K)->64983K(559232K) From: 69888K(69888K)->0K(69888K)
[1171.105s][info][gc,heap        ] GC(2114) Tenured: 1398143K(1398144K)->1398143K(1398144K)
[1171.105s][info][gc,metaspace   ] GC(2114) Metaspace: 121316K(125888K)->121316K(125888K) NonClass: 105214K(106432K)->105214K(106432K) Class: 16101K(19456K)->16101K(19456K)
[1171.105s][info][gc             ] GC(2114) Pause Full (Allocation Failure) 1979M->1428M(1979M) 263.619ms
[1171.105s][info][gc,cpu         ] GC(2114) User=0.25s Sys=0.00s Real=0.26s
[1172.986s][info][gc,start       ] GC(2115) Pause Full (Allocation Failure)
[1172.986s][info][gc,phases,start] GC(2115) Phase 1: Mark live objects
[1173.052s][info][gc,phases      ] GC(2115) Phase 1: Mark live objects 66.019ms
[1173.052s][info][gc,phases,start] GC(2115) Phase 2: Compute new object addresses
[1173.209s][info][gc,phases      ] GC(2115) Phase 2: Compute new object addresses 156.414ms
[1173.209s][info][gc,phases,start] GC(2115) Phase 3: Adjust pointers
[1173.241s][info][gc,phases      ] GC(2115) Phase 3: Adjust pointers 31.872ms
[1173.241s][info][gc,phases,start] GC(2115) Phase 4: Move objects
[1173.332s][info][gc,phases      ] GC(2115) Phase 4: Move objects 91.465ms
[1173.333s][info][gc,heap        ] GC(2115) DefNew: 629119K(629120K)->10223K(629120K) Eden: 559232K(559232K)->10223K(559232K) From: 69887K(69888K)->0K(69888K)
[1173.333s][info][gc,heap        ] GC(2115) Tenured: 1398143K(1398144K)->1395243K(1398144K)
[1173.333s][info][gc,metaspace   ] GC(2115) Metaspace: 121316K(125888K)->121316K(125888K) NonClass: 105214K(106432K)->105214K(106432K) Class: 16101K(19456K)->16101K(19456K)
[1173.333s][info][gc             ] GC(2115) Pause Full (Allocation Failure) 1979M->1372M(1979M) 347.100ms
[1173.333s][info][gc,cpu         ] GC(2115) User=0.34s Sys=0.00s Real=0.34s
[1175.424s][info][gc,start       ] GC(2116) Pause Full (Allocation Failure)
[1175.424s][info][gc,phases,start] GC(2116) Phase 1: Mark live objects
[1175.478s][info][gc,phases      ] GC(2116) Phase 1: Mark live objects 54.012ms
[1175.478s][info][gc,phases,start] GC(2116) Phase 2: Compute new object addresses
[1175.640s][info][gc,phases      ] GC(2116) Phase 2: Compute new object addresses 161.915ms
[1175.640s][info][gc,phases,start] GC(2116) Phase 3: Adjust pointers
[1175.681s][info][gc,phases      ] GC(2116) Phase 3: Adjust pointers 41.372ms
[1175.682s][info][gc,phases,start] GC(2116) Phase 4: Move objects
[1175.686s][info][gc,phases      ] GC(2116) Phase 4: Move objects 4.832ms
[1175.687s][info][gc,heap        ] GC(2116) DefNew: 629120K(629120K)->22884K(629120K) Eden: 559232K(559232K)->22884K(559232K) From: 69888K(69888K)->0K(69888K)
[1175.687s][info][gc,heap        ] GC(2116) Tenured: 1398144K(1398144K)->1398144K(1398144K)
[1175.687s][info][gc,metaspace   ] GC(2116) Metaspace: 121316K(125888K)->121316K(125888K) NonClass: 105214K(106432K)->105214K(106432K) Class: 16101K(19456K)->16101K(19456K)
[1175.687s][info][gc             ] GC(2116) Pause Full (Allocation Failure) 1979M->1387M(1979M) 263.462ms
[1175.687s][info][gc,cpu         ] GC(2116) User=0.27s Sys=0.00s Real=0.27s
[1177.810s][info][gc,start       ] GC(2117) Pause Full (Allocation Failure)
[1177.810s][info][gc,phases,start] GC(2117) Phase 1: Mark live objects
[1177.875s][info][gc,phases      ] GC(2117) Phase 1: Mark live objects 64.819ms
[1177.875s][info][gc,phases,start] GC(2117) Phase 2: Compute new object addresses
[1178.048s][info][gc,phases      ] GC(2117) Phase 2: Compute new object addresses 172.298ms
[1178.048s][info][gc,phases,start] GC(2117) Phase 3: Adjust pointers
[1178.080s][info][gc,phases      ] GC(2117) Phase 3: Adjust pointers 32.033ms
[1178.080s][info][gc,phases,start] GC(2117) Phase 4: Move objects
[1178.083s][info][gc,phases      ] GC(2117) Phase 4: Move objects 3.034ms
[1178.084s][info][gc,heap        ] GC(2117) DefNew: 629120K(629120K)->22961K(629120K) Eden: 559232K(559232K)->22961K(559232K) From: 69888K(69888K)->0K(69888K)
[1178.084s][info][gc,heap        ] GC(2117) Tenured: 1398144K(1398144K)->1398144K(1398144K)
[1178.084s][info][gc,metaspace   ] GC(2117) Metaspace: 121316K(125888K)->121316K(125888K) NonClass: 105214K(106432K)->105214K(106432K) Class: 16101K(19456K)->16101K(19456K)
[1178.084s][info][gc             ] GC(2117) Pause Full (Allocation Failure) 1979M->1387M(1979M) 273.288ms
[1178.084s][info][gc,cpu         ] GC(2117) User=0.28s Sys=0.00s Real=0.28s
[1180.239s][info][gc,start       ] GC(2118) Pause Full (Allocation Failure)
[1180.239s][info][gc,phases,start] GC(2118) Phase 1: Mark live objects
[1180.294s][info][gc,phases      ] GC(2118) Phase 1: Mark live objects 54.697ms
[1180.294s][info][gc,phases,start] GC(2118) Phase 2: Compute new object addresses
[1180.462s][info][gc,phases      ] GC(2118) Phase 2: Compute new object addresses 167.617ms
[1180.462s][info][gc,phases,start] GC(2118) Phase 3: Adjust pointers
[1180.494s][info][gc,phases      ] GC(2118) Phase 3: Adjust pointers 31.933ms
[1180.494s][info][gc,phases,start] GC(2118) Phase 4: Move objects
[1180.496s][info][gc,phases      ] GC(2118) Phase 4: Move objects 2.456ms
[1180.497s][info][gc,heap        ] GC(2118) DefNew: 629119K(629120K)->22970K(629120K) Eden: 559232K(559232K)->22970K(559232K) From: 69887K(69888K)->0K(69888K)
[1180.497s][info][gc,heap        ] GC(2118) Tenured: 1398144K(1398144K)->1398144K(1398144K)
[1180.497s][info][gc,metaspace   ] GC(2118) Metaspace: 121316K(125888K)->121316K(125888K) NonClass: 105214K(106432K)->105214K(106432K) Class: 16101K(19456K)->16101K(19456K)
[1180.497s][info][gc             ] GC(2118) Pause Full (Allocation Failure) 1979M->1387M(1979M) 257.830ms
[1180.497s][info][gc,cpu         ] GC(2118) User=0.27s Sys=0.00s Real=0.27s
[1182.821s][info][gc,start       ] GC(2119) Pause Full (Allocation Failure)
[1182.821s][info][gc,phases,start] GC(2119) Phase 1: Mark live objects
[1182.876s][info][gc,phases      ] GC(2119) Phase 1: Mark live objects 54.822ms
[1182.876s][info][gc,phases,start] GC(2119) Phase 2: Compute new object addresses
[1183.045s][info][gc,phases      ] GC(2119) Phase 2: Compute new object addresses 168.726ms
[1183.045s][info][gc,phases,start] GC(2119) Phase 3: Adjust pointers
[1183.076s][info][gc,phases      ] GC(2119) Phase 3: Adjust pointers 31.650ms
[1183.076s][info][gc,phases,start] GC(2119) Phase 4: Move objects
[1183.147s][info][gc,phases      ] GC(2119) Phase 4: Move objects 70.767ms
[1183.148s][info][gc,heap        ] GC(2119) DefNew: 629120K(629120K)->3864K(629120K) Eden: 559232K(559232K)->3864K(559232K) From: 69888K(69888K)->0K(69888K)
[1183.148s][info][gc,heap        ] GC(2119) Tenured: 1398144K(1398144K)->1394480K(1398144K)
[1183.148s][info][gc,metaspace   ] GC(2119) Metaspace: 121316K(125888K)->121316K(125888K) NonClass: 105214K(106432K)->105214K(106432K) Class: 16101K(19456K)->16101K(19456K)
[1183.148s][info][gc             ] GC(2119) Pause Full (Allocation Failure) 1979M->1365M(1979M) 327.166ms
[1183.148s][info][gc,cpu         ] GC(2119) User=0.31s Sys=0.00s Real=0.32s
[1185.752s][info][gc,start       ] GC(2120) Pause Full (Allocation Failure)
[1185.752s][info][gc,phases,start] GC(2120) Phase 1: Mark live objects
[1185.806s][info][gc,phases      ] GC(2120) Phase 1: Mark live objects 53.718ms
[1185.806s][info][gc,phases,start] GC(2120) Phase 2: Compute new object addresses
[1185.982s][info][gc,phases      ] GC(2120) Phase 2: Compute new object addresses 176.089ms
[1185.982s][info][gc,phases,start] GC(2120) Phase 3: Adjust pointers
[1186.013s][info][gc,phases      ] GC(2120) Phase 3: Adjust pointers 31.686ms
[1186.013s][info][gc,phases,start] GC(2120) Phase 4: Move objects
[1186.013s][info][gc,phases      ] GC(2120) Phase 4: Move objects 0.016ms
[1186.014s][info][gc,heap        ] GC(2120) DefNew: 629119K(629120K)->3815K(629120K) Eden: 559232K(559232K)->3815K(559232K) From: 69887K(69888K)->0K(69888K)
[1186.014s][info][gc,heap        ] GC(2120) Tenured: 1398143K(1398144K)->1398143K(1398144K)
[1186.014s][info][gc,metaspace   ] GC(2120) Metaspace: 121316K(125888K)->121316K(125888K) NonClass: 105214K(106432K)->105214K(106432K) Class: 16101K(19456K)->16101K(19456K)
[1186.014s][info][gc             ] GC(2120) Pause Full (Allocation Failure) 1979M->1369M(1979M) 262.614ms
[1186.014s][info][gc,cpu         ] GC(2120) User=0.25s Sys=0.00s Real=0.26s
[1188.128s][info][gc,start       ] GC(2121) Pause Full (Allocation Failure)
[1188.128s][info][gc,phases,start] GC(2121) Phase 1: Mark live objects
[1188.182s][info][gc,phases      ] GC(2121) Phase 1: Mark live objects 53.995ms
[1188.182s][info][gc,phases,start] GC(2121) Phase 2: Compute new object addresses
[1188.368s][info][gc,phases      ] GC(2121) Phase 2: Compute new object addresses 186.635ms
[1188.368s][info][gc,phases,start] GC(2121) Phase 3: Adjust pointers
[1188.401s][info][gc,phases      ] GC(2121) Phase 3: Adjust pointers 32.052ms
[1188.401s][info][gc,phases,start] GC(2121) Phase 4: Move objects
[1188.401s][info][gc,phases      ] GC(2121) Phase 4: Move objects 0.119ms
[1188.401s][info][gc,heap        ] GC(2121) DefNew: 629120K(629120K)->3969K(629120K) Eden: 559232K(559232K)->3969K(559232K) From: 69888K(69888K)->0K(69888K)
[1188.401s][info][gc,heap        ] GC(2121) Tenured: 1398143K(1398144K)->1398143K(1398144K)
[1188.401s][info][gc,metaspace   ] GC(2121) Metaspace: 121342K(125888K)->121342K(125888K) NonClass: 105236K(106432K)->105236K(106432K) Class: 16105K(19456K)->16105K(19456K)
[1188.402s][info][gc             ] GC(2121) Pause Full (Allocation Failure) 1979M->1369M(1979M) 273.927ms
[1188.402s][info][gc,cpu         ] GC(2121) User=0.28s Sys=0.00s Real=0.27s
[1190.441s][info][gc,start       ] GC(2122) Pause Full (Allocation Failure)
[1190.442s][info][gc,phases,start] GC(2122) Phase 1: Mark live objects
[1190.507s][info][gc,phases      ] GC(2122) Phase 1: Mark live objects 65.034ms
[1190.507s][info][gc,phases,start] GC(2122) Phase 2: Compute new object addresses
[1190.681s][info][gc,phases      ] GC(2122) Phase 2: Compute new object addresses 174.456ms
[1190.681s][info][gc,phases,start] GC(2122) Phase 3: Adjust pointers
[1190.713s][info][gc,phases      ] GC(2122) Phase 3: Adjust pointers 31.634ms
[1190.713s][info][gc,phases,start] GC(2122) Phase 4: Move objects
[1190.731s][info][gc,phases      ] GC(2122) Phase 4: Move objects 18.168ms
[1190.732s][info][gc,heap        ] GC(2122) DefNew: 629120K(629120K)->0K(629120K) Eden: 559232K(559232K)->0K(559232K) From: 69888K(69888K)->0K(69888K)
[1190.732s][info][gc,heap        ] GC(2122) Tenured: 1398143K(1398144K)->1378828K(1398144K)
[1190.732s][info][gc,metaspace   ] GC(2122) Metaspace: 121342K(125888K)->121342K(125888K) NonClass: 105236K(106432K)->105236K(106432K) Class: 16105K(19456K)->16105K(19456K)
[1190.732s][info][gc             ] GC(2122) Pause Full (Allocation Failure) 1979M->1346M(1979M) 290.518ms
[1190.732s][info][gc,cpu         ] GC(2122) User=0.28s Sys=0.00s Real=0.28s
[1190.790s][info][gc,start       ] GC(2123) Pause Young (Allocation Failure)
[1190.791s][info][gc             ] GC(2123) Pause Young (Allocation Failure) 1892M->1892M(1979M) 0.111ms
[1190.791s][info][gc,cpu         ] GC(2123) User=0.00s Sys=0.00s Real=0.00s
[1190.791s][info][gc,start       ] GC(2124) Pause Full (Allocation Failure)
[1190.791s][info][gc,phases,start] GC(2124) Phase 1: Mark live objects
[1190.845s][info][gc,phases      ] GC(2124) Phase 1: Mark live objects 54.794ms
[1190.845s][info][gc,phases,start] GC(2124) Phase 2: Compute new object addresses
[1190.999s][info][gc,phases      ] GC(2124) Phase 2: Compute new object addresses 153.809ms
[1190.999s][info][gc,phases,start] GC(2124) Phase 3: Adjust pointers
[1191.031s][info][gc,phases      ] GC(2124) Phase 3: Adjust pointers 31.764ms
[1191.031s][info][gc,phases,start] GC(2124) Phase 4: Move objects
[1191.061s][info][gc,phases      ] GC(2124) Phase 4: Move objects 30.019ms
[1191.062s][info][gc,heap        ] GC(2124) DefNew: 559232K(629120K)->0K(629120K) Eden: 559232K(559232K)->0K(559232K) From: 0K(69888K)->0K(69888K)
[1191.062s][info][gc,heap        ] GC(2124) Tenured: 1378828K(1398144K)->1100868K(1398144K)
[1191.062s][info][gc,metaspace   ] GC(2124) Metaspace: 121342K(125888K)->121342K(125888K) NonClass: 105237K(106432K)->105237K(106432K) Class: 16105K(19456K)->16105K(19456K)
[1191.062s][info][gc             ] GC(2124) Pause Full (Allocation Failure) 1892M->1075M(1979M) 271.458ms
[1191.062s][info][gc,cpu         ] GC(2124) User=0.27s Sys=0.00s Real=0.27s
[1191.835s][info][gc,start       ] GC(2125) Pause Full (System.gc())
[1191.835s][info][gc,phases,start] GC(2125) Phase 1: Mark live objects
[1191.901s][info][gc,phases      ] GC(2125) Phase 1: Mark live objects 65.771ms
[1191.901s][info][gc,phases,start] GC(2125) Phase 2: Compute new object addresses
[1191.962s][info][gc,phases      ] GC(2125) Phase 2: Compute new object addresses 61.723ms
[1191.963s][info][gc,phases,start] GC(2125) Phase 3: Adjust pointers
[1191.995s][info][gc,phases      ] GC(2125) Phase 3: Adjust pointers 32.868ms
[1191.995s][info][gc,phases,start] GC(2125) Phase 4: Move objects
[1191.996s][info][gc,phases      ] GC(2125) Phase 4: Move objects 1.015ms
[1191.997s][info][gc,heap        ] GC(2125) DefNew: 165081K(629120K)->0K(629120K) Eden: 165081K(559232K)->0K(559232K) From: 0K(69888K)->0K(69888K)
[1191.997s][info][gc,heap        ] GC(2125) Tenured: 1100868K(1398144K)->1031025K(1398144K)
[1191.997s][info][gc,metaspace   ] GC(2125) Metaspace: 121879K(125888K)->121879K(125888K) NonClass: 105690K(106432K)->105690K(106432K) Class: 16188K(19456K)->16188K(19456K)
[1191.997s][info][gc             ] GC(2125) Pause Full (System.gc()) 1236M->1006M(1979M) 162.578ms
[1191.997s][info][gc,cpu         ] GC(2125) User=0.16s Sys=0.00s Real=0.16s
[1192.120s][info][gc,start       ] GC(2126) Pause Young (Allocation Failure)
[1192.135s][info][gc,heap        ] GC(2126) DefNew: 559232K(629120K)->13434K(629120K) Eden: 559232K(559232K)->0K(559232K) From: 0K(69888K)->13434K(69888K)
[1192.135s][info][gc,heap        ] GC(2126) Tenured: 1031025K(1398144K)->1031025K(1398144K)
[1192.135s][info][gc,metaspace   ] GC(2126) Metaspace: 122035K(125888K)->122035K(125888K) NonClass: 105828K(106432K)->105828K(106432K) Class: 16207K(19456K)->16207K(19456K)
[1192.135s][info][gc             ] GC(2126) Pause Young (Allocation Failure) 1552M->1019M(1979M) 15.444ms
[1192.135s][info][gc,cpu         ] GC(2126) User=0.02s Sys=0.00s Real=0.02s
[1192.172s][info][gc,start       ] GC(2127) Pause Young (Allocation Failure)
[1192.184s][info][gc,heap        ] GC(2127) DefNew: 572666K(629120K)->20012K(629120K) Eden: 559232K(559232K)->0K(559232K) From: 13434K(69888K)->20012K(69888K)
[1192.184s][info][gc,heap        ] GC(2127) Tenured: 1031025K(1398144K)->1031025K(1398144K)
[1192.184s][info][gc,metaspace   ] GC(2127) Metaspace: 122035K(125888K)->122035K(125888K) NonClass: 105828K(106432K)->105828K(106432K) Class: 16207K(19456K)->16207K(19456K)
[1192.184s][info][gc             ] GC(2127) Pause Young (Allocation Failure) 1566M->1026M(1979M) 11.784ms
[1192.184s][info][gc,cpu         ] GC(2127) User=0.00s Sys=0.00s Real=0.00s
[1192.222s][info][gc,start       ] GC(2128) Pause Young (Allocation Failure)
[1192.235s][info][gc,heap        ] GC(2128) DefNew: 579244K(629120K)->26456K(629120K) Eden: 559232K(559232K)->0K(559232K) From: 20012K(69888K)->26456K(69888K)
[1192.235s][info][gc,heap        ] GC(2128) Tenured: 1031025K(1398144K)->1031025K(1398144K)
[1192.235s][info][gc,metaspace   ] GC(2128) Metaspace: 122035K(125888K)->122035K(125888K) NonClass: 105828K(106432K)->105828K(106432K) Class: 16207K(19456K)->16207K(19456K)
[1192.235s][info][gc             ] GC(2128) Pause Young (Allocation Failure) 1572M->1032M(1979M) 13.226ms
[1192.235s][info][gc,cpu         ] GC(2128) User=0.02s Sys=0.00s Real=0.02s
[1192.273s][info][gc,start       ] GC(2129) Pause Young (Allocation Failure)
[1192.288s][info][gc,heap        ] GC(2129) DefNew: 585688K(629120K)->34323K(629120K) Eden: 559232K(559232K)->0K(559232K) From: 26456K(69888K)->34323K(69888K)
[1192.288s][info][gc,heap        ] GC(2129) Tenured: 1031025K(1398144K)->1031025K(1398144K)
[1192.288s][info][gc,metaspace   ] GC(2129) Metaspace: 122035K(125888K)->122035K(125888K) NonClass: 105828K(106432K)->105828K(106432K) Class: 16207K(19456K)->16207K(19456K)
[1192.288s][info][gc             ] GC(2129) Pause Young (Allocation Failure) 1578M->1040M(1979M) 14.925ms
[1192.288s][info][gc,cpu         ] GC(2129) User=0.02s Sys=0.00s Real=0.01s
[1192.325s][info][gc,start       ] GC(2130) Pause Young (Allocation Failure)
[1192.340s][info][gc,heap        ] GC(2130) DefNew: 593555K(629120K)->33517K(629120K) Eden: 559232K(559232K)->0K(559232K) From: 34323K(69888K)->33517K(69888K)
[1192.340s][info][gc,heap        ] GC(2130) Tenured: 1031025K(1398144K)->1031025K(1398144K)
[1192.340s][info][gc,metaspace   ] GC(2130) Metaspace: 122035K(125888K)->122035K(125888K) NonClass: 105828K(106432K)->105828K(106432K) Class: 16207K(19456K)->16207K(19456K)
[1192.340s][info][gc             ] GC(2130) Pause Young (Allocation Failure) 1586M->1039M(1979M) 14.478ms
[1192.340s][info][gc,cpu         ] GC(2130) User=0.02s Sys=0.00s Real=0.02s
[1192.378s][info][gc,start       ] GC(2131) Pause Young (Allocation Failure)
[1192.399s][info][gc,heap        ] GC(2131) DefNew: 592749K(629120K)->58429K(629120K) Eden: 559232K(559232K)->0K(559232K) From: 33517K(69888K)->58429K(69888K)
[1192.399s][info][gc,heap        ] GC(2131) Tenured: 1031025K(1398144K)->1031025K(1398144K)
[1192.399s][info][gc,metaspace   ] GC(2131) Metaspace: 122035K(125888K)->122035K(125888K) NonClass: 105828K(106432K)->105828K(106432K) Class: 16207K(19456K)->16207K(19456K)
[1192.399s][info][gc             ] GC(2131) Pause Young (Allocation Failure) 1585M->1063M(1979M) 20.883ms
[1192.399s][info][gc,cpu         ] GC(2131) User=0.02s Sys=0.00s Real=0.02s
[1192.437s][info][gc,start       ] GC(2132) Pause Young (Allocation Failure)
[1192.458s][info][gc,heap        ] GC(2132) DefNew: 617661K(629120K)->9669K(629120K) Eden: 559232K(559232K)->0K(559232K) From: 58429K(69888K)->9669K(69888K)
[1192.458s][info][gc,heap        ] GC(2132) Tenured: 1031025K(1398144K)->1078306K(1398144K)
[1192.458s][info][gc,metaspace   ] GC(2132) Metaspace: 122035K(125888K)->122035K(125888K) NonClass: 105828K(106432K)->105828K(106432K) Class: 16207K(19456K)->16207K(19456K)
[1192.458s][info][gc             ] GC(2132) Pause Young (Allocation Failure) 1610M->1062M(1979M) 21.006ms
[1192.458s][info][gc,cpu         ] GC(2132) User=0.02s Sys=0.00s Real=0.01s
[1192.496s][info][gc,start       ] GC(2133) Pause Young (Allocation Failure)
[1192.501s][info][gc,heap        ] GC(2133) DefNew: 568901K(629120K)->9672K(629120K) Eden: 559232K(559232K)->0K(559232K) From: 9669K(69888K)->9672K(69888K)
[1192.501s][info][gc,heap        ] GC(2133) Tenured: 1078306K(1398144K)->1078306K(1398144K)
[1192.501s][info][gc,metaspace   ] GC(2133) Metaspace: 122035K(125888K)->122035K(125888K) NonClass: 105828K(106432K)->105828K(106432K) Class: 16207K(19456K)->16207K(19456K)
[1192.501s][info][gc             ] GC(2133) Pause Young (Allocation Failure) 1608M->1062M(1979M) 5.131ms
[1192.501s][info][gc,cpu         ] GC(2133) User=0.00s Sys=0.00s Real=0.00s
[1192.539s][info][gc,start       ] GC(2134) Pause Young (Allocation Failure)
[1192.544s][info][gc,heap        ] GC(2134) DefNew: 568904K(629120K)->9664K(629120K) Eden: 559232K(559232K)->0K(559232K) From: 9672K(69888K)->9664K(69888K)
[1192.544s][info][gc,heap        ] GC(2134) Tenured: 1078306K(1398144K)->1078306K(1398144K)
[1192.544s][info][gc,metaspace   ] GC(2134) Metaspace: 122035K(125888K)->122035K(125888K) NonClass: 105828K(106432K)->105828K(106432K) Class: 16207K(19456K)->16207K(19456K)
[1192.544s][info][gc             ] GC(2134) Pause Young (Allocation Failure) 1608M->1062M(1979M) 5.188ms
[1192.544s][info][gc,cpu         ] GC(2134) User=0.00s Sys=0.02s Real=0.02s
[1192.598s][info][gc,start       ] GC(2135) Pause Young (Allocation Failure)
[1192.607s][info][gc,heap        ] GC(2135) DefNew: 568896K(629120K)->22146K(629120K) Eden: 559232K(559232K)->0K(559232K) From: 9664K(69888K)->22146K(69888K)
[1192.607s][info][gc,heap        ] GC(2135) Tenured: 1078306K(1398144K)->1078306K(1398144K)
[1192.607s][info][gc,metaspace   ] GC(2135) Metaspace: 122035K(125888K)->122035K(125888K) NonClass: 105828K(106432K)->105828K(106432K) Class: 16207K(19456K)->16207K(19456K)
[1192.607s][info][gc             ] GC(2135) Pause Young (Allocation Failure) 1608M->1074M(1979M) 9.413ms
[1192.608s][info][gc,cpu         ] GC(2135) User=0.00s Sys=0.00s Real=0.00s
[1192.661s][info][gc,start       ] GC(2136) Pause Young (Allocation Failure)
[1192.684s][info][gc,heap        ] GC(2136) DefNew: 581378K(629120K)->65840K(629120K) Eden: 559232K(559232K)->0K(559232K) From: 22146K(69888K)->65840K(69888K)
[1192.684s][info][gc,heap        ] GC(2136) Tenured: 1078306K(1398144K)->1097057K(1398144K)
[1192.684s][info][gc,metaspace   ] GC(2136) Metaspace: 122035K(125888K)->122035K(125888K) NonClass: 105828K(106432K)->105828K(106432K) Class: 16207K(19456K)->16207K(19456K)
[1192.684s][info][gc             ] GC(2136) Pause Young (Allocation Failure) 1620M->1135M(1979M) 23.525ms
[1192.684s][info][gc,cpu         ] GC(2136) User=0.02s Sys=0.00s Real=0.01s
[1192.724s][info][gc,start       ] GC(2137) Pause Young (Allocation Failure)
[1192.743s][info][gc,heap        ] GC(2137) DefNew: 625072K(629120K)->19054K(629120K) Eden: 559232K(559232K)->0K(559232K) From: 65840K(69888K)->19054K(69888K)
[1192.743s][info][gc,heap        ] GC(2137) Tenured: 1097057K(1398144K)->1153318K(1398144K)
[1192.743s][info][gc,metaspace   ] GC(2137) Metaspace: 122035K(125888K)->122035K(125888K) NonClass: 105828K(106432K)->105828K(106432K) Class: 16207K(19456K)->16207K(19456K)
[1192.743s][info][gc             ] GC(2137) Pause Young (Allocation Failure) 1681M->1144M(1979M) 19.651ms
[1192.743s][info][gc,cpu         ] GC(2137) User=0.02s Sys=0.00s Real=0.02s
[1192.782s][info][gc,start       ] GC(2138) Pause Young (Allocation Failure)
[1192.796s][info][gc,heap        ] GC(2138) DefNew: 578286K(629120K)->27257K(629120K) Eden: 559232K(559232K)->0K(559232K) From: 19054K(69888K)->27257K(69888K)
[1192.796s][info][gc,heap        ] GC(2138) Tenured: 1153318K(1398144K)->1153318K(1398144K)
[1192.796s][info][gc,metaspace   ] GC(2138) Metaspace: 122035K(125888K)->122035K(125888K) NonClass: 105828K(106432K)->105828K(106432K) Class: 16207K(19456K)->16207K(19456K)
[1192.796s][info][gc             ] GC(2138) Pause Young (Allocation Failure) 1691M->1152M(1979M) 14.789ms
[1192.796s][info][gc,cpu         ] GC(2138) User=0.02s Sys=0.00s Real=0.02s
[1192.841s][info][gc,start       ] GC(2139) Pause Young (Allocation Failure)
[1192.861s][info][gc,heap        ] GC(2139) DefNew: 586489K(629120K)->68901K(629120K) Eden: 559232K(559232K)->0K(559232K) From: 27257K(69888K)->68901K(69888K)
[1192.861s][info][gc,heap        ] GC(2139) Tenured: 1153318K(1398144K)->1161474K(1398144K)
[1192.861s][info][gc,metaspace   ] GC(2139) Metaspace: 122035K(125888K)->122035K(125888K) NonClass: 105828K(106432K)->105828K(106432K) Class: 16207K(19456K)->16207K(19456K)
[1192.861s][info][gc             ] GC(2139) Pause Young (Allocation Failure) 1699M->1201M(1979M) 20.372ms
[1192.861s][info][gc,cpu         ] GC(2139) User=0.02s Sys=0.00s Real=0.02s
[1192.916s][info][gc,start       ] GC(2140) Pause Young (Allocation Failure)
[1192.948s][info][gc,heap        ] GC(2140) DefNew: 628133K(629120K)->64830K(629120K) Eden: 559232K(559232K)->0K(559232K) From: 68901K(69888K)->64830K(69888K)
[1192.948s][info][gc,heap        ] GC(2140) Tenured: 1161474K(1398144K)->1211055K(1398144K)
[1192.948s][info][gc,metaspace   ] GC(2140) Metaspace: 122035K(125888K)->122035K(125888K) NonClass: 105828K(106432K)->105828K(106432K) Class: 16207K(19456K)->16207K(19456K)
[1192.948s][info][gc             ] GC(2140) Pause Young (Allocation Failure) 1747M->1245M(1979M) 32.154ms
[1192.948s][info][gc,cpu         ] GC(2140) User=0.03s Sys=0.00s Real=0.03s
[1192.987s][info][gc,start       ] GC(2141) Pause Young (Allocation Failure)
[1193.007s][info][gc,heap        ] GC(2141) DefNew: 624062K(629120K)->15003K(629120K) Eden: 559232K(559232K)->0K(559232K) From: 64830K(69888K)->15003K(69888K)
[1193.007s][info][gc,heap        ] GC(2141) Tenured: 1211055K(1398144K)->1272911K(1398144K)
[1193.008s][info][gc,metaspace   ] GC(2141) Metaspace: 122035K(125888K)->122035K(125888K) NonClass: 105828K(106432K)->105828K(106432K) Class: 16207K(19456K)->16207K(19456K)
[1193.008s][info][gc             ] GC(2141) Pause Young (Allocation Failure) 1792M->1257M(1979M) 20.794ms
[1193.008s][info][gc,cpu         ] GC(2141) User=0.02s Sys=0.00s Real=0.02s
[1193.046s][info][gc,start       ] GC(2142) Pause Young (Allocation Failure)
[1193.054s][info][gc,heap        ] GC(2142) DefNew: 574235K(629120K)->22808K(629120K) Eden: 559232K(559232K)->0K(559232K) From: 15003K(69888K)->22808K(69888K)
[1193.054s][info][gc,heap        ] GC(2142) Tenured: 1272911K(1398144K)->1272911K(1398144K)
[1193.054s][info][gc,metaspace   ] GC(2142) Metaspace: 122035K(125888K)->122035K(125888K) NonClass: 105828K(106432K)->105828K(106432K) Class: 16207K(19456K)->16207K(19456K)
[1193.054s][info][gc             ] GC(2142) Pause Young (Allocation Failure) 1803M->1265M(1979M) 8.377ms
[1193.054s][info][gc,cpu         ] GC(2142) User=0.00s Sys=0.00s Real=0.00s
[1193.093s][info][gc,start       ] GC(2143) Pause Young (Allocation Failure)
[1193.102s][info][gc,heap        ] GC(2143) DefNew: 582040K(629120K)->28293K(629120K) Eden: 559232K(559232K)->0K(559232K) From: 22808K(69888K)->28293K(69888K)
[1193.102s][info][gc,heap        ] GC(2143) Tenured: 1272911K(1398144K)->1272911K(1398144K)
[1193.102s][info][gc,metaspace   ] GC(2143) Metaspace: 122035K(125888K)->122035K(125888K) NonClass: 105828K(106432K)->105828K(106432K) Class: 16207K(19456K)->16207K(19456K)
[1193.102s][info][gc             ] GC(2143) Pause Young (Allocation Failure) 1811M->1270M(1979M) 9.422ms
[1193.102s][info][gc,cpu         ] GC(2143) User=0.02s Sys=0.00s Real=0.01s
[1193.140s][info][gc,start       ] GC(2144) Pause Young (Allocation Failure)
[1193.149s][info][gc,heap        ] GC(2144) DefNew: 587525K(629120K)->29898K(629120K) Eden: 559232K(559232K)->0K(559232K) From: 28293K(69888K)->29898K(69888K)
[1193.149s][info][gc,heap        ] GC(2144) Tenured: 1272911K(1398144K)->1272911K(1398144K)
[1193.149s][info][gc,metaspace   ] GC(2144) Metaspace: 122035K(125888K)->122035K(125888K) NonClass: 105828K(106432K)->105828K(106432K) Class: 16207K(19456K)->16207K(19456K)
[1193.149s][info][gc             ] GC(2144) Pause Young (Allocation Failure) 1816M->1272M(1979M) 9.708ms
[1193.150s][info][gc,cpu         ] GC(2144) User=0.02s Sys=0.00s Real=0.02s
[1193.188s][info][gc,start       ] GC(2145) Pause Young (Allocation Failure)
[1193.201s][info][gc,heap        ] GC(2145) DefNew: 589130K(629120K)->54821K(629120K) Eden: 559232K(559232K)->0K(559232K) From: 29898K(69888K)->54821K(69888K)
[1193.201s][info][gc,heap        ] GC(2145) Tenured: 1272911K(1398144K)->1272911K(1398144K)
[1193.201s][info][gc,metaspace   ] GC(2145) Metaspace: 122035K(125888K)->122035K(125888K) NonClass: 105828K(106432K)->105828K(106432K) Class: 16207K(19456K)->16207K(19456K)
[1193.201s][info][gc             ] GC(2145) Pause Young (Allocation Failure) 1818M->1296M(1979M) 13.062ms
[1193.202s][info][gc,cpu         ] GC(2145) User=0.02s Sys=0.00s Real=0.02s
[1193.240s][info][gc,start       ] GC(2146) Pause Young (Allocation Failure)
[1193.255s][info][gc,heap        ] GC(2146) DefNew: 614053K(629120K)->6517K(629120K) Eden: 559232K(559232K)->0K(559232K) From: 54821K(69888K)->6517K(69888K)
[1193.255s][info][gc,heap        ] GC(2146) Tenured: 1272911K(1398144K)->1318109K(1398144K)
[1193.255s][info][gc,metaspace   ] GC(2146) Metaspace: 122035K(125888K)->122035K(125888K) NonClass: 105828K(106432K)->105828K(106432K) Class: 16207K(19456K)->16207K(19456K)
[1193.255s][info][gc             ] GC(2146) Pause Young (Allocation Failure) 1842M->1293M(1979M) 15.413ms
[1193.255s][info][gc,cpu         ] GC(2146) User=0.02s Sys=0.00s Real=0.02s
[1193.293s][info][gc,start       ] GC(2147) Pause Young (Allocation Failure)
[1193.293s][info][gc             ] GC(2147) Pause Young (Allocation Failure) 1839M->1839M(1979M) 0.122ms
[1193.293s][info][gc,cpu         ] GC(2147) User=0.00s Sys=0.00s Real=0.00s
[1193.293s][info][gc,start       ] GC(2148) Pause Full (Allocation Failure)
[1193.293s][info][gc,phases,start] GC(2148) Phase 1: Mark live objects
[1193.354s][info][gc,phases      ] GC(2148) Phase 1: Mark live objects 60.228ms
[1193.354s][info][gc,phases,start] GC(2148) Phase 2: Compute new object addresses
[1193.512s][info][gc,phases      ] GC(2148) Phase 2: Compute new object addresses 158.670ms
[1193.512s][info][gc,phases,start] GC(2148) Phase 3: Adjust pointers
[1193.547s][info][gc,phases      ] GC(2148) Phase 3: Adjust pointers 34.834ms
[1193.547s][info][gc,phases,start] GC(2148) Phase 4: Move objects
[1193.574s][info][gc,phases      ] GC(2148) Phase 4: Move objects 26.638ms
[1193.575s][info][gc,heap        ] GC(2148) DefNew: 565749K(629120K)->0K(629120K) Eden: 559232K(559232K)->0K(559232K) From: 6517K(69888K)->0K(69888K)
[1193.575s][info][gc,heap        ] GC(2148) Tenured: 1318109K(1398144K)->1159111K(1398144K)
[1193.575s][info][gc,metaspace   ] GC(2148) Metaspace: 122035K(125888K)->122035K(125888K) NonClass: 105828K(106432K)->105828K(106432K) Class: 16207K(19456K)->16207K(19456K)
[1193.575s][info][gc             ] GC(2148) Pause Full (Allocation Failure) 1839M->1131M(1979M) 281.922ms
[1193.575s][info][gc,cpu         ] GC(2148) User=0.28s Sys=0.00s Real=0.28s
[1193.614s][info][gc,start       ] GC(2149) Pause Young (Allocation Failure)
[1193.618s][info][gc,heap        ] GC(2149) DefNew: 559232K(629120K)->6572K(629120K) Eden: 559232K(559232K)->0K(559232K) From: 0K(69888K)->6572K(69888K)
[1193.618s][info][gc,heap        ] GC(2149) Tenured: 1159111K(1398144K)->1159111K(1398144K)
[1193.618s][info][gc,metaspace   ] GC(2149) Metaspace: 122035K(125888K)->122035K(125888K) NonClass: 105828K(106432K)->105828K(106432K) Class: 16207K(19456K)->16207K(19456K)
[1193.618s][info][gc             ] GC(2149) Pause Young (Allocation Failure) 1678M->1138M(1979M) 4.580ms
[1193.618s][info][gc,cpu         ] GC(2149) User=0.00s Sys=0.00s Real=0.00s
[1193.656s][info][gc,start       ] GC(2150) Pause Young (Allocation Failure)
[1193.661s][info][gc,heap        ] GC(2150) DefNew: 565804K(629120K)->6523K(629120K) Eden: 559232K(559232K)->0K(559232K) From: 6572K(69888K)->6523K(69888K)
[1193.661s][info][gc,heap        ] GC(2150) Tenured: 1159111K(1398144K)->1159111K(1398144K)
[1193.661s][info][gc,metaspace   ] GC(2150) Metaspace: 122035K(125888K)->122035K(125888K) NonClass: 105828K(106432K)->105828K(106432K) Class: 16207K(19456K)->16207K(19456K)
[1193.661s][info][gc             ] GC(2150) Pause Young (Allocation Failure) 1684M->1138M(1979M) 4.495ms
[1193.661s][info][gc,cpu         ] GC(2150) User=0.00s Sys=0.00s Real=0.00s
[1193.713s][info][gc,start       ] GC(2151) Pause Young (Allocation Failure)
[1193.733s][info][gc,heap        ] GC(2151) DefNew: 565755K(629120K)->69033K(629120K) Eden: 559232K(559232K)->0K(559232K) From: 6523K(69888K)->69033K(69888K)
[1193.733s][info][gc,heap        ] GC(2151) Tenured: 1159111K(1398144K)->1165361K(1398144K)
[1193.733s][info][gc,metaspace   ] GC(2151) Metaspace: 122035K(125888K)->122035K(125888K) NonClass: 105828K(106432K)->105828K(106432K) Class: 16207K(19456K)->16207K(19456K)
[1193.733s][info][gc             ] GC(2151) Pause Young (Allocation Failure) 1684M->1205M(1979M) 20.850ms
[1193.733s][info][gc,cpu         ] GC(2151) User=0.02s Sys=0.00s Real=0.02s
[1193.772s][info][gc,start       ] GC(2152) Pause Young (Allocation Failure)
[1193.796s][info][gc,heap        ] GC(2152) DefNew: 628265K(629120K)->27688K(629120K) Eden: 559232K(559232K)->0K(559232K) From: 69033K(69888K)->27688K(69888K)
[1193.797s][info][gc,heap        ] GC(2152) Tenured: 1165361K(1398144K)->1234194K(1398144K)
[1193.797s][info][gc,metaspace   ] GC(2152) Metaspace: 122035K(125888K)->122035K(125888K) NonClass: 105828K(106432K)->105828K(106432K) Class: 16207K(19456K)->16207K(19456K)
[1193.797s][info][gc             ] GC(2152) Pause Young (Allocation Failure) 1751M->1232M(1979M) 24.550ms
[1193.797s][info][gc,cpu         ] GC(2152) User=0.02s Sys=0.00s Real=0.02s
[1193.835s][info][gc,start       ] GC(2153) Pause Young (Allocation Failure)
[1193.845s][info][gc,heap        ] GC(2153) DefNew: 586920K(629120K)->32306K(629120K) Eden: 559232K(559232K)->0K(559232K) From: 27688K(69888K)->32306K(69888K)
[1193.845s][info][gc,heap        ] GC(2153) Tenured: 1234194K(1398144K)->1234194K(1398144K)
[1193.845s][info][gc,metaspace   ] GC(2153) Metaspace: 122035K(125888K)->122035K(125888K) NonClass: 105828K(106432K)->105828K(106432K) Class: 16207K(19456K)->16207K(19456K)
[1193.845s][info][gc             ] GC(2153) Pause Young (Allocation Failure) 1778M->1236M(1979M) 10.150ms
[1193.845s][info][gc,cpu         ] GC(2153) User=0.02s Sys=0.00s Real=0.01s
[1193.899s][info][gc,start       ] GC(2154) Pause Young (Allocation Failure)
[1193.925s][info][gc,heap        ] GC(2154) DefNew: 591538K(629120K)->69888K(629120K) Eden: 559232K(559232K)->0K(559232K) From: 32306K(69888K)->69888K(69888K)
[1193.925s][info][gc,heap        ] GC(2154) Tenured: 1234194K(1398144K)->1255806K(1398144K)
[1193.925s][info][gc,metaspace   ] GC(2154) Metaspace: 122035K(125888K)->122035K(125888K) NonClass: 105828K(106432K)->105828K(106432K) Class: 16207K(19456K)->16207K(19456K)
[1193.925s][info][gc             ] GC(2154) Pause Young (Allocation Failure) 1782M->1294M(1979M) 25.447ms
[1193.925s][info][gc,cpu         ] GC(2154) User=0.02s Sys=0.00s Real=0.02s
[1193.969s][info][gc,start       ] GC(2155) Pause Young (Allocation Failure)
[1194.001s][info][gc,heap        ] GC(2155) DefNew: 629120K(629120K)->58904K(629120K) Eden: 559232K(559232K)->0K(559232K) From: 69888K(69888K)->58904K(69888K)
[1194.001s][info][gc,heap        ] GC(2155) Tenured: 1255806K(1398144K)->1319063K(1398144K)
[1194.001s][info][gc,metaspace   ] GC(2155) Metaspace: 122035K(125888K)->122035K(125888K) NonClass: 105828K(106432K)->105828K(106432K) Class: 16207K(19456K)->16207K(19456K)
[1194.001s][info][gc             ] GC(2155) Pause Young (Allocation Failure) 1840M->1345M(1979M) 32.633ms
[1194.001s][info][gc,cpu         ] GC(2155) User=0.03s Sys=0.00s Real=0.03s
[1194.042s][info][gc,start       ] GC(2156) Pause Young (Allocation Failure)
[1194.042s][info][gc             ] GC(2156) Pause Young (Allocation Failure) 1891M->1891M(1979M) 0.125ms
[1194.042s][info][gc,cpu         ] GC(2156) User=0.00s Sys=0.00s Real=0.00s
[1194.042s][info][gc,start       ] GC(2157) Pause Full (Allocation Failure)
[1194.042s][info][gc,phases,start] GC(2157) Phase 1: Mark live objects
[1194.103s][info][gc,phases      ] GC(2157) Phase 1: Mark live objects 61.373ms
[1194.103s][info][gc,phases,start] GC(2157) Phase 2: Compute new object addresses
[1194.257s][info][gc,phases      ] GC(2157) Phase 2: Compute new object addresses 153.587ms
[1194.257s][info][gc,phases,start] GC(2157) Phase 3: Adjust pointers
[1194.293s][info][gc,phases      ] GC(2157) Phase 3: Adjust pointers 36.156ms
[1194.293s][info][gc,phases,start] GC(2157) Phase 4: Move objects
[1194.312s][info][gc,phases      ] GC(2157) Phase 4: Move objects 19.014ms
[1194.313s][info][gc,heap        ] GC(2157) DefNew: 618136K(629120K)->0K(629120K) Eden: 559232K(559232K)->0K(559232K) From: 58904K(69888K)->0K(69888K)
[1194.313s][info][gc,heap        ] GC(2157) Tenured: 1319063K(1398144K)->1193034K(1398144K)
[1194.313s][info][gc,metaspace   ] GC(2157) Metaspace: 122035K(125888K)->122035K(125888K) NonClass: 105828K(106432K)->105828K(106432K) Class: 16207K(19456K)->16207K(19456K)
[1194.313s][info][gc             ] GC(2157) Pause Full (Allocation Failure) 1891M->1165M(1979M) 271.329ms
[1194.313s][info][gc,cpu         ] GC(2157) User=0.27s Sys=0.00s Real=0.27s
[1194.351s][info][gc,start       ] GC(2158) Pause Young (Allocation Failure)
[1194.367s][info][gc,heap        ] GC(2158) DefNew: 559232K(629120K)->33755K(629120K) Eden: 559232K(559232K)->0K(559232K) From: 0K(69888K)->33755K(69888K)
[1194.367s][info][gc,heap        ] GC(2158) Tenured: 1193034K(1398144K)->1193034K(1398144K)
[1194.367s][info][gc,metaspace   ] GC(2158) Metaspace: 122035K(125888K)->122035K(125888K) NonClass: 105828K(106432K)->105828K(106432K) Class: 16207K(19456K)->16207K(19456K)
[1194.367s][info][gc             ] GC(2158) Pause Young (Allocation Failure) 1711M->1198M(1979M) 16.068ms
[1194.367s][info][gc,cpu         ] GC(2158) User=0.02s Sys=0.00s Real=0.01s
[1194.398s][info][gc,start       ] GC(2159) Pause Young (Allocation Failure)
[1194.413s][info][gc,heap        ] GC(2159) DefNew: 592987K(629120K)->58776K(629120K) Eden: 559232K(559232K)->0K(559232K) From: 33755K(69888K)->58776K(69888K)
[1194.413s][info][gc,heap        ] GC(2159) Tenured: 1193034K(1398144K)->1193034K(1398144K)
[1194.413s][info][gc,metaspace   ] GC(2159) Metaspace: 122035K(125888K)->122035K(125888K) NonClass: 105828K(106432K)->105828K(106432K) Class: 16207K(19456K)->16207K(19456K)
[1194.413s][info][gc             ] GC(2159) Pause Young (Allocation Failure) 1744M->1222M(1979M) 15.757ms
[1194.413s][info][gc,cpu         ] GC(2159) User=0.02s Sys=0.00s Real=0.02s
[1194.444s][info][gc,start       ] GC(2160) Pause Young (Allocation Failure)
[1194.466s][info][gc,heap        ] GC(2160) DefNew: 617501K(629120K)->65085K(629120K) Eden: 558724K(559232K)->0K(559232K) From: 58776K(69888K)->65085K(69888K)
[1194.466s][info][gc,heap        ] GC(2160) Tenured: 1193034K(1398144K)->1217283K(1398144K)
[1194.466s][info][gc,metaspace   ] GC(2160) Metaspace: 122035K(125888K)->122035K(125888K) NonClass: 105828K(106432K)->105828K(106432K) Class: 16207K(19456K)->16207K(19456K)
[1194.466s][info][gc             ] GC(2160) Pause Young (Allocation Failure) 1768M->1252M(1979M) 22.428ms
[1194.466s][info][gc,cpu         ] GC(2160) User=0.02s Sys=0.00s Real=0.02s
[1194.497s][info][gc,start       ] GC(2161) Pause Young (Allocation Failure)
[1194.525s][info][gc,heap        ] GC(2161) DefNew: 624317K(629120K)->69878K(629120K) Eden: 559232K(559232K)->0K(559232K) From: 65085K(69888K)->69878K(69888K)
[1194.525s][info][gc,heap        ] GC(2161) Tenured: 1217283K(1398144K)->1264565K(1398144K)
[1194.525s][info][gc,metaspace   ] GC(2161) Metaspace: 122035K(125888K)->122035K(125888K) NonClass: 105828K(106432K)->105828K(106432K) Class: 16207K(19456K)->16207K(19456K)
[1194.525s][info][gc             ] GC(2161) Pause Young (Allocation Failure) 1798M->1303M(1979M) 28.200ms
[1194.525s][info][gc,cpu         ] GC(2161) User=0.03s Sys=0.00s Real=0.03s
[1194.557s][info][gc,start       ] GC(2162) Pause Young (Allocation Failure)
[1194.586s][info][gc,heap        ] GC(2162) DefNew: 629110K(629120K)->62466K(629120K) Eden: 559232K(559232K)->0K(559232K) From: 69878K(69888K)->62466K(69888K)
[1194.586s][info][gc,heap        ] GC(2162) Tenured: 1264565K(1398144K)->1320621K(1398144K)
[1194.586s][info][gc,metaspace   ] GC(2162) Metaspace: 122035K(125888K)->122035K(125888K) NonClass: 105828K(106432K)->105828K(106432K) Class: 16207K(19456K)->16207K(19456K)
[1194.586s][info][gc             ] GC(2162) Pause Young (Allocation Failure) 1849M->1350M(1979M) 28.827ms
[1194.586s][info][gc,cpu         ] GC(2162) User=0.03s Sys=0.00s Real=0.03s
[1194.619s][info][gc,start       ] GC(2163) Pause Young (Allocation Failure)
[1194.619s][info][gc             ] GC(2163) Pause Young (Allocation Failure) 1896M->1896M(1979M) 0.175ms
[1194.619s][info][gc,cpu         ] GC(2163) User=0.00s Sys=0.00s Real=0.00s
[1194.620s][info][gc,start       ] GC(2164) Pause Full (Allocation Failure)
[1194.620s][info][gc,phases,start] GC(2164) Phase 1: Mark live objects
[1194.688s][info][gc,phases      ] GC(2164) Phase 1: Mark live objects 68.198ms
[1194.713s][info][gc,phases,start] GC(2164) Phase 2: Compute new object addresses
[1194.870s][info][gc,phases      ] GC(2164) Phase 2: Compute new object addresses 157.673ms
[1194.870s][info][gc,phases,start] GC(2164) Phase 3: Adjust pointers
[1194.906s][info][gc,phases      ] GC(2164) Phase 3: Adjust pointers 35.570ms
[1194.906s][info][gc,phases,start] GC(2164) Phase 4: Move objects
[1194.960s][info][gc,phases      ] GC(2164) Phase 4: Move objects 53.709ms
[1194.961s][info][gc,heap        ] GC(2164) DefNew: 621698K(629120K)->0K(629120K) Eden: 559232K(559232K)->0K(559232K) From: 62466K(69888K)->0K(69888K)
[1194.961s][info][gc,heap        ] GC(2164) Tenured: 1320621K(1398144K)->1208287K(1398144K)
[1194.961s][info][gc,metaspace   ] GC(2164) Metaspace: 122035K(125888K)->122035K(125888K) NonClass: 105828K(106432K)->105828K(106432K) Class: 16207K(19456K)->16207K(19456K)
[1194.961s][info][gc             ] GC(2164) Pause Full (Allocation Failure) 1896M->1179M(1979M) 341.178ms
[1194.961s][info][gc,cpu         ] GC(2164) User=0.31s Sys=0.00s Real=0.34s
[1195.003s][info][gc,start       ] GC(2165) Pause Young (Allocation Failure)
[1195.020s][info][gc,heap        ] GC(2165) DefNew: 559232K(629120K)->57555K(629120K) Eden: 559232K(559232K)->0K(559232K) From: 0K(69888K)->57555K(69888K)
[1195.020s][info][gc,heap        ] GC(2165) Tenured: 1208287K(1398144K)->1208287K(1398144K)
[1195.020s][info][gc,metaspace   ] GC(2165) Metaspace: 122035K(125888K)->122035K(125888K) NonClass: 105828K(106432K)->105828K(106432K) Class: 16207K(19456K)->16207K(19456K)
[1195.020s][info][gc             ] GC(2165) Pause Young (Allocation Failure) 1726M->1236M(1979M) 17.365ms
[1195.020s][info][gc,cpu         ] GC(2165) User=0.02s Sys=0.00s Real=0.01s
[1195.060s][info][gc,start       ] GC(2166) Pause Young (Allocation Failure)
[1195.086s][info][gc,heap        ] GC(2166) DefNew: 616787K(629120K)->66893K(629120K) Eden: 559232K(559232K)->0K(559232K) From: 57555K(69888K)->66893K(69888K)
[1195.086s][info][gc,heap        ] GC(2166) Tenured: 1208287K(1398144K)->1238237K(1398144K)
[1195.086s][info][gc,metaspace   ] GC(2166) Metaspace: 122035K(125888K)->122035K(125888K) NonClass: 105828K(106432K)->105828K(106432K) Class: 16207K(19456K)->16207K(19456K)
[1195.086s][info][gc             ] GC(2166) Pause Young (Allocation Failure) 1782M->1274M(1979M) 26.244ms
[1195.086s][info][gc,cpu         ] GC(2166) User=0.03s Sys=0.00s Real=0.03s
[1195.126s][info][gc,start       ] GC(2167) Pause Young (Allocation Failure)
[1195.156s][info][gc,heap        ] GC(2167) DefNew: 624686K(629120K)->67885K(629120K) Eden: 557793K(559232K)->0K(559232K) From: 66893K(69888K)->67885K(69888K)
[1195.156s][info][gc,heap        ] GC(2167) Tenured: 1238237K(1398144K)->1283141K(1398144K)
[1195.156s][info][gc,metaspace   ] GC(2167) Metaspace: 122035K(125888K)->122035K(125888K) NonClass: 105828K(106432K)->105828K(106432K) Class: 16207K(19456K)->16207K(19456K)
[1195.156s][info][gc             ] GC(2167) Pause Young (Allocation Failure) 1819M->1319M(1979M) 30.050ms
[1195.156s][info][gc,cpu         ] GC(2167) User=0.03s Sys=0.00s Real=0.03s
[1195.192s][info][gc,start       ] GC(2168) Pause Young (Allocation Failure)
[1195.219s][info][gc,heap        ] GC(2168) DefNew: 627117K(629120K)->58558K(629120K) Eden: 559232K(559232K)->0K(559232K) From: 67885K(69888K)->58558K(69888K)
[1195.219s][info][gc,heap        ] GC(2168) Tenured: 1283141K(1398144K)->1332273K(1398144K)
[1195.219s][info][gc,metaspace   ] GC(2168) Metaspace: 122035K(125888K)->122035K(125888K) NonClass: 105828K(106432K)->105828K(106432K) Class: 16207K(19456K)->16207K(19456K)
[1195.219s][info][gc             ] GC(2168) Pause Young (Allocation Failure) 1865M->1358M(1979M) 27.262ms
[1195.219s][info][gc,cpu         ] GC(2168) User=0.02s Sys=0.00s Real=0.02s
[1195.253s][info][gc,start       ] GC(2169) Pause Young (Allocation Failure)
[1195.253s][info][gc             ] GC(2169) Pause Young (Allocation Failure) 1904M->1904M(1979M) 0.112ms
[1195.253s][info][gc,cpu         ] GC(2169) User=0.00s Sys=0.00s Real=0.00s
[1195.253s][info][gc,start       ] GC(2170) Pause Full (Allocation Failure)
[1195.253s][info][gc,phases,start] GC(2170) Phase 1: Mark live objects
[1195.322s][info][gc,phases      ] GC(2170) Phase 1: Mark live objects 68.757ms
[1195.322s][info][gc,phases,start] GC(2170) Phase 2: Compute new object addresses
[1195.467s][info][gc,phases      ] GC(2170) Phase 2: Compute new object addresses 145.156ms
[1195.467s][info][gc,phases,start] GC(2170) Phase 3: Adjust pointers
[1195.501s][info][gc,phases      ] GC(2170) Phase 3: Adjust pointers 34.105ms
[1195.501s][info][gc,phases,start] GC(2170) Phase 4: Move objects
[1195.528s][info][gc,phases      ] GC(2170) Phase 4: Move objects 26.670ms
[1195.529s][info][gc,heap        ] GC(2170) DefNew: 617790K(629120K)->0K(629120K) Eden: 559232K(559232K)->0K(559232K) From: 58558K(69888K)->0K(69888K)
[1195.529s][info][gc,heap        ] GC(2170) Tenured: 1332273K(1398144K)->1330387K(1398144K)
[1195.529s][info][gc,metaspace   ] GC(2170) Metaspace: 122035K(125888K)->122035K(125888K) NonClass: 105828K(106432K)->105828K(106432K) Class: 16207K(19456K)->16207K(19456K)
[1195.529s][info][gc             ] GC(2170) Pause Full (Allocation Failure) 1904M->1299M(1979M) 275.791ms
[1195.529s][info][gc,cpu         ] GC(2170) User=0.27s Sys=0.00s Real=0.27s
[1195.567s][info][gc,start       ] GC(2171) Pause Young (Allocation Failure)
[1195.567s][info][gc             ] GC(2171) Pause Young (Allocation Failure) 1845M->1845M(1979M) 0.117ms
[1195.567s][info][gc,cpu         ] GC(2171) User=0.00s Sys=0.00s Real=0.00s
[1195.567s][info][gc,start       ] GC(2172) Pause Full (Allocation Failure)
[1195.567s][info][gc,phases,start] GC(2172) Phase 1: Mark live objects
[1195.624s][info][gc,phases      ] GC(2172) Phase 1: Mark live objects 56.819ms
[1195.624s][info][gc,phases,start] GC(2172) Phase 2: Compute new object addresses
[1195.772s][info][gc,phases      ] GC(2172) Phase 2: Compute new object addresses 147.926ms
[1195.772s][info][gc,phases,start] GC(2172) Phase 3: Adjust pointers
[1195.806s][info][gc,phases      ] GC(2172) Phase 3: Adjust pointers 34.071ms
[1195.806s][info][gc,phases,start] GC(2172) Phase 4: Move objects
[1195.825s][info][gc,phases      ] GC(2172) Phase 4: Move objects 18.978ms
[1195.825s][info][gc,heap        ] GC(2172) DefNew: 559232K(629120K)->0K(629120K) Eden: 559232K(559232K)->0K(559232K) From: 0K(69888K)->0K(69888K)
[1195.826s][info][gc,heap        ] GC(2172) Tenured: 1330387K(1398144K)->1362004K(1398144K)
[1195.826s][info][gc,metaspace   ] GC(2172) Metaspace: 122035K(125888K)->122035K(125888K) NonClass: 105828K(106432K)->105828K(106432K) Class: 16207K(19456K)->16207K(19456K)
[1195.826s][info][gc             ] GC(2172) Pause Full (Allocation Failure) 1845M->1330M(1979M) 258.870ms
[1195.826s][info][gc,cpu         ] GC(2172) User=0.25s Sys=0.00s Real=0.25s
[1195.865s][info][gc,start       ] GC(2173) Pause Young (Allocation Failure)
[1195.865s][info][gc             ] GC(2173) Pause Young (Allocation Failure) 1876M->1876M(1979M) 0.161ms
[1195.865s][info][gc,cpu         ] GC(2173) User=0.00s Sys=0.00s Real=0.00s
[1195.865s][info][gc,start       ] GC(2174) Pause Full (Allocation Failure)
[1195.865s][info][gc,phases,start] GC(2174) Phase 1: Mark live objects
[1195.925s][info][gc,phases      ] GC(2174) Phase 1: Mark live objects 59.897ms
[1195.925s][info][gc,phases,start] GC(2174) Phase 2: Compute new object addresses
[1196.064s][info][gc,phases      ] GC(2174) Phase 2: Compute new object addresses 139.344ms
[1196.064s][info][gc,phases,start] GC(2174) Phase 3: Adjust pointers
[1196.098s][info][gc,phases      ] GC(2174) Phase 3: Adjust pointers 33.505ms
[1196.098s][info][gc,phases,start] GC(2174) Phase 4: Move objects
[1196.122s][info][gc,phases      ] GC(2174) Phase 4: Move objects 23.847ms
[1196.122s][info][gc,heap        ] GC(2174) DefNew: 559232K(629120K)->0K(629120K) Eden: 559232K(559232K)->0K(559232K) From: 0K(69888K)->0K(69888K)
[1196.122s][info][gc,heap        ] GC(2174) Tenured: 1362004K(1398144K)->1378807K(1398144K)
[1196.122s][info][gc,metaspace   ] GC(2174) Metaspace: 122035K(125888K)->122035K(125888K) NonClass: 105828K(106432K)->105828K(106432K) Class: 16207K(19456K)->16207K(19456K)
[1196.122s][info][gc             ] GC(2174) Pause Full (Allocation Failure) 1876M->1346M(1979M) 257.696ms
[1196.123s][info][gc,cpu         ] GC(2174) User=0.25s Sys=0.00s Real=0.25s
[1196.157s][info][gc,start       ] GC(2175) Pause Young (Allocation Failure)
[1196.158s][info][gc             ] GC(2175) Pause Young (Allocation Failure) 1892M->1892M(1979M) 0.127ms
[1196.158s][info][gc,cpu         ] GC(2175) User=0.00s Sys=0.00s Real=0.00s
[1196.158s][info][gc,start       ] GC(2176) Pause Full (Allocation Failure)
[1196.158s][info][gc,phases,start] GC(2176) Phase 1: Mark live objects
[1196.214s][info][gc,phases      ] GC(2176) Phase 1: Mark live objects 56.777ms
[1196.214s][info][gc,phases,start] GC(2176) Phase 2: Compute new object addresses
[1196.383s][info][gc,phases      ] GC(2176) Phase 2: Compute new object addresses 168.120ms
[1196.383s][info][gc,phases,start] GC(2176) Phase 3: Adjust pointers
[1196.417s][info][gc,phases      ] GC(2176) Phase 3: Adjust pointers 34.380ms
[1196.417s][info][gc,phases,start] GC(2176) Phase 4: Move objects
[1196.491s][info][gc,phases      ] GC(2176) Phase 4: Move objects 73.829ms
[1196.492s][info][gc,heap        ] GC(2176) DefNew: 559232K(629120K)->0K(629120K) Eden: 559232K(559232K)->0K(559232K) From: 0K(69888K)->0K(69888K)
[1196.492s][info][gc,heap        ] GC(2176) Tenured: 1378807K(1398144K)->1304466K(1398144K)
[1196.492s][info][gc,metaspace   ] GC(2176) Metaspace: 122035K(125888K)->122035K(125888K) NonClass: 105828K(106432K)->105828K(106432K) Class: 16207K(19456K)->16207K(19456K)
[1196.492s][info][gc             ] GC(2176) Pause Full (Allocation Failure) 1892M->1273M(1979M) 334.382ms
[1196.492s][info][gc,cpu         ] GC(2176) User=0.33s Sys=0.00s Real=0.33s
[1196.526s][info][gc,start       ] GC(2177) Pause Young (Allocation Failure)
[1196.543s][info][gc,heap        ] GC(2177) DefNew: 559232K(629120K)->66428K(629120K) Eden: 559232K(559232K)->0K(559232K) From: 0K(69888K)->66428K(69888K)
[1196.543s][info][gc,heap        ] GC(2177) Tenured: 1304466K(1398144K)->1304466K(1398144K)
[1196.543s][info][gc,metaspace   ] GC(2177) Metaspace: 122035K(125888K)->122035K(125888K) NonClass: 105828K(106432K)->105828K(106432K) Class: 16207K(19456K)->16207K(19456K)
[1196.543s][info][gc             ] GC(2177) Pause Young (Allocation Failure) 1820M->1338M(1979M) 17.116ms
[1196.543s][info][gc,cpu         ] GC(2177) User=0.02s Sys=0.00s Real=0.02s
[1196.572s][info][gc,start       ] GC(2178) Pause Young (Allocation Failure)
[1196.594s][info][gc,heap        ] GC(2178) DefNew: 625660K(629120K)->54217K(629120K) Eden: 559232K(559232K)->0K(559232K) From: 66428K(69888K)->54217K(69888K)
[1196.594s][info][gc,heap        ] GC(2178) Tenured: 1304466K(1398144K)->1340279K(1398144K)
[1196.594s][info][gc,metaspace   ] GC(2178) Metaspace: 122035K(125888K)->122035K(125888K) NonClass: 105828K(106432K)->105828K(106432K) Class: 16207K(19456K)->16207K(19456K)
[1196.595s][info][gc             ] GC(2178) Pause Young (Allocation Failure) 1884M->1361M(1979M) 22.429ms
[1196.595s][info][gc,cpu         ] GC(2178) User=0.03s Sys=0.00s Real=0.03s
[1196.626s][info][gc,start       ] GC(2179) Pause Young (Allocation Failure)
[1196.626s][info][gc             ] GC(2179) Pause Young (Allocation Failure) 1907M->1907M(1979M) 0.148ms
[1196.626s][info][gc,cpu         ] GC(2179) User=0.00s Sys=0.00s Real=0.00s
[1196.626s][info][gc,start       ] GC(2180) Pause Full (Allocation Failure)
[1196.626s][info][gc,phases,start] GC(2180) Phase 1: Mark live objects
[1196.690s][info][gc,phases      ] GC(2180) Phase 1: Mark live objects 63.284ms
[1196.690s][info][gc,phases,start] GC(2180) Phase 2: Compute new object addresses
[1196.835s][info][gc,phases      ] GC(2180) Phase 2: Compute new object addresses 145.181ms
[1196.835s][info][gc,phases,start] GC(2180) Phase 3: Adjust pointers
[1196.869s][info][gc,phases      ] GC(2180) Phase 3: Adjust pointers 34.162ms
[1196.869s][info][gc,phases,start] GC(2180) Phase 4: Move objects
[1196.886s][info][gc,phases      ] GC(2180) Phase 4: Move objects 17.233ms
[1196.887s][info][gc,heap        ] GC(2180) DefNew: 612563K(629120K)->25013K(629120K) Eden: 558345K(559232K)->25013K(559232K) From: 54217K(69888K)->0K(69888K)
[1196.887s][info][gc,heap        ] GC(2180) Tenured: 1340279K(1398144K)->1393010K(1398144K)
[1196.887s][info][gc,metaspace   ] GC(2180) Metaspace: 122035K(125888K)->122035K(125888K) NonClass: 105828K(106432K)->105828K(106432K) Class: 16207K(19456K)->16207K(19456K)
[1196.887s][info][gc             ] GC(2180) Pause Full (Allocation Failure) 1907M->1384M(1979M) 260.969ms
[1196.887s][info][gc,cpu         ] GC(2180) User=0.25s Sys=0.00s Real=0.25s
[1198.493s][info][gc,start       ] GC(2181) Pause Full (Allocation Failure)
[1198.493s][info][gc,phases,start] GC(2181) Phase 1: Mark live objects
[1198.551s][info][gc,phases      ] GC(2181) Phase 1: Mark live objects 57.638ms
[1198.551s][info][gc,phases,start] GC(2181) Phase 2: Compute new object addresses
[1198.705s][info][gc,phases      ] GC(2181) Phase 2: Compute new object addresses 154.113ms
[1198.705s][info][gc,phases,start] GC(2181) Phase 3: Adjust pointers
[1198.739s][info][gc,phases      ] GC(2181) Phase 3: Adjust pointers 33.728ms
[1198.739s][info][gc,phases,start] GC(2181) Phase 4: Move objects
[1198.760s][info][gc,phases      ] GC(2181) Phase 4: Move objects 20.861ms
[1198.761s][info][gc,heap        ] GC(2181) DefNew: 629119K(629120K)->42748K(629120K) Eden: 559232K(559232K)->42748K(559232K) From: 69887K(69888K)->0K(69888K)
[1198.761s][info][gc,heap        ] GC(2181) Tenured: 1398143K(1398144K)->1396860K(1398144K)
[1198.761s][info][gc,metaspace   ] GC(2181) Metaspace: 122035K(125888K)->122035K(125888K) NonClass: 105828K(106432K)->105828K(106432K) Class: 16207K(19456K)->16207K(19456K)
[1198.761s][info][gc             ] GC(2181) Pause Full (Allocation Failure) 1979M->1405M(1979M) 267.542ms
[1198.761s][info][gc,cpu         ] GC(2181) User=0.27s Sys=0.00s Real=0.27s
[1200.636s][info][gc,start       ] GC(2182) Pause Full (Allocation Failure)
[1200.636s][info][gc,phases,start] GC(2182) Phase 1: Mark live objects
[1200.693s][info][gc,phases      ] GC(2182) Phase 1: Mark live objects 56.703ms
[1200.693s][info][gc,phases,start] GC(2182) Phase 2: Compute new object addresses
[1200.849s][info][gc,phases      ] GC(2182) Phase 2: Compute new object addresses 156.134ms
[1200.849s][info][gc,phases,start] GC(2182) Phase 3: Adjust pointers
[1200.882s][info][gc,phases      ] GC(2182) Phase 3: Adjust pointers 33.359ms
[1200.882s][info][gc,phases,start] GC(2182) Phase 4: Move objects
[1200.903s][info][gc,phases      ] GC(2182) Phase 4: Move objects 20.887ms
[1200.904s][info][gc,heap        ] GC(2182) DefNew: 629119K(629120K)->53162K(629120K) Eden: 559232K(559232K)->53162K(559232K) From: 69887K(69888K)->0K(69888K)
[1200.904s][info][gc,heap        ] GC(2182) Tenured: 1398144K(1398144K)->1395761K(1398144K)
[1200.904s][info][gc,metaspace   ] GC(2182) Metaspace: 122035K(125888K)->122035K(125888K) NonClass: 105828K(106432K)->105828K(106432K) Class: 16207K(19456K)->16207K(19456K)
[1200.904s][info][gc             ] GC(2182) Pause Full (Allocation Failure) 1979M->1414M(1979M) 268.282ms
[1200.904s][info][gc,cpu         ] GC(2182) User=0.27s Sys=0.00s Real=0.27s
[1202.975s][info][gc,start       ] GC(2183) Pause Full (Allocation Failure)
[1202.975s][info][gc,phases,start] GC(2183) Phase 1: Mark live objects
[1203.032s][info][gc,phases      ] GC(2183) Phase 1: Mark live objects 56.925ms
[1203.032s][info][gc,phases,start] GC(2183) Phase 2: Compute new object addresses
[1203.190s][info][gc,phases      ] GC(2183) Phase 2: Compute new object addresses 158.302ms
[1203.190s][info][gc,phases,start] GC(2183) Phase 3: Adjust pointers
[1203.224s][info][gc,phases      ] GC(2183) Phase 3: Adjust pointers 33.876ms
[1203.224s][info][gc,phases,start] GC(2183) Phase 4: Move objects
[1203.300s][info][gc,phases      ] GC(2183) Phase 4: Move objects 75.698ms
[1203.300s][info][gc,heap        ] GC(2183) DefNew: 629120K(629120K)->0K(629120K) Eden: 559232K(559232K)->0K(559232K) From: 69888K(69888K)->0K(69888K)
[1203.301s][info][gc,heap        ] GC(2183) Tenured: 1398143K(1398144K)->1387371K(1398144K)
[1203.301s][info][gc,metaspace   ] GC(2183) Metaspace: 122035K(125888K)->122035K(125888K) NonClass: 105828K(106432K)->105828K(106432K) Class: 16207K(19456K)->16207K(19456K)
[1203.301s][info][gc             ] GC(2183) Pause Full (Allocation Failure) 1979M->1354M(1979M) 326.028ms
[1203.301s][info][gc,cpu         ] GC(2183) User=0.33s Sys=0.00s Real=0.33s
[1203.336s][info][gc,start       ] GC(2184) Pause Young (Allocation Failure)
[1203.337s][info][gc             ] GC(2184) Pause Young (Allocation Failure) 1900M->1900M(1979M) 0.120ms
[1203.337s][info][gc,cpu         ] GC(2184) User=0.00s Sys=0.00s Real=0.00s
[1203.337s][info][gc,start       ] GC(2185) Pause Full (Allocation Failure)
[1203.337s][info][gc,phases,start] GC(2185) Phase 1: Mark live objects
[1203.404s][info][gc,phases      ] GC(2185) Phase 1: Mark live objects 67.006ms
[1203.404s][info][gc,phases,start] GC(2185) Phase 2: Compute new object addresses
[1203.549s][info][gc,phases      ] GC(2185) Phase 2: Compute new object addresses 144.966ms
[1203.549s][info][gc,phases,start] GC(2185) Phase 3: Adjust pointers
[1203.583s][info][gc,phases      ] GC(2185) Phase 3: Adjust pointers 34.305ms
[1203.583s][info][gc,phases,start] GC(2185) Phase 4: Move objects
[1203.592s][info][gc,phases      ] GC(2185) Phase 4: Move objects 8.555ms
[1203.592s][info][gc,heap        ] GC(2185) DefNew: 559232K(629120K)->28091K(629120K) Eden: 559232K(559232K)->28091K(559232K) From: 0K(69888K)->0K(69888K)
[1203.592s][info][gc,heap        ] GC(2185) Tenured: 1387371K(1398144K)->1397800K(1398144K)
[1203.592s][info][gc,metaspace   ] GC(2185) Metaspace: 122035K(125888K)->122035K(125888K) NonClass: 105828K(106432K)->105828K(106432K) Class: 16207K(19456K)->16207K(19456K)
[1203.593s][info][gc             ] GC(2185) Pause Full (Allocation Failure) 1900M->1392M(1979M) 255.933ms
[1203.593s][info][gc,cpu         ] GC(2185) User=0.25s Sys=0.00s Real=0.26s
[1205.410s][info][gc,start       ] GC(2186) Pause Full (Allocation Failure)
[1205.410s][info][gc,phases,start] GC(2186) Phase 1: Mark live objects
[1205.469s][info][gc,phases      ] GC(2186) Phase 1: Mark live objects 58.278ms
[1205.469s][info][gc,phases,start] GC(2186) Phase 2: Compute new object addresses
[1205.638s][info][gc,phases      ] GC(2186) Phase 2: Compute new object addresses 169.204ms
[1205.638s][info][gc,phases,start] GC(2186) Phase 3: Adjust pointers
[1205.671s][info][gc,phases      ] GC(2186) Phase 3: Adjust pointers 33.465ms
[1205.671s][info][gc,phases,start] GC(2186) Phase 4: Move objects
[1205.683s][info][gc,phases      ] GC(2186) Phase 4: Move objects 11.756ms
[1205.684s][info][gc,heap        ] GC(2186) DefNew: 629120K(629120K)->51025K(629120K) Eden: 559232K(559232K)->51025K(559232K) From: 69888K(69888K)->0K(69888K)
[1205.684s][info][gc,heap        ] GC(2186) Tenured: 1398144K(1398144K)->1398144K(1398144K)
[1205.684s][info][gc,metaspace   ] GC(2186) Metaspace: 122035K(125888K)->122035K(125888K) NonClass: 105828K(106432K)->105828K(106432K) Class: 16207K(19456K)->16207K(19456K)
[1205.684s][info][gc             ] GC(2186) Pause Full (Allocation Failure) 1979M->1415M(1979M) 273.891ms
[1205.684s][info][gc,cpu         ] GC(2186) User=0.28s Sys=0.00s Real=0.28s
[1207.583s][info][gc,start       ] GC(2187) Pause Full (Allocation Failure)
[1207.583s][info][gc,phases,start] GC(2187) Phase 1: Mark live objects
[1207.640s][info][gc,phases      ] GC(2187) Phase 1: Mark live objects 56.958ms
[1207.640s][info][gc,phases,start] GC(2187) Phase 2: Compute new object addresses
[1207.786s][info][gc,phases      ] GC(2187) Phase 2: Compute new object addresses 145.701ms
[1207.786s][info][gc,phases,start] GC(2187) Phase 3: Adjust pointers
[1207.819s][info][gc,phases      ] GC(2187) Phase 3: Adjust pointers 33.142ms
[1207.819s][info][gc,phases,start] GC(2187) Phase 4: Move objects
[1207.830s][info][gc,phases      ] GC(2187) Phase 4: Move objects 11.187ms
[1207.831s][info][gc,heap        ] GC(2187) DefNew: 629120K(629120K)->52020K(629120K) Eden: 559232K(559232K)->52020K(559232K) From: 69888K(69888K)->0K(69888K)
[1207.831s][info][gc,heap        ] GC(2187) Tenured: 1398144K(1398144K)->1398144K(1398144K)
[1207.831s][info][gc,metaspace   ] GC(2187) Metaspace: 122035K(125888K)->122035K(125888K) NonClass: 105828K(106432K)->105828K(106432K) Class: 16207K(19456K)->16207K(19456K)
[1207.831s][info][gc             ] GC(2187) Pause Full (Allocation Failure) 1979M->1416M(1979M) 248.145ms
[1207.831s][info][gc,cpu         ] GC(2187) User=0.25s Sys=0.00s Real=0.24s
[1209.978s][info][gc,start       ] GC(2188) Pause Full (Allocation Failure)
[1209.978s][info][gc,phases,start] GC(2188) Phase 1: Mark live objects
[1210.035s][info][gc,phases      ] GC(2188) Phase 1: Mark live objects 56.897ms
[1210.035s][info][gc,phases,start] GC(2188) Phase 2: Compute new object addresses
[1210.194s][info][gc,phases      ] GC(2188) Phase 2: Compute new object addresses 158.847ms
[1210.194s][info][gc,phases,start] GC(2188) Phase 3: Adjust pointers
[1210.228s][info][gc,phases      ] GC(2188) Phase 3: Adjust pointers 34.042ms
[1210.228s][info][gc,phases,start] GC(2188) Phase 4: Move objects
[1210.319s][info][gc,phases      ] GC(2188) Phase 4: Move objects 91.532ms
[1210.320s][info][gc,heap        ] GC(2188) DefNew: 629120K(629120K)->3840K(629120K) Eden: 559232K(559232K)->3840K(559232K) From: 69888K(69888K)->0K(69888K)
[1210.320s][info][gc,heap        ] GC(2188) Tenured: 1398144K(1398144K)->1396722K(1398144K)
[1210.320s][info][gc,metaspace   ] GC(2188) Metaspace: 122035K(125888K)->122035K(125888K) NonClass: 105828K(106432K)->105828K(106432K) Class: 16207K(19456K)->16207K(19456K)
[1210.320s][info][gc             ] GC(2188) Pause Full (Allocation Failure) 1979M->1367M(1979M) 342.682ms
[1210.321s][info][gc,cpu         ] GC(2188) User=0.34s Sys=0.00s Real=0.35s
[1212.515s][info][gc,start       ] GC(2189) Pause Full (Allocation Failure)
[1212.515s][info][gc,phases,start] GC(2189) Phase 1: Mark live objects
[1212.572s][info][gc,phases      ] GC(2189) Phase 1: Mark live objects 57.166ms
[1212.572s][info][gc,phases,start] GC(2189) Phase 2: Compute new object addresses
[1212.745s][info][gc,phases      ] GC(2189) Phase 2: Compute new object addresses 172.692ms
[1212.745s][info][gc,phases,start] GC(2189) Phase 3: Adjust pointers
[1212.778s][info][gc,phases      ] GC(2189) Phase 3: Adjust pointers 33.571ms
[1212.779s][info][gc,phases,start] GC(2189) Phase 4: Move objects
[1212.779s][info][gc,phases      ] GC(2189) Phase 4: Move objects 0.020ms
[1212.779s][info][gc,heap        ] GC(2189) DefNew: 629120K(629120K)->3784K(629120K) Eden: 559232K(559232K)->3784K(559232K) From: 69888K(69888K)->0K(69888K)
[1212.779s][info][gc,heap        ] GC(2189) Tenured: 1398143K(1398144K)->1398143K(1398144K)
[1212.779s][info][gc,metaspace   ] GC(2189) Metaspace: 122035K(125888K)->122035K(125888K) NonClass: 105828K(106432K)->105828K(106432K) Class: 16207K(19456K)->16207K(19456K)
[1212.779s][info][gc             ] GC(2189) Pause Full (Allocation Failure) 1979M->1369M(1979M) 264.614ms
[1212.779s][info][gc,cpu         ] GC(2189) User=0.25s Sys=0.00s Real=0.26s
[1214.929s][info][gc,start       ] GC(2190) Pause Full (Allocation Failure)
[1214.929s][info][gc,phases,start] GC(2190) Phase 1: Mark live objects
[1214.986s][info][gc,phases      ] GC(2190) Phase 1: Mark live objects 57.708ms
[1214.986s][info][gc,phases,start] GC(2190) Phase 2: Compute new object addresses
[1215.161s][info][gc,phases      ] GC(2190) Phase 2: Compute new object addresses 174.799ms
[1215.161s][info][gc,phases,start] GC(2190) Phase 3: Adjust pointers
[1215.198s][info][gc,phases      ] GC(2190) Phase 3: Adjust pointers 36.289ms
[1215.198s][info][gc,phases,start] GC(2190) Phase 4: Move objects
[1215.198s][info][gc,phases      ] GC(2190) Phase 4: Move objects 0.031ms
[1215.198s][info][gc,heap        ] GC(2190) DefNew: 629119K(629120K)->3842K(629120K) Eden: 559232K(559232K)->3842K(559232K) From: 69887K(69888K)->0K(69888K)
[1215.198s][info][gc,heap        ] GC(2190) Tenured: 1398143K(1398144K)->1398143K(1398144K)
[1215.199s][info][gc,metaspace   ] GC(2190) Metaspace: 122035K(125888K)->122035K(125888K) NonClass: 105828K(106432K)->105828K(106432K) Class: 16207K(19456K)->16207K(19456K)
[1215.199s][info][gc             ] GC(2190) Pause Full (Allocation Failure) 1979M->1369M(1979M) 269.984ms
[1215.199s][info][gc,cpu         ] GC(2190) User=0.27s Sys=0.00s Real=0.26s
[1217.348s][info][gc,start       ] GC(2191) Pause Full (Allocation Failure)
[1217.348s][info][gc,phases,start] GC(2191) Phase 1: Mark live objects
[1217.406s][info][gc,phases      ] GC(2191) Phase 1: Mark live objects 58.085ms
[1217.406s][info][gc,phases,start] GC(2191) Phase 2: Compute new object addresses
[1217.595s][info][gc,phases      ] GC(2191) Phase 2: Compute new object addresses 189.200ms
[1217.595s][info][gc,phases,start] GC(2191) Phase 3: Adjust pointers
[1217.629s][info][gc,phases      ] GC(2191) Phase 3: Adjust pointers 33.406ms
[1217.629s][info][gc,phases,start] GC(2191) Phase 4: Move objects
[1217.629s][info][gc,phases      ] GC(2191) Phase 4: Move objects 0.034ms
[1217.630s][info][gc,heap        ] GC(2191) DefNew: 629119K(629120K)->3844K(629120K) Eden: 559232K(559232K)->3844K(559232K) From: 69887K(69888K)->0K(69888K)
[1217.630s][info][gc,heap        ] GC(2191) Tenured: 1398143K(1398144K)->1398143K(1398144K)
[1217.630s][info][gc,metaspace   ] GC(2191) Metaspace: 122035K(125888K)->122035K(125888K) NonClass: 105828K(106432K)->105828K(106432K) Class: 16207K(19456K)->16207K(19456K)
[1217.630s][info][gc             ] GC(2191) Pause Full (Allocation Failure) 1979M->1369M(1979M) 281.871ms
[1217.630s][info][gc,cpu         ] GC(2191) User=0.28s Sys=0.00s Real=0.27s
[1219.734s][info][gc,start       ] GC(2192) Pause Full (Allocation Failure)
[1219.734s][info][gc,phases,start] GC(2192) Phase 1: Mark live objects
[1219.801s][info][gc,phases      ] GC(2192) Phase 1: Mark live objects 66.404ms
[1219.801s][info][gc,phases,start] GC(2192) Phase 2: Compute new object addresses
[1219.974s][info][gc,phases      ] GC(2192) Phase 2: Compute new object addresses 172.827ms
[1219.974s][info][gc,phases,start] GC(2192) Phase 3: Adjust pointers
[1220.008s][info][gc,phases      ] GC(2192) Phase 3: Adjust pointers 34.038ms
[1220.008s][info][gc,phases,start] GC(2192) Phase 4: Move objects
[1220.090s][info][gc,phases      ] GC(2192) Phase 4: Move objects 82.502ms
[1220.091s][info][gc,heap        ] GC(2192) DefNew: 629119K(629120K)->0K(629120K) Eden: 559232K(559232K)->0K(559232K) From: 69887K(69888K)->0K(69888K)
[1220.091s][info][gc,heap        ] GC(2192) Tenured: 1398143K(1398144K)->1343533K(1398144K)
[1220.091s][info][gc,metaspace   ] GC(2192) Metaspace: 122035K(125888K)->122035K(125888K) NonClass: 105828K(106432K)->105828K(106432K) Class: 16207K(19456K)->16207K(19456K)
[1220.091s][info][gc             ] GC(2192) Pause Full (Allocation Failure) 1979M->1312M(1979M) 357.105ms
[1220.091s][info][gc,cpu         ] GC(2192) User=0.34s Sys=0.00s Real=0.35s
[1220.139s][info][gc,start       ] GC(2193) Pause Young (Allocation Failure)
[1220.139s][info][gc             ] GC(2193) Pause Young (Allocation Failure) 1858M->1858M(1979M) 0.121ms
[1220.139s][info][gc,cpu         ] GC(2193) User=0.00s Sys=0.00s Real=0.00s
[1220.139s][info][gc,start       ] GC(2194) Pause Full (Allocation Failure)
[1220.139s][info][gc,phases,start] GC(2194) Phase 1: Mark live objects
[1220.196s][info][gc,phases      ] GC(2194) Phase 1: Mark live objects 56.487ms
[1220.196s][info][gc,phases,start] GC(2194) Phase 2: Compute new object addresses
[1220.350s][info][gc,phases      ] GC(2194) Phase 2: Compute new object addresses 154.197ms
[1220.350s][info][gc,phases,start] GC(2194) Phase 3: Adjust pointers
[1220.383s][info][gc,phases      ] GC(2194) Phase 3: Adjust pointers 33.630ms
[1220.384s][info][gc,phases,start] GC(2194) Phase 4: Move objects
[1220.384s][info][gc,phases      ] GC(2194) Phase 4: Move objects 0.040ms
[1220.384s][info][gc,heap        ] GC(2194) DefNew: 559232K(629120K)->0K(629120K) Eden: 559232K(559232K)->0K(559232K) From: 0K(69888K)->0K(69888K)
[1220.384s][info][gc,heap        ] GC(2194) Tenured: 1343533K(1398144K)->1343623K(1398144K)
[1220.384s][info][gc,metaspace   ] GC(2194) Metaspace: 122035K(125888K)->122035K(125888K) NonClass: 105828K(106432K)->105828K(106432K) Class: 16207K(19456K)->16207K(19456K)
[1220.384s][info][gc             ] GC(2194) Pause Full (Allocation Failure) 1858M->1312M(1979M) 245.401ms
[1220.384s][info][gc,cpu         ] GC(2194) User=0.23s Sys=0.00s Real=0.24s
[1220.448s][info][gc,start       ] GC(2195) Pause Young (Allocation Failure)
[1220.448s][info][gc             ] GC(2195) Pause Young (Allocation Failure) 1858M->1858M(1979M) 0.131ms
[1220.448s][info][gc,cpu         ] GC(2195) User=0.00s Sys=0.00s Real=0.00s
[1220.448s][info][gc,start       ] GC(2196) Pause Full (Allocation Failure)
[1220.448s][info][gc,phases,start] GC(2196) Phase 1: Mark live objects
[1220.509s][info][gc,phases      ] GC(2196) Phase 1: Mark live objects 60.417ms
[1220.522s][info][gc,phases,start] GC(2196) Phase 2: Compute new object addresses
[1220.701s][info][gc,phases      ] GC(2196) Phase 2: Compute new object addresses 178.726ms
[1220.701s][info][gc,phases,start] GC(2196) Phase 3: Adjust pointers
[1220.734s][info][gc,phases      ] GC(2196) Phase 3: Adjust pointers 33.387ms
[1220.734s][info][gc,phases,start] GC(2196) Phase 4: Move objects
[1220.766s][info][gc,phases      ] GC(2196) Phase 4: Move objects 32.163ms
[1220.767s][info][gc,heap        ] GC(2196) DefNew: 559232K(629120K)->0K(629120K) Eden: 559232K(559232K)->0K(559232K) From: 0K(69888K)->0K(69888K)
[1220.767s][info][gc,heap        ] GC(2196) Tenured: 1343623K(1398144K)->1241296K(1398144K)
[1220.767s][info][gc,metaspace   ] GC(2196) Metaspace: 122035K(125888K)->122035K(125888K) NonClass: 105828K(106432K)->105828K(106432K) Class: 16207K(19456K)->16207K(19456K)
[1220.767s][info][gc             ] GC(2196) Pause Full (Allocation Failure) 1858M->1212M(1979M) 318.768ms
[1220.767s][info][gc,cpu         ] GC(2196) User=0.30s Sys=0.00s Real=0.31s
[1221.454s][info][gc,heap,exit   ] Heap
[1221.454s][info][gc,heap,exit   ]  def new generation   total 629120K, used 372476K [0x0000000080000000, 0x00000000aaaa0000, 0x00000000aaaa0000)
[1221.454s][info][gc,heap,exit   ]   eden space 559232K,  66% used [0x0000000080000000, 0x0000000096bbf068, 0x00000000a2220000)
[1221.454s][info][gc,heap,exit   ]   from space 69888K,   0% used [0x00000000a2220000, 0x00000000a2220000, 0x00000000a6660000)
[1221.454s][info][gc,heap,exit   ]   to   space 69888K,   0% used [0x00000000a6660000, 0x00000000a6660000, 0x00000000aaaa0000)
[1221.454s][info][gc,heap,exit   ]  tenured generation   total 1398144K, used 1241296K [0x00000000aaaa0000, 0x0000000100000000, 0x0000000100000000)
[1221.454s][info][gc,heap,exit   ]    the space 1398144K,  88% used [0x00000000aaaa0000, 0x00000000f66d41d0, 0x00000000f66d4200, 0x0000000100000000)
[1221.454s][info][gc,heap,exit   ]  Metaspace       used 122433K, committed 126208K, reserved 1179648K
[1221.454s][info][gc,heap,exit   ]   class space    used 16288K, committed 19520K, reserved 1048576K
