[0.026s][info][gc,init] CardTable entry size: 512
[0.026s][info][gc     ] Using Serial
[0.029s][info][gc,init] Version: 20+36-2344 (release)
[0.029s][info][gc,init] CPUs: 48 total, 48 available
[0.029s][info][gc,init] Memory: 382G
[0.029s][info][gc,init] Large Page Support: Disabled
[0.029s][info][gc,init] NUMA Support: Disabled
[0.029s][info][gc,init] Compressed Oops: Enabled (32-bit)
[0.029s][info][gc,init] Heap Min Capacity: 8M
[0.029s][info][gc,init] Heap Initial Capacity: 512M
[0.029s][info][gc,init] Heap Max Capacity: 512M
[0.029s][info][gc,init] Pre-touch: Disabled
[0.036s][info][gc,metaspace] CDS archive(s) mapped at: [0x0000000800000000-0x0000000800c60000-0x0000000800c60000), size 12976128, SharedBaseAddress: 0x0000000800000000, ArchiveRelocationMode: 0.
[0.036s][info][gc,metaspace] Compressed class space mapped at: 0x0000000801000000-0x0000000841000000, reserved size: 1073741824
[0.036s][info][gc,metaspace] Narrow klass base: 0x0000000800000000, Narrow klass shift: 0, Narrow klass range: 0x100000000
[9.800s][info][gc,start    ] GC(0) Pause Full (Metadata GC Threshold)
[9.800s][info][gc,phases,start] GC(0) Phase 1: Mark live objects
[9.821s][info][gc,phases      ] GC(0) Phase 1: Mark live objects 20.843ms
[9.821s][info][gc,phases,start] GC(0) Phase 2: Compute new object addresses
[9.831s][info][gc,phases      ] GC(0) Phase 2: Compute new object addresses 9.961ms
[9.831s][info][gc,phases,start] GC(0) Phase 3: Adjust pointers
[9.838s][info][gc,phases      ] GC(0) Phase 3: Adjust pointers 7.354ms
[9.838s][info][gc,phases,start] GC(0) Phase 4: Move objects
[9.849s][info][gc,phases      ] GC(0) Phase 4: Move objects 10.406ms
[9.850s][info][gc,heap        ] GC(0) DefNew: 114840K(157248K)->0K(157248K) Eden: 114840K(139776K)->0K(139776K) From: 0K(17472K)->0K(17472K)
[9.850s][info][gc,heap        ] GC(0) Tenured: 0K(349568K)->18045K(349568K)
[9.850s][info][gc,metaspace   ] GC(0) Metaspace: 21267K(21504K)->21267K(21504K) NonClass: 18548K(18688K)->18548K(18688K) Class: 2718K(2816K)->2718K(2816K)
[9.850s][info][gc             ] GC(0) Pause Full (Metadata GC Threshold) 112M->17M(494M) 50.487ms
[9.850s][info][gc,cpu         ] GC(0) User=0.05s Sys=0.00s Real=0.05s
[10.754s][info][gc,start       ] GC(1) Pause Full (Metadata GC Threshold)
[10.754s][info][gc,phases,start] GC(1) Phase 1: Mark live objects
[10.783s][info][gc,phases      ] GC(1) Phase 1: Mark live objects 29.427ms
[10.783s][info][gc,phases,start] GC(1) Phase 2: Compute new object addresses
[10.793s][info][gc,phases      ] GC(1) Phase 2: Compute new object addresses 9.809ms
[10.793s][info][gc,phases,start] GC(1) Phase 3: Adjust pointers
[10.803s][info][gc,phases      ] GC(1) Phase 3: Adjust pointers 9.986ms
[10.803s][info][gc,phases,start] GC(1) Phase 4: Move objects
[10.806s][info][gc,phases      ] GC(1) Phase 4: Move objects 3.203ms
[10.807s][info][gc,heap        ] GC(1) DefNew: 93524K(157248K)->0K(157248K) Eden: 93524K(139776K)->0K(139776K) From: 0K(17472K)->0K(17472K)
[10.807s][info][gc,heap        ] GC(1) Tenured: 18045K(349568K)->22582K(349568K)
[10.807s][info][gc,metaspace   ] GC(1) Metaspace: 35441K(35840K)->35441K(35840K) NonClass: 30965K(31168K)->30965K(31168K) Class: 4476K(4672K)->4476K(4672K)
[10.807s][info][gc             ] GC(1) Pause Full (Metadata GC Threshold) 108M->22M(494M) 53.361ms
[10.807s][info][gc,cpu         ] GC(1) User=0.05s Sys=0.00s Real=0.05s
[13.630s][info][gc,start       ] GC(2) Pause Young (Allocation Failure)
[13.644s][info][gc,heap        ] GC(2) DefNew: 139776K(157248K)->2114K(157248K) Eden: 139776K(139776K)->0K(139776K) From: 0K(17472K)->2114K(17472K)
[13.644s][info][gc,heap        ] GC(2) Tenured: 22582K(349568K)->22582K(349568K)
[13.644s][info][gc,metaspace   ] GC(2) Metaspace: 42263K(42624K)->42263K(42624K) NonClass: 36969K(37184K)->36969K(37184K) Class: 5293K(5440K)->5293K(5440K)
[13.644s][info][gc             ] GC(2) Pause Young (Allocation Failure) 158M->24M(494M) 13.786ms
[13.644s][info][gc,cpu         ] GC(2) User=0.02s Sys=0.00s Real=0.02s
[198.803s][info][gc,start       ] GC(3) Pause Young (Allocation Failure)
[198.819s][info][gc,heap        ] GC(3) DefNew: 141890K(157248K)->3142K(157248K) Eden: 139776K(139776K)->0K(139776K) From: 2114K(17472K)->3142K(17472K)
[198.819s][info][gc,heap        ] GC(3) Tenured: 22582K(349568K)->22582K(349568K)
[198.819s][info][gc,metaspace   ] GC(3) Metaspace: 46246K(46720K)->46246K(46720K) NonClass: 40510K(40768K)->40510K(40768K) Class: 5735K(5952K)->5735K(5952K)
[198.819s][info][gc             ] GC(3) Pause Young (Allocation Failure) 160M->25M(494M) 16.382ms
[198.819s][info][gc,cpu         ] GC(3) User=0.02s Sys=0.00s Real=0.02s
[202.519s][info][gc,start       ] GC(4) Pause Full (Metadata GC Threshold)
[202.519s][info][gc,phases,start] GC(4) Phase 1: Mark live objects
[202.554s][info][gc,phases      ] GC(4) Phase 1: Mark live objects 34.992ms
[202.554s][info][gc,phases,start] GC(4) Phase 2: Compute new object addresses
[202.563s][info][gc,phases      ] GC(4) Phase 2: Compute new object addresses 9.356ms
[202.563s][info][gc,phases,start] GC(4) Phase 3: Adjust pointers
[202.577s][info][gc,phases      ] GC(4) Phase 3: Adjust pointers 13.782ms
[202.577s][info][gc,phases,start] GC(4) Phase 4: Move objects
[202.581s][info][gc,phases      ] GC(4) Phase 4: Move objects 3.993ms
[202.582s][info][gc,heap        ] GC(4) DefNew: 51527K(157248K)->0K(157248K) Eden: 48385K(139776K)->0K(139776K) From: 3142K(17472K)->0K(17472K)
[202.582s][info][gc,heap        ] GC(4) Tenured: 22582K(349568K)->28581K(349568K)
[202.582s][info][gc,metaspace   ] GC(4) Metaspace: 59284K(59776K)->59284K(59776K) NonClass: 52054K(52352K)->52054K(52352K) Class: 7230K(7424K)->7230K(7424K)
[202.582s][info][gc             ] GC(4) Pause Full (Metadata GC Threshold) 72M->27M(494M) 63.404ms
[202.582s][info][gc,cpu         ] GC(4) User=0.06s Sys=0.00s Real=0.06s
[203.998s][info][gc,start       ] GC(5) Pause Full (System.gc())
[203.998s][info][gc,phases,start] GC(5) Phase 1: Mark live objects
[204.043s][info][gc,phases      ] GC(5) Phase 1: Mark live objects 45.063ms
[204.043s][info][gc,phases,start] GC(5) Phase 2: Compute new object addresses
[204.060s][info][gc,phases      ] GC(5) Phase 2: Compute new object addresses 16.787ms
[204.060s][info][gc,phases,start] GC(5) Phase 3: Adjust pointers
[204.081s][info][gc,phases      ] GC(5) Phase 3: Adjust pointers 21.423ms
[204.081s][info][gc,phases,start] GC(5) Phase 4: Move objects
[204.093s][info][gc,phases      ] GC(5) Phase 4: Move objects 11.965ms
[204.094s][info][gc,heap        ] GC(5) DefNew: 97571K(157248K)->0K(157248K) Eden: 97571K(139776K)->0K(139776K) From: 0K(17472K)->0K(17472K)
[204.094s][info][gc,heap        ] GC(5) Tenured: 28581K(349568K)->34102K(349568K)
[204.094s][info][gc,metaspace   ] GC(5) Metaspace: 84496K(84992K)->84496K(84992K) NonClass: 74017K(74304K)->74017K(74304K) Class: 10478K(10688K)->10478K(10688K)
[204.095s][info][gc             ] GC(5) Pause Full (System.gc()) 123M->33M(494M) 96.853ms
[204.095s][info][gc,cpu         ] GC(5) User=0.09s Sys=0.00s Real=0.10s
[205.462s][info][gc,start       ] GC(6) Pause Young (Allocation Failure)
[205.498s][info][gc,heap        ] GC(6) DefNew: 139776K(157248K)->11056K(157248K) Eden: 139776K(139776K)->0K(139776K) From: 0K(17472K)->11056K(17472K)
[205.498s][info][gc,heap        ] GC(6) Tenured: 34102K(349568K)->34102K(349568K)
[205.498s][info][gc,metaspace   ] GC(6) Metaspace: 102459K(104448K)->102459K(104448K) NonClass: 88885K(89984K)->88885K(89984K) Class: 13574K(14464K)->13574K(14464K)
[205.498s][info][gc             ] GC(6) Pause Young (Allocation Failure) 169M->44M(494M) 36.360ms
[205.498s][info][gc,cpu         ] GC(6) User=0.14s Sys=0.00s Real=0.03s
[205.903s][info][gc,start       ] GC(7) Pause Young (Allocation Failure)
[205.933s][info][gc,heap        ] GC(7) DefNew: 150832K(157248K)->3942K(157248K) Eden: 139776K(139776K)->0K(139776K) From: 11056K(17472K)->3942K(17472K)
[205.933s][info][gc,heap        ] GC(7) Tenured: 34102K(349568K)->43088K(349568K)
[205.933s][info][gc,metaspace   ] GC(7) Metaspace: 112051K(119360K)->112051K(119360K) NonClass: 96064K(100096K)->96064K(100096K) Class: 15986K(19264K)->15986K(19264K)
[205.933s][info][gc             ] GC(7) Pause Young (Allocation Failure) 180M->45M(494M) 29.957ms
[205.933s][info][gc,cpu         ] GC(7) User=0.02s Sys=0.00s Real=0.02s
[206.930s][info][gc,start       ] GC(8) Pause Young (Allocation Failure)
[206.966s][info][gc,heap        ] GC(8) DefNew: 143718K(157248K)->17471K(157248K) Eden: 139776K(139776K)->0K(139776K) From: 3942K(17472K)->17471K(17472K)
[206.966s][info][gc,heap        ] GC(8) Tenured: 43088K(349568K)->52318K(349568K)
[206.966s][info][gc,metaspace   ] GC(8) Metaspace: 123238K(130560K)->123238K(130560K) NonClass: 104406K(108480K)->104406K(108480K) Class: 18831K(22080K)->18831K(22080K)
[206.966s][info][gc             ] GC(8) Pause Young (Allocation Failure) 182M->68M(494M) 35.500ms
[206.966s][info][gc,cpu         ] GC(8) User=0.06s Sys=0.00s Real=0.03s
[207.211s][info][gc,start       ] GC(9) Pause Young (Allocation Failure)
[207.234s][info][gc,heap        ] GC(9) DefNew: 157247K(157248K)->1768K(157248K) Eden: 139776K(139776K)->0K(139776K) From: 17471K(17472K)->1768K(17472K)
[207.234s][info][gc,heap        ] GC(9) Tenured: 52318K(349568K)->69383K(349568K)
[207.234s][info][gc,metaspace   ] GC(9) Metaspace: 124651K(132032K)->124651K(132032K) NonClass: 105505K(109632K)->105505K(109632K) Class: 19145K(22400K)->19145K(22400K)
[207.234s][info][gc             ] GC(9) Pause Young (Allocation Failure) 204M->69M(494M) 22.970ms
[207.234s][info][gc,cpu         ] GC(9) User=0.02s Sys=0.02s Real=0.02s
[207.340s][info][gc,start       ] GC(10) Pause Young (Allocation Failure)
[207.347s][info][gc,heap        ] GC(10) DefNew: 141544K(157248K)->1874K(157248K) Eden: 139776K(139776K)->0K(139776K) From: 1768K(17472K)->1874K(17472K)
[207.347s][info][gc,heap        ] GC(10) Tenured: 69383K(349568K)->69383K(349568K)
[207.347s][info][gc,metaspace   ] GC(10) Metaspace: 124651K(132032K)->124651K(132032K) NonClass: 105505K(109632K)->105505K(109632K) Class: 19145K(22400K)->19145K(22400K)
[207.347s][info][gc             ] GC(10) Pause Young (Allocation Failure) 205M->69M(494M) 6.663ms
[207.347s][info][gc,cpu         ] GC(10) User=0.03s Sys=0.00s Real=0.02s
[207.394s][info][gc,start       ] GC(11) Pause Young (Allocation Failure)
[207.404s][info][gc,heap        ] GC(11) DefNew: 141650K(157248K)->10435K(157248K) Eden: 139776K(139776K)->0K(139776K) From: 1874K(17472K)->10435K(17472K)
[207.404s][info][gc,heap        ] GC(11) Tenured: 69383K(349568K)->69383K(349568K)
[207.404s][info][gc,metaspace   ] GC(11) Metaspace: 124651K(132032K)->124651K(132032K) NonClass: 105505K(109632K)->105505K(109632K) Class: 19145K(22400K)->19145K(22400K)
[207.404s][info][gc             ] GC(11) Pause Young (Allocation Failure) 206M->77M(494M) 9.217ms
[207.404s][info][gc,cpu         ] GC(11) User=0.00s Sys=0.00s Real=0.00s
[207.421s][info][gc,start       ] GC(12) Pause Young (Allocation Failure)
[207.433s][info][gc,heap        ] GC(12) DefNew: 150211K(157248K)->9258K(157248K) Eden: 139776K(139776K)->0K(139776K) From: 10435K(17472K)->9258K(17472K)
[207.433s][info][gc,heap        ] GC(12) Tenured: 69383K(349568K)->79313K(349568K)
[207.433s][info][gc,metaspace   ] GC(12) Metaspace: 124651K(132032K)->124651K(132032K) NonClass: 105506K(109632K)->105506K(109632K) Class: 19145K(22400K)->19145K(22400K)
[207.434s][info][gc             ] GC(12) Pause Young (Allocation Failure) 214M->86M(494M) 12.086ms
[207.434s][info][gc,cpu         ] GC(12) User=0.00s Sys=0.00s Real=0.00s
[207.449s][info][gc,start       ] GC(13) Pause Young (Allocation Failure)
[207.458s][info][gc,heap        ] GC(13) DefNew: 149034K(157248K)->5447K(157248K) Eden: 139776K(139776K)->0K(139776K) From: 9258K(17472K)->5447K(17472K)
[207.458s][info][gc,heap        ] GC(13) Tenured: 79313K(349568K)->88307K(349568K)
[207.458s][info][gc,metaspace   ] GC(13) Metaspace: 124653K(132032K)->124653K(132032K) NonClass: 105508K(109632K)->105508K(109632K) Class: 19145K(22400K)->19145K(22400K)
[207.458s][info][gc             ] GC(13) Pause Young (Allocation Failure) 222M->91M(494M) 8.992ms
[207.458s][info][gc,cpu         ] GC(13) User=0.02s Sys=0.02s Real=0.02s
[207.473s][info][gc,start       ] GC(14) Pause Young (Allocation Failure)
[207.485s][info][gc,heap        ] GC(14) DefNew: 145223K(157248K)->17136K(157248K) Eden: 139776K(139776K)->0K(139776K) From: 5447K(17472K)->17136K(17472K)
[207.485s][info][gc,heap        ] GC(14) Tenured: 88307K(349568K)->97682K(349568K)
[207.485s][info][gc,metaspace   ] GC(14) Metaspace: 124653K(132032K)->124653K(132032K) NonClass: 105508K(109632K)->105508K(109632K) Class: 19145K(22400K)->19145K(22400K)
[207.485s][info][gc             ] GC(14) Pause Young (Allocation Failure) 228M->112M(494M) 12.255ms
[207.485s][info][gc,cpu         ] GC(14) User=0.02s Sys=0.00s Real=0.02s
[207.501s][info][gc,start       ] GC(15) Pause Young (Allocation Failure)
[207.515s][info][gc,heap        ] GC(15) DefNew: 156912K(157248K)->9757K(157248K) Eden: 139776K(139776K)->0K(139776K) From: 17136K(17472K)->9757K(17472K)
[207.515s][info][gc,heap        ] GC(15) Tenured: 97682K(349568K)->113311K(349568K)
[207.515s][info][gc,metaspace   ] GC(15) Metaspace: 124654K(132032K)->124654K(132032K) NonClass: 105508K(109632K)->105508K(109632K) Class: 19145K(22400K)->19145K(22400K)
[207.515s][info][gc             ] GC(15) Pause Young (Allocation Failure) 248M->120M(494M) 13.974ms
[207.515s][info][gc,cpu         ] GC(15) User=0.08s Sys=0.00s Real=0.02s
[207.530s][info][gc,start       ] GC(16) Pause Young (Allocation Failure)
[207.539s][info][gc,heap        ] GC(16) DefNew: 149533K(157248K)->3531K(157248K) Eden: 139776K(139776K)->0K(139776K) From: 9757K(17472K)->3531K(17472K)
[207.539s][info][gc,heap        ] GC(16) Tenured: 113311K(349568K)->122687K(349568K)
[207.539s][info][gc,metaspace   ] GC(16) Metaspace: 124669K(132032K)->124669K(132032K) NonClass: 105524K(109632K)->105524K(109632K) Class: 19145K(22400K)->19145K(22400K)
[207.539s][info][gc             ] GC(16) Pause Young (Allocation Failure) 256M->123M(494M) 8.746ms
[207.539s][info][gc,cpu         ] GC(16) User=0.05s Sys=0.00s Real=0.01s
[207.553s][info][gc,start       ] GC(17) Pause Young (Allocation Failure)
[207.557s][info][gc,heap        ] GC(17) DefNew: 143307K(157248K)->3451K(157248K) Eden: 139776K(139776K)->0K(139776K) From: 3531K(17472K)->3451K(17472K)
[207.557s][info][gc,heap        ] GC(17) Tenured: 122687K(349568K)->122687K(349568K)
[207.557s][info][gc,metaspace   ] GC(17) Metaspace: 124669K(132032K)->124669K(132032K) NonClass: 105524K(109632K)->105524K(109632K) Class: 19145K(22400K)->19145K(22400K)
[207.557s][info][gc             ] GC(17) Pause Young (Allocation Failure) 259M->123M(494M) 3.517ms
[207.557s][info][gc,cpu         ] GC(17) User=0.00s Sys=0.00s Real=0.00s
[207.571s][info][gc,start       ] GC(18) Pause Young (Allocation Failure)
[207.577s][info][gc,heap        ] GC(18) DefNew: 143227K(157248K)->12935K(157248K) Eden: 139776K(139776K)->0K(139776K) From: 3451K(17472K)->12935K(17472K)
[207.577s][info][gc,heap        ] GC(18) Tenured: 122687K(349568K)->122687K(349568K)
[207.577s][info][gc,metaspace   ] GC(18) Metaspace: 124669K(132032K)->124669K(132032K) NonClass: 105524K(109632K)->105524K(109632K) Class: 19145K(22400K)->19145K(22400K)
[207.577s][info][gc             ] GC(18) Pause Young (Allocation Failure) 259M->132M(494M) 6.097ms
[207.577s][info][gc,cpu         ] GC(18) User=0.03s Sys=0.00s Real=0.02s
[207.591s][info][gc,start       ] GC(19) Pause Young (Allocation Failure)
[207.609s][info][gc,heap        ] GC(19) DefNew: 152711K(157248K)->16040K(157248K) Eden: 139776K(139776K)->0K(139776K) From: 12935K(17472K)->16040K(17472K)
[207.609s][info][gc,heap        ] GC(19) Tenured: 122687K(349568K)->144564K(349568K)
[207.609s][info][gc,metaspace   ] GC(19) Metaspace: 124669K(132032K)->124669K(132032K) NonClass: 105524K(109632K)->105524K(109632K) Class: 19145K(22400K)->19145K(22400K)
[207.609s][info][gc             ] GC(19) Pause Young (Allocation Failure) 268M->156M(494M) 18.270ms
[207.609s][info][gc,cpu         ] GC(19) User=0.03s Sys=0.00s Real=0.02s
[207.622s][info][gc,start       ] GC(20) Pause Young (Allocation Failure)
[207.637s][info][gc,heap        ] GC(20) DefNew: 155816K(157248K)->16035K(157248K) Eden: 139776K(139776K)->0K(139776K) From: 16040K(17472K)->16035K(17472K)
[207.638s][info][gc,heap        ] GC(20) Tenured: 144564K(349568K)->163319K(349568K)
[207.638s][info][gc,metaspace   ] GC(20) Metaspace: 124669K(132032K)->124669K(132032K) NonClass: 105524K(109632K)->105524K(109632K) Class: 19145K(22400K)->19145K(22400K)
[207.638s][info][gc             ] GC(20) Pause Young (Allocation Failure) 293M->175M(494M) 15.478ms
[207.638s][info][gc,cpu         ] GC(20) User=0.03s Sys=0.00s Real=0.02s
[207.650s][info][gc,start       ] GC(21) Pause Young (Allocation Failure)
[207.664s][info][gc,heap        ] GC(21) DefNew: 155811K(157248K)->16009K(157248K) Eden: 139776K(139776K)->0K(139776K) From: 16035K(17472K)->16009K(17472K)
[207.664s][info][gc,heap        ] GC(21) Tenured: 163319K(349568K)->178980K(349568K)
[207.664s][info][gc,metaspace   ] GC(21) Metaspace: 124676K(132032K)->124676K(132032K) NonClass: 105530K(109632K)->105530K(109632K) Class: 19145K(22400K)->19145K(22400K)
[207.664s][info][gc             ] GC(21) Pause Young (Allocation Failure) 311M->190M(494M) 13.976ms
[207.664s][info][gc,cpu         ] GC(21) User=0.02s Sys=0.00s Real=0.02s
[207.676s][info][gc,start       ] GC(22) Pause Young (Allocation Failure)
[207.691s][info][gc,heap        ] GC(22) DefNew: 155785K(157248K)->5092K(157248K) Eden: 139776K(139776K)->0K(139776K) From: 16009K(17472K)->5092K(17472K)
[207.691s][info][gc,heap        ] GC(22) Tenured: 178980K(349568K)->194606K(349568K)
[207.691s][info][gc,metaspace   ] GC(22) Metaspace: 124676K(132032K)->124676K(132032K) NonClass: 105530K(109632K)->105530K(109632K) Class: 19145K(22400K)->19145K(22400K)
[207.691s][info][gc             ] GC(22) Pause Young (Allocation Failure) 326M->195M(494M) 14.736ms
[207.691s][info][gc,cpu         ] GC(22) User=0.02s Sys=0.00s Real=0.02s
[207.703s][info][gc,start       ] GC(23) Pause Young (Allocation Failure)
[207.708s][info][gc,heap        ] GC(23) DefNew: 144868K(157248K)->6729K(157248K) Eden: 139776K(139776K)->0K(139776K) From: 5092K(17472K)->6729K(17472K)
[207.708s][info][gc,heap        ] GC(23) Tenured: 194606K(349568K)->194606K(349568K)
[207.708s][info][gc,metaspace   ] GC(23) Metaspace: 124676K(132032K)->124676K(132032K) NonClass: 105530K(109632K)->105530K(109632K) Class: 19145K(22400K)->19145K(22400K)
[207.708s][info][gc             ] GC(23) Pause Young (Allocation Failure) 331M->196M(494M) 4.319ms
[207.708s][info][gc,cpu         ] GC(23) User=0.03s Sys=0.00s Real=0.02s
[207.721s][info][gc,start       ] GC(24) Pause Young (Allocation Failure)
[207.725s][info][gc,heap        ] GC(24) DefNew: 146505K(157248K)->6708K(157248K) Eden: 139776K(139776K)->0K(139776K) From: 6729K(17472K)->6708K(17472K)
[207.725s][info][gc,heap        ] GC(24) Tenured: 194606K(349568K)->194606K(349568K)
[207.725s][info][gc,metaspace   ] GC(24) Metaspace: 124676K(132032K)->124676K(132032K) NonClass: 105530K(109632K)->105530K(109632K) Class: 19145K(22400K)->19145K(22400K)
[207.725s][info][gc             ] GC(24) Pause Young (Allocation Failure) 333M->196M(494M) 4.449ms
[207.725s][info][gc,cpu         ] GC(24) User=0.03s Sys=0.00s Real=0.02s
[207.737s][info][gc,start       ] GC(25) Pause Young (Allocation Failure)
[207.742s][info][gc,heap        ] GC(25) DefNew: 146484K(157248K)->6643K(157248K) Eden: 139776K(139776K)->0K(139776K) From: 6708K(17472K)->6643K(17472K)
[207.742s][info][gc,heap        ] GC(25) Tenured: 194606K(349568K)->194606K(349568K)
[207.742s][info][gc,metaspace   ] GC(25) Metaspace: 124676K(132032K)->124676K(132032K) NonClass: 105530K(109632K)->105530K(109632K) Class: 19145K(22400K)->19145K(22400K)
[207.742s][info][gc             ] GC(25) Pause Young (Allocation Failure) 333M->196M(494M) 4.909ms
[207.742s][info][gc,cpu         ] GC(25) User=0.05s Sys=0.00s Real=0.02s
[207.755s][info][gc,start       ] GC(26) Pause Young (Allocation Failure)
[207.759s][info][gc,heap        ] GC(26) DefNew: 146419K(157248K)->6672K(157248K) Eden: 139776K(139776K)->0K(139776K) From: 6643K(17472K)->6672K(17472K)
[207.759s][info][gc,heap        ] GC(26) Tenured: 194606K(349568K)->194606K(349568K)
[207.759s][info][gc,metaspace   ] GC(26) Metaspace: 124676K(132032K)->124676K(132032K) NonClass: 105530K(109632K)->105530K(109632K) Class: 19145K(22400K)->19145K(22400K)
[207.759s][info][gc             ] GC(26) Pause Young (Allocation Failure) 333M->196M(494M) 4.155ms
[207.759s][info][gc,cpu         ] GC(26) User=0.03s Sys=0.00s Real=0.01s
[207.772s][info][gc,start       ] GC(27) Pause Young (Allocation Failure)
[207.776s][info][gc,heap        ] GC(27) DefNew: 146448K(157248K)->6723K(157248K) Eden: 139776K(139776K)->0K(139776K) From: 6672K(17472K)->6723K(17472K)
[207.776s][info][gc,heap        ] GC(27) Tenured: 194606K(349568K)->194606K(349568K)
[207.776s][info][gc,metaspace   ] GC(27) Metaspace: 124676K(132032K)->124676K(132032K) NonClass: 105530K(109632K)->105530K(109632K) Class: 19145K(22400K)->19145K(22400K)
[207.776s][info][gc             ] GC(27) Pause Young (Allocation Failure) 333M->196M(494M) 4.308ms
[207.776s][info][gc,cpu         ] GC(27) User=0.02s Sys=0.00s Real=0.02s
[207.789s][info][gc,start       ] GC(28) Pause Young (Allocation Failure)
[207.799s][info][gc,heap        ] GC(28) DefNew: 146499K(157248K)->16078K(157248K) Eden: 139776K(139776K)->0K(139776K) From: 6723K(17472K)->16078K(17472K)
[207.799s][info][gc,heap        ] GC(28) Tenured: 194606K(349568K)->200856K(349568K)
[207.799s][info][gc,metaspace   ] GC(28) Metaspace: 124676K(132032K)->124676K(132032K) NonClass: 105530K(109632K)->105530K(109632K) Class: 19145K(22400K)->19145K(22400K)
[207.799s][info][gc             ] GC(28) Pause Young (Allocation Failure) 333M->211M(494M) 9.883ms
[207.799s][info][gc,cpu         ] GC(28) User=0.03s Sys=0.00s Real=0.01s
[207.812s][info][gc,start       ] GC(29) Pause Young (Allocation Failure)
[207.828s][info][gc,heap        ] GC(29) DefNew: 155854K(157248K)->16070K(157248K) Eden: 139776K(139776K)->0K(139776K) From: 16078K(17472K)->16070K(17472K)
[207.828s][info][gc,heap        ] GC(29) Tenured: 200856K(349568K)->219629K(349568K)
[207.828s][info][gc,metaspace   ] GC(29) Metaspace: 124676K(132032K)->124676K(132032K) NonClass: 105530K(109632K)->105530K(109632K) Class: 19145K(22400K)->19145K(22400K)
[207.828s][info][gc             ] GC(29) Pause Young (Allocation Failure) 348M->230M(494M) 15.750ms
[207.828s][info][gc,cpu         ] GC(29) User=0.03s Sys=0.00s Real=0.02s
[207.839s][info][gc,start       ] GC(30) Pause Young (Allocation Failure)
[207.867s][info][gc,heap        ] GC(30) DefNew: 154404K(157248K)->15953K(157248K) Eden: 138333K(139776K)->0K(139776K) From: 16070K(17472K)->15953K(17472K)
[207.867s][info][gc,heap        ] GC(30) Tenured: 219629K(349568K)->260256K(349568K)
[207.867s][info][gc,metaspace   ] GC(30) Metaspace: 124677K(132032K)->124677K(132032K) NonClass: 105531K(109632K)->105531K(109632K) Class: 19145K(22400K)->19145K(22400K)
[207.867s][info][gc             ] GC(30) Pause Young (Allocation Failure) 365M->269M(494M) 27.369ms
[207.867s][info][gc,cpu         ] GC(30) User=0.03s Sys=0.00s Real=0.03s
[207.883s][info][gc,start       ] GC(31) Pause Young (Allocation Failure)
[207.911s][info][gc,heap        ] GC(31) DefNew: 155729K(157248K)->15951K(157248K) Eden: 139776K(139776K)->0K(139776K) From: 15953K(17472K)->15951K(17472K)
[207.911s][info][gc,heap        ] GC(31) Tenured: 260256K(349568K)->300889K(349568K)
[207.911s][info][gc,metaspace   ] GC(31) Metaspace: 124677K(132032K)->124677K(132032K) NonClass: 105531K(109632K)->105531K(109632K) Class: 19145K(22400K)->19145K(22400K)
[207.911s][info][gc             ] GC(31) Pause Young (Allocation Failure) 406M->309M(494M) 27.595ms
[207.911s][info][gc,cpu         ] GC(31) User=0.02s Sys=0.02s Real=0.02s
[207.925s][info][gc,start       ] GC(32) Pause Young (Allocation Failure)
[207.937s][info][gc,heap        ] GC(32) DefNew: 155727K(157248K)->6704K(157248K) Eden: 139776K(139776K)->0K(139776K) From: 15951K(17472K)->6704K(17472K)
[207.937s][info][gc,heap        ] GC(32) Tenured: 300889K(349568K)->316515K(349568K)
[207.937s][info][gc,metaspace   ] GC(32) Metaspace: 124677K(132032K)->124677K(132032K) NonClass: 105531K(109632K)->105531K(109632K) Class: 19145K(22400K)->19145K(22400K)
[207.937s][info][gc             ] GC(32) Pause Young (Allocation Failure) 445M->315M(494M) 12.192ms
[207.937s][info][gc,cpu         ] GC(32) User=0.00s Sys=0.00s Real=0.00s
[207.950s][info][gc,start       ] GC(33) Pause Young (Allocation Failure)
[207.950s][info][gc             ] GC(33) Pause Young (Allocation Failure) 452M->452M(494M) 0.155ms
[207.950s][info][gc,cpu         ] GC(33) User=0.00s Sys=0.00s Real=0.00s
[207.950s][info][gc,start       ] GC(34) Pause Full (Allocation Failure)
[207.950s][info][gc,phases,start] GC(34) Phase 1: Mark live objects
[208.054s][info][gc,phases      ] GC(34) Phase 1: Mark live objects 103.707ms
[208.054s][info][gc,phases,start] GC(34) Phase 2: Compute new object addresses
[208.099s][info][gc,phases      ] GC(34) Phase 2: Compute new object addresses 44.903ms
[208.099s][info][gc,phases,start] GC(34) Phase 3: Adjust pointers
[208.130s][info][gc,phases      ] GC(34) Phase 3: Adjust pointers 31.655ms
[208.130s][info][gc,phases,start] GC(34) Phase 4: Move objects
[208.165s][info][gc,phases      ] GC(34) Phase 4: Move objects 34.292ms
[208.180s][info][gc,heap        ] GC(34) DefNew: 146480K(157248K)->0K(157248K) Eden: 139776K(139776K)->0K(139776K) From: 6704K(17472K)->0K(17472K)
[208.180s][info][gc,heap        ] GC(34) Tenured: 316515K(349568K)->227276K(349568K)
[208.180s][info][gc,metaspace   ] GC(34) Metaspace: 124678K(132032K)->113941K(129152K) NonClass: 105533K(109632K)->97526K(107008K) Class: 19145K(22400K)->16414K(22144K)
[208.180s][info][gc             ] GC(34) Pause Full (Allocation Failure) 452M->221M(494M) 229.886ms
[208.180s][info][gc,cpu         ] GC(34) User=0.28s Sys=0.00s Real=0.22s
[208.193s][info][gc,start       ] GC(35) Pause Young (Allocation Failure)
[208.199s][info][gc,heap        ] GC(35) DefNew: 139776K(157248K)->6766K(157248K) Eden: 139776K(139776K)->0K(139776K) From: 0K(17472K)->6766K(17472K)
[208.199s][info][gc,heap        ] GC(35) Tenured: 227276K(349568K)->227276K(349568K)
[208.199s][info][gc,metaspace   ] GC(35) Metaspace: 113941K(129152K)->113941K(129152K) NonClass: 97526K(107008K)->97526K(107008K) Class: 16414K(22144K)->16414K(22144K)
[208.199s][info][gc             ] GC(35) Pause Young (Allocation Failure) 358M->228M(494M) 6.794ms
[208.199s][info][gc,cpu         ] GC(35) User=0.00s Sys=0.00s Real=0.00s
[208.216s][info][gc,start       ] GC(36) Pause Young (Allocation Failure)
[208.220s][info][gc,heap        ] GC(36) DefNew: 146542K(157248K)->6814K(157248K) Eden: 139776K(139776K)->0K(139776K) From: 6766K(17472K)->6814K(17472K)
[208.220s][info][gc,heap        ] GC(36) Tenured: 227276K(349568K)->227276K(349568K)
[208.220s][info][gc,metaspace   ] GC(36) Metaspace: 113941K(129152K)->113941K(129152K) NonClass: 97526K(107008K)->97526K(107008K) Class: 16414K(22144K)->16414K(22144K)
[208.220s][info][gc             ] GC(36) Pause Young (Allocation Failure) 365M->228M(494M) 4.550ms
[208.220s][info][gc,cpu         ] GC(36) User=0.00s Sys=0.00s Real=0.01s
[208.232s][info][gc,start       ] GC(37) Pause Young (Allocation Failure)
[208.236s][info][gc,heap        ] GC(37) DefNew: 146590K(157248K)->6765K(157248K) Eden: 139776K(139776K)->0K(139776K) From: 6814K(17472K)->6765K(17472K)
[208.236s][info][gc,heap        ] GC(37) Tenured: 227276K(349568K)->227276K(349568K)
[208.236s][info][gc,metaspace   ] GC(37) Metaspace: 113943K(129152K)->113943K(129152K) NonClass: 97527K(107008K)->97527K(107008K) Class: 16415K(22144K)->16415K(22144K)
[208.236s][info][gc             ] GC(37) Pause Young (Allocation Failure) 365M->228M(494M) 4.389ms
[208.236s][info][gc,cpu         ] GC(37) User=0.00s Sys=0.00s Real=0.00s
[208.247s][info][gc,start       ] GC(38) Pause Young (Allocation Failure)
[208.251s][info][gc,heap        ] GC(38) DefNew: 146541K(157248K)->6824K(157248K) Eden: 139776K(139776K)->0K(139776K) From: 6765K(17472K)->6824K(17472K)
[208.251s][info][gc,heap        ] GC(38) Tenured: 227276K(349568K)->227276K(349568K)
[208.251s][info][gc,metaspace   ] GC(38) Metaspace: 113943K(129152K)->113943K(129152K) NonClass: 97527K(107008K)->97527K(107008K) Class: 16415K(22144K)->16415K(22144K)
[208.252s][info][gc             ] GC(38) Pause Young (Allocation Failure) 365M->228M(494M) 4.151ms
[208.252s][info][gc,cpu         ] GC(38) User=0.00s Sys=0.00s Real=0.00s
[208.262s][info][gc,start       ] GC(39) Pause Young (Allocation Failure)
[208.267s][info][gc,heap        ] GC(39) DefNew: 146600K(157248K)->6818K(157248K) Eden: 139776K(139776K)->0K(139776K) From: 6824K(17472K)->6818K(17472K)
[208.267s][info][gc,heap        ] GC(39) Tenured: 227276K(349568K)->227276K(349568K)
[208.267s][info][gc,metaspace   ] GC(39) Metaspace: 113943K(129152K)->113943K(129152K) NonClass: 97527K(107008K)->97527K(107008K) Class: 16415K(22144K)->16415K(22144K)
[208.267s][info][gc             ] GC(39) Pause Young (Allocation Failure) 365M->228M(494M) 4.135ms
[208.267s][info][gc,cpu         ] GC(39) User=0.00s Sys=0.00s Real=0.00s
[208.277s][info][gc,start       ] GC(40) Pause Young (Allocation Failure)
[208.281s][info][gc,heap        ] GC(40) DefNew: 146594K(157248K)->6857K(157248K) Eden: 139776K(139776K)->0K(139776K) From: 6818K(17472K)->6857K(17472K)
[208.281s][info][gc,heap        ] GC(40) Tenured: 227276K(349568K)->227276K(349568K)
[208.281s][info][gc,metaspace   ] GC(40) Metaspace: 113943K(129152K)->113943K(129152K) NonClass: 97527K(107008K)->97527K(107008K) Class: 16415K(22144K)->16415K(22144K)
[208.282s][info][gc             ] GC(40) Pause Young (Allocation Failure) 365M->228M(494M) 4.152ms
[208.282s][info][gc,cpu         ] GC(40) User=0.00s Sys=0.00s Real=0.00s
[208.292s][info][gc,start       ] GC(41) Pause Young (Allocation Failure)
[208.296s][info][gc,heap        ] GC(41) DefNew: 146633K(157248K)->6840K(157248K) Eden: 139776K(139776K)->0K(139776K) From: 6857K(17472K)->6840K(17472K)
[208.296s][info][gc,heap        ] GC(41) Tenured: 227276K(349568K)->227276K(349568K)
[208.296s][info][gc,metaspace   ] GC(41) Metaspace: 113943K(129152K)->113943K(129152K) NonClass: 97527K(107008K)->97527K(107008K) Class: 16415K(22144K)->16415K(22144K)
[208.297s][info][gc             ] GC(41) Pause Young (Allocation Failure) 365M->228M(494M) 4.024ms
[208.297s][info][gc,cpu         ] GC(41) User=0.00s Sys=0.00s Real=0.00s
[208.307s][info][gc,start       ] GC(42) Pause Young (Allocation Failure)
[208.311s][info][gc,heap        ] GC(42) DefNew: 146616K(157248K)->6918K(157248K) Eden: 139776K(139776K)->0K(139776K) From: 6840K(17472K)->6918K(17472K)
[208.311s][info][gc,heap        ] GC(42) Tenured: 227276K(349568K)->227276K(349568K)
[208.311s][info][gc,metaspace   ] GC(42) Metaspace: 113943K(129152K)->113943K(129152K) NonClass: 97527K(107008K)->97527K(107008K) Class: 16415K(22144K)->16415K(22144K)
[208.311s][info][gc             ] GC(42) Pause Young (Allocation Failure) 365M->228M(494M) 4.095ms
[208.311s][info][gc,cpu         ] GC(42) User=0.00s Sys=0.00s Real=0.00s
[208.322s][info][gc,start       ] GC(43) Pause Young (Allocation Failure)
[208.326s][info][gc,heap        ] GC(43) DefNew: 146694K(157248K)->6813K(157248K) Eden: 139776K(139776K)->0K(139776K) From: 6918K(17472K)->6813K(17472K)
[208.326s][info][gc,heap        ] GC(43) Tenured: 227276K(349568K)->227276K(349568K)
[208.326s][info][gc,metaspace   ] GC(43) Metaspace: 113943K(129152K)->113943K(129152K) NonClass: 97527K(107008K)->97527K(107008K) Class: 16415K(22144K)->16415K(22144K)
[208.326s][info][gc             ] GC(43) Pause Young (Allocation Failure) 365M->228M(494M) 3.974ms
[208.326s][info][gc,cpu         ] GC(43) User=0.00s Sys=0.00s Real=0.00s
[208.337s][info][gc,start       ] GC(44) Pause Young (Allocation Failure)
[208.341s][info][gc,heap        ] GC(44) DefNew: 146589K(157248K)->6729K(157248K) Eden: 139776K(139776K)->0K(139776K) From: 6813K(17472K)->6729K(17472K)
[208.341s][info][gc,heap        ] GC(44) Tenured: 227276K(349568K)->227276K(349568K)
[208.341s][info][gc,metaspace   ] GC(44) Metaspace: 113943K(129152K)->113943K(129152K) NonClass: 97527K(107008K)->97527K(107008K) Class: 16415K(22144K)->16415K(22144K)
[208.341s][info][gc             ] GC(44) Pause Young (Allocation Failure) 365M->228M(494M) 4.243ms
[208.341s][info][gc,cpu         ] GC(44) User=0.00s Sys=0.00s Real=0.00s
[208.352s][info][gc,start       ] GC(45) Pause Young (Allocation Failure)
[208.356s][info][gc,heap        ] GC(45) DefNew: 146505K(157248K)->6875K(157248K) Eden: 139776K(139776K)->0K(139776K) From: 6729K(17472K)->6875K(17472K)
[208.356s][info][gc,heap        ] GC(45) Tenured: 227276K(349568K)->227276K(349568K)
[208.356s][info][gc,metaspace   ] GC(45) Metaspace: 113943K(129152K)->113943K(129152K) NonClass: 97527K(107008K)->97527K(107008K) Class: 16415K(22144K)->16415K(22144K)
[208.356s][info][gc             ] GC(45) Pause Young (Allocation Failure) 365M->228M(494M) 4.796ms
[208.356s][info][gc,cpu         ] GC(45) User=0.00s Sys=0.00s Real=0.00s
[208.367s][info][gc,start       ] GC(46) Pause Young (Allocation Failure)
[208.371s][info][gc,heap        ] GC(46) DefNew: 146651K(157248K)->6792K(157248K) Eden: 139776K(139776K)->0K(139776K) From: 6875K(17472K)->6792K(17472K)
[208.371s][info][gc,heap        ] GC(46) Tenured: 227276K(349568K)->227276K(349568K)
[208.371s][info][gc,metaspace   ] GC(46) Metaspace: 113943K(129152K)->113943K(129152K) NonClass: 97527K(107008K)->97527K(107008K) Class: 16415K(22144K)->16415K(22144K)
[208.371s][info][gc             ] GC(46) Pause Young (Allocation Failure) 365M->228M(494M) 4.095ms
[208.371s][info][gc,cpu         ] GC(46) User=0.00s Sys=0.00s Real=0.00s
[208.382s][info][gc,start       ] GC(47) Pause Young (Allocation Failure)
[208.386s][info][gc,heap        ] GC(47) DefNew: 146568K(157248K)->6894K(157248K) Eden: 139776K(139776K)->0K(139776K) From: 6792K(17472K)->6894K(17472K)
[208.386s][info][gc,heap        ] GC(47) Tenured: 227276K(349568K)->227276K(349568K)
[208.386s][info][gc,metaspace   ] GC(47) Metaspace: 113943K(129152K)->113943K(129152K) NonClass: 97527K(107008K)->97527K(107008K) Class: 16415K(22144K)->16415K(22144K)
[208.386s][info][gc             ] GC(47) Pause Young (Allocation Failure) 365M->228M(494M) 4.475ms
[208.386s][info][gc,cpu         ] GC(47) User=0.00s Sys=0.00s Real=0.00s
[208.397s][info][gc,start       ] GC(48) Pause Young (Allocation Failure)
[208.402s][info][gc,heap        ] GC(48) DefNew: 146670K(157248K)->6802K(157248K) Eden: 139776K(139776K)->0K(139776K) From: 6894K(17472K)->6802K(17472K)
[208.402s][info][gc,heap        ] GC(48) Tenured: 227276K(349568K)->227276K(349568K)
[208.402s][info][gc,metaspace   ] GC(48) Metaspace: 113943K(129152K)->113943K(129152K) NonClass: 97527K(107008K)->97527K(107008K) Class: 16415K(22144K)->16415K(22144K)
[208.402s][info][gc             ] GC(48) Pause Young (Allocation Failure) 365M->228M(494M) 4.584ms
[208.402s][info][gc,cpu         ] GC(48) User=0.00s Sys=0.00s Real=0.00s
[208.419s][info][gc,start       ] GC(49) Pause Young (Allocation Failure)
[208.428s][info][gc,heap        ] GC(49) DefNew: 146578K(157248K)->16105K(157248K) Eden: 139776K(139776K)->0K(139776K) From: 6802K(17472K)->16105K(17472K)
[208.428s][info][gc,heap        ] GC(49) Tenured: 227276K(349568K)->236651K(349568K)
[208.428s][info][gc,metaspace   ] GC(49) Metaspace: 113943K(129152K)->113943K(129152K) NonClass: 97527K(107008K)->97527K(107008K) Class: 16415K(22144K)->16415K(22144K)
[208.428s][info][gc             ] GC(49) Pause Young (Allocation Failure) 365M->246M(494M) 8.879ms
[208.428s][info][gc,cpu         ] GC(49) User=0.00s Sys=0.00s Real=0.00s
[208.439s][info][gc,start       ] GC(50) Pause Young (Allocation Failure)
[208.448s][info][gc,heap        ] GC(50) DefNew: 155881K(157248K)->12939K(157248K) Eden: 139776K(139776K)->0K(139776K) From: 16105K(17472K)->12939K(17472K)
[208.448s][info][gc,heap        ] GC(50) Tenured: 236651K(349568K)->252384K(349568K)
[208.448s][info][gc,metaspace   ] GC(50) Metaspace: 113943K(129152K)->113943K(129152K) NonClass: 97527K(107008K)->97527K(107008K) Class: 16415K(22144K)->16415K(22144K)
[208.448s][info][gc             ] GC(50) Pause Young (Allocation Failure) 383M->259M(494M) 9.534ms
[208.448s][info][gc,cpu         ] GC(50) User=0.03s Sys=0.00s Real=0.02s
[208.459s][info][gc,start       ] GC(51) Pause Young (Allocation Failure)
[208.472s][info][gc,heap        ] GC(51) DefNew: 152715K(157248K)->13001K(157248K) Eden: 139776K(139776K)->0K(139776K) From: 12939K(17472K)->13001K(17472K)
[208.472s][info][gc,heap        ] GC(51) Tenured: 252384K(349568K)->283637K(349568K)
[208.472s][info][gc,metaspace   ] GC(51) Metaspace: 113943K(129152K)->113943K(129152K) NonClass: 97527K(107008K)->97527K(107008K) Class: 16415K(22144K)->16415K(22144K)
[208.472s][info][gc             ] GC(51) Pause Young (Allocation Failure) 395M->289M(494M) 13.200ms
[208.472s][info][gc,cpu         ] GC(51) User=0.05s Sys=0.00s Real=0.02s
[208.488s][info][gc,start       ] GC(52) Pause Young (Allocation Failure)
[208.510s][info][gc,heap        ] GC(52) DefNew: 152777K(157248K)->12890K(157248K) Eden: 139776K(139776K)->0K(139776K) From: 13001K(17472K)->12890K(17472K)
[208.510s][info][gc,heap        ] GC(52) Tenured: 283637K(349568K)->333641K(349568K)
[208.510s][info][gc,metaspace   ] GC(52) Metaspace: 113943K(129152K)->113943K(129152K) NonClass: 97527K(107008K)->97527K(107008K) Class: 16415K(22144K)->16415K(22144K)
[208.510s][info][gc             ] GC(52) Pause Young (Allocation Failure) 426M->338M(494M) 22.173ms
[208.510s][info][gc,cpu         ] GC(52) User=0.03s Sys=0.00s Real=0.02s
[208.526s][info][gc,start       ] GC(53) Pause Young (Allocation Failure)
[208.526s][info][gc             ] GC(53) Pause Young (Allocation Failure) 471M->471M(494M) 0.247ms
[208.526s][info][gc,cpu         ] GC(53) User=0.00s Sys=0.00s Real=0.00s
[208.526s][info][gc,start       ] GC(54) Pause Full (Allocation Failure)
[208.527s][info][gc,phases,start] GC(54) Phase 1: Mark live objects
[208.592s][info][gc,phases      ] GC(54) Phase 1: Mark live objects 65.256ms
[208.592s][info][gc,phases,start] GC(54) Phase 2: Compute new object addresses
[208.629s][info][gc,phases      ] GC(54) Phase 2: Compute new object addresses 37.155ms
[208.629s][info][gc,phases,start] GC(54) Phase 3: Adjust pointers
[208.658s][info][gc,phases      ] GC(54) Phase 3: Adjust pointers 28.869ms
[208.658s][info][gc,phases,start] GC(54) Phase 4: Move objects
[208.715s][info][gc,phases      ] GC(54) Phase 4: Move objects 57.382ms
[208.716s][info][gc,heap        ] GC(54) DefNew: 149388K(157248K)->0K(157248K) Eden: 136497K(139776K)->0K(139776K) From: 12890K(17472K)->0K(17472K)
[208.716s][info][gc,heap        ] GC(54) Tenured: 333641K(349568K)->328009K(349568K)
[208.716s][info][gc,metaspace   ] GC(54) Metaspace: 113943K(129152K)->113943K(129152K) NonClass: 97527K(107008K)->97527K(107008K) Class: 16415K(22144K)->16415K(22144K)
[208.716s][info][gc             ] GC(54) Pause Full (Allocation Failure) 471M->320M(494M) 189.667ms
[208.716s][info][gc,cpu         ] GC(54) User=0.19s Sys=0.00s Real=0.19s
[208.730s][info][gc,start       ] GC(55) Pause Young (Allocation Failure)
[208.730s][info][gc,heap        ] GC(55) DefNew: 139776K(157248K)->139776K(157248K) Eden: 139776K(139776K)->139776K(139776K) From: 0K(17472K)->0K(17472K)
[208.730s][info][gc,heap        ] GC(55) Tenured: 328009K(349568K)->328009K(349568K)
[208.730s][info][gc,metaspace   ] GC(55) Metaspace: 113943K(129152K)->113943K(129152K) NonClass: 97527K(107008K)->97527K(107008K) Class: 16415K(22144K)->16415K(22144K)
[208.730s][info][gc             ] GC(55) Pause Young (Allocation Failure) 456M->456M(494M) 0.286ms
[208.730s][info][gc,cpu         ] GC(55) User=0.00s Sys=0.00s Real=0.00s
[208.730s][info][gc,start       ] GC(56) Pause Full (Allocation Failure)
[208.730s][info][gc,phases,start] GC(56) Phase 1: Mark live objects
[208.794s][info][gc,phases      ] GC(56) Phase 1: Mark live objects 63.504ms
[208.794s][info][gc,phases,start] GC(56) Phase 2: Compute new object addresses
[208.833s][info][gc,phases      ] GC(56) Phase 2: Compute new object addresses 38.917ms
[208.833s][info][gc,phases,start] GC(56) Phase 3: Adjust pointers
[208.860s][info][gc,phases      ] GC(56) Phase 3: Adjust pointers 27.683ms
[208.860s][info][gc,phases,start] GC(56) Phase 4: Move objects
[208.935s][info][gc,phases      ] GC(56) Phase 4: Move objects 74.442ms
[208.937s][info][gc,heap        ] GC(56) DefNew: 139776K(157248K)->0K(157248K) Eden: 139776K(139776K)->0K(139776K) From: 0K(17472K)->0K(17472K)
[208.937s][info][gc,heap        ] GC(56) Tenured: 328009K(349568K)->310204K(349568K)
[208.937s][info][gc,metaspace   ] GC(56) Metaspace: 113943K(129152K)->113133K(124480K) NonClass: 97527K(107008K)->96871K(104000K) Class: 16415K(22144K)->16262K(20480K)
[208.937s][info][gc             ] GC(56) Pause Full (Allocation Failure) 456M->302M(494M) 207.309ms
[208.937s][info][gc,cpu         ] GC(56) User=0.20s Sys=0.00s Real=0.21s
[208.954s][info][gc,start       ] GC(57) Pause Young (Allocation Failure)
[208.954s][info][gc             ] GC(57) Pause Young (Allocation Failure) 439M->439M(494M) 0.199ms
[208.954s][info][gc,cpu         ] GC(57) User=0.00s Sys=0.00s Real=0.00s
[208.954s][info][gc,start       ] GC(58) Pause Full (Allocation Failure)
[208.954s][info][gc,phases,start] GC(58) Phase 1: Mark live objects
[209.009s][info][gc,phases      ] GC(58) Phase 1: Mark live objects 55.147ms
[209.009s][info][gc,phases,start] GC(58) Phase 2: Compute new object addresses
[209.048s][info][gc,phases      ] GC(58) Phase 2: Compute new object addresses 38.538ms
[209.048s][info][gc,phases,start] GC(58) Phase 3: Adjust pointers
[209.073s][info][gc,phases      ] GC(58) Phase 3: Adjust pointers 25.195ms
[209.073s][info][gc,phases,start] GC(58) Phase 4: Move objects
[209.133s][info][gc,phases      ] GC(58) Phase 4: Move objects 60.046ms
[209.134s][info][gc,heap        ] GC(58) DefNew: 139776K(157248K)->0K(157248K) Eden: 139776K(139776K)->0K(139776K) From: 0K(17472K)->0K(17472K)
[209.134s][info][gc,heap        ] GC(58) Tenured: 310204K(349568K)->332084K(349568K)
[209.134s][info][gc,metaspace   ] GC(58) Metaspace: 113133K(124480K)->113133K(124480K) NonClass: 96871K(104000K)->96871K(104000K) Class: 16262K(20480K)->16262K(20480K)
[209.134s][info][gc             ] GC(58) Pause Full (Allocation Failure) 439M->324M(494M) 179.594ms
[209.134s][info][gc,cpu         ] GC(58) User=0.17s Sys=0.00s Real=0.17s
[209.150s][info][gc,start       ] GC(59) Pause Young (Allocation Failure)
[209.150s][info][gc,heap        ] GC(59) DefNew: 139776K(157248K)->139776K(157248K) Eden: 139776K(139776K)->139776K(139776K) From: 0K(17472K)->0K(17472K)
[209.150s][info][gc,heap        ] GC(59) Tenured: 332084K(349568K)->332084K(349568K)
[209.150s][info][gc,metaspace   ] GC(59) Metaspace: 113133K(124480K)->113133K(124480K) NonClass: 96871K(104000K)->96871K(104000K) Class: 16262K(20480K)->16262K(20480K)
[209.150s][info][gc             ] GC(59) Pause Young (Allocation Failure) 460M->460M(494M) 0.161ms
[209.150s][info][gc,cpu         ] GC(59) User=0.00s Sys=0.00s Real=0.00s
[209.150s][info][gc,start       ] GC(60) Pause Full (Allocation Failure)
[209.150s][info][gc,phases,start] GC(60) Phase 1: Mark live objects
[209.195s][info][gc,phases      ] GC(60) Phase 1: Mark live objects 44.919ms
[209.195s][info][gc,phases,start] GC(60) Phase 2: Compute new object addresses
[209.231s][info][gc,phases      ] GC(60) Phase 2: Compute new object addresses 35.592ms
[209.231s][info][gc,phases,start] GC(60) Phase 3: Adjust pointers
[209.256s][info][gc,phases      ] GC(60) Phase 3: Adjust pointers 25.135ms
[209.256s][info][gc,phases,start] GC(60) Phase 4: Move objects
[209.326s][info][gc,phases      ] GC(60) Phase 4: Move objects 69.977ms
[209.326s][info][gc,heap        ] GC(60) DefNew: 139776K(157248K)->12915K(157248K) Eden: 139776K(139776K)->12915K(139776K) From: 0K(17472K)->0K(17472K)
[209.326s][info][gc,heap        ] GC(60) Tenured: 332084K(349568K)->347188K(349568K)
[209.326s][info][gc,metaspace   ] GC(60) Metaspace: 113133K(124480K)->113133K(124480K) NonClass: 96871K(104000K)->96871K(104000K) Class: 16262K(20480K)->16262K(20480K)
[209.326s][info][gc             ] GC(60) Pause Full (Allocation Failure) 460M->351M(494M) 176.267ms
[209.327s][info][gc,cpu         ] GC(60) User=0.17s Sys=0.00s Real=0.17s
[211.123s][info][gc,start       ] GC(61) Pause Full (Allocation Failure)
[211.123s][info][gc,phases,start] GC(61) Phase 1: Mark live objects
[211.169s][info][gc,phases      ] GC(61) Phase 1: Mark live objects 45.914ms
[211.169s][info][gc,phases,start] GC(61) Phase 2: Compute new object addresses
[211.214s][info][gc,phases      ] GC(61) Phase 2: Compute new object addresses 45.427ms
[211.214s][info][gc,phases,start] GC(61) Phase 3: Adjust pointers
[211.241s][info][gc,phases      ] GC(61) Phase 3: Adjust pointers 26.583ms
[211.241s][info][gc,phases,start] GC(61) Phase 4: Move objects
[211.305s][info][gc,phases      ] GC(61) Phase 4: Move objects 63.531ms
[211.305s][info][gc,heap        ] GC(61) DefNew: 157248K(157248K)->12656K(157248K) Eden: 139776K(139776K)->12656K(139776K) From: 17472K(17472K)->0K(17472K)
[211.305s][info][gc,heap        ] GC(61) Tenured: 349568K(349568K)->347592K(349568K)
[211.305s][info][gc,metaspace   ] GC(61) Metaspace: 113133K(124480K)->113133K(124480K) NonClass: 96871K(104000K)->96871K(104000K) Class: 16262K(20480K)->16262K(20480K)
[211.305s][info][gc             ] GC(61) Pause Full (Allocation Failure) 494M->351M(494M) 182.278ms
[211.305s][info][gc,cpu         ] GC(61) User=0.19s Sys=0.00s Real=0.18s
[213.141s][info][gc,start       ] GC(62) Pause Full (Allocation Failure)
[213.141s][info][gc,phases,start] GC(62) Phase 1: Mark live objects
[213.189s][info][gc,phases      ] GC(62) Phase 1: Mark live objects 48.342ms
[213.189s][info][gc,phases,start] GC(62) Phase 2: Compute new object addresses
[213.242s][info][gc,phases      ] GC(62) Phase 2: Compute new object addresses 52.639ms
[213.242s][info][gc,phases,start] GC(62) Phase 3: Adjust pointers
[213.270s][info][gc,phases      ] GC(62) Phase 3: Adjust pointers 27.649ms
[213.270s][info][gc,phases,start] GC(62) Phase 4: Move objects
[213.270s][info][gc,phases      ] GC(62) Phase 4: Move objects 0.287ms
[213.270s][info][gc,heap        ] GC(62) DefNew: 157248K(157248K)->12755K(157248K) Eden: 139776K(139776K)->12755K(139776K) From: 17472K(17472K)->0K(17472K)
[213.270s][info][gc,heap        ] GC(62) Tenured: 349567K(349568K)->349567K(349568K)
[213.270s][info][gc,metaspace   ] GC(62) Metaspace: 113133K(124480K)->113133K(124480K) NonClass: 96871K(104000K)->96871K(104000K) Class: 16262K(20480K)->16262K(20480K)
[213.271s][info][gc             ] GC(62) Pause Full (Allocation Failure) 494M->353M(494M) 129.659ms
[213.271s][info][gc,cpu         ] GC(62) User=0.13s Sys=0.00s Real=0.13s
[214.892s][info][gc,start       ] GC(63) Pause Full (Allocation Failure)
[214.892s][info][gc,phases,start] GC(63) Phase 1: Mark live objects
[214.940s][info][gc,phases      ] GC(63) Phase 1: Mark live objects 47.623ms
[214.940s][info][gc,phases,start] GC(63) Phase 2: Compute new object addresses
[214.992s][info][gc,phases      ] GC(63) Phase 2: Compute new object addresses 51.889ms
[214.992s][info][gc,phases,start] GC(63) Phase 3: Adjust pointers
[215.020s][info][gc,phases      ] GC(63) Phase 3: Adjust pointers 28.467ms
[215.020s][info][gc,phases,start] GC(63) Phase 4: Move objects
[215.094s][info][gc,phases      ] GC(63) Phase 4: Move objects 73.317ms
[215.094s][info][gc,heap        ] GC(63) DefNew: 157247K(157248K)->7047K(157248K) Eden: 139776K(139776K)->7047K(139776K) From: 17471K(17472K)->0K(17472K)
[215.094s][info][gc,heap        ] GC(63) Tenured: 349567K(349568K)->344032K(349568K)
[215.094s][info][gc,metaspace   ] GC(63) Metaspace: 113139K(124480K)->113139K(124480K) NonClass: 96873K(104000K)->96873K(104000K) Class: 16265K(20480K)->16265K(20480K)
[215.094s][info][gc             ] GC(63) Pause Full (Allocation Failure) 494M->342M(494M) 202.271ms
[215.094s][info][gc,cpu         ] GC(63) User=0.20s Sys=0.00s Real=0.20s
[217.164s][info][gc,start       ] GC(64) Pause Full (Allocation Failure)
[217.164s][info][gc,phases,start] GC(64) Phase 1: Mark live objects
[217.223s][info][gc,phases      ] GC(64) Phase 1: Mark live objects 58.749ms
[217.223s][info][gc,phases,start] GC(64) Phase 2: Compute new object addresses
[217.277s][info][gc,phases      ] GC(64) Phase 2: Compute new object addresses 54.038ms
[217.277s][info][gc,phases,start] GC(64) Phase 3: Adjust pointers
[217.310s][info][gc,phases      ] GC(64) Phase 3: Adjust pointers 32.587ms
[217.310s][info][gc,phases,start] GC(64) Phase 4: Move objects
[217.312s][info][gc,phases      ] GC(64) Phase 4: Move objects 2.165ms
[217.313s][info][gc,heap        ] GC(64) DefNew: 157247K(157248K)->13174K(157248K) Eden: 139776K(139776K)->13174K(139776K) From: 17471K(17472K)->0K(17472K)
[217.313s][info][gc,heap        ] GC(64) Tenured: 349567K(349568K)->349567K(349568K)
[217.313s][info][gc,metaspace   ] GC(64) Metaspace: 113194K(124480K)->113194K(124480K) NonClass: 96910K(104000K)->96910K(104000K) Class: 16283K(20480K)->16283K(20480K)
[217.313s][info][gc             ] GC(64) Pause Full (Allocation Failure) 494M->354M(494M) 149.080ms
[217.313s][info][gc,cpu         ] GC(64) User=0.14s Sys=0.00s Real=0.15s
[218.884s][info][gc,start       ] GC(65) Pause Full (Allocation Failure)
[218.884s][info][gc,phases,start] GC(65) Phase 1: Mark live objects
[218.923s][info][gc,phases      ] GC(65) Phase 1: Mark live objects 39.612ms
[218.923s][info][gc,phases,start] GC(65) Phase 2: Compute new object addresses
[218.976s][info][gc,phases      ] GC(65) Phase 2: Compute new object addresses 52.389ms
[218.976s][info][gc,phases,start] GC(65) Phase 3: Adjust pointers
[218.998s][info][gc,phases      ] GC(65) Phase 3: Adjust pointers 21.852ms
[218.998s][info][gc,phases,start] GC(65) Phase 4: Move objects
[219.000s][info][gc,phases      ] GC(65) Phase 4: Move objects 1.953ms
[219.000s][info][gc,heap        ] GC(65) DefNew: 157247K(157248K)->13779K(157248K) Eden: 139776K(139776K)->13779K(139776K) From: 17471K(17472K)->0K(17472K)
[219.000s][info][gc,heap        ] GC(65) Tenured: 349568K(349568K)->349568K(349568K)
[219.000s][info][gc,metaspace   ] GC(65) Metaspace: 113230K(124480K)->113230K(124480K) NonClass: 96936K(104000K)->96936K(104000K) Class: 16293K(20480K)->16293K(20480K)
[219.000s][info][gc             ] GC(65) Pause Full (Allocation Failure) 494M->354M(494M) 116.528ms
[219.000s][info][gc,cpu         ] GC(65) User=0.11s Sys=0.00s Real=0.11s
[219.846s][info][gc,start       ] GC(66) Pause Full (Allocation Failure)
[219.846s][info][gc,phases,start] GC(66) Phase 1: Mark live objects
[219.887s][info][gc,phases      ] GC(66) Phase 1: Mark live objects 40.206ms
[219.887s][info][gc,phases,start] GC(66) Phase 2: Compute new object addresses
[219.935s][info][gc,phases      ] GC(66) Phase 2: Compute new object addresses 48.356ms
[219.935s][info][gc,phases,start] GC(66) Phase 3: Adjust pointers
[219.960s][info][gc,phases      ] GC(66) Phase 3: Adjust pointers 25.447ms
[219.960s][info][gc,phases,start] GC(66) Phase 4: Move objects
[219.963s][info][gc,phases      ] GC(66) Phase 4: Move objects 2.949ms
[219.964s][info][gc,heap        ] GC(66) DefNew: 157247K(157248K)->18175K(157248K) Eden: 139776K(139776K)->18175K(139776K) From: 17471K(17472K)->0K(17472K)
[219.964s][info][gc,heap        ] GC(66) Tenured: 349568K(349568K)->349568K(349568K)
[219.964s][info][gc,metaspace   ] GC(66) Metaspace: 113256K(124480K)->113256K(124480K) NonClass: 96954K(104000K)->96954K(104000K) Class: 16301K(20480K)->16301K(20480K)
[219.964s][info][gc             ] GC(66) Pause Full (Allocation Failure) 494M->359M(494M) 117.854ms
[219.964s][info][gc,cpu         ] GC(66) User=0.13s Sys=0.00s Real=0.12s
[220.819s][info][gc,start       ] GC(67) Pause Full (Allocation Failure)
[220.819s][info][gc,phases,start] GC(67) Phase 1: Mark live objects
[220.859s][info][gc,phases      ] GC(67) Phase 1: Mark live objects 40.081ms
[220.859s][info][gc,phases,start] GC(67) Phase 2: Compute new object addresses
[220.906s][info][gc,phases      ] GC(67) Phase 2: Compute new object addresses 46.847ms
[220.906s][info][gc,phases,start] GC(67) Phase 3: Adjust pointers
[220.932s][info][gc,phases      ] GC(67) Phase 3: Adjust pointers 25.876ms
[220.932s][info][gc,phases,start] GC(67) Phase 4: Move objects
[221.006s][info][gc,phases      ] GC(67) Phase 4: Move objects 73.266ms
[221.006s][info][gc,heap        ] GC(67) DefNew: 157247K(157248K)->4967K(157248K) Eden: 139776K(139776K)->4967K(139776K) From: 17471K(17472K)->0K(17472K)
[221.006s][info][gc,heap        ] GC(67) Tenured: 349568K(349568K)->345855K(349568K)
[221.006s][info][gc,metaspace   ] GC(67) Metaspace: 113256K(124480K)->113256K(124480K) NonClass: 96954K(104000K)->96954K(104000K) Class: 16301K(20480K)->16301K(20480K)
[221.006s][info][gc             ] GC(67) Pause Full (Allocation Failure) 494M->342M(494M) 187.060ms
[221.006s][info][gc,cpu         ] GC(67) User=0.19s Sys=0.00s Real=0.19s
[222.561s][info][gc,start       ] GC(68) Pause Full (Allocation Failure)
[222.561s][info][gc,phases,start] GC(68) Phase 1: Mark live objects
[222.603s][info][gc,phases      ] GC(68) Phase 1: Mark live objects 42.337ms
[222.603s][info][gc,phases,start] GC(68) Phase 2: Compute new object addresses
[222.654s][info][gc,phases      ] GC(68) Phase 2: Compute new object addresses 50.986ms
[222.654s][info][gc,phases,start] GC(68) Phase 3: Adjust pointers
[222.677s][info][gc,phases      ] GC(68) Phase 3: Adjust pointers 22.604ms
[222.677s][info][gc,phases,start] GC(68) Phase 4: Move objects
[222.679s][info][gc,phases      ] GC(68) Phase 4: Move objects 1.985ms
[222.679s][info][gc,heap        ] GC(68) DefNew: 157248K(157248K)->13111K(157248K) Eden: 139776K(139776K)->13111K(139776K) From: 17472K(17472K)->0K(17472K)
[222.679s][info][gc,heap        ] GC(68) Tenured: 349568K(349568K)->349568K(349568K)
[222.679s][info][gc,metaspace   ] GC(68) Metaspace: 113256K(124480K)->113256K(124480K) NonClass: 96954K(104000K)->96954K(104000K) Class: 16301K(20480K)->16301K(20480K)
[222.679s][info][gc             ] GC(68) Pause Full (Allocation Failure) 494M->354M(494M) 118.723ms
[222.679s][info][gc,cpu         ] GC(68) User=0.11s Sys=0.00s Real=0.12s
[222.693s][info][gc,start       ] GC(69) Pause Full (Allocation Failure)
[222.693s][info][gc,phases,start] GC(69) Phase 1: Mark live objects
[222.732s][info][gc,phases      ] GC(69) Phase 1: Mark live objects 38.887ms
[222.732s][info][gc,phases,start] GC(69) Phase 2: Compute new object addresses
[222.772s][info][gc,phases      ] GC(69) Phase 2: Compute new object addresses 40.125ms
[222.772s][info][gc,phases,start] GC(69) Phase 3: Adjust pointers
[222.793s][info][gc,phases      ] GC(69) Phase 3: Adjust pointers 21.332ms
[222.793s][info][gc,phases,start] GC(69) Phase 4: Move objects
[222.858s][info][gc,phases      ] GC(69) Phase 4: Move objects 64.669ms
[222.859s][info][gc,heap        ] GC(69) DefNew: 156130K(157248K)->4081K(157248K) Eden: 139776K(139776K)->4081K(139776K) From: 16354K(17472K)->0K(17472K)
[222.859s][info][gc,heap        ] GC(69) Tenured: 349568K(349568K)->346897K(349568K)
[222.859s][info][gc,metaspace   ] GC(69) Metaspace: 113256K(124480K)->113256K(124480K) NonClass: 96955K(104000K)->96955K(104000K) Class: 16301K(20480K)->16301K(20480K)
[222.859s][info][gc             ] GC(69) Pause Full (Allocation Failure) 493M->342M(494M) 165.970ms
[222.859s][info][gc,cpu         ] GC(69) User=0.17s Sys=0.00s Real=0.17s
[222.872s][info][gc,start       ] GC(70) Pause Full (Allocation Failure)
[222.872s][info][gc,phases,start] GC(70) Phase 1: Mark live objects
[222.915s][info][gc,phases      ] GC(70) Phase 1: Mark live objects 43.227ms
[222.915s][info][gc,phases,start] GC(70) Phase 2: Compute new object addresses
[222.958s][info][gc,phases      ] GC(70) Phase 2: Compute new object addresses 42.175ms
[222.958s][info][gc,phases,start] GC(70) Phase 3: Adjust pointers
[222.978s][info][gc,phases      ] GC(70) Phase 3: Adjust pointers 20.481ms
[222.978s][info][gc,phases,start] GC(70) Phase 4: Move objects
[223.038s][info][gc,phases      ] GC(70) Phase 4: Move objects 59.402ms
[223.039s][info][gc,heap        ] GC(70) DefNew: 156350K(157248K)->12466K(157248K) Eden: 139776K(139776K)->12466K(139776K) From: 16574K(17472K)->0K(17472K)
[223.039s][info][gc,heap        ] GC(70) Tenured: 346897K(349568K)->347719K(349568K)
[223.039s][info][gc,metaspace   ] GC(70) Metaspace: 113257K(124480K)->113257K(124480K) NonClass: 96955K(104000K)->96955K(104000K) Class: 16301K(20480K)->16301K(20480K)
[223.039s][info][gc             ] GC(70) Pause Full (Allocation Failure) 491M->351M(494M) 166.797ms
[223.039s][info][gc,cpu         ] GC(70) User=0.16s Sys=0.00s Real=0.17s
[223.054s][info][gc,start       ] GC(71) Pause Full (Allocation Failure)
[223.055s][info][gc,phases,start] GC(71) Phase 1: Mark live objects
[223.092s][info][gc,phases      ] GC(71) Phase 1: Mark live objects 37.266ms
[223.092s][info][gc,phases,start] GC(71) Phase 2: Compute new object addresses
[223.121s][info][gc,phases      ] GC(71) Phase 2: Compute new object addresses 29.151ms
[223.121s][info][gc,phases,start] GC(71) Phase 3: Adjust pointers
[223.142s][info][gc,phases      ] GC(71) Phase 3: Adjust pointers 20.881ms
[223.142s][info][gc,phases,start] GC(71) Phase 4: Move objects
[223.210s][info][gc,phases      ] GC(71) Phase 4: Move objects 67.906ms
[223.210s][info][gc,heap        ] GC(71) DefNew: 157248K(157248K)->0K(157248K) Eden: 139776K(139776K)->0K(139776K) From: 17472K(17472K)->0K(17472K)
[223.211s][info][gc,heap        ] GC(71) Tenured: 347720K(349568K)->346637K(349568K)
[223.211s][info][gc,metaspace   ] GC(71) Metaspace: 113260K(124480K)->113260K(124480K) NonClass: 96959K(104000K)->96959K(104000K) Class: 16301K(20480K)->16301K(20480K)
[223.211s][info][gc             ] GC(71) Pause Full (Allocation Failure) 493M->338M(494M) 156.125ms
[223.211s][info][gc,cpu         ] GC(71) User=0.16s Sys=0.00s Real=0.16s
[223.224s][info][gc,start       ] GC(72) Pause Young (Allocation Failure)
[223.224s][info][gc             ] GC(72) Pause Young (Allocation Failure) 475M->475M(494M) 0.118ms
[223.224s][info][gc,cpu         ] GC(72) User=0.00s Sys=0.00s Real=0.00s
[223.224s][info][gc,start       ] GC(73) Pause Full (Allocation Failure)
[223.224s][info][gc,phases,start] GC(73) Phase 1: Mark live objects
[223.262s][info][gc,phases      ] GC(73) Phase 1: Mark live objects 37.565ms
[223.262s][info][gc,phases,start] GC(73) Phase 2: Compute new object addresses
[223.295s][info][gc,phases      ] GC(73) Phase 2: Compute new object addresses 32.976ms
[223.295s][info][gc,phases,start] GC(73) Phase 3: Adjust pointers
[223.315s][info][gc,phases      ] GC(73) Phase 3: Adjust pointers 20.508ms
[223.316s][info][gc,phases,start] GC(73) Phase 4: Move objects
[223.372s][info][gc,phases      ] GC(73) Phase 4: Move objects 56.755ms
[223.373s][info][gc,heap        ] GC(73) DefNew: 139775K(157248K)->8471K(157248K) Eden: 139775K(139776K)->8471K(139776K) From: 0K(17472K)->0K(17472K)
[223.373s][info][gc,heap        ] GC(73) Tenured: 346637K(349568K)->346917K(349568K)
[223.373s][info][gc,metaspace   ] GC(73) Metaspace: 113262K(124480K)->113262K(124480K) NonClass: 96959K(104000K)->96959K(104000K) Class: 16302K(20480K)->16302K(20480K)
[223.373s][info][gc             ] GC(73) Pause Full (Allocation Failure) 475M->347M(494M) 148.657ms
[223.373s][info][gc,cpu         ] GC(73) User=0.16s Sys=0.00s Real=0.15s
[223.391s][info][gc,start       ] GC(74) Pause Full (Allocation Failure)
[223.391s][info][gc,phases,start] GC(74) Phase 1: Mark live objects
[223.429s][info][gc,phases      ] GC(74) Phase 1: Mark live objects 37.623ms
[223.429s][info][gc,phases,start] GC(74) Phase 2: Compute new object addresses
[223.460s][info][gc,phases      ] GC(74) Phase 2: Compute new object addresses 31.694ms
[223.460s][info][gc,phases,start] GC(74) Phase 3: Adjust pointers
[223.480s][info][gc,phases      ] GC(74) Phase 3: Adjust pointers 19.966ms
[223.480s][info][gc,phases,start] GC(74) Phase 4: Move objects
[223.542s][info][gc,phases      ] GC(74) Phase 4: Move objects 61.503ms
[223.542s][info][gc,heap        ] GC(74) DefNew: 156132K(157248K)->0K(157248K) Eden: 139776K(139776K)->0K(139776K) From: 16356K(17472K)->0K(17472K)
[223.542s][info][gc,heap        ] GC(74) Tenured: 346917K(349568K)->320501K(349568K)
[223.542s][info][gc,metaspace   ] GC(74) Metaspace: 113265K(124480K)->113265K(124480K) NonClass: 96961K(104000K)->96961K(104000K) Class: 16303K(20480K)->16303K(20480K)
[223.543s][info][gc             ] GC(74) Pause Full (Allocation Failure) 491M->312M(494M) 151.644ms
[223.543s][info][gc,cpu         ] GC(74) User=0.17s Sys=0.00s Real=0.15s
[223.557s][info][gc,start       ] GC(75) Pause Young (Allocation Failure)
[223.557s][info][gc             ] GC(75) Pause Young (Allocation Failure) 448M->448M(494M) 0.125ms
[223.557s][info][gc,cpu         ] GC(75) User=0.00s Sys=0.00s Real=0.00s
[223.557s][info][gc,start       ] GC(76) Pause Full (Allocation Failure)
[223.557s][info][gc,phases,start] GC(76) Phase 1: Mark live objects
[223.594s][info][gc,phases      ] GC(76) Phase 1: Mark live objects 37.319ms
[223.594s][info][gc,phases,start] GC(76) Phase 2: Compute new object addresses
[223.627s][info][gc,phases      ] GC(76) Phase 2: Compute new object addresses 32.580ms
[223.627s][info][gc,phases,start] GC(76) Phase 3: Adjust pointers
[223.648s][info][gc,phases      ] GC(76) Phase 3: Adjust pointers 21.567ms
[223.648s][info][gc,phases,start] GC(76) Phase 4: Move objects
[223.702s][info][gc,phases      ] GC(76) Phase 4: Move objects 53.565ms
[223.703s][info][gc,heap        ] GC(76) DefNew: 138347K(157248K)->0K(157248K) Eden: 138347K(139776K)->0K(139776K) From: 0K(17472K)->0K(17472K)
[223.703s][info][gc,heap        ] GC(76) Tenured: 320501K(349568K)->313633K(349568K)
[223.703s][info][gc,metaspace   ] GC(76) Metaspace: 113269K(124480K)->113269K(124480K) NonClass: 96964K(104000K)->96964K(104000K) Class: 16305K(20480K)->16305K(20480K)
[223.703s][info][gc             ] GC(76) Pause Full (Allocation Failure) 448M->306M(494M) 145.814ms
[223.703s][info][gc,cpu         ] GC(76) User=0.20s Sys=0.00s Real=0.14s
[223.723s][info][gc,start       ] GC(77) Pause Young (Allocation Failure)
[223.933s][info][gc             ] GC(77) Pause Young (Allocation Failure) 442M->442M(494M) 209.139ms
[223.933s][info][gc,cpu         ] GC(77) User=0.02s Sys=0.00s Real=0.20s
[223.933s][info][gc,start       ] GC(78) Pause Full (Allocation Failure)
[223.933s][info][gc,phases,start] GC(78) Phase 1: Mark live objects
[223.989s][info][gc,phases      ] GC(78) Phase 1: Mark live objects 56.688ms
[223.989s][info][gc,phases,start] GC(78) Phase 2: Compute new object addresses
[224.026s][info][gc,phases      ] GC(78) Phase 2: Compute new object addresses 36.285ms
[224.026s][info][gc,phases,start] GC(78) Phase 3: Adjust pointers
[224.048s][info][gc,phases      ] GC(78) Phase 3: Adjust pointers 22.192ms
[224.048s][info][gc,phases,start] GC(78) Phase 4: Move objects
[224.106s][info][gc,phases      ] GC(78) Phase 4: Move objects 57.924ms
[224.107s][info][gc,heap        ] GC(78) DefNew: 139776K(157248K)->0K(157248K) Eden: 139776K(139776K)->0K(139776K) From: 0K(17472K)->0K(17472K)
[224.107s][info][gc,heap        ] GC(78) Tenured: 313633K(349568K)->261500K(349568K)
[224.107s][info][gc,metaspace   ] GC(78) Metaspace: 113355K(124480K)->113355K(124480K) NonClass: 97023K(104000K)->97023K(104000K) Class: 16331K(20480K)->16331K(20480K)
[224.107s][info][gc             ] GC(78) Pause Full (Allocation Failure) 442M->255M(494M) 173.952ms
[224.107s][info][gc,cpu         ] GC(78) User=0.17s Sys=0.00s Real=0.17s
[224.128s][info][gc,start       ] GC(79) Pause Young (Allocation Failure)
[224.136s][info][gc,heap        ] GC(79) DefNew: 139776K(157248K)->16285K(157248K) Eden: 139776K(139776K)->0K(139776K) From: 0K(17472K)->16285K(17472K)
[224.136s][info][gc,heap        ] GC(79) Tenured: 261500K(349568K)->261500K(349568K)
[224.136s][info][gc,metaspace   ] GC(79) Metaspace: 113403K(124480K)->113403K(124480K) NonClass: 97067K(104000K)->97067K(104000K) Class: 16335K(20480K)->16335K(20480K)
[224.136s][info][gc             ] GC(79) Pause Young (Allocation Failure) 391M->271M(494M) 8.540ms
[224.136s][info][gc,cpu         ] GC(79) User=0.02s Sys=0.00s Real=0.01s
[224.152s][info][gc,start       ] GC(80) Pause Young (Allocation Failure)
[224.161s][info][gc,heap        ] GC(80) DefNew: 156061K(157248K)->11178K(157248K) Eden: 139776K(139776K)->0K(139776K) From: 16285K(17472K)->11178K(17472K)
[224.161s][info][gc,heap        ] GC(80) Tenured: 261500K(349568K)->277562K(349568K)
[224.162s][info][gc,metaspace   ] GC(80) Metaspace: 113440K(124480K)->113440K(124480K) NonClass: 97103K(104000K)->97103K(104000K) Class: 16337K(20480K)->16337K(20480K)
[224.162s][info][gc             ] GC(80) Pause Young (Allocation Failure) 407M->281M(494M) 9.759ms
[224.162s][info][gc,cpu         ] GC(80) User=0.00s Sys=0.00s Real=0.01s
[224.177s][info][gc,start       ] GC(81) Pause Young (Allocation Failure)
[224.185s][info][gc,heap        ] GC(81) DefNew: 150954K(157248K)->6431K(157248K) Eden: 139776K(139776K)->0K(139776K) From: 11178K(17472K)->6431K(17472K)
[224.185s][info][gc,heap        ] GC(81) Tenured: 277562K(349568K)->288523K(349568K)
[224.185s][info][gc,metaspace   ] GC(81) Metaspace: 113445K(124480K)->113445K(124480K) NonClass: 97107K(104000K)->97107K(104000K) Class: 16337K(20480K)->16337K(20480K)
[224.185s][info][gc             ] GC(81) Pause Young (Allocation Failure) 418M->288M(494M) 8.454ms
[224.185s][info][gc,cpu         ] GC(81) User=0.02s Sys=0.00s Real=0.01s
[224.199s][info][gc,start       ] GC(82) Pause Young (Allocation Failure)
[224.210s][info][gc,heap        ] GC(82) DefNew: 146207K(157248K)->15789K(157248K) Eden: 139776K(139776K)->0K(139776K) From: 6431K(17472K)->15789K(17472K)
[224.210s][info][gc,heap        ] GC(82) Tenured: 288523K(349568K)->301023K(349568K)
[224.210s][info][gc,metaspace   ] GC(82) Metaspace: 113461K(124480K)->113461K(124480K) NonClass: 97120K(104000K)->97120K(104000K) Class: 16341K(20480K)->16341K(20480K)
[224.210s][info][gc             ] GC(82) Pause Young (Allocation Failure) 424M->309M(494M) 11.402ms
[224.210s][info][gc,cpu         ] GC(82) User=0.00s Sys=0.00s Real=0.01s
[224.226s][info][gc,start       ] GC(83) Pause Young (Allocation Failure)
[224.236s][info][gc,heap        ] GC(83) DefNew: 155565K(157248K)->9563K(157248K) Eden: 139776K(139776K)->0K(139776K) From: 15789K(17472K)->9563K(17472K)
[224.236s][info][gc,heap        ] GC(83) Tenured: 301023K(349568K)->316684K(349568K)
[224.236s][info][gc,metaspace   ] GC(83) Metaspace: 113509K(124480K)->113509K(124480K) NonClass: 97159K(104000K)->97159K(104000K) Class: 16350K(20480K)->16350K(20480K)
[224.236s][info][gc             ] GC(83) Pause Young (Allocation Failure) 445M->318M(494M) 10.058ms
[224.236s][info][gc,cpu         ] GC(83) User=0.03s Sys=0.00s Real=0.01s
[224.252s][info][gc,start       ] GC(84) Pause Young (Allocation Failure)
[224.252s][info][gc             ] GC(84) Pause Young (Allocation Failure) 455M->455M(494M) 0.118ms
[224.252s][info][gc,cpu         ] GC(84) User=0.00s Sys=0.00s Real=0.00s
[224.252s][info][gc,start       ] GC(85) Pause Full (Allocation Failure)
[224.252s][info][gc,phases,start] GC(85) Phase 1: Mark live objects
[224.290s][info][gc,phases      ] GC(85) Phase 1: Mark live objects 38.217ms
[224.290s][info][gc,phases,start] GC(85) Phase 2: Compute new object addresses
[224.338s][info][gc,phases      ] GC(85) Phase 2: Compute new object addresses 47.455ms
[224.338s][info][gc,phases,start] GC(85) Phase 3: Adjust pointers
[224.361s][info][gc,phases      ] GC(85) Phase 3: Adjust pointers 23.091ms
[224.361s][info][gc,phases,start] GC(85) Phase 4: Move objects
[224.371s][info][gc,phases      ] GC(85) Phase 4: Move objects 10.486ms
[224.372s][info][gc,heap        ] GC(85) DefNew: 149339K(157248K)->0K(157248K) Eden: 139776K(139776K)->0K(139776K) From: 9563K(17472K)->0K(17472K)
[224.372s][info][gc,heap        ] GC(85) Tenured: 316684K(349568K)->304414K(349568K)
[224.372s][info][gc,metaspace   ] GC(85) Metaspace: 113745K(124544K)->113745K(124544K) NonClass: 97316K(104064K)->97316K(104064K) Class: 16428K(20480K)->16428K(20480K)
[224.372s][info][gc             ] GC(85) Pause Full (Allocation Failure) 455M->297M(494M) 119.952ms
[224.372s][info][gc,cpu         ] GC(85) User=0.17s Sys=0.00s Real=0.13s
[224.390s][info][gc,start       ] GC(86) Pause Young (Allocation Failure)
[224.393s][info][gc,heap        ] GC(86) DefNew: 139776K(157248K)->302K(157248K) Eden: 139776K(139776K)->0K(139776K) From: 0K(17472K)->302K(17472K)
[224.393s][info][gc,heap        ] GC(86) Tenured: 304414K(349568K)->304414K(349568K)
[224.393s][info][gc,metaspace   ] GC(86) Metaspace: 114026K(124544K)->114026K(124544K) NonClass: 97504K(104064K)->97504K(104064K) Class: 16522K(20480K)->16522K(20480K)
[224.393s][info][gc             ] GC(86) Pause Young (Allocation Failure) 433M->297M(494M) 3.849ms
[224.393s][info][gc,cpu         ] GC(86) User=0.00s Sys=0.00s Real=0.00s
[224.406s][info][gc,start       ] GC(87) Pause Young (Allocation Failure)
[224.410s][info][gc,heap        ] GC(87) DefNew: 140078K(157248K)->348K(157248K) Eden: 139776K(139776K)->0K(139776K) From: 302K(17472K)->348K(17472K)
[224.410s][info][gc,heap        ] GC(87) Tenured: 304414K(349568K)->304414K(349568K)
[224.410s][info][gc,metaspace   ] GC(87) Metaspace: 114026K(124544K)->114026K(124544K) NonClass: 97504K(104064K)->97504K(104064K) Class: 16522K(20480K)->16522K(20480K)
[224.410s][info][gc             ] GC(87) Pause Young (Allocation Failure) 434M->297M(494M) 3.341ms
[224.410s][info][gc,cpu         ] GC(87) User=0.00s Sys=0.00s Real=0.00s
[224.421s][info][gc,start       ] GC(88) Pause Young (Allocation Failure)
[224.429s][info][gc,heap        ] GC(88) DefNew: 140124K(157248K)->12836K(157248K) Eden: 139776K(139776K)->0K(139776K) From: 348K(17472K)->12836K(17472K)
[224.429s][info][gc,heap        ] GC(88) Tenured: 304414K(349568K)->310664K(349568K)
[224.429s][info][gc,metaspace   ] GC(88) Metaspace: 114026K(124544K)->114026K(124544K) NonClass: 97504K(104064K)->97504K(104064K) Class: 16522K(20480K)->16522K(20480K)
[224.429s][info][gc             ] GC(88) Pause Young (Allocation Failure) 434M->315M(494M) 8.253ms
[224.429s][info][gc,cpu         ] GC(88) User=0.00s Sys=0.00s Real=0.01s
[224.441s][info][gc,start       ] GC(89) Pause Young (Allocation Failure)
[224.454s][info][gc,heap        ] GC(89) DefNew: 148888K(157248K)->12622K(157248K) Eden: 136052K(139776K)->0K(139776K) From: 12836K(17472K)->12622K(17472K)
[224.454s][info][gc,heap        ] GC(89) Tenured: 310664K(349568K)->342155K(349568K)
[224.454s][info][gc,metaspace   ] GC(89) Metaspace: 114028K(124544K)->114028K(124544K) NonClass: 97506K(104064K)->97506K(104064K) Class: 16522K(20480K)->16522K(20480K)
[224.454s][info][gc             ] GC(89) Pause Young (Allocation Failure) 448M->346M(494M) 13.108ms
[224.454s][info][gc,cpu         ] GC(89) User=0.02s Sys=0.00s Real=0.01s
[224.467s][info][gc,start       ] GC(90) Pause Young (Allocation Failure)
[224.467s][info][gc             ] GC(90) Pause Young (Allocation Failure) 482M->482M(494M) 0.181ms
[224.467s][info][gc,cpu         ] GC(90) User=0.00s Sys=0.00s Real=0.00s
[224.468s][info][gc,start       ] GC(91) Pause Full (Allocation Failure)
[224.468s][info][gc,phases,start] GC(91) Phase 1: Mark live objects
[224.509s][info][gc,phases      ] GC(91) Phase 1: Mark live objects 41.774ms
[224.509s][info][gc,phases,start] GC(91) Phase 2: Compute new object addresses
[224.551s][info][gc,phases      ] GC(91) Phase 2: Compute new object addresses 41.440ms
[224.551s][info][gc,phases,start] GC(91) Phase 3: Adjust pointers
[224.571s][info][gc,phases      ] GC(91) Phase 3: Adjust pointers 20.434ms
[224.571s][info][gc,phases,start] GC(91) Phase 4: Move objects
[224.589s][info][gc,phases      ] GC(91) Phase 4: Move objects 17.770ms
[224.590s][info][gc,heap        ] GC(91) DefNew: 152398K(157248K)->0K(157248K) Eden: 139776K(139776K)->0K(139776K) From: 12622K(17472K)->0K(17472K)
[224.590s][info][gc,heap        ] GC(91) Tenured: 342155K(349568K)->341754K(349568K)
[224.590s][info][gc,metaspace   ] GC(91) Metaspace: 114030K(124544K)->114030K(124544K) NonClass: 97507K(104064K)->97507K(104064K) Class: 16523K(20480K)->16523K(20480K)
[224.590s][info][gc             ] GC(91) Pause Full (Allocation Failure) 482M->333M(494M) 122.100ms
[224.590s][info][gc,cpu         ] GC(91) User=0.14s Sys=0.00s Real=0.12s
[224.605s][info][gc,start       ] GC(92) Pause Young (Allocation Failure)
[224.605s][info][gc             ] GC(92) Pause Young (Allocation Failure) 470M->470M(494M) 0.122ms
[224.605s][info][gc,cpu         ] GC(92) User=0.00s Sys=0.00s Real=0.00s
[224.605s][info][gc,start       ] GC(93) Pause Full (Allocation Failure)
[224.605s][info][gc,phases,start] GC(93) Phase 1: Mark live objects
[224.643s][info][gc,phases      ] GC(93) Phase 1: Mark live objects 37.685ms
[224.643s][info][gc,phases,start] GC(93) Phase 2: Compute new object addresses
[224.689s][info][gc,phases      ] GC(93) Phase 2: Compute new object addresses 46.369ms
[224.689s][info][gc,phases,start] GC(93) Phase 3: Adjust pointers
[224.712s][info][gc,phases      ] GC(93) Phase 3: Adjust pointers 23.343ms
[224.713s][info][gc,phases,start] GC(93) Phase 4: Move objects
[224.729s][info][gc,phases      ] GC(93) Phase 4: Move objects 16.813ms
[224.730s][info][gc,heap        ] GC(93) DefNew: 139776K(157248K)->0K(157248K) Eden: 139776K(139776K)->0K(139776K) From: 0K(17472K)->0K(17472K)
[224.730s][info][gc,heap        ] GC(93) Tenured: 341754K(349568K)->344800K(349568K)
[224.730s][info][gc,metaspace   ] GC(93) Metaspace: 114249K(124544K)->114249K(124544K) NonClass: 97659K(104064K)->97659K(104064K) Class: 16590K(20480K)->16590K(20480K)
[224.730s][info][gc             ] GC(93) Pause Full (Allocation Failure) 470M->336M(494M) 125.083ms
[224.730s][info][gc,cpu         ] GC(93) User=0.13s Sys=0.00s Real=0.12s
[224.744s][info][gc,start       ] GC(94) Pause Young (Allocation Failure)
[224.744s][info][gc             ] GC(94) Pause Young (Allocation Failure) 473M->473M(494M) 0.238ms
[224.744s][info][gc,cpu         ] GC(94) User=0.00s Sys=0.00s Real=0.00s
[224.744s][info][gc,start       ] GC(95) Pause Full (Allocation Failure)
[224.744s][info][gc,phases,start] GC(95) Phase 1: Mark live objects
[224.800s][info][gc,phases      ] GC(95) Phase 1: Mark live objects 56.005ms
[224.800s][info][gc,phases,start] GC(95) Phase 2: Compute new object addresses
[224.854s][info][gc,phases      ] GC(95) Phase 2: Compute new object addresses 53.466ms
[224.854s][info][gc,phases,start] GC(95) Phase 3: Adjust pointers
[224.881s][info][gc,phases      ] GC(95) Phase 3: Adjust pointers 26.641ms
[224.881s][info][gc,phases,start] GC(95) Phase 4: Move objects
[224.952s][info][gc,phases      ] GC(95) Phase 4: Move objects 71.225ms
[224.952s][info][gc,heap        ] GC(95) DefNew: 139776K(157248K)->0K(157248K) Eden: 139776K(139776K)->0K(139776K) From: 0K(17472K)->0K(17472K)
[224.953s][info][gc,heap        ] GC(95) Tenured: 344800K(349568K)->333783K(349568K)
[224.953s][info][gc,metaspace   ] GC(95) Metaspace: 114350K(124544K)->114350K(124544K) NonClass: 97726K(104064K)->97726K(104064K) Class: 16623K(20480K)->16623K(20480K)
[224.953s][info][gc             ] GC(95) Pause Full (Allocation Failure) 473M->325M(494M) 208.341ms
[224.953s][info][gc,cpu         ] GC(95) User=0.25s Sys=0.00s Real=0.21s
[224.968s][info][gc,start       ] GC(96) Pause Young (Allocation Failure)
[224.968s][info][gc             ] GC(96) Pause Young (Allocation Failure) 462M->462M(494M) 0.283ms
[224.969s][info][gc,cpu         ] GC(96) User=0.00s Sys=0.00s Real=0.00s
[224.969s][info][gc,start       ] GC(97) Pause Full (Allocation Failure)
[224.969s][info][gc,phases,start] GC(97) Phase 1: Mark live objects
[225.012s][info][gc,phases      ] GC(97) Phase 1: Mark live objects 43.211ms
[225.012s][info][gc,phases,start] GC(97) Phase 2: Compute new object addresses
[225.049s][info][gc,phases      ] GC(97) Phase 2: Compute new object addresses 37.313ms
[225.049s][info][gc,phases,start] GC(97) Phase 3: Adjust pointers
[225.070s][info][gc,phases      ] GC(97) Phase 3: Adjust pointers 21.058ms
[225.070s][info][gc,phases,start] GC(97) Phase 4: Move objects
[225.084s][info][gc,phases      ] GC(97) Phase 4: Move objects 14.104ms
[225.085s][info][gc,heap        ] GC(97) DefNew: 139776K(157248K)->0K(157248K) Eden: 139776K(139776K)->0K(139776K) From: 0K(17472K)->0K(17472K)
[225.085s][info][gc,heap        ] GC(97) Tenured: 333783K(349568K)->323371K(349568K)
[225.085s][info][gc,metaspace   ] GC(97) Metaspace: 114380K(124544K)->114380K(124544K) NonClass: 97753K(104064K)->97753K(104064K) Class: 16627K(20480K)->16627K(20480K)
[225.085s][info][gc             ] GC(97) Pause Full (Allocation Failure) 462M->315M(494M) 116.555ms
[225.085s][info][gc,cpu         ] GC(97) User=0.13s Sys=0.00s Real=0.12s
[225.101s][info][gc,start       ] GC(98) Pause Young (Allocation Failure)
[225.101s][info][gc             ] GC(98) Pause Young (Allocation Failure) 452M->452M(494M) 0.177ms
[225.101s][info][gc,cpu         ] GC(98) User=0.00s Sys=0.00s Real=0.00s
[225.101s][info][gc,start       ] GC(99) Pause Full (Allocation Failure)
[225.101s][info][gc,phases,start] GC(99) Phase 1: Mark live objects
[225.144s][info][gc,phases      ] GC(99) Phase 1: Mark live objects 43.213ms
[225.144s][info][gc,phases,start] GC(99) Phase 2: Compute new object addresses
[225.190s][info][gc,phases      ] GC(99) Phase 2: Compute new object addresses 45.367ms
[225.190s][info][gc,phases,start] GC(99) Phase 3: Adjust pointers
[225.216s][info][gc,phases      ] GC(99) Phase 3: Adjust pointers 26.440ms
[225.216s][info][gc,phases,start] GC(99) Phase 4: Move objects
[225.230s][info][gc,phases      ] GC(99) Phase 4: Move objects 14.163ms
[225.231s][info][gc,heap        ] GC(99) DefNew: 139776K(157248K)->0K(157248K) Eden: 139776K(139776K)->0K(139776K) From: 0K(17472K)->0K(17472K)
[225.231s][info][gc,heap        ] GC(99) Tenured: 323371K(349568K)->324256K(349568K)
[225.231s][info][gc,metaspace   ] GC(99) Metaspace: 114456K(124544K)->114456K(124544K) NonClass: 97804K(104064K)->97804K(104064K) Class: 16651K(20480K)->16651K(20480K)
[225.231s][info][gc             ] GC(99) Pause Full (Allocation Failure) 452M->316M(494M) 129.987ms
[225.231s][info][gc,cpu         ] GC(99) User=0.17s Sys=0.00s Real=0.13s
[225.246s][info][gc,start       ] GC(100) Pause Young (Allocation Failure)
[225.246s][info][gc             ] GC(100) Pause Young (Allocation Failure) 453M->453M(494M) 0.209ms
[225.246s][info][gc,cpu         ] GC(100) User=0.00s Sys=0.00s Real=0.00s
[225.246s][info][gc,start       ] GC(101) Pause Full (Allocation Failure)
[225.246s][info][gc,phases,start] GC(101) Phase 1: Mark live objects
[225.291s][info][gc,phases      ] GC(101) Phase 1: Mark live objects 44.267ms
[225.291s][info][gc,phases,start] GC(101) Phase 2: Compute new object addresses
[225.332s][info][gc,phases      ] GC(101) Phase 2: Compute new object addresses 41.824ms
[225.332s][info][gc,phases,start] GC(101) Phase 3: Adjust pointers
[225.354s][info][gc,phases      ] GC(101) Phase 3: Adjust pointers 21.274ms
[225.354s][info][gc,phases,start] GC(101) Phase 4: Move objects
[225.368s][info][gc,phases      ] GC(101) Phase 4: Move objects 14.632ms
[225.369s][info][gc,heap        ] GC(101) DefNew: 139776K(157248K)->0K(157248K) Eden: 139776K(139776K)->0K(139776K) From: 0K(17472K)->0K(17472K)
[225.369s][info][gc,heap        ] GC(101) Tenured: 324256K(349568K)->325104K(349568K)
[225.369s][info][gc,metaspace   ] GC(101) Metaspace: 114458K(124544K)->114458K(124544K) NonClass: 97806K(104064K)->97806K(104064K) Class: 16651K(20480K)->16651K(20480K)
[225.369s][info][gc             ] GC(101) Pause Full (Allocation Failure) 453M->317M(494M) 122.800ms
[225.369s][info][gc,cpu         ] GC(101) User=0.11s Sys=0.00s Real=0.12s
[225.387s][info][gc,start       ] GC(102) Pause Young (Allocation Failure)
[225.387s][info][gc             ] GC(102) Pause Young (Allocation Failure) 453M->453M(494M) 0.172ms
[225.387s][info][gc,cpu         ] GC(102) User=0.00s Sys=0.00s Real=0.00s
[225.387s][info][gc,start       ] GC(103) Pause Full (Allocation Failure)
[225.387s][info][gc,phases,start] GC(103) Phase 1: Mark live objects
[225.429s][info][gc,phases      ] GC(103) Phase 1: Mark live objects 41.446ms
[225.429s][info][gc,phases,start] GC(103) Phase 2: Compute new object addresses
[225.475s][info][gc,phases      ] GC(103) Phase 2: Compute new object addresses 46.128ms
[225.475s][info][gc,phases,start] GC(103) Phase 3: Adjust pointers
[225.499s][info][gc,phases      ] GC(103) Phase 3: Adjust pointers 23.758ms
[225.499s][info][gc,phases,start] GC(103) Phase 4: Move objects
[225.552s][info][gc,phases      ] GC(103) Phase 4: Move objects 53.098ms
[225.552s][info][gc,heap        ] GC(103) DefNew: 139776K(157248K)->0K(157248K) Eden: 139776K(139776K)->0K(139776K) From: 0K(17472K)->0K(17472K)
[225.552s][info][gc,heap        ] GC(103) Tenured: 325104K(349568K)->315201K(349568K)
[225.552s][info][gc,metaspace   ] GC(103) Metaspace: 114478K(124544K)->114478K(124544K) NonClass: 97823K(104064K)->97823K(104064K) Class: 16655K(20480K)->16655K(20480K)
[225.552s][info][gc             ] GC(103) Pause Full (Allocation Failure) 453M->307M(494M) 165.289ms
[225.552s][info][gc,cpu         ] GC(103) User=0.23s Sys=0.00s Real=0.16s
[225.567s][info][gc,start       ] GC(104) Pause Young (Allocation Failure)
[225.568s][info][gc             ] GC(104) Pause Young (Allocation Failure) 444M->444M(494M) 0.198ms
[225.568s][info][gc,cpu         ] GC(104) User=0.00s Sys=0.00s Real=0.00s
[225.568s][info][gc,start       ] GC(105) Pause Full (Allocation Failure)
[225.568s][info][gc,phases,start] GC(105) Phase 1: Mark live objects
[225.610s][info][gc,phases      ] GC(105) Phase 1: Mark live objects 42.309ms
[225.610s][info][gc,phases,start] GC(105) Phase 2: Compute new object addresses
[225.656s][info][gc,phases      ] GC(105) Phase 2: Compute new object addresses 45.552ms
[225.656s][info][gc,phases,start] GC(105) Phase 3: Adjust pointers
[225.679s][info][gc,phases      ] GC(105) Phase 3: Adjust pointers 23.726ms
[225.679s][info][gc,phases,start] GC(105) Phase 4: Move objects
[225.682s][info][gc,phases      ] GC(105) Phase 4: Move objects 2.190ms
[225.682s][info][gc,heap        ] GC(105) DefNew: 139776K(157248K)->0K(157248K) Eden: 139776K(139776K)->0K(139776K) From: 0K(17472K)->0K(17472K)
[225.682s][info][gc,heap        ] GC(105) Tenured: 315201K(349568K)->324058K(349568K)
[225.682s][info][gc,metaspace   ] GC(105) Metaspace: 114479K(124544K)->114479K(124544K) NonClass: 97823K(104064K)->97823K(104064K) Class: 16655K(20480K)->16655K(20480K)
[225.682s][info][gc             ] GC(105) Pause Full (Allocation Failure) 444M->316M(494M) 114.477ms
[225.682s][info][gc,cpu         ] GC(105) User=0.17s Sys=0.00s Real=0.13s
[225.696s][info][gc,start       ] GC(106) Pause Young (Allocation Failure)
[225.696s][info][gc             ] GC(106) Pause Young (Allocation Failure) 451M->451M(494M) 0.113ms
[225.697s][info][gc,cpu         ] GC(106) User=0.00s Sys=0.00s Real=0.00s
[225.697s][info][gc,start       ] GC(107) Pause Full (Allocation Failure)
[225.697s][info][gc,phases,start] GC(107) Phase 1: Mark live objects
[225.747s][info][gc,phases      ] GC(107) Phase 1: Mark live objects 50.439ms
[225.747s][info][gc,phases,start] GC(107) Phase 2: Compute new object addresses
[225.804s][info][gc,phases      ] GC(107) Phase 2: Compute new object addresses 56.625ms
[225.804s][info][gc,phases,start] GC(107) Phase 3: Adjust pointers
[225.825s][info][gc,phases      ] GC(107) Phase 3: Adjust pointers 21.312ms
[225.825s][info][gc,phases,start] GC(107) Phase 4: Move objects
[225.829s][info][gc,phases      ] GC(107) Phase 4: Move objects 3.497ms
[225.829s][info][gc,heap        ] GC(107) DefNew: 138742K(157248K)->0K(157248K) Eden: 138742K(139776K)->0K(139776K) From: 0K(17472K)->0K(17472K)
[225.829s][info][gc,heap        ] GC(107) Tenured: 324058K(349568K)->338338K(349568K)
[225.829s][info][gc,metaspace   ] GC(107) Metaspace: 114479K(124544K)->114479K(124544K) NonClass: 97823K(104064K)->97823K(104064K) Class: 16655K(20480K)->16655K(20480K)
[225.829s][info][gc             ] GC(107) Pause Full (Allocation Failure) 451M->330M(494M) 132.629ms
[225.829s][info][gc,cpu         ] GC(107) User=0.14s Sys=0.00s Real=0.14s
[225.846s][info][gc,start       ] GC(108) Pause Young (Allocation Failure)
[225.847s][info][gc             ] GC(108) Pause Young (Allocation Failure) 466M->466M(494M) 0.171ms
[225.847s][info][gc,cpu         ] GC(108) User=0.00s Sys=0.00s Real=0.00s
[225.847s][info][gc,start       ] GC(109) Pause Full (Allocation Failure)
[225.847s][info][gc,phases,start] GC(109) Phase 1: Mark live objects
[225.891s][info][gc,phases      ] GC(109) Phase 1: Mark live objects 44.070ms
[225.891s][info][gc,phases,start] GC(109) Phase 2: Compute new object addresses
[225.935s][info][gc,phases      ] GC(109) Phase 2: Compute new object addresses 44.675ms
[225.936s][info][gc,phases,start] GC(109) Phase 3: Adjust pointers
[225.958s][info][gc,phases      ] GC(109) Phase 3: Adjust pointers 22.041ms
[225.958s][info][gc,phases,start] GC(109) Phase 4: Move objects
[225.960s][info][gc,phases      ] GC(109) Phase 4: Move objects 2.754ms
[225.961s][info][gc,heap        ] GC(109) DefNew: 139775K(157248K)->153K(157248K) Eden: 139775K(139776K)->153K(139776K) From: 0K(17472K)->0K(17472K)
[225.961s][info][gc,heap        ] GC(109) Tenured: 338338K(349568K)->349568K(349568K)
[225.961s][info][gc,metaspace   ] GC(109) Metaspace: 114479K(124544K)->114479K(124544K) NonClass: 97823K(104064K)->97823K(104064K) Class: 16655K(20480K)->16655K(20480K)
[225.961s][info][gc             ] GC(109) Pause Full (Allocation Failure) 466M->341M(494M) 114.255ms
[225.961s][info][gc,cpu         ] GC(109) User=0.14s Sys=0.00s Real=0.10s
[226.650s][info][gc,start       ] GC(110) Pause Full (Allocation Failure)
[226.650s][info][gc,phases,start] GC(110) Phase 1: Mark live objects
[226.703s][info][gc,phases      ] GC(110) Phase 1: Mark live objects 52.635ms
[226.703s][info][gc,phases,start] GC(110) Phase 2: Compute new object addresses
[226.760s][info][gc,phases      ] GC(110) Phase 2: Compute new object addresses 56.776ms
[226.760s][info][gc,phases,start] GC(110) Phase 3: Adjust pointers
[226.789s][info][gc,phases      ] GC(110) Phase 3: Adjust pointers 29.063ms
[226.789s][info][gc,phases,start] GC(110) Phase 4: Move objects
[226.855s][info][gc,phases      ] GC(110) Phase 4: Move objects 65.556ms
[226.856s][info][gc,heap        ] GC(110) DefNew: 157247K(157248K)->0K(157248K) Eden: 139776K(139776K)->0K(139776K) From: 17471K(17472K)->0K(17472K)
[226.856s][info][gc,heap        ] GC(110) Tenured: 349568K(349568K)->337207K(349568K)
[226.856s][info][gc,metaspace   ] GC(110) Metaspace: 115460K(124544K)->115460K(124544K) NonClass: 98534K(104064K)->98534K(104064K) Class: 16926K(20480K)->16926K(20480K)
[226.856s][info][gc             ] GC(110) Pause Full (Allocation Failure) 494M->329M(494M) 205.282ms
[226.856s][info][gc,cpu         ] GC(110) User=0.20s Sys=0.00s Real=0.21s
[226.947s][info][gc,start       ] GC(111) Pause Young (Allocation Failure)
[226.947s][info][gc             ] GC(111) Pause Young (Allocation Failure) 465M->465M(494M) 0.130ms
[226.947s][info][gc,cpu         ] GC(111) User=0.00s Sys=0.00s Real=0.00s
[226.947s][info][gc,start       ] GC(112) Pause Full (Allocation Failure)
[226.947s][info][gc,phases,start] GC(112) Phase 1: Mark live objects
[226.992s][info][gc,phases      ] GC(112) Phase 1: Mark live objects 44.751ms
[226.992s][info][gc,phases,start] GC(112) Phase 2: Compute new object addresses
[227.038s][info][gc,phases      ] GC(112) Phase 2: Compute new object addresses 45.844ms
[227.038s][info][gc,phases,start] GC(112) Phase 3: Adjust pointers
[227.060s][info][gc,phases      ] GC(112) Phase 3: Adjust pointers 22.499ms
[227.060s][info][gc,phases,start] GC(112) Phase 4: Move objects
[227.062s][info][gc,phases      ] GC(112) Phase 4: Move objects 1.996ms
[227.063s][info][gc,heap        ] GC(112) DefNew: 139776K(157248K)->0K(157248K) Eden: 139776K(139776K)->0K(139776K) From: 0K(17472K)->0K(17472K)
[227.063s][info][gc,heap        ] GC(112) Tenured: 337207K(349568K)->344080K(349568K)
[227.063s][info][gc,metaspace   ] GC(112) Metaspace: 116589K(124544K)->116589K(124544K) NonClass: 99318K(104064K)->99318K(104064K) Class: 17270K(20480K)->17270K(20480K)
[227.063s][info][gc             ] GC(112) Pause Full (Allocation Failure) 465M->336M(494M) 115.853ms
[227.063s][info][gc,cpu         ] GC(112) User=0.13s Sys=0.00s Real=0.11s
[227.169s][info][gc,start       ] GC(113) Pause Young (Allocation Failure)
[227.170s][info][gc             ] GC(113) Pause Young (Allocation Failure) 472M->472M(494M) 0.131ms
[227.170s][info][gc,cpu         ] GC(113) User=0.00s Sys=0.00s Real=0.00s
[227.170s][info][gc,start       ] GC(114) Pause Full (Allocation Failure)
[227.170s][info][gc,phases,start] GC(114) Phase 1: Mark live objects
[227.213s][info][gc,phases      ] GC(114) Phase 1: Mark live objects 43.468ms
[227.213s][info][gc,phases,start] GC(114) Phase 2: Compute new object addresses
[227.261s][info][gc,phases      ] GC(114) Phase 2: Compute new object addresses 47.589ms
[227.261s][info][gc,phases,start] GC(114) Phase 3: Adjust pointers
[227.284s][info][gc,phases      ] GC(114) Phase 3: Adjust pointers 23.273ms
[227.284s][info][gc,phases,start] GC(114) Phase 4: Move objects
[227.286s][info][gc,phases      ] GC(114) Phase 4: Move objects 1.403ms
[227.286s][info][gc,heap        ] GC(114) DefNew: 139776K(157248K)->0K(157248K) Eden: 139776K(139776K)->0K(139776K) From: 0K(17472K)->0K(17472K)
[227.286s][info][gc,heap        ] GC(114) Tenured: 344080K(349568K)->347892K(349568K)
[227.286s][info][gc,metaspace   ] GC(114) Metaspace: 118669K(124544K)->118669K(124544K) NonClass: 100646K(104064K)->100646K(104064K) Class: 18023K(20480K)->18023K(20480K)
[227.286s][info][gc             ] GC(114) Pause Full (Allocation Failure) 472M->339M(494M) 116.447ms
[227.286s][info][gc,cpu         ] GC(114) User=0.13s Sys=0.02s Real=0.12s
[227.363s][info][gc,start       ] GC(115) Pause Young (Allocation Failure)
[227.363s][info][gc             ] GC(115) Pause Young (Allocation Failure) 472M->472M(494M) 0.170ms
[227.363s][info][gc,cpu         ] GC(115) User=0.00s Sys=0.00s Real=0.00s
[227.363s][info][gc,start       ] GC(116) Pause Full (Allocation Failure)
[227.363s][info][gc,phases,start] GC(116) Phase 1: Mark live objects
[227.407s][info][gc,phases      ] GC(116) Phase 1: Mark live objects 43.928ms
[227.407s][info][gc,phases,start] GC(116) Phase 2: Compute new object addresses
[227.469s][info][gc,phases      ] GC(116) Phase 2: Compute new object addresses 61.721ms
[227.469s][info][gc,phases,start] GC(116) Phase 3: Adjust pointers
[227.495s][info][gc,phases      ] GC(116) Phase 3: Adjust pointers 25.916ms
[227.495s][info][gc,phases,start] GC(116) Phase 4: Move objects
[227.496s][info][gc,phases      ] GC(116) Phase 4: Move objects 1.240ms
[227.497s][info][gc,heap        ] GC(116) DefNew: 135695K(157248K)->3587K(157248K) Eden: 135695K(139776K)->3587K(139776K) From: 0K(17472K)->0K(17472K)
[227.497s][info][gc,heap        ] GC(116) Tenured: 347892K(349568K)->348056K(349568K)
[227.497s][info][gc,metaspace   ] GC(116) Metaspace: 119221K(124544K)->119221K(124544K) NonClass: 101002K(104064K)->101002K(104064K) Class: 18218K(20480K)->18218K(20480K)
[227.497s][info][gc             ] GC(116) Pause Full (Allocation Failure) 472M->343M(494M) 133.570ms
[227.497s][info][gc,cpu         ] GC(116) User=0.14s Sys=0.00s Real=0.13s
[228.546s][info][gc,start       ] GC(117) Pause Full (Allocation Failure)
[228.546s][info][gc,phases,start] GC(117) Phase 1: Mark live objects
[228.592s][info][gc,phases      ] GC(117) Phase 1: Mark live objects 45.737ms
[228.592s][info][gc,phases,start] GC(117) Phase 2: Compute new object addresses
[228.643s][info][gc,phases      ] GC(117) Phase 2: Compute new object addresses 51.159ms
[228.643s][info][gc,phases,start] GC(117) Phase 3: Adjust pointers
[228.672s][info][gc,phases      ] GC(117) Phase 3: Adjust pointers 28.043ms
[228.672s][info][gc,phases,start] GC(117) Phase 4: Move objects
[228.730s][info][gc,phases      ] GC(117) Phase 4: Move objects 58.741ms
[228.731s][info][gc,heap        ] GC(117) DefNew: 157248K(157248K)->7039K(157248K) Eden: 139776K(139776K)->7039K(139776K) From: 17472K(17472K)->0K(17472K)
[228.731s][info][gc,heap        ] GC(117) Tenured: 349567K(349568K)->343708K(349568K)
[228.731s][info][gc,metaspace   ] GC(117) Metaspace: 119855K(124544K)->119855K(124544K) NonClass: 101450K(104064K)->101450K(104064K) Class: 18404K(20480K)->18404K(20480K)
[228.731s][info][gc             ] GC(117) Pause Full (Allocation Failure) 494M->342M(494M) 184.648ms
[228.731s][info][gc,cpu         ] GC(117) User=0.22s Sys=0.00s Real=0.19s
[229.788s][info][gc,start       ] GC(118) Pause Full (Allocation Failure)
[229.788s][info][gc,phases,start] GC(118) Phase 1: Mark live objects
[229.834s][info][gc,phases      ] GC(118) Phase 1: Mark live objects 45.755ms
[229.834s][info][gc,phases,start] GC(118) Phase 2: Compute new object addresses
[229.883s][info][gc,phases      ] GC(118) Phase 2: Compute new object addresses 48.971ms
[229.883s][info][gc,phases,start] GC(118) Phase 3: Adjust pointers
[229.910s][info][gc,phases      ] GC(118) Phase 3: Adjust pointers 26.846ms
[229.910s][info][gc,phases,start] GC(118) Phase 4: Move objects
[229.916s][info][gc,phases      ] GC(118) Phase 4: Move objects 6.034ms
[229.917s][info][gc,heap        ] GC(118) DefNew: 157248K(157248K)->31750K(157248K) Eden: 139776K(139776K)->31750K(139776K) From: 17472K(17472K)->0K(17472K)
[229.917s][info][gc,heap        ] GC(118) Tenured: 349568K(349568K)->348839K(349568K)
[229.917s][info][gc,metaspace   ] GC(118) Metaspace: 121017K(124544K)->121017K(124544K) NonClass: 102263K(104064K)->102263K(104064K) Class: 18754K(20480K)->18754K(20480K)
[229.917s][info][gc             ] GC(118) Pause Full (Allocation Failure) 494M->371M(494M) 128.467ms
[229.917s][info][gc,cpu         ] GC(118) User=0.13s Sys=0.00s Real=0.13s
[230.685s][info][gc,start       ] GC(119) Pause Full (Allocation Failure)
[230.685s][info][gc,phases,start] GC(119) Phase 1: Mark live objects
[230.741s][info][gc,phases      ] GC(119) Phase 1: Mark live objects 56.144ms
[230.741s][info][gc,phases,start] GC(119) Phase 2: Compute new object addresses
[230.782s][info][gc,phases      ] GC(119) Phase 2: Compute new object addresses 40.193ms
[230.782s][info][gc,phases,start] GC(119) Phase 3: Adjust pointers
[230.807s][info][gc,phases      ] GC(119) Phase 3: Adjust pointers 24.986ms
[230.807s][info][gc,phases,start] GC(119) Phase 4: Move objects
[230.823s][info][gc,phases      ] GC(119) Phase 4: Move objects 15.827ms
[230.823s][info][gc,heap        ] GC(119) DefNew: 157247K(157248K)->38625K(157248K) Eden: 139776K(139776K)->38625K(139776K) From: 17471K(17472K)->0K(17472K)
[230.823s][info][gc,heap        ] GC(119) Tenured: 349567K(349568K)->347093K(349568K)
[230.823s][info][gc,metaspace   ] GC(119) Metaspace: 121302K(124544K)->121302K(124544K) NonClass: 102458K(104064K)->102458K(104064K) Class: 18844K(20480K)->18844K(20480K)
[230.823s][info][gc             ] GC(119) Pause Full (Allocation Failure) 494M->376M(494M) 138.105ms
[230.823s][info][gc,cpu         ] GC(119) User=0.13s Sys=0.00s Real=0.13s
[231.806s][info][gc,start       ] GC(120) Pause Full (Allocation Failure)
[231.806s][info][gc,phases,start] GC(120) Phase 1: Mark live objects
[231.865s][info][gc,phases      ] GC(120) Phase 1: Mark live objects 59.085ms
[231.866s][info][gc,phases,start] GC(120) Phase 2: Compute new object addresses
[231.910s][info][gc,phases      ] GC(120) Phase 2: Compute new object addresses 44.084ms
[231.910s][info][gc,phases,start] GC(120) Phase 3: Adjust pointers
[231.936s][info][gc,phases      ] GC(120) Phase 3: Adjust pointers 26.376ms
[231.936s][info][gc,phases,start] GC(120) Phase 4: Move objects
[231.941s][info][gc,phases      ] GC(120) Phase 4: Move objects 5.010ms
[231.942s][info][gc,heap        ] GC(120) DefNew: 157248K(157248K)->44974K(157248K) Eden: 139776K(139776K)->44974K(139776K) From: 17472K(17472K)->0K(17472K)
[231.942s][info][gc,heap        ] GC(120) Tenured: 349567K(349568K)->349204K(349568K)
[231.942s][info][gc,metaspace   ] GC(120) Metaspace: 122027K(124544K)->121804K(124544K) NonClass: 103008K(104064K)->102852K(104064K) Class: 19018K(20480K)->18952K(20480K)
[231.942s][info][gc             ] GC(120) Pause Full (Allocation Failure) 494M->384M(494M) 135.908ms
[231.942s][info][gc,cpu         ] GC(120) User=0.14s Sys=0.00s Real=0.13s
[232.872s][info][gc,start       ] GC(121) Pause Full (Allocation Failure)
[232.872s][info][gc,phases,start] GC(121) Phase 1: Mark live objects
[232.917s][info][gc,phases      ] GC(121) Phase 1: Mark live objects 45.579ms
[232.917s][info][gc,phases,start] GC(121) Phase 2: Compute new object addresses
[232.954s][info][gc,phases      ] GC(121) Phase 2: Compute new object addresses 36.489ms
[232.954s][info][gc,phases,start] GC(121) Phase 3: Adjust pointers
[232.982s][info][gc,phases      ] GC(121) Phase 3: Adjust pointers 27.577ms
[232.982s][info][gc,phases,start] GC(121) Phase 4: Move objects
[233.052s][info][gc,phases      ] GC(121) Phase 4: Move objects 70.743ms
[233.053s][info][gc,heap        ] GC(121) DefNew: 157247K(157248K)->28791K(157248K) Eden: 139776K(139776K)->28791K(139776K) From: 17471K(17472K)->0K(17472K)
[233.053s][info][gc,heap        ] GC(121) Tenured: 349567K(349568K)->347249K(349568K)
[233.053s][info][gc,metaspace   ] GC(121) Metaspace: 121864K(124544K)->121864K(124544K) NonClass: 102912K(104064K)->102912K(104064K) Class: 18952K(20480K)->18952K(20480K)
[233.053s][info][gc             ] GC(121) Pause Full (Allocation Failure) 494M->367M(494M) 181.576ms
[233.053s][info][gc,cpu         ] GC(121) User=0.17s Sys=0.00s Real=0.18s
[234.551s][info][gc,start       ] GC(122) Pause Full (Allocation Failure)
[234.551s][info][gc,phases,start] GC(122) Phase 1: Mark live objects
[234.597s][info][gc,phases      ] GC(122) Phase 1: Mark live objects 46.175ms
[234.597s][info][gc,phases,start] GC(122) Phase 2: Compute new object addresses
[234.642s][info][gc,phases      ] GC(122) Phase 2: Compute new object addresses 45.068ms
[234.642s][info][gc,phases,start] GC(122) Phase 3: Adjust pointers
[234.675s][info][gc,phases      ] GC(122) Phase 3: Adjust pointers 32.402ms
[234.675s][info][gc,phases,start] GC(122) Phase 4: Move objects
[234.680s][info][gc,phases      ] GC(122) Phase 4: Move objects 4.868ms
[234.680s][info][gc,heap        ] GC(122) DefNew: 157248K(157248K)->33219K(157248K) Eden: 139776K(139776K)->33219K(139776K) From: 17472K(17472K)->0K(17472K)
[234.680s][info][gc,heap        ] GC(122) Tenured: 349567K(349568K)->349567K(349568K)
[234.680s][info][gc,metaspace   ] GC(122) Metaspace: 121898K(124544K)->121898K(124544K) NonClass: 102946K(104064K)->102946K(104064K) Class: 18952K(20480K)->18952K(20480K)
[234.680s][info][gc             ] GC(122) Pause Full (Allocation Failure) 494M->373M(494M) 129.734ms
[234.681s][info][gc,cpu         ] GC(122) User=0.13s Sys=0.00s Real=0.13s
[235.720s][info][gc,start       ] GC(123) Pause Full (Allocation Failure)
[235.720s][info][gc,phases,start] GC(123) Phase 1: Mark live objects
[235.780s][info][gc,phases      ] GC(123) Phase 1: Mark live objects 60.408ms
[235.780s][info][gc,phases,start] GC(123) Phase 2: Compute new object addresses
[235.824s][info][gc,phases      ] GC(123) Phase 2: Compute new object addresses 43.585ms
[235.824s][info][gc,phases,start] GC(123) Phase 3: Adjust pointers
[235.859s][info][gc,phases      ] GC(123) Phase 3: Adjust pointers 35.686ms
[235.860s][info][gc,phases,start] GC(123) Phase 4: Move objects
[235.873s][info][gc,phases      ] GC(123) Phase 4: Move objects 13.472ms
[235.874s][info][gc,heap        ] GC(123) DefNew: 157248K(157248K)->42753K(157248K) Eden: 139776K(139776K)->42753K(139776K) From: 17472K(17472K)->0K(17472K)
[235.874s][info][gc,heap        ] GC(123) Tenured: 349567K(349568K)->347331K(349568K)
[235.874s][info][gc,metaspace   ] GC(123) Metaspace: 121905K(124544K)->121905K(124544K) NonClass: 102952K(104064K)->102952K(104064K) Class: 18952K(20480K)->18952K(20480K)
[235.874s][info][gc             ] GC(123) Pause Full (Allocation Failure) 494M->380M(494M) 154.613ms
[235.874s][info][gc,cpu         ] GC(123) User=0.16s Sys=0.00s Real=0.16s
[237.331s][info][gc,start       ] GC(124) Pause Full (Allocation Failure)
[237.332s][info][gc,phases,start] GC(124) Phase 1: Mark live objects
[237.388s][info][gc,phases      ] GC(124) Phase 1: Mark live objects 56.577ms
[237.388s][info][gc,phases,start] GC(124) Phase 2: Compute new object addresses
[237.430s][info][gc,phases      ] GC(124) Phase 2: Compute new object addresses 41.395ms
[237.430s][info][gc,phases,start] GC(124) Phase 3: Adjust pointers
[237.456s][info][gc,phases      ] GC(124) Phase 3: Adjust pointers 26.738ms
[237.456s][info][gc,phases,start] GC(124) Phase 4: Move objects
[237.469s][info][gc,phases      ] GC(124) Phase 4: Move objects 12.973ms
[237.470s][info][gc,heap        ] GC(124) DefNew: 157248K(157248K)->40508K(157248K) Eden: 139776K(139776K)->40508K(139776K) From: 17472K(17472K)->0K(17472K)
[237.470s][info][gc,heap        ] GC(124) Tenured: 349567K(349568K)->348298K(349568K)
[237.470s][info][gc,metaspace   ] GC(124) Metaspace: 121905K(124544K)->121905K(124544K) NonClass: 102952K(104064K)->102952K(104064K) Class: 18952K(20480K)->18952K(20480K)
[237.470s][info][gc             ] GC(124) Pause Full (Allocation Failure) 494M->379M(494M) 138.667ms
[237.470s][info][gc,cpu         ] GC(124) User=0.14s Sys=0.02s Real=0.14s
[239.169s][info][gc,start       ] GC(125) Pause Full (Allocation Failure)
[239.169s][info][gc,phases,start] GC(125) Phase 1: Mark live objects
[239.215s][info][gc,phases      ] GC(125) Phase 1: Mark live objects 45.663ms
[239.215s][info][gc,phases,start] GC(125) Phase 2: Compute new object addresses
[239.257s][info][gc,phases      ] GC(125) Phase 2: Compute new object addresses 41.649ms
[239.257s][info][gc,phases,start] GC(125) Phase 3: Adjust pointers
[239.286s][info][gc,phases      ] GC(125) Phase 3: Adjust pointers 29.172ms
[239.286s][info][gc,phases,start] GC(125) Phase 4: Move objects
[239.346s][info][gc,phases      ] GC(125) Phase 4: Move objects 59.529ms
[239.346s][info][gc,heap        ] GC(125) DefNew: 157248K(157248K)->21726K(157248K) Eden: 139776K(139776K)->21726K(139776K) From: 17472K(17472K)->0K(17472K)
[239.346s][info][gc,heap        ] GC(125) Tenured: 349567K(349568K)->349408K(349568K)
[239.346s][info][gc,metaspace   ] GC(125) Metaspace: 121909K(124544K)->121909K(124544K) NonClass: 102957K(104064K)->102957K(104064K) Class: 18952K(20480K)->18952K(20480K)
[239.346s][info][gc             ] GC(125) Pause Full (Allocation Failure) 494M->362M(494M) 177.070ms
[239.346s][info][gc,cpu         ] GC(125) User=0.17s Sys=0.00s Real=0.18s
[240.976s][info][gc,start       ] GC(126) Pause Full (Allocation Failure)
[240.977s][info][gc,phases,start] GC(126) Phase 1: Mark live objects
[241.034s][info][gc,phases      ] GC(126) Phase 1: Mark live objects 57.817ms
[241.034s][info][gc,phases,start] GC(126) Phase 2: Compute new object addresses
[241.085s][info][gc,phases      ] GC(126) Phase 2: Compute new object addresses 50.747ms
[241.085s][info][gc,phases,start] GC(126) Phase 3: Adjust pointers
[241.116s][info][gc,phases      ] GC(126) Phase 3: Adjust pointers 30.679ms
[241.116s][info][gc,phases,start] GC(126) Phase 4: Move objects
[241.120s][info][gc,phases      ] GC(126) Phase 4: Move objects 3.782ms
[241.120s][info][gc,heap        ] GC(126) DefNew: 157247K(157248K)->26836K(157248K) Eden: 139776K(139776K)->26836K(139776K) From: 17471K(17472K)->0K(17472K)
[241.120s][info][gc,heap        ] GC(126) Tenured: 349567K(349568K)->349567K(349568K)
[241.120s][info][gc,metaspace   ] GC(126) Metaspace: 121909K(124544K)->121909K(124544K) NonClass: 102957K(104064K)->102957K(104064K) Class: 18952K(20480K)->18952K(20480K)
[241.120s][info][gc             ] GC(126) Pause Full (Allocation Failure) 494M->367M(494M) 144.085ms
[241.121s][info][gc,cpu         ] GC(126) User=0.16s Sys=0.00s Real=0.14s
[242.163s][info][gc,start       ] GC(127) Pause Full (Allocation Failure)
[242.164s][info][gc,phases,start] GC(127) Phase 1: Mark live objects
[242.218s][info][gc,phases      ] GC(127) Phase 1: Mark live objects 54.611ms
[242.218s][info][gc,phases,start] GC(127) Phase 2: Compute new object addresses
[242.262s][info][gc,phases      ] GC(127) Phase 2: Compute new object addresses 43.718ms
[242.262s][info][gc,phases,start] GC(127) Phase 3: Adjust pointers
[242.287s][info][gc,phases      ] GC(127) Phase 3: Adjust pointers 24.888ms
[242.287s][info][gc,phases,start] GC(127) Phase 4: Move objects
[242.290s][info][gc,phases      ] GC(127) Phase 4: Move objects 3.286ms
[242.291s][info][gc,heap        ] GC(127) DefNew: 157248K(157248K)->32606K(157248K) Eden: 139776K(139776K)->32606K(139776K) From: 17472K(17472K)->0K(17472K)
[242.291s][info][gc,heap        ] GC(127) Tenured: 349567K(349568K)->349567K(349568K)
[242.291s][info][gc,metaspace   ] GC(127) Metaspace: 121909K(124544K)->121909K(124544K) NonClass: 102957K(104064K)->102957K(104064K) Class: 18952K(20480K)->18952K(20480K)
[242.291s][info][gc             ] GC(127) Pause Full (Allocation Failure) 494M->373M(494M) 127.325ms
[242.291s][info][gc,cpu         ] GC(127) User=0.13s Sys=0.00s Real=0.13s
[243.707s][info][gc,start       ] GC(128) Pause Full (Allocation Failure)
[243.707s][info][gc,phases,start] GC(128) Phase 1: Mark live objects
[243.752s][info][gc,phases      ] GC(128) Phase 1: Mark live objects 45.372ms
[243.752s][info][gc,phases,start] GC(128) Phase 2: Compute new object addresses
[243.795s][info][gc,phases      ] GC(128) Phase 2: Compute new object addresses 42.973ms
[243.795s][info][gc,phases,start] GC(128) Phase 3: Adjust pointers
[243.821s][info][gc,phases      ] GC(128) Phase 3: Adjust pointers 25.029ms
[243.821s][info][gc,phases,start] GC(128) Phase 4: Move objects
[243.829s][info][gc,phases      ] GC(128) Phase 4: Move objects 8.592ms
[243.830s][info][gc,heap        ] GC(128) DefNew: 157248K(157248K)->40820K(157248K) Eden: 139776K(139776K)->40820K(139776K) From: 17472K(17472K)->0K(17472K)
[243.830s][info][gc,heap        ] GC(128) Tenured: 349567K(349568K)->349567K(349568K)
[243.830s][info][gc,metaspace   ] GC(128) Metaspace: 121914K(124544K)->121914K(124544K) NonClass: 102961K(104064K)->102961K(104064K) Class: 18952K(20480K)->18952K(20480K)
[243.830s][info][gc             ] GC(128) Pause Full (Allocation Failure) 494M->381M(494M) 122.784ms
[243.830s][info][gc,cpu         ] GC(128) User=0.13s Sys=0.00s Real=0.12s
[245.432s][info][gc,start       ] GC(129) Pause Full (Allocation Failure)
[245.433s][info][gc,phases,start] GC(129) Phase 1: Mark live objects
[245.478s][info][gc,phases      ] GC(129) Phase 1: Mark live objects 45.130ms
[245.478s][info][gc,phases,start] GC(129) Phase 2: Compute new object addresses
[245.519s][info][gc,phases      ] GC(129) Phase 2: Compute new object addresses 40.944ms
[245.519s][info][gc,phases,start] GC(129) Phase 3: Adjust pointers
[245.544s][info][gc,phases      ] GC(129) Phase 3: Adjust pointers 25.669ms
[245.544s][info][gc,phases,start] GC(129) Phase 4: Move objects
[245.603s][info][gc,phases      ] GC(129) Phase 4: Move objects 58.984ms
[245.604s][info][gc,heap        ] GC(129) DefNew: 157247K(157248K)->25742K(157248K) Eden: 139776K(139776K)->25742K(139776K) From: 17471K(17472K)->0K(17472K)
[245.604s][info][gc,heap        ] GC(129) Tenured: 349567K(349568K)->346383K(349568K)
[245.604s][info][gc,metaspace   ] GC(129) Metaspace: 121941K(124544K)->121941K(124544K) NonClass: 102989K(104064K)->102989K(104064K) Class: 18952K(20480K)->18952K(20480K)
[245.604s][info][gc             ] GC(129) Pause Full (Allocation Failure) 494M->363M(494M) 171.616ms
[245.604s][info][gc,cpu         ] GC(129) User=0.16s Sys=0.03s Real=0.17s
[247.399s][info][gc,start       ] GC(130) Pause Full (Allocation Failure)
[247.399s][info][gc,phases,start] GC(130) Phase 1: Mark live objects
[247.443s][info][gc,phases      ] GC(130) Phase 1: Mark live objects 44.860ms
[247.444s][info][gc,phases,start] GC(130) Phase 2: Compute new object addresses
[247.491s][info][gc,phases      ] GC(130) Phase 2: Compute new object addresses 47.481ms
[247.491s][info][gc,phases,start] GC(130) Phase 3: Adjust pointers
[247.516s][info][gc,phases      ] GC(130) Phase 3: Adjust pointers 24.945ms
[247.516s][info][gc,phases,start] GC(130) Phase 4: Move objects
[247.519s][info][gc,phases      ] GC(130) Phase 4: Move objects 3.139ms
[247.520s][info][gc,heap        ] GC(130) DefNew: 157248K(157248K)->27621K(157248K) Eden: 139776K(139776K)->27621K(139776K) From: 17472K(17472K)->0K(17472K)
[247.520s][info][gc,heap        ] GC(130) Tenured: 349567K(349568K)->349567K(349568K)
[247.520s][info][gc,metaspace   ] GC(130) Metaspace: 121941K(124544K)->121941K(124544K) NonClass: 102989K(104064K)->102989K(104064K) Class: 18952K(20480K)->18952K(20480K)
[247.520s][info][gc             ] GC(130) Pause Full (Allocation Failure) 494M->368M(494M) 121.187ms
[247.520s][info][gc,cpu         ] GC(130) User=0.13s Sys=0.00s Real=0.12s
[249.155s][info][gc,start       ] GC(131) Pause Full (Allocation Failure)
[249.155s][info][gc,phases,start] GC(131) Phase 1: Mark live objects
[249.200s][info][gc,phases      ] GC(131) Phase 1: Mark live objects 44.935ms
[249.200s][info][gc,phases,start] GC(131) Phase 2: Compute new object addresses
[249.246s][info][gc,phases      ] GC(131) Phase 2: Compute new object addresses 46.477ms
[249.246s][info][gc,phases,start] GC(131) Phase 3: Adjust pointers
[249.271s][info][gc,phases      ] GC(131) Phase 3: Adjust pointers 25.018ms
[249.271s][info][gc,phases,start] GC(131) Phase 4: Move objects
[249.273s][info][gc,phases      ] GC(131) Phase 4: Move objects 1.815ms
[249.274s][info][gc,heap        ] GC(131) DefNew: 157247K(157248K)->28476K(157248K) Eden: 139776K(139776K)->28476K(139776K) From: 17471K(17472K)->0K(17472K)
[249.274s][info][gc,heap        ] GC(131) Tenured: 349567K(349568K)->349567K(349568K)
[249.274s][info][gc,metaspace   ] GC(131) Metaspace: 121942K(124544K)->121942K(124544K) NonClass: 102990K(104064K)->102990K(104064K) Class: 18952K(20480K)->18952K(20480K)
[249.274s][info][gc             ] GC(131) Pause Full (Allocation Failure) 494M->369M(494M) 119.015ms
[249.274s][info][gc,cpu         ] GC(131) User=0.11s Sys=0.00s Real=0.12s
[250.905s][info][gc,start       ] GC(132) Pause Full (Allocation Failure)
[250.905s][info][gc,phases,start] GC(132) Phase 1: Mark live objects
[250.963s][info][gc,phases      ] GC(132) Phase 1: Mark live objects 57.573ms
[250.963s][info][gc,phases,start] GC(132) Phase 2: Compute new object addresses
[251.013s][info][gc,phases      ] GC(132) Phase 2: Compute new object addresses 49.903ms
[251.013s][info][gc,phases,start] GC(132) Phase 3: Adjust pointers
[251.042s][info][gc,phases      ] GC(132) Phase 3: Adjust pointers 29.705ms
[251.042s][info][gc,phases,start] GC(132) Phase 4: Move objects
[251.047s][info][gc,phases      ] GC(132) Phase 4: Move objects 4.914ms
[251.048s][info][gc,heap        ] GC(132) DefNew: 157248K(157248K)->30440K(157248K) Eden: 139776K(139776K)->30440K(139776K) From: 17472K(17472K)->0K(17472K)
[251.048s][info][gc,heap        ] GC(132) Tenured: 349567K(349568K)->349567K(349568K)
[251.048s][info][gc,metaspace   ] GC(132) Metaspace: 121942K(124544K)->121942K(124544K) NonClass: 102990K(104064K)->102990K(104064K) Class: 18952K(20480K)->18952K(20480K)
[251.048s][info][gc             ] GC(132) Pause Full (Allocation Failure) 494M->371M(494M) 143.164ms
[251.048s][info][gc,cpu         ] GC(132) User=0.14s Sys=0.00s Real=0.14s
[252.321s][info][gc,start       ] GC(133) Pause Full (Allocation Failure)
[252.321s][info][gc,phases,start] GC(133) Phase 1: Mark live objects
[252.380s][info][gc,phases      ] GC(133) Phase 1: Mark live objects 59.050ms
[252.380s][info][gc,phases,start] GC(133) Phase 2: Compute new object addresses
[252.432s][info][gc,phases      ] GC(133) Phase 2: Compute new object addresses 51.943ms
[252.432s][info][gc,phases,start] GC(133) Phase 3: Adjust pointers
[252.458s][info][gc,phases      ] GC(133) Phase 3: Adjust pointers 25.934ms
[252.458s][info][gc,phases,start] GC(133) Phase 4: Move objects
[252.518s][info][gc,phases      ] GC(133) Phase 4: Move objects 60.214ms
[252.519s][info][gc,heap        ] GC(133) DefNew: 157248K(157248K)->28009K(157248K) Eden: 139776K(139776K)->28009K(139776K) From: 17472K(17472K)->0K(17472K)
[252.519s][info][gc,heap        ] GC(133) Tenured: 349567K(349568K)->347609K(349568K)
[252.519s][info][gc,metaspace   ] GC(133) Metaspace: 121943K(124544K)->121943K(124544K) NonClass: 102990K(104064K)->102990K(104064K) Class: 18952K(20480K)->18952K(20480K)
[252.519s][info][gc             ] GC(133) Pause Full (Allocation Failure) 494M->366M(494M) 198.066ms
[252.519s][info][gc,cpu         ] GC(133) User=0.20s Sys=0.00s Real=0.20s
[253.681s][info][gc,start       ] GC(134) Pause Full (Allocation Failure)
[253.682s][info][gc,phases,start] GC(134) Phase 1: Mark live objects
[253.727s][info][gc,phases      ] GC(134) Phase 1: Mark live objects 44.958ms
[253.727s][info][gc,phases,start] GC(134) Phase 2: Compute new object addresses
[253.770s][info][gc,phases      ] GC(134) Phase 2: Compute new object addresses 43.283ms
[253.770s][info][gc,phases,start] GC(134) Phase 3: Adjust pointers
[253.795s][info][gc,phases      ] GC(134) Phase 3: Adjust pointers 24.985ms
[253.795s][info][gc,phases,start] GC(134) Phase 4: Move objects
[253.801s][info][gc,phases      ] GC(134) Phase 4: Move objects 5.914ms
[253.801s][info][gc,heap        ] GC(134) DefNew: 157248K(157248K)->34154K(157248K) Eden: 139776K(139776K)->34154K(139776K) From: 17472K(17472K)->0K(17472K)
[253.801s][info][gc,heap        ] GC(134) Tenured: 349568K(349568K)->349568K(349568K)
[253.801s][info][gc,metaspace   ] GC(134) Metaspace: 121946K(124544K)->121946K(124544K) NonClass: 102993K(104064K)->102993K(104064K) Class: 18952K(20480K)->18952K(20480K)
[253.801s][info][gc             ] GC(134) Pause Full (Allocation Failure) 494M->374M(494M) 119.936ms
[253.801s][info][gc,cpu         ] GC(134) User=0.13s Sys=0.00s Real=0.12s
[255.481s][info][gc,start       ] GC(135) Pause Full (Allocation Failure)
[255.481s][info][gc,phases,start] GC(135) Phase 1: Mark live objects
[255.526s][info][gc,phases      ] GC(135) Phase 1: Mark live objects 44.909ms
[255.526s][info][gc,phases,start] GC(135) Phase 2: Compute new object addresses
[255.571s][info][gc,phases      ] GC(135) Phase 2: Compute new object addresses 44.693ms
[255.571s][info][gc,phases,start] GC(135) Phase 3: Adjust pointers
[255.596s][info][gc,phases      ] GC(135) Phase 3: Adjust pointers 24.981ms
[255.596s][info][gc,phases,start] GC(135) Phase 4: Move objects
[255.600s][info][gc,phases      ] GC(135) Phase 4: Move objects 4.775ms
[255.601s][info][gc,heap        ] GC(135) DefNew: 157248K(157248K)->35172K(157248K) Eden: 139776K(139776K)->35172K(139776K) From: 17472K(17472K)->0K(17472K)
[255.601s][info][gc,heap        ] GC(135) Tenured: 349568K(349568K)->349568K(349568K)
[255.601s][info][gc,metaspace   ] GC(135) Metaspace: 121950K(124544K)->121950K(124544K) NonClass: 102998K(104064K)->102998K(104064K) Class: 18952K(20480K)->18952K(20480K)
[255.601s][info][gc             ] GC(135) Pause Full (Allocation Failure) 494M->375M(494M) 120.161ms
[255.601s][info][gc,cpu         ] GC(135) User=0.11s Sys=0.00s Real=0.12s
[257.288s][info][gc,start       ] GC(136) Pause Full (Allocation Failure)
[257.288s][info][gc,phases,start] GC(136) Phase 1: Mark live objects
[257.333s][info][gc,phases      ] GC(136) Phase 1: Mark live objects 44.900ms
[257.333s][info][gc,phases,start] GC(136) Phase 2: Compute new object addresses
[257.376s][info][gc,phases      ] GC(136) Phase 2: Compute new object addresses 43.447ms
[257.376s][info][gc,phases,start] GC(136) Phase 3: Adjust pointers
[257.403s][info][gc,phases      ] GC(136) Phase 3: Adjust pointers 27.040ms
[257.403s][info][gc,phases,start] GC(136) Phase 4: Move objects
[257.413s][info][gc,phases      ] GC(136) Phase 4: Move objects 9.273ms
[257.413s][info][gc,heap        ] GC(136) DefNew: 157248K(157248K)->37674K(157248K) Eden: 139776K(139776K)->37674K(139776K) From: 17472K(17472K)->0K(17472K)
[257.413s][info][gc,heap        ] GC(136) Tenured: 349568K(349568K)->349568K(349568K)
[257.413s][info][gc,metaspace   ] GC(136) Metaspace: 121950K(124544K)->121950K(124544K) NonClass: 102998K(104064K)->102998K(104064K) Class: 18952K(20480K)->18952K(20480K)
[257.413s][info][gc             ] GC(136) Pause Full (Allocation Failure) 494M->378M(494M) 125.825ms
[257.413s][info][gc,cpu         ] GC(136) User=0.13s Sys=0.00s Real=0.13s
[259.091s][info][gc,start       ] GC(137) Pause Full (Allocation Failure)
[259.091s][info][gc,phases,start] GC(137) Phase 1: Mark live objects
[259.149s][info][gc,phases      ] GC(137) Phase 1: Mark live objects 57.793ms
[259.149s][info][gc,phases,start] GC(137) Phase 2: Compute new object addresses
[259.197s][info][gc,phases      ] GC(137) Phase 2: Compute new object addresses 47.900ms
[259.197s][info][gc,phases,start] GC(137) Phase 3: Adjust pointers
[259.228s][info][gc,phases      ] GC(137) Phase 3: Adjust pointers 30.933ms
[259.228s][info][gc,phases,start] GC(137) Phase 4: Move objects
[259.296s][info][gc,phases      ] GC(137) Phase 4: Move objects 68.168ms
[259.297s][info][gc,heap        ] GC(137) DefNew: 157248K(157248K)->31580K(157248K) Eden: 139776K(139776K)->31580K(139776K) From: 17472K(17472K)->0K(17472K)
[259.297s][info][gc,heap        ] GC(137) Tenured: 349568K(349568K)->347553K(349568K)
[259.297s][info][gc,metaspace   ] GC(137) Metaspace: 121951K(124544K)->121951K(124544K) NonClass: 102998K(104064K)->102998K(104064K) Class: 18952K(20480K)->18952K(20480K)
[259.297s][info][gc             ] GC(137) Pause Full (Allocation Failure) 494M->370M(494M) 205.966ms
[259.297s][info][gc,cpu         ] GC(137) User=0.20s Sys=0.00s Real=0.21s
[260.371s][info][gc,start       ] GC(138) Pause Full (Allocation Failure)
[260.371s][info][gc,phases,start] GC(138) Phase 1: Mark live objects
[260.427s][info][gc,phases      ] GC(138) Phase 1: Mark live objects 56.466ms
[260.427s][info][gc,phases,start] GC(138) Phase 2: Compute new object addresses
[260.482s][info][gc,phases      ] GC(138) Phase 2: Compute new object addresses 55.206ms
[260.482s][info][gc,phases,start] GC(138) Phase 3: Adjust pointers
[260.508s][info][gc,phases      ] GC(138) Phase 3: Adjust pointers 25.015ms
[260.508s][info][gc,phases,start] GC(138) Phase 4: Move objects
[260.512s][info][gc,phases      ] GC(138) Phase 4: Move objects 3.945ms
[260.512s][info][gc,heap        ] GC(138) DefNew: 157247K(157248K)->36866K(157248K) Eden: 139776K(139776K)->36866K(139776K) From: 17471K(17472K)->0K(17472K)
[260.512s][info][gc,heap        ] GC(138) Tenured: 349567K(349568K)->349567K(349568K)
[260.512s][info][gc,metaspace   ] GC(138) Metaspace: 121959K(124544K)->121959K(124544K) NonClass: 103007K(104064K)->103007K(104064K) Class: 18952K(20480K)->18952K(20480K)
[260.512s][info][gc             ] GC(138) Pause Full (Allocation Failure) 494M->377M(494M) 141.450ms
[260.512s][info][gc,cpu         ] GC(138) User=0.14s Sys=0.00s Real=0.14s
[262.159s][info][gc,start       ] GC(139) Pause Full (Allocation Failure)
[262.159s][info][gc,phases,start] GC(139) Phase 1: Mark live objects
[262.204s][info][gc,phases      ] GC(139) Phase 1: Mark live objects 44.791ms
[262.204s][info][gc,phases,start] GC(139) Phase 2: Compute new object addresses
[262.248s][info][gc,phases      ] GC(139) Phase 2: Compute new object addresses 44.710ms
[262.248s][info][gc,phases,start] GC(139) Phase 3: Adjust pointers
[262.273s][info][gc,phases      ] GC(139) Phase 3: Adjust pointers 24.794ms
[262.273s][info][gc,phases,start] GC(139) Phase 4: Move objects
[262.275s][info][gc,phases      ] GC(139) Phase 4: Move objects 1.571ms
[262.275s][info][gc,heap        ] GC(139) DefNew: 157248K(157248K)->37525K(157248K) Eden: 139776K(139776K)->37525K(139776K) From: 17472K(17472K)->0K(17472K)
[262.275s][info][gc,heap        ] GC(139) Tenured: 349567K(349568K)->349567K(349568K)
[262.275s][info][gc,metaspace   ] GC(139) Metaspace: 121967K(124544K)->121967K(124544K) NonClass: 103015K(104064K)->103015K(104064K) Class: 18952K(20480K)->18952K(20480K)
[262.275s][info][gc             ] GC(139) Pause Full (Allocation Failure) 494M->378M(494M) 116.641ms
[262.275s][info][gc,cpu         ] GC(139) User=0.11s Sys=0.00s Real=0.12s
[263.923s][info][gc,start       ] GC(140) Pause Full (Allocation Failure)
[263.923s][info][gc,phases,start] GC(140) Phase 1: Mark live objects
[263.969s][info][gc,phases      ] GC(140) Phase 1: Mark live objects 45.522ms
[263.969s][info][gc,phases,start] GC(140) Phase 2: Compute new object addresses
[264.013s][info][gc,phases      ] GC(140) Phase 2: Compute new object addresses 44.488ms
[264.013s][info][gc,phases,start] GC(140) Phase 3: Adjust pointers
[264.038s][info][gc,phases      ] GC(140) Phase 3: Adjust pointers 24.984ms
[264.038s][info][gc,phases,start] GC(140) Phase 4: Move objects
[264.043s][info][gc,phases      ] GC(140) Phase 4: Move objects 4.849ms
[264.044s][info][gc,heap        ] GC(140) DefNew: 157248K(157248K)->37564K(157248K) Eden: 139776K(139776K)->37564K(139776K) From: 17472K(17472K)->0K(17472K)
[264.044s][info][gc,heap        ] GC(140) Tenured: 349567K(349568K)->349567K(349568K)
[264.044s][info][gc,metaspace   ] GC(140) Metaspace: 121993K(124544K)->121993K(124544K) NonClass: 103041K(104064K)->103041K(104064K) Class: 18952K(20480K)->18952K(20480K)
[264.044s][info][gc             ] GC(140) Pause Full (Allocation Failure) 494M->378M(494M) 120.619ms
[264.044s][info][gc,cpu         ] GC(140) User=0.13s Sys=0.00s Real=0.12s
[265.691s][info][gc,start       ] GC(141) Pause Full (Allocation Failure)
[265.692s][info][gc,phases,start] GC(141) Phase 1: Mark live objects
[265.737s][info][gc,phases      ] GC(141) Phase 1: Mark live objects 45.428ms
[265.737s][info][gc,phases,start] GC(141) Phase 2: Compute new object addresses
[265.779s][info][gc,phases      ] GC(141) Phase 2: Compute new object addresses 42.381ms
[265.779s][info][gc,phases,start] GC(141) Phase 3: Adjust pointers
[265.806s][info][gc,phases      ] GC(141) Phase 3: Adjust pointers 26.232ms
[265.806s][info][gc,phases,start] GC(141) Phase 4: Move objects
[265.867s][info][gc,phases      ] GC(141) Phase 4: Move objects 61.218ms
[265.867s][info][gc,heap        ] GC(141) DefNew: 157247K(157248K)->33843K(157248K) Eden: 139776K(139776K)->33843K(139776K) From: 17471K(17472K)->0K(17472K)
[265.868s][info][gc,heap        ] GC(141) Tenured: 349567K(349568K)->348524K(349568K)
[265.868s][info][gc,metaspace   ] GC(141) Metaspace: 122008K(124544K)->122008K(124544K) NonClass: 103056K(104064K)->103056K(104064K) Class: 18952K(20480K)->18952K(20480K)
[265.868s][info][gc             ] GC(141) Pause Full (Allocation Failure) 494M->373M(494M) 176.120ms
[265.868s][info][gc,cpu         ] GC(141) User=0.17s Sys=0.00s Real=0.18s
[267.346s][info][gc,start       ] GC(142) Pause Full (Allocation Failure)
[267.346s][info][gc,phases,start] GC(142) Phase 1: Mark live objects
[267.404s][info][gc,phases      ] GC(142) Phase 1: Mark live objects 57.811ms
[267.404s][info][gc,phases,start] GC(142) Phase 2: Compute new object addresses
[267.465s][info][gc,phases      ] GC(142) Phase 2: Compute new object addresses 60.799ms
[267.465s][info][gc,phases,start] GC(142) Phase 3: Adjust pointers
[267.505s][info][gc,phases      ] GC(142) Phase 3: Adjust pointers 40.262ms
[267.505s][info][gc,phases,start] GC(142) Phase 4: Move objects
[267.508s][info][gc,phases      ] GC(142) Phase 4: Move objects 2.714ms
[267.508s][info][gc,heap        ] GC(142) DefNew: 157247K(157248K)->40221K(157248K) Eden: 139776K(139776K)->40221K(139776K) From: 17471K(17472K)->0K(17472K)
[267.508s][info][gc,heap        ] GC(142) Tenured: 349568K(349568K)->349568K(349568K)
[267.508s][info][gc,metaspace   ] GC(142) Metaspace: 122008K(124544K)->122008K(124544K) NonClass: 103056K(104064K)->103056K(104064K) Class: 18952K(20480K)->18952K(20480K)
[267.508s][info][gc             ] GC(142) Pause Full (Allocation Failure) 494M->380M(494M) 162.483ms
[267.508s][info][gc,cpu         ] GC(142) User=0.16s Sys=0.00s Real=0.16s
[269.089s][info][gc,start       ] GC(143) Pause Full (Allocation Failure)
[269.089s][info][gc,phases,start] GC(143) Phase 1: Mark live objects
[269.138s][info][gc,phases      ] GC(143) Phase 1: Mark live objects 48.917ms
[269.138s][info][gc,phases,start] GC(143) Phase 2: Compute new object addresses
[269.180s][info][gc,phases      ] GC(143) Phase 2: Compute new object addresses 42.144ms
[269.180s][info][gc,phases,start] GC(143) Phase 3: Adjust pointers
[269.205s][info][gc,phases      ] GC(143) Phase 3: Adjust pointers 25.097ms
[269.205s][info][gc,phases,start] GC(143) Phase 4: Move objects
[269.216s][info][gc,phases      ] GC(143) Phase 4: Move objects 10.277ms
[269.216s][info][gc,heap        ] GC(143) DefNew: 157248K(157248K)->44688K(157248K) Eden: 139776K(139776K)->44688K(139776K) From: 17472K(17472K)->0K(17472K)
[269.216s][info][gc,heap        ] GC(143) Tenured: 349568K(349568K)->349568K(349568K)
[269.216s][info][gc,metaspace   ] GC(143) Metaspace: 122010K(124544K)->122010K(124544K) NonClass: 103057K(104064K)->103057K(104064K) Class: 18952K(20480K)->18952K(20480K)
[269.216s][info][gc             ] GC(143) Pause Full (Allocation Failure) 494M->385M(494M) 127.250ms
[269.216s][info][gc,cpu         ] GC(143) User=0.13s Sys=0.00s Real=0.13s
[270.783s][info][gc,start       ] GC(144) Pause Full (Allocation Failure)
[270.783s][info][gc,phases,start] GC(144) Phase 1: Mark live objects
[270.828s][info][gc,phases      ] GC(144) Phase 1: Mark live objects 45.140ms
[270.828s][info][gc,phases,start] GC(144) Phase 2: Compute new object addresses
[270.870s][info][gc,phases      ] GC(144) Phase 2: Compute new object addresses 41.964ms
[270.870s][info][gc,phases,start] GC(144) Phase 3: Adjust pointers
[270.896s][info][gc,phases      ] GC(144) Phase 3: Adjust pointers 25.119ms
[270.896s][info][gc,phases,start] GC(144) Phase 4: Move objects
[270.904s][info][gc,phases      ] GC(144) Phase 4: Move objects 8.239ms
[270.904s][info][gc,heap        ] GC(144) DefNew: 157248K(157248K)->47837K(157248K) Eden: 139776K(139776K)->47837K(139776K) From: 17472K(17472K)->0K(17472K)
[270.904s][info][gc,heap        ] GC(144) Tenured: 349568K(349568K)->349568K(349568K)
[270.904s][info][gc,metaspace   ] GC(144) Metaspace: 122010K(124544K)->122010K(124544K) NonClass: 103058K(104064K)->103058K(104064K) Class: 18952K(20480K)->18952K(20480K)
[270.904s][info][gc             ] GC(144) Pause Full (Allocation Failure) 494M->388M(494M) 121.253ms
[270.904s][info][gc,cpu         ] GC(144) User=0.13s Sys=0.00s Real=0.12s
[272.442s][info][gc,start       ] GC(145) Pause Full (Allocation Failure)
[272.442s][info][gc,phases,start] GC(145) Phase 1: Mark live objects
[272.512s][info][gc,phases      ] GC(145) Phase 1: Mark live objects 70.285ms
[272.512s][info][gc,phases,start] GC(145) Phase 2: Compute new object addresses
[272.554s][info][gc,phases      ] GC(145) Phase 2: Compute new object addresses 41.698ms
[272.554s][info][gc,phases,start] GC(145) Phase 3: Adjust pointers
[272.581s][info][gc,phases      ] GC(145) Phase 3: Adjust pointers 27.219ms
[272.581s][info][gc,phases,start] GC(145) Phase 4: Move objects
[272.642s][info][gc,phases      ] GC(145) Phase 4: Move objects 61.191ms
[272.643s][info][gc,heap        ] GC(145) DefNew: 157247K(157248K)->48221K(157248K) Eden: 139776K(139776K)->48221K(139776K) From: 17471K(17472K)->0K(17472K)
[272.643s][info][gc,heap        ] GC(145) Tenured: 349568K(349568K)->349514K(349568K)
[272.643s][info][gc,metaspace   ] GC(145) Metaspace: 122010K(124544K)->122010K(124544K) NonClass: 103058K(104064K)->103058K(104064K) Class: 18952K(20480K)->18952K(20480K)
[272.643s][info][gc             ] GC(145) Pause Full (Allocation Failure) 494M->388M(494M) 201.307ms
[272.643s][info][gc,cpu         ] GC(145) User=0.20s Sys=0.00s Real=0.20s
[274.220s][info][gc,start       ] GC(146) Pause Full (Allocation Failure)
[274.220s][info][gc,phases,start] GC(146) Phase 1: Mark live objects
[274.279s][info][gc,phases      ] GC(146) Phase 1: Mark live objects 59.361ms
[274.279s][info][gc,phases,start] GC(146) Phase 2: Compute new object addresses
[274.325s][info][gc,phases      ] GC(146) Phase 2: Compute new object addresses 45.477ms
[274.325s][info][gc,phases,start] GC(146) Phase 3: Adjust pointers
[274.357s][info][gc,phases      ] GC(146) Phase 3: Adjust pointers 31.702ms
[274.357s][info][gc,phases,start] GC(146) Phase 4: Move objects
[274.367s][info][gc,phases      ] GC(146) Phase 4: Move objects 10.729ms
[274.368s][info][gc,heap        ] GC(146) DefNew: 157248K(157248K)->52454K(157248K) Eden: 139776K(139776K)->52454K(139776K) From: 17472K(17472K)->0K(17472K)
[274.368s][info][gc,heap        ] GC(146) Tenured: 349568K(349568K)->349568K(349568K)
[274.368s][info][gc,metaspace   ] GC(146) Metaspace: 122024K(124544K)->122024K(124544K) NonClass: 103072K(104064K)->103072K(104064K) Class: 18952K(20480K)->18952K(20480K)
[274.368s][info][gc             ] GC(146) Pause Full (Allocation Failure) 494M->392M(494M) 148.410ms
[274.368s][info][gc,cpu         ] GC(146) User=0.14s Sys=0.00s Real=0.15s
[275.915s][info][gc,start       ] GC(147) Pause Full (Allocation Failure)
[275.915s][info][gc,phases,start] GC(147) Phase 1: Mark live objects
[275.974s][info][gc,phases      ] GC(147) Phase 1: Mark live objects 59.337ms
[275.974s][info][gc,phases,start] GC(147) Phase 2: Compute new object addresses
[276.020s][info][gc,phases      ] GC(147) Phase 2: Compute new object addresses 45.478ms
[276.020s][info][gc,phases,start] GC(147) Phase 3: Adjust pointers
[276.052s][info][gc,phases      ] GC(147) Phase 3: Adjust pointers 32.351ms
[276.052s][info][gc,phases,start] GC(147) Phase 4: Move objects
[276.062s][info][gc,phases      ] GC(147) Phase 4: Move objects 9.551ms
[276.063s][info][gc,heap        ] GC(147) DefNew: 157247K(157248K)->54480K(157248K) Eden: 139776K(139776K)->54480K(139776K) From: 17471K(17472K)->0K(17472K)
[276.063s][info][gc,heap        ] GC(147) Tenured: 349568K(349568K)->349568K(349568K)
[276.063s][info][gc,metaspace   ] GC(147) Metaspace: 122026K(124544K)->122026K(124544K) NonClass: 103074K(104064K)->103074K(104064K) Class: 18952K(20480K)->18952K(20480K)
[276.063s][info][gc             ] GC(147) Pause Full (Allocation Failure) 494M->394M(494M) 148.033ms
[276.063s][info][gc,cpu         ] GC(147) User=0.16s Sys=0.00s Real=0.15s
[277.577s][info][gc,start       ] GC(148) Pause Full (Allocation Failure)
[277.577s][info][gc,phases,start] GC(148) Phase 1: Mark live objects
[277.636s][info][gc,phases      ] GC(148) Phase 1: Mark live objects 59.349ms
[277.636s][info][gc,phases,start] GC(148) Phase 2: Compute new object addresses
[277.681s][info][gc,phases      ] GC(148) Phase 2: Compute new object addresses 44.388ms
[277.681s][info][gc,phases,start] GC(148) Phase 3: Adjust pointers
[277.712s][info][gc,phases      ] GC(148) Phase 3: Adjust pointers 31.819ms
[277.712s][info][gc,phases,start] GC(148) Phase 4: Move objects
[277.719s][info][gc,phases      ] GC(148) Phase 4: Move objects 6.114ms
[277.719s][info][gc,heap        ] GC(148) DefNew: 156864K(157248K)->55868K(157248K) Eden: 139775K(139776K)->55868K(139776K) From: 17088K(17472K)->0K(17472K)
[277.719s][info][gc,heap        ] GC(148) Tenured: 349568K(349568K)->349568K(349568K)
[277.719s][info][gc,metaspace   ] GC(148) Metaspace: 122026K(124544K)->122026K(124544K) NonClass: 103074K(104064K)->103074K(104064K) Class: 18952K(20480K)->18952K(20480K)
[277.720s][info][gc             ] GC(148) Pause Full (Allocation Failure) 494M->395M(494M) 142.889ms
[277.720s][info][gc,cpu         ] GC(148) User=0.14s Sys=0.00s Real=0.14s
[278.845s][info][gc,start       ] GC(149) Pause Full (Allocation Failure)
[278.845s][info][gc,phases,start] GC(149) Phase 1: Mark live objects
[278.901s][info][gc,phases      ] GC(149) Phase 1: Mark live objects 55.947ms
[278.901s][info][gc,phases,start] GC(149) Phase 2: Compute new object addresses
[278.940s][info][gc,phases      ] GC(149) Phase 2: Compute new object addresses 38.446ms
[278.940s][info][gc,phases,start] GC(149) Phase 3: Adjust pointers
[278.967s][info][gc,phases      ] GC(149) Phase 3: Adjust pointers 26.858ms
[278.967s][info][gc,phases,start] GC(149) Phase 4: Move objects
[279.029s][info][gc,phases      ] GC(149) Phase 4: Move objects 62.407ms
[279.030s][info][gc,heap        ] GC(149) DefNew: 157247K(157248K)->59666K(157248K) Eden: 139776K(139776K)->59666K(139776K) From: 17471K(17472K)->0K(17472K)
[279.030s][info][gc,heap        ] GC(149) Tenured: 349568K(349568K)->349436K(349568K)
[279.030s][info][gc,metaspace   ] GC(149) Metaspace: 122026K(124544K)->122026K(124544K) NonClass: 103074K(104064K)->103074K(104064K) Class: 18952K(20480K)->18952K(20480K)
[279.030s][info][gc             ] GC(149) Pause Full (Allocation Failure) 494M->399M(494M) 184.639ms
[279.030s][info][gc,cpu         ] GC(149) User=0.19s Sys=0.00s Real=0.18s
[280.622s][info][gc,start       ] GC(150) Pause Full (Allocation Failure)
[280.622s][info][gc,phases,start] GC(150) Phase 1: Mark live objects
[280.669s][info][gc,phases      ] GC(150) Phase 1: Mark live objects 46.302ms
[280.669s][info][gc,phases,start] GC(150) Phase 2: Compute new object addresses
[280.707s][info][gc,phases      ] GC(150) Phase 2: Compute new object addresses 38.311ms
[280.707s][info][gc,phases,start] GC(150) Phase 3: Adjust pointers
[280.733s][info][gc,phases      ] GC(150) Phase 3: Adjust pointers 26.099ms
[280.733s][info][gc,phases,start] GC(150) Phase 4: Move objects
[280.739s][info][gc,phases      ] GC(150) Phase 4: Move objects 5.241ms
[280.739s][info][gc,heap        ] GC(150) DefNew: 157248K(157248K)->63026K(157248K) Eden: 139776K(139776K)->63026K(139776K) From: 17472K(17472K)->0K(17472K)
[280.739s][info][gc,heap        ] GC(150) Tenured: 349568K(349568K)->349568K(349568K)
[280.739s][info][gc,metaspace   ] GC(150) Metaspace: 122027K(124544K)->122027K(124544K) NonClass: 103075K(104064K)->103075K(104064K) Class: 18952K(20480K)->18952K(20480K)
[280.739s][info][gc             ] GC(150) Pause Full (Allocation Failure) 494M->402M(494M) 116.894ms
[280.739s][info][gc,cpu         ] GC(150) User=0.11s Sys=0.00s Real=0.12s
[282.208s][info][gc,start       ] GC(151) Pause Full (Allocation Failure)
[282.208s][info][gc,phases,start] GC(151) Phase 1: Mark live objects
[282.254s][info][gc,phases      ] GC(151) Phase 1: Mark live objects 46.412ms
[282.254s][info][gc,phases,start] GC(151) Phase 2: Compute new object addresses
[282.293s][info][gc,phases      ] GC(151) Phase 2: Compute new object addresses 38.579ms
[282.293s][info][gc,phases,start] GC(151) Phase 3: Adjust pointers
[282.319s][info][gc,phases      ] GC(151) Phase 3: Adjust pointers 25.953ms
[282.319s][info][gc,phases,start] GC(151) Phase 4: Move objects
[282.324s][info][gc,phases      ] GC(151) Phase 4: Move objects 5.256ms
[282.325s][info][gc,heap        ] GC(151) DefNew: 157248K(157248K)->64792K(157248K) Eden: 139776K(139776K)->64792K(139776K) From: 17472K(17472K)->0K(17472K)
[282.325s][info][gc,heap        ] GC(151) Tenured: 349568K(349568K)->349568K(349568K)
[282.325s][info][gc,metaspace   ] GC(151) Metaspace: 122027K(124544K)->122027K(124544K) NonClass: 103075K(104064K)->103075K(104064K) Class: 18952K(20480K)->18952K(20480K)
[282.325s][info][gc             ] GC(151) Pause Full (Allocation Failure) 494M->404M(494M) 117.118ms
[282.325s][info][gc,cpu         ] GC(151) User=0.13s Sys=0.00s Real=0.12s
[283.620s][info][gc,start       ] GC(152) Pause Full (Allocation Failure)
[283.620s][info][gc,phases,start] GC(152) Phase 1: Mark live objects
[283.667s][info][gc,phases      ] GC(152) Phase 1: Mark live objects 46.421ms
[283.667s][info][gc,phases,start] GC(152) Phase 2: Compute new object addresses
[283.703s][info][gc,phases      ] GC(152) Phase 2: Compute new object addresses 35.968ms
[283.703s][info][gc,phases,start] GC(152) Phase 3: Adjust pointers
[283.729s][info][gc,phases      ] GC(152) Phase 3: Adjust pointers 25.930ms
[283.729s][info][gc,phases,start] GC(152) Phase 4: Move objects
[283.735s][info][gc,phases      ] GC(152) Phase 4: Move objects 6.796ms
[283.736s][info][gc,heap        ] GC(152) DefNew: 157182K(157248K)->68551K(157248K) Eden: 139776K(139776K)->68551K(139776K) From: 17406K(17472K)->0K(17472K)
[283.736s][info][gc,heap        ] GC(152) Tenured: 349568K(349568K)->349568K(349568K)
[283.736s][info][gc,metaspace   ] GC(152) Metaspace: 122027K(124544K)->122027K(124544K) NonClass: 103075K(104064K)->103075K(104064K) Class: 18952K(20480K)->18952K(20480K)
[283.736s][info][gc             ] GC(152) Pause Full (Allocation Failure) 494M->408M(494M) 116.061ms
[283.736s][info][gc,cpu         ] GC(152) User=0.13s Sys=0.00s Real=0.12s
[285.172s][info][gc,start       ] GC(153) Pause Full (Allocation Failure)
[285.172s][info][gc,phases,start] GC(153) Phase 1: Mark live objects
[285.218s][info][gc,phases      ] GC(153) Phase 1: Mark live objects 46.416ms
[285.218s][info][gc,phases,start] GC(153) Phase 2: Compute new object addresses
[285.255s][info][gc,phases      ] GC(153) Phase 2: Compute new object addresses 36.365ms
[285.255s][info][gc,phases,start] GC(153) Phase 3: Adjust pointers
[285.282s][info][gc,phases      ] GC(153) Phase 3: Adjust pointers 27.035ms
[285.282s][info][gc,phases,start] GC(153) Phase 4: Move objects
[285.343s][info][gc,phases      ] GC(153) Phase 4: Move objects 61.343ms
[285.344s][info][gc,heap        ] GC(153) DefNew: 157248K(157248K)->71257K(157248K) Eden: 139776K(139776K)->71257K(139776K) From: 17472K(17472K)->0K(17472K)
[285.344s][info][gc,heap        ] GC(153) Tenured: 349568K(349568K)->349436K(349568K)
[285.344s][info][gc,metaspace   ] GC(153) Metaspace: 122032K(124544K)->122032K(124544K) NonClass: 103080K(104064K)->103080K(104064K) Class: 18952K(20480K)->18952K(20480K)
[285.344s][info][gc             ] GC(153) Pause Full (Allocation Failure) 494M->410M(494M) 172.172ms
[285.344s][info][gc,cpu         ] GC(153) User=0.17s Sys=0.00s Real=0.17s
[286.932s][info][gc,start       ] GC(154) Pause Full (Allocation Failure)
[286.932s][info][gc,phases,start] GC(154) Phase 1: Mark live objects
[286.978s][info][gc,phases      ] GC(154) Phase 1: Mark live objects 46.668ms
[286.979s][info][gc,phases,start] GC(154) Phase 2: Compute new object addresses
[287.014s][info][gc,phases      ] GC(154) Phase 2: Compute new object addresses 35.783ms
[287.014s][info][gc,phases,start] GC(154) Phase 3: Adjust pointers
[287.040s][info][gc,phases      ] GC(154) Phase 3: Adjust pointers 26.100ms
[287.041s][info][gc,phases,start] GC(154) Phase 4: Move objects
[287.048s][info][gc,phases      ] GC(154) Phase 4: Move objects 7.124ms
[287.048s][info][gc,heap        ] GC(154) DefNew: 157248K(157248K)->74003K(157248K) Eden: 139776K(139776K)->74003K(139776K) From: 17472K(17472K)->0K(17472K)
[287.048s][info][gc,heap        ] GC(154) Tenured: 349568K(349568K)->349568K(349568K)
[287.048s][info][gc,metaspace   ] GC(154) Metaspace: 122055K(124544K)->122055K(124544K) NonClass: 103103K(104064K)->103103K(104064K) Class: 18952K(20480K)->18952K(20480K)
[287.048s][info][gc             ] GC(154) Pause Full (Allocation Failure) 494M->413M(494M) 116.647ms
[287.048s][info][gc,cpu         ] GC(154) User=0.13s Sys=0.00s Real=0.12s
[288.564s][info][gc,start       ] GC(155) Pause Full (Allocation Failure)
[288.565s][info][gc,phases,start] GC(155) Phase 1: Mark live objects
[288.624s][info][gc,phases      ] GC(155) Phase 1: Mark live objects 59.563ms
[288.624s][info][gc,phases,start] GC(155) Phase 2: Compute new object addresses
[288.662s][info][gc,phases      ] GC(155) Phase 2: Compute new object addresses 37.817ms
[288.662s][info][gc,phases,start] GC(155) Phase 3: Adjust pointers
[288.694s][info][gc,phases      ] GC(155) Phase 3: Adjust pointers 32.034ms
[288.694s][info][gc,phases,start] GC(155) Phase 4: Move objects
[288.706s][info][gc,phases      ] GC(155) Phase 4: Move objects 11.650ms
[288.707s][info][gc,heap        ] GC(155) DefNew: 157248K(157248K)->75539K(157248K) Eden: 139776K(139776K)->75539K(139776K) From: 17472K(17472K)->0K(17472K)
[288.707s][info][gc,heap        ] GC(155) Tenured: 349568K(349568K)->349568K(349568K)
[288.707s][info][gc,metaspace   ] GC(155) Metaspace: 122055K(124544K)->122055K(124544K) NonClass: 103103K(104064K)->103103K(104064K) Class: 18952K(20480K)->18952K(20480K)
[288.707s][info][gc             ] GC(155) Pause Full (Allocation Failure) 494M->415M(494M) 142.377ms
[288.707s][info][gc,cpu         ] GC(155) User=0.14s Sys=0.00s Real=0.14s
[289.727s][info][gc,start       ] GC(156) Pause Full (Allocation Failure)
[289.727s][info][gc,phases,start] GC(156) Phase 1: Mark live objects
[289.786s][info][gc,phases      ] GC(156) Phase 1: Mark live objects 59.280ms
[289.786s][info][gc,phases,start] GC(156) Phase 2: Compute new object addresses
[289.822s][info][gc,phases      ] GC(156) Phase 2: Compute new object addresses 35.324ms
[289.822s][info][gc,phases,start] GC(156) Phase 3: Adjust pointers
[289.853s][info][gc,phases      ] GC(156) Phase 3: Adjust pointers 31.446ms
[289.853s][info][gc,phases,start] GC(156) Phase 4: Move objects
[289.873s][info][gc,phases      ] GC(156) Phase 4: Move objects 19.849ms
[289.874s][info][gc,heap        ] GC(156) DefNew: 157247K(157248K)->79805K(157248K) Eden: 139776K(139776K)->79805K(139776K) From: 17471K(17472K)->0K(17472K)
[289.874s][info][gc,heap        ] GC(156) Tenured: 349568K(349568K)->349568K(349568K)
[289.874s][info][gc,metaspace   ] GC(156) Metaspace: 122055K(124544K)->122055K(124544K) NonClass: 103103K(104064K)->103103K(104064K) Class: 18952K(20480K)->18952K(20480K)
[289.874s][info][gc             ] GC(156) Pause Full (Allocation Failure) 494M->419M(494M) 147.357ms
[289.874s][info][gc,cpu         ] GC(156) User=0.16s Sys=0.00s Real=0.15s
[290.889s][info][gc,start       ] GC(157) Pause Full (Allocation Failure)
[290.889s][info][gc,phases,start] GC(157) Phase 1: Mark live objects
[290.945s][info][gc,phases      ] GC(157) Phase 1: Mark live objects 55.851ms
[290.945s][info][gc,phases,start] GC(157) Phase 2: Compute new object addresses
[290.977s][info][gc,phases      ] GC(157) Phase 2: Compute new object addresses 32.004ms
[290.977s][info][gc,phases,start] GC(157) Phase 3: Adjust pointers
[291.003s][info][gc,phases      ] GC(157) Phase 3: Adjust pointers 26.108ms
[291.003s][info][gc,phases,start] GC(157) Phase 4: Move objects
[291.064s][info][gc,phases      ] GC(157) Phase 4: Move objects 60.503ms
[291.064s][info][gc,heap        ] GC(157) DefNew: 157248K(157248K)->82969K(157248K) Eden: 139776K(139776K)->82969K(139776K) From: 17472K(17472K)->0K(17472K)
[291.065s][info][gc,heap        ] GC(157) Tenured: 349568K(349568K)->349436K(349568K)
[291.065s][info][gc,metaspace   ] GC(157) Metaspace: 122055K(124544K)->122055K(124544K) NonClass: 103103K(104064K)->103103K(104064K) Class: 18952K(20480K)->18952K(20480K)
[291.065s][info][gc             ] GC(157) Pause Full (Allocation Failure) 494M->422M(494M) 175.466ms
[291.065s][info][gc,cpu         ] GC(157) User=0.17s Sys=0.00s Real=0.18s
[292.522s][info][gc,start       ] GC(158) Pause Full (Allocation Failure)
[292.523s][info][gc,phases,start] GC(158) Phase 1: Mark live objects
[292.569s][info][gc,phases      ] GC(158) Phase 1: Mark live objects 46.339ms
[292.569s][info][gc,phases,start] GC(158) Phase 2: Compute new object addresses
[292.602s][info][gc,phases      ] GC(158) Phase 2: Compute new object addresses 33.029ms
[292.602s][info][gc,phases,start] GC(158) Phase 3: Adjust pointers
[292.628s][info][gc,phases      ] GC(158) Phase 3: Adjust pointers 25.952ms
[292.628s][info][gc,phases,start] GC(158) Phase 4: Move objects
[292.638s][info][gc,phases      ] GC(158) Phase 4: Move objects 10.127ms
[292.639s][info][gc,heap        ] GC(158) DefNew: 157248K(157248K)->84448K(157248K) Eden: 139776K(139776K)->84448K(139776K) From: 17472K(17472K)->0K(17472K)
[292.639s][info][gc,heap        ] GC(158) Tenured: 349568K(349568K)->349568K(349568K)
[292.639s][info][gc,metaspace   ] GC(158) Metaspace: 122055K(124544K)->122055K(124544K) NonClass: 103103K(104064K)->103103K(104064K) Class: 18952K(20480K)->18952K(20480K)
[292.639s][info][gc             ] GC(158) Pause Full (Allocation Failure) 494M->423M(494M) 116.427ms
[292.639s][info][gc,cpu         ] GC(158) User=0.13s Sys=0.00s Real=0.12s
[294.220s][info][gc,start       ] GC(159) Pause Full (Allocation Failure)
[294.221s][info][gc,phases,start] GC(159) Phase 1: Mark live objects
[294.267s][info][gc,phases      ] GC(159) Phase 1: Mark live objects 46.600ms
[294.267s][info][gc,phases,start] GC(159) Phase 2: Compute new object addresses
[294.300s][info][gc,phases      ] GC(159) Phase 2: Compute new object addresses 32.944ms
[294.300s][info][gc,phases,start] GC(159) Phase 3: Adjust pointers
[294.326s][info][gc,phases      ] GC(159) Phase 3: Adjust pointers 25.982ms
[294.326s][info][gc,phases,start] GC(159) Phase 4: Move objects
[294.335s][info][gc,phases      ] GC(159) Phase 4: Move objects 9.005ms
[294.336s][info][gc,heap        ] GC(159) DefNew: 157248K(157248K)->85299K(157248K) Eden: 139776K(139776K)->85299K(139776K) From: 17472K(17472K)->0K(17472K)
[294.336s][info][gc,heap        ] GC(159) Tenured: 349568K(349568K)->349568K(349568K)
[294.336s][info][gc,metaspace   ] GC(159) Metaspace: 122055K(124544K)->122055K(124544K) NonClass: 103103K(104064K)->103103K(104064K) Class: 18952K(20480K)->18952K(20480K)
[294.336s][info][gc             ] GC(159) Pause Full (Allocation Failure) 494M->424M(494M) 115.457ms
[294.336s][info][gc,cpu         ] GC(159) User=0.11s Sys=0.00s Real=0.12s
[295.781s][info][gc,start       ] GC(160) Pause Full (Allocation Failure)
[295.782s][info][gc,phases,start] GC(160) Phase 1: Mark live objects
[295.828s][info][gc,phases      ] GC(160) Phase 1: Mark live objects 46.661ms
[295.828s][info][gc,phases,start] GC(160) Phase 2: Compute new object addresses
[295.861s][info][gc,phases      ] GC(160) Phase 2: Compute new object addresses 32.524ms
[295.861s][info][gc,phases,start] GC(160) Phase 3: Adjust pointers
[295.887s][info][gc,phases      ] GC(160) Phase 3: Adjust pointers 26.087ms
[295.887s][info][gc,phases,start] GC(160) Phase 4: Move objects
[295.898s][info][gc,phases      ] GC(160) Phase 4: Move objects 10.709ms
[295.898s][info][gc,heap        ] GC(160) DefNew: 157248K(157248K)->86928K(157248K) Eden: 139776K(139776K)->86928K(139776K) From: 17472K(17472K)->0K(17472K)
[295.898s][info][gc,heap        ] GC(160) Tenured: 349568K(349568K)->349568K(349568K)
[295.898s][info][gc,metaspace   ] GC(160) Metaspace: 122057K(124544K)->122057K(124544K) NonClass: 103104K(104064K)->103104K(104064K) Class: 18952K(20480K)->18952K(20480K)
[295.898s][info][gc             ] GC(160) Pause Full (Allocation Failure) 494M->426M(494M) 116.935ms
[295.898s][info][gc,cpu         ] GC(160) User=0.11s Sys=0.00s Real=0.12s
[297.481s][info][gc,start       ] GC(161) Pause Full (Allocation Failure)
[297.481s][info][gc,phases,start] GC(161) Phase 1: Mark live objects
[297.527s][info][gc,phases      ] GC(161) Phase 1: Mark live objects 46.395ms
[297.527s][info][gc,phases,start] GC(161) Phase 2: Compute new object addresses
[297.559s][info][gc,phases      ] GC(161) Phase 2: Compute new object addresses 32.430ms
[297.560s][info][gc,phases,start] GC(161) Phase 3: Adjust pointers
[297.586s][info][gc,phases      ] GC(161) Phase 3: Adjust pointers 26.879ms
[297.586s][info][gc,phases,start] GC(161) Phase 4: Move objects
[297.645s][info][gc,phases      ] GC(161) Phase 4: Move objects 58.269ms
[297.645s][info][gc,heap        ] GC(161) DefNew: 157247K(157248K)->87674K(157248K) Eden: 139776K(139776K)->87674K(139776K) From: 17471K(17472K)->0K(17472K)
[297.645s][info][gc,heap        ] GC(161) Tenured: 349568K(349568K)->349436K(349568K)
[297.645s][info][gc,metaspace   ] GC(161) Metaspace: 122057K(124544K)->122057K(124544K) NonClass: 103104K(104064K)->103104K(104064K) Class: 18952K(20480K)->18952K(20480K)
[297.645s][info][gc             ] GC(161) Pause Full (Allocation Failure) 494M->426M(494M) 164.912ms
[297.645s][info][gc,cpu         ] GC(161) User=0.16s Sys=0.00s Real=0.16s
[299.238s][info][gc,start       ] GC(162) Pause Full (Allocation Failure)
[299.238s][info][gc,phases,start] GC(162) Phase 1: Mark live objects
[299.298s][info][gc,phases      ] GC(162) Phase 1: Mark live objects 60.139ms
[299.298s][info][gc,phases,start] GC(162) Phase 2: Compute new object addresses
[299.330s][info][gc,phases      ] GC(162) Phase 2: Compute new object addresses 31.599ms
[299.330s][info][gc,phases,start] GC(162) Phase 3: Adjust pointers
[299.363s][info][gc,phases      ] GC(162) Phase 3: Adjust pointers 33.051ms
[299.363s][info][gc,phases,start] GC(162) Phase 4: Move objects
[299.376s][info][gc,phases      ] GC(162) Phase 4: Move objects 13.265ms
[299.377s][info][gc,heap        ] GC(162) DefNew: 157248K(157248K)->93936K(157248K) Eden: 139776K(139776K)->93936K(139776K) From: 17472K(17472K)->0K(17472K)
[299.377s][info][gc,heap        ] GC(162) Tenured: 349567K(349568K)->349567K(349568K)
[299.377s][info][gc,metaspace   ] GC(162) Metaspace: 122057K(124544K)->122057K(124544K) NonClass: 103104K(104064K)->103104K(104064K) Class: 18952K(20480K)->18952K(20480K)
[299.377s][info][gc             ] GC(162) Pause Full (Allocation Failure) 494M->433M(494M) 139.298ms
[299.377s][info][gc,cpu         ] GC(162) User=0.14s Sys=0.00s Real=0.14s
[300.640s][info][gc,start       ] GC(163) Pause Full (Allocation Failure)
[300.640s][info][gc,phases,start] GC(163) Phase 1: Mark live objects
[300.708s][info][gc,phases      ] GC(163) Phase 1: Mark live objects 68.578ms
[300.708s][info][gc,phases,start] GC(163) Phase 2: Compute new object addresses
[300.736s][info][gc,phases      ] GC(163) Phase 2: Compute new object addresses 28.038ms
[300.736s][info][gc,phases,start] GC(163) Phase 3: Adjust pointers
[300.763s][info][gc,phases      ] GC(163) Phase 3: Adjust pointers 26.386ms
[300.763s][info][gc,phases,start] GC(163) Phase 4: Move objects
[300.776s][info][gc,phases      ] GC(163) Phase 4: Move objects 13.178ms
[300.777s][info][gc,heap        ] GC(163) DefNew: 156821K(157248K)->98629K(157248K) Eden: 139776K(139776K)->98629K(139776K) From: 17045K(17472K)->0K(17472K)
[300.777s][info][gc,heap        ] GC(163) Tenured: 349567K(349568K)->349567K(349568K)
[300.777s][info][gc,metaspace   ] GC(163) Metaspace: 122057K(124544K)->122055K(124544K) NonClass: 103104K(104064K)->103103K(104064K) Class: 18952K(20480K)->18951K(20480K)
[300.777s][info][gc             ] GC(163) Pause Full (Allocation Failure) 494M->437M(494M) 137.101ms
[300.777s][info][gc,cpu         ] GC(163) User=0.14s Sys=0.00s Real=0.14s
[301.795s][info][gc,start       ] GC(164) Pause Full (Allocation Failure)
[301.795s][info][gc,phases,start] GC(164) Phase 1: Mark live objects
[301.853s][info][gc,phases      ] GC(164) Phase 1: Mark live objects 58.096ms
[301.853s][info][gc,phases,start] GC(164) Phase 2: Compute new object addresses
[301.878s][info][gc,phases      ] GC(164) Phase 2: Compute new object addresses 24.934ms
[301.878s][info][gc,phases,start] GC(164) Phase 3: Adjust pointers
[301.905s][info][gc,phases      ] GC(164) Phase 3: Adjust pointers 26.154ms
[301.924s][info][gc,phases,start] GC(164) Phase 4: Move objects
[301.951s][info][gc,phases      ] GC(164) Phase 4: Move objects 27.011ms
[301.951s][info][gc,heap        ] GC(164) DefNew: 157247K(157248K)->105638K(157248K) Eden: 139776K(139776K)->105638K(139776K) From: 17471K(17472K)->0K(17472K)
[301.951s][info][gc,heap        ] GC(164) Tenured: 349567K(349568K)->349567K(349568K)
[301.951s][info][gc,metaspace   ] GC(164) Metaspace: 122055K(124544K)->122053K(124544K) NonClass: 103103K(104064K)->103102K(104064K) Class: 18951K(20480K)->18951K(20480K)
[301.951s][info][gc             ] GC(164) Pause Full (Allocation Failure) 494M->444M(494M) 156.315ms
[301.951s][info][gc,cpu         ] GC(164) User=0.14s Sys=0.00s Real=0.16s
[303.527s][info][gc,start       ] GC(165) Pause Full (Allocation Failure)
[303.528s][info][gc,phases,start] GC(165) Phase 1: Mark live objects
[303.573s][info][gc,phases      ] GC(165) Phase 1: Mark live objects 45.644ms
[303.573s][info][gc,phases,start] GC(165) Phase 2: Compute new object addresses
[303.600s][info][gc,phases      ] GC(165) Phase 2: Compute new object addresses 27.128ms
[303.600s][info][gc,phases,start] GC(165) Phase 3: Adjust pointers
[303.626s][info][gc,phases      ] GC(165) Phase 3: Adjust pointers 25.730ms
[303.626s][info][gc,phases,start] GC(165) Phase 4: Move objects
[303.688s][info][gc,phases      ] GC(165) Phase 4: Move objects 61.670ms
[303.688s][info][gc,heap        ] GC(165) DefNew: 157248K(157248K)->107240K(157248K) Eden: 139776K(139776K)->107240K(139776K) From: 17472K(17472K)->0K(17472K)
[303.688s][info][gc,heap        ] GC(165) Tenured: 349567K(349568K)->348565K(349568K)
[303.688s][info][gc,metaspace   ] GC(165) Metaspace: 122054K(124544K)->122054K(124544K) NonClass: 103102K(104064K)->103102K(104064K) Class: 18951K(20480K)->18951K(20480K)
[303.689s][info][gc             ] GC(165) Pause Full (Allocation Failure) 494M->445M(494M) 161.043ms
[303.689s][info][gc,cpu         ] GC(165) User=0.16s Sys=0.00s Real=0.16s
[305.354s][info][gc,start       ] GC(166) Pause Full (Allocation Failure)
[305.354s][info][gc,phases,start] GC(166) Phase 1: Mark live objects
[305.400s][info][gc,phases      ] GC(166) Phase 1: Mark live objects 45.595ms
[305.400s][info][gc,phases,start] GC(166) Phase 2: Compute new object addresses
[305.427s][info][gc,phases      ] GC(166) Phase 2: Compute new object addresses 27.360ms
[305.427s][info][gc,phases,start] GC(166) Phase 3: Adjust pointers
[305.453s][info][gc,phases      ] GC(166) Phase 3: Adjust pointers 26.037ms
[305.453s][info][gc,phases,start] GC(166) Phase 4: Move objects
[305.469s][info][gc,phases      ] GC(166) Phase 4: Move objects 15.487ms
[305.469s][info][gc,heap        ] GC(166) DefNew: 157248K(157248K)->107792K(157248K) Eden: 139776K(139776K)->107792K(139776K) From: 17472K(17472K)->0K(17472K)
[305.469s][info][gc,heap        ] GC(166) Tenured: 349568K(349568K)->349568K(349568K)
[305.469s][info][gc,metaspace   ] GC(166) Metaspace: 122054K(124544K)->122054K(124544K) NonClass: 103102K(104064K)->103102K(104064K) Class: 18951K(20480K)->18951K(20480K)
[305.470s][info][gc             ] GC(166) Pause Full (Allocation Failure) 494M->446M(494M) 115.657ms
[305.470s][info][gc,cpu         ] GC(166) User=0.13s Sys=0.00s Real=0.12s
[306.903s][info][gc,start       ] GC(167) Pause Full (Allocation Failure)
[306.904s][info][gc,phases,start] GC(167) Phase 1: Mark live objects
[306.949s][info][gc,phases      ] GC(167) Phase 1: Mark live objects 45.788ms
[306.949s][info][gc,phases,start] GC(167) Phase 2: Compute new object addresses
[306.975s][info][gc,phases      ] GC(167) Phase 2: Compute new object addresses 25.695ms
[306.975s][info][gc,phases,start] GC(167) Phase 3: Adjust pointers
[307.001s][info][gc,phases      ] GC(167) Phase 3: Adjust pointers 25.692ms
[307.001s][info][gc,phases,start] GC(167) Phase 4: Move objects
[307.017s][info][gc,phases      ] GC(167) Phase 4: Move objects 15.745ms
[307.017s][info][gc,heap        ] GC(167) DefNew: 157247K(157248K)->110357K(157248K) Eden: 139776K(139776K)->110357K(139776K) From: 17471K(17472K)->0K(17472K)
[307.017s][info][gc,heap        ] GC(167) Tenured: 349568K(349568K)->349568K(349568K)
[307.017s][info][gc,metaspace   ] GC(167) Metaspace: 122054K(124544K)->122054K(124544K) NonClass: 103102K(104064K)->103102K(104064K) Class: 18951K(20480K)->18951K(20480K)
[307.017s][info][gc             ] GC(167) Pause Full (Allocation Failure) 494M->449M(494M) 113.726ms
[307.017s][info][gc,cpu         ] GC(167) User=0.11s Sys=0.00s Real=0.11s
[308.595s][info][gc,start       ] GC(168) Pause Full (Allocation Failure)
[308.595s][info][gc,phases,start] GC(168) Phase 1: Mark live objects
[308.640s][info][gc,phases      ] GC(168) Phase 1: Mark live objects 45.378ms
[308.640s][info][gc,phases,start] GC(168) Phase 2: Compute new object addresses
[308.666s][info][gc,phases      ] GC(168) Phase 2: Compute new object addresses 25.498ms
[308.666s][info][gc,phases,start] GC(168) Phase 3: Adjust pointers
[308.691s][info][gc,phases      ] GC(168) Phase 3: Adjust pointers 25.463ms
[308.691s][info][gc,phases,start] GC(168) Phase 4: Move objects
[308.707s][info][gc,phases      ] GC(168) Phase 4: Move objects 15.847ms
[308.708s][info][gc,heap        ] GC(168) DefNew: 157247K(157248K)->111855K(157248K) Eden: 139776K(139776K)->111855K(139776K) From: 17471K(17472K)->0K(17472K)
[308.708s][info][gc,heap        ] GC(168) Tenured: 349568K(349568K)->349568K(349568K)
[308.708s][info][gc,metaspace   ] GC(168) Metaspace: 122054K(124544K)->122054K(124544K) NonClass: 103103K(104064K)->103103K(104064K) Class: 18951K(20480K)->18951K(20480K)
[308.708s][info][gc             ] GC(168) Pause Full (Allocation Failure) 494M->450M(494M) 112.965ms
[308.708s][info][gc,cpu         ] GC(168) User=0.11s Sys=0.00s Real=0.11s
[310.284s][info][gc,start       ] GC(169) Pause Full (Allocation Failure)
[310.284s][info][gc,phases,start] GC(169) Phase 1: Mark live objects
[310.329s][info][gc,phases      ] GC(169) Phase 1: Mark live objects 45.419ms
[310.329s][info][gc,phases,start] GC(169) Phase 2: Compute new object addresses
[310.355s][info][gc,phases      ] GC(169) Phase 2: Compute new object addresses 26.061ms
[310.355s][info][gc,phases,start] GC(169) Phase 3: Adjust pointers
[310.382s][info][gc,phases      ] GC(169) Phase 3: Adjust pointers 26.321ms
[310.382s][info][gc,phases,start] GC(169) Phase 4: Move objects
[310.433s][info][gc,phases      ] GC(169) Phase 4: Move objects 51.184ms
[310.433s][info][gc,heap        ] GC(169) DefNew: 157247K(157248K)->111844K(157248K) Eden: 139776K(139776K)->111844K(139776K) From: 17471K(17472K)->0K(17472K)
[310.433s][info][gc,heap        ] GC(169) Tenured: 349568K(349568K)->348565K(349568K)
[310.433s][info][gc,metaspace   ] GC(169) Metaspace: 122054K(124544K)->122054K(124544K) NonClass: 103103K(104064K)->103103K(104064K) Class: 18951K(20480K)->18951K(20480K)
[310.434s][info][gc             ] GC(169) Pause Full (Allocation Failure) 494M->449M(494M) 149.809ms
[310.434s][info][gc,cpu         ] GC(169) User=0.16s Sys=0.00s Real=0.15s
[312.101s][info][gc,start       ] GC(170) Pause Full (Allocation Failure)
[312.101s][info][gc,phases,start] GC(170) Phase 1: Mark live objects
[312.146s][info][gc,phases      ] GC(170) Phase 1: Mark live objects 45.388ms
[312.146s][info][gc,phases,start] GC(170) Phase 2: Compute new object addresses
[312.173s][info][gc,phases      ] GC(170) Phase 2: Compute new object addresses 26.251ms
[312.173s][info][gc,phases,start] GC(170) Phase 3: Adjust pointers
[312.198s][info][gc,phases      ] GC(170) Phase 3: Adjust pointers 25.555ms
[312.198s][info][gc,phases,start] GC(170) Phase 4: Move objects
[312.200s][info][gc,phases      ] GC(170) Phase 4: Move objects 1.964ms
[312.201s][info][gc,heap        ] GC(170) DefNew: 157248K(157248K)->111707K(157248K) Eden: 139776K(139776K)->111707K(139776K) From: 17472K(17472K)->0K(17472K)
[312.201s][info][gc,heap        ] GC(170) Tenured: 349568K(349568K)->349568K(349568K)
[312.201s][info][gc,metaspace   ] GC(170) Metaspace: 122054K(124544K)->122054K(124544K) NonClass: 103103K(104064K)->103103K(104064K) Class: 18951K(20480K)->18951K(20480K)
[312.201s][info][gc             ] GC(170) Pause Full (Allocation Failure) 494M->450M(494M) 99.913ms
[312.201s][info][gc,cpu         ] GC(170) User=0.11s Sys=0.00s Real=0.10s
[313.493s][info][gc,start       ] GC(171) Pause Full (Allocation Failure)
[313.493s][info][gc,phases,start] GC(171) Phase 1: Mark live objects
[313.538s][info][gc,phases      ] GC(171) Phase 1: Mark live objects 45.192ms
[313.538s][info][gc,phases,start] GC(171) Phase 2: Compute new object addresses
[313.563s][info][gc,phases      ] GC(171) Phase 2: Compute new object addresses 24.809ms
[313.563s][info][gc,phases,start] GC(171) Phase 3: Adjust pointers
[313.589s][info][gc,phases      ] GC(171) Phase 3: Adjust pointers 25.512ms
[313.589s][info][gc,phases,start] GC(171) Phase 4: Move objects
[313.606s][info][gc,phases      ] GC(171) Phase 4: Move objects 17.195ms
[313.606s][info][gc,heap        ] GC(171) DefNew: 157247K(157248K)->113495K(157248K) Eden: 139776K(139776K)->113495K(139776K) From: 17471K(17472K)->0K(17472K)
[313.606s][info][gc,heap        ] GC(171) Tenured: 349568K(349568K)->349568K(349568K)
[313.606s][info][gc,metaspace   ] GC(171) Metaspace: 122054K(124544K)->122054K(124544K) NonClass: 103103K(104064K)->103103K(104064K) Class: 18951K(20480K)->18951K(20480K)
[313.606s][info][gc             ] GC(171) Pause Full (Allocation Failure) 494M->452M(494M) 113.486ms
[313.607s][info][gc,cpu         ] GC(171) User=0.13s Sys=0.00s Real=0.11s
[315.177s][info][gc,start       ] GC(172) Pause Full (Allocation Failure)
[315.177s][info][gc,phases,start] GC(172) Phase 1: Mark live objects
[315.223s][info][gc,phases      ] GC(172) Phase 1: Mark live objects 45.645ms
[315.223s][info][gc,phases,start] GC(172) Phase 2: Compute new object addresses
[315.249s][info][gc,phases      ] GC(172) Phase 2: Compute new object addresses 25.611ms
[315.249s][info][gc,phases,start] GC(172) Phase 3: Adjust pointers
[315.274s][info][gc,phases      ] GC(172) Phase 3: Adjust pointers 25.595ms
[315.274s][info][gc,phases,start] GC(172) Phase 4: Move objects
[315.284s][info][gc,phases      ] GC(172) Phase 4: Move objects 9.614ms
[315.285s][info][gc,heap        ] GC(172) DefNew: 157247K(157248K)->113460K(157248K) Eden: 139776K(139776K)->113460K(139776K) From: 17471K(17472K)->0K(17472K)
[315.285s][info][gc,heap        ] GC(172) Tenured: 349568K(349568K)->349568K(349568K)
[315.285s][info][gc,metaspace   ] GC(172) Metaspace: 122057K(124544K)->122057K(124544K) NonClass: 103105K(104064K)->103105K(104064K) Class: 18951K(20480K)->18951K(20480K)
[315.285s][info][gc             ] GC(172) Pause Full (Allocation Failure) 494M->452M(494M) 107.243ms
[315.285s][info][gc,cpu         ] GC(172) User=0.11s Sys=0.00s Real=0.11s
[316.578s][info][gc,start       ] GC(173) Pause Full (Allocation Failure)
[316.578s][info][gc,phases,start] GC(173) Phase 1: Mark live objects
[316.623s][info][gc,phases      ] GC(173) Phase 1: Mark live objects 45.423ms
[316.623s][info][gc,phases,start] GC(173) Phase 2: Compute new object addresses
[316.647s][info][gc,phases      ] GC(173) Phase 2: Compute new object addresses 24.003ms
[316.647s][info][gc,phases,start] GC(173) Phase 3: Adjust pointers
[316.674s][info][gc,phases      ] GC(173) Phase 3: Adjust pointers 26.346ms
[316.674s][info][gc,phases,start] GC(173) Phase 4: Move objects
[316.745s][info][gc,phases      ] GC(173) Phase 4: Move objects 71.749ms
[316.746s][info][gc,heap        ] GC(173) DefNew: 157248K(157248K)->115087K(157248K) Eden: 139776K(139776K)->115087K(139776K) From: 17472K(17472K)->0K(17472K)
[316.746s][info][gc,heap        ] GC(173) Tenured: 349568K(349568K)->348564K(349568K)
[316.746s][info][gc,metaspace   ] GC(173) Metaspace: 122057K(124544K)->122057K(124544K) NonClass: 103105K(104064K)->103105K(104064K) Class: 18951K(20480K)->18951K(20480K)
[316.746s][info][gc             ] GC(173) Pause Full (Allocation Failure) 494M->452M(494M) 168.347ms
[316.746s][info][gc,cpu         ] GC(173) User=0.17s Sys=0.00s Real=0.17s
[318.417s][info][gc,start       ] GC(174) Pause Full (Allocation Failure)
[318.417s][info][gc,phases,start] GC(174) Phase 1: Mark live objects
[318.463s][info][gc,phases      ] GC(174) Phase 1: Mark live objects 45.875ms
[318.463s][info][gc,phases,start] GC(174) Phase 2: Compute new object addresses
[318.504s][info][gc,phases      ] GC(174) Phase 2: Compute new object addresses 40.875ms
[318.504s][info][gc,phases,start] GC(174) Phase 3: Adjust pointers
[318.532s][info][gc,phases      ] GC(174) Phase 3: Adjust pointers 28.835ms
[318.533s][info][gc,phases,start] GC(174) Phase 4: Move objects
[318.550s][info][gc,phases      ] GC(174) Phase 4: Move objects 17.788ms
[318.551s][info][gc,heap        ] GC(174) DefNew: 157248K(157248K)->114829K(157248K) Eden: 139776K(139776K)->114829K(139776K) From: 17472K(17472K)->0K(17472K)
[318.551s][info][gc,heap        ] GC(174) Tenured: 349568K(349568K)->349568K(349568K)
[318.551s][info][gc,metaspace   ] GC(174) Metaspace: 122058K(124544K)->122058K(124544K) NonClass: 103107K(104064K)->103107K(104064K) Class: 18951K(20480K)->18951K(20480K)
[318.551s][info][gc             ] GC(174) Pause Full (Allocation Failure) 494M->453M(494M) 134.214ms
[318.551s][info][gc,cpu         ] GC(174) User=0.13s Sys=0.00s Real=0.13s
[320.140s][info][gc,start       ] GC(175) Pause Full (Allocation Failure)
[320.140s][info][gc,phases,start] GC(175) Phase 1: Mark live objects
[320.185s][info][gc,phases      ] GC(175) Phase 1: Mark live objects 45.580ms
[320.185s][info][gc,phases,start] GC(175) Phase 2: Compute new object addresses
[320.211s][info][gc,phases      ] GC(175) Phase 2: Compute new object addresses 25.273ms
[320.211s][info][gc,phases,start] GC(175) Phase 3: Adjust pointers
[320.236s][info][gc,phases      ] GC(175) Phase 3: Adjust pointers 25.513ms
[320.236s][info][gc,phases,start] GC(175) Phase 4: Move objects
[320.237s][info][gc,phases      ] GC(175) Phase 4: Move objects 0.705ms
[320.237s][info][gc,heap        ] GC(175) DefNew: 157247K(157248K)->115087K(157248K) Eden: 139776K(139776K)->115087K(139776K) From: 17471K(17472K)->0K(17472K)
[320.237s][info][gc,heap        ] GC(175) Tenured: 349568K(349568K)->349568K(349568K)
[320.237s][info][gc,metaspace   ] GC(175) Metaspace: 122059K(124544K)->122059K(124544K) NonClass: 103108K(104064K)->103108K(104064K) Class: 18951K(20480K)->18951K(20480K)
[320.237s][info][gc             ] GC(175) Pause Full (Allocation Failure) 494M->453M(494M) 97.833ms
[320.237s][info][gc,cpu         ] GC(175) User=0.09s Sys=0.00s Real=0.10s
[321.824s][info][gc,start       ] GC(176) Pause Full (Allocation Failure)
[321.825s][info][gc,phases,start] GC(176) Phase 1: Mark live objects
[321.883s][info][gc,phases      ] GC(176) Phase 1: Mark live objects 58.534ms
[321.883s][info][gc,phases,start] GC(176) Phase 2: Compute new object addresses
[321.910s][info][gc,phases      ] GC(176) Phase 2: Compute new object addresses 26.624ms
[321.910s][info][gc,phases,start] GC(176) Phase 3: Adjust pointers
[321.941s][info][gc,phases      ] GC(176) Phase 3: Adjust pointers 31.295ms
[321.941s][info][gc,phases,start] GC(176) Phase 4: Move objects
[321.964s][info][gc,phases      ] GC(176) Phase 4: Move objects 22.708ms
[321.965s][info][gc,heap        ] GC(176) DefNew: 157248K(157248K)->115099K(157248K) Eden: 139776K(139776K)->115099K(139776K) From: 17472K(17472K)->0K(17472K)
[321.965s][info][gc,heap        ] GC(176) Tenured: 349568K(349568K)->349568K(349568K)
[321.965s][info][gc,metaspace   ] GC(176) Metaspace: 122060K(124544K)->122060K(124544K) NonClass: 103109K(104064K)->103109K(104064K) Class: 18951K(20480K)->18951K(20480K)
[321.965s][info][gc             ] GC(176) Pause Full (Allocation Failure) 494M->453M(494M) 140.207ms
[321.965s][info][gc,cpu         ] GC(176) User=0.14s Sys=0.00s Real=0.14s
[323.553s][info][gc,start       ] GC(177) Pause Full (Allocation Failure)
[323.553s][info][gc,phases,start] GC(177) Phase 1: Mark live objects
[323.608s][info][gc,phases      ] GC(177) Phase 1: Mark live objects 54.539ms
[323.608s][info][gc,phases,start] GC(177) Phase 2: Compute new object addresses
[323.633s][info][gc,phases      ] GC(177) Phase 2: Compute new object addresses 25.154ms
[323.633s][info][gc,phases,start] GC(177) Phase 3: Adjust pointers
[323.659s][info][gc,phases      ] GC(177) Phase 3: Adjust pointers 25.584ms
[323.659s][info][gc,phases,start] GC(177) Phase 4: Move objects
[323.723s][info][gc,phases      ] GC(177) Phase 4: Move objects 64.264ms
[323.724s][info][gc,heap        ] GC(177) DefNew: 157248K(157248K)->114954K(157248K) Eden: 139776K(139776K)->114954K(139776K) From: 17472K(17472K)->0K(17472K)
[323.724s][info][gc,heap        ] GC(177) Tenured: 349568K(349568K)->348556K(349568K)
[323.724s][info][gc,metaspace   ] GC(177) Metaspace: 122064K(124544K)->122064K(124544K) NonClass: 103112K(104064K)->103112K(104064K) Class: 18951K(20480K)->18951K(20480K)
[323.724s][info][gc             ] GC(177) Pause Full (Allocation Failure) 494M->452M(494M) 170.336ms
[323.724s][info][gc,cpu         ] GC(177) User=0.17s Sys=0.00s Real=0.17s
[325.399s][info][gc,start       ] GC(178) Pause Full (Allocation Failure)
[325.399s][info][gc,phases,start] GC(178) Phase 1: Mark live objects
[325.445s][info][gc,phases      ] GC(178) Phase 1: Mark live objects 45.729ms
[325.445s][info][gc,phases,start] GC(178) Phase 2: Compute new object addresses
[325.481s][info][gc,phases      ] GC(178) Phase 2: Compute new object addresses 35.831ms
[325.481s][info][gc,phases,start] GC(178) Phase 3: Adjust pointers
[325.519s][info][gc,phases      ] GC(178) Phase 3: Adjust pointers 38.334ms
[325.519s][info][gc,phases,start] GC(178) Phase 4: Move objects
[325.521s][info][gc,phases      ] GC(178) Phase 4: Move objects 1.629ms
[325.521s][info][gc,heap        ] GC(178) DefNew: 157248K(157248K)->114777K(157248K) Eden: 139776K(139776K)->114777K(139776K) From: 17472K(17472K)->0K(17472K)
[325.521s][info][gc,heap        ] GC(178) Tenured: 349567K(349568K)->349567K(349568K)
[325.521s][info][gc,metaspace   ] GC(178) Metaspace: 122064K(124544K)->122064K(124544K) NonClass: 103112K(104064K)->103112K(104064K) Class: 18951K(20480K)->18951K(20480K)
[325.521s][info][gc             ] GC(178) Pause Full (Allocation Failure) 494M->453M(494M) 122.332ms
[325.521s][info][gc,cpu         ] GC(178) User=0.13s Sys=0.00s Real=0.12s
[327.111s][info][gc,start       ] GC(179) Pause Full (Allocation Failure)
[327.111s][info][gc,phases,start] GC(179) Phase 1: Mark live objects
[327.157s][info][gc,phases      ] GC(179) Phase 1: Mark live objects 45.121ms
[327.157s][info][gc,phases,start] GC(179) Phase 2: Compute new object addresses
[327.182s][info][gc,phases      ] GC(179) Phase 2: Compute new object addresses 25.430ms
[327.182s][info][gc,phases,start] GC(179) Phase 3: Adjust pointers
[327.207s][info][gc,phases      ] GC(179) Phase 3: Adjust pointers 25.302ms
[327.207s][info][gc,phases,start] GC(179) Phase 4: Move objects
[327.208s][info][gc,phases      ] GC(179) Phase 4: Move objects 0.688ms
[327.209s][info][gc,heap        ] GC(179) DefNew: 157247K(157248K)->115019K(157248K) Eden: 139776K(139776K)->115019K(139776K) From: 17471K(17472K)->0K(17472K)
[327.209s][info][gc,heap        ] GC(179) Tenured: 349567K(349568K)->349567K(349568K)
[327.209s][info][gc,metaspace   ] GC(179) Metaspace: 122064K(124544K)->122064K(124544K) NonClass: 103112K(104064K)->103112K(104064K) Class: 18951K(20480K)->18951K(20480K)
[327.209s][info][gc             ] GC(179) Pause Full (Allocation Failure) 494M->453M(494M) 97.305ms
[327.209s][info][gc,cpu         ] GC(179) User=0.09s Sys=0.00s Real=0.10s
[328.794s][info][gc,start       ] GC(180) Pause Full (Allocation Failure)
[328.794s][info][gc,phases,start] GC(180) Phase 1: Mark live objects
[328.839s][info][gc,phases      ] GC(180) Phase 1: Mark live objects 45.524ms
[328.839s][info][gc,phases,start] GC(180) Phase 2: Compute new object addresses
[328.864s][info][gc,phases      ] GC(180) Phase 2: Compute new object addresses 25.008ms
[328.864s][info][gc,phases,start] GC(180) Phase 3: Adjust pointers
[328.890s][info][gc,phases      ] GC(180) Phase 3: Adjust pointers 25.731ms
[328.890s][info][gc,phases,start] GC(180) Phase 4: Move objects
[328.891s][info][gc,phases      ] GC(180) Phase 4: Move objects 0.787ms
[328.892s][info][gc,heap        ] GC(180) DefNew: 157247K(157248K)->115096K(157248K) Eden: 139775K(139776K)->115096K(139776K) From: 17471K(17472K)->0K(17472K)
[328.892s][info][gc,heap        ] GC(180) Tenured: 349567K(349568K)->349567K(349568K)
[328.892s][info][gc,metaspace   ] GC(180) Metaspace: 122065K(124544K)->122065K(124544K) NonClass: 103113K(104064K)->103113K(104064K) Class: 18951K(20480K)->18951K(20480K)
[328.892s][info][gc             ] GC(180) Pause Full (Allocation Failure) 494M->453M(494M) 97.809ms
[328.892s][info][gc,cpu         ] GC(180) User=0.09s Sys=0.00s Real=0.10s
[330.485s][info][gc,start       ] GC(181) Pause Full (Allocation Failure)
[330.485s][info][gc,phases,start] GC(181) Phase 1: Mark live objects
[330.530s][info][gc,phases      ] GC(181) Phase 1: Mark live objects 44.771ms
[330.530s][info][gc,phases,start] GC(181) Phase 2: Compute new object addresses
[330.555s][info][gc,phases      ] GC(181) Phase 2: Compute new object addresses 25.122ms
[330.555s][info][gc,phases,start] GC(181) Phase 3: Adjust pointers
[330.581s][info][gc,phases      ] GC(181) Phase 3: Adjust pointers 26.008ms
[330.581s][info][gc,phases,start] GC(181) Phase 4: Move objects
[330.631s][info][gc,phases      ] GC(181) Phase 4: Move objects 50.280ms
[330.632s][info][gc,heap        ] GC(181) DefNew: 157237K(157248K)->114889K(157248K) Eden: 139776K(139776K)->114889K(139776K) From: 17461K(17472K)->0K(17472K)
[330.632s][info][gc,heap        ] GC(181) Tenured: 349567K(349568K)->348555K(349568K)
[330.632s][info][gc,metaspace   ] GC(181) Metaspace: 122065K(124544K)->122065K(124544K) NonClass: 103113K(104064K)->103113K(104064K) Class: 18951K(20480K)->18951K(20480K)
[330.632s][info][gc             ] GC(181) Pause Full (Allocation Failure) 494M->452M(494M) 146.981ms
[330.632s][info][gc,cpu         ] GC(181) User=0.14s Sys=0.00s Real=0.15s
[332.127s][info][gc,start       ] GC(182) Pause Full (Allocation Failure)
[332.127s][info][gc,phases,start] GC(182) Phase 1: Mark live objects
[332.172s][info][gc,phases      ] GC(182) Phase 1: Mark live objects 45.227ms
[332.172s][info][gc,phases,start] GC(182) Phase 2: Compute new object addresses
[332.195s][info][gc,phases      ] GC(182) Phase 2: Compute new object addresses 22.800ms
[332.195s][info][gc,phases,start] GC(182) Phase 3: Adjust pointers
[332.220s][info][gc,phases      ] GC(182) Phase 3: Adjust pointers 25.366ms
[332.220s][info][gc,phases,start] GC(182) Phase 4: Move objects
[332.241s][info][gc,phases      ] GC(182) Phase 4: Move objects 21.052ms
[332.242s][info][gc,heap        ] GC(182) DefNew: 156161K(157248K)->118082K(157248K) Eden: 139776K(139776K)->118082K(139776K) From: 16385K(17472K)->0K(17472K)
[332.242s][info][gc,heap        ] GC(182) Tenured: 348555K(349568K)->348555K(349568K)
[332.242s][info][gc,metaspace   ] GC(182) Metaspace: 122065K(124544K)->122065K(124544K) NonClass: 103113K(104064K)->103113K(104064K) Class: 18951K(20480K)->18951K(20480K)
[332.242s][info][gc             ] GC(182) Pause Full (Allocation Failure) 492M->455M(494M) 115.287ms
[332.242s][info][gc,cpu         ] GC(182) User=0.11s Sys=0.00s Real=0.11s
[333.924s][info][gc,start       ] GC(183) Pause Full (Allocation Failure)
[333.924s][info][gc,phases,start] GC(183) Phase 1: Mark live objects
[333.970s][info][gc,phases      ] GC(183) Phase 1: Mark live objects 45.787ms
[333.970s][info][gc,phases,start] GC(183) Phase 2: Compute new object addresses
[333.992s][info][gc,phases      ] GC(183) Phase 2: Compute new object addresses 21.534ms
[333.992s][info][gc,phases,start] GC(183) Phase 3: Adjust pointers
[334.018s][info][gc,phases      ] GC(183) Phase 3: Adjust pointers 25.710ms
[334.018s][info][gc,phases,start] GC(183) Phase 4: Move objects
[334.042s][info][gc,phases      ] GC(183) Phase 4: Move objects 24.275ms
[334.042s][info][gc,heap        ] GC(183) DefNew: 157248K(157248K)->124171K(157248K) Eden: 139776K(139776K)->124171K(139776K) From: 17472K(17472K)->0K(17472K)
[334.042s][info][gc,heap        ] GC(183) Tenured: 349567K(349568K)->349567K(349568K)
[334.042s][info][gc,metaspace   ] GC(183) Metaspace: 122066K(124544K)->122066K(124544K) NonClass: 103114K(104064K)->103114K(104064K) Class: 18951K(20480K)->18951K(20480K)
[334.042s][info][gc             ] GC(183) Pause Full (Allocation Failure) 494M->462M(494M) 118.113ms
[334.042s][info][gc,cpu         ] GC(183) User=0.13s Sys=0.00s Real=0.12s
[335.631s][info][gc,start       ] GC(184) Pause Full (Allocation Failure)
[335.631s][info][gc,phases,start] GC(184) Phase 1: Mark live objects
[335.676s][info][gc,phases      ] GC(184) Phase 1: Mark live objects 45.312ms
[335.676s][info][gc,phases,start] GC(184) Phase 2: Compute new object addresses
[335.699s][info][gc,phases      ] GC(184) Phase 2: Compute new object addresses 22.797ms
[335.699s][info][gc,phases,start] GC(184) Phase 3: Adjust pointers
[335.725s][info][gc,phases      ] GC(184) Phase 3: Adjust pointers 25.686ms
[335.725s][info][gc,phases,start] GC(184) Phase 4: Move objects
[335.728s][info][gc,phases      ] GC(184) Phase 4: Move objects 3.648ms
[335.729s][info][gc,heap        ] GC(184) DefNew: 157247K(157248K)->124369K(157248K) Eden: 139776K(139776K)->124369K(139776K) From: 17471K(17472K)->0K(17472K)
[335.729s][info][gc,heap        ] GC(184) Tenured: 349567K(349568K)->349567K(349568K)
[335.729s][info][gc,metaspace   ] GC(184) Metaspace: 122066K(124544K)->122066K(124544K) NonClass: 103114K(104064K)->103114K(104064K) Class: 18951K(20480K)->18951K(20480K)
[335.729s][info][gc             ] GC(184) Pause Full (Allocation Failure) 494M->462M(494M) 98.222ms
[335.729s][info][gc,cpu         ] GC(184) User=0.09s Sys=0.00s Real=0.10s
[337.320s][info][gc,start       ] GC(185) Pause Full (Allocation Failure)
[337.321s][info][gc,phases,start] GC(185) Phase 1: Mark live objects
[337.366s][info][gc,phases      ] GC(185) Phase 1: Mark live objects 45.317ms
[337.366s][info][gc,phases,start] GC(185) Phase 2: Compute new object addresses
[337.388s][info][gc,phases      ] GC(185) Phase 2: Compute new object addresses 21.678ms
[337.388s][info][gc,phases,start] GC(185) Phase 3: Adjust pointers
[337.414s][info][gc,phases      ] GC(185) Phase 3: Adjust pointers 26.495ms
[337.414s][info][gc,phases,start] GC(185) Phase 4: Move objects
[337.490s][info][gc,phases      ] GC(185) Phase 4: Move objects 75.918ms
[337.491s][info][gc,heap        ] GC(185) DefNew: 157248K(157248K)->125994K(157248K) Eden: 139776K(139776K)->125994K(139776K) From: 17472K(17472K)->0K(17472K)
[337.491s][info][gc,heap        ] GC(185) Tenured: 349567K(349568K)->348560K(349568K)
[337.491s][info][gc,metaspace   ] GC(185) Metaspace: 122066K(124544K)->122066K(124544K) NonClass: 103114K(104064K)->103114K(104064K) Class: 18951K(20480K)->18951K(20480K)
[337.491s][info][gc             ] GC(185) Pause Full (Allocation Failure) 494M->463M(494M) 170.314ms
[337.491s][info][gc,cpu         ] GC(185) User=0.17s Sys=0.00s Real=0.17s
[338.612s][info][gc,start       ] GC(186) Pause Full (Allocation Failure)
[338.612s][info][gc,phases,start] GC(186) Phase 1: Mark live objects
[338.670s][info][gc,phases      ] GC(186) Phase 1: Mark live objects 57.664ms
[338.670s][info][gc,phases,start] GC(186) Phase 2: Compute new object addresses
[338.692s][info][gc,phases      ] GC(186) Phase 2: Compute new object addresses 21.652ms
[338.692s][info][gc,phases,start] GC(186) Phase 3: Adjust pointers
[338.723s][info][gc,phases      ] GC(186) Phase 3: Adjust pointers 30.720ms
[338.723s][info][gc,phases,start] GC(186) Phase 4: Move objects
[338.751s][info][gc,phases      ] GC(186) Phase 4: Move objects 28.379ms
[338.752s][info][gc,heap        ] GC(186) DefNew: 157248K(157248K)->128799K(157248K) Eden: 139776K(139776K)->128799K(139776K) From: 17472K(17472K)->0K(17472K)
[338.752s][info][gc,heap        ] GC(186) Tenured: 349568K(349568K)->349568K(349568K)
[338.752s][info][gc,metaspace   ] GC(186) Metaspace: 122069K(124544K)->122069K(124544K) NonClass: 103116K(104064K)->103116K(104064K) Class: 18952K(20480K)->18952K(20480K)
[338.752s][info][gc             ] GC(186) Pause Full (Allocation Failure) 494M->467M(494M) 140.072ms
[338.752s][info][gc,cpu         ] GC(186) User=0.14s Sys=0.00s Real=0.14s
[340.345s][info][gc,start       ] GC(187) Pause Full (Allocation Failure)
[340.345s][info][gc,phases,start] GC(187) Phase 1: Mark live objects
[340.399s][info][gc,phases      ] GC(187) Phase 1: Mark live objects 54.427ms
[340.399s][info][gc,phases,start] GC(187) Phase 2: Compute new object addresses
[340.421s][info][gc,phases      ] GC(187) Phase 2: Compute new object addresses 21.524ms
[340.421s][info][gc,phases,start] GC(187) Phase 3: Adjust pointers
[340.446s][info][gc,phases      ] GC(187) Phase 3: Adjust pointers 25.583ms
[340.447s][info][gc,phases,start] GC(187) Phase 4: Move objects
[340.448s][info][gc,phases      ] GC(187) Phase 4: Move objects 1.700ms
[340.449s][info][gc,heap        ] GC(187) DefNew: 157248K(157248K)->129073K(157248K) Eden: 139776K(139776K)->129073K(139776K) From: 17472K(17472K)->0K(17472K)
[340.449s][info][gc,heap        ] GC(187) Tenured: 349568K(349568K)->349568K(349568K)
[340.449s][info][gc,metaspace   ] GC(187) Metaspace: 122069K(124544K)->122069K(124544K) NonClass: 103116K(104064K)->103116K(104064K) Class: 18952K(20480K)->18952K(20480K)
[340.449s][info][gc             ] GC(187) Pause Full (Allocation Failure) 494M->467M(494M) 104.001ms
[340.449s][info][gc,cpu         ] GC(187) User=0.11s Sys=0.00s Real=0.10s
[341.476s][info][gc,start       ] GC(188) Pause Full (Allocation Failure)
[341.476s][info][gc,phases,start] GC(188) Phase 1: Mark live objects
[341.527s][info][gc,phases      ] GC(188) Phase 1: Mark live objects 51.111ms
[341.527s][info][gc,phases,start] GC(188) Phase 2: Compute new object addresses
[341.545s][info][gc,phases      ] GC(188) Phase 2: Compute new object addresses 18.685ms
[341.545s][info][gc,phases,start] GC(188) Phase 3: Adjust pointers
[341.571s][info][gc,phases      ] GC(188) Phase 3: Adjust pointers 25.592ms
[341.581s][info][gc,phases,start] GC(188) Phase 4: Move objects
[341.608s][info][gc,phases      ] GC(188) Phase 4: Move objects 26.863ms
[341.608s][info][gc,heap        ] GC(188) DefNew: 157248K(157248K)->132195K(157248K) Eden: 139776K(139776K)->132195K(139776K) From: 17472K(17472K)->0K(17472K)
[341.608s][info][gc,heap        ] GC(188) Tenured: 349568K(349568K)->349568K(349568K)
[341.608s][info][gc,metaspace   ] GC(188) Metaspace: 122069K(124544K)->122069K(124544K) NonClass: 103116K(104064K)->103116K(104064K) Class: 18952K(20480K)->18952K(20480K)
[341.608s][info][gc             ] GC(188) Pause Full (Allocation Failure) 494M->470M(494M) 132.825ms
[341.608s][info][gc,cpu         ] GC(188) User=0.13s Sys=0.00s Real=0.13s
[342.432s][info][gc,start       ] GC(189) Pause Full (Allocation Failure)
[342.432s][info][gc,phases,start] GC(189) Phase 1: Mark live objects
[342.489s][info][gc,phases      ] GC(189) Phase 1: Mark live objects 56.300ms
[342.489s][info][gc,phases,start] GC(189) Phase 2: Compute new object addresses
[342.513s][info][gc,phases      ] GC(189) Phase 2: Compute new object addresses 24.426ms
[342.513s][info][gc,phases,start] GC(189) Phase 3: Adjust pointers
[342.539s][info][gc,phases      ] GC(189) Phase 3: Adjust pointers 25.950ms
[342.539s][info][gc,phases,start] GC(189) Phase 4: Move objects
[342.577s][info][gc,phases      ] GC(189) Phase 4: Move objects 37.771ms
[342.577s][info][gc,heap        ] GC(189) DefNew: 157248K(157248K)->130322K(157248K) Eden: 139776K(139776K)->130322K(139776K) From: 17472K(17472K)->0K(17472K)
[342.577s][info][gc,heap        ] GC(189) Tenured: 349568K(349568K)->348475K(349568K)
[342.577s][info][gc,metaspace   ] GC(189) Metaspace: 122069K(124544K)->122069K(124544K) NonClass: 103116K(104064K)->103116K(104064K) Class: 18952K(20480K)->18952K(20480K)
[342.578s][info][gc             ] GC(189) Pause Full (Allocation Failure) 494M->467M(494M) 145.278ms
[342.578s][info][gc,cpu         ] GC(189) User=0.14s Sys=0.00s Real=0.14s
[344.298s][info][gc,start       ] GC(190) Pause Full (Allocation Failure)
[344.298s][info][gc,phases,start] GC(190) Phase 1: Mark live objects
[344.344s][info][gc,phases      ] GC(190) Phase 1: Mark live objects 45.796ms
[344.344s][info][gc,phases,start] GC(190) Phase 2: Compute new object addresses
[344.365s][info][gc,phases      ] GC(190) Phase 2: Compute new object addresses 20.708ms
[344.365s][info][gc,phases,start] GC(190) Phase 3: Adjust pointers
[344.391s][info][gc,phases      ] GC(190) Phase 3: Adjust pointers 25.742ms
[344.391s][info][gc,phases,start] GC(190) Phase 4: Move objects
[344.413s][info][gc,phases      ] GC(190) Phase 4: Move objects 21.949ms
[344.413s][info][gc,heap        ] GC(190) DefNew: 157247K(157248K)->131664K(157248K) Eden: 139775K(139776K)->131664K(139776K) From: 17472K(17472K)->0K(17472K)
[344.413s][info][gc,heap        ] GC(190) Tenured: 349567K(349568K)->349567K(349568K)
[344.413s][info][gc,metaspace   ] GC(190) Metaspace: 122069K(124544K)->122069K(124544K) NonClass: 103117K(104064K)->103117K(104064K) Class: 18952K(20480K)->18952K(20480K)
[344.413s][info][gc             ] GC(190) Pause Full (Allocation Failure) 494M->469M(494M) 114.974ms
[344.413s][info][gc,cpu         ] GC(190) User=0.11s Sys=0.00s Real=0.12s
[346.024s][info][gc,start       ] GC(191) Pause Full (Allocation Failure)
[346.024s][info][gc,phases,start] GC(191) Phase 1: Mark live objects
[346.069s][info][gc,phases      ] GC(191) Phase 1: Mark live objects 45.378ms
[346.069s][info][gc,phases,start] GC(191) Phase 2: Compute new object addresses
[346.090s][info][gc,phases      ] GC(191) Phase 2: Compute new object addresses 20.761ms
[346.090s][info][gc,phases,start] GC(191) Phase 3: Adjust pointers
[346.116s][info][gc,phases      ] GC(191) Phase 3: Adjust pointers 25.556ms
[346.116s][info][gc,phases,start] GC(191) Phase 4: Move objects
[346.120s][info][gc,phases      ] GC(191) Phase 4: Move objects 4.373ms
[346.120s][info][gc,heap        ] GC(191) DefNew: 157247K(157248K)->131918K(157248K) Eden: 139776K(139776K)->131918K(139776K) From: 17471K(17472K)->0K(17472K)
[346.120s][info][gc,heap        ] GC(191) Tenured: 349567K(349568K)->349567K(349568K)
[346.120s][info][gc,metaspace   ] GC(191) Metaspace: 122069K(124544K)->122069K(124544K) NonClass: 103117K(104064K)->103117K(104064K) Class: 18952K(20480K)->18952K(20480K)
[346.121s][info][gc             ] GC(191) Pause Full (Allocation Failure) 494M->470M(494M) 96.865ms
[346.121s][info][gc,cpu         ] GC(191) User=0.11s Sys=0.00s Real=0.10s
[347.742s][info][gc,start       ] GC(192) Pause Full (Allocation Failure)
[347.742s][info][gc,phases,start] GC(192) Phase 1: Mark live objects
[347.800s][info][gc,phases      ] GC(192) Phase 1: Mark live objects 58.368ms
[347.800s][info][gc,phases,start] GC(192) Phase 2: Compute new object addresses
[347.822s][info][gc,phases      ] GC(192) Phase 2: Compute new object addresses 21.634ms
[347.822s][info][gc,phases,start] GC(192) Phase 3: Adjust pointers
[347.853s][info][gc,phases      ] GC(192) Phase 3: Adjust pointers 31.083ms
[347.853s][info][gc,phases,start] GC(192) Phase 4: Move objects
[347.854s][info][gc,phases      ] GC(192) Phase 4: Move objects 0.888ms
[347.855s][info][gc,heap        ] GC(192) DefNew: 157247K(157248K)->131858K(157248K) Eden: 139776K(139776K)->131858K(139776K) From: 17471K(17472K)->0K(17472K)
[347.855s][info][gc,heap        ] GC(192) Tenured: 349567K(349568K)->349567K(349568K)
[347.855s][info][gc,metaspace   ] GC(192) Metaspace: 122069K(124544K)->122069K(124544K) NonClass: 103117K(104064K)->103117K(104064K) Class: 18952K(20480K)->18952K(20480K)
[347.855s][info][gc             ] GC(192) Pause Full (Allocation Failure) 494M->470M(494M) 112.994ms
[347.855s][info][gc,cpu         ] GC(192) User=0.13s Sys=0.00s Real=0.11s
[349.473s][info][gc,start       ] GC(193) Pause Full (Allocation Failure)
[349.473s][info][gc,phases,start] GC(193) Phase 1: Mark live objects
[349.528s][info][gc,phases      ] GC(193) Phase 1: Mark live objects 54.835ms
[349.528s][info][gc,phases,start] GC(193) Phase 2: Compute new object addresses
[349.548s][info][gc,phases      ] GC(193) Phase 2: Compute new object addresses 19.799ms
[349.548s][info][gc,phases,start] GC(193) Phase 3: Adjust pointers
[349.574s][info][gc,phases      ] GC(193) Phase 3: Adjust pointers 26.526ms
[349.574s][info][gc,phases,start] GC(193) Phase 4: Move objects
[349.647s][info][gc,phases      ] GC(193) Phase 4: Move objects 72.809ms
[349.648s][info][gc,heap        ] GC(193) DefNew: 157247K(157248K)->133443K(157248K) Eden: 139776K(139776K)->133443K(139776K) From: 17471K(17472K)->0K(17472K)
[349.648s][info][gc,heap        ] GC(193) Tenured: 349567K(349568K)->348476K(349568K)
[349.648s][info][gc,metaspace   ] GC(193) Metaspace: 122070K(124544K)->122070K(124544K) NonClass: 103118K(104064K)->103118K(104064K) Class: 18952K(20480K)->18952K(20480K)
[349.648s][info][gc             ] GC(193) Pause Full (Allocation Failure) 494M->470M(494M) 174.797ms
[349.648s][info][gc,cpu         ] GC(193) User=0.17s Sys=0.00s Real=0.17s
[351.083s][info][gc,start       ] GC(194) Pause Full (Allocation Failure)
[351.083s][info][gc,phases,start] GC(194) Phase 1: Mark live objects
[351.128s][info][gc,phases      ] GC(194) Phase 1: Mark live objects 45.171ms
[351.128s][info][gc,phases,start] GC(194) Phase 2: Compute new object addresses
[351.148s][info][gc,phases      ] GC(194) Phase 2: Compute new object addresses 19.351ms
[351.148s][info][gc,phases,start] GC(194) Phase 3: Adjust pointers
[351.173s][info][gc,phases      ] GC(194) Phase 3: Adjust pointers 25.487ms
[351.173s][info][gc,phases,start] GC(194) Phase 4: Move objects
[351.199s][info][gc,phases      ] GC(194) Phase 4: Move objects 26.026ms
[351.200s][info][gc,heap        ] GC(194) DefNew: 157248K(157248K)->134728K(157248K) Eden: 139776K(139776K)->134728K(139776K) From: 17472K(17472K)->0K(17472K)
[351.200s][info][gc,heap        ] GC(194) Tenured: 349568K(349568K)->349568K(349568K)
[351.200s][info][gc,metaspace   ] GC(194) Metaspace: 122070K(124544K)->122070K(124544K) NonClass: 103118K(104064K)->103118K(104064K) Class: 18952K(20480K)->18952K(20480K)
[351.200s][info][gc             ] GC(194) Pause Full (Allocation Failure) 494M->472M(494M) 116.799ms
[351.200s][info][gc,cpu         ] GC(194) User=0.13s Sys=0.00s Real=0.12s
[352.824s][info][gc,start       ] GC(195) Pause Full (Allocation Failure)
[352.824s][info][gc,phases,start] GC(195) Phase 1: Mark live objects
[352.869s][info][gc,phases      ] GC(195) Phase 1: Mark live objects 44.989ms
[352.869s][info][gc,phases,start] GC(195) Phase 2: Compute new object addresses
[352.889s][info][gc,phases      ] GC(195) Phase 2: Compute new object addresses 19.828ms
[352.889s][info][gc,phases,start] GC(195) Phase 3: Adjust pointers
[352.914s][info][gc,phases      ] GC(195) Phase 3: Adjust pointers 25.458ms
[352.914s][info][gc,phases,start] GC(195) Phase 4: Move objects
[352.932s][info][gc,phases      ] GC(195) Phase 4: Move objects 17.483ms
[352.932s][info][gc,heap        ] GC(195) DefNew: 157248K(157248K)->135002K(157248K) Eden: 139776K(139776K)->135002K(139776K) From: 17472K(17472K)->0K(17472K)
[352.932s][info][gc,heap        ] GC(195) Tenured: 349568K(349568K)->349568K(349568K)
[352.932s][info][gc,metaspace   ] GC(195) Metaspace: 122070K(124544K)->122070K(124544K) NonClass: 103118K(104064K)->103118K(104064K) Class: 18952K(20480K)->18952K(20480K)
[352.932s][info][gc             ] GC(195) Pause Full (Allocation Failure) 494M->473M(494M) 108.520ms
[352.933s][info][gc,cpu         ] GC(195) User=0.11s Sys=0.00s Real=0.11s
[354.551s][info][gc,start       ] GC(196) Pause Full (Allocation Failure)
[354.551s][info][gc,phases,start] GC(196) Phase 1: Mark live objects
[354.597s][info][gc,phases      ] GC(196) Phase 1: Mark live objects 45.616ms
[354.597s][info][gc,phases,start] GC(196) Phase 2: Compute new object addresses
[354.617s][info][gc,phases      ] GC(196) Phase 2: Compute new object addresses 19.633ms
[354.617s][info][gc,phases,start] GC(196) Phase 3: Adjust pointers
[354.643s][info][gc,phases      ] GC(196) Phase 3: Adjust pointers 25.701ms
[354.643s][info][gc,phases,start] GC(196) Phase 4: Move objects
[354.644s][info][gc,phases      ] GC(196) Phase 4: Move objects 1.836ms
[354.645s][info][gc,heap        ] GC(196) DefNew: 157248K(157248K)->135007K(157248K) Eden: 139776K(139776K)->135007K(139776K) From: 17472K(17472K)->0K(17472K)
[354.645s][info][gc,heap        ] GC(196) Tenured: 349568K(349568K)->349568K(349568K)
[354.645s][info][gc,metaspace   ] GC(196) Metaspace: 122072K(124544K)->122072K(124544K) NonClass: 103120K(104064K)->103120K(104064K) Class: 18952K(20480K)->18952K(20480K)
[354.645s][info][gc             ] GC(196) Pause Full (Allocation Failure) 494M->473M(494M) 93.550ms
[354.645s][info][gc,cpu         ] GC(196) User=0.09s Sys=0.00s Real=0.09s
[355.972s][info][gc,start       ] GC(197) Pause Full (Allocation Failure)
[355.972s][info][gc,phases,start] GC(197) Phase 1: Mark live objects
[356.018s][info][gc,phases      ] GC(197) Phase 1: Mark live objects 45.295ms
[356.018s][info][gc,phases,start] GC(197) Phase 2: Compute new object addresses
[356.036s][info][gc,phases      ] GC(197) Phase 2: Compute new object addresses 18.356ms
[356.036s][info][gc,phases,start] GC(197) Phase 3: Adjust pointers
[356.062s][info][gc,phases      ] GC(197) Phase 3: Adjust pointers 26.200ms
[356.062s][info][gc,phases,start] GC(197) Phase 4: Move objects
[356.136s][info][gc,phases      ] GC(197) Phase 4: Move objects 73.863ms
[356.137s][info][gc,heap        ] GC(197) DefNew: 157247K(157248K)->136587K(157248K) Eden: 139776K(139776K)->136587K(139776K) From: 17471K(17472K)->0K(17472K)
[356.137s][info][gc,heap        ] GC(197) Tenured: 349568K(349568K)->348474K(349568K)
[356.137s][info][gc,metaspace   ] GC(197) Metaspace: 122072K(124544K)->122072K(124544K) NonClass: 103120K(104064K)->103120K(104064K) Class: 18952K(20480K)->18952K(20480K)
[356.137s][info][gc             ] GC(197) Pause Full (Allocation Failure) 494M->473M(494M) 164.576ms
[356.137s][info][gc,cpu         ] GC(197) User=0.17s Sys=0.00s Real=0.16s
[357.853s][info][gc,start       ] GC(198) Pause Full (Allocation Failure)
[357.853s][info][gc,phases,start] GC(198) Phase 1: Mark live objects
[357.899s][info][gc,phases      ] GC(198) Phase 1: Mark live objects 45.896ms
[357.899s][info][gc,phases,start] GC(198) Phase 2: Compute new object addresses
[357.919s][info][gc,phases      ] GC(198) Phase 2: Compute new object addresses 19.809ms
[357.919s][info][gc,phases,start] GC(198) Phase 3: Adjust pointers
[357.945s][info][gc,phases      ] GC(198) Phase 3: Adjust pointers 25.813ms
[357.945s][info][gc,phases,start] GC(198) Phase 4: Move objects
[357.945s][info][gc,phases      ] GC(198) Phase 4: Move objects 0.886ms
[357.946s][info][gc,heap        ] GC(198) DefNew: 157248K(157248K)->136340K(157248K) Eden: 139776K(139776K)->136340K(139776K) From: 17472K(17472K)->0K(17472K)
[357.946s][info][gc,heap        ] GC(198) Tenured: 349568K(349568K)->349568K(349568K)
[357.946s][info][gc,metaspace   ] GC(198) Metaspace: 122072K(124544K)->122072K(124544K) NonClass: 103120K(104064K)->103120K(104064K) Class: 18952K(20480K)->18952K(20480K)
[357.946s][info][gc             ] GC(198) Pause Full (Allocation Failure) 494M->474M(494M) 93.171ms
[357.946s][info][gc,cpu         ] GC(198) User=0.09s Sys=0.00s Real=0.09s
[359.566s][info][gc,start       ] GC(199) Pause Full (Allocation Failure)
[359.566s][info][gc,phases,start] GC(199) Phase 1: Mark live objects
[359.612s][info][gc,phases      ] GC(199) Phase 1: Mark live objects 45.346ms
[359.612s][info][gc,phases,start] GC(199) Phase 2: Compute new object addresses
[359.631s][info][gc,phases      ] GC(199) Phase 2: Compute new object addresses 19.599ms
[359.631s][info][gc,phases,start] GC(199) Phase 3: Adjust pointers
[359.657s][info][gc,phases      ] GC(199) Phase 3: Adjust pointers 25.431ms
[359.657s][info][gc,phases,start] GC(199) Phase 4: Move objects
[359.658s][info][gc,phases      ] GC(199) Phase 4: Move objects 1.690ms
[359.659s][info][gc,heap        ] GC(199) DefNew: 157248K(157248K)->136557K(157248K) Eden: 139776K(139776K)->136557K(139776K) From: 17472K(17472K)->0K(17472K)
[359.659s][info][gc,heap        ] GC(199) Tenured: 349568K(349568K)->349568K(349568K)
[359.659s][info][gc,metaspace   ] GC(199) Metaspace: 122072K(124544K)->122072K(124544K) NonClass: 103120K(104064K)->103120K(104064K) Class: 18952K(20480K)->18952K(20480K)
[359.659s][info][gc             ] GC(199) Pause Full (Allocation Failure) 494M->474M(494M) 92.838ms
[359.659s][info][gc,cpu         ] GC(199) User=0.09s Sys=0.00s Real=0.09s
[360.996s][info][gc,start       ] GC(200) Pause Full (Allocation Failure)
[360.996s][info][gc,phases,start] GC(200) Phase 1: Mark live objects
[361.040s][info][gc,phases      ] GC(200) Phase 1: Mark live objects 44.740ms
[361.041s][info][gc,phases,start] GC(200) Phase 2: Compute new object addresses
[361.058s][info][gc,phases      ] GC(200) Phase 2: Compute new object addresses 17.887ms
[361.058s][info][gc,phases,start] GC(200) Phase 3: Adjust pointers
[361.084s][info][gc,phases      ] GC(200) Phase 3: Adjust pointers 25.276ms
[361.084s][info][gc,phases,start] GC(200) Phase 4: Move objects
[361.108s][info][gc,phases      ] GC(200) Phase 4: Move objects 24.483ms
[361.109s][info][gc,heap        ] GC(200) DefNew: 157248K(157248K)->138129K(157248K) Eden: 139776K(139776K)->138129K(139776K) From: 17472K(17472K)->0K(17472K)
[361.109s][info][gc,heap        ] GC(200) Tenured: 349568K(349568K)->349568K(349568K)
[361.109s][info][gc,metaspace   ] GC(200) Metaspace: 122072K(124544K)->122072K(124544K) NonClass: 103120K(104064K)->103120K(104064K) Class: 18952K(20480K)->18952K(20480K)
[361.109s][info][gc             ] GC(200) Pause Full (Allocation Failure) 494M->476M(494M) 113.154ms
[361.109s][info][gc,cpu         ] GC(200) User=0.11s Sys=0.00s Real=0.11s
[362.438s][info][gc,start       ] GC(201) Pause Full (Allocation Failure)
[362.438s][info][gc,phases,start] GC(201) Phase 1: Mark live objects
[362.484s][info][gc,phases      ] GC(201) Phase 1: Mark live objects 45.565ms
[362.484s][info][gc,phases,start] GC(201) Phase 2: Compute new object addresses
[362.502s][info][gc,phases      ] GC(201) Phase 2: Compute new object addresses 17.516ms
[362.502s][info][gc,phases,start] GC(201) Phase 3: Adjust pointers
[362.541s][info][gc,phases      ] GC(201) Phase 3: Adjust pointers 39.126ms
[362.541s][info][gc,phases,start] GC(201) Phase 4: Move objects
[362.566s][info][gc,phases      ] GC(201) Phase 4: Move objects 24.931ms
[362.566s][info][gc,heap        ] GC(201) DefNew: 157248K(157248K)->139717K(157248K) Eden: 139776K(139776K)->139717K(139776K) From: 17472K(17472K)->0K(17472K)
[362.566s][info][gc,heap        ] GC(201) Tenured: 349568K(349568K)->348474K(349568K)
[362.566s][info][gc,metaspace   ] GC(201) Metaspace: 122072K(124544K)->122072K(124544K) NonClass: 103120K(104064K)->103120K(104064K) Class: 18952K(20480K)->18952K(20480K)
[362.566s][info][gc             ] GC(201) Pause Full (Allocation Failure) 494M->476M(494M) 127.934ms
[362.566s][info][gc,cpu         ] GC(201) User=0.13s Sys=0.00s Real=0.13s
[364.281s][info][gc,start       ] GC(202) Pause Full (Allocation Failure)
[364.281s][info][gc,phases,start] GC(202) Phase 1: Mark live objects
[364.326s][info][gc,phases      ] GC(202) Phase 1: Mark live objects 45.660ms
[364.326s][info][gc,phases,start] GC(202) Phase 2: Compute new object addresses
[364.346s][info][gc,phases      ] GC(202) Phase 2: Compute new object addresses 19.037ms
[364.346s][info][gc,phases,start] GC(202) Phase 3: Adjust pointers
[364.371s][info][gc,phases      ] GC(202) Phase 3: Adjust pointers 25.802ms
[364.371s][info][gc,phases,start] GC(202) Phase 4: Move objects
[364.374s][info][gc,phases      ] GC(202) Phase 4: Move objects 3.051ms
[364.375s][info][gc,heap        ] GC(202) DefNew: 157248K(157248K)->139517K(157248K) Eden: 139776K(139776K)->139517K(139776K) From: 17472K(17472K)->0K(17472K)
[364.375s][info][gc,heap        ] GC(202) Tenured: 349568K(349568K)->349568K(349568K)
[364.375s][info][gc,metaspace   ] GC(202) Metaspace: 122073K(124544K)->122073K(124544K) NonClass: 103121K(104064K)->103121K(104064K) Class: 18952K(20480K)->18952K(20480K)
[364.375s][info][gc             ] GC(202) Pause Full (Allocation Failure) 494M->477M(494M) 94.297ms
[364.375s][info][gc,cpu         ] GC(202) User=0.09s Sys=0.00s Real=0.10s
[365.656s][info][gc,start       ] GC(203) Pause Full (Allocation Failure)
[365.656s][info][gc,phases,start] GC(203) Phase 1: Mark live objects
[365.701s][info][gc,phases      ] GC(203) Phase 1: Mark live objects 45.151ms
[365.701s][info][gc,phases,start] GC(203) Phase 2: Compute new object addresses
[365.718s][info][gc,phases      ] GC(203) Phase 2: Compute new object addresses 17.199ms
[365.718s][info][gc,phases,start] GC(203) Phase 3: Adjust pointers
[365.743s][info][gc,phases      ] GC(203) Phase 3: Adjust pointers 25.409ms
[365.744s][info][gc,phases,start] GC(203) Phase 4: Move objects
[365.746s][info][gc,phases      ] GC(203) Phase 4: Move objects 2.139ms
[365.746s][info][gc,heap        ] GC(203) DefNew: 153643K(157248K)->139702K(157248K) Eden: 139776K(139776K)->139702K(139776K) From: 13867K(17472K)->0K(17472K)
[365.746s][info][gc,heap        ] GC(203) Tenured: 349568K(349568K)->349568K(349568K)
[365.746s][info][gc,metaspace   ] GC(203) Metaspace: 122073K(124544K)->122073K(124544K) NonClass: 103121K(104064K)->103121K(104064K) Class: 18952K(20480K)->18952K(20480K)
[365.746s][info][gc             ] GC(203) Pause Full (Allocation Failure) 491M->477M(494M) 90.636ms
[365.746s][info][gc,cpu         ] GC(203) User=0.09s Sys=0.00s Real=0.09s
[366.791s][info][gc,start       ] GC(204) Pause Full (Allocation Failure)
[366.791s][info][gc,phases,start] GC(204) Phase 1: Mark live objects
[366.836s][info][gc,phases      ] GC(204) Phase 1: Mark live objects 45.432ms
[366.836s][info][gc,phases,start] GC(204) Phase 2: Compute new object addresses
[366.852s][info][gc,phases      ] GC(204) Phase 2: Compute new object addresses 15.809ms
[366.852s][info][gc,phases,start] GC(204) Phase 3: Adjust pointers
[366.878s][info][gc,phases      ] GC(204) Phase 3: Adjust pointers 25.635ms
[366.878s][info][gc,phases,start] GC(204) Phase 4: Move objects
[366.905s][info][gc,phases      ] GC(204) Phase 4: Move objects 27.352ms
[366.906s][info][gc,heap        ] GC(204) DefNew: 157248K(157248K)->142909K(157248K) Eden: 139776K(139776K)->136004K(139776K) From: 17472K(17472K)->6905K(17472K)
[366.906s][info][gc,heap        ] GC(204) Tenured: 349568K(349568K)->349568K(349568K)
[366.906s][info][gc,metaspace   ] GC(204) Metaspace: 122073K(124544K)->122073K(124544K) NonClass: 103121K(104064K)->103121K(104064K) Class: 18952K(20480K)->18952K(20480K)
[366.906s][info][gc             ] GC(204) Pause Full (Allocation Failure) 494M->480M(494M) 115.013ms
[366.906s][info][gc,cpu         ] GC(204) User=0.13s Sys=0.00s Real=0.12s
[367.605s][info][gc,start       ] GC(205) Pause Full (Allocation Failure)
[367.605s][info][gc,phases,start] GC(205) Phase 1: Mark live objects
[367.650s][info][gc,phases      ] GC(205) Phase 1: Mark live objects 45.120ms
[367.650s][info][gc,phases,start] GC(205) Phase 2: Compute new object addresses
[367.665s][info][gc,phases      ] GC(205) Phase 2: Compute new object addresses 15.180ms
[367.665s][info][gc,phases,start] GC(205) Phase 3: Adjust pointers
[367.691s][info][gc,phases      ] GC(205) Phase 3: Adjust pointers 26.304ms
[367.691s][info][gc,phases,start] GC(205) Phase 4: Move objects
[367.765s][info][gc,phases      ] GC(205) Phase 4: Move objects 73.618ms
[367.766s][info][gc,heap        ] GC(205) DefNew: 157247K(157248K)->144469K(157248K) Eden: 139775K(139776K)->134442K(139776K) From: 17471K(17472K)->10026K(17472K)
[367.766s][info][gc,heap        ] GC(205) Tenured: 349568K(349568K)->348476K(349568K)
[367.766s][info][gc,metaspace   ] GC(205) Metaspace: 122073K(124544K)->122073K(124544K) NonClass: 103121K(104064K)->103121K(104064K) Class: 18952K(20480K)->18952K(20480K)
[367.766s][info][gc             ] GC(205) Pause Full (Allocation Failure) 494M->481M(494M) 161.044ms
[367.766s][info][gc,cpu         ] GC(205) User=0.17s Sys=0.00s Real=0.16s
[368.321s][info][gc,start       ] GC(206) Pause Full (Allocation Failure)
[368.321s][info][gc,phases,start] GC(206) Phase 1: Mark live objects
[368.365s][info][gc,phases      ] GC(206) Phase 1: Mark live objects 44.645ms
[368.365s][info][gc,phases,start] GC(206) Phase 2: Compute new object addresses
[368.380s][info][gc,phases      ] GC(206) Phase 2: Compute new object addresses 14.880ms
[368.380s][info][gc,phases,start] GC(206) Phase 3: Adjust pointers
[368.405s][info][gc,phases      ] GC(206) Phase 3: Adjust pointers 25.101ms
[368.405s][info][gc,phases,start] GC(206) Phase 4: Move objects
[368.410s][info][gc,phases      ] GC(206) Phase 4: Move objects 4.220ms
[368.410s][info][gc,heap        ] GC(206) DefNew: 155681K(157248K)->144524K(157248K) Eden: 139776K(139776K)->134594K(139776K) From: 15905K(17472K)->9929K(17472K)
[368.410s][info][gc,heap        ] GC(206) Tenured: 348476K(349568K)->348476K(349568K)
[368.410s][info][gc,metaspace   ] GC(206) Metaspace: 122073K(124544K)->122073K(124544K) NonClass: 103121K(104064K)->103121K(104064K) Class: 18952K(20480K)->18952K(20480K)
[368.410s][info][gc             ] GC(206) Pause Full (Allocation Failure) 492M->481M(494M) 89.592ms
[368.410s][info][gc,cpu         ] GC(206) User=0.09s Sys=0.00s Real=0.09s
[369.222s][info][gc,start       ] GC(207) Pause Full (Allocation Failure)
[369.222s][info][gc,phases,start] GC(207) Phase 1: Mark live objects
[369.281s][info][gc,phases      ] GC(207) Phase 1: Mark live objects 58.764ms
[369.281s][info][gc,phases,start] GC(207) Phase 2: Compute new object addresses
[369.297s][info][gc,phases      ] GC(207) Phase 2: Compute new object addresses 16.504ms
[369.297s][info][gc,phases,start] GC(207) Phase 3: Adjust pointers
[369.328s][info][gc,phases      ] GC(207) Phase 3: Adjust pointers 30.870ms
[369.328s][info][gc,phases,start] GC(207) Phase 4: Move objects
[369.348s][info][gc,phases      ] GC(207) Phase 4: Move objects 19.936ms
[369.349s][info][gc,heap        ] GC(207) DefNew: 157247K(157248K)->145892K(157248K) Eden: 139776K(139776K)->136157K(139776K) From: 17471K(17472K)->9735K(17472K)
[369.349s][info][gc,heap        ] GC(207) Tenured: 349567K(349568K)->349567K(349568K)
[369.349s][info][gc,metaspace   ] GC(207) Metaspace: 122073K(124544K)->122073K(124544K) NonClass: 103121K(104064K)->103121K(104064K) Class: 18952K(20480K)->18952K(20480K)
[369.349s][info][gc             ] GC(207) Pause Full (Allocation Failure) 494M->483M(494M) 127.085ms
[369.349s][info][gc,cpu         ] GC(207) User=0.13s Sys=0.00s Real=0.13s
[370.069s][info][gc,start       ] GC(208) Pause Full (Allocation Failure)
[370.069s][info][gc,phases,start] GC(208) Phase 1: Mark live objects
[370.126s][info][gc,phases      ] GC(208) Phase 1: Mark live objects 56.432ms
[370.126s][info][gc,phases,start] GC(208) Phase 2: Compute new object addresses
[370.143s][info][gc,phases      ] GC(208) Phase 2: Compute new object addresses 16.609ms
[370.143s][info][gc,phases,start] GC(208) Phase 3: Adjust pointers
[370.173s][info][gc,phases      ] GC(208) Phase 3: Adjust pointers 30.302ms
[370.173s][info][gc,phases,start] GC(208) Phase 4: Move objects
[370.176s][info][gc,phases      ] GC(208) Phase 4: Move objects 3.458ms
[370.177s][info][gc,heap        ] GC(208) DefNew: 157247K(157248K)->146096K(157248K) Eden: 139775K(139776K)->136157K(139776K) From: 17472K(17472K)->9939K(17472K)
[370.177s][info][gc,heap        ] GC(208) Tenured: 349568K(349568K)->349568K(349568K)
[370.177s][info][gc,metaspace   ] GC(208) Metaspace: 122073K(124544K)->122073K(124544K) NonClass: 103121K(104064K)->103121K(104064K) Class: 18952K(20480K)->18952K(20480K)
[370.177s][info][gc             ] GC(208) Pause Full (Allocation Failure) 494M->484M(494M) 107.782ms
[370.177s][info][gc,cpu         ] GC(208) User=0.11s Sys=0.00s Real=0.11s
[370.305s][info][gc,start       ] GC(209) Pause Full (Allocation Failure)
[370.379s][info][gc,phases,start] GC(209) Phase 1: Mark live objects
[370.444s][info][gc,phases      ] GC(209) Phase 1: Mark live objects 64.926ms
[370.444s][info][gc,phases,start] GC(209) Phase 2: Compute new object addresses
[370.457s][info][gc,phases      ] GC(209) Phase 2: Compute new object addresses 12.353ms
[370.457s][info][gc,phases,start] GC(209) Phase 3: Adjust pointers
[370.482s][info][gc,phases      ] GC(209) Phase 3: Adjust pointers 25.196ms
[370.482s][info][gc,phases,start] GC(209) Phase 4: Move objects
[370.508s][info][gc,phases      ] GC(209) Phase 4: Move objects 26.423ms
[370.509s][info][gc,heap        ] GC(209) DefNew: 157247K(157248K)->149239K(157248K) Eden: 139776K(139776K)->139523K(139776K) From: 17471K(17472K)->9715K(17472K)
[370.509s][info][gc,heap        ] GC(209) Tenured: 349568K(349568K)->348475K(349568K)
[370.509s][info][gc,metaspace   ] GC(209) Metaspace: 122073K(124544K)->122073K(124544K) NonClass: 103121K(104064K)->103121K(104064K) Class: 18952K(20480K)->18952K(20480K)
[370.509s][info][gc             ] GC(209) Pause Full (Allocation Failure) 494M->486M(494M) 203.624ms
[370.509s][info][gc,cpu         ] GC(209) User=0.13s Sys=0.00s Real=0.20s
[370.958s][info][gc,start       ] GC(210) Pause Full (Allocation Failure)
[370.958s][info][gc,phases,start] GC(210) Phase 1: Mark live objects
[371.016s][info][gc,phases      ] GC(210) Phase 1: Mark live objects 58.454ms
[371.016s][info][gc,phases,start] GC(210) Phase 2: Compute new object addresses
[371.030s][info][gc,phases      ] GC(210) Phase 2: Compute new object addresses 14.090ms
[371.030s][info][gc,phases,start] GC(210) Phase 3: Adjust pointers
[371.061s][info][gc,phases      ] GC(210) Phase 3: Adjust pointers 30.212ms
[371.061s][info][gc,phases,start] GC(210) Phase 4: Move objects
[371.066s][info][gc,phases      ] GC(210) Phase 4: Move objects 5.877ms
[371.067s][info][gc,heap        ] GC(210) DefNew: 154253K(157248K)->149219K(157248K) Eden: 139775K(139776K)->139282K(139776K) From: 14477K(17472K)->9936K(17472K)
[371.067s][info][gc,heap        ] GC(210) Tenured: 348475K(349568K)->348475K(349568K)
[371.067s][info][gc,metaspace   ] GC(210) Metaspace: 122073K(124544K)->122073K(124544K) NonClass: 103121K(104064K)->103121K(104064K) Class: 18952K(20480K)->18952K(20480K)
[371.067s][info][gc             ] GC(210) Pause Full (Allocation Failure) 490M->486M(494M) 109.570ms
[371.067s][info][gc,cpu         ] GC(210) User=0.11s Sys=0.00s Real=0.11s
[371.590s][info][gc,start       ] GC(211) Pause Full (Allocation Failure)
[371.590s][info][gc,phases,start] GC(211) Phase 1: Mark live objects
[371.645s][info][gc,phases      ] GC(211) Phase 1: Mark live objects 55.056ms
[371.645s][info][gc,phases,start] GC(211) Phase 2: Compute new object addresses
[371.659s][info][gc,phases      ] GC(211) Phase 2: Compute new object addresses 13.536ms
[371.659s][info][gc,phases,start] GC(211) Phase 3: Adjust pointers
[371.684s][info][gc,phases      ] GC(211) Phase 3: Adjust pointers 25.422ms
[371.684s][info][gc,phases,start] GC(211) Phase 4: Move objects
[371.709s][info][gc,phases      ] GC(211) Phase 4: Move objects 24.407ms
[371.709s][info][gc,heap        ] GC(211) DefNew: 157248K(157248K)->150615K(157248K) Eden: 139776K(139776K)->137719K(139776K) From: 17472K(17472K)->12895K(17472K)
[371.709s][info][gc,heap        ] GC(211) Tenured: 349568K(349568K)->349568K(349568K)
[371.709s][info][gc,metaspace   ] GC(211) Metaspace: 122073K(124544K)->122073K(124544K) NonClass: 103121K(104064K)->103121K(104064K) Class: 18952K(20480K)->18952K(20480K)
[371.709s][info][gc             ] GC(211) Pause Full (Allocation Failure) 494M->488M(494M) 119.199ms
[371.709s][info][gc,cpu         ] GC(211) User=0.11s Sys=0.00s Real=0.12s
[372.140s][info][gc,start       ] GC(212) Pause Full (Allocation Failure)
[372.140s][info][gc,phases,start] GC(212) Phase 1: Mark live objects
[372.184s][info][gc,phases      ] GC(212) Phase 1: Mark live objects 43.886ms
[372.184s][info][gc,phases,start] GC(212) Phase 2: Compute new object addresses
[372.198s][info][gc,phases      ] GC(212) Phase 2: Compute new object addresses 13.802ms
[372.198s][info][gc,phases,start] GC(212) Phase 3: Adjust pointers
[372.223s][info][gc,phases      ] GC(212) Phase 3: Adjust pointers 25.001ms
[372.223s][info][gc,phases,start] GC(212) Phase 4: Move objects
[372.223s][info][gc,phases      ] GC(212) Phase 4: Move objects 0.700ms
[372.224s][info][gc,heap        ] GC(212) DefNew: 157247K(157248K)->150809K(157248K) Eden: 139776K(139776K)->137720K(139776K) From: 17471K(17472K)->13089K(17472K)
[372.224s][info][gc,heap        ] GC(212) Tenured: 349568K(349568K)->349568K(349568K)
[372.224s][info][gc,metaspace   ] GC(212) Metaspace: 122073K(124544K)->122073K(124544K) NonClass: 103121K(104064K)->103121K(104064K) Class: 18952K(20480K)->18952K(20480K)
[372.224s][info][gc             ] GC(212) Pause Full (Allocation Failure) 494M->488M(494M) 84.120ms
[372.224s][info][gc,cpu         ] GC(212) User=0.08s Sys=0.00s Real=0.08s
[372.349s][info][gc,start       ] GC(213) Pause Full (Allocation Failure)
[372.349s][info][gc,phases,start] GC(213) Phase 1: Mark live objects
[372.392s][info][gc,phases      ] GC(213) Phase 1: Mark live objects 42.698ms
[372.392s][info][gc,phases,start] GC(213) Phase 2: Compute new object addresses
[372.404s][info][gc,phases      ] GC(213) Phase 2: Compute new object addresses 11.921ms
[372.404s][info][gc,phases,start] GC(213) Phase 3: Adjust pointers
[372.430s][info][gc,phases      ] GC(213) Phase 3: Adjust pointers 25.464ms
[372.430s][info][gc,phases,start] GC(213) Phase 4: Move objects
[372.507s][info][gc,phases      ] GC(213) Phase 4: Move objects 77.017ms
[372.507s][info][gc,heap        ] GC(213) DefNew: 157248K(157248K)->152363K(157248K) Eden: 139776K(139776K)->139481K(139776K) From: 17472K(17472K)->12882K(17472K)
[372.507s][info][gc,heap        ] GC(213) Tenured: 349568K(349568K)->348475K(349568K)
[372.507s][info][gc,metaspace   ] GC(213) Metaspace: 122073K(124544K)->122073K(124544K) NonClass: 103121K(104064K)->103121K(104064K) Class: 18952K(20480K)->18952K(20480K)
[372.507s][info][gc             ] GC(213) Pause Full (Allocation Failure) 494M->489M(494M) 157.910ms
[372.507s][info][gc,cpu         ] GC(213) User=0.16s Sys=0.00s Real=0.16s
[372.753s][info][gc,start       ] GC(214) Pause Full (Allocation Failure)
[372.753s][info][gc,phases,start] GC(214) Phase 1: Mark live objects
[372.797s][info][gc,phases      ] GC(214) Phase 1: Mark live objects 44.037ms
[372.797s][info][gc,phases,start] GC(214) Phase 2: Compute new object addresses
[372.809s][info][gc,phases      ] GC(214) Phase 2: Compute new object addresses 12.171ms
[372.809s][info][gc,phases,start] GC(214) Phase 3: Adjust pointers
[372.834s][info][gc,phases      ] GC(214) Phase 3: Adjust pointers 24.985ms
[372.834s][info][gc,phases,start] GC(214) Phase 4: Move objects
[372.860s][info][gc,phases      ] GC(214) Phase 4: Move objects 25.585ms
[372.860s][info][gc,heap        ] GC(214) DefNew: 157247K(157248K)->153733K(157248K) Eden: 139776K(139776K)->137766K(139776K) From: 17471K(17472K)->15967K(17472K)
[372.860s][info][gc,heap        ] GC(214) Tenured: 349568K(349568K)->349568K(349568K)
[372.860s][info][gc,metaspace   ] GC(214) Metaspace: 122073K(124544K)->122073K(124544K) NonClass: 103121K(104064K)->103121K(104064K) Class: 18952K(20480K)->18952K(20480K)
[372.860s][info][gc             ] GC(214) Pause Full (Allocation Failure) 494M->491M(494M) 107.540ms
[372.860s][info][gc,cpu         ] GC(214) User=0.11s Sys=0.00s Real=0.11s
[373.004s][info][gc,start       ] GC(215) Pause Full (Allocation Failure)
[373.004s][info][gc,phases,start] GC(215) Phase 1: Mark live objects
[373.047s][info][gc,phases      ] GC(215) Phase 1: Mark live objects 42.378ms
[373.047s][info][gc,phases,start] GC(215) Phase 2: Compute new object addresses
[373.059s][info][gc,phases      ] GC(215) Phase 2: Compute new object addresses 12.257ms
[373.059s][info][gc,phases,start] GC(215) Phase 3: Adjust pointers
[373.095s][info][gc,phases      ] GC(215) Phase 3: Adjust pointers 36.175ms
[373.095s][info][gc,phases,start] GC(215) Phase 4: Move objects
[373.097s][info][gc,phases      ] GC(215) Phase 4: Move objects 1.880ms
[373.098s][info][gc,heap        ] GC(215) DefNew: 157247K(157248K)->153881K(157248K) Eden: 139776K(139776K)->137877K(139776K) From: 17471K(17472K)->16003K(17472K)
[373.098s][info][gc,heap        ] GC(215) Tenured: 349568K(349568K)->349568K(349568K)
[373.098s][info][gc,metaspace   ] GC(215) Metaspace: 122073K(124544K)->122073K(124544K) NonClass: 103121K(104064K)->103121K(104064K) Class: 18952K(20480K)->18952K(20480K)
[373.098s][info][gc             ] GC(215) Pause Full (Allocation Failure) 494M->491M(494M) 93.429ms
[373.098s][info][gc,cpu         ] GC(215) User=0.09s Sys=0.00s Real=0.09s
[373.242s][info][gc,start       ] GC(216) Pause Full (Allocation Failure)
[373.242s][info][gc,phases,start] GC(216) Phase 1: Mark live objects
[373.284s][info][gc,phases      ] GC(216) Phase 1: Mark live objects 42.376ms
[373.284s][info][gc,phases,start] GC(216) Phase 2: Compute new object addresses
[373.296s][info][gc,phases      ] GC(216) Phase 2: Compute new object addresses 12.143ms
[373.296s][info][gc,phases,start] GC(216) Phase 3: Adjust pointers
[373.321s][info][gc,phases      ] GC(216) Phase 3: Adjust pointers 24.739ms
[373.321s][info][gc,phases,start] GC(216) Phase 4: Move objects
[373.322s][info][gc,phases      ] GC(216) Phase 4: Move objects 0.926ms
[373.323s][info][gc,heap        ] GC(216) DefNew: 157247K(157248K)->153937K(157248K) Eden: 139775K(139776K)->137896K(139776K) From: 17471K(17472K)->16040K(17472K)
[373.323s][info][gc,heap        ] GC(216) Tenured: 349568K(349568K)->349568K(349568K)
[373.323s][info][gc,metaspace   ] GC(216) Metaspace: 122073K(124544K)->122073K(124544K) NonClass: 103121K(104064K)->103121K(104064K) Class: 18952K(20480K)->18952K(20480K)
[373.323s][info][gc             ] GC(216) Pause Full (Allocation Failure) 494M->491M(494M) 80.900ms
[373.323s][info][gc,cpu         ] GC(216) User=0.08s Sys=0.00s Real=0.08s
[373.453s][info][gc,start       ] GC(217) Pause Full (Allocation Failure)
[373.453s][info][gc,phases,start] GC(217) Phase 1: Mark live objects
[373.495s][info][gc,phases      ] GC(217) Phase 1: Mark live objects 42.098ms
[373.495s][info][gc,phases,start] GC(217) Phase 2: Compute new object addresses
[373.507s][info][gc,phases      ] GC(217) Phase 2: Compute new object addresses 11.907ms
[373.507s][info][gc,phases,start] GC(217) Phase 3: Adjust pointers
[373.545s][info][gc,phases      ] GC(217) Phase 3: Adjust pointers 38.169ms
[373.545s][info][gc,phases,start] GC(217) Phase 4: Move objects
[373.548s][info][gc,phases      ] GC(217) Phase 4: Move objects 2.452ms
[373.548s][info][gc,heap        ] GC(217) DefNew: 157125K(157248K)->153900K(157248K) Eden: 139775K(139776K)->137910K(139776K) From: 17349K(17472K)->15989K(17472K)
[373.548s][info][gc,heap        ] GC(217) Tenured: 349568K(349568K)->348480K(349568K)
[373.548s][info][gc,metaspace   ] GC(217) Metaspace: 122074K(124544K)->122074K(124544K) NonClass: 103121K(104064K)->103121K(104064K) Class: 18952K(20480K)->18952K(20480K)
[373.548s][info][gc             ] GC(217) Pause Full (Allocation Failure) 494M->490M(494M) 95.376ms
[373.548s][info][gc,cpu         ] GC(217) User=0.09s Sys=0.00s Real=0.10s
[373.548s][info][gc,start       ] GC(218) Pause Full (Allocation Failure)
[373.548s][info][gc,phases,start] GC(218) Phase 1: Mark live objects
[373.589s][info][gc,phases      ] GC(218) Phase 1: Mark live objects 40.400ms
[373.589s][info][gc,phases,start] GC(218) Phase 2: Compute new object addresses
[373.600s][info][gc,phases      ] GC(218) Phase 2: Compute new object addresses 10.637ms
[373.600s][info][gc,phases,start] GC(218) Phase 3: Adjust pointers
[373.624s][info][gc,phases      ] GC(218) Phase 3: Adjust pointers 24.172ms
[373.624s][info][gc,phases,start] GC(218) Phase 4: Move objects
[373.670s][info][gc,phases      ] GC(218) Phase 4: Move objects 46.586ms
[373.671s][info][gc,heap        ] GC(218) DefNew: 153900K(157248K)->153900K(157248K) Eden: 137910K(139776K)->137910K(139776K) From: 15989K(17472K)->15989K(17472K)
[373.671s][info][gc,heap        ] GC(218) Tenured: 348480K(349568K)->348480K(349568K)
[373.671s][info][gc,metaspace   ] GC(218) Metaspace: 122074K(124544K)->122074K(124544K) NonClass: 103121K(104064K)->103121K(104064K) Class: 18952K(20480K)->18952K(20480K)
[373.671s][info][gc             ] GC(218) Pause Full (Allocation Failure) 490M->490M(494M) 122.485ms
[373.671s][info][gc,cpu         ] GC(218) User=0.13s Sys=0.00s Real=0.12s
[373.906s][info][gc,start       ] GC(219) Pause Full (Allocation Failure)
[373.906s][info][gc,phases,start] GC(219) Phase 1: Mark live objects
[373.965s][info][gc,phases      ] GC(219) Phase 1: Mark live objects 58.607ms
[373.965s][info][gc,phases,start] GC(219) Phase 2: Compute new object addresses
[373.979s][info][gc,phases      ] GC(219) Phase 2: Compute new object addresses 13.987ms
[373.979s][info][gc,phases,start] GC(219) Phase 3: Adjust pointers
[374.009s][info][gc,phases      ] GC(219) Phase 3: Adjust pointers 30.429ms
[374.009s][info][gc,phases,start] GC(219) Phase 4: Move objects
[374.035s][info][gc,phases      ] GC(219) Phase 4: Move objects 26.236ms
[374.036s][info][gc,heap        ] GC(219) DefNew: 157248K(157248K)->152124K(157248K) Eden: 139776K(139776K)->139340K(139776K) From: 17472K(17472K)->12784K(17472K)
[374.036s][info][gc,heap        ] GC(219) Tenured: 349567K(349568K)->349567K(349568K)
[374.036s][info][gc,metaspace   ] GC(219) Metaspace: 122101K(124608K)->122101K(124608K) NonClass: 103144K(104128K)->103144K(104128K) Class: 18957K(20480K)->18957K(20480K)
[374.036s][info][gc             ] GC(219) Pause Full (Allocation Failure) 494M->489M(494M) 130.349ms
[374.036s][info][gc,cpu         ] GC(219) User=0.13s Sys=0.00s Real=0.13s
[374.469s][info][gc,start       ] GC(220) Pause Full (Allocation Failure)
[374.469s][info][gc,phases,start] GC(220) Phase 1: Mark live objects
[374.535s][info][gc,phases      ] GC(220) Phase 1: Mark live objects 65.732ms
[374.535s][info][gc,phases,start] GC(220) Phase 2: Compute new object addresses
[374.551s][info][gc,phases      ] GC(220) Phase 2: Compute new object addresses 16.109ms
[374.551s][info][gc,phases,start] GC(220) Phase 3: Adjust pointers
[374.577s][info][gc,phases      ] GC(220) Phase 3: Adjust pointers 25.860ms
[374.577s][info][gc,phases,start] GC(220) Phase 4: Move objects
[374.580s][info][gc,phases      ] GC(220) Phase 4: Move objects 3.385ms
[374.581s][info][gc,heap        ] GC(220) DefNew: 157247K(157248K)->152356K(157248K) Eden: 139775K(139776K)->139218K(139776K) From: 17471K(17472K)->13137K(17472K)
[374.581s][info][gc,heap        ] GC(220) Tenured: 349568K(349568K)->349568K(349568K)
[374.581s][info][gc,metaspace   ] GC(220) Metaspace: 122149K(124608K)->122149K(124608K) NonClass: 103182K(104128K)->103182K(104128K) Class: 18967K(20480K)->18967K(20480K)
[374.581s][info][gc             ] GC(220) Pause Full (Allocation Failure) 494M->490M(494M) 111.871ms
[374.581s][info][gc,cpu         ] GC(220) User=0.11s Sys=0.00s Real=0.11s
[374.925s][info][gc,start       ] GC(221) Pause Full (Allocation Failure)
[374.925s][info][gc,phases,start] GC(221) Phase 1: Mark live objects
[374.971s][info][gc,phases      ] GC(221) Phase 1: Mark live objects 46.179ms
[374.971s][info][gc,phases,start] GC(221) Phase 2: Compute new object addresses
[374.984s][info][gc,phases      ] GC(221) Phase 2: Compute new object addresses 12.788ms
[374.984s][info][gc,phases,start] GC(221) Phase 3: Adjust pointers
[375.011s][info][gc,phases      ] GC(221) Phase 3: Adjust pointers 27.197ms
[375.012s][info][gc,phases,start] GC(221) Phase 4: Move objects
[375.110s][info][gc,phases      ] GC(221) Phase 4: Move objects 98.347ms
[375.110s][info][gc,heap        ] GC(221) DefNew: 156584K(157248K)->148170K(157248K) Eden: 139776K(139776K)->138155K(139776K) From: 16808K(17472K)->10014K(17472K)
[375.111s][info][gc,heap        ] GC(221) Tenured: 349568K(349568K)->348363K(349568K)
[375.111s][info][gc,metaspace   ] GC(221) Metaspace: 122170K(124672K)->122170K(124672K) NonClass: 103201K(104192K)->103201K(104192K) Class: 18969K(20480K)->18969K(20480K)
[375.111s][info][gc             ] GC(221) Pause Full (Allocation Failure) 494M->484M(494M) 185.443ms
[375.111s][info][gc,cpu         ] GC(221) User=0.19s Sys=0.00s Real=0.19s
[375.491s][info][gc,start       ] GC(222) Pause Full (Allocation Failure)
[375.491s][info][gc,phases,start] GC(222) Phase 1: Mark live objects
[375.538s][info][gc,phases      ] GC(222) Phase 1: Mark live objects 46.934ms
[375.538s][info][gc,phases,start] GC(222) Phase 2: Compute new object addresses
[375.551s][info][gc,phases      ] GC(222) Phase 2: Compute new object addresses 13.190ms
[375.551s][info][gc,phases,start] GC(222) Phase 3: Adjust pointers
[375.577s][info][gc,phases      ] GC(222) Phase 3: Adjust pointers 25.554ms
[375.577s][info][gc,phases,start] GC(222) Phase 4: Move objects
[375.604s][info][gc,phases      ] GC(222) Phase 4: Move objects 27.268ms
[375.604s][info][gc,heap        ] GC(222) DefNew: 157033K(157248K)->149830K(157248K) Eden: 139775K(139776K)->139715K(139776K) From: 17257K(17472K)->10114K(17472K)
[375.604s][info][gc,heap        ] GC(222) Tenured: 348363K(349568K)->348363K(349568K)
[375.604s][info][gc,metaspace   ] GC(222) Metaspace: 122190K(124672K)->122190K(124672K) NonClass: 103214K(104192K)->103214K(104192K) Class: 18975K(20480K)->18975K(20480K)
[375.604s][info][gc             ] GC(222) Pause Full (Allocation Failure) 493M->486M(494M) 113.790ms
[375.604s][info][gc,cpu         ] GC(222) User=0.11s Sys=0.00s Real=0.11s
[376.111s][info][gc,start       ] GC(223) Pause Full (Allocation Failure)
[376.111s][info][gc,phases,start] GC(223) Phase 1: Mark live objects
[376.170s][info][gc,phases      ] GC(223) Phase 1: Mark live objects 58.858ms
[376.170s][info][gc,phases,start] GC(223) Phase 2: Compute new object addresses
[376.185s][info][gc,phases      ] GC(223) Phase 2: Compute new object addresses 14.745ms
[376.185s][info][gc,phases,start] GC(223) Phase 3: Adjust pointers
[376.216s][info][gc,phases      ] GC(223) Phase 3: Adjust pointers 30.935ms
[376.216s][info][gc,phases,start] GC(223) Phase 4: Move objects
[376.239s][info][gc,phases      ] GC(223) Phase 4: Move objects 23.307ms
[376.240s][info][gc,heap        ] GC(223) DefNew: 157248K(157248K)->151164K(157248K) Eden: 139776K(139776K)->138132K(139776K) From: 17472K(17472K)->13032K(17472K)
[376.240s][info][gc,heap        ] GC(223) Tenured: 349567K(349568K)->349567K(349568K)
[376.240s][info][gc,metaspace   ] GC(223) Metaspace: 122190K(124672K)->122190K(124672K) NonClass: 103214K(104192K)->103214K(104192K) Class: 18975K(20480K)->18975K(20480K)
[376.240s][info][gc             ] GC(223) Pause Full (Allocation Failure) 494M->488M(494M) 128.880ms
[376.240s][info][gc,cpu         ] GC(223) User=0.13s Sys=0.00s Real=0.13s
[376.656s][info][gc,start       ] GC(224) Pause Full (Allocation Failure)
[376.656s][info][gc,phases,start] GC(224) Phase 1: Mark live objects
[376.713s][info][gc,phases      ] GC(224) Phase 1: Mark live objects 56.677ms
[376.713s][info][gc,phases,start] GC(224) Phase 2: Compute new object addresses
[376.726s][info][gc,phases      ] GC(224) Phase 2: Compute new object addresses 13.671ms
[376.726s][info][gc,phases,start] GC(224) Phase 3: Adjust pointers
[376.752s][info][gc,phases      ] GC(224) Phase 3: Adjust pointers 25.767ms
[376.752s][info][gc,phases,start] GC(224) Phase 4: Move objects
[376.755s][info][gc,phases      ] GC(224) Phase 4: Move objects 2.824ms
[376.756s][info][gc,heap        ] GC(224) DefNew: 157248K(157248K)->151595K(157248K) Eden: 139776K(139776K)->138166K(139776K) From: 17472K(17472K)->13429K(17472K)
[376.756s][info][gc,heap        ] GC(224) Tenured: 349568K(349568K)->349568K(349568K)
[376.756s][info][gc,metaspace   ] GC(224) Metaspace: 122190K(124672K)->122190K(124672K) NonClass: 103214K(104192K)->103214K(104192K) Class: 18975K(20480K)->18975K(20480K)
[376.756s][info][gc             ] GC(224) Pause Full (Allocation Failure) 494M->489M(494M) 99.718ms
[376.756s][info][gc,cpu         ] GC(224) User=0.09s Sys=0.00s Real=0.10s
[376.857s][info][gc,start       ] GC(225) Pause Full (Allocation Failure)
[376.857s][info][gc,phases,start] GC(225) Phase 1: Mark live objects
[376.900s][info][gc,phases      ] GC(225) Phase 1: Mark live objects 42.850ms
[376.900s][info][gc,phases,start] GC(225) Phase 2: Compute new object addresses
[376.912s][info][gc,phases      ] GC(225) Phase 2: Compute new object addresses 11.823ms
[376.912s][info][gc,phases,start] GC(225) Phase 3: Adjust pointers
[376.937s][info][gc,phases      ] GC(225) Phase 3: Adjust pointers 25.032ms
[376.937s][info][gc,phases,start] GC(225) Phase 4: Move objects
[376.957s][info][gc,phases      ] GC(225) Phase 4: Move objects 20.162ms
[376.958s][info][gc,heap        ] GC(225) DefNew: 154211K(157248K)->151530K(157248K) Eden: 139775K(139776K)->138304K(139776K) From: 14435K(17472K)->13225K(17472K)
[376.958s][info][gc,heap        ] GC(225) Tenured: 349568K(349568K)->348381K(349568K)
[376.958s][info][gc,metaspace   ] GC(225) Metaspace: 122190K(124672K)->122190K(124672K) NonClass: 103214K(104192K)->103214K(104192K) Class: 18975K(20480K)->18975K(20480K)
[376.958s][info][gc             ] GC(225) Pause Full (Allocation Failure) 491M->488M(494M) 100.593ms
[376.958s][info][gc,cpu         ] GC(225) User=0.09s Sys=0.00s Real=0.10s
[377.189s][info][gc,start       ] GC(226) Pause Full (Allocation Failure)
[377.189s][info][gc,phases,start] GC(226) Phase 1: Mark live objects
[377.233s][info][gc,phases      ] GC(226) Phase 1: Mark live objects 44.420ms
[377.233s][info][gc,phases,start] GC(226) Phase 2: Compute new object addresses
[377.246s][info][gc,phases      ] GC(226) Phase 2: Compute new object addresses 12.493ms
[377.246s][info][gc,phases,start] GC(226) Phase 3: Adjust pointers
[377.271s][info][gc,phases      ] GC(226) Phase 3: Adjust pointers 25.231ms
[377.271s][info][gc,phases,start] GC(226) Phase 4: Move objects
[377.296s][info][gc,phases      ] GC(226) Phase 4: Move objects 24.929ms
[377.297s][info][gc,heap        ] GC(226) DefNew: 157247K(157248K)->152978K(157248K) Eden: 139776K(139776K)->136752K(139776K) From: 17471K(17472K)->16225K(17472K)
[377.297s][info][gc,heap        ] GC(226) Tenured: 349568K(349568K)->349568K(349568K)
[377.297s][info][gc,metaspace   ] GC(226) Metaspace: 122190K(124672K)->122190K(124672K) NonClass: 103214K(104192K)->103214K(104192K) Class: 18975K(20480K)->18975K(20480K)
[377.297s][info][gc             ] GC(226) Pause Full (Allocation Failure) 494M->490M(494M) 107.818ms
[377.297s][info][gc,cpu         ] GC(226) User=0.11s Sys=0.00s Real=0.11s
[377.297s][info][gc,start       ] GC(227) Pause Full (Allocation Failure)
[377.298s][info][gc,phases,start] GC(227) Phase 1: Mark live objects
[377.364s][info][gc,phases      ] GC(227) Phase 1: Mark live objects 66.811ms
[377.364s][info][gc,phases,start] GC(227) Phase 2: Compute new object addresses
[377.377s][info][gc,phases      ] GC(227) Phase 2: Compute new object addresses 12.655ms
[377.377s][info][gc,phases,start] GC(227) Phase 3: Adjust pointers
[377.407s][info][gc,phases      ] GC(227) Phase 3: Adjust pointers 30.085ms
[377.407s][info][gc,phases,start] GC(227) Phase 4: Move objects
[377.408s][info][gc,phases      ] GC(227) Phase 4: Move objects 0.880ms
[377.409s][info][gc,heap        ] GC(227) DefNew: 154010K(157248K)->153042K(157248K) Eden: 137784K(139776K)->136879K(139776K) From: 16225K(17472K)->16163K(17472K)
[377.409s][info][gc,heap        ] GC(227) Tenured: 349568K(349568K)->349568K(349568K)
[377.409s][info][gc,metaspace   ] GC(227) Metaspace: 122190K(124672K)->122190K(124672K) NonClass: 103214K(104192K)->103214K(104192K) Class: 18975K(20480K)->18975K(20480K)
[377.409s][info][gc             ] GC(227) Pause Full (Allocation Failure) 491M->490M(494M) 111.364ms
[377.409s][info][gc,cpu         ] GC(227) User=0.11s Sys=0.00s Real=0.11s
[377.409s][info][gc,start       ] GC(228) Pause Full (Allocation Failure)
[377.409s][info][gc,phases,start] GC(228) Phase 1: Mark live objects
[377.465s][info][gc,phases      ] GC(228) Phase 1: Mark live objects 55.753ms
[377.465s][info][gc,phases,start] GC(228) Phase 2: Compute new object addresses
[377.487s][info][gc,phases      ] GC(228) Phase 2: Compute new object addresses 21.989ms
[377.487s][info][gc,phases,start] GC(228) Phase 3: Adjust pointers
[377.527s][info][gc,phases      ] GC(228) Phase 3: Adjust pointers 40.021ms
[377.527s][info][gc,phases,start] GC(228) Phase 4: Move objects
[377.529s][info][gc,phases      ] GC(228) Phase 4: Move objects 2.636ms
[377.530s][info][gc,heap        ] GC(228) DefNew: 153042K(157248K)->153007K(157248K) Eden: 136879K(139776K)->136879K(139776K) From: 16163K(17472K)->16128K(17472K)
[377.530s][info][gc,heap        ] GC(228) Tenured: 349568K(349568K)->348539K(349568K)
[377.530s][info][gc,metaspace   ] GC(228) Metaspace: 122190K(124672K)->122190K(124672K) NonClass: 103214K(104192K)->103214K(104192K) Class: 18975K(20480K)->18975K(20480K)
[377.530s][info][gc             ] GC(228) Pause Full (Allocation Failure) 490M->489M(494M) 121.201ms
[377.530s][info][gc,cpu         ] GC(228) User=0.13s Sys=0.00s Real=0.12s
[377.761s][info][gc,start       ] GC(229) Pause Full (Allocation Failure)
[377.761s][info][gc,phases,start] GC(229) Phase 1: Mark live objects
[377.807s][info][gc,phases      ] GC(229) Phase 1: Mark live objects 46.516ms
[377.807s][info][gc,phases,start] GC(229) Phase 2: Compute new object addresses
[377.820s][info][gc,phases      ] GC(229) Phase 2: Compute new object addresses 12.813ms
[377.820s][info][gc,phases,start] GC(229) Phase 3: Adjust pointers
[377.846s][info][gc,phases      ] GC(229) Phase 3: Adjust pointers 26.359ms
[377.846s][info][gc,phases,start] GC(229) Phase 4: Move objects
[377.936s][info][gc,phases      ] GC(229) Phase 4: Move objects 89.657ms
[377.937s][info][gc,heap        ] GC(229) DefNew: 157248K(157248K)->146180K(157248K) Eden: 139776K(139776K)->139509K(139776K) From: 17472K(17472K)->6670K(17472K)
[377.937s][info][gc,heap        ] GC(229) Tenured: 349568K(349568K)->349507K(349568K)
[377.937s][info][gc,metaspace   ] GC(229) Metaspace: 122207K(124672K)->122207K(124672K) NonClass: 103231K(104192K)->103231K(104192K) Class: 18975K(20480K)->18975K(20480K)
[377.937s][info][gc             ] GC(229) Pause Full (Allocation Failure) 494M->484M(494M) 176.278ms
[377.937s][info][gc,cpu         ] GC(229) User=0.17s Sys=0.00s Real=0.18s
[378.932s][info][gc,start       ] GC(230) Pause Full (Allocation Failure)
[378.932s][info][gc,phases,start] GC(230) Phase 1: Mark live objects
[378.992s][info][gc,phases      ] GC(230) Phase 1: Mark live objects 59.514ms
[378.992s][info][gc,phases,start] GC(230) Phase 2: Compute new object addresses
[379.009s][info][gc,phases      ] GC(230) Phase 2: Compute new object addresses 17.108ms
[379.009s][info][gc,phases,start] GC(230) Phase 3: Adjust pointers
[379.041s][info][gc,phases      ] GC(230) Phase 3: Adjust pointers 32.122ms
[379.041s][info][gc,phases,start] GC(230) Phase 4: Move objects
[379.049s][info][gc,phases      ] GC(230) Phase 4: Move objects 7.812ms
[379.050s][info][gc,heap        ] GC(230) DefNew: 157247K(157248K)->146506K(157248K) Eden: 139776K(139776K)->139311K(139776K) From: 17471K(17472K)->7194K(17472K)
[379.050s][info][gc,heap        ] GC(230) Tenured: 349568K(349568K)->349568K(349568K)
[379.050s][info][gc,metaspace   ] GC(230) Metaspace: 122214K(124672K)->122214K(124672K) NonClass: 103239K(104192K)->103239K(104192K) Class: 18975K(20480K)->18975K(20480K)
[379.050s][info][gc             ] GC(230) Pause Full (Allocation Failure) 494M->484M(494M) 117.654ms
[379.050s][info][gc,cpu         ] GC(230) User=0.13s Sys=0.00s Real=0.12s
[379.691s][info][gc,start       ] GC(231) Pause Full (Allocation Failure)
[379.691s][info][gc,phases,start] GC(231) Phase 1: Mark live objects
[379.759s][info][gc,phases      ] GC(231) Phase 1: Mark live objects 68.639ms
[379.938s][info][gc,phases,start] GC(231) Phase 2: Compute new object addresses
[379.965s][info][gc,phases      ] GC(231) Phase 2: Compute new object addresses 26.363ms
[379.965s][info][gc,phases,start] GC(231) Phase 3: Adjust pointers
[379.993s][info][gc,phases      ] GC(231) Phase 3: Adjust pointers 28.020ms
[379.993s][info][gc,phases,start] GC(231) Phase 4: Move objects
[380.021s][info][gc,phases      ] GC(231) Phase 4: Move objects 27.983ms
[380.021s][info][gc,heap        ] GC(231) DefNew: 157247K(157248K)->148217K(157248K) Eden: 139775K(139776K)->137739K(139776K) From: 17472K(17472K)->10477K(17472K)
[380.021s][info][gc,heap        ] GC(231) Tenured: 349568K(349568K)->349568K(349568K)
[380.022s][info][gc,metaspace   ] GC(231) Metaspace: 122270K(124672K)->122267K(124672K) NonClass: 103289K(104192K)->103286K(104192K) Class: 18981K(20480K)->18980K(20480K)
[380.022s][info][gc             ] GC(231) Pause Full (Allocation Failure) 494M->486M(494M) 330.847ms
[380.022s][info][gc,cpu         ] GC(231) User=0.14s Sys=0.00s Real=0.33s
[380.639s][info][gc,start       ] GC(232) Pause Full (Allocation Failure)
[380.639s][info][gc,phases,start] GC(232) Phase 1: Mark live objects
[380.699s][info][gc,phases      ] GC(232) Phase 1: Mark live objects 59.095ms
[380.699s][info][gc,phases,start] GC(232) Phase 2: Compute new object addresses
[380.713s][info][gc,phases      ] GC(232) Phase 2: Compute new object addresses 14.753ms
[380.713s][info][gc,phases,start] GC(232) Phase 3: Adjust pointers
[380.740s][info][gc,phases      ] GC(232) Phase 3: Adjust pointers 26.465ms
[380.740s][info][gc,phases,start] GC(232) Phase 4: Move objects
[380.743s][info][gc,phases      ] GC(232) Phase 4: Move objects 3.417ms
[380.744s][info][gc,heap        ] GC(232) DefNew: 157246K(157248K)->148253K(157248K) Eden: 139776K(139776K)->137749K(139776K) From: 17470K(17472K)->10503K(17472K)
[380.744s][info][gc,heap        ] GC(232) Tenured: 349568K(349568K)->349568K(349568K)
[380.744s][info][gc,metaspace   ] GC(232) Metaspace: 122328K(124672K)->122296K(124672K) NonClass: 103336K(104192K)->103310K(104192K) Class: 18992K(20480K)->18986K(20480K)
[380.744s][info][gc             ] GC(232) Pause Full (Allocation Failure) 494M->486M(494M) 104.594ms
[380.744s][info][gc,cpu         ] GC(232) User=0.08s Sys=0.02s Real=0.11s
[381.156s][info][gc,start       ] GC(233) Pause Full (Allocation Failure)
[381.156s][info][gc,phases,start] GC(233) Phase 1: Mark live objects
[381.215s][info][gc,phases      ] GC(233) Phase 1: Mark live objects 58.747ms
[381.215s][info][gc,phases,start] GC(233) Phase 2: Compute new object addresses
[381.229s][info][gc,phases      ] GC(233) Phase 2: Compute new object addresses 13.805ms
[381.229s][info][gc,phases,start] GC(233) Phase 3: Adjust pointers
[381.256s][info][gc,phases      ] GC(233) Phase 3: Adjust pointers 27.354ms
[381.256s][info][gc,phases,start] GC(233) Phase 4: Move objects
[381.307s][info][gc,phases      ] GC(233) Phase 4: Move objects 51.078ms
[381.308s][info][gc,heap        ] GC(233) DefNew: 154932K(157248K)->148328K(157248K) Eden: 139776K(139776K)->137750K(139776K) From: 15156K(17472K)->10578K(17472K)
[381.308s][info][gc,heap        ] GC(233) Tenured: 349568K(349568K)->349257K(349568K)
[381.308s][info][gc,metaspace   ] GC(233) Metaspace: 122343K(124672K)->122321K(124672K) NonClass: 103349K(104192K)->103331K(104192K) Class: 18993K(20480K)->18990K(20480K)
[381.308s][info][gc             ] GC(233) Pause Full (Allocation Failure) 492M->485M(494M) 151.930ms
[381.308s][info][gc,cpu         ] GC(233) User=0.16s Sys=0.00s Real=0.15s
[381.675s][info][gc,start       ] GC(234) Pause Full (Allocation Failure)
[381.675s][info][gc,phases,start] GC(234) Phase 1: Mark live objects
[381.734s][info][gc,phases      ] GC(234) Phase 1: Mark live objects 59.093ms
[381.734s][info][gc,phases,start] GC(234) Phase 2: Compute new object addresses
[381.747s][info][gc,phases      ] GC(234) Phase 2: Compute new object addresses 13.570ms
[381.747s][info][gc,phases,start] GC(234) Phase 3: Adjust pointers
[381.774s][info][gc,phases      ] GC(234) Phase 3: Adjust pointers 26.617ms
[381.774s][info][gc,phases,start] GC(234) Phase 4: Move objects
[381.803s][info][gc,phases      ] GC(234) Phase 4: Move objects 29.016ms
[381.804s][info][gc,heap        ] GC(234) DefNew: 157248K(157248K)->149872K(157248K) Eden: 139776K(139776K)->139515K(139776K) From: 17472K(17472K)->10357K(17472K)
[381.804s][info][gc,heap        ] GC(234) Tenured: 349567K(349568K)->349567K(349568K)
[381.804s][info][gc,metaspace   ] GC(234) Metaspace: 122344K(124672K)->122333K(124672K) NonClass: 103350K(104192K)->103342K(104192K) Class: 18993K(20480K)->18991K(20480K)
[381.804s][info][gc             ] GC(234) Pause Full (Allocation Failure) 494M->487M(494M) 129.155ms
[381.804s][info][gc,cpu         ] GC(234) User=0.13s Sys=0.00s Real=0.13s
[382.046s][info][gc,start       ] GC(235) Pause Full (Allocation Failure)
[382.046s][info][gc,phases,start] GC(235) Phase 1: Mark live objects
[382.105s][info][gc,phases      ] GC(235) Phase 1: Mark live objects 58.808ms
[382.105s][info][gc,phases,start] GC(235) Phase 2: Compute new object addresses
[382.117s][info][gc,phases      ] GC(235) Phase 2: Compute new object addresses 12.506ms
[382.117s][info][gc,phases,start] GC(235) Phase 3: Adjust pointers
[382.144s][info][gc,phases      ] GC(235) Phase 3: Adjust pointers 26.456ms
[382.144s][info][gc,phases,start] GC(235) Phase 4: Move objects
[382.172s][info][gc,phases      ] GC(235) Phase 4: Move objects 27.598ms
[382.172s][info][gc,heap        ] GC(235) DefNew: 155902K(157248K)->151503K(157248K) Eden: 139776K(139776K)->137931K(139776K) From: 16126K(17472K)->13572K(17472K)
[382.172s][info][gc,heap        ] GC(235) Tenured: 349567K(349568K)->349567K(349568K)
[382.172s][info][gc,metaspace   ] GC(235) Metaspace: 122364K(124672K)->122351K(124672K) NonClass: 103369K(104192K)->103357K(104192K) Class: 18995K(20480K)->18993K(20480K)
[382.172s][info][gc             ] GC(235) Pause Full (Allocation Failure) 493M->489M(494M) 126.201ms
[382.172s][info][gc,cpu         ] GC(235) User=0.13s Sys=0.00s Real=0.13s
[382.172s][info][gc,start       ] GC(236) Pause Full (Allocation Failure)
[382.172s][info][gc,phases,start] GC(236) Phase 1: Mark live objects
[382.226s][info][gc,phases      ] GC(236) Phase 1: Mark live objects 53.682ms
[382.226s][info][gc,phases,start] GC(236) Phase 2: Compute new object addresses
[382.237s][info][gc,phases      ] GC(236) Phase 2: Compute new object addresses 11.139ms
[382.237s][info][gc,phases,start] GC(236) Phase 3: Adjust pointers
[382.263s][info][gc,phases      ] GC(236) Phase 3: Adjust pointers 26.113ms
[382.263s][info][gc,phases,start] GC(236) Phase 4: Move objects
[382.317s][info][gc,phases      ] GC(236) Phase 4: Move objects 53.401ms
[382.317s][info][gc,heap        ] GC(236) DefNew: 151503K(157248K)->150803K(157248K) Eden: 137931K(139776K)->137657K(139776K) From: 13572K(17472K)->13146K(17472K)
[382.317s][info][gc,heap        ] GC(236) Tenured: 349567K(349568K)->349217K(349568K)
[382.317s][info][gc,metaspace   ] GC(236) Metaspace: 122351K(124672K)->122328K(124672K) NonClass: 103357K(104192K)->103338K(104192K) Class: 18993K(20480K)->18989K(20480K)
[382.317s][info][gc             ] GC(236) Pause Full (Allocation Failure) 489M->488M(494M) 145.154ms
[382.317s][info][gc,cpu         ] GC(236) User=0.14s Sys=0.00s Real=0.14s
[382.719s][info][gc,start       ] GC(237) Pause Full (Allocation Failure)
[382.719s][info][gc,phases,start] GC(237) Phase 1: Mark live objects
[382.778s][info][gc,phases      ] GC(237) Phase 1: Mark live objects 58.604ms
[382.778s][info][gc,phases,start] GC(237) Phase 2: Compute new object addresses
[382.791s][info][gc,phases      ] GC(237) Phase 2: Compute new object addresses 13.599ms
[382.791s][info][gc,phases,start] GC(237) Phase 3: Adjust pointers
[382.818s][info][gc,phases      ] GC(237) Phase 3: Adjust pointers 27.143ms
[382.818s][info][gc,phases,start] GC(237) Phase 4: Move objects
[382.912s][info][gc,phases      ] GC(237) Phase 4: Move objects 93.542ms
[382.913s][info][gc,heap        ] GC(237) DefNew: 157247K(157248K)->135011K(157248K) Eden: 139776K(139776K)->135011K(139776K) From: 17471K(17472K)->0K(17472K)
[382.913s][info][gc,heap        ] GC(237) Tenured: 349567K(349568K)->349419K(349568K)
[382.913s][info][gc,metaspace   ] GC(237) Metaspace: 122397K(124672K)->122376K(124672K) NonClass: 103394K(104192K)->103377K(104192K) Class: 19002K(20480K)->18998K(20480K)
[382.913s][info][gc             ] GC(237) Pause Full (Allocation Failure) 494M->473M(494M) 193.912ms
[382.913s][info][gc,cpu         ] GC(237) User=0.19s Sys=0.00s Real=0.19s
[383.858s][info][gc,start       ] GC(238) Pause Full (Allocation Failure)
[383.858s][info][gc,phases,start] GC(238) Phase 1: Mark live objects
[383.919s][info][gc,phases      ] GC(238) Phase 1: Mark live objects 61.285ms
[383.919s][info][gc,phases,start] GC(238) Phase 2: Compute new object addresses
[383.936s][info][gc,phases      ] GC(238) Phase 2: Compute new object addresses 16.251ms
[383.936s][info][gc,phases,start] GC(238) Phase 3: Adjust pointers
[383.963s][info][gc,phases      ] GC(238) Phase 3: Adjust pointers 27.423ms
[383.963s][info][gc,phases,start] GC(238) Phase 4: Move objects
[383.995s][info][gc,phases      ] GC(238) Phase 4: Move objects 31.848ms
[383.995s][info][gc,heap        ] GC(238) DefNew: 157247K(157248K)->141571K(157248K) Eden: 139776K(139776K)->138120K(139776K) From: 17471K(17472K)->3450K(17472K)
[383.995s][info][gc,heap        ] GC(238) Tenured: 349568K(349568K)->349568K(349568K)
[383.995s][info][gc,metaspace   ] GC(238) Metaspace: 122615K(124800K)->122605K(124800K) NonClass: 103568K(104320K)->103560K(104320K) Class: 19047K(20480K)->19045K(20480K)
[383.996s][info][gc             ] GC(238) Pause Full (Allocation Failure) 494M->479M(494M) 137.705ms
[383.996s][info][gc,cpu         ] GC(238) User=0.14s Sys=0.00s Real=0.14s
[385.088s][info][gc,start       ] GC(239) Pause Full (Allocation Failure)
[385.088s][info][gc,phases,start] GC(239) Phase 1: Mark live objects
[385.168s][info][gc,phases      ] GC(239) Phase 1: Mark live objects 79.870ms
[385.168s][info][gc,phases,start] GC(239) Phase 2: Compute new object addresses
[385.191s][info][gc,phases      ] GC(239) Phase 2: Compute new object addresses 22.756ms
[385.191s][info][gc,phases,start] GC(239) Phase 3: Adjust pointers
[385.218s][info][gc,phases      ] GC(239) Phase 3: Adjust pointers 26.883ms
[385.218s][info][gc,phases,start] GC(239) Phase 4: Move objects
[385.251s][info][gc,phases      ] GC(239) Phase 4: Move objects 33.340ms
[385.252s][info][gc,heap        ] GC(239) DefNew: 156224K(157248K)->0K(157248K) Eden: 139776K(139776K)->0K(139776K) From: 16448K(17472K)->0K(17472K)
[385.252s][info][gc,heap        ] GC(239) Tenured: 349568K(349568K)->207659K(349568K)
[385.252s][info][gc,metaspace   ] GC(239) Metaspace: 123040K(124864K)->123009K(124864K) NonClass: 103919K(104384K)->103893K(104384K) Class: 19121K(20480K)->19115K(20480K)
[385.252s][info][gc             ] GC(239) Pause Full (Allocation Failure) 493M->202M(494M) 163.924ms
[385.252s][info][gc,cpu         ] GC(239) User=0.17s Sys=0.02s Real=0.16s
[385.414s][info][gc,heap,exit   ] Heap
[385.414s][info][gc,heap,exit   ]  def new generation   total 157248K, used 22566K [0x00000000e0000000, 0x00000000eaaa0000, 0x00000000eaaa0000)
[385.415s][info][gc,heap,exit   ]   eden space 139776K,  16% used [0x00000000e0000000, 0x00000000e1609ad0, 0x00000000e8880000)
[385.415s][info][gc,heap,exit   ]   from space 17472K,   0% used [0x00000000e8880000, 0x00000000e8880000, 0x00000000e9990000)
[385.415s][info][gc,heap,exit   ]   to   space 17472K,   0% used [0x00000000e9990000, 0x00000000e9990000, 0x00000000eaaa0000)
[385.415s][info][gc,heap,exit   ]  tenured generation   total 349568K, used 207659K [0x00000000eaaa0000, 0x0000000100000000, 0x0000000100000000)
[385.415s][info][gc,heap,exit   ]    the space 349568K,  59% used [0x00000000eaaa0000, 0x00000000f756ac08, 0x00000000f756ae00, 0x0000000100000000)
[385.415s][info][gc,heap,exit   ]  Metaspace       used 123566K, committed 125376K, reserved 1179648K
[385.415s][info][gc,heap,exit   ]   class space    used 19219K, committed 20544K, reserved 1048576K
