[0.016s][info][gc,init] CardTable entry size: 512
[0.016s][info][gc     ] Using Serial
[0.020s][info][gc,init] Version: 20+36-2344 (release)
[0.020s][info][gc,init] CPUs: 48 total, 48 available
[0.021s][info][gc,init] Memory: 382G
[0.021s][info][gc,init] Large Page Support: Disabled
[0.021s][info][gc,init] NUMA Support: Disabled
[0.021s][info][gc,init] Compressed Oops: Enabled (32-bit)
[0.021s][info][gc,init] Heap Min Capacity: 8M
[0.021s][info][gc,init] Heap Initial Capacity: 1G
[0.021s][info][gc,init] Heap Max Capacity: 1G
[0.021s][info][gc,init] Pre-touch: Disabled
[0.041s][info][gc,metaspace] CDS archive(s) mapped at: [0x0000000800000000-0x0000000800c60000-0x0000000800c60000), size 12976128, SharedBaseAddress: 0x0000000800000000, ArchiveRelocationMode: 0.
[0.041s][info][gc,metaspace] Compressed class space mapped at: 0x0000000801000000-0x0000000841000000, reserved size: 1073741824
[0.041s][info][gc,metaspace] Narrow klass base: 0x0000000800000000, Narrow klass shift: 0, Narrow klass range: 0x100000000
[10.411s][info][gc,start    ] GC(0) Pause Full (Metadata GC Threshold)
[10.411s][info][gc,phases,start] GC(0) Phase 1: Mark live objects
[10.433s][info][gc,phases      ] GC(0) Phase 1: Mark live objects 21.672ms
[10.433s][info][gc,phases,start] GC(0) Phase 2: Compute new object addresses
[10.443s][info][gc,phases      ] GC(0) Phase 2: Compute new object addresses 10.393ms
[10.443s][info][gc,phases,start] GC(0) Phase 3: Adjust pointers
[10.450s][info][gc,phases      ] GC(0) Phase 3: Adjust pointers 7.396ms
[10.450s][info][gc,phases,start] GC(0) Phase 4: Move objects
[10.461s][info][gc,phases      ] GC(0) Phase 4: Move objects 10.450ms
[10.462s][info][gc,heap        ] GC(0) DefNew: 154129K(314560K)->0K(314560K) Eden: 154129K(279616K)->0K(279616K) From: 0K(34944K)->0K(34944K)
[10.462s][info][gc,heap        ] GC(0) Tenured: 0K(699072K)->18045K(699072K)
[10.462s][info][gc,metaspace   ] GC(0) Metaspace: 21265K(21504K)->21265K(21504K) NonClass: 18548K(18688K)->18548K(18688K) Class: 2716K(2816K)->2716K(2816K)
[10.462s][info][gc             ] GC(0) Pause Full (Metadata GC Threshold) 150M->17M(989M) 51.810ms
[10.462s][info][gc,cpu         ] GC(0) User=0.05s Sys=0.02s Real=0.06s
[11.390s][info][gc,start       ] GC(1) Pause Full (Metadata GC Threshold)
[11.390s][info][gc,phases,start] GC(1) Phase 1: Mark live objects
[11.421s][info][gc,phases      ] GC(1) Phase 1: Mark live objects 30.582ms
[11.421s][info][gc,phases,start] GC(1) Phase 2: Compute new object addresses
[11.431s][info][gc,phases      ] GC(1) Phase 2: Compute new object addresses 9.715ms
[11.431s][info][gc,phases,start] GC(1) Phase 3: Adjust pointers
[11.441s][info][gc,phases      ] GC(1) Phase 3: Adjust pointers 10.454ms
[11.441s][info][gc,phases,start] GC(1) Phase 4: Move objects
[11.444s][info][gc,phases      ] GC(1) Phase 4: Move objects 3.314ms
[11.445s][info][gc,heap        ] GC(1) DefNew: 139146K(314560K)->0K(314560K) Eden: 139146K(279616K)->0K(279616K) From: 0K(34944K)->0K(34944K)
[11.445s][info][gc,heap        ] GC(1) Tenured: 18045K(699072K)->22754K(699072K)
[11.445s][info][gc,metaspace   ] GC(1) Metaspace: 35441K(35840K)->35441K(35840K) NonClass: 30965K(31168K)->30965K(31168K) Class: 4476K(4672K)->4476K(4672K)
[11.445s][info][gc             ] GC(1) Pause Full (Metadata GC Threshold) 153M->22M(989M) 55.008ms
[11.445s][info][gc,cpu         ] GC(1) User=0.05s Sys=0.00s Real=0.05s
[100.851s][info][gc,start       ] GC(2) Pause Young (Allocation Failure)
[100.867s][info][gc,heap        ] GC(2) DefNew: 279616K(314560K)->2206K(314560K) Eden: 279616K(279616K)->0K(279616K) From: 0K(34944K)->2206K(34944K)
[100.867s][info][gc,heap        ] GC(2) Tenured: 22754K(699072K)->22754K(699072K)
[100.867s][info][gc,metaspace   ] GC(2) Metaspace: 42753K(43136K)->42753K(43136K) NonClass: 37393K(37632K)->37393K(37632K) Class: 5359K(5504K)->5359K(5504K)
[100.867s][info][gc             ] GC(2) Pause Young (Allocation Failure) 295M->24M(989M) 16.073ms
[100.867s][info][gc,cpu         ] GC(2) User=0.02s Sys=0.00s Real=0.02s
[102.837s][info][gc,start       ] GC(3) Pause Full (Metadata GC Threshold)
[102.838s][info][gc,phases,start] GC(3) Phase 1: Mark live objects
[102.874s][info][gc,phases      ] GC(3) Phase 1: Mark live objects 36.518ms
[102.874s][info][gc,phases,start] GC(3) Phase 2: Compute new object addresses
[102.886s][info][gc,phases      ] GC(3) Phase 2: Compute new object addresses 12.189ms
[102.886s][info][gc,phases,start] GC(3) Phase 3: Adjust pointers
[102.903s][info][gc,phases      ] GC(3) Phase 3: Adjust pointers 16.397ms
[102.903s][info][gc,phases,start] GC(3) Phase 4: Move objects
[102.907s][info][gc,phases      ] GC(3) Phase 4: Move objects 4.219ms
[102.908s][info][gc,heap        ] GC(3) DefNew: 79834K(314560K)->0K(314560K) Eden: 77628K(279616K)->0K(279616K) From: 2206K(34944K)->0K(34944K)
[102.908s][info][gc,heap        ] GC(3) Tenured: 22754K(699072K)->28744K(699072K)
[102.908s][info][gc,metaspace   ] GC(3) Metaspace: 59243K(59776K)->59243K(59776K) NonClass: 52013K(52352K)->52013K(52352K) Class: 7230K(7424K)->7230K(7424K)
[102.908s][info][gc             ] GC(3) Pause Full (Metadata GC Threshold) 100M->28M(989M) 70.831ms
[102.908s][info][gc,cpu         ] GC(3) User=0.13s Sys=0.00s Real=0.06s
[104.388s][info][gc,start       ] GC(4) Pause Full (System.gc())
[104.388s][info][gc,phases,start] GC(4) Phase 1: Mark live objects
[104.436s][info][gc,phases      ] GC(4) Phase 1: Mark live objects 47.846ms
[104.436s][info][gc,phases,start] GC(4) Phase 2: Compute new object addresses
[104.452s][info][gc,phases      ] GC(4) Phase 2: Compute new object addresses 16.699ms
[104.452s][info][gc,phases,start] GC(4) Phase 3: Adjust pointers
[104.474s][info][gc,phases      ] GC(4) Phase 3: Adjust pointers 21.684ms
[104.474s][info][gc,phases,start] GC(4) Phase 4: Move objects
[104.486s][info][gc,phases      ] GC(4) Phase 4: Move objects 12.133ms
[104.487s][info][gc,heap        ] GC(4) DefNew: 103046K(314560K)->0K(314560K) Eden: 103046K(279616K)->0K(279616K) From: 0K(34944K)->0K(34944K)
[104.487s][info][gc,heap        ] GC(4) Tenured: 28744K(699072K)->34260K(699072K)
[104.487s][info][gc,metaspace   ] GC(4) Metaspace: 84449K(84928K)->84449K(84928K) NonClass: 73971K(74240K)->73971K(74240K) Class: 10478K(10688K)->10478K(10688K)
[104.488s][info][gc             ] GC(4) Pause Full (System.gc()) 128M->33M(989M) 100.004ms
[104.488s][info][gc,cpu         ] GC(4) User=0.13s Sys=0.00s Real=0.11s
[106.474s][info][gc,start       ] GC(5) Pause Young (Allocation Failure)
[106.524s][info][gc,heap        ] GC(5) DefNew: 279616K(314560K)->15092K(314560K) Eden: 279616K(279616K)->0K(279616K) From: 0K(34944K)->15092K(34944K)
[106.552s][info][gc,heap        ] GC(5) Tenured: 34260K(699072K)->34260K(699072K)
[106.552s][info][gc,metaspace   ] GC(5) Metaspace: 109233K(115072K)->109233K(115072K) NonClass: 93915K(97152K)->93915K(97152K) Class: 15317K(17920K)->15317K(17920K)
[106.552s][info][gc             ] GC(5) Pause Young (Allocation Failure) 306M->48M(989M) 78.067ms
[106.553s][info][gc,cpu         ] GC(5) User=0.09s Sys=0.00s Real=0.08s
[107.672s][info][gc,start       ] GC(6) Pause Young (Allocation Failure)
[107.727s][info][gc,heap        ] GC(6) DefNew: 294708K(314560K)->34944K(314560K) Eden: 279616K(279616K)->0K(279616K) From: 15092K(34944K)->34944K(34944K)
[107.727s][info][gc,heap        ] GC(6) Tenured: 34260K(699072K)->36598K(699072K)
[107.727s][info][gc,metaspace   ] GC(6) Metaspace: 123601K(130496K)->123601K(130496K) NonClass: 104696K(108544K)->104696K(108544K) Class: 18905K(21952K)->18905K(21952K)
[107.727s][info][gc             ] GC(6) Pause Young (Allocation Failure) 321M->69M(989M) 54.957ms
[107.727s][info][gc,cpu         ] GC(6) User=0.14s Sys=0.00s Real=0.06s
[107.925s][info][gc,start       ] GC(7) Pause Young (Allocation Failure)
[107.969s][info][gc,heap        ] GC(7) DefNew: 314560K(314560K)->4812K(314560K) Eden: 279616K(279616K)->0K(279616K) From: 34944K(34944K)->4812K(34944K)
[107.969s][info][gc,heap        ] GC(7) Tenured: 36598K(699072K)->68742K(699072K)
[107.969s][info][gc,metaspace   ] GC(7) Metaspace: 123601K(130496K)->123601K(130496K) NonClass: 104696K(108544K)->104696K(108544K) Class: 18905K(21952K)->18905K(21952K)
[107.969s][info][gc             ] GC(7) Pause Young (Allocation Failure) 342M->71M(989M) 43.582ms
[107.969s][info][gc,cpu         ] GC(7) User=0.08s Sys=0.02s Real=0.05s
[108.027s][info][gc,start       ] GC(8) Pause Young (Allocation Failure)
[108.036s][info][gc,heap        ] GC(8) DefNew: 284428K(314560K)->20617K(314560K) Eden: 279616K(279616K)->0K(279616K) From: 4812K(34944K)->20617K(34944K)
[108.036s][info][gc,heap        ] GC(8) Tenured: 68742K(699072K)->68742K(699072K)
[108.036s][info][gc,metaspace   ] GC(8) Metaspace: 123604K(130496K)->123604K(130496K) NonClass: 104699K(108544K)->104699K(108544K) Class: 18905K(21952K)->18905K(21952K)
[108.036s][info][gc             ] GC(8) Pause Young (Allocation Failure) 344M->87M(989M) 8.925ms
[108.036s][info][gc,cpu         ] GC(8) User=0.00s Sys=0.00s Real=0.00s
[108.064s][info][gc,start       ] GC(9) Pause Young (Allocation Failure)
[108.082s][info][gc,heap        ] GC(9) DefNew: 300233K(314560K)->34443K(314560K) Eden: 279616K(279616K)->0K(279616K) From: 20617K(34944K)->34443K(34944K)
[108.082s][info][gc,heap        ] GC(9) Tenured: 68742K(699072K)->69892K(699072K)
[108.082s][info][gc,metaspace   ] GC(9) Metaspace: 123605K(130496K)->123605K(130496K) NonClass: 104699K(108544K)->104699K(108544K) Class: 18905K(21952K)->18905K(21952K)
[108.083s][info][gc             ] GC(9) Pause Young (Allocation Failure) 360M->101M(989M) 18.814ms
[108.083s][info][gc,cpu         ] GC(9) User=0.02s Sys=0.00s Real=0.01s
[108.109s][info][gc,start       ] GC(10) Pause Young (Allocation Failure)
[108.129s][info][gc,heap        ] GC(10) DefNew: 314059K(314560K)->5837K(314560K) Eden: 279616K(279616K)->0K(279616K) From: 34443K(34944K)->5837K(34944K)
[108.129s][info][gc,heap        ] GC(10) Tenured: 69892K(699072K)->101157K(699072K)
[108.129s][info][gc,metaspace   ] GC(10) Metaspace: 123620K(130496K)->123620K(130496K) NonClass: 104715K(108544K)->104715K(108544K) Class: 18905K(21952K)->18905K(21952K)
[108.129s][info][gc             ] GC(10) Pause Young (Allocation Failure) 374M->104M(989M) 20.535ms
[108.129s][info][gc,cpu         ] GC(10) User=0.00s Sys=0.02s Real=0.02s
[108.153s][info][gc,start       ] GC(11) Pause Young (Allocation Failure)
[108.165s][info][gc,heap        ] GC(11) DefNew: 285453K(314560K)->34128K(314560K) Eden: 279616K(279616K)->0K(279616K) From: 5837K(34944K)->34128K(34944K)
[108.165s][info][gc,heap        ] GC(11) Tenured: 101157K(699072K)->102719K(699072K)
[108.165s][info][gc,metaspace   ] GC(11) Metaspace: 123620K(130496K)->123620K(130496K) NonClass: 104715K(108544K)->104715K(108544K) Class: 18905K(21952K)->18905K(21952K)
[108.165s][info][gc             ] GC(11) Pause Young (Allocation Failure) 377M->133M(989M) 11.943ms
[108.165s][info][gc,cpu         ] GC(11) User=0.02s Sys=0.00s Real=0.02s
[108.187s][info][gc,start       ] GC(12) Pause Young (Allocation Failure)
[108.214s][info][gc,heap        ] GC(12) DefNew: 313744K(314560K)->34788K(314560K) Eden: 279616K(279616K)->0K(279616K) From: 34128K(34944K)->34788K(34944K)
[108.214s][info][gc,heap        ] GC(12) Tenured: 102719K(699072K)->137097K(699072K)
[108.214s][info][gc,metaspace   ] GC(12) Metaspace: 123627K(130496K)->123627K(130496K) NonClass: 104721K(108544K)->104721K(108544K) Class: 18905K(21952K)->18905K(21952K)
[108.214s][info][gc             ] GC(12) Pause Young (Allocation Failure) 406M->167M(989M) 27.328ms
[108.214s][info][gc,cpu         ] GC(12) User=0.03s Sys=0.00s Real=0.03s
[108.236s][info][gc,start       ] GC(13) Pause Young (Allocation Failure)
[108.256s][info][gc,heap        ] GC(13) DefNew: 314404K(314560K)->8270K(314560K) Eden: 279616K(279616K)->0K(279616K) From: 34788K(34944K)->8270K(34944K)
[108.256s][info][gc,heap        ] GC(13) Tenured: 137097K(699072K)->171479K(699072K)
[108.256s][info][gc,metaspace   ] GC(13) Metaspace: 123627K(130496K)->123627K(130496K) NonClass: 104721K(108544K)->104721K(108544K) Class: 18905K(21952K)->18905K(21952K)
[108.257s][info][gc             ] GC(13) Pause Young (Allocation Failure) 440M->175M(989M) 20.410ms
[108.257s][info][gc,cpu         ] GC(13) User=0.02s Sys=0.00s Real=0.02s
[108.278s][info][gc,start       ] GC(14) Pause Young (Allocation Failure)
[108.283s][info][gc,heap        ] GC(14) DefNew: 287886K(314560K)->8332K(314560K) Eden: 279616K(279616K)->0K(279616K) From: 8270K(34944K)->8332K(34944K)
[108.283s][info][gc,heap        ] GC(14) Tenured: 171479K(699072K)->171479K(699072K)
[108.283s][info][gc,metaspace   ] GC(14) Metaspace: 123627K(130496K)->123627K(130496K) NonClass: 104721K(108544K)->104721K(108544K) Class: 18905K(21952K)->18905K(21952K)
[108.283s][info][gc             ] GC(14) Pause Young (Allocation Failure) 448M->175M(989M) 4.783ms
[108.283s][info][gc,cpu         ] GC(14) User=0.00s Sys=0.00s Real=0.00s
[108.306s][info][gc,start       ] GC(15) Pause Young (Allocation Failure)
[108.312s][info][gc,heap        ] GC(15) DefNew: 287948K(314560K)->14504K(314560K) Eden: 279616K(279616K)->0K(279616K) From: 8332K(34944K)->14504K(34944K)
[108.312s][info][gc,heap        ] GC(15) Tenured: 171479K(699072K)->171479K(699072K)
[108.312s][info][gc,metaspace   ] GC(15) Metaspace: 123627K(130496K)->123627K(130496K) NonClass: 104721K(108544K)->104721K(108544K) Class: 18905K(21952K)->18905K(21952K)
[108.312s][info][gc             ] GC(15) Pause Young (Allocation Failure) 448M->181M(989M) 6.224ms
[108.312s][info][gc,cpu         ] GC(15) User=0.00s Sys=0.00s Real=0.00s
[108.334s][info][gc,start       ] GC(16) Pause Young (Allocation Failure)
[108.351s][info][gc,heap        ] GC(16) DefNew: 294120K(314560K)->34759K(314560K) Eden: 279616K(279616K)->0K(279616K) From: 14504K(34944K)->34759K(34944K)
[108.351s][info][gc,heap        ] GC(16) Tenured: 171479K(699072K)->182416K(699072K)
[108.351s][info][gc,metaspace   ] GC(16) Metaspace: 123627K(130496K)->123627K(130496K) NonClass: 104722K(108544K)->104722K(108544K) Class: 18905K(21952K)->18905K(21952K)
[108.351s][info][gc             ] GC(16) Pause Young (Allocation Failure) 454M->212M(989M) 16.415ms
[108.351s][info][gc,cpu         ] GC(16) User=0.02s Sys=0.00s Real=0.02s
[108.384s][info][gc,start       ] GC(17) Pause Young (Allocation Failure)
[108.427s][info][gc,heap        ] GC(17) DefNew: 314375K(314560K)->34787K(314560K) Eden: 279616K(279616K)->0K(279616K) From: 34759K(34944K)->34787K(34944K)
[108.427s][info][gc,heap        ] GC(17) Tenured: 182416K(699072K)->248044K(699072K)
[108.427s][info][gc,metaspace   ] GC(17) Metaspace: 123627K(130496K)->123627K(130496K) NonClass: 104722K(108544K)->104722K(108544K) Class: 18905K(21952K)->18905K(21952K)
[108.427s][info][gc             ] GC(17) Pause Young (Allocation Failure) 485M->276M(989M) 43.094ms
[108.427s][info][gc,cpu         ] GC(17) User=0.00s Sys=0.03s Real=0.03s
[108.450s][info][gc,start       ] GC(18) Pause Young (Allocation Failure)
[108.482s][info][gc,heap        ] GC(18) DefNew: 314403K(314560K)->34853K(314560K) Eden: 279616K(279616K)->0K(279616K) From: 34787K(34944K)->34853K(34944K)
[108.482s][info][gc,heap        ] GC(18) Tenured: 248044K(699072K)->291795K(699072K)
[108.482s][info][gc,metaspace   ] GC(18) Metaspace: 123628K(130496K)->123628K(130496K) NonClass: 104723K(108544K)->104723K(108544K) Class: 18905K(21952K)->18905K(21952K)
[108.482s][info][gc             ] GC(18) Pause Young (Allocation Failure) 549M->318M(989M) 31.298ms
[108.482s][info][gc,cpu         ] GC(18) User=0.02s Sys=0.02s Real=0.03s
[108.504s][info][gc,start       ] GC(19) Pause Young (Allocation Failure)
[108.523s][info][gc,heap        ] GC(19) DefNew: 314469K(314560K)->3649K(314560K) Eden: 279616K(279616K)->0K(279616K) From: 34853K(34944K)->3649K(34944K)
[108.523s][info][gc,heap        ] GC(19) Tenured: 291795K(699072K)->326172K(699072K)
[108.523s][info][gc,metaspace   ] GC(19) Metaspace: 123628K(130496K)->123628K(130496K) NonClass: 104723K(108544K)->104723K(108544K) Class: 18905K(21952K)->18905K(21952K)
[108.523s][info][gc             ] GC(19) Pause Young (Allocation Failure) 592M->322M(989M) 19.514ms
[108.523s][info][gc,cpu         ] GC(19) User=0.02s Sys=0.00s Real=0.02s
[108.545s][info][gc,start       ] GC(20) Pause Young (Allocation Failure)
[108.549s][info][gc,heap        ] GC(20) DefNew: 283265K(314560K)->3573K(314560K) Eden: 279616K(279616K)->0K(279616K) From: 3649K(34944K)->3573K(34944K)
[108.549s][info][gc,heap        ] GC(20) Tenured: 326172K(699072K)->326172K(699072K)
[108.549s][info][gc,metaspace   ] GC(20) Metaspace: 123628K(130496K)->123628K(130496K) NonClass: 104723K(108544K)->104723K(108544K) Class: 18905K(21952K)->18905K(21952K)
[108.549s][info][gc             ] GC(20) Pause Young (Allocation Failure) 595M->322M(989M) 3.741ms
[108.549s][info][gc,cpu         ] GC(20) User=0.00s Sys=0.00s Real=0.00s
[108.570s][info][gc,start       ] GC(21) Pause Young (Allocation Failure)
[108.574s][info][gc,heap        ] GC(21) DefNew: 283189K(314560K)->3590K(314560K) Eden: 279616K(279616K)->0K(279616K) From: 3573K(34944K)->3590K(34944K)
[108.574s][info][gc,heap        ] GC(21) Tenured: 326172K(699072K)->326172K(699072K)
[108.574s][info][gc,metaspace   ] GC(21) Metaspace: 123628K(130496K)->123628K(130496K) NonClass: 104723K(108544K)->104723K(108544K) Class: 18905K(21952K)->18905K(21952K)
[108.574s][info][gc             ] GC(21) Pause Young (Allocation Failure) 595M->322M(989M) 3.783ms
[108.574s][info][gc,cpu         ] GC(21) User=0.00s Sys=0.00s Real=0.00s
[108.596s][info][gc,start       ] GC(22) Pause Young (Allocation Failure)
[108.600s][info][gc,heap        ] GC(22) DefNew: 283206K(314560K)->3666K(314560K) Eden: 279616K(279616K)->0K(279616K) From: 3590K(34944K)->3666K(34944K)
[108.600s][info][gc,heap        ] GC(22) Tenured: 326172K(699072K)->326172K(699072K)
[108.600s][info][gc,metaspace   ] GC(22) Metaspace: 123628K(130496K)->123628K(130496K) NonClass: 104723K(108544K)->104723K(108544K) Class: 18905K(21952K)->18905K(21952K)
[108.600s][info][gc             ] GC(22) Pause Young (Allocation Failure) 595M->322M(989M) 3.833ms
[108.600s][info][gc,cpu         ] GC(22) User=0.00s Sys=0.00s Real=0.00s
[108.621s][info][gc,start       ] GC(23) Pause Young (Allocation Failure)
[108.625s][info][gc,heap        ] GC(23) DefNew: 283282K(314560K)->3701K(314560K) Eden: 279616K(279616K)->0K(279616K) From: 3666K(34944K)->3701K(34944K)
[108.625s][info][gc,heap        ] GC(23) Tenured: 326172K(699072K)->326172K(699072K)
[108.625s][info][gc,metaspace   ] GC(23) Metaspace: 123628K(130496K)->123628K(130496K) NonClass: 104723K(108544K)->104723K(108544K) Class: 18905K(21952K)->18905K(21952K)
[108.625s][info][gc             ] GC(23) Pause Young (Allocation Failure) 595M->322M(989M) 3.847ms
[108.625s][info][gc,cpu         ] GC(23) User=0.00s Sys=0.00s Real=0.00s
[108.646s][info][gc,start       ] GC(24) Pause Young (Allocation Failure)
[108.649s][info][gc,heap        ] GC(24) DefNew: 283317K(314560K)->3721K(314560K) Eden: 279616K(279616K)->0K(279616K) From: 3701K(34944K)->3721K(34944K)
[108.649s][info][gc,heap        ] GC(24) Tenured: 326172K(699072K)->326172K(699072K)
[108.650s][info][gc,metaspace   ] GC(24) Metaspace: 123628K(130496K)->123628K(130496K) NonClass: 104723K(108544K)->104723K(108544K) Class: 18905K(21952K)->18905K(21952K)
[108.650s][info][gc             ] GC(24) Pause Young (Allocation Failure) 595M->322M(989M) 3.803ms
[108.650s][info][gc,cpu         ] GC(24) User=0.00s Sys=0.00s Real=0.00s
[108.669s][info][gc,start       ] GC(25) Pause Young (Allocation Failure)
[108.675s][info][gc,heap        ] GC(25) DefNew: 283337K(314560K)->9892K(314560K) Eden: 279616K(279616K)->0K(279616K) From: 3721K(34944K)->9892K(34944K)
[108.675s][info][gc,heap        ] GC(25) Tenured: 326172K(699072K)->326172K(699072K)
[108.675s][info][gc,metaspace   ] GC(25) Metaspace: 123628K(130496K)->123628K(130496K) NonClass: 104723K(108544K)->104723K(108544K) Class: 18905K(21952K)->18905K(21952K)
[108.675s][info][gc             ] GC(25) Pause Young (Allocation Failure) 595M->328M(989M) 5.620ms
[108.675s][info][gc,cpu         ] GC(25) User=0.02s Sys=0.00s Real=0.01s
[108.704s][info][gc,start       ] GC(26) Pause Young (Allocation Failure)
[108.719s][info][gc,heap        ] GC(26) DefNew: 289508K(314560K)->34810K(314560K) Eden: 279616K(279616K)->0K(279616K) From: 9892K(34944K)->34810K(34944K)
[108.719s][info][gc,heap        ] GC(26) Tenured: 326172K(699072K)->332422K(699072K)
[108.719s][info][gc,metaspace   ] GC(26) Metaspace: 123628K(130496K)->123628K(130496K) NonClass: 104723K(108544K)->104723K(108544K) Class: 18905K(21952K)->18905K(21952K)
[108.719s][info][gc             ] GC(26) Pause Young (Allocation Failure) 601M->358M(989M) 15.249ms
[108.719s][info][gc,cpu         ] GC(26) User=0.00s Sys=0.00s Real=0.00s
[108.750s][info][gc,start       ] GC(27) Pause Young (Allocation Failure)
[108.810s][info][gc,heap        ] GC(27) DefNew: 314426K(314560K)->31688K(314560K) Eden: 279616K(279616K)->0K(279616K) From: 34810K(34944K)->31688K(34944K)
[108.810s][info][gc,heap        ] GC(27) Tenured: 332422K(699072K)->410549K(699072K)
[108.810s][info][gc,metaspace   ] GC(27) Metaspace: 123628K(130496K)->123628K(130496K) NonClass: 104723K(108544K)->104723K(108544K) Class: 18905K(21952K)->18905K(21952K)
[108.810s][info][gc             ] GC(27) Pause Young (Allocation Failure) 631M->431M(989M) 59.723ms
[108.810s][info][gc,cpu         ] GC(27) User=0.05s Sys=0.00s Real=0.05s
[108.842s][info][gc,start       ] GC(28) Pause Young (Allocation Failure)
[108.896s][info][gc,heap        ] GC(28) DefNew: 311304K(314560K)->31648K(314560K) Eden: 279616K(279616K)->0K(279616K) From: 31688K(34944K)->31648K(34944K)
[108.896s][info][gc,heap        ] GC(28) Tenured: 410549K(699072K)->504300K(699072K)
[108.896s][info][gc,metaspace   ] GC(28) Metaspace: 123628K(130496K)->123628K(130496K) NonClass: 104723K(108544K)->104723K(108544K) Class: 18905K(21952K)->18905K(21952K)
[108.896s][info][gc             ] GC(28) Pause Young (Allocation Failure) 704M->523M(989M) 54.212ms
[108.896s][info][gc,cpu         ] GC(28) User=0.03s Sys=0.02s Real=0.05s
[108.920s][info][gc,start       ] GC(29) Pause Young (Allocation Failure)
[108.968s][info][gc,heap        ] GC(29) DefNew: 311264K(314560K)->31746K(314560K) Eden: 279616K(279616K)->0K(279616K) From: 31648K(34944K)->31746K(34944K)
[108.968s][info][gc,heap        ] GC(29) Tenured: 504300K(699072K)->579308K(699072K)
[108.968s][info][gc,metaspace   ] GC(29) Metaspace: 123628K(130496K)->123628K(130496K) NonClass: 104723K(108544K)->104723K(108544K) Class: 18905K(21952K)->18905K(21952K)
[108.968s][info][gc             ] GC(29) Pause Young (Allocation Failure) 796M->596M(989M) 48.444ms
[108.968s][info][gc,cpu         ] GC(29) User=0.00s Sys=0.05s Real=0.05s
[108.989s][info][gc,start       ] GC(30) Pause Young (Allocation Failure)
[109.013s][info][gc,heap        ] GC(30) DefNew: 311362K(314560K)->19227K(314560K) Eden: 279616K(279616K)->0K(279616K) From: 31746K(34944K)->19227K(34944K)
[109.013s][info][gc,heap        ] GC(30) Tenured: 579308K(699072K)->610559K(699072K)
[109.013s][info][gc,metaspace   ] GC(30) Metaspace: 123633K(130496K)->123633K(130496K) NonClass: 104727K(108544K)->104727K(108544K) Class: 18905K(21952K)->18905K(21952K)
[109.013s][info][gc             ] GC(30) Pause Young (Allocation Failure) 869M->615M(989M) 23.186ms
[109.013s][info][gc,cpu         ] GC(30) User=0.02s Sys=0.00s Real=0.02s
[109.032s][info][gc,start       ] GC(31) Pause Young (Allocation Failure)
[109.032s][info][gc             ] GC(31) Pause Young (Allocation Failure) 888M->888M(989M) 0.108ms
[109.032s][info][gc,cpu         ] GC(31) User=0.00s Sys=0.00s Real=0.00s
[109.032s][info][gc,start       ] GC(32) Pause Full (Allocation Failure)
[109.032s][info][gc,phases,start] GC(32) Phase 1: Mark live objects
[109.130s][info][gc,phases      ] GC(32) Phase 1: Mark live objects 98.005ms
[109.130s][info][gc,phases,start] GC(32) Phase 2: Compute new object addresses
[109.219s][info][gc,phases      ] GC(32) Phase 2: Compute new object addresses 88.553ms
[109.219s][info][gc,phases,start] GC(32) Phase 3: Adjust pointers
[109.250s][info][gc,phases      ] GC(32) Phase 3: Adjust pointers 31.036ms
[109.250s][info][gc,phases,start] GC(32) Phase 4: Move objects
[109.316s][info][gc,phases      ] GC(32) Phase 4: Move objects 65.860ms
[109.329s][info][gc,heap        ] GC(32) DefNew: 298843K(314560K)->0K(314560K) Eden: 279616K(279616K)->0K(279616K) From: 19227K(34944K)->0K(34944K)
[109.329s][info][gc,heap        ] GC(32) Tenured: 610559K(699072K)->371108K(699072K)
[109.329s][info][gc,metaspace   ] GC(32) Metaspace: 123633K(130496K)->113973K(128192K) NonClass: 104728K(108544K)->97564K(106432K) Class: 18905K(21952K)->16409K(21760K)
[109.329s][info][gc             ] GC(32) Pause Full (Allocation Failure) 888M->362M(989M) 297.245ms
[109.329s][info][gc,cpu         ] GC(32) User=0.30s Sys=0.00s Real=0.30s
[109.349s][info][gc,start       ] GC(33) Pause Young (Allocation Failure)
[109.353s][info][gc,heap        ] GC(33) DefNew: 279616K(314560K)->617K(314560K) Eden: 279616K(279616K)->0K(279616K) From: 0K(34944K)->617K(34944K)
[109.353s][info][gc,heap        ] GC(33) Tenured: 371108K(699072K)->371108K(699072K)
[109.353s][info][gc,metaspace   ] GC(33) Metaspace: 113973K(128192K)->113973K(128192K) NonClass: 97564K(106432K)->97564K(106432K) Class: 16409K(21760K)->16409K(21760K)
[109.353s][info][gc             ] GC(33) Pause Young (Allocation Failure) 635M->363M(989M) 4.370ms
[109.353s][info][gc,cpu         ] GC(33) User=0.00s Sys=0.00s Real=0.00s
[109.373s][info][gc,start       ] GC(34) Pause Young (Allocation Failure)
[109.376s][info][gc,heap        ] GC(34) DefNew: 280233K(314560K)->653K(314560K) Eden: 279616K(279616K)->0K(279616K) From: 617K(34944K)->653K(34944K)
[109.376s][info][gc,heap        ] GC(34) Tenured: 371108K(699072K)->371108K(699072K)
[109.376s][info][gc,metaspace   ] GC(34) Metaspace: 114005K(128192K)->114005K(128192K) NonClass: 97577K(106432K)->97577K(106432K) Class: 16427K(21760K)->16427K(21760K)
[109.376s][info][gc             ] GC(34) Pause Young (Allocation Failure) 636M->363M(989M) 3.024ms
[109.376s][info][gc,cpu         ] GC(34) User=0.00s Sys=0.00s Real=0.00s
[109.411s][info][gc,start       ] GC(35) Pause Young (Allocation Failure)
[109.424s][info][gc,heap        ] GC(35) DefNew: 279092K(314560K)->34196K(314560K) Eden: 278439K(279616K)->0K(279616K) From: 653K(34944K)->34196K(34944K)
[109.424s][info][gc,heap        ] GC(35) Tenured: 371108K(699072K)->371108K(699072K)
[109.424s][info][gc,metaspace   ] GC(35) Metaspace: 114075K(128192K)->114075K(128192K) NonClass: 97621K(106432K)->97621K(106432K) Class: 16454K(21760K)->16454K(21760K)
[109.424s][info][gc             ] GC(35) Pause Young (Allocation Failure) 634M->395M(989M) 13.189ms
[109.424s][info][gc,cpu         ] GC(35) User=0.00s Sys=0.00s Real=0.00s
[109.472s][info][gc,start       ] GC(36) Pause Young (Allocation Failure)
[109.530s][info][gc,heap        ] GC(36) DefNew: 313812K(314560K)->33208K(314560K) Eden: 279616K(279616K)->0K(279616K) From: 34196K(34944K)->33208K(34944K)
[109.531s][info][gc,heap        ] GC(36) Tenured: 371108K(699072K)->572192K(699072K)
[109.531s][info][gc,metaspace   ] GC(36) Metaspace: 114081K(128192K)->114081K(128192K) NonClass: 97624K(106432K)->97624K(106432K) Class: 16457K(21760K)->16457K(21760K)
[109.531s][info][gc             ] GC(36) Pause Young (Allocation Failure) 668M->591M(989M) 58.160ms
[109.531s][info][gc,cpu         ] GC(36) User=0.05s Sys=0.00s Real=0.05s
[109.566s][info][gc,start       ] GC(37) Pause Young (Allocation Failure)
[109.566s][info][gc             ] GC(37) Pause Young (Allocation Failure) 864M->864M(989M) 0.127ms
[109.566s][info][gc,cpu         ] GC(37) User=0.00s Sys=0.00s Real=0.00s
[109.566s][info][gc,start       ] GC(38) Pause Full (Allocation Failure)
[109.566s][info][gc,phases,start] GC(38) Phase 1: Mark live objects
[109.633s][info][gc,phases      ] GC(38) Phase 1: Mark live objects 67.359ms
[109.633s][info][gc,phases,start] GC(38) Phase 2: Compute new object addresses
[109.677s][info][gc,phases      ] GC(38) Phase 2: Compute new object addresses 43.864ms
[109.677s][info][gc,phases,start] GC(38) Phase 3: Adjust pointers
[109.707s][info][gc,phases      ] GC(38) Phase 3: Adjust pointers 29.401ms
[109.740s][info][gc,phases,start] GC(38) Phase 4: Move objects
[109.798s][info][gc,phases      ] GC(38) Phase 4: Move objects 57.443ms
[109.799s][info][gc,heap        ] GC(38) DefNew: 312824K(314560K)->0K(314560K) Eden: 279616K(279616K)->0K(279616K) From: 33208K(34944K)->0K(34944K)
[109.799s][info][gc,heap        ] GC(38) Tenured: 572192K(699072K)->303693K(699072K)
[109.799s][info][gc,metaspace   ] GC(38) Metaspace: 114120K(128192K)->114113K(128192K) NonClass: 97647K(106432K)->97642K(106432K) Class: 16473K(21760K)->16471K(21760K)
[109.799s][info][gc             ] GC(38) Pause Full (Allocation Failure) 864M->296M(989M) 233.004ms
[109.799s][info][gc,cpu         ] GC(38) User=0.20s Sys=0.00s Real=0.23s
[109.821s][info][gc,start       ] GC(39) Pause Young (Allocation Failure)
[109.830s][info][gc,heap        ] GC(39) DefNew: 279616K(314560K)->21043K(314560K) Eden: 279616K(279616K)->0K(279616K) From: 0K(34944K)->21043K(34944K)
[109.830s][info][gc,heap        ] GC(39) Tenured: 303693K(699072K)->303693K(699072K)
[109.830s][info][gc,metaspace   ] GC(39) Metaspace: 114113K(128192K)->114113K(128192K) NonClass: 97642K(106432K)->97642K(106432K) Class: 16471K(21760K)->16471K(21760K)
[109.830s][info][gc             ] GC(39) Pause Young (Allocation Failure) 569M->317M(989M) 9.397ms
[109.830s][info][gc,cpu         ] GC(39) User=0.02s Sys=0.00s Real=0.02s
[109.852s][info][gc,start       ] GC(40) Pause Young (Allocation Failure)
[109.862s][info][gc,heap        ] GC(40) DefNew: 300659K(314560K)->12923K(314560K) Eden: 279616K(279616K)->0K(279616K) From: 21043K(34944K)->12923K(34944K)
[109.862s][info][gc,heap        ] GC(40) Tenured: 303693K(699072K)->322336K(699072K)
[109.862s][info][gc,metaspace   ] GC(40) Metaspace: 114113K(128192K)->114113K(128192K) NonClass: 97642K(106432K)->97642K(106432K) Class: 16471K(21760K)->16471K(21760K)
[109.862s][info][gc             ] GC(40) Pause Young (Allocation Failure) 590M->327M(989M) 9.772ms
[109.862s][info][gc,cpu         ] GC(40) User=0.00s Sys=0.00s Real=0.00s
[109.883s][info][gc,start       ] GC(41) Pause Young (Allocation Failure)
[109.895s][info][gc,heap        ] GC(41) DefNew: 292539K(314560K)->34881K(314560K) Eden: 279616K(279616K)->0K(279616K) From: 12923K(34944K)->34881K(34944K)
[109.895s][info][gc,heap        ] GC(41) Tenured: 322336K(699072K)->323899K(699072K)
[109.895s][info][gc,metaspace   ] GC(41) Metaspace: 114113K(128192K)->114113K(128192K) NonClass: 97642K(106432K)->97642K(106432K) Class: 16471K(21760K)->16471K(21760K)
[109.895s][info][gc             ] GC(41) Pause Young (Allocation Failure) 600M->350M(989M) 11.737ms
[109.895s][info][gc,cpu         ] GC(41) User=0.02s Sys=0.00s Real=0.02s
[109.916s][info][gc,start       ] GC(42) Pause Young (Allocation Failure)
[109.927s][info][gc,heap        ] GC(42) DefNew: 314497K(314560K)->5929K(314560K) Eden: 279616K(279616K)->0K(279616K) From: 34881K(34944K)->5929K(34944K)
[109.927s][info][gc,heap        ] GC(42) Tenured: 323899K(699072K)->356714K(699072K)
[109.927s][info][gc,metaspace   ] GC(42) Metaspace: 114113K(128192K)->114113K(128192K) NonClass: 97642K(106432K)->97642K(106432K) Class: 16471K(21760K)->16471K(21760K)
[109.928s][info][gc             ] GC(42) Pause Young (Allocation Failure) 623M->354M(989M) 11.461ms
[109.928s][info][gc,cpu         ] GC(42) User=0.02s Sys=0.00s Real=0.01s
[109.949s][info][gc,start       ] GC(43) Pause Young (Allocation Failure)
[109.961s][info][gc,heap        ] GC(43) DefNew: 285545K(314560K)->34102K(314560K) Eden: 279616K(279616K)->0K(279616K) From: 5929K(34944K)->34102K(34944K)
[109.961s][info][gc,heap        ] GC(43) Tenured: 356714K(699072K)->359840K(699072K)
[109.961s][info][gc,metaspace   ] GC(43) Metaspace: 114113K(128192K)->114113K(128192K) NonClass: 97642K(106432K)->97642K(106432K) Class: 16471K(21760K)->16471K(21760K)
[109.961s][info][gc             ] GC(43) Pause Young (Allocation Failure) 627M->384M(989M) 11.984ms
[109.961s][info][gc,cpu         ] GC(43) User=0.02s Sys=0.00s Real=0.02s
[109.982s][info][gc,start       ] GC(44) Pause Young (Allocation Failure)
[110.000s][info][gc,heap        ] GC(44) DefNew: 313718K(314560K)->34823K(314560K) Eden: 279616K(279616K)->0K(279616K) From: 34102K(34944K)->34823K(34944K)
[110.001s][info][gc,heap        ] GC(44) Tenured: 359840K(699072K)->395782K(699072K)
[110.001s][info][gc,metaspace   ] GC(44) Metaspace: 114115K(128192K)->114115K(128192K) NonClass: 97643K(106432K)->97643K(106432K) Class: 16471K(21760K)->16471K(21760K)
[110.001s][info][gc             ] GC(44) Pause Young (Allocation Failure) 657M->420M(989M) 18.987ms
[110.001s][info][gc,cpu         ] GC(44) User=0.02s Sys=0.00s Real=0.02s
[110.021s][info][gc,start       ] GC(45) Pause Young (Allocation Failure)
[110.032s][info][gc,heap        ] GC(45) DefNew: 314439K(314560K)->3656K(314560K) Eden: 279616K(279616K)->0K(279616K) From: 34823K(34944K)->3656K(34944K)
[110.032s][info][gc,heap        ] GC(45) Tenured: 395782K(699072K)->430171K(699072K)
[110.032s][info][gc,metaspace   ] GC(45) Metaspace: 114115K(128192K)->114115K(128192K) NonClass: 97643K(106432K)->97643K(106432K) Class: 16471K(21760K)->16471K(21760K)
[110.032s][info][gc             ] GC(45) Pause Young (Allocation Failure) 693M->423M(989M) 11.070ms
[110.032s][info][gc,cpu         ] GC(45) User=0.02s Sys=0.00s Real=0.02s
[110.051s][info][gc,start       ] GC(46) Pause Young (Allocation Failure)
[110.055s][info][gc,heap        ] GC(46) DefNew: 283272K(314560K)->3591K(314560K) Eden: 279616K(279616K)->0K(279616K) From: 3656K(34944K)->3591K(34944K)
[110.055s][info][gc,heap        ] GC(46) Tenured: 430171K(699072K)->430171K(699072K)
[110.055s][info][gc,metaspace   ] GC(46) Metaspace: 114115K(128192K)->114115K(128192K) NonClass: 97643K(106432K)->97643K(106432K) Class: 16471K(21760K)->16471K(21760K)
[110.055s][info][gc             ] GC(46) Pause Young (Allocation Failure) 696M->423M(989M) 3.394ms
[110.055s][info][gc,cpu         ] GC(46) User=0.00s Sys=0.00s Real=0.00s
[110.075s][info][gc,start       ] GC(47) Pause Young (Allocation Failure)
[110.078s][info][gc,heap        ] GC(47) DefNew: 283207K(314560K)->3643K(314560K) Eden: 279616K(279616K)->0K(279616K) From: 3591K(34944K)->3643K(34944K)
[110.078s][info][gc,heap        ] GC(47) Tenured: 430171K(699072K)->430171K(699072K)
[110.078s][info][gc,metaspace   ] GC(47) Metaspace: 114115K(128192K)->114115K(128192K) NonClass: 97643K(106432K)->97643K(106432K) Class: 16471K(21760K)->16471K(21760K)
[110.078s][info][gc             ] GC(47) Pause Young (Allocation Failure) 696M->423M(989M) 3.491ms
[110.078s][info][gc,cpu         ] GC(47) User=0.00s Sys=0.00s Real=0.00s
[110.098s][info][gc,start       ] GC(48) Pause Young (Allocation Failure)
[110.112s][info][gc,heap        ] GC(48) DefNew: 283259K(314560K)->34816K(314560K) Eden: 279616K(279616K)->0K(279616K) From: 3643K(34944K)->34816K(34944K)
[110.112s][info][gc,heap        ] GC(48) Tenured: 430171K(699072K)->445796K(699072K)
[110.112s][info][gc,metaspace   ] GC(48) Metaspace: 114115K(128192K)->114115K(128192K) NonClass: 97643K(106432K)->97643K(106432K) Class: 16471K(21760K)->16471K(21760K)
[110.112s][info][gc             ] GC(48) Pause Young (Allocation Failure) 696M->469M(989M) 14.037ms
[110.112s][info][gc,cpu         ] GC(48) User=0.02s Sys=0.00s Real=0.02s
[110.144s][info][gc,start       ] GC(49) Pause Young (Allocation Failure)
[110.171s][info][gc,heap        ] GC(49) DefNew: 314432K(314560K)->34759K(314560K) Eden: 279616K(279616K)->0K(279616K) From: 34816K(34944K)->34759K(34944K)
[110.171s][info][gc,heap        ] GC(49) Tenured: 445796K(699072K)->517675K(699072K)
[110.171s][info][gc,metaspace   ] GC(49) Metaspace: 114115K(128192K)->114115K(128192K) NonClass: 97643K(106432K)->97643K(106432K) Class: 16471K(21760K)->16471K(21760K)
[110.171s][info][gc             ] GC(49) Pause Young (Allocation Failure) 742M->539M(989M) 27.489ms
[110.171s][info][gc,cpu         ] GC(49) User=0.02s Sys=0.00s Real=0.02s
[110.192s][info][gc,start       ] GC(50) Pause Young (Allocation Failure)
[110.210s][info][gc,heap        ] GC(50) DefNew: 314375K(314560K)->28624K(314560K) Eden: 279616K(279616K)->0K(279616K) From: 34759K(34944K)->28624K(34944K)
[110.210s][info][gc,heap        ] GC(50) Tenured: 517675K(699072K)->552052K(699072K)
[110.210s][info][gc,metaspace   ] GC(50) Metaspace: 114115K(128192K)->114115K(128192K) NonClass: 97643K(106432K)->97643K(106432K) Class: 16471K(21760K)->16471K(21760K)
[110.210s][info][gc             ] GC(50) Pause Young (Allocation Failure) 812M->567M(989M) 18.154ms
[110.210s][info][gc,cpu         ] GC(50) User=0.02s Sys=0.00s Real=0.01s
[110.230s][info][gc,start       ] GC(51) Pause Young (Allocation Failure)
[110.241s][info][gc,heap        ] GC(51) DefNew: 308240K(314560K)->3606K(314560K) Eden: 279616K(279616K)->0K(279616K) From: 28624K(34944K)->3606K(34944K)
[110.241s][info][gc,heap        ] GC(51) Tenured: 552052K(699072K)->580177K(699072K)
[110.241s][info][gc,metaspace   ] GC(51) Metaspace: 114115K(128192K)->114115K(128192K) NonClass: 97643K(106432K)->97643K(106432K) Class: 16471K(21760K)->16471K(21760K)
[110.241s][info][gc             ] GC(51) Pause Young (Allocation Failure) 840M->570M(989M) 11.071ms
[110.241s][info][gc,cpu         ] GC(51) User=0.00s Sys=0.00s Real=0.00s
[110.261s][info][gc,start       ] GC(52) Pause Young (Allocation Failure)
[110.265s][info][gc,heap        ] GC(52) DefNew: 283222K(314560K)->3599K(314560K) Eden: 279616K(279616K)->0K(279616K) From: 3606K(34944K)->3599K(34944K)
[110.265s][info][gc,heap        ] GC(52) Tenured: 580177K(699072K)->580177K(699072K)
[110.265s][info][gc,metaspace   ] GC(52) Metaspace: 114115K(128192K)->114115K(128192K) NonClass: 97643K(106432K)->97643K(106432K) Class: 16471K(21760K)->16471K(21760K)
[110.265s][info][gc             ] GC(52) Pause Young (Allocation Failure) 843M->570M(989M) 3.503ms
[110.265s][info][gc,cpu         ] GC(52) User=0.00s Sys=0.00s Real=0.00s
[110.284s][info][gc,start       ] GC(53) Pause Young (Allocation Failure)
[110.288s][info][gc,heap        ] GC(53) DefNew: 283215K(314560K)->3676K(314560K) Eden: 279616K(279616K)->0K(279616K) From: 3599K(34944K)->3676K(34944K)
[110.288s][info][gc,heap        ] GC(53) Tenured: 580177K(699072K)->580177K(699072K)
[110.288s][info][gc,metaspace   ] GC(53) Metaspace: 114115K(128192K)->114115K(128192K) NonClass: 97643K(106432K)->97643K(106432K) Class: 16471K(21760K)->16471K(21760K)
[110.288s][info][gc             ] GC(53) Pause Young (Allocation Failure) 843M->570M(989M) 3.462ms
[110.288s][info][gc,cpu         ] GC(53) User=0.00s Sys=0.00s Real=0.00s
[110.308s][info][gc,start       ] GC(54) Pause Young (Allocation Failure)
[110.311s][info][gc,heap        ] GC(54) DefNew: 283292K(314560K)->3607K(314560K) Eden: 279616K(279616K)->0K(279616K) From: 3676K(34944K)->3607K(34944K)
[110.311s][info][gc,heap        ] GC(54) Tenured: 580177K(699072K)->580177K(699072K)
[110.311s][info][gc,metaspace   ] GC(54) Metaspace: 114115K(128192K)->114115K(128192K) NonClass: 97643K(106432K)->97643K(106432K) Class: 16471K(21760K)->16471K(21760K)
[110.311s][info][gc             ] GC(54) Pause Young (Allocation Failure) 843M->570M(989M) 3.402ms
[110.311s][info][gc,cpu         ] GC(54) User=0.00s Sys=0.00s Real=0.00s
[110.331s][info][gc,start       ] GC(55) Pause Young (Allocation Failure)
[110.335s][info][gc,heap        ] GC(55) DefNew: 283223K(314560K)->3590K(314560K) Eden: 279616K(279616K)->0K(279616K) From: 3607K(34944K)->3590K(34944K)
[110.335s][info][gc,heap        ] GC(55) Tenured: 580177K(699072K)->580177K(699072K)
[110.335s][info][gc,metaspace   ] GC(55) Metaspace: 114115K(128192K)->114115K(128192K) NonClass: 97643K(106432K)->97643K(106432K) Class: 16471K(21760K)->16471K(21760K)
[110.335s][info][gc             ] GC(55) Pause Young (Allocation Failure) 843M->570M(989M) 3.459ms
[110.335s][info][gc,cpu         ] GC(55) User=0.00s Sys=0.00s Real=0.00s
[110.355s][info][gc,start       ] GC(56) Pause Young (Allocation Failure)
[110.358s][info][gc,heap        ] GC(56) DefNew: 283206K(314560K)->3677K(314560K) Eden: 279616K(279616K)->0K(279616K) From: 3590K(34944K)->3677K(34944K)
[110.358s][info][gc,heap        ] GC(56) Tenured: 580177K(699072K)->580177K(699072K)
[110.358s][info][gc,metaspace   ] GC(56) Metaspace: 114115K(128192K)->114115K(128192K) NonClass: 97643K(106432K)->97643K(106432K) Class: 16471K(21760K)->16471K(21760K)
[110.359s][info][gc             ] GC(56) Pause Young (Allocation Failure) 843M->570M(989M) 3.609ms
[110.359s][info][gc,cpu         ] GC(56) User=0.00s Sys=0.00s Real=0.00s
[110.379s][info][gc,start       ] GC(57) Pause Young (Allocation Failure)
[110.383s][info][gc,heap        ] GC(57) DefNew: 283293K(314560K)->9896K(314560K) Eden: 279616K(279616K)->0K(279616K) From: 3677K(34944K)->9896K(34944K)
[110.383s][info][gc,heap        ] GC(57) Tenured: 580177K(699072K)->580177K(699072K)
[110.383s][info][gc,metaspace   ] GC(57) Metaspace: 114115K(128192K)->114115K(128192K) NonClass: 97643K(106432K)->97643K(106432K) Class: 16471K(21760K)->16471K(21760K)
[110.383s][info][gc             ] GC(57) Pause Young (Allocation Failure) 843M->576M(989M) 4.708ms
[110.383s][info][gc,cpu         ] GC(57) User=0.00s Sys=0.00s Real=0.00s
[110.415s][info][gc,start       ] GC(58) Pause Young (Allocation Failure)
[110.427s][info][gc,heap        ] GC(58) DefNew: 289512K(314560K)->34757K(314560K) Eden: 279616K(279616K)->0K(279616K) From: 9896K(34944K)->34757K(34944K)
[110.427s][info][gc,heap        ] GC(58) Tenured: 580177K(699072K)->580177K(699072K)
[110.427s][info][gc,metaspace   ] GC(58) Metaspace: 114115K(128192K)->114115K(128192K) NonClass: 97643K(106432K)->97643K(106432K) Class: 16471K(21760K)->16471K(21760K)
[110.428s][info][gc             ] GC(58) Pause Young (Allocation Failure) 849M->600M(989M) 12.577ms
[110.428s][info][gc,cpu         ] GC(58) User=0.00s Sys=0.00s Real=0.00s
[110.460s][info][gc,start       ] GC(59) Pause Young (Allocation Failure)
[110.508s][info][gc,heap        ] GC(59) DefNew: 314373K(314560K)->31609K(314560K) Eden: 279616K(279616K)->0K(279616K) From: 34757K(34944K)->31609K(34944K)
[110.508s][info][gc,heap        ] GC(59) Tenured: 580177K(699072K)->677054K(699072K)
[110.508s][info][gc,metaspace   ] GC(59) Metaspace: 114115K(128192K)->114115K(128192K) NonClass: 97643K(106432K)->97643K(106432K) Class: 16471K(21760K)->16471K(21760K)
[110.508s][info][gc             ] GC(59) Pause Young (Allocation Failure) 873M->692M(989M) 48.234ms
[110.508s][info][gc,cpu         ] GC(59) User=0.03s Sys=0.02s Real=0.05s
[110.538s][info][gc,start       ] GC(60) Pause Young (Allocation Failure)
[110.538s][info][gc             ] GC(60) Pause Young (Allocation Failure) 965M->965M(989M) 0.136ms
[110.538s][info][gc,cpu         ] GC(60) User=0.00s Sys=0.00s Real=0.00s
[110.538s][info][gc,start       ] GC(61) Pause Full (Allocation Failure)
[110.538s][info][gc,phases,start] GC(61) Phase 1: Mark live objects
[110.590s][info][gc,phases      ] GC(61) Phase 1: Mark live objects 52.271ms
[110.590s][info][gc,phases,start] GC(61) Phase 2: Compute new object addresses
[110.649s][info][gc,phases      ] GC(61) Phase 2: Compute new object addresses 58.430ms
[110.649s][info][gc,phases,start] GC(61) Phase 3: Adjust pointers
[110.678s][info][gc,phases      ] GC(61) Phase 3: Adjust pointers 28.951ms
[110.678s][info][gc,phases,start] GC(61) Phase 4: Move objects
[110.762s][info][gc,phases      ] GC(61) Phase 4: Move objects 84.257ms
[110.763s][info][gc,heap        ] GC(61) DefNew: 311225K(314560K)->0K(314560K) Eden: 279616K(279616K)->0K(279616K) From: 31609K(34944K)->0K(34944K)
[110.763s][info][gc,heap        ] GC(61) Tenured: 677054K(699072K)->607018K(699072K)
[110.763s][info][gc,metaspace   ] GC(61) Metaspace: 114115K(128192K)->114115K(128192K) NonClass: 97643K(106432K)->97643K(106432K) Class: 16471K(21760K)->16471K(21760K)
[110.763s][info][gc             ] GC(61) Pause Full (Allocation Failure) 965M->592M(989M) 224.824ms
[110.763s][info][gc,cpu         ] GC(61) User=0.22s Sys=0.00s Real=0.22s
[110.785s][info][gc,start       ] GC(62) Pause Young (Allocation Failure)
[110.786s][info][gc             ] GC(62) Pause Young (Allocation Failure) 865M->865M(989M) 0.155ms
[110.786s][info][gc,cpu         ] GC(62) User=0.00s Sys=0.00s Real=0.00s
[110.786s][info][gc,start       ] GC(63) Pause Full (Allocation Failure)
[110.786s][info][gc,phases,start] GC(63) Phase 1: Mark live objects
[110.838s][info][gc,phases      ] GC(63) Phase 1: Mark live objects 51.985ms
[110.838s][info][gc,phases,start] GC(63) Phase 2: Compute new object addresses
[110.910s][info][gc,phases      ] GC(63) Phase 2: Compute new object addresses 72.527ms
[110.910s][info][gc,phases,start] GC(63) Phase 3: Adjust pointers
[110.941s][info][gc,phases      ] GC(63) Phase 3: Adjust pointers 30.783ms
[110.941s][info][gc,phases,start] GC(63) Phase 4: Move objects
[111.068s][info][gc,phases      ] GC(63) Phase 4: Move objects 126.651ms
[111.068s][info][gc,heap        ] GC(63) DefNew: 279616K(314560K)->0K(314560K) Eden: 279616K(279616K)->0K(279616K) From: 0K(34944K)->0K(34944K)
[111.068s][info][gc,heap        ] GC(63) Tenured: 607018K(699072K)->567731K(699072K)
[111.068s][info][gc,metaspace   ] GC(63) Metaspace: 114117K(128192K)->114117K(128192K) NonClass: 97645K(106432K)->97645K(106432K) Class: 16471K(21760K)->16471K(21760K)
[111.069s][info][gc             ] GC(63) Pause Full (Allocation Failure) 865M->554M(989M) 282.966ms
[111.069s][info][gc,cpu         ] GC(63) User=0.28s Sys=0.00s Real=0.28s
[111.090s][info][gc,start       ] GC(64) Pause Young (Allocation Failure)
[111.097s][info][gc,heap        ] GC(64) DefNew: 279616K(314560K)->19322K(314560K) Eden: 279616K(279616K)->0K(279616K) From: 0K(34944K)->19322K(34944K)
[111.097s][info][gc,heap        ] GC(64) Tenured: 567731K(699072K)->567731K(699072K)
[111.097s][info][gc,metaspace   ] GC(64) Metaspace: 114117K(128192K)->114117K(128192K) NonClass: 97645K(106432K)->97645K(106432K) Class: 16471K(21760K)->16471K(21760K)
[111.097s][info][gc             ] GC(64) Pause Young (Allocation Failure) 827M->573M(989M) 7.569ms
[111.097s][info][gc,cpu         ] GC(64) User=0.00s Sys=0.00s Real=0.00s
[111.148s][info][gc,start       ] GC(65) Pause Young (Allocation Failure)
[111.157s][info][gc,heap        ] GC(65) DefNew: 298938K(314560K)->533K(314560K) Eden: 279616K(279616K)->0K(279616K) From: 19322K(34944K)->533K(34944K)
[111.157s][info][gc,heap        ] GC(65) Tenured: 567731K(699072K)->586560K(699072K)
[111.157s][info][gc,metaspace   ] GC(65) Metaspace: 114117K(128192K)->114117K(128192K) NonClass: 97645K(106432K)->97645K(106432K) Class: 16471K(21760K)->16471K(21760K)
[111.157s][info][gc             ] GC(65) Pause Young (Allocation Failure) 846M->573M(989M) 9.432ms
[111.157s][info][gc,cpu         ] GC(65) User=0.00s Sys=0.00s Real=0.00s
[111.177s][info][gc,start       ] GC(66) Pause Young (Allocation Failure)
[111.180s][info][gc,heap        ] GC(66) DefNew: 280149K(314560K)->403K(314560K) Eden: 279616K(279616K)->0K(279616K) From: 533K(34944K)->403K(34944K)
[111.180s][info][gc,heap        ] GC(66) Tenured: 586560K(699072K)->586560K(699072K)
[111.180s][info][gc,metaspace   ] GC(66) Metaspace: 114117K(128192K)->114117K(128192K) NonClass: 97645K(106432K)->97645K(106432K) Class: 16471K(21760K)->16471K(21760K)
[111.180s][info][gc             ] GC(66) Pause Young (Allocation Failure) 846M->573M(989M) 2.767ms
[111.180s][info][gc,cpu         ] GC(66) User=0.03s Sys=0.00s Real=0.02s
[111.200s][info][gc,start       ] GC(67) Pause Young (Allocation Failure)
[111.209s][info][gc,heap        ] GC(67) DefNew: 280019K(314560K)->29149K(314560K) Eden: 279616K(279616K)->0K(279616K) From: 403K(34944K)->29149K(34944K)
[111.209s][info][gc,heap        ] GC(67) Tenured: 586560K(699072K)->586560K(699072K)
[111.209s][info][gc,metaspace   ] GC(67) Metaspace: 114117K(128192K)->114117K(128192K) NonClass: 97646K(106432K)->97646K(106432K) Class: 16471K(21760K)->16471K(21760K)
[111.209s][info][gc             ] GC(67) Pause Young (Allocation Failure) 846M->601M(989M) 8.838ms
[111.209s][info][gc,cpu         ] GC(67) User=0.00s Sys=0.00s Real=0.00s
[111.248s][info][gc,start       ] GC(68) Pause Young (Allocation Failure)
[111.281s][info][gc,heap        ] GC(68) DefNew: 308765K(314560K)->34151K(314560K) Eden: 279616K(279616K)->0K(279616K) From: 29149K(34944K)->34151K(34944K)
[111.281s][info][gc,heap        ] GC(68) Tenured: 586560K(699072K)->676560K(699072K)
[111.281s][info][gc,metaspace   ] GC(68) Metaspace: 114117K(128192K)->114117K(128192K) NonClass: 97646K(106432K)->97646K(106432K) Class: 16471K(21760K)->16471K(21760K)
[111.281s][info][gc             ] GC(68) Pause Young (Allocation Failure) 874M->694M(989M) 32.884ms
[111.281s][info][gc,cpu         ] GC(68) User=0.03s Sys=0.00s Real=0.03s
[111.313s][info][gc,start       ] GC(69) Pause Young (Allocation Failure)
[111.313s][info][gc             ] GC(69) Pause Young (Allocation Failure) 966M->966M(989M) 0.125ms
[111.313s][info][gc,cpu         ] GC(69) User=0.00s Sys=0.00s Real=0.00s
[111.313s][info][gc,start       ] GC(70) Pause Full (Allocation Failure)
[111.313s][info][gc,phases,start] GC(70) Phase 1: Mark live objects
[111.366s][info][gc,phases      ] GC(70) Phase 1: Mark live objects 53.045ms
[111.366s][info][gc,phases,start] GC(70) Phase 2: Compute new object addresses
[111.422s][info][gc,phases      ] GC(70) Phase 2: Compute new object addresses 56.009ms
[111.422s][info][gc,phases,start] GC(70) Phase 3: Adjust pointers
[111.451s][info][gc,phases      ] GC(70) Phase 3: Adjust pointers 29.104ms
[111.451s][info][gc,phases,start] GC(70) Phase 4: Move objects
[111.523s][info][gc,phases      ] GC(70) Phase 4: Move objects 71.626ms
[111.524s][info][gc,heap        ] GC(70) DefNew: 313563K(314560K)->0K(314560K) Eden: 279411K(279616K)->0K(279616K) From: 34151K(34944K)->0K(34944K)
[111.524s][info][gc,heap        ] GC(70) Tenured: 676560K(699072K)->599593K(699072K)
[111.524s][info][gc,metaspace   ] GC(70) Metaspace: 114118K(128192K)->114118K(128192K) NonClass: 97647K(106432K)->97647K(106432K) Class: 16471K(21760K)->16471K(21760K)
[111.524s][info][gc             ] GC(70) Pause Full (Allocation Failure) 966M->585M(989M) 210.791ms
[111.524s][info][gc,cpu         ] GC(70) User=0.22s Sys=0.02s Real=0.20s
[111.556s][info][gc,start       ] GC(71) Pause Young (Allocation Failure)
[111.557s][info][gc             ] GC(71) Pause Young (Allocation Failure) 858M->858M(989M) 0.149ms
[111.557s][info][gc,cpu         ] GC(71) User=0.00s Sys=0.00s Real=0.00s
[111.557s][info][gc,start       ] GC(72) Pause Full (Allocation Failure)
[111.557s][info][gc,phases,start] GC(72) Phase 1: Mark live objects
[111.609s][info][gc,phases      ] GC(72) Phase 1: Mark live objects 52.603ms
[111.609s][info][gc,phases,start] GC(72) Phase 2: Compute new object addresses
[111.665s][info][gc,phases      ] GC(72) Phase 2: Compute new object addresses 56.155ms
[111.665s][info][gc,phases,start] GC(72) Phase 3: Adjust pointers
[111.694s][info][gc,phases      ] GC(72) Phase 3: Adjust pointers 28.413ms
[111.694s][info][gc,phases,start] GC(72) Phase 4: Move objects
[111.761s][info][gc,phases      ] GC(72) Phase 4: Move objects 66.621ms
[111.761s][info][gc,heap        ] GC(72) DefNew: 279616K(314560K)->0K(314560K) Eden: 279616K(279616K)->0K(279616K) From: 0K(34944K)->0K(34944K)
[111.761s][info][gc,heap        ] GC(72) Tenured: 599593K(699072K)->577839K(699072K)
[111.761s][info][gc,metaspace   ] GC(72) Metaspace: 114118K(128192K)->114118K(128192K) NonClass: 97647K(106432K)->97647K(106432K) Class: 16471K(21760K)->16471K(21760K)
[111.761s][info][gc             ] GC(72) Pause Full (Allocation Failure) 858M->564M(989M) 204.754ms
[111.761s][info][gc,cpu         ] GC(72) User=0.20s Sys=0.00s Real=0.20s
[111.796s][info][gc,start       ] GC(73) Pause Young (Allocation Failure)
[111.814s][info][gc,heap        ] GC(73) DefNew: 279616K(314560K)->34944K(314560K) Eden: 279616K(279616K)->0K(279616K) From: 0K(34944K)->34944K(34944K)
[111.814s][info][gc,heap        ] GC(73) Tenured: 577839K(699072K)->604808K(699072K)
[111.814s][info][gc,metaspace   ] GC(73) Metaspace: 114126K(128192K)->114126K(128192K) NonClass: 97652K(106432K)->97652K(106432K) Class: 16473K(21760K)->16473K(21760K)
[111.814s][info][gc             ] GC(73) Pause Young (Allocation Failure) 837M->624M(989M) 18.036ms
[111.814s][info][gc,cpu         ] GC(73) User=0.02s Sys=0.00s Real=0.01s
[111.834s][info][gc,start       ] GC(74) Pause Young (Allocation Failure)
[111.835s][info][gc             ] GC(74) Pause Young (Allocation Failure) 897M->897M(989M) 0.222ms
[111.835s][info][gc,cpu         ] GC(74) User=0.00s Sys=0.00s Real=0.00s
[111.835s][info][gc,start       ] GC(75) Pause Full (Allocation Failure)
[111.835s][info][gc,phases,start] GC(75) Phase 1: Mark live objects
[111.895s][info][gc,phases      ] GC(75) Phase 1: Mark live objects 60.675ms
[111.896s][info][gc,phases,start] GC(75) Phase 2: Compute new object addresses
[111.975s][info][gc,phases      ] GC(75) Phase 2: Compute new object addresses 79.108ms
[111.975s][info][gc,phases,start] GC(75) Phase 3: Adjust pointers
[112.008s][info][gc,phases      ] GC(75) Phase 3: Adjust pointers 32.909ms
[112.008s][info][gc,phases,start] GC(75) Phase 4: Move objects
[112.062s][info][gc,phases      ] GC(75) Phase 4: Move objects 54.740ms
[112.064s][info][gc,heap        ] GC(75) DefNew: 314560K(314560K)->0K(314560K) Eden: 279616K(279616K)->0K(279616K) From: 34944K(34944K)->0K(34944K)
[112.064s][info][gc,heap        ] GC(75) Tenured: 604808K(699072K)->504035K(699072K)
[112.064s][info][gc,metaspace   ] GC(75) Metaspace: 114128K(128192K)->114128K(128192K) NonClass: 97654K(106432K)->97654K(106432K) Class: 16474K(21760K)->16474K(21760K)
[112.064s][info][gc             ] GC(75) Pause Full (Allocation Failure) 897M->492M(989M) 229.103ms
[112.064s][info][gc,cpu         ] GC(75) User=0.22s Sys=0.00s Real=0.22s
[112.083s][info][gc,start       ] GC(76) Pause Young (Allocation Failure)
[112.092s][info][gc,heap        ] GC(76) DefNew: 279616K(314560K)->19024K(314560K) Eden: 279616K(279616K)->0K(279616K) From: 0K(34944K)->19024K(34944K)
[112.092s][info][gc,heap        ] GC(76) Tenured: 504035K(699072K)->504035K(699072K)
[112.092s][info][gc,metaspace   ] GC(76) Metaspace: 114128K(128192K)->114128K(128192K) NonClass: 97654K(106432K)->97654K(106432K) Class: 16474K(21760K)->16474K(21760K)
[112.092s][info][gc             ] GC(76) Pause Young (Allocation Failure) 765M->510M(989M) 8.741ms
[112.092s][info][gc,cpu         ] GC(76) User=0.00s Sys=0.00s Real=0.00s
[112.112s][info][gc,start       ] GC(77) Pause Young (Allocation Failure)
[112.124s][info][gc,heap        ] GC(77) DefNew: 298640K(314560K)->25461K(314560K) Eden: 279616K(279616K)->0K(279616K) From: 19024K(34944K)->25461K(34944K)
[112.124s][info][gc,heap        ] GC(77) Tenured: 504035K(699072K)->519556K(699072K)
[112.124s][info][gc,metaspace   ] GC(77) Metaspace: 114128K(128192K)->114128K(128192K) NonClass: 97654K(106432K)->97654K(106432K) Class: 16474K(21760K)->16474K(21760K)
[112.124s][info][gc             ] GC(77) Pause Young (Allocation Failure) 783M->532M(989M) 12.166ms
[112.124s][info][gc,cpu         ] GC(77) User=0.02s Sys=0.00s Real=0.01s
[112.143s][info][gc,start       ] GC(78) Pause Young (Allocation Failure)
[112.157s][info][gc,heap        ] GC(78) DefNew: 305077K(314560K)->25544K(314560K) Eden: 279616K(279616K)->0K(279616K) From: 25461K(34944K)->25544K(34944K)
[112.158s][info][gc,heap        ] GC(78) Tenured: 519556K(699072K)->543777K(699072K)
[112.158s][info][gc,metaspace   ] GC(78) Metaspace: 114128K(128192K)->114128K(128192K) NonClass: 97654K(106432K)->97654K(106432K) Class: 16474K(21760K)->16474K(21760K)
[112.158s][info][gc             ] GC(78) Pause Young (Allocation Failure) 805M->555M(989M) 14.192ms
[112.158s][info][gc,cpu         ] GC(78) User=0.03s Sys=0.00s Real=0.02s
[112.177s][info][gc,start       ] GC(79) Pause Young (Allocation Failure)
[112.189s][info][gc,heap        ] GC(79) DefNew: 305160K(314560K)->15281K(314560K) Eden: 279616K(279616K)->0K(279616K) From: 25544K(34944K)->15281K(34944K)
[112.189s][info][gc,heap        ] GC(79) Tenured: 543777K(699072K)->568778K(699072K)
[112.189s][info][gc,metaspace   ] GC(79) Metaspace: 114128K(128192K)->114128K(128192K) NonClass: 97654K(106432K)->97654K(106432K) Class: 16474K(21760K)->16474K(21760K)
[112.189s][info][gc             ] GC(79) Pause Young (Allocation Failure) 829M->570M(989M) 11.893ms
[112.189s][info][gc,cpu         ] GC(79) User=0.02s Sys=0.00s Real=0.02s
[112.208s][info][gc,start       ] GC(80) Pause Young (Allocation Failure)
[112.215s][info][gc,heap        ] GC(80) DefNew: 294897K(314560K)->23158K(314560K) Eden: 279616K(279616K)->0K(279616K) From: 15281K(34944K)->23158K(34944K)
[112.215s][info][gc,heap        ] GC(80) Tenured: 568778K(699072K)->568778K(699072K)
[112.215s][info][gc,metaspace   ] GC(80) Metaspace: 114128K(128192K)->114128K(128192K) NonClass: 97654K(106432K)->97654K(106432K) Class: 16474K(21760K)->16474K(21760K)
[112.215s][info][gc             ] GC(80) Pause Young (Allocation Failure) 843M->578M(989M) 7.908ms
[112.216s][info][gc,cpu         ] GC(80) User=0.00s Sys=0.00s Real=0.00s
[112.250s][info][gc,start       ] GC(81) Pause Young (Allocation Failure)
[112.263s][info][gc,heap        ] GC(81) DefNew: 302774K(314560K)->28635K(314560K) Eden: 279616K(279616K)->0K(279616K) From: 23158K(34944K)->28635K(34944K)
[112.263s][info][gc,heap        ] GC(81) Tenured: 568778K(699072K)->583622K(699072K)
[112.263s][info][gc,metaspace   ] GC(81) Metaspace: 114128K(128192K)->114128K(128192K) NonClass: 97654K(106432K)->97654K(106432K) Class: 16474K(21760K)->16474K(21760K)
[112.263s][info][gc             ] GC(81) Pause Young (Allocation Failure) 851M->597M(989M) 13.205ms
[112.263s][info][gc,cpu         ] GC(81) User=0.00s Sys=0.00s Real=0.00s
[112.282s][info][gc,start       ] GC(82) Pause Young (Allocation Failure)
[112.296s][info][gc,heap        ] GC(82) DefNew: 308251K(314560K)->19241K(314560K) Eden: 279616K(279616K)->0K(279616K) From: 28635K(34944K)->19241K(34944K)
[112.296s][info][gc,heap        ] GC(82) Tenured: 583622K(699072K)->611749K(699072K)
[112.296s][info][gc,metaspace   ] GC(82) Metaspace: 114128K(128192K)->114128K(128192K) NonClass: 97654K(106432K)->97654K(106432K) Class: 16474K(21760K)->16474K(21760K)
[112.296s][info][gc             ] GC(82) Pause Young (Allocation Failure) 870M->616M(989M) 13.627ms
[112.296s][info][gc,cpu         ] GC(82) User=0.00s Sys=0.00s Real=0.00s
[112.316s][info][gc,start       ] GC(83) Pause Young (Allocation Failure)
[112.333s][info][gc,heap        ] GC(83) DefNew: 298857K(314560K)->34800K(314560K) Eden: 279616K(279616K)->0K(279616K) From: 19241K(34944K)->34800K(34944K)
[112.333s][info][gc,heap        ] GC(83) Tenured: 611749K(699072K)->636749K(699072K)
[112.333s][info][gc,metaspace   ] GC(83) Metaspace: 114128K(128192K)->114128K(128192K) NonClass: 97654K(106432K)->97654K(106432K) Class: 16474K(21760K)->16474K(21760K)
[112.333s][info][gc             ] GC(83) Pause Young (Allocation Failure) 889M->655M(989M) 16.443ms
[112.333s][info][gc,cpu         ] GC(83) User=0.02s Sys=0.00s Real=0.02s
[112.352s][info][gc,start       ] GC(84) Pause Young (Allocation Failure)
[112.352s][info][gc,heap        ] GC(84) DefNew: 314416K(314560K)->314416K(314560K) Eden: 279616K(279616K)->279616K(279616K) From: 34800K(34944K)->34800K(34944K)
[112.352s][info][gc,heap        ] GC(84) Tenured: 636749K(699072K)->636749K(699072K)
[112.352s][info][gc,metaspace   ] GC(84) Metaspace: 114128K(128192K)->114128K(128192K) NonClass: 97654K(106432K)->97654K(106432K) Class: 16474K(21760K)->16474K(21760K)
[112.352s][info][gc             ] GC(84) Pause Young (Allocation Failure) 928M->928M(989M) 0.249ms
[112.352s][info][gc,cpu         ] GC(84) User=0.00s Sys=0.00s Real=0.00s
[112.353s][info][gc,start       ] GC(85) Pause Full (Allocation Failure)
[112.353s][info][gc,phases,start] GC(85) Phase 1: Mark live objects
[112.417s][info][gc,phases      ] GC(85) Phase 1: Mark live objects 64.023ms
[112.417s][info][gc,phases,start] GC(85) Phase 2: Compute new object addresses
[112.500s][info][gc,phases      ] GC(85) Phase 2: Compute new object addresses 83.836ms
[112.501s][info][gc,phases,start] GC(85) Phase 3: Adjust pointers
[112.527s][info][gc,phases      ] GC(85) Phase 3: Adjust pointers 26.213ms
[112.527s][info][gc,phases,start] GC(85) Phase 4: Move objects
[112.639s][info][gc,phases      ] GC(85) Phase 4: Move objects 112.518ms
[112.643s][info][gc,heap        ] GC(85) DefNew: 314416K(314560K)->0K(314560K) Eden: 279616K(279616K)->0K(279616K) From: 34800K(34944K)->0K(34944K)
[112.643s][info][gc,heap        ] GC(85) Tenured: 636749K(699072K)->581804K(699072K)
[112.643s][info][gc,metaspace   ] GC(85) Metaspace: 114128K(128192K)->113322K(124416K) NonClass: 97654K(106432K)->97000K(103872K) Class: 16474K(21760K)->16322K(20544K)
[112.643s][info][gc             ] GC(85) Pause Full (Allocation Failure) 928M->568M(989M) 290.456ms
[112.643s][info][gc,cpu         ] GC(85) User=0.28s Sys=0.00s Real=0.28s
[112.662s][info][gc,start       ] GC(86) Pause Young (Allocation Failure)
[112.676s][info][gc,heap        ] GC(86) DefNew: 279616K(314560K)->31828K(314560K) Eden: 279616K(279616K)->0K(279616K) From: 0K(34944K)->31828K(34944K)
[112.676s][info][gc,heap        ] GC(86) Tenured: 581804K(699072K)->581804K(699072K)
[112.676s][info][gc,metaspace   ] GC(86) Metaspace: 113322K(124416K)->113322K(124416K) NonClass: 97000K(103872K)->97000K(103872K) Class: 16322K(20544K)->16322K(20544K)
[112.676s][info][gc             ] GC(86) Pause Young (Allocation Failure) 841M->599M(989M) 14.006ms
[112.676s][info][gc,cpu         ] GC(86) User=0.02s Sys=0.00s Real=0.02s
[112.696s][info][gc,start       ] GC(87) Pause Young (Allocation Failure)
[112.709s][info][gc,heap        ] GC(87) DefNew: 311444K(314560K)->12998K(314560K) Eden: 279616K(279616K)->0K(279616K) From: 31828K(34944K)->12998K(34944K)
[112.709s][info][gc,heap        ] GC(87) Tenured: 581804K(699072K)->613113K(699072K)
[112.709s][info][gc,metaspace   ] GC(87) Metaspace: 113322K(124416K)->113322K(124416K) NonClass: 97000K(103872K)->97000K(103872K) Class: 16322K(20544K)->16322K(20544K)
[112.709s][info][gc             ] GC(87) Pause Young (Allocation Failure) 872M->611M(989M) 12.797ms
[112.709s][info][gc,cpu         ] GC(87) User=0.02s Sys=0.00s Real=0.02s
[112.729s][info][gc,start       ] GC(88) Pause Young (Allocation Failure)
[112.735s][info][gc,heap        ] GC(88) DefNew: 292614K(314560K)->16113K(314560K) Eden: 279616K(279616K)->0K(279616K) From: 12998K(34944K)->16113K(34944K)
[112.735s][info][gc,heap        ] GC(88) Tenured: 613113K(699072K)->613113K(699072K)
[112.735s][info][gc,metaspace   ] GC(88) Metaspace: 113322K(124416K)->113322K(124416K) NonClass: 97000K(103872K)->97000K(103872K) Class: 16322K(20544K)->16322K(20544K)
[112.735s][info][gc             ] GC(88) Pause Young (Allocation Failure) 884M->614M(989M) 6.334ms
[112.735s][info][gc,cpu         ] GC(88) User=0.00s Sys=0.00s Real=0.00s
[112.754s][info][gc,start       ] GC(89) Pause Young (Allocation Failure)
[112.760s][info][gc,heap        ] GC(89) DefNew: 295729K(314560K)->16115K(314560K) Eden: 279616K(279616K)->0K(279616K) From: 16113K(34944K)->16115K(34944K)
[112.760s][info][gc,heap        ] GC(89) Tenured: 613113K(699072K)->613113K(699072K)
[112.760s][info][gc,metaspace   ] GC(89) Metaspace: 113322K(124416K)->113322K(124416K) NonClass: 97000K(103872K)->97000K(103872K) Class: 16322K(20544K)->16322K(20544K)
[112.760s][info][gc             ] GC(89) Pause Young (Allocation Failure) 887M->614M(989M) 6.190ms
[112.760s][info][gc,cpu         ] GC(89) User=0.03s Sys=0.00s Real=0.02s
[112.779s][info][gc,start       ] GC(90) Pause Young (Allocation Failure)
[112.785s][info][gc,heap        ] GC(90) DefNew: 295731K(314560K)->16104K(314560K) Eden: 279616K(279616K)->0K(279616K) From: 16115K(34944K)->16104K(34944K)
[112.785s][info][gc,heap        ] GC(90) Tenured: 613113K(699072K)->613113K(699072K)
[112.785s][info][gc,metaspace   ] GC(90) Metaspace: 113322K(124416K)->113322K(124416K) NonClass: 97000K(103872K)->97000K(103872K) Class: 16322K(20544K)->16322K(20544K)
[112.785s][info][gc             ] GC(90) Pause Young (Allocation Failure) 887M->614M(989M) 6.039ms
[112.785s][info][gc,cpu         ] GC(90) User=0.00s Sys=0.00s Real=0.00s
[112.804s][info][gc,start       ] GC(91) Pause Young (Allocation Failure)
[112.810s][info][gc,heap        ] GC(91) DefNew: 295720K(314560K)->16046K(314560K) Eden: 279616K(279616K)->0K(279616K) From: 16104K(34944K)->16046K(34944K)
[112.810s][info][gc,heap        ] GC(91) Tenured: 613113K(699072K)->613113K(699072K)
[112.810s][info][gc,metaspace   ] GC(91) Metaspace: 113322K(124416K)->113322K(124416K) NonClass: 97000K(103872K)->97000K(103872K) Class: 16322K(20544K)->16322K(20544K)
[112.810s][info][gc             ] GC(91) Pause Young (Allocation Failure) 887M->614M(989M) 6.124ms
[112.810s][info][gc,cpu         ] GC(91) User=0.00s Sys=0.00s Real=0.00s
[112.842s][info][gc,start       ] GC(92) Pause Young (Allocation Failure)
[112.854s][info][gc,heap        ] GC(92) DefNew: 295662K(314560K)->34892K(314560K) Eden: 279616K(279616K)->0K(279616K) From: 16046K(34944K)->34892K(34944K)
[112.854s][info][gc,heap        ] GC(92) Tenured: 613113K(699072K)->619363K(699072K)
[112.854s][info][gc,metaspace   ] GC(92) Metaspace: 113322K(124416K)->113322K(124416K) NonClass: 97000K(103872K)->97000K(103872K) Class: 16322K(20544K)->16322K(20544K)
[112.855s][info][gc             ] GC(92) Pause Young (Allocation Failure) 887M->638M(989M) 12.573ms
[112.855s][info][gc,cpu         ] GC(92) User=0.00s Sys=0.00s Real=0.00s
[112.875s][info][gc,start       ] GC(93) Pause Young (Allocation Failure)
[112.887s][info][gc,heap        ] GC(93) DefNew: 314502K(314560K)->6742K(314560K) Eden: 279610K(279616K)->0K(279616K) From: 34892K(34944K)->6742K(34944K)
[112.887s][info][gc,heap        ] GC(93) Tenured: 619363K(699072K)->653740K(699072K)
[112.887s][info][gc,metaspace   ] GC(93) Metaspace: 113322K(124416K)->113322K(124416K) NonClass: 97000K(103872K)->97000K(103872K) Class: 16322K(20544K)->16322K(20544K)
[112.887s][info][gc             ] GC(93) Pause Young (Allocation Failure) 911M->645M(989M) 12.268ms
[112.887s][info][gc,cpu         ] GC(93) User=0.00s Sys=0.00s Real=0.00s
[112.908s][info][gc,start       ] GC(94) Pause Young (Allocation Failure)
[112.908s][info][gc             ] GC(94) Pause Young (Allocation Failure) 917M->917M(989M) 0.163ms
[112.908s][info][gc,cpu         ] GC(94) User=0.00s Sys=0.00s Real=0.00s
[112.908s][info][gc,start       ] GC(95) Pause Full (Allocation Failure)
[112.908s][info][gc,phases,start] GC(95) Phase 1: Mark live objects
[112.948s][info][gc,phases      ] GC(95) Phase 1: Mark live objects 40.086ms
[112.948s][info][gc,phases,start] GC(95) Phase 2: Compute new object addresses
[113.019s][info][gc,phases      ] GC(95) Phase 2: Compute new object addresses 71.281ms
[113.019s][info][gc,phases,start] GC(95) Phase 3: Adjust pointers
[113.042s][info][gc,phases      ] GC(95) Phase 3: Adjust pointers 22.209ms
[113.042s][info][gc,phases,start] GC(95) Phase 4: Move objects
[113.089s][info][gc,phases      ] GC(95) Phase 4: Move objects 47.447ms
[113.090s][info][gc,heap        ] GC(95) DefNew: 285755K(314560K)->0K(314560K) Eden: 279013K(279616K)->0K(279616K) From: 6742K(34944K)->0K(34944K)
[113.090s][info][gc,heap        ] GC(95) Tenured: 653740K(699072K)->660015K(699072K)
[113.090s][info][gc,metaspace   ] GC(95) Metaspace: 113322K(124416K)->113322K(124416K) NonClass: 97000K(103872K)->97000K(103872K) Class: 16322K(20544K)->16322K(20544K)
[113.090s][info][gc             ] GC(95) Pause Full (Allocation Failure) 917M->644M(989M) 181.873ms
[113.090s][info][gc,cpu         ] GC(95) User=0.17s Sys=0.00s Real=0.17s
[113.122s][info][gc,start       ] GC(96) Pause Young (Allocation Failure)
[113.122s][info][gc             ] GC(96) Pause Young (Allocation Failure) 917M->917M(989M) 0.157ms
[113.122s][info][gc,cpu         ] GC(96) User=0.00s Sys=0.00s Real=0.00s
[113.122s][info][gc,start       ] GC(97) Pause Full (Allocation Failure)
[113.122s][info][gc,phases,start] GC(97) Phase 1: Mark live objects
[113.163s][info][gc,phases      ] GC(97) Phase 1: Mark live objects 40.577ms
[113.163s][info][gc,phases,start] GC(97) Phase 2: Compute new object addresses
[113.229s][info][gc,phases      ] GC(97) Phase 2: Compute new object addresses 65.576ms
[113.229s][info][gc,phases,start] GC(97) Phase 3: Adjust pointers
[113.249s][info][gc,phases      ] GC(97) Phase 3: Adjust pointers 20.367ms
[113.249s][info][gc,phases,start] GC(97) Phase 4: Move objects
[113.270s][info][gc,phases      ] GC(97) Phase 4: Move objects 21.081ms
[113.271s][info][gc,heap        ] GC(97) DefNew: 279616K(314560K)->31637K(314560K) Eden: 279616K(279616K)->31637K(279616K) From: 0K(34944K)->0K(34944K)
[113.271s][info][gc,heap        ] GC(97) Tenured: 660015K(699072K)->697533K(699072K)
[113.271s][info][gc,metaspace   ] GC(97) Metaspace: 113322K(124416K)->113322K(124416K) NonClass: 97000K(103872K)->97000K(103872K) Class: 16322K(20544K)->16322K(20544K)
[113.271s][info][gc             ] GC(97) Pause Full (Allocation Failure) 917M->712M(989M) 148.421ms
[113.271s][info][gc,cpu         ] GC(97) User=0.13s Sys=0.02s Real=0.14s
[115.825s][info][gc,start       ] GC(98) Pause Full (Allocation Failure)
[115.825s][info][gc,phases,start] GC(98) Phase 1: Mark live objects
[115.872s][info][gc,phases      ] GC(98) Phase 1: Mark live objects 47.549ms
[115.872s][info][gc,phases,start] GC(98) Phase 2: Compute new object addresses
[115.951s][info][gc,phases      ] GC(98) Phase 2: Compute new object addresses 78.304ms
[115.951s][info][gc,phases,start] GC(98) Phase 3: Adjust pointers
[115.976s][info][gc,phases      ] GC(98) Phase 3: Adjust pointers 25.656ms
[115.976s][info][gc,phases,start] GC(98) Phase 4: Move objects
[116.024s][info][gc,phases      ] GC(98) Phase 4: Move objects 47.862ms
[116.025s][info][gc,heap        ] GC(98) DefNew: 314560K(314560K)->12787K(314560K) Eden: 279616K(279616K)->12787K(279616K) From: 34944K(34944K)->0K(34944K)
[116.025s][info][gc,heap        ] GC(98) Tenured: 699072K(699072K)->694241K(699072K)
[116.025s][info][gc,metaspace   ] GC(98) Metaspace: 113323K(124416K)->113323K(124416K) NonClass: 97001K(103872K)->97001K(103872K) Class: 16322K(20544K)->16322K(20544K)
[116.025s][info][gc             ] GC(98) Pause Full (Allocation Failure) 989M->690M(989M) 200.525ms
[116.025s][info][gc,cpu         ] GC(98) User=0.19s Sys=0.00s Real=0.19s
[118.482s][info][gc,start       ] GC(99) Pause Full (Allocation Failure)
[118.482s][info][gc,phases,start] GC(99) Phase 1: Mark live objects
[118.531s][info][gc,phases      ] GC(99) Phase 1: Mark live objects 48.377ms
[118.531s][info][gc,phases,start] GC(99) Phase 2: Compute new object addresses
[118.621s][info][gc,phases      ] GC(99) Phase 2: Compute new object addresses 90.540ms
[118.621s][info][gc,phases,start] GC(99) Phase 3: Adjust pointers
[118.653s][info][gc,phases      ] GC(99) Phase 3: Adjust pointers 31.318ms
[118.653s][info][gc,phases,start] GC(99) Phase 4: Move objects
[118.794s][info][gc,phases      ] GC(99) Phase 4: Move objects 141.315ms
[118.795s][info][gc,heap        ] GC(99) DefNew: 314560K(314560K)->37589K(314560K) Eden: 279616K(279616K)->37589K(279616K) From: 34944K(34944K)->0K(34944K)
[118.795s][info][gc,heap        ] GC(99) Tenured: 699071K(699072K)->694462K(699072K)
[118.795s][info][gc,metaspace   ] GC(99) Metaspace: 113349K(124416K)->113349K(124416K) NonClass: 97022K(103872K)->97022K(103872K) Class: 16327K(20544K)->16327K(20544K)
[118.795s][info][gc             ] GC(99) Pause Full (Allocation Failure) 989M->714M(989M) 313.013ms
[118.795s][info][gc,cpu         ] GC(99) User=0.31s Sys=0.00s Real=0.31s
[122.191s][info][gc,start       ] GC(100) Pause Full (Allocation Failure)
[122.191s][info][gc,phases,start] GC(100) Phase 1: Mark live objects
[122.239s][info][gc,phases      ] GC(100) Phase 1: Mark live objects 48.282ms
[122.239s][info][gc,phases,start] GC(100) Phase 2: Compute new object addresses
[122.332s][info][gc,phases      ] GC(100) Phase 2: Compute new object addresses 92.763ms
[122.332s][info][gc,phases,start] GC(100) Phase 3: Adjust pointers
[122.360s][info][gc,phases      ] GC(100) Phase 3: Adjust pointers 27.673ms
[122.360s][info][gc,phases,start] GC(100) Phase 4: Move objects
[122.365s][info][gc,phases      ] GC(100) Phase 4: Move objects 5.735ms
[122.366s][info][gc,heap        ] GC(100) DefNew: 314559K(314560K)->56315K(314560K) Eden: 279616K(279616K)->56315K(279616K) From: 34943K(34944K)->0K(34944K)
[122.366s][info][gc,heap        ] GC(100) Tenured: 699071K(699072K)->699071K(699072K)
[122.366s][info][gc,metaspace   ] GC(100) Metaspace: 113356K(124416K)->113356K(124416K) NonClass: 97029K(103872K)->97029K(103872K) Class: 16327K(20544K)->16327K(20544K)
[122.366s][info][gc             ] GC(100) Pause Full (Allocation Failure) 989M->737M(989M) 175.594ms
[122.366s][info][gc,cpu         ] GC(100) User=0.19s Sys=0.00s Real=0.19s
[124.994s][info][gc,start       ] GC(101) Pause Full (Allocation Failure)
[124.994s][info][gc,phases,start] GC(101) Phase 1: Mark live objects
[125.039s][info][gc,phases      ] GC(101) Phase 1: Mark live objects 45.433ms
[125.039s][info][gc,phases,start] GC(101) Phase 2: Compute new object addresses
[125.119s][info][gc,phases      ] GC(101) Phase 2: Compute new object addresses 79.817ms
[125.119s][info][gc,phases,start] GC(101) Phase 3: Adjust pointers
[125.141s][info][gc,phases      ] GC(101) Phase 3: Adjust pointers 21.862ms
[125.141s][info][gc,phases,start] GC(101) Phase 4: Move objects
[125.147s][info][gc,phases      ] GC(101) Phase 4: Move objects 5.998ms
[125.148s][info][gc,heap        ] GC(101) DefNew: 314560K(314560K)->67593K(314560K) Eden: 279616K(279616K)->67593K(279616K) From: 34944K(34944K)->0K(34944K)
[125.148s][info][gc,heap        ] GC(101) Tenured: 699071K(699072K)->699071K(699072K)
[125.148s][info][gc,metaspace   ] GC(101) Metaspace: 113356K(124416K)->113356K(124416K) NonClass: 97029K(103872K)->97029K(103872K) Class: 16327K(20544K)->16327K(20544K)
[125.148s][info][gc             ] GC(101) Pause Full (Allocation Failure) 989M->748M(989M) 153.956ms
[125.148s][info][gc,cpu         ] GC(101) User=0.14s Sys=0.00s Real=0.14s
[125.957s][info][gc,start       ] GC(102) Pause Full (Allocation Failure)
[125.958s][info][gc,phases,start] GC(102) Phase 1: Mark live objects
[125.995s][info][gc,phases      ] GC(102) Phase 1: Mark live objects 37.878ms
[125.996s][info][gc,phases,start] GC(102) Phase 2: Compute new object addresses
[126.062s][info][gc,phases      ] GC(102) Phase 2: Compute new object addresses 66.302ms
[126.062s][info][gc,phases,start] GC(102) Phase 3: Adjust pointers
[126.083s][info][gc,phases      ] GC(102) Phase 3: Adjust pointers 20.842ms
[126.083s][info][gc,phases,start] GC(102) Phase 4: Move objects
[126.147s][info][gc,phases      ] GC(102) Phase 4: Move objects 64.558ms
[126.148s][info][gc,heap        ] GC(102) DefNew: 314560K(314560K)->47461K(314560K) Eden: 279616K(279616K)->47461K(279616K) From: 34944K(34944K)->0K(34944K)
[126.148s][info][gc,heap        ] GC(102) Tenured: 699071K(699072K)->697047K(699072K)
[126.148s][info][gc,metaspace   ] GC(102) Metaspace: 113361K(124416K)->113361K(124416K) NonClass: 97033K(103872K)->97033K(103872K) Class: 16328K(20544K)->16328K(20544K)
[126.148s][info][gc             ] GC(102) Pause Full (Allocation Failure) 989M->727M(989M) 190.493ms
[126.148s][info][gc,cpu         ] GC(102) User=0.19s Sys=0.00s Real=0.18s
[128.303s][info][gc,start       ] GC(103) Pause Full (Allocation Failure)
[128.303s][info][gc,phases,start] GC(103) Phase 1: Mark live objects
[128.341s][info][gc,phases      ] GC(103) Phase 1: Mark live objects 38.118ms
[128.341s][info][gc,phases,start] GC(103) Phase 2: Compute new object addresses
[128.418s][info][gc,phases      ] GC(103) Phase 2: Compute new object addresses 77.478ms
[128.418s][info][gc,phases,start] GC(103) Phase 3: Adjust pointers
[128.441s][info][gc,phases      ] GC(103) Phase 3: Adjust pointers 22.884ms
[128.441s][info][gc,phases,start] GC(103) Phase 4: Move objects
[128.569s][info][gc,phases      ] GC(103) Phase 4: Move objects 127.494ms
[128.570s][info][gc,heap        ] GC(103) DefNew: 314560K(314560K)->37544K(314560K) Eden: 279616K(279616K)->37544K(279616K) From: 34944K(34944K)->0K(34944K)
[128.570s][info][gc,heap        ] GC(103) Tenured: 699071K(699072K)->694723K(699072K)
[128.570s][info][gc,metaspace   ] GC(103) Metaspace: 113391K(124416K)->113391K(124416K) NonClass: 97062K(103872K)->97062K(103872K) Class: 16328K(20544K)->16328K(20544K)
[128.570s][info][gc             ] GC(103) Pause Full (Allocation Failure) 989M->715M(989M) 266.955ms
[128.570s][info][gc,cpu         ] GC(103) User=0.28s Sys=0.00s Real=0.27s
[128.599s][info][gc,start       ] GC(104) Pause Full (Allocation Failure)
[128.599s][info][gc,phases,start] GC(104) Phase 1: Mark live objects
[128.644s][info][gc,phases      ] GC(104) Phase 1: Mark live objects 44.533ms
[128.644s][info][gc,phases,start] GC(104) Phase 2: Compute new object addresses
[128.706s][info][gc,phases      ] GC(104) Phase 2: Compute new object addresses 62.549ms
[128.706s][info][gc,phases,start] GC(104) Phase 3: Adjust pointers
[128.727s][info][gc,phases      ] GC(104) Phase 3: Adjust pointers 20.233ms
[128.727s][info][gc,phases,start] GC(104) Phase 4: Move objects
[128.790s][info][gc,phases      ] GC(104) Phase 4: Move objects 63.785ms
[128.791s][info][gc,heap        ] GC(104) DefNew: 312391K(314560K)->89753K(314560K) Eden: 279616K(279616K)->89753K(279616K) From: 32775K(34944K)->0K(34944K)
[128.791s][info][gc,heap        ] GC(104) Tenured: 698800K(699072K)->698216K(699072K)
[128.791s][info][gc,metaspace   ] GC(104) Metaspace: 113392K(124416K)->113392K(124416K) NonClass: 97063K(103872K)->97063K(103872K) Class: 16328K(20544K)->16328K(20544K)
[128.791s][info][gc             ] GC(104) Pause Full (Allocation Failure) 987M->769M(989M) 192.144ms
[128.791s][info][gc,cpu         ] GC(104) User=0.19s Sys=0.00s Real=0.19s
[128.823s][info][gc,start       ] GC(105) Pause Full (Allocation Failure)
[128.823s][info][gc,phases,start] GC(105) Phase 1: Mark live objects
[128.873s][info][gc,phases      ] GC(105) Phase 1: Mark live objects 49.399ms
[128.873s][info][gc,phases,start] GC(105) Phase 2: Compute new object addresses
[128.921s][info][gc,phases      ] GC(105) Phase 2: Compute new object addresses 48.632ms
[128.921s][info][gc,phases,start] GC(105) Phase 3: Adjust pointers
[128.942s][info][gc,phases      ] GC(105) Phase 3: Adjust pointers 20.203ms
[128.942s][info][gc,phases,start] GC(105) Phase 4: Move objects
[129.006s][info][gc,phases      ] GC(105) Phase 4: Move objects 64.397ms
[129.007s][info][gc,heap        ] GC(105) DefNew: 313255K(314560K)->33609K(314560K) Eden: 279616K(279616K)->33609K(279616K) From: 33639K(34944K)->0K(34944K)
[129.007s][info][gc,heap        ] GC(105) Tenured: 698216K(699072K)->697455K(699072K)
[129.007s][info][gc,metaspace   ] GC(105) Metaspace: 113392K(124416K)->113392K(124416K) NonClass: 97064K(103872K)->97064K(103872K) Class: 16328K(20544K)->16328K(20544K)
[129.007s][info][gc             ] GC(105) Pause Full (Allocation Failure) 987M->713M(989M) 183.656ms
[129.007s][info][gc,cpu         ] GC(105) User=0.17s Sys=0.00s Real=0.17s
[130.705s][info][gc,start       ] GC(106) Pause Full (Allocation Failure)
[130.705s][info][gc,phases,start] GC(106) Phase 1: Mark live objects
[130.754s][info][gc,phases      ] GC(106) Phase 1: Mark live objects 48.318ms
[130.754s][info][gc,phases,start] GC(106) Phase 2: Compute new object addresses
[130.833s][info][gc,phases      ] GC(106) Phase 2: Compute new object addresses 78.939ms
[130.833s][info][gc,phases,start] GC(106) Phase 3: Adjust pointers
[130.860s][info][gc,phases      ] GC(106) Phase 3: Adjust pointers 27.302ms
[130.860s][info][gc,phases,start] GC(106) Phase 4: Move objects
[130.907s][info][gc,phases      ] GC(106) Phase 4: Move objects 47.080ms
[130.908s][info][gc,heap        ] GC(106) DefNew: 314560K(314560K)->13873K(314560K) Eden: 279616K(279616K)->13873K(279616K) From: 34944K(34944K)->0K(34944K)
[130.908s][info][gc,heap        ] GC(106) Tenured: 699072K(699072K)->696786K(699072K)
[130.908s][info][gc,metaspace   ] GC(106) Metaspace: 113407K(124416K)->113407K(124416K) NonClass: 97079K(103872K)->97079K(103872K) Class: 16328K(20544K)->16328K(20544K)
[130.908s][info][gc             ] GC(106) Pause Full (Allocation Failure) 989M->694M(989M) 203.026ms
[130.908s][info][gc,cpu         ] GC(106) User=0.19s Sys=0.00s Real=0.20s
[130.940s][info][gc,start       ] GC(107) Pause Full (Allocation Failure)
[130.940s][info][gc,phases,start] GC(107) Phase 1: Mark live objects
[130.987s][info][gc,phases      ] GC(107) Phase 1: Mark live objects 46.594ms
[130.987s][info][gc,phases,start] GC(107) Phase 2: Compute new object addresses
[131.055s][info][gc,phases      ] GC(107) Phase 2: Compute new object addresses 67.899ms
[131.055s][info][gc,phases,start] GC(107) Phase 3: Adjust pointers
[131.075s][info][gc,phases      ] GC(107) Phase 3: Adjust pointers 20.446ms
[131.075s][info][gc,phases,start] GC(107) Phase 4: Move objects
[131.189s][info][gc,phases      ] GC(107) Phase 4: Move objects 113.354ms
[131.189s][info][gc,heap        ] GC(107) DefNew: 312674K(314560K)->0K(314560K) Eden: 279616K(279616K)->0K(279616K) From: 33058K(34944K)->0K(34944K)
[131.189s][info][gc,heap        ] GC(107) Tenured: 696786K(699072K)->694779K(699072K)
[131.189s][info][gc,metaspace   ] GC(107) Metaspace: 113407K(124416K)->113407K(124416K) NonClass: 97079K(103872K)->97079K(103872K) Class: 16328K(20544K)->16328K(20544K)
[131.189s][info][gc             ] GC(107) Pause Full (Allocation Failure) 985M->678M(989M) 249.414ms
[131.189s][info][gc,cpu         ] GC(107) User=0.22s Sys=0.02s Real=0.23s
[131.209s][info][gc,start       ] GC(108) Pause Young (Allocation Failure)
[131.209s][info][gc             ] GC(108) Pause Young (Allocation Failure) 951M->951M(989M) 0.174ms
[131.209s][info][gc,cpu         ] GC(108) User=0.00s Sys=0.00s Real=0.00s
[131.209s][info][gc,start       ] GC(109) Pause Full (Allocation Failure)
[131.209s][info][gc,phases,start] GC(109) Phase 1: Mark live objects
[131.251s][info][gc,phases      ] GC(109) Phase 1: Mark live objects 41.228ms
[131.251s][info][gc,phases,start] GC(109) Phase 2: Compute new object addresses
[131.325s][info][gc,phases      ] GC(109) Phase 2: Compute new object addresses 74.606ms
[131.325s][info][gc,phases,start] GC(109) Phase 3: Adjust pointers
[131.346s][info][gc,phases      ] GC(109) Phase 3: Adjust pointers 20.854ms
[131.346s][info][gc,phases,start] GC(109) Phase 4: Move objects
[131.363s][info][gc,phases      ] GC(109) Phase 4: Move objects 16.692ms
[131.364s][info][gc,heap        ] GC(109) DefNew: 279616K(314560K)->21347K(314560K) Eden: 279616K(279616K)->21347K(279616K) From: 0K(34944K)->0K(34944K)
[131.364s][info][gc,heap        ] GC(109) Tenured: 694779K(699072K)->696983K(699072K)
[131.364s][info][gc,metaspace   ] GC(109) Metaspace: 113407K(124416K)->113407K(124416K) NonClass: 97079K(103872K)->97079K(103872K) Class: 16328K(20544K)->16328K(20544K)
[131.364s][info][gc             ] GC(109) Pause Full (Allocation Failure) 951M->701M(989M) 154.390ms
[131.364s][info][gc,cpu         ] GC(109) User=0.14s Sys=0.02s Real=0.14s
[134.064s][info][gc,start       ] GC(110) Pause Full (Allocation Failure)
[134.064s][info][gc,phases,start] GC(110) Phase 1: Mark live objects
[134.102s][info][gc,phases      ] GC(110) Phase 1: Mark live objects 37.881ms
[134.102s][info][gc,phases,start] GC(110) Phase 2: Compute new object addresses
[134.186s][info][gc,phases      ] GC(110) Phase 2: Compute new object addresses 84.265ms
[134.186s][info][gc,phases,start] GC(110) Phase 3: Adjust pointers
[134.208s][info][gc,phases      ] GC(110) Phase 3: Adjust pointers 21.834ms
[134.208s][info][gc,phases,start] GC(110) Phase 4: Move objects
[134.228s][info][gc,phases      ] GC(110) Phase 4: Move objects 19.841ms
[134.228s][info][gc,heap        ] GC(110) DefNew: 314559K(314560K)->19629K(314560K) Eden: 279616K(279616K)->19629K(279616K) From: 34943K(34944K)->0K(34944K)
[134.228s][info][gc,heap        ] GC(110) Tenured: 699071K(699072K)->698167K(699072K)
[134.228s][info][gc,metaspace   ] GC(110) Metaspace: 113407K(124416K)->113407K(124416K) NonClass: 97079K(103872K)->97079K(103872K) Class: 16328K(20544K)->16328K(20544K)
[134.228s][info][gc             ] GC(110) Pause Full (Allocation Failure) 989M->700M(989M) 164.868ms
[134.229s][info][gc,cpu         ] GC(110) User=0.17s Sys=0.00s Real=0.17s
[136.332s][info][gc,start       ] GC(111) Pause Full (Allocation Failure)
[136.332s][info][gc,phases,start] GC(111) Phase 1: Mark live objects
[136.380s][info][gc,phases      ] GC(111) Phase 1: Mark live objects 48.264ms
[136.380s][info][gc,phases,start] GC(111) Phase 2: Compute new object addresses
[136.474s][info][gc,phases      ] GC(111) Phase 2: Compute new object addresses 93.526ms
[136.474s][info][gc,phases,start] GC(111) Phase 3: Adjust pointers
[136.500s][info][gc,phases      ] GC(111) Phase 3: Adjust pointers 26.275ms
[136.500s][info][gc,phases,start] GC(111) Phase 4: Move objects
[136.524s][info][gc,phases      ] GC(111) Phase 4: Move objects 24.399ms
[136.525s][info][gc,heap        ] GC(111) DefNew: 314560K(314560K)->18995K(314560K) Eden: 279616K(279616K)->18995K(279616K) From: 34944K(34944K)->0K(34944K)
[136.525s][info][gc,heap        ] GC(111) Tenured: 698498K(699072K)->698551K(699072K)
[136.525s][info][gc,metaspace   ] GC(111) Metaspace: 113409K(124416K)->113409K(124416K) NonClass: 97080K(103872K)->97080K(103872K) Class: 16328K(20544K)->16328K(20544K)
[136.526s][info][gc             ] GC(111) Pause Full (Allocation Failure) 989M->700M(989M) 193.944ms
[136.526s][info][gc,cpu         ] GC(111) User=0.20s Sys=0.00s Real=0.20s
[139.095s][info][gc,start       ] GC(112) Pause Full (Allocation Failure)
[139.095s][info][gc,phases,start] GC(112) Phase 1: Mark live objects
[139.141s][info][gc,phases      ] GC(112) Phase 1: Mark live objects 45.498ms
[139.141s][info][gc,phases,start] GC(112) Phase 2: Compute new object addresses
[139.227s][info][gc,phases      ] GC(112) Phase 2: Compute new object addresses 86.044ms
[139.227s][info][gc,phases,start] GC(112) Phase 3: Adjust pointers
[139.250s][info][gc,phases      ] GC(112) Phase 3: Adjust pointers 22.679ms
[139.250s][info][gc,phases,start] GC(112) Phase 4: Move objects
[139.370s][info][gc,phases      ] GC(112) Phase 4: Move objects 120.550ms
[139.371s][info][gc,heap        ] GC(112) DefNew: 314560K(314560K)->5956K(314560K) Eden: 279616K(279616K)->5956K(279616K) From: 34944K(34944K)->0K(34944K)
[139.371s][info][gc,heap        ] GC(112) Tenured: 699072K(699072K)->698388K(699072K)
[139.371s][info][gc,metaspace   ] GC(112) Metaspace: 113411K(124416K)->113411K(124416K) NonClass: 97082K(103872K)->97082K(103872K) Class: 16328K(20544K)->16328K(20544K)
[139.371s][info][gc             ] GC(112) Pause Full (Allocation Failure) 989M->687M(989M) 275.853ms
[139.371s][info][gc,cpu         ] GC(112) User=0.28s Sys=0.00s Real=0.28s
[142.408s][info][gc,start       ] GC(113) Pause Full (Allocation Failure)
[142.408s][info][gc,phases,start] GC(113) Phase 1: Mark live objects
[142.446s][info][gc,phases      ] GC(113) Phase 1: Mark live objects 38.219ms
[142.447s][info][gc,phases,start] GC(113) Phase 2: Compute new object addresses
[142.540s][info][gc,phases      ] GC(113) Phase 2: Compute new object addresses 92.987ms
[142.540s][info][gc,phases,start] GC(113) Phase 3: Adjust pointers
[142.562s][info][gc,phases      ] GC(113) Phase 3: Adjust pointers 22.126ms
[142.562s][info][gc,phases,start] GC(113) Phase 4: Move objects
[142.566s][info][gc,phases      ] GC(113) Phase 4: Move objects 3.908ms
[142.566s][info][gc,heap        ] GC(113) DefNew: 314559K(314560K)->19532K(314560K) Eden: 279616K(279616K)->19532K(279616K) From: 34943K(34944K)->0K(34944K)
[142.566s][info][gc,heap        ] GC(113) Tenured: 699071K(699072K)->699071K(699072K)
[142.566s][info][gc,metaspace   ] GC(113) Metaspace: 113411K(124416K)->113411K(124416K) NonClass: 97083K(103872K)->97083K(103872K) Class: 16328K(20544K)->16328K(20544K)
[142.566s][info][gc             ] GC(113) Pause Full (Allocation Failure) 989M->701M(989M) 158.071ms
[142.566s][info][gc,cpu         ] GC(113) User=0.16s Sys=0.00s Real=0.15s
[145.156s][info][gc,start       ] GC(114) Pause Full (Allocation Failure)
[145.156s][info][gc,phases,start] GC(114) Phase 1: Mark live objects
[145.204s][info][gc,phases      ] GC(114) Phase 1: Mark live objects 48.335ms
[145.204s][info][gc,phases,start] GC(114) Phase 2: Compute new object addresses
[145.300s][info][gc,phases      ] GC(114) Phase 2: Compute new object addresses 95.596ms
[145.300s][info][gc,phases,start] GC(114) Phase 3: Adjust pointers
[145.326s][info][gc,phases      ] GC(114) Phase 3: Adjust pointers 26.437ms
[145.326s][info][gc,phases,start] GC(114) Phase 4: Move objects
[145.333s][info][gc,phases      ] GC(114) Phase 4: Move objects 6.941ms
[145.334s][info][gc,heap        ] GC(114) DefNew: 314559K(314560K)->37393K(314560K) Eden: 279616K(279616K)->37393K(279616K) From: 34943K(34944K)->0K(34944K)
[145.334s][info][gc,heap        ] GC(114) Tenured: 699071K(699072K)->699071K(699072K)
[145.334s][info][gc,metaspace   ] GC(114) Metaspace: 113411K(124416K)->113411K(124416K) NonClass: 97083K(103872K)->97083K(103872K) Class: 16328K(20544K)->16328K(20544K)
[145.334s][info][gc             ] GC(114) Pause Full (Allocation Failure) 989M->719M(989M) 178.480ms
[145.334s][info][gc,cpu         ] GC(114) User=0.19s Sys=0.00s Real=0.19s
[148.348s][info][gc,start       ] GC(115) Pause Full (Allocation Failure)
[148.349s][info][gc,phases,start] GC(115) Phase 1: Mark live objects
[148.397s][info][gc,phases      ] GC(115) Phase 1: Mark live objects 48.715ms
[148.397s][info][gc,phases,start] GC(115) Phase 2: Compute new object addresses
[148.488s][info][gc,phases      ] GC(115) Phase 2: Compute new object addresses 90.683ms
[148.488s][info][gc,phases,start] GC(115) Phase 3: Adjust pointers
[148.515s][info][gc,phases      ] GC(115) Phase 3: Adjust pointers 27.042ms
[148.515s][info][gc,phases,start] GC(115) Phase 4: Move objects
[148.526s][info][gc,phases      ] GC(115) Phase 4: Move objects 10.633ms
[148.527s][info][gc,heap        ] GC(115) DefNew: 314559K(314560K)->54587K(314560K) Eden: 279616K(279616K)->54587K(279616K) From: 34943K(34944K)->0K(34944K)
[148.527s][info][gc,heap        ] GC(115) Tenured: 699071K(699072K)->699071K(699072K)
[148.527s][info][gc,metaspace   ] GC(115) Metaspace: 113420K(124416K)->113420K(124416K) NonClass: 97091K(103872K)->97091K(103872K) Class: 16328K(20544K)->16328K(20544K)
[148.527s][info][gc             ] GC(115) Pause Full (Allocation Failure) 989M->735M(989M) 178.222ms
[148.527s][info][gc,cpu         ] GC(115) User=0.19s Sys=0.00s Real=0.18s
[150.896s][info][gc,start       ] GC(116) Pause Full (Allocation Failure)
[150.896s][info][gc,phases,start] GC(116) Phase 1: Mark live objects
[150.944s][info][gc,phases      ] GC(116) Phase 1: Mark live objects 47.129ms
[150.944s][info][gc,phases,start] GC(116) Phase 2: Compute new object addresses
[151.034s][info][gc,phases      ] GC(116) Phase 2: Compute new object addresses 90.238ms
[151.034s][info][gc,phases,start] GC(116) Phase 3: Adjust pointers
[151.057s][info][gc,phases      ] GC(116) Phase 3: Adjust pointers 22.976ms
[151.057s][info][gc,phases,start] GC(116) Phase 4: Move objects
[151.176s][info][gc,phases      ] GC(116) Phase 4: Move objects 118.591ms
[151.176s][info][gc,heap        ] GC(116) DefNew: 314559K(314560K)->39640K(314560K) Eden: 279616K(279616K)->39640K(279616K) From: 34943K(34944K)->0K(34944K)
[151.176s][info][gc,heap        ] GC(116) Tenured: 699071K(699072K)->698389K(699072K)
[151.176s][info][gc,metaspace   ] GC(116) Metaspace: 113422K(124416K)->113422K(124416K) NonClass: 97094K(103872K)->97094K(103872K) Class: 16328K(20544K)->16328K(20544K)
[151.176s][info][gc             ] GC(116) Pause Full (Allocation Failure) 989M->720M(989M) 279.956ms
[151.176s][info][gc,cpu         ] GC(116) User=0.28s Sys=0.00s Real=0.28s
[153.696s][info][gc,start       ] GC(117) Pause Full (Allocation Failure)
[153.696s][info][gc,phases,start] GC(117) Phase 1: Mark live objects
[153.734s][info][gc,phases      ] GC(117) Phase 1: Mark live objects 37.742ms
[153.734s][info][gc,phases,start] GC(117) Phase 2: Compute new object addresses
[153.811s][info][gc,phases      ] GC(117) Phase 2: Compute new object addresses 76.384ms
[153.811s][info][gc,phases,start] GC(117) Phase 3: Adjust pointers
[153.832s][info][gc,phases      ] GC(117) Phase 3: Adjust pointers 21.568ms
[153.832s][info][gc,phases,start] GC(117) Phase 4: Move objects
[153.844s][info][gc,phases      ] GC(117) Phase 4: Move objects 11.648ms
[153.844s][info][gc,heap        ] GC(117) DefNew: 311939K(314560K)->77104K(314560K) Eden: 279616K(279616K)->77104K(279616K) From: 32323K(34944K)->0K(34944K)
[153.844s][info][gc,heap        ] GC(117) Tenured: 698389K(699072K)->698389K(699072K)
[153.845s][info][gc,metaspace   ] GC(117) Metaspace: 113422K(124416K)->113422K(124416K) NonClass: 97094K(103872K)->97094K(103872K) Class: 16328K(20544K)->16328K(20544K)
[153.845s][info][gc             ] GC(117) Pause Full (Allocation Failure) 986M->757M(989M) 148.201ms
[153.845s][info][gc,cpu         ] GC(117) User=0.16s Sys=0.00s Real=0.16s
[156.346s][info][gc,start       ] GC(118) Pause Full (Allocation Failure)
[156.346s][info][gc,phases,start] GC(118) Phase 1: Mark live objects
[156.384s][info][gc,phases      ] GC(118) Phase 1: Mark live objects 38.352ms
[156.384s][info][gc,phases,start] GC(118) Phase 2: Compute new object addresses
[156.452s][info][gc,phases      ] GC(118) Phase 2: Compute new object addresses 67.620ms
[156.452s][info][gc,phases,start] GC(118) Phase 3: Adjust pointers
[156.474s][info][gc,phases      ] GC(118) Phase 3: Adjust pointers 21.971ms
[156.474s][info][gc,phases,start] GC(118) Phase 4: Move objects
[156.502s][info][gc,phases      ] GC(118) Phase 4: Move objects 28.247ms
[156.503s][info][gc,heap        ] GC(118) DefNew: 314560K(314560K)->111428K(314560K) Eden: 279616K(279616K)->111428K(279616K) From: 34944K(34944K)->0K(34944K)
[156.503s][info][gc,heap        ] GC(118) Tenured: 699071K(699072K)->698526K(699072K)
[156.503s][info][gc,metaspace   ] GC(118) Metaspace: 113449K(124416K)->113449K(124416K) NonClass: 97121K(103872K)->97121K(103872K) Class: 16328K(20544K)->16328K(20544K)
[156.503s][info][gc             ] GC(118) Pause Full (Allocation Failure) 989M->790M(989M) 157.076ms
[156.503s][info][gc,cpu         ] GC(118) User=0.16s Sys=0.00s Real=0.16s
[159.294s][info][gc,start       ] GC(119) Pause Full (Allocation Failure)
[159.294s][info][gc,phases,start] GC(119) Phase 1: Mark live objects
[159.332s][info][gc,phases      ] GC(119) Phase 1: Mark live objects 38.111ms
[159.332s][info][gc,phases,start] GC(119) Phase 2: Compute new object addresses
[159.397s][info][gc,phases      ] GC(119) Phase 2: Compute new object addresses 64.970ms
[159.397s][info][gc,phases,start] GC(119) Phase 3: Adjust pointers
[159.419s][info][gc,phases      ] GC(119) Phase 3: Adjust pointers 21.892ms
[159.419s][info][gc,phases,start] GC(119) Phase 4: Move objects
[159.450s][info][gc,phases      ] GC(119) Phase 4: Move objects 30.742ms
[159.451s][info][gc,heap        ] GC(119) DefNew: 314560K(314560K)->120841K(314560K) Eden: 279616K(279616K)->120841K(279616K) From: 34944K(34944K)->0K(34944K)
[159.451s][info][gc,heap        ] GC(119) Tenured: 699071K(699072K)->696955K(699072K)
[159.451s][info][gc,metaspace   ] GC(119) Metaspace: 113465K(124416K)->113465K(124416K) NonClass: 97137K(103872K)->97137K(103872K) Class: 16328K(20544K)->16328K(20544K)
[159.451s][info][gc             ] GC(119) Pause Full (Allocation Failure) 989M->798M(989M) 156.589ms
[159.451s][info][gc,cpu         ] GC(119) User=0.16s Sys=0.00s Real=0.16s
[162.229s][info][gc,start       ] GC(120) Pause Full (Allocation Failure)
[162.229s][info][gc,phases,start] GC(120) Phase 1: Mark live objects
[162.267s][info][gc,phases      ] GC(120) Phase 1: Mark live objects 38.462ms
[162.267s][info][gc,phases,start] GC(120) Phase 2: Compute new object addresses
[162.331s][info][gc,phases      ] GC(120) Phase 2: Compute new object addresses 64.044ms
[162.331s][info][gc,phases,start] GC(120) Phase 3: Adjust pointers
[162.354s][info][gc,phases      ] GC(120) Phase 3: Adjust pointers 22.416ms
[162.354s][info][gc,phases,start] GC(120) Phase 4: Move objects
[162.480s][info][gc,phases      ] GC(120) Phase 4: Move objects 126.035ms
[162.481s][info][gc,heap        ] GC(120) DefNew: 314559K(314560K)->90877K(314560K) Eden: 279616K(279616K)->90877K(279616K) From: 34943K(34944K)->0K(34944K)
[162.481s][info][gc,heap        ] GC(120) Tenured: 699071K(699072K)->698801K(699072K)
[162.481s][info][gc,metaspace   ] GC(120) Metaspace: 113473K(124416K)->113473K(124416K) NonClass: 97144K(103872K)->97144K(103872K) Class: 16328K(20544K)->16328K(20544K)
[162.481s][info][gc             ] GC(120) Pause Full (Allocation Failure) 989M->771M(989M) 251.984ms
[162.481s][info][gc,cpu         ] GC(120) User=0.23s Sys=0.00s Real=0.24s
[165.643s][info][gc,start       ] GC(121) Pause Full (Allocation Failure)
[165.643s][info][gc,phases,start] GC(121) Phase 1: Mark live objects
[165.691s][info][gc,phases      ] GC(121) Phase 1: Mark live objects 48.431ms
[165.691s][info][gc,phases,start] GC(121) Phase 2: Compute new object addresses
[165.772s][info][gc,phases      ] GC(121) Phase 2: Compute new object addresses 80.332ms
[165.772s][info][gc,phases,start] GC(121) Phase 3: Adjust pointers
[165.799s][info][gc,phases      ] GC(121) Phase 3: Adjust pointers 27.128ms
[165.799s][info][gc,phases,start] GC(121) Phase 4: Move objects
[165.802s][info][gc,phases      ] GC(121) Phase 4: Move objects 3.272ms
[165.803s][info][gc,heap        ] GC(121) DefNew: 314559K(314560K)->91191K(314560K) Eden: 279616K(279616K)->91191K(279616K) From: 34943K(34944K)->0K(34944K)
[165.803s][info][gc,heap        ] GC(121) Tenured: 699072K(699072K)->699072K(699072K)
[165.803s][info][gc,metaspace   ] GC(121) Metaspace: 113473K(124416K)->113473K(124416K) NonClass: 97144K(103872K)->97144K(103872K) Class: 16328K(20544K)->16328K(20544K)
[165.803s][info][gc             ] GC(121) Pause Full (Allocation Failure) 989M->771M(989M) 160.333ms
[165.803s][info][gc,cpu         ] GC(121) User=0.17s Sys=0.00s Real=0.17s
[168.783s][info][gc,start       ] GC(122) Pause Full (Allocation Failure)
[168.783s][info][gc,phases,start] GC(122) Phase 1: Mark live objects
[168.832s][info][gc,phases      ] GC(122) Phase 1: Mark live objects 49.033ms
[168.832s][info][gc,phases,start] GC(122) Phase 2: Compute new object addresses
[168.920s][info][gc,phases      ] GC(122) Phase 2: Compute new object addresses 87.910ms
[168.920s][info][gc,phases,start] GC(122) Phase 3: Adjust pointers
[168.950s][info][gc,phases      ] GC(122) Phase 3: Adjust pointers 30.138ms
[168.950s][info][gc,phases,start] GC(122) Phase 4: Move objects
[168.957s][info][gc,phases      ] GC(122) Phase 4: Move objects 6.906ms
[168.958s][info][gc,heap        ] GC(122) DefNew: 314560K(314560K)->97584K(314560K) Eden: 279616K(279616K)->97584K(279616K) From: 34944K(34944K)->0K(34944K)
[168.958s][info][gc,heap        ] GC(122) Tenured: 699072K(699072K)->699072K(699072K)
[168.958s][info][gc,metaspace   ] GC(122) Metaspace: 113497K(124416K)->113497K(124416K) NonClass: 97169K(103872K)->97169K(103872K) Class: 16328K(20544K)->16328K(20544K)
[168.958s][info][gc             ] GC(122) Pause Full (Allocation Failure) 989M->777M(989M) 174.911ms
[168.958s][info][gc,cpu         ] GC(122) User=0.17s Sys=0.00s Real=0.17s
[171.923s][info][gc,start       ] GC(123) Pause Full (Allocation Failure)
[171.924s][info][gc,phases,start] GC(123) Phase 1: Mark live objects
[171.965s][info][gc,phases      ] GC(123) Phase 1: Mark live objects 41.662ms
[171.965s][info][gc,phases,start] GC(123) Phase 2: Compute new object addresses
[172.037s][info][gc,phases      ] GC(123) Phase 2: Compute new object addresses 71.888ms
[172.037s][info][gc,phases,start] GC(123) Phase 3: Adjust pointers
[172.059s][info][gc,phases      ] GC(123) Phase 3: Adjust pointers 21.860ms
[172.059s][info][gc,phases,start] GC(123) Phase 4: Move objects
[172.062s][info][gc,phases      ] GC(123) Phase 4: Move objects 3.363ms
[172.063s][info][gc,heap        ] GC(123) DefNew: 314559K(314560K)->100612K(314560K) Eden: 279616K(279616K)->100612K(279616K) From: 34943K(34944K)->0K(34944K)
[172.063s][info][gc,heap        ] GC(123) Tenured: 699072K(699072K)->699072K(699072K)
[172.063s][info][gc,metaspace   ] GC(123) Metaspace: 113497K(124416K)->113497K(124416K) NonClass: 97169K(103872K)->97169K(103872K) Class: 16328K(20544K)->16328K(20544K)
[172.063s][info][gc             ] GC(123) Pause Full (Allocation Failure) 989M->780M(989M) 139.622ms
[172.063s][info][gc,cpu         ] GC(123) User=0.14s Sys=0.00s Real=0.14s
[175.210s][info][gc,start       ] GC(124) Pause Full (Allocation Failure)
[175.210s][info][gc,phases,start] GC(124) Phase 1: Mark live objects
[175.248s][info][gc,phases      ] GC(124) Phase 1: Mark live objects 38.201ms
[175.248s][info][gc,phases,start] GC(124) Phase 2: Compute new object addresses
[175.320s][info][gc,phases      ] GC(124) Phase 2: Compute new object addresses 71.705ms
[175.320s][info][gc,phases,start] GC(124) Phase 3: Adjust pointers
[175.344s][info][gc,phases      ] GC(124) Phase 3: Adjust pointers 23.508ms
[175.344s][info][gc,phases,start] GC(124) Phase 4: Move objects
[175.469s][info][gc,phases      ] GC(124) Phase 4: Move objects 125.195ms
[175.469s][info][gc,heap        ] GC(124) DefNew: 314559K(314560K)->97494K(314560K) Eden: 279616K(279616K)->97494K(279616K) From: 34943K(34944K)->0K(34944K)
[175.469s][info][gc,heap        ] GC(124) Tenured: 699072K(699072K)->696828K(699072K)
[175.469s][info][gc,metaspace   ] GC(124) Metaspace: 113497K(124416K)->113497K(124416K) NonClass: 97169K(103872K)->97169K(103872K) Class: 16328K(20544K)->16328K(20544K)
[175.469s][info][gc             ] GC(124) Pause Full (Allocation Failure) 989M->775M(989M) 259.595ms
[175.470s][info][gc,cpu         ] GC(124) User=0.27s Sys=0.00s Real=0.27s
[178.809s][info][gc,start       ] GC(125) Pause Full (Allocation Failure)
[178.809s][info][gc,phases,start] GC(125) Phase 1: Mark live objects
[178.848s][info][gc,phases      ] GC(125) Phase 1: Mark live objects 38.537ms
[178.848s][info][gc,phases,start] GC(125) Phase 2: Compute new object addresses
[178.922s][info][gc,phases      ] GC(125) Phase 2: Compute new object addresses 73.532ms
[178.922s][info][gc,phases,start] GC(125) Phase 3: Adjust pointers
[178.944s][info][gc,phases      ] GC(125) Phase 3: Adjust pointers 22.487ms
[178.944s][info][gc,phases,start] GC(125) Phase 4: Move objects
[178.950s][info][gc,phases      ] GC(125) Phase 4: Move objects 6.287ms
[178.951s][info][gc,heap        ] GC(125) DefNew: 314559K(314560K)->97172K(314560K) Eden: 279616K(279616K)->97172K(279616K) From: 34943K(34944K)->0K(34944K)
[178.951s][info][gc,heap        ] GC(125) Tenured: 699072K(699072K)->699072K(699072K)
[178.951s][info][gc,metaspace   ] GC(125) Metaspace: 113537K(124416K)->113537K(124416K) NonClass: 97209K(103872K)->97209K(103872K) Class: 16328K(20544K)->16328K(20544K)
[178.951s][info][gc             ] GC(125) Pause Full (Allocation Failure) 989M->777M(989M) 141.670ms
[178.951s][info][gc,cpu         ] GC(125) User=0.14s Sys=0.00s Real=0.14s
[181.970s][info][gc,start       ] GC(126) Pause Full (Allocation Failure)
[181.970s][info][gc,phases,start] GC(126) Phase 1: Mark live objects
[182.009s][info][gc,phases      ] GC(126) Phase 1: Mark live objects 38.608ms
[182.009s][info][gc,phases,start] GC(126) Phase 2: Compute new object addresses
[182.083s][info][gc,phases      ] GC(126) Phase 2: Compute new object addresses 73.487ms
[182.083s][info][gc,phases,start] GC(126) Phase 3: Adjust pointers
[182.105s][info][gc,phases      ] GC(126) Phase 3: Adjust pointers 21.965ms
[182.105s][info][gc,phases,start] GC(126) Phase 4: Move objects
[182.105s][info][gc,phases      ] GC(126) Phase 4: Move objects 0.754ms
[182.106s][info][gc,heap        ] GC(126) DefNew: 314559K(314560K)->97551K(314560K) Eden: 279616K(279616K)->97551K(279616K) From: 34943K(34944K)->0K(34944K)
[182.106s][info][gc,heap        ] GC(126) Tenured: 699072K(699072K)->699072K(699072K)
[182.106s][info][gc,metaspace   ] GC(126) Metaspace: 113538K(124416K)->113538K(124416K) NonClass: 97209K(103872K)->97209K(103872K) Class: 16328K(20544K)->16328K(20544K)
[182.106s][info][gc             ] GC(126) Pause Full (Allocation Failure) 989M->777M(989M) 135.664ms
[182.106s][info][gc,cpu         ] GC(126) User=0.14s Sys=0.00s Real=0.14s
[184.121s][info][gc,start       ] GC(127) Pause Full (Allocation Failure)
[184.121s][info][gc,phases,start] GC(127) Phase 1: Mark live objects
[184.169s][info][gc,phases      ] GC(127) Phase 1: Mark live objects 48.467ms
[184.169s][info][gc,phases,start] GC(127) Phase 2: Compute new object addresses
[184.249s][info][gc,phases      ] GC(127) Phase 2: Compute new object addresses 79.682ms
[184.249s][info][gc,phases,start] GC(127) Phase 3: Adjust pointers
[184.279s][info][gc,phases      ] GC(127) Phase 3: Adjust pointers 29.608ms
[184.279s][info][gc,phases,start] GC(127) Phase 4: Move objects
[184.286s][info][gc,phases      ] GC(127) Phase 4: Move objects 7.759ms
[184.287s][info][gc,heap        ] GC(127) DefNew: 314559K(314560K)->128755K(314560K) Eden: 279616K(279616K)->128755K(279616K) From: 34943K(34944K)->0K(34944K)
[184.287s][info][gc,heap        ] GC(127) Tenured: 699072K(699072K)->699072K(699072K)
[184.287s][info][gc,metaspace   ] GC(127) Metaspace: 113538K(124416K)->113538K(124416K) NonClass: 97209K(103872K)->97209K(103872K) Class: 16328K(20544K)->16328K(20544K)
[184.287s][info][gc             ] GC(127) Pause Full (Allocation Failure) 989M->808M(989M) 166.444ms
[184.287s][info][gc,cpu         ] GC(127) User=0.16s Sys=0.00s Real=0.16s
[187.216s][info][gc,start       ] GC(128) Pause Full (Allocation Failure)
[187.216s][info][gc,phases,start] GC(128) Phase 1: Mark live objects
[187.258s][info][gc,phases      ] GC(128) Phase 1: Mark live objects 41.949ms
[187.258s][info][gc,phases,start] GC(128) Phase 2: Compute new object addresses
[187.323s][info][gc,phases      ] GC(128) Phase 2: Compute new object addresses 64.242ms
[187.323s][info][gc,phases,start] GC(128) Phase 3: Adjust pointers
[187.345s][info][gc,phases      ] GC(128) Phase 3: Adjust pointers 22.744ms
[187.345s][info][gc,phases,start] GC(128) Phase 4: Move objects
[187.475s][info][gc,phases      ] GC(128) Phase 4: Move objects 129.656ms
[187.476s][info][gc,heap        ] GC(128) DefNew: 314560K(314560K)->113149K(314560K) Eden: 279616K(279616K)->113149K(279616K) From: 34944K(34944K)->0K(34944K)
[187.476s][info][gc,heap        ] GC(128) Tenured: 699072K(699072K)->696828K(699072K)
[187.476s][info][gc,metaspace   ] GC(128) Metaspace: 113549K(124416K)->113549K(124416K) NonClass: 97221K(103872K)->97221K(103872K) Class: 16328K(20544K)->16328K(20544K)
[187.476s][info][gc             ] GC(128) Pause Full (Allocation Failure) 989M->790M(989M) 259.555ms
[187.476s][info][gc,cpu         ] GC(128) User=0.25s Sys=0.00s Real=0.25s
[190.130s][info][gc,start       ] GC(129) Pause Full (Allocation Failure)
[190.130s][info][gc,phases,start] GC(129) Phase 1: Mark live objects
[190.168s][info][gc,phases      ] GC(129) Phase 1: Mark live objects 38.122ms
[190.168s][info][gc,phases,start] GC(129) Phase 2: Compute new object addresses
[190.245s][info][gc,phases      ] GC(129) Phase 2: Compute new object addresses 77.575ms
[190.245s][info][gc,phases,start] GC(129) Phase 3: Adjust pointers
[190.268s][info][gc,phases      ] GC(129) Phase 3: Adjust pointers 22.614ms
[190.268s][info][gc,phases,start] GC(129) Phase 4: Move objects
[190.277s][info][gc,phases      ] GC(129) Phase 4: Move objects 9.303ms
[190.278s][info][gc,heap        ] GC(129) DefNew: 314560K(314560K)->131446K(314560K) Eden: 279616K(279616K)->131446K(279616K) From: 34944K(34944K)->0K(34944K)
[190.278s][info][gc,heap        ] GC(129) Tenured: 699071K(699072K)->699071K(699072K)
[190.278s][info][gc,metaspace   ] GC(129) Metaspace: 113551K(124416K)->113551K(124416K) NonClass: 97223K(103872K)->97223K(103872K) Class: 16328K(20544K)->16328K(20544K)
[190.278s][info][gc             ] GC(129) Pause Full (Allocation Failure) 989M->811M(989M) 148.452ms
[190.278s][info][gc,cpu         ] GC(129) User=0.14s Sys=0.00s Real=0.14s
[192.848s][info][gc,start       ] GC(130) Pause Full (Allocation Failure)
[192.848s][info][gc,phases,start] GC(130) Phase 1: Mark live objects
[192.886s][info][gc,phases      ] GC(130) Phase 1: Mark live objects 38.321ms
[192.886s][info][gc,phases,start] GC(130) Phase 2: Compute new object addresses
[192.943s][info][gc,phases      ] GC(130) Phase 2: Compute new object addresses 56.643ms
[192.943s][info][gc,phases,start] GC(130) Phase 3: Adjust pointers
[192.965s][info][gc,phases      ] GC(130) Phase 3: Adjust pointers 22.059ms
[192.965s][info][gc,phases,start] GC(130) Phase 4: Move objects
[192.979s][info][gc,phases      ] GC(130) Phase 4: Move objects 13.957ms
[192.980s][info][gc,heap        ] GC(130) DefNew: 314560K(314560K)->156849K(314560K) Eden: 279616K(279616K)->156849K(279616K) From: 34944K(34944K)->0K(34944K)
[192.980s][info][gc,heap        ] GC(130) Tenured: 699071K(699072K)->699071K(699072K)
[192.980s][info][gc,metaspace   ] GC(130) Metaspace: 113551K(124416K)->113551K(124416K) NonClass: 97223K(103872K)->97223K(103872K) Class: 16328K(20544K)->16328K(20544K)
[192.980s][info][gc             ] GC(130) Pause Full (Allocation Failure) 989M->835M(989M) 131.830ms
[192.980s][info][gc,cpu         ] GC(130) User=0.13s Sys=0.00s Real=0.13s
[195.561s][info][gc,start       ] GC(131) Pause Full (Allocation Failure)
[195.561s][info][gc,phases,start] GC(131) Phase 1: Mark live objects
[195.599s][info][gc,phases      ] GC(131) Phase 1: Mark live objects 38.265ms
[195.599s][info][gc,phases,start] GC(131) Phase 2: Compute new object addresses
[195.647s][info][gc,phases      ] GC(131) Phase 2: Compute new object addresses 47.867ms
[195.647s][info][gc,phases,start] GC(131) Phase 3: Adjust pointers
[195.669s][info][gc,phases      ] GC(131) Phase 3: Adjust pointers 21.776ms
[195.669s][info][gc,phases,start] GC(131) Phase 4: Move objects
[195.703s][info][gc,phases      ] GC(131) Phase 4: Move objects 33.716ms
[195.703s][info][gc,heap        ] GC(131) DefNew: 314560K(314560K)->185013K(314560K) Eden: 279616K(279616K)->185013K(279616K) From: 34944K(34944K)->0K(34944K)
[195.703s][info][gc,heap        ] GC(131) Tenured: 699071K(699072K)->697408K(699072K)
[195.703s][info][gc,metaspace   ] GC(131) Metaspace: 113551K(124416K)->113551K(124416K) NonClass: 97223K(103872K)->97223K(103872K) Class: 16328K(20544K)->16328K(20544K)
[195.704s][info][gc             ] GC(131) Pause Full (Allocation Failure) 989M->861M(989M) 142.489ms
[195.704s][info][gc,cpu         ] GC(131) User=0.14s Sys=0.00s Real=0.14s
[198.269s][info][gc,start       ] GC(132) Pause Full (Allocation Failure)
[198.269s][info][gc,phases,start] GC(132) Phase 1: Mark live objects
[198.308s][info][gc,phases      ] GC(132) Phase 1: Mark live objects 38.944ms
[198.308s][info][gc,phases,start] GC(132) Phase 2: Compute new object addresses
[198.350s][info][gc,phases      ] GC(132) Phase 2: Compute new object addresses 42.091ms
[198.350s][info][gc,phases,start] GC(132) Phase 3: Adjust pointers
[198.383s][info][gc,phases      ] GC(132) Phase 3: Adjust pointers 32.847ms
[198.383s][info][gc,phases,start] GC(132) Phase 4: Move objects
[198.534s][info][gc,phases      ] GC(132) Phase 4: Move objects 150.635ms
[198.534s][info][gc,heap        ] GC(132) DefNew: 314559K(314560K)->169076K(314560K) Eden: 279616K(279616K)->169076K(279616K) From: 34943K(34944K)->0K(34944K)
[198.534s][info][gc,heap        ] GC(132) Tenured: 699071K(699072K)->697179K(699072K)
[198.535s][info][gc,metaspace   ] GC(132) Metaspace: 113553K(124416K)->113553K(124416K) NonClass: 97225K(103872K)->97225K(103872K) Class: 16328K(20544K)->16328K(20544K)
[198.535s][info][gc             ] GC(132) Pause Full (Allocation Failure) 989M->845M(989M) 265.604ms
[198.535s][info][gc,cpu         ] GC(132) User=0.27s Sys=0.00s Real=0.27s
[200.126s][info][gc,start       ] GC(133) Pause Full (Allocation Failure)
[200.127s][info][gc,phases,start] GC(133) Phase 1: Mark live objects
[200.166s][info][gc,phases      ] GC(133) Phase 1: Mark live objects 39.034ms
[200.166s][info][gc,phases,start] GC(133) Phase 2: Compute new object addresses
[200.210s][info][gc,phases      ] GC(133) Phase 2: Compute new object addresses 44.596ms
[200.210s][info][gc,phases,start] GC(133) Phase 3: Adjust pointers
[200.232s][info][gc,phases      ] GC(133) Phase 3: Adjust pointers 22.011ms
[200.232s][info][gc,phases,start] GC(133) Phase 4: Move objects
[200.263s][info][gc,phases      ] GC(133) Phase 4: Move objects 30.968ms
[200.264s][info][gc,heap        ] GC(133) DefNew: 310755K(314560K)->194341K(314560K) Eden: 279616K(279616K)->194341K(279616K) From: 31139K(34944K)->0K(34944K)
[200.264s][info][gc,heap        ] GC(133) Tenured: 697179K(699072K)->697179K(699072K)
[200.264s][info][gc,metaspace   ] GC(133) Metaspace: 113553K(124416K)->113553K(124416K) NonClass: 97225K(103872K)->97225K(103872K) Class: 16328K(20544K)->16328K(20544K)
[200.264s][info][gc             ] GC(133) Pause Full (Allocation Failure) 984M->870M(989M) 137.475ms
[200.264s][info][gc,cpu         ] GC(133) User=0.14s Sys=0.00s Real=0.14s
[202.348s][info][gc,start       ] GC(134) Pause Full (Allocation Failure)
[202.348s][info][gc,phases,start] GC(134) Phase 1: Mark live objects
[202.387s][info][gc,phases      ] GC(134) Phase 1: Mark live objects 38.785ms
[202.387s][info][gc,phases,start] GC(134) Phase 2: Compute new object addresses
[202.426s][info][gc,phases      ] GC(134) Phase 2: Compute new object addresses 38.747ms
[202.426s][info][gc,phases,start] GC(134) Phase 3: Adjust pointers
[202.449s][info][gc,phases      ] GC(134) Phase 3: Adjust pointers 23.111ms
[202.449s][info][gc,phases,start] GC(134) Phase 4: Move objects
[202.460s][info][gc,phases      ] GC(134) Phase 4: Move objects 10.846ms
[202.460s][info][gc,heap        ] GC(134) DefNew: 314560K(314560K)->225280K(314560K) Eden: 279616K(279616K)->225280K(279616K) From: 34944K(34944K)->0K(34944K)
[202.460s][info][gc,heap        ] GC(134) Tenured: 699072K(699072K)->699072K(699072K)
[202.460s][info][gc,metaspace   ] GC(134) Metaspace: 113553K(124416K)->113553K(124416K) NonClass: 97225K(103872K)->97225K(103872K) Class: 16328K(20544K)->16328K(20544K)
[202.460s][info][gc             ] GC(134) Pause Full (Allocation Failure) 989M->902M(989M) 112.351ms
[202.460s][info][gc,cpu         ] GC(134) User=0.11s Sys=0.00s Real=0.11s
[204.900s][info][gc,start       ] GC(135) Pause Full (Allocation Failure)
[204.900s][info][gc,phases,start] GC(135) Phase 1: Mark live objects
[204.939s][info][gc,phases      ] GC(135) Phase 1: Mark live objects 38.307ms
[204.939s][info][gc,phases,start] GC(135) Phase 2: Compute new object addresses
[204.971s][info][gc,phases      ] GC(135) Phase 2: Compute new object addresses 32.140ms
[204.971s][info][gc,phases,start] GC(135) Phase 3: Adjust pointers
[204.993s][info][gc,phases      ] GC(135) Phase 3: Adjust pointers 21.711ms
[204.993s][info][gc,phases,start] GC(135) Phase 4: Move objects
[205.046s][info][gc,phases      ] GC(135) Phase 4: Move objects 53.608ms
[205.047s][info][gc,heap        ] GC(135) DefNew: 314559K(314560K)->244397K(314560K) Eden: 279616K(279616K)->244397K(279616K) From: 34943K(34944K)->0K(34944K)
[205.047s][info][gc,heap        ] GC(135) Tenured: 699072K(699072K)->697179K(699072K)
[205.047s][info][gc,metaspace   ] GC(135) Metaspace: 113553K(124416K)->113553K(124416K) NonClass: 97225K(103872K)->97225K(103872K) Class: 16328K(20544K)->16328K(20544K)
[205.047s][info][gc             ] GC(135) Pause Full (Allocation Failure) 989M->919M(989M) 146.644ms
[205.047s][info][gc,cpu         ] GC(135) User=0.16s Sys=0.00s Real=0.16s
[207.693s][info][gc,start       ] GC(136) Pause Full (Allocation Failure)
[207.693s][info][gc,phases,start] GC(136) Phase 1: Mark live objects
[207.732s][info][gc,phases      ] GC(136) Phase 1: Mark live objects 38.648ms
[207.732s][info][gc,phases,start] GC(136) Phase 2: Compute new object addresses
[207.764s][info][gc,phases      ] GC(136) Phase 2: Compute new object addresses 32.303ms
[207.764s][info][gc,phases,start] GC(136) Phase 3: Adjust pointers
[207.787s][info][gc,phases      ] GC(136) Phase 3: Adjust pointers 22.750ms
[207.787s][info][gc,phases,start] GC(136) Phase 4: Move objects
[207.940s][info][gc,phases      ] GC(136) Phase 4: Move objects 152.606ms
[207.940s][info][gc,heap        ] GC(136) DefNew: 314560K(314560K)->212839K(314560K) Eden: 279616K(279616K)->212839K(279616K) From: 34944K(34944K)->0K(34944K)
[207.940s][info][gc,heap        ] GC(136) Tenured: 699072K(699072K)->697194K(699072K)
[207.940s][info][gc,metaspace   ] GC(136) Metaspace: 113555K(124416K)->113555K(124416K) NonClass: 97227K(103872K)->97227K(103872K) Class: 16328K(20544K)->16328K(20544K)
[207.940s][info][gc             ] GC(136) Pause Full (Allocation Failure) 989M->888M(989M) 247.214ms
[207.940s][info][gc,cpu         ] GC(136) User=0.23s Sys=0.00s Real=0.23s
[211.172s][info][gc,start       ] GC(137) Pause Full (Allocation Failure)
[211.172s][info][gc,phases,start] GC(137) Phase 1: Mark live objects
[211.210s][info][gc,phases      ] GC(137) Phase 1: Mark live objects 38.243ms
[211.210s][info][gc,phases,start] GC(137) Phase 2: Compute new object addresses
[211.245s][info][gc,phases      ] GC(137) Phase 2: Compute new object addresses 35.511ms
[211.246s][info][gc,phases,start] GC(137) Phase 3: Adjust pointers
[211.268s][info][gc,phases      ] GC(137) Phase 3: Adjust pointers 22.555ms
[211.268s][info][gc,phases,start] GC(137) Phase 4: Move objects
[211.286s][info][gc,phases      ] GC(137) Phase 4: Move objects 17.653ms
[211.286s][info][gc,heap        ] GC(137) DefNew: 314560K(314560K)->244031K(314560K) Eden: 279616K(279616K)->244031K(279616K) From: 34944K(34944K)->0K(34944K)
[211.286s][info][gc,heap        ] GC(137) Tenured: 699071K(699072K)->699071K(699072K)
[211.286s][info][gc,metaspace   ] GC(137) Metaspace: 113555K(124416K)->113555K(124416K) NonClass: 97227K(103872K)->97227K(103872K) Class: 16328K(20544K)->16328K(20544K)
[211.286s][info][gc             ] GC(137) Pause Full (Allocation Failure) 989M->920M(989M) 114.854ms
[211.286s][info][gc,cpu         ] GC(137) User=0.11s Sys=0.00s Real=0.12s
[213.751s][info][gc,start       ] GC(138) Pause Full (Allocation Failure)
[213.751s][info][gc,phases,start] GC(138) Phase 1: Mark live objects
[213.789s][info][gc,phases      ] GC(138) Phase 1: Mark live objects 38.138ms
[213.789s][info][gc,phases,start] GC(138) Phase 2: Compute new object addresses
[213.821s][info][gc,phases      ] GC(138) Phase 2: Compute new object addresses 31.879ms
[213.821s][info][gc,phases,start] GC(138) Phase 3: Adjust pointers
[213.845s][info][gc,phases      ] GC(138) Phase 3: Adjust pointers 24.028ms
[213.845s][info][gc,phases,start] GC(138) Phase 4: Move objects
[213.855s][info][gc,phases      ] GC(138) Phase 4: Move objects 9.518ms
[213.855s][info][gc,heap        ] GC(138) DefNew: 314560K(314560K)->250671K(314560K) Eden: 279616K(279616K)->250671K(279616K) From: 34944K(34944K)->0K(34944K)
[213.855s][info][gc,heap        ] GC(138) Tenured: 699071K(699072K)->699071K(699072K)
[213.855s][info][gc,metaspace   ] GC(138) Metaspace: 113555K(124416K)->113555K(124416K) NonClass: 97227K(103872K)->97227K(103872K) Class: 16328K(20544K)->16328K(20544K)
[213.856s][info][gc             ] GC(138) Pause Full (Allocation Failure) 989M->927M(989M) 104.636ms
[213.856s][info][gc,cpu         ] GC(138) User=0.09s Sys=0.00s Real=0.09s
[216.986s][info][gc,start       ] GC(139) Pause Full (Allocation Failure)
[216.986s][info][gc,phases,start] GC(139) Phase 1: Mark live objects
[217.035s][info][gc,phases      ] GC(139) Phase 1: Mark live objects 48.948ms
[217.035s][info][gc,phases,start] GC(139) Phase 2: Compute new object addresses
[217.069s][info][gc,phases      ] GC(139) Phase 2: Compute new object addresses 34.637ms
[217.069s][info][gc,phases,start] GC(139) Phase 3: Adjust pointers
[217.096s][info][gc,phases      ] GC(139) Phase 3: Adjust pointers 26.984ms
[217.097s][info][gc,phases,start] GC(139) Phase 4: Move objects
[217.123s][info][gc,phases      ] GC(139) Phase 4: Move objects 26.267ms
[217.124s][info][gc,heap        ] GC(139) DefNew: 314559K(314560K)->250653K(314560K) Eden: 279616K(279616K)->250653K(279616K) From: 34943K(34944K)->0K(34944K)
[217.124s][info][gc,heap        ] GC(139) Tenured: 699071K(699072K)->699071K(699072K)
[217.124s][info][gc,metaspace   ] GC(139) Metaspace: 113556K(124416K)->113556K(124416K) NonClass: 97227K(103872K)->97227K(103872K) Class: 16328K(20544K)->16328K(20544K)
[217.124s][info][gc             ] GC(139) Pause Full (Allocation Failure) 989M->927M(989M) 138.005ms
[217.124s][info][gc,cpu         ] GC(139) User=0.13s Sys=0.00s Real=0.13s
[220.116s][info][gc,start       ] GC(140) Pause Full (Allocation Failure)
[220.116s][info][gc,phases,start] GC(140) Phase 1: Mark live objects
[220.162s][info][gc,phases      ] GC(140) Phase 1: Mark live objects 46.173ms
[220.163s][info][gc,phases,start] GC(140) Phase 2: Compute new object addresses
[220.193s][info][gc,phases      ] GC(140) Phase 2: Compute new object addresses 30.880ms
[220.193s][info][gc,phases,start] GC(140) Phase 3: Adjust pointers
[220.216s][info][gc,phases      ] GC(140) Phase 3: Adjust pointers 22.852ms
[220.216s][info][gc,phases,start] GC(140) Phase 4: Move objects
[220.375s][info][gc,phases      ] GC(140) Phase 4: Move objects 158.372ms
[220.375s][info][gc,heap        ] GC(140) DefNew: 314559K(314560K)->238183K(314560K) Eden: 279616K(279616K)->238183K(279616K) From: 34943K(34944K)->0K(34944K)
[220.375s][info][gc,heap        ] GC(140) Tenured: 699071K(699072K)->693709K(699072K)
[220.376s][info][gc,metaspace   ] GC(140) Metaspace: 113557K(124416K)->113557K(124416K) NonClass: 97228K(103872K)->97228K(103872K) Class: 16328K(20544K)->16328K(20544K)
[220.376s][info][gc             ] GC(140) Pause Full (Allocation Failure) 989M->910M(989M) 259.363ms
[220.376s][info][gc,cpu         ] GC(140) User=0.25s Sys=0.00s Real=0.26s
[223.639s][info][gc,start       ] GC(141) Pause Full (Allocation Failure)
[223.639s][info][gc,phases,start] GC(141) Phase 1: Mark live objects
[223.677s][info][gc,phases      ] GC(141) Phase 1: Mark live objects 38.358ms
[223.677s][info][gc,phases,start] GC(141) Phase 2: Compute new object addresses
[223.715s][info][gc,phases      ] GC(141) Phase 2: Compute new object addresses 37.477ms
[223.715s][info][gc,phases,start] GC(141) Phase 3: Adjust pointers
[223.737s][info][gc,phases      ] GC(141) Phase 3: Adjust pointers 22.304ms
[223.737s][info][gc,phases,start] GC(141) Phase 4: Move objects
[223.738s][info][gc,phases      ] GC(141) Phase 4: Move objects 1.111ms
[223.739s][info][gc,heap        ] GC(141) DefNew: 314560K(314560K)->237669K(314560K) Eden: 279616K(279616K)->237669K(279616K) From: 34944K(34944K)->0K(34944K)
[223.739s][info][gc,heap        ] GC(141) Tenured: 696321K(699072K)->696321K(699072K)
[223.739s][info][gc,metaspace   ] GC(141) Metaspace: 113557K(124416K)->113557K(124416K) NonClass: 97228K(103872K)->97228K(103872K) Class: 16328K(20544K)->16328K(20544K)
[223.739s][info][gc             ] GC(141) Pause Full (Allocation Failure) 987M->912M(989M) 100.069ms
[223.739s][info][gc,cpu         ] GC(141) User=0.09s Sys=0.00s Real=0.09s
[227.151s][info][gc,start       ] GC(142) Pause Full (Allocation Failure)
[227.151s][info][gc,phases,start] GC(142) Phase 1: Mark live objects
[227.190s][info][gc,phases      ] GC(142) Phase 1: Mark live objects 38.615ms
[227.190s][info][gc,phases,start] GC(142) Phase 2: Compute new object addresses
[227.231s][info][gc,phases      ] GC(142) Phase 2: Compute new object addresses 41.083ms
[227.236s][info][gc,phases,start] GC(142) Phase 3: Adjust pointers
[227.272s][info][gc,phases      ] GC(142) Phase 3: Adjust pointers 35.547ms
[227.272s][info][gc,phases,start] GC(142) Phase 4: Move objects
[227.281s][info][gc,phases      ] GC(142) Phase 4: Move objects 9.128ms
[227.282s][info][gc,heap        ] GC(142) DefNew: 314559K(314560K)->243940K(314560K) Eden: 279616K(279616K)->243940K(279616K) From: 34943K(34944K)->0K(34944K)
[227.282s][info][gc,heap        ] GC(142) Tenured: 699071K(699072K)->699071K(699072K)
[227.282s][info][gc,metaspace   ] GC(142) Metaspace: 113559K(124416K)->113559K(124416K) NonClass: 97231K(103872K)->97231K(103872K) Class: 16328K(20544K)->16328K(20544K)
[227.282s][info][gc             ] GC(142) Pause Full (Allocation Failure) 989M->920M(989M) 130.629ms
[227.282s][info][gc,cpu         ] GC(142) User=0.13s Sys=0.00s Real=0.13s
[229.797s][info][gc,start       ] GC(143) Pause Full (Allocation Failure)
[229.797s][info][gc,phases,start] GC(143) Phase 1: Mark live objects
[229.847s][info][gc,phases      ] GC(143) Phase 1: Mark live objects 49.073ms
[229.847s][info][gc,phases,start] GC(143) Phase 2: Compute new object addresses
[229.881s][info][gc,phases      ] GC(143) Phase 2: Compute new object addresses 34.087ms
[229.881s][info][gc,phases,start] GC(143) Phase 3: Adjust pointers
[229.907s][info][gc,phases      ] GC(143) Phase 3: Adjust pointers 26.433ms
[229.907s][info][gc,phases,start] GC(143) Phase 4: Move objects
[229.910s][info][gc,phases      ] GC(143) Phase 4: Move objects 2.848ms
[229.911s][info][gc,heap        ] GC(143) DefNew: 311751K(314560K)->248515K(314560K) Eden: 279616K(279616K)->248515K(279616K) From: 32135K(34944K)->0K(34944K)
[229.911s][info][gc,heap        ] GC(143) Tenured: 699071K(699072K)->699071K(699072K)
[229.911s][info][gc,metaspace   ] GC(143) Metaspace: 113559K(124416K)->113559K(124416K) NonClass: 97231K(103872K)->97231K(103872K) Class: 16328K(20544K)->16328K(20544K)
[229.911s][info][gc             ] GC(143) Pause Full (Allocation Failure) 987M->925M(989M) 113.619ms
[229.911s][info][gc,cpu         ] GC(143) User=0.11s Sys=0.00s Real=0.11s
[231.441s][info][gc,start       ] GC(144) Pause Full (Allocation Failure)
[231.441s][info][gc,phases,start] GC(144) Phase 1: Mark live objects
[231.488s][info][gc,phases      ] GC(144) Phase 1: Mark live objects 47.646ms
[231.488s][info][gc,phases,start] GC(144) Phase 2: Compute new object addresses
[231.514s][info][gc,phases      ] GC(144) Phase 2: Compute new object addresses 25.462ms
[231.514s][info][gc,phases,start] GC(144) Phase 3: Adjust pointers
[231.538s][info][gc,phases      ] GC(144) Phase 3: Adjust pointers 23.610ms
[231.538s][info][gc,phases,start] GC(144) Phase 4: Move objects
[231.697s][info][gc,phases      ] GC(144) Phase 4: Move objects 159.587ms
[231.698s][info][gc,heap        ] GC(144) DefNew: 314560K(314560K)->232474K(314560K) Eden: 279616K(279616K)->232474K(279616K) From: 34944K(34944K)->0K(34944K)
[231.698s][info][gc,heap        ] GC(144) Tenured: 699071K(699072K)->696595K(699072K)
[231.698s][info][gc,metaspace   ] GC(144) Metaspace: 113562K(124416K)->113562K(124416K) NonClass: 97233K(103872K)->97233K(103872K) Class: 16328K(20544K)->16328K(20544K)
[231.698s][info][gc             ] GC(144) Pause Full (Allocation Failure) 989M->907M(989M) 257.345ms
[231.698s][info][gc,cpu         ] GC(144) User=0.27s Sys=0.00s Real=0.27s
[234.197s][info][gc,start       ] GC(145) Pause Full (Allocation Failure)
[234.198s][info][gc,phases,start] GC(145) Phase 1: Mark live objects
[234.236s][info][gc,phases      ] GC(145) Phase 1: Mark live objects 38.492ms
[234.236s][info][gc,phases,start] GC(145) Phase 2: Compute new object addresses
[234.271s][info][gc,phases      ] GC(145) Phase 2: Compute new object addresses 35.010ms
[234.271s][info][gc,phases,start] GC(145) Phase 3: Adjust pointers
[234.293s][info][gc,phases      ] GC(145) Phase 3: Adjust pointers 22.116ms
[234.293s][info][gc,phases,start] GC(145) Phase 4: Move objects
[234.296s][info][gc,phases      ] GC(145) Phase 4: Move objects 2.672ms
[234.296s][info][gc,heap        ] GC(145) DefNew: 314560K(314560K)->236467K(314560K) Eden: 279616K(279616K)->236467K(279616K) From: 34944K(34944K)->0K(34944K)
[234.296s][info][gc,heap        ] GC(145) Tenured: 699071K(699072K)->699071K(699072K)
[234.296s][info][gc,metaspace   ] GC(145) Metaspace: 113562K(124416K)->113562K(124416K) NonClass: 97233K(103872K)->97233K(103872K) Class: 16328K(20544K)->16328K(20544K)
[234.297s][info][gc             ] GC(145) Pause Full (Allocation Failure) 989M->913M(989M) 99.134ms
[234.297s][info][gc,cpu         ] GC(145) User=0.11s Sys=0.00s Real=0.10s
[237.025s][info][gc,start       ] GC(146) Pause Full (Allocation Failure)
[237.025s][info][gc,phases,start] GC(146) Phase 1: Mark live objects
[237.065s][info][gc,phases      ] GC(146) Phase 1: Mark live objects 39.927ms
[237.065s][info][gc,phases,start] GC(146) Phase 2: Compute new object addresses
[237.098s][info][gc,phases      ] GC(146) Phase 2: Compute new object addresses 32.490ms
[237.098s][info][gc,phases,start] GC(146) Phase 3: Adjust pointers
[237.121s][info][gc,phases      ] GC(146) Phase 3: Adjust pointers 23.221ms
[237.121s][info][gc,phases,start] GC(146) Phase 4: Move objects
[237.129s][info][gc,phases      ] GC(146) Phase 4: Move objects 7.783ms
[237.129s][info][gc,heap        ] GC(146) DefNew: 314559K(314560K)->247526K(314560K) Eden: 279616K(279616K)->247526K(279616K) From: 34943K(34944K)->0K(34944K)
[237.129s][info][gc,heap        ] GC(146) Tenured: 699072K(699072K)->699072K(699072K)
[237.129s][info][gc,metaspace   ] GC(146) Metaspace: 113563K(124416K)->113563K(124416K) NonClass: 97234K(103872K)->97234K(103872K) Class: 16328K(20544K)->16328K(20544K)
[237.129s][info][gc             ] GC(146) Pause Full (Allocation Failure) 989M->924M(989M) 104.345ms
[237.130s][info][gc,cpu         ] GC(146) User=0.09s Sys=0.00s Real=0.09s
[239.594s][info][gc,start       ] GC(147) Pause Full (Allocation Failure)
[239.594s][info][gc,phases,start] GC(147) Phase 1: Mark live objects
[239.644s][info][gc,phases      ] GC(147) Phase 1: Mark live objects 49.857ms
[239.644s][info][gc,phases,start] GC(147) Phase 2: Compute new object addresses
[239.677s][info][gc,phases      ] GC(147) Phase 2: Compute new object addresses 33.036ms
[239.677s][info][gc,phases,start] GC(147) Phase 3: Adjust pointers
[239.704s][info][gc,phases      ] GC(147) Phase 3: Adjust pointers 26.954ms
[239.704s][info][gc,phases,start] GC(147) Phase 4: Move objects
[239.712s][info][gc,phases      ] GC(147) Phase 4: Move objects 7.679ms
[239.712s][info][gc,heap        ] GC(147) DefNew: 314559K(314560K)->253830K(314560K) Eden: 279616K(279616K)->253830K(279616K) From: 34943K(34944K)->0K(34944K)
[239.712s][info][gc,heap        ] GC(147) Tenured: 699072K(699072K)->699072K(699072K)
[239.713s][info][gc,metaspace   ] GC(147) Metaspace: 113563K(124416K)->113563K(124416K) NonClass: 97234K(103872K)->97234K(103872K) Class: 16328K(20544K)->16328K(20544K)
[239.713s][info][gc             ] GC(147) Pause Full (Allocation Failure) 989M->930M(989M) 118.702ms
[239.713s][info][gc,cpu         ] GC(147) User=0.11s Sys=0.00s Real=0.12s
[242.707s][info][gc,start       ] GC(148) Pause Full (Allocation Failure)
[242.707s][info][gc,phases,start] GC(148) Phase 1: Mark live objects
[242.753s][info][gc,phases      ] GC(148) Phase 1: Mark live objects 46.487ms
[242.753s][info][gc,phases,start] GC(148) Phase 2: Compute new object addresses
[242.785s][info][gc,phases      ] GC(148) Phase 2: Compute new object addresses 32.050ms
[242.786s][info][gc,phases,start] GC(148) Phase 3: Adjust pointers
[242.810s][info][gc,phases      ] GC(148) Phase 3: Adjust pointers 23.978ms
[242.810s][info][gc,phases,start] GC(148) Phase 4: Move objects
[242.966s][info][gc,phases      ] GC(148) Phase 4: Move objects 156.447ms
[242.967s][info][gc,heap        ] GC(148) DefNew: 314559K(314560K)->235012K(314560K) Eden: 279616K(279616K)->235012K(279616K) From: 34943K(34944K)->0K(34944K)
[242.967s][info][gc,heap        ] GC(148) Tenured: 699072K(699072K)->696431K(699072K)
[242.967s][info][gc,metaspace   ] GC(148) Metaspace: 113563K(124416K)->113563K(124416K) NonClass: 97234K(103872K)->97234K(103872K) Class: 16328K(20544K)->16328K(20544K)
[242.967s][info][gc             ] GC(148) Pause Full (Allocation Failure) 989M->909M(989M) 259.931ms
[242.967s][info][gc,cpu         ] GC(148) User=0.25s Sys=0.00s Real=0.25s
[246.111s][info][gc,start       ] GC(149) Pause Full (Allocation Failure)
[246.111s][info][gc,phases,start] GC(149) Phase 1: Mark live objects
[246.150s][info][gc,phases      ] GC(149) Phase 1: Mark live objects 38.760ms
[246.150s][info][gc,phases,start] GC(149) Phase 2: Compute new object addresses
[246.188s][info][gc,phases      ] GC(149) Phase 2: Compute new object addresses 37.686ms
[246.188s][info][gc,phases,start] GC(149) Phase 3: Adjust pointers
[246.210s][info][gc,phases      ] GC(149) Phase 3: Adjust pointers 22.154ms
[246.210s][info][gc,phases,start] GC(149) Phase 4: Move objects
[246.218s][info][gc,phases      ] GC(149) Phase 4: Move objects 7.765ms
[246.218s][info][gc,heap        ] GC(149) DefNew: 314560K(314560K)->235159K(314560K) Eden: 279616K(279616K)->235159K(279616K) From: 34944K(34944K)->0K(34944K)
[246.218s][info][gc,heap        ] GC(149) Tenured: 699071K(699072K)->699071K(699072K)
[246.218s][info][gc,metaspace   ] GC(149) Metaspace: 113563K(124416K)->113563K(124416K) NonClass: 97235K(103872K)->97235K(103872K) Class: 16328K(20544K)->16328K(20544K)
[246.218s][info][gc             ] GC(149) Pause Full (Allocation Failure) 989M->912M(989M) 107.211ms
[246.218s][info][gc,cpu         ] GC(149) User=0.09s Sys=0.00s Real=0.09s
[249.247s][info][gc,start       ] GC(150) Pause Full (Allocation Failure)
[249.248s][info][gc,phases,start] GC(150) Phase 1: Mark live objects
[249.286s][info][gc,phases      ] GC(150) Phase 1: Mark live objects 38.665ms
[249.286s][info][gc,phases,start] GC(150) Phase 2: Compute new object addresses
[249.323s][info][gc,phases      ] GC(150) Phase 2: Compute new object addresses 36.454ms
[249.323s][info][gc,phases,start] GC(150) Phase 3: Adjust pointers
[249.345s][info][gc,phases      ] GC(150) Phase 3: Adjust pointers 22.019ms
[249.345s][info][gc,phases,start] GC(150) Phase 4: Move objects
[249.349s][info][gc,phases      ] GC(150) Phase 4: Move objects 3.608ms
[249.349s][info][gc,heap        ] GC(150) DefNew: 313551K(314560K)->235969K(314560K) Eden: 279616K(279616K)->235969K(279616K) From: 33935K(34944K)->0K(34944K)
[249.349s][info][gc,heap        ] GC(150) Tenured: 699071K(699072K)->699071K(699072K)
[249.349s][info][gc,metaspace   ] GC(150) Metaspace: 113563K(124416K)->113563K(124416K) NonClass: 97235K(103872K)->97235K(103872K) Class: 16328K(20544K)->16328K(20544K)
[249.349s][info][gc             ] GC(150) Pause Full (Allocation Failure) 988M->913M(989M) 101.689ms
[249.349s][info][gc,cpu         ] GC(150) User=0.09s Sys=0.00s Real=0.09s
[250.902s][info][gc,start       ] GC(151) Pause Full (Allocation Failure)
[250.902s][info][gc,phases,start] GC(151) Phase 1: Mark live objects
[250.952s][info][gc,phases      ] GC(151) Phase 1: Mark live objects 49.714ms
[250.952s][info][gc,phases,start] GC(151) Phase 2: Compute new object addresses
[250.982s][info][gc,phases      ] GC(151) Phase 2: Compute new object addresses 29.973ms
[250.982s][info][gc,phases,start] GC(151) Phase 3: Adjust pointers
[251.008s][info][gc,phases      ] GC(151) Phase 3: Adjust pointers 26.374ms
[251.009s][info][gc,phases,start] GC(151) Phase 4: Move objects
[251.015s][info][gc,phases      ] GC(151) Phase 4: Move objects 6.287ms
[251.016s][info][gc,heap        ] GC(151) DefNew: 314559K(314560K)->250976K(314560K) Eden: 279616K(279616K)->250976K(279616K) From: 34943K(34944K)->0K(34944K)
[251.016s][info][gc,heap        ] GC(151) Tenured: 699071K(699072K)->699071K(699072K)
[251.016s][info][gc,metaspace   ] GC(151) Metaspace: 113563K(124416K)->113563K(124416K) NonClass: 97235K(103872K)->97235K(103872K) Class: 16328K(20544K)->16328K(20544K)
[251.016s][info][gc             ] GC(151) Pause Full (Allocation Failure) 989M->927M(989M) 113.545ms
[251.016s][info][gc,cpu         ] GC(151) User=0.11s Sys=0.00s Real=0.11s
[252.545s][info][gc,start       ] GC(152) Pause Full (Allocation Failure)
[252.545s][info][gc,phases,start] GC(152) Phase 1: Mark live objects
[252.591s][info][gc,phases      ] GC(152) Phase 1: Mark live objects 45.892ms
[252.591s][info][gc,phases,start] GC(152) Phase 2: Compute new object addresses
[252.616s][info][gc,phases      ] GC(152) Phase 2: Compute new object addresses 25.379ms
[252.616s][info][gc,phases,start] GC(152) Phase 3: Adjust pointers
[252.638s][info][gc,phases      ] GC(152) Phase 3: Adjust pointers 22.049ms
[252.638s][info][gc,phases,start] GC(152) Phase 4: Move objects
[252.795s][info][gc,phases      ] GC(152) Phase 4: Move objects 156.146ms
[252.795s][info][gc,heap        ] GC(152) DefNew: 314559K(314560K)->234720K(314560K) Eden: 279616K(279616K)->234720K(279616K) From: 34943K(34944K)->0K(34944K)
[252.795s][info][gc,heap        ] GC(152) Tenured: 699071K(699072K)->692984K(699072K)
[252.795s][info][gc,metaspace   ] GC(152) Metaspace: 113563K(124416K)->113563K(124416K) NonClass: 97235K(103872K)->97235K(103872K) Class: 16328K(20544K)->16328K(20544K)
[252.795s][info][gc             ] GC(152) Pause Full (Allocation Failure) 989M->905M(989M) 250.513ms
[252.795s][info][gc,cpu         ] GC(152) User=0.25s Sys=0.02s Real=0.27s
[255.409s][info][gc,start       ] GC(153) Pause Full (Allocation Failure)
[255.410s][info][gc,phases,start] GC(153) Phase 1: Mark live objects
[255.453s][info][gc,phases      ] GC(153) Phase 1: Mark live objects 43.879ms
[255.454s][info][gc,phases,start] GC(153) Phase 2: Compute new object addresses
[255.495s][info][gc,phases      ] GC(153) Phase 2: Compute new object addresses 41.614ms
[255.495s][info][gc,phases,start] GC(153) Phase 3: Adjust pointers
[255.527s][info][gc,phases      ] GC(153) Phase 3: Adjust pointers 32.095ms
[255.527s][info][gc,phases,start] GC(153) Phase 4: Move objects
[255.533s][info][gc,phases      ] GC(153) Phase 4: Move objects 5.225ms
[255.533s][info][gc,heap        ] GC(153) DefNew: 314560K(314560K)->238920K(314560K) Eden: 279616K(279616K)->238920K(279616K) From: 34944K(34944K)->0K(34944K)
[255.533s][info][gc,heap        ] GC(153) Tenured: 697307K(699072K)->697307K(699072K)
[255.533s][info][gc,metaspace   ] GC(153) Metaspace: 113563K(124416K)->113563K(124416K) NonClass: 97235K(103872K)->97235K(103872K) Class: 16328K(20544K)->16328K(20544K)
[255.533s][info][gc             ] GC(153) Pause Full (Allocation Failure) 988M->914M(989M) 123.773ms
[255.533s][info][gc,cpu         ] GC(153) User=0.13s Sys=0.00s Real=0.13s
[258.435s][info][gc,start       ] GC(154) Pause Full (Allocation Failure)
[258.435s][info][gc,phases,start] GC(154) Phase 1: Mark live objects
[258.484s][info][gc,phases      ] GC(154) Phase 1: Mark live objects 49.156ms
[258.484s][info][gc,phases,start] GC(154) Phase 2: Compute new object addresses
[258.521s][info][gc,phases      ] GC(154) Phase 2: Compute new object addresses 36.531ms
[258.521s][info][gc,phases,start] GC(154) Phase 3: Adjust pointers
[258.548s][info][gc,phases      ] GC(154) Phase 3: Adjust pointers 27.442ms
[258.549s][info][gc,phases,start] GC(154) Phase 4: Move objects
[258.557s][info][gc,phases      ] GC(154) Phase 4: Move objects 8.788ms
[258.558s][info][gc,heap        ] GC(154) DefNew: 314560K(314560K)->243911K(314560K) Eden: 279616K(279616K)->243911K(279616K) From: 34944K(34944K)->0K(34944K)
[258.558s][info][gc,heap        ] GC(154) Tenured: 699072K(699072K)->699072K(699072K)
[258.558s][info][gc,metaspace   ] GC(154) Metaspace: 113563K(124416K)->113563K(124416K) NonClass: 97235K(103872K)->97235K(103872K) Class: 16328K(20544K)->16328K(20544K)
[258.558s][info][gc             ] GC(154) Pause Full (Allocation Failure) 989M->920M(989M) 123.087ms
[258.558s][info][gc,cpu         ] GC(154) User=0.13s Sys=0.00s Real=0.13s
[259.726s][info][gc,start       ] GC(155) Pause Full (Allocation Failure)
[259.726s][info][gc,phases,start] GC(155) Phase 1: Mark live objects
[259.773s][info][gc,phases      ] GC(155) Phase 1: Mark live objects 46.597ms
[259.773s][info][gc,phases,start] GC(155) Phase 2: Compute new object addresses
[259.798s][info][gc,phases      ] GC(155) Phase 2: Compute new object addresses 24.858ms
[259.798s][info][gc,phases,start] GC(155) Phase 3: Adjust pointers
[259.819s][info][gc,phases      ] GC(155) Phase 3: Adjust pointers 21.691ms
[259.819s][info][gc,phases,start] GC(155) Phase 4: Move objects
[259.829s][info][gc,phases      ] GC(155) Phase 4: Move objects 9.506ms
[259.830s][info][gc,heap        ] GC(155) DefNew: 314559K(314560K)->257780K(314560K) Eden: 279616K(279616K)->257780K(279616K) From: 34943K(34944K)->0K(34944K)
[259.830s][info][gc,heap        ] GC(155) Tenured: 699072K(699072K)->693003K(699072K)
[259.830s][info][gc,metaspace   ] GC(155) Metaspace: 113563K(124416K)->113563K(124416K) NonClass: 97235K(103872K)->97235K(103872K) Class: 16328K(20544K)->16328K(20544K)
[259.830s][info][gc             ] GC(155) Pause Full (Allocation Failure) 989M->928M(989M) 103.551ms
[259.830s][info][gc,cpu         ] GC(155) User=0.11s Sys=0.00s Real=0.11s
[261.554s][info][gc,start       ] GC(156) Pause Full (Allocation Failure)
[261.554s][info][gc,phases,start] GC(156) Phase 1: Mark live objects
[261.593s][info][gc,phases      ] GC(156) Phase 1: Mark live objects 38.858ms
[261.593s][info][gc,phases,start] GC(156) Phase 2: Compute new object addresses
[261.616s][info][gc,phases      ] GC(156) Phase 2: Compute new object addresses 22.794ms
[261.616s][info][gc,phases,start] GC(156) Phase 3: Adjust pointers
[261.638s][info][gc,phases      ] GC(156) Phase 3: Adjust pointers 22.486ms
[261.638s][info][gc,phases,start] GC(156) Phase 4: Move objects
[261.793s][info][gc,phases      ] GC(156) Phase 4: Move objects 154.317ms
[261.793s][info][gc,heap        ] GC(156) DefNew: 311587K(314560K)->216942K(314560K) Eden: 279616K(279616K)->216942K(279616K) From: 31971K(34944K)->0K(34944K)
[261.793s][info][gc,heap        ] GC(156) Tenured: 697081K(699072K)->696439K(699072K)
[261.793s][info][gc,metaspace   ] GC(156) Metaspace: 113567K(124416K)->113567K(124416K) NonClass: 97238K(103872K)->97238K(103872K) Class: 16328K(20544K)->16328K(20544K)
[261.793s][info][gc             ] GC(156) Pause Full (Allocation Failure) 985M->891M(989M) 239.534ms
[261.793s][info][gc,cpu         ] GC(156) User=0.23s Sys=0.00s Real=0.23s
[264.001s][info][gc,start       ] GC(157) Pause Full (Allocation Failure)
[264.001s][info][gc,phases,start] GC(157) Phase 1: Mark live objects
[264.040s][info][gc,phases      ] GC(157) Phase 1: Mark live objects 38.719ms
[264.040s][info][gc,phases,start] GC(157) Phase 2: Compute new object addresses
[264.074s][info][gc,phases      ] GC(157) Phase 2: Compute new object addresses 34.758ms
[264.074s][info][gc,phases,start] GC(157) Phase 3: Adjust pointers
[264.097s][info][gc,phases      ] GC(157) Phase 3: Adjust pointers 22.106ms
[264.097s][info][gc,phases,start] GC(157) Phase 4: Move objects
[264.109s][info][gc,phases      ] GC(157) Phase 4: Move objects 12.745ms
[264.110s][info][gc,heap        ] GC(157) DefNew: 314559K(314560K)->230323K(314560K) Eden: 279616K(279616K)->230323K(279616K) From: 34943K(34944K)->0K(34944K)
[264.110s][info][gc,heap        ] GC(157) Tenured: 699071K(699072K)->699071K(699072K)
[264.110s][info][gc,metaspace   ] GC(157) Metaspace: 113567K(124480K)->113567K(124480K) NonClass: 97239K(103936K)->97239K(103936K) Class: 16328K(20544K)->16328K(20544K)
[264.110s][info][gc             ] GC(157) Pause Full (Allocation Failure) 989M->907M(989M) 109.228ms
[264.110s][info][gc,cpu         ] GC(157) User=0.09s Sys=0.00s Real=0.09s
[265.461s][info][gc,start       ] GC(158) Pause Full (Allocation Failure)
[265.461s][info][gc,phases,start] GC(158) Phase 1: Mark live objects
[265.510s][info][gc,phases      ] GC(158) Phase 1: Mark live objects 49.200ms
[265.510s][info][gc,phases,start] GC(158) Phase 2: Compute new object addresses
[265.541s][info][gc,phases      ] GC(158) Phase 2: Compute new object addresses 30.608ms
[265.541s][info][gc,phases,start] GC(158) Phase 3: Adjust pointers
[265.567s][info][gc,phases      ] GC(158) Phase 3: Adjust pointers 25.959ms
[265.567s][info][gc,phases,start] GC(158) Phase 4: Move objects
[265.624s][info][gc,phases      ] GC(158) Phase 4: Move objects 57.123ms
[265.625s][info][gc,heap        ] GC(158) DefNew: 312494K(314560K)->238081K(314560K) Eden: 279616K(279616K)->238081K(279616K) From: 32878K(34944K)->0K(34944K)
[265.625s][info][gc,heap        ] GC(158) Tenured: 699071K(699072K)->696440K(699072K)
[265.625s][info][gc,metaspace   ] GC(158) Metaspace: 113568K(124480K)->113568K(124480K) NonClass: 97240K(103936K)->97240K(103936K) Class: 16328K(20544K)->16328K(20544K)
[265.625s][info][gc             ] GC(158) Pause Full (Allocation Failure) 987M->912M(989M) 164.339ms
[265.625s][info][gc,cpu         ] GC(158) User=0.16s Sys=0.00s Real=0.16s
[267.862s][info][gc,start       ] GC(159) Pause Full (Allocation Failure)
[267.862s][info][gc,phases,start] GC(159) Phase 1: Mark live objects
[267.909s][info][gc,phases      ] GC(159) Phase 1: Mark live objects 47.409ms
[267.909s][info][gc,phases,start] GC(159) Phase 2: Compute new object addresses
[267.940s][info][gc,phases      ] GC(159) Phase 2: Compute new object addresses 31.047ms
[267.940s][info][gc,phases,start] GC(159) Phase 3: Adjust pointers
[267.963s][info][gc,phases      ] GC(159) Phase 3: Adjust pointers 22.693ms
[267.963s][info][gc,phases,start] GC(159) Phase 4: Move objects
[268.020s][info][gc,phases      ] GC(159) Phase 4: Move objects 57.012ms
[268.021s][info][gc,heap        ] GC(159) DefNew: 314560K(314560K)->234074K(314560K) Eden: 279616K(279616K)->234074K(279616K) From: 34944K(34944K)->0K(34944K)
[268.021s][info][gc,heap        ] GC(159) Tenured: 699071K(699072K)->696940K(699072K)
[268.021s][info][gc,metaspace   ] GC(159) Metaspace: 113570K(124480K)->113570K(124480K) NonClass: 97241K(103936K)->97241K(103936K) Class: 16328K(20544K)->16328K(20544K)
[268.021s][info][gc             ] GC(159) Pause Full (Allocation Failure) 989M->909M(989M) 159.204ms
[268.021s][info][gc,cpu         ] GC(159) User=0.16s Sys=0.00s Real=0.16s
[269.361s][info][gc,start       ] GC(160) Pause Full (Allocation Failure)
[269.361s][info][gc,phases,start] GC(160) Phase 1: Mark live objects
[269.400s][info][gc,phases      ] GC(160) Phase 1: Mark live objects 38.604ms
[269.400s][info][gc,phases,start] GC(160) Phase 2: Compute new object addresses
[269.428s][info][gc,phases      ] GC(160) Phase 2: Compute new object addresses 27.894ms
[269.428s][info][gc,phases,start] GC(160) Phase 3: Adjust pointers
[269.450s][info][gc,phases      ] GC(160) Phase 3: Adjust pointers 22.328ms
[269.450s][info][gc,phases,start] GC(160) Phase 4: Move objects
[269.600s][info][gc,phases      ] GC(160) Phase 4: Move objects 149.732ms
[269.601s][info][gc,heap        ] GC(160) DefNew: 314559K(314560K)->197480K(314560K) Eden: 279616K(279616K)->197480K(279616K) From: 34943K(34944K)->0K(34944K)
[269.601s][info][gc,heap        ] GC(160) Tenured: 699072K(699072K)->698176K(699072K)
[269.601s][info][gc,metaspace   ] GC(160) Metaspace: 113571K(124480K)->113571K(124480K) NonClass: 97243K(103936K)->97243K(103936K) Class: 16328K(20544K)->16328K(20544K)
[269.601s][info][gc             ] GC(160) Pause Full (Allocation Failure) 989M->874M(989M) 239.594ms
[269.601s][info][gc,cpu         ] GC(160) User=0.23s Sys=0.00s Real=0.23s
[271.659s][info][gc,start       ] GC(161) Pause Full (Allocation Failure)
[271.660s][info][gc,phases,start] GC(161) Phase 1: Mark live objects
[271.698s][info][gc,phases      ] GC(161) Phase 1: Mark live objects 38.652ms
[271.698s][info][gc,phases,start] GC(161) Phase 2: Compute new object addresses
[271.737s][info][gc,phases      ] GC(161) Phase 2: Compute new object addresses 38.298ms
[271.737s][info][gc,phases,start] GC(161) Phase 3: Adjust pointers
[271.758s][info][gc,phases      ] GC(161) Phase 3: Adjust pointers 21.836ms
[271.759s][info][gc,phases,start] GC(161) Phase 4: Move objects
[271.775s][info][gc,phases      ] GC(161) Phase 4: Move objects 16.019ms
[271.775s][info][gc,heap        ] GC(161) DefNew: 314560K(314560K)->211725K(314560K) Eden: 279616K(279616K)->211725K(279616K) From: 34944K(34944K)->0K(34944K)
[271.775s][info][gc,heap        ] GC(161) Tenured: 699071K(699072K)->699071K(699072K)
[271.775s][info][gc,metaspace   ] GC(161) Metaspace: 113571K(124480K)->113571K(124480K) NonClass: 97243K(103936K)->97243K(103936K) Class: 16328K(20544K)->16328K(20544K)
[271.775s][info][gc             ] GC(161) Pause Full (Allocation Failure) 989M->889M(989M) 115.761ms
[271.775s][info][gc,cpu         ] GC(161) User=0.11s Sys=0.00s Real=0.11s
[271.800s][info][gc,start       ] GC(162) Pause Full (Allocation Failure)
[271.800s][info][gc,phases,start] GC(162) Phase 1: Mark live objects
[271.837s][info][gc,phases      ] GC(162) Phase 1: Mark live objects 37.085ms
[271.837s][info][gc,phases,start] GC(162) Phase 2: Compute new object addresses
[271.862s][info][gc,phases      ] GC(162) Phase 2: Compute new object addresses 24.589ms
[271.862s][info][gc,phases,start] GC(162) Phase 3: Adjust pointers
[271.883s][info][gc,phases      ] GC(162) Phase 3: Adjust pointers 20.438ms
[271.883s][info][gc,phases,start] GC(162) Phase 4: Move objects
[271.936s][info][gc,phases      ] GC(162) Phase 4: Move objects 53.351ms
[271.937s][info][gc,heap        ] GC(162) DefNew: 313906K(314560K)->208144K(314560K) Eden: 279616K(279616K)->208144K(279616K) From: 34290K(34944K)->0K(34944K)
[271.937s][info][gc,heap        ] GC(162) Tenured: 699071K(699072K)->698176K(699072K)
[271.937s][info][gc,metaspace   ] GC(162) Metaspace: 113575K(124480K)->113575K(124480K) NonClass: 97247K(103936K)->97247K(103936K) Class: 16328K(20544K)->16328K(20544K)
[271.937s][info][gc             ] GC(162) Pause Full (Allocation Failure) 989M->885M(989M) 136.526ms
[271.937s][info][gc,cpu         ] GC(162) User=0.14s Sys=0.00s Real=0.14s
[273.596s][info][gc,start       ] GC(163) Pause Full (Allocation Failure)
[273.596s][info][gc,phases,start] GC(163) Phase 1: Mark live objects
[273.640s][info][gc,phases      ] GC(163) Phase 1: Mark live objects 43.559ms
[273.640s][info][gc,phases,start] GC(163) Phase 2: Compute new object addresses
[273.676s][info][gc,phases      ] GC(163) Phase 2: Compute new object addresses 36.318ms
[273.676s][info][gc,phases,start] GC(163) Phase 3: Adjust pointers
[273.698s][info][gc,phases      ] GC(163) Phase 3: Adjust pointers 22.172ms
[273.698s][info][gc,phases,start] GC(163) Phase 4: Move objects
[273.750s][info][gc,phases      ] GC(163) Phase 4: Move objects 51.884ms
[273.751s][info][gc,heap        ] GC(163) DefNew: 311006K(314560K)->209855K(314560K) Eden: 279616K(279616K)->209855K(279616K) From: 31390K(34944K)->0K(34944K)
[273.751s][info][gc,heap        ] GC(163) Tenured: 698176K(699072K)->698178K(699072K)
[273.751s][info][gc,metaspace   ] GC(163) Metaspace: 113575K(124480K)->113575K(124480K) NonClass: 97247K(103936K)->97247K(103936K) Class: 16328K(20544K)->16328K(20544K)
[273.751s][info][gc             ] GC(163) Pause Full (Allocation Failure) 985M->886M(989M) 155.013ms
[273.751s][info][gc,cpu         ] GC(163) User=0.16s Sys=0.00s Real=0.16s
[275.560s][info][gc,start       ] GC(164) Pause Full (Allocation Failure)
[275.561s][info][gc,phases,start] GC(164) Phase 1: Mark live objects
[275.599s][info][gc,phases      ] GC(164) Phase 1: Mark live objects 38.781ms
[275.599s][info][gc,phases,start] GC(164) Phase 2: Compute new object addresses
[275.634s][info][gc,phases      ] GC(164) Phase 2: Compute new object addresses 34.242ms
[275.634s][info][gc,phases,start] GC(164) Phase 3: Adjust pointers
[275.655s][info][gc,phases      ] GC(164) Phase 3: Adjust pointers 21.755ms
[275.655s][info][gc,phases,start] GC(164) Phase 4: Move objects
[275.764s][info][gc,phases      ] GC(164) Phase 4: Move objects 108.191ms
[275.764s][info][gc,heap        ] GC(164) DefNew: 314559K(314560K)->175457K(314560K) Eden: 279616K(279616K)->175457K(279616K) From: 34943K(34944K)->0K(34944K)
[275.764s][info][gc,heap        ] GC(164) Tenured: 699072K(699072K)->699028K(699072K)
[275.764s][info][gc,metaspace   ] GC(164) Metaspace: 113575K(124480K)->113575K(124480K) NonClass: 97247K(103936K)->97247K(103936K) Class: 16328K(20544K)->16328K(20544K)
[275.764s][info][gc             ] GC(164) Pause Full (Allocation Failure) 989M->853M(989M) 204.035ms
[275.765s][info][gc,cpu         ] GC(164) User=0.20s Sys=0.00s Real=0.20s
[278.433s][info][gc,start       ] GC(165) Pause Full (Allocation Failure)
[278.434s][info][gc,phases,start] GC(165) Phase 1: Mark live objects
[278.473s][info][gc,phases      ] GC(165) Phase 1: Mark live objects 39.038ms
[278.473s][info][gc,phases,start] GC(165) Phase 2: Compute new object addresses
[278.520s][info][gc,phases      ] GC(165) Phase 2: Compute new object addresses 47.560ms
[278.520s][info][gc,phases,start] GC(165) Phase 3: Adjust pointers
[278.543s][info][gc,phases      ] GC(165) Phase 3: Adjust pointers 22.229ms
[278.543s][info][gc,phases,start] GC(165) Phase 4: Move objects
[278.572s][info][gc,phases      ] GC(165) Phase 4: Move objects 29.234ms
[278.573s][info][gc,heap        ] GC(165) DefNew: 314559K(314560K)->183325K(314560K) Eden: 279616K(279616K)->183325K(279616K) From: 34943K(34944K)->0K(34944K)
[278.573s][info][gc,heap        ] GC(165) Tenured: 699072K(699072K)->699072K(699072K)
[278.573s][info][gc,metaspace   ] GC(165) Metaspace: 113576K(124480K)->113576K(124480K) NonClass: 97247K(103936K)->97247K(103936K) Class: 16328K(20544K)->16328K(20544K)
[278.573s][info][gc             ] GC(165) Pause Full (Allocation Failure) 989M->861M(989M) 139.098ms
[278.573s][info][gc,cpu         ] GC(165) User=0.14s Sys=0.00s Real=0.14s
[280.450s][info][gc,start       ] GC(166) Pause Full (Allocation Failure)
[280.450s][info][gc,phases,start] GC(166) Phase 1: Mark live objects
[280.499s][info][gc,phases      ] GC(166) Phase 1: Mark live objects 49.073ms
[280.499s][info][gc,phases,start] GC(166) Phase 2: Compute new object addresses
[280.543s][info][gc,phases      ] GC(166) Phase 2: Compute new object addresses 43.621ms
[280.543s][info][gc,phases,start] GC(166) Phase 3: Adjust pointers
[280.570s][info][gc,phases      ] GC(166) Phase 3: Adjust pointers 26.487ms
[280.570s][info][gc,phases,start] GC(166) Phase 4: Move objects
[280.605s][info][gc,phases      ] GC(166) Phase 4: Move objects 35.634ms
[280.606s][info][gc,heap        ] GC(166) DefNew: 314560K(314560K)->198563K(314560K) Eden: 279616K(279616K)->198563K(279616K) From: 34944K(34944K)->0K(34944K)
[280.606s][info][gc,heap        ] GC(166) Tenured: 699072K(699072K)->699072K(699072K)
[280.607s][info][gc,metaspace   ] GC(166) Metaspace: 113576K(124480K)->113576K(124480K) NonClass: 97247K(103936K)->97247K(103936K) Class: 16328K(20544K)->16328K(20544K)
[280.607s][info][gc             ] GC(166) Pause Full (Allocation Failure) 989M->876M(989M) 156.313ms
[280.607s][info][gc,cpu         ] GC(166) User=0.16s Sys=0.00s Real=0.16s
[282.931s][info][gc,start       ] GC(167) Pause Full (Allocation Failure)
[282.931s][info][gc,phases,start] GC(167) Phase 1: Mark live objects
[282.978s][info][gc,phases      ] GC(167) Phase 1: Mark live objects 46.751ms
[282.978s][info][gc,phases,start] GC(167) Phase 2: Compute new object addresses
[283.021s][info][gc,phases      ] GC(167) Phase 2: Compute new object addresses 42.677ms
[283.021s][info][gc,phases,start] GC(167) Phase 3: Adjust pointers
[283.043s][info][gc,phases      ] GC(167) Phase 3: Adjust pointers 22.094ms
[283.043s][info][gc,phases,start] GC(167) Phase 4: Move objects
[283.053s][info][gc,phases      ] GC(167) Phase 4: Move objects 10.745ms
[283.054s][info][gc,heap        ] GC(167) DefNew: 314559K(314560K)->204076K(314560K) Eden: 279616K(279616K)->204076K(279616K) From: 34943K(34944K)->0K(34944K)
[283.054s][info][gc,heap        ] GC(167) Tenured: 699072K(699072K)->699072K(699072K)
[283.054s][info][gc,metaspace   ] GC(167) Metaspace: 113576K(124480K)->113576K(124480K) NonClass: 97248K(103936K)->97248K(103936K) Class: 16328K(20544K)->16328K(20544K)
[283.054s][info][gc             ] GC(167) Pause Full (Allocation Failure) 989M->881M(989M) 123.289ms
[283.054s][info][gc,cpu         ] GC(167) User=0.14s Sys=0.00s Real=0.14s
[286.055s][info][gc,start       ] GC(168) Pause Full (Allocation Failure)
[286.055s][info][gc,phases,start] GC(168) Phase 1: Mark live objects
[286.094s][info][gc,phases      ] GC(168) Phase 1: Mark live objects 38.615ms
[286.094s][info][gc,phases,start] GC(168) Phase 2: Compute new object addresses
[286.138s][info][gc,phases      ] GC(168) Phase 2: Compute new object addresses 43.916ms
[286.138s][info][gc,phases,start] GC(168) Phase 3: Adjust pointers
[286.161s][info][gc,phases      ] GC(168) Phase 3: Adjust pointers 22.757ms
[286.161s][info][gc,phases,start] GC(168) Phase 4: Move objects
[286.307s][info][gc,phases      ] GC(168) Phase 4: Move objects 145.722ms
[286.307s][info][gc,heap        ] GC(168) DefNew: 314559K(314560K)->183017K(314560K) Eden: 279616K(279616K)->183017K(279616K) From: 34943K(34944K)->0K(34944K)
[286.307s][info][gc,heap        ] GC(168) Tenured: 699072K(699072K)->696483K(699072K)
[286.307s][info][gc,metaspace   ] GC(168) Metaspace: 113577K(124480K)->113577K(124480K) NonClass: 97248K(103936K)->97248K(103936K) Class: 16328K(20544K)->16328K(20544K)
[286.307s][info][gc             ] GC(168) Pause Full (Allocation Failure) 989M->858M(989M) 252.104ms
[286.307s][info][gc,cpu         ] GC(168) User=0.25s Sys=0.00s Real=0.25s
[288.456s][info][gc,start       ] GC(169) Pause Full (Allocation Failure)
[288.456s][info][gc,phases,start] GC(169) Phase 1: Mark live objects
[288.495s][info][gc,phases      ] GC(169) Phase 1: Mark live objects 38.665ms
[288.495s][info][gc,phases,start] GC(169) Phase 2: Compute new object addresses
[288.540s][info][gc,phases      ] GC(169) Phase 2: Compute new object addresses 45.345ms
[288.540s][info][gc,phases,start] GC(169) Phase 3: Adjust pointers
[288.562s][info][gc,phases      ] GC(169) Phase 3: Adjust pointers 22.051ms
[288.562s][info][gc,phases,start] GC(169) Phase 4: Move objects
[288.582s][info][gc,phases      ] GC(169) Phase 4: Move objects 19.486ms
[288.583s][info][gc,heap        ] GC(169) DefNew: 314560K(314560K)->191217K(314560K) Eden: 279616K(279616K)->191217K(279616K) From: 34944K(34944K)->0K(34944K)
[288.583s][info][gc,heap        ] GC(169) Tenured: 699071K(699072K)->699071K(699072K)
[288.583s][info][gc,metaspace   ] GC(169) Metaspace: 113578K(124480K)->113578K(124480K) NonClass: 97249K(103936K)->97249K(103936K) Class: 16328K(20544K)->16328K(20544K)
[288.583s][info][gc             ] GC(169) Pause Full (Allocation Failure) 989M->869M(989M) 126.613ms
[288.583s][info][gc,cpu         ] GC(169) User=0.13s Sys=0.00s Real=0.13s
[291.015s][info][gc,start       ] GC(170) Pause Full (Allocation Failure)
[291.015s][info][gc,phases,start] GC(170) Phase 1: Mark live objects
[291.053s][info][gc,phases      ] GC(170) Phase 1: Mark live objects 38.407ms
[291.053s][info][gc,phases,start] GC(170) Phase 2: Compute new object addresses
[291.098s][info][gc,phases      ] GC(170) Phase 2: Compute new object addresses 44.546ms
[291.098s][info][gc,phases,start] GC(170) Phase 3: Adjust pointers
[291.121s][info][gc,phases      ] GC(170) Phase 3: Adjust pointers 22.875ms
[291.121s][info][gc,phases,start] GC(170) Phase 4: Move objects
[291.144s][info][gc,phases      ] GC(170) Phase 4: Move objects 22.980ms
[291.145s][info][gc,heap        ] GC(170) DefNew: 314560K(314560K)->198399K(314560K) Eden: 279616K(279616K)->198399K(279616K) From: 34944K(34944K)->0K(34944K)
[291.145s][info][gc,heap        ] GC(170) Tenured: 699071K(699072K)->699071K(699072K)
[291.145s][info][gc,metaspace   ] GC(170) Metaspace: 113578K(124480K)->113578K(124480K) NonClass: 97249K(103936K)->97249K(103936K) Class: 16328K(20544K)->16328K(20544K)
[291.145s][info][gc             ] GC(170) Pause Full (Allocation Failure) 989M->876M(989M) 129.881ms
[291.145s][info][gc,cpu         ] GC(170) User=0.13s Sys=0.00s Real=0.13s
[293.922s][info][gc,start       ] GC(171) Pause Full (Allocation Failure)
[293.922s][info][gc,phases,start] GC(171) Phase 1: Mark live objects
[293.961s][info][gc,phases      ] GC(171) Phase 1: Mark live objects 38.804ms
[293.961s][info][gc,phases,start] GC(171) Phase 2: Compute new object addresses
[294.005s][info][gc,phases      ] GC(171) Phase 2: Compute new object addresses 43.945ms
[294.005s][info][gc,phases,start] GC(171) Phase 3: Adjust pointers
[294.028s][info][gc,phases      ] GC(171) Phase 3: Adjust pointers 22.707ms
[294.028s][info][gc,phases,start] GC(171) Phase 4: Move objects
[294.047s][info][gc,phases      ] GC(171) Phase 4: Move objects 19.296ms
[294.048s][info][gc,heap        ] GC(171) DefNew: 314559K(314560K)->202351K(314560K) Eden: 279616K(279616K)->202351K(279616K) From: 34943K(34944K)->0K(34944K)
[294.048s][info][gc,heap        ] GC(171) Tenured: 699071K(699072K)->699071K(699072K)
[294.048s][info][gc,metaspace   ] GC(171) Metaspace: 113578K(124480K)->113578K(124480K) NonClass: 97249K(103936K)->97249K(103936K) Class: 16328K(20544K)->16328K(20544K)
[294.048s][info][gc             ] GC(171) Pause Full (Allocation Failure) 989M->880M(989M) 125.829ms
[294.048s][info][gc,cpu         ] GC(171) User=0.13s Sys=0.00s Real=0.13s
[296.626s][info][gc,start       ] GC(172) Pause Full (Allocation Failure)
[296.626s][info][gc,phases,start] GC(172) Phase 1: Mark live objects
[296.665s][info][gc,phases      ] GC(172) Phase 1: Mark live objects 38.676ms
[296.665s][info][gc,phases,start] GC(172) Phase 2: Compute new object addresses
[296.707s][info][gc,phases      ] GC(172) Phase 2: Compute new object addresses 42.002ms
[296.707s][info][gc,phases,start] GC(172) Phase 3: Adjust pointers
[296.730s][info][gc,phases      ] GC(172) Phase 3: Adjust pointers 22.967ms
[296.730s][info][gc,phases,start] GC(172) Phase 4: Move objects
[296.880s][info][gc,phases      ] GC(172) Phase 4: Move objects 149.485ms
[296.880s][info][gc,heap        ] GC(172) DefNew: 314559K(314560K)->194613K(314560K) Eden: 279616K(279616K)->194613K(279616K) From: 34943K(34944K)->0K(34944K)
[296.881s][info][gc,heap        ] GC(172) Tenured: 699071K(699072K)->697042K(699072K)
[296.881s][info][gc,metaspace   ] GC(172) Metaspace: 113578K(124480K)->113578K(124480K) NonClass: 97249K(103936K)->97249K(103936K) Class: 16328K(20544K)->16328K(20544K)
[296.881s][info][gc             ] GC(172) Pause Full (Allocation Failure) 989M->870M(989M) 254.230ms
[296.881s][info][gc,cpu         ] GC(172) User=0.27s Sys=0.00s Real=0.26s
[299.145s][info][gc,start       ] GC(173) Pause Full (Allocation Failure)
[299.145s][info][gc,phases,start] GC(173) Phase 1: Mark live objects
[299.184s][info][gc,phases      ] GC(173) Phase 1: Mark live objects 38.854ms
[299.184s][info][gc,phases,start] GC(173) Phase 2: Compute new object addresses
[299.238s][info][gc,phases      ] GC(173) Phase 2: Compute new object addresses 54.620ms
[299.238s][info][gc,phases,start] GC(173) Phase 3: Adjust pointers
[299.261s][info][gc,phases      ] GC(173) Phase 3: Adjust pointers 22.707ms
[299.261s][info][gc,phases,start] GC(173) Phase 4: Move objects
[299.275s][info][gc,phases      ] GC(173) Phase 4: Move objects 13.647ms
[299.275s][info][gc,heap        ] GC(173) DefNew: 314559K(314560K)->202548K(314560K) Eden: 279616K(279616K)->202548K(279616K) From: 34943K(34944K)->0K(34944K)
[299.275s][info][gc,heap        ] GC(173) Tenured: 699071K(699072K)->699071K(699072K)
[299.275s][info][gc,metaspace   ] GC(173) Metaspace: 113578K(124480K)->113578K(124480K) NonClass: 97249K(103936K)->97249K(103936K) Class: 16328K(20544K)->16328K(20544K)
[299.275s][info][gc             ] GC(173) Pause Full (Allocation Failure) 989M->880M(989M) 130.888ms
[299.275s][info][gc,cpu         ] GC(173) User=0.13s Sys=0.00s Real=0.13s
[302.254s][info][gc,start       ] GC(174) Pause Full (Allocation Failure)
[302.254s][info][gc,phases,start] GC(174) Phase 1: Mark live objects
[302.293s][info][gc,phases      ] GC(174) Phase 1: Mark live objects 38.877ms
[302.293s][info][gc,phases,start] GC(174) Phase 2: Compute new object addresses
[302.337s][info][gc,phases      ] GC(174) Phase 2: Compute new object addresses 43.293ms
[302.337s][info][gc,phases,start] GC(174) Phase 3: Adjust pointers
[302.359s][info][gc,phases      ] GC(174) Phase 3: Adjust pointers 22.076ms
[302.359s][info][gc,phases,start] GC(174) Phase 4: Move objects
[302.375s][info][gc,phases      ] GC(174) Phase 4: Move objects 16.205ms
[302.376s][info][gc,heap        ] GC(174) DefNew: 314560K(314560K)->206815K(314560K) Eden: 279616K(279616K)->206815K(279616K) From: 34944K(34944K)->0K(34944K)
[302.376s][info][gc,heap        ] GC(174) Tenured: 699072K(699072K)->699072K(699072K)
[302.376s][info][gc,metaspace   ] GC(174) Metaspace: 113578K(124480K)->113578K(124480K) NonClass: 97249K(103936K)->97249K(103936K) Class: 16328K(20544K)->16328K(20544K)
[302.376s][info][gc             ] GC(174) Pause Full (Allocation Failure) 989M->884M(989M) 121.478ms
[302.376s][info][gc,cpu         ] GC(174) User=0.13s Sys=0.00s Real=0.13s
[305.394s][info][gc,start       ] GC(175) Pause Full (Allocation Failure)
[305.394s][info][gc,phases,start] GC(175) Phase 1: Mark live objects
[305.443s][info][gc,phases      ] GC(175) Phase 1: Mark live objects 49.057ms
[305.444s][info][gc,phases,start] GC(175) Phase 2: Compute new object addresses
[305.489s][info][gc,phases      ] GC(175) Phase 2: Compute new object addresses 45.550ms
[305.489s][info][gc,phases,start] GC(175) Phase 3: Adjust pointers
[305.516s][info][gc,phases      ] GC(175) Phase 3: Adjust pointers 27.211ms
[305.516s][info][gc,phases,start] GC(175) Phase 4: Move objects
[305.531s][info][gc,phases      ] GC(175) Phase 4: Move objects 14.670ms
[305.532s][info][gc,heap        ] GC(175) DefNew: 314559K(314560K)->209138K(314560K) Eden: 279616K(279616K)->209138K(279616K) From: 34943K(34944K)->0K(34944K)
[305.532s][info][gc,heap        ] GC(175) Tenured: 699072K(699072K)->699072K(699072K)
[305.532s][info][gc,metaspace   ] GC(175) Metaspace: 113578K(124480K)->113578K(124480K) NonClass: 97249K(103936K)->97249K(103936K) Class: 16328K(20544K)->16328K(20544K)
[305.532s][info][gc             ] GC(175) Pause Full (Allocation Failure) 989M->886M(989M) 137.878ms
[305.532s][info][gc,cpu         ] GC(175) User=0.13s Sys=0.00s Real=0.13s
[307.840s][info][gc,start       ] GC(176) Pause Full (Allocation Failure)
[307.840s][info][gc,phases,start] GC(176) Phase 1: Mark live objects
[307.886s][info][gc,phases      ] GC(176) Phase 1: Mark live objects 46.501ms
[307.886s][info][gc,phases,start] GC(176) Phase 2: Compute new object addresses
[307.923s][info][gc,phases      ] GC(176) Phase 2: Compute new object addresses 37.017ms
[307.923s][info][gc,phases,start] GC(176) Phase 3: Adjust pointers
[307.946s][info][gc,phases      ] GC(176) Phase 3: Adjust pointers 22.818ms
[307.946s][info][gc,phases,start] GC(176) Phase 4: Move objects
[308.097s][info][gc,phases      ] GC(176) Phase 4: Move objects 150.912ms
[308.098s][info][gc,heap        ] GC(176) DefNew: 314559K(314560K)->210214K(314560K) Eden: 279616K(279616K)->210214K(279616K) From: 34943K(34944K)->0K(34944K)
[308.098s][info][gc,heap        ] GC(176) Tenured: 699072K(699072K)->699045K(699072K)
[308.098s][info][gc,metaspace   ] GC(176) Metaspace: 113578K(124480K)->113578K(124480K) NonClass: 97249K(103936K)->97249K(103936K) Class: 16328K(20544K)->16328K(20544K)
[308.098s][info][gc             ] GC(176) Pause Full (Allocation Failure) 989M->887M(989M) 258.342ms
[308.098s][info][gc,cpu         ] GC(176) User=0.25s Sys=0.00s Real=0.25s
[311.259s][info][gc,start       ] GC(177) Pause Full (Allocation Failure)
[311.259s][info][gc,phases,start] GC(177) Phase 1: Mark live objects
[311.298s][info][gc,phases      ] GC(177) Phase 1: Mark live objects 38.632ms
[311.298s][info][gc,phases,start] GC(177) Phase 2: Compute new object addresses
[311.340s][info][gc,phases      ] GC(177) Phase 2: Compute new object addresses 41.740ms
[311.340s][info][gc,phases,start] GC(177) Phase 3: Adjust pointers
[311.362s][info][gc,phases      ] GC(177) Phase 3: Adjust pointers 22.173ms
[311.362s][info][gc,phases,start] GC(177) Phase 4: Move objects
[311.384s][info][gc,phases      ] GC(177) Phase 4: Move objects 21.961ms
[311.385s][info][gc,heap        ] GC(177) DefNew: 314560K(314560K)->213466K(314560K) Eden: 279616K(279616K)->213466K(279616K) From: 34944K(34944K)->0K(34944K)
[311.385s][info][gc,heap        ] GC(177) Tenured: 699071K(699072K)->699071K(699072K)
[311.385s][info][gc,metaspace   ] GC(177) Metaspace: 113578K(124480K)->113578K(124480K) NonClass: 97249K(103936K)->97249K(103936K) Class: 16328K(20544K)->16328K(20544K)
[311.385s][info][gc             ] GC(177) Pause Full (Allocation Failure) 989M->891M(989M) 125.445ms
[311.385s][info][gc,cpu         ] GC(177) User=0.13s Sys=0.00s Real=0.13s
[314.524s][info][gc,start       ] GC(178) Pause Full (Allocation Failure)
[314.524s][info][gc,phases,start] GC(178) Phase 1: Mark live objects
[314.562s][info][gc,phases      ] GC(178) Phase 1: Mark live objects 38.562ms
[314.562s][info][gc,phases,start] GC(178) Phase 2: Compute new object addresses
[314.604s][info][gc,phases      ] GC(178) Phase 2: Compute new object addresses 41.424ms
[314.604s][info][gc,phases,start] GC(178) Phase 3: Adjust pointers
[314.626s][info][gc,phases      ] GC(178) Phase 3: Adjust pointers 22.294ms
[314.626s][info][gc,phases,start] GC(178) Phase 4: Move objects
[314.641s][info][gc,phases      ] GC(178) Phase 4: Move objects 15.010ms
[314.642s][info][gc,heap        ] GC(178) DefNew: 314559K(314560K)->215149K(314560K) Eden: 279616K(279616K)->215149K(279616K) From: 34943K(34944K)->0K(34944K)
[314.642s][info][gc,heap        ] GC(178) Tenured: 699071K(699072K)->699071K(699072K)
[314.642s][info][gc,metaspace   ] GC(178) Metaspace: 113578K(124480K)->113578K(124480K) NonClass: 97250K(103936K)->97250K(103936K) Class: 16328K(20544K)->16328K(20544K)
[314.642s][info][gc             ] GC(178) Pause Full (Allocation Failure) 989M->892M(989M) 118.228ms
[314.642s][info][gc,cpu         ] GC(178) User=0.11s Sys=0.00s Real=0.11s
[317.490s][info][gc,start       ] GC(179) Pause Full (Allocation Failure)
[317.490s][info][gc,phases,start] GC(179) Phase 1: Mark live objects
[317.530s][info][gc,phases      ] GC(179) Phase 1: Mark live objects 40.131ms
[317.530s][info][gc,phases,start] GC(179) Phase 2: Compute new object addresses
[317.572s][info][gc,phases      ] GC(179) Phase 2: Compute new object addresses 41.440ms
[317.572s][info][gc,phases,start] GC(179) Phase 3: Adjust pointers
[317.595s][info][gc,phases      ] GC(179) Phase 3: Adjust pointers 23.312ms
[317.595s][info][gc,phases,start] GC(179) Phase 4: Move objects
[317.618s][info][gc,phases      ] GC(179) Phase 4: Move objects 23.181ms
[317.619s][info][gc,heap        ] GC(179) DefNew: 314560K(314560K)->218991K(314560K) Eden: 279616K(279616K)->218991K(279616K) From: 34944K(34944K)->0K(34944K)
[317.619s][info][gc,heap        ] GC(179) Tenured: 699071K(699072K)->699071K(699072K)
[317.619s][info][gc,metaspace   ] GC(179) Metaspace: 113579K(124480K)->113579K(124480K) NonClass: 97251K(103936K)->97251K(103936K) Class: 16328K(20544K)->16328K(20544K)
[317.619s][info][gc             ] GC(179) Pause Full (Allocation Failure) 989M->896M(989M) 129.033ms
[317.619s][info][gc,cpu         ] GC(179) User=0.13s Sys=0.00s Real=0.13s
[320.750s][info][gc,start       ] GC(180) Pause Full (Allocation Failure)
[320.750s][info][gc,phases,start] GC(180) Phase 1: Mark live objects
[320.799s][info][gc,phases      ] GC(180) Phase 1: Mark live objects 49.454ms
[320.799s][info][gc,phases,start] GC(180) Phase 2: Compute new object addresses
[320.842s][info][gc,phases      ] GC(180) Phase 2: Compute new object addresses 42.245ms
[320.842s][info][gc,phases,start] GC(180) Phase 3: Adjust pointers
[320.870s][info][gc,phases      ] GC(180) Phase 3: Adjust pointers 28.090ms
[320.870s][info][gc,phases,start] GC(180) Phase 4: Move objects
[321.041s][info][gc,phases      ] GC(180) Phase 4: Move objects 171.503ms
[321.042s][info][gc,heap        ] GC(180) DefNew: 314559K(314560K)->221279K(314560K) Eden: 279616K(279616K)->221279K(279616K) From: 34943K(34944K)->0K(34944K)
[321.043s][info][gc,heap        ] GC(180) Tenured: 699071K(699072K)->698363K(699072K)
[321.043s][info][gc,metaspace   ] GC(180) Metaspace: 113579K(124480K)->113579K(124480K) NonClass: 97251K(103936K)->97251K(103936K) Class: 16328K(20544K)->16328K(20544K)
[321.043s][info][gc             ] GC(180) Pause Full (Allocation Failure) 989M->898M(989M) 292.698ms
[321.043s][info][gc,cpu         ] GC(180) User=0.30s Sys=0.00s Real=0.30s
[324.231s][info][gc,start       ] GC(181) Pause Full (Allocation Failure)
[324.231s][info][gc,phases,start] GC(181) Phase 1: Mark live objects
[324.282s][info][gc,phases      ] GC(181) Phase 1: Mark live objects 50.412ms
[324.282s][info][gc,phases,start] GC(181) Phase 2: Compute new object addresses
[324.322s][info][gc,phases      ] GC(181) Phase 2: Compute new object addresses 39.984ms
[324.322s][info][gc,phases,start] GC(181) Phase 3: Adjust pointers
[324.346s][info][gc,phases      ] GC(181) Phase 3: Adjust pointers 23.965ms
[324.346s][info][gc,phases,start] GC(181) Phase 4: Move objects
[324.377s][info][gc,phases      ] GC(181) Phase 4: Move objects 31.362ms
[324.378s][info][gc,heap        ] GC(181) DefNew: 314559K(314560K)->224456K(314560K) Eden: 279616K(279616K)->224456K(279616K) From: 34943K(34944K)->0K(34944K)
[324.378s][info][gc,heap        ] GC(181) Tenured: 699071K(699072K)->699071K(699072K)
[324.378s][info][gc,metaspace   ] GC(181) Metaspace: 113579K(124480K)->113579K(124480K) NonClass: 97251K(103936K)->97251K(103936K) Class: 16328K(20544K)->16328K(20544K)
[324.378s][info][gc             ] GC(181) Pause Full (Allocation Failure) 989M->901M(989M) 146.814ms
[324.378s][info][gc,cpu         ] GC(181) User=0.14s Sys=0.00s Real=0.14s
[327.357s][info][gc,start       ] GC(182) Pause Full (Allocation Failure)
[327.357s][info][gc,phases,start] GC(182) Phase 1: Mark live objects
[327.396s][info][gc,phases      ] GC(182) Phase 1: Mark live objects 39.141ms
[327.396s][info][gc,phases,start] GC(182) Phase 2: Compute new object addresses
[327.435s][info][gc,phases      ] GC(182) Phase 2: Compute new object addresses 39.558ms
[327.436s][info][gc,phases,start] GC(182) Phase 3: Adjust pointers
[327.458s][info][gc,phases      ] GC(182) Phase 3: Adjust pointers 22.392ms
[327.458s][info][gc,phases,start] GC(182) Phase 4: Move objects
[327.462s][info][gc,phases      ] GC(182) Phase 4: Move objects 4.355ms
[327.463s][info][gc,heap        ] GC(182) DefNew: 314559K(314560K)->224771K(314560K) Eden: 279616K(279616K)->224771K(279616K) From: 34943K(34944K)->0K(34944K)
[327.463s][info][gc,heap        ] GC(182) Tenured: 699071K(699072K)->699071K(699072K)
[327.463s][info][gc,metaspace   ] GC(182) Metaspace: 113582K(124480K)->113582K(124480K) NonClass: 97253K(103936K)->97253K(103936K) Class: 16328K(20544K)->16328K(20544K)
[327.463s][info][gc             ] GC(182) Pause Full (Allocation Failure) 989M->902M(989M) 106.329ms
[327.463s][info][gc,cpu         ] GC(182) User=0.11s Sys=0.00s Real=0.11s
[330.444s][info][gc,start       ] GC(183) Pause Full (Allocation Failure)
[330.445s][info][gc,phases,start] GC(183) Phase 1: Mark live objects
[330.494s][info][gc,phases      ] GC(183) Phase 1: Mark live objects 49.359ms
[330.494s][info][gc,phases,start] GC(183) Phase 2: Compute new object addresses
[330.535s][info][gc,phases      ] GC(183) Phase 2: Compute new object addresses 41.363ms
[330.535s][info][gc,phases,start] GC(183) Phase 3: Adjust pointers
[330.562s][info][gc,phases      ] GC(183) Phase 3: Adjust pointers 27.053ms
[330.562s][info][gc,phases,start] GC(183) Phase 4: Move objects
[330.570s][info][gc,phases      ] GC(183) Phase 4: Move objects 7.210ms
[330.571s][info][gc,heap        ] GC(183) DefNew: 314559K(314560K)->225535K(314560K) Eden: 279616K(279616K)->225535K(279616K) From: 34943K(34944K)->0K(34944K)
[330.571s][info][gc,heap        ] GC(183) Tenured: 699072K(699072K)->699072K(699072K)
[330.571s][info][gc,metaspace   ] GC(183) Metaspace: 113582K(124480K)->113582K(124480K) NonClass: 97253K(103936K)->97253K(103936K) Class: 16328K(20544K)->16328K(20544K)
[330.571s][info][gc             ] GC(183) Pause Full (Allocation Failure) 989M->902M(989M) 126.180ms
[330.571s][info][gc,cpu         ] GC(183) User=0.13s Sys=0.00s Real=0.13s
[333.420s][info][gc,start       ] GC(184) Pause Full (Allocation Failure)
[333.420s][info][gc,phases,start] GC(184) Phase 1: Mark live objects
[333.466s][info][gc,phases      ] GC(184) Phase 1: Mark live objects 45.985ms
[333.466s][info][gc,phases,start] GC(184) Phase 2: Compute new object addresses
[333.505s][info][gc,phases      ] GC(184) Phase 2: Compute new object addresses 38.411ms
[333.505s][info][gc,phases,start] GC(184) Phase 3: Adjust pointers
[333.527s][info][gc,phases      ] GC(184) Phase 3: Adjust pointers 22.719ms
[333.527s][info][gc,phases,start] GC(184) Phase 4: Move objects
[333.641s][info][gc,phases      ] GC(184) Phase 4: Move objects 113.362ms
[333.641s][info][gc,heap        ] GC(184) DefNew: 314559K(314560K)->226202K(314560K) Eden: 279616K(279616K)->226202K(279616K) From: 34943K(34944K)->0K(34944K)
[333.641s][info][gc,heap        ] GC(184) Tenured: 699072K(699072K)->698363K(699072K)
[333.641s][info][gc,metaspace   ] GC(184) Metaspace: 113582K(124480K)->113582K(124480K) NonClass: 97253K(103936K)->97253K(103936K) Class: 16328K(20544K)->16328K(20544K)
[333.642s][info][gc             ] GC(184) Pause Full (Allocation Failure) 989M->902M(989M) 221.445ms
[333.642s][info][gc,cpu         ] GC(184) User=0.22s Sys=0.00s Real=0.22s
[335.897s][info][gc,start       ] GC(185) Pause Full (Allocation Failure)
[335.897s][info][gc,phases,start] GC(185) Phase 1: Mark live objects
[335.938s][info][gc,phases      ] GC(185) Phase 1: Mark live objects 40.394ms
[335.938s][info][gc,phases,start] GC(185) Phase 2: Compute new object addresses
[335.973s][info][gc,phases      ] GC(185) Phase 2: Compute new object addresses 35.335ms
[335.973s][info][gc,phases,start] GC(185) Phase 3: Adjust pointers
[335.997s][info][gc,phases      ] GC(185) Phase 3: Adjust pointers 24.445ms
[335.997s][info][gc,phases,start] GC(185) Phase 4: Move objects
[336.018s][info][gc,phases      ] GC(185) Phase 4: Move objects 20.971ms
[336.019s][info][gc,heap        ] GC(185) DefNew: 314559K(314560K)->232374K(314560K) Eden: 279616K(279616K)->232374K(279616K) From: 34943K(34944K)->0K(34944K)
[336.019s][info][gc,heap        ] GC(185) Tenured: 699071K(699072K)->699071K(699072K)
[336.019s][info][gc,metaspace   ] GC(185) Metaspace: 113582K(124480K)->113582K(124480K) NonClass: 97253K(103936K)->97253K(103936K) Class: 16328K(20544K)->16328K(20544K)
[336.019s][info][gc             ] GC(185) Pause Full (Allocation Failure) 989M->909M(989M) 122.160ms
[336.019s][info][gc,cpu         ] GC(185) User=0.13s Sys=0.00s Real=0.13s
[339.162s][info][gc,start       ] GC(186) Pause Full (Allocation Failure)
[339.162s][info][gc,phases,start] GC(186) Phase 1: Mark live objects
[339.216s][info][gc,phases      ] GC(186) Phase 1: Mark live objects 54.060ms
[339.216s][info][gc,phases,start] GC(186) Phase 2: Compute new object addresses
[339.263s][info][gc,phases      ] GC(186) Phase 2: Compute new object addresses 46.092ms
[339.306s][info][gc,phases,start] GC(186) Phase 3: Adjust pointers
[339.341s][info][gc,phases      ] GC(186) Phase 3: Adjust pointers 35.040ms
[339.341s][info][gc,phases,start] GC(186) Phase 4: Move objects
[339.346s][info][gc,phases      ] GC(186) Phase 4: Move objects 5.116ms
[339.347s][info][gc,heap        ] GC(186) DefNew: 314560K(314560K)->232539K(314560K) Eden: 279616K(279616K)->232539K(279616K) From: 34944K(34944K)->0K(34944K)
[339.347s][info][gc,heap        ] GC(186) Tenured: 699071K(699072K)->699071K(699072K)
[339.347s][info][gc,metaspace   ] GC(186) Metaspace: 113582K(124480K)->113582K(124480K) NonClass: 97253K(103936K)->97253K(103936K) Class: 16328K(20544K)->16328K(20544K)
[339.347s][info][gc             ] GC(186) Pause Full (Allocation Failure) 989M->909M(989M) 184.875ms
[339.347s][info][gc,cpu         ] GC(186) User=0.14s Sys=0.00s Real=0.18s
[341.579s][info][gc,start       ] GC(187) Pause Full (Allocation Failure)
[341.579s][info][gc,phases,start] GC(187) Phase 1: Mark live objects
[341.621s][info][gc,phases      ] GC(187) Phase 1: Mark live objects 41.704ms
[341.621s][info][gc,phases,start] GC(187) Phase 2: Compute new object addresses
[341.653s][info][gc,phases      ] GC(187) Phase 2: Compute new object addresses 31.552ms
[341.653s][info][gc,phases,start] GC(187) Phase 3: Adjust pointers
[341.676s][info][gc,phases      ] GC(187) Phase 3: Adjust pointers 23.550ms
[341.676s][info][gc,phases,start] GC(187) Phase 4: Move objects
[341.700s][info][gc,phases      ] GC(187) Phase 4: Move objects 23.241ms
[341.700s][info][gc,heap        ] GC(187) DefNew: 314560K(314560K)->241909K(314560K) Eden: 279616K(279616K)->241909K(279616K) From: 34944K(34944K)->0K(34944K)
[341.700s][info][gc,heap        ] GC(187) Tenured: 699071K(699072K)->699071K(699072K)
[341.700s][info][gc,metaspace   ] GC(187) Metaspace: 113584K(124480K)->113584K(124480K) NonClass: 97255K(103936K)->97255K(103936K) Class: 16329K(20544K)->16329K(20544K)
[341.700s][info][gc             ] GC(187) Pause Full (Allocation Failure) 989M->918M(989M) 121.105ms
[341.700s][info][gc,cpu         ] GC(187) User=0.13s Sys=0.00s Real=0.12s
[344.674s][info][gc,start       ] GC(188) Pause Full (Allocation Failure)
[344.674s][info][gc,phases,start] GC(188) Phase 1: Mark live objects
[344.713s][info][gc,phases      ] GC(188) Phase 1: Mark live objects 38.951ms
[344.713s][info][gc,phases,start] GC(188) Phase 2: Compute new object addresses
[344.747s][info][gc,phases      ] GC(188) Phase 2: Compute new object addresses 34.178ms
[344.747s][info][gc,phases,start] GC(188) Phase 3: Adjust pointers
[344.770s][info][gc,phases      ] GC(188) Phase 3: Adjust pointers 22.768ms
[344.770s][info][gc,phases,start] GC(188) Phase 4: Move objects
[344.894s][info][gc,phases      ] GC(188) Phase 4: Move objects 124.569ms
[344.906s][info][gc,heap        ] GC(188) DefNew: 314559K(314560K)->243500K(314560K) Eden: 279616K(279616K)->243500K(279616K) From: 34943K(34944K)->0K(34944K)
[344.906s][info][gc,heap        ] GC(188) Tenured: 699071K(699072K)->698363K(699072K)
[344.906s][info][gc,metaspace   ] GC(188) Metaspace: 113584K(124480K)->113584K(124480K) NonClass: 97255K(103936K)->97255K(103936K) Class: 16329K(20544K)->16329K(20544K)
[344.906s][info][gc             ] GC(188) Pause Full (Allocation Failure) 989M->919M(989M) 232.714ms
[344.906s][info][gc,cpu         ] GC(188) User=0.22s Sys=0.00s Real=0.23s
[347.134s][info][gc,start       ] GC(189) Pause Full (Allocation Failure)
[347.135s][info][gc,phases,start] GC(189) Phase 1: Mark live objects
[347.174s][info][gc,phases      ] GC(189) Phase 1: Mark live objects 39.589ms
[347.174s][info][gc,phases,start] GC(189) Phase 2: Compute new object addresses
[347.218s][info][gc,phases      ] GC(189) Phase 2: Compute new object addresses 44.236ms
[347.218s][info][gc,phases,start] GC(189) Phase 3: Adjust pointers
[347.243s][info][gc,phases      ] GC(189) Phase 3: Adjust pointers 24.737ms
[347.243s][info][gc,phases,start] GC(189) Phase 4: Move objects
[347.286s][info][gc,phases      ] GC(189) Phase 4: Move objects 42.939ms
[347.287s][info][gc,heap        ] GC(189) DefNew: 314560K(314560K)->250290K(314560K) Eden: 279616K(279616K)->250290K(279616K) From: 34944K(34944K)->0K(34944K)
[347.287s][info][gc,heap        ] GC(189) Tenured: 699072K(699072K)->699072K(699072K)
[347.287s][info][gc,metaspace   ] GC(189) Metaspace: 113585K(124480K)->113585K(124480K) NonClass: 97256K(103936K)->97256K(103936K) Class: 16329K(20544K)->16329K(20544K)
[347.287s][info][gc             ] GC(189) Pause Full (Allocation Failure) 989M->927M(989M) 152.490ms
[347.287s][info][gc,cpu         ] GC(189) User=0.16s Sys=0.00s Real=0.16s
[350.092s][info][gc,start       ] GC(190) Pause Full (Allocation Failure)
[350.092s][info][gc,phases,start] GC(190) Phase 1: Mark live objects
[350.131s][info][gc,phases      ] GC(190) Phase 1: Mark live objects 38.750ms
[350.131s][info][gc,phases,start] GC(190) Phase 2: Compute new object addresses
[350.161s][info][gc,phases      ] GC(190) Phase 2: Compute new object addresses 30.562ms
[350.161s][info][gc,phases,start] GC(190) Phase 3: Adjust pointers
[350.184s][info][gc,phases      ] GC(190) Phase 3: Adjust pointers 22.185ms
[350.184s][info][gc,phases,start] GC(190) Phase 4: Move objects
[350.209s][info][gc,phases      ] GC(190) Phase 4: Move objects 24.795ms
[350.209s][info][gc,heap        ] GC(190) DefNew: 314560K(314560K)->253651K(314560K) Eden: 279616K(279616K)->253651K(279616K) From: 34944K(34944K)->0K(34944K)
[350.209s][info][gc,heap        ] GC(190) Tenured: 699072K(699072K)->699072K(699072K)
[350.209s][info][gc,metaspace   ] GC(190) Metaspace: 113588K(124480K)->113588K(124480K) NonClass: 97258K(103936K)->97258K(103936K) Class: 16329K(20544K)->16329K(20544K)
[350.209s][info][gc             ] GC(190) Pause Full (Allocation Failure) 989M->930M(989M) 117.179ms
[350.209s][info][gc,cpu         ] GC(190) User=0.13s Sys=0.00s Real=0.13s
[352.752s][info][gc,start       ] GC(191) Pause Full (Allocation Failure)
[352.752s][info][gc,phases,start] GC(191) Phase 1: Mark live objects
[352.791s][info][gc,phases      ] GC(191) Phase 1: Mark live objects 38.678ms
[352.791s][info][gc,phases,start] GC(191) Phase 2: Compute new object addresses
[352.820s][info][gc,phases      ] GC(191) Phase 2: Compute new object addresses 29.264ms
[352.820s][info][gc,phases,start] GC(191) Phase 3: Adjust pointers
[352.843s][info][gc,phases      ] GC(191) Phase 3: Adjust pointers 22.068ms
[352.843s][info][gc,phases,start] GC(191) Phase 4: Move objects
[352.868s][info][gc,phases      ] GC(191) Phase 4: Move objects 25.496ms
[352.869s][info][gc,heap        ] GC(191) DefNew: 314559K(314560K)->256797K(314560K) Eden: 279616K(279616K)->256797K(279616K) From: 34943K(34944K)->0K(34944K)
[352.869s][info][gc,heap        ] GC(191) Tenured: 699072K(699072K)->699072K(699072K)
[352.869s][info][gc,metaspace   ] GC(191) Metaspace: 113588K(124480K)->113588K(124480K) NonClass: 97258K(103936K)->97258K(103936K) Class: 16329K(20544K)->16329K(20544K)
[352.869s][info][gc             ] GC(191) Pause Full (Allocation Failure) 989M->933M(989M) 116.398ms
[352.869s][info][gc,cpu         ] GC(191) User=0.11s Sys=0.00s Real=0.11s
[355.441s][info][gc,start       ] GC(192) Pause Full (Allocation Failure)
[355.441s][info][gc,phases,start] GC(192) Phase 1: Mark live objects
[355.479s][info][gc,phases      ] GC(192) Phase 1: Mark live objects 38.404ms
[355.479s][info][gc,phases,start] GC(192) Phase 2: Compute new object addresses
[355.508s][info][gc,phases      ] GC(192) Phase 2: Compute new object addresses 28.126ms
[355.508s][info][gc,phases,start] GC(192) Phase 3: Adjust pointers
[355.529s][info][gc,phases      ] GC(192) Phase 3: Adjust pointers 21.836ms
[355.530s][info][gc,phases,start] GC(192) Phase 4: Move objects
[355.594s][info][gc,phases      ] GC(192) Phase 4: Move objects 64.350ms
[355.594s][info][gc,heap        ] GC(192) DefNew: 314560K(314560K)->259872K(314560K) Eden: 279616K(279616K)->259872K(279616K) From: 34944K(34944K)->0K(34944K)
[355.594s][info][gc,heap        ] GC(192) Tenured: 699072K(699072K)->698363K(699072K)
[355.594s][info][gc,metaspace   ] GC(192) Metaspace: 113588K(124480K)->113588K(124480K) NonClass: 97258K(103936K)->97258K(103936K) Class: 16329K(20544K)->16329K(20544K)
[355.595s][info][gc             ] GC(192) Pause Full (Allocation Failure) 989M->935M(989M) 153.614ms
[355.595s][info][gc,cpu         ] GC(192) User=0.16s Sys=0.00s Real=0.16s
[358.523s][info][gc,start       ] GC(193) Pause Full (Allocation Failure)
[358.523s][info][gc,phases,start] GC(193) Phase 1: Mark live objects
[358.562s][info][gc,phases      ] GC(193) Phase 1: Mark live objects 39.043ms
[358.562s][info][gc,phases,start] GC(193) Phase 2: Compute new object addresses
[358.591s][info][gc,phases      ] GC(193) Phase 2: Compute new object addresses 28.591ms
[358.591s][info][gc,phases,start] GC(193) Phase 3: Adjust pointers
[358.614s][info][gc,phases      ] GC(193) Phase 3: Adjust pointers 22.951ms
[358.614s][info][gc,phases,start] GC(193) Phase 4: Move objects
[358.658s][info][gc,phases      ] GC(193) Phase 4: Move objects 43.922ms
[358.658s][info][gc,heap        ] GC(193) DefNew: 314560K(314560K)->262882K(314560K) Eden: 279616K(279616K)->262882K(279616K) From: 34944K(34944K)->0K(34944K)
[358.658s][info][gc,heap        ] GC(193) Tenured: 699072K(699072K)->699072K(699072K)
[358.658s][info][gc,metaspace   ] GC(193) Metaspace: 113589K(124480K)->113589K(124480K) NonClass: 97260K(103936K)->97260K(103936K) Class: 16329K(20544K)->16329K(20544K)
[358.658s][info][gc             ] GC(193) Pause Full (Allocation Failure) 989M->939M(989M) 135.399ms
[358.658s][info][gc,cpu         ] GC(193) User=0.14s Sys=0.00s Real=0.15s
[360.852s][info][gc,start       ] GC(194) Pause Full (Allocation Failure)
[360.852s][info][gc,phases,start] GC(194) Phase 1: Mark live objects
[360.891s][info][gc,phases      ] GC(194) Phase 1: Mark live objects 38.758ms
[360.891s][info][gc,phases,start] GC(194) Phase 2: Compute new object addresses
[360.917s][info][gc,phases      ] GC(194) Phase 2: Compute new object addresses 25.583ms
[360.917s][info][gc,phases,start] GC(194) Phase 3: Adjust pointers
[360.939s][info][gc,phases      ] GC(194) Phase 3: Adjust pointers 21.907ms
[360.939s][info][gc,phases,start] GC(194) Phase 4: Move objects
[360.983s][info][gc,phases      ] GC(194) Phase 4: Move objects 44.439ms
[360.984s][info][gc,heap        ] GC(194) DefNew: 314560K(314560K)->267695K(314560K) Eden: 279616K(279616K)->267695K(279616K) From: 34944K(34944K)->0K(34944K)
[360.984s][info][gc,heap        ] GC(194) Tenured: 699072K(699072K)->699072K(699072K)
[360.984s][info][gc,metaspace   ] GC(194) Metaspace: 113590K(124480K)->113590K(124480K) NonClass: 97260K(103936K)->97260K(103936K) Class: 16329K(20544K)->16329K(20544K)
[360.984s][info][gc             ] GC(194) Pause Full (Allocation Failure) 989M->944M(989M) 131.549ms
[360.984s][info][gc,cpu         ] GC(194) User=0.13s Sys=0.00s Real=0.13s
[363.832s][info][gc,start       ] GC(195) Pause Full (Allocation Failure)
[363.832s][info][gc,phases,start] GC(195) Phase 1: Mark live objects
[363.881s][info][gc,phases      ] GC(195) Phase 1: Mark live objects 49.134ms
[363.881s][info][gc,phases,start] GC(195) Phase 2: Compute new object addresses
[363.909s][info][gc,phases      ] GC(195) Phase 2: Compute new object addresses 28.059ms
[363.909s][info][gc,phases,start] GC(195) Phase 3: Adjust pointers
[363.936s][info][gc,phases      ] GC(195) Phase 3: Adjust pointers 26.949ms
[363.936s][info][gc,phases,start] GC(195) Phase 4: Move objects
[363.958s][info][gc,phases      ] GC(195) Phase 4: Move objects 21.512ms
[363.958s][info][gc,heap        ] GC(195) DefNew: 314559K(314560K)->269267K(314560K) Eden: 279616K(279616K)->269267K(279616K) From: 34943K(34944K)->0K(34944K)
[363.958s][info][gc,heap        ] GC(195) Tenured: 699072K(699072K)->699072K(699072K)
[363.958s][info][gc,metaspace   ] GC(195) Metaspace: 113590K(124480K)->113590K(124480K) NonClass: 97260K(103936K)->97260K(103936K) Class: 16329K(20544K)->16329K(20544K)
[363.959s][info][gc             ] GC(195) Pause Full (Allocation Failure) 989M->945M(989M) 126.835ms
[363.959s][info][gc,cpu         ] GC(195) User=0.13s Sys=0.00s Real=0.13s
[366.157s][info][gc,start       ] GC(196) Pause Full (Allocation Failure)
[366.157s][info][gc,phases,start] GC(196) Phase 1: Mark live objects
[366.203s][info][gc,phases      ] GC(196) Phase 1: Mark live objects 46.438ms
[366.203s][info][gc,phases,start] GC(196) Phase 2: Compute new object addresses
[366.227s][info][gc,phases      ] GC(196) Phase 2: Compute new object addresses 23.709ms
[366.227s][info][gc,phases,start] GC(196) Phase 3: Adjust pointers
[366.249s][info][gc,phases      ] GC(196) Phase 3: Adjust pointers 22.003ms
[366.249s][info][gc,phases,start] GC(196) Phase 4: Move objects
[366.317s][info][gc,phases      ] GC(196) Phase 4: Move objects 68.547ms
[366.318s][info][gc,heap        ] GC(196) DefNew: 314559K(314560K)->274016K(314560K) Eden: 279616K(279616K)->274016K(279616K) From: 34943K(34944K)->0K(34944K)
[366.318s][info][gc,heap        ] GC(196) Tenured: 699072K(699072K)->698362K(699072K)
[366.318s][info][gc,metaspace   ] GC(196) Metaspace: 113590K(124480K)->113590K(124480K) NonClass: 97260K(103936K)->97260K(103936K) Class: 16329K(20544K)->16329K(20544K)
[366.318s][info][gc             ] GC(196) Pause Full (Allocation Failure) 989M->949M(989M) 161.713ms
[366.318s][info][gc,cpu         ] GC(196) User=0.16s Sys=0.00s Real=0.16s
[369.225s][info][gc,start       ] GC(197) Pause Full (Allocation Failure)
[369.225s][info][gc,phases,start] GC(197) Phase 1: Mark live objects
[369.264s][info][gc,phases      ] GC(197) Phase 1: Mark live objects 38.858ms
[369.264s][info][gc,phases,start] GC(197) Phase 2: Compute new object addresses
[369.289s][info][gc,phases      ] GC(197) Phase 2: Compute new object addresses 25.610ms
[369.289s][info][gc,phases,start] GC(197) Phase 3: Adjust pointers
[369.312s][info][gc,phases      ] GC(197) Phase 3: Adjust pointers 22.234ms
[369.312s][info][gc,phases,start] GC(197) Phase 4: Move objects
[369.344s][info][gc,phases      ] GC(197) Phase 4: Move objects 32.663ms
[369.345s][info][gc,heap        ] GC(197) DefNew: 314560K(314560K)->275418K(314560K) Eden: 279616K(279616K)->275418K(279616K) From: 34944K(34944K)->0K(34944K)
[369.345s][info][gc,heap        ] GC(197) Tenured: 699071K(699072K)->699071K(699072K)
[369.345s][info][gc,metaspace   ] GC(197) Metaspace: 113590K(124480K)->113590K(124480K) NonClass: 97260K(103936K)->97260K(103936K) Class: 16329K(20544K)->16329K(20544K)
[369.345s][info][gc             ] GC(197) Pause Full (Allocation Failure) 989M->951M(989M) 120.270ms
[369.345s][info][gc,cpu         ] GC(197) User=0.11s Sys=0.02s Real=0.12s
[371.800s][info][gc,start       ] GC(198) Pause Full (Allocation Failure)
[371.800s][info][gc,phases,start] GC(198) Phase 1: Mark live objects
[371.839s][info][gc,phases      ] GC(198) Phase 1: Mark live objects 39.071ms
[371.839s][info][gc,phases,start] GC(198) Phase 2: Compute new object addresses
[371.863s][info][gc,phases      ] GC(198) Phase 2: Compute new object addresses 23.903ms
[371.863s][info][gc,phases,start] GC(198) Phase 3: Adjust pointers
[371.885s][info][gc,phases      ] GC(198) Phase 3: Adjust pointers 21.897ms
[371.885s][info][gc,phases,start] GC(198) Phase 4: Move objects
[371.915s][info][gc,phases      ] GC(198) Phase 4: Move objects 30.021ms
[371.915s][info][gc,heap        ] GC(198) DefNew: 314560K(314560K)->278657K(314560K) Eden: 279616K(279616K)->278657K(279616K) From: 34944K(34944K)->0K(34944K)
[371.915s][info][gc,heap        ] GC(198) Tenured: 699072K(699072K)->699072K(699072K)
[371.915s][info][gc,metaspace   ] GC(198) Metaspace: 113590K(124480K)->113590K(124480K) NonClass: 97260K(103936K)->97260K(103936K) Class: 16329K(20544K)->16329K(20544K)
[371.915s][info][gc             ] GC(198) Pause Full (Allocation Failure) 989M->954M(989M) 115.772ms
[371.915s][info][gc,cpu         ] GC(198) User=0.11s Sys=0.00s Real=0.12s
[374.943s][info][gc,start       ] GC(199) Pause Full (Allocation Failure)
[374.943s][info][gc,phases,start] GC(199) Phase 1: Mark live objects
[374.981s][info][gc,phases      ] GC(199) Phase 1: Mark live objects 38.379ms
[374.981s][info][gc,phases,start] GC(199) Phase 2: Compute new object addresses
[375.007s][info][gc,phases      ] GC(199) Phase 2: Compute new object addresses 25.075ms
[375.007s][info][gc,phases,start] GC(199) Phase 3: Adjust pointers
[375.029s][info][gc,phases      ] GC(199) Phase 3: Adjust pointers 22.372ms
[375.029s][info][gc,phases,start] GC(199) Phase 4: Move objects
[375.066s][info][gc,phases      ] GC(199) Phase 4: Move objects 37.196ms
[375.067s][info][gc,heap        ] GC(199) DefNew: 314560K(314560K)->278587K(314560K) Eden: 279616K(279616K)->278587K(279616K) From: 34944K(34944K)->0K(34944K)
[375.067s][info][gc,heap        ] GC(199) Tenured: 699072K(699072K)->699072K(699072K)
[375.067s][info][gc,metaspace   ] GC(199) Metaspace: 113590K(124480K)->113590K(124480K) NonClass: 97260K(103936K)->97260K(103936K) Class: 16329K(20544K)->16329K(20544K)
[375.067s][info][gc             ] GC(199) Pause Full (Allocation Failure) 989M->954M(989M) 123.900ms
[375.067s][info][gc,cpu         ] GC(199) User=0.11s Sys=0.00s Real=0.11s
[378.220s][info][gc,start       ] GC(200) Pause Full (Allocation Failure)
[378.220s][info][gc,phases,start] GC(200) Phase 1: Mark live objects
[378.259s][info][gc,phases      ] GC(200) Phase 1: Mark live objects 38.931ms
[378.259s][info][gc,phases,start] GC(200) Phase 2: Compute new object addresses
[378.284s][info][gc,phases      ] GC(200) Phase 2: Compute new object addresses 25.132ms
[378.284s][info][gc,phases,start] GC(200) Phase 3: Adjust pointers
[378.307s][info][gc,phases      ] GC(200) Phase 3: Adjust pointers 22.201ms
[378.307s][info][gc,phases,start] GC(200) Phase 4: Move objects
[378.321s][info][gc,phases      ] GC(200) Phase 4: Move objects 14.589ms
[378.341s][info][gc,heap        ] GC(200) DefNew: 314560K(314560K)->278668K(314560K) Eden: 279616K(279616K)->278668K(279616K) From: 34944K(34944K)->0K(34944K)
[378.341s][info][gc,heap        ] GC(200) Tenured: 699072K(699072K)->698362K(699072K)
[378.341s][info][gc,metaspace   ] GC(200) Metaspace: 113591K(124480K)->113591K(124480K) NonClass: 97261K(103936K)->97261K(103936K) Class: 16329K(20544K)->16329K(20544K)
[378.341s][info][gc             ] GC(200) Pause Full (Allocation Failure) 989M->954M(989M) 120.802ms
[378.341s][info][gc,cpu         ] GC(200) User=0.09s Sys=0.00s Real=0.11s
[381.273s][info][gc,start       ] GC(201) Pause Full (Allocation Failure)
[381.273s][info][gc,phases,start] GC(201) Phase 1: Mark live objects
[381.322s][info][gc,phases      ] GC(201) Phase 1: Mark live objects 49.345ms
[381.322s][info][gc,phases,start] GC(201) Phase 2: Compute new object addresses
[381.348s][info][gc,phases      ] GC(201) Phase 2: Compute new object addresses 25.417ms
[381.348s][info][gc,phases,start] GC(201) Phase 3: Adjust pointers
[381.388s][info][gc,phases      ] GC(201) Phase 3: Adjust pointers 39.573ms
[381.388s][info][gc,phases,start] GC(201) Phase 4: Move objects
[381.415s][info][gc,phases      ] GC(201) Phase 4: Move objects 27.046ms
[381.416s][info][gc,heap        ] GC(201) DefNew: 314559K(314560K)->280009K(314560K) Eden: 279616K(279616K)->279615K(279616K) From: 34943K(34944K)->394K(34944K)
[381.416s][info][gc,heap        ] GC(201) Tenured: 699071K(699072K)->699071K(699072K)
[381.416s][info][gc,metaspace   ] GC(201) Metaspace: 113593K(124480K)->113593K(124480K) NonClass: 97263K(103936K)->97263K(103936K) Class: 16329K(20544K)->16329K(20544K)
[381.416s][info][gc             ] GC(201) Pause Full (Allocation Failure) 989M->956M(989M) 142.645ms
[381.416s][info][gc,cpu         ] GC(201) User=0.13s Sys=0.02s Real=0.14s
[384.117s][info][gc,start       ] GC(202) Pause Full (Allocation Failure)
[384.117s][info][gc,phases,start] GC(202) Phase 1: Mark live objects
[384.160s][info][gc,phases      ] GC(202) Phase 1: Mark live objects 42.671ms
[384.160s][info][gc,phases,start] GC(202) Phase 2: Compute new object addresses
[384.184s][info][gc,phases      ] GC(202) Phase 2: Compute new object addresses 23.764ms
[384.184s][info][gc,phases,start] GC(202) Phase 3: Adjust pointers
[384.206s][info][gc,phases      ] GC(202) Phase 3: Adjust pointers 22.085ms
[384.206s][info][gc,phases,start] GC(202) Phase 4: Move objects
[384.207s][info][gc,phases      ] GC(202) Phase 4: Move objects 1.174ms
[384.208s][info][gc,heap        ] GC(202) DefNew: 312077K(314560K)->280246K(314560K) Eden: 279615K(279616K)->279614K(279616K) From: 32461K(34944K)->631K(34944K)
[384.208s][info][gc,heap        ] GC(202) Tenured: 699071K(699072K)->699071K(699072K)
[384.208s][info][gc,metaspace   ] GC(202) Metaspace: 113593K(124480K)->113593K(124480K) NonClass: 97263K(103936K)->97263K(103936K) Class: 16329K(20544K)->16329K(20544K)
[384.208s][info][gc             ] GC(202) Pause Full (Allocation Failure) 987M->956M(989M) 90.550ms
[384.208s][info][gc,cpu         ] GC(202) User=0.09s Sys=0.00s Real=0.09s
[386.861s][info][gc,start       ] GC(203) Pause Full (Allocation Failure)
[386.861s][info][gc,phases,start] GC(203) Phase 1: Mark live objects
[386.900s][info][gc,phases      ] GC(203) Phase 1: Mark live objects 38.834ms
[386.900s][info][gc,phases,start] GC(203) Phase 2: Compute new object addresses
[386.923s][info][gc,phases      ] GC(203) Phase 2: Compute new object addresses 23.439ms
[386.923s][info][gc,phases,start] GC(203) Phase 3: Adjust pointers
[386.945s][info][gc,phases      ] GC(203) Phase 3: Adjust pointers 22.009ms
[386.945s][info][gc,phases,start] GC(203) Phase 4: Move objects
[386.990s][info][gc,phases      ] GC(203) Phase 4: Move objects 44.515ms
[386.990s][info][gc,heap        ] GC(203) DefNew: 314559K(314560K)->281781K(314560K) Eden: 279615K(279616K)->278027K(279616K) From: 34943K(34944K)->3754K(34944K)
[386.990s][info][gc,heap        ] GC(203) Tenured: 699071K(699072K)->699071K(699072K)
[386.990s][info][gc,metaspace   ] GC(203) Metaspace: 113598K(124480K)->113598K(124480K) NonClass: 97269K(103936K)->97269K(103936K) Class: 16329K(20544K)->16329K(20544K)
[386.990s][info][gc             ] GC(203) Pause Full (Allocation Failure) 989M->957M(989M) 129.658ms
[386.990s][info][gc,cpu         ] GC(203) User=0.13s Sys=0.00s Real=0.13s
[389.499s][info][gc,start       ] GC(204) Pause Full (Allocation Failure)
[389.499s][info][gc,phases,start] GC(204) Phase 1: Mark live objects
[389.549s][info][gc,phases      ] GC(204) Phase 1: Mark live objects 49.462ms
[389.549s][info][gc,phases,start] GC(204) Phase 2: Compute new object addresses
[389.572s][info][gc,phases      ] GC(204) Phase 2: Compute new object addresses 23.642ms
[389.572s][info][gc,phases,start] GC(204) Phase 3: Adjust pointers
[389.599s][info][gc,phases      ] GC(204) Phase 3: Adjust pointers 26.690ms
[389.599s][info][gc,phases,start] GC(204) Phase 4: Move objects
[389.635s][info][gc,phases      ] GC(204) Phase 4: Move objects 35.733ms
[389.636s][info][gc,heap        ] GC(204) DefNew: 314560K(314560K)->283367K(314560K) Eden: 279616K(279616K)->279615K(279616K) From: 34944K(34944K)->3752K(34944K)
[389.636s][info][gc,heap        ] GC(204) Tenured: 699071K(699072K)->698362K(699072K)
[389.636s][info][gc,metaspace   ] GC(204) Metaspace: 113598K(124480K)->113598K(124480K) NonClass: 97269K(103936K)->97269K(103936K) Class: 16329K(20544K)->16329K(20544K)
[389.636s][info][gc             ] GC(204) Pause Full (Allocation Failure) 989M->958M(989M) 136.733ms
[389.636s][info][gc,cpu         ] GC(204) User=0.14s Sys=0.00s Real=0.14s
[392.377s][info][gc,start       ] GC(205) Pause Full (Allocation Failure)
[392.377s][info][gc,phases,start] GC(205) Phase 1: Mark live objects
[392.427s][info][gc,phases      ] GC(205) Phase 1: Mark live objects 49.572ms
[392.427s][info][gc,phases,start] GC(205) Phase 2: Compute new object addresses
[392.465s][info][gc,phases      ] GC(205) Phase 2: Compute new object addresses 37.869ms
[392.465s][info][gc,phases,start] GC(205) Phase 3: Adjust pointers
[392.487s][info][gc,phases      ] GC(205) Phase 3: Adjust pointers 22.366ms
[392.487s][info][gc,phases,start] GC(205) Phase 4: Move objects
[392.489s][info][gc,phases      ] GC(205) Phase 4: Move objects 1.536ms
[392.489s][info][gc,heap        ] GC(205) DefNew: 314559K(314560K)->283181K(314560K) Eden: 279615K(279616K)->279589K(279616K) From: 34944K(34944K)->3592K(34944K)
[392.489s][info][gc,heap        ] GC(205) Tenured: 699071K(699072K)->699071K(699072K)
[392.489s][info][gc,metaspace   ] GC(205) Metaspace: 113599K(124480K)->113599K(124480K) NonClass: 97269K(103936K)->97269K(103936K) Class: 16329K(20544K)->16329K(20544K)
[392.489s][info][gc             ] GC(205) Pause Full (Allocation Failure) 989M->959M(989M) 112.241ms
[392.489s][info][gc,cpu         ] GC(205) User=0.11s Sys=0.00s Real=0.10s
[395.324s][info][gc,start       ] GC(206) Pause Full (Allocation Failure)
[395.324s][info][gc,phases,start] GC(206) Phase 1: Mark live objects
[395.363s][info][gc,phases      ] GC(206) Phase 1: Mark live objects 39.283ms
[395.363s][info][gc,phases,start] GC(206) Phase 2: Compute new object addresses
[395.387s][info][gc,phases      ] GC(206) Phase 2: Compute new object addresses 23.695ms
[395.387s][info][gc,phases,start] GC(206) Phase 3: Adjust pointers
[395.409s][info][gc,phases      ] GC(206) Phase 3: Adjust pointers 22.333ms
[395.409s][info][gc,phases,start] GC(206) Phase 4: Move objects
[395.410s][info][gc,phases      ] GC(206) Phase 4: Move objects 0.768ms
[395.410s][info][gc,heap        ] GC(206) DefNew: 314559K(314560K)->283414K(314560K) Eden: 279616K(279616K)->279589K(279616K) From: 34943K(34944K)->3825K(34944K)
[395.410s][info][gc,heap        ] GC(206) Tenured: 699071K(699072K)->699071K(699072K)
[395.410s][info][gc,metaspace   ] GC(206) Metaspace: 113599K(124480K)->113599K(124480K) NonClass: 97269K(103936K)->97269K(103936K) Class: 16329K(20544K)->16329K(20544K)
[395.411s][info][gc             ] GC(206) Pause Full (Allocation Failure) 989M->959M(989M) 86.948ms
[395.411s][info][gc,cpu         ] GC(206) User=0.08s Sys=0.00s Real=0.08s
[398.178s][info][gc,start       ] GC(207) Pause Full (Allocation Failure)
[398.178s][info][gc,phases,start] GC(207) Phase 1: Mark live objects
[398.217s][info][gc,phases      ] GC(207) Phase 1: Mark live objects 38.836ms
[398.217s][info][gc,phases,start] GC(207) Phase 2: Compute new object addresses
[398.241s][info][gc,phases      ] GC(207) Phase 2: Compute new object addresses 23.323ms
[398.241s][info][gc,phases,start] GC(207) Phase 3: Adjust pointers
[398.263s][info][gc,phases      ] GC(207) Phase 3: Adjust pointers 22.054ms
[398.263s][info][gc,phases,start] GC(207) Phase 4: Move objects
[398.265s][info][gc,phases      ] GC(207) Phase 4: Move objects 1.841ms
[398.265s][info][gc,heap        ] GC(207) DefNew: 314560K(314560K)->283345K(314560K) Eden: 279616K(279616K)->279578K(279616K) From: 34944K(34944K)->3767K(34944K)
[398.265s][info][gc,heap        ] GC(207) Tenured: 699071K(699072K)->699071K(699072K)
[398.265s][info][gc,metaspace   ] GC(207) Metaspace: 113603K(124480K)->113603K(124480K) NonClass: 97273K(103936K)->97273K(103936K) Class: 16329K(20544K)->16329K(20544K)
[398.265s][info][gc             ] GC(207) Pause Full (Allocation Failure) 989M->959M(989M) 86.903ms
[398.265s][info][gc,cpu         ] GC(207) User=0.09s Sys=0.00s Real=0.09s
[401.071s][info][gc,start       ] GC(208) Pause Full (Allocation Failure)
[401.071s][info][gc,phases,start] GC(208) Phase 1: Mark live objects
[401.110s][info][gc,phases      ] GC(208) Phase 1: Mark live objects 38.950ms
[401.110s][info][gc,phases,start] GC(208) Phase 2: Compute new object addresses
[401.134s][info][gc,phases      ] GC(208) Phase 2: Compute new object addresses 23.408ms
[401.134s][info][gc,phases,start] GC(208) Phase 3: Adjust pointers
[401.156s][info][gc,phases      ] GC(208) Phase 3: Adjust pointers 22.195ms
[401.156s][info][gc,phases,start] GC(208) Phase 4: Move objects
[401.166s][info][gc,phases      ] GC(208) Phase 4: Move objects 10.148ms
[401.167s][info][gc,heap        ] GC(208) DefNew: 314559K(314560K)->283386K(314560K) Eden: 279616K(279616K)->279578K(279616K) From: 34943K(34944K)->3808K(34944K)
[401.167s][info][gc,heap        ] GC(208) Tenured: 699072K(699072K)->698362K(699072K)
[401.167s][info][gc,metaspace   ] GC(208) Metaspace: 113603K(124480K)->113603K(124480K) NonClass: 97273K(103936K)->97273K(103936K) Class: 16329K(20544K)->16329K(20544K)
[401.167s][info][gc             ] GC(208) Pause Full (Allocation Failure) 989M->958M(989M) 95.560ms
[401.167s][info][gc,cpu         ] GC(208) User=0.09s Sys=0.00s Real=0.09s
[403.492s][info][gc,start       ] GC(209) Pause Full (Allocation Failure)
[403.492s][info][gc,phases,start] GC(209) Phase 1: Mark live objects
[403.531s][info][gc,phases      ] GC(209) Phase 1: Mark live objects 38.652ms
[403.531s][info][gc,phases,start] GC(209) Phase 2: Compute new object addresses
[403.552s][info][gc,phases      ] GC(209) Phase 2: Compute new object addresses 21.327ms
[403.552s][info][gc,phases,start] GC(209) Phase 3: Adjust pointers
[403.576s][info][gc,phases      ] GC(209) Phase 3: Adjust pointers 23.422ms
[403.576s][info][gc,phases,start] GC(209) Phase 4: Move objects
[403.604s][info][gc,phases      ] GC(209) Phase 4: Move objects 28.870ms
[403.605s][info][gc,heap        ] GC(209) DefNew: 314559K(314560K)->286329K(314560K) Eden: 279616K(279616K)->279611K(279616K) From: 34943K(34944K)->6717K(34944K)
[403.605s][info][gc,heap        ] GC(209) Tenured: 699072K(699072K)->699072K(699072K)
[403.605s][info][gc,metaspace   ] GC(209) Metaspace: 113603K(124480K)->113603K(124480K) NonClass: 97273K(103936K)->97273K(103936K) Class: 16329K(20544K)->16329K(20544K)
[403.605s][info][gc             ] GC(209) Pause Full (Allocation Failure) 989M->962M(989M) 113.132ms
[403.605s][info][gc,cpu         ] GC(209) User=0.13s Sys=0.00s Real=0.13s
[406.026s][info][gc,start       ] GC(210) Pause Full (Allocation Failure)
[406.026s][info][gc,phases,start] GC(210) Phase 1: Mark live objects
[406.065s][info][gc,phases      ] GC(210) Phase 1: Mark live objects 38.721ms
[406.065s][info][gc,phases,start] GC(210) Phase 2: Compute new object addresses
[406.087s][info][gc,phases      ] GC(210) Phase 2: Compute new object addresses 22.269ms
[406.087s][info][gc,phases,start] GC(210) Phase 3: Adjust pointers
[406.109s][info][gc,phases      ] GC(210) Phase 3: Adjust pointers 21.696ms
[406.109s][info][gc,phases,start] GC(210) Phase 4: Move objects
[406.111s][info][gc,phases      ] GC(210) Phase 4: Move objects 1.619ms
[406.111s][info][gc,heap        ] GC(210) DefNew: 314559K(314560K)->286442K(314560K) Eden: 279616K(279616K)->279610K(279616K) From: 34943K(34944K)->6831K(34944K)
[406.111s][info][gc,heap        ] GC(210) Tenured: 699072K(699072K)->699072K(699072K)
[406.111s][info][gc,metaspace   ] GC(210) Metaspace: 113607K(124480K)->113607K(124480K) NonClass: 97278K(103936K)->97278K(103936K) Class: 16329K(20544K)->16329K(20544K)
[406.111s][info][gc             ] GC(210) Pause Full (Allocation Failure) 989M->962M(989M) 85.156ms
[406.111s][info][gc,cpu         ] GC(210) User=0.08s Sys=0.00s Real=0.08s
[408.251s][info][gc,start       ] GC(211) Pause Full (Allocation Failure)
[408.251s][info][gc,phases,start] GC(211) Phase 1: Mark live objects
[408.290s][info][gc,phases      ] GC(211) Phase 1: Mark live objects 38.774ms
[408.290s][info][gc,phases,start] GC(211) Phase 2: Compute new object addresses
[408.310s][info][gc,phases      ] GC(211) Phase 2: Compute new object addresses 20.700ms
[408.310s][info][gc,phases,start] GC(211) Phase 3: Adjust pointers
[408.332s][info][gc,phases      ] GC(211) Phase 3: Adjust pointers 21.968ms
[408.332s][info][gc,phases,start] GC(211) Phase 4: Move objects
[408.359s][info][gc,phases      ] GC(211) Phase 4: Move objects 26.506ms
[408.359s][info][gc,heap        ] GC(211) DefNew: 314560K(314560K)->288073K(314560K) Eden: 279616K(279616K)->278018K(279616K) From: 34944K(34944K)->10054K(34944K)
[408.359s][info][gc,heap        ] GC(211) Tenured: 699072K(699072K)->699072K(699072K)
[408.359s][info][gc,metaspace   ] GC(211) Metaspace: 113607K(124480K)->113607K(124480K) NonClass: 97278K(103936K)->97278K(103936K) Class: 16329K(20544K)->16329K(20544K)
[408.359s][info][gc             ] GC(211) Pause Full (Allocation Failure) 989M->964M(989M) 108.827ms
[408.359s][info][gc,cpu         ] GC(211) User=0.11s Sys=0.00s Real=0.11s
[410.477s][info][gc,start       ] GC(212) Pause Full (Allocation Failure)
[410.478s][info][gc,phases,start] GC(212) Phase 1: Mark live objects
[410.516s][info][gc,phases      ] GC(212) Phase 1: Mark live objects 38.851ms
[410.516s][info][gc,phases,start] GC(212) Phase 2: Compute new object addresses
[410.546s][info][gc,phases      ] GC(212) Phase 2: Compute new object addresses 29.868ms
[410.546s][info][gc,phases,start] GC(212) Phase 3: Adjust pointers
[410.572s][info][gc,phases      ] GC(212) Phase 3: Adjust pointers 25.255ms
[410.572s][info][gc,phases,start] GC(212) Phase 4: Move objects
[410.605s][info][gc,phases      ] GC(212) Phase 4: Move objects 33.491ms
[410.606s][info][gc,heap        ] GC(212) DefNew: 314559K(314560K)->288059K(314560K) Eden: 279616K(279616K)->278018K(279616K) From: 34943K(34944K)->10041K(34944K)
[410.606s][info][gc,heap        ] GC(212) Tenured: 699072K(699072K)->698362K(699072K)
[410.606s][info][gc,metaspace   ] GC(212) Metaspace: 113610K(124480K)->113610K(124480K) NonClass: 97281K(103936K)->97281K(103936K) Class: 16329K(20544K)->16329K(20544K)
[410.606s][info][gc             ] GC(212) Pause Full (Allocation Failure) 989M->963M(989M) 128.369ms
[410.606s][info][gc,cpu         ] GC(212) User=0.13s Sys=0.00s Real=0.13s
[412.779s][info][gc,start       ] GC(213) Pause Full (Allocation Failure)
[412.779s][info][gc,phases,start] GC(213) Phase 1: Mark live objects
[412.818s][info][gc,phases      ] GC(213) Phase 1: Mark live objects 38.811ms
[412.818s][info][gc,phases,start] GC(213) Phase 2: Compute new object addresses
[412.840s][info][gc,phases      ] GC(213) Phase 2: Compute new object addresses 21.704ms
[412.840s][info][gc,phases,start] GC(213) Phase 3: Adjust pointers
[412.862s][info][gc,phases      ] GC(213) Phase 3: Adjust pointers 22.098ms
[412.862s][info][gc,phases,start] GC(213) Phase 4: Move objects
[412.886s][info][gc,phases      ] GC(213) Phase 4: Move objects 23.616ms
[412.886s][info][gc,heap        ] GC(213) DefNew: 314559K(314560K)->287946K(314560K) Eden: 279615K(279616K)->278018K(279616K) From: 34943K(34944K)->9927K(34944K)
[412.886s][info][gc,heap        ] GC(213) Tenured: 699072K(699072K)->699072K(699072K)
[412.886s][info][gc,metaspace   ] GC(213) Metaspace: 113610K(124480K)->113610K(124480K) NonClass: 97281K(103936K)->97281K(103936K) Class: 16329K(20544K)->16329K(20544K)
[412.886s][info][gc             ] GC(213) Pause Full (Allocation Failure) 989M->963M(989M) 107.118ms
[412.886s][info][gc,cpu         ] GC(213) User=0.11s Sys=0.00s Real=0.11s
[415.107s][info][gc,start       ] GC(214) Pause Full (Allocation Failure)
[415.107s][info][gc,phases,start] GC(214) Phase 1: Mark live objects
[415.145s][info][gc,phases      ] GC(214) Phase 1: Mark live objects 38.583ms
[415.145s][info][gc,phases,start] GC(214) Phase 2: Compute new object addresses
[415.167s][info][gc,phases      ] GC(214) Phase 2: Compute new object addresses 21.347ms
[415.167s][info][gc,phases,start] GC(214) Phase 3: Adjust pointers
[415.189s][info][gc,phases      ] GC(214) Phase 3: Adjust pointers 21.790ms
[415.189s][info][gc,phases,start] GC(214) Phase 4: Move objects
[415.189s][info][gc,phases      ] GC(214) Phase 4: Move objects 0.665ms
[415.190s][info][gc,heap        ] GC(214) DefNew: 314560K(314560K)->288011K(314560K) Eden: 279616K(279616K)->278018K(279616K) From: 34944K(34944K)->9992K(34944K)
[415.190s][info][gc,heap        ] GC(214) Tenured: 699072K(699072K)->699072K(699072K)
[415.190s][info][gc,metaspace   ] GC(214) Metaspace: 113610K(124480K)->113610K(124480K) NonClass: 97281K(103936K)->97281K(103936K) Class: 16329K(20544K)->16329K(20544K)
[415.190s][info][gc             ] GC(214) Pause Full (Allocation Failure) 989M->963M(989M) 83.240ms
[415.190s][info][gc,cpu         ] GC(214) User=0.08s Sys=0.00s Real=0.08s
[417.326s][info][gc,start       ] GC(215) Pause Full (Allocation Failure)
[417.326s][info][gc,phases,start] GC(215) Phase 1: Mark live objects
[417.365s][info][gc,phases      ] GC(215) Phase 1: Mark live objects 38.992ms
[417.365s][info][gc,phases,start] GC(215) Phase 2: Compute new object addresses
[417.387s][info][gc,phases      ] GC(215) Phase 2: Compute new object addresses 21.193ms
[417.387s][info][gc,phases,start] GC(215) Phase 3: Adjust pointers
[417.408s][info][gc,phases      ] GC(215) Phase 3: Adjust pointers 21.817ms
[417.408s][info][gc,phases,start] GC(215) Phase 4: Move objects
[417.410s][info][gc,phases      ] GC(215) Phase 4: Move objects 1.269ms
[417.410s][info][gc,heap        ] GC(215) DefNew: 314559K(314560K)->288032K(314560K) Eden: 279616K(279616K)->278018K(279616K) From: 34943K(34944K)->10014K(34944K)
[417.410s][info][gc,heap        ] GC(215) Tenured: 699072K(699072K)->699072K(699072K)
[417.410s][info][gc,metaspace   ] GC(215) Metaspace: 113610K(124480K)->113610K(124480K) NonClass: 97281K(103936K)->97281K(103936K) Class: 16329K(20544K)->16329K(20544K)
[417.410s][info][gc             ] GC(215) Pause Full (Allocation Failure) 989M->963M(989M) 84.124ms
[417.410s][info][gc,cpu         ] GC(215) User=0.08s Sys=0.00s Real=0.08s
[419.657s][info][gc,start       ] GC(216) Pause Full (Allocation Failure)
[419.657s][info][gc,phases,start] GC(216) Phase 1: Mark live objects
[419.707s][info][gc,phases      ] GC(216) Phase 1: Mark live objects 49.418ms
[419.707s][info][gc,phases,start] GC(216) Phase 2: Compute new object addresses
[419.729s][info][gc,phases      ] GC(216) Phase 2: Compute new object addresses 22.240ms
[419.732s][info][gc,phases,start] GC(216) Phase 3: Adjust pointers
[419.771s][info][gc,phases      ] GC(216) Phase 3: Adjust pointers 38.468ms
[419.771s][info][gc,phases,start] GC(216) Phase 4: Move objects
[419.806s][info][gc,phases      ] GC(216) Phase 4: Move objects 35.490ms
[419.807s][info][gc,heap        ] GC(216) DefNew: 314560K(314560K)->288046K(314560K) Eden: 279616K(279616K)->278018K(279616K) From: 34944K(34944K)->10028K(34944K)
[419.807s][info][gc,heap        ] GC(216) Tenured: 699072K(699072K)->698362K(699072K)
[419.807s][info][gc,metaspace   ] GC(216) Metaspace: 113610K(124480K)->113610K(124480K) NonClass: 97281K(103936K)->97281K(103936K) Class: 16329K(20544K)->16329K(20544K)
[419.807s][info][gc             ] GC(216) Pause Full (Allocation Failure) 989M->963M(989M) 149.423ms
[419.807s][info][gc,cpu         ] GC(216) User=0.16s Sys=0.00s Real=0.16s
[422.108s][info][gc,start       ] GC(217) Pause Full (Allocation Failure)
[422.108s][info][gc,phases,start] GC(217) Phase 1: Mark live objects
[422.150s][info][gc,phases      ] GC(217) Phase 1: Mark live objects 41.612ms
[422.150s][info][gc,phases,start] GC(217) Phase 2: Compute new object addresses
[422.172s][info][gc,phases      ] GC(217) Phase 2: Compute new object addresses 21.660ms
[422.172s][info][gc,phases,start] GC(217) Phase 3: Adjust pointers
[422.194s][info][gc,phases      ] GC(217) Phase 3: Adjust pointers 22.013ms
[422.194s][info][gc,phases,start] GC(217) Phase 4: Move objects
[422.194s][info][gc,phases      ] GC(217) Phase 4: Move objects 0.529ms
[422.195s][info][gc,heap        ] GC(217) DefNew: 314560K(314560K)->287903K(314560K) Eden: 279616K(279616K)->278018K(279616K) From: 34944K(34944K)->9885K(34944K)
[422.195s][info][gc,heap        ] GC(217) Tenured: 699071K(699072K)->699071K(699072K)
[422.195s][info][gc,metaspace   ] GC(217) Metaspace: 113611K(124480K)->113611K(124480K) NonClass: 97282K(103936K)->97282K(103936K) Class: 16329K(20544K)->16329K(20544K)
[422.195s][info][gc             ] GC(217) Pause Full (Allocation Failure) 989M->963M(989M) 86.707ms
[422.195s][info][gc,cpu         ] GC(217) User=0.09s Sys=0.00s Real=0.09s
[424.114s][info][gc,start       ] GC(218) Pause Full (Allocation Failure)
[424.115s][info][gc,phases,start] GC(218) Phase 1: Mark live objects
[424.153s][info][gc,phases      ] GC(218) Phase 1: Mark live objects 38.622ms
[424.153s][info][gc,phases,start] GC(218) Phase 2: Compute new object addresses
[424.174s][info][gc,phases      ] GC(218) Phase 2: Compute new object addresses 20.263ms
[424.174s][info][gc,phases,start] GC(218) Phase 3: Adjust pointers
[424.195s][info][gc,phases      ] GC(218) Phase 3: Adjust pointers 21.766ms
[424.195s][info][gc,phases,start] GC(218) Phase 4: Move objects
[424.223s][info][gc,phases      ] GC(218) Phase 4: Move objects 27.377ms
[424.223s][info][gc,heap        ] GC(218) DefNew: 314560K(314560K)->289546K(314560K) Eden: 279616K(279616K)->279580K(279616K) From: 34944K(34944K)->9965K(34944K)
[424.223s][info][gc,heap        ] GC(218) Tenured: 699071K(699072K)->699071K(699072K)
[424.223s][info][gc,metaspace   ] GC(218) Metaspace: 113611K(124480K)->113611K(124480K) NonClass: 97282K(103936K)->97282K(103936K) Class: 16329K(20544K)->16329K(20544K)
[424.223s][info][gc             ] GC(218) Pause Full (Allocation Failure) 989M->965M(989M) 108.891ms
[424.223s][info][gc,cpu         ] GC(218) User=0.11s Sys=0.00s Real=0.11s
[426.096s][info][gc,start       ] GC(219) Pause Full (Allocation Failure)
[426.096s][info][gc,phases,start] GC(219) Phase 1: Mark live objects
[426.134s][info][gc,phases      ] GC(219) Phase 1: Mark live objects 38.499ms
[426.134s][info][gc,phases,start] GC(219) Phase 2: Compute new object addresses
[426.154s][info][gc,phases      ] GC(219) Phase 2: Compute new object addresses 19.647ms
[426.154s][info][gc,phases,start] GC(219) Phase 3: Adjust pointers
[426.176s][info][gc,phases      ] GC(219) Phase 3: Adjust pointers 21.850ms
[426.176s][info][gc,phases,start] GC(219) Phase 4: Move objects
[426.202s][info][gc,phases      ] GC(219) Phase 4: Move objects 26.519ms
[426.203s][info][gc,heap        ] GC(219) DefNew: 314559K(314560K)->291159K(314560K) Eden: 279616K(279616K)->278018K(279616K) From: 34943K(34944K)->13141K(34944K)
[426.203s][info][gc,heap        ] GC(219) Tenured: 699071K(699072K)->699071K(699072K)
[426.203s][info][gc,metaspace   ] GC(219) Metaspace: 113611K(124480K)->113611K(124480K) NonClass: 97282K(103936K)->97282K(103936K) Class: 16329K(20544K)->16329K(20544K)
[426.203s][info][gc             ] GC(219) Pause Full (Allocation Failure) 989M->967M(989M) 107.400ms
[426.203s][info][gc,cpu         ] GC(219) User=0.11s Sys=0.00s Real=0.11s
[428.151s][info][gc,start       ] GC(220) Pause Full (Allocation Failure)
[428.151s][info][gc,phases,start] GC(220) Phase 1: Mark live objects
[428.190s][info][gc,phases      ] GC(220) Phase 1: Mark live objects 38.923ms
[428.190s][info][gc,phases,start] GC(220) Phase 2: Compute new object addresses
[428.210s][info][gc,phases      ] GC(220) Phase 2: Compute new object addresses 19.987ms
[428.210s][info][gc,phases,start] GC(220) Phase 3: Adjust pointers
[428.232s][info][gc,phases      ] GC(220) Phase 3: Adjust pointers 21.963ms
[428.232s][info][gc,phases,start] GC(220) Phase 4: Move objects
[428.267s][info][gc,phases      ] GC(220) Phase 4: Move objects 35.270ms
[428.268s][info][gc,heap        ] GC(220) DefNew: 314559K(314560K)->291217K(314560K) Eden: 279616K(279616K)->278018K(279616K) From: 34943K(34944K)->13199K(34944K)
[428.268s][info][gc,heap        ] GC(220) Tenured: 699071K(699072K)->698362K(699072K)
[428.268s][info][gc,metaspace   ] GC(220) Metaspace: 113611K(124480K)->113611K(124480K) NonClass: 97282K(103936K)->97282K(103936K) Class: 16329K(20544K)->16329K(20544K)
[428.268s][info][gc             ] GC(220) Pause Full (Allocation Failure) 989M->966M(989M) 117.013ms
[428.268s][info][gc,cpu         ] GC(220) User=0.11s Sys=0.00s Real=0.11s
[430.207s][info][gc,start       ] GC(221) Pause Full (Allocation Failure)
[430.207s][info][gc,phases,start] GC(221) Phase 1: Mark live objects
[430.246s][info][gc,phases      ] GC(221) Phase 1: Mark live objects 38.817ms
[430.246s][info][gc,phases,start] GC(221) Phase 2: Compute new object addresses
[430.267s][info][gc,phases      ] GC(221) Phase 2: Compute new object addresses 20.345ms
[430.267s][info][gc,phases,start] GC(221) Phase 3: Adjust pointers
[430.288s][info][gc,phases      ] GC(221) Phase 3: Adjust pointers 21.747ms
[430.288s][info][gc,phases,start] GC(221) Phase 4: Move objects
[430.315s][info][gc,phases      ] GC(221) Phase 4: Move objects 26.220ms
[430.315s][info][gc,heap        ] GC(221) DefNew: 314560K(314560K)->290995K(314560K) Eden: 279616K(279616K)->278018K(279616K) From: 34944K(34944K)->12976K(34944K)
[430.315s][info][gc,heap        ] GC(221) Tenured: 699072K(699072K)->699072K(699072K)
[430.315s][info][gc,metaspace   ] GC(221) Metaspace: 113612K(124480K)->113612K(124480K) NonClass: 97283K(103936K)->97283K(103936K) Class: 16329K(20544K)->16329K(20544K)
[430.315s][info][gc             ] GC(221) Pause Full (Allocation Failure) 989M->966M(989M) 107.979ms
[430.315s][info][gc,cpu         ] GC(221) User=0.11s Sys=0.00s Real=0.11s
[432.201s][info][gc,start       ] GC(222) Pause Full (Allocation Failure)
[432.201s][info][gc,phases,start] GC(222) Phase 1: Mark live objects
[432.240s][info][gc,phases      ] GC(222) Phase 1: Mark live objects 38.614ms
[432.247s][info][gc,phases,start] GC(222) Phase 2: Compute new object addresses
[432.317s][info][gc,phases      ] GC(222) Phase 2: Compute new object addresses 69.615ms
[432.317s][info][gc,phases,start] GC(222) Phase 3: Adjust pointers
[432.339s][info][gc,phases      ] GC(222) Phase 3: Adjust pointers 22.222ms
[432.339s][info][gc,phases,start] GC(222) Phase 4: Move objects
[432.341s][info][gc,phases      ] GC(222) Phase 4: Move objects 1.824ms
[432.341s][info][gc,heap        ] GC(222) DefNew: 314559K(314560K)->291127K(314560K) Eden: 279616K(279616K)->278018K(279616K) From: 34943K(34944K)->13109K(34944K)
[432.341s][info][gc,heap        ] GC(222) Tenured: 699072K(699072K)->699072K(699072K)
[432.341s][info][gc,metaspace   ] GC(222) Metaspace: 113612K(124480K)->113612K(124480K) NonClass: 97283K(103936K)->97283K(103936K) Class: 16329K(20544K)->16329K(20544K)
[432.342s][info][gc             ] GC(222) Pause Full (Allocation Failure) 989M->966M(989M) 140.490ms
[432.342s][info][gc,cpu         ] GC(222) User=0.13s Sys=0.00s Real=0.15s
[434.300s][info][gc,start       ] GC(223) Pause Full (Allocation Failure)
[434.300s][info][gc,phases,start] GC(223) Phase 1: Mark live objects
[434.339s][info][gc,phases      ] GC(223) Phase 1: Mark live objects 38.900ms
[434.339s][info][gc,phases,start] GC(223) Phase 2: Compute new object addresses
[434.359s][info][gc,phases      ] GC(223) Phase 2: Compute new object addresses 20.000ms
[434.359s][info][gc,phases,start] GC(223) Phase 3: Adjust pointers
[434.381s][info][gc,phases      ] GC(223) Phase 3: Adjust pointers 21.842ms
[434.381s][info][gc,phases,start] GC(223) Phase 4: Move objects
[434.405s][info][gc,phases      ] GC(223) Phase 4: Move objects 24.080ms
[434.405s][info][gc,heap        ] GC(223) DefNew: 314560K(314560K)->291154K(314560K) Eden: 279616K(279616K)->278018K(279616K) From: 34944K(34944K)->13136K(34944K)
[434.406s][info][gc,heap        ] GC(223) Tenured: 699072K(699072K)->699072K(699072K)
[434.406s][info][gc,metaspace   ] GC(223) Metaspace: 113612K(124480K)->113612K(124480K) NonClass: 97283K(103936K)->97283K(103936K) Class: 16329K(20544K)->16329K(20544K)
[434.406s][info][gc             ] GC(223) Pause Full (Allocation Failure) 989M->967M(989M) 105.679ms
[434.406s][info][gc,cpu         ] GC(223) User=0.11s Sys=0.00s Real=0.11s
[436.353s][info][gc,start       ] GC(224) Pause Full (Allocation Failure)
[436.353s][info][gc,phases,start] GC(224) Phase 1: Mark live objects
[436.392s][info][gc,phases      ] GC(224) Phase 1: Mark live objects 38.860ms
[436.392s][info][gc,phases,start] GC(224) Phase 2: Compute new object addresses
[436.412s][info][gc,phases      ] GC(224) Phase 2: Compute new object addresses 19.843ms
[436.412s][info][gc,phases,start] GC(224) Phase 3: Adjust pointers
[436.433s][info][gc,phases      ] GC(224) Phase 3: Adjust pointers 21.818ms
[436.434s][info][gc,phases,start] GC(224) Phase 4: Move objects
[436.467s][info][gc,phases      ] GC(224) Phase 4: Move objects 33.603ms
[436.468s][info][gc,heap        ] GC(224) DefNew: 314559K(314560K)->291175K(314560K) Eden: 279615K(279616K)->278018K(279616K) From: 34943K(34944K)->13157K(34944K)
[436.468s][info][gc,heap        ] GC(224) Tenured: 699072K(699072K)->698362K(699072K)
[436.468s][info][gc,metaspace   ] GC(224) Metaspace: 113612K(124480K)->113612K(124480K) NonClass: 97283K(103936K)->97283K(103936K) Class: 16329K(20544K)->16329K(20544K)
[436.468s][info][gc             ] GC(224) Pause Full (Allocation Failure) 989M->966M(989M) 115.006ms
[436.468s][info][gc,cpu         ] GC(224) User=0.11s Sys=0.00s Real=0.11s
[438.376s][info][gc,start       ] GC(225) Pause Full (Allocation Failure)
[438.376s][info][gc,phases,start] GC(225) Phase 1: Mark live objects
[438.415s][info][gc,phases      ] GC(225) Phase 1: Mark live objects 38.658ms
[438.415s][info][gc,phases,start] GC(225) Phase 2: Compute new object addresses
[438.435s][info][gc,phases      ] GC(225) Phase 2: Compute new object addresses 20.272ms
[438.435s][info][gc,phases,start] GC(225) Phase 3: Adjust pointers
[438.457s][info][gc,phases      ] GC(225) Phase 3: Adjust pointers 21.856ms
[438.457s][info][gc,phases,start] GC(225) Phase 4: Move objects
[438.481s][info][gc,phases      ] GC(225) Phase 4: Move objects 23.590ms
[438.481s][info][gc,heap        ] GC(225) DefNew: 314559K(314560K)->291032K(314560K) Eden: 279616K(279616K)->278018K(279616K) From: 34943K(34944K)->13014K(34944K)
[438.481s][info][gc,heap        ] GC(225) Tenured: 699071K(699072K)->699071K(699072K)
[438.481s][info][gc,metaspace   ] GC(225) Metaspace: 113612K(124480K)->113612K(124480K) NonClass: 97283K(103936K)->97283K(103936K) Class: 16329K(20544K)->16329K(20544K)
[438.481s][info][gc             ] GC(225) Pause Full (Allocation Failure) 989M->966M(989M) 105.232ms
[438.481s][info][gc,cpu         ] GC(225) User=0.11s Sys=0.00s Real=0.11s
[440.391s][info][gc,start       ] GC(226) Pause Full (Allocation Failure)
[440.391s][info][gc,phases,start] GC(226) Phase 1: Mark live objects
[440.430s][info][gc,phases      ] GC(226) Phase 1: Mark live objects 38.885ms
[440.430s][info][gc,phases,start] GC(226) Phase 2: Compute new object addresses
[440.450s][info][gc,phases      ] GC(226) Phase 2: Compute new object addresses 20.216ms
[440.450s][info][gc,phases,start] GC(226) Phase 3: Adjust pointers
[440.472s][info][gc,phases      ] GC(226) Phase 3: Adjust pointers 21.803ms
[440.472s][info][gc,phases,start] GC(226) Phase 4: Move objects
[440.495s][info][gc,phases      ] GC(226) Phase 4: Move objects 23.577ms
[440.664s][info][gc,heap        ] GC(226) DefNew: 314559K(314560K)->291133K(314560K) Eden: 279616K(279616K)->278018K(279616K) From: 34943K(34944K)->13115K(34944K)
[440.664s][info][gc,heap        ] GC(226) Tenured: 699071K(699072K)->699071K(699072K)
[440.664s][info][gc,metaspace   ] GC(226) Metaspace: 113612K(124480K)->113612K(124480K) NonClass: 97283K(103936K)->97283K(103936K) Class: 16329K(20544K)->16329K(20544K)
[440.664s][info][gc             ] GC(226) Pause Full (Allocation Failure) 989M->966M(989M) 273.601ms
[440.664s][info][gc,cpu         ] GC(226) User=0.11s Sys=0.00s Real=0.29s
[442.595s][info][gc,start       ] GC(227) Pause Full (Allocation Failure)
[442.595s][info][gc,phases,start] GC(227) Phase 1: Mark live objects
[442.634s][info][gc,phases      ] GC(227) Phase 1: Mark live objects 38.459ms
[442.634s][info][gc,phases,start] GC(227) Phase 2: Compute new object addresses
[442.654s][info][gc,phases      ] GC(227) Phase 2: Compute new object addresses 19.930ms
[442.654s][info][gc,phases,start] GC(227) Phase 3: Adjust pointers
[442.682s][info][gc,phases      ] GC(227) Phase 3: Adjust pointers 28.405ms
[442.682s][info][gc,phases,start] GC(227) Phase 4: Move objects
[442.683s][info][gc,phases      ] GC(227) Phase 4: Move objects 0.986ms
[442.684s][info][gc,heap        ] GC(227) DefNew: 314559K(314560K)->291142K(314560K) Eden: 279615K(279616K)->278018K(279616K) From: 34944K(34944K)->13124K(34944K)
[442.684s][info][gc,heap        ] GC(227) Tenured: 699071K(699072K)->699071K(699072K)
[442.684s][info][gc,metaspace   ] GC(227) Metaspace: 113612K(124480K)->113612K(124480K) NonClass: 97283K(103936K)->97283K(103936K) Class: 16329K(20544K)->16329K(20544K)
[442.684s][info][gc             ] GC(227) Pause Full (Allocation Failure) 989M->967M(989M) 88.828ms
[442.684s][info][gc,cpu         ] GC(227) User=0.08s Sys=0.00s Real=0.08s
[444.663s][info][gc,start       ] GC(228) Pause Full (Allocation Failure)
[444.664s][info][gc,phases,start] GC(228) Phase 1: Mark live objects
[444.706s][info][gc,phases      ] GC(228) Phase 1: Mark live objects 42.305ms
[444.706s][info][gc,phases,start] GC(228) Phase 2: Compute new object addresses
[444.726s][info][gc,phases      ] GC(228) Phase 2: Compute new object addresses 20.027ms
[444.726s][info][gc,phases,start] GC(228) Phase 3: Adjust pointers
[444.748s][info][gc,phases      ] GC(228) Phase 3: Adjust pointers 22.287ms
[444.748s][info][gc,phases,start] GC(228) Phase 4: Move objects
[444.749s][info][gc,phases      ] GC(228) Phase 4: Move objects 0.747ms
[444.750s][info][gc,heap        ] GC(228) DefNew: 314559K(314560K)->291166K(314560K) Eden: 279616K(279616K)->278018K(279616K) From: 34943K(34944K)->13148K(34944K)
[444.750s][info][gc,heap        ] GC(228) Tenured: 699071K(699072K)->698362K(699072K)
[444.750s][info][gc,metaspace   ] GC(228) Metaspace: 113612K(124480K)->113612K(124480K) NonClass: 97283K(103936K)->97283K(103936K) Class: 16329K(20544K)->16329K(20544K)
[444.750s][info][gc             ] GC(228) Pause Full (Allocation Failure) 989M->966M(989M) 86.208ms
[444.750s][info][gc,cpu         ] GC(228) User=0.08s Sys=0.00s Real=0.08s
[446.683s][info][gc,start       ] GC(229) Pause Full (Allocation Failure)
[446.684s][info][gc,phases,start] GC(229) Phase 1: Mark live objects
[446.723s][info][gc,phases      ] GC(229) Phase 1: Mark live objects 39.514ms
[446.723s][info][gc,phases,start] GC(229) Phase 2: Compute new object addresses
[446.744s][info][gc,phases      ] GC(229) Phase 2: Compute new object addresses 20.493ms
[446.744s][info][gc,phases,start] GC(229) Phase 3: Adjust pointers
[446.766s][info][gc,phases      ] GC(229) Phase 3: Adjust pointers 22.356ms
[446.766s][info][gc,phases,start] GC(229) Phase 4: Move objects
[446.790s][info][gc,phases      ] GC(229) Phase 4: Move objects 23.922ms
[446.791s][info][gc,heap        ] GC(229) DefNew: 314560K(314560K)->290979K(314560K) Eden: 279616K(279616K)->278018K(279616K) From: 34944K(34944K)->12961K(34944K)
[446.791s][info][gc,heap        ] GC(229) Tenured: 699071K(699072K)->699071K(699072K)
[446.791s][info][gc,metaspace   ] GC(229) Metaspace: 113613K(124480K)->113613K(124480K) NonClass: 97283K(103936K)->97283K(103936K) Class: 16329K(20544K)->16329K(20544K)
[446.791s][info][gc             ] GC(229) Pause Full (Allocation Failure) 989M->966M(989M) 107.184ms
[446.791s][info][gc,cpu         ] GC(229) User=0.11s Sys=0.00s Real=0.11s
[448.756s][info][gc,start       ] GC(230) Pause Full (Allocation Failure)
[448.756s][info][gc,phases,start] GC(230) Phase 1: Mark live objects
[448.795s][info][gc,phases      ] GC(230) Phase 1: Mark live objects 38.341ms
[448.795s][info][gc,phases,start] GC(230) Phase 2: Compute new object addresses
[448.815s][info][gc,phases      ] GC(230) Phase 2: Compute new object addresses 20.095ms
[448.815s][info][gc,phases,start] GC(230) Phase 3: Adjust pointers
[448.836s][info][gc,phases      ] GC(230) Phase 3: Adjust pointers 21.525ms
[448.836s][info][gc,phases,start] GC(230) Phase 4: Move objects
[448.860s][info][gc,phases      ] GC(230) Phase 4: Move objects 23.647ms
[448.861s][info][gc,heap        ] GC(230) DefNew: 314560K(314560K)->291112K(314560K) Eden: 279616K(279616K)->278018K(279616K) From: 34944K(34944K)->13093K(34944K)
[448.861s][info][gc,heap        ] GC(230) Tenured: 699071K(699072K)->699071K(699072K)
[448.861s][info][gc,metaspace   ] GC(230) Metaspace: 113613K(124480K)->113613K(124480K) NonClass: 97283K(103936K)->97283K(103936K) Class: 16329K(20544K)->16329K(20544K)
[448.861s][info][gc             ] GC(230) Pause Full (Allocation Failure) 989M->966M(989M) 104.490ms
[448.861s][info][gc,cpu         ] GC(230) User=0.11s Sys=0.00s Real=0.11s
[450.735s][info][gc,start       ] GC(231) Pause Full (Allocation Failure)
[450.736s][info][gc,phases,start] GC(231) Phase 1: Mark live objects
[450.779s][info][gc,phases      ] GC(231) Phase 1: Mark live objects 43.393ms
[450.779s][info][gc,phases,start] GC(231) Phase 2: Compute new object addresses
[450.804s][info][gc,phases      ] GC(231) Phase 2: Compute new object addresses 25.264ms
[450.804s][info][gc,phases,start] GC(231) Phase 3: Adjust pointers
[450.827s][info][gc,phases      ] GC(231) Phase 3: Adjust pointers 22.268ms
[450.827s][info][gc,phases,start] GC(231) Phase 4: Move objects
[450.827s][info][gc,phases      ] GC(231) Phase 4: Move objects 0.695ms
[450.828s][info][gc,heap        ] GC(231) DefNew: 314560K(314560K)->291140K(314560K) Eden: 279616K(279616K)->278018K(279616K) From: 34944K(34944K)->13122K(34944K)
[450.828s][info][gc,heap        ] GC(231) Tenured: 699071K(699072K)->699071K(699072K)
[450.828s][info][gc,metaspace   ] GC(231) Metaspace: 113615K(124480K)->113615K(124480K) NonClass: 97286K(103936K)->97286K(103936K) Class: 16329K(20544K)->16329K(20544K)
[450.828s][info][gc             ] GC(231) Pause Full (Allocation Failure) 989M->967M(989M) 92.544ms
[450.828s][info][gc,cpu         ] GC(231) User=0.09s Sys=0.00s Real=0.09s
[452.810s][info][gc,start       ] GC(232) Pause Full (Allocation Failure)
[452.810s][info][gc,phases,start] GC(232) Phase 1: Mark live objects
[452.849s][info][gc,phases      ] GC(232) Phase 1: Mark live objects 38.640ms
[452.849s][info][gc,phases,start] GC(232) Phase 2: Compute new object addresses
[452.868s][info][gc,phases      ] GC(232) Phase 2: Compute new object addresses 19.816ms
[452.868s][info][gc,phases,start] GC(232) Phase 3: Adjust pointers
[452.890s][info][gc,phases      ] GC(232) Phase 3: Adjust pointers 21.675ms
[452.890s][info][gc,phases,start] GC(232) Phase 4: Move objects
[452.922s][info][gc,phases      ] GC(232) Phase 4: Move objects 31.851ms
[452.923s][info][gc,heap        ] GC(232) DefNew: 314559K(314560K)->291148K(314560K) Eden: 279616K(279616K)->278018K(279616K) From: 34943K(34944K)->13130K(34944K)
[452.923s][info][gc,heap        ] GC(232) Tenured: 699071K(699072K)->698363K(699072K)
[452.923s][info][gc,metaspace   ] GC(232) Metaspace: 113615K(124480K)->113615K(124480K) NonClass: 97286K(103936K)->97286K(103936K) Class: 16329K(20544K)->16329K(20544K)
[452.923s][info][gc             ] GC(232) Pause Full (Allocation Failure) 989M->966M(989M) 112.854ms
[452.923s][info][gc,cpu         ] GC(232) User=0.09s Sys=0.00s Real=0.10s
[454.666s][info][gc,start       ] GC(233) Pause Full (Allocation Failure)
[454.667s][info][gc,phases,start] GC(233) Phase 1: Mark live objects
[454.716s][info][gc,phases      ] GC(233) Phase 1: Mark live objects 49.212ms
[454.716s][info][gc,phases,start] GC(233) Phase 2: Compute new object addresses
[454.736s][info][gc,phases      ] GC(233) Phase 2: Compute new object addresses 20.183ms
[454.736s][info][gc,phases,start] GC(233) Phase 3: Adjust pointers
[454.763s][info][gc,phases      ] GC(233) Phase 3: Adjust pointers 26.747ms
[454.763s][info][gc,phases,start] GC(233) Phase 4: Move objects
[454.781s][info][gc,phases      ] GC(233) Phase 4: Move objects 17.969ms
[454.782s][info][gc,heap        ] GC(233) DefNew: 314560K(314560K)->292573K(314560K) Eden: 279616K(279616K)->279581K(279616K) From: 34944K(34944K)->12991K(34944K)
[454.782s][info][gc,heap        ] GC(233) Tenured: 699071K(699072K)->699071K(699072K)
[454.782s][info][gc,metaspace   ] GC(233) Metaspace: 113615K(124480K)->113615K(124480K) NonClass: 97286K(103936K)->97286K(103936K) Class: 16329K(20544K)->16329K(20544K)
[454.782s][info][gc             ] GC(233) Pause Full (Allocation Failure) 989M->968M(989M) 115.331ms
[454.782s][info][gc,cpu         ] GC(233) User=0.13s Sys=0.00s Real=0.13s
[456.654s][info][gc,start       ] GC(234) Pause Full (Allocation Failure)
[456.654s][info][gc,phases,start] GC(234) Phase 1: Mark live objects
[456.701s][info][gc,phases      ] GC(234) Phase 1: Mark live objects 47.075ms
[456.701s][info][gc,phases,start] GC(234) Phase 2: Compute new object addresses
[456.721s][info][gc,phases      ] GC(234) Phase 2: Compute new object addresses 20.077ms
[456.721s][info][gc,phases,start] GC(234) Phase 3: Adjust pointers
[456.743s][info][gc,phases      ] GC(234) Phase 3: Adjust pointers 22.047ms
[456.743s][info][gc,phases,start] GC(234) Phase 4: Move objects
[456.767s][info][gc,phases      ] GC(234) Phase 4: Move objects 23.623ms
[456.767s][info][gc,heap        ] GC(234) DefNew: 314560K(314560K)->292743K(314560K) Eden: 279616K(279616K)->279581K(279616K) From: 34944K(34944K)->13161K(34944K)
[456.767s][info][gc,heap        ] GC(234) Tenured: 699072K(699072K)->699072K(699072K)
[456.767s][info][gc,metaspace   ] GC(234) Metaspace: 113615K(124480K)->113615K(124480K) NonClass: 97286K(103936K)->97286K(103936K) Class: 16329K(20544K)->16329K(20544K)
[456.767s][info][gc             ] GC(234) Pause Full (Allocation Failure) 989M->968M(989M) 113.697ms
[456.768s][info][gc,cpu         ] GC(234) User=0.11s Sys=0.00s Real=0.11s
[458.695s][info][gc,start       ] GC(235) Pause Full (Allocation Failure)
[458.695s][info][gc,phases,start] GC(235) Phase 1: Mark live objects
[458.745s][info][gc,phases      ] GC(235) Phase 1: Mark live objects 49.665ms
[458.745s][info][gc,phases,start] GC(235) Phase 2: Compute new object addresses
[458.765s][info][gc,phases      ] GC(235) Phase 2: Compute new object addresses 20.553ms
[458.765s][info][gc,phases,start] GC(235) Phase 3: Adjust pointers
[458.792s][info][gc,phases      ] GC(235) Phase 3: Adjust pointers 26.804ms
[458.792s][info][gc,phases,start] GC(235) Phase 4: Move objects
[458.796s][info][gc,phases      ] GC(235) Phase 4: Move objects 3.458ms
[458.797s][info][gc,heap        ] GC(235) DefNew: 314559K(314560K)->292769K(314560K) Eden: 279615K(279616K)->279581K(279616K) From: 34944K(34944K)->13188K(34944K)
[458.797s][info][gc,heap        ] GC(235) Tenured: 699072K(699072K)->699072K(699072K)
[458.797s][info][gc,metaspace   ] GC(235) Metaspace: 113615K(124480K)->113615K(124480K) NonClass: 97286K(103936K)->97286K(103936K) Class: 16329K(20544K)->16329K(20544K)
[458.797s][info][gc             ] GC(235) Pause Full (Allocation Failure) 989M->968M(989M) 102.267ms
[458.797s][info][gc,cpu         ] GC(235) User=0.11s Sys=0.00s Real=0.11s
[460.741s][info][gc,start       ] GC(236) Pause Full (Allocation Failure)
[460.741s][info][gc,phases,start] GC(236) Phase 1: Mark live objects
[460.787s][info][gc,phases      ] GC(236) Phase 1: Mark live objects 46.078ms
[460.787s][info][gc,phases,start] GC(236) Phase 2: Compute new object addresses
[460.807s][info][gc,phases      ] GC(236) Phase 2: Compute new object addresses 19.578ms
[460.807s][info][gc,phases,start] GC(236) Phase 3: Adjust pointers
[460.829s][info][gc,phases      ] GC(236) Phase 3: Adjust pointers 21.793ms
[460.829s][info][gc,phases,start] GC(236) Phase 4: Move objects
[460.839s][info][gc,phases      ] GC(236) Phase 4: Move objects 10.145ms
[460.840s][info][gc,heap        ] GC(236) DefNew: 314560K(314560K)->292719K(314560K) Eden: 279616K(279616K)->279581K(279616K) From: 34944K(34944K)->13138K(34944K)
[460.840s][info][gc,heap        ] GC(236) Tenured: 699072K(699072K)->698362K(699072K)
[460.840s][info][gc,metaspace   ] GC(236) Metaspace: 113616K(124480K)->113616K(124480K) NonClass: 97287K(103936K)->97287K(103936K) Class: 16329K(20544K)->16329K(20544K)
[460.840s][info][gc             ] GC(236) Pause Full (Allocation Failure) 989M->967M(989M) 98.470ms
[460.840s][info][gc,cpu         ] GC(236) User=0.11s Sys=0.00s Real=0.11s
[462.770s][info][gc,start       ] GC(237) Pause Full (Allocation Failure)
[462.771s][info][gc,phases,start] GC(237) Phase 1: Mark live objects
[462.809s][info][gc,phases      ] GC(237) Phase 1: Mark live objects 38.359ms
[462.809s][info][gc,phases,start] GC(237) Phase 2: Compute new object addresses
[462.829s][info][gc,phases      ] GC(237) Phase 2: Compute new object addresses 19.894ms
[462.829s][info][gc,phases,start] GC(237) Phase 3: Adjust pointers
[462.851s][info][gc,phases      ] GC(237) Phase 3: Adjust pointers 21.890ms
[462.851s][info][gc,phases,start] GC(237) Phase 4: Move objects
[462.873s][info][gc,phases      ] GC(237) Phase 4: Move objects 22.100ms
[462.873s][info][gc,heap        ] GC(237) DefNew: 314559K(314560K)->292502K(314560K) Eden: 279616K(279616K)->279581K(279616K) From: 34943K(34944K)->12921K(34944K)
[462.874s][info][gc,heap        ] GC(237) Tenured: 699071K(699072K)->699071K(699072K)
[462.874s][info][gc,metaspace   ] GC(237) Metaspace: 113616K(124480K)->113616K(124480K) NonClass: 97287K(103936K)->97287K(103936K) Class: 16329K(20544K)->16329K(20544K)
[462.874s][info][gc             ] GC(237) Pause Full (Allocation Failure) 989M->968M(989M) 103.085ms
[462.874s][info][gc,cpu         ] GC(237) User=0.09s Sys=0.00s Real=0.09s
[464.858s][info][gc,start       ] GC(238) Pause Full (Allocation Failure)
[464.858s][info][gc,phases,start] GC(238) Phase 1: Mark live objects
[464.897s][info][gc,phases      ] GC(238) Phase 1: Mark live objects 38.842ms
[464.897s][info][gc,phases,start] GC(238) Phase 2: Compute new object addresses
[464.917s][info][gc,phases      ] GC(238) Phase 2: Compute new object addresses 19.621ms
[464.917s][info][gc,phases,start] GC(238) Phase 3: Adjust pointers
[464.939s][info][gc,phases      ] GC(238) Phase 3: Adjust pointers 21.840ms
[464.939s][info][gc,phases,start] GC(238) Phase 4: Move objects
[464.939s][info][gc,phases      ] GC(238) Phase 4: Move objects 0.736ms
[464.940s][info][gc,heap        ] GC(238) DefNew: 314559K(314560K)->292801K(314560K) Eden: 279616K(279616K)->279581K(279616K) From: 34943K(34944K)->13220K(34944K)
[464.940s][info][gc,heap        ] GC(238) Tenured: 699071K(699072K)->699071K(699072K)
[464.940s][info][gc,metaspace   ] GC(238) Metaspace: 113616K(124480K)->113616K(124480K) NonClass: 97287K(103936K)->97287K(103936K) Class: 16329K(20544K)->16329K(20544K)
[464.940s][info][gc             ] GC(238) Pause Full (Allocation Failure) 989M->968M(989M) 81.885ms
[464.940s][info][gc,cpu         ] GC(238) User=0.08s Sys=0.00s Real=0.08s
[466.790s][info][gc,start       ] GC(239) Pause Full (Allocation Failure)
[466.790s][info][gc,phases,start] GC(239) Phase 1: Mark live objects
[466.829s][info][gc,phases      ] GC(239) Phase 1: Mark live objects 39.245ms
[466.843s][info][gc,phases,start] GC(239) Phase 2: Compute new object addresses
[466.877s][info][gc,phases      ] GC(239) Phase 2: Compute new object addresses 34.463ms
[466.877s][info][gc,phases,start] GC(239) Phase 3: Adjust pointers
[466.900s][info][gc,phases      ] GC(239) Phase 3: Adjust pointers 22.696ms
[466.900s][info][gc,phases,start] GC(239) Phase 4: Move objects
[466.924s][info][gc,phases      ] GC(239) Phase 4: Move objects 23.695ms
[466.924s][info][gc,heap        ] GC(239) DefNew: 314559K(314560K)->292787K(314560K) Eden: 279616K(279616K)->279581K(279616K) From: 34943K(34944K)->13206K(34944K)
[466.924s][info][gc,heap        ] GC(239) Tenured: 699071K(699072K)->699071K(699072K)
[466.924s][info][gc,metaspace   ] GC(239) Metaspace: 113617K(124480K)->113617K(124480K) NonClass: 97287K(103936K)->97287K(103936K) Class: 16329K(20544K)->16329K(20544K)
[466.924s][info][gc             ] GC(239) Pause Full (Allocation Failure) 989M->968M(989M) 134.800ms
[466.924s][info][gc,cpu         ] GC(239) User=0.14s Sys=0.00s Real=0.14s
[468.897s][info][gc,start       ] GC(240) Pause Full (Allocation Failure)
[468.897s][info][gc,phases,start] GC(240) Phase 1: Mark live objects
[468.936s][info][gc,phases      ] GC(240) Phase 1: Mark live objects 38.813ms
[468.936s][info][gc,phases,start] GC(240) Phase 2: Compute new object addresses
[468.956s][info][gc,phases      ] GC(240) Phase 2: Compute new object addresses 19.518ms
[468.956s][info][gc,phases,start] GC(240) Phase 3: Adjust pointers
[468.978s][info][gc,phases      ] GC(240) Phase 3: Adjust pointers 21.897ms
[468.978s][info][gc,phases,start] GC(240) Phase 4: Move objects
[469.009s][info][gc,phases      ] GC(240) Phase 4: Move objects 31.579ms
[469.010s][info][gc,heap        ] GC(240) DefNew: 314560K(314560K)->292768K(314560K) Eden: 279616K(279616K)->279581K(279616K) From: 34944K(34944K)->13187K(34944K)
[469.010s][info][gc,heap        ] GC(240) Tenured: 699071K(699072K)->698362K(699072K)
[469.010s][info][gc,metaspace   ] GC(240) Metaspace: 113617K(124480K)->113617K(124480K) NonClass: 97287K(103936K)->97287K(103936K) Class: 16329K(20544K)->16329K(20544K)
[469.010s][info][gc             ] GC(240) Pause Full (Allocation Failure) 989M->967M(989M) 112.674ms
[469.010s][info][gc,cpu         ] GC(240) User=0.11s Sys=0.00s Real=0.11s
[471.012s][info][gc,start       ] GC(241) Pause Full (Allocation Failure)
[471.012s][info][gc,phases,start] GC(241) Phase 1: Mark live objects
[471.051s][info][gc,phases      ] GC(241) Phase 1: Mark live objects 38.927ms
[471.051s][info][gc,phases,start] GC(241) Phase 2: Compute new object addresses
[471.071s][info][gc,phases      ] GC(241) Phase 2: Compute new object addresses 19.939ms
[471.071s][info][gc,phases,start] GC(241) Phase 3: Adjust pointers
[471.093s][info][gc,phases      ] GC(241) Phase 3: Adjust pointers 22.038ms
[471.093s][info][gc,phases,start] GC(241) Phase 4: Move objects
[471.115s][info][gc,phases      ] GC(241) Phase 4: Move objects 22.341ms
[471.116s][info][gc,heap        ] GC(241) DefNew: 314560K(314560K)->292609K(314560K) Eden: 279616K(279616K)->279581K(279616K) From: 34944K(34944K)->13028K(34944K)
[471.116s][info][gc,heap        ] GC(241) Tenured: 699071K(699072K)->699071K(699072K)
[471.116s][info][gc,metaspace   ] GC(241) Metaspace: 113617K(124480K)->113617K(124480K) NonClass: 97287K(103936K)->97287K(103936K) Class: 16329K(20544K)->16329K(20544K)
[471.116s][info][gc             ] GC(241) Pause Full (Allocation Failure) 989M->968M(989M) 104.094ms
[471.116s][info][gc,cpu         ] GC(241) User=0.11s Sys=0.00s Real=0.11s
[472.988s][info][gc,start       ] GC(242) Pause Full (Allocation Failure)
[472.988s][info][gc,phases,start] GC(242) Phase 1: Mark live objects
[473.027s][info][gc,phases      ] GC(242) Phase 1: Mark live objects 38.941ms
[473.027s][info][gc,phases,start] GC(242) Phase 2: Compute new object addresses
[473.047s][info][gc,phases      ] GC(242) Phase 2: Compute new object addresses 19.919ms
[473.047s][info][gc,phases,start] GC(242) Phase 3: Adjust pointers
[473.069s][info][gc,phases      ] GC(242) Phase 3: Adjust pointers 22.136ms
[473.069s][info][gc,phases,start] GC(242) Phase 4: Move objects
[473.091s][info][gc,phases      ] GC(242) Phase 4: Move objects 22.545ms
[473.092s][info][gc,heap        ] GC(242) DefNew: 314560K(314560K)->292746K(314560K) Eden: 279616K(279616K)->279580K(279616K) From: 34944K(34944K)->13165K(34944K)
[473.092s][info][gc,heap        ] GC(242) Tenured: 699072K(699072K)->699072K(699072K)
[473.092s][info][gc,metaspace   ] GC(242) Metaspace: 113617K(124480K)->113617K(124480K) NonClass: 97287K(103936K)->97287K(103936K) Class: 16329K(20544K)->16329K(20544K)
[473.092s][info][gc             ] GC(242) Pause Full (Allocation Failure) 989M->968M(989M) 104.399ms
[473.092s][info][gc,cpu         ] GC(242) User=0.11s Sys=0.00s Real=0.11s
[474.955s][info][gc,start       ] GC(243) Pause Full (Allocation Failure)
[474.955s][info][gc,phases,start] GC(243) Phase 1: Mark live objects
[474.993s][info][gc,phases      ] GC(243) Phase 1: Mark live objects 38.580ms
[474.994s][info][gc,phases,start] GC(243) Phase 2: Compute new object addresses
[475.013s][info][gc,phases      ] GC(243) Phase 2: Compute new object addresses 19.438ms
[475.013s][info][gc,phases,start] GC(243) Phase 3: Adjust pointers
[475.035s][info][gc,phases      ] GC(243) Phase 3: Adjust pointers 21.554ms
[475.035s][info][gc,phases,start] GC(243) Phase 4: Move objects
[475.057s][info][gc,phases      ] GC(243) Phase 4: Move objects 22.665ms
[475.239s][info][gc,heap        ] GC(243) DefNew: 314560K(314560K)->292708K(314560K) Eden: 279616K(279616K)->279580K(279616K) From: 34944K(34944K)->13127K(34944K)
[475.239s][info][gc,heap        ] GC(243) Tenured: 699072K(699072K)->699072K(699072K)
[475.239s][info][gc,metaspace   ] GC(243) Metaspace: 113617K(124480K)->113617K(124480K) NonClass: 97287K(103936K)->97287K(103936K) Class: 16329K(20544K)->16329K(20544K)
[475.239s][info][gc             ] GC(243) Pause Full (Allocation Failure) 989M->968M(989M) 284.542ms
[475.239s][info][gc,cpu         ] GC(243) User=0.11s Sys=0.00s Real=0.29s
[477.199s][info][gc,start       ] GC(244) Pause Full (Allocation Failure)
[477.199s][info][gc,phases,start] GC(244) Phase 1: Mark live objects
[477.238s][info][gc,phases      ] GC(244) Phase 1: Mark live objects 38.873ms
[477.238s][info][gc,phases,start] GC(244) Phase 2: Compute new object addresses
[477.257s][info][gc,phases      ] GC(244) Phase 2: Compute new object addresses 19.522ms
[477.257s][info][gc,phases,start] GC(244) Phase 3: Adjust pointers
[477.280s][info][gc,phases      ] GC(244) Phase 3: Adjust pointers 22.911ms
[477.280s][info][gc,phases,start] GC(244) Phase 4: Move objects
[477.309s][info][gc,phases      ] GC(244) Phase 4: Move objects 28.465ms
[477.310s][info][gc,heap        ] GC(244) DefNew: 314560K(314560K)->292663K(314560K) Eden: 279616K(279616K)->279580K(279616K) From: 34944K(34944K)->13082K(34944K)
[477.310s][info][gc,heap        ] GC(244) Tenured: 699072K(699072K)->698362K(699072K)
[477.310s][info][gc,metaspace   ] GC(244) Metaspace: 113618K(124480K)->113618K(124480K) NonClass: 97288K(103936K)->97288K(103936K) Class: 16329K(20544K)->16329K(20544K)
[477.310s][info][gc             ] GC(244) Pause Full (Allocation Failure) 989M->967M(989M) 110.766ms
[477.310s][info][gc,cpu         ] GC(244) User=0.11s Sys=0.00s Real=0.11s
[478.732s][info][gc,start       ] GC(245) Pause Full (Allocation Failure)
[478.732s][info][gc,phases,start] GC(245) Phase 1: Mark live objects
[478.770s][info][gc,phases      ] GC(245) Phase 1: Mark live objects 38.477ms
[478.770s][info][gc,phases,start] GC(245) Phase 2: Compute new object addresses
[478.787s][info][gc,phases      ] GC(245) Phase 2: Compute new object addresses 17.313ms
[478.788s][info][gc,phases,start] GC(245) Phase 3: Adjust pointers
[478.809s][info][gc,phases      ] GC(245) Phase 3: Adjust pointers 21.957ms
[478.810s][info][gc,phases,start] GC(245) Phase 4: Move objects
[478.843s][info][gc,phases      ] GC(245) Phase 4: Move objects 33.649ms
[478.844s][info][gc,heap        ] GC(245) DefNew: 314560K(314560K)->295679K(314560K) Eden: 279616K(279616K)->279583K(279616K) From: 34944K(34944K)->16095K(34944K)
[478.844s][info][gc,heap        ] GC(245) Tenured: 699071K(699072K)->699071K(699072K)
[478.844s][info][gc,metaspace   ] GC(245) Metaspace: 113618K(124480K)->113618K(124480K) NonClass: 97288K(103936K)->97288K(103936K) Class: 16329K(20544K)->16329K(20544K)
[478.844s][info][gc             ] GC(245) Pause Full (Allocation Failure) 989M->971M(989M) 112.257ms
[478.844s][info][gc,cpu         ] GC(245) User=0.11s Sys=0.00s Real=0.11s
[480.537s][info][gc,start       ] GC(246) Pause Full (Allocation Failure)
[480.538s][info][gc,phases,start] GC(246) Phase 1: Mark live objects
[480.576s][info][gc,phases      ] GC(246) Phase 1: Mark live objects 38.475ms
[480.576s][info][gc,phases,start] GC(246) Phase 2: Compute new object addresses
[480.594s][info][gc,phases      ] GC(246) Phase 2: Compute new object addresses 18.404ms
[480.594s][info][gc,phases,start] GC(246) Phase 3: Adjust pointers
[480.616s][info][gc,phases      ] GC(246) Phase 3: Adjust pointers 21.547ms
[480.616s][info][gc,phases,start] GC(246) Phase 4: Move objects
[480.618s][info][gc,phases      ] GC(246) Phase 4: Move objects 2.039ms
[480.619s][info][gc,heap        ] GC(246) DefNew: 314559K(314560K)->295782K(314560K) Eden: 279615K(279616K)->279583K(279616K) From: 34943K(34944K)->16198K(34944K)
[480.619s][info][gc,heap        ] GC(246) Tenured: 699071K(699072K)->699071K(699072K)
[480.619s][info][gc,metaspace   ] GC(246) Metaspace: 113619K(124480K)->113619K(124480K) NonClass: 97290K(103936K)->97290K(103936K) Class: 16329K(20544K)->16329K(20544K)
[480.619s][info][gc             ] GC(246) Pause Full (Allocation Failure) 989M->971M(989M) 81.324ms
[480.619s][info][gc,cpu         ] GC(246) User=0.08s Sys=0.00s Real=0.08s
[482.308s][info][gc,start       ] GC(247) Pause Full (Allocation Failure)
[482.308s][info][gc,phases,start] GC(247) Phase 1: Mark live objects
[482.348s][info][gc,phases      ] GC(247) Phase 1: Mark live objects 39.129ms
[482.348s][info][gc,phases,start] GC(247) Phase 2: Compute new object addresses
[482.366s][info][gc,phases      ] GC(247) Phase 2: Compute new object addresses 18.242ms
[482.366s][info][gc,phases,start] GC(247) Phase 3: Adjust pointers
[482.388s][info][gc,phases      ] GC(247) Phase 3: Adjust pointers 21.770ms
[482.388s][info][gc,phases,start] GC(247) Phase 4: Move objects
[482.390s][info][gc,phases      ] GC(247) Phase 4: Move objects 2.682ms
[482.391s][info][gc,heap        ] GC(247) DefNew: 314559K(314560K)->295855K(314560K) Eden: 279616K(279616K)->279583K(279616K) From: 34943K(34944K)->16271K(34944K)
[482.391s][info][gc,heap        ] GC(247) Tenured: 699071K(699072K)->699071K(699072K)
[482.391s][info][gc,metaspace   ] GC(247) Metaspace: 113619K(124480K)->113619K(124480K) NonClass: 97290K(103936K)->97290K(103936K) Class: 16329K(20544K)->16329K(20544K)
[482.391s][info][gc             ] GC(247) Pause Full (Allocation Failure) 989M->971M(989M) 82.688ms
[482.391s][info][gc,cpu         ] GC(247) User=0.09s Sys=0.00s Real=0.09s
[484.049s][info][gc,start       ] GC(248) Pause Full (Allocation Failure)
[484.049s][info][gc,phases,start] GC(248) Phase 1: Mark live objects
[484.088s][info][gc,phases      ] GC(248) Phase 1: Mark live objects 38.416ms
[484.088s][info][gc,phases,start] GC(248) Phase 2: Compute new object addresses
[484.106s][info][gc,phases      ] GC(248) Phase 2: Compute new object addresses 18.083ms
[484.106s][info][gc,phases,start] GC(248) Phase 3: Adjust pointers
[484.128s][info][gc,phases      ] GC(248) Phase 3: Adjust pointers 21.652ms
[484.128s][info][gc,phases,start] GC(248) Phase 4: Move objects
[484.128s][info][gc,phases      ] GC(248) Phase 4: Move objects 0.728ms
[484.129s][info][gc,heap        ] GC(248) DefNew: 314559K(314560K)->295895K(314560K) Eden: 279616K(279616K)->279583K(279616K) From: 34943K(34944K)->16311K(34944K)
[484.129s][info][gc,heap        ] GC(248) Tenured: 699071K(699072K)->698362K(699072K)
[484.129s][info][gc,metaspace   ] GC(248) Metaspace: 113619K(124480K)->113619K(124480K) NonClass: 97290K(103936K)->97290K(103936K) Class: 16329K(20544K)->16329K(20544K)
[484.129s][info][gc             ] GC(248) Pause Full (Allocation Failure) 989M->970M(989M) 79.745ms
[484.129s][info][gc,cpu         ] GC(248) User=0.08s Sys=0.00s Real=0.08s
[485.879s][info][gc,start       ] GC(249) Pause Full (Allocation Failure)
[485.879s][info][gc,phases,start] GC(249) Phase 1: Mark live objects
[485.918s][info][gc,phases      ] GC(249) Phase 1: Mark live objects 38.724ms
[485.918s][info][gc,phases,start] GC(249) Phase 2: Compute new object addresses
[485.937s][info][gc,phases      ] GC(249) Phase 2: Compute new object addresses 18.561ms
[485.937s][info][gc,phases,start] GC(249) Phase 3: Adjust pointers
[485.959s][info][gc,phases      ] GC(249) Phase 3: Adjust pointers 21.980ms
[485.959s][info][gc,phases,start] GC(249) Phase 4: Move objects
[485.982s][info][gc,phases      ] GC(249) Phase 4: Move objects 23.490ms
[485.983s][info][gc,heap        ] GC(249) DefNew: 314559K(314560K)->295746K(314560K) Eden: 279616K(279616K)->279583K(279616K) From: 34943K(34944K)->16162K(34944K)
[485.983s][info][gc,heap        ] GC(249) Tenured: 699071K(699072K)->699071K(699072K)
[485.983s][info][gc,metaspace   ] GC(249) Metaspace: 113619K(124480K)->113619K(124480K) NonClass: 97290K(103936K)->97290K(103936K) Class: 16329K(20544K)->16329K(20544K)
[485.983s][info][gc             ] GC(249) Pause Full (Allocation Failure) 989M->971M(989M) 103.757ms
[485.983s][info][gc,cpu         ] GC(249) User=0.09s Sys=0.00s Real=0.09s
[487.666s][info][gc,start       ] GC(250) Pause Full (Allocation Failure)
[487.666s][info][gc,phases,start] GC(250) Phase 1: Mark live objects
[487.705s][info][gc,phases      ] GC(250) Phase 1: Mark live objects 38.861ms
[487.705s][info][gc,phases,start] GC(250) Phase 2: Compute new object addresses
[487.723s][info][gc,phases      ] GC(250) Phase 2: Compute new object addresses 18.392ms
[487.723s][info][gc,phases,start] GC(250) Phase 3: Adjust pointers
[487.745s][info][gc,phases      ] GC(250) Phase 3: Adjust pointers 21.805ms
[487.745s][info][gc,phases,start] GC(250) Phase 4: Move objects
[487.747s][info][gc,phases      ] GC(250) Phase 4: Move objects 1.795ms
[487.747s][info][gc,heap        ] GC(250) DefNew: 314559K(314560K)->295885K(314560K) Eden: 279616K(279616K)->279583K(279616K) From: 34943K(34944K)->16301K(34944K)
[487.747s][info][gc,heap        ] GC(250) Tenured: 699071K(699072K)->699071K(699072K)
[487.747s][info][gc,metaspace   ] GC(250) Metaspace: 113619K(124480K)->113619K(124480K) NonClass: 97290K(103936K)->97290K(103936K) Class: 16329K(20544K)->16329K(20544K)
[487.748s][info][gc             ] GC(250) Pause Full (Allocation Failure) 989M->971M(989M) 81.699ms
[487.748s][info][gc,cpu         ] GC(250) User=0.09s Sys=0.00s Real=0.09s
[489.424s][info][gc,start       ] GC(251) Pause Full (Allocation Failure)
[489.424s][info][gc,phases,start] GC(251) Phase 1: Mark live objects
[489.462s][info][gc,phases      ] GC(251) Phase 1: Mark live objects 38.431ms
[489.462s][info][gc,phases,start] GC(251) Phase 2: Compute new object addresses
[489.480s][info][gc,phases      ] GC(251) Phase 2: Compute new object addresses 18.204ms
[489.480s][info][gc,phases,start] GC(251) Phase 3: Adjust pointers
[489.502s][info][gc,phases      ] GC(251) Phase 3: Adjust pointers 21.672ms
[489.502s][info][gc,phases,start] GC(251) Phase 4: Move objects
[489.503s][info][gc,phases      ] GC(251) Phase 4: Move objects 0.721ms
[489.503s][info][gc,heap        ] GC(251) DefNew: 314559K(314560K)->295863K(314560K) Eden: 279616K(279616K)->279583K(279616K) From: 34943K(34944K)->16279K(34944K)
[489.503s][info][gc,heap        ] GC(251) Tenured: 699071K(699072K)->699071K(699072K)
[489.503s][info][gc,metaspace   ] GC(251) Metaspace: 113619K(124480K)->113619K(124480K) NonClass: 97290K(103936K)->97290K(103936K) Class: 16329K(20544K)->16329K(20544K)
[489.503s][info][gc             ] GC(251) Pause Full (Allocation Failure) 989M->971M(989M) 79.855ms
[489.504s][info][gc,cpu         ] GC(251) User=0.08s Sys=0.00s Real=0.08s
[491.170s][info][gc,start       ] GC(252) Pause Full (Allocation Failure)
[491.170s][info][gc,phases,start] GC(252) Phase 1: Mark live objects
[491.209s][info][gc,phases      ] GC(252) Phase 1: Mark live objects 38.808ms
[491.209s][info][gc,phases,start] GC(252) Phase 2: Compute new object addresses
[491.227s][info][gc,phases      ] GC(252) Phase 2: Compute new object addresses 18.171ms
[491.227s][info][gc,phases,start] GC(252) Phase 3: Adjust pointers
[491.249s][info][gc,phases      ] GC(252) Phase 3: Adjust pointers 21.803ms
[491.249s][info][gc,phases,start] GC(252) Phase 4: Move objects
[491.274s][info][gc,phases      ] GC(252) Phase 4: Move objects 24.626ms
[491.274s][info][gc,heap        ] GC(252) DefNew: 314560K(314560K)->295926K(314560K) Eden: 279616K(279616K)->279583K(279616K) From: 34944K(34944K)->16342K(34944K)
[491.274s][info][gc,heap        ] GC(252) Tenured: 699071K(699072K)->698362K(699072K)
[491.274s][info][gc,metaspace   ] GC(252) Metaspace: 113620K(124480K)->113620K(124480K) NonClass: 97290K(103936K)->97290K(103936K) Class: 16329K(20544K)->16329K(20544K)
[491.274s][info][gc             ] GC(252) Pause Full (Allocation Failure) 989M->970M(989M) 104.282ms
[491.274s][info][gc,cpu         ] GC(252) User=0.11s Sys=0.00s Real=0.11s
[492.943s][info][gc,start       ] GC(253) Pause Full (Allocation Failure)
[492.943s][info][gc,phases,start] GC(253) Phase 1: Mark live objects
[492.983s][info][gc,phases      ] GC(253) Phase 1: Mark live objects 40.049ms
[492.983s][info][gc,phases,start] GC(253) Phase 2: Compute new object addresses
[493.002s][info][gc,phases      ] GC(253) Phase 2: Compute new object addresses 18.607ms
[493.002s][info][gc,phases,start] GC(253) Phase 3: Adjust pointers
[493.025s][info][gc,phases      ] GC(253) Phase 3: Adjust pointers 23.473ms
[493.025s][info][gc,phases,start] GC(253) Phase 4: Move objects
[493.062s][info][gc,phases      ] GC(253) Phase 4: Move objects 36.996ms
[493.063s][info][gc,heap        ] GC(253) DefNew: 314560K(314560K)->295728K(314560K) Eden: 279616K(279616K)->279583K(279616K) From: 34944K(34944K)->16144K(34944K)
[493.063s][info][gc,heap        ] GC(253) Tenured: 699071K(699072K)->699071K(699072K)
[493.063s][info][gc,metaspace   ] GC(253) Metaspace: 113620K(124480K)->113620K(124480K) NonClass: 97290K(103936K)->97290K(103936K) Class: 16329K(20544K)->16329K(20544K)
[493.063s][info][gc             ] GC(253) Pause Full (Allocation Failure) 989M->971M(989M) 120.080ms
[493.063s][info][gc,cpu         ] GC(253) User=0.13s Sys=0.00s Real=0.13s
[494.758s][info][gc,start       ] GC(254) Pause Full (Allocation Failure)
[494.758s][info][gc,phases,start] GC(254) Phase 1: Mark live objects
[494.797s][info][gc,phases      ] GC(254) Phase 1: Mark live objects 38.699ms
[494.797s][info][gc,phases,start] GC(254) Phase 2: Compute new object addresses
[494.815s][info][gc,phases      ] GC(254) Phase 2: Compute new object addresses 18.488ms
[494.815s][info][gc,phases,start] GC(254) Phase 3: Adjust pointers
[494.837s][info][gc,phases      ] GC(254) Phase 3: Adjust pointers 21.497ms
[494.837s][info][gc,phases,start] GC(254) Phase 4: Move objects
[494.859s][info][gc,phases      ] GC(254) Phase 4: Move objects 21.952ms
[494.859s][info][gc,heap        ] GC(254) DefNew: 314559K(314560K)->295786K(314560K) Eden: 279616K(279616K)->279583K(279616K) From: 34943K(34944K)->16202K(34944K)
[494.859s][info][gc,heap        ] GC(254) Tenured: 699072K(699072K)->699072K(699072K)
[494.859s][info][gc,metaspace   ] GC(254) Metaspace: 113620K(124480K)->113620K(124480K) NonClass: 97290K(103936K)->97290K(103936K) Class: 16329K(20544K)->16329K(20544K)
[494.859s][info][gc             ] GC(254) Pause Full (Allocation Failure) 989M->971M(989M) 101.487ms
[494.859s][info][gc,cpu         ] GC(254) User=0.11s Sys=0.00s Real=0.11s
[496.454s][info][gc,start       ] GC(255) Pause Full (Allocation Failure)
[496.454s][info][gc,phases,start] GC(255) Phase 1: Mark live objects
[496.493s][info][gc,phases      ] GC(255) Phase 1: Mark live objects 38.729ms
[496.493s][info][gc,phases,start] GC(255) Phase 2: Compute new object addresses
[496.511s][info][gc,phases      ] GC(255) Phase 2: Compute new object addresses 18.175ms
[496.511s][info][gc,phases,start] GC(255) Phase 3: Adjust pointers
[496.532s][info][gc,phases      ] GC(255) Phase 3: Adjust pointers 21.577ms
[496.532s][info][gc,phases,start] GC(255) Phase 4: Move objects
[496.571s][info][gc,phases      ] GC(255) Phase 4: Move objects 38.296ms
[496.571s][info][gc,heap        ] GC(255) DefNew: 314560K(314560K)->295841K(314560K) Eden: 279616K(279616K)->279583K(279616K) From: 34944K(34944K)->16257K(34944K)
[496.571s][info][gc,heap        ] GC(255) Tenured: 699072K(699072K)->699072K(699072K)
[496.571s][info][gc,metaspace   ] GC(255) Metaspace: 113620K(124480K)->113620K(124480K) NonClass: 97290K(103936K)->97290K(103936K) Class: 16329K(20544K)->16329K(20544K)
[496.571s][info][gc             ] GC(255) Pause Full (Allocation Failure) 989M->971M(989M) 117.692ms
[496.571s][info][gc,cpu         ] GC(255) User=0.13s Sys=0.00s Real=0.12s
[498.255s][info][gc,start       ] GC(256) Pause Full (Allocation Failure)
[498.255s][info][gc,phases,start] GC(256) Phase 1: Mark live objects
[498.294s][info][gc,phases      ] GC(256) Phase 1: Mark live objects 39.034ms
[498.294s][info][gc,phases,start] GC(256) Phase 2: Compute new object addresses
[498.313s][info][gc,phases      ] GC(256) Phase 2: Compute new object addresses 18.387ms
[498.313s][info][gc,phases,start] GC(256) Phase 3: Adjust pointers
[498.334s][info][gc,phases      ] GC(256) Phase 3: Adjust pointers 21.854ms
[498.334s][info][gc,phases,start] GC(256) Phase 4: Move objects
[498.335s][info][gc,phases      ] GC(256) Phase 4: Move objects 0.804ms
[498.336s][info][gc,heap        ] GC(256) DefNew: 314559K(314560K)->295856K(314560K) Eden: 279615K(279616K)->279583K(279616K) From: 34944K(34944K)->16272K(34944K)
[498.336s][info][gc,heap        ] GC(256) Tenured: 699072K(699072K)->698362K(699072K)
[498.336s][info][gc,metaspace   ] GC(256) Metaspace: 113620K(124480K)->113620K(124480K) NonClass: 97290K(103936K)->97290K(103936K) Class: 16329K(20544K)->16329K(20544K)
[498.336s][info][gc             ] GC(256) Pause Full (Allocation Failure) 989M->970M(989M) 80.944ms
[498.336s][info][gc,cpu         ] GC(256) User=0.09s Sys=0.00s Real=0.09s
[499.533s][info][gc,start       ] GC(257) Pause Full (Allocation Failure)
[499.533s][info][gc,phases,start] GC(257) Phase 1: Mark live objects
[499.584s][info][gc,phases      ] GC(257) Phase 1: Mark live objects 50.340ms
[499.584s][info][gc,phases,start] GC(257) Phase 2: Compute new object addresses
[499.601s][info][gc,phases      ] GC(257) Phase 2: Compute new object addresses 17.224ms
[499.601s][info][gc,phases,start] GC(257) Phase 3: Adjust pointers
[499.628s][info][gc,phases      ] GC(257) Phase 3: Adjust pointers 26.692ms
[499.628s][info][gc,phases,start] GC(257) Phase 4: Move objects
[499.657s][info][gc,phases      ] GC(257) Phase 4: Move objects 28.957ms
[499.658s][info][gc,heap        ] GC(257) DefNew: 314560K(314560K)->298905K(314560K) Eden: 279616K(279616K)->279583K(279616K) From: 34944K(34944K)->19321K(34944K)
[499.658s][info][gc,heap        ] GC(257) Tenured: 699072K(699072K)->699072K(699072K)
[499.658s][info][gc,metaspace   ] GC(257) Metaspace: 113620K(124480K)->113620K(124480K) NonClass: 97290K(103936K)->97290K(103936K) Class: 16329K(20544K)->16329K(20544K)
[499.658s][info][gc             ] GC(257) Pause Full (Allocation Failure) 989M->974M(989M) 124.506ms
[499.658s][info][gc,cpu         ] GC(257) User=0.13s Sys=0.00s Real=0.13s
[501.062s][info][gc,start       ] GC(258) Pause Full (Allocation Failure)
[501.062s][info][gc,phases,start] GC(258) Phase 1: Mark live objects
[501.108s][info][gc,phases      ] GC(258) Phase 1: Mark live objects 46.333ms
[501.108s][info][gc,phases,start] GC(258) Phase 2: Compute new object addresses
[501.126s][info][gc,phases      ] GC(258) Phase 2: Compute new object addresses 17.456ms
[501.126s][info][gc,phases,start] GC(258) Phase 3: Adjust pointers
[501.148s][info][gc,phases      ] GC(258) Phase 3: Adjust pointers 22.568ms
[501.148s][info][gc,phases,start] GC(258) Phase 4: Move objects
[501.151s][info][gc,phases      ] GC(258) Phase 4: Move objects 2.144ms
[501.151s][info][gc,heap        ] GC(258) DefNew: 314559K(314560K)->298995K(314560K) Eden: 279616K(279616K)->279583K(279616K) From: 34943K(34944K)->19411K(34944K)
[501.151s][info][gc,heap        ] GC(258) Tenured: 699072K(699072K)->699072K(699072K)
[501.151s][info][gc,metaspace   ] GC(258) Metaspace: 113620K(124480K)->113620K(124480K) NonClass: 97290K(103936K)->97290K(103936K) Class: 16329K(20544K)->16329K(20544K)
[501.151s][info][gc             ] GC(258) Pause Full (Allocation Failure) 989M->974M(989M) 89.400ms
[501.151s][info][gc,cpu         ] GC(258) User=0.08s Sys=0.00s Real=0.08s
[502.142s][info][gc,start       ] GC(259) Pause Full (Allocation Failure)
[502.143s][info][gc,phases,start] GC(259) Phase 1: Mark live objects
[502.181s][info][gc,phases      ] GC(259) Phase 1: Mark live objects 38.584ms
[502.181s][info][gc,phases,start] GC(259) Phase 2: Compute new object addresses
[502.205s][info][gc,phases      ] GC(259) Phase 2: Compute new object addresses 23.274ms
[502.205s][info][gc,phases,start] GC(259) Phase 3: Adjust pointers
[502.229s][info][gc,phases      ] GC(259) Phase 3: Adjust pointers 24.802ms
[502.229s][info][gc,phases,start] GC(259) Phase 4: Move objects
[502.230s][info][gc,phases      ] GC(259) Phase 4: Move objects 0.557ms
[502.231s][info][gc,heap        ] GC(259) DefNew: 310513K(314560K)->298865K(314560K) Eden: 279616K(279616K)->279583K(279616K) From: 30897K(34944K)->19282K(34944K)
[502.231s][info][gc,heap        ] GC(259) Tenured: 699072K(699072K)->699072K(699072K)
[502.231s][info][gc,metaspace   ] GC(259) Metaspace: 113620K(124480K)->113620K(124480K) NonClass: 97290K(103936K)->97290K(103936K) Class: 16329K(20544K)->16329K(20544K)
[502.231s][info][gc             ] GC(259) Pause Full (Allocation Failure) 985M->974M(989M) 88.164ms
[502.231s][info][gc,cpu         ] GC(259) User=0.08s Sys=0.06s Real=0.09s
[503.081s][info][gc,start       ] GC(260) Pause Full (Allocation Failure)
[503.081s][info][gc,phases,start] GC(260) Phase 1: Mark live objects
[503.119s][info][gc,phases      ] GC(260) Phase 1: Mark live objects 38.287ms
[503.119s][info][gc,phases,start] GC(260) Phase 2: Compute new object addresses
[503.134s][info][gc,phases      ] GC(260) Phase 2: Compute new object addresses 14.300ms
[503.134s][info][gc,phases,start] GC(260) Phase 3: Adjust pointers
[503.155s][info][gc,phases      ] GC(260) Phase 3: Adjust pointers 21.252ms
[503.155s][info][gc,phases,start] GC(260) Phase 4: Move objects
[503.189s][info][gc,phases      ] GC(260) Phase 4: Move objects 34.456ms
[503.190s][info][gc,heap        ] GC(260) DefNew: 314559K(314560K)->302092K(314560K) Eden: 279616K(279616K)->279589K(279616K) From: 34943K(34944K)->22503K(34944K)
[503.190s][info][gc,heap        ] GC(260) Tenured: 699072K(699072K)->698362K(699072K)
[503.190s][info][gc,metaspace   ] GC(260) Metaspace: 113620K(124480K)->113620K(124480K) NonClass: 97290K(103936K)->97290K(103936K) Class: 16329K(20544K)->16329K(20544K)
[503.190s][info][gc             ] GC(260) Pause Full (Allocation Failure) 989M->977M(989M) 109.190ms
[503.190s][info][gc,cpu         ] GC(260) User=0.11s Sys=0.00s Real=0.11s
[504.329s][info][gc,start       ] GC(261) Pause Full (Allocation Failure)
[504.329s][info][gc,phases,start] GC(261) Phase 1: Mark live objects
[504.367s][info][gc,phases      ] GC(261) Phase 1: Mark live objects 38.092ms
[504.367s][info][gc,phases,start] GC(261) Phase 2: Compute new object addresses
[504.383s][info][gc,phases      ] GC(261) Phase 2: Compute new object addresses 16.062ms
[504.383s][info][gc,phases,start] GC(261) Phase 3: Adjust pointers
[504.405s][info][gc,phases      ] GC(261) Phase 3: Adjust pointers 21.643ms
[504.405s][info][gc,phases,start] GC(261) Phase 4: Move objects
[504.406s][info][gc,phases      ] GC(261) Phase 4: Move objects 0.960ms
[504.406s][info][gc,heap        ] GC(261) DefNew: 314559K(314560K)->301924K(314560K) Eden: 279616K(279616K)->279589K(279616K) From: 34943K(34944K)->22335K(34944K)
[504.406s][info][gc,heap        ] GC(261) Tenured: 699071K(699072K)->699071K(699072K)
[504.406s][info][gc,metaspace   ] GC(261) Metaspace: 113620K(124480K)->113620K(124480K) NonClass: 97290K(103936K)->97290K(103936K) Class: 16329K(20544K)->16329K(20544K)
[504.406s][info][gc             ] GC(261) Pause Full (Allocation Failure) 989M->977M(989M) 77.591ms
[504.406s][info][gc,cpu         ] GC(261) User=0.08s Sys=0.00s Real=0.08s
[505.501s][info][gc,start       ] GC(262) Pause Full (Allocation Failure)
[505.501s][info][gc,phases,start] GC(262) Phase 1: Mark live objects
[505.539s][info][gc,phases      ] GC(262) Phase 1: Mark live objects 37.963ms
[505.539s][info][gc,phases,start] GC(262) Phase 2: Compute new object addresses
[505.555s][info][gc,phases      ] GC(262) Phase 2: Compute new object addresses 15.779ms
[505.555s][info][gc,phases,start] GC(262) Phase 3: Adjust pointers
[505.576s][info][gc,phases      ] GC(262) Phase 3: Adjust pointers 21.254ms
[505.602s][info][gc,phases,start] GC(262) Phase 4: Move objects
[505.603s][info][gc,phases      ] GC(262) Phase 4: Move objects 1.140ms
[505.604s][info][gc,heap        ] GC(262) DefNew: 314560K(314560K)->302011K(314560K) Eden: 279616K(279616K)->279589K(279616K) From: 34944K(34944K)->22422K(34944K)
[505.604s][info][gc,heap        ] GC(262) Tenured: 699071K(699072K)->699071K(699072K)
[505.604s][info][gc,metaspace   ] GC(262) Metaspace: 113620K(124480K)->113620K(124480K) NonClass: 97290K(103936K)->97290K(103936K) Class: 16329K(20544K)->16329K(20544K)
[505.604s][info][gc             ] GC(262) Pause Full (Allocation Failure) 989M->977M(989M) 103.112ms
[505.604s][info][gc,cpu         ] GC(262) User=0.08s Sys=0.00s Real=0.09s
[506.721s][info][gc,start       ] GC(263) Pause Full (Allocation Failure)
[506.721s][info][gc,phases,start] GC(263) Phase 1: Mark live objects
[506.760s][info][gc,phases      ] GC(263) Phase 1: Mark live objects 38.683ms
[506.760s][info][gc,phases,start] GC(263) Phase 2: Compute new object addresses
[506.776s][info][gc,phases      ] GC(263) Phase 2: Compute new object addresses 15.583ms
[506.776s][info][gc,phases,start] GC(263) Phase 3: Adjust pointers
[506.797s][info][gc,phases      ] GC(263) Phase 3: Adjust pointers 21.682ms
[506.797s][info][gc,phases,start] GC(263) Phase 4: Move objects
[506.825s][info][gc,phases      ] GC(263) Phase 4: Move objects 27.714ms
[506.826s][info][gc,heap        ] GC(263) DefNew: 314559K(314560K)->302133K(314560K) Eden: 279616K(279616K)->279588K(279616K) From: 34943K(34944K)->22544K(34944K)
[506.826s][info][gc,heap        ] GC(263) Tenured: 699071K(699072K)->699071K(699072K)
[506.826s][info][gc,metaspace   ] GC(263) Metaspace: 113625K(124480K)->113625K(124480K) NonClass: 97295K(103936K)->97295K(103936K) Class: 16329K(20544K)->16329K(20544K)
[506.826s][info][gc             ] GC(263) Pause Full (Allocation Failure) 989M->977M(989M) 104.543ms
[506.826s][info][gc,cpu         ] GC(263) User=0.11s Sys=0.00s Real=0.11s
[507.879s][info][gc,start       ] GC(264) Pause Full (Allocation Failure)
[507.879s][info][gc,phases,start] GC(264) Phase 1: Mark live objects
[507.918s][info][gc,phases      ] GC(264) Phase 1: Mark live objects 38.605ms
[507.918s][info][gc,phases,start] GC(264) Phase 2: Compute new object addresses
[507.934s][info][gc,phases      ] GC(264) Phase 2: Compute new object addresses 15.535ms
[507.934s][info][gc,phases,start] GC(264) Phase 3: Adjust pointers
[507.955s][info][gc,phases      ] GC(264) Phase 3: Adjust pointers 21.537ms
[507.955s][info][gc,phases,start] GC(264) Phase 4: Move objects
[507.979s][info][gc,phases      ] GC(264) Phase 4: Move objects 23.993ms
[507.980s][info][gc,heap        ] GC(264) DefNew: 314559K(314560K)->302128K(314560K) Eden: 279616K(279616K)->279588K(279616K) From: 34943K(34944K)->22539K(34944K)
[507.980s][info][gc,heap        ] GC(264) Tenured: 699071K(699072K)->698362K(699072K)
[507.980s][info][gc,metaspace   ] GC(264) Metaspace: 113625K(124480K)->113625K(124480K) NonClass: 97295K(103936K)->97295K(103936K) Class: 16329K(20544K)->16329K(20544K)
[507.980s][info][gc             ] GC(264) Pause Full (Allocation Failure) 989M->977M(989M) 100.540ms
[507.980s][info][gc,cpu         ] GC(264) User=0.09s Sys=0.00s Real=0.09s
[509.104s][info][gc,start       ] GC(265) Pause Full (Allocation Failure)
[509.104s][info][gc,phases,start] GC(265) Phase 1: Mark live objects
[509.142s][info][gc,phases      ] GC(265) Phase 1: Mark live objects 38.203ms
[509.142s][info][gc,phases,start] GC(265) Phase 2: Compute new object addresses
[509.158s][info][gc,phases      ] GC(265) Phase 2: Compute new object addresses 15.967ms
[509.158s][info][gc,phases,start] GC(265) Phase 3: Adjust pointers
[509.180s][info][gc,phases      ] GC(265) Phase 3: Adjust pointers 21.574ms
[509.180s][info][gc,phases,start] GC(265) Phase 4: Move objects
[509.201s][info][gc,phases      ] GC(265) Phase 4: Move objects 21.835ms
[509.202s][info][gc,heap        ] GC(265) DefNew: 314559K(314560K)->301948K(314560K) Eden: 279616K(279616K)->279588K(279616K) From: 34943K(34944K)->22359K(34944K)
[509.202s][info][gc,heap        ] GC(265) Tenured: 699070K(699072K)->699070K(699072K)
[509.202s][info][gc,metaspace   ] GC(265) Metaspace: 113625K(124480K)->113625K(124480K) NonClass: 97295K(103936K)->97295K(103936K) Class: 16329K(20544K)->16329K(20544K)
[509.202s][info][gc             ] GC(265) Pause Full (Allocation Failure) 989M->977M(989M) 98.426ms
[509.202s][info][gc,cpu         ] GC(265) User=0.09s Sys=0.00s Real=0.09s
[510.342s][info][gc,start       ] GC(266) Pause Full (Allocation Failure)
[510.342s][info][gc,phases,start] GC(266) Phase 1: Mark live objects
[510.381s][info][gc,phases      ] GC(266) Phase 1: Mark live objects 38.656ms
[510.381s][info][gc,phases,start] GC(266) Phase 2: Compute new object addresses
[510.397s][info][gc,phases      ] GC(266) Phase 2: Compute new object addresses 15.841ms
[510.397s][info][gc,phases,start] GC(266) Phase 3: Adjust pointers
[510.419s][info][gc,phases      ] GC(266) Phase 3: Adjust pointers 21.930ms
[510.419s][info][gc,phases,start] GC(266) Phase 4: Move objects
[510.420s][info][gc,phases      ] GC(266) Phase 4: Move objects 1.720ms
[510.421s][info][gc,heap        ] GC(266) DefNew: 314560K(314560K)->302097K(314560K) Eden: 279616K(279616K)->279588K(279616K) From: 34944K(34944K)->22508K(34944K)
[510.421s][info][gc,heap        ] GC(266) Tenured: 699071K(699072K)->699071K(699072K)
[510.421s][info][gc,metaspace   ] GC(266) Metaspace: 113625K(124480K)->113625K(124480K) NonClass: 97295K(103936K)->97295K(103936K) Class: 16329K(20544K)->16329K(20544K)
[510.421s][info][gc             ] GC(266) Pause Full (Allocation Failure) 989M->977M(989M) 78.995ms
[510.421s][info][gc,cpu         ] GC(266) User=0.08s Sys=0.00s Real=0.08s
[511.549s][info][gc,start       ] GC(267) Pause Full (Allocation Failure)
[511.550s][info][gc,phases,start] GC(267) Phase 1: Mark live objects
[511.588s][info][gc,phases      ] GC(267) Phase 1: Mark live objects 38.606ms
[511.588s][info][gc,phases,start] GC(267) Phase 2: Compute new object addresses
[511.604s][info][gc,phases      ] GC(267) Phase 2: Compute new object addresses 15.626ms
[511.604s][info][gc,phases,start] GC(267) Phase 3: Adjust pointers
[511.625s][info][gc,phases      ] GC(267) Phase 3: Adjust pointers 21.438ms
[511.625s][info][gc,phases,start] GC(267) Phase 4: Move objects
[511.626s][info][gc,phases      ] GC(267) Phase 4: Move objects 0.663ms
[511.627s][info][gc,heap        ] GC(267) DefNew: 314559K(314560K)->302114K(314560K) Eden: 279615K(279616K)->279588K(279616K) From: 34943K(34944K)->22525K(34944K)
[511.627s][info][gc,heap        ] GC(267) Tenured: 699071K(699072K)->699071K(699072K)
[511.627s][info][gc,metaspace   ] GC(267) Metaspace: 113625K(124480K)->113625K(124480K) NonClass: 97295K(103936K)->97295K(103936K) Class: 16329K(20544K)->16329K(20544K)
[511.627s][info][gc             ] GC(267) Pause Full (Allocation Failure) 989M->977M(989M) 77.200ms
[511.627s][info][gc,cpu         ] GC(267) User=0.08s Sys=0.00s Real=0.08s
[512.752s][info][gc,start       ] GC(268) Pause Full (Allocation Failure)
[512.753s][info][gc,phases,start] GC(268) Phase 1: Mark live objects
[512.809s][info][gc,phases      ] GC(268) Phase 1: Mark live objects 56.939ms
[512.810s][info][gc,phases,start] GC(268) Phase 2: Compute new object addresses
[512.829s][info][gc,phases      ] GC(268) Phase 2: Compute new object addresses 19.256ms
[512.829s][info][gc,phases,start] GC(268) Phase 3: Adjust pointers
[512.864s][info][gc,phases      ] GC(268) Phase 3: Adjust pointers 35.477ms
[512.864s][info][gc,phases,start] GC(268) Phase 4: Move objects
[512.865s][info][gc,phases      ] GC(268) Phase 4: Move objects 0.732ms
[512.866s][info][gc,heap        ] GC(268) DefNew: 314559K(314560K)->302116K(314560K) Eden: 279616K(279616K)->279588K(279616K) From: 34943K(34944K)->22527K(34944K)
[512.866s][info][gc,heap        ] GC(268) Tenured: 699071K(699072K)->698362K(699072K)
[512.866s][info][gc,metaspace   ] GC(268) Metaspace: 113625K(124480K)->113625K(124480K) NonClass: 97295K(103936K)->97295K(103936K) Class: 16329K(20544K)->16329K(20544K)
[512.866s][info][gc             ] GC(268) Pause Full (Allocation Failure) 989M->977M(989M) 113.342ms
[512.866s][info][gc,cpu         ] GC(268) User=0.11s Sys=0.00s Real=0.11s
[514.055s][info][gc,start       ] GC(269) Pause Full (Allocation Failure)
[514.056s][info][gc,phases,start] GC(269) Phase 1: Mark live objects
[514.095s][info][gc,phases      ] GC(269) Phase 1: Mark live objects 39.697ms
[514.095s][info][gc,phases,start] GC(269) Phase 2: Compute new object addresses
[514.111s][info][gc,phases      ] GC(269) Phase 2: Compute new object addresses 15.996ms
[514.111s][info][gc,phases,start] GC(269) Phase 3: Adjust pointers
[514.133s][info][gc,phases      ] GC(269) Phase 3: Adjust pointers 21.571ms
[514.133s][info][gc,phases,start] GC(269) Phase 4: Move objects
[514.133s][info][gc,phases      ] GC(269) Phase 4: Move objects 0.483ms
[514.134s][info][gc,heap        ] GC(269) DefNew: 314560K(314560K)->302003K(314560K) Eden: 279616K(279616K)->279588K(279616K) From: 34944K(34944K)->22414K(34944K)
[514.134s][info][gc,heap        ] GC(269) Tenured: 699071K(699072K)->699071K(699072K)
[514.134s][info][gc,metaspace   ] GC(269) Metaspace: 113625K(124480K)->113625K(124480K) NonClass: 97295K(103936K)->97295K(103936K) Class: 16329K(20544K)->16329K(20544K)
[514.134s][info][gc             ] GC(269) Pause Full (Allocation Failure) 989M->977M(989M) 78.582ms
[514.134s][info][gc,cpu         ] GC(269) User=0.08s Sys=0.00s Real=0.08s
[514.710s][info][gc,start       ] GC(270) Pause Full (Allocation Failure)
[514.710s][info][gc,phases,start] GC(270) Phase 1: Mark live objects
[514.749s][info][gc,phases      ] GC(270) Phase 1: Mark live objects 38.144ms
[514.749s][info][gc,phases,start] GC(270) Phase 2: Compute new object addresses
[514.762s][info][gc,phases      ] GC(270) Phase 2: Compute new object addresses 13.197ms
[514.762s][info][gc,phases,start] GC(270) Phase 3: Adjust pointers
[514.783s][info][gc,phases      ] GC(270) Phase 3: Adjust pointers 21.411ms
[514.783s][info][gc,phases,start] GC(270) Phase 4: Move objects
[514.819s][info][gc,phases      ] GC(270) Phase 4: Move objects 35.707ms
[514.820s][info][gc,heap        ] GC(270) DefNew: 314559K(314560K)->305270K(314560K) Eden: 279616K(279616K)->279593K(279616K) From: 34943K(34944K)->25676K(34944K)
[514.820s][info][gc,heap        ] GC(270) Tenured: 699071K(699072K)->699071K(699072K)
[514.820s][info][gc,metaspace   ] GC(270) Metaspace: 113625K(124480K)->113625K(124480K) NonClass: 97295K(103936K)->97295K(103936K) Class: 16329K(20544K)->16329K(20544K)
[514.820s][info][gc             ] GC(270) Pause Full (Allocation Failure) 989M->980M(989M) 109.395ms
[514.820s][info][gc,cpu         ] GC(270) User=0.11s Sys=0.00s Real=0.11s
[515.653s][info][gc,start       ] GC(271) Pause Full (Allocation Failure)
[515.653s][info][gc,phases,start] GC(271) Phase 1: Mark live objects
[515.692s][info][gc,phases      ] GC(271) Phase 1: Mark live objects 38.228ms
[515.692s][info][gc,phases,start] GC(271) Phase 2: Compute new object addresses
[515.706s][info][gc,phases      ] GC(271) Phase 2: Compute new object addresses 14.289ms
[515.706s][info][gc,phases,start] GC(271) Phase 3: Adjust pointers
[515.727s][info][gc,phases      ] GC(271) Phase 3: Adjust pointers 21.405ms
[515.727s][info][gc,phases,start] GC(271) Phase 4: Move objects
[515.750s][info][gc,phases      ] GC(271) Phase 4: Move objects 23.045ms
[515.751s][info][gc,heap        ] GC(271) DefNew: 314559K(314560K)->305264K(314560K) Eden: 279616K(279616K)->279593K(279616K) From: 34943K(34944K)->25670K(34944K)
[515.751s][info][gc,heap        ] GC(271) Tenured: 699071K(699072K)->699071K(699072K)
[515.751s][info][gc,metaspace   ] GC(271) Metaspace: 113625K(124480K)->113625K(124480K) NonClass: 97295K(103936K)->97295K(103936K) Class: 16329K(20544K)->16329K(20544K)
[515.751s][info][gc             ] GC(271) Pause Full (Allocation Failure) 989M->980M(989M) 97.808ms
[515.751s][info][gc,cpu         ] GC(271) User=0.09s Sys=0.00s Real=0.09s
[516.548s][info][gc,start       ] GC(272) Pause Full (Allocation Failure)
[516.548s][info][gc,phases,start] GC(272) Phase 1: Mark live objects
[516.587s][info][gc,phases      ] GC(272) Phase 1: Mark live objects 38.913ms
[516.587s][info][gc,phases,start] GC(272) Phase 2: Compute new object addresses
[516.601s][info][gc,phases      ] GC(272) Phase 2: Compute new object addresses 14.458ms
[516.601s][info][gc,phases,start] GC(272) Phase 3: Adjust pointers
[516.623s][info][gc,phases      ] GC(272) Phase 3: Adjust pointers 21.631ms
[516.623s][info][gc,phases,start] GC(272) Phase 4: Move objects
[516.650s][info][gc,phases      ] GC(272) Phase 4: Move objects 26.659ms
[516.650s][info][gc,heap        ] GC(272) DefNew: 314559K(314560K)->305257K(314560K) Eden: 279616K(279616K)->279593K(279616K) From: 34943K(34944K)->25663K(34944K)
[516.650s][info][gc,heap        ] GC(272) Tenured: 699071K(699072K)->698362K(699072K)
[516.650s][info][gc,metaspace   ] GC(272) Metaspace: 113627K(124480K)->113627K(124480K) NonClass: 97298K(103936K)->97298K(103936K) Class: 16329K(20544K)->16329K(20544K)
[516.650s][info][gc             ] GC(272) Pause Full (Allocation Failure) 989M->980M(989M) 102.504ms
[516.650s][info][gc,cpu         ] GC(272) User=0.09s Sys=0.00s Real=0.09s
[517.509s][info][gc,start       ] GC(273) Pause Full (Allocation Failure)
[517.509s][info][gc,phases,start] GC(273) Phase 1: Mark live objects
[517.547s][info][gc,phases      ] GC(273) Phase 1: Mark live objects 38.466ms
[517.547s][info][gc,phases,start] GC(273) Phase 2: Compute new object addresses
[517.562s][info][gc,phases      ] GC(273) Phase 2: Compute new object addresses 14.685ms
[517.562s][info][gc,phases,start] GC(273) Phase 3: Adjust pointers
[517.584s][info][gc,phases      ] GC(273) Phase 3: Adjust pointers 21.563ms
[517.584s][info][gc,phases,start] GC(273) Phase 4: Move objects
[517.585s][info][gc,phases      ] GC(273) Phase 4: Move objects 1.476ms
[517.586s][info][gc,heap        ] GC(273) DefNew: 314560K(314560K)->305111K(314560K) Eden: 279616K(279616K)->279593K(279616K) From: 34944K(34944K)->25517K(34944K)
[517.586s][info][gc,heap        ] GC(273) Tenured: 699071K(699072K)->699071K(699072K)
[517.586s][info][gc,metaspace   ] GC(273) Metaspace: 113629K(124480K)->113629K(124480K) NonClass: 97299K(103936K)->97299K(103936K) Class: 16329K(20544K)->16329K(20544K)
[517.586s][info][gc             ] GC(273) Pause Full (Allocation Failure) 989M->980M(989M) 77.015ms
[517.586s][info][gc,cpu         ] GC(273) User=0.08s Sys=0.00s Real=0.08s
[518.404s][info][gc,start       ] GC(274) Pause Full (Allocation Failure)
[518.404s][info][gc,phases,start] GC(274) Phase 1: Mark live objects
[518.443s][info][gc,phases      ] GC(274) Phase 1: Mark live objects 38.972ms
[518.443s][info][gc,phases,start] GC(274) Phase 2: Compute new object addresses
[518.458s][info][gc,phases      ] GC(274) Phase 2: Compute new object addresses 14.503ms
[518.458s][info][gc,phases,start] GC(274) Phase 3: Adjust pointers
[518.479s][info][gc,phases      ] GC(274) Phase 3: Adjust pointers 21.506ms
[518.479s][info][gc,phases,start] GC(274) Phase 4: Move objects
[518.480s][info][gc,phases      ] GC(274) Phase 4: Move objects 0.732ms
[518.481s][info][gc,heap        ] GC(274) DefNew: 314560K(314560K)->305253K(314560K) Eden: 279616K(279616K)->279593K(279616K) From: 34944K(34944K)->25659K(34944K)
[518.481s][info][gc,heap        ] GC(274) Tenured: 699071K(699072K)->699071K(699072K)
[518.481s][info][gc,metaspace   ] GC(274) Metaspace: 113629K(124480K)->113629K(124480K) NonClass: 97299K(103936K)->97299K(103936K) Class: 16329K(20544K)->16329K(20544K)
[518.481s][info][gc             ] GC(274) Pause Full (Allocation Failure) 989M->980M(989M) 76.571ms
[518.481s][info][gc,cpu         ] GC(274) User=0.08s Sys=0.00s Real=0.08s
[519.310s][info][gc,start       ] GC(275) Pause Full (Allocation Failure)
[519.310s][info][gc,phases,start] GC(275) Phase 1: Mark live objects
[519.348s][info][gc,phases      ] GC(275) Phase 1: Mark live objects 37.843ms
[519.348s][info][gc,phases,start] GC(275) Phase 2: Compute new object addresses
[519.362s][info][gc,phases      ] GC(275) Phase 2: Compute new object addresses 14.288ms
[519.362s][info][gc,phases,start] GC(275) Phase 3: Adjust pointers
[519.383s][info][gc,phases      ] GC(275) Phase 3: Adjust pointers 21.382ms
[519.383s][info][gc,phases,start] GC(275) Phase 4: Move objects
[519.384s][info][gc,phases      ] GC(275) Phase 4: Move objects 0.663ms
[519.385s][info][gc,heap        ] GC(275) DefNew: 314560K(314560K)->305213K(314560K) Eden: 279616K(279616K)->279593K(279616K) From: 34944K(34944K)->25619K(34944K)
[519.385s][info][gc,heap        ] GC(275) Tenured: 699072K(699072K)->699072K(699072K)
[519.385s][info][gc,metaspace   ] GC(275) Metaspace: 113629K(124480K)->113629K(124480K) NonClass: 97299K(103936K)->97299K(103936K) Class: 16329K(20544K)->16329K(20544K)
[519.385s][info][gc             ] GC(275) Pause Full (Allocation Failure) 989M->980M(989M) 75.006ms
[519.385s][info][gc,cpu         ] GC(275) User=0.08s Sys=0.00s Real=0.08s
[520.190s][info][gc,start       ] GC(276) Pause Full (Allocation Failure)
[520.190s][info][gc,phases,start] GC(276) Phase 1: Mark live objects
[520.228s][info][gc,phases      ] GC(276) Phase 1: Mark live objects 38.122ms
[520.228s][info][gc,phases,start] GC(276) Phase 2: Compute new object addresses
[520.253s][info][gc,phases      ] GC(276) Phase 2: Compute new object addresses 25.248ms
[520.253s][info][gc,phases,start] GC(276) Phase 3: Adjust pointers
[520.277s][info][gc,phases      ] GC(276) Phase 3: Adjust pointers 23.293ms
[520.277s][info][gc,phases,start] GC(276) Phase 4: Move objects
[520.278s][info][gc,phases      ] GC(276) Phase 4: Move objects 1.670ms
[520.279s][info][gc,heap        ] GC(276) DefNew: 314559K(314560K)->305218K(314560K) Eden: 279616K(279616K)->279593K(279616K) From: 34943K(34944K)->25624K(34944K)
[520.279s][info][gc,heap        ] GC(276) Tenured: 699072K(699072K)->698363K(699072K)
[520.279s][info][gc,metaspace   ] GC(276) Metaspace: 113629K(124480K)->113629K(124480K) NonClass: 97299K(103936K)->97299K(103936K) Class: 16329K(20544K)->16329K(20544K)
[520.279s][info][gc             ] GC(276) Pause Full (Allocation Failure) 989M->980M(989M) 89.192ms
[520.279s][info][gc,cpu         ] GC(276) User=0.08s Sys=0.02s Real=0.09s
[521.188s][info][gc,start       ] GC(277) Pause Full (Allocation Failure)
[521.189s][info][gc,phases,start] GC(277) Phase 1: Mark live objects
[521.228s][info][gc,phases      ] GC(277) Phase 1: Mark live objects 39.040ms
[521.228s][info][gc,phases,start] GC(277) Phase 2: Compute new object addresses
[521.243s][info][gc,phases      ] GC(277) Phase 2: Compute new object addresses 14.872ms
[521.243s][info][gc,phases,start] GC(277) Phase 3: Adjust pointers
[521.265s][info][gc,phases      ] GC(277) Phase 3: Adjust pointers 21.931ms
[521.265s][info][gc,phases,start] GC(277) Phase 4: Move objects
[521.265s][info][gc,phases      ] GC(277) Phase 4: Move objects 0.483ms
[521.266s][info][gc,heap        ] GC(277) DefNew: 314559K(314560K)->305073K(314560K) Eden: 279615K(279616K)->279593K(279616K) From: 34943K(34944K)->25479K(34944K)
[521.266s][info][gc,heap        ] GC(277) Tenured: 699072K(699072K)->699072K(699072K)
[521.266s][info][gc,metaspace   ] GC(277) Metaspace: 113629K(124480K)->113629K(124480K) NonClass: 97299K(103936K)->97299K(103936K) Class: 16329K(20544K)->16329K(20544K)
[521.266s][info][gc             ] GC(277) Pause Full (Allocation Failure) 989M->980M(989M) 77.156ms
[521.266s][info][gc,cpu         ] GC(277) User=0.08s Sys=0.00s Real=0.08s
[521.559s][info][gc,start       ] GC(278) Pause Full (Allocation Failure)
[521.559s][info][gc,phases,start] GC(278) Phase 1: Mark live objects
[521.596s][info][gc,phases      ] GC(278) Phase 1: Mark live objects 36.920ms
[521.596s][info][gc,phases,start] GC(278) Phase 2: Compute new object addresses
[521.608s][info][gc,phases      ] GC(278) Phase 2: Compute new object addresses 11.982ms
[521.608s][info][gc,phases,start] GC(278) Phase 3: Adjust pointers
[521.629s][info][gc,phases      ] GC(278) Phase 3: Adjust pointers 21.184ms
[521.629s][info][gc,phases,start] GC(278) Phase 4: Move objects
[521.630s][info][gc,phases      ] GC(278) Phase 4: Move objects 0.538ms
[521.630s][info][gc,heap        ] GC(278) DefNew: 308350K(314560K)->305168K(314560K) Eden: 279616K(279616K)->279594K(279616K) From: 28734K(34944K)->25574K(34944K)
[521.630s][info][gc,heap        ] GC(278) Tenured: 699072K(699072K)->699072K(699072K)
[521.630s][info][gc,metaspace   ] GC(278) Metaspace: 113629K(124480K)->113629K(124480K) NonClass: 97299K(103936K)->97299K(103936K) Class: 16329K(20544K)->16329K(20544K)
[521.630s][info][gc             ] GC(278) Pause Full (Allocation Failure) 983M->980M(989M) 71.434ms
[521.630s][info][gc,cpu         ] GC(278) User=0.08s Sys=0.00s Real=0.08s
[521.919s][info][gc,start       ] GC(279) Pause Full (Allocation Failure)
[521.919s][info][gc,phases,start] GC(279) Phase 1: Mark live objects
[521.957s][info][gc,phases      ] GC(279) Phase 1: Mark live objects 37.660ms
[521.957s][info][gc,phases,start] GC(279) Phase 2: Compute new object addresses
[521.969s][info][gc,phases      ] GC(279) Phase 2: Compute new object addresses 11.855ms
[521.969s][info][gc,phases,start] GC(279) Phase 3: Adjust pointers
[521.990s][info][gc,phases      ] GC(279) Phase 3: Adjust pointers 21.328ms
[521.990s][info][gc,phases,start] GC(279) Phase 4: Move objects
[522.021s][info][gc,phases      ] GC(279) Phase 4: Move objects 30.751ms
[522.021s][info][gc,heap        ] GC(279) DefNew: 314559K(314560K)->308436K(314560K) Eden: 279616K(279616K)->276468K(279616K) From: 34943K(34944K)->31968K(34944K)
[522.021s][info][gc,heap        ] GC(279) Tenured: 699072K(699072K)->699072K(699072K)
[522.021s][info][gc,metaspace   ] GC(279) Metaspace: 113629K(124480K)->113629K(124480K) NonClass: 97299K(103936K)->97299K(103936K) Class: 16329K(20544K)->16329K(20544K)
[522.021s][info][gc             ] GC(279) Pause Full (Allocation Failure) 989M->983M(989M) 102.422ms
[522.021s][info][gc,cpu         ] GC(279) User=0.11s Sys=0.00s Real=0.11s
[522.299s][info][gc,start       ] GC(280) Pause Full (Allocation Failure)
[522.312s][info][gc,phases,start] GC(280) Phase 1: Mark live objects
[522.353s][info][gc,phases      ] GC(280) Phase 1: Mark live objects 40.589ms
[522.353s][info][gc,phases,start] GC(280) Phase 2: Compute new object addresses
[522.365s][info][gc,phases      ] GC(280) Phase 2: Compute new object addresses 12.442ms
[522.365s][info][gc,phases,start] GC(280) Phase 3: Adjust pointers
[522.386s][info][gc,phases      ] GC(280) Phase 3: Adjust pointers 21.146ms
[522.386s][info][gc,phases,start] GC(280) Phase 4: Move objects
[522.388s][info][gc,phases      ] GC(280) Phase 4: Move objects 1.582ms
[522.388s][info][gc,heap        ] GC(280) DefNew: 314560K(314560K)->308310K(314560K) Eden: 279616K(279616K)->276531K(279616K) From: 34944K(34944K)->31779K(34944K)
[522.388s][info][gc,heap        ] GC(280) Tenured: 699072K(699072K)->698363K(699072K)
[522.388s][info][gc,metaspace   ] GC(280) Metaspace: 113629K(124480K)->113629K(124480K) NonClass: 97299K(103936K)->97299K(103936K) Class: 16329K(20544K)->16329K(20544K)
[522.388s][info][gc             ] GC(280) Pause Full (Allocation Failure) 989M->983M(989M) 89.027ms
[522.388s][info][gc,cpu         ] GC(280) User=0.08s Sys=0.00s Real=0.09s
[522.743s][info][gc,start       ] GC(281) Pause Full (Allocation Failure)
[522.743s][info][gc,phases,start] GC(281) Phase 1: Mark live objects
[522.780s][info][gc,phases      ] GC(281) Phase 1: Mark live objects 36.954ms
[522.780s][info][gc,phases,start] GC(281) Phase 2: Compute new object addresses
[522.793s][info][gc,phases      ] GC(281) Phase 2: Compute new object addresses 12.916ms
[522.793s][info][gc,phases,start] GC(281) Phase 3: Adjust pointers
[522.814s][info][gc,phases      ] GC(281) Phase 3: Adjust pointers 21.052ms
[522.814s][info][gc,phases,start] GC(281) Phase 4: Move objects
[522.815s][info][gc,phases      ] GC(281) Phase 4: Move objects 0.412ms
[522.815s][info][gc,heap        ] GC(281) DefNew: 314560K(314560K)->308142K(314560K) Eden: 279616K(279616K)->276484K(279616K) From: 34944K(34944K)->31658K(34944K)
[522.815s][info][gc,heap        ] GC(281) Tenured: 699071K(699072K)->699071K(699072K)
[522.815s][info][gc,metaspace   ] GC(281) Metaspace: 113629K(124480K)->113629K(124480K) NonClass: 97299K(103936K)->97299K(103936K) Class: 16329K(20544K)->16329K(20544K)
[522.815s][info][gc             ] GC(281) Pause Full (Allocation Failure) 989M->983M(989M) 72.161ms
[522.815s][info][gc,cpu         ] GC(281) User=0.08s Sys=0.00s Real=0.08s
[523.117s][info][gc,start       ] GC(282) Pause Full (Allocation Failure)
[523.117s][info][gc,phases,start] GC(282) Phase 1: Mark live objects
[523.154s][info][gc,phases      ] GC(282) Phase 1: Mark live objects 37.030ms
[523.154s][info][gc,phases,start] GC(282) Phase 2: Compute new object addresses
[523.167s][info][gc,phases      ] GC(282) Phase 2: Compute new object addresses 12.841ms
[523.167s][info][gc,phases,start] GC(282) Phase 3: Adjust pointers
[523.188s][info][gc,phases      ] GC(282) Phase 3: Adjust pointers 21.032ms
[523.188s][info][gc,phases,start] GC(282) Phase 4: Move objects
[523.188s][info][gc,phases      ] GC(282) Phase 4: Move objects 0.584ms
[523.189s][info][gc,heap        ] GC(282) DefNew: 314559K(314560K)->308294K(314560K) Eden: 279616K(279616K)->276532K(279616K) From: 34943K(34944K)->31761K(34944K)
[523.189s][info][gc,heap        ] GC(282) Tenured: 699071K(699072K)->699071K(699072K)
[523.189s][info][gc,metaspace   ] GC(282) Metaspace: 113629K(124480K)->113629K(124480K) NonClass: 97299K(103936K)->97299K(103936K) Class: 16329K(20544K)->16329K(20544K)
[523.189s][info][gc             ] GC(282) Pause Full (Allocation Failure) 989M->983M(989M) 72.290ms
[523.189s][info][gc,cpu         ] GC(282) User=0.06s Sys=0.00s Real=0.06s
[523.473s][info][gc,start       ] GC(283) Pause Full (Allocation Failure)
[523.474s][info][gc,phases,start] GC(283) Phase 1: Mark live objects
[523.511s][info][gc,phases      ] GC(283) Phase 1: Mark live objects 37.878ms
[523.512s][info][gc,phases,start] GC(283) Phase 2: Compute new object addresses
[523.524s][info][gc,phases      ] GC(283) Phase 2: Compute new object addresses 12.570ms
[523.524s][info][gc,phases,start] GC(283) Phase 3: Adjust pointers
[523.545s][info][gc,phases      ] GC(283) Phase 3: Adjust pointers 21.132ms
[523.545s][info][gc,phases,start] GC(283) Phase 4: Move objects
[523.546s][info][gc,phases      ] GC(283) Phase 4: Move objects 0.583ms
[523.546s][info][gc,heap        ] GC(283) DefNew: 314559K(314560K)->308323K(314560K) Eden: 279616K(279616K)->276564K(279616K) From: 34943K(34944K)->31759K(34944K)
[523.546s][info][gc,heap        ] GC(283) Tenured: 699071K(699072K)->699071K(699072K)
[523.546s][info][gc,metaspace   ] GC(283) Metaspace: 113629K(124480K)->113629K(124480K) NonClass: 97299K(103936K)->97299K(103936K) Class: 16329K(20544K)->16329K(20544K)
[523.546s][info][gc             ] GC(283) Pause Full (Allocation Failure) 989M->983M(989M) 72.987ms
[523.547s][info][gc,cpu         ] GC(283) User=0.08s Sys=0.00s Real=0.08s
[523.830s][info][gc,start       ] GC(284) Pause Full (Allocation Failure)
[523.830s][info][gc,phases,start] GC(284) Phase 1: Mark live objects
[523.867s][info][gc,phases      ] GC(284) Phase 1: Mark live objects 36.844ms
[523.867s][info][gc,phases,start] GC(284) Phase 2: Compute new object addresses
[523.879s][info][gc,phases      ] GC(284) Phase 2: Compute new object addresses 12.512ms
[523.879s][info][gc,phases,start] GC(284) Phase 3: Adjust pointers
[523.900s][info][gc,phases      ] GC(284) Phase 3: Adjust pointers 21.052ms
[523.900s][info][gc,phases,start] GC(284) Phase 4: Move objects
[523.901s][info][gc,phases      ] GC(284) Phase 4: Move objects 0.633ms
[523.902s][info][gc,heap        ] GC(284) DefNew: 314559K(314560K)->308389K(314560K) Eden: 279616K(279616K)->276573K(279616K) From: 34943K(34944K)->31815K(34944K)
[523.902s][info][gc,heap        ] GC(284) Tenured: 699071K(699072K)->698363K(699072K)
[523.902s][info][gc,metaspace   ] GC(284) Metaspace: 113629K(124480K)->113629K(124480K) NonClass: 97299K(103936K)->97299K(103936K) Class: 16329K(20544K)->16329K(20544K)
[523.902s][info][gc             ] GC(284) Pause Full (Allocation Failure) 989M->983M(989M) 71.845ms
[523.902s][info][gc,cpu         ] GC(284) User=0.06s Sys=0.00s Real=0.06s
[524.237s][info][gc,start       ] GC(285) Pause Full (Allocation Failure)
[524.237s][info][gc,phases,start] GC(285) Phase 1: Mark live objects
[524.274s][info][gc,phases      ] GC(285) Phase 1: Mark live objects 37.266ms
[524.274s][info][gc,phases,start] GC(285) Phase 2: Compute new object addresses
[524.287s][info][gc,phases      ] GC(285) Phase 2: Compute new object addresses 12.956ms
[524.287s][info][gc,phases,start] GC(285) Phase 3: Adjust pointers
[524.309s][info][gc,phases      ] GC(285) Phase 3: Adjust pointers 21.216ms
[524.309s][info][gc,phases,start] GC(285) Phase 4: Move objects
[524.309s][info][gc,phases      ] GC(285) Phase 4: Move objects 0.397ms
[524.310s][info][gc,heap        ] GC(285) DefNew: 314560K(314560K)->308182K(314560K) Eden: 279616K(279616K)->276507K(279616K) From: 34944K(34944K)->31675K(34944K)
[524.310s][info][gc,heap        ] GC(285) Tenured: 699072K(699072K)->699072K(699072K)
[524.310s][info][gc,metaspace   ] GC(285) Metaspace: 113629K(124480K)->113629K(124480K) NonClass: 97299K(103936K)->97299K(103936K) Class: 16329K(20544K)->16329K(20544K)
[524.310s][info][gc             ] GC(285) Pause Full (Allocation Failure) 989M->983M(989M) 72.639ms
[524.310s][info][gc,cpu         ] GC(285) User=0.06s Sys=0.00s Real=0.06s
[524.612s][info][gc,start       ] GC(286) Pause Full (Allocation Failure)
[524.612s][info][gc,phases,start] GC(286) Phase 1: Mark live objects
[524.649s][info][gc,phases      ] GC(286) Phase 1: Mark live objects 36.963ms
[524.649s][info][gc,phases,start] GC(286) Phase 2: Compute new object addresses
[524.662s][info][gc,phases      ] GC(286) Phase 2: Compute new object addresses 12.777ms
[524.662s][info][gc,phases,start] GC(286) Phase 3: Adjust pointers
[524.683s][info][gc,phases      ] GC(286) Phase 3: Adjust pointers 21.210ms
[524.683s][info][gc,phases,start] GC(286) Phase 4: Move objects
[524.684s][info][gc,phases      ] GC(286) Phase 4: Move objects 0.639ms
[524.684s][info][gc,heap        ] GC(286) DefNew: 314559K(314560K)->308419K(314560K) Eden: 279616K(279616K)->276620K(279616K) From: 34943K(34944K)->31799K(34944K)
[524.684s][info][gc,heap        ] GC(286) Tenured: 699072K(699072K)->699072K(699072K)
[524.684s][info][gc,metaspace   ] GC(286) Metaspace: 113629K(124480K)->113629K(124480K) NonClass: 97299K(103936K)->97299K(103936K) Class: 16329K(20544K)->16329K(20544K)
[524.684s][info][gc             ] GC(286) Pause Full (Allocation Failure) 989M->983M(989M) 72.385ms
[524.684s][info][gc,cpu         ] GC(286) User=0.08s Sys=0.00s Real=0.07s
[524.970s][info][gc,start       ] GC(287) Pause Full (Allocation Failure)
[524.970s][info][gc,phases,start] GC(287) Phase 1: Mark live objects
[525.006s][info][gc,phases      ] GC(287) Phase 1: Mark live objects 36.426ms
[525.006s][info][gc,phases,start] GC(287) Phase 2: Compute new object addresses
[525.019s][info][gc,phases      ] GC(287) Phase 2: Compute new object addresses 12.486ms
[525.027s][info][gc,phases,start] GC(287) Phase 3: Adjust pointers
[525.062s][info][gc,phases      ] GC(287) Phase 3: Adjust pointers 34.599ms
[525.062s][info][gc,phases,start] GC(287) Phase 4: Move objects
[525.063s][info][gc,phases      ] GC(287) Phase 4: Move objects 0.640ms
[525.063s][info][gc,heap        ] GC(287) DefNew: 314559K(314560K)->308319K(314560K) Eden: 279616K(279616K)->276522K(279616K) From: 34943K(34944K)->31796K(34944K)
[525.063s][info][gc,heap        ] GC(287) Tenured: 699072K(699072K)->699072K(699072K)
[525.063s][info][gc,metaspace   ] GC(287) Metaspace: 113629K(124480K)->113629K(124480K) NonClass: 97299K(103936K)->97299K(103936K) Class: 16329K(20544K)->16329K(20544K)
[525.063s][info][gc             ] GC(287) Pause Full (Allocation Failure) 989M->983M(989M) 93.720ms
[525.063s][info][gc,cpu         ] GC(287) User=0.09s Sys=0.00s Real=0.09s
[525.354s][info][gc,start       ] GC(288) Pause Full (Allocation Failure)
[525.354s][info][gc,phases,start] GC(288) Phase 1: Mark live objects
[525.391s][info][gc,phases      ] GC(288) Phase 1: Mark live objects 36.997ms
[525.391s][info][gc,phases,start] GC(288) Phase 2: Compute new object addresses
[525.403s][info][gc,phases      ] GC(288) Phase 2: Compute new object addresses 12.377ms
[525.403s][info][gc,phases,start] GC(288) Phase 3: Adjust pointers
[525.424s][info][gc,phases      ] GC(288) Phase 3: Adjust pointers 20.936ms
[525.424s][info][gc,phases,start] GC(288) Phase 4: Move objects
[525.425s][info][gc,phases      ] GC(288) Phase 4: Move objects 0.552ms
[525.425s][info][gc,heap        ] GC(288) DefNew: 314559K(314560K)->308308K(314560K) Eden: 279616K(279616K)->276502K(279616K) From: 34943K(34944K)->31806K(34944K)
[525.425s][info][gc,heap        ] GC(288) Tenured: 699072K(699072K)->698363K(699072K)
[525.425s][info][gc,metaspace   ] GC(288) Metaspace: 113629K(124480K)->113629K(124480K) NonClass: 97299K(103936K)->97299K(103936K) Class: 16329K(20544K)->16329K(20544K)
[525.425s][info][gc             ] GC(288) Pause Full (Allocation Failure) 989M->983M(989M) 71.674ms
[525.425s][info][gc,cpu         ] GC(288) User=0.08s Sys=0.00s Real=0.08s
[525.760s][info][gc,start       ] GC(289) Pause Full (Allocation Failure)
[525.760s][info][gc,phases,start] GC(289) Phase 1: Mark live objects
[525.810s][info][gc,phases      ] GC(289) Phase 1: Mark live objects 49.928ms
[525.810s][info][gc,phases,start] GC(289) Phase 2: Compute new object addresses
[525.824s][info][gc,phases      ] GC(289) Phase 2: Compute new object addresses 14.099ms
[525.824s][info][gc,phases,start] GC(289) Phase 3: Adjust pointers
[525.850s][info][gc,phases      ] GC(289) Phase 3: Adjust pointers 25.620ms
[525.850s][info][gc,phases,start] GC(289) Phase 4: Move objects
[525.851s][info][gc,phases      ] GC(289) Phase 4: Move objects 0.514ms
[525.851s][info][gc,heap        ] GC(289) DefNew: 314559K(314560K)->308151K(314560K) Eden: 279616K(279616K)->276521K(279616K) From: 34943K(34944K)->31629K(34944K)
[525.851s][info][gc,heap        ] GC(289) Tenured: 699071K(699072K)->699071K(699072K)
[525.851s][info][gc,metaspace   ] GC(289) Metaspace: 113629K(124480K)->113629K(124480K) NonClass: 97299K(103936K)->97299K(103936K) Class: 16329K(20544K)->16329K(20544K)
[525.852s][info][gc             ] GC(289) Pause Full (Allocation Failure) 989M->983M(989M) 91.272ms
[525.852s][info][gc,cpu         ] GC(289) User=0.09s Sys=0.00s Real=0.10s
[526.143s][info][gc,start       ] GC(290) Pause Full (Allocation Failure)
[526.143s][info][gc,phases,start] GC(290) Phase 1: Mark live objects
[526.190s][info][gc,phases      ] GC(290) Phase 1: Mark live objects 47.064ms
[526.190s][info][gc,phases,start] GC(290) Phase 2: Compute new object addresses
[526.203s][info][gc,phases      ] GC(290) Phase 2: Compute new object addresses 12.882ms
[526.203s][info][gc,phases,start] GC(290) Phase 3: Adjust pointers
[526.231s][info][gc,phases      ] GC(290) Phase 3: Adjust pointers 28.299ms
[526.232s][info][gc,phases,start] GC(290) Phase 4: Move objects
[526.258s][info][gc,phases      ] GC(290) Phase 4: Move objects 25.924ms
[526.258s][info][gc,heap        ] GC(290) DefNew: 314560K(314560K)->308335K(314560K) Eden: 279616K(279616K)->276557K(279616K) From: 34944K(34944K)->31778K(34944K)
[526.258s][info][gc,heap        ] GC(290) Tenured: 699071K(699072K)->699071K(699072K)
[526.258s][info][gc,metaspace   ] GC(290) Metaspace: 113629K(124480K)->113629K(124480K) NonClass: 97299K(103936K)->97299K(103936K) Class: 16329K(20544K)->16329K(20544K)
[526.258s][info][gc             ] GC(290) Pause Full (Allocation Failure) 989M->983M(989M) 115.132ms
[526.258s][info][gc,cpu         ] GC(290) User=0.11s Sys=0.00s Real=0.11s
[526.530s][info][gc,start       ] GC(291) Pause Full (Allocation Failure)
[526.530s][info][gc,phases,start] GC(291) Phase 1: Mark live objects
[526.567s][info][gc,phases      ] GC(291) Phase 1: Mark live objects 37.082ms
[526.567s][info][gc,phases,start] GC(291) Phase 2: Compute new object addresses
[526.580s][info][gc,phases      ] GC(291) Phase 2: Compute new object addresses 12.601ms
[526.580s][info][gc,phases,start] GC(291) Phase 3: Adjust pointers
[526.601s][info][gc,phases      ] GC(291) Phase 3: Adjust pointers 21.248ms
[526.601s][info][gc,phases,start] GC(291) Phase 4: Move objects
[526.623s][info][gc,phases      ] GC(291) Phase 4: Move objects 22.243ms
[526.624s][info][gc,heap        ] GC(291) DefNew: 314559K(314560K)->308415K(314560K) Eden: 279616K(279616K)->276554K(279616K) From: 34943K(34944K)->31860K(34944K)
[526.624s][info][gc,heap        ] GC(291) Tenured: 699071K(699072K)->699071K(699072K)
[526.624s][info][gc,metaspace   ] GC(291) Metaspace: 113629K(124480K)->113629K(124480K) NonClass: 97299K(103936K)->97299K(103936K) Class: 16329K(20544K)->16329K(20544K)
[526.624s][info][gc             ] GC(291) Pause Full (Allocation Failure) 989M->983M(989M) 94.002ms
[526.624s][info][gc,cpu         ] GC(291) User=0.09s Sys=0.00s Real=0.09s
[526.893s][info][gc,start       ] GC(292) Pause Full (Allocation Failure)
[526.893s][info][gc,phases,start] GC(292) Phase 1: Mark live objects
[526.930s][info][gc,phases      ] GC(292) Phase 1: Mark live objects 37.102ms
[526.930s][info][gc,phases,start] GC(292) Phase 2: Compute new object addresses
[526.942s][info][gc,phases      ] GC(292) Phase 2: Compute new object addresses 12.533ms
[526.942s][info][gc,phases,start] GC(292) Phase 3: Adjust pointers
[526.964s][info][gc,phases      ] GC(292) Phase 3: Adjust pointers 21.214ms
[526.964s][info][gc,phases,start] GC(292) Phase 4: Move objects
[526.965s][info][gc,phases      ] GC(292) Phase 4: Move objects 1.585ms
[526.966s][info][gc,heap        ] GC(292) DefNew: 314559K(314560K)->308404K(314560K) Eden: 279616K(279616K)->276578K(279616K) From: 34943K(34944K)->31825K(34944K)
[526.966s][info][gc,heap        ] GC(292) Tenured: 699071K(699072K)->698362K(699072K)
[526.966s][info][gc,metaspace   ] GC(292) Metaspace: 113629K(124480K)->113629K(124480K) NonClass: 97299K(103936K)->97299K(103936K) Class: 16329K(20544K)->16329K(20544K)
[526.966s][info][gc             ] GC(292) Pause Full (Allocation Failure) 989M->983M(989M) 73.248ms
[526.966s][info][gc,cpu         ] GC(292) User=0.08s Sys=0.00s Real=0.08s
[527.303s][info][gc,start       ] GC(293) Pause Full (Allocation Failure)
[527.303s][info][gc,phases,start] GC(293) Phase 1: Mark live objects
[527.341s][info][gc,phases      ] GC(293) Phase 1: Mark live objects 37.408ms
[527.341s][info][gc,phases,start] GC(293) Phase 2: Compute new object addresses
[527.354s][info][gc,phases      ] GC(293) Phase 2: Compute new object addresses 12.950ms
[527.354s][info][gc,phases,start] GC(293) Phase 3: Adjust pointers
[527.375s][info][gc,phases      ] GC(293) Phase 3: Adjust pointers 21.180ms
[527.375s][info][gc,phases,start] GC(293) Phase 4: Move objects
[527.376s][info][gc,phases      ] GC(293) Phase 4: Move objects 1.378ms
[527.377s][info][gc,heap        ] GC(293) DefNew: 314560K(314560K)->308180K(314560K) Eden: 279616K(279616K)->276539K(279616K) From: 34944K(34944K)->31641K(34944K)
[527.377s][info][gc,heap        ] GC(293) Tenured: 699071K(699072K)->699071K(699072K)
[527.377s][info][gc,metaspace   ] GC(293) Metaspace: 113629K(124480K)->113629K(124480K) NonClass: 97299K(103936K)->97299K(103936K) Class: 16329K(20544K)->16329K(20544K)
[527.377s][info][gc             ] GC(293) Pause Full (Allocation Failure) 989M->983M(989M) 73.705ms
[527.377s][info][gc,cpu         ] GC(293) User=0.08s Sys=0.00s Real=0.08s
[527.661s][info][gc,start       ] GC(294) Pause Full (Allocation Failure)
[527.661s][info][gc,phases,start] GC(294) Phase 1: Mark live objects
[527.711s][info][gc,phases      ] GC(294) Phase 1: Mark live objects 49.680ms
[527.711s][info][gc,phases,start] GC(294) Phase 2: Compute new object addresses
[527.725s][info][gc,phases      ] GC(294) Phase 2: Compute new object addresses 13.921ms
[527.725s][info][gc,phases,start] GC(294) Phase 3: Adjust pointers
[527.750s][info][gc,phases      ] GC(294) Phase 3: Adjust pointers 25.378ms
[527.750s][info][gc,phases,start] GC(294) Phase 4: Move objects
[527.756s][info][gc,phases      ] GC(294) Phase 4: Move objects 5.658ms
[527.756s][info][gc,heap        ] GC(294) DefNew: 314559K(314560K)->308297K(314560K) Eden: 279615K(279616K)->276550K(279616K) From: 34944K(34944K)->31747K(34944K)
[527.756s][info][gc,heap        ] GC(294) Tenured: 699071K(699072K)->699071K(699072K)
[527.756s][info][gc,metaspace   ] GC(294) Metaspace: 113631K(124480K)->113631K(124480K) NonClass: 97301K(103936K)->97301K(103936K) Class: 16330K(20544K)->16330K(20544K)
[527.757s][info][gc             ] GC(294) Pause Full (Allocation Failure) 989M->983M(989M) 95.736ms
[527.757s][info][gc,cpu         ] GC(294) User=0.09s Sys=0.00s Real=0.09s
[528.034s][info][gc,start       ] GC(295) Pause Full (Allocation Failure)
[528.034s][info][gc,phases,start] GC(295) Phase 1: Mark live objects
[528.080s][info][gc,phases      ] GC(295) Phase 1: Mark live objects 46.280ms
[528.080s][info][gc,phases,start] GC(295) Phase 2: Compute new object addresses
[528.093s][info][gc,phases      ] GC(295) Phase 2: Compute new object addresses 12.530ms
[528.093s][info][gc,phases,start] GC(295) Phase 3: Adjust pointers
[528.114s][info][gc,phases      ] GC(295) Phase 3: Adjust pointers 21.056ms
[528.114s][info][gc,phases,start] GC(295) Phase 4: Move objects
[528.114s][info][gc,phases      ] GC(295) Phase 4: Move objects 0.648ms
[528.115s][info][gc,heap        ] GC(295) DefNew: 314559K(314560K)->308325K(314560K) Eden: 279615K(279616K)->276542K(279616K) From: 34943K(34944K)->31782K(34944K)
[528.115s][info][gc,heap        ] GC(295) Tenured: 699071K(699072K)->699071K(699072K)
[528.115s][info][gc,metaspace   ] GC(295) Metaspace: 113631K(124480K)->113631K(124480K) NonClass: 97301K(103936K)->97301K(103936K) Class: 16330K(20544K)->16330K(20544K)
[528.115s][info][gc             ] GC(295) Pause Full (Allocation Failure) 989M->983M(989M) 81.365ms
[528.115s][info][gc,cpu         ] GC(295) User=0.08s Sys=0.00s Real=0.08s
[528.397s][info][gc,start       ] GC(296) Pause Full (Allocation Failure)
[528.397s][info][gc,phases,start] GC(296) Phase 1: Mark live objects
[528.434s][info][gc,phases      ] GC(296) Phase 1: Mark live objects 36.587ms
[528.434s][info][gc,phases,start] GC(296) Phase 2: Compute new object addresses
[528.447s][info][gc,phases      ] GC(296) Phase 2: Compute new object addresses 12.530ms
[528.447s][info][gc,phases,start] GC(296) Phase 3: Adjust pointers
[528.468s][info][gc,phases      ] GC(296) Phase 3: Adjust pointers 21.054ms
[528.468s][info][gc,phases,start] GC(296) Phase 4: Move objects
[528.489s][info][gc,phases      ] GC(296) Phase 4: Move objects 21.649ms
[528.490s][info][gc,heap        ] GC(296) DefNew: 314559K(314560K)->308380K(314560K) Eden: 279616K(279616K)->276579K(279616K) From: 34943K(34944K)->31801K(34944K)
[528.490s][info][gc,heap        ] GC(296) Tenured: 699071K(699072K)->698363K(699072K)
[528.490s][info][gc,metaspace   ] GC(296) Metaspace: 113631K(124480K)->113631K(124480K) NonClass: 97301K(103936K)->97301K(103936K) Class: 16330K(20544K)->16330K(20544K)
[528.490s][info][gc             ] GC(296) Pause Full (Allocation Failure) 989M->983M(989M) 92.640ms
[528.490s][info][gc,cpu         ] GC(296) User=0.09s Sys=0.00s Real=0.09s
[528.819s][info][gc,start       ] GC(297) Pause Full (Allocation Failure)
[528.819s][info][gc,phases,start] GC(297) Phase 1: Mark live objects
[528.856s][info][gc,phases      ] GC(297) Phase 1: Mark live objects 37.053ms
[528.856s][info][gc,phases,start] GC(297) Phase 2: Compute new object addresses
[528.869s][info][gc,phases      ] GC(297) Phase 2: Compute new object addresses 12.832ms
[528.869s][info][gc,phases,start] GC(297) Phase 3: Adjust pointers
[528.891s][info][gc,phases      ] GC(297) Phase 3: Adjust pointers 21.502ms
[528.891s][info][gc,phases,start] GC(297) Phase 4: Move objects
[528.891s][info][gc,phases      ] GC(297) Phase 4: Move objects 0.541ms
[528.892s][info][gc,heap        ] GC(297) DefNew: 314560K(314560K)->308258K(314560K) Eden: 279616K(279616K)->276499K(279616K) From: 34944K(34944K)->31758K(34944K)
[528.892s][info][gc,heap        ] GC(297) Tenured: 698826K(699072K)->698826K(699072K)
[528.892s][info][gc,metaspace   ] GC(297) Metaspace: 113631K(124480K)->113631K(124480K) NonClass: 97301K(103936K)->97301K(103936K) Class: 16330K(20544K)->16330K(20544K)
[528.892s][info][gc             ] GC(297) Pause Full (Allocation Failure) 989M->983M(989M) 72.754ms
[528.892s][info][gc,cpu         ] GC(297) User=0.05s Sys=0.02s Real=0.07s
[528.892s][info][gc,start       ] GC(298) Pause Full (Allocation Failure)
[528.892s][info][gc,phases,start] GC(298) Phase 1: Mark live objects
[528.926s][info][gc,phases      ] GC(298) Phase 1: Mark live objects 33.820ms
[528.926s][info][gc,phases,start] GC(298) Phase 2: Compute new object addresses
[528.936s][info][gc,phases      ] GC(298) Phase 2: Compute new object addresses 10.201ms
[528.936s][info][gc,phases,start] GC(298) Phase 3: Adjust pointers
[528.956s][info][gc,phases      ] GC(298) Phase 3: Adjust pointers 20.204ms
[528.956s][info][gc,phases,start] GC(298) Phase 4: Move objects
[528.995s][info][gc,phases      ] GC(298) Phase 4: Move objects 38.698ms
[528.996s][info][gc,heap        ] GC(298) DefNew: 308258K(314560K)->308258K(314560K) Eden: 276499K(279616K)->276499K(279616K) From: 31758K(34944K)->31758K(34944K)
[528.996s][info][gc,heap        ] GC(298) Tenured: 698826K(699072K)->698461K(699072K)
[528.996s][info][gc,metaspace   ] GC(298) Metaspace: 113631K(124480K)->113631K(124480K) NonClass: 97301K(103936K)->97301K(103936K) Class: 16330K(20544K)->16330K(20544K)
[528.996s][info][gc             ] GC(298) Pause Full (Allocation Failure) 983M->983M(989M) 103.679ms
[528.996s][info][gc,cpu         ] GC(298) User=0.09s Sys=0.00s Real=0.09s
[529.335s][info][gc,start       ] GC(299) Pause Full (Allocation Failure)
[529.335s][info][gc,phases,start] GC(299) Phase 1: Mark live objects
[529.374s][info][gc,phases      ] GC(299) Phase 1: Mark live objects 39.308ms
[529.374s][info][gc,phases,start] GC(299) Phase 2: Compute new object addresses
[529.387s][info][gc,phases      ] GC(299) Phase 2: Compute new object addresses 13.001ms
[529.387s][info][gc,phases,start] GC(299) Phase 3: Adjust pointers
[529.409s][info][gc,phases      ] GC(299) Phase 3: Adjust pointers 21.327ms
[529.409s][info][gc,phases,start] GC(299) Phase 4: Move objects
[529.439s][info][gc,phases      ] GC(299) Phase 4: Move objects 29.905ms
[529.439s][info][gc,heap        ] GC(299) DefNew: 314560K(314560K)->305166K(314560K) Eden: 279616K(279616K)->273382K(279616K) From: 34944K(34944K)->31783K(34944K)
[529.439s][info][gc,heap        ] GC(299) Tenured: 699071K(699072K)->699071K(699072K)
[529.439s][info][gc,metaspace   ] GC(299) Metaspace: 113644K(124480K)->113644K(124480K) NonClass: 97311K(103936K)->97311K(103936K) Class: 16332K(20544K)->16332K(20544K)
[529.439s][info][gc             ] GC(299) Pause Full (Allocation Failure) 989M->980M(989M) 104.405ms
[529.439s][info][gc,cpu         ] GC(299) User=0.11s Sys=0.00s Real=0.11s
[529.702s][info][gc,start       ] GC(300) Pause Full (Allocation Failure)
[529.702s][info][gc,phases,start] GC(300) Phase 1: Mark live objects
[529.743s][info][gc,phases      ] GC(300) Phase 1: Mark live objects 40.655ms
[529.743s][info][gc,phases,start] GC(300) Phase 2: Compute new object addresses
[529.757s][info][gc,phases      ] GC(300) Phase 2: Compute new object addresses 13.908ms
[529.757s][info][gc,phases,start] GC(300) Phase 3: Adjust pointers
[529.781s][info][gc,phases      ] GC(300) Phase 3: Adjust pointers 24.224ms
[529.781s][info][gc,phases,start] GC(300) Phase 4: Move objects
[529.989s][info][gc,phases      ] GC(300) Phase 4: Move objects 207.729ms
[529.989s][info][gc,heap        ] GC(300) DefNew: 314560K(314560K)->288568K(314560K) Eden: 279616K(279616K)->275567K(279616K) From: 34944K(34944K)->13001K(34944K)
[529.989s][info][gc,heap        ] GC(300) Tenured: 699071K(699072K)->698456K(699072K)
[529.989s][info][gc,metaspace   ] GC(300) Metaspace: 113702K(124480K)->113702K(124480K) NonClass: 97356K(103936K)->97356K(103936K) Class: 16345K(20544K)->16345K(20544K)
[529.989s][info][gc             ] GC(300) Pause Full (Allocation Failure) 989M->963M(989M) 287.668ms
[529.989s][info][gc,cpu         ] GC(300) User=0.30s Sys=0.02s Real=0.28s
[531.972s][info][gc,start       ] GC(301) Pause Full (Allocation Failure)
[531.972s][info][gc,phases,start] GC(301) Phase 1: Mark live objects
[532.013s][info][gc,phases      ] GC(301) Phase 1: Mark live objects 40.836ms
[532.013s][info][gc,phases,start] GC(301) Phase 2: Compute new object addresses
[532.034s][info][gc,phases      ] GC(301) Phase 2: Compute new object addresses 20.958ms
[532.034s][info][gc,phases,start] GC(301) Phase 3: Adjust pointers
[532.057s][info][gc,phases      ] GC(301) Phase 3: Adjust pointers 22.919ms
[532.066s][info][gc,phases,start] GC(301) Phase 4: Move objects
[532.098s][info][gc,phases      ] GC(301) Phase 4: Move objects 31.830ms
[532.099s][info][gc,heap        ] GC(301) DefNew: 314559K(314560K)->288679K(314560K) Eden: 279616K(279616K)->275391K(279616K) From: 34943K(34944K)->13288K(34944K)
[532.099s][info][gc,heap        ] GC(301) Tenured: 699071K(699072K)->699071K(699072K)
[532.099s][info][gc,metaspace   ] GC(301) Metaspace: 113822K(124480K)->113822K(124480K) NonClass: 97445K(103936K)->97445K(103936K) Class: 16377K(20544K)->16377K(20544K)
[532.099s][info][gc             ] GC(301) Pause Full (Allocation Failure) 989M->964M(989M) 126.755ms
[532.099s][info][gc,cpu         ] GC(301) User=0.13s Sys=0.02s Real=0.14s
[533.961s][info][gc,start       ] GC(302) Pause Full (Allocation Failure)
[533.961s][info][gc,phases,start] GC(302) Phase 1: Mark live objects
[534.003s][info][gc,phases      ] GC(302) Phase 1: Mark live objects 41.860ms
[534.003s][info][gc,phases,start] GC(302) Phase 2: Compute new object addresses
[534.024s][info][gc,phases      ] GC(302) Phase 2: Compute new object addresses 20.844ms
[534.024s][info][gc,phases,start] GC(302) Phase 3: Adjust pointers
[534.048s][info][gc,phases      ] GC(302) Phase 3: Adjust pointers 23.405ms
[534.048s][info][gc,phases,start] GC(302) Phase 4: Move objects
[534.052s][info][gc,phases      ] GC(302) Phase 4: Move objects 4.657ms
[534.053s][info][gc,heap        ] GC(302) DefNew: 314559K(314560K)->289180K(314560K) Eden: 279616K(279616K)->275420K(279616K) From: 34943K(34944K)->13759K(34944K)
[534.053s][info][gc,heap        ] GC(302) Tenured: 699071K(699072K)->699071K(699072K)
[534.053s][info][gc,metaspace   ] GC(302) Metaspace: 113865K(124480K)->113865K(124480K) NonClass: 97483K(103936K)->97483K(103936K) Class: 16381K(20544K)->16381K(20544K)
[534.053s][info][gc             ] GC(302) Pause Full (Allocation Failure) 989M->965M(989M) 91.663ms
[534.053s][info][gc,cpu         ] GC(302) User=0.09s Sys=0.00s Real=0.09s
[535.912s][info][gc,start       ] GC(303) Pause Full (Allocation Failure)
[535.912s][info][gc,phases,start] GC(303) Phase 1: Mark live objects
[535.964s][info][gc,phases      ] GC(303) Phase 1: Mark live objects 52.124ms
[535.964s][info][gc,phases,start] GC(303) Phase 2: Compute new object addresses
[535.986s][info][gc,phases      ] GC(303) Phase 2: Compute new object addresses 21.822ms
[535.986s][info][gc,phases,start] GC(303) Phase 3: Adjust pointers
[536.014s][info][gc,phases      ] GC(303) Phase 3: Adjust pointers 28.393ms
[536.014s][info][gc,phases,start] GC(303) Phase 4: Move objects
[536.020s][info][gc,phases      ] GC(303) Phase 4: Move objects 5.613ms
[536.021s][info][gc,heap        ] GC(303) DefNew: 314560K(314560K)->289405K(314560K) Eden: 279616K(279616K)->275420K(279616K) From: 34944K(34944K)->13984K(34944K)
[536.021s][info][gc,heap        ] GC(303) Tenured: 699071K(699072K)->699071K(699072K)
[536.021s][info][gc,metaspace   ] GC(303) Metaspace: 113948K(124480K)->113948K(124480K) NonClass: 97553K(103936K)->97553K(103936K) Class: 16394K(20544K)->16394K(20544K)
[536.021s][info][gc             ] GC(303) Pause Full (Allocation Failure) 989M->965M(989M) 109.160ms
[536.021s][info][gc,cpu         ] GC(303) User=0.11s Sys=0.00s Real=0.11s
[537.689s][info][gc,start       ] GC(304) Pause Full (Allocation Failure)
[537.689s][info][gc,phases,start] GC(304) Phase 1: Mark live objects
[537.755s][info][gc,phases      ] GC(304) Phase 1: Mark live objects 65.468ms
[537.755s][info][gc,phases,start] GC(304) Phase 2: Compute new object addresses
[537.783s][info][gc,phases      ] GC(304) Phase 2: Compute new object addresses 27.687ms
[537.783s][info][gc,phases,start] GC(304) Phase 3: Adjust pointers
[537.813s][info][gc,phases      ] GC(304) Phase 3: Adjust pointers 30.641ms
[537.813s][info][gc,phases,start] GC(304) Phase 4: Move objects
[537.951s][info][gc,phases      ] GC(304) Phase 4: Move objects 137.730ms
[537.952s][info][gc,heap        ] GC(304) DefNew: 314559K(314560K)->289550K(314560K) Eden: 279616K(279616K)->275422K(279616K) From: 34943K(34944K)->14128K(34944K)
[537.952s][info][gc,heap        ] GC(304) Tenured: 699071K(699072K)->698358K(699072K)
[537.952s][info][gc,metaspace   ] GC(304) Metaspace: 114336K(124544K)->114334K(124544K) NonClass: 97866K(104000K)->97865K(104000K) Class: 16470K(20544K)->16469K(20544K)
[537.952s][info][gc             ] GC(304) Pause Full (Allocation Failure) 989M->964M(989M) 262.737ms
[537.952s][info][gc,cpu         ] GC(304) User=0.27s Sys=0.00s Real=0.26s
[538.421s][info][gc,heap,exit   ] Heap
[538.421s][info][gc,heap,exit   ]  def new generation   total 314560K, used 304604K [0x00000000c0000000, 0x00000000d5550000, 0x00000000d5550000)
[538.421s][info][gc,heap,exit   ]   eden space 279616K, 100% used [0x00000000c0000000, 0x00000000d1110000, 0x00000000d1110000)
[538.421s][info][gc,heap,exit   ]   from space 34944K,  71% used [0x00000000d1110000, 0x00000000d29770c0, 0x00000000d3330000)
[538.421s][info][gc,heap,exit   ]   to   space 34944K,   0% used [0x00000000d3330000, 0x00000000d3330000, 0x00000000d5550000)
[538.421s][info][gc,heap,exit   ]  tenured generation   total 699072K, used 698358K [0x00000000d5550000, 0x0000000100000000, 0x0000000100000000)
[538.421s][info][gc,heap,exit   ]    the space 699072K,  99% used [0x00000000d5550000, 0x00000000fff4d9a8, 0x00000000fff4da00, 0x0000000100000000)
[538.422s][info][gc,heap,exit   ]  Metaspace       used 115160K, committed 124672K, reserved 1179648K
[538.422s][info][gc,heap,exit   ]   class space    used 16612K, committed 20544K, reserved 1048576K
