[0.018s][info][gc,init] Initializing The Z Garbage Collector
[0.018s][info][gc,init] Version: 20+36-2344 (release)
[0.018s][info][gc,init] NUMA Support: Disabled
[0.018s][info][gc,init] CPUs: 48 total, 48 available
[0.018s][info][gc,init] Memory: 391843M
[0.018s][info][gc,init] Large Page Support: Disabled
[0.018s][info][gc,init] GC Workers: 5 (dynamic)
[0.019s][info][gc,init] Address Space Type: Contiguous/Unrestricted/Complete
[0.019s][info][gc,init] Address Space Size: 8192M x 3 = 24576M
[0.019s][info][gc,init] Min Capacity: 8M
[0.019s][info][gc,init] Initial Capacity: 512M
[0.031s][info][gc,init] Max Capacity: 512M
[0.031s][info][gc,init] Medium Page Size: 16M
[0.031s][info][gc,init] Pre-touch: Disabled
[0.031s][info][gc,init] Uncommit: Enabled
[0.031s][info][gc,init] Uncommit Delay: 300s
[0.063s][info][gc,init] Runtime Workers: 5
[0.064s][info][gc     ] Using The Z Garbage Collector
[0.065s][info][gc,metaspace] CDS archive(s) mapped at: [0x0000000800000000-0x0000000800c60000-0x0000000800c60000), size 12976128, SharedBaseAddress: 0x0000000800000000, ArchiveRelocationMode: 0.
[0.065s][info][gc,metaspace] Compressed class space mapped at: 0x0000000801000000-0x0000000841000000, reserved size: 1073741824
[0.065s][info][gc,metaspace] Narrow klass base: 0x0000000800000000, Narrow klass shift: 0, Narrow klass range: 0x100000000
[3.695s][info][gc,start    ] GC(0) Garbage Collection (Warmup)
[3.695s][info][gc,task     ] GC(0) Using 5 workers
[3.695s][info][gc,phases   ] GC(0) Pause Mark Start 0.016ms
[3.710s][info][gc,phases   ] GC(0) Concurrent Mark 15.149ms
[3.710s][info][gc,phases   ] GC(0) Pause Mark End 0.025ms
[3.710s][info][gc,phases   ] GC(0) Concurrent Mark Free 0.001ms
[3.712s][info][gc,phases   ] GC(0) Concurrent Process Non-Strong References 1.722ms
[3.712s][info][gc,phases   ] GC(0) Concurrent Reset Relocation Set 0.001ms
[3.727s][info][gc,phases   ] GC(0) Concurrent Select Relocation Set 14.363ms
[3.727s][info][gc,phases   ] GC(0) Pause Relocate Start 0.008ms
[3.732s][info][gc,phases   ] GC(0) Concurrent Relocate 4.898ms
[3.732s][info][gc,load     ] GC(0) Load: 0.00/0.00/0.00
[3.732s][info][gc,mmu      ] GC(0) MMU: 2ms/98.7%, 5ms/99.5%, 10ms/99.7%, 20ms/99.8%, 50ms/99.9%, 100ms/100.0%
[3.732s][info][gc,marking  ] GC(0) Mark: 4 stripe(s), 2 proactive flush(es), 2 terminate flush(es), 0 completion(s), 0 continuation(s) 
[3.732s][info][gc,marking  ] GC(0) Mark Stack Usage: 32M
[3.732s][info][gc,nmethod  ] GC(0) NMethods: 1186 registered, 156 unregistered
[3.732s][info][gc,metaspace] GC(0) Metaspace: 11M used, 11M committed, 1088M reserved
[3.732s][info][gc,ref      ] GC(0) Soft: 164 encountered, 0 discovered, 0 enqueued
[3.732s][info][gc,ref      ] GC(0) Weak: 752 encountered, 483 discovered, 257 enqueued
[3.732s][info][gc,ref      ] GC(0) Final: 0 encountered, 0 discovered, 0 enqueued
[3.732s][info][gc,ref      ] GC(0) Phantom: 222 encountered, 206 discovered, 187 enqueued
[3.732s][info][gc,reloc    ] GC(0) Small Pages: 21 / 42M, Empty: 0M, Relocated: 4M, In-Place: 0
[3.732s][info][gc,reloc    ] GC(0) Medium Pages: 1 / 16M, Empty: 0M, Relocated: 0M, In-Place: 0
[3.732s][info][gc,reloc    ] GC(0) Large Pages: 0 / 0M, Empty: 0M, Relocated: 0M, In-Place: 0
[3.732s][info][gc,reloc    ] GC(0) Forwarding Usage: 1M
[3.732s][info][gc,heap     ] GC(0) Min Capacity: 8M(2%)
[3.732s][info][gc,heap     ] GC(0) Max Capacity: 512M(100%)
[3.732s][info][gc,heap     ] GC(0) Soft Max Capacity: 512M(100%)
[3.732s][info][gc,heap     ] GC(0)                Mark Start          Mark End        Relocate Start      Relocate End           High               Low         
[3.732s][info][gc,heap     ] GC(0)  Capacity:      512M (100%)        512M (100%)        512M (100%)        512M (100%)        512M (100%)        512M (100%)   
[3.732s][info][gc,heap     ] GC(0)      Free:      454M (89%)         452M (88%)         452M (88%)         482M (94%)         482M (94%)         442M (86%)    
[3.732s][info][gc,heap     ] GC(0)      Used:       58M (11%)          60M (12%)          60M (12%)          30M (6%)           70M (14%)          30M (6%)     
[3.732s][info][gc,heap     ] GC(0)      Live:         -                 6M (1%)            6M (1%)            6M (1%)             -                  -          
[3.732s][info][gc,heap     ] GC(0) Allocated:         -                 2M (0%)            2M (0%)            1M (0%)             -                  -          
[3.732s][info][gc,heap     ] GC(0)   Garbage:         -                51M (10%)          51M (10%)          21M (4%)             -                  -          
[3.732s][info][gc,heap     ] GC(0) Reclaimed:         -                  -                 0M (0%)           29M (6%)             -                  -          
[3.732s][info][gc          ] GC(0) Garbage Collection (Warmup) 58M(11%)->30M(6%)
[10.094s][info][gc,stats    ] === Garbage Collection Statistics =======================================================================================================================
[10.094s][info][gc,stats    ]                                                              Last 10s              Last 10m              Last 10h                Total
[10.094s][info][gc,stats    ]                                                              Avg / Max             Avg / Max             Avg / Max             Avg / Max
[10.094s][info][gc,stats    ]   Collector: Garbage Collection Cycle                     37.078 / 37.078       37.078 / 37.078       37.078 / 37.078       37.078 / 37.078      ms
[10.094s][info][gc,stats    ]  Contention: Mark Segment Reset Contention                     0 / 1                 0 / 1                 0 / 1                 0 / 1           ops/s
[10.094s][info][gc,stats    ]  Contention: Mark SeqNum Reset Contention                      0 / 0                 0 / 0                 0 / 0                 0 / 0           ops/s
[10.094s][info][gc,stats    ]    Critical: Allocation Stall                                  0 / 0                 0 / 0                 0 / 0                 0 / 0           ops/s
[10.094s][info][gc,stats    ]    Critical: Allocation Stall                              0.000 / 0.000         0.000 / 0.000         0.000 / 0.000         0.000 / 0.000       ms
[10.094s][info][gc,stats    ]    Critical: GC Locker Stall                                   0 / 0                 0 / 0                 0 / 0                 0 / 0           ops/s
[10.094s][info][gc,stats    ]    Critical: GC Locker Stall                               0.000 / 0.000         0.000 / 0.000         0.000 / 0.000         0.000 / 0.000       ms
[10.094s][info][gc,stats    ]    Critical: Relocation Stall                                  0 / 0                 0 / 0                 0 / 0                 0 / 0           ops/s
[10.094s][info][gc,stats    ]    Critical: Relocation Stall                              0.000 / 0.000         0.000 / 0.000         0.000 / 0.000         0.000 / 0.000       ms
[10.094s][info][gc,stats    ]      Memory: Allocation Rate                                   9 / 50                9 / 50                9 / 50                9 / 50          MB/s
[10.094s][info][gc,stats    ]      Memory: Defragment                                        0 / 0                 0 / 0                 0 / 0                 0 / 0           ops/s
[10.094s][info][gc,stats    ]      Memory: Out Of Memory                                     0 / 0                 0 / 0                 0 / 0                 0 / 0           ops/s
[10.094s][info][gc,stats    ]      Memory: Page Cache Flush                                  0 / 0                 0 / 0                 0 / 0                 0 / 0           MB/s
[10.094s][info][gc,stats    ]      Memory: Page Cache Hit L1                                 0 / 6                 0 / 6                 0 / 6                 0 / 6           ops/s
[10.094s][info][gc,stats    ]      Memory: Page Cache Hit L2                                 0 / 0                 0 / 0                 0 / 0                 0 / 0           ops/s
[10.095s][info][gc,stats    ]      Memory: Page Cache Hit L3                                 3 / 15                3 / 15                3 / 15                3 / 15          ops/s
[10.095s][info][gc,stats    ]      Memory: Page Cache Miss                                   0 / 1                 0 / 1                 0 / 1                 0 / 1           ops/s
[10.095s][info][gc,stats    ]      Memory: Uncommit                                          0 / 0                 0 / 0                 0 / 0                 0 / 0           MB/s
[10.095s][info][gc,stats    ]      Memory: Undo Object Allocation Failed                     0 / 0                 0 / 0                 0 / 0                 0 / 0           ops/s
[10.095s][info][gc,stats    ]      Memory: Undo Object Allocation Succeeded                  0 / 0                 0 / 0                 0 / 0                 0 / 0           ops/s
[10.095s][info][gc,stats    ]      Memory: Undo Page Allocation                              0 / 0                 0 / 0                 0 / 0                 0 / 0           ops/s
[10.095s][info][gc,stats    ]       Phase: Concurrent Mark                              15.149 / 15.149       15.149 / 15.149       15.149 / 15.149       15.149 / 15.149      ms
[10.095s][info][gc,stats    ]       Phase: Concurrent Mark Continue                      0.000 / 0.000         0.000 / 0.000         0.000 / 0.000         0.000 / 0.000       ms
[10.095s][info][gc,stats    ]       Phase: Concurrent Mark Free                          0.001 / 0.001         0.001 / 0.001         0.001 / 0.001         0.001 / 0.001       ms
[10.095s][info][gc,stats    ]       Phase: Concurrent Process Non-Strong References      1.722 / 1.722         1.722 / 1.722         1.722 / 1.722         1.722 / 1.722       ms
[10.095s][info][gc,stats    ]       Phase: Concurrent Relocate                           4.898 / 4.898         4.898 / 4.898         4.898 / 4.898         4.898 / 4.898       ms
[10.095s][info][gc,stats    ]       Phase: Concurrent Reset Relocation Set               0.001 / 0.001         0.001 / 0.001         0.001 / 0.001         0.001 / 0.001       ms
[10.095s][info][gc,stats    ]       Phase: Concurrent Select Relocation Set             14.363 / 14.363       14.363 / 14.363       14.363 / 14.363       14.363 / 14.363      ms
[10.095s][info][gc,stats    ]       Phase: Pause Mark End                                0.025 / 0.025         0.025 / 0.025         0.025 / 0.025         0.025 / 0.025       ms
[10.095s][info][gc,stats    ]       Phase: Pause Mark Start                              0.016 / 0.016         0.016 / 0.016         0.016 / 0.016         0.016 / 0.016       ms
[10.095s][info][gc,stats    ]       Phase: Pause Relocate Start                          0.008 / 0.008         0.008 / 0.008         0.008 / 0.008         0.008 / 0.008       ms
[10.095s][info][gc,stats    ]    Subphase: Concurrent Classes Purge                      0.582 / 0.582         0.582 / 0.582         0.582 / 0.582         0.582 / 0.582       ms
[10.095s][info][gc,stats    ]    Subphase: Concurrent Classes Unlink                     0.857 / 0.857         0.857 / 0.857         0.857 / 0.857         0.857 / 0.857       ms
[10.095s][info][gc,stats    ]    Subphase: Concurrent Mark                              13.342 / 13.431       13.342 / 13.431       13.342 / 13.431       13.342 / 13.431      ms
[10.095s][info][gc,stats    ]    Subphase: Concurrent Mark Try Flush                     0.027 / 0.052         0.027 / 0.052         0.027 / 0.052         0.027 / 0.052       ms
[10.095s][info][gc,stats    ]    Subphase: Concurrent Mark Try Terminate                 3.604 / 6.566         3.604 / 6.566         3.604 / 6.566         3.604 / 6.566       ms
[10.095s][info][gc,stats    ]    Subphase: Concurrent References Enqueue                 0.005 / 0.005         0.005 / 0.005         0.005 / 0.005         0.005 / 0.005       ms
[10.095s][info][gc,stats    ]    Subphase: Concurrent References Process                 0.064 / 0.064         0.064 / 0.064         0.064 / 0.064         0.064 / 0.064       ms
[10.095s][info][gc,stats    ]    Subphase: Concurrent Roots ClassLoaderDataGraph         0.210 / 0.414         0.210 / 0.414         0.210 / 0.414         0.210 / 0.414       ms
[10.095s][info][gc,stats    ]    Subphase: Concurrent Roots CodeCache                    0.000 / 0.000         0.000 / 0.000         0.000 / 0.000         0.000 / 0.000       ms
[10.096s][info][gc,stats    ]    Subphase: Concurrent Roots JavaThreads                  0.527 / 1.497         0.527 / 1.497         0.527 / 1.497         0.527 / 1.497       ms
[10.096s][info][gc,stats    ]    Subphase: Concurrent Roots OopStorageSet                0.060 / 0.126         0.060 / 0.126         0.060 / 0.126         0.060 / 0.126       ms
[10.096s][info][gc,stats    ]    Subphase: Concurrent Weak Roots OopStorageSet           0.150 / 0.152         0.150 / 0.152         0.150 / 0.152         0.150 / 0.152       ms
[10.096s][info][gc,stats    ]    Subphase: Pause Mark Try Complete                       0.000 / 0.000         0.000 / 0.000         0.000 / 0.000         0.000 / 0.000       ms
[10.096s][info][gc,stats    ]      System: Java Threads                                     12 / 13               12 / 13               12 / 13               12 / 13          threads
[10.096s][info][gc,stats    ] =========================================================================================================================================================
[10.467s][info][gc,start    ] GC(1) Garbage Collection (Metadata GC Threshold)
[10.467s][info][gc,task     ] GC(1) Using 5 workers
[10.468s][info][gc,phases   ] GC(1) Pause Mark Start 0.015ms
[10.492s][info][gc,phases   ] GC(1) Concurrent Mark 24.224ms
[10.492s][info][gc,phases   ] GC(1) Pause Mark End 0.011ms
[10.492s][info][gc,phases   ] GC(1) Concurrent Mark Free 0.001ms
[10.494s][info][gc,phases   ] GC(1) Concurrent Process Non-Strong References 2.248ms
[10.494s][info][gc,phases   ] GC(1) Concurrent Reset Relocation Set 0.003ms
[10.501s][info][gc,phases   ] GC(1) Concurrent Select Relocation Set 6.990ms
[10.502s][info][gc,phases   ] GC(1) Pause Relocate Start 0.009ms
[10.510s][info][gc,phases   ] GC(1) Concurrent Relocate 7.776ms
[10.510s][info][gc,load     ] GC(1) Load: 0.00/0.00/0.00
[10.510s][info][gc,mmu      ] GC(1) MMU: 2ms/98.7%, 5ms/99.5%, 10ms/99.7%, 20ms/99.8%, 50ms/99.9%, 100ms/100.0%
[10.510s][info][gc,marking  ] GC(1) Mark: 4 stripe(s), 2 proactive flush(es), 1 terminate flush(es), 0 completion(s), 0 continuation(s) 
[10.510s][info][gc,marking  ] GC(1) Mark Stack Usage: 32M
[10.510s][info][gc,nmethod  ] GC(1) NMethods: 1867 registered, 165 unregistered
[10.510s][info][gc,metaspace] GC(1) Metaspace: 21M used, 21M committed, 1088M reserved
[10.510s][info][gc,ref      ] GC(1) Soft: 3534 encountered, 0 discovered, 0 enqueued
[10.510s][info][gc,ref      ] GC(1) Weak: 1500 encountered, 588 discovered, 281 enqueued
[10.510s][info][gc,ref      ] GC(1) Final: 1 encountered, 1 discovered, 0 enqueued
[10.510s][info][gc,ref      ] GC(1) Phantom: 786 encountered, 513 discovered, 205 enqueued
[10.510s][info][gc,reloc    ] GC(1) Small Pages: 27 / 54M, Empty: 0M, Relocated: 10M, In-Place: 0
[10.510s][info][gc,reloc    ] GC(1) Medium Pages: 2 / 32M, Empty: 0M, Relocated: 2M, In-Place: 0
[10.510s][info][gc,reloc    ] GC(1) Large Pages: 1 / 4M, Empty: 0M, Relocated: 0M, In-Place: 0
[10.511s][info][gc,reloc    ] GC(1) Forwarding Usage: 2M
[10.511s][info][gc,heap     ] GC(1) Min Capacity: 8M(2%)
[10.511s][info][gc,heap     ] GC(1) Max Capacity: 512M(100%)
[10.511s][info][gc,heap     ] GC(1) Soft Max Capacity: 512M(100%)
[10.511s][info][gc,heap     ] GC(1)                Mark Start          Mark End        Relocate Start      Relocate End           High               Low         
[10.511s][info][gc,heap     ] GC(1)  Capacity:      512M (100%)        512M (100%)        512M (100%)        512M (100%)        512M (100%)        512M (100%)   
[10.511s][info][gc,heap     ] GC(1)      Free:      422M (82%)         420M (82%)         418M (82%)         466M (91%)         466M (91%)         396M (77%)    
[10.511s][info][gc,heap     ] GC(1)      Used:       90M (18%)          92M (18%)          94M (18%)          46M (9%)          116M (23%)          46M (9%)     
[10.511s][info][gc,heap     ] GC(1)      Live:         -                21M (4%)           21M (4%)           21M (4%)             -                  -          
[10.511s][info][gc,heap     ] GC(1) Allocated:         -                 2M (0%)            4M (1%)            3M (1%)             -                  -          
[10.511s][info][gc,heap     ] GC(1)   Garbage:         -                68M (13%)          68M (13%)          21M (4%)             -                  -          
[10.511s][info][gc,heap     ] GC(1) Reclaimed:         -                  -                 0M (0%)           47M (9%)             -                  -          
[10.511s][info][gc          ] GC(1) Garbage Collection (Metadata GC Threshold) 90M(18%)->46M(9%)
[11.296s][info][gc,start    ] GC(2) Garbage Collection (Warmup)
[11.296s][info][gc,task     ] GC(2) Using 5 workers
[11.296s][info][gc,phases   ] GC(2) Pause Mark Start 0.014ms
[11.336s][info][gc,phases   ] GC(2) Concurrent Mark 39.561ms
[11.336s][info][gc,phases   ] GC(2) Pause Mark End 0.018ms
[11.336s][info][gc,phases   ] GC(2) Concurrent Mark Free 0.001ms
[11.352s][info][gc,phases   ] GC(2) Concurrent Process Non-Strong References 15.798ms
[11.352s][info][gc,phases   ] GC(2) Concurrent Reset Relocation Set 0.005ms
[11.356s][info][gc,phases   ] GC(2) Concurrent Select Relocation Set 3.689ms
[11.356s][info][gc,phases   ] GC(2) Pause Relocate Start 0.011ms
[11.363s][info][gc,phases   ] GC(2) Concurrent Relocate 6.719ms
[11.363s][info][gc,load     ] GC(2) Load: 0.00/0.00/0.00
[11.363s][info][gc,mmu      ] GC(2) MMU: 2ms/98.7%, 5ms/99.5%, 10ms/99.7%, 20ms/99.8%, 50ms/99.9%, 100ms/100.0%
[11.363s][info][gc,marking  ] GC(2) Mark: 4 stripe(s), 2 proactive flush(es), 1 terminate flush(es), 0 completion(s), 0 continuation(s) 
[11.363s][info][gc,marking  ] GC(2) Mark Stack Usage: 32M
[11.363s][info][gc,nmethod  ] GC(2) NMethods: 2454 registered, 271 unregistered
[11.363s][info][gc,metaspace] GC(2) Metaspace: 33M used, 34M committed, 1088M reserved
[11.363s][info][gc,ref      ] GC(2) Soft: 3729 encountered, 0 discovered, 0 enqueued
[11.363s][info][gc,ref      ] GC(2) Weak: 2269 encountered, 613 discovered, 348 enqueued
[11.363s][info][gc,ref      ] GC(2) Final: 38 encountered, 0 discovered, 0 enqueued
[11.363s][info][gc,ref      ] GC(2) Phantom: 839 encountered, 414 discovered, 253 enqueued
[11.363s][info][gc,reloc    ] GC(2) Small Pages: 44 / 88M, Empty: 0M, Relocated: 6M, In-Place: 0
[11.364s][info][gc,reloc    ] GC(2) Medium Pages: 1 / 16M, Empty: 0M, Relocated: 0M, In-Place: 0
[11.364s][info][gc,reloc    ] GC(2) Large Pages: 1 / 4M, Empty: 0M, Relocated: 0M, In-Place: 0
[11.364s][info][gc,reloc    ] GC(2) Forwarding Usage: 2M
[11.364s][info][gc,heap     ] GC(2) Min Capacity: 8M(2%)
[11.364s][info][gc,heap     ] GC(2) Max Capacity: 512M(100%)
[11.364s][info][gc,heap     ] GC(2) Soft Max Capacity: 512M(100%)
[11.364s][info][gc,heap     ] GC(2)                Mark Start          Mark End        Relocate Start      Relocate End           High               Low         
[11.364s][info][gc,heap     ] GC(2)  Capacity:      512M (100%)        512M (100%)        512M (100%)        512M (100%)        512M (100%)        512M (100%)   
[11.364s][info][gc,heap     ] GC(2)      Free:      404M (79%)         400M (78%)         398M (78%)         460M (90%)         460M (90%)         388M (76%)    
[11.364s][info][gc,heap     ] GC(2)      Used:      108M (21%)         112M (22%)         114M (22%)          52M (10%)         124M (24%)          52M (10%)    
[11.364s][info][gc,heap     ] GC(2)      Live:         -                26M (5%)           26M (5%)           26M (5%)             -                  -          
[11.364s][info][gc,heap     ] GC(2) Allocated:         -                 4M (1%)            6M (1%)            5M (1%)             -                  -          
[11.364s][info][gc,heap     ] GC(2)   Garbage:         -                81M (16%)          81M (16%)          19M (4%)             -                  -          
[11.364s][info][gc,heap     ] GC(2) Reclaimed:         -                  -                 0M (0%)           61M (12%)            -                  -          
[11.364s][info][gc          ] GC(2) Garbage Collection (Warmup) 108M(21%)->52M(10%)
[13.386s][info][gc,start    ] GC(3) Garbage Collection (Warmup)
[13.386s][info][gc,task     ] GC(3) Using 5 workers
[13.386s][info][gc,phases   ] GC(3) Pause Mark Start 0.016ms
[13.420s][info][gc,phases   ] GC(3) Concurrent Mark 33.617ms
[13.420s][info][gc,phases   ] GC(3) Pause Mark End 0.013ms
[13.420s][info][gc,phases   ] GC(3) Concurrent Mark Free 0.001ms
[13.422s][info][gc,phases   ] GC(3) Concurrent Process Non-Strong References 2.672ms
[13.423s][info][gc,phases   ] GC(3) Concurrent Reset Relocation Set 0.005ms
[13.426s][info][gc,phases   ] GC(3) Concurrent Select Relocation Set 3.696ms
[13.426s][info][gc,phases   ] GC(3) Pause Relocate Start 0.006ms
[13.429s][info][gc,phases   ] GC(3) Concurrent Relocate 2.366ms
[13.429s][info][gc,load     ] GC(3) Load: 0.00/0.00/0.00
[13.429s][info][gc,mmu      ] GC(3) MMU: 2ms/98.7%, 5ms/99.5%, 10ms/99.7%, 20ms/99.8%, 50ms/99.9%, 100ms/100.0%
[13.429s][info][gc,marking  ] GC(3) Mark: 4 stripe(s), 2 proactive flush(es), 1 terminate flush(es), 0 completion(s), 0 continuation(s) 
[13.429s][info][gc,marking  ] GC(3) Mark Stack Usage: 32M
[13.429s][info][gc,nmethod  ] GC(3) NMethods: 2996 registered, 122 unregistered
[13.429s][info][gc,metaspace] GC(3) Metaspace: 41M used, 41M committed, 1088M reserved
[13.429s][info][gc,ref      ] GC(3) Soft: 3890 encountered, 0 discovered, 0 enqueued
[13.429s][info][gc,ref      ] GC(3) Weak: 2924 encountered, 1550 discovered, 366 enqueued
[13.429s][info][gc,ref      ] GC(3) Final: 38 encountered, 4 discovered, 0 enqueued
[13.429s][info][gc,ref      ] GC(3) Phantom: 884 encountered, 689 discovered, 291 enqueued
[13.429s][info][gc,reloc    ] GC(3) Small Pages: 68 / 136M, Empty: 50M, Relocated: 5M, In-Place: 0
[13.429s][info][gc,reloc    ] GC(3) Medium Pages: 1 / 16M, Empty: 0M, Relocated: 0M, In-Place: 0
[13.429s][info][gc,reloc    ] GC(3) Large Pages: 1 / 4M, Empty: 0M, Relocated: 0M, In-Place: 0
[13.429s][info][gc,reloc    ] GC(3) Forwarding Usage: 1M
[13.429s][info][gc,heap     ] GC(3) Min Capacity: 8M(2%)
[13.429s][info][gc,heap     ] GC(3) Max Capacity: 512M(100%)
[13.429s][info][gc,heap     ] GC(3) Soft Max Capacity: 512M(100%)
[13.429s][info][gc,heap     ] GC(3)                Mark Start          Mark End        Relocate Start      Relocate End           High               Low         
[13.429s][info][gc,heap     ] GC(3)  Capacity:      512M (100%)        512M (100%)        512M (100%)        512M (100%)        512M (100%)        512M (100%)   
[13.429s][info][gc,heap     ] GC(3)      Free:      356M (70%)         354M (69%)         402M (79%)         456M (89%)         456M (89%)         352M (69%)    
[13.429s][info][gc,heap     ] GC(3)      Used:      156M (30%)         158M (31%)         110M (21%)          56M (11%)         160M (31%)          56M (11%)    
[13.429s][info][gc,heap     ] GC(3)      Live:         -                28M (6%)           28M (6%)           28M (6%)             -                  -          
[13.429s][info][gc,heap     ] GC(3) Allocated:         -                 2M (0%)            4M (1%)            3M (1%)             -                  -          
[13.430s][info][gc,heap     ] GC(3)   Garbage:         -               127M (25%)          77M (15%)          23M (5%)             -                  -          
[13.430s][info][gc,heap     ] GC(3) Reclaimed:         -                  -                50M (10%)         103M (20%)            -                  -          
[13.430s][info][gc          ] GC(3) Garbage Collection (Warmup) 156M(30%)->56M(11%)
[17.585s][info][gc,start    ] GC(4) Garbage Collection (Proactive)
[17.585s][info][gc,task     ] GC(4) Using 5 workers
[17.585s][info][gc,phases   ] GC(4) Pause Mark Start 0.019ms
[17.623s][info][gc,phases   ] GC(4) Concurrent Mark 37.804ms
[17.623s][info][gc,phases   ] GC(4) Pause Mark End 0.016ms
[17.623s][info][gc,phases   ] GC(4) Concurrent Mark Free 0.001ms
[17.626s][info][gc,phases   ] GC(4) Concurrent Process Non-Strong References 2.395ms
[17.626s][info][gc,phases   ] GC(4) Concurrent Reset Relocation Set 0.006ms
[17.630s][info][gc,phases   ] GC(4) Concurrent Select Relocation Set 3.811ms
[17.630s][info][gc,phases   ] GC(4) Pause Relocate Start 0.008ms
[17.632s][info][gc,phases   ] GC(4) Concurrent Relocate 2.319ms
[17.632s][info][gc,load     ] GC(4) Load: 0.00/0.00/0.00
[17.632s][info][gc,mmu      ] GC(4) MMU: 2ms/98.7%, 5ms/99.5%, 10ms/99.7%, 20ms/99.8%, 50ms/99.9%, 100ms/100.0%
[17.632s][info][gc,marking  ] GC(4) Mark: 4 stripe(s), 2 proactive flush(es), 1 terminate flush(es), 0 completion(s), 0 continuation(s) 
[17.632s][info][gc,marking  ] GC(4) Mark Stack Usage: 32M
[17.632s][info][gc,nmethod  ] GC(4) NMethods: 2996 registered, 156 unregistered
[17.632s][info][gc,metaspace] GC(4) Metaspace: 41M used, 41M committed, 1088M reserved
[17.632s][info][gc,ref      ] GC(4) Soft: 3890 encountered, 0 discovered, 0 enqueued
[17.632s][info][gc,ref      ] GC(4) Weak: 2558 encountered, 1103 discovered, 0 enqueued
[17.632s][info][gc,ref      ] GC(4) Final: 38 encountered, 5 discovered, 0 enqueued
[17.632s][info][gc,ref      ] GC(4) Phantom: 593 encountered, 277 discovered, 0 enqueued
[17.632s][info][gc,reloc    ] GC(4) Small Pages: 79 / 158M, Empty: 104M, Relocated: 3M, In-Place: 0
[17.632s][info][gc,reloc    ] GC(4) Medium Pages: 1 / 16M, Empty: 0M, Relocated: 0M, In-Place: 0
[17.632s][info][gc,reloc    ] GC(4) Large Pages: 1 / 4M, Empty: 0M, Relocated: 0M, In-Place: 0
[17.632s][info][gc,reloc    ] GC(4) Forwarding Usage: 0M
[17.632s][info][gc,heap     ] GC(4) Min Capacity: 8M(2%)
[17.633s][info][gc,heap     ] GC(4) Max Capacity: 512M(100%)
[17.633s][info][gc,heap     ] GC(4) Soft Max Capacity: 512M(100%)
[17.633s][info][gc,heap     ] GC(4)                Mark Start          Mark End        Relocate Start      Relocate End           High               Low         
[17.633s][info][gc,heap     ] GC(4)  Capacity:      512M (100%)        512M (100%)        512M (100%)        512M (100%)        512M (100%)        512M (100%)   
[17.633s][info][gc,heap     ] GC(4)      Free:      334M (65%)         334M (65%)         436M (85%)         456M (89%)         456M (89%)         332M (65%)    
[17.633s][info][gc,heap     ] GC(4)      Used:      178M (35%)         178M (35%)          76M (15%)          56M (11%)         180M (35%)          56M (11%)    
[17.633s][info][gc,heap     ] GC(4)      Live:         -                28M (6%)           28M (6%)           28M (6%)             -                  -          
[17.633s][info][gc,heap     ] GC(4) Allocated:         -                 0M (0%)            2M (0%)            2M (0%)             -                  -          
[17.633s][info][gc,heap     ] GC(4)   Garbage:         -               149M (29%)          45M (9%)           25M (5%)             -                  -          
[17.633s][info][gc,heap     ] GC(4) Reclaimed:         -                  -               104M (20%)         124M (24%)            -                  -          
[17.633s][info][gc          ] GC(4) Garbage Collection (Proactive) 178M(35%)->56M(11%)
[20.091s][info][gc,stats    ] === Garbage Collection Statistics =======================================================================================================================
[20.091s][info][gc,stats    ]                                                              Last 10s              Last 10m              Last 10h                Total
[20.091s][info][gc,stats    ]                                                              Avg / Max             Avg / Max             Avg / Max             Avg / Max
[20.091s][info][gc,stats    ]   Collector: Garbage Collection Cycle                     50.103 / 67.056       47.498 / 67.056       47.498 / 67.056       47.498 / 67.056      ms
[20.091s][info][gc,stats    ]  Contention: Mark Segment Reset Contention                     0 / 2                 0 / 2                 0 / 2                 0 / 2           ops/s
[20.091s][info][gc,stats    ]  Contention: Mark SeqNum Reset Contention                      0 / 0                 0 / 0                 0 / 0                 0 / 0           ops/s
[20.091s][info][gc,stats    ]    Critical: Allocation Stall                                  0 / 0                 0 / 0                 0 / 0                 0 / 0           ops/s
[20.091s][info][gc,stats    ]    Critical: Allocation Stall                              0.000 / 0.000         0.000 / 0.000         0.000 / 0.000         0.000 / 0.000       ms
[20.091s][info][gc,stats    ]    Critical: GC Locker Stall                                   0 / 0                 0 / 0                 0 / 0                 0 / 0           ops/s
[20.092s][info][gc,stats    ]    Critical: GC Locker Stall                               0.000 / 0.000         0.000 / 0.000         0.000 / 0.000         0.000 / 0.000       ms
[20.092s][info][gc,stats    ]    Critical: Relocation Stall                                  0 / 0                 0 / 0                 0 / 0                 0 / 0           ops/s
[20.092s][info][gc,stats    ]    Critical: Relocation Stall                              0.000 / 0.000         0.000 / 0.000         0.000 / 0.000         0.000 / 0.000       ms
[20.092s][info][gc,stats    ]      Memory: Allocation Rate                                  32 / 72               21 / 72               21 / 72               21 / 72          MB/s
[20.092s][info][gc,stats    ]      Memory: Defragment                                        0 / 0                 0 / 0                 0 / 0                 0 / 0           ops/s
[20.092s][info][gc,stats    ]      Memory: Out Of Memory                                     0 / 0                 0 / 0                 0 / 0                 0 / 0           ops/s
[20.092s][info][gc,stats    ]      Memory: Page Cache Flush                                  0 / 0                 0 / 0                 0 / 0                 0 / 0           MB/s
[20.092s][info][gc,stats    ]      Memory: Page Cache Hit L1                                13 / 35                7 / 35                7 / 35                7 / 35          ops/s
[20.092s][info][gc,stats    ]      Memory: Page Cache Hit L2                                 0 / 0                 0 / 0                 0 / 0                 0 / 0           ops/s
[20.092s][info][gc,stats    ]      Memory: Page Cache Hit L3                                 5 / 16                4 / 16                4 / 16                4 / 16          ops/s
[20.092s][info][gc,stats    ]      Memory: Page Cache Miss                                   0 / 0                 0 / 1                 0 / 1                 0 / 1           ops/s
[20.092s][info][gc,stats    ]      Memory: Uncommit                                          0 / 0                 0 / 0                 0 / 0                 0 / 0           MB/s
[20.092s][info][gc,stats    ]      Memory: Undo Object Allocation Failed                     0 / 2                 0 / 2                 0 / 2                 0 / 2           ops/s
[20.092s][info][gc,stats    ]      Memory: Undo Object Allocation Succeeded                  0 / 0                 0 / 0                 0 / 0                 0 / 0           ops/s
[20.092s][info][gc,stats    ]      Memory: Undo Page Allocation                              0 / 1                 0 / 1                 0 / 1                 0 / 1           ops/s
[20.092s][info][gc,stats    ]       Phase: Concurrent Mark                              33.801 / 39.561       30.071 / 39.561       30.071 / 39.561       30.071 / 39.561      ms
[20.092s][info][gc,stats    ]       Phase: Concurrent Mark Continue                      0.000 / 0.000         0.000 / 0.000         0.000 / 0.000         0.000 / 0.000       ms
[20.092s][info][gc,stats    ]       Phase: Concurrent Mark Free                          0.001 / 0.001         0.001 / 0.001         0.001 / 0.001         0.001 / 0.001       ms
[20.092s][info][gc,stats    ]       Phase: Concurrent Process Non-Strong References      5.778 / 15.798        4.967 / 15.798        4.967 / 15.798        4.967 / 15.798      ms
[20.092s][info][gc,stats    ]       Phase: Concurrent Relocate                           4.795 / 7.776         4.816 / 7.776         4.816 / 7.776         4.816 / 7.776       ms
[20.092s][info][gc,stats    ]       Phase: Concurrent Reset Relocation Set               0.005 / 0.006         0.004 / 0.006         0.004 / 0.006         0.004 / 0.006       ms
[20.092s][info][gc,stats    ]       Phase: Concurrent Select Relocation Set              4.546 / 6.990         6.510 / 14.363        6.510 / 14.363        6.510 / 14.363      ms
[20.092s][info][gc,stats    ]       Phase: Pause Mark End                                0.015 / 0.018         0.017 / 0.025         0.017 / 0.025         0.017 / 0.025       ms
[20.092s][info][gc,stats    ]       Phase: Pause Mark Start                              0.016 / 0.019         0.016 / 0.019         0.016 / 0.019         0.016 / 0.019       ms
[20.092s][info][gc,stats    ]       Phase: Pause Relocate Start                          0.009 / 0.011         0.009 / 0.011         0.009 / 0.011         0.009 / 0.011       ms
[20.092s][info][gc,stats    ]    Subphase: Concurrent Classes Purge                      0.477 / 0.751         0.498 / 0.751         0.498 / 0.751         0.498 / 0.751       ms
[20.092s][info][gc,stats    ]    Subphase: Concurrent Classes Unlink                     1.297 / 1.618         1.209 / 1.618         1.209 / 1.618         1.209 / 1.618       ms
[20.093s][info][gc,stats    ]    Subphase: Concurrent Mark                              25.539 / 31.943       23.100 / 31.943       23.100 / 31.943       23.100 / 31.943      ms
[20.093s][info][gc,stats    ]    Subphase: Concurrent Mark Try Flush                     0.123 / 0.401         0.099 / 0.401         0.099 / 0.401         0.099 / 0.401       ms
[20.093s][info][gc,stats    ]    Subphase: Concurrent Mark Try Terminate                 7.434 / 14.854        6.569 / 14.854        6.569 / 14.854        6.569 / 14.854      ms
[20.093s][info][gc,stats    ]    Subphase: Concurrent References Enqueue                 0.003 / 0.005         0.003 / 0.005         0.003 / 0.005         0.003 / 0.005       ms
[20.093s][info][gc,stats    ]    Subphase: Concurrent References Process                 0.088 / 0.131         0.083 / 0.131         0.083 / 0.131         0.083 / 0.131       ms
[20.093s][info][gc,stats    ]    Subphase: Concurrent Roots ClassLoaderDataGraph         0.133 / 0.653         0.140 / 0.653         0.140 / 0.653         0.140 / 0.653       ms
[20.093s][info][gc,stats    ]    Subphase: Concurrent Roots CodeCache                    0.000 / 0.000         0.000 / 0.000         0.000 / 0.000         0.000 / 0.000       ms
[20.093s][info][gc,stats    ]    Subphase: Concurrent Roots JavaThreads                  5.588 / 7.498         4.708 / 7.498         4.708 / 7.498         4.708 / 7.498       ms
[20.093s][info][gc,stats    ]    Subphase: Concurrent Roots OopStorageSet                0.032 / 0.054         0.037 / 0.126         0.037 / 0.126         0.037 / 0.126       ms
[20.093s][info][gc,stats    ]    Subphase: Concurrent Weak Roots OopStorageSet           0.381 / 0.435         0.334 / 0.435         0.334 / 0.435         0.334 / 0.435       ms
[20.093s][info][gc,stats    ]    Subphase: Pause Mark Try Complete                       0.000 / 0.000         0.000 / 0.000         0.000 / 0.000         0.000 / 0.000       ms
[20.093s][info][gc,stats    ]      System: Java Threads                                     80 / 101              66 / 101              66 / 101              66 / 101         threads
[20.093s][info][gc,stats    ] =========================================================================================================================================================
[30.099s][info][gc,stats    ] === Garbage Collection Statistics =======================================================================================================================
[30.099s][info][gc,stats    ]                                                              Last 10s              Last 10m              Last 10h                Total
[30.099s][info][gc,stats    ]                                                              Avg / Max             Avg / Max             Avg / Max             Avg / Max
[30.099s][info][gc,stats    ]   Collector: Garbage Collection Cycle                      0.000 / 0.000        47.498 / 67.056       47.498 / 67.056       47.498 / 67.056      ms
[30.099s][info][gc,stats    ]  Contention: Mark Segment Reset Contention                     0 / 0                 0 / 2                 0 / 2                 0 / 2           ops/s
[30.099s][info][gc,stats    ]  Contention: Mark SeqNum Reset Contention                      0 / 0                 0 / 0                 0 / 0                 0 / 0           ops/s
[30.099s][info][gc,stats    ]    Critical: Allocation Stall                                  0 / 0                 0 / 0                 0 / 0                 0 / 0           ops/s
[30.099s][info][gc,stats    ]    Critical: Allocation Stall                              0.000 / 0.000         0.000 / 0.000         0.000 / 0.000         0.000 / 0.000       ms
[30.099s][info][gc,stats    ]    Critical: GC Locker Stall                                   0 / 0                 0 / 0                 0 / 0                 0 / 0           ops/s
[30.099s][info][gc,stats    ]    Critical: GC Locker Stall                               0.000 / 0.000         0.000 / 0.000         0.000 / 0.000         0.000 / 0.000       ms
[30.100s][info][gc,stats    ]    Critical: Relocation Stall                                  0 / 0                 0 / 0                 0 / 0                 0 / 0           ops/s
[30.100s][info][gc,stats    ]    Critical: Relocation Stall                              0.000 / 0.000         0.000 / 0.000         0.000 / 0.000         0.000 / 0.000       ms
[30.100s][info][gc,stats    ]      Memory: Allocation Rate                                   0 / 4                14 / 72               14 / 72               14 / 72          MB/s
[30.100s][info][gc,stats    ]      Memory: Defragment                                        0 / 0                 0 / 0                 0 / 0                 0 / 0           ops/s
[30.100s][info][gc,stats    ]      Memory: Out Of Memory                                     0 / 0                 0 / 0                 0 / 0                 0 / 0           ops/s
[30.100s][info][gc,stats    ]      Memory: Page Cache Flush                                  0 / 0                 0 / 0                 0 / 0                 0 / 0           MB/s
[30.100s][info][gc,stats    ]      Memory: Page Cache Hit L1                                 0 / 2                 4 / 35                4 / 35                4 / 35          ops/s
[30.100s][info][gc,stats    ]      Memory: Page Cache Hit L2                                 0 / 0                 0 / 0                 0 / 0                 0 / 0           ops/s
[30.100s][info][gc,stats    ]      Memory: Page Cache Hit L3                                 0 / 0                 2 / 16                2 / 16                2 / 16          ops/s
[30.100s][info][gc,stats    ]      Memory: Page Cache Miss                                   0 / 0                 0 / 1                 0 / 1                 0 / 1           ops/s
[30.100s][info][gc,stats    ]      Memory: Uncommit                                          0 / 0                 0 / 0                 0 / 0                 0 / 0           MB/s
[30.100s][info][gc,stats    ]      Memory: Undo Object Allocation Failed                     0 / 0                 0 / 2                 0 / 2                 0 / 2           ops/s
[30.100s][info][gc,stats    ]      Memory: Undo Object Allocation Succeeded                  0 / 0                 0 / 0                 0 / 0                 0 / 0           ops/s
[30.100s][info][gc,stats    ]      Memory: Undo Page Allocation                              0 / 0                 0 / 1                 0 / 1                 0 / 1           ops/s
[30.100s][info][gc,stats    ]       Phase: Concurrent Mark                               0.000 / 0.000        30.071 / 39.561       30.071 / 39.561       30.071 / 39.561      ms
[30.100s][info][gc,stats    ]       Phase: Concurrent Mark Continue                      0.000 / 0.000         0.000 / 0.000         0.000 / 0.000         0.000 / 0.000       ms
[30.100s][info][gc,stats    ]       Phase: Concurrent Mark Free                          0.000 / 0.000         0.001 / 0.001         0.001 / 0.001         0.001 / 0.001       ms
[30.100s][info][gc,stats    ]       Phase: Concurrent Process Non-Strong References      0.000 / 0.000         4.967 / 15.798        4.967 / 15.798        4.967 / 15.798      ms
[30.100s][info][gc,stats    ]       Phase: Concurrent Relocate                           0.000 / 0.000         4.816 / 7.776         4.816 / 7.776         4.816 / 7.776       ms
[30.100s][info][gc,stats    ]       Phase: Concurrent Reset Relocation Set               0.000 / 0.000         0.004 / 0.006         0.004 / 0.006         0.004 / 0.006       ms
[30.100s][info][gc,stats    ]       Phase: Concurrent Select Relocation Set              0.000 / 0.000         6.510 / 14.363        6.510 / 14.363        6.510 / 14.363      ms
[30.100s][info][gc,stats    ]       Phase: Pause Mark End                                0.000 / 0.000         0.017 / 0.025         0.017 / 0.025         0.017 / 0.025       ms
[30.100s][info][gc,stats    ]       Phase: Pause Mark Start                              0.000 / 0.000         0.016 / 0.019         0.016 / 0.019         0.016 / 0.019       ms
[30.100s][info][gc,stats    ]       Phase: Pause Relocate Start                          0.000 / 0.000         0.009 / 0.011         0.009 / 0.011         0.009 / 0.011       ms
[30.100s][info][gc,stats    ]    Subphase: Concurrent Classes Purge                      0.000 / 0.000         0.498 / 0.751         0.498 / 0.751         0.498 / 0.751       ms
[30.100s][info][gc,stats    ]    Subphase: Concurrent Classes Unlink                     0.000 / 0.000         1.209 / 1.618         1.209 / 1.618         1.209 / 1.618       ms
[30.100s][info][gc,stats    ]    Subphase: Concurrent Mark                               0.000 / 0.000        23.100 / 31.943       23.100 / 31.943       23.100 / 31.943      ms
[30.100s][info][gc,stats    ]    Subphase: Concurrent Mark Try Flush                     0.000 / 0.000         0.099 / 0.401         0.099 / 0.401         0.099 / 0.401       ms
[30.100s][info][gc,stats    ]    Subphase: Concurrent Mark Try Terminate                 0.000 / 0.000         6.569 / 14.854        6.569 / 14.854        6.569 / 14.854      ms
[30.100s][info][gc,stats    ]    Subphase: Concurrent References Enqueue                 0.000 / 0.000         0.003 / 0.005         0.003 / 0.005         0.003 / 0.005       ms
[30.101s][info][gc,stats    ]    Subphase: Concurrent References Process                 0.000 / 0.000         0.083 / 0.131         0.083 / 0.131         0.083 / 0.131       ms
[30.101s][info][gc,stats    ]    Subphase: Concurrent Roots ClassLoaderDataGraph         0.000 / 0.000         0.140 / 0.653         0.140 / 0.653         0.140 / 0.653       ms
[30.101s][info][gc,stats    ]    Subphase: Concurrent Roots CodeCache                    0.000 / 0.000         0.000 / 0.000         0.000 / 0.000         0.000 / 0.000       ms
[30.101s][info][gc,stats    ]    Subphase: Concurrent Roots JavaThreads                  0.000 / 0.000         4.708 / 7.498         4.708 / 7.498         4.708 / 7.498       ms
[30.101s][info][gc,stats    ]    Subphase: Concurrent Roots OopStorageSet                0.000 / 0.000         0.037 / 0.126         0.037 / 0.126         0.037 / 0.126       ms
[30.101s][info][gc,stats    ]    Subphase: Concurrent Weak Roots OopStorageSet           0.000 / 0.000         0.334 / 0.435         0.334 / 0.435         0.334 / 0.435       ms
[30.101s][info][gc,stats    ]    Subphase: Pause Mark Try Complete                       0.000 / 0.000         0.000 / 0.000         0.000 / 0.000         0.000 / 0.000       ms
[30.101s][info][gc,stats    ]      System: Java Threads                                      0 / 0                66 / 101              66 / 101              66 / 101         threads
[30.101s][info][gc,stats    ] =========================================================================================================================================================
[40.092s][info][gc,stats    ] === Garbage Collection Statistics =======================================================================================================================
[40.092s][info][gc,stats    ]                                                              Last 10s              Last 10m              Last 10h                Total
[40.092s][info][gc,stats    ]                                                              Avg / Max             Avg / Max             Avg / Max             Avg / Max
[40.092s][info][gc,stats    ]   Collector: Garbage Collection Cycle                      0.000 / 0.000        47.498 / 67.056       47.498 / 67.056       47.498 / 67.056      ms
[40.092s][info][gc,stats    ]  Contention: Mark Segment Reset Contention                     0 / 0                 0 / 2                 0 / 2                 0 / 2           ops/s
[40.092s][info][gc,stats    ]  Contention: Mark SeqNum Reset Contention                      0 / 0                 0 / 0                 0 / 0                 0 / 0           ops/s
[40.092s][info][gc,stats    ]    Critical: Allocation Stall                                  0 / 0                 0 / 0                 0 / 0                 0 / 0           ops/s
[40.092s][info][gc,stats    ]    Critical: Allocation Stall                              0.000 / 0.000         0.000 / 0.000         0.000 / 0.000         0.000 / 0.000       ms
[40.092s][info][gc,stats    ]    Critical: GC Locker Stall                                   0 / 0                 0 / 0                 0 / 0                 0 / 0           ops/s
[40.092s][info][gc,stats    ]    Critical: GC Locker Stall                               0.000 / 0.000         0.000 / 0.000         0.000 / 0.000         0.000 / 0.000       ms
[40.092s][info][gc,stats    ]    Critical: Relocation Stall                                  0 / 0                 0 / 0                 0 / 0                 0 / 0           ops/s
[40.092s][info][gc,stats    ]    Critical: Relocation Stall                              0.000 / 0.000         0.000 / 0.000         0.000 / 0.000         0.000 / 0.000       ms
[40.092s][info][gc,stats    ]      Memory: Allocation Rate                                   0 / 2                10 / 72               10 / 72               10 / 72          MB/s
[40.093s][info][gc,stats    ]      Memory: Defragment                                        0 / 0                 0 / 0                 0 / 0                 0 / 0           ops/s
[40.093s][info][gc,stats    ]      Memory: Out Of Memory                                     0 / 0                 0 / 0                 0 / 0                 0 / 0           ops/s
[40.093s][info][gc,stats    ]      Memory: Page Cache Flush                                  0 / 0                 0 / 0                 0 / 0                 0 / 0           MB/s
[40.093s][info][gc,stats    ]      Memory: Page Cache Hit L1                                 0 / 1                 3 / 35                3 / 35                3 / 35          ops/s
[40.093s][info][gc,stats    ]      Memory: Page Cache Hit L2                                 0 / 0                 0 / 0                 0 / 0                 0 / 0           ops/s
[40.093s][info][gc,stats    ]      Memory: Page Cache Hit L3                                 0 / 0                 2 / 16                2 / 16                2 / 16          ops/s
[40.093s][info][gc,stats    ]      Memory: Page Cache Miss                                   0 / 0                 0 / 1                 0 / 1                 0 / 1           ops/s
[40.093s][info][gc,stats    ]      Memory: Uncommit                                          0 / 0                 0 / 0                 0 / 0                 0 / 0           MB/s
[40.093s][info][gc,stats    ]      Memory: Undo Object Allocation Failed                     0 / 0                 0 / 2                 0 / 2                 0 / 2           ops/s
[40.093s][info][gc,stats    ]      Memory: Undo Object Allocation Succeeded                  0 / 0                 0 / 0                 0 / 0                 0 / 0           ops/s
[40.093s][info][gc,stats    ]      Memory: Undo Page Allocation                              0 / 0                 0 / 1                 0 / 1                 0 / 1           ops/s
[40.093s][info][gc,stats    ]       Phase: Concurrent Mark                               0.000 / 0.000        30.071 / 39.561       30.071 / 39.561       30.071 / 39.561      ms
[40.093s][info][gc,stats    ]       Phase: Concurrent Mark Continue                      0.000 / 0.000         0.000 / 0.000         0.000 / 0.000         0.000 / 0.000       ms
[40.093s][info][gc,stats    ]       Phase: Concurrent Mark Free                          0.000 / 0.000         0.001 / 0.001         0.001 / 0.001         0.001 / 0.001       ms
[40.093s][info][gc,stats    ]       Phase: Concurrent Process Non-Strong References      0.000 / 0.000         4.967 / 15.798        4.967 / 15.798        4.967 / 15.798      ms
[40.093s][info][gc,stats    ]       Phase: Concurrent Relocate                           0.000 / 0.000         4.816 / 7.776         4.816 / 7.776         4.816 / 7.776       ms
[40.093s][info][gc,stats    ]       Phase: Concurrent Reset Relocation Set               0.000 / 0.000         0.004 / 0.006         0.004 / 0.006         0.004 / 0.006       ms
[40.093s][info][gc,stats    ]       Phase: Concurrent Select Relocation Set              0.000 / 0.000         6.510 / 14.363        6.510 / 14.363        6.510 / 14.363      ms
[40.093s][info][gc,stats    ]       Phase: Pause Mark End                                0.000 / 0.000         0.017 / 0.025         0.017 / 0.025         0.017 / 0.025       ms
[40.093s][info][gc,stats    ]       Phase: Pause Mark Start                              0.000 / 0.000         0.016 / 0.019         0.016 / 0.019         0.016 / 0.019       ms
[40.093s][info][gc,stats    ]       Phase: Pause Relocate Start                          0.000 / 0.000         0.009 / 0.011         0.009 / 0.011         0.009 / 0.011       ms
[40.093s][info][gc,stats    ]    Subphase: Concurrent Classes Purge                      0.000 / 0.000         0.498 / 0.751         0.498 / 0.751         0.498 / 0.751       ms
[40.093s][info][gc,stats    ]    Subphase: Concurrent Classes Unlink                     0.000 / 0.000         1.209 / 1.618         1.209 / 1.618         1.209 / 1.618       ms
[40.093s][info][gc,stats    ]    Subphase: Concurrent Mark                               0.000 / 0.000        23.100 / 31.943       23.100 / 31.943       23.100 / 31.943      ms
[40.093s][info][gc,stats    ]    Subphase: Concurrent Mark Try Flush                     0.000 / 0.000         0.099 / 0.401         0.099 / 0.401         0.099 / 0.401       ms
[40.093s][info][gc,stats    ]    Subphase: Concurrent Mark Try Terminate                 0.000 / 0.000         6.569 / 14.854        6.569 / 14.854        6.569 / 14.854      ms
[40.093s][info][gc,stats    ]    Subphase: Concurrent References Enqueue                 0.000 / 0.000         0.003 / 0.005         0.003 / 0.005         0.003 / 0.005       ms
[40.093s][info][gc,stats    ]    Subphase: Concurrent References Process                 0.000 / 0.000         0.083 / 0.131         0.083 / 0.131         0.083 / 0.131       ms
[40.093s][info][gc,stats    ]    Subphase: Concurrent Roots ClassLoaderDataGraph         0.000 / 0.000         0.140 / 0.653         0.140 / 0.653         0.140 / 0.653       ms
[40.094s][info][gc,stats    ]    Subphase: Concurrent Roots CodeCache                    0.000 / 0.000         0.000 / 0.000         0.000 / 0.000         0.000 / 0.000       ms
[40.094s][info][gc,stats    ]    Subphase: Concurrent Roots JavaThreads                  0.000 / 0.000         4.708 / 7.498         4.708 / 7.498         4.708 / 7.498       ms
[40.094s][info][gc,stats    ]    Subphase: Concurrent Roots OopStorageSet                0.000 / 0.000         0.037 / 0.126         0.037 / 0.126         0.037 / 0.126       ms
[40.094s][info][gc,stats    ]    Subphase: Concurrent Weak Roots OopStorageSet           0.000 / 0.000         0.334 / 0.435         0.334 / 0.435         0.334 / 0.435       ms
[40.094s][info][gc,stats    ]    Subphase: Pause Mark Try Complete                       0.000 / 0.000         0.000 / 0.000         0.000 / 0.000         0.000 / 0.000       ms
[40.094s][info][gc,stats    ]      System: Java Threads                                      0 / 0                66 / 101              66 / 101              66 / 101         threads
[40.094s][info][gc,stats    ] =========================================================================================================================================================
[50.096s][info][gc,stats    ] === Garbage Collection Statistics =======================================================================================================================
[50.096s][info][gc,stats    ]                                                              Last 10s              Last 10m              Last 10h                Total
[50.096s][info][gc,stats    ]                                                              Avg / Max             Avg / Max             Avg / Max             Avg / Max
[50.096s][info][gc,stats    ]   Collector: Garbage Collection Cycle                      0.000 / 0.000        47.498 / 67.056       47.498 / 67.056       47.498 / 67.056      ms
[50.096s][info][gc,stats    ]  Contention: Mark Segment Reset Contention                     0 / 0                 0 / 2                 0 / 2                 0 / 2           ops/s
[50.097s][info][gc,stats    ]  Contention: Mark SeqNum Reset Contention                      0 / 0                 0 / 0                 0 / 0                 0 / 0           ops/s
[50.097s][info][gc,stats    ]    Critical: Allocation Stall                                  0 / 0                 0 / 0                 0 / 0                 0 / 0           ops/s
[50.097s][info][gc,stats    ]    Critical: Allocation Stall                              0.000 / 0.000         0.000 / 0.000         0.000 / 0.000         0.000 / 0.000       ms
[50.097s][info][gc,stats    ]    Critical: GC Locker Stall                                   0 / 0                 0 / 0                 0 / 0                 0 / 0           ops/s
[50.097s][info][gc,stats    ]    Critical: GC Locker Stall                               0.000 / 0.000         0.000 / 0.000         0.000 / 0.000         0.000 / 0.000       ms
[50.097s][info][gc,stats    ]    Critical: Relocation Stall                                  0 / 0                 0 / 0                 0 / 0                 0 / 0           ops/s
[50.097s][info][gc,stats    ]    Critical: Relocation Stall                              0.000 / 0.000         0.000 / 0.000         0.000 / 0.000         0.000 / 0.000       ms
[50.097s][info][gc,stats    ]      Memory: Allocation Rate                                   0 / 2                 8 / 72                8 / 72                8 / 72          MB/s
[50.097s][info][gc,stats    ]      Memory: Defragment                                        0 / 0                 0 / 0                 0 / 0                 0 / 0           ops/s
[50.097s][info][gc,stats    ]      Memory: Out Of Memory                                     0 / 0                 0 / 0                 0 / 0                 0 / 0           ops/s
[50.097s][info][gc,stats    ]      Memory: Page Cache Flush                                  0 / 0                 0 / 0                 0 / 0                 0 / 0           MB/s
[50.097s][info][gc,stats    ]      Memory: Page Cache Hit L1                                 0 / 1                 2 / 35                2 / 35                2 / 35          ops/s
[50.097s][info][gc,stats    ]      Memory: Page Cache Hit L2                                 0 / 0                 0 / 0                 0 / 0                 0 / 0           ops/s
[50.097s][info][gc,stats    ]      Memory: Page Cache Hit L3                                 0 / 0                 1 / 16                1 / 16                1 / 16          ops/s
[50.097s][info][gc,stats    ]      Memory: Page Cache Miss                                   0 / 0                 0 / 1                 0 / 1                 0 / 1           ops/s
[50.097s][info][gc,stats    ]      Memory: Uncommit                                          0 / 0                 0 / 0                 0 / 0                 0 / 0           MB/s
[50.097s][info][gc,stats    ]      Memory: Undo Object Allocation Failed                     0 / 0                 0 / 2                 0 / 2                 0 / 2           ops/s
[50.097s][info][gc,stats    ]      Memory: Undo Object Allocation Succeeded                  0 / 0                 0 / 0                 0 / 0                 0 / 0           ops/s
[50.097s][info][gc,stats    ]      Memory: Undo Page Allocation                              0 / 0                 0 / 1                 0 / 1                 0 / 1           ops/s
[50.097s][info][gc,stats    ]       Phase: Concurrent Mark                               0.000 / 0.000        30.071 / 39.561       30.071 / 39.561       30.071 / 39.561      ms
[50.097s][info][gc,stats    ]       Phase: Concurrent Mark Continue                      0.000 / 0.000         0.000 / 0.000         0.000 / 0.000         0.000 / 0.000       ms
[50.097s][info][gc,stats    ]       Phase: Concurrent Mark Free                          0.000 / 0.000         0.001 / 0.001         0.001 / 0.001         0.001 / 0.001       ms
[50.097s][info][gc,stats    ]       Phase: Concurrent Process Non-Strong References      0.000 / 0.000         4.967 / 15.798        4.967 / 15.798        4.967 / 15.798      ms
[50.097s][info][gc,stats    ]       Phase: Concurrent Relocate                           0.000 / 0.000         4.816 / 7.776         4.816 / 7.776         4.816 / 7.776       ms
[50.097s][info][gc,stats    ]       Phase: Concurrent Reset Relocation Set               0.000 / 0.000         0.004 / 0.006         0.004 / 0.006         0.004 / 0.006       ms
[50.097s][info][gc,stats    ]       Phase: Concurrent Select Relocation Set              0.000 / 0.000         6.510 / 14.363        6.510 / 14.363        6.510 / 14.363      ms
[50.097s][info][gc,stats    ]       Phase: Pause Mark End                                0.000 / 0.000         0.017 / 0.025         0.017 / 0.025         0.017 / 0.025       ms
[50.097s][info][gc,stats    ]       Phase: Pause Mark Start                              0.000 / 0.000         0.016 / 0.019         0.016 / 0.019         0.016 / 0.019       ms
[50.097s][info][gc,stats    ]       Phase: Pause Relocate Start                          0.000 / 0.000         0.009 / 0.011         0.009 / 0.011         0.009 / 0.011       ms
[50.097s][info][gc,stats    ]    Subphase: Concurrent Classes Purge                      0.000 / 0.000         0.498 / 0.751         0.498 / 0.751         0.498 / 0.751       ms
[50.098s][info][gc,stats    ]    Subphase: Concurrent Classes Unlink                     0.000 / 0.000         1.209 / 1.618         1.209 / 1.618         1.209 / 1.618       ms
[50.098s][info][gc,stats    ]    Subphase: Concurrent Mark                               0.000 / 0.000        23.100 / 31.943       23.100 / 31.943       23.100 / 31.943      ms
[50.098s][info][gc,stats    ]    Subphase: Concurrent Mark Try Flush                     0.000 / 0.000         0.099 / 0.401         0.099 / 0.401         0.099 / 0.401       ms
[50.098s][info][gc,stats    ]    Subphase: Concurrent Mark Try Terminate                 0.000 / 0.000         6.569 / 14.854        6.569 / 14.854        6.569 / 14.854      ms
[50.098s][info][gc,stats    ]    Subphase: Concurrent References Enqueue                 0.000 / 0.000         0.003 / 0.005         0.003 / 0.005         0.003 / 0.005       ms
[50.098s][info][gc,stats    ]    Subphase: Concurrent References Process                 0.000 / 0.000         0.083 / 0.131         0.083 / 0.131         0.083 / 0.131       ms
[50.098s][info][gc,stats    ]    Subphase: Concurrent Roots ClassLoaderDataGraph         0.000 / 0.000         0.140 / 0.653         0.140 / 0.653         0.140 / 0.653       ms
[50.098s][info][gc,stats    ]    Subphase: Concurrent Roots CodeCache                    0.000 / 0.000         0.000 / 0.000         0.000 / 0.000         0.000 / 0.000       ms
[50.098s][info][gc,stats    ]    Subphase: Concurrent Roots JavaThreads                  0.000 / 0.000         4.708 / 7.498         4.708 / 7.498         4.708 / 7.498       ms
[50.098s][info][gc,stats    ]    Subphase: Concurrent Roots OopStorageSet                0.000 / 0.000         0.037 / 0.126         0.037 / 0.126         0.037 / 0.126       ms
[50.098s][info][gc,stats    ]    Subphase: Concurrent Weak Roots OopStorageSet           0.000 / 0.000         0.334 / 0.435         0.334 / 0.435         0.334 / 0.435       ms
[50.098s][info][gc,stats    ]    Subphase: Pause Mark Try Complete                       0.000 / 0.000         0.000 / 0.000         0.000 / 0.000         0.000 / 0.000       ms
[50.098s][info][gc,stats    ]      System: Java Threads                                      0 / 0                66 / 101              66 / 101              66 / 101         threads
[50.098s][info][gc,stats    ] =========================================================================================================================================================
[60.093s][info][gc,stats    ] === Garbage Collection Statistics =======================================================================================================================
[60.094s][info][gc,stats    ]                                                              Last 10s              Last 10m              Last 10h                Total
[60.094s][info][gc,stats    ]                                                              Avg / Max             Avg / Max             Avg / Max             Avg / Max
[60.094s][info][gc,stats    ]   Collector: Garbage Collection Cycle                      0.000 / 0.000        47.498 / 67.056       47.498 / 67.056       47.498 / 67.056      ms
[60.094s][info][gc,stats    ]  Contention: Mark Segment Reset Contention                     0 / 0                 0 / 2                 0 / 2                 0 / 2           ops/s
[60.094s][info][gc,stats    ]  Contention: Mark SeqNum Reset Contention                      0 / 0                 0 / 0                 0 / 0                 0 / 0           ops/s
[60.094s][info][gc,stats    ]    Critical: Allocation Stall                                  0 / 0                 0 / 0                 0 / 0                 0 / 0           ops/s
[60.094s][info][gc,stats    ]    Critical: Allocation Stall                              0.000 / 0.000         0.000 / 0.000         0.000 / 0.000         0.000 / 0.000       ms
[60.094s][info][gc,stats    ]    Critical: GC Locker Stall                                   0 / 0                 0 / 0                 0 / 0                 0 / 0           ops/s
[60.094s][info][gc,stats    ]    Critical: GC Locker Stall                               0.000 / 0.000         0.000 / 0.000         0.000 / 0.000         0.000 / 0.000       ms
[60.094s][info][gc,stats    ]    Critical: Relocation Stall                                  0 / 0                 0 / 0                 0 / 0                 0 / 0           ops/s
[60.094s][info][gc,stats    ]    Critical: Relocation Stall                              0.000 / 0.000         0.000 / 0.000         0.000 / 0.000         0.000 / 0.000       ms
[60.094s][info][gc,stats    ]      Memory: Allocation Rate                                   0 / 2                 7 / 72                7 / 72                7 / 72          MB/s
[60.094s][info][gc,stats    ]      Memory: Defragment                                        0 / 0                 0 / 0                 0 / 0                 0 / 0           ops/s
[60.094s][info][gc,stats    ]      Memory: Out Of Memory                                     0 / 0                 0 / 0                 0 / 0                 0 / 0           ops/s
[60.094s][info][gc,stats    ]      Memory: Page Cache Flush                                  0 / 0                 0 / 0                 0 / 0                 0 / 0           MB/s
[60.094s][info][gc,stats    ]      Memory: Page Cache Hit L1                                 0 / 1                 2 / 35                2 / 35                2 / 35          ops/s
[60.094s][info][gc,stats    ]      Memory: Page Cache Hit L2                                 0 / 0                 0 / 0                 0 / 0                 0 / 0           ops/s
[60.094s][info][gc,stats    ]      Memory: Page Cache Hit L3                                 0 / 0                 1 / 16                1 / 16                1 / 16          ops/s
[60.094s][info][gc,stats    ]      Memory: Page Cache Miss                                   0 / 0                 0 / 1                 0 / 1                 0 / 1           ops/s
[60.094s][info][gc,stats    ]      Memory: Uncommit                                          0 / 0                 0 / 0                 0 / 0                 0 / 0           MB/s
[60.094s][info][gc,stats    ]      Memory: Undo Object Allocation Failed                     0 / 0                 0 / 2                 0 / 2                 0 / 2           ops/s
[60.094s][info][gc,stats    ]      Memory: Undo Object Allocation Succeeded                  0 / 0                 0 / 0                 0 / 0                 0 / 0           ops/s
[60.094s][info][gc,stats    ]      Memory: Undo Page Allocation                              0 / 0                 0 / 1                 0 / 1                 0 / 1           ops/s
[60.095s][info][gc,stats    ]       Phase: Concurrent Mark                               0.000 / 0.000        30.071 / 39.561       30.071 / 39.561       30.071 / 39.561      ms
[60.095s][info][gc,stats    ]       Phase: Concurrent Mark Continue                      0.000 / 0.000         0.000 / 0.000         0.000 / 0.000         0.000 / 0.000       ms
[60.095s][info][gc,stats    ]       Phase: Concurrent Mark Free                          0.000 / 0.000         0.001 / 0.001         0.001 / 0.001         0.001 / 0.001       ms
[60.095s][info][gc,stats    ]       Phase: Concurrent Process Non-Strong References      0.000 / 0.000         4.967 / 15.798        4.967 / 15.798        4.967 / 15.798      ms
[60.095s][info][gc,stats    ]       Phase: Concurrent Relocate                           0.000 / 0.000         4.816 / 7.776         4.816 / 7.776         4.816 / 7.776       ms
[60.095s][info][gc,stats    ]       Phase: Concurrent Reset Relocation Set               0.000 / 0.000         0.004 / 0.006         0.004 / 0.006         0.004 / 0.006       ms
[60.095s][info][gc,stats    ]       Phase: Concurrent Select Relocation Set              0.000 / 0.000         6.510 / 14.363        6.510 / 14.363        6.510 / 14.363      ms
[60.095s][info][gc,stats    ]       Phase: Pause Mark End                                0.000 / 0.000         0.017 / 0.025         0.017 / 0.025         0.017 / 0.025       ms
[60.095s][info][gc,stats    ]       Phase: Pause Mark Start                              0.000 / 0.000         0.016 / 0.019         0.016 / 0.019         0.016 / 0.019       ms
[60.095s][info][gc,stats    ]       Phase: Pause Relocate Start                          0.000 / 0.000         0.009 / 0.011         0.009 / 0.011         0.009 / 0.011       ms
[60.095s][info][gc,stats    ]    Subphase: Concurrent Classes Purge                      0.000 / 0.000         0.498 / 0.751         0.498 / 0.751         0.498 / 0.751       ms
[60.095s][info][gc,stats    ]    Subphase: Concurrent Classes Unlink                     0.000 / 0.000         1.209 / 1.618         1.209 / 1.618         1.209 / 1.618       ms
[60.095s][info][gc,stats    ]    Subphase: Concurrent Mark                               0.000 / 0.000        23.100 / 31.943       23.100 / 31.943       23.100 / 31.943      ms
[60.095s][info][gc,stats    ]    Subphase: Concurrent Mark Try Flush                     0.000 / 0.000         0.099 / 0.401         0.099 / 0.401         0.099 / 0.401       ms
[60.095s][info][gc,stats    ]    Subphase: Concurrent Mark Try Terminate                 0.000 / 0.000         6.569 / 14.854        6.569 / 14.854        6.569 / 14.854      ms
[60.095s][info][gc,stats    ]    Subphase: Concurrent References Enqueue                 0.000 / 0.000         0.003 / 0.005         0.003 / 0.005         0.003 / 0.005       ms
[60.095s][info][gc,stats    ]    Subphase: Concurrent References Process                 0.000 / 0.000         0.083 / 0.131         0.083 / 0.131         0.083 / 0.131       ms
[60.095s][info][gc,stats    ]    Subphase: Concurrent Roots ClassLoaderDataGraph         0.000 / 0.000         0.140 / 0.653         0.140 / 0.653         0.140 / 0.653       ms
[60.095s][info][gc,stats    ]    Subphase: Concurrent Roots CodeCache                    0.000 / 0.000         0.000 / 0.000         0.000 / 0.000         0.000 / 0.000       ms
[60.095s][info][gc,stats    ]    Subphase: Concurrent Roots JavaThreads                  0.000 / 0.000         4.708 / 7.498         4.708 / 7.498         4.708 / 7.498       ms
[60.095s][info][gc,stats    ]    Subphase: Concurrent Roots OopStorageSet                0.000 / 0.000         0.037 / 0.126         0.037 / 0.126         0.037 / 0.126       ms
[60.095s][info][gc,stats    ]    Subphase: Concurrent Weak Roots OopStorageSet           0.000 / 0.000         0.334 / 0.435         0.334 / 0.435         0.334 / 0.435       ms
[60.095s][info][gc,stats    ]    Subphase: Pause Mark Try Complete                       0.000 / 0.000         0.000 / 0.000         0.000 / 0.000         0.000 / 0.000       ms
[60.095s][info][gc,stats    ]      System: Java Threads                                      0 / 0                66 / 101              66 / 101              66 / 101         threads
[60.095s][info][gc,stats    ] =========================================================================================================================================================
[70.099s][info][gc,stats    ] === Garbage Collection Statistics =======================================================================================================================
[70.099s][info][gc,stats    ]                                                              Last 10s              Last 10m              Last 10h                Total
[70.099s][info][gc,stats    ]                                                              Avg / Max             Avg / Max             Avg / Max             Avg / Max
[70.100s][info][gc,stats    ]   Collector: Garbage Collection Cycle                      0.000 / 0.000        47.498 / 67.056       47.498 / 67.056       47.498 / 67.056      ms
[70.100s][info][gc,stats    ]  Contention: Mark Segment Reset Contention                     0 / 0                 0 / 2                 0 / 2                 0 / 2           ops/s
[70.100s][info][gc,stats    ]  Contention: Mark SeqNum Reset Contention                      0 / 0                 0 / 0                 0 / 0                 0 / 0           ops/s
[70.100s][info][gc,stats    ]    Critical: Allocation Stall                                  0 / 0                 0 / 0                 0 / 0                 0 / 0           ops/s
[70.100s][info][gc,stats    ]    Critical: Allocation Stall                              0.000 / 0.000         0.000 / 0.000         0.000 / 0.000         0.000 / 0.000       ms
[70.100s][info][gc,stats    ]    Critical: GC Locker Stall                                   0 / 0                 0 / 0                 0 / 0                 0 / 0           ops/s
[70.100s][info][gc,stats    ]    Critical: GC Locker Stall                               0.000 / 0.000         0.000 / 0.000         0.000 / 0.000         0.000 / 0.000       ms
[70.100s][info][gc,stats    ]    Critical: Relocation Stall                                  0 / 0                 0 / 0                 0 / 0                 0 / 0           ops/s
[70.100s][info][gc,stats    ]    Critical: Relocation Stall                              0.000 / 0.000         0.000 / 0.000         0.000 / 0.000         0.000 / 0.000       ms
[70.100s][info][gc,stats    ]      Memory: Allocation Rate                                   0 / 2                 6 / 72                6 / 72                6 / 72          MB/s
[70.100s][info][gc,stats    ]      Memory: Defragment                                        0 / 0                 0 / 0                 0 / 0                 0 / 0           ops/s
[70.100s][info][gc,stats    ]      Memory: Out Of Memory                                     0 / 0                 0 / 0                 0 / 0                 0 / 0           ops/s
[70.100s][info][gc,stats    ]      Memory: Page Cache Flush                                  0 / 0                 0 / 0                 0 / 0                 0 / 0           MB/s
[70.100s][info][gc,stats    ]      Memory: Page Cache Hit L1                                 0 / 1                 2 / 35                2 / 35                2 / 35          ops/s
[70.100s][info][gc,stats    ]      Memory: Page Cache Hit L2                                 0 / 0                 0 / 0                 0 / 0                 0 / 0           ops/s
[70.100s][info][gc,stats    ]      Memory: Page Cache Hit L3                                 0 / 0                 1 / 16                1 / 16                1 / 16          ops/s
[70.100s][info][gc,stats    ]      Memory: Page Cache Miss                                   0 / 0                 0 / 1                 0 / 1                 0 / 1           ops/s
[70.100s][info][gc,stats    ]      Memory: Uncommit                                          0 / 0                 0 / 0                 0 / 0                 0 / 0           MB/s
[70.100s][info][gc,stats    ]      Memory: Undo Object Allocation Failed                     0 / 0                 0 / 2                 0 / 2                 0 / 2           ops/s
[70.100s][info][gc,stats    ]      Memory: Undo Object Allocation Succeeded                  0 / 0                 0 / 0                 0 / 0                 0 / 0           ops/s
[70.100s][info][gc,stats    ]      Memory: Undo Page Allocation                              0 / 0                 0 / 1                 0 / 1                 0 / 1           ops/s
[70.100s][info][gc,stats    ]       Phase: Concurrent Mark                               0.000 / 0.000        30.071 / 39.561       30.071 / 39.561       30.071 / 39.561      ms
[70.100s][info][gc,stats    ]       Phase: Concurrent Mark Continue                      0.000 / 0.000         0.000 / 0.000         0.000 / 0.000         0.000 / 0.000       ms
[70.100s][info][gc,stats    ]       Phase: Concurrent Mark Free                          0.000 / 0.000         0.001 / 0.001         0.001 / 0.001         0.001 / 0.001       ms
[70.100s][info][gc,stats    ]       Phase: Concurrent Process Non-Strong References      0.000 / 0.000         4.967 / 15.798        4.967 / 15.798        4.967 / 15.798      ms
[70.100s][info][gc,stats    ]       Phase: Concurrent Relocate                           0.000 / 0.000         4.816 / 7.776         4.816 / 7.776         4.816 / 7.776       ms
[70.100s][info][gc,stats    ]       Phase: Concurrent Reset Relocation Set               0.000 / 0.000         0.004 / 0.006         0.004 / 0.006         0.004 / 0.006       ms
[70.100s][info][gc,stats    ]       Phase: Concurrent Select Relocation Set              0.000 / 0.000         6.510 / 14.363        6.510 / 14.363        6.510 / 14.363      ms
[70.100s][info][gc,stats    ]       Phase: Pause Mark End                                0.000 / 0.000         0.017 / 0.025         0.017 / 0.025         0.017 / 0.025       ms
[70.101s][info][gc,stats    ]       Phase: Pause Mark Start                              0.000 / 0.000         0.016 / 0.019         0.016 / 0.019         0.016 / 0.019       ms
[70.101s][info][gc,stats    ]       Phase: Pause Relocate Start                          0.000 / 0.000         0.009 / 0.011         0.009 / 0.011         0.009 / 0.011       ms
[70.101s][info][gc,stats    ]    Subphase: Concurrent Classes Purge                      0.000 / 0.000         0.498 / 0.751         0.498 / 0.751         0.498 / 0.751       ms
[70.101s][info][gc,stats    ]    Subphase: Concurrent Classes Unlink                     0.000 / 0.000         1.209 / 1.618         1.209 / 1.618         1.209 / 1.618       ms
[70.101s][info][gc,stats    ]    Subphase: Concurrent Mark                               0.000 / 0.000        23.100 / 31.943       23.100 / 31.943       23.100 / 31.943      ms
[70.101s][info][gc,stats    ]    Subphase: Concurrent Mark Try Flush                     0.000 / 0.000         0.099 / 0.401         0.099 / 0.401         0.099 / 0.401       ms
[70.101s][info][gc,stats    ]    Subphase: Concurrent Mark Try Terminate                 0.000 / 0.000         6.569 / 14.854        6.569 / 14.854        6.569 / 14.854      ms
[70.101s][info][gc,stats    ]    Subphase: Concurrent References Enqueue                 0.000 / 0.000         0.003 / 0.005         0.003 / 0.005         0.003 / 0.005       ms
[70.101s][info][gc,stats    ]    Subphase: Concurrent References Process                 0.000 / 0.000         0.083 / 0.131         0.083 / 0.131         0.083 / 0.131       ms
[70.101s][info][gc,stats    ]    Subphase: Concurrent Roots ClassLoaderDataGraph         0.000 / 0.000         0.140 / 0.653         0.140 / 0.653         0.140 / 0.653       ms
[70.101s][info][gc,stats    ]    Subphase: Concurrent Roots CodeCache                    0.000 / 0.000         0.000 / 0.000         0.000 / 0.000         0.000 / 0.000       ms
[70.101s][info][gc,stats    ]    Subphase: Concurrent Roots JavaThreads                  0.000 / 0.000         4.708 / 7.498         4.708 / 7.498         4.708 / 7.498       ms
[70.101s][info][gc,stats    ]    Subphase: Concurrent Roots OopStorageSet                0.000 / 0.000         0.037 / 0.126         0.037 / 0.126         0.037 / 0.126       ms
[70.101s][info][gc,stats    ]    Subphase: Concurrent Weak Roots OopStorageSet           0.000 / 0.000         0.334 / 0.435         0.334 / 0.435         0.334 / 0.435       ms
[70.101s][info][gc,stats    ]    Subphase: Pause Mark Try Complete                       0.000 / 0.000         0.000 / 0.000         0.000 / 0.000         0.000 / 0.000       ms
[70.101s][info][gc,stats    ]      System: Java Threads                                      0 / 0                66 / 101              66 / 101              66 / 101         threads
[70.101s][info][gc,stats    ] =========================================================================================================================================================
[80.092s][info][gc,stats    ] === Garbage Collection Statistics =======================================================================================================================
[80.092s][info][gc,stats    ]                                                              Last 10s              Last 10m              Last 10h                Total
[80.092s][info][gc,stats    ]                                                              Avg / Max             Avg / Max             Avg / Max             Avg / Max
[80.092s][info][gc,stats    ]   Collector: Garbage Collection Cycle                      0.000 / 0.000        47.498 / 67.056       47.498 / 67.056       47.498 / 67.056      ms
[80.092s][info][gc,stats    ]  Contention: Mark Segment Reset Contention                     0 / 0                 0 / 2                 0 / 2                 0 / 2           ops/s
[80.092s][info][gc,stats    ]  Contention: Mark SeqNum Reset Contention                      0 / 0                 0 / 0                 0 / 0                 0 / 0           ops/s
[80.092s][info][gc,stats    ]    Critical: Allocation Stall                                  0 / 0                 0 / 0                 0 / 0                 0 / 0           ops/s
[80.092s][info][gc,stats    ]    Critical: Allocation Stall                              0.000 / 0.000         0.000 / 0.000         0.000 / 0.000         0.000 / 0.000       ms
[80.092s][info][gc,stats    ]    Critical: GC Locker Stall                                   0 / 0                 0 / 0                 0 / 0                 0 / 0           ops/s
[80.092s][info][gc,stats    ]    Critical: GC Locker Stall                               0.000 / 0.000         0.000 / 0.000         0.000 / 0.000         0.000 / 0.000       ms
[80.092s][info][gc,stats    ]    Critical: Relocation Stall                                  0 / 0                 0 / 0                 0 / 0                 0 / 0           ops/s
[80.092s][info][gc,stats    ]    Critical: Relocation Stall                              0.000 / 0.000         0.000 / 0.000         0.000 / 0.000         0.000 / 0.000       ms
[80.092s][info][gc,stats    ]      Memory: Allocation Rate                                   0 / 2                 5 / 72                5 / 72                5 / 72          MB/s
[80.092s][info][gc,stats    ]      Memory: Defragment                                        0 / 0                 0 / 0                 0 / 0                 0 / 0           ops/s
[80.092s][info][gc,stats    ]      Memory: Out Of Memory                                     0 / 0                 0 / 0                 0 / 0                 0 / 0           ops/s
[80.092s][info][gc,stats    ]      Memory: Page Cache Flush                                  0 / 0                 0 / 0                 0 / 0                 0 / 0           MB/s
[80.092s][info][gc,stats    ]      Memory: Page Cache Hit L1                                 0 / 1                 1 / 35                1 / 35                1 / 35          ops/s
[80.092s][info][gc,stats    ]      Memory: Page Cache Hit L2                                 0 / 0                 0 / 0                 0 / 0                 0 / 0           ops/s
[80.092s][info][gc,stats    ]      Memory: Page Cache Hit L3                                 0 / 0                 1 / 16                1 / 16                1 / 16          ops/s
[80.092s][info][gc,stats    ]      Memory: Page Cache Miss                                   0 / 0                 0 / 1                 0 / 1                 0 / 1           ops/s
[80.092s][info][gc,stats    ]      Memory: Uncommit                                          0 / 0                 0 / 0                 0 / 0                 0 / 0           MB/s
[80.092s][info][gc,stats    ]      Memory: Undo Object Allocation Failed                     0 / 0                 0 / 2                 0 / 2                 0 / 2           ops/s
[80.092s][info][gc,stats    ]      Memory: Undo Object Allocation Succeeded                  0 / 0                 0 / 0                 0 / 0                 0 / 0           ops/s
[80.092s][info][gc,stats    ]      Memory: Undo Page Allocation                              0 / 0                 0 / 1                 0 / 1                 0 / 1           ops/s
[80.093s][info][gc,stats    ]       Phase: Concurrent Mark                               0.000 / 0.000        30.071 / 39.561       30.071 / 39.561       30.071 / 39.561      ms
[80.093s][info][gc,stats    ]       Phase: Concurrent Mark Continue                      0.000 / 0.000         0.000 / 0.000         0.000 / 0.000         0.000 / 0.000       ms
[80.093s][info][gc,stats    ]       Phase: Concurrent Mark Free                          0.000 / 0.000         0.001 / 0.001         0.001 / 0.001         0.001 / 0.001       ms
[80.093s][info][gc,stats    ]       Phase: Concurrent Process Non-Strong References      0.000 / 0.000         4.967 / 15.798        4.967 / 15.798        4.967 / 15.798      ms
[80.093s][info][gc,stats    ]       Phase: Concurrent Relocate                           0.000 / 0.000         4.816 / 7.776         4.816 / 7.776         4.816 / 7.776       ms
[80.093s][info][gc,stats    ]       Phase: Concurrent Reset Relocation Set               0.000 / 0.000         0.004 / 0.006         0.004 / 0.006         0.004 / 0.006       ms
[80.093s][info][gc,stats    ]       Phase: Concurrent Select Relocation Set              0.000 / 0.000         6.510 / 14.363        6.510 / 14.363        6.510 / 14.363      ms
[80.093s][info][gc,stats    ]       Phase: Pause Mark End                                0.000 / 0.000         0.017 / 0.025         0.017 / 0.025         0.017 / 0.025       ms
[80.093s][info][gc,stats    ]       Phase: Pause Mark Start                              0.000 / 0.000         0.016 / 0.019         0.016 / 0.019         0.016 / 0.019       ms
[80.093s][info][gc,stats    ]       Phase: Pause Relocate Start                          0.000 / 0.000         0.009 / 0.011         0.009 / 0.011         0.009 / 0.011       ms
[80.093s][info][gc,stats    ]    Subphase: Concurrent Classes Purge                      0.000 / 0.000         0.498 / 0.751         0.498 / 0.751         0.498 / 0.751       ms
[80.093s][info][gc,stats    ]    Subphase: Concurrent Classes Unlink                     0.000 / 0.000         1.209 / 1.618         1.209 / 1.618         1.209 / 1.618       ms
[80.093s][info][gc,stats    ]    Subphase: Concurrent Mark                               0.000 / 0.000        23.100 / 31.943       23.100 / 31.943       23.100 / 31.943      ms
[80.093s][info][gc,stats    ]    Subphase: Concurrent Mark Try Flush                     0.000 / 0.000         0.099 / 0.401         0.099 / 0.401         0.099 / 0.401       ms
[80.093s][info][gc,stats    ]    Subphase: Concurrent Mark Try Terminate                 0.000 / 0.000         6.569 / 14.854        6.569 / 14.854        6.569 / 14.854      ms
[80.093s][info][gc,stats    ]    Subphase: Concurrent References Enqueue                 0.000 / 0.000         0.003 / 0.005         0.003 / 0.005         0.003 / 0.005       ms
[80.093s][info][gc,stats    ]    Subphase: Concurrent References Process                 0.000 / 0.000         0.083 / 0.131         0.083 / 0.131         0.083 / 0.131       ms
[80.093s][info][gc,stats    ]    Subphase: Concurrent Roots ClassLoaderDataGraph         0.000 / 0.000         0.140 / 0.653         0.140 / 0.653         0.140 / 0.653       ms
[80.093s][info][gc,stats    ]    Subphase: Concurrent Roots CodeCache                    0.000 / 0.000         0.000 / 0.000         0.000 / 0.000         0.000 / 0.000       ms
[80.093s][info][gc,stats    ]    Subphase: Concurrent Roots JavaThreads                  0.000 / 0.000         4.708 / 7.498         4.708 / 7.498         4.708 / 7.498       ms
[80.093s][info][gc,stats    ]    Subphase: Concurrent Roots OopStorageSet                0.000 / 0.000         0.037 / 0.126         0.037 / 0.126         0.037 / 0.126       ms
[80.093s][info][gc,stats    ]    Subphase: Concurrent Weak Roots OopStorageSet           0.000 / 0.000         0.334 / 0.435         0.334 / 0.435         0.334 / 0.435       ms
[80.093s][info][gc,stats    ]    Subphase: Pause Mark Try Complete                       0.000 / 0.000         0.000 / 0.000         0.000 / 0.000         0.000 / 0.000       ms
[80.093s][info][gc,stats    ]      System: Java Threads                                      0 / 0                66 / 101              66 / 101              66 / 101         threads
[80.093s][info][gc,stats    ] =========================================================================================================================================================
[90.100s][info][gc,stats    ] === Garbage Collection Statistics =======================================================================================================================
[90.100s][info][gc,stats    ]                                                              Last 10s              Last 10m              Last 10h                Total
[90.100s][info][gc,stats    ]                                                              Avg / Max             Avg / Max             Avg / Max             Avg / Max
[90.100s][info][gc,stats    ]   Collector: Garbage Collection Cycle                      0.000 / 0.000        47.498 / 67.056       47.498 / 67.056       47.498 / 67.056      ms
[90.100s][info][gc,stats    ]  Contention: Mark Segment Reset Contention                     0 / 0                 0 / 2                 0 / 2                 0 / 2           ops/s
[90.100s][info][gc,stats    ]  Contention: Mark SeqNum Reset Contention                      0 / 0                 0 / 0                 0 / 0                 0 / 0           ops/s
[90.100s][info][gc,stats    ]    Critical: Allocation Stall                                  0 / 0                 0 / 0                 0 / 0                 0 / 0           ops/s
[90.100s][info][gc,stats    ]    Critical: Allocation Stall                              0.000 / 0.000         0.000 / 0.000         0.000 / 0.000         0.000 / 0.000       ms
[90.100s][info][gc,stats    ]    Critical: GC Locker Stall                                   0 / 0                 0 / 0                 0 / 0                 0 / 0           ops/s
[90.100s][info][gc,stats    ]    Critical: GC Locker Stall                               0.000 / 0.000         0.000 / 0.000         0.000 / 0.000         0.000 / 0.000       ms
[90.100s][info][gc,stats    ]    Critical: Relocation Stall                                  0 / 0                 0 / 0                 0 / 0                 0 / 0           ops/s
[90.100s][info][gc,stats    ]    Critical: Relocation Stall                              0.000 / 0.000         0.000 / 0.000         0.000 / 0.000         0.000 / 0.000       ms
[90.100s][info][gc,stats    ]      Memory: Allocation Rate                                   0 / 2                 4 / 72                4 / 72                4 / 72          MB/s
[90.100s][info][gc,stats    ]      Memory: Defragment                                        0 / 0                 0 / 0                 0 / 0                 0 / 0           ops/s
[90.100s][info][gc,stats    ]      Memory: Out Of Memory                                     0 / 0                 0 / 0                 0 / 0                 0 / 0           ops/s
[90.100s][info][gc,stats    ]      Memory: Page Cache Flush                                  0 / 0                 0 / 0                 0 / 0                 0 / 0           MB/s
[90.100s][info][gc,stats    ]      Memory: Page Cache Hit L1                                 0 / 1                 1 / 35                1 / 35                1 / 35          ops/s
[90.100s][info][gc,stats    ]      Memory: Page Cache Hit L2                                 0 / 0                 0 / 0                 0 / 0                 0 / 0           ops/s
[90.100s][info][gc,stats    ]      Memory: Page Cache Hit L3                                 0 / 0                 0 / 16                0 / 16                0 / 16          ops/s
[90.100s][info][gc,stats    ]      Memory: Page Cache Miss                                   0 / 0                 0 / 1                 0 / 1                 0 / 1           ops/s
[90.100s][info][gc,stats    ]      Memory: Uncommit                                          0 / 0                 0 / 0                 0 / 0                 0 / 0           MB/s
[90.100s][info][gc,stats    ]      Memory: Undo Object Allocation Failed                     0 / 0                 0 / 2                 0 / 2                 0 / 2           ops/s
[90.100s][info][gc,stats    ]      Memory: Undo Object Allocation Succeeded                  0 / 0                 0 / 0                 0 / 0                 0 / 0           ops/s
[90.100s][info][gc,stats    ]      Memory: Undo Page Allocation                              0 / 0                 0 / 1                 0 / 1                 0 / 1           ops/s
[90.100s][info][gc,stats    ]       Phase: Concurrent Mark                               0.000 / 0.000        30.071 / 39.561       30.071 / 39.561       30.071 / 39.561      ms
[90.100s][info][gc,stats    ]       Phase: Concurrent Mark Continue                      0.000 / 0.000         0.000 / 0.000         0.000 / 0.000         0.000 / 0.000       ms
[90.101s][info][gc,stats    ]       Phase: Concurrent Mark Free                          0.000 / 0.000         0.001 / 0.001         0.001 / 0.001         0.001 / 0.001       ms
[90.101s][info][gc,stats    ]       Phase: Concurrent Process Non-Strong References      0.000 / 0.000         4.967 / 15.798        4.967 / 15.798        4.967 / 15.798      ms
[90.101s][info][gc,stats    ]       Phase: Concurrent Relocate                           0.000 / 0.000         4.816 / 7.776         4.816 / 7.776         4.816 / 7.776       ms
[90.101s][info][gc,stats    ]       Phase: Concurrent Reset Relocation Set               0.000 / 0.000         0.004 / 0.006         0.004 / 0.006         0.004 / 0.006       ms
[90.101s][info][gc,stats    ]       Phase: Concurrent Select Relocation Set              0.000 / 0.000         6.510 / 14.363        6.510 / 14.363        6.510 / 14.363      ms
[90.101s][info][gc,stats    ]       Phase: Pause Mark End                                0.000 / 0.000         0.017 / 0.025         0.017 / 0.025         0.017 / 0.025       ms
[90.101s][info][gc,stats    ]       Phase: Pause Mark Start                              0.000 / 0.000         0.016 / 0.019         0.016 / 0.019         0.016 / 0.019       ms
[90.101s][info][gc,stats    ]       Phase: Pause Relocate Start                          0.000 / 0.000         0.009 / 0.011         0.009 / 0.011         0.009 / 0.011       ms
[90.101s][info][gc,stats    ]    Subphase: Concurrent Classes Purge                      0.000 / 0.000         0.498 / 0.751         0.498 / 0.751         0.498 / 0.751       ms
[90.101s][info][gc,stats    ]    Subphase: Concurrent Classes Unlink                     0.000 / 0.000         1.209 / 1.618         1.209 / 1.618         1.209 / 1.618       ms
[90.101s][info][gc,stats    ]    Subphase: Concurrent Mark                               0.000 / 0.000        23.100 / 31.943       23.100 / 31.943       23.100 / 31.943      ms
[90.101s][info][gc,stats    ]    Subphase: Concurrent Mark Try Flush                     0.000 / 0.000         0.099 / 0.401         0.099 / 0.401         0.099 / 0.401       ms
[90.101s][info][gc,stats    ]    Subphase: Concurrent Mark Try Terminate                 0.000 / 0.000         6.569 / 14.854        6.569 / 14.854        6.569 / 14.854      ms
[90.101s][info][gc,stats    ]    Subphase: Concurrent References Enqueue                 0.000 / 0.000         0.003 / 0.005         0.003 / 0.005         0.003 / 0.005       ms
[90.101s][info][gc,stats    ]    Subphase: Concurrent References Process                 0.000 / 0.000         0.083 / 0.131         0.083 / 0.131         0.083 / 0.131       ms
[90.101s][info][gc,stats    ]    Subphase: Concurrent Roots ClassLoaderDataGraph         0.000 / 0.000         0.140 / 0.653         0.140 / 0.653         0.140 / 0.653       ms
[90.101s][info][gc,stats    ]    Subphase: Concurrent Roots CodeCache                    0.000 / 0.000         0.000 / 0.000         0.000 / 0.000         0.000 / 0.000       ms
[90.101s][info][gc,stats    ]    Subphase: Concurrent Roots JavaThreads                  0.000 / 0.000         4.708 / 7.498         4.708 / 7.498         4.708 / 7.498       ms
[90.101s][info][gc,stats    ]    Subphase: Concurrent Roots OopStorageSet                0.000 / 0.000         0.037 / 0.126         0.037 / 0.126         0.037 / 0.126       ms
[90.101s][info][gc,stats    ]    Subphase: Concurrent Weak Roots OopStorageSet           0.000 / 0.000         0.334 / 0.435         0.334 / 0.435         0.334 / 0.435       ms
[90.101s][info][gc,stats    ]    Subphase: Pause Mark Try Complete                       0.000 / 0.000         0.000 / 0.000         0.000 / 0.000         0.000 / 0.000       ms
[90.101s][info][gc,stats    ]      System: Java Threads                                      0 / 0                66 / 101              66 / 101              66 / 101         threads
[90.101s][info][gc,stats    ] =========================================================================================================================================================
[100.094s][info][gc,stats    ] === Garbage Collection Statistics =======================================================================================================================
[100.094s][info][gc,stats    ]                                                              Last 10s              Last 10m              Last 10h                Total
[100.094s][info][gc,stats    ]                                                              Avg / Max             Avg / Max             Avg / Max             Avg / Max
[100.094s][info][gc,stats    ]   Collector: Garbage Collection Cycle                      0.000 / 0.000        47.498 / 67.056       47.498 / 67.056       47.498 / 67.056      ms
[100.094s][info][gc,stats    ]  Contention: Mark Segment Reset Contention                     0 / 0                 0 / 2                 0 / 2                 0 / 2           ops/s
[100.094s][info][gc,stats    ]  Contention: Mark SeqNum Reset Contention                      0 / 0                 0 / 0                 0 / 0                 0 / 0           ops/s
[100.094s][info][gc,stats    ]    Critical: Allocation Stall                                  0 / 0                 0 / 0                 0 / 0                 0 / 0           ops/s
[100.094s][info][gc,stats    ]    Critical: Allocation Stall                              0.000 / 0.000         0.000 / 0.000         0.000 / 0.000         0.000 / 0.000       ms
[100.094s][info][gc,stats    ]    Critical: GC Locker Stall                                   0 / 0                 0 / 0                 0 / 0                 0 / 0           ops/s
[100.094s][info][gc,stats    ]    Critical: GC Locker Stall                               0.000 / 0.000         0.000 / 0.000         0.000 / 0.000         0.000 / 0.000       ms
[100.094s][info][gc,stats    ]    Critical: Relocation Stall                                  0 / 0                 0 / 0                 0 / 0                 0 / 0           ops/s
[100.094s][info][gc,stats    ]    Critical: Relocation Stall                              0.000 / 0.000         0.000 / 0.000         0.000 / 0.000         0.000 / 0.000       ms
[100.094s][info][gc,stats    ]      Memory: Allocation Rate                                   0 / 2                 4 / 72                4 / 72                4 / 72          MB/s
[100.094s][info][gc,stats    ]      Memory: Defragment                                        0 / 0                 0 / 0                 0 / 0                 0 / 0           ops/s
[100.094s][info][gc,stats    ]      Memory: Out Of Memory                                     0 / 0                 0 / 0                 0 / 0                 0 / 0           ops/s
[100.094s][info][gc,stats    ]      Memory: Page Cache Flush                                  0 / 0                 0 / 0                 0 / 0                 0 / 0           MB/s
[100.094s][info][gc,stats    ]      Memory: Page Cache Hit L1                                 0 / 1                 1 / 35                1 / 35                1 / 35          ops/s
[100.094s][info][gc,stats    ]      Memory: Page Cache Hit L2                                 0 / 0                 0 / 0                 0 / 0                 0 / 0           ops/s
[100.094s][info][gc,stats    ]      Memory: Page Cache Hit L3                                 0 / 0                 0 / 16                0 / 16                0 / 16          ops/s
[100.094s][info][gc,stats    ]      Memory: Page Cache Miss                                   0 / 0                 0 / 1                 0 / 1                 0 / 1           ops/s
[100.094s][info][gc,stats    ]      Memory: Uncommit                                          0 / 0                 0 / 0                 0 / 0                 0 / 0           MB/s
[100.094s][info][gc,stats    ]      Memory: Undo Object Allocation Failed                     0 / 0                 0 / 2                 0 / 2                 0 / 2           ops/s
[100.094s][info][gc,stats    ]      Memory: Undo Object Allocation Succeeded                  0 / 0                 0 / 0                 0 / 0                 0 / 0           ops/s
[100.095s][info][gc,stats    ]      Memory: Undo Page Allocation                              0 / 0                 0 / 1                 0 / 1                 0 / 1           ops/s
[100.095s][info][gc,stats    ]       Phase: Concurrent Mark                               0.000 / 0.000        30.071 / 39.561       30.071 / 39.561       30.071 / 39.561      ms
[100.095s][info][gc,stats    ]       Phase: Concurrent Mark Continue                      0.000 / 0.000         0.000 / 0.000         0.000 / 0.000         0.000 / 0.000       ms
[100.095s][info][gc,stats    ]       Phase: Concurrent Mark Free                          0.000 / 0.000         0.001 / 0.001         0.001 / 0.001         0.001 / 0.001       ms
[100.095s][info][gc,stats    ]       Phase: Concurrent Process Non-Strong References      0.000 / 0.000         4.967 / 15.798        4.967 / 15.798        4.967 / 15.798      ms
[100.095s][info][gc,stats    ]       Phase: Concurrent Relocate                           0.000 / 0.000         4.816 / 7.776         4.816 / 7.776         4.816 / 7.776       ms
[100.095s][info][gc,stats    ]       Phase: Concurrent Reset Relocation Set               0.000 / 0.000         0.004 / 0.006         0.004 / 0.006         0.004 / 0.006       ms
[100.095s][info][gc,stats    ]       Phase: Concurrent Select Relocation Set              0.000 / 0.000         6.510 / 14.363        6.510 / 14.363        6.510 / 14.363      ms
[100.095s][info][gc,stats    ]       Phase: Pause Mark End                                0.000 / 0.000         0.017 / 0.025         0.017 / 0.025         0.017 / 0.025       ms
[100.095s][info][gc,stats    ]       Phase: Pause Mark Start                              0.000 / 0.000         0.016 / 0.019         0.016 / 0.019         0.016 / 0.019       ms
[100.095s][info][gc,stats    ]       Phase: Pause Relocate Start                          0.000 / 0.000         0.009 / 0.011         0.009 / 0.011         0.009 / 0.011       ms
[100.095s][info][gc,stats    ]    Subphase: Concurrent Classes Purge                      0.000 / 0.000         0.498 / 0.751         0.498 / 0.751         0.498 / 0.751       ms
[100.095s][info][gc,stats    ]    Subphase: Concurrent Classes Unlink                     0.000 / 0.000         1.209 / 1.618         1.209 / 1.618         1.209 / 1.618       ms
[100.095s][info][gc,stats    ]    Subphase: Concurrent Mark                               0.000 / 0.000        23.100 / 31.943       23.100 / 31.943       23.100 / 31.943      ms
[100.095s][info][gc,stats    ]    Subphase: Concurrent Mark Try Flush                     0.000 / 0.000         0.099 / 0.401         0.099 / 0.401         0.099 / 0.401       ms
[100.095s][info][gc,stats    ]    Subphase: Concurrent Mark Try Terminate                 0.000 / 0.000         6.569 / 14.854        6.569 / 14.854        6.569 / 14.854      ms
[100.095s][info][gc,stats    ]    Subphase: Concurrent References Enqueue                 0.000 / 0.000         0.003 / 0.005         0.003 / 0.005         0.003 / 0.005       ms
[100.095s][info][gc,stats    ]    Subphase: Concurrent References Process                 0.000 / 0.000         0.083 / 0.131         0.083 / 0.131         0.083 / 0.131       ms
[100.095s][info][gc,stats    ]    Subphase: Concurrent Roots ClassLoaderDataGraph         0.000 / 0.000         0.140 / 0.653         0.140 / 0.653         0.140 / 0.653       ms
[100.095s][info][gc,stats    ]    Subphase: Concurrent Roots CodeCache                    0.000 / 0.000         0.000 / 0.000         0.000 / 0.000         0.000 / 0.000       ms
[100.095s][info][gc,stats    ]    Subphase: Concurrent Roots JavaThreads                  0.000 / 0.000         4.708 / 7.498         4.708 / 7.498         4.708 / 7.498       ms
[100.095s][info][gc,stats    ]    Subphase: Concurrent Roots OopStorageSet                0.000 / 0.000         0.037 / 0.126         0.037 / 0.126         0.037 / 0.126       ms
[100.095s][info][gc,stats    ]    Subphase: Concurrent Weak Roots OopStorageSet           0.000 / 0.000         0.334 / 0.435         0.334 / 0.435         0.334 / 0.435       ms
[100.095s][info][gc,stats    ]    Subphase: Pause Mark Try Complete                       0.000 / 0.000         0.000 / 0.000         0.000 / 0.000         0.000 / 0.000       ms
[100.095s][info][gc,stats    ]      System: Java Threads                                      0 / 0                66 / 101              66 / 101              66 / 101         threads
[100.095s][info][gc,stats    ] =========================================================================================================================================================
[110.089s][info][gc,stats    ] === Garbage Collection Statistics =======================================================================================================================
[110.089s][info][gc,stats    ]                                                              Last 10s              Last 10m              Last 10h                Total
[110.089s][info][gc,stats    ]                                                              Avg / Max             Avg / Max             Avg / Max             Avg / Max
[110.089s][info][gc,stats    ]   Collector: Garbage Collection Cycle                      0.000 / 0.000        47.498 / 67.056       47.498 / 67.056       47.498 / 67.056      ms
[110.089s][info][gc,stats    ]  Contention: Mark Segment Reset Contention                     0 / 0                 0 / 2                 0 / 2                 0 / 2           ops/s
[110.089s][info][gc,stats    ]  Contention: Mark SeqNum Reset Contention                      0 / 0                 0 / 0                 0 / 0                 0 / 0           ops/s
[110.089s][info][gc,stats    ]    Critical: Allocation Stall                                  0 / 0                 0 / 0                 0 / 0                 0 / 0           ops/s
[110.089s][info][gc,stats    ]    Critical: Allocation Stall                              0.000 / 0.000         0.000 / 0.000         0.000 / 0.000         0.000 / 0.000       ms
[110.089s][info][gc,stats    ]    Critical: GC Locker Stall                                   0 / 0                 0 / 0                 0 / 0                 0 / 0           ops/s
[110.089s][info][gc,stats    ]    Critical: GC Locker Stall                               0.000 / 0.000         0.000 / 0.000         0.000 / 0.000         0.000 / 0.000       ms
[110.089s][info][gc,stats    ]    Critical: Relocation Stall                                  0 / 0                 0 / 0                 0 / 0                 0 / 0           ops/s
[110.089s][info][gc,stats    ]    Critical: Relocation Stall                              0.000 / 0.000         0.000 / 0.000         0.000 / 0.000         0.000 / 0.000       ms
[110.089s][info][gc,stats    ]      Memory: Allocation Rate                                   0 / 2                 4 / 72                4 / 72                4 / 72          MB/s
[110.089s][info][gc,stats    ]      Memory: Defragment                                        0 / 0                 0 / 0                 0 / 0                 0 / 0           ops/s
[110.089s][info][gc,stats    ]      Memory: Out Of Memory                                     0 / 0                 0 / 0                 0 / 0                 0 / 0           ops/s
[110.089s][info][gc,stats    ]      Memory: Page Cache Flush                                  0 / 0                 0 / 0                 0 / 0                 0 / 0           MB/s
[110.089s][info][gc,stats    ]      Memory: Page Cache Hit L1                                 0 / 1                 1 / 35                1 / 35                1 / 35          ops/s
[110.089s][info][gc,stats    ]      Memory: Page Cache Hit L2                                 0 / 0                 0 / 0                 0 / 0                 0 / 0           ops/s
[110.089s][info][gc,stats    ]      Memory: Page Cache Hit L3                                 0 / 0                 0 / 16                0 / 16                0 / 16          ops/s
[110.089s][info][gc,stats    ]      Memory: Page Cache Miss                                   0 / 0                 0 / 1                 0 / 1                 0 / 1           ops/s
[110.089s][info][gc,stats    ]      Memory: Uncommit                                          0 / 0                 0 / 0                 0 / 0                 0 / 0           MB/s
[110.089s][info][gc,stats    ]      Memory: Undo Object Allocation Failed                     0 / 0                 0 / 2                 0 / 2                 0 / 2           ops/s
[110.089s][info][gc,stats    ]      Memory: Undo Object Allocation Succeeded                  0 / 0                 0 / 0                 0 / 0                 0 / 0           ops/s
[110.089s][info][gc,stats    ]      Memory: Undo Page Allocation                              0 / 0                 0 / 1                 0 / 1                 0 / 1           ops/s
[110.089s][info][gc,stats    ]       Phase: Concurrent Mark                               0.000 / 0.000        30.071 / 39.561       30.071 / 39.561       30.071 / 39.561      ms
[110.090s][info][gc,stats    ]       Phase: Concurrent Mark Continue                      0.000 / 0.000         0.000 / 0.000         0.000 / 0.000         0.000 / 0.000       ms
[110.090s][info][gc,stats    ]       Phase: Concurrent Mark Free                          0.000 / 0.000         0.001 / 0.001         0.001 / 0.001         0.001 / 0.001       ms
[110.090s][info][gc,stats    ]       Phase: Concurrent Process Non-Strong References      0.000 / 0.000         4.967 / 15.798        4.967 / 15.798        4.967 / 15.798      ms
[110.090s][info][gc,stats    ]       Phase: Concurrent Relocate                           0.000 / 0.000         4.816 / 7.776         4.816 / 7.776         4.816 / 7.776       ms
[110.090s][info][gc,stats    ]       Phase: Concurrent Reset Relocation Set               0.000 / 0.000         0.004 / 0.006         0.004 / 0.006         0.004 / 0.006       ms
[110.090s][info][gc,stats    ]       Phase: Concurrent Select Relocation Set              0.000 / 0.000         6.510 / 14.363        6.510 / 14.363        6.510 / 14.363      ms
[110.090s][info][gc,stats    ]       Phase: Pause Mark End                                0.000 / 0.000         0.017 / 0.025         0.017 / 0.025         0.017 / 0.025       ms
[110.090s][info][gc,stats    ]       Phase: Pause Mark Start                              0.000 / 0.000         0.016 / 0.019         0.016 / 0.019         0.016 / 0.019       ms
[110.090s][info][gc,stats    ]       Phase: Pause Relocate Start                          0.000 / 0.000         0.009 / 0.011         0.009 / 0.011         0.009 / 0.011       ms
[110.090s][info][gc,stats    ]    Subphase: Concurrent Classes Purge                      0.000 / 0.000         0.498 / 0.751         0.498 / 0.751         0.498 / 0.751       ms
[110.090s][info][gc,stats    ]    Subphase: Concurrent Classes Unlink                     0.000 / 0.000         1.209 / 1.618         1.209 / 1.618         1.209 / 1.618       ms
[110.090s][info][gc,stats    ]    Subphase: Concurrent Mark                               0.000 / 0.000        23.100 / 31.943       23.100 / 31.943       23.100 / 31.943      ms
[110.090s][info][gc,stats    ]    Subphase: Concurrent Mark Try Flush                     0.000 / 0.000         0.099 / 0.401         0.099 / 0.401         0.099 / 0.401       ms
[110.090s][info][gc,stats    ]    Subphase: Concurrent Mark Try Terminate                 0.000 / 0.000         6.569 / 14.854        6.569 / 14.854        6.569 / 14.854      ms
[110.090s][info][gc,stats    ]    Subphase: Concurrent References Enqueue                 0.000 / 0.000         0.003 / 0.005         0.003 / 0.005         0.003 / 0.005       ms
[110.090s][info][gc,stats    ]    Subphase: Concurrent References Process                 0.000 / 0.000         0.083 / 0.131         0.083 / 0.131         0.083 / 0.131       ms
[110.090s][info][gc,stats    ]    Subphase: Concurrent Roots ClassLoaderDataGraph         0.000 / 0.000         0.140 / 0.653         0.140 / 0.653         0.140 / 0.653       ms
[110.090s][info][gc,stats    ]    Subphase: Concurrent Roots CodeCache                    0.000 / 0.000         0.000 / 0.000         0.000 / 0.000         0.000 / 0.000       ms
[110.090s][info][gc,stats    ]    Subphase: Concurrent Roots JavaThreads                  0.000 / 0.000         4.708 / 7.498         4.708 / 7.498         4.708 / 7.498       ms
[110.090s][info][gc,stats    ]    Subphase: Concurrent Roots OopStorageSet                0.000 / 0.000         0.037 / 0.126         0.037 / 0.126         0.037 / 0.126       ms
[110.090s][info][gc,stats    ]    Subphase: Concurrent Weak Roots OopStorageSet           0.000 / 0.000         0.334 / 0.435         0.334 / 0.435         0.334 / 0.435       ms
[110.090s][info][gc,stats    ]    Subphase: Pause Mark Try Complete                       0.000 / 0.000         0.000 / 0.000         0.000 / 0.000         0.000 / 0.000       ms
[110.090s][info][gc,stats    ]      System: Java Threads                                      0 / 0                66 / 101              66 / 101              66 / 101         threads
[110.090s][info][gc,stats    ] =========================================================================================================================================================
[120.095s][info][gc,stats    ] === Garbage Collection Statistics =======================================================================================================================
[120.095s][info][gc,stats    ]                                                              Last 10s              Last 10m              Last 10h                Total
[120.095s][info][gc,stats    ]                                                              Avg / Max             Avg / Max             Avg / Max             Avg / Max
[120.095s][info][gc,stats    ]   Collector: Garbage Collection Cycle                      0.000 / 0.000        47.498 / 67.056       47.498 / 67.056       47.498 / 67.056      ms
[120.095s][info][gc,stats    ]  Contention: Mark Segment Reset Contention                     0 / 0                 0 / 2                 0 / 2                 0 / 2           ops/s
[120.095s][info][gc,stats    ]  Contention: Mark SeqNum Reset Contention                      0 / 0                 0 / 0                 0 / 0                 0 / 0           ops/s
[120.095s][info][gc,stats    ]    Critical: Allocation Stall                                  0 / 0                 0 / 0                 0 / 0                 0 / 0           ops/s
[120.095s][info][gc,stats    ]    Critical: Allocation Stall                              0.000 / 0.000         0.000 / 0.000         0.000 / 0.000         0.000 / 0.000       ms
[120.095s][info][gc,stats    ]    Critical: GC Locker Stall                                   0 / 0                 0 / 0                 0 / 0                 0 / 0           ops/s
[120.095s][info][gc,stats    ]    Critical: GC Locker Stall                               0.000 / 0.000         0.000 / 0.000         0.000 / 0.000         0.000 / 0.000       ms
[120.095s][info][gc,stats    ]    Critical: Relocation Stall                                  0 / 0                 0 / 0                 0 / 0                 0 / 0           ops/s
[120.095s][info][gc,stats    ]    Critical: Relocation Stall                              0.000 / 0.000         0.000 / 0.000         0.000 / 0.000         0.000 / 0.000       ms
[120.095s][info][gc,stats    ]      Memory: Allocation Rate                                   0 / 2                 3 / 72                3 / 72                3 / 72          MB/s
[120.095s][info][gc,stats    ]      Memory: Defragment                                        0 / 0                 0 / 0                 0 / 0                 0 / 0           ops/s
[120.095s][info][gc,stats    ]      Memory: Out Of Memory                                     0 / 0                 0 / 0                 0 / 0                 0 / 0           ops/s
[120.095s][info][gc,stats    ]      Memory: Page Cache Flush                                  0 / 0                 0 / 0                 0 / 0                 0 / 0           MB/s
[120.095s][info][gc,stats    ]      Memory: Page Cache Hit L1                                 0 / 1                 1 / 35                1 / 35                1 / 35          ops/s
[120.095s][info][gc,stats    ]      Memory: Page Cache Hit L2                                 0 / 0                 0 / 0                 0 / 0                 0 / 0           ops/s
[120.096s][info][gc,stats    ]      Memory: Page Cache Hit L3                                 0 / 0                 0 / 16                0 / 16                0 / 16          ops/s
[120.096s][info][gc,stats    ]      Memory: Page Cache Miss                                   0 / 0                 0 / 1                 0 / 1                 0 / 1           ops/s
[120.096s][info][gc,stats    ]      Memory: Uncommit                                          0 / 0                 0 / 0                 0 / 0                 0 / 0           MB/s
[120.096s][info][gc,stats    ]      Memory: Undo Object Allocation Failed                     0 / 0                 0 / 2                 0 / 2                 0 / 2           ops/s
[120.096s][info][gc,stats    ]      Memory: Undo Object Allocation Succeeded                  0 / 0                 0 / 0                 0 / 0                 0 / 0           ops/s
[120.096s][info][gc,stats    ]      Memory: Undo Page Allocation                              0 / 0                 0 / 1                 0 / 1                 0 / 1           ops/s
[120.096s][info][gc,stats    ]       Phase: Concurrent Mark                               0.000 / 0.000        30.071 / 39.561       30.071 / 39.561       30.071 / 39.561      ms
[120.096s][info][gc,stats    ]       Phase: Concurrent Mark Continue                      0.000 / 0.000         0.000 / 0.000         0.000 / 0.000         0.000 / 0.000       ms
[120.096s][info][gc,stats    ]       Phase: Concurrent Mark Free                          0.000 / 0.000         0.001 / 0.001         0.001 / 0.001         0.001 / 0.001       ms
[120.096s][info][gc,stats    ]       Phase: Concurrent Process Non-Strong References      0.000 / 0.000         4.967 / 15.798        4.967 / 15.798        4.967 / 15.798      ms
[120.096s][info][gc,stats    ]       Phase: Concurrent Relocate                           0.000 / 0.000         4.816 / 7.776         4.816 / 7.776         4.816 / 7.776       ms
[120.096s][info][gc,stats    ]       Phase: Concurrent Reset Relocation Set               0.000 / 0.000         0.004 / 0.006         0.004 / 0.006         0.004 / 0.006       ms
[120.096s][info][gc,stats    ]       Phase: Concurrent Select Relocation Set              0.000 / 0.000         6.510 / 14.363        6.510 / 14.363        6.510 / 14.363      ms
[120.096s][info][gc,stats    ]       Phase: Pause Mark End                                0.000 / 0.000         0.017 / 0.025         0.017 / 0.025         0.017 / 0.025       ms
[120.096s][info][gc,stats    ]       Phase: Pause Mark Start                              0.000 / 0.000         0.016 / 0.019         0.016 / 0.019         0.016 / 0.019       ms
[120.096s][info][gc,stats    ]       Phase: Pause Relocate Start                          0.000 / 0.000         0.009 / 0.011         0.009 / 0.011         0.009 / 0.011       ms
[120.096s][info][gc,stats    ]    Subphase: Concurrent Classes Purge                      0.000 / 0.000         0.498 / 0.751         0.498 / 0.751         0.498 / 0.751       ms
[120.096s][info][gc,stats    ]    Subphase: Concurrent Classes Unlink                     0.000 / 0.000         1.209 / 1.618         1.209 / 1.618         1.209 / 1.618       ms
[120.096s][info][gc,stats    ]    Subphase: Concurrent Mark                               0.000 / 0.000        23.100 / 31.943       23.100 / 31.943       23.100 / 31.943      ms
[120.096s][info][gc,stats    ]    Subphase: Concurrent Mark Try Flush                     0.000 / 0.000         0.099 / 0.401         0.099 / 0.401         0.099 / 0.401       ms
[120.096s][info][gc,stats    ]    Subphase: Concurrent Mark Try Terminate                 0.000 / 0.000         6.569 / 14.854        6.569 / 14.854        6.569 / 14.854      ms
[120.096s][info][gc,stats    ]    Subphase: Concurrent References Enqueue                 0.000 / 0.000         0.003 / 0.005         0.003 / 0.005         0.003 / 0.005       ms
[120.096s][info][gc,stats    ]    Subphase: Concurrent References Process                 0.000 / 0.000         0.083 / 0.131         0.083 / 0.131         0.083 / 0.131       ms
[120.096s][info][gc,stats    ]    Subphase: Concurrent Roots ClassLoaderDataGraph         0.000 / 0.000         0.140 / 0.653         0.140 / 0.653         0.140 / 0.653       ms
[120.096s][info][gc,stats    ]    Subphase: Concurrent Roots CodeCache                    0.000 / 0.000         0.000 / 0.000         0.000 / 0.000         0.000 / 0.000       ms
[120.096s][info][gc,stats    ]    Subphase: Concurrent Roots JavaThreads                  0.000 / 0.000         4.708 / 7.498         4.708 / 7.498         4.708 / 7.498       ms
[120.096s][info][gc,stats    ]    Subphase: Concurrent Roots OopStorageSet                0.000 / 0.000         0.037 / 0.126         0.037 / 0.126         0.037 / 0.126       ms
[120.096s][info][gc,stats    ]    Subphase: Concurrent Weak Roots OopStorageSet           0.000 / 0.000         0.334 / 0.435         0.334 / 0.435         0.334 / 0.435       ms
[120.097s][info][gc,stats    ]    Subphase: Pause Mark Try Complete                       0.000 / 0.000         0.000 / 0.000         0.000 / 0.000         0.000 / 0.000       ms
[120.097s][info][gc,stats    ]      System: Java Threads                                      0 / 0                66 / 101              66 / 101              66 / 101         threads
[120.097s][info][gc,stats    ] =========================================================================================================================================================
[130.088s][info][gc,stats    ] === Garbage Collection Statistics =======================================================================================================================
[130.088s][info][gc,stats    ]                                                              Last 10s              Last 10m              Last 10h                Total
[130.088s][info][gc,stats    ]                                                              Avg / Max             Avg / Max             Avg / Max             Avg / Max
[130.088s][info][gc,stats    ]   Collector: Garbage Collection Cycle                      0.000 / 0.000        47.498 / 67.056       47.498 / 67.056       47.498 / 67.056      ms
[130.088s][info][gc,stats    ]  Contention: Mark Segment Reset Contention                     0 / 0                 0 / 2                 0 / 2                 0 / 2           ops/s
[130.088s][info][gc,stats    ]  Contention: Mark SeqNum Reset Contention                      0 / 0                 0 / 0                 0 / 0                 0 / 0           ops/s
[130.088s][info][gc,stats    ]    Critical: Allocation Stall                                  0 / 0                 0 / 0                 0 / 0                 0 / 0           ops/s
[130.088s][info][gc,stats    ]    Critical: Allocation Stall                              0.000 / 0.000         0.000 / 0.000         0.000 / 0.000         0.000 / 0.000       ms
[130.088s][info][gc,stats    ]    Critical: GC Locker Stall                                   0 / 0                 0 / 0                 0 / 0                 0 / 0           ops/s
[130.088s][info][gc,stats    ]    Critical: GC Locker Stall                               0.000 / 0.000         0.000 / 0.000         0.000 / 0.000         0.000 / 0.000       ms
[130.088s][info][gc,stats    ]    Critical: Relocation Stall                                  0 / 0                 0 / 0                 0 / 0                 0 / 0           ops/s
[130.088s][info][gc,stats    ]    Critical: Relocation Stall                              0.000 / 0.000         0.000 / 0.000         0.000 / 0.000         0.000 / 0.000       ms
[130.088s][info][gc,stats    ]      Memory: Allocation Rate                                   0 / 2                 3 / 72                3 / 72                3 / 72          MB/s
[130.088s][info][gc,stats    ]      Memory: Defragment                                        0 / 0                 0 / 0                 0 / 0                 0 / 0           ops/s
[130.088s][info][gc,stats    ]      Memory: Out Of Memory                                     0 / 0                 0 / 0                 0 / 0                 0 / 0           ops/s
[130.088s][info][gc,stats    ]      Memory: Page Cache Flush                                  0 / 0                 0 / 0                 0 / 0                 0 / 0           MB/s
[130.088s][info][gc,stats    ]      Memory: Page Cache Hit L1                                 0 / 1                 1 / 35                1 / 35                1 / 35          ops/s
[130.088s][info][gc,stats    ]      Memory: Page Cache Hit L2                                 0 / 0                 0 / 0                 0 / 0                 0 / 0           ops/s
[130.088s][info][gc,stats    ]      Memory: Page Cache Hit L3                                 0 / 0                 0 / 16                0 / 16                0 / 16          ops/s
[130.088s][info][gc,stats    ]      Memory: Page Cache Miss                                   0 / 0                 0 / 1                 0 / 1                 0 / 1           ops/s
[130.089s][info][gc,stats    ]      Memory: Uncommit                                          0 / 0                 0 / 0                 0 / 0                 0 / 0           MB/s
[130.089s][info][gc,stats    ]      Memory: Undo Object Allocation Failed                     0 / 0                 0 / 2                 0 / 2                 0 / 2           ops/s
[130.089s][info][gc,stats    ]      Memory: Undo Object Allocation Succeeded                  0 / 0                 0 / 0                 0 / 0                 0 / 0           ops/s
[130.089s][info][gc,stats    ]      Memory: Undo Page Allocation                              0 / 0                 0 / 1                 0 / 1                 0 / 1           ops/s
[130.089s][info][gc,stats    ]       Phase: Concurrent Mark                               0.000 / 0.000        30.071 / 39.561       30.071 / 39.561       30.071 / 39.561      ms
[130.089s][info][gc,stats    ]       Phase: Concurrent Mark Continue                      0.000 / 0.000         0.000 / 0.000         0.000 / 0.000         0.000 / 0.000       ms
[130.089s][info][gc,stats    ]       Phase: Concurrent Mark Free                          0.000 / 0.000         0.001 / 0.001         0.001 / 0.001         0.001 / 0.001       ms
[130.089s][info][gc,stats    ]       Phase: Concurrent Process Non-Strong References      0.000 / 0.000         4.967 / 15.798        4.967 / 15.798        4.967 / 15.798      ms
[130.089s][info][gc,stats    ]       Phase: Concurrent Relocate                           0.000 / 0.000         4.816 / 7.776         4.816 / 7.776         4.816 / 7.776       ms
[130.089s][info][gc,stats    ]       Phase: Concurrent Reset Relocation Set               0.000 / 0.000         0.004 / 0.006         0.004 / 0.006         0.004 / 0.006       ms
[130.089s][info][gc,stats    ]       Phase: Concurrent Select Relocation Set              0.000 / 0.000         6.510 / 14.363        6.510 / 14.363        6.510 / 14.363      ms
[130.089s][info][gc,stats    ]       Phase: Pause Mark End                                0.000 / 0.000         0.017 / 0.025         0.017 / 0.025         0.017 / 0.025       ms
[130.089s][info][gc,stats    ]       Phase: Pause Mark Start                              0.000 / 0.000         0.016 / 0.019         0.016 / 0.019         0.016 / 0.019       ms
[130.089s][info][gc,stats    ]       Phase: Pause Relocate Start                          0.000 / 0.000         0.009 / 0.011         0.009 / 0.011         0.009 / 0.011       ms
[130.089s][info][gc,stats    ]    Subphase: Concurrent Classes Purge                      0.000 / 0.000         0.498 / 0.751         0.498 / 0.751         0.498 / 0.751       ms
[130.089s][info][gc,stats    ]    Subphase: Concurrent Classes Unlink                     0.000 / 0.000         1.209 / 1.618         1.209 / 1.618         1.209 / 1.618       ms
[130.089s][info][gc,stats    ]    Subphase: Concurrent Mark                               0.000 / 0.000        23.100 / 31.943       23.100 / 31.943       23.100 / 31.943      ms
[130.089s][info][gc,stats    ]    Subphase: Concurrent Mark Try Flush                     0.000 / 0.000         0.099 / 0.401         0.099 / 0.401         0.099 / 0.401       ms
[130.089s][info][gc,stats    ]    Subphase: Concurrent Mark Try Terminate                 0.000 / 0.000         6.569 / 14.854        6.569 / 14.854        6.569 / 14.854      ms
[130.089s][info][gc,stats    ]    Subphase: Concurrent References Enqueue                 0.000 / 0.000         0.003 / 0.005         0.003 / 0.005         0.003 / 0.005       ms
[130.089s][info][gc,stats    ]    Subphase: Concurrent References Process                 0.000 / 0.000         0.083 / 0.131         0.083 / 0.131         0.083 / 0.131       ms
[130.089s][info][gc,stats    ]    Subphase: Concurrent Roots ClassLoaderDataGraph         0.000 / 0.000         0.140 / 0.653         0.140 / 0.653         0.140 / 0.653       ms
[130.089s][info][gc,stats    ]    Subphase: Concurrent Roots CodeCache                    0.000 / 0.000         0.000 / 0.000         0.000 / 0.000         0.000 / 0.000       ms
[130.089s][info][gc,stats    ]    Subphase: Concurrent Roots JavaThreads                  0.000 / 0.000         4.708 / 7.498         4.708 / 7.498         4.708 / 7.498       ms
[130.089s][info][gc,stats    ]    Subphase: Concurrent Roots OopStorageSet                0.000 / 0.000         0.037 / 0.126         0.037 / 0.126         0.037 / 0.126       ms
[130.090s][info][gc,stats    ]    Subphase: Concurrent Weak Roots OopStorageSet           0.000 / 0.000         0.334 / 0.435         0.334 / 0.435         0.334 / 0.435       ms
[130.090s][info][gc,stats    ]    Subphase: Pause Mark Try Complete                       0.000 / 0.000         0.000 / 0.000         0.000 / 0.000         0.000 / 0.000       ms
[130.090s][info][gc,stats    ]      System: Java Threads                                      0 / 0                66 / 101              66 / 101              66 / 101         threads
[130.090s][info][gc,stats    ] =========================================================================================================================================================
[140.090s][info][gc,stats    ] === Garbage Collection Statistics =======================================================================================================================
[140.090s][info][gc,stats    ]                                                              Last 10s              Last 10m              Last 10h                Total
[140.090s][info][gc,stats    ]                                                              Avg / Max             Avg / Max             Avg / Max             Avg / Max
[140.090s][info][gc,stats    ]   Collector: Garbage Collection Cycle                      0.000 / 0.000        47.498 / 67.056       47.498 / 67.056       47.498 / 67.056      ms
[140.090s][info][gc,stats    ]  Contention: Mark Segment Reset Contention                     0 / 0                 0 / 2                 0 / 2                 0 / 2           ops/s
[140.090s][info][gc,stats    ]  Contention: Mark SeqNum Reset Contention                      0 / 0                 0 / 0                 0 / 0                 0 / 0           ops/s
[140.090s][info][gc,stats    ]    Critical: Allocation Stall                                  0 / 0                 0 / 0                 0 / 0                 0 / 0           ops/s
[140.090s][info][gc,stats    ]    Critical: Allocation Stall                              0.000 / 0.000         0.000 / 0.000         0.000 / 0.000         0.000 / 0.000       ms
[140.090s][info][gc,stats    ]    Critical: GC Locker Stall                                   0 / 0                 0 / 0                 0 / 0                 0 / 0           ops/s
[140.090s][info][gc,stats    ]    Critical: GC Locker Stall                               0.000 / 0.000         0.000 / 0.000         0.000 / 0.000         0.000 / 0.000       ms
[140.090s][info][gc,stats    ]    Critical: Relocation Stall                                  0 / 0                 0 / 0                 0 / 0                 0 / 0           ops/s
[140.091s][info][gc,stats    ]    Critical: Relocation Stall                              0.000 / 0.000         0.000 / 0.000         0.000 / 0.000         0.000 / 0.000       ms
[140.091s][info][gc,stats    ]      Memory: Allocation Rate                                   0 / 2                 3 / 72                3 / 72                3 / 72          MB/s
[140.091s][info][gc,stats    ]      Memory: Defragment                                        0 / 0                 0 / 0                 0 / 0                 0 / 0           ops/s
[140.091s][info][gc,stats    ]      Memory: Out Of Memory                                     0 / 0                 0 / 0                 0 / 0                 0 / 0           ops/s
[140.091s][info][gc,stats    ]      Memory: Page Cache Flush                                  0 / 0                 0 / 0                 0 / 0                 0 / 0           MB/s
[140.091s][info][gc,stats    ]      Memory: Page Cache Hit L1                                 0 / 1                 1 / 35                1 / 35                1 / 35          ops/s
[140.091s][info][gc,stats    ]      Memory: Page Cache Hit L2                                 0 / 0                 0 / 0                 0 / 0                 0 / 0           ops/s
[140.091s][info][gc,stats    ]      Memory: Page Cache Hit L3                                 0 / 0                 0 / 16                0 / 16                0 / 16          ops/s
[140.091s][info][gc,stats    ]      Memory: Page Cache Miss                                   0 / 0                 0 / 1                 0 / 1                 0 / 1           ops/s
[140.091s][info][gc,stats    ]      Memory: Uncommit                                          0 / 0                 0 / 0                 0 / 0                 0 / 0           MB/s
[140.091s][info][gc,stats    ]      Memory: Undo Object Allocation Failed                     0 / 0                 0 / 2                 0 / 2                 0 / 2           ops/s
[140.091s][info][gc,stats    ]      Memory: Undo Object Allocation Succeeded                  0 / 0                 0 / 0                 0 / 0                 0 / 0           ops/s
[140.091s][info][gc,stats    ]      Memory: Undo Page Allocation                              0 / 0                 0 / 1                 0 / 1                 0 / 1           ops/s
[140.091s][info][gc,stats    ]       Phase: Concurrent Mark                               0.000 / 0.000        30.071 / 39.561       30.071 / 39.561       30.071 / 39.561      ms
[140.091s][info][gc,stats    ]       Phase: Concurrent Mark Continue                      0.000 / 0.000         0.000 / 0.000         0.000 / 0.000         0.000 / 0.000       ms
[140.091s][info][gc,stats    ]       Phase: Concurrent Mark Free                          0.000 / 0.000         0.001 / 0.001         0.001 / 0.001         0.001 / 0.001       ms
[140.091s][info][gc,stats    ]       Phase: Concurrent Process Non-Strong References      0.000 / 0.000         4.967 / 15.798        4.967 / 15.798        4.967 / 15.798      ms
[140.091s][info][gc,stats    ]       Phase: Concurrent Relocate                           0.000 / 0.000         4.816 / 7.776         4.816 / 7.776         4.816 / 7.776       ms
[140.091s][info][gc,stats    ]       Phase: Concurrent Reset Relocation Set               0.000 / 0.000         0.004 / 0.006         0.004 / 0.006         0.004 / 0.006       ms
[140.091s][info][gc,stats    ]       Phase: Concurrent Select Relocation Set              0.000 / 0.000         6.510 / 14.363        6.510 / 14.363        6.510 / 14.363      ms
[140.091s][info][gc,stats    ]       Phase: Pause Mark End                                0.000 / 0.000         0.017 / 0.025         0.017 / 0.025         0.017 / 0.025       ms
[140.091s][info][gc,stats    ]       Phase: Pause Mark Start                              0.000 / 0.000         0.016 / 0.019         0.016 / 0.019         0.016 / 0.019       ms
[140.091s][info][gc,stats    ]       Phase: Pause Relocate Start                          0.000 / 0.000         0.009 / 0.011         0.009 / 0.011         0.009 / 0.011       ms
[140.091s][info][gc,stats    ]    Subphase: Concurrent Classes Purge                      0.000 / 0.000         0.498 / 0.751         0.498 / 0.751         0.498 / 0.751       ms
[140.091s][info][gc,stats    ]    Subphase: Concurrent Classes Unlink                     0.000 / 0.000         1.209 / 1.618         1.209 / 1.618         1.209 / 1.618       ms
[140.091s][info][gc,stats    ]    Subphase: Concurrent Mark                               0.000 / 0.000        23.100 / 31.943       23.100 / 31.943       23.100 / 31.943      ms
[140.091s][info][gc,stats    ]    Subphase: Concurrent Mark Try Flush                     0.000 / 0.000         0.099 / 0.401         0.099 / 0.401         0.099 / 0.401       ms
[140.091s][info][gc,stats    ]    Subphase: Concurrent Mark Try Terminate                 0.000 / 0.000         6.569 / 14.854        6.569 / 14.854        6.569 / 14.854      ms
[140.091s][info][gc,stats    ]    Subphase: Concurrent References Enqueue                 0.000 / 0.000         0.003 / 0.005         0.003 / 0.005         0.003 / 0.005       ms
[140.092s][info][gc,stats    ]    Subphase: Concurrent References Process                 0.000 / 0.000         0.083 / 0.131         0.083 / 0.131         0.083 / 0.131       ms
[140.092s][info][gc,stats    ]    Subphase: Concurrent Roots ClassLoaderDataGraph         0.000 / 0.000         0.140 / 0.653         0.140 / 0.653         0.140 / 0.653       ms
[140.092s][info][gc,stats    ]    Subphase: Concurrent Roots CodeCache                    0.000 / 0.000         0.000 / 0.000         0.000 / 0.000         0.000 / 0.000       ms
[140.092s][info][gc,stats    ]    Subphase: Concurrent Roots JavaThreads                  0.000 / 0.000         4.708 / 7.498         4.708 / 7.498         4.708 / 7.498       ms
[140.092s][info][gc,stats    ]    Subphase: Concurrent Roots OopStorageSet                0.000 / 0.000         0.037 / 0.126         0.037 / 0.126         0.037 / 0.126       ms
[140.092s][info][gc,stats    ]    Subphase: Concurrent Weak Roots OopStorageSet           0.000 / 0.000         0.334 / 0.435         0.334 / 0.435         0.334 / 0.435       ms
[140.092s][info][gc,stats    ]    Subphase: Pause Mark Try Complete                       0.000 / 0.000         0.000 / 0.000         0.000 / 0.000         0.000 / 0.000       ms
[140.092s][info][gc,stats    ]      System: Java Threads                                      0 / 0                66 / 101              66 / 101              66 / 101         threads
[140.092s][info][gc,stats    ] =========================================================================================================================================================
[150.098s][info][gc,stats    ] === Garbage Collection Statistics =======================================================================================================================
[150.098s][info][gc,stats    ]                                                              Last 10s              Last 10m              Last 10h                Total
[150.098s][info][gc,stats    ]                                                              Avg / Max             Avg / Max             Avg / Max             Avg / Max
[150.098s][info][gc,stats    ]   Collector: Garbage Collection Cycle                      0.000 / 0.000        47.498 / 67.056       47.498 / 67.056       47.498 / 67.056      ms
[150.098s][info][gc,stats    ]  Contention: Mark Segment Reset Contention                     0 / 0                 0 / 2                 0 / 2                 0 / 2           ops/s
[150.098s][info][gc,stats    ]  Contention: Mark SeqNum Reset Contention                      0 / 0                 0 / 0                 0 / 0                 0 / 0           ops/s
[150.098s][info][gc,stats    ]    Critical: Allocation Stall                                  0 / 0                 0 / 0                 0 / 0                 0 / 0           ops/s
[150.098s][info][gc,stats    ]    Critical: Allocation Stall                              0.000 / 0.000         0.000 / 0.000         0.000 / 0.000         0.000 / 0.000       ms
[150.098s][info][gc,stats    ]    Critical: GC Locker Stall                                   0 / 0                 0 / 0                 0 / 0                 0 / 0           ops/s
[150.098s][info][gc,stats    ]    Critical: GC Locker Stall                               0.000 / 0.000         0.000 / 0.000         0.000 / 0.000         0.000 / 0.000       ms
[150.098s][info][gc,stats    ]    Critical: Relocation Stall                                  0 / 0                 0 / 0                 0 / 0                 0 / 0           ops/s
[150.098s][info][gc,stats    ]    Critical: Relocation Stall                              0.000 / 0.000         0.000 / 0.000         0.000 / 0.000         0.000 / 0.000       ms
[150.098s][info][gc,stats    ]      Memory: Allocation Rate                                   0 / 2                 3 / 72                3 / 72                3 / 72          MB/s
[150.098s][info][gc,stats    ]      Memory: Defragment                                        0 / 0                 0 / 0                 0 / 0                 0 / 0           ops/s
[150.098s][info][gc,stats    ]      Memory: Out Of Memory                                     0 / 0                 0 / 0                 0 / 0                 0 / 0           ops/s
[150.098s][info][gc,stats    ]      Memory: Page Cache Flush                                  0 / 0                 0 / 0                 0 / 0                 0 / 0           MB/s
[150.098s][info][gc,stats    ]      Memory: Page Cache Hit L1                                 0 / 1                 1 / 35                1 / 35                1 / 35          ops/s
[150.098s][info][gc,stats    ]      Memory: Page Cache Hit L2                                 0 / 0                 0 / 0                 0 / 0                 0 / 0           ops/s
[150.098s][info][gc,stats    ]      Memory: Page Cache Hit L3                                 0 / 0                 0 / 16                0 / 16                0 / 16          ops/s
[150.098s][info][gc,stats    ]      Memory: Page Cache Miss                                   0 / 0                 0 / 1                 0 / 1                 0 / 1           ops/s
[150.098s][info][gc,stats    ]      Memory: Uncommit                                          0 / 0                 0 / 0                 0 / 0                 0 / 0           MB/s
[150.098s][info][gc,stats    ]      Memory: Undo Object Allocation Failed                     0 / 0                 0 / 2                 0 / 2                 0 / 2           ops/s
[150.098s][info][gc,stats    ]      Memory: Undo Object Allocation Succeeded                  0 / 0                 0 / 0                 0 / 0                 0 / 0           ops/s
[150.098s][info][gc,stats    ]      Memory: Undo Page Allocation                              0 / 0                 0 / 1                 0 / 1                 0 / 1           ops/s
[150.099s][info][gc,stats    ]       Phase: Concurrent Mark                               0.000 / 0.000        30.071 / 39.561       30.071 / 39.561       30.071 / 39.561      ms
[150.099s][info][gc,stats    ]       Phase: Concurrent Mark Continue                      0.000 / 0.000         0.000 / 0.000         0.000 / 0.000         0.000 / 0.000       ms
[150.099s][info][gc,stats    ]       Phase: Concurrent Mark Free                          0.000 / 0.000         0.001 / 0.001         0.001 / 0.001         0.001 / 0.001       ms
[150.099s][info][gc,stats    ]       Phase: Concurrent Process Non-Strong References      0.000 / 0.000         4.967 / 15.798        4.967 / 15.798        4.967 / 15.798      ms
[150.099s][info][gc,stats    ]       Phase: Concurrent Relocate                           0.000 / 0.000         4.816 / 7.776         4.816 / 7.776         4.816 / 7.776       ms
[150.099s][info][gc,stats    ]       Phase: Concurrent Reset Relocation Set               0.000 / 0.000         0.004 / 0.006         0.004 / 0.006         0.004 / 0.006       ms
[150.099s][info][gc,stats    ]       Phase: Concurrent Select Relocation Set              0.000 / 0.000         6.510 / 14.363        6.510 / 14.363        6.510 / 14.363      ms
[150.099s][info][gc,stats    ]       Phase: Pause Mark End                                0.000 / 0.000         0.017 / 0.025         0.017 / 0.025         0.017 / 0.025       ms
[150.099s][info][gc,stats    ]       Phase: Pause Mark Start                              0.000 / 0.000         0.016 / 0.019         0.016 / 0.019         0.016 / 0.019       ms
[150.099s][info][gc,stats    ]       Phase: Pause Relocate Start                          0.000 / 0.000         0.009 / 0.011         0.009 / 0.011         0.009 / 0.011       ms
[150.099s][info][gc,stats    ]    Subphase: Concurrent Classes Purge                      0.000 / 0.000         0.498 / 0.751         0.498 / 0.751         0.498 / 0.751       ms
[150.099s][info][gc,stats    ]    Subphase: Concurrent Classes Unlink                     0.000 / 0.000         1.209 / 1.618         1.209 / 1.618         1.209 / 1.618       ms
[150.099s][info][gc,stats    ]    Subphase: Concurrent Mark                               0.000 / 0.000        23.100 / 31.943       23.100 / 31.943       23.100 / 31.943      ms
[150.099s][info][gc,stats    ]    Subphase: Concurrent Mark Try Flush                     0.000 / 0.000         0.099 / 0.401         0.099 / 0.401         0.099 / 0.401       ms
[150.099s][info][gc,stats    ]    Subphase: Concurrent Mark Try Terminate                 0.000 / 0.000         6.569 / 14.854        6.569 / 14.854        6.569 / 14.854      ms
[150.099s][info][gc,stats    ]    Subphase: Concurrent References Enqueue                 0.000 / 0.000         0.003 / 0.005         0.003 / 0.005         0.003 / 0.005       ms
[150.099s][info][gc,stats    ]    Subphase: Concurrent References Process                 0.000 / 0.000         0.083 / 0.131         0.083 / 0.131         0.083 / 0.131       ms
[150.099s][info][gc,stats    ]    Subphase: Concurrent Roots ClassLoaderDataGraph         0.000 / 0.000         0.140 / 0.653         0.140 / 0.653         0.140 / 0.653       ms
[150.099s][info][gc,stats    ]    Subphase: Concurrent Roots CodeCache                    0.000 / 0.000         0.000 / 0.000         0.000 / 0.000         0.000 / 0.000       ms
[150.099s][info][gc,stats    ]    Subphase: Concurrent Roots JavaThreads                  0.000 / 0.000         4.708 / 7.498         4.708 / 7.498         4.708 / 7.498       ms
[150.099s][info][gc,stats    ]    Subphase: Concurrent Roots OopStorageSet                0.000 / 0.000         0.037 / 0.126         0.037 / 0.126         0.037 / 0.126       ms
[150.099s][info][gc,stats    ]    Subphase: Concurrent Weak Roots OopStorageSet           0.000 / 0.000         0.334 / 0.435         0.334 / 0.435         0.334 / 0.435       ms
[150.099s][info][gc,stats    ]    Subphase: Pause Mark Try Complete                       0.000 / 0.000         0.000 / 0.000         0.000 / 0.000         0.000 / 0.000       ms
[150.099s][info][gc,stats    ]      System: Java Threads                                      0 / 0                66 / 101              66 / 101              66 / 101         threads
[150.099s][info][gc,stats    ] =========================================================================================================================================================
[160.095s][info][gc,stats    ] === Garbage Collection Statistics =======================================================================================================================
[160.095s][info][gc,stats    ]                                                              Last 10s              Last 10m              Last 10h                Total
[160.095s][info][gc,stats    ]                                                              Avg / Max             Avg / Max             Avg / Max             Avg / Max
[160.095s][info][gc,stats    ]   Collector: Garbage Collection Cycle                      0.000 / 0.000        47.498 / 67.056       47.498 / 67.056       47.498 / 67.056      ms
[160.095s][info][gc,stats    ]  Contention: Mark Segment Reset Contention                     0 / 0                 0 / 2                 0 / 2                 0 / 2           ops/s
[160.095s][info][gc,stats    ]  Contention: Mark SeqNum Reset Contention                      0 / 0                 0 / 0                 0 / 0                 0 / 0           ops/s
[160.095s][info][gc,stats    ]    Critical: Allocation Stall                                  0 / 0                 0 / 0                 0 / 0                 0 / 0           ops/s
[160.095s][info][gc,stats    ]    Critical: Allocation Stall                              0.000 / 0.000         0.000 / 0.000         0.000 / 0.000         0.000 / 0.000       ms
[160.095s][info][gc,stats    ]    Critical: GC Locker Stall                                   0 / 0                 0 / 0                 0 / 0                 0 / 0           ops/s
[160.095s][info][gc,stats    ]    Critical: GC Locker Stall                               0.000 / 0.000         0.000 / 0.000         0.000 / 0.000         0.000 / 0.000       ms
[160.095s][info][gc,stats    ]    Critical: Relocation Stall                                  0 / 0                 0 / 0                 0 / 0                 0 / 0           ops/s
[160.095s][info][gc,stats    ]    Critical: Relocation Stall                              0.000 / 0.000         0.000 / 0.000         0.000 / 0.000         0.000 / 0.000       ms
[160.095s][info][gc,stats    ]      Memory: Allocation Rate                                   0 / 2                 2 / 72                2 / 72                2 / 72          MB/s
[160.095s][info][gc,stats    ]      Memory: Defragment                                        0 / 0                 0 / 0                 0 / 0                 0 / 0           ops/s
[160.095s][info][gc,stats    ]      Memory: Out Of Memory                                     0 / 0                 0 / 0                 0 / 0                 0 / 0           ops/s
[160.095s][info][gc,stats    ]      Memory: Page Cache Flush                                  0 / 0                 0 / 0                 0 / 0                 0 / 0           MB/s
[160.095s][info][gc,stats    ]      Memory: Page Cache Hit L1                                 0 / 1                 0 / 35                0 / 35                0 / 35          ops/s
[160.095s][info][gc,stats    ]      Memory: Page Cache Hit L2                                 0 / 0                 0 / 0                 0 / 0                 0 / 0           ops/s
[160.095s][info][gc,stats    ]      Memory: Page Cache Hit L3                                 0 / 0                 0 / 16                0 / 16                0 / 16          ops/s
[160.095s][info][gc,stats    ]      Memory: Page Cache Miss                                   0 / 0                 0 / 1                 0 / 1                 0 / 1           ops/s
[160.095s][info][gc,stats    ]      Memory: Uncommit                                          0 / 0                 0 / 0                 0 / 0                 0 / 0           MB/s
[160.095s][info][gc,stats    ]      Memory: Undo Object Allocation Failed                     0 / 0                 0 / 2                 0 / 2                 0 / 2           ops/s
[160.095s][info][gc,stats    ]      Memory: Undo Object Allocation Succeeded                  0 / 0                 0 / 0                 0 / 0                 0 / 0           ops/s
[160.095s][info][gc,stats    ]      Memory: Undo Page Allocation                              0 / 0                 0 / 1                 0 / 1                 0 / 1           ops/s
[160.096s][info][gc,stats    ]       Phase: Concurrent Mark                               0.000 / 0.000        30.071 / 39.561       30.071 / 39.561       30.071 / 39.561      ms
[160.096s][info][gc,stats    ]       Phase: Concurrent Mark Continue                      0.000 / 0.000         0.000 / 0.000         0.000 / 0.000         0.000 / 0.000       ms
[160.096s][info][gc,stats    ]       Phase: Concurrent Mark Free                          0.000 / 0.000         0.001 / 0.001         0.001 / 0.001         0.001 / 0.001       ms
[160.096s][info][gc,stats    ]       Phase: Concurrent Process Non-Strong References      0.000 / 0.000         4.967 / 15.798        4.967 / 15.798        4.967 / 15.798      ms
[160.096s][info][gc,stats    ]       Phase: Concurrent Relocate                           0.000 / 0.000         4.816 / 7.776         4.816 / 7.776         4.816 / 7.776       ms
[160.096s][info][gc,stats    ]       Phase: Concurrent Reset Relocation Set               0.000 / 0.000         0.004 / 0.006         0.004 / 0.006         0.004 / 0.006       ms
[160.096s][info][gc,stats    ]       Phase: Concurrent Select Relocation Set              0.000 / 0.000         6.510 / 14.363        6.510 / 14.363        6.510 / 14.363      ms
[160.096s][info][gc,stats    ]       Phase: Pause Mark End                                0.000 / 0.000         0.017 / 0.025         0.017 / 0.025         0.017 / 0.025       ms
[160.096s][info][gc,stats    ]       Phase: Pause Mark Start                              0.000 / 0.000         0.016 / 0.019         0.016 / 0.019         0.016 / 0.019       ms
[160.096s][info][gc,stats    ]       Phase: Pause Relocate Start                          0.000 / 0.000         0.009 / 0.011         0.009 / 0.011         0.009 / 0.011       ms
[160.096s][info][gc,stats    ]    Subphase: Concurrent Classes Purge                      0.000 / 0.000         0.498 / 0.751         0.498 / 0.751         0.498 / 0.751       ms
[160.096s][info][gc,stats    ]    Subphase: Concurrent Classes Unlink                     0.000 / 0.000         1.209 / 1.618         1.209 / 1.618         1.209 / 1.618       ms
[160.096s][info][gc,stats    ]    Subphase: Concurrent Mark                               0.000 / 0.000        23.100 / 31.943       23.100 / 31.943       23.100 / 31.943      ms
[160.096s][info][gc,stats    ]    Subphase: Concurrent Mark Try Flush                     0.000 / 0.000         0.099 / 0.401         0.099 / 0.401         0.099 / 0.401       ms
[160.096s][info][gc,stats    ]    Subphase: Concurrent Mark Try Terminate                 0.000 / 0.000         6.569 / 14.854        6.569 / 14.854        6.569 / 14.854      ms
[160.096s][info][gc,stats    ]    Subphase: Concurrent References Enqueue                 0.000 / 0.000         0.003 / 0.005         0.003 / 0.005         0.003 / 0.005       ms
[160.096s][info][gc,stats    ]    Subphase: Concurrent References Process                 0.000 / 0.000         0.083 / 0.131         0.083 / 0.131         0.083 / 0.131       ms
[160.096s][info][gc,stats    ]    Subphase: Concurrent Roots ClassLoaderDataGraph         0.000 / 0.000         0.140 / 0.653         0.140 / 0.653         0.140 / 0.653       ms
[160.096s][info][gc,stats    ]    Subphase: Concurrent Roots CodeCache                    0.000 / 0.000         0.000 / 0.000         0.000 / 0.000         0.000 / 0.000       ms
[160.096s][info][gc,stats    ]    Subphase: Concurrent Roots JavaThreads                  0.000 / 0.000         4.708 / 7.498         4.708 / 7.498         4.708 / 7.498       ms
[160.096s][info][gc,stats    ]    Subphase: Concurrent Roots OopStorageSet                0.000 / 0.000         0.037 / 0.126         0.037 / 0.126         0.037 / 0.126       ms
[160.096s][info][gc,stats    ]    Subphase: Concurrent Weak Roots OopStorageSet           0.000 / 0.000         0.334 / 0.435         0.334 / 0.435         0.334 / 0.435       ms
[160.096s][info][gc,stats    ]    Subphase: Pause Mark Try Complete                       0.000 / 0.000         0.000 / 0.000         0.000 / 0.000         0.000 / 0.000       ms
[160.096s][info][gc,stats    ]      System: Java Threads                                      0 / 0                66 / 101              66 / 101              66 / 101         threads
[160.096s][info][gc,stats    ] =========================================================================================================================================================
[166.987s][info][gc,start    ] GC(5) Garbage Collection (Proactive)
[166.987s][info][gc,task     ] GC(5) Using 5 workers
[166.987s][info][gc,phases   ] GC(5) Pause Mark Start 0.015ms
[167.018s][info][gc,phases   ] GC(5) Concurrent Mark 30.767ms
[167.018s][info][gc,phases   ] GC(5) Pause Mark End 0.042ms
[167.018s][info][gc,phases   ] GC(5) Concurrent Mark Free 0.002ms
[167.027s][info][gc,phases   ] GC(5) Concurrent Process Non-Strong References 8.878ms
[167.027s][info][gc,phases   ] GC(5) Concurrent Reset Relocation Set 0.002ms
[167.033s][info][gc,phases   ] GC(5) Concurrent Select Relocation Set 5.576ms
[167.033s][info][gc,phases   ] GC(5) Pause Relocate Start 0.009ms
[167.037s][info][gc,phases   ] GC(5) Concurrent Relocate 4.336ms
[167.037s][info][gc,load     ] GC(5) Load: 0.00/0.00/0.00
[167.037s][info][gc,mmu      ] GC(5) MMU: 2ms/97.9%, 5ms/99.2%, 10ms/99.6%, 20ms/99.7%, 50ms/99.9%, 100ms/99.9%
[167.037s][info][gc,marking  ] GC(5) Mark: 4 stripe(s), 2 proactive flush(es), 1 terminate flush(es), 1 completion(s), 0 continuation(s) 
[167.037s][info][gc,marking  ] GC(5) Mark Stack Usage: 32M
[167.038s][info][gc,nmethod  ] GC(5) NMethods: 2042 registered, 1366 unregistered
[167.038s][info][gc,metaspace] GC(5) Metaspace: 43M used, 43M committed, 1088M reserved
[167.038s][info][gc,ref      ] GC(5) Soft: 3934 encountered, 0 discovered, 0 enqueued
[167.038s][info][gc,ref      ] GC(5) Weak: 2814 encountered, 240 discovered, 80 enqueued
[167.038s][info][gc,ref      ] GC(5) Final: 40 encountered, 0 discovered, 0 enqueued
[167.038s][info][gc,ref      ] GC(5) Phantom: 652 encountered, 500 discovered, 55 enqueued
[167.038s][info][gc,reloc    ] GC(5) Small Pages: 45 / 90M, Empty: 12M, Relocated: 6M, In-Place: 0
[167.038s][info][gc,reloc    ] GC(5) Medium Pages: 1 / 16M, Empty: 0M, Relocated: 0M, In-Place: 0
[167.038s][info][gc,reloc    ] GC(5) Large Pages: 1 / 4M, Empty: 0M, Relocated: 0M, In-Place: 0
[167.038s][info][gc,reloc    ] GC(5) Forwarding Usage: 2M
[167.038s][info][gc,heap     ] GC(5) Min Capacity: 8M(2%)
[167.038s][info][gc,heap     ] GC(5) Max Capacity: 512M(100%)
[167.038s][info][gc,heap     ] GC(5) Soft Max Capacity: 512M(100%)
[167.038s][info][gc,heap     ] GC(5)                Mark Start          Mark End        Relocate Start      Relocate End           High               Low         
[167.038s][info][gc,heap     ] GC(5)  Capacity:      512M (100%)        512M (100%)        512M (100%)        512M (100%)        512M (100%)        512M (100%)   
[167.038s][info][gc,heap     ] GC(5)      Free:      402M (79%)         400M (78%)         410M (80%)         458M (89%)         458M (89%)         400M (78%)    
[167.038s][info][gc,heap     ] GC(5)      Used:      110M (21%)         112M (22%)         102M (20%)          54M (11%)         112M (22%)          54M (11%)    
[167.038s][info][gc,heap     ] GC(5)      Live:         -                29M (6%)           29M (6%)           29M (6%)             -                  -          
[167.038s][info][gc,heap     ] GC(5) Allocated:         -                 2M (0%)            4M (1%)            3M (1%)             -                  -          
[167.038s][info][gc,heap     ] GC(5)   Garbage:         -                80M (16%)          68M (13%)          20M (4%)             -                  -          
[167.038s][info][gc,heap     ] GC(5) Reclaimed:         -                  -                12M (2%)           59M (12%)            -                  -          
[167.038s][info][gc          ] GC(5) Garbage Collection (Proactive) 110M(21%)->54M(11%)
[168.626s][info][gc,start    ] GC(6) Garbage Collection (Metadata GC Threshold)
[168.626s][info][gc,task     ] GC(6) Using 5 workers
[168.626s][info][gc,phases   ] GC(6) Pause Mark Start 0.013ms
[168.664s][info][gc,phases   ] GC(6) Concurrent Mark 37.833ms
[168.664s][info][gc,phases   ] GC(6) Pause Mark End 0.014ms
[168.664s][info][gc,phases   ] GC(6) Concurrent Mark Free 0.001ms
[168.667s][info][gc,phases   ] GC(6) Concurrent Process Non-Strong References 2.986ms
[168.667s][info][gc,phases   ] GC(6) Concurrent Reset Relocation Set 0.004ms
[168.674s][info][gc,phases   ] GC(6) Concurrent Select Relocation Set 7.087ms
[168.675s][info][gc,phases   ] GC(6) Pause Relocate Start 0.007ms
[168.680s][info][gc,phases   ] GC(6) Concurrent Relocate 5.523ms
[168.680s][info][gc,load     ] GC(6) Load: 0.00/0.00/0.00
[168.680s][info][gc,mmu      ] GC(6) MMU: 2ms/97.9%, 5ms/99.2%, 10ms/99.6%, 20ms/99.7%, 50ms/99.9%, 100ms/99.9%
[168.680s][info][gc,marking  ] GC(6) Mark: 4 stripe(s), 2 proactive flush(es), 1 terminate flush(es), 0 completion(s), 0 continuation(s) 
[168.680s][info][gc,marking  ] GC(6) Mark Stack Usage: 32M
[168.680s][info][gc,nmethod  ] GC(6) NMethods: 3164 registered, 162 unregistered
[168.680s][info][gc,metaspace] GC(6) Metaspace: 73M used, 73M committed, 1152M reserved
[168.680s][info][gc,ref      ] GC(6) Soft: 4373 encountered, 0 discovered, 0 enqueued
[168.680s][info][gc,ref      ] GC(6) Weak: 5911 encountered, 2108 discovered, 1121 enqueued
[168.680s][info][gc,ref      ] GC(6) Final: 40 encountered, 17 discovered, 0 enqueued
[168.681s][info][gc,ref      ] GC(6) Phantom: 1038 encountered, 732 discovered, 437 enqueued
[168.681s][info][gc,reloc    ] GC(6) Small Pages: 72 / 144M, Empty: 0M, Relocated: 12M, In-Place: 0
[168.681s][info][gc,reloc    ] GC(6) Medium Pages: 2 / 32M, Empty: 0M, Relocated: 3M, In-Place: 0
[168.681s][info][gc,reloc    ] GC(6) Large Pages: 1 / 4M, Empty: 0M, Relocated: 0M, In-Place: 0
[168.681s][info][gc,reloc    ] GC(6) Forwarding Usage: 3M
[168.681s][info][gc,heap     ] GC(6) Min Capacity: 8M(2%)
[168.681s][info][gc,heap     ] GC(6) Max Capacity: 512M(100%)
[168.681s][info][gc,heap     ] GC(6) Soft Max Capacity: 512M(100%)
[168.681s][info][gc,heap     ] GC(6)                Mark Start          Mark End        Relocate Start      Relocate End           High               Low         
[168.681s][info][gc,heap     ] GC(6)  Capacity:      512M (100%)        512M (100%)        512M (100%)        512M (100%)        512M (100%)        512M (100%)   
[168.681s][info][gc,heap     ] GC(6)      Free:      332M (65%)         328M (64%)         328M (64%)         432M (84%)         432M (84%)         300M (59%)    
[168.681s][info][gc,heap     ] GC(6)      Used:      180M (35%)         184M (36%)         184M (36%)          80M (16%)         212M (41%)          80M (16%)    
[168.681s][info][gc,heap     ] GC(6)      Live:         -                38M (7%)           38M (7%)           38M (7%)             -                  -          
[168.681s][info][gc,heap     ] GC(6) Allocated:         -                 4M (1%)            4M (1%)           19M (4%)             -                  -          
[168.681s][info][gc,heap     ] GC(6)   Garbage:         -               141M (28%)         141M (28%)          22M (4%)             -                  -          
[168.681s][info][gc,heap     ] GC(6) Reclaimed:         -                  -                 0M (0%)          119M (23%)            -                  -          
[168.681s][info][gc          ] GC(6) Garbage Collection (Metadata GC Threshold) 180M(35%)->80M(16%)
[169.436s][info][gc,start    ] GC(7) Garbage Collection (System.gc())
[169.436s][info][gc,task     ] GC(7) Using 5 workers
[169.436s][info][gc,phases   ] GC(7) Pause Mark Start 0.014ms
[169.483s][info][gc,phases   ] GC(7) Concurrent Mark 47.111ms
[169.483s][info][gc,phases   ] GC(7) Pause Mark End 0.016ms
[169.483s][info][gc,phases   ] GC(7) Concurrent Mark Free 0.001ms
[169.487s][info][gc,phases   ] GC(7) Concurrent Process Non-Strong References 3.943ms
[169.487s][info][gc,phases   ] GC(7) Concurrent Reset Relocation Set 0.009ms
[169.491s][info][gc,phases   ] GC(7) Concurrent Select Relocation Set 3.839ms
[169.491s][info][gc,phases   ] GC(7) Pause Relocate Start 0.007ms
[169.494s][info][gc,phases   ] GC(7) Concurrent Relocate 2.440ms
[169.494s][info][gc,load     ] GC(7) Load: 0.00/0.00/0.00
[169.494s][info][gc,mmu      ] GC(7) MMU: 2ms/97.9%, 5ms/99.2%, 10ms/99.6%, 20ms/99.7%, 50ms/99.9%, 100ms/99.9%
[169.494s][info][gc,marking  ] GC(7) Mark: 4 stripe(s), 2 proactive flush(es), 1 terminate flush(es), 0 completion(s), 0 continuation(s) 
[169.494s][info][gc,marking  ] GC(7) Mark Stack Usage: 32M
[169.494s][info][gc,nmethod  ] GC(7) NMethods: 3555 registered, 519 unregistered
[169.494s][info][gc,metaspace] GC(7) Metaspace: 82M used, 82M committed, 1152M reserved
[169.494s][info][gc,ref      ] GC(7) Soft: 4450 encountered, 0 discovered, 0 enqueued
[169.494s][info][gc,ref      ] GC(7) Weak: 11124 encountered, 4402 discovered, 2412 enqueued
[169.494s][info][gc,ref      ] GC(7) Final: 40 encountered, 0 discovered, 0 enqueued
[169.494s][info][gc,ref      ] GC(7) Phantom: 941 encountered, 829 discovered, 340 enqueued
[169.494s][info][gc,reloc    ] GC(7) Small Pages: 46 / 92M, Empty: 0M, Relocated: 6M, In-Place: 0
[169.494s][info][gc,reloc    ] GC(7) Medium Pages: 2 / 32M, Empty: 16M, Relocated: 0M, In-Place: 0
[169.494s][info][gc,reloc    ] GC(7) Large Pages: 1 / 4M, Empty: 0M, Relocated: 0M, In-Place: 0
[169.494s][info][gc,reloc    ] GC(7) Forwarding Usage: 2M
[169.494s][info][gc,heap     ] GC(7) Min Capacity: 8M(2%)
[169.494s][info][gc,heap     ] GC(7) Max Capacity: 512M(100%)
[169.494s][info][gc,heap     ] GC(7) Soft Max Capacity: 512M(100%)
[169.494s][info][gc,heap     ] GC(7)                Mark Start          Mark End        Relocate Start      Relocate End           High               Low         
[169.494s][info][gc,heap     ] GC(7)  Capacity:      512M (100%)        512M (100%)        512M (100%)        512M (100%)        512M (100%)        512M (100%)   
[169.494s][info][gc,heap     ] GC(7)      Free:      384M (75%)         384M (75%)         398M (78%)         448M (88%)         448M (88%)         382M (75%)    
[169.494s][info][gc,heap     ] GC(7)      Used:      128M (25%)         128M (25%)         114M (22%)          64M (13%)         130M (25%)          64M (13%)    
[169.494s][info][gc,heap     ] GC(7)      Live:         -                42M (8%)           42M (8%)           42M (8%)             -                  -          
[169.494s][info][gc,heap     ] GC(7) Allocated:         -                 0M (0%)            2M (0%)            2M (0%)             -                  -          
[169.494s][info][gc,heap     ] GC(7)   Garbage:         -                85M (17%)          69M (14%)          19M (4%)             -                  -          
[169.495s][info][gc,heap     ] GC(7) Reclaimed:         -                  -                16M (3%)           66M (13%)            -                  -          
[169.495s][info][gc          ] GC(7) Garbage Collection (System.gc()) 128M(25%)->64M(13%)
[170.099s][info][gc,stats    ] === Garbage Collection Statistics =======================================================================================================================
[170.099s][info][gc,stats    ]                                                              Last 10s              Last 10m              Last 10h                Total
[170.099s][info][gc,stats    ]                                                              Avg / Max             Avg / Max             Avg / Max             Avg / Max
[170.100s][info][gc,stats    ]   Collector: Garbage Collection Cycle                     54.519 / 58.287       50.131 / 67.056       50.131 / 67.056       50.131 / 67.056      ms
[170.100s][info][gc,stats    ]  Contention: Mark Segment Reset Contention                     0 / 1                 0 / 2                 0 / 2                 0 / 2           ops/s
[170.100s][info][gc,stats    ]  Contention: Mark SeqNum Reset Contention                      0 / 0                 0 / 0                 0 / 0                 0 / 0           ops/s
[170.100s][info][gc,stats    ]    Critical: Allocation Stall                                  0 / 0                 0 / 0                 0 / 0                 0 / 0           ops/s
[170.100s][info][gc,stats    ]    Critical: Allocation Stall                              0.000 / 0.000         0.000 / 0.000         0.000 / 0.000         0.000 / 0.000       ms
[170.100s][info][gc,stats    ]    Critical: GC Locker Stall                                   0 / 0                 0 / 0                 0 / 0                 0 / 0           ops/s
[170.100s][info][gc,stats    ]    Critical: GC Locker Stall                               0.000 / 0.000         0.000 / 0.000         0.000 / 0.000         0.000 / 0.000       ms
[170.100s][info][gc,stats    ]    Critical: Relocation Stall                                  0 / 0                 0 / 0                 0 / 0                 0 / 0           ops/s
[170.100s][info][gc,stats    ]    Critical: Relocation Stall                              0.000 / 0.000         0.000 / 0.000         0.000 / 0.000         0.000 / 0.000       ms
[170.100s][info][gc,stats    ]      Memory: Allocation Rate                                  28 / 88                4 / 88                4 / 88                4 / 88          MB/s
[170.100s][info][gc,stats    ]      Memory: Defragment                                        0 / 0                 0 / 0                 0 / 0                 0 / 0           ops/s
[170.100s][info][gc,stats    ]      Memory: Out Of Memory                                     0 / 0                 0 / 0                 0 / 0                 0 / 0           ops/s
[170.100s][info][gc,stats    ]      Memory: Page Cache Flush                                  0 / 0                 0 / 0                 0 / 0                 0 / 0           MB/s
[170.100s][info][gc,stats    ]      Memory: Page Cache Hit L1                                13 / 43                1 / 43                1 / 43                1 / 43          ops/s
[170.100s][info][gc,stats    ]      Memory: Page Cache Hit L2                                 0 / 0                 0 / 0                 0 / 0                 0 / 0           ops/s
[170.100s][info][gc,stats    ]      Memory: Page Cache Hit L3                                 0 / 1                 0 / 16                0 / 16                0 / 16          ops/s
[170.100s][info][gc,stats    ]      Memory: Page Cache Miss                                   0 / 0                 0 / 1                 0 / 1                 0 / 1           ops/s
[170.100s][info][gc,stats    ]      Memory: Uncommit                                          0 / 0                 0 / 0                 0 / 0                 0 / 0           MB/s
[170.100s][info][gc,stats    ]      Memory: Undo Object Allocation Failed                     0 / 0                 0 / 2                 0 / 2                 0 / 2           ops/s
[170.100s][info][gc,stats    ]      Memory: Undo Object Allocation Succeeded                  0 / 1                 0 / 1                 0 / 1                 0 / 1           ops/s
[170.100s][info][gc,stats    ]      Memory: Undo Page Allocation                              0 / 1                 0 / 1                 0 / 1                 0 / 1           ops/s
[170.100s][info][gc,stats    ]       Phase: Concurrent Mark                              38.570 / 47.111       33.258 / 47.111       33.258 / 47.111       33.258 / 47.111      ms
[170.100s][info][gc,stats    ]       Phase: Concurrent Mark Continue                      0.000 / 0.000         0.000 / 0.000         0.000 / 0.000         0.000 / 0.000       ms
[170.100s][info][gc,stats    ]       Phase: Concurrent Mark Free                          0.001 / 0.002         0.001 / 0.002         0.001 / 0.002         0.001 / 0.002       ms
[170.100s][info][gc,stats    ]       Phase: Concurrent Process Non-Strong References      5.269 / 8.878         5.080 / 15.798        5.080 / 15.798        5.080 / 15.798      ms
[170.100s][info][gc,stats    ]       Phase: Concurrent Relocate                           4.100 / 5.523         4.547 / 7.776         4.547 / 7.776         4.547 / 7.776       ms
[170.100s][info][gc,stats    ]       Phase: Concurrent Reset Relocation Set               0.005 / 0.009         0.004 / 0.009         0.004 / 0.009         0.004 / 0.009       ms
[170.100s][info][gc,stats    ]       Phase: Concurrent Select Relocation Set              5.501 / 7.087         6.131 / 14.363        6.131 / 14.363        6.131 / 14.363      ms
[170.100s][info][gc,stats    ]       Phase: Pause Mark End                                0.024 / 0.042         0.019 / 0.042         0.019 / 0.042         0.019 / 0.042       ms
[170.101s][info][gc,stats    ]       Phase: Pause Mark Start                              0.014 / 0.015         0.015 / 0.019         0.015 / 0.019         0.015 / 0.019       ms
[170.101s][info][gc,stats    ]       Phase: Pause Relocate Start                          0.008 / 0.009         0.008 / 0.011         0.008 / 0.011         0.008 / 0.011       ms
[170.101s][info][gc,stats    ]    Subphase: Concurrent Classes Purge                      2.747 / 5.968         1.341 / 5.968         1.341 / 5.968         1.341 / 5.968       ms
[170.101s][info][gc,stats    ]    Subphase: Concurrent Classes Unlink                     1.521 / 1.611         1.326 / 1.618         1.326 / 1.618         1.326 / 1.618       ms
[170.101s][info][gc,stats    ]    Subphase: Concurrent Mark                              29.708 / 39.672       25.578 / 39.672       25.578 / 39.672       25.578 / 39.672      ms
[170.101s][info][gc,stats    ]    Subphase: Concurrent Mark Try Flush                     0.096 / 0.156         0.098 / 0.401         0.098 / 0.401         0.098 / 0.401       ms
[170.101s][info][gc,stats    ]    Subphase: Concurrent Mark Try Terminate                 6.321 / 12.384        6.478 / 14.854        6.478 / 14.854        6.478 / 14.854      ms
[170.101s][info][gc,stats    ]    Subphase: Concurrent References Enqueue                 0.003 / 0.004         0.003 / 0.005         0.003 / 0.005         0.003 / 0.005       ms
[170.101s][info][gc,stats    ]    Subphase: Concurrent References Process                 0.186 / 0.259         0.122 / 0.259         0.122 / 0.259         0.122 / 0.259       ms
[170.101s][info][gc,stats    ]    Subphase: Concurrent Roots ClassLoaderDataGraph         0.120 / 0.629         0.132 / 0.653         0.132 / 0.653         0.132 / 0.653       ms
[170.101s][info][gc,stats    ]    Subphase: Concurrent Roots CodeCache                    0.000 / 0.000         0.000 / 0.000         0.000 / 0.000         0.000 / 0.000       ms
[170.101s][info][gc,stats    ]    Subphase: Concurrent Roots JavaThreads                  6.535 / 8.020         5.429 / 8.020         5.429 / 8.020         5.429 / 8.020       ms
[170.101s][info][gc,stats    ]    Subphase: Concurrent Roots OopStorageSet                0.036 / 0.072         0.037 / 0.126         0.037 / 0.126         0.037 / 0.126       ms
[170.101s][info][gc,stats    ]    Subphase: Concurrent Weak Roots OopStorageSet           0.426 / 0.526         0.369 / 0.526         0.369 / 0.526         0.369 / 0.526       ms
[170.101s][info][gc,stats    ]    Subphase: Pause Mark Try Complete                       0.002 / 0.005         0.002 / 0.005         0.002 / 0.005         0.002 / 0.005       ms
[170.101s][info][gc,stats    ]      System: Java Threads                                    105 / 108              81 / 108              81 / 108              81 / 108         threads
[170.101s][info][gc,stats    ] =========================================================================================================================================================
[171.688s][info][gc,start    ] GC(8) Garbage Collection (Allocation Rate)
[171.688s][info][gc,task     ] GC(8) Using 5 workers
[171.689s][info][gc,phases   ] GC(8) Pause Mark Start 0.009ms
[171.762s][info][gc,phases   ] GC(8) Concurrent Mark 72.904ms
[171.763s][info][gc,phases   ] GC(8) Pause Mark End 0.042ms
[171.763s][info][gc,phases   ] GC(8) Concurrent Mark Free 0.001ms
[171.864s][info][gc,phases   ] GC(8) Concurrent Process Non-Strong References 101.509ms
[171.864s][info][gc,phases   ] GC(8) Concurrent Reset Relocation Set 0.009ms
[171.870s][info][gc,phases   ] GC(8) Concurrent Select Relocation Set 6.126ms
[171.885s][info][gc,phases   ] GC(8) Pause Relocate Start 0.008ms
[171.900s][info][gc,phases   ] GC(8) Concurrent Relocate 14.267ms
[171.900s][info][gc,load     ] GC(8) Load: 0.00/0.00/0.00
[171.900s][info][gc,mmu      ] GC(8) MMU: 2ms/97.9%, 5ms/99.2%, 10ms/99.6%, 20ms/99.7%, 50ms/99.9%, 100ms/99.9%
[171.900s][info][gc,marking  ] GC(8) Mark: 4 stripe(s), 2 proactive flush(es), 1 terminate flush(es), 1 completion(s), 0 continuation(s) 
[171.900s][info][gc,marking  ] GC(8) Mark Stack Usage: 32M
[171.900s][info][gc,nmethod  ] GC(8) NMethods: 5814 registered, 765 unregistered
[171.900s][info][gc,metaspace] GC(8) Metaspace: 103M used, 116M committed, 1152M reserved
[171.900s][info][gc,ref      ] GC(8) Soft: 5659 encountered, 0 discovered, 0 enqueued
[171.900s][info][gc,ref      ] GC(8) Weak: 16103 encountered, 9226 discovered, 3321 enqueued
[171.900s][info][gc,ref      ] GC(8) Final: 40 encountered, 1 discovered, 0 enqueued
[171.900s][info][gc,ref      ] GC(8) Phantom: 3402 encountered, 3200 discovered, 2793 enqueued
[171.900s][info][gc,reloc    ] GC(8) Small Pages: 182 / 364M, Empty: 2M, Relocated: 17M, In-Place: 0
[171.900s][info][gc,reloc    ] GC(8) Medium Pages: 2 / 32M, Empty: 16M, Relocated: 0M, In-Place: 0
[171.900s][info][gc,reloc    ] GC(8) Large Pages: 3 / 16M, Empty: 12M, Relocated: 0M, In-Place: 0
[171.900s][info][gc,reloc    ] GC(8) Forwarding Usage: 4M
[171.900s][info][gc,heap     ] GC(8) Min Capacity: 8M(2%)
[171.900s][info][gc,heap     ] GC(8) Max Capacity: 512M(100%)
[171.900s][info][gc,heap     ] GC(8) Soft Max Capacity: 512M(100%)
[171.900s][info][gc,heap     ] GC(8)                Mark Start          Mark End        Relocate Start      Relocate End           High               Low         
[171.900s][info][gc,heap     ] GC(8)  Capacity:      512M (100%)        512M (100%)        512M (100%)        512M (100%)        512M (100%)        512M (100%)   
[171.900s][info][gc,heap     ] GC(8)      Free:      100M (20%)          86M (17%)          96M (19%)         394M (77%)         394M (77%)          72M (14%)    
[171.900s][info][gc,heap     ] GC(8)      Used:      412M (80%)         426M (83%)         416M (81%)         118M (23%)         440M (86%)         118M (23%)    
[171.900s][info][gc,heap     ] GC(8)      Live:         -                57M (11%)          57M (11%)          57M (11%)            -                  -          
[171.900s][info][gc,heap     ] GC(8) Allocated:         -                14M (3%)           34M (7%)           35M (7%)             -                  -          
[171.900s][info][gc,heap     ] GC(8)   Garbage:         -               354M (69%)         324M (63%)          24M (5%)             -                  -          
[171.900s][info][gc,heap     ] GC(8) Reclaimed:         -                  -                30M (6%)          329M (64%)            -                  -          
[171.900s][info][gc          ] GC(8) Garbage Collection (Allocation Rate) 412M(80%)->118M(23%)
[172.292s][info][gc,start    ] GC(9) Garbage Collection (Allocation Rate)
[172.293s][info][gc,task     ] GC(9) Using 3 workers
[172.293s][info][gc,phases   ] GC(9) Pause Mark Start 0.016ms
[172.386s][info][gc,phases   ] GC(9) Concurrent Mark 93.212ms
[172.386s][info][gc,phases   ] GC(9) Pause Mark End 0.014ms
[172.386s][info][gc,phases   ] GC(9) Concurrent Mark Free 0.001ms
[172.393s][info][gc,phases   ] GC(9) Concurrent Process Non-Strong References 6.849ms
[172.393s][info][gc,phases   ] GC(9) Concurrent Reset Relocation Set 0.027ms
[172.397s][info][gc,phases   ] GC(9) Concurrent Select Relocation Set 3.920ms
[172.397s][info][gc,phases   ] GC(9) Pause Relocate Start 0.007ms
[172.406s][info][gc,phases   ] GC(9) Concurrent Relocate 8.062ms
[172.406s][info][gc,load     ] GC(9) Load: 0.00/0.00/0.00
[172.406s][info][gc,mmu      ] GC(9) MMU: 2ms/97.9%, 5ms/99.2%, 10ms/99.6%, 20ms/99.7%, 50ms/99.9%, 100ms/99.9%
[172.406s][info][gc,marking  ] GC(9) Mark: 2 stripe(s), 1 proactive flush(es), 1 terminate flush(es), 0 completion(s), 0 continuation(s) 
[172.406s][info][gc,marking  ] GC(9) Mark Stack Usage: 32M
[172.406s][info][gc,nmethod  ] GC(9) NMethods: 6046 registered, 882 unregistered
[172.406s][info][gc,metaspace] GC(9) Metaspace: 106M used, 116M committed, 1152M reserved
[172.406s][info][gc,ref      ] GC(9) Soft: 5731 encountered, 0 discovered, 0 enqueued
[172.406s][info][gc,ref      ] GC(9) Weak: 14481 encountered, 4243 discovered, 1431 enqueued
[172.406s][info][gc,ref      ] GC(9) Final: 40 encountered, 0 discovered, 0 enqueued
[172.406s][info][gc,ref      ] GC(9) Phantom: 2013 encountered, 1869 discovered, 1405 enqueued
[172.406s][info][gc,reloc    ] GC(9) Small Pages: 74 / 148M, Empty: 0M, Relocated: 12M, In-Place: 0
[172.406s][info][gc,reloc    ] GC(9) Medium Pages: 2 / 32M, Empty: 16M, Relocated: 0M, In-Place: 0
[172.406s][info][gc,reloc    ] GC(9) Large Pages: 1 / 4M, Empty: 0M, Relocated: 0M, In-Place: 0
[172.406s][info][gc,reloc    ] GC(9) Forwarding Usage: 3M
[172.406s][info][gc,heap     ] GC(9) Min Capacity: 8M(2%)
[172.406s][info][gc,heap     ] GC(9) Max Capacity: 512M(100%)
[172.406s][info][gc,heap     ] GC(9) Soft Max Capacity: 512M(100%)
[172.406s][info][gc,heap     ] GC(9)                Mark Start          Mark End        Relocate Start      Relocate End           High               Low         
[172.406s][info][gc,heap     ] GC(9)  Capacity:      512M (100%)        512M (100%)        512M (100%)        512M (100%)        512M (100%)        512M (100%)   
[172.406s][info][gc,heap     ] GC(9)      Free:      328M (64%)         326M (64%)         342M (67%)         424M (83%)         424M (83%)         326M (64%)    
[172.406s][info][gc,heap     ] GC(9)      Used:      184M (36%)         186M (36%)         170M (33%)          88M (17%)         186M (36%)          88M (17%)    
[172.406s][info][gc,heap     ] GC(9)      Live:         -                65M (13%)          65M (13%)          65M (13%)            -                  -          
[172.406s][info][gc,heap     ] GC(9) Allocated:         -                 2M (0%)            2M (0%)            2M (0%)             -                  -          
[172.406s][info][gc,heap     ] GC(9)   Garbage:         -               118M (23%)         102M (20%)          20M (4%)             -                  -          
[172.406s][info][gc,heap     ] GC(9) Reclaimed:         -                  -                16M (3%)           98M (19%)            -                  -          
[172.406s][info][gc          ] GC(9) Garbage Collection (Allocation Rate) 184M(36%)->88M(17%)
[177.187s][info][gc,start    ] GC(10) Garbage Collection (Allocation Rate)
[177.188s][info][gc,task     ] GC(10) Using 3 workers
[177.188s][info][gc,phases   ] GC(10) Pause Mark Start 0.016ms
[177.281s][info][gc,phases   ] GC(10) Concurrent Mark 93.198ms
[177.281s][info][gc,phases   ] GC(10) Pause Mark End 0.021ms
[177.281s][info][gc,phases   ] GC(10) Concurrent Mark Free 0.001ms
[177.326s][info][gc,phases   ] GC(10) Concurrent Process Non-Strong References 44.916ms
[177.326s][info][gc,phases   ] GC(10) Concurrent Reset Relocation Set 0.009ms
[177.329s][info][gc,phases   ] GC(10) Concurrent Select Relocation Set 2.740ms
[177.329s][info][gc,phases   ] GC(10) Pause Relocate Start 0.010ms
[177.334s][info][gc,phases   ] GC(10) Concurrent Relocate 4.602ms
[177.334s][info][gc,load     ] GC(10) Load: 0.00/0.00/0.00
[177.334s][info][gc,mmu      ] GC(10) MMU: 2ms/97.9%, 5ms/99.2%, 10ms/99.6%, 20ms/99.7%, 50ms/99.9%, 100ms/99.9%
[177.334s][info][gc,marking  ] GC(10) Mark: 2 stripe(s), 3 proactive flush(es), 1 terminate flush(es), 0 completion(s), 0 continuation(s) 
[177.334s][info][gc,marking  ] GC(10) Mark Stack Usage: 32M
[177.334s][info][gc,nmethod  ] GC(10) NMethods: 3450 registered, 4244 unregistered
[177.334s][info][gc,metaspace] GC(10) Metaspace: 108M used, 116M committed, 1152M reserved
[177.334s][info][gc,ref      ] GC(10) Soft: 5743 encountered, 0 discovered, 0 enqueued
[177.334s][info][gc,ref      ] GC(10) Weak: 13458 encountered, 3435 discovered, 236 enqueued
[177.334s][info][gc,ref      ] GC(10) Final: 40 encountered, 0 discovered, 0 enqueued
[177.334s][info][gc,ref      ] GC(10) Phantom: 958 encountered, 833 discovered, 208 enqueued
[177.334s][info][gc,reloc    ] GC(10) Small Pages: 85 / 170M, Empty: 34M, Relocated: 6M, In-Place: 0
[177.334s][info][gc,reloc    ] GC(10) Medium Pages: 2 / 32M, Empty: 0M, Relocated: 4M, In-Place: 0
[177.334s][info][gc,reloc    ] GC(10) Large Pages: 1 / 4M, Empty: 0M, Relocated: 0M, In-Place: 0
[177.334s][info][gc,reloc    ] GC(10) Forwarding Usage: 0M
[177.334s][info][gc,heap     ] GC(10) Min Capacity: 8M(2%)
[177.334s][info][gc,heap     ] GC(10) Max Capacity: 512M(100%)
[177.334s][info][gc,heap     ] GC(10) Soft Max Capacity: 512M(100%)
[177.334s][info][gc,heap     ] GC(10)                Mark Start          Mark End        Relocate Start      Relocate End           High               Low         
[177.334s][info][gc,heap     ] GC(10)  Capacity:      512M (100%)        512M (100%)        512M (100%)        512M (100%)        512M (100%)        512M (100%)   
[177.334s][info][gc,heap     ] GC(10)      Free:      306M (60%)         254M (50%)         288M (56%)         368M (72%)         368M (72%)         254M (50%)    
[177.334s][info][gc,heap     ] GC(10)      Used:      206M (40%)         258M (50%)         224M (44%)         144M (28%)         258M (50%)         144M (28%)    
[177.334s][info][gc,heap     ] GC(10)      Live:         -                70M (14%)          70M (14%)          70M (14%)            -                  -          
[177.334s][info][gc,heap     ] GC(10) Allocated:         -                52M (10%)          52M (10%)          52M (10%)            -                  -          
[177.334s][info][gc,heap     ] GC(10)   Garbage:         -               135M (26%)         101M (20%)          21M (4%)             -                  -          
[177.334s][info][gc,heap     ] GC(10) Reclaimed:         -                  -                34M (7%)          114M (22%)            -                  -          
[177.334s][info][gc          ] GC(10) Garbage Collection (Allocation Rate) 206M(40%)->144M(28%)
[177.489s][info][gc,start    ] GC(11) Garbage Collection (Allocation Rate)
[177.489s][info][gc,task     ] GC(11) Using 3 workers
[177.490s][info][gc,phases   ] GC(11) Pause Mark Start 0.014ms
[177.567s][info][gc,phases   ] GC(11) Concurrent Mark 77.657ms
[177.568s][info][gc,phases   ] GC(11) Pause Mark End 0.013ms
[177.568s][info][gc,phases   ] GC(11) Concurrent Mark Free 0.001ms
[177.572s][info][gc,phases   ] GC(11) Concurrent Process Non-Strong References 4.529ms
[177.572s][info][gc,phases   ] GC(11) Concurrent Reset Relocation Set 0.006ms
[177.577s][info][gc,phases   ] GC(11) Concurrent Select Relocation Set 5.136ms
[177.578s][info][gc,phases   ] GC(11) Pause Relocate Start 0.006ms
[177.584s][info][gc,phases   ] GC(11) Concurrent Relocate 5.959ms
[177.584s][info][gc,load     ] GC(11) Load: 0.00/0.00/0.00
[177.584s][info][gc,mmu      ] GC(11) MMU: 2ms/97.9%, 5ms/99.2%, 10ms/99.6%, 20ms/99.7%, 50ms/99.9%, 100ms/99.9%
[177.584s][info][gc,marking  ] GC(11) Mark: 2 stripe(s), 2 proactive flush(es), 1 terminate flush(es), 0 completion(s), 0 continuation(s) 
[177.584s][info][gc,marking  ] GC(11) Mark Stack Usage: 32M
[177.584s][info][gc,nmethod  ] GC(11) NMethods: 3710 registered, 36 unregistered
[177.584s][info][gc,metaspace] GC(11) Metaspace: 108M used, 116M committed, 1152M reserved
[177.584s][info][gc,ref      ] GC(11) Soft: 5759 encountered, 0 discovered, 0 enqueued
[177.584s][info][gc,ref      ] GC(11) Weak: 13355 encountered, 2680 discovered, 54 enqueued
[177.584s][info][gc,ref      ] GC(11) Final: 40 encountered, 0 discovered, 0 enqueued
[177.584s][info][gc,ref      ] GC(11) Phantom: 769 encountered, 387 discovered, 19 enqueued
[177.584s][info][gc,reloc    ] GC(11) Small Pages: 85 / 170M, Empty: 26M, Relocated: 4M, In-Place: 0
[177.584s][info][gc,reloc    ] GC(11) Medium Pages: 2 / 32M, Empty: 0M, Relocated: 8M, In-Place: 0
[177.584s][info][gc,reloc    ] GC(11) Large Pages: 1 / 4M, Empty: 0M, Relocated: 0M, In-Place: 0
[177.584s][info][gc,reloc    ] GC(11) Forwarding Usage: 1M
[177.584s][info][gc,heap     ] GC(11) Min Capacity: 8M(2%)
[177.584s][info][gc,heap     ] GC(11) Max Capacity: 512M(100%)
[177.584s][info][gc,heap     ] GC(11) Soft Max Capacity: 512M(100%)
[177.584s][info][gc,heap     ] GC(11)                Mark Start          Mark End        Relocate Start      Relocate End           High               Low         
[177.584s][info][gc,heap     ] GC(11)  Capacity:      512M (100%)        512M (100%)        512M (100%)        512M (100%)        512M (100%)        512M (100%)   
[177.584s][info][gc,heap     ] GC(11)      Free:      306M (60%)         304M (59%)         330M (64%)         418M (82%)         418M (82%)         304M (59%)    
[177.584s][info][gc,heap     ] GC(11)      Used:      206M (40%)         208M (41%)         182M (36%)          94M (18%)         208M (41%)          94M (18%)    
[177.584s][info][gc,heap     ] GC(11)      Live:         -                74M (14%)          74M (14%)          74M (14%)            -                  -          
[177.584s][info][gc,heap     ] GC(11) Allocated:         -                 2M (0%)            2M (0%)            2M (0%)             -                  -          
[177.584s][info][gc,heap     ] GC(11)   Garbage:         -               131M (26%)         105M (21%)          17M (3%)             -                  -          
[177.584s][info][gc,heap     ] GC(11) Reclaimed:         -                  -                26M (5%)          114M (22%)            -                  -          
[177.584s][info][gc          ] GC(11) Garbage Collection (Allocation Rate) 206M(40%)->94M(18%)
[177.696s][info][gc,start    ] GC(12) Garbage Collection (Allocation Rate)
[177.696s][info][gc,task     ] GC(12) Using 3 workers
[177.696s][info][gc,phases   ] GC(12) Pause Mark Start 0.016ms
[177.789s][info][gc,phases   ] GC(12) Concurrent Mark 93.351ms
[177.789s][info][gc,phases   ] GC(12) Pause Mark End 0.022ms
[177.790s][info][gc,phases   ] GC(12) Concurrent Mark Free 0.001ms
[177.795s][info][gc,phases   ] GC(12) Concurrent Process Non-Strong References 5.154ms
[177.795s][info][gc,phases   ] GC(12) Concurrent Reset Relocation Set 0.005ms
[177.800s][info][gc,phases   ] GC(12) Concurrent Select Relocation Set 5.453ms
[177.800s][info][gc,phases   ] GC(12) Pause Relocate Start 0.007ms
[177.807s][info][gc,phases   ] GC(12) Concurrent Relocate 6.286ms
[177.807s][info][gc,load     ] GC(12) Load: 0.00/0.00/0.00
[177.807s][info][gc,mmu      ] GC(12) MMU: 2ms/97.9%, 5ms/99.2%, 10ms/99.6%, 20ms/99.7%, 50ms/99.9%, 100ms/99.9%
[177.807s][info][gc,marking  ] GC(12) Mark: 2 stripe(s), 3 proactive flush(es), 1 terminate flush(es), 0 completion(s), 0 continuation(s) 
[177.807s][info][gc,marking  ] GC(12) Mark Stack Usage: 32M
[177.807s][info][gc,nmethod  ] GC(12) NMethods: 3738 registered, 47 unregistered
[177.807s][info][gc,metaspace] GC(12) Metaspace: 108M used, 116M committed, 1152M reserved
[177.807s][info][gc,ref      ] GC(12) Soft: 5759 encountered, 0 discovered, 0 enqueued
[177.807s][info][gc,ref      ] GC(12) Weak: 13316 encountered, 4008 discovered, 17 enqueued
[177.807s][info][gc,ref      ] GC(12) Final: 40 encountered, 0 discovered, 0 enqueued
[177.807s][info][gc,ref      ] GC(12) Phantom: 750 encountered, 408 discovered, 0 enqueued
[177.807s][info][gc,reloc    ] GC(12) Small Pages: 72 / 144M, Empty: 32M, Relocated: 5M, In-Place: 0
[177.807s][info][gc,reloc    ] GC(12) Medium Pages: 2 / 32M, Empty: 0M, Relocated: 9M, In-Place: 0
[177.807s][info][gc,reloc    ] GC(12) Large Pages: 1 / 4M, Empty: 0M, Relocated: 0M, In-Place: 0
[177.807s][info][gc,reloc    ] GC(12) Forwarding Usage: 1M
[177.807s][info][gc,heap     ] GC(12) Min Capacity: 8M(2%)
[177.807s][info][gc,heap     ] GC(12) Max Capacity: 512M(100%)
[177.807s][info][gc,heap     ] GC(12) Soft Max Capacity: 512M(100%)
[177.807s][info][gc,heap     ] GC(12)                Mark Start          Mark End        Relocate Start      Relocate End           High               Low         
[177.807s][info][gc,heap     ] GC(12)  Capacity:      512M (100%)        512M (100%)        512M (100%)        512M (100%)        512M (100%)        512M (100%)   
[177.807s][info][gc,heap     ] GC(12)      Free:      332M (65%)         330M (64%)         362M (71%)         418M (82%)         418M (82%)         330M (64%)    
[177.807s][info][gc,heap     ] GC(12)      Used:      180M (35%)         182M (36%)         150M (29%)          94M (18%)         182M (36%)          94M (18%)    
[177.807s][info][gc,heap     ] GC(12)      Live:         -                75M (15%)          75M (15%)          75M (15%)            -                  -          
[177.807s][info][gc,heap     ] GC(12) Allocated:         -                 2M (0%)            2M (0%)            2M (0%)             -                  -          
[177.807s][info][gc,heap     ] GC(12)   Garbage:         -               104M (20%)          72M (14%)          16M (3%)             -                  -          
[177.807s][info][gc,heap     ] GC(12) Reclaimed:         -                  -                32M (6%)           88M (17%)            -                  -          
[177.808s][info][gc          ] GC(12) Garbage Collection (Allocation Rate) 180M(35%)->94M(18%)
[178.095s][info][gc,start    ] GC(13) Garbage Collection (Allocation Rate)
[178.095s][info][gc,task     ] GC(13) Using 3 workers
[178.096s][info][gc,phases   ] GC(13) Pause Mark Start 0.017ms
[178.173s][info][gc,phases   ] GC(13) Concurrent Mark 77.489ms
[178.173s][info][gc,phases   ] GC(13) Pause Mark End 0.022ms
[178.174s][info][gc,phases   ] GC(13) Concurrent Mark Free 0.001ms
[178.192s][info][gc,phases   ] GC(13) Concurrent Process Non-Strong References 18.186ms
[178.192s][info][gc,phases   ] GC(13) Concurrent Reset Relocation Set 0.003ms
[178.195s][info][gc,phases   ] GC(13) Concurrent Select Relocation Set 2.874ms
[178.195s][info][gc,phases   ] GC(13) Pause Relocate Start 0.008ms
[178.203s][info][gc,phases   ] GC(13) Concurrent Relocate 8.127ms
[178.203s][info][gc,load     ] GC(13) Load: 0.00/0.00/0.00
[178.203s][info][gc,mmu      ] GC(13) MMU: 2ms/97.9%, 5ms/99.2%, 10ms/99.6%, 20ms/99.7%, 50ms/99.9%, 100ms/99.9%
[178.203s][info][gc,marking  ] GC(13) Mark: 2 stripe(s), 2 proactive flush(es), 1 terminate flush(es), 0 completion(s), 0 continuation(s) 
[178.203s][info][gc,marking  ] GC(13) Mark Stack Usage: 32M
[178.203s][info][gc,nmethod  ] GC(13) NMethods: 1857 registered, 1974 unregistered
[178.203s][info][gc,metaspace] GC(13) Metaspace: 108M used, 116M committed, 1152M reserved
[178.203s][info][gc,ref      ] GC(13) Soft: 5759 encountered, 0 discovered, 0 enqueued
[178.203s][info][gc,ref      ] GC(13) Weak: 13309 encountered, 3438 discovered, 11 enqueued
[178.203s][info][gc,ref      ] GC(13) Final: 40 encountered, 0 discovered, 0 enqueued
[178.203s][info][gc,ref      ] GC(13) Phantom: 750 encountered, 390 discovered, 0 enqueued
[178.203s][info][gc,reloc    ] GC(13) Small Pages: 99 / 198M, Empty: 84M, Relocated: 4M, In-Place: 0
[178.203s][info][gc,reloc    ] GC(13) Medium Pages: 2 / 32M, Empty: 0M, Relocated: 11M, In-Place: 0
[178.203s][info][gc,reloc    ] GC(13) Large Pages: 1 / 4M, Empty: 0M, Relocated: 0M, In-Place: 0
[178.203s][info][gc,reloc    ] GC(13) Forwarding Usage: 1M
[178.203s][info][gc,heap     ] GC(13) Min Capacity: 8M(2%)
[178.203s][info][gc,heap     ] GC(13) Max Capacity: 512M(100%)
[178.203s][info][gc,heap     ] GC(13) Soft Max Capacity: 512M(100%)
[178.204s][info][gc,heap     ] GC(13)                Mark Start          Mark End        Relocate Start      Relocate End           High               Low         
[178.204s][info][gc,heap     ] GC(13)  Capacity:      512M (100%)        512M (100%)        512M (100%)        512M (100%)        512M (100%)        512M (100%)   
[178.204s][info][gc,heap     ] GC(13)      Free:      278M (54%)         218M (43%)         302M (59%)         360M (70%)         360M (70%)         216M (42%)    
[178.204s][info][gc,heap     ] GC(13)      Used:      234M (46%)         294M (57%)         210M (41%)         152M (30%)         296M (58%)         152M (30%)    
[178.204s][info][gc,heap     ] GC(13)      Live:         -                77M (15%)          77M (15%)          77M (15%)            -                  -          
[178.204s][info][gc,heap     ] GC(13) Allocated:         -                60M (12%)          60M (12%)          60M (12%)            -                  -          
[178.204s][info][gc,heap     ] GC(13)   Garbage:         -               156M (31%)          72M (14%)          14M (3%)             -                  -          
[178.204s][info][gc,heap     ] GC(13) Reclaimed:         -                  -                84M (16%)         142M (28%)            -                  -          
[178.204s][info][gc          ] GC(13) Garbage Collection (Allocation Rate) 234M(46%)->152M(30%)
[178.392s][info][gc,start    ] GC(14) Garbage Collection (Allocation Rate)
[178.392s][info][gc,task     ] GC(14) Using 3 workers
[178.392s][info][gc,phases   ] GC(14) Pause Mark Start 0.018ms
[178.486s][info][gc,phases   ] GC(14) Concurrent Mark 93.314ms
[178.486s][info][gc,phases   ] GC(14) Pause Mark End 0.022ms
[178.486s][info][gc,phases   ] GC(14) Concurrent Mark Free 0.001ms
[178.489s][info][gc,phases   ] GC(14) Concurrent Process Non-Strong References 2.995ms
[178.489s][info][gc,phases   ] GC(14) Concurrent Reset Relocation Set 0.004ms
[178.493s][info][gc,phases   ] GC(14) Concurrent Select Relocation Set 3.720ms
[178.493s][info][gc,phases   ] GC(14) Pause Relocate Start 0.008ms
[178.497s][info][gc,phases   ] GC(14) Concurrent Relocate 4.043ms
[178.497s][info][gc,load     ] GC(14) Load: 0.00/0.00/0.00
[178.497s][info][gc,mmu      ] GC(14) MMU: 2ms/97.9%, 5ms/99.2%, 10ms/99.6%, 20ms/99.7%, 50ms/99.9%, 100ms/99.9%
[178.497s][info][gc,marking  ] GC(14) Mark: 2 stripe(s), 1 proactive flush(es), 1 terminate flush(es), 0 completion(s), 0 continuation(s) 
[178.497s][info][gc,marking  ] GC(14) Mark Stack Usage: 32M
[178.497s][info][gc,nmethod  ] GC(14) NMethods: 1869 registered, 14 unregistered
[178.497s][info][gc,metaspace] GC(14) Metaspace: 108M used, 116M committed, 1152M reserved
[178.497s][info][gc,ref      ] GC(14) Soft: 5759 encountered, 0 discovered, 0 enqueued
[178.497s][info][gc,ref      ] GC(14) Weak: 13308 encountered, 4297 discovered, 14 enqueued
[178.497s][info][gc,ref      ] GC(14) Final: 40 encountered, 0 discovered, 0 enqueued
[178.497s][info][gc,ref      ] GC(14) Phantom: 750 encountered, 322 discovered, 0 enqueued
[178.497s][info][gc,reloc    ] GC(14) Small Pages: 108 / 216M, Empty: 52M, Relocated: 5M, In-Place: 0
[178.497s][info][gc,reloc    ] GC(14) Medium Pages: 2 / 32M, Empty: 0M, Relocated: 0M, In-Place: 0
[178.497s][info][gc,reloc    ] GC(14) Large Pages: 1 / 4M, Empty: 0M, Relocated: 0M, In-Place: 0
[178.497s][info][gc,reloc    ] GC(14) Forwarding Usage: 0M
[178.497s][info][gc,heap     ] GC(14) Min Capacity: 8M(2%)
[178.497s][info][gc,heap     ] GC(14) Max Capacity: 512M(100%)
[178.498s][info][gc,heap     ] GC(14) Soft Max Capacity: 512M(100%)
[178.498s][info][gc,heap     ] GC(14)                Mark Start          Mark End        Relocate Start      Relocate End           High               Low         
[178.498s][info][gc,heap     ] GC(14)  Capacity:      512M (100%)        512M (100%)        512M (100%)        512M (100%)        512M (100%)        512M (100%)   
[178.498s][info][gc,heap     ] GC(14)      Free:      260M (51%)         258M (50%)         310M (61%)         400M (78%)         400M (78%)         258M (50%)    
[178.498s][info][gc,heap     ] GC(14)      Used:      252M (49%)         254M (50%)         202M (39%)         112M (22%)         254M (50%)         112M (22%)    
[178.498s][info][gc,heap     ] GC(14)      Live:         -                84M (17%)          84M (17%)          84M (17%)            -                  -          
[178.498s][info][gc,heap     ] GC(14) Allocated:         -                 2M (0%)            2M (0%)            2M (0%)             -                  -          
[178.498s][info][gc,heap     ] GC(14)   Garbage:         -               167M (33%)         115M (23%)          25M (5%)             -                  -          
[178.498s][info][gc,heap     ] GC(14) Reclaimed:         -                  -                52M (10%)         142M (28%)            -                  -          
[178.498s][info][gc          ] GC(14) Garbage Collection (Allocation Rate) 252M(49%)->112M(22%)
[178.594s][info][gc,start    ] GC(15) Garbage Collection (Allocation Rate)
[178.594s][info][gc,task     ] GC(15) Using 5 workers
[178.594s][info][gc,phases   ] GC(15) Pause Mark Start 0.010ms
[178.674s][info][gc,phases   ] GC(15) Concurrent Mark 79.487ms
[178.674s][info][gc,phases   ] GC(15) Pause Mark End 0.017ms
[178.674s][info][gc,phases   ] GC(15) Concurrent Mark Free 0.001ms
[178.676s][info][gc,phases   ] GC(15) Concurrent Process Non-Strong References 1.822ms
[178.676s][info][gc,phases   ] GC(15) Concurrent Reset Relocation Set 0.006ms
[178.678s][info][gc          ] Allocation Stall (Executor task launch worker for task 26.0 in stage 0.0 (TID 26)) 40.486ms
[178.678s][info][gc          ] Allocation Stall (Executor task launch worker for task 14.0 in stage 0.0 (TID 14)) 40.086ms
[178.678s][info][gc          ] Allocation Stall (Executor task launch worker for task 32.0 in stage 0.0 (TID 32)) 40.395ms
[178.678s][info][gc          ] Allocation Stall (Executor task launch worker for task 5.0 in stage 0.0 (TID 5)) 40.407ms
[178.678s][info][gc          ] Allocation Stall (Executor task launch worker for task 45.0 in stage 0.0 (TID 45)) 40.356ms
[178.678s][info][gc          ] Allocation Stall (Executor task launch worker for task 44.0 in stage 0.0 (TID 44)) 40.206ms
[178.678s][info][gc          ] Allocation Stall (C2 CompilerThread5) 36.164ms
[178.678s][info][gc          ] Allocation Stall (Executor task launch worker for task 1.0 in stage 0.0 (TID 1)) 40.030ms
[178.679s][info][gc          ] Allocation Stall (Executor task launch worker for task 25.0 in stage 0.0 (TID 25)) 40.771ms
[178.678s][info][gc          ] Allocation Stall (Executor task launch worker for task 18.0 in stage 0.0 (TID 18)) 40.190ms
[178.679s][info][gc          ] Allocation Stall (Executor task launch worker for task 15.0 in stage 0.0 (TID 15)) 40.412ms
[178.679s][info][gc          ] Allocation Stall (Executor task launch worker for task 39.0 in stage 0.0 (TID 39)) 40.432ms
[178.679s][info][gc          ] Allocation Stall (Executor task launch worker for task 6.0 in stage 0.0 (TID 6)) 40.159ms
[178.679s][info][gc          ] Allocation Stall (Executor task launch worker for task 29.0 in stage 0.0 (TID 29)) 41.052ms
[178.679s][info][gc          ] Allocation Stall (Executor task launch worker for task 42.0 in stage 0.0 (TID 42)) 40.163ms
[178.679s][info][gc          ] Allocation Stall (Executor task launch worker for task 34.0 in stage 0.0 (TID 34)) 40.090ms
[178.679s][info][gc          ] Allocation Stall (Executor task launch worker for task 27.0 in stage 0.0 (TID 27)) 42.761ms
[178.679s][info][gc          ] Allocation Stall (Executor task launch worker for task 13.0 in stage 0.0 (TID 13)) 41.395ms
[178.679s][info][gc          ] Allocation Stall (Executor task launch worker for task 40.0 in stage 0.0 (TID 40)) 41.828ms
[178.679s][info][gc          ] Allocation Stall (Executor task launch worker for task 35.0 in stage 0.0 (TID 35)) 41.593ms
[178.679s][info][gc          ] Allocation Stall (Executor task launch worker for task 11.0 in stage 0.0 (TID 11)) 40.130ms
[178.679s][info][gc          ] Allocation Stall (Executor task launch worker for task 41.0 in stage 0.0 (TID 41)) 42.820ms
[178.679s][info][gc          ] Allocation Stall (Executor task launch worker for task 36.0 in stage 0.0 (TID 36)) 40.084ms
[178.679s][info][gc          ] Allocation Stall (Executor task launch worker for task 2.0 in stage 0.0 (TID 2)) 40.294ms
[178.679s][info][gc          ] Allocation Stall (Executor task launch worker for task 37.0 in stage 0.0 (TID 37)) 40.251ms
[178.679s][info][gc          ] Allocation Stall (Executor task launch worker for task 0.0 in stage 0.0 (TID 0)) 40.231ms
[178.679s][info][gc          ] Allocation Stall (Executor task launch worker for task 23.0 in stage 0.0 (TID 23)) 40.712ms
[178.679s][info][gc          ] Allocation Stall (Executor task launch worker for task 33.0 in stage 0.0 (TID 33)) 40.097ms
[178.679s][info][gc          ] Allocation Stall (Executor task launch worker for task 47.0 in stage 0.0 (TID 47)) 42.002ms
[178.679s][info][gc          ] Allocation Stall (C2 CompilerThread4) 36.502ms
[178.679s][info][gc          ] Allocation Stall (Executor task launch worker for task 9.0 in stage 0.0 (TID 9)) 41.438ms
[178.679s][info][gc          ] Allocation Stall (Executor task launch worker for task 46.0 in stage 0.0 (TID 46)) 41.516ms
[178.679s][info][gc          ] Allocation Stall (Executor task launch worker for task 8.0 in stage 0.0 (TID 8)) 42.123ms
[178.679s][info][gc          ] Allocation Stall (Executor task launch worker for task 22.0 in stage 0.0 (TID 22)) 42.334ms
[178.679s][info][gc          ] Allocation Stall (Executor task launch worker for task 31.0 in stage 0.0 (TID 31)) 40.564ms
[178.679s][info][gc          ] Allocation Stall (Executor task launch worker for task 4.0 in stage 0.0 (TID 4)) 40.279ms
[178.679s][info][gc          ] Allocation Stall (Executor task launch worker for task 7.0 in stage 0.0 (TID 7)) 40.938ms
[178.679s][info][gc          ] Allocation Stall (Executor task launch worker for task 12.0 in stage 0.0 (TID 12)) 41.767ms
[178.679s][info][gc          ] Allocation Stall (Executor task launch worker for task 30.0 in stage 0.0 (TID 30)) 40.557ms
[178.679s][info][gc          ] Allocation Stall (Executor task launch worker for task 3.0 in stage 0.0 (TID 3)) 41.187ms
[178.679s][info][gc          ] Allocation Stall (Executor task launch worker for task 19.0 in stage 0.0 (TID 19)) 41.177ms
[178.679s][info][gc          ] Allocation Stall (Executor task launch worker for task 20.0 in stage 0.0 (TID 20)) 40.737ms
[178.679s][info][gc          ] Allocation Stall (Executor task launch worker for task 16.0 in stage 0.0 (TID 16)) 43.037ms
[178.679s][info][gc          ] Allocation Stall (Executor task launch worker for task 17.0 in stage 0.0 (TID 17)) 41.138ms
[178.679s][info][gc          ] Allocation Stall (Executor task launch worker for task 24.0 in stage 0.0 (TID 24)) 40.291ms
[178.679s][info][gc          ] Allocation Stall (Executor task launch worker for task 43.0 in stage 0.0 (TID 43)) 42.480ms
[178.679s][info][gc          ] Allocation Stall (Executor task launch worker for task 10.0 in stage 0.0 (TID 10)) 42.512ms
[178.679s][info][gc          ] Allocation Stall (Executor task launch worker for task 21.0 in stage 0.0 (TID 21)) 42.213ms
[178.679s][info][gc          ] Allocation Stall (Executor task launch worker for task 28.0 in stage 0.0 (TID 28)) 42.089ms
[178.679s][info][gc          ] Allocation Stall (Executor task launch worker for task 38.0 in stage 0.0 (TID 38)) 41.282ms
[178.682s][info][gc,phases   ] GC(15) Concurrent Select Relocation Set 6.301ms
[178.683s][info][gc,phases   ] GC(15) Pause Relocate Start 0.007ms
[178.710s][info][gc          ] Allocation Stall (Executor task launch worker for task 17.0 in stage 0.0 (TID 17)) 0.393ms
[178.710s][info][gc          ] Allocation Stall (Executor task launch worker for task 12.0 in stage 0.0 (TID 12)) 0.931ms
[178.710s][info][gc,phases   ] GC(15) Concurrent Relocate 27.164ms
[178.710s][info][gc,load     ] GC(15) Load: 0.00/0.00/0.00
[178.710s][info][gc,mmu      ] GC(15) MMU: 2ms/97.9%, 5ms/99.2%, 10ms/99.6%, 20ms/99.7%, 50ms/99.9%, 100ms/99.9%
[178.711s][info][gc,marking  ] GC(15) Mark: 4 stripe(s), 2 proactive flush(es), 1 terminate flush(es), 0 completion(s), 0 continuation(s) 
[178.711s][info][gc,marking  ] GC(15) Mark Stack Usage: 32M
[178.711s][info][gc,nmethod  ] GC(15) NMethods: 1945 registered, 99 unregistered
[178.711s][info][gc,metaspace] GC(15) Metaspace: 108M used, 116M committed, 1152M reserved
[178.711s][info][gc,ref      ] GC(15) Soft: 5759 encountered, 0 discovered, 0 enqueued
[178.711s][info][gc,ref      ] GC(15) Weak: 13332 encountered, 2394 discovered, 64 enqueued
[178.711s][info][gc,ref      ] GC(15) Final: 40 encountered, 0 discovered, 0 enqueued
[178.711s][info][gc,ref      ] GC(15) Phantom: 750 encountered, 698 discovered, 0 enqueued
[178.711s][info][gc,reloc    ] GC(15) Small Pages: 172 / 344M, Empty: 124M, Relocated: 15M, In-Place: 0
[178.711s][info][gc,reloc    ] GC(15) Medium Pages: 3 / 48M, Empty: 0M, Relocated: 13M, In-Place: 0
[178.711s][info][gc,reloc    ] GC(15) Large Pages: 1 / 4M, Empty: 0M, Relocated: 0M, In-Place: 0
[178.711s][info][gc,reloc    ] GC(15) Forwarding Usage: 1M
[178.711s][info][gc,heap     ] GC(15) Min Capacity: 8M(2%)
[178.711s][info][gc,heap     ] GC(15) Max Capacity: 512M(100%)
[178.711s][info][gc,heap     ] GC(15) Soft Max Capacity: 512M(100%)
[178.711s][info][gc,heap     ] GC(15)                Mark Start          Mark End        Relocate Start      Relocate End           High               Low         
[178.711s][info][gc,heap     ] GC(15)  Capacity:      512M (100%)        512M (100%)        512M (100%)        512M (100%)        512M (100%)        512M (100%)   
[178.711s][info][gc,heap     ] GC(15)      Free:      116M (23%)           0M (0%)          104M (20%)           0M (0%)          180M (35%)           0M (0%)     
[178.711s][info][gc,heap     ] GC(15)      Used:      396M (77%)         512M (100%)        408M (80%)         512M (100%)        512M (100%)        332M (65%)    
[178.711s][info][gc,heap     ] GC(15)      Live:         -                97M (19%)          97M (19%)          97M (19%)            -                  -          
[178.711s][info][gc,heap     ] GC(15) Allocated:         -               116M (23%)         136M (27%)         389M (76%)            -                  -          
[178.711s][info][gc,heap     ] GC(15)   Garbage:         -               298M (58%)         174M (34%)          25M (5%)             -                  -          
[178.711s][info][gc,heap     ] GC(15) Reclaimed:         -                  -               124M (24%)         273M (53%)            -                  -          
[178.711s][info][gc          ] GC(15) Garbage Collection (Allocation Rate) 396M(77%)->512M(100%)
[178.711s][info][gc,start    ] GC(16) Garbage Collection (Allocation Stall)
[178.711s][info][gc,ref      ] GC(16) Clearing All SoftReferences
[178.711s][info][gc,task     ] GC(16) Using 5 workers
[178.711s][info][gc,ref      ] GC(16) Clearing All SoftReferences
[178.711s][info][gc,phases   ] GC(16) Pause Mark Start 0.050ms
[178.752s][info][gc,phases   ] GC(16) Concurrent Mark 41.026ms
[178.752s][info][gc,phases   ] GC(16) Pause Mark End 0.013ms
[178.752s][info][gc,phases   ] GC(16) Concurrent Mark Free 0.001ms
[178.770s][info][gc,phases   ] GC(16) Concurrent Process Non-Strong References 18.029ms
[178.770s][info][gc,phases   ] GC(16) Concurrent Reset Relocation Set 0.011ms
[178.771s][info][gc          ] Allocation Stall (Executor task launch worker for task 20.0 in stage 0.0 (TID 20)) 59.383ms
[178.771s][info][gc          ] Allocation Stall (Executor task launch worker for task 15.0 in stage 0.0 (TID 15)) 60.716ms
[178.771s][info][gc          ] Allocation Stall (Executor task launch worker for task 12.0 in stage 0.0 (TID 12)) 59.423ms
[178.771s][info][gc          ] Allocation Stall (Executor task launch worker for task 33.0 in stage 0.0 (TID 33)) 60.967ms
[178.771s][info][gc          ] Allocation Stall (Executor task launch worker for task 11.0 in stage 0.0 (TID 11)) 59.407ms
[178.771s][info][gc          ] Allocation Stall (Executor task launch worker for task 9.0 in stage 0.0 (TID 9)) 59.432ms
[178.771s][info][gc          ] Allocation Stall (Executor task launch worker for task 13.0 in stage 0.0 (TID 13)) 60.232ms
[178.771s][info][gc          ] Allocation Stall (Executor task launch worker for task 34.0 in stage 0.0 (TID 34)) 60.741ms
[178.771s][info][gc          ] Allocation Stall (Executor task launch worker for task 10.0 in stage 0.0 (TID 10)) 59.388ms
[178.771s][info][gc          ] Allocation Stall (Executor task launch worker for task 24.0 in stage 0.0 (TID 24)) 60.229ms
[178.771s][info][gc          ] Allocation Stall (Executor task launch worker for task 35.0 in stage 0.0 (TID 35)) 59.423ms
[178.771s][info][gc          ] Allocation Stall (Executor task launch worker for task 16.0 in stage 0.0 (TID 16)) 60.377ms
[178.771s][info][gc          ] Allocation Stall (Executor task launch worker for task 3.0 in stage 0.0 (TID 3)) 59.467ms
[178.771s][info][gc          ] Allocation Stall (Executor task launch worker for task 29.0 in stage 0.0 (TID 29)) 60.830ms
[178.771s][info][gc          ] Allocation Stall (Executor task launch worker for task 22.0 in stage 0.0 (TID 22)) 60.716ms
[178.771s][info][gc          ] Allocation Stall (Executor task launch worker for task 18.0 in stage 0.0 (TID 18)) 59.465ms
[178.771s][info][gc          ] Allocation Stall (Executor task launch worker for task 31.0 in stage 0.0 (TID 31)) 60.322ms
[178.771s][info][gc          ] Allocation Stall (Executor task launch worker for task 42.0 in stage 0.0 (TID 42)) 60.941ms
[178.771s][info][gc          ] Allocation Stall (Executor task launch worker for task 8.0 in stage 0.0 (TID 8)) 60.959ms
[178.771s][info][gc          ] Allocation Stall (Executor task launch worker for task 7.0 in stage 0.0 (TID 7)) 59.465ms
[178.771s][info][gc          ] Allocation Stall (Executor task launch worker for task 39.0 in stage 0.0 (TID 39)) 60.312ms
[178.771s][info][gc          ] Allocation Stall (Executor task launch worker for task 17.0 in stage 0.0 (TID 17)) 60.382ms
[178.771s][info][gc          ] Allocation Stall (Executor task launch worker for task 5.0 in stage 0.0 (TID 5)) 59.476ms
[178.771s][info][gc          ] Allocation Stall (Executor task launch worker for task 1.0 in stage 0.0 (TID 1)) 60.937ms
[178.771s][info][gc          ] Allocation Stall (Executor task launch worker for task 2.0 in stage 0.0 (TID 2)) 60.979ms
[178.771s][info][gc          ] Allocation Stall (Executor task launch worker for task 37.0 in stage 0.0 (TID 37)) 60.999ms
[178.771s][info][gc          ] Allocation Stall (Executor task launch worker for task 41.0 in stage 0.0 (TID 41)) 60.828ms
[178.771s][info][gc          ] Allocation Stall (Executor task launch worker for task 23.0 in stage 0.0 (TID 23)) 59.488ms
[178.771s][info][gc          ] Allocation Stall (Executor task launch worker for task 26.0 in stage 0.0 (TID 26)) 59.498ms
[178.771s][info][gc          ] Allocation Stall (Executor task launch worker for task 28.0 in stage 0.0 (TID 28)) 61.063ms
[178.771s][info][gc          ] Allocation Stall (Executor task launch worker for task 38.0 in stage 0.0 (TID 38)) 60.928ms
[178.771s][info][gc          ] Allocation Stall (Executor task launch worker for task 43.0 in stage 0.0 (TID 43)) 59.513ms
[178.771s][info][gc          ] Allocation Stall (Executor task launch worker for task 0.0 in stage 0.0 (TID 0)) 59.539ms
[178.771s][info][gc          ] Allocation Stall (Executor task launch worker for task 14.0 in stage 0.0 (TID 14)) 61.037ms
[178.771s][info][gc          ] Allocation Stall (Executor task launch worker for task 32.0 in stage 0.0 (TID 32)) 60.817ms
[178.771s][info][gc          ] Allocation Stall (Executor task launch worker for task 6.0 in stage 0.0 (TID 6)) 60.832ms
[178.771s][info][gc          ] Allocation Stall (Executor task launch worker for task 44.0 in stage 0.0 (TID 44)) 60.438ms
[178.771s][info][gc          ] Allocation Stall (Executor task launch worker for task 47.0 in stage 0.0 (TID 47)) 59.514ms
[178.771s][info][gc          ] Allocation Stall (Executor task launch worker for task 19.0 in stage 0.0 (TID 19)) 60.528ms
[178.771s][info][gc          ] Allocation Stall (Executor task launch worker for task 21.0 in stage 0.0 (TID 21)) 60.953ms
[178.771s][info][gc          ] Allocation Stall (Executor task launch worker for task 30.0 in stage 0.0 (TID 30)) 61.024ms
[178.771s][info][gc          ] Allocation Stall (Executor task launch worker for task 40.0 in stage 0.0 (TID 40)) 59.528ms
[178.771s][info][gc          ] Allocation Stall (Executor task launch worker for task 25.0 in stage 0.0 (TID 25)) 61.061ms
[178.771s][info][gc          ] Allocation Stall (Executor task launch worker for task 36.0 in stage 0.0 (TID 36)) 59.532ms
[178.771s][info][gc          ] Allocation Stall (Executor task launch worker for task 27.0 in stage 0.0 (TID 27)) 60.954ms
[178.771s][info][gc          ] Allocation Stall (Executor task launch worker for task 45.0 in stage 0.0 (TID 45)) 60.504ms
[178.771s][info][gc          ] Allocation Stall (Executor task launch worker for task 4.0 in stage 0.0 (TID 4)) 61.035ms
[178.771s][info][gc          ] Allocation Stall (Executor task launch worker for task 46.0 in stage 0.0 (TID 46)) 60.944ms
[178.777s][info][gc,phases   ] GC(16) Concurrent Select Relocation Set 7.050ms
[178.783s][info][gc,phases   ] GC(16) Pause Relocate Start 0.010ms
[178.802s][info][gc,phases   ] GC(16) Concurrent Relocate 17.643ms
[178.802s][info][gc,load     ] GC(16) Load: 0.00/0.00/0.00
[178.802s][info][gc,mmu      ] GC(16) MMU: 2ms/97.5%, 5ms/99.0%, 10ms/99.5%, 20ms/99.7%, 50ms/99.9%, 100ms/99.9%
[178.802s][info][gc,marking  ] GC(16) Mark: 4 stripe(s), 2 proactive flush(es), 1 terminate flush(es), 0 completion(s), 0 continuation(s) 
[178.802s][info][gc,marking  ] GC(16) Mark Stack Usage: 32M
[178.802s][info][gc,nmethod  ] GC(16) NMethods: 1930 registered, 141 unregistered
[178.802s][info][gc,metaspace] GC(16) Metaspace: 107M used, 116M committed, 1152M reserved
[178.802s][info][gc,ref      ] GC(16) Soft: 5457 encountered, 5020 discovered, 2658 enqueued
[178.802s][info][gc,ref      ] GC(16) Weak: 13114 encountered, 5823 discovered, 157 enqueued
[178.802s][info][gc,ref      ] GC(16) Final: 40 encountered, 0 discovered, 0 enqueued
[178.802s][info][gc,ref      ] GC(16) Phantom: 750 encountered, 553 discovered, 0 enqueued
[178.802s][info][gc,reloc    ] GC(16) Small Pages: 222 / 444M, Empty: 172M, Relocated: 10M, In-Place: 0
[178.802s][info][gc,reloc    ] GC(16) Medium Pages: 4 / 64M, Empty: 0M, Relocated: 5M, In-Place: 0
[178.802s][info][gc,reloc    ] GC(16) Large Pages: 1 / 4M, Empty: 0M, Relocated: 0M, In-Place: 0
[178.802s][info][gc,reloc    ] GC(16) Forwarding Usage: 0M
[178.802s][info][gc,heap     ] GC(16) Min Capacity: 8M(2%)
[178.802s][info][gc,heap     ] GC(16) Max Capacity: 512M(100%)
[178.802s][info][gc,heap     ] GC(16) Soft Max Capacity: 512M(100%)
[178.802s][info][gc,heap     ] GC(16)                Mark Start          Mark End        Relocate Start      Relocate End           High               Low         
[178.802s][info][gc,heap     ] GC(16)  Capacity:      512M (100%)        512M (100%)        512M (100%)        512M (100%)        512M (100%)        512M (100%)   
[178.802s][info][gc,heap     ] GC(16)      Free:        0M (0%)            0M (0%)          138M (27%)         242M (47%)         266M (52%)           0M (0%)     
[178.802s][info][gc,heap     ] GC(16)      Used:      512M (100%)        512M (100%)        374M (73%)         270M (53%)         512M (100%)        246M (48%)    
[178.802s][info][gc,heap     ] GC(16)      Live:         -                95M (19%)          95M (19%)          95M (19%)            -                  -          
[178.802s][info][gc,heap     ] GC(16) Allocated:         -                 0M (0%)           34M (7%)          137M (27%)            -                  -          
[178.802s][info][gc,heap     ] GC(16)   Garbage:         -               416M (81%)         244M (48%)          36M (7%)             -                  -          
[178.802s][info][gc,heap     ] GC(16) Reclaimed:         -                  -               172M (34%)         379M (74%)            -                  -          
[178.802s][info][gc          ] GC(16) Garbage Collection (Allocation Stall) 512M(100%)->270M(53%)
[178.824s][info][gc,start    ] GC(17) Garbage Collection (Allocation Stall)
[178.824s][info][gc,ref      ] GC(17) Clearing All SoftReferences
[178.824s][info][gc,task     ] GC(17) Using 5 workers
[178.825s][info][gc,ref      ] GC(17) Clearing All SoftReferences
[178.825s][info][gc,phases   ] GC(17) Pause Mark Start 0.037ms
[178.825s][info][gc          ] Allocation Stall (Executor task launch worker for task 4.0 in stage 0.0 (TID 4)) 0.986ms
[178.825s][info][gc          ] Allocation Stall (Executor task launch worker for task 31.0 in stage 0.0 (TID 31)) 1.009ms
[178.825s][info][gc          ] Allocation Stall (Executor task launch worker for task 19.0 in stage 0.0 (TID 19)) 0.997ms
[178.825s][info][gc          ] Allocation Stall (Executor task launch worker for task 29.0 in stage 0.0 (TID 29)) 1.000ms
[178.825s][info][gc          ] Allocation Stall (Executor task launch worker for task 18.0 in stage 0.0 (TID 18)) 1.004ms
[178.825s][info][gc          ] Allocation Stall (Executor task launch worker for task 15.0 in stage 0.0 (TID 15)) 1.009ms
[178.825s][info][gc          ] Allocation Stall (Executor task launch worker for task 45.0 in stage 0.0 (TID 45)) 0.994ms
[178.825s][info][gc          ] Allocation Stall (Executor task launch worker for task 47.0 in stage 0.0 (TID 47)) 1.005ms
[178.825s][info][gc          ] Allocation Stall (Executor task launch worker for task 10.0 in stage 0.0 (TID 10)) 0.985ms
[178.825s][info][gc          ] Allocation Stall (Executor task launch worker for task 8.0 in stage 0.0 (TID 8)) 0.993ms
[178.825s][info][gc          ] Allocation Stall (Executor task launch worker for task 28.0 in stage 0.0 (TID 28)) 1.005ms
[178.825s][info][gc          ] Allocation Stall (Executor task launch worker for task 2.0 in stage 0.0 (TID 2)) 0.994ms
[178.825s][info][gc          ] Allocation Stall (Executor task launch worker for task 35.0 in stage 0.0 (TID 35)) 0.987ms
[178.825s][info][gc          ] Allocation Stall (Executor task launch worker for task 1.0 in stage 0.0 (TID 1)) 1.015ms
[178.825s][info][gc          ] Allocation Stall (Executor task launch worker for task 9.0 in stage 0.0 (TID 9)) 1.000ms
[178.825s][info][gc          ] Allocation Stall (Executor task launch worker for task 39.0 in stage 0.0 (TID 39)) 0.996ms
[178.825s][info][gc          ] Allocation Stall (Executor task launch worker for task 25.0 in stage 0.0 (TID 25)) 1.000ms
[178.825s][info][gc          ] Allocation Stall (Executor task launch worker for task 21.0 in stage 0.0 (TID 21)) 0.997ms
[178.825s][info][gc          ] Allocation Stall (Executor task launch worker for task 11.0 in stage 0.0 (TID 11)) 1.004ms
[178.825s][info][gc          ] Allocation Stall (Executor task launch worker for task 37.0 in stage 0.0 (TID 37)) 0.995ms
[178.825s][info][gc          ] Allocation Stall (Spark Context Cleaner) 1.062ms
[178.825s][info][gc          ] Allocation Stall (Executor task launch worker for task 32.0 in stage 0.0 (TID 32)) 0.129ms
[178.825s][info][gc          ] Allocation Stall (Executor task launch worker for task 40.0 in stage 0.0 (TID 40)) 0.150ms
[178.825s][info][gc          ] Allocation Stall (Executor task launch worker for task 38.0 in stage 0.0 (TID 38)) 0.226ms
[178.825s][info][gc          ] Allocation Stall (Executor task launch worker for task 12.0 in stage 0.0 (TID 12)) 0.264ms
[178.825s][info][gc          ] Allocation Stall (Executor task launch worker for task 24.0 in stage 0.0 (TID 24)) 0.300ms
[178.825s][info][gc          ] Allocation Stall (Executor task launch worker for task 23.0 in stage 0.0 (TID 23)) 0.331ms
[178.825s][info][gc          ] Allocation Stall (Executor task launch worker for task 30.0 in stage 0.0 (TID 30)) 0.362ms
[178.825s][info][gc          ] Allocation Stall (Executor task launch worker for task 16.0 in stage 0.0 (TID 16)) 0.378ms
[178.825s][info][gc          ] Allocation Stall (Executor task launch worker for task 42.0 in stage 0.0 (TID 42)) 0.413ms
[178.826s][info][gc          ] Allocation Stall (Executor task launch worker for task 46.0 in stage 0.0 (TID 46)) 0.477ms
[178.826s][info][gc          ] Allocation Stall (Executor task launch worker for task 34.0 in stage 0.0 (TID 34)) 0.508ms
[178.826s][info][gc          ] Allocation Stall (Executor task launch worker for task 22.0 in stage 0.0 (TID 22)) 0.532ms
[178.826s][info][gc          ] Allocation Stall (Executor task launch worker for task 43.0 in stage 0.0 (TID 43)) 0.563ms
[178.826s][info][gc          ] Allocation Stall (Executor task launch worker for task 0.0 in stage 0.0 (TID 0)) 0.589ms
[178.826s][info][gc          ] Allocation Stall (Executor task launch worker for task 5.0 in stage 0.0 (TID 5)) 0.622ms
[178.826s][info][gc          ] Allocation Stall (Executor task launch worker for task 27.0 in stage 0.0 (TID 27)) 0.649ms
[178.877s][info][gc,phases   ] GC(17) Concurrent Mark 52.118ms
[178.877s][info][gc,phases   ] GC(17) Pause Mark End 0.015ms
[178.877s][info][gc,phases   ] GC(17) Concurrent Mark Free 0.001ms
[178.879s][info][gc,phases   ] GC(17) Concurrent Process Non-Strong References 1.615ms
[178.879s][info][gc,phases   ] GC(17) Concurrent Reset Relocation Set 0.015ms
[178.879s][info][gc          ] Allocation Stall (Executor task launch worker for task 14.0 in stage 0.0 (TID 14)) 33.907ms
[178.879s][info][gc          ] Allocation Stall (Executor task launch worker for task 30.0 in stage 0.0 (TID 30)) 33.853ms
[178.879s][info][gc          ] Allocation Stall (Executor task launch worker for task 28.0 in stage 0.0 (TID 28)) 34.559ms
[178.879s][info][gc          ] Allocation Stall (Executor task launch worker for task 0.0 in stage 0.0 (TID 0)) 34.294ms
[178.879s][info][gc          ] Allocation Stall (Executor task launch worker for task 4.0 in stage 0.0 (TID 4)) 34.746ms
[178.879s][info][gc          ] Allocation Stall (Executor task launch worker for task 15.0 in stage 0.0 (TID 15)) 33.727ms
[178.879s][info][gc          ] Allocation Stall (Executor task launch worker for task 24.0 in stage 0.0 (TID 24)) 33.623ms
[178.879s][info][gc          ] Allocation Stall (Executor task launch worker for task 37.0 in stage 0.0 (TID 37)) 33.478ms
[178.879s][info][gc          ] Allocation Stall (Executor task launch worker for task 12.0 in stage 0.0 (TID 12)) 33.928ms
[178.879s][info][gc          ] Allocation Stall (Executor task launch worker for task 43.0 in stage 0.0 (TID 43)) 34.478ms
[178.879s][info][gc          ] Allocation Stall (Executor task launch worker for task 36.0 in stage 0.0 (TID 36)) 34.839ms
[178.879s][info][gc          ] Allocation Stall (Executor task launch worker for task 31.0 in stage 0.0 (TID 31)) 33.861ms
[178.879s][info][gc          ] Allocation Stall (Executor task launch worker for task 35.0 in stage 0.0 (TID 35)) 33.635ms
[178.879s][info][gc          ] Allocation Stall (Executor task launch worker for task 11.0 in stage 0.0 (TID 11)) 37.372ms
[178.879s][info][gc          ] Allocation Stall (Executor task launch worker for task 10.0 in stage 0.0 (TID 10)) 34.217ms
[178.879s][info][gc          ] Allocation Stall (Executor task launch worker for task 22.0 in stage 0.0 (TID 22)) 33.875ms
[178.879s][info][gc          ] Allocation Stall (Executor task launch worker for task 42.0 in stage 0.0 (TID 42)) 33.756ms
[178.879s][info][gc          ] Allocation Stall (Executor task launch worker for task 18.0 in stage 0.0 (TID 18)) 35.597ms
[178.879s][info][gc          ] Allocation Stall (Executor task launch worker for task 9.0 in stage 0.0 (TID 9)) 38.032ms
[178.879s][info][gc          ] Allocation Stall (Executor task launch worker for task 23.0 in stage 0.0 (TID 23)) 37.670ms
[178.879s][info][gc          ] Allocation Stall (Executor task launch worker for task 44.0 in stage 0.0 (TID 44)) 34.962ms
[178.879s][info][gc          ] Allocation Stall (Executor task launch worker for task 45.0 in stage 0.0 (TID 45)) 33.507ms
[178.879s][info][gc          ] Allocation Stall (Executor task launch worker for task 20.0 in stage 0.0 (TID 20)) 34.977ms
[178.879s][info][gc          ] Allocation Stall (Executor task launch worker for task 39.0 in stage 0.0 (TID 39)) 37.472ms
[178.879s][info][gc          ] Allocation Stall (Executor task launch worker for task 34.0 in stage 0.0 (TID 34)) 33.566ms
[178.879s][info][gc          ] Allocation Stall (Executor task launch worker for task 3.0 in stage 0.0 (TID 3)) 34.830ms
[178.879s][info][gc          ] Allocation Stall (Executor task launch worker for task 5.0 in stage 0.0 (TID 5)) 36.277ms
[178.879s][info][gc          ] Allocation Stall (Executor task launch worker for task 47.0 in stage 0.0 (TID 47)) 38.288ms
[178.879s][info][gc          ] Allocation Stall (Executor task launch worker for task 19.0 in stage 0.0 (TID 19)) 35.001ms
[178.879s][info][gc          ] Allocation Stall (Executor task launch worker for task 32.0 in stage 0.0 (TID 32)) 34.852ms
[178.879s][info][gc          ] Allocation Stall (Executor task launch worker for task 13.0 in stage 0.0 (TID 13)) 38.196ms
[178.879s][info][gc          ] Allocation Stall (Executor task launch worker for task 38.0 in stage 0.0 (TID 38)) 33.521ms
[178.879s][info][gc          ] Allocation Stall (Executor task launch worker for task 2.0 in stage 0.0 (TID 2)) 34.940ms
[178.879s][info][gc          ] Allocation Stall (Executor task launch worker for task 25.0 in stage 0.0 (TID 25)) 31.902ms
[178.879s][info][gc          ] Allocation Stall (Executor task launch worker for task 29.0 in stage 0.0 (TID 29)) 33.815ms
[178.879s][info][gc          ] Allocation Stall (Executor task launch worker for task 21.0 in stage 0.0 (TID 21)) 33.749ms
[178.879s][info][gc          ] Allocation Stall (Executor task launch worker for task 40.0 in stage 0.0 (TID 40)) 37.384ms
[178.879s][info][gc          ] Allocation Stall (Executor task launch worker for task 17.0 in stage 0.0 (TID 17)) 34.990ms
[178.879s][info][gc          ] Allocation Stall (Executor task launch worker for task 6.0 in stage 0.0 (TID 6)) 38.103ms
[178.879s][info][gc          ] Allocation Stall (Executor task launch worker for task 33.0 in stage 0.0 (TID 33)) 33.987ms
[178.879s][info][gc          ] Allocation Stall (Executor task launch worker for task 46.0 in stage 0.0 (TID 46)) 38.184ms
[178.879s][info][gc          ] Allocation Stall (Executor task launch worker for task 1.0 in stage 0.0 (TID 1)) 35.154ms
[178.879s][info][gc          ] Allocation Stall (Executor task launch worker for task 41.0 in stage 0.0 (TID 41)) 34.113ms
[178.879s][info][gc          ] Allocation Stall (Executor task launch worker for task 7.0 in stage 0.0 (TID 7)) 36.392ms
[178.879s][info][gc          ] Allocation Stall (Executor task launch worker for task 26.0 in stage 0.0 (TID 26)) 31.934ms
[178.879s][info][gc          ] Allocation Stall (Executor task launch worker for task 27.0 in stage 0.0 (TID 27)) 35.242ms
[178.879s][info][gc          ] Allocation Stall (Executor task launch worker for task 8.0 in stage 0.0 (TID 8)) 35.021ms
[178.879s][info][gc          ] Allocation Stall (Executor task launch worker for task 16.0 in stage 0.0 (TID 16)) 35.729ms
[178.897s][info][gc,phases   ] GC(17) Concurrent Select Relocation Set 18.016ms
[178.897s][info][gc,phases   ] GC(17) Pause Relocate Start 0.008ms
[178.919s][info][gc          ] Allocation Stall (Executor task launch worker for task 12.0 in stage 0.0 (TID 12)) 10.068ms
[178.919s][info][gc          ] Allocation Stall (Executor task launch worker for task 8.0 in stage 0.0 (TID 8)) 9.922ms
[178.919s][info][gc          ] Allocation Stall (Executor task launch worker for task 19.0 in stage 0.0 (TID 19)) 9.168ms
[178.919s][info][gc          ] Allocation Stall (Executor task launch worker for task 42.0 in stage 0.0 (TID 42)) 9.292ms
[178.919s][info][gc          ] Allocation Stall (Executor task launch worker for task 33.0 in stage 0.0 (TID 33)) 9.218ms
[178.919s][info][gc          ] Allocation Stall (Executor task launch worker for task 27.0 in stage 0.0 (TID 27)) 9.154ms
[178.919s][info][gc          ] Allocation Stall (Executor task launch worker for task 39.0 in stage 0.0 (TID 39)) 9.168ms
[178.919s][info][gc          ] Allocation Stall (Executor task launch worker for task 36.0 in stage 0.0 (TID 36)) 9.191ms
[178.919s][info][gc          ] Allocation Stall (Executor task launch worker for task 26.0 in stage 0.0 (TID 26)) 9.174ms
[178.919s][info][gc          ] Allocation Stall (Executor task launch worker for task 29.0 in stage 0.0 (TID 29)) 9.209ms
[178.921s][info][gc          ] Allocation Stall (Executor task launch worker for task 25.0 in stage 0.0 (TID 25)) 10.624ms
[178.921s][info][gc          ] Allocation Stall (Executor task launch worker for task 5.0 in stage 0.0 (TID 5)) 10.672ms
[178.921s][info][gc          ] Allocation Stall (Executor task launch worker for task 2.0 in stage 0.0 (TID 2)) 9.556ms
[178.921s][info][gc          ] Allocation Stall (Executor task launch worker for task 21.0 in stage 0.0 (TID 21)) 9.506ms
[178.921s][info][gc          ] Allocation Stall (Executor task launch worker for task 40.0 in stage 0.0 (TID 40)) 9.477ms
[178.921s][info][gc          ] Allocation Stall (Executor task launch worker for task 46.0 in stage 0.0 (TID 46)) 9.506ms
[178.921s][info][gc          ] Allocation Stall (Executor task launch worker for task 10.0 in stage 0.0 (TID 10)) 9.456ms
[178.921s][info][gc          ] Allocation Stall (Executor task launch worker for task 44.0 in stage 0.0 (TID 44)) 9.523ms
[178.921s][info][gc          ] Allocation Stall (Executor task launch worker for task 11.0 in stage 0.0 (TID 11)) 9.561ms
[178.921s][info][gc          ] Allocation Stall (Executor task launch worker for task 7.0 in stage 0.0 (TID 7)) 9.438ms
[178.921s][info][gc          ] Allocation Stall (Executor task launch worker for task 0.0 in stage 0.0 (TID 0)) 9.430ms
[178.921s][info][gc          ] Allocation Stall (Executor task launch worker for task 14.0 in stage 0.0 (TID 14)) 9.313ms
[178.921s][info][gc          ] Allocation Stall (Executor task launch worker for task 37.0 in stage 0.0 (TID 37)) 9.079ms
[178.921s][info][gc          ] Allocation Stall (Executor task launch worker for task 1.0 in stage 0.0 (TID 1)) 8.978ms
[178.921s][info][gc          ] Allocation Stall (Executor task launch worker for task 45.0 in stage 0.0 (TID 45)) 8.884ms
[178.921s][info][gc          ] Allocation Stall (Executor task launch worker for task 23.0 in stage 0.0 (TID 23)) 8.891ms
[178.921s][info][gc          ] Allocation Stall (Executor task launch worker for task 31.0 in stage 0.0 (TID 31)) 8.904ms
[178.921s][info][gc          ] Allocation Stall (Executor task launch worker for task 38.0 in stage 0.0 (TID 38)) 8.925ms
[178.921s][info][gc          ] Allocation Stall (Executor task launch worker for task 22.0 in stage 0.0 (TID 22)) 8.775ms
[178.921s][info][gc          ] Allocation Stall (Executor task launch worker for task 9.0 in stage 0.0 (TID 9)) 8.801ms
[178.921s][info][gc          ] Allocation Stall (Executor task launch worker for task 47.0 in stage 0.0 (TID 47)) 8.218ms
[178.922s][info][gc          ] Allocation Stall (Executor task launch worker for task 18.0 in stage 0.0 (TID 18)) 7.311ms
[178.922s][info][gc          ] Allocation Stall (Executor task launch worker for task 3.0 in stage 0.0 (TID 3)) 7.154ms
[178.922s][info][gc          ] Allocation Stall (Executor task launch worker for task 28.0 in stage 0.0 (TID 28)) 6.745ms
[178.922s][info][gc          ] Allocation Stall (Executor task launch worker for task 4.0 in stage 0.0 (TID 4)) 5.743ms
[178.922s][info][gc          ] Allocation Stall (Executor task launch worker for task 6.0 in stage 0.0 (TID 6)) 4.807ms
[178.922s][info][gc          ] Allocation Stall (Executor task launch worker for task 20.0 in stage 0.0 (TID 20)) 4.200ms
[178.922s][info][gc          ] Allocation Stall (Executor task launch worker for task 41.0 in stage 0.0 (TID 41)) 3.569ms
[178.922s][info][gc          ] Allocation Stall (Executor task launch worker for task 15.0 in stage 0.0 (TID 15)) 4.722ms
[178.922s][info][gc          ] Allocation Stall (Executor task launch worker for task 35.0 in stage 0.0 (TID 35)) 5.119ms
[178.922s][info][gc          ] Allocation Stall (Executor task launch worker for task 17.0 in stage 0.0 (TID 17)) 4.967ms
[178.922s][info][gc          ] Allocation Stall (Executor task launch worker for task 43.0 in stage 0.0 (TID 43)) 3.156ms
[178.922s][info][gc          ] Allocation Stall (Executor task launch worker for task 32.0 in stage 0.0 (TID 32)) 5.684ms
[178.922s][info][gc          ] Allocation Stall (Executor task launch worker for task 33.0 in stage 0.0 (TID 33)) 0.290ms
[178.923s][info][gc          ] Allocation Stall (Executor task launch worker for task 34.0 in stage 0.0 (TID 34)) 0.704ms
[178.928s][info][gc          ] Allocation Stall (Executor task launch worker for task 10.0 in stage 0.0 (TID 10)) 4.187ms
[178.940s][info][gc          ] Allocation Stall (Executor task launch worker for task 46.0 in stage 0.0 (TID 46)) 4.256ms
[178.940s][info][gc          ] Allocation Stall (Executor task launch worker for task 25.0 in stage 0.0 (TID 25)) 4.128ms
[178.940s][info][gc          ] Allocation Stall (Executor task launch worker for task 21.0 in stage 0.0 (TID 21)) 3.997ms
[178.940s][info][gc          ] Allocation Stall (Executor task launch worker for task 13.0 in stage 0.0 (TID 13)) 3.649ms
[178.940s][info][gc          ] Allocation Stall (Executor task launch worker for task 5.0 in stage 0.0 (TID 5)) 3.572ms
[178.940s][info][gc          ] Allocation Stall (Executor task launch worker for task 0.0 in stage 0.0 (TID 0)) 3.610ms
[178.940s][info][gc          ] Allocation Stall (Executor task launch worker for task 18.0 in stage 0.0 (TID 18)) 3.573ms
[178.940s][info][gc          ] Allocation Stall (Executor task launch worker for task 2.0 in stage 0.0 (TID 2)) 3.052ms
[178.940s][info][gc          ] Allocation Stall (Executor task launch worker for task 1.0 in stage 0.0 (TID 1)) 3.033ms
[178.940s][info][gc          ] Allocation Stall (Executor task launch worker for task 11.0 in stage 0.0 (TID 11)) 3.026ms
[178.940s][info][gc          ] Allocation Stall (Executor task launch worker for task 19.0 in stage 0.0 (TID 19)) 3.047ms
[178.940s][info][gc          ] Allocation Stall (Executor task launch worker for task 36.0 in stage 0.0 (TID 36)) 2.807ms
[178.940s][info][gc          ] Allocation Stall (Executor task launch worker for task 14.0 in stage 0.0 (TID 14)) 2.818ms
[178.941s][info][gc          ] Allocation Stall (Executor task launch worker for task 7.0 in stage 0.0 (TID 7)) 2.808ms
[178.941s][info][gc          ] Allocation Stall (Executor task launch worker for task 6.0 in stage 0.0 (TID 6)) 2.815ms
[178.941s][info][gc          ] Allocation Stall (Executor task launch worker for task 12.0 in stage 0.0 (TID 12)) 2.841ms
[178.941s][info][gc          ] Allocation Stall (Executor task launch worker for task 39.0 in stage 0.0 (TID 39)) 2.864ms
[178.941s][info][gc          ] Allocation Stall (Executor task launch worker for task 22.0 in stage 0.0 (TID 22)) 2.806ms
[178.941s][info][gc          ] Allocation Stall (Executor task launch worker for task 23.0 in stage 0.0 (TID 23)) 2.598ms
[178.941s][info][gc          ] Allocation Stall (Executor task launch worker for task 20.0 in stage 0.0 (TID 20)) 2.591ms
[178.941s][info][gc          ] Allocation Stall (Executor task launch worker for task 37.0 in stage 0.0 (TID 37)) 2.488ms
[178.941s][info][gc          ] Allocation Stall (Executor task launch worker for task 3.0 in stage 0.0 (TID 3)) 2.517ms
[178.941s][info][gc          ] Allocation Stall (Executor task launch worker for task 9.0 in stage 0.0 (TID 9)) 2.554ms
[178.941s][info][gc          ] Allocation Stall (Executor task launch worker for task 47.0 in stage 0.0 (TID 47)) 2.273ms
[178.941s][info][gc          ] Allocation Stall (Executor task launch worker for task 4.0 in stage 0.0 (TID 4)) 2.187ms
[178.941s][info][gc          ] Allocation Stall (Executor task launch worker for task 42.0 in stage 0.0 (TID 42)) 2.231ms
[178.941s][info][gc          ] Allocation Stall (Executor task launch worker for task 28.0 in stage 0.0 (TID 28)) 2.090ms
[178.941s][info][gc          ] Allocation Stall (Executor task launch worker for task 38.0 in stage 0.0 (TID 38)) 2.062ms
[178.941s][info][gc          ] Allocation Stall (Executor task launch worker for task 32.0 in stage 0.0 (TID 32)) 1.989ms
[178.948s][info][gc,phases   ] GC(17) Concurrent Relocate 49.814ms
[178.948s][info][gc,load     ] GC(17) Load: 0.00/0.00/0.00
[178.948s][info][gc,mmu      ] GC(17) MMU: 2ms/97.5%, 5ms/99.0%, 10ms/99.5%, 20ms/99.7%, 50ms/99.9%, 100ms/99.9%
[178.948s][info][gc,marking  ] GC(17) Mark: 4 stripe(s), 2 proactive flush(es), 1 terminate flush(es), 0 completion(s), 0 continuation(s) 
[178.948s][info][gc,marking  ] GC(17) Mark Stack Usage: 32M
[178.948s][info][gc,nmethod  ] GC(17) NMethods: 1935 registered, 151 unregistered
[178.948s][info][gc,metaspace] GC(17) Metaspace: 107M used, 116M committed, 1152M reserved
[178.948s][info][gc,ref      ] GC(17) Soft: 2799 encountered, 339 discovered, 0 enqueued
[178.948s][info][gc,ref      ] GC(17) Weak: 12958 encountered, 2567 discovered, 4 enqueued
[178.948s][info][gc,ref      ] GC(17) Final: 40 encountered, 0 discovered, 0 enqueued
[178.948s][info][gc,ref      ] GC(17) Phantom: 750 encountered, 526 discovered, 0 enqueued
[178.948s][info][gc,reloc    ] GC(17) Small Pages: 193 / 386M, Empty: 202M, Relocated: 12M, In-Place: 0
[178.948s][info][gc,reloc    ] GC(17) Medium Pages: 5 / 80M, Empty: 0M, Relocated: 6M, In-Place: 0
[178.948s][info][gc,reloc    ] GC(17) Large Pages: 1 / 4M, Empty: 0M, Relocated: 0M, In-Place: 0
[178.948s][info][gc,reloc    ] GC(17) Forwarding Usage: 1M
[178.948s][info][gc,heap     ] GC(17) Min Capacity: 8M(2%)
[178.948s][info][gc,heap     ] GC(17) Max Capacity: 512M(100%)
[178.948s][info][gc,heap     ] GC(17) Soft Max Capacity: 512M(100%)
[178.948s][info][gc,heap     ] GC(17)                Mark Start          Mark End        Relocate Start      Relocate End           High               Low         
[178.948s][info][gc,heap     ] GC(17)  Capacity:      512M (100%)        512M (100%)        512M (100%)        512M (100%)        512M (100%)        512M (100%)   
[178.948s][info][gc,heap     ] GC(17)      Free:        0M (0%)            0M (0%)          118M (23%)          40M (8%)          192M (38%)           0M (0%)     
[178.948s][info][gc,heap     ] GC(17)      Used:      512M (100%)        512M (100%)        394M (77%)         472M (92%)         512M (100%)        320M (63%)    
[178.948s][info][gc,heap     ] GC(17)      Live:         -               103M (20%)         103M (20%)         103M (20%)            -                  -          
[178.948s][info][gc,heap     ] GC(17) Allocated:         -                 0M (0%)           84M (16%)         287M (56%)            -                  -          
[178.948s][info][gc,heap     ] GC(17)   Garbage:         -               408M (80%)         206M (40%)          81M (16%)            -                  -          
[178.948s][info][gc,heap     ] GC(17) Reclaimed:         -                  -               202M (39%)         327M (64%)            -                  -          
[178.948s][info][gc          ] GC(17) Garbage Collection (Allocation Stall) 512M(100%)->472M(92%)
[178.958s][info][gc,start    ] GC(18) Garbage Collection (Allocation Stall)
[178.958s][info][gc,ref      ] GC(18) Clearing All SoftReferences
[178.958s][info][gc,task     ] GC(18) Using 5 workers
[178.959s][info][gc,ref      ] GC(18) Clearing All SoftReferences
[178.959s][info][gc,phases   ] GC(18) Pause Mark Start 0.039ms
[178.959s][info][gc          ] Allocation Stall (Executor task launch worker for task 44.0 in stage 0.0 (TID 44)) 1.164ms
[178.959s][info][gc          ] Allocation Stall (Executor task launch worker for task 0.0 in stage 0.0 (TID 0)) 1.144ms
[178.959s][info][gc          ] Allocation Stall (Executor task launch worker for task 20.0 in stage 0.0 (TID 20)) 1.139ms
[178.959s][info][gc          ] Allocation Stall (Executor task launch worker for task 18.0 in stage 0.0 (TID 18)) 1.148ms
[178.959s][info][gc          ] Allocation Stall (Executor task launch worker for task 22.0 in stage 0.0 (TID 22)) 1.141ms
[178.959s][info][gc          ] Allocation Stall (Executor task launch worker for task 19.0 in stage 0.0 (TID 19)) 1.161ms
[178.960s][info][gc          ] Allocation Stall (Executor task launch worker for task 38.0 in stage 0.0 (TID 38)) 0.193ms
[178.960s][info][gc          ] Allocation Stall (Executor task launch worker for task 21.0 in stage 0.0 (TID 21)) 0.227ms
[178.960s][info][gc          ] Allocation Stall (Executor task launch worker for task 24.0 in stage 0.0 (TID 24)) 0.217ms
[178.960s][info][gc          ] Allocation Stall (Executor task launch worker for task 47.0 in stage 0.0 (TID 47)) 0.242ms
[178.960s][info][gc          ] Allocation Stall (Executor task launch worker for task 43.0 in stage 0.0 (TID 43)) 0.711ms
[178.960s][info][gc          ] Allocation Stall (Executor task launch worker for task 25.0 in stage 0.0 (TID 25)) 0.695ms
[178.960s][info][gc          ] Allocation Stall (Executor task launch worker for task 6.0 in stage 0.0 (TID 6)) 0.755ms
[178.960s][info][gc          ] Allocation Stall (Executor task launch worker for task 30.0 in stage 0.0 (TID 30)) 0.785ms
[178.960s][info][gc          ] Allocation Stall (Executor task launch worker for task 26.0 in stage 0.0 (TID 26)) 0.834ms
[178.960s][info][gc          ] Allocation Stall (Executor task launch worker for task 9.0 in stage 0.0 (TID 9)) 0.898ms
[179.002s][info][gc,phases   ] GC(18) Concurrent Mark 42.693ms
[179.002s][info][gc,phases   ] GC(18) Pause Mark End 0.016ms
[179.002s][info][gc,phases   ] GC(18) Concurrent Mark Free 0.001ms
[179.004s][info][gc,phases   ] GC(18) Concurrent Process Non-Strong References 1.516ms
[179.004s][info][gc,phases   ] GC(18) Concurrent Reset Relocation Set 0.008ms
[179.004s][info][gc          ] Allocation Stall (Executor task launch worker for task 41.0 in stage 0.0 (TID 41)) 34.293ms
[179.004s][info][gc          ] Allocation Stall (Executor task launch worker for task 3.0 in stage 0.0 (TID 3)) 34.053ms
[179.004s][info][gc          ] Allocation Stall (Executor task launch worker for task 0.0 in stage 0.0 (TID 0)) 32.836ms
[179.004s][info][gc          ] Allocation Stall (Executor task launch worker for task 12.0 in stage 0.0 (TID 12)) 35.848ms
[179.004s][info][gc          ] Allocation Stall (Executor task launch worker for task 15.0 in stage 0.0 (TID 15)) 34.029ms
[179.004s][info][gc          ] Allocation Stall (Executor task launch worker for task 14.0 in stage 0.0 (TID 14)) 33.797ms
[179.004s][info][gc          ] Allocation Stall (Executor task launch worker for task 7.0 in stage 0.0 (TID 7)) 34.955ms
[179.004s][info][gc          ] Allocation Stall (Executor task launch worker for task 13.0 in stage 0.0 (TID 13)) 33.027ms
[179.004s][info][gc          ] Allocation Stall (Executor task launch worker for task 45.0 in stage 0.0 (TID 45)) 35.388ms
[179.004s][info][gc          ] Allocation Stall (Executor task launch worker for task 42.0 in stage 0.0 (TID 42)) 34.231ms
[179.004s][info][gc          ] Allocation Stall (Executor task launch worker for task 33.0 in stage 0.0 (TID 33)) 29.728ms
[179.004s][info][gc          ] Allocation Stall (Executor task launch worker for task 43.0 in stage 0.0 (TID 43)) 34.472ms
[179.004s][info][gc          ] Allocation Stall (Executor task launch worker for task 21.0 in stage 0.0 (TID 21)) 34.076ms
[179.004s][info][gc          ] Allocation Stall (Executor task launch worker for task 29.0 in stage 0.0 (TID 29)) 32.884ms
[179.004s][info][gc          ] Allocation Stall (Executor task launch worker for task 24.0 in stage 0.0 (TID 24)) 34.192ms
[179.004s][info][gc          ] Allocation Stall (Executor task launch worker for task 5.0 in stage 0.0 (TID 5)) 33.881ms
[179.004s][info][gc          ] Allocation Stall (Executor task launch worker for task 6.0 in stage 0.0 (TID 6)) 33.099ms
[179.004s][info][gc          ] Allocation Stall (Executor task launch worker for task 34.0 in stage 0.0 (TID 34)) 35.082ms
[179.004s][info][gc          ] Allocation Stall (Executor task launch worker for task 47.0 in stage 0.0 (TID 47)) 35.369ms
[179.004s][info][gc          ] Allocation Stall (Executor task launch worker for task 26.0 in stage 0.0 (TID 26)) 34.834ms
[179.004s][info][gc          ] Allocation Stall (Executor task launch worker for task 1.0 in stage 0.0 (TID 1)) 34.293ms
[179.004s][info][gc          ] Allocation Stall (Executor task launch worker for task 2.0 in stage 0.0 (TID 2)) 35.087ms
[179.004s][info][gc          ] Allocation Stall (Executor task launch worker for task 22.0 in stage 0.0 (TID 22)) 35.046ms
[179.004s][info][gc          ] Allocation Stall (Executor task launch worker for task 36.0 in stage 0.0 (TID 36)) 37.421ms
[179.004s][info][gc          ] Allocation Stall (Executor task launch worker for task 20.0 in stage 0.0 (TID 20)) 33.070ms
[179.004s][info][gc          ] Allocation Stall (Executor task launch worker for task 23.0 in stage 0.0 (TID 23)) 35.193ms
[179.004s][info][gc          ] Allocation Stall (Executor task launch worker for task 27.0 in stage 0.0 (TID 27)) 35.889ms
[179.004s][info][gc          ] Allocation Stall (Executor task launch worker for task 46.0 in stage 0.0 (TID 46)) 34.322ms
[179.004s][info][gc          ] Allocation Stall (Executor task launch worker for task 10.0 in stage 0.0 (TID 10)) 31.149ms
[179.004s][info][gc          ] Allocation Stall (Executor task launch worker for task 38.0 in stage 0.0 (TID 38)) 34.622ms
[179.004s][info][gc          ] Allocation Stall (Executor task launch worker for task 17.0 in stage 0.0 (TID 17)) 33.977ms
[179.004s][info][gc          ] Allocation Stall (Executor task launch worker for task 18.0 in stage 0.0 (TID 18)) 34.636ms
[179.004s][info][gc          ] Allocation Stall (Executor task launch worker for task 19.0 in stage 0.0 (TID 19)) 34.556ms
[179.004s][info][gc          ] Allocation Stall (Executor task launch worker for task 4.0 in stage 0.0 (TID 4)) 35.146ms
[179.004s][info][gc          ] Allocation Stall (Executor task launch worker for task 35.0 in stage 0.0 (TID 35)) 34.367ms
[179.004s][info][gc          ] Allocation Stall (Executor task launch worker for task 9.0 in stage 0.0 (TID 9)) 34.530ms
[179.004s][info][gc          ] Allocation Stall (Executor task launch worker for task 16.0 in stage 0.0 (TID 16)) 35.560ms
[179.004s][info][gc          ] Allocation Stall (Executor task launch worker for task 25.0 in stage 0.0 (TID 25)) 35.482ms
[179.004s][info][gc          ] Allocation Stall (Executor task launch worker for task 28.0 in stage 0.0 (TID 28)) 34.339ms
[179.004s][info][gc          ] Allocation Stall (Executor task launch worker for task 37.0 in stage 0.0 (TID 37)) 36.021ms
[179.004s][info][gc          ] Allocation Stall (Executor task launch worker for task 44.0 in stage 0.0 (TID 44)) 35.138ms
[179.004s][info][gc          ] Allocation Stall (Executor task launch worker for task 39.0 in stage 0.0 (TID 39)) 35.742ms
[179.004s][info][gc          ] Allocation Stall (Executor task launch worker for task 32.0 in stage 0.0 (TID 32)) 35.814ms
[179.004s][info][gc          ] Allocation Stall (Executor task launch worker for task 40.0 in stage 0.0 (TID 40)) 35.767ms
[179.004s][info][gc          ] Allocation Stall (Executor task launch worker for task 8.0 in stage 0.0 (TID 8)) 34.560ms
[179.004s][info][gc          ] Allocation Stall (Executor task launch worker for task 11.0 in stage 0.0 (TID 11)) 35.584ms
[179.004s][info][gc          ] Allocation Stall (Executor task launch worker for task 30.0 in stage 0.0 (TID 30)) 32.998ms
[179.004s][info][gc          ] Allocation Stall (Executor task launch worker for task 31.0 in stage 0.0 (TID 31)) 34.870ms
[179.016s][info][gc,phases   ] GC(18) Concurrent Select Relocation Set 12.559ms
[179.033s][info][gc,phases   ] GC(18) Pause Relocate Start 0.008ms
[179.044s][info][gc          ] Allocation Stall (Executor task launch worker for task 10.0 in stage 0.0 (TID 10)) 0.518ms
[179.058s][info][gc          ] Allocation Stall (Executor task launch worker for task 4.0 in stage 0.0 (TID 4)) 14.477ms
[179.059s][info][gc          ] Allocation Stall (Executor task launch worker for task 32.0 in stage 0.0 (TID 32)) 12.352ms
[179.059s][info][gc          ] Allocation Stall (Executor task launch worker for task 35.0 in stage 0.0 (TID 35)) 12.222ms
[179.059s][info][gc          ] Allocation Stall (Executor task launch worker for task 25.0 in stage 0.0 (TID 25)) 15.640ms
[179.059s][info][gc          ] Allocation Stall (Executor task launch worker for task 3.0 in stage 0.0 (TID 3)) 15.556ms
[179.059s][info][gc          ] Allocation Stall (Executor task launch worker for task 28.0 in stage 0.0 (TID 28)) 15.669ms
[179.061s][info][gc          ] Allocation Stall (Executor task launch worker for task 34.0 in stage 0.0 (TID 34)) 12.186ms
[179.061s][info][gc          ] Allocation Stall (Executor task launch worker for task 0.0 in stage 0.0 (TID 0)) 17.771ms
[179.061s][info][gc          ] Allocation Stall (Executor task launch worker for task 16.0 in stage 0.0 (TID 16)) 12.716ms
[179.063s][info][gc          ] Allocation Stall (Executor task launch worker for task 47.0 in stage 0.0 (TID 47)) 8.238ms
[179.063s][info][gc          ] Allocation Stall (Executor task launch worker for task 2.0 in stage 0.0 (TID 2)) 8.220ms
[179.063s][info][gc          ] Allocation Stall (Executor task launch worker for task 40.0 in stage 0.0 (TID 40)) 8.753ms
[179.063s][info][gc          ] Allocation Stall (Executor task launch worker for task 8.0 in stage 0.0 (TID 8)) 6.651ms
[179.063s][info][gc          ] Allocation Stall (Executor task launch worker for task 6.0 in stage 0.0 (TID 6)) 19.679ms
[179.063s][info][gc          ] Allocation Stall (Executor task launch worker for task 26.0 in stage 0.0 (TID 26)) 19.509ms
[179.063s][info][gc          ] Allocation Stall (Executor task launch worker for task 20.0 in stage 0.0 (TID 20)) 19.892ms
[179.063s][info][gc          ] Allocation Stall (Executor task launch worker for task 46.0 in stage 0.0 (TID 46)) 18.460ms
[179.063s][info][gc          ] Allocation Stall (Executor task launch worker for task 18.0 in stage 0.0 (TID 18)) 18.417ms
[179.063s][info][gc          ] Allocation Stall (Executor task launch worker for task 10.0 in stage 0.0 (TID 10)) 18.399ms
[179.063s][info][gc          ] Allocation Stall (Executor task launch worker for task 22.0 in stage 0.0 (TID 22)) 18.387ms
[179.063s][info][gc          ] Allocation Stall (Executor task launch worker for task 7.0 in stage 0.0 (TID 7)) 17.273ms
[179.063s][info][gc          ] Allocation Stall (Executor task launch worker for task 11.0 in stage 0.0 (TID 11)) 16.894ms
[179.063s][info][gc          ] Allocation Stall (Executor task launch worker for task 17.0 in stage 0.0 (TID 17)) 16.455ms
[179.063s][info][gc          ] Allocation Stall (Executor task launch worker for task 43.0 in stage 0.0 (TID 43)) 16.275ms
[179.063s][info][gc          ] Allocation Stall (Executor task launch worker for task 42.0 in stage 0.0 (TID 42)) 16.460ms
[179.063s][info][gc          ] Allocation Stall (Executor task launch worker for task 33.0 in stage 0.0 (TID 33)) 16.145ms
[179.063s][info][gc          ] Allocation Stall (Executor task launch worker for task 21.0 in stage 0.0 (TID 21)) 15.331ms
[179.063s][info][gc          ] Allocation Stall (Executor task launch worker for task 15.0 in stage 0.0 (TID 15)) 14.919ms
[179.063s][info][gc          ] Allocation Stall (Spark Context Cleaner) 14.297ms
[179.063s][info][gc          ] Allocation Stall (Executor task launch worker for task 38.0 in stage 0.0 (TID 38)) 13.434ms
[179.063s][info][gc          ] Allocation Stall (Executor task launch worker for task 24.0 in stage 0.0 (TID 24)) 13.734ms
[179.063s][info][gc          ] Allocation Stall (Executor task launch worker for task 1.0 in stage 0.0 (TID 1)) 10.189ms
[179.063s][info][gc          ] Allocation Stall (Executor task launch worker for task 5.0 in stage 0.0 (TID 5)) 9.072ms
[179.063s][info][gc          ] Allocation Stall (Executor task launch worker for task 27.0 in stage 0.0 (TID 27)) 9.770ms
[179.063s][info][gc          ] Allocation Stall (Executor task launch worker for task 14.0 in stage 0.0 (TID 14)) 9.056ms
[179.063s][info][gc          ] Allocation Stall (Executor task launch worker for task 23.0 in stage 0.0 (TID 23)) 7.469ms
[179.064s][info][gc          ] Allocation Stall (Executor task launch worker for task 9.0 in stage 0.0 (TID 9)) 8.409ms
[179.100s][info][gc          ] Relocation Stall (Executor task launch worker for task 36.0 in stage 0.0 (TID 36)) 54.180ms
[179.106s][info][gc,phases   ] GC(18) Concurrent Relocate 72.443ms
[179.106s][info][gc,load     ] GC(18) Load: 0.00/0.00/0.00
[179.106s][info][gc,mmu      ] GC(18) MMU: 2ms/97.5%, 5ms/99.0%, 10ms/99.5%, 20ms/99.7%, 50ms/99.9%, 100ms/99.9%
[179.106s][info][gc,marking  ] GC(18) Mark: 4 stripe(s), 2 proactive flush(es), 1 terminate flush(es), 0 completion(s), 0 continuation(s) 
[179.106s][info][gc,marking  ] GC(18) Mark Stack Usage: 32M
[179.106s][info][gc,nmethod  ] GC(18) NMethods: 1937 registered, 152 unregistered
[179.106s][info][gc,metaspace] GC(18) Metaspace: 107M used, 116M committed, 1152M reserved
[179.106s][info][gc,ref      ] GC(18) Soft: 2799 encountered, 2239 discovered, 0 enqueued
[179.106s][info][gc,ref      ] GC(18) Weak: 12954 encountered, 3275 discovered, 0 enqueued
[179.106s][info][gc,ref      ] GC(18) Final: 40 encountered, 0 discovered, 0 enqueued
[179.106s][info][gc,ref      ] GC(18) Phantom: 750 encountered, 641 discovered, 0 enqueued
[179.106s][info][gc,reloc    ] GC(18) Small Pages: 193 / 386M, Empty: 196M, Relocated: 6M, In-Place: 0
[179.106s][info][gc,reloc    ] GC(18) Medium Pages: 6 / 96M, Empty: 0M, Relocated: 27M, In-Place: 0
[179.106s][info][gc,reloc    ] GC(18) Large Pages: 4 / 16M, Empty: 0M, Relocated: 0M, In-Place: 0
[179.106s][info][gc,reloc    ] GC(18) Forwarding Usage: 1M
[179.106s][info][gc,heap     ] GC(18) Min Capacity: 8M(2%)
[179.106s][info][gc,heap     ] GC(18) Max Capacity: 512M(100%)
[179.106s][info][gc,heap     ] GC(18) Soft Max Capacity: 512M(100%)
[179.106s][info][gc,heap     ] GC(18)                Mark Start          Mark End        Relocate Start      Relocate End           High               Low         
[179.106s][info][gc,heap     ] GC(18)  Capacity:      512M (100%)        512M (100%)        512M (100%)        512M (100%)        512M (100%)        512M (100%)   
[179.106s][info][gc,heap     ] GC(18)      Free:        2M (0%)            0M (0%)          150M (29%)         186M (36%)         230M (45%)           0M (0%)     
[179.106s][info][gc,heap     ] GC(18)      Used:      510M (100%)        512M (100%)        362M (71%)         326M (64%)         512M (100%)        282M (55%)    
[179.106s][info][gc,heap     ] GC(18)      Live:         -               124M (24%)         124M (24%)         124M (24%)            -                  -          
[179.106s][info][gc,heap     ] GC(18) Allocated:         -                 2M (0%)           48M (9%)          157M (31%)            -                  -          
[179.106s][info][gc,heap     ] GC(18)   Garbage:         -               385M (75%)         189M (37%)          44M (9%)             -                  -          
[179.106s][info][gc,heap     ] GC(18) Reclaimed:         -                  -               196M (38%)         341M (67%)            -                  -          
[179.106s][info][gc          ] GC(18) Garbage Collection (Allocation Stall) 510M(100%)->326M(64%)
[179.190s][info][gc,start    ] GC(19) Garbage Collection (Allocation Stall)
[179.190s][info][gc,ref      ] GC(19) Clearing All SoftReferences
[179.190s][info][gc,task     ] GC(19) Using 5 workers
[179.205s][info][gc,ref      ] GC(19) Clearing All SoftReferences
[179.205s][info][gc,phases   ] GC(19) Pause Mark Start 0.048ms
[179.268s][info][gc,phases   ] GC(19) Concurrent Mark 61.758ms
[179.268s][info][gc,phases   ] GC(19) Pause Mark End 0.015ms
[179.268s][info][gc,phases   ] GC(19) Concurrent Mark Free 0.001ms
[179.273s][info][gc,phases   ] GC(19) Concurrent Process Non-Strong References 5.075ms
[179.273s][info][gc,phases   ] GC(19) Concurrent Reset Relocation Set 0.005ms
[179.273s][info][gc          ] Allocation Stall (Executor task launch worker for task 31.0 in stage 0.0 (TID 31)) 40.992ms
[179.273s][info][gc          ] Allocation Stall (Executor task launch worker for task 23.0 in stage 0.0 (TID 23)) 40.748ms
[179.273s][info][gc          ] Allocation Stall (Executor task launch worker for task 20.0 in stage 0.0 (TID 20)) 40.673ms
[179.273s][info][gc          ] Allocation Stall (Executor task launch worker for task 36.0 in stage 0.0 (TID 36)) 41.304ms
[179.273s][info][gc          ] Allocation Stall (Executor task launch worker for task 13.0 in stage 0.0 (TID 13)) 42.672ms
[179.273s][info][gc          ] Allocation Stall (Executor task launch worker for task 16.0 in stage 0.0 (TID 16)) 42.069ms
[179.273s][info][gc          ] Allocation Stall (Executor task launch worker for task 17.0 in stage 0.0 (TID 17)) 41.871ms
[179.273s][info][gc          ] Allocation Stall (Executor task launch worker for task 38.0 in stage 0.0 (TID 38)) 40.168ms
[179.273s][info][gc          ] Allocation Stall (Executor task launch worker for task 29.0 in stage 0.0 (TID 29)) 42.336ms
[179.273s][info][gc          ] Allocation Stall (Executor task launch worker for task 46.0 in stage 0.0 (TID 46)) 41.506ms
[179.273s][info][gc          ] Allocation Stall (Executor task launch worker for task 14.0 in stage 0.0 (TID 14)) 40.133ms
[179.273s][info][gc          ] Allocation Stall (Executor task launch worker for task 27.0 in stage 0.0 (TID 27)) 40.953ms
[179.273s][info][gc          ] Allocation Stall (Executor task launch worker for task 33.0 in stage 0.0 (TID 33)) 44.424ms
[179.273s][info][gc          ] Allocation Stall (Executor task launch worker for task 41.0 in stage 0.0 (TID 41)) 40.875ms
[179.273s][info][gc          ] Allocation Stall (Executor task launch worker for task 19.0 in stage 0.0 (TID 19)) 40.426ms
[179.273s][info][gc          ] Allocation Stall (Executor task launch worker for task 3.0 in stage 0.0 (TID 3)) 41.807ms
[179.273s][info][gc          ] Allocation Stall (Executor task launch worker for task 10.0 in stage 0.0 (TID 10)) 41.307ms
[179.273s][info][gc          ] Allocation Stall (Executor task launch worker for task 0.0 in stage 0.0 (TID 0)) 41.707ms
[179.273s][info][gc          ] Allocation Stall (Executor task launch worker for task 44.0 in stage 0.0 (TID 44)) 41.962ms
[179.273s][info][gc          ] Allocation Stall (Executor task launch worker for task 39.0 in stage 0.0 (TID 39)) 40.173ms
[179.273s][info][gc          ] Allocation Stall (Executor task launch worker for task 47.0 in stage 0.0 (TID 47)) 40.256ms
[179.273s][info][gc          ] Allocation Stall (Executor task launch worker for task 34.0 in stage 0.0 (TID 34)) 41.071ms
[179.273s][info][gc          ] Allocation Stall (Executor task launch worker for task 2.0 in stage 0.0 (TID 2)) 42.103ms
[179.273s][info][gc          ] Allocation Stall (Executor task launch worker for task 28.0 in stage 0.0 (TID 28)) 42.473ms
[179.273s][info][gc          ] Allocation Stall (Executor task launch worker for task 18.0 in stage 0.0 (TID 18)) 44.775ms
[179.273s][info][gc          ] Allocation Stall (Executor task launch worker for task 24.0 in stage 0.0 (TID 24)) 40.387ms
[179.273s][info][gc          ] Allocation Stall (Executor task launch worker for task 45.0 in stage 0.0 (TID 45)) 42.296ms
[179.273s][info][gc          ] Allocation Stall (Executor task launch worker for task 11.0 in stage 0.0 (TID 11)) 44.600ms
[179.273s][info][gc          ] Allocation Stall (Executor task launch worker for task 22.0 in stage 0.0 (TID 22)) 41.563ms
[179.273s][info][gc          ] Allocation Stall (Executor task launch worker for task 4.0 in stage 0.0 (TID 4)) 41.473ms
[179.273s][info][gc          ] Allocation Stall (Executor task launch worker for task 37.0 in stage 0.0 (TID 37)) 44.761ms
[179.273s][info][gc          ] Allocation Stall (Executor task launch worker for task 15.0 in stage 0.0 (TID 15)) 41.890ms
[179.273s][info][gc          ] Allocation Stall (Executor task launch worker for task 35.0 in stage 0.0 (TID 35)) 41.848ms
[179.273s][info][gc          ] Allocation Stall (Executor task launch worker for task 5.0 in stage 0.0 (TID 5)) 42.722ms
[179.273s][info][gc          ] Allocation Stall (Executor task launch worker for task 30.0 in stage 0.0 (TID 30)) 44.530ms
[179.273s][info][gc          ] Allocation Stall (Executor task launch worker for task 7.0 in stage 0.0 (TID 7)) 41.712ms
[179.273s][info][gc          ] Allocation Stall (Executor task launch worker for task 21.0 in stage 0.0 (TID 21)) 40.246ms
[179.273s][info][gc          ] Allocation Stall (Executor task launch worker for task 12.0 in stage 0.0 (TID 12)) 44.018ms
[179.273s][info][gc          ] Allocation Stall (Executor task launch worker for task 42.0 in stage 0.0 (TID 42)) 41.441ms
[179.273s][info][gc          ] Allocation Stall (Executor task launch worker for task 43.0 in stage 0.0 (TID 43)) 41.937ms
[179.273s][info][gc          ] Allocation Stall (Executor task launch worker for task 26.0 in stage 0.0 (TID 26)) 42.295ms
[179.273s][info][gc          ] Allocation Stall (Executor task launch worker for task 8.0 in stage 0.0 (TID 8)) 43.557ms
[179.273s][info][gc          ] Allocation Stall (Executor task launch worker for task 25.0 in stage 0.0 (TID 25)) 42.511ms
[179.273s][info][gc          ] Allocation Stall (Executor task launch worker for task 40.0 in stage 0.0 (TID 40)) 42.036ms
[179.273s][info][gc          ] Allocation Stall (Executor task launch worker for task 6.0 in stage 0.0 (TID 6)) 44.020ms
[179.273s][info][gc          ] Allocation Stall (Executor task launch worker for task 9.0 in stage 0.0 (TID 9)) 42.596ms
[179.273s][info][gc          ] Allocation Stall (Executor task launch worker for task 32.0 in stage 0.0 (TID 32)) 42.191ms
[179.273s][info][gc          ] Allocation Stall (Executor task launch worker for task 1.0 in stage 0.0 (TID 1)) 43.398ms
[179.278s][info][gc,phases   ] GC(19) Concurrent Select Relocation Set 4.842ms
[179.278s][info][gc,phases   ] GC(19) Pause Relocate Start 0.008ms
[179.297s][info][gc          ] Allocation Stall (Executor task launch worker for task 16.0 in stage 0.0 (TID 16)) 5.771ms
[179.297s][info][gc          ] Allocation Stall (Executor task launch worker for task 13.0 in stage 0.0 (TID 13)) 5.687ms
[179.297s][info][gc          ] Allocation Stall (Executor task launch worker for task 22.0 in stage 0.0 (TID 22)) 5.757ms
[179.297s][info][gc          ] Allocation Stall (Executor task launch worker for task 34.0 in stage 0.0 (TID 34)) 5.681ms
[179.297s][info][gc          ] Allocation Stall (Executor task launch worker for task 47.0 in stage 0.0 (TID 47)) 5.573ms
[179.297s][info][gc          ] Allocation Stall (Executor task launch worker for task 40.0 in stage 0.0 (TID 40)) 5.735ms
[179.297s][info][gc          ] Allocation Stall (Executor task launch worker for task 27.0 in stage 0.0 (TID 27)) 5.706ms
[179.297s][info][gc          ] Allocation Stall (Executor task launch worker for task 32.0 in stage 0.0 (TID 32)) 5.586ms
[179.297s][info][gc          ] Allocation Stall (Executor task launch worker for task 28.0 in stage 0.0 (TID 28)) 4.993ms
[179.297s][info][gc          ] Allocation Stall (Executor task launch worker for task 35.0 in stage 0.0 (TID 35)) 4.830ms
[179.297s][info][gc          ] Allocation Stall (Executor task launch worker for task 26.0 in stage 0.0 (TID 26)) 5.620ms
[179.297s][info][gc          ] Allocation Stall (Executor task launch worker for task 24.0 in stage 0.0 (TID 24)) 5.688ms
[179.297s][info][gc          ] Allocation Stall (Executor task launch worker for task 43.0 in stage 0.0 (TID 43)) 5.495ms
[179.297s][info][gc          ] Allocation Stall (Executor task launch worker for task 33.0 in stage 0.0 (TID 33)) 5.165ms
[179.297s][info][gc          ] Allocation Stall (Executor task launch worker for task 4.0 in stage 0.0 (TID 4)) 5.253ms
[179.297s][info][gc          ] Allocation Stall (Executor task launch worker for task 14.0 in stage 0.0 (TID 14)) 5.046ms
[179.301s][info][gc          ] Allocation Stall (Executor task launch worker for task 0.0 in stage 0.0 (TID 0)) 7.808ms
[179.301s][info][gc          ] Allocation Stall (Executor task launch worker for task 38.0 in stage 0.0 (TID 38)) 7.707ms
[179.301s][info][gc          ] Allocation Stall (Executor task launch worker for task 3.0 in stage 0.0 (TID 3)) 8.316ms
[179.301s][info][gc          ] Allocation Stall (Executor task launch worker for task 29.0 in stage 0.0 (TID 29)) 7.718ms
[179.301s][info][gc          ] Allocation Stall (Executor task launch worker for task 10.0 in stage 0.0 (TID 10)) 7.727ms
[179.303s][info][gc          ] Allocation Stall (Executor task launch worker for task 9.0 in stage 0.0 (TID 9)) 9.446ms
[179.303s][info][gc          ] Allocation Stall (Executor task launch worker for task 25.0 in stage 0.0 (TID 25)) 9.436ms
[179.303s][info][gc          ] Allocation Stall (Executor task launch worker for task 1.0 in stage 0.0 (TID 1)) 9.449ms
[179.303s][info][gc          ] Allocation Stall (Executor task launch worker for task 31.0 in stage 0.0 (TID 31)) 6.838ms
[179.303s][info][gc          ] Allocation Stall (Executor task launch worker for task 45.0 in stage 0.0 (TID 45)) 0.013ms
[179.303s][info][gc          ] Allocation Stall (Executor task launch worker for task 13.0 in stage 0.0 (TID 13)) 0.054ms
[179.303s][info][gc          ] Allocation Stall (Executor task launch worker for task 18.0 in stage 0.0 (TID 18)) 10.254ms
[179.303s][info][gc          ] Allocation Stall (Executor task launch worker for task 37.0 in stage 0.0 (TID 37)) 10.235ms
[179.303s][info][gc          ] Allocation Stall (Executor task launch worker for task 6.0 in stage 0.0 (TID 6)) 10.241ms
[179.303s][info][gc          ] Allocation Stall (Executor task launch worker for task 41.0 in stage 0.0 (TID 41)) 10.218ms
[179.303s][info][gc          ] Allocation Stall (Executor task launch worker for task 17.0 in stage 0.0 (TID 17)) 10.152ms
[179.303s][info][gc          ] Allocation Stall (Executor task launch worker for task 23.0 in stage 0.0 (TID 23)) 9.949ms
[179.303s][info][gc          ] Allocation Stall (Executor task launch worker for task 36.0 in stage 0.0 (TID 36)) 9.906ms
[179.303s][info][gc          ] Allocation Stall (Executor task launch worker for task 20.0 in stage 0.0 (TID 20)) 9.858ms
[179.303s][info][gc          ] Allocation Stall (Executor task launch worker for task 5.0 in stage 0.0 (TID 5)) 9.859ms
[179.303s][info][gc          ] Allocation Stall (Executor task launch worker for task 30.0 in stage 0.0 (TID 30)) 9.842ms
[179.303s][info][gc          ] Allocation Stall (Executor task launch worker for task 15.0 in stage 0.0 (TID 15)) 9.832ms
[179.338s][info][gc,phases   ] GC(19) Concurrent Relocate 59.643ms
[179.338s][info][gc,load     ] GC(19) Load: 0.00/0.00/0.00
[179.338s][info][gc,mmu      ] GC(19) MMU: 2ms/97.5%, 5ms/99.0%, 10ms/99.5%, 20ms/99.7%, 50ms/99.9%, 100ms/99.9%
[179.338s][info][gc,marking  ] GC(19) Mark: 4 stripe(s), 2 proactive flush(es), 1 terminate flush(es), 0 completion(s), 0 continuation(s) 
[179.338s][info][gc,marking  ] GC(19) Mark Stack Usage: 32M
[179.338s][info][gc,nmethod  ] GC(19) NMethods: 758 registered, 1332 unregistered
[179.338s][info][gc,metaspace] GC(19) Metaspace: 107M used, 116M committed, 1152M reserved
[179.338s][info][gc,ref      ] GC(19) Soft: 2799 encountered, 347 discovered, 0 enqueued
[179.338s][info][gc,ref      ] GC(19) Weak: 12954 encountered, 6566 discovered, 0 enqueued
[179.338s][info][gc,ref      ] GC(19) Final: 40 encountered, 0 discovered, 0 enqueued
[179.338s][info][gc,ref      ] GC(19) Phantom: 750 encountered, 724 discovered, 0 enqueued
[179.338s][info][gc,reloc    ] GC(19) Small Pages: 181 / 362M, Empty: 224M, Relocated: 3M, In-Place: 0
[179.338s][info][gc,reloc    ] GC(19) Medium Pages: 5 / 80M, Empty: 0M, Relocated: 11M, In-Place: 0
[179.338s][info][gc,reloc    ] GC(19) Large Pages: 7 / 28M, Empty: 0M, Relocated: 0M, In-Place: 0
[179.338s][info][gc,reloc    ] GC(19) Forwarding Usage: 0M
[179.338s][info][gc,heap     ] GC(19) Min Capacity: 8M(2%)
[179.339s][info][gc,heap     ] GC(19) Max Capacity: 512M(100%)
[179.339s][info][gc,heap     ] GC(19) Soft Max Capacity: 512M(100%)
[179.339s][info][gc,heap     ] GC(19)                Mark Start          Mark End        Relocate Start      Relocate End           High               Low         
[179.339s][info][gc,heap     ] GC(19)  Capacity:      512M (100%)        512M (100%)        512M (100%)        512M (100%)        512M (100%)        512M (100%)   
[179.339s][info][gc,heap     ] GC(19)      Free:       42M (8%)            0M (0%)          202M (39%)         160M (31%)         208M (41%)           0M (0%)     
[179.339s][info][gc,heap     ] GC(19)      Used:      470M (92%)         512M (100%)        310M (61%)         352M (69%)         512M (100%)        304M (59%)    
[179.339s][info][gc,heap     ] GC(19)      Live:         -               130M (26%)         130M (26%)         130M (26%)            -                  -          
[179.339s][info][gc,heap     ] GC(19) Allocated:         -                42M (8%)           64M (13%)         175M (34%)            -                  -          
[179.339s][info][gc,heap     ] GC(19)   Garbage:         -               339M (66%)         115M (22%)          46M (9%)             -                  -          
[179.339s][info][gc,heap     ] GC(19) Reclaimed:         -                  -               224M (44%)         293M (57%)            -                  -          
[179.339s][info][gc          ] GC(19) Garbage Collection (Allocation Stall) 470M(92%)->352M(69%)
[179.393s][info][gc,start    ] GC(20) Garbage Collection (Allocation Stall)
[179.393s][info][gc,ref      ] GC(20) Clearing All SoftReferences
[179.393s][info][gc,task     ] GC(20) Using 5 workers
[179.393s][info][gc,ref      ] GC(20) Clearing All SoftReferences
[179.393s][info][gc,phases   ] GC(20) Pause Mark Start 0.041ms
[179.416s][info][gc          ] Allocation Stall (Executor task launch worker for task 4.0 in stage 0.0 (TID 4)) 15.850ms
[179.455s][info][gc,phases   ] GC(20) Concurrent Mark 61.533ms
[179.455s][info][gc,phases   ] GC(20) Pause Mark End 0.015ms
[179.455s][info][gc,phases   ] GC(20) Concurrent Mark Free 0.001ms
[179.456s][info][gc,phases   ] GC(20) Concurrent Process Non-Strong References 0.958ms
[179.456s][info][gc,phases   ] GC(20) Concurrent Reset Relocation Set 0.005ms
[179.456s][info][gc          ] Allocation Stall (Executor task launch worker for task 4.0 in stage 0.0 (TID 4)) 25.396ms
[179.456s][info][gc          ] Allocation Stall (Executor task launch worker for task 28.0 in stage 0.0 (TID 28)) 26.428ms
[179.456s][info][gc          ] Allocation Stall (Executor task launch worker for task 32.0 in stage 0.0 (TID 32)) 28.010ms
[179.456s][info][gc          ] Allocation Stall (Executor task launch worker for task 24.0 in stage 0.0 (TID 24)) 26.962ms
[179.456s][info][gc          ] Allocation Stall (Executor task launch worker for task 18.0 in stage 0.0 (TID 18)) 48.032ms
[179.456s][info][gc          ] Allocation Stall (Executor task launch worker for task 33.0 in stage 0.0 (TID 33)) 41.859ms
[179.456s][info][gc          ] Allocation Stall (Executor task launch worker for task 15.0 in stage 0.0 (TID 15)) 43.083ms
[179.456s][info][gc          ] Allocation Stall (Executor task launch worker for task 40.0 in stage 0.0 (TID 40)) 27.408ms
[179.456s][info][gc          ] Allocation Stall (Executor task launch worker for task 14.0 in stage 0.0 (TID 14)) 26.767ms
[179.456s][info][gc          ] Allocation Stall (Executor task launch worker for task 38.0 in stage 0.0 (TID 38)) 28.181ms
[179.456s][info][gc          ] Allocation Stall (Executor task launch worker for task 8.0 in stage 0.0 (TID 8)) 27.529ms
[179.457s][info][gc          ] Allocation Stall (Executor task launch worker for task 6.0 in stage 0.0 (TID 6)) 26.905ms
[179.457s][info][gc          ] Allocation Stall (Executor task launch worker for task 34.0 in stage 0.0 (TID 34)) 42.279ms
[179.457s][info][gc          ] Allocation Stall (Executor task launch worker for task 21.0 in stage 0.0 (TID 21)) 27.320ms
[179.457s][info][gc          ] Allocation Stall (Executor task launch worker for task 39.0 in stage 0.0 (TID 39)) 27.442ms
[179.457s][info][gc          ] Allocation Stall (Executor task launch worker for task 44.0 in stage 0.0 (TID 44)) 41.978ms
[179.457s][info][gc          ] Allocation Stall (Executor task launch worker for task 27.0 in stage 0.0 (TID 27)) 26.333ms
[179.457s][info][gc          ] Allocation Stall (Executor task launch worker for task 5.0 in stage 0.0 (TID 5)) 48.092ms
[179.457s][info][gc          ] Allocation Stall (Executor task launch worker for task 7.0 in stage 0.0 (TID 7)) 26.302ms
[179.457s][info][gc          ] Allocation Stall (Executor task launch worker for task 46.0 in stage 0.0 (TID 46)) 27.577ms
[179.457s][info][gc          ] Allocation Stall (Executor task launch worker for task 25.0 in stage 0.0 (TID 25)) 28.295ms
[179.457s][info][gc          ] Allocation Stall (Executor task launch worker for task 26.0 in stage 0.0 (TID 26)) 52.599ms
[179.457s][info][gc          ] Allocation Stall (Executor task launch worker for task 2.0 in stage 0.0 (TID 2)) 27.419ms
[179.457s][info][gc          ] Allocation Stall (Executor task launch worker for task 12.0 in stage 0.0 (TID 12)) 26.490ms
[179.457s][info][gc          ] Allocation Stall (Executor task launch worker for task 36.0 in stage 0.0 (TID 36)) 48.167ms
[179.457s][info][gc          ] Allocation Stall (Executor task launch worker for task 17.0 in stage 0.0 (TID 17)) 41.959ms
[179.457s][info][gc          ] Allocation Stall (Executor task launch worker for task 29.0 in stage 0.0 (TID 29)) 48.107ms
[179.457s][info][gc          ] Allocation Stall (Executor task launch worker for task 11.0 in stage 0.0 (TID 11)) 48.145ms
[179.457s][info][gc          ] Allocation Stall (Executor task launch worker for task 16.0 in stage 0.0 (TID 16)) 42.446ms
[179.457s][info][gc          ] Allocation Stall (Executor task launch worker for task 47.0 in stage 0.0 (TID 47)) 48.170ms
[179.457s][info][gc          ] Allocation Stall (Executor task launch worker for task 1.0 in stage 0.0 (TID 1)) 26.249ms
[179.457s][info][gc          ] Allocation Stall (Executor task launch worker for task 37.0 in stage 0.0 (TID 37)) 48.112ms
[179.457s][info][gc          ] Allocation Stall (Executor task launch worker for task 13.0 in stage 0.0 (TID 13)) 26.970ms
[179.457s][info][gc          ] Allocation Stall (Executor task launch worker for task 30.0 in stage 0.0 (TID 30)) 48.145ms
[179.457s][info][gc          ] Allocation Stall (Executor task launch worker for task 41.0 in stage 0.0 (TID 41)) 48.180ms
[179.457s][info][gc          ] Allocation Stall (Executor task launch worker for task 10.0 in stage 0.0 (TID 10)) 27.028ms
[179.457s][info][gc          ] Allocation Stall (Executor task launch worker for task 3.0 in stage 0.0 (TID 3)) 28.207ms
[179.457s][info][gc          ] Allocation Stall (Executor task launch worker for task 43.0 in stage 0.0 (TID 43)) 42.322ms
[179.457s][info][gc          ] Allocation Stall (Executor task launch worker for task 9.0 in stage 0.0 (TID 9)) 48.149ms
[179.457s][info][gc          ] Allocation Stall (Executor task launch worker for task 31.0 in stage 0.0 (TID 31)) 27.942ms
[179.457s][info][gc          ] Allocation Stall (Executor task launch worker for task 20.0 in stage 0.0 (TID 20)) 48.183ms
[179.457s][info][gc          ] Allocation Stall (Executor task launch worker for task 45.0 in stage 0.0 (TID 45)) 27.085ms
[179.457s][info][gc          ] Allocation Stall (Executor task launch worker for task 23.0 in stage 0.0 (TID 23)) 26.749ms
[179.457s][info][gc          ] Allocation Stall (Executor task launch worker for task 22.0 in stage 0.0 (TID 22)) 43.410ms
[179.457s][info][gc          ] Allocation Stall (Executor task launch worker for task 35.0 in stage 0.0 (TID 35)) 48.194ms
[179.457s][info][gc          ] Allocation Stall (Executor task launch worker for task 19.0 in stage 0.0 (TID 19)) 48.174ms
[179.457s][info][gc          ] Allocation Stall (Executor task launch worker for task 0.0 in stage 0.0 (TID 0)) 26.489ms
[179.457s][info][gc          ] Allocation Stall (Executor task launch worker for task 42.0 in stage 0.0 (TID 42)) 28.079ms
[179.460s][info][gc,phases   ] GC(20) Concurrent Select Relocation Set 3.520ms
[179.462s][info][gc,phases   ] GC(20) Pause Relocate Start 0.007ms
[179.509s][info][gc,phases   ] GC(20) Concurrent Relocate 46.221ms
[179.509s][info][gc,load     ] GC(20) Load: 0.00/0.00/0.00
[179.509s][info][gc,mmu      ] GC(20) MMU: 2ms/97.5%, 5ms/99.0%, 10ms/99.5%, 20ms/99.7%, 50ms/99.9%, 100ms/99.9%
[179.509s][info][gc,marking  ] GC(20) Mark: 4 stripe(s), 2 proactive flush(es), 1 terminate flush(es), 0 completion(s), 0 continuation(s) 
[179.510s][info][gc,marking  ] GC(20) Mark Stack Usage: 32M
[179.510s][info][gc,nmethod  ] GC(20) NMethods: 758 registered, 1332 unregistered
[179.510s][info][gc,metaspace] GC(20) Metaspace: 107M used, 116M committed, 1152M reserved
[179.510s][info][gc,ref      ] GC(20) Soft: 2799 encountered, 1234 discovered, 0 enqueued
[179.510s][info][gc,ref      ] GC(20) Weak: 12954 encountered, 4001 discovered, 0 enqueued
[179.510s][info][gc,ref      ] GC(20) Final: 40 encountered, 1 discovered, 0 enqueued
[179.510s][info][gc,ref      ] GC(20) Phantom: 750 encountered, 565 discovered, 0 enqueued
[179.510s][info][gc,reloc    ] GC(20) Small Pages: 167 / 334M, Empty: 210M, Relocated: 3M, In-Place: 0
[179.510s][info][gc,reloc    ] GC(20) Medium Pages: 5 / 80M, Empty: 0M, Relocated: 13M, In-Place: 0
[179.510s][info][gc,reloc    ] GC(20) Large Pages: 10 / 40M, Empty: 0M, Relocated: 0M, In-Place: 0
[179.510s][info][gc,reloc    ] GC(20) Forwarding Usage: 0M
[179.510s][info][gc,heap     ] GC(20) Min Capacity: 8M(2%)
[179.510s][info][gc,heap     ] GC(20) Max Capacity: 512M(100%)
[179.510s][info][gc,heap     ] GC(20) Soft Max Capacity: 512M(100%)
[179.510s][info][gc,heap     ] GC(20)                Mark Start          Mark End        Relocate Start      Relocate End           High               Low         
[179.510s][info][gc,heap     ] GC(20)  Capacity:      512M (100%)        512M (100%)        512M (100%)        512M (100%)        512M (100%)        512M (100%)   
[179.510s][info][gc,heap     ] GC(20)      Free:       58M (11%)           0M (0%)          194M (38%)         106M (21%)         204M (40%)           0M (0%)     
[179.510s][info][gc,heap     ] GC(20)      Used:      454M (89%)         512M (100%)        318M (62%)         406M (79%)         512M (100%)        308M (60%)    
[179.510s][info][gc,heap     ] GC(20)      Live:         -               140M (28%)         140M (28%)         140M (28%)            -                  -          
[179.510s][info][gc,heap     ] GC(20) Allocated:         -                58M (11%)          74M (14%)         214M (42%)            -                  -          
[179.510s][info][gc,heap     ] GC(20)   Garbage:         -               313M (61%)         103M (20%)          50M (10%)            -                  -          
[179.510s][info][gc,heap     ] GC(20) Reclaimed:         -                  -               210M (41%)         262M (51%)            -                  -          
[179.510s][info][gc          ] GC(20) Garbage Collection (Allocation Stall) 454M(89%)->406M(79%)
[179.515s][info][gc,start    ] GC(21) Garbage Collection (Allocation Stall)
[179.515s][info][gc,ref      ] GC(21) Clearing All SoftReferences
[179.515s][info][gc,task     ] GC(21) Using 5 workers
[179.518s][info][gc,ref      ] GC(21) Clearing All SoftReferences
[179.518s][info][gc,phases   ] GC(21) Pause Mark Start 0.038ms
[179.518s][info][gc          ] Allocation Stall (Executor task launch worker for task 26.0 in stage 0.0 (TID 26)) 2.717ms
[179.518s][info][gc          ] Allocation Stall (Executor task launch worker for task 30.0 in stage 0.0 (TID 30)) 2.747ms
[179.518s][info][gc          ] Allocation Stall (Executor task launch worker for task 16.0 in stage 0.0 (TID 16)) 2.786ms
[179.518s][info][gc          ] Allocation Stall (Executor task launch worker for task 45.0 in stage 0.0 (TID 45)) 2.788ms
[179.518s][info][gc          ] Allocation Stall (Executor task launch worker for task 25.0 in stage 0.0 (TID 25)) 2.784ms
[179.518s][info][gc          ] Allocation Stall (Executor task launch worker for task 13.0 in stage 0.0 (TID 13)) 2.788ms
[179.518s][info][gc          ] Allocation Stall (Executor task launch worker for task 42.0 in stage 0.0 (TID 42)) 2.828ms
[179.518s][info][gc          ] Allocation Stall (Executor task launch worker for task 39.0 in stage 0.0 (TID 39)) 2.806ms
[179.518s][info][gc          ] Allocation Stall (Executor task launch worker for task 29.0 in stage 0.0 (TID 29)) 2.829ms
[179.518s][info][gc          ] Allocation Stall (Executor task launch worker for task 41.0 in stage 0.0 (TID 41)) 2.729ms
[179.518s][info][gc          ] Allocation Stall (Executor task launch worker for task 43.0 in stage 0.0 (TID 43)) 2.829ms
[179.518s][info][gc          ] Allocation Stall (Executor task launch worker for task 36.0 in stage 0.0 (TID 36)) 2.823ms
[179.518s][info][gc          ] Allocation Stall (Executor task launch worker for task 9.0 in stage 0.0 (TID 9)) 0.018ms
[179.518s][info][gc          ] Allocation Stall (Executor task launch worker for task 19.0 in stage 0.0 (TID 19)) 0.021ms
[179.518s][info][gc          ] Allocation Stall (Executor task launch worker for task 17.0 in stage 0.0 (TID 17)) 0.021ms
[179.518s][info][gc          ] Allocation Stall (Executor task launch worker for task 40.0 in stage 0.0 (TID 40)) 0.024ms
[179.518s][info][gc          ] Allocation Stall (Executor task launch worker for task 10.0 in stage 0.0 (TID 10)) 0.018ms
[179.518s][info][gc          ] Allocation Stall (Executor task launch worker for task 0.0 in stage 0.0 (TID 0)) 0.414ms
[179.518s][info][gc          ] Allocation Stall (Executor task launch worker for task 3.0 in stage 0.0 (TID 3)) 0.481ms
[179.518s][info][gc          ] Allocation Stall (Executor task launch worker for task 22.0 in stage 0.0 (TID 22)) 0.514ms
[179.518s][info][gc          ] Allocation Stall (Executor task launch worker for task 12.0 in stage 0.0 (TID 12)) 0.545ms
[179.518s][info][gc          ] Allocation Stall (Executor task launch worker for task 11.0 in stage 0.0 (TID 11)) 0.576ms
[179.518s][info][gc          ] Allocation Stall (Executor task launch worker for task 31.0 in stage 0.0 (TID 31)) 0.643ms
[179.518s][info][gc          ] Allocation Stall (Executor task launch worker for task 1.0 in stage 0.0 (TID 1)) 0.672ms
[179.519s][info][gc          ] Allocation Stall (Executor task launch worker for task 34.0 in stage 0.0 (TID 34)) 0.647ms
[179.519s][info][gc          ] Allocation Stall (Executor task launch worker for task 21.0 in stage 0.0 (TID 21)) 0.697ms
[179.519s][info][gc          ] Allocation Stall (Executor task launch worker for task 14.0 in stage 0.0 (TID 14)) 0.722ms
[179.519s][info][gc          ] Allocation Stall (Executor task launch worker for task 24.0 in stage 0.0 (TID 24)) 0.723ms
[179.519s][info][gc          ] Allocation Stall (Executor task launch worker for task 8.0 in stage 0.0 (TID 8)) 0.774ms
[179.519s][info][gc          ] Allocation Stall (Executor task launch worker for task 27.0 in stage 0.0 (TID 27)) 0.686ms
[179.519s][info][gc          ] Allocation Stall (Executor task launch worker for task 44.0 in stage 0.0 (TID 44)) 0.746ms
[179.519s][info][gc          ] Allocation Stall (Executor task launch worker for task 20.0 in stage 0.0 (TID 20)) 0.792ms
[179.528s][info][gc          ] Allocation Stall (Executor task launch worker for task 17.0 in stage 0.0 (TID 17)) 0.811ms
[179.533s][info][gc          ] Allocation Stall (Executor task launch worker for task 12.0 in stage 0.0 (TID 12)) 4.639ms
[179.534s][info][gc          ] Allocation Stall (Executor task launch worker for task 21.0 in stage 0.0 (TID 21)) 4.577ms
[179.534s][info][gc          ] Allocation Stall (Executor task launch worker for task 19.0 in stage 0.0 (TID 19)) 4.185ms
[179.534s][info][gc          ] Allocation Stall (Executor task launch worker for task 31.0 in stage 0.0 (TID 31)) 4.208ms
[179.534s][info][gc          ] Allocation Stall (Executor task launch worker for task 34.0 in stage 0.0 (TID 34)) 3.995ms
[179.534s][info][gc          ] Allocation Stall (Executor task launch worker for task 8.0 in stage 0.0 (TID 8)) 3.701ms
[179.560s][info][gc,phases   ] GC(21) Concurrent Mark 42.428ms
[179.560s][info][gc,phases   ] GC(21) Pause Mark End 0.012ms
[179.560s][info][gc,phases   ] GC(21) Concurrent Mark Free 0.001ms
[179.561s][info][gc,phases   ] GC(21) Concurrent Process Non-Strong References 0.990ms
[179.561s][info][gc,phases   ] GC(21) Concurrent Reset Relocation Set 0.004ms
[179.562s][info][gc          ] Allocation Stall (Executor task launch worker for task 35.0 in stage 0.0 (TID 35)) 19.756ms
[179.562s][info][gc          ] Allocation Stall (Executor task launch worker for task 32.0 in stage 0.0 (TID 32)) 20.037ms
[179.562s][info][gc          ] Allocation Stall (Executor task launch worker for task 16.0 in stage 0.0 (TID 16)) 29.768ms
[179.562s][info][gc          ] Allocation Stall (Executor task launch worker for task 8.0 in stage 0.0 (TID 8)) 21.576ms
[179.562s][info][gc          ] Allocation Stall (Executor task launch worker for task 6.0 in stage 0.0 (TID 6)) 19.899ms
[179.562s][info][gc          ] Allocation Stall (Executor task launch worker for task 41.0 in stage 0.0 (TID 41)) 22.702ms
[179.562s][info][gc          ] Allocation Stall (Executor task launch worker for task 28.0 in stage 0.0 (TID 28)) 19.875ms
[179.562s][info][gc          ] Allocation Stall (Executor task launch worker for task 45.0 in stage 0.0 (TID 45)) 23.638ms
[179.562s][info][gc          ] Allocation Stall (Executor task launch worker for task 14.0 in stage 0.0 (TID 14)) 29.329ms
[179.562s][info][gc          ] Allocation Stall (Executor task launch worker for task 46.0 in stage 0.0 (TID 46)) 30.006ms
[179.562s][info][gc          ] Allocation Stall (Executor task launch worker for task 39.0 in stage 0.0 (TID 39)) 28.566ms
[179.562s][info][gc          ] Allocation Stall (Executor task launch worker for task 42.0 in stage 0.0 (TID 42)) 29.709ms
[179.562s][info][gc          ] Allocation Stall (Executor task launch worker for task 25.0 in stage 0.0 (TID 25)) 22.654ms
[179.562s][info][gc          ] Allocation Stall (Executor task launch worker for task 3.0 in stage 0.0 (TID 3)) 29.685ms
[179.562s][info][gc          ] Allocation Stall (Executor task launch worker for task 21.0 in stage 0.0 (TID 21)) 22.395ms
[179.562s][info][gc          ] Allocation Stall (Executor task launch worker for task 19.0 in stage 0.0 (TID 19)) 21.708ms
[179.562s][info][gc          ] Allocation Stall (Executor task launch worker for task 2.0 in stage 0.0 (TID 2)) 30.628ms
[179.562s][info][gc          ] Allocation Stall (Executor task launch worker for task 15.0 in stage 0.0 (TID 15)) 20.007ms
[179.562s][info][gc          ] Allocation Stall (Executor task launch worker for task 13.0 in stage 0.0 (TID 13)) 22.579ms
[179.562s][info][gc          ] Allocation Stall (Executor task launch worker for task 11.0 in stage 0.0 (TID 11)) 28.864ms
[179.562s][info][gc          ] Allocation Stall (Executor task launch worker for task 18.0 in stage 0.0 (TID 18)) 20.299ms
[179.562s][info][gc          ] Allocation Stall (Executor task launch worker for task 1.0 in stage 0.0 (TID 1)) 28.767ms
[179.562s][info][gc          ] Allocation Stall (Executor task launch worker for task 47.0 in stage 0.0 (TID 47)) 30.183ms
[179.562s][info][gc          ] Allocation Stall (Executor task launch worker for task 27.0 in stage 0.0 (TID 27)) 28.927ms
[179.562s][info][gc          ] Allocation Stall (Executor task launch worker for task 44.0 in stage 0.0 (TID 44)) 31.557ms
[179.562s][info][gc          ] Allocation Stall (Executor task launch worker for task 9.0 in stage 0.0 (TID 9)) 21.956ms
[179.562s][info][gc          ] Allocation Stall (Executor task launch worker for task 38.0 in stage 0.0 (TID 38)) 29.719ms
[179.562s][info][gc          ] Allocation Stall (Executor task launch worker for task 23.0 in stage 0.0 (TID 23)) 29.886ms
[179.562s][info][gc          ] Allocation Stall (Executor task launch worker for task 36.0 in stage 0.0 (TID 36)) 29.408ms
[179.562s][info][gc          ] Allocation Stall (Executor task launch worker for task 7.0 in stage 0.0 (TID 7)) 22.331ms
[179.562s][info][gc          ] Allocation Stall (Executor task launch worker for task 22.0 in stage 0.0 (TID 22)) 24.027ms
[179.562s][info][gc          ] Allocation Stall (Executor task launch worker for task 30.0 in stage 0.0 (TID 30)) 29.281ms
[179.562s][info][gc          ] Allocation Stall (Executor task launch worker for task 4.0 in stage 0.0 (TID 4)) 29.464ms
[179.562s][info][gc          ] Allocation Stall (Executor task launch worker for task 20.0 in stage 0.0 (TID 20)) 31.142ms
[179.562s][info][gc          ] Allocation Stall (Executor task launch worker for task 5.0 in stage 0.0 (TID 5)) 30.732ms
[179.562s][info][gc          ] Allocation Stall (Executor task launch worker for task 34.0 in stage 0.0 (TID 34)) 21.672ms
[179.562s][info][gc          ] Allocation Stall (Executor task launch worker for task 37.0 in stage 0.0 (TID 37)) 30.149ms
[179.562s][info][gc          ] Allocation Stall (Executor task launch worker for task 26.0 in stage 0.0 (TID 26)) 23.553ms
[179.562s][info][gc          ] Allocation Stall (Executor task launch worker for task 40.0 in stage 0.0 (TID 40)) 24.114ms
[179.562s][info][gc          ] Allocation Stall (Executor task launch worker for task 43.0 in stage 0.0 (TID 43)) 21.952ms
[179.562s][info][gc          ] Allocation Stall (Executor task launch worker for task 33.0 in stage 0.0 (TID 33)) 29.174ms
[179.562s][info][gc          ] Allocation Stall (Executor task launch worker for task 12.0 in stage 0.0 (TID 12)) 22.671ms
[179.562s][info][gc          ] Allocation Stall (Executor task launch worker for task 0.0 in stage 0.0 (TID 0)) 29.055ms
[179.562s][info][gc          ] Allocation Stall (Executor task launch worker for task 31.0 in stage 0.0 (TID 31)) 21.734ms
[179.562s][info][gc          ] Allocation Stall (Executor task launch worker for task 29.0 in stage 0.0 (TID 29)) 29.362ms
[179.562s][info][gc          ] Allocation Stall (Executor task launch worker for task 24.0 in stage 0.0 (TID 24)) 29.062ms
[179.562s][info][gc          ] Allocation Stall (Executor task launch worker for task 17.0 in stage 0.0 (TID 17)) 19.291ms
[179.562s][info][gc          ] Allocation Stall (Executor task launch worker for task 10.0 in stage 0.0 (TID 10)) 29.694ms
[179.565s][info][gc,phases   ] GC(21) Concurrent Select Relocation Set 3.304ms
[179.565s][info][gc,phases   ] GC(21) Pause Relocate Start 0.005ms
[179.587s][info][gc          ] Relocation Stall (Executor task launch worker for task 15.0 in stage 0.0 (TID 15)) 1.739ms
[179.591s][info][gc          ] Allocation Stall (Executor task launch worker for task 39.0 in stage 0.0 (TID 39)) 6.383ms
[179.591s][info][gc          ] Allocation Stall (Executor task launch worker for task 5.0 in stage 0.0 (TID 5)) 5.642ms
[179.591s][info][gc          ] Allocation Stall (Executor task launch worker for task 2.0 in stage 0.0 (TID 2)) 5.628ms
[179.591s][info][gc          ] Allocation Stall (Executor task launch worker for task 4.0 in stage 0.0 (TID 4)) 5.838ms
[179.591s][info][gc          ] Allocation Stall (Executor task launch worker for task 47.0 in stage 0.0 (TID 47)) 5.654ms
[179.591s][info][gc          ] Allocation Stall (Executor task launch worker for task 16.0 in stage 0.0 (TID 16)) 5.621ms
[179.591s][info][gc          ] Allocation Stall (Executor task launch worker for task 33.0 in stage 0.0 (TID 33)) 5.487ms
[179.591s][info][gc          ] Allocation Stall (Executor task launch worker for task 36.0 in stage 0.0 (TID 36)) 5.638ms
[179.591s][info][gc          ] Allocation Stall (Executor task launch worker for task 28.0 in stage 0.0 (TID 28)) 5.500ms
[179.591s][info][gc          ] Allocation Stall (Executor task launch worker for task 26.0 in stage 0.0 (TID 26)) 5.474ms
[179.591s][info][gc          ] Allocation Stall (Executor task launch worker for task 35.0 in stage 0.0 (TID 35)) 5.426ms
[179.591s][info][gc          ] Allocation Stall (Executor task launch worker for task 40.0 in stage 0.0 (TID 40)) 5.389ms
[179.591s][info][gc          ] Allocation Stall (Executor task launch worker for task 0.0 in stage 0.0 (TID 0)) 5.439ms
[179.591s][info][gc          ] Allocation Stall (Executor task launch worker for task 27.0 in stage 0.0 (TID 27)) 5.467ms
[179.591s][info][gc          ] Allocation Stall (Executor task launch worker for task 38.0 in stage 0.0 (TID 38)) 5.387ms
[179.591s][info][gc          ] Allocation Stall (Executor task launch worker for task 23.0 in stage 0.0 (TID 23)) 5.526ms
[179.591s][info][gc          ] Allocation Stall (Executor task launch worker for task 29.0 in stage 0.0 (TID 29)) 5.391ms
[179.592s][info][gc          ] Allocation Stall (Executor task launch worker for task 42.0 in stage 0.0 (TID 42)) 6.093ms
[179.592s][info][gc          ] Allocation Stall (Executor task launch worker for task 18.0 in stage 0.0 (TID 18)) 6.118ms
[179.592s][info][gc          ] Allocation Stall (Executor task launch worker for task 17.0 in stage 0.0 (TID 17)) 6.128ms
[179.592s][info][gc          ] Allocation Stall (Executor task launch worker for task 19.0 in stage 0.0 (TID 19)) 6.160ms
[179.592s][info][gc          ] Allocation Stall (Executor task launch worker for task 13.0 in stage 0.0 (TID 13)) 6.169ms
[179.592s][info][gc          ] Allocation Stall (Executor task launch worker for task 10.0 in stage 0.0 (TID 10)) 6.187ms
[179.592s][info][gc          ] Allocation Stall (Executor task launch worker for task 6.0 in stage 0.0 (TID 6)) 6.213ms
[179.592s][info][gc          ] Allocation Stall (Executor task launch worker for task 1.0 in stage 0.0 (TID 1)) 6.259ms
[179.592s][info][gc          ] Allocation Stall (Executor task launch worker for task 22.0 in stage 0.0 (TID 22)) 6.279ms
[179.592s][info][gc          ] Allocation Stall (Executor task launch worker for task 11.0 in stage 0.0 (TID 11)) 6.308ms
[179.592s][info][gc          ] Allocation Stall (Executor task launch worker for task 45.0 in stage 0.0 (TID 45)) 6.340ms
[179.592s][info][gc          ] Allocation Stall (Executor task launch worker for task 32.0 in stage 0.0 (TID 32)) 6.377ms
[179.592s][info][gc          ] Allocation Stall (Executor task launch worker for task 7.0 in stage 0.0 (TID 7)) 6.379ms
[179.592s][info][gc          ] Allocation Stall (Executor task launch worker for task 46.0 in stage 0.0 (TID 46)) 6.280ms
[179.592s][info][gc          ] Allocation Stall (Executor task launch worker for task 9.0 in stage 0.0 (TID 9)) 6.211ms
[179.592s][info][gc          ] Allocation Stall (Executor task launch worker for task 30.0 in stage 0.0 (TID 30)) 6.000ms
[179.592s][info][gc          ] Allocation Stall (Executor task launch worker for task 14.0 in stage 0.0 (TID 14)) 5.512ms
[179.592s][info][gc          ] Allocation Stall (Executor task launch worker for task 15.0 in stage 0.0 (TID 15)) 4.695ms
[179.592s][info][gc          ] Allocation Stall (Executor task launch worker for task 21.0 in stage 0.0 (TID 21)) 4.686ms
[179.593s][info][gc          ] Allocation Stall (Executor task launch worker for task 20.0 in stage 0.0 (TID 20)) 4.439ms
[179.593s][info][gc          ] Allocation Stall (Executor task launch worker for task 41.0 in stage 0.0 (TID 41)) 4.455ms
[179.595s][info][gc          ] Allocation Stall (Executor task launch worker for task 37.0 in stage 0.0 (TID 37)) 5.704ms
[179.595s][info][gc          ] Allocation Stall (Executor task launch worker for task 3.0 in stage 0.0 (TID 3)) 5.746ms
[179.595s][info][gc          ] Allocation Stall (Executor task launch worker for task 25.0 in stage 0.0 (TID 25)) 3.726ms
[179.607s][info][gc          ] Allocation Stall (Executor task launch worker for task 42.0 in stage 0.0 (TID 42)) 4.987ms
[179.607s][info][gc          ] Allocation Stall (Executor task launch worker for task 18.0 in stage 0.0 (TID 18)) 5.108ms
[179.607s][info][gc          ] Allocation Stall (Executor task launch worker for task 47.0 in stage 0.0 (TID 47)) 4.604ms
[179.607s][info][gc          ] Allocation Stall (Executor task launch worker for task 7.0 in stage 0.0 (TID 7)) 4.566ms
[179.607s][info][gc          ] Allocation Stall (Executor task launch worker for task 41.0 in stage 0.0 (TID 41)) 4.522ms
[179.608s][info][gc          ] Allocation Stall (Executor task launch worker for task 5.0 in stage 0.0 (TID 5)) 0.592ms
[179.608s][info][gc          ] Allocation Stall (Executor task launch worker for task 22.0 in stage 0.0 (TID 22)) 0.588ms
[179.608s][info][gc          ] Allocation Stall (Executor task launch worker for task 25.0 in stage 0.0 (TID 25)) 0.654ms
[179.608s][info][gc          ] Allocation Stall (Executor task launch worker for task 30.0 in stage 0.0 (TID 30)) 8.527ms
[179.608s][info][gc          ] Allocation Stall (Executor task launch worker for task 6.0 in stage 0.0 (TID 6)) 8.485ms
[179.608s][info][gc          ] Allocation Stall (Executor task launch worker for task 14.0 in stage 0.0 (TID 14)) 8.447ms
[179.608s][info][gc          ] Allocation Stall (Executor task launch worker for task 21.0 in stage 0.0 (TID 21)) 8.238ms
[179.608s][info][gc          ] Allocation Stall (Executor task launch worker for task 11.0 in stage 0.0 (TID 11)) 8.015ms
[179.608s][info][gc          ] Allocation Stall (Executor task launch worker for task 8.0 in stage 0.0 (TID 8)) 7.912ms
[179.608s][info][gc          ] Allocation Stall (Executor task launch worker for task 20.0 in stage 0.0 (TID 20)) 5.269ms
[179.608s][info][gc          ] Allocation Stall (Executor task launch worker for task 15.0 in stage 0.0 (TID 15)) 5.138ms
[179.608s][info][gc          ] Allocation Stall (Executor task launch worker for task 46.0 in stage 0.0 (TID 46)) 5.092ms
[179.608s][info][gc          ] Allocation Stall (Executor task launch worker for task 2.0 in stage 0.0 (TID 2)) 4.908ms
[179.608s][info][gc          ] Allocation Stall (Executor task launch worker for task 16.0 in stage 0.0 (TID 16)) 0.899ms
[179.608s][info][gc          ] Allocation Stall (Executor task launch worker for task 38.0 in stage 0.0 (TID 38)) 0.908ms
[179.608s][info][gc          ] Allocation Stall (Executor task launch worker for task 9.0 in stage 0.0 (TID 9)) 0.895ms
[179.608s][info][gc          ] Allocation Stall (Executor task launch worker for task 37.0 in stage 0.0 (TID 37)) 0.895ms
[179.608s][info][gc          ] Allocation Stall (Executor task launch worker for task 3.0 in stage 0.0 (TID 3)) 0.903ms
[179.608s][info][gc          ] Allocation Stall (Executor task launch worker for task 33.0 in stage 0.0 (TID 33)) 0.900ms
[179.658s][info][gc,phases   ] GC(21) Concurrent Relocate 91.246ms
[179.658s][info][gc,load     ] GC(21) Load: 0.00/0.00/0.00
[179.658s][info][gc,mmu      ] GC(21) MMU: 2ms/97.5%, 5ms/99.0%, 10ms/99.5%, 20ms/99.7%, 50ms/99.9%, 100ms/99.9%
[179.658s][info][gc,marking  ] GC(21) Mark: 4 stripe(s), 2 proactive flush(es), 1 terminate flush(es), 0 completion(s), 0 continuation(s) 
[179.658s][info][gc,marking  ] GC(21) Mark Stack Usage: 32M
[179.658s][info][gc,nmethod  ] GC(21) NMethods: 759 registered, 0 unregistered
[179.658s][info][gc,metaspace] GC(21) Metaspace: 107M used, 116M committed, 1152M reserved
[179.658s][info][gc,ref      ] GC(21) Soft: 2799 encountered, 2254 discovered, 0 enqueued
[179.658s][info][gc,ref      ] GC(21) Weak: 12954 encountered, 3478 discovered, 0 enqueued
[179.658s][info][gc,ref      ] GC(21) Final: 40 encountered, 0 discovered, 0 enqueued
[179.658s][info][gc,ref      ] GC(21) Phantom: 750 encountered, 454 discovered, 0 enqueued
[179.658s][info][gc,reloc    ] GC(21) Small Pages: 166 / 332M, Empty: 192M, Relocated: 3M, In-Place: 0
[179.658s][info][gc,reloc    ] GC(21) Medium Pages: 6 / 96M, Empty: 0M, Relocated: 27M, In-Place: 0
[179.658s][info][gc,reloc    ] GC(21) Large Pages: 12 / 48M, Empty: 0M, Relocated: 0M, In-Place: 0
[179.658s][info][gc,reloc    ] GC(21) Forwarding Usage: 0M
[179.658s][info][gc,heap     ] GC(21) Min Capacity: 8M(2%)
[179.658s][info][gc,heap     ] GC(21) Max Capacity: 512M(100%)
[179.658s][info][gc,heap     ] GC(21) Soft Max Capacity: 512M(100%)
[179.658s][info][gc,heap     ] GC(21)                Mark Start          Mark End        Relocate Start      Relocate End           High               Low         
[179.658s][info][gc,heap     ] GC(21)  Capacity:      512M (100%)        512M (100%)        512M (100%)        512M (100%)        512M (100%)        512M (100%)   
[179.658s][info][gc,heap     ] GC(21)      Free:       12M (2%)            0M (0%)          176M (34%)          70M (14%)         176M (34%)           0M (0%)     
[179.658s][info][gc,heap     ] GC(21)      Used:      500M (98%)         512M (100%)        336M (66%)         442M (86%)         512M (100%)        336M (66%)    
[179.658s][info][gc,heap     ] GC(21)      Live:         -               158M (31%)         158M (31%)         158M (31%)            -                  -          
[179.658s][info][gc,heap     ] GC(21) Allocated:         -                12M (2%)           28M (5%)          235M (46%)            -                  -          
[179.658s][info][gc,heap     ] GC(21)   Garbage:         -               341M (67%)         149M (29%)          48M (9%)             -                  -          
[179.658s][info][gc,heap     ] GC(21) Reclaimed:         -                  -               192M (38%)         293M (57%)            -                  -          
[179.658s][info][gc          ] GC(21) Garbage Collection (Allocation Stall) 500M(98%)->442M(86%)
[179.675s][info][gc,start    ] GC(22) Garbage Collection (Allocation Stall)
[179.675s][info][gc,ref      ] GC(22) Clearing All SoftReferences
[179.675s][info][gc,task     ] GC(22) Using 5 workers
[179.676s][info][gc,ref      ] GC(22) Clearing All SoftReferences
[179.676s][info][gc,phases   ] GC(22) Pause Mark Start 0.038ms
[179.676s][info][gc          ] Allocation Stall (Executor task launch worker for task 42.0 in stage 0.0 (TID 42)) 0.986ms
[179.676s][info][gc          ] Allocation Stall (Executor task launch worker for task 46.0 in stage 0.0 (TID 46)) 0.962ms
[179.676s][info][gc          ] Allocation Stall (Executor task launch worker for task 23.0 in stage 0.0 (TID 23)) 0.963ms
[179.676s][info][gc          ] Allocation Stall (Executor task launch worker for task 36.0 in stage 0.0 (TID 36)) 0.978ms
[179.676s][info][gc          ] Allocation Stall (Executor task launch worker for task 22.0 in stage 0.0 (TID 22)) 0.981ms
[179.676s][info][gc          ] Allocation Stall (Executor task launch worker for task 33.0 in stage 0.0 (TID 33)) 0.966ms
[179.676s][info][gc          ] Allocation Stall (Executor task launch worker for task 44.0 in stage 0.0 (TID 44)) 0.958ms
[179.676s][info][gc          ] Allocation Stall (Executor task launch worker for task 15.0 in stage 0.0 (TID 15)) 0.925ms
[179.676s][info][gc          ] Allocation Stall (Executor task launch worker for task 40.0 in stage 0.0 (TID 40)) 0.931ms
[179.676s][info][gc          ] Allocation Stall (Executor task launch worker for task 12.0 in stage 0.0 (TID 12)) 0.920ms
[179.676s][info][gc          ] Allocation Stall (Executor task launch worker for task 13.0 in stage 0.0 (TID 13)) 0.912ms
[179.676s][info][gc          ] Allocation Stall (Executor task launch worker for task 11.0 in stage 0.0 (TID 11)) 0.951ms
[179.676s][info][gc          ] Allocation Stall (Executor task launch worker for task 21.0 in stage 0.0 (TID 21)) 0.942ms
[179.676s][info][gc          ] Allocation Stall (Executor task launch worker for task 35.0 in stage 0.0 (TID 35)) 0.908ms
[179.676s][info][gc          ] Allocation Stall (Executor task launch worker for task 39.0 in stage 0.0 (TID 39)) 0.948ms
[179.676s][info][gc          ] Allocation Stall (Executor task launch worker for task 4.0 in stage 0.0 (TID 4)) 0.964ms
[179.676s][info][gc          ] Allocation Stall (Executor task launch worker for task 10.0 in stage 0.0 (TID 10)) 1.044ms
[179.676s][info][gc          ] Allocation Stall (Executor task launch worker for task 16.0 in stage 0.0 (TID 16)) 1.070ms
[179.676s][info][gc          ] Allocation Stall (Executor task launch worker for task 27.0 in stage 0.0 (TID 27)) 1.121ms
[179.676s][info][gc          ] Allocation Stall (Executor task launch worker for task 41.0 in stage 0.0 (TID 41)) 1.131ms
[179.676s][info][gc          ] Allocation Stall (Executor task launch worker for task 19.0 in stage 0.0 (TID 19)) 1.169ms
[179.676s][info][gc          ] Allocation Stall (Executor task launch worker for task 9.0 in stage 0.0 (TID 9)) 1.138ms
[179.677s][info][gc          ] Allocation Stall (Executor task launch worker for task 5.0 in stage 0.0 (TID 5)) 1.165ms
[179.677s][info][gc          ] Allocation Stall (Executor task launch worker for task 38.0 in stage 0.0 (TID 38)) 0.401ms
[179.677s][info][gc          ] Allocation Stall (Executor task launch worker for task 24.0 in stage 0.0 (TID 24)) 0.475ms
[179.677s][info][gc          ] Allocation Stall (Executor task launch worker for task 17.0 in stage 0.0 (TID 17)) 0.498ms
[179.677s][info][gc          ] Allocation Stall (Executor task launch worker for task 37.0 in stage 0.0 (TID 37)) 0.522ms
[179.677s][info][gc          ] Allocation Stall (Executor task launch worker for task 7.0 in stage 0.0 (TID 7)) 0.512ms
[179.677s][info][gc          ] Allocation Stall (Executor task launch worker for task 1.0 in stage 0.0 (TID 1)) 0.539ms
[179.677s][info][gc          ] Allocation Stall (Executor task launch worker for task 2.0 in stage 0.0 (TID 2)) 0.561ms
[179.677s][info][gc          ] Allocation Stall (Executor task launch worker for task 26.0 in stage 0.0 (TID 26)) 0.586ms
[179.677s][info][gc          ] Allocation Stall (Executor task launch worker for task 31.0 in stage 0.0 (TID 31)) 0.655ms
[179.677s][info][gc          ] Allocation Stall (Executor task launch worker for task 3.0 in stage 0.0 (TID 3)) 0.684ms
[179.677s][info][gc          ] Allocation Stall (Executor task launch worker for task 30.0 in stage 0.0 (TID 30)) 0.712ms
[179.677s][info][gc          ] Allocation Stall (Executor task launch worker for task 29.0 in stage 0.0 (TID 29)) 0.755ms
[179.736s][info][gc,phases   ] GC(22) Concurrent Mark 59.373ms
[179.736s][info][gc,phases   ] GC(22) Pause Mark End 0.017ms
[179.736s][info][gc,phases   ] GC(22) Concurrent Mark Free 0.001ms
[179.737s][info][gc,phases   ] GC(22) Concurrent Process Non-Strong References 1.112ms
[179.737s][info][gc,phases   ] GC(22) Concurrent Reset Relocation Set 0.006ms
[179.737s][info][gc          ] Allocation Stall (Executor task launch worker for task 17.0 in stage 0.0 (TID 17)) 42.213ms
[179.737s][info][gc          ] Allocation Stall (Executor task launch worker for task 43.0 in stage 0.0 (TID 43)) 42.338ms
[179.737s][info][gc          ] Allocation Stall (Executor task launch worker for task 22.0 in stage 0.0 (TID 22)) 42.456ms
[179.737s][info][gc          ] Allocation Stall (Executor task launch worker for task 15.0 in stage 0.0 (TID 15)) 42.326ms
[179.737s][info][gc          ] Allocation Stall (Executor task launch worker for task 0.0 in stage 0.0 (TID 0)) 42.269ms
[179.737s][info][gc          ] Allocation Stall (Executor task launch worker for task 28.0 in stage 0.0 (TID 28)) 41.698ms
[179.737s][info][gc          ] Allocation Stall (Executor task launch worker for task 8.0 in stage 0.0 (TID 8)) 41.686ms
[179.737s][info][gc          ] Allocation Stall (Executor task launch worker for task 19.0 in stage 0.0 (TID 19)) 42.304ms
[179.737s][info][gc          ] Allocation Stall (Executor task launch worker for task 39.0 in stage 0.0 (TID 39)) 41.794ms
[179.737s][info][gc          ] Allocation Stall (Executor task launch worker for task 42.0 in stage 0.0 (TID 42)) 42.045ms
[179.737s][info][gc          ] Allocation Stall (Executor task launch worker for task 31.0 in stage 0.0 (TID 31)) 44.862ms
[179.737s][info][gc          ] Allocation Stall (Executor task launch worker for task 13.0 in stage 0.0 (TID 13)) 42.627ms
[179.737s][info][gc          ] Allocation Stall (Executor task launch worker for task 40.0 in stage 0.0 (TID 40)) 42.251ms
[179.737s][info][gc          ] Allocation Stall (Executor task launch worker for task 7.0 in stage 0.0 (TID 7)) 42.084ms
[179.737s][info][gc          ] Allocation Stall (Executor task launch worker for task 23.0 in stage 0.0 (TID 23)) 43.487ms
[179.737s][info][gc          ] Allocation Stall (Executor task launch worker for task 38.0 in stage 0.0 (TID 38)) 44.198ms
[179.737s][info][gc          ] Allocation Stall (Executor task launch worker for task 6.0 in stage 0.0 (TID 6)) 44.070ms
[179.737s][info][gc          ] Allocation Stall (Executor task launch worker for task 35.0 in stage 0.0 (TID 35)) 44.206ms
[179.737s][info][gc          ] Allocation Stall (Executor task launch worker for task 20.0 in stage 0.0 (TID 20)) 42.412ms
[179.737s][info][gc          ] Allocation Stall (Executor task launch worker for task 32.0 in stage 0.0 (TID 32)) 42.024ms
[179.737s][info][gc          ] Allocation Stall (Executor task launch worker for task 27.0 in stage 0.0 (TID 27)) 44.670ms
[179.737s][info][gc          ] Allocation Stall (Executor task launch worker for task 44.0 in stage 0.0 (TID 44)) 43.105ms
[179.737s][info][gc          ] Allocation Stall (Executor task launch worker for task 5.0 in stage 0.0 (TID 5)) 44.872ms
[179.737s][info][gc          ] Allocation Stall (Executor task launch worker for task 16.0 in stage 0.0 (TID 16)) 41.800ms
[179.737s][info][gc          ] Allocation Stall (Executor task launch worker for task 4.0 in stage 0.0 (TID 4)) 44.525ms
[179.737s][info][gc          ] Allocation Stall (Executor task launch worker for task 24.0 in stage 0.0 (TID 24)) 43.970ms
[179.737s][info][gc          ] Allocation Stall (Executor task launch worker for task 3.0 in stage 0.0 (TID 3)) 44.178ms
[179.737s][info][gc          ] Allocation Stall (Executor task launch worker for task 11.0 in stage 0.0 (TID 11)) 43.752ms
[179.737s][info][gc          ] Allocation Stall (Executor task launch worker for task 18.0 in stage 0.0 (TID 18)) 41.844ms
[179.737s][info][gc          ] Allocation Stall (Executor task launch worker for task 46.0 in stage 0.0 (TID 46)) 45.002ms
[179.737s][info][gc          ] Allocation Stall (Executor task launch worker for task 10.0 in stage 0.0 (TID 10)) 44.974ms
[179.737s][info][gc          ] Allocation Stall (Executor task launch worker for task 12.0 in stage 0.0 (TID 12)) 43.323ms
[179.737s][info][gc          ] Allocation Stall (Executor task launch worker for task 9.0 in stage 0.0 (TID 9)) 41.857ms
[179.737s][info][gc          ] Allocation Stall (Executor task launch worker for task 36.0 in stage 0.0 (TID 36)) 42.230ms
[179.737s][info][gc          ] Allocation Stall (Executor task launch worker for task 41.0 in stage 0.0 (TID 41)) 44.871ms
[179.737s][info][gc          ] Allocation Stall (Executor task launch worker for task 21.0 in stage 0.0 (TID 21)) 45.083ms
[179.737s][info][gc          ] Allocation Stall (Executor task launch worker for task 25.0 in stage 0.0 (TID 25)) 43.637ms
[179.737s][info][gc          ] Allocation Stall (Executor task launch worker for task 47.0 in stage 0.0 (TID 47)) 43.657ms
[179.737s][info][gc          ] Allocation Stall (Executor task launch worker for task 30.0 in stage 0.0 (TID 30)) 45.058ms
[179.737s][info][gc          ] Allocation Stall (Executor task launch worker for task 1.0 in stage 0.0 (TID 1)) 41.977ms
[179.737s][info][gc          ] Allocation Stall (Executor task launch worker for task 37.0 in stage 0.0 (TID 37)) 44.221ms
[179.737s][info][gc          ] Allocation Stall (Executor task launch worker for task 29.0 in stage 0.0 (TID 29)) 42.171ms
[179.737s][info][gc          ] Allocation Stall (Executor task launch worker for task 33.0 in stage 0.0 (TID 33)) 42.506ms
[179.737s][info][gc          ] Allocation Stall (Executor task launch worker for task 45.0 in stage 0.0 (TID 45)) 42.121ms
[179.737s][info][gc          ] Allocation Stall (Executor task launch worker for task 26.0 in stage 0.0 (TID 26)) 45.080ms
[179.737s][info][gc          ] Allocation Stall (Executor task launch worker for task 34.0 in stage 0.0 (TID 34)) 42.140ms
[179.737s][info][gc          ] Allocation Stall (Executor task launch worker for task 2.0 in stage 0.0 (TID 2)) 42.545ms
[179.737s][info][gc          ] Allocation Stall (Executor task launch worker for task 14.0 in stage 0.0 (TID 14)) 44.636ms
[179.755s][info][gc,phases   ] GC(22) Concurrent Select Relocation Set 17.953ms
[179.767s][info][gc,phases   ] GC(22) Pause Relocate Start 0.010ms
[179.790s][info][gc          ] Allocation Stall (Executor task launch worker for task 16.0 in stage 0.0 (TID 16)) 0.029ms
[179.790s][info][gc          ] Allocation Stall (Executor task launch worker for task 13.0 in stage 0.0 (TID 13)) 0.183ms
[179.790s][info][gc          ] Allocation Stall (Executor task launch worker for task 9.0 in stage 0.0 (TID 9)) 0.292ms
[179.795s][info][gc          ] Allocation Stall (Executor task launch worker for task 29.0 in stage 0.0 (TID 29)) 5.487ms
[179.795s][info][gc          ] Allocation Stall (Executor task launch worker for task 47.0 in stage 0.0 (TID 47)) 5.377ms
[179.795s][info][gc          ] Allocation Stall (Executor task launch worker for task 10.0 in stage 0.0 (TID 10)) 5.197ms
[179.795s][info][gc          ] Allocation Stall (Executor task launch worker for task 43.0 in stage 0.0 (TID 43)) 5.181ms
[179.795s][info][gc          ] Allocation Stall (Executor task launch worker for task 45.0 in stage 0.0 (TID 45)) 5.486ms
[179.795s][info][gc          ] Allocation Stall (Executor task launch worker for task 33.0 in stage 0.0 (TID 33)) 5.399ms
[179.795s][info][gc          ] Allocation Stall (Executor task launch worker for task 46.0 in stage 0.0 (TID 46)) 5.173ms
[179.795s][info][gc          ] Allocation Stall (Executor task launch worker for task 12.0 in stage 0.0 (TID 12)) 5.227ms
[179.798s][info][gc          ] Allocation Stall (Executor task launch worker for task 34.0 in stage 0.0 (TID 34)) 7.911ms
[179.798s][info][gc          ] Allocation Stall (Executor task launch worker for task 30.0 in stage 0.0 (TID 30)) 7.779ms
[179.798s][info][gc          ] Allocation Stall (Executor task launch worker for task 28.0 in stage 0.0 (TID 28)) 7.802ms
[179.798s][info][gc          ] Allocation Stall (Executor task launch worker for task 25.0 in stage 0.0 (TID 25)) 7.829ms
[179.798s][info][gc          ] Allocation Stall (Executor task launch worker for task 6.0 in stage 0.0 (TID 6)) 7.843ms
[179.799s][info][gc          ] Allocation Stall (Executor task launch worker for task 27.0 in stage 0.0 (TID 27)) 8.393ms
[179.799s][info][gc          ] Allocation Stall (Executor task launch worker for task 9.0 in stage 0.0 (TID 9)) 8.440ms
[179.799s][info][gc          ] Allocation Stall (Executor task launch worker for task 1.0 in stage 0.0 (TID 1)) 8.468ms
[179.799s][info][gc          ] Allocation Stall (Executor task launch worker for task 40.0 in stage 0.0 (TID 40)) 8.518ms
[179.799s][info][gc          ] Allocation Stall (Executor task launch worker for task 24.0 in stage 0.0 (TID 24)) 8.523ms
[179.799s][info][gc          ] Allocation Stall (Executor task launch worker for task 13.0 in stage 0.0 (TID 13)) 8.570ms
[179.799s][info][gc          ] Allocation Stall (Executor task launch worker for task 4.0 in stage 0.0 (TID 4)) 8.414ms
[179.801s][info][gc          ] Allocation Stall (Executor task launch worker for task 5.0 in stage 0.0 (TID 5)) 10.207ms
[179.801s][info][gc          ] Allocation Stall (Executor task launch worker for task 16.0 in stage 0.0 (TID 16)) 10.226ms
[179.801s][info][gc          ] Allocation Stall (Executor task launch worker for task 8.0 in stage 0.0 (TID 8)) 9.040ms
[179.801s][info][gc          ] Allocation Stall (Executor task launch worker for task 42.0 in stage 0.0 (TID 42)) 9.250ms
[179.801s][info][gc          ] Allocation Stall (Executor task launch worker for task 18.0 in stage 0.0 (TID 18)) 8.952ms
[179.801s][info][gc          ] Allocation Stall (Executor task launch worker for task 41.0 in stage 0.0 (TID 41)) 8.642ms
[179.802s][info][gc          ] Allocation Stall (Executor task launch worker for task 38.0 in stage 0.0 (TID 38)) 7.541ms
[179.802s][info][gc          ] Allocation Stall (Executor task launch worker for task 35.0 in stage 0.0 (TID 35)) 6.760ms
[179.802s][info][gc          ] Allocation Stall (Executor task launch worker for task 3.0 in stage 0.0 (TID 3)) 6.586ms
[179.804s][info][gc          ] Allocation Stall (Executor task launch worker for task 0.0 in stage 0.0 (TID 0)) 8.584ms
[179.811s][info][gc          ] Allocation Stall (Executor task launch worker for task 23.0 in stage 0.0 (TID 23)) 14.212ms
[179.811s][info][gc          ] Allocation Stall (Executor task launch worker for task 2.0 in stage 0.0 (TID 2)) 14.084ms
[179.811s][info][gc          ] Allocation Stall (Executor task launch worker for task 26.0 in stage 0.0 (TID 26)) 14.771ms
[179.811s][info][gc,phases   ] GC(22) Concurrent Relocate 43.269ms
[179.811s][info][gc          ] Allocation Stall (Executor task launch worker for task 17.0 in stage 0.0 (TID 17)) 14.934ms
[179.811s][info][gc          ] Allocation Stall (Executor task launch worker for task 20.0 in stage 0.0 (TID 20)) 14.717ms
[179.811s][info][gc          ] Allocation Stall (Executor task launch worker for task 39.0 in stage 0.0 (TID 39)) 14.641ms
[179.811s][info][gc          ] Allocation Stall (Executor task launch worker for task 32.0 in stage 0.0 (TID 32)) 14.572ms
[179.811s][info][gc          ] Allocation Stall (Executor task launch worker for task 37.0 in stage 0.0 (TID 37)) 14.406ms
[179.811s][info][gc,load     ] GC(22) Load: 0.00/0.00/0.00
[179.811s][info][gc,mmu      ] GC(22) MMU: 2ms/97.5%, 5ms/99.0%, 10ms/99.5%, 20ms/99.7%, 50ms/99.9%, 100ms/99.9%
[179.811s][info][gc,marking  ] GC(22) Mark: 4 stripe(s), 2 proactive flush(es), 1 terminate flush(es), 0 completion(s), 0 continuation(s) 
[179.811s][info][gc,marking  ] GC(22) Mark Stack Usage: 32M
[179.811s][info][gc,nmethod  ] GC(22) NMethods: 760 registered, 0 unregistered
[179.811s][info][gc,metaspace] GC(22) Metaspace: 107M used, 116M committed, 1152M reserved
[179.811s][info][gc,ref      ] GC(22) Soft: 2799 encountered, 2240 discovered, 0 enqueued
[179.811s][info][gc,ref      ] GC(22) Weak: 12954 encountered, 3867 discovered, 0 enqueued
[179.811s][info][gc,ref      ] GC(22) Final: 40 encountered, 0 discovered, 0 enqueued
[179.811s][info][gc,ref      ] GC(22) Phantom: 750 encountered, 618 discovered, 0 enqueued
[179.811s][info][gc,reloc    ] GC(22) Small Pages: 168 / 336M, Empty: 196M, Relocated: 3M, In-Place: 0
[179.811s][info][gc,reloc    ] GC(22) Medium Pages: 6 / 96M, Empty: 0M, Relocated: 4M, In-Place: 0
[179.811s][info][gc,reloc    ] GC(22) Large Pages: 12 / 48M, Empty: 0M, Relocated: 0M, In-Place: 0
[179.811s][info][gc,reloc    ] GC(22) Forwarding Usage: 0M
[179.811s][info][gc,heap     ] GC(22) Min Capacity: 8M(2%)
[179.811s][info][gc,heap     ] GC(22) Max Capacity: 512M(100%)
[179.811s][info][gc,heap     ] GC(22) Soft Max Capacity: 512M(100%)
[179.811s][info][gc,heap     ] GC(22)                Mark Start          Mark End        Relocate Start      Relocate End           High               Low         
[179.811s][info][gc,heap     ] GC(22)  Capacity:      512M (100%)        512M (100%)        512M (100%)        512M (100%)        512M (100%)        512M (100%)   
[179.811s][info][gc,heap     ] GC(22)      Free:        0M (0%)            0M (0%)          154M (30%)           0M (0%)          172M (34%)           0M (0%)     
[179.811s][info][gc,heap     ] GC(22)      Used:      512M (100%)        512M (100%)        358M (70%)         512M (100%)        512M (100%)        340M (66%)    
[179.811s][info][gc,heap     ] GC(22)      Live:         -               160M (31%)         160M (31%)         160M (31%)            -                  -          
[179.811s][info][gc,heap     ] GC(22) Allocated:         -                 0M (0%)           42M (8%)          276M (54%)            -                  -          
[179.811s][info][gc,heap     ] GC(22)   Garbage:         -               351M (69%)         155M (30%)          75M (15%)            -                  -          
[179.811s][info][gc,heap     ] GC(22) Reclaimed:         -                  -               196M (38%)         276M (54%)            -                  -          
[179.811s][info][gc          ] GC(22) Garbage Collection (Allocation Stall) 512M(100%)->512M(100%)
[179.811s][info][gc,start    ] GC(23) Garbage Collection (Allocation Stall)
[179.811s][info][gc,ref      ] GC(23) Clearing All SoftReferences
[179.811s][info][gc,task     ] GC(23) Using 5 workers
[179.812s][info][gc,ref      ] GC(23) Clearing All SoftReferences
[179.812s][info][gc,phases   ] GC(23) Pause Mark Start 0.028ms
[179.812s][info][gc          ] Allocation Stall (Executor task launch worker for task 15.0 in stage 0.0 (TID 15)) 15.130ms
[179.812s][info][gc          ] Allocation Stall (Executor task launch worker for task 40.0 in stage 0.0 (TID 40)) 5.418ms
[179.812s][info][gc          ] Allocation Stall (Executor task launch worker for task 44.0 in stage 0.0 (TID 44)) 4.787ms
[179.812s][info][gc          ] Allocation Stall (Executor task launch worker for task 14.0 in stage 0.0 (TID 14)) 15.240ms
[179.812s][info][gc          ] Allocation Stall (Executor task launch worker for task 13.0 in stage 0.0 (TID 13)) 5.238ms
[179.812s][info][gc          ] Allocation Stall (Executor task launch worker for task 7.0 in stage 0.0 (TID 7)) 15.085ms
[179.812s][info][gc          ] Allocation Stall (Executor task launch worker for task 22.0 in stage 0.0 (TID 22)) 5.230ms
[179.812s][info][gc          ] Allocation Stall (Executor task launch worker for task 11.0 in stage 0.0 (TID 11)) 4.707ms
[179.812s][info][gc          ] Allocation Stall (Executor task launch worker for task 36.0 in stage 0.0 (TID 36)) 4.578ms
[179.812s][info][gc          ] Allocation Stall (Executor task launch worker for task 16.0 in stage 0.0 (TID 16)) 4.577ms
[179.812s][info][gc          ] Allocation Stall (Executor task launch worker for task 4.0 in stage 0.0 (TID 4)) 4.107ms
[179.812s][info][gc          ] Allocation Stall (Executor task launch worker for task 31.0 in stage 0.0 (TID 31)) 3.857ms
[179.812s][info][gc          ] Allocation Stall (Executor task launch worker for task 42.0 in stage 0.0 (TID 42)) 3.783ms
[179.812s][info][gc          ] Allocation Stall (Executor task launch worker for task 5.0 in stage 0.0 (TID 5)) 3.751ms
[179.812s][info][gc          ] Allocation Stall (Executor task launch worker for task 33.0 in stage 0.0 (TID 33)) 3.790ms
[179.812s][info][gc          ] Allocation Stall (Executor task launch worker for task 43.0 in stage 0.0 (TID 43)) 3.656ms
[179.812s][info][gc          ] Allocation Stall (Executor task launch worker for task 0.0 in stage 0.0 (TID 0)) 3.478ms
[179.812s][info][gc          ] Allocation Stall (Executor task launch worker for task 35.0 in stage 0.0 (TID 35)) 3.429ms
[179.812s][info][gc          ] Allocation Stall (Executor task launch worker for task 8.0 in stage 0.0 (TID 8)) 3.210ms
[179.812s][info][gc          ] Allocation Stall (Executor task launch worker for task 3.0 in stage 0.0 (TID 3)) 3.014ms
[179.812s][info][gc          ] Allocation Stall (Executor task launch worker for task 12.0 in stage 0.0 (TID 12)) 3.024ms
[179.812s][info][gc          ] Allocation Stall (Executor task launch worker for task 38.0 in stage 0.0 (TID 38)) 3.087ms
[179.812s][info][gc          ] Allocation Stall (Executor task launch worker for task 46.0 in stage 0.0 (TID 46)) 3.057ms
[179.813s][info][gc          ] Allocation Stall (Executor task launch worker for task 19.0 in stage 0.0 (TID 19)) 2.976ms
[179.813s][info][gc          ] Allocation Stall (Executor task launch worker for task 18.0 in stage 0.0 (TID 18)) 2.952ms
[179.813s][info][gc          ] Allocation Stall (Executor task launch worker for task 10.0 in stage 0.0 (TID 10)) 2.682ms
[179.813s][info][gc          ] Allocation Stall (Executor task launch worker for task 34.0 in stage 0.0 (TID 34)) 2.544ms
[179.813s][info][gc          ] Allocation Stall (Executor task launch worker for task 25.0 in stage 0.0 (TID 25)) 2.526ms
[179.813s][info][gc          ] Allocation Stall (Executor task launch worker for task 28.0 in stage 0.0 (TID 28)) 2.563ms
[179.813s][info][gc          ] Allocation Stall (Executor task launch worker for task 47.0 in stage 0.0 (TID 47)) 2.601ms
[179.813s][info][gc          ] Allocation Stall (Executor task launch worker for task 6.0 in stage 0.0 (TID 6)) 2.579ms
[179.813s][info][gc          ] Allocation Stall (Executor task launch worker for task 9.0 in stage 0.0 (TID 9)) 2.177ms
[179.813s][info][gc          ] Allocation Stall (Executor task launch worker for task 24.0 in stage 0.0 (TID 24)) 2.233ms
[179.813s][info][gc          ] Allocation Stall (Executor task launch worker for task 1.0 in stage 0.0 (TID 1)) 2.321ms
[179.845s][info][gc,phases   ] GC(23) Concurrent Mark 32.986ms
[179.845s][info][gc,phases   ] GC(23) Pause Mark End 0.014ms
[179.845s][info][gc,phases   ] GC(23) Concurrent Mark Free 0.001ms
[179.846s][info][gc,phases   ] GC(23) Concurrent Process Non-Strong References 0.766ms
[179.846s][info][gc,phases   ] GC(23) Concurrent Reset Relocation Set 0.005ms
[179.846s][info][gc          ] Allocation Stall (Executor task launch worker for task 31.0 in stage 0.0 (TID 31)) 27.450ms
[179.846s][info][gc          ] Allocation Stall (Executor task launch worker for task 34.0 in stage 0.0 (TID 34)) 25.243ms
[179.846s][info][gc          ] Allocation Stall (Executor task launch worker for task 22.0 in stage 0.0 (TID 22)) 24.899ms
[179.846s][info][gc          ] Allocation Stall (Executor task launch worker for task 28.0 in stage 0.0 (TID 28)) 25.310ms
[179.846s][info][gc          ] Allocation Stall (Executor task launch worker for task 6.0 in stage 0.0 (TID 6)) 27.399ms
[179.846s][info][gc          ] Allocation Stall (Executor task launch worker for task 1.0 in stage 0.0 (TID 1)) 25.786ms
[179.846s][info][gc          ] Allocation Stall (Executor task launch worker for task 8.0 in stage 0.0 (TID 8)) 26.184ms
[179.846s][info][gc          ] Allocation Stall (Executor task launch worker for task 35.0 in stage 0.0 (TID 35)) 26.309ms
[179.846s][info][gc          ] Allocation Stall (Executor task launch worker for task 9.0 in stage 0.0 (TID 9)) 26.682ms
[179.846s][info][gc          ] Allocation Stall (Executor task launch worker for task 16.0 in stage 0.0 (TID 16)) 27.610ms
[179.846s][info][gc          ] Allocation Stall (Executor task launch worker for task 24.0 in stage 0.0 (TID 24)) 24.996ms
[179.846s][info][gc          ] Allocation Stall (Executor task launch worker for task 14.0 in stage 0.0 (TID 14)) 25.122ms
[179.846s][info][gc          ] Allocation Stall (Executor task launch worker for task 46.0 in stage 0.0 (TID 46)) 25.872ms
[179.846s][info][gc          ] Allocation Stall (Executor task launch worker for task 20.0 in stage 0.0 (TID 20)) 34.229ms
[179.846s][info][gc          ] Allocation Stall (Executor task launch worker for task 40.0 in stage 0.0 (TID 40)) 24.971ms
[179.846s][info][gc          ] Allocation Stall (Executor task launch worker for task 11.0 in stage 0.0 (TID 11)) 24.857ms
[179.846s][info][gc          ] Allocation Stall (Executor task launch worker for task 19.0 in stage 0.0 (TID 19)) 25.761ms
[179.846s][info][gc          ] Allocation Stall (Executor task launch worker for task 15.0 in stage 0.0 (TID 15)) 28.039ms
[179.846s][info][gc          ] Allocation Stall (Executor task launch worker for task 47.0 in stage 0.0 (TID 47)) 22.456ms
[179.846s][info][gc          ] Allocation Stall (Executor task launch worker for task 13.0 in stage 0.0 (TID 13)) 24.979ms
[179.846s][info][gc          ] Allocation Stall (Executor task launch worker for task 17.0 in stage 0.0 (TID 17)) 34.262ms
[179.846s][info][gc          ] Allocation Stall (Executor task launch worker for task 18.0 in stage 0.0 (TID 18)) 26.441ms
[179.846s][info][gc          ] Allocation Stall (Executor task launch worker for task 36.0 in stage 0.0 (TID 36)) 24.882ms
[179.846s][info][gc          ] Allocation Stall (Executor task launch worker for task 33.0 in stage 0.0 (TID 33)) 27.304ms
[179.846s][info][gc          ] Allocation Stall (Executor task launch worker for task 0.0 in stage 0.0 (TID 0)) 26.428ms
[179.846s][info][gc          ] Allocation Stall (Executor task launch worker for task 25.0 in stage 0.0 (TID 25)) 25.325ms
[179.846s][info][gc          ] Allocation Stall (Executor task launch worker for task 21.0 in stage 0.0 (TID 21)) 24.027ms
[179.846s][info][gc          ] Allocation Stall (Executor task launch worker for task 41.0 in stage 0.0 (TID 41)) 22.848ms
[179.846s][info][gc          ] Allocation Stall (Executor task launch worker for task 43.0 in stage 0.0 (TID 43)) 27.241ms
[179.846s][info][gc          ] Allocation Stall (Executor task launch worker for task 29.0 in stage 0.0 (TID 29)) 35.404ms
[179.846s][info][gc          ] Allocation Stall (Executor task launch worker for task 2.0 in stage 0.0 (TID 2)) 34.275ms
[179.846s][info][gc          ] Allocation Stall (Executor task launch worker for task 38.0 in stage 0.0 (TID 38)) 26.614ms
[179.846s][info][gc          ] Allocation Stall (Executor task launch worker for task 12.0 in stage 0.0 (TID 12)) 25.779ms
[179.846s][info][gc          ] Allocation Stall (Executor task launch worker for task 32.0 in stage 0.0 (TID 32)) 34.279ms
[179.846s][info][gc          ] Allocation Stall (Executor task launch worker for task 3.0 in stage 0.0 (TID 3)) 25.970ms
[179.846s][info][gc          ] Allocation Stall (Executor task launch worker for task 37.0 in stage 0.0 (TID 37)) 34.276ms
[179.846s][info][gc          ] Allocation Stall (Executor task launch worker for task 7.0 in stage 0.0 (TID 7)) 24.910ms
[179.846s][info][gc          ] Allocation Stall (Executor task launch worker for task 27.0 in stage 0.0 (TID 27)) 35.288ms
[179.846s][info][gc          ] Allocation Stall (Executor task launch worker for task 45.0 in stage 0.0 (TID 45)) 35.419ms
[179.846s][info][gc          ] Allocation Stall (Executor task launch worker for task 30.0 in stage 0.0 (TID 30)) 35.419ms
[179.846s][info][gc          ] Allocation Stall (Executor task launch worker for task 42.0 in stage 0.0 (TID 42)) 27.335ms
[179.846s][info][gc          ] Allocation Stall (Executor task launch worker for task 44.0 in stage 0.0 (TID 44)) 28.062ms
[179.846s][info][gc          ] Allocation Stall (Executor task launch worker for task 23.0 in stage 0.0 (TID 23)) 34.291ms
[179.846s][info][gc          ] Allocation Stall (Executor task launch worker for task 26.0 in stage 0.0 (TID 26)) 34.291ms
[179.846s][info][gc          ] Allocation Stall (Executor task launch worker for task 39.0 in stage 0.0 (TID 39)) 34.287ms
[179.846s][info][gc          ] Allocation Stall (Executor task launch worker for task 5.0 in stage 0.0 (TID 5)) 27.519ms
[179.846s][info][gc          ] Allocation Stall (Executor task launch worker for task 10.0 in stage 0.0 (TID 10)) 25.614ms
[179.846s][info][gc          ] Allocation Stall (Executor task launch worker for task 4.0 in stage 0.0 (TID 4)) 27.112ms
[179.850s][info][gc,phases   ] GC(23) Concurrent Select Relocation Set 3.750ms
[179.876s][info][gc,phases   ] GC(23) Pause Relocate Start 0.013ms
[179.906s][info][gc          ] Allocation Stall (Executor task launch worker for task 15.0 in stage 0.0 (TID 15)) 8.201ms
[179.906s][info][gc          ] Allocation Stall (Executor task launch worker for task 19.0 in stage 0.0 (TID 19)) 8.051ms
[179.906s][info][gc          ] Allocation Stall (Executor task launch worker for task 16.0 in stage 0.0 (TID 16)) 8.172ms
[179.906s][info][gc          ] Allocation Stall (Executor task launch worker for task 2.0 in stage 0.0 (TID 2)) 8.065ms
[179.906s][info][gc          ] Allocation Stall (Executor task launch worker for task 7.0 in stage 0.0 (TID 7)) 8.045ms
[179.906s][info][gc          ] Allocation Stall (Executor task launch worker for task 23.0 in stage 0.0 (TID 23)) 8.132ms
[179.906s][info][gc          ] Allocation Stall (Executor task launch worker for task 45.0 in stage 0.0 (TID 45)) 8.149ms
[179.906s][info][gc          ] Allocation Stall (Executor task launch worker for task 33.0 in stage 0.0 (TID 33)) 8.027ms
[179.906s][info][gc          ] Allocation Stall (Executor task launch worker for task 35.0 in stage 0.0 (TID 35)) 8.140ms
[179.906s][info][gc          ] Allocation Stall (Executor task launch worker for task 43.0 in stage 0.0 (TID 43)) 8.175ms
[179.906s][info][gc          ] Allocation Stall (Executor task launch worker for task 36.0 in stage 0.0 (TID 36)) 8.143ms
[179.906s][info][gc          ] Allocation Stall (Executor task launch worker for task 12.0 in stage 0.0 (TID 12)) 8.114ms
[179.906s][info][gc          ] Allocation Stall (Executor task launch worker for task 29.0 in stage 0.0 (TID 29)) 8.112ms
[179.906s][info][gc          ] Allocation Stall (Executor task launch worker for task 21.0 in stage 0.0 (TID 21)) 8.123ms
[179.906s][info][gc          ] Allocation Stall (Executor task launch worker for task 24.0 in stage 0.0 (TID 24)) 8.120ms
[179.906s][info][gc          ] Allocation Stall (Executor task launch worker for task 38.0 in stage 0.0 (TID 38)) 8.107ms
[179.906s][info][gc,phases   ] GC(23) Concurrent Relocate 30.051ms
[179.907s][info][gc          ] Allocation Stall (Executor task launch worker for task 22.0 in stage 0.0 (TID 22)) 8.279ms
[179.907s][info][gc          ] Allocation Stall (Executor task launch worker for task 9.0 in stage 0.0 (TID 9)) 8.308ms
[179.907s][info][gc,load     ] GC(23) Load: 0.00/0.00/0.00
[179.907s][info][gc          ] Allocation Stall (Executor task launch worker for task 1.0 in stage 0.0 (TID 1)) 8.470ms
[179.907s][info][gc,mmu      ] GC(23) MMU: 2ms/97.5%, 5ms/99.0%, 10ms/99.5%, 20ms/99.7%, 50ms/99.9%, 100ms/99.9%
[179.907s][info][gc          ] Allocation Stall (Executor task launch worker for task 3.0 in stage 0.0 (TID 3)) 8.427ms
[179.907s][info][gc,marking  ] GC(23) Mark: 4 stripe(s), 2 proactive flush(es), 1 terminate flush(es), 0 completion(s), 0 continuation(s) 
[179.907s][info][gc,marking  ] GC(23) Mark Stack Usage: 32M
[179.907s][info][gc          ] Allocation Stall (Executor task launch worker for task 8.0 in stage 0.0 (TID 8)) 8.414ms
[179.907s][info][gc,nmethod  ] GC(23) NMethods: 762 registered, 0 unregistered
[179.907s][info][gc          ] Allocation Stall (Executor task launch worker for task 28.0 in stage 0.0 (TID 28)) 8.260ms
[179.907s][info][gc,metaspace] GC(23) Metaspace: 107M used, 116M committed, 1152M reserved
[179.907s][info][gc          ] Allocation Stall (Executor task launch worker for task 5.0 in stage 0.0 (TID 5)) 8.129ms
[179.907s][info][gc          ] Allocation Stall (Executor task launch worker for task 41.0 in stage 0.0 (TID 41)) 7.961ms
[179.907s][info][gc,ref      ] GC(23) Soft: 2799 encountered, 354 discovered, 0 enqueued
[179.907s][info][gc          ] Allocation Stall (Executor task launch worker for task 18.0 in stage 0.0 (TID 18)) 7.612ms
[179.907s][info][gc          ] Allocation Stall (Executor task launch worker for task 42.0 in stage 0.0 (TID 42)) 7.181ms
[179.907s][info][gc,ref      ] GC(23) Weak: 12954 encountered, 2244 discovered, 0 enqueued
[179.907s][info][gc          ] Allocation Stall (Executor task launch worker for task 32.0 in stage 0.0 (TID 32)) 7.147ms
[179.907s][info][gc          ] Allocation Stall (Executor task launch worker for task 31.0 in stage 0.0 (TID 31)) 7.080ms
[179.907s][info][gc,ref      ] GC(23) Final: 40 encountered, 0 discovered, 0 enqueued
[179.907s][info][gc          ] Allocation Stall (Executor task launch worker for task 44.0 in stage 0.0 (TID 44)) 6.874ms
[179.907s][info][gc          ] Allocation Stall (Executor task launch worker for task 17.0 in stage 0.0 (TID 17)) 6.874ms
[179.907s][info][gc,ref      ] GC(23) Phantom: 750 encountered, 695 discovered, 0 enqueued
[179.907s][info][gc          ] Allocation Stall (Executor task launch worker for task 6.0 in stage 0.0 (TID 6)) 6.830ms
[179.907s][info][gc          ] Allocation Stall (Executor task launch worker for task 13.0 in stage 0.0 (TID 13)) 6.716ms
[179.907s][info][gc,reloc    ] GC(23) Small Pages: 173 / 346M, Empty: 212M, Relocated: 3M, In-Place: 0
[179.907s][info][gc          ] Allocation Stall (Executor task launch worker for task 47.0 in stage 0.0 (TID 47)) 6.573ms
[179.907s][info][gc,reloc    ] GC(23) Medium Pages: 6 / 96M, Empty: 0M, Relocated: 11M, In-Place: 0
[179.907s][info][gc          ] Allocation Stall (Executor task launch worker for task 14.0 in stage 0.0 (TID 14)) 6.575ms
[179.907s][info][gc,reloc    ] GC(23) Large Pages: 14 / 56M, Empty: 0M, Relocated: 0M, In-Place: 0
[179.908s][info][gc          ] Allocation Stall (Executor task launch worker for task 27.0 in stage 0.0 (TID 27)) 6.604ms
[179.908s][info][gc,reloc    ] GC(23) Forwarding Usage: 0M
[179.908s][info][gc          ] Allocation Stall (Executor task launch worker for task 39.0 in stage 0.0 (TID 39)) 6.635ms
[179.908s][info][gc,heap     ] GC(23) Min Capacity: 8M(2%)
[179.908s][info][gc          ] Allocation Stall (Executor task launch worker for task 34.0 in stage 0.0 (TID 34)) 6.633ms
[179.908s][info][gc,heap     ] GC(23) Max Capacity: 512M(100%)
[179.908s][info][gc          ] Allocation Stall (Executor task launch worker for task 11.0 in stage 0.0 (TID 11)) 6.652ms
[179.908s][info][gc,heap     ] GC(23) Soft Max Capacity: 512M(100%)
[179.908s][info][gc,heap     ] GC(23)                Mark Start          Mark End        Relocate Start      Relocate End           High               Low         
[179.908s][info][gc,heap     ] GC(23)  Capacity:      512M (100%)        512M (100%)        512M (100%)        512M (100%)        512M (100%)        512M (100%)   
[179.908s][info][gc,heap     ] GC(23)      Free:        0M (0%)            0M (0%)          102M (20%)           0M (0%)          186M (36%)           0M (0%)     
[179.908s][info][gc,heap     ] GC(23)      Used:      512M (100%)        512M (100%)        410M (80%)         512M (100%)        512M (100%)        326M (64%)    
[179.908s][info][gc,heap     ] GC(23)      Live:         -               173M (34%)         173M (34%)         173M (34%)            -                  -          
[179.908s][info][gc,heap     ] GC(23) Allocated:         -                 0M (0%)          110M (21%)         282M (55%)            -                  -          
[179.908s][info][gc,heap     ] GC(23)   Garbage:         -               338M (66%)         126M (25%)          56M (11%)            -                  -          
[179.908s][info][gc,heap     ] GC(23) Reclaimed:         -                  -               212M (41%)         282M (55%)            -                  -          
[179.908s][info][gc          ] GC(23) Garbage Collection (Allocation Stall) 512M(100%)->512M(100%)
[179.908s][info][gc,start    ] GC(24) Garbage Collection (Allocation Stall)
[179.908s][info][gc,ref      ] GC(24) Clearing All SoftReferences
[179.908s][info][gc,task     ] GC(24) Using 5 workers
[179.923s][info][gc,ref      ] GC(24) Clearing All SoftReferences
[179.923s][info][gc,phases   ] GC(24) Pause Mark Start 0.045ms
[179.923s][info][gc          ] Allocation Stall (Executor task launch worker for task 30.0 in stage 0.0 (TID 30)) 19.654ms
[179.923s][info][gc          ] Allocation Stall (Executor task launch worker for task 46.0 in stage 0.0 (TID 46)) 21.885ms
[179.923s][info][gc          ] Allocation Stall (Executor task launch worker for task 10.0 in stage 0.0 (TID 10)) 21.999ms
[179.923s][info][gc          ] Allocation Stall (Executor task launch worker for task 4.0 in stage 0.0 (TID 4)) 18.628ms
[179.923s][info][gc          ] Allocation Stall (Executor task launch worker for task 40.0 in stage 0.0 (TID 40)) 19.894ms
[179.923s][info][gc          ] Allocation Stall (Executor task launch worker for task 26.0 in stage 0.0 (TID 26)) 19.393ms
[179.923s][info][gc          ] Allocation Stall (Executor task launch worker for task 0.0 in stage 0.0 (TID 0)) 19.543ms
[179.923s][info][gc          ] Allocation Stall (Executor task launch worker for task 21.0 in stage 0.0 (TID 21)) 0.009ms
[179.923s][info][gc          ] Allocation Stall (Executor task launch worker for task 34.0 in stage 0.0 (TID 34)) 0.018ms
[179.923s][info][gc          ] Allocation Stall (Executor task launch worker for task 20.0 in stage 0.0 (TID 20)) 0.127ms
[179.923s][info][gc          ] Allocation Stall (Executor task launch worker for task 17.0 in stage 0.0 (TID 17)) 0.165ms
[179.923s][info][gc          ] Allocation Stall (Executor task launch worker for task 44.0 in stage 0.0 (TID 44)) 0.181ms
[179.924s][info][gc          ] Allocation Stall (Executor task launch worker for task 29.0 in stage 0.0 (TID 29)) 0.264ms
[179.924s][info][gc          ] Allocation Stall (Executor task launch worker for task 38.0 in stage 0.0 (TID 38)) 0.293ms
[179.924s][info][gc          ] Allocation Stall (Executor task launch worker for task 11.0 in stage 0.0 (TID 11)) 0.318ms
[179.924s][info][gc          ] Allocation Stall (Executor task launch worker for task 23.0 in stage 0.0 (TID 23)) 0.353ms
[179.924s][info][gc          ] Allocation Stall (Executor task launch worker for task 37.0 in stage 0.0 (TID 37)) 0.389ms
[179.924s][info][gc          ] Allocation Stall (Executor task launch worker for task 9.0 in stage 0.0 (TID 9)) 0.429ms
[179.924s][info][gc          ] Allocation Stall (Executor task launch worker for task 16.0 in stage 0.0 (TID 16)) 0.475ms
[179.924s][info][gc          ] Allocation Stall (Executor task launch worker for task 6.0 in stage 0.0 (TID 6)) 0.575ms
[179.924s][info][gc          ] Allocation Stall (Executor task launch worker for task 19.0 in stage 0.0 (TID 19)) 0.508ms
[179.970s][info][gc,phases   ] GC(24) Concurrent Mark 46.644ms
[179.970s][info][gc,phases   ] GC(24) Pause Mark End 0.017ms
[179.970s][info][gc,phases   ] GC(24) Concurrent Mark Free 0.001ms
[179.971s][info][gc,phases   ] GC(24) Concurrent Process Non-Strong References 1.182ms
[179.971s][info][gc,phases   ] GC(24) Concurrent Reset Relocation Set 0.007ms
[179.972s][info][gc          ] Allocation Stall (Executor task launch worker for task 3.0 in stage 0.0 (TID 3)) 37.738ms
[179.972s][info][gc          ] Allocation Stall (Executor task launch worker for task 47.0 in stage 0.0 (TID 47)) 37.806ms
[179.972s][info][gc          ] Allocation Stall (Executor task launch worker for task 32.0 in stage 0.0 (TID 32)) 38.880ms
[179.972s][info][gc          ] Allocation Stall (Executor task launch worker for task 41.0 in stage 0.0 (TID 41)) 38.840ms
[179.972s][info][gc          ] Allocation Stall (Executor task launch worker for task 45.0 in stage 0.0 (TID 45)) 38.744ms
[179.972s][info][gc          ] Allocation Stall (Executor task launch worker for task 22.0 in stage 0.0 (TID 22)) 37.692ms
[179.972s][info][gc          ] Allocation Stall (Executor task launch worker for task 12.0 in stage 0.0 (TID 12)) 37.890ms
[179.972s][info][gc          ] Allocation Stall (Executor task launch worker for task 34.0 in stage 0.0 (TID 34)) 37.764ms
[179.972s][info][gc          ] Allocation Stall (Executor task launch worker for task 6.0 in stage 0.0 (TID 6)) 39.791ms
[179.972s][info][gc          ] Allocation Stall (Executor task launch worker for task 19.0 in stage 0.0 (TID 19)) 37.865ms
[179.972s][info][gc          ] Allocation Stall (Executor task launch worker for task 15.0 in stage 0.0 (TID 15)) 37.787ms
[179.972s][info][gc          ] Allocation Stall (Executor task launch worker for task 8.0 in stage 0.0 (TID 8)) 37.854ms
[179.972s][info][gc          ] Allocation Stall (Executor task launch worker for task 9.0 in stage 0.0 (TID 9)) 37.623ms
[179.972s][info][gc          ] Allocation Stall (Executor task launch worker for task 27.0 in stage 0.0 (TID 27)) 37.777ms
[179.972s][info][gc          ] Allocation Stall (Executor task launch worker for task 5.0 in stage 0.0 (TID 5)) 37.647ms
[179.972s][info][gc          ] Allocation Stall (Executor task launch worker for task 30.0 in stage 0.0 (TID 30)) 37.630ms
[179.972s][info][gc          ] Allocation Stall (Executor task launch worker for task 29.0 in stage 0.0 (TID 29)) 39.886ms
[179.972s][info][gc          ] Allocation Stall (Executor task launch worker for task 26.0 in stage 0.0 (TID 26)) 40.036ms
[179.972s][info][gc          ] Allocation Stall (Executor task launch worker for task 21.0 in stage 0.0 (TID 21)) 38.014ms
[179.972s][info][gc          ] Allocation Stall (Executor task launch worker for task 18.0 in stage 0.0 (TID 18)) 37.908ms
[179.972s][info][gc          ] Allocation Stall (Executor task launch worker for task 2.0 in stage 0.0 (TID 2)) 41.072ms
[179.972s][info][gc          ] Allocation Stall (Executor task launch worker for task 39.0 in stage 0.0 (TID 39)) 38.216ms
[179.972s][info][gc          ] Allocation Stall (Executor task launch worker for task 46.0 in stage 0.0 (TID 46)) 38.446ms
[179.972s][info][gc          ] Allocation Stall (Executor task launch worker for task 16.0 in stage 0.0 (TID 16)) 37.747ms
[179.972s][info][gc          ] Allocation Stall (Executor task launch worker for task 33.0 in stage 0.0 (TID 33)) 38.300ms
[179.972s][info][gc          ] Allocation Stall (Executor task launch worker for task 43.0 in stage 0.0 (TID 43)) 40.242ms
[179.972s][info][gc          ] Allocation Stall (Executor task launch worker for task 10.0 in stage 0.0 (TID 10)) 37.517ms
[179.972s][info][gc          ] Allocation Stall (Executor task launch worker for task 28.0 in stage 0.0 (TID 28)) 38.163ms
[179.972s][info][gc          ] Allocation Stall (Executor task launch worker for task 14.0 in stage 0.0 (TID 14)) 38.532ms
[179.972s][info][gc          ] Allocation Stall (Executor task launch worker for task 31.0 in stage 0.0 (TID 31)) 40.299ms
[179.972s][info][gc          ] Allocation Stall (Executor task launch worker for task 7.0 in stage 0.0 (TID 7)) 40.610ms
[179.972s][info][gc          ] Allocation Stall (Executor task launch worker for task 38.0 in stage 0.0 (TID 38)) 40.120ms
[179.972s][info][gc          ] Allocation Stall (Executor task launch worker for task 20.0 in stage 0.0 (TID 20)) 37.735ms
[179.972s][info][gc          ] Allocation Stall (Executor task launch worker for task 1.0 in stage 0.0 (TID 1)) 38.115ms
[179.972s][info][gc          ] Allocation Stall (Executor task launch worker for task 17.0 in stage 0.0 (TID 17)) 37.647ms
[179.972s][info][gc          ] Allocation Stall (Executor task launch worker for task 25.0 in stage 0.0 (TID 25)) 38.484ms
[179.972s][info][gc          ] Allocation Stall (Executor task launch worker for task 13.0 in stage 0.0 (TID 13)) 39.514ms
[179.972s][info][gc          ] Allocation Stall (Executor task launch worker for task 0.0 in stage 0.0 (TID 0)) 39.864ms
[179.972s][info][gc          ] Allocation Stall (Executor task launch worker for task 42.0 in stage 0.0 (TID 42)) 40.653ms
[179.972s][info][gc          ] Allocation Stall (Executor task launch worker for task 44.0 in stage 0.0 (TID 44)) 38.518ms
[179.972s][info][gc          ] Allocation Stall (Executor task launch worker for task 37.0 in stage 0.0 (TID 37)) 39.609ms
[179.972s][info][gc          ] Allocation Stall (Executor task launch worker for task 23.0 in stage 0.0 (TID 23)) 39.706ms
[179.972s][info][gc          ] Allocation Stall (Executor task launch worker for task 4.0 in stage 0.0 (TID 4)) 39.966ms
[179.972s][info][gc          ] Allocation Stall (Executor task launch worker for task 35.0 in stage 0.0 (TID 35)) 39.994ms
[179.972s][info][gc          ] Allocation Stall (Executor task launch worker for task 11.0 in stage 0.0 (TID 11)) 40.037ms
[179.972s][info][gc          ] Allocation Stall (Executor task launch worker for task 36.0 in stage 0.0 (TID 36)) 39.255ms
[179.972s][info][gc          ] Allocation Stall (Executor task launch worker for task 40.0 in stage 0.0 (TID 40)) 37.952ms
[179.972s][info][gc          ] Allocation Stall (Executor task launch worker for task 24.0 in stage 0.0 (TID 24)) 40.633ms
[179.982s][info][gc,phases   ] GC(24) Concurrent Select Relocation Set 10.148ms
[180.002s][info][gc,phases   ] GC(24) Pause Relocate Start 0.014ms
[180.014s][info][gc          ] Allocation Stall (Executor task launch worker for task 45.0 in stage 0.0 (TID 45)) 4.244ms
[180.014s][info][gc          ] Allocation Stall (Executor task launch worker for task 6.0 in stage 0.0 (TID 6)) 4.228ms
[180.014s][info][gc          ] Allocation Stall (Executor task launch worker for task 25.0 in stage 0.0 (TID 25)) 4.255ms
[180.014s][info][gc          ] Allocation Stall (Executor task launch worker for task 13.0 in stage 0.0 (TID 13)) 4.217ms
[180.014s][info][gc          ] Allocation Stall (Executor task launch worker for task 9.0 in stage 0.0 (TID 9)) 4.257ms
[180.014s][info][gc          ] Allocation Stall (Executor task launch worker for task 24.0 in stage 0.0 (TID 24)) 4.235ms
[180.014s][info][gc          ] Allocation Stall (Executor task launch worker for task 29.0 in stage 0.0 (TID 29)) 4.181ms
[180.014s][info][gc          ] Allocation Stall (Executor task launch worker for task 5.0 in stage 0.0 (TID 5)) 4.153ms
[180.015s][info][gc          ] Allocation Stall (Executor task launch worker for task 32.0 in stage 0.0 (TID 32)) 5.147ms
[180.015s][info][gc          ] Allocation Stall (Executor task launch worker for task 47.0 in stage 0.0 (TID 47)) 5.181ms
[180.015s][info][gc          ] Allocation Stall (Executor task launch worker for task 36.0 in stage 0.0 (TID 36)) 5.226ms
[180.015s][info][gc          ] Allocation Stall (Executor task launch worker for task 27.0 in stage 0.0 (TID 27)) 5.245ms
[180.015s][info][gc          ] Allocation Stall (Executor task launch worker for task 39.0 in stage 0.0 (TID 39)) 5.257ms
[180.015s][info][gc          ] Allocation Stall (Executor task launch worker for task 33.0 in stage 0.0 (TID 33)) 5.223ms
[180.016s][info][gc          ] Allocation Stall (Executor task launch worker for task 16.0 in stage 0.0 (TID 16)) 5.074ms
[180.017s][info][gc          ] Allocation Stall (Executor task launch worker for task 41.0 in stage 0.0 (TID 41)) 6.237ms
[180.017s][info][gc          ] Allocation Stall (Executor task launch worker for task 12.0 in stage 0.0 (TID 12)) 6.185ms
[180.017s][info][gc          ] Allocation Stall (Executor task launch worker for task 37.0 in stage 0.0 (TID 37)) 6.188ms
[180.017s][info][gc          ] Allocation Stall (Executor task launch worker for task 43.0 in stage 0.0 (TID 43)) 6.137ms
[180.017s][info][gc          ] Allocation Stall (Executor task launch worker for task 21.0 in stage 0.0 (TID 21)) 6.073ms
[180.017s][info][gc          ] Allocation Stall (Executor task launch worker for task 10.0 in stage 0.0 (TID 10)) 5.734ms
[180.017s][info][gc          ] Allocation Stall (Executor task launch worker for task 7.0 in stage 0.0 (TID 7)) 5.782ms
[180.017s][info][gc          ] Allocation Stall (Executor task launch worker for task 35.0 in stage 0.0 (TID 35)) 5.806ms
[180.017s][info][gc          ] Allocation Stall (Executor task launch worker for task 34.0 in stage 0.0 (TID 34)) 5.760ms
[180.017s][info][gc          ] Allocation Stall (Executor task launch worker for task 28.0 in stage 0.0 (TID 28)) 5.729ms
[180.018s][info][gc          ] Allocation Stall (Executor task launch worker for task 15.0 in stage 0.0 (TID 15)) 5.707ms
[180.020s][info][gc          ] Allocation Stall (Executor task launch worker for task 8.0 in stage 0.0 (TID 8)) 7.899ms
[180.020s][info][gc          ] Allocation Stall (Executor task launch worker for task 23.0 in stage 0.0 (TID 23)) 7.921ms
[180.020s][info][gc          ] Allocation Stall (Executor task launch worker for task 2.0 in stage 0.0 (TID 2)) 7.941ms
[180.021s][info][gc          ] Allocation Stall (Executor task launch worker for task 1.0 in stage 0.0 (TID 1)) 9.485ms
[180.021s][info][gc          ] Allocation Stall (Executor task launch worker for task 18.0 in stage 0.0 (TID 18)) 9.512ms
[180.022s][info][gc          ] Allocation Stall (Executor task launch worker for task 20.0 in stage 0.0 (TID 20)) 9.553ms
[180.022s][info][gc          ] Allocation Stall (Executor task launch worker for task 46.0 in stage 0.0 (TID 46)) 9.595ms
[180.022s][info][gc          ] Allocation Stall (Executor task launch worker for task 33.0 in stage 0.0 (TID 33)) 4.460ms
[180.022s][info][gc          ] Allocation Stall (Executor task launch worker for task 47.0 in stage 0.0 (TID 47)) 4.812ms
[180.022s][info][gc          ] Allocation Stall (Executor task launch worker for task 34.0 in stage 0.0 (TID 34)) 0.797ms
[180.032s][info][gc          ] Allocation Stall (Executor task launch worker for task 16.0 in stage 0.0 (TID 16)) 5.527ms
[180.032s][info][gc          ] Allocation Stall (Executor task launch worker for task 8.0 in stage 0.0 (TID 8)) 4.990ms
[180.032s][info][gc          ] Allocation Stall (Executor task launch worker for task 7.0 in stage 0.0 (TID 7)) 4.825ms
[180.032s][info][gc          ] Allocation Stall (Executor task launch worker for task 39.0 in stage 0.0 (TID 39)) 6.800ms
[180.032s][info][gc          ] Allocation Stall (Executor task launch worker for task 36.0 in stage 0.0 (TID 36)) 6.611ms
[180.032s][info][gc          ] Allocation Stall (Executor task launch worker for task 27.0 in stage 0.0 (TID 27)) 5.885ms
[180.032s][info][gc          ] Allocation Stall (Executor task launch worker for task 28.0 in stage 0.0 (TID 28)) 6.534ms
[180.032s][info][gc          ] Allocation Stall (Executor task launch worker for task 23.0 in stage 0.0 (TID 23)) 5.918ms
[180.033s][info][gc          ] Allocation Stall (Executor task launch worker for task 2.0 in stage 0.0 (TID 2)) 4.160ms
[180.033s][info][gc          ] Allocation Stall (Executor task launch worker for task 20.0 in stage 0.0 (TID 20)) 3.907ms
[180.033s][info][gc          ] Allocation Stall (Executor task launch worker for task 32.0 in stage 0.0 (TID 32)) 3.899ms
[180.033s][info][gc          ] Allocation Stall (Executor task launch worker for task 47.0 in stage 0.0 (TID 47)) 3.920ms
[180.033s][info][gc          ] Allocation Stall (Executor task launch worker for task 44.0 in stage 0.0 (TID 44)) 3.944ms
[180.033s][info][gc          ] Allocation Stall (Executor task launch worker for task 25.0 in stage 0.0 (TID 25)) 3.876ms
[180.033s][info][gc          ] Allocation Stall (Executor task launch worker for task 41.0 in stage 0.0 (TID 41)) 3.840ms
[180.034s][info][gc          ] Allocation Stall (Executor task launch worker for task 18.0 in stage 0.0 (TID 18)) 4.103ms
[180.034s][info][gc          ] Allocation Stall (Executor task launch worker for task 9.0 in stage 0.0 (TID 9)) 4.098ms
[180.034s][info][gc          ] Allocation Stall (Executor task launch worker for task 46.0 in stage 0.0 (TID 46)) 3.970ms
[180.034s][info][gc          ] Allocation Stall (Executor task launch worker for task 43.0 in stage 0.0 (TID 43)) 3.776ms
[180.034s][info][gc          ] Allocation Stall (Executor task launch worker for task 21.0 in stage 0.0 (TID 21)) 3.757ms
[180.034s][info][gc          ] Allocation Stall (Executor task launch worker for task 15.0 in stage 0.0 (TID 15)) 3.792ms
[180.034s][info][gc          ] Allocation Stall (Executor task launch worker for task 34.0 in stage 0.0 (TID 34)) 3.792ms
[180.034s][info][gc          ] Allocation Stall (Executor task launch worker for task 45.0 in stage 0.0 (TID 45)) 3.672ms
[180.034s][info][gc          ] Allocation Stall (Executor task launch worker for task 12.0 in stage 0.0 (TID 12)) 3.676ms
[180.034s][info][gc          ] Allocation Stall (Executor task launch worker for task 37.0 in stage 0.0 (TID 37)) 2.846ms
[180.034s][info][gc          ] Allocation Stall (Executor task launch worker for task 10.0 in stage 0.0 (TID 10)) 2.780ms
[180.034s][info][gc          ] Allocation Stall (Executor task launch worker for task 24.0 in stage 0.0 (TID 24)) 2.779ms
[180.034s][info][gc          ] Allocation Stall (Executor task launch worker for task 35.0 in stage 0.0 (TID 35)) 2.483ms
[180.034s][info][gc          ] Allocation Stall (Executor task launch worker for task 1.0 in stage 0.0 (TID 1)) 2.163ms
[180.034s][info][gc          ] Allocation Stall (Executor task launch worker for task 5.0 in stage 0.0 (TID 5)) 1.978ms
[180.034s][info][gc          ] Allocation Stall (Executor task launch worker for task 13.0 in stage 0.0 (TID 13)) 1.828ms
[180.034s][info][gc          ] Allocation Stall (Executor task launch worker for task 33.0 in stage 0.0 (TID 33)) 1.861ms
[180.034s][info][gc          ] Allocation Stall (Executor task launch worker for task 29.0 in stage 0.0 (TID 29)) 1.791ms
[180.034s][info][gc          ] Allocation Stall (Executor task launch worker for task 6.0 in stage 0.0 (TID 6)) 1.771ms
[180.035s][info][gc          ] Allocation Stall (Executor task launch worker for task 0.0 in stage 0.0 (TID 0)) 1.575ms
[180.074s][info][gc          ] Allocation Stall (Executor task launch worker for task 32.0 in stage 0.0 (TID 32)) 3.647ms
[180.074s][info][gc          ] Allocation Stall (Executor task launch worker for task 35.0 in stage 0.0 (TID 35)) 3.618ms
[180.074s][info][gc          ] Allocation Stall (Executor task launch worker for task 23.0 in stage 0.0 (TID 23)) 3.580ms
[180.074s][info][gc          ] Allocation Stall (Executor task launch worker for task 13.0 in stage 0.0 (TID 13)) 3.584ms
[180.074s][info][gc          ] Allocation Stall (Executor task launch worker for task 10.0 in stage 0.0 (TID 10)) 3.463ms
[180.075s][info][gc          ] Allocation Stall (Executor task launch worker for task 12.0 in stage 0.0 (TID 12)) 3.454ms
[180.076s][info][gc          ] Allocation Stall (Executor task launch worker for task 19.0 in stage 0.0 (TID 19)) 4.725ms
[180.077s][info][gc          ] Allocation Stall (Executor task launch worker for task 18.0 in stage 0.0 (TID 18)) 4.838ms
[180.084s][info][gc          ] Relocation Stall (Executor task launch worker for task 26.0 in stage 0.0 (TID 26)) 80.871ms
[180.084s][info][gc          ] Allocation Stall (Executor task launch worker for task 22.0 in stage 0.0 (TID 22)) 6.662ms
[180.084s][info][gc          ] Allocation Stall (Executor task launch worker for task 28.0 in stage 0.0 (TID 28)) 2.745ms
[180.084s][info][gc          ] Allocation Stall (Executor task launch worker for task 27.0 in stage 0.0 (TID 27)) 11.433ms
[180.084s][info][gc          ] Allocation Stall (Executor task launch worker for task 45.0 in stage 0.0 (TID 45)) 11.396ms
[180.084s][info][gc          ] Allocation Stall (Executor task launch worker for task 7.0 in stage 0.0 (TID 7)) 10.993ms
[180.084s][info][gc          ] Allocation Stall (Executor task launch worker for task 46.0 in stage 0.0 (TID 46)) 10.705ms
[180.084s][info][gc          ] Allocation Stall (Executor task launch worker for task 39.0 in stage 0.0 (TID 39)) 10.563ms
[180.084s][info][gc          ] Allocation Stall (Executor task launch worker for task 1.0 in stage 0.0 (TID 1)) 9.248ms
[180.085s][info][gc          ] Allocation Stall (Executor task launch worker for task 32.0 in stage 0.0 (TID 32)) 3.368ms
[180.085s][info][gc          ] Allocation Stall (Executor task launch worker for task 33.0 in stage 0.0 (TID 33)) 3.272ms
[180.085s][info][gc          ] Allocation Stall (Executor task launch worker for task 13.0 in stage 0.0 (TID 13)) 3.083ms
[180.085s][info][gc          ] Allocation Stall (Executor task launch worker for task 23.0 in stage 0.0 (TID 23)) 3.005ms
[180.085s][info][gc          ] Allocation Stall (Executor task launch worker for task 35.0 in stage 0.0 (TID 35)) 2.774ms
[180.085s][info][gc          ] Allocation Stall (Executor task launch worker for task 36.0 in stage 0.0 (TID 36)) 2.648ms
[180.085s][info][gc          ] Allocation Stall (Executor task launch worker for task 15.0 in stage 0.0 (TID 15)) 2.529ms
[180.085s][info][gc          ] Allocation Stall (Executor task launch worker for task 24.0 in stage 0.0 (TID 24)) 2.315ms
[180.085s][info][gc          ] Allocation Stall (Executor task launch worker for task 29.0 in stage 0.0 (TID 29)) 2.320ms
[180.085s][info][gc          ] Allocation Stall (Executor task launch worker for task 19.0 in stage 0.0 (TID 19)) 2.237ms
[180.085s][info][gc          ] Allocation Stall (Executor task launch worker for task 8.0 in stage 0.0 (TID 8)) 2.091ms
[180.085s][info][gc          ] Allocation Stall (Executor task launch worker for task 47.0 in stage 0.0 (TID 47)) 2.070ms
[180.085s][info][gc          ] Allocation Stall (Executor task launch worker for task 10.0 in stage 0.0 (TID 10)) 2.090ms
[180.085s][info][gc          ] Allocation Stall (Executor task launch worker for task 21.0 in stage 0.0 (TID 21)) 2.119ms
[180.085s][info][gc          ] Allocation Stall (Executor task launch worker for task 42.0 in stage 0.0 (TID 42)) 2.125ms
[180.085s][info][gc          ] Allocation Stall (Executor task launch worker for task 2.0 in stage 0.0 (TID 2)) 2.074ms
[180.085s][info][gc          ] Allocation Stall (Executor task launch worker for task 43.0 in stage 0.0 (TID 43)) 2.112ms
[180.085s][info][gc          ] Allocation Stall (Executor task launch worker for task 5.0 in stage 0.0 (TID 5)) 2.113ms
[180.085s][info][gc          ] Allocation Stall (Executor task launch worker for task 37.0 in stage 0.0 (TID 37)) 2.039ms
[180.085s][info][gc          ] Allocation Stall (Executor task launch worker for task 0.0 in stage 0.0 (TID 0)) 1.778ms
[180.085s][info][gc          ] Allocation Stall (Executor task launch worker for task 12.0 in stage 0.0 (TID 12)) 1.799ms
[180.085s][info][gc          ] Allocation Stall (Executor task launch worker for task 30.0 in stage 0.0 (TID 30)) 1.848ms
[180.085s][info][gc          ] Allocation Stall (Executor task launch worker for task 16.0 in stage 0.0 (TID 16)) 1.861ms
[180.085s][info][gc          ] Allocation Stall (Executor task launch worker for task 9.0 in stage 0.0 (TID 9)) 1.858ms
[180.085s][info][gc          ] Allocation Stall (Executor task launch worker for task 18.0 in stage 0.0 (TID 18)) 1.622ms
[180.085s][info][gc          ] Allocation Stall (Executor task launch worker for task 26.0 in stage 0.0 (TID 26)) 1.616ms
[180.085s][info][gc          ] Allocation Stall (Executor task launch worker for task 41.0 in stage 0.0 (TID 41)) 1.622ms
[180.086s][info][gc          ] Allocation Stall (Executor task launch worker for task 34.0 in stage 0.0 (TID 34)) 1.494ms
[180.087s][info][gc          ] Allocation Stall (Executor task launch worker for task 6.0 in stage 0.0 (TID 6)) 2.858ms
[180.087s][info][gc          ] Allocation Stall (Executor task launch worker for task 40.0 in stage 0.0 (TID 40)) 2.896ms
[180.087s][info][gc          ] Allocation Stall (Executor task launch worker for task 20.0 in stage 0.0 (TID 20)) 2.931ms
[180.087s][info][gc          ] Allocation Stall (Executor task launch worker for task 44.0 in stage 0.0 (TID 44)) 2.942ms
[180.087s][info][gc          ] Allocation Stall (Executor task launch worker for task 25.0 in stage 0.0 (TID 25)) 2.952ms
[180.091s][info][gc          ] Relocation Stall (Executor task launch worker for task 4.0 in stage 0.0 (TID 4)) 88.195ms
[180.091s][info][gc          ] Relocation Stall (Executor task launch worker for task 31.0 in stage 0.0 (TID 31)) 88.010ms
[180.091s][info][gc          ] Relocation Stall (Executor task launch worker for task 38.0 in stage 0.0 (TID 38)) 88.092ms
[180.091s][info][gc          ] Relocation Stall (Executor task launch worker for task 11.0 in stage 0.0 (TID 11)) 88.379ms
[180.092s][info][gc          ] Relocation Stall (Executor task launch worker for task 14.0 in stage 0.0 (TID 14)) 88.486ms
[180.092s][info][gc          ] Relocation Stall (Executor task launch worker for task 3.0 in stage 0.0 (TID 3)) 88.583ms
[180.092s][info][gc          ] Relocation Stall (Executor task launch worker for task 17.0 in stage 0.0 (TID 17)) 88.715ms
[180.095s][info][gc,stats    ] === Garbage Collection Statistics =======================================================================================================================
[180.095s][info][gc,stats    ]                                                              Last 10s              Last 10m              Last 10h                Total
[180.095s][info][gc,stats    ]                                                              Avg / Max             Avg / Max             Avg / Max             Avg / Max
[180.095s][info][gc,stats    ]   Collector: Garbage Collection Cycle                    125.500 / 211.703     100.377 / 211.703     100.377 / 211.703     100.377 / 211.703     ms
[180.095s][info][gc,stats    ]  Contention: Mark Segment Reset Contention                     3 / 20                0 / 20                0 / 20                0 / 20          ops/s
[180.095s][info][gc,stats    ]  Contention: Mark SeqNum Reset Contention                      0 / 1                 0 / 1                 0 / 1                 0 / 1           ops/s
[180.095s][info][gc,stats    ]    Critical: Allocation Stall                                108 / 720               6 / 720               6 / 720               6 / 720         ops/s
[180.095s][info][gc,stats    ]    Critical: Allocation Stall                             20.072 / 61.063       20.072 / 61.063       20.072 / 61.063       20.072 / 61.063      ms
[180.095s][info][gc,stats    ]    Critical: GC Locker Stall                                   0 / 1                 0 / 1                 0 / 1                 0 / 1           ops/s
[180.095s][info][gc,stats    ]    Critical: GC Locker Stall                               0.001 / 0.001         0.001 / 0.001         0.001 / 0.001         0.001 / 0.001       ms
[180.095s][info][gc,stats    ]    Critical: Relocation Stall                                  1 / 10                0 / 10                0 / 10                0 / 10          ops/s
[180.095s][info][gc,stats    ]    Critical: Relocation Stall                             75.525 / 88.715       75.525 / 88.715       75.525 / 88.715       75.525 / 88.715      ms
[180.095s][info][gc,stats    ]      Memory: Allocation Rate                                 955 / 4786             57 / 4786             57 / 4786             57 / 4786        MB/s
[180.095s][info][gc,stats    ]      Memory: Defragment                                       42 / 338               2 / 338               2 / 338               2 / 338         ops/s
[180.095s][info][gc,stats    ]      Memory: Out Of Memory                                     0 / 0                 0 / 0                 0 / 0                 0 / 0           ops/s
[180.095s][info][gc,stats    ]      Memory: Page Cache Flush                                190 / 1314             10 / 1314             10 / 1314             10 / 1314        MB/s
[180.095s][info][gc,stats    ]      Memory: Page Cache Hit L1                               374 / 1805             22 / 1805             22 / 1805             22 / 1805        ops/s
[180.095s][info][gc,stats    ]      Memory: Page Cache Hit L2                                 0 / 0                 0 / 0                 0 / 0                 0 / 0           ops/s
[180.095s][info][gc,stats    ]      Memory: Page Cache Hit L3                                55 / 319               3 / 319               3 / 319               3 / 319         ops/s
[180.095s][info][gc,stats    ]      Memory: Page Cache Miss                                   7 / 46                0 / 46                0 / 46                0 / 46          ops/s
[180.095s][info][gc,stats    ]      Memory: Uncommit                                          0 / 0                 0 / 0                 0 / 0                 0 / 0           MB/s
[180.095s][info][gc,stats    ]      Memory: Undo Object Allocation Failed                   441 / 4265             24 / 4265             24 / 4265             24 / 4265        ops/s
[180.095s][info][gc,stats    ]      Memory: Undo Object Allocation Succeeded                102 / 1009              5 / 1009              5 / 1009              5 / 1009        ops/s
[180.095s][info][gc,stats    ]      Memory: Undo Page Allocation                            222 / 1265             12 / 1265             12 / 1265             12 / 1265        ops/s
[180.095s][info][gc,stats    ]       Phase: Concurrent Mark                              65.951 / 93.351       55.489 / 93.351       55.489 / 93.351       55.489 / 93.351      ms
[180.095s][info][gc,stats    ]       Phase: Concurrent Mark Continue                      0.000 / 0.000         0.000 / 0.000         0.000 / 0.000         0.000 / 0.000       ms
[180.095s][info][gc,stats    ]       Phase: Concurrent Mark Free                          0.001 / 0.001         0.001 / 0.002         0.001 / 0.002         0.001 / 0.002       ms
[180.096s][info][gc,stats    ]       Phase: Concurrent Process Non-Strong References     12.777 / 101.509      10.314 / 101.509      10.314 / 101.509      10.314 / 101.509     ms
[180.096s][info][gc,stats    ]       Phase: Concurrent Relocate                          30.552 / 91.246       21.884 / 91.246       21.884 / 91.246       21.884 / 91.246      ms
[180.096s][info][gc,stats    ]       Phase: Concurrent Reset Relocation Set               0.008 / 0.027         0.007 / 0.027         0.007 / 0.027         0.007 / 0.027       ms
[180.096s][info][gc,stats    ]       Phase: Concurrent Select Relocation Set              6.907 / 18.016        6.659 / 18.016        6.659 / 18.016        6.659 / 18.016      ms
[180.096s][info][gc,stats    ]       Phase: Pause Mark End                                0.018 / 0.042         0.018 / 0.042         0.018 / 0.042         0.018 / 0.042       ms
[180.096s][info][gc,stats    ]       Phase: Pause Mark Start                              0.028 / 0.050         0.024 / 0.050         0.024 / 0.050         0.024 / 0.050       ms
[180.096s][info][gc,stats    ]       Phase: Pause Relocate Start                          0.009 / 0.014         0.008 / 0.014         0.008 / 0.014         0.008 / 0.014       ms
[180.096s][info][gc,stats    ]    Subphase: Concurrent Classes Purge                      3.510 / 20.073        2.816 / 20.073        2.816 / 20.073        2.816 / 20.073      ms
[180.096s][info][gc,stats    ]    Subphase: Concurrent Classes Unlink                     8.131 / 79.419        5.953 / 79.419        5.953 / 79.419        5.953 / 79.419      ms
[180.096s][info][gc,stats    ]    Subphase: Concurrent Mark                              32.036 / 59.818       29.750 / 59.818       29.750 / 59.818       29.750 / 59.818      ms
[180.096s][info][gc,stats    ]    Subphase: Concurrent Mark Try Flush                     0.103 / 0.242         0.102 / 0.401         0.102 / 0.401         0.102 / 0.401       ms
[180.096s][info][gc,stats    ]    Subphase: Concurrent Mark Try Terminate                 4.635 / 16.460        5.280 / 16.460        5.280 / 16.460        5.280 / 16.460      ms
[180.096s][info][gc,stats    ]    Subphase: Concurrent References Enqueue                 0.002 / 0.004         0.002 / 0.005         0.002 / 0.005         0.002 / 0.005       ms
[180.096s][info][gc,stats    ]    Subphase: Concurrent References Process                 0.268 / 0.720         0.221 / 0.720         0.221 / 0.720         0.221 / 0.720       ms
[180.096s][info][gc,stats    ]    Subphase: Concurrent Roots ClassLoaderDataGraph         0.207 / 0.903         0.182 / 0.903         0.182 / 0.903         0.182 / 0.903       ms
[180.096s][info][gc,stats    ]    Subphase: Concurrent Roots CodeCache                    0.000 / 0.000         0.000 / 0.000         0.000 / 0.000         0.000 / 0.000       ms
[180.096s][info][gc,stats    ]    Subphase: Concurrent Roots JavaThreads                 27.691 / 57.451       20.070 / 57.451       20.070 / 57.451       20.070 / 57.451      ms
[180.096s][info][gc,stats    ]    Subphase: Concurrent Roots OopStorageSet                0.083 / 1.015         0.066 / 1.015         0.066 / 1.015         0.066 / 1.015       ms
[180.096s][info][gc,stats    ]    Subphase: Concurrent Weak Roots OopStorageSet           0.623 / 1.272         0.533 / 1.272         0.533 / 1.272         0.533 / 1.272       ms
[180.096s][info][gc,stats    ]    Subphase: Pause Mark Try Complete                       0.001 / 0.002         0.001 / 0.005         0.001 / 0.005         0.001 / 0.005       ms
[180.096s][info][gc,stats    ]      System: Java Threads                                    157 / 163             132 / 163             132 / 163             132 / 163         threads
[180.096s][info][gc,stats    ] =========================================================================================================================================================
[180.098s][info][gc,phases   ] GC(24) Concurrent Relocate 94.880ms
[180.098s][info][gc,load     ] GC(24) Load: 0.00/0.00/0.00
[180.098s][info][gc,mmu      ] GC(24) MMU: 2ms/97.5%, 5ms/99.0%, 10ms/99.5%, 20ms/99.7%, 50ms/99.9%, 100ms/99.9%
[180.098s][info][gc,marking  ] GC(24) Mark: 4 stripe(s), 3 proactive flush(es), 1 terminate flush(es), 0 completion(s), 0 continuation(s) 
[180.098s][info][gc,marking  ] GC(24) Mark Stack Usage: 32M
[180.098s][info][gc,nmethod  ] GC(24) NMethods: 743 registered, 20 unregistered
[180.098s][info][gc,metaspace] GC(24) Metaspace: 107M used, 116M committed, 1152M reserved
[180.098s][info][gc,ref      ] GC(24) Soft: 2799 encountered, 938 discovered, 0 enqueued
[180.098s][info][gc,ref      ] GC(24) Weak: 12954 encountered, 3329 discovered, 0 enqueued
[180.098s][info][gc,ref      ] GC(24) Final: 40 encountered, 2 discovered, 0 enqueued
[180.098s][info][gc,ref      ] GC(24) Phantom: 750 encountered, 578 discovered, 0 enqueued
[180.098s][info][gc,reloc    ] GC(24) Small Pages: 162 / 324M, Empty: 198M, Relocated: 3M, In-Place: 0
[180.098s][info][gc,reloc    ] GC(24) Medium Pages: 6 / 96M, Empty: 0M, Relocated: 26M, In-Place: 0
[180.098s][info][gc,reloc    ] GC(24) Large Pages: 18 / 72M, Empty: 0M, Relocated: 0M, In-Place: 0
[180.098s][info][gc,reloc    ] GC(24) Forwarding Usage: 0M
[180.098s][info][gc,heap     ] GC(24) Min Capacity: 8M(2%)
[180.098s][info][gc,heap     ] GC(24) Max Capacity: 512M(100%)
[180.098s][info][gc,heap     ] GC(24) Soft Max Capacity: 512M(100%)
[180.098s][info][gc,heap     ] GC(24)                Mark Start          Mark End        Relocate Start      Relocate End           High               Low         
[180.098s][info][gc,heap     ] GC(24)  Capacity:      512M (100%)        512M (100%)        512M (100%)        512M (100%)        512M (100%)        512M (100%)   
[180.098s][info][gc,heap     ] GC(24)      Free:        6M (1%)            0M (0%)          118M (23%)          16M (3%)          168M (33%)           0M (0%)     
[180.098s][info][gc,heap     ] GC(24)      Used:      506M (99%)         512M (100%)        394M (77%)         496M (97%)         512M (100%)        344M (67%)    
[180.098s][info][gc,heap     ] GC(24)      Live:         -               180M (35%)         180M (35%)         180M (35%)            -                  -          
[180.098s][info][gc,heap     ] GC(24) Allocated:         -                 6M (1%)           86M (17%)         266M (52%)            -                  -          
[180.098s][info][gc,heap     ] GC(24)   Garbage:         -               325M (64%)         127M (25%)          48M (10%)            -                  -          
[180.098s][info][gc,heap     ] GC(24) Reclaimed:         -                  -               198M (39%)         276M (54%)            -                  -          
[180.098s][info][gc          ] GC(24) Garbage Collection (Allocation Stall) 506M(99%)->496M(97%)
[180.099s][info][gc,start    ] GC(25) Garbage Collection (Allocation Stall)
[180.099s][info][gc,ref      ] GC(25) Clearing All SoftReferences
[180.099s][info][gc,task     ] GC(25) Using 5 workers
[180.099s][info][gc          ] Allocation Stall (Executor task launch worker for task 1.0 in stage 0.0 (TID 1)) 0.065ms
[180.100s][info][gc,ref      ] GC(25) Clearing All SoftReferences
[180.100s][info][gc,phases   ] GC(25) Pause Mark Start 0.035ms
[180.100s][info][gc          ] Allocation Stall (Executor task launch worker for task 29.0 in stage 0.0 (TID 29)) 1.198ms
[180.100s][info][gc          ] Allocation Stall (Executor task launch worker for task 24.0 in stage 0.0 (TID 24)) 1.192ms
[180.100s][info][gc          ] Allocation Stall (Executor task launch worker for task 46.0 in stage 0.0 (TID 46)) 1.207ms
[180.100s][info][gc          ] Allocation Stall (Executor task launch worker for task 33.0 in stage 0.0 (TID 33)) 1.212ms
[180.100s][info][gc          ] Allocation Stall (Executor task launch worker for task 10.0 in stage 0.0 (TID 10)) 1.206ms
[180.100s][info][gc          ] Allocation Stall (Executor task launch worker for task 23.0 in stage 0.0 (TID 23)) 1.198ms
[180.100s][info][gc          ] Allocation Stall (Executor task launch worker for task 36.0 in stage 0.0 (TID 36)) 1.193ms
[180.100s][info][gc          ] Allocation Stall (Executor task launch worker for task 28.0 in stage 0.0 (TID 28)) 1.188ms
[180.100s][info][gc          ] Allocation Stall (Executor task launch worker for task 4.0 in stage 0.0 (TID 4)) 1.180ms
[180.100s][info][gc          ] Allocation Stall (Executor task launch worker for task 18.0 in stage 0.0 (TID 18)) 1.169ms
[180.100s][info][gc          ] Allocation Stall (Executor task launch worker for task 31.0 in stage 0.0 (TID 31)) 1.192ms
[180.100s][info][gc          ] Allocation Stall (Executor task launch worker for task 39.0 in stage 0.0 (TID 39)) 1.162ms
[180.100s][info][gc          ] Allocation Stall (Executor task launch worker for task 15.0 in stage 0.0 (TID 15)) 1.200ms
[180.100s][info][gc          ] Allocation Stall (Executor task launch worker for task 34.0 in stage 0.0 (TID 34)) 1.167ms
[180.100s][info][gc          ] Allocation Stall (Executor task launch worker for task 30.0 in stage 0.0 (TID 30)) 1.172ms
[180.100s][info][gc          ] Allocation Stall (Executor task launch worker for task 44.0 in stage 0.0 (TID 44)) 1.159ms
[180.100s][info][gc          ] Allocation Stall (Executor task launch worker for task 12.0 in stage 0.0 (TID 12)) 1.165ms
[180.100s][info][gc          ] Allocation Stall (Executor task launch worker for task 38.0 in stage 0.0 (TID 38)) 1.159ms
[180.100s][info][gc          ] Allocation Stall (Executor task launch worker for task 8.0 in stage 0.0 (TID 8)) 1.212ms
[180.101s][info][gc          ] Allocation Stall (Executor task launch worker for task 9.0 in stage 0.0 (TID 9)) 1.264ms
[180.101s][info][gc          ] Allocation Stall (Executor task launch worker for task 11.0 in stage 0.0 (TID 11)) 1.293ms
[180.101s][info][gc          ] Allocation Stall (Executor task launch worker for task 45.0 in stage 0.0 (TID 45)) 0.182ms
[180.101s][info][gc          ] Allocation Stall (Executor task launch worker for task 1.0 in stage 0.0 (TID 1)) 0.249ms
[180.101s][info][gc          ] Allocation Stall (Executor task launch worker for task 25.0 in stage 0.0 (TID 25)) 0.288ms
[180.101s][info][gc          ] Allocation Stall (Executor task launch worker for task 17.0 in stage 0.0 (TID 17)) 0.307ms
[180.101s][info][gc          ] Allocation Stall (Executor task launch worker for task 43.0 in stage 0.0 (TID 43)) 0.357ms
[180.101s][info][gc          ] Allocation Stall (Executor task launch worker for task 14.0 in stage 0.0 (TID 14)) 0.227ms
[180.157s][info][gc,phases   ] GC(25) Concurrent Mark 56.903ms
[180.157s][info][gc,phases   ] GC(25) Pause Mark End 0.014ms
[180.157s][info][gc,phases   ] GC(25) Concurrent Mark Free 0.001ms
[180.159s][info][gc,phases   ] GC(25) Concurrent Process Non-Strong References 1.056ms
[180.159s][info][gc,phases   ] GC(25) Concurrent Reset Relocation Set 0.005ms
[180.159s][info][gc          ] Allocation Stall (Executor task launch worker for task 19.0 in stage 0.0 (TID 19)) 37.510ms
[180.159s][info][gc          ] Allocation Stall (Executor task launch worker for task 29.0 in stage 0.0 (TID 29)) 37.755ms
[180.159s][info][gc          ] Allocation Stall (Executor task launch worker for task 33.0 in stage 0.0 (TID 33)) 36.519ms
[180.159s][info][gc          ] Allocation Stall (Executor task launch worker for task 1.0 in stage 0.0 (TID 1)) 37.842ms
[180.159s][info][gc          ] Allocation Stall (Executor task launch worker for task 44.0 in stage 0.0 (TID 44)) 36.924ms
[180.159s][info][gc          ] Allocation Stall (Executor task launch worker for task 9.0 in stage 0.0 (TID 9)) 36.832ms
[180.159s][info][gc          ] Allocation Stall (Executor task launch worker for task 5.0 in stage 0.0 (TID 5)) 36.778ms
[180.159s][info][gc          ] Allocation Stall (Executor task launch worker for task 45.0 in stage 0.0 (TID 45)) 36.522ms
[180.159s][info][gc          ] Allocation Stall (Executor task launch worker for task 20.0 in stage 0.0 (TID 20)) 36.613ms
[180.159s][info][gc          ] Allocation Stall (Executor task launch worker for task 32.0 in stage 0.0 (TID 32)) 36.604ms
[180.159s][info][gc          ] Allocation Stall (Executor task launch worker for task 38.0 in stage 0.0 (TID 38)) 36.497ms
[180.159s][info][gc          ] Allocation Stall (Executor task launch worker for task 10.0 in stage 0.0 (TID 10)) 37.687ms
[180.159s][info][gc          ] Allocation Stall (Executor task launch worker for task 7.0 in stage 0.0 (TID 7)) 38.161ms
[180.159s][info][gc          ] Allocation Stall (Executor task launch worker for task 31.0 in stage 0.0 (TID 31)) 36.895ms
[180.159s][info][gc          ] Allocation Stall (Executor task launch worker for task 28.0 in stage 0.0 (TID 28)) 38.455ms
[180.159s][info][gc          ] Allocation Stall (Executor task launch worker for task 13.0 in stage 0.0 (TID 13)) 36.504ms
[180.159s][info][gc          ] Allocation Stall (Executor task launch worker for task 24.0 in stage 0.0 (TID 24)) 37.432ms
[180.159s][info][gc          ] Allocation Stall (Executor task launch worker for task 47.0 in stage 0.0 (TID 47)) 36.584ms
[180.159s][info][gc          ] Allocation Stall (Executor task launch worker for task 43.0 in stage 0.0 (TID 43)) 38.567ms
[180.159s][info][gc          ] Allocation Stall (Executor task launch worker for task 2.0 in stage 0.0 (TID 2)) 39.518ms
[180.159s][info][gc          ] Allocation Stall (Executor task launch worker for task 0.0 in stage 0.0 (TID 0)) 37.781ms
[180.159s][info][gc          ] Allocation Stall (Executor task launch worker for task 17.0 in stage 0.0 (TID 17)) 38.914ms
[180.159s][info][gc          ] Allocation Stall (Executor task launch worker for task 8.0 in stage 0.0 (TID 8)) 40.631ms
[180.159s][info][gc          ] Allocation Stall (Executor task launch worker for task 11.0 in stage 0.0 (TID 11)) 37.473ms
[180.159s][info][gc          ] Allocation Stall (Executor task launch worker for task 26.0 in stage 0.0 (TID 26)) 39.628ms
[180.159s][info][gc          ] Allocation Stall (Executor task launch worker for task 37.0 in stage 0.0 (TID 37)) 38.657ms
[180.159s][info][gc          ] Allocation Stall (Executor task launch worker for task 12.0 in stage 0.0 (TID 12)) 40.077ms
[180.159s][info][gc          ] Allocation Stall (Executor task launch worker for task 27.0 in stage 0.0 (TID 27)) 40.007ms
[180.159s][info][gc          ] Allocation Stall (Executor task launch worker for task 3.0 in stage 0.0 (TID 3)) 37.589ms
[180.159s][info][gc          ] Allocation Stall (Executor task launch worker for task 23.0 in stage 0.0 (TID 23)) 39.228ms
[180.159s][info][gc          ] Allocation Stall (Executor task launch worker for task 14.0 in stage 0.0 (TID 14)) 37.356ms
[180.159s][info][gc          ] Allocation Stall (Executor task launch worker for task 21.0 in stage 0.0 (TID 21)) 38.668ms
[180.159s][info][gc          ] Allocation Stall (Executor task launch worker for task 4.0 in stage 0.0 (TID 4)) 40.569ms
[180.159s][info][gc          ] Allocation Stall (Executor task launch worker for task 39.0 in stage 0.0 (TID 39)) 41.235ms
[180.159s][info][gc          ] Allocation Stall (Executor task launch worker for task 30.0 in stage 0.0 (TID 30)) 36.587ms
[180.159s][info][gc          ] Allocation Stall (Executor task launch worker for task 35.0 in stage 0.0 (TID 35)) 39.740ms
[180.159s][info][gc          ] Allocation Stall (Executor task launch worker for task 22.0 in stage 0.0 (TID 22)) 38.905ms
[180.159s][info][gc          ] Allocation Stall (Executor task launch worker for task 16.0 in stage 0.0 (TID 16)) 36.956ms
[180.159s][info][gc          ] Allocation Stall (Executor task launch worker for task 41.0 in stage 0.0 (TID 41)) 36.882ms
[180.159s][info][gc          ] Allocation Stall (Executor task launch worker for task 6.0 in stage 0.0 (TID 6)) 38.793ms
[180.159s][info][gc          ] Allocation Stall (Executor task launch worker for task 15.0 in stage 0.0 (TID 15)) 37.494ms
[180.159s][info][gc          ] Allocation Stall (Executor task launch worker for task 18.0 in stage 0.0 (TID 18)) 38.121ms
[180.159s][info][gc          ] Allocation Stall (Executor task launch worker for task 36.0 in stage 0.0 (TID 36)) 40.194ms
[180.159s][info][gc          ] Allocation Stall (Executor task launch worker for task 46.0 in stage 0.0 (TID 46)) 39.982ms
[180.159s][info][gc          ] Allocation Stall (Executor task launch worker for task 42.0 in stage 0.0 (TID 42)) 38.253ms
[180.159s][info][gc          ] Allocation Stall (Executor task launch worker for task 40.0 in stage 0.0 (TID 40)) 37.334ms
[180.159s][info][gc          ] Allocation Stall (Executor task launch worker for task 25.0 in stage 0.0 (TID 25)) 40.835ms
[180.159s][info][gc          ] Allocation Stall (Executor task launch worker for task 34.0 in stage 0.0 (TID 34)) 37.647ms
[180.162s][info][gc,phases   ] GC(25) Concurrent Select Relocation Set 3.695ms
[180.162s][info][gc,phases   ] GC(25) Pause Relocate Start 0.006ms
[180.177s][info][gc          ] Allocation Stall (Executor task launch worker for task 24.0 in stage 0.0 (TID 24)) 0.475ms
[180.177s][info][gc          ] Allocation Stall (Executor task launch worker for task 5.0 in stage 0.0 (TID 5)) 0.747ms
[180.177s][info][gc          ] Allocation Stall (Executor task launch worker for task 36.0 in stage 0.0 (TID 36)) 0.850ms
[180.177s][info][gc          ] Allocation Stall (Executor task launch worker for task 25.0 in stage 0.0 (TID 25)) 0.843ms
[180.177s][info][gc          ] Allocation Stall (Executor task launch worker for task 39.0 in stage 0.0 (TID 39)) 0.858ms
[180.178s][info][gc          ] Allocation Stall (Executor task launch worker for task 41.0 in stage 0.0 (TID 41)) 0.436ms
[180.178s][info][gc          ] Allocation Stall (Executor task launch worker for task 30.0 in stage 0.0 (TID 30)) 0.476ms
[180.178s][info][gc          ] Allocation Stall (Executor task launch worker for task 12.0 in stage 0.0 (TID 12)) 0.499ms
[180.178s][info][gc          ] Allocation Stall (Executor task launch worker for task 28.0 in stage 0.0 (TID 28)) 0.537ms
[180.178s][info][gc          ] Allocation Stall (Executor task launch worker for task 16.0 in stage 0.0 (TID 16)) 0.552ms
[180.178s][info][gc          ] Allocation Stall (Executor task launch worker for task 23.0 in stage 0.0 (TID 23)) 0.567ms
[180.178s][info][gc          ] Allocation Stall (Executor task launch worker for task 27.0 in stage 0.0 (TID 27)) 0.635ms
[180.178s][info][gc          ] Allocation Stall (Executor task launch worker for task 4.0 in stage 0.0 (TID 4)) 0.686ms
[180.178s][info][gc          ] Allocation Stall (Executor task launch worker for task 1.0 in stage 0.0 (TID 1)) 0.773ms
[180.178s][info][gc          ] Allocation Stall (Executor task launch worker for task 40.0 in stage 0.0 (TID 40)) 0.812ms
[180.178s][info][gc          ] Allocation Stall (Executor task launch worker for task 38.0 in stage 0.0 (TID 38)) 0.858ms
[180.178s][info][gc          ] Allocation Stall (Executor task launch worker for task 8.0 in stage 0.0 (TID 8)) 0.922ms
[180.178s][info][gc          ] Allocation Stall (Executor task launch worker for task 22.0 in stage 0.0 (TID 22)) 0.984ms
[180.179s][info][gc          ] Allocation Stall (Executor task launch worker for task 20.0 in stage 0.0 (TID 20)) 1.465ms
[180.179s][info][gc          ] Allocation Stall (Executor task launch worker for task 32.0 in stage 0.0 (TID 32)) 1.526ms
[180.179s][info][gc          ] Allocation Stall (Executor task launch worker for task 31.0 in stage 0.0 (TID 31)) 1.597ms
[180.179s][info][gc          ] Allocation Stall (Executor task launch worker for task 37.0 in stage 0.0 (TID 37)) 1.646ms
[180.179s][info][gc          ] Allocation Stall (Executor task launch worker for task 21.0 in stage 0.0 (TID 21)) 1.744ms
[180.179s][info][gc          ] Allocation Stall (Executor task launch worker for task 15.0 in stage 0.0 (TID 15)) 1.794ms
[180.182s][info][gc          ] Allocation Stall (Executor task launch worker for task 29.0 in stage 0.0 (TID 29)) 4.177ms
[180.228s][info][gc          ] Allocation Stall (Executor task launch worker for task 28.0 in stage 0.0 (TID 28)) 0.069ms
[180.231s][info][gc          ] Allocation Stall (Executor task launch worker for task 44.0 in stage 0.0 (TID 44)) 2.963ms
[180.231s][info][gc          ] Allocation Stall (Executor task launch worker for task 12.0 in stage 0.0 (TID 12)) 2.959ms
[180.233s][info][gc          ] Allocation Stall (Executor task launch worker for task 25.0 in stage 0.0 (TID 25)) 1.984ms
[180.233s][info][gc          ] Allocation Stall (Executor task launch worker for task 11.0 in stage 0.0 (TID 11)) 1.977ms
[180.233s][info][gc,phases   ] GC(25) Concurrent Relocate 69.582ms
[180.233s][info][gc          ] Allocation Stall (Executor task launch worker for task 14.0 in stage 0.0 (TID 14)) 0.008ms
[180.233s][info][gc          ] Allocation Stall (Executor task launch worker for task 17.0 in stage 0.0 (TID 17)) 0.013ms
[180.233s][info][gc          ] Allocation Stall (Executor task launch worker for task 34.0 in stage 0.0 (TID 34)) 0.034ms
[180.233s][info][gc          ] Allocation Stall (Executor task launch worker for task 46.0 in stage 0.0 (TID 46)) 0.034ms
[180.233s][info][gc          ] Allocation Stall (Executor task launch worker for task 8.0 in stage 0.0 (TID 8)) 5.105ms
[180.233s][info][gc          ] Allocation Stall (Executor task launch worker for task 23.0 in stage 0.0 (TID 23)) 5.107ms
[180.233s][info][gc          ] Allocation Stall (Executor task launch worker for task 9.0 in stage 0.0 (TID 9)) 0.045ms
[180.233s][info][gc,load     ] GC(25) Load: 0.00/0.00/0.00
[180.233s][info][gc          ] Allocation Stall (Executor task launch worker for task 6.0 in stage 0.0 (TID 6)) 5.125ms
[180.233s][info][gc          ] Allocation Stall (Executor task launch worker for task 45.0 in stage 0.0 (TID 45)) 0.019ms
[180.233s][info][gc          ] Allocation Stall (Executor task launch worker for task 32.0 in stage 0.0 (TID 32)) 5.132ms
[180.233s][info][gc          ] Allocation Stall (Executor task launch worker for task 22.0 in stage 0.0 (TID 22)) 5.127ms
[180.233s][info][gc          ] Allocation Stall (Executor task launch worker for task 33.0 in stage 0.0 (TID 33)) 5.130ms
[180.233s][info][gc          ] Allocation Stall (Executor task launch worker for task 1.0 in stage 0.0 (TID 1)) 5.119ms
[180.233s][info][gc          ] Allocation Stall (Executor task launch worker for task 3.0 in stage 0.0 (TID 3)) 5.114ms
[180.233s][info][gc          ] Allocation Stall (Executor task launch worker for task 38.0 in stage 0.0 (TID 38)) 5.108ms
[180.233s][info][gc          ] Allocation Stall (Executor task launch worker for task 10.0 in stage 0.0 (TID 10)) 5.194ms
[180.233s][info][gc          ] Allocation Stall (Executor task launch worker for task 47.0 in stage 0.0 (TID 47)) 2.266ms
[180.233s][info][gc          ] Allocation Stall (Executor task launch worker for task 15.0 in stage 0.0 (TID 15)) 2.264ms
[180.233s][info][gc,mmu      ] GC(25) MMU: 2ms/97.5%, 5ms/99.0%, 10ms/99.5%, 20ms/99.7%, 50ms/99.9%, 100ms/99.9%
[180.234s][info][gc,marking  ] GC(25) Mark: 4 stripe(s), 2 proactive flush(es), 1 terminate flush(es), 0 completion(s), 0 continuation(s) 
[180.234s][info][gc,marking  ] GC(25) Mark Stack Usage: 32M
[180.234s][info][gc,nmethod  ] GC(25) NMethods: 743 registered, 20 unregistered
[180.234s][info][gc,metaspace] GC(25) Metaspace: 107M used, 116M committed, 1152M reserved
[180.234s][info][gc,ref      ] GC(25) Soft: 2799 encountered, 2368 discovered, 0 enqueued
[180.234s][info][gc,ref      ] GC(25) Weak: 12954 encountered, 3448 discovered, 0 enqueued
[180.234s][info][gc,ref      ] GC(25) Final: 40 encountered, 1 discovered, 0 enqueued
[180.234s][info][gc,ref      ] GC(25) Phantom: 750 encountered, 618 discovered, 0 enqueued
[180.234s][info][gc,reloc    ] GC(25) Small Pages: 160 / 320M, Empty: 188M, Relocated: 3M, In-Place: 0
[180.234s][info][gc,reloc    ] GC(25) Medium Pages: 5 / 80M, Empty: 0M, Relocated: 10M, In-Place: 0
[180.234s][info][gc,reloc    ] GC(25) Large Pages: 19 / 76M, Empty: 0M, Relocated: 0M, In-Place: 0
[180.234s][info][gc,reloc    ] GC(25) Forwarding Usage: 0M
[180.234s][info][gc,heap     ] GC(25) Min Capacity: 8M(2%)
[180.234s][info][gc,heap     ] GC(25) Max Capacity: 512M(100%)
[180.234s][info][gc,heap     ] GC(25) Soft Max Capacity: 512M(100%)
[180.234s][info][gc,heap     ] GC(25)                Mark Start          Mark End        Relocate Start      Relocate End           High               Low         
[180.234s][info][gc,heap     ] GC(25)  Capacity:      512M (100%)        512M (100%)        512M (100%)        512M (100%)        512M (100%)        512M (100%)   
[180.234s][info][gc,heap     ] GC(25)      Free:        0M (0%)            0M (0%)          170M (33%)           2M (0%)          172M (34%)           0M (0%)     
[180.234s][info][gc,heap     ] GC(25)      Used:      512M (100%)        512M (100%)        342M (67%)         510M (100%)        512M (100%)        340M (66%)    
[180.234s][info][gc,heap     ] GC(25)      Live:         -               183M (36%)         183M (36%)         183M (36%)            -                  -          
[180.234s][info][gc,heap     ] GC(25) Allocated:         -                 0M (0%)           18M (4%)          250M (49%)            -                  -          
[180.234s][info][gc,heap     ] GC(25)   Garbage:         -               328M (64%)         140M (28%)          76M (15%)            -                  -          
[180.234s][info][gc,heap     ] GC(25) Reclaimed:         -                  -               188M (37%)         252M (49%)            -                  -          
[180.234s][info][gc          ] GC(25) Garbage Collection (Allocation Stall) 512M(100%)->510M(100%)
[180.262s][info][gc,start    ] GC(26) Garbage Collection (Allocation Stall)
[180.262s][info][gc,ref      ] GC(26) Clearing All SoftReferences
[180.262s][info][gc,task     ] GC(26) Using 5 workers
[180.263s][info][gc,ref      ] GC(26) Clearing All SoftReferences
[180.263s][info][gc,phases   ] GC(26) Pause Mark Start 0.034ms
[180.304s][info][gc,phases   ] GC(26) Concurrent Mark 40.801ms
[180.304s][info][gc,phases   ] GC(26) Pause Mark End 0.011ms
[180.304s][info][gc,phases   ] GC(26) Concurrent Mark Free 0.001ms
[180.305s][info][gc,phases   ] GC(26) Concurrent Process Non-Strong References 1.187ms
[180.305s][info][gc,phases   ] GC(26) Concurrent Reset Relocation Set 0.006ms
[180.306s][info][gc          ] Allocation Stall (Executor task launch worker for task 21.0 in stage 0.0 (TID 21)) 42.373ms
[180.306s][info][gc          ] Allocation Stall (Executor task launch worker for task 3.0 in stage 0.0 (TID 3)) 42.372ms
[180.306s][info][gc          ] Allocation Stall (Executor task launch worker for task 0.0 in stage 0.0 (TID 0)) 42.236ms
[180.306s][info][gc          ] Allocation Stall (Executor task launch worker for task 13.0 in stage 0.0 (TID 13)) 42.321ms
[180.306s][info][gc          ] Allocation Stall (Executor task launch worker for task 16.0 in stage 0.0 (TID 16)) 42.340ms
[180.306s][info][gc          ] Allocation Stall (Executor task launch worker for task 19.0 in stage 0.0 (TID 19)) 42.305ms
[180.306s][info][gc          ] Allocation Stall (Executor task launch worker for task 22.0 in stage 0.0 (TID 22)) 43.399ms
[180.306s][info][gc          ] Allocation Stall (Executor task launch worker for task 32.0 in stage 0.0 (TID 32)) 42.343ms
[180.306s][info][gc          ] Allocation Stall (Executor task launch worker for task 46.0 in stage 0.0 (TID 46)) 42.345ms
[180.306s][info][gc          ] Allocation Stall (Executor task launch worker for task 7.0 in stage 0.0 (TID 7)) 42.402ms
[180.306s][info][gc          ] Allocation Stall (Executor task launch worker for task 31.0 in stage 0.0 (TID 31)) 42.319ms
[180.306s][info][gc          ] Allocation Stall (Executor task launch worker for task 40.0 in stage 0.0 (TID 40)) 42.438ms
[180.306s][info][gc          ] Allocation Stall (Executor task launch worker for task 44.0 in stage 0.0 (TID 44)) 42.431ms
[180.306s][info][gc          ] Allocation Stall (Executor task launch worker for task 14.0 in stage 0.0 (TID 14)) 42.346ms
[180.306s][info][gc          ] Allocation Stall (Executor task launch worker for task 20.0 in stage 0.0 (TID 20)) 42.442ms
[180.306s][info][gc          ] Allocation Stall (Executor task launch worker for task 18.0 in stage 0.0 (TID 18)) 43.313ms
[180.306s][info][gc          ] Allocation Stall (Executor task launch worker for task 36.0 in stage 0.0 (TID 36)) 42.474ms
[180.306s][info][gc          ] Allocation Stall (Executor task launch worker for task 1.0 in stage 0.0 (TID 1)) 42.381ms
[180.306s][info][gc          ] Allocation Stall (Executor task launch worker for task 17.0 in stage 0.0 (TID 17)) 42.443ms
[180.306s][info][gc          ] Allocation Stall (Executor task launch worker for task 9.0 in stage 0.0 (TID 9)) 42.379ms
[180.306s][info][gc          ] Allocation Stall (Executor task launch worker for task 24.0 in stage 0.0 (TID 24)) 42.554ms
[180.306s][info][gc          ] Allocation Stall (Executor task launch worker for task 10.0 in stage 0.0 (TID 10)) 43.269ms
[180.306s][info][gc          ] Allocation Stall (Executor task launch worker for task 11.0 in stage 0.0 (TID 11)) 42.467ms
[180.306s][info][gc          ] Allocation Stall (Executor task launch worker for task 15.0 in stage 0.0 (TID 15)) 42.422ms
[180.306s][info][gc          ] Allocation Stall (Executor task launch worker for task 30.0 in stage 0.0 (TID 30)) 42.550ms
[180.306s][info][gc          ] Allocation Stall (Executor task launch worker for task 47.0 in stage 0.0 (TID 47)) 42.553ms
[180.306s][info][gc          ] Allocation Stall (Executor task launch worker for task 23.0 in stage 0.0 (TID 23)) 42.510ms
[180.306s][info][gc          ] Allocation Stall (Executor task launch worker for task 26.0 in stage 0.0 (TID 26)) 42.468ms
[180.306s][info][gc          ] Allocation Stall (Executor task launch worker for task 25.0 in stage 0.0 (TID 25)) 42.523ms
[180.306s][info][gc          ] Allocation Stall (Executor task launch worker for task 41.0 in stage 0.0 (TID 41)) 42.485ms
[180.306s][info][gc          ] Allocation Stall (Executor task launch worker for task 29.0 in stage 0.0 (TID 29)) 43.022ms
[180.306s][info][gc          ] Allocation Stall (Executor task launch worker for task 45.0 in stage 0.0 (TID 45)) 43.161ms
[180.306s][info][gc          ] Allocation Stall (Executor task launch worker for task 43.0 in stage 0.0 (TID 43)) 42.475ms
[180.306s][info][gc          ] Allocation Stall (Executor task launch worker for task 5.0 in stage 0.0 (TID 5)) 42.462ms
[180.306s][info][gc          ] Allocation Stall (Executor task launch worker for task 38.0 in stage 0.0 (TID 38)) 42.529ms
[180.306s][info][gc          ] Allocation Stall (Executor task launch worker for task 33.0 in stage 0.0 (TID 33)) 42.499ms
[180.306s][info][gc          ] Allocation Stall (Executor task launch worker for task 28.0 in stage 0.0 (TID 28)) 42.449ms
[180.306s][info][gc          ] Allocation Stall (Executor task launch worker for task 6.0 in stage 0.0 (TID 6)) 42.586ms
[180.306s][info][gc          ] Allocation Stall (Executor task launch worker for task 34.0 in stage 0.0 (TID 34)) 42.476ms
[180.306s][info][gc          ] Allocation Stall (Executor task launch worker for task 8.0 in stage 0.0 (TID 8)) 42.421ms
[180.306s][info][gc          ] Allocation Stall (Executor task launch worker for task 4.0 in stage 0.0 (TID 4)) 42.497ms
[180.306s][info][gc          ] Allocation Stall (Executor task launch worker for task 2.0 in stage 0.0 (TID 2)) 42.549ms
[180.306s][info][gc          ] Allocation Stall (Executor task launch worker for task 35.0 in stage 0.0 (TID 35)) 42.447ms
[180.306s][info][gc          ] Allocation Stall (Executor task launch worker for task 12.0 in stage 0.0 (TID 12)) 42.503ms
[180.306s][info][gc          ] Allocation Stall (Executor task launch worker for task 27.0 in stage 0.0 (TID 27)) 43.406ms
[180.306s][info][gc          ] Allocation Stall (Executor task launch worker for task 42.0 in stage 0.0 (TID 42)) 42.533ms
[180.306s][info][gc          ] Allocation Stall (Executor task launch worker for task 37.0 in stage 0.0 (TID 37)) 42.440ms
[180.306s][info][gc          ] Allocation Stall (Executor task launch worker for task 39.0 in stage 0.0 (TID 39)) 42.509ms
[180.316s][info][gc,phases   ] GC(26) Concurrent Select Relocation Set 10.192ms
[180.324s][info][gc,phases   ] GC(26) Pause Relocate Start 0.005ms
[180.351s][info][gc          ] Allocation Stall (Executor task launch worker for task 7.0 in stage 0.0 (TID 7)) 2.065ms
[180.354s][info][gc          ] Allocation Stall (Executor task launch worker for task 45.0 in stage 0.0 (TID 45)) 4.584ms
[180.354s][info][gc          ] Allocation Stall (Executor task launch worker for task 39.0 in stage 0.0 (TID 39)) 4.690ms
[180.354s][info][gc          ] Allocation Stall (Executor task launch worker for task 26.0 in stage 0.0 (TID 26)) 4.424ms
[180.354s][info][gc          ] Allocation Stall (Executor task launch worker for task 47.0 in stage 0.0 (TID 47)) 4.693ms
[180.354s][info][gc          ] Allocation Stall (Executor task launch worker for task 18.0 in stage 0.0 (TID 18)) 4.653ms
[180.354s][info][gc          ] Allocation Stall (Executor task launch worker for task 24.0 in stage 0.0 (TID 24)) 4.666ms
[180.354s][info][gc          ] Allocation Stall (Executor task launch worker for task 28.0 in stage 0.0 (TID 28)) 3.808ms
[180.354s][info][gc          ] Allocation Stall (Executor task launch worker for task 5.0 in stage 0.0 (TID 5)) 4.576ms
[180.354s][info][gc          ] Allocation Stall (Executor task launch worker for task 9.0 in stage 0.0 (TID 9)) 3.995ms
[180.354s][info][gc          ] Allocation Stall (Executor task launch worker for task 36.0 in stage 0.0 (TID 36)) 4.014ms
[180.354s][info][gc          ] Allocation Stall (Executor task launch worker for task 23.0 in stage 0.0 (TID 23)) 4.033ms
[180.354s][info][gc          ] Allocation Stall (Executor task launch worker for task 37.0 in stage 0.0 (TID 37)) 3.446ms
[180.354s][info][gc          ] Allocation Stall (Executor task launch worker for task 46.0 in stage 0.0 (TID 46)) 2.622ms
[180.354s][info][gc          ] Allocation Stall (Executor task launch worker for task 7.0 in stage 0.0 (TID 7)) 2.643ms
[180.354s][info][gc          ] Allocation Stall (Executor task launch worker for task 12.0 in stage 0.0 (TID 12)) 2.572ms
[180.354s][info][gc          ] Allocation Stall (Executor task launch worker for task 8.0 in stage 0.0 (TID 8)) 2.307ms
[180.355s][info][gc          ] Allocation Stall (Executor task launch worker for task 16.0 in stage 0.0 (TID 16)) 2.335ms
[180.355s][info][gc          ] Allocation Stall (Executor task launch worker for task 31.0 in stage 0.0 (TID 31)) 2.236ms
[180.355s][info][gc          ] Allocation Stall (Executor task launch worker for task 32.0 in stage 0.0 (TID 32)) 2.034ms
[180.355s][info][gc          ] Allocation Stall (Executor task launch worker for task 14.0 in stage 0.0 (TID 14)) 1.901ms
[180.355s][info][gc          ] Allocation Stall (Executor task launch worker for task 40.0 in stage 0.0 (TID 40)) 1.846ms
[180.355s][info][gc          ] Allocation Stall (Executor task launch worker for task 25.0 in stage 0.0 (TID 25)) 1.814ms
[180.355s][info][gc          ] Allocation Stall (Executor task launch worker for task 13.0 in stage 0.0 (TID 13)) 1.825ms
[180.355s][info][gc          ] Allocation Stall (Executor task launch worker for task 1.0 in stage 0.0 (TID 1)) 1.809ms
[180.355s][info][gc          ] Allocation Stall (Executor task launch worker for task 38.0 in stage 0.0 (TID 38)) 1.796ms
[180.355s][info][gc          ] Allocation Stall (Executor task launch worker for task 10.0 in stage 0.0 (TID 10)) 1.827ms
[180.355s][info][gc          ] Allocation Stall (Executor task launch worker for task 42.0 in stage 0.0 (TID 42)) 1.833ms
[180.355s][info][gc          ] Allocation Stall (Executor task launch worker for task 21.0 in stage 0.0 (TID 21)) 1.847ms
[180.355s][info][gc          ] Allocation Stall (Executor task launch worker for task 35.0 in stage 0.0 (TID 35)) 1.888ms
[180.358s][info][gc          ] Allocation Stall (Executor task launch worker for task 43.0 in stage 0.0 (TID 43)) 4.479ms
[180.358s][info][gc          ] Allocation Stall (Executor task launch worker for task 41.0 in stage 0.0 (TID 41)) 4.516ms
[180.358s][info][gc          ] Allocation Stall (Executor task launch worker for task 17.0 in stage 0.0 (TID 17)) 4.553ms
[180.358s][info][gc          ] Allocation Stall (Executor task launch worker for task 2.0 in stage 0.0 (TID 2)) 4.591ms
[180.358s][info][gc          ] Allocation Stall (Executor task launch worker for task 33.0 in stage 0.0 (TID 33)) 4.615ms
[180.363s][info][gc          ] Allocation Stall (Executor task launch worker for task 6.0 in stage 0.0 (TID 6)) 10.116ms
[180.363s][info][gc          ] Allocation Stall (Executor task launch worker for task 27.0 in stage 0.0 (TID 27)) 10.089ms
[180.363s][info][gc          ] Allocation Stall (Executor task launch worker for task 10.0 in stage 0.0 (TID 10)) 4.363ms
[180.363s][info][gc          ] Allocation Stall (Executor task launch worker for task 29.0 in stage 0.0 (TID 29)) 10.030ms
[180.363s][info][gc          ] Allocation Stall (Executor task launch worker for task 30.0 in stage 0.0 (TID 30)) 10.058ms
[180.363s][info][gc          ] Allocation Stall (Executor task launch worker for task 20.0 in stage 0.0 (TID 20)) 10.007ms
[180.363s][info][gc          ] Allocation Stall (Executor task launch worker for task 34.0 in stage 0.0 (TID 34)) 10.017ms
[180.363s][info][gc          ] Allocation Stall (Executor task launch worker for task 45.0 in stage 0.0 (TID 45)) 3.754ms
[180.363s][info][gc          ] Allocation Stall (Executor task launch worker for task 7.0 in stage 0.0 (TID 7)) 3.819ms
[180.363s][info][gc          ] Allocation Stall (Executor task launch worker for task 4.0 in stage 0.0 (TID 4)) 10.026ms
[180.363s][info][gc          ] Allocation Stall (Executor task launch worker for task 46.0 in stage 0.0 (TID 46)) 3.405ms
[180.363s][info][gc          ] Allocation Stall (Executor task launch worker for task 32.0 in stage 0.0 (TID 32)) 3.321ms
[180.364s][info][gc          ] Allocation Stall (Executor task launch worker for task 37.0 in stage 0.0 (TID 37)) 3.395ms
[180.364s][info][gc          ] Allocation Stall (Executor task launch worker for task 12.0 in stage 0.0 (TID 12)) 3.394ms
[180.364s][info][gc          ] Allocation Stall (Executor task launch worker for task 16.0 in stage 0.0 (TID 16)) 3.226ms
[180.364s][info][gc          ] Allocation Stall (Executor task launch worker for task 40.0 in stage 0.0 (TID 40)) 2.988ms
[180.364s][info][gc          ] Allocation Stall (Executor task launch worker for task 13.0 in stage 0.0 (TID 13)) 2.847ms
[180.364s][info][gc          ] Allocation Stall (Executor task launch worker for task 35.0 in stage 0.0 (TID 35)) 2.783ms
[180.364s][info][gc          ] Allocation Stall (Executor task launch worker for task 8.0 in stage 0.0 (TID 8)) 2.728ms
[180.364s][info][gc          ] Allocation Stall (Executor task launch worker for task 31.0 in stage 0.0 (TID 31)) 2.688ms
[180.365s][info][gc          ] Allocation Stall (Executor task launch worker for task 28.0 in stage 0.0 (TID 28)) 3.905ms
[180.365s][info][gc          ] Allocation Stall (Executor task launch worker for task 39.0 in stage 0.0 (TID 39)) 3.754ms
[180.365s][info][gc          ] Allocation Stall (Executor task launch worker for task 21.0 in stage 0.0 (TID 21)) 3.764ms
[180.365s][info][gc          ] Allocation Stall (Executor task launch worker for task 25.0 in stage 0.0 (TID 25)) 3.381ms
[180.365s][info][gc          ] Allocation Stall (Executor task launch worker for task 2.0 in stage 0.0 (TID 2)) 3.317ms
[180.370s][info][gc          ] Allocation Stall (Executor task launch worker for task 43.0 in stage 0.0 (TID 43)) 7.745ms
[180.370s][info][gc          ] Allocation Stall (Executor task launch worker for task 33.0 in stage 0.0 (TID 33)) 7.644ms
[180.370s][info][gc          ] Allocation Stall (Executor task launch worker for task 24.0 in stage 0.0 (TID 24)) 7.611ms
[180.370s][info][gc          ] Allocation Stall (Executor task launch worker for task 36.0 in stage 0.0 (TID 36)) 7.642ms
[180.370s][info][gc          ] Allocation Stall (Executor task launch worker for task 14.0 in stage 0.0 (TID 14)) 7.614ms
[180.370s][info][gc          ] Allocation Stall (Executor task launch worker for task 9.0 in stage 0.0 (TID 9)) 7.645ms
[180.370s][info][gc          ] Allocation Stall (Executor task launch worker for task 41.0 in stage 0.0 (TID 41)) 7.685ms
[180.371s][info][gc          ] Allocation Stall (Executor task launch worker for task 38.0 in stage 0.0 (TID 38)) 8.282ms
[180.371s][info][gc          ] Allocation Stall (Executor task launch worker for task 17.0 in stage 0.0 (TID 17)) 8.279ms
[180.372s][info][gc          ] Allocation Stall (Executor task launch worker for task 18.0 in stage 0.0 (TID 18)) 9.095ms
[180.372s][info][gc          ] Allocation Stall (Executor task launch worker for task 42.0 in stage 0.0 (TID 42)) 8.963ms
[180.372s][info][gc          ] Allocation Stall (Executor task launch worker for task 23.0 in stage 0.0 (TID 23)) 8.874ms
[180.372s][info][gc          ] Allocation Stall (Executor task launch worker for task 1.0 in stage 0.0 (TID 1)) 8.912ms
[180.372s][info][gc          ] Allocation Stall (Executor task launch worker for task 5.0 in stage 0.0 (TID 5)) 8.010ms
[180.372s][info][gc          ] Allocation Stall (Executor task launch worker for task 2.0 in stage 0.0 (TID 2)) 3.811ms
[180.373s][info][gc          ] Allocation Stall (Executor task launch worker for task 40.0 in stage 0.0 (TID 40)) 4.832ms
[180.381s][info][gc          ] Allocation Stall (Executor task launch worker for task 16.0 in stage 0.0 (TID 16)) 12.187ms
[180.381s][info][gc          ] Allocation Stall (Executor task launch worker for task 13.0 in stage 0.0 (TID 13)) 12.265ms
[180.381s][info][gc          ] Allocation Stall (Executor task launch worker for task 6.0 in stage 0.0 (TID 6)) 12.286ms
[180.381s][info][gc          ] Allocation Stall (Executor task launch worker for task 37.0 in stage 0.0 (TID 37)) 12.253ms
[180.381s][info][gc          ] Allocation Stall (Executor task launch worker for task 8.0 in stage 0.0 (TID 8)) 11.872ms
[180.381s][info][gc          ] Allocation Stall (Executor task launch worker for task 25.0 in stage 0.0 (TID 25)) 11.304ms
[180.381s][info][gc          ] Allocation Stall (Executor task launch worker for task 31.0 in stage 0.0 (TID 31)) 12.275ms
[180.382s][info][gc          ] Allocation Stall (Executor task launch worker for task 27.0 in stage 0.0 (TID 27)) 12.795ms
[180.382s][info][gc          ] Allocation Stall (Executor task launch worker for task 28.0 in stage 0.0 (TID 28)) 12.635ms
[180.382s][info][gc          ] Allocation Stall (Executor task launch worker for task 17.0 in stage 0.0 (TID 17)) 5.170ms
[180.382s][info][gc          ] Allocation Stall (Executor task launch worker for task 19.0 in stage 0.0 (TID 19)) 5.173ms
[180.382s][info][gc          ] Allocation Stall (Executor task launch worker for task 47.0 in stage 0.0 (TID 47)) 5.000ms
[180.382s][info][gc          ] Allocation Stall (Executor task launch worker for task 9.0 in stage 0.0 (TID 9)) 4.921ms
[180.383s][info][gc          ] Allocation Stall (Executor task launch worker for task 32.0 in stage 0.0 (TID 32)) 5.066ms
[180.383s][info][gc          ] Allocation Stall (Executor task launch worker for task 4.0 in stage 0.0 (TID 4)) 5.004ms
[180.383s][info][gc          ] Allocation Stall (Executor task launch worker for task 30.0 in stage 0.0 (TID 30)) 4.988ms
[180.383s][info][gc          ] Allocation Stall (Executor task launch worker for task 14.0 in stage 0.0 (TID 14)) 5.032ms
[180.383s][info][gc          ] Allocation Stall (Executor task launch worker for task 38.0 in stage 0.0 (TID 38)) 4.675ms
[180.383s][info][gc          ] Allocation Stall (Executor task launch worker for task 36.0 in stage 0.0 (TID 36)) 4.598ms
[180.383s][info][gc          ] Allocation Stall (Executor task launch worker for task 10.0 in stage 0.0 (TID 10)) 4.622ms
[180.383s][info][gc          ] Allocation Stall (Executor task launch worker for task 20.0 in stage 0.0 (TID 20)) 4.638ms
[180.383s][info][gc          ] Allocation Stall (Executor task launch worker for task 18.0 in stage 0.0 (TID 18)) 4.427ms
[180.383s][info][gc          ] Allocation Stall (Executor task launch worker for task 26.0 in stage 0.0 (TID 26)) 4.451ms
[180.383s][info][gc          ] Allocation Stall (Executor task launch worker for task 1.0 in stage 0.0 (TID 1)) 4.442ms
[180.383s][info][gc          ] Allocation Stall (Executor task launch worker for task 2.0 in stage 0.0 (TID 2)) 4.385ms
[180.383s][info][gc          ] Allocation Stall (Executor task launch worker for task 12.0 in stage 0.0 (TID 12)) 4.386ms
[180.383s][info][gc          ] Allocation Stall (Executor task launch worker for task 40.0 in stage 0.0 (TID 40)) 3.550ms
[180.383s][info][gc          ] Allocation Stall (Executor task launch worker for task 21.0 in stage 0.0 (TID 21)) 3.680ms
[180.384s][info][gc          ] Allocation Stall (Executor task launch worker for task 34.0 in stage 0.0 (TID 34)) 3.330ms
[180.384s][info][gc          ] Allocation Stall (Executor task launch worker for task 24.0 in stage 0.0 (TID 24)) 2.979ms
[180.384s][info][gc          ] Allocation Stall (Executor task launch worker for task 43.0 in stage 0.0 (TID 43)) 2.584ms
[180.384s][info][gc          ] Allocation Stall (Executor task launch worker for task 41.0 in stage 0.0 (TID 41)) 2.486ms
[180.384s][info][gc          ] Allocation Stall (Executor task launch worker for task 46.0 in stage 0.0 (TID 46)) 2.455ms
[180.384s][info][gc          ] Allocation Stall (Executor task launch worker for task 7.0 in stage 0.0 (TID 7)) 2.488ms
[180.384s][info][gc          ] Allocation Stall (Executor task launch worker for task 35.0 in stage 0.0 (TID 35)) 2.416ms
[180.384s][info][gc          ] Allocation Stall (Executor task launch worker for task 33.0 in stage 0.0 (TID 33)) 2.389ms
[180.384s][info][gc          ] Allocation Stall (Executor task launch worker for task 45.0 in stage 0.0 (TID 45)) 2.188ms
[180.384s][info][gc          ] Allocation Stall (Executor task launch worker for task 42.0 in stage 0.0 (TID 42)) 2.215ms
[180.384s][info][gc          ] Allocation Stall (Executor task launch worker for task 23.0 in stage 0.0 (TID 23)) 2.215ms
[180.384s][info][gc          ] Allocation Stall (Executor task launch worker for task 29.0 in stage 0.0 (TID 29)) 2.236ms
[180.384s][info][gc          ] Allocation Stall (Executor task launch worker for task 5.0 in stage 0.0 (TID 5)) 2.242ms
[180.387s][info][gc          ] Allocation Stall (Executor task launch worker for task 44.0 in stage 0.0 (TID 44)) 5.589ms
[180.388s][info][gc          ] Allocation Stall (Executor task launch worker for task 39.0 in stage 0.0 (TID 39)) 5.563ms
[180.396s][info][gc          ] Allocation Stall (Executor task launch worker for task 14.0 in stage 0.0 (TID 14)) 4.820ms
[180.396s][info][gc          ] Allocation Stall (Executor task launch worker for task 30.0 in stage 0.0 (TID 30)) 4.865ms
[180.396s][info][gc          ] Allocation Stall (Executor task launch worker for task 13.0 in stage 0.0 (TID 13)) 4.780ms
[180.396s][info][gc          ] Allocation Stall (Executor task launch worker for task 38.0 in stage 0.0 (TID 38)) 4.784ms
[180.397s][info][gc          ] Allocation Stall (Executor task launch worker for task 25.0 in stage 0.0 (TID 25)) 4.867ms
[180.397s][info][gc          ] Allocation Stall (Executor task launch worker for task 31.0 in stage 0.0 (TID 31)) 4.779ms
[180.397s][info][gc          ] Allocation Stall (Executor task launch worker for task 10.0 in stage 0.0 (TID 10)) 4.738ms
[180.397s][info][gc          ] Allocation Stall (Executor task launch worker for task 9.0 in stage 0.0 (TID 9)) 1.679ms
[180.414s][info][gc          ] Allocation Stall (Executor task launch worker for task 18.0 in stage 0.0 (TID 18)) 2.737ms
[180.414s][info][gc          ] Allocation Stall (Executor task launch worker for task 24.0 in stage 0.0 (TID 24)) 2.606ms
[180.414s][info][gc          ] Allocation Stall (Executor task launch worker for task 39.0 in stage 0.0 (TID 39)) 2.490ms
[180.414s][info][gc          ] Allocation Stall (Executor task launch worker for task 37.0 in stage 0.0 (TID 37)) 2.436ms
[180.414s][info][gc          ] Allocation Stall (Executor task launch worker for task 43.0 in stage 0.0 (TID 43)) 2.474ms
[180.414s][info][gc          ] Allocation Stall (Executor task launch worker for task 23.0 in stage 0.0 (TID 23)) 2.545ms
[180.414s][info][gc          ] Allocation Stall (Executor task launch worker for task 34.0 in stage 0.0 (TID 34)) 2.545ms
[180.414s][info][gc          ] Allocation Stall (Executor task launch worker for task 9.0 in stage 0.0 (TID 9)) 2.516ms
[180.414s][info][gc          ] Allocation Stall (Executor task launch worker for task 14.0 in stage 0.0 (TID 14)) 2.491ms
[180.414s][info][gc          ] Allocation Stall (Executor task launch worker for task 33.0 in stage 0.0 (TID 33)) 2.395ms
[180.415s][info][gc          ] Allocation Stall (Executor task launch worker for task 42.0 in stage 0.0 (TID 42)) 3.490ms
[180.415s][info][gc          ] Allocation Stall (Executor task launch worker for task 19.0 in stage 0.0 (TID 19)) 3.367ms
[180.428s][info][gc,phases   ] GC(26) Concurrent Relocate 100.675ms
[180.428s][info][gc,load     ] GC(26) Load: 0.00/0.00/0.00
[180.428s][info][gc,mmu      ] GC(26) MMU: 2ms/97.5%, 5ms/99.0%, 10ms/99.5%, 20ms/99.7%, 50ms/99.9%, 100ms/99.9%
[180.428s][info][gc,marking  ] GC(26) Mark: 4 stripe(s), 2 proactive flush(es), 1 terminate flush(es), 0 completion(s), 0 continuation(s) 
[180.428s][info][gc,marking  ] GC(26) Mark Stack Usage: 32M
[180.428s][info][gc,nmethod  ] GC(26) NMethods: 750 registered, 20 unregistered
[180.428s][info][gc,metaspace] GC(26) Metaspace: 107M used, 116M committed, 1152M reserved
[180.428s][info][gc,ref      ] GC(26) Soft: 2799 encountered, 2240 discovered, 0 enqueued
[180.428s][info][gc,ref      ] GC(26) Weak: 12954 encountered, 5097 discovered, 2 enqueued
[180.428s][info][gc,ref      ] GC(26) Final: 40 encountered, 0 discovered, 0 enqueued
[180.429s][info][gc,ref      ] GC(26) Phantom: 750 encountered, 460 discovered, 0 enqueued
[180.429s][info][gc,reloc    ] GC(26) Small Pages: 172 / 344M, Empty: 226M, Relocated: 3M, In-Place: 0
[180.429s][info][gc,reloc    ] GC(26) Medium Pages: 5 / 80M, Empty: 0M, Relocated: 10M, In-Place: 0
[180.429s][info][gc,reloc    ] GC(26) Large Pages: 22 / 88M, Empty: 0M, Relocated: 0M, In-Place: 0
[180.429s][info][gc,reloc    ] GC(26) Forwarding Usage: 0M
[180.429s][info][gc,heap     ] GC(26) Min Capacity: 8M(2%)
[180.429s][info][gc,heap     ] GC(26) Max Capacity: 512M(100%)
[180.429s][info][gc,heap     ] GC(26) Soft Max Capacity: 512M(100%)
[180.429s][info][gc,heap     ] GC(26)                Mark Start          Mark End        Relocate Start      Relocate End           High               Low         
[180.429s][info][gc,heap     ] GC(26)  Capacity:      512M (100%)        512M (100%)        512M (100%)        512M (100%)        512M (100%)        512M (100%)   
[180.429s][info][gc,heap     ] GC(26)      Free:        0M (0%)            0M (0%)          150M (29%)          18M (4%)          206M (40%)           0M (0%)     
[180.429s][info][gc,heap     ] GC(26)      Used:      512M (100%)        512M (100%)        362M (71%)         494M (96%)         512M (100%)        306M (60%)    
[180.429s][info][gc,heap     ] GC(26)      Live:         -               190M (37%)         190M (37%)         190M (37%)            -                  -          
[180.429s][info][gc,heap     ] GC(26) Allocated:         -                 0M (0%)           76M (15%)         260M (51%)            -                  -          
[180.429s][info][gc,heap     ] GC(26)   Garbage:         -               321M (63%)          95M (19%)          43M (8%)             -                  -          
[180.429s][info][gc,heap     ] GC(26) Reclaimed:         -                  -               226M (44%)         278M (54%)            -                  -          
[180.429s][info][gc          ] GC(26) Garbage Collection (Allocation Stall) 512M(100%)->494M(96%)
[180.431s][info][gc,start    ] GC(27) Garbage Collection (Allocation Stall)
[180.431s][info][gc,ref      ] GC(27) Clearing All SoftReferences
[180.431s][info][gc,task     ] GC(27) Using 5 workers
[180.432s][info][gc,ref      ] GC(27) Clearing All SoftReferences
[180.432s][info][gc,phases   ] GC(27) Pause Mark Start 0.031ms
[180.433s][info][gc          ] Allocation Stall (Executor task launch worker for task 36.0 in stage 0.0 (TID 36)) 1.098ms
[180.479s][info][gc,phases   ] GC(27) Concurrent Mark 40.052ms
[180.479s][info][gc,phases   ] GC(27) Pause Mark End 0.024ms
[180.479s][info][gc,phases   ] GC(27) Concurrent Mark Free 0.001ms
[180.480s][info][gc,phases   ] GC(27) Concurrent Process Non-Strong References 1.006ms
[180.480s][info][gc,phases   ] GC(27) Concurrent Reset Relocation Set 0.004ms
[180.480s][info][gc          ] Allocation Stall (Executor task launch worker for task 30.0 in stage 0.0 (TID 30)) 40.102ms
[180.480s][info][gc          ] Allocation Stall (Executor task launch worker for task 5.0 in stage 0.0 (TID 5)) 39.302ms
[180.480s][info][gc          ] Allocation Stall (Executor task launch worker for task 26.0 in stage 0.0 (TID 26)) 39.859ms
[180.480s][info][gc          ] Allocation Stall (Executor task launch worker for task 22.0 in stage 0.0 (TID 22)) 40.586ms
[180.480s][info][gc          ] Allocation Stall (Spark Context Cleaner) 32.733ms
[180.480s][info][gc          ] Allocation Stall (Executor task launch worker for task 19.0 in stage 0.0 (TID 19)) 39.546ms
[180.480s][info][gc          ] Allocation Stall (Executor task launch worker for task 7.0 in stage 0.0 (TID 7)) 39.498ms
[180.480s][info][gc          ] Allocation Stall (Executor task launch worker for task 1.0 in stage 0.0 (TID 1)) 39.499ms
[180.480s][info][gc          ] Allocation Stall (Executor task launch worker for task 11.0 in stage 0.0 (TID 11)) 38.880ms
[180.480s][info][gc          ] Allocation Stall (Executor task launch worker for task 35.0 in stage 0.0 (TID 35)) 39.395ms
[180.480s][info][gc          ] Allocation Stall (Executor task launch worker for task 3.0 in stage 0.0 (TID 3)) 39.506ms
[180.480s][info][gc          ] Allocation Stall (Executor task launch worker for task 33.0 in stage 0.0 (TID 33)) 39.648ms
[180.480s][info][gc          ] Allocation Stall (Executor task launch worker for task 18.0 in stage 0.0 (TID 18)) 38.904ms
[180.480s][info][gc          ] Allocation Stall (Executor task launch worker for task 31.0 in stage 0.0 (TID 31)) 39.626ms
[180.480s][info][gc          ] Allocation Stall (Executor task launch worker for task 34.0 in stage 0.0 (TID 34)) 38.873ms
[180.480s][info][gc          ] Allocation Stall (Executor task launch worker for task 42.0 in stage 0.0 (TID 42)) 39.436ms
[180.480s][info][gc          ] Allocation Stall (Executor task launch worker for task 2.0 in stage 0.0 (TID 2)) 39.511ms
[180.480s][info][gc          ] Allocation Stall (Executor task launch worker for task 23.0 in stage 0.0 (TID 23)) 38.898ms
[180.480s][info][gc          ] Allocation Stall (Executor task launch worker for task 12.0 in stage 0.0 (TID 12)) 39.497ms
[180.480s][info][gc          ] Allocation Stall (Executor task launch worker for task 8.0 in stage 0.0 (TID 8)) 40.391ms
[180.480s][info][gc          ] Allocation Stall (Executor task launch worker for task 37.0 in stage 0.0 (TID 37)) 41.657ms
[180.480s][info][gc          ] Allocation Stall (Executor task launch worker for task 0.0 in stage 0.0 (TID 0)) 38.950ms
[180.480s][info][gc          ] Allocation Stall (Executor task launch worker for task 13.0 in stage 0.0 (TID 13)) 39.706ms
[180.480s][info][gc          ] Allocation Stall (Executor task launch worker for task 20.0 in stage 0.0 (TID 20)) 38.996ms
[180.480s][info][gc          ] Allocation Stall (Executor task launch worker for task 9.0 in stage 0.0 (TID 9)) 40.742ms
[180.480s][info][gc          ] Allocation Stall (Executor task launch worker for task 14.0 in stage 0.0 (TID 14)) 40.888ms
[180.480s][info][gc          ] Allocation Stall (Executor task launch worker for task 32.0 in stage 0.0 (TID 32)) 40.486ms
[180.480s][info][gc          ] Allocation Stall (Executor task launch worker for task 24.0 in stage 0.0 (TID 24)) 40.636ms
[180.480s][info][gc          ] Allocation Stall (Executor task launch worker for task 10.0 in stage 0.0 (TID 10)) 40.710ms
[180.480s][info][gc          ] Allocation Stall (Executor task launch worker for task 41.0 in stage 0.0 (TID 41)) 39.154ms
[180.480s][info][gc          ] Allocation Stall (Executor task launch worker for task 39.0 in stage 0.0 (TID 39)) 38.981ms
[180.480s][info][gc          ] Allocation Stall (Executor task launch worker for task 28.0 in stage 0.0 (TID 28)) 39.440ms
[180.480s][info][gc          ] Allocation Stall (Executor task launch worker for task 40.0 in stage 0.0 (TID 40)) 40.457ms
[180.480s][info][gc          ] Allocation Stall (Executor task launch worker for task 16.0 in stage 0.0 (TID 16)) 39.130ms
[180.480s][info][gc          ] Allocation Stall (Executor task launch worker for task 47.0 in stage 0.0 (TID 47)) 40.070ms
[180.480s][info][gc          ] Allocation Stall (Executor task launch worker for task 46.0 in stage 0.0 (TID 46)) 40.251ms
[180.480s][info][gc          ] Allocation Stall (Executor task launch worker for task 6.0 in stage 0.0 (TID 6)) 40.163ms
[180.480s][info][gc          ] Allocation Stall (Executor task launch worker for task 44.0 in stage 0.0 (TID 44)) 40.713ms
[180.480s][info][gc          ] Allocation Stall (Executor task launch worker for task 29.0 in stage 0.0 (TID 29)) 39.777ms
[180.480s][info][gc          ] Allocation Stall (Executor task launch worker for task 27.0 in stage 0.0 (TID 27)) 40.625ms
[180.480s][info][gc          ] Allocation Stall (Executor task launch worker for task 4.0 in stage 0.0 (TID 4)) 40.565ms
[180.480s][info][gc          ] Allocation Stall (Executor task launch worker for task 43.0 in stage 0.0 (TID 43)) 41.637ms
[180.480s][info][gc          ] Allocation Stall (Executor task launch worker for task 21.0 in stage 0.0 (TID 21)) 40.670ms
[180.480s][info][gc          ] Allocation Stall (Executor task launch worker for task 45.0 in stage 0.0 (TID 45)) 40.920ms
[180.480s][info][gc          ] Allocation Stall (Executor task launch worker for task 36.0 in stage 0.0 (TID 36)) 40.523ms
[180.480s][info][gc          ] Allocation Stall (Executor task launch worker for task 25.0 in stage 0.0 (TID 25)) 40.682ms
[180.480s][info][gc          ] Allocation Stall (Executor task launch worker for task 17.0 in stage 0.0 (TID 17)) 41.366ms
[180.480s][info][gc          ] Allocation Stall (Executor task launch worker for task 15.0 in stage 0.0 (TID 15)) 40.900ms
[180.480s][info][gc          ] Allocation Stall (Executor task launch worker for task 38.0 in stage 0.0 (TID 38)) 40.386ms
[180.484s][info][gc,phases   ] GC(27) Concurrent Select Relocation Set 4.009ms
[180.485s][info][gc,phases   ] GC(27) Pause Relocate Start 0.008ms
[180.487s][info][gc          ] Allocation Stall (Executor task launch worker for task 16.0 in stage 0.0 (TID 16)) 0.051ms
[180.487s][info][gc          ] Allocation Stall (Executor task launch worker for task 40.0 in stage 0.0 (TID 40)) 0.125ms
[180.487s][info][gc          ] Allocation Stall (Executor task launch worker for task 10.0 in stage 0.0 (TID 10)) 0.151ms
[180.487s][info][gc          ] Allocation Stall (Executor task launch worker for task 21.0 in stage 0.0 (TID 21)) 0.207ms
[180.487s][info][gc          ] Allocation Stall (Executor task launch worker for task 5.0 in stage 0.0 (TID 5)) 0.192ms
[180.487s][info][gc          ] Allocation Stall (Executor task launch worker for task 1.0 in stage 0.0 (TID 1)) 0.222ms
[180.487s][info][gc          ] Allocation Stall (Executor task launch worker for task 23.0 in stage 0.0 (TID 23)) 0.264ms
[180.487s][info][gc          ] Allocation Stall (Executor task launch worker for task 26.0 in stage 0.0 (TID 26)) 0.284ms
[180.487s][info][gc          ] Allocation Stall (Executor task launch worker for task 37.0 in stage 0.0 (TID 37)) 0.097ms
[180.496s][info][gc          ] Allocation Stall (Executor task launch worker for task 25.0 in stage 0.0 (TID 25)) 5.820ms
[180.496s][info][gc          ] Allocation Stall (Executor task launch worker for task 42.0 in stage 0.0 (TID 42)) 5.424ms
[180.496s][info][gc          ] Allocation Stall (Executor task launch worker for task 6.0 in stage 0.0 (TID 6)) 5.891ms
[180.496s][info][gc          ] Allocation Stall (Executor task launch worker for task 38.0 in stage 0.0 (TID 38)) 5.831ms
[180.496s][info][gc          ] Allocation Stall (Executor task launch worker for task 9.0 in stage 0.0 (TID 9)) 5.283ms
[180.496s][info][gc          ] Allocation Stall (Executor task launch worker for task 30.0 in stage 0.0 (TID 30)) 5.285ms
[180.496s][info][gc          ] Allocation Stall (Executor task launch worker for task 17.0 in stage 0.0 (TID 17)) 5.969ms
[180.496s][info][gc          ] Allocation Stall (Executor task launch worker for task 1.0 in stage 0.0 (TID 1)) 5.244ms
[180.496s][info][gc          ] Allocation Stall (Executor task launch worker for task 37.0 in stage 0.0 (TID 37)) 5.552ms
[180.496s][info][gc          ] Allocation Stall (Executor task launch worker for task 23.0 in stage 0.0 (TID 23)) 5.008ms
[180.497s][info][gc          ] Allocation Stall (Executor task launch worker for task 29.0 in stage 0.0 (TID 29)) 5.271ms
[180.497s][info][gc          ] Allocation Stall (Executor task launch worker for task 41.0 in stage 0.0 (TID 41)) 5.383ms
[180.497s][info][gc          ] Allocation Stall (Executor task launch worker for task 15.0 in stage 0.0 (TID 15)) 4.994ms
[180.497s][info][gc          ] Allocation Stall (Executor task launch worker for task 26.0 in stage 0.0 (TID 26)) 4.946ms
[180.497s][info][gc          ] Allocation Stall (Executor task launch worker for task 21.0 in stage 0.0 (TID 21)) 5.712ms
[180.497s][info][gc          ] Allocation Stall (Executor task launch worker for task 16.0 in stage 0.0 (TID 16)) 4.850ms
[180.497s][info][gc          ] Allocation Stall (Executor task launch worker for task 10.0 in stage 0.0 (TID 10)) 4.772ms
[180.497s][info][gc          ] Allocation Stall (Executor task launch worker for task 2.0 in stage 0.0 (TID 2)) 4.563ms
[180.497s][info][gc          ] Allocation Stall (Executor task launch worker for task 27.0 in stage 0.0 (TID 27)) 4.414ms
[180.497s][info][gc          ] Allocation Stall (Executor task launch worker for task 46.0 in stage 0.0 (TID 46)) 4.378ms
[180.497s][info][gc          ] Allocation Stall (Executor task launch worker for task 33.0 in stage 0.0 (TID 33)) 4.465ms
[180.497s][info][gc          ] Allocation Stall (Executor task launch worker for task 4.0 in stage 0.0 (TID 4)) 4.885ms
[180.497s][info][gc          ] Allocation Stall (Executor task launch worker for task 14.0 in stage 0.0 (TID 14)) 4.346ms
[180.497s][info][gc          ] Allocation Stall (Executor task launch worker for task 31.0 in stage 0.0 (TID 31)) 4.648ms
[180.497s][info][gc          ] Allocation Stall (Executor task launch worker for task 13.0 in stage 0.0 (TID 13)) 4.069ms
[180.497s][info][gc          ] Allocation Stall (Executor task launch worker for task 20.0 in stage 0.0 (TID 20)) 4.634ms
[180.497s][info][gc          ] Allocation Stall (Executor task launch worker for task 5.0 in stage 0.0 (TID 5)) 4.248ms
[180.497s][info][gc          ] Allocation Stall (Executor task launch worker for task 47.0 in stage 0.0 (TID 47)) 4.374ms
[180.497s][info][gc          ] Allocation Stall (Executor task launch worker for task 40.0 in stage 0.0 (TID 40)) 4.245ms
[180.497s][info][gc          ] Allocation Stall (Executor task launch worker for task 7.0 in stage 0.0 (TID 7)) 4.033ms
[180.497s][info][gc          ] Allocation Stall (Executor task launch worker for task 24.0 in stage 0.0 (TID 24)) 0.935ms
[180.497s][info][gc          ] Allocation Stall (Executor task launch worker for task 43.0 in stage 0.0 (TID 43)) 3.985ms
[180.498s][info][gc          ] Allocation Stall (Executor task launch worker for task 39.0 in stage 0.0 (TID 39)) 0.373ms
[180.561s][info][gc          ] Relocation Stall (Executor task launch worker for task 32.0 in stage 0.0 (TID 32)) 74.650ms
[180.561s][info][gc          ] Relocation Stall (Executor task launch worker for task 18.0 in stage 0.0 (TID 18)) 74.660ms
[180.566s][info][gc          ] Relocation Stall (Executor task launch worker for task 12.0 in stage 0.0 (TID 12)) 80.138ms
[180.566s][info][gc          ] Relocation Stall (Executor task launch worker for task 45.0 in stage 0.0 (TID 45)) 80.146ms
[180.566s][info][gc          ] Relocation Stall (Executor task launch worker for task 44.0 in stage 0.0 (TID 44)) 80.335ms
[180.570s][info][gc,phases   ] GC(27) Concurrent Relocate 84.652ms
[180.570s][info][gc,load     ] GC(27) Load: 0.00/0.00/0.00
[180.570s][info][gc,mmu      ] GC(27) MMU: 2ms/97.5%, 5ms/99.0%, 10ms/99.5%, 20ms/99.7%, 50ms/99.9%, 100ms/99.9%
[180.570s][info][gc,marking  ] GC(27) Mark: 4 stripe(s), 2 proactive flush(es), 1 terminate flush(es), 0 completion(s), 0 continuation(s) 
[180.570s][info][gc,marking  ] GC(27) Mark Stack Usage: 32M
[180.570s][info][gc,nmethod  ] GC(27) NMethods: 750 registered, 20 unregistered
[180.570s][info][gc,metaspace] GC(27) Metaspace: 107M used, 116M committed, 1152M reserved
[180.570s][info][gc,ref      ] GC(27) Soft: 2799 encountered, 1596 discovered, 0 enqueued
[180.570s][info][gc,ref      ] GC(27) Weak: 12954 encountered, 4083 discovered, 0 enqueued
[180.570s][info][gc,ref      ] GC(27) Final: 40 encountered, 1 discovered, 0 enqueued
[180.570s][info][gc,ref      ] GC(27) Phantom: 750 encountered, 403 discovered, 0 enqueued
[180.570s][info][gc,reloc    ] GC(27) Small Pages: 161 / 322M, Empty: 192M, Relocated: 3M, In-Place: 0
[180.570s][info][gc,reloc    ] GC(27) Medium Pages: 5 / 80M, Empty: 0M, Relocated: 27M, In-Place: 0
[180.570s][info][gc,reloc    ] GC(27) Large Pages: 24 / 96M, Empty: 0M, Relocated: 0M, In-Place: 0
[180.570s][info][gc,reloc    ] GC(27) Forwarding Usage: 0M
[180.570s][info][gc,heap     ] GC(27) Min Capacity: 8M(2%)
[180.570s][info][gc,heap     ] GC(27) Max Capacity: 512M(100%)
[180.570s][info][gc,heap     ] GC(27) Soft Max Capacity: 512M(100%)
[180.571s][info][gc,heap     ] GC(27)                Mark Start          Mark End        Relocate Start      Relocate End           High               Low         
[180.571s][info][gc,heap     ] GC(27)  Capacity:      512M (100%)        512M (100%)        512M (100%)        512M (100%)        512M (100%)        512M (100%)   
[180.571s][info][gc,heap     ] GC(27)      Free:       12M (2%)            0M (0%)          168M (33%)          60M (12%)         168M (33%)           0M (0%)     
[180.571s][info][gc,heap     ] GC(27)      Used:      500M (98%)         512M (100%)        344M (67%)         452M (88%)         512M (100%)        344M (67%)    
[180.571s][info][gc,heap     ] GC(27)      Live:         -               195M (38%)         195M (38%)         195M (38%)            -                  -          
[180.571s][info][gc,heap     ] GC(27) Allocated:         -                12M (2%)           36M (7%)          222M (43%)            -                  -          
[180.571s][info][gc,heap     ] GC(27)   Garbage:         -               304M (59%)         112M (22%)          34M (7%)             -                  -          
[180.571s][info][gc,heap     ] GC(27) Reclaimed:         -                  -               192M (38%)         270M (53%)            -                  -          
[180.571s][info][gc          ] GC(27) Garbage Collection (Allocation Stall) 500M(98%)->452M(88%)
[180.588s][info][gc,start    ] GC(28) Garbage Collection (Allocation Stall)
[180.588s][info][gc,ref      ] GC(28) Clearing All SoftReferences
[180.588s][info][gc,task     ] GC(28) Using 5 workers
[180.589s][info][gc,ref      ] GC(28) Clearing All SoftReferences
[180.589s][info][gc,phases   ] GC(28) Pause Mark Start 0.037ms
[180.611s][info][gc          ] Allocation Stall (Executor task launch worker for task 44.0 in stage 0.0 (TID 44)) 0.079ms
[180.611s][info][gc          ] Allocation Stall (Executor task launch worker for task 13.0 in stage 0.0 (TID 13)) 0.079ms
[180.611s][info][gc          ] Allocation Stall (Executor task launch worker for task 32.0 in stage 0.0 (TID 32)) 0.085ms
[180.611s][info][gc          ] Allocation Stall (Executor task launch worker for task 38.0 in stage 0.0 (TID 38)) 0.093ms
[180.611s][info][gc          ] Allocation Stall (Executor task launch worker for task 31.0 in stage 0.0 (TID 31)) 0.112ms
[180.611s][info][gc          ] Allocation Stall (Executor task launch worker for task 25.0 in stage 0.0 (TID 25)) 0.142ms
[180.611s][info][gc          ] Allocation Stall (Executor task launch worker for task 27.0 in stage 0.0 (TID 27)) 0.185ms
[180.612s][info][gc          ] Allocation Stall (Executor task launch worker for task 0.0 in stage 0.0 (TID 0)) 0.220ms
[180.612s][info][gc          ] Allocation Stall (Executor task launch worker for task 37.0 in stage 0.0 (TID 37)) 0.250ms
[180.612s][info][gc          ] Allocation Stall (Executor task launch worker for task 1.0 in stage 0.0 (TID 1)) 0.305ms
[180.612s][info][gc          ] Allocation Stall (Executor task launch worker for task 45.0 in stage 0.0 (TID 45)) 0.331ms
[180.612s][info][gc          ] Allocation Stall (Executor task launch worker for task 11.0 in stage 0.0 (TID 11)) 0.361ms
[180.612s][info][gc          ] Allocation Stall (Executor task launch worker for task 22.0 in stage 0.0 (TID 22)) 0.359ms
[180.612s][info][gc          ] Allocation Stall (Executor task launch worker for task 14.0 in stage 0.0 (TID 14)) 0.387ms
[180.626s][info][gc          ] Allocation Stall (Executor task launch worker for task 18.0 in stage 0.0 (TID 18)) 0.922ms
[180.626s][info][gc          ] Allocation Stall (Executor task launch worker for task 17.0 in stage 0.0 (TID 17)) 0.802ms
[180.628s][info][gc          ] Allocation Stall (Executor task launch worker for task 35.0 in stage 0.0 (TID 35)) 2.367ms
[180.629s][info][gc          ] Allocation Stall (Executor task launch worker for task 12.0 in stage 0.0 (TID 12)) 1.301ms
[180.631s][info][gc          ] Allocation Stall (Executor task launch worker for task 2.0 in stage 0.0 (TID 2)) 3.048ms
[180.632s][info][gc          ] Allocation Stall (Executor task launch worker for task 37.0 in stage 0.0 (TID 37)) 2.328ms
[180.650s][info][gc,phases   ] GC(28) Concurrent Mark 49.853ms
[180.650s][info][gc,phases   ] GC(28) Pause Mark End 0.016ms
[180.651s][info][gc,phases   ] GC(28) Concurrent Mark Free 0.001ms
[180.651s][info][gc,phases   ] GC(28) Concurrent Process Non-Strong References 0.938ms
[180.651s][info][gc,phases   ] GC(28) Concurrent Reset Relocation Set 0.008ms
[180.652s][info][gc          ] Allocation Stall (Executor task launch worker for task 36.0 in stage 0.0 (TID 36)) 14.538ms
[180.652s][info][gc          ] Allocation Stall (Executor task launch worker for task 33.0 in stage 0.0 (TID 33)) 13.279ms
[180.652s][info][gc          ] Allocation Stall (Executor task launch worker for task 37.0 in stage 0.0 (TID 37)) 13.747ms
[180.652s][info][gc          ] Allocation Stall (Executor task launch worker for task 18.0 in stage 0.0 (TID 18)) 13.152ms
[180.652s][info][gc          ] Allocation Stall (Executor task launch worker for task 27.0 in stage 0.0 (TID 27)) 13.651ms
[180.652s][info][gc          ] Allocation Stall (Executor task launch worker for task 12.0 in stage 0.0 (TID 12)) 13.031ms
[180.652s][info][gc          ] Allocation Stall (Executor task launch worker for task 47.0 in stage 0.0 (TID 47)) 13.560ms
[180.652s][info][gc          ] Allocation Stall (Executor task launch worker for task 26.0 in stage 0.0 (TID 26)) 13.147ms
[180.652s][info][gc          ] Allocation Stall (Executor task launch worker for task 7.0 in stage 0.0 (TID 7)) 13.470ms
[180.652s][info][gc          ] Allocation Stall (Executor task launch worker for task 29.0 in stage 0.0 (TID 29)) 13.119ms
[180.652s][info][gc          ] Allocation Stall (Executor task launch worker for task 21.0 in stage 0.0 (TID 21)) 13.716ms
[180.652s][info][gc          ] Allocation Stall (Executor task launch worker for task 2.0 in stage 0.0 (TID 2)) 14.667ms
[180.652s][info][gc          ] Allocation Stall (Executor task launch worker for task 25.0 in stage 0.0 (TID 25)) 14.891ms
[180.652s][info][gc          ] Allocation Stall (Executor task launch worker for task 30.0 in stage 0.0 (TID 30)) 14.573ms
[180.652s][info][gc          ] Allocation Stall (Executor task launch worker for task 4.0 in stage 0.0 (TID 4)) 12.524ms
[180.652s][info][gc          ] Allocation Stall (Executor task launch worker for task 3.0 in stage 0.0 (TID 3)) 13.681ms
[180.652s][info][gc          ] Allocation Stall (Executor task launch worker for task 41.0 in stage 0.0 (TID 41)) 15.400ms
[180.652s][info][gc          ] Allocation Stall (Executor task launch worker for task 28.0 in stage 0.0 (TID 28)) 15.542ms
[180.652s][info][gc          ] Allocation Stall (Executor task launch worker for task 35.0 in stage 0.0 (TID 35)) 13.248ms
[180.652s][info][gc          ] Allocation Stall (Executor task launch worker for task 15.0 in stage 0.0 (TID 15)) 14.726ms
[180.652s][info][gc          ] Allocation Stall (Executor task launch worker for task 46.0 in stage 0.0 (TID 46)) 13.815ms
[180.652s][info][gc          ] Allocation Stall (Executor task launch worker for task 0.0 in stage 0.0 (TID 0)) 13.207ms
[180.652s][info][gc          ] Allocation Stall (Executor task launch worker for task 31.0 in stage 0.0 (TID 31)) 15.046ms
[180.652s][info][gc          ] Allocation Stall (Executor task launch worker for task 19.0 in stage 0.0 (TID 19)) 15.904ms
[180.652s][info][gc          ] Allocation Stall (Executor task launch worker for task 32.0 in stage 0.0 (TID 32)) 14.241ms
[180.652s][info][gc          ] Allocation Stall (Executor task launch worker for task 38.0 in stage 0.0 (TID 38)) 15.307ms
[180.652s][info][gc          ] Allocation Stall (Executor task launch worker for task 40.0 in stage 0.0 (TID 40)) 14.680ms
[180.652s][info][gc          ] Allocation Stall (Executor task launch worker for task 11.0 in stage 0.0 (TID 11)) 21.319ms
[180.652s][info][gc          ] Allocation Stall (Executor task launch worker for task 16.0 in stage 0.0 (TID 16)) 15.499ms
[180.652s][info][gc          ] Allocation Stall (Executor task launch worker for task 23.0 in stage 0.0 (TID 23)) 15.111ms
[180.652s][info][gc          ] Allocation Stall (Executor task launch worker for task 24.0 in stage 0.0 (TID 24)) 13.614ms
[180.652s][info][gc          ] Allocation Stall (Executor task launch worker for task 9.0 in stage 0.0 (TID 9)) 15.587ms
[180.652s][info][gc          ] Allocation Stall (Executor task launch worker for task 22.0 in stage 0.0 (TID 22)) 13.359ms
[180.652s][info][gc          ] Allocation Stall (Executor task launch worker for task 43.0 in stage 0.0 (TID 43)) 18.644ms
[180.652s][info][gc          ] Allocation Stall (Executor task launch worker for task 1.0 in stage 0.0 (TID 1)) 15.249ms
[180.652s][info][gc          ] Allocation Stall (Executor task launch worker for task 13.0 in stage 0.0 (TID 13)) 21.673ms
[180.652s][info][gc          ] Allocation Stall (Executor task launch worker for task 45.0 in stage 0.0 (TID 45)) 13.258ms
[180.652s][info][gc          ] Allocation Stall (Executor task launch worker for task 8.0 in stage 0.0 (TID 8)) 10.511ms
[180.652s][info][gc          ] Allocation Stall (Executor task launch worker for task 5.0 in stage 0.0 (TID 5)) 15.872ms
[180.652s][info][gc          ] Allocation Stall (Executor task launch worker for task 17.0 in stage 0.0 (TID 17)) 16.109ms
[180.652s][info][gc          ] Allocation Stall (Executor task launch worker for task 6.0 in stage 0.0 (TID 6)) 20.906ms
[180.652s][info][gc          ] Allocation Stall (Executor task launch worker for task 39.0 in stage 0.0 (TID 39)) 18.785ms
[180.652s][info][gc          ] Allocation Stall (Executor task launch worker for task 34.0 in stage 0.0 (TID 34)) 15.611ms
[180.652s][info][gc          ] Allocation Stall (Executor task launch worker for task 42.0 in stage 0.0 (TID 42)) 19.397ms
[180.652s][info][gc          ] Allocation Stall (Executor task launch worker for task 44.0 in stage 0.0 (TID 44)) 18.821ms
[180.652s][info][gc          ] Allocation Stall (Executor task launch worker for task 14.0 in stage 0.0 (TID 14)) 19.584ms
[180.652s][info][gc          ] Allocation Stall (Executor task launch worker for task 20.0 in stage 0.0 (TID 20)) 13.341ms
[180.652s][info][gc          ] Allocation Stall (Executor task launch worker for task 10.0 in stage 0.0 (TID 10)) 19.406ms
[180.655s][info][gc,phases   ] GC(28) Concurrent Select Relocation Set 3.148ms
[180.709s][info][gc,phases   ] GC(28) Pause Relocate Start 0.008ms
[180.710s][info][gc          ] Allocation Stall (Executor task launch worker for task 9.0 in stage 0.0 (TID 9)) 0.043ms
[180.711s][info][gc          ] Allocation Stall (Executor task launch worker for task 20.0 in stage 0.0 (TID 20)) 0.063ms
[180.711s][info][gc          ] Allocation Stall (Executor task launch worker for task 31.0 in stage 0.0 (TID 31)) 0.044ms
[180.711s][info][gc          ] Allocation Stall (Executor task launch worker for task 16.0 in stage 0.0 (TID 16)) 0.064ms
[180.711s][info][gc          ] Allocation Stall (Executor task launch worker for task 19.0 in stage 0.0 (TID 19)) 0.038ms
[180.711s][info][gc          ] Allocation Stall (Executor task launch worker for task 32.0 in stage 0.0 (TID 32)) 0.054ms
[180.711s][info][gc          ] Allocation Stall (Executor task launch worker for task 6.0 in stage 0.0 (TID 6)) 0.071ms
[180.711s][info][gc          ] Allocation Stall (Executor task launch worker for task 10.0 in stage 0.0 (TID 10)) 0.073ms
[180.711s][info][gc          ] Allocation Stall (Executor task launch worker for task 41.0 in stage 0.0 (TID 41)) 0.111ms
[180.711s][info][gc          ] Relocation Stall (Executor task launch worker for task 34.0 in stage 0.0 (TID 34)) 0.237ms
[180.712s][info][gc          ] Relocation Stall (Executor task launch worker for task 14.0 in stage 0.0 (TID 14)) 1.269ms
[180.729s][info][gc          ] Relocation Stall (Executor task launch worker for task 24.0 in stage 0.0 (TID 24)) 19.985ms
[180.729s][info][gc          ] Relocation Stall (Executor task launch worker for task 3.0 in stage 0.0 (TID 3)) 20.090ms
[180.729s][info][gc          ] Relocation Stall (Executor task launch worker for task 11.0 in stage 0.0 (TID 11)) 19.653ms
[180.730s][info][gc          ] Allocation Stall (Executor task launch worker for task 46.0 in stage 0.0 (TID 46)) 15.414ms
[180.730s][info][gc          ] Allocation Stall (Executor task launch worker for task 30.0 in stage 0.0 (TID 30)) 15.404ms
[180.730s][info][gc          ] Allocation Stall (Executor task launch worker for task 1.0 in stage 0.0 (TID 1)) 15.236ms
[180.730s][info][gc          ] Allocation Stall (Executor task launch worker for task 15.0 in stage 0.0 (TID 15)) 15.195ms
[180.730s][info][gc          ] Allocation Stall (Executor task launch worker for task 16.0 in stage 0.0 (TID 16)) 16.915ms
[180.730s][info][gc,phases   ] GC(28) Concurrent Relocate 20.553ms
[180.730s][info][gc,load     ] GC(28) Load: 0.00/0.00/0.00
[180.730s][info][gc,mmu      ] GC(28) MMU: 2ms/97.5%, 5ms/99.0%, 10ms/99.5%, 20ms/99.7%, 50ms/99.9%, 100ms/99.9%
[180.730s][info][gc          ] Allocation Stall (Executor task launch worker for task 35.0 in stage 0.0 (TID 35)) 15.405ms
[180.730s][info][gc,marking  ] GC(28) Mark: 4 stripe(s), 2 proactive flush(es), 1 terminate flush(es), 0 completion(s), 0 continuation(s) 
[180.730s][info][gc          ] Allocation Stall (Executor task launch worker for task 19.0 in stage 0.0 (TID 19)) 15.236ms
[180.730s][info][gc          ] Allocation Stall (Executor task launch worker for task 20.0 in stage 0.0 (TID 20)) 15.226ms
[180.730s][info][gc,marking  ] GC(28) Mark Stack Usage: 32M
[180.730s][info][gc          ] Allocation Stall (Executor task launch worker for task 4.0 in stage 0.0 (TID 4)) 14.968ms
[180.730s][info][gc          ] Allocation Stall (Executor task launch worker for task 34.0 in stage 0.0 (TID 34)) 14.887ms
[180.730s][info][gc,nmethod  ] GC(28) NMethods: 751 registered, 20 unregistered
[180.730s][info][gc          ] Allocation Stall (Executor task launch worker for task 7.0 in stage 0.0 (TID 7)) 14.815ms
[180.730s][info][gc          ] Allocation Stall (Executor task launch worker for task 33.0 in stage 0.0 (TID 33)) 14.749ms
[180.730s][info][gc,metaspace] GC(28) Metaspace: 107M used, 116M committed, 1152M reserved
[180.730s][info][gc          ] Allocation Stall (Executor task launch worker for task 2.0 in stage 0.0 (TID 2)) 14.836ms
[180.730s][info][gc          ] Allocation Stall (Executor task launch worker for task 9.0 in stage 0.0 (TID 9)) 14.739ms
[180.730s][info][gc,ref      ] GC(28) Soft: 2799 encountered, 1729 discovered, 0 enqueued
[180.730s][info][gc          ] Allocation Stall (Executor task launch worker for task 23.0 in stage 0.0 (TID 23)) 14.646ms
[180.730s][info][gc          ] Allocation Stall (Executor task launch worker for task 44.0 in stage 0.0 (TID 44)) 14.508ms
[180.730s][info][gc,ref      ] GC(28) Weak: 12954 encountered, 5117 discovered, 0 enqueued
[180.730s][info][gc          ] Allocation Stall (Executor task launch worker for task 13.0 in stage 0.0 (TID 13)) 14.532ms
[180.730s][info][gc          ] Allocation Stall (Executor task launch worker for task 10.0 in stage 0.0 (TID 10)) 14.577ms
[180.730s][info][gc,ref      ] GC(28) Final: 40 encountered, 0 discovered, 0 enqueued
[180.731s][info][gc          ] Allocation Stall (Executor task launch worker for task 43.0 in stage 0.0 (TID 43)) 14.608ms
[180.731s][info][gc,ref      ] GC(28) Phantom: 750 encountered, 590 discovered, 0 enqueued
[180.731s][info][gc          ] Allocation Stall (Executor task launch worker for task 25.0 in stage 0.0 (TID 25)) 14.602ms
[180.731s][info][gc,reloc    ] GC(28) Small Pages: 125 / 250M, Empty: 134M, Relocated: 3M, In-Place: 1
[180.731s][info][gc,reloc    ] GC(28) Medium Pages: 5 / 80M, Empty: 16M, Relocated: 10M, In-Place: 1
[180.731s][info][gc          ] Allocation Stall (Executor task launch worker for task 47.0 in stage 0.0 (TID 47)) 14.654ms
[180.731s][info][gc,reloc    ] GC(28) Large Pages: 28 / 112M, Empty: 0M, Relocated: 0M, In-Place: 0
[180.731s][info][gc          ] Allocation Stall (Executor task launch worker for task 40.0 in stage 0.0 (TID 40)) 14.583ms
[180.731s][info][gc,reloc    ] GC(28) Forwarding Usage: 0M
[180.731s][info][gc          ] Allocation Stall (Executor task launch worker for task 29.0 in stage 0.0 (TID 29)) 14.574ms
[180.731s][info][gc,heap     ] GC(28) Min Capacity: 8M(2%)
[180.731s][info][gc          ] Allocation Stall (Executor task launch worker for task 37.0 in stage 0.0 (TID 37)) 14.605ms
[180.731s][info][gc,heap     ] GC(28) Max Capacity: 512M(100%)
[180.731s][info][gc          ] Allocation Stall (Executor task launch worker for task 39.0 in stage 0.0 (TID 39)) 14.634ms
[180.731s][info][gc,heap     ] GC(28) Soft Max Capacity: 512M(100%)
[180.731s][info][gc,heap     ] GC(28)                Mark Start          Mark End        Relocate Start      Relocate End           High               Low         
[180.731s][info][gc,heap     ] GC(28)  Capacity:      512M (100%)        512M (100%)        512M (100%)        512M (100%)        512M (100%)        512M (100%)   
[180.731s][info][gc,heap     ] GC(28)      Free:       70M (14%)           0M (0%)           22M (4%)            0M (0%)          132M (26%)           0M (0%)     
[180.731s][info][gc,heap     ] GC(28)      Used:      442M (86%)         512M (100%)        490M (96%)         512M (100%)        512M (100%)        380M (74%)    
[180.731s][info][gc,heap     ] GC(28)      Live:         -               206M (40%)         206M (40%)         206M (40%)            -                  -          
[180.731s][info][gc,heap     ] GC(28) Allocated:         -                70M (14%)         198M (39%)         274M (54%)            -                  -          
[180.731s][info][gc,heap     ] GC(28)   Garbage:         -               235M (46%)          85M (17%)          30M (6%)             -                  -          
[180.731s][info][gc,heap     ] GC(28) Reclaimed:         -                  -               150M (29%)         204M (40%)            -                  -          
[180.731s][info][gc          ] GC(28) Garbage Collection (Allocation Stall) 442M(86%)->512M(100%)
[180.731s][info][gc,start    ] GC(29) Garbage Collection (Allocation Stall)
[180.731s][info][gc,ref      ] GC(29) Clearing All SoftReferences
[180.731s][info][gc,task     ] GC(29) Using 5 workers
[180.732s][info][gc,ref      ] GC(29) Clearing All SoftReferences
[180.732s][info][gc,phases   ] GC(29) Pause Mark Start 0.036ms
[180.766s][info][gc,phases   ] GC(29) Concurrent Mark 34.651ms
[180.766s][info][gc,phases   ] GC(29) Pause Mark End 0.013ms
[180.766s][info][gc,phases   ] GC(29) Concurrent Mark Free 0.001ms
[180.767s][info][gc,phases   ] GC(29) Concurrent Process Non-Strong References 0.966ms
[180.767s][info][gc,phases   ] GC(29) Concurrent Reset Relocation Set 0.005ms
[180.768s][info][gc          ] Allocation Stall (Executor task launch worker for task 15.0 in stage 0.0 (TID 15)) 35.938ms
[180.768s][info][gc          ] Allocation Stall (Executor task launch worker for task 44.0 in stage 0.0 (TID 44)) 35.923ms
[180.768s][info][gc          ] Allocation Stall (Executor task launch worker for task 34.0 in stage 0.0 (TID 34)) 35.902ms
[180.768s][info][gc          ] Allocation Stall (Executor task launch worker for task 10.0 in stage 0.0 (TID 10)) 35.919ms
[180.768s][info][gc          ] Allocation Stall (Executor task launch worker for task 8.0 in stage 0.0 (TID 8)) 50.030ms
[180.768s][info][gc          ] Allocation Stall (Executor task launch worker for task 46.0 in stage 0.0 (TID 46)) 35.946ms
[180.768s][info][gc          ] Allocation Stall (Executor task launch worker for task 25.0 in stage 0.0 (TID 25)) 35.949ms
[180.768s][info][gc          ] Allocation Stall (Executor task launch worker for task 16.0 in stage 0.0 (TID 16)) 35.856ms
[180.768s][info][gc          ] Allocation Stall (Executor task launch worker for task 35.0 in stage 0.0 (TID 35)) 35.934ms
[180.768s][info][gc          ] Allocation Stall (Executor task launch worker for task 41.0 in stage 0.0 (TID 41)) 50.715ms
[180.768s][info][gc          ] Allocation Stall (Executor task launch worker for task 43.0 in stage 0.0 (TID 43)) 35.934ms
[180.768s][info][gc          ] Allocation Stall (Executor task launch worker for task 37.0 in stage 0.0 (TID 37)) 35.960ms
[180.768s][info][gc          ] Allocation Stall (Executor task launch worker for task 27.0 in stage 0.0 (TID 27)) 50.838ms
[180.768s][info][gc          ] Allocation Stall (Executor task launch worker for task 7.0 in stage 0.0 (TID 7)) 36.002ms
[180.768s][info][gc          ] Allocation Stall (Executor task launch worker for task 19.0 in stage 0.0 (TID 19)) 35.942ms
[180.768s][info][gc          ] Allocation Stall (Executor task launch worker for task 9.0 in stage 0.0 (TID 9)) 35.970ms
[180.768s][info][gc          ] Allocation Stall (Executor task launch worker for task 21.0 in stage 0.0 (TID 21)) 50.023ms
[180.768s][info][gc          ] Allocation Stall (Executor task launch worker for task 47.0 in stage 0.0 (TID 47)) 35.959ms
[180.768s][info][gc          ] Allocation Stall (Executor task launch worker for task 4.0 in stage 0.0 (TID 4)) 36.041ms
[180.768s][info][gc          ] Allocation Stall (Executor task launch worker for task 39.0 in stage 0.0 (TID 39)) 35.979ms
[180.768s][info][gc          ] Allocation Stall (Executor task launch worker for task 20.0 in stage 0.0 (TID 20)) 36.003ms
[180.768s][info][gc          ] Allocation Stall (Executor task launch worker for task 18.0 in stage 0.0 (TID 18)) 43.371ms
[180.768s][info][gc          ] Allocation Stall (Executor task launch worker for task 5.0 in stage 0.0 (TID 5)) 50.867ms
[180.768s][info][gc          ] Allocation Stall (Executor task launch worker for task 33.0 in stage 0.0 (TID 33)) 35.971ms
[180.768s][info][gc          ] Allocation Stall (Executor task launch worker for task 40.0 in stage 0.0 (TID 40)) 35.993ms
[180.768s][info][gc          ] Allocation Stall (Executor task launch worker for task 30.0 in stage 0.0 (TID 30)) 35.965ms
[180.768s][info][gc          ] Allocation Stall (Executor task launch worker for task 3.0 in stage 0.0 (TID 3)) 38.054ms
[180.768s][info][gc          ] Allocation Stall (Executor task launch worker for task 22.0 in stage 0.0 (TID 22)) 50.755ms
[180.768s][info][gc          ] Allocation Stall (Executor task launch worker for task 32.0 in stage 0.0 (TID 32)) 50.060ms
[180.768s][info][gc          ] Allocation Stall (Executor task launch worker for task 1.0 in stage 0.0 (TID 1)) 36.790ms
[180.768s][info][gc          ] Allocation Stall (Executor task launch worker for task 6.0 in stage 0.0 (TID 6)) 50.014ms
[180.768s][info][gc          ] Allocation Stall (Executor task launch worker for task 38.0 in stage 0.0 (TID 38)) 51.327ms
[180.768s][info][gc          ] Allocation Stall (Executor task launch worker for task 0.0 in stage 0.0 (TID 0)) 50.431ms
[180.768s][info][gc          ] Allocation Stall (Executor task launch worker for task 17.0 in stage 0.0 (TID 17)) 50.123ms
[180.768s][info][gc          ] Allocation Stall (Executor task launch worker for task 12.0 in stage 0.0 (TID 12)) 46.504ms
[180.768s][info][gc          ] Allocation Stall (Executor task launch worker for task 28.0 in stage 0.0 (TID 28)) 50.114ms
[180.768s][info][gc          ] Allocation Stall (Executor task launch worker for task 26.0 in stage 0.0 (TID 26)) 42.982ms
[180.768s][info][gc          ] Allocation Stall (Executor task launch worker for task 45.0 in stage 0.0 (TID 45)) 42.001ms
[180.768s][info][gc          ] Allocation Stall (Executor task launch worker for task 36.0 in stage 0.0 (TID 36)) 40.097ms
[180.768s][info][gc          ] Allocation Stall (Executor task launch worker for task 24.0 in stage 0.0 (TID 24)) 38.100ms
[180.768s][info][gc          ] Allocation Stall (Executor task launch worker for task 14.0 in stage 0.0 (TID 14)) 51.083ms
[180.768s][info][gc          ] Allocation Stall (Executor task launch worker for task 11.0 in stage 0.0 (TID 11)) 38.107ms
[180.768s][info][gc          ] Allocation Stall (Executor task launch worker for task 13.0 in stage 0.0 (TID 13)) 36.138ms
[180.768s][info][gc          ] Allocation Stall (Executor task launch worker for task 2.0 in stage 0.0 (TID 2)) 36.141ms
[180.768s][info][gc          ] Allocation Stall (Executor task launch worker for task 31.0 in stage 0.0 (TID 31)) 51.550ms
[180.768s][info][gc          ] Allocation Stall (Executor task launch worker for task 23.0 in stage 0.0 (TID 23)) 36.151ms
[180.768s][info][gc          ] Allocation Stall (Executor task launch worker for task 29.0 in stage 0.0 (TID 29)) 36.154ms
[180.768s][info][gc          ] Allocation Stall (Executor task launch worker for task 42.0 in stage 0.0 (TID 42)) 51.424ms
[180.772s][info][gc,phases   ] GC(29) Concurrent Select Relocation Set 4.587ms
[180.772s][info][gc,phases   ] GC(29) Pause Relocate Start 0.005ms
[180.789s][info][gc          ] Allocation Stall (Executor task launch worker for task 35.0 in stage 0.0 (TID 35)) 5.710ms
[180.789s][info][gc          ] Allocation Stall (Executor task launch worker for task 2.0 in stage 0.0 (TID 2)) 5.177ms
[180.789s][info][gc          ] Allocation Stall (Executor task launch worker for task 30.0 in stage 0.0 (TID 30)) 5.267ms
[180.789s][info][gc          ] Allocation Stall (Executor task launch worker for task 31.0 in stage 0.0 (TID 31)) 5.180ms
[180.789s][info][gc          ] Allocation Stall (Executor task launch worker for task 33.0 in stage 0.0 (TID 33)) 5.317ms
[180.789s][info][gc          ] Allocation Stall (Executor task launch worker for task 42.0 in stage 0.0 (TID 42)) 5.277ms
[180.789s][info][gc          ] Allocation Stall (Executor task launch worker for task 29.0 in stage 0.0 (TID 29)) 5.263ms
[180.789s][info][gc          ] Allocation Stall (Executor task launch worker for task 25.0 in stage 0.0 (TID 25)) 5.163ms
[180.789s][info][gc          ] Allocation Stall (Executor task launch worker for task 45.0 in stage 0.0 (TID 45)) 5.529ms
[180.789s][info][gc          ] Allocation Stall (Executor task launch worker for task 14.0 in stage 0.0 (TID 14)) 5.542ms
[180.789s][info][gc          ] Allocation Stall (Executor task launch worker for task 13.0 in stage 0.0 (TID 13)) 5.584ms
[180.790s][info][gc          ] Allocation Stall (Executor task launch worker for task 15.0 in stage 0.0 (TID 15)) 5.599ms
[180.790s][info][gc          ] Allocation Stall (Executor task launch worker for task 20.0 in stage 0.0 (TID 20)) 5.642ms
[180.790s][info][gc          ] Allocation Stall (Executor task launch worker for task 0.0 in stage 0.0 (TID 0)) 5.669ms
[180.790s][info][gc          ] Allocation Stall (Executor task launch worker for task 16.0 in stage 0.0 (TID 16)) 5.668ms
[180.790s][info][gc          ] Allocation Stall (Executor task launch worker for task 9.0 in stage 0.0 (TID 9)) 6.009ms
[180.790s][info][gc          ] Allocation Stall (Executor task launch worker for task 41.0 in stage 0.0 (TID 41)) 5.963ms
[180.790s][info][gc          ] Allocation Stall (Executor task launch worker for task 40.0 in stage 0.0 (TID 40)) 5.653ms
[180.790s][info][gc          ] Allocation Stall (Executor task launch worker for task 18.0 in stage 0.0 (TID 18)) 5.507ms
[180.790s][info][gc          ] Allocation Stall (Executor task launch worker for task 17.0 in stage 0.0 (TID 17)) 5.372ms
[180.790s][info][gc          ] Allocation Stall (Executor task launch worker for task 8.0 in stage 0.0 (TID 8)) 4.915ms
[180.794s][info][gc          ] Allocation Stall (Executor task launch worker for task 7.0 in stage 0.0 (TID 7)) 8.281ms
[180.794s][info][gc          ] Allocation Stall (Executor task launch worker for task 38.0 in stage 0.0 (TID 38)) 8.248ms
[180.800s][info][gc          ] Allocation Stall (Executor task launch worker for task 4.0 in stage 0.0 (TID 4)) 13.776ms
[180.800s][info][gc          ] Allocation Stall (Executor task launch worker for task 39.0 in stage 0.0 (TID 39)) 13.790ms
[180.800s][info][gc          ] Allocation Stall (Executor task launch worker for task 1.0 in stage 0.0 (TID 1)) 13.736ms
[180.800s][info][gc          ] Allocation Stall (Executor task launch worker for task 34.0 in stage 0.0 (TID 34)) 13.573ms
[180.800s][info][gc          ] Allocation Stall (Executor task launch worker for task 10.0 in stage 0.0 (TID 10)) 13.536ms
[180.804s][info][gc          ] Allocation Stall (Executor task launch worker for task 27.0 in stage 0.0 (TID 27)) 17.319ms
[180.804s][info][gc          ] Allocation Stall (Executor task launch worker for task 21.0 in stage 0.0 (TID 21)) 17.280ms
[180.804s][info][gc          ] Allocation Stall (Executor task launch worker for task 23.0 in stage 0.0 (TID 23)) 17.790ms
[180.804s][info][gc          ] Allocation Stall (Executor task launch worker for task 36.0 in stage 0.0 (TID 36)) 17.698ms
[180.804s][info][gc          ] Allocation Stall (Executor task launch worker for task 37.0 in stage 0.0 (TID 37)) 17.474ms
[180.804s][info][gc          ] Allocation Stall (Executor task launch worker for task 5.0 in stage 0.0 (TID 5)) 17.498ms
[180.804s][info][gc          ] Allocation Stall (Executor task launch worker for task 26.0 in stage 0.0 (TID 26)) 17.436ms
[180.804s][info][gc          ] Allocation Stall (Executor task launch worker for task 6.0 in stage 0.0 (TID 6)) 17.395ms
[180.805s][info][gc          ] Allocation Stall (Executor task launch worker for task 45.0 in stage 0.0 (TID 45)) 6.622ms
[180.805s][info][gc          ] Allocation Stall (Executor task launch worker for task 40.0 in stage 0.0 (TID 40)) 6.132ms
[180.805s][info][gc          ] Allocation Stall (Executor task launch worker for task 46.0 in stage 0.0 (TID 46)) 18.095ms
[180.805s][info][gc          ] Allocation Stall (Executor task launch worker for task 28.0 in stage 0.0 (TID 28)) 18.069ms
[180.806s][info][gc          ] Allocation Stall (Executor task launch worker for task 8.0 in stage 0.0 (TID 8)) 5.751ms
[180.806s][info][gc          ] Allocation Stall (Executor task launch worker for task 9.0 in stage 0.0 (TID 9)) 3.331ms
[180.806s][info][gc          ] Allocation Stall (Executor task launch worker for task 43.0 in stage 0.0 (TID 43)) 18.695ms
[180.806s][info][gc          ] Allocation Stall (Executor task launch worker for task 47.0 in stage 0.0 (TID 47)) 18.676ms
[180.806s][info][gc          ] Allocation Stall (Executor task launch worker for task 17.0 in stage 0.0 (TID 17)) 8.034ms
[180.806s][info][gc          ] Allocation Stall (Executor task launch worker for task 7.0 in stage 0.0 (TID 7)) 7.843ms
[180.806s][info][gc          ] Allocation Stall (Executor task launch worker for task 35.0 in stage 0.0 (TID 35)) 2.527ms
[180.806s][info][gc          ] Allocation Stall (Executor task launch worker for task 2.0 in stage 0.0 (TID 2)) 6.577ms
[180.807s][info][gc          ] Allocation Stall (Executor task launch worker for task 1.0 in stage 0.0 (TID 1)) 2.813ms
[180.807s][info][gc          ] Allocation Stall (Executor task launch worker for task 39.0 in stage 0.0 (TID 39)) 2.783ms
[180.807s][info][gc          ] Allocation Stall (Executor task launch worker for task 10.0 in stage 0.0 (TID 10)) 2.812ms
[180.807s][info][gc          ] Allocation Stall (Executor task launch worker for task 4.0 in stage 0.0 (TID 4)) 2.772ms
[180.807s][info][gc          ] Allocation Stall (Executor task launch worker for task 34.0 in stage 0.0 (TID 34)) 2.821ms
[180.807s][info][gc          ] Allocation Stall (Executor task launch worker for task 15.0 in stage 0.0 (TID 15)) 7.723ms
[180.807s][info][gc          ] Allocation Stall (Executor task launch worker for task 38.0 in stage 0.0 (TID 38)) 7.674ms
[180.807s][info][gc          ] Allocation Stall (Executor task launch worker for task 18.0 in stage 0.0 (TID 18)) 2.774ms
[180.807s][info][gc          ] Allocation Stall (Executor task launch worker for task 42.0 in stage 0.0 (TID 42)) 7.657ms
[180.807s][info][gc          ] Allocation Stall (Executor task launch worker for task 14.0 in stage 0.0 (TID 14)) 2.096ms
[180.807s][info][gc          ] Allocation Stall (Executor task launch worker for task 0.0 in stage 0.0 (TID 0)) 7.539ms
[180.807s][info][gc          ] Allocation Stall (Executor task launch worker for task 12.0 in stage 0.0 (TID 12)) 2.098ms
[180.808s][info][gc          ] Allocation Stall (Executor task launch worker for task 29.0 in stage 0.0 (TID 29)) 2.408ms
[180.808s][info][gc          ] Allocation Stall (Executor task launch worker for task 32.0 in stage 0.0 (TID 32)) 2.405ms
[180.808s][info][gc          ] Allocation Stall (Executor task launch worker for task 33.0 in stage 0.0 (TID 33)) 7.808ms
[180.808s][info][gc          ] Allocation Stall (Executor task launch worker for task 13.0 in stage 0.0 (TID 13)) 3.280ms
[180.808s][info][gc          ] Allocation Stall (Executor task launch worker for task 16.0 in stage 0.0 (TID 16)) 3.240ms
[180.808s][info][gc          ] Allocation Stall (Executor task launch worker for task 20.0 in stage 0.0 (TID 20)) 3.269ms
[180.808s][info][gc          ] Allocation Stall (Executor task launch worker for task 25.0 in stage 0.0 (TID 25)) 3.317ms
[180.808s][info][gc          ] Allocation Stall (Executor task launch worker for task 30.0 in stage 0.0 (TID 30)) 2.584ms
[180.808s][info][gc          ] Allocation Stall (Executor task launch worker for task 41.0 in stage 0.0 (TID 41)) 2.658ms
[180.834s][info][gc,phases   ] GC(29) Concurrent Relocate 61.670ms
[180.834s][info][gc,load     ] GC(29) Load: 0.00/0.00/0.00
[180.834s][info][gc,mmu      ] GC(29) MMU: 2ms/97.5%, 5ms/99.0%, 10ms/99.5%, 20ms/99.7%, 50ms/99.9%, 100ms/99.9%
[180.834s][info][gc,marking  ] GC(29) Mark: 4 stripe(s), 2 proactive flush(es), 1 terminate flush(es), 0 completion(s), 0 continuation(s) 
[180.834s][info][gc,marking  ] GC(29) Mark Stack Usage: 32M
[180.835s][info][gc,nmethod  ] GC(29) NMethods: 753 registered, 22 unregistered
[180.835s][info][gc,metaspace] GC(29) Metaspace: 107M used, 116M committed, 1152M reserved
[180.835s][info][gc,ref      ] GC(29) Soft: 2799 encountered, 335 discovered, 0 enqueued
[180.835s][info][gc,ref      ] GC(29) Weak: 12954 encountered, 5983 discovered, 2 enqueued
[180.835s][info][gc,ref      ] GC(29) Final: 40 encountered, 0 discovered, 0 enqueued
[180.835s][info][gc,ref      ] GC(29) Phantom: 750 encountered, 540 discovered, 0 enqueued
[180.835s][info][gc,reloc    ] GC(29) Small Pages: 150 / 300M, Empty: 166M, Relocated: 3M, In-Place: 0
[180.835s][info][gc,reloc    ] GC(29) Medium Pages: 4 / 64M, Empty: 0M, Relocated: 13M, In-Place: 0
[180.835s][info][gc,reloc    ] GC(29) Large Pages: 36 / 148M, Empty: 0M, Relocated: 0M, In-Place: 0
[180.835s][info][gc,reloc    ] GC(29) Forwarding Usage: 0M
[180.835s][info][gc,heap     ] GC(29) Min Capacity: 8M(2%)
[180.835s][info][gc,heap     ] GC(29) Max Capacity: 512M(100%)
[180.835s][info][gc,heap     ] GC(29) Soft Max Capacity: 512M(100%)
[180.835s][info][gc,heap     ] GC(29)                Mark Start          Mark End        Relocate Start      Relocate End           High               Low         
[180.835s][info][gc,heap     ] GC(29)  Capacity:      512M (100%)        512M (100%)        512M (100%)        512M (100%)        512M (100%)        512M (100%)   
[180.835s][info][gc,heap     ] GC(29)      Free:        0M (0%)            0M (0%)          144M (28%)         102M (20%)         144M (28%)           0M (0%)     
[180.835s][info][gc,heap     ] GC(29)      Used:      512M (100%)        512M (100%)        368M (72%)         410M (80%)         512M (100%)        368M (72%)    
[180.835s][info][gc,heap     ] GC(29)      Live:         -               230M (45%)         230M (45%)         230M (45%)            -                  -          
[180.835s][info][gc,heap     ] GC(29) Allocated:         -                 0M (0%)           22M (4%)          147M (29%)            -                  -          
[180.835s][info][gc,heap     ] GC(29)   Garbage:         -               281M (55%)         115M (23%)          31M (6%)             -                  -          
[180.835s][info][gc,heap     ] GC(29) Reclaimed:         -                  -               166M (32%)         249M (49%)            -                  -          
[180.835s][info][gc          ] GC(29) Garbage Collection (Allocation Stall) 512M(100%)->410M(80%)
[180.863s][info][gc          ] Allocation Stall (Executor task launch worker for task 41.0 in stage 0.0 (TID 41)) 0.004ms
[180.863s][info][gc,start    ] GC(30) Garbage Collection (Allocation Stall)
[180.863s][info][gc          ] Allocation Stall (Executor task launch worker for task 22.0 in stage 0.0 (TID 22)) 0.053ms
[180.863s][info][gc          ] Allocation Stall (Executor task launch worker for task 18.0 in stage 0.0 (TID 18)) 0.056ms
[180.863s][info][gc          ] Allocation Stall (Executor task launch worker for task 20.0 in stage 0.0 (TID 20)) 0.061ms
[180.863s][info][gc          ] Allocation Stall (Executor task launch worker for task 40.0 in stage 0.0 (TID 40)) 0.071ms
[180.863s][info][gc,ref      ] GC(30) Clearing All SoftReferences
[180.863s][info][gc          ] Allocation Stall (Executor task launch worker for task 6.0 in stage 0.0 (TID 6)) 0.080ms
[180.863s][info][gc          ] Allocation Stall (Executor task launch worker for task 36.0 in stage 0.0 (TID 36)) 0.085ms
[180.863s][info][gc          ] Allocation Stall (Executor task launch worker for task 7.0 in stage 0.0 (TID 7)) 0.088ms
[180.863s][info][gc          ] Allocation Stall (Executor task launch worker for task 16.0 in stage 0.0 (TID 16)) 0.098ms
[180.863s][info][gc          ] Allocation Stall (Executor task launch worker for task 33.0 in stage 0.0 (TID 33)) 0.093ms
[180.863s][info][gc          ] Allocation Stall (Executor task launch worker for task 12.0 in stage 0.0 (TID 12)) 0.058ms
[180.863s][info][gc          ] Allocation Stall (Executor task launch worker for task 43.0 in stage 0.0 (TID 43)) 0.023ms
[180.863s][info][gc          ] Allocation Stall (Executor task launch worker for task 39.0 in stage 0.0 (TID 39)) 0.020ms
[180.863s][info][gc          ] Allocation Stall (Executor task launch worker for task 35.0 in stage 0.0 (TID 35)) 0.020ms
[180.863s][info][gc,task     ] GC(30) Using 5 workers
[180.864s][info][gc,ref      ] GC(30) Clearing All SoftReferences
[180.864s][info][gc,phases   ] GC(30) Pause Mark Start 0.055ms
[180.920s][info][gc,phases   ] GC(30) Concurrent Mark 41.873ms
[180.920s][info][gc,phases   ] GC(30) Pause Mark End 0.017ms
[180.920s][info][gc,phases   ] GC(30) Concurrent Mark Free 0.001ms
[180.921s][info][gc,phases   ] GC(30) Concurrent Process Non-Strong References 0.988ms
[180.921s][info][gc,phases   ] GC(30) Concurrent Reset Relocation Set 0.007ms
[180.925s][info][gc          ] Allocation Stall (Executor task launch worker for task 18.0 in stage 0.0 (TID 18)) 40.687ms
[180.925s][info][gc          ] Allocation Stall (Executor task launch worker for task 29.0 in stage 0.0 (TID 29)) 41.299ms
[180.925s][info][gc          ] Allocation Stall (Executor task launch worker for task 44.0 in stage 0.0 (TID 44)) 40.862ms
[180.925s][info][gc          ] Allocation Stall (Executor task launch worker for task 1.0 in stage 0.0 (TID 1)) 40.262ms
[180.925s][info][gc          ] Allocation Stall (Executor task launch worker for task 19.0 in stage 0.0 (TID 19)) 42.235ms
[180.925s][info][gc          ] Allocation Stall (Executor task launch worker for task 12.0 in stage 0.0 (TID 12)) 36.986ms
[180.925s][info][gc          ] Allocation Stall (Executor task launch worker for task 42.0 in stage 0.0 (TID 42)) 40.288ms
[180.925s][info][gc          ] Allocation Stall (Executor task launch worker for task 17.0 in stage 0.0 (TID 17)) 44.653ms
[180.925s][info][gc          ] Allocation Stall (Executor task launch worker for task 21.0 in stage 0.0 (TID 21)) 40.531ms
[180.925s][info][gc          ] Allocation Stall (Executor task launch worker for task 28.0 in stage 0.0 (TID 28)) 40.366ms
[180.925s][info][gc          ] Allocation Stall (Executor task launch worker for task 47.0 in stage 0.0 (TID 47)) 43.147ms
[180.925s][info][gc          ] Allocation Stall (Executor task launch worker for task 43.0 in stage 0.0 (TID 43)) 44.991ms
[180.925s][info][gc          ] Allocation Stall (Executor task launch worker for task 25.0 in stage 0.0 (TID 25)) 44.342ms
[180.925s][info][gc          ] Allocation Stall (Executor task launch worker for task 4.0 in stage 0.0 (TID 4)) 42.049ms
[180.925s][info][gc          ] Allocation Stall (Executor task launch worker for task 35.0 in stage 0.0 (TID 35)) 40.087ms
[180.925s][info][gc          ] Allocation Stall (Executor task launch worker for task 6.0 in stage 0.0 (TID 6)) 43.294ms
[180.925s][info][gc          ] Allocation Stall (Executor task launch worker for task 15.0 in stage 0.0 (TID 15)) 40.367ms
[180.925s][info][gc          ] Allocation Stall (Executor task launch worker for task 16.0 in stage 0.0 (TID 16)) 42.079ms
[180.925s][info][gc          ] Allocation Stall (Executor task launch worker for task 46.0 in stage 0.0 (TID 46)) 42.818ms
[180.925s][info][gc          ] Allocation Stall (Executor task launch worker for task 8.0 in stage 0.0 (TID 8)) 41.507ms
[180.925s][info][gc          ] Allocation Stall (Executor task launch worker for task 45.0 in stage 0.0 (TID 45)) 40.354ms
[180.925s][info][gc          ] Allocation Stall (Executor task launch worker for task 31.0 in stage 0.0 (TID 31)) 42.753ms
[180.925s][info][gc          ] Allocation Stall (Executor task launch worker for task 9.0 in stage 0.0 (TID 9)) 42.107ms
[180.925s][info][gc          ] Allocation Stall (Executor task launch worker for task 30.0 in stage 0.0 (TID 30)) 43.092ms
[180.925s][info][gc          ] Allocation Stall (Executor task launch worker for task 3.0 in stage 0.0 (TID 3)) 44.700ms
[180.925s][info][gc          ] Allocation Stall (Executor task launch worker for task 39.0 in stage 0.0 (TID 39)) 40.275ms
[180.925s][info][gc          ] Allocation Stall (Executor task launch worker for task 11.0 in stage 0.0 (TID 11)) 40.060ms
[180.925s][info][gc          ] Allocation Stall (Executor task launch worker for task 13.0 in stage 0.0 (TID 13)) 42.855ms
[180.925s][info][gc          ] Allocation Stall (Executor task launch worker for task 34.0 in stage 0.0 (TID 34)) 40.478ms
[180.925s][info][gc          ] Allocation Stall (Executor task launch worker for task 38.0 in stage 0.0 (TID 38)) 42.848ms
[180.925s][info][gc          ] Allocation Stall (Executor task launch worker for task 24.0 in stage 0.0 (TID 24)) 40.903ms
[180.925s][info][gc          ] Allocation Stall (Spark Context Cleaner) 4.562ms
[180.925s][info][gc          ] Allocation Stall (Executor task launch worker for task 32.0 in stage 0.0 (TID 32)) 37.213ms
[180.925s][info][gc          ] Allocation Stall (Executor task launch worker for task 37.0 in stage 0.0 (TID 37)) 42.633ms
[180.925s][info][gc          ] Allocation Stall (Executor task launch worker for task 0.0 in stage 0.0 (TID 0)) 41.490ms
[180.925s][info][gc          ] Allocation Stall (Executor task launch worker for task 14.0 in stage 0.0 (TID 14)) 36.309ms
[180.925s][info][gc          ] Allocation Stall (Executor task launch worker for task 40.0 in stage 0.0 (TID 40)) 42.839ms
[180.925s][info][gc          ] Allocation Stall (Executor task launch worker for task 5.0 in stage 0.0 (TID 5)) 42.094ms
[180.925s][info][gc          ] Allocation Stall (Executor task launch worker for task 22.0 in stage 0.0 (TID 22)) 43.617ms
[180.925s][info][gc          ] Allocation Stall (Executor task launch worker for task 41.0 in stage 0.0 (TID 41)) 44.771ms
[180.925s][info][gc,phases   ] GC(30) Concurrent Select Relocation Set 3.373ms
[180.925s][info][gc          ] Allocation Stall (Executor task launch worker for task 7.0 in stage 0.0 (TID 7)) 42.683ms
[180.925s][info][gc          ] Allocation Stall (Executor task launch worker for task 10.0 in stage 0.0 (TID 10)) 43.891ms
[180.925s][info][gc          ] Allocation Stall (Executor task launch worker for task 33.0 in stage 0.0 (TID 33)) 41.466ms
[180.925s][info][gc          ] Allocation Stall (Executor task launch worker for task 27.0 in stage 0.0 (TID 27)) 41.487ms
[180.925s][info][gc          ] Allocation Stall (Executor task launch worker for task 26.0 in stage 0.0 (TID 26)) 44.392ms
[180.925s][info][gc          ] Allocation Stall (Executor task launch worker for task 20.0 in stage 0.0 (TID 20)) 42.912ms
[180.925s][info][gc          ] Allocation Stall (Executor task launch worker for task 2.0 in stage 0.0 (TID 2)) 42.878ms
[180.925s][info][gc          ] Allocation Stall (Executor task launch worker for task 23.0 in stage 0.0 (TID 23)) 44.025ms
[180.925s][info][gc          ] Allocation Stall (Executor task launch worker for task 36.0 in stage 0.0 (TID 36)) 40.421ms
[180.927s][info][gc,phases   ] GC(30) Pause Relocate Start 0.007ms
[180.943s][info][gc          ] Allocation Stall (Executor task launch worker for task 2.0 in stage 0.0 (TID 2)) 0.003ms
[180.947s][info][gc          ] Allocation Stall (Executor task launch worker for task 22.0 in stage 0.0 (TID 22)) 4.089ms
[180.947s][info][gc          ] Allocation Stall (Executor task launch worker for task 25.0 in stage 0.0 (TID 25)) 4.008ms
[180.947s][info][gc          ] Allocation Stall (Executor task launch worker for task 24.0 in stage 0.0 (TID 24)) 4.089ms
[180.947s][info][gc          ] Allocation Stall (Executor task launch worker for task 27.0 in stage 0.0 (TID 27)) 4.026ms
[180.947s][info][gc          ] Allocation Stall (Executor task launch worker for task 8.0 in stage 0.0 (TID 8)) 4.156ms
[180.947s][info][gc          ] Allocation Stall (Executor task launch worker for task 9.0 in stage 0.0 (TID 9)) 4.149ms
[180.947s][info][gc          ] Allocation Stall (Executor task launch worker for task 23.0 in stage 0.0 (TID 23)) 4.055ms
[180.950s][info][gc          ] Allocation Stall (Executor task launch worker for task 39.0 in stage 0.0 (TID 39)) 7.240ms
[180.950s][info][gc          ] Allocation Stall (Executor task launch worker for task 2.0 in stage 0.0 (TID 2)) 7.240ms
[180.950s][info][gc          ] Allocation Stall (Executor task launch worker for task 0.0 in stage 0.0 (TID 0)) 7.239ms
[180.950s][info][gc          ] Allocation Stall (Executor task launch worker for task 16.0 in stage 0.0 (TID 16)) 7.240ms
[180.951s][info][gc          ] Allocation Stall (Executor task launch worker for task 44.0 in stage 0.0 (TID 44)) 7.487ms
[180.951s][info][gc          ] Allocation Stall (Executor task launch worker for task 26.0 in stage 0.0 (TID 26)) 7.447ms
[180.951s][info][gc          ] Allocation Stall (Executor task launch worker for task 12.0 in stage 0.0 (TID 12)) 7.270ms
[180.951s][info][gc          ] Allocation Stall (Executor task launch worker for task 35.0 in stage 0.0 (TID 35)) 7.335ms
[180.951s][info][gc          ] Allocation Stall (Executor task launch worker for task 1.0 in stage 0.0 (TID 1)) 7.182ms
[180.951s][info][gc          ] Allocation Stall (Executor task launch worker for task 11.0 in stage 0.0 (TID 11)) 7.134ms
[180.952s][info][gc          ] Allocation Stall (Executor task launch worker for task 15.0 in stage 0.0 (TID 15)) 7.495ms
[180.952s][info][gc          ] Allocation Stall (Executor task launch worker for task 37.0 in stage 0.0 (TID 37)) 7.522ms
[180.952s][info][gc          ] Allocation Stall (Executor task launch worker for task 13.0 in stage 0.0 (TID 13)) 7.461ms
[180.952s][info][gc          ] Allocation Stall (Executor task launch worker for task 20.0 in stage 0.0 (TID 20)) 9.018ms
[180.952s][info][gc          ] Allocation Stall (Executor task launch worker for task 41.0 in stage 0.0 (TID 41)) 9.015ms
[180.952s][info][gc          ] Allocation Stall (Executor task launch worker for task 46.0 in stage 0.0 (TID 46)) 9.015ms
[180.952s][info][gc          ] Allocation Stall (Executor task launch worker for task 32.0 in stage 0.0 (TID 32)) 9.020ms
[180.952s][info][gc          ] Allocation Stall (Executor task launch worker for task 33.0 in stage 0.0 (TID 33)) 8.962ms
[180.952s][info][gc          ] Allocation Stall (Executor task launch worker for task 28.0 in stage 0.0 (TID 28)) 9.024ms
[180.952s][info][gc          ] Allocation Stall (Executor task launch worker for task 45.0 in stage 0.0 (TID 45)) 8.954ms
[180.952s][info][gc          ] Allocation Stall (Executor task launch worker for task 10.0 in stage 0.0 (TID 10)) 7.492ms
[180.952s][info][gc          ] Allocation Stall (Executor task launch worker for task 17.0 in stage 0.0 (TID 17)) 7.495ms
[180.952s][info][gc          ] Allocation Stall (Executor task launch worker for task 40.0 in stage 0.0 (TID 40)) 8.963ms
[180.952s][info][gc          ] Allocation Stall (Executor task launch worker for task 34.0 in stage 0.0 (TID 34)) 8.920ms
[180.952s][info][gc          ] Allocation Stall (Executor task launch worker for task 14.0 in stage 0.0 (TID 14)) 8.467ms
[180.952s][info][gc          ] Allocation Stall (Executor task launch worker for task 43.0 in stage 0.0 (TID 43)) 7.510ms
[180.952s][info][gc          ] Allocation Stall (Executor task launch worker for task 21.0 in stage 0.0 (TID 21)) 8.857ms
[180.952s][info][gc          ] Allocation Stall (Executor task launch worker for task 29.0 in stage 0.0 (TID 29)) 7.496ms
[180.952s][info][gc          ] Allocation Stall (Executor task launch worker for task 18.0 in stage 0.0 (TID 18)) 8.058ms
[180.952s][info][gc          ] Allocation Stall (Executor task launch worker for task 7.0 in stage 0.0 (TID 7)) 7.488ms
[180.952s][info][gc          ] Allocation Stall (Executor task launch worker for task 6.0 in stage 0.0 (TID 6)) 7.471ms
[180.952s][info][gc          ] Allocation Stall (Executor task launch worker for task 3.0 in stage 0.0 (TID 3)) 7.482ms
[180.952s][info][gc          ] Allocation Stall (Executor task launch worker for task 4.0 in stage 0.0 (TID 4)) 8.079ms
[180.952s][info][gc          ] Allocation Stall (Executor task launch worker for task 25.0 in stage 0.0 (TID 25)) 1.012ms
[180.952s][info][gc          ] Allocation Stall (Executor task launch worker for task 19.0 in stage 0.0 (TID 19)) 7.989ms
[180.952s][info][gc          ] Allocation Stall (Executor task launch worker for task 36.0 in stage 0.0 (TID 36)) 7.914ms
[180.952s][info][gc          ] Allocation Stall (Executor task launch worker for task 47.0 in stage 0.0 (TID 47)) 7.906ms
[180.952s][info][gc          ] Allocation Stall (Executor task launch worker for task 30.0 in stage 0.0 (TID 30)) 0.396ms
[180.952s][info][gc          ] Allocation Stall (Executor task launch worker for task 16.0 in stage 0.0 (TID 16)) 0.274ms
[180.953s][info][gc          ] Allocation Stall (Executor task launch worker for task 42.0 in stage 0.0 (TID 42)) 0.446ms
[180.953s][info][gc          ] Allocation Stall (Executor task launch worker for task 24.0 in stage 0.0 (TID 24)) 0.529ms
[180.973s][info][gc          ] Allocation Stall (Executor task launch worker for task 3.0 in stage 0.0 (TID 3)) 13.857ms
[180.989s][info][gc          ] Allocation Stall (Executor task launch worker for task 42.0 in stage 0.0 (TID 42)) 25.261ms
[180.997s][info][gc          ] Allocation Stall (Executor task launch worker for task 13.0 in stage 0.0 (TID 13)) 15.147ms
[180.997s][info][gc          ] Allocation Stall (Executor task launch worker for task 17.0 in stage 0.0 (TID 17)) 14.741ms
[180.997s][info][gc          ] Allocation Stall (Executor task launch worker for task 9.0 in stage 0.0 (TID 9)) 14.125ms
[180.997s][info][gc          ] Allocation Stall (Executor task launch worker for task 36.0 in stage 0.0 (TID 36)) 15.316ms
[180.997s][info][gc          ] Allocation Stall (Executor task launch worker for task 39.0 in stage 0.0 (TID 39)) 14.620ms
[180.997s][info][gc          ] Allocation Stall (Executor task launch worker for task 2.0 in stage 0.0 (TID 2)) 14.353ms
[180.997s][info][gc          ] Allocation Stall (Executor task launch worker for task 11.0 in stage 0.0 (TID 11)) 14.690ms
[180.997s][info][gc          ] Allocation Stall (Executor task launch worker for task 15.0 in stage 0.0 (TID 15)) 14.060ms
[180.997s][info][gc,phases   ] GC(30) Concurrent Relocate 68.053ms
[180.997s][info][gc,load     ] GC(30) Load: 0.00/0.00/0.00
[180.997s][info][gc,mmu      ] GC(30) MMU: 2ms/97.3%, 5ms/98.9%, 10ms/99.5%, 20ms/99.7%, 50ms/99.9%, 100ms/99.9%
[180.997s][info][gc,marking  ] GC(30) Mark: 4 stripe(s), 2 proactive flush(es), 1 terminate flush(es), 0 completion(s), 0 continuation(s) 
[180.997s][info][gc,marking  ] GC(30) Mark Stack Usage: 32M
[180.997s][info][gc,nmethod  ] GC(30) NMethods: 755 registered, 22 unregistered
[180.997s][info][gc,metaspace] GC(30) Metaspace: 107M used, 116M committed, 1152M reserved
[180.997s][info][gc,ref      ] GC(30) Soft: 2799 encountered, 356 discovered, 0 enqueued
[180.997s][info][gc,ref      ] GC(30) Weak: 12954 encountered, 3614 discovered, 0 enqueued
[180.997s][info][gc,ref      ] GC(30) Final: 40 encountered, 0 discovered, 0 enqueued
[180.997s][info][gc,ref      ] GC(30) Phantom: 750 encountered, 697 discovered, 0 enqueued
[180.997s][info][gc,reloc    ] GC(30) Small Pages: 130 / 260M, Empty: 106M, Relocated: 3M, In-Place: 0
[180.997s][info][gc,reloc    ] GC(30) Medium Pages: 3 / 48M, Empty: 0M, Relocated: 11M, In-Place: 0
[180.997s][info][gc,reloc    ] GC(30) Large Pages: 41 / 172M, Empty: 8M, Relocated: 0M, In-Place: 0
[180.997s][info][gc,reloc    ] GC(30) Forwarding Usage: 0M
[180.997s][info][gc,heap     ] GC(30) Min Capacity: 8M(2%)
[180.997s][info][gc,heap     ] GC(30) Max Capacity: 512M(100%)
[180.997s][info][gc,heap     ] GC(30) Soft Max Capacity: 512M(100%)
[180.997s][info][gc,heap     ] GC(30)                Mark Start          Mark End        Relocate Start      Relocate End           High               Low         
[180.997s][info][gc,heap     ] GC(30)  Capacity:      512M (100%)        512M (100%)        512M (100%)        512M (100%)        512M (100%)        512M (100%)   
[180.997s][info][gc,heap     ] GC(30)      Free:       32M (6%)            0M (0%)           92M (18%)           0M (0%)          114M (22%)           0M (0%)     
[180.997s][info][gc,heap     ] GC(30)      Used:      480M (94%)         512M (100%)        420M (82%)         512M (100%)        512M (100%)        398M (78%)    
[180.997s][info][gc,heap     ] GC(30)      Live:         -               243M (48%)         243M (48%)         243M (48%)            -                  -          
[180.997s][info][gc,heap     ] GC(30) Allocated:         -                32M (6%)           54M (11%)         237M (46%)            -                  -          
[180.997s][info][gc,heap     ] GC(30)   Garbage:         -               236M (46%)         122M (24%)          31M (6%)             -                  -          
[180.997s][info][gc,heap     ] GC(30) Reclaimed:         -                  -               114M (22%)         205M (40%)            -                  -          
[180.997s][info][gc          ] GC(30) Garbage Collection (Allocation Stall) 480M(94%)->512M(100%)
[180.997s][info][gc,start    ] GC(31) Garbage Collection (Allocation Stall)
[180.997s][info][gc,ref      ] GC(31) Clearing All SoftReferences
[180.997s][info][gc,task     ] GC(31) Using 5 workers
[180.998s][info][gc,ref      ] GC(31) Clearing All SoftReferences
[180.998s][info][gc,phases   ] GC(31) Pause Mark Start 0.029ms
[180.998s][info][gc          ] Allocation Stall (Executor task launch worker for task 29.0 in stage 0.0 (TID 29)) 14.904ms
[180.998s][info][gc          ] Allocation Stall (Executor task launch worker for task 26.0 in stage 0.0 (TID 26)) 14.667ms
[180.998s][info][gc          ] Allocation Stall (Executor task launch worker for task 4.0 in stage 0.0 (TID 4)) 6.935ms
[180.998s][info][gc          ] Allocation Stall (Executor task launch worker for task 44.0 in stage 0.0 (TID 44)) 14.937ms
[180.998s][info][gc          ] Allocation Stall (Executor task launch worker for task 21.0 in stage 0.0 (TID 21)) 6.294ms
[180.998s][info][gc          ] Allocation Stall (Executor task launch worker for task 31.0 in stage 0.0 (TID 31)) 5.456ms
[180.998s][info][gc          ] Allocation Stall (Executor task launch worker for task 25.0 in stage 0.0 (TID 25)) 6.125ms
[180.998s][info][gc          ] Allocation Stall (Executor task launch worker for task 34.0 in stage 0.0 (TID 34)) 5.201ms
[180.998s][info][gc          ] Allocation Stall (Executor task launch worker for task 24.0 in stage 0.0 (TID 24)) 5.212ms
[180.998s][info][gc          ] Allocation Stall (Executor task launch worker for task 12.0 in stage 0.0 (TID 12)) 5.147ms
[180.998s][info][gc          ] Allocation Stall (Executor task launch worker for task 16.0 in stage 0.0 (TID 16)) 4.979ms
[180.998s][info][gc          ] Allocation Stall (Executor task launch worker for task 30.0 in stage 0.0 (TID 30)) 4.853ms
[180.998s][info][gc          ] Allocation Stall (Executor task launch worker for task 43.0 in stage 0.0 (TID 43)) 4.748ms
[180.998s][info][gc          ] Allocation Stall (Executor task launch worker for task 40.0 in stage 0.0 (TID 40)) 4.780ms
[180.998s][info][gc          ] Allocation Stall (Executor task launch worker for task 35.0 in stage 0.0 (TID 35)) 4.491ms
[180.998s][info][gc          ] Allocation Stall (Executor task launch worker for task 14.0 in stage 0.0 (TID 14)) 4.467ms
[180.998s][info][gc          ] Allocation Stall (Executor task launch worker for task 46.0 in stage 0.0 (TID 46)) 4.463ms
[180.998s][info][gc          ] Allocation Stall (Executor task launch worker for task 47.0 in stage 0.0 (TID 47)) 4.479ms
[180.998s][info][gc          ] Allocation Stall (Executor task launch worker for task 20.0 in stage 0.0 (TID 20)) 4.335ms
[180.998s][info][gc          ] Allocation Stall (Executor task launch worker for task 37.0 in stage 0.0 (TID 37)) 4.278ms
[180.998s][info][gc          ] Allocation Stall (Executor task launch worker for task 8.0 in stage 0.0 (TID 8)) 4.301ms
[180.998s][info][gc          ] Allocation Stall (Executor task launch worker for task 33.0 in stage 0.0 (TID 33)) 4.280ms
[180.999s][info][gc          ] Allocation Stall (Executor task launch worker for task 41.0 in stage 0.0 (TID 41)) 4.199ms
[180.999s][info][gc          ] Allocation Stall (Executor task launch worker for task 18.0 in stage 0.0 (TID 18)) 4.208ms
[180.999s][info][gc          ] Allocation Stall (Executor task launch worker for task 38.0 in stage 0.0 (TID 38)) 4.187ms
[180.999s][info][gc          ] Allocation Stall (Executor task launch worker for task 28.0 in stage 0.0 (TID 28)) 4.049ms
[180.999s][info][gc          ] Allocation Stall (Executor task launch worker for task 45.0 in stage 0.0 (TID 45)) 3.936ms
[180.999s][info][gc          ] Allocation Stall (Executor task launch worker for task 22.0 in stage 0.0 (TID 22)) 3.990ms
[180.999s][info][gc          ] Allocation Stall (Executor task launch worker for task 19.0 in stage 0.0 (TID 19)) 3.937ms
[180.999s][info][gc          ] Allocation Stall (Executor task launch worker for task 0.0 in stage 0.0 (TID 0)) 3.967ms
[180.999s][info][gc          ] Allocation Stall (Executor task launch worker for task 23.0 in stage 0.0 (TID 23)) 3.909ms
[180.999s][info][gc          ] Allocation Stall (Executor task launch worker for task 7.0 in stage 0.0 (TID 7)) 3.901ms
[180.999s][info][gc          ] Allocation Stall (Executor task launch worker for task 1.0 in stage 0.0 (TID 1)) 3.894ms
[180.999s][info][gc          ] Allocation Stall (Executor task launch worker for task 32.0 in stage 0.0 (TID 32)) 3.883ms
[180.999s][info][gc          ] Allocation Stall (Executor task launch worker for task 10.0 in stage 0.0 (TID 10)) 3.877ms
[180.999s][info][gc          ] Allocation Stall (Executor task launch worker for task 6.0 in stage 0.0 (TID 6)) 3.831ms
[180.999s][info][gc          ] Allocation Stall (Executor task launch worker for task 39.0 in stage 0.0 (TID 39)) 1.427ms
[181.000s][info][gc          ] Allocation Stall (Executor task launch worker for task 17.0 in stage 0.0 (TID 17)) 1.812ms
[181.045s][info][gc,phases   ] GC(31) Concurrent Mark 47.245ms
[181.045s][info][gc,phases   ] GC(31) Pause Mark End 0.013ms
[181.045s][info][gc,phases   ] GC(31) Concurrent Mark Free 0.001ms
[181.046s][info][gc,phases   ] GC(31) Concurrent Process Non-Strong References 0.859ms
[181.046s][info][gc,phases   ] GC(31) Concurrent Reset Relocation Set 0.006ms
[181.046s][info][gc          ] Allocation Stall (Executor task launch worker for task 37.0 in stage 0.0 (TID 37)) 37.062ms
[181.046s][info][gc          ] Allocation Stall (Executor task launch worker for task 24.0 in stage 0.0 (TID 24)) 36.484ms
[181.046s][info][gc          ] Allocation Stall (Executor task launch worker for task 6.0 in stage 0.0 (TID 6)) 36.860ms
[181.046s][info][gc          ] Allocation Stall (Executor task launch worker for task 12.0 in stage 0.0 (TID 12)) 37.594ms
[181.046s][info][gc          ] Allocation Stall (Executor task launch worker for task 40.0 in stage 0.0 (TID 40)) 35.956ms
[181.046s][info][gc          ] Allocation Stall (Executor task launch worker for task 42.0 in stage 0.0 (TID 42)) 33.924ms
[181.046s][info][gc          ] Allocation Stall (Executor task launch worker for task 43.0 in stage 0.0 (TID 43)) 35.818ms
[181.046s][info][gc          ] Allocation Stall (Executor task launch worker for task 1.0 in stage 0.0 (TID 1)) 37.309ms
[181.046s][info][gc          ] Allocation Stall (Executor task launch worker for task 21.0 in stage 0.0 (TID 21)) 37.636ms
[181.046s][info][gc          ] Allocation Stall (Executor task launch worker for task 33.0 in stage 0.0 (TID 33)) 38.208ms
[181.046s][info][gc          ] Allocation Stall (Executor task launch worker for task 10.0 in stage 0.0 (TID 10)) 37.113ms
[181.046s][info][gc          ] Allocation Stall (Executor task launch worker for task 5.0 in stage 0.0 (TID 5)) 32.643ms
[181.046s][info][gc          ] Allocation Stall (Executor task launch worker for task 7.0 in stage 0.0 (TID 7)) 38.568ms
[181.046s][info][gc          ] Allocation Stall (Executor task launch worker for task 26.0 in stage 0.0 (TID 26)) 38.773ms
[181.046s][info][gc          ] Allocation Stall (Executor task launch worker for task 32.0 in stage 0.0 (TID 32)) 36.944ms
[181.046s][info][gc          ] Allocation Stall (Executor task launch worker for task 35.0 in stage 0.0 (TID 35)) 39.799ms
[181.046s][info][gc          ] Allocation Stall (Spark Context Cleaner) 16.902ms
[181.046s][info][gc          ] Allocation Stall (Executor task launch worker for task 17.0 in stage 0.0 (TID 17)) 38.204ms
[181.046s][info][gc          ] Allocation Stall (Executor task launch worker for task 45.0 in stage 0.0 (TID 45)) 37.450ms
[181.046s][info][gc          ] Allocation Stall (Executor task launch worker for task 31.0 in stage 0.0 (TID 31)) 37.579ms
[181.046s][info][gc          ] Allocation Stall (Executor task launch worker for task 34.0 in stage 0.0 (TID 34)) 37.794ms
[181.046s][info][gc          ] Allocation Stall (Executor task launch worker for task 36.0 in stage 0.0 (TID 36)) 36.784ms
[181.046s][info][gc          ] Allocation Stall (Executor task launch worker for task 23.0 in stage 0.0 (TID 23)) 37.811ms
[181.046s][info][gc          ] Allocation Stall (Executor task launch worker for task 27.0 in stage 0.0 (TID 27)) 31.248ms
[181.046s][info][gc          ] Allocation Stall (Executor task launch worker for task 25.0 in stage 0.0 (TID 25)) 37.660ms
[181.046s][info][gc          ] Allocation Stall (Executor task launch worker for task 0.0 in stage 0.0 (TID 0)) 38.580ms
[181.046s][info][gc          ] Allocation Stall (Executor task launch worker for task 41.0 in stage 0.0 (TID 41)) 37.878ms
[181.046s][info][gc          ] Allocation Stall (Executor task launch worker for task 15.0 in stage 0.0 (TID 15)) 38.345ms
[181.046s][info][gc          ] Allocation Stall (Executor task launch worker for task 29.0 in stage 0.0 (TID 29)) 37.366ms
[181.046s][info][gc          ] Allocation Stall (Executor task launch worker for task 20.0 in stage 0.0 (TID 20)) 38.304ms
[181.046s][info][gc          ] Allocation Stall (Executor task launch worker for task 39.0 in stage 0.0 (TID 39)) 38.832ms
[181.046s][info][gc          ] Allocation Stall (Executor task launch worker for task 2.0 in stage 0.0 (TID 2)) 39.611ms
[181.046s][info][gc          ] Allocation Stall (Executor task launch worker for task 8.0 in stage 0.0 (TID 8)) 38.071ms
[181.046s][info][gc          ] Allocation Stall (Executor task launch worker for task 13.0 in stage 0.0 (TID 13)) 38.716ms
[181.046s][info][gc          ] Allocation Stall (Executor task launch worker for task 19.0 in stage 0.0 (TID 19)) 37.971ms
[181.046s][info][gc          ] Allocation Stall (Executor task launch worker for task 16.0 in stage 0.0 (TID 16)) 38.859ms
[181.046s][info][gc          ] Allocation Stall (Executor task launch worker for task 46.0 in stage 0.0 (TID 46)) 36.101ms
[181.046s][info][gc          ] Allocation Stall (Executor task launch worker for task 18.0 in stage 0.0 (TID 18)) 38.756ms
[181.046s][info][gc          ] Allocation Stall (Executor task launch worker for task 4.0 in stage 0.0 (TID 4)) 37.746ms
[181.046s][info][gc          ] Allocation Stall (Executor task launch worker for task 3.0 in stage 0.0 (TID 3)) 34.509ms
[181.046s][info][gc          ] Allocation Stall (Executor task launch worker for task 28.0 in stage 0.0 (TID 28)) 38.496ms
[181.046s][info][gc          ] Allocation Stall (Executor task launch worker for task 47.0 in stage 0.0 (TID 47)) 36.074ms
[181.046s][info][gc          ] Allocation Stall (Executor task launch worker for task 11.0 in stage 0.0 (TID 11)) 38.463ms
[181.046s][info][gc          ] Allocation Stall (Executor task launch worker for task 9.0 in stage 0.0 (TID 9)) 39.904ms
[181.046s][info][gc          ] Allocation Stall (Executor task launch worker for task 14.0 in stage 0.0 (TID 14)) 35.993ms
[181.046s][info][gc          ] Allocation Stall (Executor task launch worker for task 38.0 in stage 0.0 (TID 38)) 39.887ms
[181.046s][info][gc          ] Allocation Stall (Executor task launch worker for task 22.0 in stage 0.0 (TID 22)) 38.790ms
[181.046s][info][gc          ] Allocation Stall (Executor task launch worker for task 44.0 in stage 0.0 (TID 44)) 38.959ms
[181.046s][info][gc          ] Allocation Stall (Executor task launch worker for task 30.0 in stage 0.0 (TID 30)) 39.707ms
[181.051s][info][gc,phases   ] GC(31) Concurrent Select Relocation Set 4.462ms
[181.051s][info][gc,phases   ] GC(31) Pause Relocate Start 0.007ms
[181.071s][info][gc          ] Allocation Stall (Executor task launch worker for task 23.0 in stage 0.0 (TID 23)) 5.444ms
[181.071s][info][gc          ] Allocation Stall (Executor task launch worker for task 9.0 in stage 0.0 (TID 9)) 5.274ms
[181.071s][info][gc          ] Allocation Stall (Executor task launch worker for task 11.0 in stage 0.0 (TID 11)) 5.380ms
[181.071s][info][gc          ] Allocation Stall (Executor task launch worker for task 15.0 in stage 0.0 (TID 15)) 5.329ms
[181.071s][info][gc          ] Allocation Stall (Executor task launch worker for task 41.0 in stage 0.0 (TID 41)) 5.286ms
[181.071s][info][gc          ] Allocation Stall (Executor task launch worker for task 16.0 in stage 0.0 (TID 16)) 5.453ms
[181.071s][info][gc          ] Allocation Stall (Executor task launch worker for task 0.0 in stage 0.0 (TID 0)) 5.224ms
[181.071s][info][gc          ] Allocation Stall (Executor task launch worker for task 22.0 in stage 0.0 (TID 22)) 5.127ms
[181.072s][info][gc          ] Allocation Stall (Executor task launch worker for task 3.0 in stage 0.0 (TID 3)) 5.516ms
[181.072s][info][gc          ] Allocation Stall (Executor task launch worker for task 34.0 in stage 0.0 (TID 34)) 5.387ms
[181.072s][info][gc          ] Allocation Stall (Executor task launch worker for task 6.0 in stage 0.0 (TID 6)) 5.392ms
[181.072s][info][gc          ] Allocation Stall (Executor task launch worker for task 5.0 in stage 0.0 (TID 5)) 5.385ms
[181.072s][info][gc          ] Allocation Stall (Executor task launch worker for task 35.0 in stage 0.0 (TID 35)) 5.326ms
[181.072s][info][gc          ] Allocation Stall (Executor task launch worker for task 12.0 in stage 0.0 (TID 12)) 5.012ms
[181.072s][info][gc          ] Allocation Stall (Executor task launch worker for task 37.0 in stage 0.0 (TID 37)) 5.020ms
[181.072s][info][gc          ] Allocation Stall (Executor task launch worker for task 43.0 in stage 0.0 (TID 43)) 5.439ms
[181.073s][info][gc          ] Allocation Stall (Executor task launch worker for task 13.0 in stage 0.0 (TID 13)) 5.448ms
[181.073s][info][gc          ] Allocation Stall (Executor task launch worker for task 32.0 in stage 0.0 (TID 32)) 5.415ms
[181.073s][info][gc          ] Allocation Stall (Executor task launch worker for task 45.0 in stage 0.0 (TID 45)) 5.144ms
[181.073s][info][gc          ] Allocation Stall (Executor task launch worker for task 1.0 in stage 0.0 (TID 1)) 4.926ms
[181.073s][info][gc          ] Allocation Stall (Executor task launch worker for task 44.0 in stage 0.0 (TID 44)) 4.915ms
[181.073s][info][gc          ] Allocation Stall (Executor task launch worker for task 26.0 in stage 0.0 (TID 26)) 4.866ms
[181.073s][info][gc          ] Allocation Stall (Executor task launch worker for task 24.0 in stage 0.0 (TID 24)) 4.773ms
[181.073s][info][gc          ] Allocation Stall (Executor task launch worker for task 29.0 in stage 0.0 (TID 29)) 4.725ms
[181.073s][info][gc          ] Allocation Stall (Executor task launch worker for task 28.0 in stage 0.0 (TID 28)) 4.612ms
[181.073s][info][gc          ] Allocation Stall (Executor task launch worker for task 21.0 in stage 0.0 (TID 21)) 4.501ms
[181.073s][info][gc          ] Allocation Stall (Executor task launch worker for task 18.0 in stage 0.0 (TID 18)) 4.539ms
[181.073s][info][gc          ] Allocation Stall (Executor task launch worker for task 19.0 in stage 0.0 (TID 19)) 4.571ms
[181.073s][info][gc          ] Allocation Stall (Executor task launch worker for task 46.0 in stage 0.0 (TID 46)) 4.563ms
[181.073s][info][gc          ] Allocation Stall (Executor task launch worker for task 8.0 in stage 0.0 (TID 8)) 4.300ms
[181.073s][info][gc          ] Allocation Stall (Executor task launch worker for task 36.0 in stage 0.0 (TID 36)) 4.327ms
[181.073s][info][gc          ] Allocation Stall (Executor task launch worker for task 10.0 in stage 0.0 (TID 10)) 4.293ms
[181.073s][info][gc          ] Allocation Stall (Executor task launch worker for task 27.0 in stage 0.0 (TID 27)) 4.297ms
[181.073s][info][gc          ] Allocation Stall (Executor task launch worker for task 20.0 in stage 0.0 (TID 20)) 4.187ms
[181.073s][info][gc          ] Allocation Stall (Executor task launch worker for task 40.0 in stage 0.0 (TID 40)) 4.188ms
[181.073s][info][gc          ] Allocation Stall (Executor task launch worker for task 7.0 in stage 0.0 (TID 7)) 4.237ms
[181.073s][info][gc          ] Allocation Stall (Executor task launch worker for task 2.0 in stage 0.0 (TID 2)) 4.265ms
[181.073s][info][gc          ] Allocation Stall (Executor task launch worker for task 25.0 in stage 0.0 (TID 25)) 4.175ms
[181.073s][info][gc          ] Allocation Stall (Executor task launch worker for task 14.0 in stage 0.0 (TID 14)) 4.078ms
[181.074s][info][gc          ] Allocation Stall (Executor task launch worker for task 17.0 in stage 0.0 (TID 17)) 3.943ms
[181.074s][info][gc          ] Allocation Stall (Executor task launch worker for task 42.0 in stage 0.0 (TID 42)) 3.954ms
[181.074s][info][gc          ] Allocation Stall (Executor task launch worker for task 39.0 in stage 0.0 (TID 39)) 4.013ms
[181.074s][info][gc          ] Allocation Stall (Executor task launch worker for task 33.0 in stage 0.0 (TID 33)) 4.058ms
[181.074s][info][gc          ] Allocation Stall (Executor task launch worker for task 47.0 in stage 0.0 (TID 47)) 4.100ms
[181.074s][info][gc          ] Allocation Stall (Executor task launch worker for task 4.0 in stage 0.0 (TID 4)) 4.288ms
[181.085s][info][gc          ] Allocation Stall (Executor task launch worker for task 26.0 in stage 0.0 (TID 26)) 3.901ms
[181.085s][info][gc          ] Allocation Stall (Executor task launch worker for task 44.0 in stage 0.0 (TID 44)) 3.364ms
[181.085s][info][gc          ] Allocation Stall (Executor task launch worker for task 28.0 in stage 0.0 (TID 28)) 3.486ms
[181.085s][info][gc          ] Allocation Stall (Executor task launch worker for task 12.0 in stage 0.0 (TID 12)) 2.985ms
[181.085s][info][gc          ] Allocation Stall (Executor task launch worker for task 25.0 in stage 0.0 (TID 25)) 2.808ms
[181.085s][info][gc          ] Allocation Stall (Executor task launch worker for task 46.0 in stage 0.0 (TID 46)) 2.298ms
[181.085s][info][gc          ] Allocation Stall (Executor task launch worker for task 19.0 in stage 0.0 (TID 19)) 2.326ms
[181.085s][info][gc          ] Allocation Stall (Executor task launch worker for task 27.0 in stage 0.0 (TID 27)) 2.256ms
[181.085s][info][gc          ] Allocation Stall (Executor task launch worker for task 45.0 in stage 0.0 (TID 45)) 2.142ms
[181.085s][info][gc          ] Allocation Stall (Executor task launch worker for task 18.0 in stage 0.0 (TID 18)) 2.124ms
[181.085s][info][gc          ] Allocation Stall (Executor task launch worker for task 29.0 in stage 0.0 (TID 29)) 2.127ms
[181.085s][info][gc          ] Allocation Stall (Executor task launch worker for task 34.0 in stage 0.0 (TID 34)) 2.145ms
[181.085s][info][gc          ] Allocation Stall (Executor task launch worker for task 39.0 in stage 0.0 (TID 39)) 2.148ms
[181.085s][info][gc          ] Allocation Stall (Executor task launch worker for task 20.0 in stage 0.0 (TID 20)) 1.969ms
[181.085s][info][gc          ] Allocation Stall (Executor task launch worker for task 11.0 in stage 0.0 (TID 11)) 2.009ms
[181.086s][info][gc          ] Allocation Stall (Executor task launch worker for task 35.0 in stage 0.0 (TID 35)) 2.008ms
[181.086s][info][gc          ] Allocation Stall (Executor task launch worker for task 40.0 in stage 0.0 (TID 40)) 1.793ms
[181.086s][info][gc          ] Allocation Stall (Executor task launch worker for task 37.0 in stage 0.0 (TID 37)) 1.655ms
[181.086s][info][gc          ] Allocation Stall (Executor task launch worker for task 47.0 in stage 0.0 (TID 47)) 1.613ms
[181.086s][info][gc          ] Allocation Stall (Executor task launch worker for task 17.0 in stage 0.0 (TID 17)) 1.600ms
[181.086s][info][gc          ] Allocation Stall (Executor task launch worker for task 5.0 in stage 0.0 (TID 5)) 1.602ms
[181.086s][info][gc          ] Allocation Stall (Executor task launch worker for task 15.0 in stage 0.0 (TID 15)) 1.642ms
[181.086s][info][gc          ] Allocation Stall (Executor task launch worker for task 21.0 in stage 0.0 (TID 21)) 1.665ms
[181.086s][info][gc          ] Allocation Stall (Executor task launch worker for task 2.0 in stage 0.0 (TID 2)) 1.662ms
[181.086s][info][gc          ] Allocation Stall (Executor task launch worker for task 14.0 in stage 0.0 (TID 14)) 1.631ms
[181.086s][info][gc          ] Allocation Stall (Executor task launch worker for task 22.0 in stage 0.0 (TID 22)) 1.653ms
[181.086s][info][gc          ] Allocation Stall (Executor task launch worker for task 4.0 in stage 0.0 (TID 4)) 1.625ms
[181.086s][info][gc          ] Allocation Stall (Executor task launch worker for task 7.0 in stage 0.0 (TID 7)) 1.654ms
[181.086s][info][gc          ] Allocation Stall (Executor task launch worker for task 3.0 in stage 0.0 (TID 3)) 1.719ms
[181.086s][info][gc          ] Allocation Stall (Executor task launch worker for task 8.0 in stage 0.0 (TID 8)) 1.754ms
[181.086s][info][gc          ] Allocation Stall (Executor task launch worker for task 36.0 in stage 0.0 (TID 36)) 1.772ms
[181.086s][info][gc          ] Allocation Stall (Executor task launch worker for task 38.0 in stage 0.0 (TID 38)) 1.627ms
[181.086s][info][gc          ] Allocation Stall (Executor task launch worker for task 41.0 in stage 0.0 (TID 41)) 1.659ms
[181.086s][info][gc          ] Allocation Stall (Executor task launch worker for task 42.0 in stage 0.0 (TID 42)) 1.679ms
[181.086s][info][gc          ] Allocation Stall (Executor task launch worker for task 33.0 in stage 0.0 (TID 33)) 1.686ms
[181.087s][info][gc          ] Allocation Stall (Executor task launch worker for task 6.0 in stage 0.0 (TID 6)) 2.563ms
[181.087s][info][gc          ] Allocation Stall (Executor task launch worker for task 16.0 in stage 0.0 (TID 16)) 2.597ms
[181.097s][info][gc          ] Allocation Stall (Executor task launch worker for task 16.0 in stage 0.0 (TID 16)) 2.515ms
[181.097s][info][gc          ] Allocation Stall (Executor task launch worker for task 6.0 in stage 0.0 (TID 6)) 1.786ms
[181.097s][info][gc          ] Allocation Stall (Executor task launch worker for task 47.0 in stage 0.0 (TID 47)) 4.607ms
[181.097s][info][gc          ] Allocation Stall (Executor task launch worker for task 2.0 in stage 0.0 (TID 2)) 2.261ms
[181.097s][info][gc          ] Allocation Stall (Executor task launch worker for task 0.0 in stage 0.0 (TID 0)) 1.922ms
[181.097s][info][gc          ] Allocation Stall (Executor task launch worker for task 21.0 in stage 0.0 (TID 21)) 2.528ms
[181.097s][info][gc          ] Allocation Stall (Executor task launch worker for task 8.0 in stage 0.0 (TID 8)) 2.575ms
[181.097s][info][gc          ] Allocation Stall (Executor task launch worker for task 37.0 in stage 0.0 (TID 37)) 1.807ms
[181.097s][info][gc          ] Allocation Stall (Executor task launch worker for task 43.0 in stage 0.0 (TID 43)) 1.981ms
[181.097s][info][gc          ] Allocation Stall (Executor task launch worker for task 46.0 in stage 0.0 (TID 46)) 1.926ms
[181.097s][info][gc          ] Allocation Stall (Executor task launch worker for task 25.0 in stage 0.0 (TID 25)) 1.945ms
[181.097s][info][gc          ] Allocation Stall (Executor task launch worker for task 10.0 in stage 0.0 (TID 10)) 2.103ms
[181.097s][info][gc          ] Allocation Stall (Executor task launch worker for task 33.0 in stage 0.0 (TID 33)) 1.999ms
[181.097s][info][gc          ] Allocation Stall (Executor task launch worker for task 19.0 in stage 0.0 (TID 19)) 2.169ms
[181.097s][info][gc          ] Allocation Stall (Executor task launch worker for task 42.0 in stage 0.0 (TID 42)) 2.142ms
[181.097s][info][gc          ] Allocation Stall (Executor task launch worker for task 13.0 in stage 0.0 (TID 13)) 2.233ms
[181.097s][info][gc,phases   ] GC(31) Concurrent Relocate 44.388ms
[181.098s][info][gc,load     ] GC(31) Load: 0.00/0.00/0.00
[181.098s][info][gc,mmu      ] GC(31) MMU: 2ms/97.3%, 5ms/98.9%, 10ms/99.5%, 20ms/99.7%, 50ms/99.9%, 100ms/99.9%
[181.098s][info][gc,marking  ] GC(31) Mark: 4 stripe(s), 2 proactive flush(es), 1 terminate flush(es), 0 completion(s), 0 continuation(s) 
[181.098s][info][gc,marking  ] GC(31) Mark Stack Usage: 32M
[181.098s][info][gc,nmethod  ] GC(31) NMethods: 755 registered, 22 unregistered
[181.098s][info][gc,metaspace] GC(31) Metaspace: 107M used, 116M committed, 1152M reserved
[181.098s][info][gc,ref      ] GC(31) Soft: 2799 encountered, 847 discovered, 0 enqueued
[181.098s][info][gc,ref      ] GC(31) Weak: 12954 encountered, 7030 discovered, 0 enqueued
[181.098s][info][gc,ref      ] GC(31) Final: 40 encountered, 11 discovered, 0 enqueued
[181.098s][info][gc,ref      ] GC(31) Phantom: 750 encountered, 508 discovered, 0 enqueued
[181.098s][info][gc,reloc    ] GC(31) Small Pages: 127 / 254M, Empty: 134M, Relocated: 3M, In-Place: 0
[181.098s][info][gc,reloc    ] GC(31) Medium Pages: 3 / 48M, Empty: 0M, Relocated: 8M, In-Place: 0
[181.098s][info][gc,reloc    ] GC(31) Large Pages: 45 / 196M, Empty: 0M, Relocated: 0M, In-Place: 0
[181.098s][info][gc,reloc    ] GC(31) Forwarding Usage: 0M
[181.098s][info][gc,heap     ] GC(31) Min Capacity: 8M(2%)
[181.098s][info][gc,heap     ] GC(31) Max Capacity: 512M(100%)
[181.098s][info][gc,heap     ] GC(31) Soft Max Capacity: 512M(100%)
[181.098s][info][gc,heap     ] GC(31)                Mark Start          Mark End        Relocate Start      Relocate End           High               Low         
[181.098s][info][gc,heap     ] GC(31)  Capacity:      512M (100%)        512M (100%)        512M (100%)        512M (100%)        512M (100%)        512M (100%)   
[181.098s][info][gc,heap     ] GC(31)      Free:        0M (0%)            0M (0%)          112M (22%)           0M (0%)          128M (25%)           0M (0%)     
[181.098s][info][gc,heap     ] GC(31)      Used:      512M (100%)        512M (100%)        400M (78%)         512M (100%)        512M (100%)        384M (75%)    
[181.098s][info][gc,heap     ] GC(31)      Live:         -               269M (53%)         269M (53%)         269M (53%)            -                  -          
[181.098s][info][gc,heap     ] GC(31) Allocated:         -                 0M (0%)           22M (4%)          192M (38%)            -                  -          
[181.098s][info][gc,heap     ] GC(31)   Garbage:         -               242M (47%)         108M (21%)          49M (10%)            -                  -          
[181.098s][info][gc,heap     ] GC(31) Reclaimed:         -                  -               134M (26%)         192M (38%)            -                  -          
[181.098s][info][gc          ] Allocation Stall (Executor task launch worker for task 23.0 in stage 0.0 (TID 23)) 2.382ms
[181.098s][info][gc          ] Allocation Stall (Executor task launch worker for task 12.0 in stage 0.0 (TID 12)) 2.318ms
[181.098s][info][gc          ] GC(31) Garbage Collection (Allocation Stall) 512M(100%)->512M(100%)
[181.098s][info][gc          ] Allocation Stall (Executor task launch worker for task 28.0 in stage 0.0 (TID 28)) 2.321ms
[181.098s][info][gc          ] Allocation Stall (Executor task launch worker for task 31.0 in stage 0.0 (TID 31)) 2.292ms
[181.098s][info][gc,start    ] GC(32) Garbage Collection (Allocation Stall)
[181.098s][info][gc          ] Allocation Stall (Executor task launch worker for task 38.0 in stage 0.0 (TID 38)) 2.295ms
[181.098s][info][gc          ] Allocation Stall (Executor task launch worker for task 26.0 in stage 0.0 (TID 26)) 2.069ms
[181.098s][info][gc          ] Allocation Stall (Executor task launch worker for task 4.0 in stage 0.0 (TID 4)) 2.289ms
[181.098s][info][gc,ref      ] GC(32) Clearing All SoftReferences
[181.098s][info][gc          ] Allocation Stall (Executor task launch worker for task 27.0 in stage 0.0 (TID 27)) 2.093ms
[181.098s][info][gc,task     ] GC(32) Using 5 workers
[181.098s][info][gc          ] Allocation Stall (Executor task launch worker for task 14.0 in stage 0.0 (TID 14)) 2.102ms
[181.098s][info][gc          ] Allocation Stall (Executor task launch worker for task 3.0 in stage 0.0 (TID 3)) 2.096ms
[181.099s][info][gc,ref      ] GC(32) Clearing All SoftReferences
[181.099s][info][gc,phases   ] GC(32) Pause Mark Start 0.025ms
[181.099s][info][gc          ] Allocation Stall (Executor task launch worker for task 15.0 in stage 0.0 (TID 15)) 3.123ms
[181.099s][info][gc          ] Allocation Stall (Executor task launch worker for task 7.0 in stage 0.0 (TID 7)) 3.059ms
[181.099s][info][gc          ] Allocation Stall (Executor task launch worker for task 44.0 in stage 0.0 (TID 44)) 3.129ms
[181.099s][info][gc          ] Allocation Stall (Executor task launch worker for task 32.0 in stage 0.0 (TID 32)) 2.189ms
[181.099s][info][gc          ] Allocation Stall (Executor task launch worker for task 18.0 in stage 0.0 (TID 18)) 2.724ms
[181.099s][info][gc          ] Allocation Stall (Executor task launch worker for task 39.0 in stage 0.0 (TID 39)) 2.463ms
[181.099s][info][gc          ] Allocation Stall (Executor task launch worker for task 29.0 in stage 0.0 (TID 29)) 2.189ms
[181.099s][info][gc          ] Allocation Stall (Executor task launch worker for task 41.0 in stage 0.0 (TID 41)) 3.003ms
[181.099s][info][gc          ] Allocation Stall (Executor task launch worker for task 22.0 in stage 0.0 (TID 22)) 2.974ms
[181.099s][info][gc          ] Allocation Stall (Executor task launch worker for task 45.0 in stage 0.0 (TID 45)) 2.248ms
[181.099s][info][gc          ] Allocation Stall (Executor task launch worker for task 20.0 in stage 0.0 (TID 20)) 2.366ms
[181.099s][info][gc          ] Allocation Stall (Executor task launch worker for task 24.0 in stage 0.0 (TID 24)) 2.096ms
[181.099s][info][gc          ] Allocation Stall (Executor task launch worker for task 34.0 in stage 0.0 (TID 34)) 2.128ms
[181.099s][info][gc          ] Allocation Stall (Executor task launch worker for task 11.0 in stage 0.0 (TID 11)) 2.131ms
[181.100s][info][gc          ] Allocation Stall (Executor task launch worker for task 40.0 in stage 0.0 (TID 40)) 2.157ms
[181.100s][info][gc          ] Allocation Stall (Executor task launch worker for task 30.0 in stage 0.0 (TID 30)) 2.053ms
[181.100s][info][gc          ] Allocation Stall (Executor task launch worker for task 5.0 in stage 0.0 (TID 5)) 1.878ms
[181.100s][info][gc          ] Allocation Stall (Executor task launch worker for task 17.0 in stage 0.0 (TID 17)) 1.818ms
[181.100s][info][gc          ] Allocation Stall (Executor task launch worker for task 36.0 in stage 0.0 (TID 36)) 1.835ms
[181.100s][info][gc          ] Allocation Stall (Executor task launch worker for task 35.0 in stage 0.0 (TID 35)) 1.875ms
[181.100s][info][gc          ] Allocation Stall (Executor task launch worker for task 1.0 in stage 0.0 (TID 1)) 1.906ms
[181.100s][info][gc          ] Allocation Stall (Executor task launch worker for task 3.0 in stage 0.0 (TID 3)) 0.520ms
[181.100s][info][gc          ] Allocation Stall (Executor task launch worker for task 2.0 in stage 0.0 (TID 2)) 0.554ms
[181.100s][info][gc          ] Allocation Stall (Executor task launch worker for task 9.0 in stage 0.0 (TID 9)) 1.909ms
[181.100s][info][gc          ] Allocation Stall (Executor task launch worker for task 8.0 in stage 0.0 (TID 8)) 0.592ms
[181.100s][info][gc          ] Allocation Stall (Executor task launch worker for task 0.0 in stage 0.0 (TID 0)) 0.619ms
[181.100s][info][gc          ] Allocation Stall (Executor task launch worker for task 23.0 in stage 0.0 (TID 23)) 0.713ms
[181.100s][info][gc          ] Allocation Stall (Executor task launch worker for task 16.0 in stage 0.0 (TID 16)) 0.802ms
[181.139s][info][gc,phases   ] GC(32) Concurrent Mark 39.429ms
[181.165s][info][gc,phases   ] GC(32) Pause Mark End 0.019ms
[181.165s][info][gc,phases   ] GC(32) Concurrent Mark Free 0.001ms
[181.166s][info][gc,phases   ] GC(32) Concurrent Process Non-Strong References 1.324ms
[181.167s][info][gc,phases   ] GC(32) Concurrent Reset Relocation Set 0.004ms
[181.170s][info][gc          ] Allocation Stall (Executor task launch worker for task 16.0 in stage 0.0 (TID 16)) 57.848ms
[181.170s][info][gc          ] Allocation Stall (Executor task launch worker for task 1.0 in stage 0.0 (TID 1)) 57.477ms
[181.170s][info][gc          ] Allocation Stall (Executor task launch worker for task 17.0 in stage 0.0 (TID 17)) 57.779ms
[181.170s][info][gc          ] Allocation Stall (Executor task launch worker for task 22.0 in stage 0.0 (TID 22)) 56.891ms
[181.170s][info][gc          ] Allocation Stall (Executor task launch worker for task 30.0 in stage 0.0 (TID 30)) 57.613ms
[181.170s][info][gc          ] Allocation Stall (Executor task launch worker for task 27.0 in stage 0.0 (TID 27)) 59.321ms
[181.170s][info][gc          ] Allocation Stall (Executor task launch worker for task 3.0 in stage 0.0 (TID 3)) 57.378ms
[181.170s][info][gc          ] Allocation Stall (Executor task launch worker for task 8.0 in stage 0.0 (TID 8)) 57.912ms
[181.170s][info][gc          ] Allocation Stall (Executor task launch worker for task 11.0 in stage 0.0 (TID 11)) 57.108ms
[181.170s][info][gc          ] Allocation Stall (Executor task launch worker for task 14.0 in stage 0.0 (TID 14)) 57.979ms
[181.170s][info][gc          ] Allocation Stall (Executor task launch worker for task 40.0 in stage 0.0 (TID 40)) 57.085ms
[181.170s][info][gc          ] Allocation Stall (Executor task launch worker for task 24.0 in stage 0.0 (TID 24)) 56.936ms
[181.170s][info][gc          ] Allocation Stall (Executor task launch worker for task 46.0 in stage 0.0 (TID 46)) 56.882ms
[181.170s][info][gc          ] Allocation Stall (Executor task launch worker for task 15.0 in stage 0.0 (TID 15)) 58.610ms
[181.170s][info][gc          ] Allocation Stall (Executor task launch worker for task 41.0 in stage 0.0 (TID 41)) 57.346ms
[181.170s][info][gc          ] Allocation Stall (Executor task launch worker for task 18.0 in stage 0.0 (TID 18)) 59.178ms
[181.170s][info][gc          ] Allocation Stall (Executor task launch worker for task 45.0 in stage 0.0 (TID 45)) 57.087ms
[181.170s][info][gc          ] Allocation Stall (Executor task launch worker for task 12.0 in stage 0.0 (TID 12)) 58.864ms
[181.170s][info][gc          ] Allocation Stall (Executor task launch worker for task 6.0 in stage 0.0 (TID 6)) 60.014ms
[181.170s][info][gc          ] Allocation Stall (Executor task launch worker for task 23.0 in stage 0.0 (TID 23)) 57.305ms
[181.170s][info][gc          ] Allocation Stall (Executor task launch worker for task 0.0 in stage 0.0 (TID 0)) 57.681ms
[181.170s][info][gc          ] Allocation Stall (Executor task launch worker for task 4.0 in stage 0.0 (TID 4)) 59.047ms
[181.170s][info][gc          ] Allocation Stall (Executor task launch worker for task 36.0 in stage 0.0 (TID 36)) 57.136ms
[181.170s][info][gc          ] Allocation Stall (Executor task launch worker for task 21.0 in stage 0.0 (TID 21)) 57.951ms
[181.170s][info][gc          ] Allocation Stall (Executor task launch worker for task 29.0 in stage 0.0 (TID 29)) 58.106ms
[181.170s][info][gc          ] Allocation Stall (Spark Context Cleaner) 15.834ms
[181.170s][info][gc          ] Allocation Stall (Executor task launch worker for task 7.0 in stage 0.0 (TID 7)) 58.282ms
[181.170s][info][gc          ] Allocation Stall (Executor task launch worker for task 10.0 in stage 0.0 (TID 10)) 57.575ms
[181.170s][info][gc          ] Allocation Stall (Executor task launch worker for task 44.0 in stage 0.0 (TID 44)) 58.650ms
[181.170s][info][gc          ] Allocation Stall (Executor task launch worker for task 34.0 in stage 0.0 (TID 34)) 57.219ms
[181.170s][info][gc          ] Allocation Stall (Executor task launch worker for task 47.0 in stage 0.0 (TID 47)) 59.645ms
[181.170s][info][gc          ] Allocation Stall (Executor task launch worker for task 5.0 in stage 0.0 (TID 5)) 57.711ms
[181.170s][info][gc          ] Allocation Stall (Executor task launch worker for task 25.0 in stage 0.0 (TID 25)) 62.386ms
[181.170s][info][gc          ] Allocation Stall (Executor task launch worker for task 35.0 in stage 0.0 (TID 35)) 57.995ms
[181.170s][info][gc          ] Allocation Stall (Executor task launch worker for task 13.0 in stage 0.0 (TID 13)) 57.049ms
[181.170s][info][gc          ] Allocation Stall (Executor task launch worker for task 9.0 in stage 0.0 (TID 9)) 57.458ms
[181.170s][info][gc          ] Allocation Stall (Executor task launch worker for task 32.0 in stage 0.0 (TID 32)) 58.777ms
[181.170s][info][gc          ] Allocation Stall (Executor task launch worker for task 26.0 in stage 0.0 (TID 26)) 59.222ms
[181.170s][info][gc          ] Allocation Stall (Executor task launch worker for task 31.0 in stage 0.0 (TID 31)) 58.706ms
[181.170s][info][gc          ] Allocation Stall (Executor task launch worker for task 20.0 in stage 0.0 (TID 20)) 57.534ms
[181.170s][info][gc          ] Allocation Stall (Executor task launch worker for task 19.0 in stage 0.0 (TID 19)) 61.414ms
[181.170s][info][gc          ] Allocation Stall (Executor task launch worker for task 43.0 in stage 0.0 (TID 43)) 60.444ms
[181.170s][info][gc          ] Allocation Stall (Executor task launch worker for task 42.0 in stage 0.0 (TID 42)) 57.007ms
[181.170s][info][gc          ] Allocation Stall (Executor task launch worker for task 39.0 in stage 0.0 (TID 39)) 58.949ms
[181.170s][info][gc          ] Allocation Stall (Executor task launch worker for task 2.0 in stage 0.0 (TID 2)) 57.290ms
[181.170s][info][gc          ] Allocation Stall (Executor task launch worker for task 28.0 in stage 0.0 (TID 28)) 59.416ms
[181.170s][info][gc          ] Allocation Stall (Executor task launch worker for task 33.0 in stage 0.0 (TID 33)) 59.298ms
[181.170s][info][gc          ] Allocation Stall (Executor task launch worker for task 38.0 in stage 0.0 (TID 38)) 58.784ms
[181.170s][info][gc          ] Allocation Stall (Executor task launch worker for task 37.0 in stage 0.0 (TID 37)) 58.885ms
[181.170s][info][gc,phases   ] GC(32) Concurrent Select Relocation Set 3.788ms
[181.174s][info][gc,phases   ] GC(32) Pause Relocate Start 0.008ms
[181.187s][info][gc          ] Allocation Stall (Executor task launch worker for task 14.0 in stage 0.0 (TID 14)) 5.986ms
[181.187s][info][gc          ] Allocation Stall (Executor task launch worker for task 15.0 in stage 0.0 (TID 15)) 5.246ms
[181.187s][info][gc          ] Allocation Stall (Executor task launch worker for task 26.0 in stage 0.0 (TID 26)) 5.726ms
[181.187s][info][gc          ] Allocation Stall (Executor task launch worker for task 34.0 in stage 0.0 (TID 34)) 5.568ms
[181.187s][info][gc          ] Allocation Stall (Executor task launch worker for task 43.0 in stage 0.0 (TID 43)) 5.689ms
[181.187s][info][gc          ] Allocation Stall (Executor task launch worker for task 42.0 in stage 0.0 (TID 42)) 5.685ms
[181.187s][info][gc          ] Allocation Stall (Executor task launch worker for task 32.0 in stage 0.0 (TID 32)) 5.598ms
[181.187s][info][gc          ] Allocation Stall (Executor task launch worker for task 12.0 in stage 0.0 (TID 12)) 5.757ms
[181.189s][info][gc          ] Allocation Stall (Executor task launch worker for task 40.0 in stage 0.0 (TID 40)) 6.422ms
[181.189s][info][gc          ] Allocation Stall (Executor task launch worker for task 23.0 in stage 0.0 (TID 23)) 6.354ms
[181.189s][info][gc          ] Allocation Stall (Executor task launch worker for task 27.0 in stage 0.0 (TID 27)) 6.273ms
[181.189s][info][gc          ] Allocation Stall (Executor task launch worker for task 2.0 in stage 0.0 (TID 2)) 5.968ms
[181.189s][info][gc          ] Allocation Stall (Executor task launch worker for task 0.0 in stage 0.0 (TID 0)) 5.241ms
[181.189s][info][gc          ] Allocation Stall (Executor task launch worker for task 45.0 in stage 0.0 (TID 45)) 4.955ms
[181.189s][info][gc          ] Allocation Stall (Executor task launch worker for task 10.0 in stage 0.0 (TID 10)) 4.958ms
[181.189s][info][gc          ] Allocation Stall (Executor task launch worker for task 22.0 in stage 0.0 (TID 22)) 4.760ms
[181.189s][info][gc          ] Allocation Stall (Executor task launch worker for task 5.0 in stage 0.0 (TID 5)) 4.681ms
[181.189s][info][gc          ] Allocation Stall (Executor task launch worker for task 6.0 in stage 0.0 (TID 6)) 4.760ms
[181.189s][info][gc          ] Allocation Stall (Executor task launch worker for task 29.0 in stage 0.0 (TID 29)) 4.759ms
[181.189s][info][gc          ] Allocation Stall (Executor task launch worker for task 18.0 in stage 0.0 (TID 18)) 4.790ms
[181.189s][info][gc          ] Allocation Stall (Executor task launch worker for task 20.0 in stage 0.0 (TID 20)) 4.842ms
[181.189s][info][gc          ] Allocation Stall (Executor task launch worker for task 16.0 in stage 0.0 (TID 16)) 4.909ms
[181.194s][info][gc          ] Allocation Stall (Executor task launch worker for task 24.0 in stage 0.0 (TID 24)) 9.201ms
[181.194s][info][gc          ] Allocation Stall (Executor task launch worker for task 21.0 in stage 0.0 (TID 21)) 9.099ms
[181.195s][info][gc          ] Allocation Stall (Executor task launch worker for task 8.0 in stage 0.0 (TID 8)) 9.984ms
[181.195s][info][gc          ] Allocation Stall (Executor task launch worker for task 47.0 in stage 0.0 (TID 47)) 10.015ms
[181.195s][info][gc          ] Allocation Stall (Executor task launch worker for task 1.0 in stage 0.0 (TID 1)) 10.093ms
[181.195s][info][gc          ] Allocation Stall (Executor task launch worker for task 35.0 in stage 0.0 (TID 35)) 9.916ms
[181.195s][info][gc          ] Allocation Stall (Executor task launch worker for task 9.0 in stage 0.0 (TID 9)) 9.961ms
[181.201s][info][gc          ] Allocation Stall (Executor task launch worker for task 13.0 in stage 0.0 (TID 13)) 15.409ms
[181.201s][info][gc          ] Allocation Stall (Executor task launch worker for task 41.0 in stage 0.0 (TID 41)) 14.867ms
[181.201s][info][gc          ] Allocation Stall (Executor task launch worker for task 37.0 in stage 0.0 (TID 37)) 14.943ms
[181.201s][info][gc          ] Allocation Stall (Executor task launch worker for task 36.0 in stage 0.0 (TID 36)) 14.873ms
[181.201s][info][gc          ] Allocation Stall (Executor task launch worker for task 46.0 in stage 0.0 (TID 46)) 15.351ms
[181.201s][info][gc          ] Allocation Stall (Executor task launch worker for task 4.0 in stage 0.0 (TID 4)) 14.800ms
[181.201s][info][gc          ] Allocation Stall (Executor task launch worker for task 3.0 in stage 0.0 (TID 3)) 15.070ms
[181.201s][info][gc          ] Allocation Stall (Executor task launch worker for task 33.0 in stage 0.0 (TID 33)) 14.798ms
[181.204s][info][gc          ] Allocation Stall (Executor task launch worker for task 39.0 in stage 0.0 (TID 39)) 17.516ms
[181.204s][info][gc          ] Allocation Stall (Executor task launch worker for task 25.0 in stage 0.0 (TID 25)) 17.557ms
[181.204s][info][gc          ] Allocation Stall (Executor task launch worker for task 7.0 in stage 0.0 (TID 7)) 17.549ms
[181.204s][info][gc          ] Allocation Stall (Executor task launch worker for task 17.0 in stage 0.0 (TID 17)) 17.544ms
[181.204s][info][gc          ] Allocation Stall (Executor task launch worker for task 23.0 in stage 0.0 (TID 23)) 9.789ms
[181.204s][info][gc          ] Allocation Stall (Executor task launch worker for task 10.0 in stage 0.0 (TID 10)) 11.283ms
[181.204s][info][gc          ] Allocation Stall (Executor task launch worker for task 28.0 in stage 0.0 (TID 28)) 17.655ms
[181.204s][info][gc          ] Allocation Stall (Executor task launch worker for task 18.0 in stage 0.0 (TID 18)) 8.839ms
[181.204s][info][gc          ] Allocation Stall (Executor task launch worker for task 15.0 in stage 0.0 (TID 15)) 5.172ms
[181.204s][info][gc          ] Allocation Stall (Executor task launch worker for task 29.0 in stage 0.0 (TID 29)) 5.014ms
[181.204s][info][gc          ] Allocation Stall (Executor task launch worker for task 1.0 in stage 0.0 (TID 1)) 5.008ms
[181.204s][info][gc          ] Allocation Stall (Executor task launch worker for task 47.0 in stage 0.0 (TID 47)) 4.970ms
[181.204s][info][gc          ] Allocation Stall (Executor task launch worker for task 22.0 in stage 0.0 (TID 22)) 4.767ms
[181.204s][info][gc          ] Allocation Stall (Executor task launch worker for task 42.0 in stage 0.0 (TID 42)) 4.456ms
[181.204s][info][gc          ] Allocation Stall (Executor task launch worker for task 35.0 in stage 0.0 (TID 35)) 4.127ms
[181.204s][info][gc          ] Allocation Stall (Executor task launch worker for task 21.0 in stage 0.0 (TID 21)) 3.122ms
[181.204s][info][gc          ] Allocation Stall (Executor task launch worker for task 20.0 in stage 0.0 (TID 20)) 3.080ms
[181.205s][info][gc          ] Allocation Stall (Executor task launch worker for task 0.0 in stage 0.0 (TID 0)) 3.150ms
[181.205s][info][gc          ] Allocation Stall (Executor task launch worker for task 9.0 in stage 0.0 (TID 9)) 2.701ms
[181.205s][info][gc          ] Allocation Stall (Executor task launch worker for task 8.0 in stage 0.0 (TID 8)) 2.670ms
[181.205s][info][gc          ] Allocation Stall (Executor task launch worker for task 40.0 in stage 0.0 (TID 40)) 2.704ms
[181.205s][info][gc          ] Allocation Stall (Executor task launch worker for task 30.0 in stage 0.0 (TID 30)) 2.345ms
[181.205s][info][gc          ] Allocation Stall (Executor task launch worker for task 27.0 in stage 0.0 (TID 27)) 2.186ms
[181.205s][info][gc          ] Allocation Stall (Executor task launch worker for task 16.0 in stage 0.0 (TID 16)) 2.104ms
[181.205s][info][gc          ] Allocation Stall (Executor task launch worker for task 43.0 in stage 0.0 (TID 43)) 2.172ms
[181.205s][info][gc          ] Allocation Stall (Executor task launch worker for task 12.0 in stage 0.0 (TID 12)) 2.107ms
[181.205s][info][gc          ] Allocation Stall (Executor task launch worker for task 45.0 in stage 0.0 (TID 45)) 2.184ms
[181.205s][info][gc          ] Allocation Stall (Executor task launch worker for task 6.0 in stage 0.0 (TID 6)) 2.216ms
[181.205s][info][gc          ] Allocation Stall (Executor task launch worker for task 24.0 in stage 0.0 (TID 24)) 2.273ms
[181.205s][info][gc          ] Allocation Stall (Executor task launch worker for task 26.0 in stage 0.0 (TID 26)) 2.332ms
[181.205s][info][gc          ] Allocation Stall (Executor task launch worker for task 34.0 in stage 0.0 (TID 34)) 2.375ms
[181.226s][info][gc          ] Allocation Stall (Executor task launch worker for task 15.0 in stage 0.0 (TID 15)) 7.434ms
[181.226s][info][gc          ] Allocation Stall (Executor task launch worker for task 20.0 in stage 0.0 (TID 20)) 7.431ms
[181.226s][info][gc          ] Allocation Stall (Executor task launch worker for task 39.0 in stage 0.0 (TID 39)) 7.474ms
[181.226s][info][gc          ] Allocation Stall (Executor task launch worker for task 35.0 in stage 0.0 (TID 35)) 7.473ms
[181.226s][info][gc          ] Allocation Stall (Executor task launch worker for task 5.0 in stage 0.0 (TID 5)) 7.476ms
[181.226s][info][gc          ] Allocation Stall (Executor task launch worker for task 46.0 in stage 0.0 (TID 46)) 7.502ms
[181.226s][info][gc          ] Allocation Stall (Executor task launch worker for task 13.0 in stage 0.0 (TID 13)) 7.539ms
[181.226s][info][gc          ] Allocation Stall (Executor task launch worker for task 3.0 in stage 0.0 (TID 3)) 7.542ms
[181.226s][info][gc          ] Allocation Stall (Executor task launch worker for task 43.0 in stage 0.0 (TID 43)) 7.549ms
[181.226s][info][gc          ] Allocation Stall (Executor task launch worker for task 37.0 in stage 0.0 (TID 37)) 7.551ms
[181.226s][info][gc          ] Allocation Stall (Executor task launch worker for task 18.0 in stage 0.0 (TID 18)) 7.605ms
[181.226s][info][gc          ] Allocation Stall (Executor task launch worker for task 38.0 in stage 0.0 (TID 38)) 7.605ms
[181.226s][info][gc          ] Allocation Stall (Executor task launch worker for task 40.0 in stage 0.0 (TID 40)) 7.598ms
[181.226s][info][gc          ] Allocation Stall (Executor task launch worker for task 34.0 in stage 0.0 (TID 34)) 7.688ms
[181.226s][info][gc          ] Allocation Stall (Executor task launch worker for task 33.0 in stage 0.0 (TID 33)) 7.701ms
[181.226s][info][gc          ] Allocation Stall (Executor task launch worker for task 45.0 in stage 0.0 (TID 45)) 0.303ms
[181.226s][info][gc          ] Allocation Stall (Executor task launch worker for task 8.0 in stage 0.0 (TID 8)) 0.314ms
[181.226s][info][gc          ] Allocation Stall (Executor task launch worker for task 9.0 in stage 0.0 (TID 9)) 0.437ms
[181.226s][info][gc          ] Allocation Stall (Executor task launch worker for task 12.0 in stage 0.0 (TID 12)) 0.452ms
[181.227s][info][gc          ] Allocation Stall (Executor task launch worker for task 26.0 in stage 0.0 (TID 26)) 0.516ms
[181.227s][info][gc          ] Allocation Stall (Executor task launch worker for task 36.0 in stage 0.0 (TID 36)) 0.549ms
[181.227s][info][gc          ] Allocation Stall (Executor task launch worker for task 0.0 in stage 0.0 (TID 0)) 0.610ms
[181.227s][info][gc          ] Allocation Stall (Executor task launch worker for task 19.0 in stage 0.0 (TID 19)) 0.686ms
[181.227s][info][gc          ] Allocation Stall (Executor task launch worker for task 4.0 in stage 0.0 (TID 4)) 0.729ms
[181.227s][info][gc          ] Allocation Stall (Executor task launch worker for task 22.0 in stage 0.0 (TID 22)) 1.301ms
[181.227s][info][gc          ] Allocation Stall (Executor task launch worker for task 21.0 in stage 0.0 (TID 21)) 1.367ms
[181.228s][info][gc          ] Allocation Stall (Executor task launch worker for task 32.0 in stage 0.0 (TID 32)) 1.452ms
[181.228s][info][gc          ] Allocation Stall (Executor task launch worker for task 14.0 in stage 0.0 (TID 14)) 1.496ms
[181.255s][info][gc          ] Allocation Stall (Executor task launch worker for task 34.0 in stage 0.0 (TID 34)) 0.614ms
[181.255s][info][gc          ] Allocation Stall (Executor task launch worker for task 35.0 in stage 0.0 (TID 35)) 0.100ms
[181.255s][info][gc          ] Allocation Stall (Executor task launch worker for task 10.0 in stage 0.0 (TID 10)) 0.364ms
[181.255s][info][gc          ] Allocation Stall (Executor task launch worker for task 30.0 in stage 0.0 (TID 30)) 0.555ms
[181.255s][info][gc          ] Allocation Stall (Executor task launch worker for task 38.0 in stage 0.0 (TID 38)) 0.091ms
[181.261s][info][gc          ] Allocation Stall (Executor task launch worker for task 31.0 in stage 0.0 (TID 31)) 5.227ms
[181.261s][info][gc          ] Allocation Stall (Executor task launch worker for task 15.0 in stage 0.0 (TID 15)) 5.230ms
[181.261s][info][gc          ] Allocation Stall (Executor task launch worker for task 12.0 in stage 0.0 (TID 12)) 4.104ms
[181.261s][info][gc          ] Allocation Stall (Executor task launch worker for task 29.0 in stage 0.0 (TID 29)) 3.413ms
[181.261s][info][gc          ] Allocation Stall (Executor task launch worker for task 20.0 in stage 0.0 (TID 20)) 2.648ms
[181.261s][info][gc          ] Allocation Stall (Executor task launch worker for task 43.0 in stage 0.0 (TID 43)) 2.417ms
[181.261s][info][gc          ] Allocation Stall (Executor task launch worker for task 16.0 in stage 0.0 (TID 16)) 2.423ms
[181.261s][info][gc          ] Allocation Stall (Executor task launch worker for task 42.0 in stage 0.0 (TID 42)) 2.469ms
[181.261s][info][gc          ] Allocation Stall (Executor task launch worker for task 33.0 in stage 0.0 (TID 33)) 2.426ms
[181.261s][info][gc          ] Allocation Stall (Executor task launch worker for task 17.0 in stage 0.0 (TID 17)) 2.274ms
[181.261s][info][gc          ] Allocation Stall (Executor task launch worker for task 21.0 in stage 0.0 (TID 21)) 2.302ms
[181.261s][info][gc          ] Allocation Stall (Executor task launch worker for task 7.0 in stage 0.0 (TID 7)) 2.299ms
[181.261s][info][gc          ] Allocation Stall (Executor task launch worker for task 3.0 in stage 0.0 (TID 3)) 2.321ms
[181.261s][info][gc          ] Allocation Stall (Executor task launch worker for task 40.0 in stage 0.0 (TID 40)) 2.346ms
[181.261s][info][gc          ] Allocation Stall (Executor task launch worker for task 47.0 in stage 0.0 (TID 47)) 2.012ms
[181.261s][info][gc          ] Allocation Stall (Executor task launch worker for task 41.0 in stage 0.0 (TID 41)) 1.959ms
[181.261s][info][gc          ] Allocation Stall (Executor task launch worker for task 37.0 in stage 0.0 (TID 37)) 1.855ms
[181.261s][info][gc          ] Allocation Stall (Executor task launch worker for task 0.0 in stage 0.0 (TID 0)) 1.948ms
[181.261s][info][gc          ] Allocation Stall (Executor task launch worker for task 22.0 in stage 0.0 (TID 22)) 2.315ms
[181.261s][info][gc          ] Allocation Stall (Executor task launch worker for task 9.0 in stage 0.0 (TID 9)) 1.891ms
[181.261s][info][gc          ] Allocation Stall (Executor task launch worker for task 6.0 in stage 0.0 (TID 6)) 1.678ms
[181.261s][info][gc          ] Allocation Stall (Executor task launch worker for task 45.0 in stage 0.0 (TID 45)) 2.445ms
[181.261s][info][gc          ] Allocation Stall (Executor task launch worker for task 32.0 in stage 0.0 (TID 32)) 2.413ms
[181.261s][info][gc          ] Allocation Stall (Executor task launch worker for task 36.0 in stage 0.0 (TID 36)) 1.680ms
[181.261s][info][gc          ] Allocation Stall (Executor task launch worker for task 18.0 in stage 0.0 (TID 18)) 1.607ms
[181.261s][info][gc          ] Allocation Stall (Executor task launch worker for task 13.0 in stage 0.0 (TID 13)) 1.534ms
[181.261s][info][gc          ] Allocation Stall (Executor task launch worker for task 14.0 in stage 0.0 (TID 14)) 1.544ms
[181.261s][info][gc          ] Allocation Stall (Executor task launch worker for task 8.0 in stage 0.0 (TID 8)) 1.686ms
[181.261s][info][gc          ] Allocation Stall (Executor task launch worker for task 11.0 in stage 0.0 (TID 11)) 1.746ms
[181.262s][info][gc          ] Allocation Stall (Executor task launch worker for task 1.0 in stage 0.0 (TID 1)) 1.677ms
[181.262s][info][gc          ] Allocation Stall (Executor task launch worker for task 5.0 in stage 0.0 (TID 5)) 1.693ms
[181.262s][info][gc          ] Allocation Stall (Executor task launch worker for task 24.0 in stage 0.0 (TID 24)) 1.683ms
[181.262s][info][gc          ] Allocation Stall (Executor task launch worker for task 46.0 in stage 0.0 (TID 46)) 1.547ms
[181.262s][info][gc          ] Allocation Stall (Executor task launch worker for task 25.0 in stage 0.0 (TID 25)) 1.483ms
[181.262s][info][gc          ] Allocation Stall (Executor task launch worker for task 2.0 in stage 0.0 (TID 2)) 1.451ms
[181.262s][info][gc          ] Allocation Stall (Executor task launch worker for task 28.0 in stage 0.0 (TID 28)) 1.438ms
[181.262s][info][gc          ] Allocation Stall (Executor task launch worker for task 27.0 in stage 0.0 (TID 27)) 1.439ms
[181.262s][info][gc          ] Allocation Stall (Executor task launch worker for task 4.0 in stage 0.0 (TID 4)) 1.310ms
[181.273s][info][gc          ] Allocation Stall (Executor task launch worker for task 24.0 in stage 0.0 (TID 24)) 2.223ms
[181.273s][info][gc          ] Allocation Stall (Executor task launch worker for task 6.0 in stage 0.0 (TID 6)) 2.146ms
[181.273s][info][gc          ] Allocation Stall (Executor task launch worker for task 46.0 in stage 0.0 (TID 46)) 1.975ms
[181.273s][info][gc          ] Allocation Stall (Executor task launch worker for task 8.0 in stage 0.0 (TID 8)) 0.692ms
[181.274s][info][gc          ] Allocation Stall (Executor task launch worker for task 2.0 in stage 0.0 (TID 2)) 0.633ms
[181.277s][info][gc          ] Allocation Stall (Executor task launch worker for task 1.0 in stage 0.0 (TID 1)) 1.200ms
[181.277s][info][gc,phases   ] GC(32) Concurrent Relocate 100.397ms
[181.277s][info][gc,load     ] GC(32) Load: 0.00/0.00/0.00
[181.277s][info][gc,mmu      ] GC(32) MMU: 2ms/97.3%, 5ms/98.9%, 10ms/99.5%, 20ms/99.7%, 50ms/99.9%, 100ms/99.9%
[181.277s][info][gc,marking  ] GC(32) Mark: 4 stripe(s), 2 proactive flush(es), 1 terminate flush(es), 0 completion(s), 0 continuation(s) 
[181.277s][info][gc,marking  ] GC(32) Mark Stack Usage: 32M
[181.277s][info][gc,nmethod  ] GC(32) NMethods: 756 registered, 22 unregistered
[181.277s][info][gc,metaspace] GC(32) Metaspace: 107M used, 116M committed, 1152M reserved
[181.277s][info][gc,ref      ] GC(32) Soft: 2799 encountered, 2245 discovered, 0 enqueued
[181.277s][info][gc,ref      ] GC(32) Weak: 12954 encountered, 3320 discovered, 0 enqueued
[181.277s][info][gc,ref      ] GC(32) Final: 40 encountered, 0 discovered, 0 enqueued
[181.277s][info][gc,ref      ] GC(32) Phantom: 750 encountered, 698 discovered, 0 enqueued
[181.277s][info][gc,reloc    ] GC(32) Small Pages: 122 / 244M, Empty: 116M, Relocated: 3M, In-Place: 0
[181.277s][info][gc,reloc    ] GC(32) Medium Pages: 3 / 48M, Empty: 0M, Relocated: 12M, In-Place: 0
[181.277s][info][gc,reloc    ] GC(32) Large Pages: 45 / 196M, Empty: 8M, Relocated: 0M, In-Place: 0
[181.277s][info][gc,reloc    ] GC(32) Forwarding Usage: 0M
[181.277s][info][gc,heap     ] GC(32) Min Capacity: 8M(2%)
[181.277s][info][gc,heap     ] GC(32) Max Capacity: 512M(100%)
[181.277s][info][gc,heap     ] GC(32) Soft Max Capacity: 512M(100%)
[181.277s][info][gc,heap     ] GC(32)                Mark Start          Mark End        Relocate Start      Relocate End           High               Low         
[181.277s][info][gc,heap     ] GC(32)  Capacity:      512M (100%)        512M (100%)        512M (100%)        512M (100%)        512M (100%)        512M (100%)   
[181.277s][info][gc,heap     ] GC(32)      Free:        0M (0%)            0M (0%)          102M (20%)          12M (2%)          124M (24%)           0M (0%)     
[181.277s][info][gc,heap     ] GC(32)      Used:      512M (100%)        512M (100%)        410M (80%)         500M (98%)         512M (100%)        388M (76%)    
[181.277s][info][gc,heap     ] GC(32)      Live:         -               258M (50%)         258M (50%)         258M (50%)            -                  -          
[181.278s][info][gc,heap     ] GC(32) Allocated:         -                 0M (0%)           22M (4%)          190M (37%)            -                  -          
[181.278s][info][gc,heap     ] GC(32)   Garbage:         -               253M (50%)         129M (25%)          51M (10%)            -                  -          
[181.278s][info][gc,heap     ] GC(32) Reclaimed:         -                  -               124M (24%)         202M (40%)            -                  -          
[181.278s][info][gc          ] GC(32) Garbage Collection (Allocation Stall) 512M(100%)->500M(98%)
[181.283s][info][gc,start    ] GC(33) Garbage Collection (Allocation Stall)
[181.283s][info][gc,ref      ] GC(33) Clearing All SoftReferences
[181.283s][info][gc,task     ] GC(33) Using 5 workers
[181.283s][info][gc,ref      ] GC(33) Clearing All SoftReferences
[181.283s][info][gc,phases   ] GC(33) Pause Mark Start 0.036ms
[181.283s][info][gc          ] Allocation Stall (Executor task launch worker for task 16.0 in stage 0.0 (TID 16)) 0.672ms
[181.326s][info][gc,phases   ] GC(33) Concurrent Mark 42.707ms
[181.326s][info][gc,phases   ] GC(33) Pause Mark End 0.013ms
[181.326s][info][gc,phases   ] GC(33) Concurrent Mark Free 0.001ms
[181.328s][info][gc,phases   ] GC(33) Concurrent Process Non-Strong References 1.112ms
[181.328s][info][gc,phases   ] GC(33) Concurrent Reset Relocation Set 0.005ms
[181.328s][info][gc          ] Allocation Stall (Executor task launch worker for task 16.0 in stage 0.0 (TID 16)) 42.598ms
[181.328s][info][gc          ] Allocation Stall (Executor task launch worker for task 15.0 in stage 0.0 (TID 15)) 44.207ms
[181.328s][info][gc          ] Allocation Stall (Executor task launch worker for task 4.0 in stage 0.0 (TID 4)) 44.161ms
[181.328s][info][gc          ] Allocation Stall (Executor task launch worker for task 25.0 in stage 0.0 (TID 25)) 44.163ms
[181.328s][info][gc          ] Allocation Stall (Executor task launch worker for task 14.0 in stage 0.0 (TID 14)) 44.204ms
[181.328s][info][gc          ] Allocation Stall (Executor task launch worker for task 46.0 in stage 0.0 (TID 46)) 42.543ms
[181.328s][info][gc          ] Allocation Stall (Executor task launch worker for task 1.0 in stage 0.0 (TID 1)) 44.223ms
[181.328s][info][gc          ] Allocation Stall (Executor task launch worker for task 7.0 in stage 0.0 (TID 7)) 44.235ms
[181.328s][info][gc          ] Allocation Stall (Executor task launch worker for task 40.0 in stage 0.0 (TID 40)) 44.254ms
[181.328s][info][gc          ] Allocation Stall (Executor task launch worker for task 13.0 in stage 0.0 (TID 13)) 42.446ms
[181.328s][info][gc          ] Allocation Stall (Executor task launch worker for task 2.0 in stage 0.0 (TID 2)) 44.147ms
[181.328s][info][gc          ] Allocation Stall (Executor task launch worker for task 32.0 in stage 0.0 (TID 32)) 44.162ms
[181.328s][info][gc          ] Allocation Stall (Executor task launch worker for task 38.0 in stage 0.0 (TID 38)) 44.242ms
[181.328s][info][gc          ] Allocation Stall (Executor task launch worker for task 24.0 in stage 0.0 (TID 24)) 44.175ms
[181.328s][info][gc          ] Allocation Stall (Executor task launch worker for task 0.0 in stage 0.0 (TID 0)) 44.212ms
[181.328s][info][gc          ] Allocation Stall (Executor task launch worker for task 23.0 in stage 0.0 (TID 23)) 39.383ms
[181.328s][info][gc          ] Allocation Stall (Executor task launch worker for task 27.0 in stage 0.0 (TID 27)) 42.740ms
[181.328s][info][gc          ] Allocation Stall (Executor task launch worker for task 26.0 in stage 0.0 (TID 26)) 42.450ms
[181.328s][info][gc          ] Allocation Stall (Executor task launch worker for task 20.0 in stage 0.0 (TID 20)) 44.237ms
[181.328s][info][gc          ] Allocation Stall (Executor task launch worker for task 45.0 in stage 0.0 (TID 45)) 42.450ms
[181.328s][info][gc          ] Allocation Stall (Executor task launch worker for task 21.0 in stage 0.0 (TID 21)) 42.440ms
[181.328s][info][gc          ] Allocation Stall (Executor task launch worker for task 47.0 in stage 0.0 (TID 47)) 44.372ms
[181.328s][info][gc          ] Allocation Stall (Executor task launch worker for task 37.0 in stage 0.0 (TID 37)) 44.325ms
[181.328s][info][gc          ] Allocation Stall (Executor task launch worker for task 44.0 in stage 0.0 (TID 44)) 44.394ms
[181.328s][info][gc          ] Allocation Stall (Executor task launch worker for task 12.0 in stage 0.0 (TID 12)) 44.407ms
[181.328s][info][gc          ] Allocation Stall (Executor task launch worker for task 30.0 in stage 0.0 (TID 30)) 44.284ms
[181.328s][info][gc          ] Allocation Stall (Executor task launch worker for task 3.0 in stage 0.0 (TID 3)) 44.278ms
[181.328s][info][gc          ] Allocation Stall (Executor task launch worker for task 42.0 in stage 0.0 (TID 42)) 44.355ms
[181.328s][info][gc          ] Allocation Stall (Executor task launch worker for task 31.0 in stage 0.0 (TID 31)) 44.353ms
[181.328s][info][gc          ] Allocation Stall (Executor task launch worker for task 28.0 in stage 0.0 (TID 28)) 44.287ms
[181.328s][info][gc          ] Allocation Stall (Executor task launch worker for task 35.0 in stage 0.0 (TID 35)) 44.298ms
[181.328s][info][gc          ] Allocation Stall (Executor task launch worker for task 36.0 in stage 0.0 (TID 36)) 44.360ms
[181.328s][info][gc          ] Allocation Stall (Executor task launch worker for task 41.0 in stage 0.0 (TID 41)) 44.249ms
[181.328s][info][gc          ] Allocation Stall (Executor task launch worker for task 11.0 in stage 0.0 (TID 11)) 44.396ms
[181.328s][info][gc          ] Allocation Stall (Executor task launch worker for task 6.0 in stage 0.0 (TID 6)) 44.314ms
[181.328s][info][gc          ] Allocation Stall (Executor task launch worker for task 18.0 in stage 0.0 (TID 18)) 44.322ms
[181.328s][info][gc          ] Allocation Stall (Executor task launch worker for task 10.0 in stage 0.0 (TID 10)) 44.402ms
[181.328s][info][gc          ] Allocation Stall (Executor task launch worker for task 34.0 in stage 0.0 (TID 34)) 44.401ms
[181.328s][info][gc          ] Allocation Stall (Executor task launch worker for task 8.0 in stage 0.0 (TID 8)) 44.383ms
[181.328s][info][gc          ] Allocation Stall (Executor task launch worker for task 43.0 in stage 0.0 (TID 43)) 44.395ms
[181.328s][info][gc          ] Allocation Stall (Executor task launch worker for task 33.0 in stage 0.0 (TID 33)) 44.335ms
[181.328s][info][gc          ] Allocation Stall (Executor task launch worker for task 9.0 in stage 0.0 (TID 9)) 44.387ms
[181.328s][info][gc          ] Allocation Stall (Executor task launch worker for task 19.0 in stage 0.0 (TID 19)) 44.334ms
[181.328s][info][gc          ] Allocation Stall (Executor task launch worker for task 39.0 in stage 0.0 (TID 39)) 42.544ms
[181.328s][info][gc          ] Allocation Stall (Executor task launch worker for task 29.0 in stage 0.0 (TID 29)) 44.423ms
[181.328s][info][gc          ] Allocation Stall (Executor task launch worker for task 22.0 in stage 0.0 (TID 22)) 44.385ms
[181.328s][info][gc          ] Allocation Stall (Executor task launch worker for task 5.0 in stage 0.0 (TID 5)) 44.394ms
[181.328s][info][gc          ] Allocation Stall (Executor task launch worker for task 17.0 in stage 0.0 (TID 17)) 44.327ms
[181.339s][info][gc,phases   ] GC(33) Concurrent Select Relocation Set 11.368ms
[181.339s][info][gc,phases   ] GC(33) Pause Relocate Start 0.007ms
[181.348s][info][gc          ] Allocation Stall (Executor task launch worker for task 24.0 in stage 0.0 (TID 24)) 0.052ms
[181.351s][info][gc          ] Allocation Stall (Executor task launch worker for task 12.0 in stage 0.0 (TID 12)) 3.082ms
[181.351s][info][gc          ] Allocation Stall (Executor task launch worker for task 39.0 in stage 0.0 (TID 39)) 2.996ms
[181.351s][info][gc          ] Allocation Stall (Executor task launch worker for task 21.0 in stage 0.0 (TID 21)) 3.065ms
[181.351s][info][gc          ] Allocation Stall (Executor task launch worker for task 23.0 in stage 0.0 (TID 23)) 2.942ms
[181.351s][info][gc          ] Allocation Stall (Executor task launch worker for task 6.0 in stage 0.0 (TID 6)) 2.966ms
[181.351s][info][gc          ] Allocation Stall (Executor task launch worker for task 45.0 in stage 0.0 (TID 45)) 3.070ms
[181.351s][info][gc          ] Allocation Stall (Executor task launch worker for task 15.0 in stage 0.0 (TID 15)) 3.074ms
[181.351s][info][gc          ] Allocation Stall (Executor task launch worker for task 22.0 in stage 0.0 (TID 22)) 2.932ms
[181.351s][info][gc          ] Allocation Stall (Executor task launch worker for task 1.0 in stage 0.0 (TID 1)) 3.501ms
[181.351s][info][gc          ] Allocation Stall (Executor task launch worker for task 16.0 in stage 0.0 (TID 16)) 3.490ms
[181.351s][info][gc          ] Allocation Stall (Executor task launch worker for task 8.0 in stage 0.0 (TID 8)) 3.513ms
[181.351s][info][gc          ] Allocation Stall (Executor task launch worker for task 37.0 in stage 0.0 (TID 37)) 3.520ms
[181.351s][info][gc          ] Allocation Stall (Executor task launch worker for task 14.0 in stage 0.0 (TID 14)) 3.537ms
[181.351s][info][gc          ] Allocation Stall (Executor task launch worker for task 35.0 in stage 0.0 (TID 35)) 3.560ms
[181.351s][info][gc          ] Allocation Stall (Executor task launch worker for task 18.0 in stage 0.0 (TID 18)) 3.587ms
[181.351s][info][gc          ] Allocation Stall (Executor task launch worker for task 20.0 in stage 0.0 (TID 20)) 3.626ms
[181.352s][info][gc          ] Allocation Stall (Executor task launch worker for task 7.0 in stage 0.0 (TID 7)) 3.681ms
[181.352s][info][gc          ] Allocation Stall (Executor task launch worker for task 36.0 in stage 0.0 (TID 36)) 3.716ms
[181.352s][info][gc          ] Allocation Stall (Executor task launch worker for task 41.0 in stage 0.0 (TID 41)) 3.745ms
[181.352s][info][gc          ] Allocation Stall (Executor task launch worker for task 9.0 in stage 0.0 (TID 9)) 3.706ms
[181.352s][info][gc          ] Allocation Stall (Executor task launch worker for task 47.0 in stage 0.0 (TID 47)) 3.712ms
[181.352s][info][gc          ] Allocation Stall (Executor task launch worker for task 3.0 in stage 0.0 (TID 3)) 3.756ms
[181.353s][info][gc          ] Allocation Stall (Executor task launch worker for task 40.0 in stage 0.0 (TID 40)) 4.583ms
[181.353s][info][gc          ] Allocation Stall (Executor task launch worker for task 10.0 in stage 0.0 (TID 10)) 4.626ms
[181.353s][info][gc          ] Allocation Stall (Executor task launch worker for task 29.0 in stage 0.0 (TID 29)) 4.642ms
[181.353s][info][gc          ] Allocation Stall (Executor task launch worker for task 42.0 in stage 0.0 (TID 42)) 4.647ms
[181.353s][info][gc          ] Allocation Stall (Executor task launch worker for task 31.0 in stage 0.0 (TID 31)) 4.681ms
[181.353s][info][gc          ] Allocation Stall (Executor task launch worker for task 0.0 in stage 0.0 (TID 0)) 4.734ms
[181.353s][info][gc          ] Allocation Stall (Executor task launch worker for task 30.0 in stage 0.0 (TID 30)) 4.768ms
[181.353s][info][gc          ] Allocation Stall (Executor task launch worker for task 33.0 in stage 0.0 (TID 33)) 4.801ms
[181.353s][info][gc          ] Allocation Stall (Executor task launch worker for task 27.0 in stage 0.0 (TID 27)) 4.745ms
[181.353s][info][gc          ] Allocation Stall (Executor task launch worker for task 28.0 in stage 0.0 (TID 28)) 4.776ms
[181.353s][info][gc          ] Allocation Stall (Executor task launch worker for task 13.0 in stage 0.0 (TID 13)) 4.559ms
[181.353s][info][gc          ] Allocation Stall (Executor task launch worker for task 43.0 in stage 0.0 (TID 43)) 4.574ms
[181.353s][info][gc          ] Allocation Stall (Executor task launch worker for task 26.0 in stage 0.0 (TID 26)) 4.589ms
[181.353s][info][gc          ] Allocation Stall (Executor task launch worker for task 17.0 in stage 0.0 (TID 17)) 4.624ms
[181.353s][info][gc          ] Allocation Stall (Executor task launch worker for task 5.0 in stage 0.0 (TID 5)) 4.489ms
[181.353s][info][gc          ] Allocation Stall (Executor task launch worker for task 24.0 in stage 0.0 (TID 24)) 3.610ms
[181.353s][info][gc          ] Allocation Stall (Executor task launch worker for task 2.0 in stage 0.0 (TID 2)) 3.585ms
[181.354s][info][gc          ] Allocation Stall (Executor task launch worker for task 32.0 in stage 0.0 (TID 32)) 3.596ms
[181.354s][info][gc          ] Allocation Stall (Executor task launch worker for task 25.0 in stage 0.0 (TID 25)) 3.637ms
[181.363s][info][gc          ] Allocation Stall (Executor task launch worker for task 18.0 in stage 0.0 (TID 18)) 6.165ms
[181.363s][info][gc          ] Allocation Stall (Executor task launch worker for task 46.0 in stage 0.0 (TID 46)) 12.679ms
[181.363s][info][gc          ] Allocation Stall (Executor task launch worker for task 3.0 in stage 0.0 (TID 3)) 6.039ms
[181.363s][info][gc          ] Allocation Stall (Executor task launch worker for task 34.0 in stage 0.0 (TID 34)) 12.740ms
[181.363s][info][gc          ] Allocation Stall (Executor task launch worker for task 4.0 in stage 0.0 (TID 4)) 12.758ms
[181.363s][info][gc          ] Allocation Stall (Executor task launch worker for task 19.0 in stage 0.0 (TID 19)) 12.705ms
[181.363s][info][gc          ] Allocation Stall (Executor task launch worker for task 7.0 in stage 0.0 (TID 7)) 5.883ms
[181.363s][info][gc          ] Allocation Stall (Executor task launch worker for task 47.0 in stage 0.0 (TID 47)) 5.868ms
[181.368s][info][gc          ] Allocation Stall (Executor task launch worker for task 36.0 in stage 0.0 (TID 36)) 11.526ms
[181.369s][info][gc          ] Allocation Stall (Executor task launch worker for task 14.0 in stage 0.0 (TID 14)) 12.023ms
[181.369s][info][gc          ] Allocation Stall (Executor task launch worker for task 41.0 in stage 0.0 (TID 41)) 11.563ms
[181.369s][info][gc          ] Allocation Stall (Executor task launch worker for task 9.0 in stage 0.0 (TID 9)) 11.546ms
[181.369s][info][gc          ] Allocation Stall (Executor task launch worker for task 37.0 in stage 0.0 (TID 37)) 8.186ms
[181.369s][info][gc          ] Allocation Stall (Executor task launch worker for task 5.0 in stage 0.0 (TID 5)) 7.797ms
[181.370s][info][gc          ] Allocation Stall (Executor task launch worker for task 2.0 in stage 0.0 (TID 2)) 5.124ms
[181.370s][info][gc          ] Allocation Stall (Executor task launch worker for task 45.0 in stage 0.0 (TID 45)) 4.805ms
[181.370s][info][gc          ] Allocation Stall (Executor task launch worker for task 0.0 in stage 0.0 (TID 0)) 4.811ms
[181.370s][info][gc          ] Allocation Stall (Executor task launch worker for task 8.0 in stage 0.0 (TID 8)) 4.734ms
[181.370s][info][gc          ] Allocation Stall (Executor task launch worker for task 30.0 in stage 0.0 (TID 30)) 4.544ms
[181.370s][info][gc          ] Allocation Stall (Executor task launch worker for task 17.0 in stage 0.0 (TID 17)) 4.075ms
[181.370s][info][gc          ] Allocation Stall (Executor task launch worker for task 13.0 in stage 0.0 (TID 13)) 3.901ms
[181.370s][info][gc          ] Allocation Stall (Executor task launch worker for task 25.0 in stage 0.0 (TID 25)) 3.932ms
[181.370s][info][gc          ] Allocation Stall (Executor task launch worker for task 31.0 in stage 0.0 (TID 31)) 3.900ms
[181.370s][info][gc          ] Allocation Stall (Executor task launch worker for task 27.0 in stage 0.0 (TID 27)) 3.792ms
[181.370s][info][gc          ] Allocation Stall (Executor task launch worker for task 39.0 in stage 0.0 (TID 39)) 3.809ms
[181.370s][info][gc          ] Allocation Stall (Executor task launch worker for task 24.0 in stage 0.0 (TID 24)) 3.625ms
[181.370s][info][gc          ] Allocation Stall (Executor task launch worker for task 32.0 in stage 0.0 (TID 32)) 3.650ms
[181.370s][info][gc          ] Allocation Stall (Executor task launch worker for task 21.0 in stage 0.0 (TID 21)) 3.433ms
[181.370s][info][gc          ] Allocation Stall (Executor task launch worker for task 33.0 in stage 0.0 (TID 33)) 3.374ms
[181.370s][info][gc          ] Allocation Stall (Executor task launch worker for task 26.0 in stage 0.0 (TID 26)) 3.345ms
[181.370s][info][gc          ] Allocation Stall (Executor task launch worker for task 15.0 in stage 0.0 (TID 15)) 3.307ms
[181.370s][info][gc          ] Allocation Stall (Executor task launch worker for task 12.0 in stage 0.0 (TID 12)) 3.291ms
[181.370s][info][gc          ] Allocation Stall (Executor task launch worker for task 40.0 in stage 0.0 (TID 40)) 3.271ms
[181.370s][info][gc          ] Allocation Stall (Executor task launch worker for task 6.0 in stage 0.0 (TID 6)) 3.207ms
[181.370s][info][gc          ] Allocation Stall (Executor task launch worker for task 16.0 in stage 0.0 (TID 16)) 3.252ms
[181.370s][info][gc          ] Allocation Stall (Executor task launch worker for task 28.0 in stage 0.0 (TID 28)) 3.246ms
[181.370s][info][gc          ] Allocation Stall (Executor task launch worker for task 43.0 in stage 0.0 (TID 43)) 3.246ms
[181.375s][info][gc          ] Allocation Stall (Executor task launch worker for task 23.0 in stage 0.0 (TID 23)) 7.377ms
[181.378s][info][gc          ] Allocation Stall (Executor task launch worker for task 3.0 in stage 0.0 (TID 3)) 3.905ms
[181.378s][info][gc          ] Allocation Stall (Executor task launch worker for task 46.0 in stage 0.0 (TID 46)) 3.002ms
[181.378s][info][gc          ] Allocation Stall (Executor task launch worker for task 42.0 in stage 0.0 (TID 42)) 10.993ms
[181.378s][info][gc          ] Allocation Stall (Executor task launch worker for task 39.0 in stage 0.0 (TID 39)) 2.792ms
[181.378s][info][gc          ] Allocation Stall (Executor task launch worker for task 38.0 in stage 0.0 (TID 38)) 3.855ms
[181.378s][info][gc          ] Allocation Stall (Executor task launch worker for task 0.0 in stage 0.0 (TID 0)) 2.623ms
[181.378s][info][gc          ] Allocation Stall (Executor task launch worker for task 27.0 in stage 0.0 (TID 27)) 2.548ms
[181.378s][info][gc          ] Allocation Stall (Executor task launch worker for task 13.0 in stage 0.0 (TID 13)) 2.478ms
[181.379s][info][gc          ] Allocation Stall (Executor task launch worker for task 5.0 in stage 0.0 (TID 5)) 2.692ms
[181.379s][info][gc          ] Allocation Stall (Executor task launch worker for task 15.0 in stage 0.0 (TID 15)) 2.369ms
[181.379s][info][gc          ] Allocation Stall (Executor task launch worker for task 34.0 in stage 0.0 (TID 34)) 2.363ms
[181.379s][info][gc          ] Allocation Stall (Executor task launch worker for task 10.0 in stage 0.0 (TID 10)) 2.366ms
[181.379s][info][gc          ] Allocation Stall (Executor task launch worker for task 32.0 in stage 0.0 (TID 32)) 2.186ms
[181.379s][info][gc          ] Allocation Stall (Executor task launch worker for task 11.0 in stage 0.0 (TID 11)) 2.182ms
[181.379s][info][gc          ] Allocation Stall (Executor task launch worker for task 19.0 in stage 0.0 (TID 19)) 2.152ms
[181.379s][info][gc          ] Allocation Stall (Executor task launch worker for task 8.0 in stage 0.0 (TID 8)) 2.174ms
[181.379s][info][gc          ] Allocation Stall (Executor task launch worker for task 35.0 in stage 0.0 (TID 35)) 2.181ms
[181.379s][info][gc          ] Allocation Stall (Executor task launch worker for task 12.0 in stage 0.0 (TID 12)) 2.203ms
[181.379s][info][gc          ] Allocation Stall (Executor task launch worker for task 7.0 in stage 0.0 (TID 7)) 2.146ms
[181.379s][info][gc          ] Allocation Stall (Executor task launch worker for task 33.0 in stage 0.0 (TID 33)) 2.161ms
[181.379s][info][gc          ] Allocation Stall (Executor task launch worker for task 45.0 in stage 0.0 (TID 45)) 2.120ms
[181.379s][info][gc          ] Allocation Stall (Executor task launch worker for task 21.0 in stage 0.0 (TID 21)) 2.146ms
[181.379s][info][gc          ] Allocation Stall (Executor task launch worker for task 24.0 in stage 0.0 (TID 24)) 2.158ms
[181.379s][info][gc          ] Allocation Stall (Executor task launch worker for task 17.0 in stage 0.0 (TID 17)) 2.168ms
[181.379s][info][gc          ] Allocation Stall (Executor task launch worker for task 30.0 in stage 0.0 (TID 30)) 2.196ms
[181.379s][info][gc          ] Allocation Stall (Executor task launch worker for task 26.0 in stage 0.0 (TID 26)) 2.194ms
[181.379s][info][gc          ] Allocation Stall (Executor task launch worker for task 29.0 in stage 0.0 (TID 29)) 2.155ms
[181.379s][info][gc          ] Allocation Stall (Executor task launch worker for task 31.0 in stage 0.0 (TID 31)) 2.166ms
[181.379s][info][gc          ] Allocation Stall (Executor task launch worker for task 6.0 in stage 0.0 (TID 6)) 2.167ms
[181.379s][info][gc          ] Allocation Stall (Executor task launch worker for task 4.0 in stage 0.0 (TID 4)) 2.218ms
[181.379s][info][gc          ] Allocation Stall (Executor task launch worker for task 2.0 in stage 0.0 (TID 2)) 2.250ms
[181.379s][info][gc          ] Allocation Stall (Executor task launch worker for task 22.0 in stage 0.0 (TID 22)) 2.236ms
[181.379s][info][gc          ] Allocation Stall (Executor task launch worker for task 28.0 in stage 0.0 (TID 28)) 2.239ms
[181.379s][info][gc          ] Allocation Stall (Executor task launch worker for task 1.0 in stage 0.0 (TID 1)) 2.150ms
[181.379s][info][gc          ] Allocation Stall (Executor task launch worker for task 20.0 in stage 0.0 (TID 20)) 1.915ms
[181.379s][info][gc          ] Allocation Stall (Executor task launch worker for task 18.0 in stage 0.0 (TID 18)) 1.936ms
[181.380s][info][gc          ] Allocation Stall (Executor task launch worker for task 43.0 in stage 0.0 (TID 43)) 1.664ms
[181.380s][info][gc          ] Allocation Stall (Executor task launch worker for task 23.0 in stage 0.0 (TID 23)) 1.426ms
[181.380s][info][gc          ] Allocation Stall (Executor task launch worker for task 9.0 in stage 0.0 (TID 9)) 1.391ms
[181.380s][info][gc          ] Allocation Stall (Executor task launch worker for task 44.0 in stage 0.0 (TID 44)) 1.367ms
[181.380s][info][gc          ] Allocation Stall (Executor task launch worker for task 40.0 in stage 0.0 (TID 40)) 1.427ms
[181.380s][info][gc          ] Allocation Stall (Executor task launch worker for task 41.0 in stage 0.0 (TID 41)) 1.343ms
[181.380s][info][gc          ] Allocation Stall (Executor task launch worker for task 16.0 in stage 0.0 (TID 16)) 1.875ms
[181.380s][info][gc          ] Allocation Stall (Executor task launch worker for task 47.0 in stage 0.0 (TID 47)) 1.989ms
[181.380s][info][gc          ] Allocation Stall (Executor task launch worker for task 14.0 in stage 0.0 (TID 14)) 1.348ms
[181.380s][info][gc,phases   ] GC(33) Concurrent Relocate 39.178ms
[181.380s][info][gc          ] Allocation Stall (Executor task launch worker for task 25.0 in stage 0.0 (TID 25)) 1.795ms
[181.380s][info][gc          ] Allocation Stall (Executor task launch worker for task 36.0 in stage 0.0 (TID 36)) 1.591ms
[181.380s][info][gc          ] Allocation Stall (Executor task launch worker for task 37.0 in stage 0.0 (TID 37)) 1.608ms
[181.380s][info][gc,load     ] GC(33) Load: 0.00/0.00/0.00
[181.380s][info][gc,mmu      ] GC(33) MMU: 2ms/97.3%, 5ms/98.9%, 10ms/99.5%, 20ms/99.7%, 50ms/99.9%, 100ms/99.9%
[181.380s][info][gc,marking  ] GC(33) Mark: 4 stripe(s), 2 proactive flush(es), 1 terminate flush(es), 0 completion(s), 0 continuation(s) 
[181.380s][info][gc,marking  ] GC(33) Mark Stack Usage: 32M
[181.380s][info][gc,nmethod  ] GC(33) NMethods: 756 registered, 22 unregistered
[181.380s][info][gc,metaspace] GC(33) Metaspace: 107M used, 116M committed, 1152M reserved
[181.380s][info][gc,ref      ] GC(33) Soft: 2799 encountered, 2259 discovered, 0 enqueued
[181.380s][info][gc,ref      ] GC(33) Weak: 12954 encountered, 4493 discovered, 0 enqueued
[181.380s][info][gc,ref      ] GC(33) Final: 40 encountered, 0 discovered, 0 enqueued
[181.380s][info][gc,ref      ] GC(33) Phantom: 750 encountered, 694 discovered, 0 enqueued
[181.380s][info][gc,reloc    ] GC(33) Small Pages: 131 / 262M, Empty: 138M, Relocated: 3M, In-Place: 0
[181.380s][info][gc,reloc    ] GC(33) Medium Pages: 2 / 32M, Empty: 0M, Relocated: 8M, In-Place: 0
[181.380s][info][gc,reloc    ] GC(33) Large Pages: 48 / 216M, Empty: 4M, Relocated: 0M, In-Place: 0
[181.380s][info][gc,reloc    ] GC(33) Forwarding Usage: 1M
[181.380s][info][gc,heap     ] GC(33) Min Capacity: 8M(2%)
[181.380s][info][gc,heap     ] GC(33) Max Capacity: 512M(100%)
[181.380s][info][gc,heap     ] GC(33) Soft Max Capacity: 512M(100%)
[181.380s][info][gc,heap     ] GC(33)                Mark Start          Mark End        Relocate Start      Relocate End           High               Low         
[181.380s][info][gc,heap     ] GC(33)  Capacity:      512M (100%)        512M (100%)        512M (100%)        512M (100%)        512M (100%)        512M (100%)   
[181.380s][info][gc,heap     ] GC(33)      Free:        0M (0%)            0M (0%)          114M (22%)           0M (0%)          128M (25%)           0M (0%)     
[181.380s][info][gc,heap     ] GC(33)      Used:      512M (100%)        512M (100%)        398M (78%)         512M (100%)        512M (100%)        384M (75%)    
[181.380s][info][gc,heap     ] GC(33)      Live:         -               277M (54%)         277M (54%)         277M (54%)            -                  -          
[181.380s][info][gc,heap     ] GC(33) Allocated:         -                 0M (0%)           28M (5%)          204M (40%)            -                  -          
[181.380s][info][gc,heap     ] GC(33)   Garbage:         -               234M (46%)          92M (18%)          29M (6%)             -                  -          
[181.381s][info][gc,heap     ] GC(33) Reclaimed:         -                  -               142M (28%)         204M (40%)            -                  -          
[181.381s][info][gc          ] GC(33) Garbage Collection (Allocation Stall) 512M(100%)->512M(100%)
[181.385s][info][gc,start    ] GC(34) Garbage Collection (Allocation Stall)
[181.385s][info][gc,ref      ] GC(34) Clearing All SoftReferences
[181.385s][info][gc,task     ] GC(34) Using 5 workers
[181.395s][info][gc,ref      ] GC(34) Clearing All SoftReferences
[181.395s][info][gc,phases   ] GC(34) Pause Mark Start 0.037ms
[181.395s][info][gc          ] Allocation Stall (Executor task launch worker for task 46.0 in stage 0.0 (TID 46)) 10.156ms
[181.442s][info][gc,phases   ] GC(34) Concurrent Mark 46.422ms
[181.442s][info][gc,phases   ] GC(34) Pause Mark End 0.015ms
[181.442s][info][gc,phases   ] GC(34) Concurrent Mark Free 0.001ms
[181.443s][info][gc,phases   ] GC(34) Concurrent Process Non-Strong References 1.094ms
[181.443s][info][gc,phases   ] GC(34) Concurrent Reset Relocation Set 0.005ms
[181.443s][info][gc          ] Allocation Stall (Executor task launch worker for task 12.0 in stage 0.0 (TID 12)) 40.366ms
[181.443s][info][gc          ] Allocation Stall (Executor task launch worker for task 33.0 in stage 0.0 (TID 33)) 40.398ms
[181.443s][info][gc          ] Allocation Stall (Executor task launch worker for task 40.0 in stage 0.0 (TID 40)) 47.728ms
[181.443s][info][gc          ] Allocation Stall (Executor task launch worker for task 27.0 in stage 0.0 (TID 27)) 40.582ms
[181.443s][info][gc          ] Allocation Stall (Executor task launch worker for task 22.0 in stage 0.0 (TID 22)) 41.390ms
[181.443s][info][gc          ] Allocation Stall (Executor task launch worker for task 17.0 in stage 0.0 (TID 17)) 40.735ms
[181.443s][info][gc          ] Allocation Stall (Executor task launch worker for task 42.0 in stage 0.0 (TID 42)) 41.356ms
[181.443s][info][gc          ] Allocation Stall (Executor task launch worker for task 11.0 in stage 0.0 (TID 11)) 40.198ms
[181.443s][info][gc          ] Allocation Stall (Executor task launch worker for task 34.0 in stage 0.0 (TID 34)) 40.198ms
[181.443s][info][gc          ] Allocation Stall (Executor task launch worker for task 2.0 in stage 0.0 (TID 2)) 39.794ms
[181.443s][info][gc          ] Allocation Stall (Executor task launch worker for task 24.0 in stage 0.0 (TID 24)) 40.457ms
[181.443s][info][gc          ] Allocation Stall (Executor task launch worker for task 32.0 in stage 0.0 (TID 32)) 40.279ms
[181.443s][info][gc          ] Allocation Stall (Executor task launch worker for task 20.0 in stage 0.0 (TID 20)) 39.699ms
[181.443s][info][gc          ] Allocation Stall (Executor task launch worker for task 23.0 in stage 0.0 (TID 23)) 40.200ms
[181.443s][info][gc          ] Allocation Stall (Executor task launch worker for task 35.0 in stage 0.0 (TID 35)) 48.076ms
[181.443s][info][gc          ] Allocation Stall (Executor task launch worker for task 38.0 in stage 0.0 (TID 38)) 40.333ms
[181.443s][info][gc          ] Allocation Stall (Executor task launch worker for task 47.0 in stage 0.0 (TID 47)) 41.089ms
[181.443s][info][gc          ] Allocation Stall (Executor task launch worker for task 46.0 in stage 0.0 (TID 46)) 34.249ms
[181.443s][info][gc          ] Allocation Stall (Executor task launch worker for task 29.0 in stage 0.0 (TID 29)) 48.051ms
[181.443s][info][gc          ] Allocation Stall (Executor task launch worker for task 15.0 in stage 0.0 (TID 15)) 40.340ms
[181.443s][info][gc          ] Allocation Stall (Executor task launch worker for task 13.0 in stage 0.0 (TID 13)) 39.931ms
[181.443s][info][gc          ] Allocation Stall (Executor task launch worker for task 31.0 in stage 0.0 (TID 31)) 39.989ms
[181.443s][info][gc          ] Allocation Stall (Executor task launch worker for task 7.0 in stage 0.0 (TID 7)) 39.600ms
[181.443s][info][gc          ] Allocation Stall (driver-heartbeater) 47.763ms
[181.443s][info][gc          ] Allocation Stall (Spark Context Cleaner) 47.791ms
[181.443s][info][gc          ] Allocation Stall (Executor task launch worker for task 37.0 in stage 0.0 (TID 37)) 39.906ms
[181.443s][info][gc          ] Allocation Stall (Executor task launch worker for task 3.0 in stage 0.0 (TID 3)) 41.055ms
[181.443s][info][gc          ] Allocation Stall (Executor task launch worker for task 6.0 in stage 0.0 (TID 6)) 47.930ms
[181.443s][info][gc          ] Allocation Stall (Executor task launch worker for task 43.0 in stage 0.0 (TID 43)) 47.855ms
[181.443s][info][gc          ] Allocation Stall (Executor task launch worker for task 19.0 in stage 0.0 (TID 19)) 41.106ms
[181.443s][info][gc          ] Allocation Stall (Executor task launch worker for task 28.0 in stage 0.0 (TID 28)) 39.736ms
[181.443s][info][gc          ] Allocation Stall (Executor task launch worker for task 41.0 in stage 0.0 (TID 41)) 48.077ms
[181.443s][info][gc          ] Allocation Stall (Executor task launch worker for task 4.0 in stage 0.0 (TID 4)) 40.831ms
[181.443s][info][gc          ] Allocation Stall (Executor task launch worker for task 18.0 in stage 0.0 (TID 18)) 41.220ms
[181.443s][info][gc          ] Allocation Stall (Executor task launch worker for task 14.0 in stage 0.0 (TID 14)) 39.846ms
[181.443s][info][gc          ] Allocation Stall (Executor task launch worker for task 44.0 in stage 0.0 (TID 44)) 47.988ms
[181.443s][info][gc          ] Allocation Stall (Executor task launch worker for task 25.0 in stage 0.0 (TID 25)) 39.827ms
[181.443s][info][gc          ] Allocation Stall (Executor task launch worker for task 0.0 in stage 0.0 (TID 0)) 47.889ms
[181.443s][info][gc          ] Allocation Stall (Executor task launch worker for task 9.0 in stage 0.0 (TID 9)) 47.806ms
[181.443s][info][gc          ] Allocation Stall (Executor task launch worker for task 16.0 in stage 0.0 (TID 16)) 48.096ms
[181.443s][info][gc          ] Allocation Stall (Executor task launch worker for task 45.0 in stage 0.0 (TID 45)) 48.192ms
[181.443s][info][gc          ] Allocation Stall (Executor task launch worker for task 30.0 in stage 0.0 (TID 30)) 48.158ms
[181.443s][info][gc          ] Allocation Stall (Executor task launch worker for task 39.0 in stage 0.0 (TID 39)) 48.170ms
[181.443s][info][gc          ] Allocation Stall (Executor task launch worker for task 36.0 in stage 0.0 (TID 36)) 42.194ms
[181.443s][info][gc          ] Allocation Stall (Executor task launch worker for task 8.0 in stage 0.0 (TID 8)) 48.179ms
[181.443s][info][gc          ] Allocation Stall (Executor task launch worker for task 1.0 in stage 0.0 (TID 1)) 42.220ms
[181.443s][info][gc          ] Allocation Stall (Executor task launch worker for task 5.0 in stage 0.0 (TID 5)) 42.355ms
[181.443s][info][gc          ] Allocation Stall (Executor task launch worker for task 21.0 in stage 0.0 (TID 21)) 41.607ms
[181.443s][info][gc          ] Allocation Stall (Executor task launch worker for task 26.0 in stage 0.0 (TID 26)) 42.522ms
[181.443s][info][gc          ] Allocation Stall (Executor task launch worker for task 10.0 in stage 0.0 (TID 10)) 48.211ms
[181.458s][info][gc,phases   ] GC(34) Concurrent Select Relocation Set 14.920ms
[181.459s][info][gc,phases   ] GC(34) Pause Relocate Start 0.007ms
[181.463s][info][gc          ] Allocation Stall (Executor task launch worker for task 36.0 in stage 0.0 (TID 36)) 0.309ms
[181.463s][info][gc          ] Allocation Stall (Executor task launch worker for task 39.0 in stage 0.0 (TID 39)) 0.429ms
[181.463s][info][gc          ] Allocation Stall (Executor task launch worker for task 43.0 in stage 0.0 (TID 43)) 0.300ms
[181.463s][info][gc          ] Allocation Stall (Executor task launch worker for task 4.0 in stage 0.0 (TID 4)) 0.298ms
[181.463s][info][gc          ] Allocation Stall (Executor task launch worker for task 13.0 in stage 0.0 (TID 13)) 0.295ms
[181.463s][info][gc          ] Relocation Stall (Executor task launch worker for task 35.0 in stage 0.0 (TID 35)) 0.198ms
[181.463s][info][gc          ] Allocation Stall (Executor task launch worker for task 41.0 in stage 0.0 (TID 41)) 0.296ms
[181.463s][info][gc          ] Relocation Stall (Executor task launch worker for task 46.0 in stage 0.0 (TID 46)) 0.220ms
[181.463s][info][gc          ] Allocation Stall (Executor task launch worker for task 7.0 in stage 0.0 (TID 7)) 0.387ms
[181.463s][info][gc          ] Allocation Stall (Executor task launch worker for task 30.0 in stage 0.0 (TID 30)) 0.372ms
[181.463s][info][gc          ] Allocation Stall (Executor task launch worker for task 8.0 in stage 0.0 (TID 8)) 0.378ms
[181.463s][info][gc          ] Allocation Stall (Executor task launch worker for task 40.0 in stage 0.0 (TID 40)) 0.413ms
[181.464s][info][gc          ] Allocation Stall (Executor task launch worker for task 22.0 in stage 0.0 (TID 22)) 0.446ms
[181.464s][info][gc          ] Allocation Stall (Executor task launch worker for task 45.0 in stage 0.0 (TID 45)) 0.449ms
[181.464s][info][gc          ] Allocation Stall (Executor task launch worker for task 24.0 in stage 0.0 (TID 24)) 0.429ms
[181.464s][info][gc          ] Allocation Stall (Executor task launch worker for task 20.0 in stage 0.0 (TID 20)) 0.458ms
[181.464s][info][gc          ] Allocation Stall (Executor task launch worker for task 25.0 in stage 0.0 (TID 25)) 0.474ms
[181.464s][info][gc          ] Allocation Stall (Executor task launch worker for task 1.0 in stage 0.0 (TID 1)) 0.513ms
[181.464s][info][gc          ] Allocation Stall (Executor task launch worker for task 16.0 in stage 0.0 (TID 16)) 0.642ms
[181.464s][info][gc          ] Allocation Stall (Executor task launch worker for task 0.0 in stage 0.0 (TID 0)) 0.605ms
[181.464s][info][gc          ] Allocation Stall (Executor task launch worker for task 14.0 in stage 0.0 (TID 14)) 0.600ms
[181.464s][info][gc          ] Allocation Stall (Executor task launch worker for task 37.0 in stage 0.0 (TID 37)) 0.608ms
[181.464s][info][gc          ] Allocation Stall (Executor task launch worker for task 42.0 in stage 0.0 (TID 42)) 0.617ms
[181.464s][info][gc          ] Allocation Stall (Executor task launch worker for task 34.0 in stage 0.0 (TID 34)) 0.640ms
[181.464s][info][gc          ] Allocation Stall (Executor task launch worker for task 31.0 in stage 0.0 (TID 31)) 0.675ms
[181.464s][info][gc          ] Allocation Stall (Executor task launch worker for task 23.0 in stage 0.0 (TID 23)) 0.748ms
[181.464s][info][gc          ] Allocation Stall (Executor task launch worker for task 21.0 in stage 0.0 (TID 21)) 0.799ms
[181.464s][info][gc          ] Allocation Stall (Executor task launch worker for task 3.0 in stage 0.0 (TID 3)) 0.882ms
[181.464s][info][gc          ] Allocation Stall (Executor task launch worker for task 27.0 in stage 0.0 (TID 27)) 0.882ms
[181.464s][info][gc          ] Allocation Stall (Executor task launch worker for task 6.0 in stage 0.0 (TID 6)) 0.922ms
[181.464s][info][gc          ] Allocation Stall (Executor task launch worker for task 12.0 in stage 0.0 (TID 12)) 0.935ms
[181.464s][info][gc          ] Allocation Stall (Executor task launch worker for task 32.0 in stage 0.0 (TID 32)) 0.780ms
[181.464s][info][gc          ] Allocation Stall (Executor task launch worker for task 9.0 in stage 0.0 (TID 9)) 0.433ms
[181.464s][info][gc          ] Allocation Stall (Executor task launch worker for task 36.0 in stage 0.0 (TID 36)) 0.447ms
[181.464s][info][gc          ] Allocation Stall (Executor task launch worker for task 13.0 in stage 0.0 (TID 13)) 0.530ms
[181.464s][info][gc          ] Allocation Stall (Executor task launch worker for task 35.0 in stage 0.0 (TID 35)) 0.415ms
[181.465s][info][gc          ] Allocation Stall (Executor task launch worker for task 43.0 in stage 0.0 (TID 43)) 0.442ms
[181.465s][info][gc          ] Allocation Stall (Executor task launch worker for task 7.0 in stage 0.0 (TID 7)) 0.568ms
[181.465s][info][gc          ] Allocation Stall (Executor task launch worker for task 15.0 in stage 0.0 (TID 15)) 0.583ms
[181.465s][info][gc          ] Allocation Stall (Executor task launch worker for task 41.0 in stage 0.0 (TID 41)) 0.389ms
[181.465s][info][gc          ] Allocation Stall (Executor task launch worker for task 25.0 in stage 0.0 (TID 25)) 0.463ms
[181.465s][info][gc          ] Allocation Stall (Executor task launch worker for task 40.0 in stage 0.0 (TID 40)) 0.335ms
[181.465s][info][gc          ] Allocation Stall (Executor task launch worker for task 45.0 in stage 0.0 (TID 45)) 0.411ms
[181.465s][info][gc          ] Allocation Stall (Executor task launch worker for task 37.0 in stage 0.0 (TID 37)) 0.301ms
[181.465s][info][gc          ] Allocation Stall (Executor task launch worker for task 42.0 in stage 0.0 (TID 42)) 0.363ms
[181.465s][info][gc          ] Allocation Stall (Executor task launch worker for task 14.0 in stage 0.0 (TID 14)) 0.380ms
[181.465s][info][gc          ] Allocation Stall (Executor task launch worker for task 22.0 in stage 0.0 (TID 22)) 0.468ms
[181.465s][info][gc          ] Allocation Stall (Executor task launch worker for task 1.0 in stage 0.0 (TID 1)) 0.542ms
[181.465s][info][gc          ] Allocation Stall (Executor task launch worker for task 21.0 in stage 0.0 (TID 21)) 0.415ms
[181.465s][info][gc          ] Allocation Stall (Executor task launch worker for task 43.0 in stage 0.0 (TID 43)) 0.043ms
[181.474s][info][gc          ] Allocation Stall (Executor task launch worker for task 46.0 in stage 0.0 (TID 46)) 6.249ms
[181.474s][info][gc          ] Allocation Stall (Executor task launch worker for task 7.0 in stage 0.0 (TID 7)) 7.835ms
[181.474s][info][gc          ] Allocation Stall (Executor task launch worker for task 35.0 in stage 0.0 (TID 35)) 6.074ms
[181.474s][info][gc          ] Allocation Stall (Executor task launch worker for task 45.0 in stage 0.0 (TID 45)) 6.038ms
[181.474s][info][gc          ] Allocation Stall (Executor task launch worker for task 18.0 in stage 0.0 (TID 18)) 6.029ms
[181.475s][info][gc          ] Allocation Stall (Executor task launch worker for task 0.0 in stage 0.0 (TID 0)) 7.514ms
[181.475s][info][gc          ] Allocation Stall (Executor task launch worker for task 13.0 in stage 0.0 (TID 13)) 7.562ms
[181.475s][info][gc          ] Allocation Stall (Executor task launch worker for task 40.0 in stage 0.0 (TID 40)) 7.548ms
[181.475s][info][gc          ] Allocation Stall (Executor task launch worker for task 37.0 in stage 0.0 (TID 37)) 7.590ms
[181.475s][info][gc          ] Allocation Stall (Executor task launch worker for task 9.0 in stage 0.0 (TID 9)) 7.533ms
[181.475s][info][gc          ] Allocation Stall (Executor task launch worker for task 12.0 in stage 0.0 (TID 12)) 7.567ms
[181.475s][info][gc          ] Allocation Stall (Executor task launch worker for task 22.0 in stage 0.0 (TID 22)) 7.581ms
[181.476s][info][gc          ] Allocation Stall (Executor task launch worker for task 29.0 in stage 0.0 (TID 29)) 7.634ms
[181.476s][info][gc          ] Allocation Stall (Executor task launch worker for task 26.0 in stage 0.0 (TID 26)) 7.696ms
[181.476s][info][gc          ] Allocation Stall (Executor task launch worker for task 33.0 in stage 0.0 (TID 33)) 7.602ms
[181.476s][info][gc          ] Allocation Stall (Executor task launch worker for task 41.0 in stage 0.0 (TID 41)) 7.645ms
[181.476s][info][gc          ] Allocation Stall (Executor task launch worker for task 47.0 in stage 0.0 (TID 47)) 7.680ms
[181.476s][info][gc          ] Allocation Stall (Executor task launch worker for task 27.0 in stage 0.0 (TID 27)) 7.700ms
[181.476s][info][gc          ] Allocation Stall (Executor task launch worker for task 6.0 in stage 0.0 (TID 6)) 7.667ms
[181.476s][info][gc          ] Allocation Stall (Executor task launch worker for task 28.0 in stage 0.0 (TID 28)) 7.675ms
[181.476s][info][gc          ] Allocation Stall (Executor task launch worker for task 42.0 in stage 0.0 (TID 42)) 7.351ms
[181.476s][info][gc          ] Allocation Stall (Executor task launch worker for task 5.0 in stage 0.0 (TID 5)) 7.396ms
[181.476s][info][gc          ] Allocation Stall (Executor task launch worker for task 31.0 in stage 0.0 (TID 31)) 7.266ms
[181.476s][info][gc          ] Allocation Stall (Executor task launch worker for task 3.0 in stage 0.0 (TID 3)) 7.063ms
[181.476s][info][gc          ] Allocation Stall (Executor task launch worker for task 25.0 in stage 0.0 (TID 25)) 7.050ms
[181.476s][info][gc          ] Allocation Stall (Executor task launch worker for task 14.0 in stage 0.0 (TID 14)) 7.072ms
[181.476s][info][gc          ] Allocation Stall (Executor task launch worker for task 32.0 in stage 0.0 (TID 32)) 7.096ms
[181.476s][info][gc          ] Allocation Stall (Executor task launch worker for task 23.0 in stage 0.0 (TID 23)) 7.010ms
[181.476s][info][gc          ] Allocation Stall (Executor task launch worker for task 1.0 in stage 0.0 (TID 1)) 6.963ms
[181.476s][info][gc          ] Allocation Stall (Executor task launch worker for task 19.0 in stage 0.0 (TID 19)) 6.543ms
[181.477s][info][gc          ] Allocation Stall (Executor task launch worker for task 20.0 in stage 0.0 (TID 20)) 6.577ms
[181.477s][info][gc          ] Allocation Stall (Executor task launch worker for task 39.0 in stage 0.0 (TID 39)) 6.568ms
[181.477s][info][gc          ] Allocation Stall (Executor task launch worker for task 8.0 in stage 0.0 (TID 8)) 6.544ms
[181.477s][info][gc          ] Allocation Stall (Executor task launch worker for task 30.0 in stage 0.0 (TID 30)) 6.461ms
[181.488s][info][gc          ] Relocation Stall (Executor task launch worker for task 38.0 in stage 0.0 (TID 38)) 3.153ms
[181.489s][info][gc          ] Allocation Stall (Executor task launch worker for task 43.0 in stage 0.0 (TID 43)) 18.159ms
[181.489s][info][gc          ] Allocation Stall (Executor task launch worker for task 10.0 in stage 0.0 (TID 10)) 18.266ms
[181.489s][info][gc          ] Allocation Stall (Executor task launch worker for task 17.0 in stage 0.0 (TID 17)) 18.482ms
[181.489s][info][gc          ] Allocation Stall (Executor task launch worker for task 4.0 in stage 0.0 (TID 4)) 19.035ms
[181.489s][info][gc          ] Allocation Stall (Executor task launch worker for task 15.0 in stage 0.0 (TID 15)) 18.160ms
[181.489s][info][gc,phases   ] GC(34) Concurrent Relocate 26.209ms
[181.489s][info][gc          ] Allocation Stall (Executor task launch worker for task 36.0 in stage 0.0 (TID 36)) 18.711ms
[181.489s][info][gc          ] Allocation Stall (Executor task launch worker for task 16.0 in stage 0.0 (TID 16)) 18.708ms
[181.489s][info][gc          ] Allocation Stall (Executor task launch worker for task 24.0 in stage 0.0 (TID 24)) 18.542ms
[181.490s][info][gc,load     ] GC(34) Load: 0.00/0.00/0.00
[181.490s][info][gc,mmu      ] GC(34) MMU: 2ms/97.3%, 5ms/98.9%, 10ms/99.5%, 20ms/99.7%, 50ms/99.9%, 100ms/99.9%
[181.490s][info][gc,marking  ] GC(34) Mark: 4 stripe(s), 2 proactive flush(es), 1 terminate flush(es), 0 completion(s), 0 continuation(s) 
[181.490s][info][gc,marking  ] GC(34) Mark Stack Usage: 32M
[181.490s][info][gc,nmethod  ] GC(34) NMethods: 877 registered, 22 unregistered
[181.490s][info][gc,metaspace] GC(34) Metaspace: 107M used, 116M committed, 1152M reserved
[181.490s][info][gc,ref      ] GC(34) Soft: 2799 encountered, 2261 discovered, 0 enqueued
[181.490s][info][gc,ref      ] GC(34) Weak: 12954 encountered, 2890 discovered, 0 enqueued
[181.490s][info][gc,ref      ] GC(34) Final: 40 encountered, 0 discovered, 0 enqueued
[181.490s][info][gc,ref      ] GC(34) Phantom: 750 encountered, 588 discovered, 0 enqueued
[181.490s][info][gc,reloc    ] GC(34) Small Pages: 126 / 252M, Empty: 136M, Relocated: 3M, In-Place: 3
[181.490s][info][gc,reloc    ] GC(34) Medium Pages: 2 / 32M, Empty: 0M, Relocated: 8M, In-Place: 1
[181.490s][info][gc,reloc    ] GC(34) Large Pages: 47 / 212M, Empty: 4M, Relocated: 0M, In-Place: 0
[181.490s][info][gc,reloc    ] GC(34) Forwarding Usage: 1M
[181.490s][info][gc,heap     ] GC(34) Min Capacity: 8M(2%)
[181.490s][info][gc,heap     ] GC(34) Max Capacity: 512M(100%)
[181.490s][info][gc,heap     ] GC(34) Soft Max Capacity: 512M(100%)
[181.490s][info][gc,heap     ] GC(34)                Mark Start          Mark End        Relocate Start      Relocate End           High               Low         
[181.490s][info][gc,heap     ] GC(34)  Capacity:      512M (100%)        512M (100%)        512M (100%)        512M (100%)        512M (100%)        512M (100%)   
[181.490s][info][gc,heap     ] GC(34)      Free:        8M (2%)            0M (0%)           90M (18%)           0M (0%)          128M (25%)           0M (0%)     
[181.490s][info][gc,heap     ] GC(34)      Used:      504M (98%)         512M (100%)        422M (82%)         512M (100%)        512M (100%)        384M (75%)    
[181.490s][info][gc,heap     ] GC(34)      Live:         -               273M (53%)         273M (53%)         273M (53%)            -                  -          
[181.490s][info][gc,heap     ] GC(34) Allocated:         -                 8M (2%)           58M (11%)         203M (40%)            -                  -          
[181.490s][info][gc,heap     ] GC(34)   Garbage:         -               230M (45%)          90M (18%)          34M (7%)             -                  -          
[181.490s][info][gc,heap     ] GC(34) Reclaimed:         -                  -               140M (27%)         195M (38%)            -                  -          
[181.490s][info][gc          ] GC(34) Garbage Collection (Allocation Stall) 504M(98%)->512M(100%)
[181.490s][info][gc,start    ] GC(35) Garbage Collection (Allocation Stall)
[181.490s][info][gc,ref      ] GC(35) Clearing All SoftReferences
[181.490s][info][gc,task     ] GC(35) Using 5 workers
[181.490s][info][gc,ref      ] GC(35) Clearing All SoftReferences
[181.490s][info][gc,phases   ] GC(35) Pause Mark Start 0.036ms
[181.490s][info][gc          ] Allocation Stall (Executor task launch worker for task 18.0 in stage 0.0 (TID 18)) 9.293ms
[181.490s][info][gc          ] Allocation Stall (Executor task launch worker for task 34.0 in stage 0.0 (TID 34)) 18.996ms
[181.490s][info][gc          ] Allocation Stall (Executor task launch worker for task 21.0 in stage 0.0 (TID 21)) 19.256ms
[181.490s][info][gc          ] Allocation Stall (Executor task launch worker for task 30.0 in stage 0.0 (TID 30)) 9.386ms
[181.490s][info][gc          ] Allocation Stall (Executor task launch worker for task 40.0 in stage 0.0 (TID 40)) 7.968ms
[181.490s][info][gc          ] Allocation Stall (Executor task launch worker for task 13.0 in stage 0.0 (TID 13)) 8.404ms
[181.490s][info][gc          ] Allocation Stall (Executor task launch worker for task 35.0 in stage 0.0 (TID 35)) 7.801ms
[181.491s][info][gc          ] Allocation Stall (Executor task launch worker for task 0.0 in stage 0.0 (TID 0)) 7.560ms
[181.491s][info][gc          ] Allocation Stall (Executor task launch worker for task 22.0 in stage 0.0 (TID 22)) 7.487ms
[181.491s][info][gc          ] Allocation Stall (Executor task launch worker for task 46.0 in stage 0.0 (TID 46)) 7.503ms
[181.491s][info][gc          ] Allocation Stall (Executor task launch worker for task 9.0 in stage 0.0 (TID 9)) 7.524ms
[181.491s][info][gc          ] Allocation Stall (Executor task launch worker for task 45.0 in stage 0.0 (TID 45)) 7.435ms
[181.491s][info][gc          ] Allocation Stall (Executor task launch worker for task 37.0 in stage 0.0 (TID 37)) 7.393ms
[181.491s][info][gc          ] Allocation Stall (Executor task launch worker for task 28.0 in stage 0.0 (TID 28)) 7.327ms
[181.491s][info][gc          ] Allocation Stall (Executor task launch worker for task 29.0 in stage 0.0 (TID 29)) 7.304ms
[181.491s][info][gc          ] Allocation Stall (Executor task launch worker for task 12.0 in stage 0.0 (TID 12)) 7.072ms
[181.491s][info][gc          ] Allocation Stall (Executor task launch worker for task 5.0 in stage 0.0 (TID 5)) 7.091ms
[181.491s][info][gc          ] Allocation Stall (Executor task launch worker for task 47.0 in stage 0.0 (TID 47)) 7.116ms
[181.491s][info][gc          ] Allocation Stall (Executor task launch worker for task 8.0 in stage 0.0 (TID 8)) 6.920ms
[181.491s][info][gc          ] Allocation Stall (Executor task launch worker for task 41.0 in stage 0.0 (TID 41)) 6.873ms
[181.491s][info][gc          ] Allocation Stall (Executor task launch worker for task 6.0 in stage 0.0 (TID 6)) 6.847ms
[181.491s][info][gc          ] Allocation Stall (Executor task launch worker for task 26.0 in stage 0.0 (TID 26)) 6.775ms
[181.491s][info][gc          ] Allocation Stall (Executor task launch worker for task 1.0 in stage 0.0 (TID 1)) 6.779ms
[181.491s][info][gc          ] Allocation Stall (Executor task launch worker for task 3.0 in stage 0.0 (TID 3)) 6.683ms
[181.491s][info][gc          ] Allocation Stall (Executor task launch worker for task 23.0 in stage 0.0 (TID 23)) 6.434ms
[181.491s][info][gc          ] Allocation Stall (Executor task launch worker for task 25.0 in stage 0.0 (TID 25)) 6.457ms
[181.535s][info][gc,phases   ] GC(35) Concurrent Mark 45.015ms
[181.536s][info][gc,phases   ] GC(35) Pause Mark End 0.020ms
[181.536s][info][gc,phases   ] GC(35) Concurrent Mark Free 0.001ms
[181.537s][info][gc,phases   ] GC(35) Concurrent Process Non-Strong References 1.076ms
[181.537s][info][gc,phases   ] GC(35) Concurrent Reset Relocation Set 0.005ms
[181.540s][info][gc          ] Allocation Stall (Executor task launch worker for task 6.0 in stage 0.0 (TID 6)) 41.936ms
[181.540s][info][gc          ] Allocation Stall (Executor task launch worker for task 29.0 in stage 0.0 (TID 29)) 39.758ms
[181.540s][info][gc          ] Allocation Stall (Executor task launch worker for task 47.0 in stage 0.0 (TID 47)) 39.975ms
[181.540s][info][gc          ] Allocation Stall (Executor task launch worker for task 10.0 in stage 0.0 (TID 10)) 49.639ms
[181.540s][info][gc          ] Allocation Stall (Executor task launch worker for task 3.0 in stage 0.0 (TID 3)) 39.872ms
[181.540s][info][gc          ] Allocation Stall (Executor task launch worker for task 26.0 in stage 0.0 (TID 26)) 40.250ms
[181.540s][info][gc          ] Allocation Stall (Executor task launch worker for task 31.0 in stage 0.0 (TID 31)) 54.801ms
[181.540s][info][gc          ] Allocation Stall (Executor task launch worker for task 40.0 in stage 0.0 (TID 40)) 42.539ms
[181.540s][info][gc          ] Allocation Stall (Executor task launch worker for task 43.0 in stage 0.0 (TID 43)) 49.673ms
[181.540s][info][gc          ] Allocation Stall (Executor task launch worker for task 24.0 in stage 0.0 (TID 24)) 49.691ms
[181.540s][info][gc          ] Allocation Stall (Executor task launch worker for task 41.0 in stage 0.0 (TID 41)) 40.749ms
[181.540s][info][gc          ] Allocation Stall (Executor task launch worker for task 20.0 in stage 0.0 (TID 20)) 54.773ms
[181.540s][info][gc          ] Allocation Stall (Executor task launch worker for task 1.0 in stage 0.0 (TID 1)) 41.219ms
[181.540s][info][gc          ] Allocation Stall (Executor task launch worker for task 35.0 in stage 0.0 (TID 35)) 40.169ms
[181.540s][info][gc          ] Allocation Stall (Executor task launch worker for task 15.0 in stage 0.0 (TID 15)) 49.706ms
[181.540s][info][gc          ] Allocation Stall (Executor task launch worker for task 25.0 in stage 0.0 (TID 25)) 40.167ms
[181.540s][info][gc          ] Allocation Stall (Executor task launch worker for task 23.0 in stage 0.0 (TID 23)) 42.510ms
[181.540s][info][gc          ] Allocation Stall (Executor task launch worker for task 27.0 in stage 0.0 (TID 27)) 54.851ms
[181.540s][info][gc          ] Allocation Stall (Executor task launch worker for task 17.0 in stage 0.0 (TID 17)) 49.721ms
[181.540s][info][gc          ] Allocation Stall (Executor task launch worker for task 18.0 in stage 0.0 (TID 18)) 39.874ms
[181.540s][info][gc          ] Allocation Stall (Executor task launch worker for task 37.0 in stage 0.0 (TID 37)) 39.857ms
[181.540s][info][gc          ] Allocation Stall (Executor task launch worker for task 0.0 in stage 0.0 (TID 0)) 40.130ms
[181.540s][info][gc          ] Allocation Stall (Executor task launch worker for task 11.0 in stage 0.0 (TID 11)) 53.101ms
[181.540s][info][gc          ] Allocation Stall (Executor task launch worker for task 39.0 in stage 0.0 (TID 39)) 54.686ms
[181.540s][info][gc          ] Allocation Stall (Executor task launch worker for task 46.0 in stage 0.0 (TID 46)) 39.861ms
[181.540s][info][gc          ] Allocation Stall (Executor task launch worker for task 12.0 in stage 0.0 (TID 12)) 40.259ms
[181.540s][info][gc          ] Allocation Stall (Executor task launch worker for task 13.0 in stage 0.0 (TID 13)) 40.340ms
[181.540s][info][gc          ] Allocation Stall (Executor task launch worker for task 28.0 in stage 0.0 (TID 28)) 39.907ms
[181.540s][info][gc          ] Allocation Stall (Executor task launch worker for task 19.0 in stage 0.0 (TID 19)) 54.815ms
[181.540s][info][gc          ] Allocation Stall (Executor task launch worker for task 34.0 in stage 0.0 (TID 34)) 40.473ms
[181.540s][info][gc          ] Allocation Stall (Executor task launch worker for task 4.0 in stage 0.0 (TID 4)) 49.782ms
[181.540s][info][gc          ] Allocation Stall (Executor task launch worker for task 21.0 in stage 0.0 (TID 21)) 40.387ms
[181.540s][info][gc          ] Allocation Stall (Executor task launch worker for task 8.0 in stage 0.0 (TID 8)) 40.604ms
[181.540s][info][gc          ] Allocation Stall (Executor task launch worker for task 44.0 in stage 0.0 (TID 44)) 52.586ms
[181.540s][info][gc          ] Allocation Stall (Executor task launch worker for task 32.0 in stage 0.0 (TID 32)) 55.236ms
[181.540s][info][gc          ] Allocation Stall (Executor task launch worker for task 14.0 in stage 0.0 (TID 14)) 54.793ms
[181.540s][info][gc          ] Allocation Stall (Executor task launch worker for task 33.0 in stage 0.0 (TID 33)) 55.255ms
[181.540s][info][gc          ] Allocation Stall (Executor task launch worker for task 22.0 in stage 0.0 (TID 22)) 41.098ms
[181.540s][info][gc          ] Allocation Stall (Executor task launch worker for task 5.0 in stage 0.0 (TID 5)) 40.345ms
[181.540s][info][gc          ] Allocation Stall (Executor task launch worker for task 30.0 in stage 0.0 (TID 30)) 43.006ms
[181.540s][info][gc          ] Allocation Stall (Executor task launch worker for task 38.0 in stage 0.0 (TID 38)) 50.925ms
[181.540s][info][gc          ] Allocation Stall (Executor task launch worker for task 36.0 in stage 0.0 (TID 36)) 49.794ms
[181.540s][info][gc          ] Allocation Stall (Executor task launch worker for task 16.0 in stage 0.0 (TID 16)) 49.795ms
[181.540s][info][gc          ] Allocation Stall (Executor task launch worker for task 42.0 in stage 0.0 (TID 42)) 55.140ms
[181.540s][info][gc,phases   ] GC(35) Concurrent Select Relocation Set 3.452ms
[181.540s][info][gc          ] Allocation Stall (Executor task launch worker for task 9.0 in stage 0.0 (TID 9)) 39.864ms
[181.540s][info][gc          ] Allocation Stall (Executor task launch worker for task 45.0 in stage 0.0 (TID 45)) 39.903ms
[181.540s][info][gc          ] Allocation Stall (Executor task launch worker for task 2.0 in stage 0.0 (TID 2)) 37.322ms
[181.540s][info][gc          ] Allocation Stall (Executor task launch worker for task 7.0 in stage 0.0 (TID 7)) 37.146ms
[181.551s][info][gc,phases   ] GC(35) Pause Relocate Start 0.009ms
[181.555s][info][gc          ] Allocation Stall (Executor task launch worker for task 29.0 in stage 0.0 (TID 29)) 0.091ms
[181.555s][info][gc          ] Allocation Stall (Executor task launch worker for task 1.0 in stage 0.0 (TID 1)) 0.261ms
[181.555s][info][gc          ] Allocation Stall (Executor task launch worker for task 21.0 in stage 0.0 (TID 21)) 0.022ms
[181.555s][info][gc          ] Allocation Stall (Executor task launch worker for task 0.0 in stage 0.0 (TID 0)) 0.058ms
[181.555s][info][gc          ] Allocation Stall (Executor task launch worker for task 31.0 in stage 0.0 (TID 31)) 0.027ms
[181.555s][info][gc          ] Allocation Stall (Executor task launch worker for task 34.0 in stage 0.0 (TID 34)) 0.041ms
[181.555s][info][gc          ] Allocation Stall (Executor task launch worker for task 16.0 in stage 0.0 (TID 16)) 0.150ms
[181.561s][info][gc          ] Allocation Stall (Executor task launch worker for task 4.0 in stage 0.0 (TID 4)) 1.083ms
[181.563s][info][gc          ] Relocation Stall (Executor task launch worker for task 1.0 in stage 0.0 (TID 1)) 3.022ms
[181.563s][info][gc          ] Allocation Stall (Executor task launch worker for task 16.0 in stage 0.0 (TID 16)) 3.278ms
[181.569s][info][gc          ] Allocation Stall (Executor task launch worker for task 10.0 in stage 0.0 (TID 10)) 8.952ms
[181.569s][info][gc          ] Allocation Stall (Executor task launch worker for task 32.0 in stage 0.0 (TID 32)) 8.937ms
[181.569s][info][gc          ] Allocation Stall (Executor task launch worker for task 23.0 in stage 0.0 (TID 23)) 9.010ms
[181.569s][info][gc          ] Allocation Stall (Executor task launch worker for task 12.0 in stage 0.0 (TID 12)) 9.007ms
[181.569s][info][gc          ] Allocation Stall (Executor task launch worker for task 26.0 in stage 0.0 (TID 26)) 8.947ms
[181.569s][info][gc          ] Allocation Stall (Executor task launch worker for task 41.0 in stage 0.0 (TID 41)) 8.970ms
[181.569s][info][gc          ] Allocation Stall (Executor task launch worker for task 40.0 in stage 0.0 (TID 40)) 9.049ms
[181.569s][info][gc          ] Allocation Stall (Executor task launch worker for task 22.0 in stage 0.0 (TID 22)) 8.930ms
[181.569s][info][gc          ] Allocation Stall (Executor task launch worker for task 13.0 in stage 0.0 (TID 13)) 9.755ms
[181.569s][info][gc          ] Allocation Stall (Executor task launch worker for task 47.0 in stage 0.0 (TID 47)) 9.749ms
[181.570s][info][gc          ] Allocation Stall (Executor task launch worker for task 37.0 in stage 0.0 (TID 37)) 9.827ms
[181.570s][info][gc          ] Allocation Stall (Executor task launch worker for task 34.0 in stage 0.0 (TID 34)) 9.897ms
[181.570s][info][gc          ] Allocation Stall (Executor task launch worker for task 42.0 in stage 0.0 (TID 42)) 9.975ms
[181.570s][info][gc          ] Allocation Stall (Executor task launch worker for task 17.0 in stage 0.0 (TID 17)) 10.001ms
[181.570s][info][gc          ] Allocation Stall (Executor task launch worker for task 6.0 in stage 0.0 (TID 6)) 9.985ms
[181.570s][info][gc          ] Allocation Stall (Executor task launch worker for task 30.0 in stage 0.0 (TID 30)) 10.015ms
[181.570s][info][gc          ] Allocation Stall (Executor task launch worker for task 0.0 in stage 0.0 (TID 0)) 10.095ms
[181.570s][info][gc          ] Allocation Stall (Executor task launch worker for task 14.0 in stage 0.0 (TID 14)) 10.058ms
[181.570s][info][gc          ] Allocation Stall (Executor task launch worker for task 27.0 in stage 0.0 (TID 27)) 9.581ms
[181.570s][info][gc          ] Allocation Stall (Executor task launch worker for task 18.0 in stage 0.0 (TID 18)) 8.287ms
[181.570s][info][gc          ] Allocation Stall (Executor task launch worker for task 21.0 in stage 0.0 (TID 21)) 7.463ms
[181.570s][info][gc          ] Allocation Stall (Executor task launch worker for task 35.0 in stage 0.0 (TID 35)) 6.857ms
[181.570s][info][gc          ] Allocation Stall (Executor task launch worker for task 1.0 in stage 0.0 (TID 1)) 6.869ms
[181.570s][info][gc          ] Allocation Stall (Executor task launch worker for task 16.0 in stage 0.0 (TID 16)) 6.782ms
[181.570s][info][gc          ] Allocation Stall (Executor task launch worker for task 36.0 in stage 0.0 (TID 36)) 6.697ms
[181.571s][info][gc          ] Allocation Stall (Executor task launch worker for task 4.0 in stage 0.0 (TID 4)) 6.627ms
[181.571s][info][gc          ] Allocation Stall (Executor task launch worker for task 5.0 in stage 0.0 (TID 5)) 5.833ms
[181.571s][info][gc          ] Allocation Stall (Executor task launch worker for task 31.0 in stage 0.0 (TID 31)) 5.861ms
[181.571s][info][gc          ] Allocation Stall (Executor task launch worker for task 15.0 in stage 0.0 (TID 15)) 5.891ms
[181.571s][info][gc          ] Allocation Stall (Executor task launch worker for task 19.0 in stage 0.0 (TID 19)) 6.277ms
[181.571s][info][gc          ] Allocation Stall (Executor task launch worker for task 20.0 in stage 0.0 (TID 20)) 6.339ms
[181.571s][info][gc          ] Allocation Stall (Executor task launch worker for task 43.0 in stage 0.0 (TID 43)) 6.387ms
[181.571s][info][gc          ] Allocation Stall (Executor task launch worker for task 24.0 in stage 0.0 (TID 24)) 6.444ms
[181.572s][info][gc          ] Allocation Stall (Executor task launch worker for task 29.0 in stage 0.0 (TID 29)) 6.385ms
[181.572s][info][gc          ] Allocation Stall (Executor task launch worker for task 7.0 in stage 0.0 (TID 7)) 6.300ms
[181.572s][info][gc          ] Allocation Stall (Executor task launch worker for task 25.0 in stage 0.0 (TID 25)) 6.356ms
[181.573s][info][gc          ] Allocation Stall (Executor task launch worker for task 28.0 in stage 0.0 (TID 28)) 6.816ms
[181.573s][info][gc          ] Allocation Stall (Executor task launch worker for task 2.0 in stage 0.0 (TID 2)) 6.851ms
[181.573s][info][gc          ] Allocation Stall (Executor task launch worker for task 38.0 in stage 0.0 (TID 38)) 6.935ms
[181.573s][info][gc          ] Allocation Stall (Executor task launch worker for task 8.0 in stage 0.0 (TID 8)) 6.942ms
[181.573s][info][gc          ] Allocation Stall (Executor task launch worker for task 45.0 in stage 0.0 (TID 45)) 6.992ms
[181.573s][info][gc          ] Allocation Stall (Executor task launch worker for task 46.0 in stage 0.0 (TID 46)) 7.061ms
[181.573s][info][gc          ] Allocation Stall (Executor task launch worker for task 39.0 in stage 0.0 (TID 39)) 7.070ms
[181.576s][info][gc          ] Allocation Stall (Executor task launch worker for task 3.0 in stage 0.0 (TID 3)) 9.923ms
[181.583s][info][gc          ] Allocation Stall (Executor task launch worker for task 5.0 in stage 0.0 (TID 5)) 1.168ms
[181.583s][info][gc          ] Allocation Stall (Executor task launch worker for task 4.0 in stage 0.0 (TID 4)) 1.130ms
[181.583s][info][gc,phases   ] GC(35) Concurrent Relocate 28.341ms
[181.583s][info][gc          ] Allocation Stall (Executor task launch worker for task 44.0 in stage 0.0 (TID 44)) 3.453ms
[181.583s][info][gc          ] Allocation Stall (Executor task launch worker for task 46.0 in stage 0.0 (TID 46)) 1.860ms
[181.583s][info][gc          ] Allocation Stall (Executor task launch worker for task 0.0 in stage 0.0 (TID 0)) 1.742ms
[181.583s][info][gc          ] Allocation Stall (Executor task launch worker for task 16.0 in stage 0.0 (TID 16)) 1.719ms
[181.583s][info][gc          ] Allocation Stall (Executor task launch worker for task 1.0 in stage 0.0 (TID 1)) 1.339ms
[181.583s][info][gc,load     ] GC(35) Load: 0.00/0.00/0.00
[181.583s][info][gc,mmu      ] GC(35) MMU: 2ms/97.3%, 5ms/98.9%, 10ms/99.5%, 20ms/99.7%, 50ms/99.9%, 100ms/99.9%
[181.583s][info][gc,marking  ] GC(35) Mark: 4 stripe(s), 2 proactive flush(es), 1 terminate flush(es), 0 completion(s), 0 continuation(s) 
[181.583s][info][gc,marking  ] GC(35) Mark Stack Usage: 32M
[181.583s][info][gc,nmethod  ] GC(35) NMethods: 882 registered, 22 unregistered
[181.583s][info][gc,metaspace] GC(35) Metaspace: 107M used, 116M committed, 1152M reserved
[181.583s][info][gc,ref      ] GC(35) Soft: 2801 encountered, 952 discovered, 2 enqueued
[181.583s][info][gc,ref      ] GC(35) Weak: 12955 encountered, 3565 discovered, 1 enqueued
[181.583s][info][gc,ref      ] GC(35) Final: 40 encountered, 0 discovered, 0 enqueued
[181.583s][info][gc,ref      ] GC(35) Phantom: 750 encountered, 695 discovered, 0 enqueued
[181.583s][info][gc,reloc    ] GC(35) Small Pages: 115 / 230M, Empty: 90M, Relocated: 3M, In-Place: 2
[181.583s][info][gc,reloc    ] GC(35) Medium Pages: 2 / 32M, Empty: 0M, Relocated: 6M, In-Place: 1
[181.583s][info][gc,reloc    ] GC(35) Large Pages: 50 / 236M, Empty: 4M, Relocated: 0M, In-Place: 0
[181.583s][info][gc,reloc    ] GC(35) Forwarding Usage: 1M
[181.583s][info][gc,heap     ] GC(35) Min Capacity: 8M(2%)
[181.583s][info][gc,heap     ] GC(35) Max Capacity: 512M(100%)
[181.583s][info][gc,heap     ] GC(35) Soft Max Capacity: 512M(100%)
[181.584s][info][gc,heap     ] GC(35)                Mark Start          Mark End        Relocate Start      Relocate End           High               Low         
[181.584s][info][gc,heap     ] GC(35)  Capacity:      512M (100%)        512M (100%)        512M (100%)        512M (100%)        512M (100%)        512M (100%)   
[181.584s][info][gc,heap     ] GC(35)      Free:        0M (0%)            0M (0%)           70M (14%)           0M (0%)           94M (18%)           0M (0%)     
[181.584s][info][gc,heap     ] GC(35)      Used:      512M (100%)        512M (100%)        442M (86%)         512M (100%)        512M (100%)        418M (82%)    
[181.584s][info][gc,heap     ] GC(35)      Live:         -               296M (58%)         296M (58%)         296M (58%)            -                  -          
[181.584s][info][gc,heap     ] GC(35) Allocated:         -                 0M (0%)           24M (5%)          173M (34%)            -                  -          
[181.584s][info][gc,heap     ] GC(35)   Garbage:         -               215M (42%)         121M (24%)          41M (8%)             -                  -          
[181.584s][info][gc,heap     ] GC(35) Reclaimed:         -                  -                94M (18%)         173M (34%)            -                  -          
[181.584s][info][gc          ] GC(35) Garbage Collection (Allocation Stall) 512M(100%)->512M(100%)
[181.584s][info][gc,start    ] GC(36) Garbage Collection (Allocation Stall)
[181.584s][info][gc,ref      ] GC(36) Clearing All SoftReferences
[181.584s][info][gc,task     ] GC(36) Using 5 workers
[181.585s][info][gc,ref      ] GC(36) Clearing All SoftReferences
[181.585s][info][gc,phases   ] GC(36) Pause Mark Start 0.044ms
[181.585s][info][gc          ] Allocation Stall (Executor task launch worker for task 10.0 in stage 0.0 (TID 10)) 2.909ms
[181.585s][info][gc          ] Allocation Stall (Executor task launch worker for task 27.0 in stage 0.0 (TID 27)) 2.960ms
[181.585s][info][gc          ] Allocation Stall (Executor task launch worker for task 22.0 in stage 0.0 (TID 22)) 2.968ms
[181.585s][info][gc          ] Allocation Stall (Executor task launch worker for task 7.0 in stage 0.0 (TID 7)) 2.748ms
[181.585s][info][gc          ] Allocation Stall (Executor task launch worker for task 40.0 in stage 0.0 (TID 40)) 2.889ms
[181.585s][info][gc          ] Allocation Stall (Executor task launch worker for task 26.0 in stage 0.0 (TID 26)) 2.150ms
[181.585s][info][gc          ] Allocation Stall (Executor task launch worker for task 32.0 in stage 0.0 (TID 32)) 2.165ms
[181.585s][info][gc          ] Allocation Stall (Executor task launch worker for task 18.0 in stage 0.0 (TID 18)) 2.181ms
[181.585s][info][gc          ] Allocation Stall (Executor task launch worker for task 38.0 in stage 0.0 (TID 38)) 2.217ms
[181.585s][info][gc          ] Allocation Stall (Executor task launch worker for task 25.0 in stage 0.0 (TID 25)) 2.277ms
[181.585s][info][gc          ] Allocation Stall (Executor task launch worker for task 39.0 in stage 0.0 (TID 39)) 2.311ms
[181.585s][info][gc          ] Allocation Stall (Executor task launch worker for task 24.0 in stage 0.0 (TID 24)) 2.139ms
[181.585s][info][gc          ] Allocation Stall (Executor task launch worker for task 8.0 in stage 0.0 (TID 8)) 2.009ms
[181.585s][info][gc          ] Allocation Stall (Executor task launch worker for task 2.0 in stage 0.0 (TID 2)) 1.997ms
[181.585s][info][gc          ] Allocation Stall (Executor task launch worker for task 43.0 in stage 0.0 (TID 43)) 1.720ms
[181.585s][info][gc          ] Allocation Stall (Executor task launch worker for task 19.0 in stage 0.0 (TID 19)) 1.643ms
[181.585s][info][gc          ] Allocation Stall (Executor task launch worker for task 44.0 in stage 0.0 (TID 44)) 1.575ms
[181.586s][info][gc          ] Allocation Stall (Executor task launch worker for task 35.0 in stage 0.0 (TID 35)) 1.484ms
[181.586s][info][gc          ] Allocation Stall (Executor task launch worker for task 31.0 in stage 0.0 (TID 31)) 0.787ms
[181.586s][info][gc          ] Allocation Stall (Executor task launch worker for task 3.0 in stage 0.0 (TID 3)) 0.821ms
[181.586s][info][gc          ] Allocation Stall (Executor task launch worker for task 11.0 in stage 0.0 (TID 11)) 0.856ms
[181.586s][info][gc          ] Allocation Stall (Executor task launch worker for task 14.0 in stage 0.0 (TID 14)) 0.891ms
[181.586s][info][gc          ] Allocation Stall (Executor task launch worker for task 15.0 in stage 0.0 (TID 15)) 0.957ms
[181.586s][info][gc          ] Allocation Stall (Executor task launch worker for task 21.0 in stage 0.0 (TID 21)) 1.020ms
[181.586s][info][gc          ] Allocation Stall (Executor task launch worker for task 36.0 in stage 0.0 (TID 36)) 1.087ms
[181.586s][info][gc          ] Allocation Stall (Executor task launch worker for task 17.0 in stage 0.0 (TID 17)) 1.136ms
[181.586s][info][gc          ] Allocation Stall (Executor task launch worker for task 42.0 in stage 0.0 (TID 42)) 1.187ms
[181.586s][info][gc          ] Allocation Stall (Executor task launch worker for task 23.0 in stage 0.0 (TID 23)) 1.238ms
[181.586s][info][gc          ] Allocation Stall (Executor task launch worker for task 6.0 in stage 0.0 (TID 6)) 1.287ms
[181.586s][info][gc          ] Allocation Stall (Executor task launch worker for task 13.0 in stage 0.0 (TID 13)) 1.331ms
[181.629s][info][gc,phases   ] GC(36) Concurrent Mark 44.454ms
[181.629s][info][gc,phases   ] GC(36) Pause Mark End 0.014ms
[181.629s][info][gc,phases   ] GC(36) Concurrent Mark Free 0.001ms
[181.630s][info][gc,phases   ] GC(36) Concurrent Process Non-Strong References 0.943ms
[181.630s][info][gc,phases   ] GC(36) Concurrent Reset Relocation Set 0.004ms
[181.634s][info][gc          ] Allocation Stall (Executor task launch worker for task 10.0 in stage 0.0 (TID 10)) 39.424ms
[181.634s][info][gc          ] Allocation Stall (Executor task launch worker for task 7.0 in stage 0.0 (TID 7)) 39.786ms
[181.634s][info][gc          ] Allocation Stall (Executor task launch worker for task 1.0 in stage 0.0 (TID 1)) 39.382ms
[181.634s][info][gc          ] Allocation Stall (Executor task launch worker for task 39.0 in stage 0.0 (TID 39)) 40.155ms
[181.634s][info][gc          ] Allocation Stall (Executor task launch worker for task 16.0 in stage 0.0 (TID 16)) 39.545ms
[181.634s][info][gc          ] Allocation Stall (Executor task launch worker for task 19.0 in stage 0.0 (TID 19)) 41.302ms
[181.634s][info][gc          ] Allocation Stall (Executor task launch worker for task 40.0 in stage 0.0 (TID 40)) 41.303ms
[181.634s][info][gc          ] Allocation Stall (Executor task launch worker for task 15.0 in stage 0.0 (TID 15)) 40.462ms
[181.634s][info][gc          ] Allocation Stall (Executor task launch worker for task 13.0 in stage 0.0 (TID 13)) 39.640ms
[181.634s][info][gc          ] Allocation Stall (Executor task launch worker for task 6.0 in stage 0.0 (TID 6)) 40.313ms
[181.634s][info][gc          ] Allocation Stall (Executor task launch worker for task 25.0 in stage 0.0 (TID 25)) 40.219ms
[181.634s][info][gc          ] Allocation Stall (Executor task launch worker for task 44.0 in stage 0.0 (TID 44)) 41.931ms
[181.634s][info][gc          ] Allocation Stall (Executor task launch worker for task 3.0 in stage 0.0 (TID 3)) 41.023ms
[181.634s][info][gc          ] Allocation Stall (Executor task launch worker for task 26.0 in stage 0.0 (TID 26)) 40.294ms
[181.634s][info][gc          ] Allocation Stall (Executor task launch worker for task 2.0 in stage 0.0 (TID 2)) 40.856ms
[181.634s][info][gc          ] Allocation Stall (Executor task launch worker for task 8.0 in stage 0.0 (TID 8)) 40.935ms
[181.634s][info][gc          ] Allocation Stall (Executor task launch worker for task 18.0 in stage 0.0 (TID 18)) 40.344ms
[181.634s][info][gc          ] Allocation Stall (Executor task launch worker for task 34.0 in stage 0.0 (TID 34)) 48.867ms
[181.634s][info][gc          ] Allocation Stall (Executor task launch worker for task 38.0 in stage 0.0 (TID 38)) 40.194ms
[181.634s][info][gc          ] Allocation Stall (Executor task launch worker for task 4.0 in stage 0.0 (TID 4)) 48.824ms
[181.634s][info][gc          ] Allocation Stall (Executor task launch worker for task 24.0 in stage 0.0 (TID 24)) 40.272ms
[181.634s][info][gc          ] Allocation Stall (Executor task launch worker for task 36.0 in stage 0.0 (TID 36)) 40.652ms
[181.634s][info][gc          ] Allocation Stall (Executor task launch worker for task 21.0 in stage 0.0 (TID 21)) 40.310ms
[181.634s][info][gc          ] Allocation Stall (Executor task launch worker for task 23.0 in stage 0.0 (TID 23)) 40.377ms
[181.634s][info][gc          ] Allocation Stall (Executor task launch worker for task 32.0 in stage 0.0 (TID 32)) 40.558ms
[181.634s][info][gc          ] Allocation Stall (Executor task launch worker for task 22.0 in stage 0.0 (TID 22)) 41.089ms
[181.634s][info][gc          ] Allocation Stall (Executor task launch worker for task 17.0 in stage 0.0 (TID 17)) 40.450ms
[181.634s][info][gc          ] Allocation Stall (Executor task launch worker for task 42.0 in stage 0.0 (TID 42)) 40.529ms
[181.634s][info][gc          ] Allocation Stall (Executor task launch worker for task 35.0 in stage 0.0 (TID 35)) 41.153ms
[181.634s][info][gc          ] Allocation Stall (Executor task launch worker for task 30.0 in stage 0.0 (TID 30)) 48.899ms
[181.634s][info][gc          ] Allocation Stall (Executor task launch worker for task 28.0 in stage 0.0 (TID 28)) 41.079ms
[181.634s][info][gc          ] Allocation Stall (Executor task launch worker for task 31.0 in stage 0.0 (TID 31)) 41.192ms
[181.634s][info][gc          ] Allocation Stall (Executor task launch worker for task 43.0 in stage 0.0 (TID 43)) 41.242ms
[181.634s][info][gc          ] Allocation Stall (Executor task launch worker for task 45.0 in stage 0.0 (TID 45)) 48.839ms
[181.634s][info][gc          ] Allocation Stall (Executor task launch worker for task 5.0 in stage 0.0 (TID 5)) 48.894ms
[181.634s][info][gc          ] Allocation Stall (Executor task launch worker for task 14.0 in stage 0.0 (TID 14)) 41.914ms
[181.634s][info][gc          ] Allocation Stall (Executor task launch worker for task 20.0 in stage 0.0 (TID 20)) 48.893ms
[181.634s][info][gc          ] Allocation Stall (Executor task launch worker for task 11.0 in stage 0.0 (TID 11)) 42.971ms
[181.634s][info][gc          ] Allocation Stall (Executor task launch worker for task 46.0 in stage 0.0 (TID 46)) 48.858ms
[181.634s][info][gc          ] Allocation Stall (Executor task launch worker for task 47.0 in stage 0.0 (TID 47)) 48.861ms
[181.634s][info][gc          ] Allocation Stall (Executor task launch worker for task 0.0 in stage 0.0 (TID 0)) 48.879ms
[181.634s][info][gc          ] Allocation Stall (Executor task launch worker for task 29.0 in stage 0.0 (TID 29)) 48.843ms
[181.634s][info][gc          ] Allocation Stall (Executor task launch worker for task 12.0 in stage 0.0 (TID 12)) 48.851ms
[181.634s][info][gc          ] Allocation Stall (Executor task launch worker for task 37.0 in stage 0.0 (TID 37)) 48.922ms
[181.634s][info][gc          ] Allocation Stall (Executor task launch worker for task 27.0 in stage 0.0 (TID 27)) 41.626ms
[181.634s][info][gc          ] Allocation Stall (Executor task launch worker for task 41.0 in stage 0.0 (TID 41)) 48.858ms
[181.634s][info][gc          ] Allocation Stall (Executor task launch worker for task 33.0 in stage 0.0 (TID 33)) 35.917ms
[181.634s][info][gc          ] Allocation Stall (Executor task launch worker for task 9.0 in stage 0.0 (TID 9)) 34.949ms
[181.647s][info][gc,phases   ] GC(36) Concurrent Select Relocation Set 16.467ms
[181.647s][info][gc,phases   ] GC(36) Pause Relocate Start 0.007ms
[181.651s][info][gc          ] Allocation Stall (Executor task launch worker for task 0.0 in stage 0.0 (TID 0)) 0.002ms
[181.652s][info][gc          ] Allocation Stall (Executor task launch worker for task 43.0 in stage 0.0 (TID 43)) 0.779ms
[181.654s][info][gc          ] Allocation Stall (Executor task launch worker for task 22.0 in stage 0.0 (TID 22)) 2.881ms
[181.659s][info][gc          ] Allocation Stall (Executor task launch worker for task 4.0 in stage 0.0 (TID 4)) 0.088ms
[181.664s][info][gc          ] Allocation Stall (Executor task launch worker for task 39.0 in stage 0.0 (TID 39)) 5.025ms
[181.664s][info][gc          ] Allocation Stall (Executor task launch worker for task 26.0 in stage 0.0 (TID 26)) 4.879ms
[181.664s][info][gc          ] Allocation Stall (Executor task launch worker for task 36.0 in stage 0.0 (TID 36)) 4.682ms
[181.664s][info][gc          ] Allocation Stall (Executor task launch worker for task 30.0 in stage 0.0 (TID 30)) 4.709ms
[181.664s][info][gc          ] Allocation Stall (Executor task launch worker for task 47.0 in stage 0.0 (TID 47)) 4.923ms
[181.664s][info][gc          ] Allocation Stall (Executor task launch worker for task 6.0 in stage 0.0 (TID 6)) 5.040ms
[181.664s][info][gc          ] Allocation Stall (Executor task launch worker for task 28.0 in stage 0.0 (TID 28)) 4.913ms
[181.664s][info][gc          ] Allocation Stall (Executor task launch worker for task 7.0 in stage 0.0 (TID 7)) 4.931ms
[181.664s][info][gc,phases   ] GC(36) Concurrent Relocate 12.481ms
[181.664s][info][gc          ] Allocation Stall (Executor task launch worker for task 17.0 in stage 0.0 (TID 17)) 4.873ms
[181.664s][info][gc          ] Allocation Stall (Executor task launch worker for task 5.0 in stage 0.0 (TID 5)) 4.868ms
[181.664s][info][gc,load     ] GC(36) Load: 0.00/0.00/0.00
[181.664s][info][gc          ] Allocation Stall (Executor task launch worker for task 38.0 in stage 0.0 (TID 38)) 4.974ms
[181.664s][info][gc          ] Allocation Stall (Executor task launch worker for task 19.0 in stage 0.0 (TID 19)) 4.995ms
[181.664s][info][gc,mmu      ] GC(36) MMU: 2ms/97.3%, 5ms/98.9%, 10ms/99.5%, 20ms/99.7%, 50ms/99.9%, 100ms/99.9%
[181.664s][info][gc          ] Allocation Stall (Executor task launch worker for task 13.0 in stage 0.0 (TID 13)) 5.024ms
[181.664s][info][gc          ] Allocation Stall (Executor task launch worker for task 4.0 in stage 0.0 (TID 4)) 4.996ms
[181.664s][info][gc          ] Allocation Stall (Executor task launch worker for task 24.0 in stage 0.0 (TID 24)) 5.007ms
[181.664s][info][gc,marking  ] GC(36) Mark: 4 stripe(s), 2 proactive flush(es), 1 terminate flush(es), 0 completion(s), 0 continuation(s) 
[181.664s][info][gc          ] Allocation Stall (Executor task launch worker for task 1.0 in stage 0.0 (TID 1)) 5.072ms
[181.664s][info][gc          ] Allocation Stall (Executor task launch worker for task 23.0 in stage 0.0 (TID 23)) 5.109ms
[181.664s][info][gc,marking  ] GC(36) Mark Stack Usage: 32M
[181.664s][info][gc          ] Allocation Stall (Executor task launch worker for task 15.0 in stage 0.0 (TID 15)) 5.107ms
[181.664s][info][gc          ] Allocation Stall (Executor task launch worker for task 43.0 in stage 0.0 (TID 43)) 5.131ms
[181.664s][info][gc          ] Allocation Stall (Executor task launch worker for task 45.0 in stage 0.0 (TID 45)) 5.140ms
[181.664s][info][gc,nmethod  ] GC(36) NMethods: 882 registered, 22 unregistered
[181.664s][info][gc          ] Allocation Stall (Executor task launch worker for task 40.0 in stage 0.0 (TID 40)) 5.194ms
[181.664s][info][gc          ] Allocation Stall (Executor task launch worker for task 31.0 in stage 0.0 (TID 31)) 5.221ms
[181.664s][info][gc,metaspace] GC(36) Metaspace: 107M used, 116M committed, 1152M reserved
[181.664s][info][gc          ] Allocation Stall (Executor task launch worker for task 34.0 in stage 0.0 (TID 34)) 5.318ms
[181.664s][info][gc          ] Allocation Stall (Executor task launch worker for task 42.0 in stage 0.0 (TID 42)) 5.323ms
[181.664s][info][gc,ref      ] GC(36) Soft: 2799 encountered, 2140 discovered, 0 enqueued
[181.664s][info][gc          ] Allocation Stall (Executor task launch worker for task 16.0 in stage 0.0 (TID 16)) 5.356ms
[181.665s][info][gc          ] Allocation Stall (Executor task launch worker for task 20.0 in stage 0.0 (TID 20)) 5.308ms
[181.665s][info][gc,ref      ] GC(36) Weak: 12954 encountered, 2892 discovered, 0 enqueued
[181.665s][info][gc          ] Allocation Stall (Executor task launch worker for task 46.0 in stage 0.0 (TID 46)) 5.329ms
[181.665s][info][gc          ] Allocation Stall (Executor task launch worker for task 22.0 in stage 0.0 (TID 22)) 5.344ms
[181.665s][info][gc,ref      ] GC(36) Final: 40 encountered, 0 discovered, 0 enqueued
[181.665s][info][gc          ] Allocation Stall (Executor task launch worker for task 29.0 in stage 0.0 (TID 29)) 5.360ms
[181.665s][info][gc,ref      ] GC(36) Phantom: 750 encountered, 547 discovered, 0 enqueued
[181.665s][info][gc          ] Allocation Stall (Executor task launch worker for task 37.0 in stage 0.0 (TID 37)) 5.446ms
[181.665s][info][gc,reloc    ] GC(36) Small Pages: 109 / 218M, Empty: 86M, Relocated: 3M, In-Place: 1
[181.665s][info][gc          ] Allocation Stall (Executor task launch worker for task 44.0 in stage 0.0 (TID 44)) 5.425ms
[181.665s][info][gc,reloc    ] GC(36) Medium Pages: 2 / 32M, Empty: 0M, Relocated: 4M, In-Place: 1
[181.665s][info][gc          ] Allocation Stall (Executor task launch worker for task 10.0 in stage 0.0 (TID 10)) 5.303ms
[181.665s][info][gc,reloc    ] GC(36) Large Pages: 52 / 252M, Empty: 8M, Relocated: 0M, In-Place: 0
[181.665s][info][gc          ] Allocation Stall (Executor task launch worker for task 27.0 in stage 0.0 (TID 27)) 5.214ms
[181.665s][info][gc,reloc    ] GC(36) Forwarding Usage: 1M
[181.665s][info][gc          ] Allocation Stall (Executor task launch worker for task 21.0 in stage 0.0 (TID 21)) 5.253ms
[181.665s][info][gc,heap     ] GC(36) Min Capacity: 8M(2%)
[181.665s][info][gc          ] Allocation Stall (Executor task launch worker for task 14.0 in stage 0.0 (TID 14)) 5.270ms
[181.665s][info][gc,heap     ] GC(36) Max Capacity: 512M(100%)
[181.665s][info][gc          ] Allocation Stall (Executor task launch worker for task 18.0 in stage 0.0 (TID 18)) 5.215ms
[181.665s][info][gc,heap     ] GC(36) Soft Max Capacity: 512M(100%)
[181.665s][info][gc,heap     ] GC(36)                Mark Start          Mark End        Relocate Start      Relocate End           High               Low         
[181.665s][info][gc,heap     ] GC(36)  Capacity:      512M (100%)        512M (100%)        512M (100%)        512M (100%)        512M (100%)        512M (100%)   
[181.665s][info][gc,heap     ] GC(36)      Free:        0M (0%)            0M (0%)           64M (13%)           0M (0%)           94M (18%)           0M (0%)     
[181.665s][info][gc,heap     ] GC(36)      Used:      512M (100%)        512M (100%)        448M (88%)         512M (100%)        512M (100%)        418M (82%)    
[181.665s][info][gc,heap     ] GC(36)      Live:         -               306M (60%)         306M (60%)         306M (60%)            -                  -          
[181.665s][info][gc,heap     ] GC(36) Allocated:         -                 0M (0%)           30M (6%)          167M (33%)            -                  -          
[181.665s][info][gc,heap     ] GC(36)   Garbage:         -               205M (40%)         111M (22%)          37M (7%)             -                  -          
[181.665s][info][gc,heap     ] GC(36) Reclaimed:         -                  -                94M (18%)         167M (33%)            -                  -          
[181.665s][info][gc          ] GC(36) Garbage Collection (Allocation Stall) 512M(100%)->512M(100%)
[181.665s][info][gc,start    ] GC(37) Garbage Collection (Allocation Stall)
[181.665s][info][gc,ref      ] GC(37) Clearing All SoftReferences
[181.666s][info][gc,task     ] GC(37) Using 5 workers
[181.666s][info][gc,ref      ] GC(37) Clearing All SoftReferences
[181.666s][info][gc,phases   ] GC(37) Pause Mark Start 0.036ms
[181.666s][info][gc          ] Allocation Stall (Spark Context Cleaner) 5.502ms
[181.666s][info][gc          ] Allocation Stall (Executor task launch worker for task 9.0 in stage 0.0 (TID 9)) 5.926ms
[181.666s][info][gc          ] Allocation Stall (Executor task launch worker for task 3.0 in stage 0.0 (TID 3)) 5.894ms
[181.707s][info][gc,phases   ] GC(37) Concurrent Mark 41.357ms
[181.707s][info][gc,phases   ] GC(37) Pause Mark End 0.012ms
[181.707s][info][gc,phases   ] GC(37) Concurrent Mark Free 0.001ms
[181.709s][info][gc,phases   ] GC(37) Concurrent Process Non-Strong References 1.142ms
[181.709s][info][gc,phases   ] GC(37) Concurrent Reset Relocation Set 0.006ms
[181.712s][info][gc          ] Allocation Stall (Executor task launch worker for task 3.0 in stage 0.0 (TID 3)) 41.955ms
[181.712s][info][gc          ] Allocation Stall (Executor task launch worker for task 36.0 in stage 0.0 (TID 36)) 46.184ms
[181.712s][info][gc          ] Allocation Stall (Executor task launch worker for task 47.0 in stage 0.0 (TID 47)) 42.363ms
[181.712s][info][gc          ] Allocation Stall (Executor task launch worker for task 20.0 in stage 0.0 (TID 20)) 46.032ms
[181.712s][info][gc          ] Allocation Stall (Executor task launch worker for task 13.0 in stage 0.0 (TID 13)) 43.013ms
[181.712s][info][gc          ] Allocation Stall (Executor task launch worker for task 28.0 in stage 0.0 (TID 28)) 42.041ms
[181.712s][info][gc          ] Allocation Stall (Executor task launch worker for task 21.0 in stage 0.0 (TID 21)) 46.100ms
[181.712s][info][gc          ] Allocation Stall (Executor task launch worker for task 5.0 in stage 0.0 (TID 5)) 46.045ms
[181.712s][info][gc          ] Allocation Stall (Executor task launch worker for task 46.0 in stage 0.0 (TID 46)) 43.603ms
[181.712s][info][gc          ] Allocation Stall (Executor task launch worker for task 34.0 in stage 0.0 (TID 34)) 43.615ms
[181.712s][info][gc          ] Allocation Stall (Executor task launch worker for task 43.0 in stage 0.0 (TID 43)) 42.507ms
[181.712s][info][gc          ] Allocation Stall (Executor task launch worker for task 6.0 in stage 0.0 (TID 6)) 45.817ms
[181.712s][info][gc          ] Allocation Stall (Executor task launch worker for task 12.0 in stage 0.0 (TID 12)) 50.604ms
[181.712s][info][gc          ] Allocation Stall (Executor task launch worker for task 45.0 in stage 0.0 (TID 45)) 42.679ms
[181.712s][info][gc          ] Allocation Stall (Executor task launch worker for task 4.0 in stage 0.0 (TID 4)) 42.400ms
[181.712s][info][gc          ] Allocation Stall (Executor task launch worker for task 42.0 in stage 0.0 (TID 42)) 41.964ms
[181.712s][info][gc          ] Allocation Stall (Executor task launch worker for task 38.0 in stage 0.0 (TID 38)) 46.233ms
[181.712s][info][gc          ] Allocation Stall (Executor task launch worker for task 18.0 in stage 0.0 (TID 18)) 42.431ms
[181.712s][info][gc          ] Allocation Stall (Executor task launch worker for task 37.0 in stage 0.0 (TID 37)) 42.865ms
[181.712s][info][gc          ] Allocation Stall (Executor task launch worker for task 9.0 in stage 0.0 (TID 9)) 41.926ms
[181.712s][info][gc          ] Allocation Stall (Executor task launch worker for task 29.0 in stage 0.0 (TID 29)) 46.011ms
[181.712s][info][gc          ] Allocation Stall (Executor task launch worker for task 44.0 in stage 0.0 (TID 44)) 42.335ms
[181.712s][info][gc          ] Allocation Stall (Executor task launch worker for task 41.0 in stage 0.0 (TID 41)) 50.822ms
[181.712s][info][gc          ] Allocation Stall (Executor task launch worker for task 8.0 in stage 0.0 (TID 8)) 50.781ms
[181.712s][info][gc          ] Allocation Stall (Executor task launch worker for task 7.0 in stage 0.0 (TID 7)) 41.973ms
[181.712s][info][gc          ] Allocation Stall (Executor task launch worker for task 1.0 in stage 0.0 (TID 1)) 46.147ms
[181.712s][info][gc          ] Allocation Stall (Executor task launch worker for task 31.0 in stage 0.0 (TID 31)) 41.945ms
[181.712s][info][gc          ] Allocation Stall (Executor task launch worker for task 27.0 in stage 0.0 (TID 27)) 43.423ms
[181.712s][info][gc          ] Allocation Stall (Executor task launch worker for task 24.0 in stage 0.0 (TID 24)) 46.150ms
[181.712s][info][gc          ] Allocation Stall (Executor task launch worker for task 23.0 in stage 0.0 (TID 23)) 43.174ms
[181.712s][info][gc          ] Allocation Stall (Executor task launch worker for task 22.0 in stage 0.0 (TID 22)) 46.159ms
[181.712s][info][gc          ] Allocation Stall (Executor task launch worker for task 15.0 in stage 0.0 (TID 15)) 42.786ms
[181.712s][info][gc          ] Allocation Stall (Executor task launch worker for task 16.0 in stage 0.0 (TID 16)) 42.061ms
[181.712s][info][gc          ] Allocation Stall (Executor task launch worker for task 11.0 in stage 0.0 (TID 11)) 48.982ms
[181.712s][info][gc          ] Allocation Stall (Executor task launch worker for task 40.0 in stage 0.0 (TID 40)) 43.872ms
[181.712s][info][gc          ] Allocation Stall (Executor task launch worker for task 10.0 in stage 0.0 (TID 10)) 41.991ms
[181.712s][info][gc          ] Allocation Stall (Executor task launch worker for task 33.0 in stage 0.0 (TID 33)) 50.898ms
[181.712s][info][gc          ] Allocation Stall (Executor task launch worker for task 25.0 in stage 0.0 (TID 25)) 50.886ms
[181.712s][info][gc          ] Allocation Stall (Executor task launch worker for task 2.0 in stage 0.0 (TID 2)) 50.987ms
[181.712s][info][gc          ] Allocation Stall (Executor task launch worker for task 17.0 in stage 0.0 (TID 17)) 46.212ms
[181.712s][info][gc          ] Allocation Stall (Executor task launch worker for task 19.0 in stage 0.0 (TID 19)) 41.971ms
[181.712s][info][gc          ] Allocation Stall (Executor task launch worker for task 35.0 in stage 0.0 (TID 35)) 51.688ms
[181.712s][info][gc          ] Allocation Stall (Executor task launch worker for task 14.0 in stage 0.0 (TID 14)) 46.287ms
[181.712s][info][gc          ] Allocation Stall (Executor task launch worker for task 0.0 in stage 0.0 (TID 0)) 50.803ms
[181.712s][info][gc          ] Allocation Stall (Executor task launch worker for task 39.0 in stage 0.0 (TID 39)) 46.070ms
[181.712s][info][gc          ] Allocation Stall (Executor task launch worker for task 26.0 in stage 0.0 (TID 26)) 46.160ms
[181.712s][info][gc          ] Allocation Stall (Executor task launch worker for task 30.0 in stage 0.0 (TID 30)) 46.159ms
[181.712s][info][gc          ] Allocation Stall (Executor task launch worker for task 32.0 in stage 0.0 (TID 32)) 50.697ms
[181.712s][info][gc,phases   ] GC(37) Concurrent Select Relocation Set 3.537ms
[181.715s][info][gc,phases   ] GC(37) Pause Relocate Start 0.007ms
[181.722s][info][gc          ] Allocation Stall (Executor task launch worker for task 12.0 in stage 0.0 (TID 12)) 0.046ms
[181.731s][info][gc,phases   ] GC(37) Concurrent Relocate 9.262ms
[181.731s][info][gc,load     ] GC(37) Load: 0.00/0.00/0.00
[181.731s][info][gc,mmu      ] GC(37) MMU: 2ms/97.3%, 5ms/98.9%, 10ms/99.5%, 20ms/99.7%, 50ms/99.9%, 100ms/99.9%
[181.731s][info][gc,marking  ] GC(37) Mark: 4 stripe(s), 2 proactive flush(es), 1 terminate flush(es), 0 completion(s), 0 continuation(s) 
[181.731s][info][gc,marking  ] GC(37) Mark Stack Usage: 32M
[181.731s][info][gc,nmethod  ] GC(37) NMethods: 882 registered, 22 unregistered
[181.731s][info][gc,metaspace] GC(37) Metaspace: 107M used, 116M committed, 1152M reserved
[181.731s][info][gc,ref      ] GC(37) Soft: 2799 encountered, 2275 discovered, 0 enqueued
[181.731s][info][gc,ref      ] GC(37) Weak: 12954 encountered, 1937 discovered, 0 enqueued
[181.731s][info][gc,ref      ] GC(37) Final: 40 encountered, 2 discovered, 0 enqueued
[181.731s][info][gc,ref      ] GC(37) Phantom: 750 encountered, 703 discovered, 0 enqueued
[181.731s][info][gc,reloc    ] GC(37) Small Pages: 113 / 226M, Empty: 100M, Relocated: 3M, In-Place: 3
[181.731s][info][gc,reloc    ] GC(37) Medium Pages: 2 / 32M, Empty: 16M, Relocated: 0M, In-Place: 0
[181.731s][info][gc,reloc    ] GC(37) Large Pages: 51 / 248M, Empty: 8M, Relocated: 0M, In-Place: 0
[181.731s][info][gc,reloc    ] GC(37) Forwarding Usage: 1M
[181.731s][info][gc,heap     ] GC(37) Min Capacity: 8M(2%)
[181.731s][info][gc,heap     ] GC(37) Max Capacity: 512M(100%)
[181.731s][info][gc,heap     ] GC(37) Soft Max Capacity: 512M(100%)
[181.731s][info][gc,heap     ] GC(37)                Mark Start          Mark End        Relocate Start      Relocate End           High               Low         
[181.731s][info][gc,heap     ] GC(37)  Capacity:      512M (100%)        512M (100%)        512M (100%)        512M (100%)        512M (100%)        512M (100%)   
[181.731s][info][gc,heap     ] GC(37)      Free:        0M (0%)            0M (0%)          106M (21%)          32M (6%)          124M (24%)           0M (0%)     
[181.731s][info][gc,heap     ] GC(37)      Used:      512M (100%)        512M (100%)        406M (79%)         480M (94%)         512M (100%)        388M (76%)    
[181.731s][info][gc,heap     ] GC(37)      Live:         -               301M (59%)         301M (59%)         301M (59%)            -                  -          
[181.731s][info][gc,heap     ] GC(37) Allocated:         -                 0M (0%)           18M (4%)          140M (28%)            -                  -          
[181.731s][info][gc,heap     ] GC(37)   Garbage:         -               210M (41%)          86M (17%)          37M (7%)             -                  -          
[181.731s][info][gc,heap     ] GC(37) Reclaimed:         -                  -               124M (24%)         172M (34%)            -                  -          
[181.731s][info][gc          ] GC(37) Garbage Collection (Allocation Stall) 512M(100%)->480M(94%)
[181.741s][info][gc,start    ] GC(38) Garbage Collection (Allocation Stall)
[181.741s][info][gc,ref      ] GC(38) Clearing All SoftReferences
[181.741s][info][gc,task     ] GC(38) Using 5 workers
[181.742s][info][gc,ref      ] GC(38) Clearing All SoftReferences
[181.742s][info][gc,phases   ] GC(38) Pause Mark Start 0.033ms
[181.785s][info][gc,phases   ] GC(38) Concurrent Mark 43.547ms
[181.786s][info][gc,phases   ] GC(38) Pause Mark End 0.015ms
[181.786s][info][gc,phases   ] GC(38) Concurrent Mark Free 0.001ms
[181.787s][info][gc,phases   ] GC(38) Concurrent Process Non-Strong References 1.109ms
[181.787s][info][gc,phases   ] GC(38) Concurrent Reset Relocation Set 0.005ms
[181.787s][info][gc          ] Allocation Stall (Executor task launch worker for task 0.0 in stage 0.0 (TID 0)) 45.062ms
[181.787s][info][gc          ] Allocation Stall (Executor task launch worker for task 11.0 in stage 0.0 (TID 11)) 45.587ms
[181.787s][info][gc          ] Allocation Stall (Executor task launch worker for task 13.0 in stage 0.0 (TID 13)) 45.059ms
[181.787s][info][gc          ] Allocation Stall (Executor task launch worker for task 5.0 in stage 0.0 (TID 5)) 45.084ms
[181.787s][info][gc          ] Allocation Stall (Executor task launch worker for task 45.0 in stage 0.0 (TID 45)) 45.065ms
[181.787s][info][gc          ] Allocation Stall (Executor task launch worker for task 7.0 in stage 0.0 (TID 7)) 45.047ms
[181.787s][info][gc          ] Allocation Stall (Executor task launch worker for task 41.0 in stage 0.0 (TID 41)) 45.082ms
[181.787s][info][gc          ] Allocation Stall (Spark Context Cleaner) 17.176ms
[181.787s][info][gc          ] Allocation Stall (Executor task launch worker for task 21.0 in stage 0.0 (TID 21)) 45.088ms
[181.787s][info][gc          ] Allocation Stall (Executor task launch worker for task 27.0 in stage 0.0 (TID 27)) 45.061ms
[181.787s][info][gc          ] Allocation Stall (Executor task launch worker for task 42.0 in stage 0.0 (TID 42)) 44.990ms
[181.787s][info][gc          ] Allocation Stall (Executor task launch worker for task 33.0 in stage 0.0 (TID 33)) 45.198ms
[181.787s][info][gc          ] Allocation Stall (Executor task launch worker for task 43.0 in stage 0.0 (TID 43)) 45.059ms
[181.787s][info][gc          ] Allocation Stall (Executor task launch worker for task 6.0 in stage 0.0 (TID 6)) 45.175ms
[181.787s][info][gc          ] Allocation Stall (Executor task launch worker for task 4.0 in stage 0.0 (TID 4)) 45.068ms
[181.787s][info][gc          ] Allocation Stall (Executor task launch worker for task 47.0 in stage 0.0 (TID 47)) 45.205ms
[181.787s][info][gc          ] Allocation Stall (Executor task launch worker for task 16.0 in stage 0.0 (TID 16)) 45.168ms
[181.787s][info][gc          ] Allocation Stall (Executor task launch worker for task 9.0 in stage 0.0 (TID 9)) 45.087ms
[181.787s][info][gc          ] Allocation Stall (Executor task launch worker for task 2.0 in stage 0.0 (TID 2)) 45.210ms
[181.787s][info][gc          ] Allocation Stall (Executor task launch worker for task 23.0 in stage 0.0 (TID 23)) 45.136ms
[181.787s][info][gc          ] Allocation Stall (Executor task launch worker for task 24.0 in stage 0.0 (TID 24)) 45.130ms
[181.787s][info][gc          ] Allocation Stall (Executor task launch worker for task 22.0 in stage 0.0 (TID 22)) 45.104ms
[181.787s][info][gc          ] Allocation Stall (Executor task launch worker for task 3.0 in stage 0.0 (TID 3)) 45.105ms
[181.787s][info][gc          ] Allocation Stall (Executor task launch worker for task 15.0 in stage 0.0 (TID 15)) 45.084ms
[181.787s][info][gc          ] Allocation Stall (Executor task launch worker for task 17.0 in stage 0.0 (TID 17)) 45.212ms
[181.787s][info][gc          ] Allocation Stall (Executor task launch worker for task 44.0 in stage 0.0 (TID 44)) 45.038ms
[181.787s][info][gc          ] Allocation Stall (Executor task launch worker for task 34.0 in stage 0.0 (TID 34)) 45.228ms
[181.787s][info][gc          ] Allocation Stall (Executor task launch worker for task 10.0 in stage 0.0 (TID 10)) 45.093ms
[181.787s][info][gc          ] Allocation Stall (Executor task launch worker for task 40.0 in stage 0.0 (TID 40)) 45.195ms
[181.787s][info][gc          ] Allocation Stall (Executor task launch worker for task 1.0 in stage 0.0 (TID 1)) 45.225ms
[181.787s][info][gc          ] Allocation Stall (Executor task launch worker for task 20.0 in stage 0.0 (TID 20)) 45.080ms
[181.787s][info][gc          ] Allocation Stall (Executor task launch worker for task 46.0 in stage 0.0 (TID 46)) 45.593ms
[181.787s][info][gc          ] Allocation Stall (Executor task launch worker for task 26.0 in stage 0.0 (TID 26)) 45.137ms
[181.787s][info][gc          ] Allocation Stall (Executor task launch worker for task 36.0 in stage 0.0 (TID 36)) 45.200ms
[181.787s][info][gc          ] Allocation Stall (Executor task launch worker for task 38.0 in stage 0.0 (TID 38)) 45.228ms
[181.787s][info][gc          ] Allocation Stall (Executor task launch worker for task 18.0 in stage 0.0 (TID 18)) 45.166ms
[181.787s][info][gc          ] Allocation Stall (Executor task launch worker for task 35.0 in stage 0.0 (TID 35)) 45.243ms
[181.787s][info][gc          ] Allocation Stall (Executor task launch worker for task 8.0 in stage 0.0 (TID 8)) 45.578ms
[181.787s][info][gc          ] Allocation Stall (Executor task launch worker for task 37.0 in stage 0.0 (TID 37)) 45.230ms
[181.787s][info][gc          ] Allocation Stall (Executor task launch worker for task 19.0 in stage 0.0 (TID 19)) 45.173ms
[181.787s][info][gc          ] Allocation Stall (Executor task launch worker for task 14.0 in stage 0.0 (TID 14)) 45.214ms
[181.787s][info][gc          ] Allocation Stall (Executor task launch worker for task 25.0 in stage 0.0 (TID 25)) 45.208ms
[181.787s][info][gc          ] Allocation Stall (Executor task launch worker for task 29.0 in stage 0.0 (TID 29)) 45.656ms
[181.787s][info][gc          ] Allocation Stall (Executor task launch worker for task 32.0 in stage 0.0 (TID 32)) 45.595ms
[181.787s][info][gc          ] Allocation Stall (Executor task launch worker for task 31.0 in stage 0.0 (TID 31)) 45.712ms
[181.787s][info][gc          ] Allocation Stall (Executor task launch worker for task 30.0 in stage 0.0 (TID 30)) 45.262ms
[181.787s][info][gc          ] Allocation Stall (Executor task launch worker for task 12.0 in stage 0.0 (TID 12)) 45.247ms
[181.787s][info][gc          ] Allocation Stall (Executor task launch worker for task 39.0 in stage 0.0 (TID 39)) 45.601ms
[181.787s][info][gc          ] Allocation Stall (Executor task launch worker for task 28.0 in stage 0.0 (TID 28)) 45.246ms
[181.807s][info][gc,phases   ] GC(38) Concurrent Select Relocation Set 20.175ms
[181.807s][info][gc,phases   ] GC(38) Pause Relocate Start 0.006ms
[181.814s][info][gc,phases   ] GC(38) Concurrent Relocate 5.296ms
[181.814s][info][gc,load     ] GC(38) Load: 0.00/0.00/0.00
[181.814s][info][gc,mmu      ] GC(38) MMU: 2ms/97.3%, 5ms/98.9%, 10ms/99.5%, 20ms/99.7%, 50ms/99.9%, 100ms/99.9%
[181.814s][info][gc,marking  ] GC(38) Mark: 4 stripe(s), 2 proactive flush(es), 1 terminate flush(es), 0 completion(s), 0 continuation(s) 
[181.814s][info][gc,marking  ] GC(38) Mark Stack Usage: 32M
[181.814s][info][gc,nmethod  ] GC(38) NMethods: 882 registered, 22 unregistered
[181.814s][info][gc,metaspace] GC(38) Metaspace: 107M used, 116M committed, 1152M reserved
[181.814s][info][gc,ref      ] GC(38) Soft: 2799 encountered, 1424 discovered, 0 enqueued
[181.814s][info][gc,ref      ] GC(38) Weak: 12954 encountered, 4245 discovered, 1 enqueued
[181.814s][info][gc,ref      ] GC(38) Final: 40 encountered, 1 discovered, 0 enqueued
[181.814s][info][gc,ref      ] GC(38) Phantom: 750 encountered, 576 discovered, 0 enqueued
[181.814s][info][gc,reloc    ] GC(38) Small Pages: 128 / 256M, Empty: 128M, Relocated: 3M, In-Place: 0
[181.814s][info][gc,reloc    ] GC(38) Medium Pages: 1 / 16M, Empty: 0M, Relocated: 0M, In-Place: 0
[181.814s][info][gc,reloc    ] GC(38) Large Pages: 49 / 240M, Empty: 0M, Relocated: 0M, In-Place: 0
[181.814s][info][gc,reloc    ] GC(38) Forwarding Usage: 1M
[181.814s][info][gc,heap     ] GC(38) Min Capacity: 8M(2%)
[181.814s][info][gc,heap     ] GC(38) Max Capacity: 512M(100%)
[181.814s][info][gc,heap     ] GC(38) Soft Max Capacity: 512M(100%)
[181.814s][info][gc,heap     ] GC(38)                Mark Start          Mark End        Relocate Start      Relocate End           High               Low         
[181.815s][info][gc,heap     ] GC(38)  Capacity:      512M (100%)        512M (100%)        512M (100%)        512M (100%)        512M (100%)        512M (100%)   
[181.815s][info][gc,heap     ] GC(38)      Free:        0M (0%)            0M (0%)           72M (14%)          38M (7%)          128M (25%)           0M (0%)     
[181.815s][info][gc,heap     ] GC(38)      Used:      512M (100%)        512M (100%)        440M (86%)         474M (93%)         512M (100%)        384M (75%)    
[181.815s][info][gc,heap     ] GC(38)      Live:         -               301M (59%)         301M (59%)         301M (59%)            -                  -          
[181.815s][info][gc,heap     ] GC(38) Allocated:         -                 0M (0%)           56M (11%)         140M (28%)            -                  -          
[181.815s][info][gc,heap     ] GC(38)   Garbage:         -               210M (41%)          82M (16%)          31M (6%)             -                  -          
[181.815s][info][gc,heap     ] GC(38) Reclaimed:         -                  -               128M (25%)         178M (35%)            -                  -          
[181.815s][info][gc          ] GC(38) Garbage Collection (Allocation Stall) 512M(100%)->474M(93%)
[181.818s][info][gc          ] Allocation Stall (Executor task launch worker for task 31.0 in stage 0.0 (TID 31)) 0.043ms
[181.818s][info][gc,start    ] GC(39) Garbage Collection (Allocation Stall)
[181.818s][info][gc,ref      ] GC(39) Clearing All SoftReferences
[181.818s][info][gc,task     ] GC(39) Using 5 workers
[181.818s][info][gc,ref      ] GC(39) Clearing All SoftReferences
[181.818s][info][gc,phases   ] GC(39) Pause Mark Start 0.031ms
[181.848s][info][gc,phases   ] GC(39) Concurrent Mark 29.380ms
[181.848s][info][gc,phases   ] GC(39) Pause Mark End 0.015ms
[181.848s][info][gc,phases   ] GC(39) Concurrent Mark Free 0.001ms
[181.849s][info][gc,phases   ] GC(39) Concurrent Process Non-Strong References 0.873ms
[181.849s][info][gc,phases   ] GC(39) Concurrent Reset Relocation Set 0.003ms
[181.849s][info][gc          ] Allocation Stall (Executor task launch worker for task 38.0 in stage 0.0 (TID 38)) 30.624ms
[181.849s][info][gc          ] Allocation Stall (Executor task launch worker for task 30.0 in stage 0.0 (TID 30)) 30.589ms
[181.849s][info][gc          ] Allocation Stall (Executor task launch worker for task 14.0 in stage 0.0 (TID 14)) 30.596ms
[181.849s][info][gc          ] Allocation Stall (Executor task launch worker for task 31.0 in stage 0.0 (TID 31)) 30.605ms
[181.849s][info][gc          ] Allocation Stall (Executor task launch worker for task 29.0 in stage 0.0 (TID 29)) 30.593ms
[181.849s][info][gc          ] Allocation Stall (Executor task launch worker for task 33.0 in stage 0.0 (TID 33)) 30.508ms
[181.849s][info][gc          ] Allocation Stall (Executor task launch worker for task 11.0 in stage 0.0 (TID 11)) 30.643ms
[181.849s][info][gc          ] Allocation Stall (Executor task launch worker for task 26.0 in stage 0.0 (TID 26)) 30.552ms
[181.849s][info][gc          ] Allocation Stall (Executor task launch worker for task 41.0 in stage 0.0 (TID 41)) 30.633ms
[181.849s][info][gc          ] Allocation Stall (Executor task launch worker for task 16.0 in stage 0.0 (TID 16)) 31.168ms
[181.849s][info][gc          ] Allocation Stall (Executor task launch worker for task 35.0 in stage 0.0 (TID 35)) 30.661ms
[181.849s][info][gc          ] Allocation Stall (Executor task launch worker for task 0.0 in stage 0.0 (TID 0)) 30.651ms
[181.849s][info][gc          ] Allocation Stall (Executor task launch worker for task 45.0 in stage 0.0 (TID 45)) 30.642ms
[181.849s][info][gc          ] Allocation Stall (Executor task launch worker for task 8.0 in stage 0.0 (TID 8)) 31.105ms
[181.849s][info][gc          ] Allocation Stall (Executor task launch worker for task 27.0 in stage 0.0 (TID 27)) 30.657ms
[181.849s][info][gc          ] Allocation Stall (Executor task launch worker for task 22.0 in stage 0.0 (TID 22)) 30.688ms
[181.849s][info][gc          ] Allocation Stall (Executor task launch worker for task 36.0 in stage 0.0 (TID 36)) 31.198ms
[181.849s][info][gc          ] Allocation Stall (Executor task launch worker for task 7.0 in stage 0.0 (TID 7)) 31.079ms
[181.849s][info][gc          ] Allocation Stall (Executor task launch worker for task 5.0 in stage 0.0 (TID 5)) 31.163ms
[181.849s][info][gc          ] Allocation Stall (Executor task launch worker for task 47.0 in stage 0.0 (TID 47)) 30.584ms
[181.849s][info][gc          ] Allocation Stall (Executor task launch worker for task 9.0 in stage 0.0 (TID 9)) 30.659ms
[181.849s][info][gc          ] Allocation Stall (Executor task launch worker for task 43.0 in stage 0.0 (TID 43)) 31.068ms
[181.849s][info][gc          ] Allocation Stall (Executor task launch worker for task 23.0 in stage 0.0 (TID 23)) 31.271ms
[181.849s][info][gc          ] Allocation Stall (Executor task launch worker for task 37.0 in stage 0.0 (TID 37)) 31.049ms
[181.849s][info][gc          ] Allocation Stall (Executor task launch worker for task 40.0 in stage 0.0 (TID 40)) 30.675ms
[181.849s][info][gc          ] Allocation Stall (Executor task launch worker for task 21.0 in stage 0.0 (TID 21)) 31.160ms
[181.849s][info][gc          ] Allocation Stall (Executor task launch worker for task 32.0 in stage 0.0 (TID 32)) 30.683ms
[181.849s][info][gc          ] Allocation Stall (Executor task launch worker for task 19.0 in stage 0.0 (TID 19)) 30.544ms
[181.849s][info][gc          ] Allocation Stall (Executor task launch worker for task 13.0 in stage 0.0 (TID 13)) 30.598ms
[181.849s][info][gc          ] Allocation Stall (Executor task launch worker for task 3.0 in stage 0.0 (TID 3)) 31.107ms
[181.849s][info][gc          ] Allocation Stall (Executor task launch worker for task 25.0 in stage 0.0 (TID 25)) 31.262ms
[181.849s][info][gc          ] Allocation Stall (Executor task launch worker for task 4.0 in stage 0.0 (TID 4)) 30.730ms
[181.849s][info][gc          ] Allocation Stall (Executor task launch worker for task 20.0 in stage 0.0 (TID 20)) 31.310ms
[181.849s][info][gc          ] Allocation Stall (Executor task launch worker for task 24.0 in stage 0.0 (TID 24)) 31.317ms
[181.849s][info][gc          ] Allocation Stall (Executor task launch worker for task 17.0 in stage 0.0 (TID 17)) 31.135ms
[181.849s][info][gc          ] Allocation Stall (Executor task launch worker for task 42.0 in stage 0.0 (TID 42)) 30.747ms
[181.849s][info][gc          ] Allocation Stall (Executor task launch worker for task 46.0 in stage 0.0 (TID 46)) 31.078ms
[181.849s][info][gc          ] Allocation Stall (Executor task launch worker for task 28.0 in stage 0.0 (TID 28)) 31.132ms
[181.849s][info][gc          ] Allocation Stall (Executor task launch worker for task 34.0 in stage 0.0 (TID 34)) 31.225ms
[181.849s][info][gc          ] Allocation Stall (Executor task launch worker for task 15.0 in stage 0.0 (TID 15)) 31.155ms
[181.849s][info][gc          ] Allocation Stall (Executor task launch worker for task 12.0 in stage 0.0 (TID 12)) 30.641ms
[181.849s][info][gc          ] Allocation Stall (Executor task launch worker for task 18.0 in stage 0.0 (TID 18)) 30.727ms
[181.849s][info][gc          ] Allocation Stall (Executor task launch worker for task 1.0 in stage 0.0 (TID 1)) 30.766ms
[181.849s][info][gc          ] Allocation Stall (Executor task launch worker for task 6.0 in stage 0.0 (TID 6)) 31.121ms
[181.849s][info][gc          ] Allocation Stall (Executor task launch worker for task 2.0 in stage 0.0 (TID 2)) 31.283ms
[181.849s][info][gc          ] Allocation Stall (Executor task launch worker for task 39.0 in stage 0.0 (TID 39)) 31.297ms
[181.849s][info][gc          ] Allocation Stall (Executor task launch worker for task 10.0 in stage 0.0 (TID 10)) 31.162ms
[181.849s][info][gc          ] Allocation Stall (Executor task launch worker for task 44.0 in stage 0.0 (TID 44)) 30.754ms
[181.853s][info][gc,phases   ] GC(39) Concurrent Select Relocation Set 3.985ms
[181.853s][info][gc,phases   ] GC(39) Pause Relocate Start 0.006ms
[181.864s][info][gc          ] Allocation Stall (Executor task launch worker for task 27.0 in stage 0.0 (TID 27)) 0.107ms
[181.865s][info][gc          ] Allocation Stall (Executor task launch worker for task 19.0 in stage 0.0 (TID 19)) 1.967ms
[181.865s][info][gc,phases   ] GC(39) Concurrent Relocate 10.284ms
[181.866s][info][gc,load     ] GC(39) Load: 0.00/0.00/0.00
[181.866s][info][gc,mmu      ] GC(39) MMU: 2ms/97.3%, 5ms/98.9%, 10ms/99.5%, 20ms/99.7%, 50ms/99.9%, 100ms/99.9%
[181.866s][info][gc,marking  ] GC(39) Mark: 4 stripe(s), 2 proactive flush(es), 1 terminate flush(es), 0 completion(s), 0 continuation(s) 
[181.866s][info][gc,marking  ] GC(39) Mark Stack Usage: 32M
[181.866s][info][gc,nmethod  ] GC(39) NMethods: 887 registered, 22 unregistered
[181.866s][info][gc,metaspace] GC(39) Metaspace: 107M used, 116M committed, 1152M reserved
[181.866s][info][gc,ref      ] GC(39) Soft: 2799 encountered, 334 discovered, 0 enqueued
[181.866s][info][gc,ref      ] GC(39) Weak: 12954 encountered, 4493 discovered, 2 enqueued
[181.866s][info][gc,ref      ] GC(39) Final: 40 encountered, 1 discovered, 0 enqueued
[181.866s][info][gc,ref      ] GC(39) Phantom: 750 encountered, 654 discovered, 0 enqueued
[181.866s][info][gc,reloc    ] GC(39) Small Pages: 128 / 256M, Empty: 134M, Relocated: 3M, In-Place: 0
[181.866s][info][gc,reloc    ] GC(39) Medium Pages: 1 / 16M, Empty: 0M, Relocated: 0M, In-Place: 0
[181.866s][info][gc,reloc    ] GC(39) Large Pages: 49 / 240M, Empty: 0M, Relocated: 0M, In-Place: 0
[181.866s][info][gc,reloc    ] GC(39) Forwarding Usage: 1M
[181.866s][info][gc,heap     ] GC(39) Min Capacity: 8M(2%)
[181.866s][info][gc,heap     ] GC(39) Max Capacity: 512M(100%)
[181.866s][info][gc,heap     ] GC(39) Soft Max Capacity: 512M(100%)
[181.866s][info][gc,heap     ] GC(39)                Mark Start          Mark End        Relocate Start      Relocate End           High               Low         
[181.866s][info][gc,heap     ] GC(39)  Capacity:      512M (100%)        512M (100%)        512M (100%)        512M (100%)        512M (100%)        512M (100%)   
[181.866s][info][gc,heap     ] GC(39)      Free:        0M (0%)            0M (0%)          114M (22%)           0M (0%)          128M (25%)           0M (0%)     
[181.866s][info][gc,heap     ] GC(39)      Used:      512M (100%)        512M (100%)        398M (78%)         512M (100%)        512M (100%)        384M (75%)    
[181.866s][info][gc,heap     ] GC(39)      Live:         -               301M (59%)         301M (59%)         301M (59%)            -                  -          
[181.866s][info][gc,heap     ] GC(39) Allocated:         -                 0M (0%)           20M (4%)          179M (35%)            -                  -          
[181.866s][info][gc,heap     ] GC(39)   Garbage:         -               210M (41%)          76M (15%)          31M (6%)             -                  -          
[181.866s][info][gc,heap     ] GC(39) Reclaimed:         -                  -               134M (26%)         179M (35%)            -                  -          
[181.866s][info][gc          ] GC(39) Garbage Collection (Allocation Stall) 512M(100%)->512M(100%)
[181.866s][info][gc,start    ] GC(40) Garbage Collection (Allocation Stall)
[181.866s][info][gc,ref      ] GC(40) Clearing All SoftReferences
[181.866s][info][gc,task     ] GC(40) Using 5 workers
[181.866s][info][gc,ref      ] GC(40) Clearing All SoftReferences
[181.866s][info][gc,phases   ] GC(40) Pause Mark Start 0.029ms
[181.896s][info][gc,phases   ] GC(40) Concurrent Mark 30.199ms
[181.897s][info][gc,phases   ] GC(40) Pause Mark End 0.017ms
[181.897s][info][gc,phases   ] GC(40) Concurrent Mark Free 0.001ms
[181.898s][info][gc,phases   ] GC(40) Concurrent Process Non-Strong References 0.934ms
[181.898s][info][gc,phases   ] GC(40) Concurrent Reset Relocation Set 0.004ms
[181.901s][info][gc          ] Allocation Stall (Executor task launch worker for task 19.0 in stage 0.0 (TID 19)) 34.941ms
[181.901s][info][gc          ] Allocation Stall (Executor task launch worker for task 40.0 in stage 0.0 (TID 40)) 37.362ms
[181.901s][info][gc          ] Allocation Stall (Executor task launch worker for task 27.0 in stage 0.0 (TID 27)) 36.937ms
[181.901s][info][gc          ] Allocation Stall (Executor task launch worker for task 18.0 in stage 0.0 (TID 18)) 36.919ms
[181.901s][info][gc          ] Allocation Stall (Executor task launch worker for task 11.0 in stage 0.0 (TID 11)) 36.845ms
[181.901s][info][gc          ] Allocation Stall (Executor task launch worker for task 29.0 in stage 0.0 (TID 29)) 36.846ms
[181.901s][info][gc          ] Allocation Stall (Executor task launch worker for task 26.0 in stage 0.0 (TID 26)) 36.836ms
[181.901s][info][gc          ] Allocation Stall (Executor task launch worker for task 23.0 in stage 0.0 (TID 23)) 36.980ms
[181.901s][info][gc          ] Allocation Stall (Executor task launch worker for task 22.0 in stage 0.0 (TID 22)) 37.511ms
[181.901s][info][gc          ] Allocation Stall (Executor task launch worker for task 21.0 in stage 0.0 (TID 21)) 29.948ms
[181.901s][info][gc          ] Allocation Stall (Executor task launch worker for task 44.0 in stage 0.0 (TID 44)) 37.206ms
[181.901s][info][gc          ] Allocation Stall (Executor task launch worker for task 4.0 in stage 0.0 (TID 4)) 37.170ms
[181.901s][info][gc          ] Allocation Stall (Executor task launch worker for task 16.0 in stage 0.0 (TID 16)) 36.885ms
[181.901s][info][gc          ] Allocation Stall (Executor task launch worker for task 0.0 in stage 0.0 (TID 0)) 37.440ms
[181.901s][info][gc          ] Allocation Stall (Executor task launch worker for task 24.0 in stage 0.0 (TID 24)) 36.856ms
[181.901s][info][gc          ] Allocation Stall (Executor task launch worker for task 13.0 in stage 0.0 (TID 13)) 37.089ms
[181.901s][info][gc          ] Allocation Stall (Executor task launch worker for task 12.0 in stage 0.0 (TID 12)) 37.117ms
[181.901s][info][gc          ] Allocation Stall (Executor task launch worker for task 34.0 in stage 0.0 (TID 34)) 37.113ms
[181.901s][info][gc          ] Allocation Stall (Executor task launch worker for task 35.0 in stage 0.0 (TID 35)) 37.188ms
[181.901s][info][gc          ] Allocation Stall (Executor task launch worker for task 3.0 in stage 0.0 (TID 3)) 36.951ms
[181.901s][info][gc          ] Allocation Stall (Executor task launch worker for task 41.0 in stage 0.0 (TID 41)) 37.029ms
[181.901s][info][gc          ] Allocation Stall (Executor task launch worker for task 9.0 in stage 0.0 (TID 9)) 37.289ms
[181.901s][info][gc          ] Allocation Stall (Executor task launch worker for task 6.0 in stage 0.0 (TID 6)) 37.499ms
[181.901s][info][gc          ] Allocation Stall (Executor task launch worker for task 31.0 in stage 0.0 (TID 31)) 37.509ms
[181.901s][info][gc          ] Allocation Stall (Executor task launch worker for task 32.0 in stage 0.0 (TID 32)) 37.077ms
[181.901s][info][gc          ] Allocation Stall (Spark Context Cleaner) 4.787ms
[181.901s][info][gc          ] Allocation Stall (Executor task launch worker for task 17.0 in stage 0.0 (TID 17)) 36.838ms
[181.901s][info][gc          ] Allocation Stall (Executor task launch worker for task 20.0 in stage 0.0 (TID 20)) 37.584ms
[181.901s][info][gc          ] Allocation Stall (Executor task launch worker for task 37.0 in stage 0.0 (TID 37)) 37.213ms
[181.901s][info][gc          ] Allocation Stall (Executor task launch worker for task 5.0 in stage 0.0 (TID 5)) 37.407ms
[181.901s][info][gc          ] Allocation Stall (Executor task launch worker for task 43.0 in stage 0.0 (TID 43)) 37.097ms
[181.901s][info][gc          ] Allocation Stall (Executor task launch worker for task 47.0 in stage 0.0 (TID 47)) 37.222ms
[181.901s][info][gc          ] Allocation Stall (Executor task launch worker for task 45.0 in stage 0.0 (TID 45)) 37.236ms
[181.901s][info][gc          ] Allocation Stall (Executor task launch worker for task 7.0 in stage 0.0 (TID 7)) 37.411ms
[181.901s][info][gc          ] Allocation Stall (Executor task launch worker for task 25.0 in stage 0.0 (TID 25)) 37.430ms
[181.901s][info][gc          ] Allocation Stall (Executor task launch worker for task 46.0 in stage 0.0 (TID 46)) 37.248ms
[181.901s][info][gc          ] Allocation Stall (Executor task launch worker for task 33.0 in stage 0.0 (TID 33)) 37.534ms
[181.901s][info][gc          ] Allocation Stall (Executor task launch worker for task 30.0 in stage 0.0 (TID 30)) 37.145ms
[181.901s][info][gc          ] Allocation Stall (Executor task launch worker for task 14.0 in stage 0.0 (TID 14)) 37.713ms
[181.901s][info][gc          ] Allocation Stall (Executor task launch worker for task 39.0 in stage 0.0 (TID 39)) 37.128ms
[181.901s][info][gc          ] Allocation Stall (Executor task launch worker for task 36.0 in stage 0.0 (TID 36)) 37.276ms
[181.901s][info][gc          ] Allocation Stall (Executor task launch worker for task 10.0 in stage 0.0 (TID 10)) 37.311ms
[181.901s][info][gc          ] Allocation Stall (Executor task launch worker for task 1.0 in stage 0.0 (TID 1)) 37.351ms
[181.901s][info][gc          ] Allocation Stall (Executor task launch worker for task 2.0 in stage 0.0 (TID 2)) 37.316ms
[181.901s][info][gc          ] Allocation Stall (Executor task launch worker for task 15.0 in stage 0.0 (TID 15)) 37.353ms
[181.901s][info][gc          ] Allocation Stall (Executor task launch worker for task 28.0 in stage 0.0 (TID 28)) 36.921ms
[181.901s][info][gc          ] Allocation Stall (Executor task launch worker for task 38.0 in stage 0.0 (TID 38)) 37.389ms
[181.901s][info][gc          ] Allocation Stall (Executor task launch worker for task 8.0 in stage 0.0 (TID 8)) 37.465ms
[181.901s][info][gc          ] Allocation Stall (Executor task launch worker for task 42.0 in stage 0.0 (TID 42)) 37.529ms
[181.901s][info][gc,phases   ] GC(40) Concurrent Select Relocation Set 3.697ms
[181.905s][info][gc,phases   ] GC(40) Pause Relocate Start 0.006ms
[181.915s][info][gc          ] Allocation Stall (Executor task launch worker for task 33.0 in stage 0.0 (TID 33)) 0.173ms
[181.917s][info][gc          ] Allocation Stall (Executor task launch worker for task 9.0 in stage 0.0 (TID 9)) 1.845ms
[181.917s][info][gc,phases   ] GC(40) Concurrent Relocate 8.461ms
[181.917s][info][gc,load     ] GC(40) Load: 0.00/0.00/0.00
[181.917s][info][gc,mmu      ] GC(40) MMU: 2ms/97.3%, 5ms/98.9%, 10ms/99.5%, 20ms/99.7%, 50ms/99.8%, 100ms/99.9%
[181.917s][info][gc,marking  ] GC(40) Mark: 4 stripe(s), 2 proactive flush(es), 1 terminate flush(es), 0 completion(s), 0 continuation(s) 
[181.917s][info][gc,marking  ] GC(40) Mark Stack Usage: 32M
[181.917s][info][gc,nmethod  ] GC(40) NMethods: 895 registered, 23 unregistered
[181.917s][info][gc,metaspace] GC(40) Metaspace: 107M used, 116M committed, 1152M reserved
[181.917s][info][gc,ref      ] GC(40) Soft: 2799 encountered, 1010 discovered, 0 enqueued
[181.917s][info][gc,ref      ] GC(40) Weak: 12954 encountered, 3615 discovered, 2 enqueued
[181.917s][info][gc,ref      ] GC(40) Final: 40 encountered, 0 discovered, 0 enqueued
[181.917s][info][gc,ref      ] GC(40) Phantom: 750 encountered, 688 discovered, 0 enqueued
[181.917s][info][gc,reloc    ] GC(40) Small Pages: 124 / 248M, Empty: 106M, Relocated: 3M, In-Place: 0
[181.917s][info][gc,reloc    ] GC(40) Medium Pages: 1 / 16M, Empty: 0M, Relocated: 0M, In-Place: 0
[181.917s][info][gc,reloc    ] GC(40) Large Pages: 50 / 248M, Empty: 0M, Relocated: 0M, In-Place: 0
[181.917s][info][gc,reloc    ] GC(40) Forwarding Usage: 1M
[181.917s][info][gc,heap     ] GC(40) Min Capacity: 8M(2%)
[181.917s][info][gc,heap     ] GC(40) Max Capacity: 512M(100%)
[181.917s][info][gc,heap     ] GC(40) Soft Max Capacity: 512M(100%)
[181.917s][info][gc,heap     ] GC(40)                Mark Start          Mark End        Relocate Start      Relocate End           High               Low         
[181.917s][info][gc,heap     ] GC(40)  Capacity:      512M (100%)        512M (100%)        512M (100%)        512M (100%)        512M (100%)        512M (100%)   
[181.917s][info][gc,heap     ] GC(40)      Free:        0M (0%)            0M (0%)           78M (15%)           0M (0%)          106M (21%)           0M (0%)     
[181.917s][info][gc,heap     ] GC(40)      Used:      512M (100%)        512M (100%)        434M (85%)         512M (100%)        512M (100%)        406M (79%)    
[181.917s][info][gc,heap     ] GC(40)      Live:         -               309M (60%)         309M (60%)         309M (60%)            -                  -          
[181.917s][info][gc,heap     ] GC(40) Allocated:         -                 0M (0%)           28M (5%)          170M (33%)            -                  -          
[181.917s][info][gc,heap     ] GC(40)   Garbage:         -               202M (40%)          96M (19%)          31M (6%)             -                  -          
[181.917s][info][gc,heap     ] GC(40) Reclaimed:         -                  -               106M (21%)         170M (33%)            -                  -          
[181.917s][info][gc          ] GC(40) Garbage Collection (Allocation Stall) 512M(100%)->512M(100%)
[181.917s][info][gc,start    ] GC(41) Garbage Collection (Allocation Stall)
[181.917s][info][gc,ref      ] GC(41) Clearing All SoftReferences
[181.917s][info][gc,task     ] GC(41) Using 5 workers
[181.918s][info][gc,ref      ] GC(41) Clearing All SoftReferences
[181.918s][info][gc,phases   ] GC(41) Pause Mark Start 0.043ms
[181.959s][info][gc,phases   ] GC(41) Concurrent Mark 41.086ms
[181.959s][info][gc,phases   ] GC(41) Pause Mark End 0.019ms
[181.959s][info][gc,phases   ] GC(41) Concurrent Mark Free 0.001ms
[181.960s][info][gc,phases   ] GC(41) Concurrent Process Non-Strong References 1.198ms
[181.960s][info][gc,phases   ] GC(41) Concurrent Reset Relocation Set 0.006ms
[181.964s][info][gc          ] Allocation Stall (Executor task launch worker for task 33.0 in stage 0.0 (TID 33)) 48.214ms
[181.964s][info][gc          ] Allocation Stall (Executor task launch worker for task 46.0 in stage 0.0 (TID 46)) 48.589ms
[181.964s][info][gc          ] Allocation Stall (Executor task launch worker for task 31.0 in stage 0.0 (TID 31)) 48.269ms
[181.964s][info][gc          ] Allocation Stall (Executor task launch worker for task 11.0 in stage 0.0 (TID 11)) 48.310ms
[181.964s][info][gc          ] Allocation Stall (Executor task launch worker for task 3.0 in stage 0.0 (TID 3)) 48.327ms
[181.964s][info][gc          ] Allocation Stall (Executor task launch worker for task 4.0 in stage 0.0 (TID 4)) 48.071ms
[181.964s][info][gc          ] Allocation Stall (Executor task launch worker for task 19.0 in stage 0.0 (TID 19)) 48.200ms
[181.964s][info][gc          ] Allocation Stall (Executor task launch worker for task 39.0 in stage 0.0 (TID 39)) 48.229ms
[181.964s][info][gc          ] Allocation Stall (Executor task launch worker for task 13.0 in stage 0.0 (TID 13)) 48.744ms
[181.964s][info][gc          ] Allocation Stall (Executor task launch worker for task 40.0 in stage 0.0 (TID 40)) 48.283ms
[181.964s][info][gc          ] Allocation Stall (Executor task launch worker for task 14.0 in stage 0.0 (TID 14)) 48.636ms
[181.964s][info][gc          ] Allocation Stall (Executor task launch worker for task 26.0 in stage 0.0 (TID 26)) 48.470ms
[181.964s][info][gc          ] Allocation Stall (Executor task launch worker for task 41.0 in stage 0.0 (TID 41)) 48.659ms
[181.964s][info][gc          ] Allocation Stall (Executor task launch worker for task 15.0 in stage 0.0 (TID 15)) 48.646ms
[181.964s][info][gc          ] Allocation Stall (Executor task launch worker for task 25.0 in stage 0.0 (TID 25)) 48.505ms
[181.964s][info][gc          ] Allocation Stall (Executor task launch worker for task 24.0 in stage 0.0 (TID 24)) 48.332ms
[181.964s][info][gc          ] Allocation Stall (Executor task launch worker for task 29.0 in stage 0.0 (TID 29)) 48.942ms
[181.964s][info][gc          ] Allocation Stall (Executor task launch worker for task 22.0 in stage 0.0 (TID 22)) 49.070ms
[181.964s][info][gc          ] Allocation Stall (Executor task launch worker for task 6.0 in stage 0.0 (TID 6)) 48.923ms
[181.964s][info][gc          ] Allocation Stall (Executor task launch worker for task 32.0 in stage 0.0 (TID 32)) 48.798ms
[181.964s][info][gc          ] Allocation Stall (Executor task launch worker for task 44.0 in stage 0.0 (TID 44)) 49.058ms
[181.964s][info][gc          ] Allocation Stall (Executor task launch worker for task 10.0 in stage 0.0 (TID 10)) 48.374ms
[181.964s][info][gc          ] Allocation Stall (Executor task launch worker for task 20.0 in stage 0.0 (TID 20)) 49.042ms
[181.964s][info][gc          ] Allocation Stall (Executor task launch worker for task 18.0 in stage 0.0 (TID 18)) 48.802ms
[181.964s][info][gc          ] Allocation Stall (Executor task launch worker for task 1.0 in stage 0.0 (TID 1)) 48.819ms
[181.964s][info][gc          ] Allocation Stall (Executor task launch worker for task 7.0 in stage 0.0 (TID 7)) 49.100ms
[181.964s][info][gc          ] Allocation Stall (Executor task launch worker for task 0.0 in stage 0.0 (TID 0)) 49.059ms
[181.964s][info][gc          ] Allocation Stall (Executor task launch worker for task 21.0 in stage 0.0 (TID 21)) 48.850ms
[181.964s][info][gc          ] Allocation Stall (Executor task launch worker for task 23.0 in stage 0.0 (TID 23)) 48.816ms
[181.964s][info][gc          ] Allocation Stall (Executor task launch worker for task 12.0 in stage 0.0 (TID 12)) 48.802ms
[181.964s][info][gc          ] Allocation Stall (Executor task launch worker for task 45.0 in stage 0.0 (TID 45)) 48.620ms
[181.964s][info][gc          ] Allocation Stall (Executor task launch worker for task 34.0 in stage 0.0 (TID 34)) 49.032ms
[181.964s][info][gc          ] Allocation Stall (Executor task launch worker for task 5.0 in stage 0.0 (TID 5)) 48.530ms
[181.964s][info][gc          ] Allocation Stall (Executor task launch worker for task 17.0 in stage 0.0 (TID 17)) 49.051ms
[181.964s][info][gc          ] Allocation Stall (Executor task launch worker for task 27.0 in stage 0.0 (TID 27)) 49.122ms
[181.964s][info][gc          ] Allocation Stall (Executor task launch worker for task 2.0 in stage 0.0 (TID 2)) 48.894ms
[181.964s][info][gc          ] Allocation Stall (Executor task launch worker for task 8.0 in stage 0.0 (TID 8)) 48.983ms
[181.964s][info][gc          ] Allocation Stall (Executor task launch worker for task 28.0 in stage 0.0 (TID 28)) 48.896ms
[181.964s][info][gc          ] Allocation Stall (Executor task launch worker for task 36.0 in stage 0.0 (TID 36)) 48.943ms
[181.964s][info][gc          ] Allocation Stall (Executor task launch worker for task 43.0 in stage 0.0 (TID 43)) 48.276ms
[181.964s][info][gc          ] Allocation Stall (Executor task launch worker for task 38.0 in stage 0.0 (TID 38)) 48.720ms
[181.964s][info][gc          ] Allocation Stall (Executor task launch worker for task 30.0 in stage 0.0 (TID 30)) 48.049ms
[181.964s][info][gc,phases   ] GC(41) Concurrent Select Relocation Set 3.581ms
[181.964s][info][gc          ] Allocation Stall (Executor task launch worker for task 42.0 in stage 0.0 (TID 42)) 48.114ms
[181.964s][info][gc          ] Allocation Stall (Executor task launch worker for task 47.0 in stage 0.0 (TID 47)) 48.036ms
[181.964s][info][gc          ] Allocation Stall (Executor task launch worker for task 35.0 in stage 0.0 (TID 35)) 48.095ms
[181.964s][info][gc          ] Allocation Stall (Executor task launch worker for task 9.0 in stage 0.0 (TID 9)) 46.342ms
[181.964s][info][gc          ] Allocation Stall (Executor task launch worker for task 16.0 in stage 0.0 (TID 16)) 46.234ms
[181.964s][info][gc          ] Allocation Stall (Executor task launch worker for task 37.0 in stage 0.0 (TID 37)) 41.296ms
[181.964s][info][gc          ] Allocation Stall (Common-Cleaner) 3.897ms
[181.975s][info][gc,phases   ] GC(41) Pause Relocate Start 0.008ms
[181.984s][info][gc          ] Allocation Stall (Executor task launch worker for task 15.0 in stage 0.0 (TID 15)) 0.042ms
[181.984s][info][gc          ] Allocation Stall (Executor task launch worker for task 13.0 in stage 0.0 (TID 13)) 0.021ms
[181.987s][info][gc          ] Allocation Stall (Executor task launch worker for task 38.0 in stage 0.0 (TID 38)) 2.964ms
[181.987s][info][gc,phases   ] GC(41) Concurrent Relocate 11.133ms
[181.987s][info][gc,load     ] GC(41) Load: 0.00/0.00/0.00
[181.987s][info][gc,mmu      ] GC(41) MMU: 2ms/97.3%, 5ms/98.9%, 10ms/99.5%, 20ms/99.7%, 50ms/99.8%, 100ms/99.9%
[181.987s][info][gc,marking  ] GC(41) Mark: 4 stripe(s), 2 proactive flush(es), 1 terminate flush(es), 0 completion(s), 0 continuation(s) 
[181.987s][info][gc,marking  ] GC(41) Mark Stack Usage: 32M
[181.987s][info][gc,nmethod  ] GC(41) NMethods: 937 registered, 24 unregistered
[181.987s][info][gc,metaspace] GC(41) Metaspace: 107M used, 116M committed, 1152M reserved
[181.987s][info][gc,ref      ] GC(41) Soft: 2800 encountered, 2266 discovered, 1 enqueued
[181.987s][info][gc,ref      ] GC(41) Weak: 12957 encountered, 5390 discovered, 3 enqueued
[181.988s][info][gc,ref      ] GC(41) Final: 40 encountered, 2 discovered, 0 enqueued
[181.988s][info][gc,ref      ] GC(41) Phantom: 751 encountered, 542 discovered, 1 enqueued
[181.988s][info][gc,reloc    ] GC(41) Small Pages: 120 / 240M, Empty: 90M, Relocated: 3M, In-Place: 0
[181.988s][info][gc,reloc    ] GC(41) Medium Pages: 1 / 16M, Empty: 0M, Relocated: 0M, In-Place: 0
[181.988s][info][gc,reloc    ] GC(41) Large Pages: 51 / 256M, Empty: 4M, Relocated: 0M, In-Place: 0
[181.988s][info][gc,reloc    ] GC(41) Forwarding Usage: 1M
[181.988s][info][gc,heap     ] GC(41) Min Capacity: 8M(2%)
[181.988s][info][gc,heap     ] GC(41) Max Capacity: 512M(100%)
[181.988s][info][gc,heap     ] GC(41) Soft Max Capacity: 512M(100%)
[181.988s][info][gc,heap     ] GC(41)                Mark Start          Mark End        Relocate Start      Relocate End           High               Low         
[181.988s][info][gc,heap     ] GC(41)  Capacity:      512M (100%)        512M (100%)        512M (100%)        512M (100%)        512M (100%)        512M (100%)   
[181.988s][info][gc,heap     ] GC(41)      Free:        0M (0%)            0M (0%)           64M (13%)           0M (0%)           96M (19%)           0M (0%)     
[181.988s][info][gc,heap     ] GC(41)      Used:      512M (100%)        512M (100%)        448M (88%)         512M (100%)        512M (100%)        416M (81%)    
[181.988s][info][gc,heap     ] GC(41)      Live:         -               313M (61%)         313M (61%)         313M (61%)            -                  -          
[181.988s][info][gc,heap     ] GC(41) Allocated:         -                 0M (0%)           30M (6%)          166M (33%)            -                  -          
[181.988s][info][gc,heap     ] GC(41)   Garbage:         -               198M (39%)         104M (20%)          31M (6%)             -                  -          
[181.988s][info][gc,heap     ] GC(41) Reclaimed:         -                  -                94M (18%)         166M (33%)            -                  -          
[181.988s][info][gc          ] GC(41) Garbage Collection (Allocation Stall) 512M(100%)->512M(100%)
[181.988s][info][gc,start    ] GC(42) Garbage Collection (Allocation Stall)
[181.988s][info][gc,ref      ] GC(42) Clearing All SoftReferences
[181.988s][info][gc,task     ] GC(42) Using 5 workers
[181.988s][info][gc,ref      ] GC(42) Clearing All SoftReferences
[181.988s][info][gc,phases   ] GC(42) Pause Mark Start 0.053ms
[182.037s][info][gc,phases   ] GC(42) Concurrent Mark 48.891ms
[182.037s][info][gc,phases   ] GC(42) Pause Mark End 0.023ms
[182.037s][info][gc,phases   ] GC(42) Concurrent Mark Free 0.001ms
[182.038s][info][gc,phases   ] GC(42) Concurrent Process Non-Strong References 1.215ms
[182.039s][info][gc,phases   ] GC(42) Concurrent Reset Relocation Set 0.008ms
[182.042s][info][gc          ] Allocation Stall (Executor task launch worker for task 38.0 in stage 0.0 (TID 38)) 54.126ms
[182.042s][info][gc          ] Allocation Stall (Executor task launch worker for task 26.0 in stage 0.0 (TID 26)) 57.066ms
[182.042s][info][gc          ] Allocation Stall (Executor task launch worker for task 39.0 in stage 0.0 (TID 39)) 57.598ms
[182.042s][info][gc          ] Allocation Stall (Executor task launch worker for task 13.0 in stage 0.0 (TID 13)) 56.937ms
[182.042s][info][gc          ] Allocation Stall (Executor task launch worker for task 32.0 in stage 0.0 (TID 32)) 57.070ms
[182.042s][info][gc          ] Allocation Stall (Executor task launch worker for task 14.0 in stage 0.0 (TID 14)) 57.502ms
[182.042s][info][gc          ] Allocation Stall (Executor task launch worker for task 31.0 in stage 0.0 (TID 31)) 57.205ms
[182.042s][info][gc          ] Allocation Stall (Executor task launch worker for task 11.0 in stage 0.0 (TID 11)) 57.664ms
[182.042s][info][gc          ] Allocation Stall (Executor task launch worker for task 0.0 in stage 0.0 (TID 0)) 57.534ms
[182.042s][info][gc          ] Allocation Stall (Executor task launch worker for task 5.0 in stage 0.0 (TID 5)) 57.036ms
[182.042s][info][gc          ] Allocation Stall (Executor task launch worker for task 41.0 in stage 0.0 (TID 41)) 48.513ms
[182.042s][info][gc          ] Allocation Stall (Executor task launch worker for task 3.0 in stage 0.0 (TID 3)) 57.556ms
[182.042s][info][gc          ] Allocation Stall (Executor task launch worker for task 47.0 in stage 0.0 (TID 47)) 57.087ms
[182.042s][info][gc          ] Allocation Stall (Executor task launch worker for task 2.0 in stage 0.0 (TID 2)) 57.696ms
[182.042s][info][gc          ] Allocation Stall (Executor task launch worker for task 21.0 in stage 0.0 (TID 21)) 57.022ms
[182.042s][info][gc          ] Allocation Stall (Executor task launch worker for task 36.0 in stage 0.0 (TID 36)) 57.647ms
[182.042s][info][gc          ] Allocation Stall (Executor task launch worker for task 45.0 in stage 0.0 (TID 45)) 57.760ms
[182.042s][info][gc          ] Allocation Stall (Executor task launch worker for task 40.0 in stage 0.0 (TID 40)) 58.053ms
[182.042s][info][gc          ] Allocation Stall (Executor task launch worker for task 30.0 in stage 0.0 (TID 30)) 57.163ms
[182.042s][info][gc          ] Allocation Stall (Common-Cleaner) 3.679ms
[182.042s][info][gc          ] Allocation Stall (Executor task launch worker for task 22.0 in stage 0.0 (TID 22)) 57.507ms
[182.042s][info][gc          ] Allocation Stall (Executor task launch worker for task 17.0 in stage 0.0 (TID 17)) 57.457ms
[182.042s][info][gc          ] Allocation Stall (Executor task launch worker for task 10.0 in stage 0.0 (TID 10)) 54.137ms
[182.042s][info][gc          ] Allocation Stall (Executor task launch worker for task 27.0 in stage 0.0 (TID 27)) 57.210ms
[182.042s][info][gc          ] Allocation Stall (Executor task launch worker for task 15.0 in stage 0.0 (TID 15)) 57.280ms
[182.042s][info][gc          ] Allocation Stall (Executor task launch worker for task 8.0 in stage 0.0 (TID 8)) 57.161ms
[182.042s][info][gc          ] Allocation Stall (Executor task launch worker for task 46.0 in stage 0.0 (TID 46)) 57.504ms
[182.042s][info][gc          ] Allocation Stall (Executor task launch worker for task 28.0 in stage 0.0 (TID 28)) 57.789ms
[182.042s][info][gc          ] Allocation Stall (Executor task launch worker for task 35.0 in stage 0.0 (TID 35)) 57.760ms
[182.042s][info][gc          ] Allocation Stall (Executor task launch worker for task 42.0 in stage 0.0 (TID 42)) 57.026ms
[182.042s][info][gc          ] Allocation Stall (Executor task launch worker for task 44.0 in stage 0.0 (TID 44)) 57.765ms
[182.042s][info][gc          ] Allocation Stall (Executor task launch worker for task 4.0 in stage 0.0 (TID 4)) 57.507ms
[182.042s][info][gc          ] Allocation Stall (Executor task launch worker for task 7.0 in stage 0.0 (TID 7)) 56.972ms
[182.042s][info][gc          ] Allocation Stall (Spark Context Cleaner) 36.598ms
[182.042s][info][gc          ] Allocation Stall (Executor task launch worker for task 23.0 in stage 0.0 (TID 23)) 57.595ms
[182.042s][info][gc          ] Allocation Stall (Executor task launch worker for task 19.0 in stage 0.0 (TID 19)) 57.205ms
[182.042s][info][gc          ] Allocation Stall (Executor task launch worker for task 29.0 in stage 0.0 (TID 29)) 58.102ms
[182.042s][info][gc          ] Allocation Stall (Executor task launch worker for task 12.0 in stage 0.0 (TID 12)) 57.244ms
[182.042s][info][gc          ] Allocation Stall (Executor task launch worker for task 18.0 in stage 0.0 (TID 18)) 57.835ms
[182.042s][info][gc          ] Allocation Stall (Executor task launch worker for task 6.0 in stage 0.0 (TID 6)) 57.148ms
[182.042s][info][gc          ] Allocation Stall (Executor task launch worker for task 20.0 in stage 0.0 (TID 20)) 57.319ms
[182.042s][info][gc          ] Allocation Stall (Executor task launch worker for task 43.0 in stage 0.0 (TID 43)) 57.762ms
[182.042s][info][gc          ] Allocation Stall (Executor task launch worker for task 1.0 in stage 0.0 (TID 1)) 57.833ms
[182.042s][info][gc          ] Allocation Stall (Executor task launch worker for task 34.0 in stage 0.0 (TID 34)) 57.096ms
[182.042s][info][gc          ] Allocation Stall (Executor task launch worker for task 25.0 in stage 0.0 (TID 25)) 49.924ms
[182.042s][info][gc          ] Allocation Stall (Executor task launch worker for task 16.0 in stage 0.0 (TID 16)) 54.062ms
[182.042s][info][gc          ] Allocation Stall (Executor task launch worker for task 37.0 in stage 0.0 (TID 37)) 57.293ms
[182.042s][info][gc          ] Allocation Stall (Executor task launch worker for task 33.0 in stage 0.0 (TID 33)) 57.047ms
[182.042s][info][gc          ] Allocation Stall (Executor task launch worker for task 9.0 in stage 0.0 (TID 9)) 57.532ms
[182.042s][info][gc          ] Allocation Stall (Executor task launch worker for task 24.0 in stage 0.0 (TID 24)) 57.571ms
[182.048s][info][gc,phases   ] GC(42) Concurrent Select Relocation Set 9.457ms
[182.049s][info][gc,phases   ] GC(42) Pause Relocate Start 0.008ms
[182.057s][info][gc          ] Allocation Stall (Executor task launch worker for task 34.0 in stage 0.0 (TID 34)) 0.126ms
[182.057s][info][gc          ] Allocation Stall (Executor task launch worker for task 31.0 in stage 0.0 (TID 31)) 0.166ms
[182.057s][info][gc          ] Allocation Stall (Executor task launch worker for task 4.0 in stage 0.0 (TID 4)) 0.374ms
[182.057s][info][gc          ] Allocation Stall (Executor task launch worker for task 28.0 in stage 0.0 (TID 28)) 0.412ms
[182.057s][info][gc          ] Allocation Stall (Executor task launch worker for task 0.0 in stage 0.0 (TID 0)) 0.548ms
[182.057s][info][gc          ] Allocation Stall (Executor task launch worker for task 7.0 in stage 0.0 (TID 7)) 0.485ms
[182.057s][info][gc          ] Allocation Stall (Executor task launch worker for task 41.0 in stage 0.0 (TID 41)) 0.750ms
[182.057s][info][gc          ] Allocation Stall (Executor task launch worker for task 11.0 in stage 0.0 (TID 11)) 0.760ms
[182.057s][info][gc          ] Allocation Stall (Executor task launch worker for task 5.0 in stage 0.0 (TID 5)) 0.819ms
[182.057s][info][gc          ] Allocation Stall (Executor task launch worker for task 36.0 in stage 0.0 (TID 36)) 0.897ms
[182.058s][info][gc          ] Allocation Stall (Executor task launch worker for task 14.0 in stage 0.0 (TID 14)) 0.949ms
[182.059s][info][gc          ] Allocation Stall (Executor task launch worker for task 46.0 in stage 0.0 (TID 46)) 2.678ms
[182.059s][info][gc,phases   ] GC(42) Concurrent Relocate 8.573ms
[182.059s][info][gc          ] Allocation Stall (Executor task launch worker for task 23.0 in stage 0.0 (TID 23)) 2.766ms
[182.059s][info][gc,load     ] GC(42) Load: 0.00/0.00/0.00
[182.060s][info][gc,mmu      ] GC(42) MMU: 2ms/97.3%, 5ms/98.9%, 10ms/99.5%, 20ms/99.7%, 50ms/99.8%, 100ms/99.9%
[182.060s][info][gc,marking  ] GC(42) Mark: 4 stripe(s), 2 proactive flush(es), 1 terminate flush(es), 0 completion(s), 0 continuation(s) 
[182.060s][info][gc,marking  ] GC(42) Mark Stack Usage: 32M
[182.060s][info][gc,nmethod  ] GC(42) NMethods: 981 registered, 24 unregistered
[182.060s][info][gc,metaspace] GC(42) Metaspace: 107M used, 116M committed, 1152M reserved
[182.060s][info][gc,ref      ] GC(42) Soft: 2800 encountered, 2271 discovered, 1 enqueued
[182.060s][info][gc,ref      ] GC(42) Weak: 12960 encountered, 4353 discovered, 5 enqueued
[182.060s][info][gc,ref      ] GC(42) Final: 40 encountered, 0 discovered, 0 enqueued
[182.060s][info][gc,ref      ] GC(42) Phantom: 753 encountered, 433 discovered, 3 enqueued
[182.060s][info][gc,reloc    ] GC(42) Small Pages: 114 / 228M, Empty: 102M, Relocated: 3M, In-Place: 0
[182.060s][info][gc,reloc    ] GC(42) Medium Pages: 1 / 16M, Empty: 0M, Relocated: 0M, In-Place: 0
[182.060s][info][gc,reloc    ] GC(42) Large Pages: 52 / 268M, Empty: 4M, Relocated: 0M, In-Place: 0
[182.060s][info][gc,reloc    ] GC(42) Forwarding Usage: 1M
[182.060s][info][gc,heap     ] GC(42) Min Capacity: 8M(2%)
[182.060s][info][gc,heap     ] GC(42) Max Capacity: 512M(100%)
[182.060s][info][gc,heap     ] GC(42) Soft Max Capacity: 512M(100%)
[182.060s][info][gc,heap     ] GC(42)                Mark Start          Mark End        Relocate Start      Relocate End           High               Low         
[182.060s][info][gc,heap     ] GC(42)  Capacity:      512M (100%)        512M (100%)        512M (100%)        512M (100%)        512M (100%)        512M (100%)   
[182.060s][info][gc,heap     ] GC(42)      Free:        0M (0%)            0M (0%)           64M (13%)           0M (0%)          106M (21%)           0M (0%)     
[182.060s][info][gc,heap     ] GC(42)      Used:      512M (100%)        512M (100%)        448M (88%)         512M (100%)        512M (100%)        406M (79%)    
[182.060s][info][gc,heap     ] GC(42)      Live:         -               325M (64%)         325M (64%)         325M (64%)            -                  -          
[182.060s][info][gc,heap     ] GC(42) Allocated:         -                 0M (0%)           42M (8%)          154M (30%)            -                  -          
[182.060s][info][gc,heap     ] GC(42)   Garbage:         -               186M (36%)          80M (16%)          31M (6%)             -                  -          
[182.060s][info][gc,heap     ] GC(42) Reclaimed:         -                  -               106M (21%)         154M (30%)            -                  -          
[182.060s][info][gc          ] GC(42) Garbage Collection (Allocation Stall) 512M(100%)->512M(100%)
[182.060s][info][gc,start    ] GC(43) Garbage Collection (Allocation Stall)
[182.060s][info][gc,ref      ] GC(43) Clearing All SoftReferences
[182.060s][info][gc,task     ] GC(43) Using 5 workers
[182.060s][info][gc,ref      ] GC(43) Clearing All SoftReferences
[182.060s][info][gc,phases   ] GC(43) Pause Mark Start 0.049ms
[182.097s][info][gc,phases   ] GC(43) Concurrent Mark 36.241ms
[182.097s][info][gc,phases   ] GC(43) Pause Mark End 0.019ms
[182.097s][info][gc,phases   ] GC(43) Concurrent Mark Free 0.001ms
[182.098s][info][gc,phases   ] GC(43) Concurrent Process Non-Strong References 1.197ms
[182.098s][info][gc,phases   ] GC(43) Concurrent Reset Relocation Set 0.004ms
[182.101s][info][gc          ] Allocation Stall (Executor task launch worker for task 0.0 in stage 0.0 (TID 0)) 41.476ms
[182.101s][info][gc          ] Allocation Stall (Executor task launch worker for task 5.0 in stage 0.0 (TID 5)) 41.551ms
[182.101s][info][gc          ] Allocation Stall (Executor task launch worker for task 10.0 in stage 0.0 (TID 10)) 40.804ms
[182.101s][info][gc          ] Allocation Stall (Executor task launch worker for task 28.0 in stage 0.0 (TID 28)) 41.524ms
[182.101s][info][gc          ] Allocation Stall (RemoteBlock-temp-file-clean-thread) 38.707ms
[182.101s][info][gc          ] Allocation Stall (Executor task launch worker for task 31.0 in stage 0.0 (TID 31)) 41.297ms
[182.101s][info][gc          ] Allocation Stall (Executor task launch worker for task 13.0 in stage 0.0 (TID 13)) 44.863ms
[182.101s][info][gc          ] Allocation Stall (Executor task launch worker for task 36.0 in stage 0.0 (TID 36)) 42.044ms
[182.101s][info][gc          ] Allocation Stall (Executor task launch worker for task 41.0 in stage 0.0 (TID 41)) 41.480ms
[182.101s][info][gc          ] Allocation Stall (Executor task launch worker for task 23.0 in stage 0.0 (TID 23)) 41.399ms
[182.101s][info][gc          ] Allocation Stall (Executor task launch worker for task 11.0 in stage 0.0 (TID 11)) 42.047ms
[182.101s][info][gc          ] Allocation Stall (Executor task launch worker for task 46.0 in stage 0.0 (TID 46)) 41.164ms
[182.101s][info][gc          ] Allocation Stall (Executor task launch worker for task 14.0 in stage 0.0 (TID 14)) 41.575ms
[182.101s][info][gc          ] Allocation Stall (Executor task launch worker for task 29.0 in stage 0.0 (TID 29)) 43.945ms
[182.101s][info][gc          ] Allocation Stall (Executor task launch worker for task 4.0 in stage 0.0 (TID 4)) 41.558ms
[182.101s][info][gc          ] Allocation Stall (Executor task launch worker for task 26.0 in stage 0.0 (TID 26)) 41.442ms
[182.101s][info][gc          ] Allocation Stall (Executor task launch worker for task 42.0 in stage 0.0 (TID 42)) 44.772ms
[182.101s][info][gc          ] Allocation Stall (Executor task launch worker for task 27.0 in stage 0.0 (TID 27)) 44.838ms
[182.101s][info][gc          ] Allocation Stall (Executor task launch worker for task 19.0 in stage 0.0 (TID 19)) 44.868ms
[182.101s][info][gc          ] Allocation Stall (Executor task launch worker for task 45.0 in stage 0.0 (TID 45)) 44.777ms
[182.101s][info][gc          ] Allocation Stall (Executor task launch worker for task 1.0 in stage 0.0 (TID 1)) 44.834ms
[182.102s][info][gc          ] Allocation Stall (Executor task launch worker for task 38.0 in stage 0.0 (TID 38)) 44.904ms
[182.102s][info][gc          ] Allocation Stall (Executor task launch worker for task 22.0 in stage 0.0 (TID 22)) 44.829ms
[182.102s][info][gc          ] Allocation Stall (Executor task launch worker for task 24.0 in stage 0.0 (TID 24)) 44.829ms
[182.102s][info][gc          ] Allocation Stall (Executor task launch worker for task 32.0 in stage 0.0 (TID 32)) 44.836ms
[182.102s][info][gc          ] Allocation Stall (Executor task launch worker for task 43.0 in stage 0.0 (TID 43)) 44.828ms
[182.102s][info][gc          ] Allocation Stall (Executor task launch worker for task 20.0 in stage 0.0 (TID 20)) 44.828ms
[182.102s][info][gc          ] Allocation Stall (Executor task launch worker for task 12.0 in stage 0.0 (TID 12)) 44.830ms
[182.102s][info][gc          ] Allocation Stall (Executor task launch worker for task 2.0 in stage 0.0 (TID 2)) 44.837ms
[182.102s][info][gc          ] Allocation Stall (Executor task launch worker for task 40.0 in stage 0.0 (TID 40)) 44.819ms
[182.102s][info][gc          ] Allocation Stall (Executor task launch worker for task 8.0 in stage 0.0 (TID 8)) 44.797ms
[182.102s][info][gc          ] Allocation Stall (Executor task launch worker for task 30.0 in stage 0.0 (TID 30)) 44.804ms
[182.102s][info][gc          ] Allocation Stall (Executor task launch worker for task 9.0 in stage 0.0 (TID 9)) 44.862ms
[182.102s][info][gc          ] Allocation Stall (Common-Cleaner) 3.187ms
[182.102s][info][gc          ] Allocation Stall (Executor task launch worker for task 3.0 in stage 0.0 (TID 3)) 44.870ms
[182.102s][info][gc          ] Allocation Stall (Executor task launch worker for task 37.0 in stage 0.0 (TID 37)) 44.684ms
[182.102s][info][gc,phases   ] GC(43) Concurrent Select Relocation Set 3.304ms
[182.102s][info][gc          ] Allocation Stall (Executor task launch worker for task 44.0 in stage 0.0 (TID 44)) 44.655ms
[182.102s][info][gc          ] Allocation Stall (Executor task launch worker for task 21.0 in stage 0.0 (TID 21)) 44.657ms
[182.102s][info][gc          ] Allocation Stall (Executor task launch worker for task 34.0 in stage 0.0 (TID 34)) 44.393ms
[182.102s][info][gc          ] Allocation Stall (Executor task launch worker for task 33.0 in stage 0.0 (TID 33)) 44.969ms
[182.102s][info][gc          ] Allocation Stall (Executor task launch worker for task 47.0 in stage 0.0 (TID 47)) 44.240ms
[182.102s][info][gc          ] Allocation Stall (Executor task launch worker for task 25.0 in stage 0.0 (TID 25)) 44.924ms
[182.102s][info][gc          ] Allocation Stall (Executor task launch worker for task 6.0 in stage 0.0 (TID 6)) 44.234ms
[182.102s][info][gc          ] Allocation Stall (Executor task launch worker for task 18.0 in stage 0.0 (TID 18)) 45.021ms
[182.102s][info][gc          ] Allocation Stall (Executor task launch worker for task 35.0 in stage 0.0 (TID 35)) 44.094ms
[182.102s][info][gc          ] Allocation Stall (Executor task launch worker for task 7.0 in stage 0.0 (TID 7)) 42.248ms
[182.102s][info][gc          ] Allocation Stall (Executor task launch worker for task 15.0 in stage 0.0 (TID 15)) 44.077ms
[182.102s][info][gc          ] Allocation Stall (Executor task launch worker for task 17.0 in stage 0.0 (TID 17)) 42.251ms
[182.102s][info][gc          ] Allocation Stall (Executor task launch worker for task 39.0 in stage 0.0 (TID 39)) 44.283ms
[182.105s][info][gc,phases   ] GC(43) Pause Relocate Start 0.007ms
[182.115s][info][gc          ] Allocation Stall (Executor task launch worker for task 29.0 in stage 0.0 (TID 29)) 0.052ms
[182.115s][info][gc          ] Allocation Stall (Executor task launch worker for task 13.0 in stage 0.0 (TID 13)) 0.224ms
[182.117s][info][gc          ] Allocation Stall (Executor task launch worker for task 44.0 in stage 0.0 (TID 44)) 2.163ms
[182.117s][info][gc,phases   ] GC(43) Concurrent Relocate 9.119ms
[182.117s][info][gc,load     ] GC(43) Load: 0.00/0.00/0.00
[182.117s][info][gc,mmu      ] GC(43) MMU: 2ms/97.3%, 5ms/98.9%, 10ms/99.5%, 20ms/99.7%, 50ms/99.8%, 100ms/99.9%
[182.117s][info][gc,marking  ] GC(43) Mark: 4 stripe(s), 2 proactive flush(es), 1 terminate flush(es), 0 completion(s), 0 continuation(s) 
[182.117s][info][gc,marking  ] GC(43) Mark Stack Usage: 32M
[182.117s][info][gc,nmethod  ] GC(43) NMethods: 1029 registered, 24 unregistered
[182.117s][info][gc,metaspace] GC(43) Metaspace: 107M used, 116M committed, 1152M reserved
[182.117s][info][gc,ref      ] GC(43) Soft: 2801 encountered, 2258 discovered, 2 enqueued
[182.117s][info][gc,ref      ] GC(43) Weak: 12965 encountered, 7337 discovered, 9 enqueued
[182.117s][info][gc,ref      ] GC(43) Final: 40 encountered, 2 discovered, 0 enqueued
[182.117s][info][gc,ref      ] GC(43) Phantom: 757 encountered, 568 discovered, 6 enqueued
[182.117s][info][gc,reloc    ] GC(43) Small Pages: 116 / 232M, Empty: 88M, Relocated: 3M, In-Place: 0
[182.117s][info][gc,reloc    ] GC(43) Medium Pages: 1 / 16M, Empty: 0M, Relocated: 0M, In-Place: 0
[182.117s][info][gc,reloc    ] GC(43) Large Pages: 51 / 264M, Empty: 8M, Relocated: 0M, In-Place: 0
[182.117s][info][gc,reloc    ] GC(43) Forwarding Usage: 1M
[182.117s][info][gc,heap     ] GC(43) Min Capacity: 8M(2%)
[182.117s][info][gc,heap     ] GC(43) Max Capacity: 512M(100%)
[182.117s][info][gc,heap     ] GC(43) Soft Max Capacity: 512M(100%)
[182.117s][info][gc,heap     ] GC(43)                Mark Start          Mark End        Relocate Start      Relocate End           High               Low         
[182.117s][info][gc,heap     ] GC(43)  Capacity:      512M (100%)        512M (100%)        512M (100%)        512M (100%)        512M (100%)        512M (100%)   
[182.117s][info][gc,heap     ] GC(43)      Free:        0M (0%)            0M (0%)           80M (16%)           0M (0%)          106M (21%)           0M (0%)     
[182.117s][info][gc,heap     ] GC(43)      Used:      512M (100%)        512M (100%)        432M (84%)         512M (100%)        512M (100%)        406M (79%)    
[182.117s][info][gc,heap     ] GC(43)      Live:         -               317M (62%)         317M (62%)         317M (62%)            -                  -          
[182.117s][info][gc,heap     ] GC(43) Allocated:         -                 0M (0%)           16M (3%)          162M (32%)            -                  -          
[182.117s][info][gc,heap     ] GC(43)   Garbage:         -               194M (38%)          98M (19%)          31M (6%)             -                  -          
[182.118s][info][gc,heap     ] GC(43) Reclaimed:         -                  -                96M (19%)         162M (32%)            -                  -          
[182.118s][info][gc          ] GC(43) Garbage Collection (Allocation Stall) 512M(100%)->512M(100%)
[182.118s][info][gc,start    ] GC(44) Garbage Collection (Allocation Stall)
[182.118s][info][gc,ref      ] GC(44) Clearing All SoftReferences
[182.118s][info][gc,task     ] GC(44) Using 5 workers
[182.118s][info][gc,ref      ] GC(44) Clearing All SoftReferences
[182.118s][info][gc,phases   ] GC(44) Pause Mark Start 0.038ms
[182.163s][info][gc,phases   ] GC(44) Concurrent Mark 45.122ms
[182.163s][info][gc,phases   ] GC(44) Pause Mark End 0.017ms
[182.163s][info][gc,phases   ] GC(44) Concurrent Mark Free 0.001ms
[182.165s][info][gc,phases   ] GC(44) Concurrent Process Non-Strong References 1.296ms
[182.165s][info][gc,phases   ] GC(44) Concurrent Reset Relocation Set 0.008ms
[182.168s][info][gc          ] Allocation Stall (Executor task launch worker for task 38.0 in stage 0.0 (TID 38)) 53.096ms
[182.168s][info][gc          ] Allocation Stall (Executor task launch worker for task 0.0 in stage 0.0 (TID 0)) 52.901ms
[182.168s][info][gc          ] Allocation Stall (Executor task launch worker for task 8.0 in stage 0.0 (TID 8)) 52.809ms
[182.168s][info][gc          ] Allocation Stall (Executor task launch worker for task 14.0 in stage 0.0 (TID 14)) 53.158ms
[182.168s][info][gc          ] Allocation Stall (Executor task launch worker for task 30.0 in stage 0.0 (TID 30)) 53.127ms
[182.168s][info][gc          ] Allocation Stall (Executor task launch worker for task 20.0 in stage 0.0 (TID 20)) 52.903ms
[182.168s][info][gc          ] Allocation Stall (Executor task launch worker for task 31.0 in stage 0.0 (TID 31)) 53.106ms
[182.168s][info][gc          ] Allocation Stall (Executor task launch worker for task 19.0 in stage 0.0 (TID 19)) 52.794ms
[182.168s][info][gc          ] Allocation Stall (Executor task launch worker for task 46.0 in stage 0.0 (TID 46)) 53.108ms
[182.168s][info][gc          ] Allocation Stall (Executor task launch worker for task 32.0 in stage 0.0 (TID 32)) 53.078ms
[182.168s][info][gc          ] Allocation Stall (Executor task launch worker for task 29.0 in stage 0.0 (TID 29)) 52.916ms
[182.168s][info][gc          ] Allocation Stall (Executor task launch worker for task 5.0 in stage 0.0 (TID 5)) 53.091ms
[182.168s][info][gc          ] Allocation Stall (Executor task launch worker for task 3.0 in stage 0.0 (TID 3)) 53.141ms
[182.168s][info][gc          ] Allocation Stall (Executor task launch worker for task 21.0 in stage 0.0 (TID 21)) 53.089ms
[182.168s][info][gc          ] Allocation Stall (Executor task launch worker for task 33.0 in stage 0.0 (TID 33)) 52.910ms
[182.168s][info][gc          ] Allocation Stall (Executor task launch worker for task 9.0 in stage 0.0 (TID 9)) 53.541ms
[182.168s][info][gc          ] Allocation Stall (Executor task launch worker for task 39.0 in stage 0.0 (TID 39)) 53.163ms
[182.168s][info][gc          ] Allocation Stall (Executor task launch worker for task 7.0 in stage 0.0 (TID 7)) 53.088ms
[182.168s][info][gc          ] Allocation Stall (Executor task launch worker for task 26.0 in stage 0.0 (TID 26)) 53.363ms
[182.168s][info][gc          ] Allocation Stall (Executor task launch worker for task 15.0 in stage 0.0 (TID 15)) 53.485ms
[182.168s][info][gc          ] Allocation Stall (Executor task launch worker for task 6.0 in stage 0.0 (TID 6)) 53.541ms
[182.168s][info][gc          ] Allocation Stall (Executor task launch worker for task 11.0 in stage 0.0 (TID 11)) 53.450ms
[182.168s][info][gc          ] Allocation Stall (Executor task launch worker for task 4.0 in stage 0.0 (TID 4)) 53.492ms
[182.168s][info][gc          ] Allocation Stall (Executor task launch worker for task 17.0 in stage 0.0 (TID 17)) 53.484ms
[182.168s][info][gc          ] Allocation Stall (Executor task launch worker for task 2.0 in stage 0.0 (TID 2)) 53.398ms
[182.168s][info][gc          ] Allocation Stall (Executor task launch worker for task 41.0 in stage 0.0 (TID 41)) 53.408ms
[182.168s][info][gc          ] Allocation Stall (Executor task launch worker for task 28.0 in stage 0.0 (TID 28)) 53.523ms
[182.168s][info][gc          ] Allocation Stall (Executor task launch worker for task 25.0 in stage 0.0 (TID 25)) 53.404ms
[182.168s][info][gc          ] Allocation Stall (Executor task launch worker for task 18.0 in stage 0.0 (TID 18)) 53.605ms
[182.168s][info][gc          ] Allocation Stall (Executor task launch worker for task 36.0 in stage 0.0 (TID 36)) 53.387ms
[182.168s][info][gc          ] Allocation Stall (Executor task launch worker for task 35.0 in stage 0.0 (TID 35)) 53.267ms
[182.168s][info][gc          ] Allocation Stall (Executor task launch worker for task 45.0 in stage 0.0 (TID 45)) 53.266ms
[182.168s][info][gc          ] Allocation Stall (Executor task launch worker for task 27.0 in stage 0.0 (TID 27)) 53.263ms
[182.168s][info][gc          ] Allocation Stall (Executor task launch worker for task 1.0 in stage 0.0 (TID 1)) 52.910ms
[182.168s][info][gc          ] Allocation Stall (Executor task launch worker for task 24.0 in stage 0.0 (TID 24)) 52.931ms
[182.168s][info][gc,phases   ] GC(44) Concurrent Select Relocation Set 3.797ms
[182.168s][info][gc          ] Allocation Stall (Executor task launch worker for task 12.0 in stage 0.0 (TID 12)) 52.969ms
[182.168s][info][gc          ] Allocation Stall (Executor task launch worker for task 13.0 in stage 0.0 (TID 13)) 52.982ms
[182.169s][info][gc          ] Allocation Stall (Executor task launch worker for task 37.0 in stage 0.0 (TID 37)) 53.014ms
[182.169s][info][gc          ] Allocation Stall (Executor task launch worker for task 22.0 in stage 0.0 (TID 22)) 53.046ms
[182.169s][info][gc          ] Allocation Stall (Executor task launch worker for task 34.0 in stage 0.0 (TID 34)) 53.047ms
[182.169s][info][gc          ] Allocation Stall (Executor task launch worker for task 42.0 in stage 0.0 (TID 42)) 52.946ms
[182.169s][info][gc          ] Allocation Stall (Executor task launch worker for task 10.0 in stage 0.0 (TID 10)) 52.636ms
[182.169s][info][gc          ] Allocation Stall (Executor task launch worker for task 16.0 in stage 0.0 (TID 16)) 52.667ms
[182.169s][info][gc          ] Allocation Stall (Executor task launch worker for task 23.0 in stage 0.0 (TID 23)) 52.860ms
[182.169s][info][gc          ] Allocation Stall (Executor task launch worker for task 44.0 in stage 0.0 (TID 44)) 51.314ms
[182.169s][info][gc          ] Allocation Stall (Executor task launch worker for task 40.0 in stage 0.0 (TID 40)) 43.361ms
[182.169s][info][gc          ] Allocation Stall (Executor task launch worker for task 47.0 in stage 0.0 (TID 47)) 43.449ms
[182.169s][info][gc          ] Allocation Stall (Executor task launch worker for task 43.0 in stage 0.0 (TID 43)) 42.330ms
[182.169s][info][gc          ] Allocation Stall (Spark Context Cleaner) 22.062ms
[182.169s][info][gc          ] Allocation Stall (Common-Cleaner) 4.885ms
[182.170s][info][gc          ] Allocation Stall (Executor task launch worker for task 0.0 in stage 0.0 (TID 0)) 0.679ms
[182.170s][info][gc          ] Allocation Stall (Executor task launch worker for task 38.0 in stage 0.0 (TID 38)) 0.741ms
[182.170s][info][gc          ] Allocation Stall (Executor task launch worker for task 46.0 in stage 0.0 (TID 46)) 0.789ms
[182.170s][info][gc          ] Allocation Stall (Executor task launch worker for task 21.0 in stage 0.0 (TID 21)) 0.821ms
[182.170s][info][gc          ] Allocation Stall (Executor task launch worker for task 32.0 in stage 0.0 (TID 32)) 0.865ms
[182.184s][info][gc,phases   ] GC(44) Pause Relocate Start 0.012ms
[182.184s][info][gc          ] Allocation Stall (Executor task launch worker for task 39.0 in stage 0.0 (TID 39)) 14.896ms
[182.184s][info][gc          ] Allocation Stall (Executor task launch worker for task 19.0 in stage 0.0 (TID 19)) 15.277ms
[182.184s][info][gc          ] Allocation Stall (Executor task launch worker for task 31.0 in stage 0.0 (TID 31)) 14.898ms
[182.184s][info][gc          ] Allocation Stall (Executor task launch worker for task 9.0 in stage 0.0 (TID 9)) 14.420ms
[182.184s][info][gc          ] Allocation Stall (Executor task launch worker for task 20.0 in stage 0.0 (TID 20)) 14.298ms
[182.184s][info][gc          ] Allocation Stall (Executor task launch worker for task 36.0 in stage 0.0 (TID 36)) 14.432ms
[182.184s][info][gc          ] Allocation Stall (Executor task launch worker for task 4.0 in stage 0.0 (TID 4)) 14.398ms
[182.192s][info][gc          ] Allocation Stall (Executor task launch worker for task 33.0 in stage 0.0 (TID 33)) 0.382ms
[182.195s][info][gc          ] Allocation Stall (Executor task launch worker for task 12.0 in stage 0.0 (TID 12)) 2.751ms
[182.195s][info][gc,phases   ] GC(44) Concurrent Relocate 10.098ms
[182.195s][info][gc,load     ] GC(44) Load: 0.00/0.00/0.00
[182.195s][info][gc,mmu      ] GC(44) MMU: 2ms/97.3%, 5ms/98.9%, 10ms/99.5%, 20ms/99.7%, 50ms/99.8%, 100ms/99.9%
[182.195s][info][gc,marking  ] GC(44) Mark: 4 stripe(s), 2 proactive flush(es), 1 terminate flush(es), 0 completion(s), 0 continuation(s) 
[182.195s][info][gc,marking  ] GC(44) Mark Stack Usage: 32M
[182.195s][info][gc,nmethod  ] GC(44) NMethods: 1049 registered, 24 unregistered
[182.195s][info][gc,metaspace] GC(44) Metaspace: 107M used, 116M committed, 1152M reserved
[182.195s][info][gc,ref      ] GC(44) Soft: 2801 encountered, 1571 discovered, 2 enqueued
[182.195s][info][gc,ref      ] GC(44) Weak: 12965 encountered, 4934 discovered, 6 enqueued
[182.195s][info][gc,ref      ] GC(44) Final: 40 encountered, 0 discovered, 0 enqueued
[182.195s][info][gc,ref      ] GC(44) Phantom: 753 encountered, 670 discovered, 3 enqueued
[182.195s][info][gc,reloc    ] GC(44) Small Pages: 108 / 216M, Empty: 66M, Relocated: 3M, In-Place: 0
[182.195s][info][gc,reloc    ] GC(44) Medium Pages: 1 / 16M, Empty: 0M, Relocated: 0M, In-Place: 0
[182.195s][info][gc,reloc    ] GC(44) Large Pages: 52 / 280M, Empty: 0M, Relocated: 0M, In-Place: 0
[182.195s][info][gc,reloc    ] GC(44) Forwarding Usage: 1M
[182.195s][info][gc,heap     ] GC(44) Min Capacity: 8M(2%)
[182.195s][info][gc,heap     ] GC(44) Max Capacity: 512M(100%)
[182.195s][info][gc,heap     ] GC(44) Soft Max Capacity: 512M(100%)
[182.195s][info][gc,heap     ] GC(44)                Mark Start          Mark End        Relocate Start      Relocate End           High               Low         
[182.195s][info][gc,heap     ] GC(44)  Capacity:      512M (100%)        512M (100%)        512M (100%)        512M (100%)        512M (100%)        512M (100%)   
[182.195s][info][gc,heap     ] GC(44)      Free:        0M (0%)            0M (0%)           14M (3%)            0M (0%)           72M (14%)           0M (0%)     
[182.195s][info][gc,heap     ] GC(44)      Used:      512M (100%)        512M (100%)        498M (97%)         512M (100%)        512M (100%)        440M (86%)    
[182.195s][info][gc,heap     ] GC(44)      Live:         -               341M (67%)         341M (67%)         341M (67%)            -                  -          
[182.195s][info][gc,heap     ] GC(44) Allocated:         -                 0M (0%)           52M (10%)         139M (27%)            -                  -          
[182.195s][info][gc,heap     ] GC(44)   Garbage:         -               170M (33%)         104M (20%)          31M (6%)             -                  -          
[182.195s][info][gc,heap     ] GC(44) Reclaimed:         -                  -                66M (13%)         139M (27%)            -                  -          
[182.196s][info][gc          ] GC(44) Garbage Collection (Allocation Stall) 512M(100%)->512M(100%)
[182.196s][info][gc,start    ] GC(45) Garbage Collection (Allocation Stall)
[182.196s][info][gc,ref      ] GC(45) Clearing All SoftReferences
[182.196s][info][gc,task     ] GC(45) Using 5 workers
[182.196s][info][gc,ref      ] GC(45) Clearing All SoftReferences
[182.196s][info][gc,phases   ] GC(45) Pause Mark Start 0.035ms
[182.247s][info][gc,phases   ] GC(45) Concurrent Mark 50.841ms
[182.247s][info][gc,phases   ] GC(45) Pause Mark End 0.023ms
[182.247s][info][gc,phases   ] GC(45) Concurrent Mark Free 0.001ms
[182.248s][info][gc,phases   ] GC(45) Concurrent Process Non-Strong References 1.401ms
[182.248s][info][gc,phases   ] GC(45) Concurrent Reset Relocation Set 0.007ms
[182.252s][info][gc          ] Allocation Stall (Executor task launch worker for task 14.0 in stage 0.0 (TID 14)) 59.555ms
[182.252s][info][gc          ] Allocation Stall (Executor task launch worker for task 4.0 in stage 0.0 (TID 4)) 59.597ms
[182.252s][info][gc          ] Allocation Stall (Executor task launch worker for task 34.0 in stage 0.0 (TID 34)) 59.387ms
[182.252s][info][gc          ] Allocation Stall (Executor task launch worker for task 21.0 in stage 0.0 (TID 21)) 59.950ms
[182.252s][info][gc          ] Allocation Stall (Executor task launch worker for task 13.0 in stage 0.0 (TID 13)) 59.227ms
[182.252s][info][gc          ] Allocation Stall (Executor task launch worker for task 40.0 in stage 0.0 (TID 40)) 59.347ms
[182.252s][info][gc          ] Allocation Stall (Executor task launch worker for task 28.0 in stage 0.0 (TID 28)) 59.521ms
[182.252s][info][gc          ] Allocation Stall (Executor task launch worker for task 15.0 in stage 0.0 (TID 15)) 59.456ms
[182.252s][info][gc          ] Allocation Stall (Executor task launch worker for task 37.0 in stage 0.0 (TID 37)) 59.352ms
[182.252s][info][gc          ] Allocation Stall (Executor task launch worker for task 5.0 in stage 0.0 (TID 5)) 59.503ms
[182.252s][info][gc          ] Allocation Stall (Executor task launch worker for task 44.0 in stage 0.0 (TID 44)) 59.254ms
[182.252s][info][gc          ] Allocation Stall (Executor task launch worker for task 29.0 in stage 0.0 (TID 29)) 60.007ms
[182.252s][info][gc          ] Allocation Stall (Executor task launch worker for task 17.0 in stage 0.0 (TID 17)) 59.620ms
[182.252s][info][gc          ] Allocation Stall (Executor task launch worker for task 7.0 in stage 0.0 (TID 7)) 59.987ms
[182.252s][info][gc          ] Allocation Stall (Executor task launch worker for task 31.0 in stage 0.0 (TID 31)) 59.701ms
[182.252s][info][gc          ] Allocation Stall (Executor task launch worker for task 30.0 in stage 0.0 (TID 30)) 59.705ms
[182.252s][info][gc          ] Allocation Stall (Executor task launch worker for task 18.0 in stage 0.0 (TID 18)) 60.152ms
[182.252s][info][gc          ] Allocation Stall (Executor task launch worker for task 41.0 in stage 0.0 (TID 41)) 59.535ms
[182.252s][info][gc          ] Allocation Stall (Executor task launch worker for task 42.0 in stage 0.0 (TID 42)) 60.242ms
[182.252s][info][gc          ] Allocation Stall (Executor task launch worker for task 1.0 in stage 0.0 (TID 1)) 59.388ms
[182.252s][info][gc          ] Allocation Stall (Executor task launch worker for task 33.0 in stage 0.0 (TID 33)) 59.544ms
[182.252s][info][gc          ] Allocation Stall (Executor task launch worker for task 39.0 in stage 0.0 (TID 39)) 59.708ms
[182.252s][info][gc          ] Allocation Stall (Executor task launch worker for task 47.0 in stage 0.0 (TID 47)) 60.042ms
[182.252s][info][gc          ] Allocation Stall (Executor task launch worker for task 36.0 in stage 0.0 (TID 36)) 59.499ms
[182.252s][info][gc          ] Allocation Stall (Executor task launch worker for task 38.0 in stage 0.0 (TID 38)) 59.761ms
[182.252s][info][gc          ] Allocation Stall (Executor task launch worker for task 9.0 in stage 0.0 (TID 9)) 59.853ms
[182.252s][info][gc          ] Allocation Stall (Executor task launch worker for task 20.0 in stage 0.0 (TID 20)) 59.941ms
[182.252s][info][gc          ] Allocation Stall (Executor task launch worker for task 3.0 in stage 0.0 (TID 3)) 59.676ms
[182.252s][info][gc          ] Allocation Stall (Executor task launch worker for task 22.0 in stage 0.0 (TID 22)) 59.853ms
[182.252s][info][gc          ] Allocation Stall (Executor task launch worker for task 19.0 in stage 0.0 (TID 19)) 59.788ms
[182.252s][info][gc          ] Allocation Stall (Executor task launch worker for task 0.0 in stage 0.0 (TID 0)) 60.242ms
[182.252s][info][gc          ] Allocation Stall (Executor task launch worker for task 45.0 in stage 0.0 (TID 45)) 59.981ms
[182.252s][info][gc          ] Allocation Stall (Executor task launch worker for task 24.0 in stage 0.0 (TID 24)) 59.792ms
[182.252s][info][gc          ] Allocation Stall (Executor task launch worker for task 35.0 in stage 0.0 (TID 35)) 60.089ms
[182.252s][info][gc          ] Allocation Stall (Executor task launch worker for task 32.0 in stage 0.0 (TID 32)) 59.715ms
[182.252s][info][gc          ] Allocation Stall (Executor task launch worker for task 11.0 in stage 0.0 (TID 11)) 60.188ms
[182.252s][info][gc          ] Allocation Stall (Executor task launch worker for task 2.0 in stage 0.0 (TID 2)) 60.035ms
[182.252s][info][gc          ] Allocation Stall (Executor task launch worker for task 8.0 in stage 0.0 (TID 8)) 60.030ms
[182.252s][info][gc          ] Allocation Stall (Executor task launch worker for task 46.0 in stage 0.0 (TID 46)) 59.996ms
[182.252s][info][gc          ] Allocation Stall (Executor task launch worker for task 6.0 in stage 0.0 (TID 6)) 60.078ms
[182.252s][info][gc          ] Allocation Stall (Executor task launch worker for task 43.0 in stage 0.0 (TID 43)) 59.450ms
[182.252s][info][gc          ] Allocation Stall (Executor task launch worker for task 26.0 in stage 0.0 (TID 26)) 60.220ms
[182.252s][info][gc          ] Allocation Stall (Executor task launch worker for task 12.0 in stage 0.0 (TID 12)) 56.682ms
[182.252s][info][gc          ] Allocation Stall (Executor task launch worker for task 25.0 in stage 0.0 (TID 25)) 60.221ms
[182.252s][info][gc          ] Allocation Stall (Executor task launch worker for task 27.0 in stage 0.0 (TID 27)) 50.678ms
[182.252s][info][gc          ] Allocation Stall (Executor task launch worker for task 23.0 in stage 0.0 (TID 23)) 50.609ms
[182.252s][info][gc          ] Allocation Stall (Executor task launch worker for task 10.0 in stage 0.0 (TID 10)) 49.071ms
[182.253s][info][gc          ] Allocation Stall (Executor task launch worker for task 16.0 in stage 0.0 (TID 16)) 48.478ms
[182.297s][info][gc,phases   ] GC(45) Concurrent Select Relocation Set 48.493ms
[182.297s][info][gc,phases   ] GC(45) Pause Relocate Start 0.010ms
[182.298s][info][gc          ] Relocation Stall (Executor task launch worker for task 10.0 in stage 0.0 (TID 10)) 0.380ms
[182.298s][info][gc          ] Relocation Stall (Executor task launch worker for task 1.0 in stage 0.0 (TID 1)) 0.383ms
[182.298s][info][gc          ] Relocation Stall (Executor task launch worker for task 6.0 in stage 0.0 (TID 6)) 0.384ms
[182.298s][info][gc          ] Relocation Stall (Executor task launch worker for task 23.0 in stage 0.0 (TID 23)) 0.386ms
[182.298s][info][gc          ] Relocation Stall (Executor task launch worker for task 29.0 in stage 0.0 (TID 29)) 0.390ms
[182.298s][info][gc          ] Relocation Stall (Executor task launch worker for task 16.0 in stage 0.0 (TID 16)) 0.388ms
[182.298s][info][gc          ] Relocation Stall (Executor task launch worker for task 47.0 in stage 0.0 (TID 47)) 0.343ms
[182.298s][info][gc          ] Relocation Stall (Executor task launch worker for task 42.0 in stage 0.0 (TID 42)) 0.179ms
[182.298s][info][gc          ] Relocation Stall (Executor task launch worker for task 5.0 in stage 0.0 (TID 5)) 0.399ms
[182.298s][info][gc          ] Relocation Stall (Executor task launch worker for task 25.0 in stage 0.0 (TID 25)) 0.302ms
[182.298s][info][gc          ] Relocation Stall (Executor task launch worker for task 27.0 in stage 0.0 (TID 27)) 0.389ms
[182.298s][info][gc          ] Relocation Stall (Executor task launch worker for task 30.0 in stage 0.0 (TID 30)) 0.273ms
[182.298s][info][gc          ] Relocation Stall (Executor task launch worker for task 28.0 in stage 0.0 (TID 28)) 0.234ms
[182.298s][info][gc          ] Relocation Stall (Executor task launch worker for task 0.0 in stage 0.0 (TID 0)) 0.335ms
[182.298s][info][gc          ] Relocation Stall (Executor task launch worker for task 34.0 in stage 0.0 (TID 34)) 0.126ms
[182.298s][info][gc          ] Relocation Stall (Executor task launch worker for task 31.0 in stage 0.0 (TID 31)) 0.284ms
[182.298s][info][gc          ] Relocation Stall (Executor task launch worker for task 35.0 in stage 0.0 (TID 35)) 0.324ms
[182.298s][info][gc          ] Relocation Stall (Executor task launch worker for task 38.0 in stage 0.0 (TID 38)) 0.331ms
[182.298s][info][gc          ] Relocation Stall (Executor task launch worker for task 14.0 in stage 0.0 (TID 14)) 0.331ms
[182.298s][info][gc          ] Relocation Stall (Executor task launch worker for task 21.0 in stage 0.0 (TID 21)) 0.144ms
[182.298s][info][gc          ] Relocation Stall (Executor task launch worker for task 46.0 in stage 0.0 (TID 46)) 0.367ms
[182.299s][info][gc          ] Allocation Stall (Executor task launch worker for task 4.0 in stage 0.0 (TID 4)) 5.488ms
[182.299s][info][gc          ] Relocation Stall (Executor task launch worker for task 30.0 in stage 0.0 (TID 30)) 1.426ms
[182.299s][info][gc          ] Relocation Stall (Executor task launch worker for task 28.0 in stage 0.0 (TID 28)) 1.403ms
[182.299s][info][gc          ] Relocation Stall (Executor task launch worker for task 21.0 in stage 0.0 (TID 21)) 1.229ms
[182.299s][info][gc          ] Relocation Stall (Executor task launch worker for task 6.0 in stage 0.0 (TID 6)) 1.663ms
[182.299s][info][gc          ] Relocation Stall (Executor task launch worker for task 37.0 in stage 0.0 (TID 37)) 1.766ms
[182.299s][info][gc          ] Relocation Stall (Executor task launch worker for task 18.0 in stage 0.0 (TID 18)) 1.858ms
[182.299s][info][gc          ] Relocation Stall (Executor task launch worker for task 44.0 in stage 0.0 (TID 44)) 2.062ms
[182.299s][info][gc          ] Relocation Stall (Executor task launch worker for task 24.0 in stage 0.0 (TID 24)) 1.767ms
[182.299s][info][gc          ] Allocation Stall (Executor task launch worker for task 30.0 in stage 0.0 (TID 30)) 7.542ms
[182.299s][info][gc          ] Allocation Stall (Executor task launch worker for task 38.0 in stage 0.0 (TID 38)) 8.381ms
[182.299s][info][gc          ] Allocation Stall (Executor task launch worker for task 28.0 in stage 0.0 (TID 28)) 7.551ms
[182.299s][info][gc          ] Allocation Stall (Executor task launch worker for task 21.0 in stage 0.0 (TID 21)) 7.212ms
[182.300s][info][gc          ] Allocation Stall (Executor task launch worker for task 37.0 in stage 0.0 (TID 37)) 6.619ms
[182.300s][info][gc          ] Allocation Stall (Executor task launch worker for task 18.0 in stage 0.0 (TID 18)) 7.047ms
[182.300s][info][gc          ] Allocation Stall (Executor task launch worker for task 44.0 in stage 0.0 (TID 44)) 8.039ms
[182.300s][info][gc          ] Allocation Stall (Executor task launch worker for task 3.0 in stage 0.0 (TID 3)) 6.960ms
[182.300s][info][gc          ] Allocation Stall (Executor task launch worker for task 15.0 in stage 0.0 (TID 15)) 6.971ms
[182.300s][info][gc          ] Allocation Stall (Executor task launch worker for task 47.0 in stage 0.0 (TID 47)) 8.514ms
[182.300s][info][gc          ] Allocation Stall (Executor task launch worker for task 2.0 in stage 0.0 (TID 2)) 6.942ms
[182.300s][info][gc          ] Allocation Stall (Executor task launch worker for task 42.0 in stage 0.0 (TID 42)) 7.482ms
[182.300s][info][gc          ] Allocation Stall (Executor task launch worker for task 25.0 in stage 0.0 (TID 25)) 8.296ms
[182.300s][info][gc          ] Allocation Stall (Executor task launch worker for task 45.0 in stage 0.0 (TID 45)) 6.296ms
[182.300s][info][gc          ] Allocation Stall (Executor task launch worker for task 24.0 in stage 0.0 (TID 24)) 6.928ms
[182.300s][info][gc          ] Allocation Stall (Executor task launch worker for task 0.0 in stage 0.0 (TID 0)) 8.486ms
[182.300s][info][gc          ] Allocation Stall (Executor task launch worker for task 34.0 in stage 0.0 (TID 34)) 7.293ms
[182.300s][info][gc          ] Allocation Stall (Executor task launch worker for task 33.0 in stage 0.0 (TID 33)) 6.037ms
[182.300s][info][gc          ] Allocation Stall (Executor task launch worker for task 31.0 in stage 0.0 (TID 31)) 7.929ms
[182.300s][info][gc          ] Allocation Stall (Executor task launch worker for task 35.0 in stage 0.0 (TID 35)) 8.430ms
[182.300s][info][gc          ] Allocation Stall (Executor task launch worker for task 14.0 in stage 0.0 (TID 14)) 8.452ms
[182.300s][info][gc          ] Allocation Stall (Executor task launch worker for task 46.0 in stage 0.0 (TID 46)) 8.639ms
[182.300s][info][gc          ] Allocation Stall (Executor task launch worker for task 9.0 in stage 0.0 (TID 9)) 6.061ms
[182.300s][info][gc          ] Allocation Stall (Executor task launch worker for task 8.0 in stage 0.0 (TID 8)) 5.958ms
[182.300s][info][gc          ] Allocation Stall (Spark Context Cleaner) 6.088ms
[182.300s][info][gc          ] Allocation Stall (Executor task launch worker for task 11.0 in stage 0.0 (TID 11)) 5.963ms
[182.300s][info][gc          ] Allocation Stall (Executor task launch worker for task 41.0 in stage 0.0 (TID 41)) 5.843ms
[182.300s][info][gc          ] Allocation Stall (Executor task launch worker for task 43.0 in stage 0.0 (TID 43)) 5.742ms
[182.300s][info][gc          ] Allocation Stall (Executor task launch worker for task 32.0 in stage 0.0 (TID 32)) 5.752ms
[182.300s][info][gc          ] Allocation Stall (Executor task launch worker for task 39.0 in stage 0.0 (TID 39)) 5.745ms
[182.300s][info][gc          ] Allocation Stall (Executor task launch worker for task 22.0 in stage 0.0 (TID 22)) 5.731ms
[182.300s][info][gc          ] Allocation Stall (Executor task launch worker for task 12.0 in stage 0.0 (TID 12)) 5.654ms
[182.300s][info][gc          ] Allocation Stall (Executor task launch worker for task 17.0 in stage 0.0 (TID 17)) 5.547ms
[182.300s][info][gc          ] Allocation Stall (Executor task launch worker for task 13.0 in stage 0.0 (TID 13)) 5.472ms
[182.300s][info][gc          ] Allocation Stall (Executor task launch worker for task 40.0 in stage 0.0 (TID 40)) 5.524ms
[182.300s][info][gc          ] Allocation Stall (Executor task launch worker for task 7.0 in stage 0.0 (TID 7)) 5.551ms
[182.300s][info][gc          ] Allocation Stall (Executor task launch worker for task 19.0 in stage 0.0 (TID 19)) 5.652ms
[182.300s][info][gc          ] Allocation Stall (Executor task launch worker for task 26.0 in stage 0.0 (TID 26)) 5.735ms
[182.300s][info][gc          ] Allocation Stall (Executor task launch worker for task 36.0 in stage 0.0 (TID 36)) 5.731ms
[182.300s][info][gc          ] Allocation Stall (Executor task launch worker for task 20.0 in stage 0.0 (TID 20)) 5.495ms
[182.301s][info][gc          ] Allocation Stall (Executor task launch worker for task 47.0 in stage 0.0 (TID 47)) 0.455ms
[182.301s][info][gc          ] Allocation Stall (Executor task launch worker for task 18.0 in stage 0.0 (TID 18)) 0.625ms
[182.301s][info][gc          ] Allocation Stall (Executor task launch worker for task 38.0 in stage 0.0 (TID 38)) 0.781ms
[182.301s][info][gc          ] Allocation Stall (Executor task launch worker for task 42.0 in stage 0.0 (TID 42)) 0.871ms
[182.301s][info][gc          ] Allocation Stall (Executor task launch worker for task 34.0 in stage 0.0 (TID 34)) 0.687ms
[182.301s][info][gc          ] Allocation Stall (Executor task launch worker for task 45.0 in stage 0.0 (TID 45)) 0.719ms
[182.301s][info][gc          ] Allocation Stall (Executor task launch worker for task 30.0 in stage 0.0 (TID 30)) 0.788ms
[182.302s][info][gc          ] Allocation Stall (Executor task launch worker for task 3.0 in stage 0.0 (TID 3)) 0.963ms
[182.302s][info][gc          ] Allocation Stall (Executor task launch worker for task 28.0 in stage 0.0 (TID 28)) 1.101ms
[182.302s][info][gc          ] Allocation Stall (Executor task launch worker for task 35.0 in stage 0.0 (TID 35)) 1.172ms
[182.302s][info][gc          ] Allocation Stall (Executor task launch worker for task 25.0 in stage 0.0 (TID 25)) 1.231ms
[182.302s][info][gc          ] Allocation Stall (Executor task launch worker for task 11.0 in stage 0.0 (TID 11)) 1.368ms
[182.302s][info][gc          ] Allocation Stall (Executor task launch worker for task 21.0 in stage 0.0 (TID 21)) 1.416ms
[182.302s][info][gc          ] Allocation Stall (Executor task launch worker for task 31.0 in stage 0.0 (TID 31)) 1.045ms
[182.303s][info][gc          ] Allocation Stall (Executor task launch worker for task 39.0 in stage 0.0 (TID 39)) 1.103ms
[182.303s][info][gc          ] Allocation Stall (Executor task launch worker for task 9.0 in stage 0.0 (TID 9)) 1.028ms
[182.303s][info][gc          ] Allocation Stall (Executor task launch worker for task 13.0 in stage 0.0 (TID 13)) 1.058ms
[182.303s][info][gc          ] Allocation Stall (Executor task launch worker for task 44.0 in stage 0.0 (TID 44)) 1.113ms
[182.303s][info][gc          ] Allocation Stall (Executor task launch worker for task 8.0 in stage 0.0 (TID 8)) 1.155ms
[182.303s][info][gc          ] Allocation Stall (Executor task launch worker for task 33.0 in stage 0.0 (TID 33)) 1.806ms
[182.303s][info][gc,phases   ] GC(45) Concurrent Relocate 6.236ms
[182.304s][info][gc,load     ] GC(45) Load: 0.00/0.00/0.00
[182.304s][info][gc,mmu      ] GC(45) MMU: 2ms/97.3%, 5ms/98.9%, 10ms/99.5%, 20ms/99.7%, 50ms/99.8%, 100ms/99.9%
[182.304s][info][gc,marking  ] GC(45) Mark: 4 stripe(s), 2 proactive flush(es), 1 terminate flush(es), 0 completion(s), 0 continuation(s) 
[182.304s][info][gc,marking  ] GC(45) Mark Stack Usage: 32M
[182.304s][info][gc,nmethod  ] GC(45) NMethods: 1051 registered, 26 unregistered
[182.304s][info][gc,metaspace] GC(45) Metaspace: 107M used, 116M committed, 1152M reserved
[182.304s][info][gc,ref      ] GC(45) Soft: 2799 encountered, 2292 discovered, 0 enqueued
[182.304s][info][gc,ref      ] GC(45) Weak: 12961 encountered, 3210 discovered, 2 enqueued
[182.304s][info][gc,ref      ] GC(45) Final: 40 encountered, 1 discovered, 0 enqueued
[182.304s][info][gc,ref      ] GC(45) Phantom: 750 encountered, 645 discovered, 0 enqueued
[182.304s][info][gc,reloc    ] GC(45) Small Pages: 100 / 200M, Empty: 78M, Relocated: 4M, In-Place: 5
[182.304s][info][gc,reloc    ] GC(45) Medium Pages: 1 / 16M, Empty: 0M, Relocated: 0M, In-Place: 0
[182.304s][info][gc,reloc    ] GC(45) Large Pages: 56 / 296M, Empty: 12M, Relocated: 0M, In-Place: 0
[182.304s][info][gc,reloc    ] GC(45) Forwarding Usage: 1M
[182.304s][info][gc,heap     ] GC(45) Min Capacity: 8M(2%)
[182.304s][info][gc,heap     ] GC(45) Max Capacity: 512M(100%)
[182.304s][info][gc,heap     ] GC(45) Soft Max Capacity: 512M(100%)
[182.304s][info][gc,heap     ] GC(45)                Mark Start          Mark End        Relocate Start      Relocate End           High               Low         
[182.304s][info][gc,heap     ] GC(45)  Capacity:      512M (100%)        512M (100%)        512M (100%)        512M (100%)        512M (100%)        512M (100%)   
[182.304s][info][gc,heap     ] GC(45)      Free:        0M (0%)            0M (0%)            0M (0%)            0M (0%)           90M (18%)           0M (0%)     
[182.304s][info][gc,heap     ] GC(45)      Used:      512M (100%)        512M (100%)        512M (100%)        512M (100%)        512M (100%)        422M (82%)    
[182.304s][info][gc,heap     ] GC(45)      Live:         -               345M (67%)         345M (67%)         345M (67%)            -                  -          
[182.304s][info][gc,heap     ] GC(45) Allocated:         -                 0M (0%)           90M (18%)         138M (27%)            -                  -          
[182.304s][info][gc,heap     ] GC(45)   Garbage:         -               166M (33%)          76M (15%)          28M (6%)             -                  -          
[182.304s][info][gc,heap     ] GC(45) Reclaimed:         -                  -                90M (18%)         138M (27%)            -                  -          
[182.304s][info][gc          ] GC(45) Garbage Collection (Allocation Stall) 512M(100%)->512M(100%)
[182.304s][info][gc,start    ] GC(46) Garbage Collection (Allocation Stall)
[182.304s][info][gc,ref      ] GC(46) Clearing All SoftReferences
[182.304s][info][gc,task     ] GC(46) Using 5 workers
[182.304s][info][gc,ref      ] GC(46) Clearing All SoftReferences
[182.304s][info][gc,phases   ] GC(46) Pause Mark Start 0.026ms
[182.340s][info][gc,phases   ] GC(46) Concurrent Mark 36.278ms
[182.341s][info][gc,phases   ] GC(46) Pause Mark End 0.017ms
[182.341s][info][gc,phases   ] GC(46) Concurrent Mark Free 0.001ms
[182.342s][info][gc,phases   ] GC(46) Concurrent Process Non-Strong References 1.212ms
[182.342s][info][gc,phases   ] GC(46) Concurrent Reset Relocation Set 0.005ms
[182.345s][info][gc          ] Allocation Stall (Executor task launch worker for task 1.0 in stage 0.0 (TID 1)) 40.918ms
[182.345s][info][gc          ] Allocation Stall (Executor task launch worker for task 5.0 in stage 0.0 (TID 5)) 28.117ms
[182.345s][info][gc          ] Allocation Stall (Executor task launch worker for task 39.0 in stage 0.0 (TID 39)) 41.557ms
[182.345s][info][gc          ] Allocation Stall (Executor task launch worker for task 27.0 in stage 0.0 (TID 27)) 28.043ms
[182.345s][info][gc          ] Allocation Stall (Executor task launch worker for task 29.0 in stage 0.0 (TID 29)) 26.512ms
[182.345s][info][gc          ] Allocation Stall (Executor task launch worker for task 41.0 in stage 0.0 (TID 41)) 41.532ms
[182.345s][info][gc          ] Allocation Stall (Executor task launch worker for task 23.0 in stage 0.0 (TID 23)) 27.282ms
[182.345s][info][gc          ] Allocation Stall (Executor task launch worker for task 11.0 in stage 0.0 (TID 11)) 41.557ms
[182.345s][info][gc          ] Allocation Stall (Executor task launch worker for task 35.0 in stage 0.0 (TID 35)) 41.551ms
[182.345s][info][gc          ] Allocation Stall (Executor task launch worker for task 10.0 in stage 0.0 (TID 10)) 28.575ms
[182.345s][info][gc          ] Allocation Stall (Executor task launch worker for task 34.0 in stage 0.0 (TID 34)) 41.505ms
[182.345s][info][gc          ] Allocation Stall (Executor task launch worker for task 45.0 in stage 0.0 (TID 45)) 41.653ms
[182.345s][info][gc          ] Allocation Stall (Executor task launch worker for task 33.0 in stage 0.0 (TID 33)) 40.630ms
[182.345s][info][gc          ] Allocation Stall (Executor task launch worker for task 16.0 in stage 0.0 (TID 16)) 29.321ms
[182.345s][info][gc          ] Allocation Stall (Executor task launch worker for task 9.0 in stage 0.0 (TID 9)) 41.568ms
[182.345s][info][gc          ] Allocation Stall (Executor task launch worker for task 8.0 in stage 0.0 (TID 8)) 41.615ms
[182.345s][info][gc          ] Allocation Stall (Executor task launch worker for task 28.0 in stage 0.0 (TID 28)) 41.742ms
[182.345s][info][gc          ] Allocation Stall (Executor task launch worker for task 6.0 in stage 0.0 (TID 6)) 27.911ms
[182.345s][info][gc          ] Allocation Stall (Executor task launch worker for task 21.0 in stage 0.0 (TID 21)) 41.731ms
[182.345s][info][gc          ] Allocation Stall (Executor task launch worker for task 30.0 in stage 0.0 (TID 30)) 41.699ms
[182.345s][info][gc          ] Allocation Stall (Executor task launch worker for task 26.0 in stage 0.0 (TID 26)) 41.600ms
[182.345s][info][gc          ] Allocation Stall (Executor task launch worker for task 25.0 in stage 0.0 (TID 25)) 41.617ms
[182.345s][info][gc          ] Allocation Stall (Executor task launch worker for task 37.0 in stage 0.0 (TID 37)) 41.773ms
[182.345s][info][gc          ] Allocation Stall (Executor task launch worker for task 18.0 in stage 0.0 (TID 18)) 42.721ms
[182.345s][info][gc          ] Allocation Stall (Executor task launch worker for task 32.0 in stage 0.0 (TID 32)) 41.666ms
[182.345s][info][gc          ] Allocation Stall (Executor task launch worker for task 36.0 in stage 0.0 (TID 36)) 41.709ms
[182.345s][info][gc          ] Allocation Stall (Executor task launch worker for task 42.0 in stage 0.0 (TID 42)) 42.488ms
[182.345s][info][gc          ] Allocation Stall (Executor task launch worker for task 38.0 in stage 0.0 (TID 38)) 41.630ms
[182.345s][info][gc          ] Allocation Stall (Executor task launch worker for task 43.0 in stage 0.0 (TID 43)) 42.764ms
[182.345s][info][gc          ] Allocation Stall (Executor task launch worker for task 31.0 in stage 0.0 (TID 31)) 41.652ms
[182.345s][info][gc          ] Allocation Stall (Executor task launch worker for task 2.0 in stage 0.0 (TID 2)) 42.336ms
[182.345s][info][gc          ] Allocation Stall (Executor task launch worker for task 44.0 in stage 0.0 (TID 44)) 41.735ms
[182.345s][info][gc          ] Allocation Stall (Executor task launch worker for task 13.0 in stage 0.0 (TID 13)) 41.769ms
[182.345s][info][gc          ] Allocation Stall (Executor task launch worker for task 15.0 in stage 0.0 (TID 15)) 42.868ms
[182.345s][info][gc          ] Allocation Stall (Executor task launch worker for task 19.0 in stage 0.0 (TID 19)) 43.084ms
[182.345s][info][gc          ] Allocation Stall (Executor task launch worker for task 40.0 in stage 0.0 (TID 40)) 43.093ms
[182.345s][info][gc          ] Allocation Stall (Executor task launch worker for task 47.0 in stage 0.0 (TID 47)) 42.750ms
[182.345s][info][gc          ] Allocation Stall (Executor task launch worker for task 14.0 in stage 0.0 (TID 14)) 42.493ms
[182.345s][info][gc          ] Allocation Stall (Executor task launch worker for task 24.0 in stage 0.0 (TID 24)) 42.761ms
[182.345s][info][gc          ] Allocation Stall (Executor task launch worker for task 20.0 in stage 0.0 (TID 20)) 42.663ms
[182.345s][info][gc          ] Allocation Stall (Executor task launch worker for task 12.0 in stage 0.0 (TID 12)) 42.752ms
[182.345s][info][gc          ] Allocation Stall (Executor task launch worker for task 22.0 in stage 0.0 (TID 22)) 42.794ms
[182.345s][info][gc          ] Allocation Stall (Executor task launch worker for task 17.0 in stage 0.0 (TID 17)) 42.901ms
[182.345s][info][gc          ] Allocation Stall (Executor task launch worker for task 0.0 in stage 0.0 (TID 0)) 42.878ms
[182.345s][info][gc          ] Allocation Stall (Executor task launch worker for task 7.0 in stage 0.0 (TID 7)) 42.912ms
[182.345s][info][gc          ] Allocation Stall (Executor task launch worker for task 46.0 in stage 0.0 (TID 46)) 42.923ms
[182.345s][info][gc          ] Allocation Stall (Executor task launch worker for task 3.0 in stage 0.0 (TID 3)) 41.681ms
[182.345s][info][gc          ] Allocation Stall (Executor task launch worker for task 4.0 in stage 0.0 (TID 4)) 43.054ms
[182.345s][info][gc,phases   ] GC(46) Concurrent Select Relocation Set 3.222ms
[182.361s][info][gc,phases   ] GC(46) Pause Relocate Start 0.008ms
[182.369s][info][gc,phases   ] GC(46) Concurrent Relocate 4.055ms
[182.369s][info][gc,load     ] GC(46) Load: 0.00/0.00/0.00
[182.369s][info][gc,mmu      ] GC(46) MMU: 2ms/97.3%, 5ms/98.9%, 10ms/99.5%, 20ms/99.7%, 50ms/99.8%, 100ms/99.9%
[182.369s][info][gc,marking  ] GC(46) Mark: 4 stripe(s), 2 proactive flush(es), 1 terminate flush(es), 0 completion(s), 0 continuation(s) 
[182.369s][info][gc,marking  ] GC(46) Mark Stack Usage: 32M
[182.369s][info][gc,nmethod  ] GC(46) NMethods: 1056 registered, 26 unregistered
[182.369s][info][gc,metaspace] GC(46) Metaspace: 107M used, 116M committed, 1152M reserved
[182.369s][info][gc,ref      ] GC(46) Soft: 2799 encountered, 2167 discovered, 0 enqueued
[182.369s][info][gc,ref      ] GC(46) Weak: 12961 encountered, 2524 discovered, 3 enqueued
[182.369s][info][gc,ref      ] GC(46) Final: 40 encountered, 1 discovered, 0 enqueued
[182.369s][info][gc,ref      ] GC(46) Phantom: 750 encountered, 539 discovered, 0 enqueued
[182.369s][info][gc,reloc    ] GC(46) Small Pages: 86 / 172M, Empty: 60M, Relocated: 1M, In-Place: 0
[182.369s][info][gc,reloc    ] GC(46) Medium Pages: 1 / 16M, Empty: 0M, Relocated: 0M, In-Place: 0
[182.370s][info][gc,reloc    ] GC(46) Large Pages: 61 / 324M, Empty: 40M, Relocated: 0M, In-Place: 0
[182.370s][info][gc,reloc    ] GC(46) Forwarding Usage: 0M
[182.370s][info][gc,heap     ] GC(46) Min Capacity: 8M(2%)
[182.370s][info][gc,heap     ] GC(46) Max Capacity: 512M(100%)
[182.370s][info][gc,heap     ] GC(46) Soft Max Capacity: 512M(100%)
[182.370s][info][gc,heap     ] GC(46)                Mark Start          Mark End        Relocate Start      Relocate End           High               Low         
[182.370s][info][gc,heap     ] GC(46)  Capacity:      512M (100%)        512M (100%)        512M (100%)        512M (100%)        512M (100%)        512M (100%)   
[182.370s][info][gc,heap     ] GC(46)      Free:        0M (0%)            0M (0%)           80M (16%)          96M (19%)         102M (20%)           0M (0%)     
[182.370s][info][gc,heap     ] GC(46)      Used:      512M (100%)        512M (100%)        432M (84%)         416M (81%)         512M (100%)        410M (80%)    
[182.370s][info][gc,heap     ] GC(46)      Live:         -               345M (67%)         345M (67%)         345M (67%)            -                  -          
[182.370s][info][gc,heap     ] GC(46) Allocated:         -                 0M (0%)           20M (4%)           37M (7%)             -                  -          
[182.370s][info][gc,heap     ] GC(46)   Garbage:         -               166M (33%)          66M (13%)          33M (7%)             -                  -          
[182.370s][info][gc,heap     ] GC(46) Reclaimed:         -                  -               100M (20%)         133M (26%)            -                  -          
[182.370s][info][gc          ] GC(46) Garbage Collection (Allocation Stall) 512M(100%)->416M(81%)
[182.382s][info][gc,start    ] GC(47) Garbage Collection (Allocation Stall)
[182.382s][info][gc,ref      ] GC(47) Clearing All SoftReferences
[182.382s][info][gc,task     ] GC(47) Using 5 workers
[182.383s][info][gc,ref      ] GC(47) Clearing All SoftReferences
[182.383s][info][gc,phases   ] GC(47) Pause Mark Start 0.047ms
[182.439s][info][gc,phases   ] GC(47) Concurrent Mark 56.505ms
[182.440s][info][gc,phases   ] GC(47) Pause Mark End 0.028ms
[182.440s][info][gc,phases   ] GC(47) Concurrent Mark Free 0.001ms
[182.454s][info][gc,phases   ] GC(47) Concurrent Process Non-Strong References 14.266ms
[182.454s][info][gc,phases   ] GC(47) Concurrent Reset Relocation Set 0.005ms
[182.457s][info][gc          ] Allocation Stall (Executor task launch worker for task 37.0 in stage 0.0 (TID 37)) 73.357ms
[182.457s][info][gc          ] Allocation Stall (Executor task launch worker for task 47.0 in stage 0.0 (TID 47)) 73.559ms
[182.457s][info][gc          ] Allocation Stall (Executor task launch worker for task 7.0 in stage 0.0 (TID 7)) 73.656ms
[182.457s][info][gc          ] Allocation Stall (Spark Context Cleaner) 48.472ms
[182.457s][info][gc          ] Allocation Stall (Executor task launch worker for task 13.0 in stage 0.0 (TID 13)) 73.730ms
[182.457s][info][gc          ] Allocation Stall (Executor task launch worker for task 46.0 in stage 0.0 (TID 46)) 74.337ms
[182.457s][info][gc          ] Allocation Stall (Executor task launch worker for task 30.0 in stage 0.0 (TID 30)) 73.777ms
[182.457s][info][gc          ] Allocation Stall (Executor task launch worker for task 11.0 in stage 0.0 (TID 11)) 74.523ms
[182.457s][info][gc          ] Allocation Stall (Executor task launch worker for task 42.0 in stage 0.0 (TID 42)) 74.556ms
[182.457s][info][gc          ] Allocation Stall (Executor task launch worker for task 40.0 in stage 0.0 (TID 40)) 73.794ms
[182.457s][info][gc          ] Allocation Stall (Executor task launch worker for task 14.0 in stage 0.0 (TID 14)) 73.686ms
[182.457s][info][gc          ] Allocation Stall (Executor task launch worker for task 21.0 in stage 0.0 (TID 21)) 73.685ms
[182.457s][info][gc          ] Allocation Stall (Executor task launch worker for task 15.0 in stage 0.0 (TID 15)) 73.783ms
[182.457s][info][gc          ] Allocation Stall (Executor task launch worker for task 39.0 in stage 0.0 (TID 39)) 73.791ms
[182.457s][info][gc          ] Allocation Stall (Executor task launch worker for task 25.0 in stage 0.0 (TID 25)) 73.781ms
[182.457s][info][gc          ] Allocation Stall (Executor task launch worker for task 9.0 in stage 0.0 (TID 9)) 74.505ms
[182.457s][info][gc          ] Allocation Stall (Executor task launch worker for task 5.0 in stage 0.0 (TID 5)) 69.344ms
[182.457s][info][gc          ] Allocation Stall (Executor task launch worker for task 22.0 in stage 0.0 (TID 22)) 73.701ms
[182.457s][info][gc          ] Allocation Stall (Executor task launch worker for task 41.0 in stage 0.0 (TID 41)) 73.716ms
[182.457s][info][gc          ] Allocation Stall (Executor task launch worker for task 0.0 in stage 0.0 (TID 0)) 73.858ms
[182.457s][info][gc          ] Allocation Stall (Executor task launch worker for task 8.0 in stage 0.0 (TID 8)) 73.844ms
[182.457s][info][gc          ] Allocation Stall (Executor task launch worker for task 28.0 in stage 0.0 (TID 28)) 73.827ms
[182.457s][info][gc          ] Allocation Stall (Executor task launch worker for task 31.0 in stage 0.0 (TID 31)) 73.847ms
[182.457s][info][gc          ] Allocation Stall (Executor task launch worker for task 18.0 in stage 0.0 (TID 18)) 74.572ms
[182.457s][info][gc          ] Allocation Stall (Executor task launch worker for task 36.0 in stage 0.0 (TID 36)) 74.443ms
[182.457s][info][gc          ] Allocation Stall (Executor task launch worker for task 44.0 in stage 0.0 (TID 44)) 73.772ms
[182.457s][info][gc          ] Allocation Stall (Executor task launch worker for task 26.0 in stage 0.0 (TID 26)) 73.750ms
[182.457s][info][gc          ] Allocation Stall (Executor task launch worker for task 34.0 in stage 0.0 (TID 34)) 73.864ms
[182.457s][info][gc          ] Allocation Stall (Executor task launch worker for task 1.0 in stage 0.0 (TID 1)) 73.644ms
[182.457s][info][gc          ] Allocation Stall (Executor task launch worker for task 17.0 in stage 0.0 (TID 17)) 73.893ms
[182.457s][info][gc          ] Allocation Stall (Executor task launch worker for task 45.0 in stage 0.0 (TID 45)) 73.856ms
[182.457s][info][gc          ] Allocation Stall (Executor task launch worker for task 35.0 in stage 0.0 (TID 35)) 74.782ms
[182.457s][info][gc          ] Allocation Stall (Executor task launch worker for task 4.0 in stage 0.0 (TID 4)) 73.862ms
[182.457s][info][gc          ] Allocation Stall (Executor task launch worker for task 32.0 in stage 0.0 (TID 32)) 74.649ms
[182.457s][info][gc          ] Allocation Stall (Executor task launch worker for task 20.0 in stage 0.0 (TID 20)) 73.871ms
[182.457s][info][gc          ] Allocation Stall (Executor task launch worker for task 6.0 in stage 0.0 (TID 6)) 74.611ms
[182.457s][info][gc          ] Allocation Stall (Common-Cleaner) 2.756ms
[182.457s][info][gc          ] Allocation Stall (Executor task launch worker for task 38.0 in stage 0.0 (TID 38)) 73.912ms
[182.457s][info][gc          ] Allocation Stall (Executor task launch worker for task 2.0 in stage 0.0 (TID 2)) 73.815ms
[182.457s][info][gc          ] Allocation Stall (Executor task launch worker for task 3.0 in stage 0.0 (TID 3)) 73.681ms
[182.457s][info][gc          ] Allocation Stall (Executor task launch worker for task 24.0 in stage 0.0 (TID 24)) 74.504ms
[182.457s][info][gc          ] Allocation Stall (Executor task launch worker for task 29.0 in stage 0.0 (TID 29)) 73.801ms
[182.457s][info][gc          ] Allocation Stall (Executor task launch worker for task 43.0 in stage 0.0 (TID 43)) 73.882ms
[182.457s][info][gc          ] Allocation Stall (Executor task launch worker for task 19.0 in stage 0.0 (TID 19)) 73.914ms
[182.457s][info][gc          ] Allocation Stall (Executor task launch worker for task 27.0 in stage 0.0 (TID 27)) 73.698ms
[182.457s][info][gc          ] Allocation Stall (Executor task launch worker for task 33.0 in stage 0.0 (TID 33)) 74.641ms
[182.457s][info][gc          ] Allocation Stall (Executor task launch worker for task 12.0 in stage 0.0 (TID 12)) 73.925ms
[182.457s][info][gc,phases   ] GC(47) Concurrent Select Relocation Set 3.389ms
[182.462s][info][gc,phases   ] GC(47) Pause Relocate Start 0.008ms
[182.466s][info][gc,phases   ] GC(47) Concurrent Relocate 3.379ms
[182.466s][info][gc,load     ] GC(47) Load: 0.00/0.00/0.00
[182.466s][info][gc,mmu      ] GC(47) MMU: 2ms/97.3%, 5ms/98.9%, 10ms/99.5%, 20ms/99.7%, 50ms/99.8%, 100ms/99.9%
[182.466s][info][gc,marking  ] GC(47) Mark: 4 stripe(s), 3 proactive flush(es), 1 terminate flush(es), 0 completion(s), 0 continuation(s) 
[182.466s][info][gc,marking  ] GC(47) Mark Stack Usage: 32M
[182.466s][info][gc,nmethod  ] GC(47) NMethods: 1160 registered, 27 unregistered
[182.466s][info][gc,metaspace] GC(47) Metaspace: 107M used, 116M committed, 1152M reserved
[182.466s][info][gc,ref      ] GC(47) Soft: 2805 encountered, 2251 discovered, 3 enqueued
[182.466s][info][gc,ref      ] GC(47) Weak: 12975 encountered, 3696 discovered, 10 enqueued
[182.466s][info][gc,ref      ] GC(47) Final: 40 encountered, 1 discovered, 0 enqueued
[182.466s][info][gc,ref      ] GC(47) Phantom: 755 encountered, 392 discovered, 5 enqueued
[182.466s][info][gc,reloc    ] GC(47) Small Pages: 102 / 204M, Empty: 88M, Relocated: 1M, In-Place: 0
[182.466s][info][gc,reloc    ] GC(47) Medium Pages: 1 / 16M, Empty: 0M, Relocated: 0M, In-Place: 0
[182.466s][info][gc,reloc    ] GC(47) Large Pages: 58 / 292M, Empty: 36M, Relocated: 0M, In-Place: 0
[182.466s][info][gc,reloc    ] GC(47) Forwarding Usage: 0M
[182.466s][info][gc,heap     ] GC(47) Min Capacity: 8M(2%)
[182.466s][info][gc,heap     ] GC(47) Max Capacity: 512M(100%)
[182.466s][info][gc,heap     ] GC(47) Soft Max Capacity: 512M(100%)
[182.466s][info][gc,heap     ] GC(47)                Mark Start          Mark End        Relocate Start      Relocate End           High               Low         
[182.466s][info][gc,heap     ] GC(47)  Capacity:      512M (100%)        512M (100%)        512M (100%)        512M (100%)        512M (100%)        512M (100%)   
[182.466s][info][gc,heap     ] GC(47)      Free:        0M (0%)            0M (0%)           78M (15%)          68M (13%)         124M (24%)           0M (0%)     
[182.466s][info][gc,heap     ] GC(47)      Used:      512M (100%)        512M (100%)        434M (85%)         444M (87%)         512M (100%)        388M (76%)    
[182.466s][info][gc,heap     ] GC(47)      Live:         -               316M (62%)         316M (62%)         316M (62%)            -                  -          
[182.466s][info][gc,heap     ] GC(47) Allocated:         -                 0M (0%)           46M (9%)           93M (18%)            -                  -          
[182.466s][info][gc,heap     ] GC(47)   Garbage:         -               195M (38%)          71M (14%)          33M (7%)             -                  -          
[182.466s][info][gc,heap     ] GC(47) Reclaimed:         -                  -               124M (24%)         161M (32%)            -                  -          
[182.466s][info][gc          ] GC(47) Garbage Collection (Allocation Stall) 512M(100%)->444M(87%)
[182.476s][info][gc,start    ] GC(48) Garbage Collection (Allocation Stall)
[182.476s][info][gc,ref      ] GC(48) Clearing All SoftReferences
[182.476s][info][gc,task     ] GC(48) Using 5 workers
[182.488s][info][gc,ref      ] GC(48) Clearing All SoftReferences
[182.488s][info][gc,phases   ] GC(48) Pause Mark Start 0.073ms
[182.535s][info][gc,phases   ] GC(48) Concurrent Mark 46.568ms
[182.535s][info][gc,phases   ] GC(48) Pause Mark End 0.017ms
[182.535s][info][gc,phases   ] GC(48) Concurrent Mark Free 0.001ms
[182.550s][info][gc,phases   ] GC(48) Concurrent Process Non-Strong References 14.849ms
[182.550s][info][gc,phases   ] GC(48) Concurrent Reset Relocation Set 0.004ms
[182.553s][info][gc          ] Allocation Stall (Executor task launch worker for task 14.0 in stage 0.0 (TID 14)) 64.236ms
[182.553s][info][gc          ] Allocation Stall (Executor task launch worker for task 31.0 in stage 0.0 (TID 31)) 64.047ms
[182.553s][info][gc          ] Allocation Stall (Executor task launch worker for task 26.0 in stage 0.0 (TID 26)) 64.228ms
[182.553s][info][gc          ] Allocation Stall (Executor task launch worker for task 46.0 in stage 0.0 (TID 46)) 64.248ms
[182.553s][info][gc          ] Allocation Stall (Executor task launch worker for task 5.0 in stage 0.0 (TID 5)) 64.042ms
[182.553s][info][gc          ] Allocation Stall (Executor task launch worker for task 19.0 in stage 0.0 (TID 19)) 64.229ms
[182.553s][info][gc          ] Allocation Stall (Executor task launch worker for task 33.0 in stage 0.0 (TID 33)) 64.199ms
[182.553s][info][gc          ] Allocation Stall (Executor task launch worker for task 21.0 in stage 0.0 (TID 21)) 64.218ms
[182.553s][info][gc          ] Allocation Stall (Executor task launch worker for task 32.0 in stage 0.0 (TID 32)) 64.226ms
[182.553s][info][gc          ] Allocation Stall (Executor task launch worker for task 17.0 in stage 0.0 (TID 17)) 64.222ms
[182.553s][info][gc          ] Allocation Stall (Executor task launch worker for task 27.0 in stage 0.0 (TID 27)) 64.053ms
[182.553s][info][gc          ] Allocation Stall (Executor task launch worker for task 13.0 in stage 0.0 (TID 13)) 64.267ms
[182.553s][info][gc          ] Allocation Stall (Executor task launch worker for task 22.0 in stage 0.0 (TID 22)) 64.260ms
[182.553s][info][gc          ] Allocation Stall (Executor task launch worker for task 24.0 in stage 0.0 (TID 24)) 64.233ms
[182.553s][info][gc          ] Allocation Stall (Executor task launch worker for task 7.0 in stage 0.0 (TID 7)) 64.242ms
[182.553s][info][gc          ] Allocation Stall (Executor task launch worker for task 12.0 in stage 0.0 (TID 12)) 64.218ms
[182.553s][info][gc          ] Allocation Stall (Executor task launch worker for task 43.0 in stage 0.0 (TID 43)) 64.241ms
[182.553s][info][gc          ] Allocation Stall (Executor task launch worker for task 39.0 in stage 0.0 (TID 39)) 64.266ms
[182.553s][info][gc          ] Allocation Stall (Executor task launch worker for task 34.0 in stage 0.0 (TID 34)) 64.183ms
[182.553s][info][gc          ] Allocation Stall (Executor task launch worker for task 3.0 in stage 0.0 (TID 3)) 64.265ms
[182.553s][info][gc          ] Allocation Stall (Executor task launch worker for task 18.0 in stage 0.0 (TID 18)) 64.240ms
[182.553s][info][gc          ] Allocation Stall (Executor task launch worker for task 28.0 in stage 0.0 (TID 28)) 76.716ms
[182.553s][info][gc          ] Allocation Stall (Executor task launch worker for task 37.0 in stage 0.0 (TID 37)) 64.205ms
[182.553s][info][gc          ] Allocation Stall (Executor task launch worker for task 38.0 in stage 0.0 (TID 38)) 76.613ms
[182.553s][info][gc          ] Allocation Stall (Executor task launch worker for task 45.0 in stage 0.0 (TID 45)) 64.139ms
[182.553s][info][gc          ] Allocation Stall (Executor task launch worker for task 36.0 in stage 0.0 (TID 36)) 76.586ms
[182.553s][info][gc          ] Allocation Stall (Executor task launch worker for task 11.0 in stage 0.0 (TID 11)) 64.286ms
[182.553s][info][gc          ] Allocation Stall (Executor task launch worker for task 4.0 in stage 0.0 (TID 4)) 64.298ms
[182.553s][info][gc          ] Allocation Stall (Executor task launch worker for task 42.0 in stage 0.0 (TID 42)) 64.296ms
[182.553s][info][gc          ] Allocation Stall (Executor task launch worker for task 30.0 in stage 0.0 (TID 30)) 64.309ms
[182.553s][info][gc          ] Allocation Stall (Executor task launch worker for task 40.0 in stage 0.0 (TID 40)) 64.304ms
[182.553s][info][gc          ] Allocation Stall (Executor task launch worker for task 44.0 in stage 0.0 (TID 44)) 64.318ms
[182.553s][info][gc          ] Allocation Stall (Executor task launch worker for task 29.0 in stage 0.0 (TID 29)) 64.353ms
[182.553s][info][gc          ] Allocation Stall (Executor task launch worker for task 25.0 in stage 0.0 (TID 25)) 64.329ms
[182.553s][info][gc          ] Allocation Stall (Executor task launch worker for task 47.0 in stage 0.0 (TID 47)) 64.319ms
[182.553s][info][gc          ] Allocation Stall (Executor task launch worker for task 9.0 in stage 0.0 (TID 9)) 76.627ms
[182.553s][info][gc          ] Allocation Stall (Executor task launch worker for task 6.0 in stage 0.0 (TID 6)) 64.333ms
[182.553s][info][gc          ] Allocation Stall (Executor task launch worker for task 41.0 in stage 0.0 (TID 41)) 76.590ms
[182.553s][info][gc          ] Allocation Stall (Executor task launch worker for task 8.0 in stage 0.0 (TID 8)) 76.784ms
[182.553s][info][gc,phases   ] GC(48) Concurrent Select Relocation Set 2.607ms
[182.553s][info][gc          ] Allocation Stall (Executor task launch worker for task 1.0 in stage 0.0 (TID 1)) 63.974ms
[182.553s][info][gc          ] Allocation Stall (Executor task launch worker for task 35.0 in stage 0.0 (TID 35)) 55.118ms
[182.553s][info][gc          ] Allocation Stall (Executor task launch worker for task 0.0 in stage 0.0 (TID 0)) 54.649ms
[182.553s][info][gc          ] Allocation Stall (Executor task launch worker for task 2.0 in stage 0.0 (TID 2)) 53.783ms
[182.553s][info][gc          ] Allocation Stall (Executor task launch worker for task 20.0 in stage 0.0 (TID 20)) 52.180ms
[182.553s][info][gc          ] Allocation Stall (Executor task launch worker for task 15.0 in stage 0.0 (TID 15)) 50.021ms
[182.566s][info][gc,phases   ] GC(48) Pause Relocate Start 0.009ms
[182.571s][info][gc,phases   ] GC(48) Concurrent Relocate 4.116ms
[182.571s][info][gc,load     ] GC(48) Load: 0.00/0.00/0.00
[182.571s][info][gc,mmu      ] GC(48) MMU: 2ms/96.3%, 5ms/98.5%, 10ms/99.3%, 20ms/99.6%, 50ms/99.8%, 100ms/99.9%
[182.571s][info][gc,marking  ] GC(48) Mark: 4 stripe(s), 2 proactive flush(es), 1 terminate flush(es), 0 completion(s), 0 continuation(s) 
[182.571s][info][gc,marking  ] GC(48) Mark Stack Usage: 32M
[182.571s][info][gc,nmethod  ] GC(48) NMethods: 1228 registered, 27 unregistered
[182.571s][info][gc,metaspace] GC(48) Metaspace: 107M used, 116M committed, 1152M reserved
[182.572s][info][gc,ref      ] GC(48) Soft: 2806 encountered, 969 discovered, 3 enqueued
[182.572s][info][gc,ref      ] GC(48) Weak: 12973 encountered, 2782 discovered, 6 enqueued
[182.572s][info][gc,ref      ] GC(48) Final: 40 encountered, 0 discovered, 0 enqueued
[182.572s][info][gc,ref      ] GC(48) Phantom: 750 encountered, 434 discovered, 0 enqueued
[182.572s][info][gc,reloc    ] GC(48) Small Pages: 102 / 204M, Empty: 80M, Relocated: 1M, In-Place: 0
[182.572s][info][gc,reloc    ] GC(48) Medium Pages: 1 / 16M, Empty: 0M, Relocated: 0M, In-Place: 0
[182.572s][info][gc,reloc    ] GC(48) Large Pages: 55 / 292M, Empty: 4M, Relocated: 0M, In-Place: 0
[182.572s][info][gc,reloc    ] GC(48) Forwarding Usage: 0M
[182.572s][info][gc,heap     ] GC(48) Min Capacity: 8M(2%)
[182.572s][info][gc,heap     ] GC(48) Max Capacity: 512M(100%)
[182.572s][info][gc,heap     ] GC(48) Soft Max Capacity: 512M(100%)
[182.572s][info][gc,heap     ] GC(48)                Mark Start          Mark End        Relocate Start      Relocate End           High               Low         
[182.572s][info][gc,heap     ] GC(48)  Capacity:      512M (100%)        512M (100%)        512M (100%)        512M (100%)        512M (100%)        512M (100%)   
[182.572s][info][gc,heap     ] GC(48)      Free:        0M (0%)            0M (0%)           50M (10%)          30M (6%)           84M (16%)           0M (0%)     
[182.572s][info][gc,heap     ] GC(48)      Used:      512M (100%)        512M (100%)        462M (90%)         482M (94%)         512M (100%)        428M (84%)    
[182.572s][info][gc,heap     ] GC(48)      Live:         -               348M (68%)         348M (68%)         348M (68%)            -                  -          
[182.572s][info][gc,heap     ] GC(48) Allocated:         -                 0M (0%)           34M (7%)           99M (19%)            -                  -          
[182.572s][info][gc,heap     ] GC(48)   Garbage:         -               163M (32%)          79M (15%)          33M (7%)             -                  -          
[182.572s][info][gc,heap     ] GC(48) Reclaimed:         -                  -                84M (16%)         129M (25%)            -                  -          
[182.572s][info][gc          ] GC(48) Garbage Collection (Allocation Stall) 512M(100%)->482M(94%)
[182.573s][info][gc,start    ] GC(49) Garbage Collection (Allocation Stall)
[182.573s][info][gc,ref      ] GC(49) Clearing All SoftReferences
[182.573s][info][gc,task     ] GC(49) Using 5 workers
[182.574s][info][gc,ref      ] GC(49) Clearing All SoftReferences
[182.574s][info][gc,phases   ] GC(49) Pause Mark Start 0.041ms
[182.623s][info][gc,phases   ] GC(49) Concurrent Mark 49.143ms
[182.623s][info][gc,phases   ] GC(49) Pause Mark End 0.014ms
[182.623s][info][gc,phases   ] GC(49) Concurrent Mark Free 0.001ms
[182.640s][info][gc,phases   ] GC(49) Concurrent Process Non-Strong References 16.402ms
[182.640s][info][gc,phases   ] GC(49) Concurrent Reset Relocation Set 0.004ms
[182.642s][info][gc          ] Allocation Stall (Executor task launch worker for task 2.0 in stage 0.0 (TID 2)) 60.761ms
[182.642s][info][gc          ] Allocation Stall (Executor task launch worker for task 1.0 in stage 0.0 (TID 1)) 67.397ms
[182.642s][info][gc          ] Allocation Stall (Executor task launch worker for task 46.0 in stage 0.0 (TID 46)) 68.343ms
[182.642s][info][gc          ] Allocation Stall (Executor task launch worker for task 7.0 in stage 0.0 (TID 7)) 68.285ms
[182.642s][info][gc          ] Allocation Stall (Executor task launch worker for task 41.0 in stage 0.0 (TID 41)) 68.430ms
[182.642s][info][gc          ] Allocation Stall (Executor task launch worker for task 13.0 in stage 0.0 (TID 13)) 56.862ms
[182.642s][info][gc          ] Allocation Stall (Executor task launch worker for task 24.0 in stage 0.0 (TID 24)) 68.390ms
[182.642s][info][gc          ] Allocation Stall (Executor task launch worker for task 19.0 in stage 0.0 (TID 19)) 68.372ms
[182.642s][info][gc          ] Allocation Stall (Executor task launch worker for task 30.0 in stage 0.0 (TID 30)) 69.093ms
[182.642s][info][gc          ] Allocation Stall (Executor task launch worker for task 0.0 in stage 0.0 (TID 0)) 68.455ms
[182.642s][info][gc          ] Allocation Stall (Executor task launch worker for task 15.0 in stage 0.0 (TID 15)) 68.456ms
[182.642s][info][gc          ] Allocation Stall (Executor task launch worker for task 38.0 in stage 0.0 (TID 38)) 68.333ms
[182.642s][info][gc          ] Allocation Stall (Executor task launch worker for task 21.0 in stage 0.0 (TID 21)) 68.492ms
[182.642s][info][gc          ] Allocation Stall (Executor task launch worker for task 37.0 in stage 0.0 (TID 37)) 68.401ms
[182.642s][info][gc          ] Allocation Stall (Executor task launch worker for task 8.0 in stage 0.0 (TID 8)) 68.488ms
[182.642s][info][gc          ] Allocation Stall (Executor task launch worker for task 3.0 in stage 0.0 (TID 3)) 68.507ms
[182.642s][info][gc          ] Allocation Stall (Executor task launch worker for task 9.0 in stage 0.0 (TID 9)) 68.487ms
[182.642s][info][gc          ] Allocation Stall (Executor task launch worker for task 25.0 in stage 0.0 (TID 25)) 68.157ms
[182.642s][info][gc          ] Allocation Stall (Executor task launch worker for task 11.0 in stage 0.0 (TID 11)) 68.502ms
[182.642s][info][gc          ] Allocation Stall (Executor task launch worker for task 35.0 in stage 0.0 (TID 35)) 68.533ms
[182.642s][info][gc          ] Allocation Stall (Executor task launch worker for task 39.0 in stage 0.0 (TID 39)) 68.393ms
[182.642s][info][gc          ] Allocation Stall (Executor task launch worker for task 17.0 in stage 0.0 (TID 17)) 68.897ms
[182.642s][info][gc          ] Allocation Stall (Executor task launch worker for task 28.0 in stage 0.0 (TID 28)) 56.689ms
[182.642s][info][gc          ] Allocation Stall (Executor task launch worker for task 14.0 in stage 0.0 (TID 14)) 68.392ms
[182.642s][info][gc          ] Allocation Stall (Executor task launch worker for task 40.0 in stage 0.0 (TID 40)) 68.382ms
[182.642s][info][gc          ] Allocation Stall (Executor task launch worker for task 29.0 in stage 0.0 (TID 29)) 68.889ms
[182.642s][info][gc          ] Allocation Stall (Executor task launch worker for task 12.0 in stage 0.0 (TID 12)) 68.457ms
[182.642s][info][gc          ] Allocation Stall (Executor task launch worker for task 18.0 in stage 0.0 (TID 18)) 68.559ms
[182.642s][info][gc          ] Allocation Stall (Executor task launch worker for task 4.0 in stage 0.0 (TID 4)) 68.549ms
[182.642s][info][gc          ] Allocation Stall (Executor task launch worker for task 22.0 in stage 0.0 (TID 22)) 69.177ms
[182.642s][info][gc          ] Allocation Stall (Executor task launch worker for task 34.0 in stage 0.0 (TID 34)) 68.957ms
[182.642s][info][gc          ] Allocation Stall (Executor task launch worker for task 45.0 in stage 0.0 (TID 45)) 68.995ms
[182.642s][info][gc          ] Allocation Stall (Executor task launch worker for task 43.0 in stage 0.0 (TID 43)) 68.555ms
[182.642s][info][gc          ] Allocation Stall (Executor task launch worker for task 42.0 in stage 0.0 (TID 42)) 68.462ms
[182.642s][info][gc          ] Allocation Stall (Executor task launch worker for task 31.0 in stage 0.0 (TID 31)) 68.630ms
[182.642s][info][gc          ] Allocation Stall (Executor task launch worker for task 32.0 in stage 0.0 (TID 32)) 68.922ms
[182.642s][info][gc          ] Allocation Stall (Executor task launch worker for task 44.0 in stage 0.0 (TID 44)) 68.976ms
[182.642s][info][gc          ] Allocation Stall (Executor task launch worker for task 6.0 in stage 0.0 (TID 6)) 68.602ms
[182.642s][info][gc          ] Allocation Stall (Executor task launch worker for task 5.0 in stage 0.0 (TID 5)) 68.249ms
[182.642s][info][gc          ] Allocation Stall (Executor task launch worker for task 47.0 in stage 0.0 (TID 47)) 68.444ms
[182.642s][info][gc          ] Allocation Stall (Executor task launch worker for task 33.0 in stage 0.0 (TID 33)) 68.586ms
[182.642s][info][gc          ] Allocation Stall (Executor task launch worker for task 26.0 in stage 0.0 (TID 26)) 68.996ms
[182.642s][info][gc          ] Allocation Stall (Executor task launch worker for task 36.0 in stage 0.0 (TID 36)) 68.586ms
[182.642s][info][gc          ] Allocation Stall (Executor task launch worker for task 20.0 in stage 0.0 (TID 20)) 68.606ms
[182.643s][info][gc,phases   ] GC(49) Concurrent Select Relocation Set 3.233ms
[182.647s][info][gc,phases   ] GC(49) Pause Relocate Start 0.011ms
[182.657s][info][gc          ] Allocation Stall (Executor task launch worker for task 30.0 in stage 0.0 (TID 30)) 2.717ms
[182.657s][info][gc,phases   ] GC(49) Concurrent Relocate 9.934ms
[182.657s][info][gc,load     ] GC(49) Load: 0.00/0.00/0.00
[182.657s][info][gc,mmu      ] GC(49) MMU: 2ms/96.3%, 5ms/98.5%, 10ms/99.3%, 20ms/99.6%, 50ms/99.8%, 100ms/99.9%
[182.657s][info][gc,marking  ] GC(49) Mark: 4 stripe(s), 2 proactive flush(es), 1 terminate flush(es), 0 completion(s), 0 continuation(s) 
[182.657s][info][gc,marking  ] GC(49) Mark Stack Usage: 32M
[182.657s][info][gc,nmethod  ] GC(49) NMethods: 1265 registered, 28 unregistered
[182.657s][info][gc,metaspace] GC(49) Metaspace: 107M used, 116M committed, 1152M reserved
[182.657s][info][gc,ref      ] GC(49) Soft: 2804 encountered, 2244 discovered, 4 enqueued
[182.657s][info][gc,ref      ] GC(49) Weak: 12973 encountered, 3398 discovered, 2 enqueued
[182.657s][info][gc,ref      ] GC(49) Final: 40 encountered, 2 discovered, 0 enqueued
[182.657s][info][gc,ref      ] GC(49) Phantom: 750 encountered, 516 discovered, 0 enqueued
[182.657s][info][gc,reloc    ] GC(49) Small Pages: 94 / 188M, Empty: 80M, Relocated: 1M, In-Place: 0
[182.657s][info][gc,reloc    ] GC(49) Medium Pages: 1 / 16M, Empty: 0M, Relocated: 0M, In-Place: 0
[182.657s][info][gc,reloc    ] GC(49) Large Pages: 57 / 308M, Empty: 24M, Relocated: 0M, In-Place: 0
[182.657s][info][gc,reloc    ] GC(49) Forwarding Usage: 0M
[182.657s][info][gc,heap     ] GC(49) Min Capacity: 8M(2%)
[182.657s][info][gc,heap     ] GC(49) Max Capacity: 512M(100%)
[182.657s][info][gc,heap     ] GC(49) Soft Max Capacity: 512M(100%)
[182.657s][info][gc,heap     ] GC(49)                Mark Start          Mark End        Relocate Start      Relocate End           High               Low         
[182.658s][info][gc,heap     ] GC(49)  Capacity:      512M (100%)        512M (100%)        512M (100%)        512M (100%)        512M (100%)        512M (100%)   
[182.658s][info][gc,heap     ] GC(49)      Free:        0M (0%)            0M (0%)           90M (18%)           0M (0%)          104M (20%)           0M (0%)     
[182.658s][info][gc,heap     ] GC(49)      Used:      512M (100%)        512M (100%)        422M (82%)         512M (100%)        512M (100%)        408M (80%)    
[182.658s][info][gc,heap     ] GC(49)      Live:         -               344M (67%)         344M (67%)         344M (67%)            -                  -          
[182.658s][info][gc,heap     ] GC(49) Allocated:         -                 0M (0%)           14M (3%)          133M (26%)            -                  -          
[182.658s][info][gc,heap     ] GC(49)   Garbage:         -               167M (33%)          63M (12%)          33M (7%)             -                  -          
[182.658s][info][gc,heap     ] GC(49) Reclaimed:         -                  -               104M (20%)         133M (26%)            -                  -          
[182.658s][info][gc          ] GC(49) Garbage Collection (Allocation Stall) 512M(100%)->512M(100%)
[182.658s][info][gc,start    ] GC(50) Garbage Collection (Allocation Stall)
[182.658s][info][gc,ref      ] GC(50) Clearing All SoftReferences
[182.658s][info][gc,task     ] GC(50) Using 5 workers
[182.658s][info][gc,ref      ] GC(50) Clearing All SoftReferences
[182.659s][info][gc,phases   ] GC(50) Pause Mark Start 0.063ms
[182.717s][info][gc,phases   ] GC(50) Concurrent Mark 58.060ms
[182.717s][info][gc,phases   ] GC(50) Pause Mark End 0.020ms
[182.717s][info][gc,phases   ] GC(50) Concurrent Mark Free 0.001ms
[182.731s][info][gc,phases   ] GC(50) Concurrent Process Non-Strong References 13.665ms
[182.731s][info][gc,phases   ] GC(50) Concurrent Reset Relocation Set 0.003ms
[182.733s][info][gc          ] Allocation Stall (Executor task launch worker for task 35.0 in stage 0.0 (TID 35)) 74.331ms
[182.733s][info][gc          ] Allocation Stall (Executor task launch worker for task 36.0 in stage 0.0 (TID 36)) 74.362ms
[182.733s][info][gc          ] Allocation Stall (Executor task launch worker for task 11.0 in stage 0.0 (TID 11)) 74.370ms
[182.733s][info][gc          ] Allocation Stall (Executor task launch worker for task 14.0 in stage 0.0 (TID 14)) 78.450ms
[182.733s][info][gc          ] Allocation Stall (Executor task launch worker for task 44.0 in stage 0.0 (TID 44)) 74.378ms
[182.733s][info][gc          ] Allocation Stall (Executor task launch worker for task 17.0 in stage 0.0 (TID 17)) 74.424ms
[182.733s][info][gc          ] Allocation Stall (Executor task launch worker for task 15.0 in stage 0.0 (TID 15)) 78.507ms
[182.733s][info][gc          ] Allocation Stall (Executor task launch worker for task 0.0 in stage 0.0 (TID 0)) 78.484ms
[182.733s][info][gc          ] Allocation Stall (Executor task launch worker for task 38.0 in stage 0.0 (TID 38)) 78.621ms
[182.733s][info][gc          ] Allocation Stall (Executor task launch worker for task 18.0 in stage 0.0 (TID 18)) 78.366ms
[182.733s][info][gc          ] Allocation Stall (Executor task launch worker for task 45.0 in stage 0.0 (TID 45)) 74.413ms
[182.733s][info][gc          ] Allocation Stall (Executor task launch worker for task 13.0 in stage 0.0 (TID 13)) 74.380ms
[182.733s][info][gc          ] Allocation Stall (Executor task launch worker for task 22.0 in stage 0.0 (TID 22)) 78.368ms
[182.733s][info][gc          ] Allocation Stall (Executor task launch worker for task 25.0 in stage 0.0 (TID 25)) 78.428ms
[182.733s][info][gc          ] Allocation Stall (Executor task launch worker for task 8.0 in stage 0.0 (TID 8)) 78.758ms
[182.733s][info][gc          ] Allocation Stall (Executor task launch worker for task 12.0 in stage 0.0 (TID 12)) 78.737ms
[182.733s][info][gc          ] Allocation Stall (Executor task launch worker for task 37.0 in stage 0.0 (TID 37)) 78.790ms
[182.733s][info][gc          ] Allocation Stall (Executor task launch worker for task 20.0 in stage 0.0 (TID 20)) 78.673ms
[182.733s][info][gc          ] Allocation Stall (Executor task launch worker for task 40.0 in stage 0.0 (TID 40)) 74.419ms
[182.733s][info][gc          ] Allocation Stall (Executor task launch worker for task 42.0 in stage 0.0 (TID 42)) 78.396ms
[182.733s][info][gc          ] Allocation Stall (Executor task launch worker for task 9.0 in stage 0.0 (TID 9)) 74.402ms
[182.733s][info][gc          ] Allocation Stall (Executor task launch worker for task 21.0 in stage 0.0 (TID 21)) 78.588ms
[182.733s][info][gc          ] Allocation Stall (Executor task launch worker for task 6.0 in stage 0.0 (TID 6)) 78.697ms
[182.733s][info][gc          ] Allocation Stall (Executor task launch worker for task 31.0 in stage 0.0 (TID 31)) 78.538ms
[182.733s][info][gc          ] Allocation Stall (Executor task launch worker for task 41.0 in stage 0.0 (TID 41)) 74.432ms
[182.733s][info][gc          ] Allocation Stall (Executor task launch worker for task 29.0 in stage 0.0 (TID 29)) 74.413ms
[182.733s][info][gc          ] Allocation Stall (Executor task launch worker for task 30.0 in stage 0.0 (TID 30)) 74.489ms
[182.733s][info][gc          ] Allocation Stall (Executor task launch worker for task 32.0 in stage 0.0 (TID 32)) 78.591ms
[182.733s][info][gc          ] Allocation Stall (Executor task launch worker for task 47.0 in stage 0.0 (TID 47)) 75.421ms
[182.733s][info][gc          ] Allocation Stall (Executor task launch worker for task 4.0 in stage 0.0 (TID 4)) 78.781ms
[182.733s][info][gc          ] Allocation Stall (Executor task launch worker for task 3.0 in stage 0.0 (TID 3)) 78.441ms
[182.733s][info][gc          ] Allocation Stall (Executor task launch worker for task 28.0 in stage 0.0 (TID 28)) 78.801ms
[182.733s][info][gc,phases   ] GC(50) Concurrent Select Relocation Set 2.571ms
[182.733s][info][gc          ] Allocation Stall (Executor task launch worker for task 19.0 in stage 0.0 (TID 19)) 74.570ms
[182.733s][info][gc          ] Allocation Stall (Executor task launch worker for task 2.0 in stage 0.0 (TID 2)) 74.650ms
[182.734s][info][gc          ] Allocation Stall (Executor task launch worker for task 5.0 in stage 0.0 (TID 5)) 74.764ms
[182.734s][info][gc          ] Allocation Stall (Executor task launch worker for task 24.0 in stage 0.0 (TID 24)) 74.764ms
[182.734s][info][gc          ] Allocation Stall (Executor task launch worker for task 27.0 in stage 0.0 (TID 27)) 74.769ms
[182.734s][info][gc          ] Allocation Stall (Executor task launch worker for task 10.0 in stage 0.0 (TID 10)) 74.780ms
[182.734s][info][gc          ] Allocation Stall (Executor task launch worker for task 43.0 in stage 0.0 (TID 43)) 74.599ms
[182.734s][info][gc          ] Allocation Stall (Executor task launch worker for task 39.0 in stage 0.0 (TID 39)) 74.727ms
[182.734s][info][gc          ] Allocation Stall (Executor task launch worker for task 1.0 in stage 0.0 (TID 1)) 74.400ms
[182.734s][info][gc          ] Allocation Stall (Executor task launch worker for task 46.0 in stage 0.0 (TID 46)) 66.298ms
[182.734s][info][gc          ] Allocation Stall (Spark Context Cleaner) 64.158ms
[182.734s][info][gc          ] Allocation Stall (Executor task launch worker for task 33.0 in stage 0.0 (TID 33)) 60.652ms
[182.734s][info][gc          ] Allocation Stall (Executor task launch worker for task 7.0 in stage 0.0 (TID 7)) 59.484ms
[182.734s][info][gc          ] Allocation Stall (Executor task launch worker for task 26.0 in stage 0.0 (TID 26)) 57.274ms
[182.734s][info][gc          ] Allocation Stall (Executor task launch worker for task 34.0 in stage 0.0 (TID 34)) 56.696ms
[182.736s][info][gc,phases   ] GC(50) Pause Relocate Start 0.009ms
[182.740s][info][gc,phases   ] GC(50) Concurrent Relocate 3.834ms
[182.741s][info][gc,load     ] GC(50) Load: 0.00/0.00/0.00
[182.741s][info][gc,mmu      ] GC(50) MMU: 2ms/96.3%, 5ms/98.5%, 10ms/99.3%, 20ms/99.6%, 50ms/99.8%, 100ms/99.9%
[182.741s][info][gc,marking  ] GC(50) Mark: 4 stripe(s), 2 proactive flush(es), 1 terminate flush(es), 0 completion(s), 0 continuation(s) 
[182.741s][info][gc,marking  ] GC(50) Mark Stack Usage: 32M
[182.741s][info][gc,nmethod  ] GC(50) NMethods: 1298 registered, 28 unregistered
[182.741s][info][gc,metaspace] GC(50) Metaspace: 107M used, 116M committed, 1152M reserved
[182.741s][info][gc,ref      ] GC(50) Soft: 2806 encountered, 372 discovered, 5 enqueued
[182.741s][info][gc,ref      ] GC(50) Weak: 12974 encountered, 3986 discovered, 1 enqueued
[182.741s][info][gc,ref      ] GC(50) Final: 40 encountered, 1 discovered, 0 enqueued
[182.741s][info][gc,ref      ] GC(50) Phantom: 750 encountered, 593 discovered, 0 enqueued
[182.741s][info][gc,reloc    ] GC(50) Small Pages: 92 / 184M, Empty: 52M, Relocated: 1M, In-Place: 0
[182.741s][info][gc,reloc    ] GC(50) Medium Pages: 1 / 16M, Empty: 0M, Relocated: 0M, In-Place: 0
[182.741s][info][gc,reloc    ] GC(50) Large Pages: 57 / 312M, Empty: 12M, Relocated: 0M, In-Place: 0
[182.741s][info][gc,reloc    ] GC(50) Forwarding Usage: 0M
[182.741s][info][gc,heap     ] GC(50) Min Capacity: 8M(2%)
[182.741s][info][gc,heap     ] GC(50) Max Capacity: 512M(100%)
[182.741s][info][gc,heap     ] GC(50) Soft Max Capacity: 512M(100%)
[182.741s][info][gc,heap     ] GC(50)                Mark Start          Mark End        Relocate Start      Relocate End           High               Low         
[182.742s][info][gc,heap     ] GC(50)  Capacity:      512M (100%)        512M (100%)        512M (100%)        512M (100%)        512M (100%)        512M (100%)   
[182.742s][info][gc,heap     ] GC(50)      Free:        0M (0%)            0M (0%)           52M (10%)          42M (8%)           80M (16%)           0M (0%)     
[182.742s][info][gc,heap     ] GC(50)      Used:      512M (100%)        512M (100%)        460M (90%)         470M (92%)         512M (100%)        432M (84%)    
[182.742s][info][gc,heap     ] GC(50)      Live:         -               360M (70%)         360M (70%)         360M (70%)            -                  -          
[182.742s][info][gc,heap     ] GC(50) Allocated:         -                 0M (0%)           12M (2%)           75M (15%)            -                  -          
[182.742s][info][gc,heap     ] GC(50)   Garbage:         -               151M (30%)          87M (17%)          33M (7%)             -                  -          
[182.742s][info][gc,heap     ] GC(50) Reclaimed:         -                  -                64M (13%)         117M (23%)            -                  -          
[182.742s][info][gc          ] GC(50) Garbage Collection (Allocation Stall) 512M(100%)->470M(92%)
[182.744s][info][gc,start    ] GC(51) Garbage Collection (Allocation Stall)
[182.744s][info][gc,ref      ] GC(51) Clearing All SoftReferences
[182.744s][info][gc,task     ] GC(51) Using 5 workers
[182.758s][info][gc,ref      ] GC(51) Clearing All SoftReferences
[182.758s][info][gc,phases   ] GC(51) Pause Mark Start 0.086ms
[182.821s][info][gc,phases   ] GC(51) Concurrent Mark 62.110ms
[182.821s][info][gc,phases   ] GC(51) Pause Mark End 0.024ms
[182.821s][info][gc,phases   ] GC(51) Concurrent Mark Free 0.001ms
[182.837s][info][gc,phases   ] GC(51) Concurrent Process Non-Strong References 16.400ms
[182.838s][info][gc,phases   ] GC(51) Concurrent Reset Relocation Set 0.008ms
[182.840s][info][gc          ] Allocation Stall (Executor task launch worker for task 17.0 in stage 0.0 (TID 17)) 81.314ms
[182.840s][info][gc          ] Allocation Stall (Executor task launch worker for task 18.0 in stage 0.0 (TID 18)) 81.312ms
[182.840s][info][gc          ] Allocation Stall (Executor task launch worker for task 45.0 in stage 0.0 (TID 45)) 81.318ms
[182.840s][info][gc          ] Allocation Stall (Executor task launch worker for task 41.0 in stage 0.0 (TID 41)) 81.345ms
[182.840s][info][gc          ] Allocation Stall (Executor task launch worker for task 47.0 in stage 0.0 (TID 47)) 81.331ms
[182.840s][info][gc          ] Allocation Stall (Executor task launch worker for task 9.0 in stage 0.0 (TID 9)) 81.385ms
[182.840s][info][gc          ] Allocation Stall (Executor task launch worker for task 31.0 in stage 0.0 (TID 31)) 81.362ms
[182.840s][info][gc          ] Allocation Stall (Executor task launch worker for task 25.0 in stage 0.0 (TID 25)) 81.320ms
[182.840s][info][gc          ] Allocation Stall (Executor task launch worker for task 34.0 in stage 0.0 (TID 34)) 81.323ms
[182.840s][info][gc          ] Allocation Stall (Executor task launch worker for task 2.0 in stage 0.0 (TID 2)) 96.142ms
[182.840s][info][gc          ] Allocation Stall (Executor task launch worker for task 13.0 in stage 0.0 (TID 13)) 81.370ms
[182.840s][info][gc          ] Allocation Stall (Executor task launch worker for task 36.0 in stage 0.0 (TID 36)) 81.454ms
[182.840s][info][gc          ] Allocation Stall (Executor task launch worker for task 38.0 in stage 0.0 (TID 38)) 81.376ms
[182.840s][info][gc          ] Allocation Stall (Executor task launch worker for task 6.0 in stage 0.0 (TID 6)) 81.359ms
[182.840s][info][gc          ] Allocation Stall (Executor task launch worker for task 44.0 in stage 0.0 (TID 44)) 81.336ms
[182.840s][info][gc          ] Allocation Stall (Executor task launch worker for task 42.0 in stage 0.0 (TID 42)) 81.433ms
[182.840s][info][gc          ] Allocation Stall (Executor task launch worker for task 28.0 in stage 0.0 (TID 28)) 81.392ms
[182.840s][info][gc          ] Allocation Stall (Executor task launch worker for task 11.0 in stage 0.0 (TID 11)) 81.458ms
[182.840s][info][gc          ] Allocation Stall (Executor task launch worker for task 4.0 in stage 0.0 (TID 4)) 81.417ms
[182.840s][info][gc          ] Allocation Stall (Executor task launch worker for task 19.0 in stage 0.0 (TID 19)) 81.481ms
[182.840s][info][gc          ] Allocation Stall (Executor task launch worker for task 15.0 in stage 0.0 (TID 15)) 81.475ms
[182.840s][info][gc          ] Allocation Stall (Executor task launch worker for task 5.0 in stage 0.0 (TID 5)) 96.273ms
[182.840s][info][gc          ] Allocation Stall (Executor task launch worker for task 32.0 in stage 0.0 (TID 32)) 81.446ms
[182.840s][info][gc          ] Allocation Stall (Executor task launch worker for task 21.0 in stage 0.0 (TID 21)) 81.384ms
[182.840s][info][gc          ] Allocation Stall (Executor task launch worker for task 14.0 in stage 0.0 (TID 14)) 81.395ms
[182.840s][info][gc          ] Allocation Stall (Executor task launch worker for task 35.0 in stage 0.0 (TID 35)) 96.118ms
[182.840s][info][gc          ] Allocation Stall (Executor task launch worker for task 0.0 in stage 0.0 (TID 0)) 81.443ms
[182.840s][info][gc          ] Allocation Stall (Executor task launch worker for task 20.0 in stage 0.0 (TID 20)) 96.080ms
[182.840s][info][gc          ] Allocation Stall (Executor task launch worker for task 30.0 in stage 0.0 (TID 30)) 81.422ms
[182.840s][info][gc          ] Allocation Stall (Executor task launch worker for task 12.0 in stage 0.0 (TID 12)) 81.383ms
[182.840s][info][gc          ] Allocation Stall (Executor task launch worker for task 43.0 in stage 0.0 (TID 43)) 81.440ms
[182.840s][info][gc          ] Allocation Stall (Executor task launch worker for task 40.0 in stage 0.0 (TID 40)) 96.278ms
[182.840s][info][gc          ] Allocation Stall (Executor task launch worker for task 26.0 in stage 0.0 (TID 26)) 81.419ms
[182.840s][info][gc          ] Allocation Stall (Executor task launch worker for task 1.0 in stage 0.0 (TID 1)) 81.718ms
[182.841s][info][gc          ] Allocation Stall (Executor task launch worker for task 3.0 in stage 0.0 (TID 3)) 81.961ms
[182.841s][info][gc          ] Allocation Stall (Executor task launch worker for task 37.0 in stage 0.0 (TID 37)) 82.037ms
[182.841s][info][gc          ] Allocation Stall (Executor task launch worker for task 22.0 in stage 0.0 (TID 22)) 82.150ms
[182.841s][info][gc          ] Allocation Stall (Executor task launch worker for task 16.0 in stage 0.0 (TID 16)) 82.182ms
[182.841s][info][gc          ] Allocation Stall (Executor task launch worker for task 23.0 in stage 0.0 (TID 23)) 82.233ms
[182.841s][info][gc          ] Allocation Stall (Executor task launch worker for task 29.0 in stage 0.0 (TID 29)) 82.255ms
[182.841s][info][gc          ] Allocation Stall (Executor task launch worker for task 27.0 in stage 0.0 (TID 27)) 82.286ms
[182.841s][info][gc          ] Allocation Stall (Executor task launch worker for task 10.0 in stage 0.0 (TID 10)) 82.299ms
[182.841s][info][gc          ] Allocation Stall (Executor task launch worker for task 8.0 in stage 0.0 (TID 8)) 66.131ms
[182.841s][info][gc          ] Allocation Stall (Executor task launch worker for task 24.0 in stage 0.0 (TID 24)) 64.332ms
[182.841s][info][gc          ] Allocation Stall (Executor task launch worker for task 46.0 in stage 0.0 (TID 46)) 63.263ms
[182.841s][info][gc          ] Allocation Stall (Executor task launch worker for task 7.0 in stage 0.0 (TID 7)) 62.695ms
[182.841s][info][gc          ] Allocation Stall (Executor task launch worker for task 33.0 in stage 0.0 (TID 33)) 62.129ms
[182.842s][info][gc          ] Allocation Stall (Executor task launch worker for task 39.0 in stage 0.0 (TID 39)) 62.092ms
[182.852s][info][gc,phases   ] GC(51) Concurrent Select Relocation Set 14.712ms
[182.860s][info][gc,phases   ] GC(51) Pause Relocate Start 0.009ms
[182.875s][info][gc,phases   ] GC(51) Concurrent Relocate 14.675ms
[182.875s][info][gc,load     ] GC(51) Load: 0.00/0.00/0.00
[182.875s][info][gc,mmu      ] GC(51) MMU: 2ms/95.7%, 5ms/98.3%, 10ms/99.1%, 20ms/99.6%, 50ms/99.8%, 100ms/99.8%
[182.875s][info][gc,marking  ] GC(51) Mark: 4 stripe(s), 2 proactive flush(es), 1 terminate flush(es), 0 completion(s), 0 continuation(s) 
[182.875s][info][gc,marking  ] GC(51) Mark Stack Usage: 32M
[182.875s][info][gc,nmethod  ] GC(51) NMethods: 1389 registered, 29 unregistered
[182.875s][info][gc,metaspace] GC(51) Metaspace: 107M used, 116M committed, 1152M reserved
[182.875s][info][gc,ref      ] GC(51) Soft: 2806 encountered, 2243 discovered, 5 enqueued
[182.875s][info][gc,ref      ] GC(51) Weak: 12979 encountered, 2149 discovered, 3 enqueued
[182.875s][info][gc,ref      ] GC(51) Final: 40 encountered, 11 discovered, 0 enqueued
[182.875s][info][gc,ref      ] GC(51) Phantom: 750 encountered, 410 discovered, 0 enqueued
[182.875s][info][gc,reloc    ] GC(51) Small Pages: 80 / 160M, Empty: 34M, Relocated: 6M, In-Place: 0
[182.876s][info][gc,reloc    ] GC(51) Medium Pages: 1 / 16M, Empty: 0M, Relocated: 0M, In-Place: 0
[182.876s][info][gc,reloc    ] GC(51) Large Pages: 60 / 336M, Empty: 32M, Relocated: 0M, In-Place: 0
[182.876s][info][gc,reloc    ] GC(51) Forwarding Usage: 1M
[182.876s][info][gc,heap     ] GC(51) Min Capacity: 8M(2%)
[182.876s][info][gc,heap     ] GC(51) Max Capacity: 512M(100%)
[182.876s][info][gc,heap     ] GC(51) Soft Max Capacity: 512M(100%)
[182.876s][info][gc,heap     ] GC(51)                Mark Start          Mark End        Relocate Start      Relocate End           High               Low         
[182.876s][info][gc,heap     ] GC(51)  Capacity:      512M (100%)        512M (100%)        512M (100%)        512M (100%)        512M (100%)        512M (100%)   
[182.876s][info][gc,heap     ] GC(51)      Free:        0M (0%)            0M (0%)           38M (7%)           14M (3%)           66M (13%)           0M (0%)     
[182.876s][info][gc,heap     ] GC(51)      Used:      512M (100%)        512M (100%)        474M (93%)         498M (97%)         512M (100%)        446M (87%)    
[182.876s][info][gc,heap     ] GC(51)      Live:         -               365M (71%)         365M (71%)         365M (71%)            -                  -          
[182.876s][info][gc,heap     ] GC(51) Allocated:         -                 0M (0%)           28M (5%)          102M (20%)            -                  -          
[182.876s][info][gc,heap     ] GC(51)   Garbage:         -               146M (29%)          80M (16%)          30M (6%)             -                  -          
[182.876s][info][gc,heap     ] GC(51) Reclaimed:         -                  -                66M (13%)         116M (23%)            -                  -          
[182.876s][info][gc          ] GC(51) Garbage Collection (Allocation Stall) 512M(100%)->498M(97%)
[182.882s][info][gc,start    ] GC(52) Garbage Collection (Allocation Stall)
[182.882s][info][gc,ref      ] GC(52) Clearing All SoftReferences
[182.882s][info][gc,task     ] GC(52) Using 5 workers
[182.882s][info][gc,ref      ] GC(52) Clearing All SoftReferences
[182.882s][info][gc,phases   ] GC(52) Pause Mark Start 0.053ms
[182.922s][info][gc,phases   ] GC(52) Concurrent Mark 39.818ms
[182.922s][info][gc,phases   ] GC(52) Pause Mark End 0.015ms
[182.922s][info][gc,phases   ] GC(52) Concurrent Mark Free 0.001ms
[182.939s][info][gc,phases   ] GC(52) Concurrent Process Non-Strong References 16.796ms
[182.939s][info][gc,phases   ] GC(52) Concurrent Reset Relocation Set 0.006ms
[182.942s][info][gc          ] Allocation Stall (Executor task launch worker for task 30.0 in stage 0.0 (TID 30)) 59.534ms
[182.942s][info][gc          ] Allocation Stall (Executor task launch worker for task 38.0 in stage 0.0 (TID 38)) 59.464ms
[182.942s][info][gc          ] Allocation Stall (Executor task launch worker for task 22.0 in stage 0.0 (TID 22)) 59.479ms
[182.942s][info][gc          ] Allocation Stall (Executor task launch worker for task 21.0 in stage 0.0 (TID 21)) 59.485ms
[182.942s][info][gc          ] Allocation Stall (Executor task launch worker for task 20.0 in stage 0.0 (TID 20)) 59.501ms
[182.942s][info][gc          ] Allocation Stall (Executor task launch worker for task 44.0 in stage 0.0 (TID 44)) 60.089ms
[182.942s][info][gc          ] Allocation Stall (Executor task launch worker for task 29.0 in stage 0.0 (TID 29)) 59.482ms
[182.942s][info][gc          ] Allocation Stall (Executor task launch worker for task 17.0 in stage 0.0 (TID 17)) 60.255ms
[182.942s][info][gc          ] Allocation Stall (Executor task launch worker for task 39.0 in stage 0.0 (TID 39)) 59.483ms
[182.942s][info][gc          ] Allocation Stall (Executor task launch worker for task 46.0 in stage 0.0 (TID 46)) 59.609ms
[182.942s][info][gc          ] Allocation Stall (Executor task launch worker for task 42.0 in stage 0.0 (TID 42)) 59.565ms
[182.942s][info][gc          ] Allocation Stall (Executor task launch worker for task 4.0 in stage 0.0 (TID 4)) 59.971ms
[182.942s][info][gc          ] Allocation Stall (Executor task launch worker for task 11.0 in stage 0.0 (TID 11)) 59.495ms
[182.942s][info][gc          ] Allocation Stall (Executor task launch worker for task 23.0 in stage 0.0 (TID 23)) 59.497ms
[182.942s][info][gc          ] Allocation Stall (Executor task launch worker for task 12.0 in stage 0.0 (TID 12)) 59.503ms
[182.942s][info][gc          ] Allocation Stall (Executor task launch worker for task 19.0 in stage 0.0 (TID 19)) 60.007ms
[182.942s][info][gc          ] Allocation Stall (Executor task launch worker for task 25.0 in stage 0.0 (TID 25)) 59.525ms
[182.942s][info][gc          ] Allocation Stall (Executor task launch worker for task 28.0 in stage 0.0 (TID 28)) 59.631ms
[182.942s][info][gc          ] Allocation Stall (Executor task launch worker for task 47.0 in stage 0.0 (TID 47)) 60.006ms
[182.942s][info][gc          ] Allocation Stall (Executor task launch worker for task 2.0 in stage 0.0 (TID 2)) 59.523ms
[182.942s][info][gc          ] Allocation Stall (Executor task launch worker for task 35.0 in stage 0.0 (TID 35)) 59.515ms
[182.942s][info][gc          ] Allocation Stall (Executor task launch worker for task 32.0 in stage 0.0 (TID 32)) 60.107ms
[182.942s][info][gc          ] Allocation Stall (Executor task launch worker for task 43.0 in stage 0.0 (TID 43)) 59.564ms
[182.942s][info][gc          ] Allocation Stall (Executor task launch worker for task 14.0 in stage 0.0 (TID 14)) 60.119ms
[182.942s][info][gc          ] Allocation Stall (Executor task launch worker for task 0.0 in stage 0.0 (TID 0)) 59.560ms
[182.942s][info][gc          ] Allocation Stall (Executor task launch worker for task 1.0 in stage 0.0 (TID 1)) 59.557ms
[182.942s][info][gc          ] Allocation Stall (Executor task launch worker for task 24.0 in stage 0.0 (TID 24)) 59.514ms
[182.942s][info][gc          ] Allocation Stall (Executor task launch worker for task 3.0 in stage 0.0 (TID 3)) 59.512ms
[182.942s][info][gc          ] Allocation Stall (Executor task launch worker for task 5.0 in stage 0.0 (TID 5)) 60.060ms
[182.942s][info][gc          ] Allocation Stall (Executor task launch worker for task 7.0 in stage 0.0 (TID 7)) 59.567ms
[182.942s][info][gc          ] Allocation Stall (Executor task launch worker for task 10.0 in stage 0.0 (TID 10)) 59.507ms
[182.942s][info][gc          ] Allocation Stall (Executor task launch worker for task 37.0 in stage 0.0 (TID 37)) 59.558ms
[182.942s][info][gc          ] Allocation Stall (Executor task launch worker for task 8.0 in stage 0.0 (TID 8)) 59.567ms
[182.942s][info][gc          ] Allocation Stall (Executor task launch worker for task 41.0 in stage 0.0 (TID 41)) 59.587ms
[182.942s][info][gc          ] Allocation Stall (Executor task launch worker for task 33.0 in stage 0.0 (TID 33)) 60.023ms
[182.942s][info][gc          ] Allocation Stall (Executor task launch worker for task 27.0 in stage 0.0 (TID 27)) 60.177ms
[182.942s][info][gc          ] Allocation Stall (Executor task launch worker for task 45.0 in stage 0.0 (TID 45)) 59.515ms
[182.942s][info][gc          ] Allocation Stall (Executor task launch worker for task 6.0 in stage 0.0 (TID 6)) 59.524ms
[182.942s][info][gc          ] Allocation Stall (Executor task launch worker for task 26.0 in stage 0.0 (TID 26)) 59.603ms
[182.942s][info][gc,phases   ] GC(52) Concurrent Select Relocation Set 2.930ms
[182.942s][info][gc          ] Allocation Stall (Executor task launch worker for task 9.0 in stage 0.0 (TID 9)) 59.729ms
[182.942s][info][gc          ] Allocation Stall (Executor task launch worker for task 13.0 in stage 0.0 (TID 13)) 59.803ms
[182.942s][info][gc          ] Allocation Stall (Executor task launch worker for task 15.0 in stage 0.0 (TID 15)) 59.839ms
[182.942s][info][gc          ] Allocation Stall (Executor task launch worker for task 31.0 in stage 0.0 (TID 31)) 59.932ms
[182.943s][info][gc          ] Allocation Stall (Executor task launch worker for task 34.0 in stage 0.0 (TID 34)) 60.088ms
[182.943s][info][gc          ] Allocation Stall (Executor task launch worker for task 40.0 in stage 0.0 (TID 40)) 60.115ms
[182.943s][info][gc          ] Allocation Stall (Executor task launch worker for task 16.0 in stage 0.0 (TID 16)) 60.121ms
[182.943s][info][gc          ] Allocation Stall (Executor task launch worker for task 18.0 in stage 0.0 (TID 18)) 60.379ms
[182.943s][info][gc          ] Allocation Stall (Executor task launch worker for task 36.0 in stage 0.0 (TID 36)) 53.684ms
[182.954s][info][gc,phases   ] GC(52) Pause Relocate Start 0.010ms
[182.977s][info][gc,phases   ] GC(52) Concurrent Relocate 11.094ms
[182.977s][info][gc,load     ] GC(52) Load: 0.00/0.00/0.00
[182.977s][info][gc,mmu      ] GC(52) MMU: 2ms/95.7%, 5ms/98.3%, 10ms/99.1%, 20ms/99.6%, 50ms/99.8%, 100ms/99.8%
[182.977s][info][gc,marking  ] GC(52) Mark: 4 stripe(s), 2 proactive flush(es), 1 terminate flush(es), 0 completion(s), 0 continuation(s) 
[182.977s][info][gc,marking  ] GC(52) Mark Stack Usage: 32M
[182.977s][info][gc,nmethod  ] GC(52) NMethods: 1391 registered, 30 unregistered
[182.977s][info][gc,metaspace] GC(52) Metaspace: 107M used, 116M committed, 1152M reserved
[182.977s][info][gc,ref      ] GC(52) Soft: 2800 encountered, 1676 discovered, 0 enqueued
[182.977s][info][gc,ref      ] GC(52) Weak: 12978 encountered, 2435 discovered, 3 enqueued
[182.977s][info][gc,ref      ] GC(52) Final: 40 encountered, 0 discovered, 0 enqueued
[182.978s][info][gc,ref      ] GC(52) Phantom: 750 encountered, 565 discovered, 0 enqueued
[182.978s][info][gc,reloc    ] GC(52) Small Pages: 92 / 184M, Empty: 52M, Relocated: 6M, In-Place: 0
[182.978s][info][gc,reloc    ] GC(52) Medium Pages: 1 / 16M, Empty: 0M, Relocated: 0M, In-Place: 0
[182.978s][info][gc,reloc    ] GC(52) Large Pages: 56 / 312M, Empty: 24M, Relocated: 0M, In-Place: 0
[182.978s][info][gc,reloc    ] GC(52) Forwarding Usage: 1M
[182.978s][info][gc,heap     ] GC(52) Min Capacity: 8M(2%)
[182.978s][info][gc,heap     ] GC(52) Max Capacity: 512M(100%)
[182.978s][info][gc,heap     ] GC(52) Soft Max Capacity: 512M(100%)
[182.978s][info][gc,heap     ] GC(52)                Mark Start          Mark End        Relocate Start      Relocate End           High               Low         
[182.978s][info][gc,heap     ] GC(52)  Capacity:      512M (100%)        512M (100%)        512M (100%)        512M (100%)        512M (100%)        512M (100%)   
[182.978s][info][gc,heap     ] GC(52)      Free:        0M (0%)            0M (0%)           54M (11%)          20M (4%)           76M (15%)           0M (0%)     
[182.978s][info][gc,heap     ] GC(52)      Used:      512M (100%)        512M (100%)        458M (89%)         492M (96%)         512M (100%)        436M (85%)    
[182.978s][info][gc,heap     ] GC(52)      Live:         -               351M (69%)         351M (69%)         351M (69%)            -                  -          
[182.978s][info][gc,heap     ] GC(52) Allocated:         -                 0M (0%)           22M (4%)          110M (22%)            -                  -          
[182.978s][info][gc,heap     ] GC(52)   Garbage:         -               160M (31%)          84M (16%)          30M (6%)             -                  -          
[182.978s][info][gc,heap     ] GC(52) Reclaimed:         -                  -                76M (15%)         130M (25%)            -                  -          
[182.978s][info][gc          ] GC(52) Garbage Collection (Allocation Stall) 512M(100%)->492M(96%)
[182.979s][info][gc,start    ] GC(53) Garbage Collection (Allocation Stall)
[182.979s][info][gc,ref      ] GC(53) Clearing All SoftReferences
[182.979s][info][gc,task     ] GC(53) Using 5 workers
[182.980s][info][gc,ref      ] GC(53) Clearing All SoftReferences
[182.980s][info][gc,phases   ] GC(53) Pause Mark Start 0.041ms
[183.016s][info][gc,phases   ] GC(53) Concurrent Mark 35.860ms
[183.016s][info][gc,phases   ] GC(53) Pause Mark End 0.027ms
[183.016s][info][gc,phases   ] GC(53) Concurrent Mark Free 0.001ms
[183.017s][info][gc,phases   ] GC(53) Concurrent Process Non-Strong References 1.302ms
[183.018s][info][gc,phases   ] GC(53) Concurrent Reset Relocation Set 0.006ms
[183.021s][info][gc          ] Allocation Stall (Executor task launch worker for task 42.0 in stage 0.0 (TID 42)) 41.130ms
[183.021s][info][gc          ] Allocation Stall (Executor task launch worker for task 10.0 in stage 0.0 (TID 10)) 41.147ms
[183.021s][info][gc          ] Allocation Stall (Executor task launch worker for task 37.0 in stage 0.0 (TID 37)) 41.163ms
[183.021s][info][gc          ] Allocation Stall (Executor task launch worker for task 33.0 in stage 0.0 (TID 33)) 41.101ms
[183.021s][info][gc          ] Allocation Stall (Executor task launch worker for task 39.0 in stage 0.0 (TID 39)) 41.117ms
[183.021s][info][gc          ] Allocation Stall (Executor task launch worker for task 7.0 in stage 0.0 (TID 7)) 41.167ms
[183.021s][info][gc          ] Allocation Stall (Executor task launch worker for task 34.0 in stage 0.0 (TID 34)) 41.106ms
[183.021s][info][gc          ] Allocation Stall (Executor task launch worker for task 25.0 in stage 0.0 (TID 25)) 41.095ms
[183.021s][info][gc          ] Allocation Stall (Executor task launch worker for task 15.0 in stage 0.0 (TID 15)) 41.114ms
[183.021s][info][gc          ] Allocation Stall (Executor task launch worker for task 28.0 in stage 0.0 (TID 28)) 41.161ms
[183.021s][info][gc          ] Allocation Stall (Executor task launch worker for task 17.0 in stage 0.0 (TID 17)) 41.158ms
[183.021s][info][gc          ] Allocation Stall (Executor task launch worker for task 36.0 in stage 0.0 (TID 36)) 41.182ms
[183.021s][info][gc          ] Allocation Stall (Executor task launch worker for task 38.0 in stage 0.0 (TID 38)) 41.117ms
[183.021s][info][gc          ] Allocation Stall (Executor task launch worker for task 30.0 in stage 0.0 (TID 30)) 41.213ms
[183.021s][info][gc          ] Allocation Stall (Executor task launch worker for task 47.0 in stage 0.0 (TID 47)) 41.174ms
[183.021s][info][gc          ] Allocation Stall (Executor task launch worker for task 19.0 in stage 0.0 (TID 19)) 41.403ms
[183.021s][info][gc          ] Allocation Stall (Executor task launch worker for task 6.0 in stage 0.0 (TID 6)) 41.241ms
[183.021s][info][gc          ] Allocation Stall (Executor task launch worker for task 18.0 in stage 0.0 (TID 18)) 41.212ms
[183.021s][info][gc          ] Allocation Stall (Executor task launch worker for task 24.0 in stage 0.0 (TID 24)) 41.287ms
[183.021s][info][gc          ] Allocation Stall (Executor task launch worker for task 14.0 in stage 0.0 (TID 14)) 42.213ms
[183.021s][info][gc          ] Allocation Stall (Executor task launch worker for task 2.0 in stage 0.0 (TID 2)) 41.397ms
[183.021s][info][gc          ] Allocation Stall (Executor task launch worker for task 8.0 in stage 0.0 (TID 8)) 41.260ms
[183.021s][info][gc          ] Allocation Stall (Executor task launch worker for task 29.0 in stage 0.0 (TID 29)) 41.217ms
[183.021s][info][gc          ] Allocation Stall (Executor task launch worker for task 21.0 in stage 0.0 (TID 21)) 41.174ms
[183.021s][info][gc          ] Allocation Stall (Executor task launch worker for task 32.0 in stage 0.0 (TID 32)) 41.254ms
[183.021s][info][gc          ] Allocation Stall (Executor task launch worker for task 20.0 in stage 0.0 (TID 20)) 41.251ms
[183.021s][info][gc          ] Allocation Stall (Executor task launch worker for task 3.0 in stage 0.0 (TID 3)) 41.267ms
[183.021s][info][gc          ] Allocation Stall (Executor task launch worker for task 41.0 in stage 0.0 (TID 41)) 41.220ms
[183.021s][info][gc          ] Allocation Stall (Executor task launch worker for task 12.0 in stage 0.0 (TID 12)) 41.266ms
[183.021s][info][gc,phases   ] GC(53) Concurrent Select Relocation Set 3.888ms
[183.021s][info][gc          ] Allocation Stall (Spark Context Cleaner) 41.321ms
[183.022s][info][gc          ] Allocation Stall (Executor task launch worker for task 43.0 in stage 0.0 (TID 43)) 41.375ms
[183.022s][info][gc          ] Allocation Stall (Executor task launch worker for task 26.0 in stage 0.0 (TID 26)) 41.424ms
[183.022s][info][gc          ] Allocation Stall (Executor task launch worker for task 13.0 in stage 0.0 (TID 13)) 39.816ms
[183.022s][info][gc          ] Allocation Stall (Executor task launch worker for task 44.0 in stage 0.0 (TID 44)) 39.701ms
[183.022s][info][gc          ] Allocation Stall (Executor task launch worker for task 45.0 in stage 0.0 (TID 45)) 39.316ms
[183.022s][info][gc          ] Allocation Stall (Executor task launch worker for task 23.0 in stage 0.0 (TID 23)) 39.316ms
[183.022s][info][gc          ] Allocation Stall (Executor task launch worker for task 0.0 in stage 0.0 (TID 0)) 39.329ms
[183.022s][info][gc          ] Allocation Stall (Executor task launch worker for task 27.0 in stage 0.0 (TID 27)) 39.272ms
[183.022s][info][gc          ] Allocation Stall (Executor task launch worker for task 1.0 in stage 0.0 (TID 1)) 39.336ms
[183.022s][info][gc          ] Allocation Stall (Executor task launch worker for task 9.0 in stage 0.0 (TID 9)) 39.358ms
[183.022s][info][gc          ] Allocation Stall (Executor task launch worker for task 11.0 in stage 0.0 (TID 11)) 39.447ms
[183.022s][info][gc          ] Allocation Stall (Executor task launch worker for task 40.0 in stage 0.0 (TID 40)) 39.495ms
[183.022s][info][gc          ] Allocation Stall (Executor task launch worker for task 16.0 in stage 0.0 (TID 16)) 39.522ms
[183.022s][info][gc          ] Allocation Stall (Executor task launch worker for task 22.0 in stage 0.0 (TID 22)) 39.638ms
[183.022s][info][gc          ] Allocation Stall (Executor task launch worker for task 35.0 in stage 0.0 (TID 35)) 39.628ms
[183.023s][info][gc          ] Allocation Stall (Executor task launch worker for task 46.0 in stage 0.0 (TID 46)) 39.671ms
[183.023s][info][gc          ] Allocation Stall (Executor task launch worker for task 5.0 in stage 0.0 (TID 5)) 39.732ms
[183.023s][info][gc          ] Allocation Stall (Executor task launch worker for task 31.0 in stage 0.0 (TID 31)) 39.747ms
[183.023s][info][gc          ] Allocation Stall (Executor task launch worker for task 4.0 in stage 0.0 (TID 4)) 35.325ms
[183.023s][info][gc          ] Allocation Stall (Executor task launch worker for task 42.0 in stage 0.0 (TID 42)) 1.114ms
[183.024s][info][gc,phases   ] GC(53) Pause Relocate Start 0.008ms
[183.024s][info][gc          ] Allocation Stall (Executor task launch worker for task 17.0 in stage 0.0 (TID 17)) 1.186ms
[183.024s][info][gc          ] Allocation Stall (Executor task launch worker for task 33.0 in stage 0.0 (TID 33)) 1.176ms
[183.030s][info][gc,phases   ] GC(53) Concurrent Relocate 4.866ms
[183.030s][info][gc,load     ] GC(53) Load: 0.00/0.00/0.00
[183.030s][info][gc,mmu      ] GC(53) MMU: 2ms/95.7%, 5ms/98.3%, 10ms/99.1%, 20ms/99.6%, 50ms/99.8%, 100ms/99.8%
[183.030s][info][gc,marking  ] GC(53) Mark: 4 stripe(s), 2 proactive flush(es), 1 terminate flush(es), 0 completion(s), 0 continuation(s) 
[183.030s][info][gc,marking  ] GC(53) Mark Stack Usage: 32M
[183.031s][info][gc,nmethod  ] GC(53) NMethods: 1392 registered, 30 unregistered
[183.031s][info][gc,metaspace] GC(53) Metaspace: 107M used, 116M committed, 1152M reserved
[183.031s][info][gc,ref      ] GC(53) Soft: 2800 encountered, 2284 discovered, 0 enqueued
[183.031s][info][gc,ref      ] GC(53) Weak: 12977 encountered, 4669 discovered, 1 enqueued
[183.031s][info][gc,ref      ] GC(53) Final: 40 encountered, 1 discovered, 0 enqueued
[183.031s][info][gc,ref      ] GC(53) Phantom: 750 encountered, 731 discovered, 0 enqueued
[183.031s][info][gc,reloc    ] GC(53) Small Pages: 98 / 196M, Empty: 56M, Relocated: 6M, In-Place: 0
[183.031s][info][gc,reloc    ] GC(53) Medium Pages: 1 / 16M, Empty: 0M, Relocated: 0M, In-Place: 0
[183.031s][info][gc,reloc    ] GC(53) Large Pages: 51 / 296M, Empty: 4M, Relocated: 0M, In-Place: 0
[183.031s][info][gc,reloc    ] GC(53) Forwarding Usage: 1M
[183.031s][info][gc,heap     ] GC(53) Min Capacity: 8M(2%)
[183.031s][info][gc,heap     ] GC(53) Max Capacity: 512M(100%)
[183.031s][info][gc,heap     ] GC(53) Soft Max Capacity: 512M(100%)
[183.031s][info][gc,heap     ] GC(53)                Mark Start          Mark End        Relocate Start      Relocate End           High               Low         
[183.031s][info][gc,heap     ] GC(53)  Capacity:      512M (100%)        512M (100%)        512M (100%)        512M (100%)        512M (100%)        512M (100%)   
[183.031s][info][gc,heap     ] GC(53)      Free:        4M (1%)            0M (0%)           34M (7%)           16M (3%)           60M (12%)           0M (0%)     
[183.031s][info][gc,heap     ] GC(53)      Used:      508M (99%)         512M (100%)        478M (93%)         496M (97%)         512M (100%)        452M (88%)    
[183.031s][info][gc,heap     ] GC(53)      Live:         -               355M (69%)         355M (69%)         355M (69%)            -                  -          
[183.031s][info][gc,heap     ] GC(53) Allocated:         -                 4M (1%)           30M (6%)          110M (22%)            -                  -          
[183.031s][info][gc,heap     ] GC(53)   Garbage:         -               152M (30%)          92M (18%)          30M (6%)             -                  -          
[183.032s][info][gc,heap     ] GC(53) Reclaimed:         -                  -                60M (12%)         122M (24%)            -                  -          
[183.032s][info][gc          ] GC(53) Garbage Collection (Allocation Stall) 508M(99%)->496M(97%)
[183.032s][info][gc,start    ] GC(54) Garbage Collection (Allocation Stall)
[183.032s][info][gc,ref      ] GC(54) Clearing All SoftReferences
[183.032s][info][gc,task     ] GC(54) Using 5 workers
[183.047s][info][gc,ref      ] GC(54) Clearing All SoftReferences
[183.047s][info][gc,phases   ] GC(54) Pause Mark Start 0.060ms
[183.110s][info][gc,phases   ] GC(54) Concurrent Mark 62.228ms
[183.110s][info][gc,phases   ] GC(54) Pause Mark End 0.015ms
[183.110s][info][gc,phases   ] GC(54) Concurrent Mark Free 0.001ms
[183.111s][info][gc,phases   ] GC(54) Concurrent Process Non-Strong References 1.423ms
[183.111s][info][gc,phases   ] GC(54) Concurrent Reset Relocation Set 0.007ms
[183.115s][info][gc          ] Allocation Stall (Executor task launch worker for task 35.0 in stage 0.0 (TID 35)) 67.509ms
[183.115s][info][gc          ] Allocation Stall (Executor task launch worker for task 32.0 in stage 0.0 (TID 32)) 82.884ms
[183.115s][info][gc          ] Allocation Stall (Executor task launch worker for task 20.0 in stage 0.0 (TID 20)) 67.451ms
[183.115s][info][gc          ] Allocation Stall (Executor task launch worker for task 13.0 in stage 0.0 (TID 13)) 67.413ms
[183.115s][info][gc          ] Allocation Stall (Executor task launch worker for task 22.0 in stage 0.0 (TID 22)) 67.438ms
[183.115s][info][gc          ] Allocation Stall (Executor task launch worker for task 46.0 in stage 0.0 (TID 46)) 67.640ms
[183.115s][info][gc          ] Allocation Stall (Executor task launch worker for task 38.0 in stage 0.0 (TID 38)) 67.530ms
[183.115s][info][gc          ] Allocation Stall (Executor task launch worker for task 2.0 in stage 0.0 (TID 2)) 67.470ms
[183.115s][info][gc          ] Allocation Stall (Executor task launch worker for task 43.0 in stage 0.0 (TID 43)) 67.635ms
[183.115s][info][gc          ] Allocation Stall (Executor task launch worker for task 0.0 in stage 0.0 (TID 0)) 67.471ms
[183.115s][info][gc          ] Allocation Stall (Executor task launch worker for task 11.0 in stage 0.0 (TID 11)) 67.555ms
[183.115s][info][gc          ] Allocation Stall (Executor task launch worker for task 23.0 in stage 0.0 (TID 23)) 67.449ms
[183.115s][info][gc          ] Allocation Stall (Executor task launch worker for task 7.0 in stage 0.0 (TID 7)) 67.437ms
[183.115s][info][gc          ] Allocation Stall (Executor task launch worker for task 29.0 in stage 0.0 (TID 29)) 67.514ms
[183.115s][info][gc          ] Allocation Stall (Executor task launch worker for task 36.0 in stage 0.0 (TID 36)) 67.577ms
[183.115s][info][gc          ] Allocation Stall (Executor task launch worker for task 39.0 in stage 0.0 (TID 39)) 67.494ms
[183.115s][info][gc          ] Allocation Stall (Executor task launch worker for task 15.0 in stage 0.0 (TID 15)) 67.429ms
[183.115s][info][gc          ] Allocation Stall (Executor task launch worker for task 27.0 in stage 0.0 (TID 27)) 67.430ms
[183.115s][info][gc          ] Allocation Stall (Executor task launch worker for task 30.0 in stage 0.0 (TID 30)) 67.515ms
[183.115s][info][gc          ] Allocation Stall (Executor task launch worker for task 40.0 in stage 0.0 (TID 40)) 67.532ms
[183.115s][info][gc          ] Allocation Stall (Executor task launch worker for task 4.0 in stage 0.0 (TID 4)) 67.435ms
[183.115s][info][gc          ] Allocation Stall (Executor task launch worker for task 10.0 in stage 0.0 (TID 10)) 67.573ms
[183.115s][info][gc,phases   ] GC(54) Concurrent Select Relocation Set 3.744ms
[183.115s][info][gc          ] Allocation Stall (Executor task launch worker for task 34.0 in stage 0.0 (TID 34)) 67.594ms
[183.115s][info][gc          ] Allocation Stall (Executor task launch worker for task 9.0 in stage 0.0 (TID 9)) 67.630ms
[183.115s][info][gc          ] Allocation Stall (Executor task launch worker for task 5.0 in stage 0.0 (TID 5)) 67.661ms
[183.115s][info][gc          ] Allocation Stall (Executor task launch worker for task 12.0 in stage 0.0 (TID 12)) 67.748ms
[183.115s][info][gc          ] Allocation Stall (Executor task launch worker for task 19.0 in stage 0.0 (TID 19)) 67.810ms
[183.115s][info][gc          ] Allocation Stall (Executor task launch worker for task 24.0 in stage 0.0 (TID 24)) 67.877ms
[183.116s][info][gc          ] Allocation Stall (Executor task launch worker for task 16.0 in stage 0.0 (TID 16)) 67.996ms
[183.116s][info][gc          ] Allocation Stall (Executor task launch worker for task 33.0 in stage 0.0 (TID 33)) 68.013ms
[183.116s][info][gc          ] Allocation Stall (Executor task launch worker for task 6.0 in stage 0.0 (TID 6)) 68.058ms
[183.116s][info][gc          ] Allocation Stall (Executor task launch worker for task 42.0 in stage 0.0 (TID 42)) 68.121ms
[183.116s][info][gc          ] Allocation Stall (Executor task launch worker for task 25.0 in stage 0.0 (TID 25)) 68.158ms
[183.116s][info][gc          ] Allocation Stall (Executor task launch worker for task 1.0 in stage 0.0 (TID 1)) 68.223ms
[183.116s][info][gc          ] Allocation Stall (Executor task launch worker for task 37.0 in stage 0.0 (TID 37)) 68.280ms
[183.116s][info][gc          ] Allocation Stall (Executor task launch worker for task 47.0 in stage 0.0 (TID 47)) 68.400ms
[183.116s][info][gc          ] Allocation Stall (Executor task launch worker for task 8.0 in stage 0.0 (TID 8)) 67.481ms
[183.116s][info][gc          ] Allocation Stall (Executor task launch worker for task 3.0 in stage 0.0 (TID 3)) 67.452ms
[183.116s][info][gc          ] Allocation Stall (Executor task launch worker for task 26.0 in stage 0.0 (TID 26)) 67.453ms
[183.117s][info][gc,phases   ] GC(54) Pause Relocate Start 0.007ms
[183.117s][info][gc          ] Allocation Stall (Executor task launch worker for task 28.0 in stage 0.0 (TID 28)) 67.732ms
[183.117s][info][gc          ] Allocation Stall (Executor task launch worker for task 44.0 in stage 0.0 (TID 44)) 67.707ms
[183.117s][info][gc          ] Allocation Stall (Executor task launch worker for task 21.0 in stage 0.0 (TID 21)) 67.349ms
[183.117s][info][gc          ] Allocation Stall (Executor task launch worker for task 41.0 in stage 0.0 (TID 41)) 67.146ms
[183.117s][info][gc          ] Allocation Stall (Executor task launch worker for task 14.0 in stage 0.0 (TID 14)) 54.773ms
[183.117s][info][gc          ] Allocation Stall (Executor task launch worker for task 18.0 in stage 0.0 (TID 18)) 50.540ms
[183.117s][info][gc          ] Allocation Stall (Executor task launch worker for task 45.0 in stage 0.0 (TID 45)) 50.994ms
[183.117s][info][gc          ] Allocation Stall (Executor task launch worker for task 31.0 in stage 0.0 (TID 31)) 67.322ms
[183.117s][info][gc          ] Allocation Stall (Executor task launch worker for task 17.0 in stage 0.0 (TID 17)) 49.721ms
[183.117s][info][gc          ] Allocation Stall (RemoteBlock-temp-file-clean-thread) 7.539ms
[183.122s][info][gc,phases   ] GC(54) Concurrent Relocate 5.323ms
[183.123s][info][gc,load     ] GC(54) Load: 0.00/0.00/0.00
[183.123s][info][gc,mmu      ] GC(54) MMU: 2ms/95.7%, 5ms/98.3%, 10ms/99.1%, 20ms/99.6%, 50ms/99.8%, 100ms/99.8%
[183.123s][info][gc,marking  ] GC(54) Mark: 4 stripe(s), 2 proactive flush(es), 1 terminate flush(es), 0 completion(s), 0 continuation(s) 
[183.123s][info][gc,marking  ] GC(54) Mark Stack Usage: 32M
[183.123s][info][gc,nmethod  ] GC(54) NMethods: 1396 registered, 30 unregistered
[183.123s][info][gc,metaspace] GC(54) Metaspace: 107M used, 116M committed, 1152M reserved
[183.123s][info][gc,ref      ] GC(54) Soft: 2800 encountered, 2240 discovered, 0 enqueued
[183.123s][info][gc,ref      ] GC(54) Weak: 12976 encountered, 3854 discovered, 0 enqueued
[183.123s][info][gc,ref      ] GC(54) Final: 40 encountered, 0 discovered, 0 enqueued
[183.123s][info][gc,ref      ] GC(54) Phantom: 750 encountered, 515 discovered, 0 enqueued
[183.123s][info][gc,reloc    ] GC(54) Small Pages: 85 / 170M, Empty: 44M, Relocated: 6M, In-Place: 0
[183.123s][info][gc,reloc    ] GC(54) Medium Pages: 1 / 16M, Empty: 0M, Relocated: 0M, In-Place: 0
[183.123s][info][gc,reloc    ] GC(54) Large Pages: 54 / 324M, Empty: 4M, Relocated: 0M, In-Place: 0
[183.123s][info][gc,reloc    ] GC(54) Forwarding Usage: 1M
[183.123s][info][gc,heap     ] GC(54) Min Capacity: 8M(2%)
[183.123s][info][gc,heap     ] GC(54) Max Capacity: 512M(100%)
[183.123s][info][gc,heap     ] GC(54) Soft Max Capacity: 512M(100%)
[183.123s][info][gc,heap     ] GC(54)                Mark Start          Mark End        Relocate Start      Relocate End           High               Low         
[183.123s][info][gc,heap     ] GC(54)  Capacity:      512M (100%)        512M (100%)        512M (100%)        512M (100%)        512M (100%)        512M (100%)   
[183.123s][info][gc,heap     ] GC(54)      Free:        2M (0%)            0M (0%)           10M (2%)            4M (1%)           50M (10%)           0M (0%)     
[183.123s][info][gc,heap     ] GC(54)      Used:      510M (100%)        512M (100%)        502M (98%)         508M (99%)         512M (100%)        462M (90%)    
[183.123s][info][gc,heap     ] GC(54)      Live:         -               383M (75%)         383M (75%)         383M (75%)            -                  -          
[183.123s][info][gc,heap     ] GC(54) Allocated:         -                 2M (0%)           40M (8%)           95M (19%)            -                  -          
[183.123s][info][gc,heap     ] GC(54)   Garbage:         -               126M (25%)          78M (15%)          28M (6%)             -                  -          
[183.123s][info][gc,heap     ] GC(54) Reclaimed:         -                  -                48M (9%)           97M (19%)            -                  -          
[183.123s][info][gc          ] GC(54) Garbage Collection (Allocation Stall) 510M(100%)->508M(99%)
[183.123s][info][gc,start    ] GC(55) Garbage Collection (Allocation Stall)
[183.124s][info][gc,ref      ] GC(55) Clearing All SoftReferences
[183.124s][info][gc,task     ] GC(55) Using 5 workers
[183.124s][info][gc,ref      ] GC(55) Clearing All SoftReferences
[183.124s][info][gc,phases   ] GC(55) Pause Mark Start 0.086ms
[183.172s][info][gc,phases   ] GC(55) Concurrent Mark 48.291ms
[183.172s][info][gc,phases   ] GC(55) Pause Mark End 0.015ms
[183.172s][info][gc,phases   ] GC(55) Concurrent Mark Free 0.001ms
[183.174s][info][gc,phases   ] GC(55) Concurrent Process Non-Strong References 1.334ms
[183.174s][info][gc,phases   ] GC(55) Concurrent Reset Relocation Set 0.006ms
[183.177s][info][gc          ] Allocation Stall (Executor task launch worker for task 21.0 in stage 0.0 (TID 21)) 56.290ms
[183.177s][info][gc          ] Allocation Stall (Executor task launch worker for task 14.0 in stage 0.0 (TID 14)) 56.275ms
[183.177s][info][gc          ] Allocation Stall (Executor task launch worker for task 46.0 in stage 0.0 (TID 46)) 56.247ms
[183.177s][info][gc          ] Allocation Stall (Executor task launch worker for task 22.0 in stage 0.0 (TID 22)) 56.937ms
[183.177s][info][gc          ] Allocation Stall (Executor task launch worker for task 41.0 in stage 0.0 (TID 41)) 56.322ms
[183.177s][info][gc          ] Allocation Stall (Executor task launch worker for task 27.0 in stage 0.0 (TID 27)) 56.298ms
[183.177s][info][gc          ] Allocation Stall (Executor task launch worker for task 33.0 in stage 0.0 (TID 33)) 56.338ms
[183.177s][info][gc          ] Allocation Stall (Executor task launch worker for task 4.0 in stage 0.0 (TID 4)) 56.785ms
[183.177s][info][gc          ] Allocation Stall (Executor task launch worker for task 36.0 in stage 0.0 (TID 36)) 56.369ms
[183.177s][info][gc          ] Allocation Stall (Executor task launch worker for task 1.0 in stage 0.0 (TID 1)) 56.339ms
[183.177s][info][gc          ] Allocation Stall (Executor task launch worker for task 26.0 in stage 0.0 (TID 26)) 56.917ms
[183.178s][info][gc          ] Allocation Stall (Executor task launch worker for task 43.0 in stage 0.0 (TID 43)) 56.596ms
[183.178s][info][gc          ] Allocation Stall (Executor task launch worker for task 20.0 in stage 0.0 (TID 20)) 56.677ms
[183.178s][info][gc          ] Allocation Stall (Executor task launch worker for task 37.0 in stage 0.0 (TID 37)) 56.706ms
[183.178s][info][gc          ] Allocation Stall (Executor task launch worker for task 44.0 in stage 0.0 (TID 44)) 56.739ms
[183.178s][info][gc,phases   ] GC(55) Concurrent Select Relocation Set 4.092ms
[183.188s][info][gc,phases   ] GC(55) Pause Relocate Start 0.007ms
[183.188s][info][gc          ] Allocation Stall (Executor task launch worker for task 7.0 in stage 0.0 (TID 7)) 66.711ms
[183.188s][info][gc          ] Allocation Stall (Executor task launch worker for task 45.0 in stage 0.0 (TID 45)) 66.074ms
[183.188s][info][gc          ] Allocation Stall (Executor task launch worker for task 29.0 in stage 0.0 (TID 29)) 66.075ms
[183.188s][info][gc          ] Allocation Stall (Executor task launch worker for task 8.0 in stage 0.0 (TID 8)) 66.070ms
[183.188s][info][gc          ] Allocation Stall (Executor task launch worker for task 30.0 in stage 0.0 (TID 30)) 66.064ms
[183.188s][info][gc          ] Allocation Stall (Executor task launch worker for task 35.0 in stage 0.0 (TID 35)) 66.093ms
[183.188s][info][gc          ] Allocation Stall (Executor task launch worker for task 11.0 in stage 0.0 (TID 11)) 66.082ms
[183.188s][info][gc          ] Allocation Stall (Executor task launch worker for task 0.0 in stage 0.0 (TID 0)) 66.036ms
[183.188s][info][gc          ] Allocation Stall (Executor task launch worker for task 23.0 in stage 0.0 (TID 23)) 66.079ms
[183.188s][info][gc          ] Allocation Stall (Executor task launch worker for task 28.0 in stage 0.0 (TID 28)) 66.025ms
[183.188s][info][gc          ] Allocation Stall (Executor task launch worker for task 15.0 in stage 0.0 (TID 15)) 66.015ms
[183.188s][info][gc          ] Relocation Stall (Executor task launch worker for task 14.0 in stage 0.0 (TID 14)) 0.067ms
[183.188s][info][gc          ] Allocation Stall (Executor task launch worker for task 10.0 in stage 0.0 (TID 10)) 66.057ms
[183.188s][info][gc          ] Allocation Stall (Executor task launch worker for task 39.0 in stage 0.0 (TID 39)) 66.061ms
[183.188s][info][gc          ] Allocation Stall (Executor task launch worker for task 16.0 in stage 0.0 (TID 16)) 66.095ms
[183.188s][info][gc          ] Relocation Stall (Executor task launch worker for task 33.0 in stage 0.0 (TID 33)) 0.130ms
[183.188s][info][gc          ] Relocation Stall (Executor task launch worker for task 21.0 in stage 0.0 (TID 21)) 0.133ms
[183.188s][info][gc          ] Relocation Stall (Executor task launch worker for task 43.0 in stage 0.0 (TID 43)) 0.128ms
[183.188s][info][gc          ] Allocation Stall (Executor task launch worker for task 24.0 in stage 0.0 (TID 24)) 66.077ms
[183.188s][info][gc          ] Relocation Stall (Executor task launch worker for task 27.0 in stage 0.0 (TID 27)) 0.137ms
[183.188s][info][gc          ] Allocation Stall (Executor task launch worker for task 31.0 in stage 0.0 (TID 31)) 66.054ms
[183.188s][info][gc          ] Allocation Stall (Executor task launch worker for task 3.0 in stage 0.0 (TID 3)) 66.053ms
[183.188s][info][gc          ] Allocation Stall (Executor task launch worker for task 34.0 in stage 0.0 (TID 34)) 66.062ms
[183.188s][info][gc          ] Relocation Stall (Executor task launch worker for task 37.0 in stage 0.0 (TID 37)) 0.246ms
[183.188s][info][gc          ] Allocation Stall (Executor task launch worker for task 17.0 in stage 0.0 (TID 17)) 66.085ms
[183.188s][info][gc          ] Allocation Stall (Executor task launch worker for task 40.0 in stage 0.0 (TID 40)) 66.096ms
[183.188s][info][gc          ] Allocation Stall (Executor task launch worker for task 25.0 in stage 0.0 (TID 25)) 66.125ms
[183.188s][info][gc          ] Allocation Stall (Executor task launch worker for task 12.0 in stage 0.0 (TID 12)) 66.174ms
[183.188s][info][gc          ] Relocation Stall (Executor task launch worker for task 18.0 in stage 0.0 (TID 18)) 0.411ms
[183.188s][info][gc          ] Relocation Stall (Executor task launch worker for task 42.0 in stage 0.0 (TID 42)) 0.439ms
[183.188s][info][gc          ] Allocation Stall (Executor task launch worker for task 6.0 in stage 0.0 (TID 6)) 66.201ms
[183.189s][info][gc          ] Allocation Stall (Executor task launch worker for task 13.0 in stage 0.0 (TID 13)) 66.221ms
[183.189s][info][gc          ] Allocation Stall (Executor task launch worker for task 47.0 in stage 0.0 (TID 47)) 66.267ms
[183.189s][info][gc          ] Allocation Stall (Executor task launch worker for task 38.0 in stage 0.0 (TID 38)) 66.248ms
[183.189s][info][gc          ] Allocation Stall (Executor task launch worker for task 5.0 in stage 0.0 (TID 5)) 66.272ms
[183.189s][info][gc          ] Allocation Stall (Executor task launch worker for task 2.0 in stage 0.0 (TID 2)) 59.425ms
[183.189s][info][gc          ] Allocation Stall (Executor task launch worker for task 9.0 in stage 0.0 (TID 9)) 53.900ms
[183.189s][info][gc          ] Allocation Stall (Executor task launch worker for task 32.0 in stage 0.0 (TID 32)) 52.319ms
[183.189s][info][gc          ] Allocation Stall (Executor task launch worker for task 19.0 in stage 0.0 (TID 19)) 51.631ms
[183.189s][info][gc          ] Relocation Stall (Executor task launch worker for task 45.0 in stage 0.0 (TID 45)) 1.150ms
[183.189s][info][gc          ] Allocation Stall (Spark Context Cleaner) 48.389ms
[183.190s][info][gc          ] Allocation Stall (Executor task launch worker for task 18.0 in stage 0.0 (TID 18)) 67.751ms
[183.190s][info][gc          ] Allocation Stall (Executor task launch worker for task 42.0 in stage 0.0 (TID 42)) 67.837ms
[183.190s][info][gc          ] Allocation Stall (Executor task launch worker for task 44.0 in stage 0.0 (TID 44)) 1.630ms
[183.190s][info][gc          ] Allocation Stall (Executor task launch worker for task 1.0 in stage 0.0 (TID 1)) 12.078ms
[183.190s][info][gc          ] Allocation Stall (Executor task launch worker for task 46.0 in stage 0.0 (TID 46)) 1.599ms
[183.190s][info][gc          ] Allocation Stall (Executor task launch worker for task 41.0 in stage 0.0 (TID 41)) 1.562ms
[183.190s][info][gc          ] Allocation Stall (Executor task launch worker for task 30.0 in stage 0.0 (TID 30)) 1.340ms
[183.190s][info][gc          ] Allocation Stall (Executor task launch worker for task 20.0 in stage 0.0 (TID 20)) 1.663ms
[183.190s][info][gc          ] Allocation Stall (Executor task launch worker for task 8.0 in stage 0.0 (TID 8)) 1.366ms
[183.190s][info][gc          ] Allocation Stall (Executor task launch worker for task 15.0 in stage 0.0 (TID 15)) 1.112ms
[183.190s][info][gc          ] Allocation Stall (Executor task launch worker for task 33.0 in stage 0.0 (TID 33)) 1.114ms
[183.190s][info][gc          ] Allocation Stall (Executor task launch worker for task 26.0 in stage 0.0 (TID 26)) 1.278ms
[183.190s][info][gc          ] Allocation Stall (Executor task launch worker for task 10.0 in stage 0.0 (TID 10)) 1.358ms
[183.191s][info][gc          ] Allocation Stall (Executor task launch worker for task 4.0 in stage 0.0 (TID 4)) 1.391ms
[183.191s][info][gc          ] Allocation Stall (Executor task launch worker for task 36.0 in stage 0.0 (TID 36)) 1.621ms
[183.191s][info][gc,phases   ] GC(55) Concurrent Relocate 3.219ms
[183.192s][info][gc,load     ] GC(55) Load: 0.00/0.00/0.00
[183.192s][info][gc,mmu      ] GC(55) MMU: 2ms/95.7%, 5ms/98.3%, 10ms/99.1%, 20ms/99.5%, 50ms/99.8%, 100ms/99.8%
[183.192s][info][gc,marking  ] GC(55) Mark: 4 stripe(s), 2 proactive flush(es), 1 terminate flush(es), 0 completion(s), 0 continuation(s) 
[183.192s][info][gc,marking  ] GC(55) Mark Stack Usage: 32M
[183.192s][info][gc,nmethod  ] GC(55) NMethods: 1397 registered, 30 unregistered
[183.192s][info][gc,metaspace] GC(55) Metaspace: 107M used, 116M committed, 1152M reserved
[183.192s][info][gc,ref      ] GC(55) Soft: 2800 encountered, 2233 discovered, 0 enqueued
[183.192s][info][gc,ref      ] GC(55) Weak: 12977 encountered, 1718 discovered, 0 enqueued
[183.192s][info][gc,ref      ] GC(55) Final: 40 encountered, 2 discovered, 0 enqueued
[183.192s][info][gc,ref      ] GC(55) Phantom: 750 encountered, 486 discovered, 0 enqueued
[183.192s][info][gc,reloc    ] GC(55) Small Pages: 68 / 136M, Empty: 12M, Relocated: 3M, In-Place: 4
[183.192s][info][gc,reloc    ] GC(55) Medium Pages: 2 / 32M, Empty: 0M, Relocated: 3M, In-Place: 1
[183.193s][info][gc,reloc    ] GC(55) Large Pages: 56 / 340M, Empty: 16M, Relocated: 0M, In-Place: 0
[183.193s][info][gc          ] Allocation Stall (Executor task launch worker for task 23.0 in stage 0.0 (TID 23)) 3.248ms
[183.193s][info][gc          ] Allocation Stall (Executor task launch worker for task 27.0 in stage 0.0 (TID 27)) 2.590ms
[183.193s][info][gc,reloc    ] GC(55) Forwarding Usage: 0M
[183.193s][info][gc,heap     ] GC(55) Min Capacity: 8M(2%)
[183.193s][info][gc,heap     ] GC(55) Max Capacity: 512M(100%)
[183.193s][info][gc,heap     ] GC(55) Soft Max Capacity: 512M(100%)
[183.193s][info][gc          ] Allocation Stall (Executor task launch worker for task 28.0 in stage 0.0 (TID 28)) 2.723ms
[183.193s][info][gc          ] Allocation Stall (Executor task launch worker for task 9.0 in stage 0.0 (TID 9)) 2.576ms
[183.193s][info][gc          ] Allocation Stall (Executor task launch worker for task 17.0 in stage 0.0 (TID 17)) 2.461ms
[183.193s][info][gc          ] Allocation Stall (Executor task launch worker for task 34.0 in stage 0.0 (TID 34)) 3.089ms
[183.193s][info][gc,heap     ] GC(55)                Mark Start          Mark End        Relocate Start      Relocate End           High               Low         
[183.193s][info][gc          ] Allocation Stall (Executor task launch worker for task 31.0 in stage 0.0 (TID 31)) 2.806ms
[183.193s][info][gc          ] Allocation Stall (Executor task launch worker for task 3.0 in stage 0.0 (TID 3)) 2.881ms
[183.193s][info][gc          ] Allocation Stall (Executor task launch worker for task 37.0 in stage 0.0 (TID 37)) 3.123ms
[183.193s][info][gc,heap     ] GC(55)  Capacity:      512M (100%)        512M (100%)        512M (100%)        512M (100%)        512M (100%)        512M (100%)   
[183.194s][info][gc,heap     ] GC(55)      Free:        4M (1%)            0M (0%)            0M (0%)            6M (1%)           28M (5%)            0M (0%)     
[183.194s][info][gc,heap     ] GC(55)      Used:      508M (99%)         512M (100%)        512M (100%)        506M (99%)         512M (100%)        484M (95%)    
[183.194s][info][gc,heap     ] GC(55)      Live:         -               387M (76%)         387M (76%)         387M (76%)            -                  -          
[183.194s][info][gc,heap     ] GC(55) Allocated:         -                 4M (1%)           32M (6%)           89M (17%)            -                  -          
[183.194s][info][gc,heap     ] GC(55)   Garbage:         -               120M (23%)          92M (18%)          28M (6%)             -                  -          
[183.194s][info][gc,heap     ] GC(55) Reclaimed:         -                  -                28M (5%)           91M (18%)            -                  -          
[183.194s][info][gc          ] GC(55) Garbage Collection (Allocation Stall) 508M(99%)->506M(99%)
[183.194s][info][gc,start    ] GC(56) Garbage Collection (Allocation Stall)
[183.194s][info][gc,ref      ] GC(56) Clearing All SoftReferences
[183.194s][info][gc,task     ] GC(56) Using 5 workers
[183.208s][info][gc,ref      ] GC(56) Clearing All SoftReferences
[183.208s][info][gc,phases   ] GC(56) Pause Mark Start 0.070ms
[183.208s][info][gc          ] Allocation Stall (Executor task launch worker for task 29.0 in stage 0.0 (TID 29)) 17.776ms
[183.208s][info][gc          ] Allocation Stall (Executor task launch worker for task 16.0 in stage 0.0 (TID 16)) 17.889ms
[183.208s][info][gc          ] Allocation Stall (Executor task launch worker for task 11.0 in stage 0.0 (TID 11)) 17.768ms
[183.208s][info][gc          ] Allocation Stall (Executor task launch worker for task 14.0 in stage 0.0 (TID 14)) 17.882ms
[183.208s][info][gc          ] Allocation Stall (Executor task launch worker for task 15.0 in stage 0.0 (TID 15)) 15.806ms
[183.209s][info][gc          ] Allocation Stall (Executor task launch worker for task 36.0 in stage 0.0 (TID 36)) 15.950ms
[183.209s][info][gc          ] Allocation Stall (Executor task launch worker for task 40.0 in stage 0.0 (TID 40)) 16.166ms
[183.209s][info][gc          ] Allocation Stall (Executor task launch worker for task 47.0 in stage 0.0 (TID 47)) 16.194ms
[183.209s][info][gc          ] Allocation Stall (Executor task launch worker for task 2.0 in stage 0.0 (TID 2)) 16.259ms
[183.209s][info][gc          ] Allocation Stall (Executor task launch worker for task 25.0 in stage 0.0 (TID 25)) 16.295ms
[183.209s][info][gc          ] Allocation Stall (Executor task launch worker for task 46.0 in stage 0.0 (TID 46)) 16.356ms
[183.209s][info][gc          ] Allocation Stall (Executor task launch worker for task 39.0 in stage 0.0 (TID 39)) 16.504ms
[183.209s][info][gc          ] Allocation Stall (Executor task launch worker for task 38.0 in stage 0.0 (TID 38)) 16.566ms
[183.209s][info][gc          ] Allocation Stall (Executor task launch worker for task 24.0 in stage 0.0 (TID 24)) 16.628ms
[183.209s][info][gc          ] Allocation Stall (Executor task launch worker for task 26.0 in stage 0.0 (TID 26)) 16.703ms
[183.209s][info][gc          ] Allocation Stall (Executor task launch worker for task 13.0 in stage 0.0 (TID 13)) 16.768ms
[183.210s][info][gc          ] Allocation Stall (Executor task launch worker for task 35.0 in stage 0.0 (TID 35)) 16.809ms
[183.210s][info][gc          ] Allocation Stall (Executor task launch worker for task 6.0 in stage 0.0 (TID 6)) 16.666ms
[183.210s][info][gc          ] Allocation Stall (Executor task launch worker for task 1.0 in stage 0.0 (TID 1)) 16.732ms
[183.210s][info][gc          ] Allocation Stall (Executor task launch worker for task 30.0 in stage 0.0 (TID 30)) 16.791ms
[183.210s][info][gc          ] Allocation Stall (Executor task launch worker for task 12.0 in stage 0.0 (TID 12)) 16.826ms
[183.210s][info][gc          ] Allocation Stall (Executor task launch worker for task 5.0 in stage 0.0 (TID 5)) 16.888ms
[183.210s][info][gc          ] Allocation Stall (Executor task launch worker for task 19.0 in stage 0.0 (TID 19)) 16.988ms
[183.210s][info][gc          ] Allocation Stall (Executor task launch worker for task 42.0 in stage 0.0 (TID 42)) 17.099ms
[183.210s][info][gc          ] Allocation Stall (Executor task launch worker for task 33.0 in stage 0.0 (TID 33)) 17.192ms
[183.210s][info][gc          ] Allocation Stall (Executor task launch worker for task 8.0 in stage 0.0 (TID 8)) 17.267ms
[183.210s][info][gc          ] Allocation Stall (Executor task launch worker for task 18.0 in stage 0.0 (TID 18)) 17.368ms
[183.211s][info][gc          ] Allocation Stall (Executor task launch worker for task 32.0 in stage 0.0 (TID 32)) 17.495ms
[183.211s][info][gc          ] Allocation Stall (Executor task launch worker for task 0.0 in stage 0.0 (TID 0)) 17.604ms
[183.255s][info][gc,phases   ] GC(56) Concurrent Mark 46.652ms
[183.255s][info][gc,phases   ] GC(56) Pause Mark End 0.020ms
[183.255s][info][gc,phases   ] GC(56) Concurrent Mark Free 0.001ms
[183.256s][info][gc,phases   ] GC(56) Concurrent Process Non-Strong References 1.092ms
[183.256s][info][gc,phases   ] GC(56) Concurrent Reset Relocation Set 0.005ms
[183.260s][info][gc          ] Allocation Stall (Executor task launch worker for task 17.0 in stage 0.0 (TID 17)) 51.589ms
[183.260s][info][gc          ] Allocation Stall (Executor task launch worker for task 31.0 in stage 0.0 (TID 31)) 51.581ms
[183.260s][info][gc          ] Allocation Stall (Executor task launch worker for task 3.0 in stage 0.0 (TID 3)) 51.590ms
[183.260s][info][gc          ] Allocation Stall (Executor task launch worker for task 21.0 in stage 0.0 (TID 21)) 66.782ms
[183.260s][info][gc          ] Allocation Stall (Executor task launch worker for task 44.0 in stage 0.0 (TID 44)) 66.814ms
[183.260s][info][gc          ] Allocation Stall (Executor task launch worker for task 28.0 in stage 0.0 (TID 28)) 51.613ms
[183.260s][info][gc          ] Allocation Stall (Executor task launch worker for task 27.0 in stage 0.0 (TID 27)) 66.909ms
[183.260s][info][gc          ] Allocation Stall (Executor task launch worker for task 43.0 in stage 0.0 (TID 43)) 66.714ms
[183.260s][info][gc          ] Allocation Stall (Executor task launch worker for task 4.0 in stage 0.0 (TID 4)) 66.871ms
[183.260s][info][gc          ] Allocation Stall (Executor task launch worker for task 20.0 in stage 0.0 (TID 20)) 66.905ms
[183.260s][info][gc          ] Allocation Stall (Executor task launch worker for task 34.0 in stage 0.0 (TID 34)) 51.610ms
[183.260s][info][gc          ] Allocation Stall (Executor task launch worker for task 41.0 in stage 0.0 (TID 41)) 66.878ms
[183.260s][info][gc          ] Allocation Stall (Executor task launch worker for task 37.0 in stage 0.0 (TID 37)) 51.612ms
[183.260s][info][gc,phases   ] GC(56) Concurrent Select Relocation Set 3.660ms
[183.261s][info][gc          ] Allocation Stall (Executor task launch worker for task 5.0 in stage 0.0 (TID 5)) 47.263ms
[183.261s][info][gc          ] Allocation Stall (Executor task launch worker for task 40.0 in stage 0.0 (TID 40)) 45.685ms
[183.261s][info][gc          ] Allocation Stall (Executor task launch worker for task 15.0 in stage 0.0 (TID 15)) 45.574ms
[183.261s][info][gc          ] Allocation Stall (Executor task launch worker for task 11.0 in stage 0.0 (TID 11)) 45.542ms
[183.261s][info][gc          ] Allocation Stall (Executor task launch worker for task 36.0 in stage 0.0 (TID 36)) 45.228ms
[183.261s][info][gc          ] Allocation Stall (Executor task launch worker for task 18.0 in stage 0.0 (TID 18)) 45.122ms
[183.261s][info][gc          ] Allocation Stall (Executor task launch worker for task 23.0 in stage 0.0 (TID 23)) 45.106ms
[183.271s][info][gc,phases   ] GC(56) Pause Relocate Start 0.007ms
[183.271s][info][gc          ] Allocation Stall (Executor task launch worker for task 12.0 in stage 0.0 (TID 12)) 54.527ms
[183.271s][info][gc          ] Allocation Stall (Executor task launch worker for task 2.0 in stage 0.0 (TID 2)) 54.700ms
[183.271s][info][gc          ] Allocation Stall (Executor task launch worker for task 13.0 in stage 0.0 (TID 13)) 54.365ms
[183.271s][info][gc          ] Allocation Stall (Executor task launch worker for task 42.0 in stage 0.0 (TID 42)) 54.605ms
[183.271s][info][gc          ] Allocation Stall (Executor task launch worker for task 39.0 in stage 0.0 (TID 39)) 54.402ms
[183.271s][info][gc          ] Allocation Stall (Executor task launch worker for task 38.0 in stage 0.0 (TID 38)) 54.204ms
[183.271s][info][gc          ] Allocation Stall (Executor task launch worker for task 10.0 in stage 0.0 (TID 10)) 54.164ms
[183.271s][info][gc          ] Allocation Stall (Executor task launch worker for task 30.0 in stage 0.0 (TID 30)) 54.180ms
[183.271s][info][gc          ] Allocation Stall (Executor task launch worker for task 6.0 in stage 0.0 (TID 6)) 54.111ms
[183.271s][info][gc          ] Allocation Stall (Executor task launch worker for task 46.0 in stage 0.0 (TID 46)) 54.078ms
[183.271s][info][gc          ] Allocation Stall (Executor task launch worker for task 25.0 in stage 0.0 (TID 25)) 54.119ms
[183.271s][info][gc          ] Allocation Stall (Executor task launch worker for task 47.0 in stage 0.0 (TID 47)) 54.067ms
[183.271s][info][gc          ] Allocation Stall (Executor task launch worker for task 35.0 in stage 0.0 (TID 35)) 53.826ms
[183.271s][info][gc          ] Allocation Stall (Executor task launch worker for task 19.0 in stage 0.0 (TID 19)) 53.754ms
[183.271s][info][gc          ] Allocation Stall (Executor task launch worker for task 33.0 in stage 0.0 (TID 33)) 53.730ms
[183.271s][info][gc          ] Allocation Stall (Executor task launch worker for task 8.0 in stage 0.0 (TID 8)) 53.610ms
[183.271s][info][gc          ] Allocation Stall (Executor task launch worker for task 26.0 in stage 0.0 (TID 26)) 53.648ms
[183.271s][info][gc          ] Allocation Stall (Executor task launch worker for task 32.0 in stage 0.0 (TID 32)) 53.603ms
[183.271s][info][gc          ] Allocation Stall (Executor task launch worker for task 1.0 in stage 0.0 (TID 1)) 53.593ms
[183.271s][info][gc          ] Allocation Stall (Executor task launch worker for task 0.0 in stage 0.0 (TID 0)) 53.565ms
[183.271s][info][gc          ] Allocation Stall (Executor task launch worker for task 24.0 in stage 0.0 (TID 24)) 53.426ms
[183.271s][info][gc          ] Allocation Stall (Executor task launch worker for task 14.0 in stage 0.0 (TID 14)) 53.430ms
[183.271s][info][gc          ] Allocation Stall (Executor task launch worker for task 16.0 in stage 0.0 (TID 16)) 53.346ms
[183.271s][info][gc          ] Allocation Stall (Executor task launch worker for task 7.0 in stage 0.0 (TID 7)) 53.325ms
[183.271s][info][gc          ] Allocation Stall (Executor task launch worker for task 29.0 in stage 0.0 (TID 29)) 53.349ms
[183.271s][info][gc          ] Allocation Stall (Executor task launch worker for task 45.0 in stage 0.0 (TID 45)) 53.194ms
[183.271s][info][gc          ] Allocation Stall (Executor task launch worker for task 22.0 in stage 0.0 (TID 22)) 47.774ms
[183.271s][info][gc          ] Allocation Stall (Executor task launch worker for task 9.0 in stage 0.0 (TID 9)) 47.872ms
[183.272s][info][gc          ] Allocation Stall (Executor task launch worker for task 4.0 in stage 0.0 (TID 4)) 10.644ms
[183.272s][info][gc          ] Allocation Stall (Executor task launch worker for task 40.0 in stage 0.0 (TID 40)) 0.134ms
[183.272s][info][gc          ] Allocation Stall (Executor task launch worker for task 36.0 in stage 0.0 (TID 36)) 0.102ms
[183.272s][info][gc          ] Allocation Stall (Executor task launch worker for task 13.0 in stage 0.0 (TID 13)) 0.090ms
[183.272s][info][gc          ] Allocation Stall (Executor task launch worker for task 23.0 in stage 0.0 (TID 23)) 0.111ms
[183.272s][info][gc          ] Allocation Stall (Executor task launch worker for task 12.0 in stage 0.0 (TID 12)) 0.035ms
[183.272s][info][gc          ] Allocation Stall (Executor task launch worker for task 39.0 in stage 0.0 (TID 39)) 0.066ms
[183.274s][info][gc          ] Allocation Stall (Executor task launch worker for task 4.0 in stage 0.0 (TID 4)) 0.072ms
[183.274s][info][gc          ] Allocation Stall (Executor task launch worker for task 6.0 in stage 0.0 (TID 6)) 0.186ms
[183.275s][info][gc          ] Allocation Stall (Executor task launch worker for task 43.0 in stage 0.0 (TID 43)) 0.361ms
[183.275s][info][gc          ] Allocation Stall (Executor task launch worker for task 7.0 in stage 0.0 (TID 7)) 0.414ms
[183.275s][info][gc          ] Allocation Stall (Executor task launch worker for task 19.0 in stage 0.0 (TID 19)) 0.493ms
[183.275s][info][gc          ] Allocation Stall (Executor task launch worker for task 27.0 in stage 0.0 (TID 27)) 0.561ms
[183.275s][info][gc          ] Allocation Stall (Executor task launch worker for task 8.0 in stage 0.0 (TID 8)) 0.583ms
[183.275s][info][gc          ] Allocation Stall (Executor task launch worker for task 0.0 in stage 0.0 (TID 0)) 0.650ms
[183.275s][info][gc          ] Allocation Stall (Executor task launch worker for task 22.0 in stage 0.0 (TID 22)) 0.672ms
[183.280s][info][gc          ] Allocation Stall (Executor task launch worker for task 24.0 in stage 0.0 (TID 24)) 5.155ms
[183.280s][info][gc          ] Allocation Stall (Executor task launch worker for task 46.0 in stage 0.0 (TID 46)) 5.351ms
[183.280s][info][gc          ] Allocation Stall (Executor task launch worker for task 5.0 in stage 0.0 (TID 5)) 5.387ms
[183.280s][info][gc          ] Allocation Stall (Executor task launch worker for task 39.0 in stage 0.0 (TID 39)) 5.120ms
[183.280s][info][gc          ] Allocation Stall (Executor task launch worker for task 3.0 in stage 0.0 (TID 3)) 5.662ms
[183.280s][info][gc          ] Allocation Stall (Executor task launch worker for task 6.0 in stage 0.0 (TID 6)) 4.929ms
[183.280s][info][gc          ] Allocation Stall (Executor task launch worker for task 45.0 in stage 0.0 (TID 45)) 5.114ms
[183.280s][info][gc          ] Allocation Stall (Executor task launch worker for task 40.0 in stage 0.0 (TID 40)) 5.126ms
[183.280s][info][gc,phases   ] GC(56) Concurrent Relocate 9.276ms
[183.280s][info][gc          ] Allocation Stall (Executor task launch worker for task 25.0 in stage 0.0 (TID 25)) 5.106ms
[183.280s][info][gc          ] Allocation Stall (Executor task launch worker for task 27.0 in stage 0.0 (TID 27)) 4.890ms
[183.281s][info][gc,load     ] GC(56) Load: 0.00/0.00/0.00
[183.281s][info][gc          ] Allocation Stall (Executor task launch worker for task 38.0 in stage 0.0 (TID 38)) 5.190ms
[183.281s][info][gc          ] Allocation Stall (Executor task launch worker for task 19.0 in stage 0.0 (TID 19)) 5.219ms
[183.281s][info][gc,mmu      ] GC(56) MMU: 2ms/95.7%, 5ms/98.3%, 10ms/99.1%, 20ms/99.5%, 50ms/99.8%, 100ms/99.8%
[183.281s][info][gc          ] Allocation Stall (Executor task launch worker for task 43.0 in stage 0.0 (TID 43)) 5.296ms
[183.281s][info][gc          ] Allocation Stall (Executor task launch worker for task 0.0 in stage 0.0 (TID 0)) 5.312ms
[183.281s][info][gc,marking  ] GC(56) Mark: 4 stripe(s), 2 proactive flush(es), 1 terminate flush(es), 0 completion(s), 0 continuation(s) 
[183.281s][info][gc          ] Allocation Stall (Executor task launch worker for task 32.0 in stage 0.0 (TID 32)) 5.432ms
[183.281s][info][gc,marking  ] GC(56) Mark Stack Usage: 32M
[183.281s][info][gc          ] Allocation Stall (Executor task launch worker for task 13.0 in stage 0.0 (TID 13)) 5.574ms
[183.281s][info][gc,nmethod  ] GC(56) NMethods: 1400 registered, 30 unregistered
[183.281s][info][gc          ] Allocation Stall (Executor task launch worker for task 12.0 in stage 0.0 (TID 12)) 5.650ms
[183.281s][info][gc          ] Allocation Stall (Executor task launch worker for task 22.0 in stage 0.0 (TID 22)) 5.619ms
[183.281s][info][gc,metaspace] GC(56) Metaspace: 107M used, 116M committed, 1152M reserved
[183.281s][info][gc          ] Allocation Stall (Executor task launch worker for task 23.0 in stage 0.0 (TID 23)) 5.691ms
[183.281s][info][gc          ] Allocation Stall (Executor task launch worker for task 7.0 in stage 0.0 (TID 7)) 5.701ms
[183.281s][info][gc          ] Allocation Stall (Executor task launch worker for task 42.0 in stage 0.0 (TID 42)) 5.756ms
[183.282s][info][gc,ref      ] GC(56) Soft: 2800 encountered, 365 discovered, 0 enqueued
[183.282s][info][gc          ] Allocation Stall (Executor task launch worker for task 4.0 in stage 0.0 (TID 4)) 5.845ms
[183.282s][info][gc          ] Allocation Stall (Executor task launch worker for task 44.0 in stage 0.0 (TID 44)) 5.901ms
[183.282s][info][gc          ] Allocation Stall (Executor task launch worker for task 29.0 in stage 0.0 (TID 29)) 5.901ms
[183.282s][info][gc,ref      ] GC(56) Weak: 12977 encountered, 2816 discovered, 0 enqueued
[183.282s][info][gc          ] Allocation Stall (Executor task launch worker for task 35.0 in stage 0.0 (TID 35)) 5.989ms
[183.282s][info][gc          ] Allocation Stall (Executor task launch worker for task 8.0 in stage 0.0 (TID 8)) 6.029ms
[183.282s][info][gc          ] Allocation Stall (Executor task launch worker for task 9.0 in stage 0.0 (TID 9)) 6.078ms
[183.282s][info][gc,ref      ] GC(56) Final: 40 encountered, 1 discovered, 0 enqueued
[183.282s][info][gc          ] Allocation Stall (Executor task launch worker for task 37.0 in stage 0.0 (TID 37)) 6.177ms
[183.282s][info][gc          ] Allocation Stall (Executor task launch worker for task 31.0 in stage 0.0 (TID 31)) 6.100ms
[183.282s][info][gc,ref      ] GC(56) Phantom: 750 encountered, 673 discovered, 0 enqueued
[183.282s][info][gc          ] Allocation Stall (Executor task launch worker for task 41.0 in stage 0.0 (TID 41)) 6.182ms
[183.282s][info][gc          ] Allocation Stall (Executor task launch worker for task 33.0 in stage 0.0 (TID 33)) 6.192ms
[183.282s][info][gc,reloc    ] GC(56) Small Pages: 67 / 134M, Empty: 20M, Relocated: 2M, In-Place: 4
[183.282s][info][gc          ] Allocation Stall (Executor task launch worker for task 21.0 in stage 0.0 (TID 21)) 6.301ms
[183.283s][info][gc          ] Allocation Stall (Executor task launch worker for task 20.0 in stage 0.0 (TID 20)) 6.309ms
[183.283s][info][gc,reloc    ] GC(56) Medium Pages: 2 / 32M, Empty: 0M, Relocated: 5M, In-Place: 1
[183.283s][info][gc          ] Allocation Stall (Executor task launch worker for task 11.0 in stage 0.0 (TID 11)) 6.248ms
[183.283s][info][gc,reloc    ] GC(56) Large Pages: 54 / 336M, Empty: 16M, Relocated: 0M, In-Place: 0
[183.283s][info][gc          ] Allocation Stall (Executor task launch worker for task 26.0 in stage 0.0 (TID 26)) 6.252ms
[183.283s][info][gc,reloc    ] GC(56) Forwarding Usage: 0M
[183.283s][info][gc          ] Allocation Stall (Executor task launch worker for task 47.0 in stage 0.0 (TID 47)) 6.185ms
[183.283s][info][gc,heap     ] GC(56) Min Capacity: 8M(2%)
[183.283s][info][gc          ] Allocation Stall (Executor task launch worker for task 28.0 in stage 0.0 (TID 28)) 6.118ms
[183.283s][info][gc,heap     ] GC(56) Max Capacity: 512M(100%)
[183.283s][info][gc          ] Allocation Stall (Executor task launch worker for task 15.0 in stage 0.0 (TID 15)) 6.212ms
[183.283s][info][gc,heap     ] GC(56) Soft Max Capacity: 512M(100%)
[183.283s][info][gc          ] Allocation Stall (Executor task launch worker for task 1.0 in stage 0.0 (TID 1)) 6.148ms
[183.283s][info][gc,heap     ] GC(56)                Mark Start          Mark End        Relocate Start      Relocate End           High               Low         
[183.283s][info][gc          ] Allocation Stall (Executor task launch worker for task 30.0 in stage 0.0 (TID 30)) 6.250ms
[183.283s][info][gc,heap     ] GC(56)  Capacity:      512M (100%)        512M (100%)        512M (100%)        512M (100%)        512M (100%)        512M (100%)   
[183.284s][info][gc          ] Allocation Stall (Executor task launch worker for task 16.0 in stage 0.0 (TID 16)) 6.362ms
[183.284s][info][gc,heap     ] GC(56)      Free:        0M (0%)            0M (0%)            0M (0%)            0M (0%)           36M (7%)            0M (0%)     
[183.284s][info][gc,heap     ] GC(56)      Used:      512M (100%)        512M (100%)        512M (100%)        512M (100%)        512M (100%)        476M (93%)    
[183.284s][info][gc,heap     ] GC(56)      Live:         -               384M (75%)         384M (75%)         384M (75%)            -                  -          
[183.284s][info][gc,heap     ] GC(56) Allocated:         -                 0M (0%)           36M (7%)           89M (17%)            -                  -          
[183.284s][info][gc,heap     ] GC(56)   Garbage:         -               127M (25%)          91M (18%)          37M (7%)             -                  -          
[183.284s][info][gc,heap     ] GC(56) Reclaimed:         -                  -                36M (7%)           89M (17%)            -                  -          
[183.284s][info][gc          ] GC(56) Garbage Collection (Allocation Stall) 512M(100%)->512M(100%)
[183.284s][info][gc,start    ] GC(57) Garbage Collection (Allocation Stall)
[183.284s][info][gc,ref      ] GC(57) Clearing All SoftReferences
[183.284s][info][gc,task     ] GC(57) Using 5 workers
[183.285s][info][gc,ref      ] GC(57) Clearing All SoftReferences
[183.285s][info][gc,phases   ] GC(57) Pause Mark Start 0.053ms
[183.285s][info][gc          ] Allocation Stall (Executor task launch worker for task 10.0 in stage 0.0 (TID 10)) 8.188ms
[183.285s][info][gc          ] Allocation Stall (Executor task launch worker for task 14.0 in stage 0.0 (TID 14)) 8.208ms
[183.333s][info][gc,phases   ] GC(57) Concurrent Mark 47.806ms
[183.333s][info][gc,phases   ] GC(57) Pause Mark End 0.013ms
[183.333s][info][gc,phases   ] GC(57) Concurrent Mark Free 0.001ms
[183.335s][info][gc,phases   ] GC(57) Concurrent Process Non-Strong References 1.390ms
[183.335s][info][gc,phases   ] GC(57) Concurrent Reset Relocation Set 0.006ms
[183.338s][info][gc          ] Allocation Stall (Executor task launch worker for task 16.0 in stage 0.0 (TID 16)) 52.657ms
[183.338s][info][gc          ] Allocation Stall (Executor task launch worker for task 29.0 in stage 0.0 (TID 29)) 52.648ms
[183.338s][info][gc          ] Allocation Stall (Executor task launch worker for task 24.0 in stage 0.0 (TID 24)) 52.650ms
[183.338s][info][gc          ] Allocation Stall (Executor task launch worker for task 5.0 in stage 0.0 (TID 5)) 52.776ms
[183.338s][info][gc          ] Allocation Stall (Executor task launch worker for task 22.0 in stage 0.0 (TID 22)) 52.650ms
[183.338s][info][gc          ] Allocation Stall (Executor task launch worker for task 18.0 in stage 0.0 (TID 18)) 60.671ms
[183.338s][info][gc          ] Allocation Stall (Executor task launch worker for task 2.0 in stage 0.0 (TID 2)) 60.875ms
[183.338s][info][gc          ] Allocation Stall (Executor task launch worker for task 3.0 in stage 0.0 (TID 3)) 52.775ms
[183.338s][info][gc          ] Allocation Stall (Executor task launch worker for task 30.0 in stage 0.0 (TID 30)) 52.812ms
[183.338s][info][gc          ] Allocation Stall (Executor task launch worker for task 44.0 in stage 0.0 (TID 44)) 52.746ms
[183.338s][info][gc          ] Allocation Stall (Executor task launch worker for task 19.0 in stage 0.0 (TID 19)) 52.678ms
[183.338s][info][gc          ] Allocation Stall (Executor task launch worker for task 8.0 in stage 0.0 (TID 8)) 52.788ms
[183.338s][info][gc          ] Allocation Stall (Executor task launch worker for task 39.0 in stage 0.0 (TID 39)) 52.816ms
[183.338s][info][gc          ] Allocation Stall (Executor task launch worker for task 34.0 in stage 0.0 (TID 34)) 60.703ms
[183.338s][info][gc          ] Allocation Stall (Executor task launch worker for task 36.0 in stage 0.0 (TID 36)) 60.785ms
[183.338s][info][gc          ] Allocation Stall (Executor task launch worker for task 0.0 in stage 0.0 (TID 0)) 52.824ms
[183.338s][info][gc          ] Allocation Stall (Executor task launch worker for task 47.0 in stage 0.0 (TID 47)) 52.828ms
[183.338s][info][gc          ] Allocation Stall (Executor task launch worker for task 11.0 in stage 0.0 (TID 11)) 52.771ms
[183.338s][info][gc          ] Allocation Stall (Executor task launch worker for task 12.0 in stage 0.0 (TID 12)) 52.724ms
[183.338s][info][gc          ] Allocation Stall (Executor task launch worker for task 38.0 in stage 0.0 (TID 38)) 52.725ms
[183.338s][info][gc          ] Allocation Stall (Executor task launch worker for task 17.0 in stage 0.0 (TID 17)) 60.839ms
[183.339s][info][gc          ] Allocation Stall (Executor task launch worker for task 32.0 in stage 0.0 (TID 32)) 52.984ms
[183.339s][info][gc          ] Allocation Stall (Executor task launch worker for task 4.0 in stage 0.0 (TID 4)) 53.000ms
[183.339s][info][gc          ] Allocation Stall (Executor task launch worker for task 20.0 in stage 0.0 (TID 20)) 53.074ms
[183.339s][info][gc          ] Allocation Stall (Executor task launch worker for task 45.0 in stage 0.0 (TID 45)) 53.161ms
[183.339s][info][gc          ] Allocation Stall (Executor task launch worker for task 43.0 in stage 0.0 (TID 43)) 53.190ms
[183.339s][info][gc          ] Allocation Stall (Executor task launch worker for task 15.0 in stage 0.0 (TID 15)) 53.168ms
[183.339s][info][gc          ] Allocation Stall (Executor task launch worker for task 46.0 in stage 0.0 (TID 46)) 53.311ms
[183.339s][info][gc          ] Allocation Stall (Executor task launch worker for task 28.0 in stage 0.0 (TID 28)) 53.326ms
[183.339s][info][gc          ] Allocation Stall (Executor task launch worker for task 42.0 in stage 0.0 (TID 42)) 53.360ms
[183.339s][info][gc          ] Allocation Stall (Executor task launch worker for task 7.0 in stage 0.0 (TID 7)) 53.386ms
[183.339s][info][gc          ] Allocation Stall (Executor task launch worker for task 9.0 in stage 0.0 (TID 9)) 52.393ms
[183.339s][info][gc          ] Allocation Stall (Executor task launch worker for task 10.0 in stage 0.0 (TID 10)) 52.075ms
[183.339s][info][gc          ] Allocation Stall (Executor task launch worker for task 37.0 in stage 0.0 (TID 37)) 50.710ms
[183.340s][info][gc          ] Allocation Stall (Executor task launch worker for task 26.0 in stage 0.0 (TID 26)) 50.373ms
[183.340s][info][gc          ] Allocation Stall (Executor task launch worker for task 25.0 in stage 0.0 (TID 25)) 50.222ms
[183.340s][info][gc          ] Allocation Stall (Executor task launch worker for task 35.0 in stage 0.0 (TID 35)) 50.230ms
[183.340s][info][gc          ] Allocation Stall (Executor task launch worker for task 1.0 in stage 0.0 (TID 1)) 50.332ms
[183.340s][info][gc          ] Allocation Stall (Executor task launch worker for task 40.0 in stage 0.0 (TID 40)) 50.305ms
[183.340s][info][gc          ] Allocation Stall (Executor task launch worker for task 31.0 in stage 0.0 (TID 31)) 49.933ms
[183.340s][info][gc          ] Allocation Stall (Executor task launch worker for task 14.0 in stage 0.0 (TID 14)) 49.717ms
[183.340s][info][gc          ] Allocation Stall (Executor task launch worker for task 27.0 in stage 0.0 (TID 27)) 49.653ms
[183.340s][info][gc          ] Allocation Stall (Executor task launch worker for task 13.0 in stage 0.0 (TID 13)) 49.613ms
[183.340s][info][gc          ] Allocation Stall (Executor task launch worker for task 23.0 in stage 0.0 (TID 23)) 49.718ms
[183.340s][info][gc          ] Allocation Stall (Executor task launch worker for task 41.0 in stage 0.0 (TID 41)) 49.768ms
[183.340s][info][gc          ] Allocation Stall (Executor task launch worker for task 33.0 in stage 0.0 (TID 33)) 49.784ms
[183.340s][info][gc          ] Allocation Stall (Executor task launch worker for task 6.0 in stage 0.0 (TID 6)) 49.807ms
[183.340s][info][gc          ] Allocation Stall (Executor task launch worker for task 21.0 in stage 0.0 (TID 21)) 49.875ms
[183.340s][info][gc          ] Allocation Stall (Spark Context Cleaner) 38.528ms
[183.341s][info][gc          ] Allocation Stall (Executor task launch worker for task 3.0 in stage 0.0 (TID 3)) 1.707ms
[183.341s][info][gc          ] Allocation Stall (Executor task launch worker for task 4.0 in stage 0.0 (TID 4)) 0.553ms
[183.352s][info][gc,phases   ] GC(57) Concurrent Select Relocation Set 17.316ms
[183.353s][info][gc,phases   ] GC(57) Pause Relocate Start 0.006ms
[183.367s][info][gc          ] Relocation Stall (Executor task launch worker for task 0.0 in stage 0.0 (TID 0)) 6.518ms
[183.367s][info][gc          ] Relocation Stall (Executor task launch worker for task 27.0 in stage 0.0 (TID 27)) 8.242ms
[183.367s][info][gc          ] Relocation Stall (Executor task launch worker for task 14.0 in stage 0.0 (TID 14)) 7.970ms
[183.367s][info][gc          ] Relocation Stall (Executor task launch worker for task 5.0 in stage 0.0 (TID 5)) 8.273ms
[183.367s][info][gc          ] Allocation Stall (Executor task launch worker for task 46.0 in stage 0.0 (TID 46)) 10.658ms
[183.367s][info][gc          ] Relocation Stall (Executor task launch worker for task 33.0 in stage 0.0 (TID 33)) 8.933ms
[183.367s][info][gc          ] Allocation Stall (Executor task launch worker for task 35.0 in stage 0.0 (TID 35)) 8.316ms
[183.367s][info][gc          ] Allocation Stall (Executor task launch worker for task 27.0 in stage 0.0 (TID 27)) 19.633ms
[183.367s][info][gc          ] Allocation Stall (Executor task launch worker for task 43.0 in stage 0.0 (TID 43)) 8.473ms
[183.367s][info][gc          ] Allocation Stall (Executor task launch worker for task 37.0 in stage 0.0 (TID 37)) 8.390ms
[183.367s][info][gc          ] Allocation Stall (Executor task launch worker for task 40.0 in stage 0.0 (TID 40)) 8.422ms
[183.367s][info][gc          ] Allocation Stall (Executor task launch worker for task 24.0 in stage 0.0 (TID 24)) 7.324ms
[183.367s][info][gc          ] Allocation Stall (Executor task launch worker for task 36.0 in stage 0.0 (TID 36)) 8.090ms
[183.367s][info][gc          ] Allocation Stall (Executor task launch worker for task 32.0 in stage 0.0 (TID 32)) 8.190ms
[183.367s][info][gc          ] Allocation Stall (Executor task launch worker for task 34.0 in stage 0.0 (TID 34)) 7.373ms
[183.367s][info][gc          ] Allocation Stall (Executor task launch worker for task 26.0 in stage 0.0 (TID 26)) 7.082ms
[183.367s][info][gc          ] Allocation Stall (Executor task launch worker for task 39.0 in stage 0.0 (TID 39)) 7.151ms
[183.367s][info][gc,phases   ] GC(57) Concurrent Relocate 14.064ms
[183.368s][info][gc          ] Allocation Stall (Executor task launch worker for task 8.0 in stage 0.0 (TID 8)) 6.984ms
[183.368s][info][gc          ] Allocation Stall (Executor task launch worker for task 44.0 in stage 0.0 (TID 44)) 6.958ms
[183.368s][info][gc,load     ] GC(57) Load: 0.00/0.00/0.00
[183.368s][info][gc          ] Allocation Stall (Executor task launch worker for task 1.0 in stage 0.0 (TID 1)) 6.687ms
[183.368s][info][gc          ] Allocation Stall (Executor task launch worker for task 31.0 in stage 0.0 (TID 31)) 6.696ms
[183.368s][info][gc          ] Allocation Stall (Executor task launch worker for task 29.0 in stage 0.0 (TID 29)) 6.228ms
[183.368s][info][gc          ] Allocation Stall (Executor task launch worker for task 17.0 in stage 0.0 (TID 17)) 6.226ms
[183.368s][info][gc,mmu      ] GC(57) MMU: 2ms/95.7%, 5ms/98.3%, 10ms/99.1%, 20ms/99.5%, 50ms/99.8%, 100ms/99.8%
[183.368s][info][gc          ] Allocation Stall (Executor task launch worker for task 28.0 in stage 0.0 (TID 28)) 4.093ms
[183.368s][info][gc          ] Allocation Stall (Executor task launch worker for task 20.0 in stage 0.0 (TID 20)) 3.922ms
[183.368s][info][gc          ] Allocation Stall (Executor task launch worker for task 18.0 in stage 0.0 (TID 18)) 3.943ms
[183.368s][info][gc,marking  ] GC(57) Mark: 4 stripe(s), 2 proactive flush(es), 1 terminate flush(es), 0 completion(s), 0 continuation(s) 
[183.368s][info][gc          ] Allocation Stall (Executor task launch worker for task 38.0 in stage 0.0 (TID 38)) 3.976ms
[183.368s][info][gc          ] Allocation Stall (Executor task launch worker for task 30.0 in stage 0.0 (TID 30)) 3.842ms
[183.368s][info][gc          ] Allocation Stall (Executor task launch worker for task 4.0 in stage 0.0 (TID 4)) 3.456ms
[183.368s][info][gc,marking  ] GC(57) Mark Stack Usage: 32M
[183.368s][info][gc          ] Allocation Stall (Executor task launch worker for task 11.0 in stage 0.0 (TID 11)) 3.379ms
[183.368s][info][gc          ] Allocation Stall (Executor task launch worker for task 41.0 in stage 0.0 (TID 41)) 3.290ms
[183.368s][info][gc          ] Allocation Stall (Executor task launch worker for task 42.0 in stage 0.0 (TID 42)) 3.253ms
[183.368s][info][gc,nmethod  ] GC(57) NMethods: 1400 registered, 30 unregistered
[183.368s][info][gc          ] Allocation Stall (Executor task launch worker for task 10.0 in stage 0.0 (TID 10)) 3.184ms
[183.368s][info][gc          ] Allocation Stall (Executor task launch worker for task 21.0 in stage 0.0 (TID 21)) 3.028ms
[183.368s][info][gc          ] Allocation Stall (Executor task launch worker for task 7.0 in stage 0.0 (TID 7)) 3.071ms
[183.368s][info][gc,metaspace] GC(57) Metaspace: 107M used, 116M committed, 1152M reserved
[183.368s][info][gc          ] Allocation Stall (Executor task launch worker for task 13.0 in stage 0.0 (TID 13)) 2.841ms
[183.368s][info][gc          ] Allocation Stall (Executor task launch worker for task 25.0 in stage 0.0 (TID 25)) 2.689ms
[183.368s][info][gc          ] Allocation Stall (Executor task launch worker for task 15.0 in stage 0.0 (TID 15)) 2.675ms
[183.368s][info][gc,ref      ] GC(57) Soft: 2800 encountered, 2287 discovered, 0 enqueued
[183.369s][info][gc          ] Allocation Stall (Executor task launch worker for task 16.0 in stage 0.0 (TID 16)) 2.378ms
[183.369s][info][gc          ] Allocation Stall (Executor task launch worker for task 45.0 in stage 0.0 (TID 45)) 2.391ms
[183.369s][info][gc,ref      ] GC(57) Weak: 12977 encountered, 4834 discovered, 0 enqueued
[183.369s][info][gc          ] Allocation Stall (Executor task launch worker for task 23.0 in stage 0.0 (TID 23)) 2.451ms
[183.369s][info][gc          ] Allocation Stall (Executor task launch worker for task 9.0 in stage 0.0 (TID 9)) 2.439ms
[183.369s][info][gc,ref      ] GC(57) Final: 40 encountered, 12 discovered, 0 enqueued
[183.369s][info][gc          ] Allocation Stall (Executor task launch worker for task 12.0 in stage 0.0 (TID 12)) 2.374ms
[183.369s][info][gc          ] Allocation Stall (Executor task launch worker for task 47.0 in stage 0.0 (TID 47)) 2.324ms
[183.369s][info][gc          ] Allocation Stall (Executor task launch worker for task 19.0 in stage 0.0 (TID 19)) 2.188ms
[183.369s][info][gc,ref      ] GC(57) Phantom: 750 encountered, 447 discovered, 0 enqueued
[183.369s][info][gc          ] Allocation Stall (Executor task launch worker for task 22.0 in stage 0.0 (TID 22)) 2.238ms
[183.369s][info][gc          ] Allocation Stall (Executor task launch worker for task 6.0 in stage 0.0 (TID 6)) 2.180ms
[183.369s][info][gc,reloc    ] GC(57) Small Pages: 78 / 156M, Empty: 34M, Relocated: 6M, In-Place: 4
[183.369s][info][gc          ] Allocation Stall (Executor task launch worker for task 2.0 in stage 0.0 (TID 2)) 1.823ms
[183.369s][info][gc          ] Allocation Stall (Executor task launch worker for task 0.0 in stage 0.0 (TID 0)) 1.670ms
[183.369s][info][gc,reloc    ] GC(57) Medium Pages: 2 / 32M, Empty: 0M, Relocated: 6M, In-Place: 1
[183.369s][info][gc          ] Allocation Stall (Executor task launch worker for task 5.0 in stage 0.0 (TID 5)) 1.651ms
[183.369s][info][gc          ] Allocation Stall (Executor task launch worker for task 35.0 in stage 0.0 (TID 35)) 1.421ms
[183.369s][info][gc,reloc    ] GC(57) Large Pages: 51 / 320M, Empty: 8M, Relocated: 0M, In-Place: 0
[183.369s][info][gc          ] Allocation Stall (Executor task launch worker for task 14.0 in stage 0.0 (TID 14)) 1.349ms
[183.369s][info][gc,reloc    ] GC(57) Forwarding Usage: 1M
[183.369s][info][gc          ] Allocation Stall (Executor task launch worker for task 44.0 in stage 0.0 (TID 44)) 1.351ms
[183.369s][info][gc,heap     ] GC(57) Min Capacity: 8M(2%)
[183.369s][info][gc          ] Allocation Stall (Executor task launch worker for task 33.0 in stage 0.0 (TID 33)) 1.401ms
[183.369s][info][gc,heap     ] GC(57) Max Capacity: 512M(100%)
[183.369s][info][gc,heap     ] GC(57) Soft Max Capacity: 512M(100%)
[183.369s][info][gc,heap     ] GC(57)                Mark Start          Mark End        Relocate Start      Relocate End           High               Low         
[183.369s][info][gc,heap     ] GC(57)  Capacity:      512M (100%)        512M (100%)        512M (100%)        512M (100%)        512M (100%)        512M (100%)   
[183.369s][info][gc,heap     ] GC(57)      Free:        0M (0%)            0M (0%)            2M (0%)            0M (0%)           42M (8%)            0M (0%)     
[183.370s][info][gc,heap     ] GC(57)      Used:      512M (100%)        512M (100%)        510M (100%)        512M (100%)        512M (100%)        470M (92%)    
[183.370s][info][gc,heap     ] GC(57)      Live:         -               376M (74%)         376M (74%)         376M (74%)            -                  -          
[183.370s][info][gc,heap     ] GC(57) Allocated:         -                 0M (0%)           40M (8%)          107M (21%)            -                  -          
[183.370s][info][gc,heap     ] GC(57)   Garbage:         -               135M (26%)          93M (18%)          27M (5%)             -                  -          
[183.370s][info][gc,heap     ] GC(57) Reclaimed:         -                  -                42M (8%)          107M (21%)            -                  -          
[183.370s][info][gc          ] GC(57) Garbage Collection (Allocation Stall) 512M(100%)->512M(100%)
[183.377s][info][gc,start    ] GC(58) Garbage Collection (Allocation Stall)
[183.377s][info][gc,ref      ] GC(58) Clearing All SoftReferences
[183.377s][info][gc,task     ] GC(58) Using 5 workers
[183.377s][info][gc,ref      ] GC(58) Clearing All SoftReferences
[183.377s][info][gc,phases   ] GC(58) Pause Mark Start 0.031ms
[183.378s][info][gc          ] Allocation Stall (Executor task launch worker for task 38.0 in stage 0.0 (TID 38)) 1.309ms
[183.378s][info][gc          ] Allocation Stall (Executor task launch worker for task 39.0 in stage 0.0 (TID 39)) 1.514ms
[183.378s][info][gc          ] Allocation Stall (Executor task launch worker for task 44.0 in stage 0.0 (TID 44)) 0.225ms
[183.378s][info][gc          ] Allocation Stall (Executor task launch worker for task 22.0 in stage 0.0 (TID 22)) 0.287ms
[183.378s][info][gc          ] Allocation Stall (Executor task launch worker for task 19.0 in stage 0.0 (TID 19)) 0.333ms
[183.378s][info][gc          ] Allocation Stall (Executor task launch worker for task 13.0 in stage 0.0 (TID 13)) 0.382ms
[183.378s][info][gc          ] Allocation Stall (Executor task launch worker for task 18.0 in stage 0.0 (TID 18)) 0.413ms
[183.378s][info][gc          ] Allocation Stall (Executor task launch worker for task 32.0 in stage 0.0 (TID 32)) 0.432ms
[183.378s][info][gc          ] Allocation Stall (Executor task launch worker for task 4.0 in stage 0.0 (TID 4)) 0.462ms
[183.380s][info][gc          ] Allocation Stall (Executor task launch worker for task 31.0 in stage 0.0 (TID 31)) 1.951ms
[183.380s][info][gc          ] Allocation Stall (Executor task launch worker for task 24.0 in stage 0.0 (TID 24)) 1.990ms
[183.380s][info][gc          ] Allocation Stall (Executor task launch worker for task 12.0 in stage 0.0 (TID 12)) 2.035ms
[183.380s][info][gc          ] Allocation Stall (Executor task launch worker for task 33.0 in stage 0.0 (TID 33)) 2.081ms
[183.380s][info][gc          ] Allocation Stall (Executor task launch worker for task 28.0 in stage 0.0 (TID 28)) 2.293ms
[183.380s][info][gc          ] Allocation Stall (Executor task launch worker for task 17.0 in stage 0.0 (TID 17)) 2.341ms
[183.380s][info][gc          ] Allocation Stall (Executor task launch worker for task 30.0 in stage 0.0 (TID 30)) 2.339ms
[183.380s][info][gc          ] Allocation Stall (Executor task launch worker for task 0.0 in stage 0.0 (TID 0)) 2.377ms
[183.380s][info][gc          ] Allocation Stall (Executor task launch worker for task 6.0 in stage 0.0 (TID 6)) 2.405ms
[183.380s][info][gc          ] Allocation Stall (Executor task launch worker for task 10.0 in stage 0.0 (TID 10)) 2.422ms
[183.380s][info][gc          ] Allocation Stall (Executor task launch worker for task 11.0 in stage 0.0 (TID 11)) 2.502ms
[183.380s][info][gc          ] Allocation Stall (Executor task launch worker for task 2.0 in stage 0.0 (TID 2)) 2.542ms
[183.381s][info][gc          ] Allocation Stall (Executor task launch worker for task 8.0 in stage 0.0 (TID 8)) 2.579ms
[183.381s][info][gc          ] Allocation Stall (Executor task launch worker for task 9.0 in stage 0.0 (TID 9)) 2.592ms
[183.381s][info][gc          ] Allocation Stall (Executor task launch worker for task 35.0 in stage 0.0 (TID 35)) 2.614ms
[183.381s][info][gc          ] Allocation Stall (Executor task launch worker for task 21.0 in stage 0.0 (TID 21)) 2.648ms
[183.381s][info][gc          ] Allocation Stall (Executor task launch worker for task 29.0 in stage 0.0 (TID 29)) 2.665ms
[183.381s][info][gc          ] Allocation Stall (Executor task launch worker for task 5.0 in stage 0.0 (TID 5)) 2.740ms
[183.381s][info][gc          ] Allocation Stall (Executor task launch worker for task 20.0 in stage 0.0 (TID 20)) 2.787ms
[183.381s][info][gc          ] Allocation Stall (Executor task launch worker for task 45.0 in stage 0.0 (TID 45)) 2.855ms
[183.381s][info][gc          ] Allocation Stall (Executor task launch worker for task 1.0 in stage 0.0 (TID 1)) 2.923ms
[183.381s][info][gc          ] Allocation Stall (Executor task launch worker for task 25.0 in stage 0.0 (TID 25)) 2.962ms
[183.381s][info][gc          ] Allocation Stall (Executor task launch worker for task 7.0 in stage 0.0 (TID 7)) 3.490ms
[183.382s][info][gc          ] Allocation Stall (Executor task launch worker for task 43.0 in stage 0.0 (TID 43)) 3.543ms
[183.382s][info][gc          ] Allocation Stall (Executor task launch worker for task 16.0 in stage 0.0 (TID 16)) 3.586ms
[183.382s][info][gc          ] Allocation Stall (Executor task launch worker for task 40.0 in stage 0.0 (TID 40)) 3.638ms
[183.382s][info][gc          ] Allocation Stall (Executor task launch worker for task 34.0 in stage 0.0 (TID 34)) 3.707ms
[183.382s][info][gc          ] Allocation Stall (Executor task launch worker for task 46.0 in stage 0.0 (TID 46)) 3.763ms
[183.382s][info][gc          ] Allocation Stall (Executor task launch worker for task 37.0 in stage 0.0 (TID 37)) 3.806ms
[183.384s][info][gc          ] Allocation Stall (Executor task launch worker for task 41.0 in stage 0.0 (TID 41)) 5.210ms
[183.411s][info][gc,phases   ] GC(58) Concurrent Mark 34.001ms
[183.411s][info][gc,phases   ] GC(58) Pause Mark End 0.012ms
[183.411s][info][gc,phases   ] GC(58) Concurrent Mark Free 0.001ms
[183.412s][info][gc,phases   ] GC(58) Concurrent Process Non-Strong References 1.046ms
[183.412s][info][gc,phases   ] GC(58) Concurrent Reset Relocation Set 0.005ms
[183.415s][info][gc          ] Allocation Stall (Executor task launch worker for task 10.0 in stage 0.0 (TID 10)) 28.616ms
[183.415s][info][gc          ] Allocation Stall (Executor task launch worker for task 47.0 in stage 0.0 (TID 47)) 27.913ms
[183.415s][info][gc          ] Allocation Stall (Executor task launch worker for task 26.0 in stage 0.0 (TID 26)) 37.154ms
[183.415s][info][gc          ] Allocation Stall (Executor task launch worker for task 23.0 in stage 0.0 (TID 23)) 28.293ms
[183.415s][info][gc          ] Allocation Stall (Executor task launch worker for task 36.0 in stage 0.0 (TID 36)) 28.361ms
[183.415s][info][gc          ] Allocation Stall (Executor task launch worker for task 24.0 in stage 0.0 (TID 24)) 27.827ms
[183.415s][info][gc          ] Allocation Stall (Executor task launch worker for task 18.0 in stage 0.0 (TID 18)) 33.320ms
[183.415s][info][gc          ] Allocation Stall (Executor task launch worker for task 27.0 in stage 0.0 (TID 27)) 26.949ms
[183.415s][info][gc          ] Allocation Stall (Executor task launch worker for task 4.0 in stage 0.0 (TID 4)) 27.468ms
[183.415s][info][gc          ] Allocation Stall (Executor task launch worker for task 32.0 in stage 0.0 (TID 32)) 28.752ms
[183.415s][info][gc          ] Allocation Stall (Executor task launch worker for task 19.0 in stage 0.0 (TID 19)) 27.425ms
[183.415s][info][gc          ] Allocation Stall (Executor task launch worker for task 31.0 in stage 0.0 (TID 31)) 26.936ms
[183.415s][info][gc          ] Allocation Stall (Executor task launch worker for task 0.0 in stage 0.0 (TID 0)) 26.900ms
[183.415s][info][gc          ] Allocation Stall (Executor task launch worker for task 14.0 in stage 0.0 (TID 14)) 26.781ms
[183.415s][info][gc          ] Allocation Stall (Executor task launch worker for task 40.0 in stage 0.0 (TID 40)) 26.808ms
[183.415s][info][gc          ] Allocation Stall (Executor task launch worker for task 12.0 in stage 0.0 (TID 12)) 26.831ms
[183.415s][info][gc          ] Allocation Stall (Executor task launch worker for task 44.0 in stage 0.0 (TID 44)) 26.721ms
[183.415s][info][gc          ] Allocation Stall (Executor task launch worker for task 37.0 in stage 0.0 (TID 37)) 26.753ms
[183.415s][info][gc          ] Allocation Stall (Executor task launch worker for task 25.0 in stage 0.0 (TID 25)) 26.778ms
[183.416s][info][gc          ] Allocation Stall (Executor task launch worker for task 21.0 in stage 0.0 (TID 21)) 26.829ms
[183.416s][info][gc          ] Allocation Stall (Executor task launch worker for task 41.0 in stage 0.0 (TID 41)) 26.853ms
[183.416s][info][gc          ] Allocation Stall (Executor task launch worker for task 34.0 in stage 0.0 (TID 34)) 26.879ms
[183.416s][info][gc          ] Allocation Stall (Executor task launch worker for task 17.0 in stage 0.0 (TID 17)) 26.869ms
[183.416s][info][gc          ] Allocation Stall (Executor task launch worker for task 16.0 in stage 0.0 (TID 16)) 26.874ms
[183.416s][info][gc          ] Allocation Stall (Executor task launch worker for task 35.0 in stage 0.0 (TID 35)) 26.752ms
[183.416s][info][gc          ] Allocation Stall (Executor task launch worker for task 13.0 in stage 0.0 (TID 13)) 26.736ms
[183.416s][info][gc          ] Allocation Stall (Executor task launch worker for task 30.0 in stage 0.0 (TID 30)) 26.767ms
[183.416s][info][gc          ] Allocation Stall (Executor task launch worker for task 42.0 in stage 0.0 (TID 42)) 26.731ms
[183.416s][info][gc          ] Allocation Stall (Executor task launch worker for task 2.0 in stage 0.0 (TID 2)) 26.770ms
[183.416s][info][gc          ] Allocation Stall (Executor task launch worker for task 33.0 in stage 0.0 (TID 33)) 26.830ms
[183.416s][info][gc          ] Allocation Stall (Executor task launch worker for task 46.0 in stage 0.0 (TID 46)) 26.843ms
[183.416s][info][gc          ] Allocation Stall (Executor task launch worker for task 6.0 in stage 0.0 (TID 6)) 26.866ms
[183.416s][info][gc          ] Allocation Stall (Executor task launch worker for task 20.0 in stage 0.0 (TID 20)) 26.810ms
[183.416s][info][gc          ] Allocation Stall (Executor task launch worker for task 9.0 in stage 0.0 (TID 9)) 26.805ms
[183.416s][info][gc          ] Allocation Stall (Executor task launch worker for task 7.0 in stage 0.0 (TID 7)) 26.910ms
[183.416s][info][gc          ] Allocation Stall (Executor task launch worker for task 28.0 in stage 0.0 (TID 28)) 26.938ms
[183.416s][info][gc          ] Allocation Stall (Executor task launch worker for task 39.0 in stage 0.0 (TID 39)) 26.983ms
[183.416s][info][gc          ] Allocation Stall (Executor task launch worker for task 11.0 in stage 0.0 (TID 11)) 27.021ms
[183.416s][info][gc          ] Allocation Stall (Executor task launch worker for task 15.0 in stage 0.0 (TID 15)) 27.061ms
[183.416s][info][gc          ] Allocation Stall (Executor task launch worker for task 38.0 in stage 0.0 (TID 38)) 27.087ms
[183.417s][info][gc          ] Allocation Stall (Executor task launch worker for task 1.0 in stage 0.0 (TID 1)) 27.157ms
[183.417s][info][gc          ] Allocation Stall (Executor task launch worker for task 8.0 in stage 0.0 (TID 8)) 27.195ms
[183.417s][info][gc          ] Allocation Stall (Executor task launch worker for task 29.0 in stage 0.0 (TID 29)) 27.252ms
[183.417s][info][gc          ] Allocation Stall (Executor task launch worker for task 43.0 in stage 0.0 (TID 43)) 27.299ms
[183.417s][info][gc          ] Allocation Stall (Executor task launch worker for task 5.0 in stage 0.0 (TID 5)) 27.313ms
[183.417s][info][gc          ] Allocation Stall (Executor task launch worker for task 22.0 in stage 0.0 (TID 22)) 27.273ms
[183.417s][info][gc          ] Allocation Stall (Executor task launch worker for task 45.0 in stage 0.0 (TID 45)) 27.296ms
[183.417s][info][gc          ] Allocation Stall (Executor task launch worker for task 3.0 in stage 0.0 (TID 3)) 22.315ms
[183.417s][info][gc          ] Allocation Stall (Executor task launch worker for task 23.0 in stage 0.0 (TID 23)) 1.322ms
[183.417s][info][gc          ] Allocation Stall (Executor task launch worker for task 36.0 in stage 0.0 (TID 36)) 1.176ms
[183.417s][info][gc          ] Allocation Stall (Executor task launch worker for task 30.0 in stage 0.0 (TID 30)) 0.648ms
[183.417s][info][gc          ] Allocation Stall (Executor task launch worker for task 10.0 in stage 0.0 (TID 10)) 0.745ms
[183.417s][info][gc          ] Allocation Stall (Executor task launch worker for task 2.0 in stage 0.0 (TID 2)) 0.776ms
[183.417s][info][gc          ] Allocation Stall (Executor task launch worker for task 6.0 in stage 0.0 (TID 6)) 0.663ms
[183.417s][info][gc          ] Allocation Stall (Executor task launch worker for task 0.0 in stage 0.0 (TID 0)) 0.683ms
[183.421s][info][gc,phases   ] GC(58) Concurrent Select Relocation Set 8.802ms
[183.421s][info][gc,phases   ] GC(58) Pause Relocate Start 0.005ms
[183.422s][info][gc          ] Allocation Stall (Executor task launch worker for task 35.0 in stage 0.0 (TID 35)) 1.984ms
[183.422s][info][gc          ] Relocation Stall (Executor task launch worker for task 1.0 in stage 0.0 (TID 1)) 0.056ms
[183.422s][info][gc          ] Relocation Stall (Executor task launch worker for task 24.0 in stage 0.0 (TID 24)) 0.080ms
[183.422s][info][gc          ] Relocation Stall (Executor task launch worker for task 4.0 in stage 0.0 (TID 4)) 0.060ms
[183.422s][info][gc          ] Relocation Stall (Executor task launch worker for task 20.0 in stage 0.0 (TID 20)) 0.063ms
[183.422s][info][gc          ] Relocation Stall (Executor task launch worker for task 8.0 in stage 0.0 (TID 8)) 0.060ms
[183.422s][info][gc          ] Relocation Stall (Executor task launch worker for task 31.0 in stage 0.0 (TID 31)) 0.067ms
[183.422s][info][gc          ] Relocation Stall (Executor task launch worker for task 29.0 in stage 0.0 (TID 29)) 0.067ms
[183.422s][info][gc          ] Relocation Stall (Executor task launch worker for task 32.0 in stage 0.0 (TID 32)) 0.076ms
[183.422s][info][gc          ] Relocation Stall (Executor task launch worker for task 19.0 in stage 0.0 (TID 19)) 0.060ms
[183.422s][info][gc          ] Relocation Stall (Executor task launch worker for task 15.0 in stage 0.0 (TID 15)) 0.069ms
[183.422s][info][gc          ] Relocation Stall (Executor task launch worker for task 11.0 in stage 0.0 (TID 11)) 0.066ms
[183.422s][info][gc          ] Relocation Stall (Executor task launch worker for task 33.0 in stage 0.0 (TID 33)) 0.065ms
[183.422s][info][gc          ] Relocation Stall (Executor task launch worker for task 7.0 in stage 0.0 (TID 7)) 0.070ms
[183.422s][info][gc          ] Allocation Stall (Executor task launch worker for task 2.0 in stage 0.0 (TID 2)) 1.938ms
[183.422s][info][gc          ] Allocation Stall (Executor task launch worker for task 17.0 in stage 0.0 (TID 17)) 1.912ms
[183.422s][info][gc          ] Allocation Stall (Executor task launch worker for task 37.0 in stage 0.0 (TID 37)) 1.899ms
[183.422s][info][gc          ] Allocation Stall (Executor task launch worker for task 14.0 in stage 0.0 (TID 14)) 1.936ms
[183.422s][info][gc          ] Allocation Stall (Executor task launch worker for task 12.0 in stage 0.0 (TID 12)) 1.894ms
[183.422s][info][gc          ] Allocation Stall (Executor task launch worker for task 40.0 in stage 0.0 (TID 40)) 1.999ms
[183.422s][info][gc          ] Allocation Stall (Executor task launch worker for task 9.0 in stage 0.0 (TID 9)) 2.116ms
[183.422s][info][gc          ] Allocation Stall (Executor task launch worker for task 36.0 in stage 0.0 (TID 36)) 2.108ms
[183.422s][info][gc          ] Allocation Stall (Executor task launch worker for task 26.0 in stage 0.0 (TID 26)) 2.144ms
[183.422s][info][gc          ] Allocation Stall (Executor task launch worker for task 28.0 in stage 0.0 (TID 28)) 1.851ms
[183.422s][info][gc          ] Allocation Stall (Executor task launch worker for task 27.0 in stage 0.0 (TID 27)) 1.694ms
[183.422s][info][gc          ] Allocation Stall (Executor task launch worker for task 43.0 in stage 0.0 (TID 43)) 1.416ms
[183.422s][info][gc          ] Allocation Stall (Executor task launch worker for task 5.0 in stage 0.0 (TID 5)) 1.443ms
[183.424s][info][gc          ] Allocation Stall (Executor task launch worker for task 22.0 in stage 0.0 (TID 22)) 2.586ms
[183.425s][info][gc,phases   ] GC(58) Concurrent Relocate 3.080ms
[183.425s][info][gc          ] Relocation Stall (Executor task launch worker for task 44.0 in stage 0.0 (TID 44)) 3.070ms
[183.425s][info][gc,load     ] GC(58) Load: 0.00/0.00/0.00
[183.425s][info][gc          ] Allocation Stall (Executor task launch worker for task 0.0 in stage 0.0 (TID 0)) 4.922ms
[183.425s][info][gc          ] Allocation Stall (Executor task launch worker for task 3.0 in stage 0.0 (TID 3)) 4.966ms
[183.425s][info][gc,mmu      ] GC(58) MMU: 2ms/95.7%, 5ms/98.3%, 10ms/99.1%, 20ms/99.5%, 50ms/99.8%, 100ms/99.8%
[183.425s][info][gc          ] Allocation Stall (Executor task launch worker for task 16.0 in stage 0.0 (TID 16)) 4.942ms
[183.425s][info][gc          ] Allocation Stall (Executor task launch worker for task 25.0 in stage 0.0 (TID 25)) 4.808ms
[183.425s][info][gc          ] Allocation Stall (Executor task launch worker for task 10.0 in stage 0.0 (TID 10)) 4.828ms
[183.425s][info][gc,marking  ] GC(58) Mark: 4 stripe(s), 2 proactive flush(es), 1 terminate flush(es), 0 completion(s), 0 continuation(s) 
[183.425s][info][gc          ] Allocation Stall (Executor task launch worker for task 13.0 in stage 0.0 (TID 13)) 4.853ms
[183.425s][info][gc          ] Allocation Stall (Executor task launch worker for task 21.0 in stage 0.0 (TID 21)) 4.853ms
[183.425s][info][gc          ] Allocation Stall (Executor task launch worker for task 34.0 in stage 0.0 (TID 34)) 4.867ms
[183.425s][info][gc          ] Allocation Stall (Executor task launch worker for task 6.0 in stage 0.0 (TID 6)) 4.758ms
[183.425s][info][gc          ] Allocation Stall (Executor task launch worker for task 30.0 in stage 0.0 (TID 30)) 4.587ms
[183.425s][info][gc          ] Allocation Stall (Executor task launch worker for task 41.0 in stage 0.0 (TID 41)) 4.595ms
[183.425s][info][gc          ] Allocation Stall (Executor task launch worker for task 39.0 in stage 0.0 (TID 39)) 4.384ms
[183.425s][info][gc,marking  ] GC(58) Mark Stack Usage: 32M
[183.425s][info][gc          ] Allocation Stall (Executor task launch worker for task 23.0 in stage 0.0 (TID 23)) 4.772ms
[183.425s][info][gc          ] Allocation Stall (Executor task launch worker for task 18.0 in stage 0.0 (TID 18)) 4.368ms
[183.425s][info][gc          ] Allocation Stall (Executor task launch worker for task 42.0 in stage 0.0 (TID 42)) 4.291ms
[183.425s][info][gc          ] Allocation Stall (Executor task launch worker for task 45.0 in stage 0.0 (TID 45)) 4.102ms
[183.425s][info][gc          ] Allocation Stall (Executor task launch worker for task 47.0 in stage 0.0 (TID 47)) 4.048ms
[183.425s][info][gc          ] Allocation Stall (Executor task launch worker for task 46.0 in stage 0.0 (TID 46)) 3.769ms
[183.425s][info][gc          ] Allocation Stall (Executor task launch worker for task 38.0 in stage 0.0 (TID 38)) 4.015ms
[183.426s][info][gc,nmethod  ] GC(58) NMethods: 1400 registered, 30 unregistered
[183.426s][info][gc,metaspace] GC(58) Metaspace: 107M used, 116M committed, 1152M reserved
[183.426s][info][gc,ref      ] GC(58) Soft: 2800 encountered, 351 discovered, 0 enqueued
[183.426s][info][gc,ref      ] GC(58) Weak: 12976 encountered, 2962 discovered, 1 enqueued
[183.426s][info][gc,ref      ] GC(58) Final: 40 encountered, 0 discovered, 0 enqueued
[183.426s][info][gc,ref      ] GC(58) Phantom: 750 encountered, 424 discovered, 0 enqueued
[183.426s][info][gc,reloc    ] GC(58) Small Pages: 72 / 144M, Empty: 24M, Relocated: 5M, In-Place: 4
[183.426s][info][gc,reloc    ] GC(58) Medium Pages: 2 / 32M, Empty: 0M, Relocated: 6M, In-Place: 1
[183.426s][info][gc,reloc    ] GC(58) Large Pages: 50 / 320M, Empty: 0M, Relocated: 0M, In-Place: 0
[183.426s][info][gc,reloc    ] GC(58) Forwarding Usage: 1M
[183.427s][info][gc,heap     ] GC(58) Min Capacity: 8M(2%)
[183.427s][info][gc,heap     ] GC(58) Max Capacity: 512M(100%)
[183.427s][info][gc,heap     ] GC(58) Soft Max Capacity: 512M(100%)
[183.427s][info][gc,heap     ] GC(58)                Mark Start          Mark End        Relocate Start      Relocate End           High               Low         
[183.427s][info][gc,heap     ] GC(58)  Capacity:      512M (100%)        512M (100%)        512M (100%)        512M (100%)        512M (100%)        512M (100%)   
[183.427s][info][gc,heap     ] GC(58)      Free:       12M (2%)            0M (0%)            0M (0%)            6M (1%)           24M (5%)            0M (0%)     
[183.427s][info][gc,heap     ] GC(58)      Used:      500M (98%)         512M (100%)        512M (100%)        506M (99%)         512M (100%)        488M (95%)    
[183.427s][info][gc,heap     ] GC(58)      Live:         -               385M (75%)         385M (75%)         385M (75%)            -                  -          
[183.427s][info][gc,heap     ] GC(58) Allocated:         -                12M (2%)           36M (7%)           93M (18%)            -                  -          
[183.427s][info][gc,heap     ] GC(58)   Garbage:         -               114M (22%)          90M (18%)          26M (5%)             -                  -          
[183.427s][info][gc,heap     ] GC(58) Reclaimed:         -                  -                24M (5%)           87M (17%)            -                  -          
[183.427s][info][gc          ] GC(58) Garbage Collection (Allocation Stall) 500M(98%)->506M(99%)
[183.433s][info][gc,start    ] GC(59) Garbage Collection (Allocation Stall)
[183.433s][info][gc,ref      ] GC(59) Clearing All SoftReferences
[183.433s][info][gc,task     ] GC(59) Using 5 workers
[183.443s][info][gc,ref      ] GC(59) Clearing All SoftReferences
[183.443s][info][gc,phases   ] GC(59) Pause Mark Start 0.046ms
[183.443s][info][gc          ] Allocation Stall (Executor task launch worker for task 12.0 in stage 0.0 (TID 12)) 9.813ms
[183.443s][info][gc          ] Allocation Stall (Executor task launch worker for task 21.0 in stage 0.0 (TID 21)) 9.691ms
[183.443s][info][gc          ] Allocation Stall (Executor task launch worker for task 41.0 in stage 0.0 (TID 41)) 9.688ms
[183.489s][info][gc,phases   ] GC(59) Concurrent Mark 46.672ms
[183.490s][info][gc,phases   ] GC(59) Pause Mark End 0.013ms
[183.490s][info][gc,phases   ] GC(59) Concurrent Mark Free 0.001ms
[183.491s][info][gc,phases   ] GC(59) Concurrent Process Non-Strong References 1.254ms
[183.491s][info][gc,phases   ] GC(59) Concurrent Reset Relocation Set 0.005ms
[183.494s][info][gc          ] Allocation Stall (Executor task launch worker for task 17.0 in stage 0.0 (TID 17)) 51.721ms
[183.494s][info][gc          ] Allocation Stall (Executor task launch worker for task 15.0 in stage 0.0 (TID 15)) 51.739ms
[183.494s][info][gc          ] Allocation Stall (Executor task launch worker for task 2.0 in stage 0.0 (TID 2)) 51.763ms
[183.495s][info][gc          ] Allocation Stall (Executor task launch worker for task 0.0 in stage 0.0 (TID 0)) 51.766ms
[183.495s][info][gc          ] Allocation Stall (Executor task launch worker for task 9.0 in stage 0.0 (TID 9)) 51.701ms
[183.495s][info][gc          ] Allocation Stall (Executor task launch worker for task 24.0 in stage 0.0 (TID 24)) 51.834ms
[183.495s][info][gc          ] Allocation Stall (Executor task launch worker for task 10.0 in stage 0.0 (TID 10)) 51.703ms
[183.495s][info][gc          ] Allocation Stall (Executor task launch worker for task 44.0 in stage 0.0 (TID 44)) 51.753ms
[183.495s][info][gc          ] Allocation Stall (Executor task launch worker for task 26.0 in stage 0.0 (TID 26)) 51.760ms
[183.495s][info][gc          ] Allocation Stall (Executor task launch worker for task 3.0 in stage 0.0 (TID 3)) 51.698ms
[183.495s][info][gc          ] Allocation Stall (Executor task launch worker for task 32.0 in stage 0.0 (TID 32)) 51.709ms
[183.495s][info][gc          ] Allocation Stall (Executor task launch worker for task 19.0 in stage 0.0 (TID 19)) 51.744ms
[183.495s][info][gc          ] Allocation Stall (Executor task launch worker for task 8.0 in stage 0.0 (TID 8)) 51.740ms
[183.495s][info][gc          ] Allocation Stall (Executor task launch worker for task 20.0 in stage 0.0 (TID 20)) 51.771ms
[183.495s][info][gc          ] Allocation Stall (Executor task launch worker for task 43.0 in stage 0.0 (TID 43)) 51.741ms
[183.495s][info][gc          ] Allocation Stall (Executor task launch worker for task 14.0 in stage 0.0 (TID 14)) 61.436ms
[183.495s][info][gc          ] Allocation Stall (Executor task launch worker for task 11.0 in stage 0.0 (TID 11)) 51.805ms
[183.495s][info][gc          ] Allocation Stall (Executor task launch worker for task 29.0 in stage 0.0 (TID 29)) 51.825ms
[183.495s][info][gc          ] Allocation Stall (Executor task launch worker for task 28.0 in stage 0.0 (TID 28)) 51.825ms
[183.495s][info][gc          ] Allocation Stall (Executor task launch worker for task 25.0 in stage 0.0 (TID 25)) 61.449ms
[183.495s][info][gc          ] Allocation Stall (Executor task launch worker for task 22.0 in stage 0.0 (TID 22)) 51.802ms
[183.495s][info][gc          ] Allocation Stall (Executor task launch worker for task 37.0 in stage 0.0 (TID 37)) 51.775ms
[183.495s][info][gc          ] Allocation Stall (Executor task launch worker for task 23.0 in stage 0.0 (TID 23)) 51.873ms
[183.495s][info][gc,phases   ] GC(59) Concurrent Select Relocation Set 3.750ms
[183.495s][info][gc          ] Allocation Stall (Executor task launch worker for task 47.0 in stage 0.0 (TID 47)) 51.923ms
[183.495s][info][gc          ] Allocation Stall (Executor task launch worker for task 13.0 in stage 0.0 (TID 13)) 51.919ms
[183.495s][info][gc          ] Allocation Stall (Executor task launch worker for task 39.0 in stage 0.0 (TID 39)) 52.015ms
[183.495s][info][gc          ] Allocation Stall (Executor task launch worker for task 42.0 in stage 0.0 (TID 42)) 52.060ms
[183.495s][info][gc          ] Allocation Stall (Executor task launch worker for task 4.0 in stage 0.0 (TID 4)) 49.588ms
[183.495s][info][gc          ] Allocation Stall (Executor task launch worker for task 35.0 in stage 0.0 (TID 35)) 48.994ms
[183.495s][info][gc          ] Allocation Stall (Executor task launch worker for task 45.0 in stage 0.0 (TID 45)) 49.006ms
[183.495s][info][gc          ] Allocation Stall (Executor task launch worker for task 1.0 in stage 0.0 (TID 1)) 49.002ms
[183.495s][info][gc          ] Allocation Stall (Executor task launch worker for task 7.0 in stage 0.0 (TID 7)) 48.844ms
[183.495s][info][gc          ] Allocation Stall (Executor task launch worker for task 16.0 in stage 0.0 (TID 16)) 48.842ms
[183.495s][info][gc          ] Allocation Stall (Executor task launch worker for task 41.0 in stage 0.0 (TID 41)) 48.868ms
[183.495s][info][gc          ] Allocation Stall (Executor task launch worker for task 21.0 in stage 0.0 (TID 21)) 48.854ms
[183.496s][info][gc          ] Allocation Stall (Executor task launch worker for task 6.0 in stage 0.0 (TID 6)) 48.893ms
[183.496s][info][gc          ] Allocation Stall (Executor task launch worker for task 27.0 in stage 0.0 (TID 27)) 48.851ms
[183.496s][info][gc          ] Allocation Stall (Executor task launch worker for task 46.0 in stage 0.0 (TID 46)) 48.920ms
[183.496s][info][gc          ] Allocation Stall (Executor task launch worker for task 40.0 in stage 0.0 (TID 40)) 48.954ms
[183.496s][info][gc          ] Allocation Stall (Executor task launch worker for task 30.0 in stage 0.0 (TID 30)) 49.001ms
[183.496s][info][gc          ] Allocation Stall (Executor task launch worker for task 12.0 in stage 0.0 (TID 12)) 49.024ms
[183.497s][info][gc,phases   ] GC(59) Pause Relocate Start 0.006ms
[183.497s][info][gc          ] Allocation Stall (Executor task launch worker for task 36.0 in stage 0.0 (TID 36)) 50.038ms
[183.497s][info][gc          ] Allocation Stall (Executor task launch worker for task 38.0 in stage 0.0 (TID 38)) 49.735ms
[183.497s][info][gc          ] Allocation Stall (Executor task launch worker for task 18.0 in stage 0.0 (TID 18)) 49.980ms
[183.497s][info][gc          ] Allocation Stall (Executor task launch worker for task 33.0 in stage 0.0 (TID 33)) 49.851ms
[183.497s][info][gc          ] Allocation Stall (Executor task launch worker for task 31.0 in stage 0.0 (TID 31)) 43.263ms
[183.497s][info][gc          ] Allocation Stall (Executor task launch worker for task 5.0 in stage 0.0 (TID 5)) 49.974ms
[183.497s][info][gc          ] Allocation Stall (Executor task launch worker for task 34.0 in stage 0.0 (TID 34)) 49.963ms
[183.497s][info][gc          ] Allocation Stall (Spark Context Cleaner) 38.791ms
[183.514s][info][gc          ] Allocation Stall (Executor task launch worker for task 26.0 in stage 0.0 (TID 26)) 3.253ms
[183.519s][info][gc          ] Allocation Stall (Executor task launch worker for task 43.0 in stage 0.0 (TID 43)) 8.004ms
[183.521s][info][gc          ] Relocation Stall (Executor task launch worker for task 27.0 in stage 0.0 (TID 27)) 13.355ms
[183.521s][info][gc          ] Relocation Stall (Executor task launch worker for task 46.0 in stage 0.0 (TID 46)) 20.174ms
[183.521s][info][gc          ] Relocation Stall (Executor task launch worker for task 5.0 in stage 0.0 (TID 5)) 13.367ms
[183.521s][info][gc          ] Relocation Stall (Executor task launch worker for task 1.0 in stage 0.0 (TID 1)) 20.661ms
[183.521s][info][gc          ] Relocation Stall (Executor task launch worker for task 23.0 in stage 0.0 (TID 23)) 24.069ms
[183.521s][info][gc          ] Relocation Stall (Executor task launch worker for task 33.0 in stage 0.0 (TID 33)) 18.560ms
[183.521s][info][gc          ] Relocation Stall (Executor task launch worker for task 7.0 in stage 0.0 (TID 7)) 22.537ms
[183.521s][info][gc          ] Allocation Stall (Executor task launch worker for task 12.0 in stage 0.0 (TID 12)) 9.995ms
[183.521s][info][gc          ] Allocation Stall (Executor task launch worker for task 47.0 in stage 0.0 (TID 47)) 9.951ms
[183.521s][info][gc          ] Allocation Stall (Executor task launch worker for task 20.0 in stage 0.0 (TID 20)) 9.952ms
[183.522s][info][gc          ] Allocation Stall (Executor task launch worker for task 11.0 in stage 0.0 (TID 11)) 9.691ms
[183.522s][info][gc          ] Allocation Stall (Executor task launch worker for task 35.0 in stage 0.0 (TID 35)) 9.857ms
[183.522s][info][gc          ] Allocation Stall (Executor task launch worker for task 3.0 in stage 0.0 (TID 3)) 9.636ms
[183.522s][info][gc          ] Allocation Stall (Executor task launch worker for task 32.0 in stage 0.0 (TID 32)) 10.072ms
[183.522s][info][gc          ] Allocation Stall (Executor task launch worker for task 2.0 in stage 0.0 (TID 2)) 9.760ms
[183.522s][info][gc,phases   ] GC(59) Concurrent Relocate 24.582ms
[183.522s][info][gc,load     ] GC(59) Load: 0.00/0.00/0.00
[183.522s][info][gc,mmu      ] GC(59) MMU: 2ms/95.7%, 5ms/98.3%, 10ms/99.1%, 20ms/99.5%, 50ms/99.8%, 100ms/99.8%
[183.522s][info][gc,marking  ] GC(59) Mark: 4 stripe(s), 2 proactive flush(es), 1 terminate flush(es), 0 completion(s), 0 continuation(s) 
[183.522s][info][gc,marking  ] GC(59) Mark Stack Usage: 32M
[183.522s][info][gc,nmethod  ] GC(59) NMethods: 1401 registered, 30 unregistered
[183.522s][info][gc,metaspace] GC(59) Metaspace: 107M used, 116M committed, 1152M reserved
[183.522s][info][gc          ] Allocation Stall (Executor task launch worker for task 22.0 in stage 0.0 (TID 22)) 10.611ms
[183.522s][info][gc,ref      ] GC(59) Soft: 2800 encountered, 2285 discovered, 0 enqueued
[183.523s][info][gc          ] Allocation Stall (Executor task launch worker for task 8.0 in stage 0.0 (TID 8)) 10.471ms
[183.523s][info][gc,ref      ] GC(59) Weak: 12975 encountered, 3590 discovered, 0 enqueued
[183.523s][info][gc          ] Allocation Stall (Executor task launch worker for task 0.0 in stage 0.0 (TID 0)) 10.421ms
[183.523s][info][gc,ref      ] GC(59) Final: 40 encountered, 1 discovered, 0 enqueued
[183.523s][info][gc          ] Allocation Stall (Executor task launch worker for task 17.0 in stage 0.0 (TID 17)) 10.450ms
[183.523s][info][gc,ref      ] GC(59) Phantom: 750 encountered, 520 discovered, 0 enqueued
[183.523s][info][gc          ] Allocation Stall (Executor task launch worker for task 28.0 in stage 0.0 (TID 28)) 10.445ms
[183.523s][info][gc,reloc    ] GC(59) Small Pages: 73 / 146M, Empty: 40M, Relocated: 3M, In-Place: 0
[183.523s][info][gc,reloc    ] GC(59) Medium Pages: 2 / 32M, Empty: 0M, Relocated: 7M, In-Place: 1
[183.523s][info][gc,reloc    ] GC(59) Large Pages: 51 / 328M, Empty: 4M, Relocated: 0M, In-Place: 0
[183.523s][info][gc,reloc    ] GC(59) Forwarding Usage: 1M
[183.523s][info][gc,heap     ] GC(59) Min Capacity: 8M(2%)
[183.523s][info][gc,heap     ] GC(59) Max Capacity: 512M(100%)
[183.523s][info][gc,heap     ] GC(59) Soft Max Capacity: 512M(100%)
[183.523s][info][gc          ] Allocation Stall (Executor task launch worker for task 25.0 in stage 0.0 (TID 25)) 10.694ms
[183.523s][info][gc,heap     ] GC(59)                Mark Start          Mark End        Relocate Start      Relocate End           High               Low         
[183.523s][info][gc          ] Allocation Stall (Executor task launch worker for task 37.0 in stage 0.0 (TID 37)) 10.683ms
[183.523s][info][gc,heap     ] GC(59)  Capacity:      512M (100%)        512M (100%)        512M (100%)        512M (100%)        512M (100%)        512M (100%)   
[183.523s][info][gc          ] Allocation Stall (Executor task launch worker for task 24.0 in stage 0.0 (TID 24)) 10.650ms
[183.523s][info][gc          ] Allocation Stall (Executor task launch worker for task 18.0 in stage 0.0 (TID 18)) 10.678ms
[183.523s][info][gc          ] Allocation Stall (Executor task launch worker for task 30.0 in stage 0.0 (TID 30)) 10.675ms
[183.523s][info][gc,heap     ] GC(59)      Free:        0M (0%)            0M (0%)           14M (3%)            0M (0%)           44M (9%)            0M (0%)     
[183.523s][info][gc          ] Allocation Stall (Executor task launch worker for task 19.0 in stage 0.0 (TID 19)) 10.735ms
[183.523s][info][gc          ] Allocation Stall (Executor task launch worker for task 29.0 in stage 0.0 (TID 29)) 10.732ms
[183.524s][info][gc,heap     ] GC(59)      Used:      512M (100%)        512M (100%)        498M (97%)         512M (100%)        512M (100%)        468M (91%)    
[183.524s][info][gc          ] Allocation Stall (Executor task launch worker for task 9.0 in stage 0.0 (TID 9)) 10.881ms
[183.524s][info][gc          ] Allocation Stall (Executor task launch worker for task 36.0 in stage 0.0 (TID 36)) 10.829ms
[183.524s][info][gc,heap     ] GC(59)      Live:         -               390M (76%)         390M (76%)         390M (76%)            -                  -          
[183.524s][info][gc          ] Allocation Stall (Executor task launch worker for task 15.0 in stage 0.0 (TID 15)) 10.835ms
[183.524s][info][gc,heap     ] GC(59) Allocated:         -                 0M (0%)           30M (6%)           91M (18%)            -                  -          
[183.524s][info][gc          ] Allocation Stall (Executor task launch worker for task 44.0 in stage 0.0 (TID 44)) 10.847ms
[183.524s][info][gc          ] Allocation Stall (Executor task launch worker for task 21.0 in stage 0.0 (TID 21)) 10.417ms
[183.524s][info][gc,heap     ] GC(59)   Garbage:         -               121M (24%)          77M (15%)          30M (6%)             -                  -          
[183.524s][info][gc          ] Allocation Stall (Executor task launch worker for task 38.0 in stage 0.0 (TID 38)) 10.522ms
[183.524s][info][gc,heap     ] GC(59) Reclaimed:         -                  -                44M (9%)           91M (18%)            -                  -          
[183.524s][info][gc          ] Allocation Stall (Executor task launch worker for task 13.0 in stage 0.0 (TID 13)) 10.246ms
[183.524s][info][gc          ] GC(59) Garbage Collection (Allocation Stall) 512M(100%)->512M(100%)
[183.524s][info][gc          ] Allocation Stall (Executor task launch worker for task 40.0 in stage 0.0 (TID 40)) 10.270ms
[183.524s][info][gc,start    ] GC(60) Garbage Collection (Allocation Stall)
[183.524s][info][gc          ] Allocation Stall (Executor task launch worker for task 16.0 in stage 0.0 (TID 16)) 10.071ms
[183.524s][info][gc,ref      ] GC(60) Clearing All SoftReferences
[183.524s][info][gc          ] Allocation Stall (Executor task launch worker for task 4.0 in stage 0.0 (TID 4)) 10.005ms
[183.524s][info][gc,task     ] GC(60) Using 5 workers
[183.524s][info][gc          ] Allocation Stall (Executor task launch worker for task 39.0 in stage 0.0 (TID 39)) 9.961ms
[183.525s][info][gc,ref      ] GC(60) Clearing All SoftReferences
[183.525s][info][gc,phases   ] GC(60) Pause Mark Start 0.048ms
[183.525s][info][gc          ] Allocation Stall (Executor task launch worker for task 31.0 in stage 0.0 (TID 31)) 10.217ms
[183.525s][info][gc          ] Allocation Stall (Executor task launch worker for task 14.0 in stage 0.0 (TID 14)) 10.214ms
[183.525s][info][gc          ] Allocation Stall (Executor task launch worker for task 41.0 in stage 0.0 (TID 41)) 10.090ms
[183.525s][info][gc          ] Allocation Stall (Executor task launch worker for task 10.0 in stage 0.0 (TID 10)) 10.240ms
[183.525s][info][gc          ] Allocation Stall (Executor task launch worker for task 26.0 in stage 0.0 (TID 26)) 10.017ms
[183.525s][info][gc          ] Allocation Stall (Executor task launch worker for task 45.0 in stage 0.0 (TID 45)) 9.664ms
[183.567s][info][gc,phases   ] GC(60) Concurrent Mark 42.335ms
[183.568s][info][gc,phases   ] GC(60) Pause Mark End 0.013ms
[183.568s][info][gc,phases   ] GC(60) Concurrent Mark Free 0.001ms
[183.569s][info][gc,phases   ] GC(60) Concurrent Process Non-Strong References 1.167ms
[183.569s][info][gc,phases   ] GC(60) Concurrent Reset Relocation Set 0.005ms
[183.573s][info][gc          ] Allocation Stall (Executor task launch worker for task 29.0 in stage 0.0 (TID 29)) 47.368ms
[183.573s][info][gc          ] Allocation Stall (Executor task launch worker for task 24.0 in stage 0.0 (TID 24)) 47.365ms
[183.573s][info][gc          ] Allocation Stall (Executor task launch worker for task 11.0 in stage 0.0 (TID 11)) 47.357ms
[183.573s][info][gc          ] Allocation Stall (Executor task launch worker for task 38.0 in stage 0.0 (TID 38)) 47.371ms
[183.573s][info][gc          ] Allocation Stall (Executor task launch worker for task 34.0 in stage 0.0 (TID 34)) 56.635ms
[183.573s][info][gc          ] Allocation Stall (Executor task launch worker for task 44.0 in stage 0.0 (TID 44)) 47.368ms
[183.573s][info][gc          ] Allocation Stall (Executor task launch worker for task 21.0 in stage 0.0 (TID 21)) 47.362ms
[183.573s][info][gc          ] Allocation Stall (Executor task launch worker for task 40.0 in stage 0.0 (TID 40)) 47.380ms
[183.573s][info][gc          ] Allocation Stall (Executor task launch worker for task 1.0 in stage 0.0 (TID 1)) 50.678ms
[183.573s][info][gc          ] Allocation Stall (Executor task launch worker for task 6.0 in stage 0.0 (TID 6)) 56.691ms
[183.573s][info][gc          ] Allocation Stall (Executor task launch worker for task 15.0 in stage 0.0 (TID 15)) 47.430ms
[183.573s][info][gc          ] Allocation Stall (Executor task launch worker for task 12.0 in stage 0.0 (TID 12)) 47.439ms
[183.573s][info][gc          ] Allocation Stall (Executor task launch worker for task 43.0 in stage 0.0 (TID 43)) 51.719ms
[183.573s][info][gc          ] Allocation Stall (Executor task launch worker for task 27.0 in stage 0.0 (TID 27)) 51.010ms
[183.573s][info][gc          ] Allocation Stall (Executor task launch worker for task 39.0 in stage 0.0 (TID 39)) 47.465ms
[183.573s][info][gc          ] Allocation Stall (Executor task launch worker for task 5.0 in stage 0.0 (TID 5)) 50.745ms
[183.573s][info][gc          ] Allocation Stall (Executor task launch worker for task 46.0 in stage 0.0 (TID 46)) 50.889ms
[183.573s][info][gc          ] Allocation Stall (Executor task launch worker for task 33.0 in stage 0.0 (TID 33)) 50.654ms
[183.573s][info][gc          ] Allocation Stall (Executor task launch worker for task 4.0 in stage 0.0 (TID 4)) 47.489ms
[183.573s][info][gc          ] Allocation Stall (Executor task launch worker for task 13.0 in stage 0.0 (TID 13)) 47.490ms
[183.573s][info][gc          ] Allocation Stall (Executor task launch worker for task 16.0 in stage 0.0 (TID 16)) 47.494ms
[183.573s][info][gc          ] Allocation Stall (Executor task launch worker for task 30.0 in stage 0.0 (TID 30)) 47.547ms
[183.573s][info][gc          ] Allocation Stall (Executor task launch worker for task 7.0 in stage 0.0 (TID 7)) 47.554ms
[183.573s][info][gc          ] Allocation Stall (Executor task launch worker for task 36.0 in stage 0.0 (TID 36)) 47.764ms
[183.573s][info][gc          ] Allocation Stall (Executor task launch worker for task 19.0 in stage 0.0 (TID 19)) 47.769ms
[183.573s][info][gc          ] Allocation Stall (Executor task launch worker for task 9.0 in stage 0.0 (TID 9)) 47.829ms
[183.573s][info][gc          ] Allocation Stall (Executor task launch worker for task 35.0 in stage 0.0 (TID 35)) 47.875ms
[183.573s][info][gc          ] Allocation Stall (Executor task launch worker for task 17.0 in stage 0.0 (TID 17)) 47.873ms
[183.573s][info][gc          ] Allocation Stall (Executor task launch worker for task 25.0 in stage 0.0 (TID 25)) 48.013ms
[183.573s][info][gc          ] Allocation Stall (Executor task launch worker for task 3.0 in stage 0.0 (TID 3)) 48.052ms
[183.573s][info][gc          ] Allocation Stall (Executor task launch worker for task 14.0 in stage 0.0 (TID 14)) 43.649ms
[183.573s][info][gc          ] Allocation Stall (Executor task launch worker for task 0.0 in stage 0.0 (TID 0)) 43.072ms
[183.574s][info][gc          ] Allocation Stall (Executor task launch worker for task 18.0 in stage 0.0 (TID 18)) 42.971ms
[183.574s][info][gc          ] Allocation Stall (Executor task launch worker for task 42.0 in stage 0.0 (TID 42)) 42.998ms
[183.574s][info][gc          ] Allocation Stall (Executor task launch worker for task 8.0 in stage 0.0 (TID 8)) 42.978ms
[183.574s][info][gc          ] Allocation Stall (Executor task launch worker for task 23.0 in stage 0.0 (TID 23)) 42.831ms
[183.574s][info][gc          ] Allocation Stall (Executor task launch worker for task 10.0 in stage 0.0 (TID 10)) 42.850ms
[183.574s][info][gc          ] Allocation Stall (Executor task launch worker for task 20.0 in stage 0.0 (TID 20)) 42.782ms
[183.574s][info][gc          ] Allocation Stall (Executor task launch worker for task 41.0 in stage 0.0 (TID 41)) 42.731ms
[183.574s][info][gc          ] Allocation Stall (Executor task launch worker for task 2.0 in stage 0.0 (TID 2)) 42.741ms
[183.574s][info][gc          ] Allocation Stall (Executor task launch worker for task 32.0 in stage 0.0 (TID 32)) 42.969ms
[183.574s][info][gc          ] Allocation Stall (Executor task launch worker for task 45.0 in stage 0.0 (TID 45)) 42.993ms
[183.574s][info][gc          ] Allocation Stall (Executor task launch worker for task 22.0 in stage 0.0 (TID 22)) 43.002ms
[183.574s][info][gc          ] Allocation Stall (Executor task launch worker for task 37.0 in stage 0.0 (TID 37)) 42.963ms
[183.574s][info][gc          ] Allocation Stall (Executor task launch worker for task 47.0 in stage 0.0 (TID 47)) 42.975ms
[183.574s][info][gc          ] Allocation Stall (Executor task launch worker for task 26.0 in stage 0.0 (TID 26)) 42.917ms
[183.575s][info][gc          ] Allocation Stall (Executor task launch worker for task 28.0 in stage 0.0 (TID 28)) 42.914ms
[183.575s][info][gc          ] Allocation Stall (Executor task launch worker for task 31.0 in stage 0.0 (TID 31)) 43.035ms
[183.575s][info][gc          ] Allocation Stall (Executor task launch worker for task 29.0 in stage 0.0 (TID 29)) 1.008ms
[183.600s][info][gc,phases   ] GC(60) Concurrent Select Relocation Set 30.639ms
[183.601s][info][gc,phases   ] GC(60) Pause Relocate Start 0.005ms
[183.602s][info][gc          ] Relocation Stall (Executor task launch worker for task 37.0 in stage 0.0 (TID 37)) 0.002ms
[183.602s][info][gc          ] Allocation Stall (Executor task launch worker for task 17.0 in stage 0.0 (TID 17)) 0.189ms
[183.602s][info][gc          ] Allocation Stall (Executor task launch worker for task 12.0 in stage 0.0 (TID 12)) 4.644ms
[183.602s][info][gc          ] Relocation Stall (Executor task launch worker for task 33.0 in stage 0.0 (TID 33)) 0.432ms
[183.604s][info][gc          ] Relocation Stall (Executor task launch worker for task 29.0 in stage 0.0 (TID 29)) 2.041ms
[183.609s][info][gc          ] Relocation Stall (Executor task launch worker for task 44.0 in stage 0.0 (TID 44)) 7.486ms
[183.614s][info][gc,phases   ] GC(60) Concurrent Relocate 11.714ms
[183.614s][info][gc,load     ] GC(60) Load: 0.00/0.00/0.00
[183.614s][info][gc,mmu      ] GC(60) MMU: 2ms/95.7%, 5ms/98.3%, 10ms/99.1%, 20ms/99.5%, 50ms/99.8%, 100ms/99.8%
[183.614s][info][gc,marking  ] GC(60) Mark: 4 stripe(s), 2 proactive flush(es), 1 terminate flush(es), 0 completion(s), 0 continuation(s) 
[183.614s][info][gc,marking  ] GC(60) Mark Stack Usage: 32M
[183.614s][info][gc,nmethod  ] GC(60) NMethods: 1401 registered, 30 unregistered
[183.614s][info][gc,metaspace] GC(60) Metaspace: 107M used, 116M committed, 1152M reserved
[183.614s][info][gc,ref      ] GC(60) Soft: 2800 encountered, 2236 discovered, 0 enqueued
[183.614s][info][gc,ref      ] GC(60) Weak: 12975 encountered, 3948 discovered, 0 enqueued
[183.614s][info][gc,ref      ] GC(60) Final: 40 encountered, 1 discovered, 0 enqueued
[183.614s][info][gc,ref      ] GC(60) Phantom: 750 encountered, 476 discovered, 0 enqueued
[183.614s][info][gc,reloc    ] GC(60) Small Pages: 71 / 142M, Empty: 18M, Relocated: 3M, In-Place: 0
[183.614s][info][gc,reloc    ] GC(60) Medium Pages: 2 / 32M, Empty: 16M, Relocated: 0M, In-Place: 0
[183.614s][info][gc,reloc    ] GC(60) Large Pages: 51 / 332M, Empty: 8M, Relocated: 0M, In-Place: 0
[183.614s][info][gc,reloc    ] GC(60) Forwarding Usage: 1M
[183.614s][info][gc,heap     ] GC(60) Min Capacity: 8M(2%)
[183.614s][info][gc,heap     ] GC(60) Max Capacity: 512M(100%)
[183.614s][info][gc,heap     ] GC(60) Soft Max Capacity: 512M(100%)
[183.614s][info][gc,heap     ] GC(60)                Mark Start          Mark End        Relocate Start      Relocate End           High               Low         
[183.614s][info][gc,heap     ] GC(60)  Capacity:      512M (100%)        512M (100%)        512M (100%)        512M (100%)        512M (100%)        512M (100%)   
[183.614s][info][gc,heap     ] GC(60)      Free:        0M (0%)            0M (0%)            0M (0%)            2M (0%)           42M (8%)            0M (0%)     
[183.614s][info][gc,heap     ] GC(60)      Used:      512M (100%)        512M (100%)        512M (100%)        510M (100%)        512M (100%)        470M (92%)    
[183.614s][info][gc,heap     ] GC(60)      Live:         -               389M (76%)         389M (76%)         389M (76%)            -                  -          
[183.614s][info][gc,heap     ] GC(60) Allocated:         -                 0M (0%)           42M (8%)           87M (17%)            -                  -          
[183.614s][info][gc,heap     ] GC(60)   Garbage:         -               122M (24%)          80M (16%)          32M (6%)             -                  -          
[183.614s][info][gc,heap     ] GC(60) Reclaimed:         -                  -                42M (8%)           89M (18%)            -                  -          
[183.614s][info][gc          ] GC(60) Garbage Collection (Allocation Stall) 512M(100%)->510M(100%)
[183.614s][info][gc,start    ] GC(61) Garbage Collection (Allocation Stall)
[183.614s][info][gc,ref      ] GC(61) Clearing All SoftReferences
[183.614s][info][gc,task     ] GC(61) Using 5 workers
[183.614s][info][gc,ref      ] GC(61) Clearing All SoftReferences
[183.614s][info][gc,phases   ] GC(61) Pause Mark Start 0.037ms
[183.646s][info][gc,phases   ] GC(61) Concurrent Mark 31.330ms
[183.646s][info][gc,phases   ] GC(61) Pause Mark End 0.013ms
[183.646s][info][gc,phases   ] GC(61) Concurrent Mark Free 0.001ms
[183.647s][info][gc,phases   ] GC(61) Concurrent Process Non-Strong References 1.021ms
[183.647s][info][gc,phases   ] GC(61) Concurrent Reset Relocation Set 0.005ms
[183.650s][info][gc          ] Allocation Stall (Executor task launch worker for task 21.0 in stage 0.0 (TID 21)) 40.541ms
[183.650s][info][gc          ] Allocation Stall (Executor task launch worker for task 24.0 in stage 0.0 (TID 24)) 40.210ms
[183.650s][info][gc          ] Allocation Stall (Executor task launch worker for task 20.0 in stage 0.0 (TID 20)) 40.138ms
[183.650s][info][gc          ] Allocation Stall (Executor task launch worker for task 18.0 in stage 0.0 (TID 18)) 40.051ms
[183.650s][info][gc          ] Allocation Stall (Executor task launch worker for task 19.0 in stage 0.0 (TID 19)) 39.732ms
[183.650s][info][gc          ] Allocation Stall (Executor task launch worker for task 41.0 in stage 0.0 (TID 41)) 40.224ms
[183.650s][info][gc          ] Allocation Stall (Executor task launch worker for task 17.0 in stage 0.0 (TID 17)) 40.112ms
[183.650s][info][gc          ] Allocation Stall (Executor task launch worker for task 46.0 in stage 0.0 (TID 46)) 40.071ms
[183.650s][info][gc          ] Allocation Stall (Executor task launch worker for task 7.0 in stage 0.0 (TID 7)) 42.907ms
[183.650s][info][gc          ] Allocation Stall (Executor task launch worker for task 26.0 in stage 0.0 (TID 26)) 39.782ms
[183.650s][info][gc          ] Allocation Stall (Executor task launch worker for task 8.0 in stage 0.0 (TID 8)) 40.142ms
[183.650s][info][gc          ] Allocation Stall (Executor task launch worker for task 11.0 in stage 0.0 (TID 11)) 40.561ms
[183.650s][info][gc          ] Allocation Stall (Executor task launch worker for task 10.0 in stage 0.0 (TID 10)) 39.548ms
[183.650s][info][gc          ] Allocation Stall (Executor task launch worker for task 47.0 in stage 0.0 (TID 47)) 40.458ms
[183.650s][info][gc          ] Allocation Stall (Executor task launch worker for task 31.0 in stage 0.0 (TID 31)) 40.425ms
[183.650s][info][gc          ] Allocation Stall (Executor task launch worker for task 40.0 in stage 0.0 (TID 40)) 40.430ms
[183.650s][info][gc          ] Allocation Stall (Executor task launch worker for task 39.0 in stage 0.0 (TID 39)) 40.144ms
[183.650s][info][gc          ] Allocation Stall (Executor task launch worker for task 34.0 in stage 0.0 (TID 34)) 39.937ms
[183.650s][info][gc          ] Allocation Stall (Executor task launch worker for task 42.0 in stage 0.0 (TID 42)) 39.624ms
[183.650s][info][gc          ] Allocation Stall (Executor task launch worker for task 16.0 in stage 0.0 (TID 16)) 39.526ms
[183.650s][info][gc          ] Allocation Stall (Executor task launch worker for task 5.0 in stage 0.0 (TID 5)) 39.545ms
[183.650s][info][gc          ] Allocation Stall (Executor task launch worker for task 29.0 in stage 0.0 (TID 29)) 39.593ms
[183.650s][info][gc          ] Allocation Stall (Executor task launch worker for task 14.0 in stage 0.0 (TID 14)) 39.608ms
[183.650s][info][gc          ] Allocation Stall (Executor task launch worker for task 27.0 in stage 0.0 (TID 27)) 39.614ms
[183.650s][info][gc          ] Allocation Stall (Executor task launch worker for task 28.0 in stage 0.0 (TID 28)) 39.466ms
[183.650s][info][gc          ] Allocation Stall (Executor task launch worker for task 9.0 in stage 0.0 (TID 9)) 39.585ms
[183.650s][info][gc          ] Allocation Stall (Executor task launch worker for task 22.0 in stage 0.0 (TID 22)) 39.572ms
[183.651s][info][gc          ] Allocation Stall (Executor task launch worker for task 35.0 in stage 0.0 (TID 35)) 39.575ms
[183.651s][info][gc          ] Allocation Stall (Executor task launch worker for task 43.0 in stage 0.0 (TID 43)) 39.429ms
[183.651s][info][gc          ] Allocation Stall (Executor task launch worker for task 45.0 in stage 0.0 (TID 45)) 39.438ms
[183.651s][info][gc          ] Allocation Stall (Executor task launch worker for task 15.0 in stage 0.0 (TID 15)) 39.464ms
[183.651s][info][gc          ] Allocation Stall (Executor task launch worker for task 13.0 in stage 0.0 (TID 13)) 39.200ms
[183.651s][info][gc          ] Allocation Stall (Executor task launch worker for task 25.0 in stage 0.0 (TID 25)) 39.113ms
[183.651s][info][gc          ] Allocation Stall (Executor task launch worker for task 1.0 in stage 0.0 (TID 1)) 38.994ms
[183.651s][info][gc          ] Allocation Stall (Executor task launch worker for task 3.0 in stage 0.0 (TID 3)) 38.892ms
[183.651s][info][gc          ] Allocation Stall (Executor task launch worker for task 33.0 in stage 0.0 (TID 33)) 38.895ms
[183.651s][info][gc          ] Allocation Stall (Executor task launch worker for task 2.0 in stage 0.0 (TID 2)) 38.761ms
[183.651s][info][gc          ] Allocation Stall (Executor task launch worker for task 37.0 in stage 0.0 (TID 37)) 38.877ms
[183.651s][info][gc          ] Allocation Stall (Executor task launch worker for task 36.0 in stage 0.0 (TID 36)) 38.911ms
[183.651s][info][gc          ] Allocation Stall (Executor task launch worker for task 0.0 in stage 0.0 (TID 0)) 38.812ms
[183.651s][info][gc          ] Allocation Stall (Executor task launch worker for task 30.0 in stage 0.0 (TID 30)) 38.827ms
[183.651s][info][gc          ] Allocation Stall (Executor task launch worker for task 23.0 in stage 0.0 (TID 23)) 38.872ms
[183.651s][info][gc          ] Allocation Stall (Executor task launch worker for task 38.0 in stage 0.0 (TID 38)) 38.713ms
[183.652s][info][gc          ] Allocation Stall (Executor task launch worker for task 6.0 in stage 0.0 (TID 6)) 38.726ms
[183.652s][info][gc          ] Allocation Stall (Executor task launch worker for task 4.0 in stage 0.0 (TID 4)) 38.745ms
[183.652s][info][gc          ] Allocation Stall (Executor task launch worker for task 32.0 in stage 0.0 (TID 32)) 38.783ms
[183.652s][info][gc          ] Allocation Stall (Executor task launch worker for task 12.0 in stage 0.0 (TID 12)) 31.945ms
[183.652s][info][gc          ] Allocation Stall (Executor task launch worker for task 44.0 in stage 0.0 (TID 44)) 31.996ms
[183.672s][info][gc,phases   ] GC(61) Concurrent Select Relocation Set 25.377ms
[183.672s][info][gc,phases   ] GC(61) Pause Relocate Start 0.006ms
[183.673s][info][gc          ] Allocation Stall (Executor task launch worker for task 27.0 in stage 0.0 (TID 27)) 2.754ms
[183.673s][info][gc          ] Allocation Stall (Executor task launch worker for task 38.0 in stage 0.0 (TID 38)) 2.818ms
[183.673s][info][gc          ] Allocation Stall (Executor task launch worker for task 30.0 in stage 0.0 (TID 30)) 2.704ms
[183.673s][info][gc          ] Relocation Stall (Executor task launch worker for task 14.0 in stage 0.0 (TID 14)) 0.199ms
[183.673s][info][gc          ] Relocation Stall (Executor task launch worker for task 39.0 in stage 0.0 (TID 39)) 0.293ms
[183.673s][info][gc          ] Relocation Stall (Executor task launch worker for task 36.0 in stage 0.0 (TID 36)) 0.143ms
[183.673s][info][gc          ] Relocation Stall (Executor task launch worker for task 37.0 in stage 0.0 (TID 37)) 0.239ms
[183.673s][info][gc          ] Relocation Stall (Executor task launch worker for task 29.0 in stage 0.0 (TID 29)) 0.294ms
[183.673s][info][gc          ] Relocation Stall (Executor task launch worker for task 18.0 in stage 0.0 (TID 18)) 0.297ms
[183.673s][info][gc          ] Relocation Stall (Executor task launch worker for task 46.0 in stage 0.0 (TID 46)) 0.186ms
[183.673s][info][gc          ] Relocation Stall (Executor task launch worker for task 40.0 in stage 0.0 (TID 40)) 0.291ms
[183.673s][info][gc          ] Relocation Stall (Executor task launch worker for task 2.0 in stage 0.0 (TID 2)) 0.290ms
[183.673s][info][gc          ] Relocation Stall (Executor task launch worker for task 21.0 in stage 0.0 (TID 21)) 0.296ms
[183.673s][info][gc          ] Relocation Stall (Executor task launch worker for task 7.0 in stage 0.0 (TID 7)) 0.298ms
[183.673s][info][gc          ] Relocation Stall (Executor task launch worker for task 28.0 in stage 0.0 (TID 28)) 0.160ms
[183.673s][info][gc          ] Relocation Stall (Executor task launch worker for task 26.0 in stage 0.0 (TID 26)) 0.298ms
[183.673s][info][gc          ] Allocation Stall (Executor task launch worker for task 9.0 in stage 0.0 (TID 9)) 2.710ms
[183.673s][info][gc          ] Allocation Stall (Executor task launch worker for task 45.0 in stage 0.0 (TID 45)) 2.692ms
[183.673s][info][gc          ] Allocation Stall (Executor task launch worker for task 6.0 in stage 0.0 (TID 6)) 2.680ms
[183.673s][info][gc          ] Allocation Stall (Executor task launch worker for task 14.0 in stage 0.0 (TID 14)) 3.567ms
[183.673s][info][gc          ] Allocation Stall (Executor task launch worker for task 22.0 in stage 0.0 (TID 22)) 2.674ms
[183.673s][info][gc          ] Allocation Stall (Executor task launch worker for task 36.0 in stage 0.0 (TID 36)) 3.266ms
[183.673s][info][gc          ] Allocation Stall (Executor task launch worker for task 4.0 in stage 0.0 (TID 4)) 2.643ms
[183.673s][info][gc          ] Allocation Stall (Executor task launch worker for task 37.0 in stage 0.0 (TID 37)) 3.651ms
[183.673s][info][gc          ] Allocation Stall (Executor task launch worker for task 8.0 in stage 0.0 (TID 8)) 2.679ms
[183.673s][info][gc          ] Allocation Stall (Executor task launch worker for task 46.0 in stage 0.0 (TID 46)) 3.659ms
[183.673s][info][gc          ] Allocation Stall (Executor task launch worker for task 28.0 in stage 0.0 (TID 28)) 3.720ms
[183.673s][info][gc          ] Allocation Stall (Executor task launch worker for task 32.0 in stage 0.0 (TID 32)) 2.918ms
[183.673s][info][gc          ] Allocation Stall (Executor task launch worker for task 41.0 in stage 0.0 (TID 41)) 2.934ms
[183.673s][info][gc          ] Allocation Stall (Executor task launch worker for task 43.0 in stage 0.0 (TID 43)) 2.940ms
[183.673s][info][gc          ] Allocation Stall (Executor task launch worker for task 42.0 in stage 0.0 (TID 42)) 2.938ms
[183.673s][info][gc          ] Allocation Stall (Executor task launch worker for task 3.0 in stage 0.0 (TID 3)) 2.863ms
[183.673s][info][gc          ] Allocation Stall (Executor task launch worker for task 34.0 in stage 0.0 (TID 34)) 2.851ms
[183.673s][info][gc          ] Allocation Stall (Executor task launch worker for task 23.0 in stage 0.0 (TID 23)) 2.901ms
[183.673s][info][gc          ] Allocation Stall (Executor task launch worker for task 19.0 in stage 0.0 (TID 19)) 2.860ms
[183.673s][info][gc          ] Allocation Stall (Executor task launch worker for task 16.0 in stage 0.0 (TID 16)) 2.920ms
[183.673s][info][gc          ] Allocation Stall (Executor task launch worker for task 17.0 in stage 0.0 (TID 17)) 2.857ms
[183.674s][info][gc          ] Allocation Stall (Executor task launch worker for task 13.0 in stage 0.0 (TID 13)) 2.864ms
[183.674s][info][gc          ] Allocation Stall (Executor task launch worker for task 25.0 in stage 0.0 (TID 25)) 2.894ms
[183.674s][info][gc          ] Allocation Stall (Executor task launch worker for task 24.0 in stage 0.0 (TID 24)) 2.911ms
[183.674s][info][gc          ] Allocation Stall (Executor task launch worker for task 33.0 in stage 0.0 (TID 33)) 2.938ms
[183.674s][info][gc          ] Allocation Stall (Executor task launch worker for task 15.0 in stage 0.0 (TID 15)) 2.955ms
[183.674s][info][gc          ] Allocation Stall (Executor task launch worker for task 1.0 in stage 0.0 (TID 1)) 2.946ms
[183.674s][info][gc          ] Allocation Stall (Executor task launch worker for task 0.0 in stage 0.0 (TID 0)) 2.969ms
[183.674s][info][gc          ] Allocation Stall (Executor task launch worker for task 12.0 in stage 0.0 (TID 12)) 2.978ms
[183.674s][info][gc          ] Allocation Stall (Executor task launch worker for task 44.0 in stage 0.0 (TID 44)) 2.914ms
[183.674s][info][gc          ] Allocation Stall (Executor task launch worker for task 47.0 in stage 0.0 (TID 47)) 2.857ms
[183.674s][info][gc          ] Allocation Stall (Executor task launch worker for task 11.0 in stage 0.0 (TID 11)) 2.470ms
[183.674s][info][gc          ] Allocation Stall (Executor task launch worker for task 10.0 in stage 0.0 (TID 10)) 2.403ms
[183.674s][info][gc          ] Allocation Stall (Executor task launch worker for task 5.0 in stage 0.0 (TID 5)) 2.412ms
[183.674s][info][gc          ] Allocation Stall (Executor task launch worker for task 31.0 in stage 0.0 (TID 31)) 2.376ms
[183.674s][info][gc          ] Allocation Stall (Executor task launch worker for task 35.0 in stage 0.0 (TID 35)) 2.267ms
[183.676s][info][gc,phases   ] GC(61) Concurrent Relocate 3.315ms
[183.676s][info][gc          ] Allocation Stall (Executor task launch worker for task 20.0 in stage 0.0 (TID 20)) 3.545ms
[183.676s][info][gc,load     ] GC(61) Load: 0.00/0.00/0.00
[183.676s][info][gc,mmu      ] GC(61) MMU: 2ms/95.7%, 5ms/98.3%, 10ms/99.1%, 20ms/99.5%, 50ms/99.8%, 100ms/99.8%
[183.676s][info][gc,marking  ] GC(61) Mark: 4 stripe(s), 2 proactive flush(es), 1 terminate flush(es), 0 completion(s), 0 continuation(s) 
[183.676s][info][gc,marking  ] GC(61) Mark Stack Usage: 32M
[183.676s][info][gc,nmethod  ] GC(61) NMethods: 1402 registered, 30 unregistered
[183.676s][info][gc,metaspace] GC(61) Metaspace: 107M used, 116M committed, 1152M reserved
[183.676s][info][gc,ref      ] GC(61) Soft: 2800 encountered, 378 discovered, 0 enqueued
[183.676s][info][gc,ref      ] GC(61) Weak: 12975 encountered, 2191 discovered, 0 enqueued
[183.676s][info][gc,ref      ] GC(61) Final: 40 encountered, 0 discovered, 0 enqueued
[183.676s][info][gc,ref      ] GC(61) Phantom: 750 encountered, 597 discovered, 0 enqueued
[183.676s][info][gc,reloc    ] GC(61) Small Pages: 77 / 154M, Empty: 50M, Relocated: 3M, In-Place: 5
[183.676s][info][gc,reloc    ] GC(61) Medium Pages: 1 / 16M, Empty: 0M, Relocated: 0M, In-Place: 0
[183.676s][info][gc,reloc    ] GC(61) Large Pages: 51 / 340M, Empty: 0M, Relocated: 0M, In-Place: 0
[183.676s][info][gc,reloc    ] GC(61) Forwarding Usage: 1M
[183.676s][info][gc,heap     ] GC(61) Min Capacity: 8M(2%)
[183.676s][info][gc,heap     ] GC(61) Max Capacity: 512M(100%)
[183.676s][info][gc,heap     ] GC(61) Soft Max Capacity: 512M(100%)
[183.676s][info][gc,heap     ] GC(61)                Mark Start          Mark End        Relocate Start      Relocate End           High               Low         
[183.676s][info][gc,heap     ] GC(61)  Capacity:      512M (100%)        512M (100%)        512M (100%)        512M (100%)        512M (100%)        512M (100%)   
[183.676s][info][gc,heap     ] GC(61)      Free:        2M (0%)            0M (0%)            0M (0%)            0M (0%)           50M (10%)           0M (0%)     
[183.676s][info][gc,heap     ] GC(61)      Used:      510M (100%)        512M (100%)        512M (100%)        512M (100%)        512M (100%)        462M (90%)    
[183.676s][info][gc,heap     ] GC(61)      Live:         -               405M (79%)         405M (79%)         405M (79%)            -                  -          
[183.676s][info][gc,heap     ] GC(61) Allocated:         -                 2M (0%)           52M (10%)          80M (16%)            -                  -          
[183.676s][info][gc,heap     ] GC(61)   Garbage:         -               104M (20%)          54M (11%)          26M (5%)             -                  -          
[183.676s][info][gc,heap     ] GC(61) Reclaimed:         -                  -                50M (10%)          78M (15%)            -                  -          
[183.676s][info][gc          ] GC(61) Garbage Collection (Allocation Stall) 510M(100%)->512M(100%)
[183.676s][info][gc,start    ] GC(62) Garbage Collection (Allocation Stall)
[183.676s][info][gc,ref      ] GC(62) Clearing All SoftReferences
[183.676s][info][gc,task     ] GC(62) Using 5 workers
[183.676s][info][gc,ref      ] GC(62) Clearing All SoftReferences
[183.676s][info][gc,phases   ] GC(62) Pause Mark Start 0.028ms
[183.708s][info][gc,phases   ] GC(62) Concurrent Mark 31.785ms
[183.708s][info][gc,phases   ] GC(62) Pause Mark End 0.012ms
[183.708s][info][gc,phases   ] GC(62) Concurrent Mark Free 0.001ms
[183.709s][info][gc,phases   ] GC(62) Concurrent Process Non-Strong References 1.109ms
[183.709s][info][gc,phases   ] GC(62) Concurrent Reset Relocation Set 0.003ms
[183.713s][info][gc          ] Allocation Stall (Executor task launch worker for task 45.0 in stage 0.0 (TID 45)) 38.964ms
[183.713s][info][gc          ] Allocation Stall (Executor task launch worker for task 16.0 in stage 0.0 (TID 16)) 38.956ms
[183.713s][info][gc          ] Allocation Stall (Executor task launch worker for task 17.0 in stage 0.0 (TID 17)) 38.958ms
[183.713s][info][gc          ] Allocation Stall (Executor task launch worker for task 28.0 in stage 0.0 (TID 28)) 39.048ms
[183.713s][info][gc          ] Allocation Stall (Executor task launch worker for task 40.0 in stage 0.0 (TID 40)) 39.928ms
[183.713s][info][gc          ] Allocation Stall (Executor task launch worker for task 27.0 in stage 0.0 (TID 27)) 39.964ms
[183.713s][info][gc          ] Allocation Stall (Executor task launch worker for task 2.0 in stage 0.0 (TID 2)) 39.938ms
[183.713s][info][gc          ] Allocation Stall (Executor task launch worker for task 30.0 in stage 0.0 (TID 30)) 39.951ms
[183.713s][info][gc          ] Allocation Stall (Executor task launch worker for task 38.0 in stage 0.0 (TID 38)) 39.934ms
[183.713s][info][gc          ] Allocation Stall (Executor task launch worker for task 32.0 in stage 0.0 (TID 32)) 39.147ms
[183.713s][info][gc          ] Allocation Stall (Executor task launch worker for task 22.0 in stage 0.0 (TID 22)) 39.362ms
[183.713s][info][gc          ] Allocation Stall (Executor task launch worker for task 39.0 in stage 0.0 (TID 39)) 39.946ms
[183.713s][info][gc          ] Allocation Stall (Executor task launch worker for task 8.0 in stage 0.0 (TID 8)) 39.382ms
[183.713s][info][gc          ] Allocation Stall (Executor task launch worker for task 21.0 in stage 0.0 (TID 21)) 39.923ms
[183.713s][info][gc          ] Allocation Stall (Executor task launch worker for task 26.0 in stage 0.0 (TID 26)) 39.766ms
[183.713s][info][gc          ] Allocation Stall (Executor task launch worker for task 36.0 in stage 0.0 (TID 36)) 39.391ms
[183.713s][info][gc          ] Allocation Stall (Executor task launch worker for task 14.0 in stage 0.0 (TID 14)) 39.275ms
[183.713s][info][gc          ] Allocation Stall (Executor task launch worker for task 46.0 in stage 0.0 (TID 46)) 39.279ms
[183.713s][info][gc          ] Allocation Stall (Executor task launch worker for task 37.0 in stage 0.0 (TID 37)) 39.282ms
[183.713s][info][gc          ] Allocation Stall (Executor task launch worker for task 29.0 in stage 0.0 (TID 29)) 40.071ms
[183.713s][info][gc,phases   ] GC(62) Concurrent Select Relocation Set 3.774ms
[183.713s][info][gc          ] Allocation Stall (Executor task launch worker for task 6.0 in stage 0.0 (TID 6)) 39.269ms
[183.713s][info][gc          ] Allocation Stall (Executor task launch worker for task 3.0 in stage 0.0 (TID 3)) 39.258ms
[183.714s][info][gc          ] Allocation Stall (Executor task launch worker for task 42.0 in stage 0.0 (TID 42)) 39.203ms
[183.714s][info][gc          ] Allocation Stall (Executor task launch worker for task 23.0 in stage 0.0 (TID 23)) 39.209ms
[183.714s][info][gc          ] Allocation Stall (Executor task launch worker for task 41.0 in stage 0.0 (TID 41)) 39.245ms
[183.714s][info][gc          ] Allocation Stall (Executor task launch worker for task 9.0 in stage 0.0 (TID 9)) 39.280ms
[183.714s][info][gc          ] Allocation Stall (Executor task launch worker for task 7.0 in stage 0.0 (TID 7)) 39.376ms
[183.714s][info][gc          ] Allocation Stall (Executor task launch worker for task 43.0 in stage 0.0 (TID 43)) 39.462ms
[183.714s][info][gc          ] Allocation Stall (Executor task launch worker for task 34.0 in stage 0.0 (TID 34)) 39.417ms
[183.714s][info][gc          ] Allocation Stall (Executor task launch worker for task 0.0 in stage 0.0 (TID 0)) 39.478ms
[183.714s][info][gc          ] Allocation Stall (Executor task launch worker for task 24.0 in stage 0.0 (TID 24)) 39.501ms
[183.714s][info][gc          ] Allocation Stall (Executor task launch worker for task 33.0 in stage 0.0 (TID 33)) 39.506ms
[183.714s][info][gc          ] Allocation Stall (Executor task launch worker for task 44.0 in stage 0.0 (TID 44)) 39.514ms
[183.714s][info][gc          ] Allocation Stall (Executor task launch worker for task 15.0 in stage 0.0 (TID 15)) 39.520ms
[183.714s][info][gc          ] Allocation Stall (Executor task launch worker for task 13.0 in stage 0.0 (TID 13)) 39.505ms
[183.715s][info][gc,phases   ] GC(62) Pause Relocate Start 0.005ms
[183.715s][info][gc          ] Allocation Stall (Executor task launch worker for task 20.0 in stage 0.0 (TID 20)) 38.619ms
[183.715s][info][gc          ] Allocation Stall (Executor task launch worker for task 38.0 in stage 0.0 (TID 38)) 1.205ms
[183.715s][info][gc          ] Relocation Stall (Executor task launch worker for task 12.0 in stage 0.0 (TID 12)) 0.048ms
[183.715s][info][gc          ] Allocation Stall (Executor task launch worker for task 36.0 in stage 0.0 (TID 36)) 0.799ms
[183.715s][info][gc          ] Allocation Stall (Executor task launch worker for task 8.0 in stage 0.0 (TID 8)) 0.815ms
[183.715s][info][gc          ] Allocation Stall (Executor task launch worker for task 40.0 in stage 0.0 (TID 40)) 0.161ms
[183.715s][info][gc          ] Relocation Stall (Executor task launch worker for task 6.0 in stage 0.0 (TID 6)) 0.200ms
[183.715s][info][gc          ] Allocation Stall (Executor task launch worker for task 45.0 in stage 0.0 (TID 45)) 0.203ms
[183.715s][info][gc          ] Relocation Stall (Executor task launch worker for task 3.0 in stage 0.0 (TID 3)) 0.209ms
[183.715s][info][gc          ] Relocation Stall (Executor task launch worker for task 0.0 in stage 0.0 (TID 0)) 0.200ms
[183.715s][info][gc          ] Relocation Stall (Executor task launch worker for task 44.0 in stage 0.0 (TID 44)) 0.175ms
[183.715s][info][gc          ] Relocation Stall (Executor task launch worker for task 23.0 in stage 0.0 (TID 23)) 0.199ms
[183.715s][info][gc          ] Allocation Stall (Executor task launch worker for task 30.0 in stage 0.0 (TID 30)) 0.146ms
[183.715s][info][gc          ] Relocation Stall (Executor task launch worker for task 43.0 in stage 0.0 (TID 43)) 0.197ms
[183.715s][info][gc          ] Relocation Stall (Executor task launch worker for task 16.0 in stage 0.0 (TID 16)) 0.171ms
[183.715s][info][gc          ] Relocation Stall (Executor task launch worker for task 28.0 in stage 0.0 (TID 28)) 0.214ms
[183.715s][info][gc          ] Allocation Stall (Executor task launch worker for task 12.0 in stage 0.0 (TID 12)) 40.369ms
[183.715s][info][gc          ] Relocation Stall (Executor task launch worker for task 29.0 in stage 0.0 (TID 29)) 0.313ms
[183.715s][info][gc          ] Relocation Stall (Executor task launch worker for task 37.0 in stage 0.0 (TID 37)) 0.269ms
[183.715s][info][gc          ] Relocation Stall (Executor task launch worker for task 22.0 in stage 0.0 (TID 22)) 0.304ms
[183.715s][info][gc          ] Relocation Stall (Executor task launch worker for task 24.0 in stage 0.0 (TID 24)) 0.337ms
[183.715s][info][gc          ] Relocation Stall (Executor task launch worker for task 33.0 in stage 0.0 (TID 33)) 0.332ms
[183.715s][info][gc          ] Relocation Stall (Executor task launch worker for task 10.0 in stage 0.0 (TID 10)) 0.334ms
[183.715s][info][gc          ] Relocation Stall (Executor task launch worker for task 34.0 in stage 0.0 (TID 34)) 0.358ms
[183.715s][info][gc          ] Relocation Stall (Executor task launch worker for task 41.0 in stage 0.0 (TID 41)) 0.423ms
[183.715s][info][gc          ] Relocation Stall (Executor task launch worker for task 9.0 in stage 0.0 (TID 9)) 0.447ms
[183.715s][info][gc          ] Relocation Stall (Executor task launch worker for task 42.0 in stage 0.0 (TID 42)) 0.457ms
[183.715s][info][gc          ] Relocation Stall (Executor task launch worker for task 7.0 in stage 0.0 (TID 7)) 0.442ms
[183.715s][info][gc          ] Relocation Stall (Executor task launch worker for task 25.0 in stage 0.0 (TID 25)) 0.469ms
[183.715s][info][gc          ] Relocation Stall (Executor task launch worker for task 15.0 in stage 0.0 (TID 15)) 0.481ms
[183.715s][info][gc          ] Relocation Stall (Executor task launch worker for task 31.0 in stage 0.0 (TID 31)) 0.481ms
[183.715s][info][gc          ] Relocation Stall (Executor task launch worker for task 5.0 in stage 0.0 (TID 5)) 0.503ms
[183.716s][info][gc          ] Relocation Stall (Executor task launch worker for task 4.0 in stage 0.0 (TID 4)) 0.750ms
[183.716s][info][gc          ] Relocation Stall (Executor task launch worker for task 1.0 in stage 0.0 (TID 1)) 0.686ms
[183.716s][info][gc          ] Relocation Stall (Executor task launch worker for task 35.0 in stage 0.0 (TID 35)) 0.763ms
[183.716s][info][gc          ] Relocation Stall (Executor task launch worker for task 18.0 in stage 0.0 (TID 18)) 0.760ms
[183.716s][info][gc          ] Relocation Stall (Executor task launch worker for task 47.0 in stage 0.0 (TID 47)) 0.786ms
[183.716s][info][gc          ] Relocation Stall (Executor task launch worker for task 13.0 in stage 0.0 (TID 13)) 0.749ms
[183.716s][info][gc          ] Relocation Stall (Executor task launch worker for task 19.0 in stage 0.0 (TID 19)) 0.774ms
[183.716s][info][gc          ] Allocation Stall (Executor task launch worker for task 10.0 in stage 0.0 (TID 10)) 40.791ms
[183.717s][info][gc          ] Allocation Stall (Executor task launch worker for task 25.0 in stage 0.0 (TID 25)) 41.797ms
[183.717s][info][gc          ] Allocation Stall (Executor task launch worker for task 31.0 in stage 0.0 (TID 31)) 41.990ms
[183.717s][info][gc          ] Allocation Stall (Executor task launch worker for task 5.0 in stage 0.0 (TID 5)) 41.995ms
[183.717s][info][gc          ] Allocation Stall (Executor task launch worker for task 4.0 in stage 0.0 (TID 4)) 42.032ms
[183.717s][info][gc          ] Allocation Stall (Executor task launch worker for task 1.0 in stage 0.0 (TID 1)) 41.408ms
[183.717s][info][gc          ] Allocation Stall (Executor task launch worker for task 35.0 in stage 0.0 (TID 35)) 42.062ms
[183.717s][info][gc          ] Allocation Stall (Executor task launch worker for task 18.0 in stage 0.0 (TID 18)) 42.153ms
[183.717s][info][gc          ] Allocation Stall (Executor task launch worker for task 47.0 in stage 0.0 (TID 47)) 42.115ms
[183.717s][info][gc          ] Allocation Stall (Executor task launch worker for task 19.0 in stage 0.0 (TID 19)) 42.052ms
[183.717s][info][gc          ] Relocation Stall (Executor task launch worker for task 14.0 in stage 0.0 (TID 14)) 2.254ms
[183.719s][info][gc          ] Relocation Stall (Executor task launch worker for task 11.0 in stage 0.0 (TID 11)) 3.772ms
[183.719s][info][gc          ] Relocation Stall (Executor task launch worker for task 17.0 in stage 0.0 (TID 17)) 3.793ms
[183.719s][info][gc          ] Relocation Stall (Executor task launch worker for task 26.0 in stage 0.0 (TID 26)) 3.811ms
[183.719s][info][gc          ] Allocation Stall (Executor task launch worker for task 11.0 in stage 0.0 (TID 11)) 43.966ms
[183.731s][info][gc          ] Allocation Stall (Executor task launch worker for task 9.0 in stage 0.0 (TID 9)) 4.869ms
[183.731s][info][gc          ] Allocation Stall (Executor task launch worker for task 20.0 in stage 0.0 (TID 20)) 5.174ms
[183.731s][info][gc          ] Allocation Stall (Executor task launch worker for task 22.0 in stage 0.0 (TID 22)) 5.336ms
[183.731s][info][gc          ] Allocation Stall (Executor task launch worker for task 29.0 in stage 0.0 (TID 29)) 5.536ms
[183.731s][info][gc          ] Allocation Stall (Executor task launch worker for task 30.0 in stage 0.0 (TID 30)) 5.537ms
[183.731s][info][gc          ] Allocation Stall (Executor task launch worker for task 43.0 in stage 0.0 (TID 43)) 5.284ms
[183.731s][info][gc          ] Allocation Stall (Executor task launch worker for task 40.0 in stage 0.0 (TID 40)) 5.386ms
[183.731s][info][gc          ] Allocation Stall (Executor task launch worker for task 24.0 in stage 0.0 (TID 24)) 4.765ms
[183.732s][info][gc          ] Allocation Stall (Executor task launch worker for task 26.0 in stage 0.0 (TID 26)) 5.477ms
[183.732s][info][gc          ] Allocation Stall (Executor task launch worker for task 45.0 in stage 0.0 (TID 45)) 5.454ms
[183.732s][info][gc          ] Allocation Stall (Executor task launch worker for task 21.0 in stage 0.0 (TID 21)) 5.463ms
[183.732s][info][gc          ] Allocation Stall (Executor task launch worker for task 3.0 in stage 0.0 (TID 3)) 5.448ms
[183.732s][info][gc          ] Allocation Stall (Executor task launch worker for task 28.0 in stage 0.0 (TID 28)) 5.155ms
[183.732s][info][gc          ] Allocation Stall (Executor task launch worker for task 12.0 in stage 0.0 (TID 12)) 5.097ms
[183.732s][info][gc          ] Allocation Stall (Executor task launch worker for task 14.0 in stage 0.0 (TID 14)) 5.118ms
[183.732s][info][gc          ] Allocation Stall (Executor task launch worker for task 42.0 in stage 0.0 (TID 42)) 4.786ms
[183.733s][info][gc          ] Allocation Stall (Executor task launch worker for task 8.0 in stage 0.0 (TID 8)) 4.849ms
[183.733s][info][gc          ] Allocation Stall (Executor task launch worker for task 6.0 in stage 0.0 (TID 6)) 4.743ms
[183.733s][info][gc          ] Allocation Stall (Executor task launch worker for task 32.0 in stage 0.0 (TID 32)) 4.764ms
[183.733s][info][gc          ] Allocation Stall (Executor task launch worker for task 36.0 in stage 0.0 (TID 36)) 4.783ms
[183.733s][info][gc          ] Allocation Stall (Executor task launch worker for task 15.0 in stage 0.0 (TID 15)) 4.814ms
[183.733s][info][gc          ] Allocation Stall (Executor task launch worker for task 39.0 in stage 0.0 (TID 39)) 4.786ms
[183.733s][info][gc          ] Allocation Stall (Executor task launch worker for task 11.0 in stage 0.0 (TID 11)) 4.022ms
[183.733s][info][gc          ] Allocation Stall (Executor task launch worker for task 47.0 in stage 0.0 (TID 47)) 3.924ms
[183.733s][info][gc          ] Allocation Stall (Executor task launch worker for task 7.0 in stage 0.0 (TID 7)) 3.903ms
[183.733s][info][gc          ] Allocation Stall (Executor task launch worker for task 41.0 in stage 0.0 (TID 41)) 3.919ms
[183.733s][info][gc          ] Allocation Stall (Executor task launch worker for task 19.0 in stage 0.0 (TID 19)) 3.842ms
[183.733s][info][gc          ] Allocation Stall (Executor task launch worker for task 34.0 in stage 0.0 (TID 34)) 3.840ms
[183.733s][info][gc          ] Allocation Stall (Executor task launch worker for task 18.0 in stage 0.0 (TID 18)) 3.638ms
[183.733s][info][gc          ] Allocation Stall (Executor task launch worker for task 17.0 in stage 0.0 (TID 17)) 3.661ms
[183.733s][info][gc          ] Allocation Stall (Executor task launch worker for task 37.0 in stage 0.0 (TID 37)) 3.645ms
[183.733s][info][gc          ] Allocation Stall (Executor task launch worker for task 10.0 in stage 0.0 (TID 10)) 3.279ms
[183.733s][info][gc          ] Allocation Stall (Executor task launch worker for task 31.0 in stage 0.0 (TID 31)) 3.298ms
[183.733s][info][gc          ] Allocation Stall (Executor task launch worker for task 13.0 in stage 0.0 (TID 13)) 3.346ms
[183.734s][info][gc          ] Allocation Stall (Executor task launch worker for task 4.0 in stage 0.0 (TID 4)) 3.454ms
[183.734s][info][gc          ] Allocation Stall (Executor task launch worker for task 25.0 in stage 0.0 (TID 25)) 3.347ms
[183.734s][info][gc          ] Allocation Stall (Executor task launch worker for task 35.0 in stage 0.0 (TID 35)) 3.412ms
[183.734s][info][gc          ] Allocation Stall (Executor task launch worker for task 1.0 in stage 0.0 (TID 1)) 3.361ms
[183.734s][info][gc          ] Allocation Stall (Executor task launch worker for task 44.0 in stage 0.0 (TID 44)) 3.376ms
[183.734s][info][gc          ] Allocation Stall (Executor task launch worker for task 0.0 in stage 0.0 (TID 0)) 3.266ms
[183.746s][info][gc          ] Relocation Stall (Executor task launch worker for task 23.0 in stage 0.0 (TID 23)) 30.063ms
[183.746s][info][gc          ] Relocation Stall (Executor task launch worker for task 5.0 in stage 0.0 (TID 5)) 22.790ms
[183.746s][info][gc          ] Relocation Stall (Executor task launch worker for task 46.0 in stage 0.0 (TID 46)) 30.340ms
[183.746s][info][gc          ] Relocation Stall (Executor task launch worker for task 33.0 in stage 0.0 (TID 33)) 29.432ms
[183.746s][info][gc          ] Relocation Stall (Executor task launch worker for task 2.0 in stage 0.0 (TID 2)) 30.011ms
[183.746s][info][gc          ] Allocation Stall (Executor task launch worker for task 34.0 in stage 0.0 (TID 34)) 4.125ms
[183.746s][info][gc          ] Allocation Stall (Executor task launch worker for task 19.0 in stage 0.0 (TID 19)) 3.537ms
[183.746s][info][gc          ] Allocation Stall (Executor task launch worker for task 28.0 in stage 0.0 (TID 28)) 3.906ms
[183.746s][info][gc          ] Allocation Stall (Executor task launch worker for task 22.0 in stage 0.0 (TID 22)) 3.388ms
[183.746s][info][gc          ] Allocation Stall (Executor task launch worker for task 29.0 in stage 0.0 (TID 29)) 3.569ms
[183.746s][info][gc          ] Allocation Stall (Executor task launch worker for task 4.0 in stage 0.0 (TID 4)) 4.106ms
[183.746s][info][gc          ] Allocation Stall (Executor task launch worker for task 6.0 in stage 0.0 (TID 6)) 3.380ms
[183.746s][info][gc          ] Allocation Stall (Executor task launch worker for task 42.0 in stage 0.0 (TID 42)) 4.022ms
[183.746s][info][gc,phases   ] GC(62) Concurrent Relocate 30.822ms
[183.746s][info][gc,load     ] GC(62) Load: 0.00/0.00/0.00
[183.746s][info][gc          ] Allocation Stall (Executor task launch worker for task 11.0 in stage 0.0 (TID 11)) 3.507ms
[183.746s][info][gc,mmu      ] GC(62) MMU: 2ms/95.7%, 5ms/98.3%, 10ms/99.1%, 20ms/99.5%, 50ms/99.8%, 100ms/99.8%
[183.746s][info][gc          ] Allocation Stall (Executor task launch worker for task 0.0 in stage 0.0 (TID 0)) 3.514ms
[183.746s][info][gc,marking  ] GC(62) Mark: 4 stripe(s), 2 proactive flush(es), 1 terminate flush(es), 0 completion(s), 0 continuation(s) 
[183.746s][info][gc,marking  ] GC(62) Mark Stack Usage: 32M
[183.746s][info][gc          ] Allocation Stall (Executor task launch worker for task 1.0 in stage 0.0 (TID 1)) 3.452ms
[183.746s][info][gc,nmethod  ] GC(62) NMethods: 1403 registered, 30 unregistered
[183.746s][info][gc          ] Allocation Stall (Executor task launch worker for task 31.0 in stage 0.0 (TID 31)) 3.506ms
[183.746s][info][gc,metaspace] GC(62) Metaspace: 107M used, 116M committed, 1152M reserved
[183.746s][info][gc          ] Allocation Stall (Executor task launch worker for task 16.0 in stage 0.0 (TID 16)) 3.499ms
[183.746s][info][gc,ref      ] GC(62) Soft: 2800 encountered, 1992 discovered, 0 enqueued
[183.746s][info][gc          ] Allocation Stall (Executor task launch worker for task 10.0 in stage 0.0 (TID 10)) 3.490ms
[183.746s][info][gc,ref      ] GC(62) Weak: 12975 encountered, 2309 discovered, 2 enqueued
[183.746s][info][gc          ] Allocation Stall (Executor task launch worker for task 7.0 in stage 0.0 (TID 7)) 3.439ms
[183.746s][info][gc,ref      ] GC(62) Final: 40 encountered, 0 discovered, 0 enqueued
[183.747s][info][gc,ref      ] GC(62) Phantom: 750 encountered, 584 discovered, 0 enqueued
[183.747s][info][gc,reloc    ] GC(62) Small Pages: 70 / 140M, Empty: 32M, Relocated: 3M, In-Place: 4
[183.747s][info][gc,reloc    ] GC(62) Medium Pages: 2 / 32M, Empty: 0M, Relocated: 8M, In-Place: 1
[183.747s][info][gc,reloc    ] GC(62) Large Pages: 51 / 340M, Empty: 8M, Relocated: 0M, In-Place: 0
[183.747s][info][gc,reloc    ] GC(62) Forwarding Usage: 0M
[183.747s][info][gc,heap     ] GC(62) Min Capacity: 8M(2%)
[183.747s][info][gc,heap     ] GC(62) Max Capacity: 512M(100%)
[183.747s][info][gc,heap     ] GC(62) Soft Max Capacity: 512M(100%)
[183.747s][info][gc,heap     ] GC(62)                Mark Start          Mark End        Relocate Start      Relocate End           High               Low         
[183.747s][info][gc,heap     ] GC(62)  Capacity:      512M (100%)        512M (100%)        512M (100%)        512M (100%)        512M (100%)        512M (100%)   
[183.747s][info][gc,heap     ] GC(62)      Free:        0M (0%)            0M (0%)            0M (0%)            0M (0%)           40M (8%)            0M (0%)     
[183.747s][info][gc,heap     ] GC(62)      Used:      512M (100%)        512M (100%)        512M (100%)        512M (100%)        512M (100%)        472M (92%)    
[183.747s][info][gc,heap     ] GC(62)      Live:         -               399M (78%)         399M (78%)         399M (78%)            -                  -          
[183.747s][info][gc,heap     ] GC(62) Allocated:         -                 0M (0%)           40M (8%)           89M (17%)            -                  -          
[183.747s][info][gc,heap     ] GC(62)   Garbage:         -               112M (22%)          72M (14%)          23M (5%)             -                  -          
[183.747s][info][gc,heap     ] GC(62) Reclaimed:         -                  -                40M (8%)           89M (17%)            -                  -          
[183.747s][info][gc          ] GC(62) Garbage Collection (Allocation Stall) 512M(100%)->512M(100%)
[183.747s][info][gc,start    ] GC(63) Garbage Collection (Allocation Stall)
[183.747s][info][gc,ref      ] GC(63) Clearing All SoftReferences
[183.747s][info][gc          ] Allocation Stall (Executor task launch worker for task 37.0 in stage 0.0 (TID 37)) 3.906ms
[183.747s][info][gc,task     ] GC(63) Using 5 workers
[183.747s][info][gc          ] Allocation Stall (Executor task launch worker for task 36.0 in stage 0.0 (TID 36)) 3.939ms
[183.748s][info][gc,ref      ] GC(63) Clearing All SoftReferences
[183.748s][info][gc,phases   ] GC(63) Pause Mark Start 0.032ms
[183.748s][info][gc          ] Allocation Stall (Executor task launch worker for task 44.0 in stage 0.0 (TID 44)) 4.391ms
[183.748s][info][gc          ] Allocation Stall (Executor task launch worker for task 20.0 in stage 0.0 (TID 20)) 4.518ms
[183.748s][info][gc          ] Allocation Stall (Executor task launch worker for task 35.0 in stage 0.0 (TID 35)) 4.247ms
[183.748s][info][gc          ] Allocation Stall (Executor task launch worker for task 13.0 in stage 0.0 (TID 13)) 4.242ms
[183.748s][info][gc          ] Allocation Stall (Executor task launch worker for task 17.0 in stage 0.0 (TID 17)) 4.247ms
[183.748s][info][gc          ] Allocation Stall (Executor task launch worker for task 41.0 in stage 0.0 (TID 41)) 4.358ms
[183.748s][info][gc          ] Allocation Stall (Executor task launch worker for task 25.0 in stage 0.0 (TID 25)) 4.294ms
[183.748s][info][gc          ] Allocation Stall (Executor task launch worker for task 47.0 in stage 0.0 (TID 47)) 4.328ms
[183.748s][info][gc          ] Allocation Stall (Executor task launch worker for task 39.0 in stage 0.0 (TID 39)) 4.353ms
[183.748s][info][gc          ] Allocation Stall (Executor task launch worker for task 15.0 in stage 0.0 (TID 15)) 4.264ms
[183.748s][info][gc          ] Allocation Stall (Executor task launch worker for task 24.0 in stage 0.0 (TID 24)) 4.033ms
[183.748s][info][gc          ] Allocation Stall (Executor task launch worker for task 43.0 in stage 0.0 (TID 43)) 4.072ms
[183.748s][info][gc          ] Allocation Stall (Executor task launch worker for task 18.0 in stage 0.0 (TID 18)) 4.013ms
[183.748s][info][gc          ] Allocation Stall (Executor task launch worker for task 14.0 in stage 0.0 (TID 14)) 3.942ms
[183.748s][info][gc          ] Allocation Stall (Executor task launch worker for task 27.0 in stage 0.0 (TID 27)) 3.975ms
[183.748s][info][gc          ] Allocation Stall (Executor task launch worker for task 3.0 in stage 0.0 (TID 3)) 3.996ms
[183.748s][info][gc          ] Allocation Stall (Executor task launch worker for task 12.0 in stage 0.0 (TID 12)) 4.023ms
[183.748s][info][gc          ] Allocation Stall (Executor task launch worker for task 32.0 in stage 0.0 (TID 32)) 3.977ms
[183.748s][info][gc          ] Allocation Stall (Executor task launch worker for task 26.0 in stage 0.0 (TID 26)) 3.990ms
[183.748s][info][gc          ] Allocation Stall (Executor task launch worker for task 30.0 in stage 0.0 (TID 30)) 4.047ms
[183.748s][info][gc          ] Allocation Stall (Executor task launch worker for task 40.0 in stage 0.0 (TID 40)) 4.114ms
[183.749s][info][gc          ] Allocation Stall (Executor task launch worker for task 8.0 in stage 0.0 (TID 8)) 4.173ms
[183.749s][info][gc          ] Allocation Stall (Executor task launch worker for task 21.0 in stage 0.0 (TID 21)) 4.052ms
[183.749s][info][gc          ] Allocation Stall (Executor task launch worker for task 9.0 in stage 0.0 (TID 9)) 4.050ms
[183.749s][info][gc          ] Allocation Stall (Executor task launch worker for task 45.0 in stage 0.0 (TID 45)) 4.085ms
[183.749s][info][gc          ] Allocation Stall (Executor task launch worker for task 2.0 in stage 0.0 (TID 2)) 2.935ms
[183.786s][info][gc,phases   ] GC(63) Concurrent Mark 38.466ms
[183.786s][info][gc,phases   ] GC(63) Pause Mark End 0.011ms
[183.786s][info][gc,phases   ] GC(63) Concurrent Mark Free 0.001ms
[183.787s][info][gc,phases   ] GC(63) Concurrent Process Non-Strong References 1.099ms
[183.787s][info][gc,phases   ] GC(63) Concurrent Reset Relocation Set 0.005ms
[183.791s][info][gc          ] Allocation Stall (Executor task launch worker for task 37.0 in stage 0.0 (TID 37)) 42.861ms
[183.791s][info][gc          ] Allocation Stall (Executor task launch worker for task 46.0 in stage 0.0 (TID 46)) 44.662ms
[183.791s][info][gc          ] Allocation Stall (Executor task launch worker for task 6.0 in stage 0.0 (TID 6)) 42.888ms
[183.791s][info][gc          ] Allocation Stall (Executor task launch worker for task 7.0 in stage 0.0 (TID 7)) 42.915ms
[183.791s][info][gc          ] Allocation Stall (Executor task launch worker for task 33.0 in stage 0.0 (TID 33)) 44.621ms
[183.791s][info][gc          ] Allocation Stall (Executor task launch worker for task 5.0 in stage 0.0 (TID 5)) 44.549ms
[183.791s][info][gc          ] Allocation Stall (Executor task launch worker for task 42.0 in stage 0.0 (TID 42)) 42.890ms
[183.791s][info][gc          ] Allocation Stall (Executor task launch worker for task 16.0 in stage 0.0 (TID 16)) 42.867ms
[183.791s][info][gc          ] Allocation Stall (Executor task launch worker for task 11.0 in stage 0.0 (TID 11)) 42.930ms
[183.791s][info][gc,phases   ] GC(63) Concurrent Select Relocation Set 3.232ms
[183.791s][info][gc          ] Allocation Stall (Executor task launch worker for task 10.0 in stage 0.0 (TID 10)) 42.988ms
[183.791s][info][gc          ] Allocation Stall (Executor task launch worker for task 34.0 in stage 0.0 (TID 34)) 43.052ms
[183.791s][info][gc          ] Allocation Stall (Executor task launch worker for task 4.0 in stage 0.0 (TID 4)) 43.109ms
[183.791s][info][gc          ] Allocation Stall (Executor task launch worker for task 36.0 in stage 0.0 (TID 36)) 43.157ms
[183.791s][info][gc          ] Allocation Stall (Executor task launch worker for task 25.0 in stage 0.0 (TID 25)) 37.828ms
[183.791s][info][gc          ] Allocation Stall (Executor task launch worker for task 47.0 in stage 0.0 (TID 47)) 37.682ms
[183.791s][info][gc,phases   ] GC(63) Pause Relocate Start 0.004ms
[183.791s][info][gc          ] Allocation Stall (Executor task launch worker for task 0.0 in stage 0.0 (TID 0)) 37.831ms
[183.791s][info][gc          ] Allocation Stall (Executor task launch worker for task 24.0 in stage 0.0 (TID 24)) 37.735ms
[183.791s][info][gc          ] Allocation Stall (Executor task launch worker for task 35.0 in stage 0.0 (TID 35)) 37.727ms
[183.791s][info][gc          ] Allocation Stall (Executor task launch worker for task 40.0 in stage 0.0 (TID 40)) 37.778ms
[183.791s][info][gc          ] Allocation Stall (Executor task launch worker for task 31.0 in stage 0.0 (TID 31)) 37.853ms
[183.791s][info][gc          ] Allocation Stall (Executor task launch worker for task 28.0 in stage 0.0 (TID 28)) 37.676ms
[183.791s][info][gc          ] Allocation Stall (Executor task launch worker for task 26.0 in stage 0.0 (TID 26)) 37.546ms
[183.791s][info][gc          ] Allocation Stall (Executor task launch worker for task 22.0 in stage 0.0 (TID 22)) 37.578ms
[183.791s][info][gc          ] Allocation Stall (Executor task launch worker for task 20.0 in stage 0.0 (TID 20)) 37.545ms
[183.791s][info][gc          ] Allocation Stall (Executor task launch worker for task 43.0 in stage 0.0 (TID 43)) 37.531ms
[183.791s][info][gc          ] Allocation Stall (Executor task launch worker for task 39.0 in stage 0.0 (TID 39)) 37.410ms
[183.791s][info][gc          ] Allocation Stall (Executor task launch worker for task 29.0 in stage 0.0 (TID 29)) 37.403ms
[183.792s][info][gc          ] Allocation Stall (Executor task launch worker for task 32.0 in stage 0.0 (TID 32)) 37.393ms
[183.792s][info][gc          ] Allocation Stall (Executor task launch worker for task 30.0 in stage 0.0 (TID 30)) 37.397ms
[183.792s][info][gc          ] Allocation Stall (Executor task launch worker for task 19.0 in stage 0.0 (TID 19)) 37.335ms
[183.792s][info][gc          ] Allocation Stall (Executor task launch worker for task 18.0 in stage 0.0 (TID 18)) 37.225ms
[183.792s][info][gc          ] Allocation Stall (Executor task launch worker for task 8.0 in stage 0.0 (TID 8)) 37.232ms
[183.792s][info][gc          ] Allocation Stall (Executor task launch worker for task 9.0 in stage 0.0 (TID 9)) 37.208ms
[183.792s][info][gc          ] Allocation Stall (Executor task launch worker for task 15.0 in stage 0.0 (TID 15)) 37.213ms
[183.792s][info][gc          ] Allocation Stall (Executor task launch worker for task 41.0 in stage 0.0 (TID 41)) 37.195ms
[183.792s][info][gc          ] Allocation Stall (Executor task launch worker for task 17.0 in stage 0.0 (TID 17)) 37.227ms
[183.792s][info][gc          ] Allocation Stall (Executor task launch worker for task 1.0 in stage 0.0 (TID 1)) 37.243ms
[183.792s][info][gc          ] Allocation Stall (Executor task launch worker for task 3.0 in stage 0.0 (TID 3)) 37.158ms
[183.792s][info][gc          ] Allocation Stall (Executor task launch worker for task 14.0 in stage 0.0 (TID 14)) 37.215ms
[183.792s][info][gc          ] Allocation Stall (Executor task launch worker for task 27.0 in stage 0.0 (TID 27)) 37.232ms
[183.792s][info][gc          ] Allocation Stall (Executor task launch worker for task 2.0 in stage 0.0 (TID 2)) 37.247ms
[183.792s][info][gc          ] Allocation Stall (Executor task launch worker for task 12.0 in stage 0.0 (TID 12)) 37.145ms
[183.792s][info][gc          ] Allocation Stall (Executor task launch worker for task 45.0 in stage 0.0 (TID 45)) 37.146ms
[183.792s][info][gc          ] Allocation Stall (Executor task launch worker for task 23.0 in stage 0.0 (TID 23)) 37.072ms
[183.792s][info][gc          ] Allocation Stall (Executor task launch worker for task 44.0 in stage 0.0 (TID 44)) 37.087ms
[183.792s][info][gc          ] Allocation Stall (Executor task launch worker for task 21.0 in stage 0.0 (TID 21)) 37.272ms
[183.792s][info][gc          ] Allocation Stall (Executor task launch worker for task 13.0 in stage 0.0 (TID 13)) 37.255ms
[183.792s][info][gc          ] Allocation Stall (Executor task launch worker for task 38.0 in stage 0.0 (TID 38)) 35.506ms
[183.792s][info][gc          ] Allocation Stall (Executor task launch worker for task 11.0 in stage 0.0 (TID 11)) 0.219ms
[183.792s][info][gc          ] Allocation Stall (Executor task launch worker for task 34.0 in stage 0.0 (TID 34)) 0.223ms
[183.792s][info][gc          ] Allocation Stall (Executor task launch worker for task 43.0 in stage 0.0 (TID 43)) 0.107ms
[183.793s][info][gc          ] Relocation Stall (Executor task launch worker for task 37.0 in stage 0.0 (TID 37)) 1.110ms
[183.793s][info][gc          ] Allocation Stall (Executor task launch worker for task 9.0 in stage 0.0 (TID 9)) 0.415ms
[183.793s][info][gc          ] Relocation Stall (Executor task launch worker for task 26.0 in stage 0.0 (TID 26)) 1.260ms
[183.793s][info][gc          ] Relocation Stall (Executor task launch worker for task 36.0 in stage 0.0 (TID 36)) 1.526ms
[183.793s][info][gc          ] Relocation Stall (Executor task launch worker for task 40.0 in stage 0.0 (TID 40)) 1.250ms
[183.793s][info][gc          ] Allocation Stall (Executor task launch worker for task 31.0 in stage 0.0 (TID 31)) 0.040ms
[183.793s][info][gc          ] Allocation Stall (Executor task launch worker for task 27.0 in stage 0.0 (TID 27)) 0.098ms
[183.793s][info][gc          ] Allocation Stall (Executor task launch worker for task 29.0 in stage 0.0 (TID 29)) 0.113ms
[183.794s][info][gc          ] Allocation Stall (Executor task launch worker for task 35.0 in stage 0.0 (TID 35)) 0.004ms
[183.808s][info][gc          ] Relocation Stall (Executor task launch worker for task 10.0 in stage 0.0 (TID 10)) 16.717ms
[183.808s][info][gc          ] Relocation Stall (Executor task launch worker for task 2.0 in stage 0.0 (TID 2)) 15.191ms
[183.808s][info][gc          ] Relocation Stall (Executor task launch worker for task 1.0 in stage 0.0 (TID 1)) 15.685ms
[183.808s][info][gc          ] Relocation Stall (Executor task launch worker for task 46.0 in stage 0.0 (TID 46)) 16.836ms
[183.808s][info][gc          ] Relocation Stall (Executor task launch worker for task 16.0 in stage 0.0 (TID 16)) 16.492ms
[183.808s][info][gc          ] Relocation Stall (Executor task launch worker for task 7.0 in stage 0.0 (TID 7)) 16.794ms
[183.808s][info][gc          ] Relocation Stall (Executor task launch worker for task 33.0 in stage 0.0 (TID 33)) 16.796ms
[183.808s][info][gc          ] Relocation Stall (Executor task launch worker for task 5.0 in stage 0.0 (TID 5)) 16.828ms
[183.808s][info][gc          ] Allocation Stall (Executor task launch worker for task 22.0 in stage 0.0 (TID 22)) 13.837ms
[183.808s][info][gc          ] Allocation Stall (Executor task launch worker for task 4.0 in stage 0.0 (TID 4)) 13.824ms
[183.808s][info][gc          ] Allocation Stall (Executor task launch worker for task 0.0 in stage 0.0 (TID 0)) 13.888ms
[183.808s][info][gc          ] Allocation Stall (Executor task launch worker for task 24.0 in stage 0.0 (TID 24)) 13.894ms
[183.808s][info][gc          ] Allocation Stall (Executor task launch worker for task 35.0 in stage 0.0 (TID 35)) 13.802ms
[183.808s][info][gc          ] Allocation Stall (Executor task launch worker for task 12.0 in stage 0.0 (TID 12)) 13.787ms
[183.808s][info][gc          ] Allocation Stall (Executor task launch worker for task 37.0 in stage 0.0 (TID 37)) 14.181ms
[183.808s][info][gc,phases   ] GC(63) Concurrent Relocate 17.061ms
[183.809s][info][gc,load     ] GC(63) Load: 0.00/0.00/0.00
[183.809s][info][gc,mmu      ] GC(63) MMU: 2ms/95.7%, 5ms/98.3%, 10ms/99.1%, 20ms/99.5%, 50ms/99.8%, 100ms/99.8%
[183.809s][info][gc,marking  ] GC(63) Mark: 4 stripe(s), 2 proactive flush(es), 1 terminate flush(es), 0 completion(s), 0 continuation(s) 
[183.809s][info][gc,marking  ] GC(63) Mark Stack Usage: 32M
[183.809s][info][gc,nmethod  ] GC(63) NMethods: 1406 registered, 0 unregistered
[183.809s][info][gc          ] Allocation Stall (Executor task launch worker for task 29.0 in stage 0.0 (TID 29)) 14.593ms
[183.809s][info][gc,metaspace] GC(63) Metaspace: 107M used, 116M committed, 1152M reserved
[183.809s][info][gc          ] Allocation Stall (Executor task launch worker for task 26.0 in stage 0.0 (TID 26)) 14.650ms
[183.809s][info][gc          ] Allocation Stall (Executor task launch worker for task 39.0 in stage 0.0 (TID 39)) 14.653ms
[183.809s][info][gc          ] Allocation Stall (Executor task launch worker for task 13.0 in stage 0.0 (TID 13)) 14.627ms
[183.809s][info][gc,ref      ] GC(63) Soft: 2800 encountered, 682 discovered, 0 enqueued
[183.809s][info][gc          ] Allocation Stall (Executor task launch worker for task 19.0 in stage 0.0 (TID 19)) 14.652ms
[183.809s][info][gc          ] Allocation Stall (Executor task launch worker for task 6.0 in stage 0.0 (TID 6)) 14.660ms
[183.810s][info][gc,ref      ] GC(63) Weak: 12975 encountered, 4859 discovered, 0 enqueued
[183.810s][info][gc          ] Allocation Stall (Executor task launch worker for task 27.0 in stage 0.0 (TID 27)) 14.740ms
[183.810s][info][gc          ] Allocation Stall (Executor task launch worker for task 15.0 in stage 0.0 (TID 15)) 14.767ms
[183.810s][info][gc,ref      ] GC(63) Final: 40 encountered, 0 discovered, 0 enqueued
[183.810s][info][gc          ] Allocation Stall (Executor task launch worker for task 40.0 in stage 0.0 (TID 40)) 14.723ms
[183.810s][info][gc          ] Allocation Stall (Executor task launch worker for task 30.0 in stage 0.0 (TID 30)) 14.731ms
[183.810s][info][gc          ] Allocation Stall (Executor task launch worker for task 23.0 in stage 0.0 (TID 23)) 13.331ms
[183.810s][info][gc          ] Allocation Stall (Executor task launch worker for task 41.0 in stage 0.0 (TID 41)) 14.752ms
[183.810s][info][gc,ref      ] GC(63) Phantom: 750 encountered, 695 discovered, 0 enqueued
[183.810s][info][gc          ] Allocation Stall (Executor task launch worker for task 28.0 in stage 0.0 (TID 28)) 13.460ms
[183.810s][info][gc          ] Allocation Stall (Executor task launch worker for task 25.0 in stage 0.0 (TID 25)) 13.261ms
[183.810s][info][gc          ] Allocation Stall (Executor task launch worker for task 8.0 in stage 0.0 (TID 8)) 13.259ms
[183.810s][info][gc,reloc    ] GC(63) Small Pages: 65 / 130M, Empty: 16M, Relocated: 3M, In-Place: 4
[183.810s][info][gc          ] Allocation Stall (Executor task launch worker for task 18.0 in stage 0.0 (TID 18)) 13.115ms
[183.810s][info][gc          ] Allocation Stall (Executor task launch worker for task 11.0 in stage 0.0 (TID 11)) 12.610ms
[183.810s][info][gc          ] Allocation Stall (Executor task launch worker for task 44.0 in stage 0.0 (TID 44)) 12.488ms
[183.810s][info][gc,reloc    ] GC(63) Medium Pages: 2 / 32M, Empty: 0M, Relocated: 9M, In-Place: 1
[183.810s][info][gc          ] Allocation Stall (Executor task launch worker for task 36.0 in stage 0.0 (TID 36)) 12.509ms
[183.811s][info][gc          ] Allocation Stall (Executor task launch worker for task 38.0 in stage 0.0 (TID 38)) 12.491ms
[183.811s][info][gc,reloc    ] GC(63) Large Pages: 50 / 340M, Empty: 0M, Relocated: 0M, In-Place: 0
[183.811s][info][gc          ] Allocation Stall (Executor task launch worker for task 47.0 in stage 0.0 (TID 47)) 12.334ms
[183.811s][info][gc          ] Allocation Stall (Executor task launch worker for task 45.0 in stage 0.0 (TID 45)) 12.299ms
[183.811s][info][gc,reloc    ] GC(63) Forwarding Usage: 0M
[183.811s][info][gc          ] Allocation Stall (Executor task launch worker for task 20.0 in stage 0.0 (TID 20)) 12.300ms
[183.811s][info][gc          ] Allocation Stall (Executor task launch worker for task 3.0 in stage 0.0 (TID 3)) 12.205ms
[183.811s][info][gc,heap     ] GC(63) Min Capacity: 8M(2%)
[183.811s][info][gc          ] Allocation Stall (Executor task launch worker for task 42.0 in stage 0.0 (TID 42)) 12.273ms
[183.811s][info][gc          ] Allocation Stall (Executor task launch worker for task 31.0 in stage 0.0 (TID 31)) 12.187ms
[183.811s][info][gc,heap     ] GC(63) Max Capacity: 512M(100%)
[183.811s][info][gc          ] Allocation Stall (Executor task launch worker for task 43.0 in stage 0.0 (TID 43)) 12.293ms
[183.811s][info][gc,heap     ] GC(63) Soft Max Capacity: 512M(100%)
[183.811s][info][gc          ] Allocation Stall (Executor task launch worker for task 14.0 in stage 0.0 (TID 14)) 12.274ms
[183.811s][info][gc,heap     ] GC(63)                Mark Start          Mark End        Relocate Start      Relocate End           High               Low         
[183.811s][info][gc          ] Allocation Stall (Executor task launch worker for task 32.0 in stage 0.0 (TID 32)) 12.227ms
[183.811s][info][gc,heap     ] GC(63)  Capacity:      512M (100%)        512M (100%)        512M (100%)        512M (100%)        512M (100%)        512M (100%)   
[183.811s][info][gc          ] Allocation Stall (Executor task launch worker for task 17.0 in stage 0.0 (TID 17)) 12.201ms
[183.811s][info][gc,heap     ] GC(63)      Free:        0M (0%)            0M (0%)            0M (0%)            0M (0%)           16M (3%)            0M (0%)     
[183.812s][info][gc          ] Allocation Stall (Executor task launch worker for task 34.0 in stage 0.0 (TID 34)) 12.207ms
[183.812s][info][gc,heap     ] GC(63)      Used:      512M (100%)        512M (100%)        512M (100%)        512M (100%)        512M (100%)        496M (97%)    
[183.812s][info][gc          ] Allocation Stall (Executor task launch worker for task 9.0 in stage 0.0 (TID 9)) 11.918ms
[183.812s][info][gc,heap     ] GC(63)      Live:         -               407M (80%)         407M (80%)         407M (80%)            -                  -          
[183.812s][info][gc,heap     ] GC(63) Allocated:         -                 0M (0%)           16M (3%)           71M (14%)            -                  -          
[183.812s][info][gc,heap     ] GC(63)   Garbage:         -               104M (20%)          88M (17%)          32M (6%)             -                  -          
[183.812s][info][gc,heap     ] GC(63) Reclaimed:         -                  -                16M (3%)           71M (14%)            -                  -          
[183.812s][info][gc          ] GC(63) Garbage Collection (Allocation Stall) 512M(100%)->512M(100%)
[183.812s][info][gc,start    ] GC(64) Garbage Collection (Allocation Stall)
[183.812s][info][gc,ref      ] GC(64) Clearing All SoftReferences
[183.812s][info][gc,task     ] GC(64) Using 5 workers
[183.824s][info][gc,ref      ] GC(64) Clearing All SoftReferences
[183.824s][info][gc,phases   ] GC(64) Pause Mark Start 0.082ms
[183.871s][info][gc,phases   ] GC(64) Concurrent Mark 46.554ms
[183.871s][info][gc,phases   ] GC(64) Pause Mark End 0.018ms
[183.871s][info][gc,phases   ] GC(64) Concurrent Mark Free 0.001ms
[183.872s][info][gc,phases   ] GC(64) Concurrent Process Non-Strong References 1.144ms
[183.872s][info][gc,phases   ] GC(64) Concurrent Reset Relocation Set 0.004ms
[183.876s][info][gc          ] Allocation Stall (Executor task launch worker for task 11.0 in stage 0.0 (TID 11)) 51.539ms
[183.876s][info][gc          ] Allocation Stall (Executor task launch worker for task 9.0 in stage 0.0 (TID 9)) 51.525ms
[183.876s][info][gc          ] Allocation Stall (Executor task launch worker for task 36.0 in stage 0.0 (TID 36)) 51.551ms
[183.876s][info][gc          ] Allocation Stall (Executor task launch worker for task 34.0 in stage 0.0 (TID 34)) 51.529ms
[183.876s][info][gc          ] Allocation Stall (Executor task launch worker for task 12.0 in stage 0.0 (TID 12)) 51.513ms
[183.876s][info][gc          ] Allocation Stall (Executor task launch worker for task 6.0 in stage 0.0 (TID 6)) 51.523ms
[183.876s][info][gc          ] Allocation Stall (Executor task launch worker for task 16.0 in stage 0.0 (TID 16)) 67.357ms
[183.876s][info][gc          ] Allocation Stall (Executor task launch worker for task 15.0 in stage 0.0 (TID 15)) 51.579ms
[183.876s][info][gc          ] Allocation Stall (Executor task launch worker for task 7.0 in stage 0.0 (TID 7)) 67.297ms
[183.876s][info][gc          ] Allocation Stall (Executor task launch worker for task 2.0 in stage 0.0 (TID 2)) 67.489ms
[183.876s][info][gc          ] Allocation Stall (Executor task launch worker for task 10.0 in stage 0.0 (TID 10)) 67.511ms
[183.876s][info][gc          ] Allocation Stall (Executor task launch worker for task 46.0 in stage 0.0 (TID 46)) 67.516ms
[183.876s][info][gc          ] Allocation Stall (Executor task launch worker for task 1.0 in stage 0.0 (TID 1)) 67.402ms
[183.876s][info][gc          ] Allocation Stall (Executor task launch worker for task 0.0 in stage 0.0 (TID 0)) 64.393ms
[183.876s][info][gc          ] Allocation Stall (Executor task launch worker for task 33.0 in stage 0.0 (TID 33)) 67.225ms
[183.876s][info][gc          ] Allocation Stall (Executor task launch worker for task 21.0 in stage 0.0 (TID 21)) 71.330ms
[183.876s][info][gc          ] Allocation Stall (Executor task launch worker for task 31.0 in stage 0.0 (TID 31)) 51.890ms
[183.876s][info][gc          ] Allocation Stall (Executor task launch worker for task 43.0 in stage 0.0 (TID 43)) 51.912ms
[183.876s][info][gc          ] Allocation Stall (Executor task launch worker for task 27.0 in stage 0.0 (TID 27)) 51.916ms
[183.877s][info][gc          ] Allocation Stall (Executor task launch worker for task 32.0 in stage 0.0 (TID 32)) 51.923ms
[183.877s][info][gc          ] Allocation Stall (Executor task launch worker for task 40.0 in stage 0.0 (TID 40)) 51.934ms
[183.877s][info][gc          ] Allocation Stall (Executor task launch worker for task 35.0 in stage 0.0 (TID 35)) 51.973ms
[183.877s][info][gc          ] Allocation Stall (Executor task launch worker for task 23.0 in stage 0.0 (TID 23)) 52.000ms
[183.877s][info][gc          ] Allocation Stall (Executor task launch worker for task 19.0 in stage 0.0 (TID 19)) 52.069ms
[183.877s][info][gc          ] Allocation Stall (Executor task launch worker for task 24.0 in stage 0.0 (TID 24)) 52.110ms
[183.877s][info][gc          ] Allocation Stall (Executor task launch worker for task 13.0 in stage 0.0 (TID 13)) 52.147ms
[183.877s][info][gc          ] Allocation Stall (Executor task launch worker for task 20.0 in stage 0.0 (TID 20)) 52.153ms
[183.877s][info][gc          ] Allocation Stall (Executor task launch worker for task 22.0 in stage 0.0 (TID 22)) 52.234ms
[183.877s][info][gc          ] Allocation Stall (Executor task launch worker for task 39.0 in stage 0.0 (TID 39)) 52.242ms
[183.877s][info][gc          ] Allocation Stall (Executor task launch worker for task 26.0 in stage 0.0 (TID 26)) 52.307ms
[183.877s][info][gc          ] Allocation Stall (Executor task launch worker for task 4.0 in stage 0.0 (TID 4)) 52.441ms
[183.877s][info][gc          ] Allocation Stall (Executor task launch worker for task 28.0 in stage 0.0 (TID 28)) 52.450ms
[183.877s][info][gc          ] Allocation Stall (Executor task launch worker for task 41.0 in stage 0.0 (TID 41)) 52.493ms
[183.877s][info][gc          ] Allocation Stall (Executor task launch worker for task 5.0 in stage 0.0 (TID 5)) 52.548ms
[183.877s][info][gc          ] Allocation Stall (Executor task launch worker for task 47.0 in stage 0.0 (TID 47)) 52.595ms
[183.877s][info][gc          ] Allocation Stall (Executor task launch worker for task 29.0 in stage 0.0 (TID 29)) 52.641ms
[183.877s][info][gc          ] Allocation Stall (Executor task launch worker for task 25.0 in stage 0.0 (TID 25)) 52.693ms
[183.877s][info][gc          ] Allocation Stall (Executor task launch worker for task 45.0 in stage 0.0 (TID 45)) 52.799ms
[183.877s][info][gc          ] Allocation Stall (Executor task launch worker for task 38.0 in stage 0.0 (TID 38)) 52.842ms
[183.878s][info][gc          ] Allocation Stall (Executor task launch worker for task 44.0 in stage 0.0 (TID 44)) 52.905ms
[183.878s][info][gc          ] Allocation Stall (Executor task launch worker for task 8.0 in stage 0.0 (TID 8)) 52.970ms
[183.878s][info][gc          ] Allocation Stall (Executor task launch worker for task 3.0 in stage 0.0 (TID 3)) 53.031ms
[183.878s][info][gc          ] Allocation Stall (Executor task launch worker for task 42.0 in stage 0.0 (TID 42)) 53.080ms
[183.878s][info][gc          ] Allocation Stall (Executor task launch worker for task 17.0 in stage 0.0 (TID 17)) 53.137ms
[183.878s][info][gc          ] Allocation Stall (Executor task launch worker for task 30.0 in stage 0.0 (TID 30)) 53.278ms
[183.878s][info][gc          ] Allocation Stall (Executor task launch worker for task 18.0 in stage 0.0 (TID 18)) 53.339ms
[183.878s][info][gc          ] Allocation Stall (Spark Context Cleaner) 53.365ms
[183.878s][info][gc          ] Allocation Stall (Executor task launch worker for task 14.0 in stage 0.0 (TID 14)) 53.459ms
[183.878s][info][gc          ] Allocation Stall (Executor task launch worker for task 37.0 in stage 0.0 (TID 37)) 53.477ms
[183.888s][info][gc,phases   ] GC(64) Concurrent Select Relocation Set 15.444ms
[183.902s][info][gc,phases   ] GC(64) Pause Relocate Start 0.006ms
[183.903s][info][gc          ] Allocation Stall (Executor task launch worker for task 46.0 in stage 0.0 (TID 46)) 14.865ms
[183.903s][info][gc          ] Allocation Stall (Executor task launch worker for task 3.0 in stage 0.0 (TID 3)) 14.808ms
[183.903s][info][gc          ] Relocation Stall (Executor task launch worker for task 12.0 in stage 0.0 (TID 12)) 0.260ms
[183.903s][info][gc          ] Allocation Stall (Executor task launch worker for task 29.0 in stage 0.0 (TID 29)) 14.840ms
[183.903s][info][gc          ] Allocation Stall (Executor task launch worker for task 47.0 in stage 0.0 (TID 47)) 0.213ms
[183.903s][info][gc          ] Allocation Stall (Executor task launch worker for task 31.0 in stage 0.0 (TID 31)) 0.153ms
[183.903s][info][gc          ] Relocation Stall (Executor task launch worker for task 37.0 in stage 0.0 (TID 37)) 0.385ms
[183.903s][info][gc          ] Relocation Stall (Executor task launch worker for task 21.0 in stage 0.0 (TID 21)) 0.973ms
[183.904s][info][gc          ] Relocation Stall (Executor task launch worker for task 5.0 in stage 0.0 (TID 5)) 1.057ms
[183.904s][info][gc          ] Relocation Stall (Executor task launch worker for task 45.0 in stage 0.0 (TID 45)) 1.460ms
[183.905s][info][gc          ] Relocation Stall (Executor task launch worker for task 34.0 in stage 0.0 (TID 34)) 2.223ms
[183.906s][info][gc          ] Relocation Stall (Executor task launch worker for task 36.0 in stage 0.0 (TID 36)) 3.254ms
[183.906s][info][gc          ] Relocation Stall (Executor task launch worker for task 14.0 in stage 0.0 (TID 14)) 3.491ms
[183.909s][info][gc          ] Relocation Stall (Executor task launch worker for task 44.0 in stage 0.0 (TID 44)) 6.416ms
[183.909s][info][gc,phases   ] GC(64) Concurrent Relocate 6.593ms
[183.909s][info][gc,load     ] GC(64) Load: 0.00/0.00/0.00
[183.909s][info][gc,mmu      ] GC(64) MMU: 2ms/95.7%, 5ms/98.3%, 10ms/99.1%, 20ms/99.5%, 50ms/99.8%, 100ms/99.8%
[183.909s][info][gc,marking  ] GC(64) Mark: 4 stripe(s), 2 proactive flush(es), 1 terminate flush(es), 0 completion(s), 0 continuation(s) 
[183.909s][info][gc,marking  ] GC(64) Mark Stack Usage: 32M
[183.909s][info][gc,nmethod  ] GC(64) NMethods: 1407 registered, 0 unregistered
[183.910s][info][gc,metaspace] GC(64) Metaspace: 107M used, 116M committed, 1152M reserved
[183.910s][info][gc,ref      ] GC(64) Soft: 2800 encountered, 358 discovered, 0 enqueued
[183.910s][info][gc,ref      ] GC(64) Weak: 12976 encountered, 4478 discovered, 1 enqueued
[183.910s][info][gc,ref      ] GC(64) Final: 40 encountered, 0 discovered, 0 enqueued
[183.910s][info][gc,ref      ] GC(64) Phantom: 750 encountered, 681 discovered, 0 enqueued
[183.910s][info][gc,reloc    ] GC(64) Small Pages: 66 / 132M, Empty: 14M, Relocated: 3M, In-Place: 3
[183.910s][info][gc,reloc    ] GC(64) Medium Pages: 2 / 32M, Empty: 0M, Relocated: 9M, In-Place: 1
[183.910s][info][gc,reloc    ] GC(64) Large Pages: 52 / 348M, Empty: 20M, Relocated: 0M, In-Place: 0
[183.910s][info][gc,reloc    ] GC(64) Forwarding Usage: 0M
[183.910s][info][gc,heap     ] GC(64) Min Capacity: 8M(2%)
[183.910s][info][gc,heap     ] GC(64) Max Capacity: 512M(100%)
[183.910s][info][gc,heap     ] GC(64) Soft Max Capacity: 512M(100%)
[183.910s][info][gc,heap     ] GC(64)                Mark Start          Mark End        Relocate Start      Relocate End           High               Low         
[183.910s][info][gc,heap     ] GC(64)  Capacity:      512M (100%)        512M (100%)        512M (100%)        512M (100%)        512M (100%)        512M (100%)   
[183.910s][info][gc,heap     ] GC(64)      Free:        0M (0%)            0M (0%)            0M (0%)           40M (8%)           48M (9%)            0M (0%)     
[183.910s][info][gc,heap     ] GC(64)      Used:      512M (100%)        512M (100%)        512M (100%)        472M (92%)         512M (100%)        464M (91%)    
[183.910s][info][gc,heap     ] GC(64)      Live:         -               395M (77%)         395M (77%)         395M (77%)            -                  -          
[183.910s][info][gc,heap     ] GC(64) Allocated:         -                 0M (0%)           34M (7%)           51M (10%)            -                  -          
[183.910s][info][gc,heap     ] GC(64)   Garbage:         -               116M (23%)          82M (16%)          24M (5%)             -                  -          
[183.910s][info][gc,heap     ] GC(64) Reclaimed:         -                  -                34M (7%)           91M (18%)            -                  -          
[183.910s][info][gc          ] GC(64) Garbage Collection (Allocation Stall) 512M(100%)->472M(92%)
[183.911s][info][gc,start    ] GC(65) Garbage Collection (Allocation Stall)
[183.911s][info][gc,ref      ] GC(65) Clearing All SoftReferences
[183.911s][info][gc,task     ] GC(65) Using 5 workers
[183.912s][info][gc,ref      ] GC(65) Clearing All SoftReferences
[183.912s][info][gc,phases   ] GC(65) Pause Mark Start 0.043ms
[183.912s][info][gc          ] Allocation Stall (Executor task launch worker for task 17.0 in stage 0.0 (TID 17)) 1.153ms
[183.912s][info][gc          ] Allocation Stall (Executor task launch worker for task 8.0 in stage 0.0 (TID 8)) 1.040ms
[183.912s][info][gc          ] Allocation Stall (Executor task launch worker for task 35.0 in stage 0.0 (TID 35)) 1.160ms
[183.912s][info][gc          ] Allocation Stall (Executor task launch worker for task 2.0 in stage 0.0 (TID 2)) 1.079ms
[183.912s][info][gc          ] Allocation Stall (Executor task launch worker for task 7.0 in stage 0.0 (TID 7)) 1.064ms
[183.912s][info][gc          ] Allocation Stall (Executor task launch worker for task 1.0 in stage 0.0 (TID 1)) 1.058ms
[183.912s][info][gc          ] Allocation Stall (Executor task launch worker for task 12.0 in stage 0.0 (TID 12)) 1.058ms
[183.912s][info][gc          ] Allocation Stall (Executor task launch worker for task 9.0 in stage 0.0 (TID 9)) 1.255ms
[183.913s][info][gc          ] Allocation Stall (Executor task launch worker for task 6.0 in stage 0.0 (TID 6)) 0.312ms
[183.913s][info][gc          ] Allocation Stall (Executor task launch worker for task 29.0 in stage 0.0 (TID 29)) 0.380ms
[183.913s][info][gc          ] Allocation Stall (Executor task launch worker for task 19.0 in stage 0.0 (TID 19)) 0.409ms
[183.913s][info][gc          ] Allocation Stall (Executor task launch worker for task 10.0 in stage 0.0 (TID 10)) 0.452ms
[183.913s][info][gc          ] Allocation Stall (Executor task launch worker for task 23.0 in stage 0.0 (TID 23)) 0.598ms
[183.913s][info][gc          ] Allocation Stall (Executor task launch worker for task 33.0 in stage 0.0 (TID 33)) 0.665ms
[183.913s][info][gc          ] Allocation Stall (Executor task launch worker for task 46.0 in stage 0.0 (TID 46)) 0.751ms
[183.913s][info][gc          ] Allocation Stall (Executor task launch worker for task 13.0 in stage 0.0 (TID 13)) 0.776ms
[183.913s][info][gc          ] Allocation Stall (Executor task launch worker for task 15.0 in stage 0.0 (TID 15)) 0.842ms
[183.913s][info][gc          ] Allocation Stall (Executor task launch worker for task 22.0 in stage 0.0 (TID 22)) 0.906ms
[183.913s][info][gc          ] Allocation Stall (Executor task launch worker for task 32.0 in stage 0.0 (TID 32)) 0.962ms
[183.913s][info][gc          ] Allocation Stall (Executor task launch worker for task 44.0 in stage 0.0 (TID 44)) 1.084ms
[183.913s][info][gc          ] Allocation Stall (Executor task launch worker for task 31.0 in stage 0.0 (TID 31)) 1.136ms
[183.913s][info][gc          ] Allocation Stall (Executor task launch worker for task 40.0 in stage 0.0 (TID 40)) 1.186ms
[183.914s][info][gc          ] Allocation Stall (Executor task launch worker for task 26.0 in stage 0.0 (TID 26)) 1.243ms
[183.914s][info][gc          ] Allocation Stall (Executor task launch worker for task 43.0 in stage 0.0 (TID 43)) 1.310ms
[183.914s][info][gc          ] Allocation Stall (Executor task launch worker for task 5.0 in stage 0.0 (TID 5)) 1.377ms
[183.914s][info][gc          ] Allocation Stall (Executor task launch worker for task 38.0 in stage 0.0 (TID 38)) 1.424ms
[183.914s][info][gc          ] Allocation Stall (Executor task launch worker for task 42.0 in stage 0.0 (TID 42)) 1.566ms
[183.914s][info][gc          ] Allocation Stall (Executor task launch worker for task 39.0 in stage 0.0 (TID 39)) 1.634ms
[183.914s][info][gc          ] Allocation Stall (Executor task launch worker for task 14.0 in stage 0.0 (TID 14)) 1.691ms
[183.914s][info][gc          ] Allocation Stall (Executor task launch worker for task 16.0 in stage 0.0 (TID 16)) 1.756ms
[183.914s][info][gc          ] Allocation Stall (Executor task launch worker for task 24.0 in stage 0.0 (TID 24)) 1.807ms
[183.914s][info][gc          ] Allocation Stall (Executor task launch worker for task 41.0 in stage 0.0 (TID 41)) 1.908ms
[183.914s][info][gc          ] Allocation Stall (Executor task launch worker for task 11.0 in stage 0.0 (TID 11)) 1.955ms
[183.914s][info][gc          ] Allocation Stall (Executor task launch worker for task 28.0 in stage 0.0 (TID 28)) 2.031ms
[183.914s][info][gc          ] Allocation Stall (Executor task launch worker for task 25.0 in stage 0.0 (TID 25)) 2.018ms
[183.915s][info][gc          ] Allocation Stall (Executor task launch worker for task 34.0 in stage 0.0 (TID 34)) 2.162ms
[183.949s][info][gc,phases   ] GC(65) Concurrent Mark 36.929ms
[183.949s][info][gc,phases   ] GC(65) Pause Mark End 0.012ms
[183.949s][info][gc,phases   ] GC(65) Concurrent Mark Free 0.001ms
[183.951s][info][gc,phases   ] GC(65) Concurrent Process Non-Strong References 1.144ms
[183.951s][info][gc,phases   ] GC(65) Concurrent Reset Relocation Set 0.005ms
[183.953s][info][gc          ] Allocation Stall (Executor task launch worker for task 6.0 in stage 0.0 (TID 6)) 32.156ms
[183.953s][info][gc          ] Allocation Stall (Executor task launch worker for task 17.0 in stage 0.0 (TID 17)) 32.217ms
[183.953s][info][gc          ] Allocation Stall (Executor task launch worker for task 12.0 in stage 0.0 (TID 12)) 32.994ms
[183.953s][info][gc          ] Allocation Stall (Executor task launch worker for task 38.0 in stage 0.0 (TID 38)) 31.613ms
[183.953s][info][gc          ] Allocation Stall (Executor task launch worker for task 36.0 in stage 0.0 (TID 36)) 32.009ms
[183.953s][info][gc          ] Allocation Stall (Executor task launch worker for task 28.0 in stage 0.0 (TID 28)) 31.816ms
[183.953s][info][gc          ] Allocation Stall (Executor task launch worker for task 25.0 in stage 0.0 (TID 25)) 38.911ms
[183.953s][info][gc          ] Allocation Stall (Executor task launch worker for task 27.0 in stage 0.0 (TID 27)) 31.679ms
[183.953s][info][gc          ] Allocation Stall (Executor task launch worker for task 18.0 in stage 0.0 (TID 18)) 31.917ms
[183.953s][info][gc          ] Allocation Stall (Executor task launch worker for task 4.0 in stage 0.0 (TID 4)) 33.417ms
[183.953s][info][gc          ] Allocation Stall (Executor task launch worker for task 7.0 in stage 0.0 (TID 7)) 32.457ms
[183.953s][info][gc          ] Allocation Stall (Executor task launch worker for task 9.0 in stage 0.0 (TID 9)) 32.912ms
[183.953s][info][gc          ] Allocation Stall (Executor task launch worker for task 8.0 in stage 0.0 (TID 8)) 32.778ms
[183.953s][info][gc          ] Allocation Stall (Executor task launch worker for task 41.0 in stage 0.0 (TID 41)) 33.280ms
[183.953s][info][gc          ] Allocation Stall (Executor task launch worker for task 19.0 in stage 0.0 (TID 19)) 31.652ms
[183.954s][info][gc          ] Allocation Stall (Executor task launch worker for task 0.0 in stage 0.0 (TID 0)) 31.608ms
[183.954s][info][gc          ] Allocation Stall (Executor task launch worker for task 45.0 in stage 0.0 (TID 45)) 31.580ms
[183.954s][info][gc,phases   ] GC(65) Concurrent Select Relocation Set 2.986ms
[183.954s][info][gc          ] Allocation Stall (Executor task launch worker for task 20.0 in stage 0.0 (TID 20)) 31.455ms
[183.954s][info][gc          ] Allocation Stall (Executor task launch worker for task 47.0 in stage 0.0 (TID 47)) 31.424ms
[183.954s][info][gc          ] Allocation Stall (Executor task launch worker for task 46.0 in stage 0.0 (TID 46)) 31.392ms
[183.954s][info][gc          ] Allocation Stall (Executor task launch worker for task 34.0 in stage 0.0 (TID 34)) 31.488ms
[183.954s][info][gc          ] Allocation Stall (Executor task launch worker for task 35.0 in stage 0.0 (TID 35)) 31.537ms
[183.954s][info][gc          ] Allocation Stall (Executor task launch worker for task 23.0 in stage 0.0 (TID 23)) 31.590ms
[183.954s][info][gc          ] Allocation Stall (Executor task launch worker for task 33.0 in stage 0.0 (TID 33)) 31.615ms
[183.954s][info][gc          ] Allocation Stall (Executor task launch worker for task 39.0 in stage 0.0 (TID 39)) 31.631ms
[183.954s][info][gc          ] Allocation Stall (Executor task launch worker for task 11.0 in stage 0.0 (TID 11)) 31.499ms
[183.954s][info][gc          ] Allocation Stall (Executor task launch worker for task 15.0 in stage 0.0 (TID 15)) 31.426ms
[183.954s][info][gc          ] Allocation Stall (Executor task launch worker for task 13.0 in stage 0.0 (TID 13)) 31.157ms
[183.955s][info][gc,phases   ] GC(65) Pause Relocate Start 0.004ms
[183.955s][info][gc          ] Allocation Stall (Executor task launch worker for task 1.0 in stage 0.0 (TID 1)) 31.540ms
[183.955s][info][gc          ] Allocation Stall (Executor task launch worker for task 14.0 in stage 0.0 (TID 14)) 31.533ms
[183.955s][info][gc          ] Allocation Stall (Executor task launch worker for task 43.0 in stage 0.0 (TID 43)) 31.223ms
[183.955s][info][gc          ] Allocation Stall (Executor task launch worker for task 5.0 in stage 0.0 (TID 5)) 31.603ms
[183.955s][info][gc          ] Allocation Stall (Executor task launch worker for task 3.0 in stage 0.0 (TID 3)) 31.199ms
[183.955s][info][gc          ] Allocation Stall (Executor task launch worker for task 29.0 in stage 0.0 (TID 29)) 31.338ms
[183.955s][info][gc          ] Allocation Stall (Executor task launch worker for task 24.0 in stage 0.0 (TID 24)) 31.079ms
[183.955s][info][gc          ] Allocation Stall (Executor task launch worker for task 31.0 in stage 0.0 (TID 31)) 31.087ms
[183.955s][info][gc          ] Allocation Stall (Executor task launch worker for task 44.0 in stage 0.0 (TID 44)) 31.397ms
[183.955s][info][gc          ] Allocation Stall (Executor task launch worker for task 2.0 in stage 0.0 (TID 2)) 31.044ms
[183.955s][info][gc          ] Allocation Stall (Executor task launch worker for task 10.0 in stage 0.0 (TID 10)) 31.028ms
[183.955s][info][gc          ] Allocation Stall (Executor task launch worker for task 32.0 in stage 0.0 (TID 32)) 31.031ms
[183.955s][info][gc          ] Allocation Stall (Executor task launch worker for task 26.0 in stage 0.0 (TID 26)) 31.142ms
[183.955s][info][gc          ] Allocation Stall (Executor task launch worker for task 40.0 in stage 0.0 (TID 40)) 31.006ms
[183.955s][info][gc          ] Allocation Stall (Executor task launch worker for task 42.0 in stage 0.0 (TID 42)) 31.059ms
[183.955s][info][gc          ] Allocation Stall (Executor task launch worker for task 22.0 in stage 0.0 (TID 22)) 31.075ms
[183.955s][info][gc          ] Allocation Stall (Executor task launch worker for task 16.0 in stage 0.0 (TID 16)) 31.091ms
[183.955s][info][gc          ] Allocation Stall (Executor task launch worker for task 21.0 in stage 0.0 (TID 21)) 28.721ms
[183.955s][info][gc          ] Allocation Stall (Executor task launch worker for task 37.0 in stage 0.0 (TID 37)) 28.113ms
[183.955s][info][gc          ] Allocation Stall (Executor task launch worker for task 30.0 in stage 0.0 (TID 30)) 24.649ms
[183.955s][info][gc          ] Allocation Stall (Executor task launch worker for task 6.0 in stage 0.0 (TID 6)) 1.323ms
[183.955s][info][gc          ] Allocation Stall (Executor task launch worker for task 7.0 in stage 0.0 (TID 7)) 1.196ms
[183.960s][info][gc          ] Relocation Stall (Executor task launch worker for task 21.0 in stage 0.0 (TID 21)) 2.756ms
[183.960s][info][gc,phases   ] GC(65) Concurrent Relocate 5.019ms
[183.960s][info][gc,load     ] GC(65) Load: 0.00/0.00/0.00
[183.960s][info][gc,mmu      ] GC(65) MMU: 2ms/95.7%, 5ms/98.3%, 10ms/99.1%, 20ms/99.5%, 50ms/99.8%, 100ms/99.8%
[183.960s][info][gc,marking  ] GC(65) Mark: 4 stripe(s), 2 proactive flush(es), 1 terminate flush(es), 0 completion(s), 0 continuation(s) 
[183.960s][info][gc,marking  ] GC(65) Mark Stack Usage: 32M
[183.960s][info][gc,nmethod  ] GC(65) NMethods: 1415 registered, 0 unregistered
[183.960s][info][gc,metaspace] GC(65) Metaspace: 107M used, 116M committed, 1152M reserved
[183.960s][info][gc,ref      ] GC(65) Soft: 2800 encountered, 2268 discovered, 0 enqueued
[183.960s][info][gc,ref      ] GC(65) Weak: 12976 encountered, 2802 discovered, 0 enqueued
[183.960s][info][gc,ref      ] GC(65) Final: 40 encountered, 0 discovered, 0 enqueued
[183.960s][info][gc,ref      ] GC(65) Phantom: 750 encountered, 475 discovered, 0 enqueued
[183.960s][info][gc,reloc    ] GC(65) Small Pages: 69 / 138M, Empty: 32M, Relocated: 3M, In-Place: 5
[183.960s][info][gc,reloc    ] GC(65) Medium Pages: 1 / 16M, Empty: 0M, Relocated: 0M, In-Place: 0
[183.960s][info][gc,reloc    ] GC(65) Large Pages: 52 / 344M, Empty: 0M, Relocated: 0M, In-Place: 0
[183.960s][info][gc,reloc    ] GC(65) Forwarding Usage: 0M
[183.961s][info][gc,heap     ] GC(65) Min Capacity: 8M(2%)
[183.961s][info][gc,heap     ] GC(65) Max Capacity: 512M(100%)
[183.961s][info][gc,heap     ] GC(65) Soft Max Capacity: 512M(100%)
[183.961s][info][gc,heap     ] GC(65)                Mark Start          Mark End        Relocate Start      Relocate End           High               Low         
[183.961s][info][gc,heap     ] GC(65)  Capacity:      512M (100%)        512M (100%)        512M (100%)        512M (100%)        512M (100%)        512M (100%)   
[183.961s][info][gc,heap     ] GC(65)      Free:        0M (0%)            0M (0%)            0M (0%)            2M (0%)           32M (6%)            0M (0%)     
[183.961s][info][gc,heap     ] GC(65)      Used:      512M (100%)        512M (100%)        512M (100%)        510M (100%)        512M (100%)        480M (94%)    
[183.961s][info][gc,heap     ] GC(65)      Live:         -               411M (80%)         411M (80%)         411M (80%)            -                  -          
[183.961s][info][gc,heap     ] GC(65) Allocated:         -                 0M (0%)           32M (6%)           59M (12%)            -                  -          
[183.961s][info][gc,heap     ] GC(65)   Garbage:         -               100M (20%)          68M (13%)          39M (8%)             -                  -          
[183.961s][info][gc,heap     ] GC(65) Reclaimed:         -                  -                32M (6%)           61M (12%)            -                  -          
[183.961s][info][gc          ] GC(65) Garbage Collection (Allocation Stall) 512M(100%)->510M(100%)
[183.961s][info][gc,start    ] GC(66) Garbage Collection (Allocation Stall)
[183.961s][info][gc,ref      ] GC(66) Clearing All SoftReferences
[183.961s][info][gc,task     ] GC(66) Using 5 workers
[183.965s][info][gc,ref      ] GC(66) Clearing All SoftReferences
[183.965s][info][gc,phases   ] GC(66) Pause Mark Start 0.031ms
[183.996s][info][gc,phases   ] GC(66) Concurrent Mark 31.107ms
[183.996s][info][gc,phases   ] GC(66) Pause Mark End 0.013ms
[183.996s][info][gc,phases   ] GC(66) Concurrent Mark Free 0.001ms
[183.997s][info][gc,phases   ] GC(66) Concurrent Process Non-Strong References 1.168ms
[183.997s][info][gc,phases   ] GC(66) Concurrent Reset Relocation Set 0.005ms
[184.001s][info][gc          ] Allocation Stall (Executor task launch worker for task 21.0 in stage 0.0 (TID 21)) 40.537ms
[184.001s][info][gc          ] Allocation Stall (Executor task launch worker for task 44.0 in stage 0.0 (TID 44)) 40.586ms
[184.001s][info][gc          ] Allocation Stall (Executor task launch worker for task 7.0 in stage 0.0 (TID 7)) 40.757ms
[184.001s][info][gc          ] Allocation Stall (Executor task launch worker for task 32.0 in stage 0.0 (TID 32)) 40.633ms
[184.001s][info][gc          ] Allocation Stall (Executor task launch worker for task 12.0 in stage 0.0 (TID 12)) 40.563ms
[184.001s][info][gc          ] Allocation Stall (Executor task launch worker for task 34.0 in stage 0.0 (TID 34)) 40.607ms
[184.001s][info][gc          ] Allocation Stall (Executor task launch worker for task 38.0 in stage 0.0 (TID 38)) 40.931ms
[184.001s][info][gc          ] Allocation Stall (Executor task launch worker for task 42.0 in stage 0.0 (TID 42)) 40.931ms
[184.001s][info][gc          ] Allocation Stall (Executor task launch worker for task 2.0 in stage 0.0 (TID 2)) 40.716ms
[184.001s][info][gc          ] Allocation Stall (Executor task launch worker for task 23.0 in stage 0.0 (TID 23)) 40.869ms
[184.001s][info][gc          ] Allocation Stall (Executor task launch worker for task 29.0 in stage 0.0 (TID 29)) 40.672ms
[184.001s][info][gc          ] Allocation Stall (Executor task launch worker for task 6.0 in stage 0.0 (TID 6)) 40.766ms
[184.001s][info][gc          ] Allocation Stall (Executor task launch worker for task 40.0 in stage 0.0 (TID 40)) 40.805ms
[184.001s][info][gc          ] Allocation Stall (Executor task launch worker for task 16.0 in stage 0.0 (TID 16)) 40.933ms
[184.001s][info][gc          ] Allocation Stall (Executor task launch worker for task 19.0 in stage 0.0 (TID 19)) 40.523ms
[184.001s][info][gc,phases   ] GC(66) Concurrent Select Relocation Set 3.659ms
[184.001s][info][gc          ] Allocation Stall (Executor task launch worker for task 30.0 in stage 0.0 (TID 30)) 40.701ms
[184.001s][info][gc          ] Allocation Stall (Executor task launch worker for task 36.0 in stage 0.0 (TID 36)) 40.430ms
[184.002s][info][gc          ] Allocation Stall (Executor task launch worker for task 27.0 in stage 0.0 (TID 27)) 40.406ms
[184.002s][info][gc          ] Allocation Stall (Executor task launch worker for task 22.0 in stage 0.0 (TID 22)) 36.625ms
[184.002s][info][gc          ] Allocation Stall (Executor task launch worker for task 1.0 in stage 0.0 (TID 1)) 36.641ms
[184.002s][info][gc          ] Allocation Stall (Executor task launch worker for task 20.0 in stage 0.0 (TID 20)) 36.726ms
[184.002s][info][gc          ] Allocation Stall (Executor task launch worker for task 8.0 in stage 0.0 (TID 8)) 36.796ms
[184.003s][info][gc,phases   ] GC(66) Pause Relocate Start 0.004ms
[184.003s][info][gc          ] Allocation Stall (Executor task launch worker for task 47.0 in stage 0.0 (TID 47)) 37.728ms
[184.003s][info][gc          ] Allocation Stall (Executor task launch worker for task 33.0 in stage 0.0 (TID 33)) 37.731ms
[184.003s][info][gc          ] Allocation Stall (Executor task launch worker for task 35.0 in stage 0.0 (TID 35)) 37.721ms
[184.003s][info][gc          ] Allocation Stall (Executor task launch worker for task 45.0 in stage 0.0 (TID 45)) 37.738ms
[184.003s][info][gc          ] Allocation Stall (Executor task launch worker for task 3.0 in stage 0.0 (TID 3)) 37.895ms
[184.003s][info][gc          ] Allocation Stall (Executor task launch worker for task 18.0 in stage 0.0 (TID 18)) 37.900ms
[184.003s][info][gc          ] Allocation Stall (Executor task launch worker for task 43.0 in stage 0.0 (TID 43)) 37.941ms
[184.003s][info][gc          ] Allocation Stall (Executor task launch worker for task 26.0 in stage 0.0 (TID 26)) 37.952ms
[184.003s][info][gc          ] Allocation Stall (Executor task launch worker for task 11.0 in stage 0.0 (TID 11)) 37.962ms
[184.003s][info][gc          ] Allocation Stall (Executor task launch worker for task 31.0 in stage 0.0 (TID 31)) 37.948ms
[184.003s][info][gc          ] Allocation Stall (Executor task launch worker for task 24.0 in stage 0.0 (TID 24)) 37.989ms
[184.003s][info][gc          ] Allocation Stall (Executor task launch worker for task 15.0 in stage 0.0 (TID 15)) 38.049ms
[184.003s][info][gc          ] Allocation Stall (Executor task launch worker for task 13.0 in stage 0.0 (TID 13)) 38.044ms
[184.003s][info][gc          ] Allocation Stall (Executor task launch worker for task 39.0 in stage 0.0 (TID 39)) 38.034ms
[184.003s][info][gc          ] Allocation Stall (Executor task launch worker for task 9.0 in stage 0.0 (TID 9)) 38.086ms
[184.003s][info][gc          ] Allocation Stall (Executor task launch worker for task 28.0 in stage 0.0 (TID 28)) 38.097ms
[184.003s][info][gc          ] Allocation Stall (Executor task launch worker for task 10.0 in stage 0.0 (TID 10)) 38.122ms
[184.003s][info][gc          ] Allocation Stall (Executor task launch worker for task 37.0 in stage 0.0 (TID 37)) 38.059ms
[184.003s][info][gc          ] Allocation Stall (Executor task launch worker for task 5.0 in stage 0.0 (TID 5)) 38.057ms
[184.003s][info][gc          ] Allocation Stall (Executor task launch worker for task 0.0 in stage 0.0 (TID 0)) 38.157ms
[184.003s][info][gc          ] Allocation Stall (Executor task launch worker for task 4.0 in stage 0.0 (TID 4)) 38.158ms
[184.003s][info][gc          ] Allocation Stall (Executor task launch worker for task 46.0 in stage 0.0 (TID 46)) 36.679ms
[184.003s][info][gc          ] Allocation Stall (Executor task launch worker for task 17.0 in stage 0.0 (TID 17)) 38.237ms
[184.003s][info][gc          ] Allocation Stall (Executor task launch worker for task 25.0 in stage 0.0 (TID 25)) 31.487ms
[184.003s][info][gc          ] Allocation Stall (Executor task launch worker for task 41.0 in stage 0.0 (TID 41)) 38.436ms
[184.003s][info][gc          ] Allocation Stall (Executor task launch worker for task 14.0 in stage 0.0 (TID 14)) 38.512ms
[184.004s][info][gc          ] Allocation Stall (Spark Context Cleaner) 7.432ms
[184.020s][info][gc          ] Allocation Stall (Executor task launch worker for task 47.0 in stage 0.0 (TID 47)) 3.344ms
[184.021s][info][gc          ] Allocation Stall (Executor task launch worker for task 30.0 in stage 0.0 (TID 30)) 3.961ms
[184.027s][info][gc          ] Relocation Stall (Executor task launch worker for task 1.0 in stage 0.0 (TID 1)) 23.598ms
[184.027s][info][gc          ] Relocation Stall (Executor task launch worker for task 5.0 in stage 0.0 (TID 5)) 22.968ms
[184.027s][info][gc          ] Relocation Stall (Executor task launch worker for task 10.0 in stage 0.0 (TID 10)) 23.089ms
[184.027s][info][gc          ] Relocation Stall (Executor task launch worker for task 33.0 in stage 0.0 (TID 33)) 22.412ms
[184.027s][info][gc          ] Relocation Stall (Executor task launch worker for task 2.0 in stage 0.0 (TID 2)) 23.935ms
[184.027s][info][gc          ] Relocation Stall (Executor task launch worker for task 27.0 in stage 0.0 (TID 27)) 23.405ms
[184.027s][info][gc          ] Relocation Stall (Executor task launch worker for task 23.0 in stage 0.0 (TID 23)) 19.560ms
[184.027s][info][gc          ] Relocation Stall (Executor task launch worker for task 7.0 in stage 0.0 (TID 7)) 18.617ms
[184.027s][info][gc          ] Relocation Stall (Executor task launch worker for task 16.0 in stage 0.0 (TID 16)) 16.378ms
[184.027s][info][gc          ] Allocation Stall (Executor task launch worker for task 34.0 in stage 0.0 (TID 34)) 10.123ms
[184.027s][info][gc          ] Allocation Stall (Executor task launch worker for task 24.0 in stage 0.0 (TID 24)) 9.831ms
[184.027s][info][gc          ] Allocation Stall (Executor task launch worker for task 35.0 in stage 0.0 (TID 35)) 9.575ms
[184.027s][info][gc          ] Allocation Stall (Executor task launch worker for task 20.0 in stage 0.0 (TID 20)) 9.647ms
[184.027s][info][gc          ] Allocation Stall (Executor task launch worker for task 19.0 in stage 0.0 (TID 19)) 9.417ms
[184.027s][info][gc          ] Allocation Stall (Executor task launch worker for task 6.0 in stage 0.0 (TID 6)) 10.179ms
[184.027s][info][gc          ] Allocation Stall (Executor task launch worker for task 42.0 in stage 0.0 (TID 42)) 9.183ms
[184.027s][info][gc          ] Allocation Stall (Executor task launch worker for task 18.0 in stage 0.0 (TID 18)) 9.143ms
[184.027s][info][gc,phases   ] GC(66) Concurrent Relocate 24.568ms
[184.028s][info][gc,load     ] GC(66) Load: 0.00/0.00/0.00
[184.028s][info][gc,mmu      ] GC(66) MMU: 2ms/95.7%, 5ms/98.3%, 10ms/99.1%, 20ms/99.5%, 50ms/99.8%, 100ms/99.8%
[184.028s][info][gc,marking  ] GC(66) Mark: 4 stripe(s), 2 proactive flush(es), 1 terminate flush(es), 0 completion(s), 0 continuation(s) 
[184.028s][info][gc,marking  ] GC(66) Mark Stack Usage: 32M
[184.028s][info][gc,nmethod  ] GC(66) NMethods: 1422 registered, 0 unregistered
[184.028s][info][gc,metaspace] GC(66) Metaspace: 107M used, 116M committed, 1152M reserved
[184.028s][info][gc          ] Allocation Stall (Executor task launch worker for task 44.0 in stage 0.0 (TID 44)) 9.663ms
[184.028s][info][gc,ref      ] GC(66) Soft: 2800 encountered, 2244 discovered, 0 enqueued
[184.028s][info][gc,ref      ] GC(66) Weak: 12976 encountered, 4046 discovered, 2 enqueued
[184.028s][info][gc,ref      ] GC(66) Final: 40 encountered, 0 discovered, 0 enqueued
[184.028s][info][gc          ] Allocation Stall (Executor task launch worker for task 21.0 in stage 0.0 (TID 21)) 9.516ms
[184.028s][info][gc,ref      ] GC(66) Phantom: 750 encountered, 540 discovered, 0 enqueued
[184.028s][info][gc          ] Allocation Stall (Executor task launch worker for task 15.0 in stage 0.0 (TID 15)) 9.463ms
[184.028s][info][gc,reloc    ] GC(66) Small Pages: 66 / 132M, Empty: 18M, Relocated: 3M, In-Place: 4
[184.028s][info][gc          ] Allocation Stall (Executor task launch worker for task 26.0 in stage 0.0 (TID 26)) 9.433ms
[184.028s][info][gc,reloc    ] GC(66) Medium Pages: 2 / 32M, Empty: 0M, Relocated: 10M, In-Place: 1
[184.028s][info][gc          ] Allocation Stall (Executor task launch worker for task 22.0 in stage 0.0 (TID 22)) 9.170ms
[184.028s][info][gc,reloc    ] GC(66) Large Pages: 53 / 348M, Empty: 12M, Relocated: 0M, In-Place: 0
[184.028s][info][gc          ] Allocation Stall (Executor task launch worker for task 8.0 in stage 0.0 (TID 8)) 9.094ms
[184.028s][info][gc,reloc    ] GC(66) Forwarding Usage: 0M
[184.028s][info][gc          ] Allocation Stall (Executor task launch worker for task 37.0 in stage 0.0 (TID 37)) 9.040ms
[184.028s][info][gc          ] Allocation Stall (Executor task launch worker for task 38.0 in stage 0.0 (TID 38)) 9.043ms
[184.028s][info][gc,heap     ] GC(66) Min Capacity: 8M(2%)
[184.028s][info][gc          ] Allocation Stall (Executor task launch worker for task 14.0 in stage 0.0 (TID 14)) 9.068ms
[184.028s][info][gc          ] Allocation Stall (Executor task launch worker for task 45.0 in stage 0.0 (TID 45)) 9.088ms
[184.028s][info][gc,heap     ] GC(66) Max Capacity: 512M(100%)
[184.028s][info][gc          ] Allocation Stall (Executor task launch worker for task 12.0 in stage 0.0 (TID 12)) 9.120ms
[184.028s][info][gc          ] Allocation Stall (Executor task launch worker for task 11.0 in stage 0.0 (TID 11)) 9.181ms
[184.028s][info][gc,heap     ] GC(66) Soft Max Capacity: 512M(100%)
[184.029s][info][gc          ] Allocation Stall (Executor task launch worker for task 31.0 in stage 0.0 (TID 31)) 9.241ms
[184.029s][info][gc          ] Allocation Stall (Executor task launch worker for task 4.0 in stage 0.0 (TID 4)) 9.058ms
[184.029s][info][gc,heap     ] GC(66)                Mark Start          Mark End        Relocate Start      Relocate End           High               Low         
[184.029s][info][gc          ] Allocation Stall (Executor task launch worker for task 3.0 in stage 0.0 (TID 3)) 9.107ms
[184.029s][info][gc          ] Allocation Stall (Executor task launch worker for task 0.0 in stage 0.0 (TID 0)) 8.926ms
[184.029s][info][gc,heap     ] GC(66)  Capacity:      512M (100%)        512M (100%)        512M (100%)        512M (100%)        512M (100%)        512M (100%)   
[184.029s][info][gc          ] Allocation Stall (Executor task launch worker for task 43.0 in stage 0.0 (TID 43)) 9.016ms
[184.029s][info][gc,heap     ] GC(66)      Free:        0M (0%)            0M (0%)            0M (0%)            0M (0%)           30M (6%)            0M (0%)     
[184.029s][info][gc          ] Allocation Stall (Executor task launch worker for task 41.0 in stage 0.0 (TID 41)) 9.156ms
[184.029s][info][gc,heap     ] GC(66)      Used:      512M (100%)        512M (100%)        512M (100%)        512M (100%)        512M (100%)        482M (94%)    
[184.029s][info][gc          ] Allocation Stall (Executor task launch worker for task 17.0 in stage 0.0 (TID 17)) 9.140ms
[184.029s][info][gc,heap     ] GC(66)      Live:         -               404M (79%)         404M (79%)         404M (79%)            -                  -          
[184.029s][info][gc,heap     ] GC(66) Allocated:         -                 0M (0%)           30M (6%)           84M (16%)            -                  -          
[184.029s][info][gc          ] Allocation Stall (Executor task launch worker for task 46.0 in stage 0.0 (TID 46)) 9.169ms
[184.029s][info][gc,heap     ] GC(66)   Garbage:         -               107M (21%)          77M (15%)          23M (5%)             -                  -          
[184.029s][info][gc,heap     ] GC(66) Reclaimed:         -                  -                30M (6%)           84M (16%)            -                  -          
[184.029s][info][gc          ] Allocation Stall (Executor task launch worker for task 13.0 in stage 0.0 (TID 13)) 9.241ms
[184.029s][info][gc          ] GC(66) Garbage Collection (Allocation Stall) 512M(100%)->512M(100%)
[184.029s][info][gc          ] Allocation Stall (Executor task launch worker for task 36.0 in stage 0.0 (TID 36)) 8.617ms
[184.029s][info][gc,start    ] GC(67) Garbage Collection (Allocation Stall)
[184.029s][info][gc,ref      ] GC(67) Clearing All SoftReferences
[184.029s][info][gc          ] Allocation Stall (Executor task launch worker for task 32.0 in stage 0.0 (TID 32)) 8.692ms
[184.029s][info][gc,task     ] GC(67) Using 5 workers
[184.030s][info][gc,ref      ] GC(67) Clearing All SoftReferences
[184.030s][info][gc,phases   ] GC(67) Pause Mark Start 0.029ms
[184.030s][info][gc          ] Allocation Stall (Executor task launch worker for task 40.0 in stage 0.0 (TID 40)) 9.475ms
[184.030s][info][gc          ] Allocation Stall (Executor task launch worker for task 28.0 in stage 0.0 (TID 28)) 9.465ms
[184.030s][info][gc          ] Allocation Stall (Executor task launch worker for task 47.0 in stage 0.0 (TID 47)) 9.475ms
[184.030s][info][gc          ] Allocation Stall (Executor task launch worker for task 39.0 in stage 0.0 (TID 39)) 9.587ms
[184.031s][info][gc          ] Allocation Stall (Executor task launch worker for task 29.0 in stage 0.0 (TID 29)) 9.620ms
[184.031s][info][gc          ] Allocation Stall (Executor task launch worker for task 30.0 in stage 0.0 (TID 30)) 9.099ms
[184.074s][info][gc,phases   ] GC(67) Concurrent Mark 43.830ms
[184.074s][info][gc,phases   ] GC(67) Pause Mark End 0.015ms
[184.074s][info][gc,phases   ] GC(67) Concurrent Mark Free 0.001ms
[184.076s][info][gc,phases   ] GC(67) Concurrent Process Non-Strong References 1.436ms
[184.076s][info][gc,phases   ] GC(67) Concurrent Reset Relocation Set 0.005ms
[184.079s][info][gc          ] Allocation Stall (Executor task launch worker for task 32.0 in stage 0.0 (TID 32)) 49.122ms
[184.079s][info][gc          ] Allocation Stall (Executor task launch worker for task 2.0 in stage 0.0 (TID 2)) 51.766ms
[184.079s][info][gc          ] Allocation Stall (Executor task launch worker for task 5.0 in stage 0.0 (TID 5)) 52.024ms
[184.079s][info][gc          ] Allocation Stall (Executor task launch worker for task 37.0 in stage 0.0 (TID 37)) 49.102ms
[184.079s][info][gc          ] Allocation Stall (Executor task launch worker for task 23.0 in stage 0.0 (TID 23)) 51.872ms
[184.079s][info][gc          ] Allocation Stall (Executor task launch worker for task 43.0 in stage 0.0 (TID 43)) 49.119ms
[184.079s][info][gc          ] Allocation Stall (Executor task launch worker for task 9.0 in stage 0.0 (TID 9)) 57.950ms
[184.079s][info][gc          ] Allocation Stall (Executor task launch worker for task 25.0 in stage 0.0 (TID 25)) 52.705ms
[184.079s][info][gc          ] Allocation Stall (Executor task launch worker for task 13.0 in stage 0.0 (TID 13)) 49.103ms
[184.079s][info][gc          ] Allocation Stall (Executor task launch worker for task 1.0 in stage 0.0 (TID 1)) 52.047ms
[184.079s][info][gc          ] Allocation Stall (Executor task launch worker for task 10.0 in stage 0.0 (TID 10)) 52.049ms
[184.080s][info][gc          ] Allocation Stall (Executor task launch worker for task 41.0 in stage 0.0 (TID 41)) 49.329ms
[184.080s][info][gc          ] Allocation Stall (Executor task launch worker for task 34.0 in stage 0.0 (TID 34)) 49.358ms
[184.080s][info][gc          ] Allocation Stall (Executor task launch worker for task 20.0 in stage 0.0 (TID 20)) 49.372ms
[184.080s][info][gc          ] Allocation Stall (Executor task launch worker for task 46.0 in stage 0.0 (TID 46)) 49.425ms
[184.080s][info][gc          ] Allocation Stall (Executor task launch worker for task 7.0 in stage 0.0 (TID 7)) 49.467ms
[184.080s][info][gc          ] Allocation Stall (Executor task launch worker for task 27.0 in stage 0.0 (TID 27)) 49.580ms
[184.080s][info][gc          ] Allocation Stall (Executor task launch worker for task 17.0 in stage 0.0 (TID 17)) 49.623ms
[184.080s][info][gc          ] Allocation Stall (Executor task launch worker for task 42.0 in stage 0.0 (TID 42)) 49.742ms
[184.080s][info][gc          ] Allocation Stall (Executor task launch worker for task 22.0 in stage 0.0 (TID 22)) 49.844ms
[184.080s][info][gc          ] Allocation Stall (Executor task launch worker for task 4.0 in stage 0.0 (TID 4)) 49.901ms
[184.080s][info][gc          ] Allocation Stall (Executor task launch worker for task 8.0 in stage 0.0 (TID 8)) 49.970ms
[184.080s][info][gc          ] Allocation Stall (Executor task launch worker for task 16.0 in stage 0.0 (TID 16)) 50.048ms
[184.081s][info][gc          ] Allocation Stall (Executor task launch worker for task 6.0 in stage 0.0 (TID 6)) 50.116ms
[184.081s][info][gc          ] Allocation Stall (Executor task launch worker for task 36.0 in stage 0.0 (TID 36)) 50.167ms
[184.081s][info][gc          ] Allocation Stall (Executor task launch worker for task 0.0 in stage 0.0 (TID 0)) 50.250ms
[184.081s][info][gc          ] Allocation Stall (Executor task launch worker for task 26.0 in stage 0.0 (TID 26)) 50.271ms
[184.081s][info][gc          ] Allocation Stall (Executor task launch worker for task 19.0 in stage 0.0 (TID 19)) 50.288ms
[184.081s][info][gc          ] Allocation Stall (Executor task launch worker for task 33.0 in stage 0.0 (TID 33)) 50.352ms
[184.081s][info][gc          ] Allocation Stall (Executor task launch worker for task 38.0 in stage 0.0 (TID 38)) 50.316ms
[184.081s][info][gc          ] Allocation Stall (Executor task launch worker for task 31.0 in stage 0.0 (TID 31)) 46.648ms
[184.081s][info][gc          ] Allocation Stall (Executor task launch worker for task 47.0 in stage 0.0 (TID 47)) 46.698ms
[184.081s][info][gc          ] Allocation Stall (Executor task launch worker for task 30.0 in stage 0.0 (TID 30)) 46.762ms
[184.081s][info][gc          ] Allocation Stall (Executor task launch worker for task 29.0 in stage 0.0 (TID 29)) 46.815ms
[184.081s][info][gc          ] Allocation Stall (Executor task launch worker for task 21.0 in stage 0.0 (TID 21)) 46.705ms
[184.081s][info][gc          ] Allocation Stall (Executor task launch worker for task 35.0 in stage 0.0 (TID 35)) 46.712ms
[184.081s][info][gc          ] Allocation Stall (Executor task launch worker for task 12.0 in stage 0.0 (TID 12)) 46.735ms
[184.081s][info][gc          ] Allocation Stall (Executor task launch worker for task 40.0 in stage 0.0 (TID 40)) 46.586ms
[184.081s][info][gc          ] Allocation Stall (Executor task launch worker for task 3.0 in stage 0.0 (TID 3)) 46.498ms
[184.082s][info][gc          ] Allocation Stall (Executor task launch worker for task 18.0 in stage 0.0 (TID 18)) 46.635ms
[184.082s][info][gc          ] Allocation Stall (Executor task launch worker for task 24.0 in stage 0.0 (TID 24)) 46.707ms
[184.082s][info][gc          ] Allocation Stall (Executor task launch worker for task 39.0 in stage 0.0 (TID 39)) 46.800ms
[184.082s][info][gc          ] Allocation Stall (Executor task launch worker for task 45.0 in stage 0.0 (TID 45)) 46.654ms
[184.082s][info][gc          ] Allocation Stall (Executor task launch worker for task 14.0 in stage 0.0 (TID 14)) 46.646ms
[184.082s][info][gc          ] Allocation Stall (Executor task launch worker for task 11.0 in stage 0.0 (TID 11)) 46.722ms
[184.082s][info][gc          ] Allocation Stall (Executor task launch worker for task 15.0 in stage 0.0 (TID 15)) 46.800ms
[184.082s][info][gc          ] Allocation Stall (Executor task launch worker for task 44.0 in stage 0.0 (TID 44)) 46.727ms
[184.082s][info][gc          ] Allocation Stall (Executor task launch worker for task 28.0 in stage 0.0 (TID 28)) 46.775ms
[184.094s][info][gc,phases   ] GC(67) Concurrent Select Relocation Set 17.600ms
[184.094s][info][gc,phases   ] GC(67) Pause Relocate Start 0.007ms
[184.094s][info][gc          ] Allocation Stall (Executor task launch worker for task 5.0 in stage 0.0 (TID 5)) 13.857ms
[184.094s][info][gc          ] Relocation Stall (Executor task launch worker for task 45.0 in stage 0.0 (TID 45)) 0.043ms
[184.095s][info][gc          ] Allocation Stall (Executor task launch worker for task 31.0 in stage 0.0 (TID 31)) 1.869ms
[184.095s][info][gc          ] Allocation Stall (Executor task launch worker for task 7.0 in stage 0.0 (TID 7)) 1.867ms
[184.095s][info][gc          ] Relocation Stall (Executor task launch worker for task 27.0 in stage 0.0 (TID 27)) 0.335ms
[184.097s][info][gc          ] Allocation Stall (Executor task launch worker for task 46.0 in stage 0.0 (TID 46)) 4.671ms
[184.097s][info][gc          ] Allocation Stall (Executor task launch worker for task 10.0 in stage 0.0 (TID 10)) 2.795ms
[184.097s][info][gc          ] Allocation Stall (Executor task launch worker for task 33.0 in stage 0.0 (TID 33)) 2.870ms
[184.108s][info][gc          ] Allocation Stall (Executor task launch worker for task 43.0 in stage 0.0 (TID 43)) 5.004ms
[184.109s][info][gc          ] Allocation Stall (Executor task launch worker for task 34.0 in stage 0.0 (TID 34)) 5.467ms
[184.109s][info][gc          ] Allocation Stall (Executor task launch worker for task 37.0 in stage 0.0 (TID 37)) 4.689ms
[184.109s][info][gc          ] Allocation Stall (Executor task launch worker for task 38.0 in stage 0.0 (TID 38)) 5.585ms
[184.109s][info][gc          ] Allocation Stall (Executor task launch worker for task 12.0 in stage 0.0 (TID 12)) 5.036ms
[184.109s][info][gc          ] Allocation Stall (Executor task launch worker for task 28.0 in stage 0.0 (TID 28)) 5.548ms
[184.109s][info][gc          ] Allocation Stall (Executor task launch worker for task 20.0 in stage 0.0 (TID 20)) 4.727ms
[184.109s][info][gc          ] Allocation Stall (Executor task launch worker for task 40.0 in stage 0.0 (TID 40)) 4.857ms
[184.109s][info][gc          ] Allocation Stall (Executor task launch worker for task 47.0 in stage 0.0 (TID 47)) 4.606ms
[184.110s][info][gc          ] Allocation Stall (Executor task launch worker for task 13.0 in stage 0.0 (TID 13)) 6.179ms
[184.110s][info][gc          ] Allocation Stall (Executor task launch worker for task 42.0 in stage 0.0 (TID 42)) 6.198ms
[184.110s][info][gc          ] Allocation Stall (Executor task launch worker for task 3.0 in stage 0.0 (TID 3)) 6.108ms
[184.110s][info][gc          ] Allocation Stall (Executor task launch worker for task 45.0 in stage 0.0 (TID 45)) 6.122ms
[184.110s][info][gc          ] Allocation Stall (Executor task launch worker for task 26.0 in stage 0.0 (TID 26)) 6.044ms
[184.110s][info][gc          ] Allocation Stall (Executor task launch worker for task 35.0 in stage 0.0 (TID 35)) 5.758ms
[184.110s][info][gc          ] Allocation Stall (Executor task launch worker for task 14.0 in stage 0.0 (TID 14)) 5.578ms
[184.111s][info][gc          ] Allocation Stall (Executor task launch worker for task 30.0 in stage 0.0 (TID 30)) 5.522ms
[184.111s][info][gc          ] Allocation Stall (Executor task launch worker for task 18.0 in stage 0.0 (TID 18)) 5.535ms
[184.111s][info][gc          ] Allocation Stall (Executor task launch worker for task 22.0 in stage 0.0 (TID 22)) 5.539ms
[184.111s][info][gc          ] Allocation Stall (Executor task launch worker for task 8.0 in stage 0.0 (TID 8)) 5.522ms
[184.111s][info][gc          ] Allocation Stall (Executor task launch worker for task 17.0 in stage 0.0 (TID 17)) 5.434ms
[184.111s][info][gc          ] Allocation Stall (Executor task launch worker for task 21.0 in stage 0.0 (TID 21)) 5.291ms
[184.111s][info][gc          ] Allocation Stall (Executor task launch worker for task 11.0 in stage 0.0 (TID 11)) 5.259ms
[184.111s][info][gc          ] Allocation Stall (Spark Context Cleaner) 5.300ms
[184.111s][info][gc          ] Allocation Stall (Executor task launch worker for task 15.0 in stage 0.0 (TID 15)) 5.319ms
[184.111s][info][gc          ] Allocation Stall (Executor task launch worker for task 25.0 in stage 0.0 (TID 25)) 5.368ms
[184.111s][info][gc          ] Allocation Stall (Executor task launch worker for task 44.0 in stage 0.0 (TID 44)) 5.356ms
[184.111s][info][gc          ] Allocation Stall (Executor task launch worker for task 29.0 in stage 0.0 (TID 29)) 5.386ms
[184.111s][info][gc          ] Allocation Stall (Executor task launch worker for task 32.0 in stage 0.0 (TID 32)) 5.280ms
[184.111s][info][gc          ] Allocation Stall (Executor task launch worker for task 24.0 in stage 0.0 (TID 24)) 5.203ms
[184.111s][info][gc          ] Allocation Stall (Executor task launch worker for task 31.0 in stage 0.0 (TID 31)) 5.435ms
[184.111s][info][gc          ] Allocation Stall (Executor task launch worker for task 39.0 in stage 0.0 (TID 39)) 5.335ms
[184.111s][info][gc          ] Allocation Stall (Executor task launch worker for task 0.0 in stage 0.0 (TID 0)) 5.284ms
[184.111s][info][gc          ] Allocation Stall (Executor task launch worker for task 19.0 in stage 0.0 (TID 19)) 5.326ms
[184.111s][info][gc          ] Allocation Stall (Executor task launch worker for task 9.0 in stage 0.0 (TID 9)) 5.366ms
[184.112s][info][gc          ] Allocation Stall (Executor task launch worker for task 6.0 in stage 0.0 (TID 6)) 5.475ms
[184.112s][info][gc          ] Allocation Stall (Executor task launch worker for task 4.0 in stage 0.0 (TID 4)) 5.366ms
[184.114s][info][gc          ] Allocation Stall (Executor task launch worker for task 36.0 in stage 0.0 (TID 36)) 7.325ms
[184.114s][info][gc          ] Allocation Stall (Executor task launch worker for task 43.0 in stage 0.0 (TID 43)) 5.004ms
[184.128s][info][gc          ] Relocation Stall (Executor task launch worker for task 10.0 in stage 0.0 (TID 10)) 27.901ms
[184.128s][info][gc          ] Relocation Stall (Executor task launch worker for task 2.0 in stage 0.0 (TID 2)) 30.071ms
[184.128s][info][gc          ] Relocation Stall (Executor task launch worker for task 23.0 in stage 0.0 (TID 23)) 32.054ms
[184.128s][info][gc          ] Relocation Stall (Executor task launch worker for task 16.0 in stage 0.0 (TID 16)) 27.896ms
[184.128s][info][gc          ] Relocation Stall (Executor task launch worker for task 1.0 in stage 0.0 (TID 1)) 30.702ms
[184.128s][info][gc          ] Relocation Stall (Executor task launch worker for task 7.0 in stage 0.0 (TID 7)) 29.480ms
[184.128s][info][gc          ] Relocation Stall (Executor task launch worker for task 46.0 in stage 0.0 (TID 46)) 27.430ms
[184.128s][info][gc          ] Relocation Stall (Executor task launch worker for task 27.0 in stage 0.0 (TID 27)) 30.581ms
[184.128s][info][gc          ] Allocation Stall (Executor task launch worker for task 31.0 in stage 0.0 (TID 31)) 9.409ms
[184.128s][info][gc          ] Allocation Stall (Executor task launch worker for task 34.0 in stage 0.0 (TID 34)) 8.736ms
[184.128s][info][gc          ] Allocation Stall (Executor task launch worker for task 39.0 in stage 0.0 (TID 39)) 9.314ms
[184.128s][info][gc          ] Allocation Stall (Executor task launch worker for task 0.0 in stage 0.0 (TID 0)) 8.840ms
[184.128s][info][gc          ] Allocation Stall (Executor task launch worker for task 19.0 in stage 0.0 (TID 19)) 8.862ms
[184.128s][info][gc          ] Allocation Stall (Executor task launch worker for task 6.0 in stage 0.0 (TID 6)) 8.493ms
[184.128s][info][gc          ] Allocation Stall (Executor task launch worker for task 9.0 in stage 0.0 (TID 9)) 8.483ms
[184.128s][info][gc          ] Allocation Stall (Executor task launch worker for task 24.0 in stage 0.0 (TID 24)) 8.022ms
[184.128s][info][gc,phases   ] GC(67) Concurrent Relocate 34.062ms
[184.128s][info][gc,load     ] GC(67) Load: 0.00/0.00/0.00
[184.128s][info][gc,mmu      ] GC(67) MMU: 2ms/95.7%, 5ms/98.3%, 10ms/99.1%, 20ms/99.5%, 50ms/99.8%, 100ms/99.8%
[184.128s][info][gc,marking  ] GC(67) Mark: 4 stripe(s), 2 proactive flush(es), 1 terminate flush(es), 0 completion(s), 0 continuation(s) 
[184.128s][info][gc,marking  ] GC(67) Mark Stack Usage: 32M
[184.128s][info][gc,nmethod  ] GC(67) NMethods: 1424 registered, 0 unregistered
[184.128s][info][gc,metaspace] GC(67) Metaspace: 107M used, 116M committed, 1152M reserved
[184.128s][info][gc,ref      ] GC(67) Soft: 2800 encountered, 2255 discovered, 0 enqueued
[184.128s][info][gc,ref      ] GC(67) Weak: 12979 encountered, 2480 discovered, 2 enqueued
[184.129s][info][gc,ref      ] GC(67) Final: 40 encountered, 1 discovered, 0 enqueued
[184.129s][info][gc,ref      ] GC(67) Phantom: 750 encountered, 641 discovered, 0 enqueued
[184.129s][info][gc          ] Allocation Stall (Executor task launch worker for task 37.0 in stage 0.0 (TID 37)) 8.302ms
[184.129s][info][gc,reloc    ] GC(67) Small Pages: 67 / 134M, Empty: 10M, Relocated: 5M, In-Place: 4
[184.129s][info][gc          ] Allocation Stall (Executor task launch worker for task 4.0 in stage 0.0 (TID 4)) 8.092ms
[184.129s][info][gc          ] Allocation Stall (Executor task launch worker for task 26.0 in stage 0.0 (TID 26)) 8.063ms
[184.129s][info][gc          ] Allocation Stall (Executor task launch worker for task 32.0 in stage 0.0 (TID 32)) 7.644ms
[184.129s][info][gc,reloc    ] GC(67) Medium Pages: 2 / 32M, Empty: 0M, Relocated: 9M, In-Place: 1
[184.129s][info][gc          ] Allocation Stall (Executor task launch worker for task 28.0 in stage 0.0 (TID 28)) 7.615ms
[184.129s][info][gc          ] Allocation Stall (Executor task launch worker for task 43.0 in stage 0.0 (TID 43)) 7.601ms
[184.129s][info][gc          ] Allocation Stall (Executor task launch worker for task 29.0 in stage 0.0 (TID 29)) 7.487ms
[184.129s][info][gc,reloc    ] GC(67) Large Pages: 51 / 340M, Empty: 12M, Relocated: 0M, In-Place: 0
[184.129s][info][gc          ] Allocation Stall (Executor task launch worker for task 11.0 in stage 0.0 (TID 11)) 7.393ms
[184.129s][info][gc          ] Allocation Stall (Executor task launch worker for task 36.0 in stage 0.0 (TID 36)) 7.262ms
[184.129s][info][gc          ] Allocation Stall (Executor task launch worker for task 3.0 in stage 0.0 (TID 3)) 7.199ms
[184.129s][info][gc          ] Allocation Stall (Executor task launch worker for task 45.0 in stage 0.0 (TID 45)) 7.208ms
[184.129s][info][gc,reloc    ] GC(67) Forwarding Usage: 0M
[184.129s][info][gc          ] Allocation Stall (Executor task launch worker for task 40.0 in stage 0.0 (TID 40)) 7.228ms
[184.129s][info][gc          ] Allocation Stall (Executor task launch worker for task 35.0 in stage 0.0 (TID 35)) 7.154ms
[184.129s][info][gc          ] Allocation Stall (Executor task launch worker for task 47.0 in stage 0.0 (TID 47)) 7.200ms
[184.129s][info][gc,heap     ] GC(67) Min Capacity: 8M(2%)
[184.129s][info][gc          ] Allocation Stall (Executor task launch worker for task 20.0 in stage 0.0 (TID 20)) 7.220ms
[184.129s][info][gc          ] Allocation Stall (Executor task launch worker for task 38.0 in stage 0.0 (TID 38)) 7.227ms
[184.129s][info][gc,heap     ] GC(67) Max Capacity: 512M(100%)
[184.129s][info][gc          ] Allocation Stall (Executor task launch worker for task 13.0 in stage 0.0 (TID 13)) 7.242ms
[184.129s][info][gc          ] Allocation Stall (Executor task launch worker for task 33.0 in stage 0.0 (TID 33)) 7.263ms
[184.129s][info][gc          ] Allocation Stall (Executor task launch worker for task 30.0 in stage 0.0 (TID 30)) 7.225ms
[184.129s][info][gc          ] Allocation Stall (Executor task launch worker for task 8.0 in stage 0.0 (TID 8)) 6.971ms
[184.129s][info][gc,heap     ] GC(67) Soft Max Capacity: 512M(100%)
[184.129s][info][gc          ] Allocation Stall (Executor task launch worker for task 44.0 in stage 0.0 (TID 44)) 7.035ms
[184.129s][info][gc          ] Allocation Stall (Executor task launch worker for task 17.0 in stage 0.0 (TID 17)) 6.976ms
[184.129s][info][gc          ] Allocation Stall (Executor task launch worker for task 21.0 in stage 0.0 (TID 21)) 7.017ms
[184.129s][info][gc          ] Allocation Stall (Executor task launch worker for task 25.0 in stage 0.0 (TID 25)) 7.001ms
[184.129s][info][gc,heap     ] GC(67)                Mark Start          Mark End        Relocate Start      Relocate End           High               Low         
[184.129s][info][gc          ] Allocation Stall (Executor task launch worker for task 12.0 in stage 0.0 (TID 12)) 7.046ms
[184.129s][info][gc          ] Allocation Stall (Executor task launch worker for task 5.0 in stage 0.0 (TID 5)) 7.074ms
[184.129s][info][gc          ] Allocation Stall (Executor task launch worker for task 14.0 in stage 0.0 (TID 14)) 7.078ms
[184.129s][info][gc,heap     ] GC(67)  Capacity:      512M (100%)        512M (100%)        512M (100%)        512M (100%)        512M (100%)        512M (100%)   
[184.130s][info][gc          ] Allocation Stall (Executor task launch worker for task 42.0 in stage 0.0 (TID 42)) 7.200ms
[184.130s][info][gc          ] Allocation Stall (Executor task launch worker for task 15.0 in stage 0.0 (TID 15)) 7.229ms
[184.130s][info][gc          ] Allocation Stall (Executor task launch worker for task 18.0 in stage 0.0 (TID 18)) 7.251ms
[184.130s][info][gc,heap     ] GC(67)      Free:        0M (0%)            0M (0%)            0M (0%)            0M (0%)           22M (4%)            0M (0%)     
[184.130s][info][gc          ] Allocation Stall (Executor task launch worker for task 22.0 in stage 0.0 (TID 22)) 7.346ms
[184.130s][info][gc          ] Allocation Stall (Executor task launch worker for task 41.0 in stage 0.0 (TID 41)) 5.540ms
[184.130s][info][gc,heap     ] GC(67)      Used:      512M (100%)        512M (100%)        512M (100%)        512M (100%)        512M (100%)        490M (96%)    
[184.130s][info][gc          ] Allocation Stall (Executor task launch worker for task 10.0 in stage 0.0 (TID 10)) 1.824ms
[184.130s][info][gc,heap     ] GC(67)      Live:         -               396M (77%)         396M (77%)         396M (77%)            -                  -          
[184.130s][info][gc,heap     ] GC(67) Allocated:         -                 0M (0%)           22M (4%)           86M (17%)            -                  -          
[184.130s][info][gc,heap     ] GC(67)   Garbage:         -               115M (23%)          93M (18%)          28M (6%)             -                  -          
[184.130s][info][gc,heap     ] GC(67) Reclaimed:         -                  -                22M (4%)           86M (17%)            -                  -          
[184.130s][info][gc          ] GC(67) Garbage Collection (Allocation Stall) 512M(100%)->512M(100%)
[184.130s][info][gc,start    ] GC(68) Garbage Collection (Allocation Stall)
[184.130s][info][gc,ref      ] GC(68) Clearing All SoftReferences
[184.130s][info][gc,task     ] GC(68) Using 5 workers
[184.131s][info][gc,ref      ] GC(68) Clearing All SoftReferences
[184.131s][info][gc,phases   ] GC(68) Pause Mark Start 0.033ms
[184.168s][info][gc,phases   ] GC(68) Concurrent Mark 36.809ms
[184.168s][info][gc,phases   ] GC(68) Pause Mark End 0.014ms
[184.168s][info][gc,phases   ] GC(68) Concurrent Mark Free 0.001ms
[184.169s][info][gc,phases   ] GC(68) Concurrent Process Non-Strong References 1.262ms
[184.169s][info][gc,phases   ] GC(68) Concurrent Reset Relocation Set 0.006ms
[184.173s][info][gc          ] Allocation Stall (Executor task launch worker for task 43.0 in stage 0.0 (TID 43)) 41.837ms
[184.173s][info][gc          ] Allocation Stall (Executor task launch worker for task 24.0 in stage 0.0 (TID 24)) 41.854ms
[184.173s][info][gc          ] Allocation Stall (Executor task launch worker for task 11.0 in stage 0.0 (TID 11)) 41.832ms
[184.173s][info][gc          ] Allocation Stall (Executor task launch worker for task 47.0 in stage 0.0 (TID 47)) 41.836ms
[184.173s][info][gc          ] Allocation Stall (Executor task launch worker for task 46.0 in stage 0.0 (TID 46)) 44.714ms
[184.173s][info][gc          ] Allocation Stall (Executor task launch worker for task 39.0 in stage 0.0 (TID 39)) 41.829ms
[184.173s][info][gc          ] Allocation Stall (Executor task launch worker for task 27.0 in stage 0.0 (TID 27)) 44.761ms
[184.173s][info][gc          ] Allocation Stall (Executor task launch worker for task 3.0 in stage 0.0 (TID 3)) 41.868ms
[184.173s][info][gc          ] Allocation Stall (Executor task launch worker for task 23.0 in stage 0.0 (TID 23)) 44.669ms
[184.173s][info][gc          ] Allocation Stall (Executor task launch worker for task 7.0 in stage 0.0 (TID 7)) 44.761ms
[184.173s][info][gc          ] Allocation Stall (Executor task launch worker for task 17.0 in stage 0.0 (TID 17)) 41.883ms
[184.173s][info][gc          ] Allocation Stall (Executor task launch worker for task 16.0 in stage 0.0 (TID 16)) 44.797ms
[184.173s][info][gc          ] Allocation Stall (Executor task launch worker for task 1.0 in stage 0.0 (TID 1)) 44.661ms
[184.173s][info][gc          ] Allocation Stall (Executor task launch worker for task 37.0 in stage 0.0 (TID 37)) 41.896ms
[184.173s][info][gc          ] Allocation Stall (Executor task launch worker for task 35.0 in stage 0.0 (TID 35)) 41.880ms
[184.173s][info][gc,phases   ] GC(68) Concurrent Select Relocation Set 3.623ms
[184.173s][info][gc          ] Allocation Stall (Executor task launch worker for task 9.0 in stage 0.0 (TID 9)) 41.965ms
[184.173s][info][gc          ] Allocation Stall (Executor task launch worker for task 19.0 in stage 0.0 (TID 19)) 42.031ms
[184.173s][info][gc          ] Allocation Stall (Executor task launch worker for task 36.0 in stage 0.0 (TID 36)) 42.152ms
[184.173s][info][gc          ] Allocation Stall (Executor task launch worker for task 34.0 in stage 0.0 (TID 34)) 42.225ms
[184.173s][info][gc          ] Allocation Stall (Executor task launch worker for task 20.0 in stage 0.0 (TID 20)) 42.230ms
[184.173s][info][gc          ] Allocation Stall (Executor task launch worker for task 45.0 in stage 0.0 (TID 45)) 42.277ms
[184.173s][info][gc          ] Allocation Stall (Executor task launch worker for task 28.0 in stage 0.0 (TID 28)) 42.290ms
[184.174s][info][gc          ] Allocation Stall (Executor task launch worker for task 40.0 in stage 0.0 (TID 40)) 42.406ms
[184.174s][info][gc          ] Allocation Stall (Executor task launch worker for task 0.0 in stage 0.0 (TID 0)) 42.427ms
[184.174s][info][gc          ] Allocation Stall (Executor task launch worker for task 29.0 in stage 0.0 (TID 29)) 42.461ms
[184.174s][info][gc,phases   ] GC(68) Pause Relocate Start 0.005ms
[184.174s][info][gc          ] Allocation Stall (Executor task launch worker for task 26.0 in stage 0.0 (TID 26)) 43.148ms
[184.174s][info][gc          ] Allocation Stall (Executor task launch worker for task 33.0 in stage 0.0 (TID 33)) 43.149ms
[184.174s][info][gc          ] Allocation Stall (Executor task launch worker for task 13.0 in stage 0.0 (TID 13)) 43.156ms
[184.174s][info][gc          ] Allocation Stall (Executor task launch worker for task 2.0 in stage 0.0 (TID 2)) 43.183ms
[184.174s][info][gc          ] Allocation Stall (Executor task launch worker for task 44.0 in stage 0.0 (TID 44)) 43.173ms
[184.174s][info][gc          ] Allocation Stall (Executor task launch worker for task 12.0 in stage 0.0 (TID 12)) 43.179ms
[184.174s][info][gc          ] Allocation Stall (Executor task launch worker for task 31.0 in stage 0.0 (TID 31)) 43.193ms
[184.174s][info][gc          ] Allocation Stall (Executor task launch worker for task 32.0 in stage 0.0 (TID 32)) 43.240ms
[184.174s][info][gc          ] Allocation Stall (Executor task launch worker for task 10.0 in stage 0.0 (TID 10)) 43.193ms
[184.174s][info][gc          ] Allocation Stall (Executor task launch worker for task 8.0 in stage 0.0 (TID 8)) 43.242ms
[184.174s][info][gc          ] Allocation Stall (Executor task launch worker for task 38.0 in stage 0.0 (TID 38)) 43.194ms
[184.174s][info][gc          ] Allocation Stall (Executor task launch worker for task 25.0 in stage 0.0 (TID 25)) 43.251ms
[184.174s][info][gc          ] Allocation Stall (Executor task launch worker for task 21.0 in stage 0.0 (TID 21)) 43.230ms
[184.174s][info][gc          ] Allocation Stall (Executor task launch worker for task 15.0 in stage 0.0 (TID 15)) 43.259ms
[184.175s][info][gc          ] Allocation Stall (Executor task launch worker for task 6.0 in stage 0.0 (TID 6)) 43.366ms
[184.175s][info][gc          ] Allocation Stall (Executor task launch worker for task 18.0 in stage 0.0 (TID 18)) 43.299ms
[184.175s][info][gc          ] Allocation Stall (Executor task launch worker for task 14.0 in stage 0.0 (TID 14)) 43.309ms
[184.175s][info][gc          ] Allocation Stall (Executor task launch worker for task 30.0 in stage 0.0 (TID 30)) 43.387ms
[184.175s][info][gc          ] Allocation Stall (Executor task launch worker for task 42.0 in stage 0.0 (TID 42)) 43.349ms
[184.175s][info][gc          ] Allocation Stall (Executor task launch worker for task 4.0 in stage 0.0 (TID 4)) 43.522ms
[184.175s][info][gc          ] Allocation Stall (Executor task launch worker for task 5.0 in stage 0.0 (TID 5)) 43.446ms
[184.175s][info][gc          ] Allocation Stall (Executor task launch worker for task 22.0 in stage 0.0 (TID 22)) 43.464ms
[184.175s][info][gc          ] Allocation Stall (Executor task launch worker for task 41.0 in stage 0.0 (TID 41)) 36.527ms
[184.175s][info][gc          ] Allocation Stall (RemoteBlock-temp-file-clean-thread) 38.097ms
[184.194s][info][gc          ] Allocation Stall (Executor task launch worker for task 11.0 in stage 0.0 (TID 11)) 5.855ms
[184.194s][info][gc          ] Allocation Stall (Executor task launch worker for task 9.0 in stage 0.0 (TID 9)) 4.873ms
[184.194s][info][gc          ] Allocation Stall (Executor task launch worker for task 6.0 in stage 0.0 (TID 6)) 4.696ms
[184.194s][info][gc          ] Allocation Stall (Executor task launch worker for task 33.0 in stage 0.0 (TID 33)) 5.947ms
[184.194s][info][gc          ] Allocation Stall (Executor task launch worker for task 32.0 in stage 0.0 (TID 32)) 5.823ms
[184.194s][info][gc          ] Allocation Stall (Executor task launch worker for task 43.0 in stage 0.0 (TID 43)) 5.833ms
[184.194s][info][gc          ] Allocation Stall (Executor task launch worker for task 29.0 in stage 0.0 (TID 29)) 6.004ms
[184.194s][info][gc          ] Allocation Stall (Executor task launch worker for task 3.0 in stage 0.0 (TID 3)) 5.617ms
[184.195s][info][gc          ] Allocation Stall (Executor task launch worker for task 19.0 in stage 0.0 (TID 19)) 5.328ms
[184.195s][info][gc          ] Allocation Stall (Executor task launch worker for task 45.0 in stage 0.0 (TID 45)) 5.135ms
[184.195s][info][gc          ] Allocation Stall (Executor task launch worker for task 44.0 in stage 0.0 (TID 44)) 5.171ms
[184.195s][info][gc          ] Allocation Stall (Executor task launch worker for task 30.0 in stage 0.0 (TID 30)) 4.909ms
[184.195s][info][gc          ] Allocation Stall (Executor task launch worker for task 35.0 in stage 0.0 (TID 35)) 4.844ms
[184.195s][info][gc          ] Allocation Stall (Executor task launch worker for task 39.0 in stage 0.0 (TID 39)) 4.770ms
[184.195s][info][gc          ] Allocation Stall (Executor task launch worker for task 20.0 in stage 0.0 (TID 20)) 4.774ms
[184.195s][info][gc          ] Allocation Stall (Executor task launch worker for task 34.0 in stage 0.0 (TID 34)) 4.746ms
[184.195s][info][gc          ] Allocation Stall (Executor task launch worker for task 17.0 in stage 0.0 (TID 17)) 4.719ms
[184.195s][info][gc          ] Allocation Stall (Executor task launch worker for task 15.0 in stage 0.0 (TID 15)) 4.764ms
[184.195s][info][gc          ] Allocation Stall (Executor task launch worker for task 8.0 in stage 0.0 (TID 8)) 4.536ms
[184.195s][info][gc          ] Allocation Stall (Executor task launch worker for task 26.0 in stage 0.0 (TID 26)) 4.486ms
[184.195s][info][gc          ] Allocation Stall (Executor task launch worker for task 31.0 in stage 0.0 (TID 31)) 4.283ms
[184.195s][info][gc          ] Allocation Stall (Executor task launch worker for task 40.0 in stage 0.0 (TID 40)) 4.291ms
[184.195s][info][gc          ] Allocation Stall (Executor task launch worker for task 21.0 in stage 0.0 (TID 21)) 4.102ms
[184.195s][info][gc          ] Allocation Stall (Executor task launch worker for task 4.0 in stage 0.0 (TID 4)) 3.877ms
[184.195s][info][gc          ] Allocation Stall (Executor task launch worker for task 42.0 in stage 0.0 (TID 42)) 3.907ms
[184.195s][info][gc          ] Allocation Stall (Executor task launch worker for task 41.0 in stage 0.0 (TID 41)) 3.949ms
[184.195s][info][gc          ] Allocation Stall (Executor task launch worker for task 37.0 in stage 0.0 (TID 37)) 3.959ms
[184.195s][info][gc          ] Allocation Stall (Executor task launch worker for task 13.0 in stage 0.0 (TID 13)) 3.956ms
[184.196s][info][gc          ] Allocation Stall (Executor task launch worker for task 18.0 in stage 0.0 (TID 18)) 4.010ms
[184.196s][info][gc          ] Allocation Stall (Executor task launch worker for task 47.0 in stage 0.0 (TID 47)) 4.043ms
[184.196s][info][gc          ] Allocation Stall (Executor task launch worker for task 28.0 in stage 0.0 (TID 28)) 4.053ms
[184.196s][info][gc          ] Allocation Stall (Executor task launch worker for task 25.0 in stage 0.0 (TID 25)) 4.002ms
[184.196s][info][gc          ] Allocation Stall (Executor task launch worker for task 36.0 in stage 0.0 (TID 36)) 3.895ms
[184.196s][info][gc          ] Allocation Stall (Executor task launch worker for task 0.0 in stage 0.0 (TID 0)) 3.944ms
[184.196s][info][gc          ] Allocation Stall (Executor task launch worker for task 24.0 in stage 0.0 (TID 24)) 3.982ms
[184.198s][info][gc          ] Allocation Stall (Executor task launch worker for task 5.0 in stage 0.0 (TID 5)) 6.067ms
[184.198s][info][gc          ] Allocation Stall (Executor task launch worker for task 22.0 in stage 0.0 (TID 22)) 5.988ms
[184.198s][info][gc          ] Allocation Stall (Executor task launch worker for task 14.0 in stage 0.0 (TID 14)) 5.759ms
[184.199s][info][gc          ] Allocation Stall (Executor task launch worker for task 12.0 in stage 0.0 (TID 12)) 5.765ms
[184.199s][info][gc          ] Allocation Stall (Executor task launch worker for task 38.0 in stage 0.0 (TID 38)) 5.811ms
[184.199s][info][gc          ] Allocation Stall (Executor task launch worker for task 2.0 in stage 0.0 (TID 2)) 3.999ms
[184.212s][info][gc          ] Relocation Stall (Executor task launch worker for task 1.0 in stage 0.0 (TID 1)) 36.608ms
[184.212s][info][gc          ] Relocation Stall (Executor task launch worker for task 23.0 in stage 0.0 (TID 23)) 37.450ms
[184.212s][info][gc          ] Relocation Stall (Executor task launch worker for task 7.0 in stage 0.0 (TID 7)) 36.602ms
[184.212s][info][gc          ] Relocation Stall (Executor task launch worker for task 10.0 in stage 0.0 (TID 10)) 36.982ms
[184.212s][info][gc          ] Relocation Stall (Executor task launch worker for task 27.0 in stage 0.0 (TID 27)) 37.473ms
[184.212s][info][gc          ] Relocation Stall (Executor task launch worker for task 46.0 in stage 0.0 (TID 46)) 37.585ms
[184.212s][info][gc          ] Allocation Stall (Executor task launch worker for task 11.0 in stage 0.0 (TID 11)) 9.407ms
[184.212s][info][gc          ] Allocation Stall (Executor task launch worker for task 4.0 in stage 0.0 (TID 4)) 8.994ms
[184.212s][info][gc          ] Allocation Stall (Executor task launch worker for task 47.0 in stage 0.0 (TID 47)) 8.710ms
[184.212s][info][gc          ] Allocation Stall (Executor task launch worker for task 37.0 in stage 0.0 (TID 37)) 8.660ms
[184.212s][info][gc          ] Allocation Stall (Executor task launch worker for task 21.0 in stage 0.0 (TID 21)) 9.398ms
[184.212s][info][gc          ] Allocation Stall (Executor task launch worker for task 40.0 in stage 0.0 (TID 40)) 9.050ms
[184.212s][info][gc          ] Allocation Stall (Executor task launch worker for task 2.0 in stage 0.0 (TID 2)) 8.554ms
[184.212s][info][gc,phases   ] GC(68) Concurrent Relocate 37.943ms
[184.212s][info][gc          ] Allocation Stall (Executor task launch worker for task 28.0 in stage 0.0 (TID 28)) 8.178ms
[184.212s][info][gc          ] Allocation Stall (Executor task launch worker for task 36.0 in stage 0.0 (TID 36)) 8.240ms
[184.213s][info][gc,load     ] GC(68) Load: 0.00/0.00/0.00
[184.213s][info][gc          ] Allocation Stall (Executor task launch worker for task 18.0 in stage 0.0 (TID 18)) 8.328ms
[184.213s][info][gc,mmu      ] GC(68) MMU: 2ms/95.7%, 5ms/98.3%, 10ms/99.1%, 20ms/99.5%, 50ms/99.8%, 100ms/99.8%
[184.213s][info][gc          ] Allocation Stall (Executor task launch worker for task 25.0 in stage 0.0 (TID 25)) 8.117ms
[184.213s][info][gc,marking  ] GC(68) Mark: 4 stripe(s), 2 proactive flush(es), 1 terminate flush(es), 0 completion(s), 0 continuation(s) 
[184.213s][info][gc,marking  ] GC(68) Mark Stack Usage: 32M
[184.213s][info][gc          ] Allocation Stall (Executor task launch worker for task 41.0 in stage 0.0 (TID 41)) 8.073ms
[184.213s][info][gc,nmethod  ] GC(68) NMethods: 1427 registered, 0 unregistered
[184.213s][info][gc          ] Allocation Stall (Executor task launch worker for task 45.0 in stage 0.0 (TID 45)) 7.749ms
[184.213s][info][gc,metaspace] GC(68) Metaspace: 107M used, 116M committed, 1152M reserved
[184.213s][info][gc,ref      ] GC(68) Soft: 2800 encountered, 2260 discovered, 0 enqueued
[184.213s][info][gc          ] Allocation Stall (Executor task launch worker for task 0.0 in stage 0.0 (TID 0)) 7.726ms
[184.213s][info][gc,ref      ] GC(68) Weak: 12976 encountered, 3299 discovered, 1 enqueued
[184.213s][info][gc,ref      ] GC(68) Final: 40 encountered, 0 discovered, 0 enqueued
[184.213s][info][gc,ref      ] GC(68) Phantom: 750 encountered, 438 discovered, 0 enqueued
[184.213s][info][gc,reloc    ] GC(68) Small Pages: 72 / 144M, Empty: 22M, Relocated: 3M, In-Place: 4
[184.213s][info][gc,reloc    ] GC(68) Medium Pages: 2 / 32M, Empty: 0M, Relocated: 10M, In-Place: 1
[184.213s][info][gc,reloc    ] GC(68) Large Pages: 51 / 336M, Empty: 8M, Relocated: 0M, In-Place: 0
[184.213s][info][gc,reloc    ] GC(68) Forwarding Usage: 0M
[184.213s][info][gc,heap     ] GC(68) Min Capacity: 8M(2%)
[184.213s][info][gc,heap     ] GC(68) Max Capacity: 512M(100%)
[184.213s][info][gc,heap     ] GC(68) Soft Max Capacity: 512M(100%)
[184.213s][info][gc,heap     ] GC(68)                Mark Start          Mark End        Relocate Start      Relocate End           High               Low         
[184.213s][info][gc,heap     ] GC(68)  Capacity:      512M (100%)        512M (100%)        512M (100%)        512M (100%)        512M (100%)        512M (100%)   
[184.213s][info][gc,heap     ] GC(68)      Free:        0M (0%)            0M (0%)            0M (0%)            0M (0%)           30M (6%)            0M (0%)     
[184.213s][info][gc,heap     ] GC(68)      Used:      512M (100%)        512M (100%)        512M (100%)        512M (100%)        512M (100%)        482M (94%)    
[184.213s][info][gc,heap     ] GC(68)      Live:         -               397M (78%)         397M (78%)         397M (78%)            -                  -          
[184.213s][info][gc,heap     ] GC(68) Allocated:         -                 0M (0%)           30M (6%)           92M (18%)            -                  -          
[184.213s][info][gc,heap     ] GC(68)   Garbage:         -               114M (22%)          84M (17%)          22M (4%)             -                  -          
[184.213s][info][gc,heap     ] GC(68) Reclaimed:         -                  -                30M (6%)           92M (18%)            -                  -          
[184.213s][info][gc          ] GC(68) Garbage Collection (Allocation Stall) 512M(100%)->512M(100%)
[184.213s][info][gc,start    ] GC(69) Garbage Collection (Allocation Stall)
[184.213s][info][gc,ref      ] GC(69) Clearing All SoftReferences
[184.213s][info][gc,task     ] GC(69) Using 5 workers
[184.213s][info][gc,ref      ] GC(69) Clearing All SoftReferences
[184.213s][info][gc,phases   ] GC(69) Pause Mark Start 0.032ms
[184.213s][info][gc          ] Allocation Stall (Executor task launch worker for task 19.0 in stage 0.0 (TID 19)) 8.059ms
[184.213s][info][gc          ] Allocation Stall (Executor task launch worker for task 39.0 in stage 0.0 (TID 39)) 7.942ms
[184.213s][info][gc          ] Allocation Stall (Executor task launch worker for task 9.0 in stage 0.0 (TID 9)) 7.957ms
[184.213s][info][gc          ] Allocation Stall (Executor task launch worker for task 24.0 in stage 0.0 (TID 24)) 8.179ms
[184.213s][info][gc          ] Allocation Stall (Executor task launch worker for task 22.0 in stage 0.0 (TID 22)) 7.804ms
[184.213s][info][gc          ] Allocation Stall (Executor task launch worker for task 3.0 in stage 0.0 (TID 3)) 7.893ms
[184.213s][info][gc          ] Allocation Stall (Executor task launch worker for task 6.0 in stage 0.0 (TID 6)) 7.886ms
[184.213s][info][gc          ] Allocation Stall (Executor task launch worker for task 31.0 in stage 0.0 (TID 31)) 7.894ms
[184.213s][info][gc          ] Allocation Stall (Executor task launch worker for task 8.0 in stage 0.0 (TID 8)) 7.914ms
[184.213s][info][gc          ] Allocation Stall (Executor task launch worker for task 5.0 in stage 0.0 (TID 5)) 7.904ms
[184.214s][info][gc          ] Allocation Stall (Executor task launch worker for task 29.0 in stage 0.0 (TID 29)) 7.854ms
[184.214s][info][gc          ] Allocation Stall (Executor task launch worker for task 38.0 in stage 0.0 (TID 38)) 7.677ms
[184.214s][info][gc          ] Allocation Stall (Executor task launch worker for task 14.0 in stage 0.0 (TID 14)) 7.552ms
[184.214s][info][gc          ] Allocation Stall (Executor task launch worker for task 13.0 in stage 0.0 (TID 13)) 7.567ms
[184.214s][info][gc          ] Allocation Stall (Executor task launch worker for task 34.0 in stage 0.0 (TID 34)) 7.540ms
[184.214s][info][gc          ] Allocation Stall (Executor task launch worker for task 12.0 in stage 0.0 (TID 12)) 7.547ms
[184.214s][info][gc          ] Allocation Stall (Executor task launch worker for task 17.0 in stage 0.0 (TID 17)) 7.358ms
[184.214s][info][gc          ] Allocation Stall (Executor task launch worker for task 42.0 in stage 0.0 (TID 42)) 7.379ms
[184.214s][info][gc          ] Allocation Stall (Executor task launch worker for task 33.0 in stage 0.0 (TID 33)) 7.371ms
[184.214s][info][gc          ] Allocation Stall (Executor task launch worker for task 16.0 in stage 0.0 (TID 16)) 7.399ms
[184.214s][info][gc          ] Allocation Stall (Executor task launch worker for task 32.0 in stage 0.0 (TID 32)) 7.395ms
[184.214s][info][gc          ] Allocation Stall (Executor task launch worker for task 43.0 in stage 0.0 (TID 43)) 7.382ms
[184.214s][info][gc          ] Allocation Stall (Executor task launch worker for task 26.0 in stage 0.0 (TID 26)) 7.326ms
[184.214s][info][gc          ] Allocation Stall (Executor task launch worker for task 15.0 in stage 0.0 (TID 15)) 7.352ms
[184.214s][info][gc          ] Allocation Stall (Executor task launch worker for task 35.0 in stage 0.0 (TID 35)) 7.365ms
[184.214s][info][gc          ] Allocation Stall (Executor task launch worker for task 44.0 in stage 0.0 (TID 44)) 7.387ms
[184.214s][info][gc          ] Allocation Stall (Executor task launch worker for task 30.0 in stage 0.0 (TID 30)) 7.404ms
[184.214s][info][gc          ] Allocation Stall (Executor task launch worker for task 20.0 in stage 0.0 (TID 20)) 7.499ms
[184.214s][info][gc          ] Allocation Stall (Executor task launch worker for task 1.0 in stage 0.0 (TID 1)) 1.970ms
[184.214s][info][gc          ] Allocation Stall (Executor task launch worker for task 23.0 in stage 0.0 (TID 23)) 2.025ms
[184.214s][info][gc          ] Allocation Stall (Executor task launch worker for task 7.0 in stage 0.0 (TID 7)) 2.065ms
[184.215s][info][gc          ] Allocation Stall (Executor task launch worker for task 10.0 in stage 0.0 (TID 10)) 2.139ms
[184.215s][info][gc          ] Allocation Stall (Executor task launch worker for task 27.0 in stage 0.0 (TID 27)) 2.207ms
[184.215s][info][gc          ] Allocation Stall (Executor task launch worker for task 36.0 in stage 0.0 (TID 36)) 1.417ms
[184.246s][info][gc,phases   ] GC(69) Concurrent Mark 32.639ms
[184.246s][info][gc,phases   ] GC(69) Pause Mark End 0.016ms
[184.246s][info][gc,phases   ] GC(69) Concurrent Mark Free 0.001ms
[184.247s][info][gc,phases   ] GC(69) Concurrent Process Non-Strong References 1.121ms
[184.247s][info][gc,phases   ] GC(69) Concurrent Reset Relocation Set 0.005ms
[184.250s][info][gc          ] Allocation Stall (Executor task launch worker for task 11.0 in stage 0.0 (TID 11)) 35.769ms
[184.250s][info][gc          ] Allocation Stall (Executor task launch worker for task 0.0 in stage 0.0 (TID 0)) 36.702ms
[184.250s][info][gc          ] Allocation Stall (Executor task launch worker for task 47.0 in stage 0.0 (TID 47)) 36.710ms
[184.250s][info][gc          ] Allocation Stall (Executor task launch worker for task 4.0 in stage 0.0 (TID 4)) 32.065ms
[184.250s][info][gc          ] Allocation Stall (Executor task launch worker for task 21.0 in stage 0.0 (TID 21)) 36.681ms
[184.250s][info][gc          ] Allocation Stall (Executor task launch worker for task 46.0 in stage 0.0 (TID 46)) 36.713ms
[184.250s][info][gc          ] Allocation Stall (Executor task launch worker for task 24.0 in stage 0.0 (TID 24)) 31.824ms
[184.250s][info][gc          ] Allocation Stall (Executor task launch worker for task 36.0 in stage 0.0 (TID 36)) 31.944ms
[184.250s][info][gc          ] Allocation Stall (Executor task launch worker for task 28.0 in stage 0.0 (TID 28)) 36.705ms
[184.250s][info][gc          ] Allocation Stall (Executor task launch worker for task 45.0 in stage 0.0 (TID 45)) 36.710ms
[184.250s][info][gc          ] Allocation Stall (Executor task launch worker for task 41.0 in stage 0.0 (TID 41)) 32.051ms
[184.250s][info][gc          ] Allocation Stall (Executor task launch worker for task 39.0 in stage 0.0 (TID 39)) 31.530ms
[184.250s][info][gc          ] Allocation Stall (Executor task launch worker for task 40.0 in stage 0.0 (TID 40)) 31.962ms
[184.250s][info][gc          ] Allocation Stall (Executor task launch worker for task 18.0 in stage 0.0 (TID 18)) 36.722ms
[184.250s][info][gc          ] Allocation Stall (Executor task launch worker for task 22.0 in stage 0.0 (TID 22)) 30.618ms
[184.250s][info][gc,phases   ] GC(69) Concurrent Select Relocation Set 2.874ms
[184.250s][info][gc          ] Allocation Stall (Executor task launch worker for task 14.0 in stage 0.0 (TID 14)) 30.369ms
[184.250s][info][gc          ] Allocation Stall (Executor task launch worker for task 8.0 in stage 0.0 (TID 8)) 30.282ms
[184.250s][info][gc          ] Allocation Stall (Executor task launch worker for task 3.0 in stage 0.0 (TID 3)) 30.096ms
[184.251s][info][gc          ] Allocation Stall (Executor task launch worker for task 9.0 in stage 0.0 (TID 9)) 30.344ms
[184.262s][info][gc,phases   ] GC(69) Pause Relocate Start 0.008ms
[184.262s][info][gc          ] Allocation Stall (Executor task launch worker for task 5.0 in stage 0.0 (TID 5)) 41.280ms
[184.262s][info][gc          ] Allocation Stall (Executor task launch worker for task 20.0 in stage 0.0 (TID 20)) 41.183ms
[184.262s][info][gc          ] Allocation Stall (Executor task launch worker for task 6.0 in stage 0.0 (TID 6)) 41.168ms
[184.262s][info][gc          ] Allocation Stall (Executor task launch worker for task 31.0 in stage 0.0 (TID 31)) 41.099ms
[184.262s][info][gc          ] Allocation Stall (Executor task launch worker for task 13.0 in stage 0.0 (TID 13)) 40.467ms
[184.262s][info][gc          ] Allocation Stall (Executor task launch worker for task 37.0 in stage 0.0 (TID 37)) 40.406ms
[184.262s][info][gc          ] Allocation Stall (Executor task launch worker for task 2.0 in stage 0.0 (TID 2)) 40.462ms
[184.262s][info][gc          ] Allocation Stall (Executor task launch worker for task 34.0 in stage 0.0 (TID 34)) 40.476ms
[184.262s][info][gc          ] Allocation Stall (Executor task launch worker for task 42.0 in stage 0.0 (TID 42)) 40.406ms
[184.262s][info][gc          ] Allocation Stall (Executor task launch worker for task 29.0 in stage 0.0 (TID 29)) 40.367ms
[184.262s][info][gc          ] Allocation Stall (Executor task launch worker for task 19.0 in stage 0.0 (TID 19)) 40.355ms
[184.262s][info][gc          ] Allocation Stall (Executor task launch worker for task 25.0 in stage 0.0 (TID 25)) 40.260ms
[184.262s][info][gc          ] Allocation Stall (Executor task launch worker for task 23.0 in stage 0.0 (TID 23)) 40.259ms
[184.262s][info][gc          ] Allocation Stall (Executor task launch worker for task 10.0 in stage 0.0 (TID 10)) 40.193ms
[184.262s][info][gc          ] Allocation Stall (Executor task launch worker for task 16.0 in stage 0.0 (TID 16)) 40.232ms
[184.262s][info][gc          ] Allocation Stall (Executor task launch worker for task 17.0 in stage 0.0 (TID 17)) 40.211ms
[184.262s][info][gc          ] Allocation Stall (Executor task launch worker for task 27.0 in stage 0.0 (TID 27)) 40.213ms
[184.262s][info][gc          ] Allocation Stall (Executor task launch worker for task 12.0 in stage 0.0 (TID 12)) 40.046ms
[184.262s][info][gc          ] Allocation Stall (Executor task launch worker for task 44.0 in stage 0.0 (TID 44)) 40.077ms
[184.262s][info][gc          ] Allocation Stall (Executor task launch worker for task 1.0 in stage 0.0 (TID 1)) 40.024ms
[184.262s][info][gc          ] Allocation Stall (Executor task launch worker for task 35.0 in stage 0.0 (TID 35)) 39.995ms
[184.262s][info][gc          ] Allocation Stall (Executor task launch worker for task 38.0 in stage 0.0 (TID 38)) 40.032ms
[184.262s][info][gc          ] Allocation Stall (Executor task launch worker for task 26.0 in stage 0.0 (TID 26)) 40.075ms
[184.262s][info][gc          ] Allocation Stall (Executor task launch worker for task 30.0 in stage 0.0 (TID 30)) 40.050ms
[184.263s][info][gc          ] Allocation Stall (Executor task launch worker for task 32.0 in stage 0.0 (TID 32)) 40.195ms
[184.263s][info][gc          ] Allocation Stall (Executor task launch worker for task 33.0 in stage 0.0 (TID 33)) 40.245ms
[184.263s][info][gc          ] Allocation Stall (Executor task launch worker for task 43.0 in stage 0.0 (TID 43)) 40.250ms
[184.263s][info][gc          ] Allocation Stall (Executor task launch worker for task 15.0 in stage 0.0 (TID 15)) 40.269ms
[184.263s][info][gc          ] Allocation Stall (Executor task launch worker for task 7.0 in stage 0.0 (TID 7)) 40.051ms
[184.263s][info][gc          ] Allocation Stall (Executor task launch worker for task 14.0 in stage 0.0 (TID 14)) 0.776ms
[184.263s][info][gc          ] Allocation Stall (Executor task launch worker for task 22.0 in stage 0.0 (TID 22)) 0.891ms
[184.263s][info][gc          ] Allocation Stall (Executor task launch worker for task 47.0 in stage 0.0 (TID 47)) 0.996ms
[184.263s][info][gc          ] Allocation Stall (Executor task launch worker for task 0.0 in stage 0.0 (TID 0)) 1.079ms
[184.263s][info][gc          ] Allocation Stall (Executor task launch worker for task 6.0 in stage 0.0 (TID 6)) 0.887ms
[184.264s][info][gc          ] Allocation Stall (Executor task launch worker for task 28.0 in stage 0.0 (TID 28)) 1.004ms
[184.264s][info][gc          ] Allocation Stall (Executor task launch worker for task 24.0 in stage 0.0 (TID 24)) 1.030ms
[184.264s][info][gc          ] Allocation Stall (Executor task launch worker for task 42.0 in stage 0.0 (TID 42)) 0.801ms
[184.264s][info][gc          ] Relocation Stall (Executor task launch worker for task 2.0 in stage 0.0 (TID 2)) 1.325ms
[184.264s][info][gc          ] Allocation Stall (Executor task launch worker for task 40.0 in stage 0.0 (TID 40)) 0.852ms
[184.264s][info][gc          ] Relocation Stall (Executor task launch worker for task 8.0 in stage 0.0 (TID 8)) 1.693ms
[184.264s][info][gc          ] Allocation Stall (Executor task launch worker for task 41.0 in stage 0.0 (TID 41)) 0.712ms
[184.264s][info][gc          ] Allocation Stall (Executor task launch worker for task 21.0 in stage 0.0 (TID 21)) 0.751ms
[184.264s][info][gc          ] Allocation Stall (Executor task launch worker for task 29.0 in stage 0.0 (TID 29)) 0.803ms
[184.264s][info][gc          ] Allocation Stall (Executor task launch worker for task 13.0 in stage 0.0 (TID 13)) 0.946ms
[184.264s][info][gc          ] Allocation Stall (Executor task launch worker for task 18.0 in stage 0.0 (TID 18)) 1.078ms
[184.265s][info][gc          ] Allocation Stall (Executor task launch worker for task 36.0 in stage 0.0 (TID 36)) 1.346ms
[184.265s][info][gc          ] Allocation Stall (Executor task launch worker for task 20.0 in stage 0.0 (TID 20)) 1.297ms
[184.265s][info][gc          ] Allocation Stall (Executor task launch worker for task 39.0 in stage 0.0 (TID 39)) 1.367ms
[184.265s][info][gc          ] Allocation Stall (Executor task launch worker for task 35.0 in stage 0.0 (TID 35)) 1.090ms
[184.265s][info][gc          ] Allocation Stall (Executor task launch worker for task 38.0 in stage 0.0 (TID 38)) 1.239ms
[184.265s][info][gc          ] Allocation Stall (Executor task launch worker for task 44.0 in stage 0.0 (TID 44)) 1.145ms
[184.265s][info][gc          ] Allocation Stall (Executor task launch worker for task 16.0 in stage 0.0 (TID 16)) 1.284ms
[184.265s][info][gc          ] Allocation Stall (Executor task launch worker for task 17.0 in stage 0.0 (TID 17)) 1.334ms
[184.265s][info][gc          ] Allocation Stall (Executor task launch worker for task 25.0 in stage 0.0 (TID 25)) 1.383ms
[184.265s][info][gc          ] Allocation Stall (Executor task launch worker for task 31.0 in stage 0.0 (TID 31)) 1.339ms
[184.265s][info][gc          ] Allocation Stall (Executor task launch worker for task 32.0 in stage 0.0 (TID 32)) 1.286ms
[184.266s][info][gc          ] Allocation Stall (Executor task launch worker for task 4.0 in stage 0.0 (TID 4)) 1.415ms
[184.266s][info][gc          ] Allocation Stall (Executor task launch worker for task 42.0 in stage 0.0 (TID 42)) 0.939ms
[184.275s][info][gc          ] Allocation Stall (Executor task launch worker for task 43.0 in stage 0.0 (TID 43)) 10.287ms
[184.275s][info][gc          ] Allocation Stall (Executor task launch worker for task 8.0 in stage 0.0 (TID 8)) 10.701ms
[184.275s][info][gc          ] Allocation Stall (Executor task launch worker for task 15.0 in stage 0.0 (TID 15)) 10.696ms
[184.275s][info][gc          ] Allocation Stall (Executor task launch worker for task 2.0 in stage 0.0 (TID 2)) 10.711ms
[184.275s][info][gc          ] Allocation Stall (Executor task launch worker for task 0.0 in stage 0.0 (TID 0)) 10.539ms
[184.275s][info][gc          ] Allocation Stall (Executor task launch worker for task 3.0 in stage 0.0 (TID 3)) 10.728ms
[184.275s][info][gc          ] Allocation Stall (Executor task launch worker for task 38.0 in stage 0.0 (TID 38)) 9.993ms
[184.275s][info][gc          ] Allocation Stall (Executor task launch worker for task 44.0 in stage 0.0 (TID 44)) 9.746ms
[184.275s][info][gc,phases   ] GC(69) Concurrent Relocate 13.727ms
[184.276s][info][gc,load     ] GC(69) Load: 0.00/0.00/0.00
[184.276s][info][gc          ] Allocation Stall (Executor task launch worker for task 35.0 in stage 0.0 (TID 35)) 10.336ms
[184.276s][info][gc,mmu      ] GC(69) MMU: 2ms/95.7%, 5ms/98.3%, 10ms/99.1%, 20ms/99.5%, 50ms/99.8%, 100ms/99.8%
[184.276s][info][gc          ] Allocation Stall (Executor task launch worker for task 16.0 in stage 0.0 (TID 16)) 10.404ms
[184.276s][info][gc,marking  ] GC(69) Mark: 4 stripe(s), 2 proactive flush(es), 1 terminate flush(es), 0 completion(s), 0 continuation(s) 
[184.276s][info][gc          ] Allocation Stall (Executor task launch worker for task 17.0 in stage 0.0 (TID 17)) 10.506ms
[184.276s][info][gc,marking  ] GC(69) Mark Stack Usage: 32M
[184.276s][info][gc          ] Allocation Stall (Executor task launch worker for task 21.0 in stage 0.0 (TID 21)) 10.538ms
[184.276s][info][gc          ] Allocation Stall (Executor task launch worker for task 4.0 in stage 0.0 (TID 4)) 10.281ms
[184.276s][info][gc,nmethod  ] GC(69) NMethods: 1430 registered, 0 unregistered
[184.276s][info][gc          ] Allocation Stall (Executor task launch worker for task 39.0 in stage 0.0 (TID 39)) 10.346ms
[184.276s][info][gc          ] Allocation Stall (Executor task launch worker for task 29.0 in stage 0.0 (TID 29)) 10.353ms
[184.277s][info][gc,metaspace] GC(69) Metaspace: 107M used, 116M committed, 1152M reserved
[184.277s][info][gc          ] Allocation Stall (Executor task launch worker for task 18.0 in stage 0.0 (TID 18)) 10.521ms
[184.277s][info][gc,ref      ] GC(69) Soft: 2800 encountered, 2236 discovered, 0 enqueued
[184.277s][info][gc          ] Allocation Stall (Executor task launch worker for task 42.0 in stage 0.0 (TID 42)) 10.646ms
[184.277s][info][gc,ref      ] GC(69) Weak: 12978 encountered, 4434 discovered, 1 enqueued
[184.277s][info][gc          ] Allocation Stall (Executor task launch worker for task 25.0 in stage 0.0 (TID 25)) 10.719ms
[184.277s][info][gc          ] Allocation Stall (Executor task launch worker for task 40.0 in stage 0.0 (TID 40)) 10.736ms
[184.277s][info][gc,ref      ] GC(69) Final: 40 encountered, 1 discovered, 0 enqueued
[184.277s][info][gc          ] Allocation Stall (Executor task launch worker for task 31.0 in stage 0.0 (TID 31)) 10.720ms
[184.277s][info][gc          ] Allocation Stall (Executor task launch worker for task 12.0 in stage 0.0 (TID 12)) 10.746ms
[184.277s][info][gc,ref      ] GC(69) Phantom: 750 encountered, 467 discovered, 0 enqueued
[184.277s][info][gc          ] Allocation Stall (Executor task launch worker for task 32.0 in stage 0.0 (TID 32)) 10.846ms
[184.277s][info][gc,reloc    ] GC(69) Small Pages: 70 / 140M, Empty: 30M, Relocated: 3M, In-Place: 4
[184.277s][info][gc          ] Allocation Stall (Executor task launch worker for task 13.0 in stage 0.0 (TID 13)) 10.917ms
[184.277s][info][gc,reloc    ] GC(69) Medium Pages: 2 / 32M, Empty: 0M, Relocated: 10M, In-Place: 1
[184.277s][info][gc          ] Allocation Stall (Executor task launch worker for task 27.0 in stage 0.0 (TID 27)) 10.991ms
[184.278s][info][gc,reloc    ] GC(69) Large Pages: 50 / 328M, Empty: 4M, Relocated: 0M, In-Place: 0
[184.278s][info][gc          ] Allocation Stall (Executor task launch worker for task 46.0 in stage 0.0 (TID 46)) 11.034ms
[184.278s][info][gc,reloc    ] GC(69) Forwarding Usage: 0M
[184.278s][info][gc          ] Allocation Stall (Executor task launch worker for task 24.0 in stage 0.0 (TID 24)) 10.624ms
[184.278s][info][gc,heap     ] GC(69) Min Capacity: 8M(2%)
[184.278s][info][gc          ] Allocation Stall (Executor task launch worker for task 5.0 in stage 0.0 (TID 5)) 10.402ms
[184.278s][info][gc,heap     ] GC(69) Max Capacity: 512M(100%)
[184.278s][info][gc          ] Allocation Stall (Executor task launch worker for task 41.0 in stage 0.0 (TID 41)) 10.445ms
[184.278s][info][gc,heap     ] GC(69) Soft Max Capacity: 512M(100%)
[184.278s][info][gc          ] Allocation Stall (Executor task launch worker for task 6.0 in stage 0.0 (TID 6)) 10.448ms
[184.278s][info][gc,heap     ] GC(69)                Mark Start          Mark End        Relocate Start      Relocate End           High               Low         
[184.278s][info][gc,heap     ] GC(69)  Capacity:      512M (100%)        512M (100%)        512M (100%)        512M (100%)        512M (100%)        512M (100%)   
[184.278s][info][gc,heap     ] GC(69)      Free:        0M (0%)            0M (0%)            0M (0%)            0M (0%)           34M (7%)            0M (0%)     
[184.278s][info][gc,heap     ] GC(69)      Used:      512M (100%)        512M (100%)        512M (100%)        512M (100%)        512M (100%)        478M (93%)    
[184.278s][info][gc,heap     ] GC(69)      Live:         -               393M (77%)         393M (77%)         393M (77%)            -                  -          
[184.278s][info][gc,heap     ] GC(69) Allocated:         -                 0M (0%)           34M (7%)           79M (15%)            -                  -          
[184.278s][info][gc,heap     ] GC(69)   Garbage:         -               118M (23%)          84M (17%)          39M (8%)             -                  -          
[184.278s][info][gc,heap     ] GC(69) Reclaimed:         -                  -                34M (7%)           79M (15%)            -                  -          
[184.279s][info][gc          ] GC(69) Garbage Collection (Allocation Stall) 512M(100%)->512M(100%)
[184.279s][info][gc,start    ] GC(70) Garbage Collection (Allocation Stall)
[184.279s][info][gc,ref      ] GC(70) Clearing All SoftReferences
[184.279s][info][gc,task     ] GC(70) Using 5 workers
[184.279s][info][gc          ] Allocation Stall (Executor task launch worker for task 14.0 in stage 0.0 (TID 14)) 10.871ms
[184.279s][info][gc,ref      ] GC(70) Clearing All SoftReferences
[184.279s][info][gc,phases   ] GC(70) Pause Mark Start 0.064ms
[184.279s][info][gc          ] Allocation Stall (Executor task launch worker for task 36.0 in stage 0.0 (TID 36)) 11.081ms
[184.279s][info][gc          ] Allocation Stall (Executor task launch worker for task 23.0 in stage 0.0 (TID 23)) 11.592ms
[184.279s][info][gc          ] Allocation Stall (Executor task launch worker for task 20.0 in stage 0.0 (TID 20)) 11.148ms
[184.280s][info][gc          ] Allocation Stall (Executor task launch worker for task 26.0 in stage 0.0 (TID 26)) 10.976ms
[184.280s][info][gc          ] Allocation Stall (Executor task launch worker for task 30.0 in stage 0.0 (TID 30)) 10.997ms
[184.280s][info][gc          ] Allocation Stall (Executor task launch worker for task 22.0 in stage 0.0 (TID 22)) 10.767ms
[184.280s][info][gc          ] Allocation Stall (Executor task launch worker for task 34.0 in stage 0.0 (TID 34)) 10.813ms
[184.280s][info][gc          ] Allocation Stall (Executor task launch worker for task 19.0 in stage 0.0 (TID 19)) 10.912ms
[184.280s][info][gc          ] Allocation Stall (Executor task launch worker for task 37.0 in stage 0.0 (TID 37)) 10.795ms
[184.280s][info][gc          ] Allocation Stall (Executor task launch worker for task 9.0 in stage 0.0 (TID 9)) 10.881ms
[184.280s][info][gc          ] Allocation Stall (Executor task launch worker for task 10.0 in stage 0.0 (TID 10)) 10.815ms
[184.324s][info][gc,phases   ] GC(70) Concurrent Mark 44.563ms
[184.324s][info][gc,phases   ] GC(70) Pause Mark End 0.016ms
[184.324s][info][gc,phases   ] GC(70) Concurrent Mark Free 0.001ms
[184.325s][info][gc,phases   ] GC(70) Concurrent Process Non-Strong References 1.174ms
[184.326s][info][gc,phases   ] GC(70) Concurrent Reset Relocation Set 0.005ms
[184.329s][info][gc          ] Allocation Stall (Executor task launch worker for task 1.0 in stage 0.0 (TID 1)) 59.198ms
[184.329s][info][gc          ] Allocation Stall (Executor task launch worker for task 11.0 in stage 0.0 (TID 11)) 54.551ms
[184.329s][info][gc          ] Allocation Stall (Executor task launch worker for task 38.0 in stage 0.0 (TID 38)) 49.505ms
[184.329s][info][gc          ] Allocation Stall (Executor task launch worker for task 47.0 in stage 0.0 (TID 47)) 59.441ms
[184.329s][info][gc          ] Allocation Stall (Executor task launch worker for task 45.0 in stage 0.0 (TID 45)) 59.297ms
[184.329s][info][gc          ] Allocation Stall (Executor task launch worker for task 33.0 in stage 0.0 (TID 33)) 59.430ms
[184.329s][info][gc          ] Allocation Stall (Executor task launch worker for task 7.0 in stage 0.0 (TID 7)) 59.310ms
[184.329s][info][gc          ] Allocation Stall (Executor task launch worker for task 46.0 in stage 0.0 (TID 46)) 49.495ms
[184.329s][info][gc          ] Allocation Stall (Executor task launch worker for task 44.0 in stage 0.0 (TID 44)) 49.498ms
[184.329s][info][gc          ] Allocation Stall (Executor task launch worker for task 3.0 in stage 0.0 (TID 3)) 49.496ms
[184.329s][info][gc          ] Allocation Stall (Executor task launch worker for task 28.0 in stage 0.0 (TID 28)) 59.271ms
[184.329s][info][gc          ] Allocation Stall (Executor task launch worker for task 6.0 in stage 0.0 (TID 6)) 49.488ms
[184.329s][info][gc          ] Allocation Stall (Executor task launch worker for task 35.0 in stage 0.0 (TID 35)) 49.549ms
[184.329s][info][gc          ] Allocation Stall (Executor task launch worker for task 0.0 in stage 0.0 (TID 0)) 49.584ms
[184.329s][info][gc,phases   ] GC(70) Concurrent Select Relocation Set 3.604ms
[184.329s][info][gc          ] Allocation Stall (Executor task launch worker for task 5.0 in stage 0.0 (TID 5)) 49.708ms
[184.329s][info][gc          ] Allocation Stall (Executor task launch worker for task 15.0 in stage 0.0 (TID 15)) 49.692ms
[184.329s][info][gc          ] Allocation Stall (Executor task launch worker for task 42.0 in stage 0.0 (TID 42)) 49.697ms
[184.329s][info][gc          ] Allocation Stall (Executor task launch worker for task 14.0 in stage 0.0 (TID 14)) 49.752ms
[184.330s][info][gc          ] Allocation Stall (Executor task launch worker for task 39.0 in stage 0.0 (TID 39)) 49.867ms
[184.330s][info][gc          ] Allocation Stall (Executor task launch worker for task 16.0 in stage 0.0 (TID 16)) 49.936ms
[184.330s][info][gc          ] Allocation Stall (Executor task launch worker for task 18.0 in stage 0.0 (TID 18)) 49.950ms
[184.330s][info][gc          ] Allocation Stall (Executor task launch worker for task 24.0 in stage 0.0 (TID 24)) 49.963ms
[184.330s][info][gc          ] Allocation Stall (Executor task launch worker for task 29.0 in stage 0.0 (TID 29)) 49.996ms
[184.330s][info][gc,phases   ] GC(70) Pause Relocate Start 0.005ms
[184.330s][info][gc          ] Allocation Stall (Executor task launch worker for task 32.0 in stage 0.0 (TID 32)) 45.590ms
[184.330s][info][gc          ] Allocation Stall (Executor task launch worker for task 12.0 in stage 0.0 (TID 12)) 45.971ms
[184.330s][info][gc          ] Allocation Stall (Executor task launch worker for task 4.0 in stage 0.0 (TID 4)) 45.853ms
[184.330s][info][gc          ] Allocation Stall (Executor task launch worker for task 25.0 in stage 0.0 (TID 25)) 45.235ms
[184.330s][info][gc          ] Allocation Stall (Executor task launch worker for task 41.0 in stage 0.0 (TID 41)) 45.107ms
[184.330s][info][gc          ] Allocation Stall (Executor task launch worker for task 36.0 in stage 0.0 (TID 36)) 45.159ms
[184.330s][info][gc          ] Allocation Stall (Executor task launch worker for task 8.0 in stage 0.0 (TID 8)) 50.571ms
[184.330s][info][gc          ] Allocation Stall (Executor task launch worker for task 20.0 in stage 0.0 (TID 20)) 45.008ms
[184.330s][info][gc          ] Allocation Stall (Executor task launch worker for task 27.0 in stage 0.0 (TID 27)) 44.995ms
[184.330s][info][gc          ] Allocation Stall (Executor task launch worker for task 37.0 in stage 0.0 (TID 37)) 44.893ms
[184.330s][info][gc          ] Allocation Stall (Executor task launch worker for task 23.0 in stage 0.0 (TID 23)) 44.901ms
[184.330s][info][gc          ] Allocation Stall (Executor task launch worker for task 34.0 in stage 0.0 (TID 34)) 44.842ms
[184.330s][info][gc          ] Allocation Stall (Executor task launch worker for task 22.0 in stage 0.0 (TID 22)) 44.681ms
[184.330s][info][gc          ] Allocation Stall (Executor task launch worker for task 26.0 in stage 0.0 (TID 26)) 44.608ms
[184.330s][info][gc          ] Allocation Stall (Executor task launch worker for task 30.0 in stage 0.0 (TID 30)) 44.572ms
[184.330s][info][gc          ] Allocation Stall (Executor task launch worker for task 21.0 in stage 0.0 (TID 21)) 44.316ms
[184.330s][info][gc          ] Allocation Stall (Executor task launch worker for task 19.0 in stage 0.0 (TID 19)) 44.267ms
[184.330s][info][gc          ] Allocation Stall (Executor task launch worker for task 40.0 in stage 0.0 (TID 40)) 44.169ms
[184.330s][info][gc          ] Allocation Stall (Executor task launch worker for task 9.0 in stage 0.0 (TID 9)) 44.234ms
[184.330s][info][gc          ] Allocation Stall (Executor task launch worker for task 43.0 in stage 0.0 (TID 43)) 44.191ms
[184.330s][info][gc          ] Allocation Stall (Executor task launch worker for task 10.0 in stage 0.0 (TID 10)) 44.183ms
[184.330s][info][gc          ] Allocation Stall (Executor task launch worker for task 31.0 in stage 0.0 (TID 31)) 44.194ms
[184.331s][info][gc          ] Allocation Stall (Executor task launch worker for task 2.0 in stage 0.0 (TID 2)) 44.118ms
[184.331s][info][gc          ] Allocation Stall (Executor task launch worker for task 13.0 in stage 0.0 (TID 13)) 44.083ms
[184.331s][info][gc          ] Allocation Stall (Executor task launch worker for task 17.0 in stage 0.0 (TID 17)) 44.136ms
[184.331s][info][gc          ] Allocation Stall (Spark Context Cleaner) 6.687ms
[184.354s][info][gc          ] Relocation Stall (Executor task launch worker for task 7.0 in stage 0.0 (TID 7)) 22.889ms
[184.354s][info][gc          ] Relocation Stall (Executor task launch worker for task 33.0 in stage 0.0 (TID 33)) 22.960ms
[184.354s][info][gc          ] Allocation Stall (Executor task launch worker for task 27.0 in stage 0.0 (TID 27)) 14.746ms
[184.354s][info][gc,phases   ] GC(70) Concurrent Relocate 23.377ms
[184.354s][info][gc,load     ] GC(70) Load: 0.00/0.00/0.00
[184.354s][info][gc          ] Allocation Stall (Executor task launch worker for task 44.0 in stage 0.0 (TID 44)) 12.455ms
[184.354s][info][gc,mmu      ] GC(70) MMU: 2ms/95.7%, 5ms/98.3%, 10ms/99.1%, 20ms/99.5%, 50ms/99.8%, 100ms/99.8%
[184.354s][info][gc          ] Allocation Stall (Executor task launch worker for task 25.0 in stage 0.0 (TID 25)) 12.943ms
[184.354s][info][gc          ] Allocation Stall (Executor task launch worker for task 13.0 in stage 0.0 (TID 13)) 12.443ms
[184.354s][info][gc          ] Allocation Stall (Executor task launch worker for task 29.0 in stage 0.0 (TID 29)) 12.914ms
[184.354s][info][gc          ] Allocation Stall (Executor task launch worker for task 46.0 in stage 0.0 (TID 46)) 12.980ms
[184.354s][info][gc          ] Allocation Stall (Executor task launch worker for task 26.0 in stage 0.0 (TID 26)) 12.204ms
[184.354s][info][gc          ] Allocation Stall (Executor task launch worker for task 41.0 in stage 0.0 (TID 41)) 12.563ms
[184.354s][info][gc          ] Allocation Stall (Executor task launch worker for task 4.0 in stage 0.0 (TID 4)) 12.687ms
[184.354s][info][gc,marking  ] GC(70) Mark: 4 stripe(s), 2 proactive flush(es), 1 terminate flush(es), 0 completion(s), 0 continuation(s) 
[184.354s][info][gc          ] Allocation Stall (Executor task launch worker for task 2.0 in stage 0.0 (TID 2)) 12.243ms
[184.354s][info][gc,marking  ] GC(70) Mark Stack Usage: 32M
[184.354s][info][gc          ] Allocation Stall (Executor task launch worker for task 28.0 in stage 0.0 (TID 28)) 11.197ms
[184.354s][info][gc,nmethod  ] GC(70) NMethods: 1430 registered, 0 unregistered
[184.354s][info][gc          ] Allocation Stall (Executor task launch worker for task 3.0 in stage 0.0 (TID 3)) 11.129ms
[184.354s][info][gc,metaspace] GC(70) Metaspace: 107M used, 116M committed, 1152M reserved
[184.354s][info][gc          ] Allocation Stall (Executor task launch worker for task 11.0 in stage 0.0 (TID 11)) 10.542ms
[184.354s][info][gc,ref      ] GC(70) Soft: 2800 encountered, 2224 discovered, 0 enqueued
[184.354s][info][gc          ] Allocation Stall (Executor task launch worker for task 14.0 in stage 0.0 (TID 14)) 10.555ms
[184.354s][info][gc,ref      ] GC(70) Weak: 12978 encountered, 3058 discovered, 0 enqueued
[184.354s][info][gc          ] Allocation Stall (Executor task launch worker for task 36.0 in stage 0.0 (TID 36)) 10.115ms
[184.354s][info][gc,ref      ] GC(70) Final: 40 encountered, 0 discovered, 0 enqueued
[184.354s][info][gc,ref      ] GC(70) Phantom: 750 encountered, 681 discovered, 0 enqueued
[184.354s][info][gc,reloc    ] GC(70) Small Pages: 70 / 140M, Empty: 22M, Relocated: 3M, In-Place: 4
[184.354s][info][gc,reloc    ] GC(70) Medium Pages: 2 / 32M, Empty: 0M, Relocated: 11M, In-Place: 1
[184.354s][info][gc,reloc    ] GC(70) Large Pages: 50 / 332M, Empty: 4M, Relocated: 0M, In-Place: 0
[184.355s][info][gc,reloc    ] GC(70) Forwarding Usage: 0M
[184.355s][info][gc,heap     ] GC(70) Min Capacity: 8M(2%)
[184.355s][info][gc,heap     ] GC(70) Max Capacity: 512M(100%)
[184.355s][info][gc,heap     ] GC(70) Soft Max Capacity: 512M(100%)
[184.355s][info][gc,heap     ] GC(70)                Mark Start          Mark End        Relocate Start      Relocate End           High               Low         
[184.355s][info][gc,heap     ] GC(70)  Capacity:      512M (100%)        512M (100%)        512M (100%)        512M (100%)        512M (100%)        512M (100%)   
[184.355s][info][gc,heap     ] GC(70)      Free:        0M (0%)            0M (0%)            0M (0%)            0M (0%)           26M (5%)            0M (0%)     
[184.355s][info][gc,heap     ] GC(70)      Used:      512M (100%)        512M (100%)        512M (100%)        512M (100%)        512M (100%)        486M (95%)    
[184.355s][info][gc,heap     ] GC(70)      Live:         -               398M (78%)         398M (78%)         398M (78%)            -                  -          
[184.355s][info][gc,heap     ] GC(70) Allocated:         -                 0M (0%)           26M (5%)           83M (16%)            -                  -          
[184.355s][info][gc,heap     ] GC(70)   Garbage:         -               113M (22%)          87M (17%)          30M (6%)             -                  -          
[184.355s][info][gc          ] Allocation Stall (Executor task launch worker for task 19.0 in stage 0.0 (TID 19)) 10.258ms
[184.355s][info][gc,heap     ] GC(70) Reclaimed:         -                  -                26M (5%)           83M (16%)            -                  -          
[184.355s][info][gc          ] Allocation Stall (Executor task launch worker for task 12.0 in stage 0.0 (TID 12)) 10.133ms
[184.355s][info][gc          ] GC(70) Garbage Collection (Allocation Stall) 512M(100%)->512M(100%)
[184.355s][info][gc          ] Allocation Stall (Executor task launch worker for task 31.0 in stage 0.0 (TID 31)) 9.977ms
[184.355s][info][gc,start    ] GC(71) Garbage Collection (Allocation Stall)
[184.355s][info][gc          ] Allocation Stall (Executor task launch worker for task 35.0 in stage 0.0 (TID 35)) 9.910ms
[184.355s][info][gc,ref      ] GC(71) Clearing All SoftReferences
[184.355s][info][gc          ] Allocation Stall (Executor task launch worker for task 32.0 in stage 0.0 (TID 32)) 9.766ms
[184.355s][info][gc,task     ] GC(71) Using 5 workers
[184.355s][info][gc          ] Allocation Stall (Executor task launch worker for task 5.0 in stage 0.0 (TID 5)) 9.501ms
[184.356s][info][gc,ref      ] GC(71) Clearing All SoftReferences
[184.356s][info][gc,phases   ] GC(71) Pause Mark Start 0.050ms
[184.356s][info][gc          ] Allocation Stall (Executor task launch worker for task 1.0 in stage 0.0 (TID 1)) 9.972ms
[184.356s][info][gc          ] Allocation Stall (Executor task launch worker for task 8.0 in stage 0.0 (TID 8)) 10.050ms
[184.356s][info][gc          ] Allocation Stall (Executor task launch worker for task 24.0 in stage 0.0 (TID 24)) 9.747ms
[184.356s][info][gc          ] Allocation Stall (Executor task launch worker for task 42.0 in stage 0.0 (TID 42)) 9.719ms
[184.356s][info][gc          ] Allocation Stall (Executor task launch worker for task 6.0 in stage 0.0 (TID 6)) 9.920ms
[184.356s][info][gc          ] Allocation Stall (Executor task launch worker for task 22.0 in stage 0.0 (TID 22)) 9.593ms
[184.356s][info][gc          ] Allocation Stall (Executor task launch worker for task 18.0 in stage 0.0 (TID 18)) 9.509ms
[184.356s][info][gc          ] Allocation Stall (Executor task launch worker for task 37.0 in stage 0.0 (TID 37)) 9.362ms
[184.356s][info][gc          ] Allocation Stall (Executor task launch worker for task 34.0 in stage 0.0 (TID 34)) 9.349ms
[184.356s][info][gc          ] Allocation Stall (Executor task launch worker for task 10.0 in stage 0.0 (TID 10)) 9.236ms
[184.356s][info][gc          ] Allocation Stall (Executor task launch worker for task 15.0 in stage 0.0 (TID 15)) 9.233ms
[184.356s][info][gc          ] Allocation Stall (Executor task launch worker for task 16.0 in stage 0.0 (TID 16)) 9.189ms
[184.356s][info][gc          ] Allocation Stall (Executor task launch worker for task 40.0 in stage 0.0 (TID 40)) 9.177ms
[184.356s][info][gc          ] Allocation Stall (Executor task launch worker for task 0.0 in stage 0.0 (TID 0)) 9.204ms
[184.356s][info][gc          ] Allocation Stall (Executor task launch worker for task 43.0 in stage 0.0 (TID 43)) 9.335ms
[184.356s][info][gc          ] Allocation Stall (Executor task launch worker for task 21.0 in stage 0.0 (TID 21)) 9.382ms
[184.356s][info][gc          ] Allocation Stall (Executor task launch worker for task 20.0 in stage 0.0 (TID 20)) 9.375ms
[184.357s][info][gc          ] Allocation Stall (Executor task launch worker for task 17.0 in stage 0.0 (TID 17)) 9.391ms
[184.357s][info][gc          ] Allocation Stall (Executor task launch worker for task 30.0 in stage 0.0 (TID 30)) 9.381ms
[184.357s][info][gc          ] Allocation Stall (Executor task launch worker for task 38.0 in stage 0.0 (TID 38)) 9.371ms
[184.357s][info][gc          ] Allocation Stall (Executor task launch worker for task 45.0 in stage 0.0 (TID 45)) 9.277ms
[184.357s][info][gc          ] Allocation Stall (Executor task launch worker for task 23.0 in stage 0.0 (TID 23)) 9.299ms
[184.357s][info][gc          ] Allocation Stall (Executor task launch worker for task 39.0 in stage 0.0 (TID 39)) 9.359ms
[184.357s][info][gc          ] Allocation Stall (Executor task launch worker for task 9.0 in stage 0.0 (TID 9)) 9.317ms
[184.357s][info][gc          ] Allocation Stall (Executor task launch worker for task 47.0 in stage 0.0 (TID 47)) 7.645ms
[184.357s][info][gc          ] Allocation Stall (Executor task launch worker for task 7.0 in stage 0.0 (TID 7)) 3.300ms
[184.357s][info][gc          ] Allocation Stall (Executor task launch worker for task 12.0 in stage 0.0 (TID 12)) 1.569ms
[184.357s][info][gc          ] Allocation Stall (Executor task launch worker for task 14.0 in stage 0.0 (TID 14)) 1.630ms
[184.391s][info][gc,phases   ] GC(71) Concurrent Mark 35.048ms
[184.391s][info][gc,phases   ] GC(71) Pause Mark End 0.013ms
[184.391s][info][gc,phases   ] GC(71) Concurrent Mark Free 0.001ms
[184.392s][info][gc,phases   ] GC(71) Concurrent Process Non-Strong References 1.122ms
[184.392s][info][gc,phases   ] GC(71) Concurrent Reset Relocation Set 0.007ms
[184.396s][info][gc          ] Allocation Stall (Executor task launch worker for task 47.0 in stage 0.0 (TID 47)) 38.612ms
[184.396s][info][gc          ] Allocation Stall (Executor task launch worker for task 28.0 in stage 0.0 (TID 28)) 39.989ms
[184.396s][info][gc          ] Allocation Stall (Executor task launch worker for task 1.0 in stage 0.0 (TID 1)) 34.773ms
[184.396s][info][gc          ] Allocation Stall (Executor task launch worker for task 44.0 in stage 0.0 (TID 44)) 39.988ms
[184.396s][info][gc          ] Allocation Stall (Executor task launch worker for task 32.0 in stage 0.0 (TID 32)) 40.010ms
[184.396s][info][gc          ] Allocation Stall (Executor task launch worker for task 31.0 in stage 0.0 (TID 31)) 39.986ms
[184.396s][info][gc          ] Allocation Stall (Executor task launch worker for task 36.0 in stage 0.0 (TID 36)) 40.030ms
[184.396s][info][gc          ] Allocation Stall (Executor task launch worker for task 5.0 in stage 0.0 (TID 5)) 40.006ms
[184.396s][info][gc          ] Allocation Stall (Executor task launch worker for task 35.0 in stage 0.0 (TID 35)) 40.025ms
[184.396s][info][gc          ] Allocation Stall (Executor task launch worker for task 29.0 in stage 0.0 (TID 29)) 40.014ms
[184.396s][info][gc          ] Allocation Stall (Executor task launch worker for task 41.0 in stage 0.0 (TID 41)) 39.997ms
[184.396s][info][gc          ] Allocation Stall (Executor task launch worker for task 25.0 in stage 0.0 (TID 25)) 40.020ms
[184.396s][info][gc          ] Allocation Stall (Executor task launch worker for task 19.0 in stage 0.0 (TID 19)) 40.018ms
[184.396s][info][gc          ] Allocation Stall (Executor task launch worker for task 3.0 in stage 0.0 (TID 3)) 40.002ms
[184.396s][info][gc          ] Allocation Stall (Executor task launch worker for task 4.0 in stage 0.0 (TID 4)) 40.005ms
[184.396s][info][gc          ] Allocation Stall (Executor task launch worker for task 26.0 in stage 0.0 (TID 26)) 40.018ms
[184.396s][info][gc          ] Allocation Stall (Executor task launch worker for task 2.0 in stage 0.0 (TID 2)) 40.020ms
[184.396s][info][gc,phases   ] GC(71) Concurrent Select Relocation Set 3.681ms
[184.396s][info][gc          ] Allocation Stall (Executor task launch worker for task 45.0 in stage 0.0 (TID 45)) 34.951ms
[184.396s][info][gc          ] Allocation Stall (Executor task launch worker for task 14.0 in stage 0.0 (TID 14)) 34.864ms
[184.396s][info][gc          ] Allocation Stall (Executor task launch worker for task 0.0 in stage 0.0 (TID 0)) 34.405ms
[184.396s][info][gc          ] Allocation Stall (Executor task launch worker for task 24.0 in stage 0.0 (TID 24)) 34.050ms
[184.396s][info][gc          ] Allocation Stall (Executor task launch worker for task 43.0 in stage 0.0 (TID 43)) 33.916ms
[184.396s][info][gc          ] Allocation Stall (Executor task launch worker for task 11.0 in stage 0.0 (TID 11)) 33.832ms
[184.396s][info][gc          ] Allocation Stall (Executor task launch worker for task 23.0 in stage 0.0 (TID 23)) 33.833ms
[184.396s][info][gc          ] Allocation Stall (Executor task launch worker for task 21.0 in stage 0.0 (TID 21)) 33.870ms
[184.396s][info][gc          ] Allocation Stall (Executor task launch worker for task 38.0 in stage 0.0 (TID 38)) 33.845ms
[184.396s][info][gc          ] Allocation Stall (Executor task launch worker for task 13.0 in stage 0.0 (TID 13)) 33.703ms
[184.397s][info][gc          ] Allocation Stall (Executor task launch worker for task 12.0 in stage 0.0 (TID 12)) 33.829ms
[184.397s][info][gc          ] Allocation Stall (Executor task launch worker for task 9.0 in stage 0.0 (TID 9)) 33.742ms
[184.397s][info][gc,phases   ] GC(71) Pause Relocate Start 0.006ms
[184.397s][info][gc          ] Allocation Stall (Executor task launch worker for task 7.0 in stage 0.0 (TID 7)) 34.430ms
[184.397s][info][gc          ] Allocation Stall (Executor task launch worker for task 17.0 in stage 0.0 (TID 17)) 33.907ms
[184.397s][info][gc          ] Allocation Stall (Executor task launch worker for task 30.0 in stage 0.0 (TID 30)) 34.433ms
[184.397s][info][gc          ] Allocation Stall (Executor task launch worker for task 6.0 in stage 0.0 (TID 6)) 34.369ms
[184.397s][info][gc          ] Allocation Stall (Executor task launch worker for task 27.0 in stage 0.0 (TID 27)) 33.885ms
[184.397s][info][gc          ] Allocation Stall (Executor task launch worker for task 20.0 in stage 0.0 (TID 20)) 33.864ms
[184.397s][info][gc          ] Allocation Stall (Executor task launch worker for task 33.0 in stage 0.0 (TID 33)) 33.709ms
[184.397s][info][gc          ] Allocation Stall (Executor task launch worker for task 40.0 in stage 0.0 (TID 40)) 33.613ms
[184.397s][info][gc          ] Allocation Stall (Executor task launch worker for task 37.0 in stage 0.0 (TID 37)) 33.826ms
[184.397s][info][gc          ] Allocation Stall (Executor task launch worker for task 15.0 in stage 0.0 (TID 15)) 33.828ms
[184.397s][info][gc          ] Allocation Stall (Executor task launch worker for task 16.0 in stage 0.0 (TID 16)) 33.601ms
[184.397s][info][gc          ] Allocation Stall (Executor task launch worker for task 42.0 in stage 0.0 (TID 42)) 33.649ms
[184.397s][info][gc          ] Allocation Stall (Executor task launch worker for task 8.0 in stage 0.0 (TID 8)) 33.605ms
[184.397s][info][gc          ] Allocation Stall (Executor task launch worker for task 10.0 in stage 0.0 (TID 10)) 33.606ms
[184.397s][info][gc          ] Allocation Stall (Executor task launch worker for task 18.0 in stage 0.0 (TID 18)) 33.623ms
[184.398s][info][gc          ] Allocation Stall (Executor task launch worker for task 22.0 in stage 0.0 (TID 22)) 33.661ms
[184.398s][info][gc          ] Allocation Stall (Executor task launch worker for task 46.0 in stage 0.0 (TID 46)) 33.664ms
[184.398s][info][gc          ] Allocation Stall (Executor task launch worker for task 39.0 in stage 0.0 (TID 39)) 33.637ms
[184.398s][info][gc          ] Allocation Stall (Executor task launch worker for task 34.0 in stage 0.0 (TID 34)) 33.628ms
[184.398s][info][gc          ] Allocation Stall (Executor task launch worker for task 1.0 in stage 0.0 (TID 1)) 1.194ms
[184.398s][info][gc          ] Allocation Stall (Executor task launch worker for task 36.0 in stage 0.0 (TID 36)) 1.168ms
[184.398s][info][gc          ] Allocation Stall (Executor task launch worker for task 41.0 in stage 0.0 (TID 41)) 1.025ms
[184.398s][info][gc          ] Allocation Stall (Executor task launch worker for task 43.0 in stage 0.0 (TID 43)) 0.009ms
[184.405s][info][gc          ] Allocation Stall (Executor task launch worker for task 36.0 in stage 0.0 (TID 36)) 3.634ms
[184.405s][info][gc          ] Allocation Stall (Executor task launch worker for task 22.0 in stage 0.0 (TID 22)) 3.716ms
[184.405s][info][gc          ] Allocation Stall (Executor task launch worker for task 35.0 in stage 0.0 (TID 35)) 3.929ms
[184.405s][info][gc          ] Allocation Stall (Executor task launch worker for task 45.0 in stage 0.0 (TID 45)) 3.961ms
[184.405s][info][gc          ] Allocation Stall (Executor task launch worker for task 39.0 in stage 0.0 (TID 39)) 3.443ms
[184.405s][info][gc          ] Allocation Stall (Executor task launch worker for task 8.0 in stage 0.0 (TID 8)) 3.879ms
[184.405s][info][gc          ] Allocation Stall (Executor task launch worker for task 28.0 in stage 0.0 (TID 28)) 3.887ms
[184.405s][info][gc          ] Allocation Stall (Executor task launch worker for task 18.0 in stage 0.0 (TID 18)) 3.629ms
[184.406s][info][gc          ] Allocation Stall (Executor task launch worker for task 34.0 in stage 0.0 (TID 34)) 4.841ms
[184.406s][info][gc          ] Allocation Stall (Executor task launch worker for task 41.0 in stage 0.0 (TID 41)) 4.887ms
[184.406s][info][gc          ] Allocation Stall (Executor task launch worker for task 13.0 in stage 0.0 (TID 13)) 4.819ms
[184.406s][info][gc          ] Allocation Stall (Executor task launch worker for task 27.0 in stage 0.0 (TID 27)) 4.816ms
[184.406s][info][gc          ] Allocation Stall (Executor task launch worker for task 20.0 in stage 0.0 (TID 20)) 4.707ms
[184.406s][info][gc          ] Allocation Stall (Executor task launch worker for task 32.0 in stage 0.0 (TID 32)) 4.716ms
[184.407s][info][gc          ] Allocation Stall (Executor task launch worker for task 42.0 in stage 0.0 (TID 42)) 4.706ms
[184.407s][info][gc          ] Allocation Stall (Executor task launch worker for task 6.0 in stage 0.0 (TID 6)) 4.741ms
[184.407s][info][gc          ] Allocation Stall (Executor task launch worker for task 15.0 in stage 0.0 (TID 15)) 4.555ms
[184.407s][info][gc          ] Allocation Stall (Executor task launch worker for task 38.0 in stage 0.0 (TID 38)) 4.484ms
[184.407s][info][gc          ] Allocation Stall (Executor task launch worker for task 26.0 in stage 0.0 (TID 26)) 4.209ms
[184.407s][info][gc          ] Allocation Stall (Executor task launch worker for task 0.0 in stage 0.0 (TID 0)) 3.826ms
[184.407s][info][gc          ] Allocation Stall (Executor task launch worker for task 24.0 in stage 0.0 (TID 24)) 3.844ms
[184.407s][info][gc          ] Allocation Stall (Executor task launch worker for task 12.0 in stage 0.0 (TID 12)) 3.848ms
[184.407s][info][gc          ] Allocation Stall (Executor task launch worker for task 14.0 in stage 0.0 (TID 14)) 3.932ms
[184.407s][info][gc          ] Allocation Stall (Executor task launch worker for task 44.0 in stage 0.0 (TID 44)) 3.942ms
[184.407s][info][gc          ] Allocation Stall (Executor task launch worker for task 30.0 in stage 0.0 (TID 30)) 3.900ms
[184.407s][info][gc          ] Allocation Stall (Executor task launch worker for task 31.0 in stage 0.0 (TID 31)) 3.847ms
[184.407s][info][gc          ] Allocation Stall (Executor task launch worker for task 29.0 in stage 0.0 (TID 29)) 3.848ms
[184.407s][info][gc          ] Allocation Stall (Executor task launch worker for task 21.0 in stage 0.0 (TID 21)) 3.765ms
[184.407s][info][gc          ] Allocation Stall (Executor task launch worker for task 17.0 in stage 0.0 (TID 17)) 3.815ms
[184.407s][info][gc          ] Allocation Stall (Executor task launch worker for task 11.0 in stage 0.0 (TID 11)) 3.869ms
[184.407s][info][gc          ] Allocation Stall (Executor task launch worker for task 43.0 in stage 0.0 (TID 43)) 3.894ms
[184.407s][info][gc          ] Allocation Stall (Executor task launch worker for task 3.0 in stage 0.0 (TID 3)) 3.857ms
[184.407s][info][gc          ] Allocation Stall (Executor task launch worker for task 4.0 in stage 0.0 (TID 4)) 3.878ms
[184.408s][info][gc          ] Allocation Stall (Executor task launch worker for task 25.0 in stage 0.0 (TID 25)) 3.909ms
[184.408s][info][gc          ] Allocation Stall (Executor task launch worker for task 19.0 in stage 0.0 (TID 19)) 3.844ms
[184.408s][info][gc          ] Allocation Stall (Executor task launch worker for task 40.0 in stage 0.0 (TID 40)) 3.767ms
[184.428s][info][gc          ] Relocation Stall (Executor task launch worker for task 10.0 in stage 0.0 (TID 10)) 28.997ms
[184.428s][info][gc          ] Relocation Stall (Executor task launch worker for task 46.0 in stage 0.0 (TID 46)) 28.199ms
[184.428s][info][gc          ] Relocation Stall (Executor task launch worker for task 23.0 in stage 0.0 (TID 23)) 29.762ms
[184.428s][info][gc          ] Relocation Stall (Executor task launch worker for task 9.0 in stage 0.0 (TID 9)) 29.702ms
[184.428s][info][gc          ] Relocation Stall (Executor task launch worker for task 33.0 in stage 0.0 (TID 33)) 29.357ms
[184.428s][info][gc          ] Relocation Stall (Executor task launch worker for task 2.0 in stage 0.0 (TID 2)) 29.822ms
[184.428s][info][gc          ] Relocation Stall (Executor task launch worker for task 37.0 in stage 0.0 (TID 37)) 25.864ms
[184.428s][info][gc          ] Relocation Stall (Executor task launch worker for task 5.0 in stage 0.0 (TID 5)) 29.925ms
[184.428s][info][gc          ] Relocation Stall (Executor task launch worker for task 16.0 in stage 0.0 (TID 16)) 27.738ms
[184.428s][info][gc          ] Allocation Stall (Executor task launch worker for task 42.0 in stage 0.0 (TID 42)) 10.025ms
[184.428s][info][gc          ] Allocation Stall (Executor task launch worker for task 20.0 in stage 0.0 (TID 20)) 10.031ms
[184.428s][info][gc          ] Allocation Stall (Executor task launch worker for task 1.0 in stage 0.0 (TID 1)) 9.515ms
[184.428s][info][gc          ] Allocation Stall (Executor task launch worker for task 12.0 in stage 0.0 (TID 12)) 10.121ms
[184.428s][info][gc          ] Allocation Stall (Executor task launch worker for task 35.0 in stage 0.0 (TID 35)) 10.104ms
[184.428s][info][gc          ] Allocation Stall (Executor task launch worker for task 24.0 in stage 0.0 (TID 24)) 9.486ms
[184.428s][info][gc          ] Allocation Stall (Executor task launch worker for task 32.0 in stage 0.0 (TID 32)) 10.103ms
[184.428s][info][gc          ] Allocation Stall (Executor task launch worker for task 21.0 in stage 0.0 (TID 21)) 8.880ms
[184.428s][info][gc,phases   ] GC(71) Concurrent Relocate 30.197ms
[184.428s][info][gc,load     ] GC(71) Load: 0.00/0.00/0.00
[184.428s][info][gc,mmu      ] GC(71) MMU: 2ms/95.7%, 5ms/98.3%, 10ms/99.1%, 20ms/99.5%, 50ms/99.8%, 100ms/99.8%
[184.428s][info][gc,marking  ] GC(71) Mark: 4 stripe(s), 2 proactive flush(es), 1 terminate flush(es), 0 completion(s), 0 continuation(s) 
[184.428s][info][gc,marking  ] GC(71) Mark Stack Usage: 32M
[184.428s][info][gc,nmethod  ] GC(71) NMethods: 1457 registered, 0 unregistered
[184.428s][info][gc,metaspace] GC(71) Metaspace: 107M used, 116M committed, 1152M reserved
[184.428s][info][gc,ref      ] GC(71) Soft: 2800 encountered, 2327 discovered, 0 enqueued
[184.428s][info][gc,ref      ] GC(71) Weak: 12978 encountered, 1894 discovered, 0 enqueued
[184.428s][info][gc,ref      ] GC(71) Final: 40 encountered, 0 discovered, 0 enqueued
[184.428s][info][gc,ref      ] GC(71) Phantom: 750 encountered, 593 discovered, 0 enqueued
[184.428s][info][gc,reloc    ] GC(71) Small Pages: 69 / 138M, Empty: 28M, Relocated: 1M, In-Place: 4
[184.428s][info][gc,reloc    ] GC(71) Medium Pages: 2 / 32M, Empty: 0M, Relocated: 11M, In-Place: 1
[184.428s][info][gc,reloc    ] GC(71) Large Pages: 50 / 332M, Empty: 8M, Relocated: 0M, In-Place: 0
[184.428s][info][gc,reloc    ] GC(71) Forwarding Usage: 0M
[184.429s][info][gc,heap     ] GC(71) Min Capacity: 8M(2%)
[184.429s][info][gc,heap     ] GC(71) Max Capacity: 512M(100%)
[184.429s][info][gc,heap     ] GC(71) Soft Max Capacity: 512M(100%)
[184.429s][info][gc,heap     ] GC(71)                Mark Start          Mark End        Relocate Start      Relocate End           High               Low         
[184.429s][info][gc,heap     ] GC(71)  Capacity:      512M (100%)        512M (100%)        512M (100%)        512M (100%)        512M (100%)        512M (100%)   
[184.429s][info][gc,heap     ] GC(71)      Free:        0M (0%)            0M (0%)            0M (0%)            0M (0%)           36M (7%)            0M (0%)     
[184.429s][info][gc,heap     ] GC(71)      Used:      512M (100%)        512M (100%)        512M (100%)        512M (100%)        512M (100%)        476M (93%)    
[184.429s][info][gc,heap     ] GC(71)      Live:         -               394M (77%)         394M (77%)         394M (77%)            -                  -          
[184.429s][info][gc,heap     ] GC(71) Allocated:         -                 0M (0%)           36M (7%)           84M (16%)            -                  -          
[184.429s][info][gc,heap     ] GC(71)   Garbage:         -               117M (23%)          81M (16%)          33M (6%)             -                  -          
[184.429s][info][gc          ] Allocation Stall (Executor task launch worker for task 6.0 in stage 0.0 (TID 6)) 9.617ms
[184.429s][info][gc,heap     ] GC(71) Reclaimed:         -                  -                36M (7%)           84M (16%)            -                  -          
[184.429s][info][gc          ] GC(71) Garbage Collection (Allocation Stall) 512M(100%)->512M(100%)
[184.429s][info][gc,start    ] GC(72) Garbage Collection (Allocation Stall)
[184.429s][info][gc,ref      ] GC(72) Clearing All SoftReferences
[184.429s][info][gc,task     ] GC(72) Using 5 workers
[184.430s][info][gc,ref      ] GC(72) Clearing All SoftReferences
[184.430s][info][gc,phases   ] GC(72) Pause Mark Start 0.041ms
[184.430s][info][gc          ] Allocation Stall (Executor task launch worker for task 27.0 in stage 0.0 (TID 27)) 10.373ms
[184.430s][info][gc          ] Allocation Stall (Executor task launch worker for task 11.0 in stage 0.0 (TID 11)) 10.363ms
[184.430s][info][gc          ] Allocation Stall (Executor task launch worker for task 43.0 in stage 0.0 (TID 43)) 10.304ms
[184.430s][info][gc          ] Allocation Stall (Executor task launch worker for task 31.0 in stage 0.0 (TID 31)) 10.322ms
[184.430s][info][gc          ] Allocation Stall (Executor task launch worker for task 4.0 in stage 0.0 (TID 4)) 10.306ms
[184.430s][info][gc          ] Allocation Stall (Executor task launch worker for task 3.0 in stage 0.0 (TID 3)) 10.092ms
[184.430s][info][gc          ] Allocation Stall (Executor task launch worker for task 22.0 in stage 0.0 (TID 22)) 9.860ms
[184.430s][info][gc          ] Allocation Stall (Executor task launch worker for task 28.0 in stage 0.0 (TID 28)) 9.865ms
[184.430s][info][gc          ] Allocation Stall (Executor task launch worker for task 18.0 in stage 0.0 (TID 18)) 9.887ms
[184.430s][info][gc          ] Allocation Stall (Executor task launch worker for task 26.0 in stage 0.0 (TID 26)) 9.903ms
[184.430s][info][gc          ] Allocation Stall (Executor task launch worker for task 40.0 in stage 0.0 (TID 40)) 9.913ms
[184.430s][info][gc          ] Allocation Stall (Executor task launch worker for task 7.0 in stage 0.0 (TID 7)) 9.949ms
[184.430s][info][gc          ] Allocation Stall (Executor task launch worker for task 19.0 in stage 0.0 (TID 19)) 9.990ms
[184.430s][info][gc          ] Allocation Stall (Executor task launch worker for task 25.0 in stage 0.0 (TID 25)) 9.971ms
[184.430s][info][gc          ] Allocation Stall (Executor task launch worker for task 45.0 in stage 0.0 (TID 45)) 9.852ms
[184.430s][info][gc          ] Allocation Stall (Executor task launch worker for task 36.0 in stage 0.0 (TID 36)) 9.808ms
[184.430s][info][gc          ] Allocation Stall (Executor task launch worker for task 44.0 in stage 0.0 (TID 44)) 9.494ms
[184.430s][info][gc          ] Allocation Stall (Executor task launch worker for task 39.0 in stage 0.0 (TID 39)) 9.502ms
[184.431s][info][gc          ] Allocation Stall (Executor task launch worker for task 38.0 in stage 0.0 (TID 38)) 9.610ms
[184.431s][info][gc          ] Allocation Stall (Executor task launch worker for task 17.0 in stage 0.0 (TID 17)) 9.630ms
[184.431s][info][gc          ] Allocation Stall (Executor task launch worker for task 13.0 in stage 0.0 (TID 13)) 9.498ms
[184.431s][info][gc          ] Allocation Stall (Executor task launch worker for task 34.0 in stage 0.0 (TID 34)) 9.574ms
[184.431s][info][gc          ] Allocation Stall (Executor task launch worker for task 8.0 in stage 0.0 (TID 8)) 9.642ms
[184.431s][info][gc          ] Allocation Stall (Executor task launch worker for task 15.0 in stage 0.0 (TID 15)) 9.703ms
[184.431s][info][gc          ] Allocation Stall (Executor task launch worker for task 41.0 in stage 0.0 (TID 41)) 9.779ms
[184.472s][info][gc,phases   ] GC(72) Concurrent Mark 42.561ms
[184.473s][info][gc,phases   ] GC(72) Pause Mark End 0.014ms
[184.473s][info][gc,phases   ] GC(72) Concurrent Mark Free 0.001ms
[184.474s][info][gc,phases   ] GC(72) Concurrent Process Non-Strong References 1.340ms
[184.474s][info][gc,phases   ] GC(72) Concurrent Reset Relocation Set 0.005ms
[184.478s][info][gc          ] Allocation Stall (Executor task launch worker for task 35.0 in stage 0.0 (TID 35)) 47.724ms
[184.478s][info][gc          ] Allocation Stall (Executor task launch worker for task 12.0 in stage 0.0 (TID 12)) 47.710ms
[184.478s][info][gc          ] Allocation Stall (Executor task launch worker for task 37.0 in stage 0.0 (TID 37)) 47.724ms
[184.478s][info][gc          ] Allocation Stall (Executor task launch worker for task 9.0 in stage 0.0 (TID 9)) 49.806ms
[184.478s][info][gc          ] Allocation Stall (Executor task launch worker for task 30.0 in stage 0.0 (TID 30)) 55.979ms
[184.478s][info][gc          ] Allocation Stall (Executor task launch worker for task 5.0 in stage 0.0 (TID 5)) 49.729ms
[184.478s][info][gc          ] Allocation Stall (Executor task launch worker for task 24.0 in stage 0.0 (TID 24)) 47.736ms
[184.478s][info][gc          ] Allocation Stall (Executor task launch worker for task 29.0 in stage 0.0 (TID 29)) 56.055ms
[184.478s][info][gc          ] Allocation Stall (Executor task launch worker for task 20.0 in stage 0.0 (TID 20)) 47.719ms
[184.478s][info][gc          ] Allocation Stall (Executor task launch worker for task 14.0 in stage 0.0 (TID 14)) 55.999ms
[184.478s][info][gc          ] Allocation Stall (Executor task launch worker for task 42.0 in stage 0.0 (TID 42)) 47.737ms
[184.478s][info][gc          ] Allocation Stall (Executor task launch worker for task 2.0 in stage 0.0 (TID 2)) 49.710ms
[184.478s][info][gc          ] Allocation Stall (Executor task launch worker for task 23.0 in stage 0.0 (TID 23)) 49.902ms
[184.478s][info][gc          ] Allocation Stall (Executor task launch worker for task 47.0 in stage 0.0 (TID 47)) 54.629ms
[184.478s][info][gc          ] Allocation Stall (Executor task launch worker for task 33.0 in stage 0.0 (TID 33)) 49.719ms
[184.478s][info][gc          ] Allocation Stall (Executor task launch worker for task 0.0 in stage 0.0 (TID 0)) 55.995ms
[184.478s][info][gc          ] Allocation Stall (Executor task launch worker for task 10.0 in stage 0.0 (TID 10)) 49.969ms
[184.478s][info][gc          ] Allocation Stall (Executor task launch worker for task 46.0 in stage 0.0 (TID 46)) 49.952ms
[184.478s][info][gc,phases   ] GC(72) Concurrent Select Relocation Set 3.620ms
[184.478s][info][gc          ] Allocation Stall (Executor task launch worker for task 21.0 in stage 0.0 (TID 21)) 47.871ms
[184.478s][info][gc          ] Allocation Stall (Executor task launch worker for task 1.0 in stage 0.0 (TID 1)) 47.933ms
[184.478s][info][gc          ] Allocation Stall (Executor task launch worker for task 32.0 in stage 0.0 (TID 32)) 48.007ms
[184.478s][info][gc          ] Allocation Stall (Executor task launch worker for task 28.0 in stage 0.0 (TID 28)) 43.909ms
[184.478s][info][gc          ] Allocation Stall (Executor task launch worker for task 27.0 in stage 0.0 (TID 27)) 43.928ms
[184.478s][info][gc          ] Allocation Stall (Executor task launch worker for task 18.0 in stage 0.0 (TID 18)) 43.991ms
[184.478s][info][gc          ] Allocation Stall (Executor task launch worker for task 8.0 in stage 0.0 (TID 8)) 43.977ms
[184.478s][info][gc          ] Allocation Stall (Executor task launch worker for task 36.0 in stage 0.0 (TID 36)) 44.063ms
[184.478s][info][gc          ] Allocation Stall (Executor task launch worker for task 26.0 in stage 0.0 (TID 26)) 43.854ms
[184.478s][info][gc          ] Allocation Stall (Executor task launch worker for task 7.0 in stage 0.0 (TID 7)) 43.788ms
[184.478s][info][gc          ] Allocation Stall (Executor task launch worker for task 25.0 in stage 0.0 (TID 25)) 43.676ms
[184.479s][info][gc          ] Allocation Stall (Executor task launch worker for task 16.0 in stage 0.0 (TID 16)) 43.441ms
[184.479s][info][gc          ] Allocation Stall (Executor task launch worker for task 45.0 in stage 0.0 (TID 45)) 43.355ms
[184.479s][info][gc          ] Allocation Stall (Executor task launch worker for task 19.0 in stage 0.0 (TID 19)) 43.357ms
[184.479s][info][gc,phases   ] GC(72) Pause Relocate Start 0.007ms
[184.479s][info][gc          ] Allocation Stall (Executor task launch worker for task 41.0 in stage 0.0 (TID 41)) 43.878ms
[184.479s][info][gc          ] Allocation Stall (Executor task launch worker for task 40.0 in stage 0.0 (TID 40)) 44.153ms
[184.479s][info][gc          ] Allocation Stall (Executor task launch worker for task 43.0 in stage 0.0 (TID 43)) 43.774ms
[184.479s][info][gc          ] Allocation Stall (Executor task launch worker for task 15.0 in stage 0.0 (TID 15)) 43.388ms
[184.479s][info][gc          ] Allocation Stall (Executor task launch worker for task 17.0 in stage 0.0 (TID 17)) 43.049ms
[184.479s][info][gc          ] Allocation Stall (Executor task launch worker for task 31.0 in stage 0.0 (TID 31)) 43.264ms
[184.479s][info][gc          ] Allocation Stall (Executor task launch worker for task 13.0 in stage 0.0 (TID 13)) 43.327ms
[184.479s][info][gc          ] Allocation Stall (Executor task launch worker for task 39.0 in stage 0.0 (TID 39)) 43.172ms
[184.479s][info][gc          ] Allocation Stall (Executor task launch worker for task 11.0 in stage 0.0 (TID 11)) 42.990ms
[184.479s][info][gc          ] Allocation Stall (Executor task launch worker for task 38.0 in stage 0.0 (TID 38)) 43.069ms
[184.479s][info][gc          ] Allocation Stall (Executor task launch worker for task 44.0 in stage 0.0 (TID 44)) 42.985ms
[184.479s][info][gc          ] Allocation Stall (Executor task launch worker for task 34.0 in stage 0.0 (TID 34)) 42.967ms
[184.479s][info][gc          ] Allocation Stall (Executor task launch worker for task 22.0 in stage 0.0 (TID 22)) 43.083ms
[184.479s][info][gc          ] Allocation Stall (Executor task launch worker for task 4.0 in stage 0.0 (TID 4)) 42.904ms
[184.479s][info][gc          ] Relocation Stall (Executor task launch worker for task 10.0 in stage 0.0 (TID 10)) 0.074ms
[184.480s][info][gc          ] Relocation Stall (Executor task launch worker for task 2.0 in stage 0.0 (TID 2)) 0.078ms
[184.480s][info][gc          ] Relocation Stall (Executor task launch worker for task 46.0 in stage 0.0 (TID 46)) 0.086ms
[184.480s][info][gc          ] Relocation Stall (Executor task launch worker for task 5.0 in stage 0.0 (TID 5)) 0.075ms
[184.480s][info][gc          ] Allocation Stall (Executor task launch worker for task 3.0 in stage 0.0 (TID 3)) 42.863ms
[184.480s][info][gc          ] Relocation Stall (Executor task launch worker for task 0.0 in stage 0.0 (TID 0)) 0.120ms
[184.480s][info][gc          ] Relocation Stall (Executor task launch worker for task 14.0 in stage 0.0 (TID 14)) 0.124ms
[184.480s][info][gc          ] Relocation Stall (Executor task launch worker for task 20.0 in stage 0.0 (TID 20)) 0.138ms
[184.480s][info][gc          ] Relocation Stall (Executor task launch worker for task 32.0 in stage 0.0 (TID 32)) 0.157ms
[184.480s][info][gc          ] Relocation Stall (Executor task launch worker for task 33.0 in stage 0.0 (TID 33)) 0.170ms
[184.480s][info][gc          ] Allocation Stall (Executor task launch worker for task 6.0 in stage 0.0 (TID 6)) 41.236ms
[184.480s][info][gc          ] Allocation Stall (Common-Cleaner) 5.450ms
[184.480s][info][gc          ] Allocation Stall (Spark Context Cleaner) 38.438ms
[184.480s][info][gc          ] Relocation Stall (Executor task launch worker for task 21.0 in stage 0.0 (TID 21)) 0.252ms
[184.480s][info][gc          ] Relocation Stall (Executor task launch worker for task 47.0 in stage 0.0 (TID 47)) 0.430ms
[184.480s][info][gc          ] Relocation Stall (Executor task launch worker for task 1.0 in stage 0.0 (TID 1)) 0.474ms
[184.480s][info][gc          ] Relocation Stall (Executor task launch worker for task 35.0 in stage 0.0 (TID 35)) 0.495ms
[184.480s][info][gc          ] Relocation Stall (Executor task launch worker for task 23.0 in stage 0.0 (TID 23)) 0.513ms
[184.480s][info][gc          ] Relocation Stall (Executor task launch worker for task 12.0 in stage 0.0 (TID 12)) 0.525ms
[184.480s][info][gc          ] Relocation Stall (Executor task launch worker for task 42.0 in stage 0.0 (TID 42)) 0.434ms
[184.485s][info][gc          ] Allocation Stall (Executor task launch worker for task 31.0 in stage 0.0 (TID 31)) 1.095ms
[184.492s][info][gc          ] Allocation Stall (Executor task launch worker for task 12.0 in stage 0.0 (TID 12)) 7.933ms
[184.492s][info][gc          ] Allocation Stall (Executor task launch worker for task 32.0 in stage 0.0 (TID 32)) 7.745ms
[184.492s][info][gc          ] Allocation Stall (Executor task launch worker for task 17.0 in stage 0.0 (TID 17)) 7.062ms
[184.492s][info][gc          ] Allocation Stall (Executor task launch worker for task 39.0 in stage 0.0 (TID 39)) 7.918ms
[184.492s][info][gc          ] Allocation Stall (Executor task launch worker for task 26.0 in stage 0.0 (TID 26)) 5.711ms
[184.492s][info][gc          ] Allocation Stall (Executor task launch worker for task 44.0 in stage 0.0 (TID 44)) 7.976ms
[184.492s][info][gc          ] Allocation Stall (Executor task launch worker for task 31.0 in stage 0.0 (TID 31)) 5.349ms
[184.492s][info][gc          ] Allocation Stall (Executor task launch worker for task 34.0 in stage 0.0 (TID 34)) 5.725ms
[184.493s][info][gc          ] Allocation Stall (Executor task launch worker for task 7.0 in stage 0.0 (TID 7)) 5.958ms
[184.493s][info][gc          ] Allocation Stall (Executor task launch worker for task 16.0 in stage 0.0 (TID 16)) 5.721ms
[184.493s][info][gc          ] Allocation Stall (Executor task launch worker for task 38.0 in stage 0.0 (TID 38)) 5.545ms
[184.493s][info][gc          ] Allocation Stall (Executor task launch worker for task 11.0 in stage 0.0 (TID 11)) 5.512ms
[184.493s][info][gc          ] Allocation Stall (Executor task launch worker for task 22.0 in stage 0.0 (TID 22)) 5.545ms
[184.493s][info][gc          ] Allocation Stall (Executor task launch worker for task 29.0 in stage 0.0 (TID 29)) 5.205ms
[184.493s][info][gc          ] Allocation Stall (Executor task launch worker for task 20.0 in stage 0.0 (TID 20)) 5.233ms
[184.493s][info][gc          ] Allocation Stall (Executor task launch worker for task 24.0 in stage 0.0 (TID 24)) 5.282ms
[184.493s][info][gc          ] Allocation Stall (Executor task launch worker for task 40.0 in stage 0.0 (TID 40)) 5.287ms
[184.493s][info][gc          ] Allocation Stall (Executor task launch worker for task 15.0 in stage 0.0 (TID 15)) 5.289ms
[184.493s][info][gc          ] Allocation Stall (Executor task launch worker for task 30.0 in stage 0.0 (TID 30)) 5.302ms
[184.493s][info][gc          ] Allocation Stall (Executor task launch worker for task 13.0 in stage 0.0 (TID 13)) 5.242ms
[184.493s][info][gc          ] Allocation Stall (Executor task launch worker for task 41.0 in stage 0.0 (TID 41)) 4.997ms
[184.494s][info][gc          ] Allocation Stall (Executor task launch worker for task 43.0 in stage 0.0 (TID 43)) 4.694ms
[184.494s][info][gc          ] Allocation Stall (Executor task launch worker for task 4.0 in stage 0.0 (TID 4)) 4.663ms
[184.494s][info][gc          ] Allocation Stall (Executor task launch worker for task 14.0 in stage 0.0 (TID 14)) 4.644ms
[184.494s][info][gc          ] Allocation Stall (Executor task launch worker for task 3.0 in stage 0.0 (TID 3)) 4.006ms
[184.494s][info][gc          ] Allocation Stall (Executor task launch worker for task 21.0 in stage 0.0 (TID 21)) 3.792ms
[184.494s][info][gc          ] Allocation Stall (Executor task launch worker for task 35.0 in stage 0.0 (TID 35)) 3.827ms
[184.494s][info][gc          ] Allocation Stall (Executor task launch worker for task 1.0 in stage 0.0 (TID 1)) 3.875ms
[184.494s][info][gc          ] Allocation Stall (Executor task launch worker for task 28.0 in stage 0.0 (TID 28)) 3.938ms
[184.494s][info][gc          ] Allocation Stall (Executor task launch worker for task 25.0 in stage 0.0 (TID 25)) 3.979ms
[184.494s][info][gc          ] Allocation Stall (Executor task launch worker for task 36.0 in stage 0.0 (TID 36)) 4.027ms
[184.494s][info][gc          ] Allocation Stall (Executor task launch worker for task 18.0 in stage 0.0 (TID 18)) 3.881ms
[184.494s][info][gc          ] Allocation Stall (Executor task launch worker for task 45.0 in stage 0.0 (TID 45)) 3.868ms
[184.494s][info][gc          ] Allocation Stall (Executor task launch worker for task 8.0 in stage 0.0 (TID 8)) 3.931ms
[184.494s][info][gc          ] Allocation Stall (Executor task launch worker for task 0.0 in stage 0.0 (TID 0)) 3.905ms
[184.495s][info][gc          ] Allocation Stall (Executor task launch worker for task 19.0 in stage 0.0 (TID 19)) 3.927ms
[184.495s][info][gc          ] Allocation Stall (Executor task launch worker for task 42.0 in stage 0.0 (TID 42)) 3.999ms
[184.495s][info][gc          ] Allocation Stall (C2 CompilerThread2) 3.153ms
[184.512s][info][gc          ] Relocation Stall (Executor task launch worker for task 47.0 in stage 0.0 (TID 47)) 25.655ms
[184.512s][info][gc          ] Relocation Stall (Executor task launch worker for task 23.0 in stage 0.0 (TID 23)) 30.171ms
[184.512s][info][gc          ] Relocation Stall (Executor task launch worker for task 2.0 in stage 0.0 (TID 2)) 30.986ms
[184.512s][info][gc          ] Relocation Stall (Executor task launch worker for task 33.0 in stage 0.0 (TID 33)) 26.509ms
[184.512s][info][gc          ] Relocation Stall (Executor task launch worker for task 37.0 in stage 0.0 (TID 37)) 32.043ms
[184.512s][info][gc          ] Relocation Stall (Executor task launch worker for task 9.0 in stage 0.0 (TID 9)) 31.938ms
[184.512s][info][gc          ] Relocation Stall (Executor task launch worker for task 27.0 in stage 0.0 (TID 27)) 31.848ms
[184.512s][info][gc          ] Relocation Stall (Executor task launch worker for task 5.0 in stage 0.0 (TID 5)) 30.981ms
[184.512s][info][gc          ] Allocation Stall (Executor task launch worker for task 29.0 in stage 0.0 (TID 29)) 8.007ms
[184.512s][info][gc          ] Allocation Stall (Executor task launch worker for task 26.0 in stage 0.0 (TID 26)) 7.932ms
[184.512s][info][gc          ] Allocation Stall (Executor task launch worker for task 28.0 in stage 0.0 (TID 28)) 7.962ms
[184.512s][info][gc          ] Allocation Stall (Executor task launch worker for task 24.0 in stage 0.0 (TID 24)) 8.996ms
[184.512s][info][gc          ] Allocation Stall (Executor task launch worker for task 32.0 in stage 0.0 (TID 32)) 9.009ms
[184.512s][info][gc          ] Allocation Stall (Executor task launch worker for task 43.0 in stage 0.0 (TID 43)) 7.784ms
[184.512s][info][gc          ] Allocation Stall (Executor task launch worker for task 0.0 in stage 0.0 (TID 0)) 8.067ms
[184.512s][info][gc          ] Allocation Stall (Executor task launch worker for task 36.0 in stage 0.0 (TID 36)) 7.738ms
[184.512s][info][gc,phases   ] GC(72) Concurrent Relocate 32.149ms
[184.512s][info][gc,load     ] GC(72) Load: 0.00/0.00/0.00
[184.512s][info][gc,mmu      ] GC(72) MMU: 2ms/95.7%, 5ms/98.3%, 10ms/99.1%, 20ms/99.5%, 50ms/99.8%, 100ms/99.8%
[184.512s][info][gc,marking  ] GC(72) Mark: 4 stripe(s), 2 proactive flush(es), 1 terminate flush(es), 0 completion(s), 0 continuation(s) 
[184.512s][info][gc,marking  ] GC(72) Mark Stack Usage: 32M
[184.512s][info][gc,nmethod  ] GC(72) NMethods: 1474 registered, 1 unregistered
[184.512s][info][gc,metaspace] GC(72) Metaspace: 107M used, 116M committed, 1152M reserved
[184.512s][info][gc,ref      ] GC(72) Soft: 2806 encountered, 2226 discovered, 4 enqueued
[184.512s][info][gc,ref      ] GC(72) Weak: 12994 encountered, 3305 discovered, 10 enqueued
[184.512s][info][gc,ref      ] GC(72) Final: 40 encountered, 0 discovered, 0 enqueued
[184.512s][info][gc,ref      ] GC(72) Phantom: 757 encountered, 562 discovered, 7 enqueued
[184.512s][info][gc,reloc    ] GC(72) Small Pages: 70 / 140M, Empty: 32M, Relocated: 1M, In-Place: 4
[184.512s][info][gc,reloc    ] GC(72) Medium Pages: 2 / 32M, Empty: 0M, Relocated: 12M, In-Place: 1
[184.512s][info][gc,reloc    ] GC(72) Large Pages: 51 / 332M, Empty: 4M, Relocated: 0M, In-Place: 0
[184.512s][info][gc,reloc    ] GC(72) Forwarding Usage: 0M
[184.512s][info][gc,heap     ] GC(72) Min Capacity: 8M(2%)
[184.512s][info][gc,heap     ] GC(72) Max Capacity: 512M(100%)
[184.512s][info][gc,heap     ] GC(72) Soft Max Capacity: 512M(100%)
[184.512s][info][gc,heap     ] GC(72)                Mark Start          Mark End        Relocate Start      Relocate End           High               Low         
[184.512s][info][gc,heap     ] GC(72)  Capacity:      512M (100%)        512M (100%)        512M (100%)        512M (100%)        512M (100%)        512M (100%)   
[184.512s][info][gc,heap     ] GC(72)      Free:        0M (0%)            0M (0%)            0M (0%)            0M (0%)           44M (9%)            0M (0%)     
[184.512s][info][gc,heap     ] GC(72)      Used:      512M (100%)        512M (100%)        512M (100%)        512M (100%)        512M (100%)        468M (91%)    
[184.512s][info][gc,heap     ] GC(72)      Live:         -               399M (78%)         399M (78%)         399M (78%)            -                  -          
[184.512s][info][gc,heap     ] GC(72) Allocated:         -                 0M (0%)           36M (7%)           83M (16%)            -                  -          
[184.512s][info][gc,heap     ] GC(72)   Garbage:         -               112M (22%)          76M (15%)          29M (6%)             -                  -          
[184.512s][info][gc,heap     ] GC(72) Reclaimed:         -                  -                36M (7%)           83M (16%)            -                  -          
[184.512s][info][gc          ] GC(72) Garbage Collection (Allocation Stall) 512M(100%)->512M(100%)
[184.512s][info][gc,start    ] GC(73) Garbage Collection (Allocation Stall)
[184.512s][info][gc,ref      ] GC(73) Clearing All SoftReferences
[184.512s][info][gc,task     ] GC(73) Using 5 workers
[184.513s][info][gc          ] Allocation Stall (Executor task launch worker for task 34.0 in stage 0.0 (TID 34)) 8.557ms
[184.513s][info][gc          ] Allocation Stall (Executor task launch worker for task 1.0 in stage 0.0 (TID 1)) 8.545ms
[184.513s][info][gc          ] Allocation Stall (Executor task launch worker for task 21.0 in stage 0.0 (TID 21)) 8.102ms
[184.513s][info][gc          ] Allocation Stall (Executor task launch worker for task 3.0 in stage 0.0 (TID 3)) 8.728ms
[184.513s][info][gc          ] Allocation Stall (Executor task launch worker for task 41.0 in stage 0.0 (TID 41)) 8.859ms
[184.513s][info][gc          ] Allocation Stall (Executor task launch worker for task 40.0 in stage 0.0 (TID 40)) 8.703ms
[184.513s][info][gc          ] Allocation Stall (Executor task launch worker for task 42.0 in stage 0.0 (TID 42)) 8.174ms
[184.513s][info][gc,ref      ] GC(73) Clearing All SoftReferences
[184.513s][info][gc,phases   ] GC(73) Pause Mark Start 0.029ms
[184.513s][info][gc          ] Allocation Stall (Executor task launch worker for task 31.0 in stage 0.0 (TID 31)) 8.056ms
[184.513s][info][gc          ] Allocation Stall (Executor task launch worker for task 30.0 in stage 0.0 (TID 30)) 8.367ms
[184.513s][info][gc          ] Allocation Stall (Executor task launch worker for task 35.0 in stage 0.0 (TID 35)) 8.250ms
[184.513s][info][gc          ] Allocation Stall (Executor task launch worker for task 12.0 in stage 0.0 (TID 12)) 7.830ms
[184.513s][info][gc          ] Allocation Stall (Executor task launch worker for task 19.0 in stage 0.0 (TID 19)) 8.126ms
[184.513s][info][gc          ] Allocation Stall (Executor task launch worker for task 4.0 in stage 0.0 (TID 4)) 7.790ms
[184.513s][info][gc          ] Allocation Stall (Executor task launch worker for task 13.0 in stage 0.0 (TID 13)) 7.727ms
[184.513s][info][gc          ] Allocation Stall (Executor task launch worker for task 10.0 in stage 0.0 (TID 10)) 7.433ms
[184.513s][info][gc          ] Allocation Stall (Executor task launch worker for task 7.0 in stage 0.0 (TID 7)) 7.337ms
[184.514s][info][gc          ] Allocation Stall (Executor task launch worker for task 39.0 in stage 0.0 (TID 39)) 7.335ms
[184.514s][info][gc          ] Allocation Stall (Executor task launch worker for task 46.0 in stage 0.0 (TID 46)) 7.216ms
[184.514s][info][gc          ] Allocation Stall (Executor task launch worker for task 38.0 in stage 0.0 (TID 38)) 7.154ms
[184.514s][info][gc          ] Allocation Stall (Executor task launch worker for task 44.0 in stage 0.0 (TID 44)) 7.095ms
[184.514s][info][gc          ] Allocation Stall (Executor task launch worker for task 20.0 in stage 0.0 (TID 20)) 7.068ms
[184.514s][info][gc          ] Allocation Stall (Executor task launch worker for task 17.0 in stage 0.0 (TID 17)) 6.975ms
[184.514s][info][gc          ] Allocation Stall (Executor task launch worker for task 22.0 in stage 0.0 (TID 22)) 7.071ms
[184.514s][info][gc          ] Allocation Stall (Executor task launch worker for task 15.0 in stage 0.0 (TID 15)) 7.112ms
[184.514s][info][gc          ] Allocation Stall (Executor task launch worker for task 16.0 in stage 0.0 (TID 16)) 7.131ms
[184.514s][info][gc          ] Allocation Stall (Executor task launch worker for task 18.0 in stage 0.0 (TID 18)) 7.010ms
[184.514s][info][gc          ] Allocation Stall (Executor task launch worker for task 11.0 in stage 0.0 (TID 11)) 7.005ms
[184.514s][info][gc          ] Allocation Stall (Executor task launch worker for task 45.0 in stage 0.0 (TID 45)) 6.942ms
[184.514s][info][gc          ] Allocation Stall (Executor task launch worker for task 14.0 in stage 0.0 (TID 14)) 6.948ms
[184.514s][info][gc          ] Allocation Stall (Executor task launch worker for task 25.0 in stage 0.0 (TID 25)) 6.937ms
[184.514s][info][gc          ] Allocation Stall (Executor task launch worker for task 8.0 in stage 0.0 (TID 8)) 6.920ms
[184.514s][info][gc          ] Allocation Stall (Executor task launch worker for task 23.0 in stage 0.0 (TID 23)) 2.572ms
[184.514s][info][gc          ] Allocation Stall (Executor task launch worker for task 2.0 in stage 0.0 (TID 2)) 2.610ms
[184.514s][info][gc          ] Allocation Stall (Executor task launch worker for task 33.0 in stage 0.0 (TID 33)) 2.633ms
[184.514s][info][gc          ] Allocation Stall (Executor task launch worker for task 37.0 in stage 0.0 (TID 37)) 2.677ms
[184.514s][info][gc          ] Allocation Stall (Executor task launch worker for task 9.0 in stage 0.0 (TID 9)) 2.692ms
[184.515s][info][gc          ] Allocation Stall (Executor task launch worker for task 5.0 in stage 0.0 (TID 5)) 2.700ms
[184.515s][info][gc          ] Allocation Stall (Executor task launch worker for task 24.0 in stage 0.0 (TID 24)) 1.381ms
[184.515s][info][gc          ] Allocation Stall (Executor task launch worker for task 26.0 in stage 0.0 (TID 26)) 1.436ms
[184.515s][info][gc          ] Allocation Stall (Executor task launch worker for task 0.0 in stage 0.0 (TID 0)) 1.519ms
[184.515s][info][gc          ] Allocation Stall (Executor task launch worker for task 41.0 in stage 0.0 (TID 41)) 1.819ms
[184.515s][info][gc          ] Allocation Stall (Executor task launch worker for task 32.0 in stage 0.0 (TID 32)) 1.871ms
[184.515s][info][gc          ] Allocation Stall (Executor task launch worker for task 1.0 in stage 0.0 (TID 1)) 1.926ms
[184.553s][info][gc,phases   ] GC(73) Concurrent Mark 39.423ms
[184.553s][info][gc,phases   ] GC(73) Pause Mark End 0.015ms
[184.553s][info][gc,phases   ] GC(73) Concurrent Mark Free 0.001ms
[184.554s][info][gc,phases   ] GC(73) Concurrent Process Non-Strong References 1.201ms
[184.554s][info][gc,phases   ] GC(73) Concurrent Reset Relocation Set 0.004ms
[184.558s][info][gc          ] Allocation Stall (Executor task launch worker for task 25.0 in stage 0.0 (TID 25)) 37.588ms
[184.558s][info][gc          ] Allocation Stall (Executor task launch worker for task 15.0 in stage 0.0 (TID 15)) 37.515ms
[184.558s][info][gc          ] Allocation Stall (Executor task launch worker for task 35.0 in stage 0.0 (TID 35)) 37.528ms
[184.558s][info][gc          ] Allocation Stall (Executor task launch worker for task 10.0 in stage 0.0 (TID 10)) 37.576ms
[184.558s][info][gc          ] Allocation Stall (Executor task launch worker for task 8.0 in stage 0.0 (TID 8)) 37.515ms
[184.558s][info][gc          ] Allocation Stall (Executor task launch worker for task 2.0 in stage 0.0 (TID 2)) 37.512ms
[184.558s][info][gc          ] Allocation Stall (Executor task launch worker for task 46.0 in stage 0.0 (TID 46)) 37.756ms
[184.558s][info][gc          ] Allocation Stall (Executor task launch worker for task 30.0 in stage 0.0 (TID 30)) 37.628ms
[184.558s][info][gc          ] Allocation Stall (Executor task launch worker for task 28.0 in stage 0.0 (TID 28)) 44.391ms
[184.558s][info][gc          ] Allocation Stall (Executor task launch worker for task 42.0 in stage 0.0 (TID 42)) 38.031ms
[184.558s][info][gc          ] Allocation Stall (Executor task launch worker for task 3.0 in stage 0.0 (TID 3)) 44.389ms
[184.558s][info][gc          ] Allocation Stall (Executor task launch worker for task 27.0 in stage 0.0 (TID 27)) 44.390ms
[184.558s][info][gc          ] Allocation Stall (Executor task launch worker for task 31.0 in stage 0.0 (TID 31)) 37.878ms
[184.558s][info][gc          ] Allocation Stall (Executor task launch worker for task 43.0 in stage 0.0 (TID 43)) 44.383ms
[184.558s][info][gc          ] Allocation Stall (Executor task launch worker for task 34.0 in stage 0.0 (TID 34)) 44.394ms
[184.558s][info][gc          ] Allocation Stall (Executor task launch worker for task 13.0 in stage 0.0 (TID 13)) 38.849ms
[184.558s][info][gc          ] Allocation Stall (Executor task launch worker for task 19.0 in stage 0.0 (TID 19)) 37.826ms
[184.558s][info][gc          ] Allocation Stall (Executor task launch worker for task 21.0 in stage 0.0 (TID 21)) 38.121ms
[184.558s][info][gc          ] Allocation Stall (Executor task launch worker for task 36.0 in stage 0.0 (TID 36)) 38.034ms
[184.558s][info][gc          ] Allocation Stall (Executor task launch worker for task 29.0 in stage 0.0 (TID 29)) 44.440ms
[184.558s][info][gc,phases   ] GC(73) Concurrent Select Relocation Set 3.561ms
[184.558s][info][gc          ] Allocation Stall (Executor task launch worker for task 12.0 in stage 0.0 (TID 12)) 37.564ms
[184.558s][info][gc          ] Allocation Stall (Executor task launch worker for task 7.0 in stage 0.0 (TID 7)) 37.776ms
[184.558s][info][gc          ] Allocation Stall (Executor task launch worker for task 18.0 in stage 0.0 (TID 18)) 37.656ms
[184.558s][info][gc          ] Allocation Stall (Executor task launch worker for task 16.0 in stage 0.0 (TID 16)) 37.581ms
[184.558s][info][gc          ] Allocation Stall (Executor task launch worker for task 14.0 in stage 0.0 (TID 14)) 37.121ms
[184.558s][info][gc          ] Allocation Stall (Executor task launch worker for task 24.0 in stage 0.0 (TID 24)) 37.128ms
[184.558s][info][gc          ] Allocation Stall (Executor task launch worker for task 20.0 in stage 0.0 (TID 20)) 37.160ms
[184.558s][info][gc          ] Allocation Stall (Executor task launch worker for task 33.0 in stage 0.0 (TID 33)) 37.188ms
[184.558s][info][gc          ] Allocation Stall (Executor task launch worker for task 5.0 in stage 0.0 (TID 5)) 37.134ms
[184.558s][info][gc          ] Allocation Stall (Executor task launch worker for task 22.0 in stage 0.0 (TID 22)) 37.111ms
[184.559s][info][gc          ] Allocation Stall (Executor task launch worker for task 41.0 in stage 0.0 (TID 41)) 37.113ms
[184.559s][info][gc          ] Allocation Stall (Executor task launch worker for task 40.0 in stage 0.0 (TID 40)) 37.131ms
[184.559s][info][gc          ] Allocation Stall (Executor task launch worker for task 1.0 in stage 0.0 (TID 1)) 37.128ms
[184.559s][info][gc          ] Allocation Stall (Executor task launch worker for task 45.0 in stage 0.0 (TID 45)) 37.169ms
[184.559s][info][gc,phases   ] GC(73) Pause Relocate Start 0.008ms
[184.559s][info][gc          ] Allocation Stall (Executor task launch worker for task 32.0 in stage 0.0 (TID 32)) 37.581ms
[184.559s][info][gc          ] Allocation Stall (Executor task launch worker for task 38.0 in stage 0.0 (TID 38)) 37.571ms
[184.559s][info][gc          ] Allocation Stall (Executor task launch worker for task 4.0 in stage 0.0 (TID 4)) 37.574ms
[184.559s][info][gc          ] Allocation Stall (Executor task launch worker for task 17.0 in stage 0.0 (TID 17)) 37.292ms
[184.559s][info][gc          ] Allocation Stall (Executor task launch worker for task 44.0 in stage 0.0 (TID 44)) 37.505ms
[184.559s][info][gc          ] Allocation Stall (Executor task launch worker for task 0.0 in stage 0.0 (TID 0)) 37.182ms
[184.559s][info][gc          ] Allocation Stall (Executor task launch worker for task 39.0 in stage 0.0 (TID 39)) 36.693ms
[184.559s][info][gc          ] Allocation Stall (Executor task launch worker for task 26.0 in stage 0.0 (TID 26)) 36.934ms
[184.559s][info][gc          ] Allocation Stall (Executor task launch worker for task 9.0 in stage 0.0 (TID 9)) 36.922ms
[184.559s][info][gc          ] Allocation Stall (Executor task launch worker for task 23.0 in stage 0.0 (TID 23)) 37.062ms
[184.559s][info][gc          ] Allocation Stall (Executor task launch worker for task 37.0 in stage 0.0 (TID 37)) 36.837ms
[184.559s][info][gc          ] Allocation Stall (Executor task launch worker for task 11.0 in stage 0.0 (TID 11)) 37.438ms
[184.559s][info][gc          ] Allocation Stall (Common-Cleaner) 5.232ms
[184.559s][info][gc          ] Allocation Stall (Executor task launch worker for task 19.0 in stage 0.0 (TID 19)) 0.742ms
[184.559s][info][gc          ] Relocation Stall (Executor task launch worker for task 36.0 in stage 0.0 (TID 36)) 0.008ms
[184.560s][info][gc          ] Allocation Stall (Executor task launch worker for task 47.0 in stage 0.0 (TID 47)) 28.723ms
[184.560s][info][gc          ] Allocation Stall (Executor task launch worker for task 6.0 in stage 0.0 (TID 6)) 37.573ms
[184.573s][info][gc          ] Allocation Stall (Executor task launch worker for task 25.0 in stage 0.0 (TID 25)) 9.452ms
[184.573s][info][gc          ] Allocation Stall (Executor task launch worker for task 44.0 in stage 0.0 (TID 44)) 4.891ms
[184.573s][info][gc          ] Allocation Stall (Executor task launch worker for task 12.0 in stage 0.0 (TID 12)) 5.625ms
[184.573s][info][gc          ] Allocation Stall (Executor task launch worker for task 22.0 in stage 0.0 (TID 22)) 4.715ms
[184.573s][info][gc          ] Allocation Stall (Executor task launch worker for task 13.0 in stage 0.0 (TID 13)) 5.479ms
[184.573s][info][gc          ] Allocation Stall (Executor task launch worker for task 3.0 in stage 0.0 (TID 3)) 5.458ms
[184.573s][info][gc          ] Allocation Stall (Executor task launch worker for task 43.0 in stage 0.0 (TID 43)) 9.514ms
[184.573s][info][gc          ] Allocation Stall (Executor task launch worker for task 42.0 in stage 0.0 (TID 42)) 5.091ms
[184.574s][info][gc          ] Allocation Stall (Executor task launch worker for task 35.0 in stage 0.0 (TID 35)) 5.628ms
[184.574s][info][gc          ] Allocation Stall (Executor task launch worker for task 11.0 in stage 0.0 (TID 11)) 5.631ms
[184.574s][info][gc          ] Allocation Stall (Executor task launch worker for task 36.0 in stage 0.0 (TID 36)) 5.498ms
[184.574s][info][gc          ] Allocation Stall (Executor task launch worker for task 32.0 in stage 0.0 (TID 32)) 5.431ms
[184.574s][info][gc          ] Allocation Stall (Executor task launch worker for task 19.0 in stage 0.0 (TID 19)) 5.404ms
[184.574s][info][gc          ] Allocation Stall (Executor task launch worker for task 34.0 in stage 0.0 (TID 34)) 4.938ms
[184.574s][info][gc          ] Allocation Stall (Executor task launch worker for task 4.0 in stage 0.0 (TID 4)) 4.787ms
[184.575s][info][gc          ] Allocation Stall (Executor task launch worker for task 15.0 in stage 0.0 (TID 15)) 5.561ms
[184.576s][info][gc          ] Allocation Stall (Executor task launch worker for task 30.0 in stage 0.0 (TID 30)) 5.375ms
[184.576s][info][gc          ] Allocation Stall (Executor task launch worker for task 31.0 in stage 0.0 (TID 31)) 5.337ms
[184.576s][info][gc          ] Allocation Stall (Executor task launch worker for task 18.0 in stage 0.0 (TID 18)) 5.239ms
[184.576s][info][gc          ] Allocation Stall (Executor task launch worker for task 10.0 in stage 0.0 (TID 10)) 4.380ms
[184.576s][info][gc          ] Allocation Stall (Executor task launch worker for task 0.0 in stage 0.0 (TID 0)) 4.270ms
[184.576s][info][gc          ] Allocation Stall (Executor task launch worker for task 40.0 in stage 0.0 (TID 40)) 4.516ms
[184.576s][info][gc          ] Allocation Stall (Executor task launch worker for task 24.0 in stage 0.0 (TID 24)) 4.426ms
[184.576s][info][gc          ] Allocation Stall (Executor task launch worker for task 20.0 in stage 0.0 (TID 20)) 4.448ms
[184.576s][info][gc          ] Allocation Stall (Executor task launch worker for task 1.0 in stage 0.0 (TID 1)) 4.490ms
[184.576s][info][gc          ] Allocation Stall (Executor task launch worker for task 26.0 in stage 0.0 (TID 26)) 4.518ms
[184.577s][info][gc          ] Allocation Stall (Executor task launch worker for task 39.0 in stage 0.0 (TID 39)) 4.575ms
[184.577s][info][gc          ] Allocation Stall (Executor task launch worker for task 17.0 in stage 0.0 (TID 17)) 4.541ms
[184.577s][info][gc          ] Allocation Stall (Executor task launch worker for task 14.0 in stage 0.0 (TID 14)) 4.618ms
[184.577s][info][gc          ] Allocation Stall (Executor task launch worker for task 41.0 in stage 0.0 (TID 41)) 4.657ms
[184.577s][info][gc          ] Allocation Stall (Executor task launch worker for task 8.0 in stage 0.0 (TID 8)) 4.717ms
[184.577s][info][gc          ] Allocation Stall (Executor task launch worker for task 29.0 in stage 0.0 (TID 29)) 4.775ms
[184.577s][info][gc          ] Allocation Stall (Executor task launch worker for task 38.0 in stage 0.0 (TID 38)) 4.860ms
[184.577s][info][gc          ] Allocation Stall (Executor task launch worker for task 28.0 in stage 0.0 (TID 28)) 4.899ms
[184.577s][info][gc          ] Allocation Stall (Executor task launch worker for task 45.0 in stage 0.0 (TID 45)) 4.838ms
[184.579s][info][gc          ] Allocation Stall (Executor task launch worker for task 37.0 in stage 0.0 (TID 37)) 5.696ms
[184.587s][info][gc          ] Allocation Stall (Executor task launch worker for task 19.0 in stage 0.0 (TID 19)) 2.134ms
[184.587s][info][gc          ] Allocation Stall (Executor task launch worker for task 13.0 in stage 0.0 (TID 13)) 1.868ms
[184.587s][info][gc          ] Allocation Stall (Executor task launch worker for task 29.0 in stage 0.0 (TID 29)) 8.644ms
[184.587s][info][gc          ] Allocation Stall (Executor task launch worker for task 4.0 in stage 0.0 (TID 4)) 1.792ms
[184.587s][info][gc          ] Allocation Stall (Executor task launch worker for task 26.0 in stage 0.0 (TID 26)) 2.154ms
[184.587s][info][gc          ] Allocation Stall (Executor task launch worker for task 44.0 in stage 0.0 (TID 44)) 0.870ms
[184.587s][info][gc          ] Allocation Stall (Executor task launch worker for task 25.0 in stage 0.0 (TID 25)) 1.633ms
[184.593s][info][gc          ] Allocation Stall (Executor task launch worker for task 30.0 in stage 0.0 (TID 30)) 6.269ms
[184.593s][info][gc          ] Allocation Stall (Executor task launch worker for task 3.0 in stage 0.0 (TID 3)) 6.079ms
[184.593s][info][gc          ] Allocation Stall (Executor task launch worker for task 12.0 in stage 0.0 (TID 12)) 6.098ms
[184.593s][info][gc          ] Allocation Stall (Executor task launch worker for task 11.0 in stage 0.0 (TID 11)) 6.380ms
[184.593s][info][gc          ] Allocation Stall (Executor task launch worker for task 14.0 in stage 0.0 (TID 14)) 2.277ms
[184.593s][info][gc          ] Allocation Stall (Executor task launch worker for task 40.0 in stage 0.0 (TID 40)) 6.538ms
[184.593s][info][gc          ] Allocation Stall (Executor task launch worker for task 18.0 in stage 0.0 (TID 18)) 1.962ms
[184.594s][info][gc          ] Allocation Stall (Executor task launch worker for task 37.0 in stage 0.0 (TID 37)) 1.977ms
[184.594s][info][gc          ] Allocation Stall (Executor task launch worker for task 38.0 in stage 0.0 (TID 38)) 1.998ms
[184.594s][info][gc          ] Allocation Stall (Executor task launch worker for task 39.0 in stage 0.0 (TID 39)) 2.010ms
[184.594s][info][gc          ] Allocation Stall (Executor task launch worker for task 0.0 in stage 0.0 (TID 0)) 2.033ms
[184.594s][info][gc          ] Allocation Stall (Executor task launch worker for task 8.0 in stage 0.0 (TID 8)) 1.815ms
[184.594s][info][gc          ] Allocation Stall (Executor task launch worker for task 24.0 in stage 0.0 (TID 24)) 1.843ms
[184.594s][info][gc          ] Allocation Stall (Executor task launch worker for task 35.0 in stage 0.0 (TID 35)) 1.761ms
[184.594s][info][gc          ] Allocation Stall (Executor task launch worker for task 17.0 in stage 0.0 (TID 17)) 1.608ms
[184.594s][info][gc          ] Allocation Stall (Executor task launch worker for task 20.0 in stage 0.0 (TID 20)) 1.612ms
[184.594s][info][gc          ] Allocation Stall (Executor task launch worker for task 28.0 in stage 0.0 (TID 28)) 1.675ms
[184.594s][info][gc          ] Allocation Stall (Executor task launch worker for task 32.0 in stage 0.0 (TID 32)) 6.910ms
[184.595s][info][gc          ] Allocation Stall (Executor task launch worker for task 1.0 in stage 0.0 (TID 1)) 6.591ms
[184.595s][info][gc          ] Allocation Stall (Executor task launch worker for task 42.0 in stage 0.0 (TID 42)) 2.146ms
[184.595s][info][gc          ] Allocation Stall (Executor task launch worker for task 45.0 in stage 0.0 (TID 45)) 2.174ms
[184.595s][info][gc          ] Allocation Stall (Executor task launch worker for task 34.0 in stage 0.0 (TID 34)) 2.169ms
[184.595s][info][gc          ] Allocation Stall (Executor task launch worker for task 10.0 in stage 0.0 (TID 10)) 2.158ms
[184.595s][info][gc          ] Allocation Stall (Executor task launch worker for task 41.0 in stage 0.0 (TID 41)) 2.106ms
[184.595s][info][gc          ] Allocation Stall (Executor task launch worker for task 22.0 in stage 0.0 (TID 22)) 2.131ms
[184.595s][info][gc          ] Allocation Stall (Executor task launch worker for task 36.0 in stage 0.0 (TID 36)) 2.153ms
[184.595s][info][gc          ] Allocation Stall (Executor task launch worker for task 31.0 in stage 0.0 (TID 31)) 2.197ms
[184.595s][info][gc          ] Allocation Stall (Executor task launch worker for task 15.0 in stage 0.0 (TID 15)) 2.248ms
[184.595s][info][gc          ] Allocation Stall (Executor task launch worker for task 21.0 in stage 0.0 (TID 21)) 1.905ms
[184.612s][info][gc          ] Relocation Stall (Executor task launch worker for task 46.0 in stage 0.0 (TID 46)) 50.968ms
[184.612s][info][gc          ] Relocation Stall (Executor task launch worker for task 9.0 in stage 0.0 (TID 9)) 44.430ms
[184.612s][info][gc          ] Relocation Stall (Executor task launch worker for task 23.0 in stage 0.0 (TID 23)) 48.634ms
[184.612s][info][gc          ] Relocation Stall (Executor task launch worker for task 27.0 in stage 0.0 (TID 27)) 52.501ms
[184.612s][info][gc          ] Relocation Stall (Executor task launch worker for task 2.0 in stage 0.0 (TID 2)) 44.812ms
[184.612s][info][gc          ] Relocation Stall (Executor task launch worker for task 5.0 in stage 0.0 (TID 5)) 42.138ms
[184.612s][info][gc          ] Relocation Stall (Executor task launch worker for task 7.0 in stage 0.0 (TID 7)) 46.795ms
[184.612s][info][gc          ] Relocation Stall (Executor task launch worker for task 33.0 in stage 0.0 (TID 33)) 42.123ms
[184.612s][info][gc          ] Allocation Stall (Executor task launch worker for task 40.0 in stage 0.0 (TID 40)) 11.620ms
[184.612s][info][gc          ] Allocation Stall (Executor task launch worker for task 11.0 in stage 0.0 (TID 11)) 11.553ms
[184.612s][info][gc          ] Allocation Stall (Executor task launch worker for task 17.0 in stage 0.0 (TID 17)) 13.077ms
[184.612s][info][gc          ] Allocation Stall (Executor task launch worker for task 14.0 in stage 0.0 (TID 14)) 12.521ms
[184.612s][info][gc          ] Allocation Stall (Executor task launch worker for task 37.0 in stage 0.0 (TID 37)) 11.496ms
[184.612s][info][gc          ] Allocation Stall (Executor task launch worker for task 16.0 in stage 0.0 (TID 16)) 12.224ms
[184.612s][info][gc          ] Allocation Stall (Executor task launch worker for task 30.0 in stage 0.0 (TID 30)) 12.499ms
[184.612s][info][gc          ] Allocation Stall (Executor task launch worker for task 0.0 in stage 0.0 (TID 0)) 11.544ms
[184.612s][info][gc,phases   ] GC(73) Concurrent Relocate 52.528ms
[184.612s][info][gc          ] Allocation Stall (Executor task launch worker for task 18.0 in stage 0.0 (TID 18)) 11.758ms
[184.612s][info][gc,load     ] GC(73) Load: 0.00/0.00/0.00
[184.613s][info][gc          ] Allocation Stall (Executor task launch worker for task 28.0 in stage 0.0 (TID 28)) 11.919ms
[184.613s][info][gc,mmu      ] GC(73) MMU: 2ms/95.7%, 5ms/98.3%, 10ms/99.1%, 20ms/99.5%, 50ms/99.8%, 100ms/99.8%
[184.613s][info][gc          ] Allocation Stall (Executor task launch worker for task 8.0 in stage 0.0 (TID 8)) 11.831ms
[184.613s][info][gc,marking  ] GC(73) Mark: 4 stripe(s), 2 proactive flush(es), 1 terminate flush(es), 0 completion(s), 0 continuation(s) 
[184.613s][info][gc,marking  ] GC(73) Mark Stack Usage: 32M
[184.613s][info][gc          ] Allocation Stall (Executor task launch worker for task 24.0 in stage 0.0 (TID 24)) 11.835ms
[184.613s][info][gc,nmethod  ] GC(73) NMethods: 1514 registered, 1 unregistered
[184.613s][info][gc,metaspace] GC(73) Metaspace: 107M used, 116M committed, 1152M reserved
[184.613s][info][gc          ] Allocation Stall (Executor task launch worker for task 38.0 in stage 0.0 (TID 38)) 11.747ms
[184.613s][info][gc,ref      ] GC(73) Soft: 2806 encountered, 1139 discovered, 3 enqueued
[184.613s][info][gc          ] Allocation Stall (Executor task launch worker for task 34.0 in stage 0.0 (TID 34)) 11.743ms
[184.613s][info][gc,ref      ] GC(73) Weak: 12987 encountered, 3687 discovered, 2 enqueued
[184.613s][info][gc          ] Allocation Stall (Executor task launch worker for task 35.0 in stage 0.0 (TID 35)) 11.687ms
[184.613s][info][gc,ref      ] GC(73) Final: 40 encountered, 0 discovered, 0 enqueued
[184.613s][info][gc,ref      ] GC(73) Phantom: 751 encountered, 497 discovered, 1 enqueued
[184.613s][info][gc,reloc    ] GC(73) Small Pages: 68 / 136M, Empty: 28M, Relocated: 1M, In-Place: 4
[184.613s][info][gc,reloc    ] GC(73) Medium Pages: 2 / 32M, Empty: 0M, Relocated: 12M, In-Place: 1
[184.613s][info][gc,reloc    ] GC(73) Large Pages: 51 / 332M, Empty: 12M, Relocated: 0M, In-Place: 0
[184.613s][info][gc,reloc    ] GC(73) Forwarding Usage: 0M
[184.613s][info][gc,heap     ] GC(73) Min Capacity: 8M(2%)
[184.613s][info][gc,heap     ] GC(73) Max Capacity: 512M(100%)
[184.613s][info][gc,heap     ] GC(73) Soft Max Capacity: 512M(100%)
[184.613s][info][gc,heap     ] GC(73)                Mark Start          Mark End        Relocate Start      Relocate End           High               Low         
[184.613s][info][gc,heap     ] GC(73)  Capacity:      512M (100%)        512M (100%)        512M (100%)        512M (100%)        512M (100%)        512M (100%)   
[184.613s][info][gc,heap     ] GC(73)      Free:        0M (0%)            0M (0%)            0M (0%)            0M (0%)           40M (8%)            0M (0%)     
[184.613s][info][gc,heap     ] GC(73)      Used:      512M (100%)        512M (100%)        512M (100%)        512M (100%)        512M (100%)        472M (92%)    
[184.613s][info][gc,heap     ] GC(73)      Live:         -               390M (76%)         390M (76%)         390M (76%)            -                  -          
[184.613s][info][gc,heap     ] GC(73) Allocated:         -                 0M (0%)           40M (8%)           86M (17%)            -                  -          
[184.613s][info][gc,heap     ] GC(73)   Garbage:         -               121M (24%)          81M (16%)          34M (7%)             -                  -          
[184.613s][info][gc,heap     ] GC(73) Reclaimed:         -                  -                40M (8%)           86M (17%)            -                  -          
[184.613s][info][gc          ] GC(73) Garbage Collection (Allocation Stall) 512M(100%)->512M(100%)
[184.613s][info][gc,start    ] GC(74) Garbage Collection (Allocation Stall)
[184.613s][info][gc,ref      ] GC(74) Clearing All SoftReferences
[184.613s][info][gc,task     ] GC(74) Using 5 workers
[184.614s][info][gc          ] Allocation Stall (Executor task launch worker for task 20.0 in stage 0.0 (TID 20)) 12.425ms
[184.614s][info][gc          ] Allocation Stall (Executor task launch worker for task 42.0 in stage 0.0 (TID 42)) 12.423ms
[184.614s][info][gc          ] Allocation Stall (Executor task launch worker for task 41.0 in stage 0.0 (TID 41)) 12.189ms
[184.614s][info][gc          ] Allocation Stall (Executor task launch worker for task 1.0 in stage 0.0 (TID 1)) 12.110ms
[184.614s][info][gc          ] Allocation Stall (Executor task launch worker for task 12.0 in stage 0.0 (TID 12)) 12.150ms
[184.614s][info][gc          ] Allocation Stall (Executor task launch worker for task 44.0 in stage 0.0 (TID 44)) 11.972ms
[184.614s][info][gc          ] Allocation Stall (Executor task launch worker for task 10.0 in stage 0.0 (TID 10)) 11.998ms
[184.615s][info][gc,ref      ] GC(74) Clearing All SoftReferences
[184.615s][info][gc,phases   ] GC(74) Pause Mark Start 0.036ms
[184.615s][info][gc          ] Allocation Stall (Executor task launch worker for task 45.0 in stage 0.0 (TID 45)) 12.660ms
[184.615s][info][gc          ] Allocation Stall (Executor task launch worker for task 4.0 in stage 0.0 (TID 4)) 12.577ms
[184.615s][info][gc          ] Allocation Stall (Executor task launch worker for task 13.0 in stage 0.0 (TID 13)) 12.457ms
[184.615s][info][gc          ] Allocation Stall (Executor task launch worker for task 21.0 in stage 0.0 (TID 21)) 12.595ms
[184.615s][info][gc          ] Allocation Stall (Executor task launch worker for task 15.0 in stage 0.0 (TID 15)) 12.577ms
[184.615s][info][gc          ] Allocation Stall (Executor task launch worker for task 31.0 in stage 0.0 (TID 31)) 12.591ms
[184.615s][info][gc          ] Allocation Stall (Executor task launch worker for task 22.0 in stage 0.0 (TID 22)) 12.566ms
[184.615s][info][gc          ] Allocation Stall (Executor task launch worker for task 36.0 in stage 0.0 (TID 36)) 12.611ms
[184.656s][info][gc,phases   ] GC(74) Concurrent Mark 41.188ms
[184.656s][info][gc,phases   ] GC(74) Pause Mark End 0.019ms
[184.656s][info][gc,phases   ] GC(74) Concurrent Mark Free 0.001ms
[184.658s][info][gc,phases   ] GC(74) Concurrent Process Non-Strong References 1.452ms
[184.658s][info][gc,phases   ] GC(74) Concurrent Reset Relocation Set 0.005ms
[184.660s][info][gc          ] Allocation Stall (Executor task launch worker for task 34.0 in stage 0.0 (TID 34)) 45.095ms
[184.660s][info][gc          ] Allocation Stall (Executor task launch worker for task 47.0 in stage 0.0 (TID 47)) 45.078ms
[184.660s][info][gc          ] Allocation Stall (Executor task launch worker for task 46.0 in stage 0.0 (TID 46)) 45.144ms
[184.660s][info][gc          ] Allocation Stall (Executor task launch worker for task 30.0 in stage 0.0 (TID 30)) 45.069ms
[184.660s][info][gc          ] Allocation Stall (Executor task launch worker for task 11.0 in stage 0.0 (TID 11)) 45.106ms
[184.660s][info][gc          ] Allocation Stall (Executor task launch worker for task 5.0 in stage 0.0 (TID 5)) 45.146ms
[184.660s][info][gc          ] Allocation Stall (Executor task launch worker for task 39.0 in stage 0.0 (TID 39)) 57.198ms
[184.660s][info][gc          ] Allocation Stall (Executor task launch worker for task 29.0 in stage 0.0 (TID 29)) 52.570ms
[184.660s][info][gc          ] Allocation Stall (Executor task launch worker for task 33.0 in stage 0.0 (TID 33)) 45.161ms
[184.660s][info][gc          ] Allocation Stall (Executor task launch worker for task 26.0 in stage 0.0 (TID 26)) 57.388ms
[184.660s][info][gc          ] Allocation Stall (Executor task launch worker for task 40.0 in stage 0.0 (TID 40)) 45.107ms
[184.660s][info][gc          ] Allocation Stall (Executor task launch worker for task 3.0 in stage 0.0 (TID 3)) 57.344ms
[184.660s][info][gc          ] Allocation Stall (Executor task launch worker for task 32.0 in stage 0.0 (TID 32)) 57.284ms
[184.660s][info][gc          ] Allocation Stall (Executor task launch worker for task 19.0 in stage 0.0 (TID 19)) 57.277ms
[184.660s][info][gc          ] Allocation Stall (Executor task launch worker for task 25.0 in stage 0.0 (TID 25)) 57.197ms
[184.660s][info][gc          ] Allocation Stall (Executor task launch worker for task 43.0 in stage 0.0 (TID 43)) 52.424ms
[184.660s][info][gc          ] Allocation Stall (Executor task launch worker for task 27.0 in stage 0.0 (TID 27)) 45.202ms
[184.660s][info][gc          ] Allocation Stall (Executor task launch worker for task 10.0 in stage 0.0 (TID 10)) 45.202ms
[184.660s][info][gc          ] Allocation Stall (Executor task launch worker for task 7.0 in stage 0.0 (TID 7)) 45.196ms
[184.660s][info][gc,phases   ] GC(74) Concurrent Select Relocation Set 2.366ms
[184.660s][info][gc          ] Allocation Stall (Executor task launch worker for task 23.0 in stage 0.0 (TID 23)) 45.198ms
[184.660s][info][gc          ] Allocation Stall (Executor task launch worker for task 9.0 in stage 0.0 (TID 9)) 45.247ms
[184.660s][info][gc          ] Allocation Stall (Executor task launch worker for task 24.0 in stage 0.0 (TID 24)) 45.273ms
[184.660s][info][gc          ] Allocation Stall (Executor task launch worker for task 20.0 in stage 0.0 (TID 20)) 39.166ms
[184.660s][info][gc          ] Allocation Stall (Executor task launch worker for task 38.0 in stage 0.0 (TID 38)) 39.112ms
[184.660s][info][gc          ] Allocation Stall (Executor task launch worker for task 45.0 in stage 0.0 (TID 45)) 39.166ms
[184.660s][info][gc          ] Allocation Stall (Executor task launch worker for task 12.0 in stage 0.0 (TID 12)) 39.208ms
[184.660s][info][gc          ] Allocation Stall (Executor task launch worker for task 42.0 in stage 0.0 (TID 42)) 39.357ms
[184.661s][info][gc          ] Allocation Stall (Executor task launch worker for task 44.0 in stage 0.0 (TID 44)) 39.382ms
[184.661s][info][gc          ] Allocation Stall (Executor task launch worker for task 28.0 in stage 0.0 (TID 28)) 39.419ms
[184.661s][info][gc          ] Allocation Stall (Executor task launch worker for task 13.0 in stage 0.0 (TID 13)) 39.444ms
[184.661s][info][gc          ] Allocation Stall (Executor task launch worker for task 15.0 in stage 0.0 (TID 15)) 39.381ms
[184.661s][info][gc          ] Allocation Stall (Executor task launch worker for task 41.0 in stage 0.0 (TID 41)) 39.187ms
[184.661s][info][gc          ] Allocation Stall (Executor task launch worker for task 16.0 in stage 0.0 (TID 16)) 39.009ms
[184.661s][info][gc          ] Allocation Stall (Executor task launch worker for task 14.0 in stage 0.0 (TID 14)) 39.138ms
[184.661s][info][gc          ] Allocation Stall (Executor task launch worker for task 22.0 in stage 0.0 (TID 22)) 39.090ms
[184.661s][info][gc          ] Allocation Stall (Executor task launch worker for task 1.0 in stage 0.0 (TID 1)) 39.083ms
[184.661s][info][gc          ] Allocation Stall (Executor task launch worker for task 21.0 in stage 0.0 (TID 21)) 39.094ms
[184.661s][info][gc          ] Allocation Stall (Executor task launch worker for task 2.0 in stage 0.0 (TID 2)) 39.076ms
[184.661s][info][gc          ] Allocation Stall (Executor task launch worker for task 0.0 in stage 0.0 (TID 0)) 38.996ms
[184.661s][info][gc          ] Allocation Stall (Executor task launch worker for task 8.0 in stage 0.0 (TID 8)) 38.883ms
[184.661s][info][gc          ] Allocation Stall (Executor task launch worker for task 37.0 in stage 0.0 (TID 37)) 38.908ms
[184.661s][info][gc          ] Allocation Stall (Executor task launch worker for task 18.0 in stage 0.0 (TID 18)) 38.929ms
[184.661s][info][gc          ] Allocation Stall (Executor task launch worker for task 36.0 in stage 0.0 (TID 36)) 38.828ms
[184.662s][info][gc          ] Allocation Stall (Executor task launch worker for task 35.0 in stage 0.0 (TID 35)) 38.881ms
[184.662s][info][gc          ] Allocation Stall (Executor task launch worker for task 31.0 in stage 0.0 (TID 31)) 38.946ms
[184.662s][info][gc          ] Allocation Stall (Executor task launch worker for task 4.0 in stage 0.0 (TID 4)) 38.933ms
[184.662s][info][gc          ] Allocation Stall (Executor task launch worker for task 17.0 in stage 0.0 (TID 17)) 39.002ms
[184.662s][info][gc          ] Allocation Stall (Common-Cleaner) 4.210ms
[184.691s][info][gc,phases   ] GC(74) Pause Relocate Start 0.010ms
[184.692s][info][gc          ] Relocation Stall (Executor task launch worker for task 16.0 in stage 0.0 (TID 16)) 0.453ms
[184.693s][info][gc          ] Relocation Stall (Executor task launch worker for task 37.0 in stage 0.0 (TID 37)) 1.187ms
[184.696s][info][gc          ] Allocation Stall (Executor task launch worker for task 16.0 in stage 0.0 (TID 16)) 1.456ms
[184.697s][info][gc          ] Allocation Stall (Executor task launch worker for task 45.0 in stage 0.0 (TID 45)) 3.144ms
[184.704s][info][gc          ] Allocation Stall (Executor task launch worker for task 18.0 in stage 0.0 (TID 18)) 9.324ms
[184.704s][info][gc          ] Allocation Stall (Executor task launch worker for task 26.0 in stage 0.0 (TID 26)) 6.743ms
[184.704s][info][gc          ] Allocation Stall (Executor task launch worker for task 28.0 in stage 0.0 (TID 28)) 9.378ms
[184.704s][info][gc          ] Allocation Stall (Executor task launch worker for task 11.0 in stage 0.0 (TID 11)) 5.821ms
[184.704s][info][gc          ] Allocation Stall (Executor task launch worker for task 16.0 in stage 0.0 (TID 16)) 6.579ms
[184.704s][info][gc          ] Allocation Stall (Executor task launch worker for task 17.0 in stage 0.0 (TID 17)) 6.635ms
[184.704s][info][gc          ] Allocation Stall (Executor task launch worker for task 22.0 in stage 0.0 (TID 22)) 6.849ms
[184.704s][info][gc          ] Allocation Stall (Executor task launch worker for task 32.0 in stage 0.0 (TID 32)) 5.837ms
[184.705s][info][gc          ] Allocation Stall (Executor task launch worker for task 4.0 in stage 0.0 (TID 4)) 6.290ms
[184.705s][info][gc          ] Allocation Stall (Executor task launch worker for task 45.0 in stage 0.0 (TID 45)) 6.310ms
[184.705s][info][gc          ] Allocation Stall (Executor task launch worker for task 31.0 in stage 0.0 (TID 31)) 6.337ms
[184.705s][info][gc          ] Allocation Stall (Executor task launch worker for task 25.0 in stage 0.0 (TID 25)) 6.392ms
[184.705s][info][gc          ] Allocation Stall (Executor task launch worker for task 42.0 in stage 0.0 (TID 42)) 6.438ms
[184.705s][info][gc          ] Allocation Stall (Executor task launch worker for task 12.0 in stage 0.0 (TID 12)) 6.477ms
[184.705s][info][gc          ] Allocation Stall (Executor task launch worker for task 14.0 in stage 0.0 (TID 14)) 6.526ms
[184.707s][info][gc          ] Allocation Stall (Executor task launch worker for task 37.0 in stage 0.0 (TID 37)) 8.496ms
[184.707s][info][gc          ] Allocation Stall (Executor task launch worker for task 39.0 in stage 0.0 (TID 39)) 8.564ms
[184.707s][info][gc          ] Allocation Stall (Executor task launch worker for task 19.0 in stage 0.0 (TID 19)) 8.532ms
[184.707s][info][gc          ] Allocation Stall (Executor task launch worker for task 34.0 in stage 0.0 (TID 34)) 8.614ms
[184.707s][info][gc          ] Allocation Stall (Executor task launch worker for task 15.0 in stage 0.0 (TID 15)) 8.711ms
[184.707s][info][gc          ] Allocation Stall (Executor task launch worker for task 30.0 in stage 0.0 (TID 30)) 8.712ms
[184.708s][info][gc          ] Allocation Stall (Executor task launch worker for task 44.0 in stage 0.0 (TID 44)) 8.740ms
[184.709s][info][gc          ] Allocation Stall (Executor task launch worker for task 8.0 in stage 0.0 (TID 8)) 9.960ms
[184.709s][info][gc          ] Allocation Stall (Executor task launch worker for task 24.0 in stage 0.0 (TID 24)) 9.943ms
[184.709s][info][gc          ] Allocation Stall (Executor task launch worker for task 35.0 in stage 0.0 (TID 35)) 9.861ms
[184.709s][info][gc          ] Allocation Stall (Executor task launch worker for task 20.0 in stage 0.0 (TID 20)) 9.884ms
[184.709s][info][gc          ] Allocation Stall (Executor task launch worker for task 0.0 in stage 0.0 (TID 0)) 9.937ms
[184.709s][info][gc          ] Allocation Stall (Executor task launch worker for task 13.0 in stage 0.0 (TID 13)) 9.983ms
[184.709s][info][gc          ] Allocation Stall (Executor task launch worker for task 3.0 in stage 0.0 (TID 3)) 9.921ms
[184.710s][info][gc          ] Allocation Stall (Executor task launch worker for task 36.0 in stage 0.0 (TID 36)) 9.923ms
[184.710s][info][gc          ] Allocation Stall (Executor task launch worker for task 38.0 in stage 0.0 (TID 38)) 9.409ms
[184.710s][info][gc          ] Allocation Stall (Executor task launch worker for task 41.0 in stage 0.0 (TID 41)) 9.461ms
[184.730s][info][gc          ] Relocation Stall (Executor task launch worker for task 21.0 in stage 0.0 (TID 21)) 37.257ms
[184.730s][info][gc          ] Relocation Stall (Executor task launch worker for task 1.0 in stage 0.0 (TID 1)) 37.773ms
[184.730s][info][gc          ] Relocation Stall (Executor task launch worker for task 33.0 in stage 0.0 (TID 33)) 35.579ms
[184.730s][info][gc          ] Relocation Stall (Executor task launch worker for task 27.0 in stage 0.0 (TID 27)) 35.493ms
[184.730s][info][gc          ] Relocation Stall (Executor task launch worker for task 5.0 in stage 0.0 (TID 5)) 32.749ms
[184.730s][info][gc          ] Relocation Stall (Executor task launch worker for task 23.0 in stage 0.0 (TID 23)) 35.337ms
[184.730s][info][gc          ] Relocation Stall (Executor task launch worker for task 46.0 in stage 0.0 (TID 46)) 35.843ms
[184.730s][info][gc          ] Relocation Stall (Executor task launch worker for task 2.0 in stage 0.0 (TID 2)) 33.947ms
[184.730s][info][gc          ] Relocation Stall (Executor task launch worker for task 7.0 in stage 0.0 (TID 7)) 31.907ms
[184.730s][info][gc          ] Allocation Stall (Executor task launch worker for task 17.0 in stage 0.0 (TID 17)) 9.095ms
[184.730s][info][gc          ] Allocation Stall (Executor task launch worker for task 36.0 in stage 0.0 (TID 36)) 9.375ms
[184.730s][info][gc          ] Allocation Stall (Executor task launch worker for task 14.0 in stage 0.0 (TID 14)) 8.822ms
[184.730s][info][gc          ] Allocation Stall (Executor task launch worker for task 45.0 in stage 0.0 (TID 45)) 8.366ms
[184.730s][info][gc          ] Allocation Stall (Executor task launch worker for task 4.0 in stage 0.0 (TID 4)) 8.439ms
[184.730s][info][gc          ] Allocation Stall (Executor task launch worker for task 8.0 in stage 0.0 (TID 8)) 8.671ms
[184.730s][info][gc          ] Allocation Stall (Executor task launch worker for task 16.0 in stage 0.0 (TID 16)) 8.331ms
[184.730s][info][gc          ] Allocation Stall (Executor task launch worker for task 12.0 in stage 0.0 (TID 12)) 8.253ms
[184.730s][info][gc,phases   ] GC(74) Concurrent Relocate 37.728ms
[184.730s][info][gc          ] Allocation Stall (Executor task launch worker for task 26.0 in stage 0.0 (TID 26)) 8.747ms
[184.730s][info][gc,load     ] GC(74) Load: 0.00/0.00/0.00
[184.731s][info][gc          ] Allocation Stall (Executor task launch worker for task 13.0 in stage 0.0 (TID 13)) 8.802ms
[184.731s][info][gc,mmu      ] GC(74) MMU: 2ms/95.7%, 5ms/98.3%, 10ms/99.1%, 20ms/99.5%, 50ms/99.8%, 100ms/99.8%
[184.731s][info][gc          ] Allocation Stall (Executor task launch worker for task 0.0 in stage 0.0 (TID 0)) 8.652ms
[184.731s][info][gc,marking  ] GC(74) Mark: 4 stripe(s), 2 proactive flush(es), 1 terminate flush(es), 0 completion(s), 0 continuation(s) 
[184.731s][info][gc          ] Allocation Stall (Executor task launch worker for task 31.0 in stage 0.0 (TID 31)) 8.663ms
[184.731s][info][gc,marking  ] GC(74) Mark Stack Usage: 32M
[184.731s][info][gc          ] Allocation Stall (Executor task launch worker for task 18.0 in stage 0.0 (TID 18)) 8.727ms
[184.731s][info][gc,nmethod  ] GC(74) NMethods: 1668 registered, 2 unregistered
[184.731s][info][gc          ] Allocation Stall (Executor task launch worker for task 20.0 in stage 0.0 (TID 20)) 8.762ms
[184.731s][info][gc          ] Allocation Stall (Executor task launch worker for task 28.0 in stage 0.0 (TID 28)) 8.684ms
[184.731s][info][gc,metaspace] GC(74) Metaspace: 107M used, 116M committed, 1152M reserved
[184.731s][info][gc          ] Allocation Stall (Executor task launch worker for task 11.0 in stage 0.0 (TID 11)) 8.709ms
[184.731s][info][gc,ref      ] GC(74) Soft: 2806 encountered, 2292 discovered, 6 enqueued
[184.731s][info][gc          ] Allocation Stall (Executor task launch worker for task 35.0 in stage 0.0 (TID 35)) 8.797ms
[184.731s][info][gc,ref      ] GC(74) Weak: 12991 encountered, 4778 discovered, 7 enqueued
[184.731s][info][gc          ] Allocation Stall (Executor task launch worker for task 39.0 in stage 0.0 (TID 39)) 8.740ms
[184.731s][info][gc,ref      ] GC(74) Final: 40 encountered, 0 discovered, 0 enqueued
[184.731s][info][gc          ] Allocation Stall (Executor task launch worker for task 10.0 in stage 0.0 (TID 10)) 8.616ms
[184.731s][info][gc,ref      ] GC(74) Phantom: 755 encountered, 706 discovered, 5 enqueued
[184.731s][info][gc          ] Allocation Stall (Executor task launch worker for task 19.0 in stage 0.0 (TID 19)) 8.617ms
[184.731s][info][gc,reloc    ] GC(74) Small Pages: 72 / 144M, Empty: 26M, Relocated: 1M, In-Place: 1
[184.731s][info][gc          ] Allocation Stall (Executor task launch worker for task 15.0 in stage 0.0 (TID 15)) 8.681ms
[184.731s][info][gc,reloc    ] GC(74) Medium Pages: 2 / 32M, Empty: 0M, Relocated: 12M, In-Place: 1
[184.731s][info][gc          ] Allocation Stall (Executor task launch worker for task 42.0 in stage 0.0 (TID 42)) 8.740ms
[184.731s][info][gc,reloc    ] GC(74) Large Pages: 51 / 328M, Empty: 16M, Relocated: 0M, In-Place: 0
[184.731s][info][gc          ] Allocation Stall (Executor task launch worker for task 3.0 in stage 0.0 (TID 3)) 8.824ms
[184.731s][info][gc,reloc    ] GC(74) Forwarding Usage: 0M
[184.732s][info][gc          ] Allocation Stall (Executor task launch worker for task 30.0 in stage 0.0 (TID 30)) 8.863ms
[184.732s][info][gc,heap     ] GC(74) Min Capacity: 8M(2%)
[184.732s][info][gc          ] Allocation Stall (Executor task launch worker for task 41.0 in stage 0.0 (TID 41)) 8.948ms
[184.732s][info][gc,heap     ] GC(74) Max Capacity: 512M(100%)
[184.732s][info][gc          ] Allocation Stall (Executor task launch worker for task 22.0 in stage 0.0 (TID 22)) 8.899ms
[184.732s][info][gc,heap     ] GC(74) Soft Max Capacity: 512M(100%)
[184.732s][info][gc          ] Allocation Stall (Executor task launch worker for task 34.0 in stage 0.0 (TID 34)) 8.868ms
[184.732s][info][gc          ] Allocation Stall (Executor task launch worker for task 37.0 in stage 0.0 (TID 37)) 8.880ms
[184.732s][info][gc,heap     ] GC(74)                Mark Start          Mark End        Relocate Start      Relocate End           High               Low         
[184.732s][info][gc          ] Allocation Stall (Executor task launch worker for task 38.0 in stage 0.0 (TID 38)) 8.895ms
[184.732s][info][gc          ] Allocation Stall (Executor task launch worker for task 25.0 in stage 0.0 (TID 25)) 8.637ms
[184.732s][info][gc,heap     ] GC(74)  Capacity:      512M (100%)        512M (100%)        512M (100%)        512M (100%)        512M (100%)        512M (100%)   
[184.732s][info][gc          ] Allocation Stall (Executor task launch worker for task 44.0 in stage 0.0 (TID 44)) 8.140ms
[184.732s][info][gc          ] Allocation Stall (Executor task launch worker for task 24.0 in stage 0.0 (TID 24)) 8.131ms
[184.732s][info][gc,heap     ] GC(74)      Free:        0M (0%)            0M (0%)            6M (1%)            0M (0%)           42M (8%)            0M (0%)     
[184.732s][info][gc          ] Allocation Stall (Executor task launch worker for task 9.0 in stage 0.0 (TID 9)) 7.930ms
[184.732s][info][gc          ] Allocation Stall (Executor task launch worker for task 32.0 in stage 0.0 (TID 32)) 7.992ms
[184.732s][info][gc,heap     ] GC(74)      Used:      512M (100%)        512M (100%)        506M (99%)         512M (100%)        512M (100%)        470M (92%)    
[184.732s][info][gc          ] Allocation Stall (Executor task launch worker for task 43.0 in stage 0.0 (TID 43)) 6.316ms
[184.732s][info][gc          ] Allocation Stall (Executor task launch worker for task 6.0 in stage 0.0 (TID 6)) 6.108ms
[184.732s][info][gc,heap     ] GC(74)      Live:         -               383M (75%)         383M (75%)         383M (75%)            -                  -          
[184.733s][info][gc,heap     ] GC(74) Allocated:         -                 0M (0%)           36M (7%)           97M (19%)            -                  -          
[184.733s][info][gc,heap     ] GC(74)   Garbage:         -               128M (25%)          86M (17%)          30M (6%)             -                  -          
[184.733s][info][gc,heap     ] GC(74) Reclaimed:         -                  -                42M (8%)           97M (19%)            -                  -          
[184.733s][info][gc          ] Allocation Stall (Executor task launch worker for task 40.0 in stage 0.0 (TID 40)) 3.596ms
[184.733s][info][gc          ] GC(74) Garbage Collection (Allocation Stall) 512M(100%)->512M(100%)
[184.733s][info][gc,start    ] GC(75) Garbage Collection (Allocation Stall)
[184.733s][info][gc,ref      ] GC(75) Clearing All SoftReferences
[184.733s][info][gc,task     ] GC(75) Using 5 workers
[184.733s][info][gc,ref      ] GC(75) Clearing All SoftReferences
[184.733s][info][gc,phases   ] GC(75) Pause Mark Start 0.043ms
[184.734s][info][gc          ] Allocation Stall (Executor task launch worker for task 1.0 in stage 0.0 (TID 1)) 3.510ms
[184.785s][info][gc,phases   ] GC(75) Concurrent Mark 51.548ms
[184.785s][info][gc,phases   ] GC(75) Pause Mark End 0.016ms
[184.785s][info][gc,phases   ] GC(75) Concurrent Mark Free 0.001ms
[184.787s][info][gc,phases   ] GC(75) Concurrent Process Non-Strong References 1.502ms
[184.787s][info][gc,phases   ] GC(75) Concurrent Reset Relocation Set 0.006ms
[184.790s][info][gc          ] Allocation Stall (Executor task launch worker for task 14.0 in stage 0.0 (TID 14)) 56.266ms
[184.790s][info][gc          ] Allocation Stall (Executor task launch worker for task 34.0 in stage 0.0 (TID 34)) 56.255ms
[184.790s][info][gc          ] Allocation Stall (Executor task launch worker for task 19.0 in stage 0.0 (TID 19)) 56.267ms
[184.790s][info][gc          ] Allocation Stall (Executor task launch worker for task 8.0 in stage 0.0 (TID 8)) 56.193ms
[184.790s][info][gc          ] Allocation Stall (Executor task launch worker for task 11.0 in stage 0.0 (TID 11)) 56.244ms
[184.790s][info][gc          ] Allocation Stall (Executor task launch worker for task 41.0 in stage 0.0 (TID 41)) 56.209ms
[184.790s][info][gc          ] Allocation Stall (Executor task launch worker for task 33.0 in stage 0.0 (TID 33)) 59.954ms
[184.790s][info][gc          ] Allocation Stall (Executor task launch worker for task 35.0 in stage 0.0 (TID 35)) 56.235ms
[184.790s][info][gc          ] Allocation Stall (Executor task launch worker for task 18.0 in stage 0.0 (TID 18)) 56.314ms
[184.790s][info][gc          ] Allocation Stall (Executor task launch worker for task 21.0 in stage 0.0 (TID 21)) 59.869ms
[184.790s][info][gc          ] Allocation Stall (Executor task launch worker for task 23.0 in stage 0.0 (TID 23)) 59.750ms
[184.790s][info][gc          ] Allocation Stall (Executor task launch worker for task 5.0 in stage 0.0 (TID 5)) 59.890ms
[184.790s][info][gc          ] Allocation Stall (Executor task launch worker for task 7.0 in stage 0.0 (TID 7)) 59.719ms
[184.790s][info][gc          ] Allocation Stall (Executor task launch worker for task 2.0 in stage 0.0 (TID 2)) 59.836ms
[184.790s][info][gc          ] Allocation Stall (Executor task launch worker for task 46.0 in stage 0.0 (TID 46)) 59.776ms
[184.790s][info][gc          ] Allocation Stall (Executor task launch worker for task 43.0 in stage 0.0 (TID 43)) 56.334ms
[184.790s][info][gc          ] Allocation Stall (Executor task launch worker for task 27.0 in stage 0.0 (TID 27)) 60.026ms
[184.790s][info][gc          ] Allocation Stall (Executor task launch worker for task 31.0 in stage 0.0 (TID 31)) 56.380ms
[184.790s][info][gc          ] Allocation Stall (Executor task launch worker for task 39.0 in stage 0.0 (TID 39)) 56.617ms
[184.790s][info][gc,phases   ] GC(75) Concurrent Select Relocation Set 3.147ms
[184.790s][info][gc          ] Allocation Stall (Executor task launch worker for task 9.0 in stage 0.0 (TID 9)) 56.352ms
[184.791s][info][gc          ] Allocation Stall (Executor task launch worker for task 38.0 in stage 0.0 (TID 38)) 56.694ms
[184.791s][info][gc          ] Allocation Stall (Executor task launch worker for task 42.0 in stage 0.0 (TID 42)) 56.729ms
[184.791s][info][gc          ] Allocation Stall (Executor task launch worker for task 32.0 in stage 0.0 (TID 32)) 56.754ms
[184.791s][info][gc          ] Allocation Stall (Executor task launch worker for task 4.0 in stage 0.0 (TID 4)) 56.767ms
[184.791s][info][gc          ] Allocation Stall (Executor task launch worker for task 22.0 in stage 0.0 (TID 22)) 56.771ms
[184.791s][info][gc          ] Allocation Stall (Executor task launch worker for task 25.0 in stage 0.0 (TID 25)) 56.817ms
[184.791s][info][gc          ] Allocation Stall (Executor task launch worker for task 16.0 in stage 0.0 (TID 16)) 56.813ms
[184.791s][info][gc          ] Allocation Stall (Executor task launch worker for task 37.0 in stage 0.0 (TID 37)) 56.866ms
[184.791s][info][gc          ] Allocation Stall (Executor task launch worker for task 17.0 in stage 0.0 (TID 17)) 56.898ms
[184.791s][info][gc          ] Allocation Stall (Executor task launch worker for task 26.0 in stage 0.0 (TID 26)) 56.899ms
[184.791s][info][gc          ] Allocation Stall (Executor task launch worker for task 45.0 in stage 0.0 (TID 45)) 56.905ms
[184.791s][info][gc          ] Allocation Stall (Executor task launch worker for task 10.0 in stage 0.0 (TID 10)) 56.928ms
[184.801s][info][gc,phases   ] GC(75) Pause Relocate Start 0.011ms
[184.801s][info][gc          ] Allocation Stall (Executor task launch worker for task 1.0 in stage 0.0 (TID 1)) 64.903ms
[184.801s][info][gc          ] Allocation Stall (Executor task launch worker for task 3.0 in stage 0.0 (TID 3)) 64.969ms
[184.801s][info][gc          ] Allocation Stall (Executor task launch worker for task 20.0 in stage 0.0 (TID 20)) 64.901ms
[184.801s][info][gc          ] Allocation Stall (Executor task launch worker for task 15.0 in stage 0.0 (TID 15)) 64.793ms
[184.801s][info][gc          ] Allocation Stall (Executor task launch worker for task 36.0 in stage 0.0 (TID 36)) 64.831ms
[184.801s][info][gc          ] Allocation Stall (Executor task launch worker for task 13.0 in stage 0.0 (TID 13)) 65.111ms
[184.801s][info][gc          ] Allocation Stall (Executor task launch worker for task 28.0 in stage 0.0 (TID 28)) 65.274ms
[184.801s][info][gc          ] Allocation Stall (Executor task launch worker for task 0.0 in stage 0.0 (TID 0)) 64.935ms
[184.801s][info][gc          ] Relocation Stall (Executor task launch worker for task 27.0 in stage 0.0 (TID 27)) 0.098ms
[184.801s][info][gc          ] Allocation Stall (Common-Cleaner) 14.019ms
[184.801s][info][gc          ] Relocation Stall (Executor task launch worker for task 17.0 in stage 0.0 (TID 17)) 0.049ms
[184.801s][info][gc          ] Relocation Stall (Executor task launch worker for task 16.0 in stage 0.0 (TID 16)) 0.115ms
[184.801s][info][gc          ] Relocation Stall (Executor task launch worker for task 43.0 in stage 0.0 (TID 43)) 0.102ms
[184.801s][info][gc          ] Relocation Stall (Executor task launch worker for task 40.0 in stage 0.0 (TID 40)) 0.069ms
[184.801s][info][gc          ] Allocation Stall (Executor task launch worker for task 29.0 in stage 0.0 (TID 29)) 63.730ms
[184.801s][info][gc          ] Relocation Stall (Executor task launch worker for task 2.0 in stage 0.0 (TID 2)) 0.198ms
[184.801s][info][gc          ] Relocation Stall (Executor task launch worker for task 5.0 in stage 0.0 (TID 5)) 0.216ms
[184.801s][info][gc          ] Relocation Stall (Executor task launch worker for task 41.0 in stage 0.0 (TID 41)) 0.268ms
[184.801s][info][gc          ] Relocation Stall (Executor task launch worker for task 12.0 in stage 0.0 (TID 12)) 0.326ms
[184.801s][info][gc          ] Relocation Stall (Executor task launch worker for task 37.0 in stage 0.0 (TID 37)) 0.298ms
[184.801s][info][gc          ] Relocation Stall (Executor task launch worker for task 9.0 in stage 0.0 (TID 9)) 0.252ms
[184.801s][info][gc          ] Relocation Stall (Executor task launch worker for task 25.0 in stage 0.0 (TID 25)) 0.254ms
[184.801s][info][gc          ] Relocation Stall (Executor task launch worker for task 44.0 in stage 0.0 (TID 44)) 0.300ms
[184.801s][info][gc          ] Relocation Stall (Executor task launch worker for task 24.0 in stage 0.0 (TID 24)) 0.288ms
[184.801s][info][gc          ] Relocation Stall (Executor task launch worker for task 32.0 in stage 0.0 (TID 32)) 0.314ms
[184.801s][info][gc          ] Relocation Stall (Executor task launch worker for task 34.0 in stage 0.0 (TID 34)) 0.327ms
[184.801s][info][gc          ] Relocation Stall (Executor task launch worker for task 38.0 in stage 0.0 (TID 38)) 0.303ms
[184.801s][info][gc          ] Relocation Stall (Executor task launch worker for task 31.0 in stage 0.0 (TID 31)) 0.321ms
[184.801s][info][gc          ] Relocation Stall (Executor task launch worker for task 23.0 in stage 0.0 (TID 23)) 0.327ms
[184.801s][info][gc          ] Relocation Stall (Executor task launch worker for task 6.0 in stage 0.0 (TID 6)) 0.365ms
[184.801s][info][gc          ] Relocation Stall (Executor task launch worker for task 39.0 in stage 0.0 (TID 39)) 0.328ms
[184.802s][info][gc          ] Relocation Stall (Executor task launch worker for task 35.0 in stage 0.0 (TID 35)) 0.463ms
[184.802s][info][gc          ] Relocation Stall (Executor task launch worker for task 19.0 in stage 0.0 (TID 19)) 0.522ms
[184.802s][info][gc          ] Relocation Stall (Executor task launch worker for task 11.0 in stage 0.0 (TID 11)) 0.461ms
[184.802s][info][gc          ] Relocation Stall (Executor task launch worker for task 7.0 in stage 0.0 (TID 7)) 0.454ms
[184.802s][info][gc          ] Relocation Stall (Executor task launch worker for task 18.0 in stage 0.0 (TID 18)) 0.479ms
[184.802s][info][gc          ] Relocation Stall (Executor task launch worker for task 22.0 in stage 0.0 (TID 22)) 0.561ms
[184.802s][info][gc          ] Relocation Stall (Executor task launch worker for task 14.0 in stage 0.0 (TID 14)) 0.536ms
[184.802s][info][gc          ] Relocation Stall (Executor task launch worker for task 30.0 in stage 0.0 (TID 30)) 0.586ms
[184.802s][info][gc          ] Relocation Stall (Executor task launch worker for task 42.0 in stage 0.0 (TID 42)) 0.576ms
[184.802s][info][gc          ] Relocation Stall (Executor task launch worker for task 4.0 in stage 0.0 (TID 4)) 0.560ms
[184.802s][info][gc          ] Relocation Stall (Spark Context Cleaner) 0.583ms
[184.802s][info][gc          ] Relocation Stall (Executor task launch worker for task 45.0 in stage 0.0 (TID 45)) 0.673ms
[184.802s][info][gc          ] Relocation Stall (Executor task launch worker for task 26.0 in stage 0.0 (TID 26)) 0.710ms
[184.802s][info][gc          ] Relocation Stall (Executor task launch worker for task 8.0 in stage 0.0 (TID 8)) 0.746ms
[184.802s][info][gc          ] Allocation Stall (Executor task launch worker for task 40.0 in stage 0.0 (TID 40)) 61.409ms
[184.802s][info][gc,phases   ] GC(75) Concurrent Relocate 0.800ms
[184.802s][info][gc          ] Allocation Stall (Executor task launch worker for task 12.0 in stage 0.0 (TID 12)) 68.073ms
[184.802s][info][gc          ] Allocation Stall (Executor task launch worker for task 44.0 in stage 0.0 (TID 44)) 68.076ms
[184.802s][info][gc          ] Allocation Stall (Executor task launch worker for task 24.0 in stage 0.0 (TID 24)) 68.228ms
[184.803s][info][gc          ] Allocation Stall (Executor task launch worker for task 6.0 in stage 0.0 (TID 6)) 69.122ms
[184.803s][info][gc          ] Allocation Stall (Executor task launch worker for task 30.0 in stage 0.0 (TID 30)) 69.347ms
[184.804s][info][gc,load     ] GC(75) Load: 0.00/0.00/0.00
[184.805s][info][gc,mmu      ] GC(75) MMU: 2ms/95.7%, 5ms/98.3%, 10ms/99.1%, 20ms/99.5%, 50ms/99.8%, 100ms/99.8%
[184.805s][info][gc,marking  ] GC(75) Mark: 4 stripe(s), 2 proactive flush(es), 1 terminate flush(es), 0 completion(s), 0 continuation(s) 
[184.805s][info][gc,marking  ] GC(75) Mark Stack Usage: 32M
[184.805s][info][gc,nmethod  ] GC(75) NMethods: 1758 registered, 9 unregistered
[184.805s][info][gc,metaspace] GC(75) Metaspace: 107M used, 116M committed, 1152M reserved
[184.805s][info][gc,ref      ] GC(75) Soft: 2819 encountered, 2176 discovered, 19 enqueued
[184.805s][info][gc,ref      ] GC(75) Weak: 13006 encountered, 1811 discovered, 16 enqueued
[184.805s][info][gc,ref      ] GC(75) Final: 40 encountered, 0 discovered, 0 enqueued
[184.805s][info][gc,ref      ] GC(75) Phantom: 762 encountered, 656 discovered, 12 enqueued
[184.805s][info][gc,reloc    ] GC(75) Small Pages: 75 / 150M, Empty: 24M, Relocated: 1M, In-Place: 4
[184.805s][info][gc,reloc    ] GC(75) Medium Pages: 2 / 32M, Empty: 0M, Relocated: 0M, In-Place: 0
[184.805s][info][gc,reloc    ] GC(75) Large Pages: 53 / 328M, Empty: 16M, Relocated: 0M, In-Place: 0
[184.805s][info][gc,reloc    ] GC(75) Forwarding Usage: 0M
[184.805s][info][gc,heap     ] GC(75) Min Capacity: 8M(2%)
[184.805s][info][gc,heap     ] GC(75) Max Capacity: 512M(100%)
[184.805s][info][gc,heap     ] GC(75) Soft Max Capacity: 512M(100%)
[184.805s][info][gc,heap     ] GC(75)                Mark Start          Mark End        Relocate Start      Relocate End           High               Low         
[184.806s][info][gc,heap     ] GC(75)  Capacity:      512M (100%)        512M (100%)        512M (100%)        512M (100%)        512M (100%)        512M (100%)   
[184.806s][info][gc,heap     ] GC(75)      Free:        0M (0%)            0M (0%)            0M (0%)           62M (12%)          62M (12%)           0M (0%)     
[184.806s][info][gc,heap     ] GC(75)      Used:      512M (100%)        512M (100%)        512M (100%)        450M (88%)         512M (100%)        450M (88%)    
[184.806s][info][gc,heap     ] GC(75)      Live:         -               383M (75%)         383M (75%)         383M (75%)            -                  -          
[184.806s][info][gc,heap     ] GC(75) Allocated:         -                 0M (0%)           40M (8%)           25M (5%)             -                  -          
[184.806s][info][gc,heap     ] GC(75)   Garbage:         -               128M (25%)          88M (17%)          40M (8%)             -                  -          
[184.806s][info][gc,heap     ] GC(75) Reclaimed:         -                  -                40M (8%)           87M (17%)            -                  -          
[184.806s][info][gc          ] GC(75) Garbage Collection (Allocation Stall) 512M(100%)->450M(88%)
[184.819s][info][gc,start    ] GC(76) Garbage Collection (Allocation Stall)
[184.819s][info][gc,ref      ] GC(76) Clearing All SoftReferences
[184.819s][info][gc,task     ] GC(76) Using 5 workers
[184.827s][info][gc,ref      ] GC(76) Clearing All SoftReferences
[184.827s][info][gc,phases   ] GC(76) Pause Mark Start 0.054ms
[184.874s][info][gc,phases   ] GC(76) Concurrent Mark 45.918ms
[184.874s][info][gc,phases   ] GC(76) Pause Mark End 0.019ms
[184.874s][info][gc,phases   ] GC(76) Concurrent Mark Free 0.001ms
[184.875s][info][gc,phases   ] GC(76) Concurrent Process Non-Strong References 1.350ms
[184.876s][info][gc,phases   ] GC(76) Concurrent Reset Relocation Set 0.006ms
[184.879s][info][gc          ] Allocation Stall (Executor task launch worker for task 1.0 in stage 0.0 (TID 1)) 49.933ms
[184.879s][info][gc          ] Allocation Stall (Executor task launch worker for task 25.0 in stage 0.0 (TID 25)) 49.761ms
[184.879s][info][gc          ] Allocation Stall (Executor task launch worker for task 23.0 in stage 0.0 (TID 23)) 50.017ms
[184.879s][info][gc          ] Allocation Stall (Executor task launch worker for task 37.0 in stage 0.0 (TID 37)) 60.158ms
[184.879s][info][gc          ] Allocation Stall (Executor task launch worker for task 44.0 in stage 0.0 (TID 44)) 50.248ms
[184.879s][info][gc          ] Allocation Stall (Executor task launch worker for task 28.0 in stage 0.0 (TID 28)) 50.132ms
[184.879s][info][gc          ] Allocation Stall (Executor task launch worker for task 3.0 in stage 0.0 (TID 3)) 49.973ms
[184.879s][info][gc          ] Allocation Stall (Executor task launch worker for task 6.0 in stage 0.0 (TID 6)) 50.229ms
[184.879s][info][gc          ] Allocation Stall (Executor task launch worker for task 27.0 in stage 0.0 (TID 27)) 51.617ms
[184.879s][info][gc          ] Allocation Stall (Executor task launch worker for task 12.0 in stage 0.0 (TID 12)) 49.693ms
[184.879s][info][gc,phases   ] GC(76) Concurrent Select Relocation Set 3.649ms
[184.879s][info][gc          ] Allocation Stall (Executor task launch worker for task 15.0 in stage 0.0 (TID 15)) 49.086ms
[184.879s][info][gc          ] Allocation Stall (Executor task launch worker for task 13.0 in stage 0.0 (TID 13)) 49.168ms
[184.879s][info][gc          ] Allocation Stall (Executor task launch worker for task 8.0 in stage 0.0 (TID 8)) 49.042ms
[184.880s][info][gc          ] Allocation Stall (Executor task launch worker for task 0.0 in stage 0.0 (TID 0)) 49.113ms
[184.880s][info][gc          ] Allocation Stall (Executor task launch worker for task 34.0 in stage 0.0 (TID 34)) 48.932ms
[184.890s][info][gc,phases   ] GC(76) Pause Relocate Start 0.011ms
[184.890s][info][gc          ] Allocation Stall (Executor task launch worker for task 10.0 in stage 0.0 (TID 10)) 58.567ms
[184.890s][info][gc          ] Allocation Stall (Executor task launch worker for task 22.0 in stage 0.0 (TID 22)) 58.706ms
[184.890s][info][gc          ] Allocation Stall (Executor task launch worker for task 42.0 in stage 0.0 (TID 42)) 58.591ms
[184.890s][info][gc          ] Relocation Stall (Executor task launch worker for task 25.0 in stage 0.0 (TID 25)) 0.015ms
[184.890s][info][gc          ] Allocation Stall (Executor task launch worker for task 33.0 in stage 0.0 (TID 33)) 58.494ms
[184.890s][info][gc          ] Allocation Stall (Executor task launch worker for task 7.0 in stage 0.0 (TID 7)) 58.380ms
[184.890s][info][gc          ] Allocation Stall (Executor task launch worker for task 20.0 in stage 0.0 (TID 20)) 58.265ms
[184.890s][info][gc          ] Allocation Stall (Executor task launch worker for task 32.0 in stage 0.0 (TID 32)) 57.862ms
[184.890s][info][gc          ] Allocation Stall (Executor task launch worker for task 41.0 in stage 0.0 (TID 41)) 57.850ms
[184.890s][info][gc          ] Allocation Stall (Executor task launch worker for task 21.0 in stage 0.0 (TID 21)) 57.819ms
[184.890s][info][gc          ] Allocation Stall (Executor task launch worker for task 16.0 in stage 0.0 (TID 16)) 57.830ms
[184.890s][info][gc          ] Allocation Stall (Executor task launch worker for task 38.0 in stage 0.0 (TID 38)) 57.711ms
[184.890s][info][gc          ] Allocation Stall (Executor task launch worker for task 46.0 in stage 0.0 (TID 46)) 57.670ms
[184.890s][info][gc          ] Allocation Stall (Executor task launch worker for task 36.0 in stage 0.0 (TID 36)) 57.669ms
[184.890s][info][gc          ] Allocation Stall (Executor task launch worker for task 9.0 in stage 0.0 (TID 9)) 57.681ms
[184.890s][info][gc          ] Allocation Stall (Executor task launch worker for task 18.0 in stage 0.0 (TID 18)) 57.699ms
[184.890s][info][gc          ] Allocation Stall (Executor task launch worker for task 39.0 in stage 0.0 (TID 39)) 57.702ms
[184.890s][info][gc          ] Allocation Stall (Executor task launch worker for task 5.0 in stage 0.0 (TID 5)) 57.688ms
[184.890s][info][gc          ] Allocation Stall (Executor task launch worker for task 24.0 in stage 0.0 (TID 24)) 57.693ms
[184.890s][info][gc          ] Allocation Stall (Executor task launch worker for task 4.0 in stage 0.0 (TID 4)) 57.748ms
[184.890s][info][gc          ] Allocation Stall (Executor task launch worker for task 45.0 in stage 0.0 (TID 45)) 57.743ms
[184.890s][info][gc          ] Allocation Stall (Executor task launch worker for task 19.0 in stage 0.0 (TID 19)) 57.721ms
[184.890s][info][gc          ] Allocation Stall (Executor task launch worker for task 35.0 in stage 0.0 (TID 35)) 57.805ms
[184.890s][info][gc          ] Allocation Stall (Executor task launch worker for task 30.0 in stage 0.0 (TID 30)) 57.858ms
[184.890s][info][gc          ] Allocation Stall (Executor task launch worker for task 26.0 in stage 0.0 (TID 26)) 57.858ms
[184.890s][info][gc          ] Allocation Stall (Executor task launch worker for task 11.0 in stage 0.0 (TID 11)) 57.905ms
[184.890s][info][gc          ] Allocation Stall (Executor task launch worker for task 14.0 in stage 0.0 (TID 14)) 57.883ms
[184.890s][info][gc          ] Relocation Stall (Executor task launch worker for task 7.0 in stage 0.0 (TID 7)) 0.315ms
[184.890s][info][gc          ] Allocation Stall (Executor task launch worker for task 31.0 in stage 0.0 (TID 31)) 57.884ms
[184.891s][info][gc          ] Allocation Stall (Executor task launch worker for task 17.0 in stage 0.0 (TID 17)) 57.955ms
[184.891s][info][gc          ] Allocation Stall (Executor task launch worker for task 2.0 in stage 0.0 (TID 2)) 57.053ms
[184.891s][info][gc          ] Allocation Stall (Executor task launch worker for task 23.0 in stage 0.0 (TID 23)) 0.760ms
[184.891s][info][gc          ] Relocation Stall (Executor task launch worker for task 6.0 in stage 0.0 (TID 6)) 0.026ms
[184.891s][info][gc          ] Relocation Stall (Executor task launch worker for task 22.0 in stage 0.0 (TID 22)) 0.553ms
[184.891s][info][gc          ] Allocation Stall (Executor task launch worker for task 1.0 in stage 0.0 (TID 1)) 0.565ms
[184.891s][info][gc          ] Allocation Stall (Executor task launch worker for task 34.0 in stage 0.0 (TID 34)) 0.615ms
[184.891s][info][gc          ] Allocation Stall (Executor task launch worker for task 38.0 in stage 0.0 (TID 38)) 0.136ms
[184.891s][info][gc          ] Allocation Stall (Executor task launch worker for task 37.0 in stage 0.0 (TID 37)) 0.112ms
[184.891s][info][gc          ] Allocation Stall (Executor task launch worker for task 46.0 in stage 0.0 (TID 46)) 0.163ms
[184.891s][info][gc          ] Allocation Stall (Executor task launch worker for task 3.0 in stage 0.0 (TID 3)) 0.209ms
[184.891s][info][gc          ] Allocation Stall (Executor task launch worker for task 16.0 in stage 0.0 (TID 16)) 0.335ms
[184.891s][info][gc          ] Allocation Stall (Executor task launch worker for task 42.0 in stage 0.0 (TID 42)) 0.358ms
[184.891s][info][gc          ] Allocation Stall (Executor task launch worker for task 24.0 in stage 0.0 (TID 24)) 0.201ms
[184.892s][info][gc          ] Allocation Stall (Executor task launch worker for task 12.0 in stage 0.0 (TID 12)) 0.284ms
[184.892s][info][gc          ] Allocation Stall (Executor task launch worker for task 30.0 in stage 0.0 (TID 30)) 0.125ms
[184.896s][info][gc          ] Allocation Stall (Executor task launch worker for task 39.0 in stage 0.0 (TID 39)) 1.889ms
[184.896s][info][gc          ] Allocation Stall (Executor task launch worker for task 32.0 in stage 0.0 (TID 32)) 2.004ms
[184.896s][info][gc          ] Allocation Stall (Executor task launch worker for task 25.0 in stage 0.0 (TID 25)) 1.722ms
[184.896s][info][gc          ] Allocation Stall (Executor task launch worker for task 30.0 in stage 0.0 (TID 30)) 1.958ms
[184.896s][info][gc          ] Allocation Stall (Executor task launch worker for task 10.0 in stage 0.0 (TID 10)) 1.623ms
[184.896s][info][gc          ] Allocation Stall (Executor task launch worker for task 14.0 in stage 0.0 (TID 14)) 1.777ms
[184.896s][info][gc          ] Allocation Stall (Executor task launch worker for task 7.0 in stage 0.0 (TID 7)) 1.943ms
[184.896s][info][gc          ] Allocation Stall (Executor task launch worker for task 2.0 in stage 0.0 (TID 2)) 1.468ms
[184.896s][info][gc,phases   ] GC(76) Concurrent Relocate 6.505ms
[184.897s][info][gc,load     ] GC(76) Load: 0.00/0.00/0.00
[184.897s][info][gc,mmu      ] GC(76) MMU: 2ms/95.7%, 5ms/98.3%, 10ms/99.1%, 20ms/99.5%, 50ms/99.8%, 100ms/99.8%
[184.897s][info][gc,marking  ] GC(76) Mark: 4 stripe(s), 2 proactive flush(es), 1 terminate flush(es), 0 completion(s), 0 continuation(s) 
[184.897s][info][gc,marking  ] GC(76) Mark Stack Usage: 32M
[184.897s][info][gc,nmethod  ] GC(76) NMethods: 1859 registered, 9 unregistered
[184.897s][info][gc,metaspace] GC(76) Metaspace: 107M used, 116M committed, 1152M reserved
[184.897s][info][gc,ref      ] GC(76) Soft: 2805 encountered, 374 discovered, 5 enqueued
[184.897s][info][gc,ref      ] GC(76) Weak: 12991 encountered, 5915 discovered, 1 enqueued
[184.897s][info][gc,ref      ] GC(76) Final: 40 encountered, 0 discovered, 0 enqueued
[184.897s][info][gc,ref      ] GC(76) Phantom: 750 encountered, 491 discovered, 0 enqueued
[184.897s][info][gc,reloc    ] GC(76) Small Pages: 70 / 140M, Empty: 30M, Relocated: 1M, In-Place: 4
[184.897s][info][gc,reloc    ] GC(76) Medium Pages: 3 / 48M, Empty: 0M, Relocated: 2M, In-Place: 1
[184.897s][info][gc,reloc    ] GC(76) Large Pages: 50 / 312M, Empty: 4M, Relocated: 0M, In-Place: 0
[184.897s][info][gc,reloc    ] GC(76) Forwarding Usage: 0M
[184.897s][info][gc,heap     ] GC(76) Min Capacity: 8M(2%)
[184.897s][info][gc,heap     ] GC(76) Max Capacity: 512M(100%)
[184.897s][info][gc,heap     ] GC(76) Soft Max Capacity: 512M(100%)
[184.897s][info][gc,heap     ] GC(76)                Mark Start          Mark End        Relocate Start      Relocate End           High               Low         
[184.897s][info][gc,heap     ] GC(76)  Capacity:      512M (100%)        512M (100%)        512M (100%)        512M (100%)        512M (100%)        512M (100%)   
[184.897s][info][gc,heap     ] GC(76)      Free:       12M (2%)            0M (0%)            0M (0%)            0M (0%)           34M (7%)            0M (0%)     
[184.897s][info][gc,heap     ] GC(76)      Used:      500M (98%)         512M (100%)        512M (100%)        512M (100%)        512M (100%)        478M (93%)    
[184.898s][info][gc,heap     ] GC(76)      Live:         -               380M (74%)         380M (74%)         380M (74%)            -                  -          
[184.898s][info][gc,heap     ] GC(76) Allocated:         -                12M (2%)           46M (9%)           95M (19%)            -                  -          
[184.898s][info][gc,heap     ] GC(76)   Garbage:         -               119M (23%)          85M (17%)          35M (7%)             -                  -          
[184.898s][info][gc,heap     ] GC(76) Reclaimed:         -                  -                34M (7%)           83M (16%)            -                  -          
[184.898s][info][gc          ] GC(76) Garbage Collection (Allocation Stall) 500M(98%)->512M(100%)
[184.898s][info][gc,start    ] GC(77) Garbage Collection (Allocation Stall)
[184.898s][info][gc,ref      ] GC(77) Clearing All SoftReferences
[184.898s][info][gc,task     ] GC(77) Using 5 workers
[184.898s][info][gc          ] Allocation Stall (Executor task launch worker for task 26.0 in stage 0.0 (TID 26)) 3.282ms
[184.898s][info][gc,ref      ] GC(77) Clearing All SoftReferences
[184.898s][info][gc,phases   ] GC(77) Pause Mark Start 0.032ms
[184.899s][info][gc          ] Allocation Stall (Executor task launch worker for task 3.0 in stage 0.0 (TID 3)) 3.428ms
[184.899s][info][gc          ] Allocation Stall (Executor task launch worker for task 36.0 in stage 0.0 (TID 36)) 3.439ms
[184.899s][info][gc          ] Allocation Stall (Executor task launch worker for task 21.0 in stage 0.0 (TID 21)) 3.804ms
[184.899s][info][gc          ] Allocation Stall (Executor task launch worker for task 11.0 in stage 0.0 (TID 11)) 3.392ms
[184.899s][info][gc          ] Allocation Stall (Executor task launch worker for task 45.0 in stage 0.0 (TID 45)) 3.699ms
[184.899s][info][gc          ] Allocation Stall (Executor task launch worker for task 27.0 in stage 0.0 (TID 27)) 3.299ms
[184.899s][info][gc          ] Allocation Stall (Executor task launch worker for task 42.0 in stage 0.0 (TID 42)) 3.361ms
[184.899s][info][gc          ] Allocation Stall (Executor task launch worker for task 13.0 in stage 0.0 (TID 13)) 3.261ms
[184.899s][info][gc          ] Allocation Stall (Executor task launch worker for task 41.0 in stage 0.0 (TID 41)) 3.234ms
[184.899s][info][gc          ] Allocation Stall (Executor task launch worker for task 22.0 in stage 0.0 (TID 22)) 3.247ms
[184.899s][info][gc          ] Allocation Stall (Executor task launch worker for task 5.0 in stage 0.0 (TID 5)) 3.179ms
[184.899s][info][gc          ] Allocation Stall (Executor task launch worker for task 12.0 in stage 0.0 (TID 12)) 3.076ms
[184.899s][info][gc          ] Allocation Stall (Executor task launch worker for task 46.0 in stage 0.0 (TID 46)) 3.101ms
[184.899s][info][gc          ] Allocation Stall (Executor task launch worker for task 19.0 in stage 0.0 (TID 19)) 3.129ms
[184.899s][info][gc          ] Allocation Stall (Executor task launch worker for task 28.0 in stage 0.0 (TID 28)) 3.148ms
[184.899s][info][gc          ] Allocation Stall (Executor task launch worker for task 18.0 in stage 0.0 (TID 18)) 3.090ms
[184.899s][info][gc          ] Allocation Stall (Executor task launch worker for task 1.0 in stage 0.0 (TID 1)) 3.135ms
[184.899s][info][gc          ] Allocation Stall (Executor task launch worker for task 23.0 in stage 0.0 (TID 23)) 3.189ms
[184.899s][info][gc          ] Allocation Stall (Executor task launch worker for task 20.0 in stage 0.0 (TID 20)) 3.291ms
[184.900s][info][gc          ] Allocation Stall (Executor task launch worker for task 24.0 in stage 0.0 (TID 24)) 3.323ms
[184.900s][info][gc          ] Allocation Stall (Executor task launch worker for task 33.0 in stage 0.0 (TID 33)) 2.921ms
[184.900s][info][gc          ] Allocation Stall (Executor task launch worker for task 38.0 in stage 0.0 (TID 38)) 2.609ms
[184.900s][info][gc          ] Allocation Stall (Executor task launch worker for task 44.0 in stage 0.0 (TID 44)) 2.637ms
[184.900s][info][gc          ] Allocation Stall (Executor task launch worker for task 16.0 in stage 0.0 (TID 16)) 2.603ms
[184.900s][info][gc          ] Allocation Stall (Executor task launch worker for task 17.0 in stage 0.0 (TID 17)) 2.638ms
[184.900s][info][gc          ] Allocation Stall (Executor task launch worker for task 37.0 in stage 0.0 (TID 37)) 2.653ms
[184.900s][info][gc          ] Allocation Stall (Executor task launch worker for task 9.0 in stage 0.0 (TID 9)) 2.397ms
[184.900s][info][gc          ] Allocation Stall (Executor task launch worker for task 4.0 in stage 0.0 (TID 4)) 2.464ms
[184.900s][info][gc          ] Allocation Stall (Executor task launch worker for task 31.0 in stage 0.0 (TID 31)) 2.474ms
[184.900s][info][gc          ] Allocation Stall (Executor task launch worker for task 35.0 in stage 0.0 (TID 35)) 2.516ms
[184.900s][info][gc          ] Allocation Stall (Executor task launch worker for task 8.0 in stage 0.0 (TID 8)) 2.487ms
[184.900s][info][gc          ] Allocation Stall (Executor task launch worker for task 34.0 in stage 0.0 (TID 34)) 2.536ms
[184.900s][info][gc          ] Allocation Stall (Executor task launch worker for task 14.0 in stage 0.0 (TID 14)) 1.937ms
[184.901s][info][gc          ] Allocation Stall (Executor task launch worker for task 26.0 in stage 0.0 (TID 26)) 2.055ms
[184.901s][info][gc          ] Allocation Stall (Executor task launch worker for task 39.0 in stage 0.0 (TID 39)) 2.204ms
[184.901s][info][gc          ] Allocation Stall (Executor task launch worker for task 10.0 in stage 0.0 (TID 10)) 2.296ms
[184.901s][info][gc          ] Allocation Stall (Executor task launch worker for task 32.0 in stage 0.0 (TID 32)) 2.541ms
[184.901s][info][gc          ] Allocation Stall (Executor task launch worker for task 30.0 in stage 0.0 (TID 30)) 2.670ms
[184.901s][info][gc          ] Allocation Stall (Executor task launch worker for task 7.0 in stage 0.0 (TID 7)) 2.843ms
[184.952s][info][gc,phases   ] GC(77) Concurrent Mark 53.479ms
[184.952s][info][gc,phases   ] GC(77) Pause Mark End 0.023ms
[184.952s][info][gc,phases   ] GC(77) Concurrent Mark Free 0.001ms
[184.954s][info][gc,phases   ] GC(77) Concurrent Process Non-Strong References 1.674ms
[184.954s][info][gc,phases   ] GC(77) Concurrent Reset Relocation Set 0.005ms
[184.957s][info][gc          ] Allocation Stall (Executor task launch worker for task 46.0 in stage 0.0 (TID 46)) 48.275ms
[184.957s][info][gc          ] Allocation Stall (Executor task launch worker for task 42.0 in stage 0.0 (TID 42)) 49.913ms
[184.957s][info][gc          ] Allocation Stall (Executor task launch worker for task 22.0 in stage 0.0 (TID 22)) 48.571ms
[184.957s][info][gc          ] Allocation Stall (Executor task launch worker for task 25.0 in stage 0.0 (TID 25)) 50.121ms
[184.957s][info][gc          ] Allocation Stall (Executor task launch worker for task 35.0 in stage 0.0 (TID 35)) 47.993ms
[184.957s][info][gc          ] Allocation Stall (Executor task launch worker for task 11.0 in stage 0.0 (TID 11)) 48.853ms
[184.957s][info][gc          ] Allocation Stall (Executor task launch worker for task 38.0 in stage 0.0 (TID 38)) 47.528ms
[184.957s][info][gc          ] Allocation Stall (Executor task launch worker for task 2.0 in stage 0.0 (TID 2)) 58.121ms
[184.957s][info][gc          ] Allocation Stall (Executor task launch worker for task 27.0 in stage 0.0 (TID 27)) 49.386ms
[184.957s][info][gc          ] Allocation Stall (Executor task launch worker for task 20.0 in stage 0.0 (TID 20)) 47.669ms
[184.957s][info][gc          ] Allocation Stall (Executor task launch worker for task 33.0 in stage 0.0 (TID 33)) 47.547ms
[184.957s][info][gc          ] Allocation Stall (Executor task launch worker for task 16.0 in stage 0.0 (TID 16)) 47.882ms
[184.957s][info][gc          ] Allocation Stall (Executor task launch worker for task 13.0 in stage 0.0 (TID 13)) 48.183ms
[184.957s][info][gc          ] Allocation Stall (Executor task launch worker for task 3.0 in stage 0.0 (TID 3)) 48.125ms
[184.957s][info][gc,phases   ] GC(77) Concurrent Select Relocation Set 2.699ms
[184.957s][info][gc          ] Allocation Stall (Executor task launch worker for task 45.0 in stage 0.0 (TID 45)) 47.576ms
[184.957s][info][gc          ] Allocation Stall (Executor task launch worker for task 36.0 in stage 0.0 (TID 36)) 47.532ms
[184.957s][info][gc          ] Allocation Stall (Executor task launch worker for task 7.0 in stage 0.0 (TID 7)) 47.437ms
[184.957s][info][gc          ] Allocation Stall (Executor task launch worker for task 21.0 in stage 0.0 (TID 21)) 47.408ms
[184.957s][info][gc          ] Allocation Stall (Executor task launch worker for task 41.0 in stage 0.0 (TID 41)) 47.349ms
[184.957s][info][gc          ] Allocation Stall (Executor task launch worker for task 12.0 in stage 0.0 (TID 12)) 47.292ms
[184.957s][info][gc          ] Allocation Stall (Executor task launch worker for task 5.0 in stage 0.0 (TID 5)) 46.944ms
[184.957s][info][gc          ] Allocation Stall (Executor task launch worker for task 19.0 in stage 0.0 (TID 19)) 46.828ms
[184.957s][info][gc          ] Allocation Stall (Executor task launch worker for task 23.0 in stage 0.0 (TID 23)) 46.637ms
[184.957s][info][gc          ] Allocation Stall (Executor task launch worker for task 1.0 in stage 0.0 (TID 1)) 46.233ms
[184.957s][info][gc          ] Allocation Stall (Executor task launch worker for task 24.0 in stage 0.0 (TID 24)) 46.217ms
[184.958s][info][gc,phases   ] GC(77) Pause Relocate Start 0.006ms
[184.958s][info][gc          ] Allocation Stall (Executor task launch worker for task 18.0 in stage 0.0 (TID 18)) 46.624ms
[184.958s][info][gc          ] Allocation Stall (Executor task launch worker for task 28.0 in stage 0.0 (TID 28)) 46.535ms
[184.958s][info][gc          ] Allocation Stall (Executor task launch worker for task 4.0 in stage 0.0 (TID 4)) 46.249ms
[184.958s][info][gc          ] Allocation Stall (Executor task launch worker for task 32.0 in stage 0.0 (TID 32)) 46.215ms
[184.958s][info][gc          ] Allocation Stall (Executor task launch worker for task 8.0 in stage 0.0 (TID 8)) 46.280ms
[184.958s][info][gc          ] Allocation Stall (Executor task launch worker for task 17.0 in stage 0.0 (TID 17)) 46.162ms
[184.958s][info][gc          ] Allocation Stall (Executor task launch worker for task 37.0 in stage 0.0 (TID 37)) 46.398ms
[184.958s][info][gc          ] Allocation Stall (Executor task launch worker for task 26.0 in stage 0.0 (TID 26)) 46.213ms
[184.958s][info][gc          ] Allocation Stall (Executor task launch worker for task 44.0 in stage 0.0 (TID 44)) 46.129ms
[184.958s][info][gc          ] Allocation Stall (Executor task launch worker for task 9.0 in stage 0.0 (TID 9)) 46.279ms
[184.958s][info][gc          ] Allocation Stall (Executor task launch worker for task 31.0 in stage 0.0 (TID 31)) 46.200ms
[184.958s][info][gc          ] Allocation Stall (Executor task launch worker for task 30.0 in stage 0.0 (TID 30)) 46.106ms
[184.958s][info][gc          ] Allocation Stall (Executor task launch worker for task 10.0 in stage 0.0 (TID 10)) 46.104ms
[184.958s][info][gc          ] Allocation Stall (Executor task launch worker for task 14.0 in stage 0.0 (TID 14)) 46.078ms
[184.958s][info][gc          ] Allocation Stall (Executor task launch worker for task 39.0 in stage 0.0 (TID 39)) 46.059ms
[184.958s][info][gc          ] Allocation Stall (Executor task launch worker for task 34.0 in stage 0.0 (TID 34)) 46.056ms
[184.958s][info][gc          ] Relocation Stall (Executor task launch worker for task 12.0 in stage 0.0 (TID 12)) 0.190ms
[184.958s][info][gc          ] Allocation Stall (Executor task launch worker for task 15.0 in stage 0.0 (TID 15)) 42.389ms
[184.958s][info][gc          ] Allocation Stall (Executor task launch worker for task 0.0 in stage 0.0 (TID 0)) 41.898ms
[184.958s][info][gc          ] Allocation Stall (Executor task launch worker for task 29.0 in stage 0.0 (TID 29)) 36.446ms
[184.958s][info][gc          ] Allocation Stall (Executor task launch worker for task 47.0 in stage 0.0 (TID 47)) 36.520ms
[184.958s][info][gc          ] Allocation Stall (Executor task launch worker for task 40.0 in stage 0.0 (TID 40)) 36.444ms
[184.958s][info][gc          ] Allocation Stall (Executor task launch worker for task 43.0 in stage 0.0 (TID 43)) 36.470ms
[184.958s][info][gc          ] Allocation Stall (Executor task launch worker for task 6.0 in stage 0.0 (TID 6)) 28.707ms
[184.959s][info][gc          ] Relocation Stall (Executor task launch worker for task 25.0 in stage 0.0 (TID 25)) 0.931ms
[184.959s][info][gc          ] Relocation Stall (Executor task launch worker for task 36.0 in stage 0.0 (TID 36)) 0.975ms
[184.959s][info][gc          ] Relocation Stall (Executor task launch worker for task 16.0 in stage 0.0 (TID 16)) 0.957ms
[184.959s][info][gc          ] Relocation Stall (Executor task launch worker for task 5.0 in stage 0.0 (TID 5)) 0.978ms
[184.974s][info][gc          ] Relocation Stall (Executor task launch worker for task 9.0 in stage 0.0 (TID 9)) 15.374ms
[184.974s][info][gc          ] Allocation Stall (Executor task launch worker for task 23.0 in stage 0.0 (TID 23)) 5.949ms
[184.974s][info][gc          ] Allocation Stall (Executor task launch worker for task 26.0 in stage 0.0 (TID 26)) 5.865ms
[184.974s][info][gc          ] Allocation Stall (Executor task launch worker for task 1.0 in stage 0.0 (TID 1)) 5.790ms
[184.974s][info][gc          ] Allocation Stall (Executor task launch worker for task 25.0 in stage 0.0 (TID 25)) 5.719ms
[184.974s][info][gc          ] Allocation Stall (Executor task launch worker for task 14.0 in stage 0.0 (TID 14)) 6.175ms
[184.974s][info][gc          ] Allocation Stall (Executor task launch worker for task 8.0 in stage 0.0 (TID 8)) 5.746ms
[184.974s][info][gc          ] Allocation Stall (Executor task launch worker for task 31.0 in stage 0.0 (TID 31)) 5.925ms
[184.974s][info][gc          ] Allocation Stall (Executor task launch worker for task 44.0 in stage 0.0 (TID 44)) 5.696ms
[184.974s][info][gc,phases   ] GC(77) Concurrent Relocate 16.352ms
[184.974s][info][gc,load     ] GC(77) Load: 0.00/0.00/0.00
[184.975s][info][gc,mmu      ] GC(77) MMU: 2ms/95.7%, 5ms/98.3%, 10ms/99.1%, 20ms/99.5%, 50ms/99.8%, 100ms/99.8%
[184.975s][info][gc,marking  ] GC(77) Mark: 4 stripe(s), 2 proactive flush(es), 1 terminate flush(es), 0 completion(s), 0 continuation(s) 
[184.975s][info][gc,marking  ] GC(77) Mark Stack Usage: 32M
[184.975s][info][gc,nmethod  ] GC(77) NMethods: 1934 registered, 9 unregistered
[184.975s][info][gc,metaspace] GC(77) Metaspace: 108M used, 116M committed, 1152M reserved
[184.975s][info][gc,ref      ] GC(77) Soft: 2801 encountered, 2235 discovered, 1 enqueued
[184.975s][info][gc,ref      ] GC(77) Weak: 12993 encountered, 3096 discovered, 1 enqueued
[184.975s][info][gc,ref      ] GC(77) Final: 40 encountered, 1 discovered, 0 enqueued
[184.975s][info][gc,ref      ] GC(77) Phantom: 750 encountered, 452 discovered, 0 enqueued
[184.975s][info][gc,reloc    ] GC(77) Small Pages: 68 / 136M, Empty: 30M, Relocated: 1M, In-Place: 4
[184.975s][info][gc,reloc    ] GC(77) Medium Pages: 3 / 48M, Empty: 0M, Relocated: 3M, In-Place: 1
[184.975s][info][gc,reloc    ] GC(77) Large Pages: 51 / 316M, Empty: 0M, Relocated: 0M, In-Place: 0
[184.975s][info][gc,reloc    ] GC(77) Forwarding Usage: 0M
[184.975s][info][gc,heap     ] GC(77) Min Capacity: 8M(2%)
[184.975s][info][gc,heap     ] GC(77) Max Capacity: 512M(100%)
[184.975s][info][gc,heap     ] GC(77) Soft Max Capacity: 512M(100%)
[184.975s][info][gc,heap     ] GC(77)                Mark Start          Mark End        Relocate Start      Relocate End           High               Low         
[184.975s][info][gc,heap     ] GC(77)  Capacity:      512M (100%)        512M (100%)        512M (100%)        512M (100%)        512M (100%)        512M (100%)   
[184.975s][info][gc,heap     ] GC(77)      Free:        0M (0%)            0M (0%)            0M (0%)            0M (0%)           30M (6%)            0M (0%)     
[184.975s][info][gc,heap     ] GC(77)      Used:      512M (100%)        512M (100%)        512M (100%)        512M (100%)        512M (100%)        482M (94%)    
[184.975s][info][gc,heap     ] GC(77)      Live:         -               388M (76%)         388M (76%)         388M (76%)            -                  -          
[184.975s][info][gc,heap     ] GC(77) Allocated:         -                 0M (0%)           30M (6%)           75M (15%)            -                  -          
[184.975s][info][gc,heap     ] GC(77)   Garbage:         -               123M (24%)          93M (18%)          47M (9%)             -                  -          
[184.975s][info][gc,heap     ] GC(77) Reclaimed:         -                  -                30M (6%)           75M (15%)            -                  -          
[184.975s][info][gc          ] GC(77) Garbage Collection (Allocation Stall) 512M(100%)->512M(100%)
[184.975s][info][gc,start    ] GC(78) Garbage Collection (Allocation Stall)
[184.975s][info][gc,ref      ] GC(78) Clearing All SoftReferences
[184.975s][info][gc,task     ] GC(78) Using 5 workers
[184.977s][info][gc,ref      ] GC(78) Clearing All SoftReferences
[184.977s][info][gc,phases   ] GC(78) Pause Mark Start 0.036ms
[184.977s][info][gc          ] Allocation Stall (Executor task launch worker for task 5.0 in stage 0.0 (TID 5)) 8.576ms
[184.977s][info][gc          ] Allocation Stall (Executor task launch worker for task 33.0 in stage 0.0 (TID 33)) 8.357ms
[184.977s][info][gc          ] Allocation Stall (Executor task launch worker for task 7.0 in stage 0.0 (TID 7)) 8.734ms
[184.977s][info][gc          ] Allocation Stall (Executor task launch worker for task 39.0 in stage 0.0 (TID 39)) 8.172ms
[184.977s][info][gc          ] Allocation Stall (Executor task launch worker for task 11.0 in stage 0.0 (TID 11)) 7.816ms
[184.977s][info][gc          ] Allocation Stall (Executor task launch worker for task 32.0 in stage 0.0 (TID 32)) 8.229ms
[184.977s][info][gc          ] Allocation Stall (Executor task launch worker for task 12.0 in stage 0.0 (TID 12)) 7.930ms
[184.978s][info][gc          ] Allocation Stall (Executor task launch worker for task 36.0 in stage 0.0 (TID 36)) 7.766ms
[184.978s][info][gc          ] Allocation Stall (Executor task launch worker for task 3.0 in stage 0.0 (TID 3)) 7.833ms
[184.978s][info][gc          ] Allocation Stall (Executor task launch worker for task 45.0 in stage 0.0 (TID 45)) 7.829ms
[184.978s][info][gc          ] Allocation Stall (Executor task launch worker for task 18.0 in stage 0.0 (TID 18)) 7.873ms
[184.978s][info][gc          ] Allocation Stall (Executor task launch worker for task 16.0 in stage 0.0 (TID 16)) 7.780ms
[184.978s][info][gc          ] Allocation Stall (Executor task launch worker for task 46.0 in stage 0.0 (TID 46)) 7.848ms
[184.978s][info][gc          ] Allocation Stall (Executor task launch worker for task 34.0 in stage 0.0 (TID 34)) 7.816ms
[184.978s][info][gc          ] Allocation Stall (Executor task launch worker for task 35.0 in stage 0.0 (TID 35)) 8.014ms
[184.978s][info][gc          ] Allocation Stall (Executor task launch worker for task 27.0 in stage 0.0 (TID 27)) 8.034ms
[184.978s][info][gc          ] Allocation Stall (Executor task launch worker for task 4.0 in stage 0.0 (TID 4)) 8.067ms
[184.978s][info][gc          ] Allocation Stall (Executor task launch worker for task 38.0 in stage 0.0 (TID 38)) 8.110ms
[184.978s][info][gc          ] Allocation Stall (Executor task launch worker for task 42.0 in stage 0.0 (TID 42)) 8.036ms
[184.978s][info][gc          ] Allocation Stall (Executor task launch worker for task 41.0 in stage 0.0 (TID 41)) 7.984ms
[184.979s][info][gc          ] Allocation Stall (Executor task launch worker for task 22.0 in stage 0.0 (TID 22)) 7.990ms
[184.979s][info][gc          ] Allocation Stall (Executor task launch worker for task 10.0 in stage 0.0 (TID 10)) 8.034ms
[184.979s][info][gc          ] Allocation Stall (Executor task launch worker for task 17.0 in stage 0.0 (TID 17)) 8.054ms
[184.979s][info][gc          ] Allocation Stall (Executor task launch worker for task 21.0 in stage 0.0 (TID 21)) 8.122ms
[184.979s][info][gc          ] Allocation Stall (Executor task launch worker for task 28.0 in stage 0.0 (TID 28)) 8.168ms
[184.979s][info][gc          ] Allocation Stall (Executor task launch worker for task 37.0 in stage 0.0 (TID 37)) 8.269ms
[184.979s][info][gc          ] Allocation Stall (Executor task launch worker for task 30.0 in stage 0.0 (TID 30)) 8.238ms
[184.979s][info][gc          ] Allocation Stall (Executor task launch worker for task 24.0 in stage 0.0 (TID 24)) 8.241ms
[184.979s][info][gc          ] Allocation Stall (Executor task launch worker for task 19.0 in stage 0.0 (TID 19)) 8.282ms
[184.979s][info][gc          ] Allocation Stall (Executor task launch worker for task 2.0 in stage 0.0 (TID 2)) 4.800ms
[184.979s][info][gc          ] Allocation Stall (Executor task launch worker for task 9.0 in stage 0.0 (TID 9)) 4.741ms
[184.979s][info][gc          ] Allocation Stall (Executor task launch worker for task 1.0 in stage 0.0 (TID 1)) 1.682ms
[184.979s][info][gc          ] Allocation Stall (Executor task launch worker for task 23.0 in stage 0.0 (TID 23)) 1.739ms
[184.979s][info][gc          ] Allocation Stall (Executor task launch worker for task 14.0 in stage 0.0 (TID 14)) 1.770ms
[184.979s][info][gc          ] Allocation Stall (Executor task launch worker for task 31.0 in stage 0.0 (TID 31)) 1.840ms
[184.979s][info][gc          ] Allocation Stall (Executor task launch worker for task 44.0 in stage 0.0 (TID 44)) 1.893ms
[184.979s][info][gc          ] Allocation Stall (Executor task launch worker for task 26.0 in stage 0.0 (TID 26)) 1.948ms
[184.980s][info][gc          ] Allocation Stall (Executor task launch worker for task 8.0 in stage 0.0 (TID 8)) 1.988ms
[184.980s][info][gc          ] Allocation Stall (Executor task launch worker for task 6.0 in stage 0.0 (TID 6)) 1.319ms
[185.042s][info][gc,phases   ] GC(78) Concurrent Mark 64.115ms
[185.042s][info][gc,phases   ] GC(78) Pause Mark End 0.024ms
[185.042s][info][gc,phases   ] GC(78) Concurrent Mark Free 0.001ms
[185.056s][info][gc,phases   ] GC(78) Concurrent Process Non-Strong References 14.097ms
[185.056s][info][gc,phases   ] GC(78) Concurrent Reset Relocation Set 0.005ms
[185.058s][info][gc          ] Allocation Stall (Executor task launch worker for task 4.0 in stage 0.0 (TID 4)) 68.782ms
[185.058s][info][gc          ] Allocation Stall (Executor task launch worker for task 1.0 in stage 0.0 (TID 1)) 70.362ms
[185.058s][info][gc          ] Allocation Stall (Executor task launch worker for task 7.0 in stage 0.0 (TID 7)) 69.300ms
[185.058s][info][gc          ] Allocation Stall (Executor task launch worker for task 24.0 in stage 0.0 (TID 24)) 69.692ms
[185.058s][info][gc          ] Allocation Stall (Executor task launch worker for task 23.0 in stage 0.0 (TID 23)) 69.845ms
[185.058s][info][gc          ] Allocation Stall (Executor task launch worker for task 9.0 in stage 0.0 (TID 9)) 68.766ms
[185.058s][info][gc          ] Allocation Stall (Executor task launch worker for task 25.0 in stage 0.0 (TID 25)) 68.341ms
[185.058s][info][gc          ] Allocation Stall (Executor task launch worker for task 46.0 in stage 0.0 (TID 46)) 70.279ms
[185.058s][info][gc          ] Allocation Stall (Executor task launch worker for task 8.0 in stage 0.0 (TID 8)) 68.506ms
[185.058s][info][gc          ] Allocation Stall (Executor task launch worker for task 37.0 in stage 0.0 (TID 37)) 69.969ms
[185.058s][info][gc          ] Allocation Stall (Executor task launch worker for task 35.0 in stage 0.0 (TID 35)) 69.875ms
[185.058s][info][gc          ] Allocation Stall (Executor task launch worker for task 19.0 in stage 0.0 (TID 19)) 69.684ms
[185.058s][info][gc          ] Allocation Stall (Executor task launch worker for task 36.0 in stage 0.0 (TID 36)) 71.669ms
[185.058s][info][gc          ] Allocation Stall (Executor task launch worker for task 27.0 in stage 0.0 (TID 27)) 68.433ms
[185.058s][info][gc          ] Allocation Stall (Executor task launch worker for task 22.0 in stage 0.0 (TID 22)) 71.359ms
[185.058s][info][gc          ] Allocation Stall (Executor task launch worker for task 26.0 in stage 0.0 (TID 26)) 70.652ms
[185.058s][info][gc          ] Allocation Stall (Executor task launch worker for task 45.0 in stage 0.0 (TID 45)) 70.592ms
[185.058s][info][gc          ] Allocation Stall (Executor task launch worker for task 17.0 in stage 0.0 (TID 17)) 69.711ms
[185.058s][info][gc          ] Allocation Stall (Executor task launch worker for task 3.0 in stage 0.0 (TID 3)) 70.948ms
[185.058s][info][gc          ] Allocation Stall (Executor task launch worker for task 12.0 in stage 0.0 (TID 12)) 70.642ms
[185.058s][info][gc          ] Allocation Stall (Executor task launch worker for task 31.0 in stage 0.0 (TID 31)) 70.763ms
[185.058s][info][gc          ] Allocation Stall (Executor task launch worker for task 21.0 in stage 0.0 (TID 21)) 70.572ms
[185.058s][info][gc          ] Allocation Stall (Executor task launch worker for task 10.0 in stage 0.0 (TID 10)) 71.410ms
[185.058s][info][gc,phases   ] GC(78) Concurrent Select Relocation Set 2.441ms
[185.059s][info][gc          ] Allocation Stall (Executor task launch worker for task 28.0 in stage 0.0 (TID 28)) 68.353ms
[185.059s][info][gc          ] Allocation Stall (Executor task launch worker for task 34.0 in stage 0.0 (TID 34)) 68.800ms
[185.059s][info][gc          ] Allocation Stall (Executor task launch worker for task 18.0 in stage 0.0 (TID 18)) 68.725ms
[185.059s][info][gc          ] Allocation Stall (Executor task launch worker for task 42.0 in stage 0.0 (TID 42)) 68.674ms
[185.059s][info][gc          ] Allocation Stall (Executor task launch worker for task 39.0 in stage 0.0 (TID 39)) 68.665ms
[185.060s][info][gc          ] Allocation Stall (Executor task launch worker for task 5.0 in stage 0.0 (TID 5)) 69.551ms
[185.060s][info][gc          ] Allocation Stall (Executor task launch worker for task 41.0 in stage 0.0 (TID 41)) 69.494ms
[185.060s][info][gc          ] Allocation Stall (Executor task launch worker for task 33.0 in stage 0.0 (TID 33)) 69.524ms
[185.060s][info][gc          ] Allocation Stall (Executor task launch worker for task 30.0 in stage 0.0 (TID 30)) 69.130ms
[185.060s][info][gc          ] Allocation Stall (Executor task launch worker for task 38.0 in stage 0.0 (TID 38)) 69.279ms
[185.060s][info][gc          ] Allocation Stall (Executor task launch worker for task 32.0 in stage 0.0 (TID 32)) 68.873ms
[185.060s][info][gc          ] Allocation Stall (Executor task launch worker for task 11.0 in stage 0.0 (TID 11)) 69.097ms
[185.060s][info][gc          ] Allocation Stall (Executor task launch worker for task 2.0 in stage 0.0 (TID 2)) 69.094ms
[185.060s][info][gc          ] Allocation Stall (Executor task launch worker for task 14.0 in stage 0.0 (TID 14)) 69.007ms
[185.060s][info][gc          ] Allocation Stall (Executor task launch worker for task 44.0 in stage 0.0 (TID 44)) 68.688ms
[185.060s][info][gc          ] Allocation Stall (Executor task launch worker for task 16.0 in stage 0.0 (TID 16)) 69.099ms
[185.060s][info][gc          ] Allocation Stall (Executor task launch worker for task 13.0 in stage 0.0 (TID 13)) 61.504ms
[185.060s][info][gc          ] Allocation Stall (Common-Cleaner) 4.217ms
[185.060s][info][gc          ] Allocation Stall (Executor task launch worker for task 20.0 in stage 0.0 (TID 20)) 62.779ms
[185.060s][info][gc          ] Allocation Stall (Spark Context Cleaner) 49.906ms
[185.060s][info][gc          ] Allocation Stall (Executor task launch worker for task 15.0 in stage 0.0 (TID 15)) 60.114ms
[185.060s][info][gc          ] Allocation Stall (Executor task launch worker for task 0.0 in stage 0.0 (TID 0)) 62.606ms
[185.060s][info][gc          ] Allocation Stall (Executor task launch worker for task 40.0 in stage 0.0 (TID 40)) 66.261ms
[185.061s][info][gc,phases   ] GC(78) Pause Relocate Start 0.012ms
[185.073s][info][gc,phases   ] GC(78) Concurrent Relocate 11.906ms
[185.074s][info][gc,load     ] GC(78) Load: 0.00/0.00/0.00
[185.074s][info][gc,mmu      ] GC(78) MMU: 2ms/95.7%, 5ms/98.3%, 10ms/99.1%, 20ms/99.5%, 50ms/99.8%, 100ms/99.8%
[185.074s][info][gc,marking  ] GC(78) Mark: 4 stripe(s), 2 proactive flush(es), 1 terminate flush(es), 0 completion(s), 0 continuation(s) 
[185.074s][info][gc,marking  ] GC(78) Mark Stack Usage: 32M
[185.074s][info][gc,nmethod  ] GC(78) NMethods: 2020 registered, 10 unregistered
[185.074s][info][gc,metaspace] GC(78) Metaspace: 108M used, 116M committed, 1152M reserved
[185.074s][info][gc,ref      ] GC(78) Soft: 2809 encountered, 1484 discovered, 8 enqueued
[185.074s][info][gc,ref      ] GC(78) Weak: 13011 encountered, 1568 discovered, 17 enqueued
[185.074s][info][gc,ref      ] GC(78) Final: 40 encountered, 1 discovered, 0 enqueued
[185.074s][info][gc,ref      ] GC(78) Phantom: 753 encountered, 638 discovered, 3 enqueued
[185.074s][info][gc,reloc    ] GC(78) Small Pages: 59 / 118M, Empty: 14M, Relocated: 1M, In-Place: 0
[185.074s][info][gc,reloc    ] GC(78) Medium Pages: 3 / 48M, Empty: 16M, Relocated: 0M, In-Place: 0
[185.074s][info][gc,reloc    ] GC(78) Large Pages: 55 / 332M, Empty: 16M, Relocated: 0M, In-Place: 0
[185.074s][info][gc,reloc    ] GC(78) Forwarding Usage: 0M
[185.074s][info][gc,heap     ] GC(78) Min Capacity: 8M(2%)
[185.074s][info][gc,heap     ] GC(78) Max Capacity: 512M(100%)
[185.074s][info][gc,heap     ] GC(78) Soft Max Capacity: 512M(100%)
[185.074s][info][gc,heap     ] GC(78)                Mark Start          Mark End        Relocate Start      Relocate End           High               Low         
[185.074s][info][gc,heap     ] GC(78)  Capacity:      512M (100%)        512M (100%)        512M (100%)        512M (100%)        512M (100%)        512M (100%)   
[185.074s][info][gc,heap     ] GC(78)      Free:        0M (0%)            0M (0%)           34M (7%)           46M (9%)           48M (9%)            0M (0%)     
[185.074s][info][gc,heap     ] GC(78)      Used:      512M (100%)        512M (100%)        478M (93%)         466M (91%)         512M (100%)        464M (91%)    
[185.074s][info][gc,heap     ] GC(78)      Live:         -               388M (76%)         388M (76%)         388M (76%)            -                  -          
[185.074s][info][gc,heap     ] GC(78) Allocated:         -                 0M (0%)           12M (2%)           25M (5%)             -                  -          
[185.074s][info][gc,heap     ] GC(78)   Garbage:         -               123M (24%)          77M (15%)          52M (10%)            -                  -          
[185.074s][info][gc,heap     ] GC(78) Reclaimed:         -                  -                46M (9%)           71M (14%)            -                  -          
[185.074s][info][gc          ] GC(78) Garbage Collection (Allocation Stall) 512M(100%)->466M(91%)
[185.087s][info][gc,start    ] GC(79) Garbage Collection (Allocation Stall)
[185.087s][info][gc,ref      ] GC(79) Clearing All SoftReferences
[185.087s][info][gc,task     ] GC(79) Using 5 workers
[185.088s][info][gc,ref      ] GC(79) Clearing All SoftReferences
[185.088s][info][gc,phases   ] GC(79) Pause Mark Start 0.044ms
[185.121s][info][gc,phases   ] GC(79) Concurrent Mark 33.706ms
[185.122s][info][gc,phases   ] GC(79) Pause Mark End 0.017ms
[185.122s][info][gc,phases   ] GC(79) Concurrent Mark Free 0.001ms
[185.123s][info][gc,phases   ] GC(79) Concurrent Process Non-Strong References 1.533ms
[185.123s][info][gc,phases   ] GC(79) Concurrent Reset Relocation Set 0.002ms
[185.125s][info][gc          ] Allocation Stall (Executor task launch worker for task 23.0 in stage 0.0 (TID 23)) 37.461ms
[185.125s][info][gc          ] Allocation Stall (Executor task launch worker for task 11.0 in stage 0.0 (TID 11)) 37.471ms
[185.125s][info][gc          ] Allocation Stall (Executor task launch worker for task 40.0 in stage 0.0 (TID 40)) 37.475ms
[185.125s][info][gc          ] Allocation Stall (Executor task launch worker for task 28.0 in stage 0.0 (TID 28)) 37.772ms
[185.125s][info][gc          ] Allocation Stall (Executor task launch worker for task 7.0 in stage 0.0 (TID 7)) 37.457ms
[185.125s][info][gc          ] Allocation Stall (Executor task launch worker for task 33.0 in stage 0.0 (TID 33)) 37.455ms
[185.125s][info][gc          ] Allocation Stall (Executor task launch worker for task 46.0 in stage 0.0 (TID 46)) 37.488ms
[185.126s][info][gc          ] Allocation Stall (Executor task launch worker for task 25.0 in stage 0.0 (TID 25)) 37.454ms
[185.126s][info][gc          ] Allocation Stall (Executor task launch worker for task 3.0 in stage 0.0 (TID 3)) 37.470ms
[185.126s][info][gc          ] Allocation Stall (Executor task launch worker for task 19.0 in stage 0.0 (TID 19)) 37.772ms
[185.126s][info][gc          ] Allocation Stall (Executor task launch worker for task 42.0 in stage 0.0 (TID 42)) 37.492ms
[185.126s][info][gc          ] Allocation Stall (Executor task launch worker for task 31.0 in stage 0.0 (TID 31)) 37.512ms
[185.126s][info][gc          ] Allocation Stall (Executor task launch worker for task 30.0 in stage 0.0 (TID 30)) 37.578ms
[185.126s][info][gc          ] Allocation Stall (Executor task launch worker for task 37.0 in stage 0.0 (TID 37)) 37.787ms
[185.126s][info][gc          ] Allocation Stall (Executor task launch worker for task 14.0 in stage 0.0 (TID 14)) 37.477ms
[185.126s][info][gc          ] Allocation Stall (Executor task launch worker for task 32.0 in stage 0.0 (TID 32)) 37.490ms
[185.126s][info][gc          ] Allocation Stall (Executor task launch worker for task 4.0 in stage 0.0 (TID 4)) 37.790ms
[185.126s][info][gc          ] Allocation Stall (Executor task launch worker for task 8.0 in stage 0.0 (TID 8)) 37.782ms
[185.126s][info][gc          ] Allocation Stall (Executor task launch worker for task 34.0 in stage 0.0 (TID 34)) 37.794ms
[185.126s][info][gc          ] Allocation Stall (Executor task launch worker for task 21.0 in stage 0.0 (TID 21)) 37.800ms
[185.126s][info][gc          ] Allocation Stall (Executor task launch worker for task 1.0 in stage 0.0 (TID 1)) 38.305ms
[185.126s][info][gc          ] Allocation Stall (Executor task launch worker for task 38.0 in stage 0.0 (TID 38)) 37.806ms
[185.126s][info][gc          ] Allocation Stall (Executor task launch worker for task 36.0 in stage 0.0 (TID 36)) 37.615ms
[185.126s][info][gc          ] Allocation Stall (Executor task launch worker for task 22.0 in stage 0.0 (TID 22)) 37.610ms
[185.126s][info][gc          ] Allocation Stall (Executor task launch worker for task 17.0 in stage 0.0 (TID 17)) 37.557ms
[185.126s][info][gc,phases   ] GC(79) Concurrent Select Relocation Set 2.333ms
[185.126s][info][gc          ] Allocation Stall (Executor task launch worker for task 12.0 in stage 0.0 (TID 12)) 37.516ms
[185.126s][info][gc          ] Allocation Stall (Executor task launch worker for task 9.0 in stage 0.0 (TID 9)) 37.546ms
[185.126s][info][gc          ] Allocation Stall (Executor task launch worker for task 10.0 in stage 0.0 (TID 10)) 37.563ms
[185.126s][info][gc          ] Allocation Stall (Executor task launch worker for task 45.0 in stage 0.0 (TID 45)) 37.687ms
[185.126s][info][gc          ] Allocation Stall (Executor task launch worker for task 44.0 in stage 0.0 (TID 44)) 37.826ms
[185.126s][info][gc          ] Allocation Stall (Executor task launch worker for task 18.0 in stage 0.0 (TID 18)) 37.845ms
[185.126s][info][gc          ] Allocation Stall (Executor task launch worker for task 41.0 in stage 0.0 (TID 41)) 36.424ms
[185.126s][info][gc          ] Allocation Stall (Executor task launch worker for task 39.0 in stage 0.0 (TID 39)) 36.352ms
[185.126s][info][gc          ] Allocation Stall (Executor task launch worker for task 27.0 in stage 0.0 (TID 27)) 36.244ms
[185.126s][info][gc          ] Allocation Stall (Executor task launch worker for task 24.0 in stage 0.0 (TID 24)) 36.153ms
[185.126s][info][gc          ] Allocation Stall (Executor task launch worker for task 26.0 in stage 0.0 (TID 26)) 36.162ms
[185.126s][info][gc          ] Allocation Stall (Executor task launch worker for task 2.0 in stage 0.0 (TID 2)) 36.122ms
[185.126s][info][gc          ] Allocation Stall (Executor task launch worker for task 16.0 in stage 0.0 (TID 16)) 36.166ms
[185.126s][info][gc          ] Allocation Stall (Executor task launch worker for task 5.0 in stage 0.0 (TID 5)) 36.187ms
[185.127s][info][gc          ] Allocation Stall (Executor task launch worker for task 35.0 in stage 0.0 (TID 35)) 33.257ms
[185.127s][info][gc          ] Allocation Stall (Executor task launch worker for task 20.0 in stage 0.0 (TID 20)) 31.492ms
[185.127s][info][gc          ] Allocation Stall (Executor task launch worker for task 13.0 in stage 0.0 (TID 13)) 30.292ms
[185.137s][info][gc,phases   ] GC(79) Pause Relocate Start 0.009ms
[185.137s][info][gc          ] Allocation Stall (Common-Cleaner) 13.978ms
[185.141s][info][gc,phases   ] GC(79) Concurrent Relocate 3.369ms
[185.141s][info][gc,load     ] GC(79) Load: 0.00/0.00/0.00
[185.141s][info][gc,mmu      ] GC(79) MMU: 2ms/95.7%, 5ms/98.3%, 10ms/99.1%, 20ms/99.5%, 50ms/99.8%, 100ms/99.8%
[185.141s][info][gc,marking  ] GC(79) Mark: 4 stripe(s), 2 proactive flush(es), 1 terminate flush(es), 0 completion(s), 0 continuation(s) 
[185.141s][info][gc,marking  ] GC(79) Mark Stack Usage: 32M
[185.141s][info][gc,nmethod  ] GC(79) NMethods: 2099 registered, 17 unregistered
[185.141s][info][gc,metaspace] GC(79) Metaspace: 108M used, 116M committed, 1152M reserved
[185.141s][info][gc,ref      ] GC(79) Soft: 2813 encountered, 2244 discovered, 13 enqueued
[185.141s][info][gc,ref      ] GC(79) Weak: 13003 encountered, 2372 discovered, 6 enqueued
[185.141s][info][gc,ref      ] GC(79) Final: 40 encountered, 0 discovered, 0 enqueued
[185.141s][info][gc,ref      ] GC(79) Phantom: 755 encountered, 461 discovered, 5 enqueued
[185.141s][info][gc,reloc    ] GC(79) Small Pages: 75 / 150M, Empty: 40M, Relocated: 1M, In-Place: 0
[185.141s][info][gc,reloc    ] GC(79) Medium Pages: 2 / 32M, Empty: 0M, Relocated: 0M, In-Place: 0
[185.141s][info][gc,reloc    ] GC(79) Large Pages: 56 / 328M, Empty: 24M, Relocated: 0M, In-Place: 0
[185.141s][info][gc,reloc    ] GC(79) Forwarding Usage: 0M
[185.141s][info][gc,heap     ] GC(79) Min Capacity: 8M(2%)
[185.141s][info][gc,heap     ] GC(79) Max Capacity: 512M(100%)
[185.141s][info][gc,heap     ] GC(79) Soft Max Capacity: 512M(100%)
[185.141s][info][gc,heap     ] GC(79)                Mark Start          Mark End        Relocate Start      Relocate End           High               Low         
[185.141s][info][gc,heap     ] GC(79)  Capacity:      512M (100%)        512M (100%)        512M (100%)        512M (100%)        512M (100%)        512M (100%)   
[185.141s][info][gc,heap     ] GC(79)      Free:        2M (0%)            0M (0%)           34M (7%)           62M (12%)          64M (13%)           0M (0%)     
[185.141s][info][gc,heap     ] GC(79)      Used:      510M (100%)        512M (100%)        478M (93%)         450M (88%)         512M (100%)        448M (88%)    
[185.141s][info][gc,heap     ] GC(79)      Live:         -               376M (74%)         376M (74%)         376M (74%)            -                  -          
[185.141s][info][gc,heap     ] GC(79) Allocated:         -                 2M (0%)           32M (6%)           35M (7%)             -                  -          
[185.141s][info][gc,heap     ] GC(79)   Garbage:         -               133M (26%)          69M (14%)          37M (7%)             -                  -          
[185.141s][info][gc,heap     ] GC(79) Reclaimed:         -                  -                64M (13%)          95M (19%)            -                  -          
[185.141s][info][gc          ] GC(79) Garbage Collection (Allocation Stall) 510M(100%)->450M(88%)
[185.165s][info][gc,start    ] GC(80) Garbage Collection (Allocation Stall)
[185.165s][info][gc,ref      ] GC(80) Clearing All SoftReferences
[185.165s][info][gc,task     ] GC(80) Using 5 workers
[185.166s][info][gc,ref      ] GC(80) Clearing All SoftReferences
[185.166s][info][gc,phases   ] GC(80) Pause Mark Start 0.042ms
[185.209s][info][gc,phases   ] GC(80) Concurrent Mark 42.927ms
[185.209s][info][gc,phases   ] GC(80) Pause Mark End 0.025ms
[185.209s][info][gc,phases   ] GC(80) Concurrent Mark Free 0.001ms
[185.211s][info][gc,phases   ] GC(80) Concurrent Process Non-Strong References 1.795ms
[185.211s][info][gc,phases   ] GC(80) Concurrent Reset Relocation Set 0.004ms
[185.214s][info][gc          ] Allocation Stall (Executor task launch worker for task 16.0 in stage 0.0 (TID 16)) 48.014ms
[185.214s][info][gc          ] Allocation Stall (Executor task launch worker for task 38.0 in stage 0.0 (TID 38)) 47.994ms
[185.214s][info][gc          ] Allocation Stall (Executor task launch worker for task 41.0 in stage 0.0 (TID 41)) 48.007ms
[185.214s][info][gc          ] Allocation Stall (Executor task launch worker for task 34.0 in stage 0.0 (TID 34)) 48.013ms
[185.214s][info][gc          ] Allocation Stall (Executor task launch worker for task 36.0 in stage 0.0 (TID 36)) 48.369ms
[185.214s][info][gc          ] Allocation Stall (Executor task launch worker for task 9.0 in stage 0.0 (TID 9)) 48.007ms
[185.214s][info][gc          ] Allocation Stall (Executor task launch worker for task 24.0 in stage 0.0 (TID 24)) 49.051ms
[185.214s][info][gc          ] Allocation Stall (Executor task launch worker for task 30.0 in stage 0.0 (TID 30)) 47.980ms
[185.214s][info][gc          ] Allocation Stall (Executor task launch worker for task 31.0 in stage 0.0 (TID 31)) 48.044ms
[185.214s][info][gc          ] Allocation Stall (Executor task launch worker for task 17.0 in stage 0.0 (TID 17)) 48.095ms
[185.214s][info][gc          ] Allocation Stall (Executor task launch worker for task 44.0 in stage 0.0 (TID 44)) 47.967ms
[185.214s][info][gc          ] Allocation Stall (Executor task launch worker for task 19.0 in stage 0.0 (TID 19)) 48.076ms
[185.214s][info][gc          ] Allocation Stall (Executor task launch worker for task 22.0 in stage 0.0 (TID 22)) 47.994ms
[185.214s][info][gc          ] Allocation Stall (Executor task launch worker for task 3.0 in stage 0.0 (TID 3)) 48.127ms
[185.214s][info][gc          ] Allocation Stall (Executor task launch worker for task 39.0 in stage 0.0 (TID 39)) 48.006ms
[185.214s][info][gc          ] Allocation Stall (Executor task launch worker for task 4.0 in stage 0.0 (TID 4)) 48.359ms
[185.214s][info][gc          ] Allocation Stall (Executor task launch worker for task 32.0 in stage 0.0 (TID 32)) 47.998ms
[185.214s][info][gc          ] Allocation Stall (Executor task launch worker for task 46.0 in stage 0.0 (TID 46)) 48.121ms
[185.214s][info][gc          ] Allocation Stall (Executor task launch worker for task 33.0 in stage 0.0 (TID 33)) 48.082ms
[185.214s][info][gc          ] Allocation Stall (Executor task launch worker for task 40.0 in stage 0.0 (TID 40)) 48.331ms
[185.214s][info][gc          ] Allocation Stall (Executor task launch worker for task 26.0 in stage 0.0 (TID 26)) 48.049ms
[185.214s][info][gc          ] Allocation Stall (Executor task launch worker for task 5.0 in stage 0.0 (TID 5)) 48.134ms
[185.214s][info][gc          ] Allocation Stall (Executor task launch worker for task 10.0 in stage 0.0 (TID 10)) 48.137ms
[185.214s][info][gc          ] Allocation Stall (Executor task launch worker for task 42.0 in stage 0.0 (TID 42)) 48.061ms
[185.214s][info][gc          ] Allocation Stall (Executor task launch worker for task 11.0 in stage 0.0 (TID 11)) 48.097ms
[185.214s][info][gc          ] Allocation Stall (Executor task launch worker for task 7.0 in stage 0.0 (TID 7)) 48.144ms
[185.214s][info][gc          ] Allocation Stall (Executor task launch worker for task 28.0 in stage 0.0 (TID 28)) 48.105ms
[185.214s][info][gc          ] Allocation Stall (Executor task launch worker for task 21.0 in stage 0.0 (TID 21)) 48.061ms
[185.214s][info][gc          ] Allocation Stall (Executor task launch worker for task 8.0 in stage 0.0 (TID 8)) 48.069ms
[185.214s][info][gc          ] Allocation Stall (Executor task launch worker for task 18.0 in stage 0.0 (TID 18)) 48.138ms
[185.214s][info][gc          ] Allocation Stall (Executor task launch worker for task 23.0 in stage 0.0 (TID 23)) 48.392ms
[185.214s][info][gc          ] Allocation Stall (Executor task launch worker for task 27.0 in stage 0.0 (TID 27)) 48.138ms
[185.214s][info][gc          ] Allocation Stall (Executor task launch worker for task 25.0 in stage 0.0 (TID 25)) 48.108ms
[185.214s][info][gc          ] Allocation Stall (Executor task launch worker for task 14.0 in stage 0.0 (TID 14)) 48.113ms
[185.214s][info][gc,phases   ] GC(80) Concurrent Select Relocation Set 3.363ms
[185.214s][info][gc          ] Allocation Stall (Executor task launch worker for task 1.0 in stage 0.0 (TID 1)) 48.234ms
[185.214s][info][gc          ] Allocation Stall (Executor task launch worker for task 37.0 in stage 0.0 (TID 37)) 48.269ms
[185.214s][info][gc          ] Allocation Stall (Executor task launch worker for task 45.0 in stage 0.0 (TID 45)) 48.309ms
[185.214s][info][gc          ] Allocation Stall (Executor task launch worker for task 2.0 in stage 0.0 (TID 2)) 48.342ms
[185.215s][info][gc          ] Allocation Stall (Executor task launch worker for task 12.0 in stage 0.0 (TID 12)) 48.503ms
[185.215s][info][gc          ] Allocation Stall (RemoteBlock-temp-file-clean-thread) 37.306ms
[185.224s][info][gc,phases   ] GC(80) Pause Relocate Start 0.007ms
[185.239s][info][gc          ] Allocation Stall (Executor task launch worker for task 21.0 in stage 0.0 (TID 21)) 13.392ms
[185.239s][info][gc          ] Allocation Stall (Executor task launch worker for task 45.0 in stage 0.0 (TID 45)) 1.849ms
[185.239s][info][gc          ] Allocation Stall (Executor task launch worker for task 8.0 in stage 0.0 (TID 8)) 1.942ms
[185.239s][info][gc          ] Allocation Stall (Executor task launch worker for task 36.0 in stage 0.0 (TID 36)) 1.772ms
[185.239s][info][gc          ] Allocation Stall (Executor task launch worker for task 3.0 in stage 0.0 (TID 3)) 1.471ms
[185.239s][info][gc          ] Allocation Stall (Executor task launch worker for task 4.0 in stage 0.0 (TID 4)) 1.527ms
[185.239s][info][gc          ] Allocation Stall (Executor task launch worker for task 26.0 in stage 0.0 (TID 26)) 1.639ms
[185.239s][info][gc          ] Allocation Stall (Executor task launch worker for task 11.0 in stage 0.0 (TID 11)) 1.762ms
[185.243s][info][gc          ] Allocation Stall (Executor task launch worker for task 27.0 in stage 0.0 (TID 27)) 4.544ms
[185.243s][info][gc          ] Allocation Stall (Executor task launch worker for task 30.0 in stage 0.0 (TID 30)) 4.381ms
[185.243s][info][gc          ] Allocation Stall (Executor task launch worker for task 42.0 in stage 0.0 (TID 42)) 4.385ms
[185.243s][info][gc          ] Allocation Stall (Executor task launch worker for task 12.0 in stage 0.0 (TID 12)) 4.339ms
[185.243s][info][gc          ] Allocation Stall (Executor task launch worker for task 17.0 in stage 0.0 (TID 17)) 4.399ms
[185.243s][info][gc          ] Allocation Stall (Executor task launch worker for task 10.0 in stage 0.0 (TID 10)) 4.457ms
[185.243s][info][gc          ] Allocation Stall (Executor task launch worker for task 22.0 in stage 0.0 (TID 22)) 4.404ms
[185.243s][info][gc          ] Allocation Stall (Executor task launch worker for task 16.0 in stage 0.0 (TID 16)) 4.359ms
[185.243s][info][gc          ] Allocation Stall (Executor task launch worker for task 28.0 in stage 0.0 (TID 28)) 4.374ms
[185.243s][info][gc          ] Allocation Stall (Executor task launch worker for task 39.0 in stage 0.0 (TID 39)) 4.251ms
[185.243s][info][gc          ] Allocation Stall (Executor task launch worker for task 34.0 in stage 0.0 (TID 34)) 4.301ms
[185.243s][info][gc          ] Allocation Stall (Executor task launch worker for task 38.0 in stage 0.0 (TID 38)) 4.160ms
[185.243s][info][gc          ] Allocation Stall (Executor task launch worker for task 18.0 in stage 0.0 (TID 18)) 4.187ms
[185.243s][info][gc          ] Allocation Stall (Executor task launch worker for task 33.0 in stage 0.0 (TID 33)) 4.204ms
[185.243s][info][gc          ] Allocation Stall (Executor task launch worker for task 32.0 in stage 0.0 (TID 32)) 3.667ms
[185.253s][info][gc          ] Allocation Stall (Executor task launch worker for task 26.0 in stage 0.0 (TID 26)) 0.726ms
[185.253s][info][gc          ] Allocation Stall (Executor task launch worker for task 30.0 in stage 0.0 (TID 30)) 2.051ms
[185.253s][info][gc          ] Allocation Stall (Executor task launch worker for task 39.0 in stage 0.0 (TID 39)) 0.606ms
[185.253s][info][gc          ] Allocation Stall (Executor task launch worker for task 38.0 in stage 0.0 (TID 38)) 1.059ms
[185.257s][info][gc          ] Allocation Stall (Executor task launch worker for task 10.0 in stage 0.0 (TID 10)) 2.657ms
[185.257s][info][gc          ] Allocation Stall (Executor task launch worker for task 37.0 in stage 0.0 (TID 37)) 2.584ms
[185.257s][info][gc          ] Allocation Stall (Executor task launch worker for task 31.0 in stage 0.0 (TID 31)) 2.346ms
[185.257s][info][gc          ] Allocation Stall (Executor task launch worker for task 11.0 in stage 0.0 (TID 11)) 2.373ms
[185.257s][info][gc          ] Allocation Stall (Executor task launch worker for task 27.0 in stage 0.0 (TID 27)) 2.343ms
[185.257s][info][gc          ] Allocation Stall (Executor task launch worker for task 14.0 in stage 0.0 (TID 14)) 2.424ms
[185.257s][info][gc          ] Allocation Stall (Executor task launch worker for task 17.0 in stage 0.0 (TID 17)) 2.357ms
[185.257s][info][gc          ] Allocation Stall (Executor task launch worker for task 45.0 in stage 0.0 (TID 45)) 2.369ms
[185.258s][info][gc          ] Allocation Stall (Executor task launch worker for task 21.0 in stage 0.0 (TID 21)) 2.397ms
[185.258s][info][gc          ] Allocation Stall (Executor task launch worker for task 46.0 in stage 0.0 (TID 46)) 2.402ms
[185.258s][info][gc          ] Allocation Stall (Executor task launch worker for task 34.0 in stage 0.0 (TID 34)) 2.398ms
[185.258s][info][gc          ] Allocation Stall (Executor task launch worker for task 33.0 in stage 0.0 (TID 33)) 2.382ms
[185.258s][info][gc          ] Allocation Stall (Executor task launch worker for task 42.0 in stage 0.0 (TID 42)) 2.302ms
[185.258s][info][gc          ] Allocation Stall (Executor task launch worker for task 18.0 in stage 0.0 (TID 18)) 2.380ms
[185.258s][info][gc          ] Allocation Stall (Executor task launch worker for task 44.0 in stage 0.0 (TID 44)) 2.334ms
[185.258s][info][gc          ] Allocation Stall (Executor task launch worker for task 22.0 in stage 0.0 (TID 22)) 2.299ms
[185.258s][info][gc          ] Allocation Stall (Executor task launch worker for task 16.0 in stage 0.0 (TID 16)) 2.323ms
[185.258s][info][gc          ] Allocation Stall (Executor task launch worker for task 36.0 in stage 0.0 (TID 36)) 2.091ms
[185.258s][info][gc          ] Allocation Stall (Executor task launch worker for task 12.0 in stage 0.0 (TID 12)) 2.064ms
[185.258s][info][gc          ] Allocation Stall (Executor task launch worker for task 3.0 in stage 0.0 (TID 3)) 2.094ms
[185.259s][info][gc          ] Allocation Stall (Executor task launch worker for task 4.0 in stage 0.0 (TID 4)) 3.019ms
[185.259s][info][gc          ] Allocation Stall (Executor task launch worker for task 34.0 in stage 0.0 (TID 34)) 1.156ms
[185.275s][info][gc          ] Relocation Stall (Executor task launch worker for task 25.0 in stage 0.0 (TID 25)) 49.087ms
[185.275s][info][gc          ] Relocation Stall (Executor task launch worker for task 1.0 in stage 0.0 (TID 1)) 49.217ms
[185.275s][info][gc          ] Allocation Stall (Executor task launch worker for task 3.0 in stage 0.0 (TID 3)) 8.589ms
[185.275s][info][gc          ] Allocation Stall (Executor task launch worker for task 36.0 in stage 0.0 (TID 36)) 8.101ms
[185.275s][info][gc          ] Allocation Stall (Executor task launch worker for task 33.0 in stage 0.0 (TID 33)) 8.365ms
[185.275s][info][gc          ] Allocation Stall (Executor task launch worker for task 40.0 in stage 0.0 (TID 40)) 6.961ms
[185.275s][info][gc          ] Allocation Stall (Executor task launch worker for task 7.0 in stage 0.0 (TID 7)) 6.748ms
[185.275s][info][gc          ] Allocation Stall (Executor task launch worker for task 16.0 in stage 0.0 (TID 16)) 8.024ms
[185.275s][info][gc          ] Allocation Stall (Executor task launch worker for task 18.0 in stage 0.0 (TID 18)) 8.756ms
[185.275s][info][gc          ] Allocation Stall (Executor task launch worker for task 22.0 in stage 0.0 (TID 22)) 8.721ms
[185.275s][info][gc          ] Relocation Stall (Executor task launch worker for task 2.0 in stage 0.0 (TID 2)) 49.063ms
[185.275s][info][gc          ] Relocation Stall (Executor task launch worker for task 9.0 in stage 0.0 (TID 9)) 49.245ms
[185.275s][info][gc          ] Allocation Stall (Executor task launch worker for task 32.0 in stage 0.0 (TID 32)) 5.625ms
[185.275s][info][gc          ] Allocation Stall (Executor task launch worker for task 23.0 in stage 0.0 (TID 23)) 5.477ms
[185.275s][info][gc          ] Allocation Stall (Executor task launch worker for task 39.0 in stage 0.0 (TID 39)) 6.468ms
[185.275s][info][gc          ] Allocation Stall (Executor task launch worker for task 27.0 in stage 0.0 (TID 27)) 6.946ms
[185.275s][info][gc          ] Allocation Stall (Executor task launch worker for task 26.0 in stage 0.0 (TID 26)) 4.429ms
[185.275s][info][gc          ] Allocation Stall (Executor task launch worker for task 5.0 in stage 0.0 (TID 5)) 5.950ms
[185.275s][info][gc,phases   ] GC(80) Concurrent Relocate 50.745ms
[185.275s][info][gc          ] Allocation Stall (Executor task launch worker for task 4.0 in stage 0.0 (TID 4)) 5.816ms
[185.275s][info][gc          ] Allocation Stall (Executor task launch worker for task 38.0 in stage 0.0 (TID 38)) 5.771ms
[185.275s][info][gc,load     ] GC(80) Load: 0.00/0.00/0.00
[185.275s][info][gc,mmu      ] GC(80) MMU: 2ms/95.7%, 5ms/98.3%, 10ms/99.1%, 20ms/99.5%, 50ms/99.8%, 100ms/99.8%
[185.275s][info][gc,marking  ] GC(80) Mark: 4 stripe(s), 2 proactive flush(es), 1 terminate flush(es), 0 completion(s), 0 continuation(s) 
[185.275s][info][gc,marking  ] GC(80) Mark Stack Usage: 32M
[185.275s][info][gc,nmethod  ] GC(80) NMethods: 2226 registered, 24 unregistered
[185.275s][info][gc,metaspace] GC(80) Metaspace: 108M used, 116M committed, 1152M reserved
[185.275s][info][gc,ref      ] GC(80) Soft: 2811 encountered, 352 discovered, 10 enqueued
[185.275s][info][gc,ref      ] GC(80) Weak: 12998 encountered, 1668 discovered, 3 enqueued
[185.276s][info][gc,ref      ] GC(80) Final: 40 encountered, 0 discovered, 0 enqueued
[185.276s][info][gc,ref      ] GC(80) Phantom: 750 encountered, 513 discovered, 0 enqueued
[185.276s][info][gc,reloc    ] GC(80) Small Pages: 78 / 156M, Empty: 50M, Relocated: 3M, In-Place: 0
[185.276s][info][gc,reloc    ] GC(80) Medium Pages: 3 / 48M, Empty: 0M, Relocated: 7M, In-Place: 0
[185.276s][info][gc,reloc    ] GC(80) Large Pages: 53 / 308M, Empty: 20M, Relocated: 0M, In-Place: 0
[185.276s][info][gc,reloc    ] GC(80) Forwarding Usage: 0M
[185.276s][info][gc,heap     ] GC(80) Min Capacity: 8M(2%)
[185.276s][info][gc,heap     ] GC(80) Max Capacity: 512M(100%)
[185.276s][info][gc,heap     ] GC(80) Soft Max Capacity: 512M(100%)
[185.276s][info][gc,heap     ] GC(80)                Mark Start          Mark End        Relocate Start      Relocate End           High               Low         
[185.276s][info][gc,heap     ] GC(80)  Capacity:      512M (100%)        512M (100%)        512M (100%)        512M (100%)        512M (100%)        512M (100%)   
[185.276s][info][gc,heap     ] GC(80)      Free:        0M (0%)            0M (0%)           54M (11%)           0M (0%)           70M (14%)           0M (0%)     
[185.276s][info][gc,heap     ] GC(80)      Used:      512M (100%)        512M (100%)        458M (89%)         512M (100%)        512M (100%)        442M (86%)    
[185.276s][info][gc,heap     ] GC(80)      Live:         -               362M (71%)         362M (71%)         362M (71%)            -                  -          
[185.276s][info][gc,heap     ] GC(80) Allocated:         -                 0M (0%)           16M (3%)          116M (23%)            -                  -          
[185.276s][info][gc,heap     ] GC(80)   Garbage:         -               149M (29%)          79M (16%)          33M (7%)             -                  -          
[185.276s][info][gc,heap     ] GC(80) Reclaimed:         -                  -                70M (14%)         116M (23%)            -                  -          
[185.276s][info][gc          ] GC(80) Garbage Collection (Allocation Stall) 512M(100%)->512M(100%)
[185.276s][info][gc,start    ] GC(81) Garbage Collection (Allocation Stall)
[185.276s][info][gc,ref      ] GC(81) Clearing All SoftReferences
[185.276s][info][gc,task     ] GC(81) Using 5 workers
[185.287s][info][gc,ref      ] GC(81) Clearing All SoftReferences
[185.287s][info][gc,phases   ] GC(81) Pause Mark Start 0.036ms
[185.287s][info][gc          ] Allocation Stall (Executor task launch worker for task 45.0 in stage 0.0 (TID 45)) 15.780ms
[185.287s][info][gc          ] Allocation Stall (Executor task launch worker for task 28.0 in stage 0.0 (TID 28)) 15.401ms
[185.287s][info][gc          ] Allocation Stall (Executor task launch worker for task 41.0 in stage 0.0 (TID 41)) 14.798ms
[185.287s][info][gc          ] Allocation Stall (Executor task launch worker for task 17.0 in stage 0.0 (TID 17)) 14.720ms
[185.287s][info][gc          ] Allocation Stall (Executor task launch worker for task 37.0 in stage 0.0 (TID 37)) 14.471ms
[185.287s][info][gc          ] Allocation Stall (Executor task launch worker for task 30.0 in stage 0.0 (TID 30)) 15.707ms
[185.287s][info][gc          ] Allocation Stall (Executor task launch worker for task 19.0 in stage 0.0 (TID 19)) 14.430ms
[185.287s][info][gc          ] Allocation Stall (Executor task launch worker for task 42.0 in stage 0.0 (TID 42)) 14.034ms
[185.287s][info][gc          ] Allocation Stall (Executor task launch worker for task 14.0 in stage 0.0 (TID 14)) 14.415ms
[185.287s][info][gc          ] Allocation Stall (Executor task launch worker for task 11.0 in stage 0.0 (TID 11)) 14.290ms
[185.287s][info][gc          ] Allocation Stall (Executor task launch worker for task 21.0 in stage 0.0 (TID 21)) 14.437ms
[185.287s][info][gc          ] Allocation Stall (Executor task launch worker for task 31.0 in stage 0.0 (TID 31)) 14.167ms
[185.287s][info][gc          ] Allocation Stall (Executor task launch worker for task 12.0 in stage 0.0 (TID 12)) 14.114ms
[185.287s][info][gc          ] Allocation Stall (Executor task launch worker for task 46.0 in stage 0.0 (TID 46)) 14.141ms
[185.287s][info][gc          ] Allocation Stall (Executor task launch worker for task 44.0 in stage 0.0 (TID 44)) 14.037ms
[185.287s][info][gc          ] Allocation Stall (Executor task launch worker for task 10.0 in stage 0.0 (TID 10)) 13.047ms
[185.287s][info][gc          ] Allocation Stall (Spark Context Cleaner) 13.767ms
[185.287s][info][gc          ] Allocation Stall (Executor task launch worker for task 1.0 in stage 0.0 (TID 1)) 11.922ms
[185.287s][info][gc          ] Allocation Stall (Executor task launch worker for task 25.0 in stage 0.0 (TID 25)) 11.935ms
[185.287s][info][gc          ] Allocation Stall (Executor task launch worker for task 2.0 in stage 0.0 (TID 2)) 11.756ms
[185.287s][info][gc          ] Allocation Stall (Executor task launch worker for task 9.0 in stage 0.0 (TID 9)) 11.472ms
[185.287s][info][gc          ] Allocation Stall (Executor task launch worker for task 27.0 in stage 0.0 (TID 27)) 0.349ms
[185.287s][info][gc          ] Allocation Stall (Executor task launch worker for task 18.0 in stage 0.0 (TID 18)) 0.382ms
[185.287s][info][gc          ] Allocation Stall (Executor task launch worker for task 36.0 in stage 0.0 (TID 36)) 0.464ms
[185.287s][info][gc          ] Allocation Stall (Executor task launch worker for task 23.0 in stage 0.0 (TID 23)) 0.499ms
[185.287s][info][gc          ] Allocation Stall (Executor task launch worker for task 16.0 in stage 0.0 (TID 16)) 0.551ms
[185.287s][info][gc          ] Allocation Stall (Executor task launch worker for task 22.0 in stage 0.0 (TID 22)) 0.580ms
[185.287s][info][gc          ] Allocation Stall (Executor task launch worker for task 3.0 in stage 0.0 (TID 3)) 0.612ms
[185.288s][info][gc          ] Allocation Stall (Executor task launch worker for task 32.0 in stage 0.0 (TID 32)) 0.648ms
[185.288s][info][gc          ] Allocation Stall (Executor task launch worker for task 5.0 in stage 0.0 (TID 5)) 0.724ms
[185.288s][info][gc          ] Allocation Stall (Executor task launch worker for task 26.0 in stage 0.0 (TID 26)) 0.781ms
[185.288s][info][gc          ] Allocation Stall (Executor task launch worker for task 7.0 in stage 0.0 (TID 7)) 0.813ms
[185.288s][info][gc          ] Allocation Stall (Executor task launch worker for task 38.0 in stage 0.0 (TID 38)) 0.853ms
[185.288s][info][gc          ] Allocation Stall (Executor task launch worker for task 8.0 in stage 0.0 (TID 8)) 0.819ms
[185.349s][info][gc,phases   ] GC(81) Concurrent Mark 62.350ms
[185.349s][info][gc,phases   ] GC(81) Pause Mark End 0.019ms
[185.349s][info][gc,phases   ] GC(81) Concurrent Mark Free 0.001ms
[185.351s][info][gc,phases   ] GC(81) Concurrent Process Non-Strong References 1.865ms
[185.351s][info][gc,phases   ] GC(81) Concurrent Reset Relocation Set 0.003ms
[185.354s][info][gc          ] Allocation Stall (Executor task launch worker for task 21.0 in stage 0.0 (TID 21)) 49.860ms
[185.354s][info][gc          ] Allocation Stall (Executor task launch worker for task 11.0 in stage 0.0 (TID 11)) 50.096ms
[185.354s][info][gc          ] Allocation Stall (Executor task launch worker for task 26.0 in stage 0.0 (TID 26)) 49.919ms
[185.354s][info][gc          ] Allocation Stall (Executor task launch worker for task 22.0 in stage 0.0 (TID 22)) 50.404ms
[185.354s][info][gc          ] Allocation Stall (Executor task launch worker for task 42.0 in stage 0.0 (TID 42)) 50.489ms
[185.354s][info][gc          ] Allocation Stall (Executor task launch worker for task 25.0 in stage 0.0 (TID 25)) 52.244ms
[185.354s][info][gc          ] Allocation Stall (Executor task launch worker for task 18.0 in stage 0.0 (TID 18)) 50.068ms
[185.354s][info][gc          ] Allocation Stall (Executor task launch worker for task 3.0 in stage 0.0 (TID 3)) 50.513ms
[185.354s][info][gc          ] Allocation Stall (Executor task launch worker for task 19.0 in stage 0.0 (TID 19)) 49.973ms
[185.354s][info][gc          ] Allocation Stall (Executor task launch worker for task 37.0 in stage 0.0 (TID 37)) 51.122ms
[185.354s][info][gc          ] Allocation Stall (Executor task launch worker for task 46.0 in stage 0.0 (TID 46)) 52.193ms
[185.354s][info][gc          ] Allocation Stall (Executor task launch worker for task 27.0 in stage 0.0 (TID 27)) 51.633ms
[185.354s][info][gc          ] Allocation Stall (Executor task launch worker for task 2.0 in stage 0.0 (TID 2)) 50.708ms
[185.354s][info][gc          ] Allocation Stall (Executor task launch worker for task 28.0 in stage 0.0 (TID 28)) 49.968ms
[185.354s][info][gc          ] Allocation Stall (Executor task launch worker for task 44.0 in stage 0.0 (TID 44)) 50.971ms
[185.354s][info][gc          ] Allocation Stall (Executor task launch worker for task 39.0 in stage 0.0 (TID 39)) 50.898ms
[185.354s][info][gc          ] Allocation Stall (Executor task launch worker for task 30.0 in stage 0.0 (TID 30)) 50.379ms
[185.354s][info][gc,phases   ] GC(81) Concurrent Select Relocation Set 2.476ms
[185.354s][info][gc          ] Allocation Stall (Executor task launch worker for task 33.0 in stage 0.0 (TID 33)) 50.011ms
[185.354s][info][gc          ] Allocation Stall (Executor task launch worker for task 36.0 in stage 0.0 (TID 36)) 49.991ms
[185.354s][info][gc          ] Allocation Stall (Executor task launch worker for task 23.0 in stage 0.0 (TID 23)) 49.864ms
[185.354s][info][gc          ] Allocation Stall (Executor task launch worker for task 16.0 in stage 0.0 (TID 16)) 49.915ms
[185.354s][info][gc          ] Allocation Stall (Executor task launch worker for task 38.0 in stage 0.0 (TID 38)) 49.977ms
[185.354s][info][gc          ] Allocation Stall (Executor task launch worker for task 17.0 in stage 0.0 (TID 17)) 50.098ms
[185.354s][info][gc          ] Allocation Stall (Executor task launch worker for task 14.0 in stage 0.0 (TID 14)) 50.096ms
[185.354s][info][gc          ] Allocation Stall (Executor task launch worker for task 4.0 in stage 0.0 (TID 4)) 50.121ms
[185.355s][info][gc          ] Allocation Stall (Executor task launch worker for task 12.0 in stage 0.0 (TID 12)) 50.202ms
[185.355s][info][gc          ] Allocation Stall (Executor task launch worker for task 31.0 in stage 0.0 (TID 31)) 50.156ms
[185.365s][info][gc,phases   ] GC(81) Pause Relocate Start 0.011ms
[185.365s][info][gc          ] Allocation Stall (Executor task launch worker for task 1.0 in stage 0.0 (TID 1)) 60.504ms
[185.365s][info][gc          ] Allocation Stall (Executor task launch worker for task 10.0 in stage 0.0 (TID 10)) 60.463ms
[185.365s][info][gc          ] Allocation Stall (Executor task launch worker for task 9.0 in stage 0.0 (TID 9)) 60.476ms
[185.365s][info][gc          ] Allocation Stall (Executor task launch worker for task 7.0 in stage 0.0 (TID 7)) 60.210ms
[185.365s][info][gc          ] Allocation Stall (C1 CompilerThread2) 55.578ms
[185.365s][info][gc          ] Allocation Stall (Executor task launch worker for task 41.0 in stage 0.0 (TID 41)) 60.474ms
[185.365s][info][gc          ] Allocation Stall (Executor task launch worker for task 45.0 in stage 0.0 (TID 45)) 60.338ms
[185.365s][info][gc          ] Allocation Stall (Executor task launch worker for task 5.0 in stage 0.0 (TID 5)) 60.191ms
[185.365s][info][gc          ] Allocation Stall (Executor task launch worker for task 32.0 in stage 0.0 (TID 32)) 60.141ms
[185.365s][info][gc          ] Allocation Stall (Executor task launch worker for task 40.0 in stage 0.0 (TID 40)) 54.801ms
[185.365s][info][gc          ] Allocation Stall (Executor task launch worker for task 34.0 in stage 0.0 (TID 34)) 55.877ms
[185.372s][info][gc          ] Allocation Stall (Executor task launch worker for task 33.0 in stage 0.0 (TID 33)) 5.934ms
[185.372s][info][gc          ] Allocation Stall (Executor task launch worker for task 41.0 in stage 0.0 (TID 41)) 5.068ms
[185.372s][info][gc          ] Allocation Stall (Executor task launch worker for task 12.0 in stage 0.0 (TID 12)) 3.267ms
[185.372s][info][gc          ] Allocation Stall (Executor task launch worker for task 11.0 in stage 0.0 (TID 11)) 3.277ms
[185.372s][info][gc          ] Allocation Stall (Executor task launch worker for task 22.0 in stage 0.0 (TID 22)) 3.313ms
[185.373s][info][gc          ] Allocation Stall (Executor task launch worker for task 31.0 in stage 0.0 (TID 31)) 3.361ms
[185.373s][info][gc          ] Allocation Stall (Executor task launch worker for task 19.0 in stage 0.0 (TID 19)) 3.277ms
[185.373s][info][gc          ] Allocation Stall (Executor task launch worker for task 5.0 in stage 0.0 (TID 5)) 3.199ms
[185.373s][info][gc          ] Allocation Stall (Executor task launch worker for task 45.0 in stage 0.0 (TID 45)) 3.198ms
[185.373s][info][gc          ] Allocation Stall (Executor task launch worker for task 32.0 in stage 0.0 (TID 32)) 3.143ms
[185.375s][info][gc          ] Allocation Stall (Executor task launch worker for task 3.0 in stage 0.0 (TID 3)) 5.465ms
[185.375s][info][gc          ] Allocation Stall (Executor task launch worker for task 30.0 in stage 0.0 (TID 30)) 5.560ms
[185.375s][info][gc          ] Allocation Stall (Executor task launch worker for task 14.0 in stage 0.0 (TID 14)) 5.631ms
[185.375s][info][gc          ] Allocation Stall (Executor task launch worker for task 4.0 in stage 0.0 (TID 4)) 5.643ms
[185.375s][info][gc          ] Allocation Stall (Executor task launch worker for task 1.0 in stage 0.0 (TID 1)) 5.612ms
[185.375s][info][gc          ] Allocation Stall (Executor task launch worker for task 39.0 in stage 0.0 (TID 39)) 5.647ms
[185.375s][info][gc          ] Allocation Stall (Executor task launch worker for task 16.0 in stage 0.0 (TID 16)) 5.659ms
[185.375s][info][gc          ] Allocation Stall (Executor task launch worker for task 42.0 in stage 0.0 (TID 42)) 5.640ms
[185.376s][info][gc          ] Allocation Stall (Executor task launch worker for task 46.0 in stage 0.0 (TID 46)) 5.323ms
[185.376s][info][gc          ] Allocation Stall (Executor task launch worker for task 44.0 in stage 0.0 (TID 44)) 5.386ms
[185.376s][info][gc          ] Allocation Stall (Executor task launch worker for task 2.0 in stage 0.0 (TID 2)) 5.391ms
[185.376s][info][gc          ] Allocation Stall (Executor task launch worker for task 38.0 in stage 0.0 (TID 38)) 5.340ms
[185.376s][info][gc          ] Allocation Stall (Executor task launch worker for task 25.0 in stage 0.0 (TID 25)) 5.374ms
[185.376s][info][gc          ] Allocation Stall (Executor task launch worker for task 27.0 in stage 0.0 (TID 27)) 5.318ms
[185.376s][info][gc          ] Allocation Stall (Executor task launch worker for task 9.0 in stage 0.0 (TID 9)) 5.432ms
[185.376s][info][gc          ] Allocation Stall (Executor task launch worker for task 17.0 in stage 0.0 (TID 17)) 5.404ms
[185.376s][info][gc          ] Allocation Stall (Executor task launch worker for task 28.0 in stage 0.0 (TID 28)) 5.427ms
[185.376s][info][gc          ] Allocation Stall (Executor task launch worker for task 18.0 in stage 0.0 (TID 18)) 5.525ms
[185.397s][info][gc          ] Relocation Stall (Executor task launch worker for task 10.0 in stage 0.0 (TID 10)) 29.423ms
[185.397s][info][gc          ] Relocation Stall (Executor task launch worker for task 7.0 in stage 0.0 (TID 7)) 30.723ms
[185.397s][info][gc          ] Relocation Stall (Executor task launch worker for task 21.0 in stage 0.0 (TID 21)) 31.328ms
[185.398s][info][gc          ] Allocation Stall (Executor task launch worker for task 4.0 in stage 0.0 (TID 4)) 8.905ms
[185.398s][info][gc          ] Allocation Stall (Executor task launch worker for task 5.0 in stage 0.0 (TID 5)) 9.610ms
[185.398s][info][gc          ] Allocation Stall (Executor task launch worker for task 44.0 in stage 0.0 (TID 44)) 8.764ms
[185.398s][info][gc          ] Allocation Stall (Executor task launch worker for task 41.0 in stage 0.0 (TID 41)) 9.737ms
[185.398s][info][gc          ] Allocation Stall (Executor task launch worker for task 46.0 in stage 0.0 (TID 46)) 8.729ms
[185.398s][info][gc          ] Allocation Stall (Executor task launch worker for task 1.0 in stage 0.0 (TID 1)) 9.333ms
[185.398s][info][gc          ] Allocation Stall (Executor task launch worker for task 17.0 in stage 0.0 (TID 17)) 8.642ms
[185.398s][info][gc          ] Allocation Stall (Executor task launch worker for task 30.0 in stage 0.0 (TID 30)) 8.623ms
[185.398s][info][gc,phases   ] GC(81) Concurrent Relocate 32.563ms
[185.398s][info][gc,load     ] GC(81) Load: 0.00/0.00/0.00
[185.398s][info][gc,mmu      ] GC(81) MMU: 2ms/95.7%, 5ms/98.3%, 10ms/99.1%, 20ms/99.5%, 50ms/99.8%, 100ms/99.8%
[185.398s][info][gc,marking  ] GC(81) Mark: 4 stripe(s), 2 proactive flush(es), 1 terminate flush(es), 0 completion(s), 0 continuation(s) 
[185.398s][info][gc,marking  ] GC(81) Mark Stack Usage: 32M
[185.398s][info][gc,nmethod  ] GC(81) NMethods: 2383 registered, 25 unregistered
[185.398s][info][gc,metaspace] GC(81) Metaspace: 108M used, 116M committed, 1152M reserved
[185.398s][info][gc,ref      ] GC(81) Soft: 2804 encountered, 2182 discovered, 0 enqueued
[185.398s][info][gc,ref      ] GC(81) Weak: 12998 encountered, 4171 discovered, 1 enqueued
[185.398s][info][gc,ref      ] GC(81) Final: 40 encountered, 0 discovered, 0 enqueued
[185.398s][info][gc,ref      ] GC(81) Phantom: 750 encountered, 486 discovered, 0 enqueued
[185.398s][info][gc,reloc    ] GC(81) Small Pages: 66 / 132M, Empty: 20M, Relocated: 3M, In-Place: 1
[185.398s][info][gc,reloc    ] GC(81) Medium Pages: 3 / 48M, Empty: 0M, Relocated: 11M, In-Place: 1
[185.398s][info][gc,reloc    ] GC(81) Large Pages: 53 / 304M, Empty: 16M, Relocated: 0M, In-Place: 0
[185.398s][info][gc,reloc    ] GC(81) Forwarding Usage: 0M
[185.398s][info][gc,heap     ] GC(81) Min Capacity: 8M(2%)
[185.398s][info][gc,heap     ] GC(81) Max Capacity: 512M(100%)
[185.398s][info][gc,heap     ] GC(81) Soft Max Capacity: 512M(100%)
[185.398s][info][gc,heap     ] GC(81)                Mark Start          Mark End        Relocate Start      Relocate End           High               Low         
[185.398s][info][gc,heap     ] GC(81)  Capacity:      512M (100%)        512M (100%)        512M (100%)        512M (100%)        512M (100%)        512M (100%)   
[185.398s][info][gc,heap     ] GC(81)      Free:        0M (0%)            0M (0%)            2M (0%)            0M (0%)           36M (7%)            0M (0%)     
[185.398s][info][gc,heap     ] GC(81)      Used:      512M (100%)        512M (100%)        510M (100%)        512M (100%)        512M (100%)        476M (93%)    
[185.398s][info][gc,heap     ] GC(81)      Live:         -               364M (71%)         364M (71%)         364M (71%)            -                  -          
[185.398s][info][gc,heap     ] GC(81) Allocated:         -                 0M (0%)           34M (7%)           87M (17%)            -                  -          
[185.398s][info][gc,heap     ] GC(81)   Garbage:         -               147M (29%)         111M (22%)          60M (12%)            -                  -          
[185.398s][info][gc,heap     ] GC(81) Reclaimed:         -                  -                36M (7%)           87M (17%)            -                  -          
[185.398s][info][gc          ] GC(81) Garbage Collection (Allocation Stall) 512M(100%)->512M(100%)
[185.398s][info][gc,start    ] GC(82) Garbage Collection (Allocation Stall)
[185.398s][info][gc,ref      ] GC(82) Clearing All SoftReferences
[185.398s][info][gc,task     ] GC(82) Using 5 workers
[185.412s][info][gc,ref      ] GC(82) Clearing All SoftReferences
[185.412s][info][gc,phases   ] GC(82) Pause Mark Start 0.059ms
[185.412s][info][gc          ] Allocation Stall (Executor task launch worker for task 25.0 in stage 0.0 (TID 25)) 21.998ms
[185.412s][info][gc          ] Allocation Stall (Executor task launch worker for task 42.0 in stage 0.0 (TID 42)) 22.853ms
[185.412s][info][gc          ] Allocation Stall (Executor task launch worker for task 9.0 in stage 0.0 (TID 9)) 21.783ms
[185.412s][info][gc          ] Allocation Stall (Executor task launch worker for task 18.0 in stage 0.0 (TID 18)) 21.731ms
[185.412s][info][gc          ] Allocation Stall (Executor task launch worker for task 22.0 in stage 0.0 (TID 22)) 22.234ms
[185.412s][info][gc          ] Allocation Stall (Executor task launch worker for task 37.0 in stage 0.0 (TID 37)) 21.254ms
[185.412s][info][gc          ] Allocation Stall (Executor task launch worker for task 11.0 in stage 0.0 (TID 11)) 22.786ms
[185.412s][info][gc          ] Allocation Stall (Executor task launch worker for task 27.0 in stage 0.0 (TID 27)) 21.018ms
[185.412s][info][gc          ] Allocation Stall (Executor task launch worker for task 38.0 in stage 0.0 (TID 38)) 20.935ms
[185.412s][info][gc          ] Allocation Stall (Executor task launch worker for task 28.0 in stage 0.0 (TID 28)) 20.893ms
[185.412s][info][gc          ] Allocation Stall (Executor task launch worker for task 16.0 in stage 0.0 (TID 16)) 20.836ms
[185.412s][info][gc          ] Allocation Stall (Executor task launch worker for task 12.0 in stage 0.0 (TID 12)) 20.867ms
[185.412s][info][gc          ] Allocation Stall (Executor task launch worker for task 2.0 in stage 0.0 (TID 2)) 20.723ms
[185.412s][info][gc          ] Allocation Stall (Executor task launch worker for task 14.0 in stage 0.0 (TID 14)) 19.901ms
[185.412s][info][gc          ] Allocation Stall (Executor task launch worker for task 33.0 in stage 0.0 (TID 33)) 19.947ms
[185.412s][info][gc          ] Allocation Stall (Executor task launch worker for task 45.0 in stage 0.0 (TID 45)) 19.973ms
[185.413s][info][gc          ] Allocation Stall (Executor task launch worker for task 23.0 in stage 0.0 (TID 23)) 19.905ms
[185.413s][info][gc          ] Allocation Stall (C1 CompilerThread3) 19.915ms
[185.413s][info][gc          ] Allocation Stall (Executor task launch worker for task 31.0 in stage 0.0 (TID 31)) 19.878ms
[185.413s][info][gc          ] Allocation Stall (Executor task launch worker for task 19.0 in stage 0.0 (TID 19)) 19.781ms
[185.413s][info][gc          ] Allocation Stall (Executor task launch worker for task 32.0 in stage 0.0 (TID 32)) 19.692ms
[185.413s][info][gc          ] Allocation Stall (Executor task launch worker for task 3.0 in stage 0.0 (TID 3)) 19.778ms
[185.413s][info][gc          ] Allocation Stall (Executor task launch worker for task 40.0 in stage 0.0 (TID 40)) 17.820ms
[185.413s][info][gc          ] Allocation Stall (Executor task launch worker for task 21.0 in stage 0.0 (TID 21)) 15.155ms
[185.413s][info][gc          ] Allocation Stall (Executor task launch worker for task 10.0 in stage 0.0 (TID 10)) 14.732ms
[185.413s][info][gc          ] Allocation Stall (Executor task launch worker for task 41.0 in stage 0.0 (TID 41)) 1.265ms
[185.413s][info][gc          ] Allocation Stall (Executor task launch worker for task 5.0 in stage 0.0 (TID 5)) 1.313ms
[185.413s][info][gc          ] Allocation Stall (Executor task launch worker for task 44.0 in stage 0.0 (TID 44)) 1.368ms
[185.413s][info][gc          ] Allocation Stall (Executor task launch worker for task 30.0 in stage 0.0 (TID 30)) 1.419ms
[185.413s][info][gc          ] Allocation Stall (Executor task launch worker for task 7.0 in stage 0.0 (TID 7)) 1.470ms
[185.414s][info][gc          ] Allocation Stall (Executor task launch worker for task 36.0 in stage 0.0 (TID 36)) 1.494ms
[185.459s][info][gc,phases   ] GC(82) Concurrent Mark 46.656ms
[185.459s][info][gc,phases   ] GC(82) Pause Mark End 0.019ms
[185.459s][info][gc,phases   ] GC(82) Concurrent Mark Free 0.001ms
[185.460s][info][gc,phases   ] GC(82) Concurrent Process Non-Strong References 1.598ms
[185.460s][info][gc,phases   ] GC(82) Concurrent Reset Relocation Set 0.005ms
[185.463s][info][gc          ] Allocation Stall (Executor task launch worker for task 28.0 in stage 0.0 (TID 28)) 41.432ms
[185.463s][info][gc          ] Allocation Stall (Executor task launch worker for task 32.0 in stage 0.0 (TID 32)) 41.563ms
[185.463s][info][gc          ] Allocation Stall (Executor task launch worker for task 10.0 in stage 0.0 (TID 10)) 41.093ms
[185.463s][info][gc          ] Allocation Stall (Executor task launch worker for task 44.0 in stage 0.0 (TID 44)) 41.071ms
[185.463s][info][gc          ] Allocation Stall (Executor task launch worker for task 31.0 in stage 0.0 (TID 31)) 41.291ms
[185.463s][info][gc          ] Allocation Stall (Executor task launch worker for task 42.0 in stage 0.0 (TID 42)) 40.992ms
[185.463s][info][gc          ] Allocation Stall (Executor task launch worker for task 19.0 in stage 0.0 (TID 19)) 41.109ms
[185.463s][info][gc          ] Allocation Stall (Executor task launch worker for task 41.0 in stage 0.0 (TID 41)) 42.183ms
[185.463s][info][gc          ] Allocation Stall (Executor task launch worker for task 17.0 in stage 0.0 (TID 17)) 43.130ms
[185.463s][info][gc          ] Allocation Stall (Executor task launch worker for task 9.0 in stage 0.0 (TID 9)) 43.594ms
[185.463s][info][gc          ] Allocation Stall (Executor task launch worker for task 4.0 in stage 0.0 (TID 4)) 40.903ms
[185.463s][info][gc          ] Allocation Stall (Executor task launch worker for task 45.0 in stage 0.0 (TID 45)) 42.573ms
[185.463s][info][gc          ] Allocation Stall (Executor task launch worker for task 27.0 in stage 0.0 (TID 27)) 42.305ms
[185.463s][info][gc          ] Allocation Stall (Executor task launch worker for task 11.0 in stage 0.0 (TID 11)) 43.917ms
[185.463s][info][gc          ] Allocation Stall (Executor task launch worker for task 46.0 in stage 0.0 (TID 46)) 51.030ms
[185.463s][info][gc          ] Allocation Stall (Executor task launch worker for task 39.0 in stage 0.0 (TID 39)) 51.451ms
[185.463s][info][gc          ] Allocation Stall (Executor task launch worker for task 12.0 in stage 0.0 (TID 12)) 44.372ms
[185.463s][info][gc          ] Allocation Stall (Executor task launch worker for task 33.0 in stage 0.0 (TID 33)) 42.222ms
[185.464s][info][gc          ] Allocation Stall (Executor task launch worker for task 14.0 in stage 0.0 (TID 14)) 42.304ms
[185.464s][info][gc          ] Allocation Stall (Executor task launch worker for task 30.0 in stage 0.0 (TID 30)) 42.285ms
[185.464s][info][gc          ] Allocation Stall (Executor task launch worker for task 2.0 in stage 0.0 (TID 2)) 42.180ms
[185.464s][info][gc          ] Allocation Stall (Executor task launch worker for task 38.0 in stage 0.0 (TID 38)) 42.340ms
[185.464s][info][gc          ] Allocation Stall (Executor task launch worker for task 23.0 in stage 0.0 (TID 23)) 41.970ms
[185.464s][info][gc,phases   ] GC(82) Concurrent Select Relocation Set 3.078ms
[185.464s][info][gc          ] Allocation Stall (Executor task launch worker for task 7.0 in stage 0.0 (TID 7)) 43.638ms
[185.464s][info][gc          ] Allocation Stall (Executor task launch worker for task 16.0 in stage 0.0 (TID 16)) 42.406ms
[185.464s][info][gc          ] Allocation Stall (Executor task launch worker for task 22.0 in stage 0.0 (TID 22)) 41.690ms
[185.464s][info][gc          ] Allocation Stall (Executor task launch worker for task 37.0 in stage 0.0 (TID 37)) 41.574ms
[185.464s][info][gc          ] Allocation Stall (Executor task launch worker for task 25.0 in stage 0.0 (TID 25)) 41.112ms
[185.464s][info][gc          ] Allocation Stall (Executor task launch worker for task 18.0 in stage 0.0 (TID 18)) 41.138ms
[185.464s][info][gc          ] Allocation Stall (Executor task launch worker for task 1.0 in stage 0.0 (TID 1)) 41.095ms
[185.464s][info][gc          ] Allocation Stall (Executor task launch worker for task 21.0 in stage 0.0 (TID 21)) 40.964ms
[185.464s][info][gc          ] Allocation Stall (Executor task launch worker for task 5.0 in stage 0.0 (TID 5)) 40.898ms
[185.464s][info][gc          ] Allocation Stall (Executor task launch worker for task 3.0 in stage 0.0 (TID 3)) 40.882ms
[185.464s][info][gc          ] Allocation Stall (C1 CompilerThread0) 40.699ms
[185.464s][info][gc          ] Allocation Stall (C1 CompilerThread2) 39.727ms
[185.464s][info][gc          ] Allocation Stall (Executor task launch worker for task 26.0 in stage 0.0 (TID 26)) 37.298ms
[185.464s][info][gc          ] Allocation Stall (Executor task launch worker for task 34.0 in stage 0.0 (TID 34)) 36.539ms
[185.464s][info][gc          ] Allocation Stall (Executor task launch worker for task 40.0 in stage 0.0 (TID 40)) 30.141ms
[185.464s][info][gc          ] Allocation Stall (Executor task launch worker for task 39.0 in stage 0.0 (TID 39)) 0.138ms
[185.474s][info][gc,phases   ] GC(82) Pause Relocate Start 0.009ms
[185.516s][info][gc          ] Allocation Stall (Executor task launch worker for task 30.0 in stage 0.0 (TID 30)) 1.812ms
[185.516s][info][gc          ] Allocation Stall (Executor task launch worker for task 25.0 in stage 0.0 (TID 25)) 1.548ms
[185.516s][info][gc          ] Allocation Stall (Executor task launch worker for task 22.0 in stage 0.0 (TID 22)) 1.456ms
[185.516s][info][gc          ] Allocation Stall (Executor task launch worker for task 9.0 in stage 0.0 (TID 9)) 1.238ms
[185.516s][info][gc          ] Allocation Stall (Executor task launch worker for task 14.0 in stage 0.0 (TID 14)) 1.256ms
[185.516s][info][gc          ] Allocation Stall (Executor task launch worker for task 17.0 in stage 0.0 (TID 17)) 1.274ms
[185.516s][info][gc          ] Allocation Stall (Executor task launch worker for task 38.0 in stage 0.0 (TID 38)) 1.300ms
[185.516s][info][gc          ] Allocation Stall (Executor task launch worker for task 12.0 in stage 0.0 (TID 12)) 1.289ms
[185.516s][info][gc          ] Allocation Stall (Executor task launch worker for task 45.0 in stage 0.0 (TID 45)) 1.302ms
[185.516s][info][gc          ] Allocation Stall (Executor task launch worker for task 4.0 in stage 0.0 (TID 4)) 1.275ms
[185.516s][info][gc          ] Allocation Stall (Executor task launch worker for task 42.0 in stage 0.0 (TID 42)) 1.253ms
[185.516s][info][gc          ] Allocation Stall (Executor task launch worker for task 44.0 in stage 0.0 (TID 44)) 1.259ms
[185.516s][info][gc          ] Allocation Stall (Executor task launch worker for task 33.0 in stage 0.0 (TID 33)) 1.193ms
[185.516s][info][gc          ] Allocation Stall (Executor task launch worker for task 7.0 in stage 0.0 (TID 7)) 1.178ms
[185.516s][info][gc          ] Allocation Stall (Executor task launch worker for task 23.0 in stage 0.0 (TID 23)) 1.175ms
[185.516s][info][gc          ] Allocation Stall (Executor task launch worker for task 32.0 in stage 0.0 (TID 32)) 1.231ms
[185.516s][info][gc          ] Allocation Stall (Executor task launch worker for task 21.0 in stage 0.0 (TID 21)) 1.134ms
[185.518s][info][gc,phases   ] GC(82) Concurrent Relocate 44.161ms
[185.519s][info][gc,load     ] GC(82) Load: 0.00/0.00/0.00
[185.519s][info][gc,mmu      ] GC(82) MMU: 2ms/95.7%, 5ms/98.3%, 10ms/99.1%, 20ms/99.5%, 50ms/99.8%, 100ms/99.8%
[185.519s][info][gc,marking  ] GC(82) Mark: 4 stripe(s), 2 proactive flush(es), 1 terminate flush(es), 0 completion(s), 0 continuation(s) 
[185.519s][info][gc,marking  ] GC(82) Mark Stack Usage: 32M
[185.519s][info][gc,nmethod  ] GC(82) NMethods: 2518 registered, 26 unregistered
[185.519s][info][gc,metaspace] GC(82) Metaspace: 108M used, 116M committed, 1152M reserved
[185.519s][info][gc,ref      ] GC(82) Soft: 2834 encountered, 2204 discovered, 33 enqueued
[185.519s][info][gc,ref      ] GC(82) Weak: 12997 encountered, 3130 discovered, 1 enqueued
[185.519s][info][gc,ref      ] GC(82) Final: 40 encountered, 0 discovered, 0 enqueued
[185.519s][info][gc,ref      ] GC(82) Phantom: 750 encountered, 505 discovered, 0 enqueued
[185.519s][info][gc,reloc    ] GC(82) Small Pages: 69 / 138M, Empty: 28M, Relocated: 4M, In-Place: 0
[185.519s][info][gc,reloc    ] GC(82) Medium Pages: 3 / 48M, Empty: 0M, Relocated: 10M, In-Place: 0
[185.519s][info][gc,reloc    ] GC(82) Large Pages: 57 / 312M, Empty: 40M, Relocated: 0M, In-Place: 0
[185.519s][info][gc,reloc    ] GC(82) Forwarding Usage: 0M
[185.519s][info][gc,heap     ] GC(82) Min Capacity: 8M(2%)
[185.519s][info][gc,heap     ] GC(82) Max Capacity: 512M(100%)
[185.519s][info][gc,heap     ] GC(82) Soft Max Capacity: 512M(100%)
[185.519s][info][gc,heap     ] GC(82)                Mark Start          Mark End        Relocate Start      Relocate End           High               Low         
[185.519s][info][gc,heap     ] GC(82)  Capacity:      512M (100%)        512M (100%)        512M (100%)        512M (100%)        512M (100%)        512M (100%)   
[185.519s][info][gc,heap     ] GC(82)      Free:        0M (0%)            0M (0%)           38M (7%)           24M (5%)           68M (13%)           0M (0%)     
[185.519s][info][gc,heap     ] GC(82)      Used:      512M (100%)        512M (100%)        474M (93%)         488M (95%)         512M (100%)        444M (87%)    
[185.519s][info][gc,heap     ] GC(82)      Live:         -               349M (68%)         349M (68%)         349M (68%)            -                  -          
[185.519s][info][gc,heap     ] GC(82) Allocated:         -                 0M (0%)           30M (6%)           91M (18%)            -                  -          
[185.519s][info][gc,heap     ] GC(82)   Garbage:         -               162M (32%)          94M (18%)          47M (9%)             -                  -          
[185.519s][info][gc,heap     ] GC(82) Reclaimed:         -                  -                68M (13%)         115M (23%)            -                  -          
[185.519s][info][gc          ] GC(82) Garbage Collection (Allocation Stall) 512M(100%)->488M(95%)
[185.526s][info][gc,start    ] GC(83) Garbage Collection (Allocation Stall)
[185.526s][info][gc,ref      ] GC(83) Clearing All SoftReferences
[185.526s][info][gc,task     ] GC(83) Using 5 workers
[185.527s][info][gc,ref      ] GC(83) Clearing All SoftReferences
[185.527s][info][gc,phases   ] GC(83) Pause Mark Start 0.046ms
[185.527s][info][gc          ] Allocation Stall (Executor task launch worker for task 7.0 in stage 0.0 (TID 7)) 1.080ms
[185.527s][info][gc          ] Allocation Stall (Executor task launch worker for task 30.0 in stage 0.0 (TID 30)) 1.212ms
[185.527s][info][gc          ] Allocation Stall (Executor task launch worker for task 23.0 in stage 0.0 (TID 23)) 0.044ms
[185.527s][info][gc          ] Allocation Stall (Executor task launch worker for task 46.0 in stage 0.0 (TID 46)) 0.046ms
[185.527s][info][gc          ] Allocation Stall (Executor task launch worker for task 26.0 in stage 0.0 (TID 26)) 0.068ms
[185.585s][info][gc,phases   ] GC(83) Concurrent Mark 58.365ms
[185.586s][info][gc,phases   ] GC(83) Pause Mark End 0.021ms
[185.586s][info][gc,phases   ] GC(83) Concurrent Mark Free 0.001ms
[185.603s][info][gc,phases   ] GC(83) Concurrent Process Non-Strong References 17.512ms
[185.603s][info][gc,phases   ] GC(83) Concurrent Reset Relocation Set 0.004ms
[185.606s][info][gc          ] Allocation Stall (Executor task launch worker for task 3.0 in stage 0.0 (TID 3)) 71.699ms
[185.606s][info][gc          ] Allocation Stall (Executor task launch worker for task 37.0 in stage 0.0 (TID 37)) 71.411ms
[185.606s][info][gc          ] Allocation Stall (Executor task launch worker for task 19.0 in stage 0.0 (TID 19)) 71.294ms
[185.606s][info][gc          ] Allocation Stall (Executor task launch worker for task 33.0 in stage 0.0 (TID 33)) 71.706ms
[185.606s][info][gc          ] Allocation Stall (Executor task launch worker for task 2.0 in stage 0.0 (TID 2)) 71.724ms
[185.606s][info][gc          ] Allocation Stall (Executor task launch worker for task 45.0 in stage 0.0 (TID 45)) 71.257ms
[185.606s][info][gc          ] Allocation Stall (Executor task launch worker for task 11.0 in stage 0.0 (TID 11)) 73.389ms
[185.606s][info][gc          ] Allocation Stall (Executor task launch worker for task 32.0 in stage 0.0 (TID 32)) 73.349ms
[185.606s][info][gc          ] Allocation Stall (Executor task launch worker for task 17.0 in stage 0.0 (TID 17)) 73.322ms
[185.606s][info][gc          ] Allocation Stall (Executor task launch worker for task 46.0 in stage 0.0 (TID 46)) 73.238ms
[185.606s][info][gc          ] Allocation Stall (Executor task launch worker for task 22.0 in stage 0.0 (TID 22)) 73.001ms
[185.606s][info][gc          ] Allocation Stall (Executor task launch worker for task 38.0 in stage 0.0 (TID 38)) 73.277ms
[185.606s][info][gc          ] Allocation Stall (Executor task launch worker for task 5.0 in stage 0.0 (TID 5)) 72.949ms
[185.606s][info][gc          ] Allocation Stall (Executor task launch worker for task 42.0 in stage 0.0 (TID 42)) 72.868ms
[185.606s][info][gc          ] Allocation Stall (Executor task launch worker for task 31.0 in stage 0.0 (TID 31)) 73.339ms
[185.606s][info][gc          ] Allocation Stall (Executor task launch worker for task 9.0 in stage 0.0 (TID 9)) 72.898ms
[185.606s][info][gc          ] Allocation Stall (Executor task launch worker for task 10.0 in stage 0.0 (TID 10)) 72.441ms
[185.606s][info][gc          ] Allocation Stall (Executor task launch worker for task 18.0 in stage 0.0 (TID 18)) 72.944ms
[185.606s][info][gc          ] Allocation Stall (Executor task launch worker for task 21.0 in stage 0.0 (TID 21)) 72.396ms
[185.606s][info][gc          ] Allocation Stall (Executor task launch worker for task 12.0 in stage 0.0 (TID 12)) 72.389ms
[185.606s][info][gc          ] Allocation Stall (Executor task launch worker for task 4.0 in stage 0.0 (TID 4)) 72.156ms
[185.606s][info][gc,phases   ] GC(83) Concurrent Select Relocation Set 2.482ms
[185.606s][info][gc          ] Allocation Stall (Executor task launch worker for task 44.0 in stage 0.0 (TID 44)) 72.036ms
[185.606s][info][gc          ] Allocation Stall (Executor task launch worker for task 41.0 in stage 0.0 (TID 41)) 71.886ms
[185.606s][info][gc          ] Allocation Stall (Executor task launch worker for task 1.0 in stage 0.0 (TID 1)) 72.016ms
[185.606s][info][gc          ] Allocation Stall (Executor task launch worker for task 7.0 in stage 0.0 (TID 7)) 71.485ms
[185.606s][info][gc          ] Allocation Stall (Executor task launch worker for task 30.0 in stage 0.0 (TID 30)) 71.465ms
[185.606s][info][gc          ] Allocation Stall (Executor task launch worker for task 25.0 in stage 0.0 (TID 25)) 71.454ms
[185.606s][info][gc          ] Allocation Stall (Executor task launch worker for task 16.0 in stage 0.0 (TID 16)) 71.277ms
[185.606s][info][gc          ] Allocation Stall (Executor task launch worker for task 23.0 in stage 0.0 (TID 23)) 71.298ms
[185.606s][info][gc          ] Allocation Stall (Executor task launch worker for task 27.0 in stage 0.0 (TID 27)) 71.304ms
[185.606s][info][gc          ] Allocation Stall (Executor task launch worker for task 14.0 in stage 0.0 (TID 14)) 71.035ms
[185.606s][info][gc          ] Allocation Stall (Executor task launch worker for task 28.0 in stage 0.0 (TID 28)) 67.813ms
[185.606s][info][gc          ] Allocation Stall (Executor task launch worker for task 36.0 in stage 0.0 (TID 36)) 50.563ms
[185.607s][info][gc          ] Allocation Stall (Executor task launch worker for task 39.0 in stage 0.0 (TID 39)) 50.281ms
[185.607s][info][gc          ] Allocation Stall (Executor task launch worker for task 26.0 in stage 0.0 (TID 26)) 47.772ms
[185.607s][info][gc          ] Allocation Stall (Executor task launch worker for task 13.0 in stage 0.0 (TID 13)) 47.706ms
[185.607s][info][gc          ] Allocation Stall (Executor task launch worker for task 29.0 in stage 0.0 (TID 29)) 47.617ms
[185.607s][info][gc          ] Allocation Stall (Executor task launch worker for task 35.0 in stage 0.0 (TID 35)) 47.559ms
[185.607s][info][gc,phases   ] GC(83) Pause Relocate Start 0.015ms
[185.607s][info][gc          ] Allocation Stall (Executor task launch worker for task 34.0 in stage 0.0 (TID 34)) 48.164ms
[185.607s][info][gc          ] Allocation Stall (Executor task launch worker for task 47.0 in stage 0.0 (TID 47)) 47.365ms
[185.607s][info][gc          ] Allocation Stall (Executor task launch worker for task 24.0 in stage 0.0 (TID 24)) 48.215ms
[185.607s][info][gc          ] Allocation Stall (Executor task launch worker for task 20.0 in stage 0.0 (TID 20)) 47.170ms
[185.607s][info][gc          ] Allocation Stall (Executor task launch worker for task 8.0 in stage 0.0 (TID 8)) 47.378ms
[185.607s][info][gc          ] Allocation Stall (Executor task launch worker for task 15.0 in stage 0.0 (TID 15)) 47.193ms
[185.607s][info][gc          ] Allocation Stall (Common-Cleaner) 3.969ms
[185.607s][info][gc          ] Allocation Stall (Executor task launch worker for task 43.0 in stage 0.0 (TID 43)) 48.228ms
[185.607s][info][gc          ] Allocation Stall (C1 CompilerThread4) 33.173ms
[185.607s][info][gc          ] Allocation Stall (Executor task launch worker for task 40.0 in stage 0.0 (TID 40)) 48.192ms
[185.607s][info][gc          ] Allocation Stall (Executor task launch worker for task 0.0 in stage 0.0 (TID 0)) 47.229ms
[185.608s][info][gc          ] Allocation Stall (Executor task launch worker for task 6.0 in stage 0.0 (TID 6)) 48.208ms
[185.630s][info][gc          ] Allocation Stall (Executor task launch worker for task 38.0 in stage 0.0 (TID 38)) 2.233ms
[185.630s][info][gc          ] Allocation Stall (Executor task launch worker for task 14.0 in stage 0.0 (TID 14)) 2.195ms
[185.630s][info][gc          ] Allocation Stall (Executor task launch worker for task 42.0 in stage 0.0 (TID 42)) 2.333ms
[185.630s][info][gc          ] Allocation Stall (Executor task launch worker for task 22.0 in stage 0.0 (TID 22)) 2.246ms
[185.630s][info][gc          ] Allocation Stall (Executor task launch worker for task 37.0 in stage 0.0 (TID 37)) 2.385ms
[185.630s][info][gc          ] Allocation Stall (Executor task launch worker for task 32.0 in stage 0.0 (TID 32)) 2.364ms
[185.630s][info][gc          ] Allocation Stall (Executor task launch worker for task 1.0 in stage 0.0 (TID 1)) 1.982ms
[185.630s][info][gc          ] Allocation Stall (Executor task launch worker for task 17.0 in stage 0.0 (TID 17)) 2.423ms
[185.631s][info][gc          ] Allocation Stall (Executor task launch worker for task 18.0 in stage 0.0 (TID 18)) 2.969ms
[185.632s][info][gc          ] Allocation Stall (Executor task launch worker for task 33.0 in stage 0.0 (TID 33)) 3.719ms
[185.632s][info][gc          ] Allocation Stall (Executor task launch worker for task 3.0 in stage 0.0 (TID 3)) 3.773ms
[185.633s][info][gc          ] Allocation Stall (Executor task launch worker for task 46.0 in stage 0.0 (TID 46)) 4.033ms
[185.633s][info][gc          ] Allocation Stall (Executor task launch worker for task 5.0 in stage 0.0 (TID 5)) 3.948ms
[185.633s][info][gc          ] Allocation Stall (Executor task launch worker for task 11.0 in stage 0.0 (TID 11)) 3.893ms
[185.633s][info][gc          ] Allocation Stall (Executor task launch worker for task 25.0 in stage 0.0 (TID 25)) 3.917ms
[185.633s][info][gc          ] Allocation Stall (Executor task launch worker for task 12.0 in stage 0.0 (TID 12)) 3.800ms
[185.633s][info][gc          ] Allocation Stall (Executor task launch worker for task 23.0 in stage 0.0 (TID 23)) 3.798ms
[185.633s][info][gc          ] Allocation Stall (Executor task launch worker for task 21.0 in stage 0.0 (TID 21)) 3.632ms
[185.633s][info][gc          ] Allocation Stall (Executor task launch worker for task 19.0 in stage 0.0 (TID 19)) 3.865ms
[185.633s][info][gc          ] Allocation Stall (Executor task launch worker for task 30.0 in stage 0.0 (TID 30)) 3.468ms
[185.633s][info][gc          ] Allocation Stall (Executor task launch worker for task 7.0 in stage 0.0 (TID 7)) 3.372ms
[185.633s][info][gc          ] Allocation Stall (Executor task launch worker for task 2.0 in stage 0.0 (TID 2)) 3.799ms
[185.633s][info][gc          ] Allocation Stall (Executor task launch worker for task 45.0 in stage 0.0 (TID 45)) 3.727ms
[185.633s][info][gc          ] Allocation Stall (Executor task launch worker for task 9.0 in stage 0.0 (TID 9)) 3.908ms
[185.633s][info][gc          ] Allocation Stall (Executor task launch worker for task 31.0 in stage 0.0 (TID 31)) 3.780ms
[185.633s][info][gc          ] Allocation Stall (Executor task launch worker for task 44.0 in stage 0.0 (TID 44)) 3.377ms
[185.633s][info][gc          ] Allocation Stall (Executor task launch worker for task 10.0 in stage 0.0 (TID 10)) 3.648ms
[185.633s][info][gc          ] Allocation Stall (Executor task launch worker for task 4.0 in stage 0.0 (TID 4)) 3.697ms
[185.633s][info][gc          ] Allocation Stall (Executor task launch worker for task 14.0 in stage 0.0 (TID 14)) 1.076ms
[185.633s][info][gc          ] Allocation Stall (Executor task launch worker for task 41.0 in stage 0.0 (TID 41)) 1.127ms
[185.638s][info][gc          ] Allocation Stall (Executor task launch worker for task 38.0 in stage 0.0 (TID 38)) 1.032ms
[185.638s][info][gc          ] Allocation Stall (Executor task launch worker for task 46.0 in stage 0.0 (TID 46)) 0.841ms
[185.638s][info][gc          ] Allocation Stall (Executor task launch worker for task 5.0 in stage 0.0 (TID 5)) 0.841ms
[185.638s][info][gc          ] Allocation Stall (Executor task launch worker for task 4.0 in stage 0.0 (TID 4)) 0.795ms
[185.639s][info][gc          ] Allocation Stall (Executor task launch worker for task 44.0 in stage 0.0 (TID 44)) 1.945ms
[185.639s][info][gc          ] Allocation Stall (Executor task launch worker for task 12.0 in stage 0.0 (TID 12)) 1.994ms
[185.653s][info][gc,phases   ] GC(83) Concurrent Relocate 45.365ms
[185.653s][info][gc,load     ] GC(83) Load: 0.00/0.00/0.00
[185.653s][info][gc,mmu      ] GC(83) MMU: 2ms/95.7%, 5ms/98.3%, 10ms/99.1%, 20ms/99.5%, 50ms/99.8%, 100ms/99.8%
[185.653s][info][gc,marking  ] GC(83) Mark: 4 stripe(s), 2 proactive flush(es), 1 terminate flush(es), 0 completion(s), 0 continuation(s) 
[185.653s][info][gc,marking  ] GC(83) Mark Stack Usage: 32M
[185.653s][info][gc,nmethod  ] GC(83) NMethods: 2808 registered, 33 unregistered
[185.653s][info][gc,metaspace] GC(83) Metaspace: 108M used, 116M committed, 1152M reserved
[185.653s][info][gc,ref      ] GC(83) Soft: 2810 encountered, 928 discovered, 8 enqueued
[185.653s][info][gc,ref      ] GC(83) Weak: 13023 encountered, 2150 discovered, 27 enqueued
[185.653s][info][gc,ref      ] GC(83) Final: 40 encountered, 0 discovered, 0 enqueued
[185.653s][info][gc,ref      ] GC(83) Phantom: 765 encountered, 502 discovered, 15 enqueued
[185.653s][info][gc,reloc    ] GC(83) Small Pages: 83 / 166M, Empty: 36M, Relocated: 4M, In-Place: 0
[185.653s][info][gc,reloc    ] GC(83) Medium Pages: 3 / 48M, Empty: 0M, Relocated: 12M, In-Place: 1
[185.653s][info][gc,reloc    ] GC(83) Large Pages: 54 / 284M, Empty: 12M, Relocated: 0M, In-Place: 0
[185.653s][info][gc,reloc    ] GC(83) Forwarding Usage: 0M
[185.653s][info][gc,heap     ] GC(83) Min Capacity: 8M(2%)
[185.653s][info][gc,heap     ] GC(83) Max Capacity: 512M(100%)
[185.653s][info][gc,heap     ] GC(83) Soft Max Capacity: 512M(100%)
[185.653s][info][gc,heap     ] GC(83)                Mark Start          Mark End        Relocate Start      Relocate End           High               Low         
[185.653s][info][gc,heap     ] GC(83)  Capacity:      512M (100%)        512M (100%)        512M (100%)        512M (100%)        512M (100%)        512M (100%)   
[185.653s][info][gc,heap     ] GC(83)      Free:       10M (2%)            0M (0%)           14M (3%)           16M (3%)           58M (11%)           0M (0%)     
[185.653s][info][gc,heap     ] GC(83)      Used:      502M (98%)         512M (100%)        498M (97%)         496M (97%)         512M (100%)        454M (89%)    
[185.653s][info][gc,heap     ] GC(83)      Live:         -               351M (69%)         351M (69%)         351M (69%)            -                  -          
[185.653s][info][gc,heap     ] GC(83) Allocated:         -                10M (2%)           44M (9%)          110M (22%)            -                  -          
[185.653s][info][gc,heap     ] GC(83)   Garbage:         -               150M (29%)         102M (20%)          34M (7%)             -                  -          
[185.653s][info][gc,heap     ] GC(83) Reclaimed:         -                  -                48M (9%)          116M (23%)            -                  -          
[185.653s][info][gc          ] GC(83) Garbage Collection (Allocation Stall) 502M(98%)->496M(97%)
[185.658s][info][gc,start    ] GC(84) Garbage Collection (Allocation Stall)
[185.658s][info][gc,ref      ] GC(84) Clearing All SoftReferences
[185.658s][info][gc,task     ] GC(84) Using 5 workers
[185.658s][info][gc          ] Allocation Stall (Executor task launch worker for task 33.0 in stage 0.0 (TID 33)) 0.144ms
[185.658s][info][gc          ] Allocation Stall (Executor task launch worker for task 27.0 in stage 0.0 (TID 27)) 0.144ms
[185.658s][info][gc          ] Allocation Stall (Executor task launch worker for task 21.0 in stage 0.0 (TID 21)) 0.147ms
[185.659s][info][gc,ref      ] GC(84) Clearing All SoftReferences
[185.659s][info][gc,phases   ] GC(84) Pause Mark Start 0.036ms
[185.659s][info][gc          ] Allocation Stall (Executor task launch worker for task 42.0 in stage 0.0 (TID 42)) 0.921ms
[185.659s][info][gc          ] Allocation Stall (Executor task launch worker for task 30.0 in stage 0.0 (TID 30)) 0.941ms
[185.659s][info][gc          ] Allocation Stall (Executor task launch worker for task 44.0 in stage 0.0 (TID 44)) 0.936ms
[185.659s][info][gc          ] Allocation Stall (Executor task launch worker for task 45.0 in stage 0.0 (TID 45)) 0.917ms
[185.659s][info][gc          ] Allocation Stall (Executor task launch worker for task 3.0 in stage 0.0 (TID 3)) 0.910ms
[185.659s][info][gc          ] Allocation Stall (Executor task launch worker for task 41.0 in stage 0.0 (TID 41)) 0.904ms
[185.659s][info][gc          ] Allocation Stall (Executor task launch worker for task 31.0 in stage 0.0 (TID 31)) 1.006ms
[185.659s][info][gc          ] Allocation Stall (Executor task launch worker for task 22.0 in stage 0.0 (TID 22)) 1.081ms
[185.659s][info][gc          ] Allocation Stall (Executor task launch worker for task 37.0 in stage 0.0 (TID 37)) 1.125ms
[185.659s][info][gc          ] Allocation Stall (Executor task launch worker for task 16.0 in stage 0.0 (TID 16)) 1.157ms
[185.659s][info][gc          ] Allocation Stall (Executor task launch worker for task 19.0 in stage 0.0 (TID 19)) 1.182ms
[185.659s][info][gc          ] Allocation Stall (Executor task launch worker for task 1.0 in stage 0.0 (TID 1)) 1.246ms
[185.659s][info][gc          ] Allocation Stall (Executor task launch worker for task 10.0 in stage 0.0 (TID 10)) 1.288ms
[185.659s][info][gc          ] Allocation Stall (Executor task launch worker for task 4.0 in stage 0.0 (TID 4)) 1.314ms
[185.660s][info][gc          ] Allocation Stall (Executor task launch worker for task 38.0 in stage 0.0 (TID 38)) 1.352ms
[185.660s][info][gc          ] Allocation Stall (Executor task launch worker for task 25.0 in stage 0.0 (TID 25)) 1.361ms
[185.660s][info][gc          ] Allocation Stall (Executor task launch worker for task 32.0 in stage 0.0 (TID 32)) 0.541ms
[185.660s][info][gc          ] Allocation Stall (Executor task launch worker for task 12.0 in stage 0.0 (TID 12)) 0.574ms
[185.660s][info][gc          ] Allocation Stall (Executor task launch worker for task 21.0 in stage 0.0 (TID 21)) 0.616ms
[185.722s][info][gc,phases   ] GC(84) Concurrent Mark 62.555ms
[185.722s][info][gc,phases   ] GC(84) Pause Mark End 0.024ms
[185.722s][info][gc,phases   ] GC(84) Concurrent Mark Free 0.001ms
[185.724s][info][gc,phases   ] GC(84) Concurrent Process Non-Strong References 2.190ms
[185.724s][info][gc,phases   ] GC(84) Concurrent Reset Relocation Set 0.006ms
[185.727s][info][gc          ] Allocation Stall (Executor task launch worker for task 46.0 in stage 0.0 (TID 46)) 54.463ms
[185.727s][info][gc          ] Allocation Stall (Executor task launch worker for task 27.0 in stage 0.0 (TID 27)) 54.413ms
[185.727s][info][gc          ] Allocation Stall (Executor task launch worker for task 9.0 in stage 0.0 (TID 9)) 54.737ms
[185.727s][info][gc          ] Allocation Stall (Executor task launch worker for task 8.0 in stage 0.0 (TID 8)) 54.564ms
[185.727s][info][gc          ] Allocation Stall (Executor task launch worker for task 23.0 in stage 0.0 (TID 23)) 54.919ms
[185.727s][info][gc          ] Allocation Stall (Executor task launch worker for task 30.0 in stage 0.0 (TID 30)) 54.450ms
[185.727s][info][gc          ] Allocation Stall (Executor task launch worker for task 2.0 in stage 0.0 (TID 2)) 54.573ms
[185.727s][info][gc          ] Allocation Stall (Executor task launch worker for task 22.0 in stage 0.0 (TID 22)) 54.787ms
[185.727s][info][gc          ] Allocation Stall (Executor task launch worker for task 31.0 in stage 0.0 (TID 31)) 55.314ms
[185.727s][info][gc          ] Allocation Stall (Executor task launch worker for task 19.0 in stage 0.0 (TID 19)) 60.869ms
[185.727s][info][gc          ] Allocation Stall (Executor task launch worker for task 11.0 in stage 0.0 (TID 11)) 58.847ms
[185.727s][info][gc          ] Allocation Stall (Executor task launch worker for task 32.0 in stage 0.0 (TID 32)) 58.824ms
[185.727s][info][gc          ] Allocation Stall (Executor task launch worker for task 45.0 in stage 0.0 (TID 45)) 58.945ms
[185.727s][info][gc          ] Allocation Stall (Executor task launch worker for task 1.0 in stage 0.0 (TID 1)) 58.691ms
[185.727s][info][gc          ] Allocation Stall (Executor task launch worker for task 14.0 in stage 0.0 (TID 14)) 58.878ms
[185.727s][info][gc          ] Allocation Stall (Executor task launch worker for task 41.0 in stage 0.0 (TID 41)) 58.585ms
[185.727s][info][gc          ] Allocation Stall (Executor task launch worker for task 3.0 in stage 0.0 (TID 3)) 58.703ms
[185.727s][info][gc          ] Allocation Stall (Executor task launch worker for task 33.0 in stage 0.0 (TID 33)) 58.122ms
[185.727s][info][gc          ] Allocation Stall (Executor task launch worker for task 16.0 in stage 0.0 (TID 16)) 58.554ms
[185.727s][info][gc          ] Allocation Stall (Executor task launch worker for task 12.0 in stage 0.0 (TID 12)) 57.475ms
[185.727s][info][gc          ] Allocation Stall (Executor task launch worker for task 7.0 in stage 0.0 (TID 7)) 57.647ms
[185.727s][info][gc          ] Allocation Stall (Executor task launch worker for task 38.0 in stage 0.0 (TID 38)) 57.090ms
[185.727s][info][gc          ] Allocation Stall (Executor task launch worker for task 4.0 in stage 0.0 (TID 4)) 58.082ms
[185.727s][info][gc          ] Allocation Stall (Executor task launch worker for task 10.0 in stage 0.0 (TID 10)) 56.239ms
[185.727s][info][gc          ] Allocation Stall (Executor task launch worker for task 25.0 in stage 0.0 (TID 25)) 55.750ms
[185.727s][info][gc          ] Allocation Stall (Executor task launch worker for task 21.0 in stage 0.0 (TID 21)) 55.490ms
[185.727s][info][gc          ] Allocation Stall (Executor task launch worker for task 37.0 in stage 0.0 (TID 37)) 55.415ms
[185.727s][info][gc          ] Allocation Stall (Executor task launch worker for task 42.0 in stage 0.0 (TID 42)) 55.174ms
[185.727s][info][gc          ] Allocation Stall (Executor task launch worker for task 5.0 in stage 0.0 (TID 5)) 54.617ms
[185.727s][info][gc          ] Allocation Stall (Executor task launch worker for task 44.0 in stage 0.0 (TID 44)) 54.688ms
[185.727s][info][gc          ] Allocation Stall (Executor task launch worker for task 18.0 in stage 0.0 (TID 18)) 50.851ms
[185.727s][info][gc          ] Allocation Stall (Executor task launch worker for task 17.0 in stage 0.0 (TID 17)) 50.618ms
[185.727s][info][gc          ] Allocation Stall (Executor task launch worker for task 28.0 in stage 0.0 (TID 28)) 49.314ms
[185.727s][info][gc          ] Allocation Stall (Spark Context Cleaner) 5.550ms
[185.727s][info][gc          ] Allocation Stall (Common-Cleaner) 2.727ms
[185.748s][info][gc,phases   ] GC(84) Concurrent Select Relocation Set 24.283ms
[185.749s][info][gc,phases   ] GC(84) Pause Relocate Start 0.014ms
[185.782s][info][gc          ] Allocation Stall (Executor task launch worker for task 25.0 in stage 0.0 (TID 25)) 4.625ms
[185.782s][info][gc          ] Allocation Stall (Executor task launch worker for task 46.0 in stage 0.0 (TID 46)) 5.640ms
[185.782s][info][gc          ] Allocation Stall (Executor task launch worker for task 7.0 in stage 0.0 (TID 7)) 4.632ms
[185.782s][info][gc          ] Allocation Stall (Executor task launch worker for task 3.0 in stage 0.0 (TID 3)) 5.587ms
[185.782s][info][gc          ] Allocation Stall (Executor task launch worker for task 1.0 in stage 0.0 (TID 1)) 5.441ms
[185.782s][info][gc          ] Allocation Stall (Executor task launch worker for task 23.0 in stage 0.0 (TID 23)) 4.771ms
[185.782s][info][gc,phases   ] GC(84) Concurrent Relocate 32.753ms
[185.782s][info][gc          ] Allocation Stall (Executor task launch worker for task 38.0 in stage 0.0 (TID 38)) 4.698ms
[185.782s][info][gc          ] Allocation Stall (Executor task launch worker for task 11.0 in stage 0.0 (TID 11)) 5.003ms
[185.782s][info][gc,load     ] GC(84) Load: 0.00/0.00/0.00
[185.782s][info][gc          ] Allocation Stall (Executor task launch worker for task 5.0 in stage 0.0 (TID 5)) 4.942ms
[185.782s][info][gc          ] Allocation Stall (Executor task launch worker for task 32.0 in stage 0.0 (TID 32)) 4.947ms
[185.782s][info][gc,mmu      ] GC(84) MMU: 2ms/95.7%, 5ms/98.3%, 10ms/99.1%, 20ms/99.5%, 50ms/99.8%, 100ms/99.8%
[185.782s][info][gc          ] Allocation Stall (Executor task launch worker for task 10.0 in stage 0.0 (TID 10)) 5.022ms
[185.782s][info][gc          ] Allocation Stall (Executor task launch worker for task 44.0 in stage 0.0 (TID 44)) 4.981ms
[185.782s][info][gc,marking  ] GC(84) Mark: 4 stripe(s), 2 proactive flush(es), 1 terminate flush(es), 0 completion(s), 0 continuation(s) 
[185.782s][info][gc          ] Allocation Stall (Executor task launch worker for task 27.0 in stage 0.0 (TID 27)) 5.034ms
[185.782s][info][gc          ] Allocation Stall (Executor task launch worker for task 4.0 in stage 0.0 (TID 4)) 5.003ms
[185.782s][info][gc,marking  ] GC(84) Mark Stack Usage: 32M
[185.783s][info][gc          ] Allocation Stall (Executor task launch worker for task 33.0 in stage 0.0 (TID 33)) 5.078ms
[185.783s][info][gc          ] Allocation Stall (Executor task launch worker for task 21.0 in stage 0.0 (TID 21)) 4.741ms
[185.783s][info][gc,nmethod  ] GC(84) NMethods: 2907 registered, 13 unregistered
[185.783s][info][gc          ] Allocation Stall (Executor task launch worker for task 37.0 in stage 0.0 (TID 37)) 4.815ms
[185.783s][info][gc          ] Allocation Stall (Executor task launch worker for task 22.0 in stage 0.0 (TID 22)) 4.763ms
[185.783s][info][gc,metaspace] GC(84) Metaspace: 109M used, 116M committed, 1152M reserved
[185.783s][info][gc          ] Allocation Stall (Executor task launch worker for task 41.0 in stage 0.0 (TID 41)) 4.438ms
[185.783s][info][gc          ] Allocation Stall (Executor task launch worker for task 2.0 in stage 0.0 (TID 2)) 4.038ms
[185.783s][info][gc,ref      ] GC(84) Soft: 2817 encountered, 1074 discovered, 16 enqueued
[185.783s][info][gc          ] Allocation Stall (Executor task launch worker for task 30.0 in stage 0.0 (TID 30)) 1.135ms
[185.783s][info][gc,ref      ] GC(84) Weak: 13238 encountered, 2992 discovered, 233 enqueued
[185.783s][info][gc          ] Allocation Stall (Executor task launch worker for task 34.0 in stage 0.0 (TID 34)) 1.227ms
[185.783s][info][gc,ref      ] GC(84) Final: 40 encountered, 1 discovered, 0 enqueued
[185.783s][info][gc,ref      ] GC(84) Phantom: 977 encountered, 657 discovered, 227 enqueued
[185.783s][info][gc,reloc    ] GC(84) Small Pages: 84 / 168M, Empty: 46M, Relocated: 3M, In-Place: 0
[185.783s][info][gc,reloc    ] GC(84) Medium Pages: 3 / 48M, Empty: 0M, Relocated: 10M, In-Place: 1
[185.783s][info][gc,reloc    ] GC(84) Large Pages: 54 / 284M, Empty: 12M, Relocated: 0M, In-Place: 0
[185.783s][info][gc,reloc    ] GC(84) Forwarding Usage: 0M
[185.783s][info][gc,heap     ] GC(84) Min Capacity: 8M(2%)
[185.783s][info][gc,heap     ] GC(84) Max Capacity: 512M(100%)
[185.783s][info][gc,heap     ] GC(84) Soft Max Capacity: 512M(100%)
[185.783s][info][gc,heap     ] GC(84)                Mark Start          Mark End        Relocate Start      Relocate End           High               Low         
[185.783s][info][gc,heap     ] GC(84)  Capacity:      512M (100%)        512M (100%)        512M (100%)        512M (100%)        512M (100%)        512M (100%)   
[185.783s][info][gc,heap     ] GC(84)      Free:        0M (0%)            0M (0%)            4M (1%)            0M (0%)           58M (11%)           0M (0%)     
[185.783s][info][gc,heap     ] GC(84)      Used:      512M (100%)        512M (100%)        508M (99%)         512M (100%)        512M (100%)        454M (89%)    
[185.783s][info][gc,heap     ] GC(84)      Live:         -               351M (69%)         351M (69%)         351M (69%)            -                  -          
[185.783s][info][gc,heap     ] GC(84) Allocated:         -                 0M (0%)           54M (11%)         113M (22%)            -                  -          
[185.783s][info][gc,heap     ] GC(84)   Garbage:         -               160M (31%)         102M (20%)          46M (9%)             -                  -          
[185.784s][info][gc,heap     ] GC(84) Reclaimed:         -                  -                58M (11%)         113M (22%)            -                  -          
[185.784s][info][gc          ] GC(84) Garbage Collection (Allocation Stall) 512M(100%)->512M(100%)
[185.784s][info][gc,start    ] GC(85) Garbage Collection (Allocation Stall)
[185.784s][info][gc,ref      ] GC(85) Clearing All SoftReferences
[185.784s][info][gc,task     ] GC(85) Using 5 workers
[185.798s][info][gc,ref      ] GC(85) Clearing All SoftReferences
[185.798s][info][gc,phases   ] GC(85) Pause Mark Start 0.084ms
[185.798s][info][gc          ] Allocation Stall (Executor task launch worker for task 45.0 in stage 0.0 (TID 45)) 16.571ms
[185.798s][info][gc          ] Allocation Stall (Executor task launch worker for task 26.0 in stage 0.0 (TID 26)) 16.636ms
[185.798s][info][gc          ] Allocation Stall (Executor task launch worker for task 36.0 in stage 0.0 (TID 36)) 16.697ms
[185.798s][info][gc          ] Allocation Stall (Executor task launch worker for task 13.0 in stage 0.0 (TID 13)) 16.703ms
[185.799s][info][gc          ] Allocation Stall (Executor task launch worker for task 40.0 in stage 0.0 (TID 40)) 16.931ms
[185.849s][info][gc,phases   ] GC(85) Concurrent Mark 50.572ms
[185.849s][info][gc,phases   ] GC(85) Pause Mark End 0.015ms
[185.849s][info][gc,phases   ] GC(85) Concurrent Mark Free 0.001ms
[185.868s][info][gc,phases   ] GC(85) Concurrent Process Non-Strong References 18.352ms
[185.868s][info][gc,phases   ] GC(85) Concurrent Reset Relocation Set 0.007ms
[185.870s][info][gc          ] Allocation Stall (Executor task launch worker for task 33.0 in stage 0.0 (TID 33)) 70.714ms
[185.870s][info][gc          ] Allocation Stall (Executor task launch worker for task 2.0 in stage 0.0 (TID 2)) 69.048ms
[185.870s][info][gc          ] Allocation Stall (Executor task launch worker for task 9.0 in stage 0.0 (TID 9)) 71.875ms
[185.870s][info][gc          ] Allocation Stall (Executor task launch worker for task 27.0 in stage 0.0 (TID 27)) 68.808ms
[185.870s][info][gc          ] Allocation Stall (Executor task launch worker for task 42.0 in stage 0.0 (TID 42)) 88.574ms
[185.870s][info][gc          ] Allocation Stall (Executor task launch worker for task 35.0 in stage 0.0 (TID 35)) 71.898ms
[185.870s][info][gc          ] Allocation Stall (Executor task launch worker for task 22.0 in stage 0.0 (TID 22)) 69.114ms
[185.870s][info][gc          ] Allocation Stall (Executor task launch worker for task 4.0 in stage 0.0 (TID 4)) 70.522ms
[185.870s][info][gc          ] Allocation Stall (Executor task launch worker for task 47.0 in stage 0.0 (TID 47)) 71.921ms
[185.870s][info][gc          ] Allocation Stall (Executor task launch worker for task 25.0 in stage 0.0 (TID 25)) 71.866ms
[185.870s][info][gc          ] Allocation Stall (Executor task launch worker for task 10.0 in stage 0.0 (TID 10)) 71.733ms
[185.870s][info][gc          ] Allocation Stall (Executor task launch worker for task 6.0 in stage 0.0 (TID 6)) 71.913ms
[185.870s][info][gc          ] Allocation Stall (Executor task launch worker for task 7.0 in stage 0.0 (TID 7)) 71.888ms
[185.870s][info][gc          ] Allocation Stall (Executor task launch worker for task 41.0 in stage 0.0 (TID 41)) 68.826ms
[185.870s][info][gc          ] Allocation Stall (Executor task launch worker for task 37.0 in stage 0.0 (TID 37)) 69.047ms
[185.870s][info][gc          ] Allocation Stall (Executor task launch worker for task 45.0 in stage 0.0 (TID 45)) 62.474ms
[185.870s][info][gc          ] Allocation Stall (Executor task launch worker for task 14.0 in stage 0.0 (TID 14)) 88.587ms
[185.870s][info][gc          ] Allocation Stall (Executor task launch worker for task 19.0 in stage 0.0 (TID 19)) 88.575ms
[185.870s][info][gc          ] Allocation Stall (Executor task launch worker for task 16.0 in stage 0.0 (TID 16)) 88.592ms
[185.870s][info][gc          ] Allocation Stall (Executor task launch worker for task 21.0 in stage 0.0 (TID 21)) 72.097ms
[185.870s][info][gc          ] Allocation Stall (Executor task launch worker for task 39.0 in stage 0.0 (TID 39)) 88.602ms
[185.870s][info][gc          ] Allocation Stall (Executor task launch worker for task 44.0 in stage 0.0 (TID 44)) 72.105ms
[185.870s][info][gc          ] Allocation Stall (Executor task launch worker for task 23.0 in stage 0.0 (TID 23)) 72.091ms
[185.870s][info][gc,phases   ] GC(85) Concurrent Select Relocation Set 2.772ms
[185.870s][info][gc          ] Allocation Stall (Executor task launch worker for task 30.0 in stage 0.0 (TID 30)) 72.095ms
[185.870s][info][gc          ] Allocation Stall (Executor task launch worker for task 12.0 in stage 0.0 (TID 12)) 88.559ms
[185.870s][info][gc          ] Allocation Stall (Executor task launch worker for task 43.0 in stage 0.0 (TID 43)) 88.629ms
[185.870s][info][gc          ] Allocation Stall (Executor task launch worker for task 24.0 in stage 0.0 (TID 24)) 72.169ms
[185.870s][info][gc          ] Allocation Stall (Executor task launch worker for task 3.0 in stage 0.0 (TID 3)) 72.156ms
[185.870s][info][gc          ] Allocation Stall (Executor task launch worker for task 20.0 in stage 0.0 (TID 20)) 72.021ms
[185.870s][info][gc          ] Allocation Stall (Executor task launch worker for task 15.0 in stage 0.0 (TID 15)) 72.009ms
[185.870s][info][gc          ] Allocation Stall (Executor task launch worker for task 28.0 in stage 0.0 (TID 28)) 72.162ms
[185.870s][info][gc          ] Allocation Stall (Executor task launch worker for task 1.0 in stage 0.0 (TID 1)) 72.120ms
[185.870s][info][gc          ] Allocation Stall (Executor task launch worker for task 8.0 in stage 0.0 (TID 8)) 72.046ms
[185.870s][info][gc          ] Allocation Stall (Executor task launch worker for task 32.0 in stage 0.0 (TID 32)) 72.152ms
[185.870s][info][gc          ] Allocation Stall (Executor task launch worker for task 11.0 in stage 0.0 (TID 11)) 72.141ms
[185.870s][info][gc          ] Allocation Stall (Executor task launch worker for task 0.0 in stage 0.0 (TID 0)) 72.030ms
[185.870s][info][gc          ] Allocation Stall (Executor task launch worker for task 38.0 in stage 0.0 (TID 38)) 72.212ms
[185.870s][info][gc          ] Allocation Stall (Executor task launch worker for task 31.0 in stage 0.0 (TID 31)) 72.089ms
[185.870s][info][gc          ] Allocation Stall (Executor task launch worker for task 5.0 in stage 0.0 (TID 5)) 72.030ms
[185.870s][info][gc          ] Allocation Stall (Executor task launch worker for task 29.0 in stage 0.0 (TID 29)) 72.099ms
[185.870s][info][gc          ] Allocation Stall (Executor task launch worker for task 46.0 in stage 0.0 (TID 46)) 72.217ms
[185.871s][info][gc          ] Allocation Stall (Executor task launch worker for task 40.0 in stage 0.0 (TID 40)) 62.073ms
[185.871s][info][gc          ] Allocation Stall (Spark Context Cleaner) 41.725ms
[185.872s][info][gc,phases   ] GC(85) Pause Relocate Start 0.012ms
[185.888s][info][gc          ] Allocation Stall (Executor task launch worker for task 23.0 in stage 0.0 (TID 23)) 5.260ms
[185.888s][info][gc          ] Allocation Stall (Executor task launch worker for task 33.0 in stage 0.0 (TID 33)) 5.231ms
[185.888s][info][gc          ] Allocation Stall (Executor task launch worker for task 32.0 in stage 0.0 (TID 32)) 5.383ms
[185.888s][info][gc          ] Allocation Stall (Executor task launch worker for task 41.0 in stage 0.0 (TID 41)) 5.352ms
[185.888s][info][gc          ] Allocation Stall (Executor task launch worker for task 30.0 in stage 0.0 (TID 30)) 5.306ms
[185.888s][info][gc          ] Allocation Stall (Executor task launch worker for task 16.0 in stage 0.0 (TID 16)) 5.337ms
[185.888s][info][gc          ] Allocation Stall (Executor task launch worker for task 3.0 in stage 0.0 (TID 3)) 5.355ms
[185.893s][info][gc          ] Allocation Stall (Executor task launch worker for task 22.0 in stage 0.0 (TID 22)) 10.125ms
[185.893s][info][gc          ] Allocation Stall (Executor task launch worker for task 46.0 in stage 0.0 (TID 46)) 10.164ms
[185.893s][info][gc          ] Allocation Stall (Executor task launch worker for task 44.0 in stage 0.0 (TID 44)) 10.155ms
[185.893s][info][gc          ] Allocation Stall (Executor task launch worker for task 12.0 in stage 0.0 (TID 12)) 10.219ms
[185.893s][info][gc          ] Allocation Stall (Executor task launch worker for task 11.0 in stage 0.0 (TID 11)) 10.214ms
[185.893s][info][gc          ] Allocation Stall (Executor task launch worker for task 38.0 in stage 0.0 (TID 38)) 9.541ms
[185.894s][info][gc          ] Allocation Stall (Executor task launch worker for task 14.0 in stage 0.0 (TID 14)) 0.856ms
[185.900s][info][gc          ] Allocation Stall (Executor task launch worker for task 32.0 in stage 0.0 (TID 32)) 2.874ms
[185.900s][info][gc          ] Allocation Stall (Executor task launch worker for task 27.0 in stage 0.0 (TID 27)) 1.938ms
[185.911s][info][gc          ] Allocation Stall (Executor task launch worker for task 18.0 in stage 0.0 (TID 18)) 1.159ms
[185.911s][info][gc          ] Allocation Stall (Executor task launch worker for task 22.0 in stage 0.0 (TID 22)) 0.919ms
[185.911s][info][gc          ] Allocation Stall (Executor task launch worker for task 27.0 in stage 0.0 (TID 27)) 2.071ms
[185.912s][info][gc          ] Allocation Stall (Executor task launch worker for task 33.0 in stage 0.0 (TID 33)) 1.280ms
[185.912s][info][gc          ] Allocation Stall (Executor task launch worker for task 38.0 in stage 0.0 (TID 38)) 1.481ms
[185.937s][info][gc          ] Relocation Stall (Executor task launch worker for task 21.0 in stage 0.0 (TID 21)) 62.853ms
[185.937s][info][gc          ] Relocation Stall (Executor task launch worker for task 25.0 in stage 0.0 (TID 25)) 62.016ms
[185.937s][info][gc          ] Relocation Stall (Executor task launch worker for task 9.0 in stage 0.0 (TID 9)) 63.186ms
[185.937s][info][gc          ] Relocation Stall (Executor task launch worker for task 5.0 in stage 0.0 (TID 5)) 62.687ms
[185.943s][info][gc          ] Relocation Stall (Executor task launch worker for task 7.0 in stage 0.0 (TID 7)) 67.643ms
[185.943s][info][gc          ] Relocation Stall (Executor task launch worker for task 1.0 in stage 0.0 (TID 1)) 67.850ms
[185.943s][info][gc,phases   ] GC(85) Concurrent Relocate 70.852ms
[185.943s][info][gc,load     ] GC(85) Load: 0.00/0.00/0.00
[185.943s][info][gc,mmu      ] GC(85) MMU: 2ms/95.7%, 5ms/98.3%, 10ms/99.1%, 20ms/99.5%, 50ms/99.8%, 100ms/99.8%
[185.944s][info][gc,marking  ] GC(85) Mark: 4 stripe(s), 2 proactive flush(es), 1 terminate flush(es), 0 completion(s), 0 continuation(s) 
[185.944s][info][gc,marking  ] GC(85) Mark Stack Usage: 32M
[185.944s][info][gc,nmethod  ] GC(85) NMethods: 3110 registered, 16 unregistered
[185.944s][info][gc,metaspace] GC(85) Metaspace: 109M used, 116M committed, 1152M reserved
[185.944s][info][gc,ref      ] GC(85) Soft: 2819 encountered, 2215 discovered, 18 enqueued
[185.944s][info][gc,ref      ] GC(85) Weak: 13025 encountered, 2797 discovered, 12 enqueued
[185.944s][info][gc,ref      ] GC(85) Final: 40 encountered, 1 discovered, 0 enqueued
[185.944s][info][gc,ref      ] GC(85) Phantom: 750 encountered, 685 discovered, 0 enqueued
[185.944s][info][gc,reloc    ] GC(85) Small Pages: 81 / 162M, Empty: 46M, Relocated: 1M, In-Place: 0
[185.944s][info][gc,reloc    ] GC(85) Medium Pages: 3 / 48M, Empty: 0M, Relocated: 12M, In-Place: 0
[185.944s][info][gc,reloc    ] GC(85) Large Pages: 57 / 292M, Empty: 44M, Relocated: 0M, In-Place: 0
[185.944s][info][gc,reloc    ] GC(85) Forwarding Usage: 0M
[185.944s][info][gc,heap     ] GC(85) Min Capacity: 8M(2%)
[185.944s][info][gc,heap     ] GC(85) Max Capacity: 512M(100%)
[185.944s][info][gc,heap     ] GC(85) Soft Max Capacity: 512M(100%)
[185.944s][info][gc,heap     ] GC(85)                Mark Start          Mark End        Relocate Start      Relocate End           High               Low         
[185.944s][info][gc,heap     ] GC(85)  Capacity:      512M (100%)        512M (100%)        512M (100%)        512M (100%)        512M (100%)        512M (100%)   
[185.944s][info][gc,heap     ] GC(85)      Free:        0M (0%)            0M (0%)           62M (12%)          28M (5%)           90M (18%)           0M (0%)     
[185.944s][info][gc,heap     ] GC(85)      Used:      512M (100%)        512M (100%)        450M (88%)         484M (95%)         512M (100%)        422M (82%)    
[185.944s][info][gc,heap     ] GC(85)      Live:         -               328M (64%)         328M (64%)         328M (64%)            -                  -          
[185.944s][info][gc,heap     ] GC(85) Allocated:         -                 0M (0%)           28M (5%)          114M (22%)            -                  -          
[185.944s][info][gc,heap     ] GC(85)   Garbage:         -               183M (36%)          93M (18%)          41M (8%)             -                  -          
[185.944s][info][gc,heap     ] GC(85) Reclaimed:         -                  -                90M (18%)         142M (28%)            -                  -          
[185.944s][info][gc          ] GC(85) Garbage Collection (Allocation Stall) 512M(100%)->484M(95%)
[185.947s][info][gc,start    ] GC(86) Garbage Collection (Allocation Stall)
[185.947s][info][gc,ref      ] GC(86) Clearing All SoftReferences
[185.947s][info][gc,task     ] GC(86) Using 5 workers
[185.955s][info][gc,ref      ] GC(86) Clearing All SoftReferences
[185.955s][info][gc,phases   ] GC(86) Pause Mark Start 0.058ms
[185.955s][info][gc          ] Allocation Stall (Executor task launch worker for task 25.0 in stage 0.0 (TID 25)) 8.267ms
[185.955s][info][gc          ] Allocation Stall (Executor task launch worker for task 23.0 in stage 0.0 (TID 23)) 8.206ms
[186.033s][info][gc,phases   ] GC(86) Concurrent Mark 76.967ms
[186.033s][info][gc,phases   ] GC(86) Pause Mark End 0.025ms
[186.033s][info][gc,phases   ] GC(86) Concurrent Mark Free 0.001ms
[186.036s][info][gc,phases   ] GC(86) Concurrent Process Non-Strong References 2.739ms
[186.036s][info][gc,phases   ] GC(86) Concurrent Reset Relocation Set 0.005ms
[186.039s][info][gc          ] Allocation Stall (Executor task launch worker for task 19.0 in stage 0.0 (TID 19)) 52.492ms
[186.039s][info][gc          ] Allocation Stall (Reference Handler) 2.567ms
[186.039s][info][gc          ] Allocation Stall (Executor task launch worker for task 12.0 in stage 0.0 (TID 12)) 47.816ms
[186.039s][info][gc          ] Allocation Stall (Executor task launch worker for task 31.0 in stage 0.0 (TID 31)) 48.223ms
[186.039s][info][gc          ] Allocation Stall (Executor task launch worker for task 30.0 in stage 0.0 (TID 30)) 68.286ms
[186.039s][info][gc          ] Allocation Stall (Executor task launch worker for task 3.0 in stage 0.0 (TID 3)) 48.045ms
[186.039s][info][gc          ] Allocation Stall (Spark Context Cleaner) 52.235ms
[186.039s][info][gc          ] Allocation Stall (Common-Cleaner) 2.507ms
[186.039s][info][gc          ] Allocation Stall (Executor task launch worker for task 32.0 in stage 0.0 (TID 32)) 48.145ms
[186.039s][info][gc          ] Allocation Stall (Executor task launch worker for task 25.0 in stage 0.0 (TID 25)) 68.278ms
[186.039s][info][gc          ] Allocation Stall (Executor task launch worker for task 45.0 in stage 0.0 (TID 45)) 57.209ms
[186.039s][info][gc          ] Allocation Stall (Executor task launch worker for task 38.0 in stage 0.0 (TID 38)) 67.970ms
[186.039s][info][gc          ] Allocation Stall (Executor task launch worker for task 16.0 in stage 0.0 (TID 16)) 67.680ms
[186.039s][info][gc          ] Allocation Stall (Executor task launch worker for task 33.0 in stage 0.0 (TID 33)) 67.775ms
[186.039s][info][gc          ] Allocation Stall (Executor task launch worker for task 2.0 in stage 0.0 (TID 2)) 67.772ms
[186.039s][info][gc          ] Allocation Stall (Executor task launch worker for task 1.0 in stage 0.0 (TID 1)) 67.631ms
[186.039s][info][gc          ] Allocation Stall (Executor task launch worker for task 46.0 in stage 0.0 (TID 46)) 67.442ms
[186.039s][info][gc          ] Allocation Stall (Executor task launch worker for task 21.0 in stage 0.0 (TID 21)) 67.504ms
[186.039s][info][gc          ] Allocation Stall (Executor task launch worker for task 23.0 in stage 0.0 (TID 23)) 67.361ms
[186.039s][info][gc          ] Allocation Stall (Executor task launch worker for task 5.0 in stage 0.0 (TID 5)) 66.820ms
[186.039s][info][gc          ] Allocation Stall (Executor task launch worker for task 11.0 in stage 0.0 (TID 11)) 66.588ms
[186.039s][info][gc          ] Allocation Stall (Executor task launch worker for task 41.0 in stage 0.0 (TID 41)) 66.917ms
[186.039s][info][gc          ] Allocation Stall (Executor task launch worker for task 10.0 in stage 0.0 (TID 10)) 66.384ms
[186.039s][info][gc          ] Allocation Stall (Executor task launch worker for task 37.0 in stage 0.0 (TID 37)) 65.185ms
[186.039s][info][gc          ] Allocation Stall (Executor task launch worker for task 7.0 in stage 0.0 (TID 7)) 65.168ms
[186.039s][info][gc          ] Allocation Stall (Executor task launch worker for task 44.0 in stage 0.0 (TID 44)) 65.380ms
[186.039s][info][gc          ] Allocation Stall (Executor task launch worker for task 27.0 in stage 0.0 (TID 27)) 64.661ms
[186.039s][info][gc          ] Allocation Stall (Executor task launch worker for task 22.0 in stage 0.0 (TID 22)) 58.306ms
[186.039s][info][gc          ] Allocation Stall (Executor task launch worker for task 14.0 in stage 0.0 (TID 14)) 57.620ms
[186.039s][info][gc          ] Allocation Stall (Executor task launch worker for task 9.0 in stage 0.0 (TID 9)) 63.251ms
[186.040s][info][gc,phases   ] GC(86) Concurrent Select Relocation Set 3.664ms
[186.056s][info][gc,phases   ] GC(86) Pause Relocate Start 0.010ms
[186.105s][info][gc          ] Allocation Stall (Executor task launch worker for task 26.0 in stage 0.0 (TID 26)) 3.147ms
[186.105s][info][gc          ] Allocation Stall (Executor task launch worker for task 43.0 in stage 0.0 (TID 43)) 3.214ms
[186.105s][info][gc          ] Allocation Stall (Executor task launch worker for task 6.0 in stage 0.0 (TID 6)) 3.215ms
[186.105s][info][gc          ] Allocation Stall (Executor task launch worker for task 28.0 in stage 0.0 (TID 28)) 3.242ms
[186.105s][info][gc          ] Allocation Stall (Executor task launch worker for task 47.0 in stage 0.0 (TID 47)) 3.186ms
[186.105s][info][gc          ] Allocation Stall (Executor task launch worker for task 46.0 in stage 0.0 (TID 46)) 2.963ms
[186.105s][info][gc          ] Allocation Stall (Executor task launch worker for task 44.0 in stage 0.0 (TID 44)) 2.948ms
[186.105s][info][gc          ] Allocation Stall (Executor task launch worker for task 7.0 in stage 0.0 (TID 7)) 2.748ms
[186.105s][info][gc          ] Allocation Stall (Executor task launch worker for task 2.0 in stage 0.0 (TID 2)) 1.812ms
[186.105s][info][gc          ] Allocation Stall (Executor task launch worker for task 33.0 in stage 0.0 (TID 33)) 1.601ms
[186.105s][info][gc          ] Allocation Stall (Executor task launch worker for task 30.0 in stage 0.0 (TID 30)) 1.245ms
[186.110s][info][gc          ] Relocation Stall (Executor task launch worker for task 1.0 in stage 0.0 (TID 1)) 50.661ms
[186.110s][info][gc          ] Relocation Stall (Executor task launch worker for task 25.0 in stage 0.0 (TID 25)) 52.710ms
[186.110s][info][gc          ] Relocation Stall (Executor task launch worker for task 5.0 in stage 0.0 (TID 5)) 50.782ms
[186.110s][info][gc          ] Relocation Stall (Executor task launch worker for task 21.0 in stage 0.0 (TID 21)) 53.012ms
[186.113s][info][gc          ] Relocation Stall (Executor task launch worker for task 23.0 in stage 0.0 (TID 23)) 53.298ms
[186.113s][info][gc          ] Relocation Stall (Executor task launch worker for task 16.0 in stage 0.0 (TID 16)) 55.109ms
[186.113s][info][gc          ] Relocation Stall (Executor task launch worker for task 41.0 in stage 0.0 (TID 41)) 55.232ms
[186.114s][info][gc          ] Relocation Stall (Executor task launch worker for task 9.0 in stage 0.0 (TID 9)) 55.496ms
[186.114s][info][gc          ] Relocation Stall (Executor task launch worker for task 27.0 in stage 0.0 (TID 27)) 54.517ms
[186.114s][info][gc          ] Relocation Stall (Executor task launch worker for task 37.0 in stage 0.0 (TID 37)) 54.573ms
[186.114s][info][gc          ] Relocation Stall (Executor task launch worker for task 10.0 in stage 0.0 (TID 10)) 54.960ms
[186.114s][info][gc,phases   ] GC(86) Concurrent Relocate 57.840ms
[186.114s][info][gc,load     ] GC(86) Load: 0.00/0.00/0.00
[186.114s][info][gc,mmu      ] GC(86) MMU: 2ms/95.7%, 5ms/98.3%, 10ms/99.1%, 20ms/99.5%, 50ms/99.8%, 100ms/99.8%
[186.114s][info][gc,marking  ] GC(86) Mark: 4 stripe(s), 3 proactive flush(es), 1 terminate flush(es), 0 completion(s), 0 continuation(s) 
[186.114s][info][gc,marking  ] GC(86) Mark Stack Usage: 32M
[186.114s][info][gc,nmethod  ] GC(86) NMethods: 3403 registered, 29 unregistered
[186.114s][info][gc,metaspace] GC(86) Metaspace: 110M used, 116M committed, 1152M reserved
[186.114s][info][gc,ref      ] GC(86) Soft: 2808 encountered, 2175 discovered, 3 enqueued
[186.114s][info][gc,ref      ] GC(86) Weak: 13353 encountered, 4767 discovered, 306 enqueued
[186.114s][info][gc,ref      ] GC(86) Final: 40 encountered, 0 discovered, 0 enqueued
[186.114s][info][gc,ref      ] GC(86) Phantom: 1051 encountered, 910 discovered, 301 enqueued
[186.114s][info][gc,reloc    ] GC(86) Small Pages: 70 / 140M, Empty: 12M, Relocated: 3M, In-Place: 0
[186.114s][info][gc,reloc    ] GC(86) Medium Pages: 3 / 48M, Empty: 0M, Relocated: 25M, In-Place: 0
[186.114s][info][gc,reloc    ] GC(86) Large Pages: 65 / 304M, Empty: 60M, Relocated: 0M, In-Place: 0
[186.114s][info][gc,reloc    ] GC(86) Forwarding Usage: 0M
[186.114s][info][gc,heap     ] GC(86) Min Capacity: 8M(2%)
[186.114s][info][gc,heap     ] GC(86) Max Capacity: 512M(100%)
[186.114s][info][gc,heap     ] GC(86) Soft Max Capacity: 512M(100%)
[186.114s][info][gc,heap     ] GC(86)                Mark Start          Mark End        Relocate Start      Relocate End           High               Low         
[186.115s][info][gc,heap     ] GC(86)  Capacity:      512M (100%)        512M (100%)        512M (100%)        512M (100%)        512M (100%)        512M (100%)   
[186.115s][info][gc,heap     ] GC(86)      Free:       16M (3%)            0M (0%)           62M (12%)          50M (10%)          72M (14%)           0M (0%)     
[186.115s][info][gc,heap     ] GC(86)      Used:      496M (97%)         512M (100%)        450M (88%)         462M (90%)         512M (100%)        440M (86%)    
[186.115s][info][gc,heap     ] GC(86)      Live:         -               327M (64%)         327M (64%)         327M (64%)            -                  -          
[186.115s][info][gc,heap     ] GC(86) Allocated:         -                16M (3%)           26M (5%)          105M (21%)            -                  -          
[186.115s][info][gc,heap     ] GC(86)   Garbage:         -               168M (33%)          96M (19%)          29M (6%)             -                  -          
[186.115s][info][gc,heap     ] GC(86) Reclaimed:         -                  -                72M (14%)         139M (27%)            -                  -          
[186.115s][info][gc          ] GC(86) Garbage Collection (Allocation Stall) 496M(97%)->462M(90%)
[186.162s][info][gc,start    ] GC(87) Garbage Collection (Allocation Stall)
[186.162s][info][gc,ref      ] GC(87) Clearing All SoftReferences
[186.162s][info][gc,task     ] GC(87) Using 5 workers
[186.163s][info][gc,ref      ] GC(87) Clearing All SoftReferences
[186.163s][info][gc,phases   ] GC(87) Pause Mark Start 0.045ms
[186.163s][info][gc          ] Allocation Stall (Executor task launch worker for task 4.0 in stage 0.0 (TID 4)) 1.525ms
[186.212s][info][gc,phases   ] GC(87) Concurrent Mark 48.628ms
[186.212s][info][gc,phases   ] GC(87) Pause Mark End 0.019ms
[186.212s][info][gc,phases   ] GC(87) Concurrent Mark Free 0.001ms
[186.230s][info][gc,phases   ] GC(87) Concurrent Process Non-Strong References 17.673ms
[186.230s][info][gc,phases   ] GC(87) Concurrent Reset Relocation Set 0.006ms
[186.232s][info][gc          ] Allocation Stall (Executor task launch worker for task 25.0 in stage 0.0 (TID 25)) 51.716ms
[186.232s][info][gc          ] Allocation Stall (Executor task launch worker for task 1.0 in stage 0.0 (TID 1)) 51.670ms
[186.232s][info][gc          ] Allocation Stall (RemoteBlock-temp-file-clean-thread) 4.745ms
[186.232s][info][gc          ] Allocation Stall (Common-Cleaner) 2.219ms
[186.232s][info][gc          ] Allocation Stall (Executor task launch worker for task 16.0 in stage 0.0 (TID 16)) 51.630ms
[186.232s][info][gc          ] Allocation Stall (Executor task launch worker for task 9.0 in stage 0.0 (TID 9)) 51.769ms
[186.232s][info][gc          ] Allocation Stall (Executor task launch worker for task 2.0 in stage 0.0 (TID 2)) 51.628ms
[186.232s][info][gc          ] Allocation Stall (Executor task launch worker for task 46.0 in stage 0.0 (TID 46)) 52.114ms
[186.232s][info][gc          ] Allocation Stall (Executor task launch worker for task 41.0 in stage 0.0 (TID 41)) 52.084ms
[186.232s][info][gc          ] Allocation Stall (Executor task launch worker for task 27.0 in stage 0.0 (TID 27)) 51.626ms
[186.232s][info][gc          ] Allocation Stall (Executor task launch worker for task 44.0 in stage 0.0 (TID 44)) 40.882ms
[186.232s][info][gc          ] Allocation Stall (Executor task launch worker for task 10.0 in stage 0.0 (TID 10)) 51.996ms
[186.232s][info][gc          ] Allocation Stall (Executor task launch worker for task 37.0 in stage 0.0 (TID 37)) 52.419ms
[186.232s][info][gc          ] Allocation Stall (Reference Handler) 2.313ms
[186.232s][info][gc          ] Allocation Stall (Executor task launch worker for task 21.0 in stage 0.0 (TID 21)) 52.181ms
[186.232s][info][gc          ] Allocation Stall (Executor task launch worker for task 23.0 in stage 0.0 (TID 23)) 52.452ms
[186.232s][info][gc          ] Allocation Stall (Executor task launch worker for task 7.0 in stage 0.0 (TID 7)) 52.140ms
[186.232s][info][gc          ] Allocation Stall (Executor task launch worker for task 5.0 in stage 0.0 (TID 5)) 52.484ms
[186.232s][info][gc          ] Allocation Stall (Executor task launch worker for task 33.0 in stage 0.0 (TID 33)) 52.449ms
[186.233s][info][gc,phases   ] GC(87) Concurrent Select Relocation Set 2.469ms
[186.243s][info][gc,phases   ] GC(87) Pause Relocate Start 0.010ms
[186.275s][info][gc          ] Relocation Stall (Executor task launch worker for task 21.0 in stage 0.0 (TID 21)) 29.013ms
[186.275s][info][gc          ] Relocation Stall (Executor task launch worker for task 16.0 in stage 0.0 (TID 16)) 28.959ms
[186.277s][info][gc,phases   ] GC(87) Concurrent Relocate 33.657ms
[186.277s][info][gc,load     ] GC(87) Load: 0.00/0.00/0.00
[186.277s][info][gc,mmu      ] GC(87) MMU: 2ms/95.7%, 5ms/98.3%, 10ms/99.1%, 20ms/99.5%, 50ms/99.8%, 100ms/99.8%
[186.277s][info][gc,marking  ] GC(87) Mark: 4 stripe(s), 2 proactive flush(es), 1 terminate flush(es), 0 completion(s), 0 continuation(s) 
[186.277s][info][gc,marking  ] GC(87) Mark Stack Usage: 32M
[186.277s][info][gc,nmethod  ] GC(87) NMethods: 3626 registered, 73 unregistered
[186.277s][info][gc,metaspace] GC(87) Metaspace: 111M used, 116M committed, 1152M reserved
[186.277s][info][gc,ref      ] GC(87) Soft: 2845 encountered, 376 discovered, 33 enqueued
[186.277s][info][gc,ref      ] GC(87) Weak: 13408 encountered, 3197 discovered, 342 enqueued
[186.277s][info][gc,ref      ] GC(87) Final: 40 encountered, 0 discovered, 0 enqueued
[186.277s][info][gc,ref      ] GC(87) Phantom: 1071 encountered, 843 discovered, 321 enqueued
[186.277s][info][gc,reloc    ] GC(87) Small Pages: 79 / 158M, Empty: 10M, Relocated: 3M, In-Place: 0
[186.277s][info][gc,reloc    ] GC(87) Medium Pages: 3 / 48M, Empty: 0M, Relocated: 11M, In-Place: 0
[186.277s][info][gc,reloc    ] GC(87) Large Pages: 66 / 288M, Empty: 92M, Relocated: 0M, In-Place: 0
[186.277s][info][gc,reloc    ] GC(87) Forwarding Usage: 0M
[186.277s][info][gc,heap     ] GC(87) Min Capacity: 8M(2%)
[186.277s][info][gc,heap     ] GC(87) Max Capacity: 512M(100%)
[186.277s][info][gc,heap     ] GC(87) Soft Max Capacity: 512M(100%)
[186.278s][info][gc,heap     ] GC(87)                Mark Start          Mark End        Relocate Start      Relocate End           High               Low         
[186.278s][info][gc,heap     ] GC(87)  Capacity:      512M (100%)        512M (100%)        512M (100%)        512M (100%)        512M (100%)        512M (100%)   
[186.278s][info][gc,heap     ] GC(87)      Free:       16M (3%)            0M (0%)           96M (19%)         112M (22%)         112M (22%)           0M (0%)     
[186.278s][info][gc,heap     ] GC(87)      Used:      496M (97%)         512M (100%)        416M (81%)         400M (78%)         512M (100%)        400M (78%)    
[186.278s][info][gc,heap     ] GC(87)      Live:         -               277M (54%)         277M (54%)         277M (54%)            -                  -          
[186.278s][info][gc,heap     ] GC(87) Allocated:         -                16M (3%)           22M (4%)           88M (17%)            -                  -          
[186.278s][info][gc,heap     ] GC(87)   Garbage:         -               218M (43%)         116M (23%)          33M (7%)             -                  -          
[186.278s][info][gc,heap     ] GC(87) Reclaimed:         -                  -               102M (20%)         184M (36%)            -                  -          
[186.278s][info][gc          ] GC(87) Garbage Collection (Allocation Stall) 496M(97%)->400M(78%)
[186.298s][info][gc,start    ] GC(88) Garbage Collection (Allocation Stall)
[186.298s][info][gc,ref      ] GC(88) Clearing All SoftReferences
[186.298s][info][gc,task     ] GC(88) Using 5 workers
[186.299s][info][gc,ref      ] GC(88) Clearing All SoftReferences
[186.299s][info][gc,phases   ] GC(88) Pause Mark Start 0.041ms
[186.301s][info][gc          ] Allocation Stall (Executor task launch worker for task 37.0 in stage 0.0 (TID 37)) 0.123ms
[186.301s][info][gc          ] Allocation Stall (Executor task launch worker for task 10.0 in stage 0.0 (TID 10)) 0.131ms
[186.301s][info][gc          ] Allocation Stall (Executor task launch worker for task 41.0 in stage 0.0 (TID 41)) 0.130ms
[186.301s][info][gc          ] Allocation Stall (Executor task launch worker for task 46.0 in stage 0.0 (TID 46)) 0.128ms
[186.301s][info][gc          ] Allocation Stall (Executor task launch worker for task 1.0 in stage 0.0 (TID 1)) 0.133ms
[186.329s][info][gc          ] Allocation Stall (Executor task launch worker for task 46.0 in stage 0.0 (TID 46)) 3.640ms
[186.329s][info][gc          ] Allocation Stall (Executor task launch worker for task 33.0 in stage 0.0 (TID 33)) 3.614ms
[186.329s][info][gc          ] Allocation Stall (Executor task launch worker for task 23.0 in stage 0.0 (TID 23)) 3.182ms
[186.329s][info][gc          ] Allocation Stall (Executor task launch worker for task 16.0 in stage 0.0 (TID 16)) 2.762ms
[186.329s][info][gc          ] Allocation Stall (Executor task launch worker for task 1.0 in stage 0.0 (TID 1)) 2.701ms
[186.341s][info][gc          ] Allocation Stall (Executor task launch worker for task 26.0 in stage 0.0 (TID 26)) 3.751ms
[186.341s][info][gc          ] Allocation Stall (Executor task launch worker for task 43.0 in stage 0.0 (TID 43)) 3.715ms
[186.341s][info][gc          ] Allocation Stall (Executor task launch worker for task 30.0 in stage 0.0 (TID 30)) 2.733ms
[186.341s][info][gc          ] Allocation Stall (Executor task launch worker for task 21.0 in stage 0.0 (TID 21)) 2.179ms
[186.341s][info][gc          ] Allocation Stall (Executor task launch worker for task 36.0 in stage 0.0 (TID 36)) 4.184ms
[186.341s][info][gc          ] Allocation Stall (Executor task launch worker for task 17.0 in stage 0.0 (TID 17)) 4.133ms
[186.341s][info][gc          ] Allocation Stall (Executor task launch worker for task 34.0 in stage 0.0 (TID 34)) 4.042ms
[186.341s][info][gc          ] Allocation Stall (Executor task launch worker for task 0.0 in stage 0.0 (TID 0)) 3.936ms
[186.342s][info][gc          ] Allocation Stall (Executor task launch worker for task 27.0 in stage 0.0 (TID 27)) 2.746ms
[186.342s][info][gc          ] Allocation Stall (Executor task launch worker for task 33.0 in stage 0.0 (TID 33)) 2.712ms
[186.342s][info][gc          ] Allocation Stall (Executor task launch worker for task 11.0 in stage 0.0 (TID 11)) 2.742ms
[186.342s][info][gc          ] Allocation Stall (Executor task launch worker for task 46.0 in stage 0.0 (TID 46)) 2.722ms
[186.342s][info][gc          ] Allocation Stall (Executor task launch worker for task 37.0 in stage 0.0 (TID 37)) 2.624ms
[186.343s][info][gc          ] Allocation Stall (Executor task launch worker for task 16.0 in stage 0.0 (TID 16)) 2.796ms
[186.343s][info][gc          ] Allocation Stall (Executor task launch worker for task 35.0 in stage 0.0 (TID 35)) 2.589ms
[186.343s][info][gc          ] Allocation Stall (Executor task launch worker for task 3.0 in stage 0.0 (TID 3)) 2.466ms
[186.343s][info][gc          ] Allocation Stall (Executor task launch worker for task 15.0 in stage 0.0 (TID 15)) 2.449ms
[186.343s][info][gc          ] Allocation Stall (Executor task launch worker for task 20.0 in stage 0.0 (TID 20)) 2.495ms
[186.343s][info][gc          ] Allocation Stall (Executor task launch worker for task 7.0 in stage 0.0 (TID 7)) 2.519ms
[186.343s][info][gc          ] Allocation Stall (Executor task launch worker for task 13.0 in stage 0.0 (TID 13)) 2.487ms
[186.345s][info][gc          ] Allocation Stall (Executor task launch worker for task 40.0 in stage 0.0 (TID 40)) 3.798ms
[186.345s][info][gc          ] Allocation Stall (Executor task launch worker for task 45.0 in stage 0.0 (TID 45)) 3.771ms
[186.345s][info][gc          ] Allocation Stall (Executor task launch worker for task 23.0 in stage 0.0 (TID 23)) 3.815ms
[186.345s][info][gc          ] Allocation Stall (Executor task launch worker for task 5.0 in stage 0.0 (TID 5)) 4.227ms
[186.345s][info][gc          ] Allocation Stall (Executor task launch worker for task 9.0 in stage 0.0 (TID 9)) 4.177ms
[186.345s][info][gc          ] Allocation Stall (Executor task launch worker for task 10.0 in stage 0.0 (TID 10)) 4.191ms
[186.345s][info][gc          ] Allocation Stall (Executor task launch worker for task 1.0 in stage 0.0 (TID 1)) 3.994ms
[186.345s][info][gc          ] Allocation Stall (Executor task launch worker for task 2.0 in stage 0.0 (TID 2)) 4.043ms
[186.346s][info][gc          ] Allocation Stall (Executor task launch worker for task 19.0 in stage 0.0 (TID 19)) 4.736ms
[186.379s][info][gc,phases   ] GC(88) Concurrent Mark 79.475ms
[186.379s][info][gc,phases   ] GC(88) Pause Mark End 0.026ms
[186.379s][info][gc,phases   ] GC(88) Concurrent Mark Free 0.001ms
[186.395s][info][gc,phases   ] GC(88) Concurrent Process Non-Strong References 16.343ms
[186.395s][info][gc,phases   ] GC(88) Concurrent Reset Relocation Set 0.008ms
[186.398s][info][gc          ] Allocation Stall (Executor task launch worker for task 33.0 in stage 0.0 (TID 33)) 45.497ms
[186.398s][info][gc          ] Allocation Stall (Executor task launch worker for task 46.0 in stage 0.0 (TID 46)) 45.141ms
[186.398s][info][gc          ] Allocation Stall (Executor task launch worker for task 1.0 in stage 0.0 (TID 1)) 45.557ms
[186.398s][info][gc          ] Allocation Stall (Executor task launch worker for task 25.0 in stage 0.0 (TID 25)) 44.524ms
[186.398s][info][gc          ] Allocation Stall (Executor task launch worker for task 2.0 in stage 0.0 (TID 2)) 45.212ms
[186.398s][info][gc          ] Allocation Stall (Executor task launch worker for task 41.0 in stage 0.0 (TID 41)) 44.241ms
[186.398s][info][gc          ] Allocation Stall (Executor task launch worker for task 9.0 in stage 0.0 (TID 9)) 45.487ms
[186.398s][info][gc          ] Allocation Stall (Executor task launch worker for task 27.0 in stage 0.0 (TID 27)) 44.267ms
[186.398s][info][gc          ] Allocation Stall (Executor task launch worker for task 23.0 in stage 0.0 (TID 23)) 44.225ms
[186.398s][info][gc          ] Allocation Stall (Common-Cleaner) 2.279ms
[186.398s][info][gc          ] Allocation Stall (Executor task launch worker for task 5.0 in stage 0.0 (TID 5)) 45.207ms
[186.398s][info][gc          ] Allocation Stall (Executor task launch worker for task 19.0 in stage 0.0 (TID 19)) 41.134ms
[186.398s][info][gc          ] Allocation Stall (Executor task launch worker for task 7.0 in stage 0.0 (TID 7)) 45.472ms
[186.398s][info][gc          ] Allocation Stall (Executor task launch worker for task 21.0 in stage 0.0 (TID 21)) 45.519ms
[186.398s][info][gc          ] Allocation Stall (Executor task launch worker for task 37.0 in stage 0.0 (TID 37)) 44.236ms
[186.398s][info][gc          ] Allocation Stall (Executor task launch worker for task 10.0 in stage 0.0 (TID 10)) 45.168ms
[186.398s][info][gc          ] Allocation Stall (Spark Context Cleaner) 34.655ms
[186.398s][info][gc          ] Allocation Stall (Executor task launch worker for task 16.0 in stage 0.0 (TID 16)) 44.248ms
[186.398s][info][gc,phases   ] GC(88) Concurrent Select Relocation Set 2.377ms
[186.399s][info][gc,phases   ] GC(88) Pause Relocate Start 0.008ms
[186.407s][info][gc,phases   ] GC(88) Concurrent Relocate 8.359ms
[186.407s][info][gc,load     ] GC(88) Load: 0.00/0.00/0.00
[186.407s][info][gc,mmu      ] GC(88) MMU: 2ms/95.7%, 5ms/98.3%, 10ms/99.1%, 20ms/99.5%, 50ms/99.8%, 100ms/99.8%
[186.407s][info][gc,marking  ] GC(88) Mark: 4 stripe(s), 2 proactive flush(es), 1 terminate flush(es), 0 completion(s), 0 continuation(s) 
[186.407s][info][gc,marking  ] GC(88) Mark Stack Usage: 32M
[186.407s][info][gc,nmethod  ] GC(88) NMethods: 3797 registered, 91 unregistered
[186.407s][info][gc,metaspace] GC(88) Metaspace: 111M used, 116M committed, 1152M reserved
[186.407s][info][gc,ref      ] GC(88) Soft: 2833 encountered, 1689 discovered, 11 enqueued
[186.407s][info][gc,ref      ] GC(88) Weak: 13176 encountered, 5700 discovered, 111 enqueued
[186.407s][info][gc,ref      ] GC(88) Final: 40 encountered, 0 discovered, 0 enqueued
[186.407s][info][gc,ref      ] GC(88) Phantom: 847 encountered, 625 discovered, 97 enqueued
[186.407s][info][gc,reloc    ] GC(88) Small Pages: 90 / 180M, Empty: 64M, Relocated: 3M, In-Place: 0
[186.407s][info][gc,reloc    ] GC(88) Medium Pages: 3 / 48M, Empty: 0M, Relocated: 11M, In-Place: 0
[186.407s][info][gc,reloc    ] GC(88) Large Pages: 49 / 196M, Empty: 0M, Relocated: 0M, In-Place: 0
[186.407s][info][gc,reloc    ] GC(88) Forwarding Usage: 0M
[186.407s][info][gc,heap     ] GC(88) Min Capacity: 8M(2%)
[186.407s][info][gc,heap     ] GC(88) Max Capacity: 512M(100%)
[186.407s][info][gc,heap     ] GC(88) Soft Max Capacity: 512M(100%)
[186.407s][info][gc,heap     ] GC(88)                Mark Start          Mark End        Relocate Start      Relocate End           High               Low         
[186.407s][info][gc,heap     ] GC(88)  Capacity:      512M (100%)        512M (100%)        512M (100%)        512M (100%)        512M (100%)        512M (100%)   
[186.407s][info][gc,heap     ] GC(88)      Free:       88M (17%)           0M (0%)           58M (11%)         108M (21%)         108M (21%)           0M (0%)     
[186.407s][info][gc,heap     ] GC(88)      Used:      424M (83%)         512M (100%)        454M (89%)         404M (79%)         512M (100%)        404M (79%)    
[186.407s][info][gc,heap     ] GC(88)      Live:         -               277M (54%)         277M (54%)         277M (54%)            -                  -          
[186.408s][info][gc,heap     ] GC(88) Allocated:         -                88M (17%)          94M (18%)          93M (18%)            -                  -          
[186.408s][info][gc,heap     ] GC(88)   Garbage:         -               146M (29%)          82M (16%)          32M (6%)             -                  -          
[186.408s][info][gc,heap     ] GC(88) Reclaimed:         -                  -                64M (13%)         113M (22%)            -                  -          
[186.408s][info][gc          ] GC(88) Garbage Collection (Allocation Stall) 424M(83%)->404M(79%)
[186.481s][info][gc,start    ] GC(89) Garbage Collection (Allocation Stall)
[186.481s][info][gc,ref      ] GC(89) Clearing All SoftReferences
[186.481s][info][gc,task     ] GC(89) Using 5 workers
[186.492s][info][gc,ref      ] GC(89) Clearing All SoftReferences
[186.492s][info][gc,phases   ] GC(89) Pause Mark Start 0.045ms
[186.539s][info][gc,phases   ] GC(89) Concurrent Mark 46.733ms
[186.539s][info][gc,phases   ] GC(89) Pause Mark End 0.015ms
[186.539s][info][gc,phases   ] GC(89) Concurrent Mark Free 0.001ms
[186.561s][info][gc,phases   ] GC(89) Concurrent Process Non-Strong References 21.694ms
[186.561s][info][gc,phases   ] GC(89) Concurrent Reset Relocation Set 0.006ms
[186.564s][info][gc          ] Allocation Stall (Executor task launch worker for task 25.0 in stage 0.0 (TID 25)) 71.395ms
[186.564s][info][gc          ] Allocation Stall (Executor task launch worker for task 27.0 in stage 0.0 (TID 27)) 82.820ms
[186.564s][info][gc          ] Allocation Stall (Executor task launch worker for task 10.0 in stage 0.0 (TID 10)) 82.854ms
[186.564s][info][gc          ] Allocation Stall (Common-Cleaner) 2.408ms
[186.564s][info][gc          ] Allocation Stall (Executor task launch worker for task 21.0 in stage 0.0 (TID 21)) 71.399ms
[186.564s][info][gc          ] Allocation Stall (Executor task launch worker for task 23.0 in stage 0.0 (TID 23)) 71.400ms
[186.564s][info][gc          ] Allocation Stall (Executor task launch worker for task 16.0 in stage 0.0 (TID 16)) 82.837ms
[186.564s][info][gc          ] Allocation Stall (Executor task launch worker for task 33.0 in stage 0.0 (TID 33)) 82.970ms
[186.564s][info][gc          ] Allocation Stall (Executor task launch worker for task 5.0 in stage 0.0 (TID 5)) 71.152ms
[186.564s][info][gc          ] Allocation Stall (Executor task launch worker for task 9.0 in stage 0.0 (TID 9)) 82.886ms
[186.564s][info][gc          ] Allocation Stall (Executor task launch worker for task 37.0 in stage 0.0 (TID 37)) 71.405ms
[186.564s][info][gc          ] Allocation Stall (Executor task launch worker for task 1.0 in stage 0.0 (TID 1)) 71.412ms
[186.564s][info][gc          ] Allocation Stall (Executor task launch worker for task 7.0 in stage 0.0 (TID 7)) 71.413ms
[186.564s][info][gc          ] Allocation Stall (Executor task launch worker for task 2.0 in stage 0.0 (TID 2)) 71.182ms
[186.564s][info][gc          ] Allocation Stall (Spark Context Cleaner) 55.936ms
[186.564s][info][gc          ] Allocation Stall (Reference Handler) 2.459ms
[186.564s][info][gc          ] Allocation Stall (Executor task launch worker for task 31.0 in stage 0.0 (TID 31)) 71.298ms
[186.564s][info][gc          ] Allocation Stall (Executor task launch worker for task 46.0 in stage 0.0 (TID 46)) 82.867ms
[186.564s][info][gc          ] Allocation Stall (Executor task launch worker for task 41.0 in stage 0.0 (TID 41)) 82.864ms
[186.566s][info][gc,phases   ] GC(89) Concurrent Select Relocation Set 4.697ms
[186.566s][info][gc,phases   ] GC(89) Pause Relocate Start 0.008ms
[186.606s][info][gc,phases   ] GC(89) Concurrent Relocate 40.294ms
[186.607s][info][gc,load     ] GC(89) Load: 0.00/0.00/0.00
[186.607s][info][gc,mmu      ] GC(89) MMU: 2ms/95.7%, 5ms/98.3%, 10ms/99.1%, 20ms/99.5%, 50ms/99.8%, 100ms/99.8%
[186.607s][info][gc,marking  ] GC(89) Mark: 4 stripe(s), 2 proactive flush(es), 1 terminate flush(es), 0 completion(s), 0 continuation(s) 
[186.607s][info][gc,marking  ] GC(89) Mark Stack Usage: 32M
[186.607s][info][gc,nmethod  ] GC(89) NMethods: 3978 registered, 122 unregistered
[186.607s][info][gc,metaspace] GC(89) Metaspace: 112M used, 116M committed, 1152M reserved
[186.607s][info][gc,ref      ] GC(89) Soft: 2842 encountered, 2284 discovered, 39 enqueued
[186.607s][info][gc,ref      ] GC(89) Weak: 13457 encountered, 3567 discovered, 382 enqueued
[186.607s][info][gc,ref      ] GC(89) Final: 40 encountered, 0 discovered, 0 enqueued
[186.607s][info][gc,ref      ] GC(89) Phantom: 1100 encountered, 896 discovered, 350 enqueued
[186.607s][info][gc,reloc    ] GC(89) Small Pages: 130 / 260M, Empty: 86M, Relocated: 5M, In-Place: 0
[186.607s][info][gc,reloc    ] GC(89) Medium Pages: 3 / 48M, Empty: 0M, Relocated: 9M, In-Place: 0
[186.607s][info][gc,reloc    ] GC(89) Large Pages: 51 / 204M, Empty: 0M, Relocated: 0M, In-Place: 0
[186.607s][info][gc,reloc    ] GC(89) Forwarding Usage: 1M
[186.607s][info][gc,heap     ] GC(89) Min Capacity: 8M(2%)
[186.607s][info][gc,heap     ] GC(89) Max Capacity: 512M(100%)
[186.607s][info][gc,heap     ] GC(89) Soft Max Capacity: 512M(100%)
[186.607s][info][gc,heap     ] GC(89)                Mark Start          Mark End        Relocate Start      Relocate End           High               Low         
[186.607s][info][gc,heap     ] GC(89)  Capacity:      512M (100%)        512M (100%)        512M (100%)        512M (100%)        512M (100%)        512M (100%)   
[186.607s][info][gc,heap     ] GC(89)      Free:        0M (0%)            0M (0%)           78M (15%)          86M (17%)         102M (20%)           0M (0%)     
[186.607s][info][gc,heap     ] GC(89)      Used:      512M (100%)        512M (100%)        434M (85%)         426M (83%)         512M (100%)        410M (80%)    
[186.607s][info][gc,heap     ] GC(89)      Live:         -               285M (56%)         285M (56%)         285M (56%)            -                  -          
[186.607s][info][gc,heap     ] GC(89) Allocated:         -                 0M (0%)            8M (2%)          114M (22%)            -                  -          
[186.607s][info][gc,heap     ] GC(89)   Garbage:         -               226M (44%)         140M (27%)          25M (5%)             -                  -          
[186.607s][info][gc,heap     ] GC(89) Reclaimed:         -                  -                86M (17%)         200M (39%)            -                  -          
[186.607s][info][gc          ] GC(89) Garbage Collection (Allocation Stall) 512M(100%)->426M(83%)
[186.650s][info][gc,start    ] GC(90) Garbage Collection (Allocation Stall)
[186.650s][info][gc,ref      ] GC(90) Clearing All SoftReferences
[186.650s][info][gc,task     ] GC(90) Using 5 workers
[186.650s][info][gc,ref      ] GC(90) Clearing All SoftReferences
[186.650s][info][gc,phases   ] GC(90) Pause Mark Start 0.052ms
[186.690s][info][gc,phases   ] GC(90) Concurrent Mark 39.974ms
[186.691s][info][gc,phases   ] GC(90) Pause Mark End 0.012ms
[186.691s][info][gc,phases   ] GC(90) Concurrent Mark Free 0.002ms
[186.712s][info][gc,phases   ] GC(90) Concurrent Process Non-Strong References 20.970ms
[186.712s][info][gc,phases   ] GC(90) Concurrent Reset Relocation Set 0.009ms
[186.714s][info][gc          ] Allocation Stall (Executor task launch worker for task 33.0 in stage 0.0 (TID 33)) 63.866ms
[186.714s][info][gc          ] Allocation Stall (Executor task launch worker for task 46.0 in stage 0.0 (TID 46)) 63.885ms
[186.714s][info][gc          ] Allocation Stall (Executor task launch worker for task 41.0 in stage 0.0 (TID 41)) 63.863ms
[186.714s][info][gc          ] Allocation Stall (Executor task launch worker for task 37.0 in stage 0.0 (TID 37)) 63.874ms
[186.714s][info][gc          ] Allocation Stall (Executor task launch worker for task 7.0 in stage 0.0 (TID 7)) 63.865ms
[186.714s][info][gc          ] Allocation Stall (Executor task launch worker for task 2.0 in stage 0.0 (TID 2)) 63.883ms
[186.714s][info][gc          ] Allocation Stall (Executor task launch worker for task 1.0 in stage 0.0 (TID 1)) 64.261ms
[186.714s][info][gc          ] Allocation Stall (Executor task launch worker for task 16.0 in stage 0.0 (TID 16)) 60.887ms
[186.714s][info][gc          ] Allocation Stall (Executor task launch worker for task 25.0 in stage 0.0 (TID 25)) 63.885ms
[186.714s][info][gc          ] Allocation Stall (Common-Cleaner) 2.672ms
[186.714s][info][gc          ] Allocation Stall (Executor task launch worker for task 27.0 in stage 0.0 (TID 27)) 60.596ms
[186.714s][info][gc          ] Allocation Stall (Reference Handler) 2.698ms
[186.714s][info][gc          ] Allocation Stall (Executor task launch worker for task 21.0 in stage 0.0 (TID 21)) 63.863ms
[186.714s][info][gc          ] Allocation Stall (Executor task launch worker for task 36.0 in stage 0.0 (TID 36)) 63.886ms
[186.714s][info][gc          ] Allocation Stall (Executor task launch worker for task 9.0 in stage 0.0 (TID 9)) 63.889ms
[186.714s][info][gc          ] Allocation Stall (Executor task launch worker for task 5.0 in stage 0.0 (TID 5)) 64.412ms
[186.714s][info][gc          ] Allocation Stall (Spark Context Cleaner) 39.557ms
[186.714s][info][gc          ] Allocation Stall (Executor task launch worker for task 23.0 in stage 0.0 (TID 23)) 60.079ms
[186.714s][info][gc          ] Allocation Stall (Executor task launch worker for task 10.0 in stage 0.0 (TID 10)) 63.901ms
[186.715s][info][gc,phases   ] GC(90) Concurrent Select Relocation Set 3.004ms
[186.716s][info][gc,phases   ] GC(90) Pause Relocate Start 0.009ms
[186.740s][info][gc,phases   ] GC(90) Concurrent Relocate 23.967ms
[186.740s][info][gc,load     ] GC(90) Load: 0.00/0.00/0.00
[186.740s][info][gc,mmu      ] GC(90) MMU: 2ms/95.7%, 5ms/98.3%, 10ms/99.1%, 20ms/99.5%, 50ms/99.8%, 100ms/99.8%
[186.740s][info][gc,marking  ] GC(90) Mark: 4 stripe(s), 2 proactive flush(es), 1 terminate flush(es), 0 completion(s), 0 continuation(s) 
[186.740s][info][gc,marking  ] GC(90) Mark Stack Usage: 32M
[186.740s][info][gc,nmethod  ] GC(90) NMethods: 4145 registered, 142 unregistered
[186.740s][info][gc,metaspace] GC(90) Metaspace: 113M used, 116M committed, 1152M reserved
[186.740s][info][gc,ref      ] GC(90) Soft: 2841 encountered, 2311 discovered, 38 enqueued
[186.740s][info][gc,ref      ] GC(90) Weak: 13238 encountered, 4330 discovered, 154 enqueued
[186.740s][info][gc,ref      ] GC(90) Final: 40 encountered, 3 discovered, 0 enqueued
[186.740s][info][gc,ref      ] GC(90) Phantom: 888 encountered, 613 discovered, 138 enqueued
[186.740s][info][gc,reloc    ] GC(90) Small Pages: 116 / 232M, Empty: 64M, Relocated: 2M, In-Place: 0
[186.740s][info][gc,reloc    ] GC(90) Medium Pages: 3 / 48M, Empty: 0M, Relocated: 9M, In-Place: 0
[186.740s][info][gc,reloc    ] GC(90) Large Pages: 58 / 232M, Empty: 0M, Relocated: 0M, In-Place: 0
[186.740s][info][gc,reloc    ] GC(90) Forwarding Usage: 0M
[186.740s][info][gc,heap     ] GC(90) Min Capacity: 8M(2%)
[186.740s][info][gc,heap     ] GC(90) Max Capacity: 512M(100%)
[186.740s][info][gc,heap     ] GC(90) Soft Max Capacity: 512M(100%)
[186.740s][info][gc,heap     ] GC(90)                Mark Start          Mark End        Relocate Start      Relocate End           High               Low         
[186.740s][info][gc,heap     ] GC(90)  Capacity:      512M (100%)        512M (100%)        512M (100%)        512M (100%)        512M (100%)        512M (100%)   
[186.740s][info][gc,heap     ] GC(90)      Free:        0M (0%)            0M (0%)           52M (10%)          26M (5%)           82M (16%)           0M (0%)     
[186.740s][info][gc,heap     ] GC(90)      Used:      512M (100%)        512M (100%)        460M (90%)         486M (95%)         512M (100%)        430M (84%)    
[186.740s][info][gc,heap     ] GC(90)      Live:         -               308M (60%)         308M (60%)         308M (60%)            -                  -          
[186.740s][info][gc,heap     ] GC(90) Allocated:         -                 0M (0%)           12M (2%)          144M (28%)            -                  -          
[186.740s][info][gc,heap     ] GC(90)   Garbage:         -               203M (40%)         139M (27%)          33M (7%)             -                  -          
[186.740s][info][gc,heap     ] GC(90) Reclaimed:         -                  -                64M (13%)         170M (33%)            -                  -          
[186.740s][info][gc          ] GC(90) Garbage Collection (Allocation Stall) 512M(100%)->486M(95%)
[186.749s][info][gc,start    ] GC(91) Garbage Collection (Allocation Stall)
[186.749s][info][gc,ref      ] GC(91) Clearing All SoftReferences
[186.749s][info][gc,task     ] GC(91) Using 5 workers
[186.750s][info][gc,ref      ] GC(91) Clearing All SoftReferences
[186.750s][info][gc,phases   ] GC(91) Pause Mark Start 0.047ms
[186.750s][info][gc          ] Allocation Stall (Executor task launch worker for task 7.0 in stage 0.0 (TID 7)) 0.942ms
[186.813s][info][gc,phases   ] GC(91) Concurrent Mark 62.625ms
[186.813s][info][gc,phases   ] GC(91) Pause Mark End 0.025ms
[186.813s][info][gc,phases   ] GC(91) Concurrent Mark Free 0.001ms
[186.838s][info][gc,phases   ] GC(91) Concurrent Process Non-Strong References 25.042ms
[186.838s][info][gc,phases   ] GC(91) Concurrent Reset Relocation Set 0.008ms
[186.841s][info][gc          ] Allocation Stall (Executor task launch worker for task 0.0 in stage 0.0 (TID 0)) 40.526ms
[186.841s][info][gc          ] Allocation Stall (Executor task launch worker for task 38.0 in stage 0.0 (TID 38)) 40.609ms
[186.841s][info][gc          ] Allocation Stall (Executor task launch worker for task 40.0 in stage 0.0 (TID 40)) 40.285ms
[186.841s][info][gc          ] Allocation Stall (Executor task launch worker for task 8.0 in stage 0.0 (TID 8)) 40.530ms
[186.841s][info][gc          ] Allocation Stall (Executor task launch worker for task 30.0 in stage 0.0 (TID 30)) 40.190ms
[186.841s][info][gc          ] Allocation Stall (Executor task launch worker for task 18.0 in stage 0.0 (TID 18)) 39.759ms
[186.841s][info][gc          ] Allocation Stall (Executor task launch worker for task 24.0 in stage 0.0 (TID 24)) 41.638ms
[186.841s][info][gc          ] Allocation Stall (Executor task launch worker for task 6.0 in stage 0.0 (TID 6)) 40.322ms
[186.841s][info][gc          ] Allocation Stall (Executor task launch worker for task 35.0 in stage 0.0 (TID 35)) 39.807ms
[186.841s][info][gc          ] Allocation Stall (Executor task launch worker for task 15.0 in stage 0.0 (TID 15)) 39.872ms
[186.841s][info][gc          ] Allocation Stall (Executor task launch worker for task 39.0 in stage 0.0 (TID 39)) 40.200ms
[186.841s][info][gc          ] Allocation Stall (Executor task launch worker for task 16.0 in stage 0.0 (TID 16)) 86.938ms
[186.841s][info][gc          ] Allocation Stall (Executor task launch worker for task 44.0 in stage 0.0 (TID 44)) 43.021ms
[186.841s][info][gc          ] Allocation Stall (Executor task launch worker for task 47.0 in stage 0.0 (TID 47)) 41.035ms
[186.841s][info][gc          ] Allocation Stall (Executor task launch worker for task 45.0 in stage 0.0 (TID 45)) 39.773ms
[186.841s][info][gc          ] Allocation Stall (Executor task launch worker for task 43.0 in stage 0.0 (TID 43)) 40.115ms
[186.841s][info][gc          ] Allocation Stall (C1 CompilerThread0) 46.303ms
[186.841s][info][gc          ] Allocation Stall (Executor task launch worker for task 17.0 in stage 0.0 (TID 17)) 40.444ms
[186.841s][info][gc          ] Allocation Stall (Executor task launch worker for task 34.0 in stage 0.0 (TID 34)) 40.090ms
[186.841s][info][gc          ] Allocation Stall (Executor task launch worker for task 14.0 in stage 0.0 (TID 14)) 41.188ms
[186.841s][info][gc          ] Allocation Stall (Executor task launch worker for task 10.0 in stage 0.0 (TID 10)) 87.073ms
[186.841s][info][gc          ] Allocation Stall (Executor task launch worker for task 32.0 in stage 0.0 (TID 32)) 40.121ms
[186.841s][info][gc          ] Allocation Stall (Executor task launch worker for task 42.0 in stage 0.0 (TID 42)) 41.401ms
[186.841s][info][gc          ] Allocation Stall (Executor task launch worker for task 22.0 in stage 0.0 (TID 22)) 40.713ms
[186.841s][info][gc          ] Allocation Stall (Executor task launch worker for task 21.0 in stage 0.0 (TID 21)) 86.635ms
[186.841s][info][gc          ] Allocation Stall (Executor task launch worker for task 31.0 in stage 0.0 (TID 31)) 39.736ms
[186.841s][info][gc          ] Allocation Stall (Executor task launch worker for task 41.0 in stage 0.0 (TID 41)) 85.911ms
[186.841s][info][gc          ] Allocation Stall (Executor task launch worker for task 27.0 in stage 0.0 (TID 27)) 85.660ms
[186.841s][info][gc          ] Allocation Stall (Executor task launch worker for task 12.0 in stage 0.0 (TID 12)) 42.195ms
[186.841s][info][gc          ] Allocation Stall (Executor task launch worker for task 9.0 in stage 0.0 (TID 9)) 86.240ms
[186.841s][info][gc          ] Allocation Stall (Executor task launch worker for task 2.0 in stage 0.0 (TID 2)) 86.011ms
[186.841s][info][gc          ] Allocation Stall (Executor task launch worker for task 25.0 in stage 0.0 (TID 25)) 85.666ms
[186.841s][info][gc          ] Allocation Stall (Executor task launch worker for task 29.0 in stage 0.0 (TID 29)) 42.078ms
[186.841s][info][gc          ] Allocation Stall (Executor task launch worker for task 13.0 in stage 0.0 (TID 13)) 40.281ms
[186.841s][info][gc          ] Allocation Stall (Executor task launch worker for task 5.0 in stage 0.0 (TID 5)) 81.246ms
[186.841s][info][gc          ] Allocation Stall (Executor task launch worker for task 46.0 in stage 0.0 (TID 46)) 85.862ms
[186.841s][info][gc          ] Allocation Stall (Executor task launch worker for task 33.0 in stage 0.0 (TID 33)) 86.978ms
[186.841s][info][gc          ] Allocation Stall (Executor task launch worker for task 23.0 in stage 0.0 (TID 23)) 85.561ms
[186.841s][info][gc          ] Allocation Stall (Executor task launch worker for task 37.0 in stage 0.0 (TID 37)) 87.340ms
[186.841s][info][gc          ] Allocation Stall (Executor task launch worker for task 26.0 in stage 0.0 (TID 26)) 40.273ms
[186.841s][info][gc          ] Allocation Stall (Executor task launch worker for task 19.0 in stage 0.0 (TID 19)) 41.412ms
[186.841s][info][gc          ] Allocation Stall (Executor task launch worker for task 36.0 in stage 0.0 (TID 36)) 40.606ms
[186.841s][info][gc          ] Allocation Stall (Executor task launch worker for task 7.0 in stage 0.0 (TID 7)) 87.065ms
[186.841s][info][gc          ] Allocation Stall (Executor task launch worker for task 20.0 in stage 0.0 (TID 20)) 40.363ms
[186.841s][info][gc          ] Allocation Stall (Executor task launch worker for task 1.0 in stage 0.0 (TID 1)) 87.111ms
[186.841s][info][gc          ] Allocation Stall (Executor task launch worker for task 11.0 in stage 0.0 (TID 11)) 39.791ms
[186.842s][info][gc          ] Allocation Stall (Executor task launch worker for task 28.0 in stage 0.0 (TID 28)) 39.865ms
[186.842s][info][gc          ] Allocation Stall (Executor task launch worker for task 4.0 in stage 0.0 (TID 4)) 39.901ms
[186.842s][info][gc          ] Allocation Stall (Executor task launch worker for task 3.0 in stage 0.0 (TID 3)) 39.945ms
[186.842s][info][gc          ] Allocation Stall (Spark Context Cleaner) 12.998ms
[186.842s][info][gc          ] Allocation Stall (Common-Cleaner) 3.291ms
[186.844s][info][gc,phases   ] GC(91) Concurrent Select Relocation Set 5.696ms
[186.857s][info][gc,phases   ] GC(91) Pause Relocate Start 0.007ms
[186.863s][info][gc          ] Allocation Stall (Executor task launch worker for task 42.0 in stage 0.0 (TID 42)) 1.112ms
[186.870s][info][gc          ] Allocation Stall (Executor task launch worker for task 24.0 in stage 0.0 (TID 24)) 7.189ms
[186.870s][info][gc          ] Allocation Stall (Executor task launch worker for task 11.0 in stage 0.0 (TID 11)) 7.301ms
[186.873s][info][gc          ] Allocation Stall (Executor task launch worker for task 2.0 in stage 0.0 (TID 2)) 9.996ms
[186.873s][info][gc          ] Allocation Stall (Executor task launch worker for task 18.0 in stage 0.0 (TID 18)) 9.979ms
[186.873s][info][gc          ] Allocation Stall (Executor task launch worker for task 22.0 in stage 0.0 (TID 22)) 10.891ms
[186.873s][info][gc          ] Allocation Stall (Executor task launch worker for task 15.0 in stage 0.0 (TID 15)) 10.847ms
[186.873s][info][gc          ] Allocation Stall (Executor task launch worker for task 46.0 in stage 0.0 (TID 46)) 10.800ms
[186.873s][info][gc          ] Allocation Stall (Executor task launch worker for task 17.0 in stage 0.0 (TID 17)) 10.592ms
[186.873s][info][gc          ] Allocation Stall (Executor task launch worker for task 36.0 in stage 0.0 (TID 36)) 10.582ms
[186.873s][info][gc          ] Allocation Stall (Executor task launch worker for task 44.0 in stage 0.0 (TID 44)) 10.364ms
[186.873s][info][gc          ] Allocation Stall (Executor task launch worker for task 8.0 in stage 0.0 (TID 8)) 10.569ms
[186.873s][info][gc          ] Allocation Stall (Executor task launch worker for task 5.0 in stage 0.0 (TID 5)) 10.258ms
[186.873s][info][gc          ] Allocation Stall (Executor task launch worker for task 12.0 in stage 0.0 (TID 12)) 10.005ms
[186.873s][info][gc          ] Allocation Stall (Executor task launch worker for task 16.0 in stage 0.0 (TID 16)) 10.264ms
[186.877s][info][gc          ] Allocation Stall (Executor task launch worker for task 34.0 in stage 0.0 (TID 34)) 12.391ms
[186.877s][info][gc          ] Allocation Stall (Executor task launch worker for task 4.0 in stage 0.0 (TID 4)) 14.258ms
[186.877s][info][gc          ] Allocation Stall (Executor task launch worker for task 19.0 in stage 0.0 (TID 19)) 12.266ms
[186.877s][info][gc          ] Allocation Stall (Executor task launch worker for task 20.0 in stage 0.0 (TID 20)) 14.162ms
[186.877s][info][gc          ] Allocation Stall (Executor task launch worker for task 39.0 in stage 0.0 (TID 39)) 14.143ms
[186.877s][info][gc          ] Allocation Stall (Executor task launch worker for task 42.0 in stage 0.0 (TID 42)) 12.272ms
[186.877s][info][gc          ] Allocation Stall (Executor task launch worker for task 0.0 in stage 0.0 (TID 0)) 12.265ms
[186.877s][info][gc          ] Allocation Stall (Executor task launch worker for task 31.0 in stage 0.0 (TID 31)) 13.955ms
[186.877s][info][gc          ] Allocation Stall (Executor task launch worker for task 23.0 in stage 0.0 (TID 23)) 12.229ms
[186.877s][info][gc          ] Allocation Stall (Executor task launch worker for task 40.0 in stage 0.0 (TID 40)) 11.807ms
[186.877s][info][gc          ] Allocation Stall (Executor task launch worker for task 13.0 in stage 0.0 (TID 13)) 11.793ms
[186.877s][info][gc          ] Allocation Stall (Executor task launch worker for task 7.0 in stage 0.0 (TID 7)) 11.744ms
[186.877s][info][gc          ] Allocation Stall (Executor task launch worker for task 29.0 in stage 0.0 (TID 29)) 11.594ms
[186.877s][info][gc          ] Allocation Stall (Executor task launch worker for task 3.0 in stage 0.0 (TID 3)) 11.589ms
[186.877s][info][gc          ] Allocation Stall (Executor task launch worker for task 14.0 in stage 0.0 (TID 14)) 11.471ms
[186.877s][info][gc          ] Allocation Stall (Executor task launch worker for task 28.0 in stage 0.0 (TID 28)) 12.713ms
[186.877s][info][gc          ] Allocation Stall (Executor task launch worker for task 38.0 in stage 0.0 (TID 38)) 12.731ms
[186.877s][info][gc          ] Allocation Stall (Executor task launch worker for task 10.0 in stage 0.0 (TID 10)) 11.486ms
[186.877s][info][gc          ] Allocation Stall (Executor task launch worker for task 27.0 in stage 0.0 (TID 27)) 12.647ms
[186.877s][info][gc          ] Allocation Stall (Executor task launch worker for task 35.0 in stage 0.0 (TID 35)) 12.618ms
[186.877s][info][gc          ] Allocation Stall (Executor task launch worker for task 1.0 in stage 0.0 (TID 1)) 12.598ms
[186.878s][info][gc          ] Allocation Stall (Executor task launch worker for task 32.0 in stage 0.0 (TID 32)) 11.467ms
[186.878s][info][gc          ] Allocation Stall (Executor task launch worker for task 45.0 in stage 0.0 (TID 45)) 11.493ms
[186.878s][info][gc          ] Allocation Stall (Executor task launch worker for task 26.0 in stage 0.0 (TID 26)) 11.544ms
[186.878s][info][gc          ] Allocation Stall (Executor task launch worker for task 43.0 in stage 0.0 (TID 43)) 11.557ms
[186.878s][info][gc          ] Allocation Stall (Executor task launch worker for task 33.0 in stage 0.0 (TID 33)) 11.597ms
[186.878s][info][gc          ] Allocation Stall (Executor task launch worker for task 47.0 in stage 0.0 (TID 47)) 11.573ms
[186.878s][info][gc          ] Allocation Stall (Executor task launch worker for task 6.0 in stage 0.0 (TID 6)) 11.621ms
[186.878s][info][gc          ] Allocation Stall (Executor task launch worker for task 30.0 in stage 0.0 (TID 30)) 11.807ms
[186.907s][info][gc,phases   ] GC(91) Concurrent Relocate 49.290ms
[186.907s][info][gc,load     ] GC(91) Load: 0.00/0.00/0.00
[186.907s][info][gc,mmu      ] GC(91) MMU: 2ms/95.7%, 5ms/98.3%, 10ms/99.1%, 20ms/99.5%, 50ms/99.8%, 100ms/99.8%
[186.907s][info][gc,marking  ] GC(91) Mark: 4 stripe(s), 2 proactive flush(es), 1 terminate flush(es), 0 completion(s), 0 continuation(s) 
[186.907s][info][gc,marking  ] GC(91) Mark Stack Usage: 32M
[186.907s][info][gc,nmethod  ] GC(91) NMethods: 4430 registered, 144 unregistered
[186.907s][info][gc,metaspace] GC(91) Metaspace: 113M used, 116M committed, 1152M reserved
[186.907s][info][gc,ref      ] GC(91) Soft: 2815 encountered, 354 discovered, 12 enqueued
[186.907s][info][gc,ref      ] GC(91) Weak: 13130 encountered, 5700 discovered, 46 enqueued
[186.907s][info][gc,ref      ] GC(91) Final: 40 encountered, 1 discovered, 0 enqueued
[186.907s][info][gc,ref      ] GC(91) Phantom: 783 encountered, 527 discovered, 33 enqueued
[186.907s][info][gc,reloc    ] GC(91) Small Pages: 108 / 216M, Empty: 90M, Relocated: 5M, In-Place: 0
[186.907s][info][gc,reloc    ] GC(91) Medium Pages: 3 / 48M, Empty: 0M, Relocated: 12M, In-Place: 0
[186.907s][info][gc,reloc    ] GC(91) Large Pages: 59 / 236M, Empty: 0M, Relocated: 0M, In-Place: 0
[186.907s][info][gc,reloc    ] GC(91) Forwarding Usage: 1M
[186.907s][info][gc,heap     ] GC(91) Min Capacity: 8M(2%)
[186.907s][info][gc,heap     ] GC(91) Max Capacity: 512M(100%)
[186.907s][info][gc,heap     ] GC(91) Soft Max Capacity: 512M(100%)
[186.907s][info][gc,heap     ] GC(91)                Mark Start          Mark End        Relocate Start      Relocate End           High               Low         
[186.907s][info][gc,heap     ] GC(91)  Capacity:      512M (100%)        512M (100%)        512M (100%)        512M (100%)        512M (100%)        512M (100%)   
[186.907s][info][gc,heap     ] GC(91)      Free:       10M (2%)            0M (0%)           52M (10%)          58M (11%)          90M (18%)           0M (0%)     
[186.907s][info][gc,heap     ] GC(91)      Used:      502M (98%)         512M (100%)        460M (90%)         454M (89%)         512M (100%)        422M (82%)    
[186.907s][info][gc,heap     ] GC(91)      Live:         -               306M (60%)         306M (60%)         306M (60%)            -                  -          
[186.907s][info][gc,heap     ] GC(91) Allocated:         -                10M (2%)           48M (9%)          122M (24%)            -                  -          
[186.907s][info][gc,heap     ] GC(91)   Garbage:         -               195M (38%)         105M (21%)          24M (5%)             -                  -          
[186.907s][info][gc,heap     ] GC(91) Reclaimed:         -                  -                90M (18%)         170M (33%)            -                  -          
[186.907s][info][gc          ] GC(91) Garbage Collection (Allocation Stall) 502M(98%)->454M(89%)
[186.927s][info][gc,start    ] GC(92) Garbage Collection (Allocation Stall)
[186.927s][info][gc          ] Allocation Stall (Executor task launch worker for task 14.0 in stage 0.0 (TID 14)) 0.060ms
[186.927s][info][gc          ] Allocation Stall (Executor task launch worker for task 40.0 in stage 0.0 (TID 40)) 0.066ms
[186.927s][info][gc,ref      ] GC(92) Clearing All SoftReferences
[186.927s][info][gc          ] Allocation Stall (Executor task launch worker for task 37.0 in stage 0.0 (TID 37)) 0.070ms
[186.927s][info][gc          ] Allocation Stall (Executor task launch worker for task 46.0 in stage 0.0 (TID 46)) 0.075ms
[186.927s][info][gc          ] Allocation Stall (Executor task launch worker for task 43.0 in stage 0.0 (TID 43)) 0.077ms
[186.927s][info][gc          ] Allocation Stall (Executor task launch worker for task 23.0 in stage 0.0 (TID 23)) 0.100ms
[186.927s][info][gc          ] Allocation Stall (Executor task launch worker for task 33.0 in stage 0.0 (TID 33)) 0.098ms
[186.927s][info][gc          ] Allocation Stall (Executor task launch worker for task 17.0 in stage 0.0 (TID 17)) 0.143ms
[186.927s][info][gc,task     ] GC(92) Using 5 workers
[186.927s][info][gc          ] Allocation Stall (Executor task launch worker for task 0.0 in stage 0.0 (TID 0)) 0.107ms
[186.927s][info][gc          ] Allocation Stall (Executor task launch worker for task 22.0 in stage 0.0 (TID 22)) 0.087ms
[186.927s][info][gc          ] Allocation Stall (Executor task launch worker for task 36.0 in stage 0.0 (TID 36)) 0.083ms
[186.927s][info][gc          ] Allocation Stall (Executor task launch worker for task 11.0 in stage 0.0 (TID 11)) 0.116ms
[186.927s][info][gc          ] Allocation Stall (Executor task launch worker for task 28.0 in stage 0.0 (TID 28)) 0.159ms
[186.927s][info][gc          ] Allocation Stall (Executor task launch worker for task 29.0 in stage 0.0 (TID 29)) 0.191ms
[186.928s][info][gc          ] Allocation Stall (Executor task launch worker for task 42.0 in stage 0.0 (TID 42)) 0.264ms
[186.928s][info][gc          ] Allocation Stall (Executor task launch worker for task 12.0 in stage 0.0 (TID 12)) 0.303ms
[186.928s][info][gc,ref      ] GC(92) Clearing All SoftReferences
[186.928s][info][gc,phases   ] GC(92) Pause Mark Start 0.043ms
[186.928s][info][gc          ] Allocation Stall (Executor task launch worker for task 26.0 in stage 0.0 (TID 26)) 1.151ms
[186.985s][info][gc,phases   ] GC(92) Concurrent Mark 55.441ms
[186.985s][info][gc,phases   ] GC(92) Pause Mark End 0.016ms
[186.985s][info][gc,phases   ] GC(92) Concurrent Mark Free 0.001ms
[187.008s][info][gc,phases   ] GC(92) Concurrent Process Non-Strong References 23.241ms
[187.008s][info][gc,phases   ] GC(92) Concurrent Reset Relocation Set 0.006ms
[187.011s][info][gc          ] Allocation Stall (Executor task launch worker for task 32.0 in stage 0.0 (TID 32)) 65.683ms
[187.011s][info][gc          ] Allocation Stall (Executor task launch worker for task 24.0 in stage 0.0 (TID 24)) 65.418ms
[187.011s][info][gc          ] Allocation Stall (Executor task launch worker for task 33.0 in stage 0.0 (TID 33)) 69.681ms
[187.011s][info][gc          ] Allocation Stall (Executor task launch worker for task 47.0 in stage 0.0 (TID 47)) 69.359ms
[187.011s][info][gc          ] Allocation Stall (Executor task launch worker for task 46.0 in stage 0.0 (TID 46)) 70.527ms
[187.011s][info][gc          ] Allocation Stall (Executor task launch worker for task 4.0 in stage 0.0 (TID 4)) 65.796ms
[187.011s][info][gc          ] Allocation Stall (Executor task launch worker for task 34.0 in stage 0.0 (TID 34)) 65.842ms
[187.011s][info][gc          ] Allocation Stall (Executor task launch worker for task 23.0 in stage 0.0 (TID 23)) 69.624ms
[187.011s][info][gc          ] Allocation Stall (Executor task launch worker for task 18.0 in stage 0.0 (TID 18)) 67.985ms
[187.011s][info][gc          ] Allocation Stall (Executor task launch worker for task 25.0 in stage 0.0 (TID 25)) 68.681ms
[187.011s][info][gc          ] Allocation Stall (Executor task launch worker for task 0.0 in stage 0.0 (TID 0)) 65.443ms
[187.011s][info][gc          ] Allocation Stall (Executor task launch worker for task 19.0 in stage 0.0 (TID 19)) 65.976ms
[187.011s][info][gc          ] Allocation Stall (Executor task launch worker for task 39.0 in stage 0.0 (TID 39)) 65.763ms
[187.011s][info][gc          ] Allocation Stall (Executor task launch worker for task 30.0 in stage 0.0 (TID 30)) 65.523ms
[187.011s][info][gc          ] Allocation Stall (Executor task launch worker for task 43.0 in stage 0.0 (TID 43)) 66.160ms
[187.011s][info][gc          ] Allocation Stall (Executor task launch worker for task 10.0 in stage 0.0 (TID 10)) 65.806ms
[187.011s][info][gc          ] Allocation Stall (Executor task launch worker for task 26.0 in stage 0.0 (TID 26)) 66.221ms
[187.011s][info][gc          ] Allocation Stall (Executor task launch worker for task 7.0 in stage 0.0 (TID 7)) 66.883ms
[187.011s][info][gc          ] Allocation Stall (Executor task launch worker for task 45.0 in stage 0.0 (TID 45)) 66.696ms
[187.011s][info][gc          ] Allocation Stall (Executor task launch worker for task 11.0 in stage 0.0 (TID 11)) 66.360ms
[187.011s][info][gc          ] Allocation Stall (Executor task launch worker for task 9.0 in stage 0.0 (TID 9)) 67.415ms
[187.011s][info][gc          ] Allocation Stall (Executor task launch worker for task 27.0 in stage 0.0 (TID 27)) 68.256ms
[187.011s][info][gc          ] Allocation Stall (Executor task launch worker for task 31.0 in stage 0.0 (TID 31)) 66.266ms
[187.011s][info][gc          ] Allocation Stall (Executor task launch worker for task 1.0 in stage 0.0 (TID 1)) 72.386ms
[187.011s][info][gc          ] Allocation Stall (Executor task launch worker for task 28.0 in stage 0.0 (TID 28)) 66.815ms
[187.011s][info][gc          ] Allocation Stall (Executor task launch worker for task 14.0 in stage 0.0 (TID 14)) 68.153ms
[187.011s][info][gc          ] Allocation Stall (Executor task launch worker for task 3.0 in stage 0.0 (TID 3)) 67.088ms
[187.011s][info][gc          ] Allocation Stall (Executor task launch worker for task 37.0 in stage 0.0 (TID 37)) 68.701ms
[187.011s][info][gc          ] Allocation Stall (Executor task launch worker for task 22.0 in stage 0.0 (TID 22)) 68.408ms
[187.011s][info][gc          ] Allocation Stall (Executor task launch worker for task 21.0 in stage 0.0 (TID 21)) 66.992ms
[187.011s][info][gc          ] Allocation Stall (Executor task launch worker for task 41.0 in stage 0.0 (TID 41)) 65.585ms
[187.011s][info][gc          ] Allocation Stall (Executor task launch worker for task 44.0 in stage 0.0 (TID 44)) 65.617ms
[187.011s][info][gc          ] Allocation Stall (Executor task launch worker for task 17.0 in stage 0.0 (TID 17)) 65.663ms
[187.012s][info][gc          ] Allocation Stall (Executor task launch worker for task 36.0 in stage 0.0 (TID 36)) 65.724ms
[187.012s][info][gc          ] Allocation Stall (Executor task launch worker for task 29.0 in stage 0.0 (TID 29)) 65.725ms
[187.012s][info][gc          ] Allocation Stall (Executor task launch worker for task 38.0 in stage 0.0 (TID 38)) 65.782ms
[187.012s][info][gc          ] Allocation Stall (Executor task launch worker for task 13.0 in stage 0.0 (TID 13)) 65.808ms
[187.012s][info][gc          ] Allocation Stall (Executor task launch worker for task 42.0 in stage 0.0 (TID 42)) 65.808ms
[187.012s][info][gc          ] Allocation Stall (Executor task launch worker for task 16.0 in stage 0.0 (TID 16)) 65.874ms
[187.012s][info][gc          ] Allocation Stall (Executor task launch worker for task 20.0 in stage 0.0 (TID 20)) 65.920ms
[187.012s][info][gc          ] Allocation Stall (Executor task launch worker for task 8.0 in stage 0.0 (TID 8)) 65.953ms
[187.012s][info][gc          ] Allocation Stall (Executor task launch worker for task 15.0 in stage 0.0 (TID 15)) 65.980ms
[187.012s][info][gc          ] Allocation Stall (Executor task launch worker for task 2.0 in stage 0.0 (TID 2)) 66.014ms
[187.012s][info][gc          ] Allocation Stall (Executor task launch worker for task 35.0 in stage 0.0 (TID 35)) 66.033ms
[187.012s][info][gc          ] Allocation Stall (Executor task launch worker for task 6.0 in stage 0.0 (TID 6)) 66.137ms
[187.012s][info][gc          ] Allocation Stall (Executor task launch worker for task 40.0 in stage 0.0 (TID 40)) 66.210ms
[187.012s][info][gc          ] Allocation Stall (Executor task launch worker for task 5.0 in stage 0.0 (TID 5)) 66.231ms
[187.013s][info][gc          ] Allocation Stall (Executor task launch worker for task 12.0 in stage 0.0 (TID 12)) 66.207ms
[187.013s][info][gc          ] Allocation Stall (Spark Context Cleaner) 43.314ms
[187.013s][info][gc          ] Allocation Stall (Common-Cleaner) 4.091ms
[187.019s][info][gc,phases   ] GC(92) Concurrent Select Relocation Set 10.528ms
[187.035s][info][gc,phases   ] GC(92) Pause Relocate Start 0.011ms
[187.038s][info][gc          ] Relocation Stall (Executor task launch worker for task 41.0 in stage 0.0 (TID 41)) 2.139ms
[187.039s][info][gc          ] Relocation Stall (Executor task launch worker for task 25.0 in stage 0.0 (TID 25)) 2.665ms
[187.046s][info][gc          ] Relocation Stall (Executor task launch worker for task 37.0 in stage 0.0 (TID 37)) 9.972ms
[187.048s][info][gc          ] Allocation Stall (Executor task launch worker for task 13.0 in stage 0.0 (TID 13)) 0.018ms
[187.049s][info][gc          ] Allocation Stall (Executor task launch worker for task 6.0 in stage 0.0 (TID 6)) 0.069ms
[187.049s][info][gc          ] Allocation Stall (Executor task launch worker for task 24.0 in stage 0.0 (TID 24)) 0.116ms
[187.049s][info][gc          ] Allocation Stall (Executor task launch worker for task 19.0 in stage 0.0 (TID 19)) 0.131ms
[187.049s][info][gc          ] Allocation Stall (Executor task launch worker for task 39.0 in stage 0.0 (TID 39)) 0.128ms
[187.049s][info][gc          ] Allocation Stall (Executor task launch worker for task 0.0 in stage 0.0 (TID 0)) 0.152ms
[187.049s][info][gc          ] Allocation Stall (Executor task launch worker for task 10.0 in stage 0.0 (TID 10)) 0.149ms
[187.049s][info][gc          ] Allocation Stall (Executor task launch worker for task 4.0 in stage 0.0 (TID 4)) 0.181ms
[187.049s][info][gc          ] Allocation Stall (Executor task launch worker for task 30.0 in stage 0.0 (TID 30)) 0.210ms
[187.049s][info][gc          ] Allocation Stall (Executor task launch worker for task 14.0 in stage 0.0 (TID 14)) 0.213ms
[187.049s][info][gc          ] Allocation Stall (Executor task launch worker for task 3.0 in stage 0.0 (TID 3)) 0.223ms
[187.049s][info][gc          ] Allocation Stall (Executor task launch worker for task 18.0 in stage 0.0 (TID 18)) 0.221ms
[187.049s][info][gc          ] Allocation Stall (Executor task launch worker for task 5.0 in stage 0.0 (TID 5)) 0.249ms
[187.049s][info][gc          ] Allocation Stall (Executor task launch worker for task 22.0 in stage 0.0 (TID 22)) 0.298ms
[187.049s][info][gc          ] Allocation Stall (Executor task launch worker for task 43.0 in stage 0.0 (TID 43)) 0.335ms
[187.049s][info][gc          ] Allocation Stall (Executor task launch worker for task 21.0 in stage 0.0 (TID 21)) 0.373ms
[187.049s][info][gc          ] Allocation Stall (Executor task launch worker for task 40.0 in stage 0.0 (TID 40)) 0.408ms
[187.049s][info][gc          ] Allocation Stall (Executor task launch worker for task 42.0 in stage 0.0 (TID 42)) 0.443ms
[187.049s][info][gc          ] Allocation Stall (Executor task launch worker for task 1.0 in stage 0.0 (TID 1)) 0.511ms
[187.049s][info][gc          ] Allocation Stall (Executor task launch worker for task 12.0 in stage 0.0 (TID 12)) 0.544ms
[187.049s][info][gc          ] Allocation Stall (Executor task launch worker for task 8.0 in stage 0.0 (TID 8)) 0.590ms
[187.049s][info][gc          ] Allocation Stall (Executor task launch worker for task 36.0 in stage 0.0 (TID 36)) 0.618ms
[187.049s][info][gc          ] Allocation Stall (Executor task launch worker for task 7.0 in stage 0.0 (TID 7)) 0.666ms
[187.049s][info][gc          ] Allocation Stall (Executor task launch worker for task 2.0 in stage 0.0 (TID 2)) 0.699ms
[187.049s][info][gc          ] Allocation Stall (Executor task launch worker for task 37.0 in stage 0.0 (TID 37)) 0.721ms
[187.049s][info][gc          ] Allocation Stall (Executor task launch worker for task 45.0 in stage 0.0 (TID 45)) 0.767ms
[187.049s][info][gc          ] Allocation Stall (Executor task launch worker for task 29.0 in stage 0.0 (TID 29)) 0.790ms
[187.049s][info][gc          ] Allocation Stall (Executor task launch worker for task 35.0 in stage 0.0 (TID 35)) 0.805ms
[187.050s][info][gc          ] Allocation Stall (Executor task launch worker for task 26.0 in stage 0.0 (TID 26)) 0.908ms
[187.050s][info][gc          ] Allocation Stall (Executor task launch worker for task 23.0 in stage 0.0 (TID 23)) 0.978ms
[187.050s][info][gc          ] Allocation Stall (Executor task launch worker for task 46.0 in stage 0.0 (TID 46)) 1.005ms
[187.050s][info][gc          ] Allocation Stall (Executor task launch worker for task 9.0 in stage 0.0 (TID 9)) 1.079ms
[187.050s][info][gc          ] Allocation Stall (Executor task launch worker for task 27.0 in stage 0.0 (TID 27)) 1.267ms
[187.050s][info][gc          ] Allocation Stall (Executor task launch worker for task 33.0 in stage 0.0 (TID 33)) 1.523ms
[187.050s][info][gc          ] Allocation Stall (Executor task launch worker for task 11.0 in stage 0.0 (TID 11)) 1.631ms
[187.050s][info][gc          ] Allocation Stall (Executor task launch worker for task 15.0 in stage 0.0 (TID 15)) 1.629ms
[187.051s][info][gc,phases   ] GC(92) Concurrent Relocate 15.202ms
[187.051s][info][gc,load     ] GC(92) Load: 0.00/0.00/0.00
[187.051s][info][gc,mmu      ] GC(92) MMU: 2ms/95.7%, 5ms/98.3%, 10ms/99.1%, 20ms/99.5%, 50ms/99.8%, 100ms/99.8%
[187.051s][info][gc,marking  ] GC(92) Mark: 4 stripe(s), 3 proactive flush(es), 1 terminate flush(es), 0 completion(s), 0 continuation(s) 
[187.051s][info][gc,marking  ] GC(92) Mark Stack Usage: 32M
[187.051s][info][gc,nmethod  ] GC(92) NMethods: 4418 registered, 184 unregistered
[187.051s][info][gc,metaspace] GC(92) Metaspace: 113M used, 116M committed, 1152M reserved
[187.051s][info][gc,ref      ] GC(92) Soft: 2810 encountered, 2250 discovered, 2 enqueued
[187.051s][info][gc,ref      ] GC(92) Weak: 13212 encountered, 2735 discovered, 108 enqueued
[187.051s][info][gc,ref      ] GC(92) Final: 40 encountered, 6 discovered, 0 enqueued
[187.051s][info][gc,ref      ] GC(92) Phantom: 849 encountered, 645 discovered, 99 enqueued
[187.051s][info][gc,reloc    ] GC(92) Small Pages: 108 / 216M, Empty: 60M, Relocated: 6M, In-Place: 0
[187.051s][info][gc,reloc    ] GC(92) Medium Pages: 2 / 32M, Empty: 0M, Relocated: 9M, In-Place: 1
[187.051s][info][gc,reloc    ] GC(92) Large Pages: 60 / 240M, Empty: 0M, Relocated: 0M, In-Place: 0
[187.051s][info][gc,reloc    ] GC(92) Forwarding Usage: 1M
[187.051s][info][gc,heap     ] GC(92) Min Capacity: 8M(2%)
[187.051s][info][gc,heap     ] GC(92) Max Capacity: 512M(100%)
[187.051s][info][gc,heap     ] GC(92) Soft Max Capacity: 512M(100%)
[187.051s][info][gc,heap     ] GC(92)                Mark Start          Mark End        Relocate Start      Relocate End           High               Low         
[187.051s][info][gc,heap     ] GC(92)  Capacity:      512M (100%)        512M (100%)        512M (100%)        512M (100%)        512M (100%)        512M (100%)   
[187.051s][info][gc,heap     ] GC(92)      Free:       22M (4%)            0M (0%)            6M (1%)            4M (1%)           72M (14%)           0M (0%)     
[187.051s][info][gc,heap     ] GC(92)      Used:      490M (96%)         512M (100%)        506M (99%)         508M (99%)         512M (100%)        440M (86%)    
[187.051s][info][gc,heap     ] GC(92)      Live:         -               308M (60%)         308M (60%)         308M (60%)            -                  -          
[187.051s][info][gc,heap     ] GC(92) Allocated:         -                22M (4%)           76M (15%)         178M (35%)            -                  -          
[187.051s][info][gc,heap     ] GC(92)   Garbage:         -               181M (35%)         121M (24%)          21M (4%)             -                  -          
[187.051s][info][gc,heap     ] GC(92) Reclaimed:         -                  -                60M (12%)         160M (31%)            -                  -          
[187.051s][info][gc          ] GC(92) Garbage Collection (Allocation Stall) 490M(96%)->508M(99%)
[187.052s][info][gc          ] Allocation Stall (Executor task launch worker for task 46.0 in stage 0.0 (TID 46)) 1.775ms
[187.056s][info][gc,start    ] GC(93) Garbage Collection (Allocation Stall)
[187.056s][info][gc,ref      ] GC(93) Clearing All SoftReferences
[187.056s][info][gc,task     ] GC(93) Using 5 workers
[187.056s][info][gc,ref      ] GC(93) Clearing All SoftReferences
[187.056s][info][gc,phases   ] GC(93) Pause Mark Start 0.044ms
[187.094s][info][gc,phases   ] GC(93) Concurrent Mark 38.057ms
[187.094s][info][gc,phases   ] GC(93) Pause Mark End 0.014ms
[187.094s][info][gc,phases   ] GC(93) Concurrent Mark Free 0.001ms
[187.097s][info][gc,phases   ] GC(93) Concurrent Process Non-Strong References 2.810ms
[187.097s][info][gc,phases   ] GC(93) Concurrent Reset Relocation Set 0.008ms
[187.097s][info][gc          ] Allocation Stall (Executor task launch worker for task 14.0 in stage 0.0 (TID 14)) 40.872ms
[187.097s][info][gc          ] Allocation Stall (Executor task launch worker for task 33.0 in stage 0.0 (TID 33)) 40.858ms
[187.097s][info][gc          ] Allocation Stall (Executor task launch worker for task 38.0 in stage 0.0 (TID 38)) 40.798ms
[187.097s][info][gc          ] Allocation Stall (Executor task launch worker for task 41.0 in stage 0.0 (TID 41)) 37.909ms
[187.097s][info][gc          ] Allocation Stall (Executor task launch worker for task 11.0 in stage 0.0 (TID 11)) 40.771ms
[187.097s][info][gc          ] Allocation Stall (Executor task launch worker for task 15.0 in stage 0.0 (TID 15)) 40.870ms
[187.097s][info][gc          ] Allocation Stall (Executor task launch worker for task 34.0 in stage 0.0 (TID 34)) 41.917ms
[187.097s][info][gc          ] Allocation Stall (Executor task launch worker for task 4.0 in stage 0.0 (TID 4)) 41.088ms
[187.097s][info][gc          ] Allocation Stall (Executor task launch worker for task 39.0 in stage 0.0 (TID 39)) 40.792ms
[187.097s][info][gc          ] Allocation Stall (Executor task launch worker for task 19.0 in stage 0.0 (TID 19)) 40.903ms
[187.097s][info][gc          ] Allocation Stall (Executor task launch worker for task 12.0 in stage 0.0 (TID 12)) 40.844ms
[187.097s][info][gc          ] Allocation Stall (Executor task launch worker for task 21.0 in stage 0.0 (TID 21)) 40.844ms
[187.097s][info][gc          ] Allocation Stall (Executor task launch worker for task 28.0 in stage 0.0 (TID 28)) 40.788ms
[187.097s][info][gc          ] Allocation Stall (Executor task launch worker for task 43.0 in stage 0.0 (TID 43)) 40.923ms
[187.097s][info][gc          ] Allocation Stall (Executor task launch worker for task 9.0 in stage 0.0 (TID 9)) 41.037ms
[187.097s][info][gc          ] Allocation Stall (Executor task launch worker for task 40.0 in stage 0.0 (TID 40)) 40.909ms
[187.097s][info][gc          ] Allocation Stall (Executor task launch worker for task 23.0 in stage 0.0 (TID 23)) 40.848ms
[187.097s][info][gc          ] Allocation Stall (Executor task launch worker for task 13.0 in stage 0.0 (TID 13)) 40.893ms
[187.097s][info][gc          ] Allocation Stall (Executor task launch worker for task 3.0 in stage 0.0 (TID 3)) 41.251ms
[187.097s][info][gc          ] Allocation Stall (Executor task launch worker for task 25.0 in stage 0.0 (TID 25)) 37.766ms
[187.097s][info][gc          ] Allocation Stall (Executor task launch worker for task 8.0 in stage 0.0 (TID 8)) 41.272ms
[187.097s][info][gc          ] Allocation Stall (Executor task launch worker for task 1.0 in stage 0.0 (TID 1)) 40.855ms
[187.097s][info][gc          ] Allocation Stall (Executor task launch worker for task 30.0 in stage 0.0 (TID 30)) 40.857ms
[187.097s][info][gc          ] Allocation Stall (Executor task launch worker for task 31.0 in stage 0.0 (TID 31)) 40.990ms
[187.097s][info][gc          ] Allocation Stall (Executor task launch worker for task 20.0 in stage 0.0 (TID 20)) 40.918ms
[187.097s][info][gc          ] Allocation Stall (Executor task launch worker for task 44.0 in stage 0.0 (TID 44)) 40.807ms
[187.097s][info][gc          ] Allocation Stall (Executor task launch worker for task 24.0 in stage 0.0 (TID 24)) 41.888ms
[187.097s][info][gc          ] Allocation Stall (Executor task launch worker for task 7.0 in stage 0.0 (TID 7)) 40.849ms
[187.098s][info][gc          ] Allocation Stall (Executor task launch worker for task 29.0 in stage 0.0 (TID 29)) 40.957ms
[187.098s][info][gc          ] Allocation Stall (Executor task launch worker for task 35.0 in stage 0.0 (TID 35)) 40.948ms
[187.098s][info][gc          ] Allocation Stall (Executor task launch worker for task 36.0 in stage 0.0 (TID 36)) 40.947ms
[187.098s][info][gc          ] Allocation Stall (Executor task launch worker for task 46.0 in stage 0.0 (TID 46)) 40.963ms
[187.098s][info][gc          ] Allocation Stall (Executor task launch worker for task 32.0 in stage 0.0 (TID 32)) 40.966ms
[187.098s][info][gc          ] Allocation Stall (Executor task launch worker for task 0.0 in stage 0.0 (TID 0)) 40.962ms
[187.098s][info][gc          ] Allocation Stall (Executor task launch worker for task 2.0 in stage 0.0 (TID 2)) 40.969ms
[187.098s][info][gc          ] Allocation Stall (Executor task launch worker for task 16.0 in stage 0.0 (TID 16)) 41.416ms
[187.098s][info][gc          ] Allocation Stall (Executor task launch worker for task 22.0 in stage 0.0 (TID 22)) 41.020ms
[187.098s][info][gc          ] Allocation Stall (Executor task launch worker for task 18.0 in stage 0.0 (TID 18)) 41.090ms
[187.098s][info][gc          ] Allocation Stall (Executor task launch worker for task 45.0 in stage 0.0 (TID 45)) 41.119ms
[187.098s][info][gc          ] Allocation Stall (Executor task launch worker for task 37.0 in stage 0.0 (TID 37)) 41.135ms
[187.098s][info][gc          ] Allocation Stall (Executor task launch worker for task 42.0 in stage 0.0 (TID 42)) 41.137ms
[187.098s][info][gc          ] Allocation Stall (Executor task launch worker for task 10.0 in stage 0.0 (TID 10)) 41.146ms
[187.098s][info][gc          ] Allocation Stall (Executor task launch worker for task 47.0 in stage 0.0 (TID 47)) 42.002ms
[187.098s][info][gc          ] Allocation Stall (Executor task launch worker for task 17.0 in stage 0.0 (TID 17)) 41.242ms
[187.098s][info][gc          ] Allocation Stall (Executor task launch worker for task 6.0 in stage 0.0 (TID 6)) 41.836ms
[187.098s][info][gc          ] Allocation Stall (Executor task launch worker for task 5.0 in stage 0.0 (TID 5)) 41.160ms
[187.098s][info][gc          ] Allocation Stall (Executor task launch worker for task 26.0 in stage 0.0 (TID 26)) 41.256ms
[187.098s][info][gc          ] Allocation Stall (Executor task launch worker for task 27.0 in stage 0.0 (TID 27)) 41.283ms
[187.102s][info][gc,phases   ] GC(93) Concurrent Select Relocation Set 4.262ms
[187.107s][info][gc,phases   ] GC(93) Pause Relocate Start 0.009ms
[187.110s][info][gc,phases   ] GC(93) Concurrent Relocate 2.639ms
[187.110s][info][gc,load     ] GC(93) Load: 0.00/0.00/0.00
[187.110s][info][gc,mmu      ] GC(93) MMU: 2ms/95.7%, 5ms/98.3%, 10ms/99.1%, 20ms/99.5%, 50ms/99.8%, 100ms/99.8%
[187.110s][info][gc,marking  ] GC(93) Mark: 4 stripe(s), 2 proactive flush(es), 1 terminate flush(es), 0 completion(s), 0 continuation(s) 
[187.110s][info][gc,marking  ] GC(93) Mark Stack Usage: 32M
[187.110s][info][gc,nmethod  ] GC(93) NMethods: 4405 registered, 211 unregistered
[187.110s][info][gc,metaspace] GC(93) Metaspace: 113M used, 116M committed, 1152M reserved
[187.110s][info][gc,ref      ] GC(93) Soft: 2808 encountered, 2270 discovered, 0 enqueued
[187.110s][info][gc,ref      ] GC(93) Weak: 13104 encountered, 4230 discovered, 0 enqueued
[187.110s][info][gc,ref      ] GC(93) Final: 40 encountered, 7 discovered, 0 enqueued
[187.110s][info][gc,ref      ] GC(93) Phantom: 750 encountered, 553 discovered, 0 enqueued
[187.110s][info][gc,reloc    ] GC(93) Small Pages: 124 / 248M, Empty: 130M, Relocated: 1M, In-Place: 0
[187.110s][info][gc,reloc    ] GC(93) Medium Pages: 1 / 16M, Empty: 0M, Relocated: 0M, In-Place: 0
[187.110s][info][gc,reloc    ] GC(93) Large Pages: 62 / 248M, Empty: 0M, Relocated: 0M, In-Place: 0
[187.110s][info][gc,reloc    ] GC(93) Forwarding Usage: 0M
[187.111s][info][gc,heap     ] GC(93) Min Capacity: 8M(2%)
[187.111s][info][gc,heap     ] GC(93) Max Capacity: 512M(100%)
[187.111s][info][gc,heap     ] GC(93) Soft Max Capacity: 512M(100%)
[187.111s][info][gc,heap     ] GC(93)                Mark Start          Mark End        Relocate Start      Relocate End           High               Low         
[187.111s][info][gc,heap     ] GC(93)  Capacity:      512M (100%)        512M (100%)        512M (100%)        512M (100%)        512M (100%)        512M (100%)   
[187.111s][info][gc,heap     ] GC(93)      Free:        0M (0%)            0M (0%)          102M (20%)         112M (22%)         134M (26%)           0M (0%)     
[187.111s][info][gc,heap     ] GC(93)      Used:      512M (100%)        512M (100%)        410M (80%)         400M (78%)         512M (100%)        378M (74%)    
[187.111s][info][gc,heap     ] GC(93)      Live:         -               316M (62%)         316M (62%)         316M (62%)            -                  -          
[187.111s][info][gc,heap     ] GC(93) Allocated:         -                 0M (0%)           28M (5%)           55M (11%)            -                  -          
[187.111s][info][gc,heap     ] GC(93)   Garbage:         -               195M (38%)          65M (13%)          27M (5%)             -                  -          
[187.111s][info][gc,heap     ] GC(93) Reclaimed:         -                  -               130M (25%)         167M (33%)            -                  -          
[187.111s][info][gc          ] GC(93) Garbage Collection (Allocation Stall) 512M(100%)->400M(78%)
[187.124s][info][gc,start    ] GC(94) Garbage Collection (Allocation Stall)
[187.124s][info][gc,ref      ] GC(94) Clearing All SoftReferences
[187.124s][info][gc,task     ] GC(94) Using 5 workers
[187.124s][info][gc,ref      ] GC(94) Clearing All SoftReferences
[187.124s][info][gc,phases   ] GC(94) Pause Mark Start 0.046ms
[187.172s][info][gc,phases   ] GC(94) Concurrent Mark 48.219ms
[187.173s][info][gc,phases   ] GC(94) Pause Mark End 0.025ms
[187.173s][info][gc,phases   ] GC(94) Concurrent Mark Free 0.001ms
[187.176s][info][gc,phases   ] GC(94) Concurrent Process Non-Strong References 3.448ms
[187.176s][info][gc,phases   ] GC(94) Concurrent Reset Relocation Set 0.003ms
[187.179s][info][gc          ] Allocation Stall (Executor task launch worker for task 9.0 in stage 0.0 (TID 9)) 54.385ms
[187.179s][info][gc          ] Allocation Stall (Executor task launch worker for task 39.0 in stage 0.0 (TID 39)) 54.361ms
[187.179s][info][gc          ] Allocation Stall (Executor task launch worker for task 27.0 in stage 0.0 (TID 27)) 54.395ms
[187.179s][info][gc          ] Allocation Stall (Executor task launch worker for task 41.0 in stage 0.0 (TID 41)) 54.392ms
[187.179s][info][gc          ] Allocation Stall (Executor task launch worker for task 34.0 in stage 0.0 (TID 34)) 54.408ms
[187.179s][info][gc          ] Allocation Stall (Executor task launch worker for task 29.0 in stage 0.0 (TID 29)) 54.374ms
[187.179s][info][gc          ] Allocation Stall (Executor task launch worker for task 17.0 in stage 0.0 (TID 17)) 54.429ms
[187.179s][info][gc          ] Allocation Stall (Executor task launch worker for task 35.0 in stage 0.0 (TID 35)) 54.451ms
[187.179s][info][gc          ] Allocation Stall (Executor task launch worker for task 3.0 in stage 0.0 (TID 3)) 54.268ms
[187.179s][info][gc          ] Allocation Stall (Executor task launch worker for task 38.0 in stage 0.0 (TID 38)) 55.107ms
[187.179s][info][gc          ] Allocation Stall (Executor task launch worker for task 21.0 in stage 0.0 (TID 21)) 47.607ms
[187.179s][info][gc          ] Allocation Stall (Executor task launch worker for task 47.0 in stage 0.0 (TID 47)) 54.453ms
[187.179s][info][gc          ] Allocation Stall (Executor task launch worker for task 10.0 in stage 0.0 (TID 10)) 54.267ms
[187.179s][info][gc          ] Allocation Stall (Executor task launch worker for task 25.0 in stage 0.0 (TID 25)) 54.459ms
[187.179s][info][gc          ] Allocation Stall (Executor task launch worker for task 45.0 in stage 0.0 (TID 45)) 54.454ms
[187.179s][info][gc          ] Allocation Stall (Executor task launch worker for task 4.0 in stage 0.0 (TID 4)) 54.476ms
[187.179s][info][gc          ] Allocation Stall (Executor task launch worker for task 11.0 in stage 0.0 (TID 11)) 54.966ms
[187.179s][info][gc          ] Allocation Stall (Executor task launch worker for task 7.0 in stage 0.0 (TID 7)) 54.456ms
[187.179s][info][gc          ] Allocation Stall (Executor task launch worker for task 13.0 in stage 0.0 (TID 13)) 54.481ms
[187.179s][info][gc          ] Allocation Stall (Executor task launch worker for task 8.0 in stage 0.0 (TID 8)) 55.140ms
[187.179s][info][gc          ] Allocation Stall (Executor task launch worker for task 36.0 in stage 0.0 (TID 36)) 54.398ms
[187.179s][info][gc          ] Allocation Stall (Executor task launch worker for task 22.0 in stage 0.0 (TID 22)) 55.160ms
[187.179s][info][gc          ] Allocation Stall (Executor task launch worker for task 20.0 in stage 0.0 (TID 20)) 55.039ms
[187.179s][info][gc          ] Allocation Stall (Executor task launch worker for task 28.0 in stage 0.0 (TID 28)) 54.466ms
[187.179s][info][gc          ] Allocation Stall (Executor task launch worker for task 30.0 in stage 0.0 (TID 30)) 54.504ms
[187.179s][info][gc          ] Allocation Stall (Spark Context Cleaner) 37.543ms
[187.179s][info][gc          ] Allocation Stall (Executor task launch worker for task 44.0 in stage 0.0 (TID 44)) 54.521ms
[187.179s][info][gc          ] Allocation Stall (Executor task launch worker for task 42.0 in stage 0.0 (TID 42)) 55.123ms
[187.179s][info][gc          ] Allocation Stall (Executor task launch worker for task 2.0 in stage 0.0 (TID 2)) 54.482ms
[187.179s][info][gc          ] Allocation Stall (Executor task launch worker for task 5.0 in stage 0.0 (TID 5)) 54.512ms
[187.179s][info][gc          ] Allocation Stall (Executor task launch worker for task 0.0 in stage 0.0 (TID 0)) 54.501ms
[187.179s][info][gc          ] Allocation Stall (Executor task launch worker for task 1.0 in stage 0.0 (TID 1)) 55.085ms
[187.179s][info][gc          ] Allocation Stall (Executor task launch worker for task 31.0 in stage 0.0 (TID 31)) 54.522ms
[187.179s][info][gc          ] Allocation Stall (Executor task launch worker for task 14.0 in stage 0.0 (TID 14)) 54.504ms
[187.179s][info][gc          ] Allocation Stall (Executor task launch worker for task 37.0 in stage 0.0 (TID 37)) 47.902ms
[187.179s][info][gc          ] Allocation Stall (Executor task launch worker for task 40.0 in stage 0.0 (TID 40)) 54.514ms
[187.179s][info][gc          ] Allocation Stall (Executor task launch worker for task 16.0 in stage 0.0 (TID 16)) 54.506ms
[187.179s][info][gc          ] Allocation Stall (Executor task launch worker for task 23.0 in stage 0.0 (TID 23)) 54.524ms
[187.179s][info][gc          ] Allocation Stall (Executor task launch worker for task 32.0 in stage 0.0 (TID 32)) 55.006ms
[187.179s][info][gc          ] Allocation Stall (Executor task launch worker for task 15.0 in stage 0.0 (TID 15)) 55.021ms
[187.179s][info][gc          ] Allocation Stall (Executor task launch worker for task 46.0 in stage 0.0 (TID 46)) 55.065ms
[187.179s][info][gc          ] Allocation Stall (Executor task launch worker for task 24.0 in stage 0.0 (TID 24)) 54.486ms
[187.179s][info][gc          ] Allocation Stall (Executor task launch worker for task 12.0 in stage 0.0 (TID 12)) 55.197ms
[187.179s][info][gc          ] Allocation Stall (Executor task launch worker for task 26.0 in stage 0.0 (TID 26)) 55.133ms
[187.179s][info][gc          ] Allocation Stall (Executor task launch worker for task 19.0 in stage 0.0 (TID 19)) 54.516ms
[187.179s][info][gc          ] Allocation Stall (Executor task launch worker for task 43.0 in stage 0.0 (TID 43)) 55.083ms
[187.179s][info][gc          ] Allocation Stall (Executor task launch worker for task 18.0 in stage 0.0 (TID 18)) 54.525ms
[187.179s][info][gc          ] Allocation Stall (Executor task launch worker for task 33.0 in stage 0.0 (TID 33)) 54.532ms
[187.179s][info][gc          ] Allocation Stall (Executor task launch worker for task 6.0 in stage 0.0 (TID 6)) 54.563ms
[187.179s][info][gc,phases   ] GC(94) Concurrent Select Relocation Set 2.822ms
[187.205s][info][gc,phases   ] GC(94) Pause Relocate Start 0.015ms
[187.205s][info][gc          ] Allocation Stall (Executor task launch worker for task 41.0 in stage 0.0 (TID 41)) 0.085ms
[187.205s][info][gc          ] Allocation Stall (Executor task launch worker for task 22.0 in stage 0.0 (TID 22)) 0.082ms
[187.205s][info][gc          ] Allocation Stall (Executor task launch worker for task 10.0 in stage 0.0 (TID 10)) 0.084ms
[187.205s][info][gc          ] Allocation Stall (Executor task launch worker for task 27.0 in stage 0.0 (TID 27)) 0.037ms
[187.205s][info][gc          ] Relocation Stall (Executor task launch worker for task 38.0 in stage 0.0 (TID 38)) 0.240ms
[187.205s][info][gc          ] Relocation Stall (Executor task launch worker for task 37.0 in stage 0.0 (TID 37)) 0.133ms
[187.205s][info][gc          ] Relocation Stall (Executor task launch worker for task 0.0 in stage 0.0 (TID 0)) 0.240ms
[187.205s][info][gc          ] Relocation Stall (Executor task launch worker for task 26.0 in stage 0.0 (TID 26)) 0.304ms
[187.205s][info][gc          ] Relocation Stall (Executor task launch worker for task 21.0 in stage 0.0 (TID 21)) 0.298ms
[187.205s][info][gc          ] Relocation Stall (Executor task launch worker for task 14.0 in stage 0.0 (TID 14)) 0.301ms
[187.205s][info][gc          ] Relocation Stall (Executor task launch worker for task 13.0 in stage 0.0 (TID 13)) 0.227ms
[187.205s][info][gc          ] Relocation Stall (Executor task launch worker for task 30.0 in stage 0.0 (TID 30)) 0.194ms
[187.206s][info][gc          ] Relocation Stall (Executor task launch worker for task 18.0 in stage 0.0 (TID 18)) 0.384ms
[187.206s][info][gc          ] Relocation Stall (Executor task launch worker for task 7.0 in stage 0.0 (TID 7)) 0.373ms
[187.206s][info][gc          ] Relocation Stall (Executor task launch worker for task 1.0 in stage 0.0 (TID 1)) 0.394ms
[187.206s][info][gc          ] Allocation Stall (Executor task launch worker for task 13.0 in stage 0.0 (TID 13)) 1.271ms
[187.206s][info][gc          ] Allocation Stall (Executor task launch worker for task 30.0 in stage 0.0 (TID 30)) 1.273ms
[187.210s][info][gc          ] Allocation Stall (Executor task launch worker for task 46.0 in stage 0.0 (TID 46)) 0.981ms
[187.210s][info][gc,phases   ] GC(94) Concurrent Relocate 4.387ms
[187.210s][info][gc,load     ] GC(94) Load: 0.00/0.00/0.00
[187.210s][info][gc,mmu      ] GC(94) MMU: 2ms/95.7%, 5ms/98.3%, 10ms/99.1%, 20ms/99.5%, 50ms/99.8%, 100ms/99.8%
[187.210s][info][gc,marking  ] GC(94) Mark: 4 stripe(s), 2 proactive flush(es), 1 terminate flush(es), 0 completion(s), 0 continuation(s) 
[187.210s][info][gc,marking  ] GC(94) Mark Stack Usage: 32M
[187.210s][info][gc,nmethod  ] GC(94) NMethods: 4407 registered, 221 unregistered
[187.210s][info][gc,metaspace] GC(94) Metaspace: 113M used, 116M committed, 1152M reserved
[187.210s][info][gc,ref      ] GC(94) Soft: 2808 encountered, 1143 discovered, 0 enqueued
[187.210s][info][gc,ref      ] GC(94) Weak: 13104 encountered, 3606 discovered, 1 enqueued
[187.210s][info][gc,ref      ] GC(94) Final: 40 encountered, 5 discovered, 0 enqueued
[187.210s][info][gc,ref      ] GC(94) Phantom: 750 encountered, 475 discovered, 0 enqueued
[187.210s][info][gc,reloc    ] GC(94) Small Pages: 120 / 240M, Empty: 112M, Relocated: 1M, In-Place: 5
[187.210s][info][gc,reloc    ] GC(94) Medium Pages: 1 / 16M, Empty: 0M, Relocated: 0M, In-Place: 0
[187.210s][info][gc,reloc    ] GC(94) Large Pages: 64 / 256M, Empty: 0M, Relocated: 0M, In-Place: 0
[187.210s][info][gc,reloc    ] GC(94) Forwarding Usage: 0M
[187.210s][info][gc,heap     ] GC(94) Min Capacity: 8M(2%)
[187.210s][info][gc,heap     ] GC(94) Max Capacity: 512M(100%)
[187.210s][info][gc,heap     ] GC(94) Soft Max Capacity: 512M(100%)
[187.210s][info][gc,heap     ] GC(94)                Mark Start          Mark End        Relocate Start      Relocate End           High               Low         
[187.210s][info][gc,heap     ] GC(94)  Capacity:      512M (100%)        512M (100%)        512M (100%)        512M (100%)        512M (100%)        512M (100%)   
[187.210s][info][gc,heap     ] GC(94)      Free:        0M (0%)            0M (0%)            0M (0%)            0M (0%)          112M (22%)           0M (0%)     
[187.210s][info][gc,heap     ] GC(94)      Used:      512M (100%)        512M (100%)        512M (100%)        512M (100%)        512M (100%)        400M (78%)    
[187.210s][info][gc,heap     ] GC(94)      Live:         -               321M (63%)         321M (63%)         321M (63%)            -                  -          
[187.210s][info][gc,heap     ] GC(94) Allocated:         -                 0M (0%)          112M (22%)         159M (31%)            -                  -          
[187.210s][info][gc,heap     ] GC(94)   Garbage:         -               190M (37%)          78M (15%)          30M (6%)             -                  -          
[187.210s][info][gc,heap     ] GC(94) Reclaimed:         -                  -               112M (22%)         159M (31%)            -                  -          
[187.210s][info][gc          ] GC(94) Garbage Collection (Allocation Stall) 512M(100%)->512M(100%)
[187.210s][info][gc,start    ] GC(95) Garbage Collection (Allocation Stall)
[187.210s][info][gc,ref      ] GC(95) Clearing All SoftReferences
[187.210s][info][gc,task     ] GC(95) Using 5 workers
[187.210s][info][gc,ref      ] GC(95) Clearing All SoftReferences
[187.210s][info][gc,phases   ] GC(95) Pause Mark Start 0.034ms
[187.257s][info][gc,phases   ] GC(95) Concurrent Mark 47.001ms
[187.257s][info][gc,phases   ] GC(95) Pause Mark End 0.025ms
[187.257s][info][gc,phases   ] GC(95) Concurrent Mark Free 0.001ms
[187.260s][info][gc,phases   ] GC(95) Concurrent Process Non-Strong References 3.072ms
[187.260s][info][gc,phases   ] GC(95) Concurrent Reset Relocation Set 0.004ms
[187.261s][info][gc          ] Allocation Stall (Executor task launch worker for task 47.0 in stage 0.0 (TID 47)) 51.374ms
[187.261s][info][gc          ] Allocation Stall (Executor task launch worker for task 33.0 in stage 0.0 (TID 33)) 51.407ms
[187.261s][info][gc          ] Allocation Stall (Executor task launch worker for task 39.0 in stage 0.0 (TID 39)) 51.233ms
[187.261s][info][gc          ] Allocation Stall (Executor task launch worker for task 22.0 in stage 0.0 (TID 22)) 51.506ms
[187.261s][info][gc          ] Allocation Stall (Executor task launch worker for task 38.0 in stage 0.0 (TID 38)) 51.121ms
[187.261s][info][gc          ] Allocation Stall (Executor task launch worker for task 24.0 in stage 0.0 (TID 24)) 51.245ms
[187.261s][info][gc          ] Allocation Stall (Executor task launch worker for task 42.0 in stage 0.0 (TID 42)) 51.184ms
[187.261s][info][gc          ] Allocation Stall (Executor task launch worker for task 26.0 in stage 0.0 (TID 26)) 51.220ms
[187.261s][info][gc          ] Allocation Stall (Executor task launch worker for task 1.0 in stage 0.0 (TID 1)) 51.364ms
[187.261s][info][gc          ] Allocation Stall (Executor task launch worker for task 12.0 in stage 0.0 (TID 12)) 51.169ms
[187.261s][info][gc          ] Allocation Stall (Executor task launch worker for task 20.0 in stage 0.0 (TID 20)) 51.620ms
[187.261s][info][gc          ] Allocation Stall (Executor task launch worker for task 40.0 in stage 0.0 (TID 40)) 51.295ms
[187.261s][info][gc          ] Allocation Stall (Executor task launch worker for task 7.0 in stage 0.0 (TID 7)) 51.270ms
[187.261s][info][gc          ] Allocation Stall (Executor task launch worker for task 29.0 in stage 0.0 (TID 29)) 51.710ms
[187.261s][info][gc          ] Allocation Stall (Executor task launch worker for task 2.0 in stage 0.0 (TID 2)) 51.197ms
[187.261s][info][gc          ] Allocation Stall (Executor task launch worker for task 34.0 in stage 0.0 (TID 34)) 51.674ms
[187.261s][info][gc          ] Allocation Stall (Executor task launch worker for task 14.0 in stage 0.0 (TID 14)) 51.231ms
[187.261s][info][gc          ] Allocation Stall (Executor task launch worker for task 37.0 in stage 0.0 (TID 37)) 51.518ms
[187.261s][info][gc          ] Allocation Stall (Executor task launch worker for task 16.0 in stage 0.0 (TID 16)) 51.782ms
[187.261s][info][gc          ] Allocation Stall (Executor task launch worker for task 19.0 in stage 0.0 (TID 19)) 51.255ms
[187.261s][info][gc          ] Allocation Stall (Executor task launch worker for task 30.0 in stage 0.0 (TID 30)) 51.518ms
[187.261s][info][gc          ] Allocation Stall (Executor task launch worker for task 45.0 in stage 0.0 (TID 45)) 51.845ms
[187.261s][info][gc          ] Allocation Stall (Executor task launch worker for task 18.0 in stage 0.0 (TID 18)) 51.766ms
[187.261s][info][gc          ] Allocation Stall (Executor task launch worker for task 31.0 in stage 0.0 (TID 31)) 51.665ms
[187.261s][info][gc          ] Allocation Stall (Executor task launch worker for task 4.0 in stage 0.0 (TID 4)) 52.042ms
[187.261s][info][gc          ] Allocation Stall (Executor task launch worker for task 23.0 in stage 0.0 (TID 23)) 51.378ms
[187.261s][info][gc          ] Allocation Stall (Executor task launch worker for task 6.0 in stage 0.0 (TID 6)) 52.000ms
[187.261s][info][gc          ] Allocation Stall (Executor task launch worker for task 25.0 in stage 0.0 (TID 25)) 52.061ms
[187.261s][info][gc          ] Allocation Stall (Executor task launch worker for task 17.0 in stage 0.0 (TID 17)) 52.031ms
[187.261s][info][gc          ] Allocation Stall (Executor task launch worker for task 28.0 in stage 0.0 (TID 28)) 52.019ms
[187.261s][info][gc          ] Allocation Stall (Executor task launch worker for task 21.0 in stage 0.0 (TID 21)) 51.280ms
[187.261s][info][gc          ] Allocation Stall (Executor task launch worker for task 15.0 in stage 0.0 (TID 15)) 51.889ms
[187.261s][info][gc          ] Allocation Stall (Executor task launch worker for task 9.0 in stage 0.0 (TID 9)) 51.374ms
[187.261s][info][gc          ] Allocation Stall (Executor task launch worker for task 46.0 in stage 0.0 (TID 46)) 50.650ms
[187.261s][info][gc          ] Allocation Stall (Executor task launch worker for task 0.0 in stage 0.0 (TID 0)) 51.692ms
[187.261s][info][gc          ] Allocation Stall (Executor task launch worker for task 8.0 in stage 0.0 (TID 8)) 51.940ms
[187.261s][info][gc          ] Allocation Stall (Executor task launch worker for task 3.0 in stage 0.0 (TID 3)) 51.526ms
[187.261s][info][gc          ] Allocation Stall (Executor task launch worker for task 10.0 in stage 0.0 (TID 10)) 51.441ms
[187.261s][info][gc          ] Allocation Stall (Executor task launch worker for task 36.0 in stage 0.0 (TID 36)) 51.672ms
[187.261s][info][gc          ] Allocation Stall (Executor task launch worker for task 41.0 in stage 0.0 (TID 41)) 51.370ms
[187.261s][info][gc          ] Allocation Stall (Executor task launch worker for task 13.0 in stage 0.0 (TID 13)) 51.475ms
[187.261s][info][gc          ] Allocation Stall (Executor task launch worker for task 32.0 in stage 0.0 (TID 32)) 51.465ms
[187.261s][info][gc          ] Allocation Stall (RemoteBlock-temp-file-clean-thread) 3.663ms
[187.261s][info][gc          ] Allocation Stall (Executor task launch worker for task 11.0 in stage 0.0 (TID 11)) 51.942ms
[187.261s][info][gc          ] Allocation Stall (Executor task launch worker for task 5.0 in stage 0.0 (TID 5)) 51.902ms
[187.261s][info][gc          ] Allocation Stall (Executor task launch worker for task 43.0 in stage 0.0 (TID 43)) 52.063ms
[187.261s][info][gc          ] Allocation Stall (Executor task launch worker for task 35.0 in stage 0.0 (TID 35)) 51.768ms
[187.261s][info][gc          ] Allocation Stall (Executor task launch worker for task 44.0 in stage 0.0 (TID 44)) 51.354ms
[187.261s][info][gc          ] Allocation Stall (Executor task launch worker for task 27.0 in stage 0.0 (TID 27)) 51.563ms
[187.265s][info][gc,phases   ] GC(95) Concurrent Select Relocation Set 4.124ms
[187.296s][info][gc          ] Allocation Stall (Executor task launch worker for task 31.0 in stage 0.0 (TID 31)) 1.402ms
[187.296s][info][gc,phases   ] GC(95) Pause Relocate Start 0.008ms
[187.296s][info][gc          ] Allocation Stall (Executor task launch worker for task 15.0 in stage 0.0 (TID 15)) 1.623ms
[187.297s][info][gc          ] Allocation Stall (Executor task launch worker for task 37.0 in stage 0.0 (TID 37)) 1.734ms
[187.297s][info][gc          ] Allocation Stall (Executor task launch worker for task 40.0 in stage 0.0 (TID 40)) 0.632ms
[187.297s][info][gc          ] Allocation Stall (Executor task launch worker for task 32.0 in stage 0.0 (TID 32)) 0.645ms
[187.297s][info][gc          ] Allocation Stall (Executor task launch worker for task 24.0 in stage 0.0 (TID 24)) 0.654ms
[187.297s][info][gc          ] Allocation Stall (Executor task launch worker for task 10.0 in stage 0.0 (TID 10)) 0.664ms
[187.297s][info][gc          ] Allocation Stall (Executor task launch worker for task 38.0 in stage 0.0 (TID 38)) 0.688ms
[187.297s][info][gc          ] Allocation Stall (Spark Context Cleaner) 2.409ms
[187.297s][info][gc          ] Allocation Stall (Executor task launch worker for task 6.0 in stage 0.0 (TID 6)) 1.297ms
[187.297s][info][gc          ] Allocation Stall (Executor task launch worker for task 45.0 in stage 0.0 (TID 45)) 1.304ms
[187.298s][info][gc          ] Allocation Stall (Executor task launch worker for task 13.0 in stage 0.0 (TID 13)) 0.081ms
[187.300s][info][gc          ] Allocation Stall (Executor task launch worker for task 34.0 in stage 0.0 (TID 34)) 1.478ms
[187.300s][info][gc,phases   ] GC(95) Concurrent Relocate 3.283ms
[187.300s][info][gc,load     ] GC(95) Load: 0.00/0.00/0.00
[187.300s][info][gc,mmu      ] GC(95) MMU: 2ms/95.7%, 5ms/98.3%, 10ms/99.1%, 20ms/99.5%, 50ms/99.8%, 100ms/99.8%
[187.300s][info][gc,marking  ] GC(95) Mark: 4 stripe(s), 2 proactive flush(es), 1 terminate flush(es), 0 completion(s), 0 continuation(s) 
[187.300s][info][gc,marking  ] GC(95) Mark Stack Usage: 32M
[187.300s][info][gc,nmethod  ] GC(95) NMethods: 4406 registered, 230 unregistered
[187.300s][info][gc,metaspace] GC(95) Metaspace: 113M used, 116M committed, 1152M reserved
[187.300s][info][gc,ref      ] GC(95) Soft: 2808 encountered, 2258 discovered, 0 enqueued
[187.300s][info][gc,ref      ] GC(95) Weak: 13104 encountered, 3323 discovered, 3 enqueued
[187.300s][info][gc,ref      ] GC(95) Final: 40 encountered, 5 discovered, 0 enqueued
[187.300s][info][gc,ref      ] GC(95) Phantom: 750 encountered, 647 discovered, 0 enqueued
[187.300s][info][gc,reloc    ] GC(95) Small Pages: 120 / 240M, Empty: 130M, Relocated: 1M, In-Place: 5
[187.300s][info][gc,reloc    ] GC(95) Medium Pages: 1 / 16M, Empty: 0M, Relocated: 0M, In-Place: 0
[187.300s][info][gc,reloc    ] GC(95) Large Pages: 64 / 256M, Empty: 0M, Relocated: 0M, In-Place: 0
[187.300s][info][gc,reloc    ] GC(95) Forwarding Usage: 0M
[187.300s][info][gc,heap     ] GC(95) Min Capacity: 8M(2%)
[187.300s][info][gc,heap     ] GC(95) Max Capacity: 512M(100%)
[187.300s][info][gc,heap     ] GC(95) Soft Max Capacity: 512M(100%)
[187.300s][info][gc,heap     ] GC(95)                Mark Start          Mark End        Relocate Start      Relocate End           High               Low         
[187.300s][info][gc,heap     ] GC(95)  Capacity:      512M (100%)        512M (100%)        512M (100%)        512M (100%)        512M (100%)        512M (100%)   
[187.300s][info][gc,heap     ] GC(95)      Free:        0M (0%)            0M (0%)            0M (0%)            0M (0%)          128M (25%)           0M (0%)     
[187.300s][info][gc,heap     ] GC(95)      Used:      512M (100%)        512M (100%)        512M (100%)        512M (100%)        512M (100%)        384M (75%)    
[187.300s][info][gc,heap     ] GC(95)      Live:         -               318M (62%)         318M (62%)         318M (62%)            -                  -          
[187.300s][info][gc,heap     ] GC(95) Allocated:         -                 0M (0%)          130M (25%)         159M (31%)            -                  -          
[187.300s][info][gc,heap     ] GC(95)   Garbage:         -               193M (38%)          63M (12%)          33M (7%)             -                  -          
[187.300s][info][gc,heap     ] GC(95) Reclaimed:         -                  -               130M (25%)         159M (31%)            -                  -          
[187.300s][info][gc          ] GC(95) Garbage Collection (Allocation Stall) 512M(100%)->512M(100%)
[187.300s][info][gc,start    ] GC(96) Garbage Collection (Allocation Stall)
[187.300s][info][gc,ref      ] GC(96) Clearing All SoftReferences
[187.300s][info][gc,task     ] GC(96) Using 5 workers
[187.300s][info][gc,ref      ] GC(96) Clearing All SoftReferences
[187.300s][info][gc,phases   ] GC(96) Pause Mark Start 0.035ms
[187.335s][info][gc,phases   ] GC(96) Concurrent Mark 34.898ms
[187.335s][info][gc,phases   ] GC(96) Pause Mark End 0.019ms
[187.335s][info][gc,phases   ] GC(96) Concurrent Mark Free 0.001ms
[187.338s][info][gc,phases   ] GC(96) Concurrent Process Non-Strong References 2.393ms
[187.338s][info][gc,phases   ] GC(96) Concurrent Reset Relocation Set 0.003ms
[187.340s][info][gc          ] Allocation Stall (Executor task launch worker for task 7.0 in stage 0.0 (TID 7)) 41.302ms
[187.340s][info][gc          ] Allocation Stall (Executor task launch worker for task 32.0 in stage 0.0 (TID 32)) 41.171ms
[187.340s][info][gc          ] Allocation Stall (Executor task launch worker for task 47.0 in stage 0.0 (TID 47)) 41.350ms
[187.340s][info][gc          ] Allocation Stall (Executor task launch worker for task 40.0 in stage 0.0 (TID 40)) 41.278ms
[187.340s][info][gc          ] Allocation Stall (Executor task launch worker for task 5.0 in stage 0.0 (TID 5)) 41.655ms
[187.340s][info][gc          ] Allocation Stall (Executor task launch worker for task 36.0 in stage 0.0 (TID 36)) 41.266ms
[187.340s][info][gc          ] Allocation Stall (Executor task launch worker for task 45.0 in stage 0.0 (TID 45)) 41.132ms
[187.340s][info][gc          ] Allocation Stall (Executor task launch worker for task 15.0 in stage 0.0 (TID 15)) 41.378ms
[187.340s][info][gc          ] Allocation Stall (Executor task launch worker for task 20.0 in stage 0.0 (TID 20)) 41.399ms
[187.340s][info][gc          ] Allocation Stall (Executor task launch worker for task 35.0 in stage 0.0 (TID 35)) 41.345ms
[187.340s][info][gc          ] Allocation Stall (Executor task launch worker for task 33.0 in stage 0.0 (TID 33)) 41.448ms
[187.340s][info][gc          ] Allocation Stall (Executor task launch worker for task 11.0 in stage 0.0 (TID 11)) 41.621ms
[187.340s][info][gc          ] Allocation Stall (Executor task launch worker for task 17.0 in stage 0.0 (TID 17)) 41.422ms
[187.340s][info][gc          ] Allocation Stall (Executor task launch worker for task 27.0 in stage 0.0 (TID 27)) 41.806ms
[187.340s][info][gc          ] Allocation Stall (Executor task launch worker for task 22.0 in stage 0.0 (TID 22)) 41.608ms
[187.340s][info][gc          ] Allocation Stall (Executor task launch worker for task 34.0 in stage 0.0 (TID 34)) 40.124ms
[187.340s][info][gc          ] Allocation Stall (Executor task launch worker for task 39.0 in stage 0.0 (TID 39)) 41.487ms
[187.340s][info][gc          ] Allocation Stall (Executor task launch worker for task 6.0 in stage 0.0 (TID 6)) 41.271ms
[187.340s][info][gc          ] Allocation Stall (Executor task launch worker for task 44.0 in stage 0.0 (TID 44)) 41.560ms
[187.340s][info][gc          ] Allocation Stall (Executor task launch worker for task 25.0 in stage 0.0 (TID 25)) 41.512ms
[187.340s][info][gc          ] Allocation Stall (Executor task launch worker for task 2.0 in stage 0.0 (TID 2)) 41.560ms
[187.340s][info][gc          ] Allocation Stall (Executor task launch worker for task 41.0 in stage 0.0 (TID 41)) 41.401ms
[187.340s][info][gc,phases   ] GC(96) Concurrent Select Relocation Set 2.671ms
[187.340s][info][gc          ] Allocation Stall (Executor task launch worker for task 30.0 in stage 0.0 (TID 30)) 41.828ms
[187.340s][info][gc          ] Allocation Stall (Executor task launch worker for task 10.0 in stage 0.0 (TID 10)) 41.899ms
[187.340s][info][gc          ] Allocation Stall (Executor task launch worker for task 0.0 in stage 0.0 (TID 0)) 41.551ms
[187.340s][info][gc          ] Allocation Stall (Executor task launch worker for task 38.0 in stage 0.0 (TID 38)) 41.360ms
[187.340s][info][gc          ] Allocation Stall (Executor task launch worker for task 14.0 in stage 0.0 (TID 14)) 41.712ms
[187.340s][info][gc          ] Allocation Stall (Executor task launch worker for task 4.0 in stage 0.0 (TID 4)) 41.725ms
[187.340s][info][gc          ] Allocation Stall (Executor task launch worker for task 37.0 in stage 0.0 (TID 37)) 41.676ms
[187.340s][info][gc          ] Allocation Stall (Executor task launch worker for task 31.0 in stage 0.0 (TID 31)) 41.426ms
[187.340s][info][gc          ] Allocation Stall (Executor task launch worker for task 3.0 in stage 0.0 (TID 3)) 41.395ms
[187.340s][info][gc          ] Allocation Stall (Executor task launch worker for task 46.0 in stage 0.0 (TID 46)) 41.438ms
[187.340s][info][gc          ] Allocation Stall (Executor task launch worker for task 1.0 in stage 0.0 (TID 1)) 41.573ms
[187.340s][info][gc          ] Allocation Stall (Executor task launch worker for task 24.0 in stage 0.0 (TID 24)) 41.345ms
[187.340s][info][gc          ] Allocation Stall (Executor task launch worker for task 26.0 in stage 0.0 (TID 26)) 41.893ms
[187.340s][info][gc          ] Allocation Stall (Executor task launch worker for task 42.0 in stage 0.0 (TID 42)) 41.509ms
[187.340s][info][gc          ] Allocation Stall (Executor task launch worker for task 43.0 in stage 0.0 (TID 43)) 41.598ms
[187.340s][info][gc          ] Allocation Stall (Executor task launch worker for task 13.0 in stage 0.0 (TID 13)) 41.383ms
[187.340s][info][gc          ] Allocation Stall (Executor task launch worker for task 23.0 in stage 0.0 (TID 23)) 41.600ms
[187.340s][info][gc          ] Allocation Stall (Executor task launch worker for task 9.0 in stage 0.0 (TID 9)) 41.782ms
[187.341s][info][gc          ] Allocation Stall (Executor task launch worker for task 28.0 in stage 0.0 (TID 28)) 41.930ms
[187.341s][info][gc          ] Allocation Stall (Executor task launch worker for task 29.0 in stage 0.0 (TID 29)) 41.974ms
[187.341s][info][gc          ] Allocation Stall (Executor task launch worker for task 12.0 in stage 0.0 (TID 12)) 41.512ms
[187.341s][info][gc          ] Allocation Stall (Executor task launch worker for task 8.0 in stage 0.0 (TID 8)) 41.795ms
[187.341s][info][gc          ] Allocation Stall (Executor task launch worker for task 18.0 in stage 0.0 (TID 18)) 41.734ms
[187.341s][info][gc          ] Allocation Stall (Executor task launch worker for task 16.0 in stage 0.0 (TID 16)) 41.645ms
[187.341s][info][gc          ] Allocation Stall (Executor task launch worker for task 21.0 in stage 0.0 (TID 21)) 41.568ms
[187.341s][info][gc          ] Allocation Stall (Executor task launch worker for task 19.0 in stage 0.0 (TID 19)) 41.887ms
[187.342s][info][gc,phases   ] GC(96) Pause Relocate Start 0.012ms
[187.350s][info][gc,phases   ] GC(96) Concurrent Relocate 8.144ms
[187.351s][info][gc,load     ] GC(96) Load: 0.00/0.00/0.00
[187.351s][info][gc,mmu      ] GC(96) MMU: 2ms/95.7%, 5ms/98.3%, 10ms/99.1%, 20ms/99.5%, 50ms/99.8%, 100ms/99.8%
[187.351s][info][gc,marking  ] GC(96) Mark: 4 stripe(s), 2 proactive flush(es), 1 terminate flush(es), 0 completion(s), 0 continuation(s) 
[187.351s][info][gc,marking  ] GC(96) Mark Stack Usage: 32M
[187.351s][info][gc,nmethod  ] GC(96) NMethods: 4398 registered, 240 unregistered
[187.351s][info][gc,metaspace] GC(96) Metaspace: 113M used, 116M committed, 1152M reserved
[187.351s][info][gc,ref      ] GC(96) Soft: 2808 encountered, 313 discovered, 0 enqueued
[187.351s][info][gc,ref      ] GC(96) Weak: 13102 encountered, 3760 discovered, 1 enqueued
[187.351s][info][gc,ref      ] GC(96) Final: 40 encountered, 7 discovered, 0 enqueued
[187.351s][info][gc,ref      ] GC(96) Phantom: 750 encountered, 505 discovered, 0 enqueued
[187.351s][info][gc,reloc    ] GC(96) Small Pages: 120 / 240M, Empty: 122M, Relocated: 1M, In-Place: 0
[187.351s][info][gc,reloc    ] GC(96) Medium Pages: 1 / 16M, Empty: 0M, Relocated: 0M, In-Place: 0
[187.351s][info][gc,reloc    ] GC(96) Large Pages: 64 / 256M, Empty: 0M, Relocated: 0M, In-Place: 0
[187.351s][info][gc,reloc    ] GC(96) Forwarding Usage: 0M
[187.351s][info][gc,heap     ] GC(96) Min Capacity: 8M(2%)
[187.352s][info][gc,heap     ] GC(96) Max Capacity: 512M(100%)
[187.352s][info][gc,heap     ] GC(96) Soft Max Capacity: 512M(100%)
[187.352s][info][gc,heap     ] GC(96)                Mark Start          Mark End        Relocate Start      Relocate End           High               Low         
[187.352s][info][gc,heap     ] GC(96)  Capacity:      512M (100%)        512M (100%)        512M (100%)        512M (100%)        512M (100%)        512M (100%)   
[187.352s][info][gc,heap     ] GC(96)      Free:        0M (0%)            0M (0%)          106M (21%)          24M (5%)          138M (27%)           0M (0%)     
[187.352s][info][gc,heap     ] GC(96)      Used:      512M (100%)        512M (100%)        406M (79%)         488M (95%)         512M (100%)        374M (73%)    
[187.352s][info][gc,heap     ] GC(96)      Live:         -               318M (62%)         318M (62%)         318M (62%)            -                  -          
[187.352s][info][gc,heap     ] GC(96) Allocated:         -                 0M (0%)           16M (3%)          135M (27%)            -                  -          
[187.352s][info][gc,heap     ] GC(96)   Garbage:         -               193M (38%)          71M (14%)          33M (7%)             -                  -          
[187.352s][info][gc,heap     ] GC(96) Reclaimed:         -                  -               122M (24%)         159M (31%)            -                  -          
[187.352s][info][gc          ] GC(96) Garbage Collection (Allocation Stall) 512M(100%)->488M(95%)
[187.352s][info][gc,start    ] GC(97) Garbage Collection (Allocation Stall)
[187.352s][info][gc,ref      ] GC(97) Clearing All SoftReferences
[187.352s][info][gc,task     ] GC(97) Using 5 workers
[187.353s][info][gc,ref      ] GC(97) Clearing All SoftReferences
[187.353s][info][gc,phases   ] GC(97) Pause Mark Start 0.044ms
[187.384s][info][gc,phases   ] GC(97) Concurrent Mark 31.530ms
[187.384s][info][gc,phases   ] GC(97) Pause Mark End 0.013ms
[187.384s][info][gc,phases   ] GC(97) Concurrent Mark Free 0.001ms
[187.387s][info][gc,phases   ] GC(97) Concurrent Process Non-Strong References 2.510ms
[187.387s][info][gc,phases   ] GC(97) Concurrent Reset Relocation Set 0.004ms
[187.387s][info][gc          ] Allocation Stall (Executor task launch worker for task 35.0 in stage 0.0 (TID 35)) 34.722ms
[187.387s][info][gc          ] Allocation Stall (Executor task launch worker for task 8.0 in stage 0.0 (TID 8)) 34.413ms
[187.387s][info][gc          ] Allocation Stall (Executor task launch worker for task 12.0 in stage 0.0 (TID 12)) 34.491ms
[187.387s][info][gc          ] Allocation Stall (Executor task launch worker for task 11.0 in stage 0.0 (TID 11)) 34.923ms
[187.387s][info][gc          ] Allocation Stall (Executor task launch worker for task 16.0 in stage 0.0 (TID 16)) 34.392ms
[187.387s][info][gc          ] Allocation Stall (Executor task launch worker for task 15.0 in stage 0.0 (TID 15)) 34.500ms
[187.387s][info][gc          ] Allocation Stall (Executor task launch worker for task 40.0 in stage 0.0 (TID 40)) 34.417ms
[187.387s][info][gc          ] Allocation Stall (Executor task launch worker for task 22.0 in stage 0.0 (TID 22)) 34.520ms
[187.387s][info][gc          ] Allocation Stall (Executor task launch worker for task 25.0 in stage 0.0 (TID 25)) 34.516ms
[187.387s][info][gc          ] Allocation Stall (Executor task launch worker for task 33.0 in stage 0.0 (TID 33)) 34.842ms
[187.387s][info][gc          ] Allocation Stall (Executor task launch worker for task 27.0 in stage 0.0 (TID 27)) 34.509ms
[187.387s][info][gc          ] Allocation Stall (Executor task launch worker for task 42.0 in stage 0.0 (TID 42)) 34.439ms
[187.387s][info][gc          ] Allocation Stall (Executor task launch worker for task 43.0 in stage 0.0 (TID 43)) 34.396ms
[187.387s][info][gc          ] Allocation Stall (Executor task launch worker for task 36.0 in stage 0.0 (TID 36)) 34.861ms
[187.387s][info][gc          ] Allocation Stall (Executor task launch worker for task 4.0 in stage 0.0 (TID 4)) 34.526ms
[187.387s][info][gc          ] Allocation Stall (Executor task launch worker for task 6.0 in stage 0.0 (TID 6)) 34.856ms
[187.387s][info][gc          ] Allocation Stall (executor-heartbeater) 20.803ms
[187.387s][info][gc          ] Allocation Stall (Executor task launch worker for task 7.0 in stage 0.0 (TID 7)) 35.155ms
[187.387s][info][gc          ] Allocation Stall (Executor task launch worker for task 1.0 in stage 0.0 (TID 1)) 35.118ms
[187.387s][info][gc          ] Allocation Stall (Executor task launch worker for task 30.0 in stage 0.0 (TID 30)) 35.122ms
[187.387s][info][gc          ] Allocation Stall (Executor task launch worker for task 44.0 in stage 0.0 (TID 44)) 34.528ms
[187.387s][info][gc          ] Allocation Stall (Executor task launch worker for task 20.0 in stage 0.0 (TID 20)) 35.044ms
[187.387s][info][gc          ] Allocation Stall (Executor task launch worker for task 29.0 in stage 0.0 (TID 29)) 34.485ms
[187.387s][info][gc          ] Allocation Stall (Executor task launch worker for task 47.0 in stage 0.0 (TID 47)) 34.877ms
[187.387s][info][gc          ] Allocation Stall (Executor task launch worker for task 28.0 in stage 0.0 (TID 28)) 34.546ms
[187.387s][info][gc          ] Allocation Stall (Executor task launch worker for task 3.0 in stage 0.0 (TID 3)) 34.466ms
[187.387s][info][gc          ] Allocation Stall (Executor task launch worker for task 18.0 in stage 0.0 (TID 18)) 34.546ms
[187.387s][info][gc          ] Allocation Stall (Executor task launch worker for task 26.0 in stage 0.0 (TID 26)) 35.058ms
[187.387s][info][gc          ] Allocation Stall (Executor task launch worker for task 17.0 in stage 0.0 (TID 17)) 34.920ms
[187.387s][info][gc          ] Allocation Stall (Executor task launch worker for task 19.0 in stage 0.0 (TID 19)) 34.834ms
[187.387s][info][gc          ] Allocation Stall (Executor task launch worker for task 31.0 in stage 0.0 (TID 31)) 35.172ms
[187.387s][info][gc          ] Allocation Stall (Executor task launch worker for task 9.0 in stage 0.0 (TID 9)) 34.822ms
[187.387s][info][gc          ] Allocation Stall (Executor task launch worker for task 39.0 in stage 0.0 (TID 39)) 34.560ms
[187.387s][info][gc          ] Allocation Stall (Executor task launch worker for task 2.0 in stage 0.0 (TID 2)) 34.914ms
[187.387s][info][gc          ] Allocation Stall (Executor task launch worker for task 13.0 in stage 0.0 (TID 13)) 35.083ms
[187.387s][info][gc          ] Allocation Stall (Executor task launch worker for task 21.0 in stage 0.0 (TID 21)) 35.040ms
[187.387s][info][gc          ] Allocation Stall (Executor task launch worker for task 14.0 in stage 0.0 (TID 14)) 34.564ms
[187.387s][info][gc          ] Allocation Stall (Executor task launch worker for task 32.0 in stage 0.0 (TID 32)) 34.816ms
[187.387s][info][gc          ] Allocation Stall (Executor task launch worker for task 24.0 in stage 0.0 (TID 24)) 34.813ms
[187.387s][info][gc          ] Allocation Stall (Executor task launch worker for task 0.0 in stage 0.0 (TID 0)) 34.556ms
[187.387s][info][gc          ] Allocation Stall (Executor task launch worker for task 23.0 in stage 0.0 (TID 23)) 34.900ms
[187.387s][info][gc          ] Allocation Stall (Executor task launch worker for task 46.0 in stage 0.0 (TID 46)) 34.964ms
[187.387s][info][gc          ] Allocation Stall (Executor task launch worker for task 5.0 in stage 0.0 (TID 5)) 34.787ms
[187.387s][info][gc          ] Allocation Stall (Executor task launch worker for task 34.0 in stage 0.0 (TID 34)) 34.919ms
[187.387s][info][gc          ] Allocation Stall (Executor task launch worker for task 37.0 in stage 0.0 (TID 37)) 34.977ms
[187.387s][info][gc          ] Allocation Stall (Executor task launch worker for task 45.0 in stage 0.0 (TID 45)) 35.022ms
[187.387s][info][gc          ] Allocation Stall (Executor task launch worker for task 38.0 in stage 0.0 (TID 38)) 34.953ms
[187.387s][info][gc          ] Allocation Stall (Executor task launch worker for task 10.0 in stage 0.0 (TID 10)) 35.031ms
[187.387s][info][gc          ] Allocation Stall (Executor task launch worker for task 41.0 in stage 0.0 (TID 41)) 34.988ms
[187.395s][info][gc,phases   ] GC(97) Concurrent Select Relocation Set 7.614ms
[187.398s][info][gc          ] Allocation Stall (netty-rpc-env-timeout) 0.344ms
[187.398s][info][gc,phases   ] GC(97) Pause Relocate Start 0.006ms
[187.398s][info][gc          ] Allocation Stall (Executor task launch worker for task 16.0 in stage 0.0 (TID 16)) 0.529ms
[187.398s][info][gc          ] Allocation Stall (Executor task launch worker for task 12.0 in stage 0.0 (TID 12)) 0.600ms
[187.398s][info][gc          ] Allocation Stall (Executor task launch worker for task 36.0 in stage 0.0 (TID 36)) 0.921ms
[187.400s][info][gc          ] Allocation Stall (Executor task launch worker for task 28.0 in stage 0.0 (TID 28)) 0.013ms
[187.401s][info][gc          ] Allocation Stall (Executor task launch worker for task 1.0 in stage 0.0 (TID 1)) 0.900ms
[187.401s][info][gc,phases   ] GC(97) Concurrent Relocate 2.738ms
[187.401s][info][gc,load     ] GC(97) Load: 0.00/0.00/0.00
[187.401s][info][gc,mmu      ] GC(97) MMU: 2ms/95.7%, 5ms/98.3%, 10ms/99.1%, 20ms/99.5%, 50ms/99.8%, 100ms/99.8%
[187.401s][info][gc,marking  ] GC(97) Mark: 4 stripe(s), 2 proactive flush(es), 1 terminate flush(es), 0 completion(s), 0 continuation(s) 
[187.401s][info][gc,marking  ] GC(97) Mark Stack Usage: 32M
[187.401s][info][gc,nmethod  ] GC(97) NMethods: 4422 registered, 243 unregistered
[187.401s][info][gc,metaspace] GC(97) Metaspace: 113M used, 116M committed, 1152M reserved
[187.401s][info][gc,ref      ] GC(97) Soft: 2808 encountered, 2277 discovered, 0 enqueued
[187.401s][info][gc,ref      ] GC(97) Weak: 13102 encountered, 3221 discovered, 2 enqueued
[187.401s][info][gc,ref      ] GC(97) Final: 40 encountered, 4 discovered, 0 enqueued
[187.401s][info][gc,ref      ] GC(97) Phantom: 750 encountered, 520 discovered, 0 enqueued
[187.401s][info][gc,reloc    ] GC(97) Small Pages: 120 / 240M, Empty: 136M, Relocated: 1M, In-Place: 5
[187.401s][info][gc,reloc    ] GC(97) Medium Pages: 1 / 16M, Empty: 0M, Relocated: 0M, In-Place: 0
[187.401s][info][gc,reloc    ] GC(97) Large Pages: 64 / 256M, Empty: 0M, Relocated: 0M, In-Place: 0
[187.401s][info][gc,reloc    ] GC(97) Forwarding Usage: 0M
[187.401s][info][gc,heap     ] GC(97) Min Capacity: 8M(2%)
[187.401s][info][gc,heap     ] GC(97) Max Capacity: 512M(100%)
[187.402s][info][gc,heap     ] GC(97) Soft Max Capacity: 512M(100%)
[187.402s][info][gc,heap     ] GC(97)                Mark Start          Mark End        Relocate Start      Relocate End           High               Low         
[187.402s][info][gc,heap     ] GC(97)  Capacity:      512M (100%)        512M (100%)        512M (100%)        512M (100%)        512M (100%)        512M (100%)   
[187.402s][info][gc,heap     ] GC(97)      Free:        0M (0%)            0M (0%)            0M (0%)            0M (0%)          128M (25%)           0M (0%)     
[187.402s][info][gc,heap     ] GC(97)      Used:      512M (100%)        512M (100%)        512M (100%)        512M (100%)        512M (100%)        384M (75%)    
[187.402s][info][gc,heap     ] GC(97)      Live:         -               318M (62%)         318M (62%)         318M (62%)            -                  -          
[187.402s][info][gc,heap     ] GC(97) Allocated:         -                 0M (0%)          136M (27%)         159M (31%)            -                  -          
[187.402s][info][gc,heap     ] GC(97)   Garbage:         -               193M (38%)          57M (11%)          33M (7%)             -                  -          
[187.402s][info][gc,heap     ] GC(97) Reclaimed:         -                  -               136M (27%)         159M (31%)            -                  -          
[187.402s][info][gc          ] GC(97) Garbage Collection (Allocation Stall) 512M(100%)->512M(100%)
[187.402s][info][gc,start    ] GC(98) Garbage Collection (Allocation Stall)
[187.402s][info][gc,ref      ] GC(98) Clearing All SoftReferences
[187.402s][info][gc,task     ] GC(98) Using 5 workers
[187.402s][info][gc,ref      ] GC(98) Clearing All SoftReferences
[187.402s][info][gc,phases   ] GC(98) Pause Mark Start 0.030ms
[187.446s][info][gc,phases   ] GC(98) Concurrent Mark 43.624ms
[187.446s][info][gc,phases   ] GC(98) Pause Mark End 0.022ms
[187.446s][info][gc,phases   ] GC(98) Concurrent Mark Free 0.001ms
[187.449s][info][gc,phases   ] GC(98) Concurrent Process Non-Strong References 2.894ms
[187.449s][info][gc,phases   ] GC(98) Concurrent Reset Relocation Set 0.004ms
[187.453s][info][gc          ] Allocation Stall (Executor task launch worker for task 19.0 in stage 0.0 (TID 19)) 52.103ms
[187.453s][info][gc          ] Allocation Stall (Executor task launch worker for task 7.0 in stage 0.0 (TID 7)) 52.046ms
[187.453s][info][gc          ] Allocation Stall (Executor task launch worker for task 44.0 in stage 0.0 (TID 44)) 52.101ms
[187.453s][info][gc          ] Allocation Stall (Executor task launch worker for task 14.0 in stage 0.0 (TID 14)) 51.750ms
[187.453s][info][gc          ] Allocation Stall (executor-heartbeater) 50.306ms
[187.453s][info][gc          ] Allocation Stall (Executor task launch worker for task 30.0 in stage 0.0 (TID 30)) 51.977ms
[187.453s][info][gc          ] Allocation Stall (Executor task launch worker for task 2.0 in stage 0.0 (TID 2)) 52.031ms
[187.453s][info][gc          ] Allocation Stall (Executor task launch worker for task 8.0 in stage 0.0 (TID 8)) 51.877ms
[187.453s][info][gc          ] Allocation Stall (Executor task launch worker for task 28.0 in stage 0.0 (TID 28)) 51.854ms
[187.453s][info][gc          ] Allocation Stall (Executor task launch worker for task 3.0 in stage 0.0 (TID 3)) 52.065ms
[187.453s][info][gc          ] Allocation Stall (Executor task launch worker for task 36.0 in stage 0.0 (TID 36)) 52.063ms
[187.453s][info][gc          ] Allocation Stall (Executor task launch worker for task 24.0 in stage 0.0 (TID 24)) 52.516ms
[187.453s][info][gc          ] Allocation Stall (Executor task launch worker for task 1.0 in stage 0.0 (TID 1)) 50.877ms
[187.453s][info][gc          ] Allocation Stall (Executor task launch worker for task 43.0 in stage 0.0 (TID 43)) 50.823ms
[187.453s][info][gc          ] Allocation Stall (Executor task launch worker for task 9.0 in stage 0.0 (TID 9)) 52.223ms
[187.453s][info][gc          ] Allocation Stall (Executor task launch worker for task 33.0 in stage 0.0 (TID 33)) 52.119ms
[187.453s][info][gc          ] Allocation Stall (Executor task launch worker for task 11.0 in stage 0.0 (TID 11)) 52.037ms
[187.453s][info][gc          ] Allocation Stall (Executor task launch worker for task 12.0 in stage 0.0 (TID 12)) 51.993ms
[187.453s][info][gc          ] Allocation Stall (Executor task launch worker for task 29.0 in stage 0.0 (TID 29)) 52.279ms
[187.453s][info][gc          ] Allocation Stall (Executor task launch worker for task 42.0 in stage 0.0 (TID 42)) 51.928ms
[187.453s][info][gc          ] Allocation Stall (Executor task launch worker for task 41.0 in stage 0.0 (TID 41)) 52.273ms
[187.453s][info][gc          ] Allocation Stall (Executor task launch worker for task 35.0 in stage 0.0 (TID 35)) 52.486ms
[187.453s][info][gc          ] Allocation Stall (Executor task launch worker for task 25.0 in stage 0.0 (TID 25)) 52.016ms
[187.453s][info][gc          ] Allocation Stall (Executor task launch worker for task 32.0 in stage 0.0 (TID 32)) 51.843ms
[187.453s][info][gc          ] Allocation Stall (Executor task launch worker for task 0.0 in stage 0.0 (TID 0)) 52.339ms
[187.453s][info][gc          ] Allocation Stall (Executor task launch worker for task 31.0 in stage 0.0 (TID 31)) 52.169ms
[187.453s][info][gc          ] Allocation Stall (Executor task launch worker for task 6.0 in stage 0.0 (TID 6)) 52.192ms
[187.453s][info][gc          ] Allocation Stall (Executor task launch worker for task 26.0 in stage 0.0 (TID 26)) 52.515ms
[187.453s][info][gc          ] Allocation Stall (Executor task launch worker for task 40.0 in stage 0.0 (TID 40)) 52.199ms
[187.453s][info][gc          ] Allocation Stall (Executor task launch worker for task 39.0 in stage 0.0 (TID 39)) 52.219ms
[187.453s][info][gc          ] Allocation Stall (Executor task launch worker for task 4.0 in stage 0.0 (TID 4)) 52.346ms
[187.453s][info][gc          ] Allocation Stall (Executor task launch worker for task 47.0 in stage 0.0 (TID 47)) 52.004ms
[187.453s][info][gc          ] Allocation Stall (Executor task launch worker for task 15.0 in stage 0.0 (TID 15)) 51.679ms
[187.453s][info][gc          ] Allocation Stall (Executor task launch worker for task 5.0 in stage 0.0 (TID 5)) 52.477ms
[187.453s][info][gc          ] Allocation Stall (Executor task launch worker for task 17.0 in stage 0.0 (TID 17)) 52.206ms
[187.453s][info][gc          ] Allocation Stall (Executor task launch worker for task 13.0 in stage 0.0 (TID 13)) 52.172ms
[187.453s][info][gc          ] Allocation Stall (Executor task launch worker for task 21.0 in stage 0.0 (TID 21)) 52.264ms
[187.453s][info][gc          ] Allocation Stall (Executor task launch worker for task 18.0 in stage 0.0 (TID 18)) 52.247ms
[187.453s][info][gc          ] Allocation Stall (Executor task launch worker for task 45.0 in stage 0.0 (TID 45)) 52.238ms
[187.453s][info][gc          ] Allocation Stall (Executor task launch worker for task 22.0 in stage 0.0 (TID 22)) 52.279ms
[187.453s][info][gc          ] Allocation Stall (Executor task launch worker for task 20.0 in stage 0.0 (TID 20)) 52.550ms
[187.453s][info][gc          ] Allocation Stall (Executor task launch worker for task 10.0 in stage 0.0 (TID 10)) 52.343ms
[187.453s][info][gc,phases   ] GC(98) Concurrent Select Relocation Set 3.671ms
[187.453s][info][gc          ] Allocation Stall (Executor task launch worker for task 38.0 in stage 0.0 (TID 38)) 52.339ms
[187.453s][info][gc          ] Allocation Stall (Executor task launch worker for task 27.0 in stage 0.0 (TID 27)) 52.338ms
[187.453s][info][gc          ] Allocation Stall (Executor task launch worker for task 23.0 in stage 0.0 (TID 23)) 52.326ms
[187.453s][info][gc          ] Allocation Stall (Executor task launch worker for task 16.0 in stage 0.0 (TID 16)) 52.580ms
[187.453s][info][gc          ] Allocation Stall (Executor task launch worker for task 46.0 in stage 0.0 (TID 46)) 52.391ms
[187.453s][info][gc          ] Allocation Stall (Executor task launch worker for task 37.0 in stage 0.0 (TID 37)) 52.508ms
[187.453s][info][gc          ] Allocation Stall (Executor task launch worker for task 34.0 in stage 0.0 (TID 34)) 52.371ms
[187.456s][info][gc,phases   ] GC(98) Pause Relocate Start 0.009ms
[187.457s][info][gc,phases   ] GC(98) Concurrent Relocate 0.685ms
[187.457s][info][gc,load     ] GC(98) Load: 0.00/0.00/0.00
[187.457s][info][gc,mmu      ] GC(98) MMU: 2ms/95.7%, 5ms/98.3%, 10ms/99.1%, 20ms/99.5%, 50ms/99.8%, 100ms/99.8%
[187.457s][info][gc,marking  ] GC(98) Mark: 4 stripe(s), 2 proactive flush(es), 1 terminate flush(es), 0 completion(s), 0 continuation(s) 
[187.457s][info][gc,marking  ] GC(98) Mark Stack Usage: 32M
[187.457s][info][gc,nmethod  ] GC(98) NMethods: 4435 registered, 243 unregistered
[187.457s][info][gc,metaspace] GC(98) Metaspace: 113M used, 116M committed, 1152M reserved
[187.457s][info][gc,ref      ] GC(98) Soft: 2810 encountered, 2217 discovered, 2 enqueued
[187.457s][info][gc,ref      ] GC(98) Weak: 13103 encountered, 2881 discovered, 2 enqueued
[187.457s][info][gc,ref      ] GC(98) Final: 40 encountered, 1 discovered, 0 enqueued
[187.457s][info][gc,ref      ] GC(98) Phantom: 750 encountered, 510 discovered, 0 enqueued
[187.457s][info][gc,reloc    ] GC(98) Small Pages: 120 / 240M, Empty: 126M, Relocated: 1M, In-Place: 0
[187.457s][info][gc,reloc    ] GC(98) Medium Pages: 1 / 16M, Empty: 0M, Relocated: 0M, In-Place: 0
[187.457s][info][gc,reloc    ] GC(98) Large Pages: 64 / 256M, Empty: 0M, Relocated: 0M, In-Place: 0
[187.457s][info][gc,reloc    ] GC(98) Forwarding Usage: 0M
[187.458s][info][gc,heap     ] GC(98) Min Capacity: 8M(2%)
[187.458s][info][gc,heap     ] GC(98) Max Capacity: 512M(100%)
[187.458s][info][gc,heap     ] GC(98) Soft Max Capacity: 512M(100%)
[187.458s][info][gc,heap     ] GC(98)                Mark Start          Mark End        Relocate Start      Relocate End           High               Low         
[187.458s][info][gc,heap     ] GC(98)  Capacity:      512M (100%)        512M (100%)        512M (100%)        512M (100%)        512M (100%)        512M (100%)   
[187.458s][info][gc,heap     ] GC(98)      Free:        0M (0%)            0M (0%)           84M (16%)         114M (22%)         126M (25%)           0M (0%)     
[187.458s][info][gc,heap     ] GC(98)      Used:      512M (100%)        512M (100%)        428M (84%)         398M (78%)         512M (100%)        386M (75%)    
[187.458s][info][gc,heap     ] GC(98)      Live:         -               318M (62%)         318M (62%)         318M (62%)            -                  -          
[187.458s][info][gc,heap     ] GC(98) Allocated:         -                 0M (0%)           42M (8%)           45M (9%)             -                  -          
[187.458s][info][gc,heap     ] GC(98)   Garbage:         -               193M (38%)          67M (13%)          34M (7%)             -                  -          
[187.458s][info][gc,heap     ] GC(98) Reclaimed:         -                  -               126M (25%)         159M (31%)            -                  -          
[187.458s][info][gc          ] GC(98) Garbage Collection (Allocation Stall) 512M(100%)->398M(78%)
[187.465s][info][gc,start    ] GC(99) Garbage Collection (Allocation Stall)
[187.465s][info][gc,ref      ] GC(99) Clearing All SoftReferences
[187.465s][info][gc,task     ] GC(99) Using 5 workers
[187.465s][info][gc,ref      ] GC(99) Clearing All SoftReferences
[187.465s][info][gc,phases   ] GC(99) Pause Mark Start 0.043ms
[187.508s][info][gc,phases   ] GC(99) Concurrent Mark 42.884ms
[187.508s][info][gc,phases   ] GC(99) Pause Mark End 0.014ms
[187.508s][info][gc,phases   ] GC(99) Concurrent Mark Free 0.001ms
[187.511s][info][gc,phases   ] GC(99) Concurrent Process Non-Strong References 2.720ms
[187.511s][info][gc,phases   ] GC(99) Concurrent Reset Relocation Set 0.012ms
[187.512s][info][gc          ] Allocation Stall (Executor task launch worker for task 3.0 in stage 0.0 (TID 3)) 46.151ms
[187.512s][info][gc          ] Allocation Stall (Executor task launch worker for task 44.0 in stage 0.0 (TID 44)) 46.387ms
[187.512s][info][gc          ] Allocation Stall (Executor task launch worker for task 47.0 in stage 0.0 (TID 47)) 46.426ms
[187.512s][info][gc          ] Allocation Stall (Spark Context Cleaner) 3.264ms
[187.512s][info][gc          ] Allocation Stall (Executor task launch worker for task 26.0 in stage 0.0 (TID 26)) 46.427ms
[187.512s][info][gc          ] Allocation Stall (Executor task launch worker for task 18.0 in stage 0.0 (TID 18)) 46.527ms
[187.512s][info][gc          ] Allocation Stall (Executor task launch worker for task 36.0 in stage 0.0 (TID 36)) 46.569ms
[187.512s][info][gc          ] Allocation Stall (Executor task launch worker for task 22.0 in stage 0.0 (TID 22)) 46.432ms
[187.512s][info][gc          ] Allocation Stall (Executor task launch worker for task 13.0 in stage 0.0 (TID 13)) 46.417ms
[187.512s][info][gc          ] Allocation Stall (Executor task launch worker for task 24.0 in stage 0.0 (TID 24)) 46.187ms
[187.512s][info][gc          ] Allocation Stall (Executor task launch worker for task 9.0 in stage 0.0 (TID 9)) 46.489ms
[187.512s][info][gc          ] Allocation Stall (Executor task launch worker for task 25.0 in stage 0.0 (TID 25)) 46.481ms
[187.512s][info][gc          ] Allocation Stall (Executor task launch worker for task 16.0 in stage 0.0 (TID 16)) 46.180ms
[187.512s][info][gc          ] Allocation Stall (Executor task launch worker for task 23.0 in stage 0.0 (TID 23)) 46.482ms
[187.512s][info][gc          ] Allocation Stall (Executor task launch worker for task 7.0 in stage 0.0 (TID 7)) 46.583ms
[187.512s][info][gc          ] Allocation Stall (Executor task launch worker for task 10.0 in stage 0.0 (TID 10)) 47.077ms
[187.512s][info][gc          ] Allocation Stall (Executor task launch worker for task 28.0 in stage 0.0 (TID 28)) 46.654ms
[187.512s][info][gc          ] Allocation Stall (Executor task launch worker for task 14.0 in stage 0.0 (TID 14)) 46.427ms
[187.512s][info][gc          ] Allocation Stall (Executor task launch worker for task 41.0 in stage 0.0 (TID 41)) 46.816ms
[187.512s][info][gc          ] Allocation Stall (Executor task launch worker for task 2.0 in stage 0.0 (TID 2)) 46.661ms
[187.512s][info][gc          ] Allocation Stall (Executor task launch worker for task 37.0 in stage 0.0 (TID 37)) 46.873ms
[187.512s][info][gc          ] Allocation Stall (Executor task launch worker for task 8.0 in stage 0.0 (TID 8)) 46.241ms
[187.512s][info][gc          ] Allocation Stall (Executor task launch worker for task 32.0 in stage 0.0 (TID 32)) 46.799ms
[187.512s][info][gc          ] Allocation Stall (Executor task launch worker for task 5.0 in stage 0.0 (TID 5)) 47.077ms
[187.512s][info][gc          ] Allocation Stall (Executor task launch worker for task 42.0 in stage 0.0 (TID 42)) 46.144ms
[187.512s][info][gc          ] Allocation Stall (Executor task launch worker for task 39.0 in stage 0.0 (TID 39)) 46.553ms
[187.512s][info][gc          ] Allocation Stall (Executor task launch worker for task 19.0 in stage 0.0 (TID 19)) 46.734ms
[187.512s][info][gc          ] Allocation Stall (Executor task launch worker for task 6.0 in stage 0.0 (TID 6)) 46.475ms
[187.512s][info][gc          ] Allocation Stall (Executor task launch worker for task 15.0 in stage 0.0 (TID 15)) 46.757ms
[187.512s][info][gc          ] Allocation Stall (Executor task launch worker for task 31.0 in stage 0.0 (TID 31)) 46.698ms
[187.512s][info][gc          ] Allocation Stall (Executor task launch worker for task 12.0 in stage 0.0 (TID 12)) 46.284ms
[187.512s][info][gc          ] Allocation Stall (Executor task launch worker for task 40.0 in stage 0.0 (TID 40)) 46.503ms
[187.512s][info][gc          ] Allocation Stall (Executor task launch worker for task 46.0 in stage 0.0 (TID 46)) 46.579ms
[187.512s][info][gc          ] Allocation Stall (Executor task launch worker for task 4.0 in stage 0.0 (TID 4)) 46.493ms
[187.512s][info][gc          ] Allocation Stall (Executor task launch worker for task 29.0 in stage 0.0 (TID 29)) 46.584ms
[187.512s][info][gc          ] Allocation Stall (Executor task launch worker for task 21.0 in stage 0.0 (TID 21)) 47.169ms
[187.512s][info][gc          ] Allocation Stall (Executor task launch worker for task 43.0 in stage 0.0 (TID 43)) 46.853ms
[187.512s][info][gc          ] Allocation Stall (Executor task launch worker for task 30.0 in stage 0.0 (TID 30)) 46.504ms
[187.512s][info][gc          ] Allocation Stall (executor-heartbeater) 46.070ms
[187.512s][info][gc          ] Allocation Stall (Executor task launch worker for task 1.0 in stage 0.0 (TID 1)) 46.717ms
[187.512s][info][gc          ] Allocation Stall (Executor task launch worker for task 35.0 in stage 0.0 (TID 35)) 46.505ms
[187.512s][info][gc          ] Allocation Stall (Executor task launch worker for task 27.0 in stage 0.0 (TID 27)) 46.868ms
[187.512s][info][gc          ] Allocation Stall (Executor task launch worker for task 38.0 in stage 0.0 (TID 38)) 47.001ms
[187.512s][info][gc          ] Allocation Stall (Executor task launch worker for task 0.0 in stage 0.0 (TID 0)) 46.623ms
[187.512s][info][gc          ] Allocation Stall (Executor task launch worker for task 45.0 in stage 0.0 (TID 45)) 46.325ms
[187.512s][info][gc          ] Allocation Stall (Executor task launch worker for task 17.0 in stage 0.0 (TID 17)) 46.657ms
[187.512s][info][gc          ] Allocation Stall (Executor task launch worker for task 20.0 in stage 0.0 (TID 20)) 46.707ms
[187.512s][info][gc          ] Allocation Stall (Executor task launch worker for task 11.0 in stage 0.0 (TID 11)) 46.727ms
[187.512s][info][gc          ] Allocation Stall (Executor task launch worker for task 34.0 in stage 0.0 (TID 34)) 46.574ms
[187.512s][info][gc          ] Allocation Stall (Executor task launch worker for task 33.0 in stage 0.0 (TID 33)) 46.875ms
[187.521s][info][gc,phases   ] GC(99) Concurrent Select Relocation Set 9.450ms
[187.521s][info][gc,phases   ] GC(99) Pause Relocate Start 0.008ms
[187.522s][info][gc,phases   ] GC(99) Concurrent Relocate 0.572ms
[187.522s][info][gc,load     ] GC(99) Load: 0.00/0.00/0.00
[187.522s][info][gc,mmu      ] GC(99) MMU: 2ms/95.7%, 5ms/98.3%, 10ms/99.1%, 20ms/99.5%, 50ms/99.8%, 100ms/99.8%
[187.522s][info][gc,marking  ] GC(99) Mark: 4 stripe(s), 2 proactive flush(es), 1 terminate flush(es), 0 completion(s), 0 continuation(s) 
[187.522s][info][gc,marking  ] GC(99) Mark Stack Usage: 32M
[187.522s][info][gc,nmethod  ] GC(99) NMethods: 4438 registered, 245 unregistered
[187.522s][info][gc,metaspace] GC(99) Metaspace: 113M used, 116M committed, 1152M reserved
[187.522s][info][gc,ref      ] GC(99) Soft: 2808 encountered, 1538 discovered, 0 enqueued
[187.522s][info][gc,ref      ] GC(99) Weak: 13102 encountered, 2863 discovered, 2 enqueued
[187.522s][info][gc,ref      ] GC(99) Final: 40 encountered, 1 discovered, 0 enqueued
[187.522s][info][gc,ref      ] GC(99) Phantom: 750 encountered, 591 discovered, 0 enqueued
[187.522s][info][gc,reloc    ] GC(99) Small Pages: 120 / 240M, Empty: 136M, Relocated: 1M, In-Place: 0
[187.522s][info][gc,reloc    ] GC(99) Medium Pages: 1 / 16M, Empty: 0M, Relocated: 0M, In-Place: 0
[187.522s][info][gc,reloc    ] GC(99) Large Pages: 64 / 256M, Empty: 0M, Relocated: 0M, In-Place: 0
[187.523s][info][gc,reloc    ] GC(99) Forwarding Usage: 0M
[187.523s][info][gc,heap     ] GC(99) Min Capacity: 8M(2%)
[187.523s][info][gc,heap     ] GC(99) Max Capacity: 512M(100%)
[187.523s][info][gc,heap     ] GC(99) Soft Max Capacity: 512M(100%)
[187.523s][info][gc,heap     ] GC(99)                Mark Start          Mark End        Relocate Start      Relocate End           High               Low         
[187.523s][info][gc,heap     ] GC(99)  Capacity:      512M (100%)        512M (100%)        512M (100%)        512M (100%)        512M (100%)        512M (100%)   
[187.523s][info][gc,heap     ] GC(99)      Free:        0M (0%)            0M (0%)            8M (2%)           28M (5%)          128M (25%)           0M (0%)     
[187.523s][info][gc,heap     ] GC(99)      Used:      512M (100%)        512M (100%)        504M (98%)         484M (95%)         512M (100%)        384M (75%)    
[187.523s][info][gc,heap     ] GC(99)      Live:         -               318M (62%)         318M (62%)         318M (62%)            -                  -          
[187.523s][info][gc,heap     ] GC(99) Allocated:         -                 0M (0%)          128M (25%)         131M (26%)            -                  -          
[187.523s][info][gc,heap     ] GC(99)   Garbage:         -               193M (38%)          57M (11%)          34M (7%)             -                  -          
[187.523s][info][gc,heap     ] GC(99) Reclaimed:         -                  -               136M (27%)         159M (31%)            -                  -          
[187.523s][info][gc          ] GC(99) Garbage Collection (Allocation Stall) 512M(100%)->484M(95%)
[187.523s][info][gc,start    ] GC(100) Garbage Collection (Allocation Stall)
[187.523s][info][gc          ] Allocation Stall (Executor task launch worker for task 10.0 in stage 0.0 (TID 10)) 0.020ms
[187.524s][info][gc,ref      ] GC(100) Clearing All SoftReferences
[187.524s][info][gc,task     ] GC(100) Using 5 workers
[187.524s][info][gc,ref      ] GC(100) Clearing All SoftReferences
[187.524s][info][gc,phases   ] GC(100) Pause Mark Start 0.052ms
[187.568s][info][gc,phases   ] GC(100) Concurrent Mark 43.362ms
[187.568s][info][gc,phases   ] GC(100) Pause Mark End 0.019ms
[187.568s][info][gc,phases   ] GC(100) Concurrent Mark Free 0.001ms
[187.571s][info][gc,phases   ] GC(100) Concurrent Process Non-Strong References 2.760ms
[187.571s][info][gc,phases   ] GC(100) Concurrent Reset Relocation Set 0.003ms
[187.574s][info][gc          ] Allocation Stall (Executor task launch worker for task 0.0 in stage 0.0 (TID 0)) 50.423ms
[187.574s][info][gc          ] Allocation Stall (heartbeat-receiver-event-loop-thread) 50.041ms
[187.574s][info][gc          ] Allocation Stall (Executor task launch worker for task 29.0 in stage 0.0 (TID 29)) 50.106ms
[187.574s][info][gc          ] Allocation Stall (Executor task launch worker for task 30.0 in stage 0.0 (TID 30)) 50.717ms
[187.574s][info][gc          ] Allocation Stall (Executor task launch worker for task 16.0 in stage 0.0 (TID 16)) 50.129ms
[187.574s][info][gc          ] Allocation Stall (Executor task launch worker for task 21.0 in stage 0.0 (TID 21)) 50.771ms
[187.574s][info][gc          ] Allocation Stall (Executor task launch worker for task 15.0 in stage 0.0 (TID 15)) 50.140ms
[187.574s][info][gc          ] Allocation Stall (Executor task launch worker for task 18.0 in stage 0.0 (TID 18)) 50.434ms
[187.574s][info][gc          ] Allocation Stall (Executor task launch worker for task 4.0 in stage 0.0 (TID 4)) 50.002ms
[187.574s][info][gc          ] Allocation Stall (Executor task launch worker for task 28.0 in stage 0.0 (TID 28)) 50.758ms
[187.574s][info][gc          ] Allocation Stall (Executor task launch worker for task 35.0 in stage 0.0 (TID 35)) 50.165ms
[187.574s][info][gc          ] Allocation Stall (Executor task launch worker for task 38.0 in stage 0.0 (TID 38)) 50.064ms
[187.574s][info][gc          ] Allocation Stall (Executor task launch worker for task 12.0 in stage 0.0 (TID 12)) 50.180ms
[187.574s][info][gc          ] Allocation Stall (Executor task launch worker for task 26.0 in stage 0.0 (TID 26)) 50.163ms
[187.574s][info][gc          ] Allocation Stall (Executor task launch worker for task 22.0 in stage 0.0 (TID 22)) 50.754ms
[187.574s][info][gc          ] Allocation Stall (Executor task launch worker for task 32.0 in stage 0.0 (TID 32)) 49.992ms
[187.574s][info][gc          ] Allocation Stall (Executor task launch worker for task 34.0 in stage 0.0 (TID 34)) 50.745ms
[187.574s][info][gc          ] Allocation Stall (Executor task launch worker for task 46.0 in stage 0.0 (TID 46)) 50.519ms
[187.574s][info][gc          ] Allocation Stall (Executor task launch worker for task 5.0 in stage 0.0 (TID 5)) 50.203ms
[187.574s][info][gc          ] Allocation Stall (Executor task launch worker for task 42.0 in stage 0.0 (TID 42)) 50.191ms
[187.574s][info][gc          ] Allocation Stall (Executor task launch worker for task 27.0 in stage 0.0 (TID 27)) 50.229ms
[187.574s][info][gc          ] Allocation Stall (Executor task launch worker for task 14.0 in stage 0.0 (TID 14)) 50.644ms
[187.574s][info][gc          ] Allocation Stall (Executor task launch worker for task 25.0 in stage 0.0 (TID 25)) 50.712ms
[187.574s][info][gc          ] Allocation Stall (Executor task launch worker for task 44.0 in stage 0.0 (TID 44)) 50.890ms
[187.574s][info][gc,phases   ] GC(100) Concurrent Select Relocation Set 3.820ms
[187.574s][info][gc          ] Allocation Stall (Executor task launch worker for task 8.0 in stage 0.0 (TID 8)) 50.043ms
[187.574s][info][gc          ] Allocation Stall (Executor task launch worker for task 41.0 in stage 0.0 (TID 41)) 51.076ms
[187.574s][info][gc          ] Allocation Stall (Executor task launch worker for task 37.0 in stage 0.0 (TID 37)) 50.253ms
[187.574s][info][gc          ] Allocation Stall (Executor task launch worker for task 13.0 in stage 0.0 (TID 13)) 50.570ms
[187.574s][info][gc          ] Allocation Stall (Executor task launch worker for task 17.0 in stage 0.0 (TID 17)) 50.558ms
[187.574s][info][gc          ] Allocation Stall (Executor task launch worker for task 9.0 in stage 0.0 (TID 9)) 50.238ms
[187.574s][info][gc          ] Allocation Stall (Executor task launch worker for task 10.0 in stage 0.0 (TID 10)) 50.261ms
[187.574s][info][gc          ] Allocation Stall (Executor task launch worker for task 40.0 in stage 0.0 (TID 40)) 50.144ms
[187.574s][info][gc          ] Allocation Stall (Executor task launch worker for task 1.0 in stage 0.0 (TID 1)) 50.822ms
[187.574s][info][gc          ] Allocation Stall (Executor task launch worker for task 45.0 in stage 0.0 (TID 45)) 50.242ms
[187.574s][info][gc          ] Allocation Stall (Executor task launch worker for task 31.0 in stage 0.0 (TID 31)) 50.711ms
[187.574s][info][gc          ] Allocation Stall (Executor task launch worker for task 33.0 in stage 0.0 (TID 33)) 50.729ms
[187.574s][info][gc          ] Allocation Stall (Executor task launch worker for task 24.0 in stage 0.0 (TID 24)) 50.290ms
[187.574s][info][gc          ] Allocation Stall (Executor task launch worker for task 11.0 in stage 0.0 (TID 11)) 50.108ms
[187.574s][info][gc          ] Allocation Stall (Executor task launch worker for task 2.0 in stage 0.0 (TID 2)) 50.619ms
[187.574s][info][gc          ] Allocation Stall (Executor task launch worker for task 47.0 in stage 0.0 (TID 47)) 50.547ms
[187.575s][info][gc          ] Allocation Stall (Executor task launch worker for task 7.0 in stage 0.0 (TID 7)) 50.758ms
[187.575s][info][gc          ] Allocation Stall (Executor task launch worker for task 23.0 in stage 0.0 (TID 23)) 50.828ms
[187.575s][info][gc          ] Allocation Stall (Executor task launch worker for task 39.0 in stage 0.0 (TID 39)) 50.952ms
[187.575s][info][gc          ] Allocation Stall (Executor task launch worker for task 20.0 in stage 0.0 (TID 20)) 50.300ms
[187.575s][info][gc          ] Allocation Stall (Executor task launch worker for task 43.0 in stage 0.0 (TID 43)) 50.610ms
[187.575s][info][gc          ] Allocation Stall (Executor task launch worker for task 6.0 in stage 0.0 (TID 6)) 50.582ms
[187.575s][info][gc          ] Allocation Stall (Executor task launch worker for task 19.0 in stage 0.0 (TID 19)) 50.280ms
[187.575s][info][gc          ] Allocation Stall (Executor task launch worker for task 36.0 in stage 0.0 (TID 36)) 51.146ms
[187.575s][info][gc          ] Allocation Stall (Executor task launch worker for task 3.0 in stage 0.0 (TID 3)) 50.598ms
[187.583s][info][gc,phases   ] GC(100) Pause Relocate Start 0.008ms
[187.584s][info][gc,phases   ] GC(100) Concurrent Relocate 0.525ms
[187.584s][info][gc,load     ] GC(100) Load: 0.00/0.00/0.00
[187.584s][info][gc,mmu      ] GC(100) MMU: 2ms/95.7%, 5ms/98.3%, 10ms/99.1%, 20ms/99.5%, 50ms/99.8%, 100ms/99.8%
[187.584s][info][gc,marking  ] GC(100) Mark: 4 stripe(s), 2 proactive flush(es), 1 terminate flush(es), 0 completion(s), 0 continuation(s) 
[187.584s][info][gc,marking  ] GC(100) Mark Stack Usage: 32M
[187.584s][info][gc,nmethod  ] GC(100) NMethods: 4461 registered, 246 unregistered
[187.584s][info][gc,metaspace] GC(100) Metaspace: 113M used, 116M committed, 1152M reserved
[187.584s][info][gc,ref      ] GC(100) Soft: 2808 encountered, 2239 discovered, 0 enqueued
[187.584s][info][gc,ref      ] GC(100) Weak: 13102 encountered, 4464 discovered, 1 enqueued
[187.584s][info][gc,ref      ] GC(100) Final: 40 encountered, 6 discovered, 0 enqueued
[187.585s][info][gc,ref      ] GC(100) Phantom: 750 encountered, 696 discovered, 0 enqueued
[187.585s][info][gc,reloc    ] GC(100) Small Pages: 120 / 240M, Empty: 120M, Relocated: 1M, In-Place: 0
[187.585s][info][gc,reloc    ] GC(100) Medium Pages: 1 / 16M, Empty: 0M, Relocated: 0M, In-Place: 0
[187.585s][info][gc,reloc    ] GC(100) Large Pages: 64 / 256M, Empty: 0M, Relocated: 0M, In-Place: 0
[187.585s][info][gc,reloc    ] GC(100) Forwarding Usage: 0M
[187.585s][info][gc,heap     ] GC(100) Min Capacity: 8M(2%)
[187.585s][info][gc,heap     ] GC(100) Max Capacity: 512M(100%)
[187.585s][info][gc,heap     ] GC(100) Soft Max Capacity: 512M(100%)
[187.585s][info][gc,heap     ] GC(100)                Mark Start          Mark End        Relocate Start      Relocate End           High               Low         
[187.585s][info][gc,heap     ] GC(100)  Capacity:      512M (100%)        512M (100%)        512M (100%)        512M (100%)        512M (100%)        512M (100%)   
[187.585s][info][gc,heap     ] GC(100)      Free:        0M (0%)            0M (0%)          100M (20%)         140M (27%)         140M (27%)           0M (0%)     
[187.585s][info][gc,heap     ] GC(100)      Used:      512M (100%)        512M (100%)        412M (80%)         372M (73%)         512M (100%)        372M (73%)    
[187.585s][info][gc,heap     ] GC(100)      Live:         -               318M (62%)         318M (62%)         318M (62%)            -                  -          
[187.585s][info][gc,heap     ] GC(100) Allocated:         -                 0M (0%)           20M (4%)           19M (4%)             -                  -          
[187.585s][info][gc,heap     ] GC(100)   Garbage:         -               193M (38%)          73M (14%)          34M (7%)             -                  -          
[187.585s][info][gc,heap     ] GC(100) Reclaimed:         -                  -               120M (23%)         159M (31%)            -                  -          
[187.585s][info][gc          ] GC(100) Garbage Collection (Allocation Stall) 512M(100%)->372M(73%)
[187.594s][info][gc          ] Allocation Stall (Executor task launch worker for task 30.0 in stage 0.0 (TID 30)) 0.040ms
[187.594s][info][gc,start    ] GC(101) Garbage Collection (Allocation Stall)
[187.594s][info][gc,ref      ] GC(101) Clearing All SoftReferences
[187.594s][info][gc,task     ] GC(101) Using 5 workers
[187.594s][info][gc,ref      ] GC(101) Clearing All SoftReferences
[187.594s][info][gc,phases   ] GC(101) Pause Mark Start 0.046ms
[187.646s][info][gc,phases   ] GC(101) Concurrent Mark 51.069ms
[187.646s][info][gc,phases   ] GC(101) Pause Mark End 0.016ms
[187.646s][info][gc,phases   ] GC(101) Concurrent Mark Free 0.001ms
[187.649s][info][gc,phases   ] GC(101) Concurrent Process Non-Strong References 2.746ms
[187.649s][info][gc,phases   ] GC(101) Concurrent Reset Relocation Set 0.004ms
[187.649s][info][gc          ] Allocation Stall (Executor task launch worker for task 20.0 in stage 0.0 (TID 20)) 54.154ms
[187.649s][info][gc          ] Allocation Stall (Executor task launch worker for task 14.0 in stage 0.0 (TID 14)) 54.601ms
[187.649s][info][gc          ] Allocation Stall (Executor task launch worker for task 24.0 in stage 0.0 (TID 24)) 54.312ms
[187.649s][info][gc          ] Allocation Stall (Executor task launch worker for task 38.0 in stage 0.0 (TID 38)) 54.334ms
[187.649s][info][gc          ] Allocation Stall (Executor task launch worker for task 42.0 in stage 0.0 (TID 42)) 54.758ms
[187.649s][info][gc          ] Allocation Stall (Executor task launch worker for task 30.0 in stage 0.0 (TID 30)) 54.348ms
[187.649s][info][gc          ] Allocation Stall (Executor task launch worker for task 17.0 in stage 0.0 (TID 17)) 54.327ms
[187.649s][info][gc          ] Allocation Stall (Executor task launch worker for task 35.0 in stage 0.0 (TID 35)) 55.287ms
[187.649s][info][gc          ] Allocation Stall (Executor task launch worker for task 27.0 in stage 0.0 (TID 27)) 54.962ms
[187.649s][info][gc          ] Allocation Stall (Executor task launch worker for task 23.0 in stage 0.0 (TID 23)) 54.366ms
[187.649s][info][gc          ] Allocation Stall (spark-listener-group-appStatus) 54.069ms
[187.649s][info][gc          ] Allocation Stall (Executor task launch worker for task 10.0 in stage 0.0 (TID 10)) 54.364ms
[187.649s][info][gc          ] Allocation Stall (Executor task launch worker for task 22.0 in stage 0.0 (TID 22)) 55.309ms
[187.649s][info][gc          ] Allocation Stall (Executor task launch worker for task 18.0 in stage 0.0 (TID 18)) 54.644ms
[187.649s][info][gc          ] Allocation Stall (Executor task launch worker for task 47.0 in stage 0.0 (TID 47)) 54.380ms
[187.649s][info][gc          ] Allocation Stall (Executor task launch worker for task 46.0 in stage 0.0 (TID 46)) 54.386ms
[187.649s][info][gc          ] Allocation Stall (Executor task launch worker for task 44.0 in stage 0.0 (TID 44)) 54.779ms
[187.649s][info][gc          ] Allocation Stall (Executor task launch worker for task 6.0 in stage 0.0 (TID 6)) 54.214ms
[187.649s][info][gc          ] Allocation Stall (Executor task launch worker for task 26.0 in stage 0.0 (TID 26)) 54.739ms
[187.649s][info][gc          ] Allocation Stall (Executor task launch worker for task 37.0 in stage 0.0 (TID 37)) 54.398ms
[187.649s][info][gc          ] Allocation Stall (Executor task launch worker for task 16.0 in stage 0.0 (TID 16)) 54.401ms
[187.649s][info][gc          ] Allocation Stall (Executor task launch worker for task 11.0 in stage 0.0 (TID 11)) 55.053ms
[187.649s][info][gc          ] Allocation Stall (Executor task launch worker for task 2.0 in stage 0.0 (TID 2)) 55.116ms
[187.649s][info][gc          ] Allocation Stall (Executor task launch worker for task 25.0 in stage 0.0 (TID 25)) 54.769ms
[187.649s][info][gc          ] Allocation Stall (Executor task launch worker for task 32.0 in stage 0.0 (TID 32)) 54.797ms
[187.649s][info][gc          ] Allocation Stall (Executor task launch worker for task 31.0 in stage 0.0 (TID 31)) 54.417ms
[187.649s][info][gc          ] Allocation Stall (Executor task launch worker for task 4.0 in stage 0.0 (TID 4)) 54.217ms
[187.649s][info][gc          ] Allocation Stall (Executor task launch worker for task 45.0 in stage 0.0 (TID 45)) 54.180ms
[187.649s][info][gc          ] Allocation Stall (Executor task launch worker for task 12.0 in stage 0.0 (TID 12)) 55.097ms
[187.649s][info][gc          ] Allocation Stall (Executor task launch worker for task 9.0 in stage 0.0 (TID 9)) 55.095ms
[187.649s][info][gc          ] Allocation Stall (Executor task launch worker for task 0.0 in stage 0.0 (TID 0)) 54.821ms
[187.649s][info][gc          ] Allocation Stall (Executor task launch worker for task 1.0 in stage 0.0 (TID 1)) 55.121ms
[187.649s][info][gc          ] Allocation Stall (Executor task launch worker for task 40.0 in stage 0.0 (TID 40)) 54.817ms
[187.649s][info][gc          ] Allocation Stall (Executor task launch worker for task 29.0 in stage 0.0 (TID 29)) 54.760ms
[187.649s][info][gc          ] Allocation Stall (Executor task launch worker for task 41.0 in stage 0.0 (TID 41)) 54.813ms
[187.649s][info][gc          ] Allocation Stall (Executor task launch worker for task 5.0 in stage 0.0 (TID 5)) 54.456ms
[187.649s][info][gc          ] Allocation Stall (Executor task launch worker for task 7.0 in stage 0.0 (TID 7)) 54.785ms
[187.649s][info][gc          ] Allocation Stall (Executor task launch worker for task 43.0 in stage 0.0 (TID 43)) 54.873ms
[187.649s][info][gc          ] Allocation Stall (Executor task launch worker for task 34.0 in stage 0.0 (TID 34)) 54.795ms
[187.649s][info][gc          ] Allocation Stall (Executor task launch worker for task 13.0 in stage 0.0 (TID 13)) 55.203ms
[187.649s][info][gc          ] Allocation Stall (Executor task launch worker for task 36.0 in stage 0.0 (TID 36)) 54.703ms
[187.649s][info][gc          ] Allocation Stall (Spark Context Cleaner) 34.645ms
[187.649s][info][gc          ] Allocation Stall (Executor task launch worker for task 33.0 in stage 0.0 (TID 33)) 54.874ms
[187.649s][info][gc          ] Allocation Stall (Executor task launch worker for task 15.0 in stage 0.0 (TID 15)) 55.254ms
[187.649s][info][gc          ] Allocation Stall (Executor task launch worker for task 8.0 in stage 0.0 (TID 8)) 54.762ms
[187.649s][info][gc          ] Allocation Stall (Executor task launch worker for task 3.0 in stage 0.0 (TID 3)) 54.270ms
[187.649s][info][gc          ] Allocation Stall (Executor task launch worker for task 39.0 in stage 0.0 (TID 39)) 54.925ms
[187.649s][info][gc          ] Allocation Stall (Executor task launch worker for task 21.0 in stage 0.0 (TID 21)) 55.076ms
[187.649s][info][gc          ] Allocation Stall (Executor task launch worker for task 28.0 in stage 0.0 (TID 28)) 54.838ms
[187.649s][info][gc          ] Allocation Stall (Executor task launch worker for task 19.0 in stage 0.0 (TID 19)) 55.102ms
[187.657s][info][gc,phases   ] GC(101) Concurrent Select Relocation Set 8.610ms
[187.657s][info][gc          ] Allocation Stall (Executor task launch worker for task 40.0 in stage 0.0 (TID 40)) 0.013ms
[187.658s][info][gc          ] Allocation Stall (Executor task launch worker for task 41.0 in stage 0.0 (TID 41)) 0.164ms
[187.659s][info][gc,phases   ] GC(101) Pause Relocate Start 0.007ms
[187.659s][info][gc          ] Allocation Stall (Executor task launch worker for task 42.0 in stage 0.0 (TID 42)) 1.230ms
[187.659s][info][gc          ] Allocation Stall (Executor task launch worker for task 43.0 in stage 0.0 (TID 43)) 1.352ms
[187.659s][info][gc          ] Allocation Stall (Executor task launch worker for task 46.0 in stage 0.0 (TID 46)) 1.361ms
[187.659s][info][gc          ] Allocation Stall (Executor task launch worker for task 26.0 in stage 0.0 (TID 26)) 1.163ms
[187.659s][info][gc          ] Allocation Stall (Executor task launch worker for task 33.0 in stage 0.0 (TID 33)) 1.219ms
[187.659s][info][gc          ] Allocation Stall (Executor task launch worker for task 2.0 in stage 0.0 (TID 2)) 1.174ms
[187.659s][info][gc          ] Allocation Stall (Executor task launch worker for task 36.0 in stage 0.0 (TID 36)) 1.179ms
[187.659s][info][gc,phases   ] GC(101) Concurrent Relocate 0.564ms
[187.660s][info][gc          ] Allocation Stall (Executor task launch worker for task 6.0 in stage 0.0 (TID 6)) 1.843ms
[187.660s][info][gc,load     ] GC(101) Load: 0.00/0.00/0.00
[187.660s][info][gc,mmu      ] GC(101) MMU: 2ms/95.7%, 5ms/98.3%, 10ms/99.1%, 20ms/99.5%, 50ms/99.8%, 100ms/99.8%
[187.660s][info][gc,marking  ] GC(101) Mark: 4 stripe(s), 2 proactive flush(es), 1 terminate flush(es), 0 completion(s), 0 continuation(s) 
[187.660s][info][gc,marking  ] GC(101) Mark Stack Usage: 32M
[187.660s][info][gc,nmethod  ] GC(101) NMethods: 4548 registered, 246 unregistered
[187.660s][info][gc,metaspace] GC(101) Metaspace: 113M used, 116M committed, 1152M reserved
[187.660s][info][gc,ref      ] GC(101) Soft: 2808 encountered, 1475 discovered, 0 enqueued
[187.660s][info][gc,ref      ] GC(101) Weak: 13103 encountered, 2652 discovered, 3 enqueued
[187.660s][info][gc,ref      ] GC(101) Final: 40 encountered, 1 discovered, 0 enqueued
[187.660s][info][gc,ref      ] GC(101) Phantom: 750 encountered, 677 discovered, 0 enqueued
[187.660s][info][gc,reloc    ] GC(101) Small Pages: 120 / 240M, Empty: 128M, Relocated: 1M, In-Place: 5
[187.660s][info][gc,reloc    ] GC(101) Medium Pages: 1 / 16M, Empty: 0M, Relocated: 0M, In-Place: 0
[187.660s][info][gc,reloc    ] GC(101) Large Pages: 64 / 256M, Empty: 0M, Relocated: 0M, In-Place: 0
[187.661s][info][gc,reloc    ] GC(101) Forwarding Usage: 0M
[187.661s][info][gc,heap     ] GC(101) Min Capacity: 8M(2%)
[187.661s][info][gc,heap     ] GC(101) Max Capacity: 512M(100%)
[187.661s][info][gc,heap     ] GC(101) Soft Max Capacity: 512M(100%)
[187.661s][info][gc,heap     ] GC(101)                Mark Start          Mark End        Relocate Start      Relocate End           High               Low         
[187.661s][info][gc,heap     ] GC(101)  Capacity:      512M (100%)        512M (100%)        512M (100%)        512M (100%)        512M (100%)        512M (100%)   
[187.661s][info][gc,heap     ] GC(101)      Free:        0M (0%)            0M (0%)            0M (0%)           20M (4%)          128M (25%)           0M (0%)     
[187.661s][info][gc,heap     ] GC(101)      Used:      512M (100%)        512M (100%)        512M (100%)        492M (96%)         512M (100%)        384M (75%)    
[187.661s][info][gc,heap     ] GC(101)      Live:         -               318M (62%)         318M (62%)         318M (62%)            -                  -          
[187.661s][info][gc,heap     ] GC(101) Allocated:         -                 0M (0%)          128M (25%)         139M (27%)            -                  -          
[187.661s][info][gc,heap     ] GC(101)   Garbage:         -               193M (38%)          65M (13%)          34M (7%)             -                  -          
[187.661s][info][gc,heap     ] GC(101) Reclaimed:         -                  -               128M (25%)         159M (31%)            -                  -          
[187.661s][info][gc          ] GC(101) Garbage Collection (Allocation Stall) 512M(100%)->492M(96%)
[187.661s][info][gc,start    ] GC(102) Garbage Collection (Allocation Stall)
[187.661s][info][gc,ref      ] GC(102) Clearing All SoftReferences
[187.661s][info][gc,task     ] GC(102) Using 5 workers
[187.662s][info][gc          ] Allocation Stall (Executor task launch worker for task 25.0 in stage 0.0 (TID 25)) 0.602ms
[187.662s][info][gc,ref      ] GC(102) Clearing All SoftReferences
[187.662s][info][gc,phases   ] GC(102) Pause Mark Start 0.046ms
[187.693s][info][gc,phases   ] GC(102) Concurrent Mark 30.611ms
[187.693s][info][gc,phases   ] GC(102) Pause Mark End 0.016ms
[187.693s][info][gc,phases   ] GC(102) Concurrent Mark Free 0.001ms
[187.695s][info][gc,phases   ] GC(102) Concurrent Process Non-Strong References 2.258ms
[187.695s][info][gc,phases   ] GC(102) Concurrent Reset Relocation Set 0.004ms
[187.699s][info][gc          ] Allocation Stall (Executor task launch worker for task 6.0 in stage 0.0 (TID 6)) 36.430ms
[187.699s][info][gc          ] Allocation Stall (Executor task launch worker for task 28.0 in stage 0.0 (TID 28)) 36.895ms
[187.699s][info][gc          ] Allocation Stall (Executor task launch worker for task 24.0 in stage 0.0 (TID 24)) 36.909ms
[187.699s][info][gc          ] Allocation Stall (Executor task launch worker for task 45.0 in stage 0.0 (TID 45)) 36.831ms
[187.699s][info][gc          ] Allocation Stall (Executor task launch worker for task 42.0 in stage 0.0 (TID 42)) 36.794ms
[187.699s][info][gc          ] Allocation Stall (Executor task launch worker for task 26.0 in stage 0.0 (TID 26)) 36.493ms
[187.699s][info][gc          ] Allocation Stall (Executor task launch worker for task 32.0 in stage 0.0 (TID 32)) 37.396ms
[187.699s][info][gc          ] Allocation Stall (Executor task launch worker for task 8.0 in stage 0.0 (TID 8)) 36.646ms
[187.699s][info][gc          ] Allocation Stall (spark-listener-group-appStatus) 36.615ms
[187.699s][info][gc          ] Allocation Stall (Executor task launch worker for task 2.0 in stage 0.0 (TID 2)) 37.307ms
[187.699s][info][gc          ] Allocation Stall (Executor task launch worker for task 38.0 in stage 0.0 (TID 38)) 36.846ms
[187.699s][info][gc          ] Allocation Stall (Executor task launch worker for task 9.0 in stage 0.0 (TID 9)) 36.935ms
[187.699s][info][gc          ] Allocation Stall (Executor task launch worker for task 30.0 in stage 0.0 (TID 30)) 36.684ms
[187.699s][info][gc          ] Allocation Stall (Executor task launch worker for task 44.0 in stage 0.0 (TID 44)) 36.866ms
[187.699s][info][gc          ] Allocation Stall (Executor task launch worker for task 47.0 in stage 0.0 (TID 47)) 36.872ms
[187.699s][info][gc          ] Allocation Stall (Executor task launch worker for task 35.0 in stage 0.0 (TID 35)) 36.647ms
[187.699s][info][gc          ] Allocation Stall (Executor task launch worker for task 7.0 in stage 0.0 (TID 7)) 36.818ms
[187.699s][info][gc          ] Allocation Stall (Executor task launch worker for task 3.0 in stage 0.0 (TID 3)) 36.674ms
[187.699s][info][gc          ] Allocation Stall (Executor task launch worker for task 40.0 in stage 0.0 (TID 40)) 36.887ms
[187.699s][info][gc          ] Allocation Stall (Executor task launch worker for task 14.0 in stage 0.0 (TID 14)) 36.929ms
[187.699s][info][gc          ] Allocation Stall (Executor task launch worker for task 21.0 in stage 0.0 (TID 21)) 37.405ms
[187.699s][info][gc          ] Allocation Stall (Executor task launch worker for task 1.0 in stage 0.0 (TID 1)) 32.230ms
[187.699s][info][gc          ] Allocation Stall (Executor task launch worker for task 27.0 in stage 0.0 (TID 27)) 36.783ms
[187.699s][info][gc          ] Allocation Stall (Executor task launch worker for task 23.0 in stage 0.0 (TID 23)) 36.888ms
[187.699s][info][gc          ] Allocation Stall (Executor task launch worker for task 12.0 in stage 0.0 (TID 12)) 36.975ms
[187.699s][info][gc          ] Allocation Stall (Executor task launch worker for task 4.0 in stage 0.0 (TID 4)) 36.516ms
[187.699s][info][gc,phases   ] GC(102) Concurrent Select Relocation Set 3.697ms
[187.699s][info][gc          ] Allocation Stall (Executor task launch worker for task 13.0 in stage 0.0 (TID 13)) 36.951ms
[187.699s][info][gc          ] Allocation Stall (Executor task launch worker for task 25.0 in stage 0.0 (TID 25)) 36.912ms
[187.699s][info][gc          ] Allocation Stall (Executor task launch worker for task 10.0 in stage 0.0 (TID 10)) 36.904ms
[187.699s][info][gc          ] Allocation Stall (Executor task launch worker for task 15.0 in stage 0.0 (TID 15)) 37.334ms
[187.699s][info][gc          ] Allocation Stall (Executor task launch worker for task 18.0 in stage 0.0 (TID 18)) 36.969ms
[187.699s][info][gc          ] Allocation Stall (Executor task launch worker for task 46.0 in stage 0.0 (TID 46)) 36.959ms
[187.699s][info][gc          ] Allocation Stall (Executor task launch worker for task 43.0 in stage 0.0 (TID 43)) 37.567ms
[187.699s][info][gc          ] Allocation Stall (Executor task launch worker for task 5.0 in stage 0.0 (TID 5)) 36.971ms
[187.699s][info][gc          ] Allocation Stall (Executor task launch worker for task 36.0 in stage 0.0 (TID 36)) 36.907ms
[187.699s][info][gc          ] Allocation Stall (Executor task launch worker for task 20.0 in stage 0.0 (TID 20)) 36.977ms
[187.699s][info][gc          ] Allocation Stall (Executor task launch worker for task 22.0 in stage 0.0 (TID 22)) 36.999ms
[187.699s][info][gc          ] Allocation Stall (Executor task launch worker for task 34.0 in stage 0.0 (TID 34)) 36.996ms
[187.699s][info][gc          ] Allocation Stall (Executor task launch worker for task 11.0 in stage 0.0 (TID 11)) 37.454ms
[187.699s][info][gc          ] Allocation Stall (Executor task launch worker for task 39.0 in stage 0.0 (TID 39)) 36.972ms
[187.699s][info][gc          ] Allocation Stall (Executor task launch worker for task 33.0 in stage 0.0 (TID 33)) 36.978ms
[187.699s][info][gc          ] Allocation Stall (Executor task launch worker for task 29.0 in stage 0.0 (TID 29)) 37.404ms
[187.699s][info][gc          ] Allocation Stall (Executor task launch worker for task 41.0 in stage 0.0 (TID 41)) 37.378ms
[187.699s][info][gc          ] Allocation Stall (Executor task launch worker for task 37.0 in stage 0.0 (TID 37)) 37.392ms
[187.699s][info][gc          ] Allocation Stall (Executor task launch worker for task 19.0 in stage 0.0 (TID 19)) 37.588ms
[187.699s][info][gc          ] Allocation Stall (Executor task launch worker for task 16.0 in stage 0.0 (TID 16)) 36.987ms
[187.699s][info][gc          ] Allocation Stall (Executor task launch worker for task 31.0 in stage 0.0 (TID 31)) 36.957ms
[187.699s][info][gc          ] Allocation Stall (Executor task launch worker for task 0.0 in stage 0.0 (TID 0)) 36.956ms
[187.699s][info][gc          ] Allocation Stall (Executor task launch worker for task 17.0 in stage 0.0 (TID 17)) 37.359ms
[187.701s][info][gc,phases   ] GC(102) Pause Relocate Start 0.006ms
[187.702s][info][gc,phases   ] GC(102) Concurrent Relocate 0.503ms
[187.702s][info][gc,load     ] GC(102) Load: 0.00/0.00/0.00
[187.702s][info][gc,mmu      ] GC(102) MMU: 2ms/95.7%, 5ms/98.3%, 10ms/99.1%, 20ms/99.5%, 50ms/99.8%, 100ms/99.8%
[187.702s][info][gc,marking  ] GC(102) Mark: 4 stripe(s), 2 proactive flush(es), 1 terminate flush(es), 0 completion(s), 0 continuation(s) 
[187.702s][info][gc,marking  ] GC(102) Mark Stack Usage: 32M
[187.702s][info][gc,nmethod  ] GC(102) NMethods: 4572 registered, 246 unregistered
[187.702s][info][gc,metaspace] GC(102) Metaspace: 113M used, 116M committed, 1152M reserved
[187.702s][info][gc,ref      ] GC(102) Soft: 2808 encountered, 341 discovered, 0 enqueued
[187.702s][info][gc,ref      ] GC(102) Weak: 13102 encountered, 4034 discovered, 2 enqueued
[187.702s][info][gc,ref      ] GC(102) Final: 40 encountered, 1 discovered, 0 enqueued
[187.702s][info][gc,ref      ] GC(102) Phantom: 750 encountered, 598 discovered, 0 enqueued
[187.702s][info][gc,reloc    ] GC(102) Small Pages: 116 / 232M, Empty: 104M, Relocated: 1M, In-Place: 0
[187.702s][info][gc,reloc    ] GC(102) Medium Pages: 1 / 16M, Empty: 0M, Relocated: 0M, In-Place: 0
[187.702s][info][gc,reloc    ] GC(102) Large Pages: 65 / 264M, Empty: 0M, Relocated: 0M, In-Place: 0
[187.702s][info][gc,reloc    ] GC(102) Forwarding Usage: 0M
[187.702s][info][gc,heap     ] GC(102) Min Capacity: 8M(2%)
[187.703s][info][gc,heap     ] GC(102) Max Capacity: 512M(100%)
[187.703s][info][gc,heap     ] GC(102) Soft Max Capacity: 512M(100%)
[187.703s][info][gc,heap     ] GC(102)                Mark Start          Mark End        Relocate Start      Relocate End           High               Low         
[187.703s][info][gc,heap     ] GC(102)  Capacity:      512M (100%)        512M (100%)        512M (100%)        512M (100%)        512M (100%)        512M (100%)   
[187.703s][info][gc,heap     ] GC(102)      Free:        0M (0%)            0M (0%)           82M (16%)         128M (25%)         128M (25%)           0M (0%)     
[187.703s][info][gc,heap     ] GC(102)      Used:      512M (100%)        512M (100%)        430M (84%)         384M (75%)         512M (100%)        384M (75%)    
[187.703s][info][gc,heap     ] GC(102)      Live:         -               326M (64%)         326M (64%)         326M (64%)            -                  -          
[187.703s][info][gc,heap     ] GC(102) Allocated:         -                 0M (0%)           22M (4%)           23M (5%)             -                  -          
[187.703s][info][gc,heap     ] GC(102)   Garbage:         -               185M (36%)          81M (16%)          33M (7%)             -                  -          
[187.703s][info][gc,heap     ] GC(102) Reclaimed:         -                  -               104M (20%)         151M (30%)            -                  -          
[187.703s][info][gc          ] GC(102) Garbage Collection (Allocation Stall) 512M(100%)->384M(75%)
[187.711s][info][gc          ] Allocation Stall (Executor task launch worker for task 31.0 in stage 0.0 (TID 31)) 0.025ms
[187.711s][info][gc,start    ] GC(103) Garbage Collection (Allocation Stall)
[187.711s][info][gc          ] Allocation Stall (Executor task launch worker for task 3.0 in stage 0.0 (TID 3)) 0.302ms
[187.711s][info][gc,ref      ] GC(103) Clearing All SoftReferences
[187.711s][info][gc,task     ] GC(103) Using 5 workers
[187.712s][info][gc,ref      ] GC(103) Clearing All SoftReferences
[187.712s][info][gc,phases   ] GC(103) Pause Mark Start 0.039ms
[187.755s][info][gc,phases   ] GC(103) Concurrent Mark 43.389ms
[187.755s][info][gc,phases   ] GC(103) Pause Mark End 0.015ms
[187.755s][info][gc,phases   ] GC(103) Concurrent Mark Free 0.001ms
[187.759s][info][gc,phases   ] GC(103) Concurrent Process Non-Strong References 3.264ms
[187.759s][info][gc,phases   ] GC(103) Concurrent Reset Relocation Set 0.006ms
[187.762s][info][gc          ] Allocation Stall (Executor task launch worker for task 13.0 in stage 0.0 (TID 13)) 50.538ms
[187.762s][info][gc          ] Allocation Stall (Executor task launch worker for task 8.0 in stage 0.0 (TID 8)) 50.567ms
[187.762s][info][gc          ] Allocation Stall (Executor task launch worker for task 32.0 in stage 0.0 (TID 32)) 50.540ms
[187.762s][info][gc          ] Allocation Stall (Executor task launch worker for task 12.0 in stage 0.0 (TID 12)) 50.587ms
[187.762s][info][gc          ] Allocation Stall (Executor task launch worker for task 10.0 in stage 0.0 (TID 10)) 51.388ms
[187.762s][info][gc          ] Allocation Stall (Executor task launch worker for task 28.0 in stage 0.0 (TID 28)) 50.563ms
[187.762s][info][gc          ] Allocation Stall (Executor task launch worker for task 39.0 in stage 0.0 (TID 39)) 51.075ms
[187.762s][info][gc          ] Allocation Stall (Executor task launch worker for task 46.0 in stage 0.0 (TID 46)) 51.161ms
[187.762s][info][gc          ] Allocation Stall (Executor task launch worker for task 21.0 in stage 0.0 (TID 21)) 51.209ms
[187.762s][info][gc          ] Allocation Stall (Executor task launch worker for task 3.0 in stage 0.0 (TID 3)) 50.584ms
[187.762s][info][gc          ] Allocation Stall (Executor task launch worker for task 23.0 in stage 0.0 (TID 23)) 51.176ms
[187.762s][info][gc          ] Allocation Stall (Executor task launch worker for task 7.0 in stage 0.0 (TID 7)) 50.922ms
[187.762s][info][gc          ] Allocation Stall (Executor task launch worker for task 20.0 in stage 0.0 (TID 20)) 50.608ms
[187.762s][info][gc          ] Allocation Stall (Spark Context Cleaner) 7.211ms
[187.762s][info][gc,phases   ] GC(103) Concurrent Select Relocation Set 3.697ms
[187.762s][info][gc          ] Allocation Stall (Executor task launch worker for task 19.0 in stage 0.0 (TID 19)) 50.458ms
[187.762s][info][gc          ] Allocation Stall (Executor task launch worker for task 5.0 in stage 0.0 (TID 5)) 51.116ms
[187.762s][info][gc          ] Allocation Stall (Executor task launch worker for task 42.0 in stage 0.0 (TID 42)) 50.615ms
[187.762s][info][gc          ] Allocation Stall (Executor task launch worker for task 24.0 in stage 0.0 (TID 24)) 50.479ms
[187.762s][info][gc          ] Allocation Stall (Executor task launch worker for task 6.0 in stage 0.0 (TID 6)) 50.650ms
[187.762s][info][gc          ] Allocation Stall (Executor task launch worker for task 35.0 in stage 0.0 (TID 35)) 50.667ms
[187.762s][info][gc          ] Allocation Stall (spark-listener-group-appStatus) 50.529ms
[187.762s][info][gc          ] Allocation Stall (Executor task launch worker for task 38.0 in stage 0.0 (TID 38)) 50.674ms
[187.762s][info][gc          ] Allocation Stall (Executor task launch worker for task 15.0 in stage 0.0 (TID 15)) 50.659ms
[187.762s][info][gc          ] Allocation Stall (Executor task launch worker for task 45.0 in stage 0.0 (TID 45)) 51.160ms
[187.762s][info][gc          ] Allocation Stall (Executor task launch worker for task 11.0 in stage 0.0 (TID 11)) 51.081ms
[187.762s][info][gc          ] Allocation Stall (Executor task launch worker for task 22.0 in stage 0.0 (TID 22)) 51.458ms
[187.762s][info][gc          ] Allocation Stall (Executor task launch worker for task 9.0 in stage 0.0 (TID 9)) 50.665ms
[187.762s][info][gc          ] Allocation Stall (Executor task launch worker for task 18.0 in stage 0.0 (TID 18)) 51.277ms
[187.762s][info][gc          ] Allocation Stall (Executor task launch worker for task 27.0 in stage 0.0 (TID 27)) 51.218ms
[187.762s][info][gc          ] Allocation Stall (Executor task launch worker for task 41.0 in stage 0.0 (TID 41)) 51.228ms
[187.762s][info][gc          ] Allocation Stall (Executor task launch worker for task 26.0 in stage 0.0 (TID 26)) 50.674ms
[187.762s][info][gc          ] Allocation Stall (Executor task launch worker for task 17.0 in stage 0.0 (TID 17)) 50.682ms
[187.762s][info][gc          ] Allocation Stall (Executor task launch worker for task 14.0 in stage 0.0 (TID 14)) 50.518ms
[187.762s][info][gc          ] Allocation Stall (Executor task launch worker for task 33.0 in stage 0.0 (TID 33)) 50.943ms
[187.762s][info][gc          ] Allocation Stall (Executor task launch worker for task 31.0 in stage 0.0 (TID 31)) 50.700ms
[187.762s][info][gc          ] Allocation Stall (Executor task launch worker for task 47.0 in stage 0.0 (TID 47)) 51.168ms
[187.762s][info][gc          ] Allocation Stall (Executor task launch worker for task 1.0 in stage 0.0 (TID 1)) 51.125ms
[187.762s][info][gc          ] Allocation Stall (Executor task launch worker for task 30.0 in stage 0.0 (TID 30)) 51.005ms
[187.762s][info][gc          ] Allocation Stall (Executor task launch worker for task 43.0 in stage 0.0 (TID 43)) 50.682ms
[187.762s][info][gc          ] Allocation Stall (Executor task launch worker for task 34.0 in stage 0.0 (TID 34)) 50.580ms
[187.762s][info][gc          ] Allocation Stall (Executor task launch worker for task 2.0 in stage 0.0 (TID 2)) 51.364ms
[187.762s][info][gc          ] Allocation Stall (Executor task launch worker for task 0.0 in stage 0.0 (TID 0)) 51.308ms
[187.762s][info][gc          ] Allocation Stall (Executor task launch worker for task 37.0 in stage 0.0 (TID 37)) 51.019ms
[187.762s][info][gc          ] Allocation Stall (Executor task launch worker for task 44.0 in stage 0.0 (TID 44)) 51.035ms
[187.762s][info][gc          ] Allocation Stall (Executor task launch worker for task 25.0 in stage 0.0 (TID 25)) 50.632ms
[187.762s][info][gc          ] Allocation Stall (Executor task launch worker for task 40.0 in stage 0.0 (TID 40)) 50.540ms
[187.762s][info][gc          ] Allocation Stall (Executor task launch worker for task 16.0 in stage 0.0 (TID 16)) 50.937ms
[187.762s][info][gc          ] Allocation Stall (Executor task launch worker for task 36.0 in stage 0.0 (TID 36)) 51.258ms
[187.762s][info][gc          ] Allocation Stall (Executor task launch worker for task 4.0 in stage 0.0 (TID 4)) 50.961ms
[187.762s][info][gc          ] Allocation Stall (Executor task launch worker for task 29.0 in stage 0.0 (TID 29)) 51.204ms
[187.771s][info][gc,phases   ] GC(103) Pause Relocate Start 0.010ms
[187.772s][info][gc,phases   ] GC(103) Concurrent Relocate 0.588ms
[187.772s][info][gc,load     ] GC(103) Load: 0.00/0.00/0.00
[187.772s][info][gc,mmu      ] GC(103) MMU: 2ms/95.7%, 5ms/98.3%, 10ms/99.1%, 20ms/99.5%, 50ms/99.8%, 100ms/99.8%
[187.772s][info][gc,marking  ] GC(103) Mark: 4 stripe(s), 2 proactive flush(es), 1 terminate flush(es), 0 completion(s), 0 continuation(s) 
[187.772s][info][gc,marking  ] GC(103) Mark Stack Usage: 32M
[187.772s][info][gc,nmethod  ] GC(103) NMethods: 4605 registered, 247 unregistered
[187.772s][info][gc,metaspace] GC(103) Metaspace: 113M used, 116M committed, 1152M reserved
[187.772s][info][gc,ref      ] GC(103) Soft: 2808 encountered, 2260 discovered, 0 enqueued
[187.772s][info][gc,ref      ] GC(103) Weak: 13102 encountered, 3018 discovered, 1 enqueued
[187.772s][info][gc,ref      ] GC(103) Final: 40 encountered, 0 discovered, 0 enqueued
[187.772s][info][gc,ref      ] GC(103) Phantom: 750 encountered, 549 discovered, 0 enqueued
[187.772s][info][gc,reloc    ] GC(103) Small Pages: 116 / 232M, Empty: 112M, Relocated: 1M, In-Place: 0
[187.772s][info][gc,reloc    ] GC(103) Medium Pages: 1 / 16M, Empty: 0M, Relocated: 0M, In-Place: 0
[187.772s][info][gc,reloc    ] GC(103) Large Pages: 65 / 264M, Empty: 4M, Relocated: 0M, In-Place: 0
[187.772s][info][gc,reloc    ] GC(103) Forwarding Usage: 0M
[187.772s][info][gc,heap     ] GC(103) Min Capacity: 8M(2%)
[187.772s][info][gc,heap     ] GC(103) Max Capacity: 512M(100%)
[187.772s][info][gc,heap     ] GC(103) Soft Max Capacity: 512M(100%)
[187.773s][info][gc,heap     ] GC(103)                Mark Start          Mark End        Relocate Start      Relocate End           High               Low         
[187.773s][info][gc,heap     ] GC(103)  Capacity:      512M (100%)        512M (100%)        512M (100%)        512M (100%)        512M (100%)        512M (100%)   
[187.773s][info][gc,heap     ] GC(103)      Free:        0M (0%)            0M (0%)           92M (18%)         122M (24%)         122M (24%)           0M (0%)     
[187.773s][info][gc,heap     ] GC(103)      Used:      512M (100%)        512M (100%)        420M (82%)         390M (76%)         512M (100%)        390M (76%)    
[187.773s][info][gc,heap     ] GC(103)      Live:         -               322M (63%)         322M (63%)         322M (63%)            -                  -          
[187.773s][info][gc,heap     ] GC(103) Allocated:         -                 0M (0%)           24M (5%)           33M (7%)             -                  -          
[187.773s][info][gc,heap     ] GC(103)   Garbage:         -               189M (37%)          73M (14%)          34M (7%)             -                  -          
[187.773s][info][gc,heap     ] GC(103) Reclaimed:         -                  -               116M (23%)         155M (30%)            -                  -          
[187.773s][info][gc          ] GC(103) Garbage Collection (Allocation Stall) 512M(100%)->390M(76%)
[187.781s][info][gc,start    ] GC(104) Garbage Collection (Allocation Stall)
[187.781s][info][gc,ref      ] GC(104) Clearing All SoftReferences
[187.782s][info][gc,task     ] GC(104) Using 5 workers
[187.782s][info][gc,ref      ] GC(104) Clearing All SoftReferences
[187.782s][info][gc,phases   ] GC(104) Pause Mark Start 0.080ms
[187.833s][info][gc,phases   ] GC(104) Concurrent Mark 51.226ms
[187.833s][info][gc,phases   ] GC(104) Pause Mark End 0.014ms
[187.833s][info][gc,phases   ] GC(104) Concurrent Mark Free 0.001ms
[187.836s][info][gc,phases   ] GC(104) Concurrent Process Non-Strong References 3.074ms
[187.837s][info][gc,phases   ] GC(104) Concurrent Reset Relocation Set 0.005ms
[187.840s][info][gc          ] Allocation Stall (Executor task launch worker for task 44.0 in stage 0.0 (TID 44)) 58.775ms
[187.840s][info][gc          ] Allocation Stall (Executor task launch worker for task 38.0 in stage 0.0 (TID 38)) 58.110ms
[187.840s][info][gc          ] Allocation Stall (Executor task launch worker for task 8.0 in stage 0.0 (TID 8)) 58.263ms
[187.840s][info][gc          ] Allocation Stall (Executor task launch worker for task 19.0 in stage 0.0 (TID 19)) 58.290ms
[187.840s][info][gc          ] Allocation Stall (Executor task launch worker for task 9.0 in stage 0.0 (TID 9)) 58.652ms
[187.840s][info][gc          ] Allocation Stall (Executor task launch worker for task 20.0 in stage 0.0 (TID 20)) 58.142ms
[187.840s][info][gc          ] Allocation Stall (Executor task launch worker for task 33.0 in stage 0.0 (TID 33)) 58.794ms
[187.840s][info][gc          ] Allocation Stall (Executor task launch worker for task 27.0 in stage 0.0 (TID 27)) 58.296ms
[187.840s][info][gc          ] Allocation Stall (Executor task launch worker for task 26.0 in stage 0.0 (TID 26)) 58.714ms
[187.840s][info][gc          ] Allocation Stall (Executor task launch worker for task 7.0 in stage 0.0 (TID 7)) 58.681ms
[187.840s][info][gc          ] Allocation Stall (Executor task launch worker for task 4.0 in stage 0.0 (TID 4)) 58.324ms
[187.840s][info][gc          ] Allocation Stall (Executor task launch worker for task 32.0 in stage 0.0 (TID 32)) 58.811ms
[187.840s][info][gc          ] Allocation Stall (Executor task launch worker for task 14.0 in stage 0.0 (TID 14)) 58.332ms
[187.840s][info][gc          ] Allocation Stall (Executor task launch worker for task 29.0 in stage 0.0 (TID 29)) 58.341ms
[187.840s][info][gc          ] Allocation Stall (Executor task launch worker for task 17.0 in stage 0.0 (TID 17)) 58.885ms
[187.840s][info][gc,phases   ] GC(104) Concurrent Select Relocation Set 3.725ms
[187.840s][info][gc          ] Allocation Stall (Executor task launch worker for task 40.0 in stage 0.0 (TID 40)) 58.719ms
[187.840s][info][gc          ] Allocation Stall (Executor task launch worker for task 35.0 in stage 0.0 (TID 35)) 58.971ms
[187.840s][info][gc          ] Allocation Stall (Executor task launch worker for task 36.0 in stage 0.0 (TID 36)) 59.140ms
[187.840s][info][gc          ] Allocation Stall (Executor task launch worker for task 43.0 in stage 0.0 (TID 43)) 59.182ms
[187.840s][info][gc          ] Allocation Stall (Executor task launch worker for task 11.0 in stage 0.0 (TID 11)) 58.683ms
[187.840s][info][gc          ] Allocation Stall (Executor task launch worker for task 37.0 in stage 0.0 (TID 37)) 58.687ms
[187.840s][info][gc          ] Allocation Stall (Executor task launch worker for task 22.0 in stage 0.0 (TID 22)) 58.678ms
[187.840s][info][gc          ] Allocation Stall (Executor task launch worker for task 6.0 in stage 0.0 (TID 6)) 58.364ms
[187.840s][info][gc          ] Allocation Stall (Executor task launch worker for task 28.0 in stage 0.0 (TID 28)) 58.377ms
[187.840s][info][gc          ] Allocation Stall (Executor task launch worker for task 5.0 in stage 0.0 (TID 5)) 59.176ms
[187.840s][info][gc          ] Allocation Stall (Executor task launch worker for task 21.0 in stage 0.0 (TID 21)) 59.104ms
[187.840s][info][gc          ] Allocation Stall (Executor task launch worker for task 47.0 in stage 0.0 (TID 47)) 58.839ms
[187.840s][info][gc          ] Allocation Stall (Executor task launch worker for task 0.0 in stage 0.0 (TID 0)) 58.385ms
[187.840s][info][gc          ] Allocation Stall (Executor task launch worker for task 3.0 in stage 0.0 (TID 3)) 58.809ms
[187.840s][info][gc          ] Allocation Stall (Executor task launch worker for task 24.0 in stage 0.0 (TID 24)) 58.898ms
[187.840s][info][gc          ] Allocation Stall (Executor task launch worker for task 34.0 in stage 0.0 (TID 34)) 58.914ms
[187.840s][info][gc          ] Allocation Stall (Executor task launch worker for task 39.0 in stage 0.0 (TID 39)) 58.715ms
[187.840s][info][gc          ] Allocation Stall (Executor task launch worker for task 42.0 in stage 0.0 (TID 42)) 58.403ms
[187.840s][info][gc          ] Allocation Stall (Executor task launch worker for task 41.0 in stage 0.0 (TID 41)) 58.879ms
[187.840s][info][gc          ] Allocation Stall (Executor task launch worker for task 18.0 in stage 0.0 (TID 18)) 58.832ms
[187.840s][info][gc          ] Allocation Stall (Executor task launch worker for task 10.0 in stage 0.0 (TID 10)) 50.821ms
[187.840s][info][gc          ] Allocation Stall (spark-listener-group-appStatus) 58.141ms
[187.840s][info][gc          ] Allocation Stall (Executor task launch worker for task 31.0 in stage 0.0 (TID 31)) 58.738ms
[187.840s][info][gc          ] Allocation Stall (Executor task launch worker for task 46.0 in stage 0.0 (TID 46)) 59.115ms
[187.840s][info][gc          ] Allocation Stall (Executor task launch worker for task 1.0 in stage 0.0 (TID 1)) 58.761ms
[187.840s][info][gc          ] Allocation Stall (Executor task launch worker for task 25.0 in stage 0.0 (TID 25)) 59.047ms
[187.840s][info][gc          ] Allocation Stall (Executor task launch worker for task 2.0 in stage 0.0 (TID 2)) 50.771ms
[187.840s][info][gc          ] Allocation Stall (Executor task launch worker for task 45.0 in stage 0.0 (TID 45)) 58.421ms
[187.840s][info][gc          ] Allocation Stall (Executor task launch worker for task 13.0 in stage 0.0 (TID 13)) 58.979ms
[187.840s][info][gc          ] Allocation Stall (Executor task launch worker for task 30.0 in stage 0.0 (TID 30)) 58.794ms
[187.840s][info][gc          ] Allocation Stall (Executor task launch worker for task 23.0 in stage 0.0 (TID 23)) 58.916ms
[187.840s][info][gc          ] Allocation Stall (Executor task launch worker for task 12.0 in stage 0.0 (TID 12)) 59.224ms
[187.840s][info][gc          ] Allocation Stall (Executor task launch worker for task 16.0 in stage 0.0 (TID 16)) 58.925ms
[187.840s][info][gc          ] Allocation Stall (Executor task launch worker for task 15.0 in stage 0.0 (TID 15)) 58.963ms
[187.849s][info][gc,phases   ] GC(104) Pause Relocate Start 0.009ms
[187.850s][info][gc,phases   ] GC(104) Concurrent Relocate 0.672ms
[187.850s][info][gc,load     ] GC(104) Load: 0.00/0.00/0.00
[187.850s][info][gc,mmu      ] GC(104) MMU: 2ms/95.7%, 5ms/98.3%, 10ms/99.1%, 20ms/99.5%, 50ms/99.8%, 100ms/99.8%
[187.850s][info][gc,marking  ] GC(104) Mark: 4 stripe(s), 2 proactive flush(es), 1 terminate flush(es), 0 completion(s), 0 continuation(s) 
[187.850s][info][gc,marking  ] GC(104) Mark Stack Usage: 32M
[187.850s][info][gc,nmethod  ] GC(104) NMethods: 4610 registered, 250 unregistered
[187.850s][info][gc,metaspace] GC(104) Metaspace: 113M used, 116M committed, 1152M reserved
[187.850s][info][gc,ref      ] GC(104) Soft: 2808 encountered, 1529 discovered, 0 enqueued
[187.850s][info][gc,ref      ] GC(104) Weak: 13102 encountered, 4446 discovered, 2 enqueued
[187.850s][info][gc,ref      ] GC(104) Final: 40 encountered, 1 discovered, 0 enqueued
[187.850s][info][gc,ref      ] GC(104) Phantom: 750 encountered, 466 discovered, 0 enqueued
[187.850s][info][gc,reloc    ] GC(104) Small Pages: 110 / 220M, Empty: 112M, Relocated: 1M, In-Place: 0
[187.850s][info][gc,reloc    ] GC(104) Medium Pages: 1 / 16M, Empty: 0M, Relocated: 0M, In-Place: 0
[187.850s][info][gc,reloc    ] GC(104) Large Pages: 66 / 276M, Empty: 0M, Relocated: 0M, In-Place: 0
[187.850s][info][gc,reloc    ] GC(104) Forwarding Usage: 0M
[187.850s][info][gc,heap     ] GC(104) Min Capacity: 8M(2%)
[187.850s][info][gc,heap     ] GC(104) Max Capacity: 512M(100%)
[187.850s][info][gc,heap     ] GC(104) Soft Max Capacity: 512M(100%)
[187.851s][info][gc,heap     ] GC(104)                Mark Start          Mark End        Relocate Start      Relocate End           High               Low         
[187.851s][info][gc,heap     ] GC(104)  Capacity:      512M (100%)        512M (100%)        512M (100%)        512M (100%)        512M (100%)        512M (100%)   
[187.851s][info][gc,heap     ] GC(104)      Free:        0M (0%)            0M (0%)           96M (19%)         124M (24%)         124M (24%)           0M (0%)     
[187.851s][info][gc,heap     ] GC(104)      Used:      512M (100%)        512M (100%)        416M (81%)         388M (76%)         512M (100%)        388M (76%)    
[187.851s][info][gc,heap     ] GC(104)      Live:         -               338M (66%)         338M (66%)         338M (66%)            -                  -          
[187.851s][info][gc,heap     ] GC(104) Allocated:         -                 0M (0%)           16M (3%)           15M (3%)             -                  -          
[187.851s][info][gc,heap     ] GC(104)   Garbage:         -               173M (34%)          61M (12%)          33M (7%)             -                  -          
[187.851s][info][gc,heap     ] GC(104) Reclaimed:         -                  -               112M (22%)         139M (27%)            -                  -          
[187.851s][info][gc          ] GC(104) Garbage Collection (Allocation Stall) 512M(100%)->388M(76%)
[187.857s][info][gc,start    ] GC(105) Garbage Collection (Allocation Stall)
[187.858s][info][gc,ref      ] GC(105) Clearing All SoftReferences
[187.858s][info][gc,task     ] GC(105) Using 5 workers
[187.864s][info][gc,ref      ] GC(105) Clearing All SoftReferences
[187.864s][info][gc,phases   ] GC(105) Pause Mark Start 0.073ms
[187.911s][info][gc,phases   ] GC(105) Concurrent Mark 46.571ms
[187.911s][info][gc,phases   ] GC(105) Pause Mark End 0.019ms
[187.911s][info][gc,phases   ] GC(105) Concurrent Mark Free 0.001ms
[187.914s][info][gc,phases   ] GC(105) Concurrent Process Non-Strong References 2.389ms
[187.914s][info][gc,phases   ] GC(105) Concurrent Reset Relocation Set 0.012ms
[187.918s][info][gc          ] Allocation Stall (Executor task launch worker for task 13.0 in stage 0.0 (TID 13)) 52.665ms
[187.918s][info][gc          ] Allocation Stall (Spark Context Cleaner) 52.736ms
[187.918s][info][gc          ] Allocation Stall (Executor task launch worker for task 24.0 in stage 0.0 (TID 24)) 52.958ms
[187.918s][info][gc          ] Allocation Stall (Executor task launch worker for task 12.0 in stage 0.0 (TID 12)) 52.703ms
[187.918s][info][gc          ] Allocation Stall (Executor task launch worker for task 29.0 in stage 0.0 (TID 29)) 52.983ms
[187.918s][info][gc          ] Allocation Stall (Executor task launch worker for task 31.0 in stage 0.0 (TID 31)) 52.762ms
[187.918s][info][gc          ] Allocation Stall (Executor task launch worker for task 4.0 in stage 0.0 (TID 4)) 52.815ms
[187.918s][info][gc          ] Allocation Stall (Executor task launch worker for task 38.0 in stage 0.0 (TID 38)) 52.970ms
[187.918s][info][gc          ] Allocation Stall (Executor task launch worker for task 35.0 in stage 0.0 (TID 35)) 52.854ms
[187.918s][info][gc          ] Allocation Stall (Executor task launch worker for task 21.0 in stage 0.0 (TID 21)) 52.981ms
[187.918s][info][gc          ] Allocation Stall (Executor task launch worker for task 36.0 in stage 0.0 (TID 36)) 52.964ms
[187.918s][info][gc          ] Allocation Stall (Executor task launch worker for task 19.0 in stage 0.0 (TID 19)) 52.763ms
[187.918s][info][gc          ] Allocation Stall (Executor task launch worker for task 39.0 in stage 0.0 (TID 39)) 52.962ms
[187.918s][info][gc          ] Allocation Stall (Executor task launch worker for task 43.0 in stage 0.0 (TID 43)) 52.977ms
[187.918s][info][gc          ] Allocation Stall (Executor task launch worker for task 27.0 in stage 0.0 (TID 27)) 52.992ms
[187.918s][info][gc          ] Allocation Stall (Executor task launch worker for task 3.0 in stage 0.0 (TID 3)) 52.991ms
[187.918s][info][gc          ] Allocation Stall (Executor task launch worker for task 6.0 in stage 0.0 (TID 6)) 52.837ms
[187.918s][info][gc          ] Allocation Stall (Executor task launch worker for task 26.0 in stage 0.0 (TID 26)) 52.977ms
[187.918s][info][gc          ] Allocation Stall (Executor task launch worker for task 8.0 in stage 0.0 (TID 8)) 53.001ms
[187.918s][info][gc          ] Allocation Stall (Executor task launch worker for task 32.0 in stage 0.0 (TID 32)) 52.978ms
[187.918s][info][gc          ] Allocation Stall (Executor task launch worker for task 45.0 in stage 0.0 (TID 45)) 52.989ms
[187.918s][info][gc          ] Allocation Stall (Executor task launch worker for task 47.0 in stage 0.0 (TID 47)) 53.002ms
[187.918s][info][gc          ] Allocation Stall (Executor task launch worker for task 9.0 in stage 0.0 (TID 9)) 59.875ms
[187.918s][info][gc          ] Allocation Stall (Executor task launch worker for task 41.0 in stage 0.0 (TID 41)) 59.912ms
[187.918s][info][gc          ] Allocation Stall (Executor task launch worker for task 42.0 in stage 0.0 (TID 42)) 59.936ms
[187.918s][info][gc          ] Allocation Stall (Executor task launch worker for task 22.0 in stage 0.0 (TID 22)) 52.998ms
[187.918s][info][gc          ] Allocation Stall (Executor task launch worker for task 5.0 in stage 0.0 (TID 5)) 53.009ms
[187.918s][info][gc          ] Allocation Stall (Executor task launch worker for task 25.0 in stage 0.0 (TID 25)) 59.961ms
[187.918s][info][gc          ] Allocation Stall (Executor task launch worker for task 11.0 in stage 0.0 (TID 11)) 53.024ms
[187.918s][info][gc,phases   ] GC(105) Concurrent Select Relocation Set 3.741ms
[187.918s][info][gc          ] Allocation Stall (Executor task launch worker for task 18.0 in stage 0.0 (TID 18)) 59.972ms
[187.918s][info][gc          ] Allocation Stall (Executor task launch worker for task 14.0 in stage 0.0 (TID 14)) 53.019ms
[187.918s][info][gc          ] Allocation Stall (Executor task launch worker for task 20.0 in stage 0.0 (TID 20)) 53.035ms
[187.918s][info][gc          ] Allocation Stall (Executor task launch worker for task 40.0 in stage 0.0 (TID 40)) 60.007ms
[187.918s][info][gc          ] Allocation Stall (Executor task launch worker for task 44.0 in stage 0.0 (TID 44)) 53.038ms
[187.918s][info][gc          ] Allocation Stall (Executor task launch worker for task 30.0 in stage 0.0 (TID 30)) 60.044ms
[187.918s][info][gc          ] Allocation Stall (Executor task launch worker for task 10.0 in stage 0.0 (TID 10)) 53.047ms
[187.918s][info][gc          ] Allocation Stall (Executor task launch worker for task 17.0 in stage 0.0 (TID 17)) 60.298ms
[187.918s][info][gc          ] Allocation Stall (Executor task launch worker for task 0.0 in stage 0.0 (TID 0)) 59.893ms
[187.918s][info][gc          ] Allocation Stall (Executor task launch worker for task 28.0 in stage 0.0 (TID 28)) 59.968ms
[187.918s][info][gc          ] Allocation Stall (Executor task launch worker for task 23.0 in stage 0.0 (TID 23)) 59.981ms
[187.918s][info][gc          ] Allocation Stall (Executor task launch worker for task 33.0 in stage 0.0 (TID 33)) 53.054ms
[187.918s][info][gc          ] Allocation Stall (Executor task launch worker for task 37.0 in stage 0.0 (TID 37)) 53.047ms
[187.918s][info][gc          ] Allocation Stall (Executor task launch worker for task 1.0 in stage 0.0 (TID 1)) 60.048ms
[187.918s][info][gc          ] Allocation Stall (Executor task launch worker for task 2.0 in stage 0.0 (TID 2)) 60.036ms
[187.918s][info][gc          ] Allocation Stall (Executor task launch worker for task 34.0 in stage 0.0 (TID 34)) 60.304ms
[187.918s][info][gc          ] Allocation Stall (Executor task launch worker for task 15.0 in stage 0.0 (TID 15)) 53.049ms
[187.918s][info][gc          ] Allocation Stall (spark-listener-group-appStatus) 52.860ms
[187.918s][info][gc          ] Allocation Stall (Executor task launch worker for task 46.0 in stage 0.0 (TID 46)) 37.907ms
[187.918s][info][gc          ] Allocation Stall (Executor task launch worker for task 16.0 in stage 0.0 (TID 16)) 37.836ms
[187.918s][info][gc          ] Allocation Stall (Executor task launch worker for task 7.0 in stage 0.0 (TID 7)) 36.044ms
[187.921s][info][gc,phases   ] GC(105) Pause Relocate Start 0.006ms
[187.922s][info][gc,phases   ] GC(105) Concurrent Relocate 0.709ms
[187.922s][info][gc,load     ] GC(105) Load: 0.00/0.00/0.00
[187.922s][info][gc,mmu      ] GC(105) MMU: 2ms/95.7%, 5ms/98.3%, 10ms/99.1%, 20ms/99.5%, 50ms/99.8%, 100ms/99.8%
[187.922s][info][gc,marking  ] GC(105) Mark: 4 stripe(s), 2 proactive flush(es), 1 terminate flush(es), 0 completion(s), 0 continuation(s) 
[187.922s][info][gc,marking  ] GC(105) Mark Stack Usage: 32M
[187.922s][info][gc,nmethod  ] GC(105) NMethods: 4621 registered, 250 unregistered
[187.922s][info][gc,metaspace] GC(105) Metaspace: 113M used, 116M committed, 1152M reserved
[187.922s][info][gc,ref      ] GC(105) Soft: 2808 encountered, 2210 discovered, 0 enqueued
[187.922s][info][gc,ref      ] GC(105) Weak: 13102 encountered, 3413 discovered, 2 enqueued
[187.922s][info][gc,ref      ] GC(105) Final: 40 encountered, 1 discovered, 0 enqueued
[187.922s][info][gc,ref      ] GC(105) Phantom: 750 encountered, 556 discovered, 0 enqueued
[187.922s][info][gc,reloc    ] GC(105) Small Pages: 98 / 196M, Empty: 84M, Relocated: 1M, In-Place: 0
[187.922s][info][gc,reloc    ] GC(105) Medium Pages: 1 / 16M, Empty: 0M, Relocated: 0M, In-Place: 0
[187.922s][info][gc,reloc    ] GC(105) Large Pages: 69 / 300M, Empty: 8M, Relocated: 0M, In-Place: 0
[187.922s][info][gc,reloc    ] GC(105) Forwarding Usage: 0M
[187.922s][info][gc,heap     ] GC(105) Min Capacity: 8M(2%)
[187.922s][info][gc,heap     ] GC(105) Max Capacity: 512M(100%)
[187.922s][info][gc,heap     ] GC(105) Soft Max Capacity: 512M(100%)
[187.922s][info][gc,heap     ] GC(105)                Mark Start          Mark End        Relocate Start      Relocate End           High               Low         
[187.922s][info][gc,heap     ] GC(105)  Capacity:      512M (100%)        512M (100%)        512M (100%)        512M (100%)        512M (100%)        512M (100%)   
[187.922s][info][gc,heap     ] GC(105)      Free:        0M (0%)            0M (0%)           68M (13%)          96M (19%)          96M (19%)           0M (0%)     
[187.922s][info][gc,heap     ] GC(105)      Used:      512M (100%)        512M (100%)        444M (87%)         416M (81%)         512M (100%)        416M (81%)    
[187.922s][info][gc,heap     ] GC(105)      Live:         -               354M (69%)         354M (69%)         354M (69%)            -                  -          
[187.922s][info][gc,heap     ] GC(105) Allocated:         -                 0M (0%)           24M (5%)           27M (5%)             -                  -          
[187.922s][info][gc,heap     ] GC(105)   Garbage:         -               157M (31%)          65M (13%)          34M (7%)             -                  -          
[187.922s][info][gc,heap     ] GC(105) Reclaimed:         -                  -                92M (18%)         123M (24%)            -                  -          
[187.922s][info][gc          ] GC(105) Garbage Collection (Allocation Stall) 512M(100%)->416M(81%)
[187.928s][info][gc          ] Allocation Stall (Executor task launch worker for task 39.0 in stage 0.0 (TID 39)) 0.024ms
[187.928s][info][gc,start    ] GC(106) Garbage Collection (Allocation Stall)
[187.928s][info][gc,ref      ] GC(106) Clearing All SoftReferences
[187.928s][info][gc,task     ] GC(106) Using 5 workers
[187.928s][info][gc,ref      ] GC(106) Clearing All SoftReferences
[187.928s][info][gc,phases   ] GC(106) Pause Mark Start 0.040ms
[187.974s][info][gc,phases   ] GC(106) Concurrent Mark 45.125ms
[187.974s][info][gc,phases   ] GC(106) Pause Mark End 0.014ms
[187.974s][info][gc,phases   ] GC(106) Concurrent Mark Free 0.001ms
[187.977s][info][gc,phases   ] GC(106) Concurrent Process Non-Strong References 2.805ms
[187.977s][info][gc,phases   ] GC(106) Concurrent Reset Relocation Set 0.005ms
[187.980s][info][gc          ] Allocation Stall (Executor task launch worker for task 28.0 in stage 0.0 (TID 28)) 51.661ms
[187.980s][info][gc          ] Allocation Stall (Executor task launch worker for task 7.0 in stage 0.0 (TID 7)) 51.828ms
[187.980s][info][gc          ] Allocation Stall (Executor task launch worker for task 35.0 in stage 0.0 (TID 35)) 51.653ms
[187.980s][info][gc          ] Allocation Stall (spark-listener-group-appStatus) 51.283ms
[187.980s][info][gc          ] Allocation Stall (Executor task launch worker for task 32.0 in stage 0.0 (TID 32)) 51.671ms
[187.980s][info][gc          ] Allocation Stall (Executor task launch worker for task 6.0 in stage 0.0 (TID 6)) 51.531ms
[187.980s][info][gc          ] Allocation Stall (Executor task launch worker for task 46.0 in stage 0.0 (TID 46)) 51.828ms
[187.980s][info][gc          ] Allocation Stall (Executor task launch worker for task 12.0 in stage 0.0 (TID 12)) 52.339ms
[187.980s][info][gc          ] Allocation Stall (Executor task launch worker for task 41.0 in stage 0.0 (TID 41)) 51.858ms
[187.980s][info][gc          ] Allocation Stall (Executor task launch worker for task 14.0 in stage 0.0 (TID 14)) 51.839ms
[187.980s][info][gc          ] Allocation Stall (Executor task launch worker for task 36.0 in stage 0.0 (TID 36)) 51.829ms
[187.980s][info][gc          ] Allocation Stall (Executor task launch worker for task 3.0 in stage 0.0 (TID 3)) 51.879ms
[187.980s][info][gc          ] Allocation Stall (Executor task launch worker for task 10.0 in stage 0.0 (TID 10)) 51.869ms
[187.980s][info][gc          ] Allocation Stall (Executor task launch worker for task 42.0 in stage 0.0 (TID 42)) 51.674ms
[187.980s][info][gc          ] Allocation Stall (Executor task launch worker for task 39.0 in stage 0.0 (TID 39)) 51.809ms
[187.980s][info][gc          ] Allocation Stall (Executor task launch worker for task 27.0 in stage 0.0 (TID 27)) 51.847ms
[187.980s][info][gc,phases   ] GC(106) Concurrent Select Relocation Set 3.675ms
[187.980s][info][gc          ] Allocation Stall (Executor task launch worker for task 23.0 in stage 0.0 (TID 23)) 51.839ms
[187.980s][info][gc          ] Allocation Stall (Executor task launch worker for task 40.0 in stage 0.0 (TID 40)) 51.909ms
[187.980s][info][gc          ] Allocation Stall (Executor task launch worker for task 30.0 in stage 0.0 (TID 30)) 51.853ms
[187.980s][info][gc          ] Allocation Stall (Executor task launch worker for task 5.0 in stage 0.0 (TID 5)) 51.888ms
[187.980s][info][gc          ] Allocation Stall (Executor task launch worker for task 29.0 in stage 0.0 (TID 29)) 52.372ms
[187.980s][info][gc          ] Allocation Stall (Executor task launch worker for task 26.0 in stage 0.0 (TID 26)) 51.905ms
[187.980s][info][gc          ] Allocation Stall (Executor task launch worker for task 15.0 in stage 0.0 (TID 15)) 51.594ms
[187.981s][info][gc          ] Allocation Stall (Executor task launch worker for task 21.0 in stage 0.0 (TID 21)) 51.857ms
[187.981s][info][gc          ] Allocation Stall (Executor task launch worker for task 45.0 in stage 0.0 (TID 45)) 51.954ms
[187.981s][info][gc          ] Allocation Stall (Executor task launch worker for task 38.0 in stage 0.0 (TID 38)) 51.881ms
[187.981s][info][gc          ] Allocation Stall (Executor task launch worker for task 44.0 in stage 0.0 (TID 44)) 51.910ms
[187.981s][info][gc          ] Allocation Stall (Executor task launch worker for task 22.0 in stage 0.0 (TID 22)) 51.962ms
[187.981s][info][gc          ] Allocation Stall (Executor task launch worker for task 20.0 in stage 0.0 (TID 20)) 51.646ms
[187.981s][info][gc          ] Allocation Stall (Executor task launch worker for task 34.0 in stage 0.0 (TID 34)) 51.965ms
[187.981s][info][gc          ] Allocation Stall (Executor task launch worker for task 19.0 in stage 0.0 (TID 19)) 51.764ms
[187.981s][info][gc          ] Allocation Stall (Executor task launch worker for task 8.0 in stage 0.0 (TID 8)) 51.933ms
[187.981s][info][gc          ] Allocation Stall (Executor task launch worker for task 4.0 in stage 0.0 (TID 4)) 52.423ms
[187.981s][info][gc          ] Allocation Stall (Executor task launch worker for task 37.0 in stage 0.0 (TID 37)) 51.946ms
[187.981s][info][gc          ] Allocation Stall (Executor task launch worker for task 18.0 in stage 0.0 (TID 18)) 52.464ms
[187.981s][info][gc          ] Allocation Stall (Executor task launch worker for task 1.0 in stage 0.0 (TID 1)) 51.906ms
[187.981s][info][gc          ] Allocation Stall (Executor task launch worker for task 33.0 in stage 0.0 (TID 33)) 51.912ms
[187.981s][info][gc          ] Allocation Stall (Executor task launch worker for task 25.0 in stage 0.0 (TID 25)) 51.944ms
[187.981s][info][gc          ] Allocation Stall (Executor task launch worker for task 43.0 in stage 0.0 (TID 43)) 51.972ms
[187.981s][info][gc          ] Allocation Stall (Executor task launch worker for task 31.0 in stage 0.0 (TID 31)) 52.494ms
[187.981s][info][gc          ] Allocation Stall (Executor task launch worker for task 47.0 in stage 0.0 (TID 47)) 51.986ms
[187.981s][info][gc          ] Allocation Stall (Executor task launch worker for task 13.0 in stage 0.0 (TID 13)) 51.597ms
[187.981s][info][gc          ] Allocation Stall (Executor task launch worker for task 9.0 in stage 0.0 (TID 9)) 52.563ms
[187.981s][info][gc          ] Allocation Stall (Executor task launch worker for task 0.0 in stage 0.0 (TID 0)) 52.004ms
[187.981s][info][gc          ] Allocation Stall (Executor task launch worker for task 24.0 in stage 0.0 (TID 24)) 51.990ms
[187.981s][info][gc          ] Allocation Stall (Executor task launch worker for task 11.0 in stage 0.0 (TID 11)) 51.971ms
[187.981s][info][gc          ] Allocation Stall (Executor task launch worker for task 16.0 in stage 0.0 (TID 16)) 51.977ms
[187.981s][info][gc          ] Allocation Stall (Executor task launch worker for task 17.0 in stage 0.0 (TID 17)) 52.444ms
[187.981s][info][gc          ] Allocation Stall (Executor task launch worker for task 2.0 in stage 0.0 (TID 2)) 51.975ms
[187.989s][info][gc,phases   ] GC(106) Pause Relocate Start 0.009ms
[187.990s][info][gc,phases   ] GC(106) Concurrent Relocate 0.539ms
[187.990s][info][gc,load     ] GC(106) Load: 0.00/0.00/0.00
[187.990s][info][gc,mmu      ] GC(106) MMU: 2ms/95.7%, 5ms/98.3%, 10ms/99.1%, 20ms/99.5%, 50ms/99.8%, 100ms/99.8%
[187.990s][info][gc,marking  ] GC(106) Mark: 4 stripe(s), 2 proactive flush(es), 1 terminate flush(es), 0 completion(s), 0 continuation(s) 
[187.990s][info][gc,marking  ] GC(106) Mark Stack Usage: 32M
[187.990s][info][gc,nmethod  ] GC(106) NMethods: 4648 registered, 251 unregistered
[187.990s][info][gc,metaspace] GC(106) Metaspace: 113M used, 116M committed, 1152M reserved
[187.991s][info][gc,ref      ] GC(106) Soft: 2808 encountered, 2096 discovered, 0 enqueued
[187.991s][info][gc,ref      ] GC(106) Weak: 13102 encountered, 3299 discovered, 2 enqueued
[187.991s][info][gc,ref      ] GC(106) Final: 40 encountered, 0 discovered, 0 enqueued
[187.991s][info][gc,ref      ] GC(106) Phantom: 750 encountered, 477 discovered, 0 enqueued
[187.991s][info][gc,reloc    ] GC(106) Small Pages: 102 / 204M, Empty: 94M, Relocated: 1M, In-Place: 0
[187.991s][info][gc,reloc    ] GC(106) Medium Pages: 1 / 16M, Empty: 0M, Relocated: 0M, In-Place: 0
[187.991s][info][gc,reloc    ] GC(106) Large Pages: 67 / 292M, Empty: 12M, Relocated: 0M, In-Place: 0
[187.991s][info][gc,reloc    ] GC(106) Forwarding Usage: 0M
[187.991s][info][gc,heap     ] GC(106) Min Capacity: 8M(2%)
[187.991s][info][gc,heap     ] GC(106) Max Capacity: 512M(100%)
[187.991s][info][gc,heap     ] GC(106) Soft Max Capacity: 512M(100%)
[187.991s][info][gc,heap     ] GC(106)                Mark Start          Mark End        Relocate Start      Relocate End           High               Low         
[187.991s][info][gc,heap     ] GC(106)  Capacity:      512M (100%)        512M (100%)        512M (100%)        512M (100%)        512M (100%)        512M (100%)   
[187.991s][info][gc,heap     ] GC(106)      Free:        0M (0%)            0M (0%)           92M (18%)         120M (23%)         120M (23%)           0M (0%)     
[187.991s][info][gc,heap     ] GC(106)      Used:      512M (100%)        512M (100%)        420M (82%)         392M (77%)         512M (100%)        392M (77%)    
[187.991s][info][gc,heap     ] GC(106)      Live:         -               342M (67%)         342M (67%)         342M (67%)            -                  -          
[187.991s][info][gc,heap     ] GC(106) Allocated:         -                 0M (0%)           14M (3%)           15M (3%)             -                  -          
[187.991s][info][gc,heap     ] GC(106)   Garbage:         -               169M (33%)          63M (12%)          33M (7%)             -                  -          
[187.991s][info][gc,heap     ] GC(106) Reclaimed:         -                  -               106M (21%)         135M (27%)            -                  -          
[187.991s][info][gc          ] GC(106) Garbage Collection (Allocation Stall) 512M(100%)->392M(77%)
[188.000s][info][gc,start    ] GC(107) Garbage Collection (Allocation Stall)
[188.000s][info][gc,ref      ] GC(107) Clearing All SoftReferences
[188.000s][info][gc,task     ] GC(107) Using 5 workers
[188.001s][info][gc,ref      ] GC(107) Clearing All SoftReferences
[188.001s][info][gc,phases   ] GC(107) Pause Mark Start 0.069ms
[188.001s][info][gc          ] Allocation Stall (Executor task launch worker for task 8.0 in stage 0.0 (TID 8)) 1.256ms
[188.001s][info][gc          ] Allocation Stall (Executor task launch worker for task 2.0 in stage 0.0 (TID 2)) 1.260ms
[188.001s][info][gc          ] Allocation Stall (Executor task launch worker for task 16.0 in stage 0.0 (TID 16)) 1.272ms
[188.001s][info][gc          ] Allocation Stall (Executor task launch worker for task 33.0 in stage 0.0 (TID 33)) 1.395ms
[188.001s][info][gc          ] Allocation Stall (Executor task launch worker for task 5.0 in stage 0.0 (TID 5)) 1.462ms
[188.001s][info][gc          ] Allocation Stall (Executor task launch worker for task 41.0 in stage 0.0 (TID 41)) 1.528ms
[188.001s][info][gc          ] Allocation Stall (Executor task launch worker for task 37.0 in stage 0.0 (TID 37)) 1.602ms
[188.001s][info][gc          ] Allocation Stall (Executor task launch worker for task 11.0 in stage 0.0 (TID 11)) 1.799ms
[188.002s][info][gc          ] Allocation Stall (Executor task launch worker for task 38.0 in stage 0.0 (TID 38)) 2.037ms
[188.002s][info][gc          ] Allocation Stall (Executor task launch worker for task 9.0 in stage 0.0 (TID 9)) 2.150ms
[188.002s][info][gc          ] Allocation Stall (Executor task launch worker for task 1.0 in stage 0.0 (TID 1)) 2.266ms
[188.002s][info][gc          ] Allocation Stall (Executor task launch worker for task 39.0 in stage 0.0 (TID 39)) 2.400ms
[188.002s][info][gc          ] Allocation Stall (Executor task launch worker for task 4.0 in stage 0.0 (TID 4)) 2.517ms
[188.002s][info][gc          ] Allocation Stall (Executor task launch worker for task 24.0 in stage 0.0 (TID 24)) 2.628ms
[188.003s][info][gc          ] Allocation Stall (Executor task launch worker for task 22.0 in stage 0.0 (TID 22)) 2.899ms
[188.047s][info][gc,phases   ] GC(107) Concurrent Mark 46.218ms
[188.047s][info][gc,phases   ] GC(107) Pause Mark End 0.024ms
[188.047s][info][gc,phases   ] GC(107) Concurrent Mark Free 0.001ms
[188.050s][info][gc,phases   ] GC(107) Concurrent Process Non-Strong References 2.754ms
[188.050s][info][gc,phases   ] GC(107) Concurrent Reset Relocation Set 0.005ms
[188.054s][info][gc          ] Allocation Stall (Executor task launch worker for task 33.0 in stage 0.0 (TID 33)) 49.945ms
[188.054s][info][gc          ] Allocation Stall (Executor task launch worker for task 6.0 in stage 0.0 (TID 6)) 53.807ms
[188.054s][info][gc          ] Allocation Stall (Executor task launch worker for task 39.0 in stage 0.0 (TID 39)) 48.790ms
[188.054s][info][gc          ] Allocation Stall (Executor task launch worker for task 43.0 in stage 0.0 (TID 43)) 53.891ms
[188.054s][info][gc          ] Allocation Stall (Executor task launch worker for task 11.0 in stage 0.0 (TID 11)) 48.548ms
[188.054s][info][gc          ] Allocation Stall (Executor task launch worker for task 10.0 in stage 0.0 (TID 10)) 52.859ms
[188.054s][info][gc          ] Allocation Stall (Executor task launch worker for task 16.0 in stage 0.0 (TID 16)) 48.822ms
[188.054s][info][gc          ] Allocation Stall (Executor task launch worker for task 38.0 in stage 0.0 (TID 38)) 49.840ms
[188.054s][info][gc          ] Allocation Stall (Executor task launch worker for task 14.0 in stage 0.0 (TID 14)) 48.298ms
[188.054s][info][gc          ] Allocation Stall (Spark Context Cleaner) 22.286ms
[188.054s][info][gc          ] Allocation Stall (Executor task launch worker for task 35.0 in stage 0.0 (TID 35)) 52.859ms
[188.054s][info][gc          ] Allocation Stall (Executor task launch worker for task 0.0 in stage 0.0 (TID 0)) 54.076ms
[188.054s][info][gc          ] Allocation Stall (Executor task launch worker for task 26.0 in stage 0.0 (TID 26)) 52.867ms
[188.054s][info][gc          ] Allocation Stall (Executor task launch worker for task 5.0 in stage 0.0 (TID 5)) 49.804ms
[188.054s][info][gc          ] Allocation Stall (Executor task launch worker for task 8.0 in stage 0.0 (TID 8)) 48.514ms
[188.054s][info][gc          ] Allocation Stall (Executor task launch worker for task 4.0 in stage 0.0 (TID 4)) 48.826ms
[188.054s][info][gc          ] Allocation Stall (Executor task launch worker for task 23.0 in stage 0.0 (TID 23)) 54.035ms
[188.054s][info][gc          ] Allocation Stall (Executor task launch worker for task 22.0 in stage 0.0 (TID 22)) 48.722ms
[188.054s][info][gc          ] Allocation Stall (Executor task launch worker for task 41.0 in stage 0.0 (TID 41)) 49.787ms
[188.054s][info][gc          ] Allocation Stall (Executor task launch worker for task 18.0 in stage 0.0 (TID 18)) 48.760ms
[188.054s][info][gc          ] Allocation Stall (Executor task launch worker for task 27.0 in stage 0.0 (TID 27)) 53.961ms
[188.054s][info][gc          ] Allocation Stall (Executor task launch worker for task 42.0 in stage 0.0 (TID 42)) 52.883ms
[188.054s][info][gc          ] Allocation Stall (Executor task launch worker for task 37.0 in stage 0.0 (TID 37)) 49.485ms
[188.054s][info][gc          ] Allocation Stall (Executor task launch worker for task 24.0 in stage 0.0 (TID 24)) 48.977ms
[188.054s][info][gc          ] Allocation Stall (Executor task launch worker for task 7.0 in stage 0.0 (TID 7)) 53.891ms
[188.054s][info][gc          ] Allocation Stall (Executor task launch worker for task 9.0 in stage 0.0 (TID 9)) 49.906ms
[188.054s][info][gc          ] Allocation Stall (Executor task launch worker for task 2.0 in stage 0.0 (TID 2)) 48.624ms
[188.054s][info][gc          ] Allocation Stall (Executor task launch worker for task 15.0 in stage 0.0 (TID 15)) 53.802ms
[188.054s][info][gc          ] Allocation Stall (Executor task launch worker for task 30.0 in stage 0.0 (TID 30)) 53.973ms
[188.054s][info][gc          ] Allocation Stall (Executor task launch worker for task 31.0 in stage 0.0 (TID 31)) 53.969ms
[188.054s][info][gc          ] Allocation Stall (Executor task launch worker for task 1.0 in stage 0.0 (TID 1)) 49.497ms
[188.054s][info][gc          ] Allocation Stall (Executor task launch worker for task 32.0 in stage 0.0 (TID 32)) 53.838ms
[188.054s][info][gc          ] Allocation Stall (Executor task launch worker for task 46.0 in stage 0.0 (TID 46)) 53.955ms
[188.054s][info][gc          ] Allocation Stall (Executor task launch worker for task 40.0 in stage 0.0 (TID 40)) 53.879ms
[188.054s][info][gc,phases   ] GC(107) Concurrent Select Relocation Set 3.667ms
[188.054s][info][gc          ] Allocation Stall (Executor task launch worker for task 34.0 in stage 0.0 (TID 34)) 53.936ms
[188.054s][info][gc          ] Allocation Stall (Executor task launch worker for task 13.0 in stage 0.0 (TID 13)) 53.917ms
[188.054s][info][gc          ] Allocation Stall (Executor task launch worker for task 21.0 in stage 0.0 (TID 21)) 54.143ms
[188.054s][info][gc          ] Allocation Stall (Executor task launch worker for task 45.0 in stage 0.0 (TID 45)) 53.910ms
[188.054s][info][gc          ] Allocation Stall (Executor task launch worker for task 3.0 in stage 0.0 (TID 3)) 54.142ms
[188.054s][info][gc          ] Allocation Stall (Executor task launch worker for task 12.0 in stage 0.0 (TID 12)) 53.891ms
[188.054s][info][gc          ] Allocation Stall (Executor task launch worker for task 44.0 in stage 0.0 (TID 44)) 53.874ms
[188.054s][info][gc          ] Allocation Stall (Executor task launch worker for task 29.0 in stage 0.0 (TID 29)) 54.151ms
[188.054s][info][gc          ] Allocation Stall (Executor task launch worker for task 47.0 in stage 0.0 (TID 47)) 53.876ms
[188.054s][info][gc          ] Allocation Stall (Executor task launch worker for task 19.0 in stage 0.0 (TID 19)) 54.174ms
[188.054s][info][gc          ] Allocation Stall (Executor task launch worker for task 20.0 in stage 0.0 (TID 20)) 54.139ms
[188.054s][info][gc          ] Allocation Stall (Executor task launch worker for task 25.0 in stage 0.0 (TID 25)) 53.006ms
[188.054s][info][gc          ] Allocation Stall (Executor task launch worker for task 36.0 in stage 0.0 (TID 36)) 53.010ms
[188.054s][info][gc          ] Allocation Stall (Executor task launch worker for task 17.0 in stage 0.0 (TID 17)) 53.016ms
[188.054s][info][gc          ] Allocation Stall (Executor task launch worker for task 28.0 in stage 0.0 (TID 28)) 54.115ms
[188.057s][info][gc,phases   ] GC(107) Pause Relocate Start 0.006ms
[188.058s][info][gc,phases   ] GC(107) Concurrent Relocate 0.612ms
[188.058s][info][gc,load     ] GC(107) Load: 0.00/0.00/0.00
[188.058s][info][gc,mmu      ] GC(107) MMU: 2ms/95.7%, 5ms/98.3%, 10ms/99.1%, 20ms/99.5%, 50ms/99.8%, 100ms/99.8%
[188.058s][info][gc,marking  ] GC(107) Mark: 4 stripe(s), 2 proactive flush(es), 1 terminate flush(es), 0 completion(s), 0 continuation(s) 
[188.058s][info][gc,marking  ] GC(107) Mark Stack Usage: 32M
[188.058s][info][gc,nmethod  ] GC(107) NMethods: 4648 registered, 251 unregistered
[188.058s][info][gc,metaspace] GC(107) Metaspace: 113M used, 116M committed, 1152M reserved
[188.058s][info][gc,ref      ] GC(107) Soft: 2808 encountered, 2238 discovered, 0 enqueued
[188.058s][info][gc,ref      ] GC(107) Weak: 13102 encountered, 3735 discovered, 0 enqueued
[188.058s][info][gc,ref      ] GC(107) Final: 40 encountered, 1 discovered, 0 enqueued
[188.058s][info][gc,ref      ] GC(107) Phantom: 750 encountered, 642 discovered, 0 enqueued
[188.058s][info][gc,reloc    ] GC(107) Small Pages: 105 / 210M, Empty: 100M, Relocated: 1M, In-Place: 0
[188.058s][info][gc,reloc    ] GC(107) Medium Pages: 1 / 16M, Empty: 0M, Relocated: 0M, In-Place: 0
[188.058s][info][gc,reloc    ] GC(107) Large Pages: 64 / 280M, Empty: 0M, Relocated: 0M, In-Place: 0
[188.058s][info][gc,reloc    ] GC(107) Forwarding Usage: 0M
[188.058s][info][gc,heap     ] GC(107) Min Capacity: 8M(2%)
[188.058s][info][gc,heap     ] GC(107) Max Capacity: 512M(100%)
[188.058s][info][gc,heap     ] GC(107) Soft Max Capacity: 512M(100%)
[188.058s][info][gc,heap     ] GC(107)                Mark Start          Mark End        Relocate Start      Relocate End           High               Low         
[188.059s][info][gc,heap     ] GC(107)  Capacity:      512M (100%)        512M (100%)        512M (100%)        512M (100%)        512M (100%)        512M (100%)   
[188.059s][info][gc,heap     ] GC(107)      Free:        0M (0%)            0M (0%)           64M (13%)          82M (16%)         100M (20%)           0M (0%)     
[188.059s][info][gc,heap     ] GC(107)      Used:      512M (100%)        512M (100%)        448M (88%)         430M (84%)         512M (100%)        412M (80%)    
[188.059s][info][gc,heap     ] GC(107)      Live:         -               342M (67%)         342M (67%)         342M (67%)            -                  -          
[188.059s][info][gc,heap     ] GC(107) Allocated:         -                 0M (0%)           36M (7%)           47M (9%)             -                  -          
[188.059s][info][gc,heap     ] GC(107)   Garbage:         -               169M (33%)          69M (14%)          40M (8%)             -                  -          
[188.059s][info][gc,heap     ] GC(107) Reclaimed:         -                  -               100M (20%)         129M (25%)            -                  -          
[188.059s][info][gc          ] GC(107) Garbage Collection (Allocation Stall) 512M(100%)->430M(84%)
[188.064s][info][gc          ] Allocation Stall (Executor task launch worker for task 31.0 in stage 0.0 (TID 31)) 0.017ms
[188.064s][info][gc,start    ] GC(108) Garbage Collection (Allocation Stall)
[188.064s][info][gc,ref      ] GC(108) Clearing All SoftReferences
[188.064s][info][gc,task     ] GC(108) Using 5 workers
[188.065s][info][gc,ref      ] GC(108) Clearing All SoftReferences
[188.065s][info][gc,phases   ] GC(108) Pause Mark Start 0.065ms
[188.110s][info][gc,phases   ] GC(108) Concurrent Mark 44.664ms
[188.110s][info][gc,phases   ] GC(108) Pause Mark End 0.013ms
[188.110s][info][gc,phases   ] GC(108) Concurrent Mark Free 0.001ms
[188.113s][info][gc,phases   ] GC(108) Concurrent Process Non-Strong References 2.939ms
[188.113s][info][gc,phases   ] GC(108) Concurrent Reset Relocation Set 0.004ms
[188.116s][info][gc          ] Allocation Stall (Executor task launch worker for task 20.0 in stage 0.0 (TID 20)) 51.396ms
[188.116s][info][gc          ] Allocation Stall (Executor task launch worker for task 6.0 in stage 0.0 (TID 6)) 51.973ms
[188.116s][info][gc          ] Allocation Stall (Executor task launch worker for task 13.0 in stage 0.0 (TID 13)) 51.456ms
[188.116s][info][gc          ] Allocation Stall (Executor task launch worker for task 46.0 in stage 0.0 (TID 46)) 51.451ms
[188.116s][info][gc          ] Allocation Stall (Executor task launch worker for task 0.0 in stage 0.0 (TID 0)) 51.286ms
[188.116s][info][gc          ] Allocation Stall (Executor task launch worker for task 39.0 in stage 0.0 (TID 39)) 51.438ms
[188.116s][info][gc          ] Allocation Stall (Executor task launch worker for task 21.0 in stage 0.0 (TID 21)) 51.385ms
[188.116s][info][gc          ] Allocation Stall (Executor task launch worker for task 27.0 in stage 0.0 (TID 27)) 51.410ms
[188.116s][info][gc          ] Allocation Stall (Executor task launch worker for task 37.0 in stage 0.0 (TID 37)) 51.466ms
[188.116s][info][gc          ] Allocation Stall (Executor task launch worker for task 41.0 in stage 0.0 (TID 41)) 51.398ms
[188.116s][info][gc          ] Allocation Stall (Executor task launch worker for task 14.0 in stage 0.0 (TID 14)) 51.397ms
[188.116s][info][gc          ] Allocation Stall (Executor task launch worker for task 36.0 in stage 0.0 (TID 36)) 51.401ms
[188.116s][info][gc          ] Allocation Stall (Executor task launch worker for task 16.0 in stage 0.0 (TID 16)) 51.460ms
[188.116s][info][gc          ] Allocation Stall (Executor task launch worker for task 42.0 in stage 0.0 (TID 42)) 51.464ms
[188.116s][info][gc          ] Allocation Stall (Executor task launch worker for task 3.0 in stage 0.0 (TID 3)) 51.485ms
[188.116s][info][gc          ] Allocation Stall (Executor task launch worker for task 12.0 in stage 0.0 (TID 12)) 52.044ms
[188.116s][info][gc          ] Allocation Stall (Executor task launch worker for task 28.0 in stage 0.0 (TID 28)) 51.366ms
[188.116s][info][gc          ] Allocation Stall (Executor task launch worker for task 40.0 in stage 0.0 (TID 40)) 51.279ms
[188.116s][info][gc          ] Allocation Stall (Executor task launch worker for task 10.0 in stage 0.0 (TID 10)) 51.996ms
[188.116s][info][gc,phases   ] GC(108) Concurrent Select Relocation Set 3.630ms
[188.116s][info][gc          ] Allocation Stall (Executor task launch worker for task 8.0 in stage 0.0 (TID 8)) 51.239ms
[188.116s][info][gc          ] Allocation Stall (Executor task launch worker for task 34.0 in stage 0.0 (TID 34)) 51.506ms
[188.116s][info][gc          ] Allocation Stall (Executor task launch worker for task 5.0 in stage 0.0 (TID 5)) 52.009ms
[188.116s][info][gc          ] Allocation Stall (Executor task launch worker for task 17.0 in stage 0.0 (TID 17)) 51.353ms
[188.116s][info][gc          ] Allocation Stall (Executor task launch worker for task 19.0 in stage 0.0 (TID 19)) 51.253ms
[188.116s][info][gc          ] Allocation Stall (Executor task launch worker for task 2.0 in stage 0.0 (TID 2)) 51.440ms
[188.116s][info][gc          ] Allocation Stall (Executor task launch worker for task 4.0 in stage 0.0 (TID 4)) 51.985ms
[188.116s][info][gc          ] Allocation Stall (Executor task launch worker for task 25.0 in stage 0.0 (TID 25)) 52.127ms
[188.116s][info][gc          ] Allocation Stall (Executor task launch worker for task 1.0 in stage 0.0 (TID 1)) 52.042ms
[188.116s][info][gc          ] Allocation Stall (Executor task launch worker for task 45.0 in stage 0.0 (TID 45)) 51.955ms
[188.116s][info][gc          ] Allocation Stall (Executor task launch worker for task 11.0 in stage 0.0 (TID 11)) 52.114ms
[188.116s][info][gc          ] Allocation Stall (Executor task launch worker for task 15.0 in stage 0.0 (TID 15)) 51.309ms
[188.116s][info][gc          ] Allocation Stall (Executor task launch worker for task 31.0 in stage 0.0 (TID 31)) 51.518ms
[188.116s][info][gc          ] Allocation Stall (Executor task launch worker for task 7.0 in stage 0.0 (TID 7)) 52.323ms
[188.116s][info][gc          ] Allocation Stall (Executor task launch worker for task 30.0 in stage 0.0 (TID 30)) 51.529ms
[188.116s][info][gc          ] Allocation Stall (Executor task launch worker for task 44.0 in stage 0.0 (TID 44)) 51.513ms
[188.116s][info][gc          ] Allocation Stall (Executor task launch worker for task 18.0 in stage 0.0 (TID 18)) 52.338ms
[188.116s][info][gc          ] Allocation Stall (Executor task launch worker for task 32.0 in stage 0.0 (TID 32)) 52.349ms
[188.116s][info][gc          ] Allocation Stall (Executor task launch worker for task 9.0 in stage 0.0 (TID 9)) 52.312ms
[188.116s][info][gc          ] Allocation Stall (Executor task launch worker for task 29.0 in stage 0.0 (TID 29)) 52.103ms
[188.116s][info][gc          ] Allocation Stall (Executor task launch worker for task 38.0 in stage 0.0 (TID 38)) 51.549ms
[188.116s][info][gc          ] Allocation Stall (Executor task launch worker for task 35.0 in stage 0.0 (TID 35)) 52.049ms
[188.116s][info][gc          ] Allocation Stall (Executor task launch worker for task 43.0 in stage 0.0 (TID 43)) 52.387ms
[188.116s][info][gc          ] Allocation Stall (Executor task launch worker for task 47.0 in stage 0.0 (TID 47)) 52.138ms
[188.116s][info][gc          ] Allocation Stall (Executor task launch worker for task 22.0 in stage 0.0 (TID 22)) 51.554ms
[188.116s][info][gc          ] Allocation Stall (Executor task launch worker for task 24.0 in stage 0.0 (TID 24)) 52.060ms
[188.116s][info][gc          ] Allocation Stall (Executor task launch worker for task 26.0 in stage 0.0 (TID 26)) 52.161ms
[188.117s][info][gc          ] Allocation Stall (Executor task launch worker for task 23.0 in stage 0.0 (TID 23)) 41.768ms
[188.117s][info][gc          ] Allocation Stall (Executor task launch worker for task 33.0 in stage 0.0 (TID 33)) 40.130ms
[188.125s][info][gc,phases   ] GC(108) Pause Relocate Start 0.009ms
[188.126s][info][gc,phases   ] GC(108) Concurrent Relocate 0.661ms
[188.126s][info][gc,load     ] GC(108) Load: 0.00/0.00/0.00
[188.126s][info][gc,mmu      ] GC(108) MMU: 2ms/95.7%, 5ms/98.3%, 10ms/99.1%, 20ms/99.5%, 50ms/99.8%, 100ms/99.8%
[188.126s][info][gc,marking  ] GC(108) Mark: 4 stripe(s), 2 proactive flush(es), 1 terminate flush(es), 0 completion(s), 0 continuation(s) 
[188.126s][info][gc,marking  ] GC(108) Mark Stack Usage: 32M
[188.126s][info][gc,nmethod  ] GC(108) NMethods: 4649 registered, 251 unregistered
[188.126s][info][gc,metaspace] GC(108) Metaspace: 113M used, 116M committed, 1152M reserved
[188.127s][info][gc,ref      ] GC(108) Soft: 2808 encountered, 2256 discovered, 0 enqueued
[188.127s][info][gc,ref      ] GC(108) Weak: 13102 encountered, 2548 discovered, 1 enqueued
[188.127s][info][gc,ref      ] GC(108) Final: 40 encountered, 1 discovered, 0 enqueued
[188.127s][info][gc,ref      ] GC(108) Phantom: 750 encountered, 478 discovered, 0 enqueued
[188.127s][info][gc,reloc    ] GC(108) Small Pages: 100 / 200M, Empty: 92M, Relocated: 1M, In-Place: 0
[188.127s][info][gc,reloc    ] GC(108) Medium Pages: 1 / 16M, Empty: 0M, Relocated: 0M, In-Place: 0
[188.127s][info][gc,reloc    ] GC(108) Large Pages: 66 / 296M, Empty: 0M, Relocated: 0M, In-Place: 0
[188.127s][info][gc,reloc    ] GC(108) Forwarding Usage: 0M
[188.127s][info][gc,heap     ] GC(108) Min Capacity: 8M(2%)
[188.127s][info][gc,heap     ] GC(108) Max Capacity: 512M(100%)
[188.127s][info][gc,heap     ] GC(108) Soft Max Capacity: 512M(100%)
[188.127s][info][gc,heap     ] GC(108)                Mark Start          Mark End        Relocate Start      Relocate End           High               Low         
[188.127s][info][gc,heap     ] GC(108)  Capacity:      512M (100%)        512M (100%)        512M (100%)        512M (100%)        512M (100%)        512M (100%)   
[188.127s][info][gc,heap     ] GC(108)      Free:        0M (0%)            0M (0%)           74M (14%)          90M (18%)          98M (19%)           0M (0%)     
[188.127s][info][gc,heap     ] GC(108)      Used:      512M (100%)        512M (100%)        438M (86%)         422M (82%)         512M (100%)        414M (81%)    
[188.127s][info][gc,heap     ] GC(108)      Live:         -               358M (70%)         358M (70%)         358M (70%)            -                  -          
[188.127s][info][gc,heap     ] GC(108) Allocated:         -                 0M (0%)           18M (4%)           29M (6%)             -                  -          
[188.128s][info][gc,heap     ] GC(108)   Garbage:         -               153M (30%)          61M (12%)          34M (7%)             -                  -          
[188.128s][info][gc,heap     ] GC(108) Reclaimed:         -                  -                92M (18%)         119M (23%)            -                  -          
[188.128s][info][gc          ] GC(108) Garbage Collection (Allocation Stall) 512M(100%)->422M(82%)
[188.134s][info][gc,start    ] GC(109) Garbage Collection (Allocation Stall)
[188.134s][info][gc,ref      ] GC(109) Clearing All SoftReferences
[188.134s][info][gc,task     ] GC(109) Using 5 workers
[188.134s][info][gc,ref      ] GC(109) Clearing All SoftReferences
[188.134s][info][gc,phases   ] GC(109) Pause Mark Start 0.069ms
[188.172s][info][gc,phases   ] GC(109) Concurrent Mark 37.483ms
[188.172s][info][gc,phases   ] GC(109) Pause Mark End 0.012ms
[188.172s][info][gc,phases   ] GC(109) Concurrent Mark Free 0.001ms
[188.175s][info][gc,phases   ] GC(109) Concurrent Process Non-Strong References 2.406ms
[188.175s][info][gc,phases   ] GC(109) Concurrent Reset Relocation Set 0.005ms
[188.178s][info][gc          ] Allocation Stall (Executor task launch worker for task 13.0 in stage 0.0 (TID 13)) 43.726ms
[188.178s][info][gc          ] Allocation Stall (Executor task launch worker for task 24.0 in stage 0.0 (TID 24)) 43.632ms
[188.178s][info][gc          ] Allocation Stall (Executor task launch worker for task 19.0 in stage 0.0 (TID 19)) 43.717ms
[188.178s][info][gc          ] Allocation Stall (Executor task launch worker for task 2.0 in stage 0.0 (TID 2)) 43.651ms
[188.178s][info][gc          ] Allocation Stall (Executor task launch worker for task 37.0 in stage 0.0 (TID 37)) 43.773ms
[188.178s][info][gc          ] Allocation Stall (Executor task launch worker for task 9.0 in stage 0.0 (TID 9)) 43.800ms
[188.178s][info][gc          ] Allocation Stall (Executor task launch worker for task 1.0 in stage 0.0 (TID 1)) 43.791ms
[188.178s][info][gc          ] Allocation Stall (Executor task launch worker for task 46.0 in stage 0.0 (TID 46)) 43.806ms
[188.178s][info][gc          ] Allocation Stall (Executor task launch worker for task 6.0 in stage 0.0 (TID 6)) 43.831ms
[188.178s][info][gc          ] Allocation Stall (Executor task launch worker for task 5.0 in stage 0.0 (TID 5)) 43.819ms
[188.178s][info][gc          ] Allocation Stall (Executor task launch worker for task 17.0 in stage 0.0 (TID 17)) 43.834ms
[188.178s][info][gc          ] Allocation Stall (Executor task launch worker for task 35.0 in stage 0.0 (TID 35)) 43.843ms
[188.178s][info][gc          ] Allocation Stall (Executor task launch worker for task 28.0 in stage 0.0 (TID 28)) 43.856ms
[188.178s][info][gc          ] Allocation Stall (Executor task launch worker for task 26.0 in stage 0.0 (TID 26)) 44.573ms
[188.178s][info][gc          ] Allocation Stall (Executor task launch worker for task 44.0 in stage 0.0 (TID 44)) 44.476ms
[188.178s][info][gc          ] Allocation Stall (Executor task launch worker for task 30.0 in stage 0.0 (TID 30)) 43.823ms
[188.178s][info][gc          ] Allocation Stall (Executor task launch worker for task 25.0 in stage 0.0 (TID 25)) 44.253ms
[188.178s][info][gc          ] Allocation Stall (Executor task launch worker for task 7.0 in stage 0.0 (TID 7)) 43.820ms
[188.178s][info][gc          ] Allocation Stall (Executor task launch worker for task 34.0 in stage 0.0 (TID 34)) 44.253ms
[188.178s][info][gc          ] Allocation Stall (Executor task launch worker for task 41.0 in stage 0.0 (TID 41)) 43.838ms
[188.178s][info][gc          ] Allocation Stall (Executor task launch worker for task 0.0 in stage 0.0 (TID 0)) 43.905ms
[188.178s][info][gc,phases   ] GC(109) Concurrent Select Relocation Set 3.699ms
[188.178s][info][gc          ] Allocation Stall (Executor task launch worker for task 47.0 in stage 0.0 (TID 47)) 44.257ms
[188.178s][info][gc          ] Allocation Stall (Executor task launch worker for task 39.0 in stage 0.0 (TID 39)) 43.874ms
[188.178s][info][gc          ] Allocation Stall (Executor task launch worker for task 32.0 in stage 0.0 (TID 32)) 44.404ms
[188.178s][info][gc          ] Allocation Stall (Executor task launch worker for task 42.0 in stage 0.0 (TID 42)) 43.890ms
[188.178s][info][gc          ] Allocation Stall (Executor task launch worker for task 8.0 in stage 0.0 (TID 8)) 43.897ms
[188.178s][info][gc          ] Allocation Stall (Executor task launch worker for task 11.0 in stage 0.0 (TID 11)) 43.901ms
[188.178s][info][gc          ] Allocation Stall (Executor task launch worker for task 31.0 in stage 0.0 (TID 31)) 43.901ms
[188.178s][info][gc          ] Allocation Stall (Executor task launch worker for task 45.0 in stage 0.0 (TID 45)) 43.904ms
[188.178s][info][gc          ] Allocation Stall (Executor task launch worker for task 14.0 in stage 0.0 (TID 14)) 43.898ms
[188.178s][info][gc          ] Allocation Stall (Executor task launch worker for task 21.0 in stage 0.0 (TID 21)) 43.916ms
[188.178s][info][gc          ] Allocation Stall (Executor task launch worker for task 4.0 in stage 0.0 (TID 4)) 43.895ms
[188.178s][info][gc          ] Allocation Stall (Executor task launch worker for task 22.0 in stage 0.0 (TID 22)) 43.899ms
[188.178s][info][gc          ] Allocation Stall (Executor task launch worker for task 20.0 in stage 0.0 (TID 20)) 43.871ms
[188.178s][info][gc          ] Allocation Stall (Executor task launch worker for task 29.0 in stage 0.0 (TID 29)) 43.886ms
[188.178s][info][gc          ] Allocation Stall (Executor task launch worker for task 18.0 in stage 0.0 (TID 18)) 43.930ms
[188.178s][info][gc          ] Allocation Stall (Executor task launch worker for task 43.0 in stage 0.0 (TID 43)) 43.913ms
[188.178s][info][gc          ] Allocation Stall (Executor task launch worker for task 23.0 in stage 0.0 (TID 23)) 43.914ms
[188.178s][info][gc          ] Allocation Stall (Executor task launch worker for task 10.0 in stage 0.0 (TID 10)) 43.918ms
[188.178s][info][gc          ] Allocation Stall (Executor task launch worker for task 38.0 in stage 0.0 (TID 38)) 43.913ms
[188.178s][info][gc          ] Allocation Stall (Executor task launch worker for task 15.0 in stage 0.0 (TID 15)) 44.466ms
[188.178s][info][gc          ] Allocation Stall (Executor task launch worker for task 3.0 in stage 0.0 (TID 3)) 43.926ms
[188.178s][info][gc          ] Allocation Stall (Executor task launch worker for task 12.0 in stage 0.0 (TID 12)) 43.920ms
[188.178s][info][gc          ] Allocation Stall (Executor task launch worker for task 16.0 in stage 0.0 (TID 16)) 44.380ms
[188.178s][info][gc          ] Allocation Stall (Executor task launch worker for task 40.0 in stage 0.0 (TID 40)) 44.373ms
[188.179s][info][gc          ] Allocation Stall (Executor task launch worker for task 36.0 in stage 0.0 (TID 36)) 44.041ms
[188.179s][info][gc          ] Allocation Stall (Executor task launch worker for task 33.0 in stage 0.0 (TID 33)) 44.092ms
[188.179s][info][gc          ] Allocation Stall (Executor task launch worker for task 27.0 in stage 0.0 (TID 27)) 35.158ms
[188.179s][info][gc          ] Allocation Stall (Spark Context Cleaner) 22.511ms
[188.188s][info][gc,phases   ] GC(109) Pause Relocate Start 0.008ms
[188.189s][info][gc,phases   ] GC(109) Concurrent Relocate 0.952ms
[188.189s][info][gc,load     ] GC(109) Load: 0.00/0.00/0.00
[188.189s][info][gc,mmu      ] GC(109) MMU: 2ms/95.7%, 5ms/98.3%, 10ms/99.1%, 20ms/99.5%, 50ms/99.8%, 100ms/99.8%
[188.189s][info][gc,marking  ] GC(109) Mark: 4 stripe(s), 2 proactive flush(es), 1 terminate flush(es), 0 completion(s), 0 continuation(s) 
[188.189s][info][gc,marking  ] GC(109) Mark Stack Usage: 32M
[188.189s][info][gc,nmethod  ] GC(109) NMethods: 4650 registered, 252 unregistered
[188.189s][info][gc,metaspace] GC(109) Metaspace: 113M used, 116M committed, 1152M reserved
[188.189s][info][gc,ref      ] GC(109) Soft: 2808 encountered, 2230 discovered, 0 enqueued
[188.189s][info][gc,ref      ] GC(109) Weak: 13102 encountered, 4106 discovered, 2 enqueued
[188.189s][info][gc,ref      ] GC(109) Final: 40 encountered, 7 discovered, 0 enqueued
[188.189s][info][gc,ref      ] GC(109) Phantom: 750 encountered, 485 discovered, 0 enqueued
[188.189s][info][gc,reloc    ] GC(109) Small Pages: 96 / 192M, Empty: 82M, Relocated: 1M, In-Place: 0
[188.189s][info][gc,reloc    ] GC(109) Medium Pages: 1 / 16M, Empty: 0M, Relocated: 0M, In-Place: 0
[188.189s][info][gc,reloc    ] GC(109) Large Pages: 67 / 304M, Empty: 8M, Relocated: 0M, In-Place: 0
[188.189s][info][gc,reloc    ] GC(109) Forwarding Usage: 0M
[188.189s][info][gc,heap     ] GC(109) Min Capacity: 8M(2%)
[188.189s][info][gc,heap     ] GC(109) Max Capacity: 512M(100%)
[188.189s][info][gc,heap     ] GC(109) Soft Max Capacity: 512M(100%)
[188.189s][info][gc,heap     ] GC(109)                Mark Start          Mark End        Relocate Start      Relocate End           High               Low         
[188.189s][info][gc,heap     ] GC(109)  Capacity:      512M (100%)        512M (100%)        512M (100%)        512M (100%)        512M (100%)        512M (100%)   
[188.190s][info][gc,heap     ] GC(109)      Free:        0M (0%)            0M (0%)           76M (15%)         104M (20%)         104M (20%)           0M (0%)     
[188.190s][info][gc,heap     ] GC(109)      Used:      512M (100%)        512M (100%)        436M (85%)         408M (80%)         512M (100%)        408M (80%)    
[188.190s][info][gc,heap     ] GC(109)      Live:         -               358M (70%)         358M (70%)         358M (70%)            -                  -          
[188.190s][info][gc,heap     ] GC(109) Allocated:         -                 0M (0%)           14M (3%)           15M (3%)             -                  -          
[188.190s][info][gc,heap     ] GC(109)   Garbage:         -               153M (30%)          63M (12%)          33M (7%)             -                  -          
[188.190s][info][gc,heap     ] GC(109) Reclaimed:         -                  -                90M (18%)         119M (23%)            -                  -          
[188.190s][info][gc          ] GC(109) Garbage Collection (Allocation Stall) 512M(100%)->408M(80%)
[188.196s][info][gc          ] Allocation Stall (Executor task launch worker for task 46.0 in stage 0.0 (TID 46)) 0.199ms
[188.196s][info][gc,start    ] GC(110) Garbage Collection (Allocation Stall)
[188.196s][info][gc,ref      ] GC(110) Clearing All SoftReferences
[188.196s][info][gc,task     ] GC(110) Using 5 workers
[188.197s][info][gc,ref      ] GC(110) Clearing All SoftReferences
[188.197s][info][gc,phases   ] GC(110) Pause Mark Start 0.053ms
[188.235s][info][gc,phases   ] GC(110) Concurrent Mark 37.326ms
[188.235s][info][gc,phases   ] GC(110) Pause Mark End 0.012ms
[188.235s][info][gc,phases   ] GC(110) Concurrent Mark Free 0.001ms
[188.237s][info][gc,phases   ] GC(110) Concurrent Process Non-Strong References 2.448ms
[188.237s][info][gc,phases   ] GC(110) Concurrent Reset Relocation Set 0.005ms
[188.241s][info][gc          ] Allocation Stall (Executor task launch worker for task 7.0 in stage 0.0 (TID 7)) 43.549ms
[188.241s][info][gc          ] Allocation Stall (Executor task launch worker for task 39.0 in stage 0.0 (TID 39)) 43.630ms
[188.241s][info][gc          ] Allocation Stall (Executor task launch worker for task 34.0 in stage 0.0 (TID 34)) 43.620ms
[188.241s][info][gc          ] Allocation Stall (Executor task launch worker for task 35.0 in stage 0.0 (TID 35)) 44.744ms
[188.241s][info][gc          ] Allocation Stall (Executor task launch worker for task 3.0 in stage 0.0 (TID 3)) 44.555ms
[188.241s][info][gc          ] Allocation Stall (Executor task launch worker for task 32.0 in stage 0.0 (TID 32)) 44.380ms
[188.241s][info][gc          ] Allocation Stall (Executor task launch worker for task 5.0 in stage 0.0 (TID 5)) 44.395ms
[188.241s][info][gc          ] Allocation Stall (Executor task launch worker for task 46.0 in stage 0.0 (TID 46)) 43.568ms
[188.241s][info][gc          ] Allocation Stall (Executor task launch worker for task 18.0 in stage 0.0 (TID 18)) 43.660ms
[188.241s][info][gc          ] Allocation Stall (Executor task launch worker for task 16.0 in stage 0.0 (TID 16)) 43.599ms
[188.241s][info][gc          ] Allocation Stall (Executor task launch worker for task 38.0 in stage 0.0 (TID 38)) 44.749ms
[188.241s][info][gc          ] Allocation Stall (Executor task launch worker for task 36.0 in stage 0.0 (TID 36)) 43.657ms
[188.241s][info][gc          ] Allocation Stall (Executor task launch worker for task 8.0 in stage 0.0 (TID 8)) 44.732ms
[188.241s][info][gc          ] Allocation Stall (Executor task launch worker for task 17.0 in stage 0.0 (TID 17)) 43.610ms
[188.241s][info][gc          ] Allocation Stall (Executor task launch worker for task 30.0 in stage 0.0 (TID 30)) 44.401ms
[188.241s][info][gc          ] Allocation Stall (Executor task launch worker for task 22.0 in stage 0.0 (TID 22)) 44.712ms
[188.241s][info][gc          ] Allocation Stall (Executor task launch worker for task 24.0 in stage 0.0 (TID 24)) 44.672ms
[188.241s][info][gc          ] Allocation Stall (Executor task launch worker for task 44.0 in stage 0.0 (TID 44)) 44.671ms
[188.241s][info][gc          ] Allocation Stall (Executor task launch worker for task 47.0 in stage 0.0 (TID 47)) 44.651ms
[188.241s][info][gc          ] Allocation Stall (Executor task launch worker for task 2.0 in stage 0.0 (TID 2)) 44.643ms
[188.241s][info][gc          ] Allocation Stall (Executor task launch worker for task 11.0 in stage 0.0 (TID 11)) 44.633ms
[188.241s][info][gc          ] Allocation Stall (Executor task launch worker for task 43.0 in stage 0.0 (TID 43)) 44.501ms
[188.241s][info][gc          ] Allocation Stall (Executor task launch worker for task 26.0 in stage 0.0 (TID 26)) 44.439ms
[188.241s][info][gc          ] Allocation Stall (Executor task launch worker for task 15.0 in stage 0.0 (TID 15)) 44.905ms
[188.241s][info][gc          ] Allocation Stall (Executor task launch worker for task 42.0 in stage 0.0 (TID 42)) 44.855ms
[188.241s][info][gc          ] Allocation Stall (Executor task launch worker for task 27.0 in stage 0.0 (TID 27)) 43.769ms
[188.241s][info][gc          ] Allocation Stall (Executor task launch worker for task 45.0 in stage 0.0 (TID 45)) 44.426ms
[188.241s][info][gc          ] Allocation Stall (Executor task launch worker for task 25.0 in stage 0.0 (TID 25)) 43.773ms
[188.241s][info][gc          ] Allocation Stall (Executor task launch worker for task 1.0 in stage 0.0 (TID 1)) 43.766ms
[188.241s][info][gc          ] Allocation Stall (Executor task launch worker for task 29.0 in stage 0.0 (TID 29)) 43.758ms
[188.241s][info][gc          ] Allocation Stall (Executor task launch worker for task 23.0 in stage 0.0 (TID 23)) 43.780ms
[188.241s][info][gc          ] Allocation Stall (Executor task launch worker for task 28.0 in stage 0.0 (TID 28)) 44.840ms
[188.241s][info][gc          ] Allocation Stall (Executor task launch worker for task 37.0 in stage 0.0 (TID 37)) 43.784ms
[188.241s][info][gc          ] Allocation Stall (Executor task launch worker for task 20.0 in stage 0.0 (TID 20)) 44.803ms
[188.241s][info][gc          ] Allocation Stall (Executor task launch worker for task 21.0 in stage 0.0 (TID 21)) 43.759ms
[188.241s][info][gc          ] Allocation Stall (Executor task launch worker for task 41.0 in stage 0.0 (TID 41)) 44.780ms
[188.241s][info][gc          ] Allocation Stall (Executor task launch worker for task 13.0 in stage 0.0 (TID 13)) 43.730ms
[188.241s][info][gc          ] Allocation Stall (Executor task launch worker for task 6.0 in stage 0.0 (TID 6)) 44.776ms
[188.241s][info][gc          ] Allocation Stall (Executor task launch worker for task 33.0 in stage 0.0 (TID 33)) 43.757ms
[188.241s][info][gc          ] Allocation Stall (Executor task launch worker for task 19.0 in stage 0.0 (TID 19)) 44.769ms
[188.241s][info][gc          ] Allocation Stall (Executor task launch worker for task 10.0 in stage 0.0 (TID 10)) 43.764ms
[188.241s][info][gc          ] Allocation Stall (Executor task launch worker for task 0.0 in stage 0.0 (TID 0)) 43.730ms
[188.241s][info][gc          ] Allocation Stall (Executor task launch worker for task 31.0 in stage 0.0 (TID 31)) 43.767ms
[188.241s][info][gc,phases   ] GC(110) Concurrent Select Relocation Set 3.817ms
[188.241s][info][gc          ] Allocation Stall (Executor task launch worker for task 14.0 in stage 0.0 (TID 14)) 43.853ms
[188.241s][info][gc          ] Allocation Stall (Executor task launch worker for task 4.0 in stage 0.0 (TID 4)) 43.821ms
[188.241s][info][gc          ] Allocation Stall (Executor task launch worker for task 12.0 in stage 0.0 (TID 12)) 43.824ms
[188.241s][info][gc          ] Allocation Stall (Executor task launch worker for task 40.0 in stage 0.0 (TID 40)) 43.864ms
[188.241s][info][gc          ] Allocation Stall (Executor task launch worker for task 9.0 in stage 0.0 (TID 9)) 33.998ms
[188.244s][info][gc,phases   ] GC(110) Pause Relocate Start 0.006ms
[188.251s][info][gc,phases   ] GC(110) Concurrent Relocate 6.640ms
[188.251s][info][gc          ] Allocation Stall (Executor task launch worker for task 11.0 in stage 0.0 (TID 11)) 1.535ms
[188.251s][info][gc,load     ] GC(110) Load: 0.00/0.00/0.00
[188.251s][info][gc,mmu      ] GC(110) MMU: 2ms/95.7%, 5ms/98.3%, 10ms/99.1%, 20ms/99.5%, 50ms/99.8%, 100ms/99.8%
[188.251s][info][gc,marking  ] GC(110) Mark: 4 stripe(s), 2 proactive flush(es), 1 terminate flush(es), 0 completion(s), 0 continuation(s) 
[188.251s][info][gc,marking  ] GC(110) Mark Stack Usage: 32M
[188.251s][info][gc,nmethod  ] GC(110) NMethods: 4652 registered, 253 unregistered
[188.251s][info][gc,metaspace] GC(110) Metaspace: 113M used, 116M committed, 1152M reserved
[188.251s][info][gc,ref      ] GC(110) Soft: 2808 encountered, 2234 discovered, 0 enqueued
[188.251s][info][gc,ref      ] GC(110) Weak: 13101 encountered, 4196 discovered, 2 enqueued
[188.251s][info][gc,ref      ] GC(110) Final: 40 encountered, 0 discovered, 0 enqueued
[188.251s][info][gc,ref      ] GC(110) Phantom: 750 encountered, 554 discovered, 0 enqueued
[188.251s][info][gc,reloc    ] GC(110) Small Pages: 96 / 192M, Empty: 78M, Relocated: 3M, In-Place: 0
[188.252s][info][gc,reloc    ] GC(110) Medium Pages: 1 / 16M, Empty: 0M, Relocated: 0M, In-Place: 0
[188.252s][info][gc,reloc    ] GC(110) Large Pages: 66 / 304M, Empty: 4M, Relocated: 0M, In-Place: 0
[188.252s][info][gc,reloc    ] GC(110) Forwarding Usage: 0M
[188.252s][info][gc,heap     ] GC(110) Min Capacity: 8M(2%)
[188.252s][info][gc,heap     ] GC(110) Max Capacity: 512M(100%)
[188.252s][info][gc,heap     ] GC(110) Soft Max Capacity: 512M(100%)
[188.252s][info][gc,heap     ] GC(110)                Mark Start          Mark End        Relocate Start      Relocate End           High               Low         
[188.252s][info][gc,heap     ] GC(110)  Capacity:      512M (100%)        512M (100%)        512M (100%)        512M (100%)        512M (100%)        512M (100%)   
[188.252s][info][gc,heap     ] GC(110)      Free:        0M (0%)            0M (0%)           38M (7%)            0M (0%)           82M (16%)           0M (0%)     
[188.252s][info][gc,heap     ] GC(110)      Used:      512M (100%)        512M (100%)        474M (93%)         512M (100%)        512M (100%)        430M (84%)    
[188.252s][info][gc,heap     ] GC(110)      Live:         -               362M (71%)         362M (71%)         362M (71%)            -                  -          
[188.252s][info][gc,heap     ] GC(110) Allocated:         -                 0M (0%)           44M (9%)          116M (23%)            -                  -          
[188.252s][info][gc,heap     ] GC(110)   Garbage:         -               149M (29%)          67M (13%)          32M (6%)             -                  -          
[188.252s][info][gc,heap     ] GC(110) Reclaimed:         -                  -                82M (16%)         116M (23%)            -                  -          
[188.252s][info][gc          ] GC(110) Garbage Collection (Allocation Stall) 512M(100%)->512M(100%)
[188.252s][info][gc,start    ] GC(111) Garbage Collection (Allocation Stall)
[188.252s][info][gc,ref      ] GC(111) Clearing All SoftReferences
[188.252s][info][gc,task     ] GC(111) Using 5 workers
[188.252s][info][gc,ref      ] GC(111) Clearing All SoftReferences
[188.252s][info][gc,phases   ] GC(111) Pause Mark Start 0.042ms
[188.297s][info][gc,phases   ] GC(111) Concurrent Mark 44.830ms
[188.297s][info][gc,phases   ] GC(111) Pause Mark End 0.014ms
[188.297s][info][gc,phases   ] GC(111) Concurrent Mark Free 0.001ms
[188.300s][info][gc,phases   ] GC(111) Concurrent Process Non-Strong References 2.852ms
[188.300s][info][gc,phases   ] GC(111) Concurrent Reset Relocation Set 0.004ms
[188.303s][info][gc          ] Allocation Stall (Executor task launch worker for task 30.0 in stage 0.0 (TID 30)) 52.723ms
[188.303s][info][gc          ] Allocation Stall (Executor task launch worker for task 22.0 in stage 0.0 (TID 22)) 53.161ms
[188.303s][info][gc          ] Allocation Stall (Executor task launch worker for task 14.0 in stage 0.0 (TID 14)) 52.544ms
[188.303s][info][gc          ] Allocation Stall (Executor task launch worker for task 0.0 in stage 0.0 (TID 0)) 53.257ms
[188.303s][info][gc          ] Allocation Stall (Executor task launch worker for task 13.0 in stage 0.0 (TID 13)) 52.741ms
[188.303s][info][gc          ] Allocation Stall (Executor task launch worker for task 47.0 in stage 0.0 (TID 47)) 52.841ms
[188.303s][info][gc          ] Allocation Stall (Executor task launch worker for task 32.0 in stage 0.0 (TID 32)) 53.297ms
[188.303s][info][gc          ] Allocation Stall (Executor task launch worker for task 38.0 in stage 0.0 (TID 38)) 52.856ms
[188.303s][info][gc          ] Allocation Stall (Executor task launch worker for task 15.0 in stage 0.0 (TID 15)) 52.698ms
[188.303s][info][gc          ] Allocation Stall (Executor task launch worker for task 37.0 in stage 0.0 (TID 37)) 53.180ms
[188.303s][info][gc          ] Allocation Stall (Executor task launch worker for task 3.0 in stage 0.0 (TID 3)) 52.631ms
[188.303s][info][gc          ] Allocation Stall (Executor task launch worker for task 43.0 in stage 0.0 (TID 43)) 52.815ms
[188.303s][info][gc          ] Allocation Stall (Executor task launch worker for task 41.0 in stage 0.0 (TID 41)) 52.701ms
[188.303s][info][gc          ] Allocation Stall (Executor task launch worker for task 23.0 in stage 0.0 (TID 23)) 53.329ms
[188.303s][info][gc          ] Allocation Stall (Executor task launch worker for task 42.0 in stage 0.0 (TID 42)) 52.975ms
[188.303s][info][gc          ] Allocation Stall (Executor task launch worker for task 7.0 in stage 0.0 (TID 7)) 53.023ms
[188.303s][info][gc          ] Allocation Stall (Executor task launch worker for task 5.0 in stage 0.0 (TID 5)) 53.282ms
[188.303s][info][gc          ] Allocation Stall (Executor task launch worker for task 10.0 in stage 0.0 (TID 10)) 52.923ms
[188.303s][info][gc          ] Allocation Stall (Executor task launch worker for task 31.0 in stage 0.0 (TID 31)) 52.743ms
[188.303s][info][gc          ] Allocation Stall (Executor task launch worker for task 25.0 in stage 0.0 (TID 25)) 53.200ms
[188.303s][info][gc          ] Allocation Stall (Executor task launch worker for task 4.0 in stage 0.0 (TID 4)) 53.288ms
[188.303s][info][gc          ] Allocation Stall (Executor task launch worker for task 34.0 in stage 0.0 (TID 34)) 53.192ms
[188.303s][info][gc          ] Allocation Stall (Executor task launch worker for task 18.0 in stage 0.0 (TID 18)) 52.986ms
[188.303s][info][gc          ] Allocation Stall (Executor task launch worker for task 24.0 in stage 0.0 (TID 24)) 52.875ms
[188.303s][info][gc          ] Allocation Stall (Executor task launch worker for task 36.0 in stage 0.0 (TID 36)) 53.009ms
[188.303s][info][gc          ] Allocation Stall (Executor task launch worker for task 39.0 in stage 0.0 (TID 39)) 52.974ms
[188.303s][info][gc          ] Allocation Stall (Executor task launch worker for task 2.0 in stage 0.0 (TID 2)) 53.406ms
[188.303s][info][gc          ] Allocation Stall (Executor task launch worker for task 21.0 in stage 0.0 (TID 21)) 53.386ms
[188.303s][info][gc          ] Allocation Stall (Executor task launch worker for task 12.0 in stage 0.0 (TID 12)) 52.546ms
[188.303s][info][gc          ] Allocation Stall (Executor task launch worker for task 16.0 in stage 0.0 (TID 16)) 53.214ms
[188.303s][info][gc          ] Allocation Stall (Executor task launch worker for task 33.0 in stage 0.0 (TID 33)) 53.454ms
[188.303s][info][gc          ] Allocation Stall (Executor task launch worker for task 29.0 in stage 0.0 (TID 29)) 52.972ms
[188.303s][info][gc          ] Allocation Stall (Executor task launch worker for task 44.0 in stage 0.0 (TID 44)) 53.392ms
[188.303s][info][gc          ] Allocation Stall (Executor task launch worker for task 19.0 in stage 0.0 (TID 19)) 52.935ms
[188.303s][info][gc          ] Allocation Stall (Executor task launch worker for task 40.0 in stage 0.0 (TID 40)) 52.758ms
[188.303s][info][gc          ] Allocation Stall (Executor task launch worker for task 26.0 in stage 0.0 (TID 26)) 53.125ms
[188.303s][info][gc          ] Allocation Stall (Executor task launch worker for task 45.0 in stage 0.0 (TID 45)) 53.495ms
[188.303s][info][gc          ] Allocation Stall (Executor task launch worker for task 9.0 in stage 0.0 (TID 9)) 53.340ms
[188.303s][info][gc          ] Allocation Stall (Executor task launch worker for task 17.0 in stage 0.0 (TID 17)) 53.307ms
[188.303s][info][gc          ] Allocation Stall (Executor task launch worker for task 8.0 in stage 0.0 (TID 8)) 53.341ms
[188.303s][info][gc          ] Allocation Stall (Executor task launch worker for task 46.0 in stage 0.0 (TID 46)) 52.073ms
[188.303s][info][gc          ] Allocation Stall (Executor task launch worker for task 28.0 in stage 0.0 (TID 28)) 52.063ms
[188.303s][info][gc          ] Allocation Stall (Executor task launch worker for task 20.0 in stage 0.0 (TID 20)) 52.117ms
[188.303s][info][gc          ] Allocation Stall (Executor task launch worker for task 35.0 in stage 0.0 (TID 35)) 52.090ms
[188.303s][info][gc          ] Allocation Stall (Executor task launch worker for task 11.0 in stage 0.0 (TID 11)) 51.610ms
[188.303s][info][gc          ] Allocation Stall (Executor task launch worker for task 1.0 in stage 0.0 (TID 1)) 51.668ms
[188.304s][info][gc          ] Allocation Stall (Executor task launch worker for task 6.0 in stage 0.0 (TID 6)) 51.523ms
[188.304s][info][gc,phases   ] GC(111) Concurrent Select Relocation Set 3.504ms
[188.304s][info][gc          ] Allocation Stall (Executor task launch worker for task 27.0 in stage 0.0 (TID 27)) 51.374ms
[188.304s][info][gc          ] Allocation Stall (RemoteBlock-temp-file-clean-thread) 22.318ms
[188.304s][info][gc          ] Allocation Stall (Spark Context Cleaner) 6.772ms
[188.304s][info][gc          ] Allocation Stall (Executor task launch worker for task 14.0 in stage 0.0 (TID 14)) 0.091ms
[188.304s][info][gc          ] Allocation Stall (Executor task launch worker for task 15.0 in stage 0.0 (TID 15)) 0.119ms
[188.304s][info][gc          ] Allocation Stall (Executor task launch worker for task 22.0 in stage 0.0 (TID 22)) 0.254ms
[188.304s][info][gc          ] Allocation Stall (Executor task launch worker for task 32.0 in stage 0.0 (TID 32)) 0.285ms
[188.307s][info][gc,phases   ] GC(111) Pause Relocate Start 0.006ms
[188.314s][info][gc,phases   ] GC(111) Concurrent Relocate 6.895ms
[188.314s][info][gc,load     ] GC(111) Load: 0.00/0.00/0.00
[188.314s][info][gc,mmu      ] GC(111) MMU: 2ms/95.7%, 5ms/98.3%, 10ms/99.1%, 20ms/99.5%, 50ms/99.8%, 100ms/99.8%
[188.314s][info][gc,marking  ] GC(111) Mark: 4 stripe(s), 2 proactive flush(es), 1 terminate flush(es), 0 completion(s), 0 continuation(s) 
[188.314s][info][gc,marking  ] GC(111) Mark Stack Usage: 32M
[188.314s][info][gc,nmethod  ] GC(111) NMethods: 4652 registered, 253 unregistered
[188.314s][info][gc,metaspace] GC(111) Metaspace: 113M used, 116M committed, 1152M reserved
[188.314s][info][gc,ref      ] GC(111) Soft: 2808 encountered, 2278 discovered, 0 enqueued
[188.314s][info][gc,ref      ] GC(111) Weak: 13104 encountered, 5691 discovered, 3 enqueued
[188.314s][info][gc,ref      ] GC(111) Final: 40 encountered, 0 discovered, 0 enqueued
[188.314s][info][gc,ref      ] GC(111) Phantom: 750 encountered, 516 discovered, 0 enqueued
[188.315s][info][gc,reloc    ] GC(111) Small Pages: 98 / 196M, Empty: 82M, Relocated: 5M, In-Place: 0
[188.315s][info][gc,reloc    ] GC(111) Medium Pages: 1 / 16M, Empty: 0M, Relocated: 0M, In-Place: 0
[188.315s][info][gc,reloc    ] GC(111) Large Pages: 65 / 300M, Empty: 4M, Relocated: 0M, In-Place: 0
[188.315s][info][gc,reloc    ] GC(111) Forwarding Usage: 0M
[188.315s][info][gc,heap     ] GC(111) Min Capacity: 8M(2%)
[188.315s][info][gc,heap     ] GC(111) Max Capacity: 512M(100%)
[188.315s][info][gc,heap     ] GC(111) Soft Max Capacity: 512M(100%)
[188.315s][info][gc,heap     ] GC(111)                Mark Start          Mark End        Relocate Start      Relocate End           High               Low         
[188.315s][info][gc,heap     ] GC(111)  Capacity:      512M (100%)        512M (100%)        512M (100%)        512M (100%)        512M (100%)        512M (100%)   
[188.315s][info][gc,heap     ] GC(111)      Free:        0M (0%)            0M (0%)           54M (11%)           2M (0%)           86M (17%)           0M (0%)     
[188.315s][info][gc,heap     ] GC(111)      Used:      512M (100%)        512M (100%)        458M (89%)         510M (100%)        512M (100%)        426M (83%)    
[188.315s][info][gc,heap     ] GC(111)      Live:         -               359M (70%)         359M (70%)         359M (70%)            -                  -          
[188.315s][info][gc,heap     ] GC(111) Allocated:         -                 0M (0%)           32M (6%)          119M (23%)            -                  -          
[188.315s][info][gc,heap     ] GC(111)   Garbage:         -               152M (30%)          66M (13%)          30M (6%)             -                  -          
[188.315s][info][gc,heap     ] GC(111) Reclaimed:         -                  -                86M (17%)         121M (24%)            -                  -          
[188.315s][info][gc          ] GC(111) Garbage Collection (Allocation Stall) 512M(100%)->510M(100%)
[188.315s][info][gc,start    ] GC(112) Garbage Collection (Allocation Stall)
[188.315s][info][gc,ref      ] GC(112) Clearing All SoftReferences
[188.315s][info][gc,task     ] GC(112) Using 5 workers
[188.315s][info][gc,ref      ] GC(112) Clearing All SoftReferences
[188.315s][info][gc,phases   ] GC(112) Pause Mark Start 0.047ms
[188.350s][info][gc,phases   ] GC(112) Concurrent Mark 34.767ms
[188.350s][info][gc,phases   ] GC(112) Pause Mark End 0.014ms
[188.350s][info][gc,phases   ] GC(112) Concurrent Mark Free 0.001ms
[188.353s][info][gc,phases   ] GC(112) Concurrent Process Non-Strong References 2.502ms
[188.353s][info][gc,phases   ] GC(112) Concurrent Reset Relocation Set 0.006ms
[188.357s][info][gc          ] Allocation Stall (Executor task launch worker for task 8.0 in stage 0.0 (TID 8)) 43.508ms
[188.357s][info][gc          ] Allocation Stall (Executor task launch worker for task 10.0 in stage 0.0 (TID 10)) 43.357ms
[188.357s][info][gc          ] Allocation Stall (Executor task launch worker for task 44.0 in stage 0.0 (TID 44)) 43.394ms
[188.357s][info][gc          ] Allocation Stall (Executor task launch worker for task 32.0 in stage 0.0 (TID 32)) 43.803ms
[188.357s][info][gc          ] Allocation Stall (Executor task launch worker for task 28.0 in stage 0.0 (TID 28)) 43.364ms
[188.357s][info][gc          ] Allocation Stall (Executor task launch worker for task 4.0 in stage 0.0 (TID 4)) 43.388ms
[188.357s][info][gc          ] Allocation Stall (Executor task launch worker for task 0.0 in stage 0.0 (TID 0)) 43.372ms
[188.357s][info][gc          ] Allocation Stall (Executor task launch worker for task 33.0 in stage 0.0 (TID 33)) 43.775ms
[188.357s][info][gc          ] Allocation Stall (Executor task launch worker for task 47.0 in stage 0.0 (TID 47)) 44.289ms
[188.357s][info][gc          ] Allocation Stall (Executor task launch worker for task 2.0 in stage 0.0 (TID 2)) 43.810ms
[188.357s][info][gc          ] Allocation Stall (Executor task launch worker for task 35.0 in stage 0.0 (TID 35)) 43.802ms
[188.357s][info][gc          ] Allocation Stall (Executor task launch worker for task 11.0 in stage 0.0 (TID 11)) 43.563ms
[188.357s][info][gc          ] Allocation Stall (Executor task launch worker for task 41.0 in stage 0.0 (TID 41)) 43.459ms
[188.357s][info][gc          ] Allocation Stall (Executor task launch worker for task 6.0 in stage 0.0 (TID 6)) 43.379ms
[188.357s][info][gc          ] Allocation Stall (Executor task launch worker for task 39.0 in stage 0.0 (TID 39)) 43.425ms
[188.357s][info][gc          ] Allocation Stall (Executor task launch worker for task 42.0 in stage 0.0 (TID 42)) 43.561ms
[188.357s][info][gc          ] Allocation Stall (Executor task launch worker for task 18.0 in stage 0.0 (TID 18)) 43.396ms
[188.357s][info][gc          ] Allocation Stall (Executor task launch worker for task 40.0 in stage 0.0 (TID 40)) 43.419ms
[188.357s][info][gc          ] Allocation Stall (Executor task launch worker for task 24.0 in stage 0.0 (TID 24)) 43.555ms
[188.357s][info][gc          ] Allocation Stall (Executor task launch worker for task 30.0 in stage 0.0 (TID 30)) 43.434ms
[188.357s][info][gc          ] Allocation Stall (Executor task launch worker for task 1.0 in stage 0.0 (TID 1)) 43.479ms
[188.357s][info][gc,phases   ] GC(112) Concurrent Select Relocation Set 3.637ms
[188.357s][info][gc          ] Allocation Stall (Executor task launch worker for task 26.0 in stage 0.0 (TID 26)) 43.552ms
[188.357s][info][gc          ] Allocation Stall (Executor task launch worker for task 37.0 in stage 0.0 (TID 37)) 43.566ms
[188.357s][info][gc          ] Allocation Stall (Executor task launch worker for task 12.0 in stage 0.0 (TID 12)) 43.619ms
[188.357s][info][gc          ] Allocation Stall (Executor task launch worker for task 21.0 in stage 0.0 (TID 21)) 43.661ms
[188.357s][info][gc          ] Allocation Stall (Executor task launch worker for task 38.0 in stage 0.0 (TID 38)) 43.755ms
[188.357s][info][gc          ] Allocation Stall (Executor task launch worker for task 46.0 in stage 0.0 (TID 46)) 43.870ms
[188.357s][info][gc          ] Allocation Stall (Executor task launch worker for task 16.0 in stage 0.0 (TID 16)) 43.931ms
[188.357s][info][gc          ] Allocation Stall (Executor task launch worker for task 9.0 in stage 0.0 (TID 9)) 43.939ms
[188.357s][info][gc          ] Allocation Stall (Executor task launch worker for task 45.0 in stage 0.0 (TID 45)) 44.120ms
[188.357s][info][gc          ] Allocation Stall (Executor task launch worker for task 34.0 in stage 0.0 (TID 34)) 44.218ms
[188.358s][info][gc          ] Allocation Stall (Executor task launch worker for task 36.0 in stage 0.0 (TID 36)) 44.214ms
[188.358s][info][gc          ] Allocation Stall (Executor task launch worker for task 13.0 in stage 0.0 (TID 13)) 44.324ms
[188.358s][info][gc,phases   ] GC(112) Pause Relocate Start 0.008ms
[188.358s][info][gc          ] Allocation Stall (Executor task launch worker for task 7.0 in stage 0.0 (TID 7)) 44.879ms
[188.358s][info][gc          ] Allocation Stall (Executor task launch worker for task 22.0 in stage 0.0 (TID 22)) 44.883ms
[188.358s][info][gc          ] Allocation Stall (Executor task launch worker for task 27.0 in stage 0.0 (TID 27)) 44.926ms
[188.358s][info][gc          ] Allocation Stall (Executor task launch worker for task 23.0 in stage 0.0 (TID 23)) 43.239ms
[188.358s][info][gc          ] Allocation Stall (Executor task launch worker for task 43.0 in stage 0.0 (TID 43)) 44.938ms
[188.358s][info][gc          ] Allocation Stall (Executor task launch worker for task 14.0 in stage 0.0 (TID 14)) 44.884ms
[188.358s][info][gc          ] Allocation Stall (Executor task launch worker for task 3.0 in stage 0.0 (TID 3)) 42.791ms
[188.358s][info][gc          ] Allocation Stall (Executor task launch worker for task 31.0 in stage 0.0 (TID 31)) 42.797ms
[188.358s][info][gc          ] Allocation Stall (Executor task launch worker for task 25.0 in stage 0.0 (TID 25)) 35.128ms
[188.358s][info][gc          ] Allocation Stall (Executor task launch worker for task 5.0 in stage 0.0 (TID 5)) 32.948ms
[188.358s][info][gc          ] Allocation Stall (Executor task launch worker for task 32.0 in stage 0.0 (TID 32)) 1.366ms
[188.358s][info][gc          ] Allocation Stall (Executor task launch worker for task 10.0 in stage 0.0 (TID 10)) 1.150ms
[188.358s][info][gc          ] Allocation Stall (Executor task launch worker for task 41.0 in stage 0.0 (TID 41)) 0.861ms
[188.358s][info][gc          ] Allocation Stall (Executor task launch worker for task 11.0 in stage 0.0 (TID 11)) 0.156ms
[188.358s][info][gc          ] Allocation Stall (Executor task launch worker for task 19.0 in stage 0.0 (TID 19)) 43.315ms
[188.358s][info][gc          ] Allocation Stall (Executor task launch worker for task 17.0 in stage 0.0 (TID 17)) 45.099ms
[188.358s][info][gc          ] Allocation Stall (Executor task launch worker for task 20.0 in stage 0.0 (TID 20)) 45.137ms
[188.358s][info][gc          ] Allocation Stall (Executor task launch worker for task 8.0 in stage 0.0 (TID 8)) 1.040ms
[188.359s][info][gc          ] Allocation Stall (Executor task launch worker for task 29.0 in stage 0.0 (TID 29)) 43.523ms
[188.359s][info][gc          ] Allocation Stall (Executor task launch worker for task 15.0 in stage 0.0 (TID 15)) 42.861ms
[188.359s][info][gc          ] Allocation Stall (Executor task launch worker for task 0.0 in stage 0.0 (TID 0)) 1.509ms
[188.359s][info][gc          ] Relocation Stall (Executor task launch worker for task 4.0 in stage 0.0 (TID 4)) 1.158ms
[188.363s][info][gc          ] Allocation Stall (Executor task launch worker for task 25.0 in stage 0.0 (TID 25)) 0.012ms
[188.365s][info][gc          ] Allocation Stall (Executor task launch worker for task 43.0 in stage 0.0 (TID 43)) 1.770ms
[188.365s][info][gc,phases   ] GC(112) Concurrent Relocate 6.799ms
[188.365s][info][gc,load     ] GC(112) Load: 0.00/0.00/0.00
[188.365s][info][gc,mmu      ] GC(112) MMU: 2ms/95.7%, 5ms/98.3%, 10ms/99.1%, 20ms/99.5%, 50ms/99.8%, 100ms/99.8%
[188.365s][info][gc,marking  ] GC(112) Mark: 4 stripe(s), 2 proactive flush(es), 1 terminate flush(es), 0 completion(s), 0 continuation(s) 
[188.365s][info][gc,marking  ] GC(112) Mark Stack Usage: 32M
[188.365s][info][gc,nmethod  ] GC(112) NMethods: 4653 registered, 253 unregistered
[188.365s][info][gc,metaspace] GC(112) Metaspace: 113M used, 116M committed, 1152M reserved
[188.365s][info][gc,ref      ] GC(112) Soft: 2808 encountered, 252 discovered, 0 enqueued
[188.365s][info][gc,ref      ] GC(112) Weak: 13104 encountered, 5663 discovered, 3 enqueued
[188.365s][info][gc,ref      ] GC(112) Final: 40 encountered, 6 discovered, 0 enqueued
[188.365s][info][gc,ref      ] GC(112) Phantom: 750 encountered, 478 discovered, 0 enqueued
[188.366s][info][gc,reloc    ] GC(112) Small Pages: 92 / 184M, Empty: 52M, Relocated: 4M, In-Place: 5
[188.366s][info][gc,reloc    ] GC(112) Medium Pages: 1 / 16M, Empty: 0M, Relocated: 0M, In-Place: 0
[188.366s][info][gc,reloc    ] GC(112) Large Pages: 66 / 312M, Empty: 0M, Relocated: 0M, In-Place: 0
[188.366s][info][gc,reloc    ] GC(112) Forwarding Usage: 0M
[188.366s][info][gc,heap     ] GC(112) Min Capacity: 8M(2%)
[188.366s][info][gc,heap     ] GC(112) Max Capacity: 512M(100%)
[188.366s][info][gc,heap     ] GC(112) Soft Max Capacity: 512M(100%)
[188.366s][info][gc,heap     ] GC(112)                Mark Start          Mark End        Relocate Start      Relocate End           High               Low         
[188.366s][info][gc,heap     ] GC(112)  Capacity:      512M (100%)        512M (100%)        512M (100%)        512M (100%)        512M (100%)        512M (100%)   
[188.366s][info][gc,heap     ] GC(112)      Free:        0M (0%)            0M (0%)            0M (0%)            0M (0%)           52M (10%)           0M (0%)     
[188.366s][info][gc,heap     ] GC(112)      Used:      512M (100%)        512M (100%)        512M (100%)        512M (100%)        512M (100%)        460M (90%)    
[188.366s][info][gc,heap     ] GC(112)      Live:         -               376M (74%)         376M (74%)         376M (74%)            -                  -          
[188.366s][info][gc,heap     ] GC(112) Allocated:         -                 0M (0%)           52M (10%)         104M (20%)            -                  -          
[188.366s][info][gc,heap     ] GC(112)   Garbage:         -               135M (26%)          83M (16%)          30M (6%)             -                  -          
[188.366s][info][gc,heap     ] GC(112) Reclaimed:         -                  -                52M (10%)         104M (20%)            -                  -          
[188.366s][info][gc          ] GC(112) Garbage Collection (Allocation Stall) 512M(100%)->512M(100%)
[188.366s][info][gc,start    ] GC(113) Garbage Collection (Allocation Stall)
[188.366s][info][gc,ref      ] GC(113) Clearing All SoftReferences
[188.366s][info][gc,task     ] GC(113) Using 5 workers
[188.366s][info][gc,ref      ] GC(113) Clearing All SoftReferences
[188.366s][info][gc,phases   ] GC(113) Pause Mark Start 0.035ms
[188.406s][info][gc,phases   ] GC(113) Concurrent Mark 39.313ms
[188.406s][info][gc,phases   ] GC(113) Pause Mark End 0.013ms
[188.406s][info][gc,phases   ] GC(113) Concurrent Mark Free 0.001ms
[188.408s][info][gc,phases   ] GC(113) Concurrent Process Non-Strong References 2.320ms
[188.408s][info][gc,phases   ] GC(113) Concurrent Reset Relocation Set 0.007ms
[188.412s][info][gc          ] Allocation Stall (Executor task launch worker for task 19.0 in stage 0.0 (TID 19)) 48.269ms
[188.412s][info][gc          ] Allocation Stall (Executor task launch worker for task 2.0 in stage 0.0 (TID 2)) 48.362ms
[188.412s][info][gc          ] Allocation Stall (Executor task launch worker for task 34.0 in stage 0.0 (TID 34)) 48.270ms
[188.412s][info][gc          ] Allocation Stall (Executor task launch worker for task 37.0 in stage 0.0 (TID 37)) 48.639ms
[188.412s][info][gc          ] Allocation Stall (Executor task launch worker for task 47.0 in stage 0.0 (TID 47)) 48.595ms
[188.412s][info][gc          ] Allocation Stall (Executor task launch worker for task 31.0 in stage 0.0 (TID 31)) 48.255ms
[188.412s][info][gc          ] Allocation Stall (Executor task launch worker for task 29.0 in stage 0.0 (TID 29)) 48.576ms
[188.412s][info][gc          ] Allocation Stall (Executor task launch worker for task 46.0 in stage 0.0 (TID 46)) 48.583ms
[188.412s][info][gc          ] Allocation Stall (Executor task launch worker for task 13.0 in stage 0.0 (TID 13)) 48.430ms
[188.412s][info][gc          ] Allocation Stall (Executor task launch worker for task 21.0 in stage 0.0 (TID 21)) 48.582ms
[188.412s][info][gc          ] Allocation Stall (Executor task launch worker for task 1.0 in stage 0.0 (TID 1)) 48.431ms
[188.412s][info][gc          ] Allocation Stall (Executor task launch worker for task 7.0 in stage 0.0 (TID 7)) 48.738ms
[188.412s][info][gc          ] Allocation Stall (Executor task launch worker for task 10.0 in stage 0.0 (TID 10)) 48.441ms
[188.412s][info][gc          ] Allocation Stall (Executor task launch worker for task 45.0 in stage 0.0 (TID 45)) 48.709ms
[188.412s][info][gc          ] Allocation Stall (Executor task launch worker for task 5.0 in stage 0.0 (TID 5)) 48.750ms
[188.412s][info][gc          ] Allocation Stall (Executor task launch worker for task 8.0 in stage 0.0 (TID 8)) 48.703ms
[188.412s][info][gc          ] Allocation Stall (Executor task launch worker for task 11.0 in stage 0.0 (TID 11)) 48.632ms
[188.412s][info][gc          ] Allocation Stall (Executor task launch worker for task 32.0 in stage 0.0 (TID 32)) 48.530ms
[188.412s][info][gc          ] Allocation Stall (Executor task launch worker for task 16.0 in stage 0.0 (TID 16)) 48.616ms
[188.412s][info][gc          ] Allocation Stall (Executor task launch worker for task 26.0 in stage 0.0 (TID 26)) 48.489ms
[188.412s][info][gc          ] Allocation Stall (Executor task launch worker for task 41.0 in stage 0.0 (TID 41)) 48.545ms
[188.412s][info][gc          ] Allocation Stall (Executor task launch worker for task 3.0 in stage 0.0 (TID 3)) 48.509ms
[188.412s][info][gc          ] Allocation Stall (Executor task launch worker for task 39.0 in stage 0.0 (TID 39)) 48.578ms
[188.412s][info][gc          ] Allocation Stall (Executor task launch worker for task 9.0 in stage 0.0 (TID 9)) 48.657ms
[188.412s][info][gc          ] Allocation Stall (Executor task launch worker for task 27.0 in stage 0.0 (TID 27)) 48.716ms
[188.412s][info][gc          ] Allocation Stall (Executor task launch worker for task 36.0 in stage 0.0 (TID 36)) 48.493ms
[188.412s][info][gc          ] Allocation Stall (Executor task launch worker for task 22.0 in stage 0.0 (TID 22)) 48.670ms
[188.412s][info][gc          ] Allocation Stall (Executor task launch worker for task 14.0 in stage 0.0 (TID 14)) 48.682ms
[188.413s][info][gc          ] Allocation Stall (Executor task launch worker for task 35.0 in stage 0.0 (TID 35)) 48.727ms
[188.413s][info][gc          ] Allocation Stall (Executor task launch worker for task 12.0 in stage 0.0 (TID 12)) 48.747ms
[188.413s][info][gc          ] Allocation Stall (Executor task launch worker for task 25.0 in stage 0.0 (TID 25)) 48.787ms
[188.413s][info][gc          ] Allocation Stall (Executor task launch worker for task 0.0 in stage 0.0 (TID 0)) 48.806ms
[188.413s][info][gc          ] Allocation Stall (Executor task launch worker for task 33.0 in stage 0.0 (TID 33)) 48.894ms
[188.413s][info][gc          ] Allocation Stall (Executor task launch worker for task 24.0 in stage 0.0 (TID 24)) 48.969ms
[188.413s][info][gc          ] Allocation Stall (Executor task launch worker for task 18.0 in stage 0.0 (TID 18)) 49.064ms
[188.413s][info][gc          ] Allocation Stall (Executor task launch worker for task 28.0 in stage 0.0 (TID 28)) 49.169ms
[188.413s][info][gc          ] Allocation Stall (Executor task launch worker for task 38.0 in stage 0.0 (TID 38)) 49.196ms
[188.413s][info][gc          ] Allocation Stall (Executor task launch worker for task 20.0 in stage 0.0 (TID 20)) 49.215ms
[188.413s][info][gc,phases   ] GC(113) Concurrent Select Relocation Set 4.772ms
[188.413s][info][gc          ] Allocation Stall (Executor task launch worker for task 23.0 in stage 0.0 (TID 23)) 49.290ms
[188.413s][info][gc          ] Allocation Stall (Executor task launch worker for task 40.0 in stage 0.0 (TID 40)) 49.341ms
[188.413s][info][gc          ] Allocation Stall (Executor task launch worker for task 42.0 in stage 0.0 (TID 42)) 49.375ms
[188.414s][info][gc          ] Allocation Stall (Executor task launch worker for task 17.0 in stage 0.0 (TID 17)) 49.390ms
[188.414s][info][gc          ] Allocation Stall (Executor task launch worker for task 44.0 in stage 0.0 (TID 44)) 49.435ms
[188.414s][info][gc          ] Allocation Stall (Executor task launch worker for task 15.0 in stage 0.0 (TID 15)) 49.518ms
[188.414s][info][gc          ] Allocation Stall (Executor task launch worker for task 30.0 in stage 0.0 (TID 30)) 49.529ms
[188.414s][info][gc          ] Allocation Stall (Executor task launch worker for task 6.0 in stage 0.0 (TID 6)) 49.638ms
[188.414s][info][gc          ] Allocation Stall (Executor task launch worker for task 4.0 in stage 0.0 (TID 4)) 49.495ms
[188.414s][info][gc          ] Allocation Stall (Executor task launch worker for task 43.0 in stage 0.0 (TID 43)) 47.435ms
[188.414s][info][gc          ] Allocation Stall (Executor task launch worker for task 2.0 in stage 0.0 (TID 2)) 1.031ms
[188.414s][info][gc          ] Allocation Stall (Executor task launch worker for task 47.0 in stage 0.0 (TID 47)) 0.902ms
[188.414s][info][gc          ] Allocation Stall (Executor task launch worker for task 10.0 in stage 0.0 (TID 10)) 0.918ms
[188.414s][info][gc          ] Allocation Stall (Executor task launch worker for task 37.0 in stage 0.0 (TID 37)) 0.974ms
[188.415s][info][gc,phases   ] GC(113) Pause Relocate Start 0.006ms
[188.415s][info][gc          ] Allocation Stall (Executor task launch worker for task 7.0 in stage 0.0 (TID 7)) 1.537ms
[188.415s][info][gc          ] Allocation Stall (Executor task launch worker for task 26.0 in stage 0.0 (TID 26)) 1.393ms
[188.415s][info][gc          ] Allocation Stall (Executor task launch worker for task 21.0 in stage 0.0 (TID 21)) 1.374ms
[188.415s][info][gc          ] Allocation Stall (Executor task launch worker for task 1.0 in stage 0.0 (TID 1)) 1.412ms
[188.415s][info][gc          ] Allocation Stall (Executor task launch worker for task 34.0 in stage 0.0 (TID 34)) 1.533ms
[188.415s][info][gc          ] Allocation Stall (Executor task launch worker for task 45.0 in stage 0.0 (TID 45)) 1.444ms
[188.415s][info][gc          ] Allocation Stall (Executor task launch worker for task 11.0 in stage 0.0 (TID 11)) 1.457ms
[188.415s][info][gc          ] Allocation Stall (Executor task launch worker for task 5.0 in stage 0.0 (TID 5)) 1.417ms
[188.415s][info][gc          ] Allocation Stall (Executor task launch worker for task 35.0 in stage 0.0 (TID 35)) 1.232ms
[188.415s][info][gc          ] Allocation Stall (Executor task launch worker for task 36.0 in stage 0.0 (TID 36)) 1.266ms
[188.415s][info][gc          ] Allocation Stall (Executor task launch worker for task 39.0 in stage 0.0 (TID 39)) 1.449ms
[188.416s][info][gc          ] Relocation Stall (Executor task launch worker for task 8.0 in stage 0.0 (TID 8)) 1.057ms
[188.416s][info][gc          ] Relocation Stall (Executor task launch worker for task 14.0 in stage 0.0 (TID 14)) 1.089ms
[188.419s][info][gc          ] Allocation Stall (Executor task launch worker for task 2.0 in stage 0.0 (TID 2)) 0.220ms
[188.419s][info][gc          ] Allocation Stall (Executor task launch worker for task 37.0 in stage 0.0 (TID 37)) 0.737ms
[188.420s][info][gc          ] Allocation Stall (Executor task launch worker for task 47.0 in stage 0.0 (TID 47)) 1.446ms
[188.420s][info][gc          ] Allocation Stall (Executor task launch worker for task 19.0 in stage 0.0 (TID 19)) 1.614ms
[188.420s][info][gc          ] Allocation Stall (Executor task launch worker for task 23.0 in stage 0.0 (TID 23)) 1.686ms
[188.420s][info][gc          ] Allocation Stall (Executor task launch worker for task 42.0 in stage 0.0 (TID 42)) 1.719ms
[188.421s][info][gc          ] Relocation Stall (Executor task launch worker for task 39.0 in stage 0.0 (TID 39)) 1.746ms
[188.423s][info][gc          ] Allocation Stall (Executor task launch worker for task 6.0 in stage 0.0 (TID 6)) 4.191ms
[188.423s][info][gc          ] Allocation Stall (Executor task launch worker for task 43.0 in stage 0.0 (TID 43)) 4.182ms
[188.423s][info][gc          ] Allocation Stall (Executor task launch worker for task 30.0 in stage 0.0 (TID 30)) 4.171ms
[188.423s][info][gc          ] Allocation Stall (Executor task launch worker for task 45.0 in stage 0.0 (TID 45)) 4.230ms
[188.423s][info][gc          ] Allocation Stall (Executor task launch worker for task 5.0 in stage 0.0 (TID 5)) 4.261ms
[188.423s][info][gc          ] Allocation Stall (Executor task launch worker for task 21.0 in stage 0.0 (TID 21)) 4.293ms
[188.423s][info][gc          ] Allocation Stall (Executor task launch worker for task 34.0 in stage 0.0 (TID 34)) 4.441ms
[188.423s][info][gc          ] Allocation Stall (Executor task launch worker for task 1.0 in stage 0.0 (TID 1)) 4.303ms
[188.424s][info][gc          ] Allocation Stall (Executor task launch worker for task 14.0 in stage 0.0 (TID 14)) 5.149ms
[188.424s][info][gc          ] Allocation Stall (Executor task launch worker for task 16.0 in stage 0.0 (TID 16)) 5.167ms
[188.424s][info][gc          ] Allocation Stall (Executor task launch worker for task 40.0 in stage 0.0 (TID 40)) 5.164ms
[188.424s][info][gc          ] Allocation Stall (Executor task launch worker for task 35.0 in stage 0.0 (TID 35)) 5.215ms
[188.424s][info][gc          ] Allocation Stall (Executor task launch worker for task 38.0 in stage 0.0 (TID 38)) 5.240ms
[188.424s][info][gc          ] Allocation Stall (Executor task launch worker for task 3.0 in stage 0.0 (TID 3)) 5.246ms
[188.424s][info][gc          ] Allocation Stall (Executor task launch worker for task 7.0 in stage 0.0 (TID 7)) 5.256ms
[188.424s][info][gc          ] Allocation Stall (Executor task launch worker for task 9.0 in stage 0.0 (TID 9)) 5.372ms
[188.424s][info][gc          ] Allocation Stall (Executor task launch worker for task 17.0 in stage 0.0 (TID 17)) 5.405ms
[188.424s][info][gc          ] Allocation Stall (Executor task launch worker for task 8.0 in stage 0.0 (TID 8)) 5.439ms
[188.424s][info][gc          ] Allocation Stall (Executor task launch worker for task 31.0 in stage 0.0 (TID 31)) 5.430ms
[188.425s][info][gc          ] Allocation Stall (Executor task launch worker for task 44.0 in stage 0.0 (TID 44)) 5.466ms
[188.425s][info][gc          ] Allocation Stall (Executor task launch worker for task 0.0 in stage 0.0 (TID 0)) 5.493ms
[188.425s][info][gc          ] Allocation Stall (Executor task launch worker for task 25.0 in stage 0.0 (TID 25)) 5.337ms
[188.425s][info][gc          ] Allocation Stall (Executor task launch worker for task 36.0 in stage 0.0 (TID 36)) 5.389ms
[188.425s][info][gc          ] Allocation Stall (Executor task launch worker for task 10.0 in stage 0.0 (TID 10)) 5.436ms
[188.425s][info][gc          ] Allocation Stall (Executor task launch worker for task 37.0 in stage 0.0 (TID 37)) 5.530ms
[188.425s][info][gc          ] Allocation Stall (Executor task launch worker for task 2.0 in stage 0.0 (TID 2)) 5.597ms
[188.425s][info][gc          ] Allocation Stall (Executor task launch worker for task 46.0 in stage 0.0 (TID 46)) 5.627ms
[188.425s][info][gc          ] Allocation Stall (Executor task launch worker for task 22.0 in stage 0.0 (TID 22)) 5.673ms
[188.425s][info][gc          ] Allocation Stall (Executor task launch worker for task 24.0 in stage 0.0 (TID 24)) 5.941ms
[188.426s][info][gc          ] Allocation Stall (Executor task launch worker for task 20.0 in stage 0.0 (TID 20)) 5.933ms
[188.426s][info][gc          ] Allocation Stall (Executor task launch worker for task 15.0 in stage 0.0 (TID 15)) 5.926ms
[188.426s][info][gc          ] Allocation Stall (Executor task launch worker for task 33.0 in stage 0.0 (TID 33)) 5.982ms
[188.426s][info][gc          ] Allocation Stall (Executor task launch worker for task 4.0 in stage 0.0 (TID 4)) 5.962ms
[188.426s][info][gc          ] Allocation Stall (Executor task launch worker for task 23.0 in stage 0.0 (TID 23)) 5.329ms
[188.426s][info][gc          ] Allocation Stall (Executor task launch worker for task 41.0 in stage 0.0 (TID 41)) 5.361ms
[188.426s][info][gc          ] Allocation Stall (Executor task launch worker for task 19.0 in stage 0.0 (TID 19)) 5.494ms
[188.426s][info][gc          ] Allocation Stall (Executor task launch worker for task 18.0 in stage 0.0 (TID 18)) 5.612ms
[188.426s][info][gc          ] Allocation Stall (Executor task launch worker for task 47.0 in stage 0.0 (TID 47)) 5.685ms
[188.426s][info][gc          ] Allocation Stall (Executor task launch worker for task 13.0 in stage 0.0 (TID 13)) 5.753ms
[188.426s][info][gc          ] Allocation Stall (Executor task launch worker for task 32.0 in stage 0.0 (TID 32)) 5.867ms
[188.427s][info][gc          ] Allocation Stall (Executor task launch worker for task 12.0 in stage 0.0 (TID 12)) 5.933ms
[188.427s][info][gc          ] Allocation Stall (Executor task launch worker for task 42.0 in stage 0.0 (TID 42)) 6.030ms
[188.428s][info][gc          ] Allocation Stall (Executor task launch worker for task 27.0 in stage 0.0 (TID 27)) 6.884ms
[188.428s][info][gc          ] Allocation Stall (Executor task launch worker for task 28.0 in stage 0.0 (TID 28)) 6.876ms
[188.428s][info][gc          ] Allocation Stall (Executor task launch worker for task 29.0 in stage 0.0 (TID 29)) 6.953ms
[188.433s][info][gc          ] Allocation Stall (Executor task launch worker for task 39.0 in stage 0.0 (TID 39)) 11.649ms
[188.441s][info][gc          ] Allocation Stall (Executor task launch worker for task 7.0 in stage 0.0 (TID 7)) 4.468ms
[188.441s][info][gc          ] Allocation Stall (Executor task launch worker for task 36.0 in stage 0.0 (TID 36)) 4.411ms
[188.441s][info][gc          ] Allocation Stall (Executor task launch worker for task 11.0 in stage 0.0 (TID 11)) 17.709ms
[188.441s][info][gc,phases   ] GC(113) Concurrent Relocate 25.503ms
[188.441s][info][gc          ] Allocation Stall (Executor task launch worker for task 1.0 in stage 0.0 (TID 1)) 4.771ms
[188.441s][info][gc          ] Allocation Stall (Executor task launch worker for task 40.0 in stage 0.0 (TID 40)) 7.851ms
[188.441s][info][gc          ] Allocation Stall (Spark Context Cleaner) 19.084ms
[188.441s][info][gc          ] Allocation Stall (Executor task launch worker for task 17.0 in stage 0.0 (TID 17)) 4.603ms
[188.441s][info][gc          ] Allocation Stall (Executor task launch worker for task 10.0 in stage 0.0 (TID 10)) 4.532ms
[188.441s][info][gc,load     ] GC(113) Load: 0.00/0.00/0.00
[188.441s][info][gc          ] Allocation Stall (Executor task launch worker for task 26.0 in stage 0.0 (TID 26)) 4.558ms
[188.441s][info][gc          ] Allocation Stall (Executor task launch worker for task 34.0 in stage 0.0 (TID 34)) 4.419ms
[188.441s][info][gc,mmu      ] GC(113) MMU: 2ms/95.7%, 5ms/98.3%, 10ms/99.1%, 20ms/99.5%, 50ms/99.8%, 100ms/99.8%
[188.441s][info][gc          ] Allocation Stall (Executor task launch worker for task 25.0 in stage 0.0 (TID 25)) 4.453ms
[188.441s][info][gc          ] Allocation Stall (Executor task launch worker for task 3.0 in stage 0.0 (TID 3)) 4.280ms
[188.441s][info][gc          ] Allocation Stall (Executor task launch worker for task 35.0 in stage 0.0 (TID 35)) 4.234ms
[188.441s][info][gc,marking  ] GC(113) Mark: 4 stripe(s), 2 proactive flush(es), 1 terminate flush(es), 0 completion(s), 0 continuation(s) 
[188.441s][info][gc          ] Allocation Stall (Executor task launch worker for task 37.0 in stage 0.0 (TID 37)) 4.130ms
[188.441s][info][gc          ] Allocation Stall (Executor task launch worker for task 14.0 in stage 0.0 (TID 14)) 3.936ms
[188.441s][info][gc          ] Allocation Stall (Executor task launch worker for task 5.0 in stage 0.0 (TID 5)) 3.608ms
[188.441s][info][gc,marking  ] GC(113) Mark Stack Usage: 32M
[188.441s][info][gc          ] Allocation Stall (Executor task launch worker for task 28.0 in stage 0.0 (TID 28)) 3.393ms
[188.441s][info][gc          ] Allocation Stall (Executor task launch worker for task 42.0 in stage 0.0 (TID 42)) 2.816ms
[188.441s][info][gc          ] Allocation Stall (Executor task launch worker for task 23.0 in stage 0.0 (TID 23)) 2.728ms
[188.441s][info][gc,nmethod  ] GC(113) NMethods: 4654 registered, 253 unregistered
[188.441s][info][gc          ] Allocation Stall (Executor task launch worker for task 15.0 in stage 0.0 (TID 15)) 2.724ms
[188.441s][info][gc          ] Allocation Stall (Executor task launch worker for task 16.0 in stage 0.0 (TID 16)) 2.703ms
[188.441s][info][gc          ] Allocation Stall (Executor task launch worker for task 0.0 in stage 0.0 (TID 0)) 2.670ms
[188.441s][info][gc,metaspace] GC(113) Metaspace: 113M used, 116M committed, 1152M reserved
[188.442s][info][gc          ] Allocation Stall (Executor task launch worker for task 31.0 in stage 0.0 (TID 31)) 2.554ms
[188.442s][info][gc          ] Allocation Stall (Executor task launch worker for task 20.0 in stage 0.0 (TID 20)) 2.508ms
[188.442s][info][gc          ] Allocation Stall (Executor task launch worker for task 4.0 in stage 0.0 (TID 4)) 2.407ms
[188.442s][info][gc,ref      ] GC(113) Soft: 2808 encountered, 1106 discovered, 0 enqueued
[188.442s][info][gc          ] Allocation Stall (Executor task launch worker for task 22.0 in stage 0.0 (TID 22)) 2.267ms
[188.442s][info][gc          ] Allocation Stall (Executor task launch worker for task 27.0 in stage 0.0 (TID 27)) 2.231ms
[188.442s][info][gc          ] Allocation Stall (Executor task launch worker for task 19.0 in stage 0.0 (TID 19)) 2.200ms
[188.442s][info][gc,ref      ] GC(113) Weak: 13104 encountered, 3654 discovered, 3 enqueued
[188.442s][info][gc          ] Allocation Stall (Executor task launch worker for task 24.0 in stage 0.0 (TID 24)) 2.310ms
[188.442s][info][gc          ] Allocation Stall (Executor task launch worker for task 41.0 in stage 0.0 (TID 41)) 2.337ms
[188.442s][info][gc          ] Allocation Stall (Executor task launch worker for task 6.0 in stage 0.0 (TID 6)) 2.346ms
[188.442s][info][gc,ref      ] GC(113) Final: 40 encountered, 6 discovered, 0 enqueued
[188.442s][info][gc          ] Allocation Stall (Executor task launch worker for task 12.0 in stage 0.0 (TID 12)) 2.421ms
[188.442s][info][gc          ] Allocation Stall (Executor task launch worker for task 33.0 in stage 0.0 (TID 33)) 2.414ms
[188.442s][info][gc          ] Allocation Stall (Executor task launch worker for task 32.0 in stage 0.0 (TID 32)) 2.454ms
[188.442s][info][gc,ref      ] GC(113) Phantom: 750 encountered, 537 discovered, 0 enqueued
[188.442s][info][gc          ] Allocation Stall (Executor task launch worker for task 29.0 in stage 0.0 (TID 29)) 2.508ms
[188.442s][info][gc          ] Allocation Stall (Executor task launch worker for task 47.0 in stage 0.0 (TID 47)) 2.462ms
[188.442s][info][gc,reloc    ] GC(113) Small Pages: 84 / 168M, Empty: 42M, Relocated: 8M, In-Place: 1
[188.442s][info][gc          ] Allocation Stall (Executor task launch worker for task 18.0 in stage 0.0 (TID 18)) 2.479ms
[188.442s][info][gc          ] Allocation Stall (Executor task launch worker for task 39.0 in stage 0.0 (TID 39)) 2.497ms
[188.442s][info][gc,reloc    ] GC(113) Medium Pages: 2 / 32M, Empty: 0M, Relocated: 4M, In-Place: 1
[188.442s][info][gc          ] Allocation Stall (Executor task launch worker for task 38.0 in stage 0.0 (TID 38)) 2.583ms
[188.442s][info][gc          ] Allocation Stall (Executor task launch worker for task 21.0 in stage 0.0 (TID 21)) 2.595ms
[188.442s][info][gc,reloc    ] GC(113) Large Pages: 66 / 312M, Empty: 8M, Relocated: 0M, In-Place: 0
[188.443s][info][gc          ] Allocation Stall (Executor task launch worker for task 13.0 in stage 0.0 (TID 13)) 2.662ms
[188.443s][info][gc,reloc    ] GC(113) Forwarding Usage: 0M
[188.443s][info][gc          ] Allocation Stall (Executor task launch worker for task 30.0 in stage 0.0 (TID 30)) 2.795ms
[188.443s][info][gc,heap     ] GC(113) Min Capacity: 8M(2%)
[188.443s][info][gc          ] Allocation Stall (Executor task launch worker for task 45.0 in stage 0.0 (TID 45)) 2.808ms
[188.443s][info][gc,heap     ] GC(113) Max Capacity: 512M(100%)
[188.443s][info][gc          ] Allocation Stall (Executor task launch worker for task 9.0 in stage 0.0 (TID 9)) 2.886ms
[188.443s][info][gc,heap     ] GC(113) Soft Max Capacity: 512M(100%)
[188.443s][info][gc          ] Allocation Stall (Executor task launch worker for task 46.0 in stage 0.0 (TID 46)) 2.855ms
[188.443s][info][gc,heap     ] GC(113)                Mark Start          Mark End        Relocate Start      Relocate End           High               Low         
[188.443s][info][gc          ] Allocation Stall (Executor task launch worker for task 43.0 in stage 0.0 (TID 43)) 2.870ms
[188.443s][info][gc,heap     ] GC(113)  Capacity:      512M (100%)        512M (100%)        512M (100%)        512M (100%)        512M (100%)        512M (100%)   
[188.443s][info][gc          ] Allocation Stall (Executor task launch worker for task 2.0 in stage 0.0 (TID 2)) 2.920ms
[188.443s][info][gc,heap     ] GC(113)      Free:        0M (0%)            0M (0%)           12M (2%)            0M (0%)           50M (10%)           0M (0%)     
[188.443s][info][gc,heap     ] GC(113)      Used:      512M (100%)        512M (100%)        500M (98%)         512M (100%)        512M (100%)        462M (90%)    
[188.443s][info][gc,heap     ] GC(113)      Live:         -               370M (72%)         370M (72%)         370M (72%)            -                  -          
[188.443s][info][gc,heap     ] GC(113) Allocated:         -                 0M (0%)           38M (7%)          115M (23%)            -                  -          
[188.443s][info][gc,heap     ] GC(113)   Garbage:         -               141M (28%)          91M (18%)          26M (5%)             -                  -          
[188.443s][info][gc,heap     ] GC(113) Reclaimed:         -                  -                50M (10%)         115M (23%)            -                  -          
[188.443s][info][gc          ] GC(113) Garbage Collection (Allocation Stall) 512M(100%)->512M(100%)
[188.443s][info][gc          ] Allocation Stall (Executor task launch worker for task 8.0 in stage 0.0 (TID 8)) 3.174ms
[188.446s][info][gc          ] Allocation Stall (Executor task launch worker for task 44.0 in stage 0.0 (TID 44)) 5.628ms
[188.446s][info][gc,start    ] GC(114) Garbage Collection (Allocation Stall)
[188.446s][info][gc,ref      ] GC(114) Clearing All SoftReferences
[188.446s][info][gc,task     ] GC(114) Using 5 workers
[188.447s][info][gc,ref      ] GC(114) Clearing All SoftReferences
[188.447s][info][gc,phases   ] GC(114) Pause Mark Start 0.035ms
[188.484s][info][gc,phases   ] GC(114) Concurrent Mark 37.283ms
[188.484s][info][gc,phases   ] GC(114) Pause Mark End 0.016ms
[188.484s][info][gc,phases   ] GC(114) Concurrent Mark Free 0.001ms
[188.487s][info][gc,phases   ] GC(114) Concurrent Process Non-Strong References 2.345ms
[188.487s][info][gc,phases   ] GC(114) Concurrent Reset Relocation Set 0.014ms
[188.490s][info][gc          ] Allocation Stall (Executor task launch worker for task 35.0 in stage 0.0 (TID 35)) 43.434ms
[188.490s][info][gc          ] Allocation Stall (Executor task launch worker for task 11.0 in stage 0.0 (TID 11)) 43.366ms
[188.490s][info][gc          ] Allocation Stall (Executor task launch worker for task 23.0 in stage 0.0 (TID 23)) 44.020ms
[188.490s][info][gc          ] Allocation Stall (Executor task launch worker for task 36.0 in stage 0.0 (TID 36)) 48.571ms
[188.490s][info][gc          ] Allocation Stall (Executor task launch worker for task 37.0 in stage 0.0 (TID 37)) 43.371ms
[188.490s][info][gc          ] Allocation Stall (Executor task launch worker for task 6.0 in stage 0.0 (TID 6)) 43.361ms
[188.490s][info][gc          ] Allocation Stall (Executor task launch worker for task 14.0 in stage 0.0 (TID 14)) 43.443ms
[188.490s][info][gc          ] Allocation Stall (Executor task launch worker for task 5.0 in stage 0.0 (TID 5)) 43.432ms
[188.490s][info][gc          ] Allocation Stall (Executor task launch worker for task 44.0 in stage 0.0 (TID 44)) 43.400ms
[188.490s][info][gc          ] Allocation Stall (Executor task launch worker for task 43.0 in stage 0.0 (TID 43)) 43.360ms
[188.490s][info][gc          ] Allocation Stall (Executor task launch worker for task 20.0 in stage 0.0 (TID 20)) 43.387ms
[188.490s][info][gc          ] Allocation Stall (Executor task launch worker for task 21.0 in stage 0.0 (TID 21)) 43.388ms
[188.490s][info][gc          ] Allocation Stall (Executor task launch worker for task 3.0 in stage 0.0 (TID 3)) 43.382ms
[188.490s][info][gc          ] Allocation Stall (Executor task launch worker for task 2.0 in stage 0.0 (TID 2)) 43.390ms
[188.490s][info][gc          ] Allocation Stall (Executor task launch worker for task 40.0 in stage 0.0 (TID 40)) 43.380ms
[188.490s][info][gc          ] Allocation Stall (Executor task launch worker for task 28.0 in stage 0.0 (TID 28)) 43.409ms
[188.490s][info][gc          ] Allocation Stall (Executor task launch worker for task 31.0 in stage 0.0 (TID 31)) 43.443ms
[188.490s][info][gc          ] Allocation Stall (Executor task launch worker for task 16.0 in stage 0.0 (TID 16)) 43.371ms
[188.490s][info][gc          ] Allocation Stall (Executor task launch worker for task 4.0 in stage 0.0 (TID 4)) 43.388ms
[188.490s][info][gc          ] Allocation Stall (Executor task launch worker for task 17.0 in stage 0.0 (TID 17)) 43.442ms
[188.490s][info][gc          ] Allocation Stall (Executor task launch worker for task 8.0 in stage 0.0 (TID 8)) 43.475ms
[188.490s][info][gc,phases   ] GC(114) Concurrent Select Relocation Set 3.633ms
[188.490s][info][gc          ] Allocation Stall (Executor task launch worker for task 46.0 in stage 0.0 (TID 46)) 43.535ms
[188.490s][info][gc          ] Allocation Stall (Executor task launch worker for task 1.0 in stage 0.0 (TID 1)) 43.564ms
[188.490s][info][gc          ] Allocation Stall (Executor task launch worker for task 26.0 in stage 0.0 (TID 26)) 43.624ms
[188.490s][info][gc          ] Allocation Stall (Executor task launch worker for task 41.0 in stage 0.0 (TID 41)) 43.738ms
[188.491s][info][gc          ] Allocation Stall (Executor task launch worker for task 0.0 in stage 0.0 (TID 0)) 43.797ms
[188.491s][info][gc          ] Allocation Stall (Executor task launch worker for task 13.0 in stage 0.0 (TID 13)) 43.847ms
[188.491s][info][gc          ] Allocation Stall (Executor task launch worker for task 9.0 in stage 0.0 (TID 9)) 43.943ms
[188.491s][info][gc          ] Allocation Stall (Executor task launch worker for task 34.0 in stage 0.0 (TID 34)) 43.966ms
[188.491s][info][gc          ] Allocation Stall (Executor task launch worker for task 27.0 in stage 0.0 (TID 27)) 43.997ms
[188.491s][info][gc          ] Allocation Stall (Executor task launch worker for task 29.0 in stage 0.0 (TID 29)) 44.023ms
[188.491s][info][gc          ] Allocation Stall (Executor task launch worker for task 7.0 in stage 0.0 (TID 7)) 44.147ms
[188.491s][info][gc          ] Allocation Stall (Executor task launch worker for task 33.0 in stage 0.0 (TID 33)) 44.164ms
[188.491s][info][gc          ] Allocation Stall (Executor task launch worker for task 22.0 in stage 0.0 (TID 22)) 44.253ms
[188.491s][info][gc          ] Allocation Stall (Executor task launch worker for task 30.0 in stage 0.0 (TID 30)) 44.331ms
[188.492s][info][gc,phases   ] GC(114) Pause Relocate Start 0.007ms
[188.492s][info][gc          ] Allocation Stall (Executor task launch worker for task 45.0 in stage 0.0 (TID 45)) 45.070ms
[188.492s][info][gc          ] Allocation Stall (Executor task launch worker for task 32.0 in stage 0.0 (TID 32)) 45.059ms
[188.492s][info][gc          ] Allocation Stall (Executor task launch worker for task 10.0 in stage 0.0 (TID 10)) 45.101ms
[188.492s][info][gc          ] Allocation Stall (Executor task launch worker for task 38.0 in stage 0.0 (TID 38)) 45.088ms
[188.492s][info][gc          ] Allocation Stall (Executor task launch worker for task 24.0 in stage 0.0 (TID 24)) 45.099ms
[188.492s][info][gc          ] Allocation Stall (Executor task launch worker for task 42.0 in stage 0.0 (TID 42)) 45.121ms
[188.492s][info][gc          ] Allocation Stall (Executor task launch worker for task 23.0 in stage 0.0 (TID 23)) 1.596ms
[188.492s][info][gc          ] Allocation Stall (Executor task launch worker for task 35.0 in stage 0.0 (TID 35)) 1.372ms
[188.492s][info][gc          ] Allocation Stall (Executor task launch worker for task 37.0 in stage 0.0 (TID 37)) 1.636ms
[188.492s][info][gc          ] Allocation Stall (Executor task launch worker for task 5.0 in stage 0.0 (TID 5)) 1.229ms
[188.492s][info][gc          ] Allocation Stall (Executor task launch worker for task 18.0 in stage 0.0 (TID 18)) 45.222ms
[188.492s][info][gc          ] Allocation Stall (Executor task launch worker for task 19.0 in stage 0.0 (TID 19)) 45.224ms
[188.492s][info][gc          ] Allocation Stall (Executor task launch worker for task 11.0 in stage 0.0 (TID 11)) 1.178ms
[188.492s][info][gc          ] Allocation Stall (Executor task launch worker for task 21.0 in stage 0.0 (TID 21)) 1.191ms
[188.492s][info][gc          ] Allocation Stall (Executor task launch worker for task 20.0 in stage 0.0 (TID 20)) 0.900ms
[188.492s][info][gc          ] Allocation Stall (Executor task launch worker for task 39.0 in stage 0.0 (TID 39)) 45.267ms
[188.492s][info][gc          ] Allocation Stall (Executor task launch worker for task 25.0 in stage 0.0 (TID 25)) 45.272ms
[188.492s][info][gc          ] Allocation Stall (Executor task launch worker for task 12.0 in stage 0.0 (TID 12)) 45.410ms
[188.492s][info][gc          ] Allocation Stall (Executor task launch worker for task 15.0 in stage 0.0 (TID 15)) 45.415ms
[188.492s][info][gc          ] Allocation Stall (Executor task launch worker for task 47.0 in stage 0.0 (TID 47)) 45.459ms
[188.492s][info][gc          ] Allocation Stall (Executor task launch worker for task 3.0 in stage 0.0 (TID 3)) 1.321ms
[188.519s][info][gc          ] Allocation Stall (Executor task launch worker for task 1.0 in stage 0.0 (TID 1)) 17.167ms
[188.519s][info][gc          ] Allocation Stall (Executor task launch worker for task 23.0 in stage 0.0 (TID 23)) 16.115ms
[188.519s][info][gc          ] Allocation Stall (Executor task launch worker for task 24.0 in stage 0.0 (TID 24)) 17.256ms
[188.519s][info][gc          ] Allocation Stall (Executor task launch worker for task 3.0 in stage 0.0 (TID 3)) 16.175ms
[188.519s][info][gc          ] Allocation Stall (Executor task launch worker for task 8.0 in stage 0.0 (TID 8)) 16.321ms
[188.519s][info][gc          ] Allocation Stall (Executor task launch worker for task 26.0 in stage 0.0 (TID 26)) 16.310ms
[188.519s][info][gc          ] Allocation Stall (Executor task launch worker for task 21.0 in stage 0.0 (TID 21)) 17.234ms
[188.519s][info][gc          ] Allocation Stall (Executor task launch worker for task 43.0 in stage 0.0 (TID 43)) 16.271ms
[188.519s][info][gc,phases   ] GC(114) Concurrent Relocate 26.991ms
[188.519s][info][gc          ] Allocation Stall (Executor task launch worker for task 36.0 in stage 0.0 (TID 36)) 16.585ms
[188.519s][info][gc,load     ] GC(114) Load: 0.00/0.00/0.00
[188.519s][info][gc          ] Allocation Stall (Executor task launch worker for task 42.0 in stage 0.0 (TID 42)) 16.741ms
[188.520s][info][gc,mmu      ] GC(114) MMU: 2ms/95.7%, 5ms/98.3%, 10ms/99.1%, 20ms/99.5%, 50ms/99.8%, 100ms/99.8%
[188.520s][info][gc          ] Allocation Stall (Executor task launch worker for task 0.0 in stage 0.0 (TID 0)) 16.722ms
[188.520s][info][gc,marking  ] GC(114) Mark: 4 stripe(s), 2 proactive flush(es), 1 terminate flush(es), 0 completion(s), 0 continuation(s) 
[188.520s][info][gc          ] Allocation Stall (Executor task launch worker for task 41.0 in stage 0.0 (TID 41)) 16.581ms
[188.520s][info][gc,marking  ] GC(114) Mark Stack Usage: 32M
[188.520s][info][gc          ] Allocation Stall (Executor task launch worker for task 12.0 in stage 0.0 (TID 12)) 16.518ms
[188.520s][info][gc,nmethod  ] GC(114) NMethods: 4655 registered, 253 unregistered
[188.520s][info][gc          ] Allocation Stall (Executor task launch worker for task 2.0 in stage 0.0 (TID 2)) 16.384ms
[188.520s][info][gc,metaspace] GC(114) Metaspace: 113M used, 116M committed, 1152M reserved
[188.520s][info][gc,ref      ] GC(114) Soft: 2808 encountered, 351 discovered, 0 enqueued
[188.520s][info][gc,ref      ] GC(114) Weak: 13104 encountered, 3501 discovered, 2 enqueued
[188.520s][info][gc,ref      ] GC(114) Final: 40 encountered, 0 discovered, 0 enqueued
[188.520s][info][gc,ref      ] GC(114) Phantom: 750 encountered, 547 discovered, 0 enqueued
[188.520s][info][gc          ] Allocation Stall (Executor task launch worker for task 16.0 in stage 0.0 (TID 16)) 16.501ms
[188.520s][info][gc,reloc    ] GC(114) Small Pages: 88 / 176M, Empty: 38M, Relocated: 4M, In-Place: 4
[188.520s][info][gc          ] Allocation Stall (Executor task launch worker for task 32.0 in stage 0.0 (TID 32)) 15.898ms
[188.520s][info][gc,reloc    ] GC(114) Medium Pages: 2 / 32M, Empty: 0M, Relocated: 4M, In-Place: 1
[188.520s][info][gc          ] Allocation Stall (Executor task launch worker for task 46.0 in stage 0.0 (TID 46)) 15.928ms
[188.520s][info][gc          ] Allocation Stall (Executor task launch worker for task 10.0 in stage 0.0 (TID 10)) 15.569ms
[188.520s][info][gc,reloc    ] GC(114) Large Pages: 64 / 304M, Empty: 0M, Relocated: 0M, In-Place: 0
[188.520s][info][gc          ] Allocation Stall (Executor task launch worker for task 47.0 in stage 0.0 (TID 47)) 15.572ms
[188.520s][info][gc          ] Allocation Stall (Executor task launch worker for task 44.0 in stage 0.0 (TID 44)) 14.277ms
[188.520s][info][gc,reloc    ] GC(114) Forwarding Usage: 0M
[188.520s][info][gc          ] Allocation Stall (Executor task launch worker for task 17.0 in stage 0.0 (TID 17)) 14.242ms
[188.520s][info][gc          ] Allocation Stall (Executor task launch worker for task 6.0 in stage 0.0 (TID 6)) 13.938ms
[188.520s][info][gc,heap     ] GC(114) Min Capacity: 8M(2%)
[188.520s][info][gc          ] Allocation Stall (Executor task launch worker for task 25.0 in stage 0.0 (TID 25)) 13.344ms
[188.521s][info][gc          ] Allocation Stall (Executor task launch worker for task 31.0 in stage 0.0 (TID 31)) 13.314ms
[188.521s][info][gc,heap     ] GC(114) Max Capacity: 512M(100%)
[188.521s][info][gc          ] Allocation Stall (Executor task launch worker for task 13.0 in stage 0.0 (TID 13)) 13.306ms
[188.521s][info][gc          ] Allocation Stall (Executor task launch worker for task 7.0 in stage 0.0 (TID 7)) 13.086ms
[188.521s][info][gc,heap     ] GC(114) Soft Max Capacity: 512M(100%)
[188.521s][info][gc,heap     ] GC(114)                Mark Start          Mark End        Relocate Start      Relocate End           High               Low         
[188.521s][info][gc          ] Allocation Stall (Executor task launch worker for task 40.0 in stage 0.0 (TID 40)) 13.023ms
[188.521s][info][gc,heap     ] GC(114)  Capacity:      512M (100%)        512M (100%)        512M (100%)        512M (100%)        512M (100%)        512M (100%)   
[188.521s][info][gc,heap     ] GC(114)      Free:        0M (0%)            0M (0%)            0M (0%)            0M (0%)           38M (7%)            0M (0%)     
[188.521s][info][gc          ] Allocation Stall (Executor task launch worker for task 28.0 in stage 0.0 (TID 28)) 13.071ms
[188.521s][info][gc,heap     ] GC(114)      Used:      512M (100%)        512M (100%)        512M (100%)        512M (100%)        512M (100%)        474M (93%)    
[188.521s][info][gc          ] Allocation Stall (Executor task launch worker for task 38.0 in stage 0.0 (TID 38)) 13.066ms
[188.521s][info][gc,heap     ] GC(114)      Live:         -               371M (73%)         371M (73%)         371M (73%)            -                  -          
[188.521s][info][gc          ] Allocation Stall (Executor task launch worker for task 39.0 in stage 0.0 (TID 39)) 13.066ms
[188.521s][info][gc,heap     ] GC(114) Allocated:         -                 0M (0%)           38M (7%)          112M (22%)            -                  -          
[188.521s][info][gc          ] Allocation Stall (Executor task launch worker for task 14.0 in stage 0.0 (TID 14)) 13.152ms
[188.521s][info][gc,heap     ] GC(114)   Garbage:         -               140M (27%)         102M (20%)          27M (5%)             -                  -          
[188.521s][info][gc,heap     ] GC(114) Reclaimed:         -                  -                38M (7%)          112M (22%)            -                  -          
[188.521s][info][gc          ] Allocation Stall (Executor task launch worker for task 27.0 in stage 0.0 (TID 27)) 12.327ms
[188.521s][info][gc          ] GC(114) Garbage Collection (Allocation Stall) 512M(100%)->512M(100%)
[188.521s][info][gc          ] Allocation Stall (Executor task launch worker for task 4.0 in stage 0.0 (TID 4)) 12.297ms
[188.521s][info][gc,start    ] GC(115) Garbage Collection (Allocation Stall)
[188.521s][info][gc          ] Allocation Stall (Executor task launch worker for task 45.0 in stage 0.0 (TID 45)) 12.356ms
[188.521s][info][gc,ref      ] GC(115) Clearing All SoftReferences
[188.522s][info][gc          ] Allocation Stall (Executor task launch worker for task 29.0 in stage 0.0 (TID 29)) 12.323ms
[188.522s][info][gc,task     ] GC(115) Using 5 workers
[188.522s][info][gc          ] Allocation Stall (Executor task launch worker for task 22.0 in stage 0.0 (TID 22)) 12.275ms
[188.522s][info][gc,ref      ] GC(115) Clearing All SoftReferences
[188.522s][info][gc,phases   ] GC(115) Pause Mark Start 0.030ms
[188.522s][info][gc          ] Allocation Stall (Executor task launch worker for task 20.0 in stage 0.0 (TID 20)) 13.018ms
[188.523s][info][gc          ] Allocation Stall (Executor task launch worker for task 18.0 in stage 0.0 (TID 18)) 12.512ms
[188.523s][info][gc          ] Allocation Stall (Executor task launch worker for task 15.0 in stage 0.0 (TID 15)) 13.161ms
[188.523s][info][gc          ] Allocation Stall (Executor task launch worker for task 34.0 in stage 0.0 (TID 34)) 12.515ms
[188.523s][info][gc          ] Allocation Stall (Executor task launch worker for task 11.0 in stage 0.0 (TID 11)) 12.562ms
[188.562s][info][gc,phases   ] GC(115) Concurrent Mark 39.540ms
[188.562s][info][gc,phases   ] GC(115) Pause Mark End 0.011ms
[188.562s][info][gc,phases   ] GC(115) Concurrent Mark Free 0.001ms
[188.565s][info][gc,phases   ] GC(115) Concurrent Process Non-Strong References 2.339ms
[188.565s][info][gc,phases   ] GC(115) Concurrent Reset Relocation Set 0.014ms
[188.568s][info][gc          ] Allocation Stall (Executor task launch worker for task 22.0 in stage 0.0 (TID 22)) 45.658ms
[188.568s][info][gc          ] Allocation Stall (Executor task launch worker for task 21.0 in stage 0.0 (TID 21)) 45.643ms
[188.568s][info][gc          ] Allocation Stall (Executor task launch worker for task 36.0 in stage 0.0 (TID 36)) 45.434ms
[188.568s][info][gc          ] Allocation Stall (Executor task launch worker for task 33.0 in stage 0.0 (TID 33)) 57.628ms
[188.568s][info][gc          ] Allocation Stall (Executor task launch worker for task 31.0 in stage 0.0 (TID 31)) 45.676ms
[188.568s][info][gc          ] Allocation Stall (Executor task launch worker for task 39.0 in stage 0.0 (TID 39)) 45.681ms
[188.568s][info][gc          ] Allocation Stall (Executor task launch worker for task 23.0 in stage 0.0 (TID 23)) 48.401ms
[188.568s][info][gc          ] Allocation Stall (Executor task launch worker for task 35.0 in stage 0.0 (TID 35)) 57.318ms
[188.568s][info][gc          ] Allocation Stall (Executor task launch worker for task 16.0 in stage 0.0 (TID 16)) 45.439ms
[188.568s][info][gc          ] Allocation Stall (Executor task launch worker for task 1.0 in stage 0.0 (TID 1)) 45.777ms
[188.568s][info][gc          ] Allocation Stall (Executor task launch worker for task 2.0 in stage 0.0 (TID 2)) 45.729ms
[188.568s][info][gc          ] Allocation Stall (Executor task launch worker for task 10.0 in stage 0.0 (TID 10)) 45.724ms
[188.568s][info][gc          ] Allocation Stall (Executor task launch worker for task 8.0 in stage 0.0 (TID 8)) 45.768ms
[188.568s][info][gc          ] Allocation Stall (Executor task launch worker for task 9.0 in stage 0.0 (TID 9)) 57.899ms
[188.568s][info][gc          ] Allocation Stall (Executor task launch worker for task 19.0 in stage 0.0 (TID 19)) 57.962ms
[188.568s][info][gc          ] Allocation Stall (Executor task launch worker for task 5.0 in stage 0.0 (TID 5)) 57.669ms
[188.568s][info][gc          ] Allocation Stall (Executor task launch worker for task 30.0 in stage 0.0 (TID 30)) 57.885ms
[188.568s][info][gc          ] Allocation Stall (Executor task launch worker for task 25.0 in stage 0.0 (TID 25)) 45.814ms
[188.568s][info][gc          ] Allocation Stall (Executor task launch worker for task 44.0 in stage 0.0 (TID 44)) 45.814ms
[188.568s][info][gc          ] Allocation Stall (Executor task launch worker for task 6.0 in stage 0.0 (TID 6)) 45.778ms
[188.568s][info][gc          ] Allocation Stall (Executor task launch worker for task 37.0 in stage 0.0 (TID 37)) 45.781ms
[188.568s][info][gc          ] Allocation Stall (Executor task launch worker for task 38.0 in stage 0.0 (TID 38)) 45.836ms
[188.568s][info][gc          ] Allocation Stall (Executor task launch worker for task 17.0 in stage 0.0 (TID 17)) 45.839ms
[188.568s][info][gc          ] Allocation Stall (Executor task launch worker for task 7.0 in stage 0.0 (TID 7)) 45.814ms
[188.568s][info][gc          ] Allocation Stall (Executor task launch worker for task 32.0 in stage 0.0 (TID 32)) 45.822ms
[188.568s][info][gc,phases   ] GC(115) Concurrent Select Relocation Set 3.731ms
[188.568s][info][gc          ] Allocation Stall (Executor task launch worker for task 28.0 in stage 0.0 (TID 28)) 45.828ms
[188.568s][info][gc          ] Allocation Stall (Executor task launch worker for task 26.0 in stage 0.0 (TID 26)) 45.828ms
[188.568s][info][gc          ] Allocation Stall (Executor task launch worker for task 46.0 in stage 0.0 (TID 46)) 45.828ms
[188.568s][info][gc          ] Allocation Stall (Executor task launch worker for task 47.0 in stage 0.0 (TID 47)) 42.635ms
[188.569s][info][gc          ] Allocation Stall (Executor task launch worker for task 29.0 in stage 0.0 (TID 29)) 42.560ms
[188.569s][info][gc          ] Allocation Stall (Executor task launch worker for task 13.0 in stage 0.0 (TID 13)) 42.557ms
[188.569s][info][gc          ] Allocation Stall (Executor task launch worker for task 41.0 in stage 0.0 (TID 41)) 42.536ms
[188.569s][info][gc          ] Allocation Stall (Executor task launch worker for task 11.0 in stage 0.0 (TID 11)) 42.484ms
[188.569s][info][gc          ] Allocation Stall (Executor task launch worker for task 45.0 in stage 0.0 (TID 45)) 42.508ms
[188.569s][info][gc          ] Allocation Stall (Executor task launch worker for task 43.0 in stage 0.0 (TID 43)) 42.483ms
[188.569s][info][gc          ] Allocation Stall (Executor task launch worker for task 24.0 in stage 0.0 (TID 24)) 42.535ms
[188.569s][info][gc          ] Allocation Stall (Executor task launch worker for task 12.0 in stage 0.0 (TID 12)) 42.532ms
[188.569s][info][gc          ] Allocation Stall (Executor task launch worker for task 15.0 in stage 0.0 (TID 15)) 42.583ms
[188.569s][info][gc          ] Allocation Stall (Executor task launch worker for task 3.0 in stage 0.0 (TID 3)) 42.374ms
[188.569s][info][gc          ] Allocation Stall (Executor task launch worker for task 18.0 in stage 0.0 (TID 18)) 42.440ms
[188.569s][info][gc          ] Allocation Stall (Executor task launch worker for task 42.0 in stage 0.0 (TID 42)) 42.489ms
[188.569s][info][gc          ] Allocation Stall (Executor task launch worker for task 0.0 in stage 0.0 (TID 0)) 42.556ms
[188.569s][info][gc          ] Allocation Stall (Executor task launch worker for task 27.0 in stage 0.0 (TID 27)) 42.560ms
[188.569s][info][gc          ] Allocation Stall (Executor task launch worker for task 4.0 in stage 0.0 (TID 4)) 42.569ms
[188.569s][info][gc          ] Allocation Stall (Executor task launch worker for task 40.0 in stage 0.0 (TID 40)) 42.576ms
[188.570s][info][gc,phases   ] GC(115) Pause Relocate Start 0.007ms
[188.571s][info][gc          ] Allocation Stall (Executor task launch worker for task 20.0 in stage 0.0 (TID 20)) 43.755ms
[188.571s][info][gc          ] Allocation Stall (Executor task launch worker for task 14.0 in stage 0.0 (TID 14)) 43.652ms
[188.571s][info][gc          ] Allocation Stall (Executor task launch worker for task 34.0 in stage 0.0 (TID 34)) 43.886ms
[188.571s][info][gc          ] Allocation Stall (Spark Context Cleaner) 24.374ms
[188.583s][info][gc,phases   ] GC(115) Concurrent Relocate 12.212ms
[188.583s][info][gc,load     ] GC(115) Load: 0.00/0.00/0.00
[188.583s][info][gc,mmu      ] GC(115) MMU: 2ms/95.7%, 5ms/98.3%, 10ms/99.1%, 20ms/99.5%, 50ms/99.8%, 100ms/99.8%
[188.583s][info][gc,marking  ] GC(115) Mark: 4 stripe(s), 2 proactive flush(es), 1 terminate flush(es), 0 completion(s), 0 continuation(s) 
[188.583s][info][gc,marking  ] GC(115) Mark Stack Usage: 32M
[188.583s][info][gc,nmethod  ] GC(115) NMethods: 4655 registered, 253 unregistered
[188.583s][info][gc,metaspace] GC(115) Metaspace: 113M used, 116M committed, 1152M reserved
[188.583s][info][gc,ref      ] GC(115) Soft: 2808 encountered, 325 discovered, 0 enqueued
[188.583s][info][gc,ref      ] GC(115) Weak: 13104 encountered, 4791 discovered, 1 enqueued
[188.583s][info][gc,ref      ] GC(115) Final: 40 encountered, 1 discovered, 0 enqueued
[188.583s][info][gc,ref      ] GC(115) Phantom: 750 encountered, 589 discovered, 0 enqueued
[188.583s][info][gc,reloc    ] GC(115) Small Pages: 81 / 162M, Empty: 36M, Relocated: 6M, In-Place: 0
[188.583s][info][gc,reloc    ] GC(115) Medium Pages: 2 / 32M, Empty: 16M, Relocated: 0M, In-Place: 0
[188.583s][info][gc,reloc    ] GC(115) Large Pages: 65 / 312M, Empty: 4M, Relocated: 0M, In-Place: 0
[188.583s][info][gc,reloc    ] GC(115) Forwarding Usage: 0M
[188.584s][info][gc,heap     ] GC(115) Min Capacity: 8M(2%)
[188.584s][info][gc,heap     ] GC(115) Max Capacity: 512M(100%)
[188.584s][info][gc,heap     ] GC(115) Soft Max Capacity: 512M(100%)
[188.584s][info][gc,heap     ] GC(115)                Mark Start          Mark End        Relocate Start      Relocate End           High               Low         
[188.584s][info][gc,heap     ] GC(115)  Capacity:      512M (100%)        512M (100%)        512M (100%)        512M (100%)        512M (100%)        512M (100%)   
[188.584s][info][gc,heap     ] GC(115)      Free:        0M (0%)            0M (0%)           34M (7%)           30M (6%)           76M (15%)           0M (0%)     
[188.584s][info][gc,heap     ] GC(115)      Used:      512M (100%)        512M (100%)        478M (93%)         482M (94%)         512M (100%)        436M (85%)    
[188.584s][info][gc,heap     ] GC(115)      Live:         -               376M (74%)         376M (74%)         376M (74%)            -                  -          
[188.584s][info][gc,heap     ] GC(115) Allocated:         -                 0M (0%)           22M (4%)           70M (14%)            -                  -          
[188.584s][info][gc,heap     ] GC(115)   Garbage:         -               135M (26%)          79M (15%)          34M (7%)             -                  -          
[188.584s][info][gc,heap     ] GC(115) Reclaimed:         -                  -                56M (11%)         100M (20%)            -                  -          
[188.584s][info][gc          ] GC(115) Garbage Collection (Allocation Stall) 512M(100%)->482M(94%)
[188.584s][info][gc,start    ] GC(116) Garbage Collection (Allocation Stall)
[188.584s][info][gc,ref      ] GC(116) Clearing All SoftReferences
[188.584s][info][gc,task     ] GC(116) Using 5 workers
[188.585s][info][gc,ref      ] GC(116) Clearing All SoftReferences
[188.585s][info][gc,phases   ] GC(116) Pause Mark Start 0.036ms
[188.586s][info][gc          ] Allocation Stall (Executor task launch worker for task 8.0 in stage 0.0 (TID 8)) 1.279ms
[188.586s][info][gc          ] Allocation Stall (Executor task launch worker for task 7.0 in stage 0.0 (TID 7)) 1.242ms
[188.586s][info][gc          ] Allocation Stall (Executor task launch worker for task 25.0 in stage 0.0 (TID 25)) 1.169ms
[188.586s][info][gc          ] Allocation Stall (Executor task launch worker for task 24.0 in stage 0.0 (TID 24)) 1.294ms
[188.586s][info][gc          ] Allocation Stall (Executor task launch worker for task 46.0 in stage 0.0 (TID 46)) 1.353ms
[188.587s][info][gc          ] Allocation Stall (Executor task launch worker for task 34.0 in stage 0.0 (TID 34)) 1.435ms
[188.587s][info][gc          ] Allocation Stall (Executor task launch worker for task 37.0 in stage 0.0 (TID 37)) 1.498ms
[188.587s][info][gc          ] Allocation Stall (Executor task launch worker for task 13.0 in stage 0.0 (TID 13)) 1.578ms
[188.587s][info][gc          ] Allocation Stall (Executor task launch worker for task 15.0 in stage 0.0 (TID 15)) 1.650ms
[188.588s][info][gc          ] Allocation Stall (Executor task launch worker for task 5.0 in stage 0.0 (TID 5)) 1.751ms
[188.588s][info][gc          ] Allocation Stall (Executor task launch worker for task 12.0 in stage 0.0 (TID 12)) 1.907ms
[188.588s][info][gc          ] Allocation Stall (Executor task launch worker for task 33.0 in stage 0.0 (TID 33)) 1.875ms
[188.589s][info][gc          ] Allocation Stall (Executor task launch worker for task 17.0 in stage 0.0 (TID 17)) 3.324ms
[188.589s][info][gc          ] Allocation Stall (Executor task launch worker for task 44.0 in stage 0.0 (TID 44)) 3.400ms
[188.589s][info][gc          ] Allocation Stall (Executor task launch worker for task 45.0 in stage 0.0 (TID 45)) 3.470ms
[188.589s][info][gc          ] Allocation Stall (Executor task launch worker for task 18.0 in stage 0.0 (TID 18)) 3.578ms
[188.589s][info][gc          ] Allocation Stall (Executor task launch worker for task 30.0 in stage 0.0 (TID 30)) 3.638ms
[188.589s][info][gc          ] Allocation Stall (Executor task launch worker for task 29.0 in stage 0.0 (TID 29)) 3.675ms
[188.590s][info][gc          ] Allocation Stall (Executor task launch worker for task 38.0 in stage 0.0 (TID 38)) 3.848ms
[188.590s][info][gc          ] Allocation Stall (Executor task launch worker for task 42.0 in stage 0.0 (TID 42)) 3.891ms
[188.590s][info][gc          ] Allocation Stall (Executor task launch worker for task 16.0 in stage 0.0 (TID 16)) 3.966ms
[188.590s][info][gc          ] Allocation Stall (Executor task launch worker for task 32.0 in stage 0.0 (TID 32)) 3.985ms
[188.590s][info][gc          ] Allocation Stall (Executor task launch worker for task 19.0 in stage 0.0 (TID 19)) 3.988ms
[188.590s][info][gc          ] Allocation Stall (Executor task launch worker for task 28.0 in stage 0.0 (TID 28)) 4.031ms
[188.590s][info][gc          ] Allocation Stall (Executor task launch worker for task 26.0 in stage 0.0 (TID 26)) 4.090ms
[188.590s][info][gc          ] Allocation Stall (Executor task launch worker for task 1.0 in stage 0.0 (TID 1)) 4.169ms
[188.590s][info][gc          ] Allocation Stall (Executor task launch worker for task 35.0 in stage 0.0 (TID 35)) 4.181ms
[188.590s][info][gc          ] Allocation Stall (Executor task launch worker for task 20.0 in stage 0.0 (TID 20)) 4.226ms
[188.590s][info][gc          ] Allocation Stall (Executor task launch worker for task 2.0 in stage 0.0 (TID 2)) 4.281ms
[188.590s][info][gc          ] Allocation Stall (Executor task launch worker for task 22.0 in stage 0.0 (TID 22)) 4.332ms
[188.590s][info][gc          ] Allocation Stall (Executor task launch worker for task 43.0 in stage 0.0 (TID 43)) 4.396ms
[188.590s][info][gc          ] Allocation Stall (Executor task launch worker for task 41.0 in stage 0.0 (TID 41)) 4.499ms
[188.590s][info][gc          ] Allocation Stall (Executor task launch worker for task 6.0 in stage 0.0 (TID 6)) 4.578ms
[188.591s][info][gc          ] Allocation Stall (Executor task launch worker for task 39.0 in stage 0.0 (TID 39)) 4.657ms
[188.591s][info][gc          ] Allocation Stall (Executor task launch worker for task 31.0 in stage 0.0 (TID 31)) 4.748ms
[188.591s][info][gc          ] Allocation Stall (Executor task launch worker for task 11.0 in stage 0.0 (TID 11)) 4.822ms
[188.591s][info][gc          ] Allocation Stall (Executor task launch worker for task 36.0 in stage 0.0 (TID 36)) 4.887ms
[188.591s][info][gc          ] Allocation Stall (Executor task launch worker for task 27.0 in stage 0.0 (TID 27)) 4.976ms
[188.592s][info][gc          ] Allocation Stall (Executor task launch worker for task 4.0 in stage 0.0 (TID 4)) 6.574ms
[188.593s][info][gc          ] Allocation Stall (Executor task launch worker for task 40.0 in stage 0.0 (TID 40)) 6.644ms
[188.593s][info][gc          ] Allocation Stall (Executor task launch worker for task 9.0 in stage 0.0 (TID 9)) 6.729ms
[188.594s][info][gc          ] Allocation Stall (Executor task launch worker for task 0.0 in stage 0.0 (TID 0)) 6.877ms
[188.596s][info][gc          ] Allocation Stall (Executor task launch worker for task 33.0 in stage 0.0 (TID 33)) 3.472ms
[188.632s][info][gc,phases   ] GC(116) Concurrent Mark 46.812ms
[188.633s][info][gc,phases   ] GC(116) Pause Mark End 0.014ms
[188.633s][info][gc,phases   ] GC(116) Concurrent Mark Free 0.001ms
[188.635s][info][gc,phases   ] GC(116) Concurrent Process Non-Strong References 2.687ms
[188.635s][info][gc,phases   ] GC(116) Concurrent Reset Relocation Set 0.007ms
[188.639s][info][gc          ] Allocation Stall (Executor task launch worker for task 1.0 in stage 0.0 (TID 1)) 40.350ms
[188.639s][info][gc          ] Allocation Stall (Executor task launch worker for task 24.0 in stage 0.0 (TID 24)) 42.038ms
[188.639s][info][gc          ] Allocation Stall (Executor task launch worker for task 39.0 in stage 0.0 (TID 39)) 39.691ms
[188.639s][info][gc          ] Allocation Stall (Executor task launch worker for task 14.0 in stage 0.0 (TID 14)) 39.444ms
[188.639s][info][gc          ] Allocation Stall (Executor task launch worker for task 8.0 in stage 0.0 (TID 8)) 40.467ms
[188.639s][info][gc          ] Allocation Stall (Executor task launch worker for task 41.0 in stage 0.0 (TID 41)) 39.693ms
[188.639s][info][gc          ] Allocation Stall (Executor task launch worker for task 30.0 in stage 0.0 (TID 30)) 40.289ms
[188.639s][info][gc          ] Allocation Stall (Executor task launch worker for task 19.0 in stage 0.0 (TID 19)) 39.694ms
[188.639s][info][gc          ] Allocation Stall (Executor task launch worker for task 5.0 in stage 0.0 (TID 5)) 39.511ms
[188.639s][info][gc          ] Allocation Stall (Executor task launch worker for task 7.0 in stage 0.0 (TID 7)) 39.301ms
[188.639s][info][gc          ] Allocation Stall (Executor task launch worker for task 25.0 in stage 0.0 (TID 25)) 39.029ms
[188.639s][info][gc,phases   ] GC(116) Concurrent Select Relocation Set 3.275ms
[188.639s][info][gc          ] Allocation Stall (Executor task launch worker for task 16.0 in stage 0.0 (TID 16)) 38.865ms
[188.639s][info][gc          ] Allocation Stall (Executor task launch worker for task 38.0 in stage 0.0 (TID 38)) 38.793ms
[188.639s][info][gc          ] Allocation Stall (Executor task launch worker for task 9.0 in stage 0.0 (TID 9)) 38.788ms
[188.639s][info][gc          ] Allocation Stall (Executor task launch worker for task 33.0 in stage 0.0 (TID 33)) 38.850ms
[188.639s][info][gc          ] Allocation Stall (Executor task launch worker for task 42.0 in stage 0.0 (TID 42)) 38.551ms
[188.639s][info][gc          ] Allocation Stall (Executor task launch worker for task 13.0 in stage 0.0 (TID 13)) 38.409ms
[188.640s][info][gc,phases   ] GC(116) Pause Relocate Start 0.012ms
[188.640s][info][gc          ] Allocation Stall (Executor task launch worker for task 10.0 in stage 0.0 (TID 10)) 39.090ms
[188.640s][info][gc          ] Allocation Stall (Executor task launch worker for task 29.0 in stage 0.0 (TID 29)) 39.172ms
[188.640s][info][gc          ] Allocation Stall (Executor task launch worker for task 45.0 in stage 0.0 (TID 45)) 38.987ms
[188.640s][info][gc          ] Allocation Stall (Executor task launch worker for task 32.0 in stage 0.0 (TID 32)) 38.977ms
[188.640s][info][gc          ] Allocation Stall (Executor task launch worker for task 47.0 in stage 0.0 (TID 47)) 38.895ms
[188.640s][info][gc          ] Allocation Stall (Executor task launch worker for task 34.0 in stage 0.0 (TID 34)) 38.844ms
[188.640s][info][gc          ] Allocation Stall (Executor task launch worker for task 20.0 in stage 0.0 (TID 20)) 38.823ms
[188.640s][info][gc          ] Allocation Stall (Executor task launch worker for task 37.0 in stage 0.0 (TID 37)) 38.817ms
[188.640s][info][gc          ] Allocation Stall (Executor task launch worker for task 23.0 in stage 0.0 (TID 23)) 38.859ms
[188.640s][info][gc          ] Allocation Stall (Executor task launch worker for task 0.0 in stage 0.0 (TID 0)) 38.828ms
[188.640s][info][gc          ] Allocation Stall (Executor task launch worker for task 46.0 in stage 0.0 (TID 46)) 38.839ms
[188.640s][info][gc          ] Allocation Stall (Executor task launch worker for task 27.0 in stage 0.0 (TID 27)) 38.806ms
[188.640s][info][gc          ] Allocation Stall (Executor task launch worker for task 40.0 in stage 0.0 (TID 40)) 38.763ms
[188.640s][info][gc          ] Allocation Stall (Executor task launch worker for task 4.0 in stage 0.0 (TID 4)) 38.808ms
[188.640s][info][gc          ] Allocation Stall (Executor task launch worker for task 12.0 in stage 0.0 (TID 12)) 38.764ms
[188.640s][info][gc          ] Allocation Stall (Executor task launch worker for task 18.0 in stage 0.0 (TID 18)) 38.843ms
[188.640s][info][gc          ] Allocation Stall (Executor task launch worker for task 2.0 in stage 0.0 (TID 2)) 38.873ms
[188.640s][info][gc          ] Allocation Stall (Executor task launch worker for task 3.0 in stage 0.0 (TID 3)) 38.907ms
[188.640s][info][gc          ] Allocation Stall (Executor task launch worker for task 44.0 in stage 0.0 (TID 44)) 38.893ms
[188.641s][info][gc          ] Allocation Stall (Executor task launch worker for task 26.0 in stage 0.0 (TID 26)) 38.914ms
[188.641s][info][gc          ] Allocation Stall (Executor task launch worker for task 15.0 in stage 0.0 (TID 15)) 38.967ms
[188.641s][info][gc          ] Allocation Stall (Executor task launch worker for task 28.0 in stage 0.0 (TID 28)) 38.914ms
[188.641s][info][gc          ] Allocation Stall (Executor task launch worker for task 17.0 in stage 0.0 (TID 17)) 39.091ms
[188.641s][info][gc          ] Allocation Stall (Executor task launch worker for task 35.0 in stage 0.0 (TID 35)) 38.982ms
[188.641s][info][gc          ] Allocation Stall (Executor task launch worker for task 36.0 in stage 0.0 (TID 36)) 38.870ms
[188.641s][info][gc          ] Allocation Stall (Executor task launch worker for task 6.0 in stage 0.0 (TID 6)) 38.873ms
[188.641s][info][gc          ] Allocation Stall (Executor task launch worker for task 22.0 in stage 0.0 (TID 22)) 38.859ms
[188.641s][info][gc          ] Allocation Stall (Executor task launch worker for task 43.0 in stage 0.0 (TID 43)) 38.834ms
[188.641s][info][gc          ] Allocation Stall (Executor task launch worker for task 31.0 in stage 0.0 (TID 31)) 38.962ms
[188.641s][info][gc          ] Allocation Stall (Executor task launch worker for task 11.0 in stage 0.0 (TID 11)) 38.992ms
[188.641s][info][gc          ] Allocation Stall (Executor task launch worker for task 21.0 in stage 0.0 (TID 21)) 32.369ms
[188.641s][info][gc          ] Allocation Stall (Executor task launch worker for task 41.0 in stage 0.0 (TID 41)) 2.102ms
[188.641s][info][gc          ] Relocation Stall (Executor task launch worker for task 23.0 in stage 0.0 (TID 23)) 0.686ms
[188.641s][info][gc          ] Allocation Stall (Executor task launch worker for task 1.0 in stage 0.0 (TID 1)) 0.848ms
[188.642s][info][gc          ] Allocation Stall (Executor task launch worker for task 30.0 in stage 0.0 (TID 30)) 0.577ms
[188.642s][info][gc          ] Allocation Stall (Executor task launch worker for task 10.0 in stage 0.0 (TID 10)) 0.597ms
[188.642s][info][gc          ] Allocation Stall (Executor task launch worker for task 37.0 in stage 0.0 (TID 37)) 0.092ms
[188.649s][info][gc          ] Allocation Stall (Executor task launch worker for task 7.0 in stage 0.0 (TID 7)) 1.269ms
[188.649s][info][gc          ] Allocation Stall (Executor task launch worker for task 19.0 in stage 0.0 (TID 19)) 1.590ms
[188.649s][info][gc          ] Allocation Stall (Executor task launch worker for task 24.0 in stage 0.0 (TID 24)) 1.818ms
[188.652s][info][gc          ] Allocation Stall (Executor task launch worker for task 4.0 in stage 0.0 (TID 4)) 4.800ms
[188.660s][info][gc          ] Allocation Stall (Executor task launch worker for task 13.0 in stage 0.0 (TID 13)) 10.371ms
[188.660s][info][gc          ] Allocation Stall (Executor task launch worker for task 0.0 in stage 0.0 (TID 0)) 10.951ms
[188.660s][info][gc          ] Allocation Stall (Executor task launch worker for task 10.0 in stage 0.0 (TID 10)) 10.339ms
[188.660s][info][gc,phases   ] GC(116) Concurrent Relocate 20.162ms
[188.660s][info][gc          ] Allocation Stall (Executor task launch worker for task 15.0 in stage 0.0 (TID 15)) 11.607ms
[188.660s][info][gc          ] Allocation Stall (Executor task launch worker for task 37.0 in stage 0.0 (TID 37)) 10.323ms
[188.660s][info][gc          ] Allocation Stall (Executor task launch worker for task 31.0 in stage 0.0 (TID 31)) 10.401ms
[188.660s][info][gc          ] Allocation Stall (Executor task launch worker for task 45.0 in stage 0.0 (TID 45)) 11.575ms
[188.660s][info][gc          ] Allocation Stall (Executor task launch worker for task 5.0 in stage 0.0 (TID 5)) 10.325ms
[188.660s][info][gc,load     ] GC(116) Load: 0.00/0.00/0.00
[188.660s][info][gc          ] Allocation Stall (Executor task launch worker for task 24.0 in stage 0.0 (TID 24)) 10.609ms
[188.661s][info][gc,mmu      ] GC(116) MMU: 2ms/95.7%, 5ms/98.3%, 10ms/99.1%, 20ms/99.5%, 50ms/99.8%, 100ms/99.8%
[188.661s][info][gc          ] Allocation Stall (Executor task launch worker for task 6.0 in stage 0.0 (TID 6)) 10.728ms
[188.661s][info][gc          ] Allocation Stall (Executor task launch worker for task 30.0 in stage 0.0 (TID 30)) 10.684ms
[188.661s][info][gc,marking  ] GC(116) Mark: 4 stripe(s), 2 proactive flush(es), 1 terminate flush(es), 0 completion(s), 0 continuation(s) 
[188.661s][info][gc          ] Allocation Stall (Executor task launch worker for task 20.0 in stage 0.0 (TID 20)) 10.663ms
[188.661s][info][gc          ] Allocation Stall (Executor task launch worker for task 34.0 in stage 0.0 (TID 34)) 10.675ms
[188.661s][info][gc,marking  ] GC(116) Mark Stack Usage: 32M
[188.661s][info][gc          ] Allocation Stall (Executor task launch worker for task 16.0 in stage 0.0 (TID 16)) 10.629ms
[188.661s][info][gc          ] Allocation Stall (Executor task launch worker for task 7.0 in stage 0.0 (TID 7)) 10.613ms
[188.661s][info][gc,nmethod  ] GC(116) NMethods: 4657 registered, 253 unregistered
[188.661s][info][gc          ] Allocation Stall (Executor task launch worker for task 17.0 in stage 0.0 (TID 17)) 10.629ms
[188.661s][info][gc          ] Allocation Stall (Executor task launch worker for task 27.0 in stage 0.0 (TID 27)) 10.627ms
[188.661s][info][gc,metaspace] GC(116) Metaspace: 113M used, 116M committed, 1152M reserved
[188.661s][info][gc          ] Allocation Stall (Executor task launch worker for task 42.0 in stage 0.0 (TID 42)) 10.659ms
[188.661s][info][gc          ] Allocation Stall (Executor task launch worker for task 25.0 in stage 0.0 (TID 25)) 10.652ms
[188.661s][info][gc,ref      ] GC(116) Soft: 2808 encountered, 534 discovered, 0 enqueued
[188.661s][info][gc          ] Allocation Stall (Executor task launch worker for task 29.0 in stage 0.0 (TID 29)) 10.732ms
[188.661s][info][gc          ] Allocation Stall (Executor task launch worker for task 38.0 in stage 0.0 (TID 38)) 10.380ms
[188.661s][info][gc          ] Allocation Stall (Executor task launch worker for task 40.0 in stage 0.0 (TID 40)) 10.514ms
[188.661s][info][gc,ref      ] GC(116) Weak: 13104 encountered, 3078 discovered, 1 enqueued
[188.661s][info][gc          ] Allocation Stall (Executor task launch worker for task 36.0 in stage 0.0 (TID 36)) 10.540ms
[188.661s][info][gc          ] Allocation Stall (Executor task launch worker for task 47.0 in stage 0.0 (TID 47)) 10.339ms
[188.662s][info][gc,ref      ] GC(116) Final: 40 encountered, 0 discovered, 0 enqueued
[188.662s][info][gc          ] Allocation Stall (Executor task launch worker for task 19.0 in stage 0.0 (TID 19)) 10.308ms
[188.662s][info][gc          ] Allocation Stall (Executor task launch worker for task 33.0 in stage 0.0 (TID 33)) 9.861ms
[188.662s][info][gc,ref      ] GC(116) Phantom: 750 encountered, 657 discovered, 0 enqueued
[188.662s][info][gc          ] Allocation Stall (Executor task launch worker for task 9.0 in stage 0.0 (TID 9)) 9.905ms
[188.662s][info][gc          ] Allocation Stall (Executor task launch worker for task 28.0 in stage 0.0 (TID 28)) 9.906ms
[188.662s][info][gc,reloc    ] GC(116) Small Pages: 74 / 148M, Empty: 32M, Relocated: 6M, In-Place: 4
[188.662s][info][gc          ] Allocation Stall (Executor task launch worker for task 43.0 in stage 0.0 (TID 43)) 9.965ms
[188.662s][info][gc,reloc    ] GC(116) Medium Pages: 2 / 32M, Empty: 0M, Relocated: 6M, In-Place: 1
[188.662s][info][gc          ] Allocation Stall (Executor task launch worker for task 14.0 in stage 0.0 (TID 14)) 10.094ms
[188.662s][info][gc,reloc    ] GC(116) Large Pages: 65 / 316M, Empty: 0M, Relocated: 0M, In-Place: 0
[188.662s][info][gc          ] Allocation Stall (Executor task launch worker for task 3.0 in stage 0.0 (TID 3)) 9.313ms
[188.662s][info][gc          ] Allocation Stall (Executor task launch worker for task 23.0 in stage 0.0 (TID 23)) 9.306ms
[188.662s][info][gc,reloc    ] GC(116) Forwarding Usage: 0M
[188.662s][info][gc          ] Allocation Stall (Executor task launch worker for task 22.0 in stage 0.0 (TID 22)) 9.280ms
[188.662s][info][gc          ] Allocation Stall (Executor task launch worker for task 26.0 in stage 0.0 (TID 26)) 8.998ms
[188.662s][info][gc,heap     ] GC(116) Min Capacity: 8M(2%)
[188.663s][info][gc          ] Allocation Stall (Executor task launch worker for task 8.0 in stage 0.0 (TID 8)) 8.968ms
[188.663s][info][gc          ] Allocation Stall (Executor task launch worker for task 18.0 in stage 0.0 (TID 18)) 9.013ms
[188.663s][info][gc,heap     ] GC(116) Max Capacity: 512M(100%)
[188.663s][info][gc          ] Allocation Stall (Executor task launch worker for task 32.0 in stage 0.0 (TID 32)) 8.932ms
[188.663s][info][gc,heap     ] GC(116) Soft Max Capacity: 512M(100%)
[188.663s][info][gc          ] Allocation Stall (Executor task launch worker for task 4.0 in stage 0.0 (TID 4)) 9.013ms
[188.663s][info][gc,heap     ] GC(116)                Mark Start          Mark End        Relocate Start      Relocate End           High               Low         
[188.663s][info][gc          ] Allocation Stall (Executor task launch worker for task 41.0 in stage 0.0 (TID 41)) 8.878ms
[188.663s][info][gc          ] Allocation Stall (Executor task launch worker for task 39.0 in stage 0.0 (TID 39)) 8.939ms
[188.663s][info][gc,heap     ] GC(116)  Capacity:      512M (100%)        512M (100%)        512M (100%)        512M (100%)        512M (100%)        512M (100%)   
[188.663s][info][gc          ] Allocation Stall (Executor task launch worker for task 2.0 in stage 0.0 (TID 2)) 8.996ms
[188.663s][info][gc          ] Allocation Stall (Executor task launch worker for task 12.0 in stage 0.0 (TID 12)) 8.886ms
[188.663s][info][gc,heap     ] GC(116)      Free:        6M (1%)            0M (0%)            0M (0%)            0M (0%)           32M (6%)            0M (0%)     
[188.663s][info][gc          ] Allocation Stall (Executor task launch worker for task 35.0 in stage 0.0 (TID 35)) 8.951ms
[188.663s][info][gc,heap     ] GC(116)      Used:      506M (99%)         512M (100%)        512M (100%)        512M (100%)        512M (100%)        480M (94%)    
[188.663s][info][gc          ] Allocation Stall (Executor task launch worker for task 11.0 in stage 0.0 (TID 11)) 9.115ms
[188.664s][info][gc,heap     ] GC(116)      Live:         -               386M (75%)         386M (75%)         386M (75%)            -                  -          
[188.664s][info][gc          ] Allocation Stall (Executor task launch worker for task 46.0 in stage 0.0 (TID 46)) 9.172ms
[188.664s][info][gc,heap     ] GC(116) Allocated:         -                 6M (1%)           38M (7%)           91M (18%)            -                  -          
[188.664s][info][gc          ] Allocation Stall (Executor task launch worker for task 21.0 in stage 0.0 (TID 21)) 9.254ms
[188.664s][info][gc,heap     ] GC(116)   Garbage:         -               119M (23%)          87M (17%)          33M (7%)             -                  -          
[188.664s][info][gc,heap     ] GC(116) Reclaimed:         -                  -                32M (6%)           85M (17%)            -                  -          
[188.664s][info][gc          ] GC(116) Garbage Collection (Allocation Stall) 506M(99%)->512M(100%)
[188.664s][info][gc          ] Allocation Stall (Executor task launch worker for task 44.0 in stage 0.0 (TID 44)) 9.464ms
[188.669s][info][gc          ] Allocation Stall (Executor task launch worker for task 13.0 in stage 0.0 (TID 13)) 5.875ms
[188.669s][info][gc,start    ] GC(117) Garbage Collection (Allocation Stall)
[188.669s][info][gc,ref      ] GC(117) Clearing All SoftReferences
[188.669s][info][gc,task     ] GC(117) Using 5 workers
[188.675s][info][gc,ref      ] GC(117) Clearing All SoftReferences
[188.675s][info][gc,phases   ] GC(117) Pause Mark Start 0.042ms
[188.722s][info][gc,phases   ] GC(117) Concurrent Mark 46.737ms
[188.722s][info][gc,phases   ] GC(117) Pause Mark End 0.014ms
[188.722s][info][gc,phases   ] GC(117) Concurrent Mark Free 0.002ms
[188.725s][info][gc,phases   ] GC(117) Concurrent Process Non-Strong References 3.079ms
[188.725s][info][gc,phases   ] GC(117) Concurrent Reset Relocation Set 0.006ms
[188.729s][info][gc          ] Allocation Stall (Executor task launch worker for task 33.0 in stage 0.0 (TID 33)) 53.586ms
[188.729s][info][gc          ] Allocation Stall (Executor task launch worker for task 22.0 in stage 0.0 (TID 22)) 53.616ms
[188.729s][info][gc          ] Allocation Stall (Executor task launch worker for task 24.0 in stage 0.0 (TID 24)) 53.618ms
[188.729s][info][gc          ] Allocation Stall (Executor task launch worker for task 30.0 in stage 0.0 (TID 30)) 53.593ms
[188.729s][info][gc          ] Allocation Stall (Executor task launch worker for task 27.0 in stage 0.0 (TID 27)) 53.578ms
[188.729s][info][gc          ] Allocation Stall (Executor task launch worker for task 13.0 in stage 0.0 (TID 13)) 53.650ms
[188.729s][info][gc          ] Allocation Stall (Executor task launch worker for task 8.0 in stage 0.0 (TID 8)) 53.636ms
[188.729s][info][gc          ] Allocation Stall (Executor task launch worker for task 9.0 in stage 0.0 (TID 9)) 53.633ms
[188.729s][info][gc          ] Allocation Stall (Executor task launch worker for task 29.0 in stage 0.0 (TID 29)) 53.578ms
[188.729s][info][gc          ] Allocation Stall (Executor task launch worker for task 0.0 in stage 0.0 (TID 0)) 60.178ms
[188.729s][info][gc          ] Allocation Stall (Executor task launch worker for task 35.0 in stage 0.0 (TID 35)) 53.684ms
[188.729s][info][gc          ] Allocation Stall (Executor task launch worker for task 25.0 in stage 0.0 (TID 25)) 60.099ms
[188.729s][info][gc          ] Allocation Stall (Executor task launch worker for task 44.0 in stage 0.0 (TID 44)) 53.654ms
[188.729s][info][gc          ] Allocation Stall (Executor task launch worker for task 16.0 in stage 0.0 (TID 16)) 60.275ms
[188.729s][info][gc          ] Allocation Stall (Executor task launch worker for task 17.0 in stage 0.0 (TID 17)) 60.284ms
[188.729s][info][gc          ] Allocation Stall (Executor task launch worker for task 19.0 in stage 0.0 (TID 19)) 60.203ms
[188.729s][info][gc,phases   ] GC(117) Concurrent Select Relocation Set 3.633ms
[188.729s][info][gc          ] Allocation Stall (Executor task launch worker for task 43.0 in stage 0.0 (TID 43)) 53.946ms
[188.729s][info][gc          ] Allocation Stall (Executor task launch worker for task 42.0 in stage 0.0 (TID 42)) 53.977ms
[188.729s][info][gc          ] Allocation Stall (Executor task launch worker for task 47.0 in stage 0.0 (TID 47)) 54.144ms
[188.729s][info][gc          ] Allocation Stall (Executor task launch worker for task 39.0 in stage 0.0 (TID 39)) 54.139ms
[188.729s][info][gc          ] Allocation Stall (Executor task launch worker for task 10.0 in stage 0.0 (TID 10)) 54.222ms
[188.729s][info][gc          ] Allocation Stall (Executor task launch worker for task 2.0 in stage 0.0 (TID 2)) 54.264ms
[188.730s][info][gc          ] Allocation Stall (Executor task launch worker for task 1.0 in stage 0.0 (TID 1)) 54.281ms
[188.730s][info][gc          ] Allocation Stall (Executor task launch worker for task 45.0 in stage 0.0 (TID 45)) 54.345ms
[188.730s][info][gc          ] Allocation Stall (Executor task launch worker for task 7.0 in stage 0.0 (TID 7)) 54.378ms
[188.730s][info][gc,phases   ] GC(117) Pause Relocate Start 0.006ms
[188.731s][info][gc          ] Allocation Stall (Executor task launch worker for task 26.0 in stage 0.0 (TID 26)) 55.496ms
[188.731s][info][gc          ] Allocation Stall (Executor task launch worker for task 32.0 in stage 0.0 (TID 32)) 55.562ms
[188.731s][info][gc          ] Allocation Stall (Spark Context Cleaner) 55.540ms
[188.731s][info][gc          ] Allocation Stall (Executor task launch worker for task 31.0 in stage 0.0 (TID 31)) 55.654ms
[188.731s][info][gc          ] Allocation Stall (Executor task launch worker for task 36.0 in stage 0.0 (TID 36)) 55.762ms
[188.731s][info][gc          ] Allocation Stall (Executor task launch worker for task 11.0 in stage 0.0 (TID 11)) 55.730ms
[188.731s][info][gc          ] Allocation Stall (Executor task launch worker for task 4.0 in stage 0.0 (TID 4)) 55.775ms
[188.731s][info][gc          ] Allocation Stall (Executor task launch worker for task 1.0 in stage 0.0 (TID 1)) 0.294ms
[188.731s][info][gc          ] Allocation Stall (Executor task launch worker for task 12.0 in stage 0.0 (TID 12)) 55.815ms
[188.731s][info][gc          ] Allocation Stall (Executor task launch worker for task 14.0 in stage 0.0 (TID 14)) 55.867ms
[188.731s][info][gc          ] Allocation Stall (Executor task launch worker for task 40.0 in stage 0.0 (TID 40)) 55.931ms
[188.731s][info][gc          ] Allocation Stall (Executor task launch worker for task 21.0 in stage 0.0 (TID 21)) 55.902ms
[188.731s][info][gc          ] Allocation Stall (Executor task launch worker for task 38.0 in stage 0.0 (TID 38)) 55.942ms
[188.731s][info][gc          ] Allocation Stall (Executor task launch worker for task 28.0 in stage 0.0 (TID 28)) 55.907ms
[188.731s][info][gc          ] Allocation Stall (Executor task launch worker for task 3.0 in stage 0.0 (TID 3)) 55.996ms
[188.731s][info][gc          ] Allocation Stall (Executor task launch worker for task 37.0 in stage 0.0 (TID 37)) 55.974ms
[188.731s][info][gc          ] Allocation Stall (Executor task launch worker for task 6.0 in stage 0.0 (TID 6)) 55.937ms
[188.731s][info][gc          ] Allocation Stall (Executor task launch worker for task 34.0 in stage 0.0 (TID 34)) 56.012ms
[188.731s][info][gc          ] Allocation Stall (Executor task launch worker for task 15.0 in stage 0.0 (TID 15)) 55.968ms
[188.731s][info][gc          ] Allocation Stall (Executor task launch worker for task 20.0 in stage 0.0 (TID 20)) 56.079ms
[188.731s][info][gc          ] Allocation Stall (Executor task launch worker for task 23.0 in stage 0.0 (TID 23)) 56.115ms
[188.731s][info][gc          ] Allocation Stall (Executor task launch worker for task 41.0 in stage 0.0 (TID 41)) 56.141ms
[188.731s][info][gc          ] Allocation Stall (Executor task launch worker for task 5.0 in stage 0.0 (TID 5)) 56.178ms
[188.731s][info][gc          ] Allocation Stall (Executor task launch worker for task 46.0 in stage 0.0 (TID 46)) 56.154ms
[188.732s][info][gc          ] Allocation Stall (Executor task launch worker for task 18.0 in stage 0.0 (TID 18)) 56.314ms
[188.738s][info][gc          ] Allocation Stall (Executor task launch worker for task 13.0 in stage 0.0 (TID 13)) 0.003ms
[188.738s][info][gc          ] Allocation Stall (Executor task launch worker for task 23.0 in stage 0.0 (TID 23)) 0.105ms
[188.749s][info][gc          ] Allocation Stall (Executor task launch worker for task 19.0 in stage 0.0 (TID 19)) 6.854ms
[188.749s][info][gc          ] Allocation Stall (Executor task launch worker for task 13.0 in stage 0.0 (TID 13)) 7.565ms
[188.749s][info][gc          ] Allocation Stall (Executor task launch worker for task 43.0 in stage 0.0 (TID 43)) 5.600ms
[188.749s][info][gc          ] Allocation Stall (Executor task launch worker for task 22.0 in stage 0.0 (TID 22)) 6.157ms
[188.749s][info][gc          ] Allocation Stall (Executor task launch worker for task 4.0 in stage 0.0 (TID 4)) 5.522ms
[188.749s][info][gc          ] Allocation Stall (Executor task launch worker for task 16.0 in stage 0.0 (TID 16)) 6.433ms
[188.749s][info][gc          ] Allocation Stall (Executor task launch worker for task 21.0 in stage 0.0 (TID 21)) 7.548ms
[188.749s][info][gc          ] Allocation Stall (Executor task launch worker for task 28.0 in stage 0.0 (TID 28)) 6.182ms
[188.750s][info][gc          ] Allocation Stall (Executor task launch worker for task 8.0 in stage 0.0 (TID 8)) 5.576ms
[188.750s][info][gc          ] Allocation Stall (Executor task launch worker for task 37.0 in stage 0.0 (TID 37)) 5.193ms
[188.750s][info][gc          ] Allocation Stall (Executor task launch worker for task 35.0 in stage 0.0 (TID 35)) 5.223ms
[188.750s][info][gc          ] Allocation Stall (Executor task launch worker for task 24.0 in stage 0.0 (TID 24)) 5.231ms
[188.752s][info][gc          ] Allocation Stall (Executor task launch worker for task 5.0 in stage 0.0 (TID 5)) 5.869ms
[188.752s][info][gc          ] Allocation Stall (Executor task launch worker for task 17.0 in stage 0.0 (TID 17)) 6.228ms
[188.752s][info][gc          ] Allocation Stall (Executor task launch worker for task 18.0 in stage 0.0 (TID 18)) 5.871ms
[188.752s][info][gc          ] Allocation Stall (Executor task launch worker for task 27.0 in stage 0.0 (TID 27)) 6.744ms
[188.752s][info][gc          ] Allocation Stall (Executor task launch worker for task 39.0 in stage 0.0 (TID 39)) 5.854ms
[188.752s][info][gc          ] Allocation Stall (Executor task launch worker for task 25.0 in stage 0.0 (TID 25)) 6.658ms
[188.752s][info][gc          ] Allocation Stall (Executor task launch worker for task 10.0 in stage 0.0 (TID 10)) 6.583ms
[188.752s][info][gc          ] Allocation Stall (Executor task launch worker for task 42.0 in stage 0.0 (TID 42)) 6.614ms
[188.752s][info][gc          ] Allocation Stall (Executor task launch worker for task 7.0 in stage 0.0 (TID 7)) 5.795ms
[188.752s][info][gc          ] Allocation Stall (Executor task launch worker for task 12.0 in stage 0.0 (TID 12)) 6.380ms
[188.752s][info][gc          ] Allocation Stall (Executor task launch worker for task 44.0 in stage 0.0 (TID 44)) 5.786ms
[188.752s][info][gc          ] Allocation Stall (Executor task launch worker for task 23.0 in stage 0.0 (TID 23)) 5.774ms
[188.752s][info][gc          ] Allocation Stall (Executor task launch worker for task 0.0 in stage 0.0 (TID 0)) 5.870ms
[188.752s][info][gc          ] Allocation Stall (Executor task launch worker for task 32.0 in stage 0.0 (TID 32)) 5.896ms
[188.752s][info][gc          ] Allocation Stall (Executor task launch worker for task 38.0 in stage 0.0 (TID 38)) 5.816ms
[188.752s][info][gc          ] Allocation Stall (Executor task launch worker for task 45.0 in stage 0.0 (TID 45)) 5.813ms
[188.752s][info][gc          ] Allocation Stall (Executor task launch worker for task 36.0 in stage 0.0 (TID 36)) 5.777ms
[188.752s][info][gc          ] Allocation Stall (Executor task launch worker for task 29.0 in stage 0.0 (TID 29)) 5.775ms
[188.752s][info][gc          ] Allocation Stall (Executor task launch worker for task 30.0 in stage 0.0 (TID 30)) 5.815ms
[188.752s][info][gc          ] Allocation Stall (Executor task launch worker for task 9.0 in stage 0.0 (TID 9)) 5.741ms
[188.752s][info][gc          ] Allocation Stall (Executor task launch worker for task 34.0 in stage 0.0 (TID 34)) 5.780ms
[188.752s][info][gc          ] Allocation Stall (Executor task launch worker for task 41.0 in stage 0.0 (TID 41)) 5.726ms
[188.752s][info][gc          ] Allocation Stall (Executor task launch worker for task 3.0 in stage 0.0 (TID 3)) 5.781ms
[188.752s][info][gc          ] Allocation Stall (Executor task launch worker for task 40.0 in stage 0.0 (TID 40)) 5.808ms
[188.753s][info][gc          ] Allocation Stall (Executor task launch worker for task 31.0 in stage 0.0 (TID 31)) 5.830ms
[188.753s][info][gc          ] Allocation Stall (Executor task launch worker for task 20.0 in stage 0.0 (TID 20)) 5.836ms
[188.753s][info][gc          ] Allocation Stall (Executor task launch worker for task 46.0 in stage 0.0 (TID 46)) 5.954ms
[188.753s][info][gc          ] Allocation Stall (Executor task launch worker for task 33.0 in stage 0.0 (TID 33)) 5.947ms
[188.753s][info][gc          ] Allocation Stall (Executor task launch worker for task 15.0 in stage 0.0 (TID 15)) 5.873ms
[188.753s][info][gc          ] Allocation Stall (Executor task launch worker for task 6.0 in stage 0.0 (TID 6)) 5.896ms
[188.753s][info][gc          ] Allocation Stall (Executor task launch worker for task 2.0 in stage 0.0 (TID 2)) 5.915ms
[188.753s][info][gc          ] Allocation Stall (Executor task launch worker for task 11.0 in stage 0.0 (TID 11)) 3.508ms
[188.753s][info][gc          ] Allocation Stall (Executor task launch worker for task 8.0 in stage 0.0 (TID 8)) 1.186ms
[188.753s][info][gc          ] Allocation Stall (Executor task launch worker for task 22.0 in stage 0.0 (TID 22)) 1.269ms
[188.753s][info][gc          ] Allocation Stall (Executor task launch worker for task 35.0 in stage 0.0 (TID 35)) 1.323ms
[188.753s][info][gc          ] Allocation Stall (Executor task launch worker for task 13.0 in stage 0.0 (TID 13)) 1.365ms
[188.770s][info][gc          ] Allocation Stall (Executor task launch worker for task 24.0 in stage 0.0 (TID 24)) 6.330ms
[188.770s][info][gc          ] Allocation Stall (Executor task launch worker for task 3.0 in stage 0.0 (TID 3)) 6.148ms
[188.770s][info][gc          ] Allocation Stall (Executor task launch worker for task 11.0 in stage 0.0 (TID 11)) 6.077ms
[188.770s][info][gc          ] Allocation Stall (Executor task launch worker for task 9.0 in stage 0.0 (TID 9)) 7.378ms
[188.770s][info][gc          ] Allocation Stall (Executor task launch worker for task 40.0 in stage 0.0 (TID 40)) 7.108ms
[188.770s][info][gc          ] Allocation Stall (Executor task launch worker for task 22.0 in stage 0.0 (TID 22)) 5.906ms
[188.770s][info][gc          ] Allocation Stall (Executor task launch worker for task 4.0 in stage 0.0 (TID 4)) 6.914ms
[188.770s][info][gc          ] Allocation Stall (Executor task launch worker for task 41.0 in stage 0.0 (TID 41)) 6.612ms
[188.770s][info][gc          ] Allocation Stall (Executor task launch worker for task 20.0 in stage 0.0 (TID 20)) 5.456ms
[188.770s][info][gc          ] Allocation Stall (Executor task launch worker for task 17.0 in stage 0.0 (TID 17)) 6.594ms
[188.770s][info][gc          ] Allocation Stall (Executor task launch worker for task 26.0 in stage 0.0 (TID 26)) 5.252ms
[188.770s][info][gc          ] Allocation Stall (Executor task launch worker for task 33.0 in stage 0.0 (TID 33)) 5.160ms
[188.771s][info][gc          ] Allocation Stall (Executor task launch worker for task 46.0 in stage 0.0 (TID 46)) 5.093ms
[188.771s][info][gc          ] Allocation Stall (Executor task launch worker for task 30.0 in stage 0.0 (TID 30)) 3.958ms
[188.771s][info][gc          ] Allocation Stall (Executor task launch worker for task 28.0 in stage 0.0 (TID 28)) 3.815ms
[188.774s][info][gc          ] Allocation Stall (Executor task launch worker for task 35.0 in stage 0.0 (TID 35)) 6.504ms
[188.774s][info][gc          ] Allocation Stall (Executor task launch worker for task 0.0 in stage 0.0 (TID 0)) 5.553ms
[188.779s][info][gc          ] Allocation Stall (Executor task launch worker for task 37.0 in stage 0.0 (TID 37)) 10.017ms
[188.782s][info][gc          ] Allocation Stall (Executor task launch worker for task 47.0 in stage 0.0 (TID 47)) 6.393ms
[188.782s][info][gc          ] Allocation Stall (Executor task launch worker for task 25.0 in stage 0.0 (TID 25)) 6.427ms
[188.782s][info][gc          ] Allocation Stall (Executor task launch worker for task 2.0 in stage 0.0 (TID 2)) 6.393ms
[188.782s][info][gc          ] Allocation Stall (Executor task launch worker for task 0.0 in stage 0.0 (TID 0)) 6.116ms
[188.783s][info][gc          ] Allocation Stall (Executor task launch worker for task 39.0 in stage 0.0 (TID 39)) 6.495ms
[188.783s][info][gc          ] Allocation Stall (Executor task launch worker for task 21.0 in stage 0.0 (TID 21)) 6.312ms
[188.783s][info][gc          ] Allocation Stall (Executor task launch worker for task 31.0 in stage 0.0 (TID 31)) 6.215ms
[188.783s][info][gc          ] Allocation Stall (Executor task launch worker for task 30.0 in stage 0.0 (TID 30)) 6.112ms
[188.784s][info][gc          ] Allocation Stall (Executor task launch worker for task 33.0 in stage 0.0 (TID 33)) 6.454ms
[188.784s][info][gc          ] Allocation Stall (Executor task launch worker for task 5.0 in stage 0.0 (TID 5)) 6.377ms
[188.784s][info][gc          ] Allocation Stall (Executor task launch worker for task 42.0 in stage 0.0 (TID 42)) 6.283ms
[188.784s][info][gc          ] Allocation Stall (Executor task launch worker for task 22.0 in stage 0.0 (TID 22)) 6.278ms
[188.784s][info][gc          ] Allocation Stall (Executor task launch worker for task 43.0 in stage 0.0 (TID 43)) 3.940ms
[188.784s][info][gc          ] Allocation Stall (Executor task launch worker for task 13.0 in stage 0.0 (TID 13)) 3.698ms
[188.784s][info][gc          ] Allocation Stall (Executor task launch worker for task 32.0 in stage 0.0 (TID 32)) 3.703ms
[188.784s][info][gc          ] Allocation Stall (Executor task launch worker for task 12.0 in stage 0.0 (TID 12)) 3.728ms
[188.784s][info][gc          ] Allocation Stall (Executor task launch worker for task 10.0 in stage 0.0 (TID 10)) 3.523ms
[188.784s][info][gc          ] Allocation Stall (Executor task launch worker for task 18.0 in stage 0.0 (TID 18)) 3.401ms
[188.784s][info][gc          ] Allocation Stall (Executor task launch worker for task 7.0 in stage 0.0 (TID 7)) 3.420ms
[188.784s][info][gc          ] Allocation Stall (Executor task launch worker for task 16.0 in stage 0.0 (TID 16)) 3.369ms
[188.784s][info][gc          ] Allocation Stall (Executor task launch worker for task 36.0 in stage 0.0 (TID 36)) 3.382ms
[188.788s][info][gc,phases   ] GC(117) Concurrent Relocate 57.041ms
[188.788s][info][gc,load     ] GC(117) Load: 0.00/0.00/0.00
[188.788s][info][gc,mmu      ] GC(117) MMU: 2ms/95.7%, 5ms/98.3%, 10ms/99.1%, 20ms/99.5%, 50ms/99.8%, 100ms/99.8%
[188.788s][info][gc,marking  ] GC(117) Mark: 4 stripe(s), 2 proactive flush(es), 1 terminate flush(es), 0 completion(s), 0 continuation(s) 
[188.788s][info][gc,marking  ] GC(117) Mark Stack Usage: 32M
[188.788s][info][gc,nmethod  ] GC(117) NMethods: 4659 registered, 253 unregistered
[188.788s][info][gc,metaspace] GC(117) Metaspace: 113M used, 116M committed, 1152M reserved
[188.788s][info][gc,ref      ] GC(117) Soft: 2808 encountered, 2218 discovered, 0 enqueued
[188.788s][info][gc,ref      ] GC(117) Weak: 13105 encountered, 4023 discovered, 3 enqueued
[188.788s][info][gc,ref      ] GC(117) Final: 40 encountered, 7 discovered, 0 enqueued
[188.788s][info][gc,ref      ] GC(117) Phantom: 750 encountered, 681 discovered, 0 enqueued
[188.788s][info][gc,reloc    ] GC(117) Small Pages: 80 / 160M, Empty: 20M, Relocated: 6M, In-Place: 4
[188.788s][info][gc,reloc    ] GC(117) Medium Pages: 2 / 32M, Empty: 0M, Relocated: 7M, In-Place: 1
[188.788s][info][gc,reloc    ] GC(117) Large Pages: 66 / 320M, Empty: 12M, Relocated: 0M, In-Place: 0
[188.788s][info][gc,reloc    ] GC(117) Forwarding Usage: 0M
[188.788s][info][gc,heap     ] GC(117) Min Capacity: 8M(2%)
[188.788s][info][gc,heap     ] GC(117) Max Capacity: 512M(100%)
[188.788s][info][gc,heap     ] GC(117) Soft Max Capacity: 512M(100%)
[188.788s][info][gc,heap     ] GC(117)                Mark Start          Mark End        Relocate Start      Relocate End           High               Low         
[188.788s][info][gc,heap     ] GC(117)  Capacity:      512M (100%)        512M (100%)        512M (100%)        512M (100%)        512M (100%)        512M (100%)   
[188.788s][info][gc,heap     ] GC(117)      Free:        0M (0%)            0M (0%)            0M (0%)           18M (4%)           46M (9%)            0M (0%)     
[188.788s][info][gc,heap     ] GC(117)      Used:      512M (100%)        512M (100%)        512M (100%)        494M (96%)         512M (100%)        466M (91%)    
[188.788s][info][gc,heap     ] GC(117)      Live:         -               379M (74%)         379M (74%)         379M (74%)            -                  -          
[188.788s][info][gc,heap     ] GC(117) Allocated:         -                 0M (0%)           32M (6%)           91M (18%)            -                  -          
[188.788s][info][gc,heap     ] GC(117)   Garbage:         -               132M (26%)         100M (20%)          22M (4%)             -                  -          
[188.788s][info][gc,heap     ] GC(117) Reclaimed:         -                  -                32M (6%)          109M (21%)            -                  -          
[188.788s][info][gc          ] GC(117) Garbage Collection (Allocation Stall) 512M(100%)->494M(96%)
[188.790s][info][gc,start    ] GC(118) Garbage Collection (Allocation Stall)
[188.790s][info][gc,ref      ] GC(118) Clearing All SoftReferences
[188.790s][info][gc,task     ] GC(118) Using 5 workers
[188.791s][info][gc,ref      ] GC(118) Clearing All SoftReferences
[188.791s][info][gc,phases   ] GC(118) Pause Mark Start 0.037ms
[188.791s][info][gc          ] Allocation Stall (Executor task launch worker for task 3.0 in stage 0.0 (TID 3)) 0.902ms
[188.791s][info][gc          ] Allocation Stall (Executor task launch worker for task 39.0 in stage 0.0 (TID 39)) 0.894ms
[188.791s][info][gc          ] Allocation Stall (Executor task launch worker for task 16.0 in stage 0.0 (TID 16)) 0.906ms
[188.791s][info][gc          ] Allocation Stall (Executor task launch worker for task 43.0 in stage 0.0 (TID 43)) 1.139ms
[188.791s][info][gc          ] Allocation Stall (Executor task launch worker for task 44.0 in stage 0.0 (TID 44)) 1.179ms
[188.791s][info][gc          ] Allocation Stall (Executor task launch worker for task 47.0 in stage 0.0 (TID 47)) 1.221ms
[188.791s][info][gc          ] Allocation Stall (Executor task launch worker for task 11.0 in stage 0.0 (TID 11)) 1.258ms
[188.791s][info][gc          ] Allocation Stall (Executor task launch worker for task 24.0 in stage 0.0 (TID 24)) 1.298ms
[188.827s][info][gc,phases   ] GC(118) Concurrent Mark 36.360ms
[188.827s][info][gc,phases   ] GC(118) Pause Mark End 0.016ms
[188.827s][info][gc,phases   ] GC(118) Concurrent Mark Free 0.001ms
[188.830s][info][gc,phases   ] GC(118) Concurrent Process Non-Strong References 2.262ms
[188.830s][info][gc,phases   ] GC(118) Concurrent Reset Relocation Set 0.007ms
[188.833s][info][gc          ] Allocation Stall (Executor task launch worker for task 32.0 in stage 0.0 (TID 32)) 42.157ms
[188.833s][info][gc          ] Allocation Stall (Executor task launch worker for task 22.0 in stage 0.0 (TID 22)) 42.159ms
[188.833s][info][gc          ] Allocation Stall (Executor task launch worker for task 29.0 in stage 0.0 (TID 29)) 43.099ms
[188.833s][info][gc          ] Allocation Stall (Executor task launch worker for task 15.0 in stage 0.0 (TID 15)) 42.166ms
[188.833s][info][gc          ] Allocation Stall (Executor task launch worker for task 9.0 in stage 0.0 (TID 9)) 42.224ms
[188.833s][info][gc          ] Allocation Stall (Executor task launch worker for task 4.0 in stage 0.0 (TID 4)) 42.237ms
[188.833s][info][gc          ] Allocation Stall (Executor task launch worker for task 38.0 in stage 0.0 (TID 38)) 42.258ms
[188.833s][info][gc          ] Allocation Stall (Executor task launch worker for task 30.0 in stage 0.0 (TID 30)) 42.255ms
[188.833s][info][gc          ] Allocation Stall (Executor task launch worker for task 27.0 in stage 0.0 (TID 27)) 42.258ms
[188.833s][info][gc          ] Allocation Stall (Executor task launch worker for task 28.0 in stage 0.0 (TID 28)) 42.233ms
[188.833s][info][gc          ] Allocation Stall (Executor task launch worker for task 23.0 in stage 0.0 (TID 23)) 42.253ms
[188.833s][info][gc          ] Allocation Stall (Executor task launch worker for task 21.0 in stage 0.0 (TID 21)) 42.177ms
[188.833s][info][gc          ] Allocation Stall (Executor task launch worker for task 12.0 in stage 0.0 (TID 12)) 42.204ms
[188.833s][info][gc          ] Allocation Stall (Executor task launch worker for task 5.0 in stage 0.0 (TID 5)) 42.252ms
[188.833s][info][gc          ] Allocation Stall (Executor task launch worker for task 6.0 in stage 0.0 (TID 6)) 42.216ms
[188.833s][info][gc,phases   ] GC(118) Concurrent Select Relocation Set 3.538ms
[188.833s][info][gc          ] Allocation Stall (Executor task launch worker for task 33.0 in stage 0.0 (TID 33)) 42.340ms
[188.833s][info][gc          ] Allocation Stall (Executor task launch worker for task 10.0 in stage 0.0 (TID 10)) 42.345ms
[188.833s][info][gc          ] Allocation Stall (Executor task launch worker for task 17.0 in stage 0.0 (TID 17)) 42.344ms
[188.833s][info][gc          ] Allocation Stall (Executor task launch worker for task 25.0 in stage 0.0 (TID 25)) 42.372ms
[188.834s][info][gc          ] Allocation Stall (Executor task launch worker for task 2.0 in stage 0.0 (TID 2)) 42.432ms
[188.834s][info][gc          ] Allocation Stall (Executor task launch worker for task 31.0 in stage 0.0 (TID 31)) 42.468ms
[188.834s][info][gc          ] Allocation Stall (Executor task launch worker for task 0.0 in stage 0.0 (TID 0)) 42.574ms
[188.834s][info][gc          ] Allocation Stall (Executor task launch worker for task 37.0 in stage 0.0 (TID 37)) 42.626ms
[188.834s][info][gc          ] Allocation Stall (Executor task launch worker for task 46.0 in stage 0.0 (TID 46)) 42.657ms
[188.834s][info][gc          ] Allocation Stall (Executor task launch worker for task 35.0 in stage 0.0 (TID 35)) 42.757ms
[188.834s][info][gc          ] Allocation Stall (Executor task launch worker for task 19.0 in stage 0.0 (TID 19)) 42.827ms
[188.834s][info][gc          ] Allocation Stall (Executor task launch worker for task 13.0 in stage 0.0 (TID 13)) 42.887ms
[188.834s][info][gc,phases   ] GC(118) Pause Relocate Start 0.006ms
[188.835s][info][gc          ] Allocation Stall (Executor task launch worker for task 7.0 in stage 0.0 (TID 7)) 40.169ms
[188.835s][info][gc          ] Allocation Stall (Executor task launch worker for task 44.0 in stage 0.0 (TID 44)) 40.109ms
[188.835s][info][gc          ] Allocation Stall (Executor task launch worker for task 42.0 in stage 0.0 (TID 42)) 43.437ms
[188.835s][info][gc          ] Allocation Stall (Executor task launch worker for task 20.0 in stage 0.0 (TID 20)) 39.983ms
[188.835s][info][gc          ] Allocation Stall (Executor task launch worker for task 36.0 in stage 0.0 (TID 36)) 40.164ms
[188.835s][info][gc          ] Allocation Stall (Executor task launch worker for task 16.0 in stage 0.0 (TID 16)) 39.798ms
[188.835s][info][gc          ] Allocation Stall (Executor task launch worker for task 14.0 in stage 0.0 (TID 14)) 39.807ms
[188.835s][info][gc          ] Allocation Stall (Executor task launch worker for task 34.0 in stage 0.0 (TID 34)) 39.892ms
[188.835s][info][gc          ] Allocation Stall (Executor task launch worker for task 8.0 in stage 0.0 (TID 8)) 43.475ms
[188.835s][info][gc          ] Allocation Stall (Executor task launch worker for task 18.0 in stage 0.0 (TID 18)) 43.479ms
[188.835s][info][gc          ] Allocation Stall (Executor task launch worker for task 3.0 in stage 0.0 (TID 3)) 39.862ms
[188.835s][info][gc          ] Relocation Stall (Executor task launch worker for task 43.0 in stage 0.0 (TID 43)) 0.067ms
[188.835s][info][gc          ] Relocation Stall (Executor task launch worker for task 22.0 in stage 0.0 (TID 22)) 0.078ms
[188.835s][info][gc          ] Allocation Stall (Executor task launch worker for task 11.0 in stage 0.0 (TID 11)) 39.902ms
[188.835s][info][gc          ] Allocation Stall (Executor task launch worker for task 47.0 in stage 0.0 (TID 47)) 39.934ms
[188.835s][info][gc          ] Allocation Stall (Executor task launch worker for task 24.0 in stage 0.0 (TID 24)) 39.785ms
[188.835s][info][gc          ] Allocation Stall (Executor task launch worker for task 26.0 in stage 0.0 (TID 26)) 39.550ms
[188.835s][info][gc          ] Allocation Stall (Executor task launch worker for task 45.0 in stage 0.0 (TID 45)) 39.682ms
[188.835s][info][gc          ] Allocation Stall (Executor task launch worker for task 40.0 in stage 0.0 (TID 40)) 39.587ms
[188.835s][info][gc          ] Allocation Stall (Executor task launch worker for task 39.0 in stage 0.0 (TID 39)) 39.604ms
[188.835s][info][gc          ] Allocation Stall (Executor task launch worker for task 1.0 in stage 0.0 (TID 1)) 39.168ms
[188.835s][info][gc          ] Allocation Stall (Executor task launch worker for task 41.0 in stage 0.0 (TID 41)) 32.531ms
[188.835s][info][gc          ] Allocation Stall (Executor task launch worker for task 38.0 in stage 0.0 (TID 38)) 0.922ms
[188.835s][info][gc          ] Allocation Stall (Executor task launch worker for task 43.0 in stage 0.0 (TID 43)) 40.606ms
[188.836s][info][gc          ] Allocation Stall (Executor task launch worker for task 5.0 in stage 0.0 (TID 5)) 0.035ms
[188.836s][info][gc          ] Allocation Stall (Executor task launch worker for task 20.0 in stage 0.0 (TID 20)) 0.117ms
[188.836s][info][gc          ] Allocation Stall (Executor task launch worker for task 14.0 in stage 0.0 (TID 14)) 0.063ms
[188.836s][info][gc          ] Allocation Stall (Executor task launch worker for task 6.0 in stage 0.0 (TID 6)) 0.089ms
[188.836s][info][gc          ] Relocation Stall (Executor task launch worker for task 17.0 in stage 0.0 (TID 17)) 0.247ms
[188.838s][info][gc          ] Relocation Stall (Executor task launch worker for task 12.0 in stage 0.0 (TID 12)) 2.714ms
[188.838s][info][gc          ] Relocation Stall (Executor task launch worker for task 18.0 in stage 0.0 (TID 18)) 2.395ms
[188.844s][info][gc          ] Relocation Stall (Executor task launch worker for task 17.0 in stage 0.0 (TID 17)) 3.601ms
[188.844s][info][gc          ] Relocation Stall (C1 CompilerThread3) 5.280ms
[188.844s][info][gc          ] Relocation Stall (Executor task launch worker for task 26.0 in stage 0.0 (TID 26)) 7.713ms
[188.844s][info][gc          ] Relocation Stall (Executor task launch worker for task 45.0 in stage 0.0 (TID 45)) 7.838ms
[188.844s][info][gc          ] Allocation Stall (Executor task launch worker for task 8.0 in stage 0.0 (TID 8)) 7.909ms
[188.844s][info][gc,phases   ] GC(118) Concurrent Relocate 9.747ms
[188.845s][info][gc,load     ] GC(118) Load: 0.00/0.00/0.00
[188.845s][info][gc          ] Allocation Stall (Executor task launch worker for task 19.0 in stage 0.0 (TID 19)) 5.822ms
[188.845s][info][gc          ] Allocation Stall (Executor task launch worker for task 3.0 in stage 0.0 (TID 3)) 5.844ms
[188.845s][info][gc          ] Allocation Stall (Executor task launch worker for task 47.0 in stage 0.0 (TID 47)) 5.764ms
[188.845s][info][gc          ] Allocation Stall (Executor task launch worker for task 25.0 in stage 0.0 (TID 25)) 5.924ms
[188.845s][info][gc          ] Allocation Stall (Executor task launch worker for task 11.0 in stage 0.0 (TID 11)) 5.899ms
[188.845s][info][gc          ] Allocation Stall (Executor task launch worker for task 4.0 in stage 0.0 (TID 4)) 5.846ms
[188.845s][info][gc          ] Allocation Stall (Executor task launch worker for task 0.0 in stage 0.0 (TID 0)) 6.108ms
[188.845s][info][gc,mmu      ] GC(118) MMU: 2ms/95.7%, 5ms/98.3%, 10ms/99.1%, 20ms/99.5%, 50ms/99.8%, 100ms/99.8%
[188.845s][info][gc          ] Allocation Stall (Executor task launch worker for task 20.0 in stage 0.0 (TID 20)) 6.104ms
[188.845s][info][gc          ] Allocation Stall (Executor task launch worker for task 7.0 in stage 0.0 (TID 7)) 6.143ms
[188.845s][info][gc,marking  ] GC(118) Mark: 4 stripe(s), 2 proactive flush(es), 1 terminate flush(es), 0 completion(s), 0 continuation(s) 
[188.845s][info][gc,marking  ] GC(118) Mark Stack Usage: 32M
[188.845s][info][gc          ] Allocation Stall (Executor task launch worker for task 27.0 in stage 0.0 (TID 27)) 6.216ms
[188.845s][info][gc,nmethod  ] GC(118) NMethods: 4661 registered, 253 unregistered
[188.845s][info][gc          ] Allocation Stall (Executor task launch worker for task 5.0 in stage 0.0 (TID 5)) 5.915ms
[188.845s][info][gc,metaspace] GC(118) Metaspace: 113M used, 116M committed, 1152M reserved
[188.845s][info][gc          ] Allocation Stall (Executor task launch worker for task 18.0 in stage 0.0 (TID 18)) 5.772ms
[188.845s][info][gc,ref      ] GC(118) Soft: 2808 encountered, 364 discovered, 0 enqueued
[188.845s][info][gc          ] Allocation Stall (Executor task launch worker for task 36.0 in stage 0.0 (TID 36)) 5.792ms
[188.845s][info][gc,ref      ] GC(118) Weak: 13104 encountered, 1596 discovered, 0 enqueued
[188.845s][info][gc          ] Allocation Stall (Executor task launch worker for task 40.0 in stage 0.0 (TID 40)) 5.793ms
[188.845s][info][gc,ref      ] GC(118) Final: 40 encountered, 0 discovered, 0 enqueued
[188.845s][info][gc          ] Allocation Stall (Executor task launch worker for task 1.0 in stage 0.0 (TID 1)) 5.559ms
[188.845s][info][gc,ref      ] GC(118) Phantom: 750 encountered, 551 discovered, 0 enqueued
[188.845s][info][gc          ] Allocation Stall (Executor task launch worker for task 33.0 in stage 0.0 (TID 33)) 5.583ms
[188.845s][info][gc,reloc    ] GC(118) Small Pages: 77 / 154M, Empty: 26M, Relocated: 6M, In-Place: 4
[188.846s][info][gc          ] Allocation Stall (Executor task launch worker for task 39.0 in stage 0.0 (TID 39)) 4.537ms
[188.846s][info][gc,reloc    ] GC(118) Medium Pages: 2 / 32M, Empty: 0M, Relocated: 8M, In-Place: 1
[188.846s][info][gc          ] Allocation Stall (Executor task launch worker for task 31.0 in stage 0.0 (TID 31)) 4.582ms
[188.846s][info][gc,reloc    ] GC(118) Large Pages: 66 / 320M, Empty: 4M, Relocated: 0M, In-Place: 0
[188.846s][info][gc          ] Allocation Stall (Executor task launch worker for task 10.0 in stage 0.0 (TID 10)) 4.586ms
[188.846s][info][gc,reloc    ] GC(118) Forwarding Usage: 0M
[188.846s][info][gc          ] Allocation Stall (Executor task launch worker for task 16.0 in stage 0.0 (TID 16)) 4.575ms
[188.846s][info][gc,heap     ] GC(118) Min Capacity: 8M(2%)
[188.846s][info][gc,heap     ] GC(118) Max Capacity: 512M(100%)
[188.846s][info][gc          ] Allocation Stall (Executor task launch worker for task 12.0 in stage 0.0 (TID 12)) 4.681ms
[188.846s][info][gc,heap     ] GC(118) Soft Max Capacity: 512M(100%)
[188.846s][info][gc          ] Allocation Stall (Executor task launch worker for task 23.0 in stage 0.0 (TID 23)) 4.764ms
[188.846s][info][gc,heap     ] GC(118)                Mark Start          Mark End        Relocate Start      Relocate End           High               Low         
[188.846s][info][gc          ] Allocation Stall (Executor task launch worker for task 22.0 in stage 0.0 (TID 22)) 4.833ms
[188.846s][info][gc,heap     ] GC(118)  Capacity:      512M (100%)        512M (100%)        512M (100%)        512M (100%)        512M (100%)        512M (100%)   
[188.846s][info][gc          ] Allocation Stall (Executor task launch worker for task 21.0 in stage 0.0 (TID 21)) 4.858ms
[188.846s][info][gc          ] Allocation Stall (Executor task launch worker for task 2.0 in stage 0.0 (TID 2)) 4.671ms
[188.846s][info][gc,heap     ] GC(118)      Free:        0M (0%)            0M (0%)            0M (0%)            0M (0%)           30M (6%)            0M (0%)     
[188.846s][info][gc          ] Allocation Stall (Executor task launch worker for task 30.0 in stage 0.0 (TID 30)) 4.688ms
[188.846s][info][gc          ] Allocation Stall (Executor task launch worker for task 6.0 in stage 0.0 (TID 6)) 4.627ms
[188.846s][info][gc,heap     ] GC(118)      Used:      512M (100%)        512M (100%)        512M (100%)        512M (100%)        512M (100%)        482M (94%)    
[188.846s][info][gc          ] Allocation Stall (Executor task launch worker for task 28.0 in stage 0.0 (TID 28)) 4.536ms
[188.846s][info][gc,heap     ] GC(118)      Live:         -               390M (76%)         390M (76%)         390M (76%)            -                  -          
[188.847s][info][gc          ] Allocation Stall (Executor task launch worker for task 9.0 in stage 0.0 (TID 9)) 4.495ms
[188.847s][info][gc,heap     ] GC(118) Allocated:         -                 0M (0%)           30M (6%)           93M (18%)            -                  -          
[188.847s][info][gc          ] Allocation Stall (Executor task launch worker for task 35.0 in stage 0.0 (TID 35)) 4.486ms
[188.847s][info][gc,heap     ] GC(118)   Garbage:         -               121M (24%)          91M (18%)          28M (6%)             -                  -          
[188.847s][info][gc          ] Allocation Stall (Executor task launch worker for task 29.0 in stage 0.0 (TID 29)) 4.582ms
[188.847s][info][gc,heap     ] GC(118) Reclaimed:         -                  -                30M (6%)           93M (18%)            -                  -          
[188.847s][info][gc          ] Allocation Stall (Executor task launch worker for task 24.0 in stage 0.0 (TID 24)) 4.175ms
[188.847s][info][gc          ] GC(118) Garbage Collection (Allocation Stall) 512M(100%)->512M(100%)
[188.847s][info][gc          ] Allocation Stall (Executor task launch worker for task 46.0 in stage 0.0 (TID 46)) 4.247ms
[188.847s][info][gc,start    ] GC(119) Garbage Collection (Allocation Stall)
[188.847s][info][gc          ] Allocation Stall (Executor task launch worker for task 37.0 in stage 0.0 (TID 37)) 4.322ms
[188.847s][info][gc,ref      ] GC(119) Clearing All SoftReferences
[188.847s][info][gc          ] Allocation Stall (Executor task launch worker for task 14.0 in stage 0.0 (TID 14)) 4.392ms
[188.847s][info][gc,task     ] GC(119) Using 5 workers
[188.847s][info][gc          ] Allocation Stall (Executor task launch worker for task 44.0 in stage 0.0 (TID 44)) 4.474ms
[188.848s][info][gc,ref      ] GC(119) Clearing All SoftReferences
[188.848s][info][gc,phases   ] GC(119) Pause Mark Start 0.063ms
[188.848s][info][gc          ] Allocation Stall (Executor task launch worker for task 43.0 in stage 0.0 (TID 43)) 5.484ms
[188.849s][info][gc          ] Allocation Stall (Executor task launch worker for task 42.0 in stage 0.0 (TID 42)) 5.462ms
[188.849s][info][gc          ] Allocation Stall (Spark Context Cleaner) 5.589ms
[188.890s][info][gc,phases   ] GC(119) Concurrent Mark 41.309ms
[188.890s][info][gc,phases   ] GC(119) Pause Mark End 0.013ms
[188.890s][info][gc,phases   ] GC(119) Concurrent Mark Free 0.001ms
[188.893s][info][gc,phases   ] GC(119) Concurrent Process Non-Strong References 2.546ms
[188.893s][info][gc,phases   ] GC(119) Concurrent Reset Relocation Set 0.006ms
[188.896s][info][gc          ] Allocation Stall (Executor task launch worker for task 11.0 in stage 0.0 (TID 11)) 47.579ms
[188.896s][info][gc          ] Allocation Stall (Executor task launch worker for task 17.0 in stage 0.0 (TID 17)) 51.502ms
[188.896s][info][gc          ] Allocation Stall (Executor task launch worker for task 32.0 in stage 0.0 (TID 32)) 52.515ms
[188.896s][info][gc          ] Allocation Stall (Executor task launch worker for task 8.0 in stage 0.0 (TID 8)) 47.582ms
[188.896s][info][gc          ] Allocation Stall (Executor task launch worker for task 38.0 in stage 0.0 (TID 38)) 52.985ms
[188.896s][info][gc          ] Allocation Stall (Executor task launch worker for task 15.0 in stage 0.0 (TID 15)) 52.642ms
[188.896s][info][gc          ] Allocation Stall (Executor task launch worker for task 45.0 in stage 0.0 (TID 45)) 51.451ms
[188.896s][info][gc          ] Allocation Stall (Executor task launch worker for task 41.0 in stage 0.0 (TID 41)) 52.898ms
[188.896s][info][gc          ] Allocation Stall (Executor task launch worker for task 47.0 in stage 0.0 (TID 47)) 49.010ms
[188.896s][info][gc          ] Allocation Stall (Executor task launch worker for task 26.0 in stage 0.0 (TID 26)) 51.520ms
[188.896s][info][gc          ] Allocation Stall (Executor task launch worker for task 36.0 in stage 0.0 (TID 36)) 47.599ms
[188.896s][info][gc,phases   ] GC(119) Concurrent Select Relocation Set 3.618ms
[188.896s][info][gc          ] Allocation Stall (Executor task launch worker for task 1.0 in stage 0.0 (TID 1)) 47.729ms
[188.896s][info][gc          ] Allocation Stall (Executor task launch worker for task 37.0 in stage 0.0 (TID 37)) 47.795ms
[188.896s][info][gc          ] Allocation Stall (Executor task launch worker for task 31.0 in stage 0.0 (TID 31)) 47.878ms
[188.896s][info][gc          ] Allocation Stall (Executor task launch worker for task 23.0 in stage 0.0 (TID 23)) 47.936ms
[188.897s][info][gc          ] Allocation Stall (Executor task launch worker for task 7.0 in stage 0.0 (TID 7)) 47.941ms
[188.897s][info][gc          ] Allocation Stall (Executor task launch worker for task 21.0 in stage 0.0 (TID 21)) 47.953ms
[188.897s][info][gc          ] Allocation Stall (Executor task launch worker for task 16.0 in stage 0.0 (TID 16)) 48.020ms
[188.897s][info][gc          ] Allocation Stall (Executor task launch worker for task 5.0 in stage 0.0 (TID 5)) 48.063ms
[188.897s][info][gc          ] Allocation Stall (Executor task launch worker for task 24.0 in stage 0.0 (TID 24)) 48.098ms
[188.897s][info][gc,phases   ] GC(119) Pause Relocate Start 0.005ms
[188.897s][info][gc          ] Allocation Stall (Executor task launch worker for task 0.0 in stage 0.0 (TID 0)) 48.555ms
[188.897s][info][gc          ] Allocation Stall (Executor task launch worker for task 12.0 in stage 0.0 (TID 12)) 48.550ms
[188.897s][info][gc          ] Allocation Stall (Executor task launch worker for task 34.0 in stage 0.0 (TID 34)) 44.471ms
[188.897s][info][gc          ] Allocation Stall (Executor task launch worker for task 9.0 in stage 0.0 (TID 9)) 44.637ms
[188.897s][info][gc          ] Allocation Stall (Executor task launch worker for task 14.0 in stage 0.0 (TID 14)) 44.618ms
[188.897s][info][gc          ] Allocation Stall (Executor task launch worker for task 18.0 in stage 0.0 (TID 18)) 48.577ms
[188.897s][info][gc          ] Allocation Stall (Executor task launch worker for task 40.0 in stage 0.0 (TID 40)) 43.891ms
[188.897s][info][gc          ] Allocation Stall (Executor task launch worker for task 42.0 in stage 0.0 (TID 42)) 43.773ms
[188.897s][info][gc          ] Allocation Stall (Executor task launch worker for task 4.0 in stage 0.0 (TID 4)) 43.500ms
[188.897s][info][gc          ] Allocation Stall (Executor task launch worker for task 29.0 in stage 0.0 (TID 29)) 48.698ms
[188.897s][info][gc          ] Allocation Stall (Executor task launch worker for task 22.0 in stage 0.0 (TID 22)) 44.678ms
[188.897s][info][gc          ] Allocation Stall (Executor task launch worker for task 6.0 in stage 0.0 (TID 6)) 48.752ms
[188.897s][info][gc          ] Allocation Stall (Executor task launch worker for task 35.0 in stage 0.0 (TID 35)) 43.452ms
[188.897s][info][gc          ] Allocation Stall (Executor task launch worker for task 19.0 in stage 0.0 (TID 19)) 43.410ms
[188.897s][info][gc          ] Allocation Stall (Executor task launch worker for task 43.0 in stage 0.0 (TID 43)) 43.376ms
[188.897s][info][gc          ] Allocation Stall (Executor task launch worker for task 3.0 in stage 0.0 (TID 3)) 43.209ms
[188.897s][info][gc          ] Allocation Stall (Executor task launch worker for task 27.0 in stage 0.0 (TID 27)) 43.180ms
[188.898s][info][gc          ] Allocation Stall (Executor task launch worker for task 39.0 in stage 0.0 (TID 39)) 43.312ms
[188.898s][info][gc          ] Allocation Stall (Executor task launch worker for task 30.0 in stage 0.0 (TID 30)) 43.209ms
[188.898s][info][gc          ] Allocation Stall (Executor task launch worker for task 28.0 in stage 0.0 (TID 28)) 43.131ms
[188.898s][info][gc          ] Allocation Stall (Executor task launch worker for task 33.0 in stage 0.0 (TID 33)) 43.150ms
[188.898s][info][gc          ] Allocation Stall (Executor task launch worker for task 10.0 in stage 0.0 (TID 10)) 43.076ms
[188.898s][info][gc          ] Allocation Stall (Executor task launch worker for task 20.0 in stage 0.0 (TID 20)) 43.203ms
[188.898s][info][gc          ] Allocation Stall (Executor task launch worker for task 44.0 in stage 0.0 (TID 44)) 43.121ms
[188.898s][info][gc          ] Allocation Stall (Executor task launch worker for task 13.0 in stage 0.0 (TID 13)) 43.126ms
[188.898s][info][gc          ] Allocation Stall (Executor task launch worker for task 2.0 in stage 0.0 (TID 2)) 43.106ms
[188.898s][info][gc          ] Allocation Stall (Executor task launch worker for task 25.0 in stage 0.0 (TID 25)) 43.146ms
[188.898s][info][gc          ] Allocation Stall (Executor task launch worker for task 46.0 in stage 0.0 (TID 46)) 43.130ms
[188.907s][info][gc          ] Allocation Stall (Executor task launch worker for task 1.0 in stage 0.0 (TID 1)) 6.008ms
[188.907s][info][gc          ] Allocation Stall (Executor task launch worker for task 37.0 in stage 0.0 (TID 37)) 6.168ms
[188.907s][info][gc          ] Allocation Stall (Executor task launch worker for task 16.0 in stage 0.0 (TID 16)) 6.097ms
[188.907s][info][gc          ] Allocation Stall (Executor task launch worker for task 21.0 in stage 0.0 (TID 21)) 5.869ms
[188.907s][info][gc          ] Allocation Stall (Executor task launch worker for task 13.0 in stage 0.0 (TID 13)) 5.859ms
[188.907s][info][gc          ] Allocation Stall (Executor task launch worker for task 25.0 in stage 0.0 (TID 25)) 5.919ms
[188.907s][info][gc          ] Allocation Stall (Executor task launch worker for task 43.0 in stage 0.0 (TID 43)) 5.966ms
[188.907s][info][gc          ] Allocation Stall (Executor task launch worker for task 23.0 in stage 0.0 (TID 23)) 5.923ms
[188.908s][info][gc          ] Allocation Stall (Executor task launch worker for task 2.0 in stage 0.0 (TID 2)) 6.596ms
[188.908s][info][gc          ] Allocation Stall (Executor task launch worker for task 39.0 in stage 0.0 (TID 39)) 6.582ms
[188.908s][info][gc          ] Allocation Stall (Executor task launch worker for task 19.0 in stage 0.0 (TID 19)) 6.542ms
[188.908s][info][gc          ] Allocation Stall (Executor task launch worker for task 27.0 in stage 0.0 (TID 27)) 6.459ms
[188.908s][info][gc          ] Allocation Stall (Executor task launch worker for task 3.0 in stage 0.0 (TID 3)) 6.508ms
[188.909s][info][gc          ] Allocation Stall (Executor task launch worker for task 10.0 in stage 0.0 (TID 10)) 6.539ms
[188.909s][info][gc          ] Allocation Stall (Executor task launch worker for task 28.0 in stage 0.0 (TID 28)) 6.356ms
[188.910s][info][gc          ] Allocation Stall (Executor task launch worker for task 9.0 in stage 0.0 (TID 9)) 6.988ms
[188.910s][info][gc          ] Allocation Stall (Executor task launch worker for task 33.0 in stage 0.0 (TID 33)) 6.287ms
[188.910s][info][gc          ] Allocation Stall (Executor task launch worker for task 46.0 in stage 0.0 (TID 46)) 6.353ms
[188.910s][info][gc          ] Allocation Stall (Executor task launch worker for task 0.0 in stage 0.0 (TID 0)) 6.287ms
[188.910s][info][gc          ] Allocation Stall (Executor task launch worker for task 34.0 in stage 0.0 (TID 34)) 6.315ms
[188.910s][info][gc          ] Allocation Stall (Executor task launch worker for task 12.0 in stage 0.0 (TID 12)) 5.882ms
[188.910s][info][gc          ] Allocation Stall (Executor task launch worker for task 7.0 in stage 0.0 (TID 7)) 5.851ms
[188.910s][info][gc          ] Allocation Stall (Executor task launch worker for task 30.0 in stage 0.0 (TID 30)) 5.829ms
[188.910s][info][gc          ] Allocation Stall (Executor task launch worker for task 5.0 in stage 0.0 (TID 5)) 5.545ms
[188.910s][info][gc          ] Allocation Stall (Executor task launch worker for task 36.0 in stage 0.0 (TID 36)) 5.637ms
[188.910s][info][gc          ] Allocation Stall (Executor task launch worker for task 6.0 in stage 0.0 (TID 6)) 5.376ms
[188.910s][info][gc          ] Allocation Stall (Executor task launch worker for task 17.0 in stage 0.0 (TID 17)) 5.258ms
[188.910s][info][gc          ] Allocation Stall (Executor task launch worker for task 20.0 in stage 0.0 (TID 20)) 5.258ms
[188.911s][info][gc          ] Allocation Stall (Executor task launch worker for task 44.0 in stage 0.0 (TID 44)) 5.358ms
[188.911s][info][gc          ] Allocation Stall (Executor task launch worker for task 8.0 in stage 0.0 (TID 8)) 5.402ms
[188.911s][info][gc          ] Allocation Stall (Executor task launch worker for task 40.0 in stage 0.0 (TID 40)) 5.393ms
[188.911s][info][gc          ] Allocation Stall (Executor task launch worker for task 29.0 in stage 0.0 (TID 29)) 5.436ms
[188.911s][info][gc          ] Allocation Stall (Executor task launch worker for task 31.0 in stage 0.0 (TID 31)) 5.523ms
[188.911s][info][gc          ] Allocation Stall (Executor task launch worker for task 42.0 in stage 0.0 (TID 42)) 5.502ms
[188.914s][info][gc          ] Allocation Stall (Executor task launch worker for task 41.0 in stage 0.0 (TID 41)) 8.348ms
[188.914s][info][gc          ] Allocation Stall (Executor task launch worker for task 4.0 in stage 0.0 (TID 4)) 8.431ms
[188.914s][info][gc          ] Allocation Stall (Executor task launch worker for task 15.0 in stage 0.0 (TID 15)) 8.474ms
[188.914s][info][gc          ] Allocation Stall (Executor task launch worker for task 18.0 in stage 0.0 (TID 18)) 8.540ms
[188.914s][info][gc          ] Allocation Stall (Executor task launch worker for task 22.0 in stage 0.0 (TID 22)) 6.734ms
[188.930s][info][gc          ] Allocation Stall (Executor task launch worker for task 28.0 in stage 0.0 (TID 28)) 2.994ms
[188.930s][info][gc          ] Allocation Stall (Executor task launch worker for task 32.0 in stage 0.0 (TID 32)) 2.883ms
[188.930s][info][gc          ] Allocation Stall (Executor task launch worker for task 31.0 in stage 0.0 (TID 31)) 2.715ms
[188.931s][info][gc          ] Allocation Stall (Executor task launch worker for task 25.0 in stage 0.0 (TID 25)) 2.769ms
[188.931s][info][gc          ] Allocation Stall (Executor task launch worker for task 15.0 in stage 0.0 (TID 15)) 3.017ms
[188.931s][info][gc          ] Allocation Stall (Executor task launch worker for task 16.0 in stage 0.0 (TID 16)) 3.014ms
[188.931s][info][gc          ] Allocation Stall (Executor task launch worker for task 39.0 in stage 0.0 (TID 39)) 2.911ms
[188.931s][info][gc          ] Allocation Stall (Executor task launch worker for task 18.0 in stage 0.0 (TID 18)) 2.694ms
[188.931s][info][gc          ] Allocation Stall (Executor task launch worker for task 42.0 in stage 0.0 (TID 42)) 2.591ms
[188.931s][info][gc          ] Allocation Stall (Executor task launch worker for task 3.0 in stage 0.0 (TID 3)) 2.563ms
[188.931s][info][gc          ] Allocation Stall (Executor task launch worker for task 20.0 in stage 0.0 (TID 20)) 2.531ms
[188.931s][info][gc          ] Allocation Stall (Executor task launch worker for task 23.0 in stage 0.0 (TID 23)) 2.525ms
[188.931s][info][gc          ] Allocation Stall (Executor task launch worker for task 33.0 in stage 0.0 (TID 33)) 2.547ms
[188.931s][info][gc          ] Allocation Stall (Executor task launch worker for task 27.0 in stage 0.0 (TID 27)) 2.450ms
[188.931s][info][gc          ] Allocation Stall (Executor task launch worker for task 34.0 in stage 0.0 (TID 34)) 2.366ms
[188.932s][info][gc          ] Allocation Stall (Executor task launch worker for task 22.0 in stage 0.0 (TID 22)) 2.425ms
[188.932s][info][gc          ] Allocation Stall (Executor task launch worker for task 41.0 in stage 0.0 (TID 41)) 2.235ms
[188.932s][info][gc          ] Allocation Stall (Executor task launch worker for task 5.0 in stage 0.0 (TID 5)) 2.011ms
[188.932s][info][gc          ] Allocation Stall (Executor task launch worker for task 2.0 in stage 0.0 (TID 2)) 1.767ms
[188.932s][info][gc          ] Allocation Stall (Executor task launch worker for task 0.0 in stage 0.0 (TID 0)) 1.994ms
[188.932s][info][gc          ] Allocation Stall (Executor task launch worker for task 4.0 in stage 0.0 (TID 4)) 1.706ms
[188.932s][info][gc          ] Allocation Stall (Executor task launch worker for task 35.0 in stage 0.0 (TID 35)) 1.660ms
[188.932s][info][gc          ] Allocation Stall (Executor task launch worker for task 7.0 in stage 0.0 (TID 7)) 1.672ms
[188.932s][info][gc          ] Allocation Stall (Executor task launch worker for task 13.0 in stage 0.0 (TID 13)) 1.300ms
[188.932s][info][gc          ] Allocation Stall (Executor task launch worker for task 1.0 in stage 0.0 (TID 1)) 0.167ms
[188.944s][info][gc          ] Relocation Stall (Executor task launch worker for task 14.0 in stage 0.0 (TID 14)) 44.730ms
[188.944s][info][gc          ] Relocation Stall (Executor task launch worker for task 26.0 in stage 0.0 (TID 26)) 46.645ms
[188.944s][info][gc          ] Relocation Stall (Executor task launch worker for task 47.0 in stage 0.0 (TID 47)) 46.723ms
[188.944s][info][gc          ] Relocation Stall (Executor task launch worker for task 38.0 in stage 0.0 (TID 38)) 46.727ms
[188.944s][info][gc          ] Relocation Stall (Executor task launch worker for task 45.0 in stage 0.0 (TID 45)) 46.725ms
[188.944s][info][gc          ] Relocation Stall (Executor task launch worker for task 11.0 in stage 0.0 (TID 11)) 46.750ms
[188.944s][info][gc          ] Relocation Stall (Executor task launch worker for task 24.0 in stage 0.0 (TID 24)) 46.754ms
[188.944s][info][gc          ] Allocation Stall (Executor task launch worker for task 15.0 in stage 0.0 (TID 15)) 6.972ms
[188.944s][info][gc          ] Allocation Stall (Executor task launch worker for task 42.0 in stage 0.0 (TID 42)) 6.565ms
[188.944s][info][gc          ] Allocation Stall (Executor task launch worker for task 43.0 in stage 0.0 (TID 43)) 6.195ms
[188.944s][info][gc          ] Allocation Stall (Executor task launch worker for task 39.0 in stage 0.0 (TID 39)) 6.917ms
[188.944s][info][gc          ] Allocation Stall (Executor task launch worker for task 33.0 in stage 0.0 (TID 33)) 6.238ms
[188.944s][info][gc          ] Allocation Stall (Executor task launch worker for task 23.0 in stage 0.0 (TID 23)) 6.216ms
[188.944s][info][gc          ] Allocation Stall (Executor task launch worker for task 4.0 in stage 0.0 (TID 4)) 6.560ms
[188.944s][info][gc          ] Allocation Stall (Executor task launch worker for task 40.0 in stage 0.0 (TID 40)) 6.927ms
[188.944s][info][gc,phases   ] GC(119) Concurrent Relocate 47.101ms
[188.945s][info][gc,load     ] GC(119) Load: 0.00/0.00/0.00
[188.945s][info][gc          ] Allocation Stall (Executor task launch worker for task 5.0 in stage 0.0 (TID 5)) 6.542ms
[188.945s][info][gc          ] Allocation Stall (Executor task launch worker for task 3.0 in stage 0.0 (TID 3)) 6.525ms
[188.945s][info][gc,mmu      ] GC(119) MMU: 2ms/95.7%, 5ms/98.3%, 10ms/99.1%, 20ms/99.5%, 50ms/99.8%, 100ms/99.8%
[188.945s][info][gc          ] Allocation Stall (Executor task launch worker for task 12.0 in stage 0.0 (TID 12)) 6.522ms
[188.945s][info][gc          ] Allocation Stall (Executor task launch worker for task 27.0 in stage 0.0 (TID 27)) 6.501ms
[188.945s][info][gc,marking  ] GC(119) Mark: 4 stripe(s), 2 proactive flush(es), 1 terminate flush(es), 0 completion(s), 0 continuation(s) 
[188.945s][info][gc          ] Allocation Stall (Executor task launch worker for task 9.0 in stage 0.0 (TID 9)) 6.466ms
[188.945s][info][gc          ] Allocation Stall (Executor task launch worker for task 18.0 in stage 0.0 (TID 18)) 6.468ms
[188.945s][info][gc          ] Allocation Stall (Executor task launch worker for task 6.0 in stage 0.0 (TID 6)) 6.326ms
[188.945s][info][gc,marking  ] GC(119) Mark Stack Usage: 32M
[188.945s][info][gc          ] Allocation Stall (Executor task launch worker for task 7.0 in stage 0.0 (TID 7)) 6.279ms
[188.945s][info][gc          ] Allocation Stall (Executor task launch worker for task 22.0 in stage 0.0 (TID 22)) 6.255ms
[188.945s][info][gc          ] Allocation Stall (Executor task launch worker for task 36.0 in stage 0.0 (TID 36)) 6.232ms
[188.945s][info][gc,nmethod  ] GC(119) NMethods: 4663 registered, 253 unregistered
[188.945s][info][gc          ] Allocation Stall (Executor task launch worker for task 20.0 in stage 0.0 (TID 20)) 6.168ms
[188.945s][info][gc          ] Allocation Stall (Executor task launch worker for task 35.0 in stage 0.0 (TID 35)) 6.133ms
[188.945s][info][gc          ] Allocation Stall (Executor task launch worker for task 13.0 in stage 0.0 (TID 13)) 6.014ms
[188.945s][info][gc          ] Allocation Stall (Executor task launch worker for task 46.0 in stage 0.0 (TID 46)) 5.961ms
[188.945s][info][gc,metaspace] GC(119) Metaspace: 113M used, 116M committed, 1152M reserved
[188.945s][info][gc          ] Allocation Stall (Executor task launch worker for task 10.0 in stage 0.0 (TID 10)) 5.925ms
[188.945s][info][gc          ] Allocation Stall (Executor task launch worker for task 41.0 in stage 0.0 (TID 41)) 5.883ms
[188.945s][info][gc          ] Allocation Stall (Executor task launch worker for task 34.0 in stage 0.0 (TID 34)) 5.881ms
[188.945s][info][gc          ] Allocation Stall (Executor task launch worker for task 2.0 in stage 0.0 (TID 2)) 5.899ms
[188.945s][info][gc,ref      ] GC(119) Soft: 2808 encountered, 1606 discovered, 0 enqueued
[188.945s][info][gc          ] Allocation Stall (Executor task launch worker for task 0.0 in stage 0.0 (TID 0)) 5.951ms
[188.945s][info][gc          ] Allocation Stall (Executor task launch worker for task 30.0 in stage 0.0 (TID 30)) 5.977ms
[188.945s][info][gc          ] Allocation Stall (Executor task launch worker for task 19.0 in stage 0.0 (TID 19)) 5.887ms
[188.945s][info][gc,ref      ] GC(119) Weak: 13104 encountered, 1922 discovered, 1 enqueued
[188.945s][info][gc          ] Allocation Stall (Executor task launch worker for task 44.0 in stage 0.0 (TID 44)) 5.920ms
[188.945s][info][gc          ] Allocation Stall (Executor task launch worker for task 29.0 in stage 0.0 (TID 29)) 5.853ms
[188.945s][info][gc          ] Allocation Stall (Executor task launch worker for task 8.0 in stage 0.0 (TID 8)) 5.797ms
[188.945s][info][gc          ] Allocation Stall (Executor task launch worker for task 28.0 in stage 0.0 (TID 28)) 5.725ms
[188.945s][info][gc,ref      ] GC(119) Final: 40 encountered, 0 discovered, 0 enqueued
[188.945s][info][gc          ] Allocation Stall (Executor task launch worker for task 32.0 in stage 0.0 (TID 32)) 5.663ms
[188.945s][info][gc          ] Allocation Stall (Executor task launch worker for task 1.0 in stage 0.0 (TID 1)) 5.664ms
[188.945s][info][gc          ] Allocation Stall (Executor task launch worker for task 31.0 in stage 0.0 (TID 31)) 5.682ms
[188.946s][info][gc,ref      ] GC(119) Phantom: 750 encountered, 478 discovered, 0 enqueued
[188.946s][info][gc          ] Allocation Stall (Executor task launch worker for task 21.0 in stage 0.0 (TID 21)) 5.732ms
[188.946s][info][gc          ] Allocation Stall (Executor task launch worker for task 25.0 in stage 0.0 (TID 25)) 5.746ms
[188.946s][info][gc          ] Allocation Stall (Executor task launch worker for task 16.0 in stage 0.0 (TID 16)) 5.698ms
[188.946s][info][gc,reloc    ] GC(119) Small Pages: 79 / 158M, Empty: 18M, Relocated: 5M, In-Place: 4
[188.946s][info][gc          ] Allocation Stall (Executor task launch worker for task 37.0 in stage 0.0 (TID 37)) 5.768ms
[188.946s][info][gc          ] Allocation Stall (Executor task launch worker for task 17.0 in stage 0.0 (TID 17)) 5.709ms
[188.946s][info][gc          ] Allocation Stall (Executor task launch worker for task 26.0 in stage 0.0 (TID 26)) 1.432ms
[188.946s][info][gc,reloc    ] GC(119) Medium Pages: 2 / 32M, Empty: 0M, Relocated: 9M, In-Place: 1
[188.946s][info][gc          ] Allocation Stall (Executor task launch worker for task 47.0 in stage 0.0 (TID 47)) 1.481ms
[188.946s][info][gc          ] Allocation Stall (Executor task launch worker for task 38.0 in stage 0.0 (TID 38)) 1.538ms
[188.946s][info][gc,reloc    ] GC(119) Large Pages: 65 / 316M, Empty: 4M, Relocated: 0M, In-Place: 0
[188.946s][info][gc          ] Allocation Stall (Executor task launch worker for task 14.0 in stage 0.0 (TID 14)) 1.555ms
[188.946s][info][gc          ] Allocation Stall (Executor task launch worker for task 45.0 in stage 0.0 (TID 45)) 1.563ms
[188.946s][info][gc,reloc    ] GC(119) Forwarding Usage: 0M
[188.946s][info][gc          ] Allocation Stall (Executor task launch worker for task 11.0 in stage 0.0 (TID 11)) 1.612ms
[188.946s][info][gc,heap     ] GC(119) Min Capacity: 8M(2%)
[188.946s][info][gc,heap     ] GC(119) Max Capacity: 512M(100%)
[188.946s][info][gc,heap     ] GC(119) Soft Max Capacity: 512M(100%)
[188.946s][info][gc,heap     ] GC(119)                Mark Start          Mark End        Relocate Start      Relocate End           High               Low         
[188.946s][info][gc          ] Allocation Stall (Executor task launch worker for task 24.0 in stage 0.0 (TID 24)) 1.724ms
[188.946s][info][gc,heap     ] GC(119)  Capacity:      512M (100%)        512M (100%)        512M (100%)        512M (100%)        512M (100%)        512M (100%)   
[188.946s][info][gc,heap     ] GC(119)      Free:        0M (0%)            0M (0%)            0M (0%)            0M (0%)           34M (7%)            0M (0%)     
[188.946s][info][gc,heap     ] GC(119)      Used:      512M (100%)        512M (100%)        512M (100%)        512M (100%)        512M (100%)        478M (93%)    
[188.946s][info][gc,heap     ] GC(119)      Live:         -               387M (76%)         387M (76%)         387M (76%)            -                  -          
[188.946s][info][gc,heap     ] GC(119) Allocated:         -                 0M (0%)           22M (4%)           96M (19%)            -                  -          
[188.946s][info][gc,heap     ] GC(119)   Garbage:         -               124M (24%)         102M (20%)          28M (5%)             -                  -          
[188.947s][info][gc,heap     ] GC(119) Reclaimed:         -                  -                22M (4%)           96M (19%)            -                  -          
[188.947s][info][gc          ] GC(119) Garbage Collection (Allocation Stall) 512M(100%)->512M(100%)
[188.950s][info][gc,start    ] GC(120) Garbage Collection (Allocation Stall)
[188.950s][info][gc,ref      ] GC(120) Clearing All SoftReferences
[188.950s][info][gc,task     ] GC(120) Using 5 workers
[188.950s][info][gc,ref      ] GC(120) Clearing All SoftReferences
[188.950s][info][gc,phases   ] GC(120) Pause Mark Start 0.028ms
[188.984s][info][gc,phases   ] GC(120) Concurrent Mark 32.919ms
[188.984s][info][gc,phases   ] GC(120) Pause Mark End 0.012ms
[188.984s][info][gc,phases   ] GC(120) Concurrent Mark Free 0.001ms
[188.986s][info][gc,phases   ] GC(120) Concurrent Process Non-Strong References 2.385ms
[188.986s][info][gc,phases   ] GC(120) Concurrent Reset Relocation Set 0.008ms
[188.989s][info][gc          ] Allocation Stall (Executor task launch worker for task 1.0 in stage 0.0 (TID 1)) 38.705ms
[188.989s][info][gc          ] Allocation Stall (Executor task launch worker for task 25.0 in stage 0.0 (TID 25)) 38.750ms
[188.989s][info][gc          ] Allocation Stall (Executor task launch worker for task 0.0 in stage 0.0 (TID 0)) 38.696ms
[188.989s][info][gc          ] Allocation Stall (Executor task launch worker for task 11.0 in stage 0.0 (TID 11)) 38.760ms
[188.989s][info][gc          ] Allocation Stall (Executor task launch worker for task 7.0 in stage 0.0 (TID 7)) 38.811ms
[188.989s][info][gc          ] Allocation Stall (Executor task launch worker for task 16.0 in stage 0.0 (TID 16)) 38.700ms
[188.989s][info][gc          ] Allocation Stall (Executor task launch worker for task 18.0 in stage 0.0 (TID 18)) 39.414ms
[188.989s][info][gc          ] Allocation Stall (Executor task launch worker for task 34.0 in stage 0.0 (TID 34)) 39.100ms
[188.989s][info][gc          ] Allocation Stall (Executor task launch worker for task 2.0 in stage 0.0 (TID 2)) 38.785ms
[188.989s][info][gc          ] Allocation Stall (Executor task launch worker for task 44.0 in stage 0.0 (TID 44)) 38.729ms
[188.989s][info][gc          ] Allocation Stall (Executor task launch worker for task 29.0 in stage 0.0 (TID 29)) 38.725ms
[188.989s][info][gc          ] Allocation Stall (Executor task launch worker for task 22.0 in stage 0.0 (TID 22)) 38.865ms
[188.989s][info][gc          ] Allocation Stall (Executor task launch worker for task 6.0 in stage 0.0 (TID 6)) 38.781ms
[188.989s][info][gc          ] Allocation Stall (Executor task launch worker for task 8.0 in stage 0.0 (TID 8)) 38.736ms
[188.989s][info][gc          ] Allocation Stall (Executor task launch worker for task 10.0 in stage 0.0 (TID 10)) 38.769ms
[188.989s][info][gc          ] Allocation Stall (Executor task launch worker for task 36.0 in stage 0.0 (TID 36)) 38.726ms
[188.989s][info][gc          ] Allocation Stall (Executor task launch worker for task 33.0 in stage 0.0 (TID 33)) 38.800ms
[188.989s][info][gc          ] Allocation Stall (Executor task launch worker for task 21.0 in stage 0.0 (TID 21)) 38.861ms
[188.989s][info][gc          ] Allocation Stall (Executor task launch worker for task 40.0 in stage 0.0 (TID 40)) 38.771ms
[188.989s][info][gc          ] Allocation Stall (Executor task launch worker for task 39.0 in stage 0.0 (TID 39)) 38.784ms
[188.989s][info][gc          ] Allocation Stall (Executor task launch worker for task 46.0 in stage 0.0 (TID 46)) 38.862ms
[188.989s][info][gc          ] Allocation Stall (Executor task launch worker for task 47.0 in stage 0.0 (TID 47)) 38.751ms
[188.989s][info][gc          ] Allocation Stall (Executor task launch worker for task 27.0 in stage 0.0 (TID 27)) 38.806ms
[188.989s][info][gc          ] Allocation Stall (Executor task launch worker for task 19.0 in stage 0.0 (TID 19)) 38.768ms
[188.989s][info][gc          ] Allocation Stall (Executor task launch worker for task 5.0 in stage 0.0 (TID 5)) 38.766ms
[188.989s][info][gc          ] Allocation Stall (Executor task launch worker for task 9.0 in stage 0.0 (TID 9)) 39.460ms
[188.989s][info][gc          ] Allocation Stall (Executor task launch worker for task 31.0 in stage 0.0 (TID 31)) 38.767ms
[188.989s][info][gc          ] Allocation Stall (Executor task launch worker for task 23.0 in stage 0.0 (TID 23)) 38.810ms
[188.989s][info][gc          ] Allocation Stall (Executor task launch worker for task 24.0 in stage 0.0 (TID 24)) 38.833ms
[188.989s][info][gc          ] Allocation Stall (Executor task launch worker for task 13.0 in stage 0.0 (TID 13)) 38.767ms
[188.990s][info][gc          ] Allocation Stall (Executor task launch worker for task 32.0 in stage 0.0 (TID 32)) 38.792ms
[188.990s][info][gc          ] Allocation Stall (Executor task launch worker for task 43.0 in stage 0.0 (TID 43)) 38.819ms
[188.990s][info][gc,phases   ] GC(120) Concurrent Select Relocation Set 3.421ms
[188.990s][info][gc          ] Allocation Stall (Executor task launch worker for task 28.0 in stage 0.0 (TID 28)) 38.873ms
[188.990s][info][gc          ] Allocation Stall (Executor task launch worker for task 41.0 in stage 0.0 (TID 41)) 38.914ms
[188.990s][info][gc          ] Allocation Stall (Executor task launch worker for task 26.0 in stage 0.0 (TID 26)) 38.967ms
[188.990s][info][gc          ] Allocation Stall (Executor task launch worker for task 37.0 in stage 0.0 (TID 37)) 38.992ms
[188.990s][info][gc          ] Allocation Stall (Executor task launch worker for task 38.0 in stage 0.0 (TID 38)) 39.106ms
[188.990s][info][gc          ] Allocation Stall (Executor task launch worker for task 35.0 in stage 0.0 (TID 35)) 39.151ms
[188.990s][info][gc          ] Allocation Stall (Executor task launch worker for task 17.0 in stage 0.0 (TID 17)) 39.190ms
[188.990s][info][gc          ] Allocation Stall (Executor task launch worker for task 4.0 in stage 0.0 (TID 4)) 39.274ms
[188.990s][info][gc          ] Allocation Stall (Executor task launch worker for task 42.0 in stage 0.0 (TID 42)) 39.299ms
[188.990s][info][gc          ] Allocation Stall (Executor task launch worker for task 20.0 in stage 0.0 (TID 20)) 39.328ms
[188.990s][info][gc          ] Allocation Stall (Executor task launch worker for task 3.0 in stage 0.0 (TID 3)) 39.465ms
[188.990s][info][gc          ] Allocation Stall (Executor task launch worker for task 45.0 in stage 0.0 (TID 45)) 39.520ms
[188.990s][info][gc          ] Allocation Stall (Executor task launch worker for task 12.0 in stage 0.0 (TID 12)) 39.577ms
[188.990s][info][gc          ] Allocation Stall (Executor task launch worker for task 15.0 in stage 0.0 (TID 15)) 39.608ms
[188.990s][info][gc          ] Allocation Stall (Executor task launch worker for task 30.0 in stage 0.0 (TID 30)) 39.673ms
[188.991s][info][gc          ] Allocation Stall (Executor task launch worker for task 14.0 in stage 0.0 (TID 14)) 39.690ms
[188.991s][info][gc          ] Allocation Stall (Spark Context Cleaner) 38.221ms
[188.991s][info][gc          ] Allocation Stall (Executor task launch worker for task 0.0 in stage 0.0 (TID 0)) 0.620ms
[188.991s][info][gc          ] Allocation Stall (Executor task launch worker for task 11.0 in stage 0.0 (TID 11)) 0.649ms
[188.991s][info][gc          ] Allocation Stall (Executor task launch worker for task 25.0 in stage 0.0 (TID 25)) 0.773ms
[188.992s][info][gc,phases   ] GC(120) Pause Relocate Start 0.006ms
[188.992s][info][gc          ] Allocation Stall (Executor task launch worker for task 39.0 in stage 0.0 (TID 39)) 0.044ms
[188.992s][info][gc          ] Allocation Stall (Executor task launch worker for task 27.0 in stage 0.0 (TID 27)) 0.050ms
[188.993s][info][gc          ] Allocation Stall (Executor task launch worker for task 46.0 in stage 0.0 (TID 46)) 0.087ms
[188.993s][info][gc          ] Allocation Stall (Executor task launch worker for task 6.0 in stage 0.0 (TID 6)) 0.128ms
[188.993s][info][gc          ] Allocation Stall (Executor task launch worker for task 1.0 in stage 0.0 (TID 1)) 0.148ms
[188.993s][info][gc          ] Allocation Stall (Executor task launch worker for task 25.0 in stage 0.0 (TID 25)) 0.139ms
[188.993s][info][gc          ] Relocation Stall (Executor task launch worker for task 41.0 in stage 0.0 (TID 41)) 0.548ms
[188.993s][info][gc          ] Relocation Stall (Executor task launch worker for task 35.0 in stage 0.0 (TID 35)) 0.557ms
[188.994s][info][gc          ] Relocation Stall (Executor task launch worker for task 32.0 in stage 0.0 (TID 32)) 0.635ms
[188.994s][info][gc          ] Relocation Stall (Executor task launch worker for task 37.0 in stage 0.0 (TID 37)) 0.638ms
[188.994s][info][gc          ] Relocation Stall (Executor task launch worker for task 43.0 in stage 0.0 (TID 43)) 1.391ms
[188.994s][info][gc          ] Relocation Stall (Executor task launch worker for task 31.0 in stage 0.0 (TID 31)) 1.880ms
[188.994s][info][gc          ] Relocation Stall (Executor task launch worker for task 29.0 in stage 0.0 (TID 29)) 1.854ms
[189.001s][info][gc          ] Allocation Stall (Executor task launch worker for task 6.0 in stage 0.0 (TID 6)) 6.646ms
[189.001s][info][gc          ] Allocation Stall (Executor task launch worker for task 31.0 in stage 0.0 (TID 31)) 6.093ms
[189.002s][info][gc          ] Allocation Stall (Executor task launch worker for task 41.0 in stage 0.0 (TID 41)) 2.412ms
[189.002s][info][gc          ] Allocation Stall (Executor task launch worker for task 1.0 in stage 0.0 (TID 1)) 2.348ms
[189.002s][info][gc          ] Allocation Stall (Executor task launch worker for task 37.0 in stage 0.0 (TID 37)) 3.097ms
[189.002s][info][gc          ] Allocation Stall (Executor task launch worker for task 2.0 in stage 0.0 (TID 2)) 2.540ms
[189.002s][info][gc          ] Allocation Stall (Executor task launch worker for task 25.0 in stage 0.0 (TID 25)) 3.130ms
[189.002s][info][gc          ] Allocation Stall (Executor task launch worker for task 10.0 in stage 0.0 (TID 10)) 2.146ms
[189.002s][info][gc          ] Allocation Stall (Executor task launch worker for task 44.0 in stage 0.0 (TID 44)) 2.961ms
[189.002s][info][gc          ] Allocation Stall (Executor task launch worker for task 39.0 in stage 0.0 (TID 39)) 5.702ms
[189.002s][info][gc          ] Allocation Stall (Executor task launch worker for task 28.0 in stage 0.0 (TID 28)) 2.188ms
[189.002s][info][gc          ] Allocation Stall (Executor task launch worker for task 46.0 in stage 0.0 (TID 46)) 2.115ms
[189.002s][info][gc          ] Allocation Stall (Executor task launch worker for task 12.0 in stage 0.0 (TID 12)) 2.014ms
[189.002s][info][gc          ] Allocation Stall (Executor task launch worker for task 23.0 in stage 0.0 (TID 23)) 1.982ms
[189.002s][info][gc          ] Allocation Stall (Executor task launch worker for task 9.0 in stage 0.0 (TID 9)) 2.545ms
[189.002s][info][gc          ] Allocation Stall (Executor task launch worker for task 27.0 in stage 0.0 (TID 27)) 2.392ms
[189.002s][info][gc          ] Allocation Stall (Executor task launch worker for task 29.0 in stage 0.0 (TID 29)) 2.565ms
[189.002s][info][gc          ] Allocation Stall (Executor task launch worker for task 43.0 in stage 0.0 (TID 43)) 2.257ms
[189.002s][info][gc          ] Allocation Stall (Executor task launch worker for task 18.0 in stage 0.0 (TID 18)) 2.241ms
[189.002s][info][gc          ] Relocation Stall (Executor task launch worker for task 22.0 in stage 0.0 (TID 22)) 9.972ms
[189.002s][info][gc          ] Relocation Stall (Executor task launch worker for task 20.0 in stage 0.0 (TID 20)) 8.906ms
[189.002s][info][gc          ] Relocation Stall (Executor task launch worker for task 35.0 in stage 0.0 (TID 35)) 8.288ms
[189.002s][info][gc          ] Allocation Stall (Executor task launch worker for task 7.0 in stage 0.0 (TID 7)) 2.015ms
[189.002s][info][gc          ] Allocation Stall (Executor task launch worker for task 19.0 in stage 0.0 (TID 19)) 2.185ms
[189.003s][info][gc          ] Allocation Stall (Executor task launch worker for task 5.0 in stage 0.0 (TID 5)) 1.923ms
[189.004s][info][gc          ] Allocation Stall (Executor task launch worker for task 15.0 in stage 0.0 (TID 15)) 2.803ms
[189.004s][info][gc          ] Allocation Stall (Executor task launch worker for task 17.0 in stage 0.0 (TID 17)) 2.998ms
[189.004s][info][gc          ] Allocation Stall (Executor task launch worker for task 0.0 in stage 0.0 (TID 0)) 3.032ms
[189.004s][info][gc          ] Allocation Stall (Executor task launch worker for task 30.0 in stage 0.0 (TID 30)) 3.077ms
[189.004s][info][gc          ] Allocation Stall (Executor task launch worker for task 3.0 in stage 0.0 (TID 3)) 3.096ms
[189.004s][info][gc          ] Allocation Stall (Executor task launch worker for task 4.0 in stage 0.0 (TID 4)) 3.098ms
[189.004s][info][gc          ] Allocation Stall (Executor task launch worker for task 33.0 in stage 0.0 (TID 33)) 3.167ms
[189.004s][info][gc          ] Allocation Stall (Executor task launch worker for task 42.0 in stage 0.0 (TID 42)) 3.353ms
[189.005s][info][gc          ] Allocation Stall (Executor task launch worker for task 40.0 in stage 0.0 (TID 40)) 3.364ms
[189.005s][info][gc          ] Allocation Stall (Executor task launch worker for task 21.0 in stage 0.0 (TID 21)) 3.366ms
[189.005s][info][gc          ] Allocation Stall (Executor task launch worker for task 11.0 in stage 0.0 (TID 11)) 2.957ms
[189.005s][info][gc          ] Allocation Stall (Executor task launch worker for task 36.0 in stage 0.0 (TID 36)) 2.758ms
[189.005s][info][gc          ] Allocation Stall (Executor task launch worker for task 31.0 in stage 0.0 (TID 31)) 2.273ms
[189.008s][info][gc          ] Allocation Stall (Executor task launch worker for task 7.0 in stage 0.0 (TID 7)) 2.466ms
[189.036s][info][gc          ] Relocation Stall (Executor task launch worker for task 24.0 in stage 0.0 (TID 24)) 42.969ms
[189.036s][info][gc          ] Relocation Stall (Executor task launch worker for task 14.0 in stage 0.0 (TID 14)) 43.053ms
[189.036s][info][gc          ] Relocation Stall (Executor task launch worker for task 38.0 in stage 0.0 (TID 38)) 42.620ms
[189.036s][info][gc          ] Relocation Stall (Executor task launch worker for task 26.0 in stage 0.0 (TID 26)) 42.656ms
[189.036s][info][gc          ] Relocation Stall (Executor task launch worker for task 32.0 in stage 0.0 (TID 32)) 41.763ms
[189.036s][info][gc          ] Relocation Stall (Executor task launch worker for task 13.0 in stage 0.0 (TID 13)) 43.532ms
[189.036s][info][gc          ] Relocation Stall (Executor task launch worker for task 45.0 in stage 0.0 (TID 45)) 42.512ms
[189.036s][info][gc          ] Relocation Stall (Executor task launch worker for task 34.0 in stage 0.0 (TID 34)) 43.504ms
[189.036s][info][gc          ] Relocation Stall (Executor task launch worker for task 8.0 in stage 0.0 (TID 8)) 43.577ms
[189.036s][info][gc          ] Allocation Stall (Executor task launch worker for task 41.0 in stage 0.0 (TID 41)) 9.353ms
[189.036s][info][gc          ] Allocation Stall (Executor task launch worker for task 2.0 in stage 0.0 (TID 2)) 10.551ms
[189.036s][info][gc          ] Allocation Stall (Executor task launch worker for task 11.0 in stage 0.0 (TID 11)) 9.636ms
[189.036s][info][gc          ] Allocation Stall (Executor task launch worker for task 29.0 in stage 0.0 (TID 29)) 10.409ms
[189.036s][info][gc          ] Allocation Stall (Executor task launch worker for task 46.0 in stage 0.0 (TID 46)) 9.546ms
[189.036s][info][gc          ] Allocation Stall (Executor task launch worker for task 21.0 in stage 0.0 (TID 21)) 10.594ms
[189.036s][info][gc          ] Allocation Stall (Executor task launch worker for task 19.0 in stage 0.0 (TID 19)) 10.352ms
[189.036s][info][gc,phases   ] GC(120) Concurrent Relocate 43.629ms
[189.036s][info][gc          ] Allocation Stall (Executor task launch worker for task 3.0 in stage 0.0 (TID 3)) 9.488ms
[189.036s][info][gc,load     ] GC(120) Load: 0.00/0.00/0.00
[189.036s][info][gc,mmu      ] GC(120) MMU: 2ms/95.7%, 5ms/98.3%, 10ms/99.1%, 20ms/99.5%, 50ms/99.8%, 100ms/99.8%
[189.036s][info][gc,marking  ] GC(120) Mark: 4 stripe(s), 2 proactive flush(es), 1 terminate flush(es), 0 completion(s), 0 continuation(s) 
[189.036s][info][gc,marking  ] GC(120) Mark Stack Usage: 32M
[189.036s][info][gc,nmethod  ] GC(120) NMethods: 4663 registered, 253 unregistered
[189.036s][info][gc,metaspace] GC(120) Metaspace: 113M used, 116M committed, 1152M reserved
[189.036s][info][gc,ref      ] GC(120) Soft: 2808 encountered, 2303 discovered, 0 enqueued
[189.036s][info][gc,ref      ] GC(120) Weak: 13103 encountered, 2152 discovered, 1 enqueued
[189.036s][info][gc,ref      ] GC(120) Final: 40 encountered, 0 discovered, 0 enqueued
[189.036s][info][gc,ref      ] GC(120) Phantom: 750 encountered, 483 discovered, 0 enqueued
[189.036s][info][gc,reloc    ] GC(120) Small Pages: 84 / 168M, Empty: 58M, Relocated: 5M, In-Place: 0
[189.036s][info][gc,reloc    ] GC(120) Medium Pages: 2 / 32M, Empty: 0M, Relocated: 10M, In-Place: 1
[189.036s][info][gc,reloc    ] GC(120) Large Pages: 64 / 312M, Empty: 0M, Relocated: 0M, In-Place: 0
[189.036s][info][gc,reloc    ] GC(120) Forwarding Usage: 0M
[189.036s][info][gc,heap     ] GC(120) Min Capacity: 8M(2%)
[189.036s][info][gc,heap     ] GC(120) Max Capacity: 512M(100%)
[189.036s][info][gc,heap     ] GC(120) Soft Max Capacity: 512M(100%)
[189.036s][info][gc,heap     ] GC(120)                Mark Start          Mark End        Relocate Start      Relocate End           High               Low         
[189.036s][info][gc,heap     ] GC(120)  Capacity:      512M (100%)        512M (100%)        512M (100%)        512M (100%)        512M (100%)        512M (100%)   
[189.036s][info][gc,heap     ] GC(120)      Free:        0M (0%)            0M (0%)           40M (8%)            0M (0%)           58M (11%)           0M (0%)     
[189.036s][info][gc,heap     ] GC(120)      Used:      512M (100%)        512M (100%)        472M (92%)         512M (100%)        512M (100%)        454M (89%)    
[189.036s][info][gc,heap     ] GC(120)      Live:         -               387M (76%)         387M (76%)         387M (76%)            -                  -          
[189.036s][info][gc,heap     ] GC(120) Allocated:         -                 0M (0%)           18M (4%)          103M (20%)            -                  -          
[189.036s][info][gc,heap     ] GC(120)   Garbage:         -               124M (24%)          66M (13%)          21M (4%)             -                  -          
[189.036s][info][gc,heap     ] GC(120) Reclaimed:         -                  -                58M (11%)         103M (20%)            -                  -          
[189.037s][info][gc          ] GC(120) Garbage Collection (Allocation Stall) 512M(100%)->512M(100%)
[189.037s][info][gc,start    ] GC(121) Garbage Collection (Allocation Stall)
[189.037s][info][gc,ref      ] GC(121) Clearing All SoftReferences
[189.037s][info][gc,task     ] GC(121) Using 5 workers
[189.046s][info][gc,ref      ] GC(121) Clearing All SoftReferences
[189.046s][info][gc,phases   ] GC(121) Pause Mark Start 0.033ms
[189.046s][info][gc          ] Allocation Stall (Executor task launch worker for task 30.0 in stage 0.0 (TID 30)) 19.628ms
[189.046s][info][gc          ] Allocation Stall (Executor task launch worker for task 33.0 in stage 0.0 (TID 33)) 19.265ms
[189.046s][info][gc          ] Allocation Stall (Executor task launch worker for task 28.0 in stage 0.0 (TID 28)) 19.119ms
[189.046s][info][gc          ] Allocation Stall (Executor task launch worker for task 22.0 in stage 0.0 (TID 22)) 18.926ms
[189.046s][info][gc          ] Allocation Stall (Executor task launch worker for task 35.0 in stage 0.0 (TID 35)) 19.004ms
[189.046s][info][gc          ] Allocation Stall (Executor task launch worker for task 9.0 in stage 0.0 (TID 9)) 19.341ms
[189.046s][info][gc          ] Allocation Stall (Executor task launch worker for task 17.0 in stage 0.0 (TID 17)) 19.483ms
[189.046s][info][gc          ] Allocation Stall (Executor task launch worker for task 5.0 in stage 0.0 (TID 5)) 18.980ms
[189.046s][info][gc          ] Allocation Stall (Executor task launch worker for task 6.0 in stage 0.0 (TID 6)) 18.910ms
[189.046s][info][gc          ] Allocation Stall (Executor task launch worker for task 12.0 in stage 0.0 (TID 12)) 18.871ms
[189.046s][info][gc          ] Allocation Stall (Executor task launch worker for task 31.0 in stage 0.0 (TID 31)) 18.900ms
[189.046s][info][gc          ] Allocation Stall (Executor task launch worker for task 40.0 in stage 0.0 (TID 40)) 18.909ms
[189.046s][info][gc          ] Allocation Stall (Executor task launch worker for task 18.0 in stage 0.0 (TID 18)) 18.959ms
[189.046s][info][gc          ] Allocation Stall (Executor task launch worker for task 47.0 in stage 0.0 (TID 47)) 18.895ms
[189.046s][info][gc          ] Allocation Stall (Executor task launch worker for task 27.0 in stage 0.0 (TID 27)) 18.775ms
[189.046s][info][gc          ] Allocation Stall (Executor task launch worker for task 1.0 in stage 0.0 (TID 1)) 18.760ms
[189.046s][info][gc          ] Allocation Stall (Executor task launch worker for task 23.0 in stage 0.0 (TID 23)) 18.486ms
[189.047s][info][gc          ] Allocation Stall (Executor task launch worker for task 36.0 in stage 0.0 (TID 36)) 18.493ms
[189.047s][info][gc          ] Allocation Stall (Executor task launch worker for task 0.0 in stage 0.0 (TID 0)) 18.467ms
[189.047s][info][gc          ] Allocation Stall (Executor task launch worker for task 37.0 in stage 0.0 (TID 37)) 18.513ms
[189.047s][info][gc          ] Allocation Stall (Executor task launch worker for task 10.0 in stage 0.0 (TID 10)) 18.542ms
[189.047s][info][gc          ] Allocation Stall (Executor task launch worker for task 15.0 in stage 0.0 (TID 15)) 18.559ms
[189.047s][info][gc          ] Allocation Stall (Executor task launch worker for task 43.0 in stage 0.0 (TID 43)) 18.170ms
[189.047s][info][gc          ] Allocation Stall (Executor task launch worker for task 20.0 in stage 0.0 (TID 20)) 18.177ms
[189.047s][info][gc          ] Allocation Stall (Executor task launch worker for task 25.0 in stage 0.0 (TID 25)) 18.181ms
[189.047s][info][gc          ] Allocation Stall (Executor task launch worker for task 39.0 in stage 0.0 (TID 39)) 18.090ms
[189.047s][info][gc          ] Allocation Stall (Executor task launch worker for task 44.0 in stage 0.0 (TID 44)) 18.042ms
[189.047s][info][gc          ] Allocation Stall (Executor task launch worker for task 42.0 in stage 0.0 (TID 42)) 18.085ms
[189.047s][info][gc          ] Allocation Stall (Executor task launch worker for task 4.0 in stage 0.0 (TID 4)) 18.056ms
[189.047s][info][gc          ] Allocation Stall (Executor task launch worker for task 24.0 in stage 0.0 (TID 24)) 11.256ms
[189.047s][info][gc          ] Allocation Stall (Executor task launch worker for task 14.0 in stage 0.0 (TID 14)) 11.244ms
[189.047s][info][gc          ] Allocation Stall (Executor task launch worker for task 38.0 in stage 0.0 (TID 38)) 11.317ms
[189.047s][info][gc          ] Allocation Stall (Executor task launch worker for task 32.0 in stage 0.0 (TID 32)) 11.348ms
[189.047s][info][gc          ] Allocation Stall (Executor task launch worker for task 13.0 in stage 0.0 (TID 13)) 11.366ms
[189.047s][info][gc          ] Allocation Stall (Executor task launch worker for task 26.0 in stage 0.0 (TID 26)) 11.446ms
[189.047s][info][gc          ] Allocation Stall (Executor task launch worker for task 45.0 in stage 0.0 (TID 45)) 11.453ms
[189.048s][info][gc          ] Allocation Stall (Executor task launch worker for task 8.0 in stage 0.0 (TID 8)) 11.476ms
[189.048s][info][gc          ] Allocation Stall (Executor task launch worker for task 34.0 in stage 0.0 (TID 34)) 11.556ms
[189.048s][info][gc          ] Allocation Stall (Executor task launch worker for task 29.0 in stage 0.0 (TID 29)) 1.614ms
[189.048s][info][gc          ] Allocation Stall (Executor task launch worker for task 46.0 in stage 0.0 (TID 46)) 1.659ms
[189.048s][info][gc          ] Allocation Stall (Executor task launch worker for task 3.0 in stage 0.0 (TID 3)) 1.736ms
[189.048s][info][gc          ] Allocation Stall (Executor task launch worker for task 19.0 in stage 0.0 (TID 19)) 1.815ms
[189.093s][info][gc,phases   ] GC(121) Concurrent Mark 46.791ms
[189.093s][info][gc,phases   ] GC(121) Pause Mark End 0.012ms
[189.093s][info][gc,phases   ] GC(121) Concurrent Mark Free 0.001ms
[189.096s][info][gc,phases   ] GC(121) Concurrent Process Non-Strong References 2.822ms
[189.096s][info][gc,phases   ] GC(121) Concurrent Reset Relocation Set 0.006ms
[189.099s][info][gc          ] Allocation Stall (Executor task launch worker for task 29.0 in stage 0.0 (TID 29)) 48.523ms
[189.099s][info][gc          ] Allocation Stall (Executor task launch worker for task 13.0 in stage 0.0 (TID 13)) 48.447ms
[189.099s][info][gc          ] Allocation Stall (Executor task launch worker for task 22.0 in stage 0.0 (TID 22)) 48.285ms
[189.100s][info][gc          ] Allocation Stall (Executor task launch worker for task 6.0 in stage 0.0 (TID 6)) 48.468ms
[189.100s][info][gc          ] Allocation Stall (Executor task launch worker for task 7.0 in stage 0.0 (TID 7)) 53.327ms
[189.100s][info][gc          ] Allocation Stall (Executor task launch worker for task 28.0 in stage 0.0 (TID 28)) 51.535ms
[189.100s][info][gc          ] Allocation Stall (Executor task launch worker for task 11.0 in stage 0.0 (TID 11)) 53.428ms
[189.100s][info][gc          ] Allocation Stall (Executor task launch worker for task 4.0 in stage 0.0 (TID 4)) 48.607ms
[189.100s][info][gc          ] Allocation Stall (Executor task launch worker for task 16.0 in stage 0.0 (TID 16)) 53.324ms
[189.100s][info][gc          ] Allocation Stall (Executor task launch worker for task 27.0 in stage 0.0 (TID 27)) 49.310ms
[189.100s][info][gc          ] Allocation Stall (Executor task launch worker for task 5.0 in stage 0.0 (TID 5)) 48.589ms
[189.100s][info][gc          ] Allocation Stall (Executor task launch worker for task 15.0 in stage 0.0 (TID 15)) 48.589ms
[189.100s][info][gc          ] Allocation Stall (Executor task launch worker for task 33.0 in stage 0.0 (TID 33)) 48.769ms
[189.100s][info][gc          ] Allocation Stall (Executor task launch worker for task 2.0 in stage 0.0 (TID 2)) 53.437ms
[189.100s][info][gc          ] Allocation Stall (Executor task launch worker for task 18.0 in stage 0.0 (TID 18)) 49.131ms
[189.100s][info][gc          ] Allocation Stall (Executor task launch worker for task 20.0 in stage 0.0 (TID 20)) 49.051ms
[189.100s][info][gc          ] Allocation Stall (Executor task launch worker for task 35.0 in stage 0.0 (TID 35)) 48.927ms
[189.100s][info][gc          ] Allocation Stall (Executor task launch worker for task 1.0 in stage 0.0 (TID 1)) 48.615ms
[189.100s][info][gc          ] Allocation Stall (Executor task launch worker for task 41.0 in stage 0.0 (TID 41)) 53.466ms
[189.100s][info][gc          ] Allocation Stall (Executor task launch worker for task 21.0 in stage 0.0 (TID 21)) 53.467ms
[189.100s][info][gc,phases   ] GC(121) Concurrent Select Relocation Set 3.633ms
[189.100s][info][gc          ] Allocation Stall (Executor task launch worker for task 23.0 in stage 0.0 (TID 23)) 48.710ms
[189.100s][info][gc          ] Allocation Stall (Executor task launch worker for task 42.0 in stage 0.0 (TID 42)) 48.745ms
[189.100s][info][gc          ] Allocation Stall (Executor task launch worker for task 45.0 in stage 0.0 (TID 45)) 48.771ms
[189.100s][info][gc          ] Allocation Stall (Executor task launch worker for task 36.0 in stage 0.0 (TID 36)) 48.787ms
[189.100s][info][gc          ] Allocation Stall (Executor task launch worker for task 34.0 in stage 0.0 (TID 34)) 48.783ms
[189.100s][info][gc          ] Allocation Stall (Executor task launch worker for task 0.0 in stage 0.0 (TID 0)) 48.850ms
[189.100s][info][gc          ] Allocation Stall (Executor task launch worker for task 37.0 in stage 0.0 (TID 37)) 48.730ms
[189.100s][info][gc          ] Allocation Stall (Executor task launch worker for task 26.0 in stage 0.0 (TID 26)) 48.758ms
[189.100s][info][gc          ] Allocation Stall (Executor task launch worker for task 9.0 in stage 0.0 (TID 9)) 48.808ms
[189.100s][info][gc          ] Allocation Stall (Executor task launch worker for task 30.0 in stage 0.0 (TID 30)) 48.834ms
[189.100s][info][gc          ] Allocation Stall (Executor task launch worker for task 10.0 in stage 0.0 (TID 10)) 48.860ms
[189.101s][info][gc          ] Allocation Stall (Executor task launch worker for task 39.0 in stage 0.0 (TID 39)) 48.814ms
[189.101s][info][gc          ] Allocation Stall (Executor task launch worker for task 19.0 in stage 0.0 (TID 19)) 48.694ms
[189.101s][info][gc,phases   ] GC(121) Pause Relocate Start 0.008ms
[189.101s][info][gc          ] Allocation Stall (Executor task launch worker for task 12.0 in stage 0.0 (TID 12)) 49.128ms
[189.101s][info][gc          ] Allocation Stall (Executor task launch worker for task 43.0 in stage 0.0 (TID 43)) 49.015ms
[189.101s][info][gc          ] Allocation Stall (Executor task launch worker for task 24.0 in stage 0.0 (TID 24)) 48.959ms
[189.101s][info][gc          ] Allocation Stall (Executor task launch worker for task 38.0 in stage 0.0 (TID 38)) 48.913ms
[189.101s][info][gc          ] Allocation Stall (Executor task launch worker for task 40.0 in stage 0.0 (TID 40)) 48.722ms
[189.101s][info][gc          ] Allocation Stall (Executor task launch worker for task 47.0 in stage 0.0 (TID 47)) 48.891ms
[189.101s][info][gc          ] Allocation Stall (Executor task launch worker for task 3.0 in stage 0.0 (TID 3)) 48.814ms
[189.101s][info][gc          ] Allocation Stall (Executor task launch worker for task 44.0 in stage 0.0 (TID 44)) 48.937ms
[189.101s][info][gc          ] Allocation Stall (Executor task launch worker for task 17.0 in stage 0.0 (TID 17)) 48.696ms
[189.101s][info][gc          ] Allocation Stall (Executor task launch worker for task 25.0 in stage 0.0 (TID 25)) 48.829ms
[189.101s][info][gc          ] Allocation Stall (Executor task launch worker for task 14.0 in stage 0.0 (TID 14)) 48.687ms
[189.101s][info][gc          ] Allocation Stall (Executor task launch worker for task 46.0 in stage 0.0 (TID 46)) 48.736ms
[189.101s][info][gc          ] Allocation Stall (Executor task launch worker for task 8.0 in stage 0.0 (TID 8)) 48.946ms
[189.101s][info][gc          ] Allocation Stall (Executor task launch worker for task 31.0 in stage 0.0 (TID 31)) 48.683ms
[189.101s][info][gc          ] Relocation Stall (Executor task launch worker for task 33.0 in stage 0.0 (TID 33)) 0.025ms
[189.101s][info][gc          ] Relocation Stall (Executor task launch worker for task 21.0 in stage 0.0 (TID 21)) 0.006ms
[189.101s][info][gc          ] Relocation Stall (Executor task launch worker for task 41.0 in stage 0.0 (TID 41)) 0.023ms
[189.101s][info][gc          ] Allocation Stall (Executor task launch worker for task 32.0 in stage 0.0 (TID 32)) 48.687ms
[189.102s][info][gc          ] Allocation Stall (Spark Context Cleaner) 8.619ms
[189.116s][info][gc          ] Allocation Stall (Executor task launch worker for task 40.0 in stage 0.0 (TID 40)) 13.115ms
[189.116s][info][gc          ] Allocation Stall (Executor task launch worker for task 29.0 in stage 0.0 (TID 29)) 12.900ms
[189.116s][info][gc          ] Allocation Stall (Executor task launch worker for task 11.0 in stage 0.0 (TID 11)) 7.645ms
[189.116s][info][gc          ] Allocation Stall (Executor task launch worker for task 1.0 in stage 0.0 (TID 1)) 5.275ms
[189.116s][info][gc          ] Allocation Stall (Executor task launch worker for task 44.0 in stage 0.0 (TID 44)) 3.667ms
[189.116s][info][gc          ] Allocation Stall (Executor task launch worker for task 19.0 in stage 0.0 (TID 19)) 3.439ms
[189.116s][info][gc          ] Allocation Stall (Executor task launch worker for task 23.0 in stage 0.0 (TID 23)) 3.445ms
[189.116s][info][gc          ] Allocation Stall (Executor task launch worker for task 5.0 in stage 0.0 (TID 5)) 3.537ms
[189.116s][info][gc          ] Allocation Stall (Executor task launch worker for task 2.0 in stage 0.0 (TID 2)) 3.221ms
[189.116s][info][gc          ] Allocation Stall (Executor task launch worker for task 41.0 in stage 0.0 (TID 41)) 3.506ms
[189.116s][info][gc          ] Allocation Stall (Executor task launch worker for task 3.0 in stage 0.0 (TID 3)) 3.545ms
[189.116s][info][gc          ] Allocation Stall (Executor task launch worker for task 28.0 in stage 0.0 (TID 28)) 3.428ms
[189.116s][info][gc          ] Allocation Stall (Executor task launch worker for task 12.0 in stage 0.0 (TID 12)) 3.606ms
[189.117s][info][gc          ] Allocation Stall (Executor task launch worker for task 21.0 in stage 0.0 (TID 21)) 4.162ms
[189.117s][info][gc          ] Allocation Stall (Executor task launch worker for task 17.0 in stage 0.0 (TID 17)) 3.961ms
[189.117s][info][gc          ] Allocation Stall (Executor task launch worker for task 15.0 in stage 0.0 (TID 15)) 3.995ms
[189.117s][info][gc          ] Allocation Stall (Executor task launch worker for task 47.0 in stage 0.0 (TID 47)) 3.950ms
[189.117s][info][gc          ] Allocation Stall (Executor task launch worker for task 0.0 in stage 0.0 (TID 0)) 3.958ms
[189.118s][info][gc          ] Allocation Stall (Executor task launch worker for task 42.0 in stage 0.0 (TID 42)) 3.925ms
[189.118s][info][gc          ] Allocation Stall (Executor task launch worker for task 27.0 in stage 0.0 (TID 27)) 3.819ms
[189.118s][info][gc          ] Allocation Stall (Executor task launch worker for task 10.0 in stage 0.0 (TID 10)) 3.754ms
[189.118s][info][gc          ] Allocation Stall (Executor task launch worker for task 43.0 in stage 0.0 (TID 43)) 3.585ms
[189.118s][info][gc          ] Allocation Stall (Executor task launch worker for task 33.0 in stage 0.0 (TID 33)) 3.375ms
[189.118s][info][gc          ] Allocation Stall (Executor task launch worker for task 31.0 in stage 0.0 (TID 31)) 3.199ms
[189.118s][info][gc          ] Allocation Stall (Executor task launch worker for task 39.0 in stage 0.0 (TID 39)) 3.293ms
[189.118s][info][gc          ] Allocation Stall (Executor task launch worker for task 4.0 in stage 0.0 (TID 4)) 3.345ms
[189.118s][info][gc          ] Allocation Stall (Executor task launch worker for task 18.0 in stage 0.0 (TID 18)) 3.274ms
[189.118s][info][gc          ] Allocation Stall (Executor task launch worker for task 36.0 in stage 0.0 (TID 36)) 3.258ms
[189.118s][info][gc          ] Allocation Stall (Executor task launch worker for task 37.0 in stage 0.0 (TID 37)) 3.301ms
[189.118s][info][gc          ] Allocation Stall (Executor task launch worker for task 6.0 in stage 0.0 (TID 6)) 3.206ms
[189.118s][info][gc          ] Allocation Stall (Executor task launch worker for task 9.0 in stage 0.0 (TID 9)) 3.392ms
[189.118s][info][gc          ] Allocation Stall (Executor task launch worker for task 30.0 in stage 0.0 (TID 30)) 3.381ms
[189.119s][info][gc          ] Allocation Stall (Executor task launch worker for task 25.0 in stage 0.0 (TID 25)) 3.405ms
[189.119s][info][gc          ] Allocation Stall (Executor task launch worker for task 26.0 in stage 0.0 (TID 26)) 2.338ms
[189.119s][info][gc          ] Allocation Stall (Executor task launch worker for task 34.0 in stage 0.0 (TID 34)) 1.748ms
[189.135s][info][gc          ] Relocation Stall (Executor task launch worker for task 8.0 in stage 0.0 (TID 8)) 29.968ms
[189.135s][info][gc          ] Relocation Stall (Executor task launch worker for task 14.0 in stage 0.0 (TID 14)) 32.906ms
[189.135s][info][gc          ] Relocation Stall (Executor task launch worker for task 32.0 in stage 0.0 (TID 32)) 30.816ms
[189.135s][info][gc          ] Relocation Stall (Executor task launch worker for task 24.0 in stage 0.0 (TID 24)) 33.003ms
[189.135s][info][gc          ] Relocation Stall (Executor task launch worker for task 22.0 in stage 0.0 (TID 22)) 31.585ms
[189.135s][info][gc          ] Relocation Stall (Executor task launch worker for task 38.0 in stage 0.0 (TID 38)) 30.047ms
[189.135s][info][gc          ] Relocation Stall (Executor task launch worker for task 20.0 in stage 0.0 (TID 20)) 33.998ms
[189.135s][info][gc          ] Relocation Stall (Executor task launch worker for task 13.0 in stage 0.0 (TID 13)) 33.592ms
[189.135s][info][gc          ] Relocation Stall (Executor task launch worker for task 45.0 in stage 0.0 (TID 45)) 28.018ms
[189.135s][info][gc          ] Relocation Stall (Executor task launch worker for task 35.0 in stage 0.0 (TID 35)) 32.928ms
[189.136s][info][gc          ] Allocation Stall (Executor task launch worker for task 37.0 in stage 0.0 (TID 37)) 9.350ms
[189.136s][info][gc          ] Allocation Stall (Executor task launch worker for task 34.0 in stage 0.0 (TID 34)) 8.971ms
[189.136s][info][gc          ] Allocation Stall (Executor task launch worker for task 47.0 in stage 0.0 (TID 47)) 8.002ms
[189.136s][info][gc          ] Allocation Stall (Executor task launch worker for task 2.0 in stage 0.0 (TID 2)) 7.537ms
[189.136s][info][gc          ] Allocation Stall (Executor task launch worker for task 26.0 in stage 0.0 (TID 26)) 9.214ms
[189.136s][info][gc          ] Allocation Stall (Executor task launch worker for task 18.0 in stage 0.0 (TID 18)) 8.067ms
[189.136s][info][gc          ] Allocation Stall (Executor task launch worker for task 41.0 in stage 0.0 (TID 41)) 7.179ms
[189.136s][info][gc          ] Allocation Stall (Executor task launch worker for task 6.0 in stage 0.0 (TID 6)) 9.056ms
[189.136s][info][gc,phases   ] GC(121) Concurrent Relocate 34.242ms
[189.136s][info][gc,load     ] GC(121) Load: 0.00/0.00/0.00
[189.136s][info][gc,mmu      ] GC(121) MMU: 2ms/95.7%, 5ms/98.3%, 10ms/99.1%, 20ms/99.5%, 50ms/99.8%, 100ms/99.8%
[189.136s][info][gc,marking  ] GC(121) Mark: 4 stripe(s), 2 proactive flush(es), 1 terminate flush(es), 0 completion(s), 0 continuation(s) 
[189.136s][info][gc,marking  ] GC(121) Mark Stack Usage: 32M
[189.136s][info][gc,nmethod  ] GC(121) NMethods: 4663 registered, 253 unregistered
[189.136s][info][gc,metaspace] GC(121) Metaspace: 113M used, 116M committed, 1152M reserved
[189.136s][info][gc,ref      ] GC(121) Soft: 2808 encountered, 2265 discovered, 0 enqueued
[189.136s][info][gc,ref      ] GC(121) Weak: 13104 encountered, 3631 discovered, 1 enqueued
[189.136s][info][gc,ref      ] GC(121) Final: 40 encountered, 10 discovered, 0 enqueued
[189.136s][info][gc,ref      ] GC(121) Phantom: 750 encountered, 606 discovered, 0 enqueued
[189.136s][info][gc,reloc    ] GC(121) Small Pages: 73 / 146M, Empty: 28M, Relocated: 3M, In-Place: 4
[189.136s][info][gc,reloc    ] GC(121) Medium Pages: 2 / 32M, Empty: 0M, Relocated: 11M, In-Place: 1
[189.136s][info][gc,reloc    ] GC(121) Large Pages: 66 / 320M, Empty: 16M, Relocated: 0M, In-Place: 0
[189.136s][info][gc,reloc    ] GC(121) Forwarding Usage: 0M
[189.136s][info][gc,heap     ] GC(121) Min Capacity: 8M(2%)
[189.136s][info][gc,heap     ] GC(121) Max Capacity: 512M(100%)
[189.136s][info][gc,heap     ] GC(121) Soft Max Capacity: 512M(100%)
[189.136s][info][gc,heap     ] GC(121)                Mark Start          Mark End        Relocate Start      Relocate End           High               Low         
[189.136s][info][gc,heap     ] GC(121)  Capacity:      512M (100%)        512M (100%)        512M (100%)        512M (100%)        512M (100%)        512M (100%)   
[189.136s][info][gc,heap     ] GC(121)      Free:        0M (0%)            0M (0%)            0M (0%)            0M (0%)           44M (9%)            0M (0%)     
[189.136s][info][gc,heap     ] GC(121)      Used:      512M (100%)        512M (100%)        512M (100%)        512M (100%)        512M (100%)        468M (91%)    
[189.136s][info][gc,heap     ] GC(121)      Live:         -               380M (74%)         380M (74%)         380M (74%)            -                  -          
[189.136s][info][gc,heap     ] GC(121) Allocated:         -                 0M (0%)           44M (9%)           94M (18%)            -                  -          
[189.136s][info][gc,heap     ] GC(121)   Garbage:         -               131M (26%)          87M (17%)          37M (7%)             -                  -          
[189.136s][info][gc,heap     ] GC(121) Reclaimed:         -                  -                44M (9%)           94M (18%)            -                  -          
[189.136s][info][gc          ] GC(121) Garbage Collection (Allocation Stall) 512M(100%)->512M(100%)
[189.136s][info][gc,start    ] GC(122) Garbage Collection (Allocation Stall)
[189.136s][info][gc          ] Allocation Stall (Executor task launch worker for task 25.0 in stage 0.0 (TID 25)) 7.973ms
[189.136s][info][gc,ref      ] GC(122) Clearing All SoftReferences
[189.136s][info][gc          ] Allocation Stall (Executor task launch worker for task 11.0 in stage 0.0 (TID 11)) 7.944ms
[189.136s][info][gc          ] Allocation Stall (Executor task launch worker for task 12.0 in stage 0.0 (TID 12)) 7.821ms
[189.136s][info][gc          ] Allocation Stall (Executor task launch worker for task 23.0 in stage 0.0 (TID 23)) 7.559ms
[189.136s][info][gc          ] Allocation Stall (Executor task launch worker for task 43.0 in stage 0.0 (TID 43)) 7.361ms
[189.136s][info][gc,task     ] GC(122) Using 5 workers
[189.136s][info][gc          ] Allocation Stall (Executor task launch worker for task 19.0 in stage 0.0 (TID 19)) 7.228ms
[189.136s][info][gc          ] Allocation Stall (Executor task launch worker for task 16.0 in stage 0.0 (TID 16)) 6.937ms
[189.137s][info][gc          ] Allocation Stall (Executor task launch worker for task 3.0 in stage 0.0 (TID 3)) 6.974ms
[189.137s][info][gc          ] Allocation Stall (Executor task launch worker for task 4.0 in stage 0.0 (TID 4)) 6.994ms
[189.137s][info][gc,ref      ] GC(122) Clearing All SoftReferences
[189.137s][info][gc,phases   ] GC(122) Pause Mark Start 0.032ms
[189.137s][info][gc          ] Allocation Stall (Executor task launch worker for task 33.0 in stage 0.0 (TID 33)) 6.938ms
[189.137s][info][gc          ] Allocation Stall (Executor task launch worker for task 0.0 in stage 0.0 (TID 0)) 7.093ms
[189.137s][info][gc          ] Allocation Stall (Executor task launch worker for task 17.0 in stage 0.0 (TID 17)) 6.770ms
[189.137s][info][gc          ] Allocation Stall (Executor task launch worker for task 42.0 in stage 0.0 (TID 42)) 6.656ms
[189.137s][info][gc          ] Allocation Stall (Executor task launch worker for task 39.0 in stage 0.0 (TID 39)) 6.723ms
[189.137s][info][gc          ] Allocation Stall (Executor task launch worker for task 15.0 in stage 0.0 (TID 15)) 6.699ms
[189.137s][info][gc          ] Allocation Stall (Executor task launch worker for task 10.0 in stage 0.0 (TID 10)) 6.397ms
[189.137s][info][gc          ] Allocation Stall (Executor task launch worker for task 9.0 in stage 0.0 (TID 9)) 6.356ms
[189.137s][info][gc          ] Allocation Stall (Executor task launch worker for task 28.0 in stage 0.0 (TID 28)) 6.319ms
[189.137s][info][gc          ] Allocation Stall (Executor task launch worker for task 27.0 in stage 0.0 (TID 27)) 6.069ms
[189.137s][info][gc          ] Allocation Stall (Executor task launch worker for task 30.0 in stage 0.0 (TID 30)) 5.967ms
[189.137s][info][gc          ] Allocation Stall (Executor task launch worker for task 1.0 in stage 0.0 (TID 1)) 5.957ms
[189.137s][info][gc          ] Allocation Stall (Executor task launch worker for task 36.0 in stage 0.0 (TID 36)) 5.844ms
[189.137s][info][gc          ] Allocation Stall (Executor task launch worker for task 44.0 in stage 0.0 (TID 44)) 5.893ms
[189.137s][info][gc          ] Allocation Stall (Executor task launch worker for task 7.0 in stage 0.0 (TID 7)) 5.951ms
[189.137s][info][gc          ] Allocation Stall (Executor task launch worker for task 21.0 in stage 0.0 (TID 21)) 5.864ms
[189.137s][info][gc          ] Allocation Stall (Executor task launch worker for task 5.0 in stage 0.0 (TID 5)) 5.804ms
[189.137s][info][gc          ] Allocation Stall (Executor task launch worker for task 40.0 in stage 0.0 (TID 40)) 5.814ms
[189.137s][info][gc          ] Allocation Stall (Executor task launch worker for task 31.0 in stage 0.0 (TID 31)) 5.812ms
[189.138s][info][gc          ] Allocation Stall (Executor task launch worker for task 29.0 in stage 0.0 (TID 29)) 5.879ms
[189.171s][info][gc,phases   ] GC(122) Concurrent Mark 34.005ms
[189.171s][info][gc,phases   ] GC(122) Pause Mark End 0.013ms
[189.171s][info][gc,phases   ] GC(122) Concurrent Mark Free 0.001ms
[189.174s][info][gc,phases   ] GC(122) Concurrent Process Non-Strong References 2.437ms
[189.174s][info][gc,phases   ] GC(122) Concurrent Reset Relocation Set 0.005ms
[189.177s][info][gc          ] Allocation Stall (Executor task launch worker for task 6.0 in stage 0.0 (TID 6)) 40.179ms
[189.177s][info][gc          ] Allocation Stall (Executor task launch worker for task 2.0 in stage 0.0 (TID 2)) 40.178ms
[189.177s][info][gc          ] Allocation Stall (Executor task launch worker for task 37.0 in stage 0.0 (TID 37)) 40.181ms
[189.177s][info][gc          ] Allocation Stall (Executor task launch worker for task 16.0 in stage 0.0 (TID 16)) 40.184ms
[189.177s][info][gc          ] Allocation Stall (Executor task launch worker for task 46.0 in stage 0.0 (TID 46)) 43.163ms
[189.177s][info][gc          ] Allocation Stall (Executor task launch worker for task 43.0 in stage 0.0 (TID 43)) 40.187ms
[189.177s][info][gc          ] Allocation Stall (Executor task launch worker for task 4.0 in stage 0.0 (TID 4)) 40.206ms
[189.177s][info][gc          ] Allocation Stall (Executor task launch worker for task 26.0 in stage 0.0 (TID 26)) 40.180ms
[189.177s][info][gc          ] Allocation Stall (Executor task launch worker for task 19.0 in stage 0.0 (TID 19)) 40.197ms
[189.177s][info][gc          ] Allocation Stall (Executor task launch worker for task 45.0 in stage 0.0 (TID 45)) 41.323ms
[189.177s][info][gc          ] Allocation Stall (Executor task launch worker for task 38.0 in stage 0.0 (TID 38)) 41.440ms
[189.177s][info][gc          ] Allocation Stall (Executor task launch worker for task 25.0 in stage 0.0 (TID 25)) 40.134ms
[189.177s][info][gc          ] Allocation Stall (Executor task launch worker for task 8.0 in stage 0.0 (TID 8)) 41.584ms
[189.177s][info][gc          ] Allocation Stall (Executor task launch worker for task 11.0 in stage 0.0 (TID 11)) 40.221ms
[189.177s][info][gc          ] Allocation Stall (Executor task launch worker for task 13.0 in stage 0.0 (TID 13)) 41.386ms
[189.177s][info][gc          ] Allocation Stall (Executor task launch worker for task 35.0 in stage 0.0 (TID 35)) 41.107ms
[189.177s][info][gc          ] Allocation Stall (Executor task launch worker for task 20.0 in stage 0.0 (TID 20)) 41.419ms
[189.177s][info][gc          ] Allocation Stall (Executor task launch worker for task 22.0 in stage 0.0 (TID 22)) 41.473ms
[189.177s][info][gc          ] Allocation Stall (Executor task launch worker for task 24.0 in stage 0.0 (TID 24)) 41.517ms
[189.177s][info][gc          ] Allocation Stall (Executor task launch worker for task 32.0 in stage 0.0 (TID 32)) 41.525ms
[189.177s][info][gc          ] Allocation Stall (Executor task launch worker for task 14.0 in stage 0.0 (TID 14)) 41.598ms
[189.177s][info][gc,phases   ] GC(122) Concurrent Select Relocation Set 3.668ms
[189.177s][info][gc          ] Allocation Stall (Executor task launch worker for task 34.0 in stage 0.0 (TID 34)) 35.966ms
[189.177s][info][gc          ] Allocation Stall (Executor task launch worker for task 30.0 in stage 0.0 (TID 30)) 36.015ms
[189.178s][info][gc          ] Allocation Stall (Executor task launch worker for task 21.0 in stage 0.0 (TID 21)) 36.081ms
[189.178s][info][gc          ] Allocation Stall (Executor task launch worker for task 15.0 in stage 0.0 (TID 15)) 36.082ms
[189.178s][info][gc          ] Allocation Stall (Executor task launch worker for task 10.0 in stage 0.0 (TID 10)) 35.974ms
[189.178s][info][gc          ] Allocation Stall (Executor task launch worker for task 18.0 in stage 0.0 (TID 18)) 36.071ms
[189.178s][info][gc          ] Allocation Stall (Executor task launch worker for task 41.0 in stage 0.0 (TID 41)) 36.123ms
[189.178s][info][gc          ] Allocation Stall (Executor task launch worker for task 0.0 in stage 0.0 (TID 0)) 36.212ms
[189.178s][info][gc          ] Allocation Stall (Executor task launch worker for task 12.0 in stage 0.0 (TID 12)) 36.267ms
[189.178s][info][gc          ] Allocation Stall (Executor task launch worker for task 31.0 in stage 0.0 (TID 31)) 36.354ms
[189.178s][info][gc          ] Allocation Stall (Executor task launch worker for task 9.0 in stage 0.0 (TID 9)) 36.331ms
[189.178s][info][gc          ] Allocation Stall (Executor task launch worker for task 1.0 in stage 0.0 (TID 1)) 36.318ms
[189.178s][info][gc          ] Allocation Stall (Executor task launch worker for task 28.0 in stage 0.0 (TID 28)) 36.233ms
[189.178s][info][gc          ] Allocation Stall (Executor task launch worker for task 44.0 in stage 0.0 (TID 44)) 36.252ms
[189.179s][info][gc,phases   ] GC(122) Pause Relocate Start 0.009ms
[189.179s][info][gc          ] Allocation Stall (Executor task launch worker for task 5.0 in stage 0.0 (TID 5)) 37.294ms
[189.179s][info][gc          ] Allocation Stall (Executor task launch worker for task 7.0 in stage 0.0 (TID 7)) 36.891ms
[189.179s][info][gc          ] Allocation Stall (Executor task launch worker for task 29.0 in stage 0.0 (TID 29)) 36.770ms
[189.179s][info][gc          ] Allocation Stall (Executor task launch worker for task 39.0 in stage 0.0 (TID 39)) 36.381ms
[189.179s][info][gc          ] Allocation Stall (Executor task launch worker for task 36.0 in stage 0.0 (TID 36)) 35.922ms
[189.179s][info][gc          ] Allocation Stall (Executor task launch worker for task 42.0 in stage 0.0 (TID 42)) 35.918ms
[189.179s][info][gc          ] Allocation Stall (Executor task launch worker for task 17.0 in stage 0.0 (TID 17)) 36.991ms
[189.179s][info][gc          ] Allocation Stall (Executor task launch worker for task 40.0 in stage 0.0 (TID 40)) 36.922ms
[189.179s][info][gc          ] Allocation Stall (Executor task launch worker for task 27.0 in stage 0.0 (TID 27)) 35.978ms
[189.179s][info][gc          ] Allocation Stall (Executor task launch worker for task 23.0 in stage 0.0 (TID 23)) 35.963ms
[189.179s][info][gc          ] Allocation Stall (Executor task launch worker for task 3.0 in stage 0.0 (TID 3)) 35.961ms
[189.179s][info][gc          ] Allocation Stall (Executor task launch worker for task 47.0 in stage 0.0 (TID 47)) 35.959ms
[189.179s][info][gc          ] Allocation Stall (Executor task launch worker for task 33.0 in stage 0.0 (TID 33)) 35.961ms
[189.190s][info][gc          ] Allocation Stall (Executor task launch worker for task 11.0 in stage 0.0 (TID 11)) 5.921ms
[189.190s][info][gc          ] Allocation Stall (Executor task launch worker for task 5.0 in stage 0.0 (TID 5)) 5.924ms
[189.192s][info][gc          ] Allocation Stall (Executor task launch worker for task 29.0 in stage 0.0 (TID 29)) 6.224ms
[189.192s][info][gc          ] Allocation Stall (Executor task launch worker for task 2.0 in stage 0.0 (TID 2)) 6.259ms
[189.192s][info][gc          ] Allocation Stall (Executor task launch worker for task 44.0 in stage 0.0 (TID 44)) 6.225ms
[189.192s][info][gc          ] Allocation Stall (Executor task launch worker for task 43.0 in stage 0.0 (TID 43)) 6.561ms
[189.192s][info][gc          ] Allocation Stall (Executor task launch worker for task 33.0 in stage 0.0 (TID 33)) 6.321ms
[189.192s][info][gc          ] Allocation Stall (Executor task launch worker for task 34.0 in stage 0.0 (TID 34)) 6.111ms
[189.192s][info][gc          ] Allocation Stall (Executor task launch worker for task 27.0 in stage 0.0 (TID 27)) 5.992ms
[189.192s][info][gc          ] Allocation Stall (Executor task launch worker for task 30.0 in stage 0.0 (TID 30)) 6.127ms
[189.192s][info][gc          ] Allocation Stall (Executor task launch worker for task 19.0 in stage 0.0 (TID 19)) 5.723ms
[189.192s][info][gc          ] Allocation Stall (Executor task launch worker for task 4.0 in stage 0.0 (TID 4)) 6.460ms
[189.192s][info][gc          ] Allocation Stall (Executor task launch worker for task 46.0 in stage 0.0 (TID 46)) 5.590ms
[189.192s][info][gc          ] Allocation Stall (Executor task launch worker for task 26.0 in stage 0.0 (TID 26)) 3.247ms
[189.192s][info][gc          ] Allocation Stall (Executor task launch worker for task 23.0 in stage 0.0 (TID 23)) 3.745ms
[189.192s][info][gc          ] Allocation Stall (Executor task launch worker for task 21.0 in stage 0.0 (TID 21)) 5.471ms
[189.192s][info][gc          ] Allocation Stall (Executor task launch worker for task 7.0 in stage 0.0 (TID 7)) 5.270ms
[189.192s][info][gc          ] Allocation Stall (Executor task launch worker for task 16.0 in stage 0.0 (TID 16)) 5.574ms
[189.192s][info][gc          ] Allocation Stall (Executor task launch worker for task 3.0 in stage 0.0 (TID 3)) 3.849ms
[189.192s][info][gc          ] Allocation Stall (Executor task launch worker for task 15.0 in stage 0.0 (TID 15)) 4.092ms
[189.192s][info][gc          ] Allocation Stall (Executor task launch worker for task 37.0 in stage 0.0 (TID 37)) 3.143ms
[189.192s][info][gc          ] Allocation Stall (Executor task launch worker for task 41.0 in stage 0.0 (TID 41)) 4.386ms
[189.193s][info][gc          ] Allocation Stall (Executor task launch worker for task 25.0 in stage 0.0 (TID 25)) 3.410ms
[189.194s][info][gc          ] Allocation Stall (Executor task launch worker for task 40.0 in stage 0.0 (TID 40)) 5.078ms
[189.194s][info][gc          ] Allocation Stall (Executor task launch worker for task 9.0 in stage 0.0 (TID 9)) 5.078ms
[189.194s][info][gc          ] Allocation Stall (Executor task launch worker for task 18.0 in stage 0.0 (TID 18)) 5.187ms
[189.195s][info][gc          ] Allocation Stall (Executor task launch worker for task 1.0 in stage 0.0 (TID 1)) 5.270ms
[189.195s][info][gc          ] Allocation Stall (Executor task launch worker for task 12.0 in stage 0.0 (TID 12)) 5.291ms
[189.195s][info][gc          ] Allocation Stall (Executor task launch worker for task 10.0 in stage 0.0 (TID 10)) 5.570ms
[189.195s][info][gc          ] Allocation Stall (Executor task launch worker for task 0.0 in stage 0.0 (TID 0)) 5.597ms
[189.195s][info][gc          ] Allocation Stall (Executor task launch worker for task 28.0 in stage 0.0 (TID 28)) 5.393ms
[189.205s][info][gc          ] Allocation Stall (Executor task launch worker for task 44.0 in stage 0.0 (TID 44)) 1.576ms
[189.205s][info][gc          ] Allocation Stall (Executor task launch worker for task 25.0 in stage 0.0 (TID 25)) 1.624ms
[189.205s][info][gc          ] Allocation Stall (Executor task launch worker for task 9.0 in stage 0.0 (TID 9)) 1.598ms
[189.205s][info][gc          ] Allocation Stall (Executor task launch worker for task 2.0 in stage 0.0 (TID 2)) 1.420ms
[189.205s][info][gc          ] Allocation Stall (Executor task launch worker for task 31.0 in stage 0.0 (TID 31)) 1.181ms
[189.205s][info][gc          ] Allocation Stall (Executor task launch worker for task 20.0 in stage 0.0 (TID 20)) 1.156ms
[189.205s][info][gc          ] Allocation Stall (Executor task launch worker for task 18.0 in stage 0.0 (TID 18)) 1.090ms
[189.205s][info][gc          ] Allocation Stall (Executor task launch worker for task 28.0 in stage 0.0 (TID 28)) 0.953ms
[189.206s][info][gc          ] Allocation Stall (Executor task launch worker for task 1.0 in stage 0.0 (TID 1)) 0.832ms
[189.206s][info][gc          ] Allocation Stall (Executor task launch worker for task 5.0 in stage 0.0 (TID 5)) 0.859ms
[189.206s][info][gc          ] Allocation Stall (Executor task launch worker for task 34.0 in stage 0.0 (TID 34)) 0.426ms
[189.228s][info][gc          ] Allocation Stall (Executor task launch worker for task 29.0 in stage 0.0 (TID 29)) 4.829ms
[189.228s][info][gc          ] Allocation Stall (Executor task launch worker for task 18.0 in stage 0.0 (TID 18)) 4.679ms
[189.228s][info][gc          ] Allocation Stall (Executor task launch worker for task 21.0 in stage 0.0 (TID 21)) 4.418ms
[189.228s][info][gc          ] Allocation Stall (Executor task launch worker for task 9.0 in stage 0.0 (TID 9)) 4.361ms
[189.228s][info][gc          ] Allocation Stall (Executor task launch worker for task 34.0 in stage 0.0 (TID 34)) 4.220ms
[189.228s][info][gc          ] Allocation Stall (Executor task launch worker for task 40.0 in stage 0.0 (TID 40)) 2.733ms
[189.228s][info][gc          ] Allocation Stall (Executor task launch worker for task 4.0 in stage 0.0 (TID 4)) 2.630ms
[189.228s][info][gc          ] Allocation Stall (Executor task launch worker for task 19.0 in stage 0.0 (TID 19)) 2.661ms
[189.228s][info][gc          ] Allocation Stall (Executor task launch worker for task 23.0 in stage 0.0 (TID 23)) 2.265ms
[189.229s][info][gc          ] Allocation Stall (Executor task launch worker for task 41.0 in stage 0.0 (TID 41)) 2.308ms
[189.229s][info][gc          ] Allocation Stall (Executor task launch worker for task 5.0 in stage 0.0 (TID 5)) 2.272ms
[189.229s][info][gc          ] Allocation Stall (Executor task launch worker for task 25.0 in stage 0.0 (TID 25)) 2.219ms
[189.229s][info][gc          ] Allocation Stall (Executor task launch worker for task 15.0 in stage 0.0 (TID 15)) 1.986ms
[189.229s][info][gc          ] Allocation Stall (Executor task launch worker for task 30.0 in stage 0.0 (TID 30)) 2.022ms
[189.229s][info][gc          ] Allocation Stall (Executor task launch worker for task 27.0 in stage 0.0 (TID 27)) 1.879ms
[189.229s][info][gc          ] Allocation Stall (Executor task launch worker for task 37.0 in stage 0.0 (TID 37)) 1.755ms
[189.244s][info][gc          ] Relocation Stall (Executor task launch worker for task 36.0 in stage 0.0 (TID 36)) 60.510ms
[189.244s][info][gc          ] Relocation Stall (Executor task launch worker for task 35.0 in stage 0.0 (TID 35)) 60.465ms
[189.244s][info][gc          ] Relocation Stall (Executor task launch worker for task 8.0 in stage 0.0 (TID 8)) 60.617ms
[189.244s][info][gc          ] Relocation Stall (Executor task launch worker for task 6.0 in stage 0.0 (TID 6)) 61.162ms
[189.244s][info][gc          ] Relocation Stall (Executor task launch worker for task 32.0 in stage 0.0 (TID 32)) 60.313ms
[189.244s][info][gc          ] Relocation Stall (Executor task launch worker for task 22.0 in stage 0.0 (TID 22)) 61.563ms
[189.244s][info][gc          ] Relocation Stall (Executor task launch worker for task 45.0 in stage 0.0 (TID 45)) 60.113ms
[189.244s][info][gc          ] Relocation Stall (Executor task launch worker for task 24.0 in stage 0.0 (TID 24)) 60.740ms
[189.244s][info][gc          ] Relocation Stall (Executor task launch worker for task 42.0 in stage 0.0 (TID 42)) 63.084ms
[189.244s][info][gc          ] Relocation Stall (Executor task launch worker for task 39.0 in stage 0.0 (TID 39)) 58.514ms
[189.244s][info][gc          ] Relocation Stall (Executor task launch worker for task 47.0 in stage 0.0 (TID 47)) 59.362ms
[189.244s][info][gc          ] Relocation Stall (Executor task launch worker for task 38.0 in stage 0.0 (TID 38)) 60.321ms
[189.244s][info][gc          ] Relocation Stall (Executor task launch worker for task 14.0 in stage 0.0 (TID 14)) 60.664ms
[189.244s][info][gc          ] Allocation Stall (Executor task launch worker for task 30.0 in stage 0.0 (TID 30)) 8.189ms
[189.244s][info][gc          ] Allocation Stall (Executor task launch worker for task 13.0 in stage 0.0 (TID 13)) 7.976ms
[189.244s][info][gc          ] Allocation Stall (Executor task launch worker for task 7.0 in stage 0.0 (TID 7)) 8.199ms
[189.244s][info][gc          ] Allocation Stall (Executor task launch worker for task 3.0 in stage 0.0 (TID 3)) 7.923ms
[189.244s][info][gc          ] Allocation Stall (Executor task launch worker for task 41.0 in stage 0.0 (TID 41)) 7.980ms
[189.244s][info][gc          ] Allocation Stall (Executor task launch worker for task 4.0 in stage 0.0 (TID 4)) 8.192ms
[189.244s][info][gc          ] Allocation Stall (Executor task launch worker for task 23.0 in stage 0.0 (TID 23)) 8.176ms
[189.244s][info][gc          ] Allocation Stall (Executor task launch worker for task 33.0 in stage 0.0 (TID 33)) 7.785ms
[189.244s][info][gc,phases   ] GC(122) Concurrent Relocate 64.287ms
[189.244s][info][gc,load     ] GC(122) Load: 0.00/0.00/0.00
[189.244s][info][gc,mmu      ] GC(122) MMU: 2ms/95.7%, 5ms/98.3%, 10ms/99.1%, 20ms/99.5%, 50ms/99.8%, 100ms/99.8%
[189.244s][info][gc,marking  ] GC(122) Mark: 4 stripe(s), 2 proactive flush(es), 1 terminate flush(es), 0 completion(s), 0 continuation(s) 
[189.244s][info][gc,marking  ] GC(122) Mark Stack Usage: 32M
[189.244s][info][gc,nmethod  ] GC(122) NMethods: 4663 registered, 253 unregistered
[189.244s][info][gc,metaspace] GC(122) Metaspace: 113M used, 116M committed, 1152M reserved
[189.244s][info][gc,ref      ] GC(122) Soft: 2808 encountered, 2183 discovered, 0 enqueued
[189.244s][info][gc,ref      ] GC(122) Weak: 13105 encountered, 3171 discovered, 1 enqueued
[189.244s][info][gc,ref      ] GC(122) Final: 40 encountered, 0 discovered, 0 enqueued
[189.244s][info][gc,ref      ] GC(122) Phantom: 750 encountered, 626 discovered, 0 enqueued
[189.244s][info][gc,reloc    ] GC(122) Small Pages: 77 / 154M, Empty: 28M, Relocated: 5M, In-Place: 4
[189.244s][info][gc,reloc    ] GC(122) Medium Pages: 2 / 32M, Empty: 0M, Relocated: 13M, In-Place: 1
[189.244s][info][gc,reloc    ] GC(122) Large Pages: 67 / 316M, Empty: 16M, Relocated: 0M, In-Place: 0
[189.244s][info][gc,reloc    ] GC(122) Forwarding Usage: 0M
[189.244s][info][gc          ] Allocation Stall (Executor task launch worker for task 21.0 in stage 0.0 (TID 21)) 8.430ms
[189.244s][info][gc,heap     ] GC(122) Min Capacity: 8M(2%)
[189.244s][info][gc          ] Allocation Stall (Executor task launch worker for task 19.0 in stage 0.0 (TID 19)) 8.411ms
[189.244s][info][gc,heap     ] GC(122) Max Capacity: 512M(100%)
[189.244s][info][gc          ] Allocation Stall (Executor task launch worker for task 43.0 in stage 0.0 (TID 43)) 8.394ms
[189.244s][info][gc,heap     ] GC(122) Soft Max Capacity: 512M(100%)
[189.244s][info][gc,heap     ] GC(122)                Mark Start          Mark End        Relocate Start      Relocate End           High               Low         
[189.244s][info][gc          ] Allocation Stall (Executor task launch worker for task 5.0 in stage 0.0 (TID 5)) 8.362ms
[189.244s][info][gc,heap     ] GC(122)  Capacity:      512M (100%)        512M (100%)        512M (100%)        512M (100%)        512M (100%)        512M (100%)   
[189.244s][info][gc,heap     ] GC(122)      Free:        0M (0%)            0M (0%)            0M (0%)            0M (0%)           44M (9%)            0M (0%)     
[189.244s][info][gc,heap     ] GC(122)      Used:      512M (100%)        512M (100%)        512M (100%)        512M (100%)        512M (100%)        468M (91%)    
[189.244s][info][gc,heap     ] GC(122)      Live:         -               378M (74%)         378M (74%)         378M (74%)            -                  -          
[189.244s][info][gc,heap     ] GC(122) Allocated:         -                 0M (0%)           44M (9%)          102M (20%)            -                  -          
[189.244s][info][gc,heap     ] GC(122)   Garbage:         -               133M (26%)          89M (18%)          31M (6%)             -                  -          
[189.244s][info][gc,heap     ] GC(122) Reclaimed:         -                  -                44M (9%)          102M (20%)            -                  -          
[189.245s][info][gc          ] GC(122) Garbage Collection (Allocation Stall) 512M(100%)->512M(100%)
[189.245s][info][gc,start    ] GC(123) Garbage Collection (Allocation Stall)
[189.245s][info][gc,ref      ] GC(123) Clearing All SoftReferences
[189.245s][info][gc,task     ] GC(123) Using 5 workers
[189.245s][info][gc,ref      ] GC(123) Clearing All SoftReferences
[189.245s][info][gc,phases   ] GC(123) Pause Mark Start 0.185ms
[189.245s][info][gc          ] Allocation Stall (Executor task launch worker for task 20.0 in stage 0.0 (TID 20)) 9.103ms
[189.245s][info][gc          ] Allocation Stall (Executor task launch worker for task 2.0 in stage 0.0 (TID 2)) 9.036ms
[189.245s][info][gc          ] Allocation Stall (Executor task launch worker for task 27.0 in stage 0.0 (TID 27)) 9.079ms
[189.245s][info][gc          ] Allocation Stall (Executor task launch worker for task 25.0 in stage 0.0 (TID 25)) 9.022ms
[189.245s][info][gc          ] Allocation Stall (Executor task launch worker for task 37.0 in stage 0.0 (TID 37)) 7.503ms
[189.245s][info][gc          ] Allocation Stall (Executor task launch worker for task 15.0 in stage 0.0 (TID 15)) 7.533ms
[189.245s][info][gc          ] Allocation Stall (Executor task launch worker for task 16.0 in stage 0.0 (TID 16)) 7.148ms
[189.245s][info][gc          ] Allocation Stall (Executor task launch worker for task 0.0 in stage 0.0 (TID 0)) 7.195ms
[189.245s][info][gc          ] Allocation Stall (Executor task launch worker for task 17.0 in stage 0.0 (TID 17)) 7.169ms
[189.245s][info][gc          ] Allocation Stall (Executor task launch worker for task 11.0 in stage 0.0 (TID 11)) 7.029ms
[189.245s][info][gc          ] Allocation Stall (Executor task launch worker for task 1.0 in stage 0.0 (TID 1)) 7.029ms
[189.245s][info][gc          ] Allocation Stall (Executor task launch worker for task 28.0 in stage 0.0 (TID 28)) 7.004ms
[189.245s][info][gc          ] Allocation Stall (Executor task launch worker for task 46.0 in stage 0.0 (TID 46)) 7.007ms
[189.246s][info][gc          ] Allocation Stall (Executor task launch worker for task 34.0 in stage 0.0 (TID 34)) 6.904ms
[189.246s][info][gc          ] Allocation Stall (Executor task launch worker for task 9.0 in stage 0.0 (TID 9)) 6.845ms
[189.246s][info][gc          ] Allocation Stall (Executor task launch worker for task 44.0 in stage 0.0 (TID 44)) 6.857ms
[189.246s][info][gc          ] Allocation Stall (Executor task launch worker for task 29.0 in stage 0.0 (TID 29)) 6.853ms
[189.246s][info][gc          ] Allocation Stall (Executor task launch worker for task 40.0 in stage 0.0 (TID 40)) 6.832ms
[189.246s][info][gc          ] Allocation Stall (Executor task launch worker for task 31.0 in stage 0.0 (TID 31)) 6.882ms
[189.246s][info][gc          ] Allocation Stall (Executor task launch worker for task 18.0 in stage 0.0 (TID 18)) 6.911ms
[189.246s][info][gc          ] Allocation Stall (Executor task launch worker for task 12.0 in stage 0.0 (TID 12)) 6.960ms
[189.246s][info][gc          ] Allocation Stall (Executor task launch worker for task 26.0 in stage 0.0 (TID 26)) 6.746ms
[189.246s][info][gc          ] Allocation Stall (Executor task launch worker for task 10.0 in stage 0.0 (TID 10)) 4.553ms
[189.280s][info][gc,phases   ] GC(123) Concurrent Mark 35.308ms
[189.281s][info][gc,phases   ] GC(123) Pause Mark End 0.021ms
[189.281s][info][gc,phases   ] GC(123) Concurrent Mark Free 0.001ms
[189.283s][info][gc,phases   ] GC(123) Concurrent Process Non-Strong References 2.405ms
[189.283s][info][gc,phases   ] GC(123) Concurrent Reset Relocation Set 0.006ms
[189.286s][info][gc          ] Allocation Stall (Executor task launch worker for task 19.0 in stage 0.0 (TID 19)) 40.631ms
[189.286s][info][gc          ] Allocation Stall (Executor task launch worker for task 7.0 in stage 0.0 (TID 7)) 40.644ms
[189.286s][info][gc          ] Allocation Stall (Executor task launch worker for task 4.0 in stage 0.0 (TID 4)) 34.940ms
[189.286s][info][gc          ] Allocation Stall (Executor task launch worker for task 14.0 in stage 0.0 (TID 14)) 40.640ms
[189.286s][info][gc          ] Allocation Stall (Executor task launch worker for task 36.0 in stage 0.0 (TID 36)) 42.215ms
[189.286s][info][gc          ] Allocation Stall (Executor task launch worker for task 42.0 in stage 0.0 (TID 42)) 34.922ms
[189.286s][info][gc          ] Allocation Stall (Executor task launch worker for task 8.0 in stage 0.0 (TID 8)) 41.661ms
[189.286s][info][gc          ] Allocation Stall (Executor task launch worker for task 21.0 in stage 0.0 (TID 21)) 40.651ms
[189.286s][info][gc          ] Allocation Stall (Executor task launch worker for task 33.0 in stage 0.0 (TID 33)) 40.659ms
[189.286s][info][gc          ] Allocation Stall (Executor task launch worker for task 35.0 in stage 0.0 (TID 35)) 41.723ms
[189.286s][info][gc          ] Allocation Stall (Executor task launch worker for task 32.0 in stage 0.0 (TID 32)) 41.813ms
[189.286s][info][gc          ] Allocation Stall (Executor task launch worker for task 27.0 in stage 0.0 (TID 27)) 34.863ms
[189.286s][info][gc          ] Allocation Stall (Executor task launch worker for task 13.0 in stage 0.0 (TID 13)) 40.659ms
[189.286s][info][gc          ] Allocation Stall (Executor task launch worker for task 47.0 in stage 0.0 (TID 47)) 41.935ms
[189.286s][info][gc          ] Allocation Stall (Executor task launch worker for task 22.0 in stage 0.0 (TID 22)) 41.701ms
[189.286s][info][gc          ] Allocation Stall (Executor task launch worker for task 24.0 in stage 0.0 (TID 24)) 41.667ms
[189.286s][info][gc          ] Allocation Stall (Executor task launch worker for task 41.0 in stage 0.0 (TID 41)) 40.694ms
[189.286s][info][gc          ] Allocation Stall (Executor task launch worker for task 38.0 in stage 0.0 (TID 38)) 40.690ms
[189.286s][info][gc          ] Allocation Stall (Executor task launch worker for task 6.0 in stage 0.0 (TID 6)) 42.037ms
[189.286s][info][gc          ] Allocation Stall (Executor task launch worker for task 39.0 in stage 0.0 (TID 39)) 41.976ms
[189.286s][info][gc          ] Allocation Stall (Executor task launch worker for task 5.0 in stage 0.0 (TID 5)) 40.715ms
[189.286s][info][gc,phases   ] GC(123) Concurrent Select Relocation Set 2.820ms
[189.286s][info][gc          ] Allocation Stall (Executor task launch worker for task 17.0 in stage 0.0 (TID 17)) 34.920ms
[189.286s][info][gc          ] Allocation Stall (Executor task launch worker for task 45.0 in stage 0.0 (TID 45)) 34.873ms
[189.286s][info][gc          ] Allocation Stall (Executor task launch worker for task 25.0 in stage 0.0 (TID 25)) 34.828ms
[189.286s][info][gc          ] Allocation Stall (Executor task launch worker for task 30.0 in stage 0.0 (TID 30)) 34.797ms
[189.286s][info][gc          ] Allocation Stall (Executor task launch worker for task 2.0 in stage 0.0 (TID 2)) 34.811ms
[189.286s][info][gc          ] Allocation Stall (Executor task launch worker for task 11.0 in stage 0.0 (TID 11)) 34.825ms
[189.286s][info][gc          ] Allocation Stall (Executor task launch worker for task 15.0 in stage 0.0 (TID 15)) 34.821ms
[189.286s][info][gc          ] Allocation Stall (Executor task launch worker for task 37.0 in stage 0.0 (TID 37)) 34.917ms
[189.286s][info][gc          ] Allocation Stall (Executor task launch worker for task 3.0 in stage 0.0 (TID 3)) 34.943ms
[189.286s][info][gc          ] Allocation Stall (Executor task launch worker for task 0.0 in stage 0.0 (TID 0)) 34.950ms
[189.286s][info][gc          ] Allocation Stall (Executor task launch worker for task 1.0 in stage 0.0 (TID 1)) 34.900ms
[189.287s][info][gc          ] Allocation Stall (Executor task launch worker for task 16.0 in stage 0.0 (TID 16)) 34.856ms
[189.287s][info][gc          ] Allocation Stall (Executor task launch worker for task 28.0 in stage 0.0 (TID 28)) 34.749ms
[189.287s][info][gc          ] Allocation Stall (Executor task launch worker for task 46.0 in stage 0.0 (TID 46)) 34.619ms
[189.287s][info][gc          ] Allocation Stall (Executor task launch worker for task 9.0 in stage 0.0 (TID 9)) 34.602ms
[189.287s][info][gc          ] Allocation Stall (Executor task launch worker for task 34.0 in stage 0.0 (TID 34)) 34.602ms
[189.287s][info][gc,phases   ] GC(123) Pause Relocate Start 0.006ms
[189.287s][info][gc          ] Allocation Stall (Executor task launch worker for task 12.0 in stage 0.0 (TID 12)) 35.169ms
[189.287s][info][gc          ] Allocation Stall (Executor task launch worker for task 29.0 in stage 0.0 (TID 29)) 35.168ms
[189.287s][info][gc          ] Allocation Stall (Executor task launch worker for task 44.0 in stage 0.0 (TID 44)) 35.066ms
[189.287s][info][gc          ] Allocation Stall (Executor task launch worker for task 20.0 in stage 0.0 (TID 20)) 34.946ms
[189.287s][info][gc          ] Allocation Stall (Executor task launch worker for task 43.0 in stage 0.0 (TID 43)) 34.546ms
[189.287s][info][gc          ] Allocation Stall (Executor task launch worker for task 31.0 in stage 0.0 (TID 31)) 34.909ms
[189.287s][info][gc          ] Allocation Stall (Executor task launch worker for task 40.0 in stage 0.0 (TID 40)) 34.894ms
[189.287s][info][gc          ] Allocation Stall (Executor task launch worker for task 18.0 in stage 0.0 (TID 18)) 34.451ms
[189.287s][info][gc          ] Allocation Stall (Executor task launch worker for task 26.0 in stage 0.0 (TID 26)) 34.338ms
[189.287s][info][gc          ] Allocation Stall (Executor task launch worker for task 23.0 in stage 0.0 (TID 23)) 34.659ms
[189.288s][info][gc          ] Allocation Stall (Executor task launch worker for task 10.0 in stage 0.0 (TID 10)) 28.022ms
[189.299s][info][gc,phases   ] GC(123) Concurrent Relocate 11.165ms
[189.299s][info][gc,load     ] GC(123) Load: 0.00/0.00/0.00
[189.299s][info][gc,mmu      ] GC(123) MMU: 2ms/90.7%, 5ms/96.3%, 10ms/98.1%, 20ms/99.1%, 50ms/99.6%, 100ms/99.8%
[189.299s][info][gc,marking  ] GC(123) Mark: 4 stripe(s), 2 proactive flush(es), 1 terminate flush(es), 0 completion(s), 0 continuation(s) 
[189.299s][info][gc,marking  ] GC(123) Mark Stack Usage: 32M
[189.299s][info][gc,nmethod  ] GC(123) NMethods: 4663 registered, 253 unregistered
[189.299s][info][gc,metaspace] GC(123) Metaspace: 113M used, 116M committed, 1152M reserved
[189.299s][info][gc,ref      ] GC(123) Soft: 2808 encountered, 363 discovered, 0 enqueued
[189.299s][info][gc,ref      ] GC(123) Weak: 13105 encountered, 3282 discovered, 1 enqueued
[189.299s][info][gc,ref      ] GC(123) Final: 40 encountered, 1 discovered, 0 enqueued
[189.299s][info][gc,ref      ] GC(123) Phantom: 750 encountered, 553 discovered, 0 enqueued
[189.299s][info][gc,reloc    ] GC(123) Small Pages: 80 / 160M, Empty: 30M, Relocated: 6M, In-Place: 0
[189.299s][info][gc,reloc    ] GC(123) Medium Pages: 2 / 32M, Empty: 0M, Relocated: 0M, In-Place: 0
[189.299s][info][gc,reloc    ] GC(123) Large Pages: 66 / 308M, Empty: 12M, Relocated: 0M, In-Place: 0
[189.300s][info][gc,reloc    ] GC(123) Forwarding Usage: 0M
[189.300s][info][gc,heap     ] GC(123) Min Capacity: 8M(2%)
[189.300s][info][gc,heap     ] GC(123) Max Capacity: 512M(100%)
[189.300s][info][gc,heap     ] GC(123) Soft Max Capacity: 512M(100%)
[189.300s][info][gc,heap     ] GC(123)                Mark Start          Mark End        Relocate Start      Relocate End           High               Low         
[189.300s][info][gc,heap     ] GC(123)  Capacity:      512M (100%)        512M (100%)        512M (100%)        512M (100%)        512M (100%)        512M (100%)   
[189.300s][info][gc,heap     ] GC(123)      Free:        0M (0%)            0M (0%)           10M (2%)           30M (6%)           66M (13%)           0M (0%)     
[189.300s][info][gc,heap     ] GC(123)      Used:      512M (100%)        512M (100%)        502M (98%)         482M (94%)         512M (100%)        446M (87%)    
[189.300s][info][gc,heap     ] GC(123)      Live:         -               376M (74%)         376M (74%)         376M (74%)            -                  -          
[189.300s][info][gc,heap     ] GC(123) Allocated:         -                 0M (0%)           32M (6%)           61M (12%)            -                  -          
[189.300s][info][gc,heap     ] GC(123)   Garbage:         -               135M (26%)          93M (18%)          43M (9%)             -                  -          
[189.300s][info][gc,heap     ] GC(123) Reclaimed:         -                  -                42M (8%)           91M (18%)            -                  -          
[189.300s][info][gc          ] GC(123) Garbage Collection (Allocation Stall) 512M(100%)->482M(94%)
[189.302s][info][gc,start    ] GC(124) Garbage Collection (Allocation Stall)
[189.302s][info][gc,ref      ] GC(124) Clearing All SoftReferences
[189.302s][info][gc,task     ] GC(124) Using 5 workers
[189.312s][info][gc,ref      ] GC(124) Clearing All SoftReferences
[189.312s][info][gc,phases   ] GC(124) Pause Mark Start 0.052ms
[189.312s][info][gc          ] Allocation Stall (Executor task launch worker for task 21.0 in stage 0.0 (TID 21)) 10.260ms
[189.312s][info][gc          ] Allocation Stall (Executor task launch worker for task 33.0 in stage 0.0 (TID 33)) 10.335ms
[189.312s][info][gc          ] Allocation Stall (Executor task launch worker for task 17.0 in stage 0.0 (TID 17)) 10.363ms
[189.312s][info][gc          ] Allocation Stall (Executor task launch worker for task 46.0 in stage 0.0 (TID 46)) 10.232ms
[189.313s][info][gc          ] Allocation Stall (Executor task launch worker for task 15.0 in stage 0.0 (TID 15)) 0.655ms
[189.313s][info][gc          ] Allocation Stall (Executor task launch worker for task 5.0 in stage 0.0 (TID 5)) 0.710ms
[189.313s][info][gc          ] Allocation Stall (Executor task launch worker for task 41.0 in stage 0.0 (TID 41)) 0.791ms
[189.313s][info][gc          ] Allocation Stall (Executor task launch worker for task 31.0 in stage 0.0 (TID 31)) 0.860ms
[189.313s][info][gc          ] Allocation Stall (Executor task launch worker for task 36.0 in stage 0.0 (TID 36)) 0.922ms
[189.313s][info][gc          ] Allocation Stall (Executor task launch worker for task 40.0 in stage 0.0 (TID 40)) 1.003ms
[189.313s][info][gc          ] Allocation Stall (Executor task launch worker for task 39.0 in stage 0.0 (TID 39)) 1.054ms
[189.314s][info][gc          ] Allocation Stall (Executor task launch worker for task 28.0 in stage 0.0 (TID 28)) 1.542ms
[189.314s][info][gc          ] Allocation Stall (Executor task launch worker for task 9.0 in stage 0.0 (TID 9)) 1.610ms
[189.314s][info][gc          ] Allocation Stall (Executor task launch worker for task 1.0 in stage 0.0 (TID 1)) 1.688ms
[189.314s][info][gc          ] Allocation Stall (Executor task launch worker for task 29.0 in stage 0.0 (TID 29)) 1.756ms
[189.314s][info][gc          ] Allocation Stall (Executor task launch worker for task 16.0 in stage 0.0 (TID 16)) 1.844ms
[189.314s][info][gc          ] Allocation Stall (Executor task launch worker for task 7.0 in stage 0.0 (TID 7)) 1.912ms
[189.314s][info][gc          ] Allocation Stall (Executor task launch worker for task 38.0 in stage 0.0 (TID 38)) 1.966ms
[189.314s][info][gc          ] Allocation Stall (Executor task launch worker for task 30.0 in stage 0.0 (TID 30)) 2.397ms
[189.314s][info][gc          ] Allocation Stall (Executor task launch worker for task 45.0 in stage 0.0 (TID 45)) 2.445ms
[189.315s][info][gc          ] Allocation Stall (Executor task launch worker for task 19.0 in stage 0.0 (TID 19)) 2.505ms
[189.315s][info][gc          ] Allocation Stall (Executor task launch worker for task 35.0 in stage 0.0 (TID 35)) 2.533ms
[189.315s][info][gc          ] Allocation Stall (Executor task launch worker for task 47.0 in stage 0.0 (TID 47)) 2.463ms
[189.315s][info][gc          ] Allocation Stall (Executor task launch worker for task 14.0 in stage 0.0 (TID 14)) 2.582ms
[189.315s][info][gc          ] Allocation Stall (Executor task launch worker for task 22.0 in stage 0.0 (TID 22)) 2.656ms
[189.315s][info][gc          ] Allocation Stall (Executor task launch worker for task 6.0 in stage 0.0 (TID 6)) 2.756ms
[189.315s][info][gc          ] Allocation Stall (Executor task launch worker for task 25.0 in stage 0.0 (TID 25)) 2.830ms
[189.315s][info][gc          ] Allocation Stall (Executor task launch worker for task 32.0 in stage 0.0 (TID 32)) 2.887ms
[189.315s][info][gc          ] Allocation Stall (Executor task launch worker for task 8.0 in stage 0.0 (TID 8)) 2.968ms
[189.315s][info][gc          ] Allocation Stall (Executor task launch worker for task 23.0 in stage 0.0 (TID 23)) 3.013ms
[189.315s][info][gc          ] Allocation Stall (Executor task launch worker for task 4.0 in stage 0.0 (TID 4)) 3.082ms
[189.315s][info][gc          ] Allocation Stall (Executor task launch worker for task 43.0 in stage 0.0 (TID 43)) 3.144ms
[189.315s][info][gc          ] Allocation Stall (Executor task launch worker for task 20.0 in stage 0.0 (TID 20)) 3.311ms
[189.315s][info][gc          ] Allocation Stall (Executor task launch worker for task 27.0 in stage 0.0 (TID 27)) 3.410ms
[189.316s][info][gc          ] Allocation Stall (Executor task launch worker for task 34.0 in stage 0.0 (TID 34)) 3.486ms
[189.316s][info][gc          ] Allocation Stall (Executor task launch worker for task 11.0 in stage 0.0 (TID 11)) 3.620ms
[189.316s][info][gc          ] Allocation Stall (Executor task launch worker for task 0.0 in stage 0.0 (TID 0)) 3.657ms
[189.316s][info][gc          ] Allocation Stall (Executor task launch worker for task 44.0 in stage 0.0 (TID 44)) 3.724ms
[189.316s][info][gc          ] Allocation Stall (Executor task launch worker for task 18.0 in stage 0.0 (TID 18)) 4.192ms
[189.316s][info][gc          ] Allocation Stall (RemoteBlock-temp-file-clean-thread) 4.333ms
[189.317s][info][gc          ] Allocation Stall (Executor task launch worker for task 37.0 in stage 0.0 (TID 37)) 4.454ms
[189.317s][info][gc          ] Allocation Stall (Executor task launch worker for task 10.0 in stage 0.0 (TID 10)) 4.943ms
[189.359s][info][gc,phases   ] GC(124) Concurrent Mark 46.604ms
[189.359s][info][gc,phases   ] GC(124) Pause Mark End 0.012ms
[189.359s][info][gc,phases   ] GC(124) Concurrent Mark Free 0.001ms
[189.361s][info][gc,phases   ] GC(124) Concurrent Process Non-Strong References 2.517ms
[189.361s][info][gc,phases   ] GC(124) Concurrent Reset Relocation Set 0.006ms
[189.364s][info][gc          ] Allocation Stall (Executor task launch worker for task 1.0 in stage 0.0 (TID 1)) 35.207ms
[189.364s][info][gc          ] Allocation Stall (Executor task launch worker for task 13.0 in stage 0.0 (TID 13)) 35.118ms
[189.364s][info][gc          ] Allocation Stall (Executor task launch worker for task 18.0 in stage 0.0 (TID 18)) 35.090ms
[189.364s][info][gc          ] Allocation Stall (Executor task launch worker for task 17.0 in stage 0.0 (TID 17)) 36.744ms
[189.364s][info][gc          ] Allocation Stall (Executor task launch worker for task 5.0 in stage 0.0 (TID 5)) 35.509ms
[189.364s][info][gc          ] Allocation Stall (Executor task launch worker for task 31.0 in stage 0.0 (TID 31)) 37.023ms
[189.364s][info][gc          ] Allocation Stall (Executor task launch worker for task 38.0 in stage 0.0 (TID 38)) 36.227ms
[189.364s][info][gc          ] Allocation Stall (Executor task launch worker for task 32.0 in stage 0.0 (TID 32)) 36.717ms
[189.364s][info][gc          ] Allocation Stall (Executor task launch worker for task 44.0 in stage 0.0 (TID 44)) 35.635ms
[189.364s][info][gc          ] Allocation Stall (Executor task launch worker for task 21.0 in stage 0.0 (TID 21)) 36.989ms
[189.364s][info][gc          ] Allocation Stall (Executor task launch worker for task 23.0 in stage 0.0 (TID 23)) 35.804ms
[189.364s][info][gc          ] Allocation Stall (Executor task launch worker for task 15.0 in stage 0.0 (TID 15)) 37.081ms
[189.364s][info][gc          ] Allocation Stall (Executor task launch worker for task 24.0 in stage 0.0 (TID 24)) 35.255ms
[189.364s][info][gc          ] Allocation Stall (Executor task launch worker for task 39.0 in stage 0.0 (TID 39)) 37.092ms
[189.364s][info][gc          ] Allocation Stall (Executor task launch worker for task 10.0 in stage 0.0 (TID 10)) 35.490ms
[189.364s][info][gc          ] Allocation Stall (Executor task launch worker for task 37.0 in stage 0.0 (TID 37)) 35.474ms
[189.364s][info][gc          ] Allocation Stall (Executor task launch worker for task 40.0 in stage 0.0 (TID 40)) 36.312ms
[189.364s][info][gc          ] Allocation Stall (Executor task launch worker for task 3.0 in stage 0.0 (TID 3)) 36.795ms
[189.364s][info][gc          ] Allocation Stall (Executor task launch worker for task 45.0 in stage 0.0 (TID 45)) 36.839ms
[189.364s][info][gc          ] Allocation Stall (Spark Context Cleaner) 36.734ms
[189.364s][info][gc          ] Allocation Stall (Executor task launch worker for task 7.0 in stage 0.0 (TID 7)) 36.378ms
[189.364s][info][gc,phases   ] GC(124) Concurrent Select Relocation Set 2.926ms
[189.364s][info][gc          ] Allocation Stall (Executor task launch worker for task 29.0 in stage 0.0 (TID 29)) 35.304ms
[189.364s][info][gc          ] Allocation Stall (Executor task launch worker for task 16.0 in stage 0.0 (TID 16)) 35.366ms
[189.364s][info][gc          ] Allocation Stall (Executor task launch worker for task 25.0 in stage 0.0 (TID 25)) 35.368ms
[189.365s][info][gc          ] Allocation Stall (Executor task launch worker for task 30.0 in stage 0.0 (TID 30)) 35.412ms
[189.365s][info][gc          ] Allocation Stall (Executor task launch worker for task 14.0 in stage 0.0 (TID 14)) 35.344ms
[189.365s][info][gc          ] Allocation Stall (Executor task launch worker for task 33.0 in stage 0.0 (TID 33)) 35.344ms
[189.365s][info][gc          ] Allocation Stall (Executor task launch worker for task 12.0 in stage 0.0 (TID 12)) 35.369ms
[189.365s][info][gc          ] Allocation Stall (Executor task launch worker for task 47.0 in stage 0.0 (TID 47)) 35.396ms
[189.365s][info][gc          ] Allocation Stall (Executor task launch worker for task 46.0 in stage 0.0 (TID 46)) 35.370ms
[189.365s][info][gc          ] Allocation Stall (Executor task launch worker for task 27.0 in stage 0.0 (TID 27)) 35.389ms
[189.365s][info][gc          ] Allocation Stall (Executor task launch worker for task 19.0 in stage 0.0 (TID 19)) 35.341ms
[189.365s][info][gc          ] Allocation Stall (Executor task launch worker for task 8.0 in stage 0.0 (TID 8)) 35.356ms
[189.365s][info][gc          ] Allocation Stall (Executor task launch worker for task 11.0 in stage 0.0 (TID 11)) 35.381ms
[189.365s][info][gc          ] Allocation Stall (Executor task launch worker for task 22.0 in stage 0.0 (TID 22)) 35.413ms
[189.365s][info][gc          ] Allocation Stall (Executor task launch worker for task 26.0 in stage 0.0 (TID 26)) 35.498ms
[189.365s][info][gc          ] Allocation Stall (Executor task launch worker for task 20.0 in stage 0.0 (TID 20)) 35.566ms
[189.365s][info][gc          ] Allocation Stall (Executor task launch worker for task 35.0 in stage 0.0 (TID 35)) 35.547ms
[189.365s][info][gc          ] Allocation Stall (Executor task launch worker for task 28.0 in stage 0.0 (TID 28)) 35.572ms
[189.366s][info][gc,phases   ] GC(124) Pause Relocate Start 0.006ms
[189.366s][info][gc          ] Allocation Stall (Executor task launch worker for task 36.0 in stage 0.0 (TID 36)) 36.367ms
[189.366s][info][gc          ] Allocation Stall (Executor task launch worker for task 9.0 in stage 0.0 (TID 9)) 36.182ms
[189.366s][info][gc          ] Allocation Stall (Executor task launch worker for task 43.0 in stage 0.0 (TID 43)) 36.149ms
[189.366s][info][gc          ] Allocation Stall (Executor task launch worker for task 42.0 in stage 0.0 (TID 42)) 36.372ms
[189.366s][info][gc          ] Allocation Stall (Executor task launch worker for task 0.0 in stage 0.0 (TID 0)) 36.265ms
[189.366s][info][gc          ] Allocation Stall (Executor task launch worker for task 34.0 in stage 0.0 (TID 34)) 36.180ms
[189.366s][info][gc          ] Allocation Stall (Executor task launch worker for task 4.0 in stage 0.0 (TID 4)) 36.222ms
[189.366s][info][gc          ] Allocation Stall (Executor task launch worker for task 6.0 in stage 0.0 (TID 6)) 36.238ms
[189.366s][info][gc          ] Allocation Stall (Executor task launch worker for task 41.0 in stage 0.0 (TID 41)) 36.271ms
[189.366s][info][gc          ] Allocation Stall (Executor task launch worker for task 2.0 in stage 0.0 (TID 2)) 32.476ms
[189.379s][info][gc          ] Allocation Stall (Executor task launch worker for task 40.0 in stage 0.0 (TID 40)) 5.983ms
[189.379s][info][gc          ] Allocation Stall (Executor task launch worker for task 37.0 in stage 0.0 (TID 37)) 6.024ms
[189.379s][info][gc          ] Allocation Stall (Executor task launch worker for task 1.0 in stage 0.0 (TID 1)) 6.146ms
[189.379s][info][gc          ] Allocation Stall (Executor task launch worker for task 3.0 in stage 0.0 (TID 3)) 6.069ms
[189.379s][info][gc          ] Allocation Stall (Executor task launch worker for task 23.0 in stage 0.0 (TID 23)) 5.919ms
[189.379s][info][gc          ] Allocation Stall (Executor task launch worker for task 31.0 in stage 0.0 (TID 31)) 6.108ms
[189.379s][info][gc          ] Allocation Stall (Executor task launch worker for task 45.0 in stage 0.0 (TID 45)) 6.137ms
[189.379s][info][gc          ] Allocation Stall (Executor task launch worker for task 29.0 in stage 0.0 (TID 29)) 6.045ms
[189.381s][info][gc          ] Allocation Stall (Executor task launch worker for task 7.0 in stage 0.0 (TID 7)) 7.415ms
[189.381s][info][gc          ] Allocation Stall (Executor task launch worker for task 42.0 in stage 0.0 (TID 42)) 7.421ms
[189.381s][info][gc          ] Allocation Stall (Executor task launch worker for task 18.0 in stage 0.0 (TID 18)) 6.934ms
[189.381s][info][gc          ] Allocation Stall (Executor task launch worker for task 10.0 in stage 0.0 (TID 10)) 6.939ms
[189.381s][info][gc          ] Allocation Stall (Executor task launch worker for task 21.0 in stage 0.0 (TID 21)) 6.555ms
[189.381s][info][gc          ] Allocation Stall (Executor task launch worker for task 25.0 in stage 0.0 (TID 25)) 6.347ms
[189.381s][info][gc          ] Allocation Stall (Executor task launch worker for task 41.0 in stage 0.0 (TID 41)) 6.275ms
[189.381s][info][gc          ] Allocation Stall (Executor task launch worker for task 36.0 in stage 0.0 (TID 36)) 6.174ms
[189.381s][info][gc          ] Allocation Stall (Executor task launch worker for task 5.0 in stage 0.0 (TID 5)) 6.148ms
[189.381s][info][gc          ] Allocation Stall (Executor task launch worker for task 44.0 in stage 0.0 (TID 44)) 6.144ms
[189.381s][info][gc          ] Allocation Stall (Executor task launch worker for task 6.0 in stage 0.0 (TID 6)) 5.968ms
[189.381s][info][gc          ] Allocation Stall (Executor task launch worker for task 24.0 in stage 0.0 (TID 24)) 5.969ms
[189.381s][info][gc          ] Allocation Stall (Executor task launch worker for task 27.0 in stage 0.0 (TID 27)) 6.017ms
[189.384s][info][gc          ] Allocation Stall (Executor task launch worker for task 22.0 in stage 0.0 (TID 22)) 9.122ms
[189.385s][info][gc          ] Allocation Stall (Executor task launch worker for task 16.0 in stage 0.0 (TID 16)) 9.203ms
[189.385s][info][gc          ] Allocation Stall (Executor task launch worker for task 39.0 in stage 0.0 (TID 39)) 9.294ms
[189.385s][info][gc          ] Allocation Stall (Executor task launch worker for task 30.0 in stage 0.0 (TID 30)) 9.222ms
[189.385s][info][gc          ] Allocation Stall (Executor task launch worker for task 14.0 in stage 0.0 (TID 14)) 9.135ms
[189.385s][info][gc          ] Allocation Stall (Executor task launch worker for task 38.0 in stage 0.0 (TID 38)) 9.062ms
[189.385s][info][gc          ] Allocation Stall (Executor task launch worker for task 33.0 in stage 0.0 (TID 33)) 9.012ms
[189.385s][info][gc          ] Allocation Stall (Executor task launch worker for task 8.0 in stage 0.0 (TID 8)) 8.851ms
[189.385s][info][gc          ] Allocation Stall (Executor task launch worker for task 47.0 in stage 0.0 (TID 47)) 8.937ms
[189.385s][info][gc          ] Allocation Stall (Executor task launch worker for task 9.0 in stage 0.0 (TID 9)) 8.694ms
[189.385s][info][gc          ] Allocation Stall (Executor task launch worker for task 11.0 in stage 0.0 (TID 11)) 8.717ms
[189.385s][info][gc          ] Allocation Stall (Executor task launch worker for task 35.0 in stage 0.0 (TID 35)) 8.772ms
[189.385s][info][gc          ] Allocation Stall (Executor task launch worker for task 46.0 in stage 0.0 (TID 46)) 8.758ms
[189.398s][info][gc          ] Relocation Stall (Executor task launch worker for task 20.0 in stage 0.0 (TID 20)) 30.209ms
[189.398s][info][gc          ] Relocation Stall (Executor task launch worker for task 4.0 in stage 0.0 (TID 4)) 29.294ms
[189.398s][info][gc          ] Relocation Stall (Executor task launch worker for task 0.0 in stage 0.0 (TID 0)) 28.588ms
[189.398s][info][gc          ] Relocation Stall (Executor task launch worker for task 13.0 in stage 0.0 (TID 13)) 28.250ms
[189.398s][info][gc          ] Relocation Stall (Executor task launch worker for task 34.0 in stage 0.0 (TID 34)) 28.300ms
[189.398s][info][gc          ] Relocation Stall (Executor task launch worker for task 12.0 in stage 0.0 (TID 12)) 27.809ms
[189.398s][info][gc          ] Relocation Stall (Executor task launch worker for task 15.0 in stage 0.0 (TID 15)) 30.782ms
[189.398s][info][gc          ] Relocation Stall (Executor task launch worker for task 43.0 in stage 0.0 (TID 43)) 30.161ms
[189.398s][info][gc          ] Relocation Stall (Executor task launch worker for task 26.0 in stage 0.0 (TID 26)) 29.340ms
[189.398s][info][gc          ] Relocation Stall (Executor task launch worker for task 17.0 in stage 0.0 (TID 17)) 30.849ms
[189.398s][info][gc          ] Relocation Stall (Executor task launch worker for task 19.0 in stage 0.0 (TID 19)) 26.910ms
[189.399s][info][gc          ] Allocation Stall (Executor task launch worker for task 25.0 in stage 0.0 (TID 25)) 4.912ms
[189.399s][info][gc          ] Allocation Stall (Executor task launch worker for task 35.0 in stage 0.0 (TID 35)) 5.735ms
[189.399s][info][gc          ] Allocation Stall (Executor task launch worker for task 46.0 in stage 0.0 (TID 46)) 5.061ms
[189.399s][info][gc          ] Allocation Stall (Executor task launch worker for task 24.0 in stage 0.0 (TID 24)) 4.483ms
[189.399s][info][gc          ] Allocation Stall (Executor task launch worker for task 30.0 in stage 0.0 (TID 30)) 5.500ms
[189.399s][info][gc          ] Allocation Stall (Executor task launch worker for task 44.0 in stage 0.0 (TID 44)) 5.314ms
[189.399s][info][gc          ] Allocation Stall (Executor task launch worker for task 29.0 in stage 0.0 (TID 29)) 4.777ms
[189.399s][info][gc          ] Allocation Stall (Executor task launch worker for task 21.0 in stage 0.0 (TID 21)) 4.474ms
[189.399s][info][gc,phases   ] GC(124) Concurrent Relocate 32.373ms
[189.399s][info][gc,load     ] GC(124) Load: 0.00/0.00/0.00
[189.399s][info][gc          ] Allocation Stall (Executor task launch worker for task 27.0 in stage 0.0 (TID 27)) 4.927ms
[189.399s][info][gc,mmu      ] GC(124) MMU: 2ms/90.7%, 5ms/96.3%, 10ms/98.1%, 20ms/99.1%, 50ms/99.6%, 100ms/99.7%
[189.399s][info][gc          ] Allocation Stall (Executor task launch worker for task 36.0 in stage 0.0 (TID 36)) 4.946ms
[189.399s][info][gc,marking  ] GC(124) Mark: 4 stripe(s), 2 proactive flush(es), 1 terminate flush(es), 0 completion(s), 0 continuation(s) 
[189.399s][info][gc,marking  ] GC(124) Mark Stack Usage: 32M
[189.399s][info][gc          ] Allocation Stall (Executor task launch worker for task 22.0 in stage 0.0 (TID 22)) 4.813ms
[189.399s][info][gc,nmethod  ] GC(124) NMethods: 4663 registered, 253 unregistered
[189.399s][info][gc          ] Allocation Stall (Executor task launch worker for task 42.0 in stage 0.0 (TID 42)) 4.684ms
[189.399s][info][gc,metaspace] GC(124) Metaspace: 113M used, 116M committed, 1152M reserved
[189.399s][info][gc,ref      ] GC(124) Soft: 2808 encountered, 2282 discovered, 0 enqueued
[189.399s][info][gc,ref      ] GC(124) Weak: 13100 encountered, 2190 discovered, 0 enqueued
[189.399s][info][gc,ref      ] GC(124) Final: 40 encountered, 1 discovered, 0 enqueued
[189.399s][info][gc,ref      ] GC(124) Phantom: 750 encountered, 617 discovered, 0 enqueued
[189.399s][info][gc,reloc    ] GC(124) Small Pages: 72 / 144M, Empty: 38M, Relocated: 4M, In-Place: 0
[189.399s][info][gc,reloc    ] GC(124) Medium Pages: 3 / 48M, Empty: 0M, Relocated: 6M, In-Place: 1
[189.399s][info][gc,reloc    ] GC(124) Large Pages: 66 / 304M, Empty: 4M, Relocated: 0M, In-Place: 0
[189.399s][info][gc,reloc    ] GC(124) Forwarding Usage: 0M
[189.399s][info][gc,heap     ] GC(124) Min Capacity: 8M(2%)
[189.399s][info][gc,heap     ] GC(124) Max Capacity: 512M(100%)
[189.399s][info][gc,heap     ] GC(124) Soft Max Capacity: 512M(100%)
[189.399s][info][gc,heap     ] GC(124)                Mark Start          Mark End        Relocate Start      Relocate End           High               Low         
[189.400s][info][gc,heap     ] GC(124)  Capacity:      512M (100%)        512M (100%)        512M (100%)        512M (100%)        512M (100%)        512M (100%)   
[189.400s][info][gc,heap     ] GC(124)      Free:        8M (2%)            0M (0%)           12M (2%)            0M (0%)           42M (8%)            0M (0%)     
[189.400s][info][gc,heap     ] GC(124)      Used:      504M (98%)         512M (100%)        500M (98%)         512M (100%)        512M (100%)        470M (92%)    
[189.400s][info][gc,heap     ] GC(124)      Live:         -               381M (75%)         381M (75%)         381M (75%)            -                  -          
[189.400s][info][gc,heap     ] GC(124) Allocated:         -                 8M (2%)           38M (7%)           93M (18%)            -                  -          
[189.400s][info][gc,heap     ] GC(124)   Garbage:         -               122M (24%)          80M (16%)          37M (7%)             -                  -          
[189.400s][info][gc,heap     ] GC(124) Reclaimed:         -                  -                42M (8%)           85M (17%)            -                  -          
[189.400s][info][gc          ] GC(124) Garbage Collection (Allocation Stall) 504M(98%)->512M(100%)
[189.400s][info][gc,start    ] GC(125) Garbage Collection (Allocation Stall)
[189.400s][info][gc,ref      ] GC(125) Clearing All SoftReferences
[189.400s][info][gc,task     ] GC(125) Using 5 workers
[189.400s][info][gc,ref      ] GC(125) Clearing All SoftReferences
[189.400s][info][gc,phases   ] GC(125) Pause Mark Start 0.025ms
[189.401s][info][gc          ] Allocation Stall (Executor task launch worker for task 23.0 in stage 0.0 (TID 23)) 6.002ms
[189.401s][info][gc          ] Allocation Stall (Executor task launch worker for task 45.0 in stage 0.0 (TID 45)) 5.978ms
[189.401s][info][gc          ] Allocation Stall (Executor task launch worker for task 37.0 in stage 0.0 (TID 37)) 5.783ms
[189.401s][info][gc          ] Allocation Stall (Executor task launch worker for task 10.0 in stage 0.0 (TID 10)) 5.792ms
[189.401s][info][gc          ] Allocation Stall (Executor task launch worker for task 28.0 in stage 0.0 (TID 28)) 5.822ms
[189.401s][info][gc          ] Allocation Stall (Executor task launch worker for task 14.0 in stage 0.0 (TID 14)) 5.994ms
[189.401s][info][gc          ] Allocation Stall (Executor task launch worker for task 41.0 in stage 0.0 (TID 41)) 5.849ms
[189.401s][info][gc          ] Allocation Stall (Executor task launch worker for task 39.0 in stage 0.0 (TID 39)) 5.758ms
[189.401s][info][gc          ] Allocation Stall (Executor task launch worker for task 8.0 in stage 0.0 (TID 8)) 5.716ms
[189.401s][info][gc          ] Allocation Stall (Executor task launch worker for task 33.0 in stage 0.0 (TID 33)) 5.692ms
[189.401s][info][gc          ] Allocation Stall (Executor task launch worker for task 47.0 in stage 0.0 (TID 47)) 5.724ms
[189.401s][info][gc          ] Allocation Stall (Executor task launch worker for task 40.0 in stage 0.0 (TID 40)) 5.745ms
[189.401s][info][gc          ] Allocation Stall (Executor task launch worker for task 31.0 in stage 0.0 (TID 31)) 5.734ms
[189.401s][info][gc          ] Allocation Stall (Executor task launch worker for task 38.0 in stage 0.0 (TID 38)) 5.713ms
[189.401s][info][gc          ] Allocation Stall (Executor task launch worker for task 9.0 in stage 0.0 (TID 9)) 5.720ms
[189.401s][info][gc          ] Allocation Stall (Executor task launch worker for task 11.0 in stage 0.0 (TID 11)) 5.713ms
[189.401s][info][gc          ] Allocation Stall (Executor task launch worker for task 5.0 in stage 0.0 (TID 5)) 5.687ms
[189.401s][info][gc          ] Allocation Stall (Executor task launch worker for task 6.0 in stage 0.0 (TID 6)) 5.725ms
[189.401s][info][gc          ] Allocation Stall (Executor task launch worker for task 3.0 in stage 0.0 (TID 3)) 5.781ms
[189.401s][info][gc          ] Allocation Stall (Executor task launch worker for task 1.0 in stage 0.0 (TID 1)) 5.735ms
[189.401s][info][gc          ] Allocation Stall (Executor task launch worker for task 18.0 in stage 0.0 (TID 18)) 5.763ms
[189.401s][info][gc          ] Allocation Stall (Executor task launch worker for task 32.0 in stage 0.0 (TID 32)) 5.642ms
[189.401s][info][gc          ] Allocation Stall (Executor task launch worker for task 7.0 in stage 0.0 (TID 7)) 5.487ms
[189.401s][info][gc          ] Allocation Stall (Executor task launch worker for task 16.0 in stage 0.0 (TID 16)) 5.507ms
[189.401s][info][gc          ] Allocation Stall (Executor task launch worker for task 20.0 in stage 0.0 (TID 20)) 2.830ms
[189.401s][info][gc          ] Allocation Stall (Executor task launch worker for task 13.0 in stage 0.0 (TID 13)) 2.802ms
[189.402s][info][gc          ] Allocation Stall (Executor task launch worker for task 0.0 in stage 0.0 (TID 0)) 2.811ms
[189.402s][info][gc          ] Allocation Stall (Executor task launch worker for task 4.0 in stage 0.0 (TID 4)) 2.865ms
[189.402s][info][gc          ] Allocation Stall (Executor task launch worker for task 34.0 in stage 0.0 (TID 34)) 2.888ms
[189.402s][info][gc          ] Allocation Stall (Executor task launch worker for task 26.0 in stage 0.0 (TID 26)) 2.853ms
[189.402s][info][gc          ] Allocation Stall (Executor task launch worker for task 43.0 in stage 0.0 (TID 43)) 2.889ms
[189.402s][info][gc          ] Allocation Stall (Executor task launch worker for task 17.0 in stage 0.0 (TID 17)) 2.975ms
[189.402s][info][gc          ] Allocation Stall (Executor task launch worker for task 25.0 in stage 0.0 (TID 25)) 1.426ms
[189.402s][info][gc          ] Allocation Stall (Executor task launch worker for task 12.0 in stage 0.0 (TID 12)) 1.473ms
[189.402s][info][gc          ] Allocation Stall (Executor task launch worker for task 27.0 in stage 0.0 (TID 27)) 1.538ms
[189.437s][info][gc,phases   ] GC(125) Concurrent Mark 36.114ms
[189.437s][info][gc,phases   ] GC(125) Pause Mark End 0.017ms
[189.437s][info][gc,phases   ] GC(125) Concurrent Mark Free 0.001ms
[189.439s][info][gc,phases   ] GC(125) Concurrent Process Non-Strong References 2.470ms
[189.439s][info][gc,phases   ] GC(125) Concurrent Reset Relocation Set 0.004ms
[189.442s][info][gc          ] Allocation Stall (Executor task launch worker for task 45.0 in stage 0.0 (TID 45)) 34.831ms
[189.442s][info][gc          ] Allocation Stall (Executor task launch worker for task 46.0 in stage 0.0 (TID 46)) 34.691ms
[189.442s][info][gc          ] Allocation Stall (Executor task launch worker for task 39.0 in stage 0.0 (TID 39)) 35.333ms
[189.442s][info][gc          ] Allocation Stall (Executor task launch worker for task 33.0 in stage 0.0 (TID 33)) 34.881ms
[189.442s][info][gc          ] Allocation Stall (Executor task launch worker for task 36.0 in stage 0.0 (TID 36)) 41.554ms
[189.442s][info][gc          ] Allocation Stall (Executor task launch worker for task 10.0 in stage 0.0 (TID 10)) 34.959ms
[189.442s][info][gc          ] Allocation Stall (Executor task launch worker for task 37.0 in stage 0.0 (TID 37)) 35.099ms
[189.442s][info][gc          ] Allocation Stall (Executor task launch worker for task 44.0 in stage 0.0 (TID 44)) 41.548ms
[189.442s][info][gc          ] Allocation Stall (Executor task launch worker for task 14.0 in stage 0.0 (TID 14)) 35.727ms
[189.442s][info][gc          ] Allocation Stall (Executor task launch worker for task 19.0 in stage 0.0 (TID 19)) 41.540ms
[189.442s][info][gc          ] Allocation Stall (Executor task launch worker for task 35.0 in stage 0.0 (TID 35)) 41.554ms
[189.442s][info][gc          ] Allocation Stall (Executor task launch worker for task 42.0 in stage 0.0 (TID 42)) 41.549ms
[189.442s][info][gc          ] Allocation Stall (Executor task launch worker for task 29.0 in stage 0.0 (TID 29)) 35.685ms
[189.442s][info][gc          ] Allocation Stall (Executor task launch worker for task 47.0 in stage 0.0 (TID 47)) 35.430ms
[189.442s][info][gc          ] Allocation Stall (Executor task launch worker for task 2.0 in stage 0.0 (TID 2)) 41.256ms
[189.442s][info][gc          ] Allocation Stall (Executor task launch worker for task 21.0 in stage 0.0 (TID 21)) 35.789ms
[189.442s][info][gc          ] Allocation Stall (Executor task launch worker for task 16.0 in stage 0.0 (TID 16)) 35.836ms
[189.442s][info][gc,phases   ] GC(125) Concurrent Select Relocation Set 2.801ms
[189.442s][info][gc          ] Allocation Stall (Executor task launch worker for task 24.0 in stage 0.0 (TID 24)) 34.652ms
[189.442s][info][gc          ] Allocation Stall (Executor task launch worker for task 41.0 in stage 0.0 (TID 41)) 34.695ms
[189.442s][info][gc          ] Allocation Stall (Executor task launch worker for task 8.0 in stage 0.0 (TID 8)) 34.717ms
[189.442s][info][gc          ] Allocation Stall (Executor task launch worker for task 28.0 in stage 0.0 (TID 28)) 34.736ms
[189.443s][info][gc          ] Allocation Stall (Executor task launch worker for task 15.0 in stage 0.0 (TID 15)) 34.819ms
[189.443s][info][gc          ] Allocation Stall (Executor task launch worker for task 30.0 in stage 0.0 (TID 30)) 34.607ms
[189.443s][info][gc          ] Allocation Stall (Executor task launch worker for task 25.0 in stage 0.0 (TID 25)) 34.210ms
[189.443s][info][gc          ] Allocation Stall (Executor task launch worker for task 1.0 in stage 0.0 (TID 1)) 33.506ms
[189.443s][info][gc          ] Allocation Stall (Executor task launch worker for task 38.0 in stage 0.0 (TID 38)) 33.433ms
[189.443s][info][gc          ] Allocation Stall (Executor task launch worker for task 34.0 in stage 0.0 (TID 34)) 33.302ms
[189.443s][info][gc          ] Allocation Stall (Executor task launch worker for task 18.0 in stage 0.0 (TID 18)) 33.086ms
[189.443s][info][gc,phases   ] GC(125) Pause Relocate Start 0.005ms
[189.443s][info][gc          ] Allocation Stall (Executor task launch worker for task 13.0 in stage 0.0 (TID 13)) 33.380ms
[189.443s][info][gc          ] Allocation Stall (Executor task launch worker for task 23.0 in stage 0.0 (TID 23)) 33.261ms
[189.443s][info][gc          ] Allocation Stall (Executor task launch worker for task 22.0 in stage 0.0 (TID 22)) 33.411ms
[189.443s][info][gc          ] Allocation Stall (Executor task launch worker for task 32.0 in stage 0.0 (TID 32)) 32.828ms
[189.443s][info][gc          ] Allocation Stall (Executor task launch worker for task 3.0 in stage 0.0 (TID 3)) 32.657ms
[189.443s][info][gc          ] Allocation Stall (Executor task launch worker for task 31.0 in stage 0.0 (TID 31)) 33.035ms
[189.443s][info][gc          ] Allocation Stall (Executor task launch worker for task 6.0 in stage 0.0 (TID 6)) 32.919ms
[189.443s][info][gc          ] Allocation Stall (Executor task launch worker for task 40.0 in stage 0.0 (TID 40)) 33.053ms
[189.443s][info][gc          ] Allocation Stall (Executor task launch worker for task 11.0 in stage 0.0 (TID 11)) 32.589ms
[189.443s][info][gc          ] Allocation Stall (Executor task launch worker for task 7.0 in stage 0.0 (TID 7)) 32.928ms
[189.443s][info][gc          ] Allocation Stall (Executor task launch worker for task 27.0 in stage 0.0 (TID 27)) 32.618ms
[189.443s][info][gc          ] Allocation Stall (Executor task launch worker for task 5.0 in stage 0.0 (TID 5)) 32.916ms
[189.443s][info][gc          ] Allocation Stall (Executor task launch worker for task 20.0 in stage 0.0 (TID 20)) 32.493ms
[189.443s][info][gc          ] Allocation Stall (Executor task launch worker for task 9.0 in stage 0.0 (TID 9)) 32.548ms
[189.443s][info][gc          ] Allocation Stall (Executor task launch worker for task 12.0 in stage 0.0 (TID 12)) 32.427ms
[189.443s][info][gc          ] Allocation Stall (Executor task launch worker for task 17.0 in stage 0.0 (TID 17)) 32.475ms
[189.444s][info][gc          ] Allocation Stall (Executor task launch worker for task 0.0 in stage 0.0 (TID 0)) 32.253ms
[189.444s][info][gc          ] Allocation Stall (Executor task launch worker for task 43.0 in stage 0.0 (TID 43)) 32.913ms
[189.444s][info][gc          ] Allocation Stall (Executor task launch worker for task 4.0 in stage 0.0 (TID 4)) 32.553ms
[189.444s][info][gc          ] Relocation Stall (Executor task launch worker for task 35.0 in stage 0.0 (TID 35)) 0.132ms
[189.444s][info][gc          ] Relocation Stall (Executor task launch worker for task 39.0 in stage 0.0 (TID 39)) 0.227ms
[189.444s][info][gc          ] Allocation Stall (Executor task launch worker for task 26.0 in stage 0.0 (TID 26)) 32.628ms
[189.462s][info][gc          ] Allocation Stall (Executor task launch worker for task 30.0 in stage 0.0 (TID 30)) 17.244ms
[189.462s][info][gc          ] Allocation Stall (Executor task launch worker for task 44.0 in stage 0.0 (TID 44)) 7.876ms
[189.462s][info][gc          ] Allocation Stall (Executor task launch worker for task 35.0 in stage 0.0 (TID 35)) 7.179ms
[189.462s][info][gc          ] Allocation Stall (Executor task launch worker for task 8.0 in stage 0.0 (TID 8)) 7.209ms
[189.462s][info][gc          ] Allocation Stall (Executor task launch worker for task 6.0 in stage 0.0 (TID 6)) 7.225ms
[189.462s][info][gc          ] Allocation Stall (Executor task launch worker for task 14.0 in stage 0.0 (TID 14)) 7.029ms
[189.462s][info][gc          ] Allocation Stall (Executor task launch worker for task 39.0 in stage 0.0 (TID 39)) 7.873ms
[189.478s][info][gc          ] Relocation Stall (Executor task launch worker for task 26.0 in stage 0.0 (TID 26)) 26.894ms
[189.478s][info][gc          ] Relocation Stall (Executor task launch worker for task 43.0 in stage 0.0 (TID 43)) 30.044ms
[189.478s][info][gc          ] Relocation Stall (Executor task launch worker for task 20.0 in stage 0.0 (TID 20)) 26.093ms
[189.478s][info][gc          ] Relocation Stall (Executor task launch worker for task 4.0 in stage 0.0 (TID 4)) 31.585ms
[189.478s][info][gc          ] Relocation Stall (Executor task launch worker for task 13.0 in stage 0.0 (TID 13)) 32.375ms
[189.478s][info][gc          ] Relocation Stall (Executor task launch worker for task 34.0 in stage 0.0 (TID 34)) 25.072ms
[189.478s][info][gc          ] Relocation Stall (Executor task launch worker for task 15.0 in stage 0.0 (TID 15)) 30.280ms
[189.478s][info][gc          ] Relocation Stall (Executor task launch worker for task 0.0 in stage 0.0 (TID 0)) 29.560ms
[189.478s][info][gc          ] Relocation Stall (Executor task launch worker for task 24.0 in stage 0.0 (TID 24)) 32.998ms
[189.478s][info][gc          ] Relocation Stall (Executor task launch worker for task 3.0 in stage 0.0 (TID 3)) 29.159ms
[189.478s][info][gc          ] Relocation Stall (Executor task launch worker for task 12.0 in stage 0.0 (TID 12)) 23.038ms
[189.478s][info][gc,phases   ] GC(125) Concurrent Relocate 34.245ms
[189.478s][info][gc          ] Allocation Stall (Executor task launch worker for task 29.0 in stage 0.0 (TID 29)) 19.859ms
[189.478s][info][gc          ] Relocation Stall (Executor task launch worker for task 17.0 in stage 0.0 (TID 17)) 29.238ms
[189.478s][info][gc,load     ] GC(125) Load: 0.00/0.00/0.00
[189.478s][info][gc,mmu      ] GC(125) MMU: 2ms/90.7%, 5ms/96.3%, 10ms/98.1%, 20ms/99.1%, 50ms/99.6%, 100ms/99.7%
[189.478s][info][gc          ] Allocation Stall (Executor task launch worker for task 37.0 in stage 0.0 (TID 37)) 17.032ms
[189.478s][info][gc          ] Allocation Stall (Executor task launch worker for task 25.0 in stage 0.0 (TID 25)) 17.060ms
[189.478s][info][gc          ] Allocation Stall (Executor task launch worker for task 31.0 in stage 0.0 (TID 31)) 17.064ms
[189.478s][info][gc          ] Allocation Stall (Executor task launch worker for task 32.0 in stage 0.0 (TID 32)) 17.044ms
[189.478s][info][gc          ] Allocation Stall (Executor task launch worker for task 41.0 in stage 0.0 (TID 41)) 16.972ms
[189.478s][info][gc          ] Allocation Stall (Executor task launch worker for task 27.0 in stage 0.0 (TID 27)) 16.909ms
[189.478s][info][gc          ] Allocation Stall (Executor task launch worker for task 23.0 in stage 0.0 (TID 23)) 16.993ms
[189.478s][info][gc,marking  ] GC(125) Mark: 4 stripe(s), 2 proactive flush(es), 1 terminate flush(es), 0 completion(s), 0 continuation(s) 
[189.478s][info][gc          ] Allocation Stall (Executor task launch worker for task 9.0 in stage 0.0 (TID 9)) 16.890ms
[189.478s][info][gc,marking  ] GC(125) Mark Stack Usage: 32M
[189.478s][info][gc,nmethod  ] GC(125) NMethods: 4663 registered, 253 unregistered
[189.478s][info][gc          ] Allocation Stall (Executor task launch worker for task 5.0 in stage 0.0 (TID 5)) 17.085ms
[189.478s][info][gc,metaspace] GC(125) Metaspace: 113M used, 116M committed, 1152M reserved
[189.478s][info][gc          ] Allocation Stall (Executor task launch worker for task 21.0 in stage 0.0 (TID 21)) 17.121ms
[189.478s][info][gc,ref      ] GC(125) Soft: 2808 encountered, 2163 discovered, 0 enqueued
[189.478s][info][gc          ] Allocation Stall (Executor task launch worker for task 33.0 in stage 0.0 (TID 33)) 17.118ms
[189.478s][info][gc,ref      ] GC(125) Weak: 13102 encountered, 3597 discovered, 1 enqueued
[189.478s][info][gc          ] Allocation Stall (Executor task launch worker for task 2.0 in stage 0.0 (TID 2)) 17.147ms
[189.478s][info][gc,ref      ] GC(125) Final: 40 encountered, 0 discovered, 0 enqueued
[189.478s][info][gc,ref      ] GC(125) Phantom: 750 encountered, 491 discovered, 0 enqueued
[189.478s][info][gc,reloc    ] GC(125) Small Pages: 74 / 148M, Empty: 26M, Relocated: 5M, In-Place: 4
[189.478s][info][gc,reloc    ] GC(125) Medium Pages: 3 / 48M, Empty: 0M, Relocated: 9M, In-Place: 1
[189.478s][info][gc,reloc    ] GC(125) Large Pages: 66 / 304M, Empty: 8M, Relocated: 0M, In-Place: 0
[189.479s][info][gc,reloc    ] GC(125) Forwarding Usage: 0M
[189.479s][info][gc,heap     ] GC(125) Min Capacity: 8M(2%)
[189.479s][info][gc,heap     ] GC(125) Max Capacity: 512M(100%)
[189.479s][info][gc,heap     ] GC(125) Soft Max Capacity: 512M(100%)
[189.479s][info][gc,heap     ] GC(125)                Mark Start          Mark End        Relocate Start      Relocate End           High               Low         
[189.479s][info][gc,heap     ] GC(125)  Capacity:      512M (100%)        512M (100%)        512M (100%)        512M (100%)        512M (100%)        512M (100%)   
[189.479s][info][gc,heap     ] GC(125)      Free:        0M (0%)            0M (0%)            0M (0%)            0M (0%)           34M (7%)            0M (0%)     
[189.479s][info][gc,heap     ] GC(125)      Used:      512M (100%)        512M (100%)        512M (100%)        512M (100%)        512M (100%)        478M (93%)    
[189.479s][info][gc,heap     ] GC(125)      Live:         -               378M (74%)         378M (74%)         378M (74%)            -                  -          
[189.479s][info][gc,heap     ] GC(125) Allocated:         -                 0M (0%)           34M (7%)           91M (18%)            -                  -          
[189.479s][info][gc,heap     ] GC(125)   Garbage:         -               133M (26%)          99M (19%)          41M (8%)             -                  -          
[189.479s][info][gc,heap     ] GC(125) Reclaimed:         -                  -                34M (7%)           91M (18%)            -                  -          
[189.479s][info][gc          ] GC(125) Garbage Collection (Allocation Stall) 512M(100%)->512M(100%)
[189.479s][info][gc,start    ] GC(126) Garbage Collection (Allocation Stall)
[189.479s][info][gc,ref      ] GC(126) Clearing All SoftReferences
[189.479s][info][gc,task     ] GC(126) Using 5 workers
[189.479s][info][gc,ref      ] GC(126) Clearing All SoftReferences
[189.479s][info][gc,phases   ] GC(126) Pause Mark Start 0.030ms
[189.515s][info][gc,phases   ] GC(126) Concurrent Mark 35.322ms
[189.515s][info][gc,phases   ] GC(126) Pause Mark End 0.017ms
[189.515s][info][gc,phases   ] GC(126) Concurrent Mark Free 0.001ms
[189.517s][info][gc,phases   ] GC(126) Concurrent Process Non-Strong References 2.478ms
[189.518s][info][gc,phases   ] GC(126) Concurrent Reset Relocation Set 0.005ms
[189.521s][info][gc          ] Allocation Stall (Executor task launch worker for task 10.0 in stage 0.0 (TID 10)) 59.534ms
[189.521s][info][gc          ] Allocation Stall (Executor task launch worker for task 47.0 in stage 0.0 (TID 47)) 59.674ms
[189.521s][info][gc          ] Allocation Stall (Executor task launch worker for task 1.0 in stage 0.0 (TID 1)) 59.756ms
[189.521s][info][gc          ] Allocation Stall (Executor task launch worker for task 38.0 in stage 0.0 (TID 38)) 59.765ms
[189.521s][info][gc          ] Allocation Stall (Executor task launch worker for task 7.0 in stage 0.0 (TID 7)) 59.716ms
[189.521s][info][gc          ] Allocation Stall (Executor task launch worker for task 42.0 in stage 0.0 (TID 42)) 59.659ms
[189.521s][info][gc          ] Allocation Stall (Executor task launch worker for task 28.0 in stage 0.0 (TID 28)) 59.687ms
[189.521s][info][gc          ] Allocation Stall (Executor task launch worker for task 40.0 in stage 0.0 (TID 40)) 59.529ms
[189.521s][info][gc          ] Allocation Stall (Executor task launch worker for task 22.0 in stage 0.0 (TID 22)) 59.597ms
[189.521s][info][gc          ] Allocation Stall (Executor task launch worker for task 11.0 in stage 0.0 (TID 11)) 59.524ms
[189.521s][info][gc,phases   ] GC(126) Concurrent Select Relocation Set 3.588ms
[189.521s][info][gc          ] Allocation Stall (Executor task launch worker for task 18.0 in stage 0.0 (TID 18)) 59.447ms
[189.521s][info][gc          ] Allocation Stall (Executor task launch worker for task 16.0 in stage 0.0 (TID 16)) 59.490ms
[189.521s][info][gc          ] Allocation Stall (Executor task launch worker for task 45.0 in stage 0.0 (TID 45)) 59.476ms
[189.521s][info][gc          ] Allocation Stall (Executor task launch worker for task 46.0 in stage 0.0 (TID 46)) 59.510ms
[189.521s][info][gc          ] Allocation Stall (Executor task launch worker for task 8.0 in stage 0.0 (TID 8)) 49.467ms
[189.522s][info][gc,phases   ] GC(126) Pause Relocate Start 0.005ms
[189.522s][info][gc          ] Allocation Stall (Executor task launch worker for task 35.0 in stage 0.0 (TID 35)) 48.255ms
[189.522s][info][gc          ] Allocation Stall (Executor task launch worker for task 44.0 in stage 0.0 (TID 44)) 47.965ms
[189.522s][info][gc          ] Allocation Stall (Executor task launch worker for task 30.0 in stage 0.0 (TID 30)) 49.577ms
[189.522s][info][gc          ] Allocation Stall (Executor task launch worker for task 6.0 in stage 0.0 (TID 6)) 49.871ms
[189.522s][info][gc          ] Allocation Stall (Executor task launch worker for task 19.0 in stage 0.0 (TID 19)) 48.110ms
[189.522s][info][gc          ] Allocation Stall (Executor task launch worker for task 36.0 in stage 0.0 (TID 36)) 47.911ms
[189.522s][info][gc          ] Allocation Stall (Executor task launch worker for task 39.0 in stage 0.0 (TID 39)) 47.694ms
[189.522s][info][gc          ] Allocation Stall (Executor task launch worker for task 26.0 in stage 0.0 (TID 26)) 44.297ms
[189.522s][info][gc          ] Allocation Stall (Executor task launch worker for task 43.0 in stage 0.0 (TID 43)) 44.244ms
[189.522s][info][gc          ] Allocation Stall (Executor task launch worker for task 14.0 in stage 0.0 (TID 14)) 48.012ms
[189.522s][info][gc          ] Allocation Stall (Executor task launch worker for task 15.0 in stage 0.0 (TID 15)) 44.272ms
[189.522s][info][gc          ] Allocation Stall (Executor task launch worker for task 4.0 in stage 0.0 (TID 4)) 44.239ms
[189.522s][info][gc          ] Allocation Stall (Executor task launch worker for task 34.0 in stage 0.0 (TID 34)) 44.146ms
[189.522s][info][gc          ] Allocation Stall (Executor task launch worker for task 20.0 in stage 0.0 (TID 20)) 44.294ms
[189.522s][info][gc          ] Allocation Stall (Executor task launch worker for task 0.0 in stage 0.0 (TID 0)) 44.262ms
[189.522s][info][gc          ] Allocation Stall (Executor task launch worker for task 24.0 in stage 0.0 (TID 24)) 44.201ms
[189.522s][info][gc          ] Allocation Stall (Executor task launch worker for task 13.0 in stage 0.0 (TID 13)) 44.231ms
[189.522s][info][gc          ] Allocation Stall (Executor task launch worker for task 32.0 in stage 0.0 (TID 32)) 38.580ms
[189.522s][info][gc          ] Allocation Stall (Executor task launch worker for task 27.0 in stage 0.0 (TID 27)) 38.575ms
[189.522s][info][gc          ] Allocation Stall (Executor task launch worker for task 9.0 in stage 0.0 (TID 9)) 38.563ms
[189.522s][info][gc          ] Allocation Stall (Executor task launch worker for task 17.0 in stage 0.0 (TID 17)) 44.343ms
[189.522s][info][gc          ] Allocation Stall (Executor task launch worker for task 25.0 in stage 0.0 (TID 25)) 38.633ms
[189.522s][info][gc          ] Allocation Stall (Executor task launch worker for task 12.0 in stage 0.0 (TID 12)) 38.624ms
[189.522s][info][gc          ] Allocation Stall (Executor task launch worker for task 3.0 in stage 0.0 (TID 3)) 38.629ms
[189.522s][info][gc          ] Allocation Stall (Executor task launch worker for task 23.0 in stage 0.0 (TID 23)) 38.646ms
[189.523s][info][gc          ] Allocation Stall (Executor task launch worker for task 21.0 in stage 0.0 (TID 21)) 38.677ms
[189.523s][info][gc          ] Allocation Stall (Executor task launch worker for task 41.0 in stage 0.0 (TID 41)) 38.671ms
[189.523s][info][gc          ] Allocation Stall (Executor task launch worker for task 37.0 in stage 0.0 (TID 37)) 38.724ms
[189.523s][info][gc          ] Allocation Stall (Executor task launch worker for task 31.0 in stage 0.0 (TID 31)) 38.745ms
[189.523s][info][gc          ] Allocation Stall (Executor task launch worker for task 2.0 in stage 0.0 (TID 2)) 38.690ms
[189.523s][info][gc          ] Allocation Stall (Executor task launch worker for task 29.0 in stage 0.0 (TID 29)) 38.438ms
[189.523s][info][gc          ] Allocation Stall (Executor task launch worker for task 33.0 in stage 0.0 (TID 33)) 38.634ms
[189.523s][info][gc          ] Allocation Stall (Executor task launch worker for task 5.0 in stage 0.0 (TID 5)) 38.502ms
[189.540s][info][gc          ] Allocation Stall (Executor task launch worker for task 40.0 in stage 0.0 (TID 40)) 1.237ms
[189.540s][info][gc          ] Allocation Stall (Executor task launch worker for task 19.0 in stage 0.0 (TID 19)) 1.468ms
[189.546s][info][gc          ] Allocation Stall (Executor task launch worker for task 20.0 in stage 0.0 (TID 20)) 5.637ms
[189.546s][info][gc          ] Allocation Stall (Executor task launch worker for task 19.0 in stage 0.0 (TID 19)) 5.849ms
[189.546s][info][gc          ] Allocation Stall (Executor task launch worker for task 38.0 in stage 0.0 (TID 38)) 6.356ms
[189.546s][info][gc          ] Allocation Stall (Executor task launch worker for task 15.0 in stage 0.0 (TID 15)) 7.119ms
[189.546s][info][gc          ] Allocation Stall (Executor task launch worker for task 5.0 in stage 0.0 (TID 5)) 5.702ms
[189.546s][info][gc          ] Allocation Stall (Executor task launch worker for task 4.0 in stage 0.0 (TID 4)) 5.815ms
[189.546s][info][gc          ] Allocation Stall (Executor task launch worker for task 42.0 in stage 0.0 (TID 42)) 5.471ms
[189.546s][info][gc          ] Allocation Stall (Executor task launch worker for task 1.0 in stage 0.0 (TID 1)) 7.820ms
[189.547s][info][gc          ] Allocation Stall (Executor task launch worker for task 40.0 in stage 0.0 (TID 40)) 5.768ms
[189.547s][info][gc          ] Allocation Stall (Executor task launch worker for task 43.0 in stage 0.0 (TID 43)) 5.344ms
[189.547s][info][gc          ] Allocation Stall (Executor task launch worker for task 14.0 in stage 0.0 (TID 14)) 5.188ms
[189.547s][info][gc          ] Allocation Stall (Executor task launch worker for task 2.0 in stage 0.0 (TID 2)) 5.173ms
[189.547s][info][gc          ] Allocation Stall (Executor task launch worker for task 0.0 in stage 0.0 (TID 0)) 5.057ms
[189.547s][info][gc          ] Allocation Stall (Executor task launch worker for task 41.0 in stage 0.0 (TID 41)) 4.842ms
[189.547s][info][gc          ] Allocation Stall (Executor task launch worker for task 37.0 in stage 0.0 (TID 37)) 4.586ms
[189.548s][info][gc          ] Allocation Stall (Executor task launch worker for task 28.0 in stage 0.0 (TID 28)) 5.734ms
[189.548s][info][gc          ] Allocation Stall (Executor task launch worker for task 22.0 in stage 0.0 (TID 22)) 5.634ms
[189.548s][info][gc          ] Allocation Stall (Executor task launch worker for task 31.0 in stage 0.0 (TID 31)) 5.586ms
[189.548s][info][gc          ] Allocation Stall (Executor task launch worker for task 27.0 in stage 0.0 (TID 27)) 5.536ms
[189.548s][info][gc          ] Allocation Stall (Executor task launch worker for task 3.0 in stage 0.0 (TID 3)) 5.481ms
[189.548s][info][gc          ] Allocation Stall (Executor task launch worker for task 7.0 in stage 0.0 (TID 7)) 5.257ms
[189.549s][info][gc          ] Allocation Stall (Executor task launch worker for task 12.0 in stage 0.0 (TID 12)) 5.014ms
[189.549s][info][gc          ] Allocation Stall (Executor task launch worker for task 26.0 in stage 0.0 (TID 26)) 4.911ms
[189.549s][info][gc          ] Allocation Stall (Executor task launch worker for task 17.0 in stage 0.0 (TID 17)) 4.662ms
[189.549s][info][gc          ] Allocation Stall (Executor task launch worker for task 46.0 in stage 0.0 (TID 46)) 4.532ms
[189.549s][info][gc          ] Allocation Stall (Executor task launch worker for task 11.0 in stage 0.0 (TID 11)) 4.437ms
[189.549s][info][gc          ] Allocation Stall (Executor task launch worker for task 34.0 in stage 0.0 (TID 34)) 3.835ms
[189.549s][info][gc          ] Allocation Stall (Executor task launch worker for task 25.0 in stage 0.0 (TID 25)) 3.860ms
[189.549s][info][gc          ] Allocation Stall (Executor task launch worker for task 21.0 in stage 0.0 (TID 21)) 3.736ms
[189.549s][info][gc          ] Allocation Stall (Executor task launch worker for task 13.0 in stage 0.0 (TID 13)) 3.620ms
[189.549s][info][gc          ] Allocation Stall (Executor task launch worker for task 24.0 in stage 0.0 (TID 24)) 3.622ms
[189.549s][info][gc          ] Allocation Stall (Executor task launch worker for task 45.0 in stage 0.0 (TID 45)) 3.643ms
[189.549s][info][gc          ] Allocation Stall (Executor task launch worker for task 32.0 in stage 0.0 (TID 32)) 3.565ms
[189.549s][info][gc          ] Allocation Stall (Executor task launch worker for task 36.0 in stage 0.0 (TID 36)) 3.399ms
[189.549s][info][gc          ] Allocation Stall (Executor task launch worker for task 47.0 in stage 0.0 (TID 47)) 3.411ms
[189.549s][info][gc          ] Allocation Stall (Executor task launch worker for task 10.0 in stage 0.0 (TID 10)) 3.358ms
[189.549s][info][gc          ] Allocation Stall (Executor task launch worker for task 39.0 in stage 0.0 (TID 39)) 3.360ms
[189.549s][info][gc          ] Allocation Stall (Executor task launch worker for task 44.0 in stage 0.0 (TID 44)) 3.350ms
[189.551s][info][gc          ] Allocation Stall (Executor task launch worker for task 9.0 in stage 0.0 (TID 9)) 5.079ms
[189.551s][info][gc          ] Allocation Stall (Executor task launch worker for task 8.0 in stage 0.0 (TID 8)) 5.100ms
[189.551s][info][gc          ] Allocation Stall (Executor task launch worker for task 33.0 in stage 0.0 (TID 33)) 5.155ms
[189.551s][info][gc          ] Allocation Stall (Executor task launch worker for task 35.0 in stage 0.0 (TID 35)) 5.173ms
[189.551s][info][gc          ] Allocation Stall (Executor task launch worker for task 6.0 in stage 0.0 (TID 6)) 5.189ms
[189.552s][info][gc          ] Allocation Stall (Executor task launch worker for task 18.0 in stage 0.0 (TID 18)) 6.132ms
[189.552s][info][gc          ] Allocation Stall (Executor task launch worker for task 30.0 in stage 0.0 (TID 30)) 6.157ms
[189.552s][info][gc          ] Allocation Stall (Executor task launch worker for task 16.0 in stage 0.0 (TID 16)) 6.212ms
[189.554s][info][gc          ] Allocation Stall (Executor task launch worker for task 29.0 in stage 0.0 (TID 29)) 7.823ms
[189.558s][info][gc          ] Allocation Stall (Executor task launch worker for task 22.0 in stage 0.0 (TID 22)) 3.420ms
[189.558s][info][gc          ] Allocation Stall (Executor task launch worker for task 42.0 in stage 0.0 (TID 42)) 1.835ms
[189.558s][info][gc          ] Allocation Stall (Executor task launch worker for task 2.0 in stage 0.0 (TID 2)) 1.680ms
[189.558s][info][gc          ] Allocation Stall (Executor task launch worker for task 3.0 in stage 0.0 (TID 3)) 1.739ms
[189.558s][info][gc          ] Allocation Stall (Executor task launch worker for task 26.0 in stage 0.0 (TID 26)) 2.152ms
[189.558s][info][gc          ] Allocation Stall (Executor task launch worker for task 20.0 in stage 0.0 (TID 20)) 1.626ms
[189.558s][info][gc          ] Allocation Stall (Executor task launch worker for task 40.0 in stage 0.0 (TID 40)) 1.850ms
[189.558s][info][gc          ] Allocation Stall (Executor task launch worker for task 1.0 in stage 0.0 (TID 1)) 1.737ms
[189.558s][info][gc,phases   ] GC(126) Concurrent Relocate 35.718ms
[189.558s][info][gc,load     ] GC(126) Load: 0.00/0.00/0.00
[189.558s][info][gc,mmu      ] GC(126) MMU: 2ms/90.7%, 5ms/96.3%, 10ms/98.1%, 20ms/99.1%, 50ms/99.6%, 100ms/99.7%
[189.558s][info][gc,marking  ] GC(126) Mark: 4 stripe(s), 2 proactive flush(es), 1 terminate flush(es), 0 completion(s), 0 continuation(s) 
[189.558s][info][gc,marking  ] GC(126) Mark Stack Usage: 32M
[189.558s][info][gc,nmethod  ] GC(126) NMethods: 4663 registered, 253 unregistered
[189.558s][info][gc,metaspace] GC(126) Metaspace: 113M used, 116M committed, 1152M reserved
[189.558s][info][gc,ref      ] GC(126) Soft: 2808 encountered, 2205 discovered, 0 enqueued
[189.558s][info][gc,ref      ] GC(126) Weak: 13104 encountered, 5515 discovered, 1 enqueued
[189.558s][info][gc,ref      ] GC(126) Final: 40 encountered, 1 discovered, 0 enqueued
[189.558s][info][gc,ref      ] GC(126) Phantom: 750 encountered, 419 discovered, 0 enqueued
[189.558s][info][gc,reloc    ] GC(126) Small Pages: 78 / 156M, Empty: 26M, Relocated: 5M, In-Place: 3
[189.558s][info][gc,reloc    ] GC(126) Medium Pages: 3 / 48M, Empty: 0M, Relocated: 22M, In-Place: 1
[189.558s][info][gc,reloc    ] GC(126) Large Pages: 65 / 296M, Empty: 4M, Relocated: 0M, In-Place: 0
[189.558s][info][gc,reloc    ] GC(126) Forwarding Usage: 0M
[189.558s][info][gc,heap     ] GC(126) Min Capacity: 8M(2%)
[189.558s][info][gc,heap     ] GC(126) Max Capacity: 512M(100%)
[189.558s][info][gc,heap     ] GC(126) Soft Max Capacity: 512M(100%)
[189.558s][info][gc,heap     ] GC(126)                Mark Start          Mark End        Relocate Start      Relocate End           High               Low         
[189.558s][info][gc,heap     ] GC(126)  Capacity:      512M (100%)        512M (100%)        512M (100%)        512M (100%)        512M (100%)        512M (100%)   
[189.558s][info][gc,heap     ] GC(126)      Free:       12M (2%)            0M (0%)            0M (0%)            0M (0%)           42M (8%)            0M (0%)     
[189.558s][info][gc,heap     ] GC(126)      Used:      500M (98%)         512M (100%)        512M (100%)        512M (100%)        512M (100%)        470M (92%)    
[189.558s][info][gc,heap     ] GC(126)      Live:         -               378M (74%)         378M (74%)         378M (74%)            -                  -          
[189.558s][info][gc,heap     ] GC(126) Allocated:         -                12M (2%)           42M (8%)          113M (22%)            -                  -          
[189.558s][info][gc,heap     ] GC(126)   Garbage:         -               121M (24%)          91M (18%)          19M (4%)             -                  -          
[189.558s][info][gc,heap     ] GC(126) Reclaimed:         -                  -                30M (6%)          101M (20%)            -                  -          
[189.558s][info][gc          ] GC(126) Garbage Collection (Allocation Stall) 500M(98%)->512M(100%)
[189.558s][info][gc,start    ] GC(127) Garbage Collection (Allocation Stall)
[189.558s][info][gc,ref      ] GC(127) Clearing All SoftReferences
[189.558s][info][gc,task     ] GC(127) Using 5 workers
[189.559s][info][gc,ref      ] GC(127) Clearing All SoftReferences
[189.559s][info][gc,phases   ] GC(127) Pause Mark Start 0.029ms
[189.559s][info][gc          ] Allocation Stall (Executor task launch worker for task 4.0 in stage 0.0 (TID 4)) 2.792ms
[189.559s][info][gc          ] Allocation Stall (Executor task launch worker for task 24.0 in stage 0.0 (TID 24)) 3.015ms
[189.559s][info][gc          ] Allocation Stall (Executor task launch worker for task 17.0 in stage 0.0 (TID 17)) 3.276ms
[189.559s][info][gc          ] Allocation Stall (Executor task launch worker for task 0.0 in stage 0.0 (TID 0)) 2.701ms
[189.559s][info][gc          ] Allocation Stall (Executor task launch worker for task 46.0 in stage 0.0 (TID 46)) 3.067ms
[189.559s][info][gc          ] Allocation Stall (Executor task launch worker for task 14.0 in stage 0.0 (TID 14)) 2.747ms
[189.559s][info][gc          ] Allocation Stall (Executor task launch worker for task 21.0 in stage 0.0 (TID 21)) 2.753ms
[189.559s][info][gc          ] Allocation Stall (Executor task launch worker for task 37.0 in stage 0.0 (TID 37)) 2.856ms
[189.593s][info][gc,phases   ] GC(127) Concurrent Mark 33.549ms
[189.593s][info][gc,phases   ] GC(127) Pause Mark End 0.013ms
[189.593s][info][gc,phases   ] GC(127) Concurrent Mark Free 0.001ms
[189.596s][info][gc,phases   ] GC(127) Concurrent Process Non-Strong References 2.507ms
[189.596s][info][gc,phases   ] GC(127) Concurrent Reset Relocation Set 0.007ms
[189.599s][info][gc          ] Allocation Stall (Executor task launch worker for task 10.0 in stage 0.0 (TID 10)) 39.358ms
[189.599s][info][gc          ] Allocation Stall (Executor task launch worker for task 3.0 in stage 0.0 (TID 3)) 39.308ms
[189.599s][info][gc          ] Allocation Stall (Executor task launch worker for task 47.0 in stage 0.0 (TID 47)) 40.711ms
[189.599s][info][gc          ] Allocation Stall (Executor task launch worker for task 45.0 in stage 0.0 (TID 45)) 41.367ms
[189.599s][info][gc          ] Allocation Stall (Executor task launch worker for task 19.0 in stage 0.0 (TID 19)) 39.378ms
[189.599s][info][gc          ] Allocation Stall (Executor task launch worker for task 26.0 in stage 0.0 (TID 26)) 39.287ms
[189.599s][info][gc          ] Allocation Stall (Executor task launch worker for task 2.0 in stage 0.0 (TID 2)) 39.366ms
[189.599s][info][gc          ] Allocation Stall (Executor task launch worker for task 32.0 in stage 0.0 (TID 32)) 41.111ms
[189.599s][info][gc          ] Allocation Stall (Executor task launch worker for task 12.0 in stage 0.0 (TID 12)) 39.322ms
[189.599s][info][gc          ] Allocation Stall (Executor task launch worker for task 36.0 in stage 0.0 (TID 36)) 41.302ms
[189.599s][info][gc          ] Allocation Stall (Executor task launch worker for task 41.0 in stage 0.0 (TID 41)) 41.049ms
[189.599s][info][gc          ] Allocation Stall (Executor task launch worker for task 30.0 in stage 0.0 (TID 30)) 39.375ms
[189.599s][info][gc          ] Allocation Stall (Executor task launch worker for task 31.0 in stage 0.0 (TID 31)) 41.917ms
[189.599s][info][gc          ] Allocation Stall (Executor task launch worker for task 40.0 in stage 0.0 (TID 40)) 39.294ms
[189.599s][info][gc          ] Allocation Stall (Executor task launch worker for task 43.0 in stage 0.0 (TID 43)) 39.330ms
[189.599s][info][gc          ] Allocation Stall (Executor task launch worker for task 13.0 in stage 0.0 (TID 13)) 41.901ms
[189.599s][info][gc          ] Allocation Stall (Executor task launch worker for task 39.0 in stage 0.0 (TID 39)) 41.468ms
[189.599s][info][gc          ] Allocation Stall (Executor task launch worker for task 27.0 in stage 0.0 (TID 27)) 39.326ms
[189.599s][info][gc          ] Allocation Stall (Executor task launch worker for task 16.0 in stage 0.0 (TID 16)) 41.084ms
[189.599s][info][gc          ] Allocation Stall (Executor task launch worker for task 25.0 in stage 0.0 (TID 25)) 41.598ms
[189.599s][info][gc          ] Allocation Stall (Executor task launch worker for task 11.0 in stage 0.0 (TID 11)) 41.805ms
[189.599s][info][gc          ] Allocation Stall (Executor task launch worker for task 34.0 in stage 0.0 (TID 34)) 41.590ms
[189.599s][info][gc,phases   ] GC(127) Concurrent Select Relocation Set 3.253ms
[189.599s][info][gc          ] Allocation Stall (Executor task launch worker for task 42.0 in stage 0.0 (TID 42)) 34.952ms
[189.599s][info][gc          ] Allocation Stall (Executor task launch worker for task 28.0 in stage 0.0 (TID 28)) 34.736ms
[189.599s][info][gc          ] Allocation Stall (Executor task launch worker for task 4.0 in stage 0.0 (TID 4)) 33.547ms
[189.599s][info][gc          ] Allocation Stall (Executor task launch worker for task 20.0 in stage 0.0 (TID 20)) 33.399ms
[189.599s][info][gc          ] Allocation Stall (Executor task launch worker for task 1.0 in stage 0.0 (TID 1)) 32.781ms
[189.599s][info][gc          ] Allocation Stall (Executor task launch worker for task 44.0 in stage 0.0 (TID 44)) 32.634ms
[189.600s][info][gc          ] Allocation Stall (Executor task launch worker for task 38.0 in stage 0.0 (TID 38)) 32.659ms
[189.600s][info][gc          ] Allocation Stall (Executor task launch worker for task 21.0 in stage 0.0 (TID 21)) 32.617ms
[189.600s][info][gc          ] Allocation Stall (Executor task launch worker for task 46.0 in stage 0.0 (TID 46)) 32.642ms
[189.600s][info][gc          ] Allocation Stall (Executor task launch worker for task 37.0 in stage 0.0 (TID 37)) 32.663ms
[189.609s][info][gc,phases   ] GC(127) Pause Relocate Start 0.008ms
[189.609s][info][gc          ] Allocation Stall (Executor task launch worker for task 15.0 in stage 0.0 (TID 15)) 41.596ms
[189.609s][info][gc          ] Allocation Stall (Executor task launch worker for task 17.0 in stage 0.0 (TID 17)) 41.548ms
[189.609s][info][gc          ] Allocation Stall (Executor task launch worker for task 14.0 in stage 0.0 (TID 14)) 41.549ms
[189.609s][info][gc          ] Allocation Stall (Executor task launch worker for task 6.0 in stage 0.0 (TID 6)) 41.622ms
[189.609s][info][gc          ] Allocation Stall (Executor task launch worker for task 0.0 in stage 0.0 (TID 0)) 41.548ms
[189.609s][info][gc          ] Allocation Stall (Executor task launch worker for task 35.0 in stage 0.0 (TID 35)) 41.545ms
[189.609s][info][gc          ] Allocation Stall (Executor task launch worker for task 9.0 in stage 0.0 (TID 9)) 41.490ms
[189.609s][info][gc          ] Allocation Stall (Executor task launch worker for task 33.0 in stage 0.0 (TID 33)) 41.616ms
[189.609s][info][gc          ] Allocation Stall (Executor task launch worker for task 5.0 in stage 0.0 (TID 5)) 41.523ms
[189.609s][info][gc          ] Allocation Stall (Executor task launch worker for task 24.0 in stage 0.0 (TID 24)) 41.544ms
[189.609s][info][gc          ] Allocation Stall (Executor task launch worker for task 22.0 in stage 0.0 (TID 22)) 41.634ms
[189.609s][info][gc          ] Allocation Stall (Executor task launch worker for task 29.0 in stage 0.0 (TID 29)) 41.586ms
[189.609s][info][gc          ] Allocation Stall (Executor task launch worker for task 18.0 in stage 0.0 (TID 18)) 41.514ms
[189.609s][info][gc          ] Allocation Stall (Executor task launch worker for task 7.0 in stage 0.0 (TID 7)) 41.559ms
[189.609s][info][gc          ] Allocation Stall (Executor task launch worker for task 8.0 in stage 0.0 (TID 8)) 41.519ms
[189.609s][info][gc          ] Allocation Stall (Executor task launch worker for task 23.0 in stage 0.0 (TID 23)) 38.739ms
[189.609s][info][gc          ] Allocation Stall (Executor task launch worker for task 47.0 in stage 0.0 (TID 47)) 9.439ms
[189.609s][info][gc          ] Allocation Stall (Executor task launch worker for task 3.0 in stage 0.0 (TID 3)) 9.335ms
[189.609s][info][gc          ] Allocation Stall (Spark Context Cleaner) 31.518ms
[189.610s][info][gc          ] Allocation Stall (Executor task launch worker for task 16.0 in stage 0.0 (TID 16)) 0.308ms
[189.610s][info][gc          ] Allocation Stall (Executor task launch worker for task 30.0 in stage 0.0 (TID 30)) 0.295ms
[189.610s][info][gc          ] Allocation Stall (Executor task launch worker for task 38.0 in stage 0.0 (TID 38)) 0.235ms
[189.610s][info][gc          ] Allocation Stall (Executor task launch worker for task 11.0 in stage 0.0 (TID 11)) 0.210ms
[189.610s][info][gc          ] Relocation Stall (Executor task launch worker for task 40.0 in stage 0.0 (TID 40)) 0.371ms
[189.610s][info][gc          ] Allocation Stall (Executor task launch worker for task 19.0 in stage 0.0 (TID 19)) 0.239ms
[189.610s][info][gc          ] Allocation Stall (Executor task launch worker for task 1.0 in stage 0.0 (TID 1)) 0.409ms
[189.610s][info][gc          ] Allocation Stall (Executor task launch worker for task 4.0 in stage 0.0 (TID 4)) 0.548ms
[189.610s][info][gc          ] Allocation Stall (Executor task launch worker for task 17.0 in stage 0.0 (TID 17)) 0.571ms
[189.610s][info][gc          ] Allocation Stall (Executor task launch worker for task 14.0 in stage 0.0 (TID 14)) 0.621ms
[189.610s][info][gc          ] Allocation Stall (Executor task launch worker for task 28.0 in stage 0.0 (TID 28)) 0.613ms
[189.610s][info][gc          ] Allocation Stall (Executor task launch worker for task 39.0 in stage 0.0 (TID 39)) 0.619ms
[189.610s][info][gc          ] Allocation Stall (Executor task launch worker for task 34.0 in stage 0.0 (TID 34)) 0.678ms
[189.610s][info][gc          ] Allocation Stall (Executor task launch worker for task 40.0 in stage 0.0 (TID 40)) 10.777ms
[189.610s][info][gc          ] Allocation Stall (Executor task launch worker for task 37.0 in stage 0.0 (TID 37)) 0.889ms
[189.610s][info][gc          ] Allocation Stall (Executor task launch worker for task 6.0 in stage 0.0 (TID 6)) 0.911ms
[189.611s][info][gc          ] Allocation Stall (Executor task launch worker for task 23.0 in stage 0.0 (TID 23)) 0.806ms
[189.611s][info][gc          ] Allocation Stall (Executor task launch worker for task 30.0 in stage 0.0 (TID 30)) 0.383ms
[189.611s][info][gc          ] Allocation Stall (Executor task launch worker for task 38.0 in stage 0.0 (TID 38)) 0.268ms
[189.611s][info][gc          ] Allocation Stall (Executor task launch worker for task 28.0 in stage 0.0 (TID 28)) 0.108ms
[189.612s][info][gc,phases   ] GC(127) Concurrent Relocate 2.836ms
[189.612s][info][gc,load     ] GC(127) Load: 0.00/0.00/0.00
[189.612s][info][gc,mmu      ] GC(127) MMU: 2ms/90.7%, 5ms/96.3%, 10ms/98.1%, 20ms/99.1%, 50ms/99.6%, 100ms/99.7%
[189.612s][info][gc,marking  ] GC(127) Mark: 4 stripe(s), 2 proactive flush(es), 1 terminate flush(es), 0 completion(s), 0 continuation(s) 
[189.612s][info][gc,marking  ] GC(127) Mark Stack Usage: 32M
[189.612s][info][gc,nmethod  ] GC(127) NMethods: 4663 registered, 253 unregistered
[189.612s][info][gc,metaspace] GC(127) Metaspace: 113M used, 116M committed, 1152M reserved
[189.612s][info][gc,ref      ] GC(127) Soft: 2808 encountered, 2253 discovered, 0 enqueued
[189.612s][info][gc,ref      ] GC(127) Weak: 13104 encountered, 4629 discovered, 0 enqueued
[189.612s][info][gc,ref      ] GC(127) Final: 40 encountered, 1 discovered, 0 enqueued
[189.612s][info][gc,ref      ] GC(127) Phantom: 750 encountered, 674 discovered, 0 enqueued
[189.612s][info][gc,reloc    ] GC(127) Small Pages: 85 / 170M, Empty: 58M, Relocated: 3M, In-Place: 5
[189.612s][info][gc,reloc    ] GC(127) Medium Pages: 2 / 32M, Empty: 0M, Relocated: 0M, In-Place: 0
[189.612s][info][gc,reloc    ] GC(127) Large Pages: 65 / 296M, Empty: 0M, Relocated: 0M, In-Place: 0
[189.612s][info][gc,reloc    ] GC(127) Forwarding Usage: 0M
[189.612s][info][gc,heap     ] GC(127) Min Capacity: 8M(2%)
[189.612s][info][gc,heap     ] GC(127) Max Capacity: 512M(100%)
[189.612s][info][gc,heap     ] GC(127) Soft Max Capacity: 512M(100%)
[189.612s][info][gc,heap     ] GC(127)                Mark Start          Mark End        Relocate Start      Relocate End           High               Low         
[189.613s][info][gc,heap     ] GC(127)  Capacity:      512M (100%)        512M (100%)        512M (100%)        512M (100%)        512M (100%)        512M (100%)   
[189.613s][info][gc,heap     ] GC(127)      Free:        0M (0%)            0M (0%)            0M (0%)            6M (1%)           58M (11%)           0M (0%)     
[189.613s][info][gc,heap     ] GC(127)      Used:      512M (100%)        512M (100%)        512M (100%)        506M (99%)         512M (100%)        454M (89%)    
[189.613s][info][gc,heap     ] GC(127)      Live:         -               382M (75%)         382M (75%)         382M (75%)            -                  -          
[189.613s][info][gc,heap     ] GC(127) Allocated:         -                 0M (0%)           58M (11%)          81M (16%)            -                  -          
[189.613s][info][gc,heap     ] GC(127)   Garbage:         -               129M (25%)          71M (14%)          41M (8%)             -                  -          
[189.613s][info][gc,heap     ] GC(127) Reclaimed:         -                  -                58M (11%)          87M (17%)            -                  -          
[189.613s][info][gc          ] GC(127) Garbage Collection (Allocation Stall) 512M(100%)->506M(99%)
[189.613s][info][gc,start    ] GC(128) Garbage Collection (Allocation Stall)
[189.613s][info][gc,ref      ] GC(128) Clearing All SoftReferences
[189.613s][info][gc,task     ] GC(128) Using 5 workers
[189.624s][info][gc,ref      ] GC(128) Clearing All SoftReferences
[189.624s][info][gc,phases   ] GC(128) Pause Mark Start 0.077ms
[189.624s][info][gc          ] Allocation Stall (Executor task launch worker for task 3.0 in stage 0.0 (TID 3)) 11.648ms
[189.624s][info][gc          ] Allocation Stall (Executor task launch worker for task 38.0 in stage 0.0 (TID 38)) 11.850ms
[189.624s][info][gc          ] Allocation Stall (Executor task launch worker for task 29.0 in stage 0.0 (TID 29)) 12.115ms
[189.624s][info][gc          ] Allocation Stall (Executor task launch worker for task 46.0 in stage 0.0 (TID 46)) 11.998ms
[189.624s][info][gc          ] Allocation Stall (Executor task launch worker for task 34.0 in stage 0.0 (TID 34)) 11.915ms
[189.624s][info][gc          ] Allocation Stall (Executor task launch worker for task 39.0 in stage 0.0 (TID 39)) 11.935ms
[189.624s][info][gc          ] Allocation Stall (Executor task launch worker for task 1.0 in stage 0.0 (TID 1)) 12.002ms
[189.624s][info][gc          ] Allocation Stall (Executor task launch worker for task 36.0 in stage 0.0 (TID 36)) 12.129ms
[189.624s][info][gc          ] Allocation Stall (Executor task launch worker for task 12.0 in stage 0.0 (TID 12)) 12.086ms
[189.624s][info][gc          ] Allocation Stall (Executor task launch worker for task 13.0 in stage 0.0 (TID 13)) 12.192ms
[189.624s][info][gc          ] Allocation Stall (Executor task launch worker for task 37.0 in stage 0.0 (TID 37)) 12.191ms
[189.624s][info][gc          ] Allocation Stall (Executor task launch worker for task 14.0 in stage 0.0 (TID 14)) 11.747ms
[189.624s][info][gc          ] Allocation Stall (Executor task launch worker for task 11.0 in stage 0.0 (TID 11)) 11.448ms
[189.624s][info][gc          ] Allocation Stall (Executor task launch worker for task 28.0 in stage 0.0 (TID 28)) 12.061ms
[189.624s][info][gc          ] Allocation Stall (Executor task launch worker for task 22.0 in stage 0.0 (TID 22)) 12.200ms
[189.625s][info][gc          ] Allocation Stall (Executor task launch worker for task 26.0 in stage 0.0 (TID 26)) 0.528ms
[189.625s][info][gc          ] Allocation Stall (Executor task launch worker for task 20.0 in stage 0.0 (TID 20)) 0.613ms
[189.625s][info][gc          ] Allocation Stall (Executor task launch worker for task 2.0 in stage 0.0 (TID 2)) 0.651ms
[189.625s][info][gc          ] Allocation Stall (Executor task launch worker for task 21.0 in stage 0.0 (TID 21)) 0.708ms
[189.625s][info][gc          ] Allocation Stall (Executor task launch worker for task 17.0 in stage 0.0 (TID 17)) 0.926ms
[189.625s][info][gc          ] Allocation Stall (Executor task launch worker for task 33.0 in stage 0.0 (TID 33)) 0.965ms
[189.625s][info][gc          ] Allocation Stall (Executor task launch worker for task 45.0 in stage 0.0 (TID 45)) 1.023ms
[189.626s][info][gc          ] Allocation Stall (Executor task launch worker for task 10.0 in stage 0.0 (TID 10)) 1.154ms
[189.626s][info][gc          ] Allocation Stall (Executor task launch worker for task 25.0 in stage 0.0 (TID 25)) 1.223ms
[189.626s][info][gc          ] Allocation Stall (Executor task launch worker for task 15.0 in stage 0.0 (TID 15)) 1.304ms
[189.626s][info][gc          ] Allocation Stall (Executor task launch worker for task 41.0 in stage 0.0 (TID 41)) 1.350ms
[189.626s][info][gc          ] Allocation Stall (Executor task launch worker for task 43.0 in stage 0.0 (TID 43)) 1.430ms
[189.626s][info][gc          ] Allocation Stall (Executor task launch worker for task 32.0 in stage 0.0 (TID 32)) 1.486ms
[189.626s][info][gc          ] Allocation Stall (Executor task launch worker for task 47.0 in stage 0.0 (TID 47)) 1.587ms
[189.626s][info][gc          ] Allocation Stall (Executor task launch worker for task 44.0 in stage 0.0 (TID 44)) 1.702ms
[189.626s][info][gc          ] Allocation Stall (Executor task launch worker for task 30.0 in stage 0.0 (TID 30)) 1.752ms
[189.626s][info][gc          ] Allocation Stall (Executor task launch worker for task 4.0 in stage 0.0 (TID 4)) 1.813ms
[189.626s][info][gc          ] Allocation Stall (Executor task launch worker for task 6.0 in stage 0.0 (TID 6)) 1.873ms
[189.626s][info][gc          ] Allocation Stall (Executor task launch worker for task 16.0 in stage 0.0 (TID 16)) 1.916ms
[189.626s][info][gc          ] Allocation Stall (Executor task launch worker for task 18.0 in stage 0.0 (TID 18)) 1.982ms
[189.626s][info][gc          ] Allocation Stall (Executor task launch worker for task 27.0 in stage 0.0 (TID 27)) 2.004ms
[189.627s][info][gc          ] Allocation Stall (Executor task launch worker for task 8.0 in stage 0.0 (TID 8)) 2.084ms
[189.627s][info][gc          ] Allocation Stall (Executor task launch worker for task 5.0 in stage 0.0 (TID 5)) 2.158ms
[189.627s][info][gc          ] Allocation Stall (Executor task launch worker for task 24.0 in stage 0.0 (TID 24)) 2.238ms
[189.627s][info][gc          ] Allocation Stall (Executor task launch worker for task 35.0 in stage 0.0 (TID 35)) 2.318ms
[189.627s][info][gc          ] Allocation Stall (Executor task launch worker for task 9.0 in stage 0.0 (TID 9)) 2.369ms
[189.627s][info][gc          ] Allocation Stall (Executor task launch worker for task 7.0 in stage 0.0 (TID 7)) 2.453ms
[189.627s][info][gc          ] Allocation Stall (Executor task launch worker for task 0.0 in stage 0.0 (TID 0)) 2.531ms
[189.671s][info][gc,phases   ] GC(128) Concurrent Mark 46.598ms
[189.671s][info][gc,phases   ] GC(128) Pause Mark End 0.016ms
[189.671s][info][gc,phases   ] GC(128) Concurrent Mark Free 0.001ms
[189.674s][info][gc,phases   ] GC(128) Concurrent Process Non-Strong References 2.392ms
[189.674s][info][gc,phases   ] GC(128) Concurrent Reset Relocation Set 0.004ms
[189.676s][info][gc          ] Allocation Stall (Executor task launch worker for task 37.0 in stage 0.0 (TID 37)) 21.187ms
[189.676s][info][gc          ] Allocation Stall (Executor task launch worker for task 35.0 in stage 0.0 (TID 35)) 24.246ms
[189.676s][info][gc          ] Allocation Stall (Executor task launch worker for task 38.0 in stage 0.0 (TID 38)) 24.213ms
[189.676s][info][gc          ] Allocation Stall (Executor task launch worker for task 45.0 in stage 0.0 (TID 45)) 24.259ms
[189.676s][info][gc          ] Allocation Stall (Executor task launch worker for task 20.0 in stage 0.0 (TID 20)) 34.157ms
[189.676s][info][gc          ] Allocation Stall (Executor task launch worker for task 42.0 in stage 0.0 (TID 42)) 24.292ms
[189.676s][info][gc          ] Allocation Stall (Executor task launch worker for task 1.0 in stage 0.0 (TID 1)) 21.010ms
[189.676s][info][gc          ] Allocation Stall (Executor task launch worker for task 21.0 in stage 0.0 (TID 21)) 21.045ms
[189.676s][info][gc          ] Allocation Stall (Executor task launch worker for task 25.0 in stage 0.0 (TID 25)) 20.931ms
[189.676s][info][gc,phases   ] GC(128) Concurrent Select Relocation Set 2.574ms
[189.676s][info][gc          ] Allocation Stall (Executor task launch worker for task 16.0 in stage 0.0 (TID 16)) 20.961ms
[189.676s][info][gc          ] Allocation Stall (Executor task launch worker for task 28.0 in stage 0.0 (TID 28)) 21.021ms
[189.676s][info][gc          ] Allocation Stall (Executor task launch worker for task 26.0 in stage 0.0 (TID 26)) 21.058ms
[189.676s][info][gc          ] Allocation Stall (Executor task launch worker for task 18.0 in stage 0.0 (TID 18)) 20.645ms
[189.676s][info][gc          ] Allocation Stall (Executor task launch worker for task 44.0 in stage 0.0 (TID 44)) 20.670ms
[189.687s][info][gc,phases   ] GC(128) Pause Relocate Start 0.006ms
[189.687s][info][gc          ] Allocation Stall (Executor task launch worker for task 13.0 in stage 0.0 (TID 13)) 30.880ms
[189.687s][info][gc          ] Allocation Stall (Executor task launch worker for task 46.0 in stage 0.0 (TID 46)) 30.938ms
[189.687s][info][gc          ] Allocation Stall (Executor task launch worker for task 10.0 in stage 0.0 (TID 10)) 30.895ms
[189.687s][info][gc          ] Allocation Stall (Executor task launch worker for task 39.0 in stage 0.0 (TID 39)) 30.794ms
[189.687s][info][gc          ] Allocation Stall (Executor task launch worker for task 12.0 in stage 0.0 (TID 12)) 30.758ms
[189.687s][info][gc          ] Allocation Stall (Executor task launch worker for task 5.0 in stage 0.0 (TID 5)) 30.833ms
[189.687s][info][gc          ] Allocation Stall (Executor task launch worker for task 15.0 in stage 0.0 (TID 15)) 30.772ms
[189.687s][info][gc          ] Allocation Stall (Executor task launch worker for task 19.0 in stage 0.0 (TID 19)) 30.723ms
[189.687s][info][gc          ] Allocation Stall (Executor task launch worker for task 9.0 in stage 0.0 (TID 9)) 30.755ms
[189.687s][info][gc          ] Allocation Stall (Executor task launch worker for task 17.0 in stage 0.0 (TID 17)) 30.755ms
[189.687s][info][gc          ] Allocation Stall (Executor task launch worker for task 36.0 in stage 0.0 (TID 36)) 30.804ms
[189.687s][info][gc          ] Allocation Stall (Executor task launch worker for task 33.0 in stage 0.0 (TID 33)) 30.793ms
[189.687s][info][gc          ] Allocation Stall (Executor task launch worker for task 43.0 in stage 0.0 (TID 43)) 30.723ms
[189.687s][info][gc          ] Allocation Stall (Executor task launch worker for task 40.0 in stage 0.0 (TID 40)) 30.647ms
[189.687s][info][gc          ] Allocation Stall (Executor task launch worker for task 41.0 in stage 0.0 (TID 41)) 30.561ms
[189.687s][info][gc          ] Allocation Stall (Executor task launch worker for task 30.0 in stage 0.0 (TID 30)) 30.598ms
[189.687s][info][gc          ] Allocation Stall (Executor task launch worker for task 31.0 in stage 0.0 (TID 31)) 30.584ms
[189.687s][info][gc          ] Allocation Stall (Executor task launch worker for task 8.0 in stage 0.0 (TID 8)) 30.200ms
[189.687s][info][gc          ] Allocation Stall (Executor task launch worker for task 3.0 in stage 0.0 (TID 3)) 30.234ms
[189.687s][info][gc          ] Allocation Stall (Executor task launch worker for task 11.0 in stage 0.0 (TID 11)) 30.276ms
[189.687s][info][gc          ] Allocation Stall (Executor task launch worker for task 2.0 in stage 0.0 (TID 2)) 30.243ms
[189.687s][info][gc          ] Allocation Stall (Executor task launch worker for task 7.0 in stage 0.0 (TID 7)) 30.313ms
[189.687s][info][gc          ] Allocation Stall (Executor task launch worker for task 22.0 in stage 0.0 (TID 22)) 30.377ms
[189.688s][info][gc          ] Allocation Stall (Executor task launch worker for task 29.0 in stage 0.0 (TID 29)) 30.449ms
[189.688s][info][gc          ] Allocation Stall (Executor task launch worker for task 14.0 in stage 0.0 (TID 14)) 30.406ms
[189.688s][info][gc          ] Allocation Stall (Executor task launch worker for task 6.0 in stage 0.0 (TID 6)) 30.384ms
[189.688s][info][gc          ] Allocation Stall (Executor task launch worker for task 24.0 in stage 0.0 (TID 24)) 30.362ms
[189.688s][info][gc          ] Allocation Stall (Executor task launch worker for task 34.0 in stage 0.0 (TID 34)) 30.383ms
[189.688s][info][gc          ] Allocation Stall (Executor task launch worker for task 0.0 in stage 0.0 (TID 0)) 30.431ms
[189.688s][info][gc          ] Allocation Stall (Executor task launch worker for task 4.0 in stage 0.0 (TID 4)) 30.433ms
[189.688s][info][gc          ] Allocation Stall (Executor task launch worker for task 27.0 in stage 0.0 (TID 27)) 30.419ms
[189.688s][info][gc          ] Allocation Stall (Executor task launch worker for task 47.0 in stage 0.0 (TID 47)) 30.516ms
[189.688s][info][gc          ] Allocation Stall (Executor task launch worker for task 32.0 in stage 0.0 (TID 32)) 30.547ms
[189.688s][info][gc          ] Allocation Stall (Executor task launch worker for task 38.0 in stage 0.0 (TID 38)) 1.075ms
[189.688s][info][gc          ] Allocation Stall (Executor task launch worker for task 21.0 in stage 0.0 (TID 21)) 0.851ms
[189.688s][info][gc          ] Allocation Stall (Executor task launch worker for task 23.0 in stage 0.0 (TID 23)) 27.641ms
[189.696s][info][gc          ] Allocation Stall (Executor task launch worker for task 37.0 in stage 0.0 (TID 37)) 1.431ms
[189.701s][info][gc          ] Allocation Stall (Executor task launch worker for task 37.0 in stage 0.0 (TID 37)) 4.263ms
[189.701s][info][gc          ] Allocation Stall (Executor task launch worker for task 34.0 in stage 0.0 (TID 34)) 4.114ms
[189.701s][info][gc          ] Allocation Stall (Executor task launch worker for task 30.0 in stage 0.0 (TID 30)) 5.238ms
[189.701s][info][gc          ] Allocation Stall (Executor task launch worker for task 43.0 in stage 0.0 (TID 43)) 4.160ms
[189.701s][info][gc          ] Allocation Stall (Executor task launch worker for task 42.0 in stage 0.0 (TID 42)) 3.805ms
[189.701s][info][gc          ] Allocation Stall (Executor task launch worker for task 10.0 in stage 0.0 (TID 10)) 5.397ms
[189.701s][info][gc          ] Allocation Stall (Executor task launch worker for task 7.0 in stage 0.0 (TID 7)) 3.811ms
[189.701s][info][gc          ] Allocation Stall (Executor task launch worker for task 25.0 in stage 0.0 (TID 25)) 3.801ms
[189.701s][info][gc,phases   ] GC(128) Concurrent Relocate 14.591ms
[189.701s][info][gc          ] Allocation Stall (Executor task launch worker for task 45.0 in stage 0.0 (TID 45)) 3.343ms
[189.702s][info][gc          ] Allocation Stall (Executor task launch worker for task 23.0 in stage 0.0 (TID 23)) 3.384ms
[189.702s][info][gc,load     ] GC(128) Load: 0.00/0.00/0.00
[189.702s][info][gc          ] Allocation Stall (Executor task launch worker for task 22.0 in stage 0.0 (TID 22)) 3.568ms
[189.702s][info][gc          ] Allocation Stall (Executor task launch worker for task 1.0 in stage 0.0 (TID 1)) 3.581ms
[189.702s][info][gc          ] Allocation Stall (Executor task launch worker for task 33.0 in stage 0.0 (TID 33)) 3.482ms
[189.702s][info][gc,mmu      ] GC(128) MMU: 2ms/90.7%, 5ms/96.3%, 10ms/98.1%, 20ms/99.1%, 50ms/99.6%, 100ms/99.7%
[189.702s][info][gc          ] Allocation Stall (Executor task launch worker for task 41.0 in stage 0.0 (TID 41)) 3.358ms
[189.702s][info][gc          ] Allocation Stall (Executor task launch worker for task 5.0 in stage 0.0 (TID 5)) 3.391ms
[189.702s][info][gc,marking  ] GC(128) Mark: 4 stripe(s), 2 proactive flush(es), 1 terminate flush(es), 0 completion(s), 0 continuation(s) 
[189.702s][info][gc          ] Allocation Stall (Executor task launch worker for task 2.0 in stage 0.0 (TID 2)) 3.441ms
[189.702s][info][gc          ] Allocation Stall (Executor task launch worker for task 27.0 in stage 0.0 (TID 27)) 3.391ms
[189.702s][info][gc,marking  ] GC(128) Mark Stack Usage: 32M
[189.702s][info][gc          ] Allocation Stall (Executor task launch worker for task 21.0 in stage 0.0 (TID 21)) 3.424ms
[189.702s][info][gc          ] Allocation Stall (Executor task launch worker for task 0.0 in stage 0.0 (TID 0)) 3.478ms
[189.702s][info][gc          ] Allocation Stall (Executor task launch worker for task 3.0 in stage 0.0 (TID 3)) 3.364ms
[189.702s][info][gc,nmethod  ] GC(128) NMethods: 4663 registered, 253 unregistered
[189.702s][info][gc          ] Allocation Stall (Executor task launch worker for task 9.0 in stage 0.0 (TID 9)) 3.493ms
[189.702s][info][gc          ] Allocation Stall (Executor task launch worker for task 47.0 in stage 0.0 (TID 47)) 3.225ms
[189.702s][info][gc          ] Allocation Stall (Executor task launch worker for task 6.0 in stage 0.0 (TID 6)) 3.077ms
[189.702s][info][gc,metaspace] GC(128) Metaspace: 113M used, 116M committed, 1152M reserved
[189.702s][info][gc          ] Allocation Stall (Executor task launch worker for task 8.0 in stage 0.0 (TID 8)) 3.103ms
[189.702s][info][gc          ] Allocation Stall (Executor task launch worker for task 24.0 in stage 0.0 (TID 24)) 3.097ms
[189.703s][info][gc          ] Allocation Stall (Executor task launch worker for task 29.0 in stage 0.0 (TID 29)) 3.120ms
[189.703s][info][gc,ref      ] GC(128) Soft: 2808 encountered, 2230 discovered, 0 enqueued
[189.703s][info][gc          ] Allocation Stall (Executor task launch worker for task 44.0 in stage 0.0 (TID 44)) 3.068ms
[189.703s][info][gc          ] Allocation Stall (Executor task launch worker for task 14.0 in stage 0.0 (TID 14)) 3.116ms
[189.703s][info][gc,ref      ] GC(128) Weak: 13104 encountered, 6727 discovered, 0 enqueued
[189.703s][info][gc          ] Allocation Stall (Executor task launch worker for task 46.0 in stage 0.0 (TID 46)) 3.159ms
[189.703s][info][gc          ] Allocation Stall (Executor task launch worker for task 36.0 in stage 0.0 (TID 36)) 3.158ms
[189.703s][info][gc,ref      ] GC(128) Final: 40 encountered, 1 discovered, 0 enqueued
[189.703s][info][gc          ] Allocation Stall (Executor task launch worker for task 16.0 in stage 0.0 (TID 16)) 3.228ms
[189.703s][info][gc          ] Allocation Stall (Executor task launch worker for task 13.0 in stage 0.0 (TID 13)) 3.293ms
[189.703s][info][gc,ref      ] GC(128) Phantom: 750 encountered, 464 discovered, 0 enqueued
[189.703s][info][gc          ] Allocation Stall (Executor task launch worker for task 35.0 in stage 0.0 (TID 35)) 3.363ms
[189.703s][info][gc          ] Allocation Stall (Executor task launch worker for task 20.0 in stage 0.0 (TID 20)) 3.367ms
[189.703s][info][gc,reloc    ] GC(128) Small Pages: 67 / 134M, Empty: 20M, Relocated: 3M, In-Place: 4
[189.703s][info][gc          ] Allocation Stall (Executor task launch worker for task 12.0 in stage 0.0 (TID 12)) 3.455ms
[189.703s][info][gc          ] Allocation Stall (Executor task launch worker for task 15.0 in stage 0.0 (TID 15)) 3.459ms
[189.703s][info][gc,reloc    ] GC(128) Medium Pages: 3 / 48M, Empty: 0M, Relocated: 13M, In-Place: 1
[189.703s][info][gc          ] Allocation Stall (Executor task launch worker for task 26.0 in stage 0.0 (TID 26)) 3.513ms
[189.703s][info][gc          ] Allocation Stall (Executor task launch worker for task 38.0 in stage 0.0 (TID 38)) 3.437ms
[189.703s][info][gc,reloc    ] GC(128) Large Pages: 66 / 300M, Empty: 8M, Relocated: 0M, In-Place: 0
[189.703s][info][gc          ] Allocation Stall (Executor task launch worker for task 17.0 in stage 0.0 (TID 17)) 3.531ms
[189.703s][info][gc          ] Allocation Stall (Executor task launch worker for task 31.0 in stage 0.0 (TID 31)) 3.555ms
[189.703s][info][gc,reloc    ] GC(128) Forwarding Usage: 0M
[189.704s][info][gc          ] Allocation Stall (Executor task launch worker for task 39.0 in stage 0.0 (TID 39)) 3.470ms
[189.704s][info][gc,heap     ] GC(128) Min Capacity: 8M(2%)
[189.704s][info][gc          ] Allocation Stall (Executor task launch worker for task 18.0 in stage 0.0 (TID 18)) 3.579ms
[189.704s][info][gc,heap     ] GC(128) Max Capacity: 512M(100%)
[189.704s][info][gc          ] Allocation Stall (Executor task launch worker for task 32.0 in stage 0.0 (TID 32)) 3.599ms
[189.704s][info][gc,heap     ] GC(128) Soft Max Capacity: 512M(100%)
[189.704s][info][gc          ] Allocation Stall (Executor task launch worker for task 4.0 in stage 0.0 (TID 4)) 3.626ms
[189.704s][info][gc,heap     ] GC(128)                Mark Start          Mark End        Relocate Start      Relocate End           High               Low         
[189.704s][info][gc          ] Allocation Stall (Executor task launch worker for task 19.0 in stage 0.0 (TID 19)) 3.696ms
[189.704s][info][gc,heap     ] GC(128)  Capacity:      512M (100%)        512M (100%)        512M (100%)        512M (100%)        512M (100%)        512M (100%)   
[189.704s][info][gc          ] Allocation Stall (Executor task launch worker for task 40.0 in stage 0.0 (TID 40)) 3.475ms
[189.704s][info][gc,heap     ] GC(128)      Free:        0M (0%)            0M (0%)            0M (0%)            0M (0%)           28M (5%)            0M (0%)     
[189.704s][info][gc          ] Allocation Stall (Executor task launch worker for task 11.0 in stage 0.0 (TID 11)) 3.556ms
[189.704s][info][gc,heap     ] GC(128)      Used:      512M (100%)        512M (100%)        512M (100%)        512M (100%)        512M (100%)        484M (95%)    
[189.704s][info][gc,heap     ] GC(128)      Live:         -               381M (75%)         381M (75%)         381M (75%)            -                  -          
[189.704s][info][gc,heap     ] GC(128) Allocated:         -                 0M (0%)           28M (5%)           74M (15%)            -                  -          
[189.704s][info][gc,heap     ] GC(128)   Garbage:         -               130M (25%)         102M (20%)          55M (11%)            -                  -          
[189.704s][info][gc,heap     ] GC(128) Reclaimed:         -                  -                28M (5%)           74M (15%)            -                  -          
[189.705s][info][gc          ] GC(128) Garbage Collection (Allocation Stall) 512M(100%)->512M(100%)
[189.708s][info][gc          ] Allocation Stall (Executor task launch worker for task 28.0 in stage 0.0 (TID 28)) 6.429ms
[189.708s][info][gc,start    ] GC(129) Garbage Collection (Allocation Stall)
[189.708s][info][gc,ref      ] GC(129) Clearing All SoftReferences
[189.708s][info][gc,task     ] GC(129) Using 5 workers
[189.708s][info][gc,ref      ] GC(129) Clearing All SoftReferences
[189.708s][info][gc,phases   ] GC(129) Pause Mark Start 0.031ms
[189.749s][info][gc,phases   ] GC(129) Concurrent Mark 40.882ms
[189.749s][info][gc,phases   ] GC(129) Pause Mark End 0.016ms
[189.749s][info][gc,phases   ] GC(129) Concurrent Mark Free 0.001ms
[189.752s][info][gc,phases   ] GC(129) Concurrent Process Non-Strong References 2.760ms
[189.752s][info][gc,phases   ] GC(129) Concurrent Reset Relocation Set 0.004ms
[189.756s][info][gc          ] Allocation Stall (Executor task launch worker for task 24.0 in stage 0.0 (TID 24)) 47.296ms
[189.756s][info][gc          ] Allocation Stall (Executor task launch worker for task 45.0 in stage 0.0 (TID 45)) 47.298ms
[189.756s][info][gc          ] Allocation Stall (Executor task launch worker for task 43.0 in stage 0.0 (TID 43)) 47.312ms
[189.756s][info][gc          ] Allocation Stall (Executor task launch worker for task 37.0 in stage 0.0 (TID 37)) 48.151ms
[189.756s][info][gc          ] Allocation Stall (Executor task launch worker for task 28.0 in stage 0.0 (TID 28)) 47.338ms
[189.756s][info][gc          ] Allocation Stall (Executor task launch worker for task 12.0 in stage 0.0 (TID 12)) 47.350ms
[189.756s][info][gc          ] Allocation Stall (Executor task launch worker for task 21.0 in stage 0.0 (TID 21)) 47.336ms
[189.756s][info][gc          ] Allocation Stall (Executor task launch worker for task 26.0 in stage 0.0 (TID 26)) 47.339ms
[189.756s][info][gc          ] Allocation Stall (Executor task launch worker for task 2.0 in stage 0.0 (TID 2)) 47.310ms
[189.756s][info][gc          ] Allocation Stall (Executor task launch worker for task 22.0 in stage 0.0 (TID 22)) 47.422ms
[189.756s][info][gc          ] Allocation Stall (Executor task launch worker for task 5.0 in stage 0.0 (TID 5)) 47.408ms
[189.756s][info][gc          ] Allocation Stall (Executor task launch worker for task 6.0 in stage 0.0 (TID 6)) 47.364ms
[189.756s][info][gc          ] Allocation Stall (Executor task launch worker for task 47.0 in stage 0.0 (TID 47)) 47.312ms
[189.756s][info][gc          ] Allocation Stall (Executor task launch worker for task 38.0 in stage 0.0 (TID 38)) 47.398ms
[189.756s][info][gc          ] Allocation Stall (Executor task launch worker for task 41.0 in stage 0.0 (TID 41)) 47.391ms
[189.756s][info][gc          ] Allocation Stall (Executor task launch worker for task 0.0 in stage 0.0 (TID 0)) 47.380ms
[189.756s][info][gc          ] Allocation Stall (Executor task launch worker for task 25.0 in stage 0.0 (TID 25)) 47.385ms
[189.756s][info][gc          ] Allocation Stall (Executor task launch worker for task 23.0 in stage 0.0 (TID 23)) 47.389ms
[189.756s][info][gc          ] Allocation Stall (Executor task launch worker for task 1.0 in stage 0.0 (TID 1)) 47.394ms
[189.756s][info][gc          ] Allocation Stall (Executor task launch worker for task 13.0 in stage 0.0 (TID 13)) 47.395ms
[189.756s][info][gc          ] Allocation Stall (Executor task launch worker for task 8.0 in stage 0.0 (TID 8)) 47.545ms
[189.756s][info][gc          ] Allocation Stall (Executor task launch worker for task 17.0 in stage 0.0 (TID 17)) 47.489ms
[189.756s][info][gc          ] Allocation Stall (Executor task launch worker for task 42.0 in stage 0.0 (TID 42)) 47.400ms
[189.756s][info][gc          ] Allocation Stall (Executor task launch worker for task 34.0 in stage 0.0 (TID 34)) 47.414ms
[189.756s][info][gc          ] Allocation Stall (Executor task launch worker for task 3.0 in stage 0.0 (TID 3)) 47.515ms
[189.756s][info][gc          ] Allocation Stall (Executor task launch worker for task 33.0 in stage 0.0 (TID 33)) 47.514ms
[189.756s][info][gc          ] Allocation Stall (Executor task launch worker for task 7.0 in stage 0.0 (TID 7)) 47.499ms
[189.756s][info][gc,phases   ] GC(129) Concurrent Select Relocation Set 3.652ms
[189.756s][info][gc          ] Allocation Stall (Executor task launch worker for task 9.0 in stage 0.0 (TID 9)) 47.481ms
[189.756s][info][gc          ] Allocation Stall (Executor task launch worker for task 16.0 in stage 0.0 (TID 16)) 47.550ms
[189.756s][info][gc          ] Allocation Stall (Executor task launch worker for task 31.0 in stage 0.0 (TID 31)) 47.625ms
[189.756s][info][gc          ] Allocation Stall (Executor task launch worker for task 30.0 in stage 0.0 (TID 30)) 47.670ms
[189.756s][info][gc          ] Allocation Stall (Executor task launch worker for task 39.0 in stage 0.0 (TID 39)) 47.728ms
[189.756s][info][gc          ] Allocation Stall (Executor task launch worker for task 46.0 in stage 0.0 (TID 46)) 47.735ms
[189.756s][info][gc          ] Allocation Stall (Executor task launch worker for task 36.0 in stage 0.0 (TID 36)) 47.793ms
[189.756s][info][gc          ] Allocation Stall (Executor task launch worker for task 29.0 in stage 0.0 (TID 29)) 47.918ms
[189.756s][info][gc          ] Allocation Stall (Executor task launch worker for task 10.0 in stage 0.0 (TID 10)) 47.969ms
[189.756s][info][gc          ] Allocation Stall (Executor task launch worker for task 27.0 in stage 0.0 (TID 27)) 47.989ms
[189.756s][info][gc          ] Allocation Stall (Executor task launch worker for task 44.0 in stage 0.0 (TID 44)) 48.035ms
[189.756s][info][gc          ] Allocation Stall (Executor task launch worker for task 11.0 in stage 0.0 (TID 11)) 48.079ms
[189.757s][info][gc          ] Allocation Stall (Executor task launch worker for task 14.0 in stage 0.0 (TID 14)) 48.154ms
[189.757s][info][gc          ] Allocation Stall (Executor task launch worker for task 15.0 in stage 0.0 (TID 15)) 48.202ms
[189.757s][info][gc          ] Allocation Stall (Executor task launch worker for task 35.0 in stage 0.0 (TID 35)) 48.330ms
[189.757s][info][gc          ] Allocation Stall (Executor task launch worker for task 20.0 in stage 0.0 (TID 20)) 48.393ms
[189.757s][info][gc          ] Allocation Stall (Executor task launch worker for task 4.0 in stage 0.0 (TID 4)) 48.457ms
[189.757s][info][gc          ] Allocation Stall (Executor task launch worker for task 40.0 in stage 0.0 (TID 40)) 48.515ms
[189.757s][info][gc          ] Allocation Stall (Executor task launch worker for task 32.0 in stage 0.0 (TID 32)) 48.558ms
[189.757s][info][gc          ] Allocation Stall (Executor task launch worker for task 18.0 in stage 0.0 (TID 18)) 48.619ms
[189.757s][info][gc          ] Allocation Stall (Executor task launch worker for task 19.0 in stage 0.0 (TID 19)) 48.655ms
[189.757s][info][gc          ] Allocation Stall (Spark Context Cleaner) 39.371ms
[189.758s][info][gc,phases   ] GC(129) Pause Relocate Start 0.007ms
[189.770s][info][gc          ] Allocation Stall (Executor task launch worker for task 16.0 in stage 0.0 (TID 16)) 2.584ms
[189.770s][info][gc          ] Allocation Stall (Executor task launch worker for task 10.0 in stage 0.0 (TID 10)) 1.984ms
[189.770s][info][gc          ] Allocation Stall (Executor task launch worker for task 37.0 in stage 0.0 (TID 37)) 1.810ms
[189.770s][info][gc          ] Allocation Stall (Executor task launch worker for task 23.0 in stage 0.0 (TID 23)) 1.876ms
[189.770s][info][gc          ] Allocation Stall (Executor task launch worker for task 18.0 in stage 0.0 (TID 18)) 1.790ms
[189.770s][info][gc          ] Allocation Stall (Executor task launch worker for task 2.0 in stage 0.0 (TID 2)) 2.070ms
[189.770s][info][gc          ] Allocation Stall (Executor task launch worker for task 41.0 in stage 0.0 (TID 41)) 1.839ms
[189.770s][info][gc          ] Allocation Stall (Executor task launch worker for task 28.0 in stage 0.0 (TID 28)) 1.802ms
[189.770s][info][gc          ] Allocation Stall (Executor task launch worker for task 5.0 in stage 0.0 (TID 5)) 1.789ms
[189.770s][info][gc          ] Allocation Stall (Executor task launch worker for task 40.0 in stage 0.0 (TID 40)) 1.782ms
[189.770s][info][gc          ] Allocation Stall (Executor task launch worker for task 9.0 in stage 0.0 (TID 9)) 2.351ms
[189.770s][info][gc          ] Allocation Stall (Executor task launch worker for task 27.0 in stage 0.0 (TID 27)) 2.384ms
[189.770s][info][gc          ] Allocation Stall (Executor task launch worker for task 36.0 in stage 0.0 (TID 36)) 2.368ms
[189.770s][info][gc          ] Allocation Stall (Executor task launch worker for task 25.0 in stage 0.0 (TID 25)) 2.291ms
[189.770s][info][gc          ] Allocation Stall (Executor task launch worker for task 20.0 in stage 0.0 (TID 20)) 2.313ms
[189.770s][info][gc          ] Allocation Stall (Executor task launch worker for task 21.0 in stage 0.0 (TID 21)) 2.289ms
[189.770s][info][gc          ] Allocation Stall (Executor task launch worker for task 33.0 in stage 0.0 (TID 33)) 2.269ms
[189.770s][info][gc          ] Allocation Stall (Executor task launch worker for task 42.0 in stage 0.0 (TID 42)) 2.358ms
[189.771s][info][gc          ] Allocation Stall (Executor task launch worker for task 0.0 in stage 0.0 (TID 0)) 0.638ms
[189.790s][info][gc          ] Relocation Stall (Executor task launch worker for task 4.0 in stage 0.0 (TID 4)) 26.218ms
[189.790s][info][gc          ] Relocation Stall (Executor task launch worker for task 47.0 in stage 0.0 (TID 47)) 30.580ms
[189.790s][info][gc          ] Relocation Stall (Executor task launch worker for task 24.0 in stage 0.0 (TID 24)) 29.465ms
[189.790s][info][gc          ] Relocation Stall (Executor task launch worker for task 35.0 in stage 0.0 (TID 35)) 26.808ms
[189.790s][info][gc          ] Relocation Stall (Executor task launch worker for task 46.0 in stage 0.0 (TID 46)) 28.505ms
[189.790s][info][gc          ] Relocation Stall (Executor task launch worker for task 38.0 in stage 0.0 (TID 38)) 30.688ms
[189.790s][info][gc          ] Relocation Stall (Executor task launch worker for task 7.0 in stage 0.0 (TID 7)) 29.375ms
[189.790s][info][gc          ] Relocation Stall (Executor task launch worker for task 12.0 in stage 0.0 (TID 12)) 29.844ms
[189.790s][info][gc          ] Relocation Stall (Executor task launch worker for task 15.0 in stage 0.0 (TID 15)) 28.361ms
[189.790s][info][gc          ] Relocation Stall (Executor task launch worker for task 43.0 in stage 0.0 (TID 43)) 29.950ms
[189.790s][info][gc          ] Relocation Stall (Executor task launch worker for task 22.0 in stage 0.0 (TID 22)) 30.543ms
[189.790s][info][gc          ] Relocation Stall (Executor task launch worker for task 1.0 in stage 0.0 (TID 1)) 29.883ms
[189.790s][info][gc          ] Relocation Stall (Executor task launch worker for task 17.0 in stage 0.0 (TID 17)) 30.159ms
[189.790s][info][gc          ] Relocation Stall (Executor task launch worker for task 13.0 in stage 0.0 (TID 13)) 29.377ms
[189.790s][info][gc          ] Relocation Stall (Executor task launch worker for task 26.0 in stage 0.0 (TID 26)) 30.132ms
[189.790s][info][gc          ] Relocation Stall (Executor task launch worker for task 11.0 in stage 0.0 (TID 11)) 29.597ms
[189.790s][info][gc          ] Allocation Stall (Executor task launch worker for task 0.0 in stage 0.0 (TID 0)) 2.349ms
[189.790s][info][gc          ] Allocation Stall (Executor task launch worker for task 2.0 in stage 0.0 (TID 2)) 2.154ms
[189.790s][info][gc          ] Allocation Stall (Executor task launch worker for task 27.0 in stage 0.0 (TID 27)) 2.102ms
[189.790s][info][gc          ] Allocation Stall (Executor task launch worker for task 25.0 in stage 0.0 (TID 25)) 2.305ms
[189.790s][info][gc          ] Allocation Stall (Executor task launch worker for task 16.0 in stage 0.0 (TID 16)) 2.410ms
[189.790s][info][gc          ] Allocation Stall (Executor task launch worker for task 36.0 in stage 0.0 (TID 36)) 2.088ms
[189.790s][info][gc          ] Allocation Stall (Executor task launch worker for task 10.0 in stage 0.0 (TID 10)) 2.188ms
[189.790s][info][gc          ] Allocation Stall (Executor task launch worker for task 45.0 in stage 0.0 (TID 45)) 2.614ms
[189.791s][info][gc          ] Allocation Stall (Executor task launch worker for task 42.0 in stage 0.0 (TID 42)) 3.219ms
[189.791s][info][gc          ] Allocation Stall (Executor task launch worker for task 9.0 in stage 0.0 (TID 9)) 3.236ms
[189.791s][info][gc          ] Allocation Stall (Executor task launch worker for task 37.0 in stage 0.0 (TID 37)) 3.117ms
[189.791s][info][gc          ] Allocation Stall (Executor task launch worker for task 34.0 in stage 0.0 (TID 34)) 3.127ms
[189.791s][info][gc          ] Allocation Stall (Executor task launch worker for task 23.0 in stage 0.0 (TID 23)) 3.095ms
[189.791s][info][gc          ] Allocation Stall (Executor task launch worker for task 40.0 in stage 0.0 (TID 40)) 3.115ms
[189.791s][info][gc          ] Allocation Stall (Executor task launch worker for task 18.0 in stage 0.0 (TID 18)) 3.073ms
[189.791s][info][gc          ] Allocation Stall (Executor task launch worker for task 33.0 in stage 0.0 (TID 33)) 3.022ms
[189.791s][info][gc          ] Allocation Stall (Executor task launch worker for task 28.0 in stage 0.0 (TID 28)) 2.955ms
[189.791s][info][gc          ] Allocation Stall (Executor task launch worker for task 41.0 in stage 0.0 (TID 41)) 2.792ms
[189.791s][info][gc          ] Allocation Stall (Executor task launch worker for task 20.0 in stage 0.0 (TID 20)) 2.803ms
[189.791s][info][gc          ] Allocation Stall (Executor task launch worker for task 3.0 in stage 0.0 (TID 3)) 2.791ms
[189.791s][info][gc          ] Allocation Stall (Executor task launch worker for task 5.0 in stage 0.0 (TID 5)) 2.717ms
[189.791s][info][gc          ] Allocation Stall (Executor task launch worker for task 21.0 in stage 0.0 (TID 21)) 2.661ms
[189.791s][info][gc          ] Allocation Stall (Executor task launch worker for task 47.0 in stage 0.0 (TID 47)) 1.485ms
[189.791s][info][gc          ] Allocation Stall (Executor task launch worker for task 24.0 in stage 0.0 (TID 24)) 1.412ms
[189.791s][info][gc          ] Allocation Stall (Executor task launch worker for task 38.0 in stage 0.0 (TID 38)) 1.423ms
[189.791s][info][gc          ] Allocation Stall (Executor task launch worker for task 4.0 in stage 0.0 (TID 4)) 1.430ms
[189.791s][info][gc          ] Allocation Stall (Executor task launch worker for task 35.0 in stage 0.0 (TID 35)) 1.437ms
[189.791s][info][gc          ] Allocation Stall (Executor task launch worker for task 7.0 in stage 0.0 (TID 7)) 1.430ms
[189.792s][info][gc          ] Allocation Stall (Executor task launch worker for task 43.0 in stage 0.0 (TID 43)) 1.530ms
[189.792s][info][gc          ] Allocation Stall (Executor task launch worker for task 22.0 in stage 0.0 (TID 22)) 1.574ms
[189.792s][info][gc          ] Allocation Stall (Executor task launch worker for task 12.0 in stage 0.0 (TID 12)) 1.462ms
[189.792s][info][gc          ] Allocation Stall (Executor task launch worker for task 26.0 in stage 0.0 (TID 26)) 1.486ms
[189.792s][info][gc          ] Allocation Stall (Executor task launch worker for task 46.0 in stage 0.0 (TID 46)) 1.537ms
[189.792s][info][gc          ] Allocation Stall (Executor task launch worker for task 15.0 in stage 0.0 (TID 15)) 1.512ms
[189.792s][info][gc          ] Allocation Stall (Executor task launch worker for task 1.0 in stage 0.0 (TID 1)) 1.454ms
[189.792s][info][gc          ] Allocation Stall (Executor task launch worker for task 13.0 in stage 0.0 (TID 13)) 1.348ms
[189.792s][info][gc          ] Allocation Stall (Executor task launch worker for task 17.0 in stage 0.0 (TID 17)) 1.363ms
[189.796s][info][gc          ] Relocation Stall (Executor task launch worker for task 29.0 in stage 0.0 (TID 29)) 34.997ms
[189.796s][info][gc          ] Relocation Stall (Executor task launch worker for task 14.0 in stage 0.0 (TID 14)) 33.445ms
[189.796s][info][gc          ] Relocation Stall (Executor task launch worker for task 39.0 in stage 0.0 (TID 39)) 35.309ms
[189.796s][info][gc          ] Relocation Stall (Executor task launch worker for task 6.0 in stage 0.0 (TID 6)) 36.456ms
[189.796s][info][gc          ] Relocation Stall (Executor task launch worker for task 8.0 in stage 0.0 (TID 8)) 35.380ms
[189.796s][info][gc          ] Relocation Stall (Executor task launch worker for task 31.0 in stage 0.0 (TID 31)) 35.272ms
[189.796s][info][gc          ] Relocation Stall (Executor task launch worker for task 32.0 in stage 0.0 (TID 32)) 34.194ms
[189.796s][info][gc          ] Relocation Stall (Executor task launch worker for task 44.0 in stage 0.0 (TID 44)) 35.238ms
[189.796s][info][gc          ] Relocation Stall (Executor task launch worker for task 19.0 in stage 0.0 (TID 19)) 33.426ms
[189.796s][info][gc,phases   ] GC(129) Concurrent Relocate 36.587ms
[189.796s][info][gc          ] Relocation Stall (Executor task launch worker for task 30.0 in stage 0.0 (TID 30)) 35.923ms
[189.796s][info][gc,load     ] GC(129) Load: 0.00/0.00/0.00
[189.797s][info][gc,mmu      ] GC(129) MMU: 2ms/90.7%, 5ms/96.3%, 10ms/98.1%, 20ms/99.1%, 50ms/99.6%, 100ms/99.7%
[189.797s][info][gc,marking  ] GC(129) Mark: 4 stripe(s), 2 proactive flush(es), 1 terminate flush(es), 0 completion(s), 0 continuation(s) 
[189.797s][info][gc,marking  ] GC(129) Mark Stack Usage: 32M
[189.797s][info][gc,nmethod  ] GC(129) NMethods: 4664 registered, 253 unregistered
[189.797s][info][gc,metaspace] GC(129) Metaspace: 113M used, 116M committed, 1152M reserved
[189.797s][info][gc,ref      ] GC(129) Soft: 2808 encountered, 2259 discovered, 0 enqueued
[189.797s][info][gc,ref      ] GC(129) Weak: 13102 encountered, 3384 discovered, 2 enqueued
[189.797s][info][gc,ref      ] GC(129) Final: 40 encountered, 0 discovered, 0 enqueued
[189.797s][info][gc,ref      ] GC(129) Phantom: 750 encountered, 649 discovered, 0 enqueued
[189.797s][info][gc,reloc    ] GC(129) Small Pages: 86 / 172M, Empty: 50M, Relocated: 4M, In-Place: 0
[189.797s][info][gc,reloc    ] GC(129) Medium Pages: 3 / 48M, Empty: 0M, Relocated: 26M, In-Place: 1
[189.797s][info][gc,reloc    ] GC(129) Large Pages: 65 / 292M, Empty: 4M, Relocated: 0M, In-Place: 0
[189.797s][info][gc,reloc    ] GC(129) Forwarding Usage: 0M
[189.797s][info][gc,heap     ] GC(129) Min Capacity: 8M(2%)
[189.797s][info][gc,heap     ] GC(129) Max Capacity: 512M(100%)
[189.797s][info][gc,heap     ] GC(129) Soft Max Capacity: 512M(100%)
[189.797s][info][gc,heap     ] GC(129)                Mark Start          Mark End        Relocate Start      Relocate End           High               Low         
[189.797s][info][gc,heap     ] GC(129)  Capacity:      512M (100%)        512M (100%)        512M (100%)        512M (100%)        512M (100%)        512M (100%)   
[189.797s][info][gc,heap     ] GC(129)      Free:        0M (0%)            0M (0%)           40M (8%)           18M (4%)           54M (11%)           0M (0%)     
[189.797s][info][gc,heap     ] GC(129)      Used:      512M (100%)        512M (100%)        472M (92%)         494M (96%)         512M (100%)        458M (89%)    
[189.797s][info][gc,heap     ] GC(129)      Live:         -               377M (74%)         377M (74%)         377M (74%)            -                  -          
[189.797s][info][gc,heap     ] GC(129) Allocated:         -                 0M (0%)           14M (3%)           92M (18%)            -                  -          
[189.797s][info][gc,heap     ] GC(129)   Garbage:         -               134M (26%)          80M (16%)          23M (5%)             -                  -          
[189.797s][info][gc,heap     ] GC(129) Reclaimed:         -                  -                54M (11%)         110M (22%)            -                  -          
[189.797s][info][gc          ] GC(129) Garbage Collection (Allocation Stall) 512M(100%)->494M(96%)
[189.805s][info][gc          ] Allocation Stall (Executor task launch worker for task 14.0 in stage 0.0 (TID 14)) 0.004ms
[189.805s][info][gc,start    ] GC(130) Garbage Collection (Allocation Stall)
[189.805s][info][gc          ] Allocation Stall (Executor task launch worker for task 42.0 in stage 0.0 (TID 42)) 0.038ms
[189.805s][info][gc          ] Allocation Stall (Executor task launch worker for task 36.0 in stage 0.0 (TID 36)) 0.025ms
[189.805s][info][gc,ref      ] GC(130) Clearing All SoftReferences
[189.805s][info][gc,task     ] GC(130) Using 5 workers
[189.806s][info][gc,ref      ] GC(130) Clearing All SoftReferences
[189.806s][info][gc,phases   ] GC(130) Pause Mark Start 0.035ms
[189.850s][info][gc,phases   ] GC(130) Concurrent Mark 43.581ms
[189.850s][info][gc,phases   ] GC(130) Pause Mark End 0.013ms
[189.850s][info][gc,phases   ] GC(130) Concurrent Mark Free 0.001ms
[189.853s][info][gc,phases   ] GC(130) Concurrent Process Non-Strong References 2.754ms
[189.853s][info][gc,phases   ] GC(130) Concurrent Reset Relocation Set 0.006ms
[189.856s][info][gc          ] Allocation Stall (Executor task launch worker for task 39.0 in stage 0.0 (TID 39)) 49.093ms
[189.856s][info][gc          ] Allocation Stall (Executor task launch worker for task 43.0 in stage 0.0 (TID 43)) 49.130ms
[189.856s][info][gc          ] Allocation Stall (Executor task launch worker for task 38.0 in stage 0.0 (TID 38)) 49.198ms
[189.856s][info][gc          ] Allocation Stall (Executor task launch worker for task 25.0 in stage 0.0 (TID 25)) 44.001ms
[189.856s][info][gc          ] Allocation Stall (Executor task launch worker for task 10.0 in stage 0.0 (TID 10)) 46.578ms
[189.856s][info][gc          ] Allocation Stall (Executor task launch worker for task 46.0 in stage 0.0 (TID 46)) 49.442ms
[189.856s][info][gc          ] Allocation Stall (Executor task launch worker for task 2.0 in stage 0.0 (TID 2)) 43.722ms
[189.856s][info][gc          ] Allocation Stall (Executor task launch worker for task 22.0 in stage 0.0 (TID 22)) 49.289ms
[189.856s][info][gc          ] Allocation Stall (Executor task launch worker for task 13.0 in stage 0.0 (TID 13)) 49.472ms
[189.856s][info][gc          ] Allocation Stall (Executor task launch worker for task 1.0 in stage 0.0 (TID 1)) 44.076ms
[189.856s][info][gc          ] Allocation Stall (Executor task launch worker for task 19.0 in stage 0.0 (TID 19)) 44.041ms
[189.856s][info][gc          ] Allocation Stall (Executor task launch worker for task 30.0 in stage 0.0 (TID 30)) 45.545ms
[189.856s][info][gc          ] Allocation Stall (Executor task launch worker for task 20.0 in stage 0.0 (TID 20)) 49.754ms
[189.856s][info][gc          ] Allocation Stall (Executor task launch worker for task 47.0 in stage 0.0 (TID 47)) 45.212ms
[189.856s][info][gc          ] Allocation Stall (Executor task launch worker for task 16.0 in stage 0.0 (TID 16)) 43.994ms
[189.856s][info][gc          ] Allocation Stall (Executor task launch worker for task 21.0 in stage 0.0 (TID 21)) 43.709ms
[189.856s][info][gc          ] Allocation Stall (Executor task launch worker for task 29.0 in stage 0.0 (TID 29)) 49.752ms
[189.856s][info][gc          ] Allocation Stall (Executor task launch worker for task 33.0 in stage 0.0 (TID 33)) 44.501ms
[189.856s][info][gc          ] Allocation Stall (Executor task launch worker for task 31.0 in stage 0.0 (TID 31)) 43.579ms
[189.856s][info][gc          ] Allocation Stall (Executor task launch worker for task 8.0 in stage 0.0 (TID 8)) 43.525ms
[189.856s][info][gc,phases   ] GC(130) Concurrent Select Relocation Set 3.284ms
[189.856s][info][gc          ] Allocation Stall (Executor task launch worker for task 9.0 in stage 0.0 (TID 9)) 43.536ms
[189.856s][info][gc          ] Allocation Stall (Executor task launch worker for task 3.0 in stage 0.0 (TID 3)) 43.497ms
[189.857s][info][gc          ] Allocation Stall (Executor task launch worker for task 44.0 in stage 0.0 (TID 44)) 43.523ms
[189.857s][info][gc          ] Allocation Stall (Executor task launch worker for task 0.0 in stage 0.0 (TID 0)) 43.517ms
[189.857s][info][gc          ] Allocation Stall (Executor task launch worker for task 45.0 in stage 0.0 (TID 45)) 43.472ms
[189.857s][info][gc          ] Allocation Stall (Executor task launch worker for task 11.0 in stage 0.0 (TID 11)) 43.554ms
[189.857s][info][gc          ] Allocation Stall (Executor task launch worker for task 28.0 in stage 0.0 (TID 28)) 43.540ms
[189.857s][info][gc          ] Allocation Stall (Executor task launch worker for task 36.0 in stage 0.0 (TID 36)) 43.562ms
[189.857s][info][gc          ] Allocation Stall (Executor task launch worker for task 18.0 in stage 0.0 (TID 18)) 43.542ms
[189.857s][info][gc          ] Allocation Stall (Executor task launch worker for task 23.0 in stage 0.0 (TID 23)) 43.547ms
[189.857s][info][gc          ] Allocation Stall (Executor task launch worker for task 41.0 in stage 0.0 (TID 41)) 43.586ms
[189.857s][info][gc          ] Allocation Stall (Executor task launch worker for task 35.0 in stage 0.0 (TID 35)) 43.479ms
[189.857s][info][gc          ] Allocation Stall (Executor task launch worker for task 4.0 in stage 0.0 (TID 4)) 43.465ms
[189.857s][info][gc          ] Allocation Stall (Executor task launch worker for task 34.0 in stage 0.0 (TID 34)) 43.513ms
[189.866s][info][gc,phases   ] GC(130) Pause Relocate Start 0.006ms
[189.866s][info][gc          ] Allocation Stall (Executor task launch worker for task 24.0 in stage 0.0 (TID 24)) 52.124ms
[189.866s][info][gc          ] Allocation Stall (Executor task launch worker for task 42.0 in stage 0.0 (TID 42)) 52.082ms
[189.866s][info][gc          ] Allocation Stall (Executor task launch worker for task 7.0 in stage 0.0 (TID 7)) 52.026ms
[189.866s][info][gc          ] Allocation Stall (Executor task launch worker for task 14.0 in stage 0.0 (TID 14)) 52.044ms
[189.866s][info][gc          ] Allocation Stall (Executor task launch worker for task 6.0 in stage 0.0 (TID 6)) 52.031ms
[189.866s][info][gc          ] Allocation Stall (Executor task launch worker for task 17.0 in stage 0.0 (TID 17)) 52.040ms
[189.866s][info][gc          ] Allocation Stall (Executor task launch worker for task 15.0 in stage 0.0 (TID 15)) 52.030ms
[189.866s][info][gc          ] Allocation Stall (Executor task launch worker for task 32.0 in stage 0.0 (TID 32)) 52.069ms
[189.866s][info][gc          ] Allocation Stall (Executor task launch worker for task 12.0 in stage 0.0 (TID 12)) 52.017ms
[189.866s][info][gc          ] Allocation Stall (Executor task launch worker for task 26.0 in stage 0.0 (TID 26)) 52.027ms
[189.866s][info][gc          ] Allocation Stall (Executor task launch worker for task 27.0 in stage 0.0 (TID 27)) 52.068ms
[189.866s][info][gc          ] Allocation Stall (Executor task launch worker for task 40.0 in stage 0.0 (TID 40)) 52.051ms
[189.866s][info][gc          ] Allocation Stall (Executor task launch worker for task 37.0 in stage 0.0 (TID 37)) 52.075ms
[189.866s][info][gc          ] Allocation Stall (Executor task launch worker for task 5.0 in stage 0.0 (TID 5)) 52.111ms
[189.866s][info][gc          ] Allocation Stall (Executor task launch worker for task 39.0 in stage 0.0 (TID 39)) 9.370ms
[189.866s][info][gc          ] Relocation Stall (Executor task launch worker for task 22.0 in stage 0.0 (TID 22)) 0.402ms
[189.882s][info][gc          ] Allocation Stall (Executor task launch worker for task 41.0 in stage 0.0 (TID 41)) 6.330ms
[189.882s][info][gc          ] Allocation Stall (Executor task launch worker for task 40.0 in stage 0.0 (TID 40)) 6.423ms
[189.882s][info][gc          ] Allocation Stall (Executor task launch worker for task 17.0 in stage 0.0 (TID 17)) 6.334ms
[189.882s][info][gc          ] Allocation Stall (Executor task launch worker for task 46.0 in stage 0.0 (TID 46)) 6.485ms
[189.882s][info][gc          ] Allocation Stall (Executor task launch worker for task 38.0 in stage 0.0 (TID 38)) 6.445ms
[189.882s][info][gc          ] Allocation Stall (Executor task launch worker for task 36.0 in stage 0.0 (TID 36)) 6.368ms
[189.882s][info][gc          ] Allocation Stall (Executor task launch worker for task 42.0 in stage 0.0 (TID 42)) 6.419ms
[189.882s][info][gc          ] Allocation Stall (Executor task launch worker for task 37.0 in stage 0.0 (TID 37)) 6.314ms
[189.882s][info][gc,phases   ] GC(130) Concurrent Relocate 15.682ms
[189.882s][info][gc          ] Allocation Stall (Executor task launch worker for task 35.0 in stage 0.0 (TID 35)) 6.406ms
[189.882s][info][gc,load     ] GC(130) Load: 0.00/0.00/0.00
[189.882s][info][gc          ] Allocation Stall (Executor task launch worker for task 5.0 in stage 0.0 (TID 5)) 6.486ms
[189.882s][info][gc,mmu      ] GC(130) MMU: 2ms/90.7%, 5ms/96.3%, 10ms/98.1%, 20ms/99.1%, 50ms/99.6%, 100ms/99.7%
[189.882s][info][gc          ] Allocation Stall (Executor task launch worker for task 31.0 in stage 0.0 (TID 31)) 6.530ms
[189.882s][info][gc,marking  ] GC(130) Mark: 4 stripe(s), 2 proactive flush(es), 1 terminate flush(es), 0 completion(s), 0 continuation(s) 
[189.882s][info][gc          ] Allocation Stall (Executor task launch worker for task 7.0 in stage 0.0 (TID 7)) 6.546ms
[189.882s][info][gc,marking  ] GC(130) Mark Stack Usage: 32M
[189.882s][info][gc          ] Allocation Stall (Executor task launch worker for task 13.0 in stage 0.0 (TID 13)) 6.453ms
[189.882s][info][gc,nmethod  ] GC(130) NMethods: 4664 registered, 253 unregistered
[189.882s][info][gc          ] Allocation Stall (Executor task launch worker for task 6.0 in stage 0.0 (TID 6)) 6.252ms
[189.882s][info][gc,metaspace] GC(130) Metaspace: 113M used, 116M committed, 1152M reserved
[189.882s][info][gc          ] Allocation Stall (Executor task launch worker for task 3.0 in stage 0.0 (TID 3)) 6.263ms
[189.882s][info][gc,ref      ] GC(130) Soft: 2808 encountered, 1378 discovered, 0 enqueued
[189.882s][info][gc,ref      ] GC(130) Weak: 13101 encountered, 5226 discovered, 0 enqueued
[189.882s][info][gc,ref      ] GC(130) Final: 40 encountered, 0 discovered, 0 enqueued
[189.882s][info][gc,ref      ] GC(130) Phantom: 750 encountered, 464 discovered, 0 enqueued
[189.882s][info][gc,reloc    ] GC(130) Small Pages: 83 / 166M, Empty: 50M, Relocated: 2M, In-Place: 4
[189.882s][info][gc,reloc    ] GC(130) Medium Pages: 3 / 48M, Empty: 0M, Relocated: 11M, In-Place: 1
[189.882s][info][gc,reloc    ] GC(130) Large Pages: 64 / 288M, Empty: 0M, Relocated: 0M, In-Place: 0
[189.882s][info][gc,reloc    ] GC(130) Forwarding Usage: 0M
[189.882s][info][gc,heap     ] GC(130) Min Capacity: 8M(2%)
[189.882s][info][gc,heap     ] GC(130) Max Capacity: 512M(100%)
[189.882s][info][gc,heap     ] GC(130) Soft Max Capacity: 512M(100%)
[189.882s][info][gc,heap     ] GC(130)                Mark Start          Mark End        Relocate Start      Relocate End           High               Low         
[189.883s][info][gc,heap     ] GC(130)  Capacity:      512M (100%)        512M (100%)        512M (100%)        512M (100%)        512M (100%)        512M (100%)   
[189.883s][info][gc,heap     ] GC(130)      Free:       10M (2%)            0M (0%)            0M (0%)            0M (0%)           50M (10%)           0M (0%)     
[189.883s][info][gc,heap     ] GC(130)      Used:      502M (98%)         512M (100%)        512M (100%)        512M (100%)        512M (100%)        462M (90%)    
[189.883s][info][gc,heap     ] GC(130)      Live:         -               377M (74%)         377M (74%)         377M (74%)            -                  -          
[189.883s][info][gc,heap     ] GC(130) Allocated:         -                10M (2%)           60M (12%)         106M (21%)            -                  -          
[189.883s][info][gc,heap     ] GC(130)   Garbage:         -               124M (24%)          74M (14%)          27M (5%)             -                  -          
[189.883s][info][gc,heap     ] GC(130) Reclaimed:         -                  -                50M (10%)          96M (19%)            -                  -          
[189.883s][info][gc          ] GC(130) Garbage Collection (Allocation Stall) 502M(98%)->512M(100%)
[189.883s][info][gc          ] Allocation Stall (Executor task launch worker for task 45.0 in stage 0.0 (TID 45)) 6.571ms
[189.883s][info][gc          ] Allocation Stall (Executor task launch worker for task 23.0 in stage 0.0 (TID 23)) 6.545ms
[189.883s][info][gc          ] Allocation Stall (Executor task launch worker for task 2.0 in stage 0.0 (TID 2)) 6.430ms
[189.883s][info][gc          ] Allocation Stall (Executor task launch worker for task 15.0 in stage 0.0 (TID 15)) 6.422ms
[189.883s][info][gc          ] Allocation Stall (Executor task launch worker for task 34.0 in stage 0.0 (TID 34)) 6.415ms
[189.883s][info][gc          ] Allocation Stall (Executor task launch worker for task 27.0 in stage 0.0 (TID 27)) 6.409ms
[189.883s][info][gc          ] Allocation Stall (Executor task launch worker for task 44.0 in stage 0.0 (TID 44)) 6.289ms
[189.883s][info][gc          ] Allocation Stall (Executor task launch worker for task 26.0 in stage 0.0 (TID 26)) 6.311ms
[189.883s][info][gc          ] Allocation Stall (Executor task launch worker for task 20.0 in stage 0.0 (TID 20)) 6.295ms
[189.883s][info][gc          ] Allocation Stall (Executor task launch worker for task 8.0 in stage 0.0 (TID 8)) 6.258ms
[189.883s][info][gc          ] Allocation Stall (Executor task launch worker for task 22.0 in stage 0.0 (TID 22)) 6.155ms
[189.883s][info][gc          ] Allocation Stall (Executor task launch worker for task 19.0 in stage 0.0 (TID 19)) 6.002ms
[189.883s][info][gc          ] Allocation Stall (Executor task launch worker for task 30.0 in stage 0.0 (TID 30)) 5.440ms
[189.883s][info][gc          ] Allocation Stall (Executor task launch worker for task 33.0 in stage 0.0 (TID 33)) 5.321ms
[189.883s][info][gc          ] Allocation Stall (Executor task launch worker for task 24.0 in stage 0.0 (TID 24)) 5.164ms
[189.883s][info][gc          ] Allocation Stall (Executor task launch worker for task 43.0 in stage 0.0 (TID 43)) 5.189ms
[189.883s][info][gc          ] Allocation Stall (Executor task launch worker for task 9.0 in stage 0.0 (TID 9)) 5.180ms
[189.883s][info][gc          ] Allocation Stall (Executor task launch worker for task 28.0 in stage 0.0 (TID 28)) 5.216ms
[189.883s][info][gc          ] Allocation Stall (Executor task launch worker for task 16.0 in stage 0.0 (TID 16)) 5.182ms
[189.884s][info][gc          ] Allocation Stall (Executor task launch worker for task 14.0 in stage 0.0 (TID 14)) 5.177ms
[189.884s][info][gc          ] Allocation Stall (Executor task launch worker for task 25.0 in stage 0.0 (TID 25)) 5.161ms
[189.884s][info][gc          ] Allocation Stall (Executor task launch worker for task 11.0 in stage 0.0 (TID 11)) 5.156ms
[189.884s][info][gc          ] Allocation Stall (Executor task launch worker for task 18.0 in stage 0.0 (TID 18)) 5.079ms
[189.884s][info][gc          ] Allocation Stall (Executor task launch worker for task 21.0 in stage 0.0 (TID 21)) 5.096ms
[189.884s][info][gc          ] Allocation Stall (Executor task launch worker for task 32.0 in stage 0.0 (TID 32)) 5.115ms
[189.884s][info][gc          ] Allocation Stall (Executor task launch worker for task 0.0 in stage 0.0 (TID 0)) 5.110ms
[189.884s][info][gc          ] Allocation Stall (Executor task launch worker for task 10.0 in stage 0.0 (TID 10)) 5.061ms
[189.884s][info][gc          ] Allocation Stall (Executor task launch worker for task 4.0 in stage 0.0 (TID 4)) 5.088ms
[189.884s][info][gc          ] Allocation Stall (Executor task launch worker for task 29.0 in stage 0.0 (TID 29)) 5.153ms
[189.884s][info][gc          ] Allocation Stall (Executor task launch worker for task 39.0 in stage 0.0 (TID 39)) 5.207ms
[189.884s][info][gc          ] Allocation Stall (Executor task launch worker for task 1.0 in stage 0.0 (TID 1)) 5.241ms
[189.884s][info][gc          ] Allocation Stall (Executor task launch worker for task 12.0 in stage 0.0 (TID 12)) 4.771ms
[189.884s][info][gc          ] Allocation Stall (Executor task launch worker for task 47.0 in stage 0.0 (TID 47)) 4.531ms
[189.889s][info][gc,start    ] GC(131) Garbage Collection (Allocation Stall)
[189.889s][info][gc,ref      ] GC(131) Clearing All SoftReferences
[189.889s][info][gc,task     ] GC(131) Using 5 workers
[189.889s][info][gc,ref      ] GC(131) Clearing All SoftReferences
[189.889s][info][gc,phases   ] GC(131) Pause Mark Start 0.040ms
[189.928s][info][gc,phases   ] GC(131) Concurrent Mark 38.611ms
[189.928s][info][gc,phases   ] GC(131) Pause Mark End 0.013ms
[189.928s][info][gc,phases   ] GC(131) Concurrent Mark Free 0.001ms
[189.931s][info][gc,phases   ] GC(131) Concurrent Process Non-Strong References 2.720ms
[189.931s][info][gc,phases   ] GC(131) Concurrent Reset Relocation Set 0.006ms
[189.935s][info][gc          ] Allocation Stall (Executor task launch worker for task 5.0 in stage 0.0 (TID 5)) 45.035ms
[189.935s][info][gc          ] Allocation Stall (Executor task launch worker for task 38.0 in stage 0.0 (TID 38)) 45.036ms
[189.935s][info][gc          ] Allocation Stall (Executor task launch worker for task 16.0 in stage 0.0 (TID 16)) 45.133ms
[189.935s][info][gc          ] Allocation Stall (Executor task launch worker for task 36.0 in stage 0.0 (TID 36)) 45.055ms
[189.935s][info][gc          ] Allocation Stall (Executor task launch worker for task 46.0 in stage 0.0 (TID 46)) 45.169ms
[189.935s][info][gc          ] Allocation Stall (Executor task launch worker for task 14.0 in stage 0.0 (TID 14)) 45.032ms
[189.935s][info][gc          ] Allocation Stall (Executor task launch worker for task 11.0 in stage 0.0 (TID 11)) 45.059ms
[189.935s][info][gc          ] Allocation Stall (Executor task launch worker for task 41.0 in stage 0.0 (TID 41)) 45.157ms
[189.935s][info][gc          ] Allocation Stall (Executor task launch worker for task 23.0 in stage 0.0 (TID 23)) 45.050ms
[189.935s][info][gc          ] Allocation Stall (Executor task launch worker for task 17.0 in stage 0.0 (TID 17)) 45.069ms
[189.935s][info][gc          ] Allocation Stall (Executor task launch worker for task 44.0 in stage 0.0 (TID 44)) 45.076ms
[189.935s][info][gc          ] Allocation Stall (Executor task launch worker for task 31.0 in stage 0.0 (TID 31)) 45.131ms
[189.935s][info][gc          ] Allocation Stall (Executor task launch worker for task 19.0 in stage 0.0 (TID 19)) 45.066ms
[189.935s][info][gc          ] Allocation Stall (Executor task launch worker for task 45.0 in stage 0.0 (TID 45)) 45.049ms
[189.935s][info][gc          ] Allocation Stall (Executor task launch worker for task 0.0 in stage 0.0 (TID 0)) 45.092ms
[189.935s][info][gc          ] Allocation Stall (Executor task launch worker for task 34.0 in stage 0.0 (TID 34)) 45.085ms
[189.935s][info][gc          ] Allocation Stall (Executor task launch worker for task 47.0 in stage 0.0 (TID 47)) 45.187ms
[189.935s][info][gc          ] Allocation Stall (Executor task launch worker for task 40.0 in stage 0.0 (TID 40)) 45.056ms
[189.935s][info][gc          ] Allocation Stall (Executor task launch worker for task 21.0 in stage 0.0 (TID 21)) 45.145ms
[189.935s][info][gc          ] Allocation Stall (Executor task launch worker for task 13.0 in stage 0.0 (TID 13)) 45.121ms
[189.935s][info][gc          ] Allocation Stall (Executor task launch worker for task 25.0 in stage 0.0 (TID 25)) 45.061ms
[189.935s][info][gc          ] Allocation Stall (Executor task launch worker for task 15.0 in stage 0.0 (TID 15)) 45.723ms
[189.935s][info][gc          ] Allocation Stall (Executor task launch worker for task 7.0 in stage 0.0 (TID 7)) 45.146ms
[189.935s][info][gc          ] Allocation Stall (Executor task launch worker for task 4.0 in stage 0.0 (TID 4)) 45.110ms
[189.935s][info][gc          ] Allocation Stall (Executor task launch worker for task 39.0 in stage 0.0 (TID 39)) 45.229ms
[189.935s][info][gc          ] Allocation Stall (Executor task launch worker for task 6.0 in stage 0.0 (TID 6)) 45.156ms
[189.935s][info][gc          ] Allocation Stall (Executor task launch worker for task 26.0 in stage 0.0 (TID 26)) 45.154ms
[189.935s][info][gc          ] Allocation Stall (Executor task launch worker for task 1.0 in stage 0.0 (TID 1)) 45.108ms
[189.935s][info][gc          ] Allocation Stall (Executor task launch worker for task 28.0 in stage 0.0 (TID 28)) 45.176ms
[189.935s][info][gc,phases   ] GC(131) Concurrent Select Relocation Set 3.613ms
[189.935s][info][gc          ] Allocation Stall (Executor task launch worker for task 9.0 in stage 0.0 (TID 9)) 45.203ms
[189.935s][info][gc          ] Allocation Stall (Executor task launch worker for task 30.0 in stage 0.0 (TID 30)) 45.229ms
[189.935s][info][gc          ] Allocation Stall (Executor task launch worker for task 35.0 in stage 0.0 (TID 35)) 45.307ms
[189.935s][info][gc          ] Allocation Stall (Executor task launch worker for task 3.0 in stage 0.0 (TID 3)) 45.339ms
[189.935s][info][gc          ] Allocation Stall (Executor task launch worker for task 27.0 in stage 0.0 (TID 27)) 45.393ms
[189.935s][info][gc          ] Allocation Stall (Executor task launch worker for task 18.0 in stage 0.0 (TID 18)) 45.514ms
[189.935s][info][gc          ] Allocation Stall (Executor task launch worker for task 20.0 in stage 0.0 (TID 20)) 45.574ms
[189.935s][info][gc          ] Allocation Stall (Executor task launch worker for task 37.0 in stage 0.0 (TID 37)) 45.655ms
[189.935s][info][gc          ] Allocation Stall (Executor task launch worker for task 8.0 in stage 0.0 (TID 8)) 45.735ms
[189.936s][info][gc          ] Allocation Stall (Executor task launch worker for task 12.0 in stage 0.0 (TID 12)) 45.806ms
[189.936s][info][gc          ] Allocation Stall (Executor task launch worker for task 10.0 in stage 0.0 (TID 10)) 45.837ms
[189.936s][info][gc          ] Allocation Stall (Executor task launch worker for task 22.0 in stage 0.0 (TID 22)) 45.874ms
[189.936s][info][gc          ] Allocation Stall (Executor task launch worker for task 2.0 in stage 0.0 (TID 2)) 45.965ms
[189.936s][info][gc          ] Allocation Stall (Executor task launch worker for task 43.0 in stage 0.0 (TID 43)) 46.007ms
[189.936s][info][gc          ] Allocation Stall (Executor task launch worker for task 32.0 in stage 0.0 (TID 32)) 46.159ms
[189.936s][info][gc          ] Allocation Stall (Executor task launch worker for task 33.0 in stage 0.0 (TID 33)) 46.219ms
[189.936s][info][gc          ] Allocation Stall (Executor task launch worker for task 24.0 in stage 0.0 (TID 24)) 46.283ms
[189.936s][info][gc          ] Allocation Stall (Executor task launch worker for task 29.0 in stage 0.0 (TID 29)) 46.300ms
[189.936s][info][gc          ] Allocation Stall (Executor task launch worker for task 42.0 in stage 0.0 (TID 42)) 46.326ms
[189.936s][info][gc          ] Allocation Stall (Executor task launch worker for task 5.0 in stage 0.0 (TID 5)) 0.537ms
[189.937s][info][gc,phases   ] GC(131) Pause Relocate Start 0.007ms
[189.945s][info][gc          ] Allocation Stall (Executor task launch worker for task 28.0 in stage 0.0 (TID 28)) 2.139ms
[189.945s][info][gc,phases   ] GC(131) Concurrent Relocate 7.128ms
[189.945s][info][gc,load     ] GC(131) Load: 0.00/0.00/0.00
[189.945s][info][gc,mmu      ] GC(131) MMU: 2ms/90.7%, 5ms/96.3%, 10ms/98.1%, 20ms/99.1%, 50ms/99.6%, 100ms/99.7%
[189.945s][info][gc,marking  ] GC(131) Mark: 4 stripe(s), 2 proactive flush(es), 1 terminate flush(es), 0 completion(s), 0 continuation(s) 
[189.945s][info][gc,marking  ] GC(131) Mark Stack Usage: 32M
[189.945s][info][gc,nmethod  ] GC(131) NMethods: 4666 registered, 253 unregistered
[189.945s][info][gc,metaspace] GC(131) Metaspace: 113M used, 116M committed, 1152M reserved
[189.945s][info][gc,ref      ] GC(131) Soft: 2808 encountered, 2232 discovered, 0 enqueued
[189.945s][info][gc,ref      ] GC(131) Weak: 13101 encountered, 4147 discovered, 2 enqueued
[189.945s][info][gc,ref      ] GC(131) Final: 40 encountered, 1 discovered, 0 enqueued
[189.945s][info][gc,ref      ] GC(131) Phantom: 750 encountered, 638 discovered, 0 enqueued
[189.945s][info][gc,reloc    ] GC(131) Small Pages: 88 / 176M, Empty: 54M, Relocated: 2M, In-Place: 0
[189.945s][info][gc,reloc    ] GC(131) Medium Pages: 3 / 48M, Empty: 0M, Relocated: 0M, In-Place: 0
[189.945s][info][gc,reloc    ] GC(131) Large Pages: 64 / 288M, Empty: 0M, Relocated: 0M, In-Place: 0
[189.945s][info][gc,reloc    ] GC(131) Forwarding Usage: 0M
[189.945s][info][gc,heap     ] GC(131) Min Capacity: 8M(2%)
[189.945s][info][gc,heap     ] GC(131) Max Capacity: 512M(100%)
[189.945s][info][gc,heap     ] GC(131) Soft Max Capacity: 512M(100%)
[189.945s][info][gc,heap     ] GC(131)                Mark Start          Mark End        Relocate Start      Relocate End           High               Low         
[189.946s][info][gc,heap     ] GC(131)  Capacity:      512M (100%)        512M (100%)        512M (100%)        512M (100%)        512M (100%)        512M (100%)   
[189.946s][info][gc,heap     ] GC(131)      Free:        0M (0%)            0M (0%)           38M (7%)            0M (0%)           66M (13%)           0M (0%)     
[189.946s][info][gc,heap     ] GC(131)      Used:      512M (100%)        512M (100%)        474M (93%)         512M (100%)        512M (100%)        446M (87%)    
[189.946s][info][gc,heap     ] GC(131)      Live:         -               381M (74%)         381M (74%)         381M (74%)            -                  -          
[189.946s][info][gc,heap     ] GC(131) Allocated:         -                 0M (0%)           16M (3%)           93M (18%)            -                  -          
[189.946s][info][gc,heap     ] GC(131)   Garbage:         -               130M (26%)          76M (15%)          37M (7%)             -                  -          
[189.946s][info][gc,heap     ] GC(131) Reclaimed:         -                  -                54M (11%)          93M (18%)            -                  -          
[189.946s][info][gc          ] GC(131) Garbage Collection (Allocation Stall) 512M(100%)->512M(100%)
[189.946s][info][gc,start    ] GC(132) Garbage Collection (Allocation Stall)
[189.946s][info][gc,ref      ] GC(132) Clearing All SoftReferences
[189.946s][info][gc,task     ] GC(132) Using 5 workers
[189.946s][info][gc,ref      ] GC(132) Clearing All SoftReferences
[189.946s][info][gc,phases   ] GC(132) Pause Mark Start 0.051ms
[189.947s][info][gc          ] Allocation Stall (Executor task launch worker for task 25.0 in stage 0.0 (TID 25)) 3.452ms
[189.947s][info][gc          ] Allocation Stall (Executor task launch worker for task 34.0 in stage 0.0 (TID 34)) 3.844ms
[189.947s][info][gc          ] Allocation Stall (Executor task launch worker for task 38.0 in stage 0.0 (TID 38)) 3.881ms
[189.947s][info][gc          ] Allocation Stall (Executor task launch worker for task 44.0 in stage 0.0 (TID 44)) 3.761ms
[189.947s][info][gc          ] Allocation Stall (Executor task launch worker for task 47.0 in stage 0.0 (TID 47)) 3.601ms
[189.947s][info][gc          ] Allocation Stall (Executor task launch worker for task 45.0 in stage 0.0 (TID 45)) 3.827ms
[189.947s][info][gc          ] Allocation Stall (Executor task launch worker for task 43.0 in stage 0.0 (TID 43)) 3.385ms
[189.947s][info][gc          ] Allocation Stall (Executor task launch worker for task 42.0 in stage 0.0 (TID 42)) 3.734ms
[189.947s][info][gc          ] Allocation Stall (Executor task launch worker for task 41.0 in stage 0.0 (TID 41)) 3.536ms
[189.947s][info][gc          ] Allocation Stall (Executor task launch worker for task 0.0 in stage 0.0 (TID 0)) 3.578ms
[189.947s][info][gc          ] Allocation Stall (Executor task launch worker for task 23.0 in stage 0.0 (TID 23)) 3.628ms
[189.947s][info][gc          ] Allocation Stall (Executor task launch worker for task 36.0 in stage 0.0 (TID 36)) 3.521ms
[189.947s][info][gc          ] Allocation Stall (Executor task launch worker for task 27.0 in stage 0.0 (TID 27)) 3.515ms
[189.947s][info][gc          ] Allocation Stall (Executor task launch worker for task 11.0 in stage 0.0 (TID 11)) 3.344ms
[189.947s][info][gc          ] Allocation Stall (Executor task launch worker for task 5.0 in stage 0.0 (TID 5)) 3.332ms
[189.947s][info][gc          ] Allocation Stall (Executor task launch worker for task 9.0 in stage 0.0 (TID 9)) 3.110ms
[189.947s][info][gc          ] Allocation Stall (Executor task launch worker for task 21.0 in stage 0.0 (TID 21)) 3.075ms
[189.948s][info][gc          ] Allocation Stall (Executor task launch worker for task 46.0 in stage 0.0 (TID 46)) 2.943ms
[189.948s][info][gc          ] Allocation Stall (Executor task launch worker for task 7.0 in stage 0.0 (TID 7)) 2.833ms
[189.948s][info][gc          ] Allocation Stall (Executor task launch worker for task 12.0 in stage 0.0 (TID 12)) 2.884ms
[189.948s][info][gc          ] Allocation Stall (Executor task launch worker for task 4.0 in stage 0.0 (TID 4)) 2.928ms
[189.948s][info][gc          ] Allocation Stall (Executor task launch worker for task 39.0 in stage 0.0 (TID 39)) 2.710ms
[189.948s][info][gc          ] Allocation Stall (Executor task launch worker for task 31.0 in stage 0.0 (TID 31)) 2.731ms
[189.948s][info][gc          ] Allocation Stall (Executor task launch worker for task 28.0 in stage 0.0 (TID 28)) 2.666ms
[189.948s][info][gc          ] Allocation Stall (Executor task launch worker for task 10.0 in stage 0.0 (TID 10)) 2.609ms
[189.948s][info][gc          ] Allocation Stall (Executor task launch worker for task 14.0 in stage 0.0 (TID 14)) 2.677ms
[189.948s][info][gc          ] Allocation Stall (Executor task launch worker for task 6.0 in stage 0.0 (TID 6)) 2.709ms
[189.948s][info][gc          ] Allocation Stall (Executor task launch worker for task 16.0 in stage 0.0 (TID 16)) 2.769ms
[189.948s][info][gc          ] Allocation Stall (Executor task launch worker for task 3.0 in stage 0.0 (TID 3)) 2.791ms
[189.948s][info][gc          ] Allocation Stall (Executor task launch worker for task 37.0 in stage 0.0 (TID 37)) 2.834ms
[189.948s][info][gc          ] Allocation Stall (Executor task launch worker for task 35.0 in stage 0.0 (TID 35)) 2.870ms
[189.948s][info][gc          ] Allocation Stall (Executor task launch worker for task 19.0 in stage 0.0 (TID 19)) 2.887ms
[189.948s][info][gc          ] Allocation Stall (Executor task launch worker for task 29.0 in stage 0.0 (TID 29)) 2.970ms
[189.949s][info][gc          ] Allocation Stall (Executor task launch worker for task 24.0 in stage 0.0 (TID 24)) 2.966ms
[189.949s][info][gc          ] Allocation Stall (Executor task launch worker for task 40.0 in stage 0.0 (TID 40)) 2.796ms
[189.949s][info][gc          ] Allocation Stall (Executor task launch worker for task 26.0 in stage 0.0 (TID 26)) 2.829ms
[189.949s][info][gc          ] Allocation Stall (Executor task launch worker for task 2.0 in stage 0.0 (TID 2)) 2.829ms
[189.949s][info][gc          ] Allocation Stall (Executor task launch worker for task 30.0 in stage 0.0 (TID 30)) 2.326ms
[189.949s][info][gc          ] Allocation Stall (Executor task launch worker for task 32.0 in stage 0.0 (TID 32)) 2.412ms
[189.949s][info][gc          ] Allocation Stall (Executor task launch worker for task 1.0 in stage 0.0 (TID 1)) 2.436ms
[189.949s][info][gc          ] Allocation Stall (Executor task launch worker for task 20.0 in stage 0.0 (TID 20)) 2.514ms
[189.949s][info][gc          ] Allocation Stall (Executor task launch worker for task 8.0 in stage 0.0 (TID 8)) 2.530ms
[189.949s][info][gc          ] Allocation Stall (Executor task launch worker for task 18.0 in stage 0.0 (TID 18)) 2.717ms
[189.949s][info][gc          ] Allocation Stall (Executor task launch worker for task 33.0 in stage 0.0 (TID 33)) 2.720ms
[189.949s][info][gc          ] Allocation Stall (Executor task launch worker for task 22.0 in stage 0.0 (TID 22)) 2.828ms
[189.950s][info][gc          ] Allocation Stall (Executor task launch worker for task 17.0 in stage 0.0 (TID 17)) 3.093ms
[189.991s][info][gc,phases   ] GC(132) Concurrent Mark 44.134ms
[189.991s][info][gc,phases   ] GC(132) Pause Mark End 0.019ms
[189.991s][info][gc,phases   ] GC(132) Concurrent Mark Free 0.001ms
[189.993s][info][gc,phases   ] GC(132) Concurrent Process Non-Strong References 2.438ms
[189.993s][info][gc,phases   ] GC(132) Concurrent Reset Relocation Set 0.006ms
[189.997s][info][gc          ] Allocation Stall (Executor task launch worker for task 17.0 in stage 0.0 (TID 17)) 42.440ms
[189.997s][info][gc          ] Allocation Stall (Executor task launch worker for task 46.0 in stage 0.0 (TID 46)) 48.908ms
[189.997s][info][gc          ] Allocation Stall (Executor task launch worker for task 43.0 in stage 0.0 (TID 43)) 38.747ms
[189.997s][info][gc          ] Allocation Stall (Executor task launch worker for task 10.0 in stage 0.0 (TID 10)) 39.035ms
[189.997s][info][gc          ] Allocation Stall (Executor task launch worker for task 31.0 in stage 0.0 (TID 31)) 38.630ms
[189.997s][info][gc,phases   ] GC(132) Concurrent Select Relocation Set 3.550ms
[189.997s][info][gc          ] Allocation Stall (Executor task launch worker for task 9.0 in stage 0.0 (TID 9)) 38.763ms
[189.997s][info][gc          ] Allocation Stall (Executor task launch worker for task 42.0 in stage 0.0 (TID 42)) 38.821ms
[189.997s][info][gc,phases   ] GC(132) Pause Relocate Start 0.006ms
[189.998s][info][gc          ] Allocation Stall (Executor task launch worker for task 45.0 in stage 0.0 (TID 45)) 39.215ms
[189.998s][info][gc          ] Allocation Stall (Executor task launch worker for task 34.0 in stage 0.0 (TID 34)) 38.668ms
[189.998s][info][gc          ] Allocation Stall (Executor task launch worker for task 5.0 in stage 0.0 (TID 5)) 39.001ms
[189.998s][info][gc          ] Allocation Stall (Executor task launch worker for task 47.0 in stage 0.0 (TID 47)) 38.614ms
[189.998s][info][gc          ] Allocation Stall (Executor task launch worker for task 25.0 in stage 0.0 (TID 25)) 39.091ms
[189.998s][info][gc          ] Allocation Stall (Executor task launch worker for task 23.0 in stage 0.0 (TID 23)) 38.398ms
[189.998s][info][gc          ] Allocation Stall (Executor task launch worker for task 21.0 in stage 0.0 (TID 21)) 38.702ms
[189.998s][info][gc          ] Allocation Stall (Executor task launch worker for task 28.0 in stage 0.0 (TID 28)) 39.178ms
[189.998s][info][gc          ] Allocation Stall (Executor task launch worker for task 3.0 in stage 0.0 (TID 3)) 38.267ms
[189.998s][info][gc          ] Allocation Stall (Executor task launch worker for task 38.0 in stage 0.0 (TID 38)) 38.397ms
[189.998s][info][gc          ] Allocation Stall (Executor task launch worker for task 8.0 in stage 0.0 (TID 8)) 38.313ms
[189.998s][info][gc          ] Allocation Stall (Executor task launch worker for task 33.0 in stage 0.0 (TID 33)) 38.292ms
[189.998s][info][gc          ] Allocation Stall (Executor task launch worker for task 18.0 in stage 0.0 (TID 18)) 38.279ms
[189.998s][info][gc          ] Allocation Stall (Executor task launch worker for task 35.0 in stage 0.0 (TID 35)) 38.325ms
[189.998s][info][gc          ] Allocation Stall (Executor task launch worker for task 7.0 in stage 0.0 (TID 7)) 38.314ms
[189.998s][info][gc          ] Allocation Stall (Executor task launch worker for task 4.0 in stage 0.0 (TID 4)) 38.360ms
[189.998s][info][gc          ] Allocation Stall (Executor task launch worker for task 24.0 in stage 0.0 (TID 24)) 38.213ms
[189.998s][info][gc          ] Allocation Stall (Executor task launch worker for task 37.0 in stage 0.0 (TID 37)) 38.273ms
[189.998s][info][gc          ] Allocation Stall (Executor task launch worker for task 19.0 in stage 0.0 (TID 19)) 38.064ms
[189.998s][info][gc          ] Allocation Stall (Executor task launch worker for task 36.0 in stage 0.0 (TID 36)) 38.084ms
[189.998s][info][gc          ] Allocation Stall (Executor task launch worker for task 20.0 in stage 0.0 (TID 20)) 38.109ms
[189.998s][info][gc          ] Allocation Stall (Executor task launch worker for task 1.0 in stage 0.0 (TID 1)) 38.093ms
[189.998s][info][gc          ] Allocation Stall (Executor task launch worker for task 15.0 in stage 0.0 (TID 15)) 37.989ms
[189.998s][info][gc          ] Allocation Stall (Executor task launch worker for task 40.0 in stage 0.0 (TID 40)) 38.036ms
[189.998s][info][gc          ] Allocation Stall (Executor task launch worker for task 41.0 in stage 0.0 (TID 41)) 38.004ms
[189.998s][info][gc          ] Allocation Stall (Executor task launch worker for task 14.0 in stage 0.0 (TID 14)) 38.002ms
[189.998s][info][gc          ] Allocation Stall (Executor task launch worker for task 26.0 in stage 0.0 (TID 26)) 38.024ms
[189.998s][info][gc          ] Allocation Stall (Executor task launch worker for task 29.0 in stage 0.0 (TID 29)) 38.111ms
[189.998s][info][gc          ] Allocation Stall (Executor task launch worker for task 32.0 in stage 0.0 (TID 32)) 38.131ms
[189.998s][info][gc          ] Allocation Stall (Executor task launch worker for task 6.0 in stage 0.0 (TID 6)) 38.143ms
[189.998s][info][gc          ] Allocation Stall (Executor task launch worker for task 13.0 in stage 0.0 (TID 13)) 38.184ms
[189.999s][info][gc          ] Allocation Stall (Executor task launch worker for task 30.0 in stage 0.0 (TID 30)) 38.318ms
[189.999s][info][gc          ] Allocation Stall (Executor task launch worker for task 16.0 in stage 0.0 (TID 16)) 38.396ms
[189.999s][info][gc          ] Allocation Stall (Executor task launch worker for task 44.0 in stage 0.0 (TID 44)) 38.456ms
[189.999s][info][gc          ] Allocation Stall (Executor task launch worker for task 11.0 in stage 0.0 (TID 11)) 38.433ms
[189.999s][info][gc          ] Allocation Stall (Executor task launch worker for task 27.0 in stage 0.0 (TID 27)) 38.457ms
[189.999s][info][gc          ] Allocation Stall (Executor task launch worker for task 12.0 in stage 0.0 (TID 12)) 38.491ms
[189.999s][info][gc          ] Allocation Stall (Executor task launch worker for task 22.0 in stage 0.0 (TID 22)) 38.603ms
[189.999s][info][gc          ] Allocation Stall (Executor task launch worker for task 0.0 in stage 0.0 (TID 0)) 38.677ms
[189.999s][info][gc          ] Allocation Stall (Executor task launch worker for task 39.0 in stage 0.0 (TID 39)) 38.738ms
[189.999s][info][gc          ] Allocation Stall (Executor task launch worker for task 2.0 in stage 0.0 (TID 2)) 38.783ms
[190.000s][info][gc          ] Allocation Stall (Executor task launch worker for task 7.0 in stage 0.0 (TID 7)) 1.169ms
[190.000s][info][gc          ] Allocation Stall (Spark Context Cleaner) 24.621ms
[190.000s][info][gc          ] Allocation Stall (Executor task launch worker for task 31.0 in stage 0.0 (TID 31)) 1.218ms
[190.000s][info][gc          ] Allocation Stall (Executor task launch worker for task 8.0 in stage 0.0 (TID 8)) 0.869ms
[190.000s][info][gc          ] Allocation Stall (Executor task launch worker for task 4.0 in stage 0.0 (TID 4)) 0.930ms
[190.000s][info][gc          ] Allocation Stall (Executor task launch worker for task 42.0 in stage 0.0 (TID 42)) 0.705ms
[190.000s][info][gc          ] Allocation Stall (Executor task launch worker for task 43.0 in stage 0.0 (TID 43)) 0.770ms
[190.000s][info][gc          ] Allocation Stall (Executor task launch worker for task 36.0 in stage 0.0 (TID 36)) 0.681ms
[190.000s][info][gc          ] Allocation Stall (Executor task launch worker for task 29.0 in stage 0.0 (TID 29)) 0.153ms
[190.000s][info][gc          ] Allocation Stall (Executor task launch worker for task 26.0 in stage 0.0 (TID 26)) 0.056ms
[190.004s][info][gc          ] Allocation Stall (Executor task launch worker for task 28.0 in stage 0.0 (TID 28)) 0.404ms
[190.011s][info][gc          ] Allocation Stall (Executor task launch worker for task 13.0 in stage 0.0 (TID 13)) 0.422ms
[190.021s][info][gc          ] Allocation Stall (Executor task launch worker for task 1.0 in stage 0.0 (TID 1)) 7.328ms
[190.021s][info][gc          ] Allocation Stall (Executor task launch worker for task 35.0 in stage 0.0 (TID 35)) 7.510ms
[190.021s][info][gc          ] Allocation Stall (Executor task launch worker for task 33.0 in stage 0.0 (TID 33)) 7.468ms
[190.021s][info][gc          ] Allocation Stall (Executor task launch worker for task 46.0 in stage 0.0 (TID 46)) 7.054ms
[190.021s][info][gc          ] Allocation Stall (Executor task launch worker for task 15.0 in stage 0.0 (TID 15)) 7.857ms
[190.021s][info][gc          ] Allocation Stall (Executor task launch worker for task 39.0 in stage 0.0 (TID 39)) 6.701ms
