[389.744s][info][gc          ] Allocation Stall (Executor task launch worker for task 10.0 in stage 81.0 (TID 1331)) 4.380ms
[389.744s][info][gc          ] Allocation Stall (Executor task launch worker for task 35.0 in stage 81.0 (TID 1366)) 4.302ms
[389.744s][info][gc          ] Allocation Stall (Executor task launch worker for task 44.0 in stage 81.0 (TID 1368)) 4.300ms
[389.744s][info][gc          ] Allocation Stall (Executor task launch worker for task 11.0 in stage 81.0 (TID 1360)) 3.912ms
[389.744s][info][gc          ] Allocation Stall (Executor task launch worker for task 25.0 in stage 81.0 (TID 1341)) 3.775ms
[389.744s][info][gc          ] Allocation Stall (Executor task launch worker for task 0.0 in stage 81.0 (TID 1358)) 3.738ms
[389.745s][info][gc,load     ] GC(2134) Load: 0.00/0.00/0.00
[389.745s][info][gc          ] Allocation Stall (Executor task launch worker for task 29.0 in stage 81.0 (TID 1345)) 3.685ms
[389.745s][info][gc          ] Allocation Stall (Executor task launch worker for task 21.0 in stage 81.0 (TID 1338)) 3.709ms
[389.745s][info][gc          ] Allocation Stall (Executor task launch worker for task 42.0 in stage 81.0 (TID 1367)) 3.675ms
[389.745s][info][gc          ] Allocation Stall (Executor task launch worker for task 34.0 in stage 81.0 (TID 1349)) 3.699ms
[389.745s][info][gc          ] Allocation Stall (Executor task launch worker for task 16.0 in stage 81.0 (TID 1335)) 3.728ms
[389.746s][info][gc          ] Allocation Stall (Executor task launch worker for task 17.0 in stage 81.0 (TID 1336)) 3.872ms
[389.746s][info][gc          ] Allocation Stall (Executor task launch worker for task 6.0 in stage 81.0 (TID 1327)) 4.120ms
[389.747s][info][gc          ] Allocation Stall (Executor task launch worker for task 37.0 in stage 81.0 (TID 1351)) 4.826ms
[389.747s][info][gc          ] Allocation Stall (Executor task launch worker for task 47.0 in stage 81.0 (TID 1357)) 4.823ms
[389.747s][info][gc          ] Allocation Stall (Executor task launch worker for task 45.0 in stage 81.0 (TID 1369)) 5.096ms
[389.756s][info][gc,mmu      ] GC(2134) MMU: 2ms/86.2%, 5ms/94.5%, 10ms/97.2%, 20ms/98.6%, 50ms/99.4%, 100ms/99.6%
[389.756s][info][gc          ] Allocation Stall (Executor task launch worker for task 9.0 in stage 81.0 (TID 1330)) 13.903ms
[389.756s][info][gc          ] Allocation Stall (Executor task launch worker for task 40.0 in stage 81.0 (TID 1354)) 13.889ms
[389.756s][info][gc          ] Allocation Stall (Executor task launch worker for task 41.0 in stage 81.0 (TID 1355)) 13.824ms
[389.756s][info][gc          ] Allocation Stall (Executor task launch worker for task 12.0 in stage 81.0 (TID 1332)) 13.804ms
[389.756s][info][gc          ] Allocation Stall (Executor task launch worker for task 28.0 in stage 81.0 (TID 1344)) 13.748ms
[389.756s][info][gc          ] Allocation Stall (Executor task launch worker for task 23.0 in stage 81.0 (TID 1340)) 13.572ms
[389.756s][info][gc          ] Allocation Stall (Executor task launch worker for task 39.0 in stage 81.0 (TID 1353)) 13.558ms
[389.756s][info][gc          ] Allocation Stall (Executor task launch worker for task 20.0 in stage 81.0 (TID 1363)) 13.606ms
[389.756s][info][gc          ] Allocation Stall (Executor task launch worker for task 43.0 in stage 81.0 (TID 1356)) 13.558ms
[389.756s][info][gc          ] Allocation Stall (Executor task launch worker for task 32.0 in stage 81.0 (TID 1347)) 13.565ms
[389.756s][info][gc,marking  ] GC(2134) Mark: 8 stripe(s), 2 proactive flush(es), 1 terminate flush(es), 0 completion(s), 0 continuation(s) 
[389.756s][info][gc          ] Allocation Stall (Executor task launch worker for task 18.0 in stage 81.0 (TID 1337)) 13.609ms
[389.756s][info][gc          ] Allocation Stall (Executor task launch worker for task 8.0 in stage 81.0 (TID 1329)) 13.576ms
[389.756s][info][gc          ] Allocation Stall (Executor task launch worker for task 36.0 in stage 81.0 (TID 1350)) 13.591ms
[389.756s][info][gc          ] Allocation Stall (Executor task launch worker for task 27.0 in stage 81.0 (TID 1343)) 13.562ms
[389.757s][info][gc          ] Allocation Stall (Executor task launch worker for task 7.0 in stage 81.0 (TID 1328)) 13.499ms
[389.757s][info][gc          ] Allocation Stall (Executor task launch worker for task 30.0 in stage 81.0 (TID 1365)) 13.325ms
[389.757s][info][gc          ] Allocation Stall (Executor task launch worker for task 31.0 in stage 81.0 (TID 1346)) 13.337ms
[389.757s][info][gc          ] Allocation Stall (Executor task launch worker for task 4.0 in stage 81.0 (TID 1325)) 13.352ms
[389.757s][info][gc          ] Allocation Stall (Executor task launch worker for task 15.0 in stage 81.0 (TID 1334)) 13.357ms
[389.757s][info][gc,marking  ] GC(2134) Mark Stack Usage: 32M
[389.757s][info][gc          ] Allocation Stall (Executor task launch worker for task 26.0 in stage 81.0 (TID 1342)) 13.418ms
[389.757s][info][gc          ] Allocation Stall (Executor task launch worker for task 5.0 in stage 81.0 (TID 1326)) 13.441ms
[389.757s][info][gc          ] Allocation Stall (Executor task launch worker for task 3.0 in stage 81.0 (TID 1359)) 12.070ms
[389.757s][info][gc          ] Allocation Stall (Executor task launch worker for task 24.0 in stage 81.0 (TID 1364)) 9.203ms
[389.757s][info][gc          ] Allocation Stall (Executor task launch worker for task 22.0 in stage 81.0 (TID 1339)) 9.225ms
[389.757s][info][gc          ] Allocation Stall (Executor task launch worker for task 1.0 in stage 81.0 (TID 1323)) 9.212ms
[389.757s][info][gc          ] Allocation Stall (Executor task launch worker for task 11.0 in stage 81.0 (TID 1360)) 9.193ms
[389.757s][info][gc          ] Allocation Stall (Executor task launch worker for task 14.0 in stage 81.0 (TID 1361)) 9.185ms
[389.757s][info][gc,nmethod  ] GC(2134) NMethods: 8068 registered, 1210 unregistered
[389.757s][info][gc          ] Allocation Stall (Executor task launch worker for task 2.0 in stage 81.0 (TID 1324)) 9.243ms
[389.757s][info][gc          ] Allocation Stall (Executor task launch worker for task 44.0 in stage 81.0 (TID 1368)) 9.278ms
[389.757s][info][gc          ] Allocation Stall (Executor task launch worker for task 38.0 in stage 81.0 (TID 1352)) 9.317ms
[389.757s][info][gc          ] Allocation Stall (Executor task launch worker for task 33.0 in stage 81.0 (TID 1348)) 9.320ms
[389.757s][info][gc          ] Allocation Stall (Executor task launch worker for task 10.0 in stage 81.0 (TID 1331)) 9.360ms
[389.757s][info][gc          ] Allocation Stall (Executor task launch worker for task 19.0 in stage 81.0 (TID 1362)) 9.386ms
[389.757s][info][gc          ] Allocation Stall (Executor task launch worker for task 46.0 in stage 81.0 (TID 1370)) 9.417ms
[389.757s][info][gc,metaspace] GC(2134) Metaspace: 120M used, 123M committed, 1152M reserved
[389.757s][info][gc          ] Allocation Stall (Executor task launch worker for task 35.0 in stage 81.0 (TID 1366)) 9.446ms
[389.758s][info][gc          ] Allocation Stall (Executor task launch worker for task 13.0 in stage 81.0 (TID 1333)) 9.392ms
[389.758s][info][gc,ref      ] GC(2134) Soft: 2877 encountered, 397 discovered, 0 enqueued
[389.766s][info][gc,ref      ] GC(2134) Weak: 14367 encountered, 2569 discovered, 0 enqueued
[389.766s][info][gc,ref      ] GC(2134) Final: 84 encountered, 1 discovered, 0 enqueued
[389.766s][info][gc,ref      ] GC(2134) Phantom: 764 encountered, 469 discovered, 0 enqueued
[389.766s][info][gc,reloc    ] GC(2134) Small Pages: 327 / 654M, Empty: 492M, Relocated: 6M, In-Place: 0
[389.766s][info][gc,reloc    ] GC(2134) Medium Pages: 38 / 1216M, Empty: 0M, Relocated: 25M, In-Place: 0
[389.766s][info][gc,reloc    ] GC(2134) Large Pages: 0 / 0M, Empty: 0M, Relocated: 0M, In-Place: 0
[389.766s][info][gc,reloc    ] GC(2134) Forwarding Usage: 0M
[389.766s][info][gc,heap     ] GC(2134) Min Capacity: 8M(0%)
[389.766s][info][gc,heap     ] GC(2134) Max Capacity: 2048M(100%)
[389.766s][info][gc,heap     ] GC(2134) Soft Max Capacity: 2048M(100%)
[389.766s][info][gc,heap     ] GC(2134)                Mark Start          Mark End        Relocate Start      Relocate End           High               Low         
[389.766s][info][gc,heap     ] GC(2134)  Capacity:     2048M (100%)       2048M (100%)       2048M (100%)       2048M (100%)       2048M (100%)       2048M (100%)   
[389.766s][info][gc,heap     ] GC(2134)      Free:      178M (9%)            0M (0%)          434M (21%)           0M (0%)          474M (23%)           0M (0%)     
[389.766s][info][gc,heap     ] GC(2134)      Used:     1870M (91%)        2048M (100%)       1614M (79%)        2048M (100%)       2048M (100%)       1574M (77%)    
[389.766s][info][gc,heap     ] GC(2134)      Live:         -              1096M (54%)        1096M (54%)        1096M (54%)            -                  -          
[389.766s][info][gc,heap     ] GC(2134) Allocated:         -               178M (9%)          236M (12%)         766M (37%)            -                  -          
[389.766s][info][gc,heap     ] GC(2134)   Garbage:         -               773M (38%)         281M (14%)         185M (9%)             -                  -          
[389.766s][info][gc,heap     ] GC(2134) Reclaimed:         -                  -               492M (24%)         588M (29%)            -                  -          
[389.766s][info][gc          ] GC(2134) Garbage Collection (Allocation Stall) 1870M(91%)->2048M(100%)
[389.767s][info][gc,start    ] GC(2135) Garbage Collection (Allocation Stall)
[389.767s][info][gc,ref      ] GC(2135) Clearing All SoftReferences
[389.767s][info][gc,task     ] GC(2135) Using 12 workers
[389.767s][info][gc,ref      ] GC(2135) Clearing All SoftReferences
[389.767s][info][gc,phases   ] GC(2135) Pause Mark Start 0.038ms
[389.793s][info][gc,phases   ] GC(2135) Concurrent Mark 26.221ms
[389.793s][info][gc,phases   ] GC(2135) Pause Mark End 0.019ms
[389.794s][info][gc,phases   ] GC(2135) Concurrent Mark Free 0.001ms
[389.796s][info][gc,phases   ] GC(2135) Concurrent Process Non-Strong References 2.646ms
[389.796s][info][gc,phases   ] GC(2135) Concurrent Reset Relocation Set 0.006ms
[389.796s][info][gc          ] Allocation Stall (Executor task launch worker for task 1.0 in stage 81.0 (TID 1323)) 29.080ms
[389.796s][info][gc          ] Allocation Stall (Executor task launch worker for task 42.0 in stage 81.0 (TID 1367)) 29.155ms
[389.796s][info][gc          ] Allocation Stall (Executor task launch worker for task 41.0 in stage 81.0 (TID 1355)) 29.159ms
[389.796s][info][gc          ] Allocation Stall (Executor task launch worker for task 20.0 in stage 81.0 (TID 1363)) 29.085ms
[389.796s][info][gc          ] Allocation Stall (Executor task launch worker for task 19.0 in stage 81.0 (TID 1362)) 29.101ms
[389.796s][info][gc          ] Allocation Stall (Executor task launch worker for task 46.0 in stage 81.0 (TID 1370)) 29.063ms
[389.796s][info][gc          ] Allocation Stall (Executor task launch worker for task 9.0 in stage 81.0 (TID 1330)) 29.190ms
[389.796s][info][gc          ] Allocation Stall (Executor task launch worker for task 30.0 in stage 81.0 (TID 1365)) 29.151ms
[389.796s][info][gc          ] Allocation Stall (Executor task launch worker for task 13.0 in stage 81.0 (TID 1333)) 29.128ms
[389.796s][info][gc          ] Allocation Stall (Executor task launch worker for task 25.0 in stage 81.0 (TID 1341)) 29.125ms
[389.796s][info][gc          ] Allocation Stall (Executor task launch worker for task 45.0 in stage 81.0 (TID 1369)) 29.143ms
[389.796s][info][gc          ] Allocation Stall (Executor task launch worker for task 4.0 in stage 81.0 (TID 1325)) 29.119ms
[389.796s][info][gc          ] Allocation Stall (Executor task launch worker for task 18.0 in stage 81.0 (TID 1337)) 29.245ms
[389.797s][info][gc          ] Allocation Stall (Executor task launch worker for task 21.0 in stage 81.0 (TID 1338)) 29.168ms
[389.797s][info][gc          ] Allocation Stall (Executor task launch worker for task 23.0 in stage 81.0 (TID 1340)) 29.259ms
[389.797s][info][gc          ] Allocation Stall (Executor task launch worker for task 14.0 in stage 81.0 (TID 1361)) 29.202ms
[389.797s][info][gc          ] Allocation Stall (Executor task launch worker for task 28.0 in stage 81.0 (TID 1344)) 29.319ms
[389.797s][info][gc          ] Allocation Stall (Executor task launch worker for task 2.0 in stage 81.0 (TID 1324)) 29.380ms
[389.797s][info][gc          ] Allocation Stall (Executor task launch worker for task 27.0 in stage 81.0 (TID 1343)) 30.670ms
[389.797s][info][gc          ] Allocation Stall (Executor task launch worker for task 40.0 in stage 81.0 (TID 1354)) 29.309ms
[389.797s][info][gc          ] Allocation Stall (Executor task launch worker for task 3.0 in stage 81.0 (TID 1359)) 29.296ms
[389.797s][info][gc          ] Allocation Stall (Executor task launch worker for task 32.0 in stage 81.0 (TID 1347)) 29.315ms
[389.797s][info][gc          ] Allocation Stall (Executor task launch worker for task 24.0 in stage 81.0 (TID 1364)) 29.157ms
[389.797s][info][gc          ] Allocation Stall (Executor task launch worker for task 6.0 in stage 81.0 (TID 1327)) 29.282ms
[389.797s][info][gc          ] Allocation Stall (Executor task launch worker for task 5.0 in stage 81.0 (TID 1326)) 29.311ms
[389.797s][info][gc          ] Allocation Stall (Executor task launch worker for task 38.0 in stage 81.0 (TID 1352)) 29.797ms
[389.797s][info][gc          ] Allocation Stall (Executor task launch worker for task 34.0 in stage 81.0 (TID 1349)) 29.192ms
[389.797s][info][gc          ] Allocation Stall (Executor task launch worker for task 7.0 in stage 81.0 (TID 1328)) 29.189ms
[389.797s][info][gc          ] Allocation Stall (Executor task launch worker for task 44.0 in stage 81.0 (TID 1368)) 29.340ms
[389.797s][info][gc          ] Allocation Stall (Executor task launch worker for task 11.0 in stage 81.0 (TID 1360)) 29.330ms
[389.797s][info][gc          ] Allocation Stall (Executor task launch worker for task 35.0 in stage 81.0 (TID 1366)) 30.647ms
[389.797s][info][gc          ] Allocation Stall (Executor task launch worker for task 8.0 in stage 81.0 (TID 1329)) 29.423ms
[389.797s][info][gc          ] Allocation Stall (Executor task launch worker for task 17.0 in stage 81.0 (TID 1336)) 29.369ms
[389.797s][info][gc          ] Allocation Stall (Executor task launch worker for task 26.0 in stage 81.0 (TID 1342)) 29.267ms
[389.797s][info][gc          ] Allocation Stall (Executor task launch worker for task 0.0 in stage 81.0 (TID 1358)) 29.317ms
[389.797s][info][gc          ] Allocation Stall (Executor task launch worker for task 29.0 in stage 81.0 (TID 1345)) 29.389ms
[389.797s][info][gc          ] Allocation Stall (Executor task launch worker for task 43.0 in stage 81.0 (TID 1356)) 29.456ms
[389.797s][info][gc          ] Allocation Stall (Executor task launch worker for task 22.0 in stage 81.0 (TID 1339)) 29.294ms
[389.797s][info][gc          ] Allocation Stall (Executor task launch worker for task 31.0 in stage 81.0 (TID 1346)) 30.697ms
[389.797s][info][gc          ] Allocation Stall (Executor task launch worker for task 16.0 in stage 81.0 (TID 1335)) 29.383ms
[389.797s][info][gc          ] Allocation Stall (Executor task launch worker for task 39.0 in stage 81.0 (TID 1353)) 29.347ms
[389.797s][info][gc          ] Allocation Stall (Executor task launch worker for task 10.0 in stage 81.0 (TID 1331)) 29.811ms
[389.797s][info][gc          ] Allocation Stall (Executor task launch worker for task 15.0 in stage 81.0 (TID 1334)) 29.401ms
[389.797s][info][gc          ] Allocation Stall (Executor task launch worker for task 33.0 in stage 81.0 (TID 1348)) 29.234ms
[389.797s][info][gc          ] Allocation Stall (Executor task launch worker for task 47.0 in stage 81.0 (TID 1357)) 29.278ms
[389.797s][info][gc          ] Allocation Stall (Executor task launch worker for task 12.0 in stage 81.0 (TID 1332)) 29.258ms
[389.797s][info][gc          ] Allocation Stall (Executor task launch worker for task 37.0 in stage 81.0 (TID 1351)) 29.229ms
[389.797s][info][gc          ] Allocation Stall (Executor task launch worker for task 36.0 in stage 81.0 (TID 1350)) 29.357ms
[389.801s][info][gc,phases   ] GC(2135) Concurrent Select Relocation Set 4.470ms
[389.801s][info][gc,phases   ] GC(2135) Pause Relocate Start 0.009ms
[389.918s][info][gc          ] Allocation Stall (Executor task launch worker for task 33.0 in stage 81.0 (TID 1348)) 0.016ms
[389.918s][info][gc          ] Allocation Stall (Executor task launch worker for task 8.0 in stage 81.0 (TID 1329)) 0.080ms
[389.918s][info][gc          ] Allocation Stall (Executor task launch worker for task 31.0 in stage 81.0 (TID 1346)) 0.129ms
[389.918s][info][gc          ] Allocation Stall (Executor task launch worker for task 34.0 in stage 81.0 (TID 1349)) 0.169ms
[389.918s][info][gc          ] Allocation Stall (Executor task launch worker for task 11.0 in stage 81.0 (TID 1360)) 0.181ms
[389.918s][info][gc          ] Allocation Stall (Executor task launch worker for task 30.0 in stage 81.0 (TID 1365)) 0.206ms
[389.918s][info][gc          ] Allocation Stall (Executor task launch worker for task 38.0 in stage 81.0 (TID 1352)) 0.238ms
[389.918s][info][gc          ] Allocation Stall (Executor task launch worker for task 26.0 in stage 81.0 (TID 1342)) 0.296ms
[389.918s][info][gc          ] Allocation Stall (Executor task launch worker for task 18.0 in stage 81.0 (TID 1337)) 0.340ms
[389.918s][info][gc          ] Allocation Stall (Executor task launch worker for task 13.0 in stage 81.0 (TID 1333)) 0.382ms
[389.918s][info][gc          ] Allocation Stall (Executor task launch worker for task 17.0 in stage 81.0 (TID 1336)) 0.435ms
[389.918s][info][gc          ] Allocation Stall (Executor task launch worker for task 39.0 in stage 81.0 (TID 1353)) 0.478ms
[389.918s][info][gc          ] Allocation Stall (Executor task launch worker for task 19.0 in stage 81.0 (TID 1362)) 0.525ms
[389.919s][info][gc          ] Allocation Stall (Executor task launch worker for task 2.0 in stage 81.0 (TID 1324)) 1.639ms
[389.919s][info][gc          ] Allocation Stall (Executor task launch worker for task 42.0 in stage 81.0 (TID 1367)) 1.681ms
[389.919s][info][gc          ] Allocation Stall (Executor task launch worker for task 41.0 in stage 81.0 (TID 1355)) 1.723ms
[389.919s][info][gc          ] Allocation Stall (Executor task launch worker for task 16.0 in stage 81.0 (TID 1335)) 1.764ms
[389.920s][info][gc          ] Allocation Stall (Executor task launch worker for task 20.0 in stage 81.0 (TID 1363)) 1.803ms
[389.920s][info][gc          ] Allocation Stall (Executor task launch worker for task 25.0 in stage 81.0 (TID 1341)) 1.853ms
[389.920s][info][gc          ] Allocation Stall (Executor task launch worker for task 21.0 in stage 81.0 (TID 1338)) 1.894ms
[389.923s][info][gc          ] Allocation Stall (Executor task launch worker for task 34.0 in stage 81.0 (TID 1349)) 0.309ms
[389.923s][info][gc          ] Allocation Stall (Executor task launch worker for task 31.0 in stage 81.0 (TID 1346)) 0.225ms
[389.923s][info][gc          ] Allocation Stall (Executor task launch worker for task 38.0 in stage 81.0 (TID 1352)) 0.104ms
[389.923s][info][gc          ] Allocation Stall (Executor task launch worker for task 33.0 in stage 81.0 (TID 1348)) 0.923ms
[389.923s][info][gc          ] Allocation Stall (Executor task launch worker for task 13.0 in stage 81.0 (TID 1333)) 1.161ms
[389.923s][info][gc          ] Allocation Stall (Executor task launch worker for task 17.0 in stage 81.0 (TID 1336)) 1.191ms
[389.923s][info][gc          ] Allocation Stall (Executor task launch worker for task 47.0 in stage 81.0 (TID 1357)) 5.306ms
[389.923s][info][gc          ] Allocation Stall (Executor task launch worker for task 3.0 in stage 81.0 (TID 1359)) 5.307ms
[389.923s][info][gc          ] Allocation Stall (Executor task launch worker for task 9.0 in stage 81.0 (TID 1330)) 5.308ms
[389.923s][info][gc          ] Allocation Stall (Executor task launch worker for task 44.0 in stage 81.0 (TID 1368)) 5.123ms
[389.923s][info][gc          ] Allocation Stall (Executor task launch worker for task 36.0 in stage 81.0 (TID 1350)) 1.405ms
[389.923s][info][gc          ] Allocation Stall (Executor task launch worker for task 5.0 in stage 81.0 (TID 1326)) 0.543ms
[389.923s][info][gc          ] Allocation Stall (Executor task launch worker for task 8.0 in stage 81.0 (TID 1329)) 0.329ms
[389.923s][info][gc,phases   ] GC(2135) Concurrent Relocate 121.617ms
[389.923s][info][gc,load     ] GC(2135) Load: 0.00/0.00/0.00
[389.923s][info][gc,mmu      ] GC(2135) MMU: 2ms/86.2%, 5ms/94.5%, 10ms/97.2%, 20ms/98.6%, 50ms/99.4%, 100ms/99.6%
[389.923s][info][gc,marking  ] GC(2135) Mark: 8 stripe(s), 2 proactive flush(es), 1 terminate flush(es), 0 completion(s), 0 continuation(s) 
[389.923s][info][gc,marking  ] GC(2135) Mark Stack Usage: 32M
[389.923s][info][gc,nmethod  ] GC(2135) NMethods: 8068 registered, 1210 unregistered
[389.923s][info][gc,metaspace] GC(2135) Metaspace: 120M used, 123M committed, 1152M reserved
[389.923s][info][gc,ref      ] GC(2135) Soft: 2877 encountered, 1114 discovered, 0 enqueued
[389.923s][info][gc,ref      ] GC(2135) Weak: 14367 encountered, 1555 discovered, 1 enqueued
[389.923s][info][gc,ref      ] GC(2135) Final: 84 encountered, 0 discovered, 0 enqueued
[389.923s][info][gc,ref      ] GC(2135) Phantom: 764 encountered, 539 discovered, 0 enqueued
[389.923s][info][gc,reloc    ] GC(2135) Small Pages: 416 / 832M, Empty: 678M, Relocated: 6M, In-Place: 0
[389.923s][info][gc,reloc    ] GC(2135) Medium Pages: 38 / 1216M, Empty: 0M, Relocated: 25M, In-Place: 0
[389.924s][info][gc,reloc    ] GC(2135) Large Pages: 0 / 0M, Empty: 0M, Relocated: 0M, In-Place: 0
[389.924s][info][gc,reloc    ] GC(2135) Forwarding Usage: 0M
[389.924s][info][gc,heap     ] GC(2135) Min Capacity: 8M(0%)
[389.924s][info][gc,heap     ] GC(2135) Max Capacity: 2048M(100%)
[389.924s][info][gc,heap     ] GC(2135) Soft Max Capacity: 2048M(100%)
[389.924s][info][gc,heap     ] GC(2135)                Mark Start          Mark End        Relocate Start      Relocate End           High               Low         
[389.924s][info][gc,heap     ] GC(2135)  Capacity:     2048M (100%)       2048M (100%)       2048M (100%)       2048M (100%)       2048M (100%)       2048M (100%)   
[389.924s][info][gc,heap     ] GC(2135)      Free:        0M (0%)            0M (0%)          636M (31%)           0M (0%)          660M (32%)           0M (0%)     
[389.924s][info][gc,heap     ] GC(2135)      Used:     2048M (100%)       2048M (100%)       1412M (69%)        2048M (100%)       2048M (100%)       1388M (68%)    
[389.924s][info][gc,heap     ] GC(2135)      Live:         -              1103M (54%)        1103M (54%)        1103M (54%)            -                  -          
[389.924s][info][gc,heap     ] GC(2135) Allocated:         -                 0M (0%)           42M (2%)          779M (38%)            -                  -          
[389.924s][info][gc,heap     ] GC(2135)   Garbage:         -               944M (46%)         266M (13%)         164M (8%)             -                  -          
[389.924s][info][gc,heap     ] GC(2135) Reclaimed:         -                  -               678M (33%)         779M (38%)            -                  -          
[389.924s][info][gc          ] GC(2135) Garbage Collection (Allocation Stall) 2048M(100%)->2048M(100%)
[389.924s][info][gc,start    ] GC(2136) Garbage Collection (Allocation Stall)
[389.924s][info][gc,ref      ] GC(2136) Clearing All SoftReferences
[389.924s][info][gc,task     ] GC(2136) Using 12 workers
[389.934s][info][gc,ref      ] GC(2136) Clearing All SoftReferences
[389.934s][info][gc,phases   ] GC(2136) Pause Mark Start 0.034ms
[389.934s][info][gc          ] Allocation Stall (Executor task launch worker for task 26.0 in stage 81.0 (TID 1342)) 10.750ms
[389.934s][info][gc          ] Allocation Stall (Executor task launch worker for task 18.0 in stage 81.0 (TID 1337)) 10.831ms
[389.934s][info][gc          ] Allocation Stall (Executor task launch worker for task 39.0 in stage 81.0 (TID 1353)) 10.708ms
[389.934s][info][gc          ] Allocation Stall (Executor task launch worker for task 35.0 in stage 81.0 (TID 1366)) 10.976ms
[389.934s][info][gc          ] Allocation Stall (Executor task launch worker for task 16.0 in stage 81.0 (TID 1335)) 10.694ms
[389.934s][info][gc          ] Allocation Stall (Executor task launch worker for task 41.0 in stage 81.0 (TID 1355)) 10.665ms
[389.934s][info][gc          ] Allocation Stall (Executor task launch worker for task 2.0 in stage 81.0 (TID 1324)) 10.720ms
[389.934s][info][gc          ] Allocation Stall (Executor task launch worker for task 19.0 in stage 81.0 (TID 1362)) 10.612ms
[389.934s][info][gc          ] Allocation Stall (Executor task launch worker for task 42.0 in stage 81.0 (TID 1367)) 10.559ms
[389.934s][info][gc          ] Allocation Stall (Executor task launch worker for task 21.0 in stage 81.0 (TID 1338)) 10.485ms
[389.934s][info][gc          ] Allocation Stall (Executor task launch worker for task 25.0 in stage 81.0 (TID 1341)) 10.598ms
[389.934s][info][gc          ] Allocation Stall (Executor task launch worker for task 27.0 in stage 81.0 (TID 1343)) 10.404ms
[389.934s][info][gc          ] Allocation Stall (Executor task launch worker for task 20.0 in stage 81.0 (TID 1363)) 10.410ms
[389.970s][info][gc          ] Allocation Stall (Executor task launch worker for task 35.0 in stage 81.0 (TID 1366)) 3.193ms
[389.972s][info][gc          ] Allocation Stall (Executor task launch worker for task 37.0 in stage 81.0 (TID 1351)) 4.319ms
[389.972s][info][gc          ] Allocation Stall (Executor task launch worker for task 20.0 in stage 81.0 (TID 1363)) 4.222ms
[389.972s][info][gc          ] Allocation Stall (Executor task launch worker for task 39.0 in stage 81.0 (TID 1353)) 4.206ms
[389.972s][info][gc          ] Allocation Stall (Executor task launch worker for task 18.0 in stage 81.0 (TID 1337)) 4.237ms
[389.972s][info][gc          ] Allocation Stall (Executor task launch worker for task 2.0 in stage 81.0 (TID 1324)) 4.542ms
[389.972s][info][gc          ] Allocation Stall (Executor task launch worker for task 38.0 in stage 81.0 (TID 1352)) 4.527ms
[389.972s][info][gc          ] Allocation Stall (Executor task launch worker for task 8.0 in stage 81.0 (TID 1329)) 4.485ms
[389.973s][info][gc          ] Allocation Stall (Executor task launch worker for task 6.0 in stage 81.0 (TID 1327)) 4.512ms
[389.973s][info][gc          ] Allocation Stall (Executor task launch worker for task 34.0 in stage 81.0 (TID 1349)) 4.369ms
[389.973s][info][gc          ] Allocation Stall (Executor task launch worker for task 14.0 in stage 81.0 (TID 1361)) 4.368ms
[389.973s][info][gc          ] Allocation Stall (Executor task launch worker for task 36.0 in stage 81.0 (TID 1350)) 4.223ms
[389.973s][info][gc          ] Allocation Stall (Executor task launch worker for task 4.0 in stage 81.0 (TID 1325)) 4.245ms
[389.973s][info][gc          ] Allocation Stall (Executor task launch worker for task 27.0 in stage 81.0 (TID 1343)) 4.150ms
[389.973s][info][gc          ] Allocation Stall (Executor task launch worker for task 32.0 in stage 81.0 (TID 1347)) 4.115ms
[389.973s][info][gc          ] Allocation Stall (Executor task launch worker for task 42.0 in stage 81.0 (TID 1367)) 4.171ms
[389.973s][info][gc          ] Allocation Stall (Executor task launch worker for task 11.0 in stage 81.0 (TID 1360)) 4.075ms
[389.973s][info][gc          ] Allocation Stall (Executor task launch worker for task 19.0 in stage 81.0 (TID 1362)) 4.061ms
[389.973s][info][gc          ] Allocation Stall (Executor task launch worker for task 41.0 in stage 81.0 (TID 1355)) 4.060ms
[389.973s][info][gc          ] Allocation Stall (Executor task launch worker for task 9.0 in stage 81.0 (TID 1330)) 4.043ms
[389.973s][info][gc          ] Allocation Stall (Executor task launch worker for task 12.0 in stage 81.0 (TID 1332)) 4.078ms
[389.973s][info][gc          ] Allocation Stall (Executor task launch worker for task 24.0 in stage 81.0 (TID 1364)) 4.308ms
[389.973s][info][gc          ] Allocation Stall (Executor task launch worker for task 47.0 in stage 81.0 (TID 1357)) 4.347ms
[389.973s][info][gc          ] Allocation Stall (Executor task launch worker for task 5.0 in stage 81.0 (TID 1326)) 4.194ms
[389.973s][info][gc          ] Allocation Stall (Executor task launch worker for task 25.0 in stage 81.0 (TID 1341)) 4.233ms
[389.974s][info][gc          ] Allocation Stall (Executor task launch worker for task 28.0 in stage 81.0 (TID 1344)) 4.229ms
[389.974s][info][gc          ] Allocation Stall (Executor task launch worker for task 13.0 in stage 81.0 (TID 1333)) 4.240ms
[389.974s][info][gc          ] Allocation Stall (Executor task launch worker for task 46.0 in stage 81.0 (TID 1370)) 4.270ms
[389.974s][info][gc          ] Allocation Stall (Executor task launch worker for task 26.0 in stage 81.0 (TID 1342)) 4.340ms
[389.974s][info][gc          ] Allocation Stall (Executor task launch worker for task 23.0 in stage 81.0 (TID 1340)) 4.226ms
[389.974s][info][gc          ] Allocation Stall (Executor task launch worker for task 21.0 in stage 81.0 (TID 1338)) 4.253ms
[389.974s][info][gc          ] Allocation Stall (Executor task launch worker for task 40.0 in stage 81.0 (TID 1354)) 4.251ms
[389.974s][info][gc          ] Allocation Stall (Executor task launch worker for task 7.0 in stage 81.0 (TID 1328)) 4.293ms
[389.974s][info][gc          ] Allocation Stall (Executor task launch worker for task 17.0 in stage 81.0 (TID 1336)) 1.651ms
[389.996s][info][gc,phases   ] GC(2136) Concurrent Mark 62.360ms
[389.997s][info][gc,phases   ] GC(2136) Pause Mark End 0.028ms
[389.997s][info][gc,phases   ] GC(2136) Concurrent Mark Free 0.001ms
[389.999s][info][gc,phases   ] GC(2136) Concurrent Process Non-Strong References 2.855ms
[390.000s][info][gc,phases   ] GC(2136) Concurrent Reset Relocation Set 0.005ms
[390.000s][info][gc          ] Allocation Stall (Executor task launch worker for task 18.0 in stage 81.0 (TID 1337)) 17.391ms
[390.000s][info][gc          ] Allocation Stall (Executor task launch worker for task 30.0 in stage 81.0 (TID 1365)) 17.525ms
[390.000s][info][gc          ] Allocation Stall (Executor task launch worker for task 16.0 in stage 81.0 (TID 1335)) 17.507ms
[390.000s][info][gc          ] Allocation Stall (Executor task launch worker for task 38.0 in stage 81.0 (TID 1352)) 17.202ms
[390.000s][info][gc          ] Allocation Stall (Executor task launch worker for task 41.0 in stage 81.0 (TID 1355)) 18.169ms
[390.000s][info][gc          ] Allocation Stall (Executor task launch worker for task 3.0 in stage 81.0 (TID 1359)) 17.917ms
[390.000s][info][gc          ] Allocation Stall (Executor task launch worker for task 5.0 in stage 81.0 (TID 1326)) 18.411ms
[390.000s][info][gc          ] Allocation Stall (Executor task launch worker for task 35.0 in stage 81.0 (TID 1366)) 19.892ms
[390.000s][info][gc          ] Allocation Stall (Executor task launch worker for task 17.0 in stage 81.0 (TID 1336)) 17.815ms
[390.000s][info][gc          ] Allocation Stall (Executor task launch worker for task 7.0 in stage 81.0 (TID 1328)) 17.778ms
[390.000s][info][gc          ] Allocation Stall (Executor task launch worker for task 33.0 in stage 81.0 (TID 1348)) 17.543ms
[390.000s][info][gc          ] Allocation Stall (Executor task launch worker for task 1.0 in stage 81.0 (TID 1323)) 17.254ms
[390.000s][info][gc          ] Allocation Stall (Executor task launch worker for task 20.0 in stage 81.0 (TID 1363)) 17.491ms
[390.000s][info][gc          ] Allocation Stall (Executor task launch worker for task 21.0 in stage 81.0 (TID 1338)) 17.783ms
[390.000s][info][gc          ] Allocation Stall (Executor task launch worker for task 23.0 in stage 81.0 (TID 1340)) 17.967ms
[390.000s][info][gc          ] Allocation Stall (Executor task launch worker for task 40.0 in stage 81.0 (TID 1354)) 18.740ms
[390.000s][info][gc          ] Allocation Stall (Executor task launch worker for task 46.0 in stage 81.0 (TID 1370)) 18.238ms
[390.000s][info][gc          ] Allocation Stall (Executor task launch worker for task 34.0 in stage 81.0 (TID 1349)) 19.658ms
[390.000s][info][gc          ] Allocation Stall (Executor task launch worker for task 24.0 in stage 81.0 (TID 1364)) 17.970ms
[390.000s][info][gc          ] Allocation Stall (Executor task launch worker for task 4.0 in stage 81.0 (TID 1325)) 19.535ms
[390.000s][info][gc          ] Allocation Stall (Executor task launch worker for task 25.0 in stage 81.0 (TID 1341)) 19.516ms
[390.000s][info][gc          ] Allocation Stall (Executor task launch worker for task 31.0 in stage 81.0 (TID 1346)) 19.090ms
[390.000s][info][gc          ] Allocation Stall (Executor task launch worker for task 47.0 in stage 81.0 (TID 1357)) 18.720ms
[390.000s][info][gc          ] Allocation Stall (Executor task launch worker for task 26.0 in stage 81.0 (TID 1342)) 17.966ms
[390.000s][info][gc          ] Allocation Stall (Executor task launch worker for task 44.0 in stage 81.0 (TID 1368)) 17.592ms
[390.000s][info][gc          ] Allocation Stall (Executor task launch worker for task 36.0 in stage 81.0 (TID 1350)) 19.273ms
[390.000s][info][gc          ] Allocation Stall (Executor task launch worker for task 39.0 in stage 81.0 (TID 1353)) 17.788ms
[390.000s][info][gc          ] Allocation Stall (Executor task launch worker for task 10.0 in stage 81.0 (TID 1331)) 17.312ms
[390.000s][info][gc          ] Allocation Stall (Executor task launch worker for task 45.0 in stage 81.0 (TID 1369)) 17.326ms
[390.000s][info][gc          ] Allocation Stall (Executor task launch worker for task 15.0 in stage 81.0 (TID 1334)) 17.727ms
[390.000s][info][gc          ] Allocation Stall (Executor task launch worker for task 12.0 in stage 81.0 (TID 1332)) 17.219ms
[390.000s][info][gc          ] Allocation Stall (Executor task launch worker for task 28.0 in stage 81.0 (TID 1344)) 18.786ms
[390.000s][info][gc          ] Allocation Stall (Executor task launch worker for task 22.0 in stage 81.0 (TID 1339)) 18.000ms
[390.000s][info][gc          ] Allocation Stall (Executor task launch worker for task 11.0 in stage 81.0 (TID 1360)) 18.482ms
[390.000s][info][gc          ] Allocation Stall (Executor task launch worker for task 14.0 in stage 81.0 (TID 1361)) 19.820ms
[390.000s][info][gc          ] Allocation Stall (Executor task launch worker for task 6.0 in stage 81.0 (TID 1327)) 19.731ms
[390.000s][info][gc          ] Allocation Stall (Executor task launch worker for task 27.0 in stage 81.0 (TID 1343)) 19.930ms
[390.000s][info][gc          ] Allocation Stall (Executor task launch worker for task 32.0 in stage 81.0 (TID 1347)) 19.607ms
[390.000s][info][gc          ] Allocation Stall (Executor task launch worker for task 8.0 in stage 81.0 (TID 1329)) 19.786ms
[390.000s][info][gc          ] Allocation Stall (Executor task launch worker for task 29.0 in stage 81.0 (TID 1345)) 17.970ms
[390.000s][info][gc          ] Allocation Stall (Executor task launch worker for task 42.0 in stage 81.0 (TID 1367)) 19.775ms
[390.000s][info][gc          ] Allocation Stall (Executor task launch worker for task 0.0 in stage 81.0 (TID 1358)) 17.282ms
[390.000s][info][gc          ] Allocation Stall (Executor task launch worker for task 43.0 in stage 81.0 (TID 1356)) 19.528ms
[390.000s][info][gc          ] Allocation Stall (Executor task launch worker for task 9.0 in stage 81.0 (TID 1330)) 19.781ms
[390.000s][info][gc          ] Allocation Stall (Executor task launch worker for task 2.0 in stage 81.0 (TID 1324)) 20.586ms
[390.000s][info][gc          ] Allocation Stall (Executor task launch worker for task 13.0 in stage 81.0 (TID 1333)) 18.692ms
[390.000s][info][gc          ] Allocation Stall (Executor task launch worker for task 37.0 in stage 81.0 (TID 1351)) 17.611ms
[390.000s][info][gc          ] Allocation Stall (Executor task launch worker for task 19.0 in stage 81.0 (TID 1362)) 19.083ms
[390.008s][info][gc,phases   ] GC(2136) Concurrent Select Relocation Set 8.450ms
[390.009s][info][gc,phases   ] GC(2136) Pause Relocate Start 0.007ms
[390.055s][info][gc          ] Allocation Stall (Executor task launch worker for task 28.0 in stage 81.0 (TID 1344)) 0.077ms
[390.055s][info][gc          ] Allocation Stall (Executor task launch worker for task 5.0 in stage 81.0 (TID 1326)) 0.076ms
[390.055s][info][gc          ] Allocation Stall (Executor task launch worker for task 39.0 in stage 81.0 (TID 1353)) 0.140ms
[390.055s][info][gc          ] Allocation Stall (Executor task launch worker for task 31.0 in stage 81.0 (TID 1346)) 0.171ms
[390.055s][info][gc          ] Allocation Stall (Executor task launch worker for task 45.0 in stage 81.0 (TID 1369)) 0.208ms
[390.055s][info][gc          ] Allocation Stall (Executor task launch worker for task 20.0 in stage 81.0 (TID 1363)) 0.241ms
[390.055s][info][gc          ] Allocation Stall (Executor task launch worker for task 24.0 in stage 81.0 (TID 1364)) 0.265ms
[390.055s][info][gc          ] Allocation Stall (Executor task launch worker for task 17.0 in stage 81.0 (TID 1336)) 0.285ms
[390.055s][info][gc          ] Allocation Stall (Executor task launch worker for task 21.0 in stage 81.0 (TID 1338)) 0.288ms
[390.055s][info][gc          ] Allocation Stall (Executor task launch worker for task 26.0 in stage 81.0 (TID 1342)) 0.353ms
[390.055s][info][gc          ] Allocation Stall (Executor task launch worker for task 38.0 in stage 81.0 (TID 1352)) 0.386ms
[390.055s][info][gc          ] Allocation Stall (Executor task launch worker for task 0.0 in stage 81.0 (TID 1358)) 0.416ms
[390.055s][info][gc          ] Allocation Stall (Executor task launch worker for task 22.0 in stage 81.0 (TID 1339)) 0.444ms
[390.055s][info][gc          ] Allocation Stall (Executor task launch worker for task 40.0 in stage 81.0 (TID 1354)) 0.492ms
[390.055s][info][gc          ] Allocation Stall (Executor task launch worker for task 43.0 in stage 81.0 (TID 1356)) 0.521ms
[390.055s][info][gc          ] Allocation Stall (Executor task launch worker for task 1.0 in stage 81.0 (TID 1323)) 0.603ms
[390.055s][info][gc          ] Allocation Stall (Executor task launch worker for task 4.0 in stage 81.0 (TID 1325)) 0.649ms
[390.060s][info][gc          ] Allocation Stall (Executor task launch worker for task 47.0 in stage 81.0 (TID 1357)) 5.702ms
[390.060s][info][gc          ] Allocation Stall (Executor task launch worker for task 12.0 in stage 81.0 (TID 1332)) 5.734ms
[390.060s][info][gc          ] Allocation Stall (Executor task launch worker for task 10.0 in stage 81.0 (TID 1331)) 5.772ms
[390.060s][info][gc          ] Allocation Stall (Executor task launch worker for task 14.0 in stage 81.0 (TID 1361)) 5.809ms
[390.060s][info][gc          ] Allocation Stall (Executor task launch worker for task 6.0 in stage 81.0 (TID 1327)) 5.845ms
[390.062s][info][gc          ] Allocation Stall (Executor task launch worker for task 2.0 in stage 81.0 (TID 1324)) 6.974ms
[390.062s][info][gc          ] Allocation Stall (Executor task launch worker for task 18.0 in stage 81.0 (TID 1337)) 6.802ms
[390.063s][info][gc          ] Allocation Stall (Executor task launch worker for task 11.0 in stage 81.0 (TID 1360)) 8.079ms
[390.063s][info][gc          ] Allocation Stall (Executor task launch worker for task 21.0 in stage 81.0 (TID 1338)) 7.735ms
[390.063s][info][gc          ] Allocation Stall (Executor task launch worker for task 1.0 in stage 81.0 (TID 1323)) 8.025ms
[390.064s][info][gc          ] Allocation Stall (Executor task launch worker for task 43.0 in stage 81.0 (TID 1356)) 8.066ms
[390.064s][info][gc          ] Allocation Stall (Executor task launch worker for task 8.0 in stage 81.0 (TID 1329)) 7.398ms
[390.064s][info][gc          ] Allocation Stall (Executor task launch worker for task 27.0 in stage 81.0 (TID 1343)) 7.187ms
[390.064s][info][gc          ] Allocation Stall (Executor task launch worker for task 33.0 in stage 81.0 (TID 1348)) 6.955ms
[390.064s][info][gc          ] Allocation Stall (Executor task launch worker for task 30.0 in stage 81.0 (TID 1365)) 6.950ms
[390.064s][info][gc          ] Allocation Stall (Executor task launch worker for task 35.0 in stage 81.0 (TID 1366)) 6.781ms
[390.064s][info][gc          ] Allocation Stall (Executor task launch worker for task 39.0 in stage 81.0 (TID 1353)) 5.392ms
[390.064s][info][gc          ] Allocation Stall (Executor task launch worker for task 38.0 in stage 81.0 (TID 1352)) 5.279ms
[390.064s][info][gc          ] Allocation Stall (Executor task launch worker for task 34.0 in stage 81.0 (TID 1349)) 5.164ms
[390.064s][info][gc          ] Allocation Stall (Executor task launch worker for task 31.0 in stage 81.0 (TID 1346)) 4.938ms
[390.064s][info][gc          ] Allocation Stall (Executor task launch worker for task 20.0 in stage 81.0 (TID 1363)) 4.900ms
[390.064s][info][gc          ] Allocation Stall (Executor task launch worker for task 5.0 in stage 81.0 (TID 1326)) 4.871ms
[390.064s][info][gc          ] Allocation Stall (Executor task launch worker for task 28.0 in stage 81.0 (TID 1344)) 4.871ms
[390.064s][info][gc          ] Allocation Stall (Executor task launch worker for task 45.0 in stage 81.0 (TID 1369)) 4.854ms
[390.064s][info][gc          ] Allocation Stall (Executor task launch worker for task 17.0 in stage 81.0 (TID 1336)) 4.571ms
[390.064s][info][gc          ] Allocation Stall (Executor task launch worker for task 24.0 in stage 81.0 (TID 1364)) 4.395ms
[390.064s][info][gc          ] Allocation Stall (Executor task launch worker for task 0.0 in stage 81.0 (TID 1358)) 4.436ms
[390.064s][info][gc          ] Allocation Stall (Executor task launch worker for task 22.0 in stage 81.0 (TID 1339)) 4.228ms
[390.087s][info][gc          ] Allocation Stall (Executor task launch worker for task 13.0 in stage 81.0 (TID 1333)) 12.823ms
[390.087s][info][gc          ] Allocation Stall (Executor task launch worker for task 44.0 in stage 81.0 (TID 1368)) 13.356ms
[390.087s][info][gc          ] Allocation Stall (Executor task launch worker for task 2.0 in stage 81.0 (TID 1324)) 12.930ms
[390.087s][info][gc          ] Allocation Stall (Executor task launch worker for task 36.0 in stage 81.0 (TID 1350)) 12.784ms
[390.087s][info][gc          ] Allocation Stall (Executor task launch worker for task 42.0 in stage 81.0 (TID 1367)) 13.054ms
[390.087s][info][gc          ] Allocation Stall (Executor task launch worker for task 38.0 in stage 81.0 (TID 1352)) 13.440ms
[390.087s][info][gc          ] Allocation Stall (Executor task launch worker for task 29.0 in stage 81.0 (TID 1345)) 13.348ms
[390.087s][info][gc          ] Allocation Stall (Executor task launch worker for task 7.0 in stage 81.0 (TID 1328)) 13.093ms
[390.087s][info][gc          ] Allocation Stall (Executor task launch worker for task 14.0 in stage 81.0 (TID 1361)) 13.255ms
[390.087s][info][gc          ] Allocation Stall (Executor task launch worker for task 41.0 in stage 81.0 (TID 1355)) 12.800ms
[390.087s][info][gc          ] Allocation Stall (Executor task launch worker for task 17.0 in stage 81.0 (TID 1336)) 13.453ms
[390.087s][info][gc          ] Allocation Stall (Executor task launch worker for task 19.0 in stage 81.0 (TID 1362)) 15.970ms
[390.087s][info][gc          ] Allocation Stall (Executor task launch worker for task 22.0 in stage 81.0 (TID 1339)) 15.949ms
[390.087s][info][gc,phases   ] GC(2136) Concurrent Relocate 78.000ms
[390.087s][info][gc          ] Allocation Stall (Executor task launch worker for task 34.0 in stage 81.0 (TID 1349)) 15.847ms
[390.087s][info][gc          ] Allocation Stall (Executor task launch worker for task 33.0 in stage 81.0 (TID 1348)) 15.464ms
[390.087s][info][gc          ] Allocation Stall (Executor task launch worker for task 47.0 in stage 81.0 (TID 1357)) 14.409ms
[390.088s][info][gc,load     ] GC(2136) Load: 0.00/0.00/0.00
[390.088s][info][gc          ] Allocation Stall (Executor task launch worker for task 6.0 in stage 81.0 (TID 1327)) 13.201ms
[390.088s][info][gc          ] Allocation Stall (Executor task launch worker for task 4.0 in stage 81.0 (TID 1325)) 13.279ms
[390.088s][info][gc,mmu      ] GC(2136) MMU: 2ms/86.2%, 5ms/94.5%, 10ms/97.2%, 20ms/98.6%, 50ms/99.4%, 100ms/99.6%
[390.088s][info][gc          ] Allocation Stall (Executor task launch worker for task 37.0 in stage 81.0 (TID 1351)) 13.135ms
[390.088s][info][gc          ] Allocation Stall (Executor task launch worker for task 18.0 in stage 81.0 (TID 1337)) 12.549ms
[390.088s][info][gc,marking  ] GC(2136) Mark: 8 stripe(s), 3 proactive flush(es), 1 terminate flush(es), 0 completion(s), 0 continuation(s) 
[390.088s][info][gc          ] Allocation Stall (Executor task launch worker for task 3.0 in stage 81.0 (TID 1359)) 12.530ms
[390.088s][info][gc          ] Allocation Stall (Executor task launch worker for task 10.0 in stage 81.0 (TID 1331)) 12.418ms
[390.088s][info][gc,marking  ] GC(2136) Mark Stack Usage: 32M
[390.088s][info][gc          ] Allocation Stall (Executor task launch worker for task 11.0 in stage 81.0 (TID 1360)) 12.393ms
[390.088s][info][gc,nmethod  ] GC(2136) NMethods: 8068 registered, 1210 unregistered
[390.088s][info][gc          ] Allocation Stall (Executor task launch worker for task 27.0 in stage 81.0 (TID 1343)) 12.313ms
[390.088s][info][gc,metaspace] GC(2136) Metaspace: 120M used, 123M committed, 1152M reserved
[390.088s][info][gc          ] Allocation Stall (Executor task launch worker for task 21.0 in stage 81.0 (TID 1338)) 12.374ms
[390.088s][info][gc,ref      ] GC(2136) Soft: 2877 encountered, 645 discovered, 0 enqueued
[390.088s][info][gc          ] Allocation Stall (Executor task launch worker for task 1.0 in stage 81.0 (TID 1323)) 12.325ms
[390.088s][info][gc,ref      ] GC(2136) Weak: 14367 encountered, 3240 discovered, 2 enqueued
[390.088s][info][gc          ] Allocation Stall (Executor task launch worker for task 43.0 in stage 81.0 (TID 1356)) 11.916ms
[390.088s][info][gc,ref      ] GC(2136) Final: 84 encountered, 17 discovered, 0 enqueued
[390.088s][info][gc          ] Allocation Stall (Executor task launch worker for task 46.0 in stage 81.0 (TID 1370)) 11.700ms
[390.089s][info][gc,ref      ] GC(2136) Phantom: 764 encountered, 526 discovered, 0 enqueued
[390.089s][info][gc          ] Allocation Stall (Executor task launch worker for task 12.0 in stage 81.0 (TID 1332)) 11.735ms
[390.089s][info][gc,reloc    ] GC(2136) Small Pages: 377 / 754M, Empty: 598M, Relocated: 6M, In-Place: 0
[390.089s][info][gc,reloc    ] GC(2136) Medium Pages: 38 / 1216M, Empty: 0M, Relocated: 25M, In-Place: 0
[390.089s][info][gc,reloc    ] GC(2136) Large Pages: 0 / 0M, Empty: 0M, Relocated: 0M, In-Place: 0
[390.089s][info][gc,reloc    ] GC(2136) Forwarding Usage: 1M
[390.089s][info][gc,heap     ] GC(2136) Min Capacity: 8M(0%)
[390.089s][info][gc,heap     ] GC(2136) Max Capacity: 2048M(100%)
[390.089s][info][gc,heap     ] GC(2136) Soft Max Capacity: 2048M(100%)
[390.089s][info][gc,heap     ] GC(2136)                Mark Start          Mark End        Relocate Start      Relocate End           High               Low         
[390.089s][info][gc,heap     ] GC(2136)  Capacity:     2048M (100%)       2048M (100%)       2048M (100%)       2048M (100%)       2048M (100%)       2048M (100%)   
[390.089s][info][gc,heap     ] GC(2136)      Free:       52M (3%)            0M (0%)          504M (25%)           0M (0%)          578M (28%)           0M (0%)     
[390.089s][info][gc,heap     ] GC(2136)      Used:     1996M (97%)        2048M (100%)       1544M (75%)        2048M (100%)       2048M (100%)       1470M (72%)    
[390.089s][info][gc,heap     ] GC(2136)      Live:         -              1104M (54%)        1104M (54%)        1104M (54%)            -                  -          
[390.089s][info][gc,heap     ] GC(2136) Allocated:         -                52M (3%)          146M (7%)          751M (37%)            -                  -          
[390.089s][info][gc,heap     ] GC(2136)   Garbage:         -               891M (44%)         293M (14%)         191M (9%)             -                  -          
[390.089s][info][gc,heap     ] GC(2136) Reclaimed:         -                  -               598M (29%)         699M (34%)            -                  -          
[390.089s][info][gc          ] GC(2136) Garbage Collection (Allocation Stall) 1996M(97%)->2048M(100%)
[390.089s][info][gc,start    ] GC(2137) Garbage Collection (Allocation Stall)
[390.089s][info][gc,ref      ] GC(2137) Clearing All SoftReferences
[390.089s][info][gc,task     ] GC(2137) Using 12 workers
[390.090s][info][gc,ref      ] GC(2137) Clearing All SoftReferences
[390.090s][info][gc,phases   ] GC(2137) Pause Mark Start 0.036ms
[390.090s][info][gc          ] Allocation Stall (Executor task launch worker for task 23.0 in stage 81.0 (TID 1340)) 12.857ms
[390.090s][info][gc          ] Allocation Stall (Executor task launch worker for task 8.0 in stage 81.0 (TID 1329)) 12.272ms
[390.090s][info][gc          ] Allocation Stall (Executor task launch worker for task 32.0 in stage 81.0 (TID 1347)) 12.289ms
[390.090s][info][gc          ] Allocation Stall (Executor task launch worker for task 28.0 in stage 81.0 (TID 1344)) 12.712ms
[390.090s][info][gc          ] Allocation Stall (Executor task launch worker for task 45.0 in stage 81.0 (TID 1369)) 12.535ms
[390.090s][info][gc          ] Allocation Stall (Executor task launch worker for task 20.0 in stage 81.0 (TID 1363)) 12.805ms
[390.090s][info][gc          ] Allocation Stall (Executor task launch worker for task 0.0 in stage 81.0 (TID 1358)) 12.370ms
[390.090s][info][gc          ] Allocation Stall (Executor task launch worker for task 40.0 in stage 81.0 (TID 1354)) 12.144ms
[390.090s][info][gc          ] Allocation Stall (Executor task launch worker for task 16.0 in stage 81.0 (TID 1335)) 12.073ms
[390.090s][info][gc          ] Allocation Stall (Executor task launch worker for task 5.0 in stage 81.0 (TID 1326)) 12.284ms
[390.090s][info][gc          ] Allocation Stall (Executor task launch worker for task 31.0 in stage 81.0 (TID 1346)) 12.217ms
[390.090s][info][gc          ] Allocation Stall (Executor task launch worker for task 26.0 in stage 81.0 (TID 1342)) 12.443ms
[390.090s][info][gc          ] Allocation Stall (Executor task launch worker for task 24.0 in stage 81.0 (TID 1364)) 12.128ms
[390.090s][info][gc          ] Allocation Stall (Executor task launch worker for task 35.0 in stage 81.0 (TID 1366)) 12.189ms
[390.090s][info][gc          ] Allocation Stall (Executor task launch worker for task 15.0 in stage 81.0 (TID 1334)) 12.161ms
[390.091s][info][gc          ] Allocation Stall (Executor task launch worker for task 39.0 in stage 81.0 (TID 1353)) 12.189ms
[390.091s][info][gc          ] Allocation Stall (Executor task launch worker for task 9.0 in stage 81.0 (TID 1330)) 12.229ms
[390.091s][info][gc          ] Allocation Stall (Executor task launch worker for task 25.0 in stage 81.0 (TID 1341)) 12.248ms
[390.091s][info][gc          ] Allocation Stall (Executor task launch worker for task 30.0 in stage 81.0 (TID 1365)) 8.388ms
[390.091s][info][gc          ] Allocation Stall (Executor task launch worker for task 37.0 in stage 81.0 (TID 1351)) 0.419ms
[390.091s][info][gc          ] Allocation Stall (Executor task launch worker for task 21.0 in stage 81.0 (TID 1338)) 0.500ms
[390.091s][info][gc          ] Allocation Stall (Executor task launch worker for task 12.0 in stage 81.0 (TID 1332)) 0.534ms
[390.091s][info][gc          ] Allocation Stall (Executor task launch worker for task 1.0 in stage 81.0 (TID 1323)) 0.583ms
[390.091s][info][gc          ] Allocation Stall (Executor task launch worker for task 2.0 in stage 81.0 (TID 1324)) 0.616ms
[390.091s][info][gc          ] Allocation Stall (Executor task launch worker for task 42.0 in stage 81.0 (TID 1367)) 0.657ms
[390.091s][info][gc          ] Allocation Stall (Executor task launch worker for task 18.0 in stage 81.0 (TID 1337)) 0.700ms
[390.091s][info][gc          ] Allocation Stall (Executor task launch worker for task 10.0 in stage 81.0 (TID 1331)) 0.740ms
[390.091s][info][gc          ] Allocation Stall (Executor task launch worker for task 44.0 in stage 81.0 (TID 1368)) 0.823ms
[390.091s][info][gc          ] Allocation Stall (Executor task launch worker for task 4.0 in stage 81.0 (TID 1325)) 0.858ms
[390.091s][info][gc          ] Allocation Stall (Executor task launch worker for task 13.0 in stage 81.0 (TID 1333)) 0.895ms
[390.091s][info][gc          ] Allocation Stall (Executor task launch worker for task 11.0 in stage 81.0 (TID 1360)) 0.930ms
[390.091s][info][gc          ] Allocation Stall (Executor task launch worker for task 6.0 in stage 81.0 (TID 1327)) 0.963ms
[390.091s][info][gc          ] Allocation Stall (Executor task launch worker for task 3.0 in stage 81.0 (TID 1359)) 1.012ms
[390.091s][info][gc          ] Allocation Stall (Executor task launch worker for task 46.0 in stage 81.0 (TID 1370)) 1.048ms
[390.091s][info][gc          ] Allocation Stall (Executor task launch worker for task 43.0 in stage 81.0 (TID 1356)) 1.133ms
[390.091s][info][gc          ] Allocation Stall (Executor task launch worker for task 34.0 in stage 81.0 (TID 1349)) 1.153ms
[390.091s][info][gc          ] Allocation Stall (Executor task launch worker for task 19.0 in stage 81.0 (TID 1362)) 1.182ms
[390.092s][info][gc          ] Allocation Stall (Executor task launch worker for task 17.0 in stage 81.0 (TID 1336)) 1.241ms
[390.092s][info][gc          ] Allocation Stall (Executor task launch worker for task 29.0 in stage 81.0 (TID 1345)) 1.273ms
[390.092s][info][gc          ] Allocation Stall (Executor task launch worker for task 47.0 in stage 81.0 (TID 1357)) 1.313ms
[390.092s][info][gc          ] Allocation Stall (Executor task launch worker for task 27.0 in stage 81.0 (TID 1343)) 1.428ms
[390.092s][info][gc          ] Allocation Stall (Executor task launch worker for task 22.0 in stage 81.0 (TID 1339)) 1.440ms
[390.121s][info][gc,phases   ] GC(2137) Concurrent Mark 31.182ms
[390.122s][info][gc,phases   ] GC(2137) Pause Mark End 0.021ms
[390.122s][info][gc,phases   ] GC(2137) Concurrent Mark Free 0.001ms
[390.124s][info][gc,phases   ] GC(2137) Concurrent Process Non-Strong References 2.517ms
[390.124s][info][gc,phases   ] GC(2137) Concurrent Reset Relocation Set 0.005ms
[390.124s][info][gc          ] Allocation Stall (Executor task launch worker for task 18.0 in stage 81.0 (TID 1337)) 20.236ms
[390.124s][info][gc          ] Allocation Stall (Executor task launch worker for task 25.0 in stage 81.0 (TID 1341)) 20.199ms
[390.124s][info][gc          ] Allocation Stall (Executor task launch worker for task 19.0 in stage 81.0 (TID 1362)) 21.458ms
[390.124s][info][gc          ] Allocation Stall (Executor task launch worker for task 42.0 in stage 81.0 (TID 1367)) 19.642ms
[390.124s][info][gc          ] Allocation Stall (Executor task launch worker for task 3.0 in stage 81.0 (TID 1359)) 19.549ms
[390.124s][info][gc          ] Allocation Stall (Executor task launch worker for task 7.0 in stage 81.0 (TID 1328)) 20.834ms
[390.124s][info][gc          ] Allocation Stall (Executor task launch worker for task 13.0 in stage 81.0 (TID 1333)) 22.187ms
[390.124s][info][gc          ] Allocation Stall (Executor task launch worker for task 15.0 in stage 81.0 (TID 1334)) 21.732ms
[390.124s][info][gc          ] Allocation Stall (Executor task launch worker for task 26.0 in stage 81.0 (TID 1342)) 21.680ms
[390.124s][info][gc          ] Allocation Stall (Executor task launch worker for task 5.0 in stage 81.0 (TID 1326)) 20.804ms
[390.124s][info][gc          ] Allocation Stall (Executor task launch worker for task 2.0 in stage 81.0 (TID 1324)) 24.578ms
[390.124s][info][gc          ] Allocation Stall (Executor task launch worker for task 0.0 in stage 81.0 (TID 1358)) 20.248ms
[390.124s][info][gc          ] Allocation Stall (Executor task launch worker for task 8.0 in stage 81.0 (TID 1329)) 21.669ms
[390.124s][info][gc          ] Allocation Stall (Executor task launch worker for task 14.0 in stage 81.0 (TID 1361)) 21.958ms
[390.124s][info][gc          ] Allocation Stall (Executor task launch worker for task 22.0 in stage 81.0 (TID 1339)) 19.524ms
[390.124s][info][gc          ] Allocation Stall (Executor task launch worker for task 28.0 in stage 81.0 (TID 1344)) 21.799ms
[390.124s][info][gc          ] Allocation Stall (Executor task launch worker for task 32.0 in stage 81.0 (TID 1347)) 24.529ms
[390.124s][info][gc          ] Allocation Stall (Executor task launch worker for task 1.0 in stage 81.0 (TID 1323)) 19.709ms
[390.124s][info][gc          ] Allocation Stall (Executor task launch worker for task 11.0 in stage 81.0 (TID 1360)) 19.562ms
[390.124s][info][gc          ] Allocation Stall (Executor task launch worker for task 35.0 in stage 81.0 (TID 1366)) 19.827ms
[390.124s][info][gc          ] Allocation Stall (Executor task launch worker for task 4.0 in stage 81.0 (TID 1325)) 19.719ms
[390.124s][info][gc          ] Allocation Stall (Executor task launch worker for task 43.0 in stage 81.0 (TID 1356)) 19.500ms
[390.124s][info][gc          ] Allocation Stall (Executor task launch worker for task 39.0 in stage 81.0 (TID 1353)) 19.679ms
[390.124s][info][gc          ] Allocation Stall (Executor task launch worker for task 45.0 in stage 81.0 (TID 1369)) 20.885ms
[390.124s][info][gc          ] Allocation Stall (Executor task launch worker for task 36.0 in stage 81.0 (TID 1350)) 20.472ms
[390.124s][info][gc          ] Allocation Stall (Executor task launch worker for task 12.0 in stage 81.0 (TID 1332)) 19.651ms
[390.124s][info][gc          ] Allocation Stall (Executor task launch worker for task 30.0 in stage 81.0 (TID 1365)) 19.776ms
[390.124s][info][gc          ] Allocation Stall (Executor task launch worker for task 40.0 in stage 81.0 (TID 1354)) 24.479ms
[390.124s][info][gc          ] Allocation Stall (Executor task launch worker for task 33.0 in stage 81.0 (TID 1348)) 20.415ms
[390.124s][info][gc          ] Allocation Stall (Executor task launch worker for task 34.0 in stage 81.0 (TID 1349)) 19.592ms
[390.124s][info][gc          ] Allocation Stall (Executor task launch worker for task 10.0 in stage 81.0 (TID 1331)) 19.682ms
[390.124s][info][gc          ] Allocation Stall (Executor task launch worker for task 6.0 in stage 81.0 (TID 1327)) 23.478ms
[390.124s][info][gc          ] Allocation Stall (Executor task launch worker for task 9.0 in stage 81.0 (TID 1330)) 19.482ms
[390.124s][info][gc          ] Allocation Stall (Executor task launch worker for task 37.0 in stage 81.0 (TID 1351)) 19.735ms
[390.124s][info][gc          ] Allocation Stall (Executor task launch worker for task 44.0 in stage 81.0 (TID 1368)) 22.555ms
[390.124s][info][gc          ] Allocation Stall (Executor task launch worker for task 27.0 in stage 81.0 (TID 1343)) 22.533ms
[390.124s][info][gc          ] Allocation Stall (Executor task launch worker for task 16.0 in stage 81.0 (TID 1335)) 21.891ms
[390.124s][info][gc          ] Allocation Stall (Executor task launch worker for task 24.0 in stage 81.0 (TID 1364)) 23.436ms
[390.124s][info][gc          ] Allocation Stall (Executor task launch worker for task 41.0 in stage 81.0 (TID 1355)) 21.873ms
[390.124s][info][gc          ] Allocation Stall (Executor task launch worker for task 21.0 in stage 81.0 (TID 1338)) 22.467ms
[390.124s][info][gc          ] Allocation Stall (Executor task launch worker for task 29.0 in stage 81.0 (TID 1345)) 22.260ms
[390.124s][info][gc          ] Allocation Stall (Executor task launch worker for task 23.0 in stage 81.0 (TID 1340)) 24.106ms
[390.124s][info][gc          ] Allocation Stall (Executor task launch worker for task 20.0 in stage 81.0 (TID 1363)) 22.450ms
[390.124s][info][gc          ] Allocation Stall (Executor task launch worker for task 17.0 in stage 81.0 (TID 1336)) 24.393ms
[390.124s][info][gc          ] Allocation Stall (Executor task launch worker for task 31.0 in stage 81.0 (TID 1346)) 24.593ms
[390.124s][info][gc          ] Allocation Stall (Executor task launch worker for task 38.0 in stage 81.0 (TID 1352)) 23.479ms
[390.124s][info][gc          ] Allocation Stall (Executor task launch worker for task 47.0 in stage 81.0 (TID 1357)) 24.431ms
[390.124s][info][gc          ] Allocation Stall (Executor task launch worker for task 46.0 in stage 81.0 (TID 1370)) 23.421ms
[390.128s][info][gc,phases   ] GC(2137) Concurrent Select Relocation Set 3.736ms
[390.128s][info][gc,phases   ] GC(2137) Pause Relocate Start 0.007ms
[390.133s][info][gc,phases   ] GC(2137) Concurrent Relocate 4.433ms
[390.133s][info][gc,load     ] GC(2137) Load: 0.00/0.00/0.00
[390.133s][info][gc,mmu      ] GC(2137) MMU: 2ms/86.2%, 5ms/94.5%, 10ms/97.2%, 20ms/98.6%, 50ms/99.4%, 100ms/99.6%
[390.133s][info][gc,marking  ] GC(2137) Mark: 8 stripe(s), 2 proactive flush(es), 1 terminate flush(es), 0 completion(s), 0 continuation(s) 
[390.133s][info][gc,marking  ] GC(2137) Mark Stack Usage: 32M
[390.133s][info][gc,nmethod  ] GC(2137) NMethods: 8068 registered, 1210 unregistered
[390.133s][info][gc,metaspace] GC(2137) Metaspace: 120M used, 123M committed, 1152M reserved
[390.133s][info][gc,ref      ] GC(2137) Soft: 2877 encountered, 326 discovered, 0 enqueued
[390.133s][info][gc,ref      ] GC(2137) Weak: 14365 encountered, 3613 discovered, 0 enqueued
[390.133s][info][gc,ref      ] GC(2137) Final: 84 encountered, 2 discovered, 0 enqueued
[390.133s][info][gc,ref      ] GC(2137) Phantom: 764 encountered, 641 discovered, 0 enqueued
[390.133s][info][gc,reloc    ] GC(2137) Small Pages: 404 / 808M, Empty: 672M, Relocated: 6M, In-Place: 0
[390.133s][info][gc,reloc    ] GC(2137) Medium Pages: 38 / 1216M, Empty: 0M, Relocated: 0M, In-Place: 0
[390.133s][info][gc,reloc    ] GC(2137) Large Pages: 0 / 0M, Empty: 0M, Relocated: 0M, In-Place: 0
[390.133s][info][gc,reloc    ] GC(2137) Forwarding Usage: 1M
[390.133s][info][gc,heap     ] GC(2137) Min Capacity: 8M(0%)
[390.133s][info][gc,heap     ] GC(2137) Max Capacity: 2048M(100%)
[390.133s][info][gc,heap     ] GC(2137) Soft Max Capacity: 2048M(100%)
[390.133s][info][gc,heap     ] GC(2137)                Mark Start          Mark End        Relocate Start      Relocate End           High               Low         
[390.133s][info][gc,heap     ] GC(2137)  Capacity:     2048M (100%)       2048M (100%)       2048M (100%)       2048M (100%)       2048M (100%)       2048M (100%)   
[390.134s][info][gc,heap     ] GC(2137)      Free:        0M (0%)            0M (0%)          634M (31%)         624M (30%)         668M (33%)           0M (0%)     
[390.134s][info][gc,heap     ] GC(2137)      Used:     2048M (100%)       2048M (100%)       1414M (69%)        1424M (70%)        2048M (100%)       1380M (67%)    
[390.134s][info][gc,heap     ] GC(2137)      Live:         -              1113M (54%)        1113M (54%)        1113M (54%)            -                  -          
[390.134s][info][gc,heap     ] GC(2137) Allocated:         -                 0M (0%)           38M (2%)           95M (5%)             -                  -          
[390.134s][info][gc,heap     ] GC(2137)   Garbage:         -               934M (46%)         262M (13%)         215M (11%)            -                  -          
[390.134s][info][gc,heap     ] GC(2137) Reclaimed:         -                  -               672M (33%)         719M (35%)            -                  -          
[390.134s][info][gc          ] GC(2137) Garbage Collection (Allocation Stall) 2048M(100%)->1424M(70%)
[390.153s][info][gc,start    ] GC(2138) Garbage Collection (Allocation Stall)
[390.153s][info][gc,ref      ] GC(2138) Clearing All SoftReferences
[390.153s][info][gc,stats    ] === Garbage Collection Statistics =======================================================================================================================
[390.153s][info][gc,task     ] GC(2138) Using 12 workers
[390.154s][info][gc,stats    ]                                                              Last 10s              Last 10m              Last 10h                Total
[390.154s][info][gc,stats    ]                                                              Avg / Max             Avg / Max             Avg / Max             Avg / Max
[390.154s][info][gc,stats    ]   Collector: Garbage Collection Cycle                     99.297 / 286.788     108.882 / 540.805     108.882 / 540.805     108.882 / 540.805     ms
[390.154s][info][gc,stats    ]  Contention: Mark Segment Reset Contention                    54 / 97               36 / 125              36 / 125              36 / 125         ops/s
[390.154s][info][gc,stats    ]  Contention: Mark SeqNum Reset Contention                      8 / 21                5 / 22                5 / 22                5 / 22          ops/s
[390.154s][info][gc,stats    ]    Critical: Allocation Stall                                335 / 770             259 / 1037            259 / 1037            259 / 1037        ops/s
[390.154s][info][gc,ref      ] GC(2138) Clearing All SoftReferences
[390.154s][info][gc,stats    ]    Critical: Allocation Stall                             15.409 / 61.583       15.913 / 335.244      15.913 / 335.244      15.913 / 335.244     ms
[390.154s][info][gc,phases   ] GC(2138) Pause Mark Start 0.067ms
[390.154s][info][gc,stats    ]    Critical: GC Locker Stall                                   0 / 1                 0 / 1                 0 / 1                 0 / 1           ops/s
[390.154s][info][gc,stats    ]    Critical: GC Locker Stall                               0.001 / 0.001         0.001 / 0.001         0.001 / 0.001         0.001 / 0.001       ms
[390.154s][info][gc,stats    ]    Critical: Relocation Stall                                  0 / 1                 1 / 59                1 / 59                1 / 59          ops/s
[390.154s][info][gc,stats    ]    Critical: Relocation Stall                             72.943 / 72.943       21.533 / 258.161      21.533 / 258.161      21.533 / 258.161     ms
[390.154s][info][gc,stats    ]      Memory: Allocation Rate                                7789 / 10896          5632 / 18834          5632 / 18834          5632 / 18834       MB/s
[390.154s][info][gc,stats    ]      Memory: Defragment                                      351 / 641             257 / 780             257 / 780             257 / 780         ops/s
[390.154s][info][gc,stats    ]      Memory: Out Of Memory                                     0 / 0                 0 / 0                 0 / 0                 0 / 0           ops/s
[390.154s][info][gc,stats    ]      Memory: Page Cache Flush                               1473 / 2896           1084 / 3216           1084 / 3216           1084 / 3216        MB/s
[390.154s][info][gc,stats    ]      Memory: Page Cache Hit L1                              3253 / 5040           2329 / 9176           2329 / 9176           2329 / 9176        ops/s
[390.155s][info][gc,stats    ]      Memory: Page Cache Hit L2                                 0 / 0                 0 / 0                 0 / 0                 0 / 0           ops/s
[390.155s][info][gc,stats    ]      Memory: Page Cache Hit L3                               332 / 614             246 / 742             246 / 742             246 / 742         ops/s
[390.155s][info][gc,stats    ]      Memory: Page Cache Miss                                  26 / 55               19 / 64               19 / 64               19 / 64          ops/s
[390.155s][info][gc,stats    ]      Memory: Uncommit                                          0 / 0                 0 / 0                 0 / 0                 0 / 0           MB/s
[390.155s][info][gc,stats    ]      Memory: Undo Object Allocation Failed                   497 / 1030            267 / 3254            267 / 3254            267 / 3254        ops/s
[390.155s][info][gc,stats    ]      Memory: Undo Object Allocation Succeeded                 65 / 235              41 / 1620             41 / 1620             41 / 1620        ops/s
[390.155s][info][gc,stats    ]      Memory: Undo Page Allocation                           1671 / 3172           1210 / 5658           1210 / 5658           1210 / 5658        ops/s
[390.155s][info][gc,stats    ]       Phase: Concurrent Mark                              34.133 / 120.241      38.002 / 295.090      38.002 / 295.090      38.002 / 295.090     ms
[390.155s][info][gc,stats    ]       Phase: Concurrent Mark Continue                      0.000 / 0.000         0.000 / 0.000         0.000 / 0.000         0.000 / 0.000       ms
[390.155s][info][gc,stats    ]       Phase: Concurrent Mark Free                          0.001 / 0.003         0.001 / 0.020         0.001 / 0.020         0.001 / 0.020       ms
[390.155s][info][gc,stats    ]       Phase: Concurrent Process Non-Strong References      7.137 / 60.883        5.936 / 206.013       5.936 / 206.013       5.936 / 206.013     ms
[390.155s][info][gc,stats    ]       Phase: Concurrent Relocate                          43.226 / 205.759      43.846 / 364.323      43.846 / 364.323      43.846 / 364.323     ms
[390.155s][info][gc,stats    ]       Phase: Concurrent Reset Relocation Set               0.005 / 0.020         0.005 / 0.038         0.005 / 0.038         0.005 / 0.038       ms
[390.155s][info][gc,stats    ]       Phase: Concurrent Select Relocation Set              4.982 / 32.266        7.909 / 96.103        7.909 / 96.103        7.909 / 96.103      ms
[390.155s][info][gc,stats    ]       Phase: Pause Mark End                                0.025 / 0.046         0.025 / 0.219         0.025 / 0.219         0.025 / 0.219       ms
[390.155s][info][gc,stats    ]       Phase: Pause Mark Start                              0.039 / 0.071         0.038 / 0.276         0.038 / 0.276         0.038 / 0.276       ms
[390.155s][info][gc,stats    ]       Phase: Pause Relocate Start                          0.009 / 0.013         0.008 / 0.046         0.008 / 0.046         0.008 / 0.046       ms
[390.155s][info][gc,stats    ]    Subphase: Concurrent Classes Purge                      0.044 / 1.045         0.088 / 24.821        0.088 / 24.821        0.088 / 24.821      ms
[390.155s][info][gc,stats    ]    Subphase: Concurrent Classes Unlink                     5.543 / 28.875        4.444 / 190.575       4.444 / 190.575       4.444 / 190.575     ms
[390.155s][info][gc,stats    ]    Subphase: Concurrent Mark                              28.589 / 116.599      29.057 / 237.807      29.057 / 237.807      29.057 / 237.807     ms
[390.155s][info][gc,stats    ]    Subphase: Concurrent Mark Try Flush                     1.824 / 72.189        2.340 / 115.056       2.340 / 115.056       2.340 / 115.056     ms
[390.155s][info][gc,stats    ]    Subphase: Concurrent Mark Try Terminate                 9.966 / 17.069        9.985 / 78.095        9.985 / 78.095        9.985 / 78.095      ms
[390.155s][info][gc,stats    ]    Subphase: Concurrent References Enqueue                 0.002 / 0.005         0.002 / 0.016         0.002 / 0.016         0.002 / 0.016       ms
[390.155s][info][gc,stats    ]    Subphase: Concurrent References Process                 0.112 / 0.286         0.122 / 1.460         0.122 / 1.460         0.122 / 1.460       ms
[390.155s][info][gc,stats    ]    Subphase: Concurrent Roots ClassLoaderDataGraph         0.118 / 0.959         0.129 / 2.992         0.129 / 2.992         0.129 / 2.992       ms
[390.155s][info][gc,stats    ]    Subphase: Concurrent Roots CodeCache                    0.000 / 0.000         0.000 / 0.000         0.000 / 0.000         0.000 / 0.000       ms
[390.155s][info][gc,stats    ]    Subphase: Concurrent Roots JavaThreads                  3.966 / 20.762        7.528 / 243.527       7.528 / 243.527       7.528 / 243.527     ms
[390.155s][info][gc,stats    ]    Subphase: Concurrent Roots OopStorageSet                0.030 / 0.087         0.033 / 1.224         0.033 / 1.224         0.033 / 1.224       ms
[390.155s][info][gc,stats    ]    Subphase: Concurrent Weak Roots OopStorageSet           0.295 / 0.542         0.286 / 1.150         0.286 / 1.150         0.286 / 1.150       ms
[390.155s][info][gc,stats    ]    Subphase: Pause Mark Try Complete                       0.000 / 0.000         0.004 / 0.149         0.004 / 0.149         0.004 / 0.149       ms
[390.155s][info][gc,stats    ]      System: Java Threads                                    253 / 271             237 / 279             237 / 279             237 / 279         threads
[390.155s][info][gc,stats    ] =========================================================================================================================================================
[390.262s][info][gc,phases   ] GC(2138) Concurrent Mark 21.378ms
[390.262s][info][gc,phases   ] GC(2138) Pause Mark End 0.018ms
[390.262s][info][gc,phases   ] GC(2138) Concurrent Mark Free 0.001ms
[390.265s][info][gc,phases   ] GC(2138) Concurrent Process Non-Strong References 2.477ms
[390.265s][info][gc,phases   ] GC(2138) Concurrent Reset Relocation Set 0.004ms
[390.265s][info][gc          ] Allocation Stall (Executor task launch worker for task 28.0 in stage 81.0 (TID 1344)) 19.567ms
[390.265s][info][gc          ] Allocation Stall (Executor task launch worker for task 10.0 in stage 81.0 (TID 1331)) 20.253ms
[390.265s][info][gc          ] Allocation Stall (Executor task launch worker for task 8.0 in stage 81.0 (TID 1329)) 19.806ms
[390.265s][info][gc          ] Allocation Stall (Executor task launch worker for task 15.0 in stage 81.0 (TID 1334)) 19.654ms
[390.265s][info][gc          ] Allocation Stall (Executor task launch worker for task 17.0 in stage 81.0 (TID 1336)) 20.735ms
[390.265s][info][gc          ] Allocation Stall (Executor task launch worker for task 2.0 in stage 81.0 (TID 1324)) 20.529ms
[390.265s][info][gc          ] Allocation Stall (Executor task launch worker for task 27.0 in stage 81.0 (TID 1343)) 19.549ms
[390.265s][info][gc          ] Allocation Stall (Executor task launch worker for task 23.0 in stage 81.0 (TID 1340)) 21.594ms
[390.265s][info][gc          ] Allocation Stall (Executor task launch worker for task 35.0 in stage 81.0 (TID 1366)) 20.054ms
[390.265s][info][gc          ] Allocation Stall (Executor task launch worker for task 30.0 in stage 81.0 (TID 1365)) 22.537ms
[390.265s][info][gc          ] Allocation Stall (Executor task launch worker for task 13.0 in stage 81.0 (TID 1333)) 21.982ms
[390.265s][info][gc          ] Allocation Stall (Executor task launch worker for task 7.0 in stage 81.0 (TID 1328)) 21.670ms
[390.265s][info][gc          ] Allocation Stall (Executor task launch worker for task 43.0 in stage 81.0 (TID 1356)) 21.375ms
[390.265s][info][gc          ] Allocation Stall (Executor task launch worker for task 5.0 in stage 81.0 (TID 1326)) 21.138ms
[390.265s][info][gc          ] Allocation Stall (Executor task launch worker for task 6.0 in stage 81.0 (TID 1327)) 19.965ms
[390.265s][info][gc          ] Allocation Stall (Executor task launch worker for task 11.0 in stage 81.0 (TID 1360)) 20.471ms
[390.265s][info][gc          ] Allocation Stall (Executor task launch worker for task 44.0 in stage 81.0 (TID 1368)) 19.791ms
[390.265s][info][gc          ] Allocation Stall (Executor task launch worker for task 24.0 in stage 81.0 (TID 1364)) 22.328ms
[390.265s][info][gc          ] Allocation Stall (Executor task launch worker for task 0.0 in stage 81.0 (TID 1358)) 22.588ms
[390.265s][info][gc          ] Allocation Stall (Executor task launch worker for task 32.0 in stage 81.0 (TID 1347)) 22.240ms
[390.265s][info][gc          ] Allocation Stall (Executor task launch worker for task 33.0 in stage 81.0 (TID 1348)) 22.567ms
[390.265s][info][gc          ] Allocation Stall (Executor task launch worker for task 3.0 in stage 81.0 (TID 1359)) 21.745ms
[390.265s][info][gc          ] Allocation Stall (Executor task launch worker for task 20.0 in stage 81.0 (TID 1363)) 24.008ms
[390.265s][info][gc          ] Allocation Stall (Executor task launch worker for task 16.0 in stage 81.0 (TID 1335)) 19.880ms
[390.265s][info][gc          ] Allocation Stall (Executor task launch worker for task 46.0 in stage 81.0 (TID 1370)) 22.707ms
[390.265s][info][gc          ] Allocation Stall (Executor task launch worker for task 18.0 in stage 81.0 (TID 1337)) 24.487ms
[390.265s][info][gc          ] Allocation Stall (Executor task launch worker for task 22.0 in stage 81.0 (TID 1339)) 21.769ms
[390.265s][info][gc          ] Allocation Stall (Executor task launch worker for task 40.0 in stage 81.0 (TID 1354)) 24.034ms
[390.265s][info][gc          ] Allocation Stall (Executor task launch worker for task 38.0 in stage 81.0 (TID 1352)) 21.611ms
[390.265s][info][gc          ] Allocation Stall (Executor task launch worker for task 21.0 in stage 81.0 (TID 1338)) 21.325ms
[390.265s][info][gc          ] Allocation Stall (Executor task launch worker for task 12.0 in stage 81.0 (TID 1332)) 19.792ms
[390.265s][info][gc          ] Allocation Stall (Executor task launch worker for task 4.0 in stage 81.0 (TID 1325)) 24.525ms
[390.265s][info][gc          ] Allocation Stall (Executor task launch worker for task 31.0 in stage 81.0 (TID 1346)) 22.284ms
[390.265s][info][gc          ] Allocation Stall (Executor task launch worker for task 41.0 in stage 81.0 (TID 1355)) 20.061ms
[390.265s][info][gc          ] Allocation Stall (Spark Context Cleaner) 2.933ms
[390.265s][info][gc          ] Allocation Stall (Executor task launch worker for task 26.0 in stage 81.0 (TID 1342)) 21.043ms
[390.265s][info][gc          ] Allocation Stall (Executor task launch worker for task 29.0 in stage 81.0 (TID 1345)) 24.001ms
[390.265s][info][gc          ] Allocation Stall (Executor task launch worker for task 9.0 in stage 81.0 (TID 1330)) 23.731ms
[390.265s][info][gc          ] Allocation Stall (Executor task launch worker for task 45.0 in stage 81.0 (TID 1369)) 16.513ms
[390.265s][info][gc          ] Allocation Stall (Executor task launch worker for task 36.0 in stage 81.0 (TID 1350)) 23.466ms
[390.265s][info][gc          ] Allocation Stall (Executor task launch worker for task 47.0 in stage 81.0 (TID 1357)) 19.605ms
[390.265s][info][gc          ] Allocation Stall (Executor task launch worker for task 1.0 in stage 81.0 (TID 1323)) 20.402ms
[390.265s][info][gc          ] Allocation Stall (Executor task launch worker for task 39.0 in stage 81.0 (TID 1353)) 23.650ms
[390.265s][info][gc          ] Allocation Stall (Executor task launch worker for task 14.0 in stage 81.0 (TID 1361)) 24.175ms
[390.265s][info][gc          ] Allocation Stall (Executor task launch worker for task 37.0 in stage 81.0 (TID 1351)) 24.085ms
[390.265s][info][gc          ] Allocation Stall (Executor task launch worker for task 19.0 in stage 81.0 (TID 1362)) 23.186ms
[390.265s][info][gc          ] Allocation Stall (Executor task launch worker for task 42.0 in stage 81.0 (TID 1367)) 19.922ms
[390.265s][info][gc          ] Allocation Stall (Executor task launch worker for task 34.0 in stage 81.0 (TID 1349)) 21.646ms
[390.265s][info][gc          ] Allocation Stall (Executor task launch worker for task 25.0 in stage 81.0 (TID 1341)) 19.832ms
[390.269s][info][gc,phases   ] GC(2138) Concurrent Select Relocation Set 3.841ms
[390.274s][info][gc,phases   ] GC(2138) Pause Relocate Start 0.008ms
[390.279s][info][gc,phases   ] GC(2138) Concurrent Relocate 5.134ms
[390.279s][info][gc,load     ] GC(2138) Load: 0.00/0.00/0.00
[390.279s][info][gc,mmu      ] GC(2138) MMU: 2ms/86.2%, 5ms/94.5%, 10ms/97.2%, 20ms/98.6%, 50ms/99.4%, 100ms/99.6%
[390.279s][info][gc,marking  ] GC(2138) Mark: 8 stripe(s), 2 proactive flush(es), 1 terminate flush(es), 0 completion(s), 0 continuation(s) 
[390.279s][info][gc,marking  ] GC(2138) Mark Stack Usage: 32M
[390.279s][info][gc,nmethod  ] GC(2138) NMethods: 8068 registered, 1210 unregistered
[390.279s][info][gc,metaspace] GC(2138) Metaspace: 120M used, 123M committed, 1152M reserved
[390.279s][info][gc,ref      ] GC(2138) Soft: 2877 encountered, 321 discovered, 0 enqueued
[390.279s][info][gc,ref      ] GC(2138) Weak: 14365 encountered, 1111 discovered, 0 enqueued
[390.279s][info][gc,ref      ] GC(2138) Final: 84 encountered, 19 discovered, 0 enqueued
[390.279s][info][gc,ref      ] GC(2138) Phantom: 764 encountered, 679 discovered, 0 enqueued
[390.279s][info][gc,reloc    ] GC(2138) Small Pages: 231 / 462M, Empty: 330M, Relocated: 3M, In-Place: 0
[390.279s][info][gc,reloc    ] GC(2138) Medium Pages: 38 / 1216M, Empty: 0M, Relocated: 0M, In-Place: 0
[390.280s][info][gc,reloc    ] GC(2138) Large Pages: 0 / 0M, Empty: 0M, Relocated: 0M, In-Place: 0
[390.280s][info][gc,reloc    ] GC(2138) Forwarding Usage: 0M
[390.280s][info][gc,heap     ] GC(2138) Min Capacity: 8M(0%)
[390.280s][info][gc,heap     ] GC(2138) Max Capacity: 2048M(100%)
[390.280s][info][gc,heap     ] GC(2138) Soft Max Capacity: 2048M(100%)
[390.280s][info][gc,heap     ] GC(2138)                Mark Start          Mark End        Relocate Start      Relocate End           High               Low         
[390.280s][info][gc,heap     ] GC(2138)  Capacity:     2048M (100%)       2048M (100%)       2048M (100%)       2048M (100%)       2048M (100%)       2048M (100%)   
[390.280s][info][gc,heap     ] GC(2138)      Free:      370M (18%)           0M (0%)          268M (13%)         230M (11%)         370M (18%)           0M (0%)     
[390.280s][info][gc,heap     ] GC(2138)      Used:     1678M (82%)        2048M (100%)       1780M (87%)        1818M (89%)        2048M (100%)       1678M (82%)    
[390.280s][info][gc,heap     ] GC(2138)      Live:         -              1113M (54%)        1113M (54%)        1113M (54%)            -                  -          
[390.280s][info][gc,heap     ] GC(2138) Allocated:         -               370M (18%)         432M (21%)         507M (25%)            -                  -          
[390.280s][info][gc,heap     ] GC(2138)   Garbage:         -               564M (28%)         234M (11%)         197M (10%)            -                  -          
[390.280s][info][gc,heap     ] GC(2138) Reclaimed:         -                  -               330M (16%)         367M (18%)            -                  -          
[390.280s][info][gc          ] GC(2138) Garbage Collection (Allocation Stall) 1678M(82%)->1818M(89%)
[390.303s][info][gc,start    ] GC(2139) Garbage Collection (Allocation Stall)
[390.303s][info][gc,ref      ] GC(2139) Clearing All SoftReferences
[390.303s][info][gc,task     ] GC(2139) Using 12 workers
[390.304s][info][gc,ref      ] GC(2139) Clearing All SoftReferences
[390.304s][info][gc,phases   ] GC(2139) Pause Mark Start 0.036ms
[390.322s][info][gc,phases   ] GC(2139) Concurrent Mark 18.453ms
[390.322s][info][gc,phases   ] GC(2139) Pause Mark End 0.024ms
[390.322s][info][gc,phases   ] GC(2139) Concurrent Mark Free 0.001ms
[390.325s][info][gc,phases   ] GC(2139) Concurrent Process Non-Strong References 2.295ms
[390.325s][info][gc,phases   ] GC(2139) Concurrent Reset Relocation Set 0.004ms
[390.325s][info][gc          ] Allocation Stall (Executor task launch worker for task 31.0 in stage 81.0 (TID 1346)) 21.115ms
[390.325s][info][gc          ] Allocation Stall (Executor task launch worker for task 29.0 in stage 81.0 (TID 1345)) 21.702ms
[390.325s][info][gc          ] Allocation Stall (Executor task launch worker for task 36.0 in stage 81.0 (TID 1350)) 21.121ms
[390.325s][info][gc          ] Allocation Stall (Executor task launch worker for task 9.0 in stage 81.0 (TID 1330)) 21.734ms
[390.325s][info][gc          ] Allocation Stall (Executor task launch worker for task 6.0 in stage 81.0 (TID 1327)) 21.133ms
[390.325s][info][gc          ] Allocation Stall (Executor task launch worker for task 22.0 in stage 81.0 (TID 1339)) 21.131ms
[390.325s][info][gc          ] Allocation Stall (Executor task launch worker for task 37.0 in stage 81.0 (TID 1351)) 22.050ms
[390.325s][info][gc          ] Allocation Stall (Executor task launch worker for task 32.0 in stage 81.0 (TID 1347)) 21.710ms
[390.325s][info][gc          ] Allocation Stall (Executor task launch worker for task 4.0 in stage 81.0 (TID 1325)) 21.697ms
[390.325s][info][gc          ] Allocation Stall (Executor task launch worker for task 17.0 in stage 81.0 (TID 1336)) 21.139ms
[390.325s][info][gc          ] Allocation Stall (Executor task launch worker for task 19.0 in stage 81.0 (TID 1362)) 21.147ms
[390.325s][info][gc          ] Allocation Stall (Executor task launch worker for task 46.0 in stage 81.0 (TID 1370)) 21.129ms
[390.325s][info][gc          ] Allocation Stall (Executor task launch worker for task 23.0 in stage 81.0 (TID 1340)) 21.744ms
[390.325s][info][gc          ] Allocation Stall (Executor task launch worker for task 34.0 in stage 81.0 (TID 1349)) 21.934ms
[390.325s][info][gc          ] Allocation Stall (Executor task launch worker for task 15.0 in stage 81.0 (TID 1334)) 21.137ms
[390.325s][info][gc          ] Allocation Stall (Executor task launch worker for task 11.0 in stage 81.0 (TID 1360)) 21.150ms
[390.325s][info][gc          ] Allocation Stall (Executor task launch worker for task 28.0 in stage 81.0 (TID 1344)) 21.160ms
[390.325s][info][gc          ] Allocation Stall (Executor task launch worker for task 33.0 in stage 81.0 (TID 1348)) 21.158ms
[390.325s][info][gc          ] Allocation Stall (Executor task launch worker for task 5.0 in stage 81.0 (TID 1326)) 21.169ms
[390.325s][info][gc          ] Allocation Stall (Executor task launch worker for task 42.0 in stage 81.0 (TID 1367)) 16.914ms
[390.325s][info][gc          ] Allocation Stall (Executor task launch worker for task 47.0 in stage 81.0 (TID 1357)) 21.120ms
[390.325s][info][gc          ] Allocation Stall (Executor task launch worker for task 44.0 in stage 81.0 (TID 1368)) 21.154ms
[390.325s][info][gc          ] Allocation Stall (Executor task launch worker for task 21.0 in stage 81.0 (TID 1338)) 21.947ms
[390.325s][info][gc          ] Allocation Stall (Executor task launch worker for task 26.0 in stage 81.0 (TID 1342)) 21.157ms
[390.325s][info][gc          ] Allocation Stall (Executor task launch worker for task 0.0 in stage 81.0 (TID 1358)) 21.157ms
[390.325s][info][gc          ] Allocation Stall (Executor task launch worker for task 39.0 in stage 81.0 (TID 1353)) 22.083ms
[390.325s][info][gc          ] Allocation Stall (Executor task launch worker for task 35.0 in stage 81.0 (TID 1366)) 21.951ms
[390.325s][info][gc          ] Allocation Stall (Executor task launch worker for task 7.0 in stage 81.0 (TID 1328)) 21.989ms
[390.325s][info][gc          ] Allocation Stall (Executor task launch worker for task 18.0 in stage 81.0 (TID 1337)) 22.026ms
[390.325s][info][gc          ] Allocation Stall (Executor task launch worker for task 24.0 in stage 81.0 (TID 1364)) 22.017ms
[390.325s][info][gc          ] Allocation Stall (Executor task launch worker for task 1.0 in stage 81.0 (TID 1323)) 21.964ms
[390.325s][info][gc          ] Allocation Stall (Executor task launch worker for task 30.0 in stage 81.0 (TID 1365)) 21.942ms
[390.325s][info][gc          ] Allocation Stall (Executor task launch worker for task 3.0 in stage 81.0 (TID 1359)) 21.944ms
[390.325s][info][gc          ] Allocation Stall (Executor task launch worker for task 20.0 in stage 81.0 (TID 1363)) 21.935ms
[390.325s][info][gc          ] Allocation Stall (Executor task launch worker for task 13.0 in stage 81.0 (TID 1333)) 21.882ms
[390.325s][info][gc          ] Allocation Stall (Executor task launch worker for task 8.0 in stage 81.0 (TID 1329)) 21.879ms
[390.325s][info][gc          ] Allocation Stall (Executor task launch worker for task 43.0 in stage 81.0 (TID 1356)) 21.968ms
[390.325s][info][gc          ] Allocation Stall (Executor task launch worker for task 2.0 in stage 81.0 (TID 1324)) 21.886ms
[390.325s][info][gc          ] Allocation Stall (Executor task launch worker for task 40.0 in stage 81.0 (TID 1354)) 21.885ms
[390.325s][info][gc          ] Allocation Stall (Executor task launch worker for task 16.0 in stage 81.0 (TID 1335)) 21.880ms
[390.325s][info][gc          ] Allocation Stall (Executor task launch worker for task 45.0 in stage 81.0 (TID 1369)) 22.116ms
[390.325s][info][gc          ] Allocation Stall (Executor task launch worker for task 10.0 in stage 81.0 (TID 1331)) 21.896ms
[390.325s][info][gc          ] Allocation Stall (Executor task launch worker for task 41.0 in stage 81.0 (TID 1355)) 21.862ms
[390.325s][info][gc          ] Allocation Stall (Executor task launch worker for task 27.0 in stage 81.0 (TID 1343)) 22.182ms
[390.325s][info][gc          ] Allocation Stall (Executor task launch worker for task 38.0 in stage 81.0 (TID 1352)) 21.864ms
[390.325s][info][gc          ] Allocation Stall (Executor task launch worker for task 25.0 in stage 81.0 (TID 1341)) 21.855ms
[390.325s][info][gc          ] Allocation Stall (Executor task launch worker for task 12.0 in stage 81.0 (TID 1332)) 21.857ms
[390.325s][info][gc          ] Allocation Stall (Executor task launch worker for task 14.0 in stage 81.0 (TID 1361)) 21.854ms
[390.343s][info][gc,phases   ] GC(2139) Concurrent Select Relocation Set 17.874ms
[390.354s][info][gc,phases   ] GC(2139) Pause Relocate Start 0.008ms
[390.395s][info][gc          ] Allocation Stall (Executor task launch worker for task 36.0 in stage 81.0 (TID 1350)) 0.013ms
[390.396s][info][gc          ] Allocation Stall (Executor task launch worker for task 18.0 in stage 81.0 (TID 1337)) 0.244ms
[390.397s][info][gc          ] Allocation Stall (Executor task launch worker for task 2.0 in stage 81.0 (TID 1324)) 1.568ms
[390.397s][info][gc          ] Allocation Stall (Executor task launch worker for task 13.0 in stage 81.0 (TID 1333)) 1.589ms
[390.397s][info][gc          ] Allocation Stall (Executor task launch worker for task 10.0 in stage 81.0 (TID 1331)) 1.635ms
[390.397s][info][gc          ] Allocation Stall (Executor task launch worker for task 31.0 in stage 81.0 (TID 1346)) 1.534ms
[390.397s][info][gc          ] Allocation Stall (Executor task launch worker for task 5.0 in stage 81.0 (TID 1326)) 1.529ms
[390.397s][info][gc          ] Allocation Stall (Executor task launch worker for task 34.0 in stage 81.0 (TID 1349)) 1.584ms
[390.397s][info][gc          ] Allocation Stall (Executor task launch worker for task 20.0 in stage 81.0 (TID 1363)) 1.630ms
[390.397s][info][gc          ] Allocation Stall (Executor task launch worker for task 39.0 in stage 81.0 (TID 1353)) 1.523ms
[390.397s][info][gc          ] Allocation Stall (Executor task launch worker for task 28.0 in stage 81.0 (TID 1344)) 1.912ms
[390.397s][info][gc          ] Allocation Stall (Executor task launch worker for task 35.0 in stage 81.0 (TID 1366)) 1.755ms
[390.397s][info][gc          ] Allocation Stall (Executor task launch worker for task 21.0 in stage 81.0 (TID 1338)) 1.733ms
[390.397s][info][gc          ] Allocation Stall (Executor task launch worker for task 19.0 in stage 81.0 (TID 1362)) 1.705ms
[390.397s][info][gc          ] Allocation Stall (Executor task launch worker for task 46.0 in stage 81.0 (TID 1370)) 1.706ms
[390.397s][info][gc          ] Allocation Stall (Executor task launch worker for task 3.0 in stage 81.0 (TID 1359)) 1.699ms
[390.397s][info][gc          ] Allocation Stall (Executor task launch worker for task 44.0 in stage 81.0 (TID 1368)) 1.688ms
[390.397s][info][gc          ] Allocation Stall (Executor task launch worker for task 6.0 in stage 81.0 (TID 1327)) 1.683ms
[390.398s][info][gc          ] Allocation Stall (Executor task launch worker for task 17.0 in stage 81.0 (TID 1336)) 2.130ms
[390.398s][info][gc          ] Allocation Stall (Executor task launch worker for task 12.0 in stage 81.0 (TID 1332)) 2.137ms
[390.398s][info][gc          ] Allocation Stall (Executor task launch worker for task 43.0 in stage 81.0 (TID 1356)) 2.146ms
[390.398s][info][gc          ] Allocation Stall (Executor task launch worker for task 25.0 in stage 81.0 (TID 1341)) 2.137ms
[390.398s][info][gc          ] Allocation Stall (Executor task launch worker for task 38.0 in stage 81.0 (TID 1352)) 2.130ms
[390.398s][info][gc          ] Allocation Stall (Executor task launch worker for task 42.0 in stage 81.0 (TID 1367)) 2.137ms
[390.398s][info][gc          ] Allocation Stall (Executor task launch worker for task 7.0 in stage 81.0 (TID 1328)) 2.156ms
[390.398s][info][gc          ] Allocation Stall (Spark Context Cleaner) 2.215ms
[390.398s][info][gc          ] Allocation Stall (Executor task launch worker for task 26.0 in stage 81.0 (TID 1342)) 2.227ms
[390.398s][info][gc          ] Allocation Stall (Executor task launch worker for task 32.0 in stage 81.0 (TID 1347)) 2.251ms
[390.398s][info][gc          ] Allocation Stall (Executor task launch worker for task 8.0 in stage 81.0 (TID 1329)) 2.277ms
[390.398s][info][gc          ] Allocation Stall (Executor task launch worker for task 41.0 in stage 81.0 (TID 1355)) 2.288ms
[390.398s][info][gc          ] Allocation Stall (Executor task launch worker for task 0.0 in stage 81.0 (TID 1358)) 2.287ms
[390.398s][info][gc          ] Allocation Stall (Executor task launch worker for task 40.0 in stage 81.0 (TID 1354)) 2.344ms
[390.398s][info][gc          ] Allocation Stall (Executor task launch worker for task 16.0 in stage 81.0 (TID 1335)) 2.373ms
[390.398s][info][gc          ] Allocation Stall (Executor task launch worker for task 23.0 in stage 81.0 (TID 1340)) 2.400ms
[390.398s][info][gc          ] Allocation Stall (Executor task launch worker for task 24.0 in stage 81.0 (TID 1364)) 2.447ms
[390.398s][info][gc          ] Allocation Stall (Executor task launch worker for task 15.0 in stage 81.0 (TID 1334)) 2.493ms
[390.399s][info][gc          ] Allocation Stall (Executor task launch worker for task 33.0 in stage 81.0 (TID 1348)) 2.529ms
[390.399s][info][gc          ] Allocation Stall (Executor task launch worker for task 37.0 in stage 81.0 (TID 1351)) 2.568ms
[390.402s][info][gc          ] Allocation Stall (Executor task launch worker for task 9.0 in stage 81.0 (TID 1330)) 6.336ms
[390.402s][info][gc          ] Allocation Stall (Executor task launch worker for task 1.0 in stage 81.0 (TID 1323)) 6.378ms
[390.402s][info][gc          ] Allocation Stall (Executor task launch worker for task 4.0 in stage 81.0 (TID 1325)) 6.398ms
[390.402s][info][gc          ] Allocation Stall (Executor task launch worker for task 30.0 in stage 81.0 (TID 1365)) 6.201ms
[390.403s][info][gc          ] Allocation Stall (Executor task launch worker for task 27.0 in stage 81.0 (TID 1343)) 6.286ms
[390.403s][info][gc          ] Allocation Stall (Executor task launch worker for task 22.0 in stage 81.0 (TID 1339)) 6.314ms
[390.403s][info][gc          ] Allocation Stall (Executor task launch worker for task 36.0 in stage 81.0 (TID 1350)) 6.325ms
[390.403s][info][gc          ] Allocation Stall (Executor task launch worker for task 14.0 in stage 81.0 (TID 1361)) 6.364ms
[390.403s][info][gc          ] Allocation Stall (Executor task launch worker for task 18.0 in stage 81.0 (TID 1337)) 6.796ms
[390.403s][info][gc          ] Allocation Stall (Executor task launch worker for task 29.0 in stage 81.0 (TID 1345)) 6.830ms
[390.403s][info][gc          ] Allocation Stall (Executor task launch worker for task 11.0 in stage 81.0 (TID 1360)) 6.823ms
[390.403s][info][gc          ] Allocation Stall (Executor task launch worker for task 45.0 in stage 81.0 (TID 1369)) 5.981ms
[390.403s][info][gc          ] Allocation Stall (dag-scheduler-event-loop) 6.007ms
[390.403s][info][gc          ] Allocation Stall (Executor task launch worker for task 16.0 in stage 81.0 (TID 1335)) 1.897ms
[390.403s][info][gc          ] Allocation Stall (Executor task launch worker for task 12.0 in stage 81.0 (TID 1332)) 1.944ms
[390.404s][info][gc          ] Allocation Stall (Executor task launch worker for task 23.0 in stage 81.0 (TID 1340)) 1.942ms
[390.404s][info][gc          ] Allocation Stall (Executor task launch worker for task 40.0 in stage 81.0 (TID 1354)) 1.968ms
[390.404s][info][gc          ] Allocation Stall (Executor task launch worker for task 7.0 in stage 81.0 (TID 1328)) 1.970ms
[390.404s][info][gc          ] Allocation Stall (Executor task launch worker for task 26.0 in stage 81.0 (TID 1342)) 1.889ms
[390.404s][info][gc          ] Allocation Stall (Executor task launch worker for task 38.0 in stage 81.0 (TID 1352)) 1.934ms
[390.404s][info][gc          ] Allocation Stall (Executor task launch worker for task 41.0 in stage 81.0 (TID 1355)) 2.184ms
[390.404s][info][gc          ] Allocation Stall (Executor task launch worker for task 8.0 in stage 81.0 (TID 1329)) 2.181ms
[390.404s][info][gc          ] Allocation Stall (Executor task launch worker for task 17.0 in stage 81.0 (TID 1336)) 1.505ms
[390.404s][info][gc          ] Allocation Stall (Executor task launch worker for task 0.0 in stage 81.0 (TID 1358)) 2.094ms
[390.404s][info][gc          ] Allocation Stall (Executor task launch worker for task 32.0 in stage 81.0 (TID 1347)) 2.143ms
[390.404s][info][gc          ] Allocation Stall (Executor task launch worker for task 24.0 in stage 81.0 (TID 1364)) 2.015ms
[390.404s][info][gc          ] Allocation Stall (Executor task launch worker for task 43.0 in stage 81.0 (TID 1356)) 1.289ms
[390.404s][info][gc          ] Allocation Stall (Executor task launch worker for task 42.0 in stage 81.0 (TID 1367)) 2.206ms
[390.404s][info][gc,phases   ] GC(2139) Concurrent Relocate 50.213ms
[390.404s][info][gc,load     ] GC(2139) Load: 0.00/0.00/0.00
[390.404s][info][gc,mmu      ] GC(2139) MMU: 2ms/86.2%, 5ms/94.5%, 10ms/97.2%, 20ms/98.6%, 50ms/99.4%, 100ms/99.6%
[390.404s][info][gc,marking  ] GC(2139) Mark: 8 stripe(s), 2 proactive flush(es), 1 terminate flush(es), 0 completion(s), 0 continuation(s) 
[390.404s][info][gc,marking  ] GC(2139) Mark Stack Usage: 32M
[390.404s][info][gc,nmethod  ] GC(2139) NMethods: 8068 registered, 1210 unregistered
[390.404s][info][gc,metaspace] GC(2139) Metaspace: 120M used, 123M committed, 1152M reserved
[390.404s][info][gc,ref      ] GC(2139) Soft: 2888 encountered, 399 discovered, 8 enqueued
[390.404s][info][gc,ref      ] GC(2139) Weak: 13731 encountered, 1123 discovered, 4 enqueued
[390.405s][info][gc,ref      ] GC(2139) Final: 84 encountered, 3 discovered, 0 enqueued
[390.405s][info][gc,ref      ] GC(2139) Phantom: 764 encountered, 565 discovered, 0 enqueued
[390.405s][info][gc,reloc    ] GC(2139) Small Pages: 396 / 792M, Empty: 624M, Relocated: 3M, In-Place: 0
[390.405s][info][gc,reloc    ] GC(2139) Medium Pages: 39 / 1248M, Empty: 0M, Relocated: 18M, In-Place: 0
[390.405s][info][gc,reloc    ] GC(2139) Large Pages: 1 / 8M, Empty: 0M, Relocated: 0M, In-Place: 0
[390.405s][info][gc,reloc    ] GC(2139) Forwarding Usage: 0M
[390.405s][info][gc,heap     ] GC(2139) Min Capacity: 8M(0%)
[390.405s][info][gc,heap     ] GC(2139) Max Capacity: 2048M(100%)
[390.405s][info][gc,heap     ] GC(2139) Soft Max Capacity: 2048M(100%)
[390.405s][info][gc,heap     ] GC(2139)                Mark Start          Mark End        Relocate Start      Relocate End           High               Low         
[390.405s][info][gc,heap     ] GC(2139)  Capacity:     2048M (100%)       2048M (100%)       2048M (100%)       2048M (100%)       2048M (100%)       2048M (100%)   
[390.405s][info][gc,heap     ] GC(2139)      Free:        0M (0%)            0M (0%)          472M (23%)          16M (1%)          566M (28%)           0M (0%)     
[390.405s][info][gc,heap     ] GC(2139)      Used:     2048M (100%)       2048M (100%)       1576M (77%)        2032M (99%)        2048M (100%)       1482M (72%)    
[390.405s][info][gc,heap     ] GC(2139)      Live:         -              1122M (55%)        1122M (55%)        1122M (55%)            -                  -          
[390.405s][info][gc,heap     ] GC(2139) Allocated:         -                 0M (0%)          152M (7%)          702M (34%)            -                  -          
[390.405s][info][gc,heap     ] GC(2139)   Garbage:         -               925M (45%)         301M (15%)         207M (10%)            -                  -          
[390.405s][info][gc,heap     ] GC(2139) Reclaimed:         -                  -               624M (30%)         718M (35%)            -                  -          
[390.405s][info][gc          ] GC(2139) Garbage Collection (Allocation Stall) 2048M(100%)->2032M(99%)
[390.432s][info][gc,start    ] GC(2140) Garbage Collection (Allocation Stall)
[390.432s][info][gc,ref      ] GC(2140) Clearing All SoftReferences
[390.432s][info][gc,task     ] GC(2140) Using 12 workers
[390.433s][info][gc,ref      ] GC(2140) Clearing All SoftReferences
[390.433s][info][gc,phases   ] GC(2140) Pause Mark Start 0.041ms
[390.433s][info][gc          ] Allocation Stall (Executor task launch worker for task 34.0 in stage 81.0 (TID 1349)) 0.787ms
[390.433s][info][gc          ] Allocation Stall (Executor task launch worker for task 37.0 in stage 81.0 (TID 1351)) 0.094ms
[390.460s][info][gc,phases   ] GC(2140) Concurrent Mark 27.051ms
[390.460s][info][gc,phases   ] GC(2140) Pause Mark End 0.022ms
[390.461s][info][gc,phases   ] GC(2140) Concurrent Mark Free 0.001ms
[390.483s][info][gc,phases   ] GC(2140) Concurrent Process Non-Strong References 22.523ms
[390.483s][info][gc,phases   ] GC(2140) Concurrent Reset Relocation Set 0.006ms
[390.483s][info][gc          ] Allocation Stall (Executor task launch worker for task 31.0 in stage 81.0 (TID 1346)) 47.256ms
[390.483s][info][gc          ] Allocation Stall (Executor task launch worker for task 46.0 in stage 81.0 (TID 1370)) 46.918ms
[390.483s][info][gc          ] Allocation Stall (Executor task launch worker for task 3.0 in stage 81.0 (TID 1359)) 50.118ms
[390.483s][info][gc          ] Allocation Stall (Executor task launch worker for task 16.0 in stage 81.0 (TID 1335)) 49.995ms
[390.483s][info][gc          ] Allocation Stall (Executor task launch worker for task 7.0 in stage 81.0 (TID 1328)) 46.552ms
[390.483s][info][gc          ] Allocation Stall (Executor task launch worker for task 45.0 in stage 81.0 (TID 1369)) 49.793ms
[390.483s][info][gc          ] Allocation Stall (Executor task launch worker for task 37.0 in stage 81.0 (TID 1351)) 46.762ms
[390.483s][info][gc          ] Allocation Stall (Executor task launch worker for task 34.0 in stage 81.0 (TID 1349)) 46.677ms
[390.483s][info][gc          ] Allocation Stall (Executor task launch worker for task 11.0 in stage 81.0 (TID 1360)) 49.646ms
[390.483s][info][gc          ] Allocation Stall (Executor task launch worker for task 29.0 in stage 81.0 (TID 1345)) 49.817ms
[390.483s][info][gc          ] Allocation Stall (Executor task launch worker for task 15.0 in stage 81.0 (TID 1334)) 49.832ms
[390.483s][info][gc          ] Allocation Stall (Executor task launch worker for task 26.0 in stage 81.0 (TID 1342)) 46.685ms
[390.483s][info][gc          ] Allocation Stall (Executor task launch worker for task 32.0 in stage 81.0 (TID 1347)) 50.092ms
[390.483s][info][gc          ] Allocation Stall (Executor task launch worker for task 33.0 in stage 81.0 (TID 1348)) 46.627ms
[390.483s][info][gc          ] Allocation Stall (Executor task launch worker for task 36.0 in stage 81.0 (TID 1350)) 50.087ms
[390.483s][info][gc          ] Allocation Stall (Executor task launch worker for task 6.0 in stage 81.0 (TID 1327)) 50.075ms
[390.483s][info][gc          ] Allocation Stall (Executor task launch worker for task 2.0 in stage 81.0 (TID 1324)) 46.812ms
[390.483s][info][gc          ] Allocation Stall (Executor task launch worker for task 39.0 in stage 81.0 (TID 1353)) 46.681ms
[390.483s][info][gc          ] Allocation Stall (Executor task launch worker for task 18.0 in stage 81.0 (TID 1337)) 49.935ms
[390.483s][info][gc          ] Allocation Stall (Executor task launch worker for task 1.0 in stage 81.0 (TID 1323)) 50.019ms
[390.483s][info][gc          ] Allocation Stall (Executor task launch worker for task 20.0 in stage 81.0 (TID 1363)) 50.187ms
[390.483s][info][gc          ] Allocation Stall (Executor task launch worker for task 8.0 in stage 81.0 (TID 1329)) 46.795ms
[390.483s][info][gc          ] Allocation Stall (Executor task launch worker for task 0.0 in stage 81.0 (TID 1358)) 50.097ms
[390.483s][info][gc          ] Allocation Stall (Executor task launch worker for task 17.0 in stage 81.0 (TID 1336)) 49.661ms
[390.483s][info][gc          ] Allocation Stall (Executor task launch worker for task 30.0 in stage 81.0 (TID 1365)) 46.959ms
[390.483s][info][gc          ] Allocation Stall (Executor task launch worker for task 19.0 in stage 81.0 (TID 1362)) 49.920ms
[390.483s][info][gc          ] Allocation Stall (Executor task launch worker for task 27.0 in stage 81.0 (TID 1343)) 50.043ms
[390.483s][info][gc          ] Allocation Stall (Executor task launch worker for task 28.0 in stage 81.0 (TID 1344)) 50.205ms
[390.483s][info][gc          ] Allocation Stall (Executor task launch worker for task 9.0 in stage 81.0 (TID 1330)) 47.015ms
[390.483s][info][gc          ] Allocation Stall (Executor task launch worker for task 22.0 in stage 81.0 (TID 1339)) 50.099ms
[390.483s][info][gc          ] Allocation Stall (Executor task launch worker for task 21.0 in stage 81.0 (TID 1338)) 50.102ms
[390.483s][info][gc          ] Allocation Stall (Executor task launch worker for task 43.0 in stage 81.0 (TID 1356)) 49.977ms
[390.483s][info][gc          ] Allocation Stall (Executor task launch worker for task 13.0 in stage 81.0 (TID 1333)) 46.955ms
[390.483s][info][gc          ] Allocation Stall (Executor task launch worker for task 12.0 in stage 81.0 (TID 1332)) 46.926ms
[390.483s][info][gc          ] Allocation Stall (Executor task launch worker for task 25.0 in stage 81.0 (TID 1341)) 50.130ms
[390.483s][info][gc          ] Allocation Stall (Executor task launch worker for task 23.0 in stage 81.0 (TID 1340)) 46.704ms
[390.483s][info][gc          ] Allocation Stall (Executor task launch worker for task 42.0 in stage 81.0 (TID 1367)) 47.222ms
[390.483s][info][gc          ] Allocation Stall (Executor task launch worker for task 35.0 in stage 81.0 (TID 1366)) 49.938ms
[390.483s][info][gc          ] Allocation Stall (Executor task launch worker for task 14.0 in stage 81.0 (TID 1361)) 50.286ms
[390.483s][info][gc          ] Allocation Stall (Executor task launch worker for task 40.0 in stage 81.0 (TID 1354)) 50.145ms
[390.483s][info][gc          ] Allocation Stall (Executor task launch worker for task 4.0 in stage 81.0 (TID 1325)) 50.169ms
[390.483s][info][gc          ] Allocation Stall (Executor task launch worker for task 41.0 in stage 81.0 (TID 1355)) 50.280ms
[390.483s][info][gc          ] Allocation Stall (Executor task launch worker for task 44.0 in stage 81.0 (TID 1368)) 50.295ms
[390.483s][info][gc          ] Allocation Stall (Executor task launch worker for task 38.0 in stage 81.0 (TID 1352)) 50.149ms
[390.483s][info][gc          ] Allocation Stall (Executor task launch worker for task 10.0 in stage 81.0 (TID 1331)) 50.168ms
[390.483s][info][gc          ] Allocation Stall (Executor task launch worker for task 24.0 in stage 81.0 (TID 1364)) 50.226ms
[390.483s][info][gc          ] Allocation Stall (Executor task launch worker for task 5.0 in stage 81.0 (TID 1326)) 50.273ms
[390.488s][info][gc,phases   ] GC(2140) Concurrent Select Relocation Set 4.595ms
[390.489s][info][gc,phases   ] GC(2140) Pause Relocate Start 0.011ms
[390.523s][info][gc          ] Allocation Stall (Executor task launch worker for task 17.0 in stage 81.0 (TID 1336)) 4.081ms
[390.523s][info][gc          ] Allocation Stall (Executor task launch worker for task 42.0 in stage 81.0 (TID 1367)) 4.135ms
[390.523s][info][gc          ] Allocation Stall (Executor task launch worker for task 13.0 in stage 81.0 (TID 1333)) 4.072ms
[390.523s][info][gc          ] Allocation Stall (Executor task launch worker for task 5.0 in stage 81.0 (TID 1326)) 3.986ms
[390.524s][info][gc          ] Allocation Stall (Executor task launch worker for task 24.0 in stage 81.0 (TID 1364)) 4.741ms
[390.524s][info][gc          ] Allocation Stall (Executor task launch worker for task 45.0 in stage 81.0 (TID 1369)) 3.295ms
[390.556s][info][gc          ] Allocation Stall (Executor task launch worker for task 32.0 in stage 81.0 (TID 1347)) 0.170ms
[390.556s][info][gc          ] Allocation Stall (Executor task launch worker for task 8.0 in stage 81.0 (TID 1329)) 0.209ms
[390.556s][info][gc          ] Allocation Stall (Executor task launch worker for task 16.0 in stage 81.0 (TID 1335)) 0.185ms
[390.556s][info][gc          ] Allocation Stall (Executor task launch worker for task 22.0 in stage 81.0 (TID 1339)) 0.158ms
[390.556s][info][gc          ] Allocation Stall (Executor task launch worker for task 33.0 in stage 81.0 (TID 1348)) 0.170ms
[390.556s][info][gc          ] Allocation Stall (Executor task launch worker for task 41.0 in stage 81.0 (TID 1355)) 0.191ms
[390.556s][info][gc          ] Allocation Stall (Executor task launch worker for task 0.0 in stage 81.0 (TID 1358)) 0.121ms
[390.556s][info][gc          ] Allocation Stall (Executor task launch worker for task 2.0 in stage 81.0 (TID 1324)) 0.377ms
[390.556s][info][gc          ] Allocation Stall (Executor task launch worker for task 34.0 in stage 81.0 (TID 1349)) 0.254ms
[390.556s][info][gc          ] Allocation Stall (Executor task launch worker for task 6.0 in stage 81.0 (TID 1327)) 0.315ms
[390.751s][info][gc,phases   ] GC(2140) Concurrent Relocate 260.876ms
[390.751s][info][gc,load     ] GC(2140) Load: 0.00/0.00/0.00
[390.751s][info][gc,mmu      ] GC(2140) MMU: 2ms/86.2%, 5ms/94.5%, 10ms/97.2%, 20ms/98.6%, 50ms/99.4%, 100ms/99.6%
[390.751s][info][gc,marking  ] GC(2140) Mark: 8 stripe(s), 2 proactive flush(es), 1 terminate flush(es), 0 completion(s), 0 continuation(s) 
[390.751s][info][gc,marking  ] GC(2140) Mark Stack Usage: 32M
[390.751s][info][gc,nmethod  ] GC(2140) NMethods: 8068 registered, 1210 unregistered
[390.751s][info][gc,metaspace] GC(2140) Metaspace: 120M used, 123M committed, 1152M reserved
[390.751s][info][gc,ref      ] GC(2140) Soft: 2929 encountered, 1350 discovered, 53 enqueued
[390.751s][info][gc,ref      ] GC(2140) Weak: 13791 encountered, 1430 discovered, 24 enqueued
[390.751s][info][gc,ref      ] GC(2140) Final: 84 encountered, 1 discovered, 0 enqueued
[390.751s][info][gc,ref      ] GC(2140) Phantom: 764 encountered, 532 discovered, 0 enqueued
[390.751s][info][gc,reloc    ] GC(2140) Small Pages: 390 / 780M, Empty: 610M, Relocated: 3M, In-Place: 0
[390.751s][info][gc,reloc    ] GC(2140) Medium Pages: 39 / 1248M, Empty: 0M, Relocated: 81M, In-Place: 0
[390.751s][info][gc,reloc    ] GC(2140) Large Pages: 2 / 16M, Empty: 0M, Relocated: 0M, In-Place: 0
[390.751s][info][gc,reloc    ] GC(2140) Forwarding Usage: 0M
[390.751s][info][gc,heap     ] GC(2140) Min Capacity: 8M(0%)
[390.751s][info][gc,heap     ] GC(2140) Max Capacity: 2048M(100%)
[390.751s][info][gc,heap     ] GC(2140) Soft Max Capacity: 2048M(100%)
[390.751s][info][gc,heap     ] GC(2140)                Mark Start          Mark End        Relocate Start      Relocate End           High               Low         
[390.751s][info][gc,heap     ] GC(2140)  Capacity:     2048M (100%)       2048M (100%)       2048M (100%)       2048M (100%)       2048M (100%)       2048M (100%)   
[390.751s][info][gc,heap     ] GC(2140)      Free:        2M (0%)            0M (0%)          554M (27%)          42M (2%)          564M (28%)           0M (0%)     
[390.752s][info][gc,heap     ] GC(2140)      Used:     2046M (100%)       2048M (100%)       1494M (73%)        2006M (98%)        2048M (100%)       1484M (72%)    
[390.752s][info][gc,heap     ] GC(2140)      Live:         -              1126M (55%)        1126M (55%)        1126M (55%)            -                  -          
[390.752s][info][gc,heap     ] GC(2140) Allocated:         -                 2M (0%)           58M (3%)          723M (35%)            -                  -          
[390.752s][info][gc,heap     ] GC(2140)   Garbage:         -               919M (45%)         309M (15%)         156M (8%)             -                  -          
[390.752s][info][gc,heap     ] GC(2140) Reclaimed:         -                  -               610M (30%)         763M (37%)            -                  -          
[390.752s][info][gc          ] GC(2140) Garbage Collection (Allocation Stall) 2046M(100%)->2006M(98%)
[390.795s][info][gc,start    ] GC(2141) Garbage Collection (Allocation Stall)
[390.795s][info][gc,ref      ] GC(2141) Clearing All SoftReferences
[390.795s][info][gc,task     ] GC(2141) Using 12 workers
[390.805s][info][gc,ref      ] GC(2141) Clearing All SoftReferences
[390.805s][info][gc,phases   ] GC(2141) Pause Mark Start 0.047ms
[390.805s][info][gc          ] Allocation Stall (Executor task launch worker for task 29.0 in stage 81.0 (TID 1345)) 10.197ms
[390.805s][info][gc          ] Allocation Stall (Executor task launch worker for task 27.0 in stage 81.0 (TID 1343)) 10.208ms
[390.805s][info][gc          ] Allocation Stall (Executor task launch worker for task 46.0 in stage 81.0 (TID 1370)) 10.123ms
[390.805s][info][gc          ] Allocation Stall (Executor task launch worker for task 2.0 in stage 81.0 (TID 1324)) 10.154ms
[390.836s][info][gc,phases   ] GC(2141) Concurrent Mark 31.079ms
[390.836s][info][gc,phases   ] GC(2141) Pause Mark End 0.018ms
[390.836s][info][gc,phases   ] GC(2141) Concurrent Mark Free 0.000ms
[390.858s][info][gc,phases   ] GC(2141) Concurrent Process Non-Strong References 21.614ms
[390.858s][info][gc,phases   ] GC(2141) Concurrent Reset Relocation Set 0.007ms
[390.858s][info][gc          ] Allocation Stall (Spark Context Cleaner) 22.044ms
[390.858s][info][gc          ] Allocation Stall (Executor task launch worker for task 39.0 in stage 81.0 (TID 1353)) 37.200ms
[390.858s][info][gc          ] Allocation Stall (Executor task launch worker for task 41.0 in stage 81.0 (TID 1355)) 36.346ms
[390.858s][info][gc          ] Allocation Stall (Executor task launch worker for task 42.0 in stage 81.0 (TID 1367)) 36.794ms
[390.858s][info][gc          ] Allocation Stall (Executor task launch worker for task 33.0 in stage 81.0 (TID 1348)) 36.444ms
[390.858s][info][gc          ] Allocation Stall (Executor task launch worker for task 15.0 in stage 81.0 (TID 1334)) 37.277ms
[390.858s][info][gc          ] Allocation Stall (Executor task launch worker for task 45.0 in stage 81.0 (TID 1369)) 36.466ms
[390.858s][info][gc          ] Allocation Stall (Executor task launch worker for task 34.0 in stage 81.0 (TID 1349)) 36.568ms
[390.858s][info][gc          ] Allocation Stall (Executor task launch worker for task 38.0 in stage 81.0 (TID 1352)) 36.275ms
[390.858s][info][gc          ] Allocation Stall (Executor task launch worker for task 44.0 in stage 81.0 (TID 1368)) 37.765ms
[390.858s][info][gc          ] Allocation Stall (Executor task launch worker for task 29.0 in stage 81.0 (TID 1345)) 36.348ms
[390.858s][info][gc          ] Allocation Stall (Executor task launch worker for task 28.0 in stage 81.0 (TID 1344)) 36.425ms
[390.858s][info][gc          ] Allocation Stall (Executor task launch worker for task 21.0 in stage 81.0 (TID 1338)) 37.262ms
[390.858s][info][gc          ] Allocation Stall (Executor task launch worker for task 11.0 in stage 81.0 (TID 1360)) 36.454ms
[390.858s][info][gc          ] Allocation Stall (Executor task launch worker for task 14.0 in stage 81.0 (TID 1361)) 36.314ms
[390.858s][info][gc          ] Allocation Stall (Executor task launch worker for task 20.0 in stage 81.0 (TID 1363)) 36.579ms
[390.858s][info][gc          ] Allocation Stall (Executor task launch worker for task 7.0 in stage 81.0 (TID 1328)) 36.422ms
[390.858s][info][gc          ] Allocation Stall (Executor task launch worker for task 8.0 in stage 81.0 (TID 1329)) 36.571ms
[390.858s][info][gc          ] Allocation Stall (Executor task launch worker for task 30.0 in stage 81.0 (TID 1365)) 38.225ms
[390.858s][info][gc          ] Allocation Stall (Executor task launch worker for task 17.0 in stage 81.0 (TID 1336)) 37.740ms
[390.858s][info][gc          ] Allocation Stall (Executor task launch worker for task 19.0 in stage 81.0 (TID 1362)) 39.300ms
[390.858s][info][gc          ] Allocation Stall (Executor task launch worker for task 4.0 in stage 81.0 (TID 1325)) 37.540ms
[390.858s][info][gc          ] Allocation Stall (Executor task launch worker for task 26.0 in stage 81.0 (TID 1342)) 39.295ms
[390.858s][info][gc          ] Allocation Stall (Executor task launch worker for task 25.0 in stage 81.0 (TID 1341)) 37.540ms
[390.858s][info][gc          ] Allocation Stall (Executor task launch worker for task 16.0 in stage 81.0 (TID 1335)) 38.764ms
[390.858s][info][gc          ] Allocation Stall (Executor task launch worker for task 27.0 in stage 81.0 (TID 1343)) 36.426ms
[390.858s][info][gc          ] Allocation Stall (Executor task launch worker for task 36.0 in stage 81.0 (TID 1350)) 37.784ms
[390.858s][info][gc          ] Allocation Stall (Executor task launch worker for task 0.0 in stage 81.0 (TID 1358)) 38.910ms
[390.858s][info][gc          ] Allocation Stall (Executor task launch worker for task 37.0 in stage 81.0 (TID 1351)) 37.691ms
[390.858s][info][gc          ] Allocation Stall (Executor task launch worker for task 10.0 in stage 81.0 (TID 1331)) 38.316ms
[390.858s][info][gc          ] Allocation Stall (Executor task launch worker for task 22.0 in stage 81.0 (TID 1339)) 37.581ms
[390.858s][info][gc          ] Allocation Stall (Executor task launch worker for task 3.0 in stage 81.0 (TID 1359)) 37.744ms
[390.858s][info][gc          ] Allocation Stall (Executor task launch worker for task 35.0 in stage 81.0 (TID 1366)) 37.627ms
[390.858s][info][gc          ] Allocation Stall (Executor task launch worker for task 12.0 in stage 81.0 (TID 1332)) 38.189ms
[390.858s][info][gc          ] Allocation Stall (Executor task launch worker for task 24.0 in stage 81.0 (TID 1364)) 37.481ms
[390.858s][info][gc          ] Allocation Stall (Executor task launch worker for task 46.0 in stage 81.0 (TID 1370)) 38.279ms
[390.858s][info][gc          ] Allocation Stall (Executor task launch worker for task 40.0 in stage 81.0 (TID 1354)) 37.923ms
[390.858s][info][gc          ] Allocation Stall (Executor task launch worker for task 23.0 in stage 81.0 (TID 1340)) 38.450ms
[390.858s][info][gc          ] Allocation Stall (Executor task launch worker for task 1.0 in stage 81.0 (TID 1323)) 38.619ms
[390.858s][info][gc          ] Allocation Stall (Executor task launch worker for task 18.0 in stage 81.0 (TID 1337)) 36.403ms
[390.858s][info][gc          ] Allocation Stall (Executor task launch worker for task 2.0 in stage 81.0 (TID 1324)) 38.319ms
[390.858s][info][gc          ] Allocation Stall (Executor task launch worker for task 32.0 in stage 81.0 (TID 1347)) 38.947ms
[390.858s][info][gc          ] Allocation Stall (RemoteBlock-temp-file-clean-thread) 37.766ms
[390.862s][info][gc,phases   ] GC(2141) Concurrent Select Relocation Set 4.711ms
[390.863s][info][gc,phases   ] GC(2141) Pause Relocate Start 0.011ms
[390.867s][info][gc,phases   ] GC(2141) Concurrent Relocate 4.057ms
[390.867s][info][gc,load     ] GC(2141) Load: 0.00/0.00/0.00
[390.867s][info][gc,mmu      ] GC(2141) MMU: 2ms/86.2%, 5ms/94.5%, 10ms/97.2%, 20ms/98.6%, 50ms/99.4%, 100ms/99.6%
[390.867s][info][gc,marking  ] GC(2141) Mark: 8 stripe(s), 2 proactive flush(es), 1 terminate flush(es), 0 completion(s), 0 continuation(s) 
[390.867s][info][gc,marking  ] GC(2141) Mark Stack Usage: 32M
[390.867s][info][gc,nmethod  ] GC(2141) NMethods: 8068 registered, 1210 unregistered
[390.867s][info][gc,metaspace] GC(2141) Metaspace: 120M used, 123M committed, 1152M reserved
[390.867s][info][gc,ref      ] GC(2141) Soft: 2926 encountered, 373 discovered, 56 enqueued
[390.867s][info][gc,ref      ] GC(2141) Weak: 13813 encountered, 1279 discovered, 44 enqueued
[390.867s][info][gc,ref      ] GC(2141) Final: 84 encountered, 28 discovered, 0 enqueued
[390.867s][info][gc,ref      ] GC(2141) Phantom: 764 encountered, 445 discovered, 0 enqueued
[390.867s][info][gc,reloc    ] GC(2141) Small Pages: 386 / 772M, Empty: 580M, Relocated: 4M, In-Place: 0
[390.867s][info][gc,reloc    ] GC(2141) Medium Pages: 38 / 1216M, Empty: 32M, Relocated: 0M, In-Place: 0
[390.867s][info][gc,reloc    ] GC(2141) Large Pages: 4 / 32M, Empty: 0M, Relocated: 0M, In-Place: 0
[390.867s][info][gc,reloc    ] GC(2141) Forwarding Usage: 0M
[390.867s][info][gc,heap     ] GC(2141) Min Capacity: 8M(0%)
[390.867s][info][gc,heap     ] GC(2141) Max Capacity: 2048M(100%)
[390.867s][info][gc,heap     ] GC(2141) Soft Max Capacity: 2048M(100%)
[390.867s][info][gc,heap     ] GC(2141)                Mark Start          Mark End        Relocate Start      Relocate End           High               Low         
[390.867s][info][gc,heap     ] GC(2141)  Capacity:     2048M (100%)       2048M (100%)       2048M (100%)       2048M (100%)       2048M (100%)       2048M (100%)   
[390.867s][info][gc,heap     ] GC(2141)      Free:       20M (1%)            0M (0%)          562M (27%)         612M (30%)         654M (32%)           0M (0%)     
[390.867s][info][gc,heap     ] GC(2141)      Used:     2028M (99%)        2048M (100%)       1486M (73%)        1436M (70%)        2048M (100%)       1394M (68%)    
[390.867s][info][gc,heap     ] GC(2141)      Live:         -              1134M (55%)        1134M (55%)        1134M (55%)            -                  -          
[390.867s][info][gc,heap     ] GC(2141) Allocated:         -                20M (1%)           70M (3%)          121M (6%)             -                  -          
[390.867s][info][gc,heap     ] GC(2141)   Garbage:         -               893M (44%)         281M (14%)         179M (9%)             -                  -          
[390.867s][info][gc,heap     ] GC(2141) Reclaimed:         -                  -               612M (30%)         713M (35%)            -                  -          
[390.867s][info][gc          ] GC(2141) Garbage Collection (Allocation Stall) 2028M(99%)->1436M(70%)
[390.915s][info][gc,start    ] GC(2142) Garbage Collection (Allocation Stall)
[390.915s][info][gc,ref      ] GC(2142) Clearing All SoftReferences
[390.915s][info][gc,task     ] GC(2142) Using 12 workers
[390.916s][info][gc,ref      ] GC(2142) Clearing All SoftReferences
[390.916s][info][gc,phases   ] GC(2142) Pause Mark Start 0.056ms
[390.962s][info][gc,phases   ] GC(2142) Concurrent Mark 46.489ms
[390.962s][info][gc,phases   ] GC(2142) Pause Mark End 0.037ms
[390.963s][info][gc,phases   ] GC(2142) Concurrent Mark Free 0.001ms
[390.992s][info][gc,phases   ] GC(2142) Concurrent Process Non-Strong References 29.673ms
[390.992s][info][gc,phases   ] GC(2142) Concurrent Reset Relocation Set 0.007ms
[390.993s][info][gc          ] Allocation Stall (Executor task launch worker for task 24.0 in stage 81.0 (TID 1364)) 76.820ms
[390.993s][info][gc          ] Allocation Stall (Spark Context Cleaner) 30.304ms
[390.993s][info][gc          ] Allocation Stall (Executor task launch worker for task 12.0 in stage 81.0 (TID 1332)) 76.786ms
[390.993s][info][gc          ] Allocation Stall (Executor task launch worker for task 46.0 in stage 81.0 (TID 1370)) 59.917ms
[390.993s][info][gc          ] Allocation Stall (Executor task launch worker for task 18.0 in stage 81.0 (TID 1337)) 76.774ms
[390.993s][info][gc          ] Allocation Stall (Executor task launch worker for task 2.0 in stage 81.0 (TID 1324)) 76.823ms
[390.993s][info][gc          ] Allocation Stall (Executor task launch worker for task 37.0 in stage 81.0 (TID 1351)) 76.592ms
[390.993s][info][gc          ] Allocation Stall (Executor task launch worker for task 35.0 in stage 81.0 (TID 1366)) 60.537ms
[390.993s][info][gc          ] Allocation Stall (Executor task launch worker for task 36.0 in stage 81.0 (TID 1350)) 76.851ms
[390.993s][info][gc          ] Allocation Stall (Executor task launch worker for task 7.0 in stage 81.0 (TID 1328)) 76.885ms
[390.993s][info][gc          ] Allocation Stall (Executor task launch worker for task 33.0 in stage 81.0 (TID 1348)) 76.845ms
[390.993s][info][gc          ] Allocation Stall (Executor task launch worker for task 41.0 in stage 81.0 (TID 1355)) 76.828ms
[390.993s][info][gc          ] Allocation Stall (Executor task launch worker for task 14.0 in stage 81.0 (TID 1361)) 76.868ms
[390.993s][info][gc          ] Allocation Stall (Executor task launch worker for task 40.0 in stage 81.0 (TID 1354)) 76.754ms
[390.993s][info][gc          ] Allocation Stall (Executor task launch worker for task 38.0 in stage 81.0 (TID 1352)) 76.880ms
[390.993s][info][gc          ] Allocation Stall (Executor task launch worker for task 17.0 in stage 81.0 (TID 1336)) 76.895ms
[390.993s][info][gc          ] Allocation Stall (Executor task launch worker for task 19.0 in stage 81.0 (TID 1362)) 60.387ms
[390.993s][info][gc          ] Allocation Stall (Executor task launch worker for task 20.0 in stage 81.0 (TID 1363)) 61.364ms
[390.993s][info][gc          ] Allocation Stall (Executor task launch worker for task 11.0 in stage 81.0 (TID 1360)) 76.918ms
[390.993s][info][gc          ] Allocation Stall (Executor task launch worker for task 39.0 in stage 81.0 (TID 1353)) 76.910ms
[390.993s][info][gc          ] Allocation Stall (Executor task launch worker for task 1.0 in stage 81.0 (TID 1323)) 76.939ms
[390.993s][info][gc          ] Allocation Stall (Executor task launch worker for task 25.0 in stage 81.0 (TID 1341)) 76.921ms
[390.993s][info][gc          ] Allocation Stall (Executor task launch worker for task 42.0 in stage 81.0 (TID 1367)) 76.917ms
[390.993s][info][gc          ] Allocation Stall (Executor task launch worker for task 4.0 in stage 81.0 (TID 1325)) 76.950ms
[390.993s][info][gc          ] Allocation Stall (Executor task launch worker for task 29.0 in stage 81.0 (TID 1345)) 76.952ms
[390.993s][info][gc          ] Allocation Stall (Executor task launch worker for task 3.0 in stage 81.0 (TID 1359)) 76.922ms
[390.993s][info][gc          ] Allocation Stall (Executor task launch worker for task 44.0 in stage 81.0 (TID 1368)) 61.210ms
[390.993s][info][gc          ] Allocation Stall (Executor task launch worker for task 27.0 in stage 81.0 (TID 1343)) 76.930ms
[390.993s][info][gc          ] Allocation Stall (Executor task launch worker for task 26.0 in stage 81.0 (TID 1342)) 76.969ms
[390.993s][info][gc          ] Allocation Stall (Executor task launch worker for task 8.0 in stage 81.0 (TID 1329)) 76.973ms
[390.993s][info][gc          ] Allocation Stall (Executor task launch worker for task 10.0 in stage 81.0 (TID 1331)) 76.975ms
[390.993s][info][gc          ] Allocation Stall (Executor task launch worker for task 23.0 in stage 81.0 (TID 1340)) 76.931ms
[390.993s][info][gc          ] Allocation Stall (Executor task launch worker for task 28.0 in stage 81.0 (TID 1344)) 76.942ms
[390.993s][info][gc          ] Allocation Stall (Executor task launch worker for task 21.0 in stage 81.0 (TID 1338)) 77.009ms
[390.993s][info][gc          ] Allocation Stall (Executor task launch worker for task 45.0 in stage 81.0 (TID 1369)) 76.993ms
[390.993s][info][gc          ] Allocation Stall (Executor task launch worker for task 0.0 in stage 81.0 (TID 1358)) 77.604ms
[390.993s][info][gc          ] Allocation Stall (Executor task launch worker for task 15.0 in stage 81.0 (TID 1334)) 76.967ms
[390.993s][info][gc          ] Allocation Stall (Executor task launch worker for task 32.0 in stage 81.0 (TID 1347)) 76.972ms
[390.993s][info][gc          ] Allocation Stall (Executor task launch worker for task 34.0 in stage 81.0 (TID 1349)) 77.005ms
[390.993s][info][gc          ] Allocation Stall (Executor task launch worker for task 16.0 in stage 81.0 (TID 1335)) 77.000ms
[390.993s][info][gc          ] Allocation Stall (Executor task launch worker for task 30.0 in stage 81.0 (TID 1365)) 76.982ms
[390.993s][info][gc          ] Allocation Stall (Executor task launch worker for task 22.0 in stage 81.0 (TID 1339)) 76.986ms
[391.024s][info][gc,phases   ] GC(2142) Concurrent Select Relocation Set 31.237ms
[391.039s][info][gc,phases   ] GC(2142) Pause Relocate Start 0.008ms
[391.090s][info][gc,phases   ] GC(2142) Concurrent Relocate 50.637ms
[391.090s][info][gc,load     ] GC(2142) Load: 0.00/0.00/0.00
[391.090s][info][gc,mmu      ] GC(2142) MMU: 2ms/86.2%, 5ms/94.5%, 10ms/97.2%, 20ms/98.6%, 50ms/99.4%, 100ms/99.6%
[391.090s][info][gc,marking  ] GC(2142) Mark: 8 stripe(s), 3 proactive flush(es), 1 terminate flush(es), 0 completion(s), 0 continuation(s) 
[391.090s][info][gc,marking  ] GC(2142) Mark Stack Usage: 32M
[391.091s][info][gc,nmethod  ] GC(2142) NMethods: 8071 registered, 1211 unregistered
[391.091s][info][gc,metaspace] GC(2142) Metaspace: 120M used, 123M committed, 1152M reserved
[391.091s][info][gc,ref      ] GC(2142) Soft: 2899 encountered, 805 discovered, 29 enqueued
[391.091s][info][gc,ref      ] GC(2142) Weak: 13764 encountered, 2501 discovered, 31 enqueued
[391.091s][info][gc,ref      ] GC(2142) Final: 84 encountered, 56 discovered, 0 enqueued
[391.091s][info][gc,ref      ] GC(2142) Phantom: 768 encountered, 508 discovered, 0 enqueued
[391.091s][info][gc,reloc    ] GC(2142) Small Pages: 380 / 760M, Empty: 532M, Relocated: 8M, In-Place: 0
[391.091s][info][gc,reloc    ] GC(2142) Medium Pages: 38 / 1216M, Empty: 0M, Relocated: 26M, In-Place: 0
[391.091s][info][gc,reloc    ] GC(2142) Large Pages: 9 / 72M, Empty: 8M, Relocated: 0M, In-Place: 0
[391.091s][info][gc,reloc    ] GC(2142) Forwarding Usage: 1M
[391.091s][info][gc,heap     ] GC(2142) Min Capacity: 8M(0%)
[391.091s][info][gc,heap     ] GC(2142) Max Capacity: 2048M(100%)
[391.091s][info][gc,heap     ] GC(2142) Soft Max Capacity: 2048M(100%)
[391.091s][info][gc,heap     ] GC(2142)                Mark Start          Mark End        Relocate Start      Relocate End           High               Low         
[391.091s][info][gc,heap     ] GC(2142)  Capacity:     2048M (100%)       2048M (100%)       2048M (100%)       2048M (100%)       2048M (100%)       2048M (100%)   
[391.091s][info][gc,heap     ] GC(2142)      Free:        0M (0%)            0M (0%)          420M (21%)         232M (11%)         514M (25%)           0M (0%)     
[391.091s][info][gc,heap     ] GC(2142)      Used:     2048M (100%)       2048M (100%)       1628M (79%)        1816M (89%)        2048M (100%)       1534M (75%)    
[391.091s][info][gc,heap     ] GC(2142)      Live:         -              1172M (57%)        1172M (57%)        1172M (57%)            -                  -          
[391.091s][info][gc,heap     ] GC(2142) Allocated:         -                 0M (0%)          120M (6%)          468M (23%)            -                  -          
[391.091s][info][gc,heap     ] GC(2142)   Garbage:         -               875M (43%)         335M (16%)         174M (9%)             -                  -          
[391.091s][info][gc,heap     ] GC(2142) Reclaimed:         -                  -               540M (26%)         700M (34%)            -                  -          
[391.091s][info][gc          ] GC(2142) Garbage Collection (Allocation Stall) 2048M(100%)->1816M(89%)
[391.130s][info][gc,start    ] GC(2143) Garbage Collection (Allocation Stall)
[391.130s][info][gc,ref      ] GC(2143) Clearing All SoftReferences
[391.130s][info][gc,task     ] GC(2143) Using 12 workers
[391.130s][info][gc,ref      ] GC(2143) Clearing All SoftReferences
[391.130s][info][gc,phases   ] GC(2143) Pause Mark Start 0.043ms
[391.149s][info][gc,phases   ] GC(2143) Concurrent Mark 18.360ms
[391.149s][info][gc,phases   ] GC(2143) Pause Mark End 0.025ms
[391.149s][info][gc,phases   ] GC(2143) Concurrent Mark Free 0.001ms
[391.170s][info][gc,phases   ] GC(2143) Concurrent Process Non-Strong References 21.136ms
[391.170s][info][gc,phases   ] GC(2143) Concurrent Reset Relocation Set 0.015ms
[391.170s][info][gc          ] Allocation Stall (Executor task launch worker for task 0.0 in stage 81.0 (TID 1358)) 39.891ms
[391.170s][info][gc          ] Allocation Stall (Executor task launch worker for task 42.0 in stage 81.0 (TID 1367)) 39.892ms
[391.170s][info][gc          ] Allocation Stall (Executor task launch worker for task 35.0 in stage 81.0 (TID 1366)) 39.857ms
[391.170s][info][gc          ] Allocation Stall (Executor task launch worker for task 1.0 in stage 81.0 (TID 1323)) 39.871ms
[391.170s][info][gc          ] Allocation Stall (Executor task launch worker for task 24.0 in stage 81.0 (TID 1364)) 33.898ms
[391.170s][info][gc          ] Allocation Stall (Executor task launch worker for task 44.0 in stage 81.0 (TID 1368)) 39.860ms
[391.170s][info][gc          ] Allocation Stall (Executor task launch worker for task 19.0 in stage 81.0 (TID 1362)) 39.854ms
[391.170s][info][gc          ] Allocation Stall (Executor task launch worker for task 45.0 in stage 81.0 (TID 1369)) 40.252ms
[391.170s][info][gc          ] Allocation Stall (Executor task launch worker for task 30.0 in stage 81.0 (TID 1365)) 39.897ms
[391.170s][info][gc          ] Allocation Stall (Executor task launch worker for task 14.0 in stage 81.0 (TID 1361)) 39.905ms
[391.170s][info][gc          ] Allocation Stall (Executor task launch worker for task 3.0 in stage 81.0 (TID 1359)) 35.077ms
[391.170s][info][gc          ] Allocation Stall (Executor task launch worker for task 23.0 in stage 81.0 (TID 1340)) 39.059ms
[391.170s][info][gc          ] Allocation Stall (Executor task launch worker for task 20.0 in stage 81.0 (TID 1363)) 39.896ms
[391.170s][info][gc          ] Allocation Stall (Executor task launch worker for task 17.0 in stage 81.0 (TID 1336)) 39.912ms
[391.170s][info][gc          ] Allocation Stall (Executor task launch worker for task 11.0 in stage 81.0 (TID 1360)) 39.868ms
[391.170s][info][gc          ] Allocation Stall (Executor task launch worker for task 46.0 in stage 81.0 (TID 1370)) 34.676ms
[391.174s][info][gc,phases   ] GC(2143) Concurrent Select Relocation Set 4.055ms
[391.175s][info][gc,phases   ] GC(2143) Pause Relocate Start 0.010ms
[391.199s][info][gc,phases   ] GC(2143) Concurrent Relocate 23.893ms
[391.199s][info][gc,load     ] GC(2143) Load: 0.00/0.00/0.00
[391.199s][info][gc,mmu      ] GC(2143) MMU: 2ms/86.2%, 5ms/94.5%, 10ms/97.2%, 20ms/98.6%, 50ms/99.4%, 100ms/99.6%
[391.199s][info][gc,marking  ] GC(2143) Mark: 8 stripe(s), 3 proactive flush(es), 1 terminate flush(es), 0 completion(s), 0 continuation(s) 
[391.199s][info][gc,marking  ] GC(2143) Mark Stack Usage: 32M
[391.199s][info][gc,nmethod  ] GC(2143) NMethods: 8073 registered, 1217 unregistered
[391.199s][info][gc,metaspace] GC(2143) Metaspace: 120M used, 123M committed, 1152M reserved
[391.200s][info][gc,ref      ] GC(2143) Soft: 2916 encountered, 378 discovered, 55 enqueued
[391.200s][info][gc,ref      ] GC(2143) Weak: 13788 encountered, 801 discovered, 46 enqueued
[391.200s][info][gc,ref      ] GC(2143) Final: 84 encountered, 1 discovered, 0 enqueued
[391.200s][info][gc,ref      ] GC(2143) Phantom: 764 encountered, 561 discovered, 0 enqueued
[391.200s][info][gc,reloc    ] GC(2143) Small Pages: 352 / 704M, Empty: 404M, Relocated: 6M, In-Place: 0
[391.200s][info][gc,reloc    ] GC(2143) Medium Pages: 39 / 1248M, Empty: 0M, Relocated: 26M, In-Place: 0
[391.200s][info][gc,reloc    ] GC(2143) Large Pages: 12 / 96M, Empty: 32M, Relocated: 0M, In-Place: 0
[391.200s][info][gc,reloc    ] GC(2143) Forwarding Usage: 1M
[391.200s][info][gc,heap     ] GC(2143) Min Capacity: 8M(0%)
[391.200s][info][gc,heap     ] GC(2143) Max Capacity: 2048M(100%)
[391.200s][info][gc,heap     ] GC(2143) Soft Max Capacity: 2048M(100%)
[391.200s][info][gc,heap     ] GC(2143)                Mark Start          Mark End        Relocate Start      Relocate End           High               Low         
[391.200s][info][gc,heap     ] GC(2143)  Capacity:     2048M (100%)       2048M (100%)       2048M (100%)       2048M (100%)       2048M (100%)       2048M (100%)   
[391.200s][info][gc,heap     ] GC(2143)      Free:        0M (0%)            0M (0%)          392M (19%)         390M (19%)         562M (27%)           0M (0%)     
[391.200s][info][gc,heap     ] GC(2143)      Used:     2048M (100%)       2048M (100%)       1656M (81%)        1658M (81%)        2048M (100%)       1486M (73%)    
[391.200s][info][gc,heap     ] GC(2143)      Live:         -              1171M (57%)        1171M (57%)        1171M (57%)            -                  -          
[391.200s][info][gc,heap     ] GC(2143) Allocated:         -                 0M (0%)           44M (2%)          324M (16%)            -                  -          
[391.200s][info][gc,heap     ] GC(2143)   Garbage:         -               876M (43%)         440M (22%)         162M (8%)             -                  -          
[391.200s][info][gc,heap     ] GC(2143) Reclaimed:         -                  -               436M (21%)         714M (35%)            -                  -          
[391.200s][info][gc          ] GC(2143) Garbage Collection (Allocation Stall) 2048M(100%)->1658M(81%)
[391.227s][info][gc,start    ] GC(2144) Garbage Collection (Allocation Stall)
[391.227s][info][gc,ref      ] GC(2144) Clearing All SoftReferences
[391.227s][info][gc,task     ] GC(2144) Using 12 workers
[391.227s][info][gc,ref      ] GC(2144) Clearing All SoftReferences
[391.227s][info][gc,phases   ] GC(2144) Pause Mark Start 0.048ms
[391.228s][info][gc          ] Allocation Stall (Executor task launch worker for task 46.0 in stage 81.0 (TID 1370)) 0.714ms
[391.228s][info][gc          ] Allocation Stall (Executor task launch worker for task 35.0 in stage 81.0 (TID 1366)) 0.604ms
[391.228s][info][gc          ] Allocation Stall (Executor task launch worker for task 42.0 in stage 81.0 (TID 1367)) 0.042ms
[391.254s][info][gc,phases   ] GC(2144) Concurrent Mark 26.294ms
[391.254s][info][gc,phases   ] GC(2144) Pause Mark End 0.037ms
[391.254s][info][gc,phases   ] GC(2144) Concurrent Mark Free 0.001ms
[391.276s][info][gc,phases   ] GC(2144) Concurrent Process Non-Strong References 21.643ms
[391.276s][info][gc,phases   ] GC(2144) Concurrent Reset Relocation Set 0.016ms
[391.276s][info][gc          ] Allocation Stall (Executor task launch worker for task 20.0 in stage 81.0 (TID 1363)) 46.370ms
[391.276s][info][gc          ] Allocation Stall (Executor task launch worker for task 11.0 in stage 81.0 (TID 1360)) 46.766ms
[391.276s][info][gc          ] Allocation Stall (Executor task launch worker for task 19.0 in stage 81.0 (TID 1362)) 46.435ms
[391.276s][info][gc          ] Allocation Stall (Executor task launch worker for task 14.0 in stage 81.0 (TID 1361)) 46.902ms
[391.276s][info][gc          ] Allocation Stall (Executor task launch worker for task 46.0 in stage 81.0 (TID 1370)) 46.621ms
[391.276s][info][gc          ] Allocation Stall (Executor task launch worker for task 0.0 in stage 81.0 (TID 1358)) 46.387ms
[391.276s][info][gc          ] Allocation Stall (Executor task launch worker for task 30.0 in stage 81.0 (TID 1365)) 46.816ms
[391.276s][info][gc          ] Allocation Stall (dispatcher-event-loop-7) 46.015ms
[391.276s][info][gc          ] Allocation Stall (Executor task launch worker for task 24.0 in stage 81.0 (TID 1364)) 46.377ms
[391.276s][info][gc          ] Allocation Stall (Executor task launch worker for task 42.0 in stage 81.0 (TID 1367)) 46.821ms
[391.276s][info][gc          ] Allocation Stall (Executor task launch worker for task 44.0 in stage 81.0 (TID 1368)) 46.876ms
[391.276s][info][gc          ] Allocation Stall (Executor task launch worker for task 3.0 in stage 81.0 (TID 1359)) 46.387ms
[391.276s][info][gc          ] Allocation Stall (Executor task launch worker for task 45.0 in stage 81.0 (TID 1369)) 46.641ms
[391.276s][info][gc          ] Allocation Stall (Executor task launch worker for task 35.0 in stage 81.0 (TID 1366)) 46.606ms
[391.285s][info][gc,phases   ] GC(2144) Concurrent Select Relocation Set 8.898ms
[391.285s][info][gc,phases   ] GC(2144) Pause Relocate Start 0.010ms
[391.313s][info][gc,phases   ] GC(2144) Concurrent Relocate 27.552ms
[391.313s][info][gc,load     ] GC(2144) Load: 0.00/0.00/0.00
[391.313s][info][gc,mmu      ] GC(2144) MMU: 2ms/86.2%, 5ms/94.5%, 10ms/97.2%, 20ms/98.6%, 50ms/99.4%, 100ms/99.6%
[391.313s][info][gc,marking  ] GC(2144) Mark: 8 stripe(s), 2 proactive flush(es), 1 terminate flush(es), 0 completion(s), 0 continuation(s) 
[391.313s][info][gc,marking  ] GC(2144) Mark Stack Usage: 32M
[391.313s][info][gc,nmethod  ] GC(2144) NMethods: 8074 registered, 1217 unregistered
[391.313s][info][gc,metaspace] GC(2144) Metaspace: 120M used, 123M committed, 1152M reserved
[391.313s][info][gc,ref      ] GC(2144) Soft: 2890 encountered, 701 discovered, 36 enqueued
[391.313s][info][gc,ref      ] GC(2144) Weak: 13742 encountered, 1912 discovered, 18 enqueued
[391.313s][info][gc,ref      ] GC(2144) Final: 84 encountered, 1 discovered, 0 enqueued
[391.313s][info][gc,ref      ] GC(2144) Phantom: 764 encountered, 485 discovered, 0 enqueued
[391.313s][info][gc,reloc    ] GC(2144) Small Pages: 349 / 698M, Empty: 464M, Relocated: 6M, In-Place: 0
[391.313s][info][gc,reloc    ] GC(2144) Medium Pages: 40 / 1280M, Empty: 0M, Relocated: 45M, In-Place: 0
[391.313s][info][gc,reloc    ] GC(2144) Large Pages: 8 / 64M, Empty: 64M, Relocated: 0M, In-Place: 0
[391.313s][info][gc,reloc    ] GC(2144) Forwarding Usage: 1M
[391.313s][info][gc,heap     ] GC(2144) Min Capacity: 8M(0%)
[391.313s][info][gc,heap     ] GC(2144) Max Capacity: 2048M(100%)
[391.313s][info][gc,heap     ] GC(2144) Soft Max Capacity: 2048M(100%)
[391.313s][info][gc,heap     ] GC(2144)                Mark Start          Mark End        Relocate Start      Relocate End           High               Low         
[391.313s][info][gc,heap     ] GC(2144)  Capacity:     2048M (100%)       2048M (100%)       2048M (100%)       2048M (100%)       2048M (100%)       2048M (100%)   
[391.313s][info][gc,heap     ] GC(2144)      Free:        2M (0%)            0M (0%)          434M (21%)         276M (13%)         546M (27%)           0M (0%)     
[391.313s][info][gc,heap     ] GC(2144)      Used:     2046M (100%)       2048M (100%)       1614M (79%)        1772M (87%)        2048M (100%)       1502M (73%)    
[391.313s][info][gc,heap     ] GC(2144)      Live:         -              1139M (56%)        1139M (56%)        1139M (56%)            -                  -          
[391.313s][info][gc,heap     ] GC(2144) Allocated:         -                 2M (0%)           96M (5%)          434M (21%)            -                  -          
[391.313s][info][gc,heap     ] GC(2144)   Garbage:         -               906M (44%)         378M (18%)         197M (10%)            -                  -          
[391.313s][info][gc,heap     ] GC(2144) Reclaimed:         -                  -               528M (26%)         708M (35%)            -                  -          
[391.313s][info][gc          ] GC(2144) Garbage Collection (Allocation Stall) 2046M(100%)->1772M(87%)
[391.339s][info][gc,start    ] GC(2145) Garbage Collection (Allocation Stall)
[391.339s][info][gc,ref      ] GC(2145) Clearing All SoftReferences
[391.339s][info][gc,task     ] GC(2145) Using 12 workers
[391.340s][info][gc,ref      ] GC(2145) Clearing All SoftReferences
[391.340s][info][gc,phases   ] GC(2145) Pause Mark Start 0.045ms
[391.340s][info][gc          ] Allocation Stall (Executor task launch worker for task 45.0 in stage 81.0 (TID 1369)) 0.629ms
[391.340s][info][gc          ] Allocation Stall (Executor task launch worker for task 20.0 in stage 81.0 (TID 1363)) 0.628ms
[391.340s][info][gc          ] Allocation Stall (Executor task launch worker for task 42.0 in stage 81.0 (TID 1367)) 0.624ms
[391.340s][info][gc          ] Allocation Stall (Executor task launch worker for task 3.0 in stage 81.0 (TID 1359)) 0.703ms
[391.340s][info][gc          ] Allocation Stall (Executor task launch worker for task 0.0 in stage 81.0 (TID 1358)) 0.698ms
[391.340s][info][gc          ] Allocation Stall (Executor task launch worker for task 46.0 in stage 81.0 (TID 1370)) 0.724ms
[391.340s][info][gc          ] Allocation Stall (Executor task launch worker for task 14.0 in stage 81.0 (TID 1361)) 0.743ms
[391.340s][info][gc          ] Allocation Stall (Executor task launch worker for task 30.0 in stage 81.0 (TID 1365)) 0.766ms
[391.340s][info][gc          ] Allocation Stall (Executor task launch worker for task 44.0 in stage 81.0 (TID 1368)) 0.223ms
[391.340s][info][gc          ] Allocation Stall (Executor task launch worker for task 11.0 in stage 81.0 (TID 1360)) 0.247ms
[391.340s][info][gc          ] Allocation Stall (Executor task launch worker for task 35.0 in stage 81.0 (TID 1366)) 0.302ms
[391.340s][info][gc          ] Allocation Stall (Executor task launch worker for task 24.0 in stage 81.0 (TID 1364)) 0.335ms
[391.340s][info][gc          ] Allocation Stall (Executor task launch worker for task 19.0 in stage 81.0 (TID 1362)) 0.371ms
[391.363s][info][gc,phases   ] GC(2145) Concurrent Mark 23.314ms
[391.363s][info][gc,phases   ] GC(2145) Pause Mark End 0.018ms
[391.363s][info][gc,phases   ] GC(2145) Concurrent Mark Free 0.001ms
[391.386s][info][gc,phases   ] GC(2145) Concurrent Process Non-Strong References 22.712ms
[391.386s][info][gc,phases   ] GC(2145) Concurrent Reset Relocation Set 0.010ms
[391.386s][info][gc          ] Allocation Stall (Executor task launch worker for task 3.0 in stage 81.0 (TID 1359)) 45.208ms
[391.386s][info][gc          ] Allocation Stall (Executor task launch worker for task 0.0 in stage 81.0 (TID 1358)) 44.629ms
[391.386s][info][gc          ] Allocation Stall (Executor task launch worker for task 20.0 in stage 81.0 (TID 1363)) 44.589ms
[391.386s][info][gc          ] Allocation Stall (Executor task launch worker for task 44.0 in stage 81.0 (TID 1368)) 44.350ms
[391.386s][info][gc          ] Allocation Stall (Executor task launch worker for task 11.0 in stage 81.0 (TID 1360)) 44.371ms
[391.386s][info][gc          ] Allocation Stall (Executor task launch worker for task 24.0 in stage 81.0 (TID 1364)) 44.299ms
[391.386s][info][gc          ] Allocation Stall (Executor task launch worker for task 19.0 in stage 81.0 (TID 1362)) 44.820ms
[391.386s][info][gc          ] Allocation Stall (Executor task launch worker for task 30.0 in stage 81.0 (TID 1365)) 44.233ms
[391.386s][info][gc          ] Allocation Stall (Executor task launch worker for task 42.0 in stage 81.0 (TID 1367)) 44.617ms
[391.386s][info][gc          ] Allocation Stall (Executor task launch worker for task 35.0 in stage 81.0 (TID 1366)) 44.182ms
[391.386s][info][gc          ] Allocation Stall (Executor task launch worker for task 46.0 in stage 81.0 (TID 1370)) 44.243ms
[391.386s][info][gc          ] Allocation Stall (Executor task launch worker for task 45.0 in stage 81.0 (TID 1369)) 44.301ms
[391.386s][info][gc          ] Allocation Stall (Executor task launch worker for task 14.0 in stage 81.0 (TID 1361)) 44.257ms
[391.389s][info][gc,phases   ] GC(2145) Concurrent Select Relocation Set 2.987ms
[391.389s][info][gc,phases   ] GC(2145) Pause Relocate Start 0.008ms
[391.407s][info][gc,phases   ] GC(2145) Concurrent Relocate 17.627ms
[391.407s][info][gc,load     ] GC(2145) Load: 0.00/0.00/0.00
[391.407s][info][gc,mmu      ] GC(2145) MMU: 2ms/86.2%, 5ms/94.5%, 10ms/97.2%, 20ms/98.6%, 50ms/99.4%, 100ms/99.6%
[391.407s][info][gc,marking  ] GC(2145) Mark: 8 stripe(s), 2 proactive flush(es), 1 terminate flush(es), 0 completion(s), 0 continuation(s) 
[391.407s][info][gc,marking  ] GC(2145) Mark Stack Usage: 32M
[391.407s][info][gc,nmethod  ] GC(2145) NMethods: 8068 registered, 1223 unregistered
[391.407s][info][gc,metaspace] GC(2145) Metaspace: 120M used, 123M committed, 1152M reserved
[391.407s][info][gc,ref      ] GC(2145) Soft: 2861 encountered, 751 discovered, 19 enqueued
[391.407s][info][gc,ref      ] GC(2145) Weak: 13687 encountered, 697 discovered, 8 enqueued
[391.407s][info][gc,ref      ] GC(2145) Final: 84 encountered, 1 discovered, 0 enqueued
[391.407s][info][gc,ref      ] GC(2145) Phantom: 764 encountered, 559 discovered, 0 enqueued
[391.407s][info][gc,reloc    ] GC(2145) Small Pages: 361 / 722M, Empty: 592M, Relocated: 6M, In-Place: 0
[391.407s][info][gc,reloc    ] GC(2145) Medium Pages: 41 / 1312M, Empty: 0M, Relocated: 25M, In-Place: 0
[391.407s][info][gc,reloc    ] GC(2145) Large Pages: 1 / 8M, Empty: 0M, Relocated: 0M, In-Place: 0
[391.407s][info][gc,reloc    ] GC(2145) Forwarding Usage: 1M
[391.407s][info][gc,heap     ] GC(2145) Min Capacity: 8M(0%)
[391.407s][info][gc,heap     ] GC(2145) Max Capacity: 2048M(100%)
[391.407s][info][gc,heap     ] GC(2145) Soft Max Capacity: 2048M(100%)
[391.407s][info][gc,heap     ] GC(2145)                Mark Start          Mark End        Relocate Start      Relocate End           High               Low         
[391.407s][info][gc,heap     ] GC(2145)  Capacity:     2048M (100%)       2048M (100%)       2048M (100%)       2048M (100%)       2048M (100%)       2048M (100%)   
[391.407s][info][gc,heap     ] GC(2145)      Free:        0M (0%)            0M (0%)          560M (27%)         482M (24%)         560M (27%)           0M (0%)     
[391.407s][info][gc,heap     ] GC(2145)      Used:     2048M (100%)       2048M (100%)       1488M (73%)        1566M (76%)        2048M (100%)       1488M (73%)    
[391.407s][info][gc,heap     ] GC(2145)      Live:         -              1161M (57%)        1161M (57%)        1161M (57%)            -                  -          
[391.407s][info][gc,heap     ] GC(2145) Allocated:         -                 0M (0%)           32M (2%)          218M (11%)            -                  -          
[391.407s][info][gc,heap     ] GC(2145)   Garbage:         -               886M (43%)         294M (14%)         186M (9%)             -                  -          
[391.407s][info][gc,heap     ] GC(2145) Reclaimed:         -                  -               592M (29%)         700M (34%)            -                  -          
[391.407s][info][gc          ] GC(2145) Garbage Collection (Allocation Stall) 2048M(100%)->1566M(76%)
[391.441s][info][gc,start    ] GC(2146) Garbage Collection (Allocation Stall)
[391.441s][info][gc,ref      ] GC(2146) Clearing All SoftReferences
[391.441s][info][gc,task     ] GC(2146) Using 12 workers
[391.441s][info][gc,ref      ] GC(2146) Clearing All SoftReferences
[391.442s][info][gc,phases   ] GC(2146) Pause Mark Start 0.049ms
[391.458s][info][gc          ] Allocation Stall (Executor task launch worker for task 24.0 in stage 81.0 (TID 1364)) 0.424ms
[391.458s][info][gc          ] Allocation Stall (Executor task launch worker for task 14.0 in stage 81.0 (TID 1361)) 0.433ms
[391.473s][info][gc,phases   ] GC(2146) Concurrent Mark 30.944ms
[391.473s][info][gc,phases   ] GC(2146) Pause Mark End 0.018ms
[391.473s][info][gc,phases   ] GC(2146) Concurrent Mark Free 0.001ms
[391.475s][info][gc,phases   ] GC(2146) Concurrent Process Non-Strong References 2.473ms
[391.475s][info][gc,phases   ] GC(2146) Concurrent Reset Relocation Set 0.005ms
[391.475s][info][gc          ] Allocation Stall (Executor task launch worker for task 42.0 in stage 81.0 (TID 1367)) 17.462ms
[391.475s][info][gc          ] Allocation Stall (Executor task launch worker for task 44.0 in stage 81.0 (TID 1368)) 17.156ms
[391.475s][info][gc          ] Allocation Stall (Executor task launch worker for task 46.0 in stage 81.0 (TID 1370)) 16.002ms
[391.475s][info][gc          ] Allocation Stall (Executor task launch worker for task 3.0 in stage 81.0 (TID 1359)) 16.260ms
[391.475s][info][gc          ] Allocation Stall (Executor task launch worker for task 19.0 in stage 81.0 (TID 1362)) 15.856ms
[391.475s][info][gc          ] Allocation Stall (Executor task launch worker for task 30.0 in stage 81.0 (TID 1365)) 17.423ms
[391.475s][info][gc          ] Allocation Stall (Executor task launch worker for task 45.0 in stage 81.0 (TID 1369)) 17.459ms
[391.475s][info][gc          ] Allocation Stall (Executor task launch worker for task 11.0 in stage 81.0 (TID 1360)) 15.846ms
[391.475s][info][gc          ] Allocation Stall (Executor task launch worker for task 35.0 in stage 81.0 (TID 1366)) 15.949ms
[391.475s][info][gc          ] Allocation Stall (Executor task launch worker for task 14.0 in stage 81.0 (TID 1361)) 16.297ms
[391.475s][info][gc          ] Allocation Stall (Executor task launch worker for task 24.0 in stage 81.0 (TID 1364)) 16.241ms
[391.475s][info][gc          ] Allocation Stall (Executor task launch worker for task 20.0 in stage 81.0 (TID 1363)) 15.915ms
[391.475s][info][gc          ] Allocation Stall (Executor task launch worker for task 0.0 in stage 81.0 (TID 1358)) 15.945ms
[391.479s][info][gc,phases   ] GC(2146) Concurrent Select Relocation Set 4.250ms
[391.480s][info][gc,phases   ] GC(2146) Pause Relocate Start 0.007ms
[391.501s][info][gc,phases   ] GC(2146) Concurrent Relocate 21.653ms
[391.501s][info][gc,load     ] GC(2146) Load: 0.00/0.00/0.00
[391.502s][info][gc,mmu      ] GC(2146) MMU: 2ms/86.2%, 5ms/94.5%, 10ms/97.2%, 20ms/98.6%, 50ms/99.4%, 100ms/99.6%
[391.502s][info][gc,marking  ] GC(2146) Mark: 8 stripe(s), 2 proactive flush(es), 1 terminate flush(es), 0 completion(s), 0 continuation(s) 
[391.502s][info][gc,marking  ] GC(2146) Mark Stack Usage: 32M
[391.502s][info][gc,nmethod  ] GC(2146) NMethods: 8068 registered, 1223 unregistered
[391.502s][info][gc,metaspace] GC(2146) Metaspace: 120M used, 123M committed, 1152M reserved
[391.502s][info][gc,ref      ] GC(2146) Soft: 2842 encountered, 977 discovered, 0 enqueued
[391.502s][info][gc,ref      ] GC(2146) Weak: 13679 encountered, 956 discovered, 1 enqueued
[391.502s][info][gc,ref      ] GC(2146) Final: 84 encountered, 1 discovered, 0 enqueued
[391.502s][info][gc,ref      ] GC(2146) Phantom: 764 encountered, 481 discovered, 0 enqueued
[391.502s][info][gc,reloc    ] GC(2146) Small Pages: 322 / 644M, Empty: 514M, Relocated: 6M, In-Place: 0
[391.502s][info][gc,reloc    ] GC(2146) Medium Pages: 40 / 1280M, Empty: 0M, Relocated: 22M, In-Place: 0
[391.502s][info][gc,reloc    ] GC(2146) Large Pages: 5 / 40M, Empty: 8M, Relocated: 0M, In-Place: 0
[391.502s][info][gc,reloc    ] GC(2146) Forwarding Usage: 1M
[391.502s][info][gc,heap     ] GC(2146) Min Capacity: 8M(0%)
[391.502s][info][gc,heap     ] GC(2146) Max Capacity: 2048M(100%)
[391.502s][info][gc,heap     ] GC(2146) Soft Max Capacity: 2048M(100%)
[391.502s][info][gc,heap     ] GC(2146)                Mark Start          Mark End        Relocate Start      Relocate End           High               Low         
[391.502s][info][gc,heap     ] GC(2146)  Capacity:     2048M (100%)       2048M (100%)       2048M (100%)       2048M (100%)       2048M (100%)       2048M (100%)   
[391.502s][info][gc,heap     ] GC(2146)      Free:       84M (4%)            0M (0%)          480M (23%)         216M (11%)         508M (25%)           0M (0%)     
[391.502s][info][gc,heap     ] GC(2146)      Used:     1964M (96%)        2048M (100%)       1568M (77%)        1832M (89%)        2048M (100%)       1540M (75%)    
[391.502s][info][gc,heap     ] GC(2146)      Live:         -              1183M (58%)        1183M (58%)        1183M (58%)            -                  -          
[391.502s][info][gc,heap     ] GC(2146) Allocated:         -                84M (4%)          126M (6%)          466M (23%)            -                  -          
[391.502s][info][gc,heap     ] GC(2146)   Garbage:         -               780M (38%)         258M (13%)         181M (9%)             -                  -          
[391.502s][info][gc,heap     ] GC(2146) Reclaimed:         -                  -               522M (25%)         598M (29%)            -                  -          
[391.502s][info][gc          ] GC(2146) Garbage Collection (Allocation Stall) 1964M(96%)->1832M(89%)
[391.510s][info][gc,start    ] GC(2147) Garbage Collection (Allocation Stall)
[391.510s][info][gc,ref      ] GC(2147) Clearing All SoftReferences
[391.510s][info][gc,task     ] GC(2147) Using 12 workers
[391.519s][info][gc,ref      ] GC(2147) Clearing All SoftReferences
[391.519s][info][gc,phases   ] GC(2147) Pause Mark Start 0.042ms
[391.520s][info][gc          ] Allocation Stall (Executor task launch worker for task 30.0 in stage 81.0 (TID 1365)) 9.644ms
[391.520s][info][gc          ] Allocation Stall (Executor task launch worker for task 35.0 in stage 81.0 (TID 1366)) 9.701ms
[391.520s][info][gc          ] Allocation Stall (Executor task launch worker for task 0.0 in stage 81.0 (TID 1358)) 9.695ms
[391.520s][info][gc          ] Allocation Stall (Executor task launch worker for task 3.0 in stage 81.0 (TID 1359)) 9.750ms
[391.520s][info][gc          ] Allocation Stall (Executor task launch worker for task 19.0 in stage 81.0 (TID 1362)) 9.650ms
[391.520s][info][gc          ] Allocation Stall (Executor task launch worker for task 44.0 in stage 81.0 (TID 1368)) 9.628ms
[391.520s][info][gc          ] Allocation Stall (Executor task launch worker for task 20.0 in stage 81.0 (TID 1363)) 9.746ms
[391.520s][info][gc          ] Allocation Stall (Executor task launch worker for task 11.0 in stage 81.0 (TID 1360)) 9.626ms
[391.551s][info][gc,phases   ] GC(2147) Concurrent Mark 31.131ms
[391.551s][info][gc,phases   ] GC(2147) Pause Mark End 0.019ms
[391.551s][info][gc,phases   ] GC(2147) Concurrent Mark Free 0.001ms
[391.553s][info][gc,phases   ] GC(2147) Concurrent Process Non-Strong References 2.593ms
[391.553s][info][gc,phases   ] GC(2147) Concurrent Reset Relocation Set 0.004ms
[391.554s][info][gc          ] Allocation Stall (Executor task launch worker for task 35.0 in stage 81.0 (TID 1366)) 20.712ms
[391.554s][info][gc          ] Allocation Stall (Executor task launch worker for task 20.0 in stage 81.0 (TID 1363)) 29.362ms
[391.554s][info][gc          ] Allocation Stall (Executor task launch worker for task 46.0 in stage 81.0 (TID 1370)) 21.265ms
[391.554s][info][gc          ] Allocation Stall (Executor task launch worker for task 3.0 in stage 81.0 (TID 1359)) 20.437ms
[391.554s][info][gc          ] Allocation Stall (Executor task launch worker for task 44.0 in stage 81.0 (TID 1368)) 17.787ms
[391.554s][info][gc          ] Allocation Stall (Executor task launch worker for task 42.0 in stage 81.0 (TID 1367)) 18.136ms
[391.554s][info][gc          ] Allocation Stall (Executor task launch worker for task 0.0 in stage 81.0 (TID 1358)) 17.782ms
[391.554s][info][gc          ] Allocation Stall (Executor task launch worker for task 14.0 in stage 81.0 (TID 1361)) 20.687ms
[391.554s][info][gc          ] Allocation Stall (Executor task launch worker for task 30.0 in stage 81.0 (TID 1365)) 20.699ms
[391.554s][info][gc          ] Allocation Stall (Executor task launch worker for task 45.0 in stage 81.0 (TID 1369)) 17.908ms
[391.554s][info][gc          ] Allocation Stall (Executor task launch worker for task 11.0 in stage 81.0 (TID 1360)) 18.236ms
[391.554s][info][gc          ] Allocation Stall (Executor task launch worker for task 19.0 in stage 81.0 (TID 1362)) 17.995ms
[391.554s][info][gc          ] Allocation Stall (Executor task launch worker for task 24.0 in stage 81.0 (TID 1364)) 20.645ms
[391.556s][info][gc,phases   ] GC(2147) Concurrent Select Relocation Set 2.952ms
[391.566s][info][gc,phases   ] GC(2147) Pause Relocate Start 0.010ms
[391.593s][info][gc,phases   ] GC(2147) Concurrent Relocate 26.625ms
[391.593s][info][gc,load     ] GC(2147) Load: 0.00/0.00/0.00
[391.593s][info][gc,mmu      ] GC(2147) MMU: 2ms/86.2%, 5ms/94.5%, 10ms/97.2%, 20ms/98.6%, 50ms/99.4%, 100ms/99.6%
[391.593s][info][gc,marking  ] GC(2147) Mark: 8 stripe(s), 4 proactive flush(es), 1 terminate flush(es), 0 completion(s), 0 continuation(s) 
[391.593s][info][gc,marking  ] GC(2147) Mark Stack Usage: 32M
[391.593s][info][gc,nmethod  ] GC(2147) NMethods: 8068 registered, 1223 unregistered
[391.593s][info][gc,metaspace] GC(2147) Metaspace: 120M used, 123M committed, 1152M reserved
[391.593s][info][gc,ref      ] GC(2147) Soft: 2842 encountered, 337 discovered, 0 enqueued
[391.593s][info][gc,ref      ] GC(2147) Weak: 13682 encountered, 1407 discovered, 0 enqueued
[391.593s][info][gc,ref      ] GC(2147) Final: 84 encountered, 1 discovered, 0 enqueued
[391.593s][info][gc,ref      ] GC(2147) Phantom: 764 encountered, 458 discovered, 0 enqueued
[391.593s][info][gc,reloc    ] GC(2147) Small Pages: 308 / 616M, Empty: 484M, Relocated: 6M, In-Place: 0
[391.593s][info][gc,reloc    ] GC(2147) Medium Pages: 41 / 1312M, Empty: 0M, Relocated: 51M, In-Place: 0
[391.593s][info][gc,reloc    ] GC(2147) Large Pages: 11 / 88M, Empty: 24M, Relocated: 0M, In-Place: 0
[391.593s][info][gc,reloc    ] GC(2147) Forwarding Usage: 1M
[391.593s][info][gc,heap     ] GC(2147) Min Capacity: 8M(0%)
[391.593s][info][gc,heap     ] GC(2147) Max Capacity: 2048M(100%)
[391.593s][info][gc,heap     ] GC(2147) Soft Max Capacity: 2048M(100%)
[391.594s][info][gc,heap     ] GC(2147)                Mark Start          Mark End        Relocate Start      Relocate End           High               Low         
[391.594s][info][gc,heap     ] GC(2147)  Capacity:     2048M (100%)       2048M (100%)       2048M (100%)       2048M (100%)       2048M (100%)       2048M (100%)   
[391.594s][info][gc,heap     ] GC(2147)      Free:       16M (1%)            0M (0%)          466M (23%)         318M (16%)         480M (23%)           0M (0%)     
[391.594s][info][gc,heap     ] GC(2147)      Used:     2032M (99%)        2048M (100%)       1582M (77%)        1730M (84%)        2048M (100%)       1568M (77%)    
[391.594s][info][gc,heap     ] GC(2147)      Live:         -              1222M (60%)        1222M (60%)        1222M (60%)            -                  -          
[391.594s][info][gc,heap     ] GC(2147) Allocated:         -                16M (1%)           58M (3%)          318M (16%)            -                  -          
[391.594s][info][gc,heap     ] GC(2147)   Garbage:         -               809M (40%)         301M (15%)         189M (9%)             -                  -          
[391.594s][info][gc,heap     ] GC(2147) Reclaimed:         -                  -               508M (25%)         620M (30%)            -                  -          
[391.594s][info][gc          ] GC(2147) Garbage Collection (Allocation Stall) 2032M(99%)->1730M(84%)
[391.633s][info][gc,start    ] GC(2148) Garbage Collection (Allocation Stall)
[391.633s][info][gc,ref      ] GC(2148) Clearing All SoftReferences
[391.633s][info][gc,task     ] GC(2148) Using 12 workers
[391.633s][info][gc,ref      ] GC(2148) Clearing All SoftReferences
[391.633s][info][gc,phases   ] GC(2148) Pause Mark Start 0.044ms
[391.660s][info][gc,phases   ] GC(2148) Concurrent Mark 26.912ms
[391.660s][info][gc,phases   ] GC(2148) Pause Mark End 0.021ms
[391.660s][info][gc,phases   ] GC(2148) Concurrent Mark Free 0.001ms
[391.663s][info][gc,phases   ] GC(2148) Concurrent Process Non-Strong References 2.720ms
[391.663s][info][gc,phases   ] GC(2148) Concurrent Reset Relocation Set 0.004ms
[391.663s][info][gc          ] Allocation Stall (Executor task launch worker for task 30.0 in stage 81.0 (TID 1365)) 29.886ms
[391.663s][info][gc          ] Allocation Stall (Executor task launch worker for task 46.0 in stage 81.0 (TID 1370)) 30.168ms
[391.663s][info][gc          ] Allocation Stall (Executor task launch worker for task 14.0 in stage 81.0 (TID 1361)) 29.904ms
[391.663s][info][gc          ] Allocation Stall (Executor task launch worker for task 42.0 in stage 81.0 (TID 1367)) 29.900ms
[391.663s][info][gc          ] Allocation Stall (Executor task launch worker for task 0.0 in stage 81.0 (TID 1358)) 29.897ms
[391.663s][info][gc          ] Allocation Stall (Executor task launch worker for task 44.0 in stage 81.0 (TID 1368)) 29.915ms
[391.663s][info][gc          ] Allocation Stall (Executor task launch worker for task 3.0 in stage 81.0 (TID 1359)) 29.905ms
[391.663s][info][gc          ] Allocation Stall (Executor task launch worker for task 19.0 in stage 81.0 (TID 1362)) 29.893ms
[391.663s][info][gc          ] Allocation Stall (Executor task launch worker for task 45.0 in stage 81.0 (TID 1369)) 26.473ms
[391.663s][info][gc          ] Allocation Stall (Executor task launch worker for task 11.0 in stage 81.0 (TID 1360)) 30.241ms
[391.663s][info][gc          ] Allocation Stall (Executor task launch worker for task 24.0 in stage 81.0 (TID 1364)) 30.277ms
[391.663s][info][gc          ] Allocation Stall (Executor task launch worker for task 35.0 in stage 81.0 (TID 1366)) 29.897ms
[391.663s][info][gc          ] Allocation Stall (Spark Context Cleaner) 18.669ms
[391.663s][info][gc          ] Allocation Stall (Executor task launch worker for task 20.0 in stage 81.0 (TID 1363)) 30.153ms
[391.667s][info][gc,phases   ] GC(2148) Concurrent Select Relocation Set 3.710ms
[391.668s][info][gc,phases   ] GC(2148) Pause Relocate Start 0.007ms
[391.693s][info][gc,phases   ] GC(2148) Concurrent Relocate 25.284ms
[391.693s][info][gc,load     ] GC(2148) Load: 0.00/0.00/0.00
[391.693s][info][gc,mmu      ] GC(2148) MMU: 2ms/86.2%, 5ms/94.5%, 10ms/97.2%, 20ms/98.6%, 50ms/99.4%, 100ms/99.6%
[391.693s][info][gc,marking  ] GC(2148) Mark: 8 stripe(s), 3 proactive flush(es), 1 terminate flush(es), 0 completion(s), 0 continuation(s) 
[391.693s][info][gc,marking  ] GC(2148) Mark Stack Usage: 32M
[391.693s][info][gc,nmethod  ] GC(2148) NMethods: 8068 registered, 1223 unregistered
[391.693s][info][gc,metaspace] GC(2148) Metaspace: 120M used, 123M committed, 1152M reserved
[391.693s][info][gc,ref      ] GC(2148) Soft: 2842 encountered, 940 discovered, 0 enqueued
[391.693s][info][gc,ref      ] GC(2148) Weak: 13682 encountered, 2056 discovered, 3 enqueued
[391.693s][info][gc,ref      ] GC(2148) Final: 84 encountered, 0 discovered, 0 enqueued
[391.693s][info][gc,ref      ] GC(2148) Phantom: 764 encountered, 602 discovered, 0 enqueued
[391.693s][info][gc,reloc    ] GC(2148) Small Pages: 316 / 632M, Empty: 488M, Relocated: 6M, In-Place: 0
[391.693s][info][gc,reloc    ] GC(2148) Medium Pages: 42 / 1344M, Empty: 0M, Relocated: 78M, In-Place: 0
[391.693s][info][gc,reloc    ] GC(2148) Large Pages: 9 / 72M, Empty: 64M, Relocated: 0M, In-Place: 0
[391.693s][info][gc,reloc    ] GC(2148) Forwarding Usage: 0M
[391.693s][info][gc,heap     ] GC(2148) Min Capacity: 8M(0%)
[391.693s][info][gc,heap     ] GC(2148) Max Capacity: 2048M(100%)
[391.693s][info][gc,heap     ] GC(2148) Soft Max Capacity: 2048M(100%)
[391.693s][info][gc,heap     ] GC(2148)                Mark Start          Mark End        Relocate Start      Relocate End           High               Low         
[391.693s][info][gc,heap     ] GC(2148)  Capacity:     2048M (100%)       2048M (100%)       2048M (100%)       2048M (100%)       2048M (100%)       2048M (100%)   
[391.693s][info][gc,heap     ] GC(2148)      Free:        0M (0%)            0M (0%)          508M (25%)         352M (17%)         534M (26%)           0M (0%)     
[391.693s][info][gc,heap     ] GC(2148)      Used:     2048M (100%)       2048M (100%)       1540M (75%)        1696M (83%)        2048M (100%)       1514M (74%)    
[391.693s][info][gc,heap     ] GC(2148)      Live:         -              1195M (58%)        1195M (58%)        1195M (58%)            -                  -          
[391.693s][info][gc,heap     ] GC(2148) Allocated:         -                 0M (0%)           44M (2%)          325M (16%)            -                  -          
[391.693s][info][gc,heap     ] GC(2148)   Garbage:         -               852M (42%)         300M (15%)         175M (9%)             -                  -          
[391.693s][info][gc,heap     ] GC(2148) Reclaimed:         -                  -               552M (27%)         677M (33%)            -                  -          
[391.693s][info][gc          ] GC(2148) Garbage Collection (Allocation Stall) 2048M(100%)->1696M(83%)
[391.735s][info][gc,start    ] GC(2149) Garbage Collection (Allocation Stall)
[391.735s][info][gc,ref      ] GC(2149) Clearing All SoftReferences
[391.735s][info][gc,task     ] GC(2149) Using 12 workers
[391.735s][info][gc,ref      ] GC(2149) Clearing All SoftReferences
[391.735s][info][gc,phases   ] GC(2149) Pause Mark Start 0.050ms
[391.754s][info][gc,phases   ] GC(2149) Concurrent Mark 18.282ms
[391.754s][info][gc,phases   ] GC(2149) Pause Mark End 0.024ms
[391.754s][info][gc,phases   ] GC(2149) Concurrent Mark Free 0.001ms
[391.756s][info][gc,phases   ] GC(2149) Concurrent Process Non-Strong References 2.355ms
[391.756s][info][gc,phases   ] GC(2149) Concurrent Reset Relocation Set 0.005ms
[391.756s][info][gc          ] Allocation Stall (Executor task launch worker for task 24.0 in stage 81.0 (TID 1364)) 20.925ms
[391.756s][info][gc          ] Allocation Stall (Executor task launch worker for task 20.0 in stage 81.0 (TID 1363)) 20.918ms
[391.756s][info][gc          ] Allocation Stall (Executor task launch worker for task 44.0 in stage 81.0 (TID 1368)) 20.920ms
[391.756s][info][gc          ] Allocation Stall (Executor task launch worker for task 42.0 in stage 81.0 (TID 1367)) 20.907ms
[391.756s][info][gc          ] Allocation Stall (Executor task launch worker for task 35.0 in stage 81.0 (TID 1366)) 20.919ms
[391.756s][info][gc          ] Allocation Stall (Executor task launch worker for task 14.0 in stage 81.0 (TID 1361)) 21.354ms
[391.756s][info][gc          ] Allocation Stall (Executor task launch worker for task 3.0 in stage 81.0 (TID 1359)) 20.925ms
[391.756s][info][gc          ] Allocation Stall (Executor task launch worker for task 46.0 in stage 81.0 (TID 1370)) 20.923ms
[391.756s][info][gc          ] Allocation Stall (Executor task launch worker for task 30.0 in stage 81.0 (TID 1365)) 20.917ms
[391.756s][info][gc          ] Allocation Stall (Executor task launch worker for task 19.0 in stage 81.0 (TID 1362)) 20.918ms
[391.756s][info][gc          ] Allocation Stall (Executor task launch worker for task 45.0 in stage 81.0 (TID 1369)) 20.894ms
[391.756s][info][gc          ] Allocation Stall (Executor task launch worker for task 0.0 in stage 81.0 (TID 1358)) 20.912ms
[391.756s][info][gc          ] Allocation Stall (Executor task launch worker for task 11.0 in stage 81.0 (TID 1360)) 20.896ms
[391.762s][info][gc,phases   ] GC(2149) Concurrent Select Relocation Set 5.197ms
[391.762s][info][gc,phases   ] GC(2149) Pause Relocate Start 0.006ms
[391.785s][info][gc,phases   ] GC(2149) Concurrent Relocate 22.896ms
[391.785s][info][gc,load     ] GC(2149) Load: 0.00/0.00/0.00
[391.785s][info][gc,mmu      ] GC(2149) MMU: 2ms/86.2%, 5ms/94.5%, 10ms/97.2%, 20ms/98.6%, 50ms/99.4%, 100ms/99.6%
[391.785s][info][gc,marking  ] GC(2149) Mark: 8 stripe(s), 2 proactive flush(es), 1 terminate flush(es), 0 completion(s), 0 continuation(s) 
[391.785s][info][gc,marking  ] GC(2149) Mark Stack Usage: 32M
[391.785s][info][gc,nmethod  ] GC(2149) NMethods: 8068 registered, 1223 unregistered
[391.785s][info][gc,metaspace] GC(2149) Metaspace: 120M used, 123M committed, 1152M reserved
[391.785s][info][gc,ref      ] GC(2149) Soft: 2842 encountered, 353 discovered, 0 enqueued
[391.785s][info][gc,ref      ] GC(2149) Weak: 13679 encountered, 2691 discovered, 3 enqueued
[391.785s][info][gc,ref      ] GC(2149) Final: 84 encountered, 1 discovered, 0 enqueued
[391.785s][info][gc,ref      ] GC(2149) Phantom: 764 encountered, 574 discovered, 0 enqueued
[391.785s][info][gc,reloc    ] GC(2149) Small Pages: 344 / 688M, Empty: 554M, Relocated: 3M, In-Place: 0
[391.785s][info][gc,reloc    ] GC(2149) Medium Pages: 42 / 1344M, Empty: 0M, Relocated: 53M, In-Place: 0
[391.785s][info][gc,reloc    ] GC(2149) Large Pages: 2 / 16M, Empty: 8M, Relocated: 0M, In-Place: 0
[391.785s][info][gc,reloc    ] GC(2149) Forwarding Usage: 0M
[391.785s][info][gc,heap     ] GC(2149) Min Capacity: 8M(0%)
[391.785s][info][gc,heap     ] GC(2149) Max Capacity: 2048M(100%)
[391.785s][info][gc,heap     ] GC(2149) Soft Max Capacity: 2048M(100%)
[391.785s][info][gc,heap     ] GC(2149)                Mark Start          Mark End        Relocate Start      Relocate End           High               Low         
[391.785s][info][gc,heap     ] GC(2149)  Capacity:     2048M (100%)       2048M (100%)       2048M (100%)       2048M (100%)       2048M (100%)       2048M (100%)   
[391.785s][info][gc,heap     ] GC(2149)      Free:        0M (0%)            0M (0%)          494M (24%)         396M (19%)         514M (25%)           0M (0%)     
[391.785s][info][gc,heap     ] GC(2149)      Used:     2048M (100%)       2048M (100%)       1554M (76%)        1652M (81%)        2048M (100%)       1534M (75%)    
[391.785s][info][gc,heap     ] GC(2149)      Live:         -              1208M (59%)        1208M (59%)        1208M (59%)            -                  -          
[391.785s][info][gc,heap     ] GC(2149) Allocated:         -                 0M (0%)           68M (3%)          290M (14%)            -                  -          
[391.785s][info][gc,heap     ] GC(2149)   Garbage:         -               839M (41%)         277M (14%)         153M (8%)             -                  -          
[391.785s][info][gc,heap     ] GC(2149) Reclaimed:         -                  -               562M (27%)         686M (34%)            -                  -          
[391.785s][info][gc          ] GC(2149) Garbage Collection (Allocation Stall) 2048M(100%)->1652M(81%)
[391.824s][info][gc,start    ] GC(2150) Garbage Collection (Allocation Stall)
[391.824s][info][gc          ] Allocation Stall (Executor task launch worker for task 45.0 in stage 81.0 (TID 1369)) 0.045ms
[391.824s][info][gc,ref      ] GC(2150) Clearing All SoftReferences
[391.824s][info][gc          ] Allocation Stall (Executor task launch worker for task 35.0 in stage 81.0 (TID 1366)) 0.098ms
[391.824s][info][gc,task     ] GC(2150) Using 12 workers
[391.825s][info][gc,ref      ] GC(2150) Clearing All SoftReferences
[391.825s][info][gc,phases   ] GC(2150) Pause Mark Start 0.044ms
[391.847s][info][gc,phases   ] GC(2150) Concurrent Mark 22.369ms
[391.848s][info][gc,phases   ] GC(2150) Pause Mark End 0.025ms
[391.848s][info][gc,phases   ] GC(2150) Concurrent Mark Free 0.001ms
[391.850s][info][gc,phases   ] GC(2150) Concurrent Process Non-Strong References 2.785ms
[391.851s][info][gc,phases   ] GC(2150) Concurrent Reset Relocation Set 0.005ms
[391.851s][info][gc          ] Allocation Stall (Executor task launch worker for task 0.0 in stage 81.0 (TID 1358)) 21.744ms
[391.851s][info][gc          ] Allocation Stall (Executor task launch worker for task 45.0 in stage 81.0 (TID 1369)) 21.712ms
[391.851s][info][gc          ] Allocation Stall (Executor task launch worker for task 14.0 in stage 81.0 (TID 1361)) 21.535ms
[391.851s][info][gc          ] Allocation Stall (Executor task launch worker for task 46.0 in stage 81.0 (TID 1370)) 21.441ms
[391.851s][info][gc          ] Allocation Stall (Executor task launch worker for task 42.0 in stage 81.0 (TID 1367)) 21.807ms
[391.851s][info][gc          ] Allocation Stall (Executor task launch worker for task 24.0 in stage 81.0 (TID 1364)) 21.714ms
[391.851s][info][gc          ] Allocation Stall (Executor task launch worker for task 19.0 in stage 81.0 (TID 1362)) 21.892ms
[391.851s][info][gc          ] Allocation Stall (Executor task launch worker for task 20.0 in stage 81.0 (TID 1363)) 21.557ms
[391.851s][info][gc          ] Allocation Stall (Executor task launch worker for task 44.0 in stage 81.0 (TID 1368)) 21.397ms
[391.851s][info][gc          ] Allocation Stall (Executor task launch worker for task 11.0 in stage 81.0 (TID 1360)) 21.671ms
[391.851s][info][gc          ] Allocation Stall (Executor task launch worker for task 3.0 in stage 81.0 (TID 1359)) 21.885ms
[391.851s][info][gc          ] Allocation Stall (Executor task launch worker for task 30.0 in stage 81.0 (TID 1365)) 21.389ms
[391.851s][info][gc          ] Allocation Stall (Executor task launch worker for task 35.0 in stage 81.0 (TID 1366)) 21.855ms
[391.853s][info][gc,phases   ] GC(2150) Concurrent Select Relocation Set 2.919ms
[391.854s][info][gc,phases   ] GC(2150) Pause Relocate Start 0.008ms
[391.855s][info][gc,phases   ] GC(2150) Concurrent Relocate 1.022ms
[391.855s][info][gc,load     ] GC(2150) Load: 0.00/0.00/0.00
[391.855s][info][gc,mmu      ] GC(2150) MMU: 2ms/86.2%, 5ms/94.5%, 10ms/97.2%, 20ms/98.6%, 50ms/99.4%, 100ms/99.6%
[391.855s][info][gc,marking  ] GC(2150) Mark: 8 stripe(s), 2 proactive flush(es), 1 terminate flush(es), 0 completion(s), 0 continuation(s) 
[391.855s][info][gc,marking  ] GC(2150) Mark Stack Usage: 32M
[391.855s][info][gc,nmethod  ] GC(2150) NMethods: 8068 registered, 1223 unregistered
[391.855s][info][gc,metaspace] GC(2150) Metaspace: 120M used, 123M committed, 1152M reserved
[391.855s][info][gc,ref      ] GC(2150) Soft: 2842 encountered, 901 discovered, 0 enqueued
[391.855s][info][gc,ref      ] GC(2150) Weak: 13682 encountered, 999 discovered, 1 enqueued
[391.855s][info][gc,ref      ] GC(2150) Final: 84 encountered, 39 discovered, 0 enqueued
[391.855s][info][gc,ref      ] GC(2150) Phantom: 764 encountered, 605 discovered, 0 enqueued
[391.855s][info][gc,reloc    ] GC(2150) Small Pages: 354 / 708M, Empty: 576M, Relocated: 3M, In-Place: 0
[391.855s][info][gc,reloc    ] GC(2150) Medium Pages: 41 / 1312M, Empty: 0M, Relocated: 0M, In-Place: 0
[391.855s][info][gc,reloc    ] GC(2150) Large Pages: 2 / 16M, Empty: 8M, Relocated: 0M, In-Place: 0
[391.855s][info][gc,reloc    ] GC(2150) Forwarding Usage: 0M
[391.855s][info][gc,heap     ] GC(2150) Min Capacity: 8M(0%)
[391.855s][info][gc,heap     ] GC(2150) Max Capacity: 2048M(100%)
[391.855s][info][gc,heap     ] GC(2150) Soft Max Capacity: 2048M(100%)
[391.855s][info][gc,heap     ] GC(2150)                Mark Start          Mark End        Relocate Start      Relocate End           High               Low         
[391.855s][info][gc,heap     ] GC(2150)  Capacity:     2048M (100%)       2048M (100%)       2048M (100%)       2048M (100%)       2048M (100%)       2048M (100%)   
[391.855s][info][gc,heap     ] GC(2150)      Free:       12M (1%)            0M (0%)          568M (28%)         600M (29%)         600M (29%)           0M (0%)     
[391.855s][info][gc,heap     ] GC(2150)      Used:     2036M (99%)        2048M (100%)       1480M (72%)        1448M (71%)        2048M (100%)       1448M (71%)    
[391.855s][info][gc,heap     ] GC(2150)      Live:         -              1220M (60%)        1220M (60%)        1220M (60%)            -                  -          
[391.855s][info][gc,heap     ] GC(2150) Allocated:         -                12M (1%)           28M (1%)           39M (2%)             -                  -          
[391.855s][info][gc,heap     ] GC(2150)   Garbage:         -               815M (40%)         231M (11%)         187M (9%)             -                  -          
[391.856s][info][gc,heap     ] GC(2150) Reclaimed:         -                  -               584M (29%)         627M (31%)            -                  -          
[391.856s][info][gc          ] GC(2150) Garbage Collection (Allocation Stall) 2036M(99%)->1448M(71%)
[391.888s][info][gc,start    ] GC(2151) Garbage Collection (Allocation Stall)
[391.888s][info][gc,ref      ] GC(2151) Clearing All SoftReferences
[391.888s][info][gc,task     ] GC(2151) Using 12 workers
[391.888s][info][gc,ref      ] GC(2151) Clearing All SoftReferences
[391.888s][info][gc,phases   ] GC(2151) Pause Mark Start 0.044ms
[391.904s][info][gc,phases   ] GC(2151) Concurrent Mark 15.982ms
[391.905s][info][gc,phases   ] GC(2151) Pause Mark End 0.017ms
[391.905s][info][gc,phases   ] GC(2151) Concurrent Mark Free 0.001ms
[391.907s][info][gc,phases   ] GC(2151) Concurrent Process Non-Strong References 2.367ms
[391.907s][info][gc,phases   ] GC(2151) Concurrent Reset Relocation Set 0.004ms
[391.907s][info][gc          ] Allocation Stall (Executor task launch worker for task 19.0 in stage 81.0 (TID 1362)) 19.386ms
[391.907s][info][gc          ] Allocation Stall (Executor task launch worker for task 46.0 in stage 81.0 (TID 1370)) 19.319ms
[391.907s][info][gc          ] Allocation Stall (Executor task launch worker for task 35.0 in stage 81.0 (TID 1366)) 13.913ms
[391.907s][info][gc          ] Allocation Stall (Executor task launch worker for task 30.0 in stage 81.0 (TID 1365)) 13.497ms
[391.907s][info][gc          ] Allocation Stall (Executor task launch worker for task 24.0 in stage 81.0 (TID 1364)) 19.412ms
[391.907s][info][gc          ] Allocation Stall (Executor task launch worker for task 20.0 in stage 81.0 (TID 1363)) 18.561ms
[391.907s][info][gc          ] Allocation Stall (Executor task launch worker for task 0.0 in stage 81.0 (TID 1358)) 19.325ms
[391.907s][info][gc          ] Allocation Stall (Executor task launch worker for task 3.0 in stage 81.0 (TID 1359)) 19.407ms
[391.907s][info][gc          ] Allocation Stall (Executor task launch worker for task 45.0 in stage 81.0 (TID 1369)) 19.398ms
[391.907s][info][gc          ] Allocation Stall (Executor task launch worker for task 44.0 in stage 81.0 (TID 1368)) 14.083ms
[391.907s][info][gc          ] Allocation Stall (Executor task launch worker for task 14.0 in stage 81.0 (TID 1361)) 19.492ms
[391.907s][info][gc          ] Allocation Stall (Executor task launch worker for task 11.0 in stage 81.0 (TID 1360)) 12.978ms
[391.907s][info][gc          ] Allocation Stall (Executor task launch worker for task 42.0 in stage 81.0 (TID 1367)) 19.375ms
[391.910s][info][gc,phases   ] GC(2151) Concurrent Select Relocation Set 3.322ms
[391.911s][info][gc,phases   ] GC(2151) Pause Relocate Start 0.006ms
[391.912s][info][gc,phases   ] GC(2151) Concurrent Relocate 1.012ms
[391.912s][info][gc,load     ] GC(2151) Load: 0.00/0.00/0.00
[391.912s][info][gc,mmu      ] GC(2151) MMU: 2ms/86.2%, 5ms/94.5%, 10ms/97.2%, 20ms/98.6%, 50ms/99.4%, 100ms/99.6%
[391.912s][info][gc,marking  ] GC(2151) Mark: 8 stripe(s), 2 proactive flush(es), 1 terminate flush(es), 0 completion(s), 0 continuation(s) 
[391.912s][info][gc,marking  ] GC(2151) Mark Stack Usage: 32M
[391.912s][info][gc,nmethod  ] GC(2151) NMethods: 8068 registered, 1223 unregistered
[391.912s][info][gc,metaspace] GC(2151) Metaspace: 120M used, 123M committed, 1152M reserved
[391.912s][info][gc,ref      ] GC(2151) Soft: 2842 encountered, 370 discovered, 0 enqueued
[391.912s][info][gc,ref      ] GC(2151) Weak: 13681 encountered, 866 discovered, 2 enqueued
[391.912s][info][gc,ref      ] GC(2151) Final: 84 encountered, 1 discovered, 0 enqueued
[391.912s][info][gc,ref      ] GC(2151) Phantom: 764 encountered, 608 discovered, 0 enqueued
[391.912s][info][gc,reloc    ] GC(2151) Small Pages: 312 / 624M, Empty: 484M, Relocated: 3M, In-Place: 0
[391.912s][info][gc,reloc    ] GC(2151) Medium Pages: 42 / 1344M, Empty: 32M, Relocated: 0M, In-Place: 0
[391.912s][info][gc,reloc    ] GC(2151) Large Pages: 10 / 80M, Empty: 8M, Relocated: 0M, In-Place: 0
[391.912s][info][gc,reloc    ] GC(2151) Forwarding Usage: 0M
[391.912s][info][gc,heap     ] GC(2151) Min Capacity: 8M(0%)
[391.912s][info][gc,heap     ] GC(2151) Max Capacity: 2048M(100%)
[391.912s][info][gc,heap     ] GC(2151) Soft Max Capacity: 2048M(100%)
[391.912s][info][gc,heap     ] GC(2151)                Mark Start          Mark End        Relocate Start      Relocate End           High               Low         
[391.912s][info][gc,heap     ] GC(2151)  Capacity:     2048M (100%)       2048M (100%)       2048M (100%)       2048M (100%)       2048M (100%)       2048M (100%)   
[391.912s][info][gc,heap     ] GC(2151)      Free:        0M (0%)            0M (0%)          500M (24%)         536M (26%)         540M (26%)           0M (0%)     
[391.912s][info][gc,heap     ] GC(2151)      Used:     2048M (100%)       2048M (100%)       1548M (76%)        1512M (74%)        2048M (100%)       1508M (74%)    
[391.912s][info][gc,heap     ] GC(2151)      Live:         -              1278M (62%)        1278M (62%)        1278M (62%)            -                  -          
[391.912s][info][gc,heap     ] GC(2151) Allocated:         -                 0M (0%)           24M (1%)           39M (2%)             -                  -          
[391.912s][info][gc,heap     ] GC(2151)   Garbage:         -               769M (38%)         245M (12%)         193M (9%)             -                  -          
[391.912s][info][gc,heap     ] GC(2151) Reclaimed:         -                  -               524M (26%)         575M (28%)            -                  -          
[391.912s][info][gc          ] GC(2151) Garbage Collection (Allocation Stall) 2048M(100%)->1512M(74%)
[391.943s][info][gc,start    ] GC(2152) Garbage Collection (Allocation Stall)
[391.943s][info][gc,ref      ] GC(2152) Clearing All SoftReferences
[391.943s][info][gc,task     ] GC(2152) Using 12 workers
[391.944s][info][gc,ref      ] GC(2152) Clearing All SoftReferences
[391.944s][info][gc,phases   ] GC(2152) Pause Mark Start 0.047ms
[391.967s][info][gc,phases   ] GC(2152) Concurrent Mark 23.327ms
[391.967s][info][gc,phases   ] GC(2152) Pause Mark End 0.018ms
[391.967s][info][gc,phases   ] GC(2152) Concurrent Mark Free 0.000ms
[391.970s][info][gc,phases   ] GC(2152) Concurrent Process Non-Strong References 2.942ms
[391.970s][info][gc,phases   ] GC(2152) Concurrent Reset Relocation Set 0.004ms
[391.970s][info][gc          ] Allocation Stall (Executor task launch worker for task 46.0 in stage 81.0 (TID 1370)) 22.670ms
[391.970s][info][gc          ] Allocation Stall (Executor task launch worker for task 42.0 in stage 81.0 (TID 1367)) 26.542ms
[391.970s][info][gc          ] Allocation Stall (Executor task launch worker for task 20.0 in stage 81.0 (TID 1363)) 27.517ms
[391.970s][info][gc          ] Allocation Stall (Executor task launch worker for task 14.0 in stage 81.0 (TID 1361)) 27.489ms
[391.970s][info][gc          ] Allocation Stall (Executor task launch worker for task 24.0 in stage 81.0 (TID 1364)) 27.410ms
[391.970s][info][gc          ] Allocation Stall (Executor task launch worker for task 30.0 in stage 81.0 (TID 1365)) 21.605ms
[391.970s][info][gc          ] Allocation Stall (Executor task launch worker for task 45.0 in stage 81.0 (TID 1369)) 27.352ms
[391.970s][info][gc          ] Allocation Stall (Executor task launch worker for task 19.0 in stage 81.0 (TID 1362)) 27.528ms
[391.970s][info][gc          ] Allocation Stall (Executor task launch worker for task 11.0 in stage 81.0 (TID 1360)) 27.440ms
[391.970s][info][gc          ] Allocation Stall (Executor task launch worker for task 0.0 in stage 81.0 (TID 1358)) 27.421ms
[391.970s][info][gc          ] Allocation Stall (Executor task launch worker for task 44.0 in stage 81.0 (TID 1368)) 26.764ms
[391.970s][info][gc          ] Allocation Stall (Executor task launch worker for task 35.0 in stage 81.0 (TID 1366)) 26.966ms
[391.970s][info][gc          ] Allocation Stall (Executor task launch worker for task 3.0 in stage 81.0 (TID 1359)) 26.490ms
[391.974s][info][gc,phases   ] GC(2152) Concurrent Select Relocation Set 3.520ms
[391.983s][info][gc,phases   ] GC(2152) Pause Relocate Start 0.009ms
[392.009s][info][gc,phases   ] GC(2152) Concurrent Relocate 26.348ms
[392.009s][info][gc,load     ] GC(2152) Load: 0.00/0.00/0.00
[392.009s][info][gc,mmu      ] GC(2152) MMU: 2ms/86.2%, 5ms/94.5%, 10ms/97.2%, 20ms/98.6%, 50ms/99.4%, 100ms/99.6%
[392.009s][info][gc,marking  ] GC(2152) Mark: 8 stripe(s), 3 proactive flush(es), 1 terminate flush(es), 0 completion(s), 0 continuation(s) 
[392.009s][info][gc,marking  ] GC(2152) Mark Stack Usage: 32M
[392.009s][info][gc,nmethod  ] GC(2152) NMethods: 8064 registered, 1228 unregistered
[392.009s][info][gc,metaspace] GC(2152) Metaspace: 120M used, 123M committed, 1152M reserved
[392.009s][info][gc,ref      ] GC(2152) Soft: 2842 encountered, 778 discovered, 0 enqueued
[392.009s][info][gc,ref      ] GC(2152) Weak: 13682 encountered, 2817 discovered, 3 enqueued
[392.009s][info][gc,ref      ] GC(2152) Final: 84 encountered, 1 discovered, 0 enqueued
[392.009s][info][gc,ref      ] GC(2152) Phantom: 764 encountered, 448 discovered, 0 enqueued
[392.009s][info][gc,reloc    ] GC(2152) Small Pages: 292 / 584M, Empty: 442M, Relocated: 5M, In-Place: 0
[392.009s][info][gc,reloc    ] GC(2152) Medium Pages: 43 / 1376M, Empty: 0M, Relocated: 22M, In-Place: 0
[392.009s][info][gc,reloc    ] GC(2152) Large Pages: 11 / 88M, Empty: 56M, Relocated: 0M, In-Place: 0
[392.009s][info][gc,reloc    ] GC(2152) Forwarding Usage: 0M
[392.009s][info][gc,heap     ] GC(2152) Min Capacity: 8M(0%)
[392.010s][info][gc,heap     ] GC(2152) Max Capacity: 2048M(100%)
[392.010s][info][gc,heap     ] GC(2152) Soft Max Capacity: 2048M(100%)
[392.010s][info][gc,heap     ] GC(2152)                Mark Start          Mark End        Relocate Start      Relocate End           High               Low         
[392.010s][info][gc,heap     ] GC(2152)  Capacity:     2048M (100%)       2048M (100%)       2048M (100%)       2048M (100%)       2048M (100%)       2048M (100%)   
[392.010s][info][gc,heap     ] GC(2152)      Free:        0M (0%)            0M (0%)          454M (22%)         236M (12%)         474M (23%)           0M (0%)     
[392.010s][info][gc,heap     ] GC(2152)      Used:     2048M (100%)       2048M (100%)       1594M (78%)        1812M (88%)        2048M (100%)       1574M (77%)    
[392.010s][info][gc,heap     ] GC(2152)      Live:         -              1260M (62%)        1260M (62%)        1260M (62%)            -                  -          
[392.010s][info][gc,heap     ] GC(2152) Allocated:         -                 0M (0%)           44M (2%)          386M (19%)            -                  -          
[392.010s][info][gc,heap     ] GC(2152)   Garbage:         -               787M (38%)         289M (14%)         164M (8%)             -                  -          
[392.010s][info][gc,heap     ] GC(2152) Reclaimed:         -                  -               498M (24%)         622M (30%)            -                  -          
[392.010s][info][gc          ] GC(2152) Garbage Collection (Allocation Stall) 2048M(100%)->1812M(88%)
[392.045s][info][gc,start    ] GC(2153) Garbage Collection (Allocation Stall)
[392.045s][info][gc,ref      ] GC(2153) Clearing All SoftReferences
[392.045s][info][gc,task     ] GC(2153) Using 12 workers
[392.045s][info][gc,ref      ] GC(2153) Clearing All SoftReferences
[392.045s][info][gc,phases   ] GC(2153) Pause Mark Start 0.043ms
[392.076s][info][gc,phases   ] GC(2153) Concurrent Mark 30.963ms
[392.076s][info][gc,phases   ] GC(2153) Pause Mark End 0.017ms
[392.077s][info][gc,phases   ] GC(2153) Concurrent Mark Free 0.000ms
[392.079s][info][gc,phases   ] GC(2153) Concurrent Process Non-Strong References 2.465ms
[392.079s][info][gc,phases   ] GC(2153) Concurrent Reset Relocation Set 0.006ms
[392.079s][info][gc          ] Allocation Stall (Executor task launch worker for task 3.0 in stage 81.0 (TID 1359)) 16.188ms
[392.079s][info][gc          ] Allocation Stall (Executor task launch worker for task 19.0 in stage 81.0 (TID 1362)) 16.774ms
[392.079s][info][gc          ] Allocation Stall (Executor task launch worker for task 11.0 in stage 81.0 (TID 1360)) 16.336ms
[392.079s][info][gc          ] Allocation Stall (Executor task launch worker for task 42.0 in stage 81.0 (TID 1367)) 16.471ms
[392.079s][info][gc          ] Allocation Stall (Executor task launch worker for task 24.0 in stage 81.0 (TID 1364)) 16.216ms
[392.079s][info][gc          ] Allocation Stall (Executor task launch worker for task 46.0 in stage 81.0 (TID 1370)) 16.567ms
[392.079s][info][gc          ] Allocation Stall (Executor task launch worker for task 35.0 in stage 81.0 (TID 1366)) 16.261ms
[392.079s][info][gc          ] Allocation Stall (Executor task launch worker for task 20.0 in stage 81.0 (TID 1363)) 16.649ms
[392.079s][info][gc          ] Allocation Stall (Executor task launch worker for task 0.0 in stage 81.0 (TID 1358)) 16.522ms
[392.079s][info][gc          ] Allocation Stall (Executor task launch worker for task 30.0 in stage 81.0 (TID 1365)) 16.584ms
[392.079s][info][gc          ] Allocation Stall (Executor task launch worker for task 14.0 in stage 81.0 (TID 1361)) 16.208ms
[392.079s][info][gc          ] Allocation Stall (Executor task launch worker for task 44.0 in stage 81.0 (TID 1368)) 16.714ms
[392.079s][info][gc          ] Allocation Stall (Executor task launch worker for task 45.0 in stage 81.0 (TID 1369)) 23.508ms
[392.082s][info][gc,phases   ] GC(2153) Concurrent Select Relocation Set 2.721ms
[392.083s][info][gc,phases   ] GC(2153) Pause Relocate Start 0.008ms
[392.105s][info][gc,phases   ] GC(2153) Concurrent Relocate 21.869ms
[392.105s][info][gc,load     ] GC(2153) Load: 0.00/0.00/0.00
[392.105s][info][gc,mmu      ] GC(2153) MMU: 2ms/86.2%, 5ms/94.5%, 10ms/97.2%, 20ms/98.6%, 50ms/99.4%, 100ms/99.6%
[392.105s][info][gc,marking  ] GC(2153) Mark: 8 stripe(s), 2 proactive flush(es), 1 terminate flush(es), 0 completion(s), 0 continuation(s) 
[392.105s][info][gc,marking  ] GC(2153) Mark Stack Usage: 32M
[392.105s][info][gc,nmethod  ] GC(2153) NMethods: 8064 registered, 1228 unregistered
[392.105s][info][gc,metaspace] GC(2153) Metaspace: 120M used, 123M committed, 1152M reserved
[392.105s][info][gc,ref      ] GC(2153) Soft: 2842 encountered, 553 discovered, 0 enqueued
[392.105s][info][gc,ref      ] GC(2153) Weak: 13682 encountered, 1086 discovered, 1 enqueued
[392.105s][info][gc,ref      ] GC(2153) Final: 84 encountered, 6 discovered, 0 enqueued
[392.105s][info][gc,ref      ] GC(2153) Phantom: 764 encountered, 606 discovered, 0 enqueued
[392.105s][info][gc,reloc    ] GC(2153) Small Pages: 292 / 584M, Empty: 448M, Relocated: 4M, In-Place: 0
[392.105s][info][gc,reloc    ] GC(2153) Medium Pages: 43 / 1376M, Empty: 0M, Relocated: 23M, In-Place: 0
[392.105s][info][gc,reloc    ] GC(2153) Large Pages: 5 / 40M, Empty: 32M, Relocated: 0M, In-Place: 0
[392.105s][info][gc,reloc    ] GC(2153) Forwarding Usage: 0M
[392.105s][info][gc,heap     ] GC(2153) Min Capacity: 8M(0%)
[392.105s][info][gc,heap     ] GC(2153) Max Capacity: 2048M(100%)
[392.105s][info][gc,heap     ] GC(2153) Soft Max Capacity: 2048M(100%)
[392.105s][info][gc,heap     ] GC(2153)                Mark Start          Mark End        Relocate Start      Relocate End           High               Low         
[392.105s][info][gc,heap     ] GC(2153)  Capacity:     2048M (100%)       2048M (100%)       2048M (100%)       2048M (100%)       2048M (100%)       2048M (100%)   
[392.105s][info][gc,heap     ] GC(2153)      Free:       48M (2%)            0M (0%)          436M (21%)         178M (9%)          446M (22%)           0M (0%)     
[392.105s][info][gc,heap     ] GC(2153)      Used:     2000M (98%)        2048M (100%)       1612M (79%)        1870M (91%)        2048M (100%)       1602M (78%)    
[392.105s][info][gc,heap     ] GC(2153)      Live:         -              1251M (61%)        1251M (61%)        1251M (61%)            -                  -          
[392.105s][info][gc,heap     ] GC(2153) Allocated:         -                48M (2%)           92M (4%)          435M (21%)            -                  -          
[392.105s][info][gc,heap     ] GC(2153)   Garbage:         -               748M (37%)         268M (13%)         182M (9%)             -                  -          
[392.105s][info][gc,heap     ] GC(2153) Reclaimed:         -                  -               480M (23%)         565M (28%)            -                  -          
[392.105s][info][gc          ] GC(2153) Garbage Collection (Allocation Stall) 2000M(98%)->1870M(91%)
[392.118s][info][gc,start    ] GC(2154) Garbage Collection (Allocation Stall)
[392.118s][info][gc,ref      ] GC(2154) Clearing All SoftReferences
[392.118s][info][gc,task     ] GC(2154) Using 12 workers
[392.118s][info][gc,ref      ] GC(2154) Clearing All SoftReferences
[392.118s][info][gc,phases   ] GC(2154) Pause Mark Start 0.050ms
[392.119s][info][gc          ] Allocation Stall (Executor task launch worker for task 35.0 in stage 81.0 (TID 1366)) 0.445ms
[392.119s][info][gc          ] Allocation Stall (Executor task launch worker for task 3.0 in stage 81.0 (TID 1359)) 0.408ms
[392.119s][info][gc          ] Allocation Stall (Executor task launch worker for task 14.0 in stage 81.0 (TID 1361)) 0.418ms
[392.119s][info][gc          ] Allocation Stall (Executor task launch worker for task 44.0 in stage 81.0 (TID 1368)) 0.491ms
[392.119s][info][gc          ] Allocation Stall (Executor task launch worker for task 19.0 in stage 81.0 (TID 1362)) 0.535ms
[392.119s][info][gc          ] Allocation Stall (Executor task launch worker for task 11.0 in stage 81.0 (TID 1360)) 0.150ms
[392.119s][info][gc          ] Allocation Stall (Executor task launch worker for task 0.0 in stage 81.0 (TID 1358)) 0.176ms
[392.119s][info][gc          ] Allocation Stall (Executor task launch worker for task 45.0 in stage 81.0 (TID 1369)) 0.203ms
[392.119s][info][gc          ] Allocation Stall (Executor task launch worker for task 42.0 in stage 81.0 (TID 1367)) 0.223ms
[392.119s][info][gc          ] Allocation Stall (Executor task launch worker for task 46.0 in stage 81.0 (TID 1370)) 0.274ms
[392.119s][info][gc          ] Allocation Stall (Executor task launch worker for task 24.0 in stage 81.0 (TID 1364)) 0.319ms
[392.119s][info][gc          ] Allocation Stall (Executor task launch worker for task 20.0 in stage 81.0 (TID 1363)) 0.360ms
[392.139s][info][gc,phases   ] GC(2154) Concurrent Mark 20.283ms
[392.139s][info][gc,phases   ] GC(2154) Pause Mark End 0.024ms
[392.139s][info][gc,phases   ] GC(2154) Concurrent Mark Free 0.001ms
[392.142s][info][gc,phases   ] GC(2154) Concurrent Process Non-Strong References 2.721ms
[392.142s][info][gc,phases   ] GC(2154) Concurrent Reset Relocation Set 0.003ms
[392.142s][info][gc          ] Allocation Stall (Executor task launch worker for task 44.0 in stage 81.0 (TID 1368)) 21.262ms
[392.142s][info][gc          ] Allocation Stall (Executor task launch worker for task 3.0 in stage 81.0 (TID 1359)) 21.331ms
[392.142s][info][gc          ] Allocation Stall (Executor task launch worker for task 19.0 in stage 81.0 (TID 1362)) 21.229ms
[392.142s][info][gc          ] Allocation Stall (Executor task launch worker for task 11.0 in stage 81.0 (TID 1360)) 21.179ms
[392.142s][info][gc          ] Allocation Stall (Executor task launch worker for task 24.0 in stage 81.0 (TID 1364)) 21.211ms
[392.142s][info][gc          ] Allocation Stall (Executor task launch worker for task 42.0 in stage 81.0 (TID 1367)) 21.267ms
[392.142s][info][gc          ] Allocation Stall (Executor task launch worker for task 35.0 in stage 81.0 (TID 1366)) 21.562ms
[392.142s][info][gc          ] Allocation Stall (Executor task launch worker for task 0.0 in stage 81.0 (TID 1358)) 21.953ms
[392.142s][info][gc          ] Allocation Stall (Executor task launch worker for task 45.0 in stage 81.0 (TID 1369)) 21.635ms
[392.142s][info][gc          ] Allocation Stall (Executor task launch worker for task 30.0 in stage 81.0 (TID 1365)) 21.729ms
[392.142s][info][gc          ] Allocation Stall (Executor task launch worker for task 14.0 in stage 81.0 (TID 1361)) 21.186ms
[392.142s][info][gc          ] Allocation Stall (Executor task launch worker for task 20.0 in stage 81.0 (TID 1363)) 21.891ms
[392.142s][info][gc          ] Allocation Stall (Executor task launch worker for task 46.0 in stage 81.0 (TID 1370)) 21.284ms
[392.145s][info][gc,phases   ] GC(2154) Concurrent Select Relocation Set 2.935ms
[392.145s][info][gc,phases   ] GC(2154) Pause Relocate Start 0.007ms
[392.161s][info][gc,phases   ] GC(2154) Concurrent Relocate 16.244ms
[392.161s][info][gc,load     ] GC(2154) Load: 0.00/0.00/0.00
[392.161s][info][gc,mmu      ] GC(2154) MMU: 2ms/86.2%, 5ms/94.5%, 10ms/97.2%, 20ms/98.6%, 50ms/99.4%, 100ms/99.6%
[392.161s][info][gc,marking  ] GC(2154) Mark: 8 stripe(s), 3 proactive flush(es), 1 terminate flush(es), 0 completion(s), 0 continuation(s) 
[392.161s][info][gc,marking  ] GC(2154) Mark Stack Usage: 32M
[392.161s][info][gc,nmethod  ] GC(2154) NMethods: 8064 registered, 1228 unregistered
[392.161s][info][gc,metaspace] GC(2154) Metaspace: 120M used, 123M committed, 1152M reserved
[392.161s][info][gc,ref      ] GC(2154) Soft: 2842 encountered, 897 discovered, 0 enqueued
[392.161s][info][gc,ref      ] GC(2154) Weak: 13679 encountered, 835 discovered, 1 enqueued
[392.161s][info][gc,ref      ] GC(2154) Final: 84 encountered, 20 discovered, 0 enqueued
[392.162s][info][gc,ref      ] GC(2154) Phantom: 764 encountered, 519 discovered, 0 enqueued
[392.162s][info][gc,reloc    ] GC(2154) Small Pages: 313 / 626M, Empty: 490M, Relocated: 4M, In-Place: 0
[392.162s][info][gc,reloc    ] GC(2154) Medium Pages: 44 / 1408M, Empty: 0M, Relocated: 21M, In-Place: 0
[392.162s][info][gc,reloc    ] GC(2154) Large Pages: 1 / 8M, Empty: 8M, Relocated: 0M, In-Place: 0
[392.162s][info][gc,reloc    ] GC(2154) Forwarding Usage: 0M
[392.162s][info][gc,heap     ] GC(2154) Min Capacity: 8M(0%)
[392.162s][info][gc,heap     ] GC(2154) Max Capacity: 2048M(100%)
[392.162s][info][gc,heap     ] GC(2154) Soft Max Capacity: 2048M(100%)
[392.162s][info][gc,heap     ] GC(2154)                Mark Start          Mark End        Relocate Start      Relocate End           High               Low         
[392.162s][info][gc,heap     ] GC(2154)  Capacity:     2048M (100%)       2048M (100%)       2048M (100%)       2048M (100%)       2048M (100%)       2048M (100%)   
[392.162s][info][gc,heap     ] GC(2154)      Free:        0M (0%)            0M (0%)          482M (24%)         370M (18%)         482M (24%)           0M (0%)     
[392.162s][info][gc,heap     ] GC(2154)      Used:     2048M (100%)       2048M (100%)       1566M (76%)        1678M (82%)        2048M (100%)       1566M (76%)    
[392.162s][info][gc,heap     ] GC(2154)      Live:         -              1261M (62%)        1261M (62%)        1261M (62%)            -                  -          
[392.162s][info][gc,heap     ] GC(2154) Allocated:         -                 0M (0%)           16M (1%)          204M (10%)            -                  -          
[392.162s][info][gc,heap     ] GC(2154)   Garbage:         -               786M (38%)         288M (14%)         212M (10%)            -                  -          
[392.162s][info][gc,heap     ] GC(2154) Reclaimed:         -                  -               498M (24%)         574M (28%)            -                  -          
[392.162s][info][gc          ] GC(2154) Garbage Collection (Allocation Stall) 2048M(100%)->1678M(82%)
[392.209s][info][gc,start    ] GC(2155) Garbage Collection (Allocation Stall)
[392.209s][info][gc,ref      ] GC(2155) Clearing All SoftReferences
[392.209s][info][gc,task     ] GC(2155) Using 12 workers
[392.210s][info][gc          ] Allocation Stall (Executor task launch worker for task 42.0 in stage 81.0 (TID 1367)) 0.128ms
[392.210s][info][gc,ref      ] GC(2155) Clearing All SoftReferences
[392.210s][info][gc,phases   ] GC(2155) Pause Mark Start 0.038ms
[392.233s][info][gc,phases   ] GC(2155) Concurrent Mark 22.037ms
[392.233s][info][gc,phases   ] GC(2155) Pause Mark End 0.019ms
[392.233s][info][gc,phases   ] GC(2155) Concurrent Mark Free 0.001ms
[392.235s][info][gc,phases   ] GC(2155) Concurrent Process Non-Strong References 2.491ms
[392.235s][info][gc,phases   ] GC(2155) Concurrent Reset Relocation Set 0.004ms
[392.235s][info][gc          ] Allocation Stall (Executor task launch worker for task 19.0 in stage 81.0 (TID 1362)) 18.382ms
[392.235s][info][gc          ] Allocation Stall (Executor task launch worker for task 46.0 in stage 81.0 (TID 1370)) 18.150ms
[392.235s][info][gc          ] Allocation Stall (Executor task launch worker for task 45.0 in stage 81.0 (TID 1369)) 18.312ms
[392.235s][info][gc          ] Allocation Stall (Executor task launch worker for task 3.0 in stage 81.0 (TID 1359)) 17.938ms
[392.235s][info][gc          ] Allocation Stall (Executor task launch worker for task 44.0 in stage 81.0 (TID 1368)) 18.430ms
[392.235s][info][gc          ] Allocation Stall (Executor task launch worker for task 0.0 in stage 81.0 (TID 1358)) 18.326ms
[392.235s][info][gc          ] Allocation Stall (Executor task launch worker for task 35.0 in stage 81.0 (TID 1366)) 18.289ms
[392.235s][info][gc          ] Allocation Stall (Executor task launch worker for task 11.0 in stage 81.0 (TID 1360)) 18.342ms
[392.235s][info][gc          ] Allocation Stall (Executor task launch worker for task 24.0 in stage 81.0 (TID 1364)) 18.412ms
[392.235s][info][gc          ] Allocation Stall (Executor task launch worker for task 20.0 in stage 81.0 (TID 1363)) 18.145ms
[392.235s][info][gc          ] Allocation Stall (Executor task launch worker for task 42.0 in stage 81.0 (TID 1367)) 17.953ms
[392.235s][info][gc          ] Allocation Stall (Executor task launch worker for task 14.0 in stage 81.0 (TID 1361)) 17.974ms
[392.235s][info][gc          ] Allocation Stall (Executor task launch worker for task 30.0 in stage 81.0 (TID 1365)) 18.096ms
[392.239s][info][gc,phases   ] GC(2155) Concurrent Select Relocation Set 3.417ms
[392.239s][info][gc,phases   ] GC(2155) Pause Relocate Start 0.008ms
[392.262s][info][gc,phases   ] GC(2155) Concurrent Relocate 22.779ms
[392.262s][info][gc,load     ] GC(2155) Load: 0.00/0.00/0.00
[392.262s][info][gc,mmu      ] GC(2155) MMU: 2ms/86.2%, 5ms/94.5%, 10ms/97.2%, 20ms/98.6%, 50ms/99.4%, 100ms/99.6%
[392.262s][info][gc,marking  ] GC(2155) Mark: 8 stripe(s), 3 proactive flush(es), 1 terminate flush(es), 0 completion(s), 0 continuation(s) 
[392.262s][info][gc,marking  ] GC(2155) Mark Stack Usage: 32M
[392.262s][info][gc,nmethod  ] GC(2155) NMethods: 8064 registered, 1228 unregistered
[392.262s][info][gc,metaspace] GC(2155) Metaspace: 120M used, 123M committed, 1152M reserved
[392.262s][info][gc,ref      ] GC(2155) Soft: 2842 encountered, 919 discovered, 0 enqueued
[392.262s][info][gc,ref      ] GC(2155) Weak: 13678 encountered, 929 discovered, 0 enqueued
[392.262s][info][gc,ref      ] GC(2155) Final: 84 encountered, 1 discovered, 0 enqueued
[392.262s][info][gc,ref      ] GC(2155) Phantom: 764 encountered, 502 discovered, 0 enqueued
[392.262s][info][gc,reloc    ] GC(2155) Small Pages: 298 / 596M, Empty: 476M, Relocated: 4M, In-Place: 0
[392.262s][info][gc,reloc    ] GC(2155) Medium Pages: 44 / 1408M, Empty: 0M, Relocated: 24M, In-Place: 0
[392.262s][info][gc,reloc    ] GC(2155) Large Pages: 3 / 24M, Empty: 0M, Relocated: 0M, In-Place: 0
[392.262s][info][gc,reloc    ] GC(2155) Forwarding Usage: 0M
[392.262s][info][gc,heap     ] GC(2155) Min Capacity: 8M(0%)
[392.262s][info][gc,heap     ] GC(2155) Max Capacity: 2048M(100%)
[392.262s][info][gc,heap     ] GC(2155) Soft Max Capacity: 2048M(100%)
[392.262s][info][gc,heap     ] GC(2155)                Mark Start          Mark End        Relocate Start      Relocate End           High               Low         
[392.262s][info][gc,heap     ] GC(2155)  Capacity:     2048M (100%)       2048M (100%)       2048M (100%)       2048M (100%)       2048M (100%)       2048M (100%)   
[392.262s][info][gc,heap     ] GC(2155)      Free:       20M (1%)            0M (0%)          444M (22%)         142M (7%)          444M (22%)           0M (0%)     
[392.262s][info][gc,heap     ] GC(2155)      Used:     2028M (99%)        2048M (100%)       1604M (78%)        1906M (93%)        2048M (100%)       1604M (78%)    
[392.262s][info][gc,heap     ] GC(2155)      Live:         -              1283M (63%)        1283M (63%)        1283M (63%)            -                  -          
[392.262s][info][gc,heap     ] GC(2155) Allocated:         -                20M (1%)           52M (3%)          414M (20%)            -                  -          
[392.262s][info][gc,heap     ] GC(2155)   Garbage:         -               744M (36%)         268M (13%)         207M (10%)            -                  -          
[392.262s][info][gc,heap     ] GC(2155) Reclaimed:         -                  -               476M (23%)         536M (26%)            -                  -          
[392.262s][info][gc          ] GC(2155) Garbage Collection (Allocation Stall) 2028M(99%)->1906M(93%)
[392.285s][info][gc,start    ] GC(2156) Garbage Collection (Allocation Stall)
[392.285s][info][gc,ref      ] GC(2156) Clearing All SoftReferences
[392.285s][info][gc,task     ] GC(2156) Using 12 workers
[392.285s][info][gc,ref      ] GC(2156) Clearing All SoftReferences
[392.285s][info][gc,phases   ] GC(2156) Pause Mark Start 0.044ms
[392.285s][info][gc          ] Allocation Stall (Executor task launch worker for task 30.0 in stage 81.0 (TID 1365)) 0.249ms
[392.285s][info][gc          ] Allocation Stall (Executor task launch worker for task 24.0 in stage 81.0 (TID 1364)) 0.311ms
[392.285s][info][gc          ] Allocation Stall (Executor task launch worker for task 19.0 in stage 81.0 (TID 1362)) 0.255ms
[392.285s][info][gc          ] Allocation Stall (Executor task launch worker for task 45.0 in stage 81.0 (TID 1369)) 0.336ms
[392.285s][info][gc          ] Allocation Stall (Executor task launch worker for task 0.0 in stage 81.0 (TID 1358)) 0.099ms
[392.285s][info][gc          ] Allocation Stall (Executor task launch worker for task 3.0 in stage 81.0 (TID 1359)) 0.121ms
[392.285s][info][gc          ] Allocation Stall (Executor task launch worker for task 11.0 in stage 81.0 (TID 1360)) 0.155ms
[392.285s][info][gc          ] Allocation Stall (Executor task launch worker for task 44.0 in stage 81.0 (TID 1368)) 0.189ms
[392.285s][info][gc          ] Allocation Stall (Executor task launch worker for task 14.0 in stage 81.0 (TID 1361)) 0.222ms
[392.285s][info][gc          ] Allocation Stall (Executor task launch worker for task 42.0 in stage 81.0 (TID 1367)) 0.254ms
[392.285s][info][gc          ] Allocation Stall (Executor task launch worker for task 35.0 in stage 81.0 (TID 1366)) 0.301ms
[392.285s][info][gc          ] Allocation Stall (Executor task launch worker for task 46.0 in stage 81.0 (TID 1370)) 0.347ms
[392.285s][info][gc          ] Allocation Stall (Executor task launch worker for task 20.0 in stage 81.0 (TID 1363)) 0.471ms
[392.311s][info][gc,phases   ] GC(2156) Concurrent Mark 25.803ms
[392.311s][info][gc,phases   ] GC(2156) Pause Mark End 0.022ms
[392.311s][info][gc,phases   ] GC(2156) Concurrent Mark Free 0.001ms
[392.314s][info][gc,phases   ] GC(2156) Concurrent Process Non-Strong References 2.698ms
[392.314s][info][gc,phases   ] GC(2156) Concurrent Reset Relocation Set 0.003ms
[392.314s][info][gc          ] Allocation Stall (Executor task launch worker for task 20.0 in stage 81.0 (TID 1363)) 26.850ms
[392.314s][info][gc          ] Allocation Stall (Executor task launch worker for task 45.0 in stage 81.0 (TID 1369)) 26.539ms
[392.314s][info][gc          ] Allocation Stall (Executor task launch worker for task 3.0 in stage 81.0 (TID 1359)) 26.257ms
[392.314s][info][gc          ] Allocation Stall (Executor task launch worker for task 14.0 in stage 81.0 (TID 1361)) 26.368ms
[392.314s][info][gc          ] Allocation Stall (Executor task launch worker for task 19.0 in stage 81.0 (TID 1362)) 26.462ms
[392.314s][info][gc          ] Allocation Stall (Executor task launch worker for task 11.0 in stage 81.0 (TID 1360)) 26.183ms
[392.314s][info][gc          ] Allocation Stall (Executor task launch worker for task 30.0 in stage 81.0 (TID 1365)) 26.659ms
[392.314s][info][gc          ] Allocation Stall (Spark Context Cleaner) 2.977ms
[392.314s][info][gc          ] Allocation Stall (Executor task launch worker for task 0.0 in stage 81.0 (TID 1358)) 26.291ms
[392.314s][info][gc          ] Allocation Stall (Executor task launch worker for task 24.0 in stage 81.0 (TID 1364)) 26.642ms
[392.314s][info][gc          ] Allocation Stall (Executor task launch worker for task 44.0 in stage 81.0 (TID 1368)) 26.189ms
[392.314s][info][gc          ] Allocation Stall (Executor task launch worker for task 35.0 in stage 81.0 (TID 1366)) 26.223ms
[392.314s][info][gc          ] Allocation Stall (Executor task launch worker for task 42.0 in stage 81.0 (TID 1367)) 26.392ms
[392.314s][info][gc          ] Allocation Stall (Executor task launch worker for task 46.0 in stage 81.0 (TID 1370)) 26.881ms
[392.316s][info][gc,phases   ] GC(2156) Concurrent Select Relocation Set 2.699ms
[392.316s][info][gc,phases   ] GC(2156) Pause Relocate Start 0.007ms
[392.373s][info][gc,phases   ] GC(2156) Concurrent Relocate 56.373ms
[392.373s][info][gc,load     ] GC(2156) Load: 0.00/0.00/0.00
[392.373s][info][gc,mmu      ] GC(2156) MMU: 2ms/86.2%, 5ms/94.5%, 10ms/97.2%, 20ms/98.6%, 50ms/99.4%, 100ms/99.6%
[392.373s][info][gc,marking  ] GC(2156) Mark: 8 stripe(s), 2 proactive flush(es), 1 terminate flush(es), 0 completion(s), 0 continuation(s) 
[392.373s][info][gc,marking  ] GC(2156) Mark Stack Usage: 32M
[392.373s][info][gc,nmethod  ] GC(2156) NMethods: 8064 registered, 1228 unregistered
[392.373s][info][gc,metaspace] GC(2156) Metaspace: 120M used, 123M committed, 1152M reserved
[392.373s][info][gc,ref      ] GC(2156) Soft: 2842 encountered, 300 discovered, 0 enqueued
[392.373s][info][gc,ref      ] GC(2156) Weak: 13682 encountered, 945 discovered, 1 enqueued
[392.373s][info][gc,ref      ] GC(2156) Final: 84 encountered, 6 discovered, 0 enqueued
[392.373s][info][gc,ref      ] GC(2156) Phantom: 764 encountered, 496 discovered, 0 enqueued
[392.373s][info][gc,reloc    ] GC(2156) Small Pages: 269 / 538M, Empty: 406M, Relocated: 5M, In-Place: 0
[392.373s][info][gc,reloc    ] GC(2156) Medium Pages: 45 / 1440M, Empty: 0M, Relocated: 83M, In-Place: 0
[392.373s][info][gc,reloc    ] GC(2156) Large Pages: 8 / 64M, Empty: 24M, Relocated: 0M, In-Place: 0
[392.373s][info][gc,reloc    ] GC(2156) Forwarding Usage: 0M
[392.373s][info][gc,heap     ] GC(2156) Min Capacity: 8M(0%)
[392.373s][info][gc,heap     ] GC(2156) Max Capacity: 2048M(100%)
[392.373s][info][gc,heap     ] GC(2156) Soft Max Capacity: 2048M(100%)
[392.373s][info][gc,heap     ] GC(2156)                Mark Start          Mark End        Relocate Start      Relocate End           High               Low         
[392.373s][info][gc,heap     ] GC(2156)  Capacity:     2048M (100%)       2048M (100%)       2048M (100%)       2048M (100%)       2048M (100%)       2048M (100%)   
[392.373s][info][gc,heap     ] GC(2156)      Free:        0M (0%)            0M (0%)          414M (20%)         176M (9%)          416M (20%)           0M (0%)     
[392.373s][info][gc,heap     ] GC(2156)      Used:     2048M (100%)       2048M (100%)       1634M (80%)        1872M (91%)        2048M (100%)       1632M (80%)    
[392.373s][info][gc,heap     ] GC(2156)      Live:         -              1298M (63%)        1298M (63%)        1298M (63%)            -                  -          
[392.373s][info][gc,heap     ] GC(2156) Allocated:         -                 0M (0%)           16M (1%)          386M (19%)            -                  -          
[392.373s][info][gc,heap     ] GC(2156)   Garbage:         -               749M (37%)         319M (16%)         186M (9%)             -                  -          
[392.373s][info][gc,heap     ] GC(2156) Reclaimed:         -                  -               430M (21%)         562M (27%)            -                  -          
[392.373s][info][gc          ] GC(2156) Garbage Collection (Allocation Stall) 2048M(100%)->1872M(91%)
[392.416s][info][gc,start    ] GC(2157) Garbage Collection (Allocation Stall)
[392.416s][info][gc,ref      ] GC(2157) Clearing All SoftReferences
[392.416s][info][gc,task     ] GC(2157) Using 12 workers
[392.416s][info][gc,ref      ] GC(2157) Clearing All SoftReferences
[392.416s][info][gc,phases   ] GC(2157) Pause Mark Start 0.047ms
[392.416s][info][gc          ] Allocation Stall (Executor task launch worker for task 42.0 in stage 81.0 (TID 1367)) 0.792ms
[392.416s][info][gc          ] Allocation Stall (Executor task launch worker for task 14.0 in stage 81.0 (TID 1361)) 0.742ms
[392.416s][info][gc          ] Allocation Stall (Executor task launch worker for task 24.0 in stage 81.0 (TID 1364)) 0.791ms
[392.416s][info][gc          ] Allocation Stall (Executor task launch worker for task 20.0 in stage 81.0 (TID 1363)) 0.698ms
[392.417s][info][gc          ] Allocation Stall (Executor task launch worker for task 0.0 in stage 81.0 (TID 1358)) 0.763ms
[392.417s][info][gc          ] Allocation Stall (Executor task launch worker for task 46.0 in stage 81.0 (TID 1370)) 0.113ms
[392.417s][info][gc          ] Allocation Stall (Executor task launch worker for task 30.0 in stage 81.0 (TID 1365)) 0.150ms
[392.417s][info][gc          ] Allocation Stall (Executor task launch worker for task 3.0 in stage 81.0 (TID 1359)) 0.175ms
[392.417s][info][gc          ] Allocation Stall (Executor task launch worker for task 11.0 in stage 81.0 (TID 1360)) 0.208ms
[392.417s][info][gc          ] Allocation Stall (Executor task launch worker for task 45.0 in stage 81.0 (TID 1369)) 0.232ms
[392.417s][info][gc          ] Allocation Stall (Executor task launch worker for task 44.0 in stage 81.0 (TID 1368)) 0.251ms
[392.417s][info][gc          ] Allocation Stall (Executor task launch worker for task 19.0 in stage 81.0 (TID 1362)) 0.307ms
[392.436s][info][gc,phases   ] GC(2157) Concurrent Mark 19.226ms
[392.436s][info][gc,phases   ] GC(2157) Pause Mark End 0.024ms
[392.436s][info][gc,phases   ] GC(2157) Concurrent Mark Free 0.001ms
[392.438s][info][gc,phases   ] GC(2157) Concurrent Process Non-Strong References 2.503ms
[392.438s][info][gc,phases   ] GC(2157) Concurrent Reset Relocation Set 0.005ms
[392.438s][info][gc          ] Allocation Stall (Executor task launch worker for task 19.0 in stage 81.0 (TID 1362)) 18.531ms
[392.438s][info][gc          ] Allocation Stall (Executor task launch worker for task 20.0 in stage 81.0 (TID 1363)) 18.773ms
[392.438s][info][gc          ] Allocation Stall (Executor task launch worker for task 0.0 in stage 81.0 (TID 1358)) 18.779ms
[392.438s][info][gc          ] Allocation Stall (Executor task launch worker for task 30.0 in stage 81.0 (TID 1365)) 18.257ms
[392.438s][info][gc          ] Allocation Stall (Spark Context Cleaner) 18.457ms
[392.438s][info][gc          ] Allocation Stall (Executor task launch worker for task 3.0 in stage 81.0 (TID 1359)) 18.727ms
[392.438s][info][gc          ] Allocation Stall (Executor task launch worker for task 11.0 in stage 81.0 (TID 1360)) 18.802ms
[392.438s][info][gc          ] Allocation Stall (Executor task launch worker for task 45.0 in stage 81.0 (TID 1369)) 18.783ms
[392.438s][info][gc          ] Allocation Stall (Executor task launch worker for task 35.0 in stage 81.0 (TID 1366)) 14.312ms
[392.438s][info][gc          ] Allocation Stall (Executor task launch worker for task 46.0 in stage 81.0 (TID 1370)) 18.469ms
[392.438s][info][gc          ] Allocation Stall (Executor task launch worker for task 14.0 in stage 81.0 (TID 1361)) 18.284ms
[392.438s][info][gc          ] Allocation Stall (Executor task launch worker for task 24.0 in stage 81.0 (TID 1364)) 18.792ms
[392.438s][info][gc          ] Allocation Stall (Executor task launch worker for task 42.0 in stage 81.0 (TID 1367)) 18.750ms
[392.438s][info][gc          ] Allocation Stall (Executor task launch worker for task 44.0 in stage 81.0 (TID 1368)) 18.796ms
[392.441s][info][gc,phases   ] GC(2157) Concurrent Select Relocation Set 2.519ms
[392.442s][info][gc,phases   ] GC(2157) Pause Relocate Start 0.006ms
[392.456s][info][gc,phases   ] GC(2157) Concurrent Relocate 14.556ms
[392.457s][info][gc,load     ] GC(2157) Load: 0.00/0.00/0.00
[392.457s][info][gc,mmu      ] GC(2157) MMU: 2ms/86.2%, 5ms/94.5%, 10ms/97.2%, 20ms/98.6%, 50ms/99.4%, 100ms/99.6%
[392.457s][info][gc,marking  ] GC(2157) Mark: 8 stripe(s), 2 proactive flush(es), 1 terminate flush(es), 0 completion(s), 0 continuation(s) 
[392.457s][info][gc,marking  ] GC(2157) Mark Stack Usage: 32M
[392.457s][info][gc,nmethod  ] GC(2157) NMethods: 8064 registered, 1228 unregistered
[392.457s][info][gc,metaspace] GC(2157) Metaspace: 120M used, 123M committed, 1152M reserved
[392.457s][info][gc,ref      ] GC(2157) Soft: 2842 encountered, 708 discovered, 0 enqueued
[392.457s][info][gc,ref      ] GC(2157) Weak: 13682 encountered, 1811 discovered, 1 enqueued
[392.457s][info][gc,ref      ] GC(2157) Final: 84 encountered, 1 discovered, 0 enqueued
[392.457s][info][gc,ref      ] GC(2157) Phantom: 764 encountered, 599 discovered, 0 enqueued
[392.457s][info][gc,reloc    ] GC(2157) Small Pages: 264 / 528M, Empty: 392M, Relocated: 4M, In-Place: 0
[392.457s][info][gc,reloc    ] GC(2157) Medium Pages: 45 / 1440M, Empty: 0M, Relocated: 20M, In-Place: 0
[392.457s][info][gc,reloc    ] GC(2157) Large Pages: 9 / 72M, Empty: 40M, Relocated: 0M, In-Place: 0
[392.457s][info][gc,reloc    ] GC(2157) Forwarding Usage: 0M
[392.457s][info][gc,heap     ] GC(2157) Min Capacity: 8M(0%)
[392.457s][info][gc,heap     ] GC(2157) Max Capacity: 2048M(100%)
[392.457s][info][gc,heap     ] GC(2157) Soft Max Capacity: 2048M(100%)
[392.457s][info][gc,heap     ] GC(2157)                Mark Start          Mark End        Relocate Start      Relocate End           High               Low         
[392.457s][info][gc,heap     ] GC(2157)  Capacity:     2048M (100%)       2048M (100%)       2048M (100%)       2048M (100%)       2048M (100%)       2048M (100%)   
[392.457s][info][gc,heap     ] GC(2157)      Free:        0M (0%)            0M (0%)          390M (19%)         286M (14%)         402M (20%)           0M (0%)     
[392.457s][info][gc,heap     ] GC(2157)      Used:     2048M (100%)       2048M (100%)       1658M (81%)        1762M (86%)        2048M (100%)       1646M (80%)    
[392.457s][info][gc,heap     ] GC(2157)      Live:         -              1307M (64%)        1307M (64%)        1307M (64%)            -                  -          
[392.457s][info][gc,heap     ] GC(2157) Allocated:         -                 0M (0%)           42M (2%)          260M (13%)            -                  -          
[392.457s][info][gc,heap     ] GC(2157)   Garbage:         -               740M (36%)         308M (15%)         193M (9%)             -                  -          
[392.457s][info][gc,heap     ] GC(2157) Reclaimed:         -                  -               432M (21%)         546M (27%)            -                  -          
[392.457s][info][gc          ] GC(2157) Garbage Collection (Allocation Stall) 2048M(100%)->1762M(86%)
[392.490s][info][gc,start    ] GC(2158) Garbage Collection (Allocation Stall)
[392.490s][info][gc,ref      ] GC(2158) Clearing All SoftReferences
[392.490s][info][gc,task     ] GC(2158) Using 12 workers
[392.491s][info][gc,ref      ] GC(2158) Clearing All SoftReferences
[392.491s][info][gc,phases   ] GC(2158) Pause Mark Start 0.043ms
[392.491s][info][gc          ] Allocation Stall (Executor task launch worker for task 42.0 in stage 81.0 (TID 1367)) 0.366ms
[392.504s][info][gc,phases   ] GC(2158) Concurrent Mark 13.764ms
[392.505s][info][gc,phases   ] GC(2158) Pause Mark End 0.018ms
[392.505s][info][gc,phases   ] GC(2158) Concurrent Mark Free 0.001ms
[392.507s][info][gc,phases   ] GC(2158) Concurrent Process Non-Strong References 2.287ms
[392.507s][info][gc,phases   ] GC(2158) Concurrent Reset Relocation Set 0.005ms
[392.507s][info][gc          ] Allocation Stall (Executor task launch worker for task 45.0 in stage 81.0 (TID 1369)) 16.332ms
[392.507s][info][gc          ] Allocation Stall (Executor task launch worker for task 20.0 in stage 81.0 (TID 1363)) 16.301ms
[392.507s][info][gc          ] Allocation Stall (Executor task launch worker for task 46.0 in stage 81.0 (TID 1370)) 16.295ms
[392.507s][info][gc          ] Allocation Stall (Executor task launch worker for task 30.0 in stage 81.0 (TID 1365)) 14.909ms
[392.507s][info][gc          ] Allocation Stall (Executor task launch worker for task 0.0 in stage 81.0 (TID 1358)) 16.320ms
[392.507s][info][gc          ] Allocation Stall (Executor task launch worker for task 3.0 in stage 81.0 (TID 1359)) 16.322ms
[392.507s][info][gc          ] Allocation Stall (Executor task launch worker for task 42.0 in stage 81.0 (TID 1367)) 14.865ms
[392.507s][info][gc          ] Allocation Stall (Executor task launch worker for task 24.0 in stage 81.0 (TID 1364)) 16.330ms
[392.507s][info][gc          ] Allocation Stall (Executor task launch worker for task 11.0 in stage 81.0 (TID 1360)) 11.732ms
[392.507s][info][gc          ] Allocation Stall (Executor task launch worker for task 14.0 in stage 81.0 (TID 1361)) 16.321ms
[392.507s][info][gc          ] Allocation Stall (Executor task launch worker for task 19.0 in stage 81.0 (TID 1362)) 16.338ms
[392.507s][info][gc          ] Allocation Stall (Executor task launch worker for task 44.0 in stage 81.0 (TID 1368)) 16.299ms
[392.507s][info][gc          ] Allocation Stall (Executor task launch worker for task 35.0 in stage 81.0 (TID 1366)) 16.318ms
[392.510s][info][gc,phases   ] GC(2158) Concurrent Select Relocation Set 2.646ms
[392.510s][info][gc,phases   ] GC(2158) Pause Relocate Start 0.007ms
[392.527s][info][gc,phases   ] GC(2158) Concurrent Relocate 16.715ms
[392.527s][info][gc,load     ] GC(2158) Load: 0.00/0.00/0.00
[392.527s][info][gc,mmu      ] GC(2158) MMU: 2ms/86.2%, 5ms/94.5%, 10ms/97.2%, 20ms/98.6%, 50ms/99.4%, 100ms/99.6%
[392.527s][info][gc,marking  ] GC(2158) Mark: 8 stripe(s), 2 proactive flush(es), 1 terminate flush(es), 0 completion(s), 0 continuation(s) 
[392.527s][info][gc,marking  ] GC(2158) Mark Stack Usage: 32M
[392.527s][info][gc,nmethod  ] GC(2158) NMethods: 8064 registered, 1228 unregistered
[392.527s][info][gc,metaspace] GC(2158) Metaspace: 120M used, 123M committed, 1152M reserved
[392.527s][info][gc,ref      ] GC(2158) Soft: 2842 encountered, 333 discovered, 0 enqueued
[392.527s][info][gc,ref      ] GC(2158) Weak: 13682 encountered, 1426 discovered, 1 enqueued
[392.527s][info][gc,ref      ] GC(2158) Final: 84 encountered, 3 discovered, 0 enqueued
[392.527s][info][gc,ref      ] GC(2158) Phantom: 764 encountered, 531 discovered, 0 enqueued
[392.527s][info][gc,reloc    ] GC(2158) Small Pages: 283 / 566M, Empty: 432M, Relocated: 4M, In-Place: 0
[392.527s][info][gc,reloc    ] GC(2158) Medium Pages: 45 / 1440M, Empty: 0M, Relocated: 23M, In-Place: 0
[392.527s][info][gc,reloc    ] GC(2158) Large Pages: 5 / 40M, Empty: 24M, Relocated: 0M, In-Place: 0
[392.527s][info][gc,reloc    ] GC(2158) Forwarding Usage: 0M
[392.527s][info][gc,heap     ] GC(2158) Min Capacity: 8M(0%)
[392.527s][info][gc,heap     ] GC(2158) Max Capacity: 2048M(100%)
[392.527s][info][gc,heap     ] GC(2158) Soft Max Capacity: 2048M(100%)
[392.527s][info][gc,heap     ] GC(2158)                Mark Start          Mark End        Relocate Start      Relocate End           High               Low         
[392.527s][info][gc,heap     ] GC(2158)  Capacity:     2048M (100%)       2048M (100%)       2048M (100%)       2048M (100%)       2048M (100%)       2048M (100%)   
[392.527s][info][gc,heap     ] GC(2158)      Free:        0M (0%)            0M (0%)          414M (20%)         274M (13%)         420M (21%)           0M (0%)     
[392.527s][info][gc,heap     ] GC(2158)      Used:     2048M (100%)       2048M (100%)       1634M (80%)        1774M (87%)        2048M (100%)       1628M (79%)    
[392.527s][info][gc,heap     ] GC(2158)      Live:         -              1310M (64%)        1310M (64%)        1310M (64%)            -                  -          
[392.527s][info][gc,heap     ] GC(2158) Allocated:         -                 0M (0%)           42M (2%)          257M (13%)            -                  -          
[392.527s][info][gc,heap     ] GC(2158)   Garbage:         -               737M (36%)         281M (14%)         206M (10%)            -                  -          
[392.527s][info][gc,heap     ] GC(2158) Reclaimed:         -                  -               456M (22%)         531M (26%)            -                  -          
[392.527s][info][gc          ] GC(2158) Garbage Collection (Allocation Stall) 2048M(100%)->1774M(87%)
[392.550s][info][gc,start    ] GC(2159) Garbage Collection (Allocation Stall)
[392.550s][info][gc          ] Allocation Stall (Executor task launch worker for task 19.0 in stage 81.0 (TID 1362)) 0.056ms
[392.550s][info][gc,ref      ] GC(2159) Clearing All SoftReferences
[392.550s][info][gc,task     ] GC(2159) Using 12 workers
[392.550s][info][gc,ref      ] GC(2159) Clearing All SoftReferences
[392.550s][info][gc,phases   ] GC(2159) Pause Mark Start 0.043ms
[392.567s][info][gc,phases   ] GC(2159) Concurrent Mark 16.760ms
[392.567s][info][gc,phases   ] GC(2159) Pause Mark End 0.025ms
[392.567s][info][gc,phases   ] GC(2159) Concurrent Mark Free 0.001ms
[392.569s][info][gc,phases   ] GC(2159) Concurrent Process Non-Strong References 2.324ms
[392.569s][info][gc,phases   ] GC(2159) Concurrent Reset Relocation Set 0.004ms
[392.570s][info][gc          ] Allocation Stall (Executor task launch worker for task 24.0 in stage 81.0 (TID 1364)) 15.287ms
[392.570s][info][gc          ] Allocation Stall (Executor task launch worker for task 46.0 in stage 81.0 (TID 1370)) 13.683ms
[392.570s][info][gc          ] Allocation Stall (Executor task launch worker for task 0.0 in stage 81.0 (TID 1358)) 13.237ms
[392.570s][info][gc          ] Allocation Stall (Executor task launch worker for task 14.0 in stage 81.0 (TID 1361)) 13.202ms
[392.570s][info][gc          ] Allocation Stall (Executor task launch worker for task 3.0 in stage 81.0 (TID 1359)) 13.472ms
[392.570s][info][gc          ] Allocation Stall (Executor task launch worker for task 42.0 in stage 81.0 (TID 1367)) 13.500ms
[392.570s][info][gc          ] Allocation Stall (Executor task launch worker for task 20.0 in stage 81.0 (TID 1363)) 13.475ms
[392.570s][info][gc          ] Allocation Stall (Executor task launch worker for task 44.0 in stage 81.0 (TID 1368)) 13.231ms
[392.570s][info][gc          ] Allocation Stall (Executor task launch worker for task 11.0 in stage 81.0 (TID 1360)) 13.203ms
[392.570s][info][gc          ] Allocation Stall (Executor task launch worker for task 30.0 in stage 81.0 (TID 1365)) 13.388ms
[392.570s][info][gc          ] Allocation Stall (Executor task launch worker for task 45.0 in stage 81.0 (TID 1369)) 13.717ms
[392.570s][info][gc          ] Allocation Stall (Executor task launch worker for task 35.0 in stage 81.0 (TID 1366)) 13.474ms
[392.570s][info][gc          ] Allocation Stall (Executor task launch worker for task 19.0 in stage 81.0 (TID 1362)) 13.683ms
[392.572s][info][gc,phases   ] GC(2159) Concurrent Select Relocation Set 2.792ms
[392.573s][info][gc,phases   ] GC(2159) Pause Relocate Start 0.005ms
[392.595s][info][gc,phases   ] GC(2159) Concurrent Relocate 22.529ms
[392.595s][info][gc,load     ] GC(2159) Load: 0.00/0.00/0.00
[392.595s][info][gc,mmu      ] GC(2159) MMU: 2ms/86.2%, 5ms/94.5%, 10ms/97.2%, 20ms/98.6%, 50ms/99.4%, 100ms/99.6%
[392.595s][info][gc,marking  ] GC(2159) Mark: 8 stripe(s), 2 proactive flush(es), 1 terminate flush(es), 0 completion(s), 0 continuation(s) 
[392.595s][info][gc,marking  ] GC(2159) Mark Stack Usage: 32M
[392.595s][info][gc,nmethod  ] GC(2159) NMethods: 8064 registered, 1228 unregistered
[392.595s][info][gc,metaspace] GC(2159) Metaspace: 120M used, 123M committed, 1152M reserved
[392.595s][info][gc,ref      ] GC(2159) Soft: 2842 encountered, 582 discovered, 0 enqueued
[392.596s][info][gc,ref      ] GC(2159) Weak: 13682 encountered, 2063 discovered, 1 enqueued
[392.596s][info][gc,ref      ] GC(2159) Final: 84 encountered, 25 discovered, 0 enqueued
[392.596s][info][gc,ref      ] GC(2159) Phantom: 764 encountered, 608 discovered, 0 enqueued
[392.596s][info][gc,reloc    ] GC(2159) Small Pages: 272 / 544M, Empty: 404M, Relocated: 4M, In-Place: 0
[392.596s][info][gc,reloc    ] GC(2159) Medium Pages: 46 / 1472M, Empty: 0M, Relocated: 55M, In-Place: 0
[392.596s][info][gc,reloc    ] GC(2159) Large Pages: 2 / 16M, Empty: 16M, Relocated: 0M, In-Place: 0
[392.596s][info][gc,reloc    ] GC(2159) Forwarding Usage: 0M
[392.596s][info][gc,heap     ] GC(2159) Min Capacity: 8M(0%)
[392.596s][info][gc,heap     ] GC(2159) Max Capacity: 2048M(100%)
[392.596s][info][gc,heap     ] GC(2159) Soft Max Capacity: 2048M(100%)
[392.596s][info][gc,heap     ] GC(2159)                Mark Start          Mark End        Relocate Start      Relocate End           High               Low         
[392.596s][info][gc,heap     ] GC(2159)  Capacity:     2048M (100%)       2048M (100%)       2048M (100%)       2048M (100%)       2048M (100%)       2048M (100%)   
[392.596s][info][gc,heap     ] GC(2159)      Free:       16M (1%)            0M (0%)          378M (18%)         224M (11%)         396M (19%)           0M (0%)     
[392.596s][info][gc,heap     ] GC(2159)      Used:     2032M (99%)        2048M (100%)       1670M (82%)        1824M (89%)        2048M (100%)       1652M (81%)    
[392.596s][info][gc,heap     ] GC(2159)      Live:         -              1312M (64%)        1312M (64%)        1312M (64%)            -                  -          
[392.596s][info][gc,heap     ] GC(2159) Allocated:         -                16M (1%)           58M (3%)          320M (16%)            -                  -          
[392.596s][info][gc,heap     ] GC(2159)   Garbage:         -               719M (35%)         299M (15%)         191M (9%)             -                  -          
[392.596s][info][gc,heap     ] GC(2159) Reclaimed:         -                  -               420M (21%)         528M (26%)            -                  -          
[392.596s][info][gc          ] GC(2159) Garbage Collection (Allocation Stall) 2032M(99%)->1824M(89%)
[392.623s][info][gc,start    ] GC(2160) Garbage Collection (Allocation Stall)
[392.623s][info][gc,ref      ] GC(2160) Clearing All SoftReferences
[392.623s][info][gc,task     ] GC(2160) Using 12 workers
[392.623s][info][gc,ref      ] GC(2160) Clearing All SoftReferences
[392.623s][info][gc,phases   ] GC(2160) Pause Mark Start 0.047ms
[392.645s][info][gc,phases   ] GC(2160) Concurrent Mark 22.192ms
[392.645s][info][gc,phases   ] GC(2160) Pause Mark End 0.024ms
[392.645s][info][gc,phases   ] GC(2160) Concurrent Mark Free 0.001ms
[392.648s][info][gc,phases   ] GC(2160) Concurrent Process Non-Strong References 2.714ms
[392.648s][info][gc,phases   ] GC(2160) Concurrent Reset Relocation Set 0.004ms
[392.648s][info][gc          ] Allocation Stall (Executor task launch worker for task 11.0 in stage 81.0 (TID 1360)) 25.178ms
[392.648s][info][gc          ] Allocation Stall (Executor task launch worker for task 35.0 in stage 81.0 (TID 1366)) 25.185ms
[392.648s][info][gc          ] Allocation Stall (Executor task launch worker for task 14.0 in stage 81.0 (TID 1361)) 25.165ms
[392.648s][info][gc          ] Allocation Stall (Executor task launch worker for task 20.0 in stage 81.0 (TID 1363)) 25.545ms
[392.648s][info][gc          ] Allocation Stall (Executor task launch worker for task 3.0 in stage 81.0 (TID 1359)) 25.168ms
[392.648s][info][gc          ] Allocation Stall (Executor task launch worker for task 42.0 in stage 81.0 (TID 1367)) 25.431ms
[392.648s][info][gc          ] Allocation Stall (Executor task launch worker for task 24.0 in stage 81.0 (TID 1364)) 25.175ms
[392.648s][info][gc          ] Allocation Stall (Executor task launch worker for task 46.0 in stage 81.0 (TID 1370)) 20.068ms
[392.648s][info][gc          ] Allocation Stall (Executor task launch worker for task 30.0 in stage 81.0 (TID 1365)) 25.174ms
[392.648s][info][gc          ] Allocation Stall (Executor task launch worker for task 19.0 in stage 81.0 (TID 1362)) 25.196ms
[392.648s][info][gc          ] Allocation Stall (Executor task launch worker for task 0.0 in stage 81.0 (TID 1358)) 25.523ms
[392.648s][info][gc          ] Allocation Stall (Executor task launch worker for task 44.0 in stage 81.0 (TID 1368)) 25.193ms
[392.648s][info][gc          ] Allocation Stall (Executor task launch worker for task 45.0 in stage 81.0 (TID 1369)) 25.179ms
[392.650s][info][gc,phases   ] GC(2160) Concurrent Select Relocation Set 2.476ms
[392.651s][info][gc,phases   ] GC(2160) Pause Relocate Start 0.005ms
[392.692s][info][gc,phases   ] GC(2160) Concurrent Relocate 41.082ms
[392.692s][info][gc,load     ] GC(2160) Load: 0.00/0.00/0.00
[392.692s][info][gc,mmu      ] GC(2160) MMU: 2ms/86.2%, 5ms/94.5%, 10ms/97.2%, 20ms/98.6%, 50ms/99.4%, 100ms/99.6%
[392.692s][info][gc,marking  ] GC(2160) Mark: 8 stripe(s), 2 proactive flush(es), 1 terminate flush(es), 0 completion(s), 0 continuation(s) 
[392.692s][info][gc,marking  ] GC(2160) Mark Stack Usage: 32M
[392.692s][info][gc,nmethod  ] GC(2160) NMethods: 8064 registered, 1228 unregistered
[392.692s][info][gc,metaspace] GC(2160) Metaspace: 120M used, 123M committed, 1152M reserved
[392.692s][info][gc,ref      ] GC(2160) Soft: 2842 encountered, 570 discovered, 0 enqueued
[392.692s][info][gc,ref      ] GC(2160) Weak: 13681 encountered, 1291 discovered, 2 enqueued
[392.692s][info][gc,ref      ] GC(2160) Final: 84 encountered, 66 discovered, 0 enqueued
[392.692s][info][gc,ref      ] GC(2160) Phantom: 764 encountered, 614 discovered, 0 enqueued
[392.692s][info][gc,reloc    ] GC(2160) Small Pages: 288 / 576M, Empty: 462M, Relocated: 4M, In-Place: 0
[392.692s][info][gc,reloc    ] GC(2160) Medium Pages: 45 / 1440M, Empty: 0M, Relocated: 49M, In-Place: 0
[392.692s][info][gc,reloc    ] GC(2160) Large Pages: 4 / 32M, Empty: 0M, Relocated: 0M, In-Place: 0
[392.692s][info][gc,reloc    ] GC(2160) Forwarding Usage: 0M
[392.692s][info][gc,heap     ] GC(2160) Min Capacity: 8M(0%)
[392.692s][info][gc,heap     ] GC(2160) Max Capacity: 2048M(100%)
[392.692s][info][gc,heap     ] GC(2160) Soft Max Capacity: 2048M(100%)
[392.692s][info][gc,heap     ] GC(2160)                Mark Start          Mark End        Relocate Start      Relocate End           High               Low         
[392.692s][info][gc,heap     ] GC(2160)  Capacity:     2048M (100%)       2048M (100%)       2048M (100%)       2048M (100%)       2048M (100%)       2048M (100%)   
[392.692s][info][gc,heap     ] GC(2160)      Free:        0M (0%)            0M (0%)          446M (22%)         230M (11%)         448M (22%)           0M (0%)     
[392.692s][info][gc,heap     ] GC(2160)      Used:     2048M (100%)       2048M (100%)       1602M (78%)        1818M (89%)        2048M (100%)       1600M (78%)    
[392.692s][info][gc,heap     ] GC(2160)      Live:         -              1340M (65%)        1340M (65%)        1340M (65%)            -                  -          
[392.692s][info][gc,heap     ] GC(2160) Allocated:         -                 0M (0%)           16M (1%)          274M (13%)            -                  -          
[392.692s][info][gc,heap     ] GC(2160)   Garbage:         -               707M (35%)         245M (12%)         202M (10%)            -                  -          
[392.692s][info][gc,heap     ] GC(2160) Reclaimed:         -                  -               462M (23%)         504M (25%)            -                  -          
[392.692s][info][gc          ] GC(2160) Garbage Collection (Allocation Stall) 2048M(100%)->1818M(89%)
[392.739s][info][gc,start    ] GC(2161) Garbage Collection (Allocation Stall)
[392.739s][info][gc,ref      ] GC(2161) Clearing All SoftReferences
[392.739s][info][gc,task     ] GC(2161) Using 12 workers
[392.739s][info][gc,ref      ] GC(2161) Clearing All SoftReferences
[392.739s][info][gc,phases   ] GC(2161) Pause Mark Start 0.044ms
[392.786s][info][gc,phases   ] GC(2161) Concurrent Mark 46.566ms
[392.786s][info][gc,phases   ] GC(2161) Pause Mark End 0.024ms
[392.786s][info][gc,phases   ] GC(2161) Concurrent Mark Free 0.001ms
[392.789s][info][gc,phases   ] GC(2161) Concurrent Process Non-Strong References 3.095ms
[392.789s][info][gc,phases   ] GC(2161) Concurrent Reset Relocation Set 0.003ms
[392.789s][info][gc          ] Allocation Stall (Executor task launch worker for task 45.0 in stage 81.0 (TID 1369)) 28.537ms
[392.789s][info][gc          ] Allocation Stall (Executor task launch worker for task 35.0 in stage 81.0 (TID 1366)) 28.949ms
[392.789s][info][gc          ] Allocation Stall (Executor task launch worker for task 44.0 in stage 81.0 (TID 1368)) 28.531ms
[392.789s][info][gc          ] Allocation Stall (Executor task launch worker for task 11.0 in stage 81.0 (TID 1360)) 30.776ms
[392.789s][info][gc          ] Allocation Stall (Executor task launch worker for task 3.0 in stage 81.0 (TID 1359)) 32.358ms
[392.789s][info][gc          ] Allocation Stall (Executor task launch worker for task 42.0 in stage 81.0 (TID 1367)) 28.674ms
[392.789s][info][gc          ] Allocation Stall (Executor task launch worker for task 19.0 in stage 81.0 (TID 1362)) 28.947ms
[392.789s][info][gc          ] Allocation Stall (Executor task launch worker for task 20.0 in stage 81.0 (TID 1363)) 28.578ms
[392.789s][info][gc          ] Allocation Stall (Executor task launch worker for task 14.0 in stage 81.0 (TID 1361)) 33.816ms
[392.789s][info][gc          ] Allocation Stall (Executor task launch worker for task 0.0 in stage 81.0 (TID 1358)) 28.564ms
[392.789s][info][gc          ] Allocation Stall (Executor task launch worker for task 30.0 in stage 81.0 (TID 1365)) 32.346ms
[392.789s][info][gc          ] Allocation Stall (Spark Context Cleaner) 19.060ms
[392.789s][info][gc          ] Allocation Stall (Executor task launch worker for task 46.0 in stage 81.0 (TID 1370)) 32.382ms
[392.789s][info][gc          ] Allocation Stall (Executor task launch worker for task 24.0 in stage 81.0 (TID 1364)) 28.578ms
[392.792s][info][gc,phases   ] GC(2161) Concurrent Select Relocation Set 2.931ms
[392.801s][info][gc,phases   ] GC(2161) Pause Relocate Start 0.012ms
[392.817s][info][gc,phases   ] GC(2161) Concurrent Relocate 15.383ms
[392.817s][info][gc,load     ] GC(2161) Load: 0.00/0.00/0.00
[392.817s][info][gc,mmu      ] GC(2161) MMU: 2ms/86.2%, 5ms/94.5%, 10ms/97.2%, 20ms/98.6%, 50ms/99.4%, 100ms/99.6%
[392.817s][info][gc,marking  ] GC(2161) Mark: 8 stripe(s), 2 proactive flush(es), 1 terminate flush(es), 0 completion(s), 0 continuation(s) 
[392.817s][info][gc,marking  ] GC(2161) Mark Stack Usage: 32M
[392.817s][info][gc,nmethod  ] GC(2161) NMethods: 8064 registered, 1228 unregistered
[392.817s][info][gc,metaspace] GC(2161) Metaspace: 120M used, 123M committed, 1152M reserved
[392.817s][info][gc,ref      ] GC(2161) Soft: 2842 encountered, 401 discovered, 0 enqueued
[392.817s][info][gc,ref      ] GC(2161) Weak: 13682 encountered, 719 discovered, 0 enqueued
[392.817s][info][gc,ref      ] GC(2161) Final: 84 encountered, 2 discovered, 0 enqueued
[392.817s][info][gc,ref      ] GC(2161) Phantom: 764 encountered, 539 discovered, 0 enqueued
[392.817s][info][gc,reloc    ] GC(2161) Small Pages: 233 / 466M, Empty: 344M, Relocated: 4M, In-Place: 0
[392.817s][info][gc,reloc    ] GC(2161) Medium Pages: 46 / 1472M, Empty: 0M, Relocated: 23M, In-Place: 0
[392.817s][info][gc,reloc    ] GC(2161) Large Pages: 6 / 48M, Empty: 32M, Relocated: 0M, In-Place: 0
[392.818s][info][gc,reloc    ] GC(2161) Forwarding Usage: 0M
[392.818s][info][gc,heap     ] GC(2161) Min Capacity: 8M(0%)
[392.818s][info][gc,heap     ] GC(2161) Max Capacity: 2048M(100%)
[392.818s][info][gc,heap     ] GC(2161) Soft Max Capacity: 2048M(100%)
[392.818s][info][gc,heap     ] GC(2161)                Mark Start          Mark End        Relocate Start      Relocate End           High               Low         
[392.818s][info][gc,heap     ] GC(2161)  Capacity:     2048M (100%)       2048M (100%)       2048M (100%)       2048M (100%)       2048M (100%)       2048M (100%)   
[392.818s][info][gc,heap     ] GC(2161)      Free:       62M (3%)            0M (0%)          334M (16%)         372M (18%)         372M (18%)           0M (0%)     
[392.818s][info][gc,heap     ] GC(2161)      Used:     1986M (97%)        2048M (100%)       1714M (84%)        1676M (82%)        2048M (100%)       1676M (82%)    
[392.818s][info][gc,heap     ] GC(2161)      Live:         -              1341M (66%)        1341M (66%)        1341M (66%)            -                  -          
[392.818s][info][gc,heap     ] GC(2161) Allocated:         -                62M (3%)          104M (5%)          128M (6%)             -                  -          
[392.818s][info][gc,heap     ] GC(2161)   Garbage:         -               644M (31%)         268M (13%)         206M (10%)            -                  -          
[392.818s][info][gc,heap     ] GC(2161) Reclaimed:         -                  -               376M (18%)         438M (21%)            -                  -          
[392.818s][info][gc          ] GC(2161) Garbage Collection (Allocation Stall) 1986M(97%)->1676M(82%)
[392.848s][info][gc,start    ] GC(2162) Garbage Collection (Allocation Stall)
[392.848s][info][gc,ref      ] GC(2162) Clearing All SoftReferences
[392.848s][info][gc,task     ] GC(2162) Using 12 workers
[392.848s][info][gc,ref      ] GC(2162) Clearing All SoftReferences
[392.848s][info][gc,phases   ] GC(2162) Pause Mark Start 0.049ms
[392.879s][info][gc,phases   ] GC(2162) Concurrent Mark 30.908ms
[392.879s][info][gc,phases   ] GC(2162) Pause Mark End 0.021ms
[392.880s][info][gc,phases   ] GC(2162) Concurrent Mark Free 0.000ms
[392.882s][info][gc,phases   ] GC(2162) Concurrent Process Non-Strong References 2.286ms
[392.882s][info][gc,phases   ] GC(2162) Concurrent Reset Relocation Set 0.004ms
[392.882s][info][gc          ] Allocation Stall (Executor task launch worker for task 35.0 in stage 81.0 (TID 1366)) 8.731ms
[392.882s][info][gc          ] Allocation Stall (Executor task launch worker for task 0.0 in stage 81.0 (TID 1358)) 8.808ms
[392.882s][info][gc          ] Allocation Stall (Executor task launch worker for task 44.0 in stage 81.0 (TID 1368)) 8.492ms
[392.882s][info][gc          ] Allocation Stall (Executor task launch worker for task 19.0 in stage 81.0 (TID 1362)) 16.012ms
[392.882s][info][gc          ] Allocation Stall (Executor task launch worker for task 24.0 in stage 81.0 (TID 1364)) 8.726ms
[392.882s][info][gc          ] Allocation Stall (Executor task launch worker for task 42.0 in stage 81.0 (TID 1367)) 8.554ms
[392.882s][info][gc          ] Allocation Stall (Executor task launch worker for task 3.0 in stage 81.0 (TID 1359)) 12.397ms
[392.882s][info][gc          ] Allocation Stall (Executor task launch worker for task 30.0 in stage 81.0 (TID 1365)) 8.486ms
[392.882s][info][gc          ] Allocation Stall (Executor task launch worker for task 11.0 in stage 81.0 (TID 1360)) 8.581ms
[392.882s][info][gc          ] Allocation Stall (Executor task launch worker for task 45.0 in stage 81.0 (TID 1369)) 8.777ms
[392.882s][info][gc          ] Allocation Stall (Executor task launch worker for task 46.0 in stage 81.0 (TID 1370)) 8.665ms
[392.882s][info][gc          ] Allocation Stall (Executor task launch worker for task 20.0 in stage 81.0 (TID 1363)) 8.776ms
[392.882s][info][gc          ] Allocation Stall (Executor task launch worker for task 14.0 in stage 81.0 (TID 1361)) 8.514ms
[392.885s][info][gc,phases   ] GC(2162) Concurrent Select Relocation Set 2.903ms
[392.895s][info][gc,phases   ] GC(2162) Pause Relocate Start 0.011ms
[392.918s][info][gc,phases   ] GC(2162) Concurrent Relocate 23.296ms
[392.918s][info][gc,load     ] GC(2162) Load: 0.00/0.00/0.00
[392.919s][info][gc,mmu      ] GC(2162) MMU: 2ms/86.2%, 5ms/94.5%, 10ms/97.2%, 20ms/98.6%, 50ms/99.4%, 100ms/99.6%
[392.919s][info][gc,marking  ] GC(2162) Mark: 8 stripe(s), 2 proactive flush(es), 1 terminate flush(es), 0 completion(s), 0 continuation(s) 
[392.919s][info][gc,marking  ] GC(2162) Mark Stack Usage: 32M
[392.919s][info][gc,nmethod  ] GC(2162) NMethods: 8064 registered, 1228 unregistered
[392.919s][info][gc,metaspace] GC(2162) Metaspace: 120M used, 123M committed, 1152M reserved
[392.919s][info][gc,ref      ] GC(2162) Soft: 2842 encountered, 694 discovered, 0 enqueued
[392.919s][info][gc,ref      ] GC(2162) Weak: 13682 encountered, 1078 discovered, 1 enqueued
[392.919s][info][gc,ref      ] GC(2162) Final: 84 encountered, 3 discovered, 0 enqueued
[392.919s][info][gc,ref      ] GC(2162) Phantom: 764 encountered, 569 discovered, 0 enqueued
[392.919s][info][gc,reloc    ] GC(2162) Small Pages: 243 / 486M, Empty: 362M, Relocated: 5M, In-Place: 0
[392.919s][info][gc,reloc    ] GC(2162) Medium Pages: 46 / 1472M, Empty: 0M, Relocated: 22M, In-Place: 0
[392.919s][info][gc,reloc    ] GC(2162) Large Pages: 4 / 32M, Empty: 8M, Relocated: 0M, In-Place: 0
[392.919s][info][gc,reloc    ] GC(2162) Forwarding Usage: 0M
[392.919s][info][gc,heap     ] GC(2162) Min Capacity: 8M(0%)
[392.919s][info][gc,heap     ] GC(2162) Max Capacity: 2048M(100%)
[392.919s][info][gc,heap     ] GC(2162) Soft Max Capacity: 2048M(100%)
[392.919s][info][gc,heap     ] GC(2162)                Mark Start          Mark End        Relocate Start      Relocate End           High               Low         
[392.919s][info][gc,heap     ] GC(2162)  Capacity:     2048M (100%)       2048M (100%)       2048M (100%)       2048M (100%)       2048M (100%)       2048M (100%)   
[392.919s][info][gc,heap     ] GC(2162)      Free:       58M (3%)            0M (0%)          324M (16%)         156M (8%)          326M (16%)           0M (0%)     
[392.919s][info][gc,heap     ] GC(2162)      Used:     1990M (97%)        2048M (100%)       1724M (84%)        1892M (92%)        2048M (100%)       1722M (84%)    
[392.919s][info][gc,heap     ] GC(2162)      Live:         -              1346M (66%)        1346M (66%)        1346M (66%)            -                  -          
[392.919s][info][gc,heap     ] GC(2162) Allocated:         -                58M (3%)          104M (5%)          342M (17%)            -                  -          
[392.919s][info][gc,heap     ] GC(2162)   Garbage:         -               643M (31%)         273M (13%)         203M (10%)            -                  -          
[392.919s][info][gc,heap     ] GC(2162) Reclaimed:         -                  -               370M (18%)         440M (22%)            -                  -          
[392.919s][info][gc          ] GC(2162) Garbage Collection (Allocation Stall) 1990M(97%)->1892M(92%)
[392.944s][info][gc,start    ] GC(2163) Garbage Collection (Allocation Stall)
[392.944s][info][gc,ref      ] GC(2163) Clearing All SoftReferences
[392.944s][info][gc,task     ] GC(2163) Using 12 workers
[392.944s][info][gc,ref      ] GC(2163) Clearing All SoftReferences
[392.944s][info][gc,phases   ] GC(2163) Pause Mark Start 0.041ms
[392.975s][info][gc,phases   ] GC(2163) Concurrent Mark 30.967ms
[392.976s][info][gc,phases   ] GC(2163) Pause Mark End 0.017ms
[392.976s][info][gc,phases   ] GC(2163) Concurrent Mark Free 0.001ms
[392.978s][info][gc,phases   ] GC(2163) Concurrent Process Non-Strong References 2.640ms
[392.978s][info][gc,phases   ] GC(2163) Concurrent Reset Relocation Set 0.003ms
[392.978s][info][gc          ] Allocation Stall (Executor task launch worker for task 3.0 in stage 81.0 (TID 1359)) 18.145ms
[392.978s][info][gc          ] Allocation Stall (Executor task launch worker for task 19.0 in stage 81.0 (TID 1362)) 23.505ms
[392.978s][info][gc          ] Allocation Stall (Executor task launch worker for task 46.0 in stage 81.0 (TID 1370)) 18.276ms
[392.978s][info][gc          ] Allocation Stall (Executor task launch worker for task 20.0 in stage 81.0 (TID 1363)) 18.267ms
[392.978s][info][gc          ] Allocation Stall (Executor task launch worker for task 24.0 in stage 81.0 (TID 1364)) 23.301ms
[392.978s][info][gc          ] Allocation Stall (Executor task launch worker for task 42.0 in stage 81.0 (TID 1367)) 18.203ms
[392.978s][info][gc          ] Allocation Stall (Executor task launch worker for task 14.0 in stage 81.0 (TID 1361)) 18.248ms
[392.978s][info][gc          ] Allocation Stall (Executor task launch worker for task 35.0 in stage 81.0 (TID 1366)) 17.939ms
[392.978s][info][gc          ] Allocation Stall (Executor task launch worker for task 44.0 in stage 81.0 (TID 1368)) 17.912ms
[392.978s][info][gc          ] Allocation Stall (Executor task launch worker for task 11.0 in stage 81.0 (TID 1360)) 17.896ms
[392.978s][info][gc          ] Allocation Stall (Executor task launch worker for task 30.0 in stage 81.0 (TID 1365)) 17.963ms
[392.978s][info][gc          ] Allocation Stall (Executor task launch worker for task 0.0 in stage 81.0 (TID 1358)) 18.217ms
[392.978s][info][gc          ] Allocation Stall (Executor task launch worker for task 45.0 in stage 81.0 (TID 1369)) 18.073ms
[392.981s][info][gc,phases   ] GC(2163) Concurrent Select Relocation Set 2.767ms
[392.982s][info][gc,phases   ] GC(2163) Pause Relocate Start 0.007ms
[393.010s][info][gc,phases   ] GC(2163) Concurrent Relocate 27.897ms
[393.010s][info][gc,load     ] GC(2163) Load: 0.00/0.00/0.00
[393.010s][info][gc,mmu      ] GC(2163) MMU: 2ms/86.2%, 5ms/94.5%, 10ms/97.2%, 20ms/98.6%, 50ms/99.4%, 100ms/99.6%
[393.010s][info][gc,marking  ] GC(2163) Mark: 8 stripe(s), 2 proactive flush(es), 1 terminate flush(es), 0 completion(s), 0 continuation(s) 
[393.010s][info][gc,marking  ] GC(2163) Mark Stack Usage: 32M
[393.010s][info][gc,nmethod  ] GC(2163) NMethods: 8064 registered, 1228 unregistered
[393.010s][info][gc,metaspace] GC(2163) Metaspace: 120M used, 123M committed, 1152M reserved
[393.010s][info][gc,ref      ] GC(2163) Soft: 2842 encountered, 457 discovered, 0 enqueued
[393.010s][info][gc,ref      ] GC(2163) Weak: 13682 encountered, 1121 discovered, 2 enqueued
[393.010s][info][gc,ref      ] GC(2163) Final: 84 encountered, 17 discovered, 0 enqueued
[393.010s][info][gc,ref      ] GC(2163) Phantom: 764 encountered, 520 discovered, 0 enqueued
[393.010s][info][gc,reloc    ] GC(2163) Small Pages: 227 / 454M, Empty: 316M, Relocated: 5M, In-Place: 0
[393.010s][info][gc,reloc    ] GC(2163) Medium Pages: 47 / 1504M, Empty: 0M, Relocated: 51M, In-Place: 0
[393.010s][info][gc,reloc    ] GC(2163) Large Pages: 6 / 48M, Empty: 24M, Relocated: 0M, In-Place: 0
[393.010s][info][gc,reloc    ] GC(2163) Forwarding Usage: 0M
[393.010s][info][gc,heap     ] GC(2163) Min Capacity: 8M(0%)
[393.010s][info][gc,heap     ] GC(2163) Max Capacity: 2048M(100%)
[393.010s][info][gc,heap     ] GC(2163) Soft Max Capacity: 2048M(100%)
[393.010s][info][gc,heap     ] GC(2163)                Mark Start          Mark End        Relocate Start      Relocate End           High               Low         
[393.010s][info][gc,heap     ] GC(2163)  Capacity:     2048M (100%)       2048M (100%)       2048M (100%)       2048M (100%)       2048M (100%)       2048M (100%)   
[393.010s][info][gc,heap     ] GC(2163)      Free:       42M (2%)            0M (0%)          300M (15%)         164M (8%)          322M (16%)           0M (0%)     
[393.010s][info][gc,heap     ] GC(2163)      Used:     2006M (98%)        2048M (100%)       1748M (85%)        1884M (92%)        2048M (100%)       1726M (84%)    
[393.010s][info][gc,heap     ] GC(2163)      Live:         -              1355M (66%)        1355M (66%)        1355M (66%)            -                  -          
[393.010s][info][gc,heap     ] GC(2163) Allocated:         -                42M (2%)           82M (4%)          327M (16%)            -                  -          
[393.010s][info][gc,heap     ] GC(2163)   Garbage:         -               650M (32%)         310M (15%)         201M (10%)            -                  -          
[393.010s][info][gc,heap     ] GC(2163) Reclaimed:         -                  -               340M (17%)         449M (22%)            -                  -          
[393.010s][info][gc          ] GC(2163) Garbage Collection (Allocation Stall) 2006M(98%)->1884M(92%)
[393.030s][info][gc,start    ] GC(2164) Garbage Collection (Allocation Stall)
[393.030s][info][gc,ref      ] GC(2164) Clearing All SoftReferences
[393.030s][info][gc,task     ] GC(2164) Using 12 workers
[393.031s][info][gc,ref      ] GC(2164) Clearing All SoftReferences
[393.031s][info][gc,phases   ] GC(2164) Pause Mark Start 0.044ms
[393.031s][info][gc          ] Allocation Stall (Executor task launch worker for task 30.0 in stage 81.0 (TID 1365)) 0.631ms
[393.031s][info][gc          ] Allocation Stall (Executor task launch worker for task 11.0 in stage 81.0 (TID 1360)) 0.581ms
[393.031s][info][gc          ] Allocation Stall (Executor task launch worker for task 0.0 in stage 81.0 (TID 1358)) 0.683ms
[393.031s][info][gc          ] Allocation Stall (Executor task launch worker for task 46.0 in stage 81.0 (TID 1370)) 0.668ms
[393.031s][info][gc          ] Allocation Stall (Executor task launch worker for task 24.0 in stage 81.0 (TID 1364)) 0.095ms
[393.031s][info][gc          ] Allocation Stall (Executor task launch worker for task 20.0 in stage 81.0 (TID 1363)) 0.140ms
[393.031s][info][gc          ] Allocation Stall (Executor task launch worker for task 19.0 in stage 81.0 (TID 1362)) 0.160ms
[393.031s][info][gc          ] Allocation Stall (Executor task launch worker for task 14.0 in stage 81.0 (TID 1361)) 0.183ms
[393.031s][info][gc          ] Allocation Stall (Executor task launch worker for task 35.0 in stage 81.0 (TID 1366)) 0.252ms
[393.031s][info][gc          ] Allocation Stall (Executor task launch worker for task 42.0 in stage 81.0 (TID 1367)) 0.294ms
[393.031s][info][gc          ] Allocation Stall (Executor task launch worker for task 44.0 in stage 81.0 (TID 1368)) 0.414ms
[393.054s][info][gc,phases   ] GC(2164) Concurrent Mark 22.652ms
[393.054s][info][gc,phases   ] GC(2164) Pause Mark End 0.020ms
[393.054s][info][gc,phases   ] GC(2164) Concurrent Mark Free 0.001ms
[393.057s][info][gc,phases   ] GC(2164) Concurrent Process Non-Strong References 2.699ms
[393.057s][info][gc,phases   ] GC(2164) Concurrent Reset Relocation Set 0.005ms
[393.057s][info][gc          ] Allocation Stall (Executor task launch worker for task 3.0 in stage 81.0 (TID 1359)) 22.966ms
[393.057s][info][gc          ] Allocation Stall (Executor task launch worker for task 20.0 in stage 81.0 (TID 1363)) 22.796ms
[393.057s][info][gc          ] Allocation Stall (Executor task launch worker for task 11.0 in stage 81.0 (TID 1360)) 22.809ms
[393.057s][info][gc          ] Allocation Stall (Executor task launch worker for task 46.0 in stage 81.0 (TID 1370)) 22.942ms
[393.057s][info][gc          ] Allocation Stall (Executor task launch worker for task 44.0 in stage 81.0 (TID 1368)) 23.361ms
[393.057s][info][gc          ] Allocation Stall (Executor task launch worker for task 14.0 in stage 81.0 (TID 1361)) 23.007ms
[393.057s][info][gc          ] Allocation Stall (Executor task launch worker for task 24.0 in stage 81.0 (TID 1364)) 22.734ms
[393.057s][info][gc          ] Allocation Stall (Executor task launch worker for task 19.0 in stage 81.0 (TID 1362)) 22.781ms
[393.057s][info][gc          ] Allocation Stall (Executor task launch worker for task 30.0 in stage 81.0 (TID 1365)) 22.714ms
[393.057s][info][gc          ] Allocation Stall (Executor task launch worker for task 0.0 in stage 81.0 (TID 1358)) 22.795ms
[393.057s][info][gc          ] Allocation Stall (Executor task launch worker for task 42.0 in stage 81.0 (TID 1367)) 24.909ms
[393.057s][info][gc          ] Allocation Stall (Executor task launch worker for task 35.0 in stage 81.0 (TID 1366)) 22.682ms
[393.057s][info][gc          ] Allocation Stall (Executor task launch worker for task 45.0 in stage 81.0 (TID 1369)) 22.665ms
[393.061s][info][gc,phases   ] GC(2164) Concurrent Select Relocation Set 4.107ms
[393.069s][info][gc,phases   ] GC(2164) Pause Relocate Start 0.009ms
[393.103s][info][gc,phases   ] GC(2164) Concurrent Relocate 33.971ms
[393.103s][info][gc,load     ] GC(2164) Load: 0.00/0.00/0.00
[393.103s][info][gc,mmu      ] GC(2164) MMU: 2ms/86.2%, 5ms/94.5%, 10ms/97.2%, 20ms/98.6%, 50ms/99.4%, 100ms/99.6%
[393.103s][info][gc,marking  ] GC(2164) Mark: 8 stripe(s), 2 proactive flush(es), 1 terminate flush(es), 0 completion(s), 0 continuation(s) 
[393.103s][info][gc,marking  ] GC(2164) Mark Stack Usage: 32M
[393.103s][info][gc,nmethod  ] GC(2164) NMethods: 8064 registered, 1228 unregistered
[393.104s][info][gc,metaspace] GC(2164) Metaspace: 120M used, 123M committed, 1152M reserved
[393.104s][info][gc,ref      ] GC(2164) Soft: 2844 encountered, 353 discovered, 2 enqueued
[393.104s][info][gc,ref      ] GC(2164) Weak: 13682 encountered, 1392 discovered, 4 enqueued
[393.104s][info][gc,ref      ] GC(2164) Final: 84 encountered, 0 discovered, 0 enqueued
[393.104s][info][gc,ref      ] GC(2164) Phantom: 764 encountered, 503 discovered, 0 enqueued
[393.104s][info][gc,reloc    ] GC(2164) Small Pages: 249 / 498M, Empty: 370M, Relocated: 5M, In-Place: 0
[393.104s][info][gc,reloc    ] GC(2164) Medium Pages: 47 / 1504M, Empty: 0M, Relocated: 54M, In-Place: 0
[393.104s][info][gc,reloc    ] GC(2164) Large Pages: 5 / 40M, Empty: 8M, Relocated: 0M, In-Place: 0
[393.104s][info][gc,reloc    ] GC(2164) Forwarding Usage: 0M
[393.104s][info][gc,heap     ] GC(2164) Min Capacity: 8M(0%)
[393.104s][info][gc,heap     ] GC(2164) Max Capacity: 2048M(100%)
[393.104s][info][gc,heap     ] GC(2164) Soft Max Capacity: 2048M(100%)
[393.104s][info][gc,heap     ] GC(2164)                Mark Start          Mark End        Relocate Start      Relocate End           High               Low         
[393.104s][info][gc,heap     ] GC(2164)  Capacity:     2048M (100%)       2048M (100%)       2048M (100%)       2048M (100%)       2048M (100%)       2048M (100%)   
[393.104s][info][gc,heap     ] GC(2164)      Free:        0M (0%)            0M (0%)          326M (16%)         144M (7%)          336M (16%)           0M (0%)     
[393.104s][info][gc,heap     ] GC(2164)      Used:     2048M (100%)       2048M (100%)       1722M (84%)        1904M (93%)        2048M (100%)       1712M (84%)    
[393.104s][info][gc,heap     ] GC(2164)      Live:         -              1370M (67%)        1370M (67%)        1370M (67%)            -                  -          
[393.104s][info][gc,heap     ] GC(2164) Allocated:         -                 0M (0%)           52M (3%)          328M (16%)            -                  -          
[393.104s][info][gc,heap     ] GC(2164)   Garbage:         -               677M (33%)         299M (15%)         205M (10%)            -                  -          
[393.104s][info][gc,heap     ] GC(2164) Reclaimed:         -                  -               378M (18%)         472M (23%)            -                  -          
[393.104s][info][gc          ] GC(2164) Garbage Collection (Allocation Stall) 2048M(100%)->1904M(93%)
[393.133s][info][gc,start    ] GC(2165) Garbage Collection (Allocation Stall)
[393.133s][info][gc,ref      ] GC(2165) Clearing All SoftReferences
[393.133s][info][gc,task     ] GC(2165) Using 12 workers
[393.134s][info][gc,ref      ] GC(2165) Clearing All SoftReferences
[393.134s][info][gc,phases   ] GC(2165) Pause Mark Start 0.043ms
[393.151s][info][gc,phases   ] GC(2165) Concurrent Mark 17.720ms
[393.152s][info][gc,phases   ] GC(2165) Pause Mark End 0.019ms
[393.152s][info][gc,phases   ] GC(2165) Concurrent Mark Free 0.000ms
[393.154s][info][gc,phases   ] GC(2165) Concurrent Process Non-Strong References 2.331ms
[393.154s][info][gc,phases   ] GC(2165) Concurrent Reset Relocation Set 0.003ms
[393.154s][info][gc          ] Allocation Stall (Executor task launch worker for task 24.0 in stage 81.0 (TID 1364)) 19.276ms
[393.154s][info][gc          ] Allocation Stall (Executor task launch worker for task 11.0 in stage 81.0 (TID 1360)) 14.424ms
[393.154s][info][gc          ] Allocation Stall (Executor task launch worker for task 44.0 in stage 81.0 (TID 1368)) 20.694ms
[393.154s][info][gc          ] Allocation Stall (Executor task launch worker for task 46.0 in stage 81.0 (TID 1370)) 14.122ms
[393.154s][info][gc          ] Allocation Stall (Executor task launch worker for task 3.0 in stage 81.0 (TID 1359)) 14.043ms
[393.154s][info][gc          ] Allocation Stall (Executor task launch worker for task 20.0 in stage 81.0 (TID 1363)) 14.420ms
[393.154s][info][gc          ] Allocation Stall (Executor task launch worker for task 35.0 in stage 81.0 (TID 1366)) 17.967ms
[393.154s][info][gc          ] Allocation Stall (Executor task launch worker for task 42.0 in stage 81.0 (TID 1367)) 14.446ms
[393.154s][info][gc          ] Allocation Stall (Executor task launch worker for task 19.0 in stage 81.0 (TID 1362)) 14.222ms
[393.154s][info][gc          ] Allocation Stall (Executor task launch worker for task 0.0 in stage 81.0 (TID 1358)) 14.423ms
[393.154s][info][gc          ] Allocation Stall (Executor task launch worker for task 14.0 in stage 81.0 (TID 1361)) 14.126ms
[393.154s][info][gc          ] Allocation Stall (Executor task launch worker for task 30.0 in stage 81.0 (TID 1365)) 14.000ms
[393.154s][info][gc          ] Allocation Stall (Executor task launch worker for task 45.0 in stage 81.0 (TID 1369)) 14.123ms
[393.158s][info][gc,phases   ] GC(2165) Concurrent Select Relocation Set 3.492ms
[393.167s][info][gc,phases   ] GC(2165) Pause Relocate Start 0.009ms
[393.187s][info][gc,phases   ] GC(2165) Concurrent Relocate 20.006ms
[393.187s][info][gc,load     ] GC(2165) Load: 0.00/0.00/0.00
[393.187s][info][gc,mmu      ] GC(2165) MMU: 2ms/86.2%, 5ms/94.5%, 10ms/97.2%, 20ms/98.6%, 50ms/99.4%, 100ms/99.6%
[393.187s][info][gc,marking  ] GC(2165) Mark: 8 stripe(s), 2 proactive flush(es), 1 terminate flush(es), 0 completion(s), 0 continuation(s) 
[393.187s][info][gc,marking  ] GC(2165) Mark Stack Usage: 32M
[393.187s][info][gc,nmethod  ] GC(2165) NMethods: 8065 registered, 1228 unregistered
[393.187s][info][gc,metaspace] GC(2165) Metaspace: 120M used, 123M committed, 1152M reserved
[393.187s][info][gc,ref      ] GC(2165) Soft: 2849 encountered, 1003 discovered, 7 enqueued
[393.187s][info][gc,ref      ] GC(2165) Weak: 13696 encountered, 1246 discovered, 16 enqueued
[393.187s][info][gc,ref      ] GC(2165) Final: 84 encountered, 1 discovered, 0 enqueued
[393.187s][info][gc,ref      ] GC(2165) Phantom: 763 encountered, 493 discovered, 0 enqueued
[393.187s][info][gc,reloc    ] GC(2165) Small Pages: 247 / 494M, Empty: 362M, Relocated: 5M, In-Place: 0
[393.187s][info][gc,reloc    ] GC(2165) Medium Pages: 47 / 1504M, Empty: 0M, Relocated: 24M, In-Place: 0
[393.187s][info][gc,reloc    ] GC(2165) Large Pages: 4 / 32M, Empty: 32M, Relocated: 0M, In-Place: 0
[393.187s][info][gc,reloc    ] GC(2165) Forwarding Usage: 0M
[393.188s][info][gc,heap     ] GC(2165) Min Capacity: 8M(0%)
[393.188s][info][gc,heap     ] GC(2165) Max Capacity: 2048M(100%)
[393.188s][info][gc,heap     ] GC(2165) Soft Max Capacity: 2048M(100%)
[393.188s][info][gc,heap     ] GC(2165)                Mark Start          Mark End        Relocate Start      Relocate End           High               Low         
[393.188s][info][gc,heap     ] GC(2165)  Capacity:     2048M (100%)       2048M (100%)       2048M (100%)       2048M (100%)       2048M (100%)       2048M (100%)   
[393.188s][info][gc,heap     ] GC(2165)      Free:       18M (1%)            0M (0%)          330M (16%)         184M (9%)          338M (17%)           0M (0%)     
[393.188s][info][gc,heap     ] GC(2165)      Used:     2030M (99%)        2048M (100%)       1718M (84%)        1864M (91%)        2048M (100%)       1710M (83%)    
[393.188s][info][gc,heap     ] GC(2165)      Live:         -              1359M (66%)        1359M (66%)        1359M (66%)            -                  -          
[393.188s][info][gc,heap     ] GC(2165) Allocated:         -                18M (1%)           82M (4%)          300M (15%)            -                  -          
[393.188s][info][gc,heap     ] GC(2165)   Garbage:         -               670M (33%)         276M (14%)         204M (10%)            -                  -          
[393.188s][info][gc,heap     ] GC(2165) Reclaimed:         -                  -               394M (19%)         466M (23%)            -                  -          
[393.188s][info][gc          ] GC(2165) Garbage Collection (Allocation Stall) 2030M(99%)->1864M(91%)
[393.239s][info][gc,start    ] GC(2166) Garbage Collection (Allocation Stall)
[393.239s][info][gc,ref      ] GC(2166) Clearing All SoftReferences
[393.239s][info][gc,task     ] GC(2166) Using 12 workers
[393.239s][info][gc,ref      ] GC(2166) Clearing All SoftReferences
[393.239s][info][gc,phases   ] GC(2166) Pause Mark Start 0.041ms
[393.261s][info][gc,phases   ] GC(2166) Concurrent Mark 21.361ms
[393.261s][info][gc,phases   ] GC(2166) Pause Mark End 0.018ms
[393.261s][info][gc,phases   ] GC(2166) Concurrent Mark Free 0.001ms
[393.263s][info][gc,phases   ] GC(2166) Concurrent Process Non-Strong References 2.330ms
[393.263s][info][gc,phases   ] GC(2166) Concurrent Reset Relocation Set 0.003ms
[393.263s][info][gc          ] Allocation Stall (Executor task launch worker for task 20.0 in stage 81.0 (TID 1363)) 23.952ms
[393.263s][info][gc          ] Allocation Stall (Executor task launch worker for task 19.0 in stage 81.0 (TID 1362)) 23.949ms
[393.263s][info][gc          ] Allocation Stall (Executor task launch worker for task 35.0 in stage 81.0 (TID 1366)) 24.310ms
[393.263s][info][gc          ] Allocation Stall (Executor task launch worker for task 24.0 in stage 81.0 (TID 1364)) 24.159ms
[393.263s][info][gc          ] Allocation Stall (Executor task launch worker for task 11.0 in stage 81.0 (TID 1360)) 23.949ms
[393.263s][info][gc          ] Allocation Stall (Executor task launch worker for task 46.0 in stage 81.0 (TID 1370)) 24.264ms
[393.263s][info][gc          ] Allocation Stall (Executor task launch worker for task 44.0 in stage 81.0 (TID 1368)) 24.234ms
[393.263s][info][gc          ] Allocation Stall (Executor task launch worker for task 30.0 in stage 81.0 (TID 1365)) 24.320ms
[393.263s][info][gc          ] Allocation Stall (Executor task launch worker for task 14.0 in stage 81.0 (TID 1361)) 23.947ms
[393.263s][info][gc          ] Allocation Stall (Executor task launch worker for task 42.0 in stage 81.0 (TID 1367)) 24.211ms
[393.263s][info][gc          ] Allocation Stall (Executor task launch worker for task 45.0 in stage 81.0 (TID 1369)) 23.953ms
[393.263s][info][gc          ] Allocation Stall (Executor task launch worker for task 0.0 in stage 81.0 (TID 1358)) 23.945ms
[393.263s][info][gc          ] Allocation Stall (Executor task launch worker for task 3.0 in stage 81.0 (TID 1359)) 23.958ms
[393.266s][info][gc,phases   ] GC(2166) Concurrent Select Relocation Set 2.949ms
[393.266s][info][gc,phases   ] GC(2166) Pause Relocate Start 0.006ms
[393.305s][info][gc,phases   ] GC(2166) Concurrent Relocate 38.058ms
[393.305s][info][gc,load     ] GC(2166) Load: 0.00/0.00/0.00
[393.305s][info][gc,mmu      ] GC(2166) MMU: 2ms/86.2%, 5ms/94.5%, 10ms/97.2%, 20ms/98.6%, 50ms/99.4%, 100ms/99.6%
[393.305s][info][gc,marking  ] GC(2166) Mark: 8 stripe(s), 2 proactive flush(es), 1 terminate flush(es), 0 completion(s), 0 continuation(s) 
[393.305s][info][gc,marking  ] GC(2166) Mark Stack Usage: 32M
[393.305s][info][gc,nmethod  ] GC(2166) NMethods: 8068 registered, 1228 unregistered
[393.305s][info][gc,metaspace] GC(2166) Metaspace: 120M used, 123M committed, 1152M reserved
[393.305s][info][gc,ref      ] GC(2166) Soft: 2842 encountered, 271 discovered, 0 enqueued
[393.305s][info][gc,ref      ] GC(2166) Weak: 13680 encountered, 1054 discovered, 2 enqueued
[393.305s][info][gc,ref      ] GC(2166) Final: 84 encountered, 1 discovered, 0 enqueued
[393.305s][info][gc,ref      ] GC(2166) Phantom: 763 encountered, 402 discovered, 0 enqueued
[393.305s][info][gc,reloc    ] GC(2166) Small Pages: 260 / 520M, Empty: 400M, Relocated: 4M, In-Place: 0
[393.305s][info][gc,reloc    ] GC(2166) Medium Pages: 47 / 1504M, Empty: 0M, Relocated: 27M, In-Place: 0
[393.305s][info][gc,reloc    ] GC(2166) Large Pages: 3 / 24M, Empty: 0M, Relocated: 0M, In-Place: 0
[393.305s][info][gc,reloc    ] GC(2166) Forwarding Usage: 0M
[393.305s][info][gc,heap     ] GC(2166) Min Capacity: 8M(0%)
[393.305s][info][gc,heap     ] GC(2166) Max Capacity: 2048M(100%)
[393.305s][info][gc,heap     ] GC(2166) Soft Max Capacity: 2048M(100%)
[393.305s][info][gc,heap     ] GC(2166)                Mark Start          Mark End        Relocate Start      Relocate End           High               Low         
[393.305s][info][gc,heap     ] GC(2166)  Capacity:     2048M (100%)       2048M (100%)       2048M (100%)       2048M (100%)       2048M (100%)       2048M (100%)   
[393.305s][info][gc,heap     ] GC(2166)      Free:        0M (0%)            0M (0%)          388M (19%)         194M (9%)          388M (19%)           0M (0%)     
[393.305s][info][gc,heap     ] GC(2166)      Used:     2048M (100%)       2048M (100%)       1660M (81%)        1854M (91%)        2048M (100%)       1660M (81%)    
[393.305s][info][gc,heap     ] GC(2166)      Live:         -              1379M (67%)        1379M (67%)        1379M (67%)            -                  -          
[393.305s][info][gc,heap     ] GC(2166) Allocated:         -                 0M (0%)           12M (1%)          260M (13%)            -                  -          
[393.305s][info][gc,heap     ] GC(2166)   Garbage:         -               668M (33%)         268M (13%)         213M (10%)            -                  -          
[393.305s][info][gc,heap     ] GC(2166) Reclaimed:         -                  -               400M (20%)         454M (22%)            -                  -          
[393.305s][info][gc          ] GC(2166) Garbage Collection (Allocation Stall) 2048M(100%)->1854M(91%)
[393.342s][info][gc,start    ] GC(2167) Garbage Collection (Allocation Stall)
[393.342s][info][gc,ref      ] GC(2167) Clearing All SoftReferences
[393.342s][info][gc,task     ] GC(2167) Using 12 workers
[393.342s][info][gc,ref      ] GC(2167) Clearing All SoftReferences
[393.342s][info][gc,phases   ] GC(2167) Pause Mark Start 0.043ms
[393.373s][info][gc,phases   ] GC(2167) Concurrent Mark 30.967ms
[393.373s][info][gc,phases   ] GC(2167) Pause Mark End 0.021ms
[393.373s][info][gc,phases   ] GC(2167) Concurrent Mark Free 0.001ms
[393.376s][info][gc,phases   ] GC(2167) Concurrent Process Non-Strong References 2.557ms
[393.376s][info][gc,phases   ] GC(2167) Concurrent Reset Relocation Set 0.004ms
[393.376s][info][gc          ] Allocation Stall (Executor task launch worker for task 14.0 in stage 81.0 (TID 1361)) 15.309ms
[393.376s][info][gc          ] Allocation Stall (Executor task launch worker for task 0.0 in stage 81.0 (TID 1358)) 15.239ms
[393.376s][info][gc          ] Allocation Stall (Executor task launch worker for task 20.0 in stage 81.0 (TID 1363)) 15.332ms
[393.376s][info][gc          ] Allocation Stall (Executor task launch worker for task 45.0 in stage 81.0 (TID 1369)) 15.332ms
[393.376s][info][gc          ] Allocation Stall (Executor task launch worker for task 30.0 in stage 81.0 (TID 1365)) 15.283ms
[393.376s][info][gc          ] Allocation Stall (Executor task launch worker for task 11.0 in stage 81.0 (TID 1360)) 14.876ms
[393.376s][info][gc          ] Allocation Stall (Executor task launch worker for task 3.0 in stage 81.0 (TID 1359)) 14.959ms
[393.376s][info][gc          ] Allocation Stall (Executor task launch worker for task 46.0 in stage 81.0 (TID 1370)) 15.235ms
[393.376s][info][gc          ] Allocation Stall (Executor task launch worker for task 44.0 in stage 81.0 (TID 1368)) 14.898ms
[393.376s][info][gc          ] Allocation Stall (Executor task launch worker for task 24.0 in stage 81.0 (TID 1364)) 16.053ms
[393.376s][info][gc          ] Allocation Stall (Executor task launch worker for task 42.0 in stage 81.0 (TID 1367)) 14.923ms
[393.376s][info][gc          ] Allocation Stall (Executor task launch worker for task 35.0 in stage 81.0 (TID 1366)) 14.925ms
[393.376s][info][gc          ] Allocation Stall (Executor task launch worker for task 19.0 in stage 81.0 (TID 1362)) 15.077ms
[393.380s][info][gc,phases   ] GC(2167) Concurrent Select Relocation Set 4.395ms
[393.380s][info][gc,phases   ] GC(2167) Pause Relocate Start 0.008ms
[393.401s][info][gc          ] Allocation Stall (Executor task launch worker for task 30.0 in stage 81.0 (TID 1365)) 1.006ms
[393.401s][info][gc          ] Allocation Stall (Executor task launch worker for task 46.0 in stage 81.0 (TID 1370)) 1.093ms
[393.401s][info][gc          ] Allocation Stall (Executor task launch worker for task 14.0 in stage 81.0 (TID 1361)) 1.185ms
[393.401s][info][gc          ] Allocation Stall (Executor task launch worker for task 24.0 in stage 81.0 (TID 1364)) 1.105ms
[393.401s][info][gc          ] Allocation Stall (Executor task launch worker for task 44.0 in stage 81.0 (TID 1368)) 1.112ms
[393.401s][info][gc          ] Allocation Stall (Executor task launch worker for task 11.0 in stage 81.0 (TID 1360)) 1.120ms
[393.401s][info][gc          ] Allocation Stall (Executor task launch worker for task 0.0 in stage 81.0 (TID 1358)) 1.080ms
[393.401s][info][gc          ] Allocation Stall (Executor task launch worker for task 19.0 in stage 81.0 (TID 1362)) 1.049ms
[393.401s][info][gc          ] Allocation Stall (Executor task launch worker for task 45.0 in stage 81.0 (TID 1369)) 1.108ms
[393.406s][info][gc          ] Allocation Stall (Executor task launch worker for task 30.0 in stage 81.0 (TID 1365)) 4.507ms
[393.407s][info][gc          ] Allocation Stall (Executor task launch worker for task 42.0 in stage 81.0 (TID 1367)) 5.488ms
[393.407s][info][gc          ] Allocation Stall (Executor task launch worker for task 20.0 in stage 81.0 (TID 1363)) 3.634ms
[393.407s][info][gc          ] Allocation Stall (Executor task launch worker for task 3.0 in stage 81.0 (TID 1359)) 3.141ms
[393.412s][info][gc,phases   ] GC(2167) Concurrent Relocate 31.303ms
[393.412s][info][gc,load     ] GC(2167) Load: 0.00/0.00/0.00
[393.412s][info][gc,mmu      ] GC(2167) MMU: 2ms/86.2%, 5ms/94.5%, 10ms/97.2%, 20ms/98.6%, 50ms/99.4%, 100ms/99.6%
[393.412s][info][gc,marking  ] GC(2167) Mark: 8 stripe(s), 2 proactive flush(es), 1 terminate flush(es), 0 completion(s), 0 continuation(s) 
[393.412s][info][gc,marking  ] GC(2167) Mark Stack Usage: 32M
[393.412s][info][gc,nmethod  ] GC(2167) NMethods: 8066 registered, 1231 unregistered
[393.412s][info][gc,metaspace] GC(2167) Metaspace: 120M used, 123M committed, 1152M reserved
[393.412s][info][gc,ref      ] GC(2167) Soft: 2846 encountered, 712 discovered, 4 enqueued
[393.412s][info][gc,ref      ] GC(2167) Weak: 13699 encountered, 1239 discovered, 13 enqueued
[393.412s][info][gc,ref      ] GC(2167) Final: 84 encountered, 4 discovered, 0 enqueued
[393.412s][info][gc,ref      ] GC(2167) Phantom: 760 encountered, 550 discovered, 0 enqueued
[393.412s][info][gc,reloc    ] GC(2167) Small Pages: 186 / 372M, Empty: 228M, Relocated: 8M, In-Place: 0
[393.412s][info][gc,reloc    ] GC(2167) Medium Pages: 48 / 1536M, Empty: 0M, Relocated: 52M, In-Place: 0
[393.412s][info][gc,reloc    ] GC(2167) Large Pages: 7 / 56M, Empty: 24M, Relocated: 0M, In-Place: 0
[393.412s][info][gc,reloc    ] GC(2167) Forwarding Usage: 1M
[393.412s][info][gc,heap     ] GC(2167) Min Capacity: 8M(0%)
[393.412s][info][gc,heap     ] GC(2167) Max Capacity: 2048M(100%)
[393.412s][info][gc,heap     ] GC(2167) Soft Max Capacity: 2048M(100%)
[393.412s][info][gc,heap     ] GC(2167)                Mark Start          Mark End        Relocate Start      Relocate End           High               Low         
[393.412s][info][gc,heap     ] GC(2167)  Capacity:     2048M (100%)       2048M (100%)       2048M (100%)       2048M (100%)       2048M (100%)       2048M (100%)   
[393.412s][info][gc,heap     ] GC(2167)      Free:       84M (4%)            0M (0%)          202M (10%)          62M (3%)          234M (11%)           0M (0%)     
[393.412s][info][gc,heap     ] GC(2167)      Used:     1964M (96%)        2048M (100%)       1846M (90%)        1986M (97%)        2048M (100%)       1814M (89%)    
[393.412s][info][gc,heap     ] GC(2167)      Live:         -              1390M (68%)        1390M (68%)        1390M (68%)            -                  -          
[393.412s][info][gc,heap     ] GC(2167) Allocated:         -                84M (4%)          134M (7%)          396M (19%)            -                  -          
[393.412s][info][gc,heap     ] GC(2167)   Garbage:         -               573M (28%)         321M (16%)         198M (10%)            -                  -          
[393.412s][info][gc,heap     ] GC(2167) Reclaimed:         -                  -               252M (12%)         374M (18%)            -                  -          
[393.412s][info][gc          ] GC(2167) Garbage Collection (Allocation Stall) 1964M(96%)->1986M(97%)
[393.433s][info][gc,start    ] GC(2168) Garbage Collection (Allocation Stall)
[393.433s][info][gc,ref      ] GC(2168) Clearing All SoftReferences
[393.433s][info][gc,task     ] GC(2168) Using 12 workers
[393.433s][info][gc          ] Allocation Stall (Executor task launch worker for task 45.0 in stage 81.0 (TID 1369)) 0.064ms
[393.433s][info][gc          ] Allocation Stall (Executor task launch worker for task 0.0 in stage 81.0 (TID 1358)) 0.075ms
[393.434s][info][gc,ref      ] GC(2168) Clearing All SoftReferences
[393.434s][info][gc,phases   ] GC(2168) Pause Mark Start 0.038ms
[393.457s][info][gc,phases   ] GC(2168) Concurrent Mark 23.563ms
[393.457s][info][gc,phases   ] GC(2168) Pause Mark End 0.018ms
[393.457s][info][gc,phases   ] GC(2168) Concurrent Mark Free 0.000ms
[393.460s][info][gc,phases   ] GC(2168) Concurrent Process Non-Strong References 2.707ms
[393.460s][info][gc,phases   ] GC(2168) Concurrent Reset Relocation Set 0.007ms
[393.460s][info][gc          ] Allocation Stall (Executor task launch worker for task 44.0 in stage 81.0 (TID 1368)) 21.616ms
[393.460s][info][gc          ] Allocation Stall (Executor task launch worker for task 30.0 in stage 81.0 (TID 1365)) 21.722ms
[393.460s][info][gc          ] Allocation Stall (Executor task launch worker for task 35.0 in stage 81.0 (TID 1366)) 21.458ms
[393.460s][info][gc          ] Allocation Stall (Executor task launch worker for task 42.0 in stage 81.0 (TID 1367)) 21.787ms
[393.460s][info][gc          ] Allocation Stall (Executor task launch worker for task 0.0 in stage 81.0 (TID 1358)) 21.442ms
[393.460s][info][gc          ] Allocation Stall (Executor task launch worker for task 45.0 in stage 81.0 (TID 1369)) 21.763ms
[393.460s][info][gc          ] Allocation Stall (Executor task launch worker for task 19.0 in stage 81.0 (TID 1362)) 21.417ms
[393.460s][info][gc          ] Allocation Stall (Spark Context Cleaner) 3.024ms
[393.460s][info][gc          ] Allocation Stall (Executor task launch worker for task 14.0 in stage 81.0 (TID 1361)) 21.761ms
[393.460s][info][gc          ] Allocation Stall (Executor task launch worker for task 24.0 in stage 81.0 (TID 1364)) 21.555ms
[393.460s][info][gc          ] Allocation Stall (Executor task launch worker for task 3.0 in stage 81.0 (TID 1359)) 21.706ms
[393.460s][info][gc          ] Allocation Stall (Executor task launch worker for task 46.0 in stage 81.0 (TID 1370)) 21.807ms
[393.460s][info][gc          ] Allocation Stall (Executor task launch worker for task 20.0 in stage 81.0 (TID 1363)) 21.488ms
[393.460s][info][gc          ] Allocation Stall (Executor task launch worker for task 11.0 in stage 81.0 (TID 1360)) 21.890ms
[393.463s][info][gc,phases   ] GC(2168) Concurrent Select Relocation Set 2.839ms
[393.463s][info][gc,phases   ] GC(2168) Pause Relocate Start 0.007ms
[393.487s][info][gc,phases   ] GC(2168) Concurrent Relocate 23.891ms
[393.487s][info][gc,load     ] GC(2168) Load: 0.00/0.00/0.00
[393.487s][info][gc,mmu      ] GC(2168) MMU: 2ms/86.2%, 5ms/94.5%, 10ms/97.2%, 20ms/98.6%, 50ms/99.4%, 100ms/99.6%
[393.487s][info][gc,marking  ] GC(2168) Mark: 8 stripe(s), 2 proactive flush(es), 1 terminate flush(es), 0 completion(s), 0 continuation(s) 
[393.487s][info][gc,marking  ] GC(2168) Mark Stack Usage: 32M
[393.487s][info][gc,nmethod  ] GC(2168) NMethods: 8066 registered, 1231 unregistered
[393.487s][info][gc,metaspace] GC(2168) Metaspace: 120M used, 123M committed, 1152M reserved
[393.487s][info][gc,ref      ] GC(2168) Soft: 2846 encountered, 281 discovered, 4 enqueued
[393.487s][info][gc,ref      ] GC(2168) Weak: 13695 encountered, 1050 discovered, 15 enqueued
[393.487s][info][gc,ref      ] GC(2168) Final: 84 encountered, 4 discovered, 0 enqueued
[393.487s][info][gc,ref      ] GC(2168) Phantom: 756 encountered, 524 discovered, 0 enqueued
[393.487s][info][gc,reloc    ] GC(2168) Small Pages: 228 / 456M, Empty: 324M, Relocated: 5M, In-Place: 0
[393.487s][info][gc,reloc    ] GC(2168) Medium Pages: 48 / 1536M, Empty: 0M, Relocated: 26M, In-Place: 0
[393.487s][info][gc,reloc    ] GC(2168) Large Pages: 5 / 40M, Empty: 32M, Relocated: 0M, In-Place: 0
[393.487s][info][gc,reloc    ] GC(2168) Forwarding Usage: 0M
[393.487s][info][gc,heap     ] GC(2168) Min Capacity: 8M(0%)
[393.487s][info][gc,heap     ] GC(2168) Max Capacity: 2048M(100%)
[393.487s][info][gc,heap     ] GC(2168) Soft Max Capacity: 2048M(100%)
[393.487s][info][gc,heap     ] GC(2168)                Mark Start          Mark End        Relocate Start      Relocate End           High               Low         
[393.487s][info][gc,heap     ] GC(2168)  Capacity:     2048M (100%)       2048M (100%)       2048M (100%)       2048M (100%)       2048M (100%)       2048M (100%)   
[393.487s][info][gc,heap     ] GC(2168)      Free:       16M (1%)            0M (0%)          340M (17%)         214M (10%)         344M (17%)           0M (0%)     
[393.487s][info][gc,heap     ] GC(2168)      Used:     2032M (99%)        2048M (100%)       1708M (83%)        1834M (90%)        2048M (100%)       1704M (83%)    
[393.487s][info][gc,heap     ] GC(2168)      Live:         -              1379M (67%)        1379M (67%)        1379M (67%)            -                  -          
[393.487s][info][gc,heap     ] GC(2168) Allocated:         -                16M (1%)           32M (2%)          232M (11%)            -                  -          
[393.487s][info][gc,heap     ] GC(2168)   Garbage:         -               652M (32%)         296M (14%)         222M (11%)            -                  -          
[393.488s][info][gc,heap     ] GC(2168) Reclaimed:         -                  -               356M (17%)         430M (21%)            -                  -          
[393.488s][info][gc          ] GC(2168) Garbage Collection (Allocation Stall) 2032M(99%)->1834M(90%)
[393.541s][info][gc,start    ] GC(2169) Garbage Collection (Allocation Stall)
[393.541s][info][gc,ref      ] GC(2169) Clearing All SoftReferences
[393.541s][info][gc,task     ] GC(2169) Using 12 workers
[393.542s][info][gc,ref      ] GC(2169) Clearing All SoftReferences
[393.542s][info][gc,phases   ] GC(2169) Pause Mark Start 0.043ms
[393.542s][info][gc          ] Allocation Stall (Executor task launch worker for task 46.0 in stage 81.0 (TID 1370)) 0.605ms
[393.542s][info][gc          ] Allocation Stall (Executor task launch worker for task 0.0 in stage 81.0 (TID 1358)) 0.628ms
[393.542s][info][gc          ] Allocation Stall (Executor task launch worker for task 20.0 in stage 81.0 (TID 1363)) 0.582ms
[393.542s][info][gc          ] Allocation Stall (Executor task launch worker for task 24.0 in stage 81.0 (TID 1364)) 0.055ms
[393.567s][info][gc,phases   ] GC(2169) Concurrent Mark 24.827ms
[393.567s][info][gc,phases   ] GC(2169) Pause Mark End 0.025ms
[393.567s][info][gc,phases   ] GC(2169) Concurrent Mark Free 0.001ms
[393.570s][info][gc,phases   ] GC(2169) Concurrent Process Non-Strong References 2.895ms
[393.570s][info][gc,phases   ] GC(2169) Concurrent Reset Relocation Set 0.005ms
[393.570s][info][gc          ] Allocation Stall (Executor task launch worker for task 20.0 in stage 81.0 (TID 1363)) 23.768ms
[393.570s][info][gc          ] Allocation Stall (Executor task launch worker for task 46.0 in stage 81.0 (TID 1370)) 23.868ms
[393.570s][info][gc          ] Allocation Stall (Executor task launch worker for task 0.0 in stage 81.0 (TID 1358)) 24.201ms
[393.570s][info][gc          ] Allocation Stall (Executor task launch worker for task 44.0 in stage 81.0 (TID 1368)) 23.814ms
[393.570s][info][gc          ] Allocation Stall (Executor task launch worker for task 3.0 in stage 81.0 (TID 1359)) 23.536ms
[393.570s][info][gc          ] Allocation Stall (Executor task launch worker for task 19.0 in stage 81.0 (TID 1362)) 24.125ms
[393.570s][info][gc          ] Allocation Stall (Spark Context Cleaner) 3.198ms
[393.570s][info][gc          ] Allocation Stall (Executor task launch worker for task 42.0 in stage 81.0 (TID 1367)) 23.991ms
[393.570s][info][gc          ] Allocation Stall (Executor task launch worker for task 35.0 in stage 81.0 (TID 1366)) 23.934ms
[393.570s][info][gc          ] Allocation Stall (Executor task launch worker for task 30.0 in stage 81.0 (TID 1365)) 23.476ms
[393.570s][info][gc          ] Allocation Stall (Executor task launch worker for task 14.0 in stage 81.0 (TID 1361)) 24.046ms
[393.570s][info][gc          ] Allocation Stall (Executor task launch worker for task 24.0 in stage 81.0 (TID 1364)) 23.420ms
[393.570s][info][gc          ] Allocation Stall (Executor task launch worker for task 11.0 in stage 81.0 (TID 1360)) 24.100ms
[393.570s][info][gc          ] Allocation Stall (Executor task launch worker for task 45.0 in stage 81.0 (TID 1369)) 24.069ms
[393.573s][info][gc,phases   ] GC(2169) Concurrent Select Relocation Set 3.556ms
[393.574s][info][gc,phases   ] GC(2169) Pause Relocate Start 0.008ms
[393.602s][info][gc,phases   ] GC(2169) Concurrent Relocate 28.076ms
[393.602s][info][gc,load     ] GC(2169) Load: 0.00/0.00/0.00
[393.602s][info][gc,mmu      ] GC(2169) MMU: 2ms/86.2%, 5ms/94.5%, 10ms/97.2%, 20ms/98.6%, 50ms/99.4%, 100ms/99.6%
[393.602s][info][gc,marking  ] GC(2169) Mark: 8 stripe(s), 2 proactive flush(es), 1 terminate flush(es), 0 completion(s), 0 continuation(s) 
[393.602s][info][gc,marking  ] GC(2169) Mark Stack Usage: 32M
[393.602s][info][gc,nmethod  ] GC(2169) NMethods: 8066 registered, 1231 unregistered
[393.602s][info][gc,metaspace] GC(2169) Metaspace: 120M used, 123M committed, 1152M reserved
[393.602s][info][gc,ref      ] GC(2169) Soft: 2846 encountered, 1306 discovered, 4 enqueued
[393.602s][info][gc,ref      ] GC(2169) Weak: 13685 encountered, 5019 discovered, 13 enqueued
[393.602s][info][gc,ref      ] GC(2169) Final: 84 encountered, 8 discovered, 0 enqueued
[393.602s][info][gc,ref      ] GC(2169) Phantom: 755 encountered, 613 discovered, 0 enqueued
[393.602s][info][gc,reloc    ] GC(2169) Small Pages: 248 / 496M, Empty: 368M, Relocated: 5M, In-Place: 0
[393.602s][info][gc,reloc    ] GC(2169) Medium Pages: 48 / 1536M, Empty: 0M, Relocated: 45M, In-Place: 0
[393.602s][info][gc,reloc    ] GC(2169) Large Pages: 1 / 8M, Empty: 8M, Relocated: 0M, In-Place: 0
[393.602s][info][gc,reloc    ] GC(2169) Forwarding Usage: 0M
[393.602s][info][gc,heap     ] GC(2169) Min Capacity: 8M(0%)
[393.602s][info][gc,heap     ] GC(2169) Max Capacity: 2048M(100%)
[393.602s][info][gc,heap     ] GC(2169) Soft Max Capacity: 2048M(100%)
[393.602s][info][gc,heap     ] GC(2169)                Mark Start          Mark End        Relocate Start      Relocate End           High               Low         
[393.602s][info][gc,heap     ] GC(2169)  Capacity:     2048M (100%)       2048M (100%)       2048M (100%)       2048M (100%)       2048M (100%)       2048M (100%)   
[393.602s][info][gc,heap     ] GC(2169)      Free:        2M (0%)            0M (0%)          346M (17%)         142M (7%)          354M (17%)           0M (0%)     
[393.602s][info][gc,heap     ] GC(2169)      Used:     2046M (100%)       2048M (100%)       1702M (83%)        1906M (93%)        2048M (100%)       1694M (83%)    
[393.602s][info][gc,heap     ] GC(2169)      Live:         -              1374M (67%)        1374M (67%)        1374M (67%)            -                  -          
[393.602s][info][gc,heap     ] GC(2169) Allocated:         -                 2M (0%)           32M (2%)          308M (15%)            -                  -          
[393.602s][info][gc,heap     ] GC(2169)   Garbage:         -               671M (33%)         295M (14%)         222M (11%)            -                  -          
[393.602s][info][gc,heap     ] GC(2169) Reclaimed:         -                  -               376M (18%)         448M (22%)            -                  -          
[393.602s][info][gc          ] GC(2169) Garbage Collection (Allocation Stall) 2046M(100%)->1906M(93%)
[393.638s][info][gc,start    ] GC(2170) Garbage Collection (Allocation Stall)
[393.638s][info][gc,ref      ] GC(2170) Clearing All SoftReferences
[393.638s][info][gc,task     ] GC(2170) Using 12 workers
[393.639s][info][gc,ref      ] GC(2170) Clearing All SoftReferences
[393.639s][info][gc,phases   ] GC(2170) Pause Mark Start 0.041ms
[393.639s][info][gc          ] Allocation Stall (Executor task launch worker for task 19.0 in stage 81.0 (TID 1362)) 0.617ms
[393.639s][info][gc          ] Allocation Stall (Executor task launch worker for task 14.0 in stage 81.0 (TID 1361)) 0.569ms
[393.639s][info][gc          ] Allocation Stall (Executor task launch worker for task 42.0 in stage 81.0 (TID 1367)) 0.497ms
[393.639s][info][gc          ] Allocation Stall (Executor task launch worker for task 30.0 in stage 81.0 (TID 1365)) 0.004ms
[393.639s][info][gc          ] Allocation Stall (Executor task launch worker for task 0.0 in stage 81.0 (TID 1358)) 0.039ms
[393.660s][info][gc,phases   ] GC(2170) Concurrent Mark 21.411ms
[393.660s][info][gc,phases   ] GC(2170) Pause Mark End 0.018ms
[393.660s][info][gc,phases   ] GC(2170) Concurrent Mark Free 0.000ms
[393.663s][info][gc,phases   ] GC(2170) Concurrent Process Non-Strong References 2.350ms
[393.663s][info][gc,phases   ] GC(2170) Concurrent Reset Relocation Set 0.005ms
[393.663s][info][gc          ] Allocation Stall (Executor task launch worker for task 0.0 in stage 81.0 (TID 1358)) 20.323ms
[393.663s][info][gc          ] Allocation Stall (Executor task launch worker for task 44.0 in stage 81.0 (TID 1368)) 19.399ms
[393.663s][info][gc          ] Allocation Stall (Executor task launch worker for task 19.0 in stage 81.0 (TID 1362)) 19.847ms
[393.663s][info][gc          ] Allocation Stall (Executor task launch worker for task 14.0 in stage 81.0 (TID 1361)) 19.839ms
[393.663s][info][gc          ] Allocation Stall (Executor task launch worker for task 45.0 in stage 81.0 (TID 1369)) 19.216ms
[393.663s][info][gc          ] Allocation Stall (Executor task launch worker for task 46.0 in stage 81.0 (TID 1370)) 19.334ms
[393.663s][info][gc          ] Allocation Stall (Executor task launch worker for task 20.0 in stage 81.0 (TID 1363)) 19.607ms
[393.663s][info][gc          ] Allocation Stall (Executor task launch worker for task 11.0 in stage 81.0 (TID 1360)) 19.376ms
[393.663s][info][gc          ] Allocation Stall (Executor task launch worker for task 24.0 in stage 81.0 (TID 1364)) 19.412ms
[393.663s][info][gc          ] Allocation Stall (Executor task launch worker for task 35.0 in stage 81.0 (TID 1366)) 19.268ms
[393.663s][info][gc          ] Allocation Stall (Executor task launch worker for task 42.0 in stage 81.0 (TID 1367)) 19.673ms
[393.663s][info][gc          ] Allocation Stall (Executor task launch worker for task 30.0 in stage 81.0 (TID 1365)) 19.115ms
[393.663s][info][gc          ] Allocation Stall (Executor task launch worker for task 3.0 in stage 81.0 (TID 1359)) 19.289ms
[393.666s][info][gc,phases   ] GC(2170) Concurrent Select Relocation Set 3.144ms
[393.666s][info][gc,phases   ] GC(2170) Pause Relocate Start 0.007ms
[393.669s][info][gc,phases   ] GC(2170) Concurrent Relocate 2.651ms
[393.669s][info][gc,load     ] GC(2170) Load: 0.00/0.00/0.00
[393.669s][info][gc,mmu      ] GC(2170) MMU: 2ms/86.2%, 5ms/94.5%, 10ms/97.2%, 20ms/98.6%, 50ms/99.4%, 100ms/99.6%
[393.669s][info][gc,marking  ] GC(2170) Mark: 8 stripe(s), 3 proactive flush(es), 1 terminate flush(es), 0 completion(s), 0 continuation(s) 
[393.669s][info][gc,marking  ] GC(2170) Mark Stack Usage: 32M
[393.669s][info][gc,nmethod  ] GC(2170) NMethods: 8066 registered, 1231 unregistered
[393.669s][info][gc,metaspace] GC(2170) Metaspace: 120M used, 123M committed, 1152M reserved
[393.669s][info][gc,ref      ] GC(2170) Soft: 2842 encountered, 1027 discovered, 0 enqueued
[393.669s][info][gc,ref      ] GC(2170) Weak: 13672 encountered, 1404 discovered, 0 enqueued
[393.669s][info][gc,ref      ] GC(2170) Final: 84 encountered, 4 discovered, 0 enqueued
[393.669s][info][gc,ref      ] GC(2170) Phantom: 755 encountered, 557 discovered, 0 enqueued
[393.669s][info][gc,reloc    ] GC(2170) Small Pages: 235 / 470M, Empty: 364M, Relocated: 5M, In-Place: 0
[393.669s][info][gc,reloc    ] GC(2170) Medium Pages: 48 / 1536M, Empty: 32M, Relocated: 0M, In-Place: 0
[393.669s][info][gc,reloc    ] GC(2170) Large Pages: 4 / 32M, Empty: 0M, Relocated: 0M, In-Place: 0
[393.669s][info][gc,reloc    ] GC(2170) Forwarding Usage: 0M
[393.669s][info][gc,heap     ] GC(2170) Min Capacity: 8M(0%)
[393.669s][info][gc,heap     ] GC(2170) Max Capacity: 2048M(100%)
[393.669s][info][gc,heap     ] GC(2170) Soft Max Capacity: 2048M(100%)
[393.669s][info][gc,heap     ] GC(2170)                Mark Start          Mark End        Relocate Start      Relocate End           High               Low         
[393.669s][info][gc,heap     ] GC(2170)  Capacity:     2048M (100%)       2048M (100%)       2048M (100%)       2048M (100%)       2048M (100%)       2048M (100%)   
[393.670s][info][gc,heap     ] GC(2170)      Free:        4M (0%)            0M (0%)          376M (18%)         366M (18%)         388M (19%)           0M (0%)     
[393.670s][info][gc,heap     ] GC(2170)      Used:     2044M (100%)       2048M (100%)       1672M (82%)        1682M (82%)        2048M (100%)       1660M (81%)    
[393.670s][info][gc,heap     ] GC(2170)      Live:         -              1394M (68%)        1394M (68%)        1394M (68%)            -                  -          
[393.670s][info][gc,heap     ] GC(2170) Allocated:         -                 4M (0%)           24M (1%)           55M (3%)             -                  -          
[393.670s][info][gc,heap     ] GC(2170)   Garbage:         -               649M (32%)         253M (12%)         232M (11%)            -                  -          
[393.670s][info][gc,heap     ] GC(2170) Reclaimed:         -                  -               396M (19%)         417M (20%)            -                  -          
[393.670s][info][gc          ] GC(2170) Garbage Collection (Allocation Stall) 2044M(100%)->1682M(82%)
[393.693s][info][gc,start    ] GC(2171) Garbage Collection (Allocation Stall)
[393.693s][info][gc,ref      ] GC(2171) Clearing All SoftReferences
[393.693s][info][gc,task     ] GC(2171) Using 12 workers
[393.694s][info][gc,ref      ] GC(2171) Clearing All SoftReferences
[393.694s][info][gc,phases   ] GC(2171) Pause Mark Start 0.044ms
[393.720s][info][gc,phases   ] GC(2171) Concurrent Mark 26.254ms
[393.720s][info][gc,phases   ] GC(2171) Pause Mark End 0.027ms
[393.720s][info][gc,phases   ] GC(2171) Concurrent Mark Free 0.001ms
[393.723s][info][gc,phases   ] GC(2171) Concurrent Process Non-Strong References 3.047ms
[393.723s][info][gc,phases   ] GC(2171) Concurrent Reset Relocation Set 0.003ms
[393.723s][info][gc          ] Allocation Stall (Executor task launch worker for task 35.0 in stage 81.0 (TID 1366)) 29.869ms
[393.723s][info][gc          ] Allocation Stall (Executor task launch worker for task 11.0 in stage 81.0 (TID 1360)) 29.960ms
[393.723s][info][gc          ] Allocation Stall (Executor task launch worker for task 19.0 in stage 81.0 (TID 1362)) 29.657ms
[393.723s][info][gc          ] Allocation Stall (Executor task launch worker for task 45.0 in stage 81.0 (TID 1369)) 29.637ms
[393.723s][info][gc          ] Allocation Stall (Executor task launch worker for task 0.0 in stage 81.0 (TID 1358)) 29.654ms
[393.723s][info][gc          ] Allocation Stall (Executor task launch worker for task 42.0 in stage 81.0 (TID 1367)) 29.973ms
[393.723s][info][gc          ] Allocation Stall (Executor task launch worker for task 20.0 in stage 81.0 (TID 1363)) 29.657ms
[393.723s][info][gc          ] Allocation Stall (Executor task launch worker for task 3.0 in stage 81.0 (TID 1359)) 30.011ms
[393.723s][info][gc          ] Allocation Stall (Executor task launch worker for task 24.0 in stage 81.0 (TID 1364)) 29.647ms
[393.723s][info][gc          ] Allocation Stall (Executor task launch worker for task 46.0 in stage 81.0 (TID 1370)) 29.953ms
[393.723s][info][gc          ] Allocation Stall (Executor task launch worker for task 44.0 in stage 81.0 (TID 1368)) 29.893ms
[393.723s][info][gc          ] Allocation Stall (Executor task launch worker for task 14.0 in stage 81.0 (TID 1361)) 29.664ms
[393.723s][info][gc          ] Allocation Stall (Executor task launch worker for task 30.0 in stage 81.0 (TID 1365)) 29.895ms
[393.726s][info][gc,phases   ] GC(2171) Concurrent Select Relocation Set 3.080ms
[393.727s][info][gc,phases   ] GC(2171) Pause Relocate Start 0.009ms
[393.743s][info][gc,phases   ] GC(2171) Concurrent Relocate 16.185ms
[393.743s][info][gc,load     ] GC(2171) Load: 0.00/0.00/0.00
[393.743s][info][gc,mmu      ] GC(2171) MMU: 2ms/86.2%, 5ms/94.5%, 10ms/97.2%, 20ms/98.6%, 50ms/99.4%, 100ms/99.6%
[393.743s][info][gc,marking  ] GC(2171) Mark: 8 stripe(s), 2 proactive flush(es), 1 terminate flush(es), 0 completion(s), 0 continuation(s) 
[393.743s][info][gc,marking  ] GC(2171) Mark Stack Usage: 32M
[393.743s][info][gc,nmethod  ] GC(2171) NMethods: 8067 registered, 1232 unregistered
[393.743s][info][gc,metaspace] GC(2171) Metaspace: 120M used, 123M committed, 1152M reserved
[393.743s][info][gc,ref      ] GC(2171) Soft: 2846 encountered, 1108 discovered, 4 enqueued
[393.743s][info][gc,ref      ] GC(2171) Weak: 13690 encountered, 1686 discovered, 15 enqueued
[393.743s][info][gc,ref      ] GC(2171) Final: 84 encountered, 1 discovered, 0 enqueued
[393.743s][info][gc,ref      ] GC(2171) Phantom: 751 encountered, 502 discovered, 0 enqueued
[393.743s][info][gc,reloc    ] GC(2171) Small Pages: 240 / 480M, Empty: 328M, Relocated: 3M, In-Place: 0
[393.743s][info][gc,reloc    ] GC(2171) Medium Pages: 48 / 1536M, Empty: 0M, Relocated: 25M, In-Place: 0
[393.743s][info][gc,reloc    ] GC(2171) Large Pages: 4 / 32M, Empty: 32M, Relocated: 0M, In-Place: 0
[393.743s][info][gc,reloc    ] GC(2171) Forwarding Usage: 0M
[393.743s][info][gc,heap     ] GC(2171) Min Capacity: 8M(0%)
[393.743s][info][gc,heap     ] GC(2171) Max Capacity: 2048M(100%)
[393.743s][info][gc,heap     ] GC(2171) Soft Max Capacity: 2048M(100%)
[393.743s][info][gc,heap     ] GC(2171)                Mark Start          Mark End        Relocate Start      Relocate End           High               Low         
[393.743s][info][gc,heap     ] GC(2171)  Capacity:     2048M (100%)       2048M (100%)       2048M (100%)       2048M (100%)       2048M (100%)       2048M (100%)   
[393.743s][info][gc,heap     ] GC(2171)      Free:        0M (0%)            0M (0%)          338M (17%)         264M (13%)         368M (18%)           0M (0%)     
[393.743s][info][gc,heap     ] GC(2171)      Used:     2048M (100%)       2048M (100%)       1710M (83%)        1784M (87%)        2048M (100%)       1680M (82%)    
[393.743s][info][gc,heap     ] GC(2171)      Live:         -              1376M (67%)        1376M (67%)        1376M (67%)            -                  -          
[393.743s][info][gc,heap     ] GC(2171) Allocated:         -                 0M (0%)           22M (1%)          197M (10%)            -                  -          
[393.743s][info][gc,heap     ] GC(2171)   Garbage:         -               671M (33%)         311M (15%)         209M (10%)            -                  -          
[393.743s][info][gc,heap     ] GC(2171) Reclaimed:         -                  -               360M (18%)         461M (23%)            -                  -          
[393.743s][info][gc          ] GC(2171) Garbage Collection (Allocation Stall) 2048M(100%)->1784M(87%)
[393.751s][info][gc,start    ] GC(2172) Garbage Collection (Allocation Stall)
[393.751s][info][gc,ref      ] GC(2172) Clearing All SoftReferences
[393.751s][info][gc,task     ] GC(2172) Using 12 workers
[393.751s][info][gc,ref      ] GC(2172) Clearing All SoftReferences
[393.751s][info][gc,phases   ] GC(2172) Pause Mark Start 0.039ms
[393.784s][info][gc          ] Allocation Stall (Executor task launch worker for task 46.0 in stage 81.0 (TID 1370)) 0.609ms
[393.784s][info][gc          ] Allocation Stall (Executor task launch worker for task 19.0 in stage 81.0 (TID 1362)) 0.640ms
[393.784s][info][gc          ] Allocation Stall (Executor task launch worker for task 30.0 in stage 81.0 (TID 1365)) 0.609ms
[393.798s][info][gc,phases   ] GC(2172) Concurrent Mark 46.561ms
[393.798s][info][gc,phases   ] GC(2172) Pause Mark End 0.034ms
[393.798s][info][gc,phases   ] GC(2172) Concurrent Mark Free 0.001ms
[393.801s][info][gc,phases   ] GC(2172) Concurrent Process Non-Strong References 2.749ms
[393.801s][info][gc,phases   ] GC(2172) Concurrent Reset Relocation Set 0.008ms
[393.801s][info][gc          ] Allocation Stall (Executor task launch worker for task 19.0 in stage 81.0 (TID 1362)) 12.824ms
[393.801s][info][gc          ] Allocation Stall (Executor task launch worker for task 0.0 in stage 81.0 (TID 1358)) 12.831ms
[393.801s][info][gc          ] Allocation Stall (Executor task launch worker for task 44.0 in stage 81.0 (TID 1368)) 12.377ms
[393.801s][info][gc          ] Allocation Stall (Executor task launch worker for task 24.0 in stage 81.0 (TID 1364)) 12.620ms
[393.801s][info][gc          ] Allocation Stall (Executor task launch worker for task 46.0 in stage 81.0 (TID 1370)) 12.310ms
[393.801s][info][gc          ] Allocation Stall (Executor task launch worker for task 42.0 in stage 81.0 (TID 1367)) 12.373ms
[393.801s][info][gc          ] Allocation Stall (Executor task launch worker for task 11.0 in stage 81.0 (TID 1360)) 12.335ms
[393.801s][info][gc          ] Allocation Stall (Executor task launch worker for task 30.0 in stage 81.0 (TID 1365)) 12.791ms
[393.801s][info][gc          ] Allocation Stall (Executor task launch worker for task 45.0 in stage 81.0 (TID 1369)) 12.331ms
[393.801s][info][gc          ] Allocation Stall (Executor task launch worker for task 3.0 in stage 81.0 (TID 1359)) 12.286ms
[393.801s][info][gc          ] Allocation Stall (Executor task launch worker for task 20.0 in stage 81.0 (TID 1363)) 12.534ms
[393.801s][info][gc          ] Allocation Stall (Executor task launch worker for task 35.0 in stage 81.0 (TID 1366)) 12.465ms
[393.801s][info][gc          ] Allocation Stall (Executor task launch worker for task 14.0 in stage 81.0 (TID 1361)) 12.507ms
[393.804s][info][gc,phases   ] GC(2172) Concurrent Select Relocation Set 2.703ms
[393.804s][info][gc,phases   ] GC(2172) Pause Relocate Start 0.006ms
[393.805s][info][gc,phases   ] GC(2172) Concurrent Relocate 1.164ms
[393.805s][info][gc,load     ] GC(2172) Load: 0.00/0.00/0.00
[393.805s][info][gc,mmu      ] GC(2172) MMU: 2ms/86.2%, 5ms/94.5%, 10ms/97.2%, 20ms/98.6%, 50ms/99.4%, 100ms/99.6%
[393.805s][info][gc,marking  ] GC(2172) Mark: 8 stripe(s), 2 proactive flush(es), 1 terminate flush(es), 0 completion(s), 0 continuation(s) 
[393.805s][info][gc,marking  ] GC(2172) Mark Stack Usage: 32M
[393.805s][info][gc,nmethod  ] GC(2172) NMethods: 8067 registered, 1233 unregistered
[393.805s][info][gc,metaspace] GC(2172) Metaspace: 120M used, 123M committed, 1152M reserved
[393.805s][info][gc,ref      ] GC(2172) Soft: 2843 encountered, 1087 discovered, 1 enqueued
[393.805s][info][gc,ref      ] GC(2172) Weak: 13672 encountered, 1563 discovered, 9 enqueued
[393.805s][info][gc,ref      ] GC(2172) Final: 84 encountered, 1 discovered, 0 enqueued
[393.805s][info][gc,ref      ] GC(2172) Phantom: 751 encountered, 554 discovered, 0 enqueued
[393.805s][info][gc,reloc    ] GC(2172) Small Pages: 201 / 402M, Empty: 292M, Relocated: 3M, In-Place: 0
[393.805s][info][gc,reloc    ] GC(2172) Medium Pages: 47 / 1504M, Empty: 0M, Relocated: 0M, In-Place: 0
[393.805s][info][gc,reloc    ] GC(2172) Large Pages: 0 / 0M, Empty: 0M, Relocated: 0M, In-Place: 0
[393.805s][info][gc,reloc    ] GC(2172) Forwarding Usage: 0M
[393.805s][info][gc,heap     ] GC(2172) Min Capacity: 8M(0%)
[393.806s][info][gc,heap     ] GC(2172) Max Capacity: 2048M(100%)
[393.806s][info][gc,heap     ] GC(2172) Soft Max Capacity: 2048M(100%)
[393.806s][info][gc,heap     ] GC(2172)                Mark Start          Mark End        Relocate Start      Relocate End           High               Low         
[393.806s][info][gc,heap     ] GC(2172)  Capacity:     2048M (100%)       2048M (100%)       2048M (100%)       2048M (100%)       2048M (100%)       2048M (100%)   
[393.806s][info][gc,heap     ] GC(2172)      Free:      142M (7%)            0M (0%)          278M (14%)         288M (14%)         292M (14%)           0M (0%)     
[393.806s][info][gc,heap     ] GC(2172)      Used:     1906M (93%)        2048M (100%)       1770M (86%)        1760M (86%)        2048M (100%)       1756M (86%)    
[393.806s][info][gc,heap     ] GC(2172)      Live:         -              1376M (67%)        1376M (67%)        1376M (67%)            -                  -          
[393.806s][info][gc,heap     ] GC(2172) Allocated:         -               142M (7%)          156M (8%)          169M (8%)             -                  -          
[393.806s][info][gc,heap     ] GC(2172)   Garbage:         -               529M (26%)         237M (12%)         213M (10%)            -                  -          
[393.806s][info][gc,heap     ] GC(2172) Reclaimed:         -                  -               292M (14%)         315M (15%)            -                  -          
[393.806s][info][gc          ] GC(2172) Garbage Collection (Allocation Stall) 1906M(93%)->1760M(86%)
[393.827s][info][gc,start    ] GC(2173) Garbage Collection (Allocation Stall)
[393.827s][info][gc,ref      ] GC(2173) Clearing All SoftReferences
[393.827s][info][gc,task     ] GC(2173) Using 12 workers
[393.827s][info][gc,ref      ] GC(2173) Clearing All SoftReferences
[393.827s][info][gc,phases   ] GC(2173) Pause Mark Start 0.047ms
[393.845s][info][gc,phases   ] GC(2173) Concurrent Mark 18.119ms
[393.845s][info][gc,phases   ] GC(2173) Pause Mark End 0.017ms
[393.845s][info][gc,phases   ] GC(2173) Concurrent Mark Free 0.001ms
[393.847s][info][gc,phases   ] GC(2173) Concurrent Process Non-Strong References 2.250ms
[393.847s][info][gc,phases   ] GC(2173) Concurrent Reset Relocation Set 0.002ms
[393.847s][info][gc          ] Allocation Stall (Executor task launch worker for task 42.0 in stage 81.0 (TID 1367)) 20.802ms
[393.847s][info][gc          ] Allocation Stall (Executor task launch worker for task 0.0 in stage 81.0 (TID 1358)) 20.861ms
[393.847s][info][gc          ] Allocation Stall (Executor task launch worker for task 35.0 in stage 81.0 (TID 1366)) 20.933ms
[393.847s][info][gc          ] Allocation Stall (Executor task launch worker for task 11.0 in stage 81.0 (TID 1360)) 20.813ms
[393.847s][info][gc          ] Allocation Stall (Executor task launch worker for task 45.0 in stage 81.0 (TID 1369)) 20.947ms
[393.847s][info][gc          ] Allocation Stall (Executor task launch worker for task 44.0 in stage 81.0 (TID 1368)) 20.804ms
[393.847s][info][gc          ] Allocation Stall (Executor task launch worker for task 20.0 in stage 81.0 (TID 1363)) 20.812ms
[393.847s][info][gc          ] Allocation Stall (Executor task launch worker for task 24.0 in stage 81.0 (TID 1364)) 20.947ms
[393.847s][info][gc          ] Allocation Stall (Executor task launch worker for task 19.0 in stage 81.0 (TID 1362)) 20.903ms
[393.847s][info][gc          ] Allocation Stall (Executor task launch worker for task 14.0 in stage 81.0 (TID 1361)) 20.898ms
[393.847s][info][gc          ] Allocation Stall (Executor task launch worker for task 46.0 in stage 81.0 (TID 1370)) 20.945ms
[393.847s][info][gc          ] Allocation Stall (Executor task launch worker for task 30.0 in stage 81.0 (TID 1365)) 20.592ms
[393.847s][info][gc          ] Allocation Stall (Executor task launch worker for task 3.0 in stage 81.0 (TID 1359)) 20.606ms
[393.852s][info][gc,phases   ] GC(2173) Concurrent Select Relocation Set 4.127ms
[393.852s][info][gc,phases   ] GC(2173) Pause Relocate Start 0.008ms
[393.853s][info][gc,phases   ] GC(2173) Concurrent Relocate 1.143ms
[393.853s][info][gc,load     ] GC(2173) Load: 0.00/0.00/0.00
[393.853s][info][gc,mmu      ] GC(2173) MMU: 2ms/86.2%, 5ms/94.5%, 10ms/97.2%, 20ms/98.6%, 50ms/99.4%, 100ms/99.6%
[393.853s][info][gc,marking  ] GC(2173) Mark: 8 stripe(s), 2 proactive flush(es), 1 terminate flush(es), 0 completion(s), 0 continuation(s) 
[393.853s][info][gc,marking  ] GC(2173) Mark Stack Usage: 32M
[393.853s][info][gc,nmethod  ] GC(2173) NMethods: 8067 registered, 1233 unregistered
[393.853s][info][gc,metaspace] GC(2173) Metaspace: 120M used, 123M committed, 1152M reserved
[393.853s][info][gc,ref      ] GC(2173) Soft: 2842 encountered, 349 discovered, 0 enqueued
[393.853s][info][gc,ref      ] GC(2173) Weak: 13663 encountered, 653 discovered, 0 enqueued
[393.853s][info][gc,ref      ] GC(2173) Final: 84 encountered, 0 discovered, 0 enqueued
[393.853s][info][gc,ref      ] GC(2173) Phantom: 751 encountered, 509 discovered, 0 enqueued
[393.853s][info][gc,reloc    ] GC(2173) Small Pages: 272 / 544M, Empty: 438M, Relocated: 3M, In-Place: 0
[393.853s][info][gc,reloc    ] GC(2173) Medium Pages: 47 / 1504M, Empty: 0M, Relocated: 0M, In-Place: 0
[393.853s][info][gc,reloc    ] GC(2173) Large Pages: 0 / 0M, Empty: 0M, Relocated: 0M, In-Place: 0
[393.853s][info][gc,reloc    ] GC(2173) Forwarding Usage: 0M
[393.853s][info][gc,heap     ] GC(2173) Min Capacity: 8M(0%)
[393.853s][info][gc,heap     ] GC(2173) Max Capacity: 2048M(100%)
[393.853s][info][gc,heap     ] GC(2173) Soft Max Capacity: 2048M(100%)
[393.853s][info][gc,heap     ] GC(2173)                Mark Start          Mark End        Relocate Start      Relocate End           High               Low         
[393.853s][info][gc,heap     ] GC(2173)  Capacity:     2048M (100%)       2048M (100%)       2048M (100%)       2048M (100%)       2048M (100%)       2048M (100%)   
[393.853s][info][gc,heap     ] GC(2173)      Free:        0M (0%)            0M (0%)          396M (19%)         404M (20%)         408M (20%)           0M (0%)     
[393.853s][info][gc,heap     ] GC(2173)      Used:     2048M (100%)       2048M (100%)       1652M (81%)        1644M (80%)        2048M (100%)       1640M (80%)    
[393.853s][info][gc,heap     ] GC(2173)      Live:         -              1376M (67%)        1376M (67%)        1376M (67%)            -                  -          
[393.853s][info][gc,heap     ] GC(2173) Allocated:         -                 0M (0%)           42M (2%)           53M (3%)             -                  -          
[393.853s][info][gc,heap     ] GC(2173)   Garbage:         -               671M (33%)         233M (11%)         213M (10%)            -                  -          
[393.853s][info][gc,heap     ] GC(2173) Reclaimed:         -                  -               438M (21%)         457M (22%)            -                  -          
[393.853s][info][gc          ] GC(2173) Garbage Collection (Allocation Stall) 2048M(100%)->1644M(80%)
[393.885s][info][gc,start    ] GC(2174) Garbage Collection (Allocation Stall)
[393.885s][info][gc,ref      ] GC(2174) Clearing All SoftReferences
[393.885s][info][gc,task     ] GC(2174) Using 12 workers
[393.885s][info][gc,ref      ] GC(2174) Clearing All SoftReferences
[393.885s][info][gc,phases   ] GC(2174) Pause Mark Start 0.053ms
[393.907s][info][gc,phases   ] GC(2174) Concurrent Mark 21.845ms
[393.908s][info][gc,phases   ] GC(2174) Pause Mark End 0.029ms
[393.908s][info][gc,phases   ] GC(2174) Concurrent Mark Free 0.001ms
[393.910s][info][gc,phases   ] GC(2174) Concurrent Process Non-Strong References 2.689ms
[393.910s][info][gc,phases   ] GC(2174) Concurrent Reset Relocation Set 0.003ms
[393.910s][info][gc          ] Allocation Stall (Executor task launch worker for task 44.0 in stage 81.0 (TID 1368)) 24.860ms
[393.910s][info][gc          ] Allocation Stall (Executor task launch worker for task 42.0 in stage 81.0 (TID 1367)) 25.090ms
[393.910s][info][gc          ] Allocation Stall (Executor task launch worker for task 0.0 in stage 81.0 (TID 1358)) 24.863ms
[393.910s][info][gc          ] Allocation Stall (Executor task launch worker for task 35.0 in stage 81.0 (TID 1366)) 25.073ms
[393.910s][info][gc          ] Allocation Stall (Executor task launch worker for task 11.0 in stage 81.0 (TID 1360)) 25.251ms
[393.910s][info][gc          ] Allocation Stall (Executor task launch worker for task 46.0 in stage 81.0 (TID 1370)) 25.041ms
[393.910s][info][gc          ] Allocation Stall (Executor task launch worker for task 19.0 in stage 81.0 (TID 1362)) 24.875ms
[393.910s][info][gc          ] Allocation Stall (Executor task launch worker for task 45.0 in stage 81.0 (TID 1369)) 24.846ms
[393.910s][info][gc          ] Allocation Stall (Executor task launch worker for task 3.0 in stage 81.0 (TID 1359)) 24.873ms
[393.910s][info][gc          ] Allocation Stall (Executor task launch worker for task 20.0 in stage 81.0 (TID 1363)) 25.071ms
[393.910s][info][gc          ] Allocation Stall (Spark Context Cleaner) 18.659ms
[393.910s][info][gc          ] Allocation Stall (Executor task launch worker for task 24.0 in stage 81.0 (TID 1364)) 25.108ms
[393.910s][info][gc          ] Allocation Stall (Executor task launch worker for task 14.0 in stage 81.0 (TID 1361)) 25.099ms
[393.910s][info][gc          ] Allocation Stall (Executor task launch worker for task 30.0 in stage 81.0 (TID 1365)) 25.077ms
[393.914s][info][gc,phases   ] GC(2174) Concurrent Select Relocation Set 4.113ms
[393.915s][info][gc,phases   ] GC(2174) Pause Relocate Start 0.010ms
[393.916s][info][gc,phases   ] GC(2174) Concurrent Relocate 1.154ms
[393.916s][info][gc,load     ] GC(2174) Load: 0.00/0.00/0.00
[393.916s][info][gc,mmu      ] GC(2174) MMU: 2ms/86.2%, 5ms/94.5%, 10ms/97.2%, 20ms/98.6%, 50ms/99.4%, 100ms/99.6%
[393.916s][info][gc,marking  ] GC(2174) Mark: 8 stripe(s), 2 proactive flush(es), 1 terminate flush(es), 0 completion(s), 0 continuation(s) 
[393.916s][info][gc,marking  ] GC(2174) Mark Stack Usage: 32M
[393.916s][info][gc,nmethod  ] GC(2174) NMethods: 8067 registered, 1233 unregistered
[393.916s][info][gc,metaspace] GC(2174) Metaspace: 120M used, 123M committed, 1152M reserved
[393.916s][info][gc,ref      ] GC(2174) Soft: 2842 encountered, 838 discovered, 0 enqueued
[393.916s][info][gc,ref      ] GC(2174) Weak: 13663 encountered, 1706 discovered, 1 enqueued
[393.916s][info][gc,ref      ] GC(2174) Final: 84 encountered, 4 discovered, 0 enqueued
[393.916s][info][gc,ref      ] GC(2174) Phantom: 751 encountered, 585 discovered, 0 enqueued
[393.916s][info][gc,reloc    ] GC(2174) Small Pages: 272 / 544M, Empty: 430M, Relocated: 3M, In-Place: 0
[393.916s][info][gc,reloc    ] GC(2174) Medium Pages: 47 / 1504M, Empty: 0M, Relocated: 0M, In-Place: 0
[393.916s][info][gc,reloc    ] GC(2174) Large Pages: 0 / 0M, Empty: 0M, Relocated: 0M, In-Place: 0
[393.916s][info][gc,reloc    ] GC(2174) Forwarding Usage: 0M
[393.916s][info][gc,heap     ] GC(2174) Min Capacity: 8M(0%)
[393.916s][info][gc,heap     ] GC(2174) Max Capacity: 2048M(100%)
[393.916s][info][gc,heap     ] GC(2174) Soft Max Capacity: 2048M(100%)
[393.916s][info][gc,heap     ] GC(2174)                Mark Start          Mark End        Relocate Start      Relocate End           High               Low         
[393.916s][info][gc,heap     ] GC(2174)  Capacity:     2048M (100%)       2048M (100%)       2048M (100%)       2048M (100%)       2048M (100%)       2048M (100%)   
[393.917s][info][gc,heap     ] GC(2174)      Free:        0M (0%)            0M (0%)          396M (19%)         412M (20%)         414M (20%)           0M (0%)     
[393.917s][info][gc,heap     ] GC(2174)      Used:     2048M (100%)       2048M (100%)       1652M (81%)        1636M (80%)        2048M (100%)       1634M (80%)    
[393.917s][info][gc,heap     ] GC(2174)      Live:         -              1376M (67%)        1376M (67%)        1376M (67%)            -                  -          
[393.917s][info][gc,heap     ] GC(2174) Allocated:         -                 0M (0%)           34M (2%)           45M (2%)             -                  -          
[393.917s][info][gc,heap     ] GC(2174)   Garbage:         -               671M (33%)         241M (12%)         213M (10%)            -                  -          
[393.917s][info][gc,heap     ] GC(2174) Reclaimed:         -                  -               430M (21%)         457M (22%)            -                  -          
[393.917s][info][gc          ] GC(2174) Garbage Collection (Allocation Stall) 2048M(100%)->1636M(80%)
[393.943s][info][gc,start    ] GC(2175) Garbage Collection (Allocation Stall)
[393.943s][info][gc,ref      ] GC(2175) Clearing All SoftReferences
[393.943s][info][gc,task     ] GC(2175) Using 12 workers
[393.943s][info][gc,ref      ] GC(2175) Clearing All SoftReferences
[393.943s][info][gc,phases   ] GC(2175) Pause Mark Start 0.039ms
[393.970s][info][gc,phases   ] GC(2175) Concurrent Mark 26.328ms
[393.970s][info][gc,phases   ] GC(2175) Pause Mark End 0.019ms
[393.970s][info][gc,phases   ] GC(2175) Concurrent Mark Free 0.001ms
[393.973s][info][gc,phases   ] GC(2175) Concurrent Process Non-Strong References 2.778ms
[393.973s][info][gc,phases   ] GC(2175) Concurrent Reset Relocation Set 0.003ms
[393.973s][info][gc          ] Allocation Stall (Executor task launch worker for task 35.0 in stage 81.0 (TID 1366)) 29.628ms
[393.973s][info][gc          ] Allocation Stall (Executor task launch worker for task 19.0 in stage 81.0 (TID 1362)) 29.592ms
[393.973s][info][gc          ] Allocation Stall (Executor task launch worker for task 24.0 in stage 81.0 (TID 1364)) 29.382ms
[393.973s][info][gc          ] Allocation Stall (Executor task launch worker for task 46.0 in stage 81.0 (TID 1370)) 29.383ms
[393.973s][info][gc          ] Allocation Stall (Executor task launch worker for task 44.0 in stage 81.0 (TID 1368)) 29.754ms
[393.973s][info][gc          ] Allocation Stall (Executor task launch worker for task 42.0 in stage 81.0 (TID 1367)) 29.386ms
[393.973s][info][gc          ] Allocation Stall (Executor task launch worker for task 30.0 in stage 81.0 (TID 1365)) 29.381ms
[393.973s][info][gc          ] Allocation Stall (Executor task launch worker for task 45.0 in stage 81.0 (TID 1369)) 29.621ms
[393.973s][info][gc          ] Allocation Stall (Executor task launch worker for task 0.0 in stage 81.0 (TID 1358)) 29.583ms
[393.973s][info][gc          ] Allocation Stall (Executor task launch worker for task 20.0 in stage 81.0 (TID 1363)) 29.598ms
[393.973s][info][gc          ] Allocation Stall (Executor task launch worker for task 14.0 in stage 81.0 (TID 1361)) 29.388ms
[393.973s][info][gc          ] Allocation Stall (Executor task launch worker for task 3.0 in stage 81.0 (TID 1359)) 29.387ms
[393.973s][info][gc          ] Allocation Stall (Executor task launch worker for task 11.0 in stage 81.0 (TID 1360)) 29.401ms
[393.976s][info][gc,phases   ] GC(2175) Concurrent Select Relocation Set 2.998ms
[393.976s][info][gc,phases   ] GC(2175) Pause Relocate Start 0.009ms
[393.977s][info][gc,phases   ] GC(2175) Concurrent Relocate 1.172ms
[393.977s][info][gc,load     ] GC(2175) Load: 0.00/0.00/0.00
[393.977s][info][gc,mmu      ] GC(2175) MMU: 2ms/86.2%, 5ms/94.5%, 10ms/97.2%, 20ms/98.6%, 50ms/99.4%, 100ms/99.6%
[393.977s][info][gc,marking  ] GC(2175) Mark: 8 stripe(s), 2 proactive flush(es), 1 terminate flush(es), 0 completion(s), 0 continuation(s) 
[393.977s][info][gc,marking  ] GC(2175) Mark Stack Usage: 32M
[393.977s][info][gc,nmethod  ] GC(2175) NMethods: 8067 registered, 1233 unregistered
[393.977s][info][gc,metaspace] GC(2175) Metaspace: 120M used, 123M committed, 1152M reserved
[393.977s][info][gc,ref      ] GC(2175) Soft: 2842 encountered, 638 discovered, 0 enqueued
[393.977s][info][gc,ref      ] GC(2175) Weak: 13663 encountered, 1057 discovered, 1 enqueued
[393.978s][info][gc,ref      ] GC(2175) Final: 84 encountered, 1 discovered, 0 enqueued
[393.978s][info][gc,ref      ] GC(2175) Phantom: 751 encountered, 640 discovered, 0 enqueued
[393.978s][info][gc,reloc    ] GC(2175) Small Pages: 272 / 544M, Empty: 432M, Relocated: 3M, In-Place: 0
[393.978s][info][gc,reloc    ] GC(2175) Medium Pages: 47 / 1504M, Empty: 0M, Relocated: 0M, In-Place: 0
[393.978s][info][gc,reloc    ] GC(2175) Large Pages: 0 / 0M, Empty: 0M, Relocated: 0M, In-Place: 0
[393.978s][info][gc,reloc    ] GC(2175) Forwarding Usage: 0M
[393.978s][info][gc,heap     ] GC(2175) Min Capacity: 8M(0%)
[393.978s][info][gc,heap     ] GC(2175) Max Capacity: 2048M(100%)
[393.978s][info][gc,heap     ] GC(2175) Soft Max Capacity: 2048M(100%)
[393.978s][info][gc,heap     ] GC(2175)                Mark Start          Mark End        Relocate Start      Relocate End           High               Low         
[393.978s][info][gc,heap     ] GC(2175)  Capacity:     2048M (100%)       2048M (100%)       2048M (100%)       2048M (100%)       2048M (100%)       2048M (100%)   
[393.978s][info][gc,heap     ] GC(2175)      Free:        0M (0%)            0M (0%)          400M (20%)         414M (20%)         418M (20%)           0M (0%)     
[393.978s][info][gc,heap     ] GC(2175)      Used:     2048M (100%)       2048M (100%)       1648M (80%)        1634M (80%)        2048M (100%)       1630M (80%)    
[393.978s][info][gc,heap     ] GC(2175)      Live:         -              1376M (67%)        1376M (67%)        1376M (67%)            -                  -          
[393.978s][info][gc,heap     ] GC(2175) Allocated:         -                 0M (0%)           32M (2%)           43M (2%)             -                  -          
[393.978s][info][gc,heap     ] GC(2175)   Garbage:         -               671M (33%)         239M (12%)         213M (10%)            -                  -          
[393.978s][info][gc,heap     ] GC(2175) Reclaimed:         -                  -               432M (21%)         457M (22%)            -                  -          
[393.978s][info][gc          ] GC(2175) Garbage Collection (Allocation Stall) 2048M(100%)->1634M(80%)
[394.007s][info][gc,start    ] GC(2176) Garbage Collection (Allocation Stall)
[394.007s][info][gc,ref      ] GC(2176) Clearing All SoftReferences
[394.007s][info][gc,task     ] GC(2176) Using 12 workers
[394.007s][info][gc,ref      ] GC(2176) Clearing All SoftReferences
[394.007s][info][gc,phases   ] GC(2176) Pause Mark Start 0.045ms
[394.022s][info][gc,phases   ] GC(2176) Concurrent Mark 15.143ms
[394.022s][info][gc,phases   ] GC(2176) Pause Mark End 0.017ms
[394.022s][info][gc,phases   ] GC(2176) Concurrent Mark Free 0.001ms
[394.025s][info][gc,phases   ] GC(2176) Concurrent Process Non-Strong References 2.209ms
[394.025s][info][gc,phases   ] GC(2176) Concurrent Reset Relocation Set 0.004ms
[394.025s][info][gc          ] Allocation Stall (Executor task launch worker for task 0.0 in stage 81.0 (TID 1358)) 17.571ms
[394.025s][info][gc          ] Allocation Stall (Executor task launch worker for task 30.0 in stage 81.0 (TID 1365)) 17.968ms
[394.025s][info][gc          ] Allocation Stall (Executor task launch worker for task 3.0 in stage 81.0 (TID 1359)) 17.628ms
[394.025s][info][gc          ] Allocation Stall (Executor task launch worker for task 45.0 in stage 81.0 (TID 1369)) 17.601ms
[394.025s][info][gc          ] Allocation Stall (Executor task launch worker for task 24.0 in stage 81.0 (TID 1364)) 17.636ms
[394.025s][info][gc          ] Allocation Stall (Executor task launch worker for task 46.0 in stage 81.0 (TID 1370)) 17.632ms
[394.025s][info][gc          ] Allocation Stall (Executor task launch worker for task 42.0 in stage 81.0 (TID 1367)) 17.636ms
[394.025s][info][gc          ] Allocation Stall (Executor task launch worker for task 35.0 in stage 81.0 (TID 1366)) 17.640ms
[394.025s][info][gc          ] Allocation Stall (Executor task launch worker for task 44.0 in stage 81.0 (TID 1368)) 17.642ms
[394.025s][info][gc          ] Allocation Stall (Executor task launch worker for task 11.0 in stage 81.0 (TID 1360)) 17.637ms
[394.025s][info][gc          ] Allocation Stall (Executor task launch worker for task 19.0 in stage 81.0 (TID 1362)) 17.639ms
[394.025s][info][gc          ] Allocation Stall (Executor task launch worker for task 14.0 in stage 81.0 (TID 1361)) 17.642ms
[394.025s][info][gc          ] Allocation Stall (Executor task launch worker for task 20.0 in stage 81.0 (TID 1363)) 17.604ms
[394.025s][info][gc          ] Allocation Stall (Spark Context Cleaner) 2.439ms
[394.029s][info][gc,phases   ] GC(2176) Concurrent Select Relocation Set 4.065ms
[394.029s][info][gc,phases   ] GC(2176) Pause Relocate Start 0.007ms
[394.030s][info][gc,phases   ] GC(2176) Concurrent Relocate 0.903ms
[394.030s][info][gc,load     ] GC(2176) Load: 0.00/0.00/0.00
[394.030s][info][gc,mmu      ] GC(2176) MMU: 2ms/86.2%, 5ms/94.5%, 10ms/97.2%, 20ms/98.6%, 50ms/99.4%, 100ms/99.6%
[394.030s][info][gc,marking  ] GC(2176) Mark: 8 stripe(s), 2 proactive flush(es), 1 terminate flush(es), 0 completion(s), 0 continuation(s) 
[394.030s][info][gc,marking  ] GC(2176) Mark Stack Usage: 32M
[394.030s][info][gc,nmethod  ] GC(2176) NMethods: 8067 registered, 1233 unregistered
[394.030s][info][gc,metaspace] GC(2176) Metaspace: 120M used, 123M committed, 1152M reserved
[394.030s][info][gc,ref      ] GC(2176) Soft: 2842 encountered, 623 discovered, 0 enqueued
[394.030s][info][gc,ref      ] GC(2176) Weak: 13662 encountered, 895 discovered, 1 enqueued
[394.030s][info][gc,ref      ] GC(2176) Final: 84 encountered, 22 discovered, 0 enqueued
[394.030s][info][gc,ref      ] GC(2176) Phantom: 751 encountered, 474 discovered, 0 enqueued
[394.030s][info][gc,reloc    ] GC(2176) Small Pages: 272 / 544M, Empty: 428M, Relocated: 3M, In-Place: 0
[394.030s][info][gc,reloc    ] GC(2176) Medium Pages: 47 / 1504M, Empty: 0M, Relocated: 0M, In-Place: 0
[394.030s][info][gc,reloc    ] GC(2176) Large Pages: 0 / 0M, Empty: 0M, Relocated: 0M, In-Place: 0
[394.030s][info][gc,reloc    ] GC(2176) Forwarding Usage: 0M
[394.030s][info][gc,heap     ] GC(2176) Min Capacity: 8M(0%)
[394.030s][info][gc,heap     ] GC(2176) Max Capacity: 2048M(100%)
[394.030s][info][gc,heap     ] GC(2176) Soft Max Capacity: 2048M(100%)
[394.030s][info][gc,heap     ] GC(2176)                Mark Start          Mark End        Relocate Start      Relocate End           High               Low         
[394.030s][info][gc,heap     ] GC(2176)  Capacity:     2048M (100%)       2048M (100%)       2048M (100%)       2048M (100%)       2048M (100%)       2048M (100%)   
[394.030s][info][gc,heap     ] GC(2176)      Free:        0M (0%)            0M (0%)          372M (18%)         394M (19%)         394M (19%)           0M (0%)     
[394.030s][info][gc,heap     ] GC(2176)      Used:     2048M (100%)       2048M (100%)       1676M (82%)        1654M (81%)        2048M (100%)       1654M (81%)    
[394.031s][info][gc,heap     ] GC(2176)      Live:         -              1352M (66%)        1352M (66%)        1352M (66%)            -                  -          
[394.031s][info][gc,heap     ] GC(2176) Allocated:         -                 0M (0%)           56M (3%)           63M (3%)             -                  -          
[394.031s][info][gc,heap     ] GC(2176)   Garbage:         -               695M (34%)         267M (13%)         237M (12%)            -                  -          
[394.031s][info][gc,heap     ] GC(2176) Reclaimed:         -                  -               428M (21%)         457M (22%)            -                  -          
[394.031s][info][gc          ] GC(2176) Garbage Collection (Allocation Stall) 2048M(100%)->1654M(81%)
[394.051s][info][gc,start    ] GC(2177) Garbage Collection (Allocation Stall)
[394.051s][info][gc,ref      ] GC(2177) Clearing All SoftReferences
[394.051s][info][gc,task     ] GC(2177) Using 12 workers
[394.051s][info][gc,ref      ] GC(2177) Clearing All SoftReferences
[394.051s][info][gc,phases   ] GC(2177) Pause Mark Start 0.038ms
[394.082s][info][gc,phases   ] GC(2177) Concurrent Mark 31.049ms
[394.082s][info][gc,phases   ] GC(2177) Pause Mark End 0.019ms
[394.082s][info][gc,phases   ] GC(2177) Concurrent Mark Free 0.001ms
[394.105s][info][gc,phases   ] GC(2177) Concurrent Process Non-Strong References 23.018ms
[394.105s][info][gc,phases   ] GC(2177) Concurrent Reset Relocation Set 0.003ms
[394.105s][info][gc          ] Allocation Stall (Executor task launch worker for task 3.0 in stage 81.0 (TID 1359)) 37.963ms
[394.105s][info][gc          ] Allocation Stall (Executor task launch worker for task 20.0 in stage 81.0 (TID 1363)) 38.154ms
[394.105s][info][gc          ] Allocation Stall (Executor task launch worker for task 24.0 in stage 81.0 (TID 1364)) 38.094ms
[394.105s][info][gc          ] Allocation Stall (Executor task launch worker for task 30.0 in stage 81.0 (TID 1365)) 38.210ms
[394.105s][info][gc          ] Allocation Stall (Executor task launch worker for task 14.0 in stage 81.0 (TID 1361)) 37.950ms
[394.105s][info][gc          ] Allocation Stall (Executor task launch worker for task 35.0 in stage 81.0 (TID 1366)) 38.160ms
[394.105s][info][gc          ] Allocation Stall (Executor task launch worker for task 19.0 in stage 81.0 (TID 1362)) 38.013ms
[394.105s][info][gc          ] Allocation Stall (Executor task launch worker for task 45.0 in stage 81.0 (TID 1369)) 38.221ms
[394.105s][info][gc          ] Allocation Stall (Executor task launch worker for task 42.0 in stage 81.0 (TID 1367)) 37.849ms
[394.105s][info][gc          ] Allocation Stall (Executor task launch worker for task 44.0 in stage 81.0 (TID 1368)) 37.937ms
[394.105s][info][gc          ] Allocation Stall (Executor task launch worker for task 46.0 in stage 81.0 (TID 1370)) 36.165ms
[394.105s][info][gc          ] Allocation Stall (Executor task launch worker for task 11.0 in stage 81.0 (TID 1360)) 37.947ms
[394.108s][info][gc,phases   ] GC(2177) Concurrent Select Relocation Set 2.550ms
[394.108s][info][gc,phases   ] GC(2177) Pause Relocate Start 0.006ms
[394.110s][info][gc,phases   ] GC(2177) Concurrent Relocate 1.499ms
[394.110s][info][gc,load     ] GC(2177) Load: 0.00/0.00/0.00
[394.110s][info][gc,mmu      ] GC(2177) MMU: 2ms/86.2%, 5ms/94.5%, 10ms/97.2%, 20ms/98.6%, 50ms/99.4%, 100ms/99.6%
[394.110s][info][gc,marking  ] GC(2177) Mark: 8 stripe(s), 4 proactive flush(es), 1 terminate flush(es), 0 completion(s), 0 continuation(s) 
[394.110s][info][gc,marking  ] GC(2177) Mark Stack Usage: 32M
[394.110s][info][gc,nmethod  ] GC(2177) NMethods: 8067 registered, 1233 unregistered
[394.110s][info][gc,metaspace] GC(2177) Metaspace: 120M used, 123M committed, 1152M reserved
[394.110s][info][gc,ref      ] GC(2177) Soft: 2876 encountered, 692 discovered, 26 enqueued
[394.110s][info][gc,ref      ] GC(2177) Weak: 13668 encountered, 2744 discovered, 12 enqueued
[394.110s][info][gc,ref      ] GC(2177) Final: 84 encountered, 1 discovered, 0 enqueued
[394.110s][info][gc,ref      ] GC(2177) Phantom: 751 encountered, 453 discovered, 0 enqueued
[394.110s][info][gc,reloc    ] GC(2177) Small Pages: 229 / 458M, Empty: 334M, Relocated: 3M, In-Place: 0
[394.110s][info][gc,reloc    ] GC(2177) Medium Pages: 47 / 1504M, Empty: 0M, Relocated: 0M, In-Place: 0
[394.110s][info][gc,reloc    ] GC(2177) Large Pages: 0 / 0M, Empty: 0M, Relocated: 0M, In-Place: 0
[394.110s][info][gc,reloc    ] GC(2177) Forwarding Usage: 0M
[394.110s][info][gc,heap     ] GC(2177) Min Capacity: 8M(0%)
[394.110s][info][gc,heap     ] GC(2177) Max Capacity: 2048M(100%)
[394.110s][info][gc,heap     ] GC(2177) Soft Max Capacity: 2048M(100%)
[394.110s][info][gc,heap     ] GC(2177)                Mark Start          Mark End        Relocate Start      Relocate End           High               Low         
[394.110s][info][gc,heap     ] GC(2177)  Capacity:     2048M (100%)       2048M (100%)       2048M (100%)       2048M (100%)       2048M (100%)       2048M (100%)   
[394.110s][info][gc,heap     ] GC(2177)      Free:       86M (4%)            0M (0%)          322M (16%)         352M (17%)         352M (17%)           0M (0%)     
[394.110s][info][gc,heap     ] GC(2177)      Used:     1962M (96%)        2048M (100%)       1726M (84%)        1696M (83%)        2048M (100%)       1696M (83%)    
[394.110s][info][gc,heap     ] GC(2177)      Live:         -              1352M (66%)        1352M (66%)        1352M (66%)            -                  -          
[394.110s][info][gc,heap     ] GC(2177) Allocated:         -                86M (4%)           98M (5%)          105M (5%)             -                  -          
[394.110s][info][gc,heap     ] GC(2177)   Garbage:         -               609M (30%)         275M (13%)         237M (12%)            -                  -          
[394.110s][info][gc,heap     ] GC(2177) Reclaimed:         -                  -               334M (16%)         371M (18%)            -                  -          
[394.110s][info][gc          ] GC(2177) Garbage Collection (Allocation Stall) 1962M(96%)->1696M(83%)
[394.144s][info][gc,start    ] GC(2178) Garbage Collection (Allocation Stall)
[394.144s][info][gc,ref      ] GC(2178) Clearing All SoftReferences
[394.144s][info][gc,task     ] GC(2178) Using 12 workers
[394.144s][info][gc,ref      ] GC(2178) Clearing All SoftReferences
[394.145s][info][gc,phases   ] GC(2178) Pause Mark Start 0.052ms
[394.160s][info][gc,phases   ] GC(2178) Concurrent Mark 15.539ms
[394.160s][info][gc,phases   ] GC(2178) Pause Mark End 0.018ms
[394.160s][info][gc,phases   ] GC(2178) Concurrent Mark Free 0.001ms
[394.188s][info][gc,phases   ] GC(2178) Concurrent Process Non-Strong References 27.564ms
[394.188s][info][gc,phases   ] GC(2178) Concurrent Reset Relocation Set 0.004ms
[394.188s][info][gc          ] Allocation Stall (Executor task launch worker for task 11.0 in stage 81.0 (TID 1360)) 43.749ms
[394.188s][info][gc          ] Allocation Stall (Executor task launch worker for task 30.0 in stage 81.0 (TID 1365)) 43.793ms
[394.188s][info][gc          ] Allocation Stall (Executor task launch worker for task 20.0 in stage 81.0 (TID 1363)) 43.741ms
[394.188s][info][gc          ] Allocation Stall (Executor task launch worker for task 45.0 in stage 81.0 (TID 1369)) 43.704ms
[394.188s][info][gc          ] Allocation Stall (Executor task launch worker for task 44.0 in stage 81.0 (TID 1368)) 43.805ms
[394.188s][info][gc          ] Allocation Stall (Executor task launch worker for task 24.0 in stage 81.0 (TID 1364)) 43.726ms
[394.188s][info][gc          ] Allocation Stall (Executor task launch worker for task 42.0 in stage 81.0 (TID 1367)) 43.792ms
[394.188s][info][gc          ] Allocation Stall (Executor task launch worker for task 14.0 in stage 81.0 (TID 1361)) 43.849ms
[394.188s][info][gc          ] Allocation Stall (Executor task launch worker for task 3.0 in stage 81.0 (TID 1359)) 43.786ms
[394.188s][info][gc          ] Allocation Stall (Executor task launch worker for task 35.0 in stage 81.0 (TID 1366)) 43.706ms
[394.188s][info][gc          ] Allocation Stall (Executor task launch worker for task 19.0 in stage 81.0 (TID 1362)) 43.474ms
[394.192s][info][gc,phases   ] GC(2178) Concurrent Select Relocation Set 3.985ms
[394.192s][info][gc,phases   ] GC(2178) Pause Relocate Start 0.011ms
[394.216s][info][gc,phases   ] GC(2178) Concurrent Relocate 23.236ms
[394.216s][info][gc,load     ] GC(2178) Load: 0.00/0.00/0.00
[394.216s][info][gc,mmu      ] GC(2178) MMU: 2ms/86.2%, 5ms/94.5%, 10ms/97.2%, 20ms/98.6%, 50ms/99.4%, 100ms/99.6%
[394.216s][info][gc,marking  ] GC(2178) Mark: 8 stripe(s), 2 proactive flush(es), 1 terminate flush(es), 0 completion(s), 0 continuation(s) 
[394.216s][info][gc,marking  ] GC(2178) Mark Stack Usage: 32M
[394.216s][info][gc,nmethod  ] GC(2178) NMethods: 8067 registered, 1233 unregistered
[394.216s][info][gc,metaspace] GC(2178) Metaspace: 120M used, 123M committed, 1152M reserved
[394.216s][info][gc,ref      ] GC(2178) Soft: 2892 encountered, 692 discovered, 54 enqueued
[394.216s][info][gc,ref      ] GC(2178) Weak: 13724 encountered, 1180 discovered, 32 enqueued
[394.216s][info][gc,ref      ] GC(2178) Final: 84 encountered, 1 discovered, 0 enqueued
[394.216s][info][gc,ref      ] GC(2178) Phantom: 751 encountered, 572 discovered, 0 enqueued
[394.216s][info][gc,reloc    ] GC(2178) Small Pages: 272 / 544M, Empty: 412M, Relocated: 6M, In-Place: 0
[394.216s][info][gc,reloc    ] GC(2178) Medium Pages: 47 / 1504M, Empty: 0M, Relocated: 50M, In-Place: 0
[394.216s][info][gc,reloc    ] GC(2178) Large Pages: 0 / 0M, Empty: 0M, Relocated: 0M, In-Place: 0
[394.216s][info][gc,reloc    ] GC(2178) Forwarding Usage: 1M
[394.216s][info][gc,heap     ] GC(2178) Min Capacity: 8M(0%)
[394.216s][info][gc,heap     ] GC(2178) Max Capacity: 2048M(100%)
[394.216s][info][gc,heap     ] GC(2178) Soft Max Capacity: 2048M(100%)
[394.216s][info][gc,heap     ] GC(2178)                Mark Start          Mark End        Relocate Start      Relocate End           High               Low         
[394.216s][info][gc,heap     ] GC(2178)  Capacity:     2048M (100%)       2048M (100%)       2048M (100%)       2048M (100%)       2048M (100%)       2048M (100%)   
[394.216s][info][gc,heap     ] GC(2178)      Free:        0M (0%)            0M (0%)          392M (19%)         328M (16%)         396M (19%)           0M (0%)     
[394.216s][info][gc,heap     ] GC(2178)      Used:     2048M (100%)       2048M (100%)       1656M (81%)        1720M (84%)        2048M (100%)       1652M (81%)    
[394.216s][info][gc,heap     ] GC(2178)      Live:         -              1320M (64%)        1320M (64%)        1320M (64%)            -                  -          
[394.216s][info][gc,heap     ] GC(2178) Allocated:         -                 0M (0%)           20M (1%)          186M (9%)             -                  -          
[394.216s][info][gc,heap     ] GC(2178)   Garbage:         -               727M (36%)         315M (15%)         212M (10%)            -                  -          
[394.216s][info][gc,heap     ] GC(2178) Reclaimed:         -                  -               412M (20%)         514M (25%)            -                  -          
[394.216s][info][gc          ] GC(2178) Garbage Collection (Allocation Stall) 2048M(100%)->1720M(84%)
[394.247s][info][gc,start    ] GC(2179) Garbage Collection (Allocation Stall)
[394.248s][info][gc,ref      ] GC(2179) Clearing All SoftReferences
[394.248s][info][gc,task     ] GC(2179) Using 12 workers
[394.248s][info][gc,ref      ] GC(2179) Clearing All SoftReferences
[394.248s][info][gc,phases   ] GC(2179) Pause Mark Start 0.042ms
[394.279s][info][gc,phases   ] GC(2179) Concurrent Mark 30.640ms
[394.279s][info][gc,phases   ] GC(2179) Pause Mark End 0.026ms
[394.279s][info][gc,phases   ] GC(2179) Concurrent Mark Free 0.001ms
[394.302s][info][gc,phases   ] GC(2179) Concurrent Process Non-Strong References 23.262ms
[394.302s][info][gc,phases   ] GC(2179) Concurrent Reset Relocation Set 0.005ms
[394.302s][info][gc          ] Allocation Stall (Executor task launch worker for task 24.0 in stage 81.0 (TID 1364)) 7.039ms
[394.302s][info][gc          ] Allocation Stall (Executor task launch worker for task 11.0 in stage 81.0 (TID 1360)) 6.919ms
[394.302s][info][gc          ] Allocation Stall (Executor task launch worker for task 42.0 in stage 81.0 (TID 1367)) 6.977ms
[394.302s][info][gc          ] Allocation Stall (Executor task launch worker for task 20.0 in stage 81.0 (TID 1363)) 7.059ms
[394.302s][info][gc          ] Allocation Stall (Executor task launch worker for task 44.0 in stage 81.0 (TID 1368)) 6.851ms
[394.302s][info][gc          ] Allocation Stall (Executor task launch worker for task 35.0 in stage 81.0 (TID 1366)) 6.841ms
[394.302s][info][gc          ] Allocation Stall (Executor task launch worker for task 45.0 in stage 81.0 (TID 1369)) 7.057ms
[394.305s][info][gc,phases   ] GC(2179) Concurrent Select Relocation Set 2.651ms
[394.305s][info][gc,phases   ] GC(2179) Pause Relocate Start 0.010ms
[394.340s][info][gc,phases   ] GC(2179) Concurrent Relocate 34.827ms
[394.340s][info][gc,load     ] GC(2179) Load: 0.00/0.00/0.00
[394.340s][info][gc,mmu      ] GC(2179) MMU: 2ms/86.2%, 5ms/94.5%, 10ms/97.2%, 20ms/98.6%, 50ms/99.4%, 100ms/99.6%
[394.340s][info][gc,marking  ] GC(2179) Mark: 8 stripe(s), 2 proactive flush(es), 1 terminate flush(es), 0 completion(s), 0 continuation(s) 
[394.340s][info][gc,marking  ] GC(2179) Mark Stack Usage: 32M
[394.340s][info][gc,nmethod  ] GC(2179) NMethods: 8039 registered, 1262 unregistered
[394.340s][info][gc,metaspace] GC(2179) Metaspace: 120M used, 123M committed, 1152M reserved
[394.340s][info][gc,ref      ] GC(2179) Soft: 2897 encountered, 743 discovered, 46 enqueued
[394.340s][info][gc,ref      ] GC(2179) Weak: 13731 encountered, 2139 discovered, 26 enqueued
[394.340s][info][gc,ref      ] GC(2179) Final: 84 encountered, 17 discovered, 0 enqueued
[394.340s][info][gc,ref      ] GC(2179) Phantom: 751 encountered, 550 discovered, 0 enqueued
[394.340s][info][gc,reloc    ] GC(2179) Small Pages: 223 / 446M, Empty: 302M, Relocated: 3M, In-Place: 0
[394.340s][info][gc,reloc    ] GC(2179) Medium Pages: 46 / 1472M, Empty: 0M, Relocated: 134M, In-Place: 0
[394.340s][info][gc,reloc    ] GC(2179) Large Pages: 0 / 0M, Empty: 0M, Relocated: 0M, In-Place: 0
[394.340s][info][gc,reloc    ] GC(2179) Forwarding Usage: 0M
[394.340s][info][gc,heap     ] GC(2179) Min Capacity: 8M(0%)
[394.340s][info][gc,heap     ] GC(2179) Max Capacity: 2048M(100%)
[394.340s][info][gc,heap     ] GC(2179) Soft Max Capacity: 2048M(100%)
[394.340s][info][gc,heap     ] GC(2179)                Mark Start          Mark End        Relocate Start      Relocate End           High               Low         
[394.340s][info][gc,heap     ] GC(2179)  Capacity:     2048M (100%)       2048M (100%)       2048M (100%)       2048M (100%)       2048M (100%)       2048M (100%)   
[394.340s][info][gc,heap     ] GC(2179)      Free:      130M (6%)           52M (3%)          288M (14%)         388M (19%)         388M (19%)           0M (0%)     
[394.340s][info][gc,heap     ] GC(2179)      Used:     1918M (94%)        1996M (97%)        1760M (86%)        1660M (81%)        2048M (100%)       1660M (81%)    
[394.340s][info][gc,heap     ] GC(2179)      Live:         -              1213M (59%)        1213M (59%)        1213M (59%)            -                  -          
[394.340s][info][gc,heap     ] GC(2179) Allocated:         -                78M (4%)          144M (7%)          266M (13%)            -                  -          
[394.340s][info][gc,heap     ] GC(2179)   Garbage:         -               704M (34%)         402M (20%)         180M (9%)             -                  -          
[394.340s][info][gc,heap     ] GC(2179) Reclaimed:         -                  -               302M (15%)         524M (26%)            -                  -          
[394.340s][info][gc          ] GC(2179) Garbage Collection (Allocation Stall) 1918M(94%)->1660M(81%)
[394.342s][info][gc,start    ] GC(2180) Garbage Collection (Allocation Stall)
[394.342s][info][gc,ref      ] GC(2180) Clearing All SoftReferences
[394.342s][info][gc,task     ] GC(2180) Using 12 workers
[394.342s][info][gc,ref      ] GC(2180) Clearing All SoftReferences
[394.342s][info][gc,phases   ] GC(2180) Pause Mark Start 0.027ms
[394.357s][info][gc,phases   ] GC(2180) Concurrent Mark 15.412ms
[394.358s][info][gc,phases   ] GC(2180) Pause Mark End 0.080ms
[394.358s][info][gc,phases   ] GC(2180) Concurrent Mark Free 0.000ms
[394.379s][info][gc,phases   ] GC(2180) Concurrent Process Non-Strong References 21.038ms
[394.379s][info][gc,phases   ] GC(2180) Concurrent Reset Relocation Set 0.006ms
[394.382s][info][gc,phases   ] GC(2180) Concurrent Select Relocation Set 3.081ms
[394.382s][info][gc,phases   ] GC(2180) Pause Relocate Start 0.010ms
[394.391s][info][gc,phases   ] GC(2180) Concurrent Relocate 9.048ms
[394.391s][info][gc,load     ] GC(2180) Load: 0.00/0.00/0.00
[394.391s][info][gc,mmu      ] GC(2180) MMU: 2ms/86.2%, 5ms/94.5%, 10ms/97.2%, 20ms/98.6%, 50ms/99.4%, 100ms/99.6%
[394.391s][info][gc,marking  ] GC(2180) Mark: 8 stripe(s), 2 proactive flush(es), 1 terminate flush(es), 1 completion(s), 0 continuation(s) 
[394.391s][info][gc,marking  ] GC(2180) Mark Stack Usage: 32M
[394.391s][info][gc,nmethod  ] GC(2180) NMethods: 8039 registered, 1264 unregistered
[394.391s][info][gc,metaspace] GC(2180) Metaspace: 120M used, 123M committed, 1152M reserved
[394.391s][info][gc,ref      ] GC(2180) Soft: 2877 encountered, 609 discovered, 23 enqueued
[394.391s][info][gc,ref      ] GC(2180) Weak: 13735 encountered, 2177 discovered, 20 enqueued
[394.391s][info][gc,ref      ] GC(2180) Final: 84 encountered, 1 discovered, 0 enqueued
[394.391s][info][gc,ref      ] GC(2180) Phantom: 751 encountered, 512 discovered, 0 enqueued
[394.391s][info][gc,reloc    ] GC(2180) Small Pages: 163 / 326M, Empty: 204M, Relocated: 3M, In-Place: 0
[394.391s][info][gc,reloc    ] GC(2180) Medium Pages: 42 / 1344M, Empty: 0M, Relocated: 137M, In-Place: 0
[394.391s][info][gc,reloc    ] GC(2180) Large Pages: 0 / 0M, Empty: 0M, Relocated: 0M, In-Place: 0
[394.391s][info][gc,reloc    ] GC(2180) Forwarding Usage: 0M
[394.391s][info][gc,heap     ] GC(2180) Min Capacity: 8M(0%)
[394.391s][info][gc,heap     ] GC(2180) Max Capacity: 2048M(100%)
[394.391s][info][gc,heap     ] GC(2180) Soft Max Capacity: 2048M(100%)
[394.391s][info][gc,heap     ] GC(2180)                Mark Start          Mark End        Relocate Start      Relocate End           High               Low         
[394.391s][info][gc,heap     ] GC(2180)  Capacity:     2048M (100%)       2048M (100%)       2048M (100%)       2048M (100%)       2048M (100%)       2048M (100%)   
[394.391s][info][gc,heap     ] GC(2180)      Free:      378M (18%)         320M (16%)         462M (23%)         608M (30%)         608M (30%)         260M (13%)    
[394.391s][info][gc,heap     ] GC(2180)      Used:     1670M (82%)        1728M (84%)        1586M (77%)        1440M (70%)        1788M (87%)        1440M (70%)    
[394.391s][info][gc,heap     ] GC(2180)      Live:         -              1129M (55%)        1129M (55%)        1129M (55%)            -                  -          
[394.391s][info][gc,heap     ] GC(2180) Allocated:         -                58M (3%)          120M (6%)          156M (8%)             -                  -          
[394.391s][info][gc,heap     ] GC(2180)   Garbage:         -               540M (26%)         336M (16%)         154M (8%)             -                  -          
[394.391s][info][gc,heap     ] GC(2180) Reclaimed:         -                  -               204M (10%)         386M (19%)            -                  -          
[394.391s][info][gc          ] GC(2180) Garbage Collection (Allocation Stall) 1670M(82%)->1440M(70%)
[394.447s][info][gc,start    ] GC(2181) Garbage Collection (Allocation Rate)
[394.447s][info][gc,task     ] GC(2181) Using 12 workers
[394.447s][info][gc,phases   ] GC(2181) Pause Mark Start 0.015ms
[394.478s][info][gc,phases   ] GC(2181) Concurrent Mark 30.824ms
[394.478s][info][gc,phases   ] GC(2181) Pause Mark End 0.024ms
[394.478s][info][gc,phases   ] GC(2181) Concurrent Mark Free 0.001ms
[394.482s][info][gc,phases   ] GC(2181) Concurrent Process Non-Strong References 3.584ms
[394.482s][info][gc,phases   ] GC(2181) Concurrent Reset Relocation Set 0.004ms
[394.485s][info][gc,phases   ] GC(2181) Concurrent Select Relocation Set 2.973ms
[394.485s][info][gc,phases   ] GC(2181) Pause Relocate Start 0.008ms
[394.488s][info][gc,phases   ] GC(2181) Concurrent Relocate 2.392ms
[394.488s][info][gc,load     ] GC(2181) Load: 0.00/0.00/0.00
[394.488s][info][gc,mmu      ] GC(2181) MMU: 2ms/86.2%, 5ms/94.5%, 10ms/97.2%, 20ms/98.6%, 50ms/99.4%, 100ms/99.6%
[394.488s][info][gc,marking  ] GC(2181) Mark: 8 stripe(s), 3 proactive flush(es), 1 terminate flush(es), 0 completion(s), 0 continuation(s) 
[394.488s][info][gc,marking  ] GC(2181) Mark Stack Usage: 32M
[394.488s][info][gc,nmethod  ] GC(2181) NMethods: 8042 registered, 1267 unregistered
[394.488s][info][gc,metaspace] GC(2181) Metaspace: 120M used, 123M committed, 1152M reserved
[394.488s][info][gc,ref      ] GC(2181) Soft: 2858 encountered, 0 discovered, 0 enqueued
[394.488s][info][gc,ref      ] GC(2181) Weak: 13726 encountered, 1317 discovered, 66 enqueued
[394.488s][info][gc,ref      ] GC(2181) Final: 84 encountered, 31 discovered, 0 enqueued
[394.488s][info][gc,ref      ] GC(2181) Phantom: 751 encountered, 547 discovered, 0 enqueued
[394.488s][info][gc,reloc    ] GC(2181) Small Pages: 116 / 232M, Empty: 136M, Relocated: 1M, In-Place: 0
[394.488s][info][gc,reloc    ] GC(2181) Medium Pages: 39 / 1248M, Empty: 64M, Relocated: 23M, In-Place: 0
[394.488s][info][gc,reloc    ] GC(2181) Large Pages: 0 / 0M, Empty: 0M, Relocated: 0M, In-Place: 0
[394.488s][info][gc,reloc    ] GC(2181) Forwarding Usage: 0M
[394.488s][info][gc,heap     ] GC(2181) Min Capacity: 8M(0%)
[394.488s][info][gc,heap     ] GC(2181) Max Capacity: 2048M(100%)
[394.488s][info][gc,heap     ] GC(2181) Soft Max Capacity: 2048M(100%)
[394.488s][info][gc,heap     ] GC(2181)                Mark Start          Mark End        Relocate Start      Relocate End           High               Low         
[394.488s][info][gc,heap     ] GC(2181)  Capacity:     2048M (100%)       2048M (100%)       2048M (100%)       2048M (100%)       2048M (100%)       2048M (100%)   
[394.488s][info][gc,heap     ] GC(2181)      Free:      568M (28%)         528M (26%)         726M (35%)         844M (41%)         844M (41%)         528M (26%)    
[394.488s][info][gc,heap     ] GC(2181)      Used:     1480M (72%)        1520M (74%)        1322M (65%)        1204M (59%)        1520M (74%)        1204M (59%)    
[394.488s][info][gc,heap     ] GC(2181)      Live:         -              1013M (49%)        1013M (49%)        1013M (49%)            -                  -          
[394.488s][info][gc,heap     ] GC(2181) Allocated:         -                40M (2%)           42M (2%)           41M (2%)             -                  -          
[394.488s][info][gc,heap     ] GC(2181)   Garbage:         -               466M (23%)         266M (13%)         148M (7%)             -                  -          
[394.488s][info][gc,heap     ] GC(2181) Reclaimed:         -                  -               200M (10%)         317M (16%)            -                  -          
[394.488s][info][gc          ] GC(2181) Garbage Collection (Allocation Rate) 1480M(72%)->1204M(59%)
[394.541s][info][gc,start    ] GC(2182) Garbage Collection (Allocation Rate)
[394.541s][info][gc,task     ] GC(2182) Using 12 workers
[394.541s][info][gc,phases   ] GC(2182) Pause Mark Start 0.010ms
[394.572s][info][gc,phases   ] GC(2182) Concurrent Mark 30.924ms
[394.572s][info][gc,phases   ] GC(2182) Pause Mark End 0.031ms
[394.572s][info][gc,phases   ] GC(2182) Concurrent Mark Free 0.001ms
[394.588s][info][gc,phases   ] GC(2182) Concurrent Process Non-Strong References 15.402ms
[394.588s][info][gc,phases   ] GC(2182) Concurrent Reset Relocation Set 0.004ms
[394.593s][info][gc,phases   ] GC(2182) Concurrent Select Relocation Set 5.360ms
[394.593s][info][gc,phases   ] GC(2182) Pause Relocate Start 0.010ms
[394.596s][info][gc,phases   ] GC(2182) Concurrent Relocate 2.848ms
[394.596s][info][gc,load     ] GC(2182) Load: 0.00/0.00/0.00
[394.596s][info][gc,mmu      ] GC(2182) MMU: 2ms/86.2%, 5ms/94.5%, 10ms/97.2%, 20ms/98.6%, 50ms/99.4%, 100ms/99.6%
[394.596s][info][gc,marking  ] GC(2182) Mark: 8 stripe(s), 2 proactive flush(es), 1 terminate flush(es), 0 completion(s), 0 continuation(s) 
[394.596s][info][gc,marking  ] GC(2182) Mark Stack Usage: 32M
[394.596s][info][gc,nmethod  ] GC(2182) NMethods: 8044 registered, 1269 unregistered
[394.596s][info][gc,metaspace] GC(2182) Metaspace: 120M used, 123M committed, 1152M reserved
[394.596s][info][gc,ref      ] GC(2182) Soft: 3428 encountered, 0 discovered, 0 enqueued
[394.596s][info][gc,ref      ] GC(2182) Weak: 14501 encountered, 1299 discovered, 148 enqueued
[394.596s][info][gc,ref      ] GC(2182) Final: 84 encountered, 1 discovered, 0 enqueued
[394.597s][info][gc,ref      ] GC(2182) Phantom: 751 encountered, 558 discovered, 0 enqueued
[394.597s][info][gc,reloc    ] GC(2182) Small Pages: 49 / 98M, Empty: 0M, Relocated: 5M, In-Place: 0
[394.597s][info][gc,reloc    ] GC(2182) Medium Pages: 35 / 1120M, Empty: 32M, Relocated: 0M, In-Place: 0
[394.597s][info][gc,reloc    ] GC(2182) Large Pages: 0 / 0M, Empty: 0M, Relocated: 0M, In-Place: 0
[394.597s][info][gc,reloc    ] GC(2182) Forwarding Usage: 1M
[394.597s][info][gc,heap     ] GC(2182) Min Capacity: 8M(0%)
[394.597s][info][gc,heap     ] GC(2182) Max Capacity: 2048M(100%)
[394.597s][info][gc,heap     ] GC(2182) Soft Max Capacity: 2048M(100%)
[394.597s][info][gc,heap     ] GC(2182)                Mark Start          Mark End        Relocate Start      Relocate End           High               Low         
[394.597s][info][gc,heap     ] GC(2182)  Capacity:     2048M (100%)       2048M (100%)       2048M (100%)       2048M (100%)       2048M (100%)       2048M (100%)   
[394.597s][info][gc,heap     ] GC(2182)      Free:      830M (41%)         820M (40%)         850M (42%)         868M (42%)         868M (42%)         818M (40%)    
[394.597s][info][gc,heap     ] GC(2182)      Used:     1218M (59%)        1228M (60%)        1198M (58%)        1180M (58%)        1230M (60%)        1180M (58%)    
[394.597s][info][gc,heap     ] GC(2182)      Live:         -              1015M (50%)        1015M (50%)        1015M (50%)            -                  -          
[394.597s][info][gc,heap     ] GC(2182) Allocated:         -                10M (0%)           12M (1%)           12M (1%)             -                  -          
[394.597s][info][gc,heap     ] GC(2182)   Garbage:         -               202M (10%)         170M (8%)          152M (7%)             -                  -          
[394.597s][info][gc,heap     ] GC(2182) Reclaimed:         -                  -                32M (2%)           50M (2%)             -                  -          
[394.597s][info][gc          ] GC(2182) Garbage Collection (Allocation Rate) 1218M(59%)->1180M(58%)
[394.650s][info][gc,start    ] GC(2183) Garbage Collection (Allocation Rate)
[394.650s][info][gc,task     ] GC(2183) Using 12 workers
[394.650s][info][gc,phases   ] GC(2183) Pause Mark Start 0.016ms
[394.681s][info][gc,phases   ] GC(2183) Concurrent Mark 30.840ms
[394.681s][info][gc,phases   ] GC(2183) Pause Mark End 0.029ms
[394.681s][info][gc,phases   ] GC(2183) Concurrent Mark Free 0.001ms
[394.685s][info][gc,phases   ] GC(2183) Concurrent Process Non-Strong References 3.815ms
[394.685s][info][gc,phases   ] GC(2183) Concurrent Reset Relocation Set 0.003ms
[394.689s][info][gc,phases   ] GC(2183) Concurrent Select Relocation Set 3.596ms
[394.689s][info][gc,phases   ] GC(2183) Pause Relocate Start 0.006ms
[394.690s][info][gc,phases   ] GC(2183) Concurrent Relocate 0.692ms
[394.690s][info][gc,load     ] GC(2183) Load: 0.00/0.00/0.00
[394.690s][info][gc,mmu      ] GC(2183) MMU: 2ms/86.2%, 5ms/94.5%, 10ms/97.2%, 20ms/98.6%, 50ms/99.4%, 100ms/99.6%
[394.690s][info][gc,marking  ] GC(2183) Mark: 8 stripe(s), 3 proactive flush(es), 1 terminate flush(es), 0 completion(s), 0 continuation(s) 
[394.690s][info][gc,marking  ] GC(2183) Mark Stack Usage: 32M
[394.690s][info][gc,nmethod  ] GC(2183) NMethods: 8044 registered, 1271 unregistered
[394.690s][info][gc,metaspace] GC(2183) Metaspace: 120M used, 123M committed, 1152M reserved
[394.690s][info][gc,ref      ] GC(2183) Soft: 3488 encountered, 0 discovered, 0 enqueued
[394.690s][info][gc,ref      ] GC(2183) Weak: 14500 encountered, 1284 discovered, 32 enqueued
[394.690s][info][gc,ref      ] GC(2183) Final: 84 encountered, 1 discovered, 0 enqueued
[394.690s][info][gc,ref      ] GC(2183) Phantom: 751 encountered, 465 discovered, 0 enqueued
[394.690s][info][gc,reloc    ] GC(2183) Small Pages: 43 / 86M, Empty: 0M, Relocated: 3M, In-Place: 0
[394.690s][info][gc,reloc    ] GC(2183) Medium Pages: 34 / 1088M, Empty: 0M, Relocated: 0M, In-Place: 0
[394.690s][info][gc,reloc    ] GC(2183) Large Pages: 1 / 6M, Empty: 6M, Relocated: 0M, In-Place: 0
[394.690s][info][gc,reloc    ] GC(2183) Forwarding Usage: 0M
[394.690s][info][gc,heap     ] GC(2183) Min Capacity: 8M(0%)
[394.690s][info][gc,heap     ] GC(2183) Max Capacity: 2048M(100%)
[394.690s][info][gc,heap     ] GC(2183) Soft Max Capacity: 2048M(100%)
[394.690s][info][gc,heap     ] GC(2183)                Mark Start          Mark End        Relocate Start      Relocate End           High               Low         
[394.690s][info][gc,heap     ] GC(2183)  Capacity:     2048M (100%)       2048M (100%)       2048M (100%)       2048M (100%)       2048M (100%)       2048M (100%)   
[394.690s][info][gc,heap     ] GC(2183)      Free:      868M (42%)         866M (42%)         872M (43%)         874M (43%)         874M (43%)         848M (41%)    
[394.690s][info][gc,heap     ] GC(2183)      Used:     1180M (58%)        1182M (58%)        1176M (57%)        1174M (57%)        1200M (59%)        1174M (57%)    
[394.691s][info][gc,heap     ] GC(2183)      Live:         -              1016M (50%)        1016M (50%)        1016M (50%)            -                  -          
[394.691s][info][gc,heap     ] GC(2183) Allocated:         -                 2M (0%)            2M (0%)            2M (0%)             -                  -          
[394.691s][info][gc,heap     ] GC(2183)   Garbage:         -               163M (8%)          157M (8%)          155M (8%)             -                  -          
[394.691s][info][gc,heap     ] GC(2183) Reclaimed:         -                  -                 6M (0%)            8M (0%)             -                  -          
[394.691s][info][gc          ] GC(2183) Garbage Collection (Allocation Rate) 1180M(58%)->1174M(57%)
[394.744s][info][gc,start    ] GC(2184) Garbage Collection (Allocation Rate)
[394.744s][info][gc,task     ] GC(2184) Using 12 workers
[394.744s][info][gc,phases   ] GC(2184) Pause Mark Start 0.016ms
[394.775s][info][gc,phases   ] GC(2184) Concurrent Mark 30.898ms
[394.775s][info][gc,phases   ] GC(2184) Pause Mark End 0.029ms
[394.775s][info][gc,phases   ] GC(2184) Concurrent Mark Free 0.001ms
[394.779s][info][gc,phases   ] GC(2184) Concurrent Process Non-Strong References 4.027ms
[394.779s][info][gc,phases   ] GC(2184) Concurrent Reset Relocation Set 0.002ms
[394.782s][info][gc,phases   ] GC(2184) Concurrent Select Relocation Set 2.506ms
[394.782s][info][gc,phases   ] GC(2184) Pause Relocate Start 0.011ms
[394.783s][info][gc,phases   ] GC(2184) Concurrent Relocate 1.284ms
[394.783s][info][gc,load     ] GC(2184) Load: 0.00/0.00/0.00
[394.783s][info][gc,mmu      ] GC(2184) MMU: 2ms/86.2%, 5ms/94.5%, 10ms/97.2%, 20ms/98.6%, 50ms/99.4%, 100ms/99.6%
[394.783s][info][gc,marking  ] GC(2184) Mark: 8 stripe(s), 2 proactive flush(es), 1 terminate flush(es), 0 completion(s), 0 continuation(s) 
[394.783s][info][gc,marking  ] GC(2184) Mark Stack Usage: 32M
[394.783s][info][gc,nmethod  ] GC(2184) NMethods: 8045 registered, 1271 unregistered
[394.783s][info][gc,metaspace] GC(2184) Metaspace: 120M used, 123M committed, 1152M reserved
[394.783s][info][gc,ref      ] GC(2184) Soft: 3488 encountered, 0 discovered, 0 enqueued
[394.783s][info][gc,ref      ] GC(2184) Weak: 14468 encountered, 1269 discovered, 0 enqueued
[394.783s][info][gc,ref      ] GC(2184) Final: 84 encountered, 1 discovered, 0 enqueued
[394.783s][info][gc,ref      ] GC(2184) Phantom: 751 encountered, 536 discovered, 0 enqueued
[394.783s][info][gc,reloc    ] GC(2184) Small Pages: 43 / 86M, Empty: 0M, Relocated: 3M, In-Place: 0
[394.783s][info][gc,reloc    ] GC(2184) Medium Pages: 34 / 1088M, Empty: 0M, Relocated: 0M, In-Place: 0
[394.783s][info][gc,reloc    ] GC(2184) Large Pages: 0 / 0M, Empty: 0M, Relocated: 0M, In-Place: 0
[394.783s][info][gc,reloc    ] GC(2184) Forwarding Usage: 0M
[394.783s][info][gc,heap     ] GC(2184) Min Capacity: 8M(0%)
[394.783s][info][gc,heap     ] GC(2184) Max Capacity: 2048M(100%)
[394.783s][info][gc,heap     ] GC(2184) Soft Max Capacity: 2048M(100%)
[394.783s][info][gc,heap     ] GC(2184)                Mark Start          Mark End        Relocate Start      Relocate End           High               Low         
[394.783s][info][gc,heap     ] GC(2184)  Capacity:     2048M (100%)       2048M (100%)       2048M (100%)       2048M (100%)       2048M (100%)       2048M (100%)   
[394.783s][info][gc,heap     ] GC(2184)      Free:      874M (43%)         872M (43%)         872M (43%)         874M (43%)         874M (43%)         848M (41%)    
[394.783s][info][gc,heap     ] GC(2184)      Used:     1174M (57%)        1176M (57%)        1176M (57%)        1174M (57%)        1200M (59%)        1174M (57%)    
[394.784s][info][gc,heap     ] GC(2184)      Live:         -              1016M (50%)        1016M (50%)        1016M (50%)            -                  -          
[394.784s][info][gc,heap     ] GC(2184) Allocated:         -                 2M (0%)            2M (0%)            2M (0%)             -                  -          
[394.784s][info][gc,heap     ] GC(2184)   Garbage:         -               157M (8%)          157M (8%)          155M (8%)             -                  -          
[394.784s][info][gc,heap     ] GC(2184) Reclaimed:         -                  -                 0M (0%)            2M (0%)             -                  -          
[394.784s][info][gc          ] GC(2184) Garbage Collection (Allocation Rate) 1174M(57%)->1174M(57%)
[394.853s][info][gc,start    ] GC(2185) Garbage Collection (Allocation Rate)
[394.853s][info][gc,task     ] GC(2185) Using 12 workers
[394.853s][info][gc,phases   ] GC(2185) Pause Mark Start 0.013ms
[394.884s][info][gc,phases   ] GC(2185) Concurrent Mark 30.996ms
[394.884s][info][gc,phases   ] GC(2185) Pause Mark End 0.030ms
[394.884s][info][gc,phases   ] GC(2185) Concurrent Mark Free 0.001ms
[394.889s][info][gc,phases   ] GC(2185) Concurrent Process Non-Strong References 4.135ms
[394.889s][info][gc,phases   ] GC(2185) Concurrent Reset Relocation Set 0.003ms
[394.892s][info][gc,phases   ] GC(2185) Concurrent Select Relocation Set 3.565ms
[394.892s][info][gc,phases   ] GC(2185) Pause Relocate Start 0.008ms
[394.894s][info][gc,phases   ] GC(2185) Concurrent Relocate 1.230ms
[394.894s][info][gc,load     ] GC(2185) Load: 0.00/0.00/0.00
[394.894s][info][gc,mmu      ] GC(2185) MMU: 2ms/86.2%, 5ms/94.5%, 10ms/97.2%, 20ms/98.6%, 50ms/99.4%, 100ms/99.6%
[394.894s][info][gc,marking  ] GC(2185) Mark: 8 stripe(s), 5 proactive flush(es), 1 terminate flush(es), 0 completion(s), 0 continuation(s) 
[394.894s][info][gc,marking  ] GC(2185) Mark Stack Usage: 32M
[394.894s][info][gc,nmethod  ] GC(2185) NMethods: 8045 registered, 1271 unregistered
[394.894s][info][gc,metaspace] GC(2185) Metaspace: 120M used, 123M committed, 1152M reserved
[394.894s][info][gc,ref      ] GC(2185) Soft: 3488 encountered, 0 discovered, 0 enqueued
[394.894s][info][gc,ref      ] GC(2185) Weak: 14468 encountered, 1210 discovered, 0 enqueued
[394.894s][info][gc,ref      ] GC(2185) Final: 84 encountered, 3 discovered, 0 enqueued
[394.894s][info][gc,ref      ] GC(2185) Phantom: 751 encountered, 556 discovered, 0 enqueued
[394.894s][info][gc,reloc    ] GC(2185) Small Pages: 43 / 86M, Empty: 0M, Relocated: 3M, In-Place: 0
[394.894s][info][gc,reloc    ] GC(2185) Medium Pages: 34 / 1088M, Empty: 0M, Relocated: 0M, In-Place: 0
[394.894s][info][gc,reloc    ] GC(2185) Large Pages: 0 / 0M, Empty: 0M, Relocated: 0M, In-Place: 0
[394.894s][info][gc,reloc    ] GC(2185) Forwarding Usage: 0M
[394.894s][info][gc,heap     ] GC(2185) Min Capacity: 8M(0%)
[394.894s][info][gc,heap     ] GC(2185) Max Capacity: 2048M(100%)
[394.894s][info][gc,heap     ] GC(2185) Soft Max Capacity: 2048M(100%)
[394.894s][info][gc,heap     ] GC(2185)                Mark Start          Mark End        Relocate Start      Relocate End           High               Low         
[394.894s][info][gc,heap     ] GC(2185)  Capacity:     2048M (100%)       2048M (100%)       2048M (100%)       2048M (100%)       2048M (100%)       2048M (100%)   
[394.894s][info][gc,heap     ] GC(2185)      Free:      874M (43%)         872M (43%)         872M (43%)         874M (43%)         874M (43%)         848M (41%)    
[394.894s][info][gc,heap     ] GC(2185)      Used:     1174M (57%)        1176M (57%)        1176M (57%)        1174M (57%)        1200M (59%)        1174M (57%)    
[394.894s][info][gc,heap     ] GC(2185)      Live:         -              1016M (50%)        1016M (50%)        1016M (50%)            -                  -          
[394.894s][info][gc,heap     ] GC(2185) Allocated:         -                 2M (0%)            2M (0%)            1M (0%)             -                  -          
[394.894s][info][gc,heap     ] GC(2185)   Garbage:         -               157M (8%)          157M (8%)          155M (8%)             -                  -          
[394.894s][info][gc,heap     ] GC(2185) Reclaimed:         -                  -                 0M (0%)            1M (0%)             -                  -          
[394.894s][info][gc          ] GC(2185) Garbage Collection (Allocation Rate) 1174M(57%)->1174M(57%)
[394.951s][info][gc,start    ] GC(2186) Garbage Collection (Allocation Rate)
[394.951s][info][gc,task     ] GC(2186) Using 12 workers
[394.952s][info][gc,phases   ] GC(2186) Pause Mark Start 0.015ms
[394.983s][info][gc,phases   ] GC(2186) Concurrent Mark 30.844ms
[394.983s][info][gc,phases   ] GC(2186) Pause Mark End 0.022ms
[394.983s][info][gc,phases   ] GC(2186) Concurrent Mark Free 0.001ms
[394.987s][info][gc,phases   ] GC(2186) Concurrent Process Non-Strong References 3.968ms
[394.987s][info][gc,phases   ] GC(2186) Concurrent Reset Relocation Set 0.002ms
[394.990s][info][gc,phases   ] GC(2186) Concurrent Select Relocation Set 3.098ms
[394.990s][info][gc,phases   ] GC(2186) Pause Relocate Start 0.008ms
[394.991s][info][gc,phases   ] GC(2186) Concurrent Relocate 0.885ms
[394.991s][info][gc,load     ] GC(2186) Load: 0.00/0.00/0.00
[394.991s][info][gc,mmu      ] GC(2186) MMU: 2ms/86.2%, 5ms/94.5%, 10ms/97.2%, 20ms/98.6%, 50ms/99.4%, 100ms/99.6%
[394.991s][info][gc,marking  ] GC(2186) Mark: 8 stripe(s), 2 proactive flush(es), 1 terminate flush(es), 0 completion(s), 0 continuation(s) 
[394.991s][info][gc,marking  ] GC(2186) Mark Stack Usage: 32M
[394.991s][info][gc,nmethod  ] GC(2186) NMethods: 8046 registered, 1271 unregistered
[394.991s][info][gc,metaspace] GC(2186) Metaspace: 120M used, 123M committed, 1152M reserved
[394.991s][info][gc,ref      ] GC(2186) Soft: 3488 encountered, 0 discovered, 0 enqueued
[394.991s][info][gc,ref      ] GC(2186) Weak: 14468 encountered, 1270 discovered, 0 enqueued
[394.991s][info][gc,ref      ] GC(2186) Final: 84 encountered, 6 discovered, 0 enqueued
[394.991s][info][gc,ref      ] GC(2186) Phantom: 751 encountered, 500 discovered, 0 enqueued
[394.991s][info][gc,reloc    ] GC(2186) Small Pages: 43 / 86M, Empty: 0M, Relocated: 3M, In-Place: 0
[394.991s][info][gc,reloc    ] GC(2186) Medium Pages: 34 / 1088M, Empty: 0M, Relocated: 0M, In-Place: 0
[394.991s][info][gc,reloc    ] GC(2186) Large Pages: 0 / 0M, Empty: 0M, Relocated: 0M, In-Place: 0
[394.991s][info][gc,reloc    ] GC(2186) Forwarding Usage: 0M
[394.991s][info][gc,heap     ] GC(2186) Min Capacity: 8M(0%)
[394.991s][info][gc,heap     ] GC(2186) Max Capacity: 2048M(100%)
[394.991s][info][gc,heap     ] GC(2186) Soft Max Capacity: 2048M(100%)
[394.991s][info][gc,heap     ] GC(2186)                Mark Start          Mark End        Relocate Start      Relocate End           High               Low         
[394.991s][info][gc,heap     ] GC(2186)  Capacity:     2048M (100%)       2048M (100%)       2048M (100%)       2048M (100%)       2048M (100%)       2048M (100%)   
[394.991s][info][gc,heap     ] GC(2186)      Free:      874M (43%)         872M (43%)         872M (43%)         874M (43%)         874M (43%)         848M (41%)    
[394.991s][info][gc,heap     ] GC(2186)      Used:     1174M (57%)        1176M (57%)        1176M (57%)        1174M (57%)        1200M (59%)        1174M (57%)    
[394.991s][info][gc,heap     ] GC(2186)      Live:         -              1016M (50%)        1016M (50%)        1016M (50%)            -                  -          
[394.991s][info][gc,heap     ] GC(2186) Allocated:         -                 2M (0%)            2M (0%)            1M (0%)             -                  -          
[394.991s][info][gc,heap     ] GC(2186)   Garbage:         -               157M (8%)          157M (8%)          155M (8%)             -                  -          
[394.991s][info][gc,heap     ] GC(2186) Reclaimed:         -                  -                 0M (0%)            1M (0%)             -                  -          
[394.991s][info][gc          ] GC(2186) Garbage Collection (Allocation Rate) 1174M(57%)->1174M(57%)
[395.045s][info][gc,start    ] GC(2187) Garbage Collection (Allocation Rate)
[395.045s][info][gc,task     ] GC(2187) Using 12 workers
[395.045s][info][gc,phases   ] GC(2187) Pause Mark Start 0.014ms
[395.076s][info][gc,phases   ] GC(2187) Concurrent Mark 30.875ms
[395.077s][info][gc,phases   ] GC(2187) Pause Mark End 0.039ms
[395.077s][info][gc,phases   ] GC(2187) Concurrent Mark Free 0.001ms
[395.081s][info][gc,phases   ] GC(2187) Concurrent Process Non-Strong References 3.939ms
[395.081s][info][gc,phases   ] GC(2187) Concurrent Reset Relocation Set 0.002ms
[395.084s][info][gc,phases   ] GC(2187) Concurrent Select Relocation Set 3.184ms
[395.084s][info][gc,phases   ] GC(2187) Pause Relocate Start 0.008ms
[395.085s][info][gc,phases   ] GC(2187) Concurrent Relocate 1.164ms
[395.085s][info][gc,load     ] GC(2187) Load: 0.00/0.00/0.00
[395.085s][info][gc,mmu      ] GC(2187) MMU: 2ms/86.2%, 5ms/94.5%, 10ms/97.2%, 20ms/98.6%, 50ms/99.4%, 100ms/99.6%
[395.085s][info][gc,marking  ] GC(2187) Mark: 8 stripe(s), 3 proactive flush(es), 1 terminate flush(es), 0 completion(s), 0 continuation(s) 
[395.085s][info][gc,marking  ] GC(2187) Mark Stack Usage: 32M
[395.085s][info][gc,nmethod  ] GC(2187) NMethods: 8047 registered, 1271 unregistered
[395.085s][info][gc,metaspace] GC(2187) Metaspace: 120M used, 123M committed, 1152M reserved
[395.085s][info][gc,ref      ] GC(2187) Soft: 3488 encountered, 0 discovered, 0 enqueued
[395.085s][info][gc,ref      ] GC(2187) Weak: 14468 encountered, 1673 discovered, 0 enqueued
[395.086s][info][gc,ref      ] GC(2187) Final: 84 encountered, 29 discovered, 0 enqueued
[395.086s][info][gc,ref      ] GC(2187) Phantom: 751 encountered, 536 discovered, 0 enqueued
[395.086s][info][gc,reloc    ] GC(2187) Small Pages: 43 / 86M, Empty: 0M, Relocated: 3M, In-Place: 0
[395.086s][info][gc,reloc    ] GC(2187) Medium Pages: 34 / 1088M, Empty: 0M, Relocated: 0M, In-Place: 0
[395.086s][info][gc,reloc    ] GC(2187) Large Pages: 0 / 0M, Empty: 0M, Relocated: 0M, In-Place: 0
[395.086s][info][gc,reloc    ] GC(2187) Forwarding Usage: 0M
[395.086s][info][gc,heap     ] GC(2187) Min Capacity: 8M(0%)
[395.086s][info][gc,heap     ] GC(2187) Max Capacity: 2048M(100%)
[395.086s][info][gc,heap     ] GC(2187) Soft Max Capacity: 2048M(100%)
[395.086s][info][gc,heap     ] GC(2187)                Mark Start          Mark End        Relocate Start      Relocate End           High               Low         
[395.086s][info][gc,heap     ] GC(2187)  Capacity:     2048M (100%)       2048M (100%)       2048M (100%)       2048M (100%)       2048M (100%)       2048M (100%)   
[395.086s][info][gc,heap     ] GC(2187)      Free:      874M (43%)         872M (43%)         872M (43%)         874M (43%)         874M (43%)         848M (41%)    
[395.086s][info][gc,heap     ] GC(2187)      Used:     1174M (57%)        1176M (57%)        1176M (57%)        1174M (57%)        1200M (59%)        1174M (57%)    
[395.086s][info][gc,heap     ] GC(2187)      Live:         -              1016M (50%)        1016M (50%)        1016M (50%)            -                  -          
[395.086s][info][gc,heap     ] GC(2187) Allocated:         -                 2M (0%)            2M (0%)            2M (0%)             -                  -          
[395.086s][info][gc,heap     ] GC(2187)   Garbage:         -               157M (8%)          157M (8%)          155M (8%)             -                  -          
[395.086s][info][gc,heap     ] GC(2187) Reclaimed:         -                  -                 0M (0%)            2M (0%)             -                  -          
[395.086s][info][gc          ] GC(2187) Garbage Collection (Allocation Rate) 1174M(57%)->1174M(57%)
[395.121s][info][gc,start    ] GC(2188) Garbage Collection (System.gc())
[395.300s][info][gc,task     ] GC(2188) Using 12 workers
[395.300s][info][gc,phases   ] GC(2188) Pause Mark Start 0.017ms
[395.326s][info][gc,phases   ] GC(2188) Concurrent Mark 25.992ms
[395.326s][info][gc,phases   ] GC(2188) Pause Mark End 0.024ms
[395.327s][info][gc,phases   ] GC(2188) Concurrent Mark Free 0.001ms
[395.330s][info][gc,phases   ] GC(2188) Concurrent Process Non-Strong References 3.615ms
[395.330s][info][gc,phases   ] GC(2188) Concurrent Reset Relocation Set 0.003ms
[395.337s][info][gc,phases   ] GC(2188) Concurrent Select Relocation Set 6.228ms
[395.337s][info][gc,phases   ] GC(2188) Pause Relocate Start 0.009ms
[395.340s][info][gc,phases   ] GC(2188) Concurrent Relocate 3.684ms
[395.341s][info][gc,load     ] GC(2188) Load: 0.00/0.00/0.00
[395.341s][info][gc,mmu      ] GC(2188) MMU: 2ms/86.2%, 5ms/94.5%, 10ms/97.2%, 20ms/98.6%, 50ms/99.4%, 100ms/99.6%
[395.341s][info][gc,marking  ] GC(2188) Mark: 8 stripe(s), 2 proactive flush(es), 1 terminate flush(es), 0 completion(s), 0 continuation(s) 
[395.341s][info][gc,marking  ] GC(2188) Mark Stack Usage: 32M
[395.341s][info][gc,nmethod  ] GC(2188) NMethods: 8049 registered, 1272 unregistered
[395.341s][info][gc,metaspace] GC(2188) Metaspace: 120M used, 123M committed, 1152M reserved
[395.341s][info][gc,ref      ] GC(2188) Soft: 3515 encountered, 0 discovered, 0 enqueued
[395.341s][info][gc,ref      ] GC(2188) Weak: 14485 encountered, 1960 discovered, 72 enqueued
[395.341s][info][gc,ref      ] GC(2188) Final: 84 encountered, 1 discovered, 0 enqueued
[395.341s][info][gc,ref      ] GC(2188) Phantom: 751 encountered, 594 discovered, 0 enqueued
[395.341s][info][gc,reloc    ] GC(2188) Small Pages: 45 / 90M, Empty: 0M, Relocated: 6M, In-Place: 0
[395.341s][info][gc,reloc    ] GC(2188) Medium Pages: 34 / 1088M, Empty: 0M, Relocated: 0M, In-Place: 0
[395.341s][info][gc,reloc    ] GC(2188) Large Pages: 0 / 0M, Empty: 0M, Relocated: 0M, In-Place: 0
[395.341s][info][gc,reloc    ] GC(2188) Forwarding Usage: 2M
[395.341s][info][gc,heap     ] GC(2188) Min Capacity: 8M(0%)
[395.341s][info][gc,heap     ] GC(2188) Max Capacity: 2048M(100%)
[395.341s][info][gc,heap     ] GC(2188) Soft Max Capacity: 2048M(100%)
[395.341s][info][gc,heap     ] GC(2188)                Mark Start          Mark End        Relocate Start      Relocate End           High               Low         
[395.341s][info][gc,heap     ] GC(2188)  Capacity:     2048M (100%)       2048M (100%)       2048M (100%)       2048M (100%)       2048M (100%)       2048M (100%)   
[395.341s][info][gc,heap     ] GC(2188)      Free:      870M (42%)         870M (42%)         866M (42%)         878M (43%)         878M (43%)         844M (41%)    
[395.341s][info][gc,heap     ] GC(2188)      Used:     1178M (58%)        1178M (58%)        1182M (58%)        1170M (57%)        1204M (59%)        1170M (57%)    
[395.341s][info][gc,heap     ] GC(2188)      Live:         -              1016M (50%)        1016M (50%)        1016M (50%)            -                  -          
[395.341s][info][gc,heap     ] GC(2188) Allocated:         -                 0M (0%)            4M (0%)            4M (0%)             -                  -          
[395.341s][info][gc,heap     ] GC(2188)   Garbage:         -               161M (8%)          161M (8%)          149M (7%)             -                  -          
[395.341s][info][gc,heap     ] GC(2188) Reclaimed:         -                  -                 0M (0%)           12M (1%)             -                  -          
[395.341s][info][gc          ] GC(2188) Garbage Collection (System.gc()) 1178M(58%)->1170M(57%)
[395.342s][info][gc,start    ] GC(2189) Garbage Collection (Allocation Rate)
[395.342s][info][gc,task     ] GC(2189) Using 12 workers
[395.342s][info][gc,phases   ] GC(2189) Pause Mark Start 0.011ms
[395.373s][info][gc,phases   ] GC(2189) Concurrent Mark 30.931ms
[395.373s][info][gc,phases   ] GC(2189) Pause Mark End 0.031ms
[395.373s][info][gc,phases   ] GC(2189) Concurrent Mark Free 0.001ms
[395.378s][info][gc,phases   ] GC(2189) Concurrent Process Non-Strong References 4.309ms
[395.378s][info][gc,phases   ] GC(2189) Concurrent Reset Relocation Set 0.004ms
[395.382s][info][gc,phases   ] GC(2189) Concurrent Select Relocation Set 4.048ms
[395.382s][info][gc,phases   ] GC(2189) Pause Relocate Start 0.009ms
[395.385s][info][gc,phases   ] GC(2189) Concurrent Relocate 2.709ms
[395.385s][info][gc,load     ] GC(2189) Load: 0.00/0.00/0.00
[395.385s][info][gc,mmu      ] GC(2189) MMU: 2ms/86.2%, 5ms/94.5%, 10ms/97.2%, 20ms/98.6%, 50ms/99.4%, 100ms/99.6%
[395.385s][info][gc,marking  ] GC(2189) Mark: 8 stripe(s), 2 proactive flush(es), 1 terminate flush(es), 0 completion(s), 0 continuation(s) 
[395.385s][info][gc,marking  ] GC(2189) Mark Stack Usage: 32M
[395.385s][info][gc,nmethod  ] GC(2189) NMethods: 8078 registered, 1272 unregistered
[395.385s][info][gc,metaspace] GC(2189) Metaspace: 120M used, 123M committed, 1152M reserved
[395.385s][info][gc,ref      ] GC(2189) Soft: 3515 encountered, 0 discovered, 0 enqueued
[395.385s][info][gc,ref      ] GC(2189) Weak: 14420 encountered, 3983 discovered, 68 enqueued
[395.385s][info][gc,ref      ] GC(2189) Final: 84 encountered, 2 discovered, 0 enqueued
[395.385s][info][gc,ref      ] GC(2189) Phantom: 751 encountered, 438 discovered, 0 enqueued
[395.385s][info][gc,reloc    ] GC(2189) Small Pages: 41 / 82M, Empty: 0M, Relocated: 5M, In-Place: 0
[395.385s][info][gc,reloc    ] GC(2189) Medium Pages: 34 / 1088M, Empty: 0M, Relocated: 0M, In-Place: 0
[395.385s][info][gc,reloc    ] GC(2189) Large Pages: 0 / 0M, Empty: 0M, Relocated: 0M, In-Place: 0
[395.385s][info][gc,reloc    ] GC(2189) Forwarding Usage: 1M
[395.385s][info][gc,heap     ] GC(2189) Min Capacity: 8M(0%)
[395.385s][info][gc,heap     ] GC(2189) Max Capacity: 2048M(100%)
[395.385s][info][gc,heap     ] GC(2189) Soft Max Capacity: 2048M(100%)
[395.385s][info][gc,heap     ] GC(2189)                Mark Start          Mark End        Relocate Start      Relocate End           High               Low         
[395.386s][info][gc,heap     ] GC(2189)  Capacity:     2048M (100%)       2048M (100%)       2048M (100%)       2048M (100%)       2048M (100%)       2048M (100%)   
[395.386s][info][gc,heap     ] GC(2189)      Free:      878M (43%)         842M (41%)         840M (41%)         842M (41%)         878M (43%)         816M (40%)    
[395.386s][info][gc,heap     ] GC(2189)      Used:     1170M (57%)        1206M (59%)        1208M (59%)        1206M (59%)        1232M (60%)        1170M (57%)    
[395.386s][info][gc,heap     ] GC(2189)      Live:         -              1016M (50%)        1016M (50%)        1016M (50%)            -                  -          
[395.386s][info][gc,heap     ] GC(2189) Allocated:         -                36M (2%)           38M (2%)           37M (2%)             -                  -          
[395.386s][info][gc,heap     ] GC(2189)   Garbage:         -               153M (8%)          153M (8%)          151M (7%)             -                  -          
[395.386s][info][gc,heap     ] GC(2189) Reclaimed:         -                  -                 0M (0%)            1M (0%)             -                  -          
[395.386s][info][gc          ] GC(2189) Garbage Collection (Allocation Rate) 1170M(57%)->1206M(59%)
[395.439s][info][gc,start    ] GC(2190) Garbage Collection (Allocation Rate)
[395.439s][info][gc,task     ] GC(2190) Using 12 workers
[395.439s][info][gc,phases   ] GC(2190) Pause Mark Start 0.015ms
[395.485s][info][gc,phases   ] GC(2190) Concurrent Mark 45.817ms
[395.486s][info][gc,phases   ] GC(2190) Pause Mark End 0.064ms
[395.519s][info][gc,phases   ] GC(2190) Concurrent Mark Free 0.001ms
[395.567s][info][gc,phases   ] GC(2190) Concurrent Process Non-Strong References 48.065ms
[395.567s][info][gc,phases   ] GC(2190) Concurrent Reset Relocation Set 0.004ms
[395.585s][info][gc,phases   ] GC(2190) Concurrent Select Relocation Set 18.099ms
[395.586s][info][gc,phases   ] GC(2190) Pause Relocate Start 0.007ms
[395.609s][info][gc,phases   ] GC(2190) Concurrent Relocate 22.972ms
[395.609s][info][gc,load     ] GC(2190) Load: 0.00/0.00/0.00
[395.609s][info][gc,mmu      ] GC(2190) MMU: 2ms/86.2%, 5ms/94.5%, 10ms/97.2%, 20ms/98.6%, 50ms/99.4%, 100ms/99.6%
[395.609s][info][gc,marking  ] GC(2190) Mark: 8 stripe(s), 3 proactive flush(es), 1 terminate flush(es), 1 completion(s), 0 continuation(s) 
[395.609s][info][gc,marking  ] GC(2190) Mark Stack Usage: 32M
[395.609s][info][gc,nmethod  ] GC(2190) NMethods: 8161 registered, 1283 unregistered
[395.609s][info][gc,metaspace] GC(2190) Metaspace: 121M used, 123M committed, 1152M reserved
[395.609s][info][gc,ref      ] GC(2190) Soft: 3728 encountered, 0 discovered, 0 enqueued
[395.609s][info][gc,ref      ] GC(2190) Weak: 15332 encountered, 1931 discovered, 668 enqueued
[395.609s][info][gc,ref      ] GC(2190) Final: 84 encountered, 0 discovered, 0 enqueued
[395.609s][info][gc,ref      ] GC(2190) Phantom: 751 encountered, 547 discovered, 0 enqueued
[395.609s][info][gc,reloc    ] GC(2190) Small Pages: 61 / 122M, Empty: 0M, Relocated: 13M, In-Place: 0
[395.609s][info][gc,reloc    ] GC(2190) Medium Pages: 35 / 1120M, Empty: 32M, Relocated: 0M, In-Place: 0
[395.609s][info][gc,reloc    ] GC(2190) Large Pages: 1 / 6M, Empty: 6M, Relocated: 0M, In-Place: 0
[395.609s][info][gc,reloc    ] GC(2190) Forwarding Usage: 3M
[395.609s][info][gc,heap     ] GC(2190) Min Capacity: 8M(0%)
[395.609s][info][gc,heap     ] GC(2190) Max Capacity: 2048M(100%)
[395.610s][info][gc,heap     ] GC(2190) Soft Max Capacity: 2048M(100%)
[395.610s][info][gc,heap     ] GC(2190)                Mark Start          Mark End        Relocate Start      Relocate End           High               Low         
[395.610s][info][gc,heap     ] GC(2190)  Capacity:     2048M (100%)       2048M (100%)       2048M (100%)       2048M (100%)       2048M (100%)       2048M (100%)   
[395.610s][info][gc,heap     ] GC(2190)      Free:      800M (39%)         568M (28%)         416M (20%)         368M (18%)         800M (39%)         346M (17%)    
[395.610s][info][gc,heap     ] GC(2190)      Used:     1248M (61%)        1480M (72%)        1632M (80%)        1680M (82%)        1702M (83%)        1248M (61%)    
[395.610s][info][gc,heap     ] GC(2190)      Live:         -              1023M (50%)        1023M (50%)        1023M (50%)            -                  -          
[395.610s][info][gc,heap     ] GC(2190) Allocated:         -               232M (11%)         422M (21%)         509M (25%)            -                  -          
[395.610s][info][gc,heap     ] GC(2190)   Garbage:         -               224M (11%)         186M (9%)          146M (7%)             -                  -          
[395.610s][info][gc,heap     ] GC(2190) Reclaimed:         -                  -                38M (2%)           77M (4%)             -                  -          
[395.610s][info][gc          ] GC(2190) Garbage Collection (Allocation Rate) 1248M(61%)->1680M(82%)
[395.645s][info][gc,start    ] GC(2191) Garbage Collection (Allocation Rate)
[395.645s][info][gc,task     ] GC(2191) Using 12 workers
[395.661s][info][gc,phases   ] GC(2191) Pause Mark Start 0.012ms
[395.801s][info][gc,phases   ] GC(2191) Concurrent Mark 124.831ms
[395.802s][info][gc,phases   ] GC(2191) Pause Mark End 0.033ms
[395.825s][info][gc,phases   ] GC(2191) Concurrent Mark Free 0.001ms
[395.831s][info][gc          ] Allocation Stall (Executor task launch worker for task 38.0 in stage 84.0 (TID 1401)) 2.434ms
[395.832s][info][gc          ] Allocation Stall (Executor task launch worker for task 40.0 in stage 84.0 (TID 1403)) 2.466ms
[395.832s][info][gc          ] Allocation Stall (Executor task launch worker for task 36.0 in stage 84.0 (TID 1399)) 2.477ms
[395.832s][info][gc          ] Allocation Stall (Executor task launch worker for task 47.0 in stage 84.0 (TID 1406)) 2.508ms
[395.832s][info][gc          ] Allocation Stall (Executor task launch worker for task 22.0 in stage 84.0 (TID 1388)) 2.537ms
[395.832s][info][gc          ] Allocation Stall (Executor task launch worker for task 16.0 in stage 84.0 (TID 1384)) 2.568ms
[395.832s][info][gc          ] Allocation Stall (Executor task launch worker for task 37.0 in stage 84.0 (TID 1400)) 2.222ms
[395.832s][info][gc          ] Allocation Stall (Executor task launch worker for task 2.0 in stage 84.0 (TID 1373)) 2.200ms
[395.832s][info][gc          ] Allocation Stall (Executor task launch worker for task 24.0 in stage 84.0 (TID 1413)) 2.206ms
[395.832s][info][gc          ] Allocation Stall (Executor task launch worker for task 6.0 in stage 84.0 (TID 1376)) 1.518ms
[395.832s][info][gc          ] Allocation Stall (Executor task launch worker for task 13.0 in stage 84.0 (TID 1382)) 1.509ms
[395.832s][info][gc          ] Allocation Stall (Executor task launch worker for task 45.0 in stage 84.0 (TID 1418)) 1.420ms
[395.832s][info][gc          ] Allocation Stall (Executor task launch worker for task 21.0 in stage 84.0 (TID 1387)) 1.349ms
[395.832s][info][gc          ] Allocation Stall (Executor task launch worker for task 1.0 in stage 84.0 (TID 1372)) 1.277ms
[395.832s][info][gc          ] Allocation Stall (Executor task launch worker for task 20.0 in stage 84.0 (TID 1412)) 1.119ms
[395.832s][info][gc          ] Allocation Stall (Executor task launch worker for task 0.0 in stage 84.0 (TID 1407)) 1.077ms
[395.832s][info][gc          ] Allocation Stall (Executor task launch worker for task 11.0 in stage 84.0 (TID 1409)) 1.075ms
[395.832s][info][gc          ] Allocation Stall (Executor task launch worker for task 4.0 in stage 84.0 (TID 1374)) 1.116ms
[395.832s][info][gc          ] Allocation Stall (Executor task launch worker for task 42.0 in stage 84.0 (TID 1416)) 1.031ms
[395.832s][info][gc          ] Allocation Stall (Executor task launch worker for task 26.0 in stage 84.0 (TID 1391)) 1.033ms
[395.832s][info][gc          ] Allocation Stall (Executor task launch worker for task 39.0 in stage 84.0 (TID 1402)) 1.058ms
[395.832s][info][gc          ] Allocation Stall (Executor task launch worker for task 34.0 in stage 84.0 (TID 1398)) 1.096ms
[395.832s][info][gc          ] Allocation Stall (Executor task launch worker for task 33.0 in stage 84.0 (TID 1397)) 1.145ms
[395.833s][info][gc          ] Allocation Stall (Executor task launch worker for task 18.0 in stage 84.0 (TID 1386)) 1.171ms
[395.833s][info][gc          ] Allocation Stall (Executor task launch worker for task 7.0 in stage 84.0 (TID 1377)) 1.160ms
[395.857s][info][gc          ] Allocation Stall (Executor task launch worker for task 18.0 in stage 84.0 (TID 1386)) 2.438ms
[395.864s][info][gc,phases   ] GC(2191) Concurrent Process Non-Strong References 38.829ms
[395.864s][info][gc,phases   ] GC(2191) Concurrent Reset Relocation Set 0.005ms
[395.864s][info][gc          ] Allocation Stall (Executor task launch worker for task 20.0 in stage 84.0 (TID 1412)) 0.996ms
[395.864s][info][gc          ] Allocation Stall (Executor task launch worker for task 22.0 in stage 84.0 (TID 1388)) 0.973ms
[395.864s][info][gc          ] Allocation Stall (Executor task launch worker for task 34.0 in stage 84.0 (TID 1398)) 0.608ms
[395.864s][info][gc          ] Allocation Stall (Executor task launch worker for task 25.0 in stage 84.0 (TID 1390)) 0.342ms
[395.864s][info][gc          ] Allocation Stall (Executor task launch worker for task 45.0 in stage 84.0 (TID 1418)) 0.740ms
[395.864s][info][gc          ] Allocation Stall (Executor task launch worker for task 40.0 in stage 84.0 (TID 1403)) 3.941ms
[395.864s][info][gc          ] Allocation Stall (Executor task launch worker for task 44.0 in stage 84.0 (TID 1417)) 4.152ms
[395.864s][info][gc          ] Allocation Stall (Executor task launch worker for task 11.0 in stage 84.0 (TID 1409)) 0.759ms
[395.864s][info][gc          ] Allocation Stall (Executor task launch worker for task 47.0 in stage 84.0 (TID 1406)) 3.951ms
[395.864s][info][gc          ] Allocation Stall (Executor task launch worker for task 39.0 in stage 84.0 (TID 1402)) 0.857ms
[395.864s][info][gc          ] Allocation Stall (Executor task launch worker for task 43.0 in stage 84.0 (TID 1405)) 0.866ms
[395.864s][info][gc          ] Allocation Stall (Executor task launch worker for task 46.0 in stage 84.0 (TID 1419)) 0.723ms
[395.864s][info][gc          ] Allocation Stall (Executor task launch worker for task 36.0 in stage 84.0 (TID 1399)) 0.283ms
[395.864s][info][gc          ] Allocation Stall (Executor task launch worker for task 32.0 in stage 84.0 (TID 1396)) 0.225ms
[395.868s][info][gc,phases   ] GC(2191) Concurrent Select Relocation Set 4.483ms
[395.869s][info][gc,phases   ] GC(2191) Pause Relocate Start 0.007ms
[395.886s][info][gc,phases   ] GC(2191) Concurrent Relocate 6.407ms
[395.886s][info][gc,load     ] GC(2191) Load: 0.00/0.00/0.00
[395.886s][info][gc,mmu      ] GC(2191) MMU: 2ms/86.2%, 5ms/94.5%, 10ms/97.2%, 20ms/98.6%, 50ms/99.4%, 100ms/99.6%
[395.886s][info][gc,marking  ] GC(2191) Mark: 8 stripe(s), 2 proactive flush(es), 1 terminate flush(es), 0 completion(s), 0 continuation(s) 
[395.886s][info][gc,marking  ] GC(2191) Mark Stack Usage: 32M
[395.886s][info][gc,nmethod  ] GC(2191) NMethods: 8155 registered, 1289 unregistered
[395.886s][info][gc,metaspace] GC(2191) Metaspace: 121M used, 123M committed, 1152M reserved
[395.886s][info][gc,ref      ] GC(2191) Soft: 3749 encountered, 311 discovered, 0 enqueued
[395.886s][info][gc,ref      ] GC(2191) Weak: 14708 encountered, 4524 discovered, 57 enqueued
[395.886s][info][gc,ref      ] GC(2191) Final: 84 encountered, 3 discovered, 0 enqueued
[395.886s][info][gc,ref      ] GC(2191) Phantom: 764 encountered, 418 discovered, 0 enqueued
[395.886s][info][gc,reloc    ] GC(2191) Small Pages: 324 / 648M, Empty: 274M, Relocated: 15M, In-Place: 0
[395.887s][info][gc,reloc    ] GC(2191) Medium Pages: 34 / 1088M, Empty: 0M, Relocated: 0M, In-Place: 0
[395.887s][info][gc,reloc    ] GC(2191) Large Pages: 0 / 0M, Empty: 0M, Relocated: 0M, In-Place: 0
[395.887s][info][gc,reloc    ] GC(2191) Forwarding Usage: 1M
[395.887s][info][gc,heap     ] GC(2191) Min Capacity: 8M(0%)
[395.887s][info][gc,heap     ] GC(2191) Max Capacity: 2048M(100%)
[395.887s][info][gc,heap     ] GC(2191) Soft Max Capacity: 2048M(100%)
[395.887s][info][gc,heap     ] GC(2191)                Mark Start          Mark End        Relocate Start      Relocate End           High               Low         
[395.887s][info][gc,heap     ] GC(2191)  Capacity:     2048M (100%)       2048M (100%)       2048M (100%)       2048M (100%)       2048M (100%)       2048M (100%)   
[395.887s][info][gc,heap     ] GC(2191)      Free:      312M (15%)          88M (4%)          254M (12%)         422M (21%)         422M (21%)           0M (0%)     
[395.887s][info][gc,heap     ] GC(2191)      Used:     1736M (85%)        1960M (96%)        1794M (88%)        1626M (79%)        2048M (100%)       1626M (79%)    
[395.887s][info][gc,heap     ] GC(2191)      Live:         -              1030M (50%)        1030M (50%)        1030M (50%)            -                  -          
[395.887s][info][gc,heap     ] GC(2191) Allocated:         -               224M (11%)         332M (16%)         446M (22%)            -                  -          
[395.887s][info][gc,heap     ] GC(2191)   Garbage:         -               705M (34%)         431M (21%)         149M (7%)             -                  -          
[395.887s][info][gc,heap     ] GC(2191) Reclaimed:         -                  -               274M (13%)         556M (27%)            -                  -          
[395.887s][info][gc          ] GC(2191) Garbage Collection (Allocation Rate) 1736M(85%)->1626M(79%)
[395.942s][info][gc,start    ] GC(2192) Garbage Collection (Allocation Stall)
[395.942s][info][gc,ref      ] GC(2192) Clearing All SoftReferences
[395.942s][info][gc,task     ] GC(2192) Using 12 workers
[395.942s][info][gc,ref      ] GC(2192) Clearing All SoftReferences
[395.942s][info][gc,phases   ] GC(2192) Pause Mark Start 0.026ms
[395.954s][info][gc          ] Allocation Stall (Executor task launch worker for task 41.0 in stage 84.0 (TID 1404)) 0.097ms
[395.955s][info][gc          ] Allocation Stall (Executor task launch worker for task 33.0 in stage 84.0 (TID 1397)) 0.302ms
[395.973s][info][gc,phases   ] GC(2192) Concurrent Mark 18.401ms
[395.973s][info][gc,phases   ] GC(2192) Pause Mark End 0.025ms
[395.973s][info][gc,phases   ] GC(2192) Concurrent Mark Free 0.001ms
[396.001s][info][gc,phases   ] GC(2192) Concurrent Process Non-Strong References 27.505ms
[396.001s][info][gc,phases   ] GC(2192) Concurrent Reset Relocation Set 0.024ms
[396.001s][info][gc          ] Allocation Stall (Executor task launch worker for task 8.0 in stage 84.0 (TID 1378)) 46.462ms
[396.001s][info][gc          ] Allocation Stall (Executor task launch worker for task 40.0 in stage 84.0 (TID 1403)) 46.314ms
[396.001s][info][gc          ] Allocation Stall (Executor task launch worker for task 23.0 in stage 84.0 (TID 1389)) 45.718ms
[396.001s][info][gc          ] Allocation Stall (Executor task launch worker for task 21.0 in stage 84.0 (TID 1387)) 46.526ms
[396.001s][info][gc          ] Allocation Stall (Executor task launch worker for task 18.0 in stage 84.0 (TID 1386)) 46.520ms
[396.001s][info][gc          ] Allocation Stall (Executor task launch worker for task 26.0 in stage 84.0 (TID 1391)) 45.749ms
[396.001s][info][gc          ] Allocation Stall (Executor task launch worker for task 33.0 in stage 84.0 (TID 1397)) 45.733ms
[396.001s][info][gc          ] Allocation Stall (Executor task launch worker for task 17.0 in stage 84.0 (TID 1385)) 45.699ms
[396.001s][info][gc          ] Allocation Stall (Executor task launch worker for task 12.0 in stage 84.0 (TID 1381)) 46.467ms
[396.001s][info][gc          ] Allocation Stall (Executor task launch worker for task 1.0 in stage 84.0 (TID 1372)) 46.135ms
[396.001s][info][gc          ] Allocation Stall (Executor task launch worker for task 32.0 in stage 84.0 (TID 1396)) 46.381ms
[396.001s][info][gc          ] Allocation Stall (Executor task launch worker for task 47.0 in stage 84.0 (TID 1406)) 46.138ms
[396.001s][info][gc          ] Allocation Stall (Executor task launch worker for task 37.0 in stage 84.0 (TID 1400)) 46.586ms
[396.001s][info][gc          ] Allocation Stall (Executor task launch worker for task 43.0 in stage 84.0 (TID 1405)) 46.552ms
[396.001s][info][gc          ] Allocation Stall (Executor task launch worker for task 25.0 in stage 84.0 (TID 1390)) 46.186ms
[396.001s][info][gc          ] Allocation Stall (Executor task launch worker for task 24.0 in stage 84.0 (TID 1413)) 46.487ms
[396.001s][info][gc          ] Allocation Stall (Executor task launch worker for task 31.0 in stage 84.0 (TID 1395)) 45.831ms
[396.001s][info][gc          ] Allocation Stall (Executor task launch worker for task 15.0 in stage 84.0 (TID 1383)) 46.208ms
[396.001s][info][gc          ] Allocation Stall (Executor task launch worker for task 5.0 in stage 84.0 (TID 1375)) 46.433ms
[396.001s][info][gc          ] Allocation Stall (Executor task launch worker for task 2.0 in stage 84.0 (TID 1373)) 45.808ms
[396.001s][info][gc          ] Allocation Stall (Executor task launch worker for task 28.0 in stage 84.0 (TID 1393)) 45.851ms
[396.001s][info][gc          ] Allocation Stall (Executor task launch worker for task 19.0 in stage 84.0 (TID 1411)) 46.662ms
[396.001s][info][gc          ] Allocation Stall (Executor task launch worker for task 27.0 in stage 84.0 (TID 1392)) 46.719ms
[396.001s][info][gc          ] Allocation Stall (Executor task launch worker for task 45.0 in stage 84.0 (TID 1418)) 46.476ms
[396.001s][info][gc          ] Allocation Stall (Executor task launch worker for task 6.0 in stage 84.0 (TID 1376)) 45.875ms
[396.001s][info][gc          ] Allocation Stall (Executor task launch worker for task 42.0 in stage 84.0 (TID 1416)) 46.245ms
[396.001s][info][gc          ] Allocation Stall (Executor task launch worker for task 3.0 in stage 84.0 (TID 1408)) 46.366ms
[396.001s][info][gc          ] Allocation Stall (Executor task launch worker for task 30.0 in stage 84.0 (TID 1414)) 46.733ms
[396.001s][info][gc          ] Allocation Stall (Executor task launch worker for task 44.0 in stage 84.0 (TID 1417)) 46.474ms
[396.001s][info][gc          ] Allocation Stall (Executor task launch worker for task 46.0 in stage 84.0 (TID 1419)) 46.200ms
[396.001s][info][gc          ] Allocation Stall (Executor task launch worker for task 11.0 in stage 84.0 (TID 1409)) 46.748ms
[396.001s][info][gc          ] Allocation Stall (Executor task launch worker for task 29.0 in stage 84.0 (TID 1394)) 45.894ms
[396.001s][info][gc          ] Allocation Stall (Executor task launch worker for task 22.0 in stage 84.0 (TID 1388)) 46.646ms
[396.001s][info][gc          ] Allocation Stall (Executor task launch worker for task 39.0 in stage 84.0 (TID 1402)) 46.653ms
[396.001s][info][gc          ] Allocation Stall (Executor task launch worker for task 16.0 in stage 84.0 (TID 1384)) 46.501ms
[396.001s][info][gc          ] Allocation Stall (Executor task launch worker for task 10.0 in stage 84.0 (TID 1380)) 46.175ms
[396.001s][info][gc          ] Allocation Stall (Executor task launch worker for task 9.0 in stage 84.0 (TID 1379)) 46.505ms
[396.001s][info][gc          ] Allocation Stall (Executor task launch worker for task 41.0 in stage 84.0 (TID 1404)) 45.923ms
[396.001s][info][gc          ] Allocation Stall (Executor task launch worker for task 34.0 in stage 84.0 (TID 1398)) 46.340ms
[396.001s][info][gc          ] Allocation Stall (Executor task launch worker for task 4.0 in stage 84.0 (TID 1374)) 45.932ms
[396.001s][info][gc          ] Allocation Stall (Executor task launch worker for task 13.0 in stage 84.0 (TID 1382)) 46.120ms
[396.001s][info][gc          ] Allocation Stall (Executor task launch worker for task 7.0 in stage 84.0 (TID 1377)) 46.363ms
[396.001s][info][gc          ] Allocation Stall (Executor task launch worker for task 38.0 in stage 84.0 (TID 1401)) 46.757ms
[396.001s][info][gc          ] Allocation Stall (Executor task launch worker for task 35.0 in stage 84.0 (TID 1415)) 46.223ms
[396.001s][info][gc          ] Allocation Stall (Executor task launch worker for task 20.0 in stage 84.0 (TID 1412)) 46.494ms
[396.001s][info][gc          ] Allocation Stall (Executor task launch worker for task 14.0 in stage 84.0 (TID 1410)) 46.273ms
[396.001s][info][gc          ] Allocation Stall (Executor task launch worker for task 0.0 in stage 84.0 (TID 1407)) 46.600ms
[396.001s][info][gc          ] Allocation Stall (Executor task launch worker for task 36.0 in stage 84.0 (TID 1399)) 45.994ms
[396.005s][info][gc,phases   ] GC(2192) Concurrent Select Relocation Set 4.699ms
[396.006s][info][gc,phases   ] GC(2192) Pause Relocate Start 0.013ms
[396.040s][info][gc,phases   ] GC(2192) Concurrent Relocate 4.184ms
[396.040s][info][gc,load     ] GC(2192) Load: 0.00/0.00/0.00
[396.040s][info][gc,mmu      ] GC(2192) MMU: 2ms/86.2%, 5ms/94.5%, 10ms/97.2%, 20ms/98.6%, 50ms/99.4%, 100ms/99.6%
[396.040s][info][gc,marking  ] GC(2192) Mark: 8 stripe(s), 2 proactive flush(es), 1 terminate flush(es), 0 completion(s), 0 continuation(s) 
[396.040s][info][gc,marking  ] GC(2192) Mark Stack Usage: 32M
[396.040s][info][gc,nmethod  ] GC(2192) NMethods: 8123 registered, 1321 unregistered
[396.040s][info][gc,metaspace] GC(2192) Metaspace: 120M used, 123M committed, 1152M reserved
[396.040s][info][gc,ref      ] GC(2192) Soft: 3563 encountered, 1219 discovered, 686 enqueued
[396.040s][info][gc,ref      ] GC(2192) Weak: 14469 encountered, 4063 discovered, 93 enqueued
[396.040s][info][gc,ref      ] GC(2192) Final: 84 encountered, 1 discovered, 0 enqueued
[396.040s][info][gc,ref      ] GC(2192) Phantom: 764 encountered, 550 discovered, 0 enqueued
[396.040s][info][gc,reloc    ] GC(2192) Small Pages: 399 / 798M, Empty: 592M, Relocated: 6M, In-Place: 0
[396.040s][info][gc,reloc    ] GC(2192) Medium Pages: 35 / 1120M, Empty: 0M, Relocated: 0M, In-Place: 0
[396.040s][info][gc,reloc    ] GC(2192) Large Pages: 0 / 0M, Empty: 0M, Relocated: 0M, In-Place: 0
[396.040s][info][gc,reloc    ] GC(2192) Forwarding Usage: 1M
[396.040s][info][gc,heap     ] GC(2192) Min Capacity: 8M(0%)
[396.040s][info][gc,heap     ] GC(2192) Max Capacity: 2048M(100%)
[396.040s][info][gc,heap     ] GC(2192) Soft Max Capacity: 2048M(100%)
[396.040s][info][gc,heap     ] GC(2192)                Mark Start          Mark End        Relocate Start      Relocate End           High               Low         
[396.040s][info][gc,heap     ] GC(2192)  Capacity:     2048M (100%)       2048M (100%)       2048M (100%)       2048M (100%)       2048M (100%)       2048M (100%)   
[396.040s][info][gc,heap     ] GC(2192)      Free:      130M (6%)            0M (0%)          532M (26%)         456M (22%)         546M (27%)           0M (0%)     
[396.040s][info][gc,heap     ] GC(2192)      Used:     1918M (94%)        2048M (100%)       1516M (74%)        1592M (78%)        2048M (100%)       1502M (73%)    
[396.040s][info][gc,heap     ] GC(2192)      Live:         -              1034M (51%)        1034M (51%)        1034M (51%)            -                  -          
[396.040s][info][gc,heap     ] GC(2192) Allocated:         -               130M (6%)          190M (9%)          379M (19%)            -                  -          
[396.040s][info][gc,heap     ] GC(2192)   Garbage:         -               883M (43%)         291M (14%)         178M (9%)             -                  -          
[396.040s][info][gc,heap     ] GC(2192) Reclaimed:         -                  -               592M (29%)         705M (34%)            -                  -          
[396.040s][info][gc          ] GC(2192) Garbage Collection (Allocation Stall) 1918M(94%)->1592M(78%)
[396.051s][info][gc,start    ] GC(2193) Garbage Collection (Allocation Stall)
[396.051s][info][gc,ref      ] GC(2193) Clearing All SoftReferences
[396.051s][info][gc,task     ] GC(2193) Using 12 workers
[396.067s][info][gc,ref      ] GC(2193) Clearing All SoftReferences
[396.067s][info][gc,phases   ] GC(2193) Pause Mark Start 0.038ms
[396.103s][info][gc          ] Allocation Stall (Executor task launch worker for task 25.0 in stage 84.0 (TID 1390)) 1.990ms
[396.103s][info][gc          ] Allocation Stall (Executor task launch worker for task 15.0 in stage 84.0 (TID 1383)) 2.048ms
[396.103s][info][gc          ] Allocation Stall (Executor task launch worker for task 45.0 in stage 84.0 (TID 1418)) 2.088ms
[396.103s][info][gc          ] Allocation Stall (Executor task launch worker for task 22.0 in stage 84.0 (TID 1388)) 2.139ms
[396.104s][info][gc          ] Allocation Stall (Executor task launch worker for task 1.0 in stage 84.0 (TID 1372)) 2.136ms
[396.104s][info][gc          ] Allocation Stall (Executor task launch worker for task 38.0 in stage 84.0 (TID 1401)) 2.169ms
[396.104s][info][gc          ] Allocation Stall (Executor task launch worker for task 43.0 in stage 84.0 (TID 1405)) 2.222ms
[396.104s][info][gc          ] Allocation Stall (Executor task launch worker for task 9.0 in stage 84.0 (TID 1379)) 2.277ms
[396.104s][info][gc          ] Allocation Stall (Executor task launch worker for task 41.0 in stage 84.0 (TID 1404)) 2.325ms
[396.104s][info][gc          ] Allocation Stall (Executor task launch worker for task 31.0 in stage 84.0 (TID 1395)) 2.367ms
[396.104s][info][gc          ] Allocation Stall (Executor task launch worker for task 24.0 in stage 84.0 (TID 1413)) 2.393ms
[396.104s][info][gc          ] Allocation Stall (Executor task launch worker for task 4.0 in stage 84.0 (TID 1374)) 2.421ms
[396.104s][info][gc          ] Allocation Stall (Executor task launch worker for task 33.0 in stage 84.0 (TID 1397)) 2.456ms
[396.104s][info][gc          ] Allocation Stall (Executor task launch worker for task 18.0 in stage 84.0 (TID 1386)) 2.288ms
[396.104s][info][gc          ] Allocation Stall (Executor task launch worker for task 14.0 in stage 84.0 (TID 1410)) 1.778ms
[396.104s][info][gc          ] Allocation Stall (Executor task launch worker for task 40.0 in stage 84.0 (TID 1403)) 1.632ms
[396.104s][info][gc          ] Allocation Stall (Executor task launch worker for task 29.0 in stage 84.0 (TID 1394)) 1.617ms
[396.104s][info][gc          ] Allocation Stall (Executor task launch worker for task 2.0 in stage 84.0 (TID 1373)) 1.614ms
[396.104s][info][gc          ] Allocation Stall (Executor task launch worker for task 42.0 in stage 84.0 (TID 1416)) 1.659ms
[396.104s][info][gc          ] Allocation Stall (Executor task launch worker for task 10.0 in stage 84.0 (TID 1380)) 1.591ms
[396.104s][info][gc          ] Allocation Stall (Executor task launch worker for task 46.0 in stage 84.0 (TID 1419)) 1.637ms
[396.105s][info][gc          ] Allocation Stall (Executor task launch worker for task 20.0 in stage 84.0 (TID 1412)) 2.246ms
[396.105s][info][gc          ] Allocation Stall (Executor task launch worker for task 26.0 in stage 84.0 (TID 1391)) 2.292ms
[396.105s][info][gc          ] Allocation Stall (Executor task launch worker for task 0.0 in stage 84.0 (TID 1407)) 2.338ms
[396.105s][info][gc          ] Allocation Stall (Executor task launch worker for task 17.0 in stage 84.0 (TID 1385)) 2.398ms
[396.105s][info][gc          ] Allocation Stall (Executor task launch worker for task 23.0 in stage 84.0 (TID 1389)) 2.443ms
[396.105s][info][gc          ] Allocation Stall (Executor task launch worker for task 5.0 in stage 84.0 (TID 1375)) 2.498ms
[396.110s][info][gc          ] Allocation Stall (Executor task launch worker for task 30.0 in stage 84.0 (TID 1414)) 7.492ms
[396.112s][info][gc          ] Allocation Stall (Executor task launch worker for task 21.0 in stage 84.0 (TID 1387)) 9.194ms
[396.112s][info][gc          ] Allocation Stall (Executor task launch worker for task 35.0 in stage 84.0 (TID 1415)) 9.005ms
[396.114s][info][gc          ] Allocation Stall (Executor task launch worker for task 25.0 in stage 84.0 (TID 1390)) 4.651ms
[396.114s][info][gc          ] Allocation Stall (Executor task launch worker for task 36.0 in stage 84.0 (TID 1399)) 4.268ms
[396.118s][info][gc          ] Allocation Stall (Executor task launch worker for task 4.0 in stage 84.0 (TID 1374)) 7.003ms
[396.118s][info][gc          ] Allocation Stall (Executor task launch worker for task 46.0 in stage 84.0 (TID 1419)) 7.020ms
[396.118s][info][gc          ] Allocation Stall (Executor task launch worker for task 0.0 in stage 84.0 (TID 1407)) 5.035ms
[396.122s][info][gc          ] Allocation Stall (Executor task launch worker for task 9.0 in stage 84.0 (TID 1379)) 10.078ms
[396.127s][info][gc          ] Allocation Stall (Executor task launch worker for task 20.0 in stage 84.0 (TID 1412)) 13.032ms
[396.127s][info][gc          ] Allocation Stall (Executor task launch worker for task 5.0 in stage 84.0 (TID 1375)) 13.091ms
[396.127s][info][gc          ] Allocation Stall (Executor task launch worker for task 11.0 in stage 84.0 (TID 1409)) 13.010ms
[396.127s][info][gc          ] Allocation Stall (Executor task launch worker for task 22.0 in stage 84.0 (TID 1388)) 11.374ms
[396.127s][info][gc          ] Allocation Stall (Executor task launch worker for task 16.0 in stage 84.0 (TID 1384)) 8.700ms
[396.127s][info][gc          ] Allocation Stall (Executor task launch worker for task 2.0 in stage 84.0 (TID 1373)) 8.699ms
[396.160s][info][gc,phases   ] GC(2193) Concurrent Mark 59.406ms
[396.161s][info][gc,phases   ] GC(2193) Pause Mark End 0.019ms
[396.161s][info][gc,phases   ] GC(2193) Concurrent Mark Free 0.001ms
[396.164s][info][gc,phases   ] GC(2193) Concurrent Process Non-Strong References 3.365ms
[396.164s][info][gc,phases   ] GC(2193) Concurrent Reset Relocation Set 0.009ms
[396.164s][info][gc          ] Allocation Stall (Executor task launch worker for task 12.0 in stage 84.0 (TID 1381)) 31.112ms
[396.164s][info][gc          ] Allocation Stall (Executor task launch worker for task 28.0 in stage 84.0 (TID 1393)) 34.257ms
[396.164s][info][gc          ] Allocation Stall (Executor task launch worker for task 20.0 in stage 84.0 (TID 1412)) 32.346ms
[396.164s][info][gc          ] Allocation Stall (Executor task launch worker for task 4.0 in stage 84.0 (TID 1374)) 30.626ms
[396.164s][info][gc          ] Allocation Stall (Executor task launch worker for task 8.0 in stage 84.0 (TID 1378)) 30.931ms
[396.164s][info][gc          ] Allocation Stall (Executor task launch worker for task 16.0 in stage 84.0 (TID 1384)) 30.902ms
[396.164s][info][gc          ] Allocation Stall (Executor task launch worker for task 26.0 in stage 84.0 (TID 1391)) 42.325ms
[396.164s][info][gc          ] Allocation Stall (Executor task launch worker for task 1.0 in stage 84.0 (TID 1372)) 31.202ms
[396.164s][info][gc          ] Allocation Stall (Executor task launch worker for task 22.0 in stage 84.0 (TID 1388)) 30.473ms
[396.164s][info][gc          ] Allocation Stall (Executor task launch worker for task 10.0 in stage 84.0 (TID 1380)) 32.625ms
[396.164s][info][gc          ] Allocation Stall (Executor task launch worker for task 41.0 in stage 84.0 (TID 1404)) 33.284ms
[396.164s][info][gc          ] Allocation Stall (Executor task launch worker for task 43.0 in stage 84.0 (TID 1405)) 30.150ms
[396.164s][info][gc          ] Allocation Stall (Executor task launch worker for task 24.0 in stage 84.0 (TID 1413)) 33.471ms
[396.164s][info][gc          ] Allocation Stall (Executor task launch worker for task 18.0 in stage 84.0 (TID 1386)) 31.557ms
[396.164s][info][gc          ] Allocation Stall (Executor task launch worker for task 36.0 in stage 84.0 (TID 1399)) 31.555ms
[396.164s][info][gc          ] Allocation Stall (Executor task launch worker for task 13.0 in stage 84.0 (TID 1382)) 30.927ms
[396.164s][info][gc          ] Allocation Stall (Executor task launch worker for task 9.0 in stage 84.0 (TID 1379)) 29.766ms
[396.164s][info][gc          ] Allocation Stall (Executor task launch worker for task 5.0 in stage 84.0 (TID 1375)) 30.924ms
[396.164s][info][gc          ] Allocation Stall (Executor task launch worker for task 45.0 in stage 84.0 (TID 1418)) 34.563ms
[396.164s][info][gc          ] Allocation Stall (Executor task launch worker for task 39.0 in stage 84.0 (TID 1402)) 38.908ms
[396.164s][info][gc          ] Allocation Stall (Executor task launch worker for task 14.0 in stage 84.0 (TID 1410)) 30.132ms
[396.164s][info][gc          ] Allocation Stall (Executor task launch worker for task 46.0 in stage 84.0 (TID 1419)) 30.526ms
[396.164s][info][gc          ] Allocation Stall (Executor task launch worker for task 34.0 in stage 84.0 (TID 1398)) 30.777ms
[396.164s][info][gc          ] Allocation Stall (Executor task launch worker for task 11.0 in stage 84.0 (TID 1409)) 28.640ms
[396.164s][info][gc          ] Allocation Stall (Executor task launch worker for task 19.0 in stage 84.0 (TID 1411)) 30.831ms
[396.164s][info][gc          ] Allocation Stall (Executor task launch worker for task 6.0 in stage 84.0 (TID 1376)) 37.550ms
[396.164s][info][gc          ] Allocation Stall (Executor task launch worker for task 17.0 in stage 84.0 (TID 1385)) 29.909ms
[396.164s][info][gc          ] Allocation Stall (Executor task launch worker for task 42.0 in stage 84.0 (TID 1416)) 34.767ms
[396.164s][info][gc          ] Allocation Stall (Executor task launch worker for task 44.0 in stage 84.0 (TID 1417)) 29.728ms
[396.164s][info][gc          ] Allocation Stall (Executor task launch worker for task 38.0 in stage 84.0 (TID 1401)) 30.978ms
[396.164s][info][gc          ] Allocation Stall (Executor task launch worker for task 2.0 in stage 84.0 (TID 1373)) 29.869ms
[396.164s][info][gc          ] Allocation Stall (Executor task launch worker for task 40.0 in stage 84.0 (TID 1403)) 30.899ms
[396.164s][info][gc          ] Allocation Stall (Executor task launch worker for task 32.0 in stage 84.0 (TID 1396)) 33.318ms
[396.164s][info][gc          ] Allocation Stall (Executor task launch worker for task 15.0 in stage 84.0 (TID 1383)) 35.123ms
[396.164s][info][gc          ] Allocation Stall (Executor task launch worker for task 47.0 in stage 84.0 (TID 1406)) 39.734ms
[396.164s][info][gc          ] Allocation Stall (Executor task launch worker for task 30.0 in stage 84.0 (TID 1414)) 39.260ms
[396.164s][info][gc          ] Allocation Stall (Executor task launch worker for task 31.0 in stage 84.0 (TID 1395)) 38.763ms
[396.164s][info][gc          ] Allocation Stall (Executor task launch worker for task 33.0 in stage 84.0 (TID 1397)) 38.692ms
[396.164s][info][gc          ] Allocation Stall (Executor task launch worker for task 35.0 in stage 84.0 (TID 1415)) 44.255ms
[396.164s][info][gc          ] Allocation Stall (Executor task launch worker for task 7.0 in stage 84.0 (TID 1377)) 39.682ms
[396.164s][info][gc          ] Allocation Stall (Executor task launch worker for task 27.0 in stage 84.0 (TID 1392)) 42.639ms
[396.164s][info][gc          ] Allocation Stall (Executor task launch worker for task 3.0 in stage 84.0 (TID 1408)) 33.646ms
[396.164s][info][gc          ] Allocation Stall (Executor task launch worker for task 0.0 in stage 84.0 (TID 1407)) 39.551ms
[396.164s][info][gc          ] Allocation Stall (Executor task launch worker for task 23.0 in stage 84.0 (TID 1389)) 45.806ms
[396.164s][info][gc          ] Allocation Stall (Executor task launch worker for task 25.0 in stage 84.0 (TID 1390)) 39.406ms
[396.164s][info][gc          ] Allocation Stall (Executor task launch worker for task 37.0 in stage 84.0 (TID 1400)) 39.617ms
[396.164s][info][gc          ] Allocation Stall (Executor task launch worker for task 29.0 in stage 84.0 (TID 1394)) 31.709ms
[396.164s][info][gc          ] Allocation Stall (Executor task launch worker for task 21.0 in stage 84.0 (TID 1387)) 44.051ms
[396.183s][info][gc,phases   ] GC(2193) Concurrent Select Relocation Set 18.489ms
[396.183s][info][gc,phases   ] GC(2193) Pause Relocate Start 0.008ms
[396.228s][info][gc          ] Allocation Stall (Executor task launch worker for task 16.0 in stage 84.0 (TID 1384)) 1.463ms
[396.228s][info][gc          ] Allocation Stall (Executor task launch worker for task 1.0 in stage 84.0 (TID 1372)) 4.200ms
[396.228s][info][gc          ] Allocation Stall (Executor task launch worker for task 4.0 in stage 84.0 (TID 1374)) 1.262ms
[396.228s][info][gc          ] Allocation Stall (Executor task launch worker for task 41.0 in stage 84.0 (TID 1404)) 1.562ms
[396.228s][info][gc          ] Allocation Stall (Executor task launch worker for task 5.0 in stage 84.0 (TID 1375)) 1.439ms
[396.228s][info][gc          ] Allocation Stall (Executor task launch worker for task 20.0 in stage 84.0 (TID 1412)) 1.416ms
[396.228s][info][gc          ] Allocation Stall (Executor task launch worker for task 38.0 in stage 84.0 (TID 1401)) 3.213ms
[396.228s][info][gc          ] Allocation Stall (Executor task launch worker for task 26.0 in stage 84.0 (TID 1391)) 1.472ms
[396.228s][info][gc          ] Allocation Stall (Executor task launch worker for task 22.0 in stage 84.0 (TID 1388)) 1.744ms
[396.228s][info][gc          ] Allocation Stall (Executor task launch worker for task 44.0 in stage 84.0 (TID 1417)) 4.495ms
[396.228s][info][gc          ] Allocation Stall (Executor task launch worker for task 3.0 in stage 84.0 (TID 1408)) 1.800ms
[396.228s][info][gc          ] Allocation Stall (Executor task launch worker for task 27.0 in stage 84.0 (TID 1392)) 4.495ms
[396.228s][info][gc          ] Allocation Stall (Executor task launch worker for task 12.0 in stage 84.0 (TID 1381)) 4.312ms
[396.228s][info][gc          ] Allocation Stall (Executor task launch worker for task 33.0 in stage 84.0 (TID 1397)) 4.300ms
[396.228s][info][gc          ] Allocation Stall (Executor task launch worker for task 40.0 in stage 84.0 (TID 1403)) 4.267ms
[396.228s][info][gc          ] Allocation Stall (Executor task launch worker for task 24.0 in stage 84.0 (TID 1413)) 4.247ms
[396.229s][info][gc          ] Allocation Stall (Executor task launch worker for task 34.0 in stage 84.0 (TID 1398)) 2.122ms
[396.229s][info][gc          ] Allocation Stall (Executor task launch worker for task 45.0 in stage 84.0 (TID 1418)) 2.146ms
[396.229s][info][gc          ] Allocation Stall (Executor task launch worker for task 2.0 in stage 84.0 (TID 1373)) 2.142ms
[396.229s][info][gc          ] Allocation Stall (Executor task launch worker for task 37.0 in stage 84.0 (TID 1400)) 2.163ms
[396.229s][info][gc          ] Allocation Stall (Executor task launch worker for task 47.0 in stage 84.0 (TID 1406)) 1.952ms
[396.229s][info][gc          ] Allocation Stall (Executor task launch worker for task 18.0 in stage 84.0 (TID 1386)) 2.047ms
[396.229s][info][gc          ] Allocation Stall (Executor task launch worker for task 39.0 in stage 84.0 (TID 1402)) 1.956ms
[396.229s][info][gc          ] Allocation Stall (Executor task launch worker for task 31.0 in stage 84.0 (TID 1395)) 1.892ms
[396.229s][info][gc          ] Allocation Stall (Executor task launch worker for task 9.0 in stage 84.0 (TID 1379)) 1.875ms
[396.229s][info][gc          ] Allocation Stall (Executor task launch worker for task 21.0 in stage 84.0 (TID 1387)) 1.872ms
[396.229s][info][gc          ] Allocation Stall (Executor task launch worker for task 6.0 in stage 84.0 (TID 1376)) 1.766ms
[396.229s][info][gc          ] Allocation Stall (Executor task launch worker for task 10.0 in stage 84.0 (TID 1380)) 1.766ms
[396.229s][info][gc          ] Allocation Stall (Executor task launch worker for task 30.0 in stage 84.0 (TID 1414)) 1.592ms
[396.229s][info][gc          ] Allocation Stall (Executor task launch worker for task 7.0 in stage 84.0 (TID 1377)) 1.584ms
[396.229s][info][gc          ] Allocation Stall (Executor task launch worker for task 42.0 in stage 84.0 (TID 1416)) 1.615ms
[396.229s][info][gc          ] Allocation Stall (Executor task launch worker for task 11.0 in stage 84.0 (TID 1409)) 1.527ms
[396.230s][info][gc          ] Allocation Stall (Executor task launch worker for task 8.0 in stage 84.0 (TID 1378)) 1.504ms
[396.230s][info][gc          ] Allocation Stall (Executor task launch worker for task 15.0 in stage 84.0 (TID 1383)) 1.436ms
[396.230s][info][gc          ] Allocation Stall (Executor task launch worker for task 17.0 in stage 84.0 (TID 1385)) 1.364ms
[396.230s][info][gc          ] Allocation Stall (Executor task launch worker for task 46.0 in stage 84.0 (TID 1419)) 1.391ms
[396.230s][info][gc          ] Allocation Stall (Executor task launch worker for task 19.0 in stage 84.0 (TID 1411)) 1.415ms
[396.230s][info][gc          ] Allocation Stall (Executor task launch worker for task 25.0 in stage 84.0 (TID 1390)) 1.447ms
[396.230s][info][gc          ] Allocation Stall (Executor task launch worker for task 36.0 in stage 84.0 (TID 1399)) 1.466ms
[396.230s][info][gc          ] Allocation Stall (Executor task launch worker for task 35.0 in stage 84.0 (TID 1415)) 1.366ms
[396.230s][info][gc          ] Allocation Stall (Executor task launch worker for task 13.0 in stage 84.0 (TID 1382)) 1.369ms
[396.230s][info][gc          ] Allocation Stall (Executor task launch worker for task 0.0 in stage 84.0 (TID 1407)) 1.264ms
[396.230s][info][gc          ] Allocation Stall (Executor task launch worker for task 14.0 in stage 84.0 (TID 1410)) 1.281ms
[396.230s][info][gc          ] Allocation Stall (Executor task launch worker for task 32.0 in stage 84.0 (TID 1396)) 1.280ms
[396.230s][info][gc          ] Allocation Stall (Executor task launch worker for task 43.0 in stage 84.0 (TID 1405)) 1.319ms
[396.230s][info][gc          ] Allocation Stall (Executor task launch worker for task 29.0 in stage 84.0 (TID 1394)) 1.157ms
[396.230s][info][gc          ] Allocation Stall (Executor task launch worker for task 23.0 in stage 84.0 (TID 1389)) 1.172ms
[396.230s][info][gc          ] Allocation Stall (Executor task launch worker for task 28.0 in stage 84.0 (TID 1393)) 1.220ms
[396.243s][info][gc          ] Allocation Stall (Executor task launch worker for task 28.0 in stage 84.0 (TID 1393)) 3.048ms
[396.243s][info][gc          ] Allocation Stall (Executor task launch worker for task 5.0 in stage 84.0 (TID 1375)) 3.016ms
[396.243s][info][gc          ] Allocation Stall (Executor task launch worker for task 34.0 in stage 84.0 (TID 1398)) 2.112ms
[396.243s][info][gc          ] Allocation Stall (Executor task launch worker for task 22.0 in stage 84.0 (TID 1388)) 1.879ms
[396.243s][info][gc          ] Allocation Stall (Executor task launch worker for task 18.0 in stage 84.0 (TID 1386)) 1.789ms
[396.243s][info][gc          ] Allocation Stall (Executor task launch worker for task 47.0 in stage 84.0 (TID 1406)) 1.123ms
[396.243s][info][gc          ] Allocation Stall (Executor task launch worker for task 40.0 in stage 84.0 (TID 1403)) 1.054ms
[396.243s][info][gc          ] Allocation Stall (Executor task launch worker for task 20.0 in stage 84.0 (TID 1412)) 0.228ms
[396.255s][info][gc          ] Allocation Stall (Executor task launch worker for task 30.0 in stage 84.0 (TID 1414)) 5.378ms
[396.255s][info][gc          ] Allocation Stall (Executor task launch worker for task 24.0 in stage 84.0 (TID 1413)) 5.156ms
[396.255s][info][gc          ] Allocation Stall (Executor task launch worker for task 38.0 in stage 84.0 (TID 1401)) 5.346ms
[396.255s][info][gc          ] Allocation Stall (Executor task launch worker for task 17.0 in stage 84.0 (TID 1385)) 5.208ms
[396.255s][info][gc          ] Allocation Stall (Executor task launch worker for task 46.0 in stage 84.0 (TID 1419)) 5.038ms
[396.255s][info][gc          ] Allocation Stall (Executor task launch worker for task 37.0 in stage 84.0 (TID 1400)) 5.075ms
[396.255s][info][gc          ] Allocation Stall (Executor task launch worker for task 12.0 in stage 84.0 (TID 1381)) 5.164ms
[396.255s][info][gc          ] Allocation Stall (Executor task launch worker for task 29.0 in stage 84.0 (TID 1394)) 9.137ms
[396.255s][info][gc          ] Allocation Stall (Executor task launch worker for task 34.0 in stage 84.0 (TID 1398)) 4.946ms
[396.255s][info][gc          ] Allocation Stall (Executor task launch worker for task 1.0 in stage 84.0 (TID 1372)) 9.042ms
[396.255s][info][gc,phases   ] GC(2193) Concurrent Relocate 71.974ms
[396.255s][info][gc          ] Allocation Stall (Executor task launch worker for task 0.0 in stage 84.0 (TID 1407)) 8.941ms
[396.255s][info][gc          ] Allocation Stall (Executor task launch worker for task 14.0 in stage 84.0 (TID 1410)) 8.743ms
[396.255s][info][gc          ] Allocation Stall (Executor task launch worker for task 36.0 in stage 84.0 (TID 1399)) 8.722ms
[396.255s][info][gc          ] Allocation Stall (Executor task launch worker for task 13.0 in stage 84.0 (TID 1382)) 8.262ms
[396.255s][info][gc          ] Allocation Stall (Executor task launch worker for task 5.0 in stage 84.0 (TID 1375)) 5.486ms
[396.255s][info][gc          ] Allocation Stall (Executor task launch worker for task 41.0 in stage 84.0 (TID 1404)) 7.864ms
[396.255s][info][gc          ] Allocation Stall (Executor task launch worker for task 9.0 in stage 84.0 (TID 1379)) 5.077ms
[396.255s][info][gc          ] Allocation Stall (Executor task launch worker for task 11.0 in stage 84.0 (TID 1409)) 4.900ms
[396.255s][info][gc          ] Allocation Stall (Executor task launch worker for task 2.0 in stage 84.0 (TID 1373)) 4.937ms
[396.255s][info][gc,load     ] GC(2193) Load: 0.00/0.00/0.00
[396.255s][info][gc          ] Allocation Stall (Executor task launch worker for task 22.0 in stage 84.0 (TID 1388)) 4.913ms
[396.255s][info][gc          ] Allocation Stall (Executor task launch worker for task 21.0 in stage 84.0 (TID 1387)) 4.880ms
[396.255s][info][gc          ] Allocation Stall (Executor task launch worker for task 18.0 in stage 84.0 (TID 1386)) 4.880ms
[396.255s][info][gc          ] Allocation Stall (Executor task launch worker for task 42.0 in stage 84.0 (TID 1416)) 4.918ms
[396.255s][info][gc,mmu      ] GC(2193) MMU: 2ms/86.2%, 5ms/94.5%, 10ms/97.2%, 20ms/98.6%, 50ms/99.4%, 100ms/99.6%
[396.255s][info][gc          ] Allocation Stall (Executor task launch worker for task 16.0 in stage 84.0 (TID 1384)) 4.968ms
[396.255s][info][gc          ] Allocation Stall (Executor task launch worker for task 27.0 in stage 84.0 (TID 1392)) 4.954ms
[396.255s][info][gc          ] Allocation Stall (Executor task launch worker for task 6.0 in stage 84.0 (TID 1376)) 4.919ms
[396.256s][info][gc          ] Allocation Stall (Executor task launch worker for task 39.0 in stage 84.0 (TID 1402)) 4.898ms
[396.256s][info][gc,marking  ] GC(2193) Mark: 8 stripe(s), 3 proactive flush(es), 1 terminate flush(es), 0 completion(s), 0 continuation(s) 
[396.256s][info][gc          ] Allocation Stall (Executor task launch worker for task 45.0 in stage 84.0 (TID 1418)) 4.938ms
[396.256s][info][gc          ] Allocation Stall (Executor task launch worker for task 7.0 in stage 84.0 (TID 1377)) 4.939ms
[396.256s][info][gc          ] Allocation Stall (Executor task launch worker for task 10.0 in stage 84.0 (TID 1380)) 4.971ms
[396.256s][info][gc,marking  ] GC(2193) Mark Stack Usage: 32M
[396.256s][info][gc          ] Allocation Stall (Executor task launch worker for task 31.0 in stage 84.0 (TID 1395)) 5.011ms
[396.256s][info][gc          ] Allocation Stall (Executor task launch worker for task 47.0 in stage 84.0 (TID 1406)) 4.952ms
[396.256s][info][gc,nmethod  ] GC(2193) NMethods: 8123 registered, 1321 unregistered
[396.256s][info][gc          ] Allocation Stall (Executor task launch worker for task 25.0 in stage 84.0 (TID 1390)) 4.952ms
[396.256s][info][gc          ] Allocation Stall (Executor task launch worker for task 15.0 in stage 84.0 (TID 1383)) 4.887ms
[396.256s][info][gc,metaspace] GC(2193) Metaspace: 120M used, 123M committed, 1152M reserved
[396.256s][info][gc          ] Allocation Stall (Executor task launch worker for task 35.0 in stage 84.0 (TID 1415)) 4.944ms
[396.256s][info][gc          ] Allocation Stall (Executor task launch worker for task 4.0 in stage 84.0 (TID 1374)) 4.929ms
[396.256s][info][gc,ref      ] GC(2193) Soft: 2877 encountered, 810 discovered, 0 enqueued
[396.256s][info][gc          ] Allocation Stall (Executor task launch worker for task 32.0 in stage 84.0 (TID 1396)) 4.938ms
[396.256s][info][gc          ] Allocation Stall (Executor task launch worker for task 23.0 in stage 84.0 (TID 1389)) 4.983ms
[396.256s][info][gc,ref      ] GC(2193) Weak: 14376 encountered, 1699 discovered, 0 enqueued
[396.256s][info][gc          ] Allocation Stall (Executor task launch worker for task 33.0 in stage 84.0 (TID 1397)) 4.816ms
[396.256s][info][gc          ] Allocation Stall (Executor task launch worker for task 8.0 in stage 84.0 (TID 1378)) 4.745ms
[396.256s][info][gc,ref      ] GC(2193) Final: 84 encountered, 21 discovered, 0 enqueued
[396.256s][info][gc          ] Allocation Stall (Executor task launch worker for task 19.0 in stage 84.0 (TID 1411)) 4.741ms
[396.256s][info][gc,ref      ] GC(2193) Phantom: 764 encountered, 624 discovered, 0 enqueued
[396.256s][info][gc          ] Allocation Stall (Executor task launch worker for task 44.0 in stage 84.0 (TID 1417)) 4.240ms
[396.256s][info][gc,reloc    ] GC(2193) Small Pages: 282 / 564M, Empty: 416M, Relocated: 10M, In-Place: 0
[396.256s][info][gc          ] Allocation Stall (Executor task launch worker for task 3.0 in stage 84.0 (TID 1408)) 4.098ms
[396.256s][info][gc,reloc    ] GC(2193) Medium Pages: 36 / 1152M, Empty: 0M, Relocated: 14M, In-Place: 0
[396.256s][info][gc          ] Allocation Stall (Executor task launch worker for task 43.0 in stage 84.0 (TID 1405)) 4.138ms
[396.256s][info][gc,reloc    ] GC(2193) Large Pages: 0 / 0M, Empty: 0M, Relocated: 0M, In-Place: 0
[396.256s][info][gc          ] Allocation Stall (Executor task launch worker for task 20.0 in stage 84.0 (TID 1412)) 4.142ms
[396.256s][info][gc,reloc    ] GC(2193) Forwarding Usage: 1M
[396.256s][info][gc          ] Allocation Stall (Executor task launch worker for task 26.0 in stage 84.0 (TID 1391)) 4.208ms
[396.256s][info][gc,heap     ] GC(2193) Min Capacity: 8M(0%)
[396.257s][info][gc          ] Allocation Stall (Executor task launch worker for task 28.0 in stage 84.0 (TID 1393)) 4.277ms
[396.257s][info][gc,heap     ] GC(2193) Max Capacity: 2048M(100%)
[396.257s][info][gc          ] Allocation Stall (Executor task launch worker for task 40.0 in stage 84.0 (TID 1403)) 4.335ms
[396.257s][info][gc,heap     ] GC(2193) Soft Max Capacity: 2048M(100%)
[396.257s][info][gc,heap     ] GC(2193)                Mark Start          Mark End        Relocate Start      Relocate End           High               Low         
[396.257s][info][gc,heap     ] GC(2193)  Capacity:     2048M (100%)       2048M (100%)       2048M (100%)       2048M (100%)       2048M (100%)       2048M (100%)   
[396.257s][info][gc,heap     ] GC(2193)      Free:      332M (16%)           0M (0%)          308M (15%)           0M (0%)          380M (19%)           0M (0%)     
[396.257s][info][gc,heap     ] GC(2193)      Used:     1716M (84%)        2048M (100%)       1740M (85%)        2048M (100%)       2048M (100%)       1668M (81%)    
[396.257s][info][gc,heap     ] GC(2193)      Live:         -              1039M (51%)        1039M (51%)        1039M (51%)            -                  -          
[396.257s][info][gc,heap     ] GC(2193) Allocated:         -               332M (16%)         440M (21%)         838M (41%)            -                  -          
[396.257s][info][gc,heap     ] GC(2193)   Garbage:         -               676M (33%)         260M (13%)         170M (8%)             -                  -          
[396.257s][info][gc,heap     ] GC(2193) Reclaimed:         -                  -               416M (20%)         506M (25%)            -                  -          
[396.257s][info][gc          ] GC(2193) Garbage Collection (Allocation Stall) 1716M(84%)->2048M(100%)
[396.261s][info][gc,start    ] GC(2194) Garbage Collection (Allocation Stall)
[396.261s][info][gc,ref      ] GC(2194) Clearing All SoftReferences
[396.261s][info][gc,task     ] GC(2194) Using 12 workers
[396.261s][info][gc,ref      ] GC(2194) Clearing All SoftReferences
[396.261s][info][gc,phases   ] GC(2194) Pause Mark Start 0.035ms
[396.261s][info][gc          ] Allocation Stall (Executor task launch worker for task 21.0 in stage 84.0 (TID 1387)) 0.804ms
[396.261s][info][gc          ] Allocation Stall (Executor task launch worker for task 42.0 in stage 84.0 (TID 1416)) 0.866ms
[396.285s][info][gc,phases   ] GC(2194) Concurrent Mark 17.345ms
[396.285s][info][gc,phases   ] GC(2194) Pause Mark End 0.018ms
[396.285s][info][gc,phases   ] GC(2194) Concurrent Mark Free 0.000ms
[396.288s][info][gc,phases   ] GC(2194) Concurrent Process Non-Strong References 2.335ms
[396.288s][info][gc,phases   ] GC(2194) Concurrent Reset Relocation Set 0.004ms
[396.288s][info][gc          ] Allocation Stall (Executor task launch worker for task 27.0 in stage 84.0 (TID 1392)) 17.219ms
[396.288s][info][gc          ] Allocation Stall (Executor task launch worker for task 46.0 in stage 84.0 (TID 1419)) 18.732ms
[396.288s][info][gc          ] Allocation Stall (Executor task launch worker for task 38.0 in stage 84.0 (TID 1401)) 17.311ms
[396.288s][info][gc          ] Allocation Stall (Executor task launch worker for task 42.0 in stage 84.0 (TID 1416)) 17.307ms
[396.288s][info][gc          ] Allocation Stall (Executor task launch worker for task 18.0 in stage 84.0 (TID 1386)) 20.064ms
[396.288s][info][gc          ] Allocation Stall (Executor task launch worker for task 22.0 in stage 84.0 (TID 1388)) 17.235ms
[396.288s][info][gc          ] Allocation Stall (Executor task launch worker for task 17.0 in stage 84.0 (TID 1385)) 18.916ms
[396.288s][info][gc          ] Allocation Stall (Executor task launch worker for task 4.0 in stage 84.0 (TID 1374)) 17.320ms
[396.288s][info][gc          ] Allocation Stall (Spark Context Cleaner) 2.694ms
[396.288s][info][gc          ] Allocation Stall (Executor task launch worker for task 11.0 in stage 84.0 (TID 1409)) 17.295ms
[396.288s][info][gc          ] Allocation Stall (Executor task launch worker for task 7.0 in stage 84.0 (TID 1377)) 19.266ms
[396.288s][info][gc          ] Allocation Stall (Executor task launch worker for task 20.0 in stage 84.0 (TID 1412)) 18.823ms
[396.288s][info][gc          ] Allocation Stall (Executor task launch worker for task 1.0 in stage 84.0 (TID 1372)) 19.582ms
[396.288s][info][gc          ] Allocation Stall (Executor task launch worker for task 0.0 in stage 84.0 (TID 1407)) 18.835ms
[396.288s][info][gc          ] Allocation Stall (Executor task launch worker for task 9.0 in stage 84.0 (TID 1379)) 17.285ms
[396.288s][info][gc          ] Allocation Stall (Executor task launch worker for task 43.0 in stage 84.0 (TID 1405)) 19.542ms
[396.288s][info][gc          ] Allocation Stall (Executor task launch worker for task 37.0 in stage 84.0 (TID 1400)) 18.788ms
[396.288s][info][gc          ] Allocation Stall (Executor task launch worker for task 34.0 in stage 84.0 (TID 1398)) 19.485ms
[396.288s][info][gc          ] Allocation Stall (Executor task launch worker for task 2.0 in stage 84.0 (TID 1373)) 19.207ms
[396.288s][info][gc          ] Allocation Stall (Executor task launch worker for task 3.0 in stage 84.0 (TID 1408)) 20.087ms
[396.288s][info][gc          ] Allocation Stall (Executor task launch worker for task 26.0 in stage 84.0 (TID 1391)) 20.733ms
[396.288s][info][gc          ] Allocation Stall (Executor task launch worker for task 28.0 in stage 84.0 (TID 1393)) 17.282ms
[396.288s][info][gc          ] Allocation Stall (Executor task launch worker for task 14.0 in stage 84.0 (TID 1410)) 19.068ms
[396.288s][info][gc          ] Allocation Stall (Executor task launch worker for task 36.0 in stage 84.0 (TID 1399)) 18.945ms
[396.288s][info][gc          ] Allocation Stall (Executor task launch worker for task 40.0 in stage 84.0 (TID 1403)) 19.531ms
[396.288s][info][gc          ] Allocation Stall (Executor task launch worker for task 10.0 in stage 84.0 (TID 1380)) 19.162ms
[396.288s][info][gc          ] Allocation Stall (Executor task launch worker for task 15.0 in stage 84.0 (TID 1383)) 17.342ms
[396.288s][info][gc          ] Allocation Stall (Executor task launch worker for task 13.0 in stage 84.0 (TID 1382)) 19.637ms
[396.288s][info][gc          ] Allocation Stall (Executor task launch worker for task 6.0 in stage 84.0 (TID 1376)) 19.393ms
[396.288s][info][gc          ] Allocation Stall (Executor task launch worker for task 24.0 in stage 84.0 (TID 1413)) 19.153ms
[396.288s][info][gc          ] Allocation Stall (Executor task launch worker for task 39.0 in stage 84.0 (TID 1402)) 19.614ms
[396.288s][info][gc          ] Allocation Stall (Executor task launch worker for task 33.0 in stage 84.0 (TID 1397)) 19.519ms
[396.288s][info][gc          ] Allocation Stall (Executor task launch worker for task 44.0 in stage 84.0 (TID 1417)) 17.399ms
[396.288s][info][gc          ] Allocation Stall (Executor task launch worker for task 35.0 in stage 84.0 (TID 1415)) 19.254ms
[396.288s][info][gc          ] Allocation Stall (Executor task launch worker for task 30.0 in stage 84.0 (TID 1414)) 19.392ms
[396.288s][info][gc          ] Allocation Stall (Executor task launch worker for task 8.0 in stage 84.0 (TID 1378)) 17.674ms
[396.288s][info][gc          ] Allocation Stall (Executor task launch worker for task 47.0 in stage 84.0 (TID 1406)) 17.451ms
[396.288s][info][gc          ] Allocation Stall (Executor task launch worker for task 21.0 in stage 84.0 (TID 1387)) 19.414ms
[396.288s][info][gc          ] Allocation Stall (Executor task launch worker for task 31.0 in stage 84.0 (TID 1395)) 19.804ms
[396.288s][info][gc          ] Allocation Stall (Executor task launch worker for task 12.0 in stage 84.0 (TID 1381)) 19.462ms
[396.288s][info][gc          ] Allocation Stall (Executor task launch worker for task 29.0 in stage 84.0 (TID 1394)) 19.082ms
[396.288s][info][gc          ] Allocation Stall (Executor task launch worker for task 5.0 in stage 84.0 (TID 1375)) 19.405ms
[396.288s][info][gc          ] Allocation Stall (Executor task launch worker for task 23.0 in stage 84.0 (TID 1389)) 17.694ms
[396.288s][info][gc          ] Allocation Stall (Executor task launch worker for task 45.0 in stage 84.0 (TID 1418)) 17.503ms
[396.288s][info][gc          ] Allocation Stall (Executor task launch worker for task 41.0 in stage 84.0 (TID 1404)) 19.148ms
[396.288s][info][gc          ] Allocation Stall (Executor task launch worker for task 16.0 in stage 84.0 (TID 1384)) 17.386ms
[396.288s][info][gc          ] Allocation Stall (Executor task launch worker for task 25.0 in stage 84.0 (TID 1390)) 19.526ms
[396.288s][info][gc          ] Allocation Stall (Executor task launch worker for task 19.0 in stage 84.0 (TID 1411)) 20.224ms
[396.288s][info][gc          ] Allocation Stall (Executor task launch worker for task 32.0 in stage 84.0 (TID 1396)) 17.651ms
[396.298s][info][gc,phases   ] GC(2194) Concurrent Select Relocation Set 10.096ms
[396.299s][info][gc,phases   ] GC(2194) Pause Relocate Start 0.007ms
[396.343s][info][gc          ] Allocation Stall (Executor task launch worker for task 7.0 in stage 84.0 (TID 1377)) 4.982ms
[396.343s][info][gc          ] Allocation Stall (Executor task launch worker for task 28.0 in stage 84.0 (TID 1393)) 5.752ms
[396.343s][info][gc          ] Allocation Stall (Executor task launch worker for task 13.0 in stage 84.0 (TID 1382)) 4.098ms
[396.343s][info][gc          ] Allocation Stall (Executor task launch worker for task 17.0 in stage 84.0 (TID 1385)) 5.597ms
[396.343s][info][gc          ] Allocation Stall (Executor task launch worker for task 27.0 in stage 84.0 (TID 1392)) 5.177ms
[396.343s][info][gc          ] Allocation Stall (Executor task launch worker for task 36.0 in stage 84.0 (TID 1399)) 5.435ms
[396.343s][info][gc          ] Allocation Stall (Executor task launch worker for task 47.0 in stage 84.0 (TID 1406)) 5.441ms
[396.343s][info][gc          ] Allocation Stall (Executor task launch worker for task 34.0 in stage 84.0 (TID 1398)) 5.135ms
[396.343s][info][gc          ] Allocation Stall (Executor task launch worker for task 5.0 in stage 84.0 (TID 1375)) 5.762ms
[396.343s][info][gc          ] Allocation Stall (Executor task launch worker for task 37.0 in stage 84.0 (TID 1400)) 3.498ms
[396.343s][info][gc          ] Allocation Stall (Executor task launch worker for task 4.0 in stage 84.0 (TID 1374)) 5.994ms
[396.343s][info][gc          ] Allocation Stall (Executor task launch worker for task 41.0 in stage 84.0 (TID 1404)) 5.827ms
[396.343s][info][gc          ] Allocation Stall (Executor task launch worker for task 2.0 in stage 84.0 (TID 1373)) 5.899ms
[396.343s][info][gc          ] Allocation Stall (Executor task launch worker for task 33.0 in stage 84.0 (TID 1397)) 5.872ms
[396.343s][info][gc          ] Allocation Stall (Executor task launch worker for task 32.0 in stage 84.0 (TID 1396)) 5.974ms
[396.343s][info][gc          ] Allocation Stall (Executor task launch worker for task 22.0 in stage 84.0 (TID 1388)) 5.914ms
[396.344s][info][gc          ] Allocation Stall (Executor task launch worker for task 31.0 in stage 84.0 (TID 1395)) 4.043ms
[396.344s][info][gc          ] Allocation Stall (Executor task launch worker for task 1.0 in stage 84.0 (TID 1372)) 3.916ms
[396.344s][info][gc          ] Allocation Stall (Executor task launch worker for task 43.0 in stage 84.0 (TID 1405)) 3.938ms
[396.344s][info][gc          ] Allocation Stall (Executor task launch worker for task 8.0 in stage 84.0 (TID 1378)) 3.933ms
[396.344s][info][gc          ] Allocation Stall (Executor task launch worker for task 10.0 in stage 84.0 (TID 1380)) 3.928ms
[396.344s][info][gc          ] Allocation Stall (Executor task launch worker for task 18.0 in stage 84.0 (TID 1386)) 3.929ms
[396.344s][info][gc          ] Allocation Stall (Executor task launch worker for task 16.0 in stage 84.0 (TID 1384)) 3.928ms
[396.344s][info][gc          ] Allocation Stall (Executor task launch worker for task 21.0 in stage 84.0 (TID 1387)) 3.952ms
[396.344s][info][gc          ] Allocation Stall (Executor task launch worker for task 29.0 in stage 84.0 (TID 1394)) 3.969ms
[396.344s][info][gc          ] Allocation Stall (Executor task launch worker for task 26.0 in stage 84.0 (TID 1391)) 3.953ms
[396.344s][info][gc          ] Allocation Stall (Executor task launch worker for task 6.0 in stage 84.0 (TID 1376)) 3.975ms
[396.344s][info][gc          ] Allocation Stall (Executor task launch worker for task 38.0 in stage 84.0 (TID 1401)) 4.017ms
[396.344s][info][gc          ] Allocation Stall (Executor task launch worker for task 12.0 in stage 84.0 (TID 1381)) 4.029ms
[396.345s][info][gc          ] Allocation Stall (Executor task launch worker for task 9.0 in stage 84.0 (TID 1379)) 4.668ms
[396.345s][info][gc          ] Allocation Stall (Executor task launch worker for task 40.0 in stage 84.0 (TID 1403)) 4.711ms
[396.345s][info][gc          ] Allocation Stall (Executor task launch worker for task 25.0 in stage 84.0 (TID 1390)) 4.747ms
[396.345s][info][gc          ] Allocation Stall (Executor task launch worker for task 39.0 in stage 84.0 (TID 1402)) 4.788ms
[396.345s][info][gc          ] Allocation Stall (Executor task launch worker for task 23.0 in stage 84.0 (TID 1389)) 4.834ms
[396.349s][info][gc          ] Allocation Stall (Executor task launch worker for task 15.0 in stage 84.0 (TID 1383)) 9.327ms
[396.349s][info][gc          ] Allocation Stall (Executor task launch worker for task 29.0 in stage 84.0 (TID 1394)) 1.801ms
[396.349s][info][gc          ] Allocation Stall (Executor task launch worker for task 39.0 in stage 84.0 (TID 1402)) 1.911ms
[396.349s][info][gc          ] Allocation Stall (Executor task launch worker for task 16.0 in stage 84.0 (TID 1384)) 1.755ms
[396.349s][info][gc          ] Allocation Stall (Executor task launch worker for task 23.0 in stage 84.0 (TID 1389)) 1.739ms
[396.349s][info][gc          ] Allocation Stall (Executor task launch worker for task 38.0 in stage 84.0 (TID 1401)) 1.730ms
[396.349s][info][gc          ] Allocation Stall (Executor task launch worker for task 10.0 in stage 84.0 (TID 1380)) 1.682ms
[396.349s][info][gc          ] Allocation Stall (Executor task launch worker for task 6.0 in stage 84.0 (TID 1376)) 1.712ms
[396.349s][info][gc          ] Allocation Stall (Executor task launch worker for task 21.0 in stage 84.0 (TID 1387)) 1.712ms
[396.350s][info][gc          ] Allocation Stall (Executor task launch worker for task 8.0 in stage 84.0 (TID 1378)) 1.737ms
[396.350s][info][gc          ] Allocation Stall (Executor task launch worker for task 26.0 in stage 84.0 (TID 1391)) 1.647ms
[396.350s][info][gc          ] Allocation Stall (Executor task launch worker for task 12.0 in stage 84.0 (TID 1381)) 1.485ms
[396.350s][info][gc          ] Allocation Stall (Executor task launch worker for task 28.0 in stage 84.0 (TID 1393)) 1.500ms
[396.350s][info][gc          ] Allocation Stall (Executor task launch worker for task 9.0 in stage 84.0 (TID 1379)) 1.376ms
[396.350s][info][gc          ] Allocation Stall (Executor task launch worker for task 14.0 in stage 84.0 (TID 1410)) 1.308ms
[396.350s][info][gc          ] Allocation Stall (Executor task launch worker for task 17.0 in stage 84.0 (TID 1385)) 1.342ms
[396.350s][info][gc          ] Allocation Stall (Executor task launch worker for task 25.0 in stage 84.0 (TID 1390)) 1.310ms
[396.350s][info][gc          ] Allocation Stall (Executor task launch worker for task 40.0 in stage 84.0 (TID 1403)) 1.282ms
[396.350s][info][gc          ] Allocation Stall (Executor task launch worker for task 27.0 in stage 84.0 (TID 1392)) 1.172ms
[396.350s][info][gc          ] Allocation Stall (Executor task launch worker for task 44.0 in stage 84.0 (TID 1417)) 1.131ms
[396.350s][info][gc          ] Allocation Stall (Executor task launch worker for task 7.0 in stage 84.0 (TID 1377)) 1.130ms
[396.355s][info][gc          ] Allocation Stall (Executor task launch worker for task 31.0 in stage 84.0 (TID 1395)) 6.059ms
[396.355s][info][gc          ] Allocation Stall (Executor task launch worker for task 18.0 in stage 84.0 (TID 1386)) 6.075ms
[396.355s][info][gc          ] Allocation Stall (Executor task launch worker for task 43.0 in stage 84.0 (TID 1405)) 6.039ms
[396.355s][info][gc          ] Allocation Stall (Executor task launch worker for task 1.0 in stage 84.0 (TID 1372)) 6.020ms
[396.355s][info][gc          ] Allocation Stall (Executor task launch worker for task 47.0 in stage 84.0 (TID 1406)) 5.359ms
[396.355s][info][gc          ] Allocation Stall (Executor task launch worker for task 2.0 in stage 84.0 (TID 1373)) 2.128ms
[396.355s][info][gc          ] Allocation Stall (Executor task launch worker for task 23.0 in stage 84.0 (TID 1389)) 1.979ms
[396.355s][info][gc          ] Allocation Stall (Executor task launch worker for task 39.0 in stage 84.0 (TID 1402)) 1.975ms
[396.355s][info][gc          ] Allocation Stall (Executor task launch worker for task 16.0 in stage 84.0 (TID 1384)) 1.891ms
[396.355s][info][gc          ] Allocation Stall (Executor task launch worker for task 8.0 in stage 84.0 (TID 1378)) 1.805ms
[396.355s][info][gc          ] Allocation Stall (Executor task launch worker for task 14.0 in stage 84.0 (TID 1410)) 1.710ms
[396.355s][info][gc          ] Allocation Stall (Executor task launch worker for task 10.0 in stage 84.0 (TID 1380)) 1.685ms
[396.355s][info][gc          ] Allocation Stall (Executor task launch worker for task 6.0 in stage 84.0 (TID 1376)) 1.627ms
[396.355s][info][gc          ] Allocation Stall (Executor task launch worker for task 40.0 in stage 84.0 (TID 1403)) 1.300ms
[396.355s][info][gc          ] Allocation Stall (Executor task launch worker for task 27.0 in stage 84.0 (TID 1392)) 1.131ms
[396.355s][info][gc          ] Allocation Stall (Executor task launch worker for task 15.0 in stage 84.0 (TID 1383)) 0.923ms
[396.355s][info][gc          ] Allocation Stall (Executor task launch worker for task 41.0 in stage 84.0 (TID 1404)) 1.041ms
[396.355s][info][gc          ] Allocation Stall (Executor task launch worker for task 29.0 in stage 84.0 (TID 1394)) 0.941ms
[396.355s][info][gc          ] Allocation Stall (Executor task launch worker for task 44.0 in stage 84.0 (TID 1417)) 1.204ms
[396.355s][info][gc          ] Allocation Stall (Executor task launch worker for task 7.0 in stage 84.0 (TID 1377)) 1.376ms
[396.355s][info][gc          ] Allocation Stall (Executor task launch worker for task 37.0 in stage 84.0 (TID 1400)) 0.880ms
[396.355s][info][gc          ] Allocation Stall (Executor task launch worker for task 9.0 in stage 84.0 (TID 1379)) 1.768ms
[396.355s][info][gc          ] Allocation Stall (Executor task launch worker for task 21.0 in stage 84.0 (TID 1387)) 1.714ms
[396.355s][info][gc          ] Allocation Stall (Executor task launch worker for task 12.0 in stage 84.0 (TID 1381)) 1.702ms
[396.355s][info][gc          ] Allocation Stall (Executor task launch worker for task 17.0 in stage 84.0 (TID 1385)) 1.673ms
[396.355s][info][gc          ] Allocation Stall (Executor task launch worker for task 28.0 in stage 84.0 (TID 1393)) 1.649ms
[396.355s][info][gc          ] Allocation Stall (Executor task launch worker for task 25.0 in stage 84.0 (TID 1390)) 1.541ms
[396.355s][info][gc          ] Allocation Stall (Executor task launch worker for task 26.0 in stage 84.0 (TID 1391)) 1.508ms
[396.366s][info][gc          ] Allocation Stall (Executor task launch worker for task 8.0 in stage 84.0 (TID 1378)) 3.115ms
[396.366s][info][gc          ] Allocation Stall (Executor task launch worker for task 2.0 in stage 84.0 (TID 1373)) 2.927ms
[396.366s][info][gc          ] Allocation Stall (Executor task launch worker for task 16.0 in stage 84.0 (TID 1384)) 2.758ms
[396.367s][info][gc          ] Allocation Stall (Executor task launch worker for task 18.0 in stage 84.0 (TID 1386)) 1.490ms
[396.367s][info][gc          ] Allocation Stall (Executor task launch worker for task 32.0 in stage 84.0 (TID 1396)) 1.238ms
[396.368s][info][gc          ] Allocation Stall (Executor task launch worker for task 47.0 in stage 84.0 (TID 1406)) 2.365ms
[396.368s][info][gc          ] Allocation Stall (Executor task launch worker for task 38.0 in stage 84.0 (TID 1401)) 2.319ms
[396.368s][info][gc          ] Allocation Stall (Executor task launch worker for task 43.0 in stage 84.0 (TID 1405)) 2.273ms
[396.368s][info][gc          ] Allocation Stall (Executor task launch worker for task 22.0 in stage 84.0 (TID 1388)) 2.315ms
[396.370s][info][gc          ] Allocation Stall (Executor task launch worker for task 36.0 in stage 84.0 (TID 1399)) 4.233ms
[396.370s][info][gc          ] Allocation Stall (Executor task launch worker for task 5.0 in stage 84.0 (TID 1375)) 4.216ms
[396.370s][info][gc          ] Allocation Stall (Executor task launch worker for task 31.0 in stage 84.0 (TID 1395)) 4.206ms
[396.370s][info][gc          ] Allocation Stall (Executor task launch worker for task 13.0 in stage 84.0 (TID 1382)) 3.974ms
[396.370s][info][gc          ] Allocation Stall (Executor task launch worker for task 6.0 in stage 84.0 (TID 1376)) 3.999ms
[396.370s][info][gc          ] Allocation Stall (Executor task launch worker for task 39.0 in stage 84.0 (TID 1402)) 3.588ms
[396.370s][info][gc          ] Allocation Stall (Executor task launch worker for task 14.0 in stage 84.0 (TID 1410)) 3.960ms
[396.370s][info][gc          ] Allocation Stall (Executor task launch worker for task 18.0 in stage 84.0 (TID 1386)) 1.373ms
[396.370s][info][gc          ] Allocation Stall (Executor task launch worker for task 15.0 in stage 84.0 (TID 1383)) 1.313ms
[396.370s][info][gc          ] Allocation Stall (Executor task launch worker for task 40.0 in stage 84.0 (TID 1403)) 3.567ms
[396.370s][info][gc          ] Allocation Stall (Executor task launch worker for task 1.0 in stage 84.0 (TID 1372)) 1.210ms
[396.466s][info][gc,phases   ] GC(2194) Concurrent Relocate 167.185ms
[396.466s][info][gc,load     ] GC(2194) Load: 0.00/0.00/0.00
[396.466s][info][gc,mmu      ] GC(2194) MMU: 2ms/86.2%, 5ms/94.5%, 10ms/97.2%, 20ms/98.6%, 50ms/99.4%, 100ms/99.6%
[396.466s][info][gc,marking  ] GC(2194) Mark: 8 stripe(s), 2 proactive flush(es), 1 terminate flush(es), 0 completion(s), 0 continuation(s) 
[396.466s][info][gc,marking  ] GC(2194) Mark Stack Usage: 32M
[396.466s][info][gc,nmethod  ] GC(2194) NMethods: 8123 registered, 1321 unregistered
[396.466s][info][gc,metaspace] GC(2194) Metaspace: 120M used, 123M committed, 1152M reserved
[396.466s][info][gc,ref      ] GC(2194) Soft: 2877 encountered, 2262 discovered, 0 enqueued
[396.466s][info][gc,ref      ] GC(2194) Weak: 14371 encountered, 2493 discovered, 0 enqueued
[396.466s][info][gc,ref      ] GC(2194) Final: 84 encountered, 29 discovered, 0 enqueued
[396.466s][info][gc,ref      ] GC(2194) Phantom: 764 encountered, 616 discovered, 0 enqueued
[396.466s][info][gc,reloc    ] GC(2194) Small Pages: 440 / 880M, Empty: 712M, Relocated: 5M, In-Place: 0
[396.467s][info][gc,reloc    ] GC(2194) Medium Pages: 36 / 1152M, Empty: 0M, Relocated: 19M, In-Place: 0
[396.467s][info][gc,reloc    ] GC(2194) Large Pages: 0 / 0M, Empty: 0M, Relocated: 0M, In-Place: 0
[396.467s][info][gc,reloc    ] GC(2194) Forwarding Usage: 0M
[396.467s][info][gc,heap     ] GC(2194) Min Capacity: 8M(0%)
[396.467s][info][gc,heap     ] GC(2194) Max Capacity: 2048M(100%)
[396.467s][info][gc,heap     ] GC(2194) Soft Max Capacity: 2048M(100%)
[396.467s][info][gc,heap     ] GC(2194)                Mark Start          Mark End        Relocate Start      Relocate End           High               Low         
[396.467s][info][gc,heap     ] GC(2194)  Capacity:     2048M (100%)       2048M (100%)       2048M (100%)       2048M (100%)       2048M (100%)       2048M (100%)   
[396.467s][info][gc,heap     ] GC(2194)      Free:       12M (1%)            0M (0%)          570M (28%)         292M (14%)         608M (30%)           0M (0%)     
[396.467s][info][gc,heap     ] GC(2194)      Used:     2036M (99%)        2048M (100%)       1478M (72%)        1756M (86%)        2048M (100%)       1440M (70%)    
[396.467s][info][gc,heap     ] GC(2194)      Live:         -              1044M (51%)        1044M (51%)        1044M (51%)            -                  -          
[396.467s][info][gc,heap     ] GC(2194) Allocated:         -                12M (1%)          154M (8%)          527M (26%)            -                  -          
[396.467s][info][gc,heap     ] GC(2194)   Garbage:         -               991M (48%)         279M (14%)         184M (9%)             -                  -          
[396.467s][info][gc,heap     ] GC(2194) Reclaimed:         -                  -               712M (35%)         807M (39%)            -                  -          
[396.467s][info][gc          ] GC(2194) Garbage Collection (Allocation Stall) 2036M(99%)->1756M(86%)
[396.551s][info][gc,start    ] GC(2195) Garbage Collection (Allocation Stall)
[396.551s][info][gc,ref      ] GC(2195) Clearing All SoftReferences
[396.551s][info][gc,task     ] GC(2195) Using 12 workers
[396.567s][info][gc,ref      ] GC(2195) Clearing All SoftReferences
[396.567s][info][gc,phases   ] GC(2195) Pause Mark Start 0.065ms
[396.667s][info][gc          ] Allocation Stall (Executor task launch worker for task 4.0 in stage 84.0 (TID 1374)) 4.732ms
[396.667s][info][gc          ] Allocation Stall (Executor task launch worker for task 20.0 in stage 84.0 (TID 1412)) 4.416ms
[396.667s][info][gc          ] Allocation Stall (Executor task launch worker for task 24.0 in stage 84.0 (TID 1413)) 4.418ms
[396.667s][info][gc          ] Allocation Stall (Executor task launch worker for task 29.0 in stage 84.0 (TID 1394)) 4.277ms
[396.667s][info][gc          ] Allocation Stall (Executor task launch worker for task 12.0 in stage 84.0 (TID 1381)) 4.141ms
[396.667s][info][gc          ] Allocation Stall (Executor task launch worker for task 26.0 in stage 84.0 (TID 1391)) 4.149ms
[396.667s][info][gc          ] Allocation Stall (Executor task launch worker for task 28.0 in stage 84.0 (TID 1393)) 4.172ms
[396.667s][info][gc          ] Allocation Stall (Executor task launch worker for task 44.0 in stage 84.0 (TID 1417)) 4.060ms
[396.667s][info][gc          ] Allocation Stall (Executor task launch worker for task 3.0 in stage 84.0 (TID 1408)) 3.969ms
[396.667s][info][gc          ] Allocation Stall (Executor task launch worker for task 39.0 in stage 84.0 (TID 1402)) 3.326ms
[396.667s][info][gc          ] Allocation Stall (Executor task launch worker for task 25.0 in stage 84.0 (TID 1390)) 3.195ms
[396.667s][info][gc          ] Allocation Stall (Executor task launch worker for task 45.0 in stage 84.0 (TID 1418)) 2.954ms
[396.667s][info][gc          ] Allocation Stall (Executor task launch worker for task 40.0 in stage 84.0 (TID 1403)) 2.667ms
[396.667s][info][gc          ] Allocation Stall (Executor task launch worker for task 9.0 in stage 84.0 (TID 1379)) 2.519ms
[396.667s][info][gc          ] Allocation Stall (Executor task launch worker for task 6.0 in stage 84.0 (TID 1376)) 2.096ms
[396.667s][info][gc          ] Allocation Stall (Executor task launch worker for task 14.0 in stage 84.0 (TID 1410)) 2.017ms
[396.667s][info][gc          ] Allocation Stall (Executor task launch worker for task 42.0 in stage 84.0 (TID 1416)) 1.935ms
[396.667s][info][gc          ] Allocation Stall (Executor task launch worker for task 31.0 in stage 84.0 (TID 1395)) 1.966ms
[396.667s][info][gc          ] Allocation Stall (Executor task launch worker for task 47.0 in stage 84.0 (TID 1406)) 1.761ms
[396.667s][info][gc          ] Allocation Stall (Executor task launch worker for task 11.0 in stage 84.0 (TID 1409)) 1.597ms
[396.667s][info][gc          ] Allocation Stall (Executor task launch worker for task 18.0 in stage 84.0 (TID 1386)) 1.588ms
[396.667s][info][gc          ] Allocation Stall (Executor task launch worker for task 16.0 in stage 84.0 (TID 1384)) 1.618ms
[396.667s][info][gc          ] Allocation Stall (Executor task launch worker for task 22.0 in stage 84.0 (TID 1388)) 1.573ms
[396.667s][info][gc          ] Allocation Stall (Executor task launch worker for task 32.0 in stage 84.0 (TID 1396)) 1.507ms
[396.667s][info][gc          ] Allocation Stall (Executor task launch worker for task 41.0 in stage 84.0 (TID 1404)) 1.257ms
[396.667s][info][gc          ] Allocation Stall (Executor task launch worker for task 33.0 in stage 84.0 (TID 1397)) 1.137ms
[396.668s][info][gc          ] Allocation Stall (Executor task launch worker for task 5.0 in stage 84.0 (TID 1375)) 1.159ms
[396.668s][info][gc          ] Allocation Stall (Executor task launch worker for task 34.0 in stage 84.0 (TID 1398)) 1.176ms
[396.668s][info][gc          ] Allocation Stall (Executor task launch worker for task 2.0 in stage 84.0 (TID 1373)) 1.227ms
[396.668s][info][gc          ] Allocation Stall (Executor task launch worker for task 30.0 in stage 84.0 (TID 1414)) 1.253ms
[396.668s][info][gc          ] Allocation Stall (Executor task launch worker for task 17.0 in stage 84.0 (TID 1385)) 1.288ms
[396.668s][info][gc          ] Allocation Stall (Executor task launch worker for task 0.0 in stage 84.0 (TID 1407)) 1.329ms
[396.668s][info][gc          ] Allocation Stall (Executor task launch worker for task 13.0 in stage 84.0 (TID 1382)) 1.316ms
[396.668s][info][gc          ] Allocation Stall (Executor task launch worker for task 1.0 in stage 84.0 (TID 1372)) 1.345ms
[396.668s][info][gc          ] Allocation Stall (Executor task launch worker for task 19.0 in stage 84.0 (TID 1411)) 1.344ms
[396.668s][info][gc          ] Allocation Stall (Executor task launch worker for task 38.0 in stage 84.0 (TID 1401)) 1.358ms
[396.668s][info][gc          ] Allocation Stall (Executor task launch worker for task 15.0 in stage 84.0 (TID 1383)) 1.395ms
[396.693s][info][gc,phases   ] GC(2195) Concurrent Mark 100.724ms
[396.693s][info][gc,phases   ] GC(2195) Pause Mark End 0.024ms
[396.693s][info][gc,phases   ] GC(2195) Concurrent Mark Free 0.001ms
[396.696s][info][gc,phases   ] GC(2195) Concurrent Process Non-Strong References 2.893ms
[396.696s][info][gc,phases   ] GC(2195) Concurrent Reset Relocation Set 0.005ms
[396.696s][info][gc          ] Allocation Stall (Executor task launch worker for task 11.0 in stage 84.0 (TID 1409)) 15.420ms
[396.696s][info][gc          ] Allocation Stall (Executor task launch worker for task 22.0 in stage 84.0 (TID 1388)) 16.232ms
[396.696s][info][gc          ] Allocation Stall (Executor task launch worker for task 29.0 in stage 84.0 (TID 1394)) 16.085ms
[396.696s][info][gc          ] Allocation Stall (Executor task launch worker for task 3.0 in stage 84.0 (TID 1408)) 16.942ms
[396.696s][info][gc          ] Allocation Stall (Executor task launch worker for task 14.0 in stage 84.0 (TID 1410)) 15.614ms
[396.696s][info][gc          ] Allocation Stall (Executor task launch worker for task 47.0 in stage 84.0 (TID 1406)) 15.852ms
[396.696s][info][gc          ] Allocation Stall (Executor task launch worker for task 37.0 in stage 84.0 (TID 1400)) 16.101ms
[396.696s][info][gc          ] Allocation Stall (Executor task launch worker for task 25.0 in stage 84.0 (TID 1390)) 15.998ms
[396.696s][info][gc          ] Allocation Stall (Executor task launch worker for task 8.0 in stage 84.0 (TID 1378)) 17.829ms
[396.696s][info][gc          ] Allocation Stall (Executor task launch worker for task 17.0 in stage 84.0 (TID 1385)) 15.647ms
[396.696s][info][gc          ] Allocation Stall (Executor task launch worker for task 16.0 in stage 84.0 (TID 1384)) 15.401ms
[396.696s][info][gc          ] Allocation Stall (Executor task launch worker for task 7.0 in stage 84.0 (TID 1377)) 15.897ms
[396.696s][info][gc          ] Allocation Stall (Executor task launch worker for task 35.0 in stage 84.0 (TID 1415)) 18.470ms
[396.696s][info][gc          ] Allocation Stall (Executor task launch worker for task 23.0 in stage 84.0 (TID 1389)) 16.253ms
[396.696s][info][gc          ] Allocation Stall (Executor task launch worker for task 10.0 in stage 84.0 (TID 1380)) 18.734ms
[396.696s][info][gc          ] Allocation Stall (Executor task launch worker for task 27.0 in stage 84.0 (TID 1392)) 16.119ms
[396.696s][info][gc          ] Allocation Stall (Executor task launch worker for task 26.0 in stage 84.0 (TID 1391)) 16.277ms
[396.696s][info][gc          ] Allocation Stall (Executor task launch worker for task 21.0 in stage 84.0 (TID 1387)) 18.328ms
[396.696s][info][gc          ] Allocation Stall (Executor task launch worker for task 9.0 in stage 84.0 (TID 1379)) 15.813ms
[396.696s][info][gc          ] Allocation Stall (Executor task launch worker for task 4.0 in stage 84.0 (TID 1374)) 17.977ms
[396.696s][info][gc          ] Allocation Stall (Executor task launch worker for task 31.0 in stage 84.0 (TID 1395)) 16.274ms
[396.696s][info][gc          ] Allocation Stall (Executor task launch worker for task 15.0 in stage 84.0 (TID 1383)) 19.806ms
[396.696s][info][gc          ] Allocation Stall (Executor task launch worker for task 28.0 in stage 84.0 (TID 1393)) 16.489ms
[396.696s][info][gc          ] Allocation Stall (Executor task launch worker for task 44.0 in stage 84.0 (TID 1417)) 16.334ms
[396.696s][info][gc          ] Allocation Stall (Executor task launch worker for task 1.0 in stage 84.0 (TID 1372)) 19.584ms
[396.696s][info][gc          ] Allocation Stall (Executor task launch worker for task 2.0 in stage 84.0 (TID 1373)) 15.413ms
[396.696s][info][gc          ] Allocation Stall (Executor task launch worker for task 45.0 in stage 84.0 (TID 1418)) 15.799ms
[396.696s][info][gc          ] Allocation Stall (Executor task launch worker for task 40.0 in stage 84.0 (TID 1403)) 16.617ms
[396.696s][info][gc          ] Allocation Stall (Executor task launch worker for task 6.0 in stage 84.0 (TID 1376)) 16.666ms
[396.696s][info][gc          ] Allocation Stall (Executor task launch worker for task 20.0 in stage 84.0 (TID 1412)) 17.934ms
[396.696s][info][gc          ] Allocation Stall (Executor task launch worker for task 34.0 in stage 84.0 (TID 1398)) 19.670ms
[396.696s][info][gc          ] Allocation Stall (Executor task launch worker for task 46.0 in stage 84.0 (TID 1419)) 16.362ms
[396.696s][info][gc          ] Allocation Stall (Executor task launch worker for task 12.0 in stage 84.0 (TID 1381)) 17.228ms
[396.696s][info][gc          ] Allocation Stall (Executor task launch worker for task 24.0 in stage 84.0 (TID 1413)) 18.375ms
[396.696s][info][gc          ] Allocation Stall (Executor task launch worker for task 30.0 in stage 84.0 (TID 1414)) 17.829ms
[396.696s][info][gc          ] Allocation Stall (Executor task launch worker for task 32.0 in stage 84.0 (TID 1396)) 20.009ms
[396.696s][info][gc          ] Allocation Stall (Executor task launch worker for task 43.0 in stage 84.0 (TID 1405)) 15.625ms
[396.696s][info][gc          ] Allocation Stall (Executor task launch worker for task 13.0 in stage 84.0 (TID 1382)) 18.954ms
[396.696s][info][gc          ] Allocation Stall (Executor task launch worker for task 33.0 in stage 84.0 (TID 1397)) 15.541ms
[396.696s][info][gc          ] Allocation Stall (Executor task launch worker for task 39.0 in stage 84.0 (TID 1402)) 16.846ms
[396.696s][info][gc          ] Allocation Stall (Executor task launch worker for task 38.0 in stage 84.0 (TID 1401)) 18.922ms
[396.696s][info][gc          ] Allocation Stall (Executor task launch worker for task 36.0 in stage 84.0 (TID 1399)) 18.464ms
[396.696s][info][gc          ] Allocation Stall (Executor task launch worker for task 19.0 in stage 84.0 (TID 1411)) 15.419ms
[396.696s][info][gc          ] Allocation Stall (Executor task launch worker for task 18.0 in stage 84.0 (TID 1386)) 15.580ms
[396.696s][info][gc          ] Allocation Stall (Executor task launch worker for task 5.0 in stage 84.0 (TID 1375)) 15.492ms
[396.696s][info][gc          ] Allocation Stall (Executor task launch worker for task 41.0 in stage 84.0 (TID 1404)) 20.005ms
[396.696s][info][gc          ] Allocation Stall (Executor task launch worker for task 0.0 in stage 84.0 (TID 1407)) 15.704ms
[396.696s][info][gc          ] Allocation Stall (Executor task launch worker for task 42.0 in stage 84.0 (TID 1416)) 15.764ms
[396.709s][info][gc,phases   ] GC(2195) Concurrent Select Relocation Set 13.283ms
[396.710s][info][gc,phases   ] GC(2195) Pause Relocate Start 0.007ms
[396.718s][info][gc          ] Allocation Stall (Executor task launch worker for task 40.0 in stage 84.0 (TID 1403)) 1.245ms
[396.718s][info][gc          ] Allocation Stall (Executor task launch worker for task 38.0 in stage 84.0 (TID 1401)) 1.251ms
[396.718s][info][gc          ] Allocation Stall (Executor task launch worker for task 7.0 in stage 84.0 (TID 1377)) 1.244ms
[396.718s][info][gc          ] Allocation Stall (Executor task launch worker for task 21.0 in stage 84.0 (TID 1387)) 1.300ms
[396.718s][info][gc          ] Allocation Stall (Executor task launch worker for task 4.0 in stage 84.0 (TID 1374)) 1.264ms
[396.718s][info][gc          ] Allocation Stall (Executor task launch worker for task 31.0 in stage 84.0 (TID 1395)) 1.290ms
[396.718s][info][gc          ] Allocation Stall (Executor task launch worker for task 6.0 in stage 84.0 (TID 1376)) 1.566ms
[396.718s][info][gc          ] Allocation Stall (Executor task launch worker for task 36.0 in stage 84.0 (TID 1399)) 1.416ms
[396.718s][info][gc          ] Allocation Stall (Executor task launch worker for task 33.0 in stage 84.0 (TID 1397)) 1.240ms
[396.718s][info][gc          ] Allocation Stall (Executor task launch worker for task 9.0 in stage 84.0 (TID 1379)) 1.342ms
[396.718s][info][gc          ] Allocation Stall (Executor task launch worker for task 23.0 in stage 84.0 (TID 1389)) 1.366ms
[396.718s][info][gc          ] Allocation Stall (Executor task launch worker for task 5.0 in stage 84.0 (TID 1375)) 1.344ms
[396.718s][info][gc          ] Allocation Stall (Executor task launch worker for task 34.0 in stage 84.0 (TID 1398)) 1.421ms
[396.718s][info][gc          ] Allocation Stall (Executor task launch worker for task 29.0 in stage 84.0 (TID 1394)) 1.307ms
[396.718s][info][gc          ] Allocation Stall (Executor task launch worker for task 25.0 in stage 84.0 (TID 1390)) 1.279ms
[396.718s][info][gc          ] Allocation Stall (Executor task launch worker for task 12.0 in stage 84.0 (TID 1381)) 1.350ms
[396.719s][info][gc          ] Allocation Stall (Executor task launch worker for task 37.0 in stage 84.0 (TID 1400)) 2.339ms
[396.719s][info][gc          ] Allocation Stall (Executor task launch worker for task 13.0 in stage 84.0 (TID 1382)) 2.370ms
[396.719s][info][gc          ] Allocation Stall (Executor task launch worker for task 18.0 in stage 84.0 (TID 1386)) 2.406ms
[396.719s][info][gc          ] Allocation Stall (Executor task launch worker for task 43.0 in stage 84.0 (TID 1405)) 2.428ms
[396.719s][info][gc          ] Allocation Stall (Executor task launch worker for task 28.0 in stage 84.0 (TID 1393)) 2.466ms
[396.719s][info][gc          ] Allocation Stall (Executor task launch worker for task 26.0 in stage 84.0 (TID 1391)) 2.501ms
[396.721s][info][gc          ] Allocation Stall (Executor task launch worker for task 2.0 in stage 84.0 (TID 1373)) 4.527ms
[396.721s][info][gc          ] Allocation Stall (Executor task launch worker for task 8.0 in stage 84.0 (TID 1378)) 4.521ms
[396.722s][info][gc          ] Allocation Stall (Executor task launch worker for task 32.0 in stage 84.0 (TID 1396)) 4.553ms
[396.722s][info][gc          ] Allocation Stall (Executor task launch worker for task 16.0 in stage 84.0 (TID 1384)) 4.540ms
[396.722s][info][gc          ] Allocation Stall (Executor task launch worker for task 27.0 in stage 84.0 (TID 1392)) 4.537ms
[396.722s][info][gc          ] Allocation Stall (Executor task launch worker for task 22.0 in stage 84.0 (TID 1388)) 4.551ms
[396.722s][info][gc          ] Allocation Stall (Executor task launch worker for task 1.0 in stage 84.0 (TID 1372)) 4.606ms
[396.722s][info][gc          ] Allocation Stall (Executor task launch worker for task 41.0 in stage 84.0 (TID 1404)) 4.627ms
[396.722s][info][gc          ] Allocation Stall (Executor task launch worker for task 10.0 in stage 84.0 (TID 1380)) 4.648ms
[396.722s][info][gc          ] Allocation Stall (Executor task launch worker for task 47.0 in stage 84.0 (TID 1406)) 4.650ms
[396.722s][info][gc          ] Allocation Stall (Executor task launch worker for task 39.0 in stage 84.0 (TID 1402)) 4.647ms
[396.722s][info][gc          ] Allocation Stall (Executor task launch worker for task 15.0 in stage 84.0 (TID 1383)) 4.666ms
[396.722s][info][gc          ] Allocation Stall (Executor task launch worker for task 17.0 in stage 84.0 (TID 1385)) 4.686ms
[396.722s][info][gc          ] Allocation Stall (Executor task launch worker for task 19.0 in stage 84.0 (TID 1411)) 2.788ms
[396.722s][info][gc          ] Allocation Stall (Executor task launch worker for task 43.0 in stage 84.0 (TID 1405)) 1.193ms
[396.722s][info][gc          ] Allocation Stall (Executor task launch worker for task 28.0 in stage 84.0 (TID 1393)) 1.192ms
[396.722s][info][gc          ] Allocation Stall (Executor task launch worker for task 4.0 in stage 84.0 (TID 1374)) 0.634ms
[396.722s][info][gc          ] Allocation Stall (Executor task launch worker for task 30.0 in stage 84.0 (TID 1414)) 0.637ms
[396.722s][info][gc          ] Allocation Stall (Executor task launch worker for task 26.0 in stage 84.0 (TID 1391)) 0.626ms
[396.722s][info][gc          ] Allocation Stall (Executor task launch worker for task 37.0 in stage 84.0 (TID 1400)) 0.624ms
[396.722s][info][gc          ] Allocation Stall (Executor task launch worker for task 6.0 in stage 84.0 (TID 1376)) 0.684ms
[396.722s][info][gc          ] Allocation Stall (Executor task launch worker for task 13.0 in stage 84.0 (TID 1382)) 0.653ms
[396.743s][info][gc          ] Allocation Stall (Executor task launch worker for task 22.0 in stage 84.0 (TID 1388)) 2.996ms
[396.743s][info][gc          ] Allocation Stall (Executor task launch worker for task 5.0 in stage 84.0 (TID 1375)) 3.294ms
[396.743s][info][gc          ] Allocation Stall (Executor task launch worker for task 10.0 in stage 84.0 (TID 1380)) 2.971ms
[396.743s][info][gc          ] Allocation Stall (Executor task launch worker for task 29.0 in stage 84.0 (TID 1394)) 3.485ms
[396.743s][info][gc          ] Allocation Stall (Executor task launch worker for task 23.0 in stage 84.0 (TID 1389)) 2.610ms
[396.743s][info][gc          ] Allocation Stall (Executor task launch worker for task 21.0 in stage 84.0 (TID 1387)) 4.012ms
[396.743s][info][gc          ] Allocation Stall (Executor task launch worker for task 36.0 in stage 84.0 (TID 1399)) 5.284ms
[396.743s][info][gc          ] Allocation Stall (Executor task launch worker for task 7.0 in stage 84.0 (TID 1377)) 2.814ms
[396.743s][info][gc          ] Allocation Stall (Executor task launch worker for task 4.0 in stage 84.0 (TID 1374)) 4.323ms
[396.743s][info][gc          ] Allocation Stall (Executor task launch worker for task 9.0 in stage 84.0 (TID 1379)) 4.349ms
[396.743s][info][gc          ] Allocation Stall (Executor task launch worker for task 12.0 in stage 84.0 (TID 1381)) 4.455ms
[396.743s][info][gc          ] Allocation Stall (Executor task launch worker for task 19.0 in stage 84.0 (TID 1411)) 4.494ms
[396.743s][info][gc          ] Allocation Stall (Executor task launch worker for task 47.0 in stage 84.0 (TID 1406)) 4.623ms
[396.743s][info][gc          ] Allocation Stall (Executor task launch worker for task 28.0 in stage 84.0 (TID 1393)) 4.681ms
[396.743s][info][gc          ] Allocation Stall (Executor task launch worker for task 6.0 in stage 84.0 (TID 1376)) 5.027ms
[396.743s][info][gc          ] Allocation Stall (Executor task launch worker for task 26.0 in stage 84.0 (TID 1391)) 4.797ms
[396.743s][info][gc          ] Allocation Stall (Executor task launch worker for task 13.0 in stage 84.0 (TID 1382)) 2.195ms
[396.743s][info][gc          ] Allocation Stall (Executor task launch worker for task 27.0 in stage 84.0 (TID 1392)) 2.028ms
[396.743s][info][gc          ] Allocation Stall (Executor task launch worker for task 32.0 in stage 84.0 (TID 1396)) 2.094ms
[396.743s][info][gc          ] Allocation Stall (Executor task launch worker for task 15.0 in stage 84.0 (TID 1383)) 2.232ms
[396.743s][info][gc          ] Allocation Stall (Executor task launch worker for task 39.0 in stage 84.0 (TID 1402)) 1.299ms
[396.743s][info][gc          ] Allocation Stall (Executor task launch worker for task 37.0 in stage 84.0 (TID 1400)) 1.497ms
[396.743s][info][gc          ] Allocation Stall (Executor task launch worker for task 2.0 in stage 84.0 (TID 1373)) 1.306ms
[396.743s][info][gc          ] Allocation Stall (Executor task launch worker for task 34.0 in stage 84.0 (TID 1398)) 2.738ms
[396.743s][info][gc          ] Allocation Stall (Executor task launch worker for task 1.0 in stage 84.0 (TID 1372)) 1.257ms
[396.743s][info][gc          ] Allocation Stall (Executor task launch worker for task 33.0 in stage 84.0 (TID 1397)) 1.292ms
[396.743s][info][gc          ] Allocation Stall (Executor task launch worker for task 38.0 in stage 84.0 (TID 1401)) 1.295ms
[396.743s][info][gc          ] Allocation Stall (Executor task launch worker for task 8.0 in stage 84.0 (TID 1378)) 1.218ms
[396.743s][info][gc          ] Allocation Stall (Executor task launch worker for task 40.0 in stage 84.0 (TID 1403)) 1.329ms
[396.743s][info][gc          ] Allocation Stall (Executor task launch worker for task 25.0 in stage 84.0 (TID 1390)) 2.625ms
[396.743s][info][gc          ] Allocation Stall (Executor task launch worker for task 30.0 in stage 84.0 (TID 1414)) 2.597ms
[396.743s][info][gc          ] Allocation Stall (Executor task launch worker for task 16.0 in stage 84.0 (TID 1384)) 2.379ms
[396.743s][info][gc          ] Allocation Stall (Executor task launch worker for task 31.0 in stage 84.0 (TID 1395)) 2.383ms
[396.743s][info][gc          ] Allocation Stall (Executor task launch worker for task 43.0 in stage 84.0 (TID 1405)) 2.378ms
[396.743s][info][gc          ] Allocation Stall (Executor task launch worker for task 18.0 in stage 84.0 (TID 1386)) 2.377ms
[396.743s][info][gc          ] Allocation Stall (Executor task launch worker for task 41.0 in stage 84.0 (TID 1404)) 2.372ms
[396.743s][info][gc          ] Allocation Stall (Executor task launch worker for task 17.0 in stage 84.0 (TID 1385)) 2.333ms
[396.809s][info][gc          ] Relocation Stall (Executor task launch worker for task 24.0 in stage 84.0 (TID 1413)) 96.611ms
[396.853s][info][gc,phases   ] GC(2195) Concurrent Relocate 143.161ms
[396.853s][info][gc,load     ] GC(2195) Load: 0.00/0.00/0.00
[396.853s][info][gc,mmu      ] GC(2195) MMU: 2ms/86.2%, 5ms/94.5%, 10ms/97.2%, 20ms/98.6%, 50ms/99.4%, 100ms/99.6%
[396.853s][info][gc,marking  ] GC(2195) Mark: 8 stripe(s), 2 proactive flush(es), 1 terminate flush(es), 0 completion(s), 0 continuation(s) 
[396.853s][info][gc,marking  ] GC(2195) Mark Stack Usage: 32M
[396.853s][info][gc,nmethod  ] GC(2195) NMethods: 8123 registered, 1321 unregistered
[396.853s][info][gc,metaspace] GC(2195) Metaspace: 120M used, 123M committed, 1152M reserved
[396.853s][info][gc,ref      ] GC(2195) Soft: 2879 encountered, 2199 discovered, 2 enqueued
[396.853s][info][gc,ref      ] GC(2195) Weak: 14368 encountered, 3111 discovered, 1 enqueued
[396.853s][info][gc,ref      ] GC(2195) Final: 84 encountered, 1 discovered, 0 enqueued
[396.853s][info][gc,ref      ] GC(2195) Phantom: 764 encountered, 624 discovered, 0 enqueued
[396.853s][info][gc,reloc    ] GC(2195) Small Pages: 365 / 730M, Empty: 558M, Relocated: 4M, In-Place: 0
[396.853s][info][gc,reloc    ] GC(2195) Medium Pages: 36 / 1152M, Empty: 0M, Relocated: 19M, In-Place: 0
[396.853s][info][gc,reloc    ] GC(2195) Large Pages: 0 / 0M, Empty: 0M, Relocated: 0M, In-Place: 0
[396.853s][info][gc,reloc    ] GC(2195) Forwarding Usage: 0M
[396.853s][info][gc,heap     ] GC(2195) Min Capacity: 8M(0%)
[396.853s][info][gc,heap     ] GC(2195) Max Capacity: 2048M(100%)
[396.853s][info][gc,heap     ] GC(2195) Soft Max Capacity: 2048M(100%)
[396.853s][info][gc,heap     ] GC(2195)                Mark Start          Mark End        Relocate Start      Relocate End           High               Low         
[396.853s][info][gc,heap     ] GC(2195)  Capacity:     2048M (100%)       2048M (100%)       2048M (100%)       2048M (100%)       2048M (100%)       2048M (100%)   
[396.853s][info][gc,heap     ] GC(2195)      Free:      166M (8%)            0M (0%)          384M (19%)         230M (11%)         492M (24%)           0M (0%)     
[396.854s][info][gc,heap     ] GC(2195)      Used:     1882M (92%)        2048M (100%)       1664M (81%)        1818M (89%)        2048M (100%)       1556M (76%)    
[396.854s][info][gc,heap     ] GC(2195)      Live:         -              1044M (51%)        1044M (51%)        1044M (51%)            -                  -          
[396.854s][info][gc,heap     ] GC(2195) Allocated:         -               166M (8%)          340M (17%)         596M (29%)            -                  -          
[396.854s][info][gc,heap     ] GC(2195)   Garbage:         -               837M (41%)         279M (14%)         176M (9%)             -                  -          
[396.854s][info][gc,heap     ] GC(2195) Reclaimed:         -                  -               558M (27%)         660M (32%)            -                  -          
[396.854s][info][gc          ] GC(2195) Garbage Collection (Allocation Stall) 1882M(92%)->1818M(89%)
[396.944s][info][gc,start    ] GC(2196) Garbage Collection (Allocation Stall)
[396.945s][info][gc,ref      ] GC(2196) Clearing All SoftReferences
[396.945s][info][gc,task     ] GC(2196) Using 12 workers
[396.945s][info][gc,ref      ] GC(2196) Clearing All SoftReferences
[396.945s][info][gc,phases   ] GC(2196) Pause Mark Start 0.040ms
[396.958s][info][gc          ] Allocation Stall (Executor task launch worker for task 15.0 in stage 84.0 (TID 1383)) 0.026ms
[396.958s][info][gc          ] Allocation Stall (Executor task launch worker for task 21.0 in stage 84.0 (TID 1387)) 0.603ms
[396.958s][info][gc          ] Allocation Stall (Executor task launch worker for task 17.0 in stage 84.0 (TID 1385)) 0.663ms
[396.958s][info][gc          ] Allocation Stall (Executor task launch worker for task 38.0 in stage 84.0 (TID 1401)) 0.708ms
[396.958s][info][gc          ] Allocation Stall (Executor task launch worker for task 14.0 in stage 84.0 (TID 1410)) 0.751ms
[396.959s][info][gc          ] Allocation Stall (Executor task launch worker for task 41.0 in stage 84.0 (TID 1404)) 1.103ms
[396.959s][info][gc          ] Allocation Stall (Executor task launch worker for task 33.0 in stage 84.0 (TID 1397)) 1.148ms
[397.003s][info][gc          ] Allocation Stall (Executor task launch worker for task 34.0 in stage 84.0 (TID 1398)) 0.553ms
[397.038s][info][gc,phases   ] GC(2196) Concurrent Mark 92.854ms
[397.038s][info][gc,phases   ] GC(2196) Pause Mark End 0.032ms
[397.038s][info][gc,phases   ] GC(2196) Concurrent Mark Free 0.001ms
[397.042s][info][gc,phases   ] GC(2196) Concurrent Process Non-Strong References 3.594ms
[397.042s][info][gc,phases   ] GC(2196) Concurrent Reset Relocation Set 0.009ms
[397.042s][info][gc          ] Allocation Stall (Executor task launch worker for task 42.0 in stage 84.0 (TID 1416)) 34.265ms
[397.042s][info][gc          ] Allocation Stall (Executor task launch worker for task 36.0 in stage 84.0 (TID 1399)) 33.760ms
[397.042s][info][gc          ] Allocation Stall (Executor task launch worker for task 45.0 in stage 84.0 (TID 1418)) 33.781ms
[397.042s][info][gc          ] Allocation Stall (Executor task launch worker for task 43.0 in stage 84.0 (TID 1405)) 33.468ms
[397.042s][info][gc          ] Allocation Stall (Executor task launch worker for task 9.0 in stage 84.0 (TID 1379)) 34.461ms
[397.042s][info][gc          ] Allocation Stall (Executor task launch worker for task 4.0 in stage 84.0 (TID 1374)) 33.824ms
[397.042s][info][gc          ] Allocation Stall (Executor task launch worker for task 13.0 in stage 84.0 (TID 1382)) 33.906ms
[397.042s][info][gc          ] Allocation Stall (Executor task launch worker for task 44.0 in stage 84.0 (TID 1417)) 33.419ms
[397.042s][info][gc          ] Allocation Stall (Executor task launch worker for task 5.0 in stage 84.0 (TID 1375)) 34.799ms
[397.042s][info][gc          ] Allocation Stall (Executor task launch worker for task 10.0 in stage 84.0 (TID 1380)) 34.074ms
[397.042s][info][gc          ] Allocation Stall (Executor task launch worker for task 20.0 in stage 84.0 (TID 1412)) 34.578ms
[397.042s][info][gc          ] Allocation Stall (Executor task launch worker for task 2.0 in stage 84.0 (TID 1373)) 34.152ms
[397.042s][info][gc          ] Allocation Stall (Executor task launch worker for task 27.0 in stage 84.0 (TID 1392)) 33.531ms
[397.042s][info][gc          ] Allocation Stall (Executor task launch worker for task 7.0 in stage 84.0 (TID 1377)) 34.605ms
[397.042s][info][gc          ] Allocation Stall (Executor task launch worker for task 40.0 in stage 84.0 (TID 1403)) 34.072ms
[397.042s][info][gc          ] Allocation Stall (Executor task launch worker for task 14.0 in stage 84.0 (TID 1410)) 37.236ms
[397.042s][info][gc          ] Allocation Stall (Executor task launch worker for task 3.0 in stage 84.0 (TID 1408)) 33.962ms
[397.042s][info][gc          ] Allocation Stall (Executor task launch worker for task 23.0 in stage 84.0 (TID 1389)) 34.109ms
[397.042s][info][gc          ] Allocation Stall (Executor task launch worker for task 19.0 in stage 84.0 (TID 1411)) 34.507ms
[397.042s][info][gc          ] Allocation Stall (Executor task launch worker for task 26.0 in stage 84.0 (TID 1391)) 33.790ms
[397.042s][info][gc          ] Allocation Stall (Executor task launch worker for task 29.0 in stage 84.0 (TID 1394)) 34.434ms
[397.042s][info][gc          ] Allocation Stall (Executor task launch worker for task 16.0 in stage 84.0 (TID 1384)) 35.364ms
[397.042s][info][gc          ] Allocation Stall (Executor task launch worker for task 37.0 in stage 84.0 (TID 1400)) 34.831ms
[397.042s][info][gc          ] Allocation Stall (Executor task launch worker for task 31.0 in stage 84.0 (TID 1395)) 35.535ms
[397.042s][info][gc          ] Allocation Stall (Executor task launch worker for task 11.0 in stage 84.0 (TID 1409)) 34.489ms
[397.042s][info][gc          ] Allocation Stall (Executor task launch worker for task 34.0 in stage 84.0 (TID 1398)) 34.578ms
[397.042s][info][gc          ] Allocation Stall (Executor task launch worker for task 0.0 in stage 84.0 (TID 1407)) 33.720ms
[397.042s][info][gc          ] Allocation Stall (Executor task launch worker for task 6.0 in stage 84.0 (TID 1376)) 34.755ms
[397.042s][info][gc          ] Allocation Stall (Executor task launch worker for task 39.0 in stage 84.0 (TID 1402)) 35.766ms
[397.042s][info][gc          ] Allocation Stall (Executor task launch worker for task 46.0 in stage 84.0 (TID 1419)) 33.564ms
[397.042s][info][gc          ] Allocation Stall (Executor task launch worker for task 18.0 in stage 84.0 (TID 1386)) 37.201ms
[397.042s][info][gc          ] Allocation Stall (Executor task launch worker for task 41.0 in stage 84.0 (TID 1404)) 37.012ms
[397.042s][info][gc          ] Allocation Stall (Executor task launch worker for task 22.0 in stage 84.0 (TID 1388)) 35.394ms
[397.042s][info][gc          ] Allocation Stall (Executor task launch worker for task 1.0 in stage 84.0 (TID 1372)) 37.151ms
[397.042s][info][gc          ] Allocation Stall (Executor task launch worker for task 35.0 in stage 84.0 (TID 1415)) 34.665ms
[397.042s][info][gc          ] Allocation Stall (Executor task launch worker for task 30.0 in stage 84.0 (TID 1414)) 33.867ms
[397.042s][info][gc          ] Allocation Stall (Executor task launch worker for task 33.0 in stage 84.0 (TID 1397)) 36.635ms
[397.042s][info][gc          ] Allocation Stall (Executor task launch worker for task 32.0 in stage 84.0 (TID 1396)) 36.815ms
[397.042s][info][gc          ] Allocation Stall (Executor task launch worker for task 12.0 in stage 84.0 (TID 1381)) 34.198ms
[397.042s][info][gc          ] Allocation Stall (Executor task launch worker for task 21.0 in stage 84.0 (TID 1387)) 33.912ms
[397.042s][info][gc          ] Allocation Stall (Executor task launch worker for task 25.0 in stage 84.0 (TID 1390)) 34.852ms
[397.042s][info][gc          ] Allocation Stall (Executor task launch worker for task 38.0 in stage 84.0 (TID 1401)) 33.983ms
[397.042s][info][gc          ] Allocation Stall (Executor task launch worker for task 17.0 in stage 84.0 (TID 1385)) 34.854ms
[397.042s][info][gc          ] Allocation Stall (Executor task launch worker for task 24.0 in stage 84.0 (TID 1413)) 34.096ms
[397.042s][info][gc          ] Allocation Stall (Executor task launch worker for task 47.0 in stage 84.0 (TID 1406)) 36.281ms
[397.042s][info][gc          ] Allocation Stall (Executor task launch worker for task 15.0 in stage 84.0 (TID 1383)) 34.793ms
[397.042s][info][gc          ] Allocation Stall (Executor task launch worker for task 28.0 in stage 84.0 (TID 1393)) 36.954ms
[397.042s][info][gc          ] Allocation Stall (Executor task launch worker for task 8.0 in stage 84.0 (TID 1378)) 34.787ms
[397.047s][info][gc,phases   ] GC(2196) Concurrent Select Relocation Set 5.008ms
[397.054s][info][gc,phases   ] GC(2196) Pause Relocate Start 0.013ms
[397.119s][info][gc,phases   ] GC(2196) Concurrent Relocate 64.834ms
[397.119s][info][gc,load     ] GC(2196) Load: 0.00/0.00/0.00
[397.119s][info][gc,mmu      ] GC(2196) MMU: 2ms/86.2%, 5ms/94.5%, 10ms/97.2%, 20ms/98.6%, 50ms/99.4%, 100ms/99.6%
[397.119s][info][gc,marking  ] GC(2196) Mark: 8 stripe(s), 3 proactive flush(es), 1 terminate flush(es), 0 completion(s), 0 continuation(s) 
[397.119s][info][gc,marking  ] GC(2196) Mark Stack Usage: 32M
[397.119s][info][gc,nmethod  ] GC(2196) NMethods: 8123 registered, 1321 unregistered
[397.119s][info][gc,metaspace] GC(2196) Metaspace: 120M used, 123M committed, 1152M reserved
[397.119s][info][gc,ref      ] GC(2196) Soft: 2877 encountered, 771 discovered, 0 enqueued
[397.119s][info][gc,ref      ] GC(2196) Weak: 14359 encountered, 1912 discovered, 0 enqueued
[397.119s][info][gc,ref      ] GC(2196) Final: 84 encountered, 17 discovered, 0 enqueued
[397.119s][info][gc,ref      ] GC(2196) Phantom: 764 encountered, 532 discovered, 0 enqueued
[397.119s][info][gc,reloc    ] GC(2196) Small Pages: 393 / 786M, Empty: 664M, Relocated: 3M, In-Place: 0
[397.119s][info][gc,reloc    ] GC(2196) Medium Pages: 37 / 1184M, Empty: 0M, Relocated: 7M, In-Place: 0
[397.119s][info][gc,reloc    ] GC(2196) Large Pages: 0 / 0M, Empty: 0M, Relocated: 0M, In-Place: 0
[397.119s][info][gc,reloc    ] GC(2196) Forwarding Usage: 0M
[397.119s][info][gc,heap     ] GC(2196) Min Capacity: 8M(0%)
[397.119s][info][gc,heap     ] GC(2196) Max Capacity: 2048M(100%)
[397.119s][info][gc,heap     ] GC(2196) Soft Max Capacity: 2048M(100%)
[397.119s][info][gc,heap     ] GC(2196)                Mark Start          Mark End        Relocate Start      Relocate End           High               Low         
[397.119s][info][gc,heap     ] GC(2196)  Capacity:     2048M (100%)       2048M (100%)       2048M (100%)       2048M (100%)       2048M (100%)       2048M (100%)   
[397.119s][info][gc,heap     ] GC(2196)      Free:       78M (4%)            0M (0%)          586M (29%)         400M (20%)         592M (29%)           0M (0%)     
[397.119s][info][gc,heap     ] GC(2196)      Used:     1970M (96%)        2048M (100%)       1462M (71%)        1648M (80%)        2048M (100%)       1456M (71%)    
[397.119s][info][gc,heap     ] GC(2196)      Live:         -              1058M (52%)        1058M (52%)        1058M (52%)            -                  -          
[397.119s][info][gc,heap     ] GC(2196) Allocated:         -                78M (4%)          156M (8%)          401M (20%)            -                  -          
[397.119s][info][gc,heap     ] GC(2196)   Garbage:         -               911M (45%)         247M (12%)         188M (9%)             -                  -          
[397.119s][info][gc,heap     ] GC(2196) Reclaimed:         -                  -               664M (32%)         723M (35%)            -                  -          
[397.119s][info][gc          ] GC(2196) Garbage Collection (Allocation Stall) 1970M(96%)->1648M(80%)
[397.148s][info][gc,start    ] GC(2197) Garbage Collection (Allocation Stall)
[397.148s][info][gc,ref      ] GC(2197) Clearing All SoftReferences
[397.148s][info][gc,task     ] GC(2197) Using 12 workers
[397.149s][info][gc,ref      ] GC(2197) Clearing All SoftReferences
[397.149s][info][gc,phases   ] GC(2197) Pause Mark Start 0.029ms
[397.162s][info][gc          ] Allocation Stall (Executor task launch worker for task 29.0 in stage 84.0 (TID 1394)) 0.782ms
[397.162s][info][gc          ] Allocation Stall (Executor task launch worker for task 28.0 in stage 84.0 (TID 1393)) 0.835ms
[397.162s][info][gc          ] Allocation Stall (Executor task launch worker for task 20.0 in stage 84.0 (TID 1412)) 0.892ms
[397.162s][info][gc          ] Allocation Stall (Executor task launch worker for task 21.0 in stage 84.0 (TID 1387)) 0.934ms
[397.162s][info][gc          ] Allocation Stall (Executor task launch worker for task 43.0 in stage 84.0 (TID 1405)) 0.978ms
[397.162s][info][gc          ] Allocation Stall (Executor task launch worker for task 37.0 in stage 84.0 (TID 1400)) 1.015ms
[397.163s][info][gc          ] Allocation Stall (Executor task launch worker for task 22.0 in stage 84.0 (TID 1388)) 1.750ms
[397.226s][info][gc,phases   ] GC(2197) Concurrent Mark 65.004ms
[397.226s][info][gc,phases   ] GC(2197) Pause Mark End 0.023ms
[397.226s][info][gc,phases   ] GC(2197) Concurrent Mark Free 0.001ms
[397.229s][info][gc,phases   ] GC(2197) Concurrent Process Non-Strong References 3.195ms
[397.229s][info][gc,phases   ] GC(2197) Concurrent Reset Relocation Set 0.004ms
[397.229s][info][gc          ] Allocation Stall (Executor task launch worker for task 25.0 in stage 84.0 (TID 1390)) 22.323ms
[397.229s][info][gc          ] Allocation Stall (Executor task launch worker for task 16.0 in stage 84.0 (TID 1384)) 23.256ms
[397.229s][info][gc          ] Allocation Stall (Executor task launch worker for task 17.0 in stage 84.0 (TID 1385)) 23.255ms
[397.229s][info][gc          ] Allocation Stall (Executor task launch worker for task 21.0 in stage 84.0 (TID 1387)) 23.373ms
[397.229s][info][gc          ] Allocation Stall (Executor task launch worker for task 33.0 in stage 84.0 (TID 1397)) 23.311ms
[397.229s][info][gc          ] Allocation Stall (Executor task launch worker for task 29.0 in stage 84.0 (TID 1394)) 23.377ms
[397.229s][info][gc          ] Allocation Stall (Executor task launch worker for task 45.0 in stage 84.0 (TID 1418)) 23.322ms
[397.229s][info][gc          ] Allocation Stall (Executor task launch worker for task 35.0 in stage 84.0 (TID 1415)) 22.261ms
[397.229s][info][gc          ] Allocation Stall (Executor task launch worker for task 2.0 in stage 84.0 (TID 1373)) 24.424ms
[397.229s][info][gc          ] Allocation Stall (Executor task launch worker for task 24.0 in stage 84.0 (TID 1413)) 22.828ms
[397.229s][info][gc          ] Allocation Stall (Executor task launch worker for task 4.0 in stage 84.0 (TID 1374)) 22.221ms
[397.229s][info][gc          ] Allocation Stall (Executor task launch worker for task 10.0 in stage 84.0 (TID 1380)) 22.673ms
[397.229s][info][gc          ] Allocation Stall (Executor task launch worker for task 46.0 in stage 84.0 (TID 1419)) 24.124ms
[397.229s][info][gc          ] Allocation Stall (Executor task launch worker for task 11.0 in stage 84.0 (TID 1409)) 24.164ms
[397.229s][info][gc          ] Allocation Stall (Executor task launch worker for task 13.0 in stage 84.0 (TID 1382)) 24.588ms
[397.229s][info][gc          ] Allocation Stall (Executor task launch worker for task 34.0 in stage 84.0 (TID 1398)) 23.325ms
[397.229s][info][gc          ] Allocation Stall (Executor task launch worker for task 31.0 in stage 84.0 (TID 1395)) 23.433ms
[397.229s][info][gc          ] Allocation Stall (Executor task launch worker for task 26.0 in stage 84.0 (TID 1391)) 23.007ms
[397.229s][info][gc          ] Allocation Stall (Executor task launch worker for task 32.0 in stage 84.0 (TID 1396)) 23.621ms
[397.229s][info][gc          ] Allocation Stall (Executor task launch worker for task 37.0 in stage 84.0 (TID 1400)) 22.910ms
[397.229s][info][gc          ] Allocation Stall (Executor task launch worker for task 6.0 in stage 84.0 (TID 1376)) 24.145ms
[397.229s][info][gc          ] Allocation Stall (Executor task launch worker for task 12.0 in stage 84.0 (TID 1381)) 22.386ms
[397.229s][info][gc          ] Allocation Stall (Executor task launch worker for task 44.0 in stage 84.0 (TID 1417)) 24.767ms
[397.229s][info][gc          ] Allocation Stall (Executor task launch worker for task 36.0 in stage 84.0 (TID 1399)) 25.226ms
[397.229s][info][gc          ] Allocation Stall (Executor task launch worker for task 23.0 in stage 84.0 (TID 1389)) 24.359ms
[397.229s][info][gc          ] Allocation Stall (Executor task launch worker for task 15.0 in stage 84.0 (TID 1383)) 23.477ms
[397.229s][info][gc          ] Allocation Stall (Executor task launch worker for task 22.0 in stage 84.0 (TID 1388)) 24.214ms
[397.229s][info][gc          ] Allocation Stall (Executor task launch worker for task 27.0 in stage 84.0 (TID 1392)) 22.302ms
[397.229s][info][gc          ] Allocation Stall (Executor task launch worker for task 3.0 in stage 84.0 (TID 1408)) 24.835ms
[397.229s][info][gc          ] Allocation Stall (Executor task launch worker for task 7.0 in stage 84.0 (TID 1377)) 24.428ms
[397.229s][info][gc          ] Allocation Stall (Executor task launch worker for task 30.0 in stage 84.0 (TID 1414)) 24.818ms
[397.229s][info][gc          ] Allocation Stall (Executor task launch worker for task 43.0 in stage 84.0 (TID 1405)) 23.475ms
[397.229s][info][gc          ] Allocation Stall (Executor task launch worker for task 1.0 in stage 84.0 (TID 1372)) 24.496ms
[397.229s][info][gc          ] Allocation Stall (Executor task launch worker for task 18.0 in stage 84.0 (TID 1386)) 27.385ms
[397.229s][info][gc          ] Allocation Stall (Executor task launch worker for task 5.0 in stage 84.0 (TID 1375)) 23.529ms
[397.229s][info][gc          ] Allocation Stall (Executor task launch worker for task 40.0 in stage 84.0 (TID 1403)) 22.487ms
[397.229s][info][gc          ] Allocation Stall (Executor task launch worker for task 14.0 in stage 84.0 (TID 1410)) 24.293ms
[397.229s][info][gc          ] Allocation Stall (Executor task launch worker for task 38.0 in stage 84.0 (TID 1401)) 26.925ms
[397.229s][info][gc          ] Allocation Stall (Executor task launch worker for task 0.0 in stage 84.0 (TID 1407)) 24.206ms
[397.229s][info][gc          ] Allocation Stall (Executor task launch worker for task 19.0 in stage 84.0 (TID 1411)) 22.957ms
[397.229s][info][gc          ] Allocation Stall (Executor task launch worker for task 28.0 in stage 84.0 (TID 1393)) 25.182ms
[397.229s][info][gc          ] Allocation Stall (Executor task launch worker for task 42.0 in stage 84.0 (TID 1416)) 24.009ms
[397.229s][info][gc          ] Allocation Stall (Executor task launch worker for task 39.0 in stage 84.0 (TID 1402)) 23.355ms
[397.229s][info][gc          ] Allocation Stall (Executor task launch worker for task 9.0 in stage 84.0 (TID 1379)) 23.024ms
[397.229s][info][gc          ] Allocation Stall (Executor task launch worker for task 47.0 in stage 84.0 (TID 1406)) 23.674ms
[397.229s][info][gc          ] Allocation Stall (Executor task launch worker for task 8.0 in stage 84.0 (TID 1378)) 23.010ms
[397.229s][info][gc          ] Allocation Stall (Executor task launch worker for task 20.0 in stage 84.0 (TID 1412)) 23.258ms
[397.229s][info][gc          ] Allocation Stall (Executor task launch worker for task 41.0 in stage 84.0 (TID 1404)) 27.420ms
[397.233s][info][gc,phases   ] GC(2197) Concurrent Select Relocation Set 4.261ms
[397.234s][info][gc,phases   ] GC(2197) Pause Relocate Start 0.008ms
[397.308s][info][gc          ] Allocation Stall (Executor task launch worker for task 7.0 in stage 84.0 (TID 1377)) 1.307ms
[397.308s][info][gc          ] Allocation Stall (Executor task launch worker for task 15.0 in stage 84.0 (TID 1383)) 1.292ms
[397.308s][info][gc          ] Allocation Stall (Executor task launch worker for task 5.0 in stage 84.0 (TID 1375)) 1.256ms
[397.308s][info][gc          ] Allocation Stall (Executor task launch worker for task 43.0 in stage 84.0 (TID 1405)) 1.320ms
[397.308s][info][gc          ] Allocation Stall (Executor task launch worker for task 26.0 in stage 84.0 (TID 1391)) 1.380ms
[397.308s][info][gc          ] Allocation Stall (Executor task launch worker for task 8.0 in stage 84.0 (TID 1378)) 1.342ms
[397.308s][info][gc          ] Allocation Stall (Executor task launch worker for task 0.0 in stage 84.0 (TID 1407)) 1.254ms
[397.308s][info][gc          ] Allocation Stall (Executor task launch worker for task 1.0 in stage 84.0 (TID 1372)) 1.267ms
[397.308s][info][gc          ] Allocation Stall (Executor task launch worker for task 36.0 in stage 84.0 (TID 1399)) 1.282ms
[397.308s][info][gc          ] Allocation Stall (Executor task launch worker for task 21.0 in stage 84.0 (TID 1387)) 1.648ms
[397.308s][info][gc          ] Allocation Stall (Executor task launch worker for task 37.0 in stage 84.0 (TID 1400)) 1.681ms
[397.308s][info][gc          ] Allocation Stall (Executor task launch worker for task 38.0 in stage 84.0 (TID 1401)) 1.470ms
[397.308s][info][gc          ] Allocation Stall (Executor task launch worker for task 3.0 in stage 84.0 (TID 1408)) 1.428ms
[397.308s][info][gc          ] Allocation Stall (Executor task launch worker for task 12.0 in stage 84.0 (TID 1381)) 1.475ms
[397.308s][info][gc          ] Allocation Stall (Executor task launch worker for task 11.0 in stage 84.0 (TID 1409)) 1.433ms
[397.308s][info][gc          ] Allocation Stall (Executor task launch worker for task 28.0 in stage 84.0 (TID 1393)) 1.430ms
[397.309s][info][gc          ] Allocation Stall (Executor task launch worker for task 6.0 in stage 84.0 (TID 1376)) 1.823ms
[397.309s][info][gc          ] Allocation Stall (Executor task launch worker for task 9.0 in stage 84.0 (TID 1379)) 1.854ms
[397.309s][info][gc          ] Allocation Stall (Executor task launch worker for task 29.0 in stage 84.0 (TID 1394)) 1.864ms
[397.309s][info][gc          ] Allocation Stall (Executor task launch worker for task 40.0 in stage 84.0 (TID 1403)) 1.889ms
[397.309s][info][gc          ] Allocation Stall (Executor task launch worker for task 46.0 in stage 84.0 (TID 1419)) 1.873ms
[397.309s][info][gc          ] Allocation Stall (Executor task launch worker for task 18.0 in stage 84.0 (TID 1386)) 1.871ms
[397.309s][info][gc          ] Allocation Stall (Executor task launch worker for task 31.0 in stage 84.0 (TID 1395)) 1.885ms
[397.309s][info][gc          ] Allocation Stall (Executor task launch worker for task 13.0 in stage 84.0 (TID 1382)) 1.924ms
[397.309s][info][gc          ] Allocation Stall (Executor task launch worker for task 42.0 in stage 84.0 (TID 1416)) 1.938ms
[397.309s][info][gc          ] Allocation Stall (Executor task launch worker for task 47.0 in stage 84.0 (TID 1406)) 1.959ms
[397.309s][info][gc          ] Allocation Stall (Executor task launch worker for task 44.0 in stage 84.0 (TID 1417)) 1.978ms
[397.309s][info][gc          ] Allocation Stall (Executor task launch worker for task 16.0 in stage 84.0 (TID 1384)) 1.984ms
[397.309s][info][gc          ] Allocation Stall (Executor task launch worker for task 4.0 in stage 84.0 (TID 1374)) 2.000ms
[397.309s][info][gc          ] Allocation Stall (Executor task launch worker for task 39.0 in stage 84.0 (TID 1402)) 2.034ms
[397.309s][info][gc          ] Allocation Stall (Executor task launch worker for task 23.0 in stage 84.0 (TID 1389)) 2.090ms
[397.309s][info][gc          ] Allocation Stall (Executor task launch worker for task 33.0 in stage 84.0 (TID 1397)) 2.109ms
[397.309s][info][gc          ] Allocation Stall (Executor task launch worker for task 2.0 in stage 84.0 (TID 1373)) 2.136ms
[397.309s][info][gc          ] Allocation Stall (Executor task launch worker for task 41.0 in stage 84.0 (TID 1404)) 2.162ms
[397.309s][info][gc          ] Allocation Stall (Executor task launch worker for task 25.0 in stage 84.0 (TID 1390)) 2.187ms
[397.309s][info][gc          ] Allocation Stall (Executor task launch worker for task 20.0 in stage 84.0 (TID 1412)) 2.210ms
[397.309s][info][gc          ] Allocation Stall (Executor task launch worker for task 10.0 in stage 84.0 (TID 1380)) 2.250ms
[397.309s][info][gc          ] Allocation Stall (Executor task launch worker for task 19.0 in stage 84.0 (TID 1411)) 2.298ms
[397.309s][info][gc          ] Allocation Stall (Executor task launch worker for task 34.0 in stage 84.0 (TID 1398)) 2.312ms
[397.309s][info][gc          ] Allocation Stall (Executor task launch worker for task 32.0 in stage 84.0 (TID 1396)) 2.354ms
[397.309s][info][gc          ] Allocation Stall (Executor task launch worker for task 17.0 in stage 84.0 (TID 1385)) 2.374ms
[397.310s][info][gc          ] Allocation Stall (Executor task launch worker for task 22.0 in stage 84.0 (TID 1388)) 2.391ms
[397.310s][info][gc          ] Allocation Stall (Executor task launch worker for task 27.0 in stage 84.0 (TID 1392)) 2.408ms
[397.316s][info][gc          ] Allocation Stall (Executor task launch worker for task 33.0 in stage 84.0 (TID 1397)) 2.117ms
[397.316s][info][gc          ] Allocation Stall (Executor task launch worker for task 34.0 in stage 84.0 (TID 1398)) 2.132ms
[397.317s][info][gc          ] Allocation Stall (Executor task launch worker for task 46.0 in stage 84.0 (TID 1419)) 2.163ms
[397.317s][info][gc          ] Allocation Stall (Executor task launch worker for task 29.0 in stage 84.0 (TID 1394)) 2.178ms
[397.318s][info][gc          ] Allocation Stall (Executor task launch worker for task 41.0 in stage 84.0 (TID 1404)) 3.567ms
[397.318s][info][gc          ] Allocation Stall (Executor task launch worker for task 23.0 in stage 84.0 (TID 1389)) 3.609ms
[397.318s][info][gc          ] Allocation Stall (Executor task launch worker for task 31.0 in stage 84.0 (TID 1395)) 3.638ms
[397.318s][info][gc          ] Allocation Stall (Executor task launch worker for task 32.0 in stage 84.0 (TID 1396)) 3.592ms
[397.318s][info][gc          ] Allocation Stall (Executor task launch worker for task 17.0 in stage 84.0 (TID 1385)) 3.628ms
[397.322s][info][gc          ] Allocation Stall (Executor task launch worker for task 26.0 in stage 84.0 (TID 1391)) 7.227ms
[397.322s][info][gc          ] Allocation Stall (Executor task launch worker for task 47.0 in stage 84.0 (TID 1406)) 7.271ms
[397.322s][info][gc          ] Allocation Stall (Executor task launch worker for task 22.0 in stage 84.0 (TID 1388)) 7.236ms
[397.322s][info][gc          ] Allocation Stall (Executor task launch worker for task 40.0 in stage 84.0 (TID 1403)) 7.246ms
[397.322s][info][gc          ] Allocation Stall (Executor task launch worker for task 19.0 in stage 84.0 (TID 1411)) 7.260ms
[397.322s][info][gc          ] Allocation Stall (Executor task launch worker for task 27.0 in stage 84.0 (TID 1392)) 7.183ms
[397.322s][info][gc          ] Allocation Stall (Executor task launch worker for task 13.0 in stage 84.0 (TID 1382)) 7.206ms
[397.322s][info][gc          ] Allocation Stall (Executor task launch worker for task 10.0 in stage 84.0 (TID 1380)) 7.247ms
[397.322s][info][gc          ] Allocation Stall (Executor task launch worker for task 2.0 in stage 84.0 (TID 1373)) 6.350ms
[397.322s][info][gc          ] Allocation Stall (Executor task launch worker for task 7.0 in stage 84.0 (TID 1377)) 6.104ms
[397.322s][info][gc          ] Allocation Stall (Executor task launch worker for task 39.0 in stage 84.0 (TID 1402)) 5.700ms
[397.322s][info][gc          ] Allocation Stall (Executor task launch worker for task 44.0 in stage 84.0 (TID 1417)) 4.762ms
[397.322s][info][gc          ] Allocation Stall (Executor task launch worker for task 43.0 in stage 84.0 (TID 1405)) 1.619ms
[397.322s][info][gc          ] Allocation Stall (Executor task launch worker for task 31.0 in stage 84.0 (TID 1395)) 1.246ms
[397.322s][info][gc          ] Allocation Stall (Executor task launch worker for task 23.0 in stage 84.0 (TID 1389)) 1.171ms
[397.322s][info][gc          ] Allocation Stall (Executor task launch worker for task 17.0 in stage 84.0 (TID 1385)) 1.141ms
[397.323s][info][gc          ] Allocation Stall (Executor task launch worker for task 5.0 in stage 84.0 (TID 1375)) 1.118ms
[397.324s][info][gc          ] Allocation Stall (Executor task launch worker for task 8.0 in stage 84.0 (TID 1378)) 1.740ms
[397.324s][info][gc          ] Allocation Stall (Executor task launch worker for task 4.0 in stage 84.0 (TID 1374)) 1.731ms
[397.324s][info][gc          ] Allocation Stall (Executor task launch worker for task 18.0 in stage 84.0 (TID 1386)) 1.915ms
[397.324s][info][gc          ] Allocation Stall (Executor task launch worker for task 42.0 in stage 84.0 (TID 1416)) 1.979ms
[397.324s][info][gc          ] Allocation Stall (Executor task launch worker for task 15.0 in stage 84.0 (TID 1383)) 1.783ms
[397.324s][info][gc          ] Allocation Stall (Executor task launch worker for task 1.0 in stage 84.0 (TID 1372)) 1.627ms
[397.324s][info][gc          ] Allocation Stall (Executor task launch worker for task 25.0 in stage 84.0 (TID 1390)) 1.686ms
[397.324s][info][gc          ] Allocation Stall (Executor task launch worker for task 20.0 in stage 84.0 (TID 1412)) 1.799ms
[397.324s][info][gc          ] Allocation Stall (Executor task launch worker for task 0.0 in stage 84.0 (TID 1407)) 1.695ms
[397.324s][info][gc          ] Allocation Stall (Executor task launch worker for task 29.0 in stage 84.0 (TID 1394)) 2.136ms
[397.324s][info][gc          ] Allocation Stall (Executor task launch worker for task 34.0 in stage 84.0 (TID 1398)) 2.040ms
[397.324s][info][gc          ] Allocation Stall (Executor task launch worker for task 6.0 in stage 84.0 (TID 1376)) 2.044ms
[397.332s][info][gc          ] Allocation Stall (Executor task launch worker for task 22.0 in stage 84.0 (TID 1388)) 2.664ms
[397.332s][info][gc          ] Allocation Stall (Executor task launch worker for task 37.0 in stage 84.0 (TID 1400)) 2.598ms
[397.332s][info][gc          ] Allocation Stall (Executor task launch worker for task 44.0 in stage 84.0 (TID 1417)) 2.601ms
[397.332s][info][gc          ] Allocation Stall (Executor task launch worker for task 36.0 in stage 84.0 (TID 1399)) 2.621ms
[397.332s][info][gc          ] Allocation Stall (Executor task launch worker for task 40.0 in stage 84.0 (TID 1403)) 2.575ms
[397.332s][info][gc          ] Allocation Stall (Executor task launch worker for task 2.0 in stage 84.0 (TID 1373)) 2.628ms
[397.332s][info][gc          ] Allocation Stall (Executor task launch worker for task 16.0 in stage 84.0 (TID 1384)) 2.660ms
[397.332s][info][gc          ] Allocation Stall (Executor task launch worker for task 23.0 in stage 84.0 (TID 1389)) 2.672ms
[397.332s][info][gc          ] Allocation Stall (Executor task launch worker for task 43.0 in stage 84.0 (TID 1405)) 2.582ms
[397.332s][info][gc          ] Allocation Stall (Executor task launch worker for task 41.0 in stage 84.0 (TID 1404)) 2.576ms
[397.332s][info][gc          ] Allocation Stall (Executor task launch worker for task 19.0 in stage 84.0 (TID 1411)) 2.590ms
[397.332s][info][gc          ] Allocation Stall (Executor task launch worker for task 38.0 in stage 84.0 (TID 1401)) 2.616ms
[397.335s][info][gc          ] Allocation Stall (Executor task launch worker for task 32.0 in stage 84.0 (TID 1396)) 5.005ms
[397.335s][info][gc          ] Allocation Stall (Executor task launch worker for task 17.0 in stage 84.0 (TID 1385)) 5.025ms
[397.335s][info][gc          ] Allocation Stall (Executor task launch worker for task 47.0 in stage 84.0 (TID 1406)) 4.951ms
[397.335s][info][gc          ] Allocation Stall (Executor task launch worker for task 5.0 in stage 84.0 (TID 1375)) 4.965ms
[397.335s][info][gc          ] Allocation Stall (Executor task launch worker for task 46.0 in stage 84.0 (TID 1419)) 5.019ms
[397.335s][info][gc          ] Allocation Stall (Executor task launch worker for task 39.0 in stage 84.0 (TID 1402)) 5.041ms
[397.335s][info][gc          ] Allocation Stall (Executor task launch worker for task 10.0 in stage 84.0 (TID 1380)) 5.074ms
[397.341s][info][gc          ] Allocation Stall (Executor task launch worker for task 9.0 in stage 84.0 (TID 1379)) 10.389ms
[397.341s][info][gc          ] Allocation Stall (Executor task launch worker for task 33.0 in stage 84.0 (TID 1397)) 10.024ms
[397.341s][info][gc          ] Allocation Stall (Executor task launch worker for task 21.0 in stage 84.0 (TID 1387)) 9.760ms
[397.341s][info][gc          ] Allocation Stall (Executor task launch worker for task 27.0 in stage 84.0 (TID 1392)) 9.542ms
[397.341s][info][gc          ] Allocation Stall (Executor task launch worker for task 28.0 in stage 84.0 (TID 1393)) 3.134ms
[397.341s][info][gc          ] Allocation Stall (Executor task launch worker for task 43.0 in stage 84.0 (TID 1405)) 2.838ms
[397.341s][info][gc          ] Allocation Stall (Executor task launch worker for task 37.0 in stage 84.0 (TID 1400)) 2.856ms
[397.341s][info][gc          ] Allocation Stall (Executor task launch worker for task 19.0 in stage 84.0 (TID 1411)) 2.888ms
[397.342s][info][gc          ] Allocation Stall (Executor task launch worker for task 38.0 in stage 84.0 (TID 1401)) 3.600ms
[397.342s][info][gc          ] Allocation Stall (Executor task launch worker for task 23.0 in stage 84.0 (TID 1389)) 3.429ms
[397.342s][info][gc          ] Allocation Stall (Executor task launch worker for task 40.0 in stage 84.0 (TID 1403)) 3.450ms
[397.342s][info][gc          ] Allocation Stall (Executor task launch worker for task 2.0 in stage 84.0 (TID 1373)) 3.228ms
[397.342s][info][gc          ] Allocation Stall (Executor task launch worker for task 41.0 in stage 84.0 (TID 1404)) 3.243ms
[397.342s][info][gc          ] Allocation Stall (Executor task launch worker for task 16.0 in stage 84.0 (TID 1384)) 3.174ms
[397.342s][info][gc          ] Allocation Stall (Executor task launch worker for task 32.0 in stage 84.0 (TID 1396)) 3.141ms
[397.342s][info][gc          ] Allocation Stall (Executor task launch worker for task 47.0 in stage 84.0 (TID 1406)) 2.987ms
[397.342s][info][gc          ] Allocation Stall (Executor task launch worker for task 17.0 in stage 84.0 (TID 1385)) 3.020ms
[397.342s][info][gc          ] Allocation Stall (Executor task launch worker for task 46.0 in stage 84.0 (TID 1419)) 3.048ms
[397.342s][info][gc          ] Allocation Stall (Executor task launch worker for task 10.0 in stage 84.0 (TID 1380)) 3.006ms
[397.342s][info][gc          ] Allocation Stall (Executor task launch worker for task 39.0 in stage 84.0 (TID 1402)) 3.033ms
[397.343s][info][gc          ] Allocation Stall (Executor task launch worker for task 5.0 in stage 84.0 (TID 1375)) 3.010ms
[397.343s][info][gc          ] Allocation Stall (Executor task launch worker for task 12.0 in stage 84.0 (TID 1381)) 3.546ms
[397.367s][info][gc          ] Allocation Stall (Executor task launch worker for task 26.0 in stage 84.0 (TID 1391)) 0.887ms
[397.367s][info][gc          ] Allocation Stall (Executor task launch worker for task 15.0 in stage 84.0 (TID 1383)) 0.887ms
[397.367s][info][gc          ] Allocation Stall (Executor task launch worker for task 30.0 in stage 84.0 (TID 1414)) 0.912ms
[397.367s][info][gc          ] Allocation Stall (Executor task launch worker for task 0.0 in stage 84.0 (TID 1407)) 0.922ms
[397.367s][info][gc          ] Allocation Stall (Executor task launch worker for task 4.0 in stage 84.0 (TID 1374)) 0.903ms
[397.367s][info][gc          ] Allocation Stall (Executor task launch worker for task 31.0 in stage 84.0 (TID 1395)) 0.846ms
[397.367s][info][gc          ] Allocation Stall (Executor task launch worker for task 6.0 in stage 84.0 (TID 1376)) 0.427ms
[397.367s][info][gc          ] Allocation Stall (Executor task launch worker for task 19.0 in stage 84.0 (TID 1411)) 0.472ms
[397.367s][info][gc          ] Allocation Stall (Executor task launch worker for task 33.0 in stage 84.0 (TID 1397)) 0.501ms
[397.367s][info][gc          ] Allocation Stall (Executor task launch worker for task 9.0 in stage 84.0 (TID 1379)) 0.538ms
[397.368s][info][gc          ] Allocation Stall (Executor task launch worker for task 32.0 in stage 84.0 (TID 1396)) 0.538ms
[397.368s][info][gc          ] Allocation Stall (Executor task launch worker for task 47.0 in stage 84.0 (TID 1406)) 0.494ms
[397.368s][info][gc          ] Allocation Stall (Executor task launch worker for task 7.0 in stage 84.0 (TID 1377)) 0.520ms
[397.368s][info][gc          ] Allocation Stall (Executor task launch worker for task 17.0 in stage 84.0 (TID 1385)) 0.535ms
[397.435s][info][gc          ] Allocation Stall (Executor task launch worker for task 21.0 in stage 84.0 (TID 1387)) 5.703ms
[397.435s][info][gc          ] Allocation Stall (Executor task launch worker for task 20.0 in stage 84.0 (TID 1412)) 5.675ms
[397.435s][info][gc          ] Allocation Stall (Executor task launch worker for task 30.0 in stage 84.0 (TID 1414)) 5.245ms
[397.436s][info][gc          ] Allocation Stall (Executor task launch worker for task 16.0 in stage 84.0 (TID 1384)) 5.292ms
[397.436s][info][gc          ] Allocation Stall (Executor task launch worker for task 31.0 in stage 84.0 (TID 1395)) 1.749ms
[397.436s][info][gc          ] Allocation Stall (Executor task launch worker for task 0.0 in stage 84.0 (TID 1407)) 1.904ms
[397.436s][info][gc          ] Allocation Stall (Executor task launch worker for task 33.0 in stage 84.0 (TID 1397)) 1.660ms
[397.436s][info][gc          ] Allocation Stall (Executor task launch worker for task 47.0 in stage 84.0 (TID 1406)) 1.892ms
[397.436s][info][gc          ] Allocation Stall (Executor task launch worker for task 37.0 in stage 84.0 (TID 1400)) 1.903ms
[397.436s][info][gc          ] Allocation Stall (Executor task launch worker for task 10.0 in stage 84.0 (TID 1380)) 1.684ms
[397.436s][info][gc          ] Allocation Stall (Executor task launch worker for task 32.0 in stage 84.0 (TID 1396)) 1.655ms
[397.436s][info][gc,phases   ] GC(2197) Concurrent Relocate 201.990ms
[397.436s][info][gc          ] Allocation Stall (Executor task launch worker for task 4.0 in stage 84.0 (TID 1374)) 5.294ms
[397.436s][info][gc          ] Allocation Stall (Executor task launch worker for task 14.0 in stage 84.0 (TID 1410)) 5.263ms
[397.436s][info][gc          ] Allocation Stall (Executor task launch worker for task 46.0 in stage 84.0 (TID 1419)) 4.852ms
[397.436s][info][gc          ] Allocation Stall (Executor task launch worker for task 6.0 in stage 84.0 (TID 1376)) 4.790ms
[397.436s][info][gc          ] Allocation Stall (Executor task launch worker for task 35.0 in stage 84.0 (TID 1415)) 4.655ms
[397.436s][info][gc          ] Allocation Stall (Executor task launch worker for task 7.0 in stage 84.0 (TID 1377)) 3.101ms
[397.436s][info][gc          ] Allocation Stall (Executor task launch worker for task 15.0 in stage 84.0 (TID 1383)) 2.422ms
[397.436s][info][gc          ] Allocation Stall (Executor task launch worker for task 34.0 in stage 84.0 (TID 1398)) 2.060ms
[397.436s][info][gc          ] Allocation Stall (Executor task launch worker for task 18.0 in stage 84.0 (TID 1386)) 2.037ms
[397.436s][info][gc,load     ] GC(2197) Load: 0.00/0.00/0.00
[397.436s][info][gc          ] Allocation Stall (Executor task launch worker for task 25.0 in stage 84.0 (TID 1390)) 1.288ms
[397.436s][info][gc,mmu      ] GC(2197) MMU: 2ms/86.2%, 5ms/94.5%, 10ms/97.2%, 20ms/98.6%, 50ms/99.4%, 100ms/99.6%
[397.436s][info][gc          ] Allocation Stall (Executor task launch worker for task 24.0 in stage 84.0 (TID 1413)) 0.831ms
[397.436s][info][gc,marking  ] GC(2197) Mark: 8 stripe(s), 2 proactive flush(es), 1 terminate flush(es), 0 completion(s), 0 continuation(s) 
[397.436s][info][gc          ] Allocation Stall (Executor task launch worker for task 42.0 in stage 84.0 (TID 1416)) 0.723ms
[397.436s][info][gc,marking  ] GC(2197) Mark Stack Usage: 32M
[397.436s][info][gc          ] Allocation Stall (Executor task launch worker for task 2.0 in stage 84.0 (TID 1373)) 0.769ms
[397.436s][info][gc,nmethod  ] GC(2197) NMethods: 8123 registered, 1321 unregistered
[397.437s][info][gc,metaspace] GC(2197) Metaspace: 120M used, 123M committed, 1152M reserved
[397.437s][info][gc,ref      ] GC(2197) Soft: 2877 encountered, 1668 discovered, 0 enqueued
[397.437s][info][gc,ref      ] GC(2197) Weak: 14359 encountered, 1527 discovered, 0 enqueued
[397.437s][info][gc,ref      ] GC(2197) Final: 84 encountered, 18 discovered, 0 enqueued
[397.437s][info][gc,ref      ] GC(2197) Phantom: 764 encountered, 498 discovered, 0 enqueued
[397.437s][info][gc,reloc    ] GC(2197) Small Pages: 360 / 720M, Empty: 566M, Relocated: 3M, In-Place: 0
[397.437s][info][gc,reloc    ] GC(2197) Medium Pages: 37 / 1184M, Empty: 0M, Relocated: 16M, In-Place: 0
[397.437s][info][gc,reloc    ] GC(2197) Large Pages: 0 / 0M, Empty: 0M, Relocated: 0M, In-Place: 0
[397.437s][info][gc,reloc    ] GC(2197) Forwarding Usage: 0M
[397.437s][info][gc,heap     ] GC(2197) Min Capacity: 8M(0%)
[397.437s][info][gc,heap     ] GC(2197) Max Capacity: 2048M(100%)
[397.437s][info][gc,heap     ] GC(2197) Soft Max Capacity: 2048M(100%)
[397.437s][info][gc,heap     ] GC(2197)                Mark Start          Mark End        Relocate Start      Relocate End           High               Low         
[397.437s][info][gc,heap     ] GC(2197)  Capacity:     2048M (100%)       2048M (100%)       2048M (100%)       2048M (100%)       2048M (100%)       2048M (100%)   
[397.437s][info][gc,heap     ] GC(2197)      Free:      144M (7%)            0M (0%)          532M (26%)           0M (0%)          558M (27%)           0M (0%)     
[397.437s][info][gc,heap     ] GC(2197)      Used:     1904M (93%)        2048M (100%)       1516M (74%)        2048M (100%)       2048M (100%)       1490M (73%)    
[397.437s][info][gc,heap     ] GC(2197)      Live:         -              1067M (52%)        1067M (52%)        1067M (52%)            -                  -          
[397.437s][info][gc,heap     ] GC(2197) Allocated:         -               144M (7%)          178M (9%)          792M (39%)            -                  -          
[397.437s][info][gc,heap     ] GC(2197)   Garbage:         -               836M (41%)         270M (13%)         188M (9%)             -                  -          
[397.437s][info][gc,heap     ] GC(2197) Reclaimed:         -                  -               566M (28%)         648M (32%)            -                  -          
[397.437s][info][gc          ] GC(2197) Garbage Collection (Allocation Stall) 1904M(93%)->2048M(100%)
[397.442s][info][gc,start    ] GC(2198) Garbage Collection (Allocation Stall)
[397.442s][info][gc,ref      ] GC(2198) Clearing All SoftReferences
[397.443s][info][gc,task     ] GC(2198) Using 12 workers
[397.451s][info][gc,ref      ] GC(2198) Clearing All SoftReferences
[397.451s][info][gc,phases   ] GC(2198) Pause Mark Start 0.041ms
[397.451s][info][gc          ] Allocation Stall (Executor task launch worker for task 22.0 in stage 84.0 (TID 1388)) 8.899ms
[397.482s][info][gc,phases   ] GC(2198) Concurrent Mark 16.880ms
[397.483s][info][gc,phases   ] GC(2198) Pause Mark End 0.018ms
[397.483s][info][gc,phases   ] GC(2198) Concurrent Mark Free 0.001ms
[397.485s][info][gc,phases   ] GC(2198) Concurrent Process Non-Strong References 2.282ms
[397.485s][info][gc,phases   ] GC(2198) Concurrent Reset Relocation Set 0.005ms
[397.485s][info][gc          ] Allocation Stall (Executor task launch worker for task 43.0 in stage 84.0 (TID 1405)) 18.188ms
[397.485s][info][gc          ] Allocation Stall (Executor task launch worker for task 34.0 in stage 84.0 (TID 1398)) 17.765ms
[397.485s][info][gc          ] Allocation Stall (Executor task launch worker for task 15.0 in stage 84.0 (TID 1383)) 17.722ms
[397.485s][info][gc          ] Allocation Stall (Executor task launch worker for task 11.0 in stage 84.0 (TID 1409)) 17.132ms
[397.485s][info][gc          ] Allocation Stall (Executor task launch worker for task 28.0 in stage 84.0 (TID 1393)) 19.310ms
[397.485s][info][gc          ] Allocation Stall (Executor task launch worker for task 37.0 in stage 84.0 (TID 1400)) 17.146ms
[397.485s][info][gc          ] Allocation Stall (Executor task launch worker for task 35.0 in stage 84.0 (TID 1415)) 17.328ms
[397.485s][info][gc          ] Allocation Stall (Executor task launch worker for task 38.0 in stage 84.0 (TID 1401)) 17.912ms
[397.485s][info][gc          ] Allocation Stall (Executor task launch worker for task 12.0 in stage 84.0 (TID 1381)) 19.290ms
[397.485s][info][gc          ] Allocation Stall (Executor task launch worker for task 42.0 in stage 84.0 (TID 1416)) 17.436ms
[397.485s][info][gc          ] Allocation Stall (Executor task launch worker for task 10.0 in stage 84.0 (TID 1380)) 18.285ms
[397.485s][info][gc          ] Allocation Stall (Executor task launch worker for task 2.0 in stage 84.0 (TID 1373)) 18.541ms
[397.485s][info][gc          ] Allocation Stall (Executor task launch worker for task 24.0 in stage 84.0 (TID 1413)) 17.503ms
[397.485s][info][gc          ] Allocation Stall (Executor task launch worker for task 26.0 in stage 84.0 (TID 1391)) 18.257ms
[397.485s][info][gc          ] Allocation Stall (Executor task launch worker for task 22.0 in stage 84.0 (TID 1388)) 17.148ms
[397.485s][info][gc          ] Allocation Stall (Executor task launch worker for task 0.0 in stage 84.0 (TID 1407)) 17.637ms
[397.485s][info][gc          ] Allocation Stall (Executor task launch worker for task 9.0 in stage 84.0 (TID 1379)) 17.383ms
[397.485s][info][gc          ] Allocation Stall (Executor task launch worker for task 45.0 in stage 84.0 (TID 1418)) 17.250ms
[397.485s][info][gc          ] Allocation Stall (Executor task launch worker for task 17.0 in stage 84.0 (TID 1385)) 18.593ms
[397.485s][info][gc          ] Allocation Stall (Executor task launch worker for task 27.0 in stage 84.0 (TID 1392)) 17.240ms
[397.485s][info][gc          ] Allocation Stall (Executor task launch worker for task 47.0 in stage 84.0 (TID 1406)) 17.543ms
[397.485s][info][gc          ] Allocation Stall (Executor task launch worker for task 32.0 in stage 84.0 (TID 1396)) 18.776ms
[397.485s][info][gc          ] Allocation Stall (Executor task launch worker for task 44.0 in stage 84.0 (TID 1417)) 17.283ms
[397.485s][info][gc          ] Allocation Stall (Executor task launch worker for task 7.0 in stage 84.0 (TID 1377)) 17.839ms
[397.485s][info][gc          ] Allocation Stall (Executor task launch worker for task 8.0 in stage 84.0 (TID 1378)) 18.463ms
[397.485s][info][gc          ] Allocation Stall (Executor task launch worker for task 3.0 in stage 84.0 (TID 1408)) 19.360ms
[397.485s][info][gc          ] Allocation Stall (Executor task launch worker for task 13.0 in stage 84.0 (TID 1382)) 19.119ms
[397.485s][info][gc          ] Allocation Stall (Executor task launch worker for task 21.0 in stage 84.0 (TID 1387)) 18.508ms
[397.485s][info][gc          ] Allocation Stall (Executor task launch worker for task 4.0 in stage 84.0 (TID 1374)) 19.554ms
[397.485s][info][gc          ] Allocation Stall (Executor task launch worker for task 39.0 in stage 84.0 (TID 1402)) 17.395ms
[397.485s][info][gc          ] Allocation Stall (Executor task launch worker for task 46.0 in stage 84.0 (TID 1419)) 18.540ms
[397.485s][info][gc          ] Allocation Stall (Executor task launch worker for task 41.0 in stage 84.0 (TID 1404)) 17.742ms
[397.485s][info][gc          ] Allocation Stall (Executor task launch worker for task 14.0 in stage 84.0 (TID 1410)) 19.135ms
[397.485s][info][gc          ] Allocation Stall (Executor task launch worker for task 18.0 in stage 84.0 (TID 1386)) 17.401ms
[397.485s][info][gc          ] Allocation Stall (Executor task launch worker for task 23.0 in stage 84.0 (TID 1389)) 19.472ms
[397.485s][info][gc          ] Allocation Stall (Executor task launch worker for task 1.0 in stage 84.0 (TID 1372)) 19.627ms
[397.485s][info][gc          ] Allocation Stall (Executor task launch worker for task 33.0 in stage 84.0 (TID 1397)) 18.450ms
[397.485s][info][gc          ] Allocation Stall (Executor task launch worker for task 19.0 in stage 84.0 (TID 1411)) 19.394ms
[397.485s][info][gc          ] Allocation Stall (Executor task launch worker for task 25.0 in stage 84.0 (TID 1390)) 17.981ms
[397.485s][info][gc          ] Allocation Stall (Executor task launch worker for task 20.0 in stage 84.0 (TID 1412)) 19.505ms
[397.485s][info][gc          ] Allocation Stall (Executor task launch worker for task 5.0 in stage 84.0 (TID 1375)) 19.277ms
[397.485s][info][gc          ] Allocation Stall (Executor task launch worker for task 30.0 in stage 84.0 (TID 1414)) 18.423ms
[397.485s][info][gc          ] Allocation Stall (Executor task launch worker for task 31.0 in stage 84.0 (TID 1395)) 18.949ms
[397.485s][info][gc          ] Allocation Stall (Executor task launch worker for task 40.0 in stage 84.0 (TID 1403)) 18.342ms
[397.485s][info][gc          ] Allocation Stall (Spark Context Cleaner) 18.179ms
[397.485s][info][gc          ] Allocation Stall (Executor task launch worker for task 29.0 in stage 84.0 (TID 1394)) 18.404ms
[397.485s][info][gc          ] Allocation Stall (Executor task launch worker for task 36.0 in stage 84.0 (TID 1399)) 18.894ms
[397.485s][info][gc          ] Allocation Stall (Executor task launch worker for task 6.0 in stage 84.0 (TID 1376)) 17.954ms
[397.485s][info][gc          ] Allocation Stall (Executor task launch worker for task 16.0 in stage 84.0 (TID 1384)) 17.902ms
[397.490s][info][gc,phases   ] GC(2198) Concurrent Select Relocation Set 4.909ms
[397.490s][info][gc,phases   ] GC(2198) Pause Relocate Start 0.007ms
[397.546s][info][gc          ] Allocation Stall (Executor task launch worker for task 44.0 in stage 84.0 (TID 1417)) 2.181ms
[397.546s][info][gc          ] Allocation Stall (Executor task launch worker for task 43.0 in stage 84.0 (TID 1405)) 3.234ms
[397.546s][info][gc          ] Allocation Stall (Executor task launch worker for task 25.0 in stage 84.0 (TID 1390)) 2.896ms
[397.546s][info][gc          ] Allocation Stall (Executor task launch worker for task 3.0 in stage 84.0 (TID 1408)) 1.861ms
[397.546s][info][gc          ] Allocation Stall (Executor task launch worker for task 28.0 in stage 84.0 (TID 1393)) 2.914ms
[397.546s][info][gc          ] Allocation Stall (Executor task launch worker for task 12.0 in stage 84.0 (TID 1381)) 3.172ms
[397.546s][info][gc          ] Allocation Stall (Executor task launch worker for task 10.0 in stage 84.0 (TID 1380)) 3.049ms
[397.546s][info][gc          ] Allocation Stall (Executor task launch worker for task 26.0 in stage 84.0 (TID 1391)) 3.216ms
[397.546s][info][gc          ] Allocation Stall (Executor task launch worker for task 5.0 in stage 84.0 (TID 1375)) 3.190ms
[397.546s][info][gc          ] Allocation Stall (Executor task launch worker for task 27.0 in stage 84.0 (TID 1392)) 4.032ms
[397.546s][info][gc          ] Allocation Stall (Executor task launch worker for task 21.0 in stage 84.0 (TID 1387)) 3.818ms
[397.546s][info][gc          ] Allocation Stall (Executor task launch worker for task 22.0 in stage 84.0 (TID 1388)) 3.589ms
[397.546s][info][gc          ] Allocation Stall (Executor task launch worker for task 18.0 in stage 84.0 (TID 1386)) 3.507ms
[397.546s][info][gc          ] Allocation Stall (Executor task launch worker for task 16.0 in stage 84.0 (TID 1384)) 3.435ms
[397.546s][info][gc          ] Allocation Stall (Executor task launch worker for task 1.0 in stage 84.0 (TID 1372)) 3.332ms
[397.546s][info][gc          ] Allocation Stall (Executor task launch worker for task 34.0 in stage 84.0 (TID 1398)) 3.311ms
[397.546s][info][gc          ] Allocation Stall (Executor task launch worker for task 17.0 in stage 84.0 (TID 1385)) 2.223ms
[397.546s][info][gc          ] Allocation Stall (Executor task launch worker for task 9.0 in stage 84.0 (TID 1379)) 2.213ms
[397.546s][info][gc          ] Allocation Stall (Executor task launch worker for task 11.0 in stage 84.0 (TID 1409)) 2.235ms
[397.546s][info][gc          ] Allocation Stall (Executor task launch worker for task 15.0 in stage 84.0 (TID 1383)) 2.250ms
[397.546s][info][gc          ] Allocation Stall (Executor task launch worker for task 47.0 in stage 84.0 (TID 1406)) 2.277ms
[397.546s][info][gc          ] Allocation Stall (Executor task launch worker for task 33.0 in stage 84.0 (TID 1397)) 2.011ms
[397.546s][info][gc          ] Allocation Stall (Executor task launch worker for task 2.0 in stage 84.0 (TID 1373)) 2.013ms
[397.547s][info][gc          ] Allocation Stall (Executor task launch worker for task 40.0 in stage 84.0 (TID 1403)) 2.804ms
[397.547s][info][gc          ] Allocation Stall (Executor task launch worker for task 41.0 in stage 84.0 (TID 1404)) 2.837ms
[397.547s][info][gc          ] Allocation Stall (Executor task launch worker for task 32.0 in stage 84.0 (TID 1396)) 2.809ms
[397.547s][info][gc          ] Allocation Stall (Executor task launch worker for task 7.0 in stage 84.0 (TID 1377)) 2.828ms
[397.605s][info][gc          ] Allocation Stall (Executor task launch worker for task 31.0 in stage 84.0 (TID 1395)) 1.229ms
[397.605s][info][gc          ] Allocation Stall (Executor task launch worker for task 44.0 in stage 84.0 (TID 1417)) 1.192ms
[397.605s][info][gc          ] Allocation Stall (Executor task launch worker for task 2.0 in stage 84.0 (TID 1373)) 0.866ms
[397.605s][info][gc          ] Allocation Stall (Executor task launch worker for task 13.0 in stage 84.0 (TID 1382)) 0.899ms
[397.605s][info][gc          ] Allocation Stall (Executor task launch worker for task 3.0 in stage 84.0 (TID 1408)) 0.811ms
[397.605s][info][gc          ] Allocation Stall (Executor task launch worker for task 11.0 in stage 84.0 (TID 1409)) 0.858ms
[397.605s][info][gc          ] Allocation Stall (Executor task launch worker for task 17.0 in stage 84.0 (TID 1385)) 0.538ms
[397.619s][info][gc,phases   ] GC(2198) Concurrent Relocate 128.571ms
[397.619s][info][gc,load     ] GC(2198) Load: 0.00/0.00/0.00
[397.619s][info][gc,mmu      ] GC(2198) MMU: 2ms/86.2%, 5ms/94.5%, 10ms/97.2%, 20ms/98.6%, 50ms/99.4%, 100ms/99.6%
[397.619s][info][gc,marking  ] GC(2198) Mark: 8 stripe(s), 2 proactive flush(es), 1 terminate flush(es), 0 completion(s), 0 continuation(s) 
[397.619s][info][gc,marking  ] GC(2198) Mark Stack Usage: 32M
[397.619s][info][gc,nmethod  ] GC(2198) NMethods: 8123 registered, 1321 unregistered
[397.619s][info][gc,metaspace] GC(2198) Metaspace: 120M used, 123M committed, 1152M reserved
[397.619s][info][gc,ref      ] GC(2198) Soft: 2877 encountered, 339 discovered, 0 enqueued
[397.619s][info][gc,ref      ] GC(2198) Weak: 14359 encountered, 889 discovered, 0 enqueued
[397.619s][info][gc,ref      ] GC(2198) Final: 84 encountered, 0 discovered, 0 enqueued
[397.619s][info][gc,ref      ] GC(2198) Phantom: 764 encountered, 590 discovered, 0 enqueued
[397.619s][info][gc,reloc    ] GC(2198) Small Pages: 419 / 838M, Empty: 670M, Relocated: 3M, In-Place: 0
[397.619s][info][gc,reloc    ] GC(2198) Medium Pages: 37 / 1184M, Empty: 0M, Relocated: 15M, In-Place: 0
[397.619s][info][gc,reloc    ] GC(2198) Large Pages: 0 / 0M, Empty: 0M, Relocated: 0M, In-Place: 0
[397.619s][info][gc,reloc    ] GC(2198) Forwarding Usage: 0M
[397.619s][info][gc,heap     ] GC(2198) Min Capacity: 8M(0%)
[397.619s][info][gc,heap     ] GC(2198) Max Capacity: 2048M(100%)
[397.619s][info][gc,heap     ] GC(2198) Soft Max Capacity: 2048M(100%)
[397.619s][info][gc,heap     ] GC(2198)                Mark Start          Mark End        Relocate Start      Relocate End           High               Low         
[397.619s][info][gc,heap     ] GC(2198)  Capacity:     2048M (100%)       2048M (100%)       2048M (100%)       2048M (100%)       2048M (100%)       2048M (100%)   
[397.619s][info][gc,heap     ] GC(2198)      Free:       24M (1%)            0M (0%)          628M (31%)          66M (3%)          662M (32%)           0M (0%)     
[397.619s][info][gc,heap     ] GC(2198)      Used:     2024M (99%)        2048M (100%)       1420M (69%)        1982M (97%)        2048M (100%)       1386M (68%)    
[397.619s][info][gc,heap     ] GC(2198)      Live:         -              1064M (52%)        1064M (52%)        1064M (52%)            -                  -          
[397.619s][info][gc,heap     ] GC(2198) Allocated:         -                24M (1%)           66M (3%)          727M (36%)            -                  -          
[397.619s][info][gc,heap     ] GC(2198)   Garbage:         -               959M (47%)         289M (14%)         190M (9%)             -                  -          
[397.619s][info][gc,heap     ] GC(2198) Reclaimed:         -                  -               670M (33%)         769M (38%)            -                  -          
[397.619s][info][gc          ] GC(2198) Garbage Collection (Allocation Stall) 2024M(99%)->1982M(97%)
[397.654s][info][gc,start    ] GC(2199) Garbage Collection (Allocation Stall)
[397.654s][info][gc,ref      ] GC(2199) Clearing All SoftReferences
[397.654s][info][gc,task     ] GC(2199) Using 12 workers
[397.655s][info][gc,ref      ] GC(2199) Clearing All SoftReferences
[397.655s][info][gc,phases   ] GC(2199) Pause Mark Start 0.036ms
[397.680s][info][gc          ] Allocation Stall (Executor task launch worker for task 1.0 in stage 84.0 (TID 1372)) 3.508ms
[397.680s][info][gc          ] Allocation Stall (Executor task launch worker for task 31.0 in stage 84.0 (TID 1395)) 2.590ms
[397.680s][info][gc          ] Allocation Stall (Executor task launch worker for task 4.0 in stage 84.0 (TID 1374)) 2.492ms
[397.680s][info][gc          ] Allocation Stall (Executor task launch worker for task 41.0 in stage 84.0 (TID 1404)) 2.386ms
[397.680s][info][gc          ] Allocation Stall (Executor task launch worker for task 10.0 in stage 84.0 (TID 1380)) 2.254ms
[397.680s][info][gc          ] Allocation Stall (Executor task launch worker for task 6.0 in stage 84.0 (TID 1376)) 1.943ms
[397.680s][info][gc          ] Allocation Stall (Executor task launch worker for task 34.0 in stage 84.0 (TID 1398)) 1.940ms
[397.680s][info][gc          ] Allocation Stall (Executor task launch worker for task 20.0 in stage 84.0 (TID 1412)) 1.936ms
[397.680s][info][gc          ] Allocation Stall (Executor task launch worker for task 39.0 in stage 84.0 (TID 1402)) 1.829ms
[397.680s][info][gc          ] Allocation Stall (Executor task launch worker for task 19.0 in stage 84.0 (TID 1411)) 1.855ms
[397.680s][info][gc          ] Allocation Stall (Executor task launch worker for task 24.0 in stage 84.0 (TID 1413)) 1.795ms
[397.680s][info][gc          ] Allocation Stall (Executor task launch worker for task 33.0 in stage 84.0 (TID 1397)) 1.847ms
[397.680s][info][gc          ] Allocation Stall (Executor task launch worker for task 25.0 in stage 84.0 (TID 1390)) 1.846ms
[397.680s][info][gc          ] Allocation Stall (Executor task launch worker for task 27.0 in stage 84.0 (TID 1392)) 1.835ms
[397.680s][info][gc          ] Allocation Stall (Executor task launch worker for task 0.0 in stage 84.0 (TID 1407)) 1.895ms
[397.680s][info][gc          ] Allocation Stall (Executor task launch worker for task 38.0 in stage 84.0 (TID 1401)) 1.904ms
[397.680s][info][gc          ] Allocation Stall (Executor task launch worker for task 40.0 in stage 84.0 (TID 1403)) 1.875ms
[397.683s][info][gc          ] Allocation Stall (Executor task launch worker for task 17.0 in stage 84.0 (TID 1385)) 4.607ms
[397.683s][info][gc          ] Allocation Stall (Executor task launch worker for task 7.0 in stage 84.0 (TID 1377)) 4.537ms
[397.683s][info][gc          ] Allocation Stall (Executor task launch worker for task 16.0 in stage 84.0 (TID 1384)) 4.431ms
[397.683s][info][gc          ] Allocation Stall (Executor task launch worker for task 32.0 in stage 84.0 (TID 1396)) 4.450ms
[397.683s][info][gc          ] Allocation Stall (Executor task launch worker for task 3.0 in stage 84.0 (TID 1408)) 4.334ms
[397.684s][info][gc          ] Allocation Stall (Executor task launch worker for task 11.0 in stage 84.0 (TID 1409)) 4.488ms
[397.685s][info][gc          ] Allocation Stall (Executor task launch worker for task 47.0 in stage 84.0 (TID 1406)) 5.548ms
[397.685s][info][gc          ] Allocation Stall (Executor task launch worker for task 9.0 in stage 84.0 (TID 1379)) 6.097ms
[397.701s][info][gc,phases   ] GC(2199) Concurrent Mark 25.434ms
[397.701s][info][gc,phases   ] GC(2199) Pause Mark End 0.019ms
[397.701s][info][gc,phases   ] GC(2199) Concurrent Mark Free 0.001ms
[397.704s][info][gc,phases   ] GC(2199) Concurrent Process Non-Strong References 2.479ms
[397.704s][info][gc,phases   ] GC(2199) Concurrent Reset Relocation Set 0.005ms
[397.704s][info][gc          ] Allocation Stall (Executor task launch worker for task 28.0 in stage 84.0 (TID 1393)) 15.056ms
[397.704s][info][gc          ] Allocation Stall (Executor task launch worker for task 16.0 in stage 84.0 (TID 1384)) 16.219ms
[397.704s][info][gc          ] Allocation Stall (Executor task launch worker for task 43.0 in stage 84.0 (TID 1405)) 15.082ms
[397.704s][info][gc          ] Allocation Stall (Spark Context Cleaner) 2.781ms
[397.704s][info][gc          ] Allocation Stall (Executor task launch worker for task 42.0 in stage 84.0 (TID 1416)) 15.578ms
[397.704s][info][gc          ] Allocation Stall (Executor task launch worker for task 11.0 in stage 84.0 (TID 1409)) 15.158ms
[397.704s][info][gc          ] Allocation Stall (Executor task launch worker for task 12.0 in stage 84.0 (TID 1381)) 24.667ms
[397.704s][info][gc          ] Allocation Stall (Executor task launch worker for task 31.0 in stage 84.0 (TID 1395)) 15.395ms
[397.704s][info][gc          ] Allocation Stall (Executor task launch worker for task 20.0 in stage 84.0 (TID 1412)) 14.910ms
[397.704s][info][gc          ] Allocation Stall (Executor task launch worker for task 32.0 in stage 84.0 (TID 1396)) 16.302ms
[397.704s][info][gc          ] Allocation Stall (Executor task launch worker for task 14.0 in stage 84.0 (TID 1410)) 24.563ms
[397.704s][info][gc          ] Allocation Stall (Executor task launch worker for task 46.0 in stage 84.0 (TID 1419)) 15.620ms
[397.704s][info][gc          ] Allocation Stall (Executor task launch worker for task 4.0 in stage 84.0 (TID 1374)) 15.068ms
[397.704s][info][gc          ] Allocation Stall (Executor task launch worker for task 0.0 in stage 84.0 (TID 1407)) 17.678ms
[397.704s][info][gc          ] Allocation Stall (Executor task launch worker for task 44.0 in stage 84.0 (TID 1417)) 16.175ms
[397.704s][info][gc          ] Allocation Stall (Executor task launch worker for task 18.0 in stage 84.0 (TID 1386)) 24.686ms
[397.704s][info][gc          ] Allocation Stall (Executor task launch worker for task 6.0 in stage 84.0 (TID 1376)) 18.749ms
[397.704s][info][gc          ] Allocation Stall (Executor task launch worker for task 34.0 in stage 84.0 (TID 1398)) 16.311ms
[397.704s][info][gc          ] Allocation Stall (Executor task launch worker for task 45.0 in stage 84.0 (TID 1418)) 15.881ms
[397.704s][info][gc          ] Allocation Stall (Executor task launch worker for task 24.0 in stage 84.0 (TID 1413)) 14.990ms
[397.704s][info][gc          ] Allocation Stall (Executor task launch worker for task 13.0 in stage 84.0 (TID 1382)) 23.975ms
[397.704s][info][gc          ] Allocation Stall (Executor task launch worker for task 41.0 in stage 84.0 (TID 1404)) 15.086ms
[397.704s][info][gc          ] Allocation Stall (Executor task launch worker for task 25.0 in stage 84.0 (TID 1390)) 17.455ms
[397.704s][info][gc          ] Allocation Stall (Executor task launch worker for task 40.0 in stage 84.0 (TID 1403)) 17.294ms
[397.704s][info][gc          ] Allocation Stall (Executor task launch worker for task 21.0 in stage 84.0 (TID 1387)) 15.808ms
[397.704s][info][gc          ] Allocation Stall (Executor task launch worker for task 19.0 in stage 84.0 (TID 1411)) 17.371ms
[397.704s][info][gc          ] Allocation Stall (Executor task launch worker for task 27.0 in stage 84.0 (TID 1392)) 16.289ms
[397.704s][info][gc          ] Allocation Stall (Executor task launch worker for task 37.0 in stage 84.0 (TID 1400)) 24.726ms
[397.704s][info][gc          ] Allocation Stall (Executor task launch worker for task 17.0 in stage 84.0 (TID 1385)) 16.582ms
[397.704s][info][gc          ] Allocation Stall (Executor task launch worker for task 8.0 in stage 84.0 (TID 1378)) 24.633ms
[397.704s][info][gc          ] Allocation Stall (Executor task launch worker for task 36.0 in stage 84.0 (TID 1399)) 23.655ms
[397.704s][info][gc          ] Allocation Stall (Executor task launch worker for task 38.0 in stage 84.0 (TID 1401)) 17.453ms
[397.704s][info][gc          ] Allocation Stall (Executor task launch worker for task 5.0 in stage 84.0 (TID 1375)) 24.841ms
[397.704s][info][gc          ] Allocation Stall (Executor task launch worker for task 7.0 in stage 84.0 (TID 1377)) 16.261ms
[397.704s][info][gc          ] Allocation Stall (Executor task launch worker for task 2.0 in stage 84.0 (TID 1373)) 16.735ms
[397.704s][info][gc          ] Allocation Stall (Executor task launch worker for task 35.0 in stage 84.0 (TID 1415)) 16.306ms
[397.704s][info][gc          ] Allocation Stall (Executor task launch worker for task 15.0 in stage 84.0 (TID 1383)) 24.793ms
[397.704s][info][gc          ] Allocation Stall (Executor task launch worker for task 33.0 in stage 84.0 (TID 1397)) 15.026ms
[397.704s][info][gc          ] Allocation Stall (Executor task launch worker for task 23.0 in stage 84.0 (TID 1389)) 24.510ms
[397.704s][info][gc          ] Allocation Stall (Executor task launch worker for task 30.0 in stage 84.0 (TID 1414)) 19.406ms
[397.704s][info][gc          ] Allocation Stall (Executor task launch worker for task 47.0 in stage 84.0 (TID 1406)) 15.770ms
[397.704s][info][gc          ] Allocation Stall (Executor task launch worker for task 10.0 in stage 84.0 (TID 1380)) 15.473ms
[397.704s][info][gc          ] Allocation Stall (Executor task launch worker for task 26.0 in stage 84.0 (TID 1391)) 17.567ms
[397.704s][info][gc          ] Allocation Stall (Executor task launch worker for task 39.0 in stage 84.0 (TID 1402)) 15.033ms
[397.704s][info][gc          ] Allocation Stall (Executor task launch worker for task 22.0 in stage 84.0 (TID 1388)) 14.964ms
[397.704s][info][gc          ] Allocation Stall (Executor task launch worker for task 1.0 in stage 84.0 (TID 1372)) 19.361ms
[397.704s][info][gc          ] Allocation Stall (Executor task launch worker for task 9.0 in stage 84.0 (TID 1379)) 15.336ms
[397.704s][info][gc          ] Allocation Stall (Executor task launch worker for task 3.0 in stage 84.0 (TID 1408)) 16.776ms
[397.704s][info][gc          ] Allocation Stall (Executor task launch worker for task 29.0 in stage 84.0 (TID 1394)) 15.624ms
[397.707s][info][gc,phases   ] GC(2199) Concurrent Select Relocation Set 3.420ms
[397.707s][info][gc,phases   ] GC(2199) Pause Relocate Start 0.007ms
[397.814s][info][gc          ] Allocation Stall (Executor task launch worker for task 11.0 in stage 84.0 (TID 1409)) 0.764ms
[397.814s][info][gc          ] Allocation Stall (Executor task launch worker for task 5.0 in stage 84.0 (TID 1375)) 0.749ms
[397.814s][info][gc          ] Allocation Stall (Executor task launch worker for task 45.0 in stage 84.0 (TID 1418)) 0.764ms
[397.814s][info][gc          ] Allocation Stall (Executor task launch worker for task 38.0 in stage 84.0 (TID 1401)) 0.748ms
[397.814s][info][gc          ] Allocation Stall (Executor task launch worker for task 16.0 in stage 84.0 (TID 1384)) 0.737ms
[397.814s][info][gc          ] Allocation Stall (Executor task launch worker for task 27.0 in stage 84.0 (TID 1392)) 0.749ms
[397.814s][info][gc          ] Allocation Stall (Executor task launch worker for task 35.0 in stage 84.0 (TID 1415)) 0.669ms
[397.814s][info][gc          ] Allocation Stall (Executor task launch worker for task 33.0 in stage 84.0 (TID 1397)) 0.486ms
[397.814s][info][gc          ] Allocation Stall (Executor task launch worker for task 36.0 in stage 84.0 (TID 1399)) 0.504ms
[397.814s][info][gc          ] Allocation Stall (Executor task launch worker for task 26.0 in stage 84.0 (TID 1391)) 0.530ms
[397.814s][info][gc          ] Allocation Stall (Executor task launch worker for task 29.0 in stage 84.0 (TID 1394)) 0.521ms
[397.814s][info][gc          ] Allocation Stall (Executor task launch worker for task 32.0 in stage 84.0 (TID 1396)) 0.543ms
[397.814s][info][gc          ] Allocation Stall (Executor task launch worker for task 30.0 in stage 84.0 (TID 1414)) 0.445ms
[397.814s][info][gc          ] Allocation Stall (Executor task launch worker for task 15.0 in stage 84.0 (TID 1383)) 0.466ms
[397.814s][info][gc          ] Allocation Stall (Executor task launch worker for task 44.0 in stage 84.0 (TID 1417)) 0.500ms
[397.814s][info][gc          ] Allocation Stall (Executor task launch worker for task 4.0 in stage 84.0 (TID 1374)) 0.505ms
[397.814s][info][gc          ] Allocation Stall (Executor task launch worker for task 39.0 in stage 84.0 (TID 1402)) 0.516ms
[397.814s][info][gc          ] Allocation Stall (Executor task launch worker for task 8.0 in stage 84.0 (TID 1378)) 0.499ms
[397.814s][info][gc          ] Allocation Stall (Executor task launch worker for task 17.0 in stage 84.0 (TID 1385)) 0.497ms
[397.815s][info][gc,phases   ] GC(2199) Concurrent Relocate 107.419ms
[397.815s][info][gc,load     ] GC(2199) Load: 0.00/0.00/0.00
[397.815s][info][gc,mmu      ] GC(2199) MMU: 2ms/86.2%, 5ms/94.5%, 10ms/97.2%, 20ms/98.6%, 50ms/99.4%, 100ms/99.6%
[397.815s][info][gc,marking  ] GC(2199) Mark: 8 stripe(s), 2 proactive flush(es), 1 terminate flush(es), 0 completion(s), 0 continuation(s) 
[397.815s][info][gc,marking  ] GC(2199) Mark Stack Usage: 32M
[397.815s][info][gc,nmethod  ] GC(2199) NMethods: 8123 registered, 1321 unregistered
[397.815s][info][gc,metaspace] GC(2199) Metaspace: 120M used, 123M committed, 1152M reserved
[397.815s][info][gc,ref      ] GC(2199) Soft: 2877 encountered, 889 discovered, 0 enqueued
[397.815s][info][gc,ref      ] GC(2199) Weak: 14359 encountered, 1004 discovered, 0 enqueued
[397.815s][info][gc,ref      ] GC(2199) Final: 84 encountered, 21 discovered, 0 enqueued
[397.815s][info][gc,ref      ] GC(2199) Phantom: 764 encountered, 493 discovered, 0 enqueued
[397.815s][info][gc,reloc    ] GC(2199) Small Pages: 406 / 812M, Empty: 664M, Relocated: 3M, In-Place: 0
[397.815s][info][gc,reloc    ] GC(2199) Medium Pages: 37 / 1184M, Empty: 0M, Relocated: 15M, In-Place: 0
[397.815s][info][gc,reloc    ] GC(2199) Large Pages: 0 / 0M, Empty: 0M, Relocated: 0M, In-Place: 0
[397.815s][info][gc,reloc    ] GC(2199) Forwarding Usage: 0M
[397.815s][info][gc,heap     ] GC(2199) Min Capacity: 8M(0%)
[397.815s][info][gc,heap     ] GC(2199) Max Capacity: 2048M(100%)
[397.815s][info][gc,heap     ] GC(2199) Soft Max Capacity: 2048M(100%)
[397.815s][info][gc,heap     ] GC(2199)                Mark Start          Mark End        Relocate Start      Relocate End           High               Low         
[397.815s][info][gc,heap     ] GC(2199)  Capacity:     2048M (100%)       2048M (100%)       2048M (100%)       2048M (100%)       2048M (100%)       2048M (100%)   
[397.815s][info][gc,heap     ] GC(2199)      Free:       52M (3%)            0M (0%)          638M (31%)          64M (3%)          638M (31%)           0M (0%)     
[397.815s][info][gc,heap     ] GC(2199)      Used:     1996M (97%)        2048M (100%)       1410M (69%)        1984M (97%)        2048M (100%)       1410M (69%)    
[397.815s][info][gc,heap     ] GC(2199)      Live:         -              1064M (52%)        1064M (52%)        1064M (52%)            -                  -          
[397.816s][info][gc,heap     ] GC(2199) Allocated:         -                52M (3%)           78M (4%)          734M (36%)            -                  -          
[397.816s][info][gc,heap     ] GC(2199)   Garbage:         -               931M (45%)         267M (13%)         185M (9%)             -                  -          
[397.816s][info][gc,heap     ] GC(2199) Reclaimed:         -                  -               664M (32%)         746M (36%)            -                  -          
[397.816s][info][gc          ] GC(2199) Garbage Collection (Allocation Stall) 1996M(97%)->1984M(97%)
[397.842s][info][gc,start    ] GC(2200) Garbage Collection (Allocation Stall)
[397.842s][info][gc,ref      ] GC(2200) Clearing All SoftReferences
[397.842s][info][gc,task     ] GC(2200) Using 12 workers
[397.842s][info][gc,ref      ] GC(2200) Clearing All SoftReferences
[397.843s][info][gc,phases   ] GC(2200) Pause Mark Start 0.044ms
[397.878s][info][gc          ] Allocation Stall (Executor task launch worker for task 18.0 in stage 84.0 (TID 1386)) 2.660ms
[397.878s][info][gc          ] Allocation Stall (Executor task launch worker for task 41.0 in stage 84.0 (TID 1404)) 2.527ms
[397.878s][info][gc          ] Allocation Stall (Executor task launch worker for task 45.0 in stage 84.0 (TID 1418)) 2.506ms
[397.878s][info][gc          ] Allocation Stall (Executor task launch worker for task 2.0 in stage 84.0 (TID 1373)) 2.458ms
[397.878s][info][gc          ] Allocation Stall (Executor task launch worker for task 19.0 in stage 84.0 (TID 1411)) 2.432ms
[397.878s][info][gc          ] Allocation Stall (Executor task launch worker for task 20.0 in stage 84.0 (TID 1412)) 2.424ms
[397.879s][info][gc          ] Allocation Stall (Executor task launch worker for task 8.0 in stage 84.0 (TID 1378)) 2.136ms
[397.879s][info][gc          ] Allocation Stall (Executor task launch worker for task 9.0 in stage 84.0 (TID 1379)) 2.117ms
[397.879s][info][gc          ] Allocation Stall (Executor task launch worker for task 31.0 in stage 84.0 (TID 1395)) 2.061ms
[397.879s][info][gc          ] Allocation Stall (Executor task launch worker for task 12.0 in stage 84.0 (TID 1381)) 2.044ms
[397.879s][info][gc          ] Allocation Stall (Executor task launch worker for task 46.0 in stage 84.0 (TID 1419)) 1.954ms
[397.879s][info][gc          ] Allocation Stall (Executor task launch worker for task 28.0 in stage 84.0 (TID 1393)) 2.013ms
[397.879s][info][gc          ] Allocation Stall (Executor task launch worker for task 43.0 in stage 84.0 (TID 1405)) 1.990ms
[397.880s][info][gc          ] Allocation Stall (Executor task launch worker for task 5.0 in stage 84.0 (TID 1375)) 2.637ms
[397.880s][info][gc          ] Allocation Stall (Executor task launch worker for task 47.0 in stage 84.0 (TID 1406)) 2.599ms
[397.880s][info][gc          ] Allocation Stall (Executor task launch worker for task 44.0 in stage 84.0 (TID 1417)) 2.502ms
[397.880s][info][gc          ] Allocation Stall (Executor task launch worker for task 6.0 in stage 84.0 (TID 1376)) 2.475ms
[397.880s][info][gc          ] Allocation Stall (Executor task launch worker for task 7.0 in stage 84.0 (TID 1377)) 2.508ms
[397.880s][info][gc          ] Allocation Stall (Executor task launch worker for task 33.0 in stage 84.0 (TID 1397)) 2.461ms
[397.880s][info][gc          ] Allocation Stall (Executor task launch worker for task 39.0 in stage 84.0 (TID 1402)) 2.451ms
[397.881s][info][gc          ] Allocation Stall (Executor task launch worker for task 40.0 in stage 84.0 (TID 1403)) 3.280ms
[397.881s][info][gc          ] Allocation Stall (Executor task launch worker for task 16.0 in stage 84.0 (TID 1384)) 3.154ms
[397.881s][info][gc          ] Allocation Stall (Executor task launch worker for task 22.0 in stage 84.0 (TID 1388)) 3.011ms
[397.881s][info][gc          ] Allocation Stall (Executor task launch worker for task 36.0 in stage 84.0 (TID 1399)) 3.065ms
[397.881s][info][gc          ] Allocation Stall (Executor task launch worker for task 0.0 in stage 84.0 (TID 1407)) 3.073ms
[397.882s][info][gc          ] Allocation Stall (Executor task launch worker for task 13.0 in stage 84.0 (TID 1382)) 3.871ms
[397.882s][info][gc          ] Allocation Stall (Executor task launch worker for task 37.0 in stage 84.0 (TID 1400)) 3.908ms
[397.883s][info][gc          ] Allocation Stall (Executor task launch worker for task 42.0 in stage 84.0 (TID 1416)) 4.622ms
[397.883s][info][gc          ] Allocation Stall (Executor task launch worker for task 26.0 in stage 84.0 (TID 1391)) 4.795ms
[397.885s][info][gc          ] Allocation Stall (Executor task launch worker for task 35.0 in stage 84.0 (TID 1415)) 7.436ms
[397.886s][info][gc          ] Allocation Stall (Executor task launch worker for task 21.0 in stage 84.0 (TID 1387)) 8.157ms
[397.886s][info][gc          ] Allocation Stall (Executor task launch worker for task 34.0 in stage 84.0 (TID 1398)) 8.231ms
[397.889s][info][gc          ] Allocation Stall (Executor task launch worker for task 3.0 in stage 84.0 (TID 1408)) 10.837ms
[397.895s][info][gc,phases   ] GC(2200) Concurrent Mark 20.921ms
[397.895s][info][gc,phases   ] GC(2200) Pause Mark End 0.028ms
[397.895s][info][gc,phases   ] GC(2200) Concurrent Mark Free 0.001ms
[397.898s][info][gc,phases   ] GC(2200) Concurrent Process Non-Strong References 2.459ms
[397.898s][info][gc,phases   ] GC(2200) Concurrent Reset Relocation Set 0.005ms
[397.898s][info][gc          ] Allocation Stall (Executor task launch worker for task 7.0 in stage 84.0 (TID 1377)) 4.048ms
[397.898s][info][gc          ] Allocation Stall (Executor task launch worker for task 27.0 in stage 84.0 (TID 1392)) 3.770ms
[397.898s][info][gc          ] Allocation Stall (Executor task launch worker for task 14.0 in stage 84.0 (TID 1410)) 4.192ms
[397.898s][info][gc          ] Allocation Stall (Executor task launch worker for task 26.0 in stage 84.0 (TID 1391)) 5.011ms
[397.898s][info][gc          ] Allocation Stall (Executor task launch worker for task 37.0 in stage 84.0 (TID 1400)) 3.730ms
[397.898s][info][gc          ] Allocation Stall (Executor task launch worker for task 6.0 in stage 84.0 (TID 1376)) 3.874ms
[397.898s][info][gc          ] Allocation Stall (Executor task launch worker for task 5.0 in stage 84.0 (TID 1375)) 4.556ms
[397.898s][info][gc          ] Allocation Stall (Executor task launch worker for task 38.0 in stage 84.0 (TID 1401)) 5.057ms
[397.898s][info][gc          ] Allocation Stall (Executor task launch worker for task 29.0 in stage 84.0 (TID 1394)) 19.883ms
[397.898s][info][gc          ] Allocation Stall (Executor task launch worker for task 3.0 in stage 84.0 (TID 1408)) 4.843ms
[397.898s][info][gc          ] Allocation Stall (Executor task launch worker for task 47.0 in stage 84.0 (TID 1406)) 4.750ms
[397.898s][info][gc          ] Allocation Stall (Executor task launch worker for task 35.0 in stage 84.0 (TID 1415)) 4.187ms
[397.898s][info][gc          ] Allocation Stall (Executor task launch worker for task 34.0 in stage 84.0 (TID 1398)) 4.611ms
[397.898s][info][gc          ] Allocation Stall (Executor task launch worker for task 17.0 in stage 84.0 (TID 1385)) 3.717ms
[397.898s][info][gc          ] Allocation Stall (Executor task launch worker for task 11.0 in stage 84.0 (TID 1409)) 5.256ms
[397.898s][info][gc          ] Allocation Stall (Executor task launch worker for task 21.0 in stage 84.0 (TID 1387)) 5.206ms
[397.898s][info][gc          ] Allocation Stall (Executor task launch worker for task 8.0 in stage 84.0 (TID 1378)) 4.472ms
[397.898s][info][gc          ] Allocation Stall (Executor task launch worker for task 0.0 in stage 84.0 (TID 1407)) 3.943ms
[397.898s][info][gc          ] Allocation Stall (Executor task launch worker for task 10.0 in stage 84.0 (TID 1380)) 19.856ms
[397.898s][info][gc          ] Allocation Stall (Executor task launch worker for task 40.0 in stage 84.0 (TID 1403)) 3.777ms
[397.898s][info][gc          ] Allocation Stall (Executor task launch worker for task 16.0 in stage 84.0 (TID 1384)) 3.835ms
[397.898s][info][gc          ] Allocation Stall (Executor task launch worker for task 46.0 in stage 84.0 (TID 1419)) 9.730ms
[397.898s][info][gc          ] Allocation Stall (Executor task launch worker for task 33.0 in stage 84.0 (TID 1397)) 3.821ms
[397.898s][info][gc          ] Allocation Stall (Executor task launch worker for task 39.0 in stage 84.0 (TID 1402)) 3.875ms
[397.898s][info][gc          ] Allocation Stall (Executor task launch worker for task 24.0 in stage 84.0 (TID 1413)) 5.188ms
[397.898s][info][gc          ] Allocation Stall (Executor task launch worker for task 22.0 in stage 84.0 (TID 1388)) 4.144ms
[397.898s][info][gc          ] Allocation Stall (Executor task launch worker for task 44.0 in stage 84.0 (TID 1417)) 12.563ms
[397.898s][info][gc          ] Allocation Stall (Executor task launch worker for task 13.0 in stage 84.0 (TID 1382)) 3.904ms
[397.898s][info][gc          ] Allocation Stall (Executor task launch worker for task 42.0 in stage 84.0 (TID 1416)) 9.738ms
[397.898s][info][gc          ] Allocation Stall (Executor task launch worker for task 9.0 in stage 84.0 (TID 1379)) 9.156ms
[397.898s][info][gc          ] Allocation Stall (Executor task launch worker for task 20.0 in stage 84.0 (TID 1412)) 5.711ms
[397.898s][info][gc          ] Allocation Stall (Executor task launch worker for task 2.0 in stage 84.0 (TID 1373)) 15.421ms
[397.898s][info][gc          ] Allocation Stall (Executor task launch worker for task 19.0 in stage 84.0 (TID 1411)) 7.118ms
[397.898s][info][gc          ] Allocation Stall (Executor task launch worker for task 25.0 in stage 84.0 (TID 1390)) 6.202ms
[397.898s][info][gc          ] Allocation Stall (Executor task launch worker for task 4.0 in stage 84.0 (TID 1374)) 4.770ms
[397.898s][info][gc          ] Allocation Stall (Executor task launch worker for task 12.0 in stage 84.0 (TID 1381)) 5.844ms
[397.898s][info][gc          ] Allocation Stall (Executor task launch worker for task 28.0 in stage 84.0 (TID 1393)) 14.299ms
[397.898s][info][gc          ] Allocation Stall (Executor task launch worker for task 15.0 in stage 84.0 (TID 1383)) 6.873ms
[397.898s][info][gc          ] Allocation Stall (Executor task launch worker for task 36.0 in stage 84.0 (TID 1399)) 9.156ms
[397.898s][info][gc          ] Allocation Stall (Executor task launch worker for task 45.0 in stage 84.0 (TID 1418)) 15.454ms
[397.898s][info][gc          ] Allocation Stall (Executor task launch worker for task 23.0 in stage 84.0 (TID 1389)) 19.834ms
[397.898s][info][gc          ] Allocation Stall (Executor task launch worker for task 30.0 in stage 84.0 (TID 1414)) 12.957ms
[397.898s][info][gc          ] Allocation Stall (Executor task launch worker for task 32.0 in stage 84.0 (TID 1396)) 13.995ms
[397.898s][info][gc          ] Allocation Stall (Executor task launch worker for task 18.0 in stage 84.0 (TID 1386)) 7.014ms
[397.898s][info][gc          ] Allocation Stall (Executor task launch worker for task 31.0 in stage 84.0 (TID 1395)) 5.653ms
[397.898s][info][gc          ] Allocation Stall (Executor task launch worker for task 1.0 in stage 84.0 (TID 1372)) 19.837ms
[397.898s][info][gc          ] Allocation Stall (Executor task launch worker for task 41.0 in stage 84.0 (TID 1404)) 6.340ms
[397.898s][info][gc          ] Allocation Stall (Executor task launch worker for task 43.0 in stage 84.0 (TID 1405)) 5.260ms
[397.901s][info][gc,phases   ] GC(2200) Concurrent Select Relocation Set 3.125ms
[397.908s][info][gc,phases   ] GC(2200) Pause Relocate Start 0.008ms
[397.941s][info][gc          ] Allocation Stall (Executor task launch worker for task 23.0 in stage 84.0 (TID 1389)) 1.695ms
[397.941s][info][gc          ] Allocation Stall (Executor task launch worker for task 29.0 in stage 84.0 (TID 1394)) 1.718ms
[397.941s][info][gc          ] Allocation Stall (Executor task launch worker for task 9.0 in stage 84.0 (TID 1379)) 1.646ms
[397.941s][info][gc          ] Allocation Stall (Executor task launch worker for task 27.0 in stage 84.0 (TID 1392)) 1.960ms
[397.941s][info][gc          ] Allocation Stall (Executor task launch worker for task 33.0 in stage 84.0 (TID 1397)) 1.702ms
[397.941s][info][gc          ] Allocation Stall (Executor task launch worker for task 32.0 in stage 84.0 (TID 1396)) 1.704ms
[397.941s][info][gc          ] Allocation Stall (Executor task launch worker for task 40.0 in stage 84.0 (TID 1403)) 1.643ms
[397.941s][info][gc          ] Allocation Stall (Executor task launch worker for task 12.0 in stage 84.0 (TID 1381)) 1.720ms
[397.941s][info][gc          ] Allocation Stall (Executor task launch worker for task 5.0 in stage 84.0 (TID 1375)) 1.958ms
[397.941s][info][gc          ] Allocation Stall (Executor task launch worker for task 38.0 in stage 84.0 (TID 1401)) 1.852ms
[397.941s][info][gc          ] Allocation Stall (Executor task launch worker for task 4.0 in stage 84.0 (TID 1374)) 1.867ms
[397.941s][info][gc          ] Allocation Stall (Executor task launch worker for task 10.0 in stage 84.0 (TID 1380)) 1.846ms
[397.941s][info][gc          ] Allocation Stall (Executor task launch worker for task 8.0 in stage 84.0 (TID 1378)) 1.831ms
[397.941s][info][gc          ] Allocation Stall (Executor task launch worker for task 26.0 in stage 84.0 (TID 1391)) 1.815ms
[397.941s][info][gc          ] Allocation Stall (Executor task launch worker for task 18.0 in stage 84.0 (TID 1386)) 1.812ms
[397.941s][info][gc          ] Allocation Stall (Executor task launch worker for task 28.0 in stage 84.0 (TID 1393)) 1.802ms
[397.941s][info][gc          ] Allocation Stall (Executor task launch worker for task 39.0 in stage 84.0 (TID 1402)) 1.944ms
[397.941s][info][gc          ] Allocation Stall (Executor task launch worker for task 2.0 in stage 84.0 (TID 1373)) 1.891ms
[397.941s][info][gc          ] Allocation Stall (Executor task launch worker for task 13.0 in stage 84.0 (TID 1382)) 1.947ms
[397.941s][info][gc          ] Allocation Stall (Executor task launch worker for task 25.0 in stage 84.0 (TID 1390)) 1.846ms
[397.941s][info][gc          ] Allocation Stall (Executor task launch worker for task 15.0 in stage 84.0 (TID 1383)) 1.866ms
[397.941s][info][gc          ] Allocation Stall (Executor task launch worker for task 37.0 in stage 84.0 (TID 1400)) 1.915ms
[397.941s][info][gc          ] Allocation Stall (Executor task launch worker for task 7.0 in stage 84.0 (TID 1377)) 1.843ms
[397.941s][info][gc          ] Allocation Stall (Executor task launch worker for task 17.0 in stage 84.0 (TID 1385)) 1.985ms
[397.941s][info][gc          ] Allocation Stall (Executor task launch worker for task 3.0 in stage 84.0 (TID 1408)) 1.989ms
[397.941s][info][gc          ] Allocation Stall (Executor task launch worker for task 43.0 in stage 84.0 (TID 1405)) 1.985ms
[397.941s][info][gc          ] Allocation Stall (Executor task launch worker for task 34.0 in stage 84.0 (TID 1398)) 1.990ms
[397.941s][info][gc          ] Allocation Stall (Executor task launch worker for task 16.0 in stage 84.0 (TID 1384)) 1.986ms
[397.941s][info][gc          ] Allocation Stall (Executor task launch worker for task 21.0 in stage 84.0 (TID 1387)) 1.985ms
[397.941s][info][gc          ] Allocation Stall (Executor task launch worker for task 6.0 in stage 84.0 (TID 1376)) 1.996ms
[397.941s][info][gc          ] Allocation Stall (Executor task launch worker for task 36.0 in stage 84.0 (TID 1399)) 1.994ms
[397.941s][info][gc          ] Allocation Stall (Executor task launch worker for task 44.0 in stage 84.0 (TID 1417)) 1.994ms
[397.943s][info][gc          ] Allocation Stall (Executor task launch worker for task 41.0 in stage 84.0 (TID 1404)) 3.126ms
[397.943s][info][gc          ] Allocation Stall (Executor task launch worker for task 31.0 in stage 84.0 (TID 1395)) 3.117ms
[397.943s][info][gc          ] Allocation Stall (Executor task launch worker for task 47.0 in stage 84.0 (TID 1406)) 3.122ms
[397.943s][info][gc          ] Allocation Stall (Executor task launch worker for task 1.0 in stage 84.0 (TID 1372)) 3.125ms
[397.943s][info][gc          ] Allocation Stall (Executor task launch worker for task 19.0 in stage 84.0 (TID 1411)) 1.913ms
[397.943s][info][gc          ] Allocation Stall (Executor task launch worker for task 45.0 in stage 84.0 (TID 1418)) 0.811ms
[397.943s][info][gc          ] Allocation Stall (Executor task launch worker for task 22.0 in stage 84.0 (TID 1388)) 3.135ms
[398.003s][info][gc,phases   ] GC(2200) Concurrent Relocate 95.132ms
[398.003s][info][gc,load     ] GC(2200) Load: 0.00/0.00/0.00
[398.003s][info][gc,mmu      ] GC(2200) MMU: 2ms/86.2%, 5ms/94.5%, 10ms/97.2%, 20ms/98.6%, 50ms/99.4%, 100ms/99.6%
[398.003s][info][gc,marking  ] GC(2200) Mark: 8 stripe(s), 2 proactive flush(es), 1 terminate flush(es), 0 completion(s), 0 continuation(s) 
[398.003s][info][gc,marking  ] GC(2200) Mark Stack Usage: 32M
[398.003s][info][gc,nmethod  ] GC(2200) NMethods: 8123 registered, 1321 unregistered
[398.003s][info][gc,metaspace] GC(2200) Metaspace: 120M used, 123M committed, 1152M reserved
[398.003s][info][gc,ref      ] GC(2200) Soft: 2877 encountered, 387 discovered, 0 enqueued
[398.003s][info][gc,ref      ] GC(2200) Weak: 14359 encountered, 2803 discovered, 0 enqueued
[398.003s][info][gc,ref      ] GC(2200) Final: 84 encountered, 0 discovered, 0 enqueued
[398.003s][info][gc,ref      ] GC(2200) Phantom: 764 encountered, 629 discovered, 0 enqueued
[398.004s][info][gc,reloc    ] GC(2200) Small Pages: 398 / 796M, Empty: 676M, Relocated: 3M, In-Place: 0
[398.004s][info][gc,reloc    ] GC(2200) Medium Pages: 37 / 1184M, Empty: 0M, Relocated: 15M, In-Place: 0
[398.004s][info][gc,reloc    ] GC(2200) Large Pages: 0 / 0M, Empty: 0M, Relocated: 0M, In-Place: 0
[398.004s][info][gc,reloc    ] GC(2200) Forwarding Usage: 0M
[398.004s][info][gc,heap     ] GC(2200) Min Capacity: 8M(0%)
[398.004s][info][gc,heap     ] GC(2200) Max Capacity: 2048M(100%)
[398.004s][info][gc,heap     ] GC(2200) Soft Max Capacity: 2048M(100%)
[398.004s][info][gc,heap     ] GC(2200)                Mark Start          Mark End        Relocate Start      Relocate End           High               Low         
[398.004s][info][gc,heap     ] GC(2200)  Capacity:     2048M (100%)       2048M (100%)       2048M (100%)       2048M (100%)       2048M (100%)       2048M (100%)   
[398.004s][info][gc,heap     ] GC(2200)      Free:       68M (3%)            0M (0%)          590M (29%)         128M (6%)          654M (32%)           0M (0%)     
[398.004s][info][gc,heap     ] GC(2200)      Used:     1980M (97%)        2048M (100%)       1458M (71%)        1920M (94%)        2048M (100%)       1394M (68%)    
[398.004s][info][gc,heap     ] GC(2200)      Live:         -              1064M (52%)        1064M (52%)        1064M (52%)            -                  -          
[398.004s][info][gc,heap     ] GC(2200) Allocated:         -                68M (3%)          154M (8%)          670M (33%)            -                  -          
[398.004s][info][gc,heap     ] GC(2200)   Garbage:         -               915M (45%)         239M (12%)         185M (9%)             -                  -          
[398.004s][info][gc,heap     ] GC(2200) Reclaimed:         -                  -               676M (33%)         730M (36%)            -                  -          
[398.004s][info][gc          ] GC(2200) Garbage Collection (Allocation Stall) 1980M(97%)->1920M(94%)
[398.052s][info][gc,start    ] GC(2201) Garbage Collection (Allocation Stall)
[398.052s][info][gc,ref      ] GC(2201) Clearing All SoftReferences
[398.052s][info][gc,task     ] GC(2201) Using 12 workers
[398.068s][info][gc,ref      ] GC(2201) Clearing All SoftReferences
[398.068s][info][gc,phases   ] GC(2201) Pause Mark Start 0.043ms
[398.095s][info][gc          ] Allocation Stall (Executor task launch worker for task 39.0 in stage 84.0 (TID 1402)) 4.116ms
[398.095s][info][gc          ] Allocation Stall (Executor task launch worker for task 21.0 in stage 84.0 (TID 1387)) 4.168ms
[398.095s][info][gc          ] Allocation Stall (Executor task launch worker for task 31.0 in stage 84.0 (TID 1395)) 4.166ms
[398.095s][info][gc          ] Allocation Stall (Executor task launch worker for task 0.0 in stage 84.0 (TID 1407)) 4.095ms
[398.095s][info][gc          ] Allocation Stall (Executor task launch worker for task 20.0 in stage 84.0 (TID 1412)) 4.010ms
[398.095s][info][gc          ] Allocation Stall (Executor task launch worker for task 19.0 in stage 84.0 (TID 1411)) 3.964ms
[398.095s][info][gc          ] Allocation Stall (Executor task launch worker for task 22.0 in stage 84.0 (TID 1388)) 3.724ms
[398.095s][info][gc          ] Allocation Stall (Executor task launch worker for task 17.0 in stage 84.0 (TID 1385)) 3.272ms
[398.096s][info][gc          ] Allocation Stall (Executor task launch worker for task 29.0 in stage 84.0 (TID 1394)) 3.281ms
[398.096s][info][gc          ] Allocation Stall (Executor task launch worker for task 5.0 in stage 84.0 (TID 1375)) 2.853ms
[398.096s][info][gc          ] Allocation Stall (Executor task launch worker for task 42.0 in stage 84.0 (TID 1416)) 2.709ms
[398.096s][info][gc          ] Allocation Stall (Executor task launch worker for task 37.0 in stage 84.0 (TID 1400)) 2.650ms
[398.096s][info][gc          ] Allocation Stall (Executor task launch worker for task 1.0 in stage 84.0 (TID 1372)) 2.378ms
[398.096s][info][gc          ] Allocation Stall (Executor task launch worker for task 33.0 in stage 84.0 (TID 1397)) 2.215ms
[398.096s][info][gc          ] Allocation Stall (Executor task launch worker for task 38.0 in stage 84.0 (TID 1401)) 1.787ms
[398.096s][info][gc          ] Allocation Stall (Executor task launch worker for task 36.0 in stage 84.0 (TID 1399)) 1.775ms
[398.096s][info][gc          ] Allocation Stall (Executor task launch worker for task 13.0 in stage 84.0 (TID 1382)) 1.749ms
[398.096s][info][gc          ] Allocation Stall (Executor task launch worker for task 12.0 in stage 84.0 (TID 1381)) 1.681ms
[398.096s][info][gc          ] Allocation Stall (Executor task launch worker for task 7.0 in stage 84.0 (TID 1377)) 1.561ms
[398.096s][info][gc          ] Allocation Stall (Executor task launch worker for task 10.0 in stage 84.0 (TID 1380)) 1.515ms
[398.096s][info][gc          ] Allocation Stall (Executor task launch worker for task 25.0 in stage 84.0 (TID 1390)) 1.516ms
[398.096s][info][gc          ] Allocation Stall (Executor task launch worker for task 26.0 in stage 84.0 (TID 1391)) 1.510ms
[398.096s][info][gc          ] Allocation Stall (Executor task launch worker for task 16.0 in stage 84.0 (TID 1384)) 1.517ms
[398.096s][info][gc          ] Allocation Stall (Executor task launch worker for task 2.0 in stage 84.0 (TID 1373)) 1.553ms
[398.096s][info][gc          ] Allocation Stall (Executor task launch worker for task 41.0 in stage 84.0 (TID 1404)) 1.587ms
[398.096s][info][gc          ] Allocation Stall (Executor task launch worker for task 34.0 in stage 84.0 (TID 1398)) 1.637ms
[398.097s][info][gc          ] Allocation Stall (Executor task launch worker for task 43.0 in stage 84.0 (TID 1405)) 2.602ms
[398.099s][info][gc          ] Allocation Stall (Executor task launch worker for task 46.0 in stage 84.0 (TID 1419)) 4.649ms
[398.101s][info][gc          ] Allocation Stall (Executor task launch worker for task 24.0 in stage 84.0 (TID 1413)) 6.645ms
[398.103s][info][gc          ] Allocation Stall (Executor task launch worker for task 9.0 in stage 84.0 (TID 1379)) 8.162ms
[398.103s][info][gc          ] Allocation Stall (Executor task launch worker for task 47.0 in stage 84.0 (TID 1406)) 8.184ms
[398.104s][info][gc          ] Allocation Stall (Executor task launch worker for task 11.0 in stage 84.0 (TID 1409)) 8.633ms
[398.105s][info][gc          ] Allocation Stall (Executor task launch worker for task 30.0 in stage 84.0 (TID 1414)) 9.859ms
[398.106s][info][gc          ] Allocation Stall (Executor task launch worker for task 14.0 in stage 84.0 (TID 1410)) 10.599ms
[398.106s][info][gc          ] Allocation Stall (Executor task launch worker for task 40.0 in stage 84.0 (TID 1403)) 10.650ms
[398.106s][info][gc          ] Allocation Stall (Executor task launch worker for task 39.0 in stage 84.0 (TID 1402)) 6.532ms
[398.115s][info][gc,phases   ] GC(2201) Concurrent Mark 24.897ms
[398.115s][info][gc,phases   ] GC(2201) Pause Mark End 0.022ms
[398.115s][info][gc,phases   ] GC(2201) Concurrent Mark Free 0.001ms
[398.118s][info][gc,phases   ] GC(2201) Concurrent Process Non-Strong References 2.472ms
[398.118s][info][gc,phases   ] GC(2201) Concurrent Reset Relocation Set 0.004ms
[398.118s][info][gc          ] Allocation Stall (Executor task launch worker for task 19.0 in stage 84.0 (TID 1411)) 7.620ms
[398.118s][info][gc          ] Allocation Stall (Executor task launch worker for task 22.0 in stage 84.0 (TID 1388)) 7.638ms
[398.118s][info][gc          ] Allocation Stall (Executor task launch worker for task 28.0 in stage 84.0 (TID 1393)) 7.916ms
[398.118s][info][gc          ] Allocation Stall (Executor task launch worker for task 0.0 in stage 84.0 (TID 1407)) 7.581ms
[398.118s][info][gc          ] Allocation Stall (Executor task launch worker for task 31.0 in stage 84.0 (TID 1395)) 18.336ms
[398.118s][info][gc          ] Allocation Stall (Executor task launch worker for task 10.0 in stage 84.0 (TID 1380)) 8.442ms
[398.118s][info][gc          ] Allocation Stall (Executor task launch worker for task 30.0 in stage 84.0 (TID 1414)) 8.512ms
[398.118s][info][gc          ] Allocation Stall (Executor task launch worker for task 37.0 in stage 84.0 (TID 1400)) 7.583ms
[398.118s][info][gc          ] Allocation Stall (Executor task launch worker for task 40.0 in stage 84.0 (TID 1403)) 7.731ms
[398.118s][info][gc          ] Allocation Stall (Executor task launch worker for task 46.0 in stage 84.0 (TID 1419)) 7.741ms
[398.118s][info][gc          ] Allocation Stall (Executor task launch worker for task 45.0 in stage 84.0 (TID 1418)) 8.419ms
[398.118s][info][gc          ] Allocation Stall (Executor task launch worker for task 8.0 in stage 84.0 (TID 1378)) 7.790ms
[398.118s][info][gc          ] Allocation Stall (Executor task launch worker for task 23.0 in stage 84.0 (TID 1389)) 7.563ms
[398.118s][info][gc          ] Allocation Stall (Executor task launch worker for task 3.0 in stage 84.0 (TID 1408)) 5.563ms
[398.118s][info][gc          ] Allocation Stall (Executor task launch worker for task 20.0 in stage 84.0 (TID 1412)) 7.665ms
[398.118s][info][gc          ] Allocation Stall (Executor task launch worker for task 5.0 in stage 84.0 (TID 1375)) 9.448ms
[398.118s][info][gc          ] Allocation Stall (Executor task launch worker for task 12.0 in stage 84.0 (TID 1381)) 8.384ms
[398.118s][info][gc          ] Allocation Stall (Executor task launch worker for task 4.0 in stage 84.0 (TID 1374)) 9.486ms
[398.118s][info][gc          ] Allocation Stall (Executor task launch worker for task 42.0 in stage 84.0 (TID 1416)) 9.339ms
[398.118s][info][gc          ] Allocation Stall (Executor task launch worker for task 26.0 in stage 84.0 (TID 1391)) 9.290ms
[398.118s][info][gc          ] Allocation Stall (Executor task launch worker for task 32.0 in stage 84.0 (TID 1396)) 7.855ms
[398.118s][info][gc          ] Allocation Stall (Executor task launch worker for task 11.0 in stage 84.0 (TID 1409)) 7.517ms
[398.118s][info][gc          ] Allocation Stall (Executor task launch worker for task 34.0 in stage 84.0 (TID 1398)) 18.337ms
[398.118s][info][gc          ] Allocation Stall (Executor task launch worker for task 21.0 in stage 84.0 (TID 1387)) 12.950ms
[398.118s][info][gc          ] Allocation Stall (Executor task launch worker for task 29.0 in stage 84.0 (TID 1394)) 9.171ms
[398.118s][info][gc          ] Allocation Stall (Executor task launch worker for task 7.0 in stage 84.0 (TID 1377)) 9.699ms
[398.118s][info][gc          ] Allocation Stall (Executor task launch worker for task 27.0 in stage 84.0 (TID 1392)) 7.875ms
[398.118s][info][gc          ] Allocation Stall (Executor task launch worker for task 35.0 in stage 84.0 (TID 1415)) 12.984ms
[398.118s][info][gc          ] Allocation Stall (Executor task launch worker for task 2.0 in stage 84.0 (TID 1373)) 8.435ms
[398.118s][info][gc          ] Allocation Stall (Executor task launch worker for task 39.0 in stage 84.0 (TID 1402)) 7.804ms
[398.118s][info][gc          ] Allocation Stall (Executor task launch worker for task 24.0 in stage 84.0 (TID 1413)) 9.471ms
[398.118s][info][gc          ] Allocation Stall (Executor task launch worker for task 44.0 in stage 84.0 (TID 1417)) 9.839ms
[398.118s][info][gc          ] Allocation Stall (Executor task launch worker for task 6.0 in stage 84.0 (TID 1376)) 8.530ms
[398.118s][info][gc          ] Allocation Stall (Executor task launch worker for task 14.0 in stage 84.0 (TID 1410)) 9.249ms
[398.118s][info][gc          ] Allocation Stall (Executor task launch worker for task 43.0 in stage 84.0 (TID 1405)) 14.989ms
[398.118s][info][gc          ] Allocation Stall (Executor task launch worker for task 18.0 in stage 84.0 (TID 1386)) 14.998ms
[398.118s][info][gc          ] Allocation Stall (Executor task launch worker for task 1.0 in stage 84.0 (TID 1372)) 18.351ms
[398.118s][info][gc          ] Allocation Stall (Executor task launch worker for task 33.0 in stage 84.0 (TID 1397)) 16.449ms
[398.118s][info][gc          ] Allocation Stall (Executor task launch worker for task 38.0 in stage 84.0 (TID 1401)) 15.030ms
[398.118s][info][gc          ] Allocation Stall (Executor task launch worker for task 16.0 in stage 84.0 (TID 1384)) 8.776ms
[398.118s][info][gc          ] Allocation Stall (Executor task launch worker for task 47.0 in stage 84.0 (TID 1406)) 8.638ms
[398.118s][info][gc          ] Allocation Stall (Executor task launch worker for task 41.0 in stage 84.0 (TID 1404)) 8.819ms
[398.118s][info][gc          ] Allocation Stall (Executor task launch worker for task 25.0 in stage 84.0 (TID 1390)) 8.763ms
[398.118s][info][gc          ] Allocation Stall (Executor task launch worker for task 13.0 in stage 84.0 (TID 1382)) 14.087ms
[398.118s][info][gc          ] Allocation Stall (Executor task launch worker for task 36.0 in stage 84.0 (TID 1399)) 8.522ms
[398.118s][info][gc          ] Allocation Stall (Executor task launch worker for task 15.0 in stage 84.0 (TID 1383)) 8.651ms
[398.118s][info][gc          ] Allocation Stall (Executor task launch worker for task 9.0 in stage 84.0 (TID 1379)) 8.599ms
[398.118s][info][gc          ] Allocation Stall (Executor task launch worker for task 17.0 in stage 84.0 (TID 1385)) 7.807ms
[398.121s][info][gc,phases   ] GC(2201) Concurrent Select Relocation Set 3.150ms
[398.162s][info][gc,phases   ] GC(2201) Pause Relocate Start 0.008ms
[398.186s][info][gc          ] Allocation Stall (Executor task launch worker for task 42.0 in stage 84.0 (TID 1416)) 1.028ms
[398.186s][info][gc          ] Allocation Stall (Executor task launch worker for task 9.0 in stage 84.0 (TID 1379)) 1.072ms
[398.186s][info][gc          ] Allocation Stall (Executor task launch worker for task 29.0 in stage 84.0 (TID 1394)) 1.077ms
[398.186s][info][gc          ] Allocation Stall (Executor task launch worker for task 28.0 in stage 84.0 (TID 1393)) 1.103ms
[398.186s][info][gc          ] Allocation Stall (Executor task launch worker for task 36.0 in stage 84.0 (TID 1399)) 1.125ms
[398.186s][info][gc          ] Allocation Stall (Executor task launch worker for task 38.0 in stage 84.0 (TID 1401)) 1.151ms
[398.186s][info][gc          ] Allocation Stall (Executor task launch worker for task 22.0 in stage 84.0 (TID 1388)) 1.248ms
[398.186s][info][gc          ] Allocation Stall (Executor task launch worker for task 19.0 in stage 84.0 (TID 1411)) 1.307ms
[398.186s][info][gc          ] Allocation Stall (Executor task launch worker for task 43.0 in stage 84.0 (TID 1405)) 1.340ms
[398.187s][info][gc          ] Allocation Stall (Executor task launch worker for task 46.0 in stage 84.0 (TID 1419)) 1.391ms
[398.187s][info][gc          ] Allocation Stall (Executor task launch worker for task 5.0 in stage 84.0 (TID 1375)) 1.434ms
[398.187s][info][gc          ] Allocation Stall (Executor task launch worker for task 17.0 in stage 84.0 (TID 1385)) 1.472ms
[398.187s][info][gc          ] Allocation Stall (Executor task launch worker for task 31.0 in stage 84.0 (TID 1395)) 1.509ms
[398.187s][info][gc          ] Allocation Stall (Executor task launch worker for task 41.0 in stage 84.0 (TID 1404)) 1.549ms
[398.187s][info][gc          ] Allocation Stall (Executor task launch worker for task 13.0 in stage 84.0 (TID 1382)) 1.614ms
[398.187s][info][gc          ] Allocation Stall (Executor task launch worker for task 33.0 in stage 84.0 (TID 1397)) 1.650ms
[398.187s][info][gc          ] Allocation Stall (Executor task launch worker for task 47.0 in stage 84.0 (TID 1406)) 1.682ms
[398.187s][info][gc          ] Allocation Stall (Executor task launch worker for task 34.0 in stage 84.0 (TID 1398)) 1.710ms
[398.187s][info][gc          ] Allocation Stall (Executor task launch worker for task 0.0 in stage 84.0 (TID 1407)) 1.757ms
[398.187s][info][gc          ] Allocation Stall (Executor task launch worker for task 15.0 in stage 84.0 (TID 1383)) 1.806ms
[398.187s][info][gc          ] Allocation Stall (Executor task launch worker for task 10.0 in stage 84.0 (TID 1380)) 1.843ms
[398.188s][info][gc          ] Allocation Stall (Executor task launch worker for task 3.0 in stage 84.0 (TID 1408)) 2.644ms
[398.188s][info][gc          ] Allocation Stall (Executor task launch worker for task 23.0 in stage 84.0 (TID 1389)) 2.680ms
[398.188s][info][gc          ] Allocation Stall (Executor task launch worker for task 37.0 in stage 84.0 (TID 1400)) 2.719ms
[398.188s][info][gc          ] Allocation Stall (Executor task launch worker for task 8.0 in stage 84.0 (TID 1378)) 2.756ms
[398.188s][info][gc          ] Allocation Stall (Executor task launch worker for task 21.0 in stage 84.0 (TID 1387)) 2.794ms
[398.194s][info][gc          ] Allocation Stall (Executor task launch worker for task 43.0 in stage 84.0 (TID 1405)) 2.357ms
[398.194s][info][gc          ] Allocation Stall (Executor task launch worker for task 19.0 in stage 84.0 (TID 1411)) 2.311ms
[398.194s][info][gc          ] Allocation Stall (Executor task launch worker for task 15.0 in stage 84.0 (TID 1383)) 2.418ms
[398.194s][info][gc          ] Allocation Stall (Executor task launch worker for task 36.0 in stage 84.0 (TID 1399)) 2.213ms
[398.194s][info][gc          ] Allocation Stall (Executor task launch worker for task 27.0 in stage 84.0 (TID 1392)) 2.063ms
[398.194s][info][gc          ] Allocation Stall (Executor task launch worker for task 22.0 in stage 84.0 (TID 1388)) 2.062ms
[398.194s][info][gc          ] Allocation Stall (Executor task launch worker for task 46.0 in stage 84.0 (TID 1419)) 2.020ms
[398.194s][info][gc          ] Allocation Stall (Executor task launch worker for task 3.0 in stage 84.0 (TID 1408)) 1.923ms
[398.195s][info][gc          ] Allocation Stall (Executor task launch worker for task 31.0 in stage 84.0 (TID 1395)) 2.553ms
[398.195s][info][gc          ] Allocation Stall (Executor task launch worker for task 37.0 in stage 84.0 (TID 1400)) 2.582ms
[398.195s][info][gc          ] Allocation Stall (Executor task launch worker for task 38.0 in stage 84.0 (TID 1401)) 2.548ms
[398.195s][info][gc          ] Allocation Stall (Executor task launch worker for task 8.0 in stage 84.0 (TID 1378)) 2.568ms
[398.195s][info][gc          ] Allocation Stall (Executor task launch worker for task 33.0 in stage 84.0 (TID 1397)) 2.598ms
[398.195s][info][gc          ] Allocation Stall (Executor task launch worker for task 17.0 in stage 84.0 (TID 1385)) 2.595ms
[398.195s][info][gc          ] Allocation Stall (Executor task launch worker for task 13.0 in stage 84.0 (TID 1382)) 2.751ms
[398.195s][info][gc          ] Allocation Stall (Executor task launch worker for task 47.0 in stage 84.0 (TID 1406)) 2.747ms
[398.195s][info][gc          ] Allocation Stall (Executor task launch worker for task 41.0 in stage 84.0 (TID 1404)) 2.773ms
[398.195s][info][gc          ] Allocation Stall (Executor task launch worker for task 23.0 in stage 84.0 (TID 1389)) 2.759ms
[398.195s][info][gc          ] Allocation Stall (Executor task launch worker for task 21.0 in stage 84.0 (TID 1387)) 2.690ms
[398.196s][info][gc          ] Allocation Stall (Executor task launch worker for task 5.0 in stage 84.0 (TID 1375)) 2.604ms
[398.196s][info][gc          ] Allocation Stall (Executor task launch worker for task 40.0 in stage 84.0 (TID 1403)) 2.447ms
[398.197s][info][gc          ] Allocation Stall (Executor task launch worker for task 34.0 in stage 84.0 (TID 1398)) 4.091ms
[398.197s][info][gc          ] Allocation Stall (Executor task launch worker for task 4.0 in stage 84.0 (TID 1374)) 3.919ms
[398.197s][info][gc          ] Allocation Stall (Executor task launch worker for task 10.0 in stage 84.0 (TID 1380)) 3.748ms
[398.204s][info][gc          ] Allocation Stall (Executor task launch worker for task 19.0 in stage 84.0 (TID 1411)) 3.520ms
[398.204s][info][gc          ] Allocation Stall (Executor task launch worker for task 27.0 in stage 84.0 (TID 1392)) 3.469ms
[398.204s][info][gc          ] Allocation Stall (Executor task launch worker for task 22.0 in stage 84.0 (TID 1388)) 3.277ms
[398.204s][info][gc          ] Allocation Stall (Executor task launch worker for task 42.0 in stage 84.0 (TID 1416)) 3.313ms
[398.204s][info][gc          ] Allocation Stall (Executor task launch worker for task 17.0 in stage 84.0 (TID 1385)) 3.223ms
[398.204s][info][gc          ] Allocation Stall (Executor task launch worker for task 28.0 in stage 84.0 (TID 1393)) 3.060ms
[398.204s][info][gc          ] Allocation Stall (Executor task launch worker for task 8.0 in stage 84.0 (TID 1378)) 3.023ms
[398.204s][info][gc          ] Allocation Stall (Executor task launch worker for task 45.0 in stage 84.0 (TID 1418)) 2.909ms
[398.204s][info][gc          ] Allocation Stall (Executor task launch worker for task 46.0 in stage 84.0 (TID 1419)) 2.893ms
[398.204s][info][gc          ] Allocation Stall (Executor task launch worker for task 41.0 in stage 84.0 (TID 1404)) 2.924ms
[398.207s][info][gc          ] Allocation Stall (Executor task launch worker for task 33.0 in stage 84.0 (TID 1397)) 5.233ms
[398.207s][info][gc          ] Allocation Stall (Executor task launch worker for task 36.0 in stage 84.0 (TID 1399)) 5.214ms
[398.207s][info][gc          ] Allocation Stall (Executor task launch worker for task 38.0 in stage 84.0 (TID 1401)) 5.046ms
[398.207s][info][gc          ] Allocation Stall (Executor task launch worker for task 37.0 in stage 84.0 (TID 1400)) 5.045ms
[398.207s][info][gc          ] Allocation Stall (Executor task launch worker for task 47.0 in stage 84.0 (TID 1406)) 5.018ms
[398.207s][info][gc          ] Allocation Stall (Executor task launch worker for task 21.0 in stage 84.0 (TID 1387)) 5.004ms
[398.207s][info][gc          ] Allocation Stall (Executor task launch worker for task 23.0 in stage 84.0 (TID 1389)) 4.807ms
[398.211s][info][gc          ] Allocation Stall (Executor task launch worker for task 34.0 in stage 84.0 (TID 1398)) 7.851ms
[398.211s][info][gc          ] Allocation Stall (Executor task launch worker for task 29.0 in stage 84.0 (TID 1394)) 7.887ms
[398.211s][info][gc          ] Allocation Stall (Executor task launch worker for task 18.0 in stage 84.0 (TID 1386)) 7.806ms
[398.211s][info][gc          ] Allocation Stall (Executor task launch worker for task 4.0 in stage 84.0 (TID 1374)) 8.260ms
[398.211s][info][gc          ] Allocation Stall (Executor task launch worker for task 26.0 in stage 84.0 (TID 1391)) 7.943ms
[398.211s][info][gc          ] Allocation Stall (Executor task launch worker for task 20.0 in stage 84.0 (TID 1412)) 7.852ms
[398.211s][info][gc          ] Allocation Stall (Executor task launch worker for task 13.0 in stage 84.0 (TID 1382)) 8.567ms
[398.211s][info][gc          ] Allocation Stall (Executor task launch worker for task 7.0 in stage 84.0 (TID 1377)) 7.823ms
[398.211s][info][gc          ] Allocation Stall (Executor task launch worker for task 31.0 in stage 84.0 (TID 1395)) 9.258ms
[398.211s][info][gc          ] Allocation Stall (Executor task launch worker for task 0.0 in stage 84.0 (TID 1407)) 9.263ms
[398.211s][info][gc          ] Allocation Stall (Executor task launch worker for task 25.0 in stage 84.0 (TID 1390)) 9.259ms
[398.211s][info][gc          ] Allocation Stall (Executor task launch worker for task 30.0 in stage 84.0 (TID 1414)) 9.062ms
[398.211s][info][gc          ] Allocation Stall (Executor task launch worker for task 12.0 in stage 84.0 (TID 1381)) 8.957ms
[398.211s][info][gc          ] Allocation Stall (Executor task launch worker for task 5.0 in stage 84.0 (TID 1375)) 8.871ms
[398.211s][info][gc          ] Allocation Stall (Executor task launch worker for task 40.0 in stage 84.0 (TID 1403)) 8.792ms
[398.211s][info][gc          ] Allocation Stall (Executor task launch worker for task 10.0 in stage 84.0 (TID 1380)) 8.719ms
[398.212s][info][gc          ] Allocation Stall (Executor task launch worker for task 6.0 in stage 84.0 (TID 1376)) 8.436ms
[398.212s][info][gc          ] Allocation Stall (Executor task launch worker for task 43.0 in stage 84.0 (TID 1405)) 8.452ms
[398.212s][info][gc          ] Allocation Stall (Executor task launch worker for task 32.0 in stage 84.0 (TID 1396)) 5.249ms
[398.212s][info][gc          ] Allocation Stall (Executor task launch worker for task 27.0 in stage 84.0 (TID 1392)) 3.619ms
[398.212s][info][gc          ] Allocation Stall (Executor task launch worker for task 8.0 in stage 84.0 (TID 1378)) 3.637ms
[398.212s][info][gc          ] Allocation Stall (Executor task launch worker for task 22.0 in stage 84.0 (TID 1388)) 3.651ms
[398.212s][info][gc          ] Allocation Stall (Executor task launch worker for task 45.0 in stage 84.0 (TID 1418)) 3.478ms
[398.213s][info][gc          ] Allocation Stall (Executor task launch worker for task 16.0 in stage 84.0 (TID 1384)) 1.416ms
[398.213s][info][gc          ] Allocation Stall (Executor task launch worker for task 15.0 in stage 84.0 (TID 1383)) 1.529ms
[398.213s][info][gc          ] Allocation Stall (Executor task launch worker for task 23.0 in stage 84.0 (TID 1389)) 1.914ms
[398.213s][info][gc          ] Allocation Stall (Executor task launch worker for task 38.0 in stage 84.0 (TID 1401)) 2.045ms
[398.213s][info][gc          ] Allocation Stall (Executor task launch worker for task 36.0 in stage 84.0 (TID 1399)) 1.270ms
[398.213s][info][gc          ] Allocation Stall (Executor task launch worker for task 21.0 in stage 84.0 (TID 1387)) 2.036ms
[398.213s][info][gc          ] Allocation Stall (Executor task launch worker for task 28.0 in stage 84.0 (TID 1393)) 1.087ms
[398.213s][info][gc          ] Allocation Stall (Executor task launch worker for task 33.0 in stage 84.0 (TID 1397)) 1.413ms
[398.213s][info][gc          ] Allocation Stall (Executor task launch worker for task 39.0 in stage 84.0 (TID 1402)) 1.195ms
[398.213s][info][gc          ] Allocation Stall (Executor task launch worker for task 19.0 in stage 84.0 (TID 1411)) 3.467ms
[398.213s][info][gc          ] Allocation Stall (Executor task launch worker for task 42.0 in stage 84.0 (TID 1416)) 2.807ms
[398.213s][info][gc          ] Allocation Stall (Executor task launch worker for task 41.0 in stage 84.0 (TID 1404)) 2.756ms
[398.213s][info][gc          ] Allocation Stall (Executor task launch worker for task 47.0 in stage 84.0 (TID 1406)) 2.193ms
[398.213s][info][gc          ] Allocation Stall (Executor task launch worker for task 2.0 in stage 84.0 (TID 1373)) 1.566ms
[398.213s][info][gc          ] Allocation Stall (Executor task launch worker for task 17.0 in stage 84.0 (TID 1385)) 2.780ms
[398.213s][info][gc          ] Allocation Stall (Executor task launch worker for task 46.0 in stage 84.0 (TID 1419)) 3.112ms
[398.216s][info][gc          ] Allocation Stall (Executor task launch worker for task 3.0 in stage 84.0 (TID 1408)) 4.591ms
[398.216s][info][gc          ] Allocation Stall (Executor task launch worker for task 1.0 in stage 84.0 (TID 1372)) 4.595ms
[398.216s][info][gc          ] Allocation Stall (Executor task launch worker for task 9.0 in stage 84.0 (TID 1379)) 4.626ms
[398.216s][info][gc          ] Allocation Stall (Executor task launch worker for task 37.0 in stage 84.0 (TID 1400)) 4.661ms
[398.216s][info][gc          ] Allocation Stall (Executor task launch worker for task 8.0 in stage 84.0 (TID 1378)) 1.027ms
[398.216s][info][gc          ] Allocation Stall (Executor task launch worker for task 22.0 in stage 84.0 (TID 1388)) 0.909ms
[398.285s][info][gc          ] Allocation Stall (Executor task launch worker for task 12.0 in stage 84.0 (TID 1381)) 3.925ms
[398.285s][info][gc          ] Allocation Stall (Executor task launch worker for task 33.0 in stage 84.0 (TID 1397)) 3.912ms
[398.285s][info][gc          ] Allocation Stall (Executor task launch worker for task 47.0 in stage 84.0 (TID 1406)) 3.617ms
[398.285s][info][gc          ] Allocation Stall (Executor task launch worker for task 5.0 in stage 84.0 (TID 1375)) 3.540ms
[398.286s][info][gc          ] Allocation Stall (Executor task launch worker for task 36.0 in stage 84.0 (TID 1399)) 3.413ms
[398.286s][info][gc          ] Allocation Stall (Executor task launch worker for task 46.0 in stage 84.0 (TID 1419)) 2.821ms
[398.286s][info][gc          ] Allocation Stall (Executor task launch worker for task 29.0 in stage 84.0 (TID 1394)) 2.583ms
[398.286s][info][gc          ] Allocation Stall (Executor task launch worker for task 25.0 in stage 84.0 (TID 1390)) 2.304ms
[398.286s][info][gc          ] Allocation Stall (Executor task launch worker for task 18.0 in stage 84.0 (TID 1386)) 2.335ms
[398.286s][info][gc          ] Allocation Stall (Executor task launch worker for task 13.0 in stage 84.0 (TID 1382)) 2.226ms
[398.286s][info][gc          ] Allocation Stall (Executor task launch worker for task 20.0 in stage 84.0 (TID 1412)) 2.030ms
[398.286s][info][gc          ] Allocation Stall (Executor task launch worker for task 31.0 in stage 84.0 (TID 1395)) 1.071ms
[398.286s][info][gc          ] Allocation Stall (Executor task launch worker for task 21.0 in stage 84.0 (TID 1387)) 1.044ms
[398.286s][info][gc          ] Allocation Stall (Executor task launch worker for task 1.0 in stage 84.0 (TID 1372)) 0.599ms
[398.286s][info][gc          ] Allocation Stall (Executor task launch worker for task 8.0 in stage 84.0 (TID 1378)) 2.303ms
[398.286s][info][gc          ] Allocation Stall (Executor task launch worker for task 4.0 in stage 84.0 (TID 1374)) 2.302ms
[398.286s][info][gc          ] Allocation Stall (Executor task launch worker for task 42.0 in stage 84.0 (TID 1416)) 1.380ms
[398.286s][info][gc          ] Allocation Stall (Executor task launch worker for task 27.0 in stage 84.0 (TID 1392)) 1.340ms
[398.286s][info][gc          ] Allocation Stall (Executor task launch worker for task 10.0 in stage 84.0 (TID 1380)) 1.239ms
[398.286s][info][gc          ] Allocation Stall (Executor task launch worker for task 2.0 in stage 84.0 (TID 1373)) 1.149ms
[398.295s][info][gc          ] Allocation Stall (Executor task launch worker for task 33.0 in stage 84.0 (TID 1397)) 2.629ms
[398.295s][info][gc          ] Allocation Stall (Executor task launch worker for task 25.0 in stage 84.0 (TID 1390)) 2.455ms
[398.295s][info][gc          ] Allocation Stall (Executor task launch worker for task 26.0 in stage 84.0 (TID 1391)) 2.222ms
[398.295s][info][gc          ] Allocation Stall (Executor task launch worker for task 13.0 in stage 84.0 (TID 1382)) 2.225ms
[398.295s][info][gc          ] Allocation Stall (Executor task launch worker for task 12.0 in stage 84.0 (TID 1381)) 2.219ms
[398.296s][info][gc          ] Allocation Stall (Executor task launch worker for task 3.0 in stage 84.0 (TID 1408)) 2.212ms
[398.296s][info][gc          ] Allocation Stall (Executor task launch worker for task 46.0 in stage 84.0 (TID 1419)) 1.753ms
[398.296s][info][gc          ] Allocation Stall (Executor task launch worker for task 38.0 in stage 84.0 (TID 1401)) 1.431ms
[398.296s][info][gc          ] Allocation Stall (Executor task launch worker for task 29.0 in stage 84.0 (TID 1394)) 2.343ms
[398.296s][info][gc          ] Allocation Stall (Executor task launch worker for task 17.0 in stage 84.0 (TID 1385)) 2.351ms
[398.296s][info][gc          ] Allocation Stall (Executor task launch worker for task 40.0 in stage 84.0 (TID 1403)) 0.410ms
[398.296s][info][gc          ] Allocation Stall (Executor task launch worker for task 34.0 in stage 84.0 (TID 1398)) 2.599ms
[398.296s][info][gc          ] Allocation Stall (Executor task launch worker for task 23.0 in stage 84.0 (TID 1389)) 2.521ms
[398.296s][info][gc          ] Allocation Stall (Executor task launch worker for task 18.0 in stage 84.0 (TID 1386)) 2.435ms
[398.306s][info][gc          ] Allocation Stall (Executor task launch worker for task 12.0 in stage 84.0 (TID 1381)) 1.352ms
[398.306s][info][gc          ] Allocation Stall (Executor task launch worker for task 26.0 in stage 84.0 (TID 1391)) 1.366ms
[398.306s][info][gc          ] Allocation Stall (Executor task launch worker for task 13.0 in stage 84.0 (TID 1382)) 1.284ms
[398.306s][info][gc          ] Allocation Stall (Executor task launch worker for task 7.0 in stage 84.0 (TID 1377)) 1.249ms
[398.328s][info][gc,phases   ] GC(2201) Concurrent Relocate 165.428ms
[398.328s][info][gc,load     ] GC(2201) Load: 0.00/0.00/0.00
[398.328s][info][gc,mmu      ] GC(2201) MMU: 2ms/86.2%, 5ms/94.5%, 10ms/97.2%, 20ms/98.6%, 50ms/99.4%, 100ms/99.6%
[398.328s][info][gc,marking  ] GC(2201) Mark: 8 stripe(s), 2 proactive flush(es), 1 terminate flush(es), 0 completion(s), 0 continuation(s) 
[398.328s][info][gc,marking  ] GC(2201) Mark Stack Usage: 32M
[398.328s][info][gc,nmethod  ] GC(2201) NMethods: 8123 registered, 1321 unregistered
[398.328s][info][gc,metaspace] GC(2201) Metaspace: 120M used, 123M committed, 1152M reserved
[398.328s][info][gc,ref      ] GC(2201) Soft: 2877 encountered, 371 discovered, 0 enqueued
[398.328s][info][gc,ref      ] GC(2201) Weak: 14359 encountered, 1160 discovered, 0 enqueued
[398.328s][info][gc,ref      ] GC(2201) Final: 84 encountered, 0 discovered, 0 enqueued
[398.328s][info][gc,ref      ] GC(2201) Phantom: 764 encountered, 569 discovered, 0 enqueued
[398.328s][info][gc,reloc    ] GC(2201) Small Pages: 373 / 746M, Empty: 606M, Relocated: 3M, In-Place: 0
[398.328s][info][gc,reloc    ] GC(2201) Medium Pages: 37 / 1184M, Empty: 0M, Relocated: 21M, In-Place: 0
[398.328s][info][gc,reloc    ] GC(2201) Large Pages: 6 / 48M, Empty: 0M, Relocated: 0M, In-Place: 0
[398.329s][info][gc,reloc    ] GC(2201) Forwarding Usage: 0M
[398.329s][info][gc,heap     ] GC(2201) Min Capacity: 8M(0%)
[398.329s][info][gc,heap     ] GC(2201) Max Capacity: 2048M(100%)
[398.329s][info][gc,heap     ] GC(2201) Soft Max Capacity: 2048M(100%)
[398.329s][info][gc,heap     ] GC(2201)                Mark Start          Mark End        Relocate Start      Relocate End           High               Low         
[398.329s][info][gc,heap     ] GC(2201)  Capacity:     2048M (100%)       2048M (100%)       2048M (100%)       2048M (100%)       2048M (100%)       2048M (100%)   
[398.329s][info][gc,heap     ] GC(2201)      Free:       70M (3%)            0M (0%)          438M (21%)          70M (3%)          586M (29%)           0M (0%)     
[398.329s][info][gc,heap     ] GC(2201)      Used:     1978M (97%)        2048M (100%)       1610M (79%)        1978M (97%)        2048M (100%)       1462M (71%)    
[398.329s][info][gc,heap     ] GC(2201)      Live:         -              1094M (53%)        1094M (53%)        1094M (53%)            -                  -          
[398.329s][info][gc,heap     ] GC(2201) Allocated:         -                70M (3%)          238M (12%)         708M (35%)            -                  -          
[398.329s][info][gc,heap     ] GC(2201)   Garbage:         -               883M (43%)         277M (14%)         175M (9%)             -                  -          
[398.329s][info][gc,heap     ] GC(2201) Reclaimed:         -                  -               606M (30%)         708M (35%)            -                  -          
[398.329s][info][gc          ] GC(2201) Garbage Collection (Allocation Stall) 1978M(97%)->1978M(97%)
[398.349s][info][gc,start    ] GC(2202) Garbage Collection (Allocation Stall)
[398.349s][info][gc,ref      ] GC(2202) Clearing All SoftReferences
[398.349s][info][gc,task     ] GC(2202) Using 12 workers
[398.350s][info][gc,ref      ] GC(2202) Clearing All SoftReferences
[398.350s][info][gc,phases   ] GC(2202) Pause Mark Start 0.039ms
[398.351s][info][gc          ] Allocation Stall (Executor task launch worker for task 6.0 in stage 84.0 (TID 1376)) 0.281ms
[398.351s][info][gc          ] Allocation Stall (Executor task launch worker for task 47.0 in stage 84.0 (TID 1406)) 0.315ms
[398.351s][info][gc          ] Allocation Stall (Executor task launch worker for task 22.0 in stage 84.0 (TID 1388)) 0.345ms
[398.351s][info][gc          ] Allocation Stall (Executor task launch worker for task 41.0 in stage 84.0 (TID 1404)) 0.386ms
[398.351s][info][gc          ] Allocation Stall (Executor task launch worker for task 3.0 in stage 84.0 (TID 1408)) 0.421ms
[398.351s][info][gc          ] Allocation Stall (Executor task launch worker for task 7.0 in stage 84.0 (TID 1377)) 0.460ms
[398.351s][info][gc          ] Allocation Stall (Executor task launch worker for task 38.0 in stage 84.0 (TID 1401)) 0.495ms
[398.356s][info][gc          ] Allocation Stall (Executor task launch worker for task 44.0 in stage 84.0 (TID 1417)) 5.324ms
[398.356s][info][gc          ] Allocation Stall (Executor task launch worker for task 28.0 in stage 84.0 (TID 1393)) 5.368ms
[398.356s][info][gc          ] Allocation Stall (Executor task launch worker for task 23.0 in stage 84.0 (TID 1389)) 1.780ms
[398.356s][info][gc          ] Allocation Stall (Executor task launch worker for task 10.0 in stage 84.0 (TID 1380)) 1.679ms
[398.356s][info][gc          ] Allocation Stall (Executor task launch worker for task 15.0 in stage 84.0 (TID 1383)) 1.166ms
[398.356s][info][gc          ] Allocation Stall (Executor task launch worker for task 47.0 in stage 84.0 (TID 1406)) 1.127ms
[398.356s][info][gc          ] Allocation Stall (Executor task launch worker for task 22.0 in stage 84.0 (TID 1388)) 0.948ms
[398.356s][info][gc          ] Allocation Stall (Executor task launch worker for task 41.0 in stage 84.0 (TID 1404)) 0.983ms
[398.356s][info][gc          ] Allocation Stall (Executor task launch worker for task 6.0 in stage 84.0 (TID 1376)) 1.005ms
[398.356s][info][gc          ] Allocation Stall (Executor task launch worker for task 7.0 in stage 84.0 (TID 1377)) 0.914ms
[398.356s][info][gc          ] Allocation Stall (Executor task launch worker for task 3.0 in stage 84.0 (TID 1408)) 0.884ms
[398.357s][info][gc          ] Allocation Stall (Executor task launch worker for task 38.0 in stage 84.0 (TID 1401)) 0.882ms
[398.357s][info][gc          ] Allocation Stall (Executor task launch worker for task 37.0 in stage 84.0 (TID 1400)) 0.811ms
[398.357s][info][gc          ] Allocation Stall (Executor task launch worker for task 5.0 in stage 84.0 (TID 1375)) 1.163ms
[398.357s][info][gc          ] Allocation Stall (Executor task launch worker for task 18.0 in stage 84.0 (TID 1386)) 1.184ms
[398.357s][info][gc          ] Allocation Stall (Executor task launch worker for task 11.0 in stage 84.0 (TID 1409)) 1.205ms
[398.357s][info][gc          ] Allocation Stall (Executor task launch worker for task 30.0 in stage 84.0 (TID 1414)) 1.200ms
[398.357s][info][gc          ] Allocation Stall (Executor task launch worker for task 4.0 in stage 84.0 (TID 1374)) 1.241ms
[398.361s][info][gc          ] Allocation Stall (Executor task launch worker for task 47.0 in stage 84.0 (TID 1406)) 0.363ms
[398.361s][info][gc          ] Allocation Stall (Executor task launch worker for task 41.0 in stage 84.0 (TID 1404)) 0.379ms
[398.361s][info][gc          ] Allocation Stall (Executor task launch worker for task 6.0 in stage 84.0 (TID 1376)) 0.403ms
[398.361s][info][gc          ] Allocation Stall (Executor task launch worker for task 7.0 in stage 84.0 (TID 1377)) 0.382ms
[398.361s][info][gc          ] Allocation Stall (Executor task launch worker for task 15.0 in stage 84.0 (TID 1383)) 0.365ms
[398.361s][info][gc          ] Allocation Stall (Executor task launch worker for task 22.0 in stage 84.0 (TID 1388)) 0.326ms
[398.364s][info][gc          ] Allocation Stall (Executor task launch worker for task 11.0 in stage 84.0 (TID 1409)) 2.922ms
[398.364s][info][gc          ] Allocation Stall (Executor task launch worker for task 46.0 in stage 84.0 (TID 1419)) 1.906ms
[398.393s][info][gc          ] Allocation Stall (Executor task launch worker for task 9.0 in stage 84.0 (TID 1379)) 1.900ms
[398.394s][info][gc          ] Allocation Stall (Executor task launch worker for task 38.0 in stage 84.0 (TID 1401)) 1.901ms
[398.394s][info][gc          ] Allocation Stall (Executor task launch worker for task 44.0 in stage 84.0 (TID 1417)) 1.938ms
[398.394s][info][gc          ] Allocation Stall (Executor task launch worker for task 17.0 in stage 84.0 (TID 1385)) 1.871ms
[398.394s][info][gc          ] Allocation Stall (Executor task launch worker for task 21.0 in stage 84.0 (TID 1387)) 1.777ms
[398.394s][info][gc          ] Allocation Stall (Executor task launch worker for task 33.0 in stage 84.0 (TID 1397)) 1.722ms
[398.394s][info][gc          ] Allocation Stall (Executor task launch worker for task 16.0 in stage 84.0 (TID 1384)) 1.807ms
[398.412s][info][gc,phases   ] GC(2202) Concurrent Mark 61.546ms
[398.412s][info][gc,phases   ] GC(2202) Pause Mark End 0.029ms
[398.412s][info][gc,phases   ] GC(2202) Concurrent Mark Free 0.001ms
[398.415s][info][gc,phases   ] GC(2202) Concurrent Process Non-Strong References 2.676ms
[398.415s][info][gc,phases   ] GC(2202) Concurrent Reset Relocation Set 0.004ms
[398.415s][info][gc          ] Allocation Stall (Executor task launch worker for task 17.0 in stage 84.0 (TID 1385)) 15.632ms
[398.415s][info][gc          ] Allocation Stall (Executor task launch worker for task 31.0 in stage 84.0 (TID 1395)) 15.180ms
[398.415s][info][gc          ] Allocation Stall (Executor task launch worker for task 3.0 in stage 84.0 (TID 1408)) 15.103ms
[398.415s][info][gc          ] Allocation Stall (Executor task launch worker for task 24.0 in stage 84.0 (TID 1413)) 15.383ms
[398.415s][info][gc          ] Allocation Stall (Executor task launch worker for task 20.0 in stage 84.0 (TID 1412)) 15.127ms
[398.415s][info][gc          ] Allocation Stall (Executor task launch worker for task 47.0 in stage 84.0 (TID 1406)) 18.854ms
[398.415s][info][gc          ] Allocation Stall (Executor task launch worker for task 16.0 in stage 84.0 (TID 1384)) 15.370ms
[398.415s][info][gc          ] Allocation Stall (Executor task launch worker for task 44.0 in stage 84.0 (TID 1417)) 15.372ms
[398.415s][info][gc          ] Allocation Stall (Executor task launch worker for task 0.0 in stage 84.0 (TID 1407)) 15.351ms
[398.415s][info][gc          ] Allocation Stall (Executor task launch worker for task 42.0 in stage 84.0 (TID 1416)) 15.506ms
[398.415s][info][gc          ] Allocation Stall (Executor task launch worker for task 46.0 in stage 84.0 (TID 1419)) 15.196ms
[398.415s][info][gc          ] Allocation Stall (Executor task launch worker for task 10.0 in stage 84.0 (TID 1380)) 17.989ms
[398.415s][info][gc          ] Allocation Stall (Executor task launch worker for task 14.0 in stage 84.0 (TID 1410)) 15.418ms
[398.415s][info][gc          ] Allocation Stall (Executor task launch worker for task 19.0 in stage 84.0 (TID 1411)) 16.555ms
[398.415s][info][gc          ] Allocation Stall (Executor task launch worker for task 37.0 in stage 84.0 (TID 1400)) 18.223ms
[398.415s][info][gc          ] Allocation Stall (Executor task launch worker for task 36.0 in stage 84.0 (TID 1399)) 17.169ms
[398.415s][info][gc          ] Allocation Stall (Executor task launch worker for task 22.0 in stage 84.0 (TID 1388)) 17.872ms
[398.415s][info][gc          ] Allocation Stall (Executor task launch worker for task 34.0 in stage 84.0 (TID 1398)) 17.151ms
[398.415s][info][gc          ] Allocation Stall (Executor task launch worker for task 25.0 in stage 84.0 (TID 1390)) 15.803ms
[398.415s][info][gc          ] Allocation Stall (Executor task launch worker for task 9.0 in stage 84.0 (TID 1379)) 15.444ms
[398.415s][info][gc          ] Allocation Stall (Executor task launch worker for task 43.0 in stage 84.0 (TID 1405)) 16.741ms
[398.415s][info][gc          ] Allocation Stall (Executor task launch worker for task 5.0 in stage 84.0 (TID 1375)) 15.728ms
[398.415s][info][gc          ] Allocation Stall (Executor task launch worker for task 13.0 in stage 84.0 (TID 1382)) 16.990ms
[398.415s][info][gc          ] Allocation Stall (Executor task launch worker for task 21.0 in stage 84.0 (TID 1387)) 15.908ms
[398.415s][info][gc          ] Allocation Stall (Executor task launch worker for task 4.0 in stage 84.0 (TID 1374)) 15.606ms
[398.415s][info][gc          ] Allocation Stall (Executor task launch worker for task 39.0 in stage 84.0 (TID 1402)) 18.629ms
[398.415s][info][gc          ] Allocation Stall (Executor task launch worker for task 30.0 in stage 84.0 (TID 1414)) 18.477ms
[398.415s][info][gc          ] Allocation Stall (Executor task launch worker for task 27.0 in stage 84.0 (TID 1392)) 15.915ms
[398.415s][info][gc          ] Allocation Stall (Executor task launch worker for task 29.0 in stage 84.0 (TID 1394)) 15.038ms
[398.415s][info][gc          ] Allocation Stall (Executor task launch worker for task 26.0 in stage 84.0 (TID 1391)) 18.892ms
[398.415s][info][gc          ] Allocation Stall (Executor task launch worker for task 2.0 in stage 84.0 (TID 1373)) 18.528ms
[398.415s][info][gc          ] Allocation Stall (Executor task launch worker for task 41.0 in stage 84.0 (TID 1404)) 15.707ms
[398.415s][info][gc          ] Allocation Stall (Executor task launch worker for task 1.0 in stage 84.0 (TID 1372)) 15.531ms
[398.415s][info][gc          ] Allocation Stall (Executor task launch worker for task 11.0 in stage 84.0 (TID 1409)) 18.578ms
[398.415s][info][gc          ] Allocation Stall (Executor task launch worker for task 32.0 in stage 84.0 (TID 1396)) 18.370ms
[398.415s][info][gc          ] Allocation Stall (Executor task launch worker for task 7.0 in stage 84.0 (TID 1377)) 15.575ms
[398.415s][info][gc          ] Allocation Stall (Executor task launch worker for task 33.0 in stage 84.0 (TID 1397)) 15.824ms
[398.415s][info][gc          ] Allocation Stall (Executor task launch worker for task 23.0 in stage 84.0 (TID 1389)) 18.376ms
[398.415s][info][gc          ] Allocation Stall (Executor task launch worker for task 45.0 in stage 84.0 (TID 1418)) 15.680ms
[398.415s][info][gc          ] Allocation Stall (Executor task launch worker for task 40.0 in stage 84.0 (TID 1403)) 15.176ms
[398.415s][info][gc          ] Allocation Stall (Executor task launch worker for task 8.0 in stage 84.0 (TID 1378)) 15.663ms
[398.415s][info][gc          ] Allocation Stall (Executor task launch worker for task 18.0 in stage 84.0 (TID 1386)) 15.270ms
[398.415s][info][gc          ] Allocation Stall (Executor task launch worker for task 35.0 in stage 84.0 (TID 1415)) 15.180ms
[398.415s][info][gc          ] Allocation Stall (Executor task launch worker for task 12.0 in stage 84.0 (TID 1381)) 15.657ms
[398.415s][info][gc          ] Allocation Stall (Executor task launch worker for task 15.0 in stage 84.0 (TID 1383)) 15.809ms
[398.415s][info][gc          ] Allocation Stall (Executor task launch worker for task 28.0 in stage 84.0 (TID 1393)) 15.687ms
[398.415s][info][gc          ] Allocation Stall (Executor task launch worker for task 38.0 in stage 84.0 (TID 1401)) 15.840ms
[398.415s][info][gc          ] Allocation Stall (Executor task launch worker for task 6.0 in stage 84.0 (TID 1376)) 15.757ms
[398.419s][info][gc,phases   ] GC(2202) Concurrent Select Relocation Set 3.925ms
[398.421s][info][gc,phases   ] GC(2202) Pause Relocate Start 0.007ms
[398.466s][info][gc          ] Allocation Stall (Executor task launch worker for task 26.0 in stage 84.0 (TID 1391)) 4.112ms
[398.466s][info][gc          ] Allocation Stall (Executor task launch worker for task 40.0 in stage 84.0 (TID 1403)) 4.142ms
[398.466s][info][gc          ] Allocation Stall (Executor task launch worker for task 29.0 in stage 84.0 (TID 1394)) 4.194ms
[398.466s][info][gc          ] Allocation Stall (Executor task launch worker for task 18.0 in stage 84.0 (TID 1386)) 4.206ms
[398.466s][info][gc          ] Allocation Stall (Executor task launch worker for task 43.0 in stage 84.0 (TID 1405)) 4.188ms
[398.466s][info][gc          ] Allocation Stall (Executor task launch worker for task 41.0 in stage 84.0 (TID 1404)) 4.252ms
[398.466s][info][gc          ] Allocation Stall (Executor task launch worker for task 47.0 in stage 84.0 (TID 1406)) 4.285ms
[398.467s][info][gc          ] Allocation Stall (Executor task launch worker for task 7.0 in stage 84.0 (TID 1377)) 4.340ms
[398.467s][info][gc          ] Allocation Stall (Executor task launch worker for task 32.0 in stage 84.0 (TID 1396)) 4.284ms
[398.467s][info][gc          ] Allocation Stall (Executor task launch worker for task 37.0 in stage 84.0 (TID 1400)) 4.336ms
[398.467s][info][gc          ] Allocation Stall (Executor task launch worker for task 8.0 in stage 84.0 (TID 1378)) 4.134ms
[398.467s][info][gc          ] Allocation Stall (Executor task launch worker for task 11.0 in stage 84.0 (TID 1409)) 4.139ms
[398.468s][info][gc          ] Allocation Stall (Executor task launch worker for task 19.0 in stage 84.0 (TID 1411)) 4.537ms
[398.468s][info][gc          ] Allocation Stall (Executor task launch worker for task 39.0 in stage 84.0 (TID 1402)) 4.420ms
[398.468s][info][gc          ] Allocation Stall (Executor task launch worker for task 28.0 in stage 84.0 (TID 1393)) 4.316ms
[398.468s][info][gc          ] Allocation Stall (Executor task launch worker for task 6.0 in stage 84.0 (TID 1376)) 4.264ms
[398.468s][info][gc          ] Allocation Stall (Executor task launch worker for task 16.0 in stage 84.0 (TID 1384)) 4.146ms
[398.468s][info][gc          ] Allocation Stall (Executor task launch worker for task 38.0 in stage 84.0 (TID 1401)) 4.183ms
[398.471s][info][gc          ] Allocation Stall (Executor task launch worker for task 0.0 in stage 84.0 (TID 1407)) 7.325ms
[398.471s][info][gc          ] Allocation Stall (Executor task launch worker for task 15.0 in stage 84.0 (TID 1383)) 7.349ms
[398.471s][info][gc          ] Allocation Stall (Executor task launch worker for task 21.0 in stage 84.0 (TID 1387)) 7.389ms
[398.471s][info][gc          ] Allocation Stall (Executor task launch worker for task 1.0 in stage 84.0 (TID 1372)) 7.390ms
[398.480s][info][gc          ] Allocation Stall (Executor task launch worker for task 32.0 in stage 84.0 (TID 1396)) 6.089ms
[398.481s][info][gc          ] Allocation Stall (Executor task launch worker for task 2.0 in stage 84.0 (TID 1373)) 7.194ms
[398.481s][info][gc          ] Allocation Stall (Executor task launch worker for task 9.0 in stage 84.0 (TID 1379)) 6.961ms
[398.481s][info][gc          ] Allocation Stall (Executor task launch worker for task 8.0 in stage 84.0 (TID 1378)) 6.261ms
[398.482s][info][gc          ] Allocation Stall (Executor task launch worker for task 3.0 in stage 84.0 (TID 1408)) 6.110ms
[398.486s][info][gc          ] Allocation Stall (Executor task launch worker for task 41.0 in stage 84.0 (TID 1404)) 5.682ms
[398.486s][info][gc          ] Allocation Stall (Executor task launch worker for task 43.0 in stage 84.0 (TID 1405)) 1.528ms
[398.486s][info][gc          ] Allocation Stall (Executor task launch worker for task 21.0 in stage 84.0 (TID 1387)) 1.454ms
[398.486s][info][gc          ] Allocation Stall (Executor task launch worker for task 1.0 in stage 84.0 (TID 1372)) 2.295ms
[398.486s][info][gc          ] Allocation Stall (Executor task launch worker for task 22.0 in stage 84.0 (TID 1388)) 2.349ms
[398.486s][info][gc          ] Allocation Stall (Executor task launch worker for task 46.0 in stage 84.0 (TID 1419)) 1.468ms
[398.486s][info][gc          ] Allocation Stall (Executor task launch worker for task 18.0 in stage 84.0 (TID 1386)) 2.279ms
[398.486s][info][gc          ] Allocation Stall (Executor task launch worker for task 6.0 in stage 84.0 (TID 1376)) 2.601ms
[398.486s][info][gc          ] Allocation Stall (Executor task launch worker for task 45.0 in stage 84.0 (TID 1418)) 9.974ms
[398.486s][info][gc          ] Allocation Stall (Executor task launch worker for task 10.0 in stage 84.0 (TID 1380)) 9.557ms
[398.486s][info][gc          ] Allocation Stall (Executor task launch worker for task 42.0 in stage 84.0 (TID 1416)) 9.210ms
[398.486s][info][gc          ] Allocation Stall (Executor task launch worker for task 0.0 in stage 84.0 (TID 1407)) 8.961ms
[398.486s][info][gc          ] Allocation Stall (Executor task launch worker for task 23.0 in stage 84.0 (TID 1389)) 8.829ms
[398.486s][info][gc          ] Allocation Stall (Executor task launch worker for task 17.0 in stage 84.0 (TID 1385)) 8.823ms
[398.486s][info][gc          ] Allocation Stall (Executor task launch worker for task 47.0 in stage 84.0 (TID 1406)) 7.752ms
[398.486s][info][gc          ] Allocation Stall (Executor task launch worker for task 40.0 in stage 84.0 (TID 1403)) 7.738ms
[398.486s][info][gc          ] Allocation Stall (Executor task launch worker for task 39.0 in stage 84.0 (TID 1402)) 1.573ms
[398.490s][info][gc          ] Allocation Stall (Executor task launch worker for task 27.0 in stage 84.0 (TID 1392)) 1.920ms
[398.490s][info][gc          ] Allocation Stall (Executor task launch worker for task 4.0 in stage 84.0 (TID 1374)) 0.799ms
[398.490s][info][gc          ] Allocation Stall (Executor task launch worker for task 16.0 in stage 84.0 (TID 1384)) 1.353ms
[398.490s][info][gc          ] Allocation Stall (Executor task launch worker for task 3.0 in stage 84.0 (TID 1408)) 1.004ms
[398.490s][info][gc          ] Allocation Stall (Executor task launch worker for task 7.0 in stage 84.0 (TID 1377)) 3.712ms
[398.490s][info][gc          ] Allocation Stall (Executor task launch worker for task 38.0 in stage 84.0 (TID 1401)) 0.825ms
[398.490s][info][gc          ] Allocation Stall (Executor task launch worker for task 19.0 in stage 84.0 (TID 1411)) 1.185ms
[398.490s][info][gc          ] Allocation Stall (Executor task launch worker for task 15.0 in stage 84.0 (TID 1383)) 5.017ms
[398.490s][info][gc          ] Allocation Stall (Executor task launch worker for task 12.0 in stage 84.0 (TID 1381)) 4.792ms
[398.490s][info][gc          ] Allocation Stall (Executor task launch worker for task 13.0 in stage 84.0 (TID 1382)) 4.766ms
[398.490s][info][gc          ] Allocation Stall (Executor task launch worker for task 25.0 in stage 84.0 (TID 1390)) 4.764ms
[398.490s][info][gc          ] Allocation Stall (Executor task launch worker for task 29.0 in stage 84.0 (TID 1394)) 4.651ms
[398.490s][info][gc          ] Allocation Stall (Executor task launch worker for task 26.0 in stage 84.0 (TID 1391)) 4.407ms
[398.490s][info][gc          ] Allocation Stall (Executor task launch worker for task 5.0 in stage 84.0 (TID 1375)) 4.777ms
[398.490s][info][gc          ] Allocation Stall (Executor task launch worker for task 28.0 in stage 84.0 (TID 1393)) 2.925ms
[398.490s][info][gc          ] Allocation Stall (Executor task launch worker for task 36.0 in stage 84.0 (TID 1399)) 2.316ms
[398.491s][info][gc          ] Allocation Stall (Executor task launch worker for task 20.0 in stage 84.0 (TID 1412)) 0.894ms
[398.491s][info][gc          ] Allocation Stall (Executor task launch worker for task 39.0 in stage 84.0 (TID 1402)) 0.924ms
[398.491s][info][gc          ] Allocation Stall (Executor task launch worker for task 9.0 in stage 84.0 (TID 1379)) 0.953ms
[398.491s][info][gc          ] Allocation Stall (Executor task launch worker for task 8.0 in stage 84.0 (TID 1378)) 0.978ms
[398.551s][info][gc,phases   ] GC(2202) Concurrent Relocate 129.809ms
[398.551s][info][gc,load     ] GC(2202) Load: 0.00/0.00/0.00
[398.551s][info][gc,mmu      ] GC(2202) MMU: 2ms/86.2%, 5ms/94.5%, 10ms/97.2%, 20ms/98.6%, 50ms/99.4%, 100ms/99.6%
[398.551s][info][gc,marking  ] GC(2202) Mark: 8 stripe(s), 3 proactive flush(es), 1 terminate flush(es), 0 completion(s), 0 continuation(s) 
[398.551s][info][gc,marking  ] GC(2202) Mark Stack Usage: 32M
[398.551s][info][gc,nmethod  ] GC(2202) NMethods: 8123 registered, 1321 unregistered
[398.551s][info][gc,metaspace] GC(2202) Metaspace: 120M used, 123M committed, 1152M reserved
[398.551s][info][gc,ref      ] GC(2202) Soft: 2877 encountered, 338 discovered, 0 enqueued
[398.551s][info][gc,ref      ] GC(2202) Weak: 14359 encountered, 2167 discovered, 0 enqueued
[398.551s][info][gc,ref      ] GC(2202) Final: 84 encountered, 0 discovered, 0 enqueued
[398.551s][info][gc,ref      ] GC(2202) Phantom: 764 encountered, 630 discovered, 0 enqueued
[398.551s][info][gc,reloc    ] GC(2202) Small Pages: 388 / 776M, Empty: 606M, Relocated: 3M, In-Place: 0
[398.551s][info][gc,reloc    ] GC(2202) Medium Pages: 36 / 1152M, Empty: 0M, Relocated: 18M, In-Place: 0
[398.551s][info][gc,reloc    ] GC(2202) Large Pages: 7 / 56M, Empty: 0M, Relocated: 0M, In-Place: 0
[398.551s][info][gc,reloc    ] GC(2202) Forwarding Usage: 0M
[398.551s][info][gc,heap     ] GC(2202) Min Capacity: 8M(0%)
[398.551s][info][gc,heap     ] GC(2202) Max Capacity: 2048M(100%)
[398.551s][info][gc,heap     ] GC(2202) Soft Max Capacity: 2048M(100%)
[398.551s][info][gc,heap     ] GC(2202)                Mark Start          Mark End        Relocate Start      Relocate End           High               Low         
[398.551s][info][gc,heap     ] GC(2202)  Capacity:     2048M (100%)       2048M (100%)       2048M (100%)       2048M (100%)       2048M (100%)       2048M (100%)   
[398.551s][info][gc,heap     ] GC(2202)      Free:       64M (3%)            0M (0%)          544M (27%)         104M (5%)          582M (28%)           0M (0%)     
[398.551s][info][gc,heap     ] GC(2202)      Used:     1984M (97%)        2048M (100%)       1504M (73%)        1944M (95%)        2048M (100%)       1466M (72%)    
[398.551s][info][gc,heap     ] GC(2202)      Live:         -              1099M (54%)        1099M (54%)        1099M (54%)            -                  -          
[398.551s][info][gc,heap     ] GC(2202) Allocated:         -                64M (3%)          126M (6%)          664M (32%)            -                  -          
[398.551s][info][gc,heap     ] GC(2202)   Garbage:         -               884M (43%)         278M (14%)         180M (9%)             -                  -          
[398.551s][info][gc,heap     ] GC(2202) Reclaimed:         -                  -               606M (30%)         704M (34%)            -                  -          
[398.551s][info][gc          ] GC(2202) Garbage Collection (Allocation Stall) 1984M(97%)->1944M(95%)
[398.614s][info][gc,start    ] GC(2203) Garbage Collection (Allocation Stall)
[398.615s][info][gc,ref      ] GC(2203) Clearing All SoftReferences
[398.615s][info][gc,task     ] GC(2203) Using 12 workers
[398.615s][info][gc,ref      ] GC(2203) Clearing All SoftReferences
[398.615s][info][gc,phases   ] GC(2203) Pause Mark Start 0.039ms
[398.615s][info][gc          ] Allocation Stall (Executor task launch worker for task 40.0 in stage 84.0 (TID 1403)) 0.761ms
[398.637s][info][gc,phases   ] GC(2203) Concurrent Mark 22.246ms
[398.638s][info][gc,phases   ] GC(2203) Pause Mark End 0.021ms
[398.638s][info][gc,phases   ] GC(2203) Concurrent Mark Free 0.001ms
[398.640s][info][gc,phases   ] GC(2203) Concurrent Process Non-Strong References 2.572ms
[398.640s][info][gc,phases   ] GC(2203) Concurrent Reset Relocation Set 0.006ms
[398.640s][info][gc          ] Allocation Stall (Executor task launch worker for task 29.0 in stage 84.0 (TID 1394)) 24.980ms
[398.640s][info][gc          ] Allocation Stall (Executor task launch worker for task 42.0 in stage 84.0 (TID 1416)) 24.957ms
[398.640s][info][gc          ] Allocation Stall (Executor task launch worker for task 20.0 in stage 84.0 (TID 1412)) 24.925ms
[398.640s][info][gc          ] Allocation Stall (Executor task launch worker for task 1.0 in stage 84.0 (TID 1372)) 24.979ms
[398.640s][info][gc          ] Allocation Stall (Executor task launch worker for task 16.0 in stage 84.0 (TID 1384)) 24.948ms
[398.640s][info][gc          ] Allocation Stall (Executor task launch worker for task 23.0 in stage 84.0 (TID 1389)) 23.307ms
[398.640s][info][gc          ] Allocation Stall (Executor task launch worker for task 3.0 in stage 84.0 (TID 1408)) 24.987ms
[398.640s][info][gc          ] Allocation Stall (Executor task launch worker for task 22.0 in stage 84.0 (TID 1388)) 25.222ms
[398.640s][info][gc          ] Allocation Stall (Executor task launch worker for task 11.0 in stage 84.0 (TID 1409)) 24.962ms
[398.640s][info][gc          ] Allocation Stall (Executor task launch worker for task 47.0 in stage 84.0 (TID 1406)) 23.323ms
[398.640s][info][gc          ] Allocation Stall (Executor task launch worker for task 40.0 in stage 84.0 (TID 1403)) 23.585ms
[398.640s][info][gc          ] Allocation Stall (Executor task launch worker for task 25.0 in stage 84.0 (TID 1390)) 23.469ms
[398.640s][info][gc          ] Allocation Stall (Executor task launch worker for task 21.0 in stage 84.0 (TID 1387)) 23.387ms
[398.640s][info][gc          ] Allocation Stall (Executor task launch worker for task 0.0 in stage 84.0 (TID 1407)) 25.013ms
[398.640s][info][gc          ] Allocation Stall (Executor task launch worker for task 45.0 in stage 84.0 (TID 1418)) 24.978ms
[398.640s][info][gc          ] Allocation Stall (Executor task launch worker for task 24.0 in stage 84.0 (TID 1413)) 24.995ms
[398.640s][info][gc          ] Allocation Stall (Executor task launch worker for task 9.0 in stage 84.0 (TID 1379)) 23.499ms
[398.640s][info][gc          ] Allocation Stall (Executor task launch worker for task 44.0 in stage 84.0 (TID 1417)) 24.986ms
[398.640s][info][gc          ] Allocation Stall (Executor task launch worker for task 36.0 in stage 84.0 (TID 1399)) 23.678ms
[398.640s][info][gc          ] Allocation Stall (Executor task launch worker for task 33.0 in stage 84.0 (TID 1397)) 25.259ms
[398.640s][info][gc          ] Allocation Stall (Executor task launch worker for task 38.0 in stage 84.0 (TID 1401)) 25.214ms
[398.640s][info][gc          ] Allocation Stall (Executor task launch worker for task 31.0 in stage 84.0 (TID 1395)) 23.510ms
[398.640s][info][gc          ] Allocation Stall (Executor task launch worker for task 12.0 in stage 84.0 (TID 1381)) 25.219ms
[398.640s][info][gc          ] Allocation Stall (Executor task launch worker for task 43.0 in stage 84.0 (TID 1405)) 25.047ms
[398.640s][info][gc          ] Allocation Stall (Executor task launch worker for task 18.0 in stage 84.0 (TID 1386)) 25.050ms
[398.640s][info][gc          ] Allocation Stall (Executor task launch worker for task 46.0 in stage 84.0 (TID 1419)) 25.007ms
[398.640s][info][gc          ] Allocation Stall (Executor task launch worker for task 37.0 in stage 84.0 (TID 1400)) 25.026ms
[398.640s][info][gc          ] Allocation Stall (Executor task launch worker for task 27.0 in stage 84.0 (TID 1392)) 25.050ms
[398.640s][info][gc          ] Allocation Stall (Executor task launch worker for task 8.0 in stage 84.0 (TID 1378)) 25.067ms
[398.640s][info][gc          ] Allocation Stall (Executor task launch worker for task 15.0 in stage 84.0 (TID 1383)) 25.087ms
[398.640s][info][gc          ] Allocation Stall (Executor task launch worker for task 35.0 in stage 84.0 (TID 1415)) 25.077ms
[398.640s][info][gc          ] Allocation Stall (Executor task launch worker for task 26.0 in stage 84.0 (TID 1391)) 25.061ms
[398.640s][info][gc          ] Allocation Stall (Executor task launch worker for task 28.0 in stage 84.0 (TID 1393)) 25.074ms
[398.640s][info][gc          ] Allocation Stall (Executor task launch worker for task 2.0 in stage 84.0 (TID 1373)) 25.080ms
[398.640s][info][gc          ] Allocation Stall (Executor task launch worker for task 4.0 in stage 84.0 (TID 1374)) 25.094ms
[398.640s][info][gc          ] Allocation Stall (Executor task launch worker for task 19.0 in stage 84.0 (TID 1411)) 25.101ms
[398.640s][info][gc          ] Allocation Stall (Executor task launch worker for task 17.0 in stage 84.0 (TID 1385)) 25.116ms
[398.640s][info][gc          ] Allocation Stall (Executor task launch worker for task 6.0 in stage 84.0 (TID 1376)) 25.114ms
[398.640s][info][gc          ] Allocation Stall (Executor task launch worker for task 13.0 in stage 84.0 (TID 1382)) 25.111ms
[398.640s][info][gc          ] Allocation Stall (Executor task launch worker for task 34.0 in stage 84.0 (TID 1398)) 25.281ms
[398.640s][info][gc          ] Allocation Stall (Executor task launch worker for task 41.0 in stage 84.0 (TID 1404)) 25.173ms
[398.640s][info][gc          ] Allocation Stall (Executor task launch worker for task 10.0 in stage 84.0 (TID 1380)) 25.237ms
[398.640s][info][gc          ] Allocation Stall (Executor task launch worker for task 5.0 in stage 84.0 (TID 1375)) 25.179ms
[398.640s][info][gc          ] Allocation Stall (Executor task launch worker for task 7.0 in stage 84.0 (TID 1377)) 25.288ms
[398.640s][info][gc          ] Allocation Stall (Executor task launch worker for task 39.0 in stage 84.0 (TID 1402)) 25.303ms
[398.640s][info][gc          ] Allocation Stall (Executor task launch worker for task 32.0 in stage 84.0 (TID 1396)) 25.289ms
[398.640s][info][gc          ] Allocation Stall (Executor task launch worker for task 30.0 in stage 84.0 (TID 1414)) 25.188ms
[398.640s][info][gc          ] Allocation Stall (Executor task launch worker for task 14.0 in stage 84.0 (TID 1410)) 25.187ms
[398.645s][info][gc,phases   ] GC(2203) Concurrent Select Relocation Set 5.040ms
[398.653s][info][gc,phases   ] GC(2203) Pause Relocate Start 0.008ms
[398.706s][info][gc          ] Allocation Stall (Executor task launch worker for task 47.0 in stage 84.0 (TID 1406)) 3.158ms
[398.706s][info][gc          ] Allocation Stall (Executor task launch worker for task 30.0 in stage 84.0 (TID 1414)) 3.210ms
[398.706s][info][gc          ] Allocation Stall (Executor task launch worker for task 9.0 in stage 84.0 (TID 1379)) 3.082ms
[398.706s][info][gc          ] Allocation Stall (Executor task launch worker for task 13.0 in stage 84.0 (TID 1382)) 3.178ms
[398.706s][info][gc          ] Allocation Stall (Executor task launch worker for task 28.0 in stage 84.0 (TID 1393)) 3.158ms
[398.706s][info][gc          ] Allocation Stall (Executor task launch worker for task 6.0 in stage 84.0 (TID 1376)) 3.229ms
[398.706s][info][gc          ] Allocation Stall (Executor task launch worker for task 40.0 in stage 84.0 (TID 1403)) 3.089ms
[398.706s][info][gc          ] Allocation Stall (Executor task launch worker for task 35.0 in stage 84.0 (TID 1415)) 3.235ms
[398.706s][info][gc          ] Allocation Stall (Executor task launch worker for task 18.0 in stage 84.0 (TID 1386)) 3.373ms
[398.706s][info][gc          ] Allocation Stall (Executor task launch worker for task 36.0 in stage 84.0 (TID 1399)) 3.369ms
[398.706s][info][gc          ] Allocation Stall (Executor task launch worker for task 15.0 in stage 84.0 (TID 1383)) 3.362ms
[398.706s][info][gc          ] Allocation Stall (Executor task launch worker for task 22.0 in stage 84.0 (TID 1388)) 3.364ms
[398.706s][info][gc          ] Allocation Stall (Executor task launch worker for task 38.0 in stage 84.0 (TID 1401)) 3.351ms
[398.706s][info][gc          ] Allocation Stall (Executor task launch worker for task 34.0 in stage 84.0 (TID 1398)) 3.345ms
[398.706s][info][gc          ] Allocation Stall (Executor task launch worker for task 1.0 in stage 84.0 (TID 1372)) 3.342ms
[398.706s][info][gc          ] Allocation Stall (Executor task launch worker for task 26.0 in stage 84.0 (TID 1391)) 3.298ms
[398.707s][info][gc          ] Allocation Stall (Executor task launch worker for task 4.0 in stage 84.0 (TID 1374)) 3.679ms
[398.707s][info][gc          ] Allocation Stall (Executor task launch worker for task 7.0 in stage 84.0 (TID 1377)) 3.655ms
[398.707s][info][gc          ] Allocation Stall (Executor task launch worker for task 24.0 in stage 84.0 (TID 1413)) 3.638ms
[398.707s][info][gc          ] Allocation Stall (Executor task launch worker for task 25.0 in stage 84.0 (TID 1390)) 3.676ms
[398.707s][info][gc          ] Allocation Stall (Executor task launch worker for task 5.0 in stage 84.0 (TID 1375)) 3.690ms
[398.707s][info][gc          ] Allocation Stall (Executor task launch worker for task 23.0 in stage 84.0 (TID 1389)) 3.692ms
[398.707s][info][gc          ] Allocation Stall (Executor task launch worker for task 43.0 in stage 84.0 (TID 1405)) 3.686ms
[398.707s][info][gc          ] Allocation Stall (Executor task launch worker for task 10.0 in stage 84.0 (TID 1380)) 3.643ms
[398.707s][info][gc          ] Allocation Stall (Executor task launch worker for task 45.0 in stage 84.0 (TID 1418)) 3.708ms
[398.707s][info][gc          ] Allocation Stall (Executor task launch worker for task 27.0 in stage 84.0 (TID 1392)) 3.774ms
[398.707s][info][gc          ] Allocation Stall (Executor task launch worker for task 44.0 in stage 84.0 (TID 1417)) 3.772ms
[398.707s][info][gc          ] Allocation Stall (Executor task launch worker for task 8.0 in stage 84.0 (TID 1378)) 3.774ms
[398.707s][info][gc          ] Allocation Stall (Executor task launch worker for task 31.0 in stage 84.0 (TID 1395)) 3.753ms
[398.707s][info][gc          ] Allocation Stall (Executor task launch worker for task 16.0 in stage 84.0 (TID 1384)) 3.753ms
[398.707s][info][gc          ] Allocation Stall (Executor task launch worker for task 17.0 in stage 84.0 (TID 1385)) 3.746ms
[398.707s][info][gc          ] Allocation Stall (Executor task launch worker for task 2.0 in stage 84.0 (TID 1373)) 3.733ms
[398.707s][info][gc          ] Allocation Stall (Executor task launch worker for task 12.0 in stage 84.0 (TID 1381)) 3.831ms
[398.707s][info][gc          ] Allocation Stall (Executor task launch worker for task 32.0 in stage 84.0 (TID 1396)) 3.929ms
[398.707s][info][gc          ] Allocation Stall (Executor task launch worker for task 33.0 in stage 84.0 (TID 1397)) 3.937ms
[398.707s][info][gc          ] Allocation Stall (Executor task launch worker for task 41.0 in stage 84.0 (TID 1404)) 3.962ms
[398.707s][info][gc          ] Allocation Stall (Spark Context Cleaner) 3.985ms
[398.707s][info][gc          ] Allocation Stall (Executor task launch worker for task 39.0 in stage 84.0 (TID 1402)) 4.007ms
[398.707s][info][gc          ] Allocation Stall (Executor task launch worker for task 21.0 in stage 84.0 (TID 1387)) 4.037ms
[398.708s][info][gc          ] Allocation Stall (Executor task launch worker for task 14.0 in stage 84.0 (TID 1410)) 4.951ms
[398.708s][info][gc          ] Allocation Stall (Executor task launch worker for task 37.0 in stage 84.0 (TID 1400)) 4.933ms
[398.708s][info][gc          ] Allocation Stall (Executor task launch worker for task 29.0 in stage 84.0 (TID 1394)) 4.686ms
[398.708s][info][gc,phases   ] GC(2203) Concurrent Relocate 39.584ms
[398.708s][info][gc,load     ] GC(2203) Load: 0.00/0.00/0.00
[398.708s][info][gc,mmu      ] GC(2203) MMU: 2ms/86.2%, 5ms/94.5%, 10ms/97.2%, 20ms/98.6%, 50ms/99.4%, 100ms/99.6%
[398.708s][info][gc,marking  ] GC(2203) Mark: 8 stripe(s), 4 proactive flush(es), 1 terminate flush(es), 0 completion(s), 0 continuation(s) 
[398.708s][info][gc,marking  ] GC(2203) Mark Stack Usage: 32M
[398.708s][info][gc,nmethod  ] GC(2203) NMethods: 8123 registered, 1321 unregistered
[398.708s][info][gc,metaspace] GC(2203) Metaspace: 120M used, 123M committed, 1152M reserved
[398.708s][info][gc,ref      ] GC(2203) Soft: 2877 encountered, 469 discovered, 0 enqueued
[398.708s][info][gc,ref      ] GC(2203) Weak: 14359 encountered, 3245 discovered, 1 enqueued
[398.708s][info][gc,ref      ] GC(2203) Final: 84 encountered, 3 discovered, 0 enqueued
[398.708s][info][gc,ref      ] GC(2203) Phantom: 764 encountered, 486 discovered, 0 enqueued
[398.708s][info][gc,reloc    ] GC(2203) Small Pages: 415 / 830M, Empty: 700M, Relocated: 3M, In-Place: 0
[398.708s][info][gc,reloc    ] GC(2203) Medium Pages: 36 / 1152M, Empty: 0M, Relocated: 15M, In-Place: 0
[398.708s][info][gc,reloc    ] GC(2203) Large Pages: 8 / 64M, Empty: 0M, Relocated: 0M, In-Place: 0
[398.708s][info][gc,reloc    ] GC(2203) Forwarding Usage: 0M
[398.708s][info][gc,heap     ] GC(2203) Min Capacity: 8M(0%)
[398.708s][info][gc,heap     ] GC(2203) Max Capacity: 2048M(100%)
[398.708s][info][gc,heap     ] GC(2203) Soft Max Capacity: 2048M(100%)
[398.708s][info][gc,heap     ] GC(2203)                Mark Start          Mark End        Relocate Start      Relocate End           High               Low         
[398.709s][info][gc,heap     ] GC(2203)  Capacity:     2048M (100%)       2048M (100%)       2048M (100%)       2048M (100%)       2048M (100%)       2048M (100%)   
[398.709s][info][gc,heap     ] GC(2203)      Free:        0M (0%)            0M (0%)          588M (29%)          90M (4%)          608M (30%)           0M (0%)     
[398.709s][info][gc,heap     ] GC(2203)      Used:     2048M (100%)       2048M (100%)       1460M (71%)        1958M (96%)        2048M (100%)       1440M (70%)    
[398.709s][info][gc,heap     ] GC(2203)      Live:         -              1104M (54%)        1104M (54%)        1104M (54%)            -                  -          
[398.709s][info][gc,heap     ] GC(2203) Allocated:         -                 0M (0%)          112M (5%)          699M (34%)            -                  -          
[398.709s][info][gc,heap     ] GC(2203)   Garbage:         -               943M (46%)         243M (12%)         154M (8%)             -                  -          
[398.709s][info][gc,heap     ] GC(2203) Reclaimed:         -                  -               700M (34%)         789M (39%)            -                  -          
[398.709s][info][gc          ] GC(2203) Garbage Collection (Allocation Stall) 2048M(100%)->1958M(96%)
[398.747s][info][gc,start    ] GC(2204) Garbage Collection (Allocation Stall)
[398.747s][info][gc,ref      ] GC(2204) Clearing All SoftReferences
[398.747s][info][gc,task     ] GC(2204) Using 12 workers
[398.748s][info][gc,ref      ] GC(2204) Clearing All SoftReferences
[398.748s][info][gc,phases   ] GC(2204) Pause Mark Start 0.085ms
[398.851s][info][gc          ] Allocation Stall (Executor task launch worker for task 17.0 in stage 84.0 (TID 1385)) 1.733ms
[398.851s][info][gc          ] Allocation Stall (Executor task launch worker for task 8.0 in stage 84.0 (TID 1378)) 1.766ms
[398.851s][info][gc          ] Allocation Stall (Executor task launch worker for task 44.0 in stage 84.0 (TID 1417)) 1.699ms
[398.851s][info][gc          ] Allocation Stall (Executor task launch worker for task 29.0 in stage 84.0 (TID 1394)) 1.573ms
[398.852s][info][gc          ] Allocation Stall (Executor task launch worker for task 45.0 in stage 84.0 (TID 1418)) 1.471ms
[398.853s][info][gc          ] Allocation Stall (Executor task launch worker for task 0.0 in stage 84.0 (TID 1407)) 3.205ms
[398.853s][info][gc          ] Allocation Stall (Executor task launch worker for task 33.0 in stage 84.0 (TID 1397)) 3.179ms
[398.853s][info][gc          ] Allocation Stall (Executor task launch worker for task 4.0 in stage 84.0 (TID 1374)) 3.178ms
[398.854s][info][gc          ] Allocation Stall (Executor task launch worker for task 15.0 in stage 84.0 (TID 1383)) 4.095ms
[398.855s][info][gc          ] Allocation Stall (Executor task launch worker for task 23.0 in stage 84.0 (TID 1389)) 4.043ms
[398.855s][info][gc          ] Allocation Stall (Executor task launch worker for task 18.0 in stage 84.0 (TID 1386)) 3.921ms
[398.855s][info][gc          ] Allocation Stall (Executor task launch worker for task 20.0 in stage 84.0 (TID 1412)) 3.945ms
[398.855s][info][gc          ] Allocation Stall (Executor task launch worker for task 40.0 in stage 84.0 (TID 1403)) 3.968ms
[398.855s][info][gc          ] Allocation Stall (Executor task launch worker for task 32.0 in stage 84.0 (TID 1396)) 3.975ms
[398.856s][info][gc          ] Allocation Stall (Executor task launch worker for task 14.0 in stage 84.0 (TID 1410)) 4.976ms
[398.856s][info][gc          ] Allocation Stall (Executor task launch worker for task 21.0 in stage 84.0 (TID 1387)) 4.998ms
[398.856s][info][gc          ] Allocation Stall (Executor task launch worker for task 34.0 in stage 84.0 (TID 1398)) 4.996ms
[398.856s][info][gc          ] Allocation Stall (Executor task launch worker for task 7.0 in stage 84.0 (TID 1377)) 5.002ms
[398.856s][info][gc          ] Allocation Stall (Executor task launch worker for task 5.0 in stage 84.0 (TID 1375)) 5.015ms
[398.903s][info][gc,phases   ] GC(2204) Concurrent Mark 129.910ms
[398.903s][info][gc,phases   ] GC(2204) Pause Mark End 0.030ms
[398.903s][info][gc,phases   ] GC(2204) Concurrent Mark Free 0.001ms
[398.906s][info][gc,phases   ] GC(2204) Concurrent Process Non-Strong References 3.248ms
[398.906s][info][gc,phases   ] GC(2204) Concurrent Reset Relocation Set 0.004ms
[398.907s][info][gc          ] Allocation Stall (Executor task launch worker for task 25.0 in stage 84.0 (TID 1390)) 24.910ms
[398.907s][info][gc          ] Allocation Stall (Executor task launch worker for task 1.0 in stage 84.0 (TID 1372)) 24.420ms
[398.907s][info][gc          ] Allocation Stall (Executor task launch worker for task 10.0 in stage 84.0 (TID 1380)) 24.758ms
[398.907s][info][gc          ] Allocation Stall (Executor task launch worker for task 38.0 in stage 84.0 (TID 1401)) 25.132ms
[398.907s][info][gc          ] Allocation Stall (Executor task launch worker for task 46.0 in stage 84.0 (TID 1419)) 54.889ms
[398.907s][info][gc          ] Allocation Stall (Executor task launch worker for task 18.0 in stage 84.0 (TID 1386)) 24.378ms
[398.907s][info][gc          ] Allocation Stall (Executor task launch worker for task 22.0 in stage 84.0 (TID 1388)) 24.982ms
[398.907s][info][gc          ] Allocation Stall (Executor task launch worker for task 13.0 in stage 84.0 (TID 1382)) 24.788ms
[398.907s][info][gc          ] Allocation Stall (Executor task launch worker for task 8.0 in stage 84.0 (TID 1378)) 24.551ms
[398.907s][info][gc          ] Allocation Stall (Executor task launch worker for task 33.0 in stage 84.0 (TID 1397)) 24.732ms
[398.907s][info][gc          ] Allocation Stall (Executor task launch worker for task 3.0 in stage 84.0 (TID 1408)) 24.965ms
[398.907s][info][gc          ] Allocation Stall (Executor task launch worker for task 19.0 in stage 84.0 (TID 1411)) 53.643ms
[398.907s][info][gc          ] Allocation Stall (Executor task launch worker for task 42.0 in stage 84.0 (TID 1416)) 50.700ms
[398.907s][info][gc          ] Allocation Stall (Executor task launch worker for task 28.0 in stage 84.0 (TID 1393)) 24.595ms
[398.907s][info][gc          ] Allocation Stall (Executor task launch worker for task 17.0 in stage 84.0 (TID 1385)) 24.673ms
[398.907s][info][gc          ] Allocation Stall (Executor task launch worker for task 2.0 in stage 84.0 (TID 1373)) 24.220ms
[398.907s][info][gc          ] Allocation Stall (Executor task launch worker for task 43.0 in stage 84.0 (TID 1405)) 24.907ms
[398.907s][info][gc          ] Allocation Stall (Executor task launch worker for task 45.0 in stage 84.0 (TID 1418)) 52.593ms
[398.907s][info][gc          ] Allocation Stall (Executor task launch worker for task 21.0 in stage 84.0 (TID 1387)) 24.398ms
[398.907s][info][gc          ] Allocation Stall (Executor task launch worker for task 11.0 in stage 84.0 (TID 1409)) 23.108ms
[398.907s][info][gc          ] Allocation Stall (Executor task launch worker for task 4.0 in stage 84.0 (TID 1374)) 23.053ms
[398.907s][info][gc          ] Allocation Stall (Executor task launch worker for task 27.0 in stage 84.0 (TID 1392)) 22.998ms
[398.907s][info][gc          ] Allocation Stall (Executor task launch worker for task 36.0 in stage 84.0 (TID 1399)) 23.045ms
[398.907s][info][gc          ] Allocation Stall (Executor task launch worker for task 23.0 in stage 84.0 (TID 1389)) 23.869ms
[398.907s][info][gc          ] Allocation Stall (Executor task launch worker for task 9.0 in stage 84.0 (TID 1379)) 23.579ms
[398.907s][info][gc          ] Allocation Stall (Executor task launch worker for task 24.0 in stage 84.0 (TID 1413)) 23.189ms
[398.907s][info][gc          ] Allocation Stall (Executor task launch worker for task 41.0 in stage 84.0 (TID 1404)) 23.026ms
[398.907s][info][gc          ] Allocation Stall (Executor task launch worker for task 16.0 in stage 84.0 (TID 1384)) 23.033ms
[398.907s][info][gc          ] Allocation Stall (Executor task launch worker for task 47.0 in stage 84.0 (TID 1406)) 23.201ms
[398.907s][info][gc          ] Allocation Stall (Executor task launch worker for task 37.0 in stage 84.0 (TID 1400)) 24.191ms
[398.907s][info][gc          ] Allocation Stall (Executor task launch worker for task 26.0 in stage 84.0 (TID 1391)) 23.309ms
[398.907s][info][gc          ] Allocation Stall (Executor task launch worker for task 39.0 in stage 84.0 (TID 1402)) 24.256ms
[398.907s][info][gc          ] Allocation Stall (Executor task launch worker for task 0.0 in stage 84.0 (TID 1407)) 22.985ms
[398.907s][info][gc          ] Allocation Stall (Executor task launch worker for task 14.0 in stage 84.0 (TID 1410)) 23.586ms
[398.907s][info][gc          ] Allocation Stall (Executor task launch worker for task 44.0 in stage 84.0 (TID 1417)) 22.996ms
[398.907s][info][gc          ] Allocation Stall (Executor task launch worker for task 7.0 in stage 84.0 (TID 1377)) 23.858ms
[398.907s][info][gc          ] Allocation Stall (Executor task launch worker for task 35.0 in stage 84.0 (TID 1415)) 23.427ms
[398.907s][info][gc          ] Allocation Stall (Executor task launch worker for task 12.0 in stage 84.0 (TID 1381)) 23.618ms
[398.907s][info][gc          ] Allocation Stall (Executor task launch worker for task 40.0 in stage 84.0 (TID 1403)) 24.051ms
[398.907s][info][gc          ] Allocation Stall (Executor task launch worker for task 5.0 in stage 84.0 (TID 1375)) 23.256ms
[398.907s][info][gc          ] Allocation Stall (Executor task launch worker for task 20.0 in stage 84.0 (TID 1412)) 23.499ms
[398.907s][info][gc          ] Allocation Stall (Executor task launch worker for task 15.0 in stage 84.0 (TID 1383)) 23.967ms
[398.907s][info][gc          ] Allocation Stall (Executor task launch worker for task 30.0 in stage 84.0 (TID 1414)) 23.224ms
[398.907s][info][gc          ] Allocation Stall (Executor task launch worker for task 6.0 in stage 84.0 (TID 1376)) 23.586ms
[398.907s][info][gc          ] Allocation Stall (Executor task launch worker for task 31.0 in stage 84.0 (TID 1395)) 23.538ms
[398.907s][info][gc          ] Allocation Stall (Executor task launch worker for task 34.0 in stage 84.0 (TID 1398)) 23.740ms
[398.907s][info][gc          ] Allocation Stall (Executor task launch worker for task 29.0 in stage 84.0 (TID 1394)) 24.048ms
[398.907s][info][gc          ] Allocation Stall (Executor task launch worker for task 32.0 in stage 84.0 (TID 1396)) 24.028ms
[398.971s][info][gc,phases   ] GC(2204) Concurrent Select Relocation Set 64.013ms
[398.971s][info][gc,phases   ] GC(2204) Pause Relocate Start 0.007ms
[398.980s][info][gc,phases   ] GC(2204) Concurrent Relocate 8.926ms
[398.981s][info][gc,load     ] GC(2204) Load: 0.00/0.00/0.00
[398.981s][info][gc,mmu      ] GC(2204) MMU: 2ms/86.2%, 5ms/94.5%, 10ms/97.2%, 20ms/98.6%, 50ms/99.4%, 100ms/99.6%
[398.981s][info][gc,marking  ] GC(2204) Mark: 8 stripe(s), 3 proactive flush(es), 1 terminate flush(es), 0 completion(s), 0 continuation(s) 
[398.981s][info][gc,marking  ] GC(2204) Mark Stack Usage: 32M
[398.981s][info][gc,nmethod  ] GC(2204) NMethods: 8123 registered, 1321 unregistered
[398.981s][info][gc,metaspace] GC(2204) Metaspace: 120M used, 123M committed, 1152M reserved
[398.981s][info][gc,ref      ] GC(2204) Soft: 2877 encountered, 1212 discovered, 0 enqueued
[398.981s][info][gc,ref      ] GC(2204) Weak: 14357 encountered, 3241 discovered, 0 enqueued
[398.981s][info][gc,ref      ] GC(2204) Final: 84 encountered, 0 discovered, 0 enqueued
[398.981s][info][gc,ref      ] GC(2204) Phantom: 764 encountered, 523 discovered, 0 enqueued
[398.981s][info][gc,reloc    ] GC(2204) Small Pages: 342 / 684M, Empty: 526M, Relocated: 5M, In-Place: 0
[398.981s][info][gc,reloc    ] GC(2204) Medium Pages: 36 / 1152M, Empty: 0M, Relocated: 0M, In-Place: 0
[398.981s][info][gc,reloc    ] GC(2204) Large Pages: 8 / 64M, Empty: 32M, Relocated: 0M, In-Place: 0
[398.981s][info][gc,reloc    ] GC(2204) Forwarding Usage: 1M
[398.981s][info][gc,heap     ] GC(2204) Min Capacity: 8M(0%)
[398.981s][info][gc,heap     ] GC(2204) Max Capacity: 2048M(100%)
[398.981s][info][gc,heap     ] GC(2204) Soft Max Capacity: 2048M(100%)
[398.981s][info][gc,heap     ] GC(2204)                Mark Start          Mark End        Relocate Start      Relocate End           High               Low         
[398.981s][info][gc,heap     ] GC(2204)  Capacity:     2048M (100%)       2048M (100%)       2048M (100%)       2048M (100%)       2048M (100%)       2048M (100%)   
[398.981s][info][gc,heap     ] GC(2204)      Free:      148M (7%)            0M (0%)          348M (17%)         298M (15%)         448M (22%)           0M (0%)     
[398.981s][info][gc,heap     ] GC(2204)      Used:     1900M (93%)        2048M (100%)       1700M (83%)        1750M (85%)        2048M (100%)       1600M (78%)    
[398.981s][info][gc,heap     ] GC(2204)      Live:         -              1111M (54%)        1111M (54%)        1111M (54%)            -                  -          
[398.981s][info][gc,heap     ] GC(2204) Allocated:         -               148M (7%)          358M (17%)         475M (23%)            -                  -          
[398.981s][info][gc,heap     ] GC(2204)   Garbage:         -               788M (38%)         230M (11%)         162M (8%)             -                  -          
[398.981s][info][gc,heap     ] GC(2204) Reclaimed:         -                  -               558M (27%)         625M (31%)            -                  -          
[398.981s][info][gc          ] GC(2204) Garbage Collection (Allocation Stall) 1900M(93%)->1750M(85%)
[399.044s][info][gc,start    ] GC(2205) Garbage Collection (Allocation Stall)
[399.044s][info][gc,ref      ] GC(2205) Clearing All SoftReferences
[399.044s][info][gc,task     ] GC(2205) Using 12 workers
[399.045s][info][gc,ref      ] GC(2205) Clearing All SoftReferences
[399.045s][info][gc,phases   ] GC(2205) Pause Mark Start 0.045ms
[399.047s][info][gc          ] Allocation Stall (Executor task launch worker for task 7.0 in stage 84.0 (TID 1377)) 1.645ms
[399.047s][info][gc          ] Allocation Stall (Executor task launch worker for task 34.0 in stage 84.0 (TID 1398)) 1.699ms
[399.047s][info][gc          ] Allocation Stall (Executor task launch worker for task 41.0 in stage 84.0 (TID 1404)) 1.739ms
[399.047s][info][gc          ] Allocation Stall (Executor task launch worker for task 14.0 in stage 84.0 (TID 1410)) 1.796ms
[399.047s][info][gc          ] Allocation Stall (Executor task launch worker for task 1.0 in stage 84.0 (TID 1372)) 1.853ms
[399.047s][info][gc          ] Allocation Stall (Executor task launch worker for task 47.0 in stage 84.0 (TID 1406)) 1.911ms
[399.047s][info][gc          ] Allocation Stall (Executor task launch worker for task 32.0 in stage 84.0 (TID 1396)) 1.959ms
[399.075s][info][gc,phases   ] GC(2205) Concurrent Mark 29.860ms
[399.075s][info][gc,phases   ] GC(2205) Pause Mark End 0.023ms
[399.075s][info][gc,phases   ] GC(2205) Concurrent Mark Free 0.001ms
[399.078s][info][gc,phases   ] GC(2205) Concurrent Process Non-Strong References 3.066ms
[399.078s][info][gc,phases   ] GC(2205) Concurrent Reset Relocation Set 0.006ms
[399.078s][info][gc          ] Allocation Stall (Executor task launch worker for task 11.0 in stage 84.0 (TID 1409)) 28.842ms
[399.078s][info][gc          ] Allocation Stall (Executor task launch worker for task 18.0 in stage 84.0 (TID 1386)) 33.200ms
[399.078s][info][gc          ] Allocation Stall (Executor task launch worker for task 3.0 in stage 84.0 (TID 1408)) 29.073ms
[399.078s][info][gc          ] Allocation Stall (Executor task launch worker for task 28.0 in stage 84.0 (TID 1393)) 33.170ms
[399.078s][info][gc          ] Allocation Stall (Executor task launch worker for task 10.0 in stage 84.0 (TID 1380)) 28.066ms
[399.078s][info][gc          ] Allocation Stall (Executor task launch worker for task 27.0 in stage 84.0 (TID 1392)) 29.053ms
[399.078s][info][gc          ] Allocation Stall (Executor task launch worker for task 35.0 in stage 84.0 (TID 1415)) 17.590ms
[399.078s][info][gc          ] Allocation Stall (Executor task launch worker for task 24.0 in stage 84.0 (TID 1413)) 28.491ms
[399.078s][info][gc          ] Allocation Stall (Executor task launch worker for task 41.0 in stage 84.0 (TID 1404)) 27.578ms
[399.078s][info][gc          ] Allocation Stall (Executor task launch worker for task 32.0 in stage 84.0 (TID 1396)) 28.279ms
[399.078s][info][gc          ] Allocation Stall (Executor task launch worker for task 16.0 in stage 84.0 (TID 1384)) 27.309ms
[399.078s][info][gc          ] Allocation Stall (Executor task launch worker for task 21.0 in stage 84.0 (TID 1387)) 28.244ms
[399.078s][info][gc          ] Allocation Stall (Executor task launch worker for task 37.0 in stage 84.0 (TID 1400)) 33.212ms
[399.078s][info][gc          ] Allocation Stall (Executor task launch worker for task 5.0 in stage 84.0 (TID 1375)) 28.414ms
[399.078s][info][gc          ] Allocation Stall (Executor task launch worker for task 46.0 in stage 84.0 (TID 1419)) 28.226ms
[399.078s][info][gc          ] Allocation Stall (Executor task launch worker for task 4.0 in stage 84.0 (TID 1374)) 33.249ms
[399.078s][info][gc          ] Allocation Stall (Executor task launch worker for task 9.0 in stage 84.0 (TID 1379)) 33.382ms
[399.078s][info][gc          ] Allocation Stall (Executor task launch worker for task 34.0 in stage 84.0 (TID 1398)) 27.578ms
[399.078s][info][gc          ] Allocation Stall (Executor task launch worker for task 38.0 in stage 84.0 (TID 1401)) 33.385ms
[399.078s][info][gc          ] Allocation Stall (Executor task launch worker for task 17.0 in stage 84.0 (TID 1385)) 33.208ms
[399.078s][info][gc          ] Allocation Stall (Executor task launch worker for task 23.0 in stage 84.0 (TID 1389)) 33.383ms
[399.078s][info][gc          ] Allocation Stall (Executor task launch worker for task 8.0 in stage 84.0 (TID 1378)) 33.394ms
[399.078s][info][gc          ] Allocation Stall (Executor task launch worker for task 15.0 in stage 84.0 (TID 1383)) 27.445ms
[399.078s][info][gc          ] Allocation Stall (Executor task launch worker for task 2.0 in stage 84.0 (TID 1373)) 33.277ms
[399.078s][info][gc          ] Allocation Stall (Executor task launch worker for task 39.0 in stage 84.0 (TID 1402)) 28.262ms
[399.078s][info][gc          ] Allocation Stall (Executor task launch worker for task 44.0 in stage 84.0 (TID 1417)) 33.405ms
[399.078s][info][gc          ] Allocation Stall (Executor task launch worker for task 19.0 in stage 84.0 (TID 1411)) 33.419ms
[399.078s][info][gc          ] Allocation Stall (Executor task launch worker for task 6.0 in stage 84.0 (TID 1376)) 33.278ms
[399.078s][info][gc          ] Allocation Stall (Executor task launch worker for task 31.0 in stage 84.0 (TID 1395)) 27.870ms
[399.078s][info][gc          ] Allocation Stall (Executor task launch worker for task 36.0 in stage 84.0 (TID 1399)) 27.408ms
[399.078s][info][gc          ] Allocation Stall (Executor task launch worker for task 13.0 in stage 84.0 (TID 1382)) 29.225ms
[399.078s][info][gc          ] Allocation Stall (Executor task launch worker for task 0.0 in stage 84.0 (TID 1407)) 33.202ms
[399.078s][info][gc          ] Allocation Stall (Executor task launch worker for task 22.0 in stage 84.0 (TID 1388)) 33.171ms
[399.078s][info][gc          ] Allocation Stall (Executor task launch worker for task 45.0 in stage 84.0 (TID 1418)) 27.392ms
[399.078s][info][gc          ] Allocation Stall (Executor task launch worker for task 26.0 in stage 84.0 (TID 1391)) 28.240ms
[399.078s][info][gc          ] Allocation Stall (Executor task launch worker for task 12.0 in stage 84.0 (TID 1381)) 33.422ms
[399.078s][info][gc          ] Allocation Stall (Executor task launch worker for task 1.0 in stage 84.0 (TID 1372)) 28.926ms
[399.078s][info][gc          ] Allocation Stall (Executor task launch worker for task 25.0 in stage 84.0 (TID 1390)) 33.292ms
[399.078s][info][gc          ] Allocation Stall (Executor task launch worker for task 40.0 in stage 84.0 (TID 1403)) 33.435ms
[399.078s][info][gc          ] Allocation Stall (Executor task launch worker for task 29.0 in stage 84.0 (TID 1394)) 29.032ms
[399.078s][info][gc          ] Allocation Stall (Executor task launch worker for task 33.0 in stage 84.0 (TID 1397)) 33.439ms
[399.078s][info][gc          ] Allocation Stall (Executor task launch worker for task 20.0 in stage 84.0 (TID 1412)) 27.325ms
[399.078s][info][gc          ] Allocation Stall (Executor task launch worker for task 14.0 in stage 84.0 (TID 1410)) 28.797ms
[399.078s][info][gc          ] Allocation Stall (Executor task launch worker for task 43.0 in stage 84.0 (TID 1405)) 33.299ms
[399.078s][info][gc          ] Allocation Stall (Executor task launch worker for task 47.0 in stage 84.0 (TID 1406)) 27.542ms
[399.078s][info][gc          ] Allocation Stall (Executor task launch worker for task 7.0 in stage 84.0 (TID 1377)) 27.872ms
[399.078s][info][gc          ] Allocation Stall (Executor task launch worker for task 42.0 in stage 84.0 (TID 1416)) 33.149ms
[399.078s][info][gc          ] Allocation Stall (Executor task launch worker for task 30.0 in stage 84.0 (TID 1414)) 33.470ms
[399.083s][info][gc,phases   ] GC(2205) Concurrent Select Relocation Set 4.713ms
[399.084s][info][gc,phases   ] GC(2205) Pause Relocate Start 0.007ms
[399.146s][info][gc          ] Allocation Stall (Executor task launch worker for task 15.0 in stage 84.0 (TID 1383)) 3.599ms
[399.146s][info][gc          ] Allocation Stall (Executor task launch worker for task 29.0 in stage 84.0 (TID 1394)) 3.623ms
[399.146s][info][gc          ] Allocation Stall (Executor task launch worker for task 37.0 in stage 84.0 (TID 1400)) 3.566ms
[399.146s][info][gc          ] Allocation Stall (Executor task launch worker for task 17.0 in stage 84.0 (TID 1385)) 3.564ms
[399.146s][info][gc          ] Allocation Stall (Executor task launch worker for task 28.0 in stage 84.0 (TID 1393)) 3.600ms
[399.146s][info][gc          ] Allocation Stall (Executor task launch worker for task 12.0 in stage 84.0 (TID 1381)) 3.589ms
[399.146s][info][gc          ] Allocation Stall (Executor task launch worker for task 40.0 in stage 84.0 (TID 1403)) 3.565ms
[399.146s][info][gc          ] Allocation Stall (Executor task launch worker for task 25.0 in stage 84.0 (TID 1390)) 3.533ms
[399.147s][info][gc          ] Allocation Stall (Executor task launch worker for task 22.0 in stage 84.0 (TID 1388)) 3.565ms
[399.147s][info][gc          ] Allocation Stall (Executor task launch worker for task 10.0 in stage 84.0 (TID 1380)) 3.546ms
[399.147s][info][gc          ] Allocation Stall (Executor task launch worker for task 6.0 in stage 84.0 (TID 1376)) 3.546ms
[399.147s][info][gc          ] Allocation Stall (Executor task launch worker for task 43.0 in stage 84.0 (TID 1405)) 3.558ms
[399.147s][info][gc          ] Allocation Stall (Executor task launch worker for task 38.0 in stage 84.0 (TID 1401)) 3.543ms
[399.147s][info][gc          ] Allocation Stall (Executor task launch worker for task 41.0 in stage 84.0 (TID 1404)) 3.550ms
[399.147s][info][gc          ] Allocation Stall (Executor task launch worker for task 45.0 in stage 84.0 (TID 1418)) 3.535ms
[399.147s][info][gc          ] Allocation Stall (Executor task launch worker for task 21.0 in stage 84.0 (TID 1387)) 3.644ms
[399.147s][info][gc          ] Allocation Stall (Executor task launch worker for task 30.0 in stage 84.0 (TID 1414)) 3.926ms
[399.147s][info][gc          ] Allocation Stall (Executor task launch worker for task 18.0 in stage 84.0 (TID 1386)) 3.811ms
[399.147s][info][gc          ] Allocation Stall (Executor task launch worker for task 16.0 in stage 84.0 (TID 1384)) 3.817ms
[399.147s][info][gc          ] Allocation Stall (Executor task launch worker for task 36.0 in stage 84.0 (TID 1399)) 3.851ms
[399.147s][info][gc          ] Allocation Stall (Executor task launch worker for task 7.0 in stage 84.0 (TID 1377)) 3.829ms
[399.147s][info][gc          ] Allocation Stall (Executor task launch worker for task 35.0 in stage 84.0 (TID 1415)) 3.676ms
[399.147s][info][gc          ] Allocation Stall (Executor task launch worker for task 13.0 in stage 84.0 (TID 1382)) 3.839ms
[399.147s][info][gc          ] Allocation Stall (Executor task launch worker for task 2.0 in stage 84.0 (TID 1373)) 3.708ms
[399.147s][info][gc          ] Allocation Stall (Executor task launch worker for task 26.0 in stage 84.0 (TID 1391)) 3.956ms
[399.147s][info][gc          ] Allocation Stall (Executor task launch worker for task 33.0 in stage 84.0 (TID 1397)) 3.969ms
[399.147s][info][gc          ] Allocation Stall (Executor task launch worker for task 4.0 in stage 84.0 (TID 1374)) 3.667ms
[399.147s][info][gc          ] Allocation Stall (Executor task launch worker for task 1.0 in stage 84.0 (TID 1372)) 3.653ms
[399.147s][info][gc          ] Allocation Stall (Executor task launch worker for task 47.0 in stage 84.0 (TID 1406)) 3.668ms
[399.147s][info][gc          ] Allocation Stall (Executor task launch worker for task 9.0 in stage 84.0 (TID 1379)) 3.654ms
[399.147s][info][gc          ] Allocation Stall (Executor task launch worker for task 34.0 in stage 84.0 (TID 1398)) 3.658ms
[399.147s][info][gc          ] Allocation Stall (Executor task launch worker for task 39.0 in stage 84.0 (TID 1402)) 3.654ms
[399.147s][info][gc          ] Allocation Stall (Executor task launch worker for task 32.0 in stage 84.0 (TID 1396)) 3.896ms
[399.147s][info][gc          ] Allocation Stall (Executor task launch worker for task 23.0 in stage 84.0 (TID 1389)) 4.272ms
[399.147s][info][gc          ] Allocation Stall (Executor task launch worker for task 5.0 in stage 84.0 (TID 1375)) 4.299ms
[399.147s][info][gc          ] Allocation Stall (Executor task launch worker for task 31.0 in stage 84.0 (TID 1395)) 4.321ms
[399.147s][info][gc          ] Allocation Stall (Executor task launch worker for task 8.0 in stage 84.0 (TID 1378)) 4.332ms
[399.147s][info][gc          ] Allocation Stall (Executor task launch worker for task 27.0 in stage 84.0 (TID 1392)) 4.356ms
[399.175s][info][gc          ] Allocation Stall (Executor task launch worker for task 14.0 in stage 84.0 (TID 1410)) 9.588ms
[399.176s][info][gc          ] Allocation Stall (Executor task launch worker for task 32.0 in stage 84.0 (TID 1396)) 4.737ms
[399.176s][info][gc          ] Allocation Stall (Executor task launch worker for task 12.0 in stage 84.0 (TID 1381)) 5.045ms
[399.176s][info][gc          ] Allocation Stall (Executor task launch worker for task 25.0 in stage 84.0 (TID 1390)) 4.210ms
[399.176s][info][gc          ] Allocation Stall (Executor task launch worker for task 29.0 in stage 84.0 (TID 1394)) 4.257ms
[399.176s][info][gc          ] Allocation Stall (Executor task launch worker for task 43.0 in stage 84.0 (TID 1405)) 4.118ms
[399.176s][info][gc          ] Allocation Stall (Executor task launch worker for task 8.0 in stage 84.0 (TID 1378)) 4.868ms
[399.176s][info][gc          ] Allocation Stall (Executor task launch worker for task 18.0 in stage 84.0 (TID 1386)) 3.727ms
[399.176s][info][gc          ] Allocation Stall (Executor task launch worker for task 31.0 in stage 84.0 (TID 1395)) 4.485ms
[399.176s][info][gc          ] Allocation Stall (Executor task launch worker for task 10.0 in stage 84.0 (TID 1380)) 0.382ms
[399.182s][info][gc          ] Allocation Stall (Executor task launch worker for task 20.0 in stage 84.0 (TID 1412)) 0.256ms
[399.182s][info][gc          ] Allocation Stall (Executor task launch worker for task 3.0 in stage 84.0 (TID 1408)) 0.275ms
[399.182s][info][gc          ] Allocation Stall (Executor task launch worker for task 13.0 in stage 84.0 (TID 1382)) 0.296ms
[399.285s][info][gc,phases   ] GC(2205) Concurrent Relocate 201.133ms
[399.285s][info][gc,load     ] GC(2205) Load: 0.00/0.00/0.00
[399.285s][info][gc,mmu      ] GC(2205) MMU: 2ms/86.2%, 5ms/94.5%, 10ms/97.2%, 20ms/98.6%, 50ms/99.4%, 100ms/99.6%
[399.285s][info][gc,marking  ] GC(2205) Mark: 8 stripe(s), 3 proactive flush(es), 1 terminate flush(es), 0 completion(s), 0 continuation(s) 
[399.285s][info][gc,marking  ] GC(2205) Mark Stack Usage: 32M
[399.285s][info][gc,nmethod  ] GC(2205) NMethods: 8123 registered, 1321 unregistered
[399.285s][info][gc,metaspace] GC(2205) Metaspace: 120M used, 123M committed, 1152M reserved
[399.285s][info][gc,ref      ] GC(2205) Soft: 2877 encountered, 656 discovered, 0 enqueued
[399.285s][info][gc,ref      ] GC(2205) Weak: 14361 encountered, 1350 discovered, 3 enqueued
[399.285s][info][gc,ref      ] GC(2205) Final: 84 encountered, 0 discovered, 0 enqueued
[399.285s][info][gc,ref      ] GC(2205) Phantom: 764 encountered, 572 discovered, 0 enqueued
[399.285s][info][gc,reloc    ] GC(2205) Small Pages: 400 / 800M, Empty: 618M, Relocated: 2M, In-Place: 0
[399.285s][info][gc,reloc    ] GC(2205) Medium Pages: 37 / 1184M, Empty: 0M, Relocated: 22M, In-Place: 0
[399.285s][info][gc,reloc    ] GC(2205) Large Pages: 7 / 56M, Empty: 24M, Relocated: 0M, In-Place: 0
[399.285s][info][gc,reloc    ] GC(2205) Forwarding Usage: 0M
[399.285s][info][gc,heap     ] GC(2205) Min Capacity: 8M(0%)
[399.285s][info][gc,heap     ] GC(2205) Max Capacity: 2048M(100%)
[399.285s][info][gc,heap     ] GC(2205) Soft Max Capacity: 2048M(100%)
[399.285s][info][gc,heap     ] GC(2205)                Mark Start          Mark End        Relocate Start      Relocate End           High               Low         
[399.285s][info][gc,heap     ] GC(2205)  Capacity:     2048M (100%)       2048M (100%)       2048M (100%)       2048M (100%)       2048M (100%)       2048M (100%)   
[399.285s][info][gc,heap     ] GC(2205)      Free:        8M (0%)            0M (0%)          614M (30%)         158M (8%)          660M (32%)           0M (0%)     
[399.285s][info][gc,heap     ] GC(2205)      Used:     2040M (100%)       2048M (100%)       1434M (70%)        1890M (92%)        2048M (100%)       1388M (68%)    
[399.285s][info][gc,heap     ] GC(2205)      Live:         -              1099M (54%)        1099M (54%)        1099M (54%)            -                  -          
[399.285s][info][gc,heap     ] GC(2205) Allocated:         -                 8M (0%)           36M (2%)          608M (30%)            -                  -          
[399.285s][info][gc,heap     ] GC(2205)   Garbage:         -               940M (46%)         298M (15%)         181M (9%)             -                  -          
[399.285s][info][gc,heap     ] GC(2205) Reclaimed:         -                  -               642M (31%)         758M (37%)            -                  -          
[399.285s][info][gc          ] GC(2205) Garbage Collection (Allocation Stall) 2040M(100%)->1890M(92%)
[399.349s][info][gc,start    ] GC(2206) Garbage Collection (Allocation Stall)
[399.349s][info][gc,ref      ] GC(2206) Clearing All SoftReferences
[399.349s][info][gc,task     ] GC(2206) Using 12 workers
[399.349s][info][gc,ref      ] GC(2206) Clearing All SoftReferences
[399.349s][info][gc,phases   ] GC(2206) Pause Mark Start 0.044ms
[399.360s][info][gc          ] Allocation Stall (Executor task launch worker for task 24.0 in stage 84.0 (TID 1413)) 1.106ms
[399.360s][info][gc          ] Allocation Stall (Executor task launch worker for task 13.0 in stage 84.0 (TID 1382)) 1.124ms
[399.360s][info][gc          ] Allocation Stall (Executor task launch worker for task 29.0 in stage 84.0 (TID 1394)) 1.118ms
[399.360s][info][gc          ] Allocation Stall (Executor task launch worker for task 14.0 in stage 84.0 (TID 1410)) 1.160ms
[399.360s][info][gc          ] Allocation Stall (Executor task launch worker for task 2.0 in stage 84.0 (TID 1373)) 1.212ms
[399.360s][info][gc          ] Allocation Stall (Executor task launch worker for task 12.0 in stage 84.0 (TID 1381)) 1.081ms
[399.360s][info][gc          ] Allocation Stall (Executor task launch worker for task 21.0 in stage 84.0 (TID 1387)) 1.015ms
[399.360s][info][gc          ] Allocation Stall (Executor task launch worker for task 1.0 in stage 84.0 (TID 1372)) 1.015ms
[399.360s][info][gc          ] Allocation Stall (Executor task launch worker for task 42.0 in stage 84.0 (TID 1416)) 0.981ms
[399.360s][info][gc          ] Allocation Stall (Executor task launch worker for task 17.0 in stage 84.0 (TID 1385)) 0.938ms
[399.360s][info][gc          ] Allocation Stall (Executor task launch worker for task 34.0 in stage 84.0 (TID 1398)) 0.984ms
[399.360s][info][gc          ] Allocation Stall (Executor task launch worker for task 43.0 in stage 84.0 (TID 1405)) 1.006ms
[399.361s][info][gc          ] Allocation Stall (Executor task launch worker for task 0.0 in stage 84.0 (TID 1407)) 1.643ms
[399.361s][info][gc          ] Allocation Stall (Executor task launch worker for task 38.0 in stage 84.0 (TID 1401)) 1.644ms
[399.427s][info][gc,phases   ] GC(2206) Concurrent Mark 70.784ms
[399.427s][info][gc,phases   ] GC(2206) Pause Mark End 0.020ms
[399.427s][info][gc,phases   ] GC(2206) Concurrent Mark Free 0.001ms
[399.431s][info][gc,phases   ] GC(2206) Concurrent Process Non-Strong References 3.228ms
[399.431s][info][gc,phases   ] GC(2206) Concurrent Reset Relocation Set 0.008ms
[399.431s][info][gc          ] Allocation Stall (Executor task launch worker for task 26.0 in stage 84.0 (TID 1391)) 26.811ms
[399.431s][info][gc          ] Allocation Stall (Executor task launch worker for task 4.0 in stage 84.0 (TID 1374)) 26.598ms
[399.431s][info][gc          ] Allocation Stall (Executor task launch worker for task 15.0 in stage 84.0 (TID 1383)) 26.422ms
[399.431s][info][gc          ] Allocation Stall (Executor task launch worker for task 6.0 in stage 84.0 (TID 1376)) 26.761ms
[399.431s][info][gc          ] Allocation Stall (Executor task launch worker for task 11.0 in stage 84.0 (TID 1409)) 26.212ms
[399.431s][info][gc          ] Allocation Stall (Executor task launch worker for task 17.0 in stage 84.0 (TID 1385)) 26.861ms
[399.431s][info][gc          ] Allocation Stall (Executor task launch worker for task 28.0 in stage 84.0 (TID 1393)) 26.128ms
[399.431s][info][gc          ] Allocation Stall (Executor task launch worker for task 36.0 in stage 84.0 (TID 1399)) 26.748ms
[399.431s][info][gc          ] Allocation Stall (Executor task launch worker for task 20.0 in stage 84.0 (TID 1412)) 26.302ms
[399.431s][info][gc          ] Allocation Stall (Executor task launch worker for task 23.0 in stage 84.0 (TID 1389)) 26.660ms
[399.431s][info][gc          ] Allocation Stall (Executor task launch worker for task 32.0 in stage 84.0 (TID 1396)) 26.566ms
[399.431s][info][gc          ] Allocation Stall (Executor task launch worker for task 3.0 in stage 84.0 (TID 1408)) 40.753ms
[399.431s][info][gc          ] Allocation Stall (Executor task launch worker for task 38.0 in stage 84.0 (TID 1401)) 26.227ms
[399.431s][info][gc          ] Allocation Stall (Executor task launch worker for task 44.0 in stage 84.0 (TID 1417)) 26.768ms
[399.431s][info][gc          ] Allocation Stall (Executor task launch worker for task 35.0 in stage 84.0 (TID 1415)) 26.322ms
[399.431s][info][gc          ] Allocation Stall (Executor task launch worker for task 43.0 in stage 84.0 (TID 1405)) 27.708ms
[399.431s][info][gc          ] Allocation Stall (Executor task launch worker for task 5.0 in stage 84.0 (TID 1375)) 26.865ms
[399.431s][info][gc          ] Allocation Stall (Executor task launch worker for task 13.0 in stage 84.0 (TID 1382)) 26.643ms
[399.431s][info][gc          ] Allocation Stall (Executor task launch worker for task 47.0 in stage 84.0 (TID 1406)) 26.499ms
[399.431s][info][gc          ] Allocation Stall (Executor task launch worker for task 29.0 in stage 84.0 (TID 1394)) 27.188ms
[399.431s][info][gc          ] Allocation Stall (Executor task launch worker for task 19.0 in stage 84.0 (TID 1411)) 27.378ms
[399.431s][info][gc          ] Allocation Stall (Executor task launch worker for task 27.0 in stage 84.0 (TID 1392)) 26.421ms
[399.431s][info][gc          ] Allocation Stall (Executor task launch worker for task 1.0 in stage 84.0 (TID 1372)) 29.318ms
[399.431s][info][gc          ] Allocation Stall (Executor task launch worker for task 12.0 in stage 84.0 (TID 1381)) 27.139ms
[399.431s][info][gc          ] Allocation Stall (Executor task launch worker for task 41.0 in stage 84.0 (TID 1404)) 26.743ms
[399.431s][info][gc          ] Allocation Stall (Executor task launch worker for task 46.0 in stage 84.0 (TID 1419)) 28.363ms
[399.431s][info][gc          ] Allocation Stall (Executor task launch worker for task 2.0 in stage 84.0 (TID 1373)) 28.060ms
[399.431s][info][gc          ] Allocation Stall (Executor task launch worker for task 18.0 in stage 84.0 (TID 1386)) 26.788ms
[399.431s][info][gc          ] Allocation Stall (Executor task launch worker for task 0.0 in stage 84.0 (TID 1407)) 26.322ms
[399.431s][info][gc          ] Allocation Stall (Executor task launch worker for task 25.0 in stage 84.0 (TID 1390)) 27.109ms
[399.431s][info][gc          ] Allocation Stall (Executor task launch worker for task 24.0 in stage 84.0 (TID 1413)) 27.589ms
[399.431s][info][gc          ] Allocation Stall (Executor task launch worker for task 45.0 in stage 84.0 (TID 1418)) 27.733ms
[399.431s][info][gc          ] Allocation Stall (Executor task launch worker for task 40.0 in stage 84.0 (TID 1403)) 28.345ms
[399.431s][info][gc          ] Allocation Stall (Executor task launch worker for task 31.0 in stage 84.0 (TID 1395)) 27.603ms
[399.431s][info][gc          ] Allocation Stall (Executor task launch worker for task 30.0 in stage 84.0 (TID 1414)) 26.802ms
[399.431s][info][gc          ] Allocation Stall (Executor task launch worker for task 8.0 in stage 84.0 (TID 1378)) 27.676ms
[399.431s][info][gc          ] Allocation Stall (Executor task launch worker for task 9.0 in stage 84.0 (TID 1379)) 28.399ms
[399.431s][info][gc          ] Allocation Stall (Executor task launch worker for task 22.0 in stage 84.0 (TID 1388)) 28.130ms
[399.431s][info][gc          ] Allocation Stall (Executor task launch worker for task 34.0 in stage 84.0 (TID 1398)) 27.340ms
[399.431s][info][gc          ] Allocation Stall (Executor task launch worker for task 39.0 in stage 84.0 (TID 1402)) 27.273ms
[399.431s][info][gc          ] Allocation Stall (Executor task launch worker for task 16.0 in stage 84.0 (TID 1384)) 26.691ms
[399.431s][info][gc          ] Allocation Stall (Executor task launch worker for task 42.0 in stage 84.0 (TID 1416)) 27.488ms
[399.431s][info][gc          ] Allocation Stall (Executor task launch worker for task 10.0 in stage 84.0 (TID 1380)) 28.948ms
[399.431s][info][gc          ] Allocation Stall (Executor task launch worker for task 37.0 in stage 84.0 (TID 1400)) 27.221ms
[399.431s][info][gc          ] Allocation Stall (Executor task launch worker for task 21.0 in stage 84.0 (TID 1387)) 27.796ms
[399.431s][info][gc          ] Allocation Stall (Executor task launch worker for task 14.0 in stage 84.0 (TID 1410)) 27.031ms
[399.431s][info][gc          ] Allocation Stall (Executor task launch worker for task 33.0 in stage 84.0 (TID 1397)) 27.953ms
[399.431s][info][gc          ] Allocation Stall (Executor task launch worker for task 7.0 in stage 84.0 (TID 1377)) 26.490ms
[399.435s][info][gc,phases   ] GC(2206) Concurrent Select Relocation Set 3.927ms
[399.443s][info][gc,phases   ] GC(2206) Pause Relocate Start 0.007ms
[399.501s][info][gc          ] Allocation Stall (Executor task launch worker for task 13.0 in stage 84.0 (TID 1382)) 2.109ms
[399.501s][info][gc          ] Allocation Stall (Executor task launch worker for task 17.0 in stage 84.0 (TID 1385)) 2.163ms
[399.501s][info][gc          ] Allocation Stall (Executor task launch worker for task 7.0 in stage 84.0 (TID 1377)) 2.158ms
[399.501s][info][gc          ] Allocation Stall (Executor task launch worker for task 26.0 in stage 84.0 (TID 1391)) 2.168ms
[399.501s][info][gc          ] Allocation Stall (Executor task launch worker for task 43.0 in stage 84.0 (TID 1405)) 2.171ms
[399.501s][info][gc          ] Allocation Stall (Executor task launch worker for task 2.0 in stage 84.0 (TID 1373)) 2.184ms
[399.501s][info][gc          ] Allocation Stall (Executor task launch worker for task 23.0 in stage 84.0 (TID 1389)) 2.214ms
[399.502s][info][gc          ] Allocation Stall (Executor task launch worker for task 24.0 in stage 84.0 (TID 1413)) 3.558ms
[399.503s][info][gc          ] Allocation Stall (Executor task launch worker for task 1.0 in stage 84.0 (TID 1372)) 3.895ms
[399.503s][info][gc          ] Allocation Stall (Executor task launch worker for task 6.0 in stage 84.0 (TID 1376)) 4.013ms
[399.503s][info][gc          ] Allocation Stall (Executor task launch worker for task 0.0 in stage 84.0 (TID 1407)) 4.048ms
[399.503s][info][gc          ] Allocation Stall (Executor task launch worker for task 29.0 in stage 84.0 (TID 1394)) 4.097ms
[399.503s][info][gc          ] Allocation Stall (Executor task launch worker for task 35.0 in stage 84.0 (TID 1415)) 4.016ms
[399.503s][info][gc          ] Allocation Stall (Executor task launch worker for task 10.0 in stage 84.0 (TID 1380)) 4.035ms
[399.503s][info][gc          ] Allocation Stall (Executor task launch worker for task 4.0 in stage 84.0 (TID 1374)) 4.041ms
[399.503s][info][gc          ] Allocation Stall (Executor task launch worker for task 32.0 in stage 84.0 (TID 1396)) 4.088ms
[399.503s][info][gc          ] Allocation Stall (Executor task launch worker for task 18.0 in stage 84.0 (TID 1386)) 4.077ms
[399.503s][info][gc          ] Allocation Stall (Executor task launch worker for task 12.0 in stage 84.0 (TID 1381)) 4.039ms
[399.503s][info][gc          ] Allocation Stall (Executor task launch worker for task 36.0 in stage 84.0 (TID 1399)) 3.885ms
[399.503s][info][gc          ] Allocation Stall (Executor task launch worker for task 27.0 in stage 84.0 (TID 1392)) 3.927ms
[399.503s][info][gc          ] Allocation Stall (Executor task launch worker for task 38.0 in stage 84.0 (TID 1401)) 4.027ms
[399.503s][info][gc          ] Allocation Stall (Executor task launch worker for task 25.0 in stage 84.0 (TID 1390)) 3.863ms
[399.503s][info][gc          ] Allocation Stall (Executor task launch worker for task 46.0 in stage 84.0 (TID 1419)) 3.837ms
[399.504s][info][gc          ] Allocation Stall (Executor task launch worker for task 33.0 in stage 84.0 (TID 1397)) 3.851ms
[399.504s][info][gc          ] Allocation Stall (Executor task launch worker for task 21.0 in stage 84.0 (TID 1387)) 3.889ms
[399.504s][info][gc          ] Allocation Stall (Executor task launch worker for task 14.0 in stage 84.0 (TID 1410)) 3.875ms
[399.507s][info][gc          ] Allocation Stall (Executor task launch worker for task 37.0 in stage 84.0 (TID 1400)) 6.951ms
[399.507s][info][gc          ] Allocation Stall (Executor task launch worker for task 19.0 in stage 84.0 (TID 1411)) 7.292ms
[399.507s][info][gc          ] Allocation Stall (Executor task launch worker for task 47.0 in stage 84.0 (TID 1406)) 7.331ms
[399.507s][info][gc          ] Allocation Stall (Executor task launch worker for task 42.0 in stage 84.0 (TID 1416)) 7.369ms
[399.507s][info][gc          ] Allocation Stall (Executor task launch worker for task 3.0 in stage 84.0 (TID 1408)) 7.380ms
[399.507s][info][gc          ] Allocation Stall (Executor task launch worker for task 13.0 in stage 84.0 (TID 1382)) 4.333ms
[399.527s][info][gc          ] Allocation Stall (Executor task launch worker for task 5.0 in stage 84.0 (TID 1375)) 7.146ms
[399.527s][info][gc          ] Allocation Stall (Executor task launch worker for task 6.0 in stage 84.0 (TID 1376)) 7.390ms
[399.527s][info][gc          ] Allocation Stall (Executor task launch worker for task 14.0 in stage 84.0 (TID 1410)) 7.169ms
[399.527s][info][gc          ] Allocation Stall (Executor task launch worker for task 1.0 in stage 84.0 (TID 1372)) 7.375ms
[399.527s][info][gc          ] Allocation Stall (Executor task launch worker for task 35.0 in stage 84.0 (TID 1415)) 7.293ms
[399.527s][info][gc          ] Allocation Stall (Executor task launch worker for task 7.0 in stage 84.0 (TID 1377)) 6.962ms
[399.527s][info][gc          ] Allocation Stall (Executor task launch worker for task 31.0 in stage 84.0 (TID 1395)) 7.228ms
[399.527s][info][gc          ] Allocation Stall (Executor task launch worker for task 18.0 in stage 84.0 (TID 1386)) 7.125ms
[399.527s][info][gc          ] Allocation Stall (Executor task launch worker for task 17.0 in stage 84.0 (TID 1385)) 14.352ms
[399.527s][info][gc          ] Allocation Stall (Executor task launch worker for task 43.0 in stage 84.0 (TID 1405)) 13.869ms
[399.527s][info][gc          ] Allocation Stall (Executor task launch worker for task 21.0 in stage 84.0 (TID 1387)) 12.767ms
[399.527s][info][gc,phases   ] GC(2206) Concurrent Relocate 84.178ms
[399.527s][info][gc          ] Allocation Stall (Executor task launch worker for task 9.0 in stage 84.0 (TID 1379)) 12.171ms
[399.527s][info][gc          ] Allocation Stall (Executor task launch worker for task 13.0 in stage 84.0 (TID 1382)) 8.604ms
[399.527s][info][gc          ] Allocation Stall (Executor task launch worker for task 22.0 in stage 84.0 (TID 1388)) 8.412ms
[399.527s][info][gc          ] Allocation Stall (Executor task launch worker for task 41.0 in stage 84.0 (TID 1404)) 8.528ms
[399.527s][info][gc          ] Allocation Stall (Executor task launch worker for task 29.0 in stage 84.0 (TID 1394)) 7.432ms
[399.527s][info][gc          ] Allocation Stall (Executor task launch worker for task 20.0 in stage 84.0 (TID 1412)) 7.297ms
[399.527s][info][gc,load     ] GC(2206) Load: 0.00/0.00/0.00
[399.528s][info][gc          ] Allocation Stall (Executor task launch worker for task 4.0 in stage 84.0 (TID 1374)) 7.397ms
[399.528s][info][gc          ] Allocation Stall (Executor task launch worker for task 28.0 in stage 84.0 (TID 1393)) 7.328ms
[399.528s][info][gc,mmu      ] GC(2206) MMU: 2ms/86.2%, 5ms/94.5%, 10ms/97.2%, 20ms/98.6%, 50ms/99.4%, 100ms/99.6%
[399.528s][info][gc          ] Allocation Stall (Executor task launch worker for task 10.0 in stage 84.0 (TID 1380)) 7.294ms
[399.528s][info][gc          ] Allocation Stall (Executor task launch worker for task 16.0 in stage 84.0 (TID 1384)) 7.262ms
[399.528s][info][gc,marking  ] GC(2206) Mark: 8 stripe(s), 2 proactive flush(es), 1 terminate flush(es), 0 completion(s), 0 continuation(s) 
[399.528s][info][gc          ] Allocation Stall (Executor task launch worker for task 36.0 in stage 84.0 (TID 1399)) 7.158ms
[399.528s][info][gc          ] Allocation Stall (Executor task launch worker for task 0.0 in stage 84.0 (TID 1407)) 7.074ms
[399.528s][info][gc,marking  ] GC(2206) Mark Stack Usage: 32M
[399.528s][info][gc          ] Allocation Stall (Executor task launch worker for task 39.0 in stage 84.0 (TID 1402)) 7.071ms
[399.528s][info][gc          ] Allocation Stall (Executor task launch worker for task 23.0 in stage 84.0 (TID 1389)) 6.997ms
[399.528s][info][gc,nmethod  ] GC(2206) NMethods: 8123 registered, 1321 unregistered
[399.528s][info][gc          ] Allocation Stall (Executor task launch worker for task 46.0 in stage 84.0 (TID 1419)) 7.056ms
[399.528s][info][gc          ] Allocation Stall (Executor task launch worker for task 45.0 in stage 84.0 (TID 1418)) 7.059ms
[399.528s][info][gc,metaspace] GC(2206) Metaspace: 120M used, 123M committed, 1152M reserved
[399.528s][info][gc          ] Allocation Stall (Executor task launch worker for task 44.0 in stage 84.0 (TID 1417)) 7.104ms
[399.528s][info][gc          ] Allocation Stall (Executor task launch worker for task 15.0 in stage 84.0 (TID 1383)) 7.116ms
[399.528s][info][gc,ref      ] GC(2206) Soft: 2877 encountered, 962 discovered, 0 enqueued
[399.528s][info][gc          ] Allocation Stall (Executor task launch worker for task 12.0 in stage 84.0 (TID 1381)) 7.173ms
[399.528s][info][gc,ref      ] GC(2206) Weak: 14360 encountered, 1210 discovered, 1 enqueued
[399.528s][info][gc          ] Allocation Stall (Executor task launch worker for task 27.0 in stage 84.0 (TID 1392)) 7.180ms
[399.528s][info][gc,ref      ] GC(2206) Final: 84 encountered, 0 discovered, 0 enqueued
[399.528s][info][gc          ] Allocation Stall (Executor task launch worker for task 33.0 in stage 84.0 (TID 1397)) 7.253ms
[399.528s][info][gc,ref      ] GC(2206) Phantom: 764 encountered, 596 discovered, 0 enqueued
[399.528s][info][gc          ] Allocation Stall (Executor task launch worker for task 34.0 in stage 84.0 (TID 1398)) 7.080ms
[399.528s][info][gc,reloc    ] GC(2206) Small Pages: 372 / 744M, Empty: 570M, Relocated: 2M, In-Place: 0
[399.528s][info][gc          ] Allocation Stall (Executor task launch worker for task 2.0 in stage 84.0 (TID 1373)) 6.982ms
[399.528s][info][gc,reloc    ] GC(2206) Medium Pages: 37 / 1184M, Empty: 0M, Relocated: 22M, In-Place: 0
[399.528s][info][gc          ] Allocation Stall (Executor task launch worker for task 11.0 in stage 84.0 (TID 1409)) 6.925ms
[399.528s][info][gc,reloc    ] GC(2206) Large Pages: 5 / 40M, Empty: 8M, Relocated: 0M, In-Place: 0
[399.528s][info][gc          ] Allocation Stall (Executor task launch worker for task 26.0 in stage 84.0 (TID 1391)) 6.956ms
[399.529s][info][gc,reloc    ] GC(2206) Forwarding Usage: 0M
[399.529s][info][gc,heap     ] GC(2206) Min Capacity: 8M(0%)
[399.529s][info][gc,heap     ] GC(2206) Max Capacity: 2048M(100%)
[399.529s][info][gc,heap     ] GC(2206) Soft Max Capacity: 2048M(100%)
[399.529s][info][gc,heap     ] GC(2206)                Mark Start          Mark End        Relocate Start      Relocate End           High               Low         
[399.529s][info][gc,heap     ] GC(2206)  Capacity:     2048M (100%)       2048M (100%)       2048M (100%)       2048M (100%)       2048M (100%)       2048M (100%)   
[399.529s][info][gc,heap     ] GC(2206)      Free:       80M (4%)            0M (0%)          524M (26%)           0M (0%)          572M (28%)           0M (0%)     
[399.529s][info][gc,heap     ] GC(2206)      Used:     1968M (96%)        2048M (100%)       1524M (74%)        2048M (100%)       2048M (100%)       1476M (72%)    
[399.529s][info][gc,heap     ] GC(2206)      Live:         -              1095M (54%)        1095M (54%)        1095M (54%)            -                  -          
[399.529s][info][gc,heap     ] GC(2206) Allocated:         -                80M (4%)          134M (7%)          767M (37%)            -                  -          
[399.529s][info][gc,heap     ] GC(2206)   Garbage:         -               872M (43%)         294M (14%)         185M (9%)             -                  -          
[399.529s][info][gc,heap     ] GC(2206) Reclaimed:         -                  -               578M (28%)         687M (34%)            -                  -          
[399.529s][info][gc          ] GC(2206) Garbage Collection (Allocation Stall) 1968M(96%)->2048M(100%)
[399.529s][info][gc,start    ] GC(2207) Garbage Collection (Allocation Stall)
[399.529s][info][gc,ref      ] GC(2207) Clearing All SoftReferences
[399.529s][info][gc,task     ] GC(2207) Using 12 workers
[399.536s][info][gc,ref      ] GC(2207) Clearing All SoftReferences
[399.537s][info][gc,phases   ] GC(2207) Pause Mark Start 0.036ms
[399.537s][info][gc          ] Allocation Stall (Executor task launch worker for task 32.0 in stage 84.0 (TID 1396)) 15.121ms
[399.537s][info][gc          ] Allocation Stall (Executor task launch worker for task 3.0 in stage 84.0 (TID 1408)) 14.338ms
[399.537s][info][gc          ] Allocation Stall (Executor task launch worker for task 47.0 in stage 84.0 (TID 1406)) 13.995ms
[399.537s][info][gc          ] Allocation Stall (Executor task launch worker for task 40.0 in stage 84.0 (TID 1403)) 15.101ms
[399.537s][info][gc          ] Allocation Stall (Executor task launch worker for task 25.0 in stage 84.0 (TID 1390)) 15.088ms
[399.537s][info][gc          ] Allocation Stall (Executor task launch worker for task 19.0 in stage 84.0 (TID 1411)) 14.229ms
[399.537s][info][gc          ] Allocation Stall (Executor task launch worker for task 38.0 in stage 84.0 (TID 1401)) 15.000ms
[399.537s][info][gc          ] Allocation Stall (Executor task launch worker for task 42.0 in stage 84.0 (TID 1416)) 13.995ms
[399.537s][info][gc          ] Allocation Stall (Executor task launch worker for task 37.0 in stage 84.0 (TID 1400)) 13.953ms
[399.537s][info][gc          ] Allocation Stall (Executor task launch worker for task 8.0 in stage 84.0 (TID 1378)) 13.958ms
[399.537s][info][gc          ] Allocation Stall (Executor task launch worker for task 31.0 in stage 84.0 (TID 1395)) 0.146ms
[399.537s][info][gc          ] Allocation Stall (Executor task launch worker for task 0.0 in stage 84.0 (TID 1407)) 0.212ms
[399.537s][info][gc          ] Allocation Stall (Executor task launch worker for task 6.0 in stage 84.0 (TID 1376)) 0.255ms
[399.537s][info][gc          ] Allocation Stall (Executor task launch worker for task 11.0 in stage 84.0 (TID 1409)) 0.264ms
[399.537s][info][gc          ] Allocation Stall (Executor task launch worker for task 28.0 in stage 84.0 (TID 1393)) 0.298ms
[399.537s][info][gc          ] Allocation Stall (Executor task launch worker for task 46.0 in stage 84.0 (TID 1419)) 0.341ms
[399.537s][info][gc          ] Allocation Stall (Executor task launch worker for task 24.0 in stage 84.0 (TID 1413)) 0.374ms
[399.537s][info][gc          ] Allocation Stall (Executor task launch worker for task 9.0 in stage 84.0 (TID 1379)) 0.411ms
[399.537s][info][gc          ] Allocation Stall (Executor task launch worker for task 29.0 in stage 84.0 (TID 1394)) 0.432ms
[399.537s][info][gc          ] Allocation Stall (Executor task launch worker for task 13.0 in stage 84.0 (TID 1382)) 0.469ms
[399.537s][info][gc          ] Allocation Stall (Executor task launch worker for task 7.0 in stage 84.0 (TID 1377)) 0.497ms
[399.537s][info][gc          ] Allocation Stall (Executor task launch worker for task 1.0 in stage 84.0 (TID 1372)) 0.534ms
[399.537s][info][gc          ] Allocation Stall (Executor task launch worker for task 14.0 in stage 84.0 (TID 1410)) 0.572ms
[399.537s][info][gc          ] Allocation Stall (Executor task launch worker for task 18.0 in stage 84.0 (TID 1386)) 0.610ms
[399.538s][info][gc          ] Allocation Stall (Executor task launch worker for task 41.0 in stage 84.0 (TID 1404)) 0.667ms
[399.538s][info][gc          ] Allocation Stall (Executor task launch worker for task 17.0 in stage 84.0 (TID 1385)) 0.732ms
[399.568s][info][gc,phases   ] GC(2207) Concurrent Mark 30.957ms
[399.568s][info][gc,phases   ] GC(2207) Pause Mark End 0.019ms
[399.568s][info][gc,phases   ] GC(2207) Concurrent Mark Free 0.001ms
[399.571s][info][gc,phases   ] GC(2207) Concurrent Process Non-Strong References 2.734ms
[399.571s][info][gc,phases   ] GC(2207) Concurrent Reset Relocation Set 0.006ms
[399.571s][info][gc          ] Allocation Stall (Executor task launch worker for task 45.0 in stage 84.0 (TID 1418)) 23.352ms
[399.571s][info][gc          ] Allocation Stall (Executor task launch worker for task 2.0 in stage 84.0 (TID 1373)) 23.801ms
[399.571s][info][gc          ] Allocation Stall (Executor task launch worker for task 8.0 in stage 84.0 (TID 1378)) 23.016ms
[399.571s][info][gc          ] Allocation Stall (Executor task launch worker for task 26.0 in stage 84.0 (TID 1391)) 23.779ms
[399.571s][info][gc          ] Allocation Stall (Executor task launch worker for task 41.0 in stage 84.0 (TID 1404)) 23.818ms
[399.571s][info][gc          ] Allocation Stall (Executor task launch worker for task 43.0 in stage 84.0 (TID 1405)) 23.067ms
[399.571s][info][gc          ] Allocation Stall (Executor task launch worker for task 14.0 in stage 84.0 (TID 1410)) 23.339ms
[399.571s][info][gc          ] Allocation Stall (Executor task launch worker for task 10.0 in stage 84.0 (TID 1380)) 23.786ms
[399.571s][info][gc          ] Allocation Stall (Executor task launch worker for task 27.0 in stage 84.0 (TID 1392)) 23.704ms
[399.571s][info][gc          ] Allocation Stall (Executor task launch worker for task 7.0 in stage 84.0 (TID 1377)) 23.300ms
[399.571s][info][gc          ] Allocation Stall (Executor task launch worker for task 38.0 in stage 84.0 (TID 1401)) 23.614ms
[399.571s][info][gc          ] Allocation Stall (Executor task launch worker for task 47.0 in stage 84.0 (TID 1406)) 26.362ms
[399.571s][info][gc          ] Allocation Stall (Executor task launch worker for task 22.0 in stage 84.0 (TID 1388)) 23.173ms
[399.571s][info][gc          ] Allocation Stall (Executor task launch worker for task 44.0 in stage 84.0 (TID 1417)) 23.928ms
[399.571s][info][gc          ] Allocation Stall (Executor task launch worker for task 30.0 in stage 84.0 (TID 1414)) 20.962ms
[399.571s][info][gc          ] Allocation Stall (Executor task launch worker for task 36.0 in stage 84.0 (TID 1399)) 23.790ms
[399.571s][info][gc          ] Allocation Stall (Executor task launch worker for task 20.0 in stage 84.0 (TID 1412)) 23.951ms
[399.571s][info][gc          ] Allocation Stall (Executor task launch worker for task 24.0 in stage 84.0 (TID 1413)) 25.988ms
[399.571s][info][gc          ] Allocation Stall (Executor task launch worker for task 5.0 in stage 84.0 (TID 1375)) 23.657ms
[399.571s][info][gc          ] Allocation Stall (Executor task launch worker for task 1.0 in stage 84.0 (TID 1372)) 23.129ms
[399.571s][info][gc          ] Allocation Stall (Executor task launch worker for task 32.0 in stage 84.0 (TID 1396)) 23.497ms
[399.571s][info][gc          ] Allocation Stall (Executor task launch worker for task 23.0 in stage 84.0 (TID 1389)) 25.306ms
[399.571s][info][gc          ] Allocation Stall (Executor task launch worker for task 13.0 in stage 84.0 (TID 1382)) 24.323ms
[399.571s][info][gc          ] Allocation Stall (Executor task launch worker for task 16.0 in stage 84.0 (TID 1384)) 24.062ms
[399.571s][info][gc          ] Allocation Stall (Executor task launch worker for task 9.0 in stage 84.0 (TID 1379)) 24.333ms
[399.571s][info][gc          ] Allocation Stall (Executor task launch worker for task 15.0 in stage 84.0 (TID 1383)) 25.421ms
[399.571s][info][gc          ] Allocation Stall (Executor task launch worker for task 39.0 in stage 84.0 (TID 1402)) 23.771ms
[399.571s][info][gc          ] Allocation Stall (Executor task launch worker for task 17.0 in stage 84.0 (TID 1385)) 24.421ms
[399.571s][info][gc          ] Allocation Stall (Executor task launch worker for task 42.0 in stage 84.0 (TID 1416)) 25.642ms
[399.571s][info][gc          ] Allocation Stall (Executor task launch worker for task 31.0 in stage 84.0 (TID 1395)) 23.179ms
[399.571s][info][gc          ] Allocation Stall (Executor task launch worker for task 33.0 in stage 84.0 (TID 1397)) 25.628ms
[399.571s][info][gc          ] Allocation Stall (Executor task launch worker for task 25.0 in stage 84.0 (TID 1390)) 25.900ms
[399.571s][info][gc          ] Allocation Stall (Executor task launch worker for task 12.0 in stage 84.0 (TID 1381)) 24.478ms
[399.571s][info][gc          ] Allocation Stall (Executor task launch worker for task 46.0 in stage 84.0 (TID 1419)) 25.590ms
[399.571s][info][gc          ] Allocation Stall (Executor task launch worker for task 28.0 in stage 84.0 (TID 1393)) 25.980ms
[399.571s][info][gc          ] Allocation Stall (Executor task launch worker for task 19.0 in stage 84.0 (TID 1411)) 25.475ms
[399.571s][info][gc          ] Allocation Stall (Executor task launch worker for task 29.0 in stage 84.0 (TID 1394)) 25.772ms
[399.571s][info][gc          ] Allocation Stall (Executor task launch worker for task 21.0 in stage 84.0 (TID 1387)) 23.430ms
[399.571s][info][gc          ] Allocation Stall (Executor task launch worker for task 37.0 in stage 84.0 (TID 1400)) 26.262ms
[399.571s][info][gc          ] Allocation Stall (Executor task launch worker for task 3.0 in stage 84.0 (TID 1408)) 26.056ms
[399.571s][info][gc          ] Allocation Stall (Executor task launch worker for task 35.0 in stage 84.0 (TID 1415)) 24.397ms
[399.571s][info][gc          ] Allocation Stall (Executor task launch worker for task 34.0 in stage 84.0 (TID 1398)) 23.139ms
[399.571s][info][gc          ] Allocation Stall (Executor task launch worker for task 40.0 in stage 84.0 (TID 1403)) 26.256ms
[399.571s][info][gc          ] Allocation Stall (Executor task launch worker for task 0.0 in stage 84.0 (TID 1407)) 23.682ms
[399.571s][info][gc          ] Allocation Stall (Executor task launch worker for task 6.0 in stage 84.0 (TID 1376)) 25.680ms
[399.571s][info][gc          ] Allocation Stall (Executor task launch worker for task 11.0 in stage 84.0 (TID 1409)) 25.648ms
[399.571s][info][gc          ] Allocation Stall (Executor task launch worker for task 4.0 in stage 84.0 (TID 1374)) 24.505ms
[399.571s][info][gc          ] Allocation Stall (Executor task launch worker for task 18.0 in stage 84.0 (TID 1386)) 24.195ms
[399.575s][info][gc,phases   ] GC(2207) Concurrent Select Relocation Set 4.192ms
[399.575s][info][gc,phases   ] GC(2207) Pause Relocate Start 0.007ms
[399.606s][info][gc          ] Allocation Stall (Executor task launch worker for task 47.0 in stage 84.0 (TID 1406)) 2.599ms
[399.606s][info][gc          ] Allocation Stall (Executor task launch worker for task 39.0 in stage 84.0 (TID 1402)) 2.675ms
[399.606s][info][gc          ] Allocation Stall (Executor task launch worker for task 37.0 in stage 84.0 (TID 1400)) 2.600ms
[399.606s][info][gc          ] Allocation Stall (Executor task launch worker for task 13.0 in stage 84.0 (TID 1382)) 2.615ms
[399.606s][info][gc          ] Allocation Stall (Executor task launch worker for task 18.0 in stage 84.0 (TID 1386)) 2.632ms
[399.606s][info][gc          ] Allocation Stall (Executor task launch worker for task 38.0 in stage 84.0 (TID 1401)) 2.626ms
[399.606s][info][gc          ] Allocation Stall (Executor task launch worker for task 2.0 in stage 84.0 (TID 1373)) 2.621ms
[399.606s][info][gc          ] Allocation Stall (Executor task launch worker for task 6.0 in stage 84.0 (TID 1376)) 2.610ms
[399.606s][info][gc          ] Allocation Stall (Executor task launch worker for task 17.0 in stage 84.0 (TID 1385)) 2.674ms
[399.606s][info][gc          ] Allocation Stall (Executor task launch worker for task 25.0 in stage 84.0 (TID 1390)) 1.063ms
[399.606s][info][gc          ] Allocation Stall (Executor task launch worker for task 36.0 in stage 84.0 (TID 1399)) 2.672ms
[399.606s][info][gc          ] Allocation Stall (Executor task launch worker for task 42.0 in stage 84.0 (TID 1416)) 2.675ms
[399.606s][info][gc          ] Allocation Stall (Executor task launch worker for task 10.0 in stage 84.0 (TID 1380)) 2.671ms
[399.606s][info][gc          ] Allocation Stall (Executor task launch worker for task 7.0 in stage 84.0 (TID 1377)) 2.674ms
[399.606s][info][gc          ] Allocation Stall (Executor task launch worker for task 9.0 in stage 84.0 (TID 1379)) 2.672ms
[399.606s][info][gc          ] Allocation Stall (Executor task launch worker for task 29.0 in stage 84.0 (TID 1394)) 2.668ms
[399.607s][info][gc          ] Allocation Stall (Executor task launch worker for task 14.0 in stage 84.0 (TID 1410)) 2.100ms
[399.607s][info][gc          ] Allocation Stall (Executor task launch worker for task 27.0 in stage 84.0 (TID 1392)) 2.115ms
[399.607s][info][gc          ] Allocation Stall (Executor task launch worker for task 32.0 in stage 84.0 (TID 1396)) 2.100ms
[399.607s][info][gc          ] Allocation Stall (Executor task launch worker for task 31.0 in stage 84.0 (TID 1395)) 2.076ms
[399.607s][info][gc          ] Allocation Stall (Executor task launch worker for task 1.0 in stage 84.0 (TID 1372)) 2.050ms
[399.607s][info][gc          ] Allocation Stall (Executor task launch worker for task 41.0 in stage 84.0 (TID 1404)) 2.120ms
[399.607s][info][gc          ] Allocation Stall (Executor task launch worker for task 40.0 in stage 84.0 (TID 1403)) 2.067ms
[399.607s][info][gc          ] Allocation Stall (Executor task launch worker for task 20.0 in stage 84.0 (TID 1412)) 1.888ms
[399.686s][info][gc          ] Allocation Stall (Executor task launch worker for task 33.0 in stage 84.0 (TID 1397)) 0.426ms
[399.686s][info][gc          ] Allocation Stall (Executor task launch worker for task 45.0 in stage 84.0 (TID 1418)) 0.414ms
[399.686s][info][gc          ] Allocation Stall (Executor task launch worker for task 31.0 in stage 84.0 (TID 1395)) 0.391ms
[399.686s][info][gc          ] Allocation Stall (Executor task launch worker for task 24.0 in stage 84.0 (TID 1413)) 0.382ms
[399.686s][info][gc          ] Allocation Stall (Executor task launch worker for task 8.0 in stage 84.0 (TID 1378)) 0.382ms
[399.686s][info][gc          ] Allocation Stall (Executor task launch worker for task 16.0 in stage 84.0 (TID 1384)) 0.411ms
[399.771s][info][gc,phases   ] GC(2207) Concurrent Relocate 195.913ms
[399.771s][info][gc,load     ] GC(2207) Load: 0.00/0.00/0.00
[399.771s][info][gc,mmu      ] GC(2207) MMU: 2ms/86.2%, 5ms/94.5%, 10ms/97.2%, 20ms/98.6%, 50ms/99.4%, 100ms/99.6%
[399.771s][info][gc,marking  ] GC(2207) Mark: 8 stripe(s), 2 proactive flush(es), 1 terminate flush(es), 0 completion(s), 0 continuation(s) 
[399.771s][info][gc,marking  ] GC(2207) Mark Stack Usage: 32M
[399.771s][info][gc,nmethod  ] GC(2207) NMethods: 8123 registered, 1321 unregistered
[399.771s][info][gc,metaspace] GC(2207) Metaspace: 120M used, 123M committed, 1152M reserved
[399.771s][info][gc,ref      ] GC(2207) Soft: 2877 encountered, 306 discovered, 0 enqueued
[399.772s][info][gc,ref      ] GC(2207) Weak: 14359 encountered, 1604 discovered, 0 enqueued
[399.772s][info][gc,ref      ] GC(2207) Final: 84 encountered, 0 discovered, 0 enqueued
[399.772s][info][gc,ref      ] GC(2207) Phantom: 764 encountered, 661 discovered, 0 enqueued
[399.772s][info][gc,reloc    ] GC(2207) Small Pages: 401 / 802M, Empty: 664M, Relocated: 1M, In-Place: 0
[399.772s][info][gc,reloc    ] GC(2207) Medium Pages: 37 / 1184M, Empty: 0M, Relocated: 45M, In-Place: 0
[399.772s][info][gc,reloc    ] GC(2207) Large Pages: 5 / 40M, Empty: 8M, Relocated: 0M, In-Place: 0
[399.772s][info][gc,reloc    ] GC(2207) Forwarding Usage: 0M
[399.772s][info][gc,heap     ] GC(2207) Min Capacity: 8M(0%)
[399.772s][info][gc,heap     ] GC(2207) Max Capacity: 2048M(100%)
[399.772s][info][gc,heap     ] GC(2207) Soft Max Capacity: 2048M(100%)
[399.772s][info][gc,heap     ] GC(2207)                Mark Start          Mark End        Relocate Start      Relocate End           High               Low         
[399.772s][info][gc,heap     ] GC(2207)  Capacity:     2048M (100%)       2048M (100%)       2048M (100%)       2048M (100%)       2048M (100%)       2048M (100%)   
[399.772s][info][gc,heap     ] GC(2207)      Free:        2M (0%)            0M (0%)          650M (32%)         102M (5%)          656M (32%)           0M (0%)     
[399.772s][info][gc,heap     ] GC(2207)      Used:     2046M (100%)       2048M (100%)       1398M (68%)        1946M (95%)        2048M (100%)       1392M (68%)    
[399.772s][info][gc,heap     ] GC(2207)      Live:         -              1102M (54%)        1102M (54%)        1102M (54%)            -                  -          
[399.772s][info][gc,heap     ] GC(2207) Allocated:         -                 2M (0%)           24M (1%)          648M (32%)            -                  -          
[399.772s][info][gc,heap     ] GC(2207)   Garbage:         -               943M (46%)         271M (13%)         195M (10%)            -                  -          
[399.772s][info][gc,heap     ] GC(2207) Reclaimed:         -                  -               672M (33%)         748M (37%)            -                  -          
[399.772s][info][gc          ] GC(2207) Garbage Collection (Allocation Stall) 2046M(100%)->1946M(95%)
[399.818s][info][gc,start    ] GC(2208) Garbage Collection (Allocation Stall)
[399.818s][info][gc,ref      ] GC(2208) Clearing All SoftReferences
[399.818s][info][gc,task     ] GC(2208) Using 12 workers
[399.825s][info][gc,ref      ] GC(2208) Clearing All SoftReferences
[399.825s][info][gc,phases   ] GC(2208) Pause Mark Start 0.043ms
[399.825s][info][gc          ] Allocation Stall (Executor task launch worker for task 10.0 in stage 84.0 (TID 1380)) 6.833ms
[399.872s][info][gc,phases   ] GC(2208) Concurrent Mark 28.951ms
[399.872s][info][gc,phases   ] GC(2208) Pause Mark End 0.021ms
[399.872s][info][gc,phases   ] GC(2208) Concurrent Mark Free 0.001ms
[399.875s][info][gc,phases   ] GC(2208) Concurrent Process Non-Strong References 2.960ms
[399.875s][info][gc,phases   ] GC(2208) Concurrent Reset Relocation Set 0.005ms
[399.875s][info][gc          ] Allocation Stall (Executor task launch worker for task 2.0 in stage 84.0 (TID 1373)) 27.783ms
[399.875s][info][gc          ] Allocation Stall (Executor task launch worker for task 32.0 in stage 84.0 (TID 1396)) 28.510ms
[399.875s][info][gc          ] Allocation Stall (Executor task launch worker for task 6.0 in stage 84.0 (TID 1376)) 27.500ms
[399.875s][info][gc          ] Allocation Stall (Executor task launch worker for task 33.0 in stage 84.0 (TID 1397)) 27.520ms
[399.875s][info][gc          ] Allocation Stall (Executor task launch worker for task 31.0 in stage 84.0 (TID 1395)) 27.578ms
[399.875s][info][gc          ] Allocation Stall (Executor task launch worker for task 44.0 in stage 84.0 (TID 1417)) 24.143ms
[399.875s][info][gc          ] Allocation Stall (Executor task launch worker for task 39.0 in stage 84.0 (TID 1402)) 27.872ms
[399.875s][info][gc          ] Allocation Stall (Executor task launch worker for task 7.0 in stage 84.0 (TID 1377)) 27.851ms
[399.875s][info][gc          ] Allocation Stall (Executor task launch worker for task 4.0 in stage 84.0 (TID 1374)) 27.685ms
[399.875s][info][gc          ] Allocation Stall (Executor task launch worker for task 29.0 in stage 84.0 (TID 1394)) 27.711ms
[399.875s][info][gc          ] Allocation Stall (Executor task launch worker for task 21.0 in stage 84.0 (TID 1387)) 27.644ms
[399.875s][info][gc          ] Allocation Stall (Executor task launch worker for task 5.0 in stage 84.0 (TID 1375)) 28.274ms
[399.875s][info][gc          ] Allocation Stall (Executor task launch worker for task 24.0 in stage 84.0 (TID 1413)) 32.420ms
[399.875s][info][gc          ] Allocation Stall (Executor task launch worker for task 37.0 in stage 84.0 (TID 1400)) 27.823ms
[399.875s][info][gc          ] Allocation Stall (Executor task launch worker for task 12.0 in stage 84.0 (TID 1381)) 28.163ms
[399.875s][info][gc          ] Allocation Stall (Executor task launch worker for task 27.0 in stage 84.0 (TID 1392)) 27.904ms
[399.875s][info][gc          ] Allocation Stall (Executor task launch worker for task 40.0 in stage 84.0 (TID 1403)) 27.611ms
[399.875s][info][gc          ] Allocation Stall (Executor task launch worker for task 41.0 in stage 84.0 (TID 1404)) 27.730ms
[399.875s][info][gc          ] Allocation Stall (Executor task launch worker for task 25.0 in stage 84.0 (TID 1390)) 28.309ms
[399.875s][info][gc          ] Allocation Stall (Executor task launch worker for task 46.0 in stage 84.0 (TID 1419)) 32.306ms
[399.875s][info][gc          ] Allocation Stall (Executor task launch worker for task 20.0 in stage 84.0 (TID 1412)) 30.457ms
[399.875s][info][gc          ] Allocation Stall (Executor task launch worker for task 23.0 in stage 84.0 (TID 1389)) 31.932ms
[399.875s][info][gc          ] Allocation Stall (Executor task launch worker for task 16.0 in stage 84.0 (TID 1384)) 28.341ms
[399.875s][info][gc          ] Allocation Stall (Executor task launch worker for task 35.0 in stage 84.0 (TID 1415)) 22.207ms
[399.875s][info][gc          ] Allocation Stall (Executor task launch worker for task 43.0 in stage 84.0 (TID 1405)) 28.450ms
[399.875s][info][gc          ] Allocation Stall (Executor task launch worker for task 10.0 in stage 84.0 (TID 1380)) 31.299ms
[399.875s][info][gc          ] Allocation Stall (Executor task launch worker for task 30.0 in stage 84.0 (TID 1414)) 29.986ms
[399.875s][info][gc          ] Allocation Stall (Executor task launch worker for task 45.0 in stage 84.0 (TID 1418)) 29.403ms
[399.875s][info][gc          ] Allocation Stall (Executor task launch worker for task 22.0 in stage 84.0 (TID 1388)) 31.949ms
[399.875s][info][gc          ] Allocation Stall (Executor task launch worker for task 14.0 in stage 84.0 (TID 1410)) 31.050ms
[399.875s][info][gc          ] Allocation Stall (Executor task launch worker for task 47.0 in stage 84.0 (TID 1406)) 31.464ms
[399.875s][info][gc          ] Allocation Stall (Executor task launch worker for task 34.0 in stage 84.0 (TID 1398)) 30.722ms
[399.875s][info][gc          ] Allocation Stall (Executor task launch worker for task 3.0 in stage 84.0 (TID 1408)) 28.533ms
[399.875s][info][gc          ] Allocation Stall (Executor task launch worker for task 0.0 in stage 84.0 (TID 1407)) 27.753ms
[399.875s][info][gc          ] Allocation Stall (Executor task launch worker for task 1.0 in stage 84.0 (TID 1372)) 28.953ms
[399.875s][info][gc          ] Allocation Stall (Executor task launch worker for task 28.0 in stage 84.0 (TID 1393)) 31.576ms
[399.875s][info][gc          ] Allocation Stall (Executor task launch worker for task 18.0 in stage 84.0 (TID 1386)) 32.332ms
[399.875s][info][gc          ] Allocation Stall (Executor task launch worker for task 38.0 in stage 84.0 (TID 1401)) 31.945ms
[399.875s][info][gc          ] Allocation Stall (Executor task launch worker for task 11.0 in stage 84.0 (TID 1409)) 29.194ms
[399.875s][info][gc          ] Allocation Stall (Executor task launch worker for task 17.0 in stage 84.0 (TID 1385)) 28.334ms
[399.875s][info][gc          ] Allocation Stall (Executor task launch worker for task 8.0 in stage 84.0 (TID 1378)) 27.591ms
[399.875s][info][gc          ] Allocation Stall (Executor task launch worker for task 9.0 in stage 84.0 (TID 1379)) 28.107ms
[399.875s][info][gc          ] Allocation Stall (Executor task launch worker for task 13.0 in stage 84.0 (TID 1382)) 31.561ms
[399.875s][info][gc          ] Allocation Stall (Executor task launch worker for task 15.0 in stage 84.0 (TID 1383)) 28.314ms
[399.875s][info][gc          ] Allocation Stall (Executor task launch worker for task 26.0 in stage 84.0 (TID 1391)) 28.135ms
[399.875s][info][gc          ] Allocation Stall (Executor task launch worker for task 19.0 in stage 84.0 (TID 1411)) 31.120ms
[399.875s][info][gc          ] Allocation Stall (Executor task launch worker for task 42.0 in stage 84.0 (TID 1416)) 32.340ms
[399.875s][info][gc          ] Allocation Stall (Executor task launch worker for task 36.0 in stage 84.0 (TID 1399)) 27.580ms
[399.879s][info][gc,phases   ] GC(2208) Concurrent Select Relocation Set 4.664ms
[399.880s][info][gc,phases   ] GC(2208) Pause Relocate Start 0.008ms
[399.954s][info][gc          ] Allocation Stall (Executor task launch worker for task 0.0 in stage 84.0 (TID 1407)) 5.759ms
[399.954s][info][gc          ] Allocation Stall (Executor task launch worker for task 27.0 in stage 84.0 (TID 1392)) 5.703ms
[399.954s][info][gc          ] Allocation Stall (RemoteBlock-temp-file-clean-thread) 5.697ms
[399.954s][info][gc          ] Allocation Stall (Executor task launch worker for task 4.0 in stage 84.0 (TID 1374)) 5.708ms
[399.954s][info][gc          ] Allocation Stall (Executor task launch worker for task 44.0 in stage 84.0 (TID 1417)) 5.722ms
[399.954s][info][gc          ] Allocation Stall (Executor task launch worker for task 15.0 in stage 84.0 (TID 1383)) 5.723ms
[399.954s][info][gc          ] Allocation Stall (Executor task launch worker for task 26.0 in stage 84.0 (TID 1391)) 5.699ms
[399.954s][info][gc          ] Allocation Stall (Executor task launch worker for task 14.0 in stage 84.0 (TID 1410)) 5.949ms
[399.954s][info][gc          ] Allocation Stall (Executor task launch worker for task 18.0 in stage 84.0 (TID 1386)) 5.940ms
[399.954s][info][gc          ] Allocation Stall (Executor task launch worker for task 1.0 in stage 84.0 (TID 1372)) 5.931ms
[399.954s][info][gc          ] Allocation Stall (Executor task launch worker for task 41.0 in stage 84.0 (TID 1404)) 5.907ms
[399.954s][info][gc          ] Allocation Stall (Executor task launch worker for task 46.0 in stage 84.0 (TID 1419)) 5.879ms
[399.954s][info][gc          ] Allocation Stall (Executor task launch worker for task 13.0 in stage 84.0 (TID 1382)) 5.830ms
[399.954s][info][gc          ] Allocation Stall (Executor task launch worker for task 8.0 in stage 84.0 (TID 1378)) 5.814ms
[399.954s][info][gc          ] Allocation Stall (Executor task launch worker for task 38.0 in stage 84.0 (TID 1401)) 5.808ms
[399.954s][info][gc          ] Allocation Stall (Executor task launch worker for task 22.0 in stage 84.0 (TID 1388)) 5.803ms
[399.954s][info][gc          ] Allocation Stall (Executor task launch worker for task 42.0 in stage 84.0 (TID 1416)) 5.999ms
[399.955s][info][gc          ] Allocation Stall (Executor task launch worker for task 25.0 in stage 84.0 (TID 1390)) 6.193ms
[399.955s][info][gc          ] Allocation Stall (Executor task launch worker for task 28.0 in stage 84.0 (TID 1393)) 6.185ms
[399.955s][info][gc          ] Allocation Stall (Spark Context Cleaner) 6.204ms
[399.955s][info][gc          ] Allocation Stall (Executor task launch worker for task 2.0 in stage 84.0 (TID 1373)) 6.233ms
[399.955s][info][gc          ] Allocation Stall (Executor task launch worker for task 31.0 in stage 84.0 (TID 1395)) 6.218ms
[399.955s][info][gc          ] Allocation Stall (Executor task launch worker for task 45.0 in stage 84.0 (TID 1418)) 6.222ms
[399.955s][info][gc          ] Allocation Stall (Executor task launch worker for task 20.0 in stage 84.0 (TID 1412)) 6.248ms
[399.955s][info][gc          ] Allocation Stall (Executor task launch worker for task 37.0 in stage 84.0 (TID 1400)) 6.265ms
[399.955s][info][gc          ] Allocation Stall (Executor task launch worker for task 19.0 in stage 84.0 (TID 1411)) 6.250ms
[399.955s][info][gc          ] Allocation Stall (Executor task launch worker for task 11.0 in stage 84.0 (TID 1409)) 5.872ms
[399.955s][info][gc          ] Allocation Stall (Executor task launch worker for task 12.0 in stage 84.0 (TID 1381)) 5.845ms
[399.955s][info][gc          ] Allocation Stall (Executor task launch worker for task 6.0 in stage 84.0 (TID 1376)) 5.825ms
[399.955s][info][gc          ] Allocation Stall (Executor task launch worker for task 5.0 in stage 84.0 (TID 1375)) 5.224ms
[399.955s][info][gc          ] Allocation Stall (Executor task launch worker for task 3.0 in stage 84.0 (TID 1408)) 5.127ms
[399.955s][info][gc          ] Allocation Stall (Executor task launch worker for task 35.0 in stage 84.0 (TID 1415)) 5.158ms
[399.955s][info][gc          ] Allocation Stall (Executor task launch worker for task 29.0 in stage 84.0 (TID 1394)) 5.123ms
[399.955s][info][gc          ] Allocation Stall (Executor task launch worker for task 40.0 in stage 84.0 (TID 1403)) 5.168ms
[399.955s][info][gc          ] Allocation Stall (Executor task launch worker for task 9.0 in stage 84.0 (TID 1379)) 5.140ms
[399.955s][info][gc          ] Allocation Stall (Executor task launch worker for task 21.0 in stage 84.0 (TID 1387)) 5.451ms
[399.955s][info][gc          ] Allocation Stall (Executor task launch worker for task 39.0 in stage 84.0 (TID 1402)) 5.393ms
[399.955s][info][gc          ] Allocation Stall (Executor task launch worker for task 23.0 in stage 84.0 (TID 1389)) 5.339ms
[399.955s][info][gc          ] Allocation Stall (Executor task launch worker for task 34.0 in stage 84.0 (TID 1398)) 5.375ms
[399.956s][info][gc          ] Allocation Stall (Executor task launch worker for task 32.0 in stage 84.0 (TID 1396)) 5.423ms
[399.956s][info][gc          ] Allocation Stall (Executor task launch worker for task 36.0 in stage 84.0 (TID 1399)) 5.459ms
[399.956s][info][gc          ] Allocation Stall (Executor task launch worker for task 33.0 in stage 84.0 (TID 1397)) 5.499ms
[399.957s][info][gc          ] Allocation Stall (Executor task launch worker for task 47.0 in stage 84.0 (TID 1406)) 7.181ms
[399.957s][info][gc          ] Allocation Stall (Executor task launch worker for task 43.0 in stage 84.0 (TID 1405)) 7.221ms
[399.957s][info][gc          ] Allocation Stall (Executor task launch worker for task 7.0 in stage 84.0 (TID 1377)) 7.258ms
[399.957s][info][gc          ] Allocation Stall (Executor task launch worker for task 10.0 in stage 84.0 (TID 1380)) 7.211ms
[399.958s][info][gc          ] Allocation Stall (Executor task launch worker for task 30.0 in stage 84.0 (TID 1414)) 7.225ms
[399.958s][info][gc          ] Allocation Stall (Executor task launch worker for task 24.0 in stage 84.0 (TID 1413)) 7.263ms
[399.962s][info][gc          ] Allocation Stall (Executor task launch worker for task 17.0 in stage 84.0 (TID 1385)) 12.003ms
[399.962s][info][gc          ] Allocation Stall (Executor task launch worker for task 16.0 in stage 84.0 (TID 1384)) 12.032ms
[399.962s][info][gc          ] Allocation Stall (Executor task launch worker for task 29.0 in stage 84.0 (TID 1394)) 3.095ms
[399.963s][info][gc          ] Allocation Stall (Executor task launch worker for task 40.0 in stage 84.0 (TID 1403)) 3.025ms
[399.963s][info][gc          ] Allocation Stall (Executor task launch worker for task 19.0 in stage 84.0 (TID 1411)) 2.629ms
[399.963s][info][gc          ] Allocation Stall (Executor task launch worker for task 35.0 in stage 84.0 (TID 1415)) 2.594ms
[399.963s][info][gc          ] Allocation Stall (Executor task launch worker for task 0.0 in stage 84.0 (TID 1407)) 2.580ms
[399.963s][info][gc          ] Allocation Stall (Executor task launch worker for task 20.0 in stage 84.0 (TID 1412)) 2.535ms
[399.963s][info][gc          ] Allocation Stall (Executor task launch worker for task 3.0 in stage 84.0 (TID 1408)) 2.464ms
[399.963s][info][gc          ] Allocation Stall (Executor task launch worker for task 6.0 in stage 84.0 (TID 1376)) 2.295ms
[399.963s][info][gc          ] Allocation Stall (Executor task launch worker for task 39.0 in stage 84.0 (TID 1402)) 1.754ms
[399.963s][info][gc          ] Allocation Stall (Executor task launch worker for task 9.0 in stage 84.0 (TID 1379)) 1.713ms
[399.963s][info][gc          ] Allocation Stall (Executor task launch worker for task 47.0 in stage 84.0 (TID 1406)) 1.560ms
[399.963s][info][gc          ] Allocation Stall (Executor task launch worker for task 4.0 in stage 84.0 (TID 1374)) 1.574ms
[399.964s][info][gc          ] Allocation Stall (Executor task launch worker for task 21.0 in stage 84.0 (TID 1387)) 0.705ms
[399.980s][info][gc          ] Allocation Stall (Executor task launch worker for task 26.0 in stage 84.0 (TID 1391)) 4.229ms
[399.980s][info][gc          ] Allocation Stall (Executor task launch worker for task 27.0 in stage 84.0 (TID 1392)) 3.085ms
[399.980s][info][gc          ] Allocation Stall (Executor task launch worker for task 23.0 in stage 84.0 (TID 1389)) 4.589ms
[399.980s][info][gc          ] Allocation Stall (Executor task launch worker for task 3.0 in stage 84.0 (TID 1408)) 3.465ms
[399.980s][info][gc          ] Allocation Stall (Executor task launch worker for task 25.0 in stage 84.0 (TID 1390)) 3.961ms
[399.980s][info][gc          ] Allocation Stall (Executor task launch worker for task 45.0 in stage 84.0 (TID 1418)) 3.407ms
[399.980s][info][gc          ] Allocation Stall (Executor task launch worker for task 34.0 in stage 84.0 (TID 1398)) 3.328ms
[399.980s][info][gc          ] Allocation Stall (Executor task launch worker for task 12.0 in stage 84.0 (TID 1381)) 4.570ms
[399.980s][info][gc          ] Allocation Stall (Executor task launch worker for task 0.0 in stage 84.0 (TID 1407)) 7.610ms
[399.980s][info][gc,phases   ] GC(2208) Concurrent Relocate 99.528ms
[399.980s][info][gc          ] Allocation Stall (Executor task launch worker for task 17.0 in stage 84.0 (TID 1385)) 7.585ms
[399.980s][info][gc          ] Allocation Stall (Executor task launch worker for task 22.0 in stage 84.0 (TID 1388)) 7.193ms
[399.980s][info][gc          ] Allocation Stall (Executor task launch worker for task 6.0 in stage 84.0 (TID 1376)) 7.166ms
[399.980s][info][gc          ] Allocation Stall (Executor task launch worker for task 28.0 in stage 84.0 (TID 1393)) 7.087ms
[399.980s][info][gc          ] Allocation Stall (Executor task launch worker for task 21.0 in stage 84.0 (TID 1387)) 7.061ms
[399.980s][info][gc          ] Allocation Stall (Executor task launch worker for task 30.0 in stage 84.0 (TID 1414)) 5.476ms
[399.980s][info][gc          ] Allocation Stall (Executor task launch worker for task 2.0 in stage 84.0 (TID 1373)) 4.681ms
[399.980s][info][gc          ] Allocation Stall (Executor task launch worker for task 7.0 in stage 84.0 (TID 1377)) 2.883ms
[399.980s][info][gc          ] Allocation Stall (Executor task launch worker for task 19.0 in stage 84.0 (TID 1411)) 2.740ms
[399.980s][info][gc,load     ] GC(2208) Load: 0.00/0.00/0.00
[399.980s][info][gc          ] Allocation Stall (Executor task launch worker for task 46.0 in stage 84.0 (TID 1419)) 2.908ms
[399.980s][info][gc          ] Allocation Stall (Executor task launch worker for task 44.0 in stage 84.0 (TID 1417)) 2.614ms
[399.980s][info][gc,mmu      ] GC(2208) MMU: 2ms/86.2%, 5ms/94.5%, 10ms/97.2%, 20ms/98.6%, 50ms/99.4%, 100ms/99.6%
[399.980s][info][gc          ] Allocation Stall (Executor task launch worker for task 32.0 in stage 84.0 (TID 1396)) 2.554ms
[399.980s][info][gc          ] Allocation Stall (Executor task launch worker for task 16.0 in stage 84.0 (TID 1384)) 2.571ms
[399.980s][info][gc,marking  ] GC(2208) Mark: 8 stripe(s), 2 proactive flush(es), 1 terminate flush(es), 0 completion(s), 0 continuation(s) 
[399.980s][info][gc          ] Allocation Stall (Executor task launch worker for task 37.0 in stage 84.0 (TID 1400)) 2.514ms
[399.980s][info][gc          ] Allocation Stall (Executor task launch worker for task 5.0 in stage 84.0 (TID 1375)) 2.409ms
[399.980s][info][gc,marking  ] GC(2208) Mark Stack Usage: 32M
[399.980s][info][gc          ] Allocation Stall (Executor task launch worker for task 29.0 in stage 84.0 (TID 1394)) 2.463ms
[399.980s][info][gc          ] Allocation Stall (Executor task launch worker for task 11.0 in stage 84.0 (TID 1409)) 2.446ms
[399.980s][info][gc,nmethod  ] GC(2208) NMethods: 8123 registered, 1321 unregistered
[399.980s][info][gc          ] Allocation Stall (Executor task launch worker for task 36.0 in stage 84.0 (TID 1399)) 2.480ms
[399.980s][info][gc          ] Allocation Stall (Executor task launch worker for task 38.0 in stage 84.0 (TID 1401)) 2.297ms
[399.980s][info][gc,metaspace] GC(2208) Metaspace: 120M used, 123M committed, 1152M reserved
[399.980s][info][gc          ] Allocation Stall (Executor task launch worker for task 18.0 in stage 84.0 (TID 1386)) 2.267ms
[399.980s][info][gc          ] Allocation Stall (Executor task launch worker for task 33.0 in stage 84.0 (TID 1397)) 2.295ms
[399.981s][info][gc,ref      ] GC(2208) Soft: 2877 encountered, 306 discovered, 0 enqueued
[399.981s][info][gc          ] Allocation Stall (Executor task launch worker for task 1.0 in stage 84.0 (TID 1372)) 2.307ms
[399.981s][info][gc,ref      ] GC(2208) Weak: 14360 encountered, 1959 discovered, 1 enqueued
[399.981s][info][gc          ] Allocation Stall (Executor task launch worker for task 14.0 in stage 84.0 (TID 1410)) 2.263ms
[399.981s][info][gc,ref      ] GC(2208) Final: 84 encountered, 0 discovered, 0 enqueued
[399.981s][info][gc          ] Allocation Stall (Executor task launch worker for task 43.0 in stage 84.0 (TID 1405)) 2.075ms
[399.981s][info][gc,ref      ] GC(2208) Phantom: 764 encountered, 588 discovered, 0 enqueued
[399.981s][info][gc          ] Allocation Stall (Executor task launch worker for task 31.0 in stage 84.0 (TID 1395)) 2.121ms
[399.981s][info][gc,reloc    ] GC(2208) Small Pages: 384 / 768M, Empty: 610M, Relocated: 3M, In-Place: 0
[399.981s][info][gc          ] Allocation Stall (Executor task launch worker for task 47.0 in stage 84.0 (TID 1406)) 2.119ms
[399.981s][info][gc,reloc    ] GC(2208) Medium Pages: 37 / 1184M, Empty: 0M, Relocated: 55M, In-Place: 1
[399.981s][info][gc,reloc    ] GC(2208) Large Pages: 4 / 32M, Empty: 24M, Relocated: 0M, In-Place: 0
[399.981s][info][gc,reloc    ] GC(2208) Forwarding Usage: 0M
[399.981s][info][gc,heap     ] GC(2208) Min Capacity: 8M(0%)
[399.981s][info][gc,heap     ] GC(2208) Max Capacity: 2048M(100%)
[399.981s][info][gc,heap     ] GC(2208) Soft Max Capacity: 2048M(100%)
[399.981s][info][gc,heap     ] GC(2208)                Mark Start          Mark End        Relocate Start      Relocate End           High               Low         
[399.981s][info][gc,heap     ] GC(2208)  Capacity:     2048M (100%)       2048M (100%)       2048M (100%)       2048M (100%)       2048M (100%)       2048M (100%)   
[399.981s][info][gc,heap     ] GC(2208)      Free:       62M (3%)            0M (0%)          612M (30%)           0M (0%)          648M (32%)           0M (0%)     
[399.981s][info][gc,heap     ] GC(2208)      Used:     1986M (97%)        2048M (100%)       1436M (70%)        2048M (100%)       2048M (100%)       1400M (68%)    
[399.981s][info][gc,heap     ] GC(2208)      Live:         -              1091M (53%)        1091M (53%)        1091M (53%)            -                  -          
[399.981s][info][gc,heap     ] GC(2208) Allocated:         -                62M (3%)           84M (4%)          786M (38%)            -                  -          
[399.981s][info][gc,heap     ] GC(2208)   Garbage:         -               894M (44%)         260M (13%)         169M (8%)             -                  -          
[399.981s][info][gc,heap     ] GC(2208) Reclaimed:         -                  -               634M (31%)         724M (35%)            -                  -          
[399.981s][info][gc          ] GC(2208) Garbage Collection (Allocation Stall) 1986M(97%)->2048M(100%)
[399.981s][info][gc,start    ] GC(2209) Garbage Collection (Allocation Stall)
[399.981s][info][gc          ] Allocation Stall (Executor task launch worker for task 4.0 in stage 84.0 (TID 1374)) 2.346ms
[399.981s][info][gc,ref      ] GC(2209) Clearing All SoftReferences
[399.981s][info][gc          ] Allocation Stall (Executor task launch worker for task 9.0 in stage 84.0 (TID 1379)) 2.389ms
[399.981s][info][gc,task     ] GC(2209) Using 12 workers
[399.981s][info][gc          ] Allocation Stall (Executor task launch worker for task 10.0 in stage 84.0 (TID 1380)) 2.422ms
[399.982s][info][gc,ref      ] GC(2209) Clearing All SoftReferences
[399.982s][info][gc,phases   ] GC(2209) Pause Mark Start 0.038ms
[399.982s][info][gc          ] Allocation Stall (Executor task launch worker for task 42.0 in stage 84.0 (TID 1416)) 3.060ms
[399.982s][info][gc          ] Allocation Stall (Executor task launch worker for task 40.0 in stage 84.0 (TID 1403)) 3.076ms
[399.982s][info][gc          ] Allocation Stall (Executor task launch worker for task 41.0 in stage 84.0 (TID 1404)) 2.873ms
[399.982s][info][gc          ] Allocation Stall (Executor task launch worker for task 35.0 in stage 84.0 (TID 1415)) 2.951ms
[399.982s][info][gc          ] Allocation Stall (Executor task launch worker for task 39.0 in stage 84.0 (TID 1402)) 3.001ms
[399.982s][info][gc          ] Allocation Stall (Executor task launch worker for task 24.0 in stage 84.0 (TID 1413)) 3.057ms
[399.982s][info][gc          ] Allocation Stall (Executor task launch worker for task 15.0 in stage 84.0 (TID 1383)) 2.881ms
[399.982s][info][gc          ] Allocation Stall (Executor task launch worker for task 20.0 in stage 84.0 (TID 1412)) 2.971ms
[399.982s][info][gc          ] Allocation Stall (Executor task launch worker for task 8.0 in stage 84.0 (TID 1378)) 2.887ms
[399.982s][info][gc          ] Allocation Stall (Executor task launch worker for task 13.0 in stage 84.0 (TID 1382)) 2.942ms
[399.982s][info][gc          ] Allocation Stall (Executor task launch worker for task 18.0 in stage 84.0 (TID 1386)) 0.204ms
[399.982s][info][gc          ] Allocation Stall (Executor task launch worker for task 33.0 in stage 84.0 (TID 1397)) 0.202ms
[399.982s][info][gc          ] Allocation Stall (Executor task launch worker for task 5.0 in stage 84.0 (TID 1375)) 0.241ms
[399.982s][info][gc          ] Allocation Stall (Executor task launch worker for task 29.0 in stage 84.0 (TID 1394)) 0.200ms
[399.982s][info][gc          ] Allocation Stall (Executor task launch worker for task 23.0 in stage 84.0 (TID 1389)) 0.237ms
[399.982s][info][gc          ] Allocation Stall (Executor task launch worker for task 44.0 in stage 84.0 (TID 1417)) 0.253ms
[399.982s][info][gc          ] Allocation Stall (Executor task launch worker for task 6.0 in stage 84.0 (TID 1376)) 0.269ms
[399.983s][info][gc          ] Allocation Stall (Executor task launch worker for task 4.0 in stage 84.0 (TID 1374)) 0.304ms
[399.983s][info][gc          ] Allocation Stall (Executor task launch worker for task 11.0 in stage 84.0 (TID 1409)) 0.327ms
[399.983s][info][gc          ] Allocation Stall (Executor task launch worker for task 47.0 in stage 84.0 (TID 1406)) 0.307ms
[399.983s][info][gc          ] Allocation Stall (Executor task launch worker for task 9.0 in stage 84.0 (TID 1379)) 0.374ms
[399.983s][info][gc          ] Allocation Stall (Executor task launch worker for task 22.0 in stage 84.0 (TID 1388)) 0.413ms
[399.983s][info][gc          ] Allocation Stall (Executor task launch worker for task 19.0 in stage 84.0 (TID 1411)) 0.453ms
[400.021s][info][gc,phases   ] GC(2209) Concurrent Mark 38.565ms
[400.021s][info][gc,phases   ] GC(2209) Pause Mark End 0.020ms
[400.021s][info][gc,phases   ] GC(2209) Concurrent Mark Free 0.001ms
[400.024s][info][gc,phases   ] GC(2209) Concurrent Process Non-Strong References 3.582ms
[400.024s][info][gc,phases   ] GC(2209) Concurrent Reset Relocation Set 0.007ms
[400.025s][info][gc          ] Allocation Stall (Executor task launch worker for task 24.0 in stage 84.0 (TID 1413)) 31.082ms
[400.025s][info][gc          ] Allocation Stall (Executor task launch worker for task 27.0 in stage 84.0 (TID 1392)) 31.460ms
[400.025s][info][gc          ] Allocation Stall (Executor task launch worker for task 28.0 in stage 84.0 (TID 1393)) 32.089ms
[400.025s][info][gc          ] Allocation Stall (Executor task launch worker for task 2.0 in stage 84.0 (TID 1373)) 31.820ms
[400.025s][info][gc          ] Allocation Stall (Executor task launch worker for task 31.0 in stage 84.0 (TID 1395)) 31.093ms
[400.025s][info][gc          ] Allocation Stall (Executor task launch worker for task 19.0 in stage 84.0 (TID 1411)) 34.911ms
[400.025s][info][gc          ] Allocation Stall (Executor task launch worker for task 38.0 in stage 84.0 (TID 1401)) 31.100ms
[400.025s][info][gc          ] Allocation Stall (Executor task launch worker for task 34.0 in stage 84.0 (TID 1398)) 31.482ms
[400.025s][info][gc          ] Allocation Stall (Executor task launch worker for task 44.0 in stage 84.0 (TID 1417)) 31.774ms
[400.025s][info][gc          ] Allocation Stall (Executor task launch worker for task 43.0 in stage 84.0 (TID 1405)) 31.955ms
[400.025s][info][gc          ] Allocation Stall (Executor task launch worker for task 3.0 in stage 84.0 (TID 1408)) 34.676ms
[400.025s][info][gc          ] Allocation Stall (Executor task launch worker for task 36.0 in stage 84.0 (TID 1399)) 31.104ms
[400.025s][info][gc          ] Allocation Stall (Executor task launch worker for task 12.0 in stage 84.0 (TID 1381)) 31.277ms
[400.025s][info][gc          ] Allocation Stall (Executor task launch worker for task 5.0 in stage 84.0 (TID 1375)) 31.168ms
[400.025s][info][gc          ] Allocation Stall (Executor task launch worker for task 20.0 in stage 84.0 (TID 1412)) 35.107ms
[400.025s][info][gc          ] Allocation Stall (Executor task launch worker for task 42.0 in stage 84.0 (TID 1416)) 31.144ms
[400.025s][info][gc          ] Allocation Stall (Executor task launch worker for task 25.0 in stage 84.0 (TID 1390)) 31.284ms
[400.025s][info][gc          ] Allocation Stall (Executor task launch worker for task 40.0 in stage 84.0 (TID 1403)) 34.625ms
[400.025s][info][gc          ] Allocation Stall (Executor task launch worker for task 17.0 in stage 84.0 (TID 1385)) 34.617ms
[400.025s][info][gc          ] Allocation Stall (Executor task launch worker for task 6.0 in stage 84.0 (TID 1376)) 35.324ms
[400.025s][info][gc          ] Allocation Stall (Executor task launch worker for task 21.0 in stage 84.0 (TID 1387)) 31.739ms
[400.025s][info][gc          ] Allocation Stall (Executor task launch worker for task 32.0 in stage 84.0 (TID 1396)) 31.679ms
[400.025s][info][gc          ] Allocation Stall (Executor task launch worker for task 35.0 in stage 84.0 (TID 1415)) 35.181ms
[400.025s][info][gc          ] Allocation Stall (Executor task launch worker for task 16.0 in stage 84.0 (TID 1384)) 31.664ms
[400.025s][info][gc          ] Allocation Stall (Executor task launch worker for task 7.0 in stage 84.0 (TID 1377)) 31.512ms
[400.025s][info][gc          ] Allocation Stall (Executor task launch worker for task 33.0 in stage 84.0 (TID 1397)) 32.087ms
[400.025s][info][gc          ] Allocation Stall (Executor task launch worker for task 45.0 in stage 84.0 (TID 1418)) 34.846ms
[400.025s][info][gc          ] Allocation Stall (Executor task launch worker for task 39.0 in stage 84.0 (TID 1402)) 32.518ms
[400.025s][info][gc          ] Allocation Stall (Executor task launch worker for task 18.0 in stage 84.0 (TID 1386)) 35.137ms
[400.025s][info][gc          ] Allocation Stall (Executor task launch worker for task 10.0 in stage 84.0 (TID 1380)) 32.197ms
[400.025s][info][gc          ] Allocation Stall (Executor task launch worker for task 1.0 in stage 84.0 (TID 1372)) 31.235ms
[400.025s][info][gc          ] Allocation Stall (Executor task launch worker for task 4.0 in stage 84.0 (TID 1374)) 31.963ms
[400.025s][info][gc          ] Allocation Stall (Executor task launch worker for task 8.0 in stage 84.0 (TID 1378)) 31.286ms
[400.025s][info][gc          ] Allocation Stall (Executor task launch worker for task 11.0 in stage 84.0 (TID 1409)) 35.303ms
[400.025s][info][gc          ] Allocation Stall (Executor task launch worker for task 30.0 in stage 84.0 (TID 1414)) 34.955ms
[400.025s][info][gc          ] Allocation Stall (Executor task launch worker for task 47.0 in stage 84.0 (TID 1406)) 33.279ms
[400.025s][info][gc          ] Allocation Stall (Executor task launch worker for task 23.0 in stage 84.0 (TID 1389)) 32.296ms
[400.025s][info][gc          ] Allocation Stall (Executor task launch worker for task 13.0 in stage 84.0 (TID 1382)) 31.217ms
[400.025s][info][gc          ] Allocation Stall (Executor task launch worker for task 37.0 in stage 84.0 (TID 1400)) 31.651ms
[400.025s][info][gc          ] Allocation Stall (Executor task launch worker for task 0.0 in stage 84.0 (TID 1407)) 34.757ms
[400.025s][info][gc          ] Allocation Stall (Executor task launch worker for task 46.0 in stage 84.0 (TID 1419)) 31.584ms
[400.025s][info][gc          ] Allocation Stall (Executor task launch worker for task 9.0 in stage 84.0 (TID 1379)) 31.270ms
[400.025s][info][gc          ] Allocation Stall (Executor task launch worker for task 14.0 in stage 84.0 (TID 1410)) 40.093ms
[400.025s][info][gc          ] Allocation Stall (Executor task launch worker for task 22.0 in stage 84.0 (TID 1388)) 34.895ms
[400.025s][info][gc          ] Allocation Stall (Executor task launch worker for task 29.0 in stage 84.0 (TID 1394)) 35.144ms
[400.025s][info][gc          ] Allocation Stall (Executor task launch worker for task 26.0 in stage 84.0 (TID 1391)) 34.634ms
[400.025s][info][gc          ] Allocation Stall (Executor task launch worker for task 41.0 in stage 84.0 (TID 1404)) 34.550ms
[400.025s][info][gc          ] Allocation Stall (Executor task launch worker for task 15.0 in stage 84.0 (TID 1383)) 35.137ms
[400.028s][info][gc,phases   ] GC(2209) Concurrent Select Relocation Set 3.271ms
[400.036s][info][gc,phases   ] GC(2209) Pause Relocate Start 0.008ms
[400.039s][info][gc,phases   ] GC(2209) Concurrent Relocate 2.047ms
[400.039s][info][gc,load     ] GC(2209) Load: 0.00/0.00/0.00
[400.039s][info][gc,mmu      ] GC(2209) MMU: 2ms/86.2%, 5ms/94.5%, 10ms/97.2%, 20ms/98.6%, 50ms/99.4%, 100ms/99.6%
[400.039s][info][gc,marking  ] GC(2209) Mark: 8 stripe(s), 3 proactive flush(es), 1 terminate flush(es), 0 completion(s), 0 continuation(s) 
[400.039s][info][gc,marking  ] GC(2209) Mark Stack Usage: 32M
[400.039s][info][gc,nmethod  ] GC(2209) NMethods: 8123 registered, 1321 unregistered
[400.039s][info][gc,metaspace] GC(2209) Metaspace: 120M used, 123M committed, 1152M reserved
[400.039s][info][gc,ref      ] GC(2209) Soft: 2877 encountered, 435 discovered, 0 enqueued
[400.039s][info][gc,ref      ] GC(2209) Weak: 14357 encountered, 755 discovered, 1 enqueued
[400.039s][info][gc,ref      ] GC(2209) Final: 84 encountered, 0 discovered, 0 enqueued
[400.039s][info][gc,ref      ] GC(2209) Phantom: 764 encountered, 671 discovered, 0 enqueued
[400.039s][info][gc,reloc    ] GC(2209) Small Pages: 418 / 836M, Empty: 640M, Relocated: 2M, In-Place: 0
[400.039s][info][gc,reloc    ] GC(2209) Medium Pages: 37 / 1184M, Empty: 0M, Relocated: 0M, In-Place: 0
[400.039s][info][gc,reloc    ] GC(2209) Large Pages: 1 / 8M, Empty: 0M, Relocated: 0M, In-Place: 0
[400.039s][info][gc,reloc    ] GC(2209) Forwarding Usage: 0M
[400.039s][info][gc,heap     ] GC(2209) Min Capacity: 8M(0%)
[400.039s][info][gc,heap     ] GC(2209) Max Capacity: 2048M(100%)
[400.039s][info][gc,heap     ] GC(2209) Soft Max Capacity: 2048M(100%)
[400.039s][info][gc,heap     ] GC(2209)                Mark Start          Mark End        Relocate Start      Relocate End           High               Low         
[400.039s][info][gc,heap     ] GC(2209)  Capacity:     2048M (100%)       2048M (100%)       2048M (100%)       2048M (100%)       2048M (100%)       2048M (100%)   
[400.039s][info][gc,heap     ] GC(2209)      Free:        0M (0%)            0M (0%)          588M (29%)         664M (32%)         686M (33%)           0M (0%)     
[400.039s][info][gc,heap     ] GC(2209)      Used:     2048M (100%)       2048M (100%)       1460M (71%)        1384M (68%)        2048M (100%)       1362M (67%)    
[400.039s][info][gc,heap     ] GC(2209)      Live:         -              1093M (53%)        1093M (53%)        1093M (53%)            -                  -          
[400.039s][info][gc,heap     ] GC(2209) Allocated:         -                 0M (0%)           52M (3%)           77M (4%)             -                  -          
[400.039s][info][gc,heap     ] GC(2209)   Garbage:         -               954M (47%)         314M (15%)         212M (10%)            -                  -          
[400.039s][info][gc,heap     ] GC(2209) Reclaimed:         -                  -               640M (31%)         741M (36%)            -                  -          
[400.039s][info][gc          ] GC(2209) Garbage Collection (Allocation Stall) 2048M(100%)->1384M(68%)
[400.045s][info][gc,start    ] GC(2210) Garbage Collection (Allocation Stall)
[400.045s][info][gc,ref      ] GC(2210) Clearing All SoftReferences
[400.045s][info][gc,task     ] GC(2210) Using 12 workers
[400.045s][info][gc,ref      ] GC(2210) Clearing All SoftReferences
[400.045s][info][gc,phases   ] GC(2210) Pause Mark Start 0.042ms
[400.140s][info][gc,stats    ] === Garbage Collection Statistics =======================================================================================================================
[400.140s][info][gc,stats    ]                                                              Last 10s              Last 10m              Last 10h                Total
[400.140s][info][gc,stats    ]                                                              Avg / Max             Avg / Max             Avg / Max             Avg / Max
[400.140s][info][gc,stats    ]   Collector: Garbage Collection Cycle                    102.360 / 318.963     108.669 / 540.805     108.669 / 540.805     108.669 / 540.805     ms
[400.140s][info][gc,stats    ]  Contention: Mark Segment Reset Contention                    48 / 78               36 / 125              36 / 125              36 / 125         ops/s
[400.140s][info][gc,stats    ]  Contention: Mark SeqNum Reset Contention                      8 / 19                5 / 22                5 / 22                5 / 22          ops/s
[400.140s][info][gc,stats    ]    Critical: Allocation Stall                                318 / 596             260 / 1037            260 / 1037            260 / 1037        ops/s
[400.140s][info][gc,stats    ]    Critical: Allocation Stall                             14.621 / 77.604       15.873 / 335.244      15.873 / 335.244      15.873 / 335.244     ms
[400.140s][info][gc,stats    ]    Critical: GC Locker Stall                                   0 / 0                 0 / 1                 0 / 1                 0 / 1           ops/s
[400.140s][info][gc,stats    ]    Critical: GC Locker Stall                               0.000 / 0.000         0.001 / 0.001         0.001 / 0.001         0.001 / 0.001       ms
[400.140s][info][gc,stats    ]    Critical: Relocation Stall                                  0 / 1                 1 / 59                1 / 59                1 / 59          ops/s
[400.140s][info][gc,stats    ]    Critical: Relocation Stall                             96.611 / 96.611       21.700 / 258.161      21.700 / 258.161      21.700 / 258.161     ms
[400.140s][info][gc,stats    ]      Memory: Allocation Rate                                7034 / 10448          5667 / 18834          5667 / 18834          5667 / 18834       MB/s
[400.140s][info][gc,stats    ]      Memory: Defragment                                      353 / 577             259 / 780             259 / 780             259 / 780         ops/s
[400.140s][info][gc,stats    ]      Memory: Out Of Memory                                     0 / 0                 0 / 0                 0 / 0                 0 / 0           ops/s
[400.140s][info][gc,stats    ]      Memory: Page Cache Flush                               1477 / 2554           1093 / 3216           1093 / 3216           1093 / 3216        MB/s
[400.140s][info][gc,stats    ]      Memory: Page Cache Hit L1                              2872 / 4488           2342 / 9176           2342 / 9176           2342 / 9176        ops/s
[400.140s][info][gc,stats    ]      Memory: Page Cache Hit L2                                 0 / 0                 0 / 0                 0 / 0                 0 / 0           ops/s
[400.140s][info][gc,stats    ]      Memory: Page Cache Hit L3                               333 / 553             248 / 742             248 / 742             248 / 742         ops/s
[400.140s][info][gc,stats    ]      Memory: Page Cache Miss                                  26 / 46               20 / 64               20 / 64               20 / 64          ops/s
[400.140s][info][gc,stats    ]      Memory: Uncommit                                          0 / 0                 0 / 0                 0 / 0                 0 / 0           MB/s
[400.140s][info][gc,stats    ]      Memory: Undo Object Allocation Failed                   373 / 963             270 / 3254            270 / 3254            270 / 3254        ops/s
[400.140s][info][gc,stats    ]      Memory: Undo Object Allocation Succeeded                 52 / 205              41 / 1620             41 / 1620             41 / 1620        ops/s
[400.140s][info][gc,stats    ]      Memory: Undo Page Allocation                           1434 / 2121           1216 / 5658           1216 / 5658           1216 / 5658        ops/s
[400.140s][info][gc,stats    ]       Phase: Concurrent Mark                              32.898 / 129.910      37.835 / 295.090      37.835 / 295.090      37.835 / 295.090     ms
[400.140s][info][gc,stats    ]       Phase: Concurrent Mark Continue                      0.000 / 0.000         0.000 / 0.000         0.000 / 0.000         0.000 / 0.000       ms
[400.140s][info][gc,stats    ]       Phase: Concurrent Mark Free                          0.001 / 0.001         0.001 / 0.020         0.001 / 0.020         0.001 / 0.020       ms
[400.140s][info][gc,stats    ]       Phase: Concurrent Process Non-Strong References      7.352 / 48.065        5.982 / 206.013       5.982 / 206.013       5.982 / 206.013     ms
[400.140s][info][gc,stats    ]       Phase: Concurrent Relocate                          42.626 / 260.876      43.806 / 364.323      43.806 / 364.323      43.806 / 364.323     ms
[400.140s][info][gc,stats    ]       Phase: Concurrent Reset Relocation Set               0.005 / 0.024         0.005 / 0.038         0.005 / 0.038         0.005 / 0.038       ms
[400.140s][info][gc,stats    ]       Phase: Concurrent Select Relocation Set              5.750 / 64.013        7.839 / 96.103        7.839 / 96.103        7.839 / 96.103      ms
[400.140s][info][gc,stats    ]       Phase: Pause Mark End                                0.025 / 0.080         0.025 / 0.219         0.025 / 0.219         0.025 / 0.219       ms
[400.140s][info][gc,stats    ]       Phase: Pause Mark Start                              0.039 / 0.085         0.038 / 0.276         0.038 / 0.276         0.038 / 0.276       ms
[400.140s][info][gc,stats    ]       Phase: Pause Relocate Start                          0.008 / 0.013         0.008 / 0.046         0.008 / 0.046         0.008 / 0.046       ms
[400.140s][info][gc,stats    ]    Subphase: Concurrent Classes Purge                      0.045 / 1.271         0.086 / 24.821        0.086 / 24.821        0.086 / 24.821      ms
[400.140s][info][gc,stats    ]    Subphase: Concurrent Classes Unlink                     5.427 / 28.594        4.476 / 190.575       4.476 / 190.575       4.476 / 190.575     ms
[400.140s][info][gc,stats    ]    Subphase: Concurrent Mark                              28.917 / 126.304      29.052 / 237.807      29.052 / 237.807      29.052 / 237.807     ms
[400.140s][info][gc,stats    ]    Subphase: Concurrent Mark Try Flush                     2.017 / 81.058        2.329 / 115.056       2.329 / 115.056       2.329 / 115.056     ms
[400.140s][info][gc,stats    ]    Subphase: Concurrent Mark Try Terminate                 9.954 / 16.584        9.983 / 78.095        9.983 / 78.095        9.983 / 78.095      ms
[400.140s][info][gc,stats    ]    Subphase: Concurrent References Enqueue                 0.002 / 0.004         0.002 / 0.016         0.002 / 0.016         0.002 / 0.016       ms
[400.141s][info][gc,stats    ]    Subphase: Concurrent References Process                 0.090 / 0.190         0.121 / 1.460         0.121 / 1.460         0.121 / 1.460       ms
[400.141s][info][gc,stats    ]    Subphase: Concurrent Roots ClassLoaderDataGraph         0.124 / 1.369         0.128 / 2.992         0.128 / 2.992         0.128 / 2.992       ms
[400.141s][info][gc,stats    ]    Subphase: Concurrent Roots CodeCache                    0.000 / 0.000         0.000 / 0.000         0.000 / 0.000         0.000 / 0.000       ms
[400.141s][info][gc,stats    ]    Subphase: Concurrent Roots JavaThreads                  3.149 / 15.034        7.383 / 243.527       7.383 / 243.527       7.383 / 243.527     ms
[400.141s][info][gc,stats    ]    Subphase: Concurrent Roots OopStorageSet                0.039 / 0.483         0.034 / 1.224         0.034 / 1.224         0.034 / 1.224       ms
[400.141s][info][gc,stats    ]    Subphase: Concurrent Weak Roots OopStorageSet           0.290 / 0.532         0.286 / 1.150         0.286 / 1.150         0.286 / 1.150       ms
[400.141s][info][gc,stats    ]    Subphase: Pause Mark Try Complete                       0.006 / 0.044         0.004 / 0.149         0.004 / 0.149         0.004 / 0.149       ms
[400.141s][info][gc,stats    ]      System: Java Threads                                    252 / 268             238 / 279             238 / 279             238 / 279         threads
[400.141s][info][gc,stats    ] =========================================================================================================================================================
[400.280s][info][gc,phases   ] GC(2210) Concurrent Mark 234.847ms
[400.281s][info][gc,phases   ] GC(2210) Pause Mark End 0.034ms
[400.303s][info][gc,phases   ] GC(2210) Concurrent Mark Free 0.001ms
[400.309s][info][gc          ] Allocation Stall (Executor task launch worker for task 36.0 in stage 84.0 (TID 1399)) 2.926ms
[400.309s][info][gc          ] Allocation Stall (Executor task launch worker for task 21.0 in stage 84.0 (TID 1387)) 2.935ms
[400.309s][info][gc          ] Allocation Stall (Executor task launch worker for task 5.0 in stage 84.0 (TID 1375)) 2.871ms
[400.310s][info][gc          ] Allocation Stall (Executor task launch worker for task 32.0 in stage 84.0 (TID 1396)) 2.707ms
[400.310s][info][gc          ] Allocation Stall (Executor task launch worker for task 39.0 in stage 84.0 (TID 1402)) 2.667ms
[400.310s][info][gc          ] Allocation Stall (Executor task launch worker for task 35.0 in stage 84.0 (TID 1415)) 2.661ms
[400.310s][info][gc          ] Allocation Stall (Executor task launch worker for task 31.0 in stage 84.0 (TID 1395)) 2.668ms
[400.310s][info][gc          ] Allocation Stall (Executor task launch worker for task 43.0 in stage 84.0 (TID 1405)) 2.791ms
[400.310s][info][gc          ] Allocation Stall (Executor task launch worker for task 19.0 in stage 84.0 (TID 1411)) 2.843ms
[400.310s][info][gc          ] Allocation Stall (Executor task launch worker for task 4.0 in stage 84.0 (TID 1374)) 2.875ms
[400.310s][info][gc          ] Allocation Stall (Executor task launch worker for task 38.0 in stage 84.0 (TID 1401)) 2.804ms
[400.310s][info][gc          ] Allocation Stall (Executor task launch worker for task 17.0 in stage 84.0 (TID 1385)) 2.838ms
[400.310s][info][gc          ] Allocation Stall (Executor task launch worker for task 42.0 in stage 84.0 (TID 1416)) 2.801ms
[400.310s][info][gc          ] Allocation Stall (Executor task launch worker for task 18.0 in stage 84.0 (TID 1386)) 2.811ms
[400.310s][info][gc          ] Allocation Stall (Executor task launch worker for task 8.0 in stage 84.0 (TID 1378)) 2.696ms
[400.310s][info][gc          ] Allocation Stall (Executor task launch worker for task 41.0 in stage 84.0 (TID 1404)) 2.647ms
[400.310s][info][gc          ] Allocation Stall (Executor task launch worker for task 20.0 in stage 84.0 (TID 1412)) 2.509ms
[400.310s][info][gc          ] Allocation Stall (Executor task launch worker for task 44.0 in stage 84.0 (TID 1417)) 2.353ms
[400.310s][info][gc          ] Allocation Stall (Executor task launch worker for task 2.0 in stage 84.0 (TID 1373)) 2.111ms
[400.310s][info][gc          ] Allocation Stall (Executor task launch worker for task 25.0 in stage 84.0 (TID 1390)) 1.971ms
[400.310s][info][gc          ] Allocation Stall (Executor task launch worker for task 26.0 in stage 84.0 (TID 1391)) 1.861ms
[400.310s][info][gc          ] Allocation Stall (Executor task launch worker for task 16.0 in stage 84.0 (TID 1384)) 1.912ms
[400.310s][info][gc          ] Allocation Stall (Executor task launch worker for task 10.0 in stage 84.0 (TID 1380)) 1.901ms
[400.310s][info][gc          ] Allocation Stall (Executor task launch worker for task 12.0 in stage 84.0 (TID 1381)) 1.822ms
[400.310s][info][gc          ] Allocation Stall (Executor task launch worker for task 24.0 in stage 84.0 (TID 1413)) 1.758ms
[400.310s][info][gc          ] Allocation Stall (Executor task launch worker for task 46.0 in stage 84.0 (TID 1419)) 1.694ms
[400.310s][info][gc          ] Allocation Stall (Executor task launch worker for task 9.0 in stage 84.0 (TID 1379)) 1.716ms
[400.311s][info][gc          ] Allocation Stall (Executor task launch worker for task 29.0 in stage 84.0 (TID 1394)) 1.625ms
[400.311s][info][gc          ] Allocation Stall (Executor task launch worker for task 23.0 in stage 84.0 (TID 1389)) 1.655ms
[400.317s][info][gc          ] Allocation Stall (Executor task launch worker for task 6.0 in stage 84.0 (TID 1376)) 4.492ms
[400.332s][info][gc,phases   ] GC(2210) Concurrent Process Non-Strong References 28.587ms
[400.332s][info][gc,phases   ] GC(2210) Concurrent Reset Relocation Set 0.006ms
[400.335s][info][gc          ] Allocation Stall (Executor task launch worker for task 18.0 in stage 84.0 (TID 1386)) 9.952ms
[400.335s][info][gc          ] Allocation Stall (Executor task launch worker for task 17.0 in stage 84.0 (TID 1385)) 10.124ms
[400.335s][info][gc          ] Allocation Stall (Executor task launch worker for task 33.0 in stage 84.0 (TID 1397)) 9.727ms
[400.335s][info][gc          ] Allocation Stall (Executor task launch worker for task 46.0 in stage 84.0 (TID 1419)) 9.716ms
[400.335s][info][gc          ] Allocation Stall (Executor task launch worker for task 34.0 in stage 84.0 (TID 1398)) 9.449ms
[400.335s][info][gc          ] Allocation Stall (Executor task launch worker for task 1.0 in stage 84.0 (TID 1372)) 9.854ms
[400.335s][info][gc          ] Allocation Stall (Executor task launch worker for task 42.0 in stage 84.0 (TID 1416)) 9.849ms
[400.335s][info][gc          ] Allocation Stall (Executor task launch worker for task 19.0 in stage 84.0 (TID 1411)) 9.539ms
[400.335s][info][gc          ] Allocation Stall (Executor task launch worker for task 37.0 in stage 84.0 (TID 1400)) 10.080ms
[400.335s][info][gc          ] Allocation Stall (Executor task launch worker for task 14.0 in stage 84.0 (TID 1410)) 9.518ms
[400.335s][info][gc          ] Allocation Stall (Executor task launch worker for task 0.0 in stage 84.0 (TID 1407)) 9.993ms
[400.335s][info][gc          ] Allocation Stall (Executor task launch worker for task 31.0 in stage 84.0 (TID 1395)) 10.221ms
[400.335s][info][gc          ] Allocation Stall (Executor task launch worker for task 20.0 in stage 84.0 (TID 1412)) 10.485ms
[400.335s][info][gc          ] Allocation Stall (Executor task launch worker for task 35.0 in stage 84.0 (TID 1415)) 10.051ms
[400.335s][info][gc          ] Allocation Stall (Executor task launch worker for task 21.0 in stage 84.0 (TID 1387)) 12.492ms
[400.335s][info][gc          ] Allocation Stall (Executor task launch worker for task 24.0 in stage 84.0 (TID 1413)) 9.406ms
[400.335s][info][gc          ] Allocation Stall (Executor task launch worker for task 43.0 in stage 84.0 (TID 1405)) 9.607ms
[400.335s][info][gc          ] Allocation Stall (Executor task launch worker for task 11.0 in stage 84.0 (TID 1409)) 9.719ms
[400.335s][info][gc          ] Allocation Stall (Executor task launch worker for task 7.0 in stage 84.0 (TID 1377)) 10.188ms
[400.335s][info][gc          ] Allocation Stall (Executor task launch worker for task 45.0 in stage 84.0 (TID 1418)) 14.022ms
[400.335s][info][gc          ] Allocation Stall (Executor task launch worker for task 13.0 in stage 84.0 (TID 1382)) 10.443ms
[400.335s][info][gc          ] Allocation Stall (Executor task launch worker for task 28.0 in stage 84.0 (TID 1393)) 10.338ms
[400.335s][info][gc          ] Allocation Stall (Executor task launch worker for task 39.0 in stage 84.0 (TID 1402)) 10.010ms
[400.335s][info][gc          ] Allocation Stall (Executor task launch worker for task 32.0 in stage 84.0 (TID 1396)) 10.672ms
[400.335s][info][gc          ] Allocation Stall (Executor task launch worker for task 6.0 in stage 84.0 (TID 1376)) 12.168ms
[400.335s][info][gc          ] Allocation Stall (Executor task launch worker for task 2.0 in stage 84.0 (TID 1373)) 9.819ms
[400.335s][info][gc          ] Allocation Stall (Executor task launch worker for task 5.0 in stage 84.0 (TID 1375)) 11.333ms
[400.335s][info][gc          ] Allocation Stall (Executor task launch worker for task 8.0 in stage 84.0 (TID 1378)) 9.560ms
[400.335s][info][gc          ] Allocation Stall (Executor task launch worker for task 41.0 in stage 84.0 (TID 1404)) 9.592ms
[400.335s][info][gc          ] Allocation Stall (Executor task launch worker for task 3.0 in stage 84.0 (TID 1408)) 14.244ms
[400.335s][info][gc          ] Allocation Stall (Executor task launch worker for task 9.0 in stage 84.0 (TID 1379)) 14.063ms
[400.335s][info][gc          ] Allocation Stall (Executor task launch worker for task 4.0 in stage 84.0 (TID 1374)) 11.297ms
[400.335s][info][gc          ] Allocation Stall (Executor task launch worker for task 44.0 in stage 84.0 (TID 1417)) 9.434ms
[400.335s][info][gc          ] Allocation Stall (Executor task launch worker for task 23.0 in stage 84.0 (TID 1389)) 14.167ms
[400.335s][info][gc          ] Allocation Stall (Executor task launch worker for task 15.0 in stage 84.0 (TID 1383)) 14.334ms
[400.335s][info][gc          ] Allocation Stall (Executor task launch worker for task 12.0 in stage 84.0 (TID 1381)) 9.738ms
[400.335s][info][gc          ] Allocation Stall (Executor task launch worker for task 27.0 in stage 84.0 (TID 1392)) 11.403ms
[400.335s][info][gc          ] Allocation Stall (Executor task launch worker for task 26.0 in stage 84.0 (TID 1391)) 9.685ms
[400.335s][info][gc          ] Allocation Stall (Executor task launch worker for task 16.0 in stage 84.0 (TID 1384)) 14.338ms
[400.335s][info][gc          ] Allocation Stall (Executor task launch worker for task 22.0 in stage 84.0 (TID 1388)) 13.420ms
[400.335s][info][gc          ] Allocation Stall (Executor task launch worker for task 25.0 in stage 84.0 (TID 1390)) 9.651ms
[400.335s][info][gc          ] Allocation Stall (Executor task launch worker for task 10.0 in stage 84.0 (TID 1380)) 14.145ms
[400.335s][info][gc          ] Allocation Stall (Executor task launch worker for task 40.0 in stage 84.0 (TID 1403)) 10.512ms
[400.335s][info][gc          ] Allocation Stall (Executor task launch worker for task 30.0 in stage 84.0 (TID 1414)) 11.801ms
[400.335s][info][gc          ] Allocation Stall (Executor task launch worker for task 38.0 in stage 84.0 (TID 1401)) 10.720ms
[400.335s][info][gc          ] Allocation Stall (Executor task launch worker for task 36.0 in stage 84.0 (TID 1399)) 9.755ms
[400.335s][info][gc          ] Allocation Stall (Executor task launch worker for task 29.0 in stage 84.0 (TID 1394)) 14.205ms
[400.335s][info][gc,phases   ] GC(2210) Concurrent Select Relocation Set 2.556ms
[400.336s][info][gc,phases   ] GC(2210) Pause Relocate Start 0.007ms
[400.354s][info][gc          ] Allocation Stall (Executor task launch worker for task 19.0 in stage 84.0 (TID 1411)) 5.298ms
[400.354s][info][gc          ] Allocation Stall (Executor task launch worker for task 30.0 in stage 84.0 (TID 1414)) 10.635ms
[400.354s][info][gc          ] Allocation Stall (Executor task launch worker for task 27.0 in stage 84.0 (TID 1392)) 10.700ms
[400.354s][info][gc          ] Allocation Stall (Executor task launch worker for task 25.0 in stage 84.0 (TID 1390)) 10.715ms
[400.354s][info][gc          ] Allocation Stall (Executor task launch worker for task 15.0 in stage 84.0 (TID 1383)) 10.791ms
[400.355s][info][gc          ] Allocation Stall (Executor task launch worker for task 11.0 in stage 84.0 (TID 1409)) 6.075ms
[400.355s][info][gc          ] Allocation Stall (Executor task launch worker for task 32.0 in stage 84.0 (TID 1396)) 10.626ms
[400.355s][info][gc          ] Allocation Stall (Executor task launch worker for task 14.0 in stage 84.0 (TID 1410)) 4.420ms
[400.355s][info][gc          ] Allocation Stall (Executor task launch worker for task 7.0 in stage 84.0 (TID 1377)) 10.770ms
[400.355s][info][gc          ] Allocation Stall (Executor task launch worker for task 36.0 in stage 84.0 (TID 1399)) 10.971ms
[400.355s][info][gc          ] Allocation Stall (Executor task launch worker for task 16.0 in stage 84.0 (TID 1384)) 10.932ms
[400.355s][info][gc          ] Allocation Stall (Executor task launch worker for task 5.0 in stage 84.0 (TID 1375)) 10.930ms
[400.355s][info][gc          ] Allocation Stall (Executor task launch worker for task 9.0 in stage 84.0 (TID 1379)) 10.859ms
[400.355s][info][gc          ] Allocation Stall (Executor task launch worker for task 20.0 in stage 84.0 (TID 1412)) 10.856ms
[400.355s][info][gc          ] Allocation Stall (Executor task launch worker for task 46.0 in stage 84.0 (TID 1419)) 10.859ms
[400.355s][info][gc          ] Allocation Stall (Executor task launch worker for task 29.0 in stage 84.0 (TID 1394)) 10.858ms
[400.355s][info][gc          ] Allocation Stall (Executor task launch worker for task 8.0 in stage 84.0 (TID 1378)) 4.605ms
[400.355s][info][gc          ] Allocation Stall (Executor task launch worker for task 35.0 in stage 84.0 (TID 1415)) 4.598ms
[400.355s][info][gc          ] Allocation Stall (Executor task launch worker for task 6.0 in stage 84.0 (TID 1376)) 4.655ms
[400.355s][info][gc          ] Allocation Stall (Executor task launch worker for task 22.0 in stage 84.0 (TID 1388)) 4.695ms
[400.355s][info][gc          ] Allocation Stall (Executor task launch worker for task 23.0 in stage 84.0 (TID 1389)) 4.637ms
[400.355s][info][gc          ] Allocation Stall (Executor task launch worker for task 21.0 in stage 84.0 (TID 1387)) 4.653ms
[400.355s][info][gc          ] Allocation Stall (Executor task launch worker for task 37.0 in stage 84.0 (TID 1400)) 4.551ms
[400.355s][info][gc          ] Allocation Stall (Executor task launch worker for task 1.0 in stage 84.0 (TID 1372)) 4.601ms
[400.355s][info][gc          ] Allocation Stall (Executor task launch worker for task 33.0 in stage 84.0 (TID 1397)) 4.578ms
[400.355s][info][gc          ] Allocation Stall (Executor task launch worker for task 26.0 in stage 84.0 (TID 1391)) 4.558ms
[400.355s][info][gc          ] Allocation Stall (Executor task launch worker for task 18.0 in stage 84.0 (TID 1386)) 4.559ms
[400.355s][info][gc          ] Allocation Stall (Executor task launch worker for task 13.0 in stage 84.0 (TID 1382)) 4.551ms
[400.355s][info][gc          ] Allocation Stall (Executor task launch worker for task 28.0 in stage 84.0 (TID 1393)) 4.551ms
[400.355s][info][gc          ] Allocation Stall (Executor task launch worker for task 41.0 in stage 84.0 (TID 1404)) 4.526ms
[400.355s][info][gc          ] Allocation Stall (Executor task launch worker for task 3.0 in stage 84.0 (TID 1408)) 4.578ms
[400.355s][info][gc          ] Allocation Stall (Executor task launch worker for task 38.0 in stage 84.0 (TID 1401)) 4.535ms
[400.355s][info][gc          ] Allocation Stall (Executor task launch worker for task 2.0 in stage 84.0 (TID 1373)) 4.466ms
[400.355s][info][gc          ] Allocation Stall (Executor task launch worker for task 40.0 in stage 84.0 (TID 1403)) 4.497ms
[400.355s][info][gc          ] Allocation Stall (Executor task launch worker for task 0.0 in stage 84.0 (TID 1407)) 4.336ms
[400.355s][info][gc          ] Allocation Stall (Executor task launch worker for task 43.0 in stage 84.0 (TID 1405)) 4.251ms
[400.355s][info][gc          ] Allocation Stall (Executor task launch worker for task 31.0 in stage 84.0 (TID 1395)) 4.226ms
[400.356s][info][gc          ] Allocation Stall (Executor task launch worker for task 10.0 in stage 84.0 (TID 1380)) 4.297ms
[400.356s][info][gc          ] Allocation Stall (Executor task launch worker for task 39.0 in stage 84.0 (TID 1402)) 4.338ms
[400.356s][info][gc          ] Allocation Stall (Executor task launch worker for task 34.0 in stage 84.0 (TID 1398)) 4.365ms
[400.356s][info][gc          ] Allocation Stall (Executor task launch worker for task 12.0 in stage 84.0 (TID 1381)) 4.294ms
[400.356s][info][gc          ] Allocation Stall (Executor task launch worker for task 4.0 in stage 84.0 (TID 1374)) 4.249ms
[400.356s][info][gc          ] Allocation Stall (Executor task launch worker for task 42.0 in stage 84.0 (TID 1416)) 4.177ms
[400.356s][info][gc          ] Allocation Stall (Executor task launch worker for task 24.0 in stage 84.0 (TID 1413)) 4.064ms
[400.362s][info][gc          ] Allocation Stall (Executor task launch worker for task 17.0 in stage 84.0 (TID 1385)) 10.187ms
[400.362s][info][gc          ] Allocation Stall (Executor task launch worker for task 45.0 in stage 84.0 (TID 1418)) 10.056ms
[400.362s][info][gc          ] Allocation Stall (Executor task launch worker for task 44.0 in stage 84.0 (TID 1417)) 8.410ms
[400.362s][info][gc          ] Allocation Stall (Executor task launch worker for task 18.0 in stage 84.0 (TID 1386)) 1.581ms
[400.362s][info][gc          ] Allocation Stall (Executor task launch worker for task 6.0 in stage 84.0 (TID 1376)) 1.611ms
[400.362s][info][gc          ] Allocation Stall (Executor task launch worker for task 1.0 in stage 84.0 (TID 1372)) 1.644ms
[400.362s][info][gc          ] Allocation Stall (Executor task launch worker for task 40.0 in stage 84.0 (TID 1403)) 1.573ms
[400.362s][info][gc          ] Allocation Stall (Executor task launch worker for task 23.0 in stage 84.0 (TID 1389)) 1.564ms
[400.362s][info][gc          ] Allocation Stall (Executor task launch worker for task 12.0 in stage 84.0 (TID 1381)) 1.502ms
[400.362s][info][gc          ] Allocation Stall (Executor task launch worker for task 0.0 in stage 84.0 (TID 1407)) 1.540ms
[400.362s][info][gc          ] Allocation Stall (Executor task launch worker for task 10.0 in stage 84.0 (TID 1380)) 1.545ms
[400.363s][info][gc          ] Allocation Stall (Executor task launch worker for task 2.0 in stage 84.0 (TID 1373)) 2.356ms
[400.363s][info][gc          ] Allocation Stall (Executor task launch worker for task 37.0 in stage 84.0 (TID 1400)) 2.307ms
[400.363s][info][gc          ] Allocation Stall (Executor task launch worker for task 39.0 in stage 84.0 (TID 1402)) 2.180ms
[400.363s][info][gc          ] Allocation Stall (Executor task launch worker for task 22.0 in stage 84.0 (TID 1388)) 2.185ms
[400.363s][info][gc          ] Allocation Stall (Executor task launch worker for task 43.0 in stage 84.0 (TID 1405)) 2.186ms
[400.364s][info][gc          ] Allocation Stall (Executor task launch worker for task 33.0 in stage 84.0 (TID 1397)) 2.197ms
[400.364s][info][gc          ] Allocation Stall (Executor task launch worker for task 31.0 in stage 84.0 (TID 1395)) 2.233ms
[400.364s][info][gc          ] Allocation Stall (Executor task launch worker for task 41.0 in stage 84.0 (TID 1404)) 2.853ms
[400.364s][info][gc          ] Allocation Stall (Executor task launch worker for task 13.0 in stage 84.0 (TID 1382)) 2.789ms
[400.364s][info][gc          ] Allocation Stall (Executor task launch worker for task 38.0 in stage 84.0 (TID 1401)) 2.840ms
[400.365s][info][gc          ] Allocation Stall (Executor task launch worker for task 24.0 in stage 84.0 (TID 1413)) 2.833ms
[400.381s][info][gc          ] Allocation Stall (Executor task launch worker for task 42.0 in stage 84.0 (TID 1416)) 8.181ms
[400.381s][info][gc          ] Allocation Stall (Executor task launch worker for task 21.0 in stage 84.0 (TID 1387)) 6.359ms
[400.381s][info][gc          ] Allocation Stall (Executor task launch worker for task 4.0 in stage 84.0 (TID 1374)) 7.369ms
[400.381s][info][gc          ] Allocation Stall (Executor task launch worker for task 36.0 in stage 84.0 (TID 1399)) 7.436ms
[400.381s][info][gc          ] Allocation Stall (Executor task launch worker for task 19.0 in stage 84.0 (TID 1411)) 6.214ms
[400.381s][info][gc          ] Allocation Stall (Executor task launch worker for task 34.0 in stage 84.0 (TID 1398)) 6.309ms
[400.381s][info][gc          ] Allocation Stall (Executor task launch worker for task 9.0 in stage 84.0 (TID 1379)) 6.502ms
[400.381s][info][gc          ] Allocation Stall (Executor task launch worker for task 28.0 in stage 84.0 (TID 1393)) 6.489ms
[400.381s][info][gc          ] Allocation Stall (Executor task launch worker for task 22.0 in stage 84.0 (TID 1388)) 9.137ms
[400.381s][info][gc,phases   ] GC(2210) Concurrent Relocate 44.931ms
[400.381s][info][gc          ] Allocation Stall (Executor task launch worker for task 43.0 in stage 84.0 (TID 1405)) 9.131ms
[400.381s][info][gc          ] Allocation Stall (Executor task launch worker for task 38.0 in stage 84.0 (TID 1401)) 8.897ms
[400.381s][info][gc          ] Allocation Stall (Executor task launch worker for task 8.0 in stage 84.0 (TID 1378)) 8.042ms
[400.381s][info][gc          ] Allocation Stall (Executor task launch worker for task 31.0 in stage 84.0 (TID 1395)) 8.005ms
[400.381s][info][gc          ] Allocation Stall (Executor task launch worker for task 14.0 in stage 84.0 (TID 1410)) 7.972ms
[400.381s][info][gc          ] Allocation Stall (Executor task launch worker for task 15.0 in stage 84.0 (TID 1383)) 7.887ms
[400.381s][info][gc          ] Allocation Stall (Executor task launch worker for task 32.0 in stage 84.0 (TID 1396)) 7.872ms
[400.382s][info][gc,load     ] GC(2210) Load: 0.00/0.00/0.00
[400.382s][info][gc,mmu      ] GC(2210) MMU: 2ms/86.2%, 5ms/94.5%, 10ms/97.2%, 20ms/98.6%, 50ms/99.4%, 100ms/99.6%
[400.382s][info][gc,marking  ] GC(2210) Mark: 8 stripe(s), 2 proactive flush(es), 1 terminate flush(es), 0 completion(s), 0 continuation(s) 
[400.382s][info][gc,marking  ] GC(2210) Mark Stack Usage: 32M
[400.382s][info][gc,nmethod  ] GC(2210) NMethods: 8126 registered, 1321 unregistered
[400.382s][info][gc,metaspace] GC(2210) Metaspace: 120M used, 123M committed, 1152M reserved
[400.382s][info][gc,ref      ] GC(2210) Soft: 2877 encountered, 303 discovered, 0 enqueued
[400.382s][info][gc,ref      ] GC(2210) Weak: 14301 encountered, 1942 discovered, 0 enqueued
[400.382s][info][gc,ref      ] GC(2210) Final: 84 encountered, 1 discovered, 0 enqueued
[400.382s][info][gc,ref      ] GC(2210) Phantom: 764 encountered, 529 discovered, 0 enqueued
[400.382s][info][gc,reloc    ] GC(2210) Small Pages: 115 / 230M, Empty: 102M, Relocated: 2M, In-Place: 0
[400.382s][info][gc,reloc    ] GC(2210) Medium Pages: 38 / 1216M, Empty: 0M, Relocated: 14M, In-Place: 0
[400.382s][info][gc,reloc    ] GC(2210) Large Pages: 1 / 8M, Empty: 0M, Relocated: 0M, In-Place: 0
[400.382s][info][gc,reloc    ] GC(2210) Forwarding Usage: 0M
[400.382s][info][gc,heap     ] GC(2210) Min Capacity: 8M(0%)
[400.382s][info][gc,heap     ] GC(2210) Max Capacity: 2048M(100%)
[400.382s][info][gc,heap     ] GC(2210) Soft Max Capacity: 2048M(100%)
[400.382s][info][gc,heap     ] GC(2210)                Mark Start          Mark End        Relocate Start      Relocate End           High               Low         
[400.382s][info][gc,heap     ] GC(2210)  Capacity:     2048M (100%)       2048M (100%)       2048M (100%)       2048M (100%)       2048M (100%)       2048M (100%)   
[400.382s][info][gc,heap     ] GC(2210)      Free:      594M (29%)          60M (3%)           86M (4%)            0M (0%)          594M (29%)           0M (0%)     
[400.382s][info][gc,heap     ] GC(2210)      Used:     1454M (71%)        1988M (97%)        1962M (96%)        2048M (100%)       2048M (100%)       1454M (71%)    
[400.382s][info][gc,heap     ] GC(2210)      Live:         -              1095M (54%)        1095M (54%)        1095M (54%)            -                  -          
[400.382s][info][gc,heap     ] GC(2210) Allocated:         -               534M (26%)         610M (30%)         763M (37%)            -                  -          
[400.382s][info][gc,heap     ] GC(2210)   Garbage:         -               358M (17%)         256M (13%)         189M (9%)             -                  -          
[400.382s][info][gc,heap     ] GC(2210) Reclaimed:         -                  -               102M (5%)          169M (8%)             -                  -          
[400.382s][info][gc          ] GC(2210) Garbage Collection (Allocation Stall) 1454M(71%)->2048M(100%)
[400.382s][info][gc,start    ] GC(2211) Garbage Collection (Allocation Stall)
[400.382s][info][gc,ref      ] GC(2211) Clearing All SoftReferences
[400.382s][info][gc,task     ] GC(2211) Using 12 workers
[400.383s][info][gc,ref      ] GC(2211) Clearing All SoftReferences
[400.383s][info][gc,phases   ] GC(2211) Pause Mark Start 0.024ms
[400.383s][info][gc          ] Allocation Stall (Executor task launch worker for task 11.0 in stage 84.0 (TID 1409)) 7.575ms
[400.383s][info][gc          ] Allocation Stall (Executor task launch worker for task 45.0 in stage 84.0 (TID 1418)) 7.957ms
[400.383s][info][gc          ] Allocation Stall (Executor task launch worker for task 3.0 in stage 84.0 (TID 1408)) 7.926ms
[400.383s][info][gc          ] Allocation Stall (Executor task launch worker for task 44.0 in stage 84.0 (TID 1417)) 7.582ms
[400.383s][info][gc          ] Allocation Stall (Executor task launch worker for task 24.0 in stage 84.0 (TID 1413)) 7.607ms
[400.383s][info][gc          ] Allocation Stall (Executor task launch worker for task 18.0 in stage 84.0 (TID 1386)) 7.724ms
[400.383s][info][gc          ] Allocation Stall (Executor task launch worker for task 29.0 in stage 84.0 (TID 1394)) 7.391ms
[400.383s][info][gc          ] Allocation Stall (Executor task launch worker for task 30.0 in stage 84.0 (TID 1414)) 7.378ms
[400.383s][info][gc          ] Allocation Stall (Executor task launch worker for task 17.0 in stage 84.0 (TID 1385)) 7.576ms
[400.383s][info][gc          ] Allocation Stall (Executor task launch worker for task 6.0 in stage 84.0 (TID 1376)) 7.393ms
[400.383s][info][gc          ] Allocation Stall (Executor task launch worker for task 0.0 in stage 84.0 (TID 1407)) 7.058ms
[400.383s][info][gc          ] Allocation Stall (Executor task launch worker for task 25.0 in stage 84.0 (TID 1390)) 7.409ms
[400.383s][info][gc          ] Allocation Stall (Executor task launch worker for task 27.0 in stage 84.0 (TID 1392)) 7.358ms
[400.383s][info][gc          ] Allocation Stall (Executor task launch worker for task 40.0 in stage 84.0 (TID 1403)) 7.321ms
[400.383s][info][gc          ] Allocation Stall (Executor task launch worker for task 12.0 in stage 84.0 (TID 1381)) 7.088ms
[400.383s][info][gc          ] Allocation Stall (Executor task launch worker for task 10.0 in stage 84.0 (TID 1380)) 7.013ms
[400.383s][info][gc          ] Allocation Stall (Executor task launch worker for task 23.0 in stage 84.0 (TID 1389)) 6.974ms
[400.383s][info][gc          ] Allocation Stall (Executor task launch worker for task 20.0 in stage 84.0 (TID 1412)) 6.792ms
[400.383s][info][gc          ] Allocation Stall (Executor task launch worker for task 39.0 in stage 84.0 (TID 1402)) 6.825ms
[400.383s][info][gc          ] Allocation Stall (Executor task launch worker for task 2.0 in stage 84.0 (TID 1373)) 6.842ms
[400.384s][info][gc          ] Allocation Stall (Executor task launch worker for task 37.0 in stage 84.0 (TID 1400)) 7.012ms
[400.384s][info][gc          ] Allocation Stall (Executor task launch worker for task 33.0 in stage 84.0 (TID 1397)) 6.965ms
[400.384s][info][gc          ] Allocation Stall (Executor task launch worker for task 1.0 in stage 84.0 (TID 1372)) 6.966ms
[400.384s][info][gc          ] Allocation Stall (Executor task launch worker for task 41.0 in stage 84.0 (TID 1404)) 6.865ms
[400.384s][info][gc          ] Allocation Stall (Executor task launch worker for task 13.0 in stage 84.0 (TID 1382)) 6.550ms
[400.384s][info][gc          ] Allocation Stall (Executor task launch worker for task 7.0 in stage 84.0 (TID 1377)) 6.494ms
[400.384s][info][gc          ] Allocation Stall (Executor task launch worker for task 5.0 in stage 84.0 (TID 1375)) 6.505ms
[400.384s][info][gc          ] Allocation Stall (Executor task launch worker for task 46.0 in stage 84.0 (TID 1419)) 6.401ms
[400.384s][info][gc          ] Allocation Stall (Executor task launch worker for task 35.0 in stage 84.0 (TID 1415)) 6.327ms
[400.384s][info][gc          ] Allocation Stall (Executor task launch worker for task 26.0 in stage 84.0 (TID 1391)) 6.344ms
[400.384s][info][gc          ] Allocation Stall (Executor task launch worker for task 16.0 in stage 84.0 (TID 1384)) 6.378ms
[400.384s][info][gc          ] Allocation Stall (Executor task launch worker for task 36.0 in stage 84.0 (TID 1399)) 0.857ms
[400.384s][info][gc          ] Allocation Stall (Executor task launch worker for task 19.0 in stage 84.0 (TID 1411)) 0.882ms
[400.384s][info][gc          ] Allocation Stall (Executor task launch worker for task 9.0 in stage 84.0 (TID 1379)) 0.912ms
[400.384s][info][gc          ] Allocation Stall (Executor task launch worker for task 42.0 in stage 84.0 (TID 1416)) 0.997ms
[400.384s][info][gc          ] Allocation Stall (Executor task launch worker for task 43.0 in stage 84.0 (TID 1405)) 1.041ms
[400.384s][info][gc          ] Allocation Stall (Executor task launch worker for task 28.0 in stage 84.0 (TID 1393)) 1.052ms
[400.384s][info][gc          ] Allocation Stall (Executor task launch worker for task 4.0 in stage 84.0 (TID 1374)) 1.081ms
[400.384s][info][gc          ] Allocation Stall (Executor task launch worker for task 21.0 in stage 84.0 (TID 1387)) 1.108ms
[400.426s][info][gc,phases   ] GC(2211) Concurrent Mark 42.586ms
[400.426s][info][gc,phases   ] GC(2211) Pause Mark End 0.019ms
[400.426s][info][gc,phases   ] GC(2211) Concurrent Mark Free 0.001ms
[400.450s][info][gc,phases   ] GC(2211) Concurrent Process Non-Strong References 24.049ms
[400.450s][info][gc,phases   ] GC(2211) Concurrent Reset Relocation Set 0.005ms
[400.450s][info][gc          ] Allocation Stall (Executor task launch worker for task 17.0 in stage 84.0 (TID 1385)) 51.868ms
[400.450s][info][gc          ] Allocation Stall (Executor task launch worker for task 9.0 in stage 84.0 (TID 1379)) 52.570ms
[400.450s][info][gc          ] Allocation Stall (Executor task launch worker for task 14.0 in stage 84.0 (TID 1410)) 52.963ms
[400.450s][info][gc          ] Allocation Stall (Executor task launch worker for task 35.0 in stage 84.0 (TID 1415)) 52.673ms
[400.450s][info][gc          ] Allocation Stall (Executor task launch worker for task 38.0 in stage 84.0 (TID 1401)) 51.870ms
[400.450s][info][gc          ] Allocation Stall (Executor task launch worker for task 2.0 in stage 84.0 (TID 1373)) 52.106ms
[400.450s][info][gc          ] Allocation Stall (Executor task launch worker for task 28.0 in stage 84.0 (TID 1393)) 52.920ms
[400.450s][info][gc          ] Allocation Stall (Executor task launch worker for task 40.0 in stage 84.0 (TID 1403)) 51.854ms
[400.450s][info][gc          ] Allocation Stall (Executor task launch worker for task 13.0 in stage 84.0 (TID 1382)) 52.790ms
[400.450s][info][gc          ] Allocation Stall (Executor task launch worker for task 26.0 in stage 84.0 (TID 1391)) 53.121ms
[400.450s][info][gc          ] Allocation Stall (Executor task launch worker for task 12.0 in stage 84.0 (TID 1381)) 53.205ms
[400.450s][info][gc          ] Allocation Stall (Executor task launch worker for task 45.0 in stage 84.0 (TID 1418)) 54.279ms
[400.450s][info][gc          ] Allocation Stall (Executor task launch worker for task 41.0 in stage 84.0 (TID 1404)) 53.437ms
[400.450s][info][gc          ] Allocation Stall (Executor task launch worker for task 22.0 in stage 84.0 (TID 1388)) 51.880ms
[400.450s][info][gc          ] Allocation Stall (Spark Context Cleaner) 40.170ms
[400.450s][info][gc          ] Allocation Stall (Executor task launch worker for task 5.0 in stage 84.0 (TID 1375)) 52.509ms
[400.450s][info][gc          ] Allocation Stall (Executor task launch worker for task 0.0 in stage 84.0 (TID 1407)) 53.113ms
[400.450s][info][gc          ] Allocation Stall (Executor task launch worker for task 23.0 in stage 84.0 (TID 1389)) 51.975ms
[400.450s][info][gc          ] Allocation Stall (Executor task launch worker for task 42.0 in stage 84.0 (TID 1416)) 52.328ms
[400.450s][info][gc          ] Allocation Stall (Executor task launch worker for task 11.0 in stage 84.0 (TID 1409)) 52.409ms
[400.450s][info][gc          ] Allocation Stall (Executor task launch worker for task 16.0 in stage 84.0 (TID 1384)) 52.554ms
[400.450s][info][gc          ] Allocation Stall (Executor task launch worker for task 4.0 in stage 84.0 (TID 1374)) 51.960ms
[400.450s][info][gc          ] Allocation Stall (Executor task launch worker for task 7.0 in stage 84.0 (TID 1377)) 53.928ms
[400.450s][info][gc          ] Allocation Stall (Executor task launch worker for task 46.0 in stage 84.0 (TID 1419)) 52.984ms
[400.450s][info][gc          ] Allocation Stall (Executor task launch worker for task 1.0 in stage 84.0 (TID 1372)) 53.716ms
[400.450s][info][gc          ] Allocation Stall (Executor task launch worker for task 20.0 in stage 84.0 (TID 1412)) 51.994ms
[400.450s][info][gc          ] Allocation Stall (Executor task launch worker for task 21.0 in stage 84.0 (TID 1387)) 52.118ms
[400.450s][info][gc          ] Allocation Stall (Executor task launch worker for task 44.0 in stage 84.0 (TID 1417)) 53.281ms
[400.450s][info][gc          ] Allocation Stall (Executor task launch worker for task 15.0 in stage 84.0 (TID 1383)) 53.040ms
[400.450s][info][gc          ] Allocation Stall (Executor task launch worker for task 32.0 in stage 84.0 (TID 1396)) 52.442ms
[400.450s][info][gc          ] Allocation Stall (Executor task launch worker for task 29.0 in stage 84.0 (TID 1394)) 54.199ms
[400.450s][info][gc          ] Allocation Stall (Executor task launch worker for task 31.0 in stage 84.0 (TID 1395)) 52.245ms
[400.450s][info][gc          ] Allocation Stall (Executor task launch worker for task 34.0 in stage 84.0 (TID 1398)) 52.587ms
[400.450s][info][gc          ] Allocation Stall (Executor task launch worker for task 10.0 in stage 84.0 (TID 1380)) 53.195ms
[400.450s][info][gc          ] Allocation Stall (Executor task launch worker for task 30.0 in stage 84.0 (TID 1414)) 54.171ms
[400.450s][info][gc          ] Allocation Stall (Executor task launch worker for task 33.0 in stage 84.0 (TID 1397)) 52.852ms
[400.450s][info][gc          ] Allocation Stall (Executor task launch worker for task 27.0 in stage 84.0 (TID 1392)) 52.525ms
[400.450s][info][gc          ] Allocation Stall (Executor task launch worker for task 39.0 in stage 84.0 (TID 1402)) 52.566ms
[400.450s][info][gc          ] Allocation Stall (Executor task launch worker for task 8.0 in stage 84.0 (TID 1378)) 52.139ms
[400.450s][info][gc          ] Allocation Stall (Executor task launch worker for task 24.0 in stage 84.0 (TID 1413)) 55.739ms
[400.450s][info][gc          ] Allocation Stall (Executor task launch worker for task 37.0 in stage 84.0 (TID 1400)) 52.317ms
[400.450s][info][gc          ] Allocation Stall (Executor task launch worker for task 43.0 in stage 84.0 (TID 1405)) 52.062ms
[400.450s][info][gc          ] Allocation Stall (Executor task launch worker for task 3.0 in stage 84.0 (TID 1408)) 54.709ms
[400.450s][info][gc          ] Allocation Stall (Executor task launch worker for task 6.0 in stage 84.0 (TID 1376)) 56.272ms
[400.450s][info][gc          ] Allocation Stall (Executor task launch worker for task 19.0 in stage 84.0 (TID 1411)) 52.404ms
[400.450s][info][gc          ] Allocation Stall (Executor task launch worker for task 18.0 in stage 84.0 (TID 1386)) 53.415ms
[400.451s][info][gc          ] Allocation Stall (Executor task launch worker for task 36.0 in stage 84.0 (TID 1399)) 52.807ms
[400.451s][info][gc          ] Allocation Stall (Executor task launch worker for task 25.0 in stage 84.0 (TID 1390)) 53.098ms
[400.453s][info][gc,phases   ] GC(2211) Concurrent Select Relocation Set 3.041ms
[400.457s][info][gc,phases   ] GC(2211) Pause Relocate Start 0.009ms
[400.544s][info][gc,phases   ] GC(2211) Concurrent Relocate 86.188ms
[400.544s][info][gc,load     ] GC(2211) Load: 0.00/0.00/0.00
[400.544s][info][gc,mmu      ] GC(2211) MMU: 2ms/86.2%, 5ms/94.5%, 10ms/97.2%, 20ms/98.6%, 50ms/99.4%, 100ms/99.6%
[400.544s][info][gc,marking  ] GC(2211) Mark: 8 stripe(s), 2 proactive flush(es), 1 terminate flush(es), 0 completion(s), 0 continuation(s) 
[400.544s][info][gc,marking  ] GC(2211) Mark Stack Usage: 32M
[400.544s][info][gc,nmethod  ] GC(2211) NMethods: 8123 registered, 1324 unregistered
[400.544s][info][gc,metaspace] GC(2211) Metaspace: 120M used, 123M committed, 1152M reserved
[400.544s][info][gc,ref      ] GC(2211) Soft: 2932 encountered, 577 discovered, 56 enqueued
[400.544s][info][gc,ref      ] GC(2211) Weak: 13806 encountered, 3075 discovered, 31 enqueued
[400.544s][info][gc,ref      ] GC(2211) Final: 84 encountered, 2 discovered, 0 enqueued
[400.544s][info][gc,ref      ] GC(2211) Phantom: 764 encountered, 640 discovered, 0 enqueued
[400.544s][info][gc,reloc    ] GC(2211) Small Pages: 398 / 796M, Empty: 616M, Relocated: 2M, In-Place: 0
[400.544s][info][gc,reloc    ] GC(2211) Medium Pages: 38 / 1216M, Empty: 0M, Relocated: 21M, In-Place: 0
[400.544s][info][gc,reloc    ] GC(2211) Large Pages: 1 / 8M, Empty: 8M, Relocated: 0M, In-Place: 0
[400.544s][info][gc,reloc    ] GC(2211) Forwarding Usage: 0M
[400.544s][info][gc,heap     ] GC(2211) Min Capacity: 8M(0%)
[400.544s][info][gc,heap     ] GC(2211) Max Capacity: 2048M(100%)
[400.544s][info][gc,heap     ] GC(2211) Soft Max Capacity: 2048M(100%)
[400.544s][info][gc,heap     ] GC(2211)                Mark Start          Mark End        Relocate Start      Relocate End           High               Low         
[400.544s][info][gc,heap     ] GC(2211)  Capacity:     2048M (100%)       2048M (100%)       2048M (100%)       2048M (100%)       2048M (100%)       2048M (100%)   
[400.544s][info][gc,heap     ] GC(2211)      Free:        0M (0%)            0M (0%)          574M (28%)          66M (3%)          626M (31%)           0M (0%)     
[400.544s][info][gc,heap     ] GC(2211)      Used:     2048M (100%)       2048M (100%)       1474M (72%)        1982M (97%)        2048M (100%)       1422M (69%)    
[400.544s][info][gc,heap     ] GC(2211)      Live:         -              1092M (53%)        1092M (53%)        1092M (53%)            -                  -          
[400.544s][info][gc,heap     ] GC(2211) Allocated:         -                 0M (0%)           50M (2%)          673M (33%)            -                  -          
[400.544s][info][gc,heap     ] GC(2211)   Garbage:         -               955M (47%)         331M (16%)         215M (11%)            -                  -          
[400.544s][info][gc,heap     ] GC(2211) Reclaimed:         -                  -               624M (30%)         739M (36%)            -                  -          
[400.544s][info][gc          ] GC(2211) Garbage Collection (Allocation Stall) 2048M(100%)->1982M(97%)
[400.551s][info][gc,start    ] GC(2212) Garbage Collection (Allocation Stall)
[400.551s][info][gc,ref      ] GC(2212) Clearing All SoftReferences
[400.551s][info][gc,task     ] GC(2212) Using 12 workers
[400.566s][info][gc,ref      ] GC(2212) Clearing All SoftReferences
[400.566s][info][gc,phases   ] GC(2212) Pause Mark Start 0.039ms
[400.588s][info][gc          ] Allocation Stall (Executor task launch worker for task 14.0 in stage 84.0 (TID 1410)) 3.326ms
[400.588s][info][gc          ] Allocation Stall (Executor task launch worker for task 17.0 in stage 84.0 (TID 1385)) 3.014ms
[400.588s][info][gc          ] Allocation Stall (Executor task launch worker for task 8.0 in stage 84.0 (TID 1378)) 2.901ms
[400.589s][info][gc          ] Allocation Stall (Executor task launch worker for task 22.0 in stage 84.0 (TID 1388)) 2.968ms
[400.589s][info][gc          ] Allocation Stall (Executor task launch worker for task 19.0 in stage 84.0 (TID 1411)) 2.988ms
[400.589s][info][gc          ] Allocation Stall (Executor task launch worker for task 29.0 in stage 84.0 (TID 1394)) 2.987ms
[400.589s][info][gc          ] Allocation Stall (Executor task launch worker for task 36.0 in stage 84.0 (TID 1399)) 2.788ms
[400.589s][info][gc          ] Allocation Stall (Executor task launch worker for task 10.0 in stage 84.0 (TID 1380)) 2.818ms
[400.589s][info][gc          ] Allocation Stall (Executor task launch worker for task 2.0 in stage 84.0 (TID 1373)) 2.857ms
[400.589s][info][gc          ] Allocation Stall (Executor task launch worker for task 45.0 in stage 84.0 (TID 1418)) 2.872ms
[400.590s][info][gc          ] Allocation Stall (Executor task launch worker for task 40.0 in stage 84.0 (TID 1403)) 3.919ms
[400.590s][info][gc          ] Allocation Stall (Executor task launch worker for task 27.0 in stage 84.0 (TID 1392)) 3.818ms
[400.590s][info][gc          ] Allocation Stall (Executor task launch worker for task 41.0 in stage 84.0 (TID 1404)) 3.817ms
[400.590s][info][gc          ] Allocation Stall (Executor task launch worker for task 9.0 in stage 84.0 (TID 1379)) 3.761ms
[400.590s][info][gc          ] Allocation Stall (Executor task launch worker for task 23.0 in stage 84.0 (TID 1389)) 3.430ms
[400.590s][info][gc          ] Allocation Stall (Executor task launch worker for task 16.0 in stage 84.0 (TID 1384)) 3.387ms
[400.590s][info][gc          ] Allocation Stall (Executor task launch worker for task 37.0 in stage 84.0 (TID 1400)) 3.362ms
[400.590s][info][gc          ] Allocation Stall (Executor task launch worker for task 18.0 in stage 84.0 (TID 1386)) 3.302ms
[400.590s][info][gc          ] Allocation Stall (Executor task launch worker for task 28.0 in stage 84.0 (TID 1393)) 2.883ms
[400.590s][info][gc          ] Allocation Stall (Executor task launch worker for task 6.0 in stage 84.0 (TID 1376)) 2.714ms
[400.590s][info][gc          ] Allocation Stall (Executor task launch worker for task 12.0 in stage 84.0 (TID 1381)) 2.740ms
[400.590s][info][gc          ] Allocation Stall (Executor task launch worker for task 46.0 in stage 84.0 (TID 1419)) 2.749ms
[400.590s][info][gc          ] Allocation Stall (Executor task launch worker for task 44.0 in stage 84.0 (TID 1417)) 2.783ms
[400.592s][info][gc          ] Allocation Stall (Executor task launch worker for task 4.0 in stage 84.0 (TID 1374)) 4.095ms
[400.592s][info][gc          ] Allocation Stall (Executor task launch worker for task 33.0 in stage 84.0 (TID 1397)) 4.437ms
[400.593s][info][gc          ] Allocation Stall (Executor task launch worker for task 32.0 in stage 84.0 (TID 1396)) 4.514ms
[400.593s][info][gc          ] Allocation Stall (Executor task launch worker for task 25.0 in stage 84.0 (TID 1390)) 5.119ms
[400.613s][info][gc,phases   ] GC(2212) Concurrent Mark 28.955ms
[400.613s][info][gc,phases   ] GC(2212) Pause Mark End 0.022ms
[400.614s][info][gc,phases   ] GC(2212) Concurrent Mark Free 0.001ms
[400.616s][info][gc,phases   ] GC(2212) Concurrent Process Non-Strong References 2.717ms
[400.616s][info][gc,phases   ] GC(2212) Concurrent Reset Relocation Set 0.006ms
[400.616s][info][gc          ] Allocation Stall (Executor task launch worker for task 19.0 in stage 84.0 (TID 1411)) 18.314ms
[400.616s][info][gc          ] Allocation Stall (Executor task launch worker for task 5.0 in stage 84.0 (TID 1375)) 18.274ms
[400.616s][info][gc          ] Allocation Stall (Executor task launch worker for task 4.0 in stage 84.0 (TID 1374)) 18.816ms
[400.616s][info][gc          ] Allocation Stall (Executor task launch worker for task 3.0 in stage 84.0 (TID 1408)) 18.645ms
[400.616s][info][gc          ] Allocation Stall (Executor task launch worker for task 12.0 in stage 84.0 (TID 1381)) 19.354ms
[400.616s][info][gc          ] Allocation Stall (Executor task launch worker for task 37.0 in stage 84.0 (TID 1400)) 19.269ms
[400.616s][info][gc          ] Allocation Stall (Executor task launch worker for task 11.0 in stage 84.0 (TID 1409)) 28.375ms
[400.616s][info][gc          ] Allocation Stall (Executor task launch worker for task 17.0 in stage 84.0 (TID 1385)) 19.944ms
[400.616s][info][gc          ] Allocation Stall (Executor task launch worker for task 16.0 in stage 84.0 (TID 1384)) 19.470ms
[400.616s][info][gc          ] Allocation Stall (Executor task launch worker for task 33.0 in stage 84.0 (TID 1397)) 18.880ms
[400.616s][info][gc          ] Allocation Stall (Executor task launch worker for task 38.0 in stage 84.0 (TID 1401)) 28.348ms
[400.616s][info][gc          ] Allocation Stall (Executor task launch worker for task 26.0 in stage 84.0 (TID 1391)) 18.754ms
[400.616s][info][gc          ] Allocation Stall (Executor task launch worker for task 40.0 in stage 84.0 (TID 1403)) 18.301ms
[400.616s][info][gc          ] Allocation Stall (Executor task launch worker for task 25.0 in stage 84.0 (TID 1390)) 18.348ms
[400.616s][info][gc          ] Allocation Stall (Executor task launch worker for task 46.0 in stage 84.0 (TID 1419)) 19.189ms
[400.616s][info][gc          ] Allocation Stall (Executor task launch worker for task 15.0 in stage 84.0 (TID 1383)) 18.365ms
[400.616s][info][gc          ] Allocation Stall (Executor task launch worker for task 34.0 in stage 84.0 (TID 1398)) 19.901ms
[400.617s][info][gc          ] Allocation Stall (Executor task launch worker for task 7.0 in stage 84.0 (TID 1377)) 19.603ms
[400.617s][info][gc          ] Allocation Stall (Executor task launch worker for task 36.0 in stage 84.0 (TID 1399)) 19.379ms
[400.617s][info][gc          ] Allocation Stall (Executor task launch worker for task 30.0 in stage 84.0 (TID 1414)) 20.213ms
[400.617s][info][gc          ] Allocation Stall (Executor task launch worker for task 14.0 in stage 84.0 (TID 1410)) 20.270ms
[400.617s][info][gc          ] Allocation Stall (Executor task launch worker for task 41.0 in stage 84.0 (TID 1404)) 19.683ms
[400.617s][info][gc          ] Allocation Stall (Executor task launch worker for task 29.0 in stage 84.0 (TID 1394)) 18.498ms
[400.617s][info][gc          ] Allocation Stall (Executor task launch worker for task 27.0 in stage 84.0 (TID 1392)) 19.869ms
[400.617s][info][gc          ] Allocation Stall (Executor task launch worker for task 45.0 in stage 84.0 (TID 1418)) 18.467ms
[400.617s][info][gc          ] Allocation Stall (Executor task launch worker for task 24.0 in stage 84.0 (TID 1413)) 28.154ms
[400.617s][info][gc          ] Allocation Stall (Executor task launch worker for task 6.0 in stage 84.0 (TID 1376)) 19.250ms
[400.617s][info][gc          ] Allocation Stall (Executor task launch worker for task 35.0 in stage 84.0 (TID 1415)) 28.216ms
[400.617s][info][gc          ] Allocation Stall (Executor task launch worker for task 32.0 in stage 84.0 (TID 1396)) 19.233ms
[400.617s][info][gc          ] Allocation Stall (Executor task launch worker for task 8.0 in stage 84.0 (TID 1378)) 19.876ms
[400.617s][info][gc          ] Allocation Stall (Executor task launch worker for task 10.0 in stage 84.0 (TID 1380)) 23.365ms
[400.617s][info][gc          ] Allocation Stall (Executor task launch worker for task 43.0 in stage 84.0 (TID 1405)) 20.318ms
[400.617s][info][gc          ] Allocation Stall (Executor task launch worker for task 42.0 in stage 84.0 (TID 1416)) 28.363ms
[400.617s][info][gc          ] Allocation Stall (Executor task launch worker for task 28.0 in stage 84.0 (TID 1393)) 20.344ms
[400.617s][info][gc          ] Allocation Stall (Executor task launch worker for task 31.0 in stage 84.0 (TID 1395)) 28.264ms
[400.617s][info][gc          ] Allocation Stall (Executor task launch worker for task 23.0 in stage 84.0 (TID 1389)) 18.376ms
[400.617s][info][gc          ] Allocation Stall (Executor task launch worker for task 13.0 in stage 84.0 (TID 1382)) 28.300ms
[400.617s][info][gc          ] Allocation Stall (Executor task launch worker for task 2.0 in stage 84.0 (TID 1373)) 23.372ms
[400.617s][info][gc          ] Allocation Stall (Executor task launch worker for task 0.0 in stage 84.0 (TID 1407)) 28.390ms
[400.617s][info][gc          ] Allocation Stall (Executor task launch worker for task 1.0 in stage 84.0 (TID 1372)) 28.286ms
[400.617s][info][gc          ] Allocation Stall (Executor task launch worker for task 44.0 in stage 84.0 (TID 1417)) 18.954ms
[400.617s][info][gc          ] Allocation Stall (Executor task launch worker for task 9.0 in stage 84.0 (TID 1379)) 20.439ms
[400.617s][info][gc          ] Allocation Stall (Executor task launch worker for task 21.0 in stage 84.0 (TID 1387)) 28.233ms
[400.617s][info][gc          ] Allocation Stall (Executor task launch worker for task 20.0 in stage 84.0 (TID 1412)) 20.172ms
[400.617s][info][gc          ] Allocation Stall (Executor task launch worker for task 18.0 in stage 84.0 (TID 1386)) 19.658ms
[400.617s][info][gc          ] Allocation Stall (Executor task launch worker for task 22.0 in stage 84.0 (TID 1388)) 23.364ms
[400.617s][info][gc          ] Allocation Stall (Executor task launch worker for task 39.0 in stage 84.0 (TID 1402)) 19.013ms
[400.620s][info][gc,phases   ] GC(2212) Concurrent Select Relocation Set 3.759ms
[400.621s][info][gc,phases   ] GC(2212) Pause Relocate Start 0.015ms
[400.673s][info][gc          ] Allocation Stall (Executor task launch worker for task 30.0 in stage 84.0 (TID 1414)) 0.031ms
[400.673s][info][gc          ] Allocation Stall (Executor task launch worker for task 7.0 in stage 84.0 (TID 1377)) 0.093ms
[400.673s][info][gc          ] Allocation Stall (Executor task launch worker for task 14.0 in stage 84.0 (TID 1410)) 0.142ms
[400.673s][info][gc          ] Allocation Stall (Executor task launch worker for task 22.0 in stage 84.0 (TID 1388)) 0.179ms
[400.673s][info][gc          ] Allocation Stall (Executor task launch worker for task 38.0 in stage 84.0 (TID 1401)) 0.219ms
[400.673s][info][gc          ] Allocation Stall (Executor task launch worker for task 16.0 in stage 84.0 (TID 1384)) 0.260ms
[400.673s][info][gc          ] Allocation Stall (Executor task launch worker for task 5.0 in stage 84.0 (TID 1375)) 0.304ms
[400.673s][info][gc          ] Allocation Stall (Executor task launch worker for task 43.0 in stage 84.0 (TID 1405)) 0.352ms
[400.673s][info][gc          ] Allocation Stall (Executor task launch worker for task 6.0 in stage 84.0 (TID 1376)) 0.405ms
[400.673s][info][gc          ] Allocation Stall (Executor task launch worker for task 4.0 in stage 84.0 (TID 1374)) 0.462ms
[400.673s][info][gc          ] Allocation Stall (Executor task launch worker for task 46.0 in stage 84.0 (TID 1419)) 0.528ms
[400.673s][info][gc          ] Allocation Stall (Executor task launch worker for task 13.0 in stage 84.0 (TID 1382)) 0.566ms
[400.673s][info][gc          ] Allocation Stall (Executor task launch worker for task 9.0 in stage 84.0 (TID 1379)) 0.622ms
[400.674s][info][gc          ] Allocation Stall (Executor task launch worker for task 37.0 in stage 84.0 (TID 1400)) 0.939ms
[400.674s][info][gc          ] Allocation Stall (Executor task launch worker for task 24.0 in stage 84.0 (TID 1413)) 0.992ms
[400.674s][info][gc          ] Allocation Stall (Executor task launch worker for task 21.0 in stage 84.0 (TID 1387)) 1.034ms
[400.674s][info][gc          ] Allocation Stall (Executor task launch worker for task 0.0 in stage 84.0 (TID 1407)) 1.073ms
[400.674s][info][gc          ] Allocation Stall (Executor task launch worker for task 17.0 in stage 84.0 (TID 1385)) 1.113ms
[400.674s][info][gc          ] Allocation Stall (Executor task launch worker for task 8.0 in stage 84.0 (TID 1378)) 1.159ms
[400.674s][info][gc          ] Allocation Stall (Executor task launch worker for task 31.0 in stage 84.0 (TID 1395)) 1.196ms
[400.674s][info][gc          ] Allocation Stall (Executor task launch worker for task 41.0 in stage 84.0 (TID 1404)) 1.620ms
[400.674s][info][gc          ] Allocation Stall (Executor task launch worker for task 1.0 in stage 84.0 (TID 1372)) 1.666ms
[400.674s][info][gc          ] Allocation Stall (Executor task launch worker for task 34.0 in stage 84.0 (TID 1398)) 1.708ms
[400.674s][info][gc          ] Allocation Stall (Executor task launch worker for task 11.0 in stage 84.0 (TID 1409)) 1.751ms
[400.675s][info][gc          ] Allocation Stall (Executor task launch worker for task 29.0 in stage 84.0 (TID 1394)) 1.794ms
[400.687s][info][gc          ] Allocation Stall (Executor task launch worker for task 29.0 in stage 84.0 (TID 1394)) 3.702ms
[400.687s][info][gc          ] Allocation Stall (Executor task launch worker for task 34.0 in stage 84.0 (TID 1398)) 3.744ms
[400.687s][info][gc          ] Allocation Stall (Executor task launch worker for task 35.0 in stage 84.0 (TID 1415)) 3.627ms
[400.687s][info][gc          ] Allocation Stall (Executor task launch worker for task 32.0 in stage 84.0 (TID 1396)) 3.629ms
[400.688s][info][gc          ] Allocation Stall (Executor task launch worker for task 12.0 in stage 84.0 (TID 1381)) 3.416ms
[400.688s][info][gc          ] Allocation Stall (Executor task launch worker for task 42.0 in stage 84.0 (TID 1416)) 3.317ms
[400.688s][info][gc          ] Allocation Stall (Executor task launch worker for task 33.0 in stage 84.0 (TID 1397)) 2.771ms
[400.688s][info][gc          ] Allocation Stall (Executor task launch worker for task 14.0 in stage 84.0 (TID 1410)) 2.123ms
[400.688s][info][gc          ] Allocation Stall (Executor task launch worker for task 43.0 in stage 84.0 (TID 1405)) 2.503ms
[400.688s][info][gc          ] Allocation Stall (Executor task launch worker for task 6.0 in stage 84.0 (TID 1376)) 2.392ms
[400.688s][info][gc          ] Allocation Stall (Executor task launch worker for task 20.0 in stage 84.0 (TID 1412)) 2.396ms
[400.688s][info][gc          ] Allocation Stall (Executor task launch worker for task 2.0 in stage 84.0 (TID 1373)) 2.304ms
[400.689s][info][gc          ] Allocation Stall (Executor task launch worker for task 13.0 in stage 84.0 (TID 1382)) 2.452ms
[400.689s][info][gc          ] Allocation Stall (Executor task launch worker for task 39.0 in stage 84.0 (TID 1402)) 2.346ms
[400.689s][info][gc          ] Allocation Stall (Executor task launch worker for task 26.0 in stage 84.0 (TID 1391)) 2.381ms
[400.689s][info][gc          ] Allocation Stall (Executor task launch worker for task 30.0 in stage 84.0 (TID 1414)) 2.370ms
[400.689s][info][gc          ] Allocation Stall (Executor task launch worker for task 24.0 in stage 84.0 (TID 1413)) 2.118ms
[400.689s][info][gc          ] Allocation Stall (Executor task launch worker for task 21.0 in stage 84.0 (TID 1387)) 2.123ms
[400.690s][info][gc          ] Allocation Stall (Executor task launch worker for task 19.0 in stage 84.0 (TID 1411)) 0.849ms
[400.698s][info][gc          ] Allocation Stall (Executor task launch worker for task 35.0 in stage 84.0 (TID 1415)) 4.072ms
[400.698s][info][gc          ] Allocation Stall (Executor task launch worker for task 44.0 in stage 84.0 (TID 1417)) 4.148ms
[400.698s][info][gc          ] Allocation Stall (Executor task launch worker for task 16.0 in stage 84.0 (TID 1384)) 4.124ms
[400.698s][info][gc          ] Allocation Stall (Executor task launch worker for task 22.0 in stage 84.0 (TID 1388)) 3.775ms
[400.698s][info][gc          ] Allocation Stall (Executor task launch worker for task 46.0 in stage 84.0 (TID 1419)) 3.797ms
[400.698s][info][gc          ] Allocation Stall (Executor task launch worker for task 18.0 in stage 84.0 (TID 1386)) 3.768ms
[400.698s][info][gc          ] Allocation Stall (Executor task launch worker for task 3.0 in stage 84.0 (TID 1408)) 3.875ms
[400.698s][info][gc          ] Allocation Stall (Executor task launch worker for task 19.0 in stage 84.0 (TID 1411)) 3.967ms
[400.698s][info][gc          ] Allocation Stall (Executor task launch worker for task 4.0 in stage 84.0 (TID 1374)) 8.214ms
[400.698s][info][gc,phases   ] GC(2212) Concurrent Relocate 76.651ms
[400.698s][info][gc          ] Allocation Stall (Executor task launch worker for task 10.0 in stage 84.0 (TID 1380)) 4.955ms
[400.698s][info][gc          ] Allocation Stall (Executor task launch worker for task 33.0 in stage 84.0 (TID 1397)) 4.762ms
[400.698s][info][gc          ] Allocation Stall (Executor task launch worker for task 38.0 in stage 84.0 (TID 1401)) 4.720ms
[400.698s][info][gc          ] Allocation Stall (Executor task launch worker for task 32.0 in stage 84.0 (TID 1396)) 4.608ms
[400.698s][info][gc          ] Allocation Stall (Executor task launch worker for task 42.0 in stage 84.0 (TID 1416)) 4.546ms
[400.698s][info][gc          ] Allocation Stall (Executor task launch worker for task 23.0 in stage 84.0 (TID 1389)) 4.308ms
[400.698s][info][gc          ] Allocation Stall (Executor task launch worker for task 43.0 in stage 84.0 (TID 1405)) 4.239ms
[400.698s][info][gc,load     ] GC(2212) Load: 0.00/0.00/0.00
[400.698s][info][gc          ] Allocation Stall (Executor task launch worker for task 7.0 in stage 84.0 (TID 1377)) 4.038ms
[400.698s][info][gc,mmu      ] GC(2212) MMU: 2ms/86.2%, 5ms/94.5%, 10ms/97.2%, 20ms/98.6%, 50ms/99.4%, 100ms/99.6%
[400.698s][info][gc          ] Allocation Stall (Executor task launch worker for task 12.0 in stage 84.0 (TID 1381)) 4.201ms
[400.698s][info][gc,marking  ] GC(2212) Mark: 8 stripe(s), 2 proactive flush(es), 1 terminate flush(es), 0 completion(s), 0 continuation(s) 
[400.698s][info][gc          ] Allocation Stall (Executor task launch worker for task 45.0 in stage 84.0 (TID 1418)) 4.200ms
[400.698s][info][gc,marking  ] GC(2212) Mark Stack Usage: 32M
[400.698s][info][gc          ] Allocation Stall (Executor task launch worker for task 29.0 in stage 84.0 (TID 1394)) 4.230ms
[400.698s][info][gc,nmethod  ] GC(2212) NMethods: 8123 registered, 1324 unregistered
[400.699s][info][gc          ] Allocation Stall (Executor task launch worker for task 27.0 in stage 84.0 (TID 1392)) 4.243ms
[400.699s][info][gc,metaspace] GC(2212) Metaspace: 120M used, 123M committed, 1152M reserved
[400.699s][info][gc          ] Allocation Stall (Executor task launch worker for task 5.0 in stage 84.0 (TID 1375)) 4.270ms
[400.699s][info][gc,ref      ] GC(2212) Soft: 2876 encountered, 2368 discovered, 0 enqueued
[400.699s][info][gc,ref      ] GC(2212) Weak: 13775 encountered, 1321 discovered, 0 enqueued
[400.699s][info][gc          ] Allocation Stall (Executor task launch worker for task 14.0 in stage 84.0 (TID 1410)) 4.231ms
[400.699s][info][gc,ref      ] GC(2212) Final: 84 encountered, 2 discovered, 0 enqueued
[400.699s][info][gc,ref      ] GC(2212) Phantom: 764 encountered, 440 discovered, 0 enqueued
[400.699s][info][gc,reloc    ] GC(2212) Small Pages: 388 / 776M, Empty: 632M, Relocated: 2M, In-Place: 0
[400.699s][info][gc,reloc    ] GC(2212) Medium Pages: 38 / 1216M, Empty: 0M, Relocated: 26M, In-Place: 0
[400.699s][info][gc,reloc    ] GC(2212) Large Pages: 0 / 0M, Empty: 0M, Relocated: 0M, In-Place: 0
[400.699s][info][gc,reloc    ] GC(2212) Forwarding Usage: 0M
[400.699s][info][gc,heap     ] GC(2212) Min Capacity: 8M(0%)
[400.699s][info][gc,heap     ] GC(2212) Max Capacity: 2048M(100%)
[400.699s][info][gc,heap     ] GC(2212) Soft Max Capacity: 2048M(100%)
[400.699s][info][gc,heap     ] GC(2212)                Mark Start          Mark End        Relocate Start      Relocate End           High               Low         
[400.699s][info][gc,heap     ] GC(2212)  Capacity:     2048M (100%)       2048M (100%)       2048M (100%)       2048M (100%)       2048M (100%)       2048M (100%)   
[400.699s][info][gc,heap     ] GC(2212)      Free:       56M (3%)            0M (0%)          566M (28%)           0M (0%)          580M (28%)           0M (0%)     
[400.699s][info][gc,heap     ] GC(2212)      Used:     1992M (97%)        2048M (100%)       1482M (72%)        2048M (100%)       2048M (100%)       1468M (72%)    
[400.699s][info][gc,heap     ] GC(2212)      Live:         -              1104M (54%)        1104M (54%)        1104M (54%)            -                  -          
[400.699s][info][gc,heap     ] GC(2212) Allocated:         -                56M (3%)          122M (6%)          771M (38%)            -                  -          
[400.699s][info][gc,heap     ] GC(2212)   Garbage:         -               887M (43%)         255M (12%)         171M (8%)             -                  -          
[400.699s][info][gc,heap     ] GC(2212) Reclaimed:         -                  -               632M (31%)         715M (35%)            -                  -          
[400.699s][info][gc          ] GC(2212) Garbage Collection (Allocation Stall) 1992M(97%)->2048M(100%)
[400.699s][info][gc,start    ] GC(2213) Garbage Collection (Allocation Stall)
[400.699s][info][gc,ref      ] GC(2213) Clearing All SoftReferences
[400.699s][info][gc,task     ] GC(2213) Using 12 workers
[400.700s][info][gc,ref      ] GC(2213) Clearing All SoftReferences
[400.700s][info][gc,phases   ] GC(2213) Pause Mark Start 0.031ms
[400.700s][info][gc          ] Allocation Stall (Executor task launch worker for task 9.0 in stage 84.0 (TID 1379)) 5.240ms
[400.700s][info][gc          ] Allocation Stall (Executor task launch worker for task 25.0 in stage 84.0 (TID 1390)) 5.013ms
[400.700s][info][gc          ] Allocation Stall (Executor task launch worker for task 40.0 in stage 84.0 (TID 1403)) 4.505ms
[400.700s][info][gc          ] Allocation Stall (Executor task launch worker for task 2.0 in stage 84.0 (TID 1373)) 4.613ms
[400.700s][info][gc          ] Allocation Stall (Executor task launch worker for task 34.0 in stage 84.0 (TID 1398)) 5.188ms
[400.700s][info][gc          ] Allocation Stall (Executor task launch worker for task 39.0 in stage 84.0 (TID 1402)) 4.454ms
[400.700s][info][gc          ] Allocation Stall (Executor task launch worker for task 6.0 in stage 84.0 (TID 1376)) 4.515ms
[400.700s][info][gc          ] Allocation Stall (Executor task launch worker for task 13.0 in stage 84.0 (TID 1382)) 4.509ms
[400.700s][info][gc          ] Allocation Stall (Executor task launch worker for task 41.0 in stage 84.0 (TID 1404)) 4.649ms
[400.700s][info][gc          ] Allocation Stall (Executor task launch worker for task 28.0 in stage 84.0 (TID 1393)) 5.040ms
[400.700s][info][gc          ] Allocation Stall (Executor task launch worker for task 20.0 in stage 84.0 (TID 1412)) 4.766ms
[400.700s][info][gc          ] Allocation Stall (Executor task launch worker for task 36.0 in stage 84.0 (TID 1399)) 4.707ms
[400.700s][info][gc          ] Allocation Stall (Executor task launch worker for task 37.0 in stage 84.0 (TID 1400)) 4.463ms
[400.700s][info][gc          ] Allocation Stall (Executor task launch worker for task 15.0 in stage 84.0 (TID 1383)) 4.488ms
[400.700s][info][gc          ] Allocation Stall (Executor task launch worker for task 11.0 in stage 84.0 (TID 1409)) 4.515ms
[400.700s][info][gc          ] Allocation Stall (Executor task launch worker for task 31.0 in stage 84.0 (TID 1395)) 4.535ms
[400.700s][info][gc          ] Allocation Stall (Executor task launch worker for task 26.0 in stage 84.0 (TID 1391)) 4.559ms
[400.700s][info][gc          ] Allocation Stall (Executor task launch worker for task 30.0 in stage 84.0 (TID 1414)) 4.614ms
[400.700s][info][gc          ] Allocation Stall (Executor task launch worker for task 21.0 in stage 84.0 (TID 1387)) 4.589ms
[400.700s][info][gc          ] Allocation Stall (Executor task launch worker for task 17.0 in stage 84.0 (TID 1385)) 4.561ms
[400.700s][info][gc          ] Allocation Stall (Executor task launch worker for task 24.0 in stage 84.0 (TID 1413)) 4.601ms
[400.700s][info][gc          ] Allocation Stall (Executor task launch worker for task 0.0 in stage 84.0 (TID 1407)) 4.597ms
[400.700s][info][gc          ] Allocation Stall (Executor task launch worker for task 1.0 in stage 84.0 (TID 1372)) 4.636ms
[400.700s][info][gc          ] Allocation Stall (Executor task launch worker for task 8.0 in stage 84.0 (TID 1378)) 4.666ms
[400.700s][info][gc          ] Allocation Stall (Executor task launch worker for task 45.0 in stage 84.0 (TID 1418)) 0.554ms
[400.700s][info][gc          ] Allocation Stall (Executor task launch worker for task 12.0 in stage 84.0 (TID 1381)) 0.593ms
[400.700s][info][gc          ] Allocation Stall (Executor task launch worker for task 27.0 in stage 84.0 (TID 1392)) 0.623ms
[400.700s][info][gc          ] Allocation Stall (Executor task launch worker for task 16.0 in stage 84.0 (TID 1384)) 0.655ms
[400.700s][info][gc          ] Allocation Stall (Executor task launch worker for task 46.0 in stage 84.0 (TID 1419)) 0.695ms
[400.700s][info][gc          ] Allocation Stall (Executor task launch worker for task 5.0 in stage 84.0 (TID 1375)) 0.751ms
[400.700s][info][gc          ] Allocation Stall (Executor task launch worker for task 7.0 in stage 84.0 (TID 1377)) 0.829ms
[400.701s][info][gc          ] Allocation Stall (Executor task launch worker for task 29.0 in stage 84.0 (TID 1394)) 0.870ms
[400.701s][info][gc          ] Allocation Stall (Executor task launch worker for task 14.0 in stage 84.0 (TID 1410)) 0.900ms
[400.701s][info][gc          ] Allocation Stall (Executor task launch worker for task 32.0 in stage 84.0 (TID 1396)) 0.836ms
[400.701s][info][gc          ] Allocation Stall (Executor task launch worker for task 18.0 in stage 84.0 (TID 1386)) 0.865ms
[400.701s][info][gc          ] Allocation Stall (Executor task launch worker for task 42.0 in stage 84.0 (TID 1416)) 0.894ms
[400.738s][info][gc,phases   ] GC(2213) Concurrent Mark 38.550ms
[400.738s][info][gc,phases   ] GC(2213) Pause Mark End 0.024ms
[400.738s][info][gc,phases   ] GC(2213) Concurrent Mark Free 0.001ms
[400.741s][info][gc,phases   ] GC(2213) Concurrent Process Non-Strong References 2.910ms
[400.741s][info][gc,phases   ] GC(2213) Concurrent Reset Relocation Set 0.005ms
[400.742s][info][gc          ] Allocation Stall (Executor task launch worker for task 12.0 in stage 84.0 (TID 1381)) 27.542ms
[400.742s][info][gc          ] Allocation Stall (Executor task launch worker for task 32.0 in stage 84.0 (TID 1396)) 27.899ms
[400.742s][info][gc          ] Allocation Stall (Executor task launch worker for task 7.0 in stage 84.0 (TID 1377)) 27.485ms
[400.742s][info][gc          ] Allocation Stall (Executor task launch worker for task 42.0 in stage 84.0 (TID 1416)) 27.486ms
[400.742s][info][gc          ] Allocation Stall (Executor task launch worker for task 16.0 in stage 84.0 (TID 1384)) 27.762ms
[400.742s][info][gc          ] Allocation Stall (Executor task launch worker for task 19.0 in stage 84.0 (TID 1411)) 29.948ms
[400.742s][info][gc          ] Allocation Stall (Executor task launch worker for task 5.0 in stage 84.0 (TID 1375)) 27.530ms
[400.742s][info][gc          ] Allocation Stall (Executor task launch worker for task 22.0 in stage 84.0 (TID 1388)) 27.950ms
[400.742s][info][gc          ] Allocation Stall (Executor task launch worker for task 0.0 in stage 84.0 (TID 1407)) 27.514ms
[400.742s][info][gc          ] Allocation Stall (Executor task launch worker for task 21.0 in stage 84.0 (TID 1387)) 28.047ms
[400.742s][info][gc          ] Allocation Stall (Executor task launch worker for task 10.0 in stage 84.0 (TID 1380)) 27.964ms
[400.742s][info][gc          ] Allocation Stall (Executor task launch worker for task 14.0 in stage 84.0 (TID 1410)) 28.341ms
[400.742s][info][gc          ] Allocation Stall (Executor task launch worker for task 41.0 in stage 84.0 (TID 1404)) 27.124ms
[400.742s][info][gc          ] Allocation Stall (Executor task launch worker for task 46.0 in stage 84.0 (TID 1419)) 28.045ms
[400.742s][info][gc          ] Allocation Stall (Executor task launch worker for task 2.0 in stage 84.0 (TID 1373)) 27.356ms
[400.742s][info][gc          ] Allocation Stall (Executor task launch worker for task 13.0 in stage 84.0 (TID 1382)) 27.402ms
[400.742s][info][gc          ] Allocation Stall (Executor task launch worker for task 37.0 in stage 84.0 (TID 1400)) 28.366ms
[400.742s][info][gc          ] Allocation Stall (Executor task launch worker for task 33.0 in stage 84.0 (TID 1397)) 27.376ms
[400.742s][info][gc          ] Allocation Stall (Executor task launch worker for task 24.0 in stage 84.0 (TID 1413)) 27.765ms
[400.742s][info][gc          ] Allocation Stall (Executor task launch worker for task 15.0 in stage 84.0 (TID 1383)) 27.423ms
[400.742s][info][gc          ] Allocation Stall (Executor task launch worker for task 39.0 in stage 84.0 (TID 1402)) 27.434ms
[400.742s][info][gc          ] Allocation Stall (Executor task launch worker for task 27.0 in stage 84.0 (TID 1392)) 28.153ms
[400.742s][info][gc          ] Allocation Stall (Executor task launch worker for task 17.0 in stage 84.0 (TID 1385)) 27.641ms
[400.742s][info][gc          ] Allocation Stall (Executor task launch worker for task 25.0 in stage 84.0 (TID 1390)) 29.837ms
[400.742s][info][gc          ] Allocation Stall (Executor task launch worker for task 36.0 in stage 84.0 (TID 1399)) 29.731ms
[400.742s][info][gc          ] Allocation Stall (Executor task launch worker for task 23.0 in stage 84.0 (TID 1389)) 27.092ms
[400.742s][info][gc          ] Allocation Stall (Executor task launch worker for task 45.0 in stage 84.0 (TID 1418)) 27.124ms
[400.742s][info][gc          ] Allocation Stall (Executor task launch worker for task 1.0 in stage 84.0 (TID 1372)) 28.324ms
[400.742s][info][gc          ] Allocation Stall (Executor task launch worker for task 35.0 in stage 84.0 (TID 1415)) 28.965ms
[400.742s][info][gc          ] Allocation Stall (Executor task launch worker for task 8.0 in stage 84.0 (TID 1378)) 27.083ms
[400.742s][info][gc          ] Allocation Stall (Executor task launch worker for task 18.0 in stage 84.0 (TID 1386)) 27.570ms
[400.742s][info][gc          ] Allocation Stall (Executor task launch worker for task 28.0 in stage 84.0 (TID 1393)) 27.185ms
[400.742s][info][gc          ] Allocation Stall (Executor task launch worker for task 6.0 in stage 84.0 (TID 1376)) 29.365ms
[400.742s][info][gc          ] Allocation Stall (Executor task launch worker for task 44.0 in stage 84.0 (TID 1417)) 28.756ms
[400.742s][info][gc          ] Allocation Stall (Executor task launch worker for task 43.0 in stage 84.0 (TID 1405)) 28.689ms
[400.742s][info][gc          ] Allocation Stall (Executor task launch worker for task 31.0 in stage 84.0 (TID 1395)) 28.614ms
[400.742s][info][gc          ] Allocation Stall (Executor task launch worker for task 20.0 in stage 84.0 (TID 1412)) 29.831ms
[400.742s][info][gc          ] Allocation Stall (Executor task launch worker for task 38.0 in stage 84.0 (TID 1401)) 29.701ms
[400.742s][info][gc          ] Allocation Stall (Executor task launch worker for task 26.0 in stage 84.0 (TID 1391)) 28.267ms
[400.742s][info][gc          ] Allocation Stall (Executor task launch worker for task 11.0 in stage 84.0 (TID 1409)) 28.501ms
[400.742s][info][gc          ] Allocation Stall (Executor task launch worker for task 30.0 in stage 84.0 (TID 1414)) 28.633ms
[400.742s][info][gc          ] Allocation Stall (Executor task launch worker for task 40.0 in stage 84.0 (TID 1403)) 28.555ms
[400.742s][info][gc          ] Allocation Stall (Executor task launch worker for task 9.0 in stage 84.0 (TID 1379)) 29.518ms
[400.742s][info][gc          ] Allocation Stall (Executor task launch worker for task 3.0 in stage 84.0 (TID 1408)) 28.565ms
[400.742s][info][gc          ] Allocation Stall (Executor task launch worker for task 29.0 in stage 84.0 (TID 1394)) 28.247ms
[400.742s][info][gc          ] Allocation Stall (Executor task launch worker for task 4.0 in stage 84.0 (TID 1374)) 28.967ms
[400.742s][info][gc          ] Allocation Stall (Executor task launch worker for task 34.0 in stage 84.0 (TID 1398)) 29.739ms
[400.745s][info][gc,phases   ] GC(2213) Concurrent Select Relocation Set 3.563ms
[400.754s][info][gc,phases   ] GC(2213) Pause Relocate Start 0.009ms
[400.819s][info][gc          ] Allocation Stall (Executor task launch worker for task 33.0 in stage 84.0 (TID 1397)) 0.074ms
[400.819s][info][gc          ] Allocation Stall (Executor task launch worker for task 39.0 in stage 84.0 (TID 1402)) 0.137ms
[400.819s][info][gc          ] Allocation Stall (Executor task launch worker for task 7.0 in stage 84.0 (TID 1377)) 0.176ms
[400.819s][info][gc          ] Allocation Stall (Executor task launch worker for task 9.0 in stage 84.0 (TID 1379)) 0.177ms
[400.819s][info][gc          ] Allocation Stall (Executor task launch worker for task 8.0 in stage 84.0 (TID 1378)) 0.204ms
[400.819s][info][gc          ] Allocation Stall (Executor task launch worker for task 35.0 in stage 84.0 (TID 1415)) 0.278ms
[400.819s][info][gc          ] Allocation Stall (Executor task launch worker for task 18.0 in stage 84.0 (TID 1386)) 0.322ms
[400.819s][info][gc          ] Allocation Stall (Executor task launch worker for task 29.0 in stage 84.0 (TID 1394)) 0.365ms
[400.820s][info][gc          ] Allocation Stall (Executor task launch worker for task 23.0 in stage 84.0 (TID 1389)) 1.318ms
[400.820s][info][gc          ] Allocation Stall (Executor task launch worker for task 19.0 in stage 84.0 (TID 1411)) 1.375ms
[400.820s][info][gc          ] Allocation Stall (Executor task launch worker for task 40.0 in stage 84.0 (TID 1403)) 1.407ms
[400.820s][info][gc          ] Allocation Stall (Executor task launch worker for task 13.0 in stage 84.0 (TID 1382)) 1.449ms
[400.821s][info][gc          ] Allocation Stall (Executor task launch worker for task 42.0 in stage 84.0 (TID 1416)) 2.567ms
[400.821s][info][gc          ] Allocation Stall (Executor task launch worker for task 28.0 in stage 84.0 (TID 1393)) 2.608ms
[400.821s][info][gc          ] Allocation Stall (Executor task launch worker for task 16.0 in stage 84.0 (TID 1384)) 2.646ms
[400.821s][info][gc          ] Allocation Stall (Executor task launch worker for task 32.0 in stage 84.0 (TID 1396)) 2.689ms
[400.822s][info][gc          ] Allocation Stall (Executor task launch worker for task 17.0 in stage 84.0 (TID 1385)) 2.784ms
[400.822s][info][gc          ] Allocation Stall (Executor task launch worker for task 34.0 in stage 84.0 (TID 1398)) 0.491ms
[400.822s][info][gc          ] Allocation Stall (Executor task launch worker for task 39.0 in stage 84.0 (TID 1402)) 0.892ms
[400.822s][info][gc          ] Allocation Stall (Executor task launch worker for task 43.0 in stage 84.0 (TID 1405)) 2.775ms
[400.822s][info][gc          ] Allocation Stall (Executor task launch worker for task 15.0 in stage 84.0 (TID 1383)) 2.777ms
[400.822s][info][gc          ] Allocation Stall (Executor task launch worker for task 20.0 in stage 84.0 (TID 1412)) 2.787ms
[400.822s][info][gc          ] Allocation Stall (Executor task launch worker for task 33.0 in stage 84.0 (TID 1397)) 0.919ms
[400.822s][info][gc          ] Allocation Stall (Executor task launch worker for task 2.0 in stage 84.0 (TID 1373)) 0.525ms
[400.822s][info][gc          ] Allocation Stall (Executor task launch worker for task 27.0 in stage 84.0 (TID 1392)) 0.865ms
[400.822s][info][gc          ] Allocation Stall (Executor task launch worker for task 10.0 in stage 84.0 (TID 1380)) 2.838ms
[400.822s][info][gc          ] Allocation Stall (Executor task launch worker for task 31.0 in stage 84.0 (TID 1395)) 2.839ms
[400.822s][info][gc          ] Allocation Stall (Executor task launch worker for task 4.0 in stage 84.0 (TID 1374)) 2.842ms
[400.822s][info][gc          ] Allocation Stall (Executor task launch worker for task 12.0 in stage 84.0 (TID 1381)) 2.847ms
[400.822s][info][gc          ] Allocation Stall (Executor task launch worker for task 1.0 in stage 84.0 (TID 1372)) 2.850ms
[400.822s][info][gc          ] Allocation Stall (Executor task launch worker for task 14.0 in stage 84.0 (TID 1410)) 2.849ms
[400.831s][info][gc          ] Allocation Stall (Executor task launch worker for task 19.0 in stage 84.0 (TID 1411)) 1.521ms
[400.831s][info][gc          ] Allocation Stall (Executor task launch worker for task 23.0 in stage 84.0 (TID 1389)) 1.463ms
[400.831s][info][gc          ] Allocation Stall (Executor task launch worker for task 32.0 in stage 84.0 (TID 1396)) 1.468ms
[400.831s][info][gc          ] Allocation Stall (Executor task launch worker for task 22.0 in stage 84.0 (TID 1388)) 1.268ms
[400.831s][info][gc          ] Allocation Stall (Executor task launch worker for task 35.0 in stage 84.0 (TID 1415)) 1.136ms
[400.831s][info][gc          ] Allocation Stall (Executor task launch worker for task 8.0 in stage 84.0 (TID 1378)) 1.122ms
[400.831s][info][gc          ] Allocation Stall (Executor task launch worker for task 3.0 in stage 84.0 (TID 1408)) 1.042ms
[400.832s][info][gc          ] Allocation Stall (Executor task launch worker for task 24.0 in stage 84.0 (TID 1413)) 1.001ms
[400.832s][info][gc          ] Allocation Stall (Executor task launch worker for task 7.0 in stage 84.0 (TID 1377)) 1.027ms
[400.832s][info][gc          ] Allocation Stall (Executor task launch worker for task 29.0 in stage 84.0 (TID 1394)) 0.875ms
[400.832s][info][gc          ] Allocation Stall (Executor task launch worker for task 21.0 in stage 84.0 (TID 1387)) 0.889ms
[400.832s][info][gc          ] Allocation Stall (Executor task launch worker for task 46.0 in stage 84.0 (TID 1419)) 0.883ms
[400.832s][info][gc          ] Allocation Stall (Executor task launch worker for task 16.0 in stage 84.0 (TID 1384)) 0.928ms
[400.833s][info][gc          ] Allocation Stall (Executor task launch worker for task 37.0 in stage 84.0 (TID 1400)) 1.784ms
[400.833s][info][gc          ] Allocation Stall (Executor task launch worker for task 6.0 in stage 84.0 (TID 1376)) 1.808ms
[400.833s][info][gc          ] Allocation Stall (Executor task launch worker for task 9.0 in stage 84.0 (TID 1379)) 1.815ms
[400.833s][info][gc          ] Allocation Stall (Executor task launch worker for task 42.0 in stage 84.0 (TID 1416)) 2.387ms
[400.833s][info][gc          ] Allocation Stall (Executor task launch worker for task 0.0 in stage 84.0 (TID 1407)) 2.373ms
[400.833s][info][gc          ] Allocation Stall (Executor task launch worker for task 28.0 in stage 84.0 (TID 1393)) 2.392ms
[400.833s][info][gc          ] Allocation Stall (Executor task launch worker for task 38.0 in stage 84.0 (TID 1401)) 2.397ms
[400.833s][info][gc          ] Allocation Stall (Executor task launch worker for task 18.0 in stage 84.0 (TID 1386)) 2.437ms
[400.834s][info][gc          ] Allocation Stall (Executor task launch worker for task 22.0 in stage 84.0 (TID 1388)) 0.870ms
[400.841s][info][gc          ] Allocation Stall (Executor task launch worker for task 26.0 in stage 84.0 (TID 1391)) 0.801ms
[400.841s][info][gc          ] Allocation Stall (Executor task launch worker for task 3.0 in stage 84.0 (TID 1408)) 1.040ms
[400.841s][info][gc          ] Allocation Stall (Executor task launch worker for task 24.0 in stage 84.0 (TID 1413)) 0.709ms
[400.841s][info][gc          ] Allocation Stall (Executor task launch worker for task 43.0 in stage 84.0 (TID 1405)) 0.915ms
[400.841s][info][gc          ] Allocation Stall (Executor task launch worker for task 42.0 in stage 84.0 (TID 1416)) 0.871ms
[400.841s][info][gc          ] Allocation Stall (Executor task launch worker for task 34.0 in stage 84.0 (TID 1398)) 0.699ms
[400.841s][info][gc          ] Allocation Stall (Executor task launch worker for task 8.0 in stage 84.0 (TID 1378)) 1.004ms
[400.841s][info][gc          ] Allocation Stall (Executor task launch worker for task 16.0 in stage 84.0 (TID 1384)) 0.435ms
[400.841s][info][gc          ] Allocation Stall (Executor task launch worker for task 18.0 in stage 84.0 (TID 1386)) 3.139ms
[400.841s][info][gc          ] Allocation Stall (Executor task launch worker for task 22.0 in stage 84.0 (TID 1388)) 2.960ms
[400.841s][info][gc          ] Allocation Stall (Executor task launch worker for task 41.0 in stage 84.0 (TID 1404)) 2.839ms
[400.841s][info][gc          ] Allocation Stall (Executor task launch worker for task 28.0 in stage 84.0 (TID 1393)) 2.590ms
[400.841s][info][gc          ] Allocation Stall (Executor task launch worker for task 37.0 in stage 84.0 (TID 1400)) 2.372ms
[400.841s][info][gc          ] Allocation Stall (Executor task launch worker for task 6.0 in stage 84.0 (TID 1376)) 2.215ms
[400.841s][info][gc          ] Allocation Stall (Executor task launch worker for task 32.0 in stage 84.0 (TID 1396)) 1.442ms
[400.841s][info][gc          ] Allocation Stall (Executor task launch worker for task 35.0 in stage 84.0 (TID 1415)) 1.224ms
[400.841s][info][gc          ] Allocation Stall (Executor task launch worker for task 7.0 in stage 84.0 (TID 1377)) 0.473ms
[400.841s][info][gc          ] Allocation Stall (Executor task launch worker for task 46.0 in stage 84.0 (TID 1419)) 0.356ms
[400.842s][info][gc          ] Allocation Stall (Executor task launch worker for task 0.0 in stage 84.0 (TID 1407)) 0.645ms
[400.842s][info][gc          ] Allocation Stall (Executor task launch worker for task 21.0 in stage 84.0 (TID 1387)) 0.644ms
[400.842s][info][gc          ] Allocation Stall (Executor task launch worker for task 17.0 in stage 84.0 (TID 1385)) 0.681ms
[400.842s][info][gc          ] Allocation Stall (Executor task launch worker for task 29.0 in stage 84.0 (TID 1394)) 0.696ms
[400.842s][info][gc          ] Allocation Stall (Executor task launch worker for task 38.0 in stage 84.0 (TID 1401)) 0.747ms
[400.842s][info][gc          ] Allocation Stall (Executor task launch worker for task 36.0 in stage 84.0 (TID 1399)) 0.767ms
[400.842s][info][gc          ] Allocation Stall (Executor task launch worker for task 13.0 in stage 84.0 (TID 1382)) 0.655ms
[400.846s][info][gc          ] Allocation Stall (Executor task launch worker for task 36.0 in stage 84.0 (TID 1399)) 1.740ms
[400.846s][info][gc          ] Allocation Stall (Executor task launch worker for task 46.0 in stage 84.0 (TID 1419)) 1.744ms
[400.846s][info][gc          ] Allocation Stall (Executor task launch worker for task 0.0 in stage 84.0 (TID 1407)) 1.759ms
[400.846s][info][gc          ] Allocation Stall (Executor task launch worker for task 7.0 in stage 84.0 (TID 1377)) 1.625ms
[400.846s][info][gc          ] Allocation Stall (Executor task launch worker for task 13.0 in stage 84.0 (TID 1382)) 1.390ms
[400.846s][info][gc          ] Allocation Stall (Executor task launch worker for task 38.0 in stage 84.0 (TID 1401)) 1.416ms
[400.846s][info][gc          ] Allocation Stall (Executor task launch worker for task 17.0 in stage 84.0 (TID 1385)) 1.185ms
[400.846s][info][gc          ] Allocation Stall (Executor task launch worker for task 21.0 in stage 84.0 (TID 1387)) 1.244ms
[400.846s][info][gc          ] Allocation Stall (Executor task launch worker for task 11.0 in stage 84.0 (TID 1409)) 1.242ms
[400.846s][info][gc          ] Allocation Stall (Executor task launch worker for task 9.0 in stage 84.0 (TID 1379)) 0.911ms
[400.846s][info][gc          ] Allocation Stall (Executor task launch worker for task 23.0 in stage 84.0 (TID 1389)) 0.896ms
[400.846s][info][gc          ] Allocation Stall (Executor task launch worker for task 33.0 in stage 84.0 (TID 1397)) 0.880ms
[400.846s][info][gc          ] Allocation Stall (Executor task launch worker for task 27.0 in stage 84.0 (TID 1392)) 0.769ms
[400.846s][info][gc          ] Allocation Stall (Executor task launch worker for task 31.0 in stage 84.0 (TID 1395)) 0.700ms
[400.846s][info][gc          ] Allocation Stall (Executor task launch worker for task 29.0 in stage 84.0 (TID 1394)) 0.666ms
[400.846s][info][gc          ] Allocation Stall (Executor task launch worker for task 19.0 in stage 84.0 (TID 1411)) 0.671ms
[400.893s][info][gc          ] Allocation Stall (Executor task launch worker for task 20.0 in stage 84.0 (TID 1412)) 2.780ms
[400.893s][info][gc          ] Allocation Stall (Executor task launch worker for task 24.0 in stage 84.0 (TID 1413)) 2.647ms
[400.893s][info][gc          ] Allocation Stall (Executor task launch worker for task 23.0 in stage 84.0 (TID 1389)) 2.608ms
[400.893s][info][gc          ] Allocation Stall (Executor task launch worker for task 5.0 in stage 84.0 (TID 1375)) 2.576ms
[400.893s][info][gc          ] Allocation Stall (Executor task launch worker for task 6.0 in stage 84.0 (TID 1376)) 2.528ms
[400.893s][info][gc          ] Allocation Stall (Executor task launch worker for task 42.0 in stage 84.0 (TID 1416)) 2.470ms
[400.893s][info][gc          ] Allocation Stall (Executor task launch worker for task 14.0 in stage 84.0 (TID 1410)) 1.823ms
[400.893s][info][gc          ] Allocation Stall (Executor task launch worker for task 34.0 in stage 84.0 (TID 1398)) 1.796ms
[400.893s][info][gc          ] Allocation Stall (Executor task launch worker for task 43.0 in stage 84.0 (TID 1405)) 1.786ms
[400.893s][info][gc          ] Allocation Stall (Executor task launch worker for task 19.0 in stage 84.0 (TID 1411)) 1.830ms
[400.893s][info][gc          ] Allocation Stall (Executor task launch worker for task 12.0 in stage 84.0 (TID 1381)) 1.769ms
[400.893s][info][gc          ] Allocation Stall (Executor task launch worker for task 39.0 in stage 84.0 (TID 1402)) 1.767ms
[400.893s][info][gc          ] Allocation Stall (Executor task launch worker for task 4.0 in stage 84.0 (TID 1374)) 1.729ms
[400.893s][info][gc          ] Allocation Stall (Executor task launch worker for task 15.0 in stage 84.0 (TID 1383)) 1.730ms
[400.893s][info][gc          ] Allocation Stall (Executor task launch worker for task 18.0 in stage 84.0 (TID 1386)) 1.623ms
[400.893s][info][gc          ] Allocation Stall (Executor task launch worker for task 25.0 in stage 84.0 (TID 1390)) 1.634ms
[400.893s][info][gc          ] Allocation Stall (Executor task launch worker for task 21.0 in stage 84.0 (TID 1387)) 1.649ms
[400.893s][info][gc          ] Allocation Stall (Executor task launch worker for task 0.0 in stage 84.0 (TID 1407)) 1.635ms
[400.893s][info][gc          ] Allocation Stall (Executor task launch worker for task 35.0 in stage 84.0 (TID 1415)) 1.543ms
[400.893s][info][gc          ] Allocation Stall (Executor task launch worker for task 22.0 in stage 84.0 (TID 1388)) 1.319ms
[400.893s][info][gc          ] Allocation Stall (Executor task launch worker for task 28.0 in stage 84.0 (TID 1393)) 1.280ms
[400.893s][info][gc          ] Allocation Stall (Executor task launch worker for task 8.0 in stage 84.0 (TID 1378)) 1.327ms
[400.894s][info][gc          ] Allocation Stall (Executor task launch worker for task 40.0 in stage 84.0 (TID 1403)) 1.340ms
[400.894s][info][gc          ] Allocation Stall (Executor task launch worker for task 37.0 in stage 84.0 (TID 1400)) 1.288ms
[400.894s][info][gc          ] Allocation Stall (Executor task launch worker for task 36.0 in stage 84.0 (TID 1399)) 1.301ms
[400.894s][info][gc          ] Allocation Stall (Executor task launch worker for task 10.0 in stage 84.0 (TID 1380)) 1.266ms
[400.894s][info][gc          ] Allocation Stall (Executor task launch worker for task 3.0 in stage 84.0 (TID 1408)) 1.276ms
[400.894s][info][gc          ] Allocation Stall (Executor task launch worker for task 16.0 in stage 84.0 (TID 1384)) 1.225ms
[400.894s][info][gc          ] Allocation Stall (Executor task launch worker for task 33.0 in stage 84.0 (TID 1397)) 1.290ms
[400.894s][info][gc          ] Allocation Stall (Executor task launch worker for task 45.0 in stage 84.0 (TID 1418)) 1.345ms
[400.901s][info][gc          ] Allocation Stall (Executor task launch worker for task 35.0 in stage 84.0 (TID 1415)) 2.111ms
[400.901s][info][gc          ] Allocation Stall (Executor task launch worker for task 28.0 in stage 84.0 (TID 1393)) 2.084ms
[400.901s][info][gc          ] Allocation Stall (Executor task launch worker for task 31.0 in stage 84.0 (TID 1395)) 2.108ms
[400.901s][info][gc          ] Allocation Stall (Executor task launch worker for task 43.0 in stage 84.0 (TID 1405)) 2.148ms
[400.902s][info][gc          ] Allocation Stall (Executor task launch worker for task 2.0 in stage 84.0 (TID 1373)) 2.090ms
[400.902s][info][gc          ] Allocation Stall (Executor task launch worker for task 12.0 in stage 84.0 (TID 1381)) 1.988ms
[400.902s][info][gc          ] Allocation Stall (Executor task launch worker for task 22.0 in stage 84.0 (TID 1388)) 2.007ms
[400.903s][info][gc          ] Allocation Stall (Executor task launch worker for task 8.0 in stage 84.0 (TID 1378)) 3.319ms
[400.903s][info][gc          ] Allocation Stall (Executor task launch worker for task 5.0 in stage 84.0 (TID 1375)) 3.265ms
[400.903s][info][gc          ] Allocation Stall (Executor task launch worker for task 34.0 in stage 84.0 (TID 1398)) 3.309ms
[400.904s][info][gc          ] Allocation Stall (Executor task launch worker for task 39.0 in stage 84.0 (TID 1402)) 4.262ms
[400.904s][info][gc          ] Allocation Stall (Executor task launch worker for task 25.0 in stage 84.0 (TID 1390)) 4.278ms
[400.904s][info][gc          ] Allocation Stall (Executor task launch worker for task 37.0 in stage 84.0 (TID 1400)) 4.252ms
[400.904s][info][gc          ] Allocation Stall (Executor task launch worker for task 4.0 in stage 84.0 (TID 1374)) 4.254ms
[400.904s][info][gc          ] Allocation Stall (Executor task launch worker for task 36.0 in stage 84.0 (TID 1399)) 4.209ms
[400.904s][info][gc          ] Allocation Stall (Executor task launch worker for task 18.0 in stage 84.0 (TID 1386)) 4.231ms
[400.904s][info][gc          ] Allocation Stall (Executor task launch worker for task 21.0 in stage 84.0 (TID 1387)) 4.189ms
[400.905s][info][gc          ] Allocation Stall (Executor task launch worker for task 33.0 in stage 84.0 (TID 1397)) 4.695ms
[400.905s][info][gc          ] Allocation Stall (Executor task launch worker for task 16.0 in stage 84.0 (TID 1384)) 4.720ms
[400.905s][info][gc          ] Allocation Stall (Executor task launch worker for task 3.0 in stage 84.0 (TID 1408)) 4.711ms
[400.905s][info][gc          ] Allocation Stall (Executor task launch worker for task 10.0 in stage 84.0 (TID 1380)) 4.551ms
[400.905s][info][gc          ] Allocation Stall (Executor task launch worker for task 40.0 in stage 84.0 (TID 1403)) 4.590ms
[400.905s][info][gc          ] Allocation Stall (Executor task launch worker for task 45.0 in stage 84.0 (TID 1418)) 4.387ms
[400.905s][info][gc          ] Allocation Stall (Executor task launch worker for task 15.0 in stage 84.0 (TID 1383)) 4.019ms
[400.906s][info][gc          ] Allocation Stall (Executor task launch worker for task 0.0 in stage 84.0 (TID 1407)) 4.238ms
[400.922s][info][gc          ] Allocation Stall (Executor task launch worker for task 40.0 in stage 84.0 (TID 1403)) 8.382ms
[400.922s][info][gc          ] Allocation Stall (Executor task launch worker for task 46.0 in stage 84.0 (TID 1419)) 8.458ms
[400.922s][info][gc          ] Allocation Stall (Executor task launch worker for task 2.0 in stage 84.0 (TID 1373)) 7.972ms
[400.922s][info][gc          ] Allocation Stall (Executor task launch worker for task 12.0 in stage 84.0 (TID 1381)) 8.152ms
[400.922s][info][gc          ] Allocation Stall (Executor task launch worker for task 17.0 in stage 84.0 (TID 1385)) 7.956ms
[400.922s][info][gc          ] Allocation Stall (Executor task launch worker for task 14.0 in stage 84.0 (TID 1410)) 8.228ms
[400.922s][info][gc          ] Allocation Stall (Executor task launch worker for task 29.0 in stage 84.0 (TID 1394)) 8.407ms
[400.922s][info][gc          ] Allocation Stall (Executor task launch worker for task 0.0 in stage 84.0 (TID 1407)) 8.282ms
[400.922s][info][gc          ] Allocation Stall (Executor task launch worker for task 9.0 in stage 84.0 (TID 1379)) 8.719ms
[400.922s][info][gc          ] Allocation Stall (Executor task launch worker for task 16.0 in stage 84.0 (TID 1384)) 9.074ms
[400.922s][info][gc          ] Allocation Stall (Executor task launch worker for task 26.0 in stage 84.0 (TID 1391)) 9.073ms
[400.922s][info][gc,phases   ] GC(2213) Concurrent Relocate 167.550ms
[400.922s][info][gc          ] Allocation Stall (Executor task launch worker for task 30.0 in stage 84.0 (TID 1414)) 9.035ms
[400.922s][info][gc          ] Allocation Stall (Executor task launch worker for task 10.0 in stage 84.0 (TID 1380)) 8.958ms
[400.922s][info][gc          ] Allocation Stall (Executor task launch worker for task 33.0 in stage 84.0 (TID 1397)) 8.862ms
[400.922s][info][gc          ] Allocation Stall (Executor task launch worker for task 45.0 in stage 84.0 (TID 1418)) 8.830ms
[400.922s][info][gc          ] Allocation Stall (Executor task launch worker for task 43.0 in stage 84.0 (TID 1405)) 8.790ms
[400.922s][info][gc,load     ] GC(2213) Load: 0.00/0.00/0.00
[400.922s][info][gc,mmu      ] GC(2213) MMU: 2ms/86.2%, 5ms/94.5%, 10ms/97.2%, 20ms/98.6%, 50ms/99.4%, 100ms/99.6%
[400.922s][info][gc,marking  ] GC(2213) Mark: 8 stripe(s), 3 proactive flush(es), 1 terminate flush(es), 0 completion(s), 0 continuation(s) 
[400.922s][info][gc,marking  ] GC(2213) Mark Stack Usage: 32M
[400.922s][info][gc,nmethod  ] GC(2213) NMethods: 8123 registered, 1324 unregistered
[400.922s][info][gc          ] Allocation Stall (Executor task launch worker for task 24.0 in stage 84.0 (TID 1413)) 8.438ms
[400.922s][info][gc,metaspace] GC(2213) Metaspace: 120M used, 123M committed, 1152M reserved
[400.922s][info][gc          ] Allocation Stall (Executor task launch worker for task 28.0 in stage 84.0 (TID 1393)) 8.370ms
[400.922s][info][gc          ] Allocation Stall (Executor task launch worker for task 20.0 in stage 84.0 (TID 1412)) 8.345ms
[400.922s][info][gc,ref      ] GC(2213) Soft: 2876 encountered, 302 discovered, 0 enqueued
[400.922s][info][gc          ] Allocation Stall (Executor task launch worker for task 13.0 in stage 84.0 (TID 1382)) 8.354ms
[400.922s][info][gc          ] Allocation Stall (Executor task launch worker for task 31.0 in stage 84.0 (TID 1395)) 8.315ms
[400.922s][info][gc,ref      ] GC(2213) Weak: 13775 encountered, 2772 discovered, 0 enqueued
[400.922s][info][gc          ] Allocation Stall (Executor task launch worker for task 1.0 in stage 84.0 (TID 1372)) 8.278ms
[400.922s][info][gc          ] Allocation Stall (Executor task launch worker for task 11.0 in stage 84.0 (TID 1409)) 8.306ms
[400.922s][info][gc          ] Allocation Stall (Executor task launch worker for task 7.0 in stage 84.0 (TID 1377)) 8.304ms
[400.922s][info][gc,ref      ] GC(2213) Final: 84 encountered, 0 discovered, 0 enqueued
[400.922s][info][gc          ] Allocation Stall (Executor task launch worker for task 22.0 in stage 84.0 (TID 1388)) 8.328ms
[400.922s][info][gc          ] Allocation Stall (Executor task launch worker for task 42.0 in stage 84.0 (TID 1416)) 8.337ms
[400.922s][info][gc          ] Allocation Stall (Executor task launch worker for task 6.0 in stage 84.0 (TID 1376)) 8.246ms
[400.922s][info][gc,ref      ] GC(2213) Phantom: 764 encountered, 617 discovered, 0 enqueued
[400.922s][info][gc          ] Allocation Stall (Executor task launch worker for task 27.0 in stage 84.0 (TID 1392)) 8.228ms
[400.922s][info][gc          ] Allocation Stall (Executor task launch worker for task 34.0 in stage 84.0 (TID 1398)) 8.224ms
[400.922s][info][gc,reloc    ] GC(2213) Small Pages: 403 / 806M, Empty: 662M, Relocated: 2M, In-Place: 0
[400.922s][info][gc          ] Allocation Stall (Executor task launch worker for task 19.0 in stage 84.0 (TID 1411)) 8.272ms
[400.922s][info][gc          ] Allocation Stall (Executor task launch worker for task 32.0 in stage 84.0 (TID 1396)) 8.242ms
[400.922s][info][gc,reloc    ] GC(2213) Medium Pages: 38 / 1216M, Empty: 0M, Relocated: 52M, In-Place: 0
[400.923s][info][gc          ] Allocation Stall (Executor task launch worker for task 23.0 in stage 84.0 (TID 1389)) 8.229ms
[400.923s][info][gc          ] Allocation Stall (Executor task launch worker for task 35.0 in stage 84.0 (TID 1415)) 8.234ms
[400.923s][info][gc,reloc    ] GC(2213) Large Pages: 0 / 0M, Empty: 0M, Relocated: 0M, In-Place: 0
[400.923s][info][gc          ] Allocation Stall (Executor task launch worker for task 5.0 in stage 84.0 (TID 1375)) 8.094ms
[400.923s][info][gc          ] Allocation Stall (Executor task launch worker for task 8.0 in stage 84.0 (TID 1378)) 8.025ms
[400.923s][info][gc,reloc    ] GC(2213) Forwarding Usage: 0M
[400.923s][info][gc          ] Allocation Stall (Executor task launch worker for task 3.0 in stage 84.0 (TID 1408)) 8.042ms
[400.923s][info][gc,heap     ] GC(2213) Min Capacity: 8M(0%)
[400.923s][info][gc          ] Allocation Stall (Executor task launch worker for task 36.0 in stage 84.0 (TID 1399)) 7.762ms
[400.923s][info][gc,heap     ] GC(2213) Max Capacity: 2048M(100%)
[400.923s][info][gc          ] Allocation Stall (Executor task launch worker for task 37.0 in stage 84.0 (TID 1400)) 7.646ms
[400.923s][info][gc,heap     ] GC(2213) Soft Max Capacity: 2048M(100%)
[400.923s][info][gc          ] Allocation Stall (Executor task launch worker for task 39.0 in stage 84.0 (TID 1402)) 7.685ms
[400.923s][info][gc,heap     ] GC(2213)                Mark Start          Mark End        Relocate Start      Relocate End           High               Low         
[400.923s][info][gc          ] Allocation Stall (Executor task launch worker for task 44.0 in stage 84.0 (TID 1417)) 7.741ms
[400.923s][info][gc,heap     ] GC(2213)  Capacity:     2048M (100%)       2048M (100%)       2048M (100%)       2048M (100%)       2048M (100%)       2048M (100%)   
[400.923s][info][gc          ] Allocation Stall (Executor task launch worker for task 38.0 in stage 84.0 (TID 1401)) 7.776ms
[400.923s][info][gc,heap     ] GC(2213)      Free:        0M (0%)            0M (0%)          608M (30%)           0M (0%)          626M (31%)           0M (0%)     
[400.923s][info][gc          ] Allocation Stall (Executor task launch worker for task 25.0 in stage 84.0 (TID 1390)) 7.821ms
[400.923s][info][gc,heap     ] GC(2213)      Used:     2048M (100%)       2048M (100%)       1440M (70%)        2048M (100%)       2048M (100%)       1422M (69%)    
[400.923s][info][gc          ] Allocation Stall (Executor task launch worker for task 21.0 in stage 84.0 (TID 1387)) 7.777ms
[400.923s][info][gc,heap     ] GC(2213)      Live:         -              1106M (54%)        1106M (54%)        1106M (54%)            -                  -          
[400.923s][info][gc,heap     ] GC(2213) Allocated:         -                 0M (0%)           54M (3%)          753M (37%)            -                  -          
[400.923s][info][gc,heap     ] GC(2213)   Garbage:         -               941M (46%)         279M (14%)         188M (9%)             -                  -          
[400.923s][info][gc,heap     ] GC(2213) Reclaimed:         -                  -               662M (32%)         753M (37%)            -                  -          
[400.923s][info][gc          ] GC(2213) Garbage Collection (Allocation Stall) 2048M(100%)->2048M(100%)
[400.923s][info][gc,start    ] GC(2214) Garbage Collection (Allocation Stall)
[400.923s][info][gc,ref      ] GC(2214) Clearing All SoftReferences
[400.923s][info][gc,task     ] GC(2214) Using 12 workers
[400.924s][info][gc,ref      ] GC(2214) Clearing All SoftReferences
[400.924s][info][gc,phases   ] GC(2214) Pause Mark Start 0.035ms
[400.924s][info][gc          ] Allocation Stall (Executor task launch worker for task 18.0 in stage 84.0 (TID 1386)) 8.940ms
[400.924s][info][gc          ] Allocation Stall (Executor task launch worker for task 4.0 in stage 84.0 (TID 1374)) 8.843ms
[400.924s][info][gc          ] Allocation Stall (Executor task launch worker for task 41.0 in stage 84.0 (TID 1404)) 8.863ms
[400.924s][info][gc          ] Allocation Stall (Executor task launch worker for task 15.0 in stage 84.0 (TID 1383)) 8.549ms
[400.964s][info][gc,phases   ] GC(2214) Concurrent Mark 39.451ms
[400.964s][info][gc,phases   ] GC(2214) Pause Mark End 0.027ms
[400.964s][info][gc,phases   ] GC(2214) Concurrent Mark Free 0.001ms
[400.967s][info][gc,phases   ] GC(2214) Concurrent Process Non-Strong References 3.439ms
[400.968s][info][gc,phases   ] GC(2214) Concurrent Reset Relocation Set 0.006ms
[400.968s][info][gc          ] Allocation Stall (Executor task launch worker for task 30.0 in stage 84.0 (TID 1414)) 31.919ms
[400.968s][info][gc          ] Allocation Stall (Executor task launch worker for task 19.0 in stage 84.0 (TID 1411)) 31.384ms
[400.968s][info][gc          ] Allocation Stall (Executor task launch worker for task 12.0 in stage 84.0 (TID 1381)) 31.295ms
[400.968s][info][gc          ] Allocation Stall (Executor task launch worker for task 0.0 in stage 84.0 (TID 1407)) 31.839ms
[400.968s][info][gc          ] Allocation Stall (Executor task launch worker for task 7.0 in stage 84.0 (TID 1377)) 31.278ms
[400.968s][info][gc          ] Allocation Stall (Executor task launch worker for task 43.0 in stage 84.0 (TID 1405)) 31.546ms
[400.968s][info][gc          ] Allocation Stall (Executor task launch worker for task 11.0 in stage 84.0 (TID 1409)) 31.688ms
[400.968s][info][gc          ] Allocation Stall (Executor task launch worker for task 45.0 in stage 84.0 (TID 1418)) 31.211ms
[400.968s][info][gc          ] Allocation Stall (Executor task launch worker for task 15.0 in stage 84.0 (TID 1383)) 32.021ms
[400.968s][info][gc          ] Allocation Stall (RemoteBlock-temp-file-clean-thread) 3.857ms
[400.968s][info][gc          ] Allocation Stall (Executor task launch worker for task 17.0 in stage 84.0 (TID 1385)) 31.522ms
[400.968s][info][gc          ] Allocation Stall (Executor task launch worker for task 22.0 in stage 84.0 (TID 1388)) 31.123ms
[400.968s][info][gc          ] Allocation Stall (Executor task launch worker for task 8.0 in stage 84.0 (TID 1378)) 31.281ms
[400.968s][info][gc          ] Allocation Stall (Executor task launch worker for task 28.0 in stage 84.0 (TID 1393)) 35.723ms
[400.968s][info][gc          ] Allocation Stall (Executor task launch worker for task 6.0 in stage 84.0 (TID 1376)) 31.366ms
[400.968s][info][gc          ] Allocation Stall (Executor task launch worker for task 36.0 in stage 84.0 (TID 1399)) 31.341ms
[400.968s][info][gc          ] Allocation Stall (Executor task launch worker for task 34.0 in stage 84.0 (TID 1398)) 31.406ms
[400.968s][info][gc          ] Allocation Stall (Executor task launch worker for task 5.0 in stage 84.0 (TID 1375)) 31.359ms
[400.968s][info][gc          ] Allocation Stall (Executor task launch worker for task 41.0 in stage 84.0 (TID 1404)) 31.579ms
[400.968s][info][gc          ] Allocation Stall (Executor task launch worker for task 25.0 in stage 84.0 (TID 1390)) 31.276ms
[400.968s][info][gc          ] Allocation Stall (Executor task launch worker for task 13.0 in stage 84.0 (TID 1382)) 31.334ms
[400.968s][info][gc          ] Allocation Stall (Executor task launch worker for task 3.0 in stage 84.0 (TID 1408)) 31.355ms
[400.968s][info][gc          ] Allocation Stall (Executor task launch worker for task 14.0 in stage 84.0 (TID 1410)) 31.999ms
[400.968s][info][gc          ] Allocation Stall (Executor task launch worker for task 42.0 in stage 84.0 (TID 1416)) 35.167ms
[400.968s][info][gc          ] Allocation Stall (Executor task launch worker for task 33.0 in stage 84.0 (TID 1397)) 34.970ms
[400.968s][info][gc          ] Allocation Stall (Executor task launch worker for task 23.0 in stage 84.0 (TID 1389)) 31.747ms
[400.968s][info][gc          ] Allocation Stall (Executor task launch worker for task 20.0 in stage 84.0 (TID 1412)) 31.832ms
[400.968s][info][gc          ] Allocation Stall (Executor task launch worker for task 27.0 in stage 84.0 (TID 1392)) 35.337ms
[400.968s][info][gc          ] Allocation Stall (Executor task launch worker for task 26.0 in stage 84.0 (TID 1391)) 34.899ms
[400.968s][info][gc          ] Allocation Stall (Executor task launch worker for task 4.0 in stage 84.0 (TID 1374)) 31.519ms
[400.968s][info][gc          ] Allocation Stall (Executor task launch worker for task 39.0 in stage 84.0 (TID 1402)) 35.323ms
[400.968s][info][gc          ] Allocation Stall (Executor task launch worker for task 35.0 in stage 84.0 (TID 1415)) 35.053ms
[400.968s][info][gc          ] Allocation Stall (Executor task launch worker for task 32.0 in stage 84.0 (TID 1396)) 34.965ms
[400.968s][info][gc          ] Allocation Stall (Executor task launch worker for task 38.0 in stage 84.0 (TID 1401)) 31.440ms
[400.968s][info][gc          ] Allocation Stall (Executor task launch worker for task 37.0 in stage 84.0 (TID 1400)) 31.639ms
[400.968s][info][gc          ] Allocation Stall (Executor task launch worker for task 1.0 in stage 84.0 (TID 1372)) 31.419ms
[400.968s][info][gc          ] Allocation Stall (Executor task launch worker for task 9.0 in stage 84.0 (TID 1379)) 34.935ms
[400.968s][info][gc          ] Allocation Stall (Executor task launch worker for task 21.0 in stage 84.0 (TID 1387)) 31.504ms
[400.968s][info][gc          ] Allocation Stall (Executor task launch worker for task 18.0 in stage 84.0 (TID 1386)) 31.770ms
[400.968s][info][gc          ] Allocation Stall (Executor task launch worker for task 31.0 in stage 84.0 (TID 1395)) 31.824ms
[400.968s][info][gc          ] Allocation Stall (Executor task launch worker for task 29.0 in stage 84.0 (TID 1394)) 35.084ms
[400.968s][info][gc          ] Allocation Stall (Executor task launch worker for task 40.0 in stage 84.0 (TID 1403)) 34.991ms
[400.968s][info][gc          ] Allocation Stall (Executor task launch worker for task 24.0 in stage 84.0 (TID 1413)) 33.812ms
[400.968s][info][gc          ] Allocation Stall (Executor task launch worker for task 2.0 in stage 84.0 (TID 1373)) 34.883ms
[400.968s][info][gc          ] Allocation Stall (Executor task launch worker for task 16.0 in stage 84.0 (TID 1384)) 35.204ms
[400.968s][info][gc          ] Allocation Stall (Executor task launch worker for task 46.0 in stage 84.0 (TID 1419)) 31.952ms
[400.968s][info][gc          ] Allocation Stall (Executor task launch worker for task 10.0 in stage 84.0 (TID 1380)) 31.674ms
[400.968s][info][gc          ] Allocation Stall (Executor task launch worker for task 44.0 in stage 84.0 (TID 1417)) 35.221ms
[400.972s][info][gc,phases   ] GC(2214) Concurrent Select Relocation Set 4.480ms
[400.972s][info][gc,phases   ] GC(2214) Pause Relocate Start 0.008ms
[400.975s][info][gc,phases   ] GC(2214) Concurrent Relocate 2.418ms
[400.975s][info][gc,load     ] GC(2214) Load: 0.00/0.00/0.00
[400.975s][info][gc,mmu      ] GC(2214) MMU: 2ms/86.2%, 5ms/94.5%, 10ms/97.2%, 20ms/98.6%, 50ms/99.4%, 100ms/99.6%
[400.975s][info][gc,marking  ] GC(2214) Mark: 8 stripe(s), 4 proactive flush(es), 1 terminate flush(es), 0 completion(s), 0 continuation(s) 
[400.975s][info][gc,marking  ] GC(2214) Mark Stack Usage: 32M
[400.975s][info][gc,nmethod  ] GC(2214) NMethods: 8123 registered, 1324 unregistered
[400.975s][info][gc,metaspace] GC(2214) Metaspace: 120M used, 123M committed, 1152M reserved
[400.975s][info][gc,ref      ] GC(2214) Soft: 2876 encountered, 1153 discovered, 0 enqueued
[400.975s][info][gc,ref      ] GC(2214) Weak: 13752 encountered, 917 discovered, 2 enqueued
[400.975s][info][gc,ref      ] GC(2214) Final: 84 encountered, 0 discovered, 0 enqueued
[400.975s][info][gc,ref      ] GC(2214) Phantom: 764 encountered, 596 discovered, 0 enqueued
[400.975s][info][gc,reloc    ] GC(2214) Small Pages: 406 / 812M, Empty: 648M, Relocated: 2M, In-Place: 0
[400.975s][info][gc,reloc    ] GC(2214) Medium Pages: 38 / 1216M, Empty: 0M, Relocated: 0M, In-Place: 0
[400.975s][info][gc,reloc    ] GC(2214) Large Pages: 0 / 0M, Empty: 0M, Relocated: 0M, In-Place: 0
[400.975s][info][gc,reloc    ] GC(2214) Forwarding Usage: 0M
[400.975s][info][gc,heap     ] GC(2214) Min Capacity: 8M(0%)
[400.975s][info][gc,heap     ] GC(2214) Max Capacity: 2048M(100%)
[400.975s][info][gc,heap     ] GC(2214) Soft Max Capacity: 2048M(100%)
[400.975s][info][gc,heap     ] GC(2214)                Mark Start          Mark End        Relocate Start      Relocate End           High               Low         
[400.975s][info][gc,heap     ] GC(2214)  Capacity:     2048M (100%)       2048M (100%)       2048M (100%)       2048M (100%)       2048M (100%)       2048M (100%)   
[400.975s][info][gc,heap     ] GC(2214)      Free:       12M (1%)            0M (0%)          602M (29%)         642M (31%)         668M (33%)           0M (0%)     
[400.975s][info][gc,heap     ] GC(2214)      Used:     2036M (99%)        2048M (100%)       1446M (71%)        1406M (69%)        2048M (100%)       1380M (67%)    
[400.976s][info][gc,heap     ] GC(2214)      Live:         -              1111M (54%)        1111M (54%)        1111M (54%)            -                  -          
[400.976s][info][gc,heap     ] GC(2214) Allocated:         -                12M (1%)           58M (3%)           87M (4%)             -                  -          
[400.976s][info][gc,heap     ] GC(2214)   Garbage:         -               924M (45%)         276M (13%)         206M (10%)            -                  -          
[400.976s][info][gc,heap     ] GC(2214) Reclaimed:         -                  -               648M (32%)         717M (35%)            -                  -          
[400.976s][info][gc          ] GC(2214) Garbage Collection (Allocation Stall) 2036M(99%)->1406M(69%)
[401.029s][info][gc,start    ] GC(2215) Garbage Collection (Allocation Stall)
[401.030s][info][gc,ref      ] GC(2215) Clearing All SoftReferences
[401.030s][info][gc,task     ] GC(2215) Using 12 workers
[401.041s][info][gc,ref      ] GC(2215) Clearing All SoftReferences
[401.041s][info][gc,phases   ] GC(2215) Pause Mark Start 0.037ms
[401.041s][info][gc          ] Allocation Stall (Executor task launch worker for task 37.0 in stage 84.0 (TID 1400)) 11.315ms
[401.078s][info][gc,phases   ] GC(2215) Concurrent Mark 36.309ms
[401.078s][info][gc,phases   ] GC(2215) Pause Mark End 0.018ms
[401.078s][info][gc,phases   ] GC(2215) Concurrent Mark Free 0.001ms
[401.081s][info][gc,phases   ] GC(2215) Concurrent Process Non-Strong References 2.826ms
[401.081s][info][gc,phases   ] GC(2215) Concurrent Reset Relocation Set 0.006ms
[401.081s][info][gc          ] Allocation Stall (Executor task launch worker for task 42.0 in stage 84.0 (TID 1416)) 28.003ms
[401.081s][info][gc          ] Allocation Stall (Executor task launch worker for task 19.0 in stage 84.0 (TID 1411)) 27.898ms
[401.081s][info][gc          ] Allocation Stall (Executor task launch worker for task 13.0 in stage 84.0 (TID 1382)) 25.219ms
[401.081s][info][gc          ] Allocation Stall (Executor task launch worker for task 3.0 in stage 84.0 (TID 1408)) 27.457ms
[401.081s][info][gc          ] Allocation Stall (Executor task launch worker for task 24.0 in stage 84.0 (TID 1413)) 27.180ms
[401.081s][info][gc          ] Allocation Stall (Executor task launch worker for task 26.0 in stage 84.0 (TID 1391)) 27.956ms
[401.081s][info][gc          ] Allocation Stall (Executor task launch worker for task 43.0 in stage 84.0 (TID 1405)) 27.215ms
[401.081s][info][gc          ] Allocation Stall (Executor task launch worker for task 21.0 in stage 84.0 (TID 1387)) 27.975ms
[401.081s][info][gc          ] Allocation Stall (Executor task launch worker for task 0.0 in stage 84.0 (TID 1407)) 27.454ms
[401.081s][info][gc          ] Allocation Stall (Executor task launch worker for task 35.0 in stage 84.0 (TID 1415)) 27.973ms
[401.081s][info][gc          ] Allocation Stall (Executor task launch worker for task 7.0 in stage 84.0 (TID 1377)) 27.095ms
[401.081s][info][gc          ] Allocation Stall (Executor task launch worker for task 45.0 in stage 84.0 (TID 1418)) 27.841ms
[401.081s][info][gc          ] Allocation Stall (Executor task launch worker for task 31.0 in stage 84.0 (TID 1395)) 28.159ms
[401.081s][info][gc          ] Allocation Stall (Executor task launch worker for task 46.0 in stage 84.0 (TID 1419)) 27.482ms
[401.081s][info][gc          ] Allocation Stall (Executor task launch worker for task 29.0 in stage 84.0 (TID 1394)) 29.076ms
[401.081s][info][gc          ] Allocation Stall (Executor task launch worker for task 44.0 in stage 84.0 (TID 1417)) 28.613ms
[401.081s][info][gc          ] Allocation Stall (Executor task launch worker for task 4.0 in stage 84.0 (TID 1374)) 28.411ms
[401.081s][info][gc          ] Allocation Stall (Executor task launch worker for task 30.0 in stage 84.0 (TID 1414)) 27.449ms
[401.081s][info][gc          ] Allocation Stall (Executor task launch worker for task 16.0 in stage 84.0 (TID 1384)) 27.207ms
[401.081s][info][gc          ] Allocation Stall (Executor task launch worker for task 41.0 in stage 84.0 (TID 1404)) 28.531ms
[401.081s][info][gc          ] Allocation Stall (Executor task launch worker for task 20.0 in stage 84.0 (TID 1412)) 27.503ms
[401.081s][info][gc          ] Allocation Stall (Executor task launch worker for task 23.0 in stage 84.0 (TID 1389)) 27.244ms
[401.081s][info][gc          ] Allocation Stall (Executor task launch worker for task 27.0 in stage 84.0 (TID 1392)) 28.545ms
[401.081s][info][gc          ] Allocation Stall (Executor task launch worker for task 36.0 in stage 84.0 (TID 1399)) 29.236ms
[401.081s][info][gc          ] Allocation Stall (Executor task launch worker for task 38.0 in stage 84.0 (TID 1401)) 27.267ms
[401.081s][info][gc          ] Allocation Stall (Executor task launch worker for task 25.0 in stage 84.0 (TID 1390)) 28.081ms
[401.081s][info][gc          ] Allocation Stall (Executor task launch worker for task 40.0 in stage 84.0 (TID 1403)) 28.134ms
[401.081s][info][gc          ] Allocation Stall (Executor task launch worker for task 15.0 in stage 84.0 (TID 1383)) 25.619ms
[401.081s][info][gc          ] Allocation Stall (Executor task launch worker for task 12.0 in stage 84.0 (TID 1381)) 28.202ms
[401.081s][info][gc          ] Allocation Stall (Executor task launch worker for task 28.0 in stage 84.0 (TID 1393)) 28.676ms
[401.081s][info][gc          ] Allocation Stall (Executor task launch worker for task 1.0 in stage 84.0 (TID 1372)) 20.926ms
[401.081s][info][gc          ] Allocation Stall (Executor task launch worker for task 17.0 in stage 84.0 (TID 1385)) 28.440ms
[401.081s][info][gc          ] Allocation Stall (Executor task launch worker for task 39.0 in stage 84.0 (TID 1402)) 28.002ms
[401.081s][info][gc          ] Allocation Stall (Executor task launch worker for task 33.0 in stage 84.0 (TID 1397)) 27.447ms
[401.081s][info][gc          ] Allocation Stall (Executor task launch worker for task 5.0 in stage 84.0 (TID 1375)) 28.656ms
[401.081s][info][gc          ] Allocation Stall (Executor task launch worker for task 18.0 in stage 84.0 (TID 1386)) 27.996ms
[401.081s][info][gc          ] Allocation Stall (Executor task launch worker for task 6.0 in stage 84.0 (TID 1376)) 28.682ms
[401.081s][info][gc          ] Allocation Stall (Executor task launch worker for task 37.0 in stage 84.0 (TID 1400)) 28.686ms
[401.081s][info][gc          ] Allocation Stall (Executor task launch worker for task 8.0 in stage 84.0 (TID 1378)) 28.711ms
[401.081s][info][gc          ] Allocation Stall (Executor task launch worker for task 2.0 in stage 84.0 (TID 1373)) 29.112ms
[401.081s][info][gc          ] Allocation Stall (Executor task launch worker for task 10.0 in stage 84.0 (TID 1380)) 28.908ms
[401.081s][info][gc          ] Allocation Stall (Executor task launch worker for task 34.0 in stage 84.0 (TID 1398)) 28.199ms
[401.081s][info][gc          ] Allocation Stall (Executor task launch worker for task 32.0 in stage 84.0 (TID 1396)) 27.453ms
[401.081s][info][gc          ] Allocation Stall (Executor task launch worker for task 11.0 in stage 84.0 (TID 1409)) 27.480ms
[401.081s][info][gc          ] Allocation Stall (Executor task launch worker for task 9.0 in stage 84.0 (TID 1379)) 27.654ms
[401.081s][info][gc          ] Allocation Stall (Executor task launch worker for task 14.0 in stage 84.0 (TID 1410)) 28.900ms
[401.081s][info][gc          ] Allocation Stall (Executor task launch worker for task 22.0 in stage 84.0 (TID 1388)) 28.927ms
[401.086s][info][gc,phases   ] GC(2215) Concurrent Select Relocation Set 4.830ms
[401.086s][info][gc,phases   ] GC(2215) Pause Relocate Start 0.009ms
[401.135s][info][gc          ] Allocation Stall (Executor task launch worker for task 27.0 in stage 84.0 (TID 1392)) 3.299ms
[401.135s][info][gc          ] Allocation Stall (Executor task launch worker for task 34.0 in stage 84.0 (TID 1398)) 3.271ms
[401.135s][info][gc          ] Allocation Stall (Executor task launch worker for task 25.0 in stage 84.0 (TID 1390)) 3.260ms
[401.135s][info][gc          ] Allocation Stall (Executor task launch worker for task 32.0 in stage 84.0 (TID 1396)) 3.302ms
[401.135s][info][gc          ] Allocation Stall (Executor task launch worker for task 8.0 in stage 84.0 (TID 1378)) 3.298ms
[401.135s][info][gc          ] Allocation Stall (Executor task launch worker for task 16.0 in stage 84.0 (TID 1384)) 3.298ms
[401.135s][info][gc          ] Allocation Stall (Executor task launch worker for task 22.0 in stage 84.0 (TID 1388)) 3.295ms
[401.135s][info][gc          ] Allocation Stall (Executor task launch worker for task 10.0 in stage 84.0 (TID 1380)) 3.137ms
[401.135s][info][gc          ] Allocation Stall (Executor task launch worker for task 38.0 in stage 84.0 (TID 1401)) 3.339ms
[401.135s][info][gc          ] Allocation Stall (Executor task launch worker for task 33.0 in stage 84.0 (TID 1397)) 3.341ms
[401.135s][info][gc          ] Allocation Stall (Executor task launch worker for task 28.0 in stage 84.0 (TID 1393)) 3.340ms
[401.135s][info][gc          ] Allocation Stall (Executor task launch worker for task 36.0 in stage 84.0 (TID 1399)) 3.343ms
[401.135s][info][gc          ] Allocation Stall (Executor task launch worker for task 39.0 in stage 84.0 (TID 1402)) 3.345ms
[401.135s][info][gc          ] Allocation Stall (Executor task launch worker for task 43.0 in stage 84.0 (TID 1405)) 3.351ms
[401.135s][info][gc          ] Allocation Stall (Executor task launch worker for task 18.0 in stage 84.0 (TID 1386)) 3.351ms
[401.135s][info][gc          ] Allocation Stall (Executor task launch worker for task 3.0 in stage 84.0 (TID 1408)) 3.350ms
[401.135s][info][gc          ] Allocation Stall (Executor task launch worker for task 41.0 in stage 84.0 (TID 1404)) 2.762ms
[401.135s][info][gc          ] Allocation Stall (Executor task launch worker for task 12.0 in stage 84.0 (TID 1381)) 1.136ms
[401.135s][info][gc          ] Allocation Stall (Executor task launch worker for task 4.0 in stage 84.0 (TID 1374)) 0.984ms
[401.135s][info][gc          ] Allocation Stall (Executor task launch worker for task 21.0 in stage 84.0 (TID 1387)) 1.872ms
[401.135s][info][gc          ] Allocation Stall (Executor task launch worker for task 29.0 in stage 84.0 (TID 1394)) 2.464ms
[401.135s][info][gc          ] Allocation Stall (Executor task launch worker for task 7.0 in stage 84.0 (TID 1377)) 3.687ms
[401.135s][info][gc          ] Allocation Stall (Executor task launch worker for task 31.0 in stage 84.0 (TID 1395)) 2.224ms
[401.135s][info][gc          ] Allocation Stall (Executor task launch worker for task 2.0 in stage 84.0 (TID 1373)) 0.651ms
[401.183s][info][gc,phases   ] GC(2215) Concurrent Relocate 97.112ms
[401.184s][info][gc,load     ] GC(2215) Load: 0.00/0.00/0.00
[401.184s][info][gc,mmu      ] GC(2215) MMU: 2ms/86.2%, 5ms/94.5%, 10ms/97.2%, 20ms/98.6%, 50ms/99.4%, 100ms/99.6%
[401.184s][info][gc,marking  ] GC(2215) Mark: 8 stripe(s), 2 proactive flush(es), 1 terminate flush(es), 0 completion(s), 0 continuation(s) 
[401.184s][info][gc,marking  ] GC(2215) Mark Stack Usage: 32M
[401.184s][info][gc,nmethod  ] GC(2215) NMethods: 8127 registered, 1324 unregistered
[401.184s][info][gc,metaspace] GC(2215) Metaspace: 120M used, 123M committed, 1152M reserved
[401.184s][info][gc,ref      ] GC(2215) Soft: 2914 encountered, 591 discovered, 24 enqueued
[401.184s][info][gc,ref      ] GC(2215) Weak: 13762 encountered, 1178 discovered, 10 enqueued
[401.184s][info][gc,ref      ] GC(2215) Final: 84 encountered, 32 discovered, 0 enqueued
[401.184s][info][gc,ref      ] GC(2215) Phantom: 764 encountered, 557 discovered, 0 enqueued
[401.184s][info][gc,reloc    ] GC(2215) Small Pages: 386 / 772M, Empty: 598M, Relocated: 3M, In-Place: 0
[401.184s][info][gc,reloc    ] GC(2215) Medium Pages: 39 / 1248M, Empty: 0M, Relocated: 15M, In-Place: 0
[401.184s][info][gc,reloc    ] GC(2215) Large Pages: 0 / 0M, Empty: 0M, Relocated: 0M, In-Place: 0
[401.184s][info][gc,reloc    ] GC(2215) Forwarding Usage: 0M
[401.184s][info][gc,heap     ] GC(2215) Min Capacity: 8M(0%)
[401.184s][info][gc,heap     ] GC(2215) Max Capacity: 2048M(100%)
[401.184s][info][gc,heap     ] GC(2215) Soft Max Capacity: 2048M(100%)
[401.184s][info][gc,heap     ] GC(2215)                Mark Start          Mark End        Relocate Start      Relocate End           High               Low         
[401.184s][info][gc,heap     ] GC(2215)  Capacity:     2048M (100%)       2048M (100%)       2048M (100%)       2048M (100%)       2048M (100%)       2048M (100%)   
[401.184s][info][gc,heap     ] GC(2215)      Free:       26M (1%)            0M (0%)          574M (28%)         128M (6%)          612M (30%)           0M (0%)     
[401.184s][info][gc,heap     ] GC(2215)      Used:     2022M (99%)        2048M (100%)       1474M (72%)        1920M (94%)        2048M (100%)       1436M (70%)    
[401.184s][info][gc,heap     ] GC(2215)      Live:         -              1115M (54%)        1115M (54%)        1115M (54%)            -                  -          
[401.184s][info][gc,heap     ] GC(2215) Allocated:         -                26M (1%)           50M (2%)          596M (29%)            -                  -          
[401.184s][info][gc,heap     ] GC(2215)   Garbage:         -               906M (44%)         308M (15%)         208M (10%)            -                  -          
[401.184s][info][gc,heap     ] GC(2215) Reclaimed:         -                  -               598M (29%)         698M (34%)            -                  -          
[401.184s][info][gc          ] GC(2215) Garbage Collection (Allocation Stall) 2022M(99%)->1920M(94%)
[401.245s][info][gc,start    ] GC(2216) Garbage Collection (Allocation Stall)
[401.245s][info][gc,ref      ] GC(2216) Clearing All SoftReferences
[401.245s][info][gc,task     ] GC(2216) Using 12 workers
[401.246s][info][gc,ref      ] GC(2216) Clearing All SoftReferences
[401.246s][info][gc,phases   ] GC(2216) Pause Mark Start 0.045ms
[401.246s][info][gc          ] Allocation Stall (Executor task launch worker for task 43.0 in stage 84.0 (TID 1405)) 0.962ms
[401.246s][info][gc          ] Allocation Stall (Executor task launch worker for task 40.0 in stage 84.0 (TID 1403)) 0.003ms
[401.246s][info][gc          ] Allocation Stall (Executor task launch worker for task 14.0 in stage 84.0 (TID 1410)) 0.008ms
[401.246s][info][gc          ] Allocation Stall (Executor task launch worker for task 42.0 in stage 84.0 (TID 1416)) 0.094ms
[401.246s][info][gc          ] Allocation Stall (Executor task launch worker for task 22.0 in stage 84.0 (TID 1388)) 0.096ms
[401.246s][info][gc          ] Allocation Stall (Executor task launch worker for task 35.0 in stage 84.0 (TID 1415)) 0.157ms
[401.246s][info][gc          ] Allocation Stall (Executor task launch worker for task 30.0 in stage 84.0 (TID 1414)) 0.206ms
[401.246s][info][gc          ] Allocation Stall (Executor task launch worker for task 28.0 in stage 84.0 (TID 1393)) 0.266ms
[401.268s][info][gc,phases   ] GC(2216) Concurrent Mark 22.513ms
[401.268s][info][gc,phases   ] GC(2216) Pause Mark End 0.024ms
[401.269s][info][gc,phases   ] GC(2216) Concurrent Mark Free 0.001ms
[401.290s][info][gc,phases   ] GC(2216) Concurrent Process Non-Strong References 21.109ms
[401.290s][info][gc,phases   ] GC(2216) Concurrent Reset Relocation Set 0.008ms
[401.290s][info][gc          ] Allocation Stall (Executor task launch worker for task 37.0 in stage 84.0 (TID 1400)) 39.730ms
[401.290s][info][gc          ] Allocation Stall (Executor task launch worker for task 40.0 in stage 84.0 (TID 1403)) 38.632ms
[401.290s][info][gc          ] Allocation Stall (Executor task launch worker for task 35.0 in stage 84.0 (TID 1415)) 38.630ms
[401.290s][info][gc          ] Allocation Stall (Executor task launch worker for task 22.0 in stage 84.0 (TID 1388)) 38.633ms
[401.290s][info][gc          ] Allocation Stall (Executor task launch worker for task 42.0 in stage 84.0 (TID 1416)) 39.665ms
[401.290s][info][gc          ] Allocation Stall (Executor task launch worker for task 44.0 in stage 84.0 (TID 1417)) 39.810ms
[401.290s][info][gc          ] Allocation Stall (Executor task launch worker for task 39.0 in stage 84.0 (TID 1402)) 39.896ms
[401.290s][info][gc          ] Allocation Stall (Executor task launch worker for task 20.0 in stage 84.0 (TID 1412)) 39.623ms
[401.290s][info][gc          ] Allocation Stall (Executor task launch worker for task 6.0 in stage 84.0 (TID 1376)) 39.422ms
[401.290s][info][gc          ] Allocation Stall (Executor task launch worker for task 18.0 in stage 84.0 (TID 1386)) 38.581ms
[401.290s][info][gc          ] Allocation Stall (Executor task launch worker for task 34.0 in stage 84.0 (TID 1398)) 39.883ms
[401.290s][info][gc          ] Allocation Stall (Executor task launch worker for task 43.0 in stage 84.0 (TID 1405)) 38.857ms
[401.290s][info][gc          ] Allocation Stall (Executor task launch worker for task 16.0 in stage 84.0 (TID 1384)) 39.983ms
[401.290s][info][gc          ] Allocation Stall (Executor task launch worker for task 45.0 in stage 84.0 (TID 1418)) 39.966ms
[401.290s][info][gc          ] Allocation Stall (Executor task launch worker for task 3.0 in stage 84.0 (TID 1408)) 39.880ms
[401.290s][info][gc          ] Allocation Stall (Executor task launch worker for task 14.0 in stage 84.0 (TID 1410)) 39.752ms
[401.290s][info][gc          ] Allocation Stall (Executor task launch worker for task 26.0 in stage 84.0 (TID 1391)) 40.316ms
[401.290s][info][gc          ] Allocation Stall (Executor task launch worker for task 38.0 in stage 84.0 (TID 1401)) 40.682ms
[401.290s][info][gc          ] Allocation Stall (Executor task launch worker for task 19.0 in stage 84.0 (TID 1411)) 38.745ms
[401.290s][info][gc          ] Allocation Stall (Executor task launch worker for task 36.0 in stage 84.0 (TID 1399)) 38.594ms
[401.290s][info][gc          ] Allocation Stall (Executor task launch worker for task 46.0 in stage 84.0 (TID 1419)) 40.116ms
[401.290s][info][gc          ] Allocation Stall (Executor task launch worker for task 24.0 in stage 84.0 (TID 1413)) 40.203ms
[401.290s][info][gc          ] Allocation Stall (dispatcher-event-loop-47) 35.801ms
[401.290s][info][gc          ] Allocation Stall (Executor task launch worker for task 25.0 in stage 84.0 (TID 1390)) 39.441ms
[401.290s][info][gc          ] Allocation Stall (Executor task launch worker for task 8.0 in stage 84.0 (TID 1378)) 40.691ms
[401.290s][info][gc          ] Allocation Stall (Executor task launch worker for task 30.0 in stage 84.0 (TID 1414)) 38.740ms
[401.290s][info][gc          ] Allocation Stall (Executor task launch worker for task 11.0 in stage 84.0 (TID 1409)) 40.036ms
[401.290s][info][gc          ] Allocation Stall (Executor task launch worker for task 33.0 in stage 84.0 (TID 1397)) 40.122ms
[401.290s][info][gc          ] Allocation Stall (Executor task launch worker for task 0.0 in stage 84.0 (TID 1407)) 39.867ms
[401.297s][info][gc,phases   ] GC(2216) Concurrent Select Relocation Set 7.187ms
[401.298s][info][gc,phases   ] GC(2216) Pause Relocate Start 0.021ms
[401.397s][info][gc,phases   ] GC(2216) Concurrent Relocate 98.611ms
[401.397s][info][gc,load     ] GC(2216) Load: 0.00/0.00/0.00
[401.397s][info][gc,mmu      ] GC(2216) MMU: 2ms/86.2%, 5ms/94.5%, 10ms/97.2%, 20ms/98.6%, 50ms/99.4%, 100ms/99.6%
[401.397s][info][gc,marking  ] GC(2216) Mark: 8 stripe(s), 2 proactive flush(es), 1 terminate flush(es), 0 completion(s), 0 continuation(s) 
[401.397s][info][gc,marking  ] GC(2216) Mark Stack Usage: 32M
[401.397s][info][gc,nmethod  ] GC(2216) NMethods: 8131 registered, 1327 unregistered
[401.397s][info][gc,metaspace] GC(2216) Metaspace: 120M used, 123M committed, 1152M reserved
[401.397s][info][gc,ref      ] GC(2216) Soft: 2907 encountered, 2355 discovered, 38 enqueued
[401.397s][info][gc,ref      ] GC(2216) Weak: 13779 encountered, 1001 discovered, 30 enqueued
[401.397s][info][gc,ref      ] GC(2216) Final: 84 encountered, 0 discovered, 0 enqueued
[401.397s][info][gc,ref      ] GC(2216) Phantom: 764 encountered, 485 discovered, 0 enqueued
[401.397s][info][gc,reloc    ] GC(2216) Small Pages: 387 / 774M, Empty: 532M, Relocated: 8M, In-Place: 0
[401.397s][info][gc,reloc    ] GC(2216) Medium Pages: 39 / 1248M, Empty: 0M, Relocated: 81M, In-Place: 0
[401.397s][info][gc,reloc    ] GC(2216) Large Pages: 2 / 16M, Empty: 0M, Relocated: 0M, In-Place: 0
[401.397s][info][gc,reloc    ] GC(2216) Forwarding Usage: 1M
[401.397s][info][gc,heap     ] GC(2216) Min Capacity: 8M(0%)
[401.397s][info][gc,heap     ] GC(2216) Max Capacity: 2048M(100%)
[401.397s][info][gc,heap     ] GC(2216) Soft Max Capacity: 2048M(100%)
[401.397s][info][gc,heap     ] GC(2216)                Mark Start          Mark End        Relocate Start      Relocate End           High               Low         
[401.397s][info][gc,heap     ] GC(2216)  Capacity:     2048M (100%)       2048M (100%)       2048M (100%)       2048M (100%)       2048M (100%)       2048M (100%)   
[401.397s][info][gc,heap     ] GC(2216)      Free:        8M (0%)            0M (0%)          472M (23%)         312M (15%)         568M (28%)           0M (0%)     
[401.397s][info][gc,heap     ] GC(2216)      Used:     2040M (100%)       2048M (100%)       1576M (77%)        1736M (85%)        2048M (100%)       1480M (72%)    
[401.397s][info][gc,heap     ] GC(2216)      Live:         -              1123M (55%)        1123M (55%)        1123M (55%)            -                  -          
[401.397s][info][gc,heap     ] GC(2216) Allocated:         -                 8M (0%)           68M (3%)          453M (22%)            -                  -          
[401.397s][info][gc,heap     ] GC(2216)   Garbage:         -               916M (45%)         384M (19%)         159M (8%)             -                  -          
[401.397s][info][gc,heap     ] GC(2216) Reclaimed:         -                  -               532M (26%)         757M (37%)            -                  -          
[401.397s][info][gc          ] GC(2216) Garbage Collection (Allocation Stall) 2040M(100%)->1736M(85%)
[401.445s][info][gc,start    ] GC(2217) Garbage Collection (Allocation Stall)
[401.445s][info][gc,ref      ] GC(2217) Clearing All SoftReferences
[401.445s][info][gc,task     ] GC(2217) Using 12 workers
[401.445s][info][gc,ref      ] GC(2217) Clearing All SoftReferences
[401.445s][info][gc,phases   ] GC(2217) Pause Mark Start 0.044ms
[401.481s][info][gc          ] Allocation Stall (Executor task launch worker for task 11.0 in stage 84.0 (TID 1409)) 0.338ms
[401.481s][info][gc          ] Allocation Stall (Executor task launch worker for task 45.0 in stage 84.0 (TID 1418)) 0.359ms
[401.481s][info][gc          ] Allocation Stall (Executor task launch worker for task 20.0 in stage 84.0 (TID 1412)) 0.336ms
[401.481s][info][gc          ] Allocation Stall (Executor task launch worker for task 14.0 in stage 84.0 (TID 1410)) 0.307ms
[401.481s][info][gc          ] Allocation Stall (Executor task launch worker for task 30.0 in stage 84.0 (TID 1414)) 0.314ms
[401.481s][info][gc          ] Allocation Stall (Executor task launch worker for task 44.0 in stage 84.0 (TID 1417)) 0.227ms
[401.492s][info][gc,phases   ] GC(2217) Concurrent Mark 46.511ms
[401.492s][info][gc,phases   ] GC(2217) Pause Mark End 0.031ms
[401.492s][info][gc,phases   ] GC(2217) Concurrent Mark Free 0.001ms
[401.514s][info][gc,phases   ] GC(2217) Concurrent Process Non-Strong References 21.830ms
[401.514s][info][gc,phases   ] GC(2217) Concurrent Reset Relocation Set 0.012ms
[401.514s][info][gc          ] Allocation Stall (Executor task launch worker for task 19.0 in stage 84.0 (TID 1411)) 30.090ms
[401.514s][info][gc          ] Allocation Stall (Executor task launch worker for task 14.0 in stage 84.0 (TID 1410)) 29.895ms
[401.514s][info][gc          ] Allocation Stall (Executor task launch worker for task 35.0 in stage 84.0 (TID 1415)) 29.909ms
[401.514s][info][gc          ] Allocation Stall (Executor task launch worker for task 0.0 in stage 84.0 (TID 1407)) 29.844ms
[401.514s][info][gc          ] Allocation Stall (Executor task launch worker for task 11.0 in stage 84.0 (TID 1409)) 30.396ms
[401.514s][info][gc          ] Allocation Stall (Executor task launch worker for task 30.0 in stage 84.0 (TID 1414)) 29.891ms
[401.514s][info][gc          ] Allocation Stall (Executor task launch worker for task 42.0 in stage 84.0 (TID 1416)) 30.209ms
[401.514s][info][gc          ] Allocation Stall (Executor task launch worker for task 3.0 in stage 84.0 (TID 1408)) 29.995ms
[401.514s][info][gc          ] Allocation Stall (Executor task launch worker for task 44.0 in stage 84.0 (TID 1417)) 30.298ms
[401.514s][info][gc          ] Allocation Stall (Executor task launch worker for task 46.0 in stage 84.0 (TID 1419)) 29.922ms
[401.514s][info][gc          ] Allocation Stall (Executor task launch worker for task 24.0 in stage 84.0 (TID 1413)) 29.847ms
[401.514s][info][gc          ] Allocation Stall (Executor task launch worker for task 45.0 in stage 84.0 (TID 1418)) 30.315ms
[401.514s][info][gc          ] Allocation Stall (Executor task launch worker for task 20.0 in stage 84.0 (TID 1412)) 30.268ms
[401.518s][info][gc,phases   ] GC(2217) Concurrent Select Relocation Set 4.599ms
[401.519s][info][gc,phases   ] GC(2217) Pause Relocate Start 0.009ms
[401.539s][info][gc,phases   ] GC(2217) Concurrent Relocate 20.460ms
[401.539s][info][gc,load     ] GC(2217) Load: 0.00/0.00/0.00
[401.539s][info][gc,mmu      ] GC(2217) MMU: 2ms/86.2%, 5ms/94.5%, 10ms/97.2%, 20ms/98.6%, 50ms/99.4%, 100ms/99.6%
[401.539s][info][gc,marking  ] GC(2217) Mark: 8 stripe(s), 3 proactive flush(es), 1 terminate flush(es), 0 completion(s), 0 continuation(s) 
[401.539s][info][gc,marking  ] GC(2217) Mark Stack Usage: 32M
[401.539s][info][gc,nmethod  ] GC(2217) NMethods: 8123 registered, 1335 unregistered
[401.539s][info][gc,metaspace] GC(2217) Metaspace: 120M used, 123M committed, 1152M reserved
[401.539s][info][gc,ref      ] GC(2217) Soft: 2886 encountered, 370 discovered, 44 enqueued
[401.539s][info][gc,ref      ] GC(2217) Weak: 13740 encountered, 2060 discovered, 32 enqueued
[401.539s][info][gc,ref      ] GC(2217) Final: 84 encountered, 10 discovered, 0 enqueued
[401.539s][info][gc,ref      ] GC(2217) Phantom: 764 encountered, 604 discovered, 0 enqueued
[401.539s][info][gc,reloc    ] GC(2217) Small Pages: 314 / 628M, Empty: 400M, Relocated: 8M, In-Place: 0
[401.539s][info][gc,reloc    ] GC(2217) Medium Pages: 38 / 1216M, Empty: 0M, Relocated: 27M, In-Place: 0
[401.539s][info][gc,reloc    ] GC(2217) Large Pages: 8 / 64M, Empty: 16M, Relocated: 0M, In-Place: 0
[401.539s][info][gc,reloc    ] GC(2217) Forwarding Usage: 1M
[401.539s][info][gc,heap     ] GC(2217) Min Capacity: 8M(0%)
[401.539s][info][gc,heap     ] GC(2217) Max Capacity: 2048M(100%)
[401.540s][info][gc,heap     ] GC(2217) Soft Max Capacity: 2048M(100%)
[401.540s][info][gc,heap     ] GC(2217)                Mark Start          Mark End        Relocate Start      Relocate End           High               Low         
[401.540s][info][gc,heap     ] GC(2217)  Capacity:     2048M (100%)       2048M (100%)       2048M (100%)       2048M (100%)       2048M (100%)       2048M (100%)   
[401.540s][info][gc,heap     ] GC(2217)      Free:      140M (7%)            0M (0%)          380M (19%)         314M (15%)         490M (24%)           0M (0%)     
[401.540s][info][gc,heap     ] GC(2217)      Used:     1908M (93%)        2048M (100%)       1668M (81%)        1734M (85%)        2048M (100%)       1558M (76%)    
[401.540s][info][gc,heap     ] GC(2217)      Live:         -              1142M (56%)        1142M (56%)        1142M (56%)            -                  -          
[401.540s][info][gc,heap     ] GC(2217) Allocated:         -               140M (7%)          176M (9%)          409M (20%)            -                  -          
[401.540s][info][gc,heap     ] GC(2217)   Garbage:         -               765M (37%)         349M (17%)         181M (9%)             -                  -          
[401.540s][info][gc,heap     ] GC(2217) Reclaimed:         -                  -               416M (20%)         583M (28%)            -                  -          
[401.540s][info][gc          ] GC(2217) Garbage Collection (Allocation Stall) 1908M(93%)->1734M(85%)
[401.549s][info][gc,start    ] GC(2218) Garbage Collection (Allocation Stall)
[401.550s][info][gc,ref      ] GC(2218) Clearing All SoftReferences
[401.550s][info][gc,task     ] GC(2218) Using 12 workers
[401.565s][info][gc,ref      ] GC(2218) Clearing All SoftReferences
[401.565s][info][gc,phases   ] GC(2218) Pause Mark Start 0.046ms
[401.595s][info][gc          ] Allocation Stall (Executor task launch worker for task 0.0 in stage 84.0 (TID 1407)) 0.009ms
[401.596s][info][gc,phases   ] GC(2218) Concurrent Mark 31.119ms
[401.597s][info][gc,phases   ] GC(2218) Pause Mark End 0.033ms
[401.597s][info][gc,phases   ] GC(2218) Concurrent Mark Free 0.001ms
[401.600s][info][gc,phases   ] GC(2218) Concurrent Process Non-Strong References 2.464ms
[401.600s][info][gc,phases   ] GC(2218) Concurrent Reset Relocation Set 0.008ms
[401.600s][info][gc          ] Allocation Stall (Executor task launch worker for task 42.0 in stage 84.0 (TID 1416)) 4.613ms
[401.600s][info][gc          ] Allocation Stall (Executor task launch worker for task 14.0 in stage 84.0 (TID 1410)) 4.518ms
[401.600s][info][gc          ] Allocation Stall (Executor task launch worker for task 46.0 in stage 84.0 (TID 1419)) 4.551ms
[401.600s][info][gc          ] Allocation Stall (Executor task launch worker for task 45.0 in stage 84.0 (TID 1418)) 4.171ms
[401.600s][info][gc          ] Allocation Stall (Executor task launch worker for task 35.0 in stage 84.0 (TID 1415)) 4.724ms
[401.600s][info][gc          ] Allocation Stall (Executor task launch worker for task 20.0 in stage 84.0 (TID 1412)) 4.613ms
[401.600s][info][gc          ] Allocation Stall (Executor task launch worker for task 3.0 in stage 84.0 (TID 1408)) 4.591ms
[401.600s][info][gc          ] Allocation Stall (Executor task launch worker for task 11.0 in stage 84.0 (TID 1409)) 4.547ms
[401.600s][info][gc          ] Allocation Stall (Executor task launch worker for task 44.0 in stage 84.0 (TID 1417)) 4.577ms
[401.600s][info][gc          ] Allocation Stall (Executor task launch worker for task 0.0 in stage 84.0 (TID 1407)) 4.589ms
[401.600s][info][gc          ] Allocation Stall (Executor task launch worker for task 24.0 in stage 84.0 (TID 1413)) 2.473ms
[401.600s][info][gc          ] Allocation Stall (Executor task launch worker for task 19.0 in stage 84.0 (TID 1411)) 4.499ms
[401.600s][info][gc          ] Allocation Stall (Executor task launch worker for task 30.0 in stage 84.0 (TID 1414)) 4.498ms
[401.602s][info][gc,phases   ] GC(2218) Concurrent Select Relocation Set 2.543ms
[401.602s][info][gc,phases   ] GC(2218) Pause Relocate Start 0.007ms
[401.632s][info][gc,phases   ] GC(2218) Concurrent Relocate 29.240ms
[401.632s][info][gc,load     ] GC(2218) Load: 0.00/0.00/0.00
[401.632s][info][gc,mmu      ] GC(2218) MMU: 2ms/86.2%, 5ms/94.5%, 10ms/97.2%, 20ms/98.6%, 50ms/99.4%, 100ms/99.6%
[401.632s][info][gc,marking  ] GC(2218) Mark: 8 stripe(s), 2 proactive flush(es), 1 terminate flush(es), 0 completion(s), 0 continuation(s) 
[401.632s][info][gc,marking  ] GC(2218) Mark Stack Usage: 32M
[401.632s][info][gc,nmethod  ] GC(2218) NMethods: 8123 registered, 1335 unregistered
[401.632s][info][gc,metaspace] GC(2218) Metaspace: 120M used, 123M committed, 1152M reserved
[401.632s][info][gc,ref      ] GC(2218) Soft: 2842 encountered, 272 discovered, 0 enqueued
[401.632s][info][gc,ref      ] GC(2218) Weak: 13710 encountered, 2022 discovered, 4 enqueued
[401.632s][info][gc,ref      ] GC(2218) Final: 84 encountered, 0 discovered, 0 enqueued
[401.632s][info][gc,ref      ] GC(2218) Phantom: 764 encountered, 630 discovered, 0 enqueued
[401.632s][info][gc,reloc    ] GC(2218) Small Pages: 281 / 562M, Empty: 432M, Relocated: 8M, In-Place: 0
[401.632s][info][gc,reloc    ] GC(2218) Medium Pages: 40 / 1280M, Empty: 0M, Relocated: 26M, In-Place: 0
[401.632s][info][gc,reloc    ] GC(2218) Large Pages: 10 / 80M, Empty: 40M, Relocated: 0M, In-Place: 0
[401.632s][info][gc,reloc    ] GC(2218) Forwarding Usage: 1M
[401.632s][info][gc,heap     ] GC(2218) Min Capacity: 8M(0%)
[401.632s][info][gc,heap     ] GC(2218) Max Capacity: 2048M(100%)
[401.632s][info][gc,heap     ] GC(2218) Soft Max Capacity: 2048M(100%)
[401.632s][info][gc,heap     ] GC(2218)                Mark Start          Mark End        Relocate Start      Relocate End           High               Low         
[401.632s][info][gc,heap     ] GC(2218)  Capacity:     2048M (100%)       2048M (100%)       2048M (100%)       2048M (100%)       2048M (100%)       2048M (100%)   
[401.632s][info][gc,heap     ] GC(2218)      Free:      126M (6%)            0M (0%)          456M (22%)         362M (18%)         460M (22%)           0M (0%)     
[401.632s][info][gc,heap     ] GC(2218)      Used:     1922M (94%)        2048M (100%)       1592M (78%)        1686M (82%)        2048M (100%)       1588M (78%)    
[401.632s][info][gc,heap     ] GC(2218)      Live:         -              1161M (57%)        1161M (57%)        1161M (57%)            -                  -          
[401.632s][info][gc,heap     ] GC(2218) Allocated:         -               126M (6%)          142M (7%)          352M (17%)            -                  -          
[401.632s][info][gc,heap     ] GC(2218)   Garbage:         -               760M (37%)         288M (14%)         172M (8%)             -                  -          
[401.632s][info][gc,heap     ] GC(2218) Reclaimed:         -                  -               472M (23%)         588M (29%)            -                  -          
[401.632s][info][gc          ] GC(2218) Garbage Collection (Allocation Stall) 1922M(94%)->1686M(82%)
[401.643s][info][gc,start    ] GC(2219) Garbage Collection (Allocation Stall)
[401.643s][info][gc,ref      ] GC(2219) Clearing All SoftReferences
[401.643s][info][gc,task     ] GC(2219) Using 12 workers
[401.643s][info][gc,ref      ] GC(2219) Clearing All SoftReferences
[401.643s][info][gc,phases   ] GC(2219) Pause Mark Start 0.055ms
[401.690s][info][gc,phases   ] GC(2219) Concurrent Mark 46.506ms
[401.690s][info][gc,phases   ] GC(2219) Pause Mark End 0.034ms
[401.690s][info][gc,phases   ] GC(2219) Concurrent Mark Free 0.001ms
[401.693s][info][gc,phases   ] GC(2219) Concurrent Process Non-Strong References 2.562ms
[401.693s][info][gc,phases   ] GC(2219) Concurrent Reset Relocation Set 0.006ms
[401.693s][info][gc          ] Allocation Stall (Executor task launch worker for task 14.0 in stage 84.0 (TID 1410)) 1.669ms
[401.693s][info][gc          ] Allocation Stall (Executor task launch worker for task 3.0 in stage 84.0 (TID 1408)) 1.690ms
[401.693s][info][gc          ] Allocation Stall (Executor task launch worker for task 24.0 in stage 84.0 (TID 1413)) 3.688ms
[401.693s][info][gc          ] Allocation Stall (Executor task launch worker for task 19.0 in stage 84.0 (TID 1411)) 1.732ms
[401.693s][info][gc          ] Allocation Stall (Executor task launch worker for task 0.0 in stage 84.0 (TID 1407)) 1.694ms
[401.693s][info][gc          ] Allocation Stall (Executor task launch worker for task 42.0 in stage 84.0 (TID 1416)) 3.266ms
[401.693s][info][gc          ] Allocation Stall (Executor task launch worker for task 45.0 in stage 84.0 (TID 1418)) 1.849ms
[401.693s][info][gc          ] Allocation Stall (Executor task launch worker for task 44.0 in stage 84.0 (TID 1417)) 3.287ms
[401.693s][info][gc          ] Allocation Stall (Executor task launch worker for task 11.0 in stage 84.0 (TID 1409)) 3.315ms
[401.693s][info][gc          ] Allocation Stall (Executor task launch worker for task 20.0 in stage 84.0 (TID 1412)) 2.033ms
[401.693s][info][gc          ] Allocation Stall (Executor task launch worker for task 30.0 in stage 84.0 (TID 1414)) 1.650ms
[401.693s][info][gc          ] Allocation Stall (Executor task launch worker for task 35.0 in stage 84.0 (TID 1415)) 3.373ms
[401.693s][info][gc          ] Allocation Stall (Executor task launch worker for task 46.0 in stage 84.0 (TID 1419)) 3.246ms
[401.699s][info][gc,phases   ] GC(2219) Concurrent Select Relocation Set 6.611ms
[401.706s][info][gc,phases   ] GC(2219) Pause Relocate Start 0.007ms
[401.731s][info][gc          ] Allocation Stall (Executor task launch worker for task 19.0 in stage 84.0 (TID 1411)) 0.841ms
[401.733s][info][gc,phases   ] GC(2219) Concurrent Relocate 26.829ms
[401.733s][info][gc,load     ] GC(2219) Load: 0.00/0.00/0.00
[401.733s][info][gc,mmu      ] GC(2219) MMU: 2ms/86.2%, 5ms/94.5%, 10ms/97.2%, 20ms/98.6%, 50ms/99.4%, 100ms/99.6%
[401.733s][info][gc,marking  ] GC(2219) Mark: 8 stripe(s), 3 proactive flush(es), 1 terminate flush(es), 0 completion(s), 0 continuation(s) 
[401.733s][info][gc,marking  ] GC(2219) Mark Stack Usage: 32M
[401.733s][info][gc,nmethod  ] GC(2219) NMethods: 8123 registered, 1335 unregistered
[401.733s][info][gc,metaspace] GC(2219) Metaspace: 120M used, 123M committed, 1152M reserved
[401.733s][info][gc,ref      ] GC(2219) Soft: 2842 encountered, 322 discovered, 0 enqueued
[401.733s][info][gc,ref      ] GC(2219) Weak: 13706 encountered, 1940 discovered, 0 enqueued
[401.733s][info][gc,ref      ] GC(2219) Final: 84 encountered, 2 discovered, 0 enqueued
[401.733s][info][gc,ref      ] GC(2219) Phantom: 764 encountered, 587 discovered, 0 enqueued
[401.733s][info][gc,reloc    ] GC(2219) Small Pages: 216 / 432M, Empty: 302M, Relocated: 8M, In-Place: 0
[401.733s][info][gc,reloc    ] GC(2219) Medium Pages: 40 / 1280M, Empty: 0M, Relocated: 49M, In-Place: 0
[401.733s][info][gc,reloc    ] GC(2219) Large Pages: 6 / 48M, Empty: 24M, Relocated: 0M, In-Place: 0
[401.733s][info][gc,reloc    ] GC(2219) Forwarding Usage: 1M
[401.733s][info][gc,heap     ] GC(2219) Min Capacity: 8M(0%)
[401.733s][info][gc,heap     ] GC(2219) Max Capacity: 2048M(100%)
[401.733s][info][gc,heap     ] GC(2219) Soft Max Capacity: 2048M(100%)
[401.733s][info][gc,heap     ] GC(2219)                Mark Start          Mark End        Relocate Start      Relocate End           High               Low         
[401.733s][info][gc,heap     ] GC(2219)  Capacity:     2048M (100%)       2048M (100%)       2048M (100%)       2048M (100%)       2048M (100%)       2048M (100%)   
[401.733s][info][gc,heap     ] GC(2219)      Free:      288M (14%)           2M (0%)          232M (11%)          44M (2%)          288M (14%)           0M (0%)     
[401.733s][info][gc,heap     ] GC(2219)      Used:     1760M (86%)        2046M (100%)       1816M (89%)        2004M (98%)        2048M (100%)       1760M (86%)    
[401.733s][info][gc,heap     ] GC(2219)      Live:         -              1145M (56%)        1145M (56%)        1145M (56%)            -                  -          
[401.733s][info][gc,heap     ] GC(2219) Allocated:         -               286M (14%)         382M (19%)         686M (34%)            -                  -          
[401.733s][info][gc,heap     ] GC(2219)   Garbage:         -               614M (30%)         288M (14%)         172M (8%)             -                  -          
[401.733s][info][gc,heap     ] GC(2219) Reclaimed:         -                  -               326M (16%)         442M (22%)            -                  -          
[401.733s][info][gc          ] GC(2219) Garbage Collection (Allocation Stall) 1760M(86%)->2004M(98%)
[401.745s][info][gc,start    ] GC(2220) Garbage Collection (Allocation Stall)
[401.746s][info][gc,ref      ] GC(2220) Clearing All SoftReferences
[401.746s][info][gc,task     ] GC(2220) Using 12 workers
[401.746s][info][gc,ref      ] GC(2220) Clearing All SoftReferences
[401.746s][info][gc,phases   ] GC(2220) Pause Mark Start 0.037ms
[401.768s][info][gc,phases   ] GC(2220) Concurrent Mark 22.336ms
[401.768s][info][gc,phases   ] GC(2220) Pause Mark End 0.019ms
[401.768s][info][gc,phases   ] GC(2220) Concurrent Mark Free 0.001ms
[401.771s][info][gc,phases   ] GC(2220) Concurrent Process Non-Strong References 2.868ms
[401.771s][info][gc,phases   ] GC(2220) Concurrent Reset Relocation Set 0.005ms
[401.771s][info][gc          ] Allocation Stall (Executor task launch worker for task 46.0 in stage 84.0 (TID 1419)) 25.528ms
[401.771s][info][gc          ] Allocation Stall (Executor task launch worker for task 24.0 in stage 84.0 (TID 1413)) 25.522ms
[401.771s][info][gc          ] Allocation Stall (Executor task launch worker for task 0.0 in stage 84.0 (TID 1407)) 25.524ms
[401.771s][info][gc          ] Allocation Stall (Executor task launch worker for task 14.0 in stage 84.0 (TID 1410)) 25.485ms
[401.771s][info][gc          ] Allocation Stall (Executor task launch worker for task 11.0 in stage 84.0 (TID 1409)) 25.525ms
[401.771s][info][gc          ] Allocation Stall (Executor task launch worker for task 42.0 in stage 84.0 (TID 1416)) 25.529ms
[401.771s][info][gc          ] Allocation Stall (Executor task launch worker for task 19.0 in stage 84.0 (TID 1411)) 25.526ms
[401.771s][info][gc          ] Allocation Stall (Executor task launch worker for task 44.0 in stage 84.0 (TID 1417)) 25.531ms
[401.771s][info][gc          ] Allocation Stall (Executor task launch worker for task 30.0 in stage 84.0 (TID 1414)) 25.531ms
[401.771s][info][gc          ] Allocation Stall (Executor task launch worker for task 3.0 in stage 84.0 (TID 1408)) 25.516ms
[401.771s][info][gc          ] Allocation Stall (Executor task launch worker for task 45.0 in stage 84.0 (TID 1418)) 25.541ms
[401.771s][info][gc          ] Allocation Stall (Executor task launch worker for task 35.0 in stage 84.0 (TID 1415)) 25.848ms
[401.771s][info][gc          ] Allocation Stall (Spark Context Cleaner) 3.206ms
[401.771s][info][gc          ] Allocation Stall (Executor task launch worker for task 20.0 in stage 84.0 (TID 1412)) 25.536ms
[401.781s][info][gc,phases   ] GC(2220) Concurrent Select Relocation Set 9.787ms
[401.781s][info][gc,phases   ] GC(2220) Pause Relocate Start 0.010ms
[401.801s][info][gc,phases   ] GC(2220) Concurrent Relocate 19.175ms
[401.801s][info][gc,load     ] GC(2220) Load: 0.00/0.00/0.00
[401.801s][info][gc,mmu      ] GC(2220) MMU: 2ms/86.2%, 5ms/94.5%, 10ms/97.2%, 20ms/98.6%, 50ms/99.4%, 100ms/99.6%
[401.801s][info][gc,marking  ] GC(2220) Mark: 8 stripe(s), 2 proactive flush(es), 1 terminate flush(es), 0 completion(s), 0 continuation(s) 
[401.801s][info][gc,marking  ] GC(2220) Mark Stack Usage: 32M
[401.801s][info][gc,nmethod  ] GC(2220) NMethods: 8123 registered, 1335 unregistered
[401.801s][info][gc,metaspace] GC(2220) Metaspace: 120M used, 123M committed, 1152M reserved
[401.801s][info][gc,ref      ] GC(2220) Soft: 2842 encountered, 2338 discovered, 0 enqueued
[401.801s][info][gc,ref      ] GC(2220) Weak: 13706 encountered, 3528 discovered, 3 enqueued
[401.801s][info][gc,ref      ] GC(2220) Final: 84 encountered, 0 discovered, 0 enqueued
[401.801s][info][gc,ref      ] GC(2220) Phantom: 764 encountered, 442 discovered, 0 enqueued
[401.801s][info][gc,reloc    ] GC(2220) Small Pages: 356 / 712M, Empty: 582M, Relocated: 8M, In-Place: 0
[401.801s][info][gc,reloc    ] GC(2220) Medium Pages: 41 / 1312M, Empty: 0M, Relocated: 27M, In-Place: 0
[401.801s][info][gc,reloc    ] GC(2220) Large Pages: 3 / 24M, Empty: 24M, Relocated: 0M, In-Place: 0
[401.801s][info][gc,reloc    ] GC(2220) Forwarding Usage: 1M
[401.801s][info][gc,heap     ] GC(2220) Min Capacity: 8M(0%)
[401.801s][info][gc,heap     ] GC(2220) Max Capacity: 2048M(100%)
[401.801s][info][gc,heap     ] GC(2220) Soft Max Capacity: 2048M(100%)
[401.801s][info][gc,heap     ] GC(2220)                Mark Start          Mark End        Relocate Start      Relocate End           High               Low         
[401.801s][info][gc,heap     ] GC(2220)  Capacity:     2048M (100%)       2048M (100%)       2048M (100%)       2048M (100%)       2048M (100%)       2048M (100%)   
[401.801s][info][gc,heap     ] GC(2220)      Free:        0M (0%)            0M (0%)          478M (23%)         360M (18%)         554M (27%)           0M (0%)     
[401.801s][info][gc,heap     ] GC(2220)      Used:     2048M (100%)       2048M (100%)       1570M (77%)        1688M (82%)        2048M (100%)       1494M (73%)    
[401.801s][info][gc,heap     ] GC(2220)      Live:         -              1151M (56%)        1151M (56%)        1151M (56%)            -                  -          
[401.801s][info][gc,heap     ] GC(2220) Allocated:         -                 0M (0%)          128M (6%)          359M (18%)            -                  -          
[401.801s][info][gc,heap     ] GC(2220)   Garbage:         -               896M (44%)         290M (14%)         177M (9%)             -                  -          
[401.801s][info][gc,heap     ] GC(2220) Reclaimed:         -                  -               606M (30%)         719M (35%)            -                  -          
[401.801s][info][gc          ] GC(2220) Garbage Collection (Allocation Stall) 2048M(100%)->1688M(82%)
[401.846s][info][gc,start    ] GC(2221) Garbage Collection (Allocation Stall)
[401.846s][info][gc,ref      ] GC(2221) Clearing All SoftReferences
[401.846s][info][gc,task     ] GC(2221) Using 12 workers
[401.846s][info][gc,ref      ] GC(2221) Clearing All SoftReferences
[401.846s][info][gc,phases   ] GC(2221) Pause Mark Start 0.043ms
[401.847s][info][gc          ] Allocation Stall (Executor task launch worker for task 42.0 in stage 84.0 (TID 1416)) 0.329ms
[401.847s][info][gc          ] Allocation Stall (Executor task launch worker for task 30.0 in stage 84.0 (TID 1414)) 0.375ms
[401.847s][info][gc          ] Allocation Stall (Executor task launch worker for task 45.0 in stage 84.0 (TID 1418)) 0.403ms
[401.847s][info][gc          ] Allocation Stall (Executor task launch worker for task 14.0 in stage 84.0 (TID 1410)) 0.419ms
[401.877s][info][gc,phases   ] GC(2221) Concurrent Mark 30.976ms
[401.878s][info][gc,phases   ] GC(2221) Pause Mark End 0.022ms
[401.878s][info][gc,phases   ] GC(2221) Concurrent Mark Free 0.001ms
[401.881s][info][gc,phases   ] GC(2221) Concurrent Process Non-Strong References 3.109ms
[401.881s][info][gc,phases   ] GC(2221) Concurrent Reset Relocation Set 0.006ms
[401.881s][info][gc          ] Allocation Stall (Executor task launch worker for task 3.0 in stage 84.0 (TID 1408)) 27.640ms
[401.881s][info][gc          ] Allocation Stall (Executor task launch worker for task 42.0 in stage 84.0 (TID 1416)) 28.122ms
[401.881s][info][gc          ] Allocation Stall (Executor task launch worker for task 35.0 in stage 84.0 (TID 1415)) 27.871ms
[401.881s][info][gc          ] Allocation Stall (Executor task launch worker for task 44.0 in stage 84.0 (TID 1417)) 27.688ms
[401.881s][info][gc          ] Allocation Stall (Executor task launch worker for task 14.0 in stage 84.0 (TID 1410)) 27.622ms
[401.881s][info][gc          ] Allocation Stall (Executor task launch worker for task 11.0 in stage 84.0 (TID 1409)) 27.650ms
[401.881s][info][gc          ] Allocation Stall (Spark Context Cleaner) 3.463ms
[401.881s][info][gc          ] Allocation Stall (Executor task launch worker for task 30.0 in stage 84.0 (TID 1414)) 27.847ms
[401.881s][info][gc          ] Allocation Stall (Executor task launch worker for task 45.0 in stage 84.0 (TID 1418)) 27.691ms
[401.881s][info][gc          ] Allocation Stall (Executor task launch worker for task 24.0 in stage 84.0 (TID 1413)) 27.491ms
[401.881s][info][gc          ] Allocation Stall (Executor task launch worker for task 46.0 in stage 84.0 (TID 1419)) 21.687ms
[401.881s][info][gc          ] Allocation Stall (Executor task launch worker for task 19.0 in stage 84.0 (TID 1411)) 27.601ms
[401.881s][info][gc          ] Allocation Stall (Executor task launch worker for task 0.0 in stage 84.0 (TID 1407)) 27.817ms
[401.881s][info][gc          ] Allocation Stall (Executor task launch worker for task 20.0 in stage 84.0 (TID 1412)) 28.150ms
[401.884s][info][gc,phases   ] GC(2221) Concurrent Select Relocation Set 3.172ms
[401.884s][info][gc,phases   ] GC(2221) Pause Relocate Start 0.010ms
[401.928s][info][gc,phases   ] GC(2221) Concurrent Relocate 43.721ms
[401.928s][info][gc,load     ] GC(2221) Load: 0.00/0.00/0.00
[401.928s][info][gc,mmu      ] GC(2221) MMU: 2ms/86.2%, 5ms/94.5%, 10ms/97.2%, 20ms/98.6%, 50ms/99.4%, 100ms/99.6%
[401.928s][info][gc,marking  ] GC(2221) Mark: 8 stripe(s), 3 proactive flush(es), 1 terminate flush(es), 0 completion(s), 0 continuation(s) 
[401.928s][info][gc,marking  ] GC(2221) Mark Stack Usage: 32M
[401.928s][info][gc,nmethod  ] GC(2221) NMethods: 8123 registered, 1335 unregistered
[401.928s][info][gc,metaspace] GC(2221) Metaspace: 120M used, 123M committed, 1152M reserved
[401.928s][info][gc,ref      ] GC(2221) Soft: 2842 encountered, 311 discovered, 0 enqueued
[401.928s][info][gc,ref      ] GC(2221) Weak: 13705 encountered, 2990 discovered, 2 enqueued
[401.928s][info][gc,ref      ] GC(2221) Final: 84 encountered, 0 discovered, 0 enqueued
[401.928s][info][gc,ref      ] GC(2221) Phantom: 764 encountered, 625 discovered, 0 enqueued
[401.928s][info][gc,reloc    ] GC(2221) Small Pages: 367 / 734M, Empty: 610M, Relocated: 6M, In-Place: 0
[401.928s][info][gc,reloc    ] GC(2221) Medium Pages: 40 / 1280M, Empty: 0M, Relocated: 55M, In-Place: 0
[401.928s][info][gc,reloc    ] GC(2221) Large Pages: 2 / 16M, Empty: 0M, Relocated: 0M, In-Place: 0
[401.928s][info][gc,reloc    ] GC(2221) Forwarding Usage: 1M
[401.928s][info][gc,heap     ] GC(2221) Min Capacity: 8M(0%)
[401.928s][info][gc,heap     ] GC(2221) Max Capacity: 2048M(100%)
[401.928s][info][gc,heap     ] GC(2221) Soft Max Capacity: 2048M(100%)
[401.928s][info][gc,heap     ] GC(2221)                Mark Start          Mark End        Relocate Start      Relocate End           High               Low         
[401.928s][info][gc,heap     ] GC(2221)  Capacity:     2048M (100%)       2048M (100%)       2048M (100%)       2048M (100%)       2048M (100%)       2048M (100%)   
[401.928s][info][gc,heap     ] GC(2221)      Free:       18M (1%)            0M (0%)          592M (29%)         276M (13%)         594M (29%)           0M (0%)     
[401.928s][info][gc,heap     ] GC(2221)      Used:     2030M (99%)        2048M (100%)       1456M (71%)        1772M (87%)        2048M (100%)       1454M (71%)    
[401.928s][info][gc,heap     ] GC(2221)      Live:         -              1170M (57%)        1170M (57%)        1170M (57%)            -                  -          
[401.928s][info][gc,heap     ] GC(2221) Allocated:         -                18M (1%)           36M (2%)          426M (21%)            -                  -          
[401.928s][info][gc,heap     ] GC(2221)   Garbage:         -               859M (42%)         249M (12%)         174M (9%)             -                  -          
[401.928s][info][gc,heap     ] GC(2221) Reclaimed:         -                  -               610M (30%)         684M (33%)            -                  -          
[401.928s][info][gc          ] GC(2221) Garbage Collection (Allocation Stall) 2030M(99%)->1772M(87%)
[401.940s][info][gc,start    ] GC(2222) Garbage Collection (Allocation Stall)
[401.940s][info][gc,ref      ] GC(2222) Clearing All SoftReferences
[401.940s][info][gc,task     ] GC(2222) Using 12 workers
[401.940s][info][gc,ref      ] GC(2222) Clearing All SoftReferences
[401.940s][info][gc,phases   ] GC(2222) Pause Mark Start 0.043ms
[401.987s][info][gc,phases   ] GC(2222) Concurrent Mark 46.596ms
[402.002s][info][gc,phases   ] GC(2222) Pause Mark End 0.046ms
[402.003s][info][gc,phases   ] GC(2222) Concurrent Mark Free 0.001ms
[402.006s][info][gc,phases   ] GC(2222) Concurrent Process Non-Strong References 3.865ms
[402.007s][info][gc,phases   ] GC(2222) Concurrent Reset Relocation Set 0.004ms
[402.014s][info][gc,phases   ] GC(2222) Concurrent Select Relocation Set 6.958ms
[402.014s][info][gc,phases   ] GC(2222) Pause Relocate Start 0.008ms
[402.035s][info][gc,phases   ] GC(2222) Concurrent Relocate 21.488ms
[402.035s][info][gc,load     ] GC(2222) Load: 0.00/0.00/0.00
[402.035s][info][gc,mmu      ] GC(2222) MMU: 2ms/86.2%, 5ms/94.5%, 10ms/97.2%, 20ms/98.6%, 50ms/99.4%, 100ms/99.6%
[402.035s][info][gc,marking  ] GC(2222) Mark: 8 stripe(s), 2 proactive flush(es), 1 terminate flush(es), 0 completion(s), 0 continuation(s) 
[402.035s][info][gc,marking  ] GC(2222) Mark Stack Usage: 32M
[402.035s][info][gc,nmethod  ] GC(2222) NMethods: 8123 registered, 1335 unregistered
[402.035s][info][gc,metaspace] GC(2222) Metaspace: 120M used, 123M committed, 1152M reserved
[402.035s][info][gc,ref      ] GC(2222) Soft: 2842 encountered, 469 discovered, 0 enqueued
[402.035s][info][gc,ref      ] GC(2222) Weak: 13706 encountered, 1142 discovered, 2 enqueued
[402.035s][info][gc,ref      ] GC(2222) Final: 84 encountered, 34 discovered, 0 enqueued
[402.035s][info][gc,ref      ] GC(2222) Phantom: 764 encountered, 587 discovered, 0 enqueued
[402.035s][info][gc,reloc    ] GC(2222) Small Pages: 223 / 446M, Empty: 334M, Relocated: 10M, In-Place: 0
[402.035s][info][gc,reloc    ] GC(2222) Medium Pages: 41 / 1312M, Empty: 0M, Relocated: 54M, In-Place: 0
[402.035s][info][gc,reloc    ] GC(2222) Large Pages: 7 / 56M, Empty: 24M, Relocated: 0M, In-Place: 0
[402.035s][info][gc,reloc    ] GC(2222) Forwarding Usage: 2M
[402.035s][info][gc,heap     ] GC(2222) Min Capacity: 8M(0%)
[402.035s][info][gc,heap     ] GC(2222) Max Capacity: 2048M(100%)
[402.035s][info][gc,heap     ] GC(2222) Soft Max Capacity: 2048M(100%)
[402.035s][info][gc,heap     ] GC(2222)                Mark Start          Mark End        Relocate Start      Relocate End           High               Low         
[402.035s][info][gc,heap     ] GC(2222)  Capacity:     2048M (100%)       2048M (100%)       2048M (100%)       2048M (100%)       2048M (100%)       2048M (100%)   
[402.035s][info][gc,heap     ] GC(2222)      Free:      234M (11%)          36M (2%)          292M (14%)         154M (8%)          340M (17%)          24M (1%)     
[402.036s][info][gc,heap     ] GC(2222)      Used:     1814M (89%)        2012M (98%)        1756M (86%)        1894M (92%)        2024M (99%)        1708M (83%)    
[402.036s][info][gc,heap     ] GC(2222)      Live:         -              1185M (58%)        1185M (58%)        1185M (58%)            -                  -          
[402.036s][info][gc,heap     ] GC(2222) Allocated:         -               198M (10%)         300M (15%)         534M (26%)            -                  -          
[402.036s][info][gc,heap     ] GC(2222)   Garbage:         -               628M (31%)         270M (13%)         173M (8%)             -                  -          
[402.036s][info][gc,heap     ] GC(2222) Reclaimed:         -                  -               358M (17%)         454M (22%)            -                  -          
[402.036s][info][gc          ] GC(2222) Garbage Collection (Allocation Stall) 1814M(89%)->1894M(92%)
[402.049s][info][gc,start    ] GC(2223) Garbage Collection (Allocation Rate)
[402.049s][info][gc,task     ] GC(2223) Using 12 workers
[402.050s][info][gc,phases   ] GC(2223) Pause Mark Start 0.010ms
[402.081s][info][gc,phases   ] GC(2223) Concurrent Mark 31.046ms
[402.096s][info][gc,phases   ] GC(2223) Pause Mark End 0.036ms
[402.096s][info][gc,phases   ] GC(2223) Concurrent Mark Free 0.001ms
[402.099s][info][gc,phases   ] GC(2223) Concurrent Process Non-Strong References 2.923ms
[402.099s][info][gc,phases   ] GC(2223) Concurrent Reset Relocation Set 0.005ms
[402.099s][info][gc          ] Allocation Stall (Executor task launch worker for task 44.0 in stage 84.0 (TID 1417)) 22.522ms
[402.099s][info][gc          ] Allocation Stall (Executor task launch worker for task 11.0 in stage 84.0 (TID 1409)) 22.302ms
[402.099s][info][gc          ] Allocation Stall (Executor task launch worker for task 3.0 in stage 84.0 (TID 1408)) 22.277ms
[402.099s][info][gc          ] Allocation Stall (Executor task launch worker for task 30.0 in stage 84.0 (TID 1414)) 24.048ms
[402.099s][info][gc          ] Allocation Stall (Executor task launch worker for task 19.0 in stage 84.0 (TID 1411)) 22.489ms
[402.099s][info][gc          ] Allocation Stall (Executor task launch worker for task 35.0 in stage 84.0 (TID 1415)) 2.869ms
[402.099s][info][gc          ] Allocation Stall (Executor task launch worker for task 20.0 in stage 84.0 (TID 1412)) 22.158ms
[402.099s][info][gc          ] Allocation Stall (Executor task launch worker for task 0.0 in stage 84.0 (TID 1407)) 22.277ms
[402.099s][info][gc          ] Allocation Stall (Executor task launch worker for task 42.0 in stage 84.0 (TID 1416)) 22.135ms
[402.099s][info][gc          ] Allocation Stall (Executor task launch worker for task 45.0 in stage 84.0 (TID 1418)) 22.430ms
[402.099s][info][gc          ] Allocation Stall (Executor task launch worker for task 24.0 in stage 84.0 (TID 1413)) 22.235ms
[402.099s][info][gc          ] Allocation Stall (Executor task launch worker for task 14.0 in stage 84.0 (TID 1410)) 33.069ms
[402.099s][info][gc          ] Allocation Stall (Spark Context Cleaner) 3.029ms
[402.099s][info][gc          ] Allocation Stall (Executor task launch worker for task 46.0 in stage 84.0 (TID 1419)) 22.404ms
[402.104s][info][gc,phases   ] GC(2223) Concurrent Select Relocation Set 4.388ms
[402.106s][info][gc,phases   ] GC(2223) Pause Relocate Start 0.008ms
[402.144s][info][gc,phases   ] GC(2223) Concurrent Relocate 37.482ms
[402.144s][info][gc,load     ] GC(2223) Load: 0.00/0.00/0.00
[402.144s][info][gc,mmu      ] GC(2223) MMU: 2ms/86.2%, 5ms/94.5%, 10ms/97.2%, 20ms/98.6%, 50ms/99.4%, 100ms/99.6%
[402.144s][info][gc,marking  ] GC(2223) Mark: 8 stripe(s), 3 proactive flush(es), 1 terminate flush(es), 0 completion(s), 0 continuation(s) 
[402.144s][info][gc,marking  ] GC(2223) Mark Stack Usage: 32M
[402.144s][info][gc,nmethod  ] GC(2223) NMethods: 8123 registered, 1335 unregistered
[402.144s][info][gc,metaspace] GC(2223) Metaspace: 120M used, 123M committed, 1152M reserved
[402.144s][info][gc,ref      ] GC(2223) Soft: 2842 encountered, 608 discovered, 0 enqueued
[402.144s][info][gc,ref      ] GC(2223) Weak: 13707 encountered, 2982 discovered, 1 enqueued
[402.144s][info][gc,ref      ] GC(2223) Final: 84 encountered, 7 discovered, 0 enqueued
[402.144s][info][gc,ref      ] GC(2223) Phantom: 764 encountered, 635 discovered, 0 enqueued
[402.144s][info][gc,reloc    ] GC(2223) Small Pages: 312 / 624M, Empty: 490M, Relocated: 5M, In-Place: 0
[402.144s][info][gc,reloc    ] GC(2223) Medium Pages: 41 / 1312M, Empty: 0M, Relocated: 46M, In-Place: 0
[402.144s][info][gc,reloc    ] GC(2223) Large Pages: 8 / 64M, Empty: 40M, Relocated: 0M, In-Place: 0
[402.144s][info][gc,reloc    ] GC(2223) Forwarding Usage: 0M
[402.144s][info][gc,heap     ] GC(2223) Min Capacity: 8M(0%)
[402.144s][info][gc,heap     ] GC(2223) Max Capacity: 2048M(100%)
[402.144s][info][gc,heap     ] GC(2223) Soft Max Capacity: 2048M(100%)
[402.144s][info][gc,heap     ] GC(2223)                Mark Start          Mark End        Relocate Start      Relocate End           High               Low         
[402.144s][info][gc,heap     ] GC(2223)  Capacity:     2048M (100%)       2048M (100%)       2048M (100%)       2048M (100%)       2048M (100%)       2048M (100%)   
[402.144s][info][gc,heap     ] GC(2223)      Free:       48M (2%)            0M (0%)          486M (24%)         306M (15%)         496M (24%)           0M (0%)     
[402.144s][info][gc,heap     ] GC(2223)      Used:     2000M (98%)        2048M (100%)       1562M (76%)        1742M (85%)        2048M (100%)       1552M (76%)    
[402.144s][info][gc,heap     ] GC(2223)      Live:         -              1190M (58%)        1190M (58%)        1190M (58%)            -                  -          
[402.144s][info][gc,heap     ] GC(2223) Allocated:         -                48M (2%)           92M (4%)          349M (17%)            -                  -          
[402.144s][info][gc,heap     ] GC(2223)   Garbage:         -               809M (40%)         279M (14%)         202M (10%)            -                  -          
[402.144s][info][gc,heap     ] GC(2223) Reclaimed:         -                  -               530M (26%)         607M (30%)            -                  -          
[402.144s][info][gc          ] GC(2223) Garbage Collection (Allocation Rate) 2000M(98%)->1742M(85%)
[402.150s][info][gc,start    ] GC(2224) Garbage Collection (Allocation Stall)
[402.150s][info][gc,ref      ] GC(2224) Clearing All SoftReferences
[402.150s][info][gc,task     ] GC(2224) Using 12 workers
[402.150s][info][gc,ref      ] GC(2224) Clearing All SoftReferences
[402.150s][info][gc,phases   ] GC(2224) Pause Mark Start 0.043ms
[402.181s][info][gc,phases   ] GC(2224) Concurrent Mark 30.807ms
[402.182s][info][gc,phases   ] GC(2224) Pause Mark End 0.058ms
[402.182s][info][gc,phases   ] GC(2224) Concurrent Mark Free 0.001ms
[402.184s][info][gc          ] Allocation Stall (Executor task launch worker for task 20.0 in stage 84.0 (TID 1412)) 0.244ms
[402.184s][info][gc          ] Allocation Stall (Executor task launch worker for task 11.0 in stage 84.0 (TID 1409)) 0.177ms
[402.184s][info][gc          ] Allocation Stall (Executor task launch worker for task 0.0 in stage 84.0 (TID 1407)) 0.188ms
[402.185s][info][gc,phases   ] GC(2224) Concurrent Process Non-Strong References 3.377ms
[402.185s][info][gc,phases   ] GC(2224) Concurrent Reset Relocation Set 0.005ms
[402.191s][info][gc,phases   ] GC(2224) Concurrent Select Relocation Set 6.070ms
[402.191s][info][gc,phases   ] GC(2224) Pause Relocate Start 0.008ms
[402.202s][info][gc          ] Allocation Stall (Executor task launch worker for task 0.0 in stage 84.0 (TID 1407)) 0.004ms
[402.205s][info][gc          ] Allocation Stall (Executor task launch worker for task 0.0 in stage 84.0 (TID 1407)) 3.618ms
[402.205s][info][gc          ] Allocation Stall (Executor task launch worker for task 30.0 in stage 84.0 (TID 1414)) 3.492ms
[402.205s][info][gc          ] Allocation Stall (Executor task launch worker for task 14.0 in stage 84.0 (TID 1410)) 3.580ms
[402.205s][info][gc          ] Allocation Stall (Executor task launch worker for task 45.0 in stage 84.0 (TID 1418)) 3.769ms
[402.205s][info][gc          ] Allocation Stall (Executor task launch worker for task 24.0 in stage 84.0 (TID 1413)) 3.533ms
[402.205s][info][gc          ] Allocation Stall (Executor task launch worker for task 3.0 in stage 84.0 (TID 1408)) 3.504ms
[402.205s][info][gc          ] Allocation Stall (Executor task launch worker for task 35.0 in stage 84.0 (TID 1415)) 2.914ms
[402.205s][info][gc          ] Allocation Stall (Executor task launch worker for task 46.0 in stage 84.0 (TID 1419)) 3.590ms
[402.205s][info][gc          ] Allocation Stall (Executor task launch worker for task 20.0 in stage 84.0 (TID 1412)) 3.768ms
[402.205s][info][gc          ] Allocation Stall (Executor task launch worker for task 44.0 in stage 84.0 (TID 1417)) 2.710ms
[402.235s][info][gc,phases   ] GC(2224) Concurrent Relocate 43.176ms
[402.235s][info][gc,load     ] GC(2224) Load: 0.00/0.00/0.00
[402.235s][info][gc,mmu      ] GC(2224) MMU: 2ms/86.2%, 5ms/94.5%, 10ms/97.2%, 20ms/98.6%, 50ms/99.4%, 100ms/99.6%
[402.235s][info][gc,marking  ] GC(2224) Mark: 8 stripe(s), 2 proactive flush(es), 1 terminate flush(es), 1 completion(s), 0 continuation(s) 
[402.235s][info][gc,marking  ] GC(2224) Mark Stack Usage: 32M
[402.235s][info][gc,nmethod  ] GC(2224) NMethods: 8123 registered, 1335 unregistered
[402.235s][info][gc,metaspace] GC(2224) Metaspace: 120M used, 123M committed, 1152M reserved
[402.235s][info][gc,ref      ] GC(2224) Soft: 2842 encountered, 528 discovered, 0 enqueued
[402.235s][info][gc,ref      ] GC(2224) Weak: 13707 encountered, 856 discovered, 1 enqueued
[402.235s][info][gc,ref      ] GC(2224) Final: 84 encountered, 2 discovered, 0 enqueued
[402.235s][info][gc,ref      ] GC(2224) Phantom: 764 encountered, 586 discovered, 0 enqueued
[402.235s][info][gc,reloc    ] GC(2224) Small Pages: 209 / 418M, Empty: 288M, Relocated: 4M, In-Place: 0
[402.235s][info][gc,reloc    ] GC(2224) Medium Pages: 42 / 1344M, Empty: 0M, Relocated: 52M, In-Place: 0
[402.235s][info][gc,reloc    ] GC(2224) Large Pages: 5 / 40M, Empty: 24M, Relocated: 0M, In-Place: 0
[402.235s][info][gc,reloc    ] GC(2224) Forwarding Usage: 0M
[402.235s][info][gc,heap     ] GC(2224) Min Capacity: 8M(0%)
[402.235s][info][gc,heap     ] GC(2224) Max Capacity: 2048M(100%)
[402.235s][info][gc,heap     ] GC(2224) Soft Max Capacity: 2048M(100%)
[402.235s][info][gc,heap     ] GC(2224)                Mark Start          Mark End        Relocate Start      Relocate End           High               Low         
[402.235s][info][gc,heap     ] GC(2224)  Capacity:     2048M (100%)       2048M (100%)       2048M (100%)       2048M (100%)       2048M (100%)       2048M (100%)   
[402.235s][info][gc,heap     ] GC(2224)      Free:      246M (12%)          10M (0%)          212M (10%)          94M (5%)          256M (13%)           0M (0%)     
[402.235s][info][gc,heap     ] GC(2224)      Used:     1802M (88%)        2038M (100%)       1836M (90%)        1954M (95%)        2048M (100%)       1792M (88%)    
[402.235s][info][gc,heap     ] GC(2224)      Live:         -              1196M (58%)        1196M (58%)        1196M (58%)            -                  -          
[402.235s][info][gc,heap     ] GC(2224) Allocated:         -               236M (12%)         346M (17%)         570M (28%)            -                  -          
[402.235s][info][gc,heap     ] GC(2224)   Garbage:         -               605M (30%)         293M (14%)         187M (9%)             -                  -          
[402.235s][info][gc,heap     ] GC(2224) Reclaimed:         -                  -               312M (15%)         418M (20%)            -                  -          
[402.235s][info][gc          ] GC(2224) Garbage Collection (Allocation Stall) 1802M(88%)->1954M(95%)
[402.243s][info][gc,start    ] GC(2225) Garbage Collection (Allocation Stall)
[402.243s][info][gc,ref      ] GC(2225) Clearing All SoftReferences
[402.243s][info][gc,task     ] GC(2225) Using 12 workers
[402.243s][info][gc,ref      ] GC(2225) Clearing All SoftReferences
[402.243s][info][gc,phases   ] GC(2225) Pause Mark Start 0.035ms
[402.254s][info][gc          ] Allocation Stall (Executor task launch worker for task 20.0 in stage 84.0 (TID 1412)) 0.069ms
[402.274s][info][gc,phases   ] GC(2225) Concurrent Mark 30.891ms
[402.274s][info][gc,phases   ] GC(2225) Pause Mark End 0.026ms
[402.275s][info][gc,phases   ] GC(2225) Concurrent Mark Free 0.001ms
[402.277s][info][gc,phases   ] GC(2225) Concurrent Process Non-Strong References 2.829ms
[402.277s][info][gc,phases   ] GC(2225) Concurrent Reset Relocation Set 0.005ms
[402.277s][info][gc          ] Allocation Stall (Executor task launch worker for task 30.0 in stage 84.0 (TID 1414)) 21.025ms
[402.277s][info][gc          ] Allocation Stall (Executor task launch worker for task 46.0 in stage 84.0 (TID 1419)) 21.045ms
[402.277s][info][gc          ] Allocation Stall (Executor task launch worker for task 44.0 in stage 84.0 (TID 1417)) 21.311ms
[402.277s][info][gc          ] Allocation Stall (Executor task launch worker for task 14.0 in stage 84.0 (TID 1410)) 20.868ms
[402.277s][info][gc          ] Allocation Stall (Executor task launch worker for task 42.0 in stage 84.0 (TID 1416)) 21.042ms
[402.277s][info][gc          ] Allocation Stall (Executor task launch worker for task 20.0 in stage 84.0 (TID 1412)) 21.277ms
[402.277s][info][gc          ] Allocation Stall (Executor task launch worker for task 19.0 in stage 84.0 (TID 1411)) 21.285ms
[402.277s][info][gc          ] Allocation Stall (Executor task launch worker for task 24.0 in stage 84.0 (TID 1413)) 20.874ms
[402.277s][info][gc          ] Allocation Stall (Executor task launch worker for task 45.0 in stage 84.0 (TID 1418)) 21.137ms
[402.277s][info][gc          ] Allocation Stall (Executor task launch worker for task 11.0 in stage 84.0 (TID 1409)) 21.315ms
[402.277s][info][gc          ] Allocation Stall (Executor task launch worker for task 3.0 in stage 84.0 (TID 1408)) 21.343ms
[402.277s][info][gc          ] Allocation Stall (Executor task launch worker for task 0.0 in stage 84.0 (TID 1407)) 21.237ms
[402.277s][info][gc          ] Allocation Stall (Executor task launch worker for task 35.0 in stage 84.0 (TID 1415)) 21.093ms
[402.283s][info][gc,phases   ] GC(2225) Concurrent Select Relocation Set 5.175ms
[402.283s][info][gc,phases   ] GC(2225) Pause Relocate Start 0.007ms
[402.303s][info][gc,phases   ] GC(2225) Concurrent Relocate 20.399ms
[402.303s][info][gc,load     ] GC(2225) Load: 0.00/0.00/0.00
[402.303s][info][gc,mmu      ] GC(2225) MMU: 2ms/86.2%, 5ms/94.5%, 10ms/97.2%, 20ms/98.6%, 50ms/99.4%, 100ms/99.6%
[402.303s][info][gc,marking  ] GC(2225) Mark: 8 stripe(s), 2 proactive flush(es), 1 terminate flush(es), 0 completion(s), 0 continuation(s) 
[402.303s][info][gc,marking  ] GC(2225) Mark Stack Usage: 32M
[402.303s][info][gc,nmethod  ] GC(2225) NMethods: 8123 registered, 1335 unregistered
[402.303s][info][gc,metaspace] GC(2225) Metaspace: 120M used, 123M committed, 1152M reserved
[402.303s][info][gc,ref      ] GC(2225) Soft: 2842 encountered, 1834 discovered, 0 enqueued
[402.303s][info][gc,ref      ] GC(2225) Weak: 13706 encountered, 2089 discovered, 1 enqueued
[402.304s][info][gc,ref      ] GC(2225) Final: 84 encountered, 10 discovered, 0 enqueued
[402.304s][info][gc,ref      ] GC(2225) Phantom: 764 encountered, 612 discovered, 0 enqueued
[402.304s][info][gc,reloc    ] GC(2225) Small Pages: 310 / 620M, Empty: 492M, Relocated: 6M, In-Place: 0
[402.304s][info][gc,reloc    ] GC(2225) Medium Pages: 42 / 1344M, Empty: 0M, Relocated: 47M, In-Place: 0
[402.304s][info][gc,reloc    ] GC(2225) Large Pages: 2 / 16M, Empty: 16M, Relocated: 0M, In-Place: 0
[402.304s][info][gc,reloc    ] GC(2225) Forwarding Usage: 1M
[402.304s][info][gc,heap     ] GC(2225) Min Capacity: 8M(0%)
[402.304s][info][gc,heap     ] GC(2225) Max Capacity: 2048M(100%)
[402.304s][info][gc,heap     ] GC(2225) Soft Max Capacity: 2048M(100%)
[402.304s][info][gc,heap     ] GC(2225)                Mark Start          Mark End        Relocate Start      Relocate End           High               Low         
[402.304s][info][gc,heap     ] GC(2225)  Capacity:     2048M (100%)       2048M (100%)       2048M (100%)       2048M (100%)       2048M (100%)       2048M (100%)   
[402.304s][info][gc,heap     ] GC(2225)      Free:       68M (3%)            0M (0%)          462M (23%)         304M (15%)         490M (24%)           0M (0%)     
[402.304s][info][gc,heap     ] GC(2225)      Used:     1980M (97%)        2048M (100%)       1586M (77%)        1744M (85%)        2048M (100%)       1558M (76%)    
[402.304s][info][gc,heap     ] GC(2225)      Live:         -              1202M (59%)        1202M (59%)        1202M (59%)            -                  -          
[402.304s][info][gc,heap     ] GC(2225) Allocated:         -                68M (3%)          114M (6%)          359M (18%)            -                  -          
[402.304s][info][gc,heap     ] GC(2225)   Garbage:         -               777M (38%)         269M (13%)         181M (9%)             -                  -          
[402.304s][info][gc,heap     ] GC(2225) Reclaimed:         -                  -               508M (25%)         595M (29%)            -                  -          
[402.304s][info][gc          ] GC(2225) Garbage Collection (Allocation Stall) 1980M(97%)->1744M(85%)
[402.335s][info][gc,start    ] GC(2226) Garbage Collection (Allocation Stall)
[402.335s][info][gc,ref      ] GC(2226) Clearing All SoftReferences
[402.336s][info][gc,task     ] GC(2226) Using 12 workers
[402.336s][info][gc          ] Allocation Stall (Executor task launch worker for task 11.0 in stage 84.0 (TID 1409)) 0.149ms
[402.336s][info][gc,ref      ] GC(2226) Clearing All SoftReferences
[402.336s][info][gc,phases   ] GC(2226) Pause Mark Start 0.062ms
[402.336s][info][gc          ] Allocation Stall (Executor task launch worker for task 19.0 in stage 84.0 (TID 1411)) 0.807ms
[402.336s][info][gc          ] Allocation Stall (Executor task launch worker for task 45.0 in stage 84.0 (TID 1418)) 0.822ms
[402.336s][info][gc          ] Allocation Stall (Executor task launch worker for task 42.0 in stage 84.0 (TID 1416)) 0.784ms
[402.368s][info][gc,phases   ] GC(2226) Concurrent Mark 31.795ms
[402.368s][info][gc,phases   ] GC(2226) Pause Mark End 0.029ms
[402.368s][info][gc,phases   ] GC(2226) Concurrent Mark Free 0.001ms
[402.371s][info][gc,phases   ] GC(2226) Concurrent Process Non-Strong References 3.006ms
[402.371s][info][gc,phases   ] GC(2226) Concurrent Reset Relocation Set 0.004ms
[402.371s][info][gc          ] Allocation Stall (Executor task launch worker for task 35.0 in stage 84.0 (TID 1415)) 31.357ms
[402.371s][info][gc          ] Allocation Stall (Executor task launch worker for task 30.0 in stage 84.0 (TID 1414)) 31.780ms
[402.371s][info][gc          ] Allocation Stall (Executor task launch worker for task 46.0 in stage 84.0 (TID 1419)) 31.808ms
[402.371s][info][gc          ] Allocation Stall (Executor task launch worker for task 19.0 in stage 84.0 (TID 1411)) 31.801ms
[402.371s][info][gc          ] Allocation Stall (Executor task launch worker for task 24.0 in stage 84.0 (TID 1413)) 31.773ms
[402.371s][info][gc          ] Allocation Stall (Executor task launch worker for task 11.0 in stage 84.0 (TID 1409)) 31.525ms
[402.371s][info][gc          ] Allocation Stall (Executor task launch worker for task 20.0 in stage 84.0 (TID 1412)) 31.354ms
[402.371s][info][gc          ] Allocation Stall (Executor task launch worker for task 14.0 in stage 84.0 (TID 1410)) 31.473ms
[402.371s][info][gc          ] Allocation Stall (Executor task launch worker for task 45.0 in stage 84.0 (TID 1418)) 31.340ms
[402.371s][info][gc          ] Allocation Stall (Executor task launch worker for task 42.0 in stage 84.0 (TID 1416)) 31.634ms
[402.371s][info][gc          ] Allocation Stall (Executor task launch worker for task 44.0 in stage 84.0 (TID 1417)) 31.354ms
[402.371s][info][gc          ] Allocation Stall (Executor task launch worker for task 0.0 in stage 84.0 (TID 1407)) 31.613ms
[402.371s][info][gc          ] Allocation Stall (Executor task launch worker for task 3.0 in stage 84.0 (TID 1408)) 31.578ms
[402.381s][info][gc,phases   ] GC(2226) Concurrent Select Relocation Set 9.776ms
[402.381s][info][gc,phases   ] GC(2226) Pause Relocate Start 0.011ms
[402.398s][info][gc,phases   ] GC(2226) Concurrent Relocate 16.431ms
[402.398s][info][gc,load     ] GC(2226) Load: 0.00/0.00/0.00
[402.398s][info][gc,mmu      ] GC(2226) MMU: 2ms/86.2%, 5ms/94.5%, 10ms/97.2%, 20ms/98.6%, 50ms/99.4%, 100ms/99.6%
[402.398s][info][gc,marking  ] GC(2226) Mark: 8 stripe(s), 6 proactive flush(es), 1 terminate flush(es), 0 completion(s), 0 continuation(s) 
[402.398s][info][gc,marking  ] GC(2226) Mark Stack Usage: 32M
[402.398s][info][gc,nmethod  ] GC(2226) NMethods: 8123 registered, 1335 unregistered
[402.398s][info][gc,metaspace] GC(2226) Metaspace: 120M used, 123M committed, 1152M reserved
[402.398s][info][gc,ref      ] GC(2226) Soft: 2842 encountered, 2301 discovered, 0 enqueued
[402.398s][info][gc,ref      ] GC(2226) Weak: 13705 encountered, 1735 discovered, 0 enqueued
[402.398s][info][gc,ref      ] GC(2226) Final: 84 encountered, 41 discovered, 0 enqueued
[402.398s][info][gc,ref      ] GC(2226) Phantom: 764 encountered, 534 discovered, 0 enqueued
[402.398s][info][gc,reloc    ] GC(2226) Small Pages: 334 / 668M, Empty: 546M, Relocated: 6M, In-Place: 0
[402.398s][info][gc,reloc    ] GC(2226) Medium Pages: 42 / 1344M, Empty: 0M, Relocated: 27M, In-Place: 0
[402.398s][info][gc,reloc    ] GC(2226) Large Pages: 3 / 24M, Empty: 0M, Relocated: 0M, In-Place: 0
[402.398s][info][gc,reloc    ] GC(2226) Forwarding Usage: 1M
[402.398s][info][gc,heap     ] GC(2226) Min Capacity: 8M(0%)
[402.398s][info][gc,heap     ] GC(2226) Max Capacity: 2048M(100%)
[402.398s][info][gc,heap     ] GC(2226) Soft Max Capacity: 2048M(100%)
[402.398s][info][gc,heap     ] GC(2226)                Mark Start          Mark End        Relocate Start      Relocate End           High               Low         
[402.398s][info][gc,heap     ] GC(2226)  Capacity:     2048M (100%)       2048M (100%)       2048M (100%)       2048M (100%)       2048M (100%)       2048M (100%)   
[402.398s][info][gc,heap     ] GC(2226)      Free:        6M (0%)            0M (0%)          456M (22%)         390M (19%)         508M (25%)           0M (0%)     
[402.398s][info][gc,heap     ] GC(2226)      Used:     2042M (100%)       2048M (100%)       1592M (78%)        1658M (81%)        2048M (100%)       1540M (75%)    
[402.398s][info][gc,heap     ] GC(2226)      Live:         -              1226M (60%)        1226M (60%)        1226M (60%)            -                  -          
[402.398s][info][gc,heap     ] GC(2226) Allocated:         -                 6M (0%)           96M (5%)          210M (10%)            -                  -          
[402.398s][info][gc,heap     ] GC(2226)   Garbage:         -               815M (40%)         269M (13%)         221M (11%)            -                  -          
[402.398s][info][gc,heap     ] GC(2226) Reclaimed:         -                  -               546M (27%)         594M (29%)            -                  -          
[402.398s][info][gc          ] GC(2226) Garbage Collection (Allocation Stall) 2042M(100%)->1658M(81%)
[402.436s][info][gc,start    ] GC(2227) Garbage Collection (Allocation Stall)
[402.436s][info][gc,ref      ] GC(2227) Clearing All SoftReferences
[402.436s][info][gc,task     ] GC(2227) Using 12 workers
[402.436s][info][gc,ref      ] GC(2227) Clearing All SoftReferences
[402.436s][info][gc,phases   ] GC(2227) Pause Mark Start 0.052ms
[402.437s][info][gc          ] Allocation Stall (Executor task launch worker for task 14.0 in stage 84.0 (TID 1410)) 0.662ms
[402.437s][info][gc          ] Allocation Stall (Executor task launch worker for task 0.0 in stage 84.0 (TID 1407)) 0.696ms
[402.437s][info][gc          ] Allocation Stall (Executor task launch worker for task 45.0 in stage 84.0 (TID 1418)) 0.691ms
[402.437s][info][gc          ] Allocation Stall (Executor task launch worker for task 44.0 in stage 84.0 (TID 1417)) 0.769ms
[402.437s][info][gc          ] Allocation Stall (Executor task launch worker for task 3.0 in stage 84.0 (TID 1408)) 0.802ms
[402.437s][info][gc          ] Allocation Stall (Executor task launch worker for task 20.0 in stage 84.0 (TID 1412)) 0.789ms
[402.437s][info][gc          ] Allocation Stall (Executor task launch worker for task 19.0 in stage 84.0 (TID 1411)) 0.811ms
[402.437s][info][gc          ] Allocation Stall (Executor task launch worker for task 11.0 in stage 84.0 (TID 1409)) 0.231ms
[402.437s][info][gc          ] Allocation Stall (Executor task launch worker for task 24.0 in stage 84.0 (TID 1413)) 0.257ms
[402.437s][info][gc          ] Allocation Stall (Executor task launch worker for task 46.0 in stage 84.0 (TID 1419)) 0.285ms
[402.437s][info][gc          ] Allocation Stall (Executor task launch worker for task 35.0 in stage 84.0 (TID 1415)) 0.343ms
[402.437s][info][gc          ] Allocation Stall (Executor task launch worker for task 42.0 in stage 84.0 (TID 1416)) 0.381ms
[402.437s][info][gc          ] Allocation Stall (Executor task launch worker for task 30.0 in stage 84.0 (TID 1414)) 0.495ms
[402.453s][info][gc,phases   ] GC(2227) Concurrent Mark 16.410ms
[402.453s][info][gc,phases   ] GC(2227) Pause Mark End 0.018ms
[402.453s][info][gc,phases   ] GC(2227) Concurrent Mark Free 0.001ms
[402.456s][info][gc,phases   ] GC(2227) Concurrent Process Non-Strong References 2.413ms
[402.456s][info][gc,phases   ] GC(2227) Concurrent Reset Relocation Set 0.003ms
[402.456s][info][gc          ] Allocation Stall (Executor task launch worker for task 3.0 in stage 84.0 (TID 1408)) 16.741ms
[402.456s][info][gc          ] Allocation Stall (Executor task launch worker for task 0.0 in stage 84.0 (TID 1407)) 16.540ms
[402.456s][info][gc          ] Allocation Stall (Executor task launch worker for task 42.0 in stage 84.0 (TID 1416)) 17.046ms
[402.456s][info][gc          ] Allocation Stall (Executor task launch worker for task 45.0 in stage 84.0 (TID 1418)) 16.892ms
[402.456s][info][gc          ] Allocation Stall (Executor task launch worker for task 11.0 in stage 84.0 (TID 1409)) 16.668ms
[402.456s][info][gc          ] Allocation Stall (Executor task launch worker for task 24.0 in stage 84.0 (TID 1413)) 16.919ms
[402.456s][info][gc          ] Allocation Stall (Executor task launch worker for task 30.0 in stage 84.0 (TID 1414)) 17.051ms
[402.456s][info][gc          ] Allocation Stall (Executor task launch worker for task 14.0 in stage 84.0 (TID 1410)) 16.737ms
[402.456s][info][gc          ] Allocation Stall (Executor task launch worker for task 35.0 in stage 84.0 (TID 1415)) 16.491ms
[402.456s][info][gc          ] Allocation Stall (Executor task launch worker for task 44.0 in stage 84.0 (TID 1417)) 16.845ms
[402.456s][info][gc          ] Allocation Stall (Executor task launch worker for task 20.0 in stage 84.0 (TID 1412)) 16.479ms
[402.456s][info][gc          ] Allocation Stall (Executor task launch worker for task 19.0 in stage 84.0 (TID 1411)) 16.506ms
[402.456s][info][gc          ] Allocation Stall (Executor task launch worker for task 46.0 in stage 84.0 (TID 1419)) 16.468ms
[402.458s][info][gc,phases   ] GC(2227) Concurrent Select Relocation Set 2.815ms
[402.459s][info][gc,phases   ] GC(2227) Pause Relocate Start 0.007ms
[402.501s][info][gc,phases   ] GC(2227) Concurrent Relocate 42.636ms
[402.501s][info][gc,load     ] GC(2227) Load: 0.00/0.00/0.00
[402.501s][info][gc,mmu      ] GC(2227) MMU: 2ms/86.2%, 5ms/94.5%, 10ms/97.2%, 20ms/98.6%, 50ms/99.4%, 100ms/99.6%
[402.501s][info][gc,marking  ] GC(2227) Mark: 8 stripe(s), 2 proactive flush(es), 1 terminate flush(es), 0 completion(s), 0 continuation(s) 
[402.501s][info][gc,marking  ] GC(2227) Mark Stack Usage: 32M
[402.501s][info][gc,nmethod  ] GC(2227) NMethods: 8123 registered, 1335 unregistered
[402.501s][info][gc,metaspace] GC(2227) Metaspace: 120M used, 123M committed, 1152M reserved
[402.501s][info][gc,ref      ] GC(2227) Soft: 2842 encountered, 282 discovered, 0 enqueued
[402.501s][info][gc,ref      ] GC(2227) Weak: 13706 encountered, 1053 discovered, 1 enqueued
[402.501s][info][gc,ref      ] GC(2227) Final: 84 encountered, 5 discovered, 0 enqueued
[402.501s][info][gc,ref      ] GC(2227) Phantom: 764 encountered, 632 discovered, 0 enqueued
[402.501s][info][gc,reloc    ] GC(2227) Small Pages: 301 / 602M, Empty: 474M, Relocated: 6M, In-Place: 0
[402.501s][info][gc,reloc    ] GC(2227) Medium Pages: 43 / 1376M, Empty: 32M, Relocated: 48M, In-Place: 0
[402.501s][info][gc,reloc    ] GC(2227) Large Pages: 8 / 64M, Empty: 24M, Relocated: 0M, In-Place: 0
[402.501s][info][gc,reloc    ] GC(2227) Forwarding Usage: 1M
[402.501s][info][gc,heap     ] GC(2227) Min Capacity: 8M(0%)
[402.501s][info][gc,heap     ] GC(2227) Max Capacity: 2048M(100%)
[402.502s][info][gc,heap     ] GC(2227) Soft Max Capacity: 2048M(100%)
[402.502s][info][gc,heap     ] GC(2227)                Mark Start          Mark End        Relocate Start      Relocate End           High               Low         
[402.502s][info][gc,heap     ] GC(2227)  Capacity:     2048M (100%)       2048M (100%)       2048M (100%)       2048M (100%)       2048M (100%)       2048M (100%)   
[402.502s][info][gc,heap     ] GC(2227)      Free:        0M (0%)            0M (0%)          508M (25%)         172M (8%)          510M (25%)           0M (0%)     
[402.502s][info][gc,heap     ] GC(2227)      Used:     2048M (100%)       2048M (100%)       1540M (75%)        1876M (92%)        2048M (100%)       1538M (75%)    
[402.502s][info][gc,heap     ] GC(2227)      Live:         -              1243M (61%)        1243M (61%)        1243M (61%)            -                  -          
[402.502s][info][gc,heap     ] GC(2227) Allocated:         -                 0M (0%)           22M (1%)          425M (21%)            -                  -          
[402.502s][info][gc,heap     ] GC(2227)   Garbage:         -               804M (39%)         274M (13%)         207M (10%)            -                  -          
[402.502s][info][gc,heap     ] GC(2227) Reclaimed:         -                  -               530M (26%)         597M (29%)            -                  -          
[402.502s][info][gc          ] GC(2227) Garbage Collection (Allocation Stall) 2048M(100%)->1876M(92%)
[402.541s][info][gc,start    ] GC(2228) Garbage Collection (Allocation Stall)
[402.541s][info][gc,ref      ] GC(2228) Clearing All SoftReferences
[402.541s][info][gc,task     ] GC(2228) Using 12 workers
[402.542s][info][gc,ref      ] GC(2228) Clearing All SoftReferences
[402.542s][info][gc,phases   ] GC(2228) Pause Mark Start 0.042ms
[402.542s][info][gc          ] Allocation Stall (Executor task launch worker for task 11.0 in stage 84.0 (TID 1409)) 0.633ms
[402.562s][info][gc,phases   ] GC(2228) Concurrent Mark 20.341ms
[402.562s][info][gc,phases   ] GC(2228) Pause Mark End 0.017ms
[402.562s][info][gc,phases   ] GC(2228) Concurrent Mark Free 0.000ms
[402.565s][info][gc,phases   ] GC(2228) Concurrent Process Non-Strong References 2.732ms
[402.565s][info][gc,phases   ] GC(2228) Concurrent Reset Relocation Set 0.005ms
[402.565s][info][gc          ] Allocation Stall (Executor task launch worker for task 3.0 in stage 84.0 (TID 1408)) 18.672ms
[402.565s][info][gc          ] Allocation Stall (Executor task launch worker for task 42.0 in stage 84.0 (TID 1416)) 18.193ms
[402.565s][info][gc          ] Allocation Stall (Executor task launch worker for task 30.0 in stage 84.0 (TID 1414)) 18.832ms
[402.565s][info][gc          ] Allocation Stall (Executor task launch worker for task 46.0 in stage 84.0 (TID 1419)) 18.119ms
[402.565s][info][gc          ] Allocation Stall (Executor task launch worker for task 35.0 in stage 84.0 (TID 1415)) 18.764ms
[402.565s][info][gc          ] Allocation Stall (Executor task launch worker for task 20.0 in stage 84.0 (TID 1412)) 19.113ms
[402.565s][info][gc          ] Allocation Stall (Executor task launch worker for task 44.0 in stage 84.0 (TID 1417)) 18.295ms
[402.565s][info][gc          ] Allocation Stall (Executor task launch worker for task 11.0 in stage 84.0 (TID 1409)) 18.069ms
[402.565s][info][gc          ] Allocation Stall (Executor task launch worker for task 0.0 in stage 84.0 (TID 1407)) 18.666ms
[402.565s][info][gc          ] Allocation Stall (Executor task launch worker for task 19.0 in stage 84.0 (TID 1411)) 18.122ms
[402.565s][info][gc          ] Allocation Stall (Executor task launch worker for task 14.0 in stage 84.0 (TID 1410)) 18.115ms
[402.565s][info][gc          ] Allocation Stall (Executor task launch worker for task 24.0 in stage 84.0 (TID 1413)) 18.107ms
[402.565s][info][gc          ] Allocation Stall (Executor task launch worker for task 45.0 in stage 84.0 (TID 1418)) 18.084ms
[402.568s][info][gc,phases   ] GC(2228) Concurrent Select Relocation Set 3.020ms
[402.568s][info][gc,phases   ] GC(2228) Pause Relocate Start 0.007ms
[402.593s][info][gc,phases   ] GC(2228) Concurrent Relocate 24.927ms
[402.594s][info][gc,load     ] GC(2228) Load: 0.00/0.00/0.00
[402.594s][info][gc,mmu      ] GC(2228) MMU: 2ms/86.2%, 5ms/94.5%, 10ms/97.2%, 20ms/98.6%, 50ms/99.4%, 100ms/99.6%
[402.594s][info][gc,marking  ] GC(2228) Mark: 8 stripe(s), 3 proactive flush(es), 1 terminate flush(es), 0 completion(s), 0 continuation(s) 
[402.594s][info][gc,marking  ] GC(2228) Mark Stack Usage: 32M
[402.594s][info][gc,nmethod  ] GC(2228) NMethods: 8123 registered, 1335 unregistered
[402.594s][info][gc,metaspace] GC(2228) Metaspace: 120M used, 123M committed, 1152M reserved
[402.594s][info][gc,ref      ] GC(2228) Soft: 2842 encountered, 436 discovered, 0 enqueued
[402.594s][info][gc,ref      ] GC(2228) Weak: 13706 encountered, 1119 discovered, 2 enqueued
[402.594s][info][gc,ref      ] GC(2228) Final: 84 encountered, 0 discovered, 0 enqueued
[402.594s][info][gc,ref      ] GC(2228) Phantom: 764 encountered, 618 discovered, 0 enqueued
[402.594s][info][gc,reloc    ] GC(2228) Small Pages: 279 / 558M, Empty: 424M, Relocated: 4M, In-Place: 0
[402.594s][info][gc,reloc    ] GC(2228) Medium Pages: 44 / 1408M, Empty: 0M, Relocated: 21M, In-Place: 0
[402.594s][info][gc,reloc    ] GC(2228) Large Pages: 8 / 64M, Empty: 40M, Relocated: 0M, In-Place: 0
[402.594s][info][gc,reloc    ] GC(2228) Forwarding Usage: 0M
[402.594s][info][gc,heap     ] GC(2228) Min Capacity: 8M(0%)
[402.594s][info][gc,heap     ] GC(2228) Max Capacity: 2048M(100%)
[402.594s][info][gc,heap     ] GC(2228) Soft Max Capacity: 2048M(100%)
[402.594s][info][gc,heap     ] GC(2228)                Mark Start          Mark End        Relocate Start      Relocate End           High               Low         
[402.594s][info][gc,heap     ] GC(2228)  Capacity:     2048M (100%)       2048M (100%)       2048M (100%)       2048M (100%)       2048M (100%)       2048M (100%)   
[402.594s][info][gc,heap     ] GC(2228)      Free:       16M (1%)            0M (0%)          454M (22%)         168M (8%)          460M (22%)           0M (0%)     
[402.594s][info][gc,heap     ] GC(2228)      Used:     2032M (99%)        2048M (100%)       1594M (78%)        1880M (92%)        2048M (100%)       1588M (78%)    
[402.594s][info][gc,heap     ] GC(2228)      Live:         -              1243M (61%)        1243M (61%)        1243M (61%)            -                  -          
[402.594s][info][gc,heap     ] GC(2228) Allocated:         -                16M (1%)           26M (1%)          423M (21%)            -                  -          
[402.594s][info][gc,heap     ] GC(2228)   Garbage:         -               788M (38%)         324M (16%)         212M (10%)            -                  -          
[402.594s][info][gc,heap     ] GC(2228) Reclaimed:         -                  -               464M (23%)         575M (28%)            -                  -          
[402.594s][info][gc          ] GC(2228) Garbage Collection (Allocation Stall) 2032M(99%)->1880M(92%)
[402.640s][info][gc,start    ] GC(2229) Garbage Collection (Allocation Stall)
[402.640s][info][gc,ref      ] GC(2229) Clearing All SoftReferences
[402.640s][info][gc,task     ] GC(2229) Using 12 workers
[402.641s][info][gc,ref      ] GC(2229) Clearing All SoftReferences
[402.641s][info][gc,phases   ] GC(2229) Pause Mark Start 0.044ms
[402.654s][info][gc          ] Allocation Stall (Executor task launch worker for task 3.0 in stage 84.0 (TID 1408)) 0.493ms
[402.654s][info][gc          ] Allocation Stall (Executor task launch worker for task 11.0 in stage 84.0 (TID 1409)) 0.351ms
[402.654s][info][gc          ] Allocation Stall (Executor task launch worker for task 20.0 in stage 84.0 (TID 1412)) 0.327ms
[402.654s][info][gc          ] Allocation Stall (Executor task launch worker for task 24.0 in stage 84.0 (TID 1413)) 0.282ms
[402.654s][info][gc          ] Allocation Stall (Executor task launch worker for task 14.0 in stage 84.0 (TID 1410)) 0.292ms
[402.654s][info][gc          ] Allocation Stall (Executor task launch worker for task 44.0 in stage 84.0 (TID 1417)) 0.298ms
[402.654s][info][gc          ] Allocation Stall (Executor task launch worker for task 46.0 in stage 84.0 (TID 1419)) 0.326ms
[402.672s][info][gc,phases   ] GC(2229) Concurrent Mark 30.977ms
[402.672s][info][gc,phases   ] GC(2229) Pause Mark End 0.018ms
[402.672s][info][gc,phases   ] GC(2229) Concurrent Mark Free 0.001ms
[402.675s][info][gc,phases   ] GC(2229) Concurrent Process Non-Strong References 3.023ms
[402.675s][info][gc,phases   ] GC(2229) Concurrent Reset Relocation Set 0.005ms
[402.675s][info][gc          ] Allocation Stall (Executor task launch worker for task 42.0 in stage 84.0 (TID 1416)) 18.617ms
[402.675s][info][gc          ] Allocation Stall (Executor task launch worker for task 35.0 in stage 84.0 (TID 1415)) 18.689ms
[402.675s][info][gc          ] Allocation Stall (Executor task launch worker for task 24.0 in stage 84.0 (TID 1413)) 19.102ms
[402.675s][info][gc          ] Allocation Stall (Executor task launch worker for task 20.0 in stage 84.0 (TID 1412)) 18.613ms
[402.675s][info][gc          ] Allocation Stall (Executor task launch worker for task 11.0 in stage 84.0 (TID 1409)) 19.367ms
[402.675s][info][gc          ] Allocation Stall (Executor task launch worker for task 45.0 in stage 84.0 (TID 1418)) 19.086ms
[402.675s][info][gc          ] Allocation Stall (Executor task launch worker for task 46.0 in stage 84.0 (TID 1419)) 18.780ms
[402.675s][info][gc          ] Allocation Stall (Executor task launch worker for task 30.0 in stage 84.0 (TID 1414)) 18.579ms
[402.675s][info][gc          ] Allocation Stall (Executor task launch worker for task 3.0 in stage 84.0 (TID 1408)) 18.579ms
[402.675s][info][gc          ] Allocation Stall (Executor task launch worker for task 0.0 in stage 84.0 (TID 1407)) 19.231ms
[402.675s][info][gc          ] Allocation Stall (Executor task launch worker for task 14.0 in stage 84.0 (TID 1410)) 18.563ms
[402.675s][info][gc          ] Allocation Stall (Executor task launch worker for task 19.0 in stage 84.0 (TID 1411)) 18.542ms
[402.675s][info][gc          ] Allocation Stall (Executor task launch worker for task 44.0 in stage 84.0 (TID 1417)) 19.372ms
[402.678s][info][gc,phases   ] GC(2229) Concurrent Select Relocation Set 3.025ms
[402.678s][info][gc,phases   ] GC(2229) Pause Relocate Start 0.008ms
[402.734s][info][gc,phases   ] GC(2229) Concurrent Relocate 55.447ms
[402.734s][info][gc,load     ] GC(2229) Load: 0.00/0.00/0.00
[402.734s][info][gc,mmu      ] GC(2229) MMU: 2ms/86.2%, 5ms/94.5%, 10ms/97.2%, 20ms/98.6%, 50ms/99.4%, 100ms/99.6%
[402.734s][info][gc,marking  ] GC(2229) Mark: 8 stripe(s), 2 proactive flush(es), 1 terminate flush(es), 0 completion(s), 0 continuation(s) 
[402.734s][info][gc,marking  ] GC(2229) Mark Stack Usage: 32M
[402.734s][info][gc,nmethod  ] GC(2229) NMethods: 8123 registered, 1335 unregistered
[402.734s][info][gc,metaspace] GC(2229) Metaspace: 120M used, 123M committed, 1152M reserved
[402.734s][info][gc,ref      ] GC(2229) Soft: 2842 encountered, 906 discovered, 0 enqueued
[402.734s][info][gc,ref      ] GC(2229) Weak: 13706 encountered, 1579 discovered, 1 enqueued
[402.734s][info][gc,ref      ] GC(2229) Final: 84 encountered, 0 discovered, 0 enqueued
[402.734s][info][gc,ref      ] GC(2229) Phantom: 764 encountered, 616 discovered, 0 enqueued
[402.734s][info][gc,reloc    ] GC(2229) Small Pages: 281 / 562M, Empty: 424M, Relocated: 4M, In-Place: 0
[402.734s][info][gc,reloc    ] GC(2229) Medium Pages: 44 / 1408M, Empty: 0M, Relocated: 81M, In-Place: 0
[402.734s][info][gc,reloc    ] GC(2229) Large Pages: 5 / 40M, Empty: 24M, Relocated: 0M, In-Place: 0
[402.734s][info][gc,reloc    ] GC(2229) Forwarding Usage: 0M
[402.734s][info][gc,heap     ] GC(2229) Min Capacity: 8M(0%)
[402.734s][info][gc,heap     ] GC(2229) Max Capacity: 2048M(100%)
[402.734s][info][gc,heap     ] GC(2229) Soft Max Capacity: 2048M(100%)
[402.734s][info][gc,heap     ] GC(2229)                Mark Start          Mark End        Relocate Start      Relocate End           High               Low         
[402.734s][info][gc,heap     ] GC(2229)  Capacity:     2048M (100%)       2048M (100%)       2048M (100%)       2048M (100%)       2048M (100%)       2048M (100%)   
[402.734s][info][gc,heap     ] GC(2229)      Free:       38M (2%)            0M (0%)          434M (21%)         284M (14%)         444M (22%)           0M (0%)     
[402.734s][info][gc,heap     ] GC(2229)      Used:     2010M (98%)        2048M (100%)       1614M (79%)        1764M (86%)        2048M (100%)       1604M (78%)    
[402.734s][info][gc,heap     ] GC(2229)      Live:         -              1252M (61%)        1252M (61%)        1252M (61%)            -                  -          
[402.734s][info][gc,heap     ] GC(2229) Allocated:         -                38M (2%)           52M (3%)          305M (15%)            -                  -          
[402.734s][info][gc,heap     ] GC(2229)   Garbage:         -               757M (37%)         309M (15%)         205M (10%)            -                  -          
[402.734s][info][gc,heap     ] GC(2229) Reclaimed:         -                  -               448M (22%)         551M (27%)            -                  -          
[402.734s][info][gc          ] GC(2229) Garbage Collection (Allocation Stall) 2010M(98%)->1764M(86%)
[402.751s][info][gc,start    ] GC(2230) Garbage Collection (Allocation Stall)
[402.751s][info][gc,ref      ] GC(2230) Clearing All SoftReferences
[402.751s][info][gc,task     ] GC(2230) Using 12 workers
[402.752s][info][gc,ref      ] GC(2230) Clearing All SoftReferences
[402.752s][info][gc,phases   ] GC(2230) Pause Mark Start 0.029ms
[402.798s][info][gc,phases   ] GC(2230) Concurrent Mark 45.887ms
[402.798s][info][gc,phases   ] GC(2230) Pause Mark End 0.032ms
[402.798s][info][gc,phases   ] GC(2230) Concurrent Mark Free 0.001ms
[402.813s][info][gc,phases   ] GC(2230) Concurrent Process Non-Strong References 15.350ms
[402.813s][info][gc,phases   ] GC(2230) Concurrent Reset Relocation Set 0.008ms
[402.817s][info][gc,phases   ] GC(2230) Concurrent Select Relocation Set 3.818ms
[402.817s][info][gc,phases   ] GC(2230) Pause Relocate Start 0.007ms
[402.839s][info][gc,phases   ] GC(2230) Concurrent Relocate 21.273ms
[402.839s][info][gc,load     ] GC(2230) Load: 0.00/0.00/0.00
[402.839s][info][gc,mmu      ] GC(2230) MMU: 2ms/86.2%, 5ms/94.5%, 10ms/97.2%, 20ms/98.6%, 50ms/99.4%, 100ms/99.6%
[402.839s][info][gc,marking  ] GC(2230) Mark: 8 stripe(s), 2 proactive flush(es), 1 terminate flush(es), 0 completion(s), 0 continuation(s) 
[402.839s][info][gc,marking  ] GC(2230) Mark Stack Usage: 32M
[402.839s][info][gc,nmethod  ] GC(2230) NMethods: 8123 registered, 1335 unregistered
[402.839s][info][gc,metaspace] GC(2230) Metaspace: 120M used, 123M committed, 1152M reserved
[402.839s][info][gc,ref      ] GC(2230) Soft: 2842 encountered, 350 discovered, 0 enqueued
[402.839s][info][gc,ref      ] GC(2230) Weak: 13703 encountered, 1610 discovered, 0 enqueued
[402.839s][info][gc,ref      ] GC(2230) Final: 84 encountered, 0 discovered, 0 enqueued
[402.839s][info][gc,ref      ] GC(2230) Phantom: 764 encountered, 611 discovered, 0 enqueued
[402.839s][info][gc,reloc    ] GC(2230) Small Pages: 201 / 402M, Empty: 282M, Relocated: 4M, In-Place: 0
[402.839s][info][gc,reloc    ] GC(2230) Medium Pages: 44 / 1408M, Empty: 0M, Relocated: 22M, In-Place: 0
[402.839s][info][gc,reloc    ] GC(2230) Large Pages: 2 / 16M, Empty: 16M, Relocated: 0M, In-Place: 0
[402.839s][info][gc,reloc    ] GC(2230) Forwarding Usage: 0M
[402.839s][info][gc,heap     ] GC(2230) Min Capacity: 8M(0%)
[402.839s][info][gc,heap     ] GC(2230) Max Capacity: 2048M(100%)
[402.839s][info][gc,heap     ] GC(2230) Soft Max Capacity: 2048M(100%)
[402.839s][info][gc,heap     ] GC(2230)                Mark Start          Mark End        Relocate Start      Relocate End           High               Low         
[402.839s][info][gc,heap     ] GC(2230)  Capacity:     2048M (100%)       2048M (100%)       2048M (100%)       2048M (100%)       2048M (100%)       2048M (100%)   
[402.839s][info][gc,heap     ] GC(2230)      Free:      222M (11%)          64M (3%)          292M (14%)         120M (6%)          310M (15%)           2M (0%)     
[402.839s][info][gc,heap     ] GC(2230)      Used:     1826M (89%)        1984M (97%)        1756M (86%)        1928M (94%)        2046M (100%)       1738M (85%)    
[402.839s][info][gc,heap     ] GC(2230)      Live:         -              1253M (61%)        1253M (61%)        1253M (61%)            -                  -          
[402.839s][info][gc,heap     ] GC(2230) Allocated:         -               158M (8%)          228M (11%)         463M (23%)            -                  -          
[402.839s][info][gc,heap     ] GC(2230)   Garbage:         -               572M (28%)         274M (13%)         210M (10%)            -                  -          
[402.839s][info][gc,heap     ] GC(2230) Reclaimed:         -                  -               298M (15%)         361M (18%)            -                  -          
[402.839s][info][gc          ] GC(2230) Garbage Collection (Allocation Stall) 1826M(89%)->1928M(94%)
[402.844s][info][gc,start    ] GC(2231) Garbage Collection (Allocation Rate)
[402.845s][info][gc,task     ] GC(2231) Using 12 workers
[402.845s][info][gc,phases   ] GC(2231) Pause Mark Start 0.009ms
[402.852s][info][gc          ] Allocation Stall (Executor task launch worker for task 35.0 in stage 84.0 (TID 1415)) 0.032ms
[402.876s][info][gc,phases   ] GC(2231) Concurrent Mark 30.867ms
[402.876s][info][gc,phases   ] GC(2231) Pause Mark End 0.022ms
[402.876s][info][gc,phases   ] GC(2231) Concurrent Mark Free 0.001ms
[402.879s][info][gc,phases   ] GC(2231) Concurrent Process Non-Strong References 2.714ms
[402.879s][info][gc,phases   ] GC(2231) Concurrent Reset Relocation Set 0.005ms
[402.879s][info][gc          ] Allocation Stall (Executor task launch worker for task 0.0 in stage 84.0 (TID 1407)) 20.295ms
[402.879s][info][gc          ] Allocation Stall (Executor task launch worker for task 24.0 in stage 84.0 (TID 1413)) 20.515ms
[402.879s][info][gc          ] Allocation Stall (Executor task launch worker for task 14.0 in stage 84.0 (TID 1410)) 20.126ms
[402.879s][info][gc          ] Allocation Stall (Executor task launch worker for task 35.0 in stage 84.0 (TID 1415)) 20.474ms
[402.879s][info][gc          ] Allocation Stall (Executor task launch worker for task 42.0 in stage 84.0 (TID 1416)) 20.509ms
[402.879s][info][gc          ] Allocation Stall (Executor task launch worker for task 46.0 in stage 84.0 (TID 1419)) 20.115ms
[402.879s][info][gc          ] Allocation Stall (Executor task launch worker for task 3.0 in stage 84.0 (TID 1408)) 20.319ms
[402.879s][info][gc          ] Allocation Stall (Executor task launch worker for task 11.0 in stage 84.0 (TID 1409)) 20.093ms
[402.879s][info][gc          ] Allocation Stall (Executor task launch worker for task 20.0 in stage 84.0 (TID 1412)) 20.274ms
[402.879s][info][gc          ] Allocation Stall (Executor task launch worker for task 45.0 in stage 84.0 (TID 1418)) 20.135ms
[402.879s][info][gc          ] Allocation Stall (Executor task launch worker for task 19.0 in stage 84.0 (TID 1411)) 20.364ms
[402.879s][info][gc          ] Allocation Stall (Executor task launch worker for task 44.0 in stage 84.0 (TID 1417)) 20.406ms
[402.879s][info][gc          ] Allocation Stall (Spark Context Cleaner) 18.715ms
[402.879s][info][gc          ] Allocation Stall (Executor task launch worker for task 30.0 in stage 84.0 (TID 1414)) 20.379ms
[402.882s][info][gc,phases   ] GC(2231) Concurrent Select Relocation Set 3.694ms
[402.882s][info][gc,phases   ] GC(2231) Pause Relocate Start 0.007ms
[402.911s][info][gc,phases   ] GC(2231) Concurrent Relocate 28.119ms
[402.911s][info][gc,load     ] GC(2231) Load: 0.00/0.00/0.00
[402.911s][info][gc,mmu      ] GC(2231) MMU: 2ms/86.2%, 5ms/94.5%, 10ms/97.2%, 20ms/98.6%, 50ms/99.4%, 100ms/99.6%
[402.911s][info][gc,marking  ] GC(2231) Mark: 8 stripe(s), 2 proactive flush(es), 1 terminate flush(es), 0 completion(s), 0 continuation(s) 
[402.911s][info][gc,marking  ] GC(2231) Mark Stack Usage: 32M
[402.911s][info][gc,nmethod  ] GC(2231) NMethods: 8123 registered, 1335 unregistered
[402.911s][info][gc,metaspace] GC(2231) Metaspace: 120M used, 123M committed, 1152M reserved
[402.911s][info][gc,ref      ] GC(2231) Soft: 2842 encountered, 533 discovered, 0 enqueued
[402.911s][info][gc,ref      ] GC(2231) Weak: 13706 encountered, 2060 discovered, 1 enqueued
[402.911s][info][gc,ref      ] GC(2231) Final: 84 encountered, 15 discovered, 0 enqueued
[402.911s][info][gc,ref      ] GC(2231) Phantom: 764 encountered, 512 discovered, 0 enqueued
[402.911s][info][gc,reloc    ] GC(2231) Small Pages: 271 / 542M, Empty: 408M, Relocated: 4M, In-Place: 0
[402.911s][info][gc,reloc    ] GC(2231) Medium Pages: 44 / 1408M, Empty: 0M, Relocated: 83M, In-Place: 0
[402.911s][info][gc,reloc    ] GC(2231) Large Pages: 3 / 24M, Empty: 0M, Relocated: 0M, In-Place: 0
[402.911s][info][gc,reloc    ] GC(2231) Forwarding Usage: 0M
[402.911s][info][gc,heap     ] GC(2231) Min Capacity: 8M(0%)
[402.911s][info][gc,heap     ] GC(2231) Max Capacity: 2048M(100%)
[402.911s][info][gc,heap     ] GC(2231) Soft Max Capacity: 2048M(100%)
[402.911s][info][gc,heap     ] GC(2231)                Mark Start          Mark End        Relocate Start      Relocate End           High               Low         
[402.911s][info][gc,heap     ] GC(2231)  Capacity:     2048M (100%)       2048M (100%)       2048M (100%)       2048M (100%)       2048M (100%)       2048M (100%)   
[402.911s][info][gc,heap     ] GC(2231)      Free:       74M (4%)            0M (0%)          384M (19%)         344M (17%)         402M (20%)           0M (0%)     
[402.911s][info][gc,heap     ] GC(2231)      Used:     1974M (96%)        2048M (100%)       1664M (81%)        1704M (83%)        2048M (100%)       1646M (80%)    
[402.911s][info][gc,heap     ] GC(2231)      Live:         -              1274M (62%)        1274M (62%)        1274M (62%)            -                  -          
[402.911s][info][gc,heap     ] GC(2231) Allocated:         -                74M (4%)           98M (5%)          268M (13%)            -                  -          
[402.911s][info][gc,heap     ] GC(2231)   Garbage:         -               699M (34%)         291M (14%)         160M (8%)             -                  -          
[402.911s][info][gc,heap     ] GC(2231) Reclaimed:         -                  -               408M (20%)         538M (26%)            -                  -          
[402.911s][info][gc          ] GC(2231) Garbage Collection (Allocation Rate) 1974M(96%)->1704M(83%)
[402.952s][info][gc,start    ] GC(2232) Garbage Collection (Allocation Stall)
[402.952s][info][gc,ref      ] GC(2232) Clearing All SoftReferences
[402.952s][info][gc,task     ] GC(2232) Using 12 workers
[402.952s][info][gc,ref      ] GC(2232) Clearing All SoftReferences
[402.952s][info][gc,phases   ] GC(2232) Pause Mark Start 0.048ms
[402.976s][info][gc          ] Allocation Stall (Executor task launch worker for task 3.0 in stage 84.0 (TID 1408)) 0.389ms
[402.976s][info][gc          ] Allocation Stall (Executor task launch worker for task 30.0 in stage 84.0 (TID 1414)) 0.352ms
[402.976s][info][gc          ] Allocation Stall (Executor task launch worker for task 14.0 in stage 84.0 (TID 1410)) 0.310ms
[402.976s][info][gc          ] Allocation Stall (Executor task launch worker for task 42.0 in stage 84.0 (TID 1416)) 0.271ms
[402.976s][info][gc          ] Allocation Stall (Executor task launch worker for task 45.0 in stage 84.0 (TID 1418)) 0.262ms
[402.976s][info][gc          ] Allocation Stall (Executor task launch worker for task 20.0 in stage 84.0 (TID 1412)) 0.276ms
[402.976s][info][gc          ] Allocation Stall (Executor task launch worker for task 46.0 in stage 84.0 (TID 1419)) 0.285ms
[402.998s][info][gc,phases   ] GC(2232) Concurrent Mark 46.533ms
[402.999s][info][gc,phases   ] GC(2232) Pause Mark End 0.028ms
[402.999s][info][gc,phases   ] GC(2232) Concurrent Mark Free 0.001ms
[403.002s][info][gc,phases   ] GC(2232) Concurrent Process Non-Strong References 3.035ms
[403.002s][info][gc,phases   ] GC(2232) Concurrent Reset Relocation Set 0.005ms
[403.002s][info][gc          ] Allocation Stall (Executor task launch worker for task 3.0 in stage 84.0 (TID 1408)) 22.241ms
[403.002s][info][gc          ] Allocation Stall (Executor task launch worker for task 35.0 in stage 84.0 (TID 1415)) 22.130ms
[403.002s][info][gc          ] Allocation Stall (Executor task launch worker for task 0.0 in stage 84.0 (TID 1407)) 22.511ms
[403.002s][info][gc          ] Allocation Stall (Executor task launch worker for task 44.0 in stage 84.0 (TID 1417)) 22.302ms
[403.002s][info][gc          ] Allocation Stall (executor-heartbeater) 3.325ms
[403.002s][info][gc          ] Allocation Stall (Executor task launch worker for task 30.0 in stage 84.0 (TID 1414)) 22.424ms
[403.002s][info][gc          ] Allocation Stall (Executor task launch worker for task 14.0 in stage 84.0 (TID 1410)) 22.178ms
[403.002s][info][gc          ] Allocation Stall (Executor task launch worker for task 11.0 in stage 84.0 (TID 1409)) 22.418ms
[403.002s][info][gc          ] Allocation Stall (Executor task launch worker for task 20.0 in stage 84.0 (TID 1412)) 22.283ms
[403.002s][info][gc          ] Allocation Stall (Executor task launch worker for task 46.0 in stage 84.0 (TID 1419)) 22.261ms
[403.002s][info][gc          ] Allocation Stall (Executor task launch worker for task 42.0 in stage 84.0 (TID 1416)) 22.219ms
[403.002s][info][gc          ] Allocation Stall (RemoteBlock-temp-file-clean-thread) 18.996ms
[403.002s][info][gc          ] Allocation Stall (Executor task launch worker for task 19.0 in stage 84.0 (TID 1411)) 22.302ms
[403.002s][info][gc          ] Allocation Stall (Spark Context Cleaner) 18.996ms
[403.002s][info][gc          ] Allocation Stall (Executor task launch worker for task 45.0 in stage 84.0 (TID 1418)) 23.566ms
[403.002s][info][gc          ] Allocation Stall (Executor task launch worker for task 24.0 in stage 84.0 (TID 1413)) 22.123ms
[403.005s][info][gc,phases   ] GC(2232) Concurrent Select Relocation Set 2.857ms
[403.005s][info][gc,phases   ] GC(2232) Pause Relocate Start 0.008ms
[403.006s][info][gc,phases   ] GC(2232) Concurrent Relocate 1.495ms
[403.006s][info][gc,load     ] GC(2232) Load: 0.00/0.00/0.00
[403.006s][info][gc,mmu      ] GC(2232) MMU: 2ms/86.2%, 5ms/94.5%, 10ms/97.2%, 20ms/98.6%, 50ms/99.4%, 100ms/99.6%
[403.006s][info][gc,marking  ] GC(2232) Mark: 8 stripe(s), 2 proactive flush(es), 1 terminate flush(es), 0 completion(s), 0 continuation(s) 
[403.006s][info][gc,marking  ] GC(2232) Mark Stack Usage: 32M
[403.006s][info][gc,nmethod  ] GC(2232) NMethods: 8123 registered, 1335 unregistered
[403.006s][info][gc,metaspace] GC(2232) Metaspace: 120M used, 123M committed, 1152M reserved
[403.007s][info][gc,ref      ] GC(2232) Soft: 2842 encountered, 340 discovered, 0 enqueued
[403.007s][info][gc,ref      ] GC(2232) Weak: 13706 encountered, 1685 discovered, 2 enqueued
[403.007s][info][gc,ref      ] GC(2232) Final: 84 encountered, 0 discovered, 0 enqueued
[403.007s][info][gc,ref      ] GC(2232) Phantom: 764 encountered, 628 discovered, 0 enqueued
[403.007s][info][gc,reloc    ] GC(2232) Small Pages: 291 / 582M, Empty: 464M, Relocated: 6M, In-Place: 0
[403.007s][info][gc,reloc    ] GC(2232) Medium Pages: 43 / 1376M, Empty: 0M, Relocated: 0M, In-Place: 0
[403.007s][info][gc,reloc    ] GC(2232) Large Pages: 4 / 32M, Empty: 24M, Relocated: 0M, In-Place: 0
[403.007s][info][gc,reloc    ] GC(2232) Forwarding Usage: 0M
[403.007s][info][gc,heap     ] GC(2232) Min Capacity: 8M(0%)
[403.007s][info][gc,heap     ] GC(2232) Max Capacity: 2048M(100%)
[403.007s][info][gc,heap     ] GC(2232) Soft Max Capacity: 2048M(100%)
[403.007s][info][gc,heap     ] GC(2232)                Mark Start          Mark End        Relocate Start      Relocate End           High               Low         
[403.007s][info][gc,heap     ] GC(2232)  Capacity:     2048M (100%)       2048M (100%)       2048M (100%)       2048M (100%)       2048M (100%)       2048M (100%)   
[403.007s][info][gc,heap     ] GC(2232)      Free:       58M (3%)            0M (0%)          470M (23%)         424M (21%)         490M (24%)           0M (0%)     
[403.007s][info][gc,heap     ] GC(2232)      Used:     1990M (97%)        2048M (100%)       1578M (77%)        1624M (79%)        2048M (100%)       1558M (76%)    
[403.007s][info][gc,heap     ] GC(2232)      Live:         -              1275M (62%)        1275M (62%)        1275M (62%)            -                  -          
[403.007s][info][gc,heap     ] GC(2232) Allocated:         -                58M (3%)           76M (4%)          155M (8%)             -                  -          
[403.007s][info][gc,heap     ] GC(2232)   Garbage:         -               714M (35%)         226M (11%)         193M (9%)             -                  -          
[403.007s][info][gc,heap     ] GC(2232) Reclaimed:         -                  -               488M (24%)         521M (25%)            -                  -          
[403.007s][info][gc          ] GC(2232) Garbage Collection (Allocation Stall) 1990M(97%)->1624M(79%)
[403.045s][info][gc,start    ] GC(2233) Garbage Collection (Allocation Stall)
[403.045s][info][gc,ref      ] GC(2233) Clearing All SoftReferences
[403.045s][info][gc,task     ] GC(2233) Using 12 workers
[403.045s][info][gc,ref      ] GC(2233) Clearing All SoftReferences
[403.046s][info][gc,phases   ] GC(2233) Pause Mark Start 0.046ms
[403.077s][info][gc,phases   ] GC(2233) Concurrent Mark 30.919ms
[403.077s][info][gc,phases   ] GC(2233) Pause Mark End 0.019ms
[403.077s][info][gc,phases   ] GC(2233) Concurrent Mark Free 0.001ms
[403.079s][info][gc,phases   ] GC(2233) Concurrent Process Non-Strong References 2.784ms
[403.080s][info][gc,phases   ] GC(2233) Concurrent Reset Relocation Set 0.004ms
[403.080s][info][gc          ] Allocation Stall (Executor task launch worker for task 14.0 in stage 84.0 (TID 1410)) 18.362ms
[403.080s][info][gc          ] Allocation Stall (Executor task launch worker for task 11.0 in stage 84.0 (TID 1409)) 18.241ms
[403.080s][info][gc          ] Allocation Stall (Executor task launch worker for task 0.0 in stage 84.0 (TID 1407)) 18.405ms
[403.080s][info][gc          ] Allocation Stall (Executor task launch worker for task 19.0 in stage 84.0 (TID 1411)) 18.269ms
[403.080s][info][gc          ] Allocation Stall (Executor task launch worker for task 46.0 in stage 84.0 (TID 1419)) 18.113ms
[403.080s][info][gc          ] Allocation Stall (Executor task launch worker for task 20.0 in stage 84.0 (TID 1412)) 18.818ms
[403.080s][info][gc          ] Allocation Stall (Executor task launch worker for task 44.0 in stage 84.0 (TID 1417)) 18.285ms
[403.080s][info][gc          ] Allocation Stall (Executor task launch worker for task 24.0 in stage 84.0 (TID 1413)) 18.618ms
[403.080s][info][gc          ] Allocation Stall (Executor task launch worker for task 35.0 in stage 84.0 (TID 1415)) 18.329ms
[403.080s][info][gc          ] Allocation Stall (Executor task launch worker for task 45.0 in stage 84.0 (TID 1418)) 18.531ms
[403.080s][info][gc          ] Allocation Stall (Executor task launch worker for task 42.0 in stage 84.0 (TID 1416)) 18.532ms
[403.080s][info][gc          ] Allocation Stall (Executor task launch worker for task 30.0 in stage 84.0 (TID 1414)) 18.199ms
[403.080s][info][gc          ] Allocation Stall (Executor task launch worker for task 3.0 in stage 84.0 (TID 1408)) 17.739ms
[403.082s][info][gc,phases   ] GC(2233) Concurrent Select Relocation Set 2.589ms
[403.092s][info][gc,phases   ] GC(2233) Pause Relocate Start 0.009ms
[403.114s][info][gc,phases   ] GC(2233) Concurrent Relocate 22.068ms
[403.114s][info][gc,load     ] GC(2233) Load: 0.00/0.00/0.00
[403.114s][info][gc,mmu      ] GC(2233) MMU: 2ms/86.2%, 5ms/94.5%, 10ms/97.2%, 20ms/98.6%, 50ms/99.4%, 100ms/99.6%
[403.114s][info][gc,marking  ] GC(2233) Mark: 8 stripe(s), 2 proactive flush(es), 1 terminate flush(es), 0 completion(s), 0 continuation(s) 
[403.114s][info][gc,marking  ] GC(2233) Mark Stack Usage: 32M
[403.114s][info][gc,nmethod  ] GC(2233) NMethods: 8123 registered, 1335 unregistered
[403.115s][info][gc,metaspace] GC(2233) Metaspace: 120M used, 123M committed, 1152M reserved
[403.115s][info][gc,ref      ] GC(2233) Soft: 2844 encountered, 1764 discovered, 2 enqueued
[403.115s][info][gc,ref      ] GC(2233) Weak: 13712 encountered, 1612 discovered, 3 enqueued
[403.115s][info][gc,ref      ] GC(2233) Final: 84 encountered, 2 discovered, 0 enqueued
[403.115s][info][gc,ref      ] GC(2233) Phantom: 764 encountered, 656 discovered, 0 enqueued
[403.115s][info][gc,reloc    ] GC(2233) Small Pages: 275 / 550M, Empty: 420M, Relocated: 4M, In-Place: 0
[403.115s][info][gc,reloc    ] GC(2233) Medium Pages: 44 / 1408M, Empty: 0M, Relocated: 15M, In-Place: 0
[403.115s][info][gc,reloc    ] GC(2233) Large Pages: 7 / 56M, Empty: 8M, Relocated: 0M, In-Place: 0
[403.115s][info][gc,reloc    ] GC(2233) Forwarding Usage: 0M
[403.115s][info][gc,heap     ] GC(2233) Min Capacity: 8M(0%)
[403.115s][info][gc,heap     ] GC(2233) Max Capacity: 2048M(100%)
[403.115s][info][gc,heap     ] GC(2233) Soft Max Capacity: 2048M(100%)
[403.115s][info][gc,heap     ] GC(2233)                Mark Start          Mark End        Relocate Start      Relocate End           High               Low         
[403.115s][info][gc,heap     ] GC(2233)  Capacity:     2048M (100%)       2048M (100%)       2048M (100%)       2048M (100%)       2048M (100%)       2048M (100%)   
[403.115s][info][gc,heap     ] GC(2233)      Free:       34M (2%)            0M (0%)          382M (19%)         290M (14%)         388M (19%)           0M (0%)     
[403.115s][info][gc,heap     ] GC(2233)      Used:     2014M (98%)        2048M (100%)       1666M (81%)        1758M (86%)        2048M (100%)       1660M (81%)    
[403.115s][info][gc,heap     ] GC(2233)      Live:         -              1308M (64%)        1308M (64%)        1308M (64%)            -                  -          
[403.115s][info][gc,heap     ] GC(2233) Allocated:         -                34M (2%)           80M (4%)          243M (12%)            -                  -          
[403.115s][info][gc,heap     ] GC(2233)   Garbage:         -               705M (34%)         277M (14%)         205M (10%)            -                  -          
[403.115s][info][gc,heap     ] GC(2233) Reclaimed:         -                  -               428M (21%)         499M (24%)            -                  -          
[403.115s][info][gc          ] GC(2233) Garbage Collection (Allocation Stall) 2014M(98%)->1758M(86%)
[403.137s][info][gc,start    ] GC(2234) Garbage Collection (Allocation Stall)
[403.137s][info][gc,ref      ] GC(2234) Clearing All SoftReferences
[403.137s][info][gc,task     ] GC(2234) Using 12 workers
[403.137s][info][gc,ref      ] GC(2234) Clearing All SoftReferences
[403.137s][info][gc,phases   ] GC(2234) Pause Mark Start 0.047ms
[403.155s][info][gc,phases   ] GC(2234) Concurrent Mark 17.664ms
[403.155s][info][gc,phases   ] GC(2234) Pause Mark End 0.017ms
[403.155s][info][gc,phases   ] GC(2234) Concurrent Mark Free 0.001ms
[403.157s][info][gc,phases   ] GC(2234) Concurrent Process Non-Strong References 2.623ms
[403.157s][info][gc,phases   ] GC(2234) Concurrent Reset Relocation Set 0.003ms
[403.158s][info][gc          ] Allocation Stall (Executor task launch worker for task 35.0 in stage 84.0 (TID 1415)) 20.871ms
[403.158s][info][gc          ] Allocation Stall (Executor task launch worker for task 19.0 in stage 84.0 (TID 1411)) 20.914ms
[403.158s][info][gc          ] Allocation Stall (Executor task launch worker for task 45.0 in stage 84.0 (TID 1418)) 20.526ms
[403.158s][info][gc          ] Allocation Stall (Executor task launch worker for task 3.0 in stage 84.0 (TID 1408)) 20.529ms
[403.158s][info][gc          ] Allocation Stall (Executor task launch worker for task 0.0 in stage 84.0 (TID 1407)) 20.544ms
[403.158s][info][gc          ] Allocation Stall (Executor task launch worker for task 44.0 in stage 84.0 (TID 1417)) 20.541ms
[403.158s][info][gc          ] Allocation Stall (Executor task launch worker for task 42.0 in stage 84.0 (TID 1416)) 20.542ms
[403.158s][info][gc          ] Allocation Stall (Executor task launch worker for task 20.0 in stage 84.0 (TID 1412)) 20.519ms
[403.158s][info][gc          ] Allocation Stall (Executor task launch worker for task 14.0 in stage 84.0 (TID 1410)) 20.525ms
[403.158s][info][gc          ] Allocation Stall (Executor task launch worker for task 30.0 in stage 84.0 (TID 1414)) 20.529ms
[403.158s][info][gc          ] Allocation Stall (Executor task launch worker for task 46.0 in stage 84.0 (TID 1419)) 20.900ms
[403.158s][info][gc          ] Allocation Stall (Executor task launch worker for task 24.0 in stage 84.0 (TID 1413)) 20.528ms
[403.158s][info][gc          ] Allocation Stall (Executor task launch worker for task 11.0 in stage 84.0 (TID 1409)) 20.503ms
[403.162s][info][gc,phases   ] GC(2234) Concurrent Select Relocation Set 4.410ms
[403.170s][info][gc,phases   ] GC(2234) Pause Relocate Start 0.007ms
[403.193s][info][gc,phases   ] GC(2234) Concurrent Relocate 22.396ms
[403.193s][info][gc,load     ] GC(2234) Load: 0.00/0.00/0.00
[403.193s][info][gc,mmu      ] GC(2234) MMU: 2ms/86.2%, 5ms/94.5%, 10ms/97.2%, 20ms/98.6%, 50ms/99.4%, 100ms/99.6%
[403.193s][info][gc,marking  ] GC(2234) Mark: 8 stripe(s), 2 proactive flush(es), 1 terminate flush(es), 0 completion(s), 0 continuation(s) 
[403.193s][info][gc,marking  ] GC(2234) Mark Stack Usage: 32M
[403.193s][info][gc,nmethod  ] GC(2234) NMethods: 8123 registered, 1335 unregistered
[403.193s][info][gc,metaspace] GC(2234) Metaspace: 120M used, 123M committed, 1152M reserved
[403.193s][info][gc,ref      ] GC(2234) Soft: 2842 encountered, 428 discovered, 0 enqueued
[403.193s][info][gc,ref      ] GC(2234) Weak: 13710 encountered, 3210 discovered, 3 enqueued
[403.193s][info][gc,ref      ] GC(2234) Final: 84 encountered, 2 discovered, 0 enqueued
[403.193s][info][gc,ref      ] GC(2234) Phantom: 764 encountered, 578 discovered, 0 enqueued
[403.193s][info][gc,reloc    ] GC(2234) Small Pages: 268 / 536M, Empty: 386M, Relocated: 6M, In-Place: 0
[403.193s][info][gc,reloc    ] GC(2234) Medium Pages: 45 / 1440M, Empty: 0M, Relocated: 24M, In-Place: 0
[403.193s][info][gc,reloc    ] GC(2234) Large Pages: 9 / 72M, Empty: 40M, Relocated: 0M, In-Place: 0
[403.193s][info][gc,reloc    ] GC(2234) Forwarding Usage: 0M
[403.193s][info][gc,heap     ] GC(2234) Min Capacity: 8M(0%)
[403.193s][info][gc,heap     ] GC(2234) Max Capacity: 2048M(100%)
[403.193s][info][gc,heap     ] GC(2234) Soft Max Capacity: 2048M(100%)
[403.193s][info][gc,heap     ] GC(2234)                Mark Start          Mark End        Relocate Start      Relocate End           High               Low         
[403.193s][info][gc,heap     ] GC(2234)  Capacity:     2048M (100%)       2048M (100%)       2048M (100%)       2048M (100%)       2048M (100%)       2048M (100%)   
[403.193s][info][gc,heap     ] GC(2234)      Free:        0M (0%)            0M (0%)          352M (17%)         224M (11%)         404M (20%)           0M (0%)     
[403.193s][info][gc,heap     ] GC(2234)      Used:     2048M (100%)       2048M (100%)       1696M (83%)        1824M (89%)        2048M (100%)       1644M (80%)    
[403.193s][info][gc,heap     ] GC(2234)      Live:         -              1307M (64%)        1307M (64%)        1307M (64%)            -                  -          
[403.193s][info][gc,heap     ] GC(2234) Allocated:         -                 0M (0%)           74M (4%)          335M (16%)            -                  -          
[403.193s][info][gc,heap     ] GC(2234)   Garbage:         -               740M (36%)         314M (15%)         180M (9%)             -                  -          
[403.193s][info][gc,heap     ] GC(2234) Reclaimed:         -                  -               426M (21%)         559M (27%)            -                  -          
[403.193s][info][gc          ] GC(2234) Garbage Collection (Allocation Stall) 2048M(100%)->1824M(89%)
[403.227s][info][gc,start    ] GC(2235) Garbage Collection (Allocation Stall)
[403.227s][info][gc,ref      ] GC(2235) Clearing All SoftReferences
[403.227s][info][gc,task     ] GC(2235) Using 12 workers
[403.228s][info][gc,ref      ] GC(2235) Clearing All SoftReferences
[403.228s][info][gc,phases   ] GC(2235) Pause Mark Start 0.042ms
[403.248s][info][gc,phases   ] GC(2235) Concurrent Mark 20.502ms
[403.248s][info][gc,phases   ] GC(2235) Pause Mark End 0.017ms
[403.248s][info][gc,phases   ] GC(2235) Concurrent Mark Free 0.001ms
[403.251s][info][gc,phases   ] GC(2235) Concurrent Process Non-Strong References 2.399ms
[403.251s][info][gc,phases   ] GC(2235) Concurrent Reset Relocation Set 0.004ms
[403.251s][info][gc          ] Allocation Stall (Executor task launch worker for task 14.0 in stage 84.0 (TID 1410)) 15.455ms
[403.251s][info][gc          ] Allocation Stall (Executor task launch worker for task 24.0 in stage 84.0 (TID 1413)) 23.591ms
[403.251s][info][gc          ] Allocation Stall (Executor task launch worker for task 11.0 in stage 84.0 (TID 1409)) 22.313ms
[403.251s][info][gc          ] Allocation Stall (Executor task launch worker for task 45.0 in stage 84.0 (TID 1418)) 15.382ms
[403.251s][info][gc          ] Allocation Stall (Executor task launch worker for task 20.0 in stage 84.0 (TID 1412)) 15.333ms
[403.251s][info][gc          ] Allocation Stall (Executor task launch worker for task 46.0 in stage 84.0 (TID 1419)) 15.390ms
[403.251s][info][gc          ] Allocation Stall (Executor task launch worker for task 30.0 in stage 84.0 (TID 1414)) 15.316ms
[403.251s][info][gc          ] Allocation Stall (Executor task launch worker for task 3.0 in stage 84.0 (TID 1408)) 15.115ms
[403.251s][info][gc          ] Allocation Stall (Executor task launch worker for task 19.0 in stage 84.0 (TID 1411)) 15.278ms
[403.251s][info][gc          ] Allocation Stall (Executor task launch worker for task 35.0 in stage 84.0 (TID 1415)) 15.310ms
[403.251s][info][gc          ] Allocation Stall (Executor task launch worker for task 0.0 in stage 84.0 (TID 1407)) 15.194ms
[403.251s][info][gc          ] Allocation Stall (Executor task launch worker for task 44.0 in stage 84.0 (TID 1417)) 15.018ms
[403.251s][info][gc          ] Allocation Stall (Executor task launch worker for task 42.0 in stage 84.0 (TID 1416)) 19.334ms
[403.256s][info][gc,phases   ] GC(2235) Concurrent Select Relocation Set 4.657ms
[403.264s][info][gc,phases   ] GC(2235) Pause Relocate Start 0.008ms
[403.266s][info][gc,phases   ] GC(2235) Concurrent Relocate 1.841ms
[403.266s][info][gc,load     ] GC(2235) Load: 0.00/0.00/0.00
[403.266s][info][gc,mmu      ] GC(2235) MMU: 2ms/86.2%, 5ms/94.5%, 10ms/97.2%, 20ms/98.6%, 50ms/99.4%, 100ms/99.6%
[403.266s][info][gc,marking  ] GC(2235) Mark: 8 stripe(s), 2 proactive flush(es), 1 terminate flush(es), 0 completion(s), 0 continuation(s) 
[403.266s][info][gc,marking  ] GC(2235) Mark Stack Usage: 32M
[403.266s][info][gc,nmethod  ] GC(2235) NMethods: 8123 registered, 1335 unregistered
[403.266s][info][gc,metaspace] GC(2235) Metaspace: 120M used, 123M committed, 1152M reserved
[403.266s][info][gc,ref      ] GC(2235) Soft: 2842 encountered, 1523 discovered, 0 enqueued
[403.266s][info][gc,ref      ] GC(2235) Weak: 13708 encountered, 1320 discovered, 1 enqueued
[403.266s][info][gc,ref      ] GC(2235) Final: 84 encountered, 0 discovered, 0 enqueued
[403.266s][info][gc,ref      ] GC(2235) Phantom: 764 encountered, 515 discovered, 0 enqueued
[403.266s][info][gc,reloc    ] GC(2235) Small Pages: 294 / 588M, Empty: 458M, Relocated: 4M, In-Place: 0
[403.266s][info][gc,reloc    ] GC(2235) Medium Pages: 44 / 1408M, Empty: 0M, Relocated: 0M, In-Place: 0
[403.266s][info][gc,reloc    ] GC(2235) Large Pages: 4 / 32M, Empty: 16M, Relocated: 0M, In-Place: 0
[403.266s][info][gc,reloc    ] GC(2235) Forwarding Usage: 0M
[403.266s][info][gc,heap     ] GC(2235) Min Capacity: 8M(0%)
[403.266s][info][gc,heap     ] GC(2235) Max Capacity: 2048M(100%)
[403.266s][info][gc,heap     ] GC(2235) Soft Max Capacity: 2048M(100%)
[403.266s][info][gc,heap     ] GC(2235)                Mark Start          Mark End        Relocate Start      Relocate End           High               Low         
[403.266s][info][gc,heap     ] GC(2235)  Capacity:     2048M (100%)       2048M (100%)       2048M (100%)       2048M (100%)       2048M (100%)       2048M (100%)   
[403.266s][info][gc,heap     ] GC(2235)      Free:       20M (1%)            0M (0%)          408M (20%)         440M (21%)         444M (22%)           0M (0%)     
[403.267s][info][gc,heap     ] GC(2235)      Used:     2028M (99%)        2048M (100%)       1640M (80%)        1608M (79%)        2048M (100%)       1604M (78%)    
[403.267s][info][gc,heap     ] GC(2235)      Live:         -              1306M (64%)        1306M (64%)        1306M (64%)            -                  -          
[403.267s][info][gc,heap     ] GC(2235) Allocated:         -                20M (1%)           86M (4%)           97M (5%)             -                  -          
[403.267s][info][gc,heap     ] GC(2235)   Garbage:         -               721M (35%)         247M (12%)         203M (10%)            -                  -          
[403.267s][info][gc,heap     ] GC(2235) Reclaimed:         -                  -               474M (23%)         517M (25%)            -                  -          
[403.267s][info][gc          ] GC(2235) Garbage Collection (Allocation Stall) 2028M(99%)->1608M(79%)
[403.308s][info][gc,start    ] GC(2236) Garbage Collection (Allocation Stall)
[403.308s][info][gc,ref      ] GC(2236) Clearing All SoftReferences
[403.308s][info][gc,task     ] GC(2236) Using 12 workers
[403.308s][info][gc,ref      ] GC(2236) Clearing All SoftReferences
[403.308s][info][gc,phases   ] GC(2236) Pause Mark Start 0.042ms
[403.308s][info][gc          ] Allocation Stall (Executor task launch worker for task 24.0 in stage 84.0 (TID 1413)) 0.584ms
[403.308s][info][gc          ] Allocation Stall (Executor task launch worker for task 35.0 in stage 84.0 (TID 1415)) 0.672ms
[403.308s][info][gc          ] Allocation Stall (Executor task launch worker for task 20.0 in stage 84.0 (TID 1412)) 0.682ms
[403.308s][info][gc          ] Allocation Stall (Executor task launch worker for task 3.0 in stage 84.0 (TID 1408)) 0.672ms
[403.308s][info][gc          ] Allocation Stall (Executor task launch worker for task 46.0 in stage 84.0 (TID 1419)) 0.021ms
[403.308s][info][gc          ] Allocation Stall (Executor task launch worker for task 45.0 in stage 84.0 (TID 1418)) 0.049ms
[403.336s][info][gc,phases   ] GC(2236) Concurrent Mark 27.624ms
[403.336s][info][gc,phases   ] GC(2236) Pause Mark End 0.018ms
[403.336s][info][gc,phases   ] GC(2236) Concurrent Mark Free 0.001ms
[403.339s][info][gc,phases   ] GC(2236) Concurrent Process Non-Strong References 2.994ms
[403.339s][info][gc,phases   ] GC(2236) Concurrent Reset Relocation Set 0.003ms
[403.339s][info][gc          ] Allocation Stall (Executor task launch worker for task 35.0 in stage 84.0 (TID 1415)) 28.102ms
[403.339s][info][gc          ] Allocation Stall (Executor task launch worker for task 20.0 in stage 84.0 (TID 1412)) 28.188ms
[403.339s][info][gc          ] Allocation Stall (Executor task launch worker for task 11.0 in stage 84.0 (TID 1409)) 30.725ms
[403.339s][info][gc          ] Allocation Stall (Executor task launch worker for task 0.0 in stage 84.0 (TID 1407)) 27.808ms
[403.339s][info][gc          ] Allocation Stall (Executor task launch worker for task 46.0 in stage 84.0 (TID 1419)) 28.011ms
[403.339s][info][gc          ] Allocation Stall (Executor task launch worker for task 42.0 in stage 84.0 (TID 1416)) 28.195ms
[403.339s][info][gc          ] Allocation Stall (Executor task launch worker for task 3.0 in stage 84.0 (TID 1408)) 28.079ms
[403.339s][info][gc          ] Allocation Stall (Executor task launch worker for task 44.0 in stage 84.0 (TID 1417)) 27.812ms
[403.339s][info][gc          ] Allocation Stall (Executor task launch worker for task 14.0 in stage 84.0 (TID 1410)) 28.054ms
[403.339s][info][gc          ] Allocation Stall (Executor task launch worker for task 30.0 in stage 84.0 (TID 1414)) 28.177ms
[403.339s][info][gc          ] Allocation Stall (Executor task launch worker for task 19.0 in stage 84.0 (TID 1411)) 28.163ms
[403.339s][info][gc          ] Allocation Stall (Spark Context Cleaner) 21.357ms
[403.339s][info][gc          ] Allocation Stall (Executor task launch worker for task 24.0 in stage 84.0 (TID 1413)) 28.038ms
[403.339s][info][gc          ] Allocation Stall (Executor task launch worker for task 45.0 in stage 84.0 (TID 1418)) 27.606ms
[403.343s][info][gc,phases   ] GC(2236) Concurrent Select Relocation Set 3.775ms
[403.352s][info][gc,phases   ] GC(2236) Pause Relocate Start 0.009ms
[403.372s][info][gc,phases   ] GC(2236) Concurrent Relocate 20.628ms
[403.372s][info][gc,load     ] GC(2236) Load: 0.00/0.00/0.00
[403.372s][info][gc,mmu      ] GC(2236) MMU: 2ms/86.2%, 5ms/94.5%, 10ms/97.2%, 20ms/98.6%, 50ms/99.4%, 100ms/99.6%
[403.372s][info][gc,marking  ] GC(2236) Mark: 8 stripe(s), 2 proactive flush(es), 1 terminate flush(es), 0 completion(s), 0 continuation(s) 
[403.372s][info][gc,marking  ] GC(2236) Mark Stack Usage: 32M
[403.372s][info][gc,nmethod  ] GC(2236) NMethods: 8123 registered, 1335 unregistered
[403.372s][info][gc,metaspace] GC(2236) Metaspace: 120M used, 123M committed, 1152M reserved
[403.372s][info][gc,ref      ] GC(2236) Soft: 2842 encountered, 720 discovered, 0 enqueued
[403.373s][info][gc,ref      ] GC(2236) Weak: 13708 encountered, 1996 discovered, 2 enqueued
[403.373s][info][gc,ref      ] GC(2236) Final: 84 encountered, 0 discovered, 0 enqueued
[403.373s][info][gc,ref      ] GC(2236) Phantom: 764 encountered, 513 discovered, 0 enqueued
[403.373s][info][gc,reloc    ] GC(2236) Small Pages: 263 / 526M, Empty: 384M, Relocated: 4M, In-Place: 0
[403.373s][info][gc,reloc    ] GC(2236) Medium Pages: 46 / 1472M, Empty: 0M, Relocated: 26M, In-Place: 0
[403.373s][info][gc,reloc    ] GC(2236) Large Pages: 5 / 40M, Empty: 16M, Relocated: 0M, In-Place: 0
[403.373s][info][gc,reloc    ] GC(2236) Forwarding Usage: 0M
[403.373s][info][gc,heap     ] GC(2236) Min Capacity: 8M(0%)
[403.373s][info][gc,heap     ] GC(2236) Max Capacity: 2048M(100%)
[403.373s][info][gc,heap     ] GC(2236) Soft Max Capacity: 2048M(100%)
[403.373s][info][gc,heap     ] GC(2236)                Mark Start          Mark End        Relocate Start      Relocate End           High               Low         
[403.373s][info][gc,heap     ] GC(2236)  Capacity:     2048M (100%)       2048M (100%)       2048M (100%)       2048M (100%)       2048M (100%)       2048M (100%)   
[403.373s][info][gc,heap     ] GC(2236)      Free:        2M (0%)            0M (0%)          344M (17%)         284M (14%)         362M (18%)           0M (0%)     
[403.373s][info][gc,heap     ] GC(2236)      Used:     2046M (100%)       2048M (100%)       1704M (83%)        1764M (86%)        2048M (100%)       1686M (82%)    
[403.373s][info][gc,heap     ] GC(2236)      Live:         -              1322M (65%)        1322M (65%)        1322M (65%)            -                  -          
[403.373s][info][gc,heap     ] GC(2236) Allocated:         -                 2M (0%)           58M (3%)          237M (12%)            -                  -          
[403.373s][info][gc,heap     ] GC(2236)   Garbage:         -               723M (35%)         323M (16%)         203M (10%)            -                  -          
[403.373s][info][gc,heap     ] GC(2236) Reclaimed:         -                  -               400M (20%)         519M (25%)            -                  -          
[403.373s][info][gc          ] GC(2236) Garbage Collection (Allocation Stall) 2046M(100%)->1764M(86%)
[403.410s][info][gc,start    ] GC(2237) Garbage Collection (Allocation Stall)
[403.410s][info][gc,ref      ] GC(2237) Clearing All SoftReferences
[403.410s][info][gc,task     ] GC(2237) Using 12 workers
[403.411s][info][gc,ref      ] GC(2237) Clearing All SoftReferences
[403.411s][info][gc,phases   ] GC(2237) Pause Mark Start 0.044ms
[403.411s][info][gc          ] Allocation Stall (Executor task launch worker for task 42.0 in stage 84.0 (TID 1416)) 0.555ms
[403.430s][info][gc,phases   ] GC(2237) Concurrent Mark 18.676ms
[403.430s][info][gc,phases   ] GC(2237) Pause Mark End 0.018ms
[403.430s][info][gc,phases   ] GC(2237) Concurrent Mark Free 0.000ms
[403.432s][info][gc,phases   ] GC(2237) Concurrent Process Non-Strong References 2.350ms
[403.432s][info][gc,phases   ] GC(2237) Concurrent Reset Relocation Set 0.005ms
[403.432s][info][gc          ] Allocation Stall (Executor task launch worker for task 14.0 in stage 84.0 (TID 1410)) 18.779ms
[403.432s][info][gc          ] Allocation Stall (Executor task launch worker for task 3.0 in stage 84.0 (TID 1408)) 18.402ms
[403.432s][info][gc          ] Allocation Stall (Executor task launch worker for task 30.0 in stage 84.0 (TID 1414)) 18.426ms
[403.432s][info][gc          ] Allocation Stall (Executor task launch worker for task 19.0 in stage 84.0 (TID 1411)) 18.369ms
[403.432s][info][gc          ] Allocation Stall (Executor task launch worker for task 11.0 in stage 84.0 (TID 1409)) 18.479ms
[403.432s][info][gc          ] Allocation Stall (Executor task launch worker for task 0.0 in stage 84.0 (TID 1407)) 18.761ms
[403.432s][info][gc          ] Allocation Stall (Executor task launch worker for task 44.0 in stage 84.0 (TID 1417)) 18.597ms
[403.432s][info][gc          ] Allocation Stall (Executor task launch worker for task 45.0 in stage 84.0 (TID 1418)) 18.189ms
[403.432s][info][gc          ] Allocation Stall (Executor task launch worker for task 35.0 in stage 84.0 (TID 1415)) 18.371ms
[403.432s][info][gc          ] Allocation Stall (Executor task launch worker for task 20.0 in stage 84.0 (TID 1412)) 18.450ms
[403.432s][info][gc          ] Allocation Stall (Executor task launch worker for task 24.0 in stage 84.0 (TID 1413)) 18.179ms
[403.432s][info][gc          ] Allocation Stall (Executor task launch worker for task 42.0 in stage 84.0 (TID 1416)) 18.207ms
[403.432s][info][gc          ] Allocation Stall (Executor task launch worker for task 46.0 in stage 84.0 (TID 1419)) 18.301ms
[403.440s][info][gc,phases   ] GC(2237) Concurrent Select Relocation Set 7.541ms
[403.440s][info][gc,phases   ] GC(2237) Pause Relocate Start 0.007ms
[403.484s][info][gc          ] Allocation Stall (Executor task launch worker for task 11.0 in stage 84.0 (TID 1409)) 2.930ms
[403.484s][info][gc          ] Allocation Stall (Executor task launch worker for task 3.0 in stage 84.0 (TID 1408)) 3.677ms
[403.484s][info][gc          ] Allocation Stall (Executor task launch worker for task 35.0 in stage 84.0 (TID 1415)) 3.948ms
[403.484s][info][gc          ] Allocation Stall (Executor task launch worker for task 44.0 in stage 84.0 (TID 1417)) 2.370ms
[403.484s][info][gc          ] Allocation Stall (Executor task launch worker for task 19.0 in stage 84.0 (TID 1411)) 2.952ms
[403.484s][info][gc          ] Allocation Stall (Executor task launch worker for task 0.0 in stage 84.0 (TID 1407)) 2.261ms
[403.484s][info][gc          ] Allocation Stall (Executor task launch worker for task 45.0 in stage 84.0 (TID 1418)) 3.689ms
[403.484s][info][gc          ] Allocation Stall (Executor task launch worker for task 46.0 in stage 84.0 (TID 1419)) 4.009ms
[403.484s][info][gc          ] Allocation Stall (Executor task launch worker for task 42.0 in stage 84.0 (TID 1416)) 2.397ms
[403.484s][info][gc          ] Allocation Stall (Executor task launch worker for task 30.0 in stage 84.0 (TID 1414)) 2.354ms
[403.484s][info][gc          ] Allocation Stall (Executor task launch worker for task 24.0 in stage 84.0 (TID 1413)) 2.963ms
[403.484s][info][gc          ] Allocation Stall (Executor task launch worker for task 14.0 in stage 84.0 (TID 1410)) 2.454ms
[403.484s][info][gc          ] Allocation Stall (Executor task launch worker for task 20.0 in stage 84.0 (TID 1412)) 2.387ms
[403.488s][info][gc,phases   ] GC(2237) Concurrent Relocate 48.222ms
[403.488s][info][gc,load     ] GC(2237) Load: 0.00/0.00/0.00
[403.488s][info][gc,mmu      ] GC(2237) MMU: 2ms/86.2%, 5ms/94.5%, 10ms/97.2%, 20ms/98.6%, 50ms/99.4%, 100ms/99.6%
[403.488s][info][gc,marking  ] GC(2237) Mark: 8 stripe(s), 2 proactive flush(es), 1 terminate flush(es), 0 completion(s), 0 continuation(s) 
[403.488s][info][gc,marking  ] GC(2237) Mark Stack Usage: 32M
[403.488s][info][gc,nmethod  ] GC(2237) NMethods: 8123 registered, 1335 unregistered
[403.488s][info][gc,metaspace] GC(2237) Metaspace: 120M used, 123M committed, 1152M reserved
[403.488s][info][gc,ref      ] GC(2237) Soft: 2842 encountered, 628 discovered, 0 enqueued
[403.488s][info][gc,ref      ] GC(2237) Weak: 13708 encountered, 1608 discovered, 1 enqueued
[403.488s][info][gc,ref      ] GC(2237) Final: 84 encountered, 0 discovered, 0 enqueued
[403.488s][info][gc,ref      ] GC(2237) Phantom: 764 encountered, 430 discovered, 0 enqueued
[403.488s][info][gc,reloc    ] GC(2237) Small Pages: 264 / 528M, Empty: 404M, Relocated: 5M, In-Place: 0
[403.488s][info][gc,reloc    ] GC(2237) Medium Pages: 46 / 1472M, Empty: 0M, Relocated: 80M, In-Place: 0
[403.488s][info][gc,reloc    ] GC(2237) Large Pages: 5 / 40M, Empty: 16M, Relocated: 0M, In-Place: 0
[403.488s][info][gc,reloc    ] GC(2237) Forwarding Usage: 0M
[403.488s][info][gc,heap     ] GC(2237) Min Capacity: 8M(0%)
[403.488s][info][gc,heap     ] GC(2237) Max Capacity: 2048M(100%)
[403.488s][info][gc,heap     ] GC(2237) Soft Max Capacity: 2048M(100%)
[403.488s][info][gc,heap     ] GC(2237)                Mark Start          Mark End        Relocate Start      Relocate End           High               Low         
[403.488s][info][gc,heap     ] GC(2237)  Capacity:     2048M (100%)       2048M (100%)       2048M (100%)       2048M (100%)       2048M (100%)       2048M (100%)   
[403.488s][info][gc,heap     ] GC(2237)      Free:        6M (0%)            0M (0%)          330M (16%)          54M (3%)          380M (19%)           0M (0%)     
[403.488s][info][gc,heap     ] GC(2237)      Used:     2042M (100%)       2048M (100%)       1718M (84%)        1994M (97%)        2048M (100%)       1668M (81%)    
[403.488s][info][gc,heap     ] GC(2237)      Live:         -              1331M (65%)        1331M (65%)        1331M (65%)            -                  -          
[403.488s][info][gc,heap     ] GC(2237) Allocated:         -                 6M (0%)           96M (5%)          490M (24%)            -                  -          
[403.488s][info][gc,heap     ] GC(2237)   Garbage:         -               710M (35%)         290M (14%)         171M (8%)             -                  -          
[403.488s][info][gc,heap     ] GC(2237) Reclaimed:         -                  -               420M (21%)         538M (26%)            -                  -          
[403.488s][info][gc          ] GC(2237) Garbage Collection (Allocation Stall) 2042M(100%)->1994M(97%)
[403.502s][info][gc,start    ] GC(2238) Garbage Collection (Allocation Stall)
[403.503s][info][gc,ref      ] GC(2238) Clearing All SoftReferences
[403.503s][info][gc,task     ] GC(2238) Using 12 workers
[403.503s][info][gc,ref      ] GC(2238) Clearing All SoftReferences
[403.503s][info][gc,phases   ] GC(2238) Pause Mark Start 0.039ms
[403.503s][info][gc          ] Allocation Stall (Executor task launch worker for task 44.0 in stage 84.0 (TID 1417)) 0.298ms
[403.503s][info][gc          ] Allocation Stall (Executor task launch worker for task 45.0 in stage 84.0 (TID 1418)) 0.393ms
[403.503s][info][gc          ] Allocation Stall (Executor task launch worker for task 35.0 in stage 84.0 (TID 1415)) 0.384ms
[403.530s][info][gc,phases   ] GC(2238) Concurrent Mark 27.493ms
[403.530s][info][gc,phases   ] GC(2238) Pause Mark End 0.023ms
[403.531s][info][gc,phases   ] GC(2238) Concurrent Mark Free 0.001ms
[403.533s][info][gc,phases   ] GC(2238) Concurrent Process Non-Strong References 2.888ms
[403.533s][info][gc,phases   ] GC(2238) Concurrent Reset Relocation Set 0.005ms
[403.534s][info][gc          ] Allocation Stall (Executor task launch worker for task 46.0 in stage 84.0 (TID 1419)) 25.505ms
[403.534s][info][gc          ] Allocation Stall (Executor task launch worker for task 45.0 in stage 84.0 (TID 1418)) 25.669ms
[403.534s][info][gc          ] Allocation Stall (Executor task launch worker for task 14.0 in stage 84.0 (TID 1410)) 26.043ms
[403.534s][info][gc          ] Allocation Stall (Executor task launch worker for task 44.0 in stage 84.0 (TID 1417)) 25.650ms
[403.534s][info][gc          ] Allocation Stall (Executor task launch worker for task 42.0 in stage 84.0 (TID 1416)) 27.115ms
[403.534s][info][gc          ] Allocation Stall (Executor task launch worker for task 11.0 in stage 84.0 (TID 1409)) 25.378ms
[403.534s][info][gc          ] Allocation Stall (Executor task launch worker for task 35.0 in stage 84.0 (TID 1415)) 26.224ms
[403.534s][info][gc          ] Allocation Stall (Executor task launch worker for task 20.0 in stage 84.0 (TID 1412)) 25.427ms
[403.534s][info][gc          ] Allocation Stall (Executor task launch worker for task 24.0 in stage 84.0 (TID 1413)) 25.431ms
[403.534s][info][gc          ] Allocation Stall (Executor task launch worker for task 3.0 in stage 84.0 (TID 1408)) 26.301ms
[403.534s][info][gc          ] Allocation Stall (Executor task launch worker for task 30.0 in stage 84.0 (TID 1414)) 25.412ms
[403.534s][info][gc          ] Allocation Stall (Executor task launch worker for task 0.0 in stage 84.0 (TID 1407)) 25.578ms
[403.534s][info][gc          ] Allocation Stall (Executor task launch worker for task 19.0 in stage 84.0 (TID 1411)) 25.440ms
[403.539s][info][gc,phases   ] GC(2238) Concurrent Select Relocation Set 5.827ms
[403.540s][info][gc,phases   ] GC(2238) Pause Relocate Start 0.009ms
[403.552s][info][gc,phases   ] GC(2238) Concurrent Relocate 12.079ms
[403.552s][info][gc,load     ] GC(2238) Load: 0.00/0.00/0.00
[403.552s][info][gc,mmu      ] GC(2238) MMU: 2ms/86.2%, 5ms/94.5%, 10ms/97.2%, 20ms/98.6%, 50ms/99.4%, 100ms/99.6%
[403.552s][info][gc,marking  ] GC(2238) Mark: 8 stripe(s), 2 proactive flush(es), 1 terminate flush(es), 0 completion(s), 0 continuation(s) 
[403.552s][info][gc,marking  ] GC(2238) Mark Stack Usage: 32M
[403.552s][info][gc,nmethod  ] GC(2238) NMethods: 8123 registered, 1335 unregistered
[403.552s][info][gc,metaspace] GC(2238) Metaspace: 120M used, 123M committed, 1152M reserved
[403.552s][info][gc,ref      ] GC(2238) Soft: 2842 encountered, 1376 discovered, 0 enqueued
[403.552s][info][gc,ref      ] GC(2238) Weak: 13708 encountered, 2226 discovered, 1 enqueued
[403.552s][info][gc,ref      ] GC(2238) Final: 84 encountered, 0 discovered, 0 enqueued
[403.552s][info][gc,ref      ] GC(2238) Phantom: 764 encountered, 481 discovered, 0 enqueued
[403.552s][info][gc,reloc    ] GC(2238) Small Pages: 263 / 526M, Empty: 394M, Relocated: 6M, In-Place: 0
[403.552s][info][gc,reloc    ] GC(2238) Medium Pages: 46 / 1472M, Empty: 0M, Relocated: 16M, In-Place: 0
[403.552s][info][gc,reloc    ] GC(2238) Large Pages: 5 / 40M, Empty: 24M, Relocated: 0M, In-Place: 0
[403.552s][info][gc,reloc    ] GC(2238) Forwarding Usage: 0M
[403.553s][info][gc,heap     ] GC(2238) Min Capacity: 8M(0%)
[403.553s][info][gc,heap     ] GC(2238) Max Capacity: 2048M(100%)
[403.553s][info][gc,heap     ] GC(2238) Soft Max Capacity: 2048M(100%)
[403.553s][info][gc,heap     ] GC(2238)                Mark Start          Mark End        Relocate Start      Relocate End           High               Low         
[403.553s][info][gc,heap     ] GC(2238)  Capacity:     2048M (100%)       2048M (100%)       2048M (100%)       2048M (100%)       2048M (100%)       2048M (100%)   
[403.553s][info][gc,heap     ] GC(2238)      Free:        4M (0%)            0M (0%)          290M (14%)         260M (13%)         368M (18%)           0M (0%)     
[403.553s][info][gc,heap     ] GC(2238)      Used:     2044M (100%)       2048M (100%)       1758M (86%)        1788M (87%)        2048M (100%)       1680M (82%)    
[403.553s][info][gc,heap     ] GC(2238)      Live:         -              1337M (65%)        1337M (65%)        1337M (65%)            -                  -          
[403.553s][info][gc,heap     ] GC(2238) Allocated:         -                 4M (0%)          132M (6%)          232M (11%)            -                  -          
[403.553s][info][gc,heap     ] GC(2238)   Garbage:         -               706M (35%)         288M (14%)         217M (11%)            -                  -          
[403.553s][info][gc,heap     ] GC(2238) Reclaimed:         -                  -               418M (20%)         488M (24%)            -                  -          
[403.553s][info][gc          ] GC(2238) Garbage Collection (Allocation Stall) 2044M(100%)->1788M(87%)
[403.585s][info][gc,start    ] GC(2239) Garbage Collection (Allocation Stall)
[403.585s][info][gc,ref      ] GC(2239) Clearing All SoftReferences
[403.585s][info][gc,task     ] GC(2239) Using 12 workers
[403.585s][info][gc,ref      ] GC(2239) Clearing All SoftReferences
[403.585s][info][gc,phases   ] GC(2239) Pause Mark Start 0.044ms
[403.585s][info][gc          ] Allocation Stall (Executor task launch worker for task 46.0 in stage 84.0 (TID 1419)) 0.362ms
[403.585s][info][gc          ] Allocation Stall (Executor task launch worker for task 45.0 in stage 84.0 (TID 1418)) 0.324ms
[403.585s][info][gc          ] Allocation Stall (Executor task launch worker for task 35.0 in stage 84.0 (TID 1415)) 0.073ms
[403.585s][info][gc          ] Allocation Stall (Executor task launch worker for task 19.0 in stage 84.0 (TID 1411)) 0.107ms
[403.585s][info][gc          ] Allocation Stall (Executor task launch worker for task 44.0 in stage 84.0 (TID 1417)) 0.160ms
[403.585s][info][gc          ] Allocation Stall (Executor task launch worker for task 42.0 in stage 84.0 (TID 1416)) 0.200ms
[403.586s][info][gc          ] Allocation Stall (Executor task launch worker for task 30.0 in stage 84.0 (TID 1414)) 0.233ms
[403.586s][info][gc          ] Allocation Stall (Executor task launch worker for task 20.0 in stage 84.0 (TID 1412)) 0.271ms
[403.608s][info][gc,phases   ] GC(2239) Concurrent Mark 23.174ms
[403.609s][info][gc,phases   ] GC(2239) Pause Mark End 0.020ms
[403.609s][info][gc,phases   ] GC(2239) Concurrent Mark Free 0.001ms
[403.611s][info][gc,phases   ] GC(2239) Concurrent Process Non-Strong References 2.688ms
[403.611s][info][gc,phases   ] GC(2239) Concurrent Reset Relocation Set 0.005ms
[403.611s][info][gc          ] Allocation Stall (Executor task launch worker for task 44.0 in stage 84.0 (TID 1417)) 24.992ms
[403.611s][info][gc          ] Allocation Stall (Executor task launch worker for task 19.0 in stage 84.0 (TID 1411)) 24.431ms
[403.611s][info][gc          ] Allocation Stall (Executor task launch worker for task 20.0 in stage 84.0 (TID 1412)) 24.593ms
[403.611s][info][gc          ] Allocation Stall (Executor task launch worker for task 24.0 in stage 84.0 (TID 1413)) 26.127ms
[403.611s][info][gc          ] Allocation Stall (Executor task launch worker for task 3.0 in stage 84.0 (TID 1408)) 26.131ms
[403.611s][info][gc          ] Allocation Stall (Executor task launch worker for task 46.0 in stage 84.0 (TID 1419)) 24.605ms
[403.611s][info][gc          ] Allocation Stall (Executor task launch worker for task 45.0 in stage 84.0 (TID 1418)) 24.393ms
[403.611s][info][gc          ] Allocation Stall (Executor task launch worker for task 14.0 in stage 84.0 (TID 1410)) 26.136ms
[403.611s][info][gc          ] Allocation Stall (Executor task launch worker for task 42.0 in stage 84.0 (TID 1416)) 25.020ms
[403.611s][info][gc          ] Allocation Stall (Executor task launch worker for task 11.0 in stage 84.0 (TID 1409)) 24.563ms
[403.611s][info][gc          ] Allocation Stall (Executor task launch worker for task 0.0 in stage 84.0 (TID 1407)) 24.624ms
[403.611s][info][gc          ] Allocation Stall (Executor task launch worker for task 35.0 in stage 84.0 (TID 1415)) 24.434ms
[403.611s][info][gc          ] Allocation Stall (Executor task launch worker for task 30.0 in stage 84.0 (TID 1414)) 24.441ms
[403.615s][info][gc,phases   ] GC(2239) Concurrent Select Relocation Set 3.363ms
[403.624s][info][gc,phases   ] GC(2239) Pause Relocate Start 0.008ms
[403.639s][info][gc,phases   ] GC(2239) Concurrent Relocate 14.416ms
[403.639s][info][gc,load     ] GC(2239) Load: 0.00/0.00/0.00
[403.639s][info][gc,mmu      ] GC(2239) MMU: 2ms/86.2%, 5ms/94.5%, 10ms/97.2%, 20ms/98.6%, 50ms/99.4%, 100ms/99.6%
[403.639s][info][gc,marking  ] GC(2239) Mark: 8 stripe(s), 2 proactive flush(es), 1 terminate flush(es), 0 completion(s), 0 continuation(s) 
[403.639s][info][gc,marking  ] GC(2239) Mark Stack Usage: 32M
[403.639s][info][gc,nmethod  ] GC(2239) NMethods: 8123 registered, 1335 unregistered
[403.639s][info][gc,metaspace] GC(2239) Metaspace: 120M used, 123M committed, 1152M reserved
[403.639s][info][gc,ref      ] GC(2239) Soft: 2842 encountered, 2207 discovered, 0 enqueued
[403.639s][info][gc,ref      ] GC(2239) Weak: 13705 encountered, 1208 discovered, 1 enqueued
[403.639s][info][gc,ref      ] GC(2239) Final: 84 encountered, 0 discovered, 0 enqueued
[403.639s][info][gc,ref      ] GC(2239) Phantom: 764 encountered, 497 discovered, 0 enqueued
[403.639s][info][gc,reloc    ] GC(2239) Small Pages: 266 / 532M, Empty: 412M, Relocated: 5M, In-Place: 0
[403.639s][info][gc,reloc    ] GC(2239) Medium Pages: 46 / 1472M, Empty: 0M, Relocated: 20M, In-Place: 0
[403.639s][info][gc,reloc    ] GC(2239) Large Pages: 5 / 40M, Empty: 8M, Relocated: 0M, In-Place: 0
[403.639s][info][gc,reloc    ] GC(2239) Forwarding Usage: 0M
[403.639s][info][gc,heap     ] GC(2239) Min Capacity: 8M(0%)
[403.639s][info][gc,heap     ] GC(2239) Max Capacity: 2048M(100%)
[403.639s][info][gc,heap     ] GC(2239) Soft Max Capacity: 2048M(100%)
[403.639s][info][gc,heap     ] GC(2239)                Mark Start          Mark End        Relocate Start      Relocate End           High               Low         
[403.639s][info][gc,heap     ] GC(2239)  Capacity:     2048M (100%)       2048M (100%)       2048M (100%)       2048M (100%)       2048M (100%)       2048M (100%)   
[403.639s][info][gc,heap     ] GC(2239)      Free:        0M (0%)            0M (0%)          348M (17%)         304M (15%)         378M (18%)           0M (0%)     
[403.639s][info][gc,heap     ] GC(2239)      Used:     2048M (100%)       2048M (100%)       1700M (83%)        1744M (85%)        2048M (100%)       1670M (82%)    
[403.639s][info][gc,heap     ] GC(2239)      Live:         -              1354M (66%)        1354M (66%)        1354M (66%)            -                  -          
[403.639s][info][gc,heap     ] GC(2239) Allocated:         -                 0M (0%)           72M (4%)          173M (8%)             -                  -          
[403.639s][info][gc,heap     ] GC(2239)   Garbage:         -               693M (34%)         273M (13%)         216M (11%)            -                  -          
[403.639s][info][gc,heap     ] GC(2239) Reclaimed:         -                  -               420M (21%)         477M (23%)            -                  -          
[403.639s][info][gc          ] GC(2239) Garbage Collection (Allocation Stall) 2048M(100%)->1744M(85%)
[403.640s][info][gc,start    ] GC(2240) Garbage Collection (Allocation Stall)
[403.640s][info][gc,ref      ] GC(2240) Clearing All SoftReferences
[403.640s][info][gc,task     ] GC(2240) Using 12 workers
[403.640s][info][gc,ref      ] GC(2240) Clearing All SoftReferences
[403.640s][info][gc,phases   ] GC(2240) Pause Mark Start 0.027ms
[403.669s][info][gc          ] Allocation Stall (Executor task launch worker for task 42.0 in stage 84.0 (TID 1416)) 0.115ms
[403.671s][info][gc,phases   ] GC(2240) Concurrent Mark 30.953ms
[403.671s][info][gc,phases   ] GC(2240) Pause Mark End 0.025ms
[403.671s][info][gc,phases   ] GC(2240) Concurrent Mark Free 0.001ms
[403.674s][info][gc,phases   ] GC(2240) Concurrent Process Non-Strong References 3.305ms
[403.675s][info][gc,phases   ] GC(2240) Concurrent Reset Relocation Set 0.004ms
[403.675s][info][gc          ] Allocation Stall (Executor task launch worker for task 45.0 in stage 84.0 (TID 1418)) 0.067ms
[403.675s][info][gc          ] Allocation Stall (Executor task launch worker for task 3.0 in stage 84.0 (TID 1408)) 0.065ms
[403.681s][info][gc,phases   ] GC(2240) Concurrent Select Relocation Set 6.153ms
[403.681s][info][gc,phases   ] GC(2240) Pause Relocate Start 0.008ms
[403.691s][info][gc          ] Allocation Stall (Executor task launch worker for task 14.0 in stage 84.0 (TID 1410)) 9.706ms
[403.692s][info][gc          ] Allocation Stall (Executor task launch worker for task 3.0 in stage 84.0 (TID 1408)) 9.639ms
[403.692s][info][gc,phases   ] GC(2240) Concurrent Relocate 11.073ms
[403.692s][info][gc          ] Allocation Stall (Executor task launch worker for task 11.0 in stage 84.0 (TID 1409)) 8.929ms
[403.692s][info][gc,load     ] GC(2240) Load: 0.00/0.00/0.00
[403.692s][info][gc,mmu      ] GC(2240) MMU: 2ms/86.2%, 5ms/94.5%, 10ms/97.2%, 20ms/98.6%, 50ms/99.4%, 100ms/99.6%
[403.692s][info][gc,marking  ] GC(2240) Mark: 8 stripe(s), 2 proactive flush(es), 1 terminate flush(es), 0 completion(s), 0 continuation(s) 
[403.692s][info][gc          ] Allocation Stall (Executor task launch worker for task 24.0 in stage 84.0 (TID 1413)) 8.771ms
[403.692s][info][gc          ] Allocation Stall (Executor task launch worker for task 0.0 in stage 84.0 (TID 1407)) 8.725ms
[403.692s][info][gc          ] Allocation Stall (Executor task launch worker for task 42.0 in stage 84.0 (TID 1416)) 8.708ms
[403.692s][info][gc          ] Allocation Stall (Executor task launch worker for task 44.0 in stage 84.0 (TID 1417)) 8.881ms
[403.692s][info][gc          ] Allocation Stall (Executor task launch worker for task 35.0 in stage 84.0 (TID 1415)) 8.797ms
[403.692s][info][gc          ] Allocation Stall (Executor task launch worker for task 46.0 in stage 84.0 (TID 1419)) 8.850ms
[403.692s][info][gc          ] Allocation Stall (Executor task launch worker for task 20.0 in stage 84.0 (TID 1412)) 8.852ms
[403.692s][info][gc          ] Allocation Stall (Executor task launch worker for task 19.0 in stage 84.0 (TID 1411)) 8.694ms
[403.692s][info][gc          ] Allocation Stall (Executor task launch worker for task 30.0 in stage 84.0 (TID 1414)) 8.818ms
[403.692s][info][gc          ] Allocation Stall (Executor task launch worker for task 45.0 in stage 84.0 (TID 1418)) 8.813ms
[403.692s][info][gc,marking  ] GC(2240) Mark Stack Usage: 32M
[403.692s][info][gc,nmethod  ] GC(2240) NMethods: 8123 registered, 1335 unregistered
[403.692s][info][gc,metaspace] GC(2240) Metaspace: 120M used, 123M committed, 1152M reserved
[403.692s][info][gc,ref      ] GC(2240) Soft: 2842 encountered, 643 discovered, 0 enqueued
[403.693s][info][gc,ref      ] GC(2240) Weak: 13705 encountered, 1408 discovered, 0 enqueued
[403.693s][info][gc,ref      ] GC(2240) Final: 84 encountered, 74 discovered, 0 enqueued
[403.693s][info][gc,ref      ] GC(2240) Phantom: 764 encountered, 505 discovered, 0 enqueued
[403.693s][info][gc,reloc    ] GC(2240) Small Pages: 121 / 242M, Empty: 134M, Relocated: 4M, In-Place: 10
[403.693s][info][gc,reloc    ] GC(2240) Medium Pages: 46 / 1472M, Empty: 0M, Relocated: 22M, In-Place: 0
[403.693s][info][gc,reloc    ] GC(2240) Large Pages: 6 / 48M, Empty: 8M, Relocated: 0M, In-Place: 0
[403.693s][info][gc,reloc    ] GC(2240) Forwarding Usage: 0M
[403.693s][info][gc,heap     ] GC(2240) Min Capacity: 8M(0%)
[403.693s][info][gc,heap     ] GC(2240) Max Capacity: 2048M(100%)
[403.693s][info][gc,heap     ] GC(2240) Soft Max Capacity: 2048M(100%)
[403.693s][info][gc,heap     ] GC(2240)                Mark Start          Mark End        Relocate Start      Relocate End           High               Low         
[403.693s][info][gc,heap     ] GC(2240)  Capacity:     2048M (100%)       2048M (100%)       2048M (100%)       2048M (100%)       2048M (100%)       2048M (100%)   
[403.693s][info][gc,heap     ] GC(2240)      Free:      286M (14%)          16M (1%)           32M (2%)            0M (0%)          286M (14%)           0M (0%)     
[403.693s][info][gc,heap     ] GC(2240)      Used:     1762M (86%)        2032M (99%)        2016M (98%)        2048M (100%)       2048M (100%)       1762M (86%)    
[403.693s][info][gc,heap     ] GC(2240)      Live:         -              1365M (67%)        1365M (67%)        1365M (67%)            -                  -          
[403.693s][info][gc,heap     ] GC(2240) Allocated:         -               270M (13%)         396M (19%)         485M (24%)            -                  -          
[403.693s][info][gc,heap     ] GC(2240)   Garbage:         -               396M (19%)         254M (12%)         196M (10%)            -                  -          
[403.693s][info][gc,heap     ] GC(2240) Reclaimed:         -                  -               142M (7%)          199M (10%)            -                  -          
[403.693s][info][gc          ] GC(2240) Garbage Collection (Allocation Stall) 1762M(86%)->2048M(100%)
[403.699s][info][gc,start    ] GC(2241) Garbage Collection (Allocation Stall)
[403.699s][info][gc,ref      ] GC(2241) Clearing All SoftReferences
[403.699s][info][gc,task     ] GC(2241) Using 12 workers
[403.700s][info][gc,ref      ] GC(2241) Clearing All SoftReferences
[403.700s][info][gc,phases   ] GC(2241) Pause Mark Start 0.046ms
[403.700s][info][gc          ] Allocation Stall (Executor task launch worker for task 35.0 in stage 84.0 (TID 1415)) 0.736ms
[403.700s][info][gc          ] Allocation Stall (Executor task launch worker for task 0.0 in stage 84.0 (TID 1407)) 0.704ms
[403.718s][info][gc,phases   ] GC(2241) Concurrent Mark 17.697ms
[403.718s][info][gc,phases   ] GC(2241) Pause Mark End 0.019ms
[403.718s][info][gc,phases   ] GC(2241) Concurrent Mark Free 0.001ms
[403.721s][info][gc,phases   ] GC(2241) Concurrent Process Non-Strong References 2.728ms
[403.721s][info][gc,phases   ] GC(2241) Concurrent Reset Relocation Set 0.005ms
[403.721s][info][gc          ] Allocation Stall (Executor task launch worker for task 11.0 in stage 84.0 (TID 1409)) 17.718ms
[403.721s][info][gc          ] Allocation Stall (Executor task launch worker for task 0.0 in stage 84.0 (TID 1407)) 17.367ms
[403.721s][info][gc          ] Allocation Stall (Executor task launch worker for task 35.0 in stage 84.0 (TID 1415)) 16.851ms
[403.721s][info][gc          ] Allocation Stall (Executor task launch worker for task 3.0 in stage 84.0 (TID 1408)) 17.101ms
[403.721s][info][gc          ] Allocation Stall (Executor task launch worker for task 14.0 in stage 84.0 (TID 1410)) 16.936ms
[403.721s][info][gc          ] Allocation Stall (Executor task launch worker for task 20.0 in stage 84.0 (TID 1412)) 17.798ms
[403.721s][info][gc          ] Allocation Stall (Executor task launch worker for task 46.0 in stage 84.0 (TID 1419)) 17.559ms
[403.721s][info][gc          ] Allocation Stall (Executor task launch worker for task 19.0 in stage 84.0 (TID 1411)) 16.978ms
[403.721s][info][gc          ] Allocation Stall (Executor task launch worker for task 30.0 in stage 84.0 (TID 1414)) 16.892ms
[403.721s][info][gc          ] Allocation Stall (Executor task launch worker for task 42.0 in stage 84.0 (TID 1416)) 17.582ms
[403.721s][info][gc          ] Allocation Stall (Executor task launch worker for task 24.0 in stage 84.0 (TID 1413)) 16.818ms
[403.721s][info][gc          ] Allocation Stall (Executor task launch worker for task 45.0 in stage 84.0 (TID 1418)) 16.907ms
[403.721s][info][gc          ] Allocation Stall (Executor task launch worker for task 44.0 in stage 84.0 (TID 1417)) 16.825ms
[403.725s][info][gc,phases   ] GC(2241) Concurrent Select Relocation Set 3.954ms
[403.726s][info][gc,phases   ] GC(2241) Pause Relocate Start 0.007ms
[403.771s][info][gc,phases   ] GC(2241) Concurrent Relocate 45.047ms
[403.771s][info][gc,load     ] GC(2241) Load: 0.00/0.00/0.00
[403.771s][info][gc,mmu      ] GC(2241) MMU: 2ms/86.2%, 5ms/94.5%, 10ms/97.2%, 20ms/98.6%, 50ms/99.4%, 100ms/99.6%
[403.771s][info][gc,marking  ] GC(2241) Mark: 8 stripe(s), 2 proactive flush(es), 1 terminate flush(es), 0 completion(s), 0 continuation(s) 
[403.771s][info][gc,marking  ] GC(2241) Mark Stack Usage: 32M
[403.771s][info][gc,nmethod  ] GC(2241) NMethods: 8123 registered, 1335 unregistered
[403.771s][info][gc,metaspace] GC(2241) Metaspace: 120M used, 123M committed, 1152M reserved
[403.771s][info][gc,ref      ] GC(2241) Soft: 2842 encountered, 623 discovered, 0 enqueued
[403.771s][info][gc,ref      ] GC(2241) Weak: 13708 encountered, 825 discovered, 1 enqueued
[403.771s][info][gc,ref      ] GC(2241) Final: 84 encountered, 0 discovered, 0 enqueued
[403.771s][info][gc,ref      ] GC(2241) Phantom: 764 encountered, 528 discovered, 0 enqueued
[403.771s][info][gc,reloc    ] GC(2241) Small Pages: 243 / 486M, Empty: 348M, Relocated: 5M, In-Place: 0
[403.771s][info][gc,reloc    ] GC(2241) Medium Pages: 47 / 1504M, Empty: 0M, Relocated: 82M, In-Place: 0
[403.771s][info][gc,reloc    ] GC(2241) Large Pages: 6 / 48M, Empty: 32M, Relocated: 0M, In-Place: 0
[403.771s][info][gc,reloc    ] GC(2241) Forwarding Usage: 0M
[403.771s][info][gc,heap     ] GC(2241) Min Capacity: 8M(0%)
[403.771s][info][gc,heap     ] GC(2241) Max Capacity: 2048M(100%)
[403.771s][info][gc,heap     ] GC(2241) Soft Max Capacity: 2048M(100%)
[403.771s][info][gc,heap     ] GC(2241)                Mark Start          Mark End        Relocate Start      Relocate End           High               Low         
[403.771s][info][gc,heap     ] GC(2241)  Capacity:     2048M (100%)       2048M (100%)       2048M (100%)       2048M (100%)       2048M (100%)       2048M (100%)   
[403.771s][info][gc,heap     ] GC(2241)      Free:        6M (0%)            0M (0%)          332M (16%)          88M (4%)          356M (17%)           0M (0%)     
[403.771s][info][gc,heap     ] GC(2241)      Used:     2042M (100%)       2048M (100%)       1716M (84%)        1960M (96%)        2048M (100%)       1692M (83%)    
[403.771s][info][gc,heap     ] GC(2241)      Live:         -              1357M (66%)        1357M (66%)        1357M (66%)            -                  -          
[403.771s][info][gc,heap     ] GC(2241) Allocated:         -                 6M (0%)           54M (3%)          405M (20%)            -                  -          
[403.771s][info][gc,heap     ] GC(2241)   Garbage:         -               684M (33%)         304M (15%)         197M (10%)            -                  -          
[403.771s][info][gc,heap     ] GC(2241) Reclaimed:         -                  -               380M (19%)         487M (24%)            -                  -          
[403.771s][info][gc          ] GC(2241) Garbage Collection (Allocation Stall) 2042M(100%)->1960M(96%)
[403.795s][info][gc,start    ] GC(2242) Garbage Collection (Allocation Stall)
[403.795s][info][gc,ref      ] GC(2242) Clearing All SoftReferences
[403.795s][info][gc,task     ] GC(2242) Using 12 workers
[403.795s][info][gc,ref      ] GC(2242) Clearing All SoftReferences
[403.795s][info][gc,phases   ] GC(2242) Pause Mark Start 0.040ms
[403.795s][info][gc          ] Allocation Stall (Executor task launch worker for task 20.0 in stage 84.0 (TID 1412)) 0.369ms
[403.795s][info][gc          ] Allocation Stall (Executor task launch worker for task 3.0 in stage 84.0 (TID 1408)) 0.316ms
[403.795s][info][gc          ] Allocation Stall (Executor task launch worker for task 46.0 in stage 84.0 (TID 1419)) 0.267ms
[403.795s][info][gc          ] Allocation Stall (Executor task launch worker for task 30.0 in stage 84.0 (TID 1414)) 0.066ms
[403.795s][info][gc          ] Allocation Stall (Executor task launch worker for task 11.0 in stage 84.0 (TID 1409)) 0.090ms
[403.795s][info][gc          ] Allocation Stall (Executor task launch worker for task 0.0 in stage 84.0 (TID 1407)) 0.112ms
[403.796s][info][gc          ] Allocation Stall (Executor task launch worker for task 19.0 in stage 84.0 (TID 1411)) 0.132ms
[403.796s][info][gc          ] Allocation Stall (Executor task launch worker for task 45.0 in stage 84.0 (TID 1418)) 0.161ms
[403.796s][info][gc          ] Allocation Stall (Executor task launch worker for task 44.0 in stage 84.0 (TID 1417)) 0.192ms
[403.796s][info][gc          ] Allocation Stall (Executor task launch worker for task 14.0 in stage 84.0 (TID 1410)) 0.227ms
[403.796s][info][gc          ] Allocation Stall (Executor task launch worker for task 35.0 in stage 84.0 (TID 1415)) 0.278ms
[403.796s][info][gc          ] Allocation Stall (Executor task launch worker for task 24.0 in stage 84.0 (TID 1413)) 0.317ms
[403.796s][info][gc          ] Allocation Stall (Executor task launch worker for task 42.0 in stage 84.0 (TID 1416)) 0.349ms
[403.811s][info][gc,phases   ] GC(2242) Concurrent Mark 16.167ms
[403.812s][info][gc,phases   ] GC(2242) Pause Mark End 0.017ms
[403.812s][info][gc,phases   ] GC(2242) Concurrent Mark Free 0.000ms
[403.814s][info][gc,phases   ] GC(2242) Concurrent Process Non-Strong References 2.272ms
[403.814s][info][gc,phases   ] GC(2242) Concurrent Reset Relocation Set 0.004ms
[403.814s][info][gc          ] Allocation Stall (Executor task launch worker for task 14.0 in stage 84.0 (TID 1410)) 16.835ms
[403.814s][info][gc          ] Allocation Stall (Executor task launch worker for task 24.0 in stage 84.0 (TID 1413)) 17.441ms
[403.814s][info][gc          ] Allocation Stall (Executor task launch worker for task 44.0 in stage 84.0 (TID 1417)) 17.151ms
[403.814s][info][gc          ] Allocation Stall (Executor task launch worker for task 30.0 in stage 84.0 (TID 1414)) 17.201ms
[403.814s][info][gc          ] Allocation Stall (Executor task launch worker for task 46.0 in stage 84.0 (TID 1419)) 17.636ms
[403.814s][info][gc          ] Allocation Stall (Executor task launch worker for task 20.0 in stage 84.0 (TID 1412)) 16.867ms
[403.814s][info][gc          ] Allocation Stall (Executor task launch worker for task 45.0 in stage 84.0 (TID 1418)) 16.797ms
[403.814s][info][gc          ] Allocation Stall (Executor task launch worker for task 3.0 in stage 84.0 (TID 1408)) 17.213ms
[403.814s][info][gc          ] Allocation Stall (Executor task launch worker for task 35.0 in stage 84.0 (TID 1415)) 17.427ms
[403.814s][info][gc          ] Allocation Stall (Executor task launch worker for task 19.0 in stage 84.0 (TID 1411)) 16.771ms
[403.814s][info][gc          ] Allocation Stall (Executor task launch worker for task 0.0 in stage 84.0 (TID 1407)) 16.818ms
[403.814s][info][gc          ] Allocation Stall (Executor task launch worker for task 42.0 in stage 84.0 (TID 1416)) 16.799ms
[403.814s][info][gc          ] Allocation Stall (Executor task launch worker for task 11.0 in stage 84.0 (TID 1409)) 16.805ms
[403.816s][info][gc,phases   ] GC(2242) Concurrent Select Relocation Set 2.364ms
[403.827s][info][gc,phases   ] GC(2242) Pause Relocate Start 0.007ms
[403.842s][info][gc,phases   ] GC(2242) Concurrent Relocate 14.493ms
[403.842s][info][gc,load     ] GC(2242) Load: 0.00/0.00/0.00
[403.842s][info][gc,mmu      ] GC(2242) MMU: 2ms/86.2%, 5ms/94.5%, 10ms/97.2%, 20ms/98.6%, 50ms/99.4%, 100ms/99.6%
[403.842s][info][gc,marking  ] GC(2242) Mark: 8 stripe(s), 2 proactive flush(es), 1 terminate flush(es), 0 completion(s), 0 continuation(s) 
[403.842s][info][gc,marking  ] GC(2242) Mark Stack Usage: 32M
[403.842s][info][gc,nmethod  ] GC(2242) NMethods: 8123 registered, 1335 unregistered
[403.842s][info][gc,metaspace] GC(2242) Metaspace: 120M used, 123M committed, 1152M reserved
[403.842s][info][gc,ref      ] GC(2242) Soft: 2842 encountered, 568 discovered, 0 enqueued
[403.842s][info][gc,ref      ] GC(2242) Weak: 13708 encountered, 1603 discovered, 2 enqueued
[403.842s][info][gc,ref      ] GC(2242) Final: 84 encountered, 0 discovered, 0 enqueued
[403.842s][info][gc,ref      ] GC(2242) Phantom: 764 encountered, 585 discovered, 0 enqueued
[403.842s][info][gc,reloc    ] GC(2242) Small Pages: 253 / 506M, Empty: 378M, Relocated: 6M, In-Place: 0
[403.842s][info][gc,reloc    ] GC(2242) Medium Pages: 47 / 1504M, Empty: 0M, Relocated: 25M, In-Place: 0
[403.842s][info][gc,reloc    ] GC(2242) Large Pages: 4 / 32M, Empty: 16M, Relocated: 0M, In-Place: 0
[403.842s][info][gc,reloc    ] GC(2242) Forwarding Usage: 0M
[403.842s][info][gc,heap     ] GC(2242) Min Capacity: 8M(0%)
[403.842s][info][gc,heap     ] GC(2242) Max Capacity: 2048M(100%)
[403.842s][info][gc,heap     ] GC(2242) Soft Max Capacity: 2048M(100%)
[403.842s][info][gc,heap     ] GC(2242)                Mark Start          Mark End        Relocate Start      Relocate End           High               Low         
[403.842s][info][gc,heap     ] GC(2242)  Capacity:     2048M (100%)       2048M (100%)       2048M (100%)       2048M (100%)       2048M (100%)       2048M (100%)   
[403.842s][info][gc,heap     ] GC(2242)      Free:        0M (0%)            0M (0%)          352M (17%)         252M (12%)         360M (18%)           0M (0%)     
[403.842s][info][gc,heap     ] GC(2242)      Used:     2048M (100%)       2048M (100%)       1696M (83%)        1796M (88%)        2048M (100%)       1688M (82%)    
[403.842s][info][gc,heap     ] GC(2242)      Live:         -              1367M (67%)        1367M (67%)        1367M (67%)            -                  -          
[403.842s][info][gc,heap     ] GC(2242) Allocated:         -                 0M (0%)           42M (2%)          207M (10%)            -                  -          
[403.842s][info][gc,heap     ] GC(2242)   Garbage:         -               680M (33%)         286M (14%)         220M (11%)            -                  -          
[403.842s][info][gc,heap     ] GC(2242) Reclaimed:         -                  -               394M (19%)         459M (22%)            -                  -          
[403.842s][info][gc          ] GC(2242) Garbage Collection (Allocation Stall) 2048M(100%)->1796M(88%)
[403.843s][info][gc,start    ] GC(2243) Garbage Collection (Allocation Stall)
[403.843s][info][gc,ref      ] GC(2243) Clearing All SoftReferences
[403.843s][info][gc,task     ] GC(2243) Using 12 workers
[403.843s][info][gc,ref      ] GC(2243) Clearing All SoftReferences
[403.843s][info][gc,phases   ] GC(2243) Pause Mark Start 0.067ms
[403.874s][info][gc,phases   ] GC(2243) Concurrent Mark 30.918ms
[403.874s][info][gc,phases   ] GC(2243) Pause Mark End 0.032ms
[403.874s][info][gc,phases   ] GC(2243) Concurrent Mark Free 0.001ms
[403.878s][info][gc,phases   ] GC(2243) Concurrent Process Non-Strong References 3.378ms
[403.878s][info][gc,phases   ] GC(2243) Concurrent Reset Relocation Set 0.003ms
[403.880s][info][gc,phases   ] GC(2243) Concurrent Select Relocation Set 2.479ms
[403.881s][info][gc,phases   ] GC(2243) Pause Relocate Start 0.006ms
[403.896s][info][gc          ] Allocation Stall (Executor task launch worker for task 35.0 in stage 84.0 (TID 1415)) 3.241ms
[403.896s][info][gc          ] Allocation Stall (Executor task launch worker for task 46.0 in stage 84.0 (TID 1419)) 2.474ms
[403.896s][info][gc          ] Allocation Stall (Executor task launch worker for task 14.0 in stage 84.0 (TID 1410)) 2.531ms
[403.896s][info][gc          ] Allocation Stall (Executor task launch worker for task 24.0 in stage 84.0 (TID 1413)) 3.225ms
[403.896s][info][gc          ] Allocation Stall (Executor task launch worker for task 44.0 in stage 84.0 (TID 1417)) 3.146ms
[403.896s][info][gc          ] Allocation Stall (Executor task launch worker for task 0.0 in stage 84.0 (TID 1407)) 3.338ms
[403.896s][info][gc          ] Allocation Stall (Executor task launch worker for task 45.0 in stage 84.0 (TID 1418)) 2.473ms
[403.896s][info][gc          ] Allocation Stall (Executor task launch worker for task 11.0 in stage 84.0 (TID 1409)) 2.455ms
[403.896s][info][gc          ] Allocation Stall (Executor task launch worker for task 19.0 in stage 84.0 (TID 1411)) 2.519ms
[403.896s][info][gc          ] Allocation Stall (Executor task launch worker for task 30.0 in stage 84.0 (TID 1414)) 2.512ms
[403.896s][info][gc          ] Allocation Stall (Executor task launch worker for task 20.0 in stage 84.0 (TID 1412)) 3.262ms
[403.896s][info][gc          ] Allocation Stall (Executor task launch worker for task 3.0 in stage 84.0 (TID 1408)) 2.475ms
[403.896s][info][gc          ] Allocation Stall (Executor task launch worker for task 42.0 in stage 84.0 (TID 1416)) 3.261ms
[403.897s][info][gc,phases   ] GC(2243) Concurrent Relocate 16.522ms
[403.897s][info][gc,load     ] GC(2243) Load: 0.00/0.00/0.00
[403.897s][info][gc,mmu      ] GC(2243) MMU: 2ms/86.2%, 5ms/94.5%, 10ms/97.2%, 20ms/98.6%, 50ms/99.4%, 100ms/99.6%
[403.897s][info][gc,marking  ] GC(2243) Mark: 8 stripe(s), 2 proactive flush(es), 1 terminate flush(es), 0 completion(s), 0 continuation(s) 
[403.897s][info][gc,marking  ] GC(2243) Mark Stack Usage: 32M
[403.897s][info][gc,nmethod  ] GC(2243) NMethods: 8123 registered, 1335 unregistered
[403.897s][info][gc,metaspace] GC(2243) Metaspace: 120M used, 123M committed, 1152M reserved
[403.897s][info][gc,ref      ] GC(2243) Soft: 2842 encountered, 1348 discovered, 0 enqueued
[403.897s][info][gc,ref      ] GC(2243) Weak: 13705 encountered, 1208 discovered, 0 enqueued
[403.897s][info][gc,ref      ] GC(2243) Final: 84 encountered, 2 discovered, 0 enqueued
[403.897s][info][gc,ref      ] GC(2243) Phantom: 762 encountered, 493 discovered, 0 enqueued
[403.897s][info][gc,reloc    ] GC(2243) Small Pages: 150 / 300M, Empty: 198M, Relocated: 4M, In-Place: 0
[403.897s][info][gc,reloc    ] GC(2243) Medium Pages: 47 / 1504M, Empty: 0M, Relocated: 26M, In-Place: 0
[403.897s][info][gc,reloc    ] GC(2243) Large Pages: 2 / 16M, Empty: 0M, Relocated: 0M, In-Place: 0
[403.897s][info][gc,reloc    ] GC(2243) Forwarding Usage: 0M
[403.897s][info][gc,heap     ] GC(2243) Min Capacity: 8M(0%)
[403.897s][info][gc,heap     ] GC(2243) Max Capacity: 2048M(100%)
[403.897s][info][gc,heap     ] GC(2243) Soft Max Capacity: 2048M(100%)
[403.898s][info][gc,heap     ] GC(2243)                Mark Start          Mark End        Relocate Start      Relocate End           High               Low         
[403.898s][info][gc,heap     ] GC(2243)  Capacity:     2048M (100%)       2048M (100%)       2048M (100%)       2048M (100%)       2048M (100%)       2048M (100%)   
[403.898s][info][gc,heap     ] GC(2243)      Free:      228M (11%)          42M (2%)          218M (11%)          44M (2%)          228M (11%)           0M (0%)     
[403.898s][info][gc,heap     ] GC(2243)      Used:     1820M (89%)        2006M (98%)        1830M (89%)        2004M (98%)        2048M (100%)       1820M (89%)    
[403.898s][info][gc,heap     ] GC(2243)      Live:         -              1376M (67%)        1376M (67%)        1376M (67%)            -                  -          
[403.898s][info][gc,heap     ] GC(2243) Allocated:         -               186M (9%)          208M (10%)         430M (21%)            -                  -          
[403.898s][info][gc,heap     ] GC(2243)   Garbage:         -               443M (22%)         245M (12%)         196M (10%)            -                  -          
[403.898s][info][gc,heap     ] GC(2243) Reclaimed:         -                  -               198M (10%)         246M (12%)            -                  -          
[403.898s][info][gc          ] GC(2243) Garbage Collection (Allocation Stall) 1820M(89%)->2004M(98%)
[403.913s][info][gc,start    ] GC(2244) Garbage Collection (Allocation Stall)
[403.913s][info][gc,ref      ] GC(2244) Clearing All SoftReferences
[403.913s][info][gc,task     ] GC(2244) Using 12 workers
[403.913s][info][gc,ref      ] GC(2244) Clearing All SoftReferences
[403.913s][info][gc,phases   ] GC(2244) Pause Mark Start 0.037ms
[403.913s][info][gc          ] Allocation Stall (Executor task launch worker for task 42.0 in stage 84.0 (TID 1416)) 0.467ms
[403.937s][info][gc,phases   ] GC(2244) Concurrent Mark 23.530ms
[403.937s][info][gc,phases   ] GC(2244) Pause Mark End 0.022ms
[403.937s][info][gc,phases   ] GC(2244) Concurrent Mark Free 0.001ms
[403.940s][info][gc,phases   ] GC(2244) Concurrent Process Non-Strong References 2.580ms
[403.940s][info][gc,phases   ] GC(2244) Concurrent Reset Relocation Set 0.003ms
[403.940s][info][gc          ] Allocation Stall (Executor task launch worker for task 3.0 in stage 84.0 (TID 1408)) 26.407ms
[403.940s][info][gc          ] Allocation Stall (Executor task launch worker for task 44.0 in stage 84.0 (TID 1417)) 26.407ms
[403.940s][info][gc          ] Allocation Stall (Executor task launch worker for task 19.0 in stage 84.0 (TID 1411)) 26.408ms
[403.940s][info][gc          ] Allocation Stall (Executor task launch worker for task 20.0 in stage 84.0 (TID 1412)) 26.862ms
[403.940s][info][gc          ] Allocation Stall (Executor task launch worker for task 45.0 in stage 84.0 (TID 1418)) 26.423ms
[403.940s][info][gc          ] Allocation Stall (Executor task launch worker for task 11.0 in stage 84.0 (TID 1409)) 26.422ms
[403.940s][info][gc          ] Allocation Stall (Executor task launch worker for task 0.0 in stage 84.0 (TID 1407)) 26.858ms
[403.940s][info][gc          ] Allocation Stall (Executor task launch worker for task 24.0 in stage 84.0 (TID 1413)) 26.421ms
[403.940s][info][gc          ] Allocation Stall (Executor task launch worker for task 46.0 in stage 84.0 (TID 1419)) 26.405ms
[403.940s][info][gc          ] Allocation Stall (Executor task launch worker for task 35.0 in stage 84.0 (TID 1415)) 26.406ms
[403.940s][info][gc          ] Allocation Stall (Executor task launch worker for task 30.0 in stage 84.0 (TID 1414)) 22.789ms
[403.940s][info][gc          ] Allocation Stall (Executor task launch worker for task 42.0 in stage 84.0 (TID 1416)) 24.459ms
[403.940s][info][gc          ] Allocation Stall (Executor task launch worker for task 14.0 in stage 84.0 (TID 1410)) 26.407ms
[403.944s][info][gc,phases   ] GC(2244) Concurrent Select Relocation Set 3.894ms
[403.944s][info][gc,phases   ] GC(2244) Pause Relocate Start 0.008ms
[403.983s][info][gc,phases   ] GC(2244) Concurrent Relocate 39.213ms
[403.983s][info][gc,load     ] GC(2244) Load: 0.00/0.00/0.00
[403.983s][info][gc,mmu      ] GC(2244) MMU: 2ms/86.2%, 5ms/94.5%, 10ms/97.2%, 20ms/98.6%, 50ms/99.4%, 100ms/99.6%
[403.983s][info][gc,marking  ] GC(2244) Mark: 8 stripe(s), 2 proactive flush(es), 1 terminate flush(es), 0 completion(s), 0 continuation(s) 
[403.983s][info][gc,marking  ] GC(2244) Mark Stack Usage: 32M
[403.983s][info][gc,nmethod  ] GC(2244) NMethods: 8123 registered, 1335 unregistered
[403.983s][info][gc,metaspace] GC(2244) Metaspace: 120M used, 123M committed, 1152M reserved
[403.983s][info][gc,ref      ] GC(2244) Soft: 2849 encountered, 371 discovered, 7 enqueued
[403.983s][info][gc,ref      ] GC(2244) Weak: 13727 encountered, 1813 discovered, 21 enqueued
[403.983s][info][gc,ref      ] GC(2244) Final: 84 encountered, 3 discovered, 0 enqueued
[403.983s][info][gc,ref      ] GC(2244) Phantom: 762 encountered, 548 discovered, 0 enqueued
[403.983s][info][gc,reloc    ] GC(2244) Small Pages: 251 / 502M, Empty: 354M, Relocated: 4M, In-Place: 0
[403.983s][info][gc,reloc    ] GC(2244) Medium Pages: 47 / 1504M, Empty: 0M, Relocated: 51M, In-Place: 0
[403.983s][info][gc,reloc    ] GC(2244) Large Pages: 5 / 40M, Empty: 16M, Relocated: 0M, In-Place: 0
[403.983s][info][gc,reloc    ] GC(2244) Forwarding Usage: 0M
[403.983s][info][gc,heap     ] GC(2244) Min Capacity: 8M(0%)
[403.983s][info][gc,heap     ] GC(2244) Max Capacity: 2048M(100%)
[403.983s][info][gc,heap     ] GC(2244) Soft Max Capacity: 2048M(100%)
[403.983s][info][gc,heap     ] GC(2244)                Mark Start          Mark End        Relocate Start      Relocate End           High               Low         
[403.983s][info][gc,heap     ] GC(2244)  Capacity:     2048M (100%)       2048M (100%)       2048M (100%)       2048M (100%)       2048M (100%)       2048M (100%)   
[403.983s][info][gc,heap     ] GC(2244)      Free:        0M (0%)            0M (0%)          320M (16%)         184M (9%)          332M (16%)           0M (0%)     
[403.983s][info][gc,heap     ] GC(2244)      Used:     2048M (100%)       2048M (100%)       1728M (84%)        1864M (91%)        2048M (100%)       1716M (84%)    
[403.983s][info][gc,heap     ] GC(2244)      Live:         -              1386M (68%)        1386M (68%)        1386M (68%)            -                  -          
[403.983s][info][gc,heap     ] GC(2244) Allocated:         -                 0M (0%)           50M (2%)          259M (13%)            -                  -          
[403.983s][info][gc,heap     ] GC(2244)   Garbage:         -               661M (32%)         291M (14%)         217M (11%)            -                  -          
[403.983s][info][gc,heap     ] GC(2244) Reclaimed:         -                  -               370M (18%)         443M (22%)            -                  -          
[403.983s][info][gc          ] GC(2244) Garbage Collection (Allocation Stall) 2048M(100%)->1864M(91%)
[404.044s][info][gc,start    ] GC(2245) Garbage Collection (Allocation Stall)
[404.044s][info][gc,ref      ] GC(2245) Clearing All SoftReferences
[404.044s][info][gc,task     ] GC(2245) Using 12 workers
[404.044s][info][gc,ref      ] GC(2245) Clearing All SoftReferences
[404.044s][info][gc,phases   ] GC(2245) Pause Mark Start 0.041ms
[404.062s][info][gc,phases   ] GC(2245) Concurrent Mark 17.511ms
[404.062s][info][gc,phases   ] GC(2245) Pause Mark End 0.021ms
[404.062s][info][gc,phases   ] GC(2245) Concurrent Mark Free 0.001ms
[404.065s][info][gc,phases   ] GC(2245) Concurrent Process Non-Strong References 2.742ms
[404.065s][info][gc,phases   ] GC(2245) Concurrent Reset Relocation Set 0.004ms
[404.065s][info][gc          ] Allocation Stall (Executor task launch worker for task 46.0 in stage 84.0 (TID 1419)) 20.543ms
[404.065s][info][gc          ] Allocation Stall (Executor task launch worker for task 20.0 in stage 84.0 (TID 1412)) 20.530ms
[404.065s][info][gc          ] Allocation Stall (Executor task launch worker for task 0.0 in stage 84.0 (TID 1407)) 20.551ms
[404.065s][info][gc          ] Allocation Stall (Executor task launch worker for task 14.0 in stage 84.0 (TID 1410)) 20.965ms
[404.065s][info][gc          ] Allocation Stall (Executor task launch worker for task 11.0 in stage 84.0 (TID 1409)) 20.546ms
[404.065s][info][gc          ] Allocation Stall (Executor task launch worker for task 24.0 in stage 84.0 (TID 1413)) 20.544ms
[404.065s][info][gc          ] Allocation Stall (Executor task launch worker for task 45.0 in stage 84.0 (TID 1418)) 20.549ms
[404.065s][info][gc          ] Allocation Stall (Executor task launch worker for task 30.0 in stage 84.0 (TID 1414)) 20.529ms
[404.065s][info][gc          ] Allocation Stall (Executor task launch worker for task 35.0 in stage 84.0 (TID 1415)) 20.549ms
[404.065s][info][gc          ] Allocation Stall (Executor task launch worker for task 3.0 in stage 84.0 (TID 1408)) 20.531ms
[404.065s][info][gc          ] Allocation Stall (Executor task launch worker for task 42.0 in stage 84.0 (TID 1416)) 20.552ms
[404.065s][info][gc          ] Allocation Stall (Executor task launch worker for task 19.0 in stage 84.0 (TID 1411)) 20.561ms
[404.065s][info][gc          ] Allocation Stall (Executor task launch worker for task 44.0 in stage 84.0 (TID 1417)) 20.881ms
[404.070s][info][gc,phases   ] GC(2245) Concurrent Select Relocation Set 4.644ms
[404.070s][info][gc,phases   ] GC(2245) Pause Relocate Start 0.007ms
[404.114s][info][gc,phases   ] GC(2245) Concurrent Relocate 44.206ms
[404.114s][info][gc,load     ] GC(2245) Load: 0.00/0.00/0.00
[404.114s][info][gc,mmu      ] GC(2245) MMU: 2ms/86.2%, 5ms/94.5%, 10ms/97.2%, 20ms/98.6%, 50ms/99.4%, 100ms/99.6%
[404.114s][info][gc,marking  ] GC(2245) Mark: 8 stripe(s), 2 proactive flush(es), 1 terminate flush(es), 0 completion(s), 0 continuation(s) 
[404.114s][info][gc,marking  ] GC(2245) Mark Stack Usage: 32M
[404.114s][info][gc,nmethod  ] GC(2245) NMethods: 8123 registered, 1337 unregistered
[404.114s][info][gc,metaspace] GC(2245) Metaspace: 120M used, 123M committed, 1152M reserved
[404.114s][info][gc,ref      ] GC(2245) Soft: 2846 encountered, 274 discovered, 4 enqueued
[404.114s][info][gc,ref      ] GC(2245) Weak: 13722 encountered, 1371 discovered, 12 enqueued
[404.114s][info][gc,ref      ] GC(2245) Final: 84 encountered, 2 discovered, 0 enqueued
[404.114s][info][gc,ref      ] GC(2245) Phantom: 759 encountered, 537 discovered, 0 enqueued
[404.114s][info][gc,reloc    ] GC(2245) Small Pages: 236 / 472M, Empty: 326M, Relocated: 8M, In-Place: 0
[404.114s][info][gc,reloc    ] GC(2245) Medium Pages: 48 / 1536M, Empty: 0M, Relocated: 80M, In-Place: 0
[404.114s][info][gc,reloc    ] GC(2245) Large Pages: 5 / 40M, Empty: 24M, Relocated: 0M, In-Place: 0
[404.114s][info][gc,reloc    ] GC(2245) Forwarding Usage: 1M
[404.114s][info][gc,heap     ] GC(2245) Min Capacity: 8M(0%)
[404.114s][info][gc,heap     ] GC(2245) Max Capacity: 2048M(100%)
[404.114s][info][gc,heap     ] GC(2245) Soft Max Capacity: 2048M(100%)
[404.114s][info][gc,heap     ] GC(2245)                Mark Start          Mark End        Relocate Start      Relocate End           High               Low         
[404.114s][info][gc,heap     ] GC(2245)  Capacity:     2048M (100%)       2048M (100%)       2048M (100%)       2048M (100%)       2048M (100%)       2048M (100%)   
[404.114s][info][gc,heap     ] GC(2245)      Free:        0M (0%)            0M (0%)          314M (15%)         160M (8%)          338M (17%)           0M (0%)     
[404.114s][info][gc,heap     ] GC(2245)      Used:     2048M (100%)       2048M (100%)       1734M (85%)        1888M (92%)        2048M (100%)       1710M (83%)    
[404.114s][info][gc,heap     ] GC(2245)      Live:         -              1382M (68%)        1382M (68%)        1382M (68%)            -                  -          
[404.114s][info][gc,heap     ] GC(2245) Allocated:         -                 0M (0%)           36M (2%)          310M (15%)            -                  -          
[404.114s][info][gc,heap     ] GC(2245)   Garbage:         -               665M (32%)         315M (15%)         194M (9%)             -                  -          
[404.114s][info][gc,heap     ] GC(2245) Reclaimed:         -                  -               350M (17%)         470M (23%)            -                  -          
[404.114s][info][gc          ] GC(2245) Garbage Collection (Allocation Stall) 2048M(100%)->1888M(92%)
[404.140s][info][gc,start    ] GC(2246) Garbage Collection (Allocation Stall)
[404.140s][info][gc,ref      ] GC(2246) Clearing All SoftReferences
[404.140s][info][gc,task     ] GC(2246) Using 12 workers
[404.140s][info][gc,ref      ] GC(2246) Clearing All SoftReferences
[404.140s][info][gc,phases   ] GC(2246) Pause Mark Start 0.028ms
[404.187s][info][gc,phases   ] GC(2246) Concurrent Mark 46.598ms
[404.187s][info][gc,phases   ] GC(2246) Pause Mark End 0.021ms
[404.187s][info][gc,phases   ] GC(2246) Concurrent Mark Free 0.000ms
[404.190s][info][gc,phases   ] GC(2246) Concurrent Process Non-Strong References 2.776ms
[404.190s][info][gc,phases   ] GC(2246) Concurrent Reset Relocation Set 0.008ms
[404.190s][info][gc          ] Allocation Stall (Executor task launch worker for task 3.0 in stage 84.0 (TID 1408)) 21.497ms
[404.190s][info][gc          ] Allocation Stall (Executor task launch worker for task 24.0 in stage 84.0 (TID 1413)) 22.771ms
[404.190s][info][gc          ] Allocation Stall (Executor task launch worker for task 44.0 in stage 84.0 (TID 1417)) 21.507ms
[404.190s][info][gc          ] Allocation Stall (Executor task launch worker for task 35.0 in stage 84.0 (TID 1415)) 21.918ms
[404.190s][info][gc          ] Allocation Stall (Executor task launch worker for task 14.0 in stage 84.0 (TID 1410)) 21.596ms
[404.190s][info][gc          ] Allocation Stall (Executor task launch worker for task 20.0 in stage 84.0 (TID 1412)) 21.527ms
[404.190s][info][gc          ] Allocation Stall (Executor task launch worker for task 42.0 in stage 84.0 (TID 1416)) 21.904ms
[404.190s][info][gc          ] Allocation Stall (Executor task launch worker for task 45.0 in stage 84.0 (TID 1418)) 21.892ms
[404.190s][info][gc          ] Allocation Stall (Executor task launch worker for task 46.0 in stage 84.0 (TID 1419)) 21.488ms
[404.190s][info][gc          ] Allocation Stall (Executor task launch worker for task 11.0 in stage 84.0 (TID 1409)) 21.456ms
[404.190s][info][gc          ] Allocation Stall (Executor task launch worker for task 30.0 in stage 84.0 (TID 1414)) 21.439ms
[404.190s][info][gc          ] Allocation Stall (Executor task launch worker for task 0.0 in stage 84.0 (TID 1407)) 21.706ms
[404.190s][info][gc          ] Allocation Stall (Executor task launch worker for task 19.0 in stage 84.0 (TID 1411)) 22.181ms
[404.193s][info][gc,phases   ] GC(2246) Concurrent Select Relocation Set 3.220ms
[404.193s][info][gc,phases   ] GC(2246) Pause Relocate Start 0.008ms
[404.211s][info][gc,phases   ] GC(2246) Concurrent Relocate 17.741ms
[404.211s][info][gc,load     ] GC(2246) Load: 0.00/0.00/0.00
[404.211s][info][gc,mmu      ] GC(2246) MMU: 2ms/86.2%, 5ms/94.5%, 10ms/97.2%, 20ms/98.6%, 50ms/99.4%, 100ms/99.6%
[404.211s][info][gc,marking  ] GC(2246) Mark: 8 stripe(s), 2 proactive flush(es), 1 terminate flush(es), 0 completion(s), 0 continuation(s) 
[404.211s][info][gc,marking  ] GC(2246) Mark Stack Usage: 32M
[404.211s][info][gc,nmethod  ] GC(2246) NMethods: 8123 registered, 1339 unregistered
[404.211s][info][gc,metaspace] GC(2246) Metaspace: 120M used, 123M committed, 1152M reserved
[404.211s][info][gc,ref      ] GC(2246) Soft: 2846 encountered, 1473 discovered, 4 enqueued
[404.211s][info][gc,ref      ] GC(2246) Weak: 13720 encountered, 1815 discovered, 19 enqueued
[404.211s][info][gc,ref      ] GC(2246) Final: 84 encountered, 3 discovered, 0 enqueued
[404.211s][info][gc,ref      ] GC(2246) Phantom: 757 encountered, 611 discovered, 0 enqueued
[404.211s][info][gc,reloc    ] GC(2246) Small Pages: 195 / 390M, Empty: 264M, Relocated: 5M, In-Place: 0
[404.211s][info][gc,reloc    ] GC(2246) Medium Pages: 48 / 1536M, Empty: 0M, Relocated: 21M, In-Place: 0
[404.211s][info][gc,reloc    ] GC(2246) Large Pages: 6 / 48M, Empty: 16M, Relocated: 0M, In-Place: 0
[404.211s][info][gc,reloc    ] GC(2246) Forwarding Usage: 0M
[404.211s][info][gc,heap     ] GC(2246) Min Capacity: 8M(0%)
[404.211s][info][gc,heap     ] GC(2246) Max Capacity: 2048M(100%)
[404.211s][info][gc,heap     ] GC(2246) Soft Max Capacity: 2048M(100%)
[404.211s][info][gc,heap     ] GC(2246)                Mark Start          Mark End        Relocate Start      Relocate End           High               Low         
[404.211s][info][gc,heap     ] GC(2246)  Capacity:     2048M (100%)       2048M (100%)       2048M (100%)       2048M (100%)       2048M (100%)       2048M (100%)   
[404.212s][info][gc,heap     ] GC(2246)      Free:       74M (4%)            0M (0%)          260M (13%)         158M (8%)          264M (13%)           0M (0%)     
[404.212s][info][gc,heap     ] GC(2246)      Used:     1974M (96%)        2048M (100%)       1788M (87%)        1890M (92%)        2048M (100%)       1784M (87%)    
[404.212s][info][gc,heap     ] GC(2246)      Live:         -              1393M (68%)        1393M (68%)        1393M (68%)            -                  -          
[404.212s][info][gc,heap     ] GC(2246) Allocated:         -                74M (4%)           94M (5%)          301M (15%)            -                  -          
[404.212s][info][gc,heap     ] GC(2246)   Garbage:         -               580M (28%)         300M (15%)         194M (10%)            -                  -          
[404.212s][info][gc,heap     ] GC(2246) Reclaimed:         -                  -               280M (14%)         385M (19%)            -                  -          
[404.212s][info][gc          ] GC(2246) Garbage Collection (Allocation Stall) 1974M(96%)->1890M(92%)
[404.248s][info][gc,start    ] GC(2247) Garbage Collection (Allocation Stall)
[404.248s][info][gc,ref      ] GC(2247) Clearing All SoftReferences
[404.248s][info][gc,task     ] GC(2247) Using 12 workers
[404.248s][info][gc,ref      ] GC(2247) Clearing All SoftReferences
[404.248s][info][gc,phases   ] GC(2247) Pause Mark Start 0.045ms
[404.264s][info][gc,phases   ] GC(2247) Concurrent Mark 15.310ms
[404.264s][info][gc,phases   ] GC(2247) Pause Mark End 0.017ms
[404.264s][info][gc,phases   ] GC(2247) Concurrent Mark Free 0.001ms
[404.266s][info][gc,phases   ] GC(2247) Concurrent Process Non-Strong References 2.473ms
[404.266s][info][gc,phases   ] GC(2247) Concurrent Reset Relocation Set 0.009ms
[404.267s][info][gc          ] Allocation Stall (Executor task launch worker for task 14.0 in stage 84.0 (TID 1410)) 15.325ms
[404.267s][info][gc          ] Allocation Stall (Executor task launch worker for task 11.0 in stage 84.0 (TID 1409)) 14.588ms
[404.267s][info][gc          ] Allocation Stall (Executor task launch worker for task 0.0 in stage 84.0 (TID 1407)) 15.551ms
[404.267s][info][gc          ] Allocation Stall (Executor task launch worker for task 3.0 in stage 84.0 (TID 1408)) 15.358ms
[404.267s][info][gc          ] Allocation Stall (Executor task launch worker for task 35.0 in stage 84.0 (TID 1415)) 15.432ms
[404.267s][info][gc          ] Allocation Stall (Executor task launch worker for task 20.0 in stage 84.0 (TID 1412)) 14.399ms
[404.267s][info][gc          ] Allocation Stall (Executor task launch worker for task 30.0 in stage 84.0 (TID 1414)) 15.541ms
[404.267s][info][gc          ] Allocation Stall (Executor task launch worker for task 19.0 in stage 84.0 (TID 1411)) 14.640ms
[404.267s][info][gc          ] Allocation Stall (Executor task launch worker for task 44.0 in stage 84.0 (TID 1417)) 14.304ms
[404.267s][info][gc          ] Allocation Stall (Executor task launch worker for task 46.0 in stage 84.0 (TID 1419)) 14.273ms
[404.267s][info][gc          ] Allocation Stall (Executor task launch worker for task 24.0 in stage 84.0 (TID 1413)) 15.344ms
[404.267s][info][gc          ] Allocation Stall (Executor task launch worker for task 45.0 in stage 84.0 (TID 1418)) 14.274ms
[404.267s][info][gc          ] Allocation Stall (Executor task launch worker for task 42.0 in stage 84.0 (TID 1416)) 14.610ms
[404.269s][info][gc,phases   ] GC(2247) Concurrent Select Relocation Set 2.864ms
[404.270s][info][gc,phases   ] GC(2247) Pause Relocate Start 0.006ms
[404.288s][info][gc,phases   ] GC(2247) Concurrent Relocate 18.480ms
[404.288s][info][gc,load     ] GC(2247) Load: 0.00/0.00/0.00
[404.288s][info][gc,mmu      ] GC(2247) MMU: 2ms/86.2%, 5ms/94.5%, 10ms/97.2%, 20ms/98.6%, 50ms/99.4%, 100ms/99.6%
[404.288s][info][gc,marking  ] GC(2247) Mark: 8 stripe(s), 2 proactive flush(es), 1 terminate flush(es), 0 completion(s), 0 continuation(s) 
[404.288s][info][gc,marking  ] GC(2247) Mark Stack Usage: 32M
[404.288s][info][gc,nmethod  ] GC(2247) NMethods: 8124 registered, 1339 unregistered
[404.288s][info][gc,metaspace] GC(2247) Metaspace: 120M used, 123M committed, 1152M reserved
[404.288s][info][gc,ref      ] GC(2247) Soft: 2846 encountered, 825 discovered, 4 enqueued
[404.288s][info][gc,ref      ] GC(2247) Weak: 13716 encountered, 1070 discovered, 13 enqueued
[404.288s][info][gc,ref      ] GC(2247) Final: 84 encountered, 0 discovered, 0 enqueued
[404.288s][info][gc,ref      ] GC(2247) Phantom: 753 encountered, 481 discovered, 0 enqueued
[404.288s][info][gc,reloc    ] GC(2247) Small Pages: 235 / 470M, Empty: 330M, Relocated: 4M, In-Place: 0
[404.288s][info][gc,reloc    ] GC(2247) Medium Pages: 48 / 1536M, Empty: 0M, Relocated: 17M, In-Place: 0
[404.288s][info][gc,reloc    ] GC(2247) Large Pages: 4 / 32M, Empty: 32M, Relocated: 0M, In-Place: 0
[404.288s][info][gc,reloc    ] GC(2247) Forwarding Usage: 0M
[404.288s][info][gc,heap     ] GC(2247) Min Capacity: 8M(0%)
[404.288s][info][gc,heap     ] GC(2247) Max Capacity: 2048M(100%)
[404.288s][info][gc,heap     ] GC(2247) Soft Max Capacity: 2048M(100%)
[404.288s][info][gc,heap     ] GC(2247)                Mark Start          Mark End        Relocate Start      Relocate End           High               Low         
[404.288s][info][gc,heap     ] GC(2247)  Capacity:     2048M (100%)       2048M (100%)       2048M (100%)       2048M (100%)       2048M (100%)       2048M (100%)   
[404.289s][info][gc,heap     ] GC(2247)      Free:       10M (0%)            0M (0%)          340M (17%)         218M (11%)         358M (17%)           0M (0%)     
[404.289s][info][gc,heap     ] GC(2247)      Used:     2038M (100%)       2048M (100%)       1708M (83%)        1830M (89%)        2048M (100%)       1690M (83%)    
[404.289s][info][gc,heap     ] GC(2247)      Live:         -              1375M (67%)        1375M (67%)        1375M (67%)            -                  -          
[404.289s][info][gc,heap     ] GC(2247) Allocated:         -                10M (0%)           32M (2%)          242M (12%)            -                  -          
[404.289s][info][gc,heap     ] GC(2247)   Garbage:         -               662M (32%)         300M (15%)         211M (10%)            -                  -          
[404.289s][info][gc,heap     ] GC(2247) Reclaimed:         -                  -               362M (18%)         450M (22%)            -                  -          
[404.289s][info][gc          ] GC(2247) Garbage Collection (Allocation Stall) 2038M(100%)->1830M(89%)
[404.316s][info][gc,start    ] GC(2248) Garbage Collection (Allocation Stall)
[404.316s][info][gc,ref      ] GC(2248) Clearing All SoftReferences
[404.316s][info][gc,task     ] GC(2248) Using 12 workers
[404.316s][info][gc,ref      ] GC(2248) Clearing All SoftReferences
[404.316s][info][gc,phases   ] GC(2248) Pause Mark Start 0.042ms
[404.342s][info][gc,phases   ] GC(2248) Concurrent Mark 25.524ms
[404.342s][info][gc,phases   ] GC(2248) Pause Mark End 0.021ms
[404.342s][info][gc,phases   ] GC(2248) Concurrent Mark Free 0.001ms
[404.345s][info][gc,phases   ] GC(2248) Concurrent Process Non-Strong References 2.842ms
[404.345s][info][gc,phases   ] GC(2248) Concurrent Reset Relocation Set 0.005ms
[404.345s][info][gc          ] Allocation Stall (Executor task launch worker for task 46.0 in stage 84.0 (TID 1419)) 28.943ms
[404.345s][info][gc          ] Allocation Stall (Executor task launch worker for task 20.0 in stage 84.0 (TID 1412)) 28.648ms
[404.345s][info][gc          ] Allocation Stall (Executor task launch worker for task 24.0 in stage 84.0 (TID 1413)) 28.982ms
[404.345s][info][gc          ] Allocation Stall (Executor task launch worker for task 42.0 in stage 84.0 (TID 1416)) 28.658ms
[404.345s][info][gc          ] Allocation Stall (Executor task launch worker for task 11.0 in stage 84.0 (TID 1409)) 28.667ms
[404.345s][info][gc          ] Allocation Stall (Executor task launch worker for task 30.0 in stage 84.0 (TID 1414)) 28.651ms
[404.345s][info][gc          ] Allocation Stall (Executor task launch worker for task 3.0 in stage 84.0 (TID 1408)) 28.914ms
[404.345s][info][gc          ] Allocation Stall (Executor task launch worker for task 14.0 in stage 84.0 (TID 1410)) 28.984ms
[404.345s][info][gc          ] Allocation Stall (Executor task launch worker for task 19.0 in stage 84.0 (TID 1411)) 28.662ms
[404.345s][info][gc          ] Allocation Stall (Executor task launch worker for task 0.0 in stage 84.0 (TID 1407)) 28.651ms
[404.345s][info][gc          ] Allocation Stall (Executor task launch worker for task 44.0 in stage 84.0 (TID 1417)) 28.653ms
[404.345s][info][gc          ] Allocation Stall (Executor task launch worker for task 35.0 in stage 84.0 (TID 1415)) 25.106ms
[404.345s][info][gc          ] Allocation Stall (Executor task launch worker for task 45.0 in stage 84.0 (TID 1418)) 28.657ms
[404.348s][info][gc,phases   ] GC(2248) Concurrent Select Relocation Set 3.377ms
[404.349s][info][gc,phases   ] GC(2248) Pause Relocate Start 0.008ms
[404.365s][info][gc,phases   ] GC(2248) Concurrent Relocate 16.515ms
[404.366s][info][gc,load     ] GC(2248) Load: 0.00/0.00/0.00
[404.366s][info][gc,mmu      ] GC(2248) MMU: 2ms/86.2%, 5ms/94.5%, 10ms/97.2%, 20ms/98.6%, 50ms/99.4%, 100ms/99.6%
[404.366s][info][gc,marking  ] GC(2248) Mark: 8 stripe(s), 3 proactive flush(es), 1 terminate flush(es), 0 completion(s), 0 continuation(s) 
[404.366s][info][gc,marking  ] GC(2248) Mark Stack Usage: 32M
[404.366s][info][gc,nmethod  ] GC(2248) NMethods: 8124 registered, 1340 unregistered
[404.366s][info][gc,metaspace] GC(2248) Metaspace: 120M used, 123M committed, 1152M reserved
[404.366s][info][gc,ref      ] GC(2248) Soft: 2842 encountered, 634 discovered, 0 enqueued
[404.366s][info][gc,ref      ] GC(2248) Weak: 13703 encountered, 891 discovered, 1 enqueued
[404.366s][info][gc,ref      ] GC(2248) Final: 84 encountered, 0 discovered, 0 enqueued
[404.366s][info][gc,ref      ] GC(2248) Phantom: 752 encountered, 492 discovered, 0 enqueued
[404.366s][info][gc,reloc    ] GC(2248) Small Pages: 248 / 496M, Empty: 388M, Relocated: 4M, In-Place: 0
[404.366s][info][gc,reloc    ] GC(2248) Medium Pages: 48 / 1536M, Empty: 0M, Relocated: 18M, In-Place: 0
[404.366s][info][gc,reloc    ] GC(2248) Large Pages: 2 / 16M, Empty: 0M, Relocated: 0M, In-Place: 0
[404.366s][info][gc,reloc    ] GC(2248) Forwarding Usage: 0M
[404.366s][info][gc,heap     ] GC(2248) Min Capacity: 8M(0%)
[404.366s][info][gc,heap     ] GC(2248) Max Capacity: 2048M(100%)
[404.366s][info][gc,heap     ] GC(2248) Soft Max Capacity: 2048M(100%)
[404.366s][info][gc,heap     ] GC(2248)                Mark Start          Mark End        Relocate Start      Relocate End           High               Low         
[404.366s][info][gc,heap     ] GC(2248)  Capacity:     2048M (100%)       2048M (100%)       2048M (100%)       2048M (100%)       2048M (100%)       2048M (100%)   
[404.366s][info][gc,heap     ] GC(2248)      Free:        0M (0%)            0M (0%)          332M (16%)         232M (11%)         376M (18%)           0M (0%)     
[404.366s][info][gc,heap     ] GC(2248)      Used:     2048M (100%)       2048M (100%)       1716M (84%)        1816M (89%)        2048M (100%)       1672M (82%)    
[404.366s][info][gc,heap     ] GC(2248)      Live:         -              1389M (68%)        1389M (68%)        1389M (68%)            -                  -          
[404.366s][info][gc,heap     ] GC(2248) Allocated:         -                 0M (0%)           56M (3%)          212M (10%)            -                  -          
[404.366s][info][gc,heap     ] GC(2248)   Garbage:         -               658M (32%)         270M (13%)         214M (10%)            -                  -          
[404.366s][info][gc,heap     ] GC(2248) Reclaimed:         -                  -               388M (19%)         444M (22%)            -                  -          
[404.366s][info][gc          ] GC(2248) Garbage Collection (Allocation Stall) 2048M(100%)->1816M(89%)
[404.396s][info][gc,start    ] GC(2249) Garbage Collection (Allocation Stall)
[404.396s][info][gc,ref      ] GC(2249) Clearing All SoftReferences
[404.396s][info][gc,task     ] GC(2249) Using 12 workers
[404.396s][info][gc,ref      ] GC(2249) Clearing All SoftReferences
[404.396s][info][gc,phases   ] GC(2249) Pause Mark Start 0.051ms
[404.396s][info][gc          ] Allocation Stall (Executor task launch worker for task 44.0 in stage 84.0 (TID 1417)) 0.693ms
[404.396s][info][gc          ] Allocation Stall (Executor task launch worker for task 14.0 in stage 84.0 (TID 1410)) 0.668ms
[404.412s][info][gc,phases   ] GC(2249) Concurrent Mark 15.683ms
[404.412s][info][gc,phases   ] GC(2249) Pause Mark End 0.016ms
[404.412s][info][gc,phases   ] GC(2249) Concurrent Mark Free 0.000ms
[404.415s][info][gc,phases   ] GC(2249) Concurrent Process Non-Strong References 2.341ms
[404.415s][info][gc,phases   ] GC(2249) Concurrent Reset Relocation Set 0.003ms
[404.415s][info][gc          ] Allocation Stall (Executor task launch worker for task 14.0 in stage 84.0 (TID 1410)) 15.793ms
[404.415s][info][gc          ] Allocation Stall (Executor task launch worker for task 35.0 in stage 84.0 (TID 1415)) 15.831ms
[404.415s][info][gc          ] Allocation Stall (Executor task launch worker for task 20.0 in stage 84.0 (TID 1412)) 15.738ms
[404.415s][info][gc          ] Allocation Stall (Executor task launch worker for task 44.0 in stage 84.0 (TID 1417)) 15.720ms
[404.415s][info][gc          ] Allocation Stall (Spark Context Cleaner) 2.624ms
[404.415s][info][gc          ] Allocation Stall (Executor task launch worker for task 3.0 in stage 84.0 (TID 1408)) 15.824ms
[404.415s][info][gc          ] Allocation Stall (Executor task launch worker for task 24.0 in stage 84.0 (TID 1413)) 15.846ms
[404.415s][info][gc          ] Allocation Stall (Executor task launch worker for task 30.0 in stage 84.0 (TID 1414)) 15.806ms
[404.415s][info][gc          ] Allocation Stall (Executor task launch worker for task 19.0 in stage 84.0 (TID 1411)) 15.767ms
[404.415s][info][gc          ] Allocation Stall (Executor task launch worker for task 11.0 in stage 84.0 (TID 1409)) 15.398ms
[404.415s][info][gc          ] Allocation Stall (Executor task launch worker for task 42.0 in stage 84.0 (TID 1416)) 15.518ms
[404.415s][info][gc          ] Allocation Stall (Executor task launch worker for task 0.0 in stage 84.0 (TID 1407)) 15.412ms
[404.415s][info][gc          ] Allocation Stall (Executor task launch worker for task 45.0 in stage 84.0 (TID 1418)) 15.656ms
[404.415s][info][gc          ] Allocation Stall (Executor task launch worker for task 46.0 in stage 84.0 (TID 1419)) 15.686ms
[404.419s][info][gc,phases   ] GC(2249) Concurrent Select Relocation Set 3.872ms
[404.419s][info][gc,phases   ] GC(2249) Pause Relocate Start 0.006ms
[404.434s][info][gc,phases   ] GC(2249) Concurrent Relocate 15.489ms
[404.434s][info][gc,load     ] GC(2249) Load: 0.00/0.00/0.00
[404.434s][info][gc,mmu      ] GC(2249) MMU: 2ms/86.2%, 5ms/94.5%, 10ms/97.2%, 20ms/98.6%, 50ms/99.4%, 100ms/99.6%
[404.434s][info][gc,marking  ] GC(2249) Mark: 8 stripe(s), 3 proactive flush(es), 1 terminate flush(es), 0 completion(s), 0 continuation(s) 
[404.434s][info][gc,marking  ] GC(2249) Mark Stack Usage: 32M
[404.434s][info][gc,nmethod  ] GC(2249) NMethods: 8124 registered, 1340 unregistered
[404.434s][info][gc,metaspace] GC(2249) Metaspace: 120M used, 123M committed, 1152M reserved
[404.434s][info][gc,ref      ] GC(2249) Soft: 2846 encountered, 393 discovered, 4 enqueued
[404.434s][info][gc,ref      ] GC(2249) Weak: 13714 encountered, 788 discovered, 22 enqueued
[404.434s][info][gc,ref      ] GC(2249) Final: 84 encountered, 0 discovered, 0 enqueued
[404.434s][info][gc,ref      ] GC(2249) Phantom: 751 encountered, 561 discovered, 0 enqueued
[404.434s][info][gc,reloc    ] GC(2249) Small Pages: 242 / 484M, Empty: 348M, Relocated: 4M, In-Place: 0
[404.435s][info][gc,reloc    ] GC(2249) Medium Pages: 48 / 1536M, Empty: 0M, Relocated: 21M, In-Place: 0
[404.435s][info][gc,reloc    ] GC(2249) Large Pages: 2 / 16M, Empty: 16M, Relocated: 0M, In-Place: 0
[404.435s][info][gc,reloc    ] GC(2249) Forwarding Usage: 0M
[404.435s][info][gc,heap     ] GC(2249) Min Capacity: 8M(0%)
[404.435s][info][gc,heap     ] GC(2249) Max Capacity: 2048M(100%)
[404.435s][info][gc,heap     ] GC(2249) Soft Max Capacity: 2048M(100%)
[404.435s][info][gc,heap     ] GC(2249)                Mark Start          Mark End        Relocate Start      Relocate End           High               Low         
[404.435s][info][gc,heap     ] GC(2249)  Capacity:     2048M (100%)       2048M (100%)       2048M (100%)       2048M (100%)       2048M (100%)       2048M (100%)   
[404.435s][info][gc,heap     ] GC(2249)      Free:        8M (0%)            0M (0%)          332M (16%)         206M (10%)         346M (17%)           0M (0%)     
[404.435s][info][gc,heap     ] GC(2249)      Used:     2040M (100%)       2048M (100%)       1716M (84%)        1842M (90%)        2048M (100%)       1702M (83%)    
[404.435s][info][gc,heap     ] GC(2249)      Live:         -              1376M (67%)        1376M (67%)        1376M (67%)            -                  -          
[404.435s][info][gc,heap     ] GC(2249) Allocated:         -                 8M (0%)           40M (2%)          253M (12%)            -                  -          
[404.435s][info][gc,heap     ] GC(2249)   Garbage:         -               663M (32%)         299M (15%)         211M (10%)            -                  -          
[404.435s][info][gc,heap     ] GC(2249) Reclaimed:         -                  -               364M (18%)         451M (22%)            -                  -          
[404.435s][info][gc          ] GC(2249) Garbage Collection (Allocation Stall) 2040M(100%)->1842M(90%)
[404.443s][info][gc,start    ] GC(2250) Garbage Collection (Allocation Stall)
[404.443s][info][gc,ref      ] GC(2250) Clearing All SoftReferences
[404.443s][info][gc,task     ] GC(2250) Using 12 workers
[404.444s][info][gc,ref      ] GC(2250) Clearing All SoftReferences
[404.444s][info][gc,phases   ] GC(2250) Pause Mark Start 0.043ms
[404.458s][info][gc          ] Allocation Stall (Executor task launch worker for task 35.0 in stage 84.0 (TID 1415)) 0.075ms
[404.490s][info][gc,phases   ] GC(2250) Concurrent Mark 45.870ms
[404.490s][info][gc,phases   ] GC(2250) Pause Mark End 0.028ms
[404.490s][info][gc,phases   ] GC(2250) Concurrent Mark Free 0.001ms
[404.494s][info][gc,phases   ] GC(2250) Concurrent Process Non-Strong References 3.668ms
[404.494s][info][gc,phases   ] GC(2250) Concurrent Reset Relocation Set 0.006ms
[404.494s][info][gc          ] Allocation Stall (Executor task launch worker for task 19.0 in stage 84.0 (TID 1411)) 31.248ms
[404.494s][info][gc          ] Allocation Stall (Executor task launch worker for task 20.0 in stage 84.0 (TID 1412)) 31.098ms
[404.494s][info][gc          ] Allocation Stall (Executor task launch worker for task 45.0 in stage 84.0 (TID 1418)) 30.978ms
[404.494s][info][gc          ] Allocation Stall (Executor task launch worker for task 35.0 in stage 84.0 (TID 1415)) 30.844ms
[404.494s][info][gc          ] Allocation Stall (Executor task launch worker for task 11.0 in stage 84.0 (TID 1409)) 31.176ms
[404.494s][info][gc          ] Allocation Stall (Executor task launch worker for task 0.0 in stage 84.0 (TID 1407)) 30.719ms
[404.494s][info][gc          ] Allocation Stall (Executor task launch worker for task 24.0 in stage 84.0 (TID 1413)) 30.890ms
[404.494s][info][gc          ] Allocation Stall (Executor task launch worker for task 44.0 in stage 84.0 (TID 1417)) 31.007ms
[404.494s][info][gc          ] Allocation Stall (Executor task launch worker for task 42.0 in stage 84.0 (TID 1416)) 30.904ms
[404.494s][info][gc          ] Allocation Stall (Executor task launch worker for task 14.0 in stage 84.0 (TID 1410)) 30.832ms
[404.494s][info][gc          ] Allocation Stall (Executor task launch worker for task 46.0 in stage 84.0 (TID 1419)) 30.951ms
[404.494s][info][gc          ] Allocation Stall (Executor task launch worker for task 30.0 in stage 84.0 (TID 1414)) 30.702ms
[404.494s][info][gc          ] Allocation Stall (Executor task launch worker for task 3.0 in stage 84.0 (TID 1408)) 30.811ms
[404.498s][info][gc,phases   ] GC(2250) Concurrent Select Relocation Set 3.492ms
[404.498s][info][gc,phases   ] GC(2250) Pause Relocate Start 0.009ms
[404.500s][info][gc,phases   ] GC(2250) Concurrent Relocate 1.793ms
[404.500s][info][gc,load     ] GC(2250) Load: 0.00/0.00/0.00
[404.500s][info][gc,mmu      ] GC(2250) MMU: 2ms/86.2%, 5ms/94.5%, 10ms/97.2%, 20ms/98.6%, 50ms/99.4%, 100ms/99.6%
[404.500s][info][gc,marking  ] GC(2250) Mark: 8 stripe(s), 2 proactive flush(es), 1 terminate flush(es), 0 completion(s), 0 continuation(s) 
[404.500s][info][gc,marking  ] GC(2250) Mark Stack Usage: 32M
[404.500s][info][gc,nmethod  ] GC(2250) NMethods: 8124 registered, 1340 unregistered
[404.500s][info][gc,metaspace] GC(2250) Metaspace: 120M used, 123M committed, 1152M reserved
[404.500s][info][gc,ref      ] GC(2250) Soft: 2842 encountered, 620 discovered, 0 enqueued
[404.500s][info][gc,ref      ] GC(2250) Weak: 13692 encountered, 724 discovered, 0 enqueued
[404.500s][info][gc,ref      ] GC(2250) Final: 84 encountered, 0 discovered, 0 enqueued
[404.500s][info][gc,ref      ] GC(2250) Phantom: 751 encountered, 573 discovered, 0 enqueued
[404.500s][info][gc,reloc    ] GC(2250) Small Pages: 242 / 484M, Empty: 378M, Relocated: 4M, In-Place: 0
[404.500s][info][gc,reloc    ] GC(2250) Medium Pages: 47 / 1504M, Empty: 0M, Relocated: 0M, In-Place: 0
[404.500s][info][gc,reloc    ] GC(2250) Large Pages: 0 / 0M, Empty: 0M, Relocated: 0M, In-Place: 0
[404.500s][info][gc,reloc    ] GC(2250) Forwarding Usage: 0M
[404.500s][info][gc,heap     ] GC(2250) Min Capacity: 8M(0%)
[404.500s][info][gc,heap     ] GC(2250) Max Capacity: 2048M(100%)
[404.500s][info][gc,heap     ] GC(2250) Soft Max Capacity: 2048M(100%)
[404.500s][info][gc,heap     ] GC(2250)                Mark Start          Mark End        Relocate Start      Relocate End           High               Low         
[404.501s][info][gc,heap     ] GC(2250)  Capacity:     2048M (100%)       2048M (100%)       2048M (100%)       2048M (100%)       2048M (100%)       2048M (100%)   
[404.501s][info][gc,heap     ] GC(2250)      Free:       60M (3%)            0M (0%)          362M (18%)         372M (18%)         372M (18%)           0M (0%)     
[404.501s][info][gc,heap     ] GC(2250)      Used:     1988M (97%)        2048M (100%)       1686M (82%)        1676M (82%)        2048M (100%)       1676M (82%)    
[404.501s][info][gc,heap     ] GC(2250)      Live:         -              1376M (67%)        1376M (67%)        1376M (67%)            -                  -          
[404.501s][info][gc,heap     ] GC(2250) Allocated:         -                60M (3%)           76M (4%)           87M (4%)             -                  -          
[404.501s][info][gc,heap     ] GC(2250)   Garbage:         -               611M (30%)         233M (11%)         211M (10%)            -                  -          
[404.501s][info][gc,heap     ] GC(2250) Reclaimed:         -                  -               378M (18%)         399M (20%)            -                  -          
[404.501s][info][gc          ] GC(2250) Garbage Collection (Allocation Stall) 1988M(97%)->1676M(82%)
[404.531s][info][gc,start    ] GC(2251) Garbage Collection (Allocation Stall)
[404.531s][info][gc,ref      ] GC(2251) Clearing All SoftReferences
[404.531s][info][gc,task     ] GC(2251) Using 12 workers
[404.531s][info][gc,ref      ] GC(2251) Clearing All SoftReferences
[404.531s][info][gc,phases   ] GC(2251) Pause Mark Start 0.039ms
[404.553s][info][gc,phases   ] GC(2251) Concurrent Mark 21.718ms
[404.553s][info][gc,phases   ] GC(2251) Pause Mark End 0.020ms
[404.553s][info][gc,phases   ] GC(2251) Concurrent Mark Free 0.001ms
[404.556s][info][gc,phases   ] GC(2251) Concurrent Process Non-Strong References 2.657ms
[404.556s][info][gc,phases   ] GC(2251) Concurrent Reset Relocation Set 0.003ms
[404.556s][info][gc          ] Allocation Stall (Executor task launch worker for task 30.0 in stage 84.0 (TID 1414)) 24.910ms
[404.556s][info][gc          ] Allocation Stall (Executor task launch worker for task 0.0 in stage 84.0 (TID 1407)) 24.928ms
[404.556s][info][gc          ] Allocation Stall (Executor task launch worker for task 35.0 in stage 84.0 (TID 1415)) 24.895ms
[404.556s][info][gc          ] Allocation Stall (Executor task launch worker for task 11.0 in stage 84.0 (TID 1409)) 24.958ms
[404.556s][info][gc          ] Allocation Stall (Executor task launch worker for task 20.0 in stage 84.0 (TID 1412)) 24.958ms
[404.556s][info][gc          ] Allocation Stall (Executor task launch worker for task 14.0 in stage 84.0 (TID 1410)) 24.959ms
[404.556s][info][gc          ] Allocation Stall (Executor task launch worker for task 42.0 in stage 84.0 (TID 1416)) 24.899ms
[404.556s][info][gc          ] Allocation Stall (Executor task launch worker for task 19.0 in stage 84.0 (TID 1411)) 24.917ms
[404.556s][info][gc          ] Allocation Stall (Executor task launch worker for task 44.0 in stage 84.0 (TID 1417)) 24.952ms
[404.556s][info][gc          ] Allocation Stall (Executor task launch worker for task 24.0 in stage 84.0 (TID 1413)) 24.859ms
[404.556s][info][gc          ] Allocation Stall (Executor task launch worker for task 45.0 in stage 84.0 (TID 1418)) 24.958ms
[404.556s][info][gc          ] Allocation Stall (Executor task launch worker for task 46.0 in stage 84.0 (TID 1419)) 24.914ms
[404.556s][info][gc          ] Allocation Stall (Executor task launch worker for task 3.0 in stage 84.0 (TID 1408)) 24.955ms
[404.559s][info][gc,phases   ] GC(2251) Concurrent Select Relocation Set 2.685ms
[404.559s][info][gc,phases   ] GC(2251) Pause Relocate Start 0.006ms
[404.561s][info][gc,phases   ] GC(2251) Concurrent Relocate 1.774ms
[404.561s][info][gc,load     ] GC(2251) Load: 0.00/0.00/0.00
[404.561s][info][gc,mmu      ] GC(2251) MMU: 2ms/86.2%, 5ms/94.5%, 10ms/97.2%, 20ms/98.6%, 50ms/99.4%, 100ms/99.6%
[404.561s][info][gc,marking  ] GC(2251) Mark: 8 stripe(s), 2 proactive flush(es), 1 terminate flush(es), 0 completion(s), 0 continuation(s) 
[404.561s][info][gc,marking  ] GC(2251) Mark Stack Usage: 32M
[404.561s][info][gc,nmethod  ] GC(2251) NMethods: 8124 registered, 1340 unregistered
[404.561s][info][gc,metaspace] GC(2251) Metaspace: 120M used, 123M committed, 1152M reserved
[404.561s][info][gc,ref      ] GC(2251) Soft: 2842 encountered, 1866 discovered, 0 enqueued
[404.561s][info][gc,ref      ] GC(2251) Weak: 13692 encountered, 394 discovered, 1 enqueued
[404.561s][info][gc,ref      ] GC(2251) Final: 84 encountered, 2 discovered, 0 enqueued
[404.561s][info][gc,ref      ] GC(2251) Phantom: 751 encountered, 617 discovered, 0 enqueued
[404.561s][info][gc,reloc    ] GC(2251) Small Pages: 272 / 544M, Empty: 438M, Relocated: 4M, In-Place: 0
[404.561s][info][gc,reloc    ] GC(2251) Medium Pages: 47 / 1504M, Empty: 0M, Relocated: 0M, In-Place: 0
[404.561s][info][gc,reloc    ] GC(2251) Large Pages: 0 / 0M, Empty: 0M, Relocated: 0M, In-Place: 0
[404.561s][info][gc,reloc    ] GC(2251) Forwarding Usage: 0M
[404.561s][info][gc,heap     ] GC(2251) Min Capacity: 8M(0%)
[404.561s][info][gc,heap     ] GC(2251) Max Capacity: 2048M(100%)
[404.561s][info][gc,heap     ] GC(2251) Soft Max Capacity: 2048M(100%)
[404.561s][info][gc,heap     ] GC(2251)                Mark Start          Mark End        Relocate Start      Relocate End           High               Low         
[404.561s][info][gc,heap     ] GC(2251)  Capacity:     2048M (100%)       2048M (100%)       2048M (100%)       2048M (100%)       2048M (100%)       2048M (100%)   
[404.561s][info][gc,heap     ] GC(2251)      Free:        0M (0%)            0M (0%)          420M (21%)         422M (21%)         432M (21%)           0M (0%)     
[404.561s][info][gc,heap     ] GC(2251)      Used:     2048M (100%)       2048M (100%)       1628M (79%)        1626M (79%)        2048M (100%)       1616M (79%)    
[404.561s][info][gc,heap     ] GC(2251)      Live:         -              1376M (67%)        1376M (67%)        1376M (67%)            -                  -          
[404.561s][info][gc,heap     ] GC(2251) Allocated:         -                 0M (0%)           18M (1%)           37M (2%)             -                  -          
[404.561s][info][gc,heap     ] GC(2251)   Garbage:         -               671M (33%)         233M (11%)         211M (10%)            -                  -          
[404.561s][info][gc,heap     ] GC(2251) Reclaimed:         -                  -               438M (21%)         459M (22%)            -                  -          
[404.561s][info][gc          ] GC(2251) Garbage Collection (Allocation Stall) 2048M(100%)->1626M(79%)
[404.594s][info][gc,start    ] GC(2252) Garbage Collection (Allocation Stall)
[404.594s][info][gc,ref      ] GC(2252) Clearing All SoftReferences
[404.594s][info][gc,task     ] GC(2252) Using 12 workers
[404.595s][info][gc,ref      ] GC(2252) Clearing All SoftReferences
[404.595s][info][gc,phases   ] GC(2252) Pause Mark Start 0.040ms
[404.616s][info][gc,phases   ] GC(2252) Concurrent Mark 20.914ms
[404.616s][info][gc,phases   ] GC(2252) Pause Mark End 0.030ms
[404.616s][info][gc,phases   ] GC(2252) Concurrent Mark Free 0.001ms
[404.619s][info][gc,phases   ] GC(2252) Concurrent Process Non-Strong References 2.741ms
[404.619s][info][gc,phases   ] GC(2252) Concurrent Reset Relocation Set 0.003ms
[404.619s][info][gc          ] Allocation Stall (Executor task launch worker for task 20.0 in stage 84.0 (TID 1412)) 23.990ms
[404.619s][info][gc          ] Allocation Stall (Executor task launch worker for task 42.0 in stage 84.0 (TID 1416)) 24.338ms
[404.619s][info][gc          ] Allocation Stall (Executor task launch worker for task 14.0 in stage 84.0 (TID 1410)) 23.997ms
[404.619s][info][gc          ] Allocation Stall (Executor task launch worker for task 35.0 in stage 84.0 (TID 1415)) 24.004ms
[404.619s][info][gc          ] Allocation Stall (Executor task launch worker for task 24.0 in stage 84.0 (TID 1413)) 23.991ms
[404.619s][info][gc          ] Allocation Stall (Executor task launch worker for task 45.0 in stage 84.0 (TID 1418)) 23.992ms
[404.619s][info][gc          ] Allocation Stall (Spark Context Cleaner) 3.080ms
[404.619s][info][gc          ] Allocation Stall (Executor task launch worker for task 11.0 in stage 84.0 (TID 1409)) 24.004ms
[404.619s][info][gc          ] Allocation Stall (Executor task launch worker for task 0.0 in stage 84.0 (TID 1407)) 24.001ms
[404.619s][info][gc          ] Allocation Stall (Executor task launch worker for task 3.0 in stage 84.0 (TID 1408)) 24.001ms
[404.619s][info][gc          ] Allocation Stall (Executor task launch worker for task 44.0 in stage 84.0 (TID 1417)) 24.005ms
[404.619s][info][gc          ] Allocation Stall (Executor task launch worker for task 46.0 in stage 84.0 (TID 1419)) 24.017ms
[404.619s][info][gc          ] Allocation Stall (Executor task launch worker for task 30.0 in stage 84.0 (TID 1414)) 24.016ms
[404.619s][info][gc          ] Allocation Stall (Executor task launch worker for task 19.0 in stage 84.0 (TID 1411)) 24.017ms
[404.622s][info][gc,phases   ] GC(2252) Concurrent Select Relocation Set 3.279ms
[404.622s][info][gc,phases   ] GC(2252) Pause Relocate Start 0.006ms
[404.624s][info][gc,phases   ] GC(2252) Concurrent Relocate 1.611ms
[404.624s][info][gc,load     ] GC(2252) Load: 0.00/0.00/0.00
[404.624s][info][gc,mmu      ] GC(2252) MMU: 2ms/86.2%, 5ms/94.5%, 10ms/97.2%, 20ms/98.6%, 50ms/99.4%, 100ms/99.6%
[404.624s][info][gc,marking  ] GC(2252) Mark: 8 stripe(s), 2 proactive flush(es), 1 terminate flush(es), 0 completion(s), 0 continuation(s) 
[404.624s][info][gc,marking  ] GC(2252) Mark Stack Usage: 32M
[404.624s][info][gc,nmethod  ] GC(2252) NMethods: 8124 registered, 1340 unregistered
[404.624s][info][gc,metaspace] GC(2252) Metaspace: 120M used, 123M committed, 1152M reserved
[404.624s][info][gc,ref      ] GC(2252) Soft: 2842 encountered, 1962 discovered, 0 enqueued
[404.624s][info][gc,ref      ] GC(2252) Weak: 13692 encountered, 3666 discovered, 3 enqueued
[404.624s][info][gc,ref      ] GC(2252) Final: 84 encountered, 0 discovered, 0 enqueued
[404.624s][info][gc,ref      ] GC(2252) Phantom: 751 encountered, 612 discovered, 0 enqueued
[404.624s][info][gc,reloc    ] GC(2252) Small Pages: 272 / 544M, Empty: 432M, Relocated: 4M, In-Place: 0
[404.624s][info][gc,reloc    ] GC(2252) Medium Pages: 47 / 1504M, Empty: 0M, Relocated: 0M, In-Place: 0
[404.624s][info][gc,reloc    ] GC(2252) Large Pages: 0 / 0M, Empty: 0M, Relocated: 0M, In-Place: 0
[404.624s][info][gc,reloc    ] GC(2252) Forwarding Usage: 0M
[404.624s][info][gc,heap     ] GC(2252) Min Capacity: 8M(0%)
[404.624s][info][gc,heap     ] GC(2252) Max Capacity: 2048M(100%)
[404.624s][info][gc,heap     ] GC(2252) Soft Max Capacity: 2048M(100%)
[404.624s][info][gc,heap     ] GC(2252)                Mark Start          Mark End        Relocate Start      Relocate End           High               Low         
[404.625s][info][gc,heap     ] GC(2252)  Capacity:     2048M (100%)       2048M (100%)       2048M (100%)       2048M (100%)       2048M (100%)       2048M (100%)   
[404.625s][info][gc,heap     ] GC(2252)      Free:        0M (0%)            0M (0%)          396M (19%)         406M (20%)         412M (20%)           0M (0%)     
[404.625s][info][gc,heap     ] GC(2252)      Used:     2048M (100%)       2048M (100%)       1652M (81%)        1642M (80%)        2048M (100%)       1636M (80%)    
[404.625s][info][gc,heap     ] GC(2252)      Live:         -              1376M (67%)        1376M (67%)        1376M (67%)            -                  -          
[404.625s][info][gc,heap     ] GC(2252) Allocated:         -                 0M (0%)           36M (2%)           53M (3%)             -                  -          
[404.625s][info][gc,heap     ] GC(2252)   Garbage:         -               671M (33%)         239M (12%)         211M (10%)            -                  -          
[404.625s][info][gc,heap     ] GC(2252) Reclaimed:         -                  -               432M (21%)         459M (22%)            -                  -          
[404.625s][info][gc          ] GC(2252) Garbage Collection (Allocation Stall) 2048M(100%)->1642M(80%)
[404.647s][info][gc,start    ] GC(2253) Garbage Collection (Allocation Stall)
[404.647s][info][gc,ref      ] GC(2253) Clearing All SoftReferences
[404.647s][info][gc,task     ] GC(2253) Using 12 workers
[404.647s][info][gc,ref      ] GC(2253) Clearing All SoftReferences
[404.647s][info][gc,phases   ] GC(2253) Pause Mark Start 0.037ms
[404.678s][info][gc,phases   ] GC(2253) Concurrent Mark 30.894ms
[404.678s][info][gc,phases   ] GC(2253) Pause Mark End 0.028ms
[404.678s][info][gc,phases   ] GC(2253) Concurrent Mark Free 0.001ms
[404.681s][info][gc,phases   ] GC(2253) Concurrent Process Non-Strong References 2.642ms
[404.681s][info][gc,phases   ] GC(2253) Concurrent Reset Relocation Set 0.003ms
[404.681s][info][gc          ] Allocation Stall (Executor task launch worker for task 14.0 in stage 84.0 (TID 1410)) 13.721ms
[404.681s][info][gc          ] Allocation Stall (Executor task launch worker for task 24.0 in stage 84.0 (TID 1413)) 13.469ms
[404.681s][info][gc          ] Allocation Stall (Executor task launch worker for task 35.0 in stage 84.0 (TID 1415)) 13.693ms
[404.681s][info][gc          ] Allocation Stall (Executor task launch worker for task 11.0 in stage 84.0 (TID 1409)) 13.657ms
[404.681s][info][gc          ] Allocation Stall (Executor task launch worker for task 46.0 in stage 84.0 (TID 1419)) 13.794ms
[404.681s][info][gc          ] Allocation Stall (Executor task launch worker for task 44.0 in stage 84.0 (TID 1417)) 13.734ms
[404.681s][info][gc          ] Allocation Stall (Executor task launch worker for task 19.0 in stage 84.0 (TID 1411)) 13.422ms
[404.681s][info][gc          ] Allocation Stall (Executor task launch worker for task 20.0 in stage 84.0 (TID 1412)) 13.742ms
[404.681s][info][gc          ] Allocation Stall (Executor task launch worker for task 45.0 in stage 84.0 (TID 1418)) 13.504ms
[404.681s][info][gc          ] Allocation Stall (Executor task launch worker for task 42.0 in stage 84.0 (TID 1416)) 13.617ms
[404.681s][info][gc          ] Allocation Stall (Executor task launch worker for task 0.0 in stage 84.0 (TID 1407)) 13.781ms
[404.681s][info][gc          ] Allocation Stall (Executor task launch worker for task 30.0 in stage 84.0 (TID 1414)) 13.669ms
[404.681s][info][gc          ] Allocation Stall (Executor task launch worker for task 3.0 in stage 84.0 (TID 1408)) 13.432ms
[404.684s][info][gc,phases   ] GC(2253) Concurrent Select Relocation Set 2.630ms
[404.684s][info][gc,phases   ] GC(2253) Pause Relocate Start 0.006ms
[404.686s][info][gc,phases   ] GC(2253) Concurrent Relocate 1.763ms
[404.686s][info][gc,load     ] GC(2253) Load: 0.00/0.00/0.00
[404.686s][info][gc,mmu      ] GC(2253) MMU: 2ms/86.2%, 5ms/94.5%, 10ms/97.2%, 20ms/98.6%, 50ms/99.4%, 100ms/99.6%
[404.686s][info][gc,marking  ] GC(2253) Mark: 8 stripe(s), 2 proactive flush(es), 1 terminate flush(es), 0 completion(s), 0 continuation(s) 
[404.686s][info][gc,marking  ] GC(2253) Mark Stack Usage: 32M
[404.686s][info][gc,nmethod  ] GC(2253) NMethods: 8124 registered, 1340 unregistered
[404.686s][info][gc,metaspace] GC(2253) Metaspace: 120M used, 123M committed, 1152M reserved
[404.686s][info][gc,ref      ] GC(2253) Soft: 2842 encountered, 355 discovered, 0 enqueued
[404.686s][info][gc,ref      ] GC(2253) Weak: 13689 encountered, 1362 discovered, 0 enqueued
[404.686s][info][gc,ref      ] GC(2253) Final: 84 encountered, 0 discovered, 0 enqueued
[404.686s][info][gc,ref      ] GC(2253) Phantom: 751 encountered, 461 discovered, 0 enqueued
[404.686s][info][gc,reloc    ] GC(2253) Small Pages: 211 / 422M, Empty: 316M, Relocated: 4M, In-Place: 0
[404.686s][info][gc,reloc    ] GC(2253) Medium Pages: 47 / 1504M, Empty: 0M, Relocated: 0M, In-Place: 0
[404.686s][info][gc,reloc    ] GC(2253) Large Pages: 0 / 0M, Empty: 0M, Relocated: 0M, In-Place: 0
[404.686s][info][gc,reloc    ] GC(2253) Forwarding Usage: 0M
[404.686s][info][gc,heap     ] GC(2253) Min Capacity: 8M(0%)
[404.686s][info][gc,heap     ] GC(2253) Max Capacity: 2048M(100%)
[404.686s][info][gc,heap     ] GC(2253) Soft Max Capacity: 2048M(100%)
[404.686s][info][gc,heap     ] GC(2253)                Mark Start          Mark End        Relocate Start      Relocate End           High               Low         
[404.686s][info][gc,heap     ] GC(2253)  Capacity:     2048M (100%)       2048M (100%)       2048M (100%)       2048M (100%)       2048M (100%)       2048M (100%)   
[404.686s][info][gc,heap     ] GC(2253)      Free:      122M (6%)            0M (0%)          300M (15%)         306M (15%)         312M (15%)           0M (0%)     
[404.686s][info][gc,heap     ] GC(2253)      Used:     1926M (94%)        2048M (100%)       1748M (85%)        1742M (85%)        2048M (100%)       1736M (85%)    
[404.686s][info][gc,heap     ] GC(2253)      Live:         -              1376M (67%)        1376M (67%)        1376M (67%)            -                  -          
[404.686s][info][gc,heap     ] GC(2253) Allocated:         -               122M (6%)          138M (7%)          153M (8%)             -                  -          
[404.686s][info][gc,heap     ] GC(2253)   Garbage:         -               549M (27%)         233M (11%)         211M (10%)            -                  -          
[404.686s][info][gc,heap     ] GC(2253) Reclaimed:         -                  -               316M (15%)         337M (16%)            -                  -          
[404.686s][info][gc          ] GC(2253) Garbage Collection (Allocation Stall) 1926M(94%)->1742M(85%)
[404.708s][info][gc,start    ] GC(2254) Garbage Collection (Allocation Stall)
[404.708s][info][gc,ref      ] GC(2254) Clearing All SoftReferences
[404.708s][info][gc,task     ] GC(2254) Using 12 workers
[404.708s][info][gc,ref      ] GC(2254) Clearing All SoftReferences
[404.708s][info][gc,phases   ] GC(2254) Pause Mark Start 0.037ms
[404.725s][info][gc,phases   ] GC(2254) Concurrent Mark 17.127ms
[404.725s][info][gc,phases   ] GC(2254) Pause Mark End 0.017ms
[404.725s][info][gc,phases   ] GC(2254) Concurrent Mark Free 0.001ms
[404.728s][info][gc,phases   ] GC(2254) Concurrent Process Non-Strong References 2.478ms
[404.728s][info][gc,phases   ] GC(2254) Concurrent Reset Relocation Set 0.003ms
[404.728s][info][gc          ] Allocation Stall (Executor task launch worker for task 42.0 in stage 84.0 (TID 1416)) 20.138ms
[404.728s][info][gc          ] Allocation Stall (Executor task launch worker for task 11.0 in stage 84.0 (TID 1409)) 19.914ms
[404.728s][info][gc          ] Allocation Stall (Executor task launch worker for task 24.0 in stage 84.0 (TID 1413)) 20.107ms
[404.728s][info][gc          ] Allocation Stall (Executor task launch worker for task 20.0 in stage 84.0 (TID 1412)) 20.210ms
[404.728s][info][gc          ] Allocation Stall (Executor task launch worker for task 45.0 in stage 84.0 (TID 1418)) 20.172ms
[404.728s][info][gc          ] Allocation Stall (Executor task launch worker for task 44.0 in stage 84.0 (TID 1417)) 19.910ms
[404.728s][info][gc          ] Allocation Stall (Executor task launch worker for task 14.0 in stage 84.0 (TID 1410)) 20.135ms
[404.728s][info][gc          ] Allocation Stall (Executor task launch worker for task 0.0 in stage 84.0 (TID 1407)) 20.213ms
[404.728s][info][gc          ] Allocation Stall (Executor task launch worker for task 46.0 in stage 84.0 (TID 1419)) 20.096ms
[404.728s][info][gc          ] Allocation Stall (Executor task launch worker for task 19.0 in stage 84.0 (TID 1411)) 20.212ms
[404.728s][info][gc          ] Allocation Stall (Executor task launch worker for task 35.0 in stage 84.0 (TID 1415)) 20.205ms
[404.728s][info][gc          ] Allocation Stall (Executor task launch worker for task 30.0 in stage 84.0 (TID 1414)) 20.152ms
[404.728s][info][gc          ] Allocation Stall (Spark Context Cleaner) 2.801ms
[404.728s][info][gc          ] Allocation Stall (Executor task launch worker for task 3.0 in stage 84.0 (TID 1408)) 20.090ms
[404.731s][info][gc,phases   ] GC(2254) Concurrent Select Relocation Set 3.269ms
[404.731s][info][gc,phases   ] GC(2254) Pause Relocate Start 0.006ms
[404.732s][info][gc,phases   ] GC(2254) Concurrent Relocate 1.245ms
[404.732s][info][gc,load     ] GC(2254) Load: 0.00/0.00/0.00
[404.733s][info][gc,mmu      ] GC(2254) MMU: 2ms/86.2%, 5ms/94.5%, 10ms/97.2%, 20ms/98.6%, 50ms/99.4%, 100ms/99.6%
[404.733s][info][gc,marking  ] GC(2254) Mark: 8 stripe(s), 2 proactive flush(es), 1 terminate flush(es), 0 completion(s), 0 continuation(s) 
[404.733s][info][gc,marking  ] GC(2254) Mark Stack Usage: 32M
[404.733s][info][gc,nmethod  ] GC(2254) NMethods: 8124 registered, 1340 unregistered
[404.733s][info][gc,metaspace] GC(2254) Metaspace: 120M used, 123M committed, 1152M reserved
[404.733s][info][gc,ref      ] GC(2254) Soft: 2842 encountered, 580 discovered, 0 enqueued
[404.733s][info][gc,ref      ] GC(2254) Weak: 13689 encountered, 831 discovered, 0 enqueued
[404.733s][info][gc,ref      ] GC(2254) Final: 84 encountered, 3 discovered, 0 enqueued
[404.733s][info][gc,ref      ] GC(2254) Phantom: 751 encountered, 571 discovered, 0 enqueued
[404.733s][info][gc,reloc    ] GC(2254) Small Pages: 272 / 544M, Empty: 434M, Relocated: 4M, In-Place: 0
[404.733s][info][gc,reloc    ] GC(2254) Medium Pages: 47 / 1504M, Empty: 0M, Relocated: 0M, In-Place: 0
[404.733s][info][gc,reloc    ] GC(2254) Large Pages: 0 / 0M, Empty: 0M, Relocated: 0M, In-Place: 0
[404.733s][info][gc,reloc    ] GC(2254) Forwarding Usage: 0M
[404.733s][info][gc,heap     ] GC(2254) Min Capacity: 8M(0%)
[404.733s][info][gc,heap     ] GC(2254) Max Capacity: 2048M(100%)
[404.733s][info][gc,heap     ] GC(2254) Soft Max Capacity: 2048M(100%)
[404.733s][info][gc,heap     ] GC(2254)                Mark Start          Mark End        Relocate Start      Relocate End           High               Low         
[404.733s][info][gc,heap     ] GC(2254)  Capacity:     2048M (100%)       2048M (100%)       2048M (100%)       2048M (100%)       2048M (100%)       2048M (100%)   
[404.733s][info][gc,heap     ] GC(2254)      Free:        0M (0%)            0M (0%)          392M (19%)         404M (20%)         408M (20%)           0M (0%)     
[404.733s][info][gc,heap     ] GC(2254)      Used:     2048M (100%)       2048M (100%)       1656M (81%)        1644M (80%)        2048M (100%)       1640M (80%)    
[404.733s][info][gc,heap     ] GC(2254)      Live:         -              1376M (67%)        1376M (67%)        1376M (67%)            -                  -          
[404.733s][info][gc,heap     ] GC(2254) Allocated:         -                 0M (0%)           42M (2%)           55M (3%)             -                  -          
[404.733s][info][gc,heap     ] GC(2254)   Garbage:         -               671M (33%)         237M (12%)         211M (10%)            -                  -          
[404.733s][info][gc,heap     ] GC(2254) Reclaimed:         -                  -               434M (21%)         459M (22%)            -                  -          
[404.733s][info][gc          ] GC(2254) Garbage Collection (Allocation Stall) 2048M(100%)->1644M(80%)
[404.741s][info][gc,start    ] GC(2255) Garbage Collection (Allocation Stall)
[404.741s][info][gc,ref      ] GC(2255) Clearing All SoftReferences
[404.741s][info][gc,task     ] GC(2255) Using 12 workers
[404.741s][info][gc,ref      ] GC(2255) Clearing All SoftReferences
[404.741s][info][gc,phases   ] GC(2255) Pause Mark Start 0.036ms
[404.772s][info][gc,phases   ] GC(2255) Concurrent Mark 30.923ms
[404.772s][info][gc,phases   ] GC(2255) Pause Mark End 0.024ms
[404.772s][info][gc,phases   ] GC(2255) Concurrent Mark Free 0.001ms
[404.776s][info][gc,phases   ] GC(2255) Concurrent Process Non-Strong References 3.704ms
[404.776s][info][gc,phases   ] GC(2255) Concurrent Reset Relocation Set 0.003ms
[404.776s][info][gc          ] Allocation Stall (Executor task launch worker for task 0.0 in stage 84.0 (TID 1407)) 0.542ms
[404.776s][info][gc          ] Allocation Stall (Executor task launch worker for task 20.0 in stage 84.0 (TID 1412)) 0.264ms
[404.776s][info][gc          ] Allocation Stall (Executor task launch worker for task 30.0 in stage 84.0 (TID 1414)) 0.145ms
[404.776s][info][gc          ] Allocation Stall (Executor task launch worker for task 46.0 in stage 84.0 (TID 1419)) 0.178ms
[404.776s][info][gc          ] Allocation Stall (Executor task launch worker for task 45.0 in stage 84.0 (TID 1418)) 0.272ms
[404.776s][info][gc          ] Allocation Stall (Executor task launch worker for task 44.0 in stage 84.0 (TID 1417)) 0.282ms
[404.776s][info][gc          ] Allocation Stall (Executor task launch worker for task 3.0 in stage 84.0 (TID 1408)) 0.179ms
[404.776s][info][gc          ] Allocation Stall (Executor task launch worker for task 14.0 in stage 84.0 (TID 1410)) 0.166ms
[404.776s][info][gc          ] Allocation Stall (Executor task launch worker for task 11.0 in stage 84.0 (TID 1409)) 0.328ms
[404.776s][info][gc          ] Allocation Stall (Executor task launch worker for task 19.0 in stage 84.0 (TID 1411)) 0.285ms
[404.776s][info][gc          ] Allocation Stall (Executor task launch worker for task 35.0 in stage 84.0 (TID 1415)) 0.333ms
[404.776s][info][gc          ] Allocation Stall (Executor task launch worker for task 42.0 in stage 84.0 (TID 1416)) 0.299ms
[404.779s][info][gc,phases   ] GC(2255) Concurrent Select Relocation Set 2.840ms
[404.785s][info][gc,phases   ] GC(2255) Pause Relocate Start 0.007ms
[404.787s][info][gc,phases   ] GC(2255) Concurrent Relocate 1.362ms
[404.787s][info][gc,load     ] GC(2255) Load: 0.00/0.00/0.00
[404.787s][info][gc,mmu      ] GC(2255) MMU: 2ms/86.2%, 5ms/94.5%, 10ms/97.2%, 20ms/98.6%, 50ms/99.4%, 100ms/99.6%
[404.787s][info][gc,marking  ] GC(2255) Mark: 8 stripe(s), 2 proactive flush(es), 1 terminate flush(es), 0 completion(s), 0 continuation(s) 
[404.787s][info][gc,marking  ] GC(2255) Mark Stack Usage: 32M
[404.787s][info][gc,nmethod  ] GC(2255) NMethods: 8124 registered, 1340 unregistered
[404.787s][info][gc,metaspace] GC(2255) Metaspace: 120M used, 123M committed, 1152M reserved
[404.787s][info][gc,ref      ] GC(2255) Soft: 2842 encountered, 1188 discovered, 0 enqueued
[404.787s][info][gc,ref      ] GC(2255) Weak: 13687 encountered, 1093 discovered, 0 enqueued
[404.787s][info][gc,ref      ] GC(2255) Final: 84 encountered, 33 discovered, 0 enqueued
[404.787s][info][gc,ref      ] GC(2255) Phantom: 751 encountered, 499 discovered, 0 enqueued
[404.787s][info][gc,reloc    ] GC(2255) Small Pages: 127 / 254M, Empty: 158M, Relocated: 4M, In-Place: 0
[404.787s][info][gc,reloc    ] GC(2255) Medium Pages: 47 / 1504M, Empty: 0M, Relocated: 0M, In-Place: 0
[404.787s][info][gc,reloc    ] GC(2255) Large Pages: 0 / 0M, Empty: 0M, Relocated: 0M, In-Place: 0
[404.787s][info][gc,reloc    ] GC(2255) Forwarding Usage: 0M
[404.787s][info][gc,heap     ] GC(2255) Min Capacity: 8M(0%)
[404.787s][info][gc,heap     ] GC(2255) Max Capacity: 2048M(100%)
[404.787s][info][gc,heap     ] GC(2255) Soft Max Capacity: 2048M(100%)
[404.787s][info][gc,heap     ] GC(2255)                Mark Start          Mark End        Relocate Start      Relocate End           High               Low         
[404.787s][info][gc,heap     ] GC(2255)  Capacity:     2048M (100%)       2048M (100%)       2048M (100%)       2048M (100%)       2048M (100%)       2048M (100%)   
[404.787s][info][gc,heap     ] GC(2255)      Free:      290M (14%)          38M (2%)           68M (3%)           62M (3%)          290M (14%)           0M (0%)     
[404.787s][info][gc,heap     ] GC(2255)      Used:     1758M (86%)        2010M (98%)        1980M (97%)        1986M (97%)        2048M (100%)       1758M (86%)    
[404.787s][info][gc,heap     ] GC(2255)      Live:         -              1376M (67%)        1376M (67%)        1376M (67%)            -                  -          
[404.787s][info][gc,heap     ] GC(2255) Allocated:         -               252M (12%)         380M (19%)         397M (19%)            -                  -          
[404.787s][info][gc,heap     ] GC(2255)   Garbage:         -               381M (19%)         223M (11%)         211M (10%)            -                  -          
[404.787s][info][gc,heap     ] GC(2255) Reclaimed:         -                  -               158M (8%)          169M (8%)             -                  -          
[404.787s][info][gc          ] GC(2255) Garbage Collection (Allocation Stall) 1758M(86%)->1986M(97%)
[404.791s][info][gc,start    ] GC(2256) Garbage Collection (Allocation Stall)
[404.791s][info][gc,ref      ] GC(2256) Clearing All SoftReferences
[404.791s][info][gc,task     ] GC(2256) Using 12 workers
[404.791s][info][gc,ref      ] GC(2256) Clearing All SoftReferences
[404.791s][info][gc,phases   ] GC(2256) Pause Mark Start 0.025ms
[404.819s][info][gc,phases   ] GC(2256) Concurrent Mark 27.821ms
[404.819s][info][gc,phases   ] GC(2256) Pause Mark End 0.019ms
[404.819s][info][gc,phases   ] GC(2256) Concurrent Mark Free 0.001ms
[404.822s][info][gc,phases   ] GC(2256) Concurrent Process Non-Strong References 2.711ms
[404.822s][info][gc,phases   ] GC(2256) Concurrent Reset Relocation Set 0.002ms
[404.822s][info][gc          ] Allocation Stall (Executor task launch worker for task 35.0 in stage 84.0 (TID 1415)) 31.073ms
[404.822s][info][gc          ] Allocation Stall (Executor task launch worker for task 42.0 in stage 84.0 (TID 1416)) 30.894ms
[404.822s][info][gc          ] Allocation Stall (Executor task launch worker for task 0.0 in stage 84.0 (TID 1407)) 31.125ms
[404.822s][info][gc          ] Allocation Stall (Executor task launch worker for task 44.0 in stage 84.0 (TID 1417)) 31.092ms
[404.822s][info][gc          ] Allocation Stall (Executor task launch worker for task 20.0 in stage 84.0 (TID 1412)) 30.904ms
[404.822s][info][gc          ] Allocation Stall (Executor task launch worker for task 3.0 in stage 84.0 (TID 1408)) 30.883ms
[404.822s][info][gc          ] Allocation Stall (Executor task launch worker for task 30.0 in stage 84.0 (TID 1414)) 31.069ms
[404.822s][info][gc          ] Allocation Stall (Executor task launch worker for task 14.0 in stage 84.0 (TID 1410)) 31.145ms
[404.822s][info][gc          ] Allocation Stall (Executor task launch worker for task 45.0 in stage 84.0 (TID 1418)) 30.889ms
[404.822s][info][gc          ] Allocation Stall (block-manager-storage-async-thread-pool-199) 3.069ms
[404.822s][info][gc          ] Allocation Stall (Executor task launch worker for task 24.0 in stage 84.0 (TID 1413)) 30.898ms
[404.822s][info][gc          ] Allocation Stall (Executor task launch worker for task 46.0 in stage 84.0 (TID 1419)) 31.144ms
[404.822s][info][gc          ] Allocation Stall (Executor task launch worker for task 19.0 in stage 84.0 (TID 1411)) 30.915ms
[404.822s][info][gc          ] Allocation Stall (Executor task launch worker for task 11.0 in stage 84.0 (TID 1409)) 30.900ms
[404.827s][info][gc,phases   ] GC(2256) Concurrent Select Relocation Set 4.809ms
[404.827s][info][gc,phases   ] GC(2256) Pause Relocate Start 0.008ms
[404.829s][info][gc,phases   ] GC(2256) Concurrent Relocate 1.610ms
[404.829s][info][gc,load     ] GC(2256) Load: 0.00/0.00/0.00
[404.829s][info][gc,mmu      ] GC(2256) MMU: 2ms/86.2%, 5ms/94.5%, 10ms/97.2%, 20ms/98.6%, 50ms/99.4%, 100ms/99.6%
[404.829s][info][gc,marking  ] GC(2256) Mark: 8 stripe(s), 2 proactive flush(es), 1 terminate flush(es), 0 completion(s), 0 continuation(s) 
[404.829s][info][gc,marking  ] GC(2256) Mark Stack Usage: 32M
[404.829s][info][gc,nmethod  ] GC(2256) NMethods: 8124 registered, 1340 unregistered
[404.829s][info][gc,metaspace] GC(2256) Metaspace: 120M used, 123M committed, 1152M reserved
[404.829s][info][gc,ref      ] GC(2256) Soft: 2842 encountered, 763 discovered, 0 enqueued
[404.829s][info][gc,ref      ] GC(2256) Weak: 13685 encountered, 1104 discovered, 1 enqueued
[404.829s][info][gc,ref      ] GC(2256) Final: 84 encountered, 2 discovered, 0 enqueued
[404.829s][info][gc,ref      ] GC(2256) Phantom: 751 encountered, 603 discovered, 0 enqueued
[404.829s][info][gc,reloc    ] GC(2256) Small Pages: 272 / 544M, Empty: 430M, Relocated: 4M, In-Place: 0
[404.829s][info][gc,reloc    ] GC(2256) Medium Pages: 47 / 1504M, Empty: 0M, Relocated: 0M, In-Place: 0
[404.829s][info][gc,reloc    ] GC(2256) Large Pages: 0 / 0M, Empty: 0M, Relocated: 0M, In-Place: 0
[404.829s][info][gc,reloc    ] GC(2256) Forwarding Usage: 0M
[404.829s][info][gc,heap     ] GC(2256) Min Capacity: 8M(0%)
[404.829s][info][gc,heap     ] GC(2256) Max Capacity: 2048M(100%)
[404.830s][info][gc,heap     ] GC(2256) Soft Max Capacity: 2048M(100%)
[404.830s][info][gc,heap     ] GC(2256)                Mark Start          Mark End        Relocate Start      Relocate End           High               Low         
[404.830s][info][gc,heap     ] GC(2256)  Capacity:     2048M (100%)       2048M (100%)       2048M (100%)       2048M (100%)       2048M (100%)       2048M (100%)   
[404.830s][info][gc,heap     ] GC(2256)      Free:        0M (0%)            0M (0%)          380M (19%)         398M (19%)         402M (20%)           0M (0%)     
[404.830s][info][gc,heap     ] GC(2256)      Used:     2048M (100%)       2048M (100%)       1668M (81%)        1650M (81%)        2048M (100%)       1646M (80%)    
[404.830s][info][gc,heap     ] GC(2256)      Live:         -              1352M (66%)        1352M (66%)        1352M (66%)            -                  -          
[404.830s][info][gc,heap     ] GC(2256) Allocated:         -                 0M (0%)           50M (2%)           61M (3%)             -                  -          
[404.830s][info][gc,heap     ] GC(2256)   Garbage:         -               695M (34%)         265M (13%)         235M (12%)            -                  -          
[404.830s][info][gc,heap     ] GC(2256) Reclaimed:         -                  -               430M (21%)         459M (22%)            -                  -          
[404.830s][info][gc          ] GC(2256) Garbage Collection (Allocation Stall) 2048M(100%)->1650M(81%)
[404.850s][info][gc,start    ] GC(2257) Garbage Collection (Allocation Stall)
[404.850s][info][gc,ref      ] GC(2257) Clearing All SoftReferences
[404.850s][info][gc,task     ] GC(2257) Using 12 workers
[404.850s][info][gc,ref      ] GC(2257) Clearing All SoftReferences
[404.850s][info][gc,phases   ] GC(2257) Pause Mark Start 0.037ms
[404.884s][info][gc,phases   ] GC(2257) Concurrent Mark 33.419ms
[404.884s][info][gc,phases   ] GC(2257) Pause Mark End 0.022ms
[404.884s][info][gc,phases   ] GC(2257) Concurrent Mark Free 0.001ms
[404.887s][info][gc,phases   ] GC(2257) Concurrent Process Non-Strong References 2.739ms
[404.887s][info][gc,phases   ] GC(2257) Concurrent Reset Relocation Set 0.005ms
[404.887s][info][gc          ] Allocation Stall (Executor task launch worker for task 24.0 in stage 84.0 (TID 1413)) 17.396ms
[404.887s][info][gc          ] Allocation Stall (Executor task launch worker for task 35.0 in stage 84.0 (TID 1415)) 17.434ms
[404.887s][info][gc          ] Allocation Stall (Executor task launch worker for task 44.0 in stage 84.0 (TID 1417)) 17.494ms
[404.887s][info][gc          ] Allocation Stall (Executor task launch worker for task 45.0 in stage 84.0 (TID 1418)) 17.494ms
[404.887s][info][gc          ] Allocation Stall (Executor task launch worker for task 11.0 in stage 84.0 (TID 1409)) 17.657ms
[404.887s][info][gc          ] Allocation Stall (Executor task launch worker for task 42.0 in stage 84.0 (TID 1416)) 17.359ms
[404.887s][info][gc          ] Allocation Stall (Executor task launch worker for task 19.0 in stage 84.0 (TID 1411)) 17.382ms
[404.887s][info][gc          ] Allocation Stall (Executor task launch worker for task 14.0 in stage 84.0 (TID 1410)) 17.379ms
[404.887s][info][gc          ] Allocation Stall (Executor task launch worker for task 3.0 in stage 84.0 (TID 1408)) 12.487ms
[404.887s][info][gc          ] Allocation Stall (dispatcher-event-loop-28) 15.181ms
[404.891s][info][gc,phases   ] GC(2257) Concurrent Select Relocation Set 4.301ms
[404.891s][info][gc,phases   ] GC(2257) Pause Relocate Start 0.009ms
[404.916s][info][gc          ] Allocation Stall (Executor task launch worker for task 35.0 in stage 84.0 (TID 1415)) 1.955ms
[404.916s][info][gc          ] Allocation Stall (Executor task launch worker for task 11.0 in stage 84.0 (TID 1409)) 1.817ms
[404.916s][info][gc          ] Allocation Stall (Executor task launch worker for task 19.0 in stage 84.0 (TID 1411)) 1.997ms
[404.916s][info][gc          ] Allocation Stall (Executor task launch worker for task 44.0 in stage 84.0 (TID 1417)) 1.870ms
[404.916s][info][gc          ] Allocation Stall (Executor task launch worker for task 42.0 in stage 84.0 (TID 1416)) 2.005ms
[404.916s][info][gc          ] Allocation Stall (Executor task launch worker for task 24.0 in stage 84.0 (TID 1413)) 1.696ms
[404.916s][info][gc          ] Allocation Stall (Executor task launch worker for task 45.0 in stage 84.0 (TID 1418)) 1.697ms
[404.926s][info][gc,phases   ] GC(2257) Concurrent Relocate 34.427ms
[404.926s][info][gc,load     ] GC(2257) Load: 0.00/0.00/0.00
[404.926s][info][gc,mmu      ] GC(2257) MMU: 2ms/86.2%, 5ms/94.5%, 10ms/97.2%, 20ms/98.6%, 50ms/99.4%, 100ms/99.6%
[404.926s][info][gc,marking  ] GC(2257) Mark: 8 stripe(s), 3 proactive flush(es), 1 terminate flush(es), 0 completion(s), 0 continuation(s) 
[404.926s][info][gc,marking  ] GC(2257) Mark Stack Usage: 32M
[404.926s][info][gc,nmethod  ] GC(2257) NMethods: 8126 registered, 1340 unregistered
[404.926s][info][gc,metaspace] GC(2257) Metaspace: 120M used, 123M committed, 1152M reserved
[404.926s][info][gc,ref      ] GC(2257) Soft: 2880 encountered, 843 discovered, 23 enqueued
[404.926s][info][gc,ref      ] GC(2257) Weak: 13671 encountered, 1032 discovered, 8 enqueued
[404.926s][info][gc,ref      ] GC(2257) Final: 84 encountered, 0 discovered, 0 enqueued
[404.926s][info][gc,ref      ] GC(2257) Phantom: 753 encountered, 574 discovered, 0 enqueued
[404.926s][info][gc,reloc    ] GC(2257) Small Pages: 194 / 388M, Empty: 244M, Relocated: 8M, In-Place: 0
[404.926s][info][gc,reloc    ] GC(2257) Medium Pages: 47 / 1504M, Empty: 0M, Relocated: 138M, In-Place: 1
[404.926s][info][gc,reloc    ] GC(2257) Large Pages: 0 / 0M, Empty: 0M, Relocated: 0M, In-Place: 0
[404.926s][info][gc,reloc    ] GC(2257) Forwarding Usage: 2M
[404.926s][info][gc,heap     ] GC(2257) Min Capacity: 8M(0%)
[404.926s][info][gc,heap     ] GC(2257) Max Capacity: 2048M(100%)
[404.926s][info][gc,heap     ] GC(2257) Soft Max Capacity: 2048M(100%)
[404.926s][info][gc,heap     ] GC(2257)                Mark Start          Mark End        Relocate Start      Relocate End           High               Low         
[404.926s][info][gc,heap     ] GC(2257)  Capacity:     2048M (100%)       2048M (100%)       2048M (100%)       2048M (100%)       2048M (100%)       2048M (100%)   
[404.926s][info][gc,heap     ] GC(2257)      Free:      156M (8%)            0M (0%)          208M (10%)         176M (9%)          220M (11%)           0M (0%)     
[404.926s][info][gc,heap     ] GC(2257)      Used:     1892M (92%)        2048M (100%)       1840M (90%)        1872M (91%)        2048M (100%)       1828M (89%)    
[404.926s][info][gc,heap     ] GC(2257)      Live:         -              1280M (63%)        1280M (63%)        1280M (63%)            -                  -          
[404.926s][info][gc,heap     ] GC(2257) Allocated:         -               156M (8%)          192M (9%)          388M (19%)            -                  -          
[404.926s][info][gc,heap     ] GC(2257)   Garbage:         -               611M (30%)         367M (18%)         202M (10%)            -                  -          
[404.926s][info][gc,heap     ] GC(2257) Reclaimed:         -                  -               244M (12%)         408M (20%)            -                  -          
[404.926s][info][gc          ] GC(2257) Garbage Collection (Allocation Stall) 1892M(92%)->1872M(91%)
[404.950s][info][gc,start    ] GC(2258) Garbage Collection (Allocation Stall)
[404.950s][info][gc,ref      ] GC(2258) Clearing All SoftReferences
[404.950s][info][gc,task     ] GC(2258) Using 12 workers
[404.950s][info][gc,ref      ] GC(2258) Clearing All SoftReferences
[404.950s][info][gc,phases   ] GC(2258) Pause Mark Start 0.042ms
[404.981s][info][gc,phases   ] GC(2258) Concurrent Mark 30.947ms
[404.981s][info][gc,phases   ] GC(2258) Pause Mark End 0.039ms
[404.981s][info][gc,phases   ] GC(2258) Concurrent Mark Free 0.001ms
[405.008s][info][gc,phases   ] GC(2258) Concurrent Process Non-Strong References 26.045ms
[405.008s][info][gc,phases   ] GC(2258) Concurrent Reset Relocation Set 0.009ms
[405.012s][info][gc,phases   ] GC(2258) Concurrent Select Relocation Set 4.056ms
[405.012s][info][gc,phases   ] GC(2258) Pause Relocate Start 0.011ms
[405.042s][info][gc,phases   ] GC(2258) Concurrent Relocate 30.103ms
[405.042s][info][gc,load     ] GC(2258) Load: 0.00/0.00/0.00
[405.042s][info][gc,mmu      ] GC(2258) MMU: 2ms/86.2%, 5ms/94.5%, 10ms/97.2%, 20ms/98.6%, 50ms/99.4%, 100ms/99.6%
[405.042s][info][gc,marking  ] GC(2258) Mark: 8 stripe(s), 2 proactive flush(es), 2 terminate flush(es), 0 completion(s), 0 continuation(s) 
[405.042s][info][gc,marking  ] GC(2258) Mark Stack Usage: 32M
[405.042s][info][gc,nmethod  ] GC(2258) NMethods: 8125 registered, 1341 unregistered
[405.042s][info][gc,metaspace] GC(2258) Metaspace: 120M used, 123M committed, 1152M reserved
[405.042s][info][gc,ref      ] GC(2258) Soft: 2877 encountered, 444 discovered, 21 enqueued
[405.042s][info][gc,ref      ] GC(2258) Weak: 13718 encountered, 3965 discovered, 17 enqueued
[405.042s][info][gc,ref      ] GC(2258) Final: 84 encountered, 0 discovered, 0 enqueued
[405.042s][info][gc,ref      ] GC(2258) Phantom: 752 encountered, 503 discovered, 0 enqueued
[405.042s][info][gc,reloc    ] GC(2258) Small Pages: 247 / 494M, Empty: 356M, Relocated: 1M, In-Place: 0
[405.042s][info][gc,reloc    ] GC(2258) Medium Pages: 45 / 1440M, Empty: 32M, Relocated: 137M, In-Place: 0
[405.042s][info][gc,reloc    ] GC(2258) Large Pages: 0 / 0M, Empty: 0M, Relocated: 0M, In-Place: 0
[405.042s][info][gc,reloc    ] GC(2258) Forwarding Usage: 0M
[405.042s][info][gc,heap     ] GC(2258) Min Capacity: 8M(0%)
[405.042s][info][gc,heap     ] GC(2258) Max Capacity: 2048M(100%)
[405.042s][info][gc,heap     ] GC(2258) Soft Max Capacity: 2048M(100%)
[405.042s][info][gc,heap     ] GC(2258)                Mark Start          Mark End        Relocate Start      Relocate End           High               Low         
[405.042s][info][gc,heap     ] GC(2258)  Capacity:     2048M (100%)       2048M (100%)       2048M (100%)       2048M (100%)       2048M (100%)       2048M (100%)   
[405.042s][info][gc,heap     ] GC(2258)      Free:      114M (6%)           52M (3%)          388M (19%)         566M (28%)         566M (28%)           8M (0%)     
[405.042s][info][gc,heap     ] GC(2258)      Used:     1934M (94%)        1996M (97%)        1660M (81%)        1482M (72%)        2040M (100%)       1482M (72%)    
[405.042s][info][gc,heap     ] GC(2258)      Live:         -              1157M (57%)        1157M (57%)        1157M (57%)            -                  -          
[405.042s][info][gc,heap     ] GC(2258) Allocated:         -                62M (3%)          114M (6%)          162M (8%)             -                  -          
[405.043s][info][gc,heap     ] GC(2258)   Garbage:         -               776M (38%)         388M (19%)         161M (8%)             -                  -          
[405.043s][info][gc,heap     ] GC(2258) Reclaimed:         -                  -               388M (19%)         614M (30%)            -                  -          
[405.043s][info][gc          ] GC(2258) Garbage Collection (Allocation Stall) 1934M(94%)->1482M(72%)
[405.044s][info][gc,start    ] GC(2259) Garbage Collection (Allocation Rate)
[405.044s][info][gc,task     ] GC(2259) Using 12 workers
[405.044s][info][gc,phases   ] GC(2259) Pause Mark Start 0.008ms
[405.066s][info][gc,phases   ] GC(2259) Concurrent Mark 21.602ms
[405.066s][info][gc,phases   ] GC(2259) Pause Mark End 0.036ms
[405.066s][info][gc,phases   ] GC(2259) Concurrent Mark Free 0.001ms
[405.081s][info][gc,phases   ] GC(2259) Concurrent Process Non-Strong References 15.454ms
[405.081s][info][gc,phases   ] GC(2259) Concurrent Reset Relocation Set 0.007ms
[405.085s][info][gc,phases   ] GC(2259) Concurrent Select Relocation Set 3.788ms
[405.085s][info][gc,phases   ] GC(2259) Pause Relocate Start 0.009ms
[405.089s][info][gc,phases   ] GC(2259) Concurrent Relocate 3.531ms
[405.089s][info][gc,load     ] GC(2259) Load: 0.00/0.00/0.00
[405.089s][info][gc,mmu      ] GC(2259) MMU: 2ms/86.2%, 5ms/94.5%, 10ms/97.2%, 20ms/98.6%, 50ms/99.4%, 100ms/99.6%
[405.089s][info][gc,marking  ] GC(2259) Mark: 8 stripe(s), 2 proactive flush(es), 1 terminate flush(es), 1 completion(s), 0 continuation(s) 
[405.089s][info][gc,marking  ] GC(2259) Mark Stack Usage: 32M
[405.089s][info][gc,nmethod  ] GC(2259) NMethods: 8132 registered, 1341 unregistered
[405.089s][info][gc,metaspace] GC(2259) Metaspace: 120M used, 123M committed, 1152M reserved
[405.089s][info][gc,ref      ] GC(2259) Soft: 2848 encountered, 0 discovered, 0 enqueued
[405.089s][info][gc,ref      ] GC(2259) Weak: 13697 encountered, 2585 discovered, 2 enqueued
[405.089s][info][gc,ref      ] GC(2259) Final: 84 encountered, 18 discovered, 0 enqueued
[405.089s][info][gc,ref      ] GC(2259) Phantom: 751 encountered, 624 discovered, 0 enqueued
[405.089s][info][gc,reloc    ] GC(2259) Small Pages: 101 / 202M, Empty: 106M, Relocated: 5M, In-Place: 0
[405.089s][info][gc,reloc    ] GC(2259) Medium Pages: 40 / 1280M, Empty: 64M, Relocated: 23M, In-Place: 0
[405.089s][info][gc,reloc    ] GC(2259) Large Pages: 0 / 0M, Empty: 0M, Relocated: 0M, In-Place: 0
[405.089s][info][gc,reloc    ] GC(2259) Forwarding Usage: 1M
[405.089s][info][gc,heap     ] GC(2259) Min Capacity: 8M(0%)
[405.089s][info][gc,heap     ] GC(2259) Max Capacity: 2048M(100%)
[405.089s][info][gc,heap     ] GC(2259) Soft Max Capacity: 2048M(100%)
[405.089s][info][gc,heap     ] GC(2259)                Mark Start          Mark End        Relocate Start      Relocate End           High               Low         
[405.089s][info][gc,heap     ] GC(2259)  Capacity:     2048M (100%)       2048M (100%)       2048M (100%)       2048M (100%)       2048M (100%)       2048M (100%)   
[405.090s][info][gc,heap     ] GC(2259)      Free:      566M (28%)         528M (26%)         694M (34%)         816M (40%)         816M (40%)         524M (26%)    
[405.090s][info][gc,heap     ] GC(2259)      Used:     1482M (72%)        1520M (74%)        1354M (66%)        1232M (60%)        1524M (74%)        1232M (60%)    
[405.090s][info][gc,heap     ] GC(2259)      Live:         -              1021M (50%)        1021M (50%)        1021M (50%)            -                  -          
[405.090s][info][gc,heap     ] GC(2259) Allocated:         -                38M (2%)           42M (2%)           41M (2%)             -                  -          
[405.090s][info][gc,heap     ] GC(2259)   Garbage:         -               460M (22%)         290M (14%)         168M (8%)             -                  -          
[405.090s][info][gc,heap     ] GC(2259) Reclaimed:         -                  -               170M (8%)          291M (14%)            -                  -          
[405.090s][info][gc          ] GC(2259) Garbage Collection (Allocation Rate) 1482M(72%)->1232M(60%)
[405.154s][info][gc,start    ] GC(2260) Garbage Collection (Allocation Rate)
[405.154s][info][gc,task     ] GC(2260) Using 12 workers
[405.154s][info][gc,phases   ] GC(2260) Pause Mark Start 0.012ms
[405.185s][info][gc,phases   ] GC(2260) Concurrent Mark 30.908ms
[405.185s][info][gc,phases   ] GC(2260) Pause Mark End 0.021ms
[405.185s][info][gc,phases   ] GC(2260) Concurrent Mark Free 0.001ms
[405.189s][info][gc,phases   ] GC(2260) Concurrent Process Non-Strong References 3.908ms
[405.189s][info][gc,phases   ] GC(2260) Concurrent Reset Relocation Set 0.003ms
[405.193s][info][gc,phases   ] GC(2260) Concurrent Select Relocation Set 3.674ms
[405.193s][info][gc,phases   ] GC(2260) Pause Relocate Start 0.008ms
[405.198s][info][gc,phases   ] GC(2260) Concurrent Relocate 4.233ms
[405.198s][info][gc,load     ] GC(2260) Load: 0.00/0.00/0.00
[405.198s][info][gc,mmu      ] GC(2260) MMU: 2ms/86.2%, 5ms/94.5%, 10ms/97.2%, 20ms/98.6%, 50ms/99.4%, 100ms/99.6%
[405.198s][info][gc,marking  ] GC(2260) Mark: 8 stripe(s), 3 proactive flush(es), 1 terminate flush(es), 0 completion(s), 0 continuation(s) 
[405.198s][info][gc,marking  ] GC(2260) Mark Stack Usage: 32M
[405.198s][info][gc,nmethod  ] GC(2260) NMethods: 8135 registered, 1342 unregistered
[405.198s][info][gc,metaspace] GC(2260) Metaspace: 120M used, 123M committed, 1152M reserved
[405.198s][info][gc,ref      ] GC(2260) Soft: 3393 encountered, 0 discovered, 0 enqueued
[405.198s][info][gc,ref      ] GC(2260) Weak: 14486 encountered, 1046 discovered, 203 enqueued
[405.198s][info][gc,ref      ] GC(2260) Final: 84 encountered, 27 discovered, 0 enqueued
[405.198s][info][gc,ref      ] GC(2260) Phantom: 751 encountered, 599 discovered, 0 enqueued
[405.198s][info][gc,reloc    ] GC(2260) Small Pages: 46 / 92M, Empty: 0M, Relocated: 5M, In-Place: 0
[405.198s][info][gc,reloc    ] GC(2260) Medium Pages: 36 / 1152M, Empty: 32M, Relocated: 23M, In-Place: 0
[405.198s][info][gc,reloc    ] GC(2260) Large Pages: 0 / 0M, Empty: 0M, Relocated: 0M, In-Place: 0
[405.198s][info][gc,reloc    ] GC(2260) Forwarding Usage: 1M
[405.198s][info][gc,heap     ] GC(2260) Min Capacity: 8M(0%)
[405.198s][info][gc,heap     ] GC(2260) Max Capacity: 2048M(100%)
[405.198s][info][gc,heap     ] GC(2260) Soft Max Capacity: 2048M(100%)
[405.198s][info][gc,heap     ] GC(2260)                Mark Start          Mark End        Relocate Start      Relocate End           High               Low         
[405.198s][info][gc,heap     ] GC(2260)  Capacity:     2048M (100%)       2048M (100%)       2048M (100%)       2048M (100%)       2048M (100%)       2048M (100%)   
[405.198s][info][gc,heap     ] GC(2260)      Free:      804M (39%)         760M (37%)         790M (39%)         836M (41%)         836M (41%)         738M (36%)    
[405.198s][info][gc,heap     ] GC(2260)      Used:     1244M (61%)        1288M (63%)        1258M (61%)        1212M (59%)        1310M (64%)        1212M (59%)    
[405.198s][info][gc,heap     ] GC(2260)      Live:         -              1015M (50%)        1015M (50%)        1015M (50%)            -                  -          
[405.198s][info][gc,heap     ] GC(2260) Allocated:         -                44M (2%)           46M (2%)           47M (2%)             -                  -          
[405.198s][info][gc,heap     ] GC(2260)   Garbage:         -               228M (11%)         196M (10%)         148M (7%)             -                  -          
[405.198s][info][gc,heap     ] GC(2260) Reclaimed:         -                  -                32M (2%)           79M (4%)             -                  -          
[405.198s][info][gc          ] GC(2260) Garbage Collection (Allocation Rate) 1244M(61%)->1212M(59%)
[405.248s][info][gc,start    ] GC(2261) Garbage Collection (Allocation Rate)
[405.248s][info][gc,task     ] GC(2261) Using 12 workers
[405.248s][info][gc,phases   ] GC(2261) Pause Mark Start 0.012ms
[405.279s][info][gc,phases   ] GC(2261) Concurrent Mark 30.911ms
[405.279s][info][gc,phases   ] GC(2261) Pause Mark End 0.024ms
[405.279s][info][gc,phases   ] GC(2261) Concurrent Mark Free 0.001ms
[405.283s][info][gc,phases   ] GC(2261) Concurrent Process Non-Strong References 3.749ms
[405.283s][info][gc,phases   ] GC(2261) Concurrent Reset Relocation Set 0.002ms
[405.285s][info][gc,phases   ] GC(2261) Concurrent Select Relocation Set 2.515ms
[405.286s][info][gc,phases   ] GC(2261) Pause Relocate Start 0.008ms
[405.287s][info][gc,phases   ] GC(2261) Concurrent Relocate 1.178ms
[405.287s][info][gc,load     ] GC(2261) Load: 0.00/0.00/0.00
[405.287s][info][gc,mmu      ] GC(2261) MMU: 2ms/86.2%, 5ms/94.5%, 10ms/97.2%, 20ms/98.6%, 50ms/99.4%, 100ms/99.6%
[405.287s][info][gc,marking  ] GC(2261) Mark: 8 stripe(s), 2 proactive flush(es), 1 terminate flush(es), 0 completion(s), 0 continuation(s) 
[405.287s][info][gc,marking  ] GC(2261) Mark Stack Usage: 32M
[405.287s][info][gc,nmethod  ] GC(2261) NMethods: 8135 registered, 1344 unregistered
[405.287s][info][gc,metaspace] GC(2261) Metaspace: 120M used, 123M committed, 1152M reserved
[405.287s][info][gc,ref      ] GC(2261) Soft: 3488 encountered, 0 discovered, 0 enqueued
[405.287s][info][gc,ref      ] GC(2261) Weak: 14504 encountered, 1514 discovered, 51 enqueued
[405.287s][info][gc,ref      ] GC(2261) Final: 84 encountered, 0 discovered, 0 enqueued
[405.287s][info][gc,ref      ] GC(2261) Phantom: 751 encountered, 508 discovered, 0 enqueued
[405.287s][info][gc,reloc    ] GC(2261) Small Pages: 44 / 88M, Empty: 0M, Relocated: 3M, In-Place: 0
[405.287s][info][gc,reloc    ] GC(2261) Medium Pages: 35 / 1120M, Empty: 32M, Relocated: 0M, In-Place: 0
[405.287s][info][gc,reloc    ] GC(2261) Large Pages: 1 / 6M, Empty: 6M, Relocated: 0M, In-Place: 0
[405.287s][info][gc,reloc    ] GC(2261) Forwarding Usage: 0M
[405.287s][info][gc,heap     ] GC(2261) Min Capacity: 8M(0%)
[405.287s][info][gc,heap     ] GC(2261) Max Capacity: 2048M(100%)
[405.287s][info][gc,heap     ] GC(2261) Soft Max Capacity: 2048M(100%)
[405.287s][info][gc,heap     ] GC(2261)                Mark Start          Mark End        Relocate Start      Relocate End           High               Low         
[405.287s][info][gc,heap     ] GC(2261)  Capacity:     2048M (100%)       2048M (100%)       2048M (100%)       2048M (100%)       2048M (100%)       2048M (100%)   
[405.287s][info][gc,heap     ] GC(2261)      Free:      834M (41%)         832M (41%)         870M (42%)         874M (43%)         874M (43%)         832M (41%)    
[405.287s][info][gc,heap     ] GC(2261)      Used:     1214M (59%)        1216M (59%)        1178M (58%)        1174M (57%)        1216M (59%)        1174M (57%)    
[405.287s][info][gc,heap     ] GC(2261)      Live:         -              1016M (50%)        1016M (50%)        1016M (50%)            -                  -          
[405.287s][info][gc,heap     ] GC(2261) Allocated:         -                 2M (0%)            2M (0%)            2M (0%)             -                  -          
[405.287s][info][gc,heap     ] GC(2261)   Garbage:         -               197M (10%)         159M (8%)          155M (8%)             -                  -          
[405.287s][info][gc,heap     ] GC(2261) Reclaimed:         -                  -                38M (2%)           42M (2%)             -                  -          
[405.287s][info][gc          ] GC(2261) Garbage Collection (Allocation Rate) 1214M(59%)->1174M(57%)
[405.341s][info][gc,start    ] GC(2262) Garbage Collection (Allocation Rate)
[405.341s][info][gc,task     ] GC(2262) Using 12 workers
[405.342s][info][gc,phases   ] GC(2262) Pause Mark Start 0.013ms
[405.373s][info][gc,phases   ] GC(2262) Concurrent Mark 30.878ms
[405.373s][info][gc,phases   ] GC(2262) Pause Mark End 0.025ms
[405.373s][info][gc,phases   ] GC(2262) Concurrent Mark Free 0.001ms
[405.376s][info][gc,phases   ] GC(2262) Concurrent Process Non-Strong References 3.362ms
[405.376s][info][gc,phases   ] GC(2262) Concurrent Reset Relocation Set 0.003ms
[405.381s][info][gc,phases   ] GC(2262) Concurrent Select Relocation Set 4.999ms
[405.381s][info][gc,phases   ] GC(2262) Pause Relocate Start 0.009ms
[405.383s][info][gc,phases   ] GC(2262) Concurrent Relocate 1.409ms
[405.383s][info][gc,load     ] GC(2262) Load: 0.00/0.00/0.00
[405.383s][info][gc,mmu      ] GC(2262) MMU: 2ms/86.2%, 5ms/94.5%, 10ms/97.2%, 20ms/98.6%, 50ms/99.4%, 100ms/99.6%
[405.383s][info][gc,marking  ] GC(2262) Mark: 8 stripe(s), 3 proactive flush(es), 1 terminate flush(es), 0 completion(s), 0 continuation(s) 
[405.383s][info][gc,marking  ] GC(2262) Mark Stack Usage: 32M
[405.383s][info][gc,nmethod  ] GC(2262) NMethods: 8135 registered, 1344 unregistered
[405.383s][info][gc,metaspace] GC(2262) Metaspace: 120M used, 123M committed, 1152M reserved
[405.383s][info][gc,ref      ] GC(2262) Soft: 3488 encountered, 0 discovered, 0 enqueued
[405.383s][info][gc,ref      ] GC(2262) Weak: 14444 encountered, 1277 discovered, 0 enqueued
[405.383s][info][gc,ref      ] GC(2262) Final: 84 encountered, 0 discovered, 0 enqueued
[405.383s][info][gc,ref      ] GC(2262) Phantom: 751 encountered, 634 discovered, 0 enqueued
[405.383s][info][gc,reloc    ] GC(2262) Small Pages: 43 / 86M, Empty: 0M, Relocated: 3M, In-Place: 0
[405.383s][info][gc,reloc    ] GC(2262) Medium Pages: 34 / 1088M, Empty: 0M, Relocated: 0M, In-Place: 0
[405.383s][info][gc,reloc    ] GC(2262) Large Pages: 0 / 0M, Empty: 0M, Relocated: 0M, In-Place: 0
[405.383s][info][gc,reloc    ] GC(2262) Forwarding Usage: 1M
[405.383s][info][gc,heap     ] GC(2262) Min Capacity: 8M(0%)
[405.383s][info][gc,heap     ] GC(2262) Max Capacity: 2048M(100%)
[405.384s][info][gc,heap     ] GC(2262) Soft Max Capacity: 2048M(100%)
[405.384s][info][gc,heap     ] GC(2262)                Mark Start          Mark End        Relocate Start      Relocate End           High               Low         
[405.384s][info][gc,heap     ] GC(2262)  Capacity:     2048M (100%)       2048M (100%)       2048M (100%)       2048M (100%)       2048M (100%)       2048M (100%)   
[405.384s][info][gc,heap     ] GC(2262)      Free:      874M (43%)         872M (43%)         872M (43%)         874M (43%)         874M (43%)         850M (42%)    
[405.384s][info][gc,heap     ] GC(2262)      Used:     1174M (57%)        1176M (57%)        1176M (57%)        1174M (57%)        1198M (58%)        1174M (57%)    
[405.384s][info][gc,heap     ] GC(2262)      Live:         -              1016M (50%)        1016M (50%)        1016M (50%)            -                  -          
[405.384s][info][gc,heap     ] GC(2262) Allocated:         -                 2M (0%)            2M (0%)            1M (0%)             -                  -          
[405.384s][info][gc,heap     ] GC(2262)   Garbage:         -               157M (8%)          157M (8%)          155M (8%)             -                  -          
[405.384s][info][gc,heap     ] GC(2262) Reclaimed:         -                  -                 0M (0%)            1M (0%)             -                  -          
[405.384s][info][gc          ] GC(2262) Garbage Collection (Allocation Rate) 1174M(57%)->1174M(57%)
[405.451s][info][gc,start    ] GC(2263) Garbage Collection (Allocation Rate)
[405.451s][info][gc,task     ] GC(2263) Using 12 workers
[405.451s][info][gc,phases   ] GC(2263) Pause Mark Start 0.014ms
[405.482s][info][gc,phases   ] GC(2263) Concurrent Mark 30.898ms
[405.482s][info][gc,phases   ] GC(2263) Pause Mark End 0.032ms
[405.482s][info][gc,phases   ] GC(2263) Concurrent Mark Free 0.001ms
[405.486s][info][gc,phases   ] GC(2263) Concurrent Process Non-Strong References 3.766ms
[405.486s][info][gc,phases   ] GC(2263) Concurrent Reset Relocation Set 0.003ms
[405.489s][info][gc,phases   ] GC(2263) Concurrent Select Relocation Set 3.265ms
[405.490s][info][gc,phases   ] GC(2263) Pause Relocate Start 0.009ms
[405.491s][info][gc,phases   ] GC(2263) Concurrent Relocate 1.211ms
[405.491s][info][gc,load     ] GC(2263) Load: 0.00/0.00/0.00
[405.491s][info][gc,mmu      ] GC(2263) MMU: 2ms/86.2%, 5ms/94.5%, 10ms/97.2%, 20ms/98.6%, 50ms/99.4%, 100ms/99.6%
[405.491s][info][gc,marking  ] GC(2263) Mark: 8 stripe(s), 2 proactive flush(es), 1 terminate flush(es), 0 completion(s), 0 continuation(s) 
[405.491s][info][gc,marking  ] GC(2263) Mark Stack Usage: 32M
[405.491s][info][gc,nmethod  ] GC(2263) NMethods: 8136 registered, 1344 unregistered
[405.491s][info][gc,metaspace] GC(2263) Metaspace: 120M used, 123M committed, 1152M reserved
[405.491s][info][gc,ref      ] GC(2263) Soft: 3488 encountered, 0 discovered, 0 enqueued
[405.491s][info][gc,ref      ] GC(2263) Weak: 14436 encountered, 1036 discovered, 0 enqueued
[405.491s][info][gc,ref      ] GC(2263) Final: 84 encountered, 2 discovered, 0 enqueued
[405.491s][info][gc,ref      ] GC(2263) Phantom: 751 encountered, 423 discovered, 0 enqueued
[405.491s][info][gc,reloc    ] GC(2263) Small Pages: 44 / 88M, Empty: 0M, Relocated: 3M, In-Place: 0
[405.491s][info][gc,reloc    ] GC(2263) Medium Pages: 34 / 1088M, Empty: 0M, Relocated: 0M, In-Place: 0
[405.491s][info][gc,reloc    ] GC(2263) Large Pages: 0 / 0M, Empty: 0M, Relocated: 0M, In-Place: 0
[405.491s][info][gc,reloc    ] GC(2263) Forwarding Usage: 1M
[405.491s][info][gc,heap     ] GC(2263) Min Capacity: 8M(0%)
[405.491s][info][gc,heap     ] GC(2263) Max Capacity: 2048M(100%)
[405.491s][info][gc,heap     ] GC(2263) Soft Max Capacity: 2048M(100%)
[405.491s][info][gc,heap     ] GC(2263)                Mark Start          Mark End        Relocate Start      Relocate End           High               Low         
[405.491s][info][gc,heap     ] GC(2263)  Capacity:     2048M (100%)       2048M (100%)       2048M (100%)       2048M (100%)       2048M (100%)       2048M (100%)   
[405.491s][info][gc,heap     ] GC(2263)      Free:      872M (43%)         870M (42%)         870M (42%)         874M (43%)         874M (43%)         848M (41%)    
[405.491s][info][gc,heap     ] GC(2263)      Used:     1176M (57%)        1178M (58%)        1178M (58%)        1174M (57%)        1200M (59%)        1174M (57%)    
[405.491s][info][gc,heap     ] GC(2263)      Live:         -              1016M (50%)        1016M (50%)        1016M (50%)            -                  -          
[405.492s][info][gc,heap     ] GC(2263) Allocated:         -                 2M (0%)            2M (0%)            2M (0%)             -                  -          
[405.492s][info][gc,heap     ] GC(2263)   Garbage:         -               159M (8%)          159M (8%)          155M (8%)             -                  -          
[405.492s][info][gc,heap     ] GC(2263) Reclaimed:         -                  -                 0M (0%)            4M (0%)             -                  -          
[405.492s][info][gc          ] GC(2263) Garbage Collection (Allocation Rate) 1176M(57%)->1174M(57%)
[405.544s][info][gc,start    ] GC(2264) Garbage Collection (Allocation Rate)
[405.544s][info][gc,task     ] GC(2264) Using 12 workers
[405.545s][info][gc,phases   ] GC(2264) Pause Mark Start 0.012ms
[405.576s][info][gc,phases   ] GC(2264) Concurrent Mark 30.953ms
[405.576s][info][gc,phases   ] GC(2264) Pause Mark End 0.023ms
[405.576s][info][gc,phases   ] GC(2264) Concurrent Mark Free 0.001ms
[405.579s][info][gc,phases   ] GC(2264) Concurrent Process Non-Strong References 3.410ms
[405.579s][info][gc,phases   ] GC(2264) Concurrent Reset Relocation Set 0.003ms
[405.583s][info][gc,phases   ] GC(2264) Concurrent Select Relocation Set 3.536ms
[405.583s][info][gc,phases   ] GC(2264) Pause Relocate Start 0.009ms
[405.584s][info][gc,phases   ] GC(2264) Concurrent Relocate 1.108ms
[405.584s][info][gc,load     ] GC(2264) Load: 0.00/0.00/0.00
[405.584s][info][gc,mmu      ] GC(2264) MMU: 2ms/86.2%, 5ms/94.5%, 10ms/97.2%, 20ms/98.6%, 50ms/99.4%, 100ms/99.6%
[405.584s][info][gc,marking  ] GC(2264) Mark: 8 stripe(s), 2 proactive flush(es), 1 terminate flush(es), 0 completion(s), 0 continuation(s) 
[405.584s][info][gc,marking  ] GC(2264) Mark Stack Usage: 32M
[405.584s][info][gc,nmethod  ] GC(2264) NMethods: 8137 registered, 1344 unregistered
[405.585s][info][gc,metaspace] GC(2264) Metaspace: 120M used, 123M committed, 1152M reserved
[405.585s][info][gc,ref      ] GC(2264) Soft: 3488 encountered, 0 discovered, 0 enqueued
[405.585s][info][gc,ref      ] GC(2264) Weak: 14436 encountered, 2482 discovered, 0 enqueued
[405.585s][info][gc,ref      ] GC(2264) Final: 84 encountered, 0 discovered, 0 enqueued
[405.585s][info][gc,ref      ] GC(2264) Phantom: 751 encountered, 566 discovered, 0 enqueued
[405.585s][info][gc,reloc    ] GC(2264) Small Pages: 43 / 86M, Empty: 0M, Relocated: 3M, In-Place: 0
[405.585s][info][gc,reloc    ] GC(2264) Medium Pages: 34 / 1088M, Empty: 0M, Relocated: 0M, In-Place: 0
[405.585s][info][gc,reloc    ] GC(2264) Large Pages: 0 / 0M, Empty: 0M, Relocated: 0M, In-Place: 0
[405.585s][info][gc,reloc    ] GC(2264) Forwarding Usage: 1M
[405.585s][info][gc,heap     ] GC(2264) Min Capacity: 8M(0%)
[405.585s][info][gc,heap     ] GC(2264) Max Capacity: 2048M(100%)
[405.585s][info][gc,heap     ] GC(2264) Soft Max Capacity: 2048M(100%)
[405.585s][info][gc,heap     ] GC(2264)                Mark Start          Mark End        Relocate Start      Relocate End           High               Low         
[405.585s][info][gc,heap     ] GC(2264)  Capacity:     2048M (100%)       2048M (100%)       2048M (100%)       2048M (100%)       2048M (100%)       2048M (100%)   
[405.585s][info][gc,heap     ] GC(2264)      Free:      874M (43%)         872M (43%)         872M (43%)         874M (43%)         874M (43%)         848M (41%)    
[405.585s][info][gc,heap     ] GC(2264)      Used:     1174M (57%)        1176M (57%)        1176M (57%)        1174M (57%)        1200M (59%)        1174M (57%)    
[405.585s][info][gc,heap     ] GC(2264)      Live:         -              1016M (50%)        1016M (50%)        1016M (50%)            -                  -          
[405.585s][info][gc,heap     ] GC(2264) Allocated:         -                 2M (0%)            2M (0%)            1M (0%)             -                  -          
[405.585s][info][gc,heap     ] GC(2264)   Garbage:         -               157M (8%)          157M (8%)          155M (8%)             -                  -          
[405.585s][info][gc,heap     ] GC(2264) Reclaimed:         -                  -                 0M (0%)            1M (0%)             -                  -          
[405.585s][info][gc          ] GC(2264) Garbage Collection (Allocation Rate) 1174M(57%)->1174M(57%)
[405.593s][info][gc,start    ] GC(2265) Garbage Collection (System.gc())
[405.593s][info][gc,task     ] GC(2265) Using 12 workers
[405.593s][info][gc,phases   ] GC(2265) Pause Mark Start 0.012ms
[405.623s][info][gc,phases   ] GC(2265) Concurrent Mark 28.992ms
[405.623s][info][gc,phases   ] GC(2265) Pause Mark End 0.024ms
[405.623s][info][gc,phases   ] GC(2265) Concurrent Mark Free 0.001ms
[405.626s][info][gc,phases   ] GC(2265) Concurrent Process Non-Strong References 3.400ms
[405.626s][info][gc,phases   ] GC(2265) Concurrent Reset Relocation Set 0.002ms
[405.631s][info][gc,phases   ] GC(2265) Concurrent Select Relocation Set 5.196ms
[405.632s][info][gc,phases   ] GC(2265) Pause Relocate Start 0.009ms
[405.635s][info][gc,phases   ] GC(2265) Concurrent Relocate 2.892ms
[405.635s][info][gc,load     ] GC(2265) Load: 0.00/0.00/0.00
[405.635s][info][gc,mmu      ] GC(2265) MMU: 2ms/86.2%, 5ms/94.5%, 10ms/97.2%, 20ms/98.6%, 50ms/99.4%, 100ms/99.6%
[405.635s][info][gc,marking  ] GC(2265) Mark: 8 stripe(s), 2 proactive flush(es), 1 terminate flush(es), 0 completion(s), 0 continuation(s) 
[405.635s][info][gc,marking  ] GC(2265) Mark Stack Usage: 32M
[405.635s][info][gc,nmethod  ] GC(2265) NMethods: 8154 registered, 1344 unregistered
[405.635s][info][gc,metaspace] GC(2265) Metaspace: 121M used, 123M committed, 1152M reserved
[405.635s][info][gc,ref      ] GC(2265) Soft: 3515 encountered, 0 discovered, 0 enqueued
[405.635s][info][gc,ref      ] GC(2265) Weak: 14454 encountered, 2263 discovered, 66 enqueued
[405.635s][info][gc,ref      ] GC(2265) Final: 84 encountered, 17 discovered, 0 enqueued
[405.635s][info][gc,ref      ] GC(2265) Phantom: 751 encountered, 600 discovered, 0 enqueued
[405.635s][info][gc,reloc    ] GC(2265) Small Pages: 45 / 90M, Empty: 0M, Relocated: 6M, In-Place: 0
[405.635s][info][gc,reloc    ] GC(2265) Medium Pages: 34 / 1088M, Empty: 0M, Relocated: 0M, In-Place: 0
[405.635s][info][gc,reloc    ] GC(2265) Large Pages: 0 / 0M, Empty: 0M, Relocated: 0M, In-Place: 0
[405.635s][info][gc,reloc    ] GC(2265) Forwarding Usage: 2M
[405.635s][info][gc,heap     ] GC(2265) Min Capacity: 8M(0%)
[405.635s][info][gc,heap     ] GC(2265) Max Capacity: 2048M(100%)
[405.635s][info][gc,heap     ] GC(2265) Soft Max Capacity: 2048M(100%)
[405.635s][info][gc,heap     ] GC(2265)                Mark Start          Mark End        Relocate Start      Relocate End           High               Low         
[405.635s][info][gc,heap     ] GC(2265)  Capacity:     2048M (100%)       2048M (100%)       2048M (100%)       2048M (100%)       2048M (100%)       2048M (100%)   
[405.635s][info][gc,heap     ] GC(2265)      Free:      870M (42%)         868M (42%)         866M (42%)         878M (43%)         878M (43%)         844M (41%)    
[405.635s][info][gc,heap     ] GC(2265)      Used:     1178M (58%)        1180M (58%)        1182M (58%)        1170M (57%)        1204M (59%)        1170M (57%)    
[405.635s][info][gc,heap     ] GC(2265)      Live:         -              1016M (50%)        1016M (50%)        1016M (50%)            -                  -          
[405.635s][info][gc,heap     ] GC(2265) Allocated:         -                 2M (0%)            4M (0%)            4M (0%)             -                  -          
[405.635s][info][gc,heap     ] GC(2265)   Garbage:         -               161M (8%)          161M (8%)          149M (7%)             -                  -          
[405.635s][info][gc,heap     ] GC(2265) Reclaimed:         -                  -                 0M (0%)           12M (1%)             -                  -          
[405.635s][info][gc          ] GC(2265) Garbage Collection (System.gc()) 1178M(58%)->1170M(57%)
[405.654s][info][gc,start    ] GC(2266) Garbage Collection (Allocation Rate)
[405.654s][info][gc,task     ] GC(2266) Using 12 workers
[405.654s][info][gc,phases   ] GC(2266) Pause Mark Start 0.012ms
[405.685s][info][gc,phases   ] GC(2266) Concurrent Mark 30.918ms
[405.685s][info][gc,phases   ] GC(2266) Pause Mark End 0.064ms
[405.685s][info][gc,phases   ] GC(2266) Concurrent Mark Free 0.001ms
[405.689s][info][gc,phases   ] GC(2266) Concurrent Process Non-Strong References 3.376ms
[405.689s][info][gc,phases   ] GC(2266) Concurrent Reset Relocation Set 0.003ms
[405.691s][info][gc,phases   ] GC(2266) Concurrent Select Relocation Set 2.630ms
[405.692s][info][gc,phases   ] GC(2266) Pause Relocate Start 0.010ms
[405.695s][info][gc,phases   ] GC(2266) Concurrent Relocate 3.649ms
[405.695s][info][gc,load     ] GC(2266) Load: 0.00/0.00/0.00
[405.695s][info][gc,mmu      ] GC(2266) MMU: 2ms/86.2%, 5ms/94.5%, 10ms/97.2%, 20ms/98.6%, 50ms/99.4%, 100ms/99.6%
[405.695s][info][gc,marking  ] GC(2266) Mark: 8 stripe(s), 2 proactive flush(es), 1 terminate flush(es), 1 completion(s), 0 continuation(s) 
[405.695s][info][gc,marking  ] GC(2266) Mark Stack Usage: 32M
[405.695s][info][gc,nmethod  ] GC(2266) NMethods: 8166 registered, 1345 unregistered
[405.695s][info][gc,metaspace] GC(2266) Metaspace: 121M used, 123M committed, 1152M reserved
[405.696s][info][gc,ref      ] GC(2266) Soft: 3538 encountered, 0 discovered, 0 enqueued
[405.696s][info][gc,ref      ] GC(2266) Weak: 14444 encountered, 2560 discovered, 77 enqueued
[405.696s][info][gc,ref      ] GC(2266) Final: 84 encountered, 5 discovered, 0 enqueued
[405.696s][info][gc,ref      ] GC(2266) Phantom: 751 encountered, 573 discovered, 0 enqueued
[405.696s][info][gc,reloc    ] GC(2266) Small Pages: 42 / 84M, Empty: 0M, Relocated: 6M, In-Place: 0
[405.696s][info][gc,reloc    ] GC(2266) Medium Pages: 34 / 1088M, Empty: 0M, Relocated: 0M, In-Place: 0
[405.696s][info][gc,reloc    ] GC(2266) Large Pages: 0 / 0M, Empty: 0M, Relocated: 0M, In-Place: 0
[405.696s][info][gc,reloc    ] GC(2266) Forwarding Usage: 2M
[405.696s][info][gc,heap     ] GC(2266) Min Capacity: 8M(0%)
[405.696s][info][gc,heap     ] GC(2266) Max Capacity: 2048M(100%)
[405.696s][info][gc,heap     ] GC(2266) Soft Max Capacity: 2048M(100%)
[405.696s][info][gc,heap     ] GC(2266)                Mark Start          Mark End        Relocate Start      Relocate End           High               Low         
[405.696s][info][gc,heap     ] GC(2266)  Capacity:     2048M (100%)       2048M (100%)       2048M (100%)       2048M (100%)       2048M (100%)       2048M (100%)   
[405.696s][info][gc,heap     ] GC(2266)      Free:      876M (43%)         840M (41%)         838M (41%)         844M (41%)         876M (43%)         814M (40%)    
[405.696s][info][gc,heap     ] GC(2266)      Used:     1172M (57%)        1208M (59%)        1210M (59%)        1204M (59%)        1234M (60%)        1172M (57%)    
[405.696s][info][gc,heap     ] GC(2266)      Live:         -              1016M (50%)        1016M (50%)        1016M (50%)            -                  -          
[405.696s][info][gc,heap     ] GC(2266) Allocated:         -                36M (2%)           38M (2%)           37M (2%)             -                  -          
[405.696s][info][gc,heap     ] GC(2266)   Garbage:         -               155M (8%)          155M (8%)          149M (7%)             -                  -          
[405.696s][info][gc,heap     ] GC(2266) Reclaimed:         -                  -                 0M (0%)            5M (0%)             -                  -          
[405.696s][info][gc          ] GC(2266) Garbage Collection (Allocation Rate) 1172M(57%)->1204M(59%)
[405.739s][info][gc,start    ] GC(2267) Garbage Collection (Allocation Rate)
[405.739s][info][gc,task     ] GC(2267) Using 12 workers
[405.740s][info][gc,phases   ] GC(2267) Pause Mark Start 0.017ms
[405.794s][info][gc,phases   ] GC(2267) Concurrent Mark 54.351ms
[405.795s][info][gc,phases   ] GC(2267) Pause Mark End 0.034ms
[405.818s][info][gc,phases   ] GC(2267) Concurrent Mark Free 0.001ms
[405.888s][info][gc,phases   ] GC(2267) Concurrent Process Non-Strong References 70.248ms
[405.888s][info][gc,phases   ] GC(2267) Concurrent Reset Relocation Set 0.006ms
[405.924s][info][gc,phases   ] GC(2267) Concurrent Select Relocation Set 36.291ms
[405.925s][info][gc,phases   ] GC(2267) Pause Relocate Start 0.008ms
[406.025s][info][gc,phases   ] GC(2267) Concurrent Relocate 71.419ms
[406.025s][info][gc,load     ] GC(2267) Load: 0.00/0.00/0.00
[406.025s][info][gc,mmu      ] GC(2267) MMU: 2ms/86.2%, 5ms/94.5%, 10ms/97.2%, 20ms/98.6%, 50ms/99.4%, 100ms/99.6%
[406.025s][info][gc,marking  ] GC(2267) Mark: 8 stripe(s), 2 proactive flush(es), 1 terminate flush(es), 0 completion(s), 0 continuation(s) 
[406.025s][info][gc,marking  ] GC(2267) Mark Stack Usage: 32M
[406.025s][info][gc,nmethod  ] GC(2267) NMethods: 8216 registered, 1350 unregistered
[406.025s][info][gc,metaspace] GC(2267) Metaspace: 121M used, 123M committed, 1152M reserved
[406.025s][info][gc,ref      ] GC(2267) Soft: 3728 encountered, 0 discovered, 0 enqueued
[406.025s][info][gc,ref      ] GC(2267) Weak: 15299 encountered, 3437 discovered, 655 enqueued
[406.025s][info][gc,ref      ] GC(2267) Final: 84 encountered, 3 discovered, 0 enqueued
[406.025s][info][gc,ref      ] GC(2267) Phantom: 751 encountered, 602 discovered, 0 enqueued
[406.025s][info][gc,reloc    ] GC(2267) Small Pages: 60 / 120M, Empty: 0M, Relocated: 13M, In-Place: 0
[406.025s][info][gc,reloc    ] GC(2267) Medium Pages: 35 / 1120M, Empty: 32M, Relocated: 0M, In-Place: 0
[406.025s][info][gc,reloc    ] GC(2267) Large Pages: 1 / 6M, Empty: 6M, Relocated: 0M, In-Place: 0
[406.025s][info][gc,reloc    ] GC(2267) Forwarding Usage: 3M
[406.026s][info][gc,heap     ] GC(2267) Min Capacity: 8M(0%)
[406.026s][info][gc,heap     ] GC(2267) Max Capacity: 2048M(100%)
[406.026s][info][gc,heap     ] GC(2267) Soft Max Capacity: 2048M(100%)
[406.026s][info][gc,heap     ] GC(2267)                Mark Start          Mark End        Relocate Start      Relocate End           High               Low         
[406.026s][info][gc,heap     ] GC(2267)  Capacity:     2048M (100%)       2048M (100%)       2048M (100%)       2048M (100%)       2048M (100%)       2048M (100%)   
[406.026s][info][gc,heap     ] GC(2267)      Free:      802M (39%)         542M (26%)         260M (13%)         120M (6%)          802M (39%)          96M (5%)     
[406.026s][info][gc,heap     ] GC(2267)      Used:     1246M (61%)        1506M (74%)        1788M (87%)        1928M (94%)        1952M (95%)        1246M (61%)    
[406.026s][info][gc,heap     ] GC(2267)      Live:         -              1023M (50%)        1023M (50%)        1023M (50%)            -                  -          
[406.026s][info][gc,heap     ] GC(2267) Allocated:         -               260M (13%)         580M (28%)         755M (37%)            -                  -          
[406.026s][info][gc,heap     ] GC(2267)   Garbage:         -               222M (11%)         184M (9%)          149M (7%)             -                  -          
[406.026s][info][gc,heap     ] GC(2267) Reclaimed:         -                  -                38M (2%)           73M (4%)             -                  -          
[406.026s][info][gc          ] GC(2267) Garbage Collection (Allocation Rate) 1246M(61%)->1928M(94%)
[406.044s][info][gc,start    ] GC(2268) Garbage Collection (Allocation Rate)
[406.044s][info][gc,task     ] GC(2268) Using 12 workers
[406.059s][info][gc,phases   ] GC(2268) Pause Mark Start 0.010ms
[406.122s][info][gc,phases   ] GC(2268) Concurrent Mark 31.178ms
[406.122s][info][gc,phases   ] GC(2268) Pause Mark End 0.019ms
[406.122s][info][gc,phases   ] GC(2268) Concurrent Mark Free 0.000ms
[406.125s][info][gc,phases   ] GC(2268) Concurrent Process Non-Strong References 2.837ms
[406.125s][info][gc,phases   ] GC(2268) Concurrent Reset Relocation Set 0.004ms
[406.125s][info][gc          ] Allocation Stall (Executor task launch worker for task 18.0 in stage 87.0 (TID 1435)) 16.947ms
[406.125s][info][gc          ] Allocation Stall (Executor task launch worker for task 14.0 in stage 87.0 (TID 1459)) 18.007ms
[406.125s][info][gc          ] Allocation Stall (Executor task launch worker for task 30.0 in stage 87.0 (TID 1463)) 16.699ms
[406.125s][info][gc          ] Allocation Stall (Executor task launch worker for task 6.0 in stage 87.0 (TID 1425)) 16.669ms
[406.125s][info][gc          ] Allocation Stall (Executor task launch worker for task 35.0 in stage 87.0 (TID 1464)) 16.948ms
[406.125s][info][gc          ] Allocation Stall (Executor task launch worker for task 32.0 in stage 87.0 (TID 1445)) 17.675ms
[406.125s][info][gc          ] Allocation Stall (Executor task launch worker for task 47.0 in stage 87.0 (TID 1455)) 18.158ms
[406.125s][info][gc          ] Allocation Stall (Executor task launch worker for task 7.0 in stage 87.0 (TID 1426)) 18.365ms
[406.125s][info][gc          ] Allocation Stall (Executor task launch worker for task 42.0 in stage 87.0 (TID 1465)) 16.674ms
[406.125s][info][gc          ] Allocation Stall (Executor task launch worker for task 17.0 in stage 87.0 (TID 1434)) 17.978ms
[406.125s][info][gc          ] Allocation Stall (Executor task launch worker for task 46.0 in stage 87.0 (TID 1468)) 18.988ms
[406.125s][info][gc          ] Allocation Stall (Executor task launch worker for task 16.0 in stage 87.0 (TID 1433)) 18.429ms
[406.125s][info][gc          ] Allocation Stall (Executor task launch worker for task 41.0 in stage 87.0 (TID 1453)) 17.082ms
[406.125s][info][gc          ] Allocation Stall (Executor task launch worker for task 0.0 in stage 87.0 (TID 1456)) 16.817ms
[406.125s][info][gc          ] Allocation Stall (Executor task launch worker for task 8.0 in stage 87.0 (TID 1427)) 17.465ms
[406.125s][info][gc          ] Allocation Stall (Executor task launch worker for task 22.0 in stage 87.0 (TID 1437)) 16.758ms
[406.125s][info][gc          ] Allocation Stall (Executor task launch worker for task 38.0 in stage 87.0 (TID 1450)) 17.018ms
[406.125s][info][gc          ] Allocation Stall (Executor task launch worker for task 28.0 in stage 87.0 (TID 1442)) 18.408ms
[406.125s][info][gc          ] Allocation Stall (Spark Context Cleaner) 3.225ms
[406.125s][info][gc          ] Allocation Stall (Executor task launch worker for task 11.0 in stage 87.0 (TID 1458)) 21.646ms
[406.125s][info][gc          ] Allocation Stall (Executor task launch worker for task 19.0 in stage 87.0 (TID 1460)) 18.273ms
[406.125s][info][gc          ] Allocation Stall (Executor task launch worker for task 31.0 in stage 87.0 (TID 1444)) 16.651ms
[406.125s][info][gc          ] Allocation Stall (Executor task launch worker for task 3.0 in stage 87.0 (TID 1457)) 17.237ms
[406.125s][info][gc          ] Allocation Stall (Executor task launch worker for task 25.0 in stage 87.0 (TID 1439)) 18.240ms
[406.125s][info][gc          ] Allocation Stall (Executor task launch worker for task 45.0 in stage 87.0 (TID 1467)) 18.563ms
[406.125s][info][gc          ] Allocation Stall (Executor task launch worker for task 20.0 in stage 87.0 (TID 1461)) 18.913ms
[406.125s][info][gc          ] Allocation Stall (Executor task launch worker for task 1.0 in stage 87.0 (TID 1421)) 21.649ms
[406.125s][info][gc          ] Allocation Stall (Executor task launch worker for task 29.0 in stage 87.0 (TID 1443)) 19.885ms
[406.125s][info][gc          ] Allocation Stall (Executor task launch worker for task 24.0 in stage 87.0 (TID 1462)) 19.449ms
[406.125s][info][gc          ] Allocation Stall (Executor task launch worker for task 4.0 in stage 87.0 (TID 1423)) 17.320ms
[406.125s][info][gc          ] Allocation Stall (Executor task launch worker for task 9.0 in stage 87.0 (TID 1428)) 18.087ms
[406.125s][info][gc          ] Allocation Stall (Executor task launch worker for task 12.0 in stage 87.0 (TID 1430)) 18.270ms
[406.125s][info][gc          ] Allocation Stall (Executor task launch worker for task 2.0 in stage 87.0 (TID 1422)) 23.198ms
[406.125s][info][gc          ] Allocation Stall (Executor task launch worker for task 5.0 in stage 87.0 (TID 1424)) 18.524ms
[406.125s][info][gc          ] Allocation Stall (Executor task launch worker for task 34.0 in stage 87.0 (TID 1447)) 19.076ms
[406.125s][info][gc          ] Allocation Stall (Executor task launch worker for task 36.0 in stage 87.0 (TID 1448)) 19.052ms
[406.125s][info][gc          ] Allocation Stall (Executor task launch worker for task 43.0 in stage 87.0 (TID 1454)) 19.134ms
[406.125s][info][gc          ] Allocation Stall (Executor task launch worker for task 27.0 in stage 87.0 (TID 1441)) 18.812ms
[406.125s][info][gc          ] Allocation Stall (Executor task launch worker for task 21.0 in stage 87.0 (TID 1436)) 18.801ms
[406.125s][info][gc          ] Allocation Stall (Executor task launch worker for task 33.0 in stage 87.0 (TID 1446)) 19.057ms
[406.125s][info][gc          ] Allocation Stall (Executor task launch worker for task 26.0 in stage 87.0 (TID 1440)) 19.248ms
[406.125s][info][gc          ] Allocation Stall (Executor task launch worker for task 37.0 in stage 87.0 (TID 1449)) 19.378ms
[406.125s][info][gc          ] Allocation Stall (Executor task launch worker for task 40.0 in stage 87.0 (TID 1452)) 19.310ms
[406.125s][info][gc          ] Allocation Stall (Executor task launch worker for task 15.0 in stage 87.0 (TID 1432)) 20.007ms
[406.125s][info][gc          ] Allocation Stall (Executor task launch worker for task 13.0 in stage 87.0 (TID 1431)) 22.530ms
[406.125s][info][gc          ] Allocation Stall (Executor task launch worker for task 10.0 in stage 87.0 (TID 1429)) 19.280ms
[406.125s][info][gc          ] Allocation Stall (Executor task launch worker for task 39.0 in stage 87.0 (TID 1451)) 19.427ms
[406.125s][info][gc          ] Allocation Stall (Executor task launch worker for task 44.0 in stage 87.0 (TID 1466)) 22.987ms
[406.125s][info][gc          ] Allocation Stall (Executor task launch worker for task 23.0 in stage 87.0 (TID 1438)) 21.690ms
[406.132s][info][gc,phases   ] GC(2268) Concurrent Select Relocation Set 6.614ms
[406.133s][info][gc,phases   ] GC(2268) Pause Relocate Start 0.008ms
[406.159s][info][gc,phases   ] GC(2268) Concurrent Relocate 18.081ms
[406.159s][info][gc,load     ] GC(2268) Load: 0.00/0.00/0.00
[406.159s][info][gc,mmu      ] GC(2268) MMU: 2ms/86.2%, 5ms/94.5%, 10ms/97.2%, 20ms/98.6%, 50ms/99.4%, 100ms/99.6%
[406.159s][info][gc,marking  ] GC(2268) Mark: 8 stripe(s), 2 proactive flush(es), 1 terminate flush(es), 0 completion(s), 0 continuation(s) 
[406.159s][info][gc,marking  ] GC(2268) Mark Stack Usage: 32M
[406.159s][info][gc,nmethod  ] GC(2268) NMethods: 8218 registered, 1354 unregistered
[406.159s][info][gc,metaspace] GC(2268) Metaspace: 121M used, 123M committed, 1152M reserved
[406.159s][info][gc,ref      ] GC(2268) Soft: 3749 encountered, 529 discovered, 0 enqueued
[406.159s][info][gc,ref      ] GC(2268) Weak: 14690 encountered, 2130 discovered, 51 enqueued
[406.159s][info][gc,ref      ] GC(2268) Final: 84 encountered, 21 discovered, 0 enqueued
[406.159s][info][gc,ref      ] GC(2268) Phantom: 764 encountered, 572 discovered, 0 enqueued
[406.159s][info][gc,reloc    ] GC(2268) Small Pages: 425 / 850M, Empty: 470M, Relocated: 8M, In-Place: 0
[406.159s][info][gc,reloc    ] GC(2268) Medium Pages: 35 / 1120M, Empty: 0M, Relocated: 0M, In-Place: 0
[406.159s][info][gc,reloc    ] GC(2268) Large Pages: 0 / 0M, Empty: 0M, Relocated: 0M, In-Place: 0
[406.159s][info][gc,reloc    ] GC(2268) Forwarding Usage: 1M
[406.159s][info][gc,heap     ] GC(2268) Min Capacity: 8M(0%)
[406.159s][info][gc,heap     ] GC(2268) Max Capacity: 2048M(100%)
[406.159s][info][gc,heap     ] GC(2268) Soft Max Capacity: 2048M(100%)
[406.159s][info][gc,heap     ] GC(2268)                Mark Start          Mark End        Relocate Start      Relocate End           High               Low         
[406.159s][info][gc,heap     ] GC(2268)  Capacity:     2048M (100%)       2048M (100%)       2048M (100%)       2048M (100%)       2048M (100%)       2048M (100%)   
[406.159s][info][gc,heap     ] GC(2268)      Free:       78M (4%)            0M (0%)          404M (20%)         532M (26%)         550M (27%)           0M (0%)     
[406.159s][info][gc,heap     ] GC(2268)      Used:     1970M (96%)        2048M (100%)       1644M (80%)        1516M (74%)        2048M (100%)       1498M (73%)    
[406.159s][info][gc,heap     ] GC(2268)      Live:         -              1032M (50%)        1032M (50%)        1032M (50%)            -                  -          
[406.159s][info][gc,heap     ] GC(2268) Allocated:         -                78M (4%)          144M (7%)          300M (15%)            -                  -          
[406.159s][info][gc,heap     ] GC(2268)   Garbage:         -               937M (46%)         467M (23%)         183M (9%)             -                  -          
[406.159s][info][gc,heap     ] GC(2268) Reclaimed:         -                  -               470M (23%)         754M (37%)            -                  -          
[406.159s][info][gc          ] GC(2268) Garbage Collection (Allocation Rate) 1970M(96%)->1516M(74%)
[406.243s][info][gc          ] Allocation Stall (Executor task launch worker for task 33.0 in stage 87.0 (TID 1446)) 0.086ms
[406.243s][info][gc          ] Allocation Stall (Executor task launch worker for task 42.0 in stage 87.0 (TID 1465)) 0.053ms
[406.243s][info][gc          ] Allocation Stall (Executor task launch worker for task 28.0 in stage 87.0 (TID 1442)) 0.065ms
[406.243s][info][gc,start    ] GC(2269) Garbage Collection (Allocation Stall)
[406.243s][info][gc          ] Allocation Stall (Executor task launch worker for task 25.0 in stage 87.0 (TID 1439)) 0.576ms
[406.243s][info][gc,ref      ] GC(2269) Clearing All SoftReferences
[406.243s][info][gc,task     ] GC(2269) Using 12 workers
[406.244s][info][gc,ref      ] GC(2269) Clearing All SoftReferences
[406.244s][info][gc,phases   ] GC(2269) Pause Mark Start 0.030ms
[406.263s][info][gc,phases   ] GC(2269) Concurrent Mark 18.821ms
[406.263s][info][gc,phases   ] GC(2269) Pause Mark End 0.017ms
[406.263s][info][gc,phases   ] GC(2269) Concurrent Mark Free 0.001ms
[406.288s][info][gc,phases   ] GC(2269) Concurrent Process Non-Strong References 25.130ms
[406.288s][info][gc,phases   ] GC(2269) Concurrent Reset Relocation Set 0.024ms
[406.288s][info][gc          ] Allocation Stall (Executor task launch worker for task 21.0 in stage 87.0 (TID 1436)) 44.808ms
[406.288s][info][gc          ] Allocation Stall (Executor task launch worker for task 46.0 in stage 87.0 (TID 1468)) 44.966ms
[406.288s][info][gc          ] Allocation Stall (Executor task launch worker for task 7.0 in stage 87.0 (TID 1426)) 44.498ms
[406.288s][info][gc          ] Allocation Stall (Executor task launch worker for task 42.0 in stage 87.0 (TID 1465)) 44.745ms
[406.288s][info][gc          ] Allocation Stall (Executor task launch worker for task 32.0 in stage 87.0 (TID 1445)) 44.948ms
[406.288s][info][gc          ] Allocation Stall (Executor task launch worker for task 4.0 in stage 87.0 (TID 1423)) 45.209ms
[406.288s][info][gc          ] Allocation Stall (Executor task launch worker for task 44.0 in stage 87.0 (TID 1466)) 45.234ms
[406.288s][info][gc          ] Allocation Stall (Executor task launch worker for task 36.0 in stage 87.0 (TID 1448)) 44.792ms
[406.288s][info][gc          ] Allocation Stall (Executor task launch worker for task 10.0 in stage 87.0 (TID 1429)) 44.970ms
[406.288s][info][gc          ] Allocation Stall (Executor task launch worker for task 8.0 in stage 87.0 (TID 1427)) 45.029ms
[406.288s][info][gc          ] Allocation Stall (Executor task launch worker for task 40.0 in stage 87.0 (TID 1452)) 45.047ms
[406.288s][info][gc          ] Allocation Stall (Executor task launch worker for task 30.0 in stage 87.0 (TID 1463)) 44.521ms
[406.288s][info][gc          ] Allocation Stall (Executor task launch worker for task 27.0 in stage 87.0 (TID 1441)) 44.522ms
[406.288s][info][gc          ] Allocation Stall (Executor task launch worker for task 9.0 in stage 87.0 (TID 1428)) 44.525ms
[406.288s][info][gc          ] Allocation Stall (Executor task launch worker for task 41.0 in stage 87.0 (TID 1453)) 44.507ms
[406.288s][info][gc          ] Allocation Stall (Executor task launch worker for task 23.0 in stage 87.0 (TID 1438)) 45.035ms
[406.288s][info][gc          ] Allocation Stall (Executor task launch worker for task 33.0 in stage 87.0 (TID 1446)) 44.866ms
[406.288s][info][gc          ] Allocation Stall (Executor task launch worker for task 2.0 in stage 87.0 (TID 1422)) 44.844ms
[406.288s][info][gc          ] Allocation Stall (Executor task launch worker for task 43.0 in stage 87.0 (TID 1454)) 44.844ms
[406.288s][info][gc          ] Allocation Stall (Executor task launch worker for task 20.0 in stage 87.0 (TID 1461)) 45.431ms
[406.288s][info][gc          ] Allocation Stall (Executor task launch worker for task 25.0 in stage 87.0 (TID 1439)) 44.537ms
[406.288s][info][gc          ] Allocation Stall (Executor task launch worker for task 38.0 in stage 87.0 (TID 1450)) 44.550ms
[406.288s][info][gc          ] Allocation Stall (Executor task launch worker for task 31.0 in stage 87.0 (TID 1444)) 44.548ms
[406.288s][info][gc          ] Allocation Stall (Executor task launch worker for task 17.0 in stage 87.0 (TID 1434)) 45.246ms
[406.288s][info][gc          ] Allocation Stall (Executor task launch worker for task 28.0 in stage 87.0 (TID 1442)) 44.540ms
[406.288s][info][gc          ] Allocation Stall (Executor task launch worker for task 11.0 in stage 87.0 (TID 1458)) 45.324ms
[406.288s][info][gc          ] Allocation Stall (Executor task launch worker for task 1.0 in stage 87.0 (TID 1421)) 45.061ms
[406.288s][info][gc          ] Allocation Stall (Executor task launch worker for task 16.0 in stage 87.0 (TID 1433)) 44.802ms
[406.288s][info][gc          ] Allocation Stall (Executor task launch worker for task 34.0 in stage 87.0 (TID 1447)) 45.174ms
[406.288s][info][gc          ] Allocation Stall (Executor task launch worker for task 35.0 in stage 87.0 (TID 1464)) 44.551ms
[406.288s][info][gc          ] Allocation Stall (Executor task launch worker for task 3.0 in stage 87.0 (TID 1457)) 45.068ms
[406.288s][info][gc          ] Allocation Stall (Executor task launch worker for task 12.0 in stage 87.0 (TID 1430)) 45.030ms
[406.288s][info][gc          ] Allocation Stall (Executor task launch worker for task 19.0 in stage 87.0 (TID 1460)) 45.279ms
[406.288s][info][gc          ] Allocation Stall (Executor task launch worker for task 22.0 in stage 87.0 (TID 1437)) 45.266ms
[406.288s][info][gc          ] Allocation Stall (Executor task launch worker for task 14.0 in stage 87.0 (TID 1459)) 45.504ms
[406.288s][info][gc          ] Allocation Stall (Executor task launch worker for task 39.0 in stage 87.0 (TID 1451)) 45.514ms
[406.288s][info][gc          ] Allocation Stall (Executor task launch worker for task 26.0 in stage 87.0 (TID 1440)) 45.352ms
[406.288s][info][gc          ] Allocation Stall (Executor task launch worker for task 45.0 in stage 87.0 (TID 1467)) 45.287ms
[406.288s][info][gc          ] Allocation Stall (Executor task launch worker for task 24.0 in stage 87.0 (TID 1462)) 45.531ms
[406.288s][info][gc          ] Allocation Stall (Executor task launch worker for task 29.0 in stage 87.0 (TID 1443)) 45.500ms
[406.288s][info][gc          ] Allocation Stall (Executor task launch worker for task 15.0 in stage 87.0 (TID 1432)) 45.487ms
[406.288s][info][gc          ] Allocation Stall (Executor task launch worker for task 18.0 in stage 87.0 (TID 1435)) 45.482ms
[406.288s][info][gc          ] Allocation Stall (Executor task launch worker for task 6.0 in stage 87.0 (TID 1425)) 45.474ms
[406.288s][info][gc          ] Allocation Stall (Executor task launch worker for task 0.0 in stage 87.0 (TID 1456)) 45.451ms
[406.288s][info][gc          ] Allocation Stall (Executor task launch worker for task 37.0 in stage 87.0 (TID 1449)) 45.455ms
[406.288s][info][gc          ] Allocation Stall (Executor task launch worker for task 47.0 in stage 87.0 (TID 1455)) 45.458ms
[406.288s][info][gc          ] Allocation Stall (Executor task launch worker for task 13.0 in stage 87.0 (TID 1431)) 45.197ms
[406.288s][info][gc          ] Allocation Stall (Executor task launch worker for task 5.0 in stage 87.0 (TID 1424)) 45.469ms
[406.311s][info][gc,phases   ] GC(2269) Concurrent Select Relocation Set 22.873ms
[406.315s][info][gc,phases   ] GC(2269) Pause Relocate Start 0.008ms
[406.325s][info][gc,phases   ] GC(2269) Concurrent Relocate 9.821ms
[406.326s][info][gc,load     ] GC(2269) Load: 0.00/0.00/0.00
[406.326s][info][gc,mmu      ] GC(2269) MMU: 2ms/86.2%, 5ms/94.5%, 10ms/97.2%, 20ms/98.6%, 50ms/99.4%, 100ms/99.6%
[406.326s][info][gc,marking  ] GC(2269) Mark: 8 stripe(s), 2 proactive flush(es), 1 terminate flush(es), 0 completion(s), 0 continuation(s) 
[406.326s][info][gc,marking  ] GC(2269) Mark Stack Usage: 32M
[406.326s][info][gc,nmethod  ] GC(2269) NMethods: 8187 registered, 1385 unregistered
[406.326s][info][gc,metaspace] GC(2269) Metaspace: 120M used, 123M committed, 1152M reserved
[406.326s][info][gc,ref      ] GC(2269) Soft: 3563 encountered, 1280 discovered, 686 enqueued
[406.326s][info][gc,ref      ] GC(2269) Weak: 14466 encountered, 1143 discovered, 95 enqueued
[406.326s][info][gc,ref      ] GC(2269) Final: 84 encountered, 0 discovered, 0 enqueued
[406.326s][info][gc,ref      ] GC(2269) Phantom: 764 encountered, 509 discovered, 0 enqueued
[406.326s][info][gc,reloc    ] GC(2269) Small Pages: 448 / 896M, Empty: 704M, Relocated: 10M, In-Place: 0
[406.326s][info][gc,reloc    ] GC(2269) Medium Pages: 36 / 1152M, Empty: 32M, Relocated: 0M, In-Place: 0
[406.326s][info][gc,reloc    ] GC(2269) Large Pages: 0 / 0M, Empty: 0M, Relocated: 0M, In-Place: 0
[406.326s][info][gc,reloc    ] GC(2269) Forwarding Usage: 1M
[406.326s][info][gc,heap     ] GC(2269) Min Capacity: 8M(0%)
[406.326s][info][gc,heap     ] GC(2269) Max Capacity: 2048M(100%)
[406.326s][info][gc,heap     ] GC(2269) Soft Max Capacity: 2048M(100%)
[406.326s][info][gc,heap     ] GC(2269)                Mark Start          Mark End        Relocate Start      Relocate End           High               Low         
[406.326s][info][gc,heap     ] GC(2269)  Capacity:     2048M (100%)       2048M (100%)       2048M (100%)       2048M (100%)       2048M (100%)       2048M (100%)   
[406.326s][info][gc,heap     ] GC(2269)      Free:        0M (0%)            0M (0%)          534M (26%)         592M (29%)         632M (31%)           0M (0%)     
[406.326s][info][gc,heap     ] GC(2269)      Used:     2048M (100%)       2048M (100%)       1514M (74%)        1456M (71%)        2048M (100%)       1416M (69%)    
[406.326s][info][gc,heap     ] GC(2269)      Live:         -              1034M (51%)        1034M (51%)        1034M (51%)            -                  -          
[406.326s][info][gc,heap     ] GC(2269) Allocated:         -                 0M (0%)          202M (10%)         247M (12%)            -                  -          
[406.326s][info][gc,heap     ] GC(2269)   Garbage:         -              1013M (49%)         277M (14%)         174M (8%)             -                  -          
[406.326s][info][gc,heap     ] GC(2269) Reclaimed:         -                  -               736M (36%)         839M (41%)            -                  -          
[406.326s][info][gc          ] GC(2269) Garbage Collection (Allocation Stall) 2048M(100%)->1456M(71%)
[406.340s][info][gc,start    ] GC(2270) Garbage Collection (Allocation Stall)
[406.340s][info][gc,ref      ] GC(2270) Clearing All SoftReferences
[406.340s][info][gc,task     ] GC(2270) Using 12 workers
[406.340s][info][gc,ref      ] GC(2270) Clearing All SoftReferences
[406.340s][info][gc,phases   ] GC(2270) Pause Mark Start 0.040ms
[406.479s][info][gc          ] Allocation Stall (Executor task launch worker for task 45.0 in stage 87.0 (TID 1467)) 3.648ms
[406.479s][info][gc          ] Allocation Stall (Executor task launch worker for task 42.0 in stage 87.0 (TID 1465)) 3.634ms
[406.479s][info][gc          ] Allocation Stall (Executor task launch worker for task 39.0 in stage 87.0 (TID 1451)) 3.416ms
[406.479s][info][gc          ] Allocation Stall (Executor task launch worker for task 44.0 in stage 87.0 (TID 1466)) 3.463ms
[406.479s][info][gc          ] Allocation Stall (driver-heartbeater) 3.387ms
[406.479s][info][gc          ] Allocation Stall (Executor task launch worker for task 24.0 in stage 87.0 (TID 1462)) 3.129ms
[406.479s][info][gc          ] Allocation Stall (Executor task launch worker for task 3.0 in stage 87.0 (TID 1457)) 2.108ms
[406.480s][info][gc          ] Allocation Stall (Executor task launch worker for task 2.0 in stage 87.0 (TID 1422)) 0.966ms
[406.480s][info][gc          ] Allocation Stall (Executor task launch worker for task 22.0 in stage 87.0 (TID 1437)) 0.915ms
[406.489s][info][gc          ] Allocation Stall (Executor task launch worker for task 43.0 in stage 87.0 (TID 1454)) 10.125ms
[406.489s][info][gc          ] Allocation Stall (Executor task launch worker for task 5.0 in stage 87.0 (TID 1424)) 10.126ms
[406.489s][info][gc          ] Allocation Stall (Executor task launch worker for task 14.0 in stage 87.0 (TID 1459)) 10.374ms
[406.489s][info][gc          ] Allocation Stall (Executor task launch worker for task 38.0 in stage 87.0 (TID 1450)) 10.396ms
[406.489s][info][gc          ] Allocation Stall (Executor task launch worker for task 40.0 in stage 87.0 (TID 1452)) 9.631ms
[406.489s][info][gc          ] Allocation Stall (Executor task launch worker for task 20.0 in stage 87.0 (TID 1461)) 8.368ms
[406.489s][info][gc          ] Allocation Stall (Executor task launch worker for task 9.0 in stage 87.0 (TID 1428)) 8.046ms
[406.489s][info][gc          ] Allocation Stall (Executor task launch worker for task 31.0 in stage 87.0 (TID 1444)) 8.320ms
[406.489s][info][gc          ] Allocation Stall (spark-listener-group-appStatus) 7.726ms
[406.490s][info][gc          ] Allocation Stall (spark-listener-group-executorManagement) 7.344ms
[406.490s][info][gc          ] Allocation Stall (Executor task launch worker for task 4.0 in stage 87.0 (TID 1423)) 7.381ms
[406.490s][info][gc          ] Allocation Stall (Executor task launch worker for task 19.0 in stage 87.0 (TID 1460)) 7.193ms
[406.490s][info][gc          ] Allocation Stall (spark-listener-group-shared) 7.170ms
[406.490s][info][gc          ] Allocation Stall (Executor task launch worker for task 7.0 in stage 87.0 (TID 1426)) 6.735ms
[406.490s][info][gc          ] Allocation Stall (Executor task launch worker for task 32.0 in stage 87.0 (TID 1445)) 6.496ms
[406.490s][info][gc          ] Allocation Stall (Executor task launch worker for task 18.0 in stage 87.0 (TID 1435)) 4.966ms
[406.490s][info][gc          ] Allocation Stall (Executor task launch worker for task 45.0 in stage 87.0 (TID 1467)) 4.768ms
[406.490s][info][gc          ] Allocation Stall (Executor task launch worker for task 47.0 in stage 87.0 (TID 1455)) 4.792ms
[406.490s][info][gc          ] Allocation Stall (Executor task launch worker for task 26.0 in stage 87.0 (TID 1440)) 4.660ms
[406.490s][info][gc          ] Allocation Stall (Executor task launch worker for task 3.0 in stage 87.0 (TID 1457)) 4.692ms
[406.490s][info][gc          ] Allocation Stall (Executor task launch worker for task 42.0 in stage 87.0 (TID 1465)) 4.667ms
[406.490s][info][gc          ] Allocation Stall (Executor task launch worker for task 44.0 in stage 87.0 (TID 1466)) 4.691ms
[406.490s][info][gc          ] Allocation Stall (Executor task launch worker for task 15.0 in stage 87.0 (TID 1432)) 4.642ms
[406.490s][info][gc          ] Allocation Stall (Executor task launch worker for task 25.0 in stage 87.0 (TID 1439)) 4.645ms
[406.491s][info][gc          ] Allocation Stall (Executor task launch worker for task 30.0 in stage 87.0 (TID 1463)) 4.687ms
[406.491s][info][gc          ] Allocation Stall (Executor task launch worker for task 41.0 in stage 87.0 (TID 1453)) 4.731ms
[406.491s][info][gc          ] Allocation Stall (Executor task launch worker for task 24.0 in stage 87.0 (TID 1462)) 4.914ms
[406.494s][info][gc          ] Allocation Stall (Executor task launch worker for task 39.0 in stage 87.0 (TID 1451)) 8.483ms
[406.496s][info][gc          ] Allocation Stall (Executor task launch worker for task 35.0 in stage 87.0 (TID 1464)) 9.836ms
[406.497s][info][gc          ] Allocation Stall (Executor task launch worker for task 36.0 in stage 87.0 (TID 1448)) 11.302ms
[406.498s][info][gc          ] Allocation Stall (Executor task launch worker for task 22.0 in stage 87.0 (TID 1437)) 11.960ms
[406.498s][info][gc          ] Allocation Stall (Executor task launch worker for task 11.0 in stage 87.0 (TID 1458)) 12.011ms
[406.498s][info][gc          ] Allocation Stall (Executor task launch worker for task 33.0 in stage 87.0 (TID 1446)) 9.897ms
[406.500s][info][gc          ] Allocation Stall (Executor task launch worker for task 43.0 in stage 87.0 (TID 1454)) 6.132ms
[406.500s][info][gc          ] Allocation Stall (Executor task launch worker for task 13.0 in stage 87.0 (TID 1431)) 5.782ms
[406.500s][info][gc          ] Allocation Stall (Executor task launch worker for task 41.0 in stage 87.0 (TID 1453)) 5.031ms
[406.505s][info][gc,phases   ] GC(2270) Concurrent Mark 29.115ms
[406.505s][info][gc,phases   ] GC(2270) Pause Mark End 0.025ms
[406.505s][info][gc,phases   ] GC(2270) Concurrent Mark Free 0.000ms
[406.507s][info][gc,phases   ] GC(2270) Concurrent Process Non-Strong References 2.441ms
[406.507s][info][gc,phases   ] GC(2270) Concurrent Reset Relocation Set 0.007ms
[406.507s][info][gc          ] Allocation Stall (Executor task launch worker for task 40.0 in stage 87.0 (TID 1452)) 2.900ms
[406.507s][info][gc          ] Allocation Stall (Executor task launch worker for task 8.0 in stage 87.0 (TID 1427)) 2.907ms
[406.507s][info][gc          ] Allocation Stall (Executor task launch worker for task 39.0 in stage 87.0 (TID 1451)) 2.901ms
[406.507s][info][gc          ] Allocation Stall (Executor task launch worker for task 10.0 in stage 87.0 (TID 1429)) 3.116ms
[406.507s][info][gc          ] Allocation Stall (Executor task launch worker for task 16.0 in stage 87.0 (TID 1433)) 3.079ms
[406.507s][info][gc          ] Allocation Stall (Executor task launch worker for task 20.0 in stage 87.0 (TID 1461)) 3.432ms
[406.507s][info][gc          ] Allocation Stall (Executor task launch worker for task 43.0 in stage 87.0 (TID 1454)) 3.019ms
[406.507s][info][gc          ] Allocation Stall (Executor task launch worker for task 28.0 in stage 87.0 (TID 1442)) 3.070ms
[406.507s][info][gc          ] Allocation Stall (Executor task launch worker for task 13.0 in stage 87.0 (TID 1431)) 2.990ms
[406.507s][info][gc          ] Allocation Stall (Executor task launch worker for task 45.0 in stage 87.0 (TID 1467)) 3.237ms
[406.507s][info][gc          ] Allocation Stall (Executor task launch worker for task 47.0 in stage 87.0 (TID 1455)) 3.128ms
[406.507s][info][gc          ] Allocation Stall (Executor task launch worker for task 42.0 in stage 87.0 (TID 1465)) 3.297ms
[406.507s][info][gc          ] Allocation Stall (Executor task launch worker for task 1.0 in stage 87.0 (TID 1421)) 3.355ms
[406.507s][info][gc          ] Allocation Stall (Executor task launch worker for task 29.0 in stage 87.0 (TID 1443)) 2.901ms
[406.507s][info][gc          ] Allocation Stall (Executor task launch worker for task 15.0 in stage 87.0 (TID 1432)) 3.170ms
[406.507s][info][gc          ] Allocation Stall (Executor task launch worker for task 32.0 in stage 87.0 (TID 1445)) 3.460ms
[406.507s][info][gc          ] Allocation Stall (Executor task launch worker for task 26.0 in stage 87.0 (TID 1440)) 3.394ms
[406.507s][info][gc          ] Allocation Stall (Executor task launch worker for task 5.0 in stage 87.0 (TID 1424)) 2.912ms
[406.507s][info][gc          ] Allocation Stall (Executor task launch worker for task 41.0 in stage 87.0 (TID 1453)) 3.233ms
[406.507s][info][gc          ] Allocation Stall (Executor task launch worker for task 23.0 in stage 87.0 (TID 1438)) 3.027ms
[406.507s][info][gc          ] Allocation Stall (Executor task launch worker for task 7.0 in stage 87.0 (TID 1426)) 12.244ms
[406.507s][info][gc          ] Allocation Stall (Executor task launch worker for task 30.0 in stage 87.0 (TID 1463)) 3.312ms
[406.507s][info][gc          ] Allocation Stall (Executor task launch worker for task 3.0 in stage 87.0 (TID 1457)) 3.005ms
[406.507s][info][gc          ] Allocation Stall (Executor task launch worker for task 14.0 in stage 87.0 (TID 1459)) 2.957ms
[406.507s][info][gc          ] Allocation Stall (Executor task launch worker for task 46.0 in stage 87.0 (TID 1468)) 10.250ms
[406.507s][info][gc          ] Allocation Stall (Executor task launch worker for task 31.0 in stage 87.0 (TID 1444)) 11.922ms
[406.507s][info][gc          ] Allocation Stall (Executor task launch worker for task 17.0 in stage 87.0 (TID 1434)) 10.246ms
[406.507s][info][gc          ] Allocation Stall (Executor task launch worker for task 37.0 in stage 87.0 (TID 1449)) 8.847ms
[406.507s][info][gc          ] Allocation Stall (Executor task launch worker for task 12.0 in stage 87.0 (TID 1430)) 8.466ms
[406.507s][info][gc          ] Allocation Stall (Executor task launch worker for task 6.0 in stage 87.0 (TID 1425)) 6.186ms
[406.507s][info][gc          ] Allocation Stall (Executor task launch worker for task 34.0 in stage 87.0 (TID 1447)) 8.473ms
[406.508s][info][gc          ] Allocation Stall (Executor task launch worker for task 38.0 in stage 87.0 (TID 1450)) 6.172ms
[406.508s][info][gc          ] Allocation Stall (Executor task launch worker for task 24.0 in stage 87.0 (TID 1462)) 6.033ms
[406.508s][info][gc          ] Allocation Stall (Executor task launch worker for task 33.0 in stage 87.0 (TID 1446)) 5.631ms
[406.508s][info][gc          ] Allocation Stall (Executor task launch worker for task 35.0 in stage 87.0 (TID 1464)) 5.684ms
[406.508s][info][gc          ] Allocation Stall (Executor task launch worker for task 36.0 in stage 87.0 (TID 1448)) 4.994ms
[406.508s][info][gc          ] Allocation Stall (Executor task launch worker for task 22.0 in stage 87.0 (TID 1437)) 4.659ms
[406.508s][info][gc          ] Allocation Stall (Executor task launch worker for task 4.0 in stage 87.0 (TID 1423)) 4.496ms
[406.508s][info][gc          ] Allocation Stall (Executor task launch worker for task 27.0 in stage 87.0 (TID 1441)) 4.295ms
[406.508s][info][gc          ] Allocation Stall (Executor task launch worker for task 0.0 in stage 87.0 (TID 1456)) 4.289ms
[406.508s][info][gc          ] Allocation Stall (Executor task launch worker for task 11.0 in stage 87.0 (TID 1458)) 3.957ms
[406.508s][info][gc          ] Allocation Stall (Executor task launch worker for task 9.0 in stage 87.0 (TID 1428)) 3.967ms
[406.508s][info][gc          ] Allocation Stall (Executor task launch worker for task 19.0 in stage 87.0 (TID 1460)) 3.806ms
[406.508s][info][gc          ] Allocation Stall (Executor task launch worker for task 18.0 in stage 87.0 (TID 1435)) 3.769ms
[406.508s][info][gc          ] Allocation Stall (Executor task launch worker for task 44.0 in stage 87.0 (TID 1466)) 3.767ms
[406.508s][info][gc          ] Allocation Stall (Executor task launch worker for task 25.0 in stage 87.0 (TID 1439)) 3.636ms
[406.508s][info][gc          ] Allocation Stall (Executor task launch worker for task 21.0 in stage 87.0 (TID 1436)) 3.632ms
[406.508s][info][gc          ] Allocation Stall (Executor task launch worker for task 2.0 in stage 87.0 (TID 1422)) 3.590ms
[406.521s][info][gc,phases   ] GC(2270) Concurrent Select Relocation Set 14.044ms
[406.522s][info][gc,phases   ] GC(2270) Pause Relocate Start 0.007ms
[406.556s][info][gc          ] Allocation Stall (Executor task launch worker for task 38.0 in stage 87.0 (TID 1450)) 0.018ms
[406.558s][info][gc          ] Allocation Stall (Executor task launch worker for task 39.0 in stage 87.0 (TID 1451)) 1.644ms
[406.558s][info][gc          ] Allocation Stall (Executor task launch worker for task 43.0 in stage 87.0 (TID 1454)) 1.518ms
[406.558s][info][gc          ] Allocation Stall (Executor task launch worker for task 14.0 in stage 87.0 (TID 1459)) 1.490ms
[406.558s][info][gc          ] Allocation Stall (Executor task launch worker for task 37.0 in stage 87.0 (TID 1449)) 1.783ms
[406.558s][info][gc          ] Allocation Stall (Executor task launch worker for task 15.0 in stage 87.0 (TID 1432)) 1.536ms
[406.558s][info][gc          ] Allocation Stall (Executor task launch worker for task 30.0 in stage 87.0 (TID 1463)) 1.789ms
[406.558s][info][gc          ] Allocation Stall (Executor task launch worker for task 33.0 in stage 87.0 (TID 1446)) 1.584ms
[406.558s][info][gc          ] Allocation Stall (Executor task launch worker for task 6.0 in stage 87.0 (TID 1425)) 1.577ms
[406.558s][info][gc          ] Allocation Stall (Executor task launch worker for task 11.0 in stage 87.0 (TID 1458)) 1.695ms
[406.558s][info][gc          ] Allocation Stall (Executor task launch worker for task 17.0 in stage 87.0 (TID 1434)) 1.420ms
[406.558s][info][gc          ] Allocation Stall (Executor task launch worker for task 9.0 in stage 87.0 (TID 1428)) 1.529ms
[406.558s][info][gc          ] Allocation Stall (Executor task launch worker for task 44.0 in stage 87.0 (TID 1466)) 1.714ms
[406.558s][info][gc          ] Allocation Stall (Executor task launch worker for task 36.0 in stage 87.0 (TID 1448)) 1.734ms
[406.558s][info][gc          ] Allocation Stall (Executor task launch worker for task 40.0 in stage 87.0 (TID 1452)) 1.830ms
[406.558s][info][gc          ] Allocation Stall (Executor task launch worker for task 24.0 in stage 87.0 (TID 1462)) 1.916ms
[406.558s][info][gc          ] Allocation Stall (Executor task launch worker for task 28.0 in stage 87.0 (TID 1442)) 1.860ms
[406.558s][info][gc          ] Allocation Stall (Executor task launch worker for task 2.0 in stage 87.0 (TID 1422)) 1.749ms
[406.558s][info][gc          ] Allocation Stall (Executor task launch worker for task 21.0 in stage 87.0 (TID 1436)) 1.804ms
[406.558s][info][gc          ] Allocation Stall (Executor task launch worker for task 19.0 in stage 87.0 (TID 1460)) 1.860ms
[406.558s][info][gc          ] Allocation Stall (Executor task launch worker for task 20.0 in stage 87.0 (TID 1461)) 1.854ms
[406.558s][info][gc          ] Allocation Stall (Executor task launch worker for task 35.0 in stage 87.0 (TID 1464)) 1.845ms
[406.558s][info][gc          ] Allocation Stall (Executor task launch worker for task 3.0 in stage 87.0 (TID 1457)) 1.844ms
[406.558s][info][gc          ] Allocation Stall (Executor task launch worker for task 46.0 in stage 87.0 (TID 1468)) 1.869ms
[406.558s][info][gc          ] Allocation Stall (Executor task launch worker for task 34.0 in stage 87.0 (TID 1447)) 1.911ms
[406.558s][info][gc          ] Allocation Stall (Executor task launch worker for task 1.0 in stage 87.0 (TID 1421)) 1.930ms
[406.558s][info][gc          ] Allocation Stall (Executor task launch worker for task 32.0 in stage 87.0 (TID 1445)) 1.957ms
[406.558s][info][gc          ] Allocation Stall (Executor task launch worker for task 4.0 in stage 87.0 (TID 1423)) 1.975ms
[406.558s][info][gc          ] Allocation Stall (Executor task launch worker for task 26.0 in stage 87.0 (TID 1440)) 1.972ms
[406.558s][info][gc          ] Allocation Stall (Executor task launch worker for task 45.0 in stage 87.0 (TID 1467)) 2.008ms
[406.558s][info][gc          ] Allocation Stall (Executor task launch worker for task 47.0 in stage 87.0 (TID 1455)) 2.036ms
[406.558s][info][gc          ] Allocation Stall (Executor task launch worker for task 27.0 in stage 87.0 (TID 1441)) 2.057ms
[406.558s][info][gc          ] Allocation Stall (Executor task launch worker for task 25.0 in stage 87.0 (TID 1439)) 2.082ms
[406.558s][info][gc          ] Allocation Stall (Executor task launch worker for task 7.0 in stage 87.0 (TID 1426)) 2.109ms
[406.558s][info][gc          ] Allocation Stall (Executor task launch worker for task 16.0 in stage 87.0 (TID 1433)) 2.149ms
[406.558s][info][gc          ] Allocation Stall (Executor task launch worker for task 18.0 in stage 87.0 (TID 1435)) 2.187ms
[406.558s][info][gc          ] Allocation Stall (Executor task launch worker for task 31.0 in stage 87.0 (TID 1444)) 2.185ms
[406.558s][info][gc          ] Allocation Stall (Executor task launch worker for task 10.0 in stage 87.0 (TID 1429)) 2.193ms
[406.559s][info][gc          ] Allocation Stall (Executor task launch worker for task 5.0 in stage 87.0 (TID 1424)) 2.227ms
[406.559s][info][gc          ] Allocation Stall (Executor task launch worker for task 0.0 in stage 87.0 (TID 1456)) 2.262ms
[406.559s][info][gc          ] Allocation Stall (Executor task launch worker for task 23.0 in stage 87.0 (TID 1438)) 2.300ms
[406.559s][info][gc          ] Allocation Stall (Executor task launch worker for task 12.0 in stage 87.0 (TID 1430)) 2.335ms
[406.559s][info][gc          ] Allocation Stall (Executor task launch worker for task 22.0 in stage 87.0 (TID 1437)) 2.383ms
[406.559s][info][gc          ] Allocation Stall (Executor task launch worker for task 8.0 in stage 87.0 (TID 1427)) 2.406ms
[406.559s][info][gc          ] Allocation Stall (Executor task launch worker for task 38.0 in stage 87.0 (TID 1450)) 2.679ms
[406.559s][info][gc          ] Allocation Stall (Executor task launch worker for task 29.0 in stage 87.0 (TID 1443)) 2.672ms
[406.559s][info][gc          ] Allocation Stall (Executor task launch worker for task 13.0 in stage 87.0 (TID 1431)) 2.690ms
[406.559s][info][gc          ] Allocation Stall (Executor task launch worker for task 41.0 in stage 87.0 (TID 1453)) 2.631ms
[406.559s][info][gc          ] Allocation Stall (Executor task launch worker for task 42.0 in stage 87.0 (TID 1465)) 1.736ms
[406.567s][info][gc          ] Allocation Stall (Executor task launch worker for task 34.0 in stage 87.0 (TID 1447)) 2.144ms
[406.567s][info][gc          ] Allocation Stall (Executor task launch worker for task 7.0 in stage 87.0 (TID 1426)) 2.173ms
[406.567s][info][gc          ] Allocation Stall (Executor task launch worker for task 31.0 in stage 87.0 (TID 1444)) 2.131ms
[406.568s][info][gc          ] Allocation Stall (Executor task launch worker for task 26.0 in stage 87.0 (TID 1440)) 2.529ms
[406.568s][info][gc          ] Allocation Stall (Executor task launch worker for task 3.0 in stage 87.0 (TID 1457)) 2.474ms
[406.568s][info][gc          ] Allocation Stall (Executor task launch worker for task 18.0 in stage 87.0 (TID 1435)) 2.096ms
[406.568s][info][gc          ] Allocation Stall (Executor task launch worker for task 15.0 in stage 87.0 (TID 1432)) 2.050ms
[406.568s][info][gc          ] Allocation Stall (Executor task launch worker for task 23.0 in stage 87.0 (TID 1438)) 1.967ms
[406.568s][info][gc          ] Allocation Stall (Executor task launch worker for task 45.0 in stage 87.0 (TID 1467)) 1.945ms
[406.568s][info][gc          ] Allocation Stall (Executor task launch worker for task 47.0 in stage 87.0 (TID 1455)) 1.924ms
[406.568s][info][gc          ] Allocation Stall (Executor task launch worker for task 12.0 in stage 87.0 (TID 1430)) 1.955ms
[406.568s][info][gc          ] Allocation Stall (Executor task launch worker for task 30.0 in stage 87.0 (TID 1463)) 1.873ms
[406.568s][info][gc          ] Allocation Stall (Executor task launch worker for task 25.0 in stage 87.0 (TID 1439)) 1.815ms
[406.568s][info][gc          ] Allocation Stall (Executor task launch worker for task 8.0 in stage 87.0 (TID 1427)) 1.852ms
[406.568s][info][gc          ] Allocation Stall (Executor task launch worker for task 14.0 in stage 87.0 (TID 1459)) 1.840ms
[406.568s][info][gc          ] Allocation Stall (Executor task launch worker for task 13.0 in stage 87.0 (TID 1431)) 1.863ms
[406.568s][info][gc          ] Allocation Stall (Executor task launch worker for task 22.0 in stage 87.0 (TID 1437)) 2.216ms
[406.568s][info][gc          ] Allocation Stall (Executor task launch worker for task 39.0 in stage 87.0 (TID 1451)) 1.941ms
[406.569s][info][gc          ] Allocation Stall (Executor task launch worker for task 0.0 in stage 87.0 (TID 1456)) 1.947ms
[406.569s][info][gc          ] Allocation Stall (Executor task launch worker for task 21.0 in stage 87.0 (TID 1436)) 0.488ms
[406.576s][info][gc,phases   ] GC(2270) Concurrent Relocate 54.043ms
[406.576s][info][gc,load     ] GC(2270) Load: 0.00/0.00/0.00
[406.576s][info][gc,mmu      ] GC(2270) MMU: 2ms/86.2%, 5ms/94.5%, 10ms/97.2%, 20ms/98.6%, 50ms/99.4%, 100ms/99.6%
[406.576s][info][gc,marking  ] GC(2270) Mark: 8 stripe(s), 2 proactive flush(es), 1 terminate flush(es), 0 completion(s), 0 continuation(s) 
[406.576s][info][gc,marking  ] GC(2270) Mark Stack Usage: 32M
[406.576s][info][gc,nmethod  ] GC(2270) NMethods: 8187 registered, 1385 unregistered
[406.576s][info][gc,metaspace] GC(2270) Metaspace: 120M used, 123M committed, 1152M reserved
[406.576s][info][gc,ref      ] GC(2270) Soft: 2877 encountered, 653 discovered, 0 enqueued
[406.576s][info][gc,ref      ] GC(2270) Weak: 14373 encountered, 2976 discovered, 12 enqueued
[406.576s][info][gc,ref      ] GC(2270) Final: 84 encountered, 29 discovered, 0 enqueued
[406.576s][info][gc,ref      ] GC(2270) Phantom: 764 encountered, 640 discovered, 0 enqueued
[406.576s][info][gc,reloc    ] GC(2270) Small Pages: 202 / 404M, Empty: 272M, Relocated: 12M, In-Place: 0
[406.576s][info][gc,reloc    ] GC(2270) Medium Pages: 36 / 1152M, Empty: 0M, Relocated: 17M, In-Place: 0
[406.576s][info][gc,reloc    ] GC(2270) Large Pages: 0 / 0M, Empty: 0M, Relocated: 0M, In-Place: 0
[406.576s][info][gc,reloc    ] GC(2270) Forwarding Usage: 2M
[406.576s][info][gc,heap     ] GC(2270) Min Capacity: 8M(0%)
[406.576s][info][gc,heap     ] GC(2270) Max Capacity: 2048M(100%)
[406.576s][info][gc,heap     ] GC(2270) Soft Max Capacity: 2048M(100%)
[406.576s][info][gc,heap     ] GC(2270)                Mark Start          Mark End        Relocate Start      Relocate End           High               Low         
[406.576s][info][gc,heap     ] GC(2270)  Capacity:     2048M (100%)       2048M (100%)       2048M (100%)       2048M (100%)       2048M (100%)       2048M (100%)   
[406.576s][info][gc,heap     ] GC(2270)      Free:      492M (24%)           0M (0%)          182M (9%)           32M (2%)          492M (24%)           0M (0%)     
[406.576s][info][gc,heap     ] GC(2270)      Used:     1556M (76%)        2048M (100%)       1866M (91%)        2016M (98%)        2048M (100%)       1556M (76%)    
[406.576s][info][gc,heap     ] GC(2270)      Live:         -              1042M (51%)        1042M (51%)        1042M (51%)            -                  -          
[406.576s][info][gc,heap     ] GC(2270) Allocated:         -               492M (24%)         582M (28%)         805M (39%)            -                  -          
[406.576s][info][gc,heap     ] GC(2270)   Garbage:         -               513M (25%)         241M (12%)         168M (8%)             -                  -          
[406.576s][info][gc,heap     ] GC(2270) Reclaimed:         -                  -               272M (13%)         345M (17%)            -                  -          
[406.576s][info][gc          ] GC(2270) Garbage Collection (Allocation Stall) 1556M(76%)->2016M(98%)
[406.580s][info][gc,start    ] GC(2271) Garbage Collection (Allocation Stall)
[406.580s][info][gc,ref      ] GC(2271) Clearing All SoftReferences
[406.580s][info][gc,task     ] GC(2271) Using 12 workers
[406.581s][info][gc,ref      ] GC(2271) Clearing All SoftReferences
[406.581s][info][gc,phases   ] GC(2271) Pause Mark Start 0.036ms
[406.581s][info][gc          ] Allocation Stall (Executor task launch worker for task 4.0 in stage 87.0 (TID 1423)) 1.279ms
[406.581s][info][gc          ] Allocation Stall (Executor task launch worker for task 37.0 in stage 87.0 (TID 1449)) 1.200ms
[406.614s][info][gc,phases   ] GC(2271) Concurrent Mark 20.723ms
[406.614s][info][gc,phases   ] GC(2271) Pause Mark End 0.025ms
[406.614s][info][gc,phases   ] GC(2271) Concurrent Mark Free 0.001ms
[406.617s][info][gc,phases   ] GC(2271) Concurrent Process Non-Strong References 2.858ms
[406.617s][info][gc,phases   ] GC(2271) Concurrent Reset Relocation Set 0.004ms
[406.617s][info][gc          ] Allocation Stall (Executor task launch worker for task 43.0 in stage 87.0 (TID 1454)) 20.724ms
[406.617s][info][gc          ] Allocation Stall (Executor task launch worker for task 20.0 in stage 87.0 (TID 1461)) 21.205ms
[406.617s][info][gc          ] Allocation Stall (Executor task launch worker for task 44.0 in stage 87.0 (TID 1466)) 20.947ms
[406.617s][info][gc          ] Allocation Stall (Executor task launch worker for task 4.0 in stage 87.0 (TID 1423)) 20.476ms
[406.617s][info][gc          ] Allocation Stall (Executor task launch worker for task 15.0 in stage 87.0 (TID 1432)) 20.415ms
[406.617s][info][gc          ] Allocation Stall (Executor task launch worker for task 22.0 in stage 87.0 (TID 1437)) 20.467ms
[406.617s][info][gc          ] Allocation Stall (Executor task launch worker for task 24.0 in stage 87.0 (TID 1462)) 20.646ms
[406.617s][info][gc          ] Allocation Stall (Executor task launch worker for task 35.0 in stage 87.0 (TID 1464)) 22.352ms
[406.617s][info][gc          ] Allocation Stall (Executor task launch worker for task 6.0 in stage 87.0 (TID 1425)) 21.168ms
[406.617s][info][gc          ] Allocation Stall (Executor task launch worker for task 21.0 in stage 87.0 (TID 1436)) 22.419ms
[406.617s][info][gc          ] Allocation Stall (Executor task launch worker for task 5.0 in stage 87.0 (TID 1424)) 24.239ms
[406.617s][info][gc          ] Allocation Stall (Executor task launch worker for task 19.0 in stage 87.0 (TID 1460)) 20.997ms
[406.617s][info][gc          ] Allocation Stall (Executor task launch worker for task 10.0 in stage 87.0 (TID 1429)) 21.050ms
[406.617s][info][gc          ] Allocation Stall (Executor task launch worker for task 7.0 in stage 87.0 (TID 1426)) 22.942ms
[406.617s][info][gc          ] Allocation Stall (Executor task launch worker for task 39.0 in stage 87.0 (TID 1451)) 21.130ms
[406.617s][info][gc          ] Allocation Stall (Executor task launch worker for task 18.0 in stage 87.0 (TID 1435)) 22.942ms
[406.617s][info][gc          ] Allocation Stall (Executor task launch worker for task 25.0 in stage 87.0 (TID 1439)) 23.382ms
[406.617s][info][gc          ] Allocation Stall (Executor task launch worker for task 34.0 in stage 87.0 (TID 1447)) 22.289ms
[406.617s][info][gc          ] Allocation Stall (Executor task launch worker for task 2.0 in stage 87.0 (TID 1422)) 21.398ms
[406.617s][info][gc          ] Allocation Stall (Executor task launch worker for task 8.0 in stage 87.0 (TID 1427)) 21.244ms
[406.617s][info][gc          ] Allocation Stall (Executor task launch worker for task 38.0 in stage 87.0 (TID 1450)) 22.701ms
[406.617s][info][gc          ] Allocation Stall (Executor task launch worker for task 47.0 in stage 87.0 (TID 1455)) 21.716ms
[406.617s][info][gc          ] Allocation Stall (Executor task launch worker for task 41.0 in stage 87.0 (TID 1453)) 21.537ms
[406.617s][info][gc          ] Allocation Stall (Executor task launch worker for task 11.0 in stage 87.0 (TID 1458)) 22.382ms
[406.617s][info][gc          ] Allocation Stall (Executor task launch worker for task 13.0 in stage 87.0 (TID 1431)) 22.009ms
[406.617s][info][gc          ] Allocation Stall (Executor task launch worker for task 37.0 in stage 87.0 (TID 1449)) 20.655ms
[406.617s][info][gc          ] Allocation Stall (Executor task launch worker for task 27.0 in stage 87.0 (TID 1441)) 23.138ms
[406.617s][info][gc          ] Allocation Stall (Executor task launch worker for task 29.0 in stage 87.0 (TID 1443)) 23.445ms
[406.617s][info][gc          ] Allocation Stall (Executor task launch worker for task 12.0 in stage 87.0 (TID 1430)) 22.379ms
[406.617s][info][gc          ] Allocation Stall (Executor task launch worker for task 26.0 in stage 87.0 (TID 1440)) 21.141ms
[406.617s][info][gc          ] Allocation Stall (Executor task launch worker for task 23.0 in stage 87.0 (TID 1438)) 24.250ms
[406.617s][info][gc          ] Allocation Stall (Executor task launch worker for task 31.0 in stage 87.0 (TID 1444)) 23.056ms
[406.617s][info][gc          ] Allocation Stall (Executor task launch worker for task 42.0 in stage 87.0 (TID 1465)) 23.522ms
[406.617s][info][gc          ] Allocation Stall (Executor task launch worker for task 30.0 in stage 87.0 (TID 1463)) 23.506ms
[406.617s][info][gc          ] Allocation Stall (Executor task launch worker for task 17.0 in stage 87.0 (TID 1434)) 22.962ms
[406.617s][info][gc          ] Allocation Stall (Executor task launch worker for task 9.0 in stage 87.0 (TID 1428)) 22.093ms
[406.617s][info][gc          ] Allocation Stall (Executor task launch worker for task 0.0 in stage 87.0 (TID 1456)) 21.286ms
[406.617s][info][gc          ] Allocation Stall (Executor task launch worker for task 33.0 in stage 87.0 (TID 1446)) 24.164ms
[406.617s][info][gc          ] Allocation Stall (Executor task launch worker for task 3.0 in stage 87.0 (TID 1457)) 21.113ms
[406.617s][info][gc          ] Allocation Stall (Executor task launch worker for task 14.0 in stage 87.0 (TID 1459)) 22.409ms
[406.617s][info][gc          ] Allocation Stall (Executor task launch worker for task 46.0 in stage 87.0 (TID 1468)) 21.699ms
[406.617s][info][gc          ] Allocation Stall (Executor task launch worker for task 40.0 in stage 87.0 (TID 1452)) 20.632ms
[406.617s][info][gc          ] Allocation Stall (Executor task launch worker for task 36.0 in stage 87.0 (TID 1448)) 23.678ms
[406.617s][info][gc          ] Allocation Stall (Executor task launch worker for task 16.0 in stage 87.0 (TID 1433)) 20.589ms
[406.617s][info][gc          ] Allocation Stall (Executor task launch worker for task 45.0 in stage 87.0 (TID 1467)) 21.041ms
[406.617s][info][gc          ] Allocation Stall (Executor task launch worker for task 1.0 in stage 87.0 (TID 1421)) 21.869ms
[406.617s][info][gc          ] Allocation Stall (Executor task launch worker for task 28.0 in stage 87.0 (TID 1442)) 24.218ms
[406.617s][info][gc          ] Allocation Stall (Executor task launch worker for task 32.0 in stage 87.0 (TID 1445)) 23.452ms
[406.626s][info][gc,phases   ] GC(2271) Concurrent Select Relocation Set 9.361ms
[406.627s][info][gc,phases   ] GC(2271) Pause Relocate Start 0.007ms
[406.656s][info][gc          ] Allocation Stall (Executor task launch worker for task 41.0 in stage 87.0 (TID 1453)) 0.019ms
[406.656s][info][gc          ] Allocation Stall (Executor task launch worker for task 1.0 in stage 87.0 (TID 1421)) 0.047ms
[406.659s][info][gc          ] Allocation Stall (Executor task launch worker for task 43.0 in stage 87.0 (TID 1454)) 2.390ms
[406.659s][info][gc          ] Allocation Stall (Executor task launch worker for task 7.0 in stage 87.0 (TID 1426)) 2.329ms
[406.659s][info][gc          ] Allocation Stall (Executor task launch worker for task 17.0 in stage 87.0 (TID 1434)) 2.366ms
[406.659s][info][gc          ] Allocation Stall (Executor task launch worker for task 29.0 in stage 87.0 (TID 1443)) 2.564ms
[406.659s][info][gc          ] Allocation Stall (Executor task launch worker for task 36.0 in stage 87.0 (TID 1448)) 2.451ms
[406.659s][info][gc          ] Allocation Stall (Executor task launch worker for task 28.0 in stage 87.0 (TID 1442)) 2.841ms
[406.659s][info][gc          ] Allocation Stall (Executor task launch worker for task 2.0 in stage 87.0 (TID 1422)) 2.446ms
[406.659s][info][gc          ] Allocation Stall (Executor task launch worker for task 15.0 in stage 87.0 (TID 1432)) 2.763ms
[406.659s][info][gc          ] Allocation Stall (Executor task launch worker for task 27.0 in stage 87.0 (TID 1441)) 2.322ms
[406.659s][info][gc          ] Allocation Stall (Executor task launch worker for task 25.0 in stage 87.0 (TID 1439)) 2.553ms
[406.659s][info][gc          ] Allocation Stall (Executor task launch worker for task 31.0 in stage 87.0 (TID 1444)) 2.449ms
[406.659s][info][gc          ] Allocation Stall (Executor task launch worker for task 18.0 in stage 87.0 (TID 1435)) 2.752ms
[406.659s][info][gc          ] Allocation Stall (Executor task launch worker for task 37.0 in stage 87.0 (TID 1449)) 2.830ms
[406.659s][info][gc          ] Allocation Stall (Executor task launch worker for task 47.0 in stage 87.0 (TID 1455)) 2.813ms
[406.659s][info][gc          ] Allocation Stall (Executor task launch worker for task 9.0 in stage 87.0 (TID 1428)) 2.810ms
[406.659s][info][gc          ] Allocation Stall (Executor task launch worker for task 33.0 in stage 87.0 (TID 1446)) 2.785ms
[406.659s][info][gc          ] Allocation Stall (Executor task launch worker for task 32.0 in stage 87.0 (TID 1445)) 2.892ms
[406.659s][info][gc          ] Allocation Stall (Executor task launch worker for task 23.0 in stage 87.0 (TID 1438)) 2.904ms
[406.659s][info][gc          ] Allocation Stall (Executor task launch worker for task 6.0 in stage 87.0 (TID 1425)) 2.911ms
[406.659s][info][gc          ] Allocation Stall (Executor task launch worker for task 22.0 in stage 87.0 (TID 1437)) 2.926ms
[406.659s][info][gc          ] Allocation Stall (Executor task launch worker for task 12.0 in stage 87.0 (TID 1430)) 2.921ms
[406.659s][info][gc          ] Allocation Stall (Executor task launch worker for task 38.0 in stage 87.0 (TID 1450)) 2.948ms
[406.659s][info][gc          ] Allocation Stall (Executor task launch worker for task 41.0 in stage 87.0 (TID 1453)) 2.962ms
[406.659s][info][gc          ] Allocation Stall (Executor task launch worker for task 26.0 in stage 87.0 (TID 1440)) 2.985ms
[406.660s][info][gc          ] Allocation Stall (Executor task launch worker for task 5.0 in stage 87.0 (TID 1424)) 2.994ms
[406.660s][info][gc          ] Allocation Stall (Executor task launch worker for task 34.0 in stage 87.0 (TID 1447)) 3.026ms
[406.660s][info][gc          ] Allocation Stall (Executor task launch worker for task 39.0 in stage 87.0 (TID 1451)) 3.060ms
[406.660s][info][gc          ] Allocation Stall (Executor task launch worker for task 21.0 in stage 87.0 (TID 1436)) 3.095ms
[406.660s][info][gc          ] Allocation Stall (Executor task launch worker for task 13.0 in stage 87.0 (TID 1431)) 3.125ms
[406.660s][info][gc          ] Allocation Stall (Executor task launch worker for task 10.0 in stage 87.0 (TID 1429)) 3.119ms
[406.660s][info][gc          ] Allocation Stall (Executor task launch worker for task 8.0 in stage 87.0 (TID 1427)) 3.135ms
[406.660s][info][gc          ] Allocation Stall (Executor task launch worker for task 1.0 in stage 87.0 (TID 1421)) 3.176ms
[406.660s][info][gc          ] Allocation Stall (Executor task launch worker for task 16.0 in stage 87.0 (TID 1433)) 3.215ms
[406.660s][info][gc          ] Allocation Stall (Executor task launch worker for task 4.0 in stage 87.0 (TID 1423)) 3.225ms
[406.660s][info][gc          ] Allocation Stall (Executor task launch worker for task 40.0 in stage 87.0 (TID 1452)) 3.270ms
[406.668s][info][gc          ] Allocation Stall (Executor task launch worker for task 26.0 in stage 87.0 (TID 1440)) 1.922ms
[406.668s][info][gc          ] Allocation Stall (Executor task launch worker for task 13.0 in stage 87.0 (TID 1431)) 1.382ms
[406.668s][info][gc          ] Allocation Stall (Executor task launch worker for task 39.0 in stage 87.0 (TID 1451)) 1.137ms
[406.668s][info][gc          ] Allocation Stall (Executor task launch worker for task 16.0 in stage 87.0 (TID 1433)) 2.879ms
[406.668s][info][gc          ] Allocation Stall (Executor task launch worker for task 25.0 in stage 87.0 (TID 1439)) 2.836ms
[406.668s][info][gc          ] Allocation Stall (Executor task launch worker for task 40.0 in stage 87.0 (TID 1452)) 2.016ms
[406.668s][info][gc          ] Allocation Stall (Executor task launch worker for task 7.0 in stage 87.0 (TID 1426)) 2.336ms
[406.668s][info][gc          ] Allocation Stall (Executor task launch worker for task 10.0 in stage 87.0 (TID 1429)) 2.879ms
[406.668s][info][gc          ] Allocation Stall (Executor task launch worker for task 4.0 in stage 87.0 (TID 1423)) 2.246ms
[406.668s][info][gc          ] Allocation Stall (Executor task launch worker for task 8.0 in stage 87.0 (TID 1427)) 3.156ms
[406.668s][info][gc          ] Allocation Stall (Executor task launch worker for task 36.0 in stage 87.0 (TID 1448)) 1.999ms
[406.668s][info][gc          ] Allocation Stall (Executor task launch worker for task 1.0 in stage 87.0 (TID 1421)) 2.105ms
[406.668s][info][gc          ] Allocation Stall (Executor task launch worker for task 38.0 in stage 87.0 (TID 1450)) 3.054ms
[406.668s][info][gc          ] Allocation Stall (Executor task launch worker for task 21.0 in stage 87.0 (TID 1436)) 3.086ms
[406.668s][info][gc          ] Allocation Stall (Executor task launch worker for task 34.0 in stage 87.0 (TID 1447)) 2.946ms
[406.668s][info][gc          ] Allocation Stall (Executor task launch worker for task 43.0 in stage 87.0 (TID 1454)) 2.940ms
[406.668s][info][gc          ] Allocation Stall (Executor task launch worker for task 5.0 in stage 87.0 (TID 1424)) 1.320ms
[406.668s][info][gc          ] Allocation Stall (Executor task launch worker for task 32.0 in stage 87.0 (TID 1445)) 0.420ms
[406.668s][info][gc          ] Allocation Stall (Executor task launch worker for task 2.0 in stage 87.0 (TID 1422)) 0.477ms
[406.668s][info][gc          ] Allocation Stall (Executor task launch worker for task 0.0 in stage 87.0 (TID 1456)) 1.214ms
[406.668s][info][gc          ] Allocation Stall (Executor task launch worker for task 22.0 in stage 87.0 (TID 1437)) 0.474ms
[406.668s][info][gc          ] Allocation Stall (Executor task launch worker for task 23.0 in stage 87.0 (TID 1438)) 0.163ms
[406.668s][info][gc          ] Allocation Stall (Executor task launch worker for task 41.0 in stage 87.0 (TID 1453)) 0.368ms
[406.668s][info][gc          ] Allocation Stall (Executor task launch worker for task 12.0 in stage 87.0 (TID 1430)) 1.003ms
[406.668s][info][gc          ] Allocation Stall (Executor task launch worker for task 27.0 in stage 87.0 (TID 1441)) 1.141ms
[406.668s][info][gc          ] Allocation Stall (Executor task launch worker for task 6.0 in stage 87.0 (TID 1425)) 0.151ms
[406.668s][info][gc          ] Allocation Stall (Executor task launch worker for task 3.0 in stage 87.0 (TID 1457)) 1.351ms
[406.668s][info][gc          ] Allocation Stall (Executor task launch worker for task 17.0 in stage 87.0 (TID 1434)) 1.116ms
[406.716s][info][gc,phases   ] GC(2271) Concurrent Relocate 87.638ms
[406.716s][info][gc,load     ] GC(2271) Load: 0.00/0.00/0.00
[406.716s][info][gc,mmu      ] GC(2271) MMU: 2ms/86.2%, 5ms/94.5%, 10ms/97.2%, 20ms/98.6%, 50ms/99.4%, 100ms/99.6%
[406.716s][info][gc,marking  ] GC(2271) Mark: 8 stripe(s), 2 proactive flush(es), 1 terminate flush(es), 0 completion(s), 0 continuation(s) 
[406.716s][info][gc,marking  ] GC(2271) Mark Stack Usage: 32M
[406.716s][info][gc,nmethod  ] GC(2271) NMethods: 8187 registered, 1385 unregistered
[406.716s][info][gc,metaspace] GC(2271) Metaspace: 120M used, 123M committed, 1152M reserved
[406.716s][info][gc,ref      ] GC(2271) Soft: 2879 encountered, 517 discovered, 2 enqueued
[406.716s][info][gc,ref      ] GC(2271) Weak: 14362 encountered, 5681 discovered, 1 enqueued
[406.716s][info][gc,ref      ] GC(2271) Final: 84 encountered, 1 discovered, 0 enqueued
[406.716s][info][gc,ref      ] GC(2271) Phantom: 764 encountered, 483 discovered, 0 enqueued
[406.716s][info][gc,reloc    ] GC(2271) Small Pages: 434 / 868M, Empty: 718M, Relocated: 4M, In-Place: 0
[406.716s][info][gc,reloc    ] GC(2271) Medium Pages: 36 / 1152M, Empty: 0M, Relocated: 19M, In-Place: 0
[406.716s][info][gc,reloc    ] GC(2271) Large Pages: 0 / 0M, Empty: 0M, Relocated: 0M, In-Place: 0
[406.716s][info][gc,reloc    ] GC(2271) Forwarding Usage: 0M
[406.716s][info][gc,heap     ] GC(2271) Min Capacity: 8M(0%)
[406.716s][info][gc,heap     ] GC(2271) Max Capacity: 2048M(100%)
[406.716s][info][gc,heap     ] GC(2271) Soft Max Capacity: 2048M(100%)
[406.716s][info][gc,heap     ] GC(2271)                Mark Start          Mark End        Relocate Start      Relocate End           High               Low         
[406.716s][info][gc,heap     ] GC(2271)  Capacity:     2048M (100%)       2048M (100%)       2048M (100%)       2048M (100%)       2048M (100%)       2048M (100%)   
[406.716s][info][gc,heap     ] GC(2271)      Free:       24M (1%)            0M (0%)          614M (30%)         368M (18%)         614M (30%)           0M (0%)     
[406.716s][info][gc,heap     ] GC(2271)      Used:     2024M (99%)        2048M (100%)       1434M (70%)        1680M (82%)        2048M (100%)       1434M (70%)    
[406.716s][info][gc,heap     ] GC(2271)      Live:         -              1044M (51%)        1044M (51%)        1044M (51%)            -                  -          
[406.716s][info][gc,heap     ] GC(2271) Allocated:         -                24M (1%)          128M (6%)          446M (22%)            -                  -          
[406.716s][info][gc,heap     ] GC(2271)   Garbage:         -               979M (48%)         261M (13%)         188M (9%)             -                  -          
[406.716s][info][gc,heap     ] GC(2271) Reclaimed:         -                  -               718M (35%)         790M (39%)            -                  -          
[406.716s][info][gc          ] GC(2271) Garbage Collection (Allocation Stall) 2024M(99%)->1680M(82%)
[406.739s][info][gc,start    ] GC(2272) Garbage Collection (Allocation Stall)
[406.739s][info][gc,ref      ] GC(2272) Clearing All SoftReferences
[406.739s][info][gc,task     ] GC(2272) Using 12 workers
[406.755s][info][gc,ref      ] GC(2272) Clearing All SoftReferences
[406.755s][info][gc,phases   ] GC(2272) Pause Mark Start 0.052ms
[406.935s][info][gc          ] Allocation Stall (Executor task launch worker for task 33.0 in stage 87.0 (TID 1446)) 0.450ms
[406.935s][info][gc          ] Allocation Stall (Executor task launch worker for task 12.0 in stage 87.0 (TID 1430)) 0.493ms
[406.935s][info][gc          ] Allocation Stall (Executor task launch worker for task 5.0 in stage 87.0 (TID 1424)) 0.635ms
[406.935s][info][gc          ] Allocation Stall (Executor task launch worker for task 47.0 in stage 87.0 (TID 1455)) 0.665ms
[406.935s][info][gc          ] Allocation Stall (Executor task launch worker for task 6.0 in stage 87.0 (TID 1425)) 0.693ms
[406.935s][info][gc          ] Allocation Stall (Executor task launch worker for task 38.0 in stage 87.0 (TID 1450)) 0.699ms
[406.935s][info][gc          ] Allocation Stall (Executor task launch worker for task 20.0 in stage 87.0 (TID 1461)) 0.310ms
[406.942s][info][gc,phases   ] GC(2272) Concurrent Mark 154.814ms
[406.958s][info][gc,phases   ] GC(2272) Pause Mark End 0.040ms
[406.986s][info][gc,phases   ] GC(2272) Concurrent Mark Free 0.002ms
[406.989s][info][gc,phases   ] GC(2272) Concurrent Process Non-Strong References 3.157ms
[406.989s][info][gc,phases   ] GC(2272) Concurrent Reset Relocation Set 0.006ms
[406.989s][info][gc          ] Allocation Stall (Executor task launch worker for task 5.0 in stage 87.0 (TID 1424)) 0.476ms
[406.989s][info][gc          ] Allocation Stall (Executor task launch worker for task 28.0 in stage 87.0 (TID 1442)) 0.409ms
[406.989s][info][gc          ] Allocation Stall (Executor task launch worker for task 39.0 in stage 87.0 (TID 1451)) 2.005ms
[406.989s][info][gc          ] Allocation Stall (Executor task launch worker for task 15.0 in stage 87.0 (TID 1432)) 0.419ms
[406.989s][info][gc          ] Allocation Stall (Executor task launch worker for task 0.0 in stage 87.0 (TID 1456)) 1.704ms
[406.989s][info][gc          ] Allocation Stall (Executor task launch worker for task 17.0 in stage 87.0 (TID 1434)) 2.030ms
[406.989s][info][gc          ] Allocation Stall (Executor task launch worker for task 18.0 in stage 87.0 (TID 1435)) 1.360ms
[406.989s][info][gc          ] Allocation Stall (Executor task launch worker for task 36.0 in stage 87.0 (TID 1448)) 0.436ms
[406.989s][info][gc          ] Allocation Stall (Executor task launch worker for task 21.0 in stage 87.0 (TID 1436)) 1.748ms
[406.989s][info][gc          ] Allocation Stall (Executor task launch worker for task 24.0 in stage 87.0 (TID 1462)) 1.819ms
[406.989s][info][gc          ] Allocation Stall (Executor task launch worker for task 22.0 in stage 87.0 (TID 1437)) 0.284ms
[406.989s][info][gc          ] Allocation Stall (Executor task launch worker for task 34.0 in stage 87.0 (TID 1447)) 0.202ms
[406.989s][info][gc          ] Allocation Stall (Executor task launch worker for task 41.0 in stage 87.0 (TID 1453)) 3.466ms
[406.989s][info][gc          ] Allocation Stall (Executor task launch worker for task 8.0 in stage 87.0 (TID 1427)) 0.801ms
[406.989s][info][gc          ] Allocation Stall (Executor task launch worker for task 40.0 in stage 87.0 (TID 1452)) 2.557ms
[406.989s][info][gc          ] Allocation Stall (Executor task launch worker for task 32.0 in stage 87.0 (TID 1445)) 0.194ms
[406.989s][info][gc          ] Allocation Stall (Executor task launch worker for task 11.0 in stage 87.0 (TID 1458)) 1.268ms
[406.989s][info][gc          ] Allocation Stall (Executor task launch worker for task 42.0 in stage 87.0 (TID 1465)) 3.567ms
[406.989s][info][gc          ] Allocation Stall (Executor task launch worker for task 46.0 in stage 87.0 (TID 1468)) 2.831ms
[406.989s][info][gc          ] Allocation Stall (Executor task launch worker for task 14.0 in stage 87.0 (TID 1459)) 1.406ms
[406.989s][info][gc          ] Allocation Stall (Executor task launch worker for task 26.0 in stage 87.0 (TID 1440)) 2.508ms
[406.989s][info][gc          ] Allocation Stall (Executor task launch worker for task 43.0 in stage 87.0 (TID 1454)) 0.236ms
[406.989s][info][gc          ] Allocation Stall (Executor task launch worker for task 25.0 in stage 87.0 (TID 1439)) 2.606ms
[406.989s][info][gc          ] Allocation Stall (Executor task launch worker for task 45.0 in stage 87.0 (TID 1467)) 0.258ms
[406.989s][info][gc          ] Allocation Stall (Executor task launch worker for task 37.0 in stage 87.0 (TID 1449)) 2.466ms
[406.989s][info][gc          ] Allocation Stall (Executor task launch worker for task 6.0 in stage 87.0 (TID 1425)) 3.480ms
[406.989s][info][gc          ] Allocation Stall (Executor task launch worker for task 16.0 in stage 87.0 (TID 1433)) 0.249ms
[406.989s][info][gc          ] Allocation Stall (Executor task launch worker for task 12.0 in stage 87.0 (TID 1430)) 2.568ms
[406.989s][info][gc          ] Allocation Stall (Executor task launch worker for task 3.0 in stage 87.0 (TID 1457)) 3.334ms
[406.989s][info][gc          ] Allocation Stall (Executor task launch worker for task 38.0 in stage 87.0 (TID 1450)) 2.286ms
[406.989s][info][gc          ] Allocation Stall (Executor task launch worker for task 29.0 in stage 87.0 (TID 1443)) 1.787ms
[406.989s][info][gc          ] Allocation Stall (Executor task launch worker for task 7.0 in stage 87.0 (TID 1426)) 2.495ms
[406.989s][info][gc          ] Allocation Stall (Executor task launch worker for task 9.0 in stage 87.0 (TID 1428)) 3.222ms
[406.989s][info][gc          ] Allocation Stall (Executor task launch worker for task 35.0 in stage 87.0 (TID 1464)) 2.962ms
[406.989s][info][gc          ] Allocation Stall (Executor task launch worker for task 47.0 in stage 87.0 (TID 1455)) 3.083ms
[406.989s][info][gc          ] Allocation Stall (Executor task launch worker for task 27.0 in stage 87.0 (TID 1441)) 2.197ms
[406.989s][info][gc          ] Allocation Stall (Executor task launch worker for task 31.0 in stage 87.0 (TID 1444)) 2.627ms
[406.989s][info][gc          ] Allocation Stall (Executor task launch worker for task 23.0 in stage 87.0 (TID 1438)) 3.063ms
[407.017s][info][gc,phases   ] GC(2272) Concurrent Select Relocation Set 27.743ms
[407.020s][info][gc,phases   ] GC(2272) Pause Relocate Start 0.009ms
[407.051s][info][gc          ] Allocation Stall (Executor task launch worker for task 19.0 in stage 87.0 (TID 1460)) 0.029ms
[407.051s][info][gc          ] Allocation Stall (Executor task launch worker for task 38.0 in stage 87.0 (TID 1450)) 0.105ms
[407.051s][info][gc          ] Allocation Stall (Executor task launch worker for task 36.0 in stage 87.0 (TID 1448)) 0.168ms
[407.051s][info][gc          ] Allocation Stall (Executor task launch worker for task 3.0 in stage 87.0 (TID 1457)) 0.222ms
[407.052s][info][gc          ] Allocation Stall (Executor task launch worker for task 10.0 in stage 87.0 (TID 1429)) 0.250ms
[407.052s][info][gc          ] Allocation Stall (Executor task launch worker for task 0.0 in stage 87.0 (TID 1456)) 0.649ms
[407.052s][info][gc          ] Allocation Stall (Executor task launch worker for task 24.0 in stage 87.0 (TID 1462)) 0.687ms
[407.052s][info][gc          ] Allocation Stall (Executor task launch worker for task 45.0 in stage 87.0 (TID 1467)) 0.720ms
[407.052s][info][gc          ] Allocation Stall (Executor task launch worker for task 39.0 in stage 87.0 (TID 1451)) 0.768ms
[407.054s][info][gc          ] Allocation Stall (Executor task launch worker for task 7.0 in stage 87.0 (TID 1426)) 2.825ms
[407.054s][info][gc          ] Allocation Stall (Executor task launch worker for task 40.0 in stage 87.0 (TID 1452)) 2.884ms
[407.054s][info][gc          ] Allocation Stall (Executor task launch worker for task 13.0 in stage 87.0 (TID 1431)) 2.889ms
[407.054s][info][gc          ] Allocation Stall (Executor task launch worker for task 27.0 in stage 87.0 (TID 1441)) 2.916ms
[407.054s][info][gc          ] Allocation Stall (Executor task launch worker for task 22.0 in stage 87.0 (TID 1437)) 2.950ms
[407.054s][info][gc          ] Allocation Stall (Executor task launch worker for task 47.0 in stage 87.0 (TID 1455)) 2.978ms
[407.054s][info][gc          ] Allocation Stall (Executor task launch worker for task 21.0 in stage 87.0 (TID 1436)) 3.038ms
[407.054s][info][gc          ] Allocation Stall (Executor task launch worker for task 34.0 in stage 87.0 (TID 1447)) 3.084ms
[407.054s][info][gc          ] Allocation Stall (Executor task launch worker for task 2.0 in stage 87.0 (TID 1422)) 3.042ms
[407.055s][info][gc          ] Allocation Stall (RemoteBlock-temp-file-clean-thread) 3.086ms
[407.055s][info][gc          ] Allocation Stall (Executor task launch worker for task 12.0 in stage 87.0 (TID 1430)) 3.126ms
[407.055s][info][gc          ] Allocation Stall (Executor task launch worker for task 16.0 in stage 87.0 (TID 1433)) 3.161ms
[407.055s][info][gc          ] Allocation Stall (Executor task launch worker for task 25.0 in stage 87.0 (TID 1439)) 3.200ms
[407.055s][info][gc          ] Allocation Stall (Executor task launch worker for task 1.0 in stage 87.0 (TID 1421)) 3.487ms
[407.055s][info][gc          ] Allocation Stall (Executor task launch worker for task 19.0 in stage 87.0 (TID 1460)) 3.443ms
[407.055s][info][gc          ] Allocation Stall (Executor task launch worker for task 37.0 in stage 87.0 (TID 1449)) 3.214ms
[407.055s][info][gc          ] Allocation Stall (Executor task launch worker for task 9.0 in stage 87.0 (TID 1428)) 3.249ms
[407.055s][info][gc          ] Allocation Stall (Executor task launch worker for task 23.0 in stage 87.0 (TID 1438)) 3.292ms
[407.055s][info][gc          ] Allocation Stall (Executor task launch worker for task 36.0 in stage 87.0 (TID 1448)) 3.358ms
[407.063s][info][gc          ] Allocation Stall (Executor task launch worker for task 7.0 in stage 87.0 (TID 1426)) 1.211ms
[407.063s][info][gc          ] Allocation Stall (Executor task launch worker for task 22.0 in stage 87.0 (TID 1437)) 1.478ms
[407.063s][info][gc          ] Allocation Stall (Executor task launch worker for task 16.0 in stage 87.0 (TID 1433)) 1.392ms
[407.063s][info][gc          ] Allocation Stall (Executor task launch worker for task 21.0 in stage 87.0 (TID 1436)) 1.146ms
[407.063s][info][gc          ] Allocation Stall (Executor task launch worker for task 1.0 in stage 87.0 (TID 1421)) 1.680ms
[407.063s][info][gc          ] Allocation Stall (Executor task launch worker for task 2.0 in stage 87.0 (TID 1422)) 1.825ms
[407.063s][info][gc          ] Allocation Stall (Executor task launch worker for task 19.0 in stage 87.0 (TID 1460)) 1.280ms
[407.063s][info][gc          ] Allocation Stall (Executor task launch worker for task 37.0 in stage 87.0 (TID 1449)) 1.267ms
[407.063s][info][gc          ] Allocation Stall (Executor task launch worker for task 9.0 in stage 87.0 (TID 1428)) 1.243ms
[407.063s][info][gc          ] Allocation Stall (Executor task launch worker for task 10.0 in stage 87.0 (TID 1429)) 11.325ms
[407.063s][info][gc,phases   ] GC(2272) Concurrent Relocate 42.856ms
[407.063s][info][gc          ] Allocation Stall (Executor task launch worker for task 46.0 in stage 87.0 (TID 1468)) 8.876ms
[407.063s][info][gc          ] Allocation Stall (Executor task launch worker for task 11.0 in stage 87.0 (TID 1458)) 2.249ms
[407.063s][info][gc          ] Allocation Stall (Executor task launch worker for task 12.0 in stage 87.0 (TID 1430)) 2.241ms
[407.063s][info][gc          ] Allocation Stall (Executor task launch worker for task 8.0 in stage 87.0 (TID 1427)) 2.165ms
[407.063s][info][gc          ] Allocation Stall (Executor task launch worker for task 25.0 in stage 87.0 (TID 1439)) 1.861ms
[407.063s][info][gc          ] Allocation Stall (Executor task launch worker for task 28.0 in stage 87.0 (TID 1442)) 1.861ms
[407.063s][info][gc          ] Allocation Stall (Executor task launch worker for task 34.0 in stage 87.0 (TID 1447)) 1.125ms
[407.063s][info][gc,load     ] GC(2272) Load: 0.00/0.00/0.00
[407.064s][info][gc          ] Allocation Stall (Executor task launch worker for task 13.0 in stage 87.0 (TID 1431)) 1.458ms
[407.064s][info][gc,mmu      ] GC(2272) MMU: 2ms/86.2%, 5ms/94.5%, 10ms/97.2%, 20ms/98.6%, 50ms/99.4%, 100ms/99.6%
[407.064s][info][gc          ] Allocation Stall (Executor task launch worker for task 29.0 in stage 87.0 (TID 1443)) 1.407ms
[407.064s][info][gc,marking  ] GC(2272) Mark: 8 stripe(s), 2 proactive flush(es), 1 terminate flush(es), 0 completion(s), 0 continuation(s) 
[407.064s][info][gc          ] Allocation Stall (Executor task launch worker for task 27.0 in stage 87.0 (TID 1441)) 1.380ms
[407.064s][info][gc,marking  ] GC(2272) Mark Stack Usage: 32M
[407.064s][info][gc          ] Allocation Stall (Executor task launch worker for task 47.0 in stage 87.0 (TID 1455)) 1.355ms
[407.064s][info][gc          ] Allocation Stall (Executor task launch worker for task 44.0 in stage 87.0 (TID 1466)) 1.365ms
[407.064s][info][gc,nmethod  ] GC(2272) NMethods: 8187 registered, 1385 unregistered
[407.064s][info][gc          ] Allocation Stall (Executor task launch worker for task 36.0 in stage 87.0 (TID 1448)) 1.353ms
[407.064s][info][gc,metaspace] GC(2272) Metaspace: 120M used, 123M committed, 1152M reserved
[407.064s][info][gc          ] Allocation Stall (Executor task launch worker for task 40.0 in stage 87.0 (TID 1452)) 1.395ms
[407.064s][info][gc,ref      ] GC(2272) Soft: 2877 encountered, 411 discovered, 0 enqueued
[407.064s][info][gc          ] Allocation Stall (Executor task launch worker for task 24.0 in stage 87.0 (TID 1462)) 1.438ms
[407.064s][info][gc,ref      ] GC(2272) Weak: 14361 encountered, 2617 discovered, 0 enqueued
[407.064s][info][gc          ] Allocation Stall (Executor task launch worker for task 23.0 in stage 87.0 (TID 1438)) 1.478ms
[407.064s][info][gc,ref      ] GC(2272) Final: 84 encountered, 2 discovered, 0 enqueued
[407.064s][info][gc          ] Allocation Stall (Executor task launch worker for task 31.0 in stage 87.0 (TID 1444)) 1.499ms
[407.064s][info][gc,ref      ] GC(2272) Phantom: 764 encountered, 623 discovered, 0 enqueued
[407.064s][info][gc          ] Allocation Stall (Executor task launch worker for task 0.0 in stage 87.0 (TID 1456)) 1.337ms
[407.064s][info][gc,reloc    ] GC(2272) Small Pages: 285 / 570M, Empty: 404M, Relocated: 8M, In-Place: 0
[407.064s][info][gc          ] Allocation Stall (Executor task launch worker for task 39.0 in stage 87.0 (TID 1451)) 1.381ms
[407.064s][info][gc,reloc    ] GC(2272) Medium Pages: 36 / 1152M, Empty: 0M, Relocated: 19M, In-Place: 0
[407.064s][info][gc          ] Allocation Stall (Executor task launch worker for task 33.0 in stage 87.0 (TID 1446)) 1.326ms
[407.064s][info][gc,reloc    ] GC(2272) Large Pages: 0 / 0M, Empty: 0M, Relocated: 0M, In-Place: 0
[407.064s][info][gc,reloc    ] GC(2272) Forwarding Usage: 1M
[407.064s][info][gc,heap     ] GC(2272) Min Capacity: 8M(0%)
[407.064s][info][gc,heap     ] GC(2272) Max Capacity: 2048M(100%)
[407.064s][info][gc,heap     ] GC(2272) Soft Max Capacity: 2048M(100%)
[407.064s][info][gc,heap     ] GC(2272)                Mark Start          Mark End        Relocate Start      Relocate End           High               Low         
[407.064s][info][gc,heap     ] GC(2272)  Capacity:     2048M (100%)       2048M (100%)       2048M (100%)       2048M (100%)       2048M (100%)       2048M (100%)   
[407.064s][info][gc,heap     ] GC(2272)      Free:      326M (16%)          46M (2%)          208M (10%)           0M (0%)          348M (17%)           0M (0%)     
[407.064s][info][gc,heap     ] GC(2272)      Used:     1722M (84%)        2002M (98%)        1840M (90%)        2048M (100%)       2048M (100%)       1700M (83%)    
[407.064s][info][gc,heap     ] GC(2272)      Live:         -              1044M (51%)        1044M (51%)        1044M (51%)            -                  -          
[407.064s][info][gc,heap     ] GC(2272) Allocated:         -               280M (14%)         522M (25%)         826M (40%)            -                  -          
[407.064s][info][gc,heap     ] GC(2272)   Garbage:         -               677M (33%)         273M (13%)         176M (9%)             -                  -          
[407.065s][info][gc,heap     ] GC(2272) Reclaimed:         -                  -               404M (20%)         500M (24%)            -                  -          
[407.065s][info][gc          ] GC(2272) Garbage Collection (Allocation Stall) 1722M(84%)->2048M(100%)
[407.065s][info][gc,start    ] GC(2273) Garbage Collection (Allocation Stall)
[407.065s][info][gc,ref      ] GC(2273) Clearing All SoftReferences
[407.065s][info][gc,task     ] GC(2273) Using 12 workers
[407.067s][info][gc,ref      ] GC(2273) Clearing All SoftReferences
[407.067s][info][gc,phases   ] GC(2273) Pause Mark Start 0.027ms
[407.067s][info][gc          ] Allocation Stall (Executor task launch worker for task 38.0 in stage 87.0 (TID 1450)) 4.139ms
[407.067s][info][gc          ] Allocation Stall (Executor task launch worker for task 45.0 in stage 87.0 (TID 1467)) 4.149ms
[407.114s][info][gc,phases   ] GC(2273) Concurrent Mark 19.035ms
[407.114s][info][gc,phases   ] GC(2273) Pause Mark End 0.020ms
[407.114s][info][gc,phases   ] GC(2273) Concurrent Mark Free 0.001ms
[407.117s][info][gc,phases   ] GC(2273) Concurrent Process Non-Strong References 2.615ms
[407.117s][info][gc,phases   ] GC(2273) Concurrent Reset Relocation Set 0.006ms
[407.117s][info][gc          ] Allocation Stall (Executor task launch worker for task 23.0 in stage 87.0 (TID 1438)) 19.059ms
[407.117s][info][gc          ] Allocation Stall (Executor task launch worker for task 13.0 in stage 87.0 (TID 1431)) 18.935ms
[407.117s][info][gc          ] Allocation Stall (Executor task launch worker for task 26.0 in stage 87.0 (TID 1440)) 19.821ms
[407.117s][info][gc          ] Allocation Stall (Executor task launch worker for task 19.0 in stage 87.0 (TID 1460)) 19.452ms
[407.117s][info][gc          ] Allocation Stall (Executor task launch worker for task 36.0 in stage 87.0 (TID 1448)) 18.950ms
[407.117s][info][gc          ] Allocation Stall (Executor task launch worker for task 47.0 in stage 87.0 (TID 1455)) 18.933ms
[407.117s][info][gc          ] Allocation Stall (Executor task launch worker for task 39.0 in stage 87.0 (TID 1451)) 21.974ms
[407.117s][info][gc          ] Allocation Stall (Executor task launch worker for task 43.0 in stage 87.0 (TID 1454)) 19.153ms
[407.117s][info][gc          ] Allocation Stall (Executor task launch worker for task 34.0 in stage 87.0 (TID 1447)) 20.124ms
[407.117s][info][gc          ] Allocation Stall (Executor task launch worker for task 9.0 in stage 87.0 (TID 1428)) 21.627ms
[407.117s][info][gc          ] Allocation Stall (Executor task launch worker for task 11.0 in stage 87.0 (TID 1458)) 22.180ms
[407.117s][info][gc          ] Allocation Stall (Executor task launch worker for task 32.0 in stage 87.0 (TID 1445)) 19.164ms
[407.117s][info][gc          ] Allocation Stall (Executor task launch worker for task 22.0 in stage 87.0 (TID 1437)) 21.186ms
[407.117s][info][gc          ] Allocation Stall (Executor task launch worker for task 7.0 in stage 87.0 (TID 1426)) 20.276ms
[407.117s][info][gc          ] Allocation Stall (Executor task launch worker for task 35.0 in stage 87.0 (TID 1464)) 21.025ms
[407.117s][info][gc          ] Allocation Stall (Executor task launch worker for task 16.0 in stage 87.0 (TID 1433)) 21.006ms
[407.117s][info][gc          ] Allocation Stall (Executor task launch worker for task 6.0 in stage 87.0 (TID 1425)) 20.905ms
[407.117s][info][gc          ] Allocation Stall (Executor task launch worker for task 21.0 in stage 87.0 (TID 1436)) 20.580ms
[407.117s][info][gc          ] Allocation Stall (Executor task launch worker for task 20.0 in stage 87.0 (TID 1461)) 19.342ms
[407.117s][info][gc          ] Allocation Stall (Executor task launch worker for task 40.0 in stage 87.0 (TID 1452)) 22.161ms
[407.117s][info][gc          ] Allocation Stall (Executor task launch worker for task 30.0 in stage 87.0 (TID 1463)) 20.429ms
[407.117s][info][gc          ] Allocation Stall (Executor task launch worker for task 0.0 in stage 87.0 (TID 1456)) 20.213ms
[407.117s][info][gc          ] Allocation Stall (Executor task launch worker for task 8.0 in stage 87.0 (TID 1427)) 19.159ms
[407.117s][info][gc          ] Allocation Stall (Executor task launch worker for task 24.0 in stage 87.0 (TID 1462)) 19.906ms
[407.117s][info][gc          ] Allocation Stall (Executor task launch worker for task 45.0 in stage 87.0 (TID 1467)) 19.058ms
[407.117s][info][gc          ] Allocation Stall (Executor task launch worker for task 31.0 in stage 87.0 (TID 1444)) 18.935ms
[407.117s][info][gc          ] Allocation Stall (Executor task launch worker for task 14.0 in stage 87.0 (TID 1459)) 21.883ms
[407.117s][info][gc          ] Allocation Stall (Executor task launch worker for task 17.0 in stage 87.0 (TID 1434)) 19.997ms
[407.117s][info][gc          ] Allocation Stall (Executor task launch worker for task 18.0 in stage 87.0 (TID 1435)) 21.072ms
[407.117s][info][gc          ] Allocation Stall (Executor task launch worker for task 42.0 in stage 87.0 (TID 1465)) 21.183ms
[407.117s][info][gc          ] Allocation Stall (Executor task launch worker for task 4.0 in stage 87.0 (TID 1423)) 21.365ms
[407.117s][info][gc          ] Allocation Stall (Executor task launch worker for task 10.0 in stage 87.0 (TID 1429)) 21.239ms
[407.117s][info][gc          ] Allocation Stall (Executor task launch worker for task 12.0 in stage 87.0 (TID 1430)) 19.008ms
[407.117s][info][gc          ] Allocation Stall (Executor task launch worker for task 2.0 in stage 87.0 (TID 1422)) 22.100ms
[407.117s][info][gc          ] Allocation Stall (Executor task launch worker for task 1.0 in stage 87.0 (TID 1421)) 18.926ms
[407.117s][info][gc          ] Allocation Stall (Executor task launch worker for task 27.0 in stage 87.0 (TID 1441)) 20.678ms
[407.117s][info][gc          ] Allocation Stall (Executor task launch worker for task 15.0 in stage 87.0 (TID 1432)) 19.578ms
[407.117s][info][gc          ] Allocation Stall (Executor task launch worker for task 25.0 in stage 87.0 (TID 1439)) 20.806ms
[407.117s][info][gc          ] Allocation Stall (Executor task launch worker for task 41.0 in stage 87.0 (TID 1453)) 21.186ms
[407.117s][info][gc          ] Allocation Stall (Executor task launch worker for task 37.0 in stage 87.0 (TID 1449)) 18.983ms
[407.117s][info][gc          ] Allocation Stall (Executor task launch worker for task 38.0 in stage 87.0 (TID 1450)) 20.990ms
[407.117s][info][gc          ] Allocation Stall (Executor task launch worker for task 3.0 in stage 87.0 (TID 1457)) 19.522ms
[407.117s][info][gc          ] Allocation Stall (Executor task launch worker for task 46.0 in stage 87.0 (TID 1468)) 21.336ms
[407.117s][info][gc          ] Allocation Stall (Executor task launch worker for task 28.0 in stage 87.0 (TID 1442)) 19.339ms
[407.117s][info][gc          ] Allocation Stall (Executor task launch worker for task 5.0 in stage 87.0 (TID 1424)) 19.932ms
[407.117s][info][gc          ] Allocation Stall (Executor task launch worker for task 29.0 in stage 87.0 (TID 1443)) 19.204ms
[407.117s][info][gc          ] Allocation Stall (Executor task launch worker for task 33.0 in stage 87.0 (TID 1446)) 19.413ms
[407.117s][info][gc          ] Allocation Stall (Executor task launch worker for task 44.0 in stage 87.0 (TID 1466)) 19.230ms
[407.130s][info][gc,phases   ] GC(2273) Concurrent Select Relocation Set 13.413ms
[407.131s][info][gc,phases   ] GC(2273) Pause Relocate Start 0.007ms
[407.230s][info][gc,phases   ] GC(2273) Concurrent Relocate 99.037ms
[407.230s][info][gc,load     ] GC(2273) Load: 0.00/0.00/0.00
[407.231s][info][gc,mmu      ] GC(2273) MMU: 2ms/86.2%, 5ms/94.5%, 10ms/97.2%, 20ms/98.6%, 50ms/99.4%, 100ms/99.6%
[407.231s][info][gc,marking  ] GC(2273) Mark: 8 stripe(s), 2 proactive flush(es), 1 terminate flush(es), 0 completion(s), 0 continuation(s) 
[407.231s][info][gc,marking  ] GC(2273) Mark Stack Usage: 32M
[407.231s][info][gc,nmethod  ] GC(2273) NMethods: 8187 registered, 1385 unregistered
[407.231s][info][gc,metaspace] GC(2273) Metaspace: 120M used, 123M committed, 1152M reserved
[407.231s][info][gc,ref      ] GC(2273) Soft: 2877 encountered, 273 discovered, 0 enqueued
[407.231s][info][gc,ref      ] GC(2273) Weak: 14361 encountered, 4480 discovered, 0 enqueued
[407.231s][info][gc,ref      ] GC(2273) Final: 84 encountered, 1 discovered, 0 enqueued
[407.231s][info][gc,ref      ] GC(2273) Phantom: 764 encountered, 561 discovered, 0 enqueued
[407.231s][info][gc,reloc    ] GC(2273) Small Pages: 411 / 822M, Empty: 684M, Relocated: 3M, In-Place: 0
[407.231s][info][gc,reloc    ] GC(2273) Medium Pages: 37 / 1184M, Empty: 0M, Relocated: 18M, In-Place: 0
[407.231s][info][gc,reloc    ] GC(2273) Large Pages: 0 / 0M, Empty: 0M, Relocated: 0M, In-Place: 0
[407.231s][info][gc,reloc    ] GC(2273) Forwarding Usage: 0M
[407.231s][info][gc,heap     ] GC(2273) Min Capacity: 8M(0%)
[407.231s][info][gc,heap     ] GC(2273) Max Capacity: 2048M(100%)
[407.231s][info][gc,heap     ] GC(2273) Soft Max Capacity: 2048M(100%)
[407.231s][info][gc,heap     ] GC(2273)                Mark Start          Mark End        Relocate Start      Relocate End           High               Low         
[407.231s][info][gc,heap     ] GC(2273)  Capacity:     2048M (100%)       2048M (100%)       2048M (100%)       2048M (100%)       2048M (100%)       2048M (100%)   
[407.231s][info][gc,heap     ] GC(2273)      Free:       38M (2%)            0M (0%)          528M (26%)         434M (21%)         554M (27%)           0M (0%)     
[407.231s][info][gc,heap     ] GC(2273)      Used:     2010M (98%)        2048M (100%)       1520M (74%)        1614M (79%)        2048M (100%)       1494M (73%)    
[407.231s][info][gc,heap     ] GC(2273)      Live:         -              1065M (52%)        1065M (52%)        1065M (52%)            -                  -          
[407.231s][info][gc,heap     ] GC(2273) Allocated:         -                38M (2%)          194M (9%)          352M (17%)            -                  -          
[407.231s][info][gc,heap     ] GC(2273)   Garbage:         -               944M (46%)         260M (13%)         195M (10%)            -                  -          
[407.231s][info][gc,heap     ] GC(2273) Reclaimed:         -                  -               684M (33%)         748M (37%)            -                  -          
[407.231s][info][gc          ] GC(2273) Garbage Collection (Allocation Stall) 2010M(98%)->1614M(79%)
[407.239s][info][gc,start    ] GC(2274) Garbage Collection (Allocation Stall)
[407.239s][info][gc,ref      ] GC(2274) Clearing All SoftReferences
[407.239s][info][gc,task     ] GC(2274) Using 12 workers
[407.239s][info][gc,ref      ] GC(2274) Clearing All SoftReferences
[407.239s][info][gc,phases   ] GC(2274) Pause Mark Start 0.036ms
[407.348s][info][gc          ] Allocation Stall (Executor task launch worker for task 45.0 in stage 87.0 (TID 1467)) 3.005ms
[407.348s][info][gc          ] Allocation Stall (Executor task launch worker for task 20.0 in stage 87.0 (TID 1461)) 1.289ms
[407.364s][info][gc,phases   ] GC(2274) Concurrent Mark 84.572ms
[407.364s][info][gc,phases   ] GC(2274) Pause Mark End 0.032ms
[407.364s][info][gc,phases   ] GC(2274) Concurrent Mark Free 0.001ms
[407.367s][info][gc,phases   ] GC(2274) Concurrent Process Non-Strong References 2.906ms
[407.367s][info][gc,phases   ] GC(2274) Concurrent Reset Relocation Set 0.005ms
[407.367s][info][gc          ] Allocation Stall (Executor task launch worker for task 38.0 in stage 87.0 (TID 1450)) 16.051ms
[407.367s][info][gc          ] Allocation Stall (Executor task launch worker for task 32.0 in stage 87.0 (TID 1445)) 15.741ms
[407.367s][info][gc          ] Allocation Stall (Executor task launch worker for task 45.0 in stage 87.0 (TID 1467)) 15.714ms
[407.367s][info][gc          ] Allocation Stall (Executor task launch worker for task 17.0 in stage 87.0 (TID 1434)) 17.213ms
[407.367s][info][gc          ] Allocation Stall (Executor task launch worker for task 42.0 in stage 87.0 (TID 1465)) 17.126ms
[407.367s][info][gc          ] Allocation Stall (Executor task launch worker for task 12.0 in stage 87.0 (TID 1430)) 15.827ms
[407.367s][info][gc          ] Allocation Stall (Executor task launch worker for task 18.0 in stage 87.0 (TID 1435)) 20.083ms
[407.367s][info][gc          ] Allocation Stall (Executor task launch worker for task 2.0 in stage 87.0 (TID 1422)) 15.749ms
[407.367s][info][gc          ] Allocation Stall (Executor task launch worker for task 11.0 in stage 87.0 (TID 1458)) 16.451ms
[407.367s][info][gc          ] Allocation Stall (Executor task launch worker for task 0.0 in stage 87.0 (TID 1456)) 18.195ms
[407.367s][info][gc          ] Allocation Stall (Executor task launch worker for task 20.0 in stage 87.0 (TID 1461)) 15.722ms
[407.367s][info][gc          ] Allocation Stall (Executor task launch worker for task 31.0 in stage 87.0 (TID 1444)) 19.510ms
[407.367s][info][gc          ] Allocation Stall (Executor task launch worker for task 1.0 in stage 87.0 (TID 1421)) 18.429ms
[407.367s][info][gc          ] Allocation Stall (Executor task launch worker for task 43.0 in stage 87.0 (TID 1454)) 16.130ms
[407.367s][info][gc          ] Allocation Stall (Executor task launch worker for task 46.0 in stage 87.0 (TID 1468)) 15.752ms
[407.367s][info][gc          ] Allocation Stall (Executor task launch worker for task 5.0 in stage 87.0 (TID 1424)) 15.952ms
[407.367s][info][gc          ] Allocation Stall (Executor task launch worker for task 6.0 in stage 87.0 (TID 1425)) 19.280ms
[407.367s][info][gc          ] Allocation Stall (Executor task launch worker for task 25.0 in stage 87.0 (TID 1439)) 15.656ms
[407.367s][info][gc          ] Allocation Stall (Executor task launch worker for task 7.0 in stage 87.0 (TID 1426)) 16.105ms
[407.367s][info][gc          ] Allocation Stall (Executor task launch worker for task 35.0 in stage 87.0 (TID 1464)) 17.915ms
[407.367s][info][gc          ] Allocation Stall (Executor task launch worker for task 4.0 in stage 87.0 (TID 1423)) 16.007ms
[407.367s][info][gc          ] Allocation Stall (Executor task launch worker for task 29.0 in stage 87.0 (TID 1443)) 18.298ms
[407.367s][info][gc          ] Allocation Stall (Executor task launch worker for task 30.0 in stage 87.0 (TID 1463)) 19.575ms
[407.367s][info][gc          ] Allocation Stall (Executor task launch worker for task 47.0 in stage 87.0 (TID 1455)) 19.288ms
[407.367s][info][gc          ] Allocation Stall (Executor task launch worker for task 44.0 in stage 87.0 (TID 1466)) 18.008ms
[407.367s][info][gc          ] Allocation Stall (Executor task launch worker for task 21.0 in stage 87.0 (TID 1436)) 15.673ms
[407.367s][info][gc          ] Allocation Stall (Executor task launch worker for task 9.0 in stage 87.0 (TID 1428)) 16.248ms
[407.367s][info][gc          ] Allocation Stall (Executor task launch worker for task 19.0 in stage 87.0 (TID 1460)) 15.819ms
[407.367s][info][gc          ] Allocation Stall (Executor task launch worker for task 3.0 in stage 87.0 (TID 1457)) 15.816ms
[407.367s][info][gc          ] Allocation Stall (Executor task launch worker for task 41.0 in stage 87.0 (TID 1453)) 16.149ms
[407.367s][info][gc          ] Allocation Stall (Executor task launch worker for task 8.0 in stage 87.0 (TID 1427)) 18.439ms
[407.367s][info][gc          ] Allocation Stall (Executor task launch worker for task 33.0 in stage 87.0 (TID 1446)) 17.852ms
[407.367s][info][gc          ] Allocation Stall (Executor task launch worker for task 24.0 in stage 87.0 (TID 1462)) 19.397ms
[407.367s][info][gc          ] Allocation Stall (Executor task launch worker for task 10.0 in stage 87.0 (TID 1429)) 20.161ms
[407.367s][info][gc          ] Allocation Stall (Executor task launch worker for task 13.0 in stage 87.0 (TID 1431)) 15.752ms
[407.367s][info][gc          ] Allocation Stall (Executor task launch worker for task 34.0 in stage 87.0 (TID 1447)) 16.120ms
[407.367s][info][gc          ] Allocation Stall (Executor task launch worker for task 23.0 in stage 87.0 (TID 1438)) 20.095ms
[407.367s][info][gc          ] Allocation Stall (Executor task launch worker for task 14.0 in stage 87.0 (TID 1459)) 18.309ms
[407.367s][info][gc          ] Allocation Stall (Executor task launch worker for task 26.0 in stage 87.0 (TID 1440)) 19.500ms
[407.367s][info][gc          ] Allocation Stall (Executor task launch worker for task 37.0 in stage 87.0 (TID 1449)) 19.003ms
[407.367s][info][gc          ] Allocation Stall (Executor task launch worker for task 36.0 in stage 87.0 (TID 1448)) 15.921ms
[407.367s][info][gc          ] Allocation Stall (Executor task launch worker for task 16.0 in stage 87.0 (TID 1433)) 15.754ms
[407.367s][info][gc          ] Allocation Stall (Executor task launch worker for task 22.0 in stage 87.0 (TID 1437)) 17.963ms
[407.367s][info][gc          ] Allocation Stall (Executor task launch worker for task 15.0 in stage 87.0 (TID 1432)) 16.178ms
[407.367s][info][gc          ] Allocation Stall (Executor task launch worker for task 39.0 in stage 87.0 (TID 1451)) 16.972ms
[407.367s][info][gc          ] Allocation Stall (Executor task launch worker for task 27.0 in stage 87.0 (TID 1441)) 16.314ms
[407.367s][info][gc          ] Allocation Stall (Executor task launch worker for task 28.0 in stage 87.0 (TID 1442)) 17.387ms
[407.367s][info][gc          ] Allocation Stall (Executor task launch worker for task 40.0 in stage 87.0 (TID 1452)) 17.944ms
[407.373s][info][gc,phases   ] GC(2274) Concurrent Select Relocation Set 5.733ms
[407.374s][info][gc,phases   ] GC(2274) Pause Relocate Start 0.008ms
[407.396s][info][gc          ] Allocation Stall (Executor task launch worker for task 5.0 in stage 87.0 (TID 1424)) 1.646ms
[407.396s][info][gc          ] Allocation Stall (Executor task launch worker for task 8.0 in stage 87.0 (TID 1427)) 1.733ms
[407.396s][info][gc          ] Allocation Stall (Executor task launch worker for task 31.0 in stage 87.0 (TID 1444)) 1.798ms
[407.396s][info][gc          ] Allocation Stall (Executor task launch worker for task 12.0 in stage 87.0 (TID 1430)) 1.673ms
[407.396s][info][gc          ] Allocation Stall (Executor task launch worker for task 29.0 in stage 87.0 (TID 1443)) 1.835ms
[407.396s][info][gc          ] Allocation Stall (Executor task launch worker for task 32.0 in stage 87.0 (TID 1445)) 1.929ms
[407.396s][info][gc          ] Allocation Stall (Executor task launch worker for task 22.0 in stage 87.0 (TID 1437)) 2.118ms
[407.396s][info][gc          ] Allocation Stall (Executor task launch worker for task 13.0 in stage 87.0 (TID 1431)) 1.743ms
[407.396s][info][gc          ] Allocation Stall (Executor task launch worker for task 23.0 in stage 87.0 (TID 1438)) 4.538ms
[407.396s][info][gc          ] Allocation Stall (Executor task launch worker for task 19.0 in stage 87.0 (TID 1460)) 1.882ms
[407.396s][info][gc          ] Allocation Stall (Executor task launch worker for task 16.0 in stage 87.0 (TID 1433)) 1.900ms
[407.396s][info][gc          ] Allocation Stall (Executor task launch worker for task 21.0 in stage 87.0 (TID 1436)) 2.798ms
[407.396s][info][gc          ] Allocation Stall (Executor task launch worker for task 15.0 in stage 87.0 (TID 1432)) 1.560ms
[407.396s][info][gc          ] Allocation Stall (Executor task launch worker for task 36.0 in stage 87.0 (TID 1448)) 4.373ms
[407.396s][info][gc          ] Allocation Stall (Executor task launch worker for task 9.0 in stage 87.0 (TID 1428)) 1.648ms
[407.396s][info][gc          ] Allocation Stall (Executor task launch worker for task 10.0 in stage 87.0 (TID 1429)) 4.451ms
[407.397s][info][gc          ] Allocation Stall (Executor task launch worker for task 35.0 in stage 87.0 (TID 1464)) 1.587ms
[407.397s][info][gc          ] Allocation Stall (Executor task launch worker for task 7.0 in stage 87.0 (TID 1426)) 1.628ms
[407.397s][info][gc          ] Allocation Stall (Executor task launch worker for task 37.0 in stage 87.0 (TID 1449)) 1.753ms
[407.397s][info][gc          ] Allocation Stall (Executor task launch worker for task 42.0 in stage 87.0 (TID 1465)) 1.779ms
[407.397s][info][gc          ] Allocation Stall (Executor task launch worker for task 18.0 in stage 87.0 (TID 1435)) 1.762ms
[407.397s][info][gc          ] Allocation Stall (Executor task launch worker for task 45.0 in stage 87.0 (TID 1467)) 1.570ms
[407.397s][info][gc          ] Allocation Stall (Executor task launch worker for task 26.0 in stage 87.0 (TID 1440)) 1.778ms
[407.397s][info][gc          ] Allocation Stall (Executor task launch worker for task 20.0 in stage 87.0 (TID 1461)) 1.589ms
[407.397s][info][gc          ] Allocation Stall (Executor task launch worker for task 43.0 in stage 87.0 (TID 1454)) 1.897ms
[407.397s][info][gc          ] Allocation Stall (Executor task launch worker for task 40.0 in stage 87.0 (TID 1452)) 1.430ms
[407.397s][info][gc          ] Allocation Stall (Executor task launch worker for task 39.0 in stage 87.0 (TID 1451)) 1.519ms
[407.397s][info][gc          ] Allocation Stall (Executor task launch worker for task 4.0 in stage 87.0 (TID 1423)) 1.532ms
[407.397s][info][gc          ] Allocation Stall (Executor task launch worker for task 28.0 in stage 87.0 (TID 1442)) 1.475ms
[407.397s][info][gc          ] Allocation Stall (Executor task launch worker for task 17.0 in stage 87.0 (TID 1434)) 1.376ms
[407.397s][info][gc          ] Allocation Stall (Executor task launch worker for task 47.0 in stage 87.0 (TID 1455)) 1.364ms
[407.397s][info][gc          ] Allocation Stall (Executor task launch worker for task 1.0 in stage 87.0 (TID 1421)) 1.541ms
[407.397s][info][gc          ] Allocation Stall (Executor task launch worker for task 25.0 in stage 87.0 (TID 1439)) 1.470ms
[407.397s][info][gc          ] Allocation Stall (Executor task launch worker for task 33.0 in stage 87.0 (TID 1446)) 1.856ms
[407.397s][info][gc          ] Allocation Stall (Executor task launch worker for task 6.0 in stage 87.0 (TID 1425)) 1.845ms
[407.397s][info][gc          ] Allocation Stall (Executor task launch worker for task 38.0 in stage 87.0 (TID 1450)) 1.865ms
[407.397s][info][gc          ] Allocation Stall (Executor task launch worker for task 34.0 in stage 87.0 (TID 1447)) 1.988ms
[407.397s][info][gc          ] Allocation Stall (Executor task launch worker for task 0.0 in stage 87.0 (TID 1456)) 2.106ms
[407.397s][info][gc          ] Allocation Stall (Executor task launch worker for task 27.0 in stage 87.0 (TID 1441)) 2.016ms
[407.397s][info][gc          ] Allocation Stall (Executor task launch worker for task 14.0 in stage 87.0 (TID 1459)) 2.100ms
[407.397s][info][gc          ] Allocation Stall (Executor task launch worker for task 41.0 in stage 87.0 (TID 1453)) 1.635ms
[407.397s][info][gc          ] Allocation Stall (Executor task launch worker for task 3.0 in stage 87.0 (TID 1457)) 1.595ms
[407.397s][info][gc          ] Allocation Stall (Executor task launch worker for task 2.0 in stage 87.0 (TID 1422)) 1.586ms
[407.468s][info][gc          ] Allocation Stall (Executor task launch worker for task 10.0 in stage 87.0 (TID 1429)) 7.692ms
[407.468s][info][gc          ] Allocation Stall (Executor task launch worker for task 28.0 in stage 87.0 (TID 1442)) 7.728ms
[407.468s][info][gc          ] Allocation Stall (Executor task launch worker for task 36.0 in stage 87.0 (TID 1448)) 7.744ms
[407.468s][info][gc          ] Allocation Stall (Executor task launch worker for task 37.0 in stage 87.0 (TID 1449)) 7.705ms
[407.468s][info][gc          ] Allocation Stall (Executor task launch worker for task 17.0 in stage 87.0 (TID 1434)) 7.701ms
[407.468s][info][gc          ] Allocation Stall (Executor task launch worker for task 20.0 in stage 87.0 (TID 1461)) 7.591ms
[407.468s][info][gc          ] Allocation Stall (Executor task launch worker for task 8.0 in stage 87.0 (TID 1427)) 7.322ms
[407.468s][info][gc          ] Allocation Stall (Executor task launch worker for task 11.0 in stage 87.0 (TID 1458)) 7.227ms
[407.468s][info][gc          ] Allocation Stall (Executor task launch worker for task 7.0 in stage 87.0 (TID 1426)) 7.270ms
[407.468s][info][gc          ] Allocation Stall (Executor task launch worker for task 31.0 in stage 87.0 (TID 1444)) 6.722ms
[407.468s][info][gc          ] Allocation Stall (Executor task launch worker for task 9.0 in stage 87.0 (TID 1428)) 6.096ms
[407.468s][info][gc          ] Allocation Stall (Executor task launch worker for task 45.0 in stage 87.0 (TID 1467)) 3.648ms
[407.468s][info][gc          ] Allocation Stall (Executor task launch worker for task 30.0 in stage 87.0 (TID 1463)) 3.598ms
[407.468s][info][gc          ] Allocation Stall (Executor task launch worker for task 27.0 in stage 87.0 (TID 1441)) 3.562ms
[407.468s][info][gc          ] Allocation Stall (Executor task launch worker for task 2.0 in stage 87.0 (TID 1422)) 3.581ms
[407.468s][info][gc          ] Allocation Stall (Executor task launch worker for task 19.0 in stage 87.0 (TID 1460)) 3.613ms
[407.468s][info][gc          ] Allocation Stall (Executor task launch worker for task 26.0 in stage 87.0 (TID 1440)) 3.637ms
[407.468s][info][gc          ] Allocation Stall (Executor task launch worker for task 3.0 in stage 87.0 (TID 1457)) 3.622ms
[407.468s][info][gc          ] Allocation Stall (Executor task launch worker for task 41.0 in stage 87.0 (TID 1453)) 3.363ms
[407.468s][info][gc          ] Allocation Stall (Executor task launch worker for task 42.0 in stage 87.0 (TID 1465)) 3.267ms
[407.469s][info][gc          ] Allocation Stall (Executor task launch worker for task 16.0 in stage 87.0 (TID 1433)) 3.280ms
[407.470s][info][gc          ] Allocation Stall (Executor task launch worker for task 13.0 in stage 87.0 (TID 1431)) 4.469ms
[407.470s][info][gc          ] Allocation Stall (Executor task launch worker for task 25.0 in stage 87.0 (TID 1439)) 2.680ms
[407.470s][info][gc          ] Allocation Stall (Executor task launch worker for task 29.0 in stage 87.0 (TID 1443)) 2.686ms
[407.470s][info][gc          ] Allocation Stall (Executor task launch worker for task 39.0 in stage 87.0 (TID 1451)) 2.717ms
[407.470s][info][gc          ] Allocation Stall (Executor task launch worker for task 35.0 in stage 87.0 (TID 1464)) 2.675ms
[407.470s][info][gc          ] Allocation Stall (Executor task launch worker for task 43.0 in stage 87.0 (TID 1454)) 2.636ms
[407.471s][info][gc          ] Allocation Stall (Executor task launch worker for task 44.0 in stage 87.0 (TID 1466)) 3.994ms
[407.471s][info][gc          ] Allocation Stall (Executor task launch worker for task 22.0 in stage 87.0 (TID 1437)) 3.995ms
[407.471s][info][gc          ] Allocation Stall (Executor task launch worker for task 21.0 in stage 87.0 (TID 1436)) 4.024ms
[407.495s][info][gc          ] Allocation Stall (Executor task launch worker for task 45.0 in stage 87.0 (TID 1467)) 2.672ms
[407.495s][info][gc          ] Allocation Stall (Executor task launch worker for task 18.0 in stage 87.0 (TID 1435)) 2.647ms
[407.495s][info][gc          ] Allocation Stall (Executor task launch worker for task 24.0 in stage 87.0 (TID 1462)) 2.683ms
[407.495s][info][gc          ] Allocation Stall (Executor task launch worker for task 42.0 in stage 87.0 (TID 1465)) 2.609ms
[407.495s][info][gc          ] Allocation Stall (Executor task launch worker for task 5.0 in stage 87.0 (TID 1424)) 2.648ms
[407.495s][info][gc          ] Allocation Stall (Executor task launch worker for task 44.0 in stage 87.0 (TID 1466)) 2.551ms
[407.495s][info][gc          ] Allocation Stall (Executor task launch worker for task 22.0 in stage 87.0 (TID 1437)) 2.442ms
[407.495s][info][gc          ] Allocation Stall (Executor task launch worker for task 7.0 in stage 87.0 (TID 1426)) 2.632ms
[407.495s][info][gc          ] Allocation Stall (Executor task launch worker for task 9.0 in stage 87.0 (TID 1428)) 2.652ms
[407.495s][info][gc          ] Allocation Stall (Executor task launch worker for task 1.0 in stage 87.0 (TID 1421)) 2.424ms
[407.495s][info][gc          ] Allocation Stall (Executor task launch worker for task 23.0 in stage 87.0 (TID 1438)) 2.391ms
[407.495s][info][gc          ] Allocation Stall (Executor task launch worker for task 13.0 in stage 87.0 (TID 1431)) 2.208ms
[407.495s][info][gc          ] Allocation Stall (Executor task launch worker for task 0.0 in stage 87.0 (TID 1456)) 1.828ms
[407.495s][info][gc          ] Allocation Stall (Executor task launch worker for task 11.0 in stage 87.0 (TID 1458)) 1.839ms
[407.496s][info][gc          ] Allocation Stall (Executor task launch worker for task 37.0 in stage 87.0 (TID 1449)) 2.261ms
[407.496s][info][gc          ] Allocation Stall (Executor task launch worker for task 10.0 in stage 87.0 (TID 1429)) 2.229ms
[407.496s][info][gc          ] Allocation Stall (Executor task launch worker for task 39.0 in stage 87.0 (TID 1451)) 2.135ms
[407.496s][info][gc          ] Allocation Stall (Executor task launch worker for task 4.0 in stage 87.0 (TID 1423)) 2.119ms
[407.496s][info][gc          ] Allocation Stall (Executor task launch worker for task 28.0 in stage 87.0 (TID 1442)) 1.956ms
[407.496s][info][gc          ] Allocation Stall (Executor task launch worker for task 43.0 in stage 87.0 (TID 1454)) 1.803ms
[407.496s][info][gc          ] Allocation Stall (Executor task launch worker for task 14.0 in stage 87.0 (TID 1459)) 1.834ms
[407.497s][info][gc          ] Allocation Stall (Executor task launch worker for task 8.0 in stage 87.0 (TID 1427)) 3.097ms
[407.497s][info][gc          ] Allocation Stall (Executor task launch worker for task 32.0 in stage 87.0 (TID 1445)) 3.125ms
[407.497s][info][gc          ] Allocation Stall (Executor task launch worker for task 31.0 in stage 87.0 (TID 1444)) 3.117ms
[407.497s][info][gc          ] Allocation Stall (Executor task launch worker for task 19.0 in stage 87.0 (TID 1460)) 3.129ms
[407.497s][info][gc          ] Allocation Stall (Executor task launch worker for task 21.0 in stage 87.0 (TID 1436)) 3.058ms
[407.498s][info][gc          ] Allocation Stall (Executor task launch worker for task 38.0 in stage 87.0 (TID 1450)) 3.081ms
[407.498s][info][gc          ] Allocation Stall (Executor task launch worker for task 26.0 in stage 87.0 (TID 1440)) 3.084ms
[407.498s][info][gc          ] Allocation Stall (Executor task launch worker for task 15.0 in stage 87.0 (TID 1432)) 3.076ms
[407.498s][info][gc          ] Allocation Stall (Executor task launch worker for task 2.0 in stage 87.0 (TID 1422)) 3.106ms
[407.498s][info][gc          ] Allocation Stall (Executor task launch worker for task 17.0 in stage 87.0 (TID 1434)) 3.102ms
[407.502s][info][gc          ] Allocation Stall (Executor task launch worker for task 13.0 in stage 87.0 (TID 1431)) 0.935ms
[407.502s][info][gc          ] Allocation Stall (Executor task launch worker for task 10.0 in stage 87.0 (TID 1429)) 0.933ms
[407.502s][info][gc          ] Allocation Stall (Executor task launch worker for task 14.0 in stage 87.0 (TID 1459)) 0.927ms
[407.514s][info][gc          ] Allocation Stall (Executor task launch worker for task 13.0 in stage 87.0 (TID 1431)) 1.815ms
[407.514s][info][gc          ] Allocation Stall (Executor task launch worker for task 20.0 in stage 87.0 (TID 1461)) 1.855ms
[407.514s][info][gc          ] Allocation Stall (Executor task launch worker for task 3.0 in stage 87.0 (TID 1457)) 1.720ms
[407.514s][info][gc          ] Allocation Stall (Executor task launch worker for task 35.0 in stage 87.0 (TID 1464)) 1.773ms
[407.518s][info][gc          ] Allocation Stall (Executor task launch worker for task 7.0 in stage 87.0 (TID 1426)) 1.994ms
[407.518s][info][gc          ] Allocation Stall (Executor task launch worker for task 23.0 in stage 87.0 (TID 1438)) 1.854ms
[407.518s][info][gc          ] Allocation Stall (Executor task launch worker for task 43.0 in stage 87.0 (TID 1454)) 2.026ms
[407.518s][info][gc          ] Allocation Stall (Executor task launch worker for task 36.0 in stage 87.0 (TID 1448)) 2.132ms
[407.518s][info][gc          ] Allocation Stall (Executor task launch worker for task 44.0 in stage 87.0 (TID 1466)) 1.852ms
[407.518s][info][gc          ] Allocation Stall (Executor task launch worker for task 33.0 in stage 87.0 (TID 1446)) 2.070ms
[407.518s][info][gc          ] Allocation Stall (Executor task launch worker for task 2.0 in stage 87.0 (TID 1422)) 1.749ms
[407.518s][info][gc          ] Allocation Stall (Executor task launch worker for task 22.0 in stage 87.0 (TID 1437)) 1.682ms
[407.518s][info][gc          ] Allocation Stall (Executor task launch worker for task 25.0 in stage 87.0 (TID 1439)) 2.193ms
[407.518s][info][gc          ] Allocation Stall (Executor task launch worker for task 17.0 in stage 87.0 (TID 1434)) 2.236ms
[407.518s][info][gc          ] Allocation Stall (Executor task launch worker for task 16.0 in stage 87.0 (TID 1433)) 2.290ms
[407.518s][info][gc          ] Allocation Stall (Executor task launch worker for task 32.0 in stage 87.0 (TID 1445)) 2.324ms
[407.518s][info][gc          ] Allocation Stall (Executor task launch worker for task 47.0 in stage 87.0 (TID 1455)) 2.338ms
[407.518s][info][gc          ] Allocation Stall (Executor task launch worker for task 21.0 in stage 87.0 (TID 1436)) 2.416ms
[407.518s][info][gc          ] Allocation Stall (Executor task launch worker for task 34.0 in stage 87.0 (TID 1447)) 2.602ms
[407.518s][info][gc          ] Allocation Stall (Executor task launch worker for task 14.0 in stage 87.0 (TID 1459)) 3.792ms
[407.518s][info][gc          ] Allocation Stall (Executor task launch worker for task 39.0 in stage 87.0 (TID 1451)) 0.538ms
[407.518s][info][gc          ] Allocation Stall (Executor task launch worker for task 46.0 in stage 87.0 (TID 1468)) 1.185ms
[407.518s][info][gc          ] Allocation Stall (Executor task launch worker for task 5.0 in stage 87.0 (TID 1424)) 1.288ms
[407.518s][info][gc          ] Allocation Stall (Executor task launch worker for task 27.0 in stage 87.0 (TID 1441)) 0.463ms
[407.518s][info][gc          ] Allocation Stall (Executor task launch worker for task 29.0 in stage 87.0 (TID 1443)) 0.493ms
[407.518s][info][gc          ] Allocation Stall (Executor task launch worker for task 37.0 in stage 87.0 (TID 1449)) 1.107ms
[407.518s][info][gc          ] Allocation Stall (Executor task launch worker for task 4.0 in stage 87.0 (TID 1423)) 0.128ms
[407.518s][info][gc          ] Allocation Stall (Executor task launch worker for task 24.0 in stage 87.0 (TID 1462)) 0.347ms
[407.518s][info][gc          ] Allocation Stall (Executor task launch worker for task 30.0 in stage 87.0 (TID 1463)) 1.310ms
[407.518s][info][gc          ] Allocation Stall (Executor task launch worker for task 12.0 in stage 87.0 (TID 1430)) 0.133ms
[407.518s][info][gc,phases   ] GC(2274) Concurrent Relocate 143.691ms
[407.518s][info][gc          ] Allocation Stall (Executor task launch worker for task 9.0 in stage 87.0 (TID 1428)) 1.814ms
[407.518s][info][gc          ] Allocation Stall (Executor task launch worker for task 26.0 in stage 87.0 (TID 1440)) 1.817ms
[407.518s][info][gc          ] Allocation Stall (Executor task launch worker for task 0.0 in stage 87.0 (TID 1456)) 1.728ms
[407.518s][info][gc          ] Allocation Stall (Executor task launch worker for task 1.0 in stage 87.0 (TID 1421)) 1.631ms
[407.518s][info][gc          ] Allocation Stall (Executor task launch worker for task 10.0 in stage 87.0 (TID 1429)) 1.474ms
[407.518s][info][gc          ] Allocation Stall (Executor task launch worker for task 11.0 in stage 87.0 (TID 1458)) 1.441ms
[407.518s][info][gc,load     ] GC(2274) Load: 0.00/0.00/0.00
[407.518s][info][gc,mmu      ] GC(2274) MMU: 2ms/86.2%, 5ms/94.5%, 10ms/97.2%, 20ms/98.6%, 50ms/99.4%, 100ms/99.6%
[407.518s][info][gc,marking  ] GC(2274) Mark: 8 stripe(s), 2 proactive flush(es), 1 terminate flush(es), 0 completion(s), 0 continuation(s) 
[407.518s][info][gc,marking  ] GC(2274) Mark Stack Usage: 32M
[407.518s][info][gc,nmethod  ] GC(2274) NMethods: 8187 registered, 1385 unregistered
[407.518s][info][gc,metaspace] GC(2274) Metaspace: 120M used, 123M committed, 1152M reserved
[407.518s][info][gc,ref      ] GC(2274) Soft: 2877 encountered, 877 discovered, 0 enqueued
[407.518s][info][gc,ref      ] GC(2274) Weak: 14361 encountered, 1376 discovered, 0 enqueued
[407.518s][info][gc,ref      ] GC(2274) Final: 84 encountered, 0 discovered, 0 enqueued
[407.519s][info][gc,ref      ] GC(2274) Phantom: 764 encountered, 587 discovered, 0 enqueued
[407.519s][info][gc,reloc    ] GC(2274) Small Pages: 223 / 446M, Empty: 322M, Relocated: 3M, In-Place: 0
[407.519s][info][gc,reloc    ] GC(2274) Medium Pages: 37 / 1184M, Empty: 0M, Relocated: 15M, In-Place: 0
[407.519s][info][gc,reloc    ] GC(2274) Large Pages: 0 / 0M, Empty: 0M, Relocated: 0M, In-Place: 0
[407.519s][info][gc,reloc    ] GC(2274) Forwarding Usage: 0M
[407.519s][info][gc,heap     ] GC(2274) Min Capacity: 8M(0%)
[407.519s][info][gc,heap     ] GC(2274) Max Capacity: 2048M(100%)
[407.519s][info][gc,heap     ] GC(2274) Soft Max Capacity: 2048M(100%)
[407.519s][info][gc,heap     ] GC(2274)                Mark Start          Mark End        Relocate Start      Relocate End           High               Low         
[407.519s][info][gc,heap     ] GC(2274)  Capacity:     2048M (100%)       2048M (100%)       2048M (100%)       2048M (100%)       2048M (100%)       2048M (100%)   
[407.519s][info][gc,heap     ] GC(2274)      Free:      418M (20%)           0M (0%)          262M (13%)           0M (0%)          418M (20%)           0M (0%)     
[407.519s][info][gc,heap     ] GC(2274)      Used:     1630M (80%)        2048M (100%)       1786M (87%)        2048M (100%)       2048M (100%)       1630M (80%)    
[407.519s][info][gc,heap     ] GC(2274)      Live:         -              1064M (52%)        1064M (52%)        1064M (52%)            -                  -          
[407.519s][info][gc,heap     ] GC(2274) Allocated:         -               418M (20%)         478M (23%)         822M (40%)            -                  -          
[407.519s][info][gc,heap     ] GC(2274)   Garbage:         -               565M (28%)         243M (12%)         161M (8%)             -                  -          
[407.519s][info][gc,heap     ] GC(2274) Reclaimed:         -                  -               322M (16%)         404M (20%)            -                  -          
[407.519s][info][gc          ] GC(2274) Garbage Collection (Allocation Stall) 1630M(80%)->2048M(100%)
[407.519s][info][gc,start    ] GC(2275) Garbage Collection (Allocation Stall)
[407.519s][info][gc,ref      ] GC(2275) Clearing All SoftReferences
[407.519s][info][gc,task     ] GC(2275) Using 12 workers
[407.536s][info][gc,ref      ] GC(2275) Clearing All SoftReferences
[407.536s][info][gc,phases   ] GC(2275) Pause Mark Start 0.034ms
[407.536s][info][gc          ] Allocation Stall (Executor task launch worker for task 18.0 in stage 87.0 (TID 1435)) 17.714ms
[407.536s][info][gc          ] Allocation Stall (Executor task launch worker for task 3.0 in stage 87.0 (TID 1457)) 17.994ms
[407.536s][info][gc          ] Allocation Stall (Executor task launch worker for task 8.0 in stage 87.0 (TID 1427)) 17.271ms
[407.536s][info][gc          ] Allocation Stall (Executor task launch worker for task 28.0 in stage 87.0 (TID 1442)) 18.002ms
[407.536s][info][gc          ] Allocation Stall (Executor task launch worker for task 41.0 in stage 87.0 (TID 1453)) 17.306ms
[407.536s][info][gc          ] Allocation Stall (Executor task launch worker for task 35.0 in stage 87.0 (TID 1464)) 17.620ms
[407.536s][info][gc          ] Allocation Stall (Executor task launch worker for task 38.0 in stage 87.0 (TID 1450)) 17.247ms
[407.536s][info][gc          ] Allocation Stall (Executor task launch worker for task 45.0 in stage 87.0 (TID 1467)) 17.201ms
[407.536s][info][gc          ] Allocation Stall (Executor task launch worker for task 13.0 in stage 87.0 (TID 1431)) 17.196ms
[407.536s][info][gc          ] Allocation Stall (Executor task launch worker for task 20.0 in stage 87.0 (TID 1461)) 17.218ms
[407.536s][info][gc          ] Allocation Stall (Executor task launch worker for task 31.0 in stage 87.0 (TID 1444)) 17.018ms
[407.536s][info][gc          ] Allocation Stall (Executor task launch worker for task 40.0 in stage 87.0 (TID 1452)) 17.210ms
[407.536s][info][gc          ] Allocation Stall (Executor task launch worker for task 6.0 in stage 87.0 (TID 1425)) 16.982ms
[407.536s][info][gc          ] Allocation Stall (Executor task launch worker for task 19.0 in stage 87.0 (TID 1460)) 17.065ms
[407.536s][info][gc          ] Allocation Stall (Executor task launch worker for task 42.0 in stage 87.0 (TID 1465)) 17.065ms
[407.583s][info][gc,phases   ] GC(2275) Concurrent Mark 46.729ms
[407.583s][info][gc,phases   ] GC(2275) Pause Mark End 0.020ms
[407.583s][info][gc,phases   ] GC(2275) Concurrent Mark Free 0.001ms
[407.585s][info][gc,phases   ] GC(2275) Concurrent Process Non-Strong References 2.676ms
[407.585s][info][gc,phases   ] GC(2275) Concurrent Reset Relocation Set 0.004ms
[407.586s][info][gc          ] Allocation Stall (Executor task launch worker for task 23.0 in stage 87.0 (TID 1438)) 18.435ms
[407.586s][info][gc          ] Allocation Stall (Executor task launch worker for task 15.0 in stage 87.0 (TID 1432)) 18.620ms
[407.586s][info][gc          ] Allocation Stall (Executor task launch worker for task 40.0 in stage 87.0 (TID 1452)) 18.124ms
[407.586s][info][gc          ] Allocation Stall (Executor task launch worker for task 34.0 in stage 87.0 (TID 1447)) 18.907ms
[407.586s][info][gc          ] Allocation Stall (Executor task launch worker for task 12.0 in stage 87.0 (TID 1430)) 19.405ms
[407.586s][info][gc          ] Allocation Stall (Executor task launch worker for task 18.0 in stage 87.0 (TID 1435)) 17.395ms
[407.586s][info][gc          ] Allocation Stall (Executor task launch worker for task 4.0 in stage 87.0 (TID 1423)) 17.425ms
[407.586s][info][gc          ] Allocation Stall (Executor task launch worker for task 36.0 in stage 87.0 (TID 1448)) 18.810ms
[407.586s][info][gc          ] Allocation Stall (Executor task launch worker for task 5.0 in stage 87.0 (TID 1424)) 18.694ms
[407.586s][info][gc          ] Allocation Stall (Executor task launch worker for task 35.0 in stage 87.0 (TID 1464)) 19.619ms
[407.586s][info][gc          ] Allocation Stall (Executor task launch worker for task 44.0 in stage 87.0 (TID 1466)) 19.082ms
[407.586s][info][gc          ] Allocation Stall (Executor task launch worker for task 37.0 in stage 87.0 (TID 1449)) 18.758ms
[407.586s][info][gc          ] Allocation Stall (Executor task launch worker for task 2.0 in stage 87.0 (TID 1422)) 21.399ms
[407.586s][info][gc          ] Allocation Stall (Executor task launch worker for task 39.0 in stage 87.0 (TID 1451)) 19.855ms
[407.586s][info][gc          ] Allocation Stall (Executor task launch worker for task 1.0 in stage 87.0 (TID 1421)) 18.677ms
[407.586s][info][gc          ] Allocation Stall (Executor task launch worker for task 3.0 in stage 87.0 (TID 1457)) 17.493ms
[407.586s][info][gc          ] Allocation Stall (Executor task launch worker for task 26.0 in stage 87.0 (TID 1440)) 21.319ms
[407.586s][info][gc          ] Allocation Stall (Executor task launch worker for task 20.0 in stage 87.0 (TID 1461)) 18.187ms
[407.586s][info][gc          ] Allocation Stall (Executor task launch worker for task 29.0 in stage 87.0 (TID 1443)) 21.342ms
[407.586s][info][gc          ] Allocation Stall (Executor task launch worker for task 22.0 in stage 87.0 (TID 1437)) 20.011ms
[407.586s][info][gc          ] Allocation Stall (Executor task launch worker for task 9.0 in stage 87.0 (TID 1428)) 18.243ms
[407.586s][info][gc          ] Allocation Stall (Executor task launch worker for task 0.0 in stage 87.0 (TID 1456)) 22.191ms
[407.586s][info][gc          ] Allocation Stall (Executor task launch worker for task 8.0 in stage 87.0 (TID 1427)) 22.016ms
[407.586s][info][gc          ] Allocation Stall (Executor task launch worker for task 31.0 in stage 87.0 (TID 1444)) 19.966ms
[407.586s][info][gc          ] Allocation Stall (Executor task launch worker for task 42.0 in stage 87.0 (TID 1465)) 17.583ms
[407.586s][info][gc          ] Allocation Stall (Executor task launch worker for task 45.0 in stage 87.0 (TID 1467)) 21.169ms
[407.586s][info][gc          ] Allocation Stall (Executor task launch worker for task 6.0 in stage 87.0 (TID 1425)) 21.186ms
[407.586s][info][gc          ] Allocation Stall (Executor task launch worker for task 13.0 in stage 87.0 (TID 1431)) 20.985ms
[407.586s][info][gc          ] Allocation Stall (Executor task launch worker for task 32.0 in stage 87.0 (TID 1445)) 17.519ms
[407.586s][info][gc          ] Allocation Stall (Executor task launch worker for task 24.0 in stage 87.0 (TID 1462)) 18.441ms
[407.586s][info][gc          ] Allocation Stall (Executor task launch worker for task 16.0 in stage 87.0 (TID 1433)) 18.713ms
[407.586s][info][gc          ] Allocation Stall (Executor task launch worker for task 25.0 in stage 87.0 (TID 1439)) 17.505ms
[407.586s][info][gc          ] Allocation Stall (Executor task launch worker for task 46.0 in stage 87.0 (TID 1468)) 21.123ms
[407.586s][info][gc          ] Allocation Stall (Executor task launch worker for task 17.0 in stage 87.0 (TID 1434)) 19.136ms
[407.586s][info][gc          ] Allocation Stall (Executor task launch worker for task 21.0 in stage 87.0 (TID 1436)) 18.572ms
[407.586s][info][gc          ] Allocation Stall (Executor task launch worker for task 14.0 in stage 87.0 (TID 1459)) 18.801ms
[407.586s][info][gc          ] Allocation Stall (Executor task launch worker for task 28.0 in stage 87.0 (TID 1442)) 21.811ms
[407.586s][info][gc          ] Allocation Stall (Spark Context Cleaner) 18.784ms
[407.586s][info][gc          ] Allocation Stall (Executor task launch worker for task 11.0 in stage 87.0 (TID 1458)) 20.872ms
[407.586s][info][gc          ] Allocation Stall (Executor task launch worker for task 10.0 in stage 87.0 (TID 1429)) 19.723ms
[407.586s][info][gc          ] Allocation Stall (Executor task launch worker for task 38.0 in stage 87.0 (TID 1450)) 17.546ms
[407.586s][info][gc          ] Allocation Stall (Executor task launch worker for task 27.0 in stage 87.0 (TID 1441)) 19.487ms
[407.586s][info][gc          ] Allocation Stall (Executor task launch worker for task 7.0 in stage 87.0 (TID 1426)) 20.711ms
[407.586s][info][gc          ] Allocation Stall (Executor task launch worker for task 43.0 in stage 87.0 (TID 1454)) 18.834ms
[407.586s][info][gc          ] Allocation Stall (Executor task launch worker for task 33.0 in stage 87.0 (TID 1446)) 21.215ms
[407.586s][info][gc          ] Allocation Stall (Executor task launch worker for task 47.0 in stage 87.0 (TID 1455)) 19.384ms
[407.586s][info][gc          ] Allocation Stall (Executor task launch worker for task 41.0 in stage 87.0 (TID 1453)) 18.588ms
[407.586s][info][gc          ] Allocation Stall (Executor task launch worker for task 30.0 in stage 87.0 (TID 1463)) 18.650ms
[407.586s][info][gc          ] Allocation Stall (Executor task launch worker for task 19.0 in stage 87.0 (TID 1460)) 19.033ms
[407.591s][info][gc,phases   ] GC(2275) Concurrent Select Relocation Set 5.393ms
[407.591s][info][gc,phases   ] GC(2275) Pause Relocate Start 0.008ms
[407.594s][info][gc,phases   ] GC(2275) Concurrent Relocate 3.043ms
[407.594s][info][gc,load     ] GC(2275) Load: 0.00/0.00/0.00
[407.594s][info][gc,mmu      ] GC(2275) MMU: 2ms/86.2%, 5ms/94.5%, 10ms/97.2%, 20ms/98.6%, 50ms/99.4%, 100ms/99.6%
[407.594s][info][gc,marking  ] GC(2275) Mark: 8 stripe(s), 3 proactive flush(es), 1 terminate flush(es), 0 completion(s), 0 continuation(s) 
[407.594s][info][gc,marking  ] GC(2275) Mark Stack Usage: 32M
[407.594s][info][gc,nmethod  ] GC(2275) NMethods: 8187 registered, 1385 unregistered
[407.594s][info][gc,metaspace] GC(2275) Metaspace: 120M used, 123M committed, 1152M reserved
[407.594s][info][gc,ref      ] GC(2275) Soft: 2877 encountered, 597 discovered, 0 enqueued
[407.594s][info][gc,ref      ] GC(2275) Weak: 14361 encountered, 3228 discovered, 0 enqueued
[407.594s][info][gc,ref      ] GC(2275) Final: 84 encountered, 3 discovered, 0 enqueued
[407.594s][info][gc,ref      ] GC(2275) Phantom: 764 encountered, 426 discovered, 0 enqueued
[407.595s][info][gc,reloc    ] GC(2275) Small Pages: 420 / 840M, Empty: 692M, Relocated: 3M, In-Place: 0
[407.595s][info][gc,reloc    ] GC(2275) Medium Pages: 36 / 1152M, Empty: 0M, Relocated: 0M, In-Place: 0
[407.595s][info][gc,reloc    ] GC(2275) Large Pages: 0 / 0M, Empty: 0M, Relocated: 0M, In-Place: 0
[407.595s][info][gc,reloc    ] GC(2275) Forwarding Usage: 0M
[407.595s][info][gc,heap     ] GC(2275) Min Capacity: 8M(0%)
[407.595s][info][gc,heap     ] GC(2275) Max Capacity: 2048M(100%)
[407.595s][info][gc,heap     ] GC(2275) Soft Max Capacity: 2048M(100%)
[407.595s][info][gc,heap     ] GC(2275)                Mark Start          Mark End        Relocate Start      Relocate End           High               Low         
[407.595s][info][gc,heap     ] GC(2275)  Capacity:     2048M (100%)       2048M (100%)       2048M (100%)       2048M (100%)       2048M (100%)       2048M (100%)   
[407.595s][info][gc,heap     ] GC(2275)      Free:       26M (1%)            0M (0%)          654M (32%)         662M (32%)         696M (34%)           0M (0%)     
[407.595s][info][gc,heap     ] GC(2275)      Used:     2022M (99%)        2048M (100%)       1394M (68%)        1386M (68%)        2048M (100%)       1352M (66%)    
[407.595s][info][gc,heap     ] GC(2275)      Live:         -              1064M (52%)        1064M (52%)        1064M (52%)            -                  -          
[407.595s][info][gc,heap     ] GC(2275) Allocated:         -                26M (1%)           64M (3%)          109M (5%)             -                  -          
[407.595s][info][gc,heap     ] GC(2275)   Garbage:         -               957M (47%)         265M (13%)         212M (10%)            -                  -          
[407.595s][info][gc,heap     ] GC(2275) Reclaimed:         -                  -               692M (34%)         745M (36%)            -                  -          
[407.595s][info][gc          ] GC(2275) Garbage Collection (Allocation Stall) 2022M(99%)->1386M(68%)
[407.645s][info][gc,start    ] GC(2276) Garbage Collection (Allocation Stall)
[407.646s][info][gc,ref      ] GC(2276) Clearing All SoftReferences
[407.646s][info][gc,task     ] GC(2276) Using 12 workers
[407.646s][info][gc,ref      ] GC(2276) Clearing All SoftReferences
[407.646s][info][gc,phases   ] GC(2276) Pause Mark Start 0.062ms
[407.707s][info][gc,phases   ] GC(2276) Concurrent Mark 46.803ms
[407.708s][info][gc,phases   ] GC(2276) Pause Mark End 0.017ms
[407.708s][info][gc,phases   ] GC(2276) Concurrent Mark Free 0.000ms
[407.710s][info][gc,phases   ] GC(2276) Concurrent Process Non-Strong References 2.342ms
[407.710s][info][gc,phases   ] GC(2276) Concurrent Reset Relocation Set 0.004ms
[407.710s][info][gc          ] Allocation Stall (Executor task launch worker for task 42.0 in stage 87.0 (TID 1465)) 6.972ms
[407.710s][info][gc          ] Allocation Stall (Executor task launch worker for task 38.0 in stage 87.0 (TID 1450)) 6.959ms
[407.710s][info][gc          ] Allocation Stall (Executor task launch worker for task 24.0 in stage 87.0 (TID 1462)) 6.739ms
[407.710s][info][gc          ] Allocation Stall (Executor task launch worker for task 26.0 in stage 87.0 (TID 1440)) 6.581ms
[407.710s][info][gc          ] Allocation Stall (Executor task launch worker for task 2.0 in stage 87.0 (TID 1422)) 6.381ms
[407.710s][info][gc          ] Allocation Stall (Executor task launch worker for task 3.0 in stage 87.0 (TID 1457)) 6.656ms
[407.710s][info][gc          ] Allocation Stall (Executor task launch worker for task 1.0 in stage 87.0 (TID 1421)) 6.740ms
[407.710s][info][gc          ] Allocation Stall (Executor task launch worker for task 37.0 in stage 87.0 (TID 1449)) 6.435ms
[407.710s][info][gc          ] Allocation Stall (Executor task launch worker for task 18.0 in stage 87.0 (TID 1435)) 7.931ms
[407.710s][info][gc          ] Allocation Stall (Executor task launch worker for task 46.0 in stage 87.0 (TID 1468)) 7.063ms
[407.710s][info][gc          ] Allocation Stall (Executor task launch worker for task 19.0 in stage 87.0 (TID 1460)) 6.449ms
[407.710s][info][gc          ] Allocation Stall (Executor task launch worker for task 34.0 in stage 87.0 (TID 1447)) 7.957ms
[407.710s][info][gc          ] Allocation Stall (Executor task launch worker for task 31.0 in stage 87.0 (TID 1444)) 6.619ms
[407.710s][info][gc          ] Allocation Stall (Executor task launch worker for task 9.0 in stage 87.0 (TID 1428)) 6.801ms
[407.710s][info][gc          ] Allocation Stall (Executor task launch worker for task 6.0 in stage 87.0 (TID 1425)) 6.571ms
[407.710s][info][gc          ] Allocation Stall (Executor task launch worker for task 43.0 in stage 87.0 (TID 1454)) 7.065ms
[407.710s][info][gc          ] Allocation Stall (Executor task launch worker for task 40.0 in stage 87.0 (TID 1452)) 7.027ms
[407.710s][info][gc          ] Allocation Stall (Executor task launch worker for task 4.0 in stage 87.0 (TID 1423)) 6.674ms
[407.710s][info][gc          ] Allocation Stall (Executor task launch worker for task 5.0 in stage 87.0 (TID 1424)) 7.721ms
[407.710s][info][gc          ] Allocation Stall (Executor task launch worker for task 44.0 in stage 87.0 (TID 1466)) 7.402ms
[407.710s][info][gc          ] Allocation Stall (Executor task launch worker for task 33.0 in stage 87.0 (TID 1446)) 6.488ms
[407.710s][info][gc          ] Allocation Stall (Executor task launch worker for task 20.0 in stage 87.0 (TID 1461)) 7.560ms
[407.710s][info][gc          ] Allocation Stall (Executor task launch worker for task 25.0 in stage 87.0 (TID 1439)) 6.436ms
[407.710s][info][gc          ] Allocation Stall (Executor task launch worker for task 32.0 in stage 87.0 (TID 1445)) 6.895ms
[407.710s][info][gc          ] Allocation Stall (Executor task launch worker for task 29.0 in stage 87.0 (TID 1443)) 7.760ms
[407.710s][info][gc          ] Allocation Stall (Executor task launch worker for task 16.0 in stage 87.0 (TID 1433)) 6.447ms
[407.710s][info][gc          ] Allocation Stall (Executor task launch worker for task 11.0 in stage 87.0 (TID 1458)) 6.764ms
[407.710s][info][gc          ] Allocation Stall (Executor task launch worker for task 45.0 in stage 87.0 (TID 1467)) 6.738ms
[407.710s][info][gc          ] Allocation Stall (Executor task launch worker for task 23.0 in stage 87.0 (TID 1438)) 8.082ms
[407.710s][info][gc          ] Allocation Stall (Executor task launch worker for task 36.0 in stage 87.0 (TID 1448)) 7.181ms
[407.710s][info][gc          ] Allocation Stall (Executor task launch worker for task 15.0 in stage 87.0 (TID 1432)) 7.654ms
[407.710s][info][gc          ] Allocation Stall (Executor task launch worker for task 0.0 in stage 87.0 (TID 1456)) 7.229ms
[407.710s][info][gc          ] Allocation Stall (Executor task launch worker for task 7.0 in stage 87.0 (TID 1426)) 7.926ms
[407.710s][info][gc          ] Allocation Stall (Executor task launch worker for task 35.0 in stage 87.0 (TID 1464)) 8.005ms
[407.710s][info][gc          ] Allocation Stall (Executor task launch worker for task 21.0 in stage 87.0 (TID 1436)) 7.946ms
[407.710s][info][gc          ] Allocation Stall (Executor task launch worker for task 8.0 in stage 87.0 (TID 1427)) 7.266ms
[407.710s][info][gc          ] Allocation Stall (Executor task launch worker for task 10.0 in stage 87.0 (TID 1429)) 7.920ms
[407.710s][info][gc          ] Allocation Stall (Executor task launch worker for task 30.0 in stage 87.0 (TID 1463)) 7.359ms
[407.710s][info][gc          ] Allocation Stall (Executor task launch worker for task 41.0 in stage 87.0 (TID 1453)) 7.069ms
[407.710s][info][gc          ] Allocation Stall (Spark Context Cleaner) 7.800ms
[407.710s][info][gc          ] Allocation Stall (Executor task launch worker for task 28.0 in stage 87.0 (TID 1442)) 7.175ms
[407.710s][info][gc          ] Allocation Stall (Executor task launch worker for task 13.0 in stage 87.0 (TID 1431)) 8.153ms
[407.710s][info][gc          ] Allocation Stall (Executor task launch worker for task 22.0 in stage 87.0 (TID 1437)) 7.024ms
[407.710s][info][gc          ] Allocation Stall (Executor task launch worker for task 39.0 in stage 87.0 (TID 1451)) 8.382ms
[407.710s][info][gc          ] Allocation Stall (Executor task launch worker for task 27.0 in stage 87.0 (TID 1441)) 6.504ms
[407.710s][info][gc          ] Allocation Stall (Executor task launch worker for task 12.0 in stage 87.0 (TID 1430)) 7.974ms
[407.710s][info][gc          ] Allocation Stall (Executor task launch worker for task 47.0 in stage 87.0 (TID 1455)) 8.095ms
[407.710s][info][gc          ] Allocation Stall (Executor task launch worker for task 17.0 in stage 87.0 (TID 1434)) 7.012ms
[407.710s][info][gc          ] Allocation Stall (Executor task launch worker for task 14.0 in stage 87.0 (TID 1459)) 7.975ms
[407.714s][info][gc,phases   ] GC(2276) Concurrent Select Relocation Set 3.812ms
[407.718s][info][gc,phases   ] GC(2276) Pause Relocate Start 0.008ms
[407.721s][info][gc,phases   ] GC(2276) Concurrent Relocate 2.894ms
[407.721s][info][gc,load     ] GC(2276) Load: 0.00/0.00/0.00
[407.721s][info][gc,mmu      ] GC(2276) MMU: 2ms/86.2%, 5ms/94.5%, 10ms/97.2%, 20ms/98.6%, 50ms/99.4%, 100ms/99.6%
[407.721s][info][gc,marking  ] GC(2276) Mark: 8 stripe(s), 3 proactive flush(es), 1 terminate flush(es), 0 completion(s), 0 continuation(s) 
[407.721s][info][gc,marking  ] GC(2276) Mark Stack Usage: 32M
[407.721s][info][gc,nmethod  ] GC(2276) NMethods: 8187 registered, 1385 unregistered
[407.721s][info][gc,metaspace] GC(2276) Metaspace: 120M used, 123M committed, 1152M reserved
[407.721s][info][gc,ref      ] GC(2276) Soft: 2877 encountered, 663 discovered, 0 enqueued
[407.721s][info][gc,ref      ] GC(2276) Weak: 14361 encountered, 3419 discovered, 0 enqueued
[407.721s][info][gc,ref      ] GC(2276) Final: 84 encountered, 5 discovered, 0 enqueued
[407.721s][info][gc,ref      ] GC(2276) Phantom: 764 encountered, 480 discovered, 0 enqueued
[407.721s][info][gc,reloc    ] GC(2276) Small Pages: 315 / 630M, Empty: 466M, Relocated: 3M, In-Place: 0
[407.721s][info][gc,reloc    ] GC(2276) Medium Pages: 36 / 1152M, Empty: 0M, Relocated: 0M, In-Place: 0
[407.721s][info][gc,reloc    ] GC(2276) Large Pages: 0 / 0M, Empty: 0M, Relocated: 0M, In-Place: 0
[407.721s][info][gc,reloc    ] GC(2276) Forwarding Usage: 0M
[407.721s][info][gc,heap     ] GC(2276) Min Capacity: 8M(0%)
[407.721s][info][gc,heap     ] GC(2276) Max Capacity: 2048M(100%)
[407.721s][info][gc,heap     ] GC(2276) Soft Max Capacity: 2048M(100%)
[407.721s][info][gc,heap     ] GC(2276)                Mark Start          Mark End        Relocate Start      Relocate End           High               Low         
[407.721s][info][gc,heap     ] GC(2276)  Capacity:     2048M (100%)       2048M (100%)       2048M (100%)       2048M (100%)       2048M (100%)       2048M (100%)   
[407.721s][info][gc,heap     ] GC(2276)      Free:      266M (13%)           0M (0%)          392M (19%)         428M (21%)         454M (22%)           0M (0%)     
[407.721s][info][gc,heap     ] GC(2276)      Used:     1782M (87%)        2048M (100%)       1656M (81%)        1620M (79%)        2048M (100%)       1594M (78%)    
[407.721s][info][gc,heap     ] GC(2276)      Live:         -              1064M (52%)        1064M (52%)        1064M (52%)            -                  -          
[407.721s][info][gc,heap     ] GC(2276) Allocated:         -               266M (13%)         340M (17%)         373M (18%)            -                  -          
[407.721s][info][gc,heap     ] GC(2276)   Garbage:         -               717M (35%)         251M (12%)         182M (9%)             -                  -          
[407.721s][info][gc,heap     ] GC(2276) Reclaimed:         -                  -               466M (23%)         535M (26%)            -                  -          
[407.721s][info][gc          ] GC(2276) Garbage Collection (Allocation Stall) 1782M(87%)->1620M(79%)
[407.739s][info][gc,start    ] GC(2277) Garbage Collection (Allocation Stall)
[407.739s][info][gc,ref      ] GC(2277) Clearing All SoftReferences
[407.739s][info][gc,task     ] GC(2277) Using 12 workers
[407.740s][info][gc,ref      ] GC(2277) Clearing All SoftReferences
[407.740s][info][gc,phases   ] GC(2277) Pause Mark Start 0.044ms
[407.817s][info][gc,phases   ] GC(2277) Concurrent Mark 62.456ms
[407.817s][info][gc,phases   ] GC(2277) Pause Mark End 0.019ms
[407.817s][info][gc,phases   ] GC(2277) Concurrent Mark Free 0.001ms
[407.820s][info][gc,phases   ] GC(2277) Concurrent Process Non-Strong References 2.782ms
[407.820s][info][gc,phases   ] GC(2277) Concurrent Reset Relocation Set 0.006ms
[407.820s][info][gc          ] Allocation Stall (Executor task launch worker for task 42.0 in stage 87.0 (TID 1465)) 27.166ms
[407.820s][info][gc          ] Allocation Stall (Executor task launch worker for task 24.0 in stage 87.0 (TID 1462)) 28.003ms
[407.820s][info][gc          ] Allocation Stall (Spark Context Cleaner) 3.190ms
[407.820s][info][gc          ] Allocation Stall (Executor task launch worker for task 46.0 in stage 87.0 (TID 1468)) 29.261ms
[407.820s][info][gc          ] Allocation Stall (Executor task launch worker for task 34.0 in stage 87.0 (TID 1447)) 27.697ms
[407.820s][info][gc          ] Allocation Stall (Executor task launch worker for task 37.0 in stage 87.0 (TID 1449)) 26.978ms
[407.820s][info][gc          ] Allocation Stall (Executor task launch worker for task 21.0 in stage 87.0 (TID 1436)) 27.936ms
[407.820s][info][gc          ] Allocation Stall (Executor task launch worker for task 29.0 in stage 87.0 (TID 1443)) 27.095ms
[407.820s][info][gc          ] Allocation Stall (Executor task launch worker for task 41.0 in stage 87.0 (TID 1453)) 27.042ms
[407.820s][info][gc          ] Allocation Stall (Executor task launch worker for task 38.0 in stage 87.0 (TID 1450)) 26.993ms
[407.820s][info][gc          ] Allocation Stall (Executor task launch worker for task 47.0 in stage 87.0 (TID 1455)) 27.263ms
[407.820s][info][gc          ] Allocation Stall (Executor task launch worker for task 18.0 in stage 87.0 (TID 1435)) 29.178ms
[407.820s][info][gc          ] Allocation Stall (Executor task launch worker for task 11.0 in stage 87.0 (TID 1458)) 27.701ms
[407.820s][info][gc          ] Allocation Stall (Executor task launch worker for task 30.0 in stage 87.0 (TID 1463)) 27.163ms
[407.820s][info][gc          ] Allocation Stall (Executor task launch worker for task 20.0 in stage 87.0 (TID 1461)) 27.029ms
[407.820s][info][gc          ] Allocation Stall (Executor task launch worker for task 4.0 in stage 87.0 (TID 1423)) 27.923ms
[407.820s][info][gc          ] Allocation Stall (Executor task launch worker for task 0.0 in stage 87.0 (TID 1456)) 29.177ms
[407.820s][info][gc          ] Allocation Stall (Executor task launch worker for task 17.0 in stage 87.0 (TID 1434)) 27.013ms
[407.820s][info][gc          ] Allocation Stall (Executor task launch worker for task 8.0 in stage 87.0 (TID 1427)) 28.910ms
[407.820s][info][gc          ] Allocation Stall (Executor task launch worker for task 31.0 in stage 87.0 (TID 1444)) 27.119ms
[407.820s][info][gc          ] Allocation Stall (Executor task launch worker for task 44.0 in stage 87.0 (TID 1466)) 27.209ms
[407.820s][info][gc          ] Allocation Stall (Executor task launch worker for task 9.0 in stage 87.0 (TID 1428)) 27.846ms
[407.820s][info][gc          ] Allocation Stall (Executor task launch worker for task 7.0 in stage 87.0 (TID 1426)) 28.201ms
[407.820s][info][gc          ] Allocation Stall (Executor task launch worker for task 16.0 in stage 87.0 (TID 1433)) 27.217ms
[407.820s][info][gc          ] Allocation Stall (Executor task launch worker for task 1.0 in stage 87.0 (TID 1421)) 27.606ms
[407.820s][info][gc          ] Allocation Stall (Executor task launch worker for task 40.0 in stage 87.0 (TID 1452)) 28.138ms
[407.820s][info][gc          ] Allocation Stall (Executor task launch worker for task 19.0 in stage 87.0 (TID 1460)) 27.069ms
[407.820s][info][gc          ] Allocation Stall (Executor task launch worker for task 14.0 in stage 87.0 (TID 1459)) 27.505ms
[407.820s][info][gc          ] Allocation Stall (Executor task launch worker for task 6.0 in stage 87.0 (TID 1425)) 28.900ms
[407.820s][info][gc          ] Allocation Stall (Executor task launch worker for task 3.0 in stage 87.0 (TID 1457)) 28.268ms
[407.820s][info][gc          ] Allocation Stall (Executor task launch worker for task 25.0 in stage 87.0 (TID 1439)) 28.223ms
[407.820s][info][gc          ] Allocation Stall (Executor task launch worker for task 23.0 in stage 87.0 (TID 1438)) 28.967ms
[407.820s][info][gc          ] Allocation Stall (Executor task launch worker for task 12.0 in stage 87.0 (TID 1430)) 27.095ms
[407.820s][info][gc          ] Allocation Stall (Executor task launch worker for task 27.0 in stage 87.0 (TID 1441)) 27.757ms
[407.820s][info][gc          ] Allocation Stall (Executor task launch worker for task 28.0 in stage 87.0 (TID 1442)) 27.816ms
[407.820s][info][gc          ] Allocation Stall (Executor task launch worker for task 22.0 in stage 87.0 (TID 1437)) 28.016ms
[407.820s][info][gc          ] Allocation Stall (Executor task launch worker for task 10.0 in stage 87.0 (TID 1429)) 28.888ms
[407.820s][info][gc          ] Allocation Stall (Executor task launch worker for task 2.0 in stage 87.0 (TID 1422)) 28.738ms
[407.820s][info][gc          ] Allocation Stall (Executor task launch worker for task 36.0 in stage 87.0 (TID 1448)) 28.622ms
[407.820s][info][gc          ] Allocation Stall (Executor task launch worker for task 33.0 in stage 87.0 (TID 1446)) 29.128ms
[407.820s][info][gc          ] Allocation Stall (Executor task launch worker for task 45.0 in stage 87.0 (TID 1467)) 28.029ms
[407.820s][info][gc          ] Allocation Stall (Executor task launch worker for task 32.0 in stage 87.0 (TID 1445)) 27.968ms
[407.820s][info][gc          ] Allocation Stall (Executor task launch worker for task 43.0 in stage 87.0 (TID 1454)) 27.918ms
[407.820s][info][gc          ] Allocation Stall (Executor task launch worker for task 13.0 in stage 87.0 (TID 1431)) 29.311ms
[407.820s][info][gc          ] Allocation Stall (Executor task launch worker for task 15.0 in stage 87.0 (TID 1432)) 27.232ms
[407.820s][info][gc          ] Allocation Stall (Executor task launch worker for task 35.0 in stage 87.0 (TID 1464)) 29.203ms
[407.820s][info][gc          ] Allocation Stall (Executor task launch worker for task 5.0 in stage 87.0 (TID 1424)) 29.150ms
[407.820s][info][gc          ] Allocation Stall (Executor task launch worker for task 26.0 in stage 87.0 (TID 1440)) 29.195ms
[407.820s][info][gc          ] Allocation Stall (Executor task launch worker for task 39.0 in stage 87.0 (TID 1451)) 29.221ms
[407.824s][info][gc,phases   ] GC(2277) Concurrent Select Relocation Set 4.419ms
[407.825s][info][gc,phases   ] GC(2277) Pause Relocate Start 0.009ms
[407.828s][info][gc,phases   ] GC(2277) Concurrent Relocate 3.047ms
[407.828s][info][gc,load     ] GC(2277) Load: 0.00/0.00/0.00
[407.828s][info][gc,mmu      ] GC(2277) MMU: 2ms/86.2%, 5ms/94.5%, 10ms/97.2%, 20ms/98.6%, 50ms/99.4%, 100ms/99.6%
[407.828s][info][gc,marking  ] GC(2277) Mark: 8 stripe(s), 2 proactive flush(es), 1 terminate flush(es), 0 completion(s), 0 continuation(s) 
[407.828s][info][gc,marking  ] GC(2277) Mark Stack Usage: 32M
[407.829s][info][gc,nmethod  ] GC(2277) NMethods: 8187 registered, 1385 unregistered
[407.829s][info][gc,metaspace] GC(2277) Metaspace: 120M used, 123M committed, 1152M reserved
[407.829s][info][gc,ref      ] GC(2277) Soft: 2877 encountered, 306 discovered, 0 enqueued
[407.829s][info][gc,ref      ] GC(2277) Weak: 14361 encountered, 1590 discovered, 0 enqueued
[407.829s][info][gc,ref      ] GC(2277) Final: 84 encountered, 1 discovered, 0 enqueued
[407.829s][info][gc,ref      ] GC(2277) Phantom: 764 encountered, 496 discovered, 0 enqueued
[407.829s][info][gc,reloc    ] GC(2277) Small Pages: 357 / 714M, Empty: 578M, Relocated: 3M, In-Place: 0
[407.829s][info][gc,reloc    ] GC(2277) Medium Pages: 36 / 1152M, Empty: 0M, Relocated: 0M, In-Place: 0
[407.829s][info][gc,reloc    ] GC(2277) Large Pages: 0 / 0M, Empty: 0M, Relocated: 0M, In-Place: 0
[407.829s][info][gc,reloc    ] GC(2277) Forwarding Usage: 0M
[407.829s][info][gc,heap     ] GC(2277) Min Capacity: 8M(0%)
[407.829s][info][gc,heap     ] GC(2277) Max Capacity: 2048M(100%)
[407.829s][info][gc,heap     ] GC(2277) Soft Max Capacity: 2048M(100%)
[407.829s][info][gc,heap     ] GC(2277)                Mark Start          Mark End        Relocate Start      Relocate End           High               Low         
[407.829s][info][gc,heap     ] GC(2277)  Capacity:     2048M (100%)       2048M (100%)       2048M (100%)       2048M (100%)       2048M (100%)       2048M (100%)   
[407.829s][info][gc,heap     ] GC(2277)      Free:      182M (9%)            0M (0%)          542M (26%)         544M (27%)         576M (28%)           0M (0%)     
[407.829s][info][gc,heap     ] GC(2277)      Used:     1866M (91%)        2048M (100%)       1506M (74%)        1504M (73%)        2048M (100%)       1472M (72%)    
[407.830s][info][gc,heap     ] GC(2277)      Live:         -              1064M (52%)        1064M (52%)        1064M (52%)            -                  -          
[407.830s][info][gc,heap     ] GC(2277) Allocated:         -               182M (9%)          218M (11%)         257M (13%)            -                  -          
[407.830s][info][gc,heap     ] GC(2277)   Garbage:         -               801M (39%)         223M (11%)         181M (9%)             -                  -          
[407.830s][info][gc,heap     ] GC(2277) Reclaimed:         -                  -               578M (28%)         619M (30%)            -                  -          
[407.830s][info][gc          ] GC(2277) Garbage Collection (Allocation Stall) 1866M(91%)->1504M(73%)
[407.848s][info][gc,start    ] GC(2278) Garbage Collection (Allocation Stall)
[407.849s][info][gc,ref      ] GC(2278) Clearing All SoftReferences
[407.849s][info][gc,task     ] GC(2278) Using 12 workers
[407.849s][info][gc,ref      ] GC(2278) Clearing All SoftReferences
[407.849s][info][gc,phases   ] GC(2278) Pause Mark Start 0.036ms
[407.895s][info][gc,phases   ] GC(2278) Concurrent Mark 22.636ms
[407.895s][info][gc,phases   ] GC(2278) Pause Mark End 0.021ms
[407.895s][info][gc,phases   ] GC(2278) Concurrent Mark Free 0.001ms
[407.898s][info][gc,phases   ] GC(2278) Concurrent Process Non-Strong References 2.760ms
[407.898s][info][gc,phases   ] GC(2278) Concurrent Reset Relocation Set 0.005ms
[407.898s][info][gc          ] Allocation Stall (Executor task launch worker for task 5.0 in stage 87.0 (TID 1424)) 23.394ms
[407.898s][info][gc          ] Allocation Stall (Executor task launch worker for task 42.0 in stage 87.0 (TID 1465)) 23.654ms
[407.898s][info][gc          ] Allocation Stall (Executor task launch worker for task 40.0 in stage 87.0 (TID 1452)) 23.626ms
[407.898s][info][gc          ] Allocation Stall (Executor task launch worker for task 47.0 in stage 87.0 (TID 1455)) 22.893ms
[407.898s][info][gc          ] Allocation Stall (Executor task launch worker for task 44.0 in stage 87.0 (TID 1466)) 23.458ms
[407.898s][info][gc          ] Allocation Stall (Executor task launch worker for task 1.0 in stage 87.0 (TID 1421)) 23.491ms
[407.898s][info][gc          ] Allocation Stall (Executor task launch worker for task 11.0 in stage 87.0 (TID 1458)) 25.953ms
[407.898s][info][gc          ] Allocation Stall (Executor task launch worker for task 20.0 in stage 87.0 (TID 1461)) 22.925ms
[407.898s][info][gc          ] Allocation Stall (Executor task launch worker for task 7.0 in stage 87.0 (TID 1426)) 23.059ms
[407.898s][info][gc          ] Allocation Stall (Executor task launch worker for task 6.0 in stage 87.0 (TID 1425)) 22.891ms
[407.898s][info][gc          ] Allocation Stall (Executor task launch worker for task 36.0 in stage 87.0 (TID 1448)) 23.550ms
[407.898s][info][gc          ] Allocation Stall (Executor task launch worker for task 8.0 in stage 87.0 (TID 1427)) 22.970ms
[407.898s][info][gc          ] Allocation Stall (Executor task launch worker for task 18.0 in stage 87.0 (TID 1435)) 22.944ms
[407.898s][info][gc          ] Allocation Stall (Executor task launch worker for task 19.0 in stage 87.0 (TID 1460)) 23.494ms
[407.898s][info][gc          ] Allocation Stall (Executor task launch worker for task 10.0 in stage 87.0 (TID 1429)) 24.371ms
[407.898s][info][gc          ] Allocation Stall (Executor task launch worker for task 3.0 in stage 87.0 (TID 1457)) 18.493ms
[407.898s][info][gc          ] Allocation Stall (Executor task launch worker for task 26.0 in stage 87.0 (TID 1440)) 23.524ms
[407.898s][info][gc          ] Allocation Stall (Executor task launch worker for task 41.0 in stage 87.0 (TID 1453)) 23.394ms
[407.898s][info][gc          ] Allocation Stall (Executor task launch worker for task 22.0 in stage 87.0 (TID 1437)) 23.085ms
[407.898s][info][gc          ] Allocation Stall (Executor task launch worker for task 28.0 in stage 87.0 (TID 1442)) 22.999ms
[407.898s][info][gc          ] Allocation Stall (Executor task launch worker for task 0.0 in stage 87.0 (TID 1456)) 24.531ms
[407.898s][info][gc          ] Allocation Stall (Executor task launch worker for task 4.0 in stage 87.0 (TID 1423)) 23.463ms
[407.898s][info][gc          ] Allocation Stall (Executor task launch worker for task 23.0 in stage 87.0 (TID 1438)) 23.474ms
[407.898s][info][gc          ] Allocation Stall (Executor task launch worker for task 13.0 in stage 87.0 (TID 1431)) 23.575ms
[407.898s][info][gc          ] Allocation Stall (Executor task launch worker for task 45.0 in stage 87.0 (TID 1467)) 26.213ms
[407.898s][info][gc          ] Allocation Stall (Executor task launch worker for task 30.0 in stage 87.0 (TID 1463)) 25.981ms
[407.898s][info][gc          ] Allocation Stall (Executor task launch worker for task 9.0 in stage 87.0 (TID 1428)) 25.905ms
[407.898s][info][gc          ] Allocation Stall (Executor task launch worker for task 33.0 in stage 87.0 (TID 1446)) 25.896ms
[407.898s][info][gc          ] Allocation Stall (Executor task launch worker for task 29.0 in stage 87.0 (TID 1443)) 25.892ms
[407.898s][info][gc          ] Allocation Stall (Executor task launch worker for task 12.0 in stage 87.0 (TID 1430)) 25.879ms
[407.898s][info][gc          ] Allocation Stall (Executor task launch worker for task 27.0 in stage 87.0 (TID 1441)) 25.897ms
[407.898s][info][gc          ] Allocation Stall (Executor task launch worker for task 39.0 in stage 87.0 (TID 1451)) 25.872ms
[407.898s][info][gc          ] Allocation Stall (Executor task launch worker for task 17.0 in stage 87.0 (TID 1434)) 25.895ms
[407.898s][info][gc          ] Allocation Stall (Executor task launch worker for task 34.0 in stage 87.0 (TID 1447)) 25.873ms
[407.898s][info][gc          ] Allocation Stall (Executor task launch worker for task 24.0 in stage 87.0 (TID 1462)) 25.869ms
[407.898s][info][gc          ] Allocation Stall (Executor task launch worker for task 21.0 in stage 87.0 (TID 1436)) 25.931ms
[407.898s][info][gc          ] Allocation Stall (Executor task launch worker for task 32.0 in stage 87.0 (TID 1445)) 25.813ms
[407.898s][info][gc          ] Allocation Stall (Executor task launch worker for task 37.0 in stage 87.0 (TID 1449)) 25.835ms
[407.898s][info][gc          ] Allocation Stall (Executor task launch worker for task 16.0 in stage 87.0 (TID 1433)) 25.811ms
[407.898s][info][gc          ] Allocation Stall (Executor task launch worker for task 43.0 in stage 87.0 (TID 1454)) 25.808ms
[407.898s][info][gc          ] Allocation Stall (Executor task launch worker for task 14.0 in stage 87.0 (TID 1459)) 25.702ms
[407.898s][info][gc          ] Allocation Stall (Executor task launch worker for task 46.0 in stage 87.0 (TID 1468)) 25.784ms
[407.898s][info][gc          ] Allocation Stall (Executor task launch worker for task 25.0 in stage 87.0 (TID 1439)) 25.927ms
[407.898s][info][gc          ] Allocation Stall (Executor task launch worker for task 38.0 in stage 87.0 (TID 1450)) 25.911ms
[407.898s][info][gc          ] Allocation Stall (Executor task launch worker for task 15.0 in stage 87.0 (TID 1432)) 25.790ms
[407.898s][info][gc          ] Allocation Stall (Executor task launch worker for task 2.0 in stage 87.0 (TID 1422)) 25.488ms
[407.898s][info][gc          ] Allocation Stall (Executor task launch worker for task 35.0 in stage 87.0 (TID 1464)) 25.705ms
[407.898s][info][gc          ] Allocation Stall (Executor task launch worker for task 31.0 in stage 87.0 (TID 1444)) 26.052ms
[407.905s][info][gc,phases   ] GC(2278) Concurrent Select Relocation Set 7.169ms
[407.911s][info][gc,phases   ] GC(2278) Pause Relocate Start 0.011ms
[407.914s][info][gc,phases   ] GC(2278) Concurrent Relocate 3.280ms
[407.914s][info][gc,load     ] GC(2278) Load: 0.00/0.00/0.00
[407.914s][info][gc,mmu      ] GC(2278) MMU: 2ms/86.2%, 5ms/94.5%, 10ms/97.2%, 20ms/98.6%, 50ms/99.4%, 100ms/99.6%
[407.914s][info][gc,marking  ] GC(2278) Mark: 8 stripe(s), 2 proactive flush(es), 1 terminate flush(es), 0 completion(s), 0 continuation(s) 
[407.914s][info][gc,marking  ] GC(2278) Mark Stack Usage: 32M
[407.914s][info][gc,nmethod  ] GC(2278) NMethods: 8187 registered, 1385 unregistered
[407.914s][info][gc,metaspace] GC(2278) Metaspace: 120M used, 123M committed, 1152M reserved
[407.914s][info][gc,ref      ] GC(2278) Soft: 2877 encountered, 2293 discovered, 0 enqueued
[407.915s][info][gc,ref      ] GC(2278) Weak: 14361 encountered, 2973 discovered, 0 enqueued
[407.915s][info][gc,ref      ] GC(2278) Final: 84 encountered, 2 discovered, 0 enqueued
[407.915s][info][gc,ref      ] GC(2278) Phantom: 764 encountered, 474 discovered, 0 enqueued
[407.915s][info][gc,reloc    ] GC(2278) Small Pages: 314 / 628M, Empty: 508M, Relocated: 3M, In-Place: 0
[407.915s][info][gc,reloc    ] GC(2278) Medium Pages: 36 / 1152M, Empty: 0M, Relocated: 0M, In-Place: 0
[407.915s][info][gc,reloc    ] GC(2278) Large Pages: 0 / 0M, Empty: 0M, Relocated: 0M, In-Place: 0
[407.915s][info][gc,reloc    ] GC(2278) Forwarding Usage: 0M
[407.915s][info][gc,heap     ] GC(2278) Min Capacity: 8M(0%)
[407.915s][info][gc,heap     ] GC(2278) Max Capacity: 2048M(100%)
[407.915s][info][gc,heap     ] GC(2278) Soft Max Capacity: 2048M(100%)
[407.915s][info][gc,heap     ] GC(2278)                Mark Start          Mark End        Relocate Start      Relocate End           High               Low         
[407.915s][info][gc,heap     ] GC(2278)  Capacity:     2048M (100%)       2048M (100%)       2048M (100%)       2048M (100%)       2048M (100%)       2048M (100%)   
[407.915s][info][gc,heap     ] GC(2278)      Free:      268M (13%)           0M (0%)          412M (20%)         388M (19%)         430M (21%)           0M (0%)     
[407.915s][info][gc,heap     ] GC(2278)      Used:     1780M (87%)        2048M (100%)       1636M (80%)        1660M (81%)        2048M (100%)       1618M (79%)    
[407.915s][info][gc,heap     ] GC(2278)      Live:         -              1064M (52%)        1064M (52%)        1064M (52%)            -                  -          
[407.915s][info][gc,heap     ] GC(2278) Allocated:         -               268M (13%)         364M (18%)         413M (20%)            -                  -          
[407.915s][info][gc,heap     ] GC(2278)   Garbage:         -               715M (35%)         207M (10%)         181M (9%)             -                  -          
[407.915s][info][gc,heap     ] GC(2278) Reclaimed:         -                  -               508M (25%)         533M (26%)            -                  -          
[407.915s][info][gc          ] GC(2278) Garbage Collection (Allocation Stall) 1780M(87%)->1660M(81%)
[407.939s][info][gc          ] Allocation Stall (Executor task launch worker for task 28.0 in stage 87.0 (TID 1442)) 0.054ms
[407.939s][info][gc,start    ] GC(2279) Garbage Collection (Allocation Stall)
[407.939s][info][gc,ref      ] GC(2279) Clearing All SoftReferences
[407.939s][info][gc,task     ] GC(2279) Using 12 workers
[407.942s][info][gc,ref      ] GC(2279) Clearing All SoftReferences
[407.942s][info][gc,phases   ] GC(2279) Pause Mark Start 0.040ms
[407.989s][info][gc,phases   ] GC(2279) Concurrent Mark 46.757ms
[407.989s][info][gc,phases   ] GC(2279) Pause Mark End 0.031ms
[407.989s][info][gc,phases   ] GC(2279) Concurrent Mark Free 0.001ms
[407.992s][info][gc,phases   ] GC(2279) Concurrent Process Non-Strong References 3.276ms
[407.992s][info][gc,phases   ] GC(2279) Concurrent Reset Relocation Set 0.005ms
[407.992s][info][gc          ] Allocation Stall (Executor task launch worker for task 32.0 in stage 87.0 (TID 1445)) 53.066ms
[407.992s][info][gc          ] Allocation Stall (Executor task launch worker for task 35.0 in stage 87.0 (TID 1464)) 28.028ms
[407.993s][info][gc          ] Allocation Stall (Executor task launch worker for task 15.0 in stage 87.0 (TID 1432)) 50.570ms
[407.993s][info][gc          ] Allocation Stall (Executor task launch worker for task 39.0 in stage 87.0 (TID 1451)) 53.098ms
[407.993s][info][gc          ] Allocation Stall (Executor task launch worker for task 26.0 in stage 87.0 (TID 1440)) 50.581ms
[407.993s][info][gc          ] Allocation Stall (Executor task launch worker for task 10.0 in stage 87.0 (TID 1429)) 52.999ms
[407.993s][info][gc          ] Allocation Stall (Executor task launch worker for task 28.0 in stage 87.0 (TID 1442)) 50.547ms
[407.993s][info][gc          ] Allocation Stall (Executor task launch worker for task 8.0 in stage 87.0 (TID 1427)) 53.099ms
[407.993s][info][gc          ] Allocation Stall (Executor task launch worker for task 16.0 in stage 87.0 (TID 1433)) 53.433ms
[407.993s][info][gc          ] Allocation Stall (Executor task launch worker for task 24.0 in stage 87.0 (TID 1462)) 27.387ms
[407.993s][info][gc          ] Allocation Stall (Executor task launch worker for task 12.0 in stage 87.0 (TID 1430)) 53.023ms
[407.993s][info][gc          ] Allocation Stall (Executor task launch worker for task 19.0 in stage 87.0 (TID 1460)) 27.683ms
[407.993s][info][gc          ] Allocation Stall (Executor task launch worker for task 46.0 in stage 87.0 (TID 1468)) 28.024ms
[407.993s][info][gc          ] Allocation Stall (Executor task launch worker for task 23.0 in stage 87.0 (TID 1438)) 50.655ms
[407.993s][info][gc          ] Allocation Stall (Executor task launch worker for task 7.0 in stage 87.0 (TID 1426)) 53.026ms
[407.993s][info][gc          ] Allocation Stall (Executor task launch worker for task 14.0 in stage 87.0 (TID 1459)) 27.457ms
[407.993s][info][gc          ] Allocation Stall (Executor task launch worker for task 31.0 in stage 87.0 (TID 1444)) 53.463ms
[407.993s][info][gc          ] Allocation Stall (Executor task launch worker for task 33.0 in stage 87.0 (TID 1446)) 53.088ms
[407.993s][info][gc          ] Allocation Stall (Executor task launch worker for task 30.0 in stage 87.0 (TID 1463)) 28.127ms
[407.993s][info][gc          ] Allocation Stall (Executor task launch worker for task 21.0 in stage 87.0 (TID 1436)) 53.080ms
[407.993s][info][gc          ] Allocation Stall (Executor task launch worker for task 0.0 in stage 87.0 (TID 1456)) 28.187ms
[407.993s][info][gc          ] Allocation Stall (Executor task launch worker for task 25.0 in stage 87.0 (TID 1439)) 53.434ms
[407.993s][info][gc          ] Allocation Stall (Executor task launch worker for task 44.0 in stage 87.0 (TID 1466)) 28.730ms
[407.993s][info][gc          ] Allocation Stall (Executor task launch worker for task 34.0 in stage 87.0 (TID 1447)) 53.107ms
[407.993s][info][gc          ] Allocation Stall (Executor task launch worker for task 9.0 in stage 87.0 (TID 1428)) 53.427ms
[407.993s][info][gc          ] Allocation Stall (Executor task launch worker for task 36.0 in stage 87.0 (TID 1448)) 53.265ms
[407.993s][info][gc          ] Allocation Stall (Executor task launch worker for task 27.0 in stage 87.0 (TID 1441)) 53.472ms
[407.993s][info][gc          ] Allocation Stall (Executor task launch worker for task 1.0 in stage 87.0 (TID 1421)) 50.677ms
[407.993s][info][gc          ] Allocation Stall (Executor task launch worker for task 13.0 in stage 87.0 (TID 1431)) 53.467ms
[407.993s][info][gc          ] Allocation Stall (Executor task launch worker for task 45.0 in stage 87.0 (TID 1467)) 28.143ms
[407.993s][info][gc          ] Allocation Stall (Executor task launch worker for task 29.0 in stage 87.0 (TID 1443)) 53.094ms
[407.993s][info][gc          ] Allocation Stall (Executor task launch worker for task 2.0 in stage 87.0 (TID 1422)) 50.708ms
[407.993s][info][gc          ] Allocation Stall (Executor task launch worker for task 20.0 in stage 87.0 (TID 1461)) 53.441ms
[407.993s][info][gc          ] Allocation Stall (Executor task launch worker for task 38.0 in stage 87.0 (TID 1450)) 53.564ms
[407.993s][info][gc          ] Allocation Stall (Executor task launch worker for task 5.0 in stage 87.0 (TID 1424)) 53.188ms
[407.993s][info][gc          ] Allocation Stall (Executor task launch worker for task 6.0 in stage 87.0 (TID 1425)) 50.712ms
[407.993s][info][gc          ] Allocation Stall (Executor task launch worker for task 47.0 in stage 87.0 (TID 1455)) 53.166ms
[407.993s][info][gc          ] Allocation Stall (Executor task launch worker for task 17.0 in stage 87.0 (TID 1434)) 50.714ms
[407.993s][info][gc          ] Allocation Stall (Executor task launch worker for task 18.0 in stage 87.0 (TID 1435)) 53.115ms
[407.993s][info][gc          ] Allocation Stall (Executor task launch worker for task 37.0 in stage 87.0 (TID 1449)) 53.746ms
[407.993s][info][gc          ] Allocation Stall (Executor task launch worker for task 3.0 in stage 87.0 (TID 1457)) 53.115ms
[407.993s][info][gc          ] Allocation Stall (Executor task launch worker for task 11.0 in stage 87.0 (TID 1458)) 28.283ms
[407.993s][info][gc          ] Allocation Stall (Executor task launch worker for task 22.0 in stage 87.0 (TID 1437)) 53.232ms
[407.993s][info][gc          ] Allocation Stall (Executor task launch worker for task 4.0 in stage 87.0 (TID 1423)) 53.212ms
[407.993s][info][gc          ] Allocation Stall (Executor task launch worker for task 43.0 in stage 87.0 (TID 1454)) 50.733ms
[407.993s][info][gc          ] Allocation Stall (Executor task launch worker for task 42.0 in stage 87.0 (TID 1465)) 32.073ms
[407.993s][info][gc          ] Allocation Stall (Executor task launch worker for task 40.0 in stage 87.0 (TID 1452)) 53.254ms
[407.993s][info][gc          ] Allocation Stall (Executor task launch worker for task 41.0 in stage 87.0 (TID 1453)) 53.218ms
[407.998s][info][gc,phases   ] GC(2279) Concurrent Select Relocation Set 5.569ms
[407.998s][info][gc,phases   ] GC(2279) Pause Relocate Start 0.009ms
[408.027s][info][gc,phases   ] GC(2279) Concurrent Relocate 8.276ms
[408.027s][info][gc,load     ] GC(2279) Load: 0.00/0.00/0.00
[408.027s][info][gc,mmu      ] GC(2279) MMU: 2ms/86.2%, 5ms/94.5%, 10ms/97.2%, 20ms/98.6%, 50ms/99.4%, 100ms/99.6%
[408.027s][info][gc,marking  ] GC(2279) Mark: 8 stripe(s), 3 proactive flush(es), 1 terminate flush(es), 0 completion(s), 0 continuation(s) 
[408.027s][info][gc,marking  ] GC(2279) Mark Stack Usage: 32M
[408.027s][info][gc,nmethod  ] GC(2279) NMethods: 8187 registered, 1385 unregistered
[408.027s][info][gc,metaspace] GC(2279) Metaspace: 120M used, 123M committed, 1152M reserved
[408.027s][info][gc,ref      ] GC(2279) Soft: 2877 encountered, 301 discovered, 0 enqueued
[408.027s][info][gc,ref      ] GC(2279) Weak: 14361 encountered, 2705 discovered, 2 enqueued
[408.027s][info][gc,ref      ] GC(2279) Final: 84 encountered, 2 discovered, 0 enqueued
[408.027s][info][gc,ref      ] GC(2279) Phantom: 764 encountered, 630 discovered, 0 enqueued
[408.027s][info][gc,reloc    ] GC(2279) Small Pages: 400 / 800M, Empty: 658M, Relocated: 3M, In-Place: 0
[408.027s][info][gc,reloc    ] GC(2279) Medium Pages: 36 / 1152M, Empty: 0M, Relocated: 0M, In-Place: 0
[408.027s][info][gc,reloc    ] GC(2279) Large Pages: 12 / 96M, Empty: 0M, Relocated: 0M, In-Place: 0
[408.027s][info][gc,reloc    ] GC(2279) Forwarding Usage: 0M
[408.027s][info][gc,heap     ] GC(2279) Min Capacity: 8M(0%)
[408.027s][info][gc,heap     ] GC(2279) Max Capacity: 2048M(100%)
[408.027s][info][gc,heap     ] GC(2279) Soft Max Capacity: 2048M(100%)
[408.027s][info][gc,heap     ] GC(2279)                Mark Start          Mark End        Relocate Start      Relocate End           High               Low         
[408.027s][info][gc,heap     ] GC(2279)  Capacity:     2048M (100%)       2048M (100%)       2048M (100%)       2048M (100%)       2048M (100%)       2048M (100%)   
[408.027s][info][gc,heap     ] GC(2279)      Free:        0M (0%)            0M (0%)          618M (30%)         292M (14%)         618M (30%)           0M (0%)     
[408.027s][info][gc,heap     ] GC(2279)      Used:     2048M (100%)       2048M (100%)       1430M (70%)        1756M (86%)        2048M (100%)       1430M (70%)    
[408.028s][info][gc,heap     ] GC(2279)      Live:         -              1157M (57%)        1157M (57%)        1157M (57%)            -                  -          
[408.028s][info][gc,heap     ] GC(2279) Allocated:         -                 0M (0%)           40M (2%)          412M (20%)            -                  -          
[408.028s][info][gc,heap     ] GC(2279)   Garbage:         -               890M (43%)         232M (11%)         186M (9%)             -                  -          
[408.028s][info][gc,heap     ] GC(2279) Reclaimed:         -                  -               658M (32%)         704M (34%)            -                  -          
[408.028s][info][gc          ] GC(2279) Garbage Collection (Allocation Stall) 2048M(100%)->1756M(86%)
[408.051s][info][gc,start    ] GC(2280) Garbage Collection (Allocation Stall)
[408.051s][info][gc,ref      ] GC(2280) Clearing All SoftReferences
[408.051s][info][gc,task     ] GC(2280) Using 12 workers
[408.052s][info][gc,ref      ] GC(2280) Clearing All SoftReferences
[408.052s][info][gc,phases   ] GC(2280) Pause Mark Start 0.041ms
[408.063s][info][gc          ] Allocation Stall (Executor task launch worker for task 38.0 in stage 87.0 (TID 1450)) 0.068ms
[408.063s][info][gc          ] Allocation Stall (Executor task launch worker for task 21.0 in stage 87.0 (TID 1436)) 0.154ms
[408.082s][info][gc,phases   ] GC(2280) Concurrent Mark 22.331ms
[408.082s][info][gc,phases   ] GC(2280) Pause Mark End 0.019ms
[408.083s][info][gc,phases   ] GC(2280) Concurrent Mark Free 0.001ms
[408.085s][info][gc,phases   ] GC(2280) Concurrent Process Non-Strong References 2.686ms
[408.085s][info][gc,phases   ] GC(2280) Concurrent Reset Relocation Set 0.006ms
[408.085s][info][gc          ] Allocation Stall (Executor task launch worker for task 9.0 in stage 87.0 (TID 1428)) 21.686ms
[408.085s][info][gc          ] Allocation Stall (Executor task launch worker for task 35.0 in stage 87.0 (TID 1464)) 21.724ms
[408.085s][info][gc          ] Allocation Stall (Executor task launch worker for task 37.0 in stage 87.0 (TID 1449)) 21.567ms
[408.085s][info][gc          ] Allocation Stall (Executor task launch worker for task 2.0 in stage 87.0 (TID 1422)) 21.535ms
[408.085s][info][gc          ] Allocation Stall (Executor task launch worker for task 8.0 in stage 87.0 (TID 1427)) 22.328ms
[408.085s][info][gc          ] Allocation Stall (Executor task launch worker for task 23.0 in stage 87.0 (TID 1438)) 21.674ms
[408.085s][info][gc          ] Allocation Stall (Executor task launch worker for task 21.0 in stage 87.0 (TID 1436)) 21.572ms
[408.086s][info][gc          ] Allocation Stall (Executor task launch worker for task 47.0 in stage 87.0 (TID 1455)) 21.933ms
[408.086s][info][gc          ] Allocation Stall (Executor task launch worker for task 33.0 in stage 87.0 (TID 1446)) 22.315ms
[408.086s][info][gc          ] Allocation Stall (Executor task launch worker for task 39.0 in stage 87.0 (TID 1451)) 21.666ms
[408.086s][info][gc          ] Allocation Stall (Executor task launch worker for task 46.0 in stage 87.0 (TID 1468)) 21.700ms
[408.086s][info][gc          ] Allocation Stall (Executor task launch worker for task 17.0 in stage 87.0 (TID 1434)) 21.933ms
[408.086s][info][gc          ] Allocation Stall (Executor task launch worker for task 10.0 in stage 87.0 (TID 1429)) 21.906ms
[408.086s][info][gc          ] Allocation Stall (Executor task launch worker for task 0.0 in stage 87.0 (TID 1456)) 21.586ms
[408.086s][info][gc          ] Allocation Stall (Executor task launch worker for task 22.0 in stage 87.0 (TID 1437)) 21.617ms
[408.086s][info][gc          ] Allocation Stall (Executor task launch worker for task 24.0 in stage 87.0 (TID 1462)) 22.317ms
[408.086s][info][gc          ] Allocation Stall (Executor task launch worker for task 43.0 in stage 87.0 (TID 1454)) 21.577ms
[408.086s][info][gc          ] Allocation Stall (Executor task launch worker for task 38.0 in stage 87.0 (TID 1450)) 21.747ms
[408.086s][info][gc          ] Allocation Stall (Executor task launch worker for task 36.0 in stage 87.0 (TID 1448)) 21.576ms
[408.086s][info][gc          ] Allocation Stall (Executor task launch worker for task 13.0 in stage 87.0 (TID 1431)) 21.933ms
[408.086s][info][gc          ] Allocation Stall (Executor task launch worker for task 18.0 in stage 87.0 (TID 1435)) 21.627ms
[408.086s][info][gc          ] Allocation Stall (Executor task launch worker for task 25.0 in stage 87.0 (TID 1439)) 21.880ms
[408.086s][info][gc          ] Allocation Stall (Executor task launch worker for task 7.0 in stage 87.0 (TID 1426)) 21.870ms
[408.086s][info][gc          ] Allocation Stall (Executor task launch worker for task 14.0 in stage 87.0 (TID 1459)) 22.302ms
[408.086s][info][gc          ] Allocation Stall (RemoteBlock-temp-file-clean-thread) 18.762ms
[408.086s][info][gc          ] Allocation Stall (Executor task launch worker for task 4.0 in stage 87.0 (TID 1423)) 21.956ms
[408.086s][info][gc          ] Allocation Stall (Executor task launch worker for task 19.0 in stage 87.0 (TID 1460)) 21.930ms
[408.086s][info][gc          ] Allocation Stall (Executor task launch worker for task 5.0 in stage 87.0 (TID 1424)) 21.627ms
[408.086s][info][gc          ] Allocation Stall (Executor task launch worker for task 40.0 in stage 87.0 (TID 1452)) 21.971ms
[408.086s][info][gc          ] Allocation Stall (Executor task launch worker for task 15.0 in stage 87.0 (TID 1432)) 22.052ms
[408.086s][info][gc          ] Allocation Stall (Executor task launch worker for task 6.0 in stage 87.0 (TID 1425)) 22.040ms
[408.086s][info][gc          ] Allocation Stall (Executor task launch worker for task 34.0 in stage 87.0 (TID 1447)) 22.060ms
[408.086s][info][gc          ] Allocation Stall (Executor task launch worker for task 42.0 in stage 87.0 (TID 1465)) 22.081ms
[408.086s][info][gc          ] Allocation Stall (Executor task launch worker for task 32.0 in stage 87.0 (TID 1445)) 22.064ms
[408.086s][info][gc          ] Allocation Stall (Executor task launch worker for task 1.0 in stage 87.0 (TID 1421)) 22.223ms
[408.086s][info][gc          ] Allocation Stall (Executor task launch worker for task 12.0 in stage 87.0 (TID 1430)) 22.094ms
[408.086s][info][gc          ] Allocation Stall (Executor task launch worker for task 31.0 in stage 87.0 (TID 1444)) 22.113ms
[408.086s][info][gc          ] Allocation Stall (Executor task launch worker for task 11.0 in stage 87.0 (TID 1458)) 22.141ms
[408.086s][info][gc          ] Allocation Stall (Executor task launch worker for task 3.0 in stage 87.0 (TID 1457)) 22.123ms
[408.086s][info][gc          ] Allocation Stall (Executor task launch worker for task 28.0 in stage 87.0 (TID 1442)) 22.171ms
[408.086s][info][gc          ] Allocation Stall (Executor task launch worker for task 27.0 in stage 87.0 (TID 1441)) 22.193ms
[408.086s][info][gc          ] Allocation Stall (Executor task launch worker for task 26.0 in stage 87.0 (TID 1440)) 22.183ms
[408.086s][info][gc          ] Allocation Stall (Executor task launch worker for task 44.0 in stage 87.0 (TID 1466)) 22.244ms
[408.086s][info][gc          ] Allocation Stall (Executor task launch worker for task 16.0 in stage 87.0 (TID 1433)) 22.239ms
[408.086s][info][gc          ] Allocation Stall (Executor task launch worker for task 29.0 in stage 87.0 (TID 1443)) 22.257ms
[408.086s][info][gc          ] Allocation Stall (Executor task launch worker for task 20.0 in stage 87.0 (TID 1461)) 22.273ms
[408.086s][info][gc          ] Allocation Stall (Executor task launch worker for task 30.0 in stage 87.0 (TID 1463)) 22.263ms
[408.086s][info][gc          ] Allocation Stall (Executor task launch worker for task 41.0 in stage 87.0 (TID 1453)) 22.290ms
[408.086s][info][gc          ] Allocation Stall (Executor task launch worker for task 45.0 in stage 87.0 (TID 1467)) 22.348ms
[408.106s][info][gc,phases   ] GC(2280) Concurrent Select Relocation Set 20.814ms
[408.107s][info][gc,phases   ] GC(2280) Pause Relocate Start 0.008ms
[408.111s][info][gc,phases   ] GC(2280) Concurrent Relocate 4.015ms
[408.111s][info][gc,load     ] GC(2280) Load: 0.00/0.00/0.00
[408.111s][info][gc,mmu      ] GC(2280) MMU: 2ms/86.2%, 5ms/94.5%, 10ms/97.2%, 20ms/98.6%, 50ms/99.4%, 100ms/99.6%
[408.111s][info][gc,marking  ] GC(2280) Mark: 8 stripe(s), 2 proactive flush(es), 1 terminate flush(es), 0 completion(s), 0 continuation(s) 
[408.111s][info][gc,marking  ] GC(2280) Mark Stack Usage: 32M
[408.111s][info][gc,nmethod  ] GC(2280) NMethods: 8187 registered, 1385 unregistered
[408.111s][info][gc,metaspace] GC(2280) Metaspace: 120M used, 123M committed, 1152M reserved
[408.111s][info][gc,ref      ] GC(2280) Soft: 2877 encountered, 865 discovered, 0 enqueued
[408.111s][info][gc,ref      ] GC(2280) Weak: 14361 encountered, 1580 discovered, 0 enqueued
[408.111s][info][gc,ref      ] GC(2280) Final: 84 encountered, 0 discovered, 0 enqueued
[408.112s][info][gc,ref      ] GC(2280) Phantom: 764 encountered, 558 discovered, 0 enqueued
[408.112s][info][gc,reloc    ] GC(2280) Small Pages: 314 / 628M, Empty: 428M, Relocated: 3M, In-Place: 0
[408.112s][info][gc,reloc    ] GC(2280) Medium Pages: 36 / 1152M, Empty: 64M, Relocated: 0M, In-Place: 0
[408.112s][info][gc,reloc    ] GC(2280) Large Pages: 13 / 104M, Empty: 0M, Relocated: 0M, In-Place: 0
[408.112s][info][gc,reloc    ] GC(2280) Forwarding Usage: 0M
[408.112s][info][gc,heap     ] GC(2280) Min Capacity: 8M(0%)
[408.112s][info][gc,heap     ] GC(2280) Max Capacity: 2048M(100%)
[408.112s][info][gc,heap     ] GC(2280) Soft Max Capacity: 2048M(100%)
[408.112s][info][gc,heap     ] GC(2280)                Mark Start          Mark End        Relocate Start      Relocate End           High               Low         
[408.112s][info][gc,heap     ] GC(2280)  Capacity:     2048M (100%)       2048M (100%)       2048M (100%)       2048M (100%)       2048M (100%)       2048M (100%)   
[408.112s][info][gc,heap     ] GC(2280)      Free:      164M (8%)            0M (0%)          196M (10%)         250M (12%)         336M (16%)           0M (0%)     
[408.112s][info][gc,heap     ] GC(2280)      Used:     1884M (92%)        2048M (100%)       1852M (90%)        1798M (88%)        2048M (100%)       1712M (84%)    
[408.112s][info][gc,heap     ] GC(2280)      Live:         -              1128M (55%)        1128M (55%)        1128M (55%)            -                  -          
[408.112s][info][gc,heap     ] GC(2280) Allocated:         -               164M (8%)          460M (22%)         511M (25%)            -                  -          
[408.112s][info][gc,heap     ] GC(2280)   Garbage:         -               755M (37%)         263M (13%)         157M (8%)             -                  -          
[408.112s][info][gc,heap     ] GC(2280) Reclaimed:         -                  -               492M (24%)         597M (29%)            -                  -          
[408.112s][info][gc          ] GC(2280) Garbage Collection (Allocation Stall) 1884M(92%)->1798M(88%)
[408.126s][info][gc,start    ] GC(2281) Garbage Collection (Allocation Stall)
[408.126s][info][gc,ref      ] GC(2281) Clearing All SoftReferences
[408.126s][info][gc,task     ] GC(2281) Using 12 workers
[408.129s][info][gc,ref      ] GC(2281) Clearing All SoftReferences
[408.129s][info][gc,phases   ] GC(2281) Pause Mark Start 0.038ms
[408.129s][info][gc          ] Allocation Stall (Executor task launch worker for task 46.0 in stage 87.0 (TID 1468)) 3.845ms
[408.129s][info][gc          ] Allocation Stall (Executor task launch worker for task 43.0 in stage 87.0 (TID 1454)) 3.824ms
[408.129s][info][gc          ] Allocation Stall (Executor task launch worker for task 31.0 in stage 87.0 (TID 1444)) 3.842ms
[408.129s][info][gc          ] Allocation Stall (Executor task launch worker for task 11.0 in stage 87.0 (TID 1458)) 3.832ms
[408.129s][info][gc          ] Allocation Stall (Executor task launch worker for task 5.0 in stage 87.0 (TID 1424)) 3.845ms
[408.129s][info][gc          ] Allocation Stall (Executor task launch worker for task 13.0 in stage 87.0 (TID 1431)) 3.860ms
[408.129s][info][gc          ] Allocation Stall (Executor task launch worker for task 0.0 in stage 87.0 (TID 1456)) 3.845ms
[408.129s][info][gc          ] Allocation Stall (Executor task launch worker for task 30.0 in stage 87.0 (TID 1463)) 3.845ms
[408.129s][info][gc          ] Allocation Stall (Executor task launch worker for task 6.0 in stage 87.0 (TID 1425)) 3.840ms
[408.129s][info][gc          ] Allocation Stall (Executor task launch worker for task 18.0 in stage 87.0 (TID 1435)) 3.848ms
[408.129s][info][gc          ] Allocation Stall (Executor task launch worker for task 33.0 in stage 87.0 (TID 1446)) 3.840ms
[408.129s][info][gc          ] Allocation Stall (Executor task launch worker for task 45.0 in stage 87.0 (TID 1467)) 3.828ms
[408.129s][info][gc          ] Allocation Stall (Executor task launch worker for task 19.0 in stage 87.0 (TID 1460)) 3.842ms
[408.129s][info][gc          ] Allocation Stall (Executor task launch worker for task 9.0 in stage 87.0 (TID 1428)) 3.873ms
[408.160s][info][gc,phases   ] GC(2281) Concurrent Mark 31.061ms
[408.161s][info][gc,phases   ] GC(2281) Pause Mark End 0.022ms
[408.161s][info][gc,phases   ] GC(2281) Concurrent Mark Free 0.001ms
[408.163s][info][gc,phases   ] GC(2281) Concurrent Process Non-Strong References 2.295ms
[408.163s][info][gc,phases   ] GC(2281) Concurrent Reset Relocation Set 0.006ms
[408.163s][info][gc          ] Allocation Stall (Executor task launch worker for task 36.0 in stage 87.0 (TID 1448)) 5.223ms
[408.163s][info][gc          ] Allocation Stall (Executor task launch worker for task 12.0 in stage 87.0 (TID 1430)) 5.791ms
[408.163s][info][gc          ] Allocation Stall (Executor task launch worker for task 6.0 in stage 87.0 (TID 1425)) 5.469ms
[408.163s][info][gc          ] Allocation Stall (Executor task launch worker for task 28.0 in stage 87.0 (TID 1442)) 5.449ms
[408.163s][info][gc          ] Allocation Stall (Executor task launch worker for task 18.0 in stage 87.0 (TID 1435)) 6.602ms
[408.163s][info][gc          ] Allocation Stall (Executor task launch worker for task 43.0 in stage 87.0 (TID 1454)) 6.374ms
[408.163s][info][gc          ] Allocation Stall (Executor task launch worker for task 13.0 in stage 87.0 (TID 1431)) 5.184ms
[408.163s][info][gc          ] Allocation Stall (Executor task launch worker for task 10.0 in stage 87.0 (TID 1429)) 6.482ms
[408.163s][info][gc          ] Allocation Stall (Executor task launch worker for task 45.0 in stage 87.0 (TID 1467)) 7.555ms
[408.163s][info][gc          ] Allocation Stall (Executor task launch worker for task 46.0 in stage 87.0 (TID 1468)) 5.293ms
[408.163s][info][gc          ] Allocation Stall (Executor task launch worker for task 19.0 in stage 87.0 (TID 1460)) 9.387ms
[408.163s][info][gc          ] Allocation Stall (Executor task launch worker for task 22.0 in stage 87.0 (TID 1437)) 7.582ms
[408.163s][info][gc          ] Allocation Stall (Executor task launch worker for task 47.0 in stage 87.0 (TID 1455)) 7.541ms
[408.163s][info][gc          ] Allocation Stall (Executor task launch worker for task 1.0 in stage 87.0 (TID 1421)) 8.669ms
[408.163s][info][gc          ] Allocation Stall (Executor task launch worker for task 30.0 in stage 87.0 (TID 1463)) 7.594ms
[408.163s][info][gc          ] Allocation Stall (Executor task launch worker for task 4.0 in stage 87.0 (TID 1423)) 9.475ms
[408.163s][info][gc          ] Allocation Stall (Executor task launch worker for task 17.0 in stage 87.0 (TID 1434)) 6.268ms
[408.163s][info][gc          ] Allocation Stall (Executor task launch worker for task 15.0 in stage 87.0 (TID 1432)) 9.261ms
[408.163s][info][gc          ] Allocation Stall (Executor task launch worker for task 37.0 in stage 87.0 (TID 1449)) 8.725ms
[408.163s][info][gc          ] Allocation Stall (Executor task launch worker for task 33.0 in stage 87.0 (TID 1446)) 5.373ms
[408.163s][info][gc          ] Allocation Stall (Executor task launch worker for task 39.0 in stage 87.0 (TID 1451)) 7.572ms
[408.163s][info][gc          ] Allocation Stall (Executor task launch worker for task 38.0 in stage 87.0 (TID 1450)) 9.369ms
[408.163s][info][gc          ] Allocation Stall (Executor task launch worker for task 9.0 in stage 87.0 (TID 1428)) 5.277ms
[408.163s][info][gc          ] Allocation Stall (Executor task launch worker for task 2.0 in stage 87.0 (TID 1422)) 8.194ms
[408.163s][info][gc          ] Allocation Stall (Executor task launch worker for task 23.0 in stage 87.0 (TID 1438)) 5.728ms
[408.163s][info][gc          ] Allocation Stall (Executor task launch worker for task 21.0 in stage 87.0 (TID 1436)) 7.782ms
[408.163s][info][gc          ] Allocation Stall (Executor task launch worker for task 25.0 in stage 87.0 (TID 1439)) 7.680ms
[408.163s][info][gc          ] Allocation Stall (Executor task launch worker for task 16.0 in stage 87.0 (TID 1433)) 7.418ms
[408.163s][info][gc          ] Allocation Stall (Executor task launch worker for task 41.0 in stage 87.0 (TID 1453)) 7.949ms
[408.163s][info][gc          ] Allocation Stall (Executor task launch worker for task 8.0 in stage 87.0 (TID 1427)) 7.869ms
[408.163s][info][gc          ] Allocation Stall (Executor task launch worker for task 20.0 in stage 87.0 (TID 1461)) 6.499ms
[408.163s][info][gc          ] Allocation Stall (Executor task launch worker for task 29.0 in stage 87.0 (TID 1443)) 7.930ms
[408.163s][info][gc          ] Allocation Stall (Executor task launch worker for task 0.0 in stage 87.0 (TID 1456)) 8.145ms
[408.163s][info][gc          ] Allocation Stall (Executor task launch worker for task 35.0 in stage 87.0 (TID 1464)) 9.227ms
[408.163s][info][gc          ] Allocation Stall (Spark Context Cleaner) 2.732ms
[408.163s][info][gc          ] Allocation Stall (Executor task launch worker for task 3.0 in stage 87.0 (TID 1457)) 17.163ms
[408.163s][info][gc          ] Allocation Stall (Executor task launch worker for task 27.0 in stage 87.0 (TID 1441)) 5.518ms
[408.163s][info][gc          ] Allocation Stall (Executor task launch worker for task 31.0 in stage 87.0 (TID 1444)) 7.737ms
[408.163s][info][gc          ] Allocation Stall (Executor task launch worker for task 32.0 in stage 87.0 (TID 1445)) 7.594ms
[408.163s][info][gc          ] Allocation Stall (Executor task launch worker for task 11.0 in stage 87.0 (TID 1458)) 9.252ms
[408.163s][info][gc          ] Allocation Stall (Executor task launch worker for task 40.0 in stage 87.0 (TID 1452)) 6.881ms
[408.163s][info][gc          ] Allocation Stall (Executor task launch worker for task 42.0 in stage 87.0 (TID 1465)) 6.972ms
[408.163s][info][gc          ] Allocation Stall (Executor task launch worker for task 24.0 in stage 87.0 (TID 1462)) 7.167ms
[408.163s][info][gc          ] Allocation Stall (Executor task launch worker for task 44.0 in stage 87.0 (TID 1466)) 6.251ms
[408.163s][info][gc          ] Allocation Stall (Executor task launch worker for task 26.0 in stage 87.0 (TID 1440)) 8.000ms
[408.163s][info][gc          ] Allocation Stall (Executor task launch worker for task 5.0 in stage 87.0 (TID 1424)) 5.906ms
[408.163s][info][gc          ] Allocation Stall (Executor task launch worker for task 14.0 in stage 87.0 (TID 1459)) 5.509ms
[408.163s][info][gc          ] Allocation Stall (Executor task launch worker for task 7.0 in stage 87.0 (TID 1426)) 5.516ms
[408.163s][info][gc          ] Allocation Stall (Executor task launch worker for task 34.0 in stage 87.0 (TID 1447)) 5.705ms
[408.166s][info][gc,phases   ] GC(2281) Concurrent Select Relocation Set 3.478ms
[408.176s][info][gc,phases   ] GC(2281) Pause Relocate Start 0.007ms
[408.215s][info][gc,phases   ] GC(2281) Concurrent Relocate 4.331ms
[408.215s][info][gc,load     ] GC(2281) Load: 0.00/0.00/0.00
[408.215s][info][gc,mmu      ] GC(2281) MMU: 2ms/86.2%, 5ms/94.5%, 10ms/97.2%, 20ms/98.6%, 50ms/99.4%, 100ms/99.6%
[408.215s][info][gc,marking  ] GC(2281) Mark: 8 stripe(s), 2 proactive flush(es), 1 terminate flush(es), 0 completion(s), 0 continuation(s) 
[408.215s][info][gc,marking  ] GC(2281) Mark Stack Usage: 32M
[408.215s][info][gc,nmethod  ] GC(2281) NMethods: 8187 registered, 1385 unregistered
[408.215s][info][gc,metaspace] GC(2281) Metaspace: 120M used, 123M committed, 1152M reserved
[408.215s][info][gc,ref      ] GC(2281) Soft: 2877 encountered, 306 discovered, 0 enqueued
[408.215s][info][gc,ref      ] GC(2281) Weak: 14361 encountered, 5089 discovered, 0 enqueued
[408.215s][info][gc,ref      ] GC(2281) Final: 84 encountered, 0 discovered, 0 enqueued
[408.215s][info][gc,ref      ] GC(2281) Phantom: 764 encountered, 588 discovered, 0 enqueued
[408.215s][info][gc,reloc    ] GC(2281) Small Pages: 400 / 800M, Empty: 634M, Relocated: 3M, In-Place: 0
[408.215s][info][gc,reloc    ] GC(2281) Medium Pages: 34 / 1088M, Empty: 0M, Relocated: 0M, In-Place: 0
[408.215s][info][gc,reloc    ] GC(2281) Large Pages: 13 / 104M, Empty: 0M, Relocated: 0M, In-Place: 0
[408.215s][info][gc,reloc    ] GC(2281) Forwarding Usage: 0M
[408.215s][info][gc,heap     ] GC(2281) Min Capacity: 8M(0%)
[408.215s][info][gc,heap     ] GC(2281) Max Capacity: 2048M(100%)
[408.215s][info][gc,heap     ] GC(2281) Soft Max Capacity: 2048M(100%)
[408.215s][info][gc,heap     ] GC(2281)                Mark Start          Mark End        Relocate Start      Relocate End           High               Low         
[408.215s][info][gc,heap     ] GC(2281)  Capacity:     2048M (100%)       2048M (100%)       2048M (100%)       2048M (100%)       2048M (100%)       2048M (100%)   
[408.215s][info][gc,heap     ] GC(2281)      Free:       28M (1%)            0M (0%)          572M (28%)          46M (2%)          572M (28%)           0M (0%)     
[408.215s][info][gc,heap     ] GC(2281)      Used:     2020M (99%)        2048M (100%)       1476M (72%)        2002M (98%)        2048M (100%)       1476M (72%)    
[408.215s][info][gc,heap     ] GC(2281)      Live:         -              1128M (55%)        1128M (55%)        1128M (55%)            -                  -          
[408.215s][info][gc,heap     ] GC(2281) Allocated:         -                28M (1%)           90M (4%)          686M (34%)            -                  -          
[408.215s][info][gc,heap     ] GC(2281)   Garbage:         -               891M (44%)         257M (13%)         187M (9%)             -                  -          
[408.215s][info][gc,heap     ] GC(2281) Reclaimed:         -                  -               634M (31%)         704M (34%)            -                  -          
[408.215s][info][gc          ] GC(2281) Garbage Collection (Allocation Stall) 2020M(99%)->2002M(98%)
[408.226s][info][gc,start    ] GC(2282) Garbage Collection (Allocation Stall)
[408.226s][info][gc,ref      ] GC(2282) Clearing All SoftReferences
[408.226s][info][gc,task     ] GC(2282) Using 12 workers
[408.239s][info][gc,ref      ] GC(2282) Clearing All SoftReferences
[408.239s][info][gc,phases   ] GC(2282) Pause Mark Start 0.047ms
[408.239s][info][gc          ] Allocation Stall (Executor task launch worker for task 6.0 in stage 87.0 (TID 1425)) 13.023ms
[408.239s][info][gc          ] Allocation Stall (Executor task launch worker for task 47.0 in stage 87.0 (TID 1455)) 12.975ms
[408.239s][info][gc          ] Allocation Stall (Executor task launch worker for task 15.0 in stage 87.0 (TID 1432)) 13.108ms
[408.239s][info][gc          ] Allocation Stall (Executor task launch worker for task 21.0 in stage 87.0 (TID 1436)) 13.395ms
[408.239s][info][gc          ] Allocation Stall (Executor task launch worker for task 31.0 in stage 87.0 (TID 1444)) 13.125ms
[408.242s][info][gc          ] Allocation Stall (Executor task launch worker for task 18.0 in stage 87.0 (TID 1435)) 2.495ms
[408.242s][info][gc          ] Allocation Stall (Executor task launch worker for task 32.0 in stage 87.0 (TID 1445)) 2.544ms
[408.242s][info][gc          ] Allocation Stall (Executor task launch worker for task 8.0 in stage 87.0 (TID 1427)) 2.585ms
[408.242s][info][gc          ] Allocation Stall (Executor task launch worker for task 7.0 in stage 87.0 (TID 1426)) 2.619ms
[408.242s][info][gc          ] Allocation Stall (Executor task launch worker for task 34.0 in stage 87.0 (TID 1447)) 2.657ms
[408.267s][info][gc          ] Allocation Stall (Executor task launch worker for task 45.0 in stage 87.0 (TID 1467)) 3.410ms
[408.335s][info][gc,phases   ] GC(2282) Concurrent Mark 95.991ms
[408.335s][info][gc,phases   ] GC(2282) Pause Mark End 0.034ms
[408.335s][info][gc,phases   ] GC(2282) Concurrent Mark Free 0.001ms
[408.339s][info][gc,phases   ] GC(2282) Concurrent Process Non-Strong References 4.056ms
[408.339s][info][gc,phases   ] GC(2282) Concurrent Reset Relocation Set 0.006ms
[408.339s][info][gc          ] Allocation Stall (Executor task launch worker for task 8.0 in stage 87.0 (TID 1427)) 62.910ms
[408.339s][info][gc          ] Allocation Stall (Executor task launch worker for task 9.0 in stage 87.0 (TID 1428)) 60.226ms
[408.339s][info][gc          ] Allocation Stall (Executor task launch worker for task 14.0 in stage 87.0 (TID 1459)) 29.098ms
[408.339s][info][gc          ] Allocation Stall (Executor task launch worker for task 25.0 in stage 87.0 (TID 1439)) 60.166ms
[408.339s][info][gc          ] Allocation Stall (Executor task launch worker for task 45.0 in stage 87.0 (TID 1467)) 27.497ms
[408.339s][info][gc          ] Allocation Stall (Executor task launch worker for task 26.0 in stage 87.0 (TID 1440)) 62.613ms
[408.339s][info][gc          ] Allocation Stall (Executor task launch worker for task 36.0 in stage 87.0 (TID 1448)) 60.453ms
[408.339s][info][gc          ] Allocation Stall (Executor task launch worker for task 35.0 in stage 87.0 (TID 1464)) 29.313ms
[408.339s][info][gc          ] Allocation Stall (Executor task launch worker for task 6.0 in stage 87.0 (TID 1425)) 62.454ms
[408.340s][info][gc          ] Allocation Stall (Executor task launch worker for task 19.0 in stage 87.0 (TID 1460)) 31.366ms
[408.340s][info][gc          ] Allocation Stall (Executor task launch worker for task 39.0 in stage 87.0 (TID 1451)) 63.839ms
[408.340s][info][gc          ] Allocation Stall (Executor task launch worker for task 24.0 in stage 87.0 (TID 1462)) 29.730ms
[408.340s][info][gc          ] Allocation Stall (Executor task launch worker for task 32.0 in stage 87.0 (TID 1445)) 61.854ms
[408.340s][info][gc          ] Allocation Stall (Executor task launch worker for task 44.0 in stage 87.0 (TID 1466)) 30.716ms
[408.340s][info][gc          ] Allocation Stall (Executor task launch worker for task 0.0 in stage 87.0 (TID 1456)) 28.923ms
[408.340s][info][gc          ] Allocation Stall (Executor task launch worker for task 20.0 in stage 87.0 (TID 1461)) 60.501ms
[408.340s][info][gc          ] Allocation Stall (Executor task launch worker for task 4.0 in stage 87.0 (TID 1423)) 60.858ms
[408.340s][info][gc          ] Allocation Stall (Executor task launch worker for task 7.0 in stage 87.0 (TID 1426)) 62.728ms
[408.340s][info][gc          ] Allocation Stall (Executor task launch worker for task 17.0 in stage 87.0 (TID 1434)) 61.358ms
[408.340s][info][gc          ] Allocation Stall (Executor task launch worker for task 46.0 in stage 87.0 (TID 1468)) 30.997ms
[408.340s][info][gc          ] Allocation Stall (Executor task launch worker for task 41.0 in stage 87.0 (TID 1453)) 60.180ms
[408.340s][info][gc          ] Allocation Stall (Executor task launch worker for task 47.0 in stage 87.0 (TID 1455)) 61.957ms
[408.340s][info][gc          ] Allocation Stall (Executor task launch worker for task 38.0 in stage 87.0 (TID 1450)) 61.718ms
[408.340s][info][gc          ] Allocation Stall (Executor task launch worker for task 1.0 in stage 87.0 (TID 1421)) 60.480ms
[408.340s][info][gc          ] Allocation Stall (Executor task launch worker for task 40.0 in stage 87.0 (TID 1452)) 51.808ms
[408.340s][info][gc          ] Allocation Stall (Executor task launch worker for task 22.0 in stage 87.0 (TID 1437)) 62.215ms
[408.340s][info][gc          ] Allocation Stall (Executor task launch worker for task 2.0 in stage 87.0 (TID 1422)) 54.988ms
[408.340s][info][gc          ] Allocation Stall (Executor task launch worker for task 3.0 in stage 87.0 (TID 1457)) 39.837ms
[408.340s][info][gc          ] Allocation Stall (Executor task launch worker for task 12.0 in stage 87.0 (TID 1430)) 52.678ms
[408.340s][info][gc          ] Allocation Stall (Executor task launch worker for task 18.0 in stage 87.0 (TID 1435)) 60.678ms
[408.340s][info][gc          ] Allocation Stall (Executor task launch worker for task 16.0 in stage 87.0 (TID 1433)) 60.761ms
[408.340s][info][gc          ] Allocation Stall (Executor task launch worker for task 10.0 in stage 87.0 (TID 1429)) 52.437ms
[408.340s][info][gc          ] Allocation Stall (Executor task launch worker for task 15.0 in stage 87.0 (TID 1432)) 60.478ms
[408.340s][info][gc          ] Allocation Stall (Executor task launch worker for task 30.0 in stage 87.0 (TID 1463)) 30.522ms
[408.340s][info][gc          ] Allocation Stall (Executor task launch worker for task 21.0 in stage 87.0 (TID 1436)) 60.258ms
[408.340s][info][gc          ] Allocation Stall (Executor task launch worker for task 11.0 in stage 87.0 (TID 1458)) 29.111ms
[408.340s][info][gc          ] Allocation Stall (Executor task launch worker for task 29.0 in stage 87.0 (TID 1443)) 63.473ms
[408.340s][info][gc          ] Allocation Stall (Executor task launch worker for task 42.0 in stage 87.0 (TID 1465)) 32.389ms
[408.340s][info][gc          ] Allocation Stall (Executor task launch worker for task 5.0 in stage 87.0 (TID 1424)) 61.116ms
[408.340s][info][gc          ] Allocation Stall (Executor task launch worker for task 27.0 in stage 87.0 (TID 1441)) 64.578ms
[408.340s][info][gc          ] Allocation Stall (Executor task launch worker for task 23.0 in stage 87.0 (TID 1438)) 60.523ms
[408.340s][info][gc          ] Allocation Stall (Executor task launch worker for task 34.0 in stage 87.0 (TID 1447)) 62.027ms
[408.340s][info][gc          ] Allocation Stall (Executor task launch worker for task 33.0 in stage 87.0 (TID 1446)) 62.605ms
[408.340s][info][gc          ] Allocation Stall (Executor task launch worker for task 28.0 in stage 87.0 (TID 1442)) 63.185ms
[408.340s][info][gc          ] Allocation Stall (Executor task launch worker for task 31.0 in stage 87.0 (TID 1444)) 64.675ms
[408.340s][info][gc          ] Allocation Stall (Executor task launch worker for task 13.0 in stage 87.0 (TID 1431)) 64.597ms
[408.340s][info][gc          ] Allocation Stall (Executor task launch worker for task 37.0 in stage 87.0 (TID 1449)) 60.671ms
[408.340s][info][gc          ] Allocation Stall (Executor task launch worker for task 43.0 in stage 87.0 (TID 1454)) 62.845ms
[408.379s][info][gc,phases   ] GC(2282) Concurrent Select Relocation Set 39.460ms
[408.397s][info][gc,phases   ] GC(2282) Pause Relocate Start 0.009ms
[408.484s][info][gc,phases   ] GC(2282) Concurrent Relocate 72.831ms
[408.484s][info][gc,load     ] GC(2282) Load: 0.00/0.00/0.00
[408.484s][info][gc,mmu      ] GC(2282) MMU: 2ms/86.2%, 5ms/94.5%, 10ms/97.2%, 20ms/98.6%, 50ms/99.4%, 100ms/99.6%
[408.484s][info][gc,marking  ] GC(2282) Mark: 8 stripe(s), 3 proactive flush(es), 1 terminate flush(es), 0 completion(s), 0 continuation(s) 
[408.484s][info][gc,marking  ] GC(2282) Mark Stack Usage: 32M
[408.484s][info][gc,nmethod  ] GC(2282) NMethods: 8187 registered, 1385 unregistered
[408.484s][info][gc,metaspace] GC(2282) Metaspace: 120M used, 123M committed, 1152M reserved
[408.484s][info][gc,ref      ] GC(2282) Soft: 2877 encountered, 754 discovered, 0 enqueued
[408.484s][info][gc,ref      ] GC(2282) Weak: 14362 encountered, 1386 discovered, 0 enqueued
[408.484s][info][gc,ref      ] GC(2282) Final: 84 encountered, 0 discovered, 0 enqueued
[408.484s][info][gc,ref      ] GC(2282) Phantom: 764 encountered, 560 discovered, 0 enqueued
[408.485s][info][gc,reloc    ] GC(2282) Small Pages: 364 / 728M, Empty: 516M, Relocated: 6M, In-Place: 0
[408.485s][info][gc,reloc    ] GC(2282) Medium Pages: 36 / 1152M, Empty: 0M, Relocated: 0M, In-Place: 0
[408.485s][info][gc,reloc    ] GC(2282) Large Pages: 13 / 104M, Empty: 0M, Relocated: 0M, In-Place: 0
[408.485s][info][gc,reloc    ] GC(2282) Forwarding Usage: 1M
[408.485s][info][gc,heap     ] GC(2282) Min Capacity: 8M(0%)
[408.485s][info][gc,heap     ] GC(2282) Max Capacity: 2048M(100%)
[408.485s][info][gc,heap     ] GC(2282) Soft Max Capacity: 2048M(100%)
[408.485s][info][gc,heap     ] GC(2282)                Mark Start          Mark End        Relocate Start      Relocate End           High               Low         
[408.485s][info][gc,heap     ] GC(2282)  Capacity:     2048M (100%)       2048M (100%)       2048M (100%)       2048M (100%)       2048M (100%)       2048M (100%)   
[408.485s][info][gc,heap     ] GC(2282)      Free:       54M (3%)            0M (0%)          296M (14%)         170M (8%)          448M (22%)           0M (0%)     
[408.485s][info][gc,heap     ] GC(2282)      Used:     1994M (97%)        2048M (100%)       1752M (86%)        1878M (92%)        2048M (100%)       1600M (78%)    
[408.485s][info][gc,heap     ] GC(2282)      Live:         -              1172M (57%)        1172M (57%)        1172M (57%)            -                  -          
[408.485s][info][gc,heap     ] GC(2282) Allocated:         -                54M (3%)          274M (13%)         522M (26%)            -                  -          
[408.485s][info][gc,heap     ] GC(2282)   Garbage:         -               821M (40%)         305M (15%)         183M (9%)             -                  -          
[408.485s][info][gc,heap     ] GC(2282) Reclaimed:         -                  -               516M (25%)         638M (31%)            -                  -          
[408.485s][info][gc          ] GC(2282) Garbage Collection (Allocation Stall) 1994M(97%)->1878M(92%)
[408.510s][info][gc          ] Allocation Stall (Executor task launch worker for task 0.0 in stage 87.0 (TID 1456)) 0.011ms
[408.510s][info][gc          ] Allocation Stall (Executor task launch worker for task 35.0 in stage 87.0 (TID 1464)) 0.014ms
[408.510s][info][gc,start    ] GC(2283) Garbage Collection (Allocation Stall)
[408.510s][info][gc          ] Allocation Stall (Executor task launch worker for task 44.0 in stage 87.0 (TID 1466)) 0.074ms
[408.510s][info][gc,ref      ] GC(2283) Clearing All SoftReferences
[408.510s][info][gc          ] Allocation Stall (Executor task launch worker for task 4.0 in stage 87.0 (TID 1423)) 0.193ms
[408.510s][info][gc,task     ] GC(2283) Using 12 workers
[408.510s][info][gc          ] Allocation Stall (Executor task launch worker for task 30.0 in stage 87.0 (TID 1463)) 0.257ms
[408.522s][info][gc,ref      ] GC(2283) Clearing All SoftReferences
[408.522s][info][gc,phases   ] GC(2283) Pause Mark Start 0.039ms
[408.522s][info][gc          ] Allocation Stall (Executor task launch worker for task 9.0 in stage 87.0 (TID 1428)) 12.364ms
[408.554s][info][gc,phases   ] GC(2283) Concurrent Mark 20.014ms
[408.554s][info][gc,phases   ] GC(2283) Pause Mark End 0.017ms
[408.554s][info][gc,phases   ] GC(2283) Concurrent Mark Free 0.000ms
[408.556s][info][gc,phases   ] GC(2283) Concurrent Process Non-Strong References 2.409ms
[408.556s][info][gc,phases   ] GC(2283) Concurrent Reset Relocation Set 0.009ms
[408.556s][info][gc          ] Allocation Stall (Executor task launch worker for task 3.0 in stage 87.0 (TID 1457)) 20.387ms
[408.556s][info][gc          ] Allocation Stall (Executor task launch worker for task 40.0 in stage 87.0 (TID 1452)) 20.077ms
[408.556s][info][gc          ] Allocation Stall (Executor task launch worker for task 15.0 in stage 87.0 (TID 1432)) 19.730ms
[408.556s][info][gc          ] Allocation Stall (Executor task launch worker for task 39.0 in stage 87.0 (TID 1451)) 20.331ms
[408.556s][info][gc          ] Allocation Stall (Executor task launch worker for task 41.0 in stage 87.0 (TID 1453)) 20.187ms
[408.556s][info][gc          ] Allocation Stall (Executor task launch worker for task 11.0 in stage 87.0 (TID 1458)) 20.004ms
[408.556s][info][gc          ] Allocation Stall (Executor task launch worker for task 5.0 in stage 87.0 (TID 1424)) 20.503ms
[408.556s][info][gc          ] Allocation Stall (Executor task launch worker for task 36.0 in stage 87.0 (TID 1448)) 19.744ms
[408.556s][info][gc          ] Allocation Stall (Executor task launch worker for task 8.0 in stage 87.0 (TID 1427)) 20.693ms
[408.556s][info][gc          ] Allocation Stall (Executor task launch worker for task 20.0 in stage 87.0 (TID 1461)) 16.048ms
[408.556s][info][gc          ] Allocation Stall (Executor task launch worker for task 30.0 in stage 87.0 (TID 1463)) 19.831ms
[408.556s][info][gc          ] Allocation Stall (Executor task launch worker for task 22.0 in stage 87.0 (TID 1437)) 20.728ms
[408.556s][info][gc          ] Allocation Stall (Executor task launch worker for task 9.0 in stage 87.0 (TID 1428)) 21.241ms
[408.556s][info][gc          ] Allocation Stall (Executor task launch worker for task 7.0 in stage 87.0 (TID 1426)) 21.372ms
[408.556s][info][gc          ] Allocation Stall (Executor task launch worker for task 19.0 in stage 87.0 (TID 1460)) 20.337ms
[408.556s][info][gc          ] Allocation Stall (Executor task launch worker for task 6.0 in stage 87.0 (TID 1425)) 19.628ms
[408.556s][info][gc          ] Allocation Stall (Executor task launch worker for task 25.0 in stage 87.0 (TID 1439)) 21.321ms
[408.556s][info][gc          ] Allocation Stall (Executor task launch worker for task 31.0 in stage 87.0 (TID 1444)) 19.766ms
[408.556s][info][gc          ] Allocation Stall (Executor task launch worker for task 24.0 in stage 87.0 (TID 1462)) 20.426ms
[408.556s][info][gc          ] Allocation Stall (Executor task launch worker for task 14.0 in stage 87.0 (TID 1459)) 19.917ms
[408.556s][info][gc          ] Allocation Stall (Executor task launch worker for task 47.0 in stage 87.0 (TID 1455)) 22.897ms
[408.556s][info][gc          ] Allocation Stall (Executor task launch worker for task 35.0 in stage 87.0 (TID 1464)) 19.931ms
[408.556s][info][gc          ] Allocation Stall (Executor task launch worker for task 21.0 in stage 87.0 (TID 1436)) 19.738ms
[408.556s][info][gc          ] Allocation Stall (Executor task launch worker for task 0.0 in stage 87.0 (TID 1456)) 21.552ms
[408.556s][info][gc          ] Allocation Stall (Executor task launch worker for task 1.0 in stage 87.0 (TID 1421)) 19.843ms
[408.556s][info][gc          ] Allocation Stall (Executor task launch worker for task 2.0 in stage 87.0 (TID 1422)) 20.950ms
[408.556s][info][gc          ] Allocation Stall (Executor task launch worker for task 45.0 in stage 87.0 (TID 1467)) 21.722ms
[408.556s][info][gc          ] Allocation Stall (Executor task launch worker for task 17.0 in stage 87.0 (TID 1434)) 20.830ms
[408.556s][info][gc          ] Allocation Stall (Executor task launch worker for task 18.0 in stage 87.0 (TID 1435)) 20.979ms
[408.556s][info][gc          ] Allocation Stall (Executor task launch worker for task 16.0 in stage 87.0 (TID 1433)) 21.616ms
[408.556s][info][gc          ] Allocation Stall (Executor task launch worker for task 37.0 in stage 87.0 (TID 1449)) 20.105ms
[408.556s][info][gc          ] Allocation Stall (Executor task launch worker for task 4.0 in stage 87.0 (TID 1423)) 20.871ms
[408.556s][info][gc          ] Allocation Stall (Executor task launch worker for task 12.0 in stage 87.0 (TID 1430)) 19.792ms
[408.556s][info][gc          ] Allocation Stall (Executor task launch worker for task 28.0 in stage 87.0 (TID 1442)) 21.600ms
[408.556s][info][gc          ] Allocation Stall (Executor task launch worker for task 43.0 in stage 87.0 (TID 1454)) 20.792ms
[408.556s][info][gc          ] Allocation Stall (Executor task launch worker for task 44.0 in stage 87.0 (TID 1466)) 19.960ms
[408.556s][info][gc          ] Allocation Stall (Executor task launch worker for task 32.0 in stage 87.0 (TID 1445)) 21.444ms
[408.556s][info][gc          ] Allocation Stall (Executor task launch worker for task 46.0 in stage 87.0 (TID 1468)) 22.478ms
[408.556s][info][gc          ] Allocation Stall (Executor task launch worker for task 42.0 in stage 87.0 (TID 1465)) 20.674ms
[408.556s][info][gc          ] Allocation Stall (Executor task launch worker for task 33.0 in stage 87.0 (TID 1446)) 20.459ms
[408.556s][info][gc          ] Allocation Stall (Executor task launch worker for task 27.0 in stage 87.0 (TID 1441)) 19.724ms
[408.556s][info][gc          ] Allocation Stall (Executor task launch worker for task 26.0 in stage 87.0 (TID 1440)) 19.762ms
[408.556s][info][gc          ] Allocation Stall (Executor task launch worker for task 13.0 in stage 87.0 (TID 1431)) 20.665ms
[408.556s][info][gc          ] Allocation Stall (Executor task launch worker for task 34.0 in stage 87.0 (TID 1447)) 21.100ms
[408.556s][info][gc          ] Allocation Stall (Executor task launch worker for task 38.0 in stage 87.0 (TID 1450)) 19.755ms
[408.556s][info][gc          ] Allocation Stall (Executor task launch worker for task 29.0 in stage 87.0 (TID 1443)) 21.506ms
[408.556s][info][gc          ] Allocation Stall (Executor task launch worker for task 23.0 in stage 87.0 (TID 1438)) 20.712ms
[408.556s][info][gc          ] Allocation Stall (Executor task launch worker for task 10.0 in stage 87.0 (TID 1429)) 19.991ms
[408.560s][info][gc,phases   ] GC(2283) Concurrent Select Relocation Set 4.101ms
[408.569s][info][gc,phases   ] GC(2283) Pause Relocate Start 0.008ms
[408.572s][info][gc,phases   ] GC(2283) Concurrent Relocate 3.001ms
[408.573s][info][gc,load     ] GC(2283) Load: 0.00/0.00/0.00
[408.573s][info][gc,mmu      ] GC(2283) MMU: 2ms/86.2%, 5ms/94.5%, 10ms/97.2%, 20ms/98.6%, 50ms/99.4%, 100ms/99.6%
[408.573s][info][gc,marking  ] GC(2283) Mark: 8 stripe(s), 2 proactive flush(es), 1 terminate flush(es), 0 completion(s), 0 continuation(s) 
[408.573s][info][gc,marking  ] GC(2283) Mark Stack Usage: 32M
[408.573s][info][gc,nmethod  ] GC(2283) NMethods: 8187 registered, 1385 unregistered
[408.573s][info][gc,metaspace] GC(2283) Metaspace: 120M used, 123M committed, 1152M reserved
[408.573s][info][gc,ref      ] GC(2283) Soft: 2877 encountered, 594 discovered, 0 enqueued
[408.573s][info][gc,ref      ] GC(2283) Weak: 14364 encountered, 2695 discovered, 1 enqueued
[408.573s][info][gc,ref      ] GC(2283) Final: 84 encountered, 47 discovered, 0 enqueued
[408.573s][info][gc,ref      ] GC(2283) Phantom: 764 encountered, 607 discovered, 0 enqueued
[408.573s][info][gc,reloc    ] GC(2283) Small Pages: 351 / 702M, Empty: 526M, Relocated: 6M, In-Place: 0
[408.573s][info][gc,reloc    ] GC(2283) Medium Pages: 38 / 1216M, Empty: 64M, Relocated: 0M, In-Place: 0
[408.573s][info][gc,reloc    ] GC(2283) Large Pages: 13 / 104M, Empty: 96M, Relocated: 0M, In-Place: 0
[408.573s][info][gc,reloc    ] GC(2283) Forwarding Usage: 0M
[408.573s][info][gc,heap     ] GC(2283) Min Capacity: 8M(0%)
[408.573s][info][gc,heap     ] GC(2283) Max Capacity: 2048M(100%)
[408.573s][info][gc,heap     ] GC(2283) Soft Max Capacity: 2048M(100%)
[408.573s][info][gc,heap     ] GC(2283)                Mark Start          Mark End        Relocate Start      Relocate End           High               Low         
[408.573s][info][gc,heap     ] GC(2283)  Capacity:     2048M (100%)       2048M (100%)       2048M (100%)       2048M (100%)       2048M (100%)       2048M (100%)   
[408.573s][info][gc,heap     ] GC(2283)      Free:       24M (1%)            0M (0%)          628M (31%)         684M (33%)         702M (34%)           0M (0%)     
[408.573s][info][gc,heap     ] GC(2283)      Used:     2024M (99%)        2048M (100%)       1420M (69%)        1364M (67%)        2048M (100%)       1346M (66%)    
[408.573s][info][gc,heap     ] GC(2283)      Live:         -              1087M (53%)        1087M (53%)        1087M (53%)            -                  -          
[408.573s][info][gc,heap     ] GC(2283) Allocated:         -                24M (1%)           82M (4%)          109M (5%)             -                  -          
[408.573s][info][gc,heap     ] GC(2283)   Garbage:         -               936M (46%)         250M (12%)         166M (8%)             -                  -          
[408.573s][info][gc,heap     ] GC(2283) Reclaimed:         -                  -               686M (33%)         769M (38%)            -                  -          
[408.573s][info][gc          ] GC(2283) Garbage Collection (Allocation Stall) 2024M(99%)->1364M(67%)
[408.647s][info][gc,start    ] GC(2284) Garbage Collection (Allocation Stall)
[408.647s][info][gc,ref      ] GC(2284) Clearing All SoftReferences
[408.647s][info][gc,task     ] GC(2284) Using 12 workers
[408.662s][info][gc,ref      ] GC(2284) Clearing All SoftReferences
[408.662s][info][gc,phases   ] GC(2284) Pause Mark Start 0.070ms
[408.696s][info][gc          ] Allocation Stall (Executor task launch worker for task 21.0 in stage 87.0 (TID 1436)) 3.390ms
[408.698s][info][gc          ] Allocation Stall (Executor task launch worker for task 17.0 in stage 87.0 (TID 1434)) 6.047ms
[408.698s][info][gc          ] Allocation Stall (Executor task launch worker for task 25.0 in stage 87.0 (TID 1439)) 5.757ms
[408.698s][info][gc          ] Allocation Stall (Executor task launch worker for task 18.0 in stage 87.0 (TID 1435)) 5.792ms
[408.698s][info][gc          ] Allocation Stall (Executor task launch worker for task 45.0 in stage 87.0 (TID 1467)) 5.566ms
[408.698s][info][gc          ] Allocation Stall (Executor task launch worker for task 24.0 in stage 87.0 (TID 1462)) 5.547ms
[408.699s][info][gc          ] Allocation Stall (Executor task launch worker for task 0.0 in stage 87.0 (TID 1456)) 5.545ms
[408.699s][info][gc          ] Allocation Stall (Executor task launch worker for task 5.0 in stage 87.0 (TID 1424)) 4.951ms
[408.699s][info][gc          ] Allocation Stall (Executor task launch worker for task 10.0 in stage 87.0 (TID 1429)) 4.944ms
[408.699s][info][gc          ] Allocation Stall (Executor task launch worker for task 43.0 in stage 87.0 (TID 1454)) 4.806ms
[408.699s][info][gc          ] Allocation Stall (Executor task launch worker for task 38.0 in stage 87.0 (TID 1450)) 5.341ms
[408.699s][info][gc          ] Allocation Stall (Executor task launch worker for task 1.0 in stage 87.0 (TID 1421)) 5.315ms
[408.699s][info][gc          ] Allocation Stall (Executor task launch worker for task 30.0 in stage 87.0 (TID 1463)) 5.356ms
[408.699s][info][gc          ] Allocation Stall (Executor task launch worker for task 28.0 in stage 87.0 (TID 1442)) 5.378ms
[408.699s][info][gc          ] Allocation Stall (Executor task launch worker for task 9.0 in stage 87.0 (TID 1428)) 5.383ms
[408.700s][info][gc          ] Allocation Stall (Executor task launch worker for task 7.0 in stage 87.0 (TID 1426)) 6.046ms
[408.700s][info][gc          ] Allocation Stall (Executor task launch worker for task 26.0 in stage 87.0 (TID 1440)) 6.047ms
[408.700s][info][gc          ] Allocation Stall (Executor task launch worker for task 14.0 in stage 87.0 (TID 1459)) 6.038ms
[408.700s][info][gc          ] Allocation Stall (Executor task launch worker for task 8.0 in stage 87.0 (TID 1427)) 6.043ms
[408.700s][info][gc          ] Allocation Stall (Executor task launch worker for task 3.0 in stage 87.0 (TID 1457)) 6.048ms
[408.700s][info][gc          ] Allocation Stall (Executor task launch worker for task 6.0 in stage 87.0 (TID 1425)) 5.970ms
[408.701s][info][gc          ] Allocation Stall (Executor task launch worker for task 16.0 in stage 87.0 (TID 1433)) 6.880ms
[408.704s][info][gc          ] Allocation Stall (Executor task launch worker for task 12.0 in stage 87.0 (TID 1430)) 9.274ms
[408.704s][info][gc          ] Allocation Stall (Executor task launch worker for task 39.0 in stage 87.0 (TID 1451)) 6.331ms
[408.704s][info][gc          ] Allocation Stall (Executor task launch worker for task 11.0 in stage 87.0 (TID 1458)) 1.861ms
[408.705s][info][gc          ] Allocation Stall (Executor task launch worker for task 13.0 in stage 87.0 (TID 1431)) 10.072ms
[408.710s][info][gc          ] Allocation Stall (Executor task launch worker for task 35.0 in stage 87.0 (TID 1464)) 6.623ms
[408.710s][info][gc          ] Allocation Stall (Executor task launch worker for task 10.0 in stage 87.0 (TID 1429)) 6.661ms
[408.710s][info][gc          ] Allocation Stall (Executor task launch worker for task 15.0 in stage 87.0 (TID 1432)) 6.397ms
[408.710s][info][gc          ] Allocation Stall (Executor task launch worker for task 30.0 in stage 87.0 (TID 1463)) 5.886ms
[408.711s][info][gc          ] Allocation Stall (Executor task launch worker for task 21.0 in stage 87.0 (TID 1436)) 5.314ms
[408.711s][info][gc          ] Allocation Stall (Executor task launch worker for task 23.0 in stage 87.0 (TID 1438)) 5.227ms
[408.711s][info][gc          ] Allocation Stall (Executor task launch worker for task 14.0 in stage 87.0 (TID 1459)) 5.199ms
[408.711s][info][gc          ] Allocation Stall (Executor task launch worker for task 26.0 in stage 87.0 (TID 1440)) 5.117ms
[408.711s][info][gc          ] Allocation Stall (Executor task launch worker for task 8.0 in stage 87.0 (TID 1427)) 3.833ms
[408.711s][info][gc          ] Allocation Stall (Executor task launch worker for task 24.0 in stage 87.0 (TID 1462)) 3.257ms
[408.711s][info][gc          ] Allocation Stall (Executor task launch worker for task 39.0 in stage 87.0 (TID 1451)) 3.270ms
[408.711s][info][gc          ] Allocation Stall (Executor task launch worker for task 32.0 in stage 87.0 (TID 1445)) 2.729ms
[408.711s][info][gc          ] Allocation Stall (Executor task launch worker for task 19.0 in stage 87.0 (TID 1460)) 2.397ms
[408.711s][info][gc          ] Allocation Stall (Executor task launch worker for task 33.0 in stage 87.0 (TID 1446)) 2.220ms
[408.711s][info][gc          ] Allocation Stall (Executor task launch worker for task 2.0 in stage 87.0 (TID 1422)) 1.744ms
[408.740s][info][gc,phases   ] GC(2284) Concurrent Mark 51.159ms
[408.741s][info][gc,phases   ] GC(2284) Pause Mark End 0.025ms
[408.741s][info][gc,phases   ] GC(2284) Concurrent Mark Free 0.001ms
[408.744s][info][gc,phases   ] GC(2284) Concurrent Process Non-Strong References 3.179ms
[408.744s][info][gc,phases   ] GC(2284) Concurrent Reset Relocation Set 0.008ms
[408.744s][info][gc          ] Allocation Stall (Executor task launch worker for task 15.0 in stage 87.0 (TID 1432)) 28.542ms
[408.744s][info][gc          ] Allocation Stall (Executor task launch worker for task 30.0 in stage 87.0 (TID 1463)) 28.658ms
[408.744s][info][gc          ] Allocation Stall (Executor task launch worker for task 18.0 in stage 87.0 (TID 1435)) 29.080ms
[408.744s][info][gc          ] Allocation Stall (Executor task launch worker for task 34.0 in stage 87.0 (TID 1447)) 28.526ms
[408.744s][info][gc          ] Allocation Stall (Executor task launch worker for task 28.0 in stage 87.0 (TID 1442)) 31.533ms
[408.744s][info][gc          ] Allocation Stall (Executor task launch worker for task 7.0 in stage 87.0 (TID 1426)) 31.669ms
[408.744s][info][gc          ] Allocation Stall (Executor task launch worker for task 33.0 in stage 87.0 (TID 1446)) 28.460ms
[408.744s][info][gc          ] Allocation Stall (Executor task launch worker for task 29.0 in stage 87.0 (TID 1443)) 28.527ms
[408.744s][info][gc          ] Allocation Stall (Executor task launch worker for task 45.0 in stage 87.0 (TID 1467)) 30.643ms
[408.744s][info][gc          ] Allocation Stall (Executor task launch worker for task 4.0 in stage 87.0 (TID 1423)) 29.531ms
[408.744s][info][gc          ] Allocation Stall (Executor task launch worker for task 38.0 in stage 87.0 (TID 1450)) 32.179ms
[408.744s][info][gc          ] Allocation Stall (Executor task launch worker for task 1.0 in stage 87.0 (TID 1421)) 31.780ms
[408.744s][info][gc          ] Allocation Stall (Executor task launch worker for task 27.0 in stage 87.0 (TID 1441)) 28.770ms
[408.744s][info][gc          ] Allocation Stall (Executor task launch worker for task 11.0 in stage 87.0 (TID 1458)) 28.900ms
[408.744s][info][gc          ] Allocation Stall (Executor task launch worker for task 0.0 in stage 87.0 (TID 1456)) 29.095ms
[408.744s][info][gc          ] Allocation Stall (Executor task launch worker for task 42.0 in stage 87.0 (TID 1465)) 31.778ms
[408.744s][info][gc          ] Allocation Stall (Executor task launch worker for task 26.0 in stage 87.0 (TID 1440)) 28.646ms
[408.744s][info][gc          ] Allocation Stall (Executor task launch worker for task 36.0 in stage 87.0 (TID 1448)) 32.105ms
[408.744s][info][gc          ] Allocation Stall (Spark Context Cleaner) 3.648ms
[408.744s][info][gc          ] Allocation Stall (Executor task launch worker for task 17.0 in stage 87.0 (TID 1434)) 28.644ms
[408.744s][info][gc          ] Allocation Stall (Executor task launch worker for task 37.0 in stage 87.0 (TID 1449)) 31.878ms
[408.744s][info][gc          ] Allocation Stall (Executor task launch worker for task 20.0 in stage 87.0 (TID 1461)) 28.712ms
[408.744s][info][gc          ] Allocation Stall (Executor task launch worker for task 5.0 in stage 87.0 (TID 1424)) 29.770ms
[408.744s][info][gc          ] Allocation Stall (Executor task launch worker for task 10.0 in stage 87.0 (TID 1429)) 28.702ms
[408.744s][info][gc          ] Allocation Stall (Executor task launch worker for task 12.0 in stage 87.0 (TID 1430)) 28.907ms
[408.744s][info][gc          ] Allocation Stall (Executor task launch worker for task 6.0 in stage 87.0 (TID 1425)) 29.990ms
[408.744s][info][gc          ] Allocation Stall (Executor task launch worker for task 25.0 in stage 87.0 (TID 1439)) 32.151ms
[408.744s][info][gc          ] Allocation Stall (Executor task launch worker for task 47.0 in stage 87.0 (TID 1455)) 31.842ms
[408.744s][info][gc          ] Allocation Stall (Executor task launch worker for task 32.0 in stage 87.0 (TID 1445)) 28.669ms
[408.744s][info][gc          ] Allocation Stall (Executor task launch worker for task 14.0 in stage 87.0 (TID 1459)) 28.603ms
[408.744s][info][gc          ] Allocation Stall (Executor task launch worker for task 2.0 in stage 87.0 (TID 1422)) 29.257ms
[408.744s][info][gc          ] Allocation Stall (Executor task launch worker for task 19.0 in stage 87.0 (TID 1460)) 28.535ms
[408.744s][info][gc          ] Allocation Stall (Executor task launch worker for task 9.0 in stage 87.0 (TID 1428)) 32.292ms
[408.744s][info][gc          ] Allocation Stall (Executor task launch worker for task 40.0 in stage 87.0 (TID 1452)) 28.759ms
[408.744s][info][gc          ] Allocation Stall (Executor task launch worker for task 44.0 in stage 87.0 (TID 1466)) 34.811ms
[408.744s][info][gc          ] Allocation Stall (Executor task launch worker for task 39.0 in stage 87.0 (TID 1451)) 28.519ms
[408.744s][info][gc          ] Allocation Stall (Executor task launch worker for task 31.0 in stage 87.0 (TID 1444)) 34.476ms
[408.744s][info][gc          ] Allocation Stall (Executor task launch worker for task 8.0 in stage 87.0 (TID 1427)) 28.540ms
[408.744s][info][gc          ] Allocation Stall (Executor task launch worker for task 16.0 in stage 87.0 (TID 1433)) 34.193ms
[408.744s][info][gc          ] Allocation Stall (Executor task launch worker for task 43.0 in stage 87.0 (TID 1454)) 29.444ms
[408.744s][info][gc          ] Allocation Stall (Executor task launch worker for task 3.0 in stage 87.0 (TID 1457)) 31.844ms
[408.744s][info][gc          ] Allocation Stall (Executor task launch worker for task 24.0 in stage 87.0 (TID 1462)) 28.574ms
[408.744s][info][gc          ] Allocation Stall (Executor task launch worker for task 23.0 in stage 87.0 (TID 1438)) 28.700ms
[408.744s][info][gc          ] Allocation Stall (Executor task launch worker for task 46.0 in stage 87.0 (TID 1468)) 30.503ms
[408.744s][info][gc          ] Allocation Stall (Executor task launch worker for task 21.0 in stage 87.0 (TID 1436)) 28.615ms
[408.744s][info][gc          ] Allocation Stall (Executor task launch worker for task 22.0 in stage 87.0 (TID 1437)) 28.628ms
[408.744s][info][gc          ] Allocation Stall (Executor task launch worker for task 41.0 in stage 87.0 (TID 1453)) 28.716ms
[408.744s][info][gc          ] Allocation Stall (Executor task launch worker for task 13.0 in stage 87.0 (TID 1431)) 31.763ms
[408.744s][info][gc          ] Allocation Stall (Executor task launch worker for task 35.0 in stage 87.0 (TID 1464)) 29.048ms
[408.750s][info][gc,phases   ] GC(2284) Concurrent Select Relocation Set 5.962ms
[408.750s][info][gc,phases   ] GC(2284) Pause Relocate Start 0.012ms
[408.817s][info][gc          ] Allocation Stall (Executor task launch worker for task 8.0 in stage 87.0 (TID 1427)) 0.477ms
[408.817s][info][gc          ] Allocation Stall (Executor task launch worker for task 38.0 in stage 87.0 (TID 1450)) 0.547ms
[408.817s][info][gc          ] Allocation Stall (Executor task launch worker for task 15.0 in stage 87.0 (TID 1432)) 0.592ms
[408.817s][info][gc          ] Allocation Stall (Executor task launch worker for task 39.0 in stage 87.0 (TID 1451)) 0.631ms
[408.818s][info][gc          ] Allocation Stall (Executor task launch worker for task 29.0 in stage 87.0 (TID 1443)) 0.675ms
[408.818s][info][gc          ] Allocation Stall (Executor task launch worker for task 26.0 in stage 87.0 (TID 1440)) 0.715ms
[408.818s][info][gc          ] Allocation Stall (Executor task launch worker for task 19.0 in stage 87.0 (TID 1460)) 0.760ms
[408.818s][info][gc          ] Allocation Stall (Executor task launch worker for task 17.0 in stage 87.0 (TID 1434)) 0.811ms
[408.822s][info][gc          ] Allocation Stall (Executor task launch worker for task 9.0 in stage 87.0 (TID 1428)) 5.301ms
[408.822s][info][gc          ] Allocation Stall (Executor task launch worker for task 2.0 in stage 87.0 (TID 1422)) 5.333ms
[408.822s][info][gc          ] Allocation Stall (Executor task launch worker for task 12.0 in stage 87.0 (TID 1430)) 5.366ms
[408.822s][info][gc          ] Allocation Stall (Executor task launch worker for task 33.0 in stage 87.0 (TID 1446)) 5.415ms
[408.822s][info][gc          ] Allocation Stall (Executor task launch worker for task 1.0 in stage 87.0 (TID 1421)) 5.459ms
[408.822s][info][gc          ] Allocation Stall (Executor task launch worker for task 6.0 in stage 87.0 (TID 1425)) 5.495ms
[408.823s][info][gc          ] Allocation Stall (Executor task launch worker for task 35.0 in stage 87.0 (TID 1464)) 5.944ms
[408.823s][info][gc          ] Allocation Stall (Executor task launch worker for task 23.0 in stage 87.0 (TID 1438)) 6.142ms
[408.823s][info][gc          ] Allocation Stall (Executor task launch worker for task 0.0 in stage 87.0 (TID 1456)) 6.179ms
[408.823s][info][gc          ] Allocation Stall (Executor task launch worker for task 10.0 in stage 87.0 (TID 1429)) 6.232ms
[408.823s][info][gc          ] Allocation Stall (Executor task launch worker for task 14.0 in stage 87.0 (TID 1459)) 6.275ms
[408.823s][info][gc          ] Allocation Stall (Executor task launch worker for task 24.0 in stage 87.0 (TID 1462)) 6.338ms
[408.823s][info][gc          ] Allocation Stall (Executor task launch worker for task 30.0 in stage 87.0 (TID 1463)) 6.379ms
[408.823s][info][gc          ] Allocation Stall (Executor task launch worker for task 16.0 in stage 87.0 (TID 1433)) 6.420ms
[408.824s][info][gc          ] Allocation Stall (Executor task launch worker for task 4.0 in stage 87.0 (TID 1423)) 6.689ms
[408.824s][info][gc          ] Allocation Stall (Executor task launch worker for task 34.0 in stage 87.0 (TID 1447)) 6.743ms
[408.824s][info][gc          ] Allocation Stall (Executor task launch worker for task 36.0 in stage 87.0 (TID 1448)) 3.295ms
[408.824s][info][gc          ] Allocation Stall (Executor task launch worker for task 8.0 in stage 87.0 (TID 1427)) 3.303ms
[408.824s][info][gc          ] Allocation Stall (Executor task launch worker for task 22.0 in stage 87.0 (TID 1437)) 3.070ms
[408.824s][info][gc          ] Allocation Stall (Executor task launch worker for task 15.0 in stage 87.0 (TID 1432)) 2.885ms
[408.824s][info][gc          ] Allocation Stall (Executor task launch worker for task 38.0 in stage 87.0 (TID 1450)) 2.900ms
[408.824s][info][gc          ] Allocation Stall (Executor task launch worker for task 7.0 in stage 87.0 (TID 1426)) 2.866ms
[408.824s][info][gc          ] Allocation Stall (Executor task launch worker for task 29.0 in stage 87.0 (TID 1443)) 2.902ms
[408.824s][info][gc          ] Allocation Stall (Executor task launch worker for task 17.0 in stage 87.0 (TID 1434)) 2.828ms
[408.824s][info][gc          ] Allocation Stall (Executor task launch worker for task 26.0 in stage 87.0 (TID 1440)) 2.824ms
[408.824s][info][gc          ] Allocation Stall (Executor task launch worker for task 39.0 in stage 87.0 (TID 1451)) 2.840ms
[408.824s][info][gc          ] Allocation Stall (Executor task launch worker for task 44.0 in stage 87.0 (TID 1466)) 2.355ms
[408.825s][info][gc          ] Allocation Stall (Executor task launch worker for task 42.0 in stage 87.0 (TID 1465)) 2.797ms
[408.834s][info][gc          ] Allocation Stall (Executor task launch worker for task 46.0 in stage 87.0 (TID 1468)) 11.516ms
[408.834s][info][gc,phases   ] GC(2284) Concurrent Relocate 83.112ms
[408.834s][info][gc,load     ] GC(2284) Load: 0.00/0.00/0.00
[408.834s][info][gc,mmu      ] GC(2284) MMU: 2ms/86.2%, 5ms/94.5%, 10ms/97.2%, 20ms/98.6%, 50ms/99.4%, 100ms/99.6%
[408.834s][info][gc,marking  ] GC(2284) Mark: 8 stripe(s), 2 proactive flush(es), 1 terminate flush(es), 0 completion(s), 0 continuation(s) 
[408.834s][info][gc,marking  ] GC(2284) Mark Stack Usage: 32M
[408.834s][info][gc,nmethod  ] GC(2284) NMethods: 8187 registered, 1385 unregistered
[408.834s][info][gc,metaspace] GC(2284) Metaspace: 120M used, 123M committed, 1152M reserved
[408.834s][info][gc,ref      ] GC(2284) Soft: 2877 encountered, 267 discovered, 0 enqueued
[408.834s][info][gc,ref      ] GC(2284) Weak: 14361 encountered, 1207 discovered, 1 enqueued
[408.834s][info][gc,ref      ] GC(2284) Final: 84 encountered, 3 discovered, 0 enqueued
[408.834s][info][gc,ref      ] GC(2284) Phantom: 764 encountered, 483 discovered, 0 enqueued
[408.834s][info][gc,reloc    ] GC(2284) Small Pages: 366 / 732M, Empty: 562M, Relocated: 3M, In-Place: 0
[408.834s][info][gc,reloc    ] GC(2284) Medium Pages: 37 / 1184M, Empty: 0M, Relocated: 54M, In-Place: 1
[408.834s][info][gc,reloc    ] GC(2284) Large Pages: 1 / 8M, Empty: 8M, Relocated: 0M, In-Place: 0
[408.834s][info][gc,reloc    ] GC(2284) Forwarding Usage: 0M
[408.834s][info][gc,heap     ] GC(2284) Min Capacity: 8M(0%)
[408.834s][info][gc,heap     ] GC(2284) Max Capacity: 2048M(100%)
[408.834s][info][gc,heap     ] GC(2284) Soft Max Capacity: 2048M(100%)
[408.834s][info][gc,heap     ] GC(2284)                Mark Start          Mark End        Relocate Start      Relocate End           High               Low         
[408.834s][info][gc,heap     ] GC(2284)  Capacity:     2048M (100%)       2048M (100%)       2048M (100%)       2048M (100%)       2048M (100%)       2048M (100%)   
[408.834s][info][gc,heap     ] GC(2284)      Free:      124M (6%)            0M (0%)          506M (25%)           0M (0%)          548M (27%)           0M (0%)     
[408.834s][info][gc,heap     ] GC(2284)      Used:     1924M (94%)        2048M (100%)       1542M (75%)        2048M (100%)       2048M (100%)       1500M (73%)    
[408.834s][info][gc,heap     ] GC(2284)      Live:         -              1083M (53%)        1083M (53%)        1083M (53%)            -                  -          
[408.834s][info][gc,heap     ] GC(2284) Allocated:         -               124M (6%)          188M (9%)          793M (39%)            -                  -          
[408.834s][info][gc,heap     ] GC(2284)   Garbage:         -               840M (41%)         270M (13%)         170M (8%)             -                  -          
[408.834s][info][gc,heap     ] GC(2284) Reclaimed:         -                  -               570M (28%)         669M (33%)            -                  -          
[408.834s][info][gc          ] GC(2284) Garbage Collection (Allocation Stall) 1924M(94%)->2048M(100%)
[408.834s][info][gc,start    ] GC(2285) Garbage Collection (Allocation Stall)
[408.834s][info][gc,ref      ] GC(2285) Clearing All SoftReferences
[408.834s][info][gc,task     ] GC(2285) Using 12 workers
[408.834s][info][gc,ref      ] GC(2285) Clearing All SoftReferences
[408.834s][info][gc,phases   ] GC(2285) Pause Mark Start 0.036ms
[408.850s][info][gc,phases   ] GC(2285) Concurrent Mark 15.200ms
[408.850s][info][gc,phases   ] GC(2285) Pause Mark End 0.016ms
[408.850s][info][gc,phases   ] GC(2285) Concurrent Mark Free 0.001ms
[408.852s][info][gc,phases   ] GC(2285) Concurrent Process Non-Strong References 2.280ms
[408.852s][info][gc,phases   ] GC(2285) Concurrent Reset Relocation Set 0.005ms
[408.852s][info][gc          ] Allocation Stall (Executor task launch worker for task 24.0 in stage 87.0 (TID 1462)) 17.696ms
[408.852s][info][gc          ] Allocation Stall (Executor task launch worker for task 19.0 in stage 87.0 (TID 1460)) 17.645ms
[408.852s][info][gc          ] Allocation Stall (Executor task launch worker for task 20.0 in stage 87.0 (TID 1461)) 17.650ms
[408.852s][info][gc          ] Allocation Stall (Executor task launch worker for task 2.0 in stage 87.0 (TID 1422)) 17.635ms
[408.852s][info][gc          ] Allocation Stall (Executor task launch worker for task 17.0 in stage 87.0 (TID 1434)) 17.669ms
[408.852s][info][gc          ] Allocation Stall (Executor task launch worker for task 43.0 in stage 87.0 (TID 1454)) 17.638ms
[408.852s][info][gc          ] Allocation Stall (Executor task launch worker for task 1.0 in stage 87.0 (TID 1421)) 17.655ms
[408.852s][info][gc          ] Allocation Stall (Executor task launch worker for task 8.0 in stage 87.0 (TID 1427)) 17.645ms
[408.852s][info][gc          ] Allocation Stall (Executor task launch worker for task 14.0 in stage 87.0 (TID 1459)) 17.675ms
[408.852s][info][gc          ] Allocation Stall (Executor task launch worker for task 11.0 in stage 87.0 (TID 1458)) 17.659ms
[408.852s][info][gc          ] Allocation Stall (Executor task launch worker for task 3.0 in stage 87.0 (TID 1457)) 17.651ms
[408.852s][info][gc          ] Allocation Stall (Executor task launch worker for task 39.0 in stage 87.0 (TID 1451)) 18.847ms
[408.852s][info][gc          ] Allocation Stall (Executor task launch worker for task 26.0 in stage 87.0 (TID 1440)) 17.672ms
[408.852s][info][gc          ] Allocation Stall (Spark Context Cleaner) 2.675ms
[408.852s][info][gc          ] Allocation Stall (Executor task launch worker for task 40.0 in stage 87.0 (TID 1452)) 18.773ms
[408.852s][info][gc          ] Allocation Stall (Executor task launch worker for task 38.0 in stage 87.0 (TID 1450)) 17.668ms
[408.852s][info][gc          ] Allocation Stall (Executor task launch worker for task 27.0 in stage 87.0 (TID 1441)) 17.682ms
[408.852s][info][gc          ] Allocation Stall (Executor task launch worker for task 7.0 in stage 87.0 (TID 1426)) 17.675ms
[408.852s][info][gc          ] Allocation Stall (Executor task launch worker for task 10.0 in stage 87.0 (TID 1429)) 17.675ms
[408.852s][info][gc          ] Allocation Stall (Executor task launch worker for task 5.0 in stage 87.0 (TID 1424)) 17.661ms
[408.852s][info][gc          ] Allocation Stall (Executor task launch worker for task 32.0 in stage 87.0 (TID 1445)) 17.700ms
[408.852s][info][gc          ] Allocation Stall (Executor task launch worker for task 18.0 in stage 87.0 (TID 1435)) 17.671ms
[408.852s][info][gc          ] Allocation Stall (Executor task launch worker for task 28.0 in stage 87.0 (TID 1442)) 17.726ms
[408.852s][info][gc          ] Allocation Stall (Executor task launch worker for task 22.0 in stage 87.0 (TID 1437)) 17.711ms
[408.852s][info][gc          ] Allocation Stall (Executor task launch worker for task 36.0 in stage 87.0 (TID 1448)) 17.731ms
[408.852s][info][gc          ] Allocation Stall (Executor task launch worker for task 16.0 in stage 87.0 (TID 1433)) 17.720ms
[408.852s][info][gc          ] Allocation Stall (Executor task launch worker for task 13.0 in stage 87.0 (TID 1431)) 17.738ms
[408.852s][info][gc          ] Allocation Stall (Executor task launch worker for task 46.0 in stage 87.0 (TID 1468)) 17.743ms
[408.852s][info][gc          ] Allocation Stall (Executor task launch worker for task 47.0 in stage 87.0 (TID 1455)) 17.746ms
[408.852s][info][gc          ] Allocation Stall (Executor task launch worker for task 30.0 in stage 87.0 (TID 1463)) 17.753ms
[408.852s][info][gc          ] Allocation Stall (Executor task launch worker for task 41.0 in stage 87.0 (TID 1453)) 17.758ms
[408.852s][info][gc          ] Allocation Stall (Executor task launch worker for task 23.0 in stage 87.0 (TID 1438)) 17.764ms
[408.852s][info][gc          ] Allocation Stall (Executor task launch worker for task 45.0 in stage 87.0 (TID 1467)) 17.759ms
[408.852s][info][gc          ] Allocation Stall (Executor task launch worker for task 34.0 in stage 87.0 (TID 1447)) 17.845ms
[408.852s][info][gc          ] Allocation Stall (Executor task launch worker for task 35.0 in stage 87.0 (TID 1464)) 17.776ms
[408.852s][info][gc          ] Allocation Stall (Executor task launch worker for task 29.0 in stage 87.0 (TID 1443)) 17.768ms
[408.852s][info][gc          ] Allocation Stall (Executor task launch worker for task 4.0 in stage 87.0 (TID 1423)) 17.810ms
[408.852s][info][gc          ] Allocation Stall (Executor task launch worker for task 31.0 in stage 87.0 (TID 1444)) 17.825ms
[408.852s][info][gc          ] Allocation Stall (Executor task launch worker for task 12.0 in stage 87.0 (TID 1430)) 17.838ms
[408.852s][info][gc          ] Allocation Stall (Executor task launch worker for task 44.0 in stage 87.0 (TID 1466)) 17.860ms
[408.852s][info][gc          ] Allocation Stall (Executor task launch worker for task 15.0 in stage 87.0 (TID 1432)) 17.849ms
[408.852s][info][gc          ] Allocation Stall (Executor task launch worker for task 0.0 in stage 87.0 (TID 1456)) 18.359ms
[408.852s][info][gc          ] Allocation Stall (Executor task launch worker for task 9.0 in stage 87.0 (TID 1428)) 17.930ms
[408.852s][info][gc          ] Allocation Stall (Executor task launch worker for task 6.0 in stage 87.0 (TID 1425)) 18.554ms
[408.852s][info][gc          ] Allocation Stall (Executor task launch worker for task 21.0 in stage 87.0 (TID 1436)) 18.764ms
[408.852s][info][gc          ] Allocation Stall (Executor task launch worker for task 37.0 in stage 87.0 (TID 1449)) 30.001ms
[408.852s][info][gc          ] Allocation Stall (Executor task launch worker for task 42.0 in stage 87.0 (TID 1465)) 20.787ms
[408.852s][info][gc          ] Allocation Stall (Executor task launch worker for task 33.0 in stage 87.0 (TID 1446)) 18.780ms
[408.852s][info][gc          ] Allocation Stall (Executor task launch worker for task 25.0 in stage 87.0 (TID 1439)) 18.824ms
[408.869s][info][gc,phases   ] GC(2285) Concurrent Select Relocation Set 16.680ms
[408.881s][info][gc,phases   ] GC(2285) Pause Relocate Start 0.008ms
[408.956s][info][gc,phases   ] GC(2285) Concurrent Relocate 75.052ms
[408.956s][info][gc,load     ] GC(2285) Load: 0.00/0.00/0.00
[408.956s][info][gc,mmu      ] GC(2285) MMU: 2ms/86.2%, 5ms/94.5%, 10ms/97.2%, 20ms/98.6%, 50ms/99.4%, 100ms/99.6%
[408.956s][info][gc,marking  ] GC(2285) Mark: 8 stripe(s), 2 proactive flush(es), 1 terminate flush(es), 0 completion(s), 0 continuation(s) 
[408.956s][info][gc,marking  ] GC(2285) Mark Stack Usage: 32M
[408.956s][info][gc,nmethod  ] GC(2285) NMethods: 8187 registered, 1385 unregistered
[408.956s][info][gc,metaspace] GC(2285) Metaspace: 120M used, 123M committed, 1152M reserved
[408.956s][info][gc,ref      ] GC(2285) Soft: 2877 encountered, 558 discovered, 0 enqueued
[408.957s][info][gc,ref      ] GC(2285) Weak: 14360 encountered, 1191 discovered, 2 enqueued
[408.957s][info][gc,ref      ] GC(2285) Final: 84 encountered, 0 discovered, 0 enqueued
[408.957s][info][gc,ref      ] GC(2285) Phantom: 764 encountered, 592 discovered, 0 enqueued
[408.957s][info][gc,reloc    ] GC(2285) Small Pages: 416 / 832M, Empty: 662M, Relocated: 3M, In-Place: 0
[408.957s][info][gc,reloc    ] GC(2285) Medium Pages: 38 / 1216M, Empty: 0M, Relocated: 13M, In-Place: 0
[408.957s][info][gc,reloc    ] GC(2285) Large Pages: 0 / 0M, Empty: 0M, Relocated: 0M, In-Place: 0
[408.957s][info][gc,reloc    ] GC(2285) Forwarding Usage: 0M
[408.957s][info][gc,heap     ] GC(2285) Min Capacity: 8M(0%)
[408.957s][info][gc,heap     ] GC(2285) Max Capacity: 2048M(100%)
[408.957s][info][gc,heap     ] GC(2285) Soft Max Capacity: 2048M(100%)
[408.957s][info][gc,heap     ] GC(2285)                Mark Start          Mark End        Relocate Start      Relocate End           High               Low         
[408.957s][info][gc,heap     ] GC(2285)  Capacity:     2048M (100%)       2048M (100%)       2048M (100%)       2048M (100%)       2048M (100%)       2048M (100%)   
[408.957s][info][gc,heap     ] GC(2285)      Free:        0M (0%)            0M (0%)          548M (27%)         152M (7%)          604M (29%)           0M (0%)     
[408.957s][info][gc,heap     ] GC(2285)      Used:     2048M (100%)       2048M (100%)       1500M (73%)        1896M (93%)        2048M (100%)       1444M (71%)    
[408.957s][info][gc,heap     ] GC(2285)      Live:         -              1092M (53%)        1092M (53%)        1092M (53%)            -                  -          
[408.957s][info][gc,heap     ] GC(2285) Allocated:         -                 0M (0%)          114M (6%)          620M (30%)            -                  -          
[408.957s][info][gc,heap     ] GC(2285)   Garbage:         -               955M (47%)         293M (14%)         183M (9%)             -                  -          
[408.957s][info][gc,heap     ] GC(2285) Reclaimed:         -                  -               662M (32%)         772M (38%)            -                  -          
[408.957s][info][gc          ] GC(2285) Garbage Collection (Allocation Stall) 2048M(100%)->1896M(93%)
[408.969s][info][gc,start    ] GC(2286) Garbage Collection (Allocation Stall)
[408.969s][info][gc,ref      ] GC(2286) Clearing All SoftReferences
[408.969s][info][gc,task     ] GC(2286) Using 12 workers
[408.975s][info][gc,ref      ] GC(2286) Clearing All SoftReferences
[408.975s][info][gc,phases   ] GC(2286) Pause Mark Start 0.038ms
[408.975s][info][gc          ] Allocation Stall (Executor task launch worker for task 23.0 in stage 87.0 (TID 1438)) 5.771ms
[408.975s][info][gc          ] Allocation Stall (Executor task launch worker for task 7.0 in stage 87.0 (TID 1426)) 5.724ms
[408.975s][info][gc          ] Allocation Stall (Executor task launch worker for task 43.0 in stage 87.0 (TID 1454)) 5.663ms
[408.975s][info][gc          ] Allocation Stall (Executor task launch worker for task 42.0 in stage 87.0 (TID 1465)) 5.704ms
[409.022s][info][gc,phases   ] GC(2286) Concurrent Mark 46.697ms
[409.022s][info][gc,phases   ] GC(2286) Pause Mark End 0.019ms
[409.022s][info][gc,phases   ] GC(2286) Concurrent Mark Free 0.001ms
[409.025s][info][gc,phases   ] GC(2286) Concurrent Process Non-Strong References 2.784ms
[409.025s][info][gc,phases   ] GC(2286) Concurrent Reset Relocation Set 0.006ms
[409.025s][info][gc          ] Allocation Stall (Executor task launch worker for task 21.0 in stage 87.0 (TID 1436)) 21.950ms
[409.025s][info][gc          ] Allocation Stall (Executor task launch worker for task 17.0 in stage 87.0 (TID 1434)) 22.333ms
[409.025s][info][gc          ] Allocation Stall (Executor task launch worker for task 13.0 in stage 87.0 (TID 1431)) 22.261ms
[409.025s][info][gc          ] Allocation Stall (Executor task launch worker for task 46.0 in stage 87.0 (TID 1468)) 22.199ms
[409.025s][info][gc          ] Allocation Stall (Executor task launch worker for task 26.0 in stage 87.0 (TID 1440)) 22.303ms
[409.025s][info][gc          ] Allocation Stall (Executor task launch worker for task 2.0 in stage 87.0 (TID 1422)) 21.807ms
[409.025s][info][gc          ] Allocation Stall (Executor task launch worker for task 36.0 in stage 87.0 (TID 1448)) 22.749ms
[409.025s][info][gc          ] Allocation Stall (Executor task launch worker for task 23.0 in stage 87.0 (TID 1438)) 22.256ms
[409.025s][info][gc          ] Allocation Stall (Executor task launch worker for task 11.0 in stage 87.0 (TID 1458)) 22.597ms
[409.025s][info][gc          ] Allocation Stall (Executor task launch worker for task 45.0 in stage 87.0 (TID 1467)) 21.416ms
[409.025s][info][gc          ] Allocation Stall (Executor task launch worker for task 4.0 in stage 87.0 (TID 1423)) 21.428ms
[409.025s][info][gc          ] Allocation Stall (Executor task launch worker for task 34.0 in stage 87.0 (TID 1447)) 22.046ms
[409.025s][info][gc          ] Allocation Stall (Executor task launch worker for task 47.0 in stage 87.0 (TID 1455)) 23.213ms
[409.025s][info][gc          ] Allocation Stall (Executor task launch worker for task 32.0 in stage 87.0 (TID 1445)) 21.188ms
[409.025s][info][gc          ] Allocation Stall (Executor task launch worker for task 7.0 in stage 87.0 (TID 1426)) 22.824ms
[409.025s][info][gc          ] Allocation Stall (Executor task launch worker for task 19.0 in stage 87.0 (TID 1460)) 23.146ms
[409.025s][info][gc          ] Allocation Stall (Executor task launch worker for task 42.0 in stage 87.0 (TID 1465)) 22.244ms
[409.025s][info][gc          ] Allocation Stall (Executor task launch worker for task 12.0 in stage 87.0 (TID 1430)) 23.246ms
[409.025s][info][gc          ] Allocation Stall (Executor task launch worker for task 40.0 in stage 87.0 (TID 1452)) 21.898ms
[409.025s][info][gc          ] Allocation Stall (Executor task launch worker for task 43.0 in stage 87.0 (TID 1454)) 23.047ms
[409.025s][info][gc          ] Allocation Stall (Executor task launch worker for task 8.0 in stage 87.0 (TID 1427)) 23.513ms
[409.025s][info][gc          ] Allocation Stall (Executor task launch worker for task 15.0 in stage 87.0 (TID 1432)) 21.211ms
[409.025s][info][gc          ] Allocation Stall (Executor task launch worker for task 29.0 in stage 87.0 (TID 1443)) 25.541ms
[409.025s][info][gc          ] Allocation Stall (Executor task launch worker for task 27.0 in stage 87.0 (TID 1441)) 25.279ms
[409.025s][info][gc          ] Allocation Stall (Executor task launch worker for task 16.0 in stage 87.0 (TID 1433)) 22.048ms
[409.025s][info][gc          ] Allocation Stall (Executor task launch worker for task 41.0 in stage 87.0 (TID 1453)) 21.344ms
[409.025s][info][gc          ] Allocation Stall (Executor task launch worker for task 6.0 in stage 87.0 (TID 1425)) 22.133ms
[409.025s][info][gc          ] Allocation Stall (Executor task launch worker for task 14.0 in stage 87.0 (TID 1459)) 23.154ms
[409.025s][info][gc          ] Allocation Stall (Executor task launch worker for task 18.0 in stage 87.0 (TID 1435)) 25.293ms
[409.025s][info][gc          ] Allocation Stall (Executor task launch worker for task 22.0 in stage 87.0 (TID 1437)) 21.413ms
[409.025s][info][gc          ] Allocation Stall (Executor task launch worker for task 3.0 in stage 87.0 (TID 1457)) 21.299ms
[409.025s][info][gc          ] Allocation Stall (Executor task launch worker for task 9.0 in stage 87.0 (TID 1428)) 21.243ms
[409.025s][info][gc          ] Allocation Stall (Executor task launch worker for task 10.0 in stage 87.0 (TID 1429)) 25.354ms
[409.025s][info][gc          ] Allocation Stall (Executor task launch worker for task 20.0 in stage 87.0 (TID 1461)) 25.255ms
[409.025s][info][gc          ] Allocation Stall (Executor task launch worker for task 38.0 in stage 87.0 (TID 1450)) 23.683ms
[409.025s][info][gc          ] Allocation Stall (Executor task launch worker for task 37.0 in stage 87.0 (TID 1449)) 22.071ms
[409.025s][info][gc          ] Allocation Stall (Executor task launch worker for task 31.0 in stage 87.0 (TID 1444)) 25.067ms
[409.025s][info][gc          ] Allocation Stall (Executor task launch worker for task 25.0 in stage 87.0 (TID 1439)) 23.900ms
[409.025s][info][gc          ] Allocation Stall (Executor task launch worker for task 44.0 in stage 87.0 (TID 1466)) 22.364ms
[409.025s][info][gc          ] Allocation Stall (Executor task launch worker for task 30.0 in stage 87.0 (TID 1463)) 23.921ms
[409.025s][info][gc          ] Allocation Stall (Executor task launch worker for task 5.0 in stage 87.0 (TID 1424)) 21.305ms
[409.025s][info][gc          ] Allocation Stall (Executor task launch worker for task 1.0 in stage 87.0 (TID 1421)) 24.872ms
[409.025s][info][gc          ] Allocation Stall (Executor task launch worker for task 33.0 in stage 87.0 (TID 1446)) 21.361ms
[409.025s][info][gc          ] Allocation Stall (Executor task launch worker for task 28.0 in stage 87.0 (TID 1442)) 22.322ms
[409.025s][info][gc          ] Allocation Stall (Executor task launch worker for task 35.0 in stage 87.0 (TID 1464)) 23.834ms
[409.025s][info][gc          ] Allocation Stall (Executor task launch worker for task 0.0 in stage 87.0 (TID 1456)) 22.568ms
[409.025s][info][gc          ] Allocation Stall (Executor task launch worker for task 39.0 in stage 87.0 (TID 1451)) 22.435ms
[409.025s][info][gc          ] Allocation Stall (Executor task launch worker for task 24.0 in stage 87.0 (TID 1462)) 25.581ms
[409.030s][info][gc,phases   ] GC(2286) Concurrent Select Relocation Set 5.847ms
[409.031s][info][gc,phases   ] GC(2286) Pause Relocate Start 0.009ms
[409.056s][info][gc          ] Allocation Stall (Executor task launch worker for task 3.0 in stage 87.0 (TID 1457)) 1.357ms
[409.056s][info][gc          ] Allocation Stall (Executor task launch worker for task 28.0 in stage 87.0 (TID 1442)) 1.317ms
[409.056s][info][gc          ] Allocation Stall (Executor task launch worker for task 10.0 in stage 87.0 (TID 1429)) 1.233ms
[409.056s][info][gc          ] Allocation Stall (Executor task launch worker for task 38.0 in stage 87.0 (TID 1450)) 1.379ms
[409.056s][info][gc          ] Allocation Stall (Executor task launch worker for task 17.0 in stage 87.0 (TID 1434)) 1.240ms
[409.056s][info][gc          ] Allocation Stall (Executor task launch worker for task 4.0 in stage 87.0 (TID 1423)) 1.267ms
[409.056s][info][gc          ] Allocation Stall (Executor task launch worker for task 34.0 in stage 87.0 (TID 1447)) 1.483ms
[409.056s][info][gc          ] Allocation Stall (Executor task launch worker for task 44.0 in stage 87.0 (TID 1466)) 1.366ms
[409.056s][info][gc          ] Allocation Stall (Executor task launch worker for task 40.0 in stage 87.0 (TID 1452)) 1.311ms
[409.056s][info][gc          ] Allocation Stall (Executor task launch worker for task 18.0 in stage 87.0 (TID 1435)) 1.351ms
[409.056s][info][gc          ] Allocation Stall (Executor task launch worker for task 41.0 in stage 87.0 (TID 1453)) 1.480ms
[409.056s][info][gc          ] Allocation Stall (Executor task launch worker for task 47.0 in stage 87.0 (TID 1455)) 1.207ms
[409.056s][info][gc          ] Allocation Stall (Executor task launch worker for task 37.0 in stage 87.0 (TID 1449)) 1.330ms
[409.056s][info][gc          ] Allocation Stall (Executor task launch worker for task 0.0 in stage 87.0 (TID 1456)) 1.495ms
[409.056s][info][gc          ] Allocation Stall (Executor task launch worker for task 8.0 in stage 87.0 (TID 1427)) 1.409ms
[409.056s][info][gc          ] Allocation Stall (Executor task launch worker for task 32.0 in stage 87.0 (TID 1445)) 1.528ms
[409.056s][info][gc          ] Allocation Stall (Executor task launch worker for task 25.0 in stage 87.0 (TID 1439)) 1.269ms
[409.056s][info][gc          ] Allocation Stall (Executor task launch worker for task 43.0 in stage 87.0 (TID 1454)) 1.262ms
[409.056s][info][gc          ] Allocation Stall (Executor task launch worker for task 36.0 in stage 87.0 (TID 1448)) 1.240ms
[409.056s][info][gc          ] Allocation Stall (Executor task launch worker for task 15.0 in stage 87.0 (TID 1432)) 1.259ms
[409.056s][info][gc          ] Allocation Stall (Executor task launch worker for task 29.0 in stage 87.0 (TID 1443)) 1.298ms
[409.056s][info][gc          ] Allocation Stall (Executor task launch worker for task 39.0 in stage 87.0 (TID 1451)) 1.244ms
[409.056s][info][gc          ] Allocation Stall (Executor task launch worker for task 6.0 in stage 87.0 (TID 1425)) 1.231ms
[409.056s][info][gc          ] Allocation Stall (Executor task launch worker for task 22.0 in stage 87.0 (TID 1437)) 1.264ms
[409.056s][info][gc          ] Allocation Stall (Executor task launch worker for task 5.0 in stage 87.0 (TID 1424)) 1.242ms
[409.056s][info][gc          ] Allocation Stall (Executor task launch worker for task 23.0 in stage 87.0 (TID 1438)) 1.236ms
[409.056s][info][gc          ] Allocation Stall (Executor task launch worker for task 27.0 in stage 87.0 (TID 1441)) 1.301ms
[409.056s][info][gc          ] Allocation Stall (Executor task launch worker for task 31.0 in stage 87.0 (TID 1444)) 1.328ms
[409.056s][info][gc          ] Allocation Stall (Executor task launch worker for task 21.0 in stage 87.0 (TID 1436)) 1.330ms
[409.056s][info][gc          ] Allocation Stall (Executor task launch worker for task 16.0 in stage 87.0 (TID 1433)) 1.325ms
[409.056s][info][gc          ] Allocation Stall (Executor task launch worker for task 35.0 in stage 87.0 (TID 1464)) 1.338ms
[409.056s][info][gc          ] Allocation Stall (Executor task launch worker for task 2.0 in stage 87.0 (TID 1422)) 1.317ms
[409.056s][info][gc          ] Allocation Stall (Executor task launch worker for task 12.0 in stage 87.0 (TID 1430)) 1.465ms
[409.056s][info][gc          ] Allocation Stall (Executor task launch worker for task 13.0 in stage 87.0 (TID 1431)) 1.474ms
[409.056s][info][gc          ] Allocation Stall (Executor task launch worker for task 9.0 in stage 87.0 (TID 1428)) 1.488ms
[409.056s][info][gc          ] Allocation Stall (Executor task launch worker for task 26.0 in stage 87.0 (TID 1440)) 1.490ms
[409.056s][info][gc          ] Allocation Stall (Executor task launch worker for task 7.0 in stage 87.0 (TID 1426)) 1.450ms
[409.056s][info][gc          ] Allocation Stall (Executor task launch worker for task 1.0 in stage 87.0 (TID 1421)) 1.492ms
[409.056s][info][gc          ] Allocation Stall (Executor task launch worker for task 33.0 in stage 87.0 (TID 1446)) 1.473ms
[409.188s][info][gc,phases   ] GC(2286) Concurrent Relocate 157.118ms
[409.188s][info][gc,load     ] GC(2286) Load: 0.00/0.00/0.00
[409.188s][info][gc,mmu      ] GC(2286) MMU: 2ms/86.2%, 5ms/94.5%, 10ms/97.2%, 20ms/98.6%, 50ms/99.4%, 100ms/99.6%
[409.188s][info][gc,marking  ] GC(2286) Mark: 8 stripe(s), 2 proactive flush(es), 1 terminate flush(es), 0 completion(s), 0 continuation(s) 
[409.188s][info][gc,marking  ] GC(2286) Mark Stack Usage: 32M
[409.188s][info][gc,nmethod  ] GC(2286) NMethods: 8187 registered, 1385 unregistered
[409.188s][info][gc,metaspace] GC(2286) Metaspace: 120M used, 123M committed, 1152M reserved
[409.188s][info][gc,ref      ] GC(2286) Soft: 2877 encountered, 440 discovered, 0 enqueued
[409.188s][info][gc,ref      ] GC(2286) Weak: 14360 encountered, 2210 discovered, 0 enqueued
[409.188s][info][gc,ref      ] GC(2286) Final: 84 encountered, 0 discovered, 0 enqueued
[409.188s][info][gc,ref      ] GC(2286) Phantom: 764 encountered, 671 discovered, 0 enqueued
[409.188s][info][gc,reloc    ] GC(2286) Small Pages: 391 / 782M, Empty: 630M, Relocated: 3M, In-Place: 0
[409.188s][info][gc,reloc    ] GC(2286) Medium Pages: 38 / 1216M, Empty: 0M, Relocated: 22M, In-Place: 0
[409.188s][info][gc,reloc    ] GC(2286) Large Pages: 0 / 0M, Empty: 0M, Relocated: 0M, In-Place: 0
[409.188s][info][gc,reloc    ] GC(2286) Forwarding Usage: 0M
[409.188s][info][gc,heap     ] GC(2286) Min Capacity: 8M(0%)
[409.188s][info][gc,heap     ] GC(2286) Max Capacity: 2048M(100%)
[409.188s][info][gc,heap     ] GC(2286) Soft Max Capacity: 2048M(100%)
[409.188s][info][gc,heap     ] GC(2286)                Mark Start          Mark End        Relocate Start      Relocate End           High               Low         
[409.188s][info][gc,heap     ] GC(2286)  Capacity:     2048M (100%)       2048M (100%)       2048M (100%)       2048M (100%)       2048M (100%)       2048M (100%)   
[409.188s][info][gc,heap     ] GC(2286)      Free:       42M (2%)            0M (0%)          562M (27%)         120M (6%)          576M (28%)           0M (0%)     
[409.188s][info][gc,heap     ] GC(2286)      Used:     2006M (98%)        2048M (100%)       1486M (73%)        1928M (94%)        2048M (100%)       1472M (72%)    
[409.188s][info][gc,heap     ] GC(2286)      Live:         -              1096M (54%)        1096M (54%)        1096M (54%)            -                  -          
[409.188s][info][gc,heap     ] GC(2286) Allocated:         -                42M (2%)          110M (5%)          634M (31%)            -                  -          
[409.188s][info][gc,heap     ] GC(2286)   Garbage:         -               909M (44%)         279M (14%)         196M (10%)            -                  -          
[409.188s][info][gc,heap     ] GC(2286) Reclaimed:         -                  -               630M (31%)         712M (35%)            -                  -          
[409.188s][info][gc          ] GC(2286) Garbage Collection (Allocation Stall) 2006M(98%)->1928M(94%)
[409.240s][info][gc,start    ] GC(2287) Garbage Collection (Allocation Stall)
[409.240s][info][gc,ref      ] GC(2287) Clearing All SoftReferences
[409.240s][info][gc,task     ] GC(2287) Using 12 workers
[409.241s][info][gc,ref      ] GC(2287) Clearing All SoftReferences
[409.241s][info][gc,phases   ] GC(2287) Pause Mark Start 0.050ms
[409.256s][info][gc          ] Allocation Stall (Executor task launch worker for task 27.0 in stage 87.0 (TID 1441)) 1.405ms
[409.256s][info][gc          ] Allocation Stall (Executor task launch worker for task 1.0 in stage 87.0 (TID 1421)) 1.157ms
[409.256s][info][gc          ] Allocation Stall (Executor task launch worker for task 46.0 in stage 87.0 (TID 1468)) 1.268ms
[409.256s][info][gc          ] Allocation Stall (Executor task launch worker for task 42.0 in stage 87.0 (TID 1465)) 1.167ms
[409.256s][info][gc          ] Allocation Stall (Executor task launch worker for task 11.0 in stage 87.0 (TID 1458)) 1.216ms
[409.256s][info][gc          ] Allocation Stall (Executor task launch worker for task 23.0 in stage 87.0 (TID 1438)) 1.142ms
[409.256s][info][gc          ] Allocation Stall (Executor task launch worker for task 3.0 in stage 87.0 (TID 1457)) 0.806ms
[409.256s][info][gc          ] Allocation Stall (Executor task launch worker for task 14.0 in stage 87.0 (TID 1459)) 0.825ms
[409.256s][info][gc          ] Allocation Stall (Executor task launch worker for task 47.0 in stage 87.0 (TID 1455)) 0.754ms
[409.256s][info][gc          ] Allocation Stall (Executor task launch worker for task 0.0 in stage 87.0 (TID 1456)) 0.760ms
[409.256s][info][gc          ] Allocation Stall (Executor task launch worker for task 40.0 in stage 87.0 (TID 1452)) 0.679ms
[409.256s][info][gc          ] Allocation Stall (Executor task launch worker for task 37.0 in stage 87.0 (TID 1449)) 0.647ms
[409.278s][info][gc          ] Allocation Stall (Executor task launch worker for task 47.0 in stage 87.0 (TID 1455)) 4.666ms
[409.278s][info][gc          ] Allocation Stall (Executor task launch worker for task 33.0 in stage 87.0 (TID 1446)) 4.548ms
[409.279s][info][gc          ] Allocation Stall (Executor task launch worker for task 0.0 in stage 87.0 (TID 1456)) 4.092ms
[409.279s][info][gc          ] Allocation Stall (Executor task launch worker for task 1.0 in stage 87.0 (TID 1421)) 3.969ms
[409.279s][info][gc          ] Allocation Stall (Executor task launch worker for task 26.0 in stage 87.0 (TID 1440)) 3.959ms
[409.279s][info][gc          ] Allocation Stall (Executor task launch worker for task 44.0 in stage 87.0 (TID 1466)) 3.308ms
[409.279s][info][gc          ] Allocation Stall (Executor task launch worker for task 17.0 in stage 87.0 (TID 1434)) 3.340ms
[409.279s][info][gc          ] Allocation Stall (Executor task launch worker for task 42.0 in stage 87.0 (TID 1465)) 3.399ms
[409.279s][info][gc          ] Allocation Stall (Executor task launch worker for task 34.0 in stage 87.0 (TID 1447)) 2.114ms
[409.279s][info][gc          ] Allocation Stall (Executor task launch worker for task 36.0 in stage 87.0 (TID 1448)) 2.036ms
[409.279s][info][gc          ] Allocation Stall (Executor task launch worker for task 27.0 in stage 87.0 (TID 1441)) 1.995ms
[409.282s][info][gc          ] Allocation Stall (Executor task launch worker for task 40.0 in stage 87.0 (TID 1452)) 5.198ms
[409.282s][info][gc          ] Allocation Stall (Executor task launch worker for task 14.0 in stage 87.0 (TID 1459)) 5.144ms
[409.282s][info][gc          ] Allocation Stall (Executor task launch worker for task 45.0 in stage 87.0 (TID 1467)) 4.952ms
[409.282s][info][gc          ] Allocation Stall (Executor task launch worker for task 19.0 in stage 87.0 (TID 1460)) 4.805ms
[409.282s][info][gc          ] Allocation Stall (Executor task launch worker for task 3.0 in stage 87.0 (TID 1457)) 4.577ms
[409.282s][info][gc          ] Allocation Stall (Executor task launch worker for task 38.0 in stage 87.0 (TID 1450)) 4.542ms
[409.282s][info][gc          ] Allocation Stall (Executor task launch worker for task 9.0 in stage 87.0 (TID 1428)) 4.444ms
[409.282s][info][gc          ] Allocation Stall (Executor task launch worker for task 22.0 in stage 87.0 (TID 1437)) 4.421ms
[409.282s][info][gc          ] Allocation Stall (Executor task launch worker for task 30.0 in stage 87.0 (TID 1463)) 4.424ms
[409.283s][info][gc          ] Allocation Stall (Executor task launch worker for task 39.0 in stage 87.0 (TID 1451)) 4.493ms
[409.283s][info][gc          ] Allocation Stall (Executor task launch worker for task 15.0 in stage 87.0 (TID 1432)) 4.504ms
[409.283s][info][gc          ] Allocation Stall (Executor task launch worker for task 7.0 in stage 87.0 (TID 1426)) 1.146ms
[409.283s][info][gc          ] Allocation Stall (Executor task launch worker for task 27.0 in stage 87.0 (TID 1441)) 0.969ms
[409.283s][info][gc          ] Allocation Stall (Executor task launch worker for task 11.0 in stage 87.0 (TID 1458)) 1.038ms
[409.283s][info][gc          ] Allocation Stall (Executor task launch worker for task 37.0 in stage 87.0 (TID 1449)) 0.760ms
[409.318s][info][gc,phases   ] GC(2287) Concurrent Mark 70.968ms
[409.318s][info][gc,phases   ] GC(2287) Pause Mark End 0.021ms
[409.319s][info][gc,phases   ] GC(2287) Concurrent Mark Free 0.001ms
[409.322s][info][gc,phases   ] GC(2287) Concurrent Process Non-Strong References 3.214ms
[409.322s][info][gc,phases   ] GC(2287) Concurrent Reset Relocation Set 0.004ms
[409.322s][info][gc          ] Allocation Stall (Executor task launch worker for task 29.0 in stage 87.0 (TID 1443)) 25.283ms
[409.322s][info][gc          ] Allocation Stall (Executor task launch worker for task 22.0 in stage 87.0 (TID 1437)) 25.552ms
[409.322s][info][gc          ] Allocation Stall (Executor task launch worker for task 36.0 in stage 87.0 (TID 1448)) 24.818ms
[409.322s][info][gc          ] Allocation Stall (Executor task launch worker for task 5.0 in stage 87.0 (TID 1424)) 25.010ms
[409.322s][info][gc          ] Allocation Stall (Executor task launch worker for task 14.0 in stage 87.0 (TID 1459)) 25.961ms
[409.322s][info][gc          ] Allocation Stall (Executor task launch worker for task 27.0 in stage 87.0 (TID 1441)) 25.522ms
[409.322s][info][gc          ] Allocation Stall (Executor task launch worker for task 47.0 in stage 87.0 (TID 1455)) 24.583ms
[409.322s][info][gc          ] Allocation Stall (Executor task launch worker for task 11.0 in stage 87.0 (TID 1458)) 25.088ms
[409.322s][info][gc          ] Allocation Stall (Executor task launch worker for task 26.0 in stage 87.0 (TID 1440)) 25.581ms
[409.322s][info][gc          ] Allocation Stall (Executor task launch worker for task 44.0 in stage 87.0 (TID 1466)) 26.020ms
[409.322s][info][gc          ] Allocation Stall (Executor task launch worker for task 0.0 in stage 87.0 (TID 1456)) 24.843ms
[409.322s][info][gc          ] Allocation Stall (Executor task launch worker for task 19.0 in stage 87.0 (TID 1460)) 25.582ms
[409.322s][info][gc          ] Allocation Stall (Executor task launch worker for task 32.0 in stage 87.0 (TID 1445)) 25.485ms
[409.322s][info][gc          ] Allocation Stall (Executor task launch worker for task 3.0 in stage 87.0 (TID 1457)) 24.941ms
[409.322s][info][gc          ] Allocation Stall (Executor task launch worker for task 20.0 in stage 87.0 (TID 1461)) 24.842ms
[409.322s][info][gc          ] Allocation Stall (Executor task launch worker for task 21.0 in stage 87.0 (TID 1436)) 25.573ms
[409.322s][info][gc          ] Allocation Stall (Executor task launch worker for task 12.0 in stage 87.0 (TID 1430)) 26.167ms
[409.322s][info][gc          ] Allocation Stall (Executor task launch worker for task 42.0 in stage 87.0 (TID 1465)) 24.830ms
[409.322s][info][gc          ] Allocation Stall (Executor task launch worker for task 46.0 in stage 87.0 (TID 1468)) 25.183ms
[409.322s][info][gc          ] Allocation Stall (Executor task launch worker for task 35.0 in stage 87.0 (TID 1464)) 27.048ms
[409.322s][info][gc          ] Allocation Stall (Executor task launch worker for task 39.0 in stage 87.0 (TID 1451)) 25.662ms
[409.322s][info][gc          ] Allocation Stall (Executor task launch worker for task 2.0 in stage 87.0 (TID 1422)) 26.326ms
[409.322s][info][gc          ] Allocation Stall (Executor task launch worker for task 10.0 in stage 87.0 (TID 1429)) 24.852ms
[409.322s][info][gc          ] Allocation Stall (Executor task launch worker for task 23.0 in stage 87.0 (TID 1438)) 28.892ms
[409.322s][info][gc          ] Allocation Stall (Spark Context Cleaner) 28.799ms
[409.322s][info][gc          ] Allocation Stall (Executor task launch worker for task 38.0 in stage 87.0 (TID 1450)) 26.215ms
[409.322s][info][gc          ] Allocation Stall (Executor task launch worker for task 16.0 in stage 87.0 (TID 1433)) 25.592ms
[409.322s][info][gc          ] Allocation Stall (Executor task launch worker for task 4.0 in stage 87.0 (TID 1423)) 24.937ms
[409.322s][info][gc          ] Allocation Stall (Executor task launch worker for task 43.0 in stage 87.0 (TID 1454)) 24.632ms
[409.322s][info][gc          ] Allocation Stall (Executor task launch worker for task 31.0 in stage 87.0 (TID 1444)) 24.933ms
[409.322s][info][gc          ] Allocation Stall (Executor task launch worker for task 41.0 in stage 87.0 (TID 1453)) 25.891ms
[409.322s][info][gc          ] Allocation Stall (Executor task launch worker for task 37.0 in stage 87.0 (TID 1449)) 25.970ms
[409.322s][info][gc          ] Allocation Stall (Executor task launch worker for task 8.0 in stage 87.0 (TID 1427)) 24.955ms
[409.322s][info][gc          ] Allocation Stall (Executor task launch worker for task 1.0 in stage 87.0 (TID 1421)) 26.428ms
[409.322s][info][gc          ] Allocation Stall (Executor task launch worker for task 28.0 in stage 87.0 (TID 1442)) 28.994ms
[409.322s][info][gc          ] Allocation Stall (Executor task launch worker for task 34.0 in stage 87.0 (TID 1447)) 24.771ms
[409.322s][info][gc          ] Allocation Stall (Executor task launch worker for task 9.0 in stage 87.0 (TID 1428)) 27.206ms
[409.322s][info][gc          ] Allocation Stall (Executor task launch worker for task 40.0 in stage 87.0 (TID 1452)) 25.836ms
[409.322s][info][gc          ] Allocation Stall (Executor task launch worker for task 17.0 in stage 87.0 (TID 1434)) 26.235ms
[409.322s][info][gc          ] Allocation Stall (Executor task launch worker for task 18.0 in stage 87.0 (TID 1435)) 25.896ms
[409.322s][info][gc          ] Allocation Stall (Executor task launch worker for task 45.0 in stage 87.0 (TID 1467)) 26.463ms
[409.322s][info][gc          ] Allocation Stall (Executor task launch worker for task 25.0 in stage 87.0 (TID 1439)) 26.125ms
[409.322s][info][gc          ] Allocation Stall (Executor task launch worker for task 6.0 in stage 87.0 (TID 1425)) 24.815ms
[409.322s][info][gc          ] Allocation Stall (Executor task launch worker for task 13.0 in stage 87.0 (TID 1431)) 27.880ms
[409.322s][info][gc          ] Allocation Stall (Executor task launch worker for task 7.0 in stage 87.0 (TID 1426)) 25.926ms
[409.322s][info][gc          ] Allocation Stall (Executor task launch worker for task 24.0 in stage 87.0 (TID 1462)) 24.762ms
[409.322s][info][gc          ] Allocation Stall (Executor task launch worker for task 15.0 in stage 87.0 (TID 1432)) 26.383ms
[409.322s][info][gc          ] Allocation Stall (Executor task launch worker for task 30.0 in stage 87.0 (TID 1463)) 26.206ms
[409.322s][info][gc          ] Allocation Stall (Executor task launch worker for task 33.0 in stage 87.0 (TID 1446)) 25.420ms
[409.326s][info][gc,phases   ] GC(2287) Concurrent Select Relocation Set 3.869ms
[409.334s][info][gc,phases   ] GC(2287) Pause Relocate Start 0.007ms
[409.379s][info][gc          ] Allocation Stall (Executor task launch worker for task 16.0 in stage 87.0 (TID 1433)) 5.718ms
[409.379s][info][gc          ] Allocation Stall (Executor task launch worker for task 40.0 in stage 87.0 (TID 1452)) 5.628ms
[409.379s][info][gc          ] Allocation Stall (Executor task launch worker for task 46.0 in stage 87.0 (TID 1468)) 5.718ms
[409.379s][info][gc          ] Allocation Stall (Executor task launch worker for task 14.0 in stage 87.0 (TID 1459)) 5.662ms
[409.379s][info][gc          ] Allocation Stall (Executor task launch worker for task 19.0 in stage 87.0 (TID 1460)) 5.649ms
[409.379s][info][gc          ] Allocation Stall (Executor task launch worker for task 8.0 in stage 87.0 (TID 1427)) 5.706ms
[409.379s][info][gc          ] Allocation Stall (Executor task launch worker for task 42.0 in stage 87.0 (TID 1465)) 5.715ms
[409.379s][info][gc          ] Allocation Stall (Executor task launch worker for task 17.0 in stage 87.0 (TID 1434)) 5.669ms
[409.379s][info][gc          ] Allocation Stall (Executor task launch worker for task 43.0 in stage 87.0 (TID 1454)) 5.667ms
[409.379s][info][gc          ] Allocation Stall (Executor task launch worker for task 5.0 in stage 87.0 (TID 1424)) 5.671ms
[409.379s][info][gc          ] Allocation Stall (Executor task launch worker for task 37.0 in stage 87.0 (TID 1449)) 6.033ms
[409.379s][info][gc          ] Allocation Stall (Executor task launch worker for task 41.0 in stage 87.0 (TID 1453)) 6.021ms
[409.379s][info][gc          ] Allocation Stall (Executor task launch worker for task 24.0 in stage 87.0 (TID 1462)) 6.036ms
[409.379s][info][gc          ] Allocation Stall (Executor task launch worker for task 28.0 in stage 87.0 (TID 1442)) 5.795ms
[409.379s][info][gc          ] Allocation Stall (Executor task launch worker for task 31.0 in stage 87.0 (TID 1444)) 5.761ms
[409.379s][info][gc          ] Allocation Stall (Executor task launch worker for task 7.0 in stage 87.0 (TID 1426)) 5.755ms
[409.380s][info][gc          ] Allocation Stall (Executor task launch worker for task 38.0 in stage 87.0 (TID 1450)) 6.870ms
[409.380s][info][gc          ] Allocation Stall (Executor task launch worker for task 39.0 in stage 87.0 (TID 1451)) 6.885ms
[409.380s][info][gc          ] Allocation Stall (Executor task launch worker for task 10.0 in stage 87.0 (TID 1429)) 6.924ms
[409.380s][info][gc          ] Allocation Stall (Executor task launch worker for task 27.0 in stage 87.0 (TID 1441)) 6.957ms
[409.380s][info][gc          ] Allocation Stall (Executor task launch worker for task 23.0 in stage 87.0 (TID 1438)) 6.980ms
[409.380s][info][gc          ] Allocation Stall (Executor task launch worker for task 34.0 in stage 87.0 (TID 1447)) 7.010ms
[409.380s][info][gc          ] Allocation Stall (Executor task launch worker for task 1.0 in stage 87.0 (TID 1421)) 7.030ms
[409.381s][info][gc          ] Allocation Stall (Executor task launch worker for task 18.0 in stage 87.0 (TID 1435)) 7.245ms
[409.381s][info][gc          ] Allocation Stall (Executor task launch worker for task 36.0 in stage 87.0 (TID 1448)) 7.273ms
[409.381s][info][gc          ] Allocation Stall (Executor task launch worker for task 12.0 in stage 87.0 (TID 1430)) 7.318ms
[409.381s][info][gc          ] Allocation Stall (Executor task launch worker for task 29.0 in stage 87.0 (TID 1443)) 7.376ms
[409.381s][info][gc          ] Allocation Stall (Executor task launch worker for task 33.0 in stage 87.0 (TID 1446)) 7.388ms
[409.381s][info][gc          ] Allocation Stall (Executor task launch worker for task 6.0 in stage 87.0 (TID 1425)) 7.425ms
[409.381s][info][gc          ] Allocation Stall (Executor task launch worker for task 2.0 in stage 87.0 (TID 1422)) 7.491ms
[409.381s][info][gc          ] Allocation Stall (Executor task launch worker for task 32.0 in stage 87.0 (TID 1445)) 7.522ms
[409.381s][info][gc          ] Allocation Stall (Executor task launch worker for task 47.0 in stage 87.0 (TID 1455)) 7.544ms
[409.381s][info][gc          ] Allocation Stall (Executor task launch worker for task 9.0 in stage 87.0 (TID 1428)) 7.590ms
[409.381s][info][gc          ] Allocation Stall (Executor task launch worker for task 25.0 in stage 87.0 (TID 1439)) 7.700ms
[409.381s][info][gc          ] Allocation Stall (Executor task launch worker for task 13.0 in stage 87.0 (TID 1431)) 7.739ms
[409.381s][info][gc          ] Allocation Stall (Executor task launch worker for task 26.0 in stage 87.0 (TID 1440)) 7.783ms
[409.385s][info][gc          ] Allocation Stall (Executor task launch worker for task 4.0 in stage 87.0 (TID 1423)) 11.164ms
[409.385s][info][gc          ] Allocation Stall (Executor task launch worker for task 15.0 in stage 87.0 (TID 1432)) 11.192ms
[409.385s][info][gc          ] Allocation Stall (Executor task launch worker for task 0.0 in stage 87.0 (TID 1456)) 10.568ms
[409.385s][info][gc          ] Allocation Stall (Executor task launch worker for task 45.0 in stage 87.0 (TID 1467)) 9.638ms
[409.385s][info][gc          ] Allocation Stall (Executor task launch worker for task 11.0 in stage 87.0 (TID 1458)) 9.418ms
[409.390s][info][gc          ] Allocation Stall (Executor task launch worker for task 21.0 in stage 87.0 (TID 1436)) 13.669ms
[409.390s][info][gc          ] Allocation Stall (Executor task launch worker for task 22.0 in stage 87.0 (TID 1437)) 12.907ms
[409.390s][info][gc          ] Allocation Stall (Executor task launch worker for task 47.0 in stage 87.0 (TID 1455)) 3.098ms
[409.390s][info][gc          ] Allocation Stall (Executor task launch worker for task 34.0 in stage 87.0 (TID 1447)) 3.023ms
[409.390s][info][gc          ] Allocation Stall (Executor task launch worker for task 26.0 in stage 87.0 (TID 1440)) 3.064ms
[409.392s][info][gc          ] Allocation Stall (Executor task launch worker for task 16.0 in stage 87.0 (TID 1433)) 4.482ms
[409.392s][info][gc          ] Allocation Stall (Executor task launch worker for task 25.0 in stage 87.0 (TID 1439)) 4.368ms
[409.392s][info][gc          ] Allocation Stall (Executor task launch worker for task 6.0 in stage 87.0 (TID 1425)) 3.243ms
[409.392s][info][gc          ] Allocation Stall (Executor task launch worker for task 2.0 in stage 87.0 (TID 1422)) 2.835ms
[409.392s][info][gc          ] Allocation Stall (Executor task launch worker for task 0.0 in stage 87.0 (TID 1456)) 2.784ms
[409.392s][info][gc          ] Allocation Stall (Executor task launch worker for task 18.0 in stage 87.0 (TID 1435)) 2.606ms
[409.392s][info][gc          ] Allocation Stall (Executor task launch worker for task 15.0 in stage 87.0 (TID 1432)) 2.595ms
[409.393s][info][gc          ] Allocation Stall (Executor task launch worker for task 39.0 in stage 87.0 (TID 1451)) 1.894ms
[409.411s][info][gc          ] Allocation Stall (Executor task launch worker for task 26.0 in stage 87.0 (TID 1440)) 3.608ms
[409.411s][info][gc          ] Allocation Stall (Executor task launch worker for task 21.0 in stage 87.0 (TID 1436)) 4.924ms
[409.411s][info][gc          ] Allocation Stall (Executor task launch worker for task 47.0 in stage 87.0 (TID 1455)) 3.647ms
[409.411s][info][gc          ] Allocation Stall (Executor task launch worker for task 11.0 in stage 87.0 (TID 1458)) 4.511ms
[409.411s][info][gc          ] Allocation Stall (Executor task launch worker for task 32.0 in stage 87.0 (TID 1445)) 3.546ms
[409.411s][info][gc          ] Allocation Stall (Executor task launch worker for task 20.0 in stage 87.0 (TID 1461)) 3.823ms
[409.411s][info][gc          ] Allocation Stall (Executor task launch worker for task 23.0 in stage 87.0 (TID 1438)) 3.932ms
[409.411s][info][gc          ] Allocation Stall (Executor task launch worker for task 18.0 in stage 87.0 (TID 1435)) 4.266ms
[409.411s][info][gc          ] Allocation Stall (Executor task launch worker for task 27.0 in stage 87.0 (TID 1441)) 8.526ms
[409.411s][info][gc          ] Allocation Stall (Executor task launch worker for task 12.0 in stage 87.0 (TID 1430)) 4.983ms
[409.411s][info][gc          ] Allocation Stall (Executor task launch worker for task 38.0 in stage 87.0 (TID 1450)) 4.119ms
[409.411s][info][gc          ] Allocation Stall (Executor task launch worker for task 46.0 in stage 87.0 (TID 1468)) 5.268ms
[409.411s][info][gc          ] Allocation Stall (Executor task launch worker for task 40.0 in stage 87.0 (TID 1452)) 6.489ms
[409.411s][info][gc          ] Allocation Stall (Executor task launch worker for task 9.0 in stage 87.0 (TID 1428)) 4.873ms
[409.411s][info][gc          ] Allocation Stall (Executor task launch worker for task 42.0 in stage 87.0 (TID 1465)) 5.715ms
[409.411s][info][gc          ] Allocation Stall (Executor task launch worker for task 37.0 in stage 87.0 (TID 1449)) 6.523ms
[409.411s][info][gc          ] Allocation Stall (Executor task launch worker for task 41.0 in stage 87.0 (TID 1453)) 3.443ms
[409.411s][info][gc          ] Allocation Stall (Executor task launch worker for task 7.0 in stage 87.0 (TID 1426)) 1.901ms
[409.411s][info][gc          ] Allocation Stall (Executor task launch worker for task 14.0 in stage 87.0 (TID 1459)) 1.698ms
[409.411s][info][gc          ] Allocation Stall (Executor task launch worker for task 28.0 in stage 87.0 (TID 1442)) 2.099ms
[409.411s][info][gc          ] Allocation Stall (Executor task launch worker for task 33.0 in stage 87.0 (TID 1446)) 1.808ms
[409.411s][info][gc          ] Allocation Stall (Executor task launch worker for task 24.0 in stage 87.0 (TID 1462)) 1.824ms
[409.411s][info][gc          ] Allocation Stall (Executor task launch worker for task 34.0 in stage 87.0 (TID 1447)) 3.501ms
[409.411s][info][gc          ] Allocation Stall (Executor task launch worker for task 10.0 in stage 87.0 (TID 1429)) 3.415ms
[409.411s][info][gc          ] Allocation Stall (Executor task launch worker for task 15.0 in stage 87.0 (TID 1432)) 1.554ms
[409.411s][info][gc          ] Allocation Stall (Executor task launch worker for task 1.0 in stage 87.0 (TID 1421)) 3.364ms
[409.411s][info][gc          ] Allocation Stall (Executor task launch worker for task 0.0 in stage 87.0 (TID 1456)) 3.326ms
[409.411s][info][gc          ] Allocation Stall (Executor task launch worker for task 19.0 in stage 87.0 (TID 1460)) 3.132ms
[409.411s][info][gc          ] Allocation Stall (Executor task launch worker for task 35.0 in stage 87.0 (TID 1464)) 2.839ms
[409.411s][info][gc          ] Allocation Stall (Executor task launch worker for task 36.0 in stage 87.0 (TID 1448)) 2.566ms
[409.411s][info][gc          ] Allocation Stall (Executor task launch worker for task 8.0 in stage 87.0 (TID 1427)) 2.394ms
[409.411s][info][gc          ] Allocation Stall (Executor task launch worker for task 29.0 in stage 87.0 (TID 1443)) 2.358ms
[409.412s][info][gc          ] Allocation Stall (Executor task launch worker for task 31.0 in stage 87.0 (TID 1444)) 0.953ms
[409.412s][info][gc          ] Allocation Stall (Executor task launch worker for task 25.0 in stage 87.0 (TID 1439)) 1.093ms
[409.412s][info][gc          ] Allocation Stall (Executor task launch worker for task 39.0 in stage 87.0 (TID 1451)) 1.183ms
[409.412s][info][gc          ] Allocation Stall (Executor task launch worker for task 6.0 in stage 87.0 (TID 1425)) 1.059ms
[409.412s][info][gc          ] Allocation Stall (Executor task launch worker for task 45.0 in stage 87.0 (TID 1467)) 0.952ms
[409.412s][info][gc          ] Allocation Stall (Executor task launch worker for task 5.0 in stage 87.0 (TID 1424)) 0.767ms
[409.412s][info][gc          ] Allocation Stall (Executor task launch worker for task 4.0 in stage 87.0 (TID 1423)) 0.771ms
[409.412s][info][gc          ] Allocation Stall (Executor task launch worker for task 2.0 in stage 87.0 (TID 1422)) 2.375ms
[409.412s][info][gc          ] Allocation Stall (Executor task launch worker for task 22.0 in stage 87.0 (TID 1437)) 1.588ms
[409.412s][info][gc          ] Allocation Stall (Executor task launch worker for task 16.0 in stage 87.0 (TID 1433)) 1.462ms
[409.412s][info][gc          ] Allocation Stall (Executor task launch worker for task 17.0 in stage 87.0 (TID 1434)) 1.451ms
[409.412s][info][gc          ] Allocation Stall (Executor task launch worker for task 43.0 in stage 87.0 (TID 1454)) 1.369ms
[409.412s][info][gc          ] Allocation Stall (Executor task launch worker for task 13.0 in stage 87.0 (TID 1431)) 1.247ms
[409.427s][info][gc          ] Relocation Stall (Executor task launch worker for task 3.0 in stage 87.0 (TID 1457)) 52.702ms
[409.471s][info][gc          ] Allocation Stall (Executor task launch worker for task 6.0 in stage 87.0 (TID 1425)) 1.654ms
[409.471s][info][gc          ] Allocation Stall (Executor task launch worker for task 35.0 in stage 87.0 (TID 1464)) 1.657ms
[409.471s][info][gc          ] Allocation Stall (Executor task launch worker for task 47.0 in stage 87.0 (TID 1455)) 1.545ms
[409.471s][info][gc          ] Allocation Stall (Executor task launch worker for task 11.0 in stage 87.0 (TID 1458)) 1.556ms
[409.471s][info][gc          ] Allocation Stall (Executor task launch worker for task 40.0 in stage 87.0 (TID 1452)) 1.579ms
[409.471s][info][gc          ] Allocation Stall (Executor task launch worker for task 27.0 in stage 87.0 (TID 1441)) 1.551ms
[409.471s][info][gc          ] Allocation Stall (Executor task launch worker for task 30.0 in stage 87.0 (TID 1463)) 1.531ms
[409.471s][info][gc          ] Allocation Stall (Executor task launch worker for task 1.0 in stage 87.0 (TID 1421)) 1.549ms
[409.471s][info][gc          ] Allocation Stall (Executor task launch worker for task 23.0 in stage 87.0 (TID 1438)) 1.568ms
[409.471s][info][gc          ] Allocation Stall (Executor task launch worker for task 21.0 in stage 87.0 (TID 1436)) 1.403ms
[409.471s][info][gc          ] Allocation Stall (Executor task launch worker for task 29.0 in stage 87.0 (TID 1443)) 1.427ms
[409.471s][info][gc          ] Allocation Stall (Executor task launch worker for task 33.0 in stage 87.0 (TID 1446)) 1.455ms
[409.471s][info][gc          ] Allocation Stall (Executor task launch worker for task 7.0 in stage 87.0 (TID 1426)) 1.431ms
[409.471s][info][gc          ] Allocation Stall (Executor task launch worker for task 17.0 in stage 87.0 (TID 1434)) 1.370ms
[409.471s][info][gc          ] Allocation Stall (Executor task launch worker for task 37.0 in stage 87.0 (TID 1449)) 1.416ms
[409.471s][info][gc          ] Allocation Stall (Executor task launch worker for task 2.0 in stage 87.0 (TID 1422)) 1.239ms
[409.471s][info][gc          ] Allocation Stall (Executor task launch worker for task 45.0 in stage 87.0 (TID 1467)) 1.264ms
[409.471s][info][gc          ] Allocation Stall (Executor task launch worker for task 31.0 in stage 87.0 (TID 1444)) 1.224ms
[409.471s][info][gc          ] Allocation Stall (Executor task launch worker for task 28.0 in stage 87.0 (TID 1442)) 1.266ms
[409.472s][info][gc          ] Allocation Stall (Executor task launch worker for task 39.0 in stage 87.0 (TID 1451)) 1.262ms
[409.472s][info][gc          ] Allocation Stall (Executor task launch worker for task 46.0 in stage 87.0 (TID 1468)) 1.303ms
[409.472s][info][gc          ] Allocation Stall (Executor task launch worker for task 16.0 in stage 87.0 (TID 1433)) 1.248ms
[409.472s][info][gc          ] Allocation Stall (Executor task launch worker for task 25.0 in stage 87.0 (TID 1439)) 1.219ms
[409.472s][info][gc          ] Allocation Stall (Executor task launch worker for task 4.0 in stage 87.0 (TID 1423)) 1.229ms
[409.472s][info][gc          ] Allocation Stall (Executor task launch worker for task 3.0 in stage 87.0 (TID 1457)) 1.261ms
[409.472s][info][gc          ] Allocation Stall (Executor task launch worker for task 38.0 in stage 87.0 (TID 1450)) 1.296ms
[409.472s][info][gc          ] Allocation Stall (Executor task launch worker for task 24.0 in stage 87.0 (TID 1462)) 1.286ms
[409.479s][info][gc          ] Allocation Stall (Executor task launch worker for task 16.0 in stage 87.0 (TID 1433)) 1.238ms
[409.479s][info][gc          ] Allocation Stall (Executor task launch worker for task 26.0 in stage 87.0 (TID 1440)) 1.279ms
[409.479s][info][gc          ] Allocation Stall (Executor task launch worker for task 17.0 in stage 87.0 (TID 1434)) 1.315ms
[409.479s][info][gc          ] Allocation Stall (Executor task launch worker for task 28.0 in stage 87.0 (TID 1442)) 1.002ms
[409.479s][info][gc          ] Allocation Stall (Executor task launch worker for task 2.0 in stage 87.0 (TID 1422)) 1.025ms
[409.480s][info][gc          ] Allocation Stall (Executor task launch worker for task 33.0 in stage 87.0 (TID 1446)) 1.465ms
[409.480s][info][gc          ] Allocation Stall (Executor task launch worker for task 46.0 in stage 87.0 (TID 1468)) 1.423ms
[409.480s][info][gc          ] Allocation Stall (Executor task launch worker for task 45.0 in stage 87.0 (TID 1467)) 1.219ms
[409.480s][info][gc          ] Allocation Stall (Executor task launch worker for task 31.0 in stage 87.0 (TID 1444)) 1.057ms
[409.487s][info][gc          ] Allocation Stall (Executor task launch worker for task 37.0 in stage 87.0 (TID 1449)) 0.729ms
[409.487s][info][gc          ] Allocation Stall (Executor task launch worker for task 28.0 in stage 87.0 (TID 1442)) 0.745ms
[409.495s][info][gc,phases   ] GC(2287) Concurrent Relocate 158.156ms
[409.495s][info][gc,load     ] GC(2287) Load: 0.00/0.00/0.00
[409.495s][info][gc,mmu      ] GC(2287) MMU: 2ms/86.2%, 5ms/94.5%, 10ms/97.2%, 20ms/98.6%, 50ms/99.4%, 100ms/99.6%
[409.495s][info][gc,marking  ] GC(2287) Mark: 8 stripe(s), 2 proactive flush(es), 1 terminate flush(es), 0 completion(s), 0 continuation(s) 
[409.495s][info][gc,marking  ] GC(2287) Mark Stack Usage: 32M
[409.495s][info][gc,nmethod  ] GC(2287) NMethods: 8187 registered, 1385 unregistered
[409.495s][info][gc,metaspace] GC(2287) Metaspace: 120M used, 123M committed, 1152M reserved
[409.495s][info][gc,ref      ] GC(2287) Soft: 2877 encountered, 272 discovered, 0 enqueued
[409.495s][info][gc,ref      ] GC(2287) Weak: 14360 encountered, 2415 discovered, 0 enqueued
[409.495s][info][gc,ref      ] GC(2287) Final: 84 encountered, 3 discovered, 0 enqueued
[409.495s][info][gc,ref      ] GC(2287) Phantom: 764 encountered, 558 discovered, 0 enqueued
[409.495s][info][gc,reloc    ] GC(2287) Small Pages: 375 / 750M, Empty: 610M, Relocated: 3M, In-Place: 0
[409.495s][info][gc,reloc    ] GC(2287) Medium Pages: 38 / 1216M, Empty: 0M, Relocated: 48M, In-Place: 0
[409.495s][info][gc,reloc    ] GC(2287) Large Pages: 0 / 0M, Empty: 0M, Relocated: 0M, In-Place: 0
[409.495s][info][gc,reloc    ] GC(2287) Forwarding Usage: 0M
[409.495s][info][gc,heap     ] GC(2287) Min Capacity: 8M(0%)
[409.495s][info][gc,heap     ] GC(2287) Max Capacity: 2048M(100%)
[409.495s][info][gc,heap     ] GC(2287) Soft Max Capacity: 2048M(100%)
[409.495s][info][gc,heap     ] GC(2287)                Mark Start          Mark End        Relocate Start      Relocate End           High               Low         
[409.495s][info][gc,heap     ] GC(2287)  Capacity:     2048M (100%)       2048M (100%)       2048M (100%)       2048M (100%)       2048M (100%)       2048M (100%)   
[409.495s][info][gc,heap     ] GC(2287)      Free:       82M (4%)            0M (0%)          494M (24%)          32M (2%)          582M (28%)           0M (0%)     
[409.496s][info][gc,heap     ] GC(2287)      Used:     1966M (96%)        2048M (100%)       1554M (76%)        2016M (98%)        2048M (100%)       1466M (72%)    
[409.496s][info][gc,heap     ] GC(2287)      Live:         -              1101M (54%)        1101M (54%)        1101M (54%)            -                  -          
[409.496s][info][gc,heap     ] GC(2287) Allocated:         -                82M (4%)          198M (10%)         745M (36%)            -                  -          
[409.496s][info][gc,heap     ] GC(2287)   Garbage:         -               864M (42%)         254M (12%)         169M (8%)             -                  -          
[409.496s][info][gc,heap     ] GC(2287) Reclaimed:         -                  -               610M (30%)         695M (34%)            -                  -          
[409.496s][info][gc          ] GC(2287) Garbage Collection (Allocation Stall) 1966M(96%)->2016M(98%)
[409.499s][info][gc,start    ] GC(2288) Garbage Collection (Allocation Stall)
[409.499s][info][gc,ref      ] GC(2288) Clearing All SoftReferences
[409.499s][info][gc,task     ] GC(2288) Using 12 workers
[409.506s][info][gc,ref      ] GC(2288) Clearing All SoftReferences
[409.506s][info][gc,phases   ] GC(2288) Pause Mark Start 0.037ms
[409.506s][info][gc          ] Allocation Stall (Executor task launch worker for task 18.0 in stage 87.0 (TID 1435)) 6.846ms
[409.537s][info][gc,phases   ] GC(2288) Concurrent Mark 17.180ms
[409.537s][info][gc,phases   ] GC(2288) Pause Mark End 0.016ms
[409.537s][info][gc,phases   ] GC(2288) Concurrent Mark Free 0.001ms
[409.540s][info][gc,phases   ] GC(2288) Concurrent Process Non-Strong References 2.405ms
[409.540s][info][gc,phases   ] GC(2288) Concurrent Reset Relocation Set 0.005ms
[409.540s][info][gc          ] Allocation Stall (Executor task launch worker for task 15.0 in stage 87.0 (TID 1432)) 18.572ms
[409.540s][info][gc          ] Allocation Stall (Executor task launch worker for task 9.0 in stage 87.0 (TID 1428)) 17.512ms
[409.540s][info][gc          ] Allocation Stall (Executor task launch worker for task 23.0 in stage 87.0 (TID 1438)) 17.229ms
[409.540s][info][gc          ] Allocation Stall (Executor task launch worker for task 33.0 in stage 87.0 (TID 1446)) 18.445ms
[409.540s][info][gc          ] Allocation Stall (Executor task launch worker for task 38.0 in stage 87.0 (TID 1450)) 17.192ms
[409.540s][info][gc          ] Allocation Stall (Executor task launch worker for task 36.0 in stage 87.0 (TID 1448)) 17.538ms
[409.540s][info][gc          ] Allocation Stall (Executor task launch worker for task 21.0 in stage 87.0 (TID 1436)) 18.750ms
[409.540s][info][gc          ] Allocation Stall (Executor task launch worker for task 40.0 in stage 87.0 (TID 1452)) 18.734ms
[409.540s][info][gc          ] Allocation Stall (Executor task launch worker for task 1.0 in stage 87.0 (TID 1421)) 18.713ms
[409.540s][info][gc          ] Allocation Stall (Executor task launch worker for task 28.0 in stage 87.0 (TID 1442)) 18.785ms
[409.540s][info][gc          ] Allocation Stall (Executor task launch worker for task 12.0 in stage 87.0 (TID 1430)) 18.738ms
[409.540s][info][gc          ] Allocation Stall (Executor task launch worker for task 27.0 in stage 87.0 (TID 1441)) 18.505ms
[409.540s][info][gc          ] Allocation Stall (Executor task launch worker for task 24.0 in stage 87.0 (TID 1462)) 17.268ms
[409.540s][info][gc          ] Allocation Stall (Executor task launch worker for task 18.0 in stage 87.0 (TID 1435)) 18.679ms
[409.540s][info][gc          ] Allocation Stall (Executor task launch worker for task 34.0 in stage 87.0 (TID 1447)) 18.810ms
[409.540s][info][gc          ] Allocation Stall (Executor task launch worker for task 8.0 in stage 87.0 (TID 1427)) 18.790ms
[409.540s][info][gc          ] Allocation Stall (Executor task launch worker for task 35.0 in stage 87.0 (TID 1464)) 19.175ms
[409.540s][info][gc          ] Allocation Stall (Executor task launch worker for task 42.0 in stage 87.0 (TID 1465)) 17.381ms
[409.540s][info][gc          ] Allocation Stall (Executor task launch worker for task 19.0 in stage 87.0 (TID 1460)) 19.283ms
[409.540s][info][gc          ] Allocation Stall (Executor task launch worker for task 6.0 in stage 87.0 (TID 1425)) 17.301ms
[409.540s][info][gc          ] Allocation Stall (Executor task launch worker for task 22.0 in stage 87.0 (TID 1437)) 19.109ms
[409.540s][info][gc          ] Allocation Stall (Executor task launch worker for task 13.0 in stage 87.0 (TID 1431)) 18.583ms
[409.540s][info][gc          ] Allocation Stall (Executor task launch worker for task 14.0 in stage 87.0 (TID 1459)) 18.732ms
[409.540s][info][gc          ] Allocation Stall (Executor task launch worker for task 2.0 in stage 87.0 (TID 1422)) 19.058ms
[409.540s][info][gc          ] Allocation Stall (Executor task launch worker for task 41.0 in stage 87.0 (TID 1453)) 17.879ms
[409.540s][info][gc          ] Allocation Stall (Executor task launch worker for task 5.0 in stage 87.0 (TID 1424)) 18.854ms
[409.540s][info][gc          ] Allocation Stall (Executor task launch worker for task 32.0 in stage 87.0 (TID 1445)) 17.486ms
[409.540s][info][gc          ] Allocation Stall (Executor task launch worker for task 30.0 in stage 87.0 (TID 1463)) 20.069ms
[409.540s][info][gc          ] Allocation Stall (Executor task launch worker for task 39.0 in stage 87.0 (TID 1451)) 20.025ms
[409.540s][info][gc          ] Allocation Stall (Executor task launch worker for task 37.0 in stage 87.0 (TID 1449)) 20.050ms
[409.540s][info][gc          ] Allocation Stall (Executor task launch worker for task 45.0 in stage 87.0 (TID 1467)) 19.530ms
[409.540s][info][gc          ] Allocation Stall (Executor task launch worker for task 4.0 in stage 87.0 (TID 1423)) 19.174ms
[409.540s][info][gc          ] Allocation Stall (Executor task launch worker for task 3.0 in stage 87.0 (TID 1457)) 19.961ms
[409.540s][info][gc          ] Allocation Stall (Spark Context Cleaner) 2.797ms
[409.540s][info][gc          ] Allocation Stall (Executor task launch worker for task 10.0 in stage 87.0 (TID 1429)) 20.072ms
[409.540s][info][gc          ] Allocation Stall (Executor task launch worker for task 47.0 in stage 87.0 (TID 1455)) 19.982ms
[409.540s][info][gc          ] Allocation Stall (Executor task launch worker for task 20.0 in stage 87.0 (TID 1461)) 18.910ms
[409.540s][info][gc          ] Allocation Stall (Executor task launch worker for task 46.0 in stage 87.0 (TID 1468)) 19.300ms
[409.540s][info][gc          ] Allocation Stall (Executor task launch worker for task 7.0 in stage 87.0 (TID 1426)) 19.854ms
[409.540s][info][gc          ] Allocation Stall (Executor task launch worker for task 0.0 in stage 87.0 (TID 1456)) 18.942ms
[409.540s][info][gc          ] Allocation Stall (Executor task launch worker for task 17.0 in stage 87.0 (TID 1434)) 17.408ms
[409.540s][info][gc          ] Allocation Stall (Executor task launch worker for task 44.0 in stage 87.0 (TID 1466)) 17.574ms
[409.540s][info][gc          ] Allocation Stall (Executor task launch worker for task 29.0 in stage 87.0 (TID 1443)) 18.092ms
[409.540s][info][gc          ] Allocation Stall (Executor task launch worker for task 43.0 in stage 87.0 (TID 1454)) 18.552ms
[409.540s][info][gc          ] Allocation Stall (Executor task launch worker for task 16.0 in stage 87.0 (TID 1433)) 17.328ms
[409.540s][info][gc          ] Allocation Stall (Executor task launch worker for task 31.0 in stage 87.0 (TID 1444)) 18.548ms
[409.540s][info][gc          ] Allocation Stall (Executor task launch worker for task 11.0 in stage 87.0 (TID 1458)) 20.169ms
[409.540s][info][gc          ] Allocation Stall (Executor task launch worker for task 25.0 in stage 87.0 (TID 1439)) 20.239ms
[409.540s][info][gc          ] Allocation Stall (Executor task launch worker for task 26.0 in stage 87.0 (TID 1440)) 19.854ms
[409.543s][info][gc,phases   ] GC(2288) Concurrent Select Relocation Set 3.595ms
[409.552s][info][gc,phases   ] GC(2288) Pause Relocate Start 0.007ms
[409.634s][info][gc          ] Allocation Stall (Executor task launch worker for task 45.0 in stage 87.0 (TID 1467)) 1.621ms
[409.634s][info][gc          ] Allocation Stall (Executor task launch worker for task 5.0 in stage 87.0 (TID 1424)) 1.435ms
[409.634s][info][gc          ] Allocation Stall (Executor task launch worker for task 26.0 in stage 87.0 (TID 1440)) 1.745ms
[409.634s][info][gc          ] Allocation Stall (Executor task launch worker for task 39.0 in stage 87.0 (TID 1451)) 1.572ms
[409.634s][info][gc          ] Allocation Stall (Executor task launch worker for task 13.0 in stage 87.0 (TID 1431)) 2.689ms
[409.634s][info][gc          ] Allocation Stall (Executor task launch worker for task 32.0 in stage 87.0 (TID 1445)) 2.656ms
[409.634s][info][gc          ] Allocation Stall (Executor task launch worker for task 24.0 in stage 87.0 (TID 1462)) 2.655ms
[409.634s][info][gc          ] Allocation Stall (Executor task launch worker for task 38.0 in stage 87.0 (TID 1450)) 2.498ms
[409.634s][info][gc          ] Allocation Stall (Executor task launch worker for task 8.0 in stage 87.0 (TID 1427)) 2.393ms
[409.634s][info][gc          ] Allocation Stall (Executor task launch worker for task 33.0 in stage 87.0 (TID 1446)) 2.484ms
[409.634s][info][gc          ] Allocation Stall (Executor task launch worker for task 9.0 in stage 87.0 (TID 1428)) 2.368ms
[409.634s][info][gc          ] Allocation Stall (Executor task launch worker for task 22.0 in stage 87.0 (TID 1437)) 2.165ms
[409.634s][info][gc          ] Allocation Stall (Executor task launch worker for task 11.0 in stage 87.0 (TID 1458)) 2.255ms
[409.634s][info][gc          ] Allocation Stall (Executor task launch worker for task 12.0 in stage 87.0 (TID 1430)) 2.104ms
[409.634s][info][gc          ] Allocation Stall (Executor task launch worker for task 25.0 in stage 87.0 (TID 1439)) 1.948ms
[409.634s][info][gc          ] Allocation Stall (Executor task launch worker for task 31.0 in stage 87.0 (TID 1444)) 1.921ms
[409.636s][info][gc          ] Allocation Stall (Executor task launch worker for task 16.0 in stage 87.0 (TID 1433)) 3.303ms
[409.636s][info][gc          ] Allocation Stall (Executor task launch worker for task 36.0 in stage 87.0 (TID 1448)) 3.258ms
[409.636s][info][gc          ] Allocation Stall (Executor task launch worker for task 15.0 in stage 87.0 (TID 1432)) 3.075ms
[409.636s][info][gc          ] Allocation Stall (Executor task launch worker for task 28.0 in stage 87.0 (TID 1442)) 3.020ms
[409.636s][info][gc          ] Allocation Stall (Executor task launch worker for task 4.0 in stage 87.0 (TID 1423)) 3.053ms
[409.636s][info][gc          ] Allocation Stall (Executor task launch worker for task 14.0 in stage 87.0 (TID 1459)) 3.066ms
[409.636s][info][gc          ] Allocation Stall (Executor task launch worker for task 34.0 in stage 87.0 (TID 1447)) 3.093ms
[409.636s][info][gc          ] Allocation Stall (Executor task launch worker for task 18.0 in stage 87.0 (TID 1435)) 3.034ms
[409.636s][info][gc          ] Allocation Stall (Executor task launch worker for task 7.0 in stage 87.0 (TID 1426)) 3.111ms
[409.795s][info][gc          ] Allocation Stall (Executor task launch worker for task 42.0 in stage 87.0 (TID 1465)) 6.046ms
[409.795s][info][gc          ] Allocation Stall (Executor task launch worker for task 44.0 in stage 87.0 (TID 1466)) 5.830ms
[409.795s][info][gc          ] Allocation Stall (Executor task launch worker for task 12.0 in stage 87.0 (TID 1430)) 5.841ms
[409.795s][info][gc          ] Allocation Stall (Executor task launch worker for task 22.0 in stage 87.0 (TID 1437)) 5.844ms
[409.795s][info][gc          ] Allocation Stall (Executor task launch worker for task 27.0 in stage 87.0 (TID 1441)) 5.725ms
[409.796s][info][gc          ] Allocation Stall (Executor task launch worker for task 43.0 in stage 87.0 (TID 1454)) 5.402ms
[409.796s][info][gc          ] Allocation Stall (Executor task launch worker for task 21.0 in stage 87.0 (TID 1436)) 5.088ms
[409.796s][info][gc          ] Allocation Stall (Executor task launch worker for task 40.0 in stage 87.0 (TID 1452)) 5.145ms
[409.796s][info][gc          ] Allocation Stall (Executor task launch worker for task 45.0 in stage 87.0 (TID 1467)) 4.958ms
[409.796s][info][gc          ] Allocation Stall (Executor task launch worker for task 18.0 in stage 87.0 (TID 1435)) 5.007ms
[409.796s][info][gc          ] Allocation Stall (Executor task launch worker for task 46.0 in stage 87.0 (TID 1468)) 4.949ms
[409.796s][info][gc          ] Allocation Stall (Executor task launch worker for task 39.0 in stage 87.0 (TID 1451)) 4.995ms
[409.796s][info][gc          ] Allocation Stall (Executor task launch worker for task 38.0 in stage 87.0 (TID 1450)) 5.058ms
[409.796s][info][gc          ] Allocation Stall (Executor task launch worker for task 5.0 in stage 87.0 (TID 1424)) 5.046ms
[409.796s][info][gc          ] Allocation Stall (Executor task launch worker for task 0.0 in stage 87.0 (TID 1456)) 5.039ms
[409.796s][info][gc          ] Allocation Stall (Executor task launch worker for task 29.0 in stage 87.0 (TID 1443)) 5.069ms
[409.796s][info][gc          ] Allocation Stall (Executor task launch worker for task 20.0 in stage 87.0 (TID 1461)) 5.108ms
[409.796s][info][gc          ] Allocation Stall (Executor task launch worker for task 9.0 in stage 87.0 (TID 1428)) 5.140ms
[409.796s][info][gc          ] Allocation Stall (Executor task launch worker for task 17.0 in stage 87.0 (TID 1434)) 5.180ms
[409.797s][info][gc          ] Allocation Stall (Executor task launch worker for task 28.0 in stage 87.0 (TID 1442)) 5.611ms
[409.797s][info][gc          ] Allocation Stall (Executor task launch worker for task 32.0 in stage 87.0 (TID 1445)) 5.644ms
[409.797s][info][gc          ] Allocation Stall (Executor task launch worker for task 15.0 in stage 87.0 (TID 1432)) 5.672ms
[409.797s][info][gc          ] Allocation Stall (Executor task launch worker for task 47.0 in stage 87.0 (TID 1455)) 4.648ms
[409.797s][info][gc          ] Allocation Stall (Executor task launch worker for task 4.0 in stage 87.0 (TID 1423)) 3.143ms
[409.797s][info][gc          ] Allocation Stall (Executor task launch worker for task 36.0 in stage 87.0 (TID 1448)) 2.890ms
[409.797s][info][gc          ] Allocation Stall (Executor task launch worker for task 24.0 in stage 87.0 (TID 1462)) 1.442ms
[409.797s][info][gc          ] Allocation Stall (Executor task launch worker for task 2.0 in stage 87.0 (TID 1422)) 1.478ms
[409.813s][info][gc          ] Allocation Stall (Executor task launch worker for task 7.0 in stage 87.0 (TID 1426)) 1.817ms
[409.813s][info][gc          ] Allocation Stall (Executor task launch worker for task 9.0 in stage 87.0 (TID 1428)) 1.975ms
[409.813s][info][gc          ] Allocation Stall (Executor task launch worker for task 1.0 in stage 87.0 (TID 1421)) 2.122ms
[409.813s][info][gc          ] Allocation Stall (Executor task launch worker for task 0.0 in stage 87.0 (TID 1456)) 1.608ms
[409.813s][info][gc          ] Allocation Stall (Executor task launch worker for task 35.0 in stage 87.0 (TID 1464)) 1.558ms
[409.813s][info][gc          ] Allocation Stall (Executor task launch worker for task 28.0 in stage 87.0 (TID 1442)) 1.450ms
[409.813s][info][gc          ] Allocation Stall (Executor task launch worker for task 8.0 in stage 87.0 (TID 1427)) 5.977ms
[409.813s][info][gc          ] Allocation Stall (Executor task launch worker for task 25.0 in stage 87.0 (TID 1439)) 4.160ms
[409.813s][info][gc,phases   ] GC(2288) Concurrent Relocate 260.923ms
[409.813s][info][gc          ] Allocation Stall (Executor task launch worker for task 37.0 in stage 87.0 (TID 1449)) 3.880ms
[409.813s][info][gc          ] Allocation Stall (Executor task launch worker for task 16.0 in stage 87.0 (TID 1433)) 3.876ms
[409.813s][info][gc          ] Allocation Stall (Executor task launch worker for task 20.0 in stage 87.0 (TID 1461)) 3.044ms
[409.813s][info][gc          ] Allocation Stall (Executor task launch worker for task 31.0 in stage 87.0 (TID 1444)) 2.994ms
[409.813s][info][gc          ] Allocation Stall (Executor task launch worker for task 26.0 in stage 87.0 (TID 1440)) 2.945ms
[409.813s][info][gc          ] Allocation Stall (Executor task launch worker for task 40.0 in stage 87.0 (TID 1452)) 2.850ms
[409.813s][info][gc          ] Allocation Stall (Executor task launch worker for task 32.0 in stage 87.0 (TID 1445)) 2.589ms
[409.813s][info][gc          ] Allocation Stall (Executor task launch worker for task 6.0 in stage 87.0 (TID 1425)) 2.443ms
[409.813s][info][gc          ] Allocation Stall (Executor task launch worker for task 15.0 in stage 87.0 (TID 1432)) 1.557ms
[409.814s][info][gc,load     ] GC(2288) Load: 0.00/0.00/0.00
[409.814s][info][gc          ] Allocation Stall (Executor task launch worker for task 41.0 in stage 87.0 (TID 1453)) 1.883ms
[409.814s][info][gc,mmu      ] GC(2288) MMU: 2ms/86.2%, 5ms/94.5%, 10ms/97.2%, 20ms/98.6%, 50ms/99.4%, 100ms/99.6%
[409.814s][info][gc          ] Allocation Stall (Executor task launch worker for task 2.0 in stage 87.0 (TID 1422)) 1.824ms
[409.814s][info][gc,marking  ] GC(2288) Mark: 8 stripe(s), 2 proactive flush(es), 1 terminate flush(es), 0 completion(s), 0 continuation(s) 
[409.814s][info][gc          ] Allocation Stall (Executor task launch worker for task 34.0 in stage 87.0 (TID 1447)) 1.799ms
[409.814s][info][gc,marking  ] GC(2288) Mark Stack Usage: 32M
[409.814s][info][gc          ] Allocation Stall (Executor task launch worker for task 17.0 in stage 87.0 (TID 1434)) 1.710ms
[409.814s][info][gc,nmethod  ] GC(2288) NMethods: 8187 registered, 1385 unregistered
[409.814s][info][gc          ] Allocation Stall (Executor task launch worker for task 23.0 in stage 87.0 (TID 1438)) 1.724ms
[409.814s][info][gc,metaspace] GC(2288) Metaspace: 120M used, 123M committed, 1152M reserved
[409.814s][info][gc,ref      ] GC(2288) Soft: 2877 encountered, 1215 discovered, 0 enqueued
[409.814s][info][gc,ref      ] GC(2288) Weak: 14360 encountered, 1753 discovered, 0 enqueued
[409.814s][info][gc,ref      ] GC(2288) Final: 84 encountered, 5 discovered, 0 enqueued
[409.814s][info][gc,ref      ] GC(2288) Phantom: 764 encountered, 494 discovered, 0 enqueued
[409.814s][info][gc,reloc    ] GC(2288) Small Pages: 402 / 804M, Empty: 628M, Relocated: 3M, In-Place: 0
[409.814s][info][gc,reloc    ] GC(2288) Medium Pages: 38 / 1216M, Empty: 0M, Relocated: 25M, In-Place: 0
[409.814s][info][gc,reloc    ] GC(2288) Large Pages: 0 / 0M, Empty: 0M, Relocated: 0M, In-Place: 0
[409.814s][info][gc,reloc    ] GC(2288) Forwarding Usage: 0M
[409.814s][info][gc,heap     ] GC(2288) Min Capacity: 8M(0%)
[409.814s][info][gc,heap     ] GC(2288) Max Capacity: 2048M(100%)
[409.814s][info][gc,heap     ] GC(2288) Soft Max Capacity: 2048M(100%)
[409.814s][info][gc,heap     ] GC(2288)                Mark Start          Mark End        Relocate Start      Relocate End           High               Low         
[409.814s][info][gc,heap     ] GC(2288)  Capacity:     2048M (100%)       2048M (100%)       2048M (100%)       2048M (100%)       2048M (100%)       2048M (100%)   
[409.814s][info][gc,heap     ] GC(2288)      Free:       26M (1%)            0M (0%)          512M (25%)           0M (0%)          594M (29%)           0M (0%)     
[409.814s][info][gc,heap     ] GC(2288)      Used:     2022M (99%)        2048M (100%)       1536M (75%)        2048M (100%)       2048M (100%)       1454M (71%)    
[409.814s][info][gc,heap     ] GC(2288)      Live:         -              1105M (54%)        1105M (54%)        1105M (54%)            -                  -          
[409.814s][info][gc,heap     ] GC(2288) Allocated:         -                26M (1%)          142M (7%)          761M (37%)            -                  -          
[409.814s][info][gc,heap     ] GC(2288)   Garbage:         -               916M (45%)         288M (14%)         180M (9%)             -                  -          
[409.814s][info][gc,heap     ] GC(2288) Reclaimed:         -                  -               628M (31%)         735M (36%)            -                  -          
[409.814s][info][gc          ] GC(2288) Garbage Collection (Allocation Stall) 2022M(99%)->2048M(100%)
[409.814s][info][gc,start    ] GC(2289) Garbage Collection (Allocation Stall)
[409.814s][info][gc,ref      ] GC(2289) Clearing All SoftReferences
[409.814s][info][gc          ] Allocation Stall (Executor task launch worker for task 24.0 in stage 87.0 (TID 1462)) 1.904ms
[409.814s][info][gc,task     ] GC(2289) Using 12 workers
[409.814s][info][gc          ] Allocation Stall (Executor task launch worker for task 42.0 in stage 87.0 (TID 1465)) 1.913ms
[409.815s][info][gc,ref      ] GC(2289) Clearing All SoftReferences
[409.815s][info][gc,phases   ] GC(2289) Pause Mark Start 0.032ms
[409.815s][info][gc          ] Allocation Stall (Executor task launch worker for task 22.0 in stage 87.0 (TID 1437)) 2.865ms
[409.815s][info][gc          ] Allocation Stall (Executor task launch worker for task 36.0 in stage 87.0 (TID 1448)) 2.713ms
[409.815s][info][gc          ] Allocation Stall (Executor task launch worker for task 11.0 in stage 87.0 (TID 1458)) 2.802ms
[409.815s][info][gc          ] Allocation Stall (Executor task launch worker for task 14.0 in stage 87.0 (TID 1459)) 2.767ms
[409.815s][info][gc          ] Allocation Stall (Executor task launch worker for task 44.0 in stage 87.0 (TID 1466)) 2.796ms
[409.815s][info][gc          ] Allocation Stall (Executor task launch worker for task 3.0 in stage 87.0 (TID 1457)) 2.563ms
[409.815s][info][gc          ] Allocation Stall (Executor task launch worker for task 45.0 in stage 87.0 (TID 1467)) 2.595ms
[409.815s][info][gc          ] Allocation Stall (Executor task launch worker for task 27.0 in stage 87.0 (TID 1441)) 2.556ms
[409.815s][info][gc          ] Allocation Stall (Executor task launch worker for task 10.0 in stage 87.0 (TID 1429)) 2.698ms
[409.815s][info][gc          ] Allocation Stall (Executor task launch worker for task 33.0 in stage 87.0 (TID 1446)) 2.570ms
[409.815s][info][gc          ] Allocation Stall (Executor task launch worker for task 4.0 in stage 87.0 (TID 1423)) 2.679ms
[409.815s][info][gc          ] Allocation Stall (Executor task launch worker for task 38.0 in stage 87.0 (TID 1450)) 2.692ms
[409.815s][info][gc          ] Allocation Stall (Executor task launch worker for task 21.0 in stage 87.0 (TID 1436)) 2.600ms
[409.815s][info][gc          ] Allocation Stall (Executor task launch worker for task 19.0 in stage 87.0 (TID 1460)) 2.649ms
[409.816s][info][gc          ] Allocation Stall (Executor task launch worker for task 43.0 in stage 87.0 (TID 1454)) 2.621ms
[409.816s][info][gc          ] Allocation Stall (Executor task launch worker for task 30.0 in stage 87.0 (TID 1463)) 2.586ms
[409.816s][info][gc          ] Allocation Stall (Executor task launch worker for task 18.0 in stage 87.0 (TID 1435)) 2.560ms
[409.816s][info][gc          ] Allocation Stall (Executor task launch worker for task 46.0 in stage 87.0 (TID 1468)) 2.348ms
[409.816s][info][gc          ] Allocation Stall (Executor task launch worker for task 5.0 in stage 87.0 (TID 1424)) 2.374ms
[409.816s][info][gc          ] Allocation Stall (Executor task launch worker for task 13.0 in stage 87.0 (TID 1431)) 2.381ms
[409.816s][info][gc          ] Allocation Stall (Executor task launch worker for task 29.0 in stage 87.0 (TID 1443)) 2.433ms
[409.816s][info][gc          ] Allocation Stall (Executor task launch worker for task 39.0 in stage 87.0 (TID 1451)) 2.442ms
[409.816s][info][gc          ] Allocation Stall (Executor task launch worker for task 12.0 in stage 87.0 (TID 1430)) 2.468ms
[409.816s][info][gc          ] Allocation Stall (Executor task launch worker for task 41.0 in stage 87.0 (TID 1453)) 0.532ms
[409.816s][info][gc          ] Allocation Stall (Executor task launch worker for task 24.0 in stage 87.0 (TID 1462)) 0.558ms
[409.816s][info][gc          ] Allocation Stall (Executor task launch worker for task 25.0 in stage 87.0 (TID 1439)) 0.582ms
[409.816s][info][gc          ] Allocation Stall (Executor task launch worker for task 2.0 in stage 87.0 (TID 1422)) 0.612ms
[409.816s][info][gc          ] Allocation Stall (Executor task launch worker for task 7.0 in stage 87.0 (TID 1426)) 0.687ms
[409.816s][info][gc          ] Allocation Stall (Executor task launch worker for task 16.0 in stage 87.0 (TID 1433)) 0.721ms
[409.816s][info][gc          ] Allocation Stall (Executor task launch worker for task 34.0 in stage 87.0 (TID 1447)) 0.712ms
[409.816s][info][gc          ] Allocation Stall (Executor task launch worker for task 1.0 in stage 87.0 (TID 1421)) 0.747ms
[409.816s][info][gc          ] Allocation Stall (Executor task launch worker for task 17.0 in stage 87.0 (TID 1434)) 0.780ms
[409.816s][info][gc          ] Allocation Stall (Executor task launch worker for task 15.0 in stage 87.0 (TID 1432)) 0.797ms
[409.816s][info][gc          ] Allocation Stall (Executor task launch worker for task 32.0 in stage 87.0 (TID 1445)) 0.822ms
[409.816s][info][gc          ] Allocation Stall (Executor task launch worker for task 31.0 in stage 87.0 (TID 1444)) 0.825ms
[409.849s][info][gc,phases   ] GC(2289) Concurrent Mark 34.119ms
[409.850s][info][gc,phases   ] GC(2289) Pause Mark End 0.020ms
[409.850s][info][gc,phases   ] GC(2289) Concurrent Mark Free 0.001ms
[409.852s][info][gc,phases   ] GC(2289) Concurrent Process Non-Strong References 2.690ms
[409.852s][info][gc,phases   ] GC(2289) Concurrent Reset Relocation Set 0.006ms
[409.853s][info][gc          ] Allocation Stall (Executor task launch worker for task 46.0 in stage 87.0 (TID 1468)) 24.123ms
[409.853s][info][gc          ] Allocation Stall (Executor task launch worker for task 42.0 in stage 87.0 (TID 1465)) 24.444ms
[409.853s][info][gc          ] Allocation Stall (Executor task launch worker for task 15.0 in stage 87.0 (TID 1432)) 24.497ms
[409.853s][info][gc          ] Allocation Stall (Executor task launch worker for task 24.0 in stage 87.0 (TID 1462)) 24.018ms
[409.853s][info][gc          ] Allocation Stall (Executor task launch worker for task 22.0 in stage 87.0 (TID 1437)) 24.605ms
[409.853s][info][gc          ] Allocation Stall (Executor task launch worker for task 47.0 in stage 87.0 (TID 1455)) 22.599ms
[409.853s][info][gc          ] Allocation Stall (Executor task launch worker for task 8.0 in stage 87.0 (TID 1427)) 24.372ms
[409.853s][info][gc          ] Allocation Stall (Executor task launch worker for task 2.0 in stage 87.0 (TID 1422)) 24.091ms
[409.853s][info][gc          ] Allocation Stall (Executor task launch worker for task 31.0 in stage 87.0 (TID 1444)) 25.121ms
[409.853s][info][gc          ] Allocation Stall (Executor task launch worker for task 43.0 in stage 87.0 (TID 1454)) 23.988ms
[409.853s][info][gc          ] Allocation Stall (Executor task launch worker for task 32.0 in stage 87.0 (TID 1445)) 24.694ms
[409.853s][info][gc          ] Allocation Stall (Executor task launch worker for task 33.0 in stage 87.0 (TID 1446)) 25.402ms
[409.853s][info][gc          ] Allocation Stall (Executor task launch worker for task 27.0 in stage 87.0 (TID 1441)) 24.598ms
[409.853s][info][gc          ] Allocation Stall (Executor task launch worker for task 19.0 in stage 87.0 (TID 1460)) 24.020ms
[409.853s][info][gc          ] Allocation Stall (Executor task launch worker for task 45.0 in stage 87.0 (TID 1467)) 24.926ms
[409.853s][info][gc          ] Allocation Stall (Executor task launch worker for task 36.0 in stage 87.0 (TID 1448)) 26.332ms
[409.853s][info][gc          ] Allocation Stall (Executor task launch worker for task 41.0 in stage 87.0 (TID 1453)) 24.815ms
[409.853s][info][gc          ] Allocation Stall (Executor task launch worker for task 25.0 in stage 87.0 (TID 1439)) 23.889ms
[409.853s][info][gc          ] Allocation Stall (Executor task launch worker for task 3.0 in stage 87.0 (TID 1457)) 25.287ms
[409.853s][info][gc          ] Allocation Stall (Executor task launch worker for task 21.0 in stage 87.0 (TID 1436)) 24.067ms
[409.853s][info][gc          ] Allocation Stall (Executor task launch worker for task 30.0 in stage 87.0 (TID 1463)) 25.139ms
[409.853s][info][gc          ] Allocation Stall (Executor task launch worker for task 4.0 in stage 87.0 (TID 1423)) 23.994ms
[409.853s][info][gc          ] Allocation Stall (Executor task launch worker for task 16.0 in stage 87.0 (TID 1433)) 24.937ms
[409.853s][info][gc          ] Allocation Stall (Executor task launch worker for task 28.0 in stage 87.0 (TID 1442)) 24.694ms
[409.853s][info][gc          ] Allocation Stall (Executor task launch worker for task 34.0 in stage 87.0 (TID 1447)) 25.326ms
[409.853s][info][gc          ] Allocation Stall (Executor task launch worker for task 6.0 in stage 87.0 (TID 1425)) 26.435ms
[409.853s][info][gc          ] Allocation Stall (Executor task launch worker for task 10.0 in stage 87.0 (TID 1429)) 25.313ms
[409.853s][info][gc          ] Allocation Stall (Executor task launch worker for task 23.0 in stage 87.0 (TID 1438)) 24.889ms
[409.853s][info][gc          ] Allocation Stall (Executor task launch worker for task 1.0 in stage 87.0 (TID 1421)) 24.104ms
[409.853s][info][gc          ] Allocation Stall (Executor task launch worker for task 11.0 in stage 87.0 (TID 1458)) 26.261ms
[409.853s][info][gc          ] Allocation Stall (Executor task launch worker for task 9.0 in stage 87.0 (TID 1428)) 25.661ms
[409.853s][info][gc          ] Allocation Stall (Executor task launch worker for task 37.0 in stage 87.0 (TID 1449)) 25.014ms
[409.853s][info][gc          ] Allocation Stall (Executor task launch worker for task 13.0 in stage 87.0 (TID 1431)) 25.284ms
[409.853s][info][gc          ] Allocation Stall (Executor task launch worker for task 12.0 in stage 87.0 (TID 1430)) 23.945ms
[409.853s][info][gc          ] Allocation Stall (Executor task launch worker for task 26.0 in stage 87.0 (TID 1440)) 26.076ms
[409.853s][info][gc          ] Allocation Stall (Executor task launch worker for task 40.0 in stage 87.0 (TID 1452)) 23.899ms
[409.853s][info][gc          ] Allocation Stall (Executor task launch worker for task 14.0 in stage 87.0 (TID 1459)) 24.724ms
[409.853s][info][gc          ] Allocation Stall (Executor task launch worker for task 39.0 in stage 87.0 (TID 1451)) 24.037ms
[409.853s][info][gc          ] Allocation Stall (Executor task launch worker for task 5.0 in stage 87.0 (TID 1424)) 24.184ms
[409.853s][info][gc          ] Allocation Stall (Executor task launch worker for task 0.0 in stage 87.0 (TID 1456)) 25.118ms
[409.853s][info][gc          ] Allocation Stall (Executor task launch worker for task 29.0 in stage 87.0 (TID 1443)) 24.039ms
[409.853s][info][gc          ] Allocation Stall (Executor task launch worker for task 38.0 in stage 87.0 (TID 1450)) 24.000ms
[409.853s][info][gc          ] Allocation Stall (Executor task launch worker for task 18.0 in stage 87.0 (TID 1435)) 24.499ms
[409.853s][info][gc          ] Allocation Stall (Executor task launch worker for task 35.0 in stage 87.0 (TID 1464)) 24.415ms
[409.853s][info][gc          ] Allocation Stall (Executor task launch worker for task 7.0 in stage 87.0 (TID 1426)) 25.199ms
[409.853s][info][gc          ] Allocation Stall (Executor task launch worker for task 44.0 in stage 87.0 (TID 1466)) 24.689ms
[409.853s][info][gc          ] Allocation Stall (Executor task launch worker for task 17.0 in stage 87.0 (TID 1434)) 24.394ms
[409.853s][info][gc          ] Allocation Stall (Executor task launch worker for task 20.0 in stage 87.0 (TID 1461)) 24.407ms
[409.857s][info][gc,phases   ] GC(2289) Concurrent Select Relocation Set 4.672ms
[409.868s][info][gc,phases   ] GC(2289) Pause Relocate Start 0.009ms
[409.872s][info][gc,phases   ] GC(2289) Concurrent Relocate 4.415ms
[409.872s][info][gc,load     ] GC(2289) Load: 0.00/0.00/0.00
[409.872s][info][gc,mmu      ] GC(2289) MMU: 2ms/86.2%, 5ms/94.5%, 10ms/97.2%, 20ms/98.6%, 50ms/99.4%, 100ms/99.6%
[409.872s][info][gc,marking  ] GC(2289) Mark: 8 stripe(s), 3 proactive flush(es), 1 terminate flush(es), 0 completion(s), 0 continuation(s) 
[409.872s][info][gc,marking  ] GC(2289) Mark Stack Usage: 32M
[409.872s][info][gc,nmethod  ] GC(2289) NMethods: 8187 registered, 1385 unregistered
[409.872s][info][gc,metaspace] GC(2289) Metaspace: 120M used, 123M committed, 1152M reserved
[409.872s][info][gc,ref      ] GC(2289) Soft: 2881 encountered, 293 discovered, 1 enqueued
[409.872s][info][gc,ref      ] GC(2289) Weak: 13717 encountered, 2505 discovered, 1 enqueued
[409.872s][info][gc,ref      ] GC(2289) Final: 84 encountered, 0 discovered, 0 enqueued
[409.872s][info][gc,ref      ] GC(2289) Phantom: 764 encountered, 535 discovered, 0 enqueued
[409.872s][info][gc,reloc    ] GC(2289) Small Pages: 404 / 808M, Empty: 644M, Relocated: 3M, In-Place: 0
[409.872s][info][gc,reloc    ] GC(2289) Medium Pages: 38 / 1216M, Empty: 0M, Relocated: 0M, In-Place: 0
[409.872s][info][gc,reloc    ] GC(2289) Large Pages: 0 / 0M, Empty: 0M, Relocated: 0M, In-Place: 0
[409.873s][info][gc,reloc    ] GC(2289) Forwarding Usage: 0M
[409.873s][info][gc,heap     ] GC(2289) Min Capacity: 8M(0%)
[409.873s][info][gc,heap     ] GC(2289) Max Capacity: 2048M(100%)
[409.873s][info][gc,heap     ] GC(2289) Soft Max Capacity: 2048M(100%)
[409.873s][info][gc,heap     ] GC(2289)                Mark Start          Mark End        Relocate Start      Relocate End           High               Low         
[409.873s][info][gc,heap     ] GC(2289)  Capacity:     2048M (100%)       2048M (100%)       2048M (100%)       2048M (100%)       2048M (100%)       2048M (100%)   
[409.873s][info][gc,heap     ] GC(2289)      Free:        0M (0%)            0M (0%)          560M (27%)         572M (28%)         622M (30%)           0M (0%)     
[409.873s][info][gc,heap     ] GC(2289)      Used:     2048M (100%)       2048M (100%)       1488M (73%)        1476M (72%)        2048M (100%)       1426M (70%)    
[409.873s][info][gc,heap     ] GC(2289)      Live:         -              1114M (54%)        1114M (54%)        1114M (54%)            -                  -          
[409.873s][info][gc,heap     ] GC(2289) Allocated:         -                 0M (0%)           84M (4%)          140M (7%)             -                  -          
[409.873s][info][gc,heap     ] GC(2289)   Garbage:         -               933M (46%)         289M (14%)         220M (11%)            -                  -          
[409.873s][info][gc,heap     ] GC(2289) Reclaimed:         -                  -               644M (31%)         712M (35%)            -                  -          
[409.873s][info][gc          ] GC(2289) Garbage Collection (Allocation Stall) 2048M(100%)->1476M(72%)
[409.923s][info][gc          ] Allocation Stall (Executor task launch worker for task 15.0 in stage 87.0 (TID 1432)) 0.086ms
[409.923s][info][gc,start    ] GC(2290) Garbage Collection (Allocation Stall)
[409.923s][info][gc,ref      ] GC(2290) Clearing All SoftReferences
[409.923s][info][gc,task     ] GC(2290) Using 12 workers
[409.924s][info][gc,ref      ] GC(2290) Clearing All SoftReferences
[409.924s][info][gc,phases   ] GC(2290) Pause Mark Start 0.036ms
[409.943s][info][gc,phases   ] GC(2290) Concurrent Mark 19.553ms
[409.943s][info][gc,phases   ] GC(2290) Pause Mark End 0.021ms
[409.943s][info][gc,phases   ] GC(2290) Concurrent Mark Free 0.001ms
[409.968s][info][gc,phases   ] GC(2290) Concurrent Process Non-Strong References 24.308ms
[409.968s][info][gc,phases   ] GC(2290) Concurrent Reset Relocation Set 0.006ms
[409.968s][info][gc          ] Allocation Stall (Executor task launch worker for task 37.0 in stage 87.0 (TID 1449)) 44.265ms
[409.968s][info][gc          ] Allocation Stall (Executor task launch worker for task 14.0 in stage 87.0 (TID 1459)) 44.252ms
[409.968s][info][gc          ] Allocation Stall (Executor task launch worker for task 43.0 in stage 87.0 (TID 1454)) 44.682ms
[409.968s][info][gc          ] Allocation Stall (Executor task launch worker for task 10.0 in stage 87.0 (TID 1429)) 44.785ms
[409.968s][info][gc          ] Allocation Stall (Executor task launch worker for task 7.0 in stage 87.0 (TID 1426)) 44.764ms
[409.968s][info][gc          ] Allocation Stall (Executor task launch worker for task 28.0 in stage 87.0 (TID 1442)) 44.292ms
[409.968s][info][gc          ] Allocation Stall (Executor task launch worker for task 6.0 in stage 87.0 (TID 1425)) 45.189ms
[409.968s][info][gc          ] Allocation Stall (Executor task launch worker for task 34.0 in stage 87.0 (TID 1447)) 44.287ms
[409.968s][info][gc          ] Allocation Stall (Executor task launch worker for task 8.0 in stage 87.0 (TID 1427)) 44.682ms
[409.968s][info][gc          ] Allocation Stall (Executor task launch worker for task 29.0 in stage 87.0 (TID 1443)) 44.290ms
[409.968s][info][gc          ] Allocation Stall (Executor task launch worker for task 24.0 in stage 87.0 (TID 1462)) 44.205ms
[409.968s][info][gc          ] Allocation Stall (Executor task launch worker for task 16.0 in stage 87.0 (TID 1433)) 44.999ms
[409.968s][info][gc          ] Allocation Stall (Executor task launch worker for task 26.0 in stage 87.0 (TID 1440)) 44.703ms
[409.968s][info][gc          ] Allocation Stall (Executor task launch worker for task 18.0 in stage 87.0 (TID 1435)) 44.756ms
[409.968s][info][gc          ] Allocation Stall (Executor task launch worker for task 0.0 in stage 87.0 (TID 1456)) 44.999ms
[409.968s][info][gc          ] Allocation Stall (Executor task launch worker for task 33.0 in stage 87.0 (TID 1446)) 44.740ms
[409.968s][info][gc          ] Allocation Stall (Executor task launch worker for task 9.0 in stage 87.0 (TID 1428)) 44.859ms
[409.968s][info][gc          ] Allocation Stall (Executor task launch worker for task 25.0 in stage 87.0 (TID 1439)) 44.816ms
[409.968s][info][gc          ] Allocation Stall (Executor task launch worker for task 1.0 in stage 87.0 (TID 1421)) 45.134ms
[409.968s][info][gc          ] Allocation Stall (Executor task launch worker for task 35.0 in stage 87.0 (TID 1464)) 45.258ms
[409.968s][info][gc          ] Allocation Stall (Executor task launch worker for task 23.0 in stage 87.0 (TID 1438)) 45.103ms
[409.968s][info][gc          ] Allocation Stall (Executor task launch worker for task 41.0 in stage 87.0 (TID 1453)) 45.002ms
[409.968s][info][gc          ] Allocation Stall (Executor task launch worker for task 38.0 in stage 87.0 (TID 1450)) 44.977ms
[409.968s][info][gc          ] Allocation Stall (Executor task launch worker for task 46.0 in stage 87.0 (TID 1468)) 44.762ms
[409.968s][info][gc          ] Allocation Stall (dispatcher-event-loop-34) 44.740ms
[409.968s][info][gc          ] Allocation Stall (Executor task launch worker for task 39.0 in stage 87.0 (TID 1451)) 44.773ms
[409.968s][info][gc          ] Allocation Stall (Executor task launch worker for task 21.0 in stage 87.0 (TID 1436)) 45.109ms
[409.968s][info][gc          ] Allocation Stall (Executor task launch worker for task 20.0 in stage 87.0 (TID 1461)) 45.160ms
[409.968s][info][gc          ] Allocation Stall (Executor task launch worker for task 45.0 in stage 87.0 (TID 1467)) 44.825ms
[409.968s][info][gc          ] Allocation Stall (Executor task launch worker for task 42.0 in stage 87.0 (TID 1465)) 44.850ms
[409.968s][info][gc          ] Allocation Stall (Executor task launch worker for task 36.0 in stage 87.0 (TID 1448)) 44.793ms
[409.968s][info][gc          ] Allocation Stall (Executor task launch worker for task 17.0 in stage 87.0 (TID 1434)) 44.811ms
[409.968s][info][gc          ] Allocation Stall (Executor task launch worker for task 22.0 in stage 87.0 (TID 1437)) 44.803ms
[409.968s][info][gc          ] Allocation Stall (Executor task launch worker for task 4.0 in stage 87.0 (TID 1423)) 44.393ms
[409.968s][info][gc          ] Allocation Stall (Executor task launch worker for task 32.0 in stage 87.0 (TID 1445)) 44.421ms
[409.968s][info][gc          ] Allocation Stall (Executor task launch worker for task 19.0 in stage 87.0 (TID 1460)) 44.825ms
[409.968s][info][gc          ] Allocation Stall (Executor task launch worker for task 15.0 in stage 87.0 (TID 1432)) 44.418ms
[409.968s][info][gc          ] Allocation Stall (Executor task launch worker for task 12.0 in stage 87.0 (TID 1430)) 44.785ms
[409.968s][info][gc          ] Allocation Stall (Executor task launch worker for task 5.0 in stage 87.0 (TID 1424)) 44.839ms
[409.968s][info][gc          ] Allocation Stall (Executor task launch worker for task 13.0 in stage 87.0 (TID 1431)) 45.203ms
[409.968s][info][gc          ] Allocation Stall (Executor task launch worker for task 27.0 in stage 87.0 (TID 1441)) 45.229ms
[409.968s][info][gc          ] Allocation Stall (Executor task launch worker for task 44.0 in stage 87.0 (TID 1466)) 44.945ms
[409.968s][info][gc          ] Allocation Stall (Executor task launch worker for task 31.0 in stage 87.0 (TID 1444)) 44.799ms
[409.968s][info][gc          ] Allocation Stall (Executor task launch worker for task 3.0 in stage 87.0 (TID 1457)) 44.880ms
[409.968s][info][gc          ] Allocation Stall (Executor task launch worker for task 40.0 in stage 87.0 (TID 1452)) 44.984ms
[409.968s][info][gc          ] Allocation Stall (Executor task launch worker for task 30.0 in stage 87.0 (TID 1463)) 44.375ms
[409.968s][info][gc          ] Allocation Stall (Executor task launch worker for task 2.0 in stage 87.0 (TID 1422)) 44.960ms
[409.968s][info][gc          ] Allocation Stall (Executor task launch worker for task 11.0 in stage 87.0 (TID 1458)) 45.217ms
[409.971s][info][gc,phases   ] GC(2290) Concurrent Select Relocation Set 3.697ms
[409.972s][info][gc,phases   ] GC(2290) Pause Relocate Start 0.010ms
[410.032s][info][gc          ] Allocation Stall (Executor task launch worker for task 5.0 in stage 87.0 (TID 1424)) 4.367ms
[410.032s][info][gc          ] Allocation Stall (Executor task launch worker for task 14.0 in stage 87.0 (TID 1459)) 4.409ms
[410.032s][info][gc          ] Allocation Stall (Executor task launch worker for task 31.0 in stage 87.0 (TID 1444)) 4.344ms
[410.032s][info][gc          ] Allocation Stall (Executor task launch worker for task 15.0 in stage 87.0 (TID 1432)) 4.369ms
[410.032s][info][gc          ] Allocation Stall (Executor task launch worker for task 42.0 in stage 87.0 (TID 1465)) 4.419ms
[410.032s][info][gc          ] Allocation Stall (Executor task launch worker for task 10.0 in stage 87.0 (TID 1429)) 4.374ms
[410.032s][info][gc          ] Allocation Stall (Executor task launch worker for task 29.0 in stage 87.0 (TID 1443)) 4.378ms
[410.032s][info][gc          ] Allocation Stall (Executor task launch worker for task 2.0 in stage 87.0 (TID 1422)) 4.357ms
[410.032s][info][gc          ] Allocation Stall (Executor task launch worker for task 25.0 in stage 87.0 (TID 1439)) 4.656ms
[410.032s][info][gc          ] Allocation Stall (Executor task launch worker for task 12.0 in stage 87.0 (TID 1430)) 4.665ms
[410.032s][info][gc          ] Allocation Stall (Executor task launch worker for task 39.0 in stage 87.0 (TID 1451)) 4.662ms
[410.032s][info][gc          ] Allocation Stall (Executor task launch worker for task 4.0 in stage 87.0 (TID 1423)) 4.653ms
[410.032s][info][gc          ] Allocation Stall (Executor task launch worker for task 26.0 in stage 87.0 (TID 1440)) 4.515ms
[410.032s][info][gc          ] Allocation Stall (Executor task launch worker for task 6.0 in stage 87.0 (TID 1425)) 4.517ms
[410.032s][info][gc          ] Allocation Stall (Executor task launch worker for task 24.0 in stage 87.0 (TID 1462)) 4.513ms
[410.032s][info][gc          ] Allocation Stall (Executor task launch worker for task 34.0 in stage 87.0 (TID 1447)) 4.488ms
[410.032s][info][gc          ] Allocation Stall (Executor task launch worker for task 21.0 in stage 87.0 (TID 1436)) 4.498ms
[410.032s][info][gc          ] Allocation Stall (Executor task launch worker for task 7.0 in stage 87.0 (TID 1426)) 4.678ms
[410.032s][info][gc          ] Allocation Stall (Executor task launch worker for task 45.0 in stage 87.0 (TID 1467)) 4.658ms
[410.032s][info][gc          ] Allocation Stall (Executor task launch worker for task 35.0 in stage 87.0 (TID 1464)) 4.769ms
[410.033s][info][gc          ] Allocation Stall (Executor task launch worker for task 43.0 in stage 87.0 (TID 1454)) 4.787ms
[410.033s][info][gc          ] Allocation Stall (Executor task launch worker for task 41.0 in stage 87.0 (TID 1453)) 4.760ms
[410.033s][info][gc          ] Allocation Stall (Executor task launch worker for task 23.0 in stage 87.0 (TID 1438)) 4.758ms
[410.033s][info][gc          ] Allocation Stall (Executor task launch worker for task 46.0 in stage 87.0 (TID 1468)) 4.800ms
[410.033s][info][gc          ] Allocation Stall (Executor task launch worker for task 37.0 in stage 87.0 (TID 1449)) 4.812ms
[410.033s][info][gc          ] Allocation Stall (Executor task launch worker for task 19.0 in stage 87.0 (TID 1460)) 4.837ms
[410.033s][info][gc          ] Allocation Stall (Executor task launch worker for task 13.0 in stage 87.0 (TID 1431)) 4.842ms
[410.033s][info][gc          ] Allocation Stall (Executor task launch worker for task 3.0 in stage 87.0 (TID 1457)) 4.877ms
[410.033s][info][gc          ] Allocation Stall (Executor task launch worker for task 22.0 in stage 87.0 (TID 1437)) 4.862ms
[410.033s][info][gc          ] Allocation Stall (Executor task launch worker for task 9.0 in stage 87.0 (TID 1428)) 4.925ms
[410.033s][info][gc          ] Allocation Stall (Executor task launch worker for task 36.0 in stage 87.0 (TID 1448)) 4.962ms
[410.033s][info][gc          ] Allocation Stall (Executor task launch worker for task 38.0 in stage 87.0 (TID 1450)) 4.991ms
[410.033s][info][gc          ] Allocation Stall (Executor task launch worker for task 17.0 in stage 87.0 (TID 1434)) 5.024ms
[410.033s][info][gc          ] Allocation Stall (Executor task launch worker for task 16.0 in stage 87.0 (TID 1433)) 5.075ms
[410.033s][info][gc          ] Allocation Stall (Executor task launch worker for task 18.0 in stage 87.0 (TID 1435)) 5.121ms
[410.034s][info][gc          ] Allocation Stall (Executor task launch worker for task 32.0 in stage 87.0 (TID 1445)) 6.089ms
[410.034s][info][gc          ] Allocation Stall (Executor task launch worker for task 33.0 in stage 87.0 (TID 1446)) 6.138ms
[410.034s][info][gc          ] Allocation Stall (Executor task launch worker for task 27.0 in stage 87.0 (TID 1441)) 6.181ms
[410.034s][info][gc          ] Allocation Stall (Executor task launch worker for task 8.0 in stage 87.0 (TID 1427)) 6.226ms
[410.034s][info][gc          ] Allocation Stall (Executor task launch worker for task 11.0 in stage 87.0 (TID 1458)) 6.267ms
[410.034s][info][gc          ] Allocation Stall (Executor task launch worker for task 44.0 in stage 87.0 (TID 1466)) 6.301ms
[410.034s][info][gc          ] Allocation Stall (Executor task launch worker for task 30.0 in stage 87.0 (TID 1463)) 6.341ms
[410.035s][info][gc          ] Allocation Stall (Executor task launch worker for task 0.0 in stage 87.0 (TID 1456)) 7.250ms
[410.035s][info][gc          ] Allocation Stall (Executor task launch worker for task 40.0 in stage 87.0 (TID 1452)) 7.272ms
[410.035s][info][gc          ] Allocation Stall (Executor task launch worker for task 1.0 in stage 87.0 (TID 1421)) 7.311ms
[410.035s][info][gc          ] Allocation Stall (Executor task launch worker for task 28.0 in stage 87.0 (TID 1442)) 7.345ms
[410.035s][info][gc          ] Allocation Stall (Executor task launch worker for task 20.0 in stage 87.0 (TID 1461)) 3.383ms
[410.045s][info][gc          ] Allocation Stall (Executor task launch worker for task 33.0 in stage 87.0 (TID 1446)) 3.683ms
[410.045s][info][gc          ] Allocation Stall (Executor task launch worker for task 14.0 in stage 87.0 (TID 1459)) 3.679ms
[410.045s][info][gc          ] Allocation Stall (Executor task launch worker for task 3.0 in stage 87.0 (TID 1457)) 3.417ms
[410.045s][info][gc          ] Allocation Stall (Executor task launch worker for task 32.0 in stage 87.0 (TID 1445)) 3.591ms
[410.045s][info][gc          ] Allocation Stall (Executor task launch worker for task 11.0 in stage 87.0 (TID 1458)) 3.621ms
[410.045s][info][gc          ] Allocation Stall (Executor task launch worker for task 42.0 in stage 87.0 (TID 1465)) 3.474ms
[410.045s][info][gc          ] Allocation Stall (Executor task launch worker for task 38.0 in stage 87.0 (TID 1450)) 3.116ms
[410.045s][info][gc          ] Allocation Stall (Executor task launch worker for task 25.0 in stage 87.0 (TID 1439)) 3.127ms
[410.045s][info][gc          ] Allocation Stall (Executor task launch worker for task 30.0 in stage 87.0 (TID 1463)) 3.073ms
[410.045s][info][gc          ] Allocation Stall (Executor task launch worker for task 10.0 in stage 87.0 (TID 1429)) 2.864ms
[410.045s][info][gc          ] Allocation Stall (Executor task launch worker for task 20.0 in stage 87.0 (TID 1461)) 2.695ms
[410.045s][info][gc          ] Allocation Stall (Executor task launch worker for task 40.0 in stage 87.0 (TID 1452)) 2.578ms
[410.045s][info][gc          ] Allocation Stall (Executor task launch worker for task 1.0 in stage 87.0 (TID 1421)) 2.369ms
[410.045s][info][gc          ] Allocation Stall (Executor task launch worker for task 0.0 in stage 87.0 (TID 1456)) 2.270ms
[410.045s][info][gc          ] Allocation Stall (Executor task launch worker for task 28.0 in stage 87.0 (TID 1442)) 2.153ms
[410.046s][info][gc          ] Allocation Stall (Executor task launch worker for task 15.0 in stage 87.0 (TID 1432)) 2.215ms
[410.046s][info][gc          ] Allocation Stall (Executor task launch worker for task 29.0 in stage 87.0 (TID 1443)) 2.256ms
[410.046s][info][gc          ] Allocation Stall (Executor task launch worker for task 17.0 in stage 87.0 (TID 1434)) 1.631ms
[410.046s][info][gc          ] Allocation Stall (Executor task launch worker for task 31.0 in stage 87.0 (TID 1444)) 1.673ms
[410.046s][info][gc          ] Allocation Stall (Executor task launch worker for task 46.0 in stage 87.0 (TID 1468)) 1.475ms
[410.051s][info][gc          ] Allocation Stall (Executor task launch worker for task 45.0 in stage 87.0 (TID 1467)) 3.912ms
[410.051s][info][gc          ] Allocation Stall (Executor task launch worker for task 23.0 in stage 87.0 (TID 1438)) 3.340ms
[410.051s][info][gc          ] Allocation Stall (Executor task launch worker for task 37.0 in stage 87.0 (TID 1449)) 3.283ms
[410.052s][info][gc          ] Allocation Stall (Executor task launch worker for task 16.0 in stage 87.0 (TID 1433)) 3.285ms
[410.052s][info][gc,phases   ] GC(2290) Concurrent Relocate 80.260ms
[410.052s][info][gc,load     ] GC(2290) Load: 0.00/0.00/0.00
[410.052s][info][gc,mmu      ] GC(2290) MMU: 2ms/86.2%, 5ms/94.5%, 10ms/97.2%, 20ms/98.6%, 50ms/99.4%, 100ms/99.6%
[410.052s][info][gc,marking  ] GC(2290) Mark: 8 stripe(s), 2 proactive flush(es), 1 terminate flush(es), 0 completion(s), 0 continuation(s) 
[410.052s][info][gc,marking  ] GC(2290) Mark Stack Usage: 32M
[410.052s][info][gc,nmethod  ] GC(2290) NMethods: 8187 registered, 1385 unregistered
[410.052s][info][gc,metaspace] GC(2290) Metaspace: 120M used, 123M committed, 1152M reserved
[410.052s][info][gc,ref      ] GC(2290) Soft: 2930 encountered, 329 discovered, 54 enqueued
[410.052s][info][gc,ref      ] GC(2290) Weak: 13792 encountered, 1404 discovered, 24 enqueued
[410.052s][info][gc,ref      ] GC(2290) Final: 84 encountered, 0 discovered, 0 enqueued
[410.052s][info][gc,ref      ] GC(2290) Phantom: 764 encountered, 574 discovered, 0 enqueued
[410.052s][info][gc,reloc    ] GC(2290) Small Pages: 400 / 800M, Empty: 658M, Relocated: 3M, In-Place: 0
[410.052s][info][gc,reloc    ] GC(2290) Medium Pages: 39 / 1248M, Empty: 0M, Relocated: 18M, In-Place: 0
[410.052s][info][gc,reloc    ] GC(2290) Large Pages: 0 / 0M, Empty: 0M, Relocated: 0M, In-Place: 0
[410.052s][info][gc,reloc    ] GC(2290) Forwarding Usage: 0M
[410.052s][info][gc,heap     ] GC(2290) Min Capacity: 8M(0%)
[410.052s][info][gc,heap     ] GC(2290) Max Capacity: 2048M(100%)
[410.052s][info][gc,heap     ] GC(2290) Soft Max Capacity: 2048M(100%)
[410.053s][info][gc,heap     ] GC(2290)                Mark Start          Mark End        Relocate Start      Relocate End           High               Low         
[410.053s][info][gc,heap     ] GC(2290)  Capacity:     2048M (100%)       2048M (100%)       2048M (100%)       2048M (100%)       2048M (100%)       2048M (100%)   
[410.053s][info][gc,heap     ] GC(2290)      Free:        0M (0%)            0M (0%)          626M (31%)          34M (2%)          640M (31%)           0M (0%)     
[410.053s][info][gc,heap     ] GC(2290)      Used:     2048M (100%)       2048M (100%)       1422M (69%)        2014M (98%)        2048M (100%)       1408M (69%)    
[410.053s][info][gc,heap     ] GC(2290)      Live:         -              1116M (55%)        1116M (55%)        1116M (55%)            -                  -          
[410.053s][info][gc,heap     ] GC(2290) Allocated:         -                 0M (0%)           32M (2%)          707M (35%)            -                  -          
[410.053s][info][gc,heap     ] GC(2290)   Garbage:         -               931M (45%)         273M (13%)         190M (9%)             -                  -          
[410.053s][info][gc,heap     ] GC(2290) Reclaimed:         -                  -               658M (32%)         741M (36%)            -                  -          
[410.053s][info][gc          ] GC(2290) Garbage Collection (Allocation Stall) 2048M(100%)->2014M(98%)
[410.053s][info][gc,start    ] GC(2291) Garbage Collection (Allocation Stall)
[410.053s][info][gc,ref      ] GC(2291) Clearing All SoftReferences
[410.053s][info][gc,task     ] GC(2291) Using 12 workers
[410.053s][info][gc,ref      ] GC(2291) Clearing All SoftReferences
[410.053s][info][gc,phases   ] GC(2291) Pause Mark Start 0.041ms
[410.054s][info][gc          ] Allocation Stall (Executor task launch worker for task 11.0 in stage 87.0 (TID 1458)) 0.002ms
[410.054s][info][gc          ] Allocation Stall (Executor task launch worker for task 0.0 in stage 87.0 (TID 1456)) 0.045ms
[410.054s][info][gc          ] Allocation Stall (Executor task launch worker for task 27.0 in stage 87.0 (TID 1441)) 0.097ms
[410.054s][info][gc          ] Allocation Stall (Executor task launch worker for task 6.0 in stage 87.0 (TID 1425)) 0.135ms
[410.054s][info][gc          ] Allocation Stall (Executor task launch worker for task 36.0 in stage 87.0 (TID 1448)) 0.191ms
[410.054s][info][gc          ] Allocation Stall (Executor task launch worker for task 35.0 in stage 87.0 (TID 1464)) 0.196ms
[410.054s][info][gc          ] Allocation Stall (Executor task launch worker for task 21.0 in stage 87.0 (TID 1436)) 0.265ms
[410.054s][info][gc          ] Allocation Stall (Executor task launch worker for task 26.0 in stage 87.0 (TID 1440)) 0.306ms
[410.054s][info][gc          ] Allocation Stall (Executor task launch worker for task 2.0 in stage 87.0 (TID 1422)) 0.346ms
[410.054s][info][gc          ] Allocation Stall (Executor task launch worker for task 1.0 in stage 87.0 (TID 1421)) 0.390ms
[410.054s][info][gc          ] Allocation Stall (Executor task launch worker for task 17.0 in stage 87.0 (TID 1434)) 0.428ms
[410.054s][info][gc          ] Allocation Stall (Executor task launch worker for task 44.0 in stage 87.0 (TID 1466)) 0.468ms
[410.054s][info][gc          ] Allocation Stall (Executor task launch worker for task 39.0 in stage 87.0 (TID 1451)) 0.510ms
[410.056s][info][gc          ] Allocation Stall (Executor task launch worker for task 31.0 in stage 87.0 (TID 1444)) 2.295ms
[410.056s][info][gc          ] Allocation Stall (Executor task launch worker for task 28.0 in stage 87.0 (TID 1442)) 2.336ms
[410.056s][info][gc          ] Allocation Stall (Executor task launch worker for task 15.0 in stage 87.0 (TID 1432)) 2.442ms
[410.063s][info][gc          ] Allocation Stall (Executor task launch worker for task 12.0 in stage 87.0 (TID 1430)) 4.631ms
[410.063s][info][gc          ] Allocation Stall (Executor task launch worker for task 13.0 in stage 87.0 (TID 1431)) 4.673ms
[410.065s][info][gc          ] Allocation Stall (Executor task launch worker for task 46.0 in stage 87.0 (TID 1468)) 5.381ms
[410.065s][info][gc          ] Allocation Stall (Executor task launch worker for task 41.0 in stage 87.0 (TID 1453)) 5.312ms
[410.065s][info][gc          ] Allocation Stall (Executor task launch worker for task 22.0 in stage 87.0 (TID 1437)) 5.173ms
[410.065s][info][gc          ] Allocation Stall (Executor task launch worker for task 33.0 in stage 87.0 (TID 1446)) 5.138ms
[410.065s][info][gc          ] Allocation Stall (Executor task launch worker for task 40.0 in stage 87.0 (TID 1452)) 5.064ms
[410.065s][info][gc          ] Allocation Stall (Executor task launch worker for task 21.0 in stage 87.0 (TID 1436)) 5.079ms
[410.065s][info][gc          ] Allocation Stall (Executor task launch worker for task 17.0 in stage 87.0 (TID 1434)) 5.385ms
[410.065s][info][gc          ] Allocation Stall (Executor task launch worker for task 36.0 in stage 87.0 (TID 1448)) 5.254ms
[410.065s][info][gc          ] Allocation Stall (Executor task launch worker for task 1.0 in stage 87.0 (TID 1421)) 5.272ms
[410.066s][info][gc          ] Allocation Stall (Executor task launch worker for task 6.0 in stage 87.0 (TID 1425)) 5.600ms
[410.066s][info][gc          ] Allocation Stall (Executor task launch worker for task 24.0 in stage 87.0 (TID 1462)) 5.472ms
[410.066s][info][gc          ] Allocation Stall (Executor task launch worker for task 39.0 in stage 87.0 (TID 1451)) 5.508ms
[410.066s][info][gc          ] Allocation Stall (Executor task launch worker for task 10.0 in stage 87.0 (TID 1429)) 5.470ms
[410.066s][info][gc          ] Allocation Stall (Executor task launch worker for task 35.0 in stage 87.0 (TID 1464)) 5.716ms
[410.066s][info][gc          ] Allocation Stall (Executor task launch worker for task 28.0 in stage 87.0 (TID 1442)) 5.829ms
[410.066s][info][gc          ] Allocation Stall (Executor task launch worker for task 3.0 in stage 87.0 (TID 1457)) 6.010ms
[410.066s][info][gc          ] Allocation Stall (Executor task launch worker for task 2.0 in stage 87.0 (TID 1422)) 6.087ms
[410.067s][info][gc          ] Allocation Stall (Executor task launch worker for task 44.0 in stage 87.0 (TID 1466)) 6.168ms
[410.068s][info][gc          ] Allocation Stall (Executor task launch worker for task 31.0 in stage 87.0 (TID 1444)) 7.365ms
[410.068s][info][gc          ] Allocation Stall (Executor task launch worker for task 11.0 in stage 87.0 (TID 1458)) 7.510ms
[410.070s][info][gc          ] Allocation Stall (Executor task launch worker for task 15.0 in stage 87.0 (TID 1432)) 9.118ms
[410.070s][info][gc          ] Allocation Stall (Executor task launch worker for task 0.0 in stage 87.0 (TID 1456)) 9.488ms
[410.070s][info][gc          ] Allocation Stall (Executor task launch worker for task 43.0 in stage 87.0 (TID 1454)) 9.485ms
[410.070s][info][gc          ] Allocation Stall (Executor task launch worker for task 37.0 in stage 87.0 (TID 1449)) 3.846ms
[410.071s][info][gc          ] Allocation Stall (Executor task launch worker for task 46.0 in stage 87.0 (TID 1468)) 3.298ms
[410.084s][info][gc,phases   ] GC(2291) Concurrent Mark 30.472ms
[410.084s][info][gc,phases   ] GC(2291) Pause Mark End 0.026ms
[410.084s][info][gc,phases   ] GC(2291) Concurrent Mark Free 0.001ms
[410.106s][info][gc,phases   ] GC(2291) Concurrent Process Non-Strong References 21.844ms
[410.106s][info][gc,phases   ] GC(2291) Concurrent Reset Relocation Set 0.006ms
[410.106s][info][gc          ] Allocation Stall (Executor task launch worker for task 37.0 in stage 87.0 (TID 1449)) 31.724ms
[410.106s][info][gc          ] Allocation Stall (Executor task launch worker for task 45.0 in stage 87.0 (TID 1467)) 31.267ms
[410.106s][info][gc          ] Allocation Stall (Executor task launch worker for task 18.0 in stage 87.0 (TID 1435)) 32.140ms
[410.106s][info][gc          ] Allocation Stall (Executor task launch worker for task 3.0 in stage 87.0 (TID 1457)) 31.426ms
[410.106s][info][gc          ] Allocation Stall (Executor task launch worker for task 46.0 in stage 87.0 (TID 1468)) 31.721ms
[410.106s][info][gc          ] Allocation Stall (Executor task launch worker for task 1.0 in stage 87.0 (TID 1421)) 31.367ms
[410.106s][info][gc          ] Allocation Stall (Executor task launch worker for task 36.0 in stage 87.0 (TID 1448)) 31.180ms
[410.106s][info][gc          ] Allocation Stall (Executor task launch worker for task 30.0 in stage 87.0 (TID 1463)) 32.119ms
[410.106s][info][gc          ] Allocation Stall (Executor task launch worker for task 26.0 in stage 87.0 (TID 1440)) 33.193ms
[410.106s][info][gc          ] Allocation Stall (Executor task launch worker for task 15.0 in stage 87.0 (TID 1432)) 31.656ms
[410.106s][info][gc          ] Allocation Stall (Executor task launch worker for task 44.0 in stage 87.0 (TID 1466)) 31.304ms
[410.106s][info][gc          ] Allocation Stall (Executor task launch worker for task 0.0 in stage 87.0 (TID 1456)) 31.213ms
[410.106s][info][gc          ] Allocation Stall (Executor task launch worker for task 2.0 in stage 87.0 (TID 1422)) 31.384ms
[410.106s][info][gc          ] Allocation Stall (Executor task launch worker for task 43.0 in stage 87.0 (TID 1454)) 31.471ms
[410.106s][info][gc          ] Allocation Stall (Executor task launch worker for task 19.0 in stage 87.0 (TID 1460)) 31.336ms
[410.106s][info][gc          ] Allocation Stall (Executor task launch worker for task 5.0 in stage 87.0 (TID 1424)) 32.190ms
[410.106s][info][gc          ] Allocation Stall (Executor task launch worker for task 27.0 in stage 87.0 (TID 1441)) 32.229ms
[410.106s][info][gc          ] Allocation Stall (Executor task launch worker for task 35.0 in stage 87.0 (TID 1464)) 34.511ms
[410.106s][info][gc          ] Allocation Stall (Executor task launch worker for task 4.0 in stage 87.0 (TID 1423)) 31.341ms
[410.106s][info][gc          ] Allocation Stall (Executor task launch worker for task 14.0 in stage 87.0 (TID 1459)) 34.393ms
[410.106s][info][gc          ] Allocation Stall (Executor task launch worker for task 7.0 in stage 87.0 (TID 1426)) 38.416ms
[410.106s][info][gc          ] Allocation Stall (Executor task launch worker for task 40.0 in stage 87.0 (TID 1452)) 38.188ms
[410.106s][info][gc          ] Allocation Stall (Executor task launch worker for task 10.0 in stage 87.0 (TID 1429)) 34.252ms
[410.106s][info][gc          ] Allocation Stall (Executor task launch worker for task 20.0 in stage 87.0 (TID 1461)) 34.671ms
[410.106s][info][gc          ] Allocation Stall (Executor task launch worker for task 21.0 in stage 87.0 (TID 1436)) 35.230ms
[410.106s][info][gc          ] Allocation Stall (Executor task launch worker for task 8.0 in stage 87.0 (TID 1427)) 35.408ms
[410.106s][info][gc          ] Allocation Stall (Executor task launch worker for task 28.0 in stage 87.0 (TID 1442)) 34.187ms
[410.106s][info][gc          ] Allocation Stall (Spark Context Cleaner) 6.766ms
[410.106s][info][gc          ] Allocation Stall (Executor task launch worker for task 11.0 in stage 87.0 (TID 1458)) 33.299ms
[410.106s][info][gc          ] Allocation Stall (Executor task launch worker for task 42.0 in stage 87.0 (TID 1465)) 31.414ms
[410.106s][info][gc          ] Allocation Stall (Executor task launch worker for task 38.0 in stage 87.0 (TID 1450)) 32.422ms
[410.106s][info][gc          ] Allocation Stall (Executor task launch worker for task 41.0 in stage 87.0 (TID 1453)) 38.216ms
[410.106s][info][gc          ] Allocation Stall (Executor task launch worker for task 32.0 in stage 87.0 (TID 1445)) 34.457ms
[410.106s][info][gc          ] Allocation Stall (Executor task launch worker for task 31.0 in stage 87.0 (TID 1444)) 33.167ms
[410.106s][info][gc          ] Allocation Stall (Executor task launch worker for task 33.0 in stage 87.0 (TID 1446)) 38.246ms
[410.106s][info][gc          ] Allocation Stall (Executor task launch worker for task 39.0 in stage 87.0 (TID 1451)) 34.503ms
[410.106s][info][gc          ] Allocation Stall (Executor task launch worker for task 13.0 in stage 87.0 (TID 1431)) 34.775ms
[410.106s][info][gc          ] Allocation Stall (Executor task launch worker for task 16.0 in stage 87.0 (TID 1433)) 34.107ms
[410.106s][info][gc          ] Allocation Stall (Executor task launch worker for task 34.0 in stage 87.0 (TID 1447)) 34.532ms
[410.106s][info][gc          ] Allocation Stall (Executor task launch worker for task 12.0 in stage 87.0 (TID 1430)) 34.932ms
[410.106s][info][gc          ] Allocation Stall (Executor task launch worker for task 23.0 in stage 87.0 (TID 1438)) 36.512ms
[410.106s][info][gc          ] Allocation Stall (Executor task launch worker for task 29.0 in stage 87.0 (TID 1443)) 36.402ms
[410.106s][info][gc          ] Allocation Stall (Executor task launch worker for task 17.0 in stage 87.0 (TID 1434)) 31.387ms
[410.106s][info][gc          ] Allocation Stall (Executor task launch worker for task 22.0 in stage 87.0 (TID 1437)) 33.005ms
[410.106s][info][gc          ] Allocation Stall (Executor task launch worker for task 6.0 in stage 87.0 (TID 1425)) 34.396ms
[410.106s][info][gc          ] Allocation Stall (Executor task launch worker for task 24.0 in stage 87.0 (TID 1462)) 34.628ms
[410.106s][info][gc          ] Allocation Stall (Executor task launch worker for task 9.0 in stage 87.0 (TID 1428)) 34.217ms
[410.106s][info][gc          ] Allocation Stall (Executor task launch worker for task 25.0 in stage 87.0 (TID 1439)) 34.716ms
[410.110s][info][gc,phases   ] GC(2291) Concurrent Select Relocation Set 4.563ms
[410.111s][info][gc,phases   ] GC(2291) Pause Relocate Start 0.010ms
[410.114s][info][gc,phases   ] GC(2291) Concurrent Relocate 3.550ms
[410.115s][info][gc,load     ] GC(2291) Load: 0.00/0.00/0.00
[410.115s][info][gc,mmu      ] GC(2291) MMU: 2ms/86.2%, 5ms/94.5%, 10ms/97.2%, 20ms/98.6%, 50ms/99.4%, 100ms/99.6%
[410.115s][info][gc,marking  ] GC(2291) Mark: 8 stripe(s), 3 proactive flush(es), 1 terminate flush(es), 0 completion(s), 0 continuation(s) 
[410.115s][info][gc,marking  ] GC(2291) Mark Stack Usage: 32M
[410.115s][info][gc,nmethod  ] GC(2291) NMethods: 8187 registered, 1385 unregistered
[410.115s][info][gc,metaspace] GC(2291) Metaspace: 120M used, 123M committed, 1152M reserved
[410.115s][info][gc,ref      ] GC(2291) Soft: 2907 encountered, 748 discovered, 31 enqueued
[410.115s][info][gc,ref      ] GC(2291) Weak: 13767 encountered, 908 discovered, 16 enqueued
[410.115s][info][gc,ref      ] GC(2291) Final: 84 encountered, 3 discovered, 0 enqueued
[410.115s][info][gc,ref      ] GC(2291) Phantom: 764 encountered, 517 discovered, 0 enqueued
[410.115s][info][gc,reloc    ] GC(2291) Small Pages: 384 / 768M, Empty: 594M, Relocated: 3M, In-Place: 0
[410.115s][info][gc,reloc    ] GC(2291) Medium Pages: 39 / 1248M, Empty: 32M, Relocated: 0M, In-Place: 0
[410.115s][info][gc,reloc    ] GC(2291) Large Pages: 0 / 0M, Empty: 0M, Relocated: 0M, In-Place: 0
[410.115s][info][gc,reloc    ] GC(2291) Forwarding Usage: 0M
[410.115s][info][gc,heap     ] GC(2291) Min Capacity: 8M(0%)
[410.115s][info][gc,heap     ] GC(2291) Max Capacity: 2048M(100%)
[410.115s][info][gc,heap     ] GC(2291) Soft Max Capacity: 2048M(100%)
[410.115s][info][gc,heap     ] GC(2291)                Mark Start          Mark End        Relocate Start      Relocate End           High               Low         
[410.115s][info][gc,heap     ] GC(2291)  Capacity:     2048M (100%)       2048M (100%)       2048M (100%)       2048M (100%)       2048M (100%)       2048M (100%)   
[410.115s][info][gc,heap     ] GC(2291)      Free:       32M (2%)            0M (0%)          600M (29%)         626M (31%)         674M (33%)           0M (0%)     
[410.115s][info][gc,heap     ] GC(2291)      Used:     2016M (98%)        2048M (100%)       1448M (71%)        1422M (69%)        2048M (100%)       1374M (67%)    
[410.115s][info][gc,heap     ] GC(2291)      Live:         -              1116M (55%)        1116M (55%)        1116M (55%)            -                  -          
[410.115s][info][gc,heap     ] GC(2291) Allocated:         -                32M (2%)           58M (3%)          111M (5%)             -                  -          
[410.115s][info][gc,heap     ] GC(2291)   Garbage:         -               899M (44%)         273M (13%)         194M (9%)             -                  -          
[410.115s][info][gc,heap     ] GC(2291) Reclaimed:         -                  -               626M (31%)         705M (34%)            -                  -          
[410.115s][info][gc          ] GC(2291) Garbage Collection (Allocation Stall) 2016M(98%)->1422M(69%)
[410.147s][info][gc,start    ] GC(2292) Garbage Collection (Allocation Stall)
[410.147s][info][gc,stats    ] === Garbage Collection Statistics =======================================================================================================================
[410.147s][info][gc,ref      ] GC(2292) Clearing All SoftReferences
[410.147s][info][gc,stats    ]                                                              Last 10s              Last 10m              Last 10h                Total
[410.148s][info][gc,task     ] GC(2292) Using 12 workers
[410.148s][info][gc,stats    ]                                                              Avg / Max             Avg / Max             Avg / Max             Avg / Max
[410.148s][info][gc,stats    ]   Collector: Garbage Collection Cycle                     97.839 / 337.005     108.282 / 540.805     108.282 / 540.805     108.282 / 540.805     ms
[410.148s][info][gc,stats    ]  Contention: Mark Segment Reset Contention                    61 / 103              37 / 125              37 / 125              37 / 125         ops/s
[410.148s][info][gc,stats    ]  Contention: Mark SeqNum Reset Contention                      9 / 17                5 / 22                5 / 22                5 / 22          ops/s
[410.148s][info][gc,stats    ]    Critical: Allocation Stall                                356 / 786             263 / 1037            263 / 1037            263 / 1037        ops/s
[410.148s][info][gc,stats    ]    Critical: Allocation Stall                             14.678 / 64.675       15.834 / 335.244      15.834 / 335.244      15.834 / 335.244     ms
[410.148s][info][gc,stats    ]    Critical: GC Locker Stall                                   0 / 0                 0 / 1                 0 / 1                 0 / 1           ops/s
[410.148s][info][gc,stats    ]    Critical: GC Locker Stall                               0.000 / 0.000         0.001 / 0.001         0.001 / 0.001         0.001 / 0.001       ms
[410.148s][info][gc,stats    ]    Critical: Relocation Stall                                  0 / 1                 1 / 59                1 / 59                1 / 59          ops/s
[410.148s][info][gc,stats    ]    Critical: Relocation Stall                             52.702 / 52.702       21.769 / 258.161      21.769 / 258.161      21.769 / 258.161     ms
[410.148s][info][gc,stats    ]      Memory: Allocation Rate                                8046 / 10962          5725 / 18834          5725 / 18834          5725 / 18834       MB/s
[410.148s][info][gc,stats    ]      Memory: Defragment                                      338 / 535             261 / 780             261 / 780             261 / 780         ops/s
[410.148s][info][gc,stats    ]      Memory: Out Of Memory                                     0 / 0                 0 / 0                 0 / 0                 0 / 0           ops/s
[410.148s][info][gc,stats    ]      Memory: Page Cache Flush                               1406 / 2374           1101 / 3216           1101 / 3216           1101 / 3216        MB/s
[410.148s][info][gc,stats    ]      Memory: Page Cache Hit L1                              3408 / 5252           2368 / 9176           2368 / 9176           2368 / 9176        ops/s
[410.148s][info][gc,stats    ]      Memory: Page Cache Hit L2                                 0 / 0                 0 / 0                 0 / 0                 0 / 0           ops/s
[410.148s][info][gc,stats    ]      Memory: Page Cache Hit L3                               320 / 516             250 / 742             250 / 742             250 / 742         ops/s
[410.148s][info][gc,stats    ]      Memory: Page Cache Miss                                  24 / 46               20 / 64               20 / 64               20 / 64          ops/s
[410.148s][info][gc,stats    ]      Memory: Uncommit                                          0 / 0                 0 / 0                 0 / 0                 0 / 0           MB/s
[410.148s][info][gc,stats    ]      Memory: Undo Object Allocation Failed                   541 / 1064            276 / 3254            276 / 3254            276 / 3254        ops/s
[410.148s][info][gc,stats    ]      Memory: Undo Object Allocation Succeeded                 53 / 125              41 / 1620             41 / 1620             41 / 1620        ops/s
[410.148s][info][gc,stats    ]      Memory: Undo Page Allocation                           1734 / 3071           1228 / 5658           1228 / 5658           1228 / 5658        ops/s
[410.148s][info][gc,stats    ]       Phase: Concurrent Mark                              36.307 / 234.847      37.781 / 295.090      37.781 / 295.090      37.781 / 295.090     ms
[410.148s][info][gc,stats    ]       Phase: Concurrent Mark Continue                      0.000 / 0.000         0.000 / 0.000         0.000 / 0.000         0.000 / 0.000       ms
[410.148s][info][gc,stats    ]       Phase: Concurrent Mark Free                          0.001 / 0.002         0.001 / 0.020         0.001 / 0.020         0.001 / 0.020       ms
[410.148s][info][gc,stats    ]       Phase: Concurrent Process Non-Strong References      6.096 / 70.248        5.986 / 206.013       5.986 / 206.013       5.986 / 206.013     ms
[410.148s][info][gc,stats    ]       Phase: Concurrent Relocate                          36.036 / 260.923      43.528 / 364.323      43.528 / 364.323      43.528 / 364.323     ms
[410.148s][info][gc,stats    ]       Phase: Concurrent Reset Relocation Set               0.005 / 0.024         0.005 / 0.038         0.005 / 0.038         0.005 / 0.038       ms
[410.148s][info][gc,stats    ]       Phase: Concurrent Select Relocation Set              6.303 / 39.460        7.784 / 96.103        7.784 / 96.103        7.784 / 96.103      ms
[410.148s][info][gc,stats    ]       Phase: Pause Mark End                                0.025 / 0.064         0.025 / 0.219         0.025 / 0.219         0.025 / 0.219       ms
[410.148s][info][gc,stats    ]       Phase: Pause Mark Start                              0.037 / 0.070         0.038 / 0.276         0.038 / 0.276         0.038 / 0.276       ms
[410.148s][info][gc,stats    ]       Phase: Pause Relocate Start                          0.008 / 0.021         0.008 / 0.046         0.008 / 0.046         0.008 / 0.046       ms
[410.148s][info][gc,stats    ]    Subphase: Concurrent Classes Purge                      0.037 / 1.708         0.085 / 24.821        0.085 / 24.821        0.085 / 24.821      ms
[410.148s][info][gc,stats    ]    Subphase: Concurrent Classes Unlink                     4.055 / 25.079        4.461 / 190.575       4.461 / 190.575       4.461 / 190.575     ms
[410.148s][info][gc,stats    ]    Subphase: Concurrent Mark                              29.708 / 219.644      29.076 / 237.807      29.076 / 237.807      29.076 / 237.807     ms
[410.148s][info][gc,stats    ]    Subphase: Concurrent Mark Try Flush                     2.321 / 143.227       2.329 / 143.227       2.329 / 143.227       2.329 / 143.227     ms
[410.148s][info][gc,stats    ]    Subphase: Concurrent Mark Try Terminate                10.148 / 31.180        9.989 / 78.095        9.989 / 78.095        9.989 / 78.095      ms
[410.148s][info][gc,stats    ]    Subphase: Concurrent References Enqueue                 0.002 / 0.005         0.002 / 0.016         0.002 / 0.016         0.002 / 0.016       ms
[410.148s][info][gc,stats    ]    Subphase: Concurrent References Process                 0.112 / 0.293         0.121 / 1.460         0.121 / 1.460         0.121 / 1.460       ms
[410.148s][info][gc,stats    ]    Subphase: Concurrent Roots ClassLoaderDataGraph         0.128 / 2.046         0.128 / 2.992         0.128 / 2.992         0.128 / 2.992       ms
[410.148s][info][gc,stats    ]    Subphase: Concurrent Roots CodeCache                    0.000 / 0.000         0.000 / 0.000         0.000 / 0.000         0.000 / 0.000       ms
[410.148s][info][gc,stats    ]    Subphase: Concurrent Roots JavaThreads                  4.724 / 33.509        7.289 / 243.527       7.289 / 243.527       7.289 / 243.527     ms
[410.148s][info][gc,stats    ]    Subphase: Concurrent Roots OopStorageSet                0.034 / 0.246         0.034 / 1.224         0.034 / 1.224         0.034 / 1.224       ms
[410.148s][info][gc,stats    ]    Subphase: Concurrent Weak Roots OopStorageSet           0.285 / 0.479         0.286 / 1.150         0.286 / 1.150         0.286 / 1.150       ms
[410.148s][info][gc,stats    ]    Subphase: Pause Mark Try Complete                       0.001 / 0.007         0.004 / 0.149         0.004 / 0.149         0.004 / 0.149       ms
[410.148s][info][gc,stats    ]      System: Java Threads                                    250 / 254             238 / 279             238 / 279             238 / 279         threads
[410.148s][info][gc,stats    ] =========================================================================================================================================================
[410.149s][info][gc,ref      ] GC(2292) Clearing All SoftReferences
[410.149s][info][gc,phases   ] GC(2292) Pause Mark Start 0.035ms
[410.200s][info][gc          ] Allocation Stall (Executor task launch worker for task 42.0 in stage 87.0 (TID 1465)) 2.582ms
[410.200s][info][gc          ] Allocation Stall (Executor task launch worker for task 1.0 in stage 87.0 (TID 1421)) 2.644ms
[410.200s][info][gc          ] Allocation Stall (Executor task launch worker for task 12.0 in stage 87.0 (TID 1430)) 2.563ms
[410.200s][info][gc          ] Allocation Stall (Executor task launch worker for task 32.0 in stage 87.0 (TID 1445)) 2.590ms
[410.200s][info][gc          ] Allocation Stall (Executor task launch worker for task 38.0 in stage 87.0 (TID 1450)) 2.603ms
[410.201s][info][gc          ] Allocation Stall (Executor task launch worker for task 17.0 in stage 87.0 (TID 1434)) 3.893ms
[410.201s][info][gc          ] Allocation Stall (Executor task launch worker for task 23.0 in stage 87.0 (TID 1438)) 3.916ms
[410.201s][info][gc          ] Allocation Stall (Executor task launch worker for task 46.0 in stage 87.0 (TID 1468)) 3.865ms
[410.224s][info][gc,phases   ] GC(2292) Concurrent Mark 75.630ms
[410.225s][info][gc,phases   ] GC(2292) Pause Mark End 0.023ms
[410.225s][info][gc,phases   ] GC(2292) Concurrent Mark Free 0.001ms
[410.228s][info][gc,phases   ] GC(2292) Concurrent Process Non-Strong References 3.244ms
[410.228s][info][gc,phases   ] GC(2292) Concurrent Reset Relocation Set 0.009ms
[410.228s][info][gc          ] Allocation Stall (Executor task launch worker for task 35.0 in stage 87.0 (TID 1464)) 23.279ms
[410.228s][info][gc          ] Allocation Stall (Executor task launch worker for task 44.0 in stage 87.0 (TID 1466)) 29.126ms
[410.228s][info][gc          ] Allocation Stall (Executor task launch worker for task 42.0 in stage 87.0 (TID 1465)) 23.791ms
[410.228s][info][gc          ] Allocation Stall (Executor task launch worker for task 13.0 in stage 87.0 (TID 1431)) 22.563ms
[410.228s][info][gc          ] Allocation Stall (Executor task launch worker for task 23.0 in stage 87.0 (TID 1438)) 22.992ms
[410.228s][info][gc          ] Allocation Stall (Executor task launch worker for task 1.0 in stage 87.0 (TID 1421)) 23.218ms
[410.228s][info][gc          ] Allocation Stall (Executor task launch worker for task 34.0 in stage 87.0 (TID 1447)) 22.537ms
[410.228s][info][gc          ] Allocation Stall (Executor task launch worker for task 10.0 in stage 87.0 (TID 1429)) 22.674ms
[410.228s][info][gc          ] Allocation Stall (Executor task launch worker for task 24.0 in stage 87.0 (TID 1462)) 23.201ms
[410.228s][info][gc          ] Allocation Stall (Executor task launch worker for task 31.0 in stage 87.0 (TID 1444)) 23.648ms
[410.228s][info][gc          ] Allocation Stall (Executor task launch worker for task 21.0 in stage 87.0 (TID 1436)) 23.219ms
[410.228s][info][gc          ] Allocation Stall (Executor task launch worker for task 2.0 in stage 87.0 (TID 1422)) 23.236ms
[410.228s][info][gc          ] Allocation Stall (Executor task launch worker for task 29.0 in stage 87.0 (TID 1443)) 29.222ms
[410.228s][info][gc          ] Allocation Stall (Executor task launch worker for task 38.0 in stage 87.0 (TID 1450)) 23.163ms
[410.228s][info][gc          ] Allocation Stall (Executor task launch worker for task 12.0 in stage 87.0 (TID 1430)) 23.337ms
[410.228s][info][gc          ] Allocation Stall (Spark Context Cleaner) 19.397ms
[410.228s][info][gc          ] Allocation Stall (Executor task launch worker for task 43.0 in stage 87.0 (TID 1454)) 29.341ms
[410.228s][info][gc          ] Allocation Stall (Executor task launch worker for task 15.0 in stage 87.0 (TID 1432)) 29.331ms
[410.228s][info][gc          ] Allocation Stall (Executor task launch worker for task 25.0 in stage 87.0 (TID 1439)) 23.663ms
[410.228s][info][gc          ] Allocation Stall (Executor task launch worker for task 28.0 in stage 87.0 (TID 1442)) 28.920ms
[410.228s][info][gc          ] Allocation Stall (Executor task launch worker for task 41.0 in stage 87.0 (TID 1453)) 23.674ms
[410.228s][info][gc          ] Allocation Stall (Executor task launch worker for task 8.0 in stage 87.0 (TID 1427)) 23.732ms
[410.228s][info][gc          ] Allocation Stall (Executor task launch worker for task 32.0 in stage 87.0 (TID 1445)) 23.280ms
[410.228s][info][gc          ] Allocation Stall (Executor task launch worker for task 0.0 in stage 87.0 (TID 1456)) 30.444ms
[410.228s][info][gc          ] Allocation Stall (Executor task launch worker for task 3.0 in stage 87.0 (TID 1457)) 22.748ms
[410.228s][info][gc          ] Allocation Stall (Executor task launch worker for task 46.0 in stage 87.0 (TID 1468)) 22.985ms
[410.228s][info][gc          ] Allocation Stall (Executor task launch worker for task 18.0 in stage 87.0 (TID 1435)) 22.716ms
[410.228s][info][gc          ] Allocation Stall (Executor task launch worker for task 22.0 in stage 87.0 (TID 1437)) 30.160ms
[410.228s][info][gc          ] Allocation Stall (Executor task launch worker for task 16.0 in stage 87.0 (TID 1433)) 22.838ms
[410.228s][info][gc          ] Allocation Stall (Executor task launch worker for task 9.0 in stage 87.0 (TID 1428)) 30.347ms
[410.228s][info][gc          ] Allocation Stall (Executor task launch worker for task 40.0 in stage 87.0 (TID 1452)) 30.572ms
[410.228s][info][gc          ] Allocation Stall (Executor task launch worker for task 7.0 in stage 87.0 (TID 1426)) 29.924ms
[410.228s][info][gc          ] Allocation Stall (Executor task launch worker for task 17.0 in stage 87.0 (TID 1434)) 23.257ms
[410.228s][info][gc          ] Allocation Stall (Executor task launch worker for task 37.0 in stage 87.0 (TID 1449)) 29.331ms
[410.228s][info][gc          ] Allocation Stall (Executor task launch worker for task 11.0 in stage 87.0 (TID 1458)) 30.583ms
[410.228s][info][gc          ] Allocation Stall (Executor task launch worker for task 19.0 in stage 87.0 (TID 1460)) 23.935ms
[410.228s][info][gc          ] Allocation Stall (Executor task launch worker for task 33.0 in stage 87.0 (TID 1446)) 28.187ms
[410.228s][info][gc          ] Allocation Stall (Executor task launch worker for task 27.0 in stage 87.0 (TID 1441)) 29.565ms
[410.228s][info][gc          ] Allocation Stall (Executor task launch worker for task 45.0 in stage 87.0 (TID 1467)) 29.292ms
[410.228s][info][gc          ] Allocation Stall (Executor task launch worker for task 30.0 in stage 87.0 (TID 1463)) 23.603ms
[410.228s][info][gc          ] Allocation Stall (Executor task launch worker for task 4.0 in stage 87.0 (TID 1423)) 23.184ms
[410.228s][info][gc          ] Allocation Stall (Executor task launch worker for task 6.0 in stage 87.0 (TID 1425)) 29.229ms
[410.228s][info][gc          ] Allocation Stall (Executor task launch worker for task 5.0 in stage 87.0 (TID 1424)) 30.084ms
[410.228s][info][gc          ] Allocation Stall (Executor task launch worker for task 14.0 in stage 87.0 (TID 1459)) 30.444ms
[410.228s][info][gc          ] Allocation Stall (Executor task launch worker for task 39.0 in stage 87.0 (TID 1451)) 29.666ms
[410.228s][info][gc          ] Allocation Stall (Executor task launch worker for task 36.0 in stage 87.0 (TID 1448)) 23.257ms
[410.228s][info][gc          ] Allocation Stall (Executor task launch worker for task 20.0 in stage 87.0 (TID 1461)) 22.853ms
[410.228s][info][gc          ] Allocation Stall (Executor task launch worker for task 26.0 in stage 87.0 (TID 1440)) 30.405ms
[410.232s][info][gc,phases   ] GC(2292) Concurrent Select Relocation Set 4.185ms
[410.232s][info][gc,phases   ] GC(2292) Pause Relocate Start 0.008ms
[410.237s][info][gc,phases   ] GC(2292) Concurrent Relocate 4.945ms
[410.238s][info][gc,load     ] GC(2292) Load: 0.00/0.00/0.00
[410.238s][info][gc,mmu      ] GC(2292) MMU: 2ms/86.2%, 5ms/94.5%, 10ms/97.2%, 20ms/98.6%, 50ms/99.4%, 100ms/99.6%
[410.238s][info][gc,marking  ] GC(2292) Mark: 8 stripe(s), 2 proactive flush(es), 1 terminate flush(es), 0 completion(s), 0 continuation(s) 
[410.238s][info][gc,marking  ] GC(2292) Mark Stack Usage: 32M
[410.238s][info][gc,nmethod  ] GC(2292) NMethods: 8187 registered, 1385 unregistered
[410.238s][info][gc,metaspace] GC(2292) Metaspace: 120M used, 123M committed, 1152M reserved
[410.238s][info][gc,ref      ] GC(2292) Soft: 2876 encountered, 305 discovered, 0 enqueued
[410.238s][info][gc,ref      ] GC(2292) Weak: 13751 encountered, 2281 discovered, 0 enqueued
[410.238s][info][gc,ref      ] GC(2292) Final: 84 encountered, 0 discovered, 0 enqueued
[410.238s][info][gc,ref      ] GC(2292) Phantom: 764 encountered, 537 discovered, 0 enqueued
[410.238s][info][gc,reloc    ] GC(2292) Small Pages: 319 / 638M, Empty: 496M, Relocated: 3M, In-Place: 0
[410.238s][info][gc,reloc    ] GC(2292) Medium Pages: 38 / 1216M, Empty: 0M, Relocated: 0M, In-Place: 0
[410.238s][info][gc,reloc    ] GC(2292) Large Pages: 3 / 24M, Empty: 0M, Relocated: 0M, In-Place: 0
[410.238s][info][gc,reloc    ] GC(2292) Forwarding Usage: 0M
[410.238s][info][gc,heap     ] GC(2292) Min Capacity: 8M(0%)
[410.238s][info][gc,heap     ] GC(2292) Max Capacity: 2048M(100%)
[410.238s][info][gc,heap     ] GC(2292) Soft Max Capacity: 2048M(100%)
[410.238s][info][gc,heap     ] GC(2292)                Mark Start          Mark End        Relocate Start      Relocate End           High               Low         
[410.238s][info][gc,heap     ] GC(2292)  Capacity:     2048M (100%)       2048M (100%)       2048M (100%)       2048M (100%)       2048M (100%)       2048M (100%)   
[410.238s][info][gc,heap     ] GC(2292)      Free:      170M (8%)            0M (0%)          472M (23%)         456M (22%)         516M (25%)           0M (0%)     
[410.238s][info][gc,heap     ] GC(2292)      Used:     1878M (92%)        2048M (100%)       1576M (77%)        1592M (78%)        2048M (100%)       1532M (75%)    
[410.238s][info][gc,heap     ] GC(2292)      Live:         -              1134M (55%)        1134M (55%)        1134M (55%)            -                  -          
[410.238s][info][gc,heap     ] GC(2292) Allocated:         -               170M (8%)          194M (9%)          257M (13%)            -                  -          
[410.238s][info][gc,heap     ] GC(2292)   Garbage:         -               743M (36%)         247M (12%)         200M (10%)            -                  -          
[410.238s][info][gc,heap     ] GC(2292) Reclaimed:         -                  -               496M (24%)         543M (27%)            -                  -          
[410.238s][info][gc          ] GC(2292) Garbage Collection (Allocation Stall) 1878M(92%)->1592M(78%)
[410.240s][info][gc,start    ] GC(2293) Garbage Collection (Allocation Stall)
[410.241s][info][gc,ref      ] GC(2293) Clearing All SoftReferences
[410.241s][info][gc,task     ] GC(2293) Using 12 workers
[410.241s][info][gc,ref      ] GC(2293) Clearing All SoftReferences
[410.241s][info][gc,phases   ] GC(2293) Pause Mark Start 0.047ms
[410.303s][info][gc,phases   ] GC(2293) Concurrent Mark 61.700ms
[410.318s][info][gc,phases   ] GC(2293) Pause Mark End 0.034ms
[410.318s][info][gc,phases   ] GC(2293) Concurrent Mark Free 0.001ms
[410.349s][info][gc,phases   ] GC(2293) Concurrent Process Non-Strong References 31.055ms
[410.349s][info][gc,phases   ] GC(2293) Concurrent Reset Relocation Set 0.006ms
[410.357s][info][gc,phases   ] GC(2293) Concurrent Select Relocation Set 7.402ms
[410.357s][info][gc,phases   ] GC(2293) Pause Relocate Start 0.009ms
[410.377s][info][gc          ] Allocation Stall (Executor task launch worker for task 42.0 in stage 87.0 (TID 1465)) 0.017ms
[410.377s][info][gc          ] Allocation Stall (Executor task launch worker for task 45.0 in stage 87.0 (TID 1467)) 0.172ms
[410.394s][info][gc          ] Allocation Stall (Executor task launch worker for task 2.0 in stage 87.0 (TID 1422)) 16.399ms
[410.394s][info][gc          ] Allocation Stall (Executor task launch worker for task 12.0 in stage 87.0 (TID 1430)) 16.421ms
[410.394s][info][gc          ] Allocation Stall (Executor task launch worker for task 0.0 in stage 87.0 (TID 1456)) 16.407ms
[410.394s][info][gc          ] Allocation Stall (Executor task launch worker for task 37.0 in stage 87.0 (TID 1449)) 16.391ms
[410.394s][info][gc          ] Allocation Stall (Executor task launch worker for task 43.0 in stage 87.0 (TID 1454)) 16.419ms
[410.394s][info][gc          ] Allocation Stall (Executor task launch worker for task 6.0 in stage 87.0 (TID 1425)) 16.499ms
[410.394s][info][gc          ] Allocation Stall (Executor task launch worker for task 27.0 in stage 87.0 (TID 1441)) 16.514ms
[410.394s][info][gc          ] Allocation Stall (Executor task launch worker for task 21.0 in stage 87.0 (TID 1436)) 16.474ms
[410.394s][info][gc          ] Allocation Stall (Executor task launch worker for task 4.0 in stage 87.0 (TID 1423)) 16.469ms
[410.394s][info][gc          ] Allocation Stall (Executor task launch worker for task 13.0 in stage 87.0 (TID 1431)) 16.618ms
[410.394s][info][gc          ] Allocation Stall (Executor task launch worker for task 26.0 in stage 87.0 (TID 1440)) 16.468ms
[410.394s][info][gc          ] Allocation Stall (Executor task launch worker for task 28.0 in stage 87.0 (TID 1442)) 16.619ms
[410.394s][info][gc          ] Allocation Stall (Executor task launch worker for task 36.0 in stage 87.0 (TID 1448)) 16.498ms
[410.394s][info][gc          ] Allocation Stall (Executor task launch worker for task 8.0 in stage 87.0 (TID 1427)) 16.631ms
[410.394s][info][gc          ] Allocation Stall (Executor task launch worker for task 7.0 in stage 87.0 (TID 1426)) 16.665ms
[410.394s][info][gc          ] Allocation Stall (Executor task launch worker for task 29.0 in stage 87.0 (TID 1443)) 16.659ms
[410.394s][info][gc          ] Allocation Stall (Executor task launch worker for task 3.0 in stage 87.0 (TID 1457)) 16.873ms
[410.394s][info][gc          ] Allocation Stall (Executor task launch worker for task 11.0 in stage 87.0 (TID 1458)) 16.875ms
[410.394s][info][gc          ] Allocation Stall (Executor task launch worker for task 5.0 in stage 87.0 (TID 1424)) 16.883ms
[410.394s][info][gc          ] Allocation Stall (Executor task launch worker for task 16.0 in stage 87.0 (TID 1433)) 16.888ms
[410.394s][info][gc          ] Allocation Stall (Executor task launch worker for task 31.0 in stage 87.0 (TID 1444)) 16.916ms
[410.394s][info][gc          ] Allocation Stall (Executor task launch worker for task 39.0 in stage 87.0 (TID 1451)) 16.933ms
[410.394s][info][gc          ] Allocation Stall (Executor task launch worker for task 41.0 in stage 87.0 (TID 1453)) 16.942ms
[410.394s][info][gc          ] Allocation Stall (Executor task launch worker for task 25.0 in stage 87.0 (TID 1439)) 16.981ms
[410.394s][info][gc          ] Allocation Stall (Executor task launch worker for task 15.0 in stage 87.0 (TID 1432)) 17.009ms
[410.394s][info][gc          ] Allocation Stall (Executor task launch worker for task 33.0 in stage 87.0 (TID 1446)) 16.998ms
[410.394s][info][gc          ] Allocation Stall (Executor task launch worker for task 30.0 in stage 87.0 (TID 1463)) 16.993ms
[410.394s][info][gc          ] Allocation Stall (Executor task launch worker for task 46.0 in stage 87.0 (TID 1468)) 17.011ms
[410.394s][info][gc          ] Allocation Stall (Executor task launch worker for task 45.0 in stage 87.0 (TID 1467)) 16.976ms
[410.394s][info][gc          ] Allocation Stall (Executor task launch worker for task 23.0 in stage 87.0 (TID 1438)) 17.004ms
[410.395s][info][gc          ] Allocation Stall (Executor task launch worker for task 22.0 in stage 87.0 (TID 1437)) 17.045ms
[410.395s][info][gc          ] Allocation Stall (Executor task launch worker for task 18.0 in stage 87.0 (TID 1435)) 17.056ms
[410.395s][info][gc          ] Allocation Stall (Executor task launch worker for task 38.0 in stage 87.0 (TID 1450)) 17.080ms
[410.395s][info][gc          ] Allocation Stall (Executor task launch worker for task 34.0 in stage 87.0 (TID 1447)) 17.065ms
[410.395s][info][gc          ] Allocation Stall (Executor task launch worker for task 32.0 in stage 87.0 (TID 1445)) 14.968ms
[410.395s][info][gc          ] Allocation Stall (Executor task launch worker for task 9.0 in stage 87.0 (TID 1428)) 14.987ms
[410.395s][info][gc          ] Allocation Stall (Executor task launch worker for task 10.0 in stage 87.0 (TID 1429)) 14.984ms
[410.395s][info][gc          ] Allocation Stall (Executor task launch worker for task 14.0 in stage 87.0 (TID 1459)) 15.018ms
[410.395s][info][gc          ] Allocation Stall (Executor task launch worker for task 1.0 in stage 87.0 (TID 1421)) 14.978ms
[410.395s][info][gc          ] Allocation Stall (Executor task launch worker for task 40.0 in stage 87.0 (TID 1452)) 14.999ms
[410.395s][info][gc          ] Allocation Stall (Executor task launch worker for task 42.0 in stage 87.0 (TID 1465)) 15.012ms
[410.395s][info][gc          ] Allocation Stall (Executor task launch worker for task 17.0 in stage 87.0 (TID 1434)) 14.797ms
[410.395s][info][gc          ] Allocation Stall (Executor task launch worker for task 44.0 in stage 87.0 (TID 1466)) 9.929ms
[410.395s][info][gc          ] Allocation Stall (Executor task launch worker for task 20.0 in stage 87.0 (TID 1461)) 6.523ms
[410.395s][info][gc          ] Allocation Stall (Executor task launch worker for task 19.0 in stage 87.0 (TID 1460)) 2.825ms
[410.395s][info][gc          ] Allocation Stall (Executor task launch worker for task 24.0 in stage 87.0 (TID 1462)) 2.789ms
[410.395s][info][gc          ] Allocation Stall (Executor task launch worker for task 35.0 in stage 87.0 (TID 1464)) 1.595ms
[410.399s][info][gc,phases   ] GC(2293) Concurrent Relocate 41.154ms
[410.399s][info][gc,load     ] GC(2293) Load: 0.00/0.00/0.00
[410.399s][info][gc,mmu      ] GC(2293) MMU: 2ms/86.2%, 5ms/94.5%, 10ms/97.2%, 20ms/98.6%, 50ms/99.4%, 100ms/99.6%
[410.399s][info][gc,marking  ] GC(2293) Mark: 8 stripe(s), 2 proactive flush(es), 1 terminate flush(es), 0 completion(s), 0 continuation(s) 
[410.399s][info][gc,marking  ] GC(2293) Mark Stack Usage: 32M
[410.399s][info][gc,nmethod  ] GC(2293) NMethods: 8187 registered, 1385 unregistered
[410.399s][info][gc,metaspace] GC(2293) Metaspace: 120M used, 123M committed, 1152M reserved
[410.399s][info][gc,ref      ] GC(2293) Soft: 2876 encountered, 1203 discovered, 0 enqueued
[410.399s][info][gc,ref      ] GC(2293) Weak: 13751 encountered, 922 discovered, 0 enqueued
[410.399s][info][gc,ref      ] GC(2293) Final: 84 encountered, 0 discovered, 0 enqueued
[410.399s][info][gc,ref      ] GC(2293) Phantom: 764 encountered, 547 discovered, 0 enqueued
[410.399s][info][gc,reloc    ] GC(2293) Small Pages: 199 / 398M, Empty: 250M, Relocated: 6M, In-Place: 0
[410.399s][info][gc,reloc    ] GC(2293) Medium Pages: 38 / 1216M, Empty: 0M, Relocated: 53M, In-Place: 1
[410.399s][info][gc,reloc    ] GC(2293) Large Pages: 3 / 24M, Empty: 0M, Relocated: 0M, In-Place: 0
[410.399s][info][gc,reloc    ] GC(2293) Forwarding Usage: 1M
[410.399s][info][gc,heap     ] GC(2293) Min Capacity: 8M(0%)
[410.399s][info][gc,heap     ] GC(2293) Max Capacity: 2048M(100%)
[410.399s][info][gc,heap     ] GC(2293) Soft Max Capacity: 2048M(100%)
[410.399s][info][gc,heap     ] GC(2293)                Mark Start          Mark End        Relocate Start      Relocate End           High               Low         
[410.399s][info][gc,heap     ] GC(2293)  Capacity:     2048M (100%)       2048M (100%)       2048M (100%)       2048M (100%)       2048M (100%)       2048M (100%)   
[410.399s][info][gc,heap     ] GC(2293)      Free:      410M (20%)         220M (11%)         268M (13%)          34M (2%)          410M (20%)           0M (0%)     
[410.399s][info][gc,heap     ] GC(2293)      Used:     1638M (80%)        1828M (89%)        1780M (87%)        2014M (98%)        2048M (100%)       1638M (80%)    
[410.399s][info][gc,heap     ] GC(2293)      Live:         -              1130M (55%)        1130M (55%)        1130M (55%)            -                  -          
[410.399s][info][gc,heap     ] GC(2293) Allocated:         -               190M (9%)          392M (19%)         723M (35%)            -                  -          
[410.399s][info][gc,heap     ] GC(2293)   Garbage:         -               507M (25%)         257M (13%)         159M (8%)             -                  -          
[410.399s][info][gc,heap     ] GC(2293) Reclaimed:         -                  -               250M (12%)         347M (17%)            -                  -          
[410.399s][info][gc          ] GC(2293) Garbage Collection (Allocation Stall) 1638M(80%)->2014M(98%)
[410.418s][info][gc,start    ] GC(2294) Garbage Collection (Allocation Stall)
[410.418s][info][gc,ref      ] GC(2294) Clearing All SoftReferences
[410.418s][info][gc,task     ] GC(2294) Using 12 workers
[410.419s][info][gc,ref      ] GC(2294) Clearing All SoftReferences
[410.419s][info][gc,phases   ] GC(2294) Pause Mark Start 0.036ms
[410.419s][info][gc          ] Allocation Stall (Executor task launch worker for task 42.0 in stage 87.0 (TID 1465)) 1.303ms
[410.443s][info][gc,phases   ] GC(2294) Concurrent Mark 24.118ms
[410.443s][info][gc,phases   ] GC(2294) Pause Mark End 0.018ms
[410.443s][info][gc,phases   ] GC(2294) Concurrent Mark Free 0.001ms
[410.446s][info][gc,phases   ] GC(2294) Concurrent Process Non-Strong References 2.308ms
[410.446s][info][gc,phases   ] GC(2294) Concurrent Reset Relocation Set 0.005ms
[410.446s][info][gc          ] Allocation Stall (Executor task launch worker for task 12.0 in stage 87.0 (TID 1430)) 13.177ms
[410.446s][info][gc          ] Allocation Stall (Executor task launch worker for task 15.0 in stage 87.0 (TID 1432)) 13.287ms
[410.446s][info][gc          ] Allocation Stall (Executor task launch worker for task 7.0 in stage 87.0 (TID 1426)) 13.354ms
[410.446s][info][gc          ] Allocation Stall (Executor task launch worker for task 45.0 in stage 87.0 (TID 1467)) 13.328ms
[410.446s][info][gc          ] Allocation Stall (Executor task launch worker for task 23.0 in stage 87.0 (TID 1438)) 14.885ms
[410.446s][info][gc          ] Allocation Stall (Executor task launch worker for task 20.0 in stage 87.0 (TID 1461)) 13.196ms
[410.446s][info][gc          ] Allocation Stall (Executor task launch worker for task 19.0 in stage 87.0 (TID 1460)) 13.807ms
[410.446s][info][gc          ] Allocation Stall (Executor task launch worker for task 16.0 in stage 87.0 (TID 1433)) 13.140ms
[410.446s][info][gc          ] Allocation Stall (Executor task launch worker for task 25.0 in stage 87.0 (TID 1439)) 16.384ms
[410.446s][info][gc          ] Allocation Stall (Executor task launch worker for task 11.0 in stage 87.0 (TID 1458)) 15.874ms
[410.446s][info][gc          ] Allocation Stall (Executor task launch worker for task 36.0 in stage 87.0 (TID 1448)) 13.123ms
[410.446s][info][gc          ] Allocation Stall (Executor task launch worker for task 24.0 in stage 87.0 (TID 1462)) 18.057ms
[410.446s][info][gc          ] Allocation Stall (Executor task launch worker for task 3.0 in stage 87.0 (TID 1457)) 13.172ms
[410.446s][info][gc          ] Allocation Stall (Executor task launch worker for task 31.0 in stage 87.0 (TID 1444)) 17.868ms
[410.446s][info][gc          ] Allocation Stall (Executor task launch worker for task 8.0 in stage 87.0 (TID 1427)) 13.583ms
[410.446s][info][gc          ] Allocation Stall (Executor task launch worker for task 42.0 in stage 87.0 (TID 1465)) 7.593ms
[410.446s][info][gc          ] Allocation Stall (Executor task launch worker for task 32.0 in stage 87.0 (TID 1445)) 18.160ms
[410.446s][info][gc          ] Allocation Stall (Executor task launch worker for task 37.0 in stage 87.0 (TID 1449)) 15.786ms
[410.446s][info][gc          ] Allocation Stall (Executor task launch worker for task 40.0 in stage 87.0 (TID 1452)) 16.774ms
[410.446s][info][gc          ] Allocation Stall (Executor task launch worker for task 17.0 in stage 87.0 (TID 1434)) 17.859ms
[410.446s][info][gc          ] Allocation Stall (Executor task launch worker for task 26.0 in stage 87.0 (TID 1440)) 14.953ms
[410.446s][info][gc          ] Allocation Stall (Executor task launch worker for task 41.0 in stage 87.0 (TID 1453)) 13.991ms
[410.446s][info][gc          ] Allocation Stall (Executor task launch worker for task 18.0 in stage 87.0 (TID 1435)) 17.440ms
[410.446s][info][gc          ] Allocation Stall (Executor task launch worker for task 1.0 in stage 87.0 (TID 1421)) 13.707ms
[410.446s][info][gc          ] Allocation Stall (Executor task launch worker for task 27.0 in stage 87.0 (TID 1441)) 17.116ms
[410.446s][info][gc          ] Allocation Stall (Executor task launch worker for task 30.0 in stage 87.0 (TID 1463)) 17.579ms
[410.446s][info][gc          ] Allocation Stall (Executor task launch worker for task 4.0 in stage 87.0 (TID 1423)) 14.361ms
[410.446s][info][gc          ] Allocation Stall (Executor task launch worker for task 43.0 in stage 87.0 (TID 1454)) 17.943ms
[410.446s][info][gc          ] Allocation Stall (Executor task launch worker for task 10.0 in stage 87.0 (TID 1429)) 13.537ms
[410.446s][info][gc          ] Allocation Stall (Executor task launch worker for task 28.0 in stage 87.0 (TID 1442)) 13.450ms
[410.446s][info][gc          ] Allocation Stall (Executor task launch worker for task 2.0 in stage 87.0 (TID 1422)) 13.337ms
[410.446s][info][gc          ] Allocation Stall (Executor task launch worker for task 13.0 in stage 87.0 (TID 1431)) 17.402ms
[410.446s][info][gc          ] Allocation Stall (Executor task launch worker for task 34.0 in stage 87.0 (TID 1447)) 16.119ms
[410.446s][info][gc          ] Allocation Stall (Executor task launch worker for task 44.0 in stage 87.0 (TID 1466)) 17.839ms
[410.446s][info][gc          ] Allocation Stall (Executor task launch worker for task 29.0 in stage 87.0 (TID 1443)) 13.366ms
[410.446s][info][gc          ] Allocation Stall (Executor task launch worker for task 5.0 in stage 87.0 (TID 1424)) 13.208ms
[410.446s][info][gc          ] Allocation Stall (Executor task launch worker for task 46.0 in stage 87.0 (TID 1468)) 17.863ms
[410.446s][info][gc          ] Allocation Stall (Executor task launch worker for task 6.0 in stage 87.0 (TID 1425)) 15.282ms
[410.446s][info][gc          ] Allocation Stall (Executor task launch worker for task 22.0 in stage 87.0 (TID 1437)) 15.244ms
[410.446s][info][gc          ] Allocation Stall (Executor task launch worker for task 21.0 in stage 87.0 (TID 1436)) 14.067ms
[410.446s][info][gc          ] Allocation Stall (Executor task launch worker for task 35.0 in stage 87.0 (TID 1464)) 15.523ms
[410.446s][info][gc          ] Allocation Stall (Executor task launch worker for task 14.0 in stage 87.0 (TID 1459)) 13.479ms
[410.446s][info][gc          ] Allocation Stall (Executor task launch worker for task 9.0 in stage 87.0 (TID 1428)) 15.866ms
[410.446s][info][gc          ] Allocation Stall (Executor task launch worker for task 0.0 in stage 87.0 (TID 1456)) 13.451ms
[410.446s][info][gc          ] Allocation Stall (Executor task launch worker for task 33.0 in stage 87.0 (TID 1446)) 13.282ms
[410.446s][info][gc          ] Allocation Stall (Executor task launch worker for task 39.0 in stage 87.0 (TID 1451)) 14.850ms
[410.446s][info][gc          ] Allocation Stall (Executor task launch worker for task 38.0 in stage 87.0 (TID 1450)) 13.500ms
[410.457s][info][gc,phases   ] GC(2294) Concurrent Select Relocation Set 11.539ms
[410.458s][info][gc,phases   ] GC(2294) Pause Relocate Start 0.007ms
[410.471s][info][gc,phases   ] GC(2294) Concurrent Relocate 12.900ms
[410.471s][info][gc,load     ] GC(2294) Load: 0.00/0.00/0.00
[410.471s][info][gc,mmu      ] GC(2294) MMU: 2ms/86.2%, 5ms/94.5%, 10ms/97.2%, 20ms/98.6%, 50ms/99.4%, 100ms/99.6%
[410.471s][info][gc,marking  ] GC(2294) Mark: 8 stripe(s), 2 proactive flush(es), 1 terminate flush(es), 0 completion(s), 0 continuation(s) 
[410.471s][info][gc,marking  ] GC(2294) Mark Stack Usage: 32M
[410.471s][info][gc,nmethod  ] GC(2294) NMethods: 8187 registered, 1385 unregistered
[410.471s][info][gc,metaspace] GC(2294) Metaspace: 120M used, 123M committed, 1152M reserved
[410.471s][info][gc,ref      ] GC(2294) Soft: 2876 encountered, 321 discovered, 0 enqueued
[410.471s][info][gc,ref      ] GC(2294) Weak: 13751 encountered, 998 discovered, 0 enqueued
[410.472s][info][gc,ref      ] GC(2294) Final: 84 encountered, 2 discovered, 0 enqueued
[410.472s][info][gc,ref      ] GC(2294) Phantom: 764 encountered, 508 discovered, 0 enqueued
[410.472s][info][gc,reloc    ] GC(2294) Small Pages: 370 / 740M, Empty: 600M, Relocated: 6M, In-Place: 0
[410.472s][info][gc,reloc    ] GC(2294) Medium Pages: 38 / 1216M, Empty: 32M, Relocated: 0M, In-Place: 0
[410.472s][info][gc,reloc    ] GC(2294) Large Pages: 8 / 64M, Empty: 0M, Relocated: 0M, In-Place: 0
[410.472s][info][gc,reloc    ] GC(2294) Forwarding Usage: 1M
[410.472s][info][gc,heap     ] GC(2294) Min Capacity: 8M(0%)
[410.472s][info][gc,heap     ] GC(2294) Max Capacity: 2048M(100%)
[410.472s][info][gc,heap     ] GC(2294) Soft Max Capacity: 2048M(100%)
[410.472s][info][gc,heap     ] GC(2294)                Mark Start          Mark End        Relocate Start      Relocate End           High               Low         
[410.472s][info][gc,heap     ] GC(2294)  Capacity:     2048M (100%)       2048M (100%)       2048M (100%)       2048M (100%)       2048M (100%)       2048M (100%)   
[410.472s][info][gc,heap     ] GC(2294)      Free:       20M (1%)            0M (0%)          486M (24%)         374M (18%)         588M (29%)           0M (0%)     
[410.472s][info][gc,heap     ] GC(2294)      Used:     2028M (99%)        2048M (100%)       1562M (76%)        1674M (82%)        2048M (100%)       1460M (71%)    
[410.472s][info][gc,heap     ] GC(2294)      Live:         -              1155M (56%)        1155M (56%)        1155M (56%)            -                  -          
[410.472s][info][gc,heap     ] GC(2294) Allocated:         -                20M (1%)          166M (8%)          329M (16%)            -                  -          
[410.472s][info][gc,heap     ] GC(2294)   Garbage:         -               872M (43%)         240M (12%)         188M (9%)             -                  -          
[410.472s][info][gc,heap     ] GC(2294) Reclaimed:         -                  -               632M (31%)         683M (33%)            -                  -          
[410.472s][info][gc          ] GC(2294) Garbage Collection (Allocation Stall) 2028M(99%)->1674M(82%)
[410.501s][info][gc,start    ] GC(2295) Garbage Collection (Allocation Stall)
[410.501s][info][gc,ref      ] GC(2295) Clearing All SoftReferences
[410.501s][info][gc,task     ] GC(2295) Using 12 workers
[410.502s][info][gc,ref      ] GC(2295) Clearing All SoftReferences
[410.502s][info][gc,phases   ] GC(2295) Pause Mark Start 0.037ms
[410.502s][info][gc          ] Allocation Stall (Executor task launch worker for task 22.0 in stage 87.0 (TID 1437)) 0.466ms
[410.502s][info][gc          ] Allocation Stall (Executor task launch worker for task 25.0 in stage 87.0 (TID 1439)) 0.464ms
[410.502s][info][gc          ] Allocation Stall (Executor task launch worker for task 33.0 in stage 87.0 (TID 1446)) 0.466ms
[410.502s][info][gc          ] Allocation Stall (Executor task launch worker for task 9.0 in stage 87.0 (TID 1428)) 0.545ms
[410.502s][info][gc          ] Allocation Stall (Executor task launch worker for task 36.0 in stage 87.0 (TID 1448)) 0.573ms
[410.502s][info][gc          ] Allocation Stall (Executor task launch worker for task 45.0 in stage 87.0 (TID 1467)) 0.584ms
[410.502s][info][gc          ] Allocation Stall (Executor task launch worker for task 1.0 in stage 87.0 (TID 1421)) 0.651ms
[410.502s][info][gc          ] Allocation Stall (Executor task launch worker for task 12.0 in stage 87.0 (TID 1430)) 0.709ms
[410.502s][info][gc          ] Allocation Stall (Executor task launch worker for task 0.0 in stage 87.0 (TID 1456)) 0.755ms
[410.502s][info][gc          ] Allocation Stall (Executor task launch worker for task 43.0 in stage 87.0 (TID 1454)) 0.816ms
[410.502s][info][gc          ] Allocation Stall (Executor task launch worker for task 19.0 in stage 87.0 (TID 1460)) 0.869ms
[410.502s][info][gc          ] Allocation Stall (Executor task launch worker for task 4.0 in stage 87.0 (TID 1423)) 0.919ms
[410.502s][info][gc          ] Allocation Stall (Executor task launch worker for task 24.0 in stage 87.0 (TID 1462)) 0.971ms
[410.502s][info][gc          ] Allocation Stall (Executor task launch worker for task 11.0 in stage 87.0 (TID 1458)) 1.017ms
[410.533s][info][gc,phases   ] GC(2295) Concurrent Mark 30.831ms
[410.533s][info][gc,phases   ] GC(2295) Pause Mark End 0.024ms
[410.533s][info][gc,phases   ] GC(2295) Concurrent Mark Free 0.001ms
[410.559s][info][gc,phases   ] GC(2295) Concurrent Process Non-Strong References 26.265ms
[410.559s][info][gc,phases   ] GC(2295) Concurrent Reset Relocation Set 0.007ms
[410.559s][info][gc          ] Allocation Stall (Executor task launch worker for task 4.0 in stage 87.0 (TID 1423)) 55.764ms
[410.559s][info][gc          ] Allocation Stall (Executor task launch worker for task 9.0 in stage 87.0 (TID 1428)) 56.029ms
[410.559s][info][gc          ] Allocation Stall (Executor task launch worker for task 24.0 in stage 87.0 (TID 1462)) 55.777ms
[410.559s][info][gc          ] Allocation Stall (Executor task launch worker for task 35.0 in stage 87.0 (TID 1464)) 57.979ms
[410.559s][info][gc          ] Allocation Stall (Executor task launch worker for task 0.0 in stage 87.0 (TID 1456)) 55.952ms
[410.559s][info][gc          ] Allocation Stall (Executor task launch worker for task 27.0 in stage 87.0 (TID 1441)) 57.571ms
[410.559s][info][gc          ] Allocation Stall (Executor task launch worker for task 13.0 in stage 87.0 (TID 1431)) 58.001ms
[410.559s][info][gc          ] Allocation Stall (Executor task launch worker for task 22.0 in stage 87.0 (TID 1437)) 55.514ms
[410.559s][info][gc          ] Allocation Stall (Executor task launch worker for task 44.0 in stage 87.0 (TID 1466)) 55.732ms
[410.559s][info][gc          ] Allocation Stall (Executor task launch worker for task 25.0 in stage 87.0 (TID 1439)) 55.473ms
[410.559s][info][gc          ] Allocation Stall (Executor task launch worker for task 8.0 in stage 87.0 (TID 1427)) 57.619ms
[410.559s][info][gc          ] Allocation Stall (Executor task launch worker for task 18.0 in stage 87.0 (TID 1435)) 58.032ms
[410.559s][info][gc          ] Allocation Stall (Executor task launch worker for task 3.0 in stage 87.0 (TID 1457)) 57.608ms
[410.559s][info][gc          ] Allocation Stall (Executor task launch worker for task 1.0 in stage 87.0 (TID 1421)) 55.471ms
[410.559s][info][gc          ] Allocation Stall (Executor task launch worker for task 37.0 in stage 87.0 (TID 1449)) 57.612ms
[410.559s][info][gc          ] Allocation Stall (Executor task launch worker for task 11.0 in stage 87.0 (TID 1458)) 56.144ms
[410.560s][info][gc          ] Allocation Stall (Executor task launch worker for task 40.0 in stage 87.0 (TID 1452)) 57.635ms
[410.560s][info][gc          ] Allocation Stall (Executor task launch worker for task 17.0 in stage 87.0 (TID 1434)) 57.633ms
[410.560s][info][gc          ] Allocation Stall (Executor task launch worker for task 19.0 in stage 87.0 (TID 1460)) 55.963ms
[410.560s][info][gc          ] Allocation Stall (Executor task launch worker for task 41.0 in stage 87.0 (TID 1453)) 57.642ms
[410.560s][info][gc          ] Allocation Stall (Executor task launch worker for task 46.0 in stage 87.0 (TID 1468)) 53.722ms
[410.560s][info][gc          ] Allocation Stall (Executor task launch worker for task 39.0 in stage 87.0 (TID 1451)) 58.077ms
[410.560s][info][gc          ] Allocation Stall (Executor task launch worker for task 21.0 in stage 87.0 (TID 1436)) 58.081ms
[410.560s][info][gc          ] Allocation Stall (Executor task launch worker for task 12.0 in stage 87.0 (TID 1430)) 56.059ms
[410.560s][info][gc          ] Allocation Stall (Executor task launch worker for task 34.0 in stage 87.0 (TID 1447)) 57.673ms
[410.560s][info][gc          ] Allocation Stall (Executor task launch worker for task 30.0 in stage 87.0 (TID 1463)) 56.199ms
[410.560s][info][gc          ] Allocation Stall (Executor task launch worker for task 33.0 in stage 87.0 (TID 1446)) 55.606ms
[410.560s][info][gc          ] Allocation Stall (Executor task launch worker for task 29.0 in stage 87.0 (TID 1443)) 57.665ms
[410.560s][info][gc          ] Allocation Stall (Executor task launch worker for task 15.0 in stage 87.0 (TID 1432)) 58.099ms
[410.560s][info][gc          ] Allocation Stall (Executor task launch worker for task 26.0 in stage 87.0 (TID 1440)) 57.697ms
[410.560s][info][gc          ] Allocation Stall (Executor task launch worker for task 38.0 in stage 87.0 (TID 1450)) 57.695ms
[410.560s][info][gc          ] Allocation Stall (Executor task launch worker for task 5.0 in stage 87.0 (TID 1424)) 57.681ms
[410.560s][info][gc          ] Allocation Stall (Executor task launch worker for task 6.0 in stage 87.0 (TID 1425)) 55.647ms
[410.560s][info][gc          ] Allocation Stall (Executor task launch worker for task 2.0 in stage 87.0 (TID 1422)) 58.137ms
[410.560s][info][gc          ] Allocation Stall (Executor task launch worker for task 45.0 in stage 87.0 (TID 1467)) 55.666ms
[410.560s][info][gc          ] Allocation Stall (Executor task launch worker for task 36.0 in stage 87.0 (TID 1448)) 56.199ms
[410.560s][info][gc          ] Allocation Stall (Executor task launch worker for task 43.0 in stage 87.0 (TID 1454)) 56.123ms
[410.560s][info][gc          ] Allocation Stall (Executor task launch worker for task 16.0 in stage 87.0 (TID 1433)) 58.156ms
[410.560s][info][gc          ] Allocation Stall (Executor task launch worker for task 28.0 in stage 87.0 (TID 1442)) 58.145ms
[410.560s][info][gc          ] Allocation Stall (Executor task launch worker for task 23.0 in stage 87.0 (TID 1438)) 58.175ms
[410.560s][info][gc          ] Allocation Stall (Executor task launch worker for task 7.0 in stage 87.0 (TID 1426)) 57.727ms
[410.560s][info][gc          ] Allocation Stall (Executor task launch worker for task 14.0 in stage 87.0 (TID 1459)) 58.168ms
[410.560s][info][gc          ] Allocation Stall (Executor task launch worker for task 32.0 in stage 87.0 (TID 1445)) 57.751ms
[410.560s][info][gc          ] Allocation Stall (Executor task launch worker for task 10.0 in stage 87.0 (TID 1429)) 57.748ms
[410.560s][info][gc          ] Allocation Stall (Executor task launch worker for task 42.0 in stage 87.0 (TID 1465)) 58.176ms
[410.560s][info][gc          ] Allocation Stall (Executor task launch worker for task 31.0 in stage 87.0 (TID 1444)) 57.745ms
[410.560s][info][gc          ] Allocation Stall (Executor task launch worker for task 20.0 in stage 87.0 (TID 1461)) 58.174ms
[410.563s][info][gc,phases   ] GC(2295) Concurrent Select Relocation Set 3.851ms
[410.563s][info][gc,phases   ] GC(2295) Pause Relocate Start 0.011ms
[410.647s][info][gc          ] Allocation Stall (Executor task launch worker for task 14.0 in stage 87.0 (TID 1459)) 1.329ms
[410.647s][info][gc          ] Allocation Stall (Executor task launch worker for task 36.0 in stage 87.0 (TID 1448)) 1.331ms
[410.647s][info][gc          ] Allocation Stall (Executor task launch worker for task 6.0 in stage 87.0 (TID 1425)) 1.308ms
[410.648s][info][gc          ] Allocation Stall (Executor task launch worker for task 20.0 in stage 87.0 (TID 1461)) 1.188ms
[410.648s][info][gc          ] Allocation Stall (Executor task launch worker for task 0.0 in stage 87.0 (TID 1456)) 1.243ms
[410.648s][info][gc          ] Allocation Stall (Executor task launch worker for task 42.0 in stage 87.0 (TID 1465)) 1.192ms
[410.648s][info][gc          ] Allocation Stall (Executor task launch worker for task 27.0 in stage 87.0 (TID 1441)) 1.078ms
[410.648s][info][gc          ] Allocation Stall (Executor task launch worker for task 34.0 in stage 87.0 (TID 1447)) 1.106ms
[410.648s][info][gc          ] Allocation Stall (Executor task launch worker for task 2.0 in stage 87.0 (TID 1422)) 1.125ms
[410.675s][info][gc          ] Allocation Stall (Executor task launch worker for task 6.0 in stage 87.0 (TID 1425)) 7.593ms
[410.675s][info][gc          ] Allocation Stall (Executor task launch worker for task 0.0 in stage 87.0 (TID 1456)) 7.171ms
[410.675s][info][gc          ] Allocation Stall (Executor task launch worker for task 42.0 in stage 87.0 (TID 1465)) 7.222ms
[410.675s][info][gc          ] Allocation Stall (Executor task launch worker for task 39.0 in stage 87.0 (TID 1451)) 7.209ms
[410.675s][info][gc          ] Allocation Stall (Executor task launch worker for task 20.0 in stage 87.0 (TID 1461)) 7.200ms
[410.675s][info][gc          ] Allocation Stall (Executor task launch worker for task 46.0 in stage 87.0 (TID 1468)) 7.383ms
[410.675s][info][gc          ] Allocation Stall (dispatcher-event-loop-33) 8.722ms
[410.675s][info][gc          ] Allocation Stall (Executor task launch worker for task 44.0 in stage 87.0 (TID 1466)) 7.213ms
[410.675s][info][gc          ] Allocation Stall (Executor task launch worker for task 45.0 in stage 87.0 (TID 1467)) 7.674ms
[410.675s][info][gc          ] Allocation Stall (Executor task launch worker for task 2.0 in stage 87.0 (TID 1422)) 7.728ms
[410.675s][info][gc          ] Allocation Stall (Executor task launch worker for task 11.0 in stage 87.0 (TID 1458)) 7.782ms
[410.675s][info][gc          ] Allocation Stall (Executor task launch worker for task 14.0 in stage 87.0 (TID 1459)) 7.876ms
[410.675s][info][gc          ] Allocation Stall (Executor task launch worker for task 30.0 in stage 87.0 (TID 1463)) 7.891ms
[410.675s][info][gc          ] Allocation Stall (Executor task launch worker for task 28.0 in stage 87.0 (TID 1442)) 7.928ms
[410.675s][info][gc          ] Allocation Stall (Executor task launch worker for task 3.0 in stage 87.0 (TID 1457)) 8.381ms
[410.675s][info][gc          ] Allocation Stall (Executor task launch worker for task 24.0 in stage 87.0 (TID 1462)) 8.687ms
[410.675s][info][gc,phases   ] GC(2295) Concurrent Relocate 111.248ms
[410.675s][info][gc          ] Allocation Stall (dispatcher-event-loop-3) 6.332ms
[410.675s][info][gc          ] Allocation Stall (Executor task launch worker for task 26.0 in stage 87.0 (TID 1440)) 4.327ms
[410.675s][info][gc          ] Allocation Stall (Executor task launch worker for task 35.0 in stage 87.0 (TID 1464)) 2.466ms
[410.675s][info][gc,load     ] GC(2295) Load: 0.00/0.00/0.00
[410.675s][info][gc          ] Allocation Stall (Executor task launch worker for task 31.0 in stage 87.0 (TID 1444)) 2.180ms
[410.675s][info][gc          ] Allocation Stall (Executor task launch worker for task 19.0 in stage 87.0 (TID 1460)) 1.224ms
[410.675s][info][gc          ] Allocation Stall (dispatcher-event-loop-39) 0.244ms
[410.675s][info][gc,mmu      ] GC(2295) MMU: 2ms/86.2%, 5ms/94.5%, 10ms/97.2%, 20ms/98.6%, 50ms/99.4%, 100ms/99.6%
[410.675s][info][gc,marking  ] GC(2295) Mark: 8 stripe(s), 2 proactive flush(es), 1 terminate flush(es), 0 completion(s), 0 continuation(s) 
[410.675s][info][gc,marking  ] GC(2295) Mark Stack Usage: 32M
[410.675s][info][gc,nmethod  ] GC(2295) NMethods: 8191 registered, 1385 unregistered
[410.675s][info][gc,metaspace] GC(2295) Metaspace: 120M used, 123M committed, 1152M reserved
[410.675s][info][gc,ref      ] GC(2295) Soft: 2905 encountered, 423 discovered, 29 enqueued
[410.675s][info][gc,ref      ] GC(2295) Weak: 13763 encountered, 2377 discovered, 14 enqueued
[410.675s][info][gc,ref      ] GC(2295) Final: 84 encountered, 0 discovered, 0 enqueued
[410.675s][info][gc,ref      ] GC(2295) Phantom: 765 encountered, 531 discovered, 0 enqueued
[410.675s][info][gc,reloc    ] GC(2295) Small Pages: 381 / 762M, Empty: 578M, Relocated: 4M, In-Place: 0
[410.675s][info][gc,reloc    ] GC(2295) Medium Pages: 37 / 1184M, Empty: 0M, Relocated: 26M, In-Place: 0
[410.675s][info][gc,reloc    ] GC(2295) Large Pages: 12 / 96M, Empty: 0M, Relocated: 0M, In-Place: 0
[410.675s][info][gc,reloc    ] GC(2295) Forwarding Usage: 0M
[410.675s][info][gc,heap     ] GC(2295) Min Capacity: 8M(0%)
[410.676s][info][gc,heap     ] GC(2295) Max Capacity: 2048M(100%)
[410.676s][info][gc,heap     ] GC(2295) Soft Max Capacity: 2048M(100%)
[410.676s][info][gc,heap     ] GC(2295)                Mark Start          Mark End        Relocate Start      Relocate End           High               Low         
[410.676s][info][gc,heap     ] GC(2295)  Capacity:     2048M (100%)       2048M (100%)       2048M (100%)       2048M (100%)       2048M (100%)       2048M (100%)   
[410.676s][info][gc,heap     ] GC(2295)      Free:        0M (0%)            0M (0%)          544M (27%)           0M (0%)          602M (29%)           0M (0%)     
[410.676s][info][gc,heap     ] GC(2295)      Used:     2048M (100%)       2048M (100%)       1504M (73%)        2048M (100%)       2048M (100%)       1446M (71%)    
[410.676s][info][gc,heap     ] GC(2295)      Live:         -              1179M (58%)        1179M (58%)        1179M (58%)            -                  -          
[410.676s][info][gc,heap     ] GC(2295) Allocated:         -                 0M (0%)           34M (2%)          705M (34%)            -                  -          
[410.676s][info][gc,heap     ] GC(2295)   Garbage:         -               868M (42%)         290M (14%)         163M (8%)             -                  -          
[410.676s][info][gc,heap     ] GC(2295) Reclaimed:         -                  -               578M (28%)         705M (34%)            -                  -          
[410.676s][info][gc          ] GC(2295) Garbage Collection (Allocation Stall) 2048M(100%)->2048M(100%)
[410.676s][info][gc,start    ] GC(2296) Garbage Collection (Allocation Stall)
[410.676s][info][gc,ref      ] GC(2296) Clearing All SoftReferences
[410.676s][info][gc,task     ] GC(2296) Using 12 workers
[410.677s][info][gc,ref      ] GC(2296) Clearing All SoftReferences
[410.677s][info][gc,phases   ] GC(2296) Pause Mark Start 0.037ms
[410.709s][info][gc,phases   ] GC(2296) Concurrent Mark 32.280ms
[410.710s][info][gc,phases   ] GC(2296) Pause Mark End 0.022ms
[410.710s][info][gc,phases   ] GC(2296) Concurrent Mark Free 0.001ms
[410.733s][info][gc,phases   ] GC(2296) Concurrent Process Non-Strong References 23.423ms
[410.733s][info][gc,phases   ] GC(2296) Concurrent Reset Relocation Set 0.011ms
[410.733s][info][gc          ] Allocation Stall (Executor task launch worker for task 35.0 in stage 87.0 (TID 1464)) 48.140ms
[410.733s][info][gc          ] Allocation Stall (Executor task launch worker for task 39.0 in stage 87.0 (TID 1451)) 49.292ms
[410.733s][info][gc          ] Allocation Stall (Executor task launch worker for task 44.0 in stage 87.0 (TID 1466)) 47.963ms
[410.733s][info][gc          ] Allocation Stall (Executor task launch worker for task 14.0 in stage 87.0 (TID 1459)) 47.934ms
[410.733s][info][gc          ] Allocation Stall (Executor task launch worker for task 45.0 in stage 87.0 (TID 1467)) 49.154ms
[410.733s][info][gc          ] Allocation Stall (dispatcher-event-loop-47) 46.436ms
[410.733s][info][gc          ] Allocation Stall (Executor task launch worker for task 20.0 in stage 87.0 (TID 1461)) 49.391ms
[410.733s][info][gc          ] Allocation Stall (Executor task launch worker for task 42.0 in stage 87.0 (TID 1465)) 56.826ms
[410.733s][info][gc          ] Allocation Stall (Executor task launch worker for task 9.0 in stage 87.0 (TID 1428)) 46.890ms
[410.733s][info][gc          ] Allocation Stall (Executor task launch worker for task 19.0 in stage 87.0 (TID 1460)) 49.431ms
[410.733s][info][gc          ] Allocation Stall (Executor task launch worker for task 46.0 in stage 87.0 (TID 1468)) 48.137ms
[410.733s][info][gc          ] Allocation Stall (Executor task launch worker for task 0.0 in stage 87.0 (TID 1456)) 49.405ms
[410.733s][info][gc          ] Allocation Stall (Executor task launch worker for task 6.0 in stage 87.0 (TID 1425)) 49.390ms
[410.733s][info][gc          ] Allocation Stall (Executor task launch worker for task 11.0 in stage 87.0 (TID 1458)) 47.970ms
[410.733s][info][gc          ] Allocation Stall (Executor task launch worker for task 3.0 in stage 87.0 (TID 1457)) 47.960ms
[410.733s][info][gc          ] Allocation Stall (Executor task launch worker for task 28.0 in stage 87.0 (TID 1442)) 48.080ms
[410.733s][info][gc          ] Allocation Stall (Executor task launch worker for task 30.0 in stage 87.0 (TID 1463)) 49.427ms
[410.733s][info][gc          ] Allocation Stall (Executor task launch worker for task 24.0 in stage 87.0 (TID 1462)) 47.946ms
[410.740s][info][gc,phases   ] GC(2296) Concurrent Select Relocation Set 7.256ms
[410.741s][info][gc,phases   ] GC(2296) Pause Relocate Start 0.008ms
[410.782s][info][gc,phases   ] GC(2296) Concurrent Relocate 41.682ms
[410.782s][info][gc,load     ] GC(2296) Load: 0.00/0.00/0.00
[410.782s][info][gc,mmu      ] GC(2296) MMU: 2ms/86.2%, 5ms/94.5%, 10ms/97.2%, 20ms/98.6%, 50ms/99.4%, 100ms/99.6%
[410.782s][info][gc,marking  ] GC(2296) Mark: 8 stripe(s), 2 proactive flush(es), 1 terminate flush(es), 0 completion(s), 0 continuation(s) 
[410.782s][info][gc,marking  ] GC(2296) Mark Stack Usage: 32M
[410.782s][info][gc,nmethod  ] GC(2296) NMethods: 8191 registered, 1388 unregistered
[410.782s][info][gc,metaspace] GC(2296) Metaspace: 120M used, 123M committed, 1152M reserved
[410.782s][info][gc,ref      ] GC(2296) Soft: 2931 encountered, 348 discovered, 46 enqueued
[410.783s][info][gc,ref      ] GC(2296) Weak: 13823 encountered, 1339 discovered, 50 enqueued
[410.783s][info][gc,ref      ] GC(2296) Final: 84 encountered, 0 discovered, 0 enqueued
[410.783s][info][gc,ref      ] GC(2296) Phantom: 764 encountered, 554 discovered, 0 enqueued
[410.783s][info][gc,reloc    ] GC(2296) Small Pages: 353 / 706M, Empty: 402M, Relocated: 10M, In-Place: 0
[410.783s][info][gc,reloc    ] GC(2296) Medium Pages: 38 / 1216M, Empty: 0M, Relocated: 55M, In-Place: 0
[410.783s][info][gc,reloc    ] GC(2296) Large Pages: 13 / 104M, Empty: 64M, Relocated: 0M, In-Place: 0
[410.783s][info][gc,reloc    ] GC(2296) Forwarding Usage: 1M
[410.783s][info][gc,heap     ] GC(2296) Min Capacity: 8M(0%)
[410.783s][info][gc,heap     ] GC(2296) Max Capacity: 2048M(100%)
[410.783s][info][gc,heap     ] GC(2296) Soft Max Capacity: 2048M(100%)
[410.783s][info][gc,heap     ] GC(2296)                Mark Start          Mark End        Relocate Start      Relocate End           High               Low         
[410.783s][info][gc,heap     ] GC(2296)  Capacity:     2048M (100%)       2048M (100%)       2048M (100%)       2048M (100%)       2048M (100%)       2048M (100%)   
[410.783s][info][gc,heap     ] GC(2296)      Free:       22M (1%)            0M (0%)          398M (19%)         166M (8%)          568M (28%)           0M (0%)     
[410.783s][info][gc,heap     ] GC(2296)      Used:     2026M (99%)        2048M (100%)       1650M (81%)        1882M (92%)        2048M (100%)       1480M (72%)    
[410.783s][info][gc,heap     ] GC(2296)      Live:         -              1150M (56%)        1150M (56%)        1150M (56%)            -                  -          
[410.783s][info][gc,heap     ] GC(2296) Allocated:         -                22M (1%)           90M (4%)          572M (28%)            -                  -          
[410.783s][info][gc,heap     ] GC(2296)   Garbage:         -               875M (43%)         409M (20%)         158M (8%)             -                  -          
[410.783s][info][gc,heap     ] GC(2296) Reclaimed:         -                  -               466M (23%)         716M (35%)            -                  -          
[410.783s][info][gc          ] GC(2296) Garbage Collection (Allocation Stall) 2026M(99%)->1882M(92%)
[410.794s][info][gc,start    ] GC(2297) Garbage Collection (Allocation Stall)
[410.794s][info][gc,ref      ] GC(2297) Clearing All SoftReferences
[410.794s][info][gc,task     ] GC(2297) Using 12 workers
[410.794s][info][gc,ref      ] GC(2297) Clearing All SoftReferences
[410.795s][info][gc,phases   ] GC(2297) Pause Mark Start 0.043ms
[410.795s][info][gc          ] Allocation Stall (Executor task launch worker for task 46.0 in stage 87.0 (TID 1468)) 0.414ms
[410.795s][info][gc          ] Allocation Stall (Executor task launch worker for task 14.0 in stage 87.0 (TID 1459)) 0.022ms
[410.795s][info][gc          ] Allocation Stall (Executor task launch worker for task 29.0 in stage 87.0 (TID 1443)) 0.012ms
[410.819s][info][gc,phases   ] GC(2297) Concurrent Mark 24.144ms
[410.819s][info][gc,phases   ] GC(2297) Pause Mark End 0.021ms
[410.819s][info][gc,phases   ] GC(2297) Concurrent Mark Free 0.001ms
[410.844s][info][gc,phases   ] GC(2297) Concurrent Process Non-Strong References 24.573ms
[410.844s][info][gc,phases   ] GC(2297) Concurrent Reset Relocation Set 0.021ms
[410.844s][info][gc          ] Allocation Stall (dag-scheduler-event-loop) 46.909ms
[410.844s][info][gc          ] Allocation Stall (Executor task launch worker for task 46.0 in stage 87.0 (TID 1468)) 46.932ms
[410.844s][info][gc          ] Allocation Stall (Executor task launch worker for task 35.0 in stage 87.0 (TID 1464)) 46.700ms
[410.844s][info][gc          ] Allocation Stall (Executor task launch worker for task 11.0 in stage 87.0 (TID 1458)) 46.856ms
[410.844s][info][gc          ] Allocation Stall (Executor task launch worker for task 3.0 in stage 87.0 (TID 1457)) 46.573ms
[410.844s][info][gc          ] Allocation Stall (Executor task launch worker for task 14.0 in stage 87.0 (TID 1459)) 46.525ms
[410.844s][info][gc          ] Allocation Stall (Executor task launch worker for task 19.0 in stage 87.0 (TID 1460)) 46.652ms
[410.844s][info][gc          ] Allocation Stall (Executor task launch worker for task 42.0 in stage 87.0 (TID 1465)) 46.471ms
[410.844s][info][gc          ] Allocation Stall (Executor task launch worker for task 20.0 in stage 87.0 (TID 1461)) 46.741ms
[410.844s][info][gc          ] Allocation Stall (dispatcher-event-loop-30) 45.603ms
[410.844s][info][gc          ] Allocation Stall (Executor task launch worker for task 30.0 in stage 87.0 (TID 1463)) 46.639ms
[410.844s][info][gc          ] Allocation Stall (Executor task launch worker for task 5.0 in stage 87.0 (TID 1424)) 46.222ms
[410.844s][info][gc          ] Allocation Stall (Executor task launch worker for task 44.0 in stage 87.0 (TID 1466)) 46.849ms
[410.844s][info][gc          ] Allocation Stall (Executor task launch worker for task 0.0 in stage 87.0 (TID 1456)) 46.637ms
[410.844s][info][gc          ] Allocation Stall (Executor task launch worker for task 24.0 in stage 87.0 (TID 1462)) 46.675ms
[410.844s][info][gc          ] Allocation Stall (Executor task launch worker for task 45.0 in stage 87.0 (TID 1467)) 46.876ms
[410.847s][info][gc,phases   ] GC(2297) Concurrent Select Relocation Set 3.108ms
[410.847s][info][gc,phases   ] GC(2297) Pause Relocate Start 0.012ms
[410.883s][info][gc,phases   ] GC(2297) Concurrent Relocate 35.297ms
[410.883s][info][gc,load     ] GC(2297) Load: 0.00/0.00/0.00
[410.883s][info][gc,mmu      ] GC(2297) MMU: 2ms/86.2%, 5ms/94.5%, 10ms/97.2%, 20ms/98.6%, 50ms/99.4%, 100ms/99.6%
[410.883s][info][gc,marking  ] GC(2297) Mark: 8 stripe(s), 2 proactive flush(es), 1 terminate flush(es), 0 completion(s), 0 continuation(s) 
[410.883s][info][gc,marking  ] GC(2297) Mark Stack Usage: 32M
[410.883s][info][gc,nmethod  ] GC(2297) NMethods: 8191 registered, 1391 unregistered
[410.883s][info][gc,metaspace] GC(2297) Metaspace: 120M used, 123M committed, 1152M reserved
[410.883s][info][gc,ref      ] GC(2297) Soft: 2895 encountered, 1290 discovered, 26 enqueued
[410.883s][info][gc,ref      ] GC(2297) Weak: 13765 encountered, 1661 discovered, 20 enqueued
[410.883s][info][gc,ref      ] GC(2297) Final: 84 encountered, 8 discovered, 0 enqueued
[410.883s][info][gc,ref      ] GC(2297) Phantom: 764 encountered, 538 discovered, 0 enqueued
[410.883s][info][gc,reloc    ] GC(2297) Small Pages: 360 / 720M, Empty: 468M, Relocated: 6M, In-Place: 0
[410.883s][info][gc,reloc    ] GC(2297) Medium Pages: 40 / 1280M, Empty: 0M, Relocated: 83M, In-Place: 0
[410.883s][info][gc,reloc    ] GC(2297) Large Pages: 5 / 40M, Empty: 40M, Relocated: 0M, In-Place: 0
[410.883s][info][gc,reloc    ] GC(2297) Forwarding Usage: 1M
[410.883s][info][gc,heap     ] GC(2297) Min Capacity: 8M(0%)
[410.883s][info][gc,heap     ] GC(2297) Max Capacity: 2048M(100%)
[410.883s][info][gc,heap     ] GC(2297) Soft Max Capacity: 2048M(100%)
[410.883s][info][gc,heap     ] GC(2297)                Mark Start          Mark End        Relocate Start      Relocate End           High               Low         
[410.883s][info][gc,heap     ] GC(2297)  Capacity:     2048M (100%)       2048M (100%)       2048M (100%)       2048M (100%)       2048M (100%)       2048M (100%)   
[410.883s][info][gc,heap     ] GC(2297)      Free:        6M (0%)            0M (0%)          458M (22%)         406M (20%)         612M (30%)           0M (0%)     
[410.883s][info][gc,heap     ] GC(2297)      Used:     2042M (100%)       2048M (100%)       1590M (78%)        1642M (80%)        2048M (100%)       1436M (70%)    
[410.883s][info][gc,heap     ] GC(2297)      Live:         -              1140M (56%)        1140M (56%)        1140M (56%)            -                  -          
[410.883s][info][gc,heap     ] GC(2297) Allocated:         -                 6M (0%)           56M (3%)          331M (16%)            -                  -          
[410.883s][info][gc,heap     ] GC(2297)   Garbage:         -               901M (44%)         393M (19%)         169M (8%)             -                  -          
[410.883s][info][gc,heap     ] GC(2297) Reclaimed:         -                  -               508M (25%)         731M (36%)            -                  -          
[410.883s][info][gc          ] GC(2297) Garbage Collection (Allocation Stall) 2042M(100%)->1642M(80%)
[410.922s][info][gc,start    ] GC(2298) Garbage Collection (Allocation Stall)
[410.922s][info][gc,ref      ] GC(2298) Clearing All SoftReferences
[410.922s][info][gc,task     ] GC(2298) Using 12 workers
[410.922s][info][gc,ref      ] GC(2298) Clearing All SoftReferences
[410.922s][info][gc,phases   ] GC(2298) Pause Mark Start 0.050ms
[410.922s][info][gc          ] Allocation Stall (Executor task launch worker for task 24.0 in stage 87.0 (TID 1462)) 0.451ms
[410.922s][info][gc          ] Allocation Stall (Executor task launch worker for task 14.0 in stage 87.0 (TID 1459)) 0.481ms
[410.922s][info][gc          ] Allocation Stall (Executor task launch worker for task 11.0 in stage 87.0 (TID 1458)) 0.526ms
[410.922s][info][gc          ] Allocation Stall (Executor task launch worker for task 20.0 in stage 87.0 (TID 1461)) 0.565ms
[410.923s][info][gc          ] Allocation Stall (Executor task launch worker for task 3.0 in stage 87.0 (TID 1457)) 0.604ms
[410.923s][info][gc          ] Allocation Stall (Executor task launch worker for task 42.0 in stage 87.0 (TID 1465)) 0.234ms
[410.923s][info][gc          ] Allocation Stall (Executor task launch worker for task 44.0 in stage 87.0 (TID 1466)) 0.276ms
[410.923s][info][gc          ] Allocation Stall (Executor task launch worker for task 19.0 in stage 87.0 (TID 1460)) 0.319ms
[410.923s][info][gc          ] Allocation Stall (Executor task launch worker for task 46.0 in stage 87.0 (TID 1468)) 0.372ms
[410.944s][info][gc,phases   ] GC(2298) Concurrent Mark 21.372ms
[410.944s][info][gc,phases   ] GC(2298) Pause Mark End 0.019ms
[410.944s][info][gc,phases   ] GC(2298) Concurrent Mark Free 0.001ms
[410.965s][info][gc,phases   ] GC(2298) Concurrent Process Non-Strong References 21.251ms
[410.965s][info][gc,phases   ] GC(2298) Concurrent Reset Relocation Set 0.012ms
[410.965s][info][gc          ] Allocation Stall (Executor task launch worker for task 46.0 in stage 87.0 (TID 1468)) 41.607ms
[410.965s][info][gc          ] Allocation Stall (Executor task launch worker for task 11.0 in stage 87.0 (TID 1458)) 41.660ms
[410.965s][info][gc          ] Allocation Stall (Executor task launch worker for task 20.0 in stage 87.0 (TID 1461)) 41.531ms
[410.965s][info][gc          ] Allocation Stall (Executor task launch worker for task 14.0 in stage 87.0 (TID 1459)) 41.575ms
[410.965s][info][gc          ] Allocation Stall (Executor task launch worker for task 30.0 in stage 87.0 (TID 1463)) 42.959ms
[410.965s][info][gc          ] Allocation Stall (Executor task launch worker for task 42.0 in stage 87.0 (TID 1465)) 41.915ms
[410.965s][info][gc          ] Allocation Stall (Executor task launch worker for task 45.0 in stage 87.0 (TID 1467)) 42.965ms
[410.965s][info][gc          ] Allocation Stall (Executor task launch worker for task 3.0 in stage 87.0 (TID 1457)) 41.518ms
[410.965s][info][gc          ] Allocation Stall (Executor task launch worker for task 0.0 in stage 87.0 (TID 1456)) 42.964ms
[410.965s][info][gc          ] Allocation Stall (Executor task launch worker for task 24.0 in stage 87.0 (TID 1462)) 41.602ms
[410.965s][info][gc          ] Allocation Stall (Executor task launch worker for task 35.0 in stage 87.0 (TID 1464)) 42.979ms
[410.965s][info][gc          ] Allocation Stall (Executor task launch worker for task 19.0 in stage 87.0 (TID 1460)) 41.910ms
[410.965s][info][gc          ] Allocation Stall (Executor task launch worker for task 44.0 in stage 87.0 (TID 1466)) 41.511ms
[410.972s][info][gc,phases   ] GC(2298) Concurrent Select Relocation Set 6.916ms
[410.972s][info][gc,phases   ] GC(2298) Pause Relocate Start 0.010ms
[410.990s][info][gc,phases   ] GC(2298) Concurrent Relocate 17.541ms
[410.990s][info][gc,load     ] GC(2298) Load: 0.00/0.00/0.00
[410.990s][info][gc,mmu      ] GC(2298) MMU: 2ms/86.2%, 5ms/94.5%, 10ms/97.2%, 20ms/98.6%, 50ms/99.4%, 100ms/99.6%
[410.990s][info][gc,marking  ] GC(2298) Mark: 8 stripe(s), 2 proactive flush(es), 1 terminate flush(es), 0 completion(s), 0 continuation(s) 
[410.990s][info][gc,marking  ] GC(2298) Mark Stack Usage: 32M
[410.990s][info][gc,nmethod  ] GC(2298) NMethods: 8184 registered, 1398 unregistered
[410.990s][info][gc,metaspace] GC(2298) Metaspace: 120M used, 123M committed, 1152M reserved
[410.990s][info][gc,ref      ] GC(2298) Soft: 2861 encountered, 2336 discovered, 19 enqueued
[410.990s][info][gc,ref      ] GC(2298) Weak: 13700 encountered, 1216 discovered, 7 enqueued
[410.990s][info][gc,ref      ] GC(2298) Final: 84 encountered, 2 discovered, 0 enqueued
[410.990s][info][gc,ref      ] GC(2298) Phantom: 764 encountered, 466 discovered, 0 enqueued
[410.990s][info][gc,reloc    ] GC(2298) Small Pages: 382 / 764M, Empty: 604M, Relocated: 8M, In-Place: 0
[410.990s][info][gc,reloc    ] GC(2298) Medium Pages: 40 / 1280M, Empty: 0M, Relocated: 17M, In-Place: 0
[410.990s][info][gc,reloc    ] GC(2298) Large Pages: 0 / 0M, Empty: 0M, Relocated: 0M, In-Place: 0
[410.990s][info][gc,reloc    ] GC(2298) Forwarding Usage: 1M
[410.990s][info][gc,heap     ] GC(2298) Min Capacity: 8M(0%)
[410.990s][info][gc,heap     ] GC(2298) Max Capacity: 2048M(100%)
[410.990s][info][gc,heap     ] GC(2298) Soft Max Capacity: 2048M(100%)
[410.990s][info][gc,heap     ] GC(2298)                Mark Start          Mark End        Relocate Start      Relocate End           High               Low         
[410.991s][info][gc,heap     ] GC(2298)  Capacity:     2048M (100%)       2048M (100%)       2048M (100%)       2048M (100%)       2048M (100%)       2048M (100%)   
[410.991s][info][gc,heap     ] GC(2298)      Free:        0M (0%)            0M (0%)          504M (25%)         412M (20%)         538M (26%)           0M (0%)     
[410.991s][info][gc,heap     ] GC(2298)      Used:     2048M (100%)       2048M (100%)       1544M (75%)        1636M (80%)        2048M (100%)       1510M (74%)    
[410.991s][info][gc,heap     ] GC(2298)      Live:         -              1161M (57%)        1161M (57%)        1161M (57%)            -                  -          
[410.991s][info][gc,heap     ] GC(2298) Allocated:         -                 0M (0%)          100M (5%)          297M (15%)            -                  -          
[410.991s][info][gc,heap     ] GC(2298)   Garbage:         -               886M (43%)         282M (14%)         177M (9%)             -                  -          
[410.991s][info][gc,heap     ] GC(2298) Reclaimed:         -                  -               604M (29%)         709M (35%)            -                  -          
[410.991s][info][gc          ] GC(2298) Garbage Collection (Allocation Stall) 2048M(100%)->1636M(80%)
[411.031s][info][gc,start    ] GC(2299) Garbage Collection (Allocation Stall)
[411.031s][info][gc,ref      ] GC(2299) Clearing All SoftReferences
[411.031s][info][gc,task     ] GC(2299) Using 12 workers
[411.032s][info][gc,ref      ] GC(2299) Clearing All SoftReferences
[411.032s][info][gc,phases   ] GC(2299) Pause Mark Start 0.044ms
[411.032s][info][gc          ] Allocation Stall (Executor task launch worker for task 44.0 in stage 87.0 (TID 1466)) 0.640ms
[411.032s][info][gc          ] Allocation Stall (Executor task launch worker for task 14.0 in stage 87.0 (TID 1459)) 0.733ms
[411.032s][info][gc          ] Allocation Stall (Executor task launch worker for task 46.0 in stage 87.0 (TID 1468)) 0.701ms
[411.032s][info][gc          ] Allocation Stall (Executor task launch worker for task 45.0 in stage 87.0 (TID 1467)) 0.618ms
[411.032s][info][gc          ] Allocation Stall (Executor task launch worker for task 30.0 in stage 87.0 (TID 1463)) 0.684ms
[411.032s][info][gc          ] Allocation Stall (Executor task launch worker for task 11.0 in stage 87.0 (TID 1458)) 0.085ms
[411.032s][info][gc          ] Allocation Stall (Executor task launch worker for task 20.0 in stage 87.0 (TID 1461)) 0.124ms
[411.032s][info][gc          ] Allocation Stall (Executor task launch worker for task 35.0 in stage 87.0 (TID 1464)) 0.141ms
[411.032s][info][gc          ] Allocation Stall (Executor task launch worker for task 19.0 in stage 87.0 (TID 1460)) 0.172ms
[411.032s][info][gc          ] Allocation Stall (Executor task launch worker for task 3.0 in stage 87.0 (TID 1457)) 0.200ms
[411.032s][info][gc          ] Allocation Stall (Executor task launch worker for task 42.0 in stage 87.0 (TID 1465)) 0.227ms
[411.032s][info][gc          ] Allocation Stall (Executor task launch worker for task 0.0 in stage 87.0 (TID 1456)) 0.283ms
[411.032s][info][gc          ] Allocation Stall (Executor task launch worker for task 24.0 in stage 87.0 (TID 1462)) 0.325ms
[411.053s][info][gc,phases   ] GC(2299) Concurrent Mark 21.062ms
[411.053s][info][gc,phases   ] GC(2299) Pause Mark End 0.020ms
[411.053s][info][gc,phases   ] GC(2299) Concurrent Mark Free 0.001ms
[411.056s][info][gc,phases   ] GC(2299) Concurrent Process Non-Strong References 2.556ms
[411.056s][info][gc,phases   ] GC(2299) Concurrent Reset Relocation Set 0.005ms
[411.056s][info][gc          ] Allocation Stall (Executor task launch worker for task 45.0 in stage 87.0 (TID 1467)) 20.499ms
[411.056s][info][gc          ] Allocation Stall (Executor task launch worker for task 14.0 in stage 87.0 (TID 1459)) 20.203ms
[411.056s][info][gc          ] Allocation Stall (Executor task launch worker for task 0.0 in stage 87.0 (TID 1456)) 20.265ms
[411.056s][info][gc          ] Allocation Stall (Executor task launch worker for task 44.0 in stage 87.0 (TID 1466)) 20.115ms
[411.056s][info][gc          ] Allocation Stall (Executor task launch worker for task 19.0 in stage 87.0 (TID 1460)) 20.049ms
[411.056s][info][gc          ] Allocation Stall (Executor task launch worker for task 3.0 in stage 87.0 (TID 1457)) 19.859ms
[411.056s][info][gc          ] Allocation Stall (Executor task launch worker for task 35.0 in stage 87.0 (TID 1464)) 19.918ms
[411.056s][info][gc          ] Allocation Stall (Executor task launch worker for task 30.0 in stage 87.0 (TID 1463)) 20.209ms
[411.056s][info][gc          ] Allocation Stall (Executor task launch worker for task 11.0 in stage 87.0 (TID 1458)) 20.201ms
[411.056s][info][gc          ] Allocation Stall (Executor task launch worker for task 46.0 in stage 87.0 (TID 1468)) 20.002ms
[411.056s][info][gc          ] Allocation Stall (Executor task launch worker for task 24.0 in stage 87.0 (TID 1462)) 20.311ms
[411.056s][info][gc          ] Allocation Stall (Executor task launch worker for task 20.0 in stage 87.0 (TID 1461)) 20.194ms
[411.056s][info][gc          ] Allocation Stall (Executor task launch worker for task 42.0 in stage 87.0 (TID 1465)) 19.866ms
[411.060s][info][gc,phases   ] GC(2299) Concurrent Select Relocation Set 4.076ms
[411.060s][info][gc,phases   ] GC(2299) Pause Relocate Start 0.008ms
[411.078s][info][gc,phases   ] GC(2299) Concurrent Relocate 17.313ms
[411.078s][info][gc,load     ] GC(2299) Load: 0.00/0.00/0.00
[411.078s][info][gc,mmu      ] GC(2299) MMU: 2ms/86.2%, 5ms/94.5%, 10ms/97.2%, 20ms/98.6%, 50ms/99.4%, 100ms/99.6%
[411.078s][info][gc,marking  ] GC(2299) Mark: 8 stripe(s), 2 proactive flush(es), 1 terminate flush(es), 0 completion(s), 0 continuation(s) 
[411.078s][info][gc,marking  ] GC(2299) Mark Stack Usage: 32M
[411.078s][info][gc,nmethod  ] GC(2299) NMethods: 8184 registered, 1398 unregistered
[411.078s][info][gc,metaspace] GC(2299) Metaspace: 120M used, 123M committed, 1152M reserved
[411.078s][info][gc,ref      ] GC(2299) Soft: 2842 encountered, 1906 discovered, 0 enqueued
[411.078s][info][gc,ref      ] GC(2299) Weak: 13693 encountered, 1991 discovered, 0 enqueued
[411.078s][info][gc,ref      ] GC(2299) Final: 84 encountered, 2 discovered, 0 enqueued
[411.078s][info][gc,ref      ] GC(2299) Phantom: 764 encountered, 477 discovered, 0 enqueued
[411.078s][info][gc,reloc    ] GC(2299) Small Pages: 356 / 712M, Empty: 596M, Relocated: 3M, In-Place: 0
[411.078s][info][gc,reloc    ] GC(2299) Medium Pages: 40 / 1280M, Empty: 0M, Relocated: 14M, In-Place: 0
[411.078s][info][gc,reloc    ] GC(2299) Large Pages: 6 / 48M, Empty: 0M, Relocated: 0M, In-Place: 0
[411.078s][info][gc,reloc    ] GC(2299) Forwarding Usage: 0M
[411.078s][info][gc,heap     ] GC(2299) Min Capacity: 8M(0%)
[411.078s][info][gc,heap     ] GC(2299) Max Capacity: 2048M(100%)
[411.078s][info][gc,heap     ] GC(2299) Soft Max Capacity: 2048M(100%)
[411.078s][info][gc,heap     ] GC(2299)                Mark Start          Mark End        Relocate Start      Relocate End           High               Low         
[411.078s][info][gc,heap     ] GC(2299)  Capacity:     2048M (100%)       2048M (100%)       2048M (100%)       2048M (100%)       2048M (100%)       2048M (100%)   
[411.078s][info][gc,heap     ] GC(2299)      Free:        0M (0%)            0M (0%)          526M (26%)         322M (16%)         534M (26%)           0M (0%)     
[411.078s][info][gc,heap     ] GC(2299)      Used:     2048M (100%)       2048M (100%)       1522M (74%)        1726M (84%)        2048M (100%)       1514M (74%)    
[411.078s][info][gc,heap     ] GC(2299)      Live:         -              1192M (58%)        1192M (58%)        1192M (58%)            -                  -          
[411.078s][info][gc,heap     ] GC(2299) Allocated:         -                 0M (0%)           70M (3%)          334M (16%)            -                  -          
[411.078s][info][gc,heap     ] GC(2299)   Garbage:         -               855M (42%)         259M (13%)         198M (10%)            -                  -          
[411.078s][info][gc,heap     ] GC(2299) Reclaimed:         -                  -               596M (29%)         656M (32%)            -                  -          
[411.078s][info][gc          ] GC(2299) Garbage Collection (Allocation Stall) 2048M(100%)->1726M(84%)
[411.103s][info][gc,start    ] GC(2300) Garbage Collection (Allocation Stall)
[411.103s][info][gc,ref      ] GC(2300) Clearing All SoftReferences
[411.103s][info][gc,task     ] GC(2300) Using 12 workers
[411.104s][info][gc,ref      ] GC(2300) Clearing All SoftReferences
[411.104s][info][gc,phases   ] GC(2300) Pause Mark Start 0.044ms
[411.104s][info][gc          ] Allocation Stall (Executor task launch worker for task 14.0 in stage 87.0 (TID 1459)) 0.451ms
[411.104s][info][gc          ] Allocation Stall (Executor task launch worker for task 44.0 in stage 87.0 (TID 1466)) 0.437ms
[411.104s][info][gc          ] Allocation Stall (Executor task launch worker for task 3.0 in stage 87.0 (TID 1457)) 0.325ms
[411.119s][info][gc,phases   ] GC(2300) Concurrent Mark 14.901ms
[411.119s][info][gc,phases   ] GC(2300) Pause Mark End 0.018ms
[411.119s][info][gc,phases   ] GC(2300) Concurrent Mark Free 0.000ms
[411.121s][info][gc,phases   ] GC(2300) Concurrent Process Non-Strong References 2.426ms
[411.121s][info][gc,phases   ] GC(2300) Concurrent Reset Relocation Set 0.003ms
[411.121s][info][gc          ] Allocation Stall (Executor task launch worker for task 3.0 in stage 87.0 (TID 1457)) 15.429ms
[411.121s][info][gc          ] Allocation Stall (Executor task launch worker for task 20.0 in stage 87.0 (TID 1461)) 14.692ms
[411.121s][info][gc          ] Allocation Stall (Executor task launch worker for task 35.0 in stage 87.0 (TID 1464)) 14.704ms
[411.121s][info][gc          ] Allocation Stall (Executor task launch worker for task 24.0 in stage 87.0 (TID 1462)) 15.223ms
[411.121s][info][gc          ] Allocation Stall (Executor task launch worker for task 46.0 in stage 87.0 (TID 1468)) 14.841ms
[411.121s][info][gc          ] Allocation Stall (Executor task launch worker for task 30.0 in stage 87.0 (TID 1463)) 14.726ms
[411.121s][info][gc          ] Allocation Stall (Executor task launch worker for task 42.0 in stage 87.0 (TID 1465)) 14.726ms
[411.121s][info][gc          ] Allocation Stall (Executor task launch worker for task 44.0 in stage 87.0 (TID 1466)) 14.727ms
[411.121s][info][gc          ] Allocation Stall (Executor task launch worker for task 19.0 in stage 87.0 (TID 1460)) 13.223ms
[411.121s][info][gc          ] Allocation Stall (Executor task launch worker for task 14.0 in stage 87.0 (TID 1459)) 14.765ms
[411.121s][info][gc          ] Allocation Stall (Executor task launch worker for task 0.0 in stage 87.0 (TID 1456)) 15.287ms
[411.121s][info][gc          ] Allocation Stall (Executor task launch worker for task 45.0 in stage 87.0 (TID 1467)) 14.746ms
[411.121s][info][gc          ] Allocation Stall (RemoteBlock-temp-file-clean-thread) 2.700ms
[411.121s][info][gc          ] Allocation Stall (Executor task launch worker for task 11.0 in stage 87.0 (TID 1458)) 15.233ms
[411.128s][info][gc,phases   ] GC(2300) Concurrent Select Relocation Set 6.921ms
[411.129s][info][gc,phases   ] GC(2300) Pause Relocate Start 0.007ms
[411.141s][info][gc,phases   ] GC(2300) Concurrent Relocate 12.795ms
[411.142s][info][gc,load     ] GC(2300) Load: 0.00/0.00/0.00
[411.142s][info][gc,mmu      ] GC(2300) MMU: 2ms/86.2%, 5ms/94.5%, 10ms/97.2%, 20ms/98.6%, 50ms/99.4%, 100ms/99.6%
[411.142s][info][gc,marking  ] GC(2300) Mark: 8 stripe(s), 2 proactive flush(es), 1 terminate flush(es), 0 completion(s), 0 continuation(s) 
[411.142s][info][gc,marking  ] GC(2300) Mark Stack Usage: 32M
[411.142s][info][gc,nmethod  ] GC(2300) NMethods: 8184 registered, 1398 unregistered
[411.142s][info][gc,metaspace] GC(2300) Metaspace: 120M used, 123M committed, 1152M reserved
[411.142s][info][gc,ref      ] GC(2300) Soft: 2842 encountered, 503 discovered, 0 enqueued
[411.142s][info][gc,ref      ] GC(2300) Weak: 13694 encountered, 1893 discovered, 7 enqueued
[411.142s][info][gc,ref      ] GC(2300) Final: 84 encountered, 22 discovered, 0 enqueued
[411.142s][info][gc,ref      ] GC(2300) Phantom: 764 encountered, 617 discovered, 0 enqueued
[411.142s][info][gc,reloc    ] GC(2300) Small Pages: 311 / 622M, Empty: 474M, Relocated: 8M, In-Place: 0
[411.142s][info][gc,reloc    ] GC(2300) Medium Pages: 41 / 1312M, Empty: 32M, Relocated: 15M, In-Place: 0
[411.142s][info][gc,reloc    ] GC(2300) Large Pages: 13 / 104M, Empty: 40M, Relocated: 0M, In-Place: 0
[411.142s][info][gc,reloc    ] GC(2300) Forwarding Usage: 1M
[411.142s][info][gc,heap     ] GC(2300) Min Capacity: 8M(0%)
[411.142s][info][gc,heap     ] GC(2300) Max Capacity: 2048M(100%)
[411.142s][info][gc,heap     ] GC(2300) Soft Max Capacity: 2048M(100%)
[411.142s][info][gc,heap     ] GC(2300)                Mark Start          Mark End        Relocate Start      Relocate End           High               Low         
[411.142s][info][gc,heap     ] GC(2300)  Capacity:     2048M (100%)       2048M (100%)       2048M (100%)       2048M (100%)       2048M (100%)       2048M (100%)   
[411.142s][info][gc,heap     ] GC(2300)      Free:        4M (0%)            0M (0%)          434M (21%)         336M (16%)         454M (22%)           0M (0%)     
[411.142s][info][gc,heap     ] GC(2300)      Used:     2044M (100%)       2048M (100%)       1614M (79%)        1712M (84%)        2048M (100%)       1594M (78%)    
[411.142s][info][gc,heap     ] GC(2300)      Live:         -              1212M (59%)        1212M (59%)        1212M (59%)            -                  -          
[411.142s][info][gc,heap     ] GC(2300) Allocated:         -                 4M (0%)          116M (6%)          316M (15%)            -                  -          
[411.142s][info][gc,heap     ] GC(2300)   Garbage:         -               831M (41%)         285M (14%)         182M (9%)             -                  -          
[411.142s][info][gc,heap     ] GC(2300) Reclaimed:         -                  -               546M (27%)         648M (32%)            -                  -          
[411.142s][info][gc          ] GC(2300) Garbage Collection (Allocation Stall) 2044M(100%)->1712M(84%)
[411.152s][info][gc,start    ] GC(2301) Garbage Collection (Allocation Stall)
[411.153s][info][gc,ref      ] GC(2301) Clearing All SoftReferences
[411.153s][info][gc,task     ] GC(2301) Using 12 workers
[411.153s][info][gc,ref      ] GC(2301) Clearing All SoftReferences
[411.153s][info][gc,phases   ] GC(2301) Pause Mark Start 0.044ms
[411.175s][info][gc          ] Allocation Stall (Executor task launch worker for task 35.0 in stage 87.0 (TID 1464)) 0.124ms
[411.175s][info][gc          ] Allocation Stall (Executor task launch worker for task 0.0 in stage 87.0 (TID 1456)) 0.143ms
[411.175s][info][gc          ] Allocation Stall (Executor task launch worker for task 45.0 in stage 87.0 (TID 1467)) 0.172ms
[411.184s][info][gc,phases   ] GC(2301) Concurrent Mark 30.703ms
[411.184s][info][gc,phases   ] GC(2301) Pause Mark End 0.034ms
[411.184s][info][gc,phases   ] GC(2301) Concurrent Mark Free 0.000ms
[411.186s][info][gc,phases   ] GC(2301) Concurrent Process Non-Strong References 2.456ms
[411.186s][info][gc,phases   ] GC(2301) Concurrent Reset Relocation Set 0.005ms
[411.186s][info][gc          ] Allocation Stall (Executor task launch worker for task 30.0 in stage 87.0 (TID 1463)) 5.386ms
[411.186s][info][gc          ] Allocation Stall (Executor task launch worker for task 0.0 in stage 87.0 (TID 1456)) 5.220ms
[411.186s][info][gc          ] Allocation Stall (Executor task launch worker for task 11.0 in stage 87.0 (TID 1458)) 5.648ms
[411.186s][info][gc          ] Allocation Stall (Executor task launch worker for task 14.0 in stage 87.0 (TID 1459)) 5.623ms
[411.186s][info][gc          ] Allocation Stall (Executor task launch worker for task 42.0 in stage 87.0 (TID 1465)) 5.235ms
[411.186s][info][gc          ] Allocation Stall (Executor task launch worker for task 46.0 in stage 87.0 (TID 1468)) 5.535ms
[411.186s][info][gc          ] Allocation Stall (Executor task launch worker for task 20.0 in stage 87.0 (TID 1461)) 5.293ms
[411.186s][info][gc          ] Allocation Stall (Executor task launch worker for task 24.0 in stage 87.0 (TID 1462)) 5.586ms
[411.186s][info][gc          ] Allocation Stall (Executor task launch worker for task 45.0 in stage 87.0 (TID 1467)) 5.535ms
[411.186s][info][gc          ] Allocation Stall (Executor task launch worker for task 35.0 in stage 87.0 (TID 1464)) 5.210ms
[411.186s][info][gc          ] Allocation Stall (Executor task launch worker for task 44.0 in stage 87.0 (TID 1466)) 5.168ms
[411.186s][info][gc          ] Allocation Stall (Executor task launch worker for task 3.0 in stage 87.0 (TID 1457)) 5.257ms
[411.186s][info][gc          ] Allocation Stall (Executor task launch worker for task 19.0 in stage 87.0 (TID 1460)) 5.643ms
[411.192s][info][gc,phases   ] GC(2301) Concurrent Select Relocation Set 5.741ms
[411.192s][info][gc,phases   ] GC(2301) Pause Relocate Start 0.008ms
[411.218s][info][gc,phases   ] GC(2301) Concurrent Relocate 25.308ms
[411.218s][info][gc,load     ] GC(2301) Load: 0.00/0.00/0.00
[411.218s][info][gc,mmu      ] GC(2301) MMU: 2ms/86.2%, 5ms/94.5%, 10ms/97.2%, 20ms/98.6%, 50ms/99.4%, 100ms/99.6%
[411.218s][info][gc,marking  ] GC(2301) Mark: 8 stripe(s), 2 proactive flush(es), 1 terminate flush(es), 0 completion(s), 0 continuation(s) 
[411.218s][info][gc,marking  ] GC(2301) Mark Stack Usage: 32M
[411.218s][info][gc,nmethod  ] GC(2301) NMethods: 8184 registered, 1398 unregistered
[411.218s][info][gc,metaspace] GC(2301) Metaspace: 120M used, 123M committed, 1152M reserved
[411.218s][info][gc,ref      ] GC(2301) Soft: 2842 encountered, 274 discovered, 0 enqueued
[411.218s][info][gc,ref      ] GC(2301) Weak: 13688 encountered, 874 discovered, 0 enqueued
[411.218s][info][gc,ref      ] GC(2301) Final: 84 encountered, 3 discovered, 0 enqueued
[411.218s][info][gc,ref      ] GC(2301) Phantom: 764 encountered, 623 discovered, 0 enqueued
[411.218s][info][gc,reloc    ] GC(2301) Small Pages: 247 / 494M, Empty: 354M, Relocated: 6M, In-Place: 0
[411.218s][info][gc,reloc    ] GC(2301) Medium Pages: 42 / 1344M, Empty: 0M, Relocated: 25M, In-Place: 0
[411.218s][info][gc,reloc    ] GC(2301) Large Pages: 8 / 64M, Empty: 56M, Relocated: 0M, In-Place: 0
[411.218s][info][gc,reloc    ] GC(2301) Forwarding Usage: 0M
[411.218s][info][gc,heap     ] GC(2301) Min Capacity: 8M(0%)
[411.218s][info][gc,heap     ] GC(2301) Max Capacity: 2048M(100%)
[411.218s][info][gc,heap     ] GC(2301) Soft Max Capacity: 2048M(100%)
[411.218s][info][gc,heap     ] GC(2301)                Mark Start          Mark End        Relocate Start      Relocate End           High               Low         
[411.218s][info][gc,heap     ] GC(2301)  Capacity:     2048M (100%)       2048M (100%)       2048M (100%)       2048M (100%)       2048M (100%)       2048M (100%)   
[411.218s][info][gc,heap     ] GC(2301)      Free:      146M (7%)            0M (0%)          304M (15%)         144M (7%)          316M (15%)           0M (0%)     
[411.218s][info][gc,heap     ] GC(2301)      Used:     1902M (93%)        2048M (100%)       1744M (85%)        1904M (93%)        2048M (100%)       1732M (85%)    
[411.218s][info][gc,heap     ] GC(2301)      Live:         -              1189M (58%)        1189M (58%)        1189M (58%)            -                  -          
[411.218s][info][gc,heap     ] GC(2301) Allocated:         -               146M (7%)          252M (12%)         536M (26%)            -                  -          
[411.218s][info][gc,heap     ] GC(2301)   Garbage:         -               712M (35%)         302M (15%)         178M (9%)             -                  -          
[411.218s][info][gc,heap     ] GC(2301) Reclaimed:         -                  -               410M (20%)         534M (26%)            -                  -          
[411.218s][info][gc          ] GC(2301) Garbage Collection (Allocation Stall) 1902M(93%)->1904M(93%)
[411.246s][info][gc,start    ] GC(2302) Garbage Collection (Allocation Stall)
[411.246s][info][gc,ref      ] GC(2302) Clearing All SoftReferences
[411.246s][info][gc,task     ] GC(2302) Using 12 workers
[411.246s][info][gc,ref      ] GC(2302) Clearing All SoftReferences
[411.246s][info][gc,phases   ] GC(2302) Pause Mark Start 0.045ms
[411.277s][info][gc,phases   ] GC(2302) Concurrent Mark 30.964ms
[411.277s][info][gc,phases   ] GC(2302) Pause Mark End 0.022ms
[411.277s][info][gc,phases   ] GC(2302) Concurrent Mark Free 0.001ms
[411.280s][info][gc,phases   ] GC(2302) Concurrent Process Non-Strong References 2.401ms
[411.280s][info][gc,phases   ] GC(2302) Concurrent Reset Relocation Set 0.005ms
[411.280s][info][gc          ] Allocation Stall (Executor task launch worker for task 46.0 in stage 87.0 (TID 1468)) 9.332ms
[411.280s][info][gc          ] Allocation Stall (Executor task launch worker for task 42.0 in stage 87.0 (TID 1465)) 9.294ms
[411.280s][info][gc          ] Allocation Stall (Executor task launch worker for task 45.0 in stage 87.0 (TID 1467)) 8.444ms
[411.280s][info][gc          ] Allocation Stall (Executor task launch worker for task 0.0 in stage 87.0 (TID 1456)) 8.764ms
[411.280s][info][gc          ] Allocation Stall (Executor task launch worker for task 24.0 in stage 87.0 (TID 1462)) 8.355ms
[411.280s][info][gc          ] Allocation Stall (Executor task launch worker for task 3.0 in stage 87.0 (TID 1457)) 8.677ms
[411.280s][info][gc          ] Allocation Stall (Executor task launch worker for task 19.0 in stage 87.0 (TID 1460)) 8.357ms
[411.280s][info][gc          ] Allocation Stall (Executor task launch worker for task 30.0 in stage 87.0 (TID 1463)) 8.334ms
[411.280s][info][gc          ] Allocation Stall (Executor task launch worker for task 20.0 in stage 87.0 (TID 1461)) 9.319ms
[411.280s][info][gc          ] Allocation Stall (Executor task launch worker for task 44.0 in stage 87.0 (TID 1466)) 8.481ms
[411.280s][info][gc          ] Allocation Stall (Executor task launch worker for task 35.0 in stage 87.0 (TID 1464)) 8.443ms
[411.280s][info][gc          ] Allocation Stall (Executor task launch worker for task 11.0 in stage 87.0 (TID 1458)) 8.906ms
[411.280s][info][gc          ] Allocation Stall (Executor task launch worker for task 14.0 in stage 87.0 (TID 1459)) 8.937ms
[411.284s][info][gc,phases   ] GC(2302) Concurrent Select Relocation Set 4.487ms
[411.285s][info][gc,phases   ] GC(2302) Pause Relocate Start 0.007ms
[411.322s][info][gc,phases   ] GC(2302) Concurrent Relocate 37.010ms
[411.322s][info][gc,load     ] GC(2302) Load: 0.00/0.00/0.00
[411.322s][info][gc,mmu      ] GC(2302) MMU: 2ms/86.2%, 5ms/94.5%, 10ms/97.2%, 20ms/98.6%, 50ms/99.4%, 100ms/99.6%
[411.322s][info][gc,marking  ] GC(2302) Mark: 8 stripe(s), 2 proactive flush(es), 1 terminate flush(es), 0 completion(s), 0 continuation(s) 
[411.322s][info][gc,marking  ] GC(2302) Mark Stack Usage: 32M
[411.322s][info][gc,nmethod  ] GC(2302) NMethods: 8184 registered, 1398 unregistered
[411.322s][info][gc,metaspace] GC(2302) Metaspace: 120M used, 123M committed, 1152M reserved
[411.322s][info][gc,ref      ] GC(2302) Soft: 2842 encountered, 1395 discovered, 0 enqueued
[411.322s][info][gc,ref      ] GC(2302) Weak: 13688 encountered, 2197 discovered, 1 enqueued
[411.322s][info][gc,ref      ] GC(2302) Final: 84 encountered, 4 discovered, 0 enqueued
[411.322s][info][gc,ref      ] GC(2302) Phantom: 764 encountered, 576 discovered, 0 enqueued
[411.322s][info][gc,reloc    ] GC(2302) Small Pages: 321 / 642M, Empty: 514M, Relocated: 8M, In-Place: 0
[411.322s][info][gc,reloc    ] GC(2302) Medium Pages: 42 / 1344M, Empty: 0M, Relocated: 44M, In-Place: 0
[411.322s][info][gc,reloc    ] GC(2302) Large Pages: 1 / 8M, Empty: 8M, Relocated: 0M, In-Place: 0
[411.322s][info][gc,reloc    ] GC(2302) Forwarding Usage: 1M
[411.322s][info][gc,heap     ] GC(2302) Min Capacity: 8M(0%)
[411.322s][info][gc,heap     ] GC(2302) Max Capacity: 2048M(100%)
[411.322s][info][gc,heap     ] GC(2302) Soft Max Capacity: 2048M(100%)
[411.322s][info][gc,heap     ] GC(2302)                Mark Start          Mark End        Relocate Start      Relocate End           High               Low         
[411.322s][info][gc,heap     ] GC(2302)  Capacity:     2048M (100%)       2048M (100%)       2048M (100%)       2048M (100%)       2048M (100%)       2048M (100%)   
[411.322s][info][gc,heap     ] GC(2302)      Free:       54M (3%)            0M (0%)          498M (24%)         248M (12%)         508M (25%)           0M (0%)     
[411.322s][info][gc,heap     ] GC(2302)      Used:     1994M (97%)        2048M (100%)       1550M (76%)        1800M (88%)        2048M (100%)       1540M (75%)    
[411.322s][info][gc,heap     ] GC(2302)      Live:         -              1204M (59%)        1204M (59%)        1204M (59%)            -                  -          
[411.322s][info][gc,heap     ] GC(2302) Allocated:         -                54M (3%)           78M (4%)          400M (20%)            -                  -          
[411.322s][info][gc,heap     ] GC(2302)   Garbage:         -               789M (39%)         267M (13%)         195M (10%)            -                  -          
[411.322s][info][gc,heap     ] GC(2302) Reclaimed:         -                  -               522M (25%)         594M (29%)            -                  -          
[411.322s][info][gc          ] GC(2302) Garbage Collection (Allocation Stall) 1994M(97%)->1800M(88%)
[411.340s][info][gc,start    ] GC(2303) Garbage Collection (Allocation Stall)
[411.340s][info][gc,ref      ] GC(2303) Clearing All SoftReferences
[411.340s][info][gc,task     ] GC(2303) Using 12 workers
[411.340s][info][gc,ref      ] GC(2303) Clearing All SoftReferences
[411.340s][info][gc,phases   ] GC(2303) Pause Mark Start 0.046ms
[411.387s][info][gc,phases   ] GC(2303) Concurrent Mark 46.588ms
[411.387s][info][gc,phases   ] GC(2303) Pause Mark End 0.035ms
[411.387s][info][gc,phases   ] GC(2303) Concurrent Mark Free 0.001ms
[411.389s][info][gc          ] Allocation Stall (Executor task launch worker for task 11.0 in stage 87.0 (TID 1458)) 0.434ms
[411.389s][info][gc          ] Allocation Stall (Executor task launch worker for task 42.0 in stage 87.0 (TID 1465)) 0.465ms
[411.389s][info][gc          ] Allocation Stall (Executor task launch worker for task 14.0 in stage 87.0 (TID 1459)) 0.466ms
[411.389s][info][gc          ] Allocation Stall (Executor task launch worker for task 3.0 in stage 87.0 (TID 1457)) 0.469ms
[411.389s][info][gc          ] Allocation Stall (Executor task launch worker for task 44.0 in stage 87.0 (TID 1466)) 0.510ms
[411.389s][info][gc          ] Allocation Stall (Executor task launch worker for task 46.0 in stage 87.0 (TID 1468)) 0.178ms
[411.389s][info][gc          ] Allocation Stall (Executor task launch worker for task 45.0 in stage 87.0 (TID 1467)) 0.063ms
[411.391s][info][gc,phases   ] GC(2303) Concurrent Process Non-Strong References 3.589ms
[411.391s][info][gc,phases   ] GC(2303) Concurrent Reset Relocation Set 0.005ms
[411.395s][info][gc,phases   ] GC(2303) Concurrent Select Relocation Set 4.308ms
[411.395s][info][gc,phases   ] GC(2303) Pause Relocate Start 0.006ms
[411.420s][info][gc,phases   ] GC(2303) Concurrent Relocate 25.018ms
[411.420s][info][gc,load     ] GC(2303) Load: 0.00/0.00/0.00
[411.420s][info][gc,mmu      ] GC(2303) MMU: 2ms/86.2%, 5ms/94.5%, 10ms/97.2%, 20ms/98.6%, 50ms/99.4%, 100ms/99.6%
[411.420s][info][gc,marking  ] GC(2303) Mark: 8 stripe(s), 2 proactive flush(es), 1 terminate flush(es), 0 completion(s), 0 continuation(s) 
[411.420s][info][gc,marking  ] GC(2303) Mark Stack Usage: 32M
[411.420s][info][gc,nmethod  ] GC(2303) NMethods: 8184 registered, 1398 unregistered
[411.420s][info][gc,metaspace] GC(2303) Metaspace: 120M used, 123M committed, 1152M reserved
[411.420s][info][gc,ref      ] GC(2303) Soft: 2842 encountered, 616 discovered, 0 enqueued
[411.420s][info][gc,ref      ] GC(2303) Weak: 13687 encountered, 1113 discovered, 0 enqueued
[411.420s][info][gc,ref      ] GC(2303) Final: 84 encountered, 2 discovered, 0 enqueued
[411.420s][info][gc,ref      ] GC(2303) Phantom: 764 encountered, 528 discovered, 0 enqueued
[411.420s][info][gc,reloc    ] GC(2303) Small Pages: 258 / 516M, Empty: 392M, Relocated: 8M, In-Place: 0
[411.420s][info][gc,reloc    ] GC(2303) Medium Pages: 43 / 1376M, Empty: 0M, Relocated: 24M, In-Place: 0
[411.420s][info][gc,reloc    ] GC(2303) Large Pages: 2 / 16M, Empty: 0M, Relocated: 0M, In-Place: 0
[411.420s][info][gc,reloc    ] GC(2303) Forwarding Usage: 1M
[411.420s][info][gc,heap     ] GC(2303) Min Capacity: 8M(0%)
[411.420s][info][gc,heap     ] GC(2303) Max Capacity: 2048M(100%)
[411.420s][info][gc,heap     ] GC(2303) Soft Max Capacity: 2048M(100%)
[411.420s][info][gc,heap     ] GC(2303)                Mark Start          Mark End        Relocate Start      Relocate End           High               Low         
[411.420s][info][gc,heap     ] GC(2303)  Capacity:     2048M (100%)       2048M (100%)       2048M (100%)       2048M (100%)       2048M (100%)       2048M (100%)   
[411.420s][info][gc,heap     ] GC(2303)      Free:      140M (7%)           14M (1%)          334M (16%)         146M (7%)          386M (19%)           0M (0%)     
[411.421s][info][gc,heap     ] GC(2303)      Used:     1908M (93%)        2034M (99%)        1714M (84%)        1902M (93%)        2048M (100%)       1662M (81%)    
[411.421s][info][gc,heap     ] GC(2303)      Live:         -              1227M (60%)        1227M (60%)        1227M (60%)            -                  -          
[411.421s][info][gc,heap     ] GC(2303) Allocated:         -               126M (6%)          198M (10%)         496M (24%)            -                  -          
[411.421s][info][gc,heap     ] GC(2303)   Garbage:         -               680M (33%)         288M (14%)         178M (9%)             -                  -          
[411.421s][info][gc,heap     ] GC(2303) Reclaimed:         -                  -               392M (19%)         502M (25%)            -                  -          
[411.421s][info][gc          ] GC(2303) Garbage Collection (Allocation Stall) 1908M(93%)->1902M(93%)
[411.449s][info][gc,start    ] GC(2304) Garbage Collection (Allocation Stall)
[411.449s][info][gc,ref      ] GC(2304) Clearing All SoftReferences
[411.449s][info][gc,task     ] GC(2304) Using 12 workers
[411.449s][info][gc,ref      ] GC(2304) Clearing All SoftReferences
[411.449s][info][gc,phases   ] GC(2304) Pause Mark Start 0.040ms
[411.459s][info][gc          ] Allocation Stall (Executor task launch worker for task 35.0 in stage 87.0 (TID 1464)) 1.168ms
[411.459s][info][gc          ] Allocation Stall (Executor task launch worker for task 0.0 in stage 87.0 (TID 1456)) 1.030ms
[411.459s][info][gc          ] Allocation Stall (Executor task launch worker for task 42.0 in stage 87.0 (TID 1465)) 1.060ms
[411.459s][info][gc          ] Allocation Stall (Executor task launch worker for task 19.0 in stage 87.0 (TID 1460)) 0.720ms
[411.459s][info][gc          ] Allocation Stall (Executor task launch worker for task 3.0 in stage 87.0 (TID 1457)) 0.715ms
[411.459s][info][gc          ] Allocation Stall (Executor task launch worker for task 45.0 in stage 87.0 (TID 1467)) 0.734ms
[411.480s][info][gc,phases   ] GC(2304) Concurrent Mark 30.943ms
[411.480s][info][gc,phases   ] GC(2304) Pause Mark End 0.022ms
[411.481s][info][gc,phases   ] GC(2304) Concurrent Mark Free 0.000ms
[411.483s][info][gc,phases   ] GC(2304) Concurrent Process Non-Strong References 2.950ms
[411.484s][info][gc,phases   ] GC(2304) Concurrent Reset Relocation Set 0.004ms
[411.484s][info][gc          ] Allocation Stall (Executor task launch worker for task 42.0 in stage 87.0 (TID 1465)) 22.864ms
[411.484s][info][gc          ] Allocation Stall (Executor task launch worker for task 46.0 in stage 87.0 (TID 1468)) 15.003ms
[411.484s][info][gc          ] Allocation Stall (Executor task launch worker for task 45.0 in stage 87.0 (TID 1467)) 22.951ms
[411.484s][info][gc          ] Allocation Stall (Executor task launch worker for task 0.0 in stage 87.0 (TID 1456)) 22.778ms
[411.484s][info][gc          ] Allocation Stall (Executor task launch worker for task 14.0 in stage 87.0 (TID 1459)) 24.808ms
[411.484s][info][gc          ] Allocation Stall (Executor task launch worker for task 20.0 in stage 87.0 (TID 1461)) 23.152ms
[411.484s][info][gc          ] Allocation Stall (Executor task launch worker for task 3.0 in stage 87.0 (TID 1457)) 23.476ms
[411.484s][info][gc          ] Allocation Stall (Executor task launch worker for task 11.0 in stage 87.0 (TID 1458)) 21.133ms
[411.484s][info][gc          ] Allocation Stall (Executor task launch worker for task 35.0 in stage 87.0 (TID 1464)) 23.228ms
[411.484s][info][gc          ] Allocation Stall (Executor task launch worker for task 30.0 in stage 87.0 (TID 1463)) 24.823ms
[411.484s][info][gc          ] Allocation Stall (Executor task launch worker for task 44.0 in stage 87.0 (TID 1466)) 24.861ms
[411.484s][info][gc          ] Allocation Stall (Executor task launch worker for task 19.0 in stage 87.0 (TID 1460)) 22.762ms
[411.484s][info][gc          ] Allocation Stall (Executor task launch worker for task 24.0 in stage 87.0 (TID 1462)) 22.971ms
[411.487s][info][gc,phases   ] GC(2304) Concurrent Select Relocation Set 2.960ms
[411.487s][info][gc,phases   ] GC(2304) Pause Relocate Start 0.007ms
[411.519s][info][gc,phases   ] GC(2304) Concurrent Relocate 32.198ms
[411.519s][info][gc,load     ] GC(2304) Load: 0.00/0.00/0.00
[411.519s][info][gc,mmu      ] GC(2304) MMU: 2ms/86.2%, 5ms/94.5%, 10ms/97.2%, 20ms/98.6%, 50ms/99.4%, 100ms/99.6%
[411.519s][info][gc,marking  ] GC(2304) Mark: 8 stripe(s), 2 proactive flush(es), 1 terminate flush(es), 0 completion(s), 0 continuation(s) 
[411.519s][info][gc,marking  ] GC(2304) Mark Stack Usage: 32M
[411.519s][info][gc,nmethod  ] GC(2304) NMethods: 8184 registered, 1398 unregistered
[411.519s][info][gc,metaspace] GC(2304) Metaspace: 120M used, 123M committed, 1152M reserved
[411.519s][info][gc,ref      ] GC(2304) Soft: 2842 encountered, 321 discovered, 0 enqueued
[411.519s][info][gc,ref      ] GC(2304) Weak: 13687 encountered, 2646 discovered, 0 enqueued
[411.519s][info][gc,ref      ] GC(2304) Final: 84 encountered, 1 discovered, 0 enqueued
[411.519s][info][gc,ref      ] GC(2304) Phantom: 764 encountered, 632 discovered, 0 enqueued
[411.519s][info][gc,reloc    ] GC(2304) Small Pages: 306 / 612M, Empty: 506M, Relocated: 6M, In-Place: 0
[411.519s][info][gc,reloc    ] GC(2304) Medium Pages: 42 / 1344M, Empty: 0M, Relocated: 22M, In-Place: 0
[411.519s][info][gc,reloc    ] GC(2304) Large Pages: 5 / 40M, Empty: 0M, Relocated: 0M, In-Place: 0
[411.519s][info][gc,reloc    ] GC(2304) Forwarding Usage: 1M
[411.519s][info][gc,heap     ] GC(2304) Min Capacity: 8M(0%)
[411.519s][info][gc,heap     ] GC(2304) Max Capacity: 2048M(100%)
[411.519s][info][gc,heap     ] GC(2304) Soft Max Capacity: 2048M(100%)
[411.519s][info][gc,heap     ] GC(2304)                Mark Start          Mark End        Relocate Start      Relocate End           High               Low         
[411.519s][info][gc,heap     ] GC(2304)  Capacity:     2048M (100%)       2048M (100%)       2048M (100%)       2048M (100%)       2048M (100%)       2048M (100%)   
[411.519s][info][gc,heap     ] GC(2304)      Free:       52M (3%)            0M (0%)          490M (24%)         190M (9%)          494M (24%)           0M (0%)     
[411.519s][info][gc,heap     ] GC(2304)      Used:     1996M (97%)        2048M (100%)       1558M (76%)        1858M (91%)        2048M (100%)       1554M (76%)    
[411.519s][info][gc,heap     ] GC(2304)      Live:         -              1243M (61%)        1243M (61%)        1243M (61%)            -                  -          
[411.519s][info][gc,heap     ] GC(2304) Allocated:         -                52M (3%)           68M (3%)          417M (20%)            -                  -          
[411.519s][info][gc,heap     ] GC(2304)   Garbage:         -               752M (37%)         246M (12%)         197M (10%)            -                  -          
[411.519s][info][gc,heap     ] GC(2304) Reclaimed:         -                  -               506M (25%)         555M (27%)            -                  -          
[411.519s][info][gc          ] GC(2304) Garbage Collection (Allocation Stall) 1996M(97%)->1858M(91%)
[411.551s][info][gc,start    ] GC(2305) Garbage Collection (Allocation Stall)
[411.551s][info][gc,ref      ] GC(2305) Clearing All SoftReferences
[411.551s][info][gc,task     ] GC(2305) Using 12 workers
[411.552s][info][gc,ref      ] GC(2305) Clearing All SoftReferences
[411.552s][info][gc,phases   ] GC(2305) Pause Mark Start 0.046ms
[411.582s][info][gc,phases   ] GC(2305) Concurrent Mark 30.756ms
[411.582s][info][gc,phases   ] GC(2305) Pause Mark End 0.019ms
[411.583s][info][gc,phases   ] GC(2305) Concurrent Mark Free 0.001ms
[411.585s][info][gc,phases   ] GC(2305) Concurrent Process Non-Strong References 2.846ms
[411.585s][info][gc,phases   ] GC(2305) Concurrent Reset Relocation Set 0.004ms
[411.586s][info][gc          ] Allocation Stall (Executor task launch worker for task 35.0 in stage 87.0 (TID 1464)) 32.905ms
[411.586s][info][gc          ] Allocation Stall (Executor task launch worker for task 3.0 in stage 87.0 (TID 1457)) 22.928ms
[411.586s][info][gc          ] Allocation Stall (Executor task launch worker for task 46.0 in stage 87.0 (TID 1468)) 21.418ms
[411.586s][info][gc          ] Allocation Stall (Executor task launch worker for task 24.0 in stage 87.0 (TID 1462)) 21.607ms
[411.586s][info][gc          ] Allocation Stall (Executor task launch worker for task 20.0 in stage 87.0 (TID 1461)) 22.828ms
[411.586s][info][gc          ] Allocation Stall (Executor task launch worker for task 30.0 in stage 87.0 (TID 1463)) 22.756ms
[411.586s][info][gc          ] Allocation Stall (Executor task launch worker for task 14.0 in stage 87.0 (TID 1459)) 18.776ms
[411.586s][info][gc          ] Allocation Stall (Executor task launch worker for task 45.0 in stage 87.0 (TID 1467)) 27.338ms
[411.586s][info][gc          ] Allocation Stall (Executor task launch worker for task 19.0 in stage 87.0 (TID 1460)) 21.273ms
[411.586s][info][gc          ] Allocation Stall (Executor task launch worker for task 44.0 in stage 87.0 (TID 1466)) 21.337ms
[411.586s][info][gc          ] Allocation Stall (Executor task launch worker for task 11.0 in stage 87.0 (TID 1458)) 22.842ms
[411.586s][info][gc          ] Allocation Stall (Executor task launch worker for task 0.0 in stage 87.0 (TID 1456)) 21.481ms
[411.586s][info][gc          ] Allocation Stall (Executor task launch worker for task 42.0 in stage 87.0 (TID 1465)) 21.470ms
[411.589s][info][gc,phases   ] GC(2305) Concurrent Select Relocation Set 3.534ms
[411.589s][info][gc,phases   ] GC(2305) Pause Relocate Start 0.008ms
[411.597s][info][gc,phases   ] GC(2305) Concurrent Relocate 7.864ms
[411.597s][info][gc,load     ] GC(2305) Load: 0.00/0.00/0.00
[411.597s][info][gc,mmu      ] GC(2305) MMU: 2ms/86.2%, 5ms/94.5%, 10ms/97.2%, 20ms/98.6%, 50ms/99.4%, 100ms/99.6%
[411.597s][info][gc,marking  ] GC(2305) Mark: 8 stripe(s), 2 proactive flush(es), 1 terminate flush(es), 0 completion(s), 0 continuation(s) 
[411.597s][info][gc,marking  ] GC(2305) Mark Stack Usage: 32M
[411.597s][info][gc,nmethod  ] GC(2305) NMethods: 8184 registered, 1398 unregistered
[411.597s][info][gc,metaspace] GC(2305) Metaspace: 120M used, 123M committed, 1152M reserved
[411.597s][info][gc,ref      ] GC(2305) Soft: 2842 encountered, 305 discovered, 0 enqueued
[411.597s][info][gc,ref      ] GC(2305) Weak: 13688 encountered, 2289 discovered, 1 enqueued
[411.597s][info][gc,ref      ] GC(2305) Final: 84 encountered, 46 discovered, 0 enqueued
[411.597s][info][gc,ref      ] GC(2305) Phantom: 764 encountered, 642 discovered, 0 enqueued
[411.597s][info][gc,reloc    ] GC(2305) Small Pages: 275 / 550M, Empty: 420M, Relocated: 6M, In-Place: 0
[411.597s][info][gc,reloc    ] GC(2305) Medium Pages: 43 / 1376M, Empty: 32M, Relocated: 26M, In-Place: 0
[411.597s][info][gc,reloc    ] GC(2305) Large Pages: 11 / 88M, Empty: 40M, Relocated: 0M, In-Place: 0
[411.597s][info][gc,reloc    ] GC(2305) Forwarding Usage: 0M
[411.598s][info][gc,heap     ] GC(2305) Min Capacity: 8M(0%)
[411.598s][info][gc,heap     ] GC(2305) Max Capacity: 2048M(100%)
[411.598s][info][gc,heap     ] GC(2305) Soft Max Capacity: 2048M(100%)
[411.598s][info][gc,heap     ] GC(2305)                Mark Start          Mark End        Relocate Start      Relocate End           High               Low         
[411.598s][info][gc,heap     ] GC(2305)  Capacity:     2048M (100%)       2048M (100%)       2048M (100%)       2048M (100%)       2048M (100%)       2048M (100%)   
[411.598s][info][gc,heap     ] GC(2305)      Free:       34M (2%)            0M (0%)          416M (20%)         416M (20%)         436M (21%)           0M (0%)     
[411.598s][info][gc,heap     ] GC(2305)      Used:     2014M (98%)        2048M (100%)       1632M (80%)        1632M (80%)        2048M (100%)       1612M (79%)    
[411.598s][info][gc,heap     ] GC(2305)      Live:         -              1251M (61%)        1251M (61%)        1251M (61%)            -                  -          
[411.598s][info][gc,heap     ] GC(2305) Allocated:         -                34M (2%)          110M (5%)          188M (9%)             -                  -          
[411.598s][info][gc,heap     ] GC(2305)   Garbage:         -               762M (37%)         270M (13%)         192M (9%)             -                  -          
[411.598s][info][gc,heap     ] GC(2305) Reclaimed:         -                  -               492M (24%)         570M (28%)            -                  -          
[411.598s][info][gc          ] GC(2305) Garbage Collection (Allocation Stall) 2014M(98%)->1632M(80%)
[411.645s][info][gc,start    ] GC(2306) Garbage Collection (Allocation Stall)
[411.645s][info][gc,ref      ] GC(2306) Clearing All SoftReferences
[411.645s][info][gc,task     ] GC(2306) Using 12 workers
[411.645s][info][gc,ref      ] GC(2306) Clearing All SoftReferences
[411.645s][info][gc,phases   ] GC(2306) Pause Mark Start 0.042ms
[411.650s][info][gc          ] Allocation Stall (Executor task launch worker for task 0.0 in stage 87.0 (TID 1456)) 0.439ms
[411.650s][info][gc          ] Allocation Stall (Executor task launch worker for task 20.0 in stage 87.0 (TID 1461)) 0.389ms
[411.650s][info][gc          ] Allocation Stall (Executor task launch worker for task 11.0 in stage 87.0 (TID 1458)) 0.250ms
[411.650s][info][gc          ] Allocation Stall (Executor task launch worker for task 35.0 in stage 87.0 (TID 1464)) 0.195ms
[411.676s][info][gc,phases   ] GC(2306) Concurrent Mark 30.990ms
[411.676s][info][gc,phases   ] GC(2306) Pause Mark End 0.019ms
[411.676s][info][gc,phases   ] GC(2306) Concurrent Mark Free 0.001ms
[411.679s][info][gc,phases   ] GC(2306) Concurrent Process Non-Strong References 2.854ms
[411.679s][info][gc,phases   ] GC(2306) Concurrent Reset Relocation Set 0.004ms
[411.679s][info][gc          ] Allocation Stall (Executor task launch worker for task 35.0 in stage 87.0 (TID 1464)) 27.245ms
[411.679s][info][gc          ] Allocation Stall (Executor task launch worker for task 20.0 in stage 87.0 (TID 1461)) 27.860ms
[411.679s][info][gc          ] Allocation Stall (Executor task launch worker for task 44.0 in stage 87.0 (TID 1466)) 27.486ms
[411.679s][info][gc          ] Allocation Stall (Executor task launch worker for task 0.0 in stage 87.0 (TID 1456)) 27.169ms
[411.679s][info][gc          ] Allocation Stall (Executor task launch worker for task 46.0 in stage 87.0 (TID 1468)) 27.170ms
[411.679s][info][gc          ] Allocation Stall (Executor task launch worker for task 30.0 in stage 87.0 (TID 1463)) 27.227ms
[411.679s][info][gc          ] Allocation Stall (Executor task launch worker for task 24.0 in stage 87.0 (TID 1462)) 29.065ms
[411.679s][info][gc          ] Allocation Stall (Executor task launch worker for task 11.0 in stage 87.0 (TID 1458)) 27.823ms
[411.679s][info][gc          ] Allocation Stall (Executor task launch worker for task 45.0 in stage 87.0 (TID 1467)) 27.204ms
[411.679s][info][gc          ] Allocation Stall (Executor task launch worker for task 14.0 in stage 87.0 (TID 1459)) 29.070ms
[411.679s][info][gc          ] Allocation Stall (Executor task launch worker for task 19.0 in stage 87.0 (TID 1460)) 29.093ms
[411.679s][info][gc          ] Allocation Stall (Executor task launch worker for task 42.0 in stage 87.0 (TID 1465)) 25.128ms
[411.679s][info][gc          ] Allocation Stall (Executor task launch worker for task 3.0 in stage 87.0 (TID 1457)) 27.186ms
[411.682s][info][gc,phases   ] GC(2306) Concurrent Select Relocation Set 2.634ms
[411.682s][info][gc,phases   ] GC(2306) Pause Relocate Start 0.008ms
[411.722s][info][gc,phases   ] GC(2306) Concurrent Relocate 39.499ms
[411.722s][info][gc,load     ] GC(2306) Load: 0.00/0.00/0.00
[411.722s][info][gc,mmu      ] GC(2306) MMU: 2ms/86.2%, 5ms/94.5%, 10ms/97.2%, 20ms/98.6%, 50ms/99.4%, 100ms/99.6%
[411.722s][info][gc,marking  ] GC(2306) Mark: 8 stripe(s), 3 proactive flush(es), 1 terminate flush(es), 0 completion(s), 0 continuation(s) 
[411.722s][info][gc,marking  ] GC(2306) Mark Stack Usage: 32M
[411.722s][info][gc,nmethod  ] GC(2306) NMethods: 8184 registered, 1398 unregistered
[411.722s][info][gc,metaspace] GC(2306) Metaspace: 120M used, 123M committed, 1152M reserved
[411.722s][info][gc,ref      ] GC(2306) Soft: 2842 encountered, 2303 discovered, 0 enqueued
[411.722s][info][gc,ref      ] GC(2306) Weak: 13688 encountered, 1227 discovered, 0 enqueued
[411.722s][info][gc,ref      ] GC(2306) Final: 84 encountered, 8 discovered, 0 enqueued
[411.722s][info][gc,ref      ] GC(2306) Phantom: 764 encountered, 582 discovered, 0 enqueued
[411.722s][info][gc,reloc    ] GC(2306) Small Pages: 280 / 560M, Empty: 428M, Relocated: 5M, In-Place: 0
[411.722s][info][gc,reloc    ] GC(2306) Medium Pages: 44 / 1408M, Empty: 0M, Relocated: 56M, In-Place: 0
[411.722s][info][gc,reloc    ] GC(2306) Large Pages: 8 / 64M, Empty: 56M, Relocated: 0M, In-Place: 0
[411.722s][info][gc,reloc    ] GC(2306) Forwarding Usage: 0M
[411.722s][info][gc,heap     ] GC(2306) Min Capacity: 8M(0%)
[411.722s][info][gc,heap     ] GC(2306) Max Capacity: 2048M(100%)
[411.722s][info][gc,heap     ] GC(2306) Soft Max Capacity: 2048M(100%)
[411.722s][info][gc,heap     ] GC(2306)                Mark Start          Mark End        Relocate Start      Relocate End           High               Low         
[411.722s][info][gc,heap     ] GC(2306)  Capacity:     2048M (100%)       2048M (100%)       2048M (100%)       2048M (100%)       2048M (100%)       2048M (100%)   
[411.722s][info][gc,heap     ] GC(2306)      Free:       16M (1%)            0M (0%)          470M (23%)         130M (6%)          474M (23%)           0M (0%)     
[411.722s][info][gc,heap     ] GC(2306)      Used:     2032M (99%)        2048M (100%)       1578M (77%)        1918M (94%)        2048M (100%)       1574M (77%)    
[411.722s][info][gc,heap     ] GC(2306)      Live:         -              1247M (61%)        1247M (61%)        1247M (61%)            -                  -          
[411.722s][info][gc,heap     ] GC(2306) Allocated:         -                16M (1%)           30M (1%)          483M (24%)            -                  -          
[411.722s][info][gc,heap     ] GC(2306)   Garbage:         -               784M (38%)         300M (15%)         187M (9%)             -                  -          
[411.722s][info][gc,heap     ] GC(2306) Reclaimed:         -                  -               484M (24%)         597M (29%)            -                  -          
[411.722s][info][gc          ] GC(2306) Garbage Collection (Allocation Stall) 2032M(99%)->1918M(94%)
[411.754s][info][gc,start    ] GC(2307) Garbage Collection (Allocation Stall)
[411.754s][info][gc,ref      ] GC(2307) Clearing All SoftReferences
[411.754s][info][gc,task     ] GC(2307) Using 12 workers
[411.754s][info][gc,ref      ] GC(2307) Clearing All SoftReferences
[411.754s][info][gc,phases   ] GC(2307) Pause Mark Start 0.045ms
[411.758s][info][gc          ] Allocation Stall (Executor task launch worker for task 14.0 in stage 87.0 (TID 1459)) 0.282ms
[411.758s][info][gc          ] Allocation Stall (Executor task launch worker for task 19.0 in stage 87.0 (TID 1460)) 0.178ms
[411.785s][info][gc,phases   ] GC(2307) Concurrent Mark 30.968ms
[411.786s][info][gc,phases   ] GC(2307) Pause Mark End 0.018ms
[411.786s][info][gc,phases   ] GC(2307) Concurrent Mark Free 0.001ms
[411.788s][info][gc,phases   ] GC(2307) Concurrent Process Non-Strong References 2.827ms
[411.789s][info][gc,phases   ] GC(2307) Concurrent Reset Relocation Set 0.004ms
[411.789s][info][gc          ] Allocation Stall (Executor task launch worker for task 3.0 in stage 87.0 (TID 1457)) 25.495ms
[411.789s][info][gc          ] Allocation Stall (Executor task launch worker for task 20.0 in stage 87.0 (TID 1461)) 25.304ms
[411.789s][info][gc          ] Allocation Stall (Executor task launch worker for task 14.0 in stage 87.0 (TID 1459)) 25.614ms
[411.789s][info][gc          ] Allocation Stall (Executor task launch worker for task 35.0 in stage 87.0 (TID 1464)) 25.538ms
[411.789s][info][gc          ] Allocation Stall (Executor task launch worker for task 30.0 in stage 87.0 (TID 1463)) 25.363ms
[411.789s][info][gc          ] Allocation Stall (Executor task launch worker for task 19.0 in stage 87.0 (TID 1460)) 25.146ms
[411.789s][info][gc          ] Allocation Stall (Executor task launch worker for task 42.0 in stage 87.0 (TID 1465)) 25.572ms
[411.789s][info][gc          ] Allocation Stall (Executor task launch worker for task 46.0 in stage 87.0 (TID 1468)) 25.596ms
[411.789s][info][gc          ] Allocation Stall (Executor task launch worker for task 0.0 in stage 87.0 (TID 1456)) 25.509ms
[411.789s][info][gc          ] Allocation Stall (Executor task launch worker for task 44.0 in stage 87.0 (TID 1466)) 25.238ms
[411.789s][info][gc          ] Allocation Stall (Executor task launch worker for task 24.0 in stage 87.0 (TID 1462)) 25.188ms
[411.789s][info][gc          ] Allocation Stall (Executor task launch worker for task 11.0 in stage 87.0 (TID 1458)) 25.615ms
[411.789s][info][gc          ] Allocation Stall (Executor task launch worker for task 45.0 in stage 87.0 (TID 1467)) 25.462ms
[411.791s][info][gc,phases   ] GC(2307) Concurrent Select Relocation Set 2.926ms
[411.792s][info][gc,phases   ] GC(2307) Pause Relocate Start 0.009ms
[411.823s][info][gc,phases   ] GC(2307) Concurrent Relocate 31.760ms
[411.824s][info][gc,load     ] GC(2307) Load: 0.00/0.00/0.00
[411.824s][info][gc,mmu      ] GC(2307) MMU: 2ms/86.2%, 5ms/94.5%, 10ms/97.2%, 20ms/98.6%, 50ms/99.4%, 100ms/99.6%
[411.824s][info][gc,marking  ] GC(2307) Mark: 8 stripe(s), 3 proactive flush(es), 1 terminate flush(es), 0 completion(s), 0 continuation(s) 
[411.824s][info][gc,marking  ] GC(2307) Mark Stack Usage: 32M
[411.824s][info][gc,nmethod  ] GC(2307) NMethods: 8184 registered, 1398 unregistered
[411.824s][info][gc,metaspace] GC(2307) Metaspace: 120M used, 123M committed, 1152M reserved
[411.824s][info][gc,ref      ] GC(2307) Soft: 2842 encountered, 960 discovered, 0 enqueued
[411.824s][info][gc,ref      ] GC(2307) Weak: 13688 encountered, 2225 discovered, 1 enqueued
[411.824s][info][gc,ref      ] GC(2307) Final: 84 encountered, 13 discovered, 0 enqueued
[411.824s][info][gc,ref      ] GC(2307) Phantom: 764 encountered, 599 discovered, 0 enqueued
[411.824s][info][gc,reloc    ] GC(2307) Small Pages: 305 / 610M, Empty: 478M, Relocated: 5M, In-Place: 0
[411.824s][info][gc,reloc    ] GC(2307) Medium Pages: 44 / 1408M, Empty: 0M, Relocated: 23M, In-Place: 0
[411.824s][info][gc,reloc    ] GC(2307) Large Pages: 1 / 8M, Empty: 8M, Relocated: 0M, In-Place: 0
[411.824s][info][gc,reloc    ] GC(2307) Forwarding Usage: 0M
[411.824s][info][gc,heap     ] GC(2307) Min Capacity: 8M(0%)
[411.824s][info][gc,heap     ] GC(2307) Max Capacity: 2048M(100%)
[411.824s][info][gc,heap     ] GC(2307) Soft Max Capacity: 2048M(100%)
[411.824s][info][gc,heap     ] GC(2307)                Mark Start          Mark End        Relocate Start      Relocate End           High               Low         
[411.824s][info][gc,heap     ] GC(2307)  Capacity:     2048M (100%)       2048M (100%)       2048M (100%)       2048M (100%)       2048M (100%)       2048M (100%)   
[411.824s][info][gc,heap     ] GC(2307)      Free:       22M (1%)            0M (0%)          470M (23%)         178M (9%)          472M (23%)           0M (0%)     
[411.824s][info][gc,heap     ] GC(2307)      Used:     2026M (99%)        2048M (100%)       1578M (77%)        1870M (91%)        2048M (100%)       1576M (77%)    
[411.824s][info][gc,heap     ] GC(2307)      Live:         -              1252M (61%)        1252M (61%)        1252M (61%)            -                  -          
[411.824s][info][gc,heap     ] GC(2307) Allocated:         -                22M (1%)           38M (2%)          403M (20%)            -                  -          
[411.824s][info][gc,heap     ] GC(2307)   Garbage:         -               773M (38%)         287M (14%)         214M (10%)            -                  -          
[411.824s][info][gc,heap     ] GC(2307) Reclaimed:         -                  -               486M (24%)         559M (27%)            -                  -          
[411.824s][info][gc          ] GC(2307) Garbage Collection (Allocation Stall) 2026M(99%)->1870M(91%)
[411.848s][info][gc,start    ] GC(2308) Garbage Collection (Allocation Stall)
[411.848s][info][gc,ref      ] GC(2308) Clearing All SoftReferences
[411.848s][info][gc,task     ] GC(2308) Using 12 workers
[411.848s][info][gc,ref      ] GC(2308) Clearing All SoftReferences
[411.848s][info][gc,phases   ] GC(2308) Pause Mark Start 0.045ms
[411.873s][info][gc          ] Allocation Stall (Executor task launch worker for task 3.0 in stage 87.0 (TID 1457)) 0.547ms
[411.873s][info][gc          ] Allocation Stall (Executor task launch worker for task 11.0 in stage 87.0 (TID 1458)) 0.272ms
[411.873s][info][gc          ] Allocation Stall (Executor task launch worker for task 19.0 in stage 87.0 (TID 1460)) 0.265ms
[411.873s][info][gc          ] Allocation Stall (Executor task launch worker for task 44.0 in stage 87.0 (TID 1466)) 0.298ms
[411.873s][info][gc          ] Allocation Stall (Executor task launch worker for task 35.0 in stage 87.0 (TID 1464)) 0.280ms
[411.895s][info][gc,phases   ] GC(2308) Concurrent Mark 46.550ms
[411.895s][info][gc,phases   ] GC(2308) Pause Mark End 0.029ms
[411.895s][info][gc,phases   ] GC(2308) Concurrent Mark Free 0.001ms
[411.898s][info][gc,phases   ] GC(2308) Concurrent Process Non-Strong References 3.058ms
[411.898s][info][gc,phases   ] GC(2308) Concurrent Reset Relocation Set 0.004ms
[411.898s][info][gc          ] Allocation Stall (Executor task launch worker for task 11.0 in stage 87.0 (TID 1458)) 21.357ms
[411.898s][info][gc          ] Allocation Stall (Executor task launch worker for task 45.0 in stage 87.0 (TID 1467)) 21.119ms
[411.898s][info][gc          ] Allocation Stall (Executor task launch worker for task 42.0 in stage 87.0 (TID 1465)) 20.773ms
[411.898s][info][gc          ] Allocation Stall (Executor task launch worker for task 14.0 in stage 87.0 (TID 1459)) 20.804ms
[411.898s][info][gc          ] Allocation Stall (Executor task launch worker for task 24.0 in stage 87.0 (TID 1462)) 20.945ms
[411.898s][info][gc          ] Allocation Stall (Executor task launch worker for task 30.0 in stage 87.0 (TID 1463)) 21.166ms
[411.898s][info][gc          ] Allocation Stall (Executor task launch worker for task 46.0 in stage 87.0 (TID 1468)) 21.095ms
[411.898s][info][gc          ] Allocation Stall (Executor task launch worker for task 0.0 in stage 87.0 (TID 1456)) 21.080ms
[411.898s][info][gc          ] Allocation Stall (Executor task launch worker for task 35.0 in stage 87.0 (TID 1464)) 21.035ms
[411.898s][info][gc          ] Allocation Stall (Executor task launch worker for task 19.0 in stage 87.0 (TID 1460)) 21.131ms
[411.898s][info][gc          ] Allocation Stall (Executor task launch worker for task 44.0 in stage 87.0 (TID 1466)) 21.022ms
[411.898s][info][gc          ] Allocation Stall (Executor task launch worker for task 3.0 in stage 87.0 (TID 1457)) 20.953ms
[411.898s][info][gc          ] Allocation Stall (Executor task launch worker for task 20.0 in stage 87.0 (TID 1461)) 20.775ms
[411.901s][info][gc,phases   ] GC(2308) Concurrent Select Relocation Set 2.851ms
[411.901s][info][gc,phases   ] GC(2308) Pause Relocate Start 0.008ms
[411.932s][info][gc,phases   ] GC(2308) Concurrent Relocate 30.933ms
[411.932s][info][gc,load     ] GC(2308) Load: 0.00/0.00/0.00
[411.932s][info][gc,mmu      ] GC(2308) MMU: 2ms/86.2%, 5ms/94.5%, 10ms/97.2%, 20ms/98.6%, 50ms/99.4%, 100ms/99.6%
[411.932s][info][gc,marking  ] GC(2308) Mark: 8 stripe(s), 2 proactive flush(es), 1 terminate flush(es), 0 completion(s), 0 continuation(s) 
[411.932s][info][gc,marking  ] GC(2308) Mark Stack Usage: 32M
[411.932s][info][gc,nmethod  ] GC(2308) NMethods: 8184 registered, 1398 unregistered
[411.932s][info][gc,metaspace] GC(2308) Metaspace: 120M used, 123M committed, 1152M reserved
[411.932s][info][gc,ref      ] GC(2308) Soft: 2842 encountered, 1233 discovered, 0 enqueued
[411.932s][info][gc,ref      ] GC(2308) Weak: 13687 encountered, 1514 discovered, 0 enqueued
[411.932s][info][gc,ref      ] GC(2308) Final: 84 encountered, 1 discovered, 0 enqueued
[411.932s][info][gc,ref      ] GC(2308) Phantom: 764 encountered, 548 discovered, 0 enqueued
[411.932s][info][gc,reloc    ] GC(2308) Small Pages: 253 / 506M, Empty: 388M, Relocated: 5M, In-Place: 0
[411.932s][info][gc,reloc    ] GC(2308) Medium Pages: 44 / 1408M, Empty: 0M, Relocated: 25M, In-Place: 0
[411.932s][info][gc,reloc    ] GC(2308) Large Pages: 2 / 16M, Empty: 0M, Relocated: 0M, In-Place: 0
[411.932s][info][gc,reloc    ] GC(2308) Forwarding Usage: 0M
[411.932s][info][gc,heap     ] GC(2308) Min Capacity: 8M(0%)
[411.932s][info][gc,heap     ] GC(2308) Max Capacity: 2048M(100%)
[411.932s][info][gc,heap     ] GC(2308) Soft Max Capacity: 2048M(100%)
[411.932s][info][gc,heap     ] GC(2308)                Mark Start          Mark End        Relocate Start      Relocate End           High               Low         
[411.933s][info][gc,heap     ] GC(2308)  Capacity:     2048M (100%)       2048M (100%)       2048M (100%)       2048M (100%)       2048M (100%)       2048M (100%)   
[411.933s][info][gc,heap     ] GC(2308)      Free:      118M (6%)            0M (0%)          374M (18%)         116M (6%)          380M (19%)           0M (0%)     
[411.933s][info][gc,heap     ] GC(2308)      Used:     1930M (94%)        2048M (100%)       1674M (82%)        1932M (94%)        2048M (100%)       1668M (81%)    
[411.933s][info][gc,heap     ] GC(2308)      Live:         -              1270M (62%)        1270M (62%)        1270M (62%)            -                  -          
[411.933s][info][gc,heap     ] GC(2308) Allocated:         -               118M (6%)          132M (6%)          451M (22%)            -                  -          
[411.933s][info][gc,heap     ] GC(2308)   Garbage:         -               659M (32%)         271M (13%)         210M (10%)            -                  -          
[411.933s][info][gc,heap     ] GC(2308) Reclaimed:         -                  -               388M (19%)         449M (22%)            -                  -          
[411.933s][info][gc          ] GC(2308) Garbage Collection (Allocation Stall) 1930M(94%)->1932M(94%)
[411.948s][info][gc,start    ] GC(2309) Garbage Collection (Allocation Stall)
[411.948s][info][gc,ref      ] GC(2309) Clearing All SoftReferences
[411.949s][info][gc,task     ] GC(2309) Using 12 workers
[411.949s][info][gc,ref      ] GC(2309) Clearing All SoftReferences
[411.949s][info][gc,phases   ] GC(2309) Pause Mark Start 0.052ms
[411.980s][info][gc,phases   ] GC(2309) Concurrent Mark 30.877ms
[411.980s][info][gc,phases   ] GC(2309) Pause Mark End 0.018ms
[411.980s][info][gc,phases   ] GC(2309) Concurrent Mark Free 0.001ms
[411.983s][info][gc,phases   ] GC(2309) Concurrent Process Non-Strong References 2.790ms
[411.983s][info][gc,phases   ] GC(2309) Concurrent Reset Relocation Set 0.003ms
[411.983s][info][gc          ] Allocation Stall (Executor task launch worker for task 35.0 in stage 87.0 (TID 1464)) 25.592ms
[411.983s][info][gc          ] Allocation Stall (Executor task launch worker for task 11.0 in stage 87.0 (TID 1458)) 32.322ms
[411.983s][info][gc          ] Allocation Stall (Executor task launch worker for task 0.0 in stage 87.0 (TID 1456)) 27.537ms
[411.983s][info][gc          ] Allocation Stall (Executor task launch worker for task 3.0 in stage 87.0 (TID 1457)) 29.736ms
[411.983s][info][gc          ] Allocation Stall (Executor task launch worker for task 42.0 in stage 87.0 (TID 1465)) 27.604ms
[411.983s][info][gc          ] Allocation Stall (Executor task launch worker for task 46.0 in stage 87.0 (TID 1468)) 27.416ms
[411.983s][info][gc          ] Allocation Stall (Executor task launch worker for task 30.0 in stage 87.0 (TID 1463)) 27.310ms
[411.983s][info][gc          ] Allocation Stall (Executor task launch worker for task 14.0 in stage 87.0 (TID 1459)) 27.590ms
[411.983s][info][gc          ] Allocation Stall (Executor task launch worker for task 45.0 in stage 87.0 (TID 1467)) 29.537ms
[411.983s][info][gc          ] Allocation Stall (Executor task launch worker for task 44.0 in stage 87.0 (TID 1466)) 29.729ms
[411.983s][info][gc          ] Allocation Stall (Executor task launch worker for task 20.0 in stage 87.0 (TID 1461)) 29.496ms
[411.983s][info][gc          ] Allocation Stall (Executor task launch worker for task 19.0 in stage 87.0 (TID 1460)) 27.617ms
[411.983s][info][gc          ] Allocation Stall (Spark Context Cleaner) 18.696ms
[411.983s][info][gc          ] Allocation Stall (Executor task launch worker for task 24.0 in stage 87.0 (TID 1462)) 29.622ms
[411.986s][info][gc,phases   ] GC(2309) Concurrent Select Relocation Set 3.689ms
[411.995s][info][gc,phases   ] GC(2309) Pause Relocate Start 0.009ms
[412.027s][info][gc,phases   ] GC(2309) Concurrent Relocate 31.785ms
[412.027s][info][gc,load     ] GC(2309) Load: 0.00/0.00/0.00
[412.027s][info][gc,mmu      ] GC(2309) MMU: 2ms/86.2%, 5ms/94.5%, 10ms/97.2%, 20ms/98.6%, 50ms/99.4%, 100ms/99.6%
[412.027s][info][gc,marking  ] GC(2309) Mark: 8 stripe(s), 2 proactive flush(es), 1 terminate flush(es), 0 completion(s), 0 continuation(s) 
[412.027s][info][gc,marking  ] GC(2309) Mark Stack Usage: 32M
[412.027s][info][gc,nmethod  ] GC(2309) NMethods: 8184 registered, 1398 unregistered
[412.027s][info][gc,metaspace] GC(2309) Metaspace: 120M used, 123M committed, 1152M reserved
[412.028s][info][gc,ref      ] GC(2309) Soft: 2842 encountered, 388 discovered, 0 enqueued
[412.028s][info][gc,ref      ] GC(2309) Weak: 13685 encountered, 1619 discovered, 0 enqueued
[412.028s][info][gc,ref      ] GC(2309) Final: 84 encountered, 3 discovered, 0 enqueued
[412.028s][info][gc,ref      ] GC(2309) Phantom: 764 encountered, 647 discovered, 0 enqueued
[412.028s][info][gc,reloc    ] GC(2309) Small Pages: 292 / 584M, Empty: 462M, Relocated: 6M, In-Place: 0
[412.028s][info][gc,reloc    ] GC(2309) Medium Pages: 44 / 1408M, Empty: 0M, Relocated: 48M, In-Place: 0
[412.028s][info][gc,reloc    ] GC(2309) Large Pages: 5 / 40M, Empty: 8M, Relocated: 0M, In-Place: 0
[412.028s][info][gc,reloc    ] GC(2309) Forwarding Usage: 0M
[412.028s][info][gc,heap     ] GC(2309) Min Capacity: 8M(0%)
[412.028s][info][gc,heap     ] GC(2309) Max Capacity: 2048M(100%)
[412.028s][info][gc,heap     ] GC(2309) Soft Max Capacity: 2048M(100%)
[412.028s][info][gc,heap     ] GC(2309)                Mark Start          Mark End        Relocate Start      Relocate End           High               Low         
[412.028s][info][gc,heap     ] GC(2309)  Capacity:     2048M (100%)       2048M (100%)       2048M (100%)       2048M (100%)       2048M (100%)       2048M (100%)   
[412.028s][info][gc,heap     ] GC(2309)      Free:       16M (1%)            0M (0%)          422M (21%)         166M (8%)          430M (21%)           0M (0%)     
[412.028s][info][gc,heap     ] GC(2309)      Used:     2032M (99%)        2048M (100%)       1626M (79%)        1882M (92%)        2048M (100%)       1618M (79%)    
[412.028s][info][gc,heap     ] GC(2309)      Live:         -              1291M (63%)        1291M (63%)        1291M (63%)            -                  -          
[412.028s][info][gc,heap     ] GC(2309) Allocated:         -                16M (1%)           64M (3%)          382M (19%)            -                  -          
[412.028s][info][gc,heap     ] GC(2309)   Garbage:         -               740M (36%)         270M (13%)         207M (10%)            -                  -          
[412.028s][info][gc,heap     ] GC(2309) Reclaimed:         -                  -               470M (23%)         532M (26%)            -                  -          
[412.028s][info][gc          ] GC(2309) Garbage Collection (Allocation Stall) 2032M(99%)->1882M(92%)
[412.042s][info][gc,start    ] GC(2310) Garbage Collection (Allocation Stall)
[412.042s][info][gc,ref      ] GC(2310) Clearing All SoftReferences
[412.042s][info][gc,task     ] GC(2310) Using 12 workers
[412.042s][info][gc,ref      ] GC(2310) Clearing All SoftReferences
[412.042s][info][gc,phases   ] GC(2310) Pause Mark Start 0.047ms
[412.047s][info][gc          ] Allocation Stall (Executor task launch worker for task 14.0 in stage 87.0 (TID 1459)) 0.270ms
[412.047s][info][gc          ] Allocation Stall (Executor task launch worker for task 30.0 in stage 87.0 (TID 1463)) 0.221ms
[412.073s][info][gc,phases   ] GC(2310) Concurrent Mark 30.884ms
[412.073s][info][gc,phases   ] GC(2310) Pause Mark End 0.018ms
[412.074s][info][gc,phases   ] GC(2310) Concurrent Mark Free 0.001ms
[412.077s][info][gc,phases   ] GC(2310) Concurrent Process Non-Strong References 3.177ms
[412.077s][info][gc,phases   ] GC(2310) Concurrent Reset Relocation Set 0.005ms
[412.077s][info][gc          ] Allocation Stall (Executor task launch worker for task 45.0 in stage 87.0 (TID 1467)) 26.934ms
[412.077s][info][gc          ] Allocation Stall (Executor task launch worker for task 11.0 in stage 87.0 (TID 1458)) 26.244ms
[412.077s][info][gc          ] Allocation Stall (Executor task launch worker for task 35.0 in stage 87.0 (TID 1464)) 26.271ms
[412.077s][info][gc          ] Allocation Stall (Executor task launch worker for task 20.0 in stage 87.0 (TID 1461)) 26.957ms
[412.077s][info][gc          ] Allocation Stall (Executor task launch worker for task 30.0 in stage 87.0 (TID 1463)) 26.894ms
[412.077s][info][gc          ] Allocation Stall (Executor task launch worker for task 0.0 in stage 87.0 (TID 1456)) 26.325ms
[412.077s][info][gc          ] Allocation Stall (Executor task launch worker for task 19.0 in stage 87.0 (TID 1460)) 26.500ms
[412.077s][info][gc          ] Allocation Stall (Executor task launch worker for task 46.0 in stage 87.0 (TID 1468)) 26.825ms
[412.077s][info][gc          ] Allocation Stall (Executor task launch worker for task 42.0 in stage 87.0 (TID 1465)) 26.419ms
[412.077s][info][gc          ] Allocation Stall (Executor task launch worker for task 24.0 in stage 87.0 (TID 1462)) 25.114ms
[412.077s][info][gc          ] Allocation Stall (Executor task launch worker for task 44.0 in stage 87.0 (TID 1466)) 26.554ms
[412.077s][info][gc          ] Allocation Stall (Executor task launch worker for task 14.0 in stage 87.0 (TID 1459)) 26.393ms
[412.077s][info][gc          ] Allocation Stall (Executor task launch worker for task 3.0 in stage 87.0 (TID 1457)) 26.280ms
[412.081s][info][gc,phases   ] GC(2310) Concurrent Select Relocation Set 4.455ms
[412.089s][info][gc,phases   ] GC(2310) Pause Relocate Start 0.019ms
[412.130s][info][gc,phases   ] GC(2310) Concurrent Relocate 40.395ms
[412.130s][info][gc,load     ] GC(2310) Load: 0.00/0.00/0.00
[412.130s][info][gc,mmu      ] GC(2310) MMU: 2ms/86.2%, 5ms/94.5%, 10ms/97.2%, 20ms/98.6%, 50ms/99.4%, 100ms/99.6%
[412.130s][info][gc,marking  ] GC(2310) Mark: 8 stripe(s), 2 proactive flush(es), 1 terminate flush(es), 0 completion(s), 0 continuation(s) 
[412.130s][info][gc,marking  ] GC(2310) Mark Stack Usage: 32M
[412.130s][info][gc,nmethod  ] GC(2310) NMethods: 8184 registered, 1398 unregistered
[412.130s][info][gc,metaspace] GC(2310) Metaspace: 120M used, 123M committed, 1152M reserved
[412.130s][info][gc,ref      ] GC(2310) Soft: 2842 encountered, 779 discovered, 0 enqueued
[412.130s][info][gc,ref      ] GC(2310) Weak: 13688 encountered, 1848 discovered, 1 enqueued
[412.130s][info][gc,ref      ] GC(2310) Final: 84 encountered, 1 discovered, 0 enqueued
[412.130s][info][gc,ref      ] GC(2310) Phantom: 764 encountered, 549 discovered, 0 enqueued
[412.130s][info][gc,reloc    ] GC(2310) Small Pages: 259 / 518M, Empty: 392M, Relocated: 6M, In-Place: 0
[412.130s][info][gc,reloc    ] GC(2310) Medium Pages: 45 / 1440M, Empty: 0M, Relocated: 46M, In-Place: 0
[412.130s][info][gc,reloc    ] GC(2310) Large Pages: 9 / 72M, Empty: 32M, Relocated: 0M, In-Place: 0
[412.130s][info][gc,reloc    ] GC(2310) Forwarding Usage: 0M
[412.130s][info][gc,heap     ] GC(2310) Min Capacity: 8M(0%)
[412.130s][info][gc,heap     ] GC(2310) Max Capacity: 2048M(100%)
[412.130s][info][gc,heap     ] GC(2310) Soft Max Capacity: 2048M(100%)
[412.130s][info][gc,heap     ] GC(2310)                Mark Start          Mark End        Relocate Start      Relocate End           High               Low         
[412.130s][info][gc,heap     ] GC(2310)  Capacity:     2048M (100%)       2048M (100%)       2048M (100%)       2048M (100%)       2048M (100%)       2048M (100%)   
[412.130s][info][gc,heap     ] GC(2310)      Free:       18M (1%)            0M (0%)          340M (17%)         128M (6%)          376M (18%)           0M (0%)     
[412.130s][info][gc,heap     ] GC(2310)      Used:     2030M (99%)        2048M (100%)       1708M (83%)        1920M (94%)        2048M (100%)       1672M (82%)    
[412.130s][info][gc,heap     ] GC(2310)      Live:         -              1302M (64%)        1302M (64%)        1302M (64%)            -                  -          
[412.130s][info][gc,heap     ] GC(2310) Allocated:         -                18M (1%)          102M (5%)          415M (20%)            -                  -          
[412.130s][info][gc,heap     ] GC(2310)   Garbage:         -               727M (36%)         303M (15%)         202M (10%)            -                  -          
[412.130s][info][gc,heap     ] GC(2310) Reclaimed:         -                  -               424M (21%)         525M (26%)            -                  -          
[412.130s][info][gc          ] GC(2310) Garbage Collection (Allocation Stall) 2030M(99%)->1920M(94%)
[412.151s][info][gc,start    ] GC(2311) Garbage Collection (Allocation Stall)
[412.152s][info][gc,ref      ] GC(2311) Clearing All SoftReferences
[412.152s][info][gc,task     ] GC(2311) Using 12 workers
[412.152s][info][gc,ref      ] GC(2311) Clearing All SoftReferences
[412.152s][info][gc,phases   ] GC(2311) Pause Mark Start 0.051ms
[412.183s][info][gc,phases   ] GC(2311) Concurrent Mark 30.731ms
[412.183s][info][gc,phases   ] GC(2311) Pause Mark End 0.027ms
[412.183s][info][gc,phases   ] GC(2311) Concurrent Mark Free 0.000ms
[412.186s][info][gc,phases   ] GC(2311) Concurrent Process Non-Strong References 2.599ms
[412.186s][info][gc,phases   ] GC(2311) Concurrent Reset Relocation Set 0.005ms
[412.186s][info][gc          ] Allocation Stall (Executor task launch worker for task 11.0 in stage 87.0 (TID 1458)) 13.205ms
[412.186s][info][gc          ] Allocation Stall (Executor task launch worker for task 42.0 in stage 87.0 (TID 1465)) 12.203ms
[412.186s][info][gc          ] Allocation Stall (Executor task launch worker for task 14.0 in stage 87.0 (TID 1459)) 15.606ms
[412.186s][info][gc          ] Allocation Stall (Executor task launch worker for task 35.0 in stage 87.0 (TID 1464)) 13.329ms
[412.186s][info][gc          ] Allocation Stall (Executor task launch worker for task 46.0 in stage 87.0 (TID 1468)) 13.366ms
[412.186s][info][gc          ] Allocation Stall (Executor task launch worker for task 45.0 in stage 87.0 (TID 1467)) 12.131ms
[412.186s][info][gc          ] Allocation Stall (Executor task launch worker for task 24.0 in stage 87.0 (TID 1462)) 12.529ms
[412.186s][info][gc          ] Allocation Stall (Executor task launch worker for task 19.0 in stage 87.0 (TID 1460)) 11.507ms
[412.186s][info][gc          ] Allocation Stall (Executor task launch worker for task 0.0 in stage 87.0 (TID 1456)) 13.364ms
[412.186s][info][gc          ] Allocation Stall (Executor task launch worker for task 20.0 in stage 87.0 (TID 1461)) 12.119ms
[412.186s][info][gc          ] Allocation Stall (Executor task launch worker for task 3.0 in stage 87.0 (TID 1457)) 11.971ms
[412.186s][info][gc          ] Allocation Stall (Executor task launch worker for task 30.0 in stage 87.0 (TID 1463)) 8.405ms
[412.186s][info][gc          ] Allocation Stall (Executor task launch worker for task 44.0 in stage 87.0 (TID 1466)) 12.001ms
[412.188s][info][gc,phases   ] GC(2311) Concurrent Select Relocation Set 2.829ms
[412.189s][info][gc,phases   ] GC(2311) Pause Relocate Start 0.007ms
[412.197s][info][gc,phases   ] GC(2311) Concurrent Relocate 7.892ms
[412.197s][info][gc,load     ] GC(2311) Load: 0.00/0.00/0.00
[412.197s][info][gc,mmu      ] GC(2311) MMU: 2ms/86.2%, 5ms/94.5%, 10ms/97.2%, 20ms/98.6%, 50ms/99.4%, 100ms/99.6%
[412.197s][info][gc,marking  ] GC(2311) Mark: 8 stripe(s), 2 proactive flush(es), 1 terminate flush(es), 0 completion(s), 0 continuation(s) 
[412.197s][info][gc,marking  ] GC(2311) Mark Stack Usage: 32M
[412.197s][info][gc,nmethod  ] GC(2311) NMethods: 8184 registered, 1398 unregistered
[412.197s][info][gc,metaspace] GC(2311) Metaspace: 120M used, 123M committed, 1152M reserved
[412.197s][info][gc,ref      ] GC(2311) Soft: 2842 encountered, 2238 discovered, 0 enqueued
[412.197s][info][gc,ref      ] GC(2311) Weak: 13688 encountered, 1143 discovered, 0 enqueued
[412.197s][info][gc,ref      ] GC(2311) Final: 84 encountered, 5 discovered, 0 enqueued
[412.197s][info][gc,ref      ] GC(2311) Phantom: 764 encountered, 569 discovered, 0 enqueued
[412.197s][info][gc,reloc    ] GC(2311) Small Pages: 240 / 480M, Empty: 350M, Relocated: 6M, In-Place: 0
[412.197s][info][gc,reloc    ] GC(2311) Medium Pages: 45 / 1440M, Empty: 0M, Relocated: 14M, In-Place: 0
[412.197s][info][gc,reloc    ] GC(2311) Large Pages: 8 / 64M, Empty: 32M, Relocated: 0M, In-Place: 0
[412.197s][info][gc,reloc    ] GC(2311) Forwarding Usage: 0M
[412.197s][info][gc,heap     ] GC(2311) Min Capacity: 8M(0%)
[412.197s][info][gc,heap     ] GC(2311) Max Capacity: 2048M(100%)
[412.197s][info][gc,heap     ] GC(2311) Soft Max Capacity: 2048M(100%)
[412.197s][info][gc,heap     ] GC(2311)                Mark Start          Mark End        Relocate Start      Relocate End           High               Low         
[412.197s][info][gc,heap     ] GC(2311)  Capacity:     2048M (100%)       2048M (100%)       2048M (100%)       2048M (100%)       2048M (100%)       2048M (100%)   
[412.197s][info][gc,heap     ] GC(2311)      Free:       64M (3%)            0M (0%)          358M (17%)         332M (16%)         362M (18%)           0M (0%)     
[412.197s][info][gc,heap     ] GC(2311)      Used:     1984M (97%)        2048M (100%)       1690M (83%)        1716M (84%)        2048M (100%)       1686M (82%)    
[412.197s][info][gc,heap     ] GC(2311)      Live:         -              1315M (64%)        1315M (64%)        1315M (64%)            -                  -          
[412.197s][info][gc,heap     ] GC(2311) Allocated:         -                64M (3%)           88M (4%)          187M (9%)             -                  -          
[412.197s][info][gc,heap     ] GC(2311)   Garbage:         -               668M (33%)         286M (14%)         212M (10%)            -                  -          
[412.197s][info][gc,heap     ] GC(2311) Reclaimed:         -                  -               382M (19%)         455M (22%)            -                  -          
[412.197s][info][gc          ] GC(2311) Garbage Collection (Allocation Stall) 1984M(97%)->1716M(84%)
[412.219s][info][gc,start    ] GC(2312) Garbage Collection (Allocation Stall)
[412.219s][info][gc,ref      ] GC(2312) Clearing All SoftReferences
[412.219s][info][gc,task     ] GC(2312) Using 12 workers
[412.219s][info][gc,ref      ] GC(2312) Clearing All SoftReferences
[412.219s][info][gc,phases   ] GC(2312) Pause Mark Start 0.066ms
[412.219s][info][gc          ] Allocation Stall (Executor task launch worker for task 20.0 in stage 87.0 (TID 1461)) 0.671ms
[412.219s][info][gc          ] Allocation Stall (Executor task launch worker for task 11.0 in stage 87.0 (TID 1458)) 0.710ms
[412.219s][info][gc          ] Allocation Stall (Executor task launch worker for task 14.0 in stage 87.0 (TID 1459)) 0.599ms
[412.219s][info][gc          ] Allocation Stall (Executor task launch worker for task 35.0 in stage 87.0 (TID 1464)) 0.607ms
[412.219s][info][gc          ] Allocation Stall (Executor task launch worker for task 3.0 in stage 87.0 (TID 1457)) 0.583ms
[412.245s][info][gc,phases   ] GC(2312) Concurrent Mark 25.738ms
[412.245s][info][gc,phases   ] GC(2312) Pause Mark End 0.024ms
[412.245s][info][gc,phases   ] GC(2312) Concurrent Mark Free 0.001ms
[412.248s][info][gc,phases   ] GC(2312) Concurrent Process Non-Strong References 2.683ms
[412.248s][info][gc,phases   ] GC(2312) Concurrent Reset Relocation Set 0.005ms
[412.248s][info][gc          ] Allocation Stall (Executor task launch worker for task 20.0 in stage 87.0 (TID 1461)) 20.390ms
[412.248s][info][gc          ] Allocation Stall (Executor task launch worker for task 14.0 in stage 87.0 (TID 1459)) 21.121ms
[412.248s][info][gc          ] Allocation Stall (Executor task launch worker for task 19.0 in stage 87.0 (TID 1460)) 20.648ms
[412.248s][info][gc          ] Allocation Stall (Executor task launch worker for task 30.0 in stage 87.0 (TID 1463)) 19.837ms
[412.248s][info][gc          ] Allocation Stall (Executor task launch worker for task 24.0 in stage 87.0 (TID 1462)) 19.770ms
[412.248s][info][gc          ] Allocation Stall (Executor task launch worker for task 46.0 in stage 87.0 (TID 1468)) 19.712ms
[412.248s][info][gc          ] Allocation Stall (Executor task launch worker for task 42.0 in stage 87.0 (TID 1465)) 19.806ms
[412.248s][info][gc          ] Allocation Stall (Executor task launch worker for task 45.0 in stage 87.0 (TID 1467)) 20.338ms
[412.248s][info][gc          ] Allocation Stall (Executor task launch worker for task 11.0 in stage 87.0 (TID 1458)) 19.711ms
[412.248s][info][gc          ] Allocation Stall (Executor task launch worker for task 0.0 in stage 87.0 (TID 1456)) 20.336ms
[412.248s][info][gc          ] Allocation Stall (Executor task launch worker for task 44.0 in stage 87.0 (TID 1466)) 19.818ms
[412.248s][info][gc          ] Allocation Stall (Executor task launch worker for task 35.0 in stage 87.0 (TID 1464)) 19.838ms
[412.248s][info][gc          ] Allocation Stall (Executor task launch worker for task 3.0 in stage 87.0 (TID 1457)) 20.061ms
[412.253s][info][gc,phases   ] GC(2312) Concurrent Select Relocation Set 5.238ms
[412.261s][info][gc,phases   ] GC(2312) Pause Relocate Start 0.010ms
[412.285s][info][gc,phases   ] GC(2312) Concurrent Relocate 24.504ms
[412.286s][info][gc,load     ] GC(2312) Load: 0.00/0.00/0.00
[412.286s][info][gc,mmu      ] GC(2312) MMU: 2ms/86.2%, 5ms/94.5%, 10ms/97.2%, 20ms/98.6%, 50ms/99.4%, 100ms/99.6%
[412.286s][info][gc,marking  ] GC(2312) Mark: 8 stripe(s), 2 proactive flush(es), 1 terminate flush(es), 0 completion(s), 0 continuation(s) 
[412.286s][info][gc,marking  ] GC(2312) Mark Stack Usage: 32M
[412.286s][info][gc,nmethod  ] GC(2312) NMethods: 8184 registered, 1398 unregistered
[412.286s][info][gc,metaspace] GC(2312) Metaspace: 120M used, 123M committed, 1152M reserved
[412.286s][info][gc,ref      ] GC(2312) Soft: 2842 encountered, 736 discovered, 0 enqueued
[412.286s][info][gc,ref      ] GC(2312) Weak: 13688 encountered, 692 discovered, 1 enqueued
[412.286s][info][gc,ref      ] GC(2312) Final: 84 encountered, 49 discovered, 0 enqueued
[412.286s][info][gc,ref      ] GC(2312) Phantom: 764 encountered, 571 discovered, 0 enqueued
[412.286s][info][gc,reloc    ] GC(2312) Small Pages: 265 / 530M, Empty: 400M, Relocated: 6M, In-Place: 0
[412.286s][info][gc,reloc    ] GC(2312) Medium Pages: 46 / 1472M, Empty: 0M, Relocated: 52M, In-Place: 0
[412.286s][info][gc,reloc    ] GC(2312) Large Pages: 4 / 32M, Empty: 24M, Relocated: 0M, In-Place: 0
[412.286s][info][gc,reloc    ] GC(2312) Forwarding Usage: 0M
[412.286s][info][gc,heap     ] GC(2312) Min Capacity: 8M(0%)
[412.286s][info][gc,heap     ] GC(2312) Max Capacity: 2048M(100%)
[412.286s][info][gc,heap     ] GC(2312) Soft Max Capacity: 2048M(100%)
[412.286s][info][gc,heap     ] GC(2312)                Mark Start          Mark End        Relocate Start      Relocate End           High               Low         
[412.286s][info][gc,heap     ] GC(2312)  Capacity:     2048M (100%)       2048M (100%)       2048M (100%)       2048M (100%)       2048M (100%)       2048M (100%)   
[412.286s][info][gc,heap     ] GC(2312)      Free:        4M (0%)            0M (0%)          306M (15%)         178M (9%)          376M (18%)           0M (0%)     
[412.286s][info][gc,heap     ] GC(2312)      Used:     2044M (100%)       2048M (100%)       1742M (85%)        1870M (91%)        2048M (100%)       1672M (82%)    
[412.286s][info][gc,heap     ] GC(2312)      Live:         -              1304M (64%)        1304M (64%)        1304M (64%)            -                  -          
[412.286s][info][gc,heap     ] GC(2312) Allocated:         -                 4M (0%)          122M (6%)          346M (17%)            -                  -          
[412.286s][info][gc,heap     ] GC(2312)   Garbage:         -               739M (36%)         315M (15%)         219M (11%)            -                  -          
[412.286s][info][gc,heap     ] GC(2312) Reclaimed:         -                  -               424M (21%)         520M (25%)            -                  -          
[412.286s][info][gc          ] GC(2312) Garbage Collection (Allocation Stall) 2044M(100%)->1870M(91%)
[412.313s][info][gc,start    ] GC(2313) Garbage Collection (Allocation Stall)
[412.313s][info][gc,ref      ] GC(2313) Clearing All SoftReferences
[412.313s][info][gc,task     ] GC(2313) Using 12 workers
[412.313s][info][gc,ref      ] GC(2313) Clearing All SoftReferences
[412.313s][info][gc,phases   ] GC(2313) Pause Mark Start 0.020ms
[412.339s][info][gc,phases   ] GC(2313) Concurrent Mark 26.084ms
[412.339s][info][gc,phases   ] GC(2313) Pause Mark End 0.028ms
[412.339s][info][gc,phases   ] GC(2313) Concurrent Mark Free 0.001ms
[412.342s][info][gc,phases   ] GC(2313) Concurrent Process Non-Strong References 2.872ms
[412.342s][info][gc,phases   ] GC(2313) Concurrent Reset Relocation Set 0.005ms
[412.342s][info][gc          ] Allocation Stall (Executor task launch worker for task 19.0 in stage 87.0 (TID 1460)) 29.278ms
[412.342s][info][gc          ] Allocation Stall (Executor task launch worker for task 42.0 in stage 87.0 (TID 1465)) 29.268ms
[412.342s][info][gc          ] Allocation Stall (Executor task launch worker for task 30.0 in stage 87.0 (TID 1463)) 29.278ms
[412.342s][info][gc          ] Allocation Stall (Executor task launch worker for task 46.0 in stage 87.0 (TID 1468)) 29.617ms
[412.342s][info][gc          ] Allocation Stall (Executor task launch worker for task 44.0 in stage 87.0 (TID 1466)) 29.284ms
[412.342s][info][gc          ] Allocation Stall (Executor task launch worker for task 11.0 in stage 87.0 (TID 1458)) 29.295ms
[412.342s][info][gc          ] Allocation Stall (Executor task launch worker for task 14.0 in stage 87.0 (TID 1459)) 29.268ms
[412.342s][info][gc          ] Allocation Stall (Executor task launch worker for task 35.0 in stage 87.0 (TID 1464)) 29.270ms
[412.342s][info][gc          ] Allocation Stall (Executor task launch worker for task 20.0 in stage 87.0 (TID 1461)) 29.564ms
[412.342s][info][gc          ] Allocation Stall (Executor task launch worker for task 3.0 in stage 87.0 (TID 1457)) 29.277ms
[412.342s][info][gc          ] Allocation Stall (Executor task launch worker for task 45.0 in stage 87.0 (TID 1467)) 29.572ms
[412.342s][info][gc          ] Allocation Stall (Executor task launch worker for task 24.0 in stage 87.0 (TID 1462)) 29.285ms
[412.342s][info][gc          ] Allocation Stall (Executor task launch worker for task 0.0 in stage 87.0 (TID 1456)) 29.272ms
[412.345s][info][gc,phases   ] GC(2313) Concurrent Select Relocation Set 2.975ms
[412.355s][info][gc,phases   ] GC(2313) Pause Relocate Start 0.009ms
[412.371s][info][gc,phases   ] GC(2313) Concurrent Relocate 15.999ms
[412.371s][info][gc,load     ] GC(2313) Load: 0.00/0.00/0.00
[412.371s][info][gc,mmu      ] GC(2313) MMU: 2ms/86.2%, 5ms/94.5%, 10ms/97.2%, 20ms/98.6%, 50ms/99.4%, 100ms/99.6%
[412.371s][info][gc,marking  ] GC(2313) Mark: 8 stripe(s), 2 proactive flush(es), 1 terminate flush(es), 0 completion(s), 0 continuation(s) 
[412.371s][info][gc,marking  ] GC(2313) Mark Stack Usage: 32M
[412.371s][info][gc,nmethod  ] GC(2313) NMethods: 8184 registered, 1398 unregistered
[412.371s][info][gc,metaspace] GC(2313) Metaspace: 120M used, 123M committed, 1152M reserved
[412.371s][info][gc,ref      ] GC(2313) Soft: 2842 encountered, 1003 discovered, 0 enqueued
[412.371s][info][gc,ref      ] GC(2313) Weak: 13685 encountered, 3798 discovered, 3 enqueued
[412.371s][info][gc,ref      ] GC(2313) Final: 84 encountered, 36 discovered, 0 enqueued
[412.371s][info][gc,ref      ] GC(2313) Phantom: 764 encountered, 621 discovered, 0 enqueued
[412.371s][info][gc,reloc    ] GC(2313) Small Pages: 284 / 568M, Empty: 452M, Relocated: 6M, In-Place: 0
[412.371s][info][gc,reloc    ] GC(2313) Medium Pages: 46 / 1472M, Empty: 0M, Relocated: 20M, In-Place: 0
[412.371s][info][gc,reloc    ] GC(2313) Large Pages: 1 / 8M, Empty: 8M, Relocated: 0M, In-Place: 0
[412.371s][info][gc,reloc    ] GC(2313) Forwarding Usage: 0M
[412.371s][info][gc,heap     ] GC(2313) Min Capacity: 8M(0%)
[412.371s][info][gc,heap     ] GC(2313) Max Capacity: 2048M(100%)
[412.371s][info][gc,heap     ] GC(2313) Soft Max Capacity: 2048M(100%)
[412.371s][info][gc,heap     ] GC(2313)                Mark Start          Mark End        Relocate Start      Relocate End           High               Low         
[412.371s][info][gc,heap     ] GC(2313)  Capacity:     2048M (100%)       2048M (100%)       2048M (100%)       2048M (100%)       2048M (100%)       2048M (100%)   
[412.371s][info][gc,heap     ] GC(2313)      Free:        0M (0%)            0M (0%)          416M (20%)         322M (16%)         416M (20%)           0M (0%)     
[412.371s][info][gc,heap     ] GC(2313)      Used:     2048M (100%)       2048M (100%)       1632M (80%)        1726M (84%)        2048M (100%)       1632M (80%)    
[412.371s][info][gc,heap     ] GC(2313)      Live:         -              1309M (64%)        1309M (64%)        1309M (64%)            -                  -          
[412.371s][info][gc,heap     ] GC(2313) Allocated:         -                 0M (0%)           44M (2%)          193M (9%)             -                  -          
[412.372s][info][gc,heap     ] GC(2313)   Garbage:         -               738M (36%)         278M (14%)         222M (11%)            -                  -          
[412.372s][info][gc,heap     ] GC(2313) Reclaimed:         -                  -               460M (22%)         515M (25%)            -                  -          
[412.372s][info][gc          ] GC(2313) Garbage Collection (Allocation Stall) 2048M(100%)->1726M(84%)
[412.395s][info][gc,start    ] GC(2314) Garbage Collection (Allocation Stall)
[412.395s][info][gc          ] Allocation Stall (Executor task launch worker for task 14.0 in stage 87.0 (TID 1459)) 0.057ms
[412.395s][info][gc,ref      ] GC(2314) Clearing All SoftReferences
[412.395s][info][gc,task     ] GC(2314) Using 12 workers
[412.395s][info][gc,ref      ] GC(2314) Clearing All SoftReferences
[412.395s][info][gc,phases   ] GC(2314) Pause Mark Start 0.050ms
[412.417s][info][gc,phases   ] GC(2314) Concurrent Mark 21.822ms
[412.417s][info][gc,phases   ] GC(2314) Pause Mark End 0.018ms
[412.417s][info][gc,phases   ] GC(2314) Concurrent Mark Free 0.001ms
[412.420s][info][gc,phases   ] GC(2314) Concurrent Process Non-Strong References 2.766ms
[412.420s][info][gc,phases   ] GC(2314) Concurrent Reset Relocation Set 0.005ms
[412.420s][info][gc          ] Allocation Stall (Executor task launch worker for task 42.0 in stage 87.0 (TID 1465)) 21.044ms
[412.420s][info][gc          ] Allocation Stall (Executor task launch worker for task 3.0 in stage 87.0 (TID 1457)) 21.380ms
[412.420s][info][gc          ] Allocation Stall (Executor task launch worker for task 45.0 in stage 87.0 (TID 1467)) 21.334ms
[412.420s][info][gc          ] Allocation Stall (Executor task launch worker for task 0.0 in stage 87.0 (TID 1456)) 21.352ms
[412.420s][info][gc          ] Allocation Stall (Executor task launch worker for task 20.0 in stage 87.0 (TID 1461)) 20.948ms
[412.420s][info][gc          ] Allocation Stall (Executor task launch worker for task 19.0 in stage 87.0 (TID 1460)) 21.267ms
[412.420s][info][gc          ] Allocation Stall (Executor task launch worker for task 14.0 in stage 87.0 (TID 1459)) 21.303ms
[412.420s][info][gc          ] Allocation Stall (Executor task launch worker for task 30.0 in stage 87.0 (TID 1463)) 21.238ms
[412.420s][info][gc          ] Allocation Stall (Executor task launch worker for task 35.0 in stage 87.0 (TID 1464)) 21.139ms
[412.420s][info][gc          ] Allocation Stall (Executor task launch worker for task 46.0 in stage 87.0 (TID 1468)) 21.015ms
[412.420s][info][gc          ] Allocation Stall (Executor task launch worker for task 11.0 in stage 87.0 (TID 1458)) 21.290ms
[412.420s][info][gc          ] Allocation Stall (Executor task launch worker for task 44.0 in stage 87.0 (TID 1466)) 21.294ms
[412.420s][info][gc          ] Allocation Stall (Executor task launch worker for task 24.0 in stage 87.0 (TID 1462)) 21.264ms
[412.420s][info][gc          ] Allocation Stall (Spark Context Cleaner) 3.062ms
[412.423s][info][gc,phases   ] GC(2314) Concurrent Select Relocation Set 2.977ms
[412.433s][info][gc,phases   ] GC(2314) Pause Relocate Start 0.010ms
[412.472s][info][gc          ] Allocation Stall (Executor task launch worker for task 44.0 in stage 87.0 (TID 1466)) 1.525ms
[412.472s][info][gc          ] Allocation Stall (Executor task launch worker for task 45.0 in stage 87.0 (TID 1467)) 1.512ms
[412.472s][info][gc          ] Allocation Stall (Executor task launch worker for task 42.0 in stage 87.0 (TID 1465)) 1.550ms
[412.472s][info][gc          ] Allocation Stall (Executor task launch worker for task 46.0 in stage 87.0 (TID 1468)) 0.457ms
[412.472s][info][gc          ] Allocation Stall (Executor task launch worker for task 14.0 in stage 87.0 (TID 1459)) 1.523ms
[412.472s][info][gc          ] Allocation Stall (Executor task launch worker for task 24.0 in stage 87.0 (TID 1462)) 1.562ms
[412.472s][info][gc          ] Allocation Stall (Executor task launch worker for task 30.0 in stage 87.0 (TID 1463)) 1.609ms
[412.472s][info][gc          ] Allocation Stall (Executor task launch worker for task 3.0 in stage 87.0 (TID 1457)) 1.751ms
[412.472s][info][gc          ] Allocation Stall (Executor task launch worker for task 20.0 in stage 87.0 (TID 1461)) 1.587ms
[412.472s][info][gc          ] Allocation Stall (Executor task launch worker for task 19.0 in stage 87.0 (TID 1460)) 1.518ms
[412.480s][info][gc,phases   ] GC(2314) Concurrent Relocate 46.903ms
[412.480s][info][gc,load     ] GC(2314) Load: 0.00/0.00/0.00
[412.480s][info][gc,mmu      ] GC(2314) MMU: 2ms/86.2%, 5ms/94.5%, 10ms/97.2%, 20ms/98.6%, 50ms/99.4%, 100ms/99.6%
[412.480s][info][gc,marking  ] GC(2314) Mark: 8 stripe(s), 2 proactive flush(es), 1 terminate flush(es), 0 completion(s), 0 continuation(s) 
[412.480s][info][gc,marking  ] GC(2314) Mark Stack Usage: 32M
[412.480s][info][gc,nmethod  ] GC(2314) NMethods: 8184 registered, 1398 unregistered
[412.480s][info][gc,metaspace] GC(2314) Metaspace: 120M used, 123M committed, 1152M reserved
[412.480s][info][gc,ref      ] GC(2314) Soft: 2842 encountered, 2187 discovered, 0 enqueued
[412.480s][info][gc,ref      ] GC(2314) Weak: 13684 encountered, 3161 discovered, 0 enqueued
[412.480s][info][gc,ref      ] GC(2314) Final: 84 encountered, 1 discovered, 0 enqueued
[412.480s][info][gc,ref      ] GC(2314) Phantom: 764 encountered, 588 discovered, 0 enqueued
[412.480s][info][gc,reloc    ] GC(2314) Small Pages: 266 / 532M, Empty: 408M, Relocated: 6M, In-Place: 0
[412.480s][info][gc,reloc    ] GC(2314) Medium Pages: 46 / 1472M, Empty: 0M, Relocated: 80M, In-Place: 0
[412.480s][info][gc,reloc    ] GC(2314) Large Pages: 4 / 32M, Empty: 0M, Relocated: 0M, In-Place: 0
[412.480s][info][gc,reloc    ] GC(2314) Forwarding Usage: 0M
[412.480s][info][gc,heap     ] GC(2314) Min Capacity: 8M(0%)
[412.480s][info][gc,heap     ] GC(2314) Max Capacity: 2048M(100%)
[412.480s][info][gc,heap     ] GC(2314) Soft Max Capacity: 2048M(100%)
[412.480s][info][gc,heap     ] GC(2314)                Mark Start          Mark End        Relocate Start      Relocate End           High               Low         
[412.480s][info][gc,heap     ] GC(2314)  Capacity:     2048M (100%)       2048M (100%)       2048M (100%)       2048M (100%)       2048M (100%)       2048M (100%)   
[412.480s][info][gc,heap     ] GC(2314)      Free:       12M (1%)            0M (0%)          354M (17%)          78M (4%)          378M (18%)           0M (0%)     
[412.480s][info][gc,heap     ] GC(2314)      Used:     2036M (99%)        2048M (100%)       1694M (83%)        1970M (96%)        2048M (100%)       1670M (82%)    
[412.480s][info][gc,heap     ] GC(2314)      Live:         -              1336M (65%)        1336M (65%)        1336M (65%)            -                  -          
[412.480s][info][gc,heap     ] GC(2314) Allocated:         -                12M (1%)           66M (3%)          449M (22%)            -                  -          
[412.480s][info][gc,heap     ] GC(2314)   Garbage:         -               699M (34%)         291M (14%)         183M (9%)             -                  -          
[412.480s][info][gc,heap     ] GC(2314) Reclaimed:         -                  -               408M (20%)         515M (25%)            -                  -          
[412.480s][info][gc          ] GC(2314) Garbage Collection (Allocation Stall) 2036M(99%)->1970M(96%)
[412.501s][info][gc,start    ] GC(2315) Garbage Collection (Allocation Stall)
[412.501s][info][gc,ref      ] GC(2315) Clearing All SoftReferences
[412.501s][info][gc,task     ] GC(2315) Using 12 workers
[412.502s][info][gc,ref      ] GC(2315) Clearing All SoftReferences
[412.502s][info][gc,phases   ] GC(2315) Pause Mark Start 0.042ms
[412.502s][info][gc          ] Allocation Stall (Executor task launch worker for task 46.0 in stage 87.0 (TID 1468)) 0.354ms
[412.502s][info][gc          ] Allocation Stall (Executor task launch worker for task 0.0 in stage 87.0 (TID 1456)) 0.283ms
[412.502s][info][gc          ] Allocation Stall (Executor task launch worker for task 19.0 in stage 87.0 (TID 1460)) 0.004ms
[412.502s][info][gc          ] Allocation Stall (Executor task launch worker for task 14.0 in stage 87.0 (TID 1459)) 0.024ms
[412.526s][info][gc,phases   ] GC(2315) Concurrent Mark 24.604ms
[412.527s][info][gc,phases   ] GC(2315) Pause Mark End 0.021ms
[412.527s][info][gc,phases   ] GC(2315) Concurrent Mark Free 0.001ms
[412.529s][info][gc,phases   ] GC(2315) Concurrent Process Non-Strong References 2.801ms
[412.529s][info][gc,phases   ] GC(2315) Concurrent Reset Relocation Set 0.004ms
[412.530s][info][gc          ] Allocation Stall (Executor task launch worker for task 45.0 in stage 87.0 (TID 1467)) 24.888ms
[412.530s][info][gc          ] Allocation Stall (Executor task launch worker for task 11.0 in stage 87.0 (TID 1458)) 24.896ms
[412.530s][info][gc          ] Allocation Stall (Executor task launch worker for task 19.0 in stage 87.0 (TID 1460)) 24.893ms
[412.530s][info][gc          ] Allocation Stall (Executor task launch worker for task 0.0 in stage 87.0 (TID 1456)) 24.754ms
[412.530s][info][gc          ] Allocation Stall (Executor task launch worker for task 14.0 in stage 87.0 (TID 1459)) 24.756ms
[412.530s][info][gc          ] Allocation Stall (Executor task launch worker for task 42.0 in stage 87.0 (TID 1465)) 24.715ms
[412.530s][info][gc          ] Allocation Stall (Executor task launch worker for task 44.0 in stage 87.0 (TID 1466)) 24.860ms
[412.530s][info][gc          ] Allocation Stall (Spark Context Cleaner) 3.122ms
[412.530s][info][gc          ] Allocation Stall (Executor task launch worker for task 20.0 in stage 87.0 (TID 1461)) 24.889ms
[412.530s][info][gc          ] Allocation Stall (Executor task launch worker for task 30.0 in stage 87.0 (TID 1463)) 24.549ms
[412.530s][info][gc          ] Allocation Stall (Executor task launch worker for task 35.0 in stage 87.0 (TID 1464)) 24.879ms
[412.530s][info][gc          ] Allocation Stall (Executor task launch worker for task 24.0 in stage 87.0 (TID 1462)) 24.727ms
[412.530s][info][gc          ] Allocation Stall (Executor task launch worker for task 3.0 in stage 87.0 (TID 1457)) 24.944ms
[412.530s][info][gc          ] Allocation Stall (Executor task launch worker for task 46.0 in stage 87.0 (TID 1468)) 24.581ms
[412.533s][info][gc,phases   ] GC(2315) Concurrent Select Relocation Set 3.590ms
[412.534s][info][gc,phases   ] GC(2315) Pause Relocate Start 0.007ms
[412.565s][info][gc,phases   ] GC(2315) Concurrent Relocate 30.701ms
[412.565s][info][gc,load     ] GC(2315) Load: 0.00/0.00/0.00
[412.565s][info][gc,mmu      ] GC(2315) MMU: 2ms/86.2%, 5ms/94.5%, 10ms/97.2%, 20ms/98.6%, 50ms/99.4%, 100ms/99.6%
[412.565s][info][gc,marking  ] GC(2315) Mark: 8 stripe(s), 2 proactive flush(es), 1 terminate flush(es), 0 completion(s), 0 continuation(s) 
[412.565s][info][gc,marking  ] GC(2315) Mark Stack Usage: 32M
[412.565s][info][gc,nmethod  ] GC(2315) NMethods: 8184 registered, 1398 unregistered
[412.565s][info][gc,metaspace] GC(2315) Metaspace: 120M used, 123M committed, 1152M reserved
[412.565s][info][gc,ref      ] GC(2315) Soft: 2842 encountered, 1153 discovered, 0 enqueued
[412.565s][info][gc,ref      ] GC(2315) Weak: 13688 encountered, 1761 discovered, 1 enqueued
[412.565s][info][gc,ref      ] GC(2315) Final: 84 encountered, 26 discovered, 0 enqueued
[412.565s][info][gc,ref      ] GC(2315) Phantom: 764 encountered, 634 discovered, 0 enqueued
[412.565s][info][gc,reloc    ] GC(2315) Small Pages: 260 / 520M, Empty: 408M, Relocated: 6M, In-Place: 0
[412.565s][info][gc,reloc    ] GC(2315) Medium Pages: 46 / 1472M, Empty: 0M, Relocated: 48M, In-Place: 0
[412.565s][info][gc,reloc    ] GC(2315) Large Pages: 6 / 48M, Empty: 32M, Relocated: 0M, In-Place: 0
[412.565s][info][gc,reloc    ] GC(2315) Forwarding Usage: 0M
[412.565s][info][gc,heap     ] GC(2315) Min Capacity: 8M(0%)
[412.565s][info][gc,heap     ] GC(2315) Max Capacity: 2048M(100%)
[412.565s][info][gc,heap     ] GC(2315) Soft Max Capacity: 2048M(100%)
[412.565s][info][gc,heap     ] GC(2315)                Mark Start          Mark End        Relocate Start      Relocate End           High               Low         
[412.565s][info][gc,heap     ] GC(2315)  Capacity:     2048M (100%)       2048M (100%)       2048M (100%)       2048M (100%)       2048M (100%)       2048M (100%)   
[412.565s][info][gc,heap     ] GC(2315)      Free:        4M (0%)            0M (0%)          382M (19%)          38M (2%)          384M (19%)           0M (0%)     
[412.565s][info][gc,heap     ] GC(2315)      Used:     2044M (100%)       2048M (100%)       1666M (81%)        2010M (98%)        2048M (100%)       1664M (81%)    
[412.565s][info][gc,heap     ] GC(2315)      Live:         -              1332M (65%)        1332M (65%)        1332M (65%)            -                  -          
[412.565s][info][gc,heap     ] GC(2315) Allocated:         -                 4M (0%)           62M (3%)          451M (22%)            -                  -          
[412.565s][info][gc,heap     ] GC(2315)   Garbage:         -               711M (35%)         271M (13%)         226M (11%)            -                  -          
[412.565s][info][gc,heap     ] GC(2315) Reclaimed:         -                  -               440M (21%)         485M (24%)            -                  -          
[412.565s][info][gc          ] GC(2315) Garbage Collection (Allocation Stall) 2044M(100%)->2010M(98%)
[412.577s][info][gc,start    ] GC(2316) Garbage Collection (Allocation Stall)
[412.577s][info][gc,ref      ] GC(2316) Clearing All SoftReferences
[412.577s][info][gc,task     ] GC(2316) Using 12 workers
[412.577s][info][gc,ref      ] GC(2316) Clearing All SoftReferences
[412.577s][info][gc,phases   ] GC(2316) Pause Mark Start 0.043ms
[412.577s][info][gc          ] Allocation Stall (Executor task launch worker for task 45.0 in stage 87.0 (TID 1467)) 0.586ms
[412.577s][info][gc          ] Allocation Stall (Executor task launch worker for task 46.0 in stage 87.0 (TID 1468)) 0.596ms
[412.604s][info][gc,phases   ] GC(2316) Concurrent Mark 27.070ms
[412.605s][info][gc,phases   ] GC(2316) Pause Mark End 0.020ms
[412.605s][info][gc,phases   ] GC(2316) Concurrent Mark Free 0.001ms
[412.607s][info][gc,phases   ] GC(2316) Concurrent Process Non-Strong References 2.807ms
[412.608s][info][gc,phases   ] GC(2316) Concurrent Reset Relocation Set 0.004ms
[412.608s][info][gc          ] Allocation Stall (Executor task launch worker for task 45.0 in stage 87.0 (TID 1467)) 27.611ms
[412.608s][info][gc          ] Allocation Stall (Executor task launch worker for task 35.0 in stage 87.0 (TID 1464)) 29.641ms
[412.608s][info][gc          ] Allocation Stall (Executor task launch worker for task 19.0 in stage 87.0 (TID 1460)) 27.754ms
[412.608s][info][gc          ] Allocation Stall (Executor task launch worker for task 24.0 in stage 87.0 (TID 1462)) 27.055ms
[412.608s][info][gc          ] Allocation Stall (Executor task launch worker for task 44.0 in stage 87.0 (TID 1466)) 27.606ms
[412.608s][info][gc          ] Allocation Stall (Executor task launch worker for task 46.0 in stage 87.0 (TID 1468)) 27.043ms
[412.608s][info][gc          ] Allocation Stall (Executor task launch worker for task 11.0 in stage 87.0 (TID 1458)) 27.727ms
[412.608s][info][gc          ] Allocation Stall (Executor task launch worker for task 42.0 in stage 87.0 (TID 1465)) 27.632ms
[412.608s][info][gc          ] Allocation Stall (Executor task launch worker for task 30.0 in stage 87.0 (TID 1463)) 24.067ms
[412.608s][info][gc          ] Allocation Stall (Executor task launch worker for task 20.0 in stage 87.0 (TID 1461)) 27.046ms
[412.608s][info][gc          ] Allocation Stall (Executor task launch worker for task 3.0 in stage 87.0 (TID 1457)) 27.774ms
[412.608s][info][gc          ] Allocation Stall (Executor task launch worker for task 0.0 in stage 87.0 (TID 1456)) 27.086ms
[412.608s][info][gc          ] Allocation Stall (Executor task launch worker for task 14.0 in stage 87.0 (TID 1459)) 27.053ms
[412.611s][info][gc,phases   ] GC(2316) Concurrent Select Relocation Set 3.408ms
[412.611s][info][gc,phases   ] GC(2316) Pause Relocate Start 0.008ms
[412.634s][info][gc,phases   ] GC(2316) Concurrent Relocate 22.206ms
[412.634s][info][gc,load     ] GC(2316) Load: 0.00/0.00/0.00
[412.634s][info][gc,mmu      ] GC(2316) MMU: 2ms/86.2%, 5ms/94.5%, 10ms/97.2%, 20ms/98.6%, 50ms/99.4%, 100ms/99.6%
[412.634s][info][gc,marking  ] GC(2316) Mark: 8 stripe(s), 2 proactive flush(es), 1 terminate flush(es), 0 completion(s), 0 continuation(s) 
[412.634s][info][gc,marking  ] GC(2316) Mark Stack Usage: 32M
[412.634s][info][gc,nmethod  ] GC(2316) NMethods: 8184 registered, 1398 unregistered
[412.634s][info][gc,metaspace] GC(2316) Metaspace: 120M used, 123M committed, 1152M reserved
[412.634s][info][gc,ref      ] GC(2316) Soft: 2842 encountered, 771 discovered, 0 enqueued
[412.634s][info][gc,ref      ] GC(2316) Weak: 13685 encountered, 1302 discovered, 1 enqueued
[412.634s][info][gc,ref      ] GC(2316) Final: 84 encountered, 2 discovered, 0 enqueued
[412.634s][info][gc,ref      ] GC(2316) Phantom: 764 encountered, 494 discovered, 0 enqueued
[412.634s][info][gc,reloc    ] GC(2316) Small Pages: 236 / 472M, Empty: 342M, Relocated: 6M, In-Place: 0
[412.634s][info][gc,reloc    ] GC(2316) Medium Pages: 47 / 1504M, Empty: 0M, Relocated: 24M, In-Place: 0
[412.634s][info][gc,reloc    ] GC(2316) Large Pages: 8 / 64M, Empty: 16M, Relocated: 0M, In-Place: 0
[412.634s][info][gc,reloc    ] GC(2316) Forwarding Usage: 0M
[412.634s][info][gc,heap     ] GC(2316) Min Capacity: 8M(0%)
[412.634s][info][gc,heap     ] GC(2316) Max Capacity: 2048M(100%)
[412.634s][info][gc,heap     ] GC(2316) Soft Max Capacity: 2048M(100%)
[412.634s][info][gc,heap     ] GC(2316)                Mark Start          Mark End        Relocate Start      Relocate End           High               Low         
[412.634s][info][gc,heap     ] GC(2316)  Capacity:     2048M (100%)       2048M (100%)       2048M (100%)       2048M (100%)       2048M (100%)       2048M (100%)   
[412.634s][info][gc,heap     ] GC(2316)      Free:        4M (0%)            0M (0%)          306M (15%)         144M (7%)          318M (16%)           0M (0%)     
[412.634s][info][gc,heap     ] GC(2316)      Used:     2044M (100%)       2048M (100%)       1742M (85%)        1904M (93%)        2048M (100%)       1730M (84%)    
[412.634s][info][gc,heap     ] GC(2316)      Live:         -              1363M (67%)        1363M (67%)        1363M (67%)            -                  -          
[412.634s][info][gc,heap     ] GC(2316) Allocated:         -                 4M (0%)           56M (3%)          325M (16%)            -                  -          
[412.634s][info][gc,heap     ] GC(2316)   Garbage:         -               680M (33%)         322M (16%)         215M (10%)            -                  -          
[412.634s][info][gc,heap     ] GC(2316) Reclaimed:         -                  -               358M (17%)         465M (23%)            -                  -          
[412.634s][info][gc          ] GC(2316) Garbage Collection (Allocation Stall) 2044M(100%)->1904M(93%)
[412.651s][info][gc,start    ] GC(2317) Garbage Collection (Allocation Stall)
[412.651s][info][gc,ref      ] GC(2317) Clearing All SoftReferences
[412.651s][info][gc,task     ] GC(2317) Using 12 workers
[412.651s][info][gc          ] Allocation Stall (Executor task launch worker for task 0.0 in stage 87.0 (TID 1456)) 0.106ms
[412.651s][info][gc,ref      ] GC(2317) Clearing All SoftReferences
[412.651s][info][gc,phases   ] GC(2317) Pause Mark Start 0.041ms
[412.683s][info][gc,phases   ] GC(2317) Concurrent Mark 31.123ms
[412.683s][info][gc,phases   ] GC(2317) Pause Mark End 0.017ms
[412.683s][info][gc,phases   ] GC(2317) Concurrent Mark Free 0.001ms
[412.686s][info][gc,phases   ] GC(2317) Concurrent Process Non-Strong References 2.800ms
[412.686s][info][gc,phases   ] GC(2317) Concurrent Reset Relocation Set 0.004ms
[412.686s][info][gc          ] Allocation Stall (Executor task launch worker for task 14.0 in stage 87.0 (TID 1459)) 28.416ms
[412.686s][info][gc          ] Allocation Stall (Executor task launch worker for task 45.0 in stage 87.0 (TID 1467)) 28.509ms
[412.686s][info][gc          ] Allocation Stall (Executor task launch worker for task 20.0 in stage 87.0 (TID 1461)) 28.237ms
[412.686s][info][gc          ] Allocation Stall (Executor task launch worker for task 44.0 in stage 87.0 (TID 1466)) 28.466ms
[412.686s][info][gc          ] Allocation Stall (Executor task launch worker for task 46.0 in stage 87.0 (TID 1468)) 28.499ms
[412.686s][info][gc          ] Allocation Stall (Executor task launch worker for task 0.0 in stage 87.0 (TID 1456)) 28.175ms
[412.686s][info][gc          ] Allocation Stall (Executor task launch worker for task 24.0 in stage 87.0 (TID 1462)) 28.399ms
[412.686s][info][gc          ] Allocation Stall (Executor task launch worker for task 42.0 in stage 87.0 (TID 1465)) 28.541ms
[412.686s][info][gc          ] Allocation Stall (Executor task launch worker for task 35.0 in stage 87.0 (TID 1464)) 28.514ms
[412.686s][info][gc          ] Allocation Stall (Executor task launch worker for task 11.0 in stage 87.0 (TID 1458)) 28.955ms
[412.686s][info][gc          ] Allocation Stall (Executor task launch worker for task 3.0 in stage 87.0 (TID 1457)) 28.114ms
[412.686s][info][gc          ] Allocation Stall (Executor task launch worker for task 30.0 in stage 87.0 (TID 1463)) 28.153ms
[412.686s][info][gc          ] Allocation Stall (Executor task launch worker for task 19.0 in stage 87.0 (TID 1460)) 30.277ms
[412.693s][info][gc,phases   ] GC(2317) Concurrent Select Relocation Set 7.528ms
[412.698s][info][gc,phases   ] GC(2317) Pause Relocate Start 0.013ms
[412.736s][info][gc,phases   ] GC(2317) Concurrent Relocate 37.311ms
[412.736s][info][gc,load     ] GC(2317) Load: 0.00/0.00/0.00
[412.736s][info][gc,mmu      ] GC(2317) MMU: 2ms/86.2%, 5ms/94.5%, 10ms/97.2%, 20ms/98.6%, 50ms/99.4%, 100ms/99.6%
[412.736s][info][gc,marking  ] GC(2317) Mark: 8 stripe(s), 3 proactive flush(es), 1 terminate flush(es), 0 completion(s), 0 continuation(s) 
[412.736s][info][gc,marking  ] GC(2317) Mark Stack Usage: 32M
[412.736s][info][gc,nmethod  ] GC(2317) NMethods: 8184 registered, 1398 unregistered
[412.736s][info][gc,metaspace] GC(2317) Metaspace: 120M used, 123M committed, 1152M reserved
[412.736s][info][gc,ref      ] GC(2317) Soft: 2842 encountered, 864 discovered, 0 enqueued
[412.736s][info][gc,ref      ] GC(2317) Weak: 13688 encountered, 2547 discovered, 1 enqueued
[412.736s][info][gc,ref      ] GC(2317) Final: 84 encountered, 2 discovered, 0 enqueued
[412.736s][info][gc,ref      ] GC(2317) Phantom: 764 encountered, 642 discovered, 0 enqueued
[412.736s][info][gc,reloc    ] GC(2317) Small Pages: 238 / 476M, Empty: 354M, Relocated: 8M, In-Place: 0
[412.736s][info][gc,reloc    ] GC(2317) Medium Pages: 47 / 1504M, Empty: 0M, Relocated: 83M, In-Place: 0
[412.736s][info][gc,reloc    ] GC(2317) Large Pages: 6 / 48M, Empty: 24M, Relocated: 0M, In-Place: 0
[412.736s][info][gc,reloc    ] GC(2317) Forwarding Usage: 1M
[412.736s][info][gc,heap     ] GC(2317) Min Capacity: 8M(0%)
[412.736s][info][gc,heap     ] GC(2317) Max Capacity: 2048M(100%)
[412.736s][info][gc,heap     ] GC(2317) Soft Max Capacity: 2048M(100%)
[412.736s][info][gc,heap     ] GC(2317)                Mark Start          Mark End        Relocate Start      Relocate End           High               Low         
[412.736s][info][gc,heap     ] GC(2317)  Capacity:     2048M (100%)       2048M (100%)       2048M (100%)       2048M (100%)       2048M (100%)       2048M (100%)   
[412.736s][info][gc,heap     ] GC(2317)      Free:       20M (1%)            0M (0%)          296M (14%)         150M (7%)          306M (15%)           0M (0%)     
[412.736s][info][gc,heap     ] GC(2317)      Used:     2028M (99%)        2048M (100%)       1752M (86%)        1898M (93%)        2048M (100%)       1742M (85%)    
[412.736s][info][gc,heap     ] GC(2317)      Live:         -              1355M (66%)        1355M (66%)        1355M (66%)            -                  -          
[412.736s][info][gc,heap     ] GC(2317) Allocated:         -                20M (1%)          102M (5%)          347M (17%)            -                  -          
[412.736s][info][gc,heap     ] GC(2317)   Garbage:         -               672M (33%)         294M (14%)         195M (10%)            -                  -          
[412.736s][info][gc,heap     ] GC(2317) Reclaimed:         -                  -               378M (18%)         477M (23%)            -                  -          
[412.736s][info][gc          ] GC(2317) Garbage Collection (Allocation Stall) 2028M(99%)->1898M(93%)
[412.745s][info][gc,start    ] GC(2318) Garbage Collection (Allocation Stall)
[412.745s][info][gc,ref      ] GC(2318) Clearing All SoftReferences
[412.745s][info][gc,task     ] GC(2318) Using 12 workers
[412.745s][info][gc,ref      ] GC(2318) Clearing All SoftReferences
[412.745s][info][gc,phases   ] GC(2318) Pause Mark Start 0.037ms
[412.776s][info][gc,phases   ] GC(2318) Concurrent Mark 30.987ms
[412.777s][info][gc,phases   ] GC(2318) Pause Mark End 0.028ms
[412.777s][info][gc,phases   ] GC(2318) Concurrent Mark Free 0.000ms
[412.780s][info][gc          ] Allocation Stall (Executor task launch worker for task 11.0 in stage 87.0 (TID 1458)) 0.524ms
[412.780s][info][gc          ] Allocation Stall (Executor task launch worker for task 14.0 in stage 87.0 (TID 1459)) 0.350ms
[412.780s][info][gc          ] Allocation Stall (Executor task launch worker for task 3.0 in stage 87.0 (TID 1457)) 0.308ms
[412.780s][info][gc,phases   ] GC(2318) Concurrent Process Non-Strong References 3.740ms
[412.780s][info][gc,phases   ] GC(2318) Concurrent Reset Relocation Set 0.006ms
[412.787s][info][gc,phases   ] GC(2318) Concurrent Select Relocation Set 6.189ms
[412.787s][info][gc,phases   ] GC(2318) Pause Relocate Start 0.007ms
[412.806s][info][gc,phases   ] GC(2318) Concurrent Relocate 19.671ms
[412.807s][info][gc,load     ] GC(2318) Load: 0.00/0.00/0.00
[412.807s][info][gc,mmu      ] GC(2318) MMU: 2ms/86.2%, 5ms/94.5%, 10ms/97.2%, 20ms/98.6%, 50ms/99.4%, 100ms/99.6%
[412.807s][info][gc,marking  ] GC(2318) Mark: 8 stripe(s), 2 proactive flush(es), 1 terminate flush(es), 0 completion(s), 0 continuation(s) 
[412.807s][info][gc,marking  ] GC(2318) Mark Stack Usage: 32M
[412.807s][info][gc,nmethod  ] GC(2318) NMethods: 8184 registered, 1398 unregistered
[412.807s][info][gc,metaspace] GC(2318) Metaspace: 120M used, 123M committed, 1152M reserved
[412.807s][info][gc,ref      ] GC(2318) Soft: 2842 encountered, 2376 discovered, 0 enqueued
[412.807s][info][gc,ref      ] GC(2318) Weak: 13688 encountered, 2701 discovered, 2 enqueued
[412.807s][info][gc,ref      ] GC(2318) Final: 84 encountered, 0 discovered, 0 enqueued
[412.807s][info][gc,ref      ] GC(2318) Phantom: 764 encountered, 607 discovered, 0 enqueued
[412.807s][info][gc,reloc    ] GC(2318) Small Pages: 199 / 398M, Empty: 286M, Relocated: 8M, In-Place: 0
[412.807s][info][gc,reloc    ] GC(2318) Medium Pages: 47 / 1504M, Empty: 0M, Relocated: 27M, In-Place: 0
[412.807s][info][gc,reloc    ] GC(2318) Large Pages: 3 / 24M, Empty: 24M, Relocated: 0M, In-Place: 0
[412.807s][info][gc,reloc    ] GC(2318) Forwarding Usage: 1M
[412.807s][info][gc,heap     ] GC(2318) Min Capacity: 8M(0%)
[412.807s][info][gc,heap     ] GC(2318) Max Capacity: 2048M(100%)
[412.807s][info][gc,heap     ] GC(2318) Soft Max Capacity: 2048M(100%)
[412.807s][info][gc,heap     ] GC(2318)                Mark Start          Mark End        Relocate Start      Relocate End           High               Low         
[412.807s][info][gc,heap     ] GC(2318)  Capacity:     2048M (100%)       2048M (100%)       2048M (100%)       2048M (100%)       2048M (100%)       2048M (100%)   
[412.807s][info][gc,heap     ] GC(2318)      Free:      122M (6%)           12M (1%)          224M (11%)          50M (2%)          266M (13%)           0M (0%)     
[412.807s][info][gc,heap     ] GC(2318)      Used:     1926M (94%)        2036M (99%)        1824M (89%)        1998M (98%)        2048M (100%)       1782M (87%)    
[412.807s][info][gc,heap     ] GC(2318)      Live:         -              1353M (66%)        1353M (66%)        1353M (66%)            -                  -          
[412.807s][info][gc,heap     ] GC(2318) Allocated:         -               110M (5%)          208M (10%)         437M (21%)            -                  -          
[412.807s][info][gc,heap     ] GC(2318)   Garbage:         -               572M (28%)         262M (13%)         206M (10%)            -                  -          
[412.807s][info][gc,heap     ] GC(2318) Reclaimed:         -                  -               310M (15%)         365M (18%)            -                  -          
[412.807s][info][gc          ] GC(2318) Garbage Collection (Allocation Stall) 1926M(94%)->1998M(98%)
[412.821s][info][gc,start    ] GC(2319) Garbage Collection (Allocation Stall)
[412.822s][info][gc,ref      ] GC(2319) Clearing All SoftReferences
[412.822s][info][gc,task     ] GC(2319) Using 12 workers
[412.822s][info][gc,ref      ] GC(2319) Clearing All SoftReferences
[412.822s][info][gc,phases   ] GC(2319) Pause Mark Start 0.040ms
[412.822s][info][gc          ] Allocation Stall (Executor task launch worker for task 14.0 in stage 87.0 (TID 1459)) 0.324ms
[412.839s][info][gc,phases   ] GC(2319) Concurrent Mark 17.028ms
[412.839s][info][gc,phases   ] GC(2319) Pause Mark End 0.017ms
[412.839s][info][gc,phases   ] GC(2319) Concurrent Mark Free 0.001ms
[412.841s][info][gc,phases   ] GC(2319) Concurrent Process Non-Strong References 2.418ms
[412.841s][info][gc,phases   ] GC(2319) Concurrent Reset Relocation Set 0.003ms
[412.841s][info][gc          ] Allocation Stall (Executor task launch worker for task 19.0 in stage 87.0 (TID 1460)) 17.849ms
[412.841s][info][gc          ] Allocation Stall (Executor task launch worker for task 24.0 in stage 87.0 (TID 1462)) 19.985ms
[412.841s][info][gc          ] Allocation Stall (Executor task launch worker for task 0.0 in stage 87.0 (TID 1456)) 19.678ms
[412.841s][info][gc          ] Allocation Stall (Executor task launch worker for task 35.0 in stage 87.0 (TID 1464)) 19.677ms
[412.841s][info][gc          ] Allocation Stall (Executor task launch worker for task 44.0 in stage 87.0 (TID 1466)) 19.669ms
[412.841s][info][gc          ] Allocation Stall (Executor task launch worker for task 30.0 in stage 87.0 (TID 1463)) 19.662ms
[412.841s][info][gc          ] Allocation Stall (Executor task launch worker for task 46.0 in stage 87.0 (TID 1468)) 19.686ms
[412.841s][info][gc          ] Allocation Stall (Executor task launch worker for task 42.0 in stage 87.0 (TID 1465)) 19.671ms
[412.841s][info][gc          ] Allocation Stall (Executor task launch worker for task 14.0 in stage 87.0 (TID 1459)) 17.816ms
[412.841s][info][gc          ] Allocation Stall (Executor task launch worker for task 20.0 in stage 87.0 (TID 1461)) 19.685ms
[412.841s][info][gc          ] Allocation Stall (Executor task launch worker for task 11.0 in stage 87.0 (TID 1458)) 19.671ms
[412.841s][info][gc          ] Allocation Stall (Executor task launch worker for task 45.0 in stage 87.0 (TID 1467)) 19.692ms
[412.841s][info][gc          ] Allocation Stall (Executor task launch worker for task 3.0 in stage 87.0 (TID 1457)) 19.667ms
[412.845s][info][gc,phases   ] GC(2319) Concurrent Select Relocation Set 3.166ms
[412.845s][info][gc,phases   ] GC(2319) Pause Relocate Start 0.006ms
[412.886s][info][gc,phases   ] GC(2319) Concurrent Relocate 40.578ms
[412.886s][info][gc,load     ] GC(2319) Load: 0.00/0.00/0.00
[412.886s][info][gc,mmu      ] GC(2319) MMU: 2ms/86.2%, 5ms/94.5%, 10ms/97.2%, 20ms/98.6%, 50ms/99.4%, 100ms/99.6%
[412.886s][info][gc,marking  ] GC(2319) Mark: 8 stripe(s), 2 proactive flush(es), 1 terminate flush(es), 0 completion(s), 0 continuation(s) 
[412.886s][info][gc,marking  ] GC(2319) Mark Stack Usage: 32M
[412.886s][info][gc,nmethod  ] GC(2319) NMethods: 8184 registered, 1398 unregistered
[412.886s][info][gc,metaspace] GC(2319) Metaspace: 120M used, 123M committed, 1152M reserved
[412.886s][info][gc,ref      ] GC(2319) Soft: 2842 encountered, 456 discovered, 0 enqueued
[412.886s][info][gc,ref      ] GC(2319) Weak: 13686 encountered, 1495 discovered, 0 enqueued
[412.886s][info][gc,ref      ] GC(2319) Final: 84 encountered, 0 discovered, 0 enqueued
[412.886s][info][gc,ref      ] GC(2319) Phantom: 764 encountered, 546 discovered, 0 enqueued
[412.886s][info][gc,reloc    ] GC(2319) Small Pages: 263 / 526M, Empty: 400M, Relocated: 5M, In-Place: 0
[412.886s][info][gc,reloc    ] GC(2319) Medium Pages: 47 / 1504M, Empty: 0M, Relocated: 53M, In-Place: 0
[412.886s][info][gc,reloc    ] GC(2319) Large Pages: 2 / 16M, Empty: 0M, Relocated: 0M, In-Place: 0
[412.886s][info][gc,reloc    ] GC(2319) Forwarding Usage: 0M
[412.886s][info][gc,heap     ] GC(2319) Min Capacity: 8M(0%)
[412.886s][info][gc,heap     ] GC(2319) Max Capacity: 2048M(100%)
[412.886s][info][gc,heap     ] GC(2319) Soft Max Capacity: 2048M(100%)
[412.886s][info][gc,heap     ] GC(2319)                Mark Start          Mark End        Relocate Start      Relocate End           High               Low         
[412.886s][info][gc,heap     ] GC(2319)  Capacity:     2048M (100%)       2048M (100%)       2048M (100%)       2048M (100%)       2048M (100%)       2048M (100%)   
[412.886s][info][gc,heap     ] GC(2319)      Free:        0M (0%)            0M (0%)          374M (18%)         322M (16%)         382M (19%)           0M (0%)     
[412.886s][info][gc,heap     ] GC(2319)      Used:     2048M (100%)       2048M (100%)       1674M (82%)        1726M (84%)        2048M (100%)       1666M (81%)    
[412.886s][info][gc,heap     ] GC(2319)      Live:         -              1372M (67%)        1372M (67%)        1372M (67%)            -                  -          
[412.886s][info][gc,heap     ] GC(2319) Allocated:         -                 0M (0%)           26M (1%)          158M (8%)             -                  -          
[412.886s][info][gc,heap     ] GC(2319)   Garbage:         -               675M (33%)         275M (13%)         194M (9%)             -                  -          
[412.886s][info][gc,heap     ] GC(2319) Reclaimed:         -                  -               400M (20%)         480M (23%)            -                  -          
[412.886s][info][gc          ] GC(2319) Garbage Collection (Allocation Stall) 2048M(100%)->1726M(84%)
[412.948s][info][gc,start    ] GC(2320) Garbage Collection (Allocation Stall)
[412.948s][info][gc,ref      ] GC(2320) Clearing All SoftReferences
[412.948s][info][gc,task     ] GC(2320) Using 12 workers
[412.948s][info][gc,ref      ] GC(2320) Clearing All SoftReferences
[412.948s][info][gc,phases   ] GC(2320) Pause Mark Start 0.044ms
[412.981s][info][gc          ] Allocation Stall (Executor task launch worker for task 44.0 in stage 87.0 (TID 1466)) 0.459ms
[412.981s][info][gc          ] Allocation Stall (Executor task launch worker for task 3.0 in stage 87.0 (TID 1457)) 0.474ms
[412.981s][info][gc          ] Allocation Stall (Executor task launch worker for task 46.0 in stage 87.0 (TID 1468)) 0.510ms
[412.981s][info][gc          ] Allocation Stall (Executor task launch worker for task 19.0 in stage 87.0 (TID 1460)) 0.528ms
[412.995s][info][gc,phases   ] GC(2320) Concurrent Mark 46.597ms
[412.995s][info][gc,phases   ] GC(2320) Pause Mark End 0.034ms
[412.995s][info][gc,phases   ] GC(2320) Concurrent Mark Free 0.000ms
[412.998s][info][gc,phases   ] GC(2320) Concurrent Process Non-Strong References 3.170ms
[412.998s][info][gc,phases   ] GC(2320) Concurrent Reset Relocation Set 0.005ms
[412.998s][info][gc          ] Allocation Stall (Executor task launch worker for task 20.0 in stage 87.0 (TID 1461)) 16.469ms
[412.998s][info][gc          ] Allocation Stall (Executor task launch worker for task 44.0 in stage 87.0 (TID 1466)) 16.689ms
[412.998s][info][gc          ] Allocation Stall (Executor task launch worker for task 42.0 in stage 87.0 (TID 1465)) 16.189ms
[412.998s][info][gc          ] Allocation Stall (Executor task launch worker for task 45.0 in stage 87.0 (TID 1467)) 18.134ms
[412.998s][info][gc          ] Allocation Stall (Executor task launch worker for task 35.0 in stage 87.0 (TID 1464)) 12.201ms
[412.998s][info][gc          ] Allocation Stall (Executor task launch worker for task 46.0 in stage 87.0 (TID 1468)) 16.728ms
[412.998s][info][gc          ] Allocation Stall (Executor task launch worker for task 14.0 in stage 87.0 (TID 1459)) 16.706ms
[412.998s][info][gc          ] Allocation Stall (Executor task launch worker for task 30.0 in stage 87.0 (TID 1463)) 17.590ms
[412.998s][info][gc          ] Allocation Stall (executor-heartbeater) 3.398ms
[412.998s][info][gc          ] Allocation Stall (Executor task launch worker for task 0.0 in stage 87.0 (TID 1456)) 16.205ms
[412.998s][info][gc          ] Allocation Stall (Executor task launch worker for task 24.0 in stage 87.0 (TID 1462)) 17.980ms
[412.998s][info][gc          ] Allocation Stall (Executor task launch worker for task 11.0 in stage 87.0 (TID 1458)) 16.334ms
[412.998s][info][gc          ] Allocation Stall (Executor task launch worker for task 19.0 in stage 87.0 (TID 1460)) 16.187ms
[412.998s][info][gc          ] Allocation Stall (Executor task launch worker for task 3.0 in stage 87.0 (TID 1457)) 16.195ms
[413.002s][info][gc,phases   ] GC(2320) Concurrent Select Relocation Set 3.522ms
[413.002s][info][gc,phases   ] GC(2320) Pause Relocate Start 0.008ms
[413.036s][info][gc          ] Allocation Stall (Executor task launch worker for task 3.0 in stage 87.0 (TID 1457)) 9.850ms
[413.036s][info][gc          ] Allocation Stall (Executor task launch worker for task 45.0 in stage 87.0 (TID 1467)) 9.723ms
[413.036s][info][gc          ] Allocation Stall (Executor task launch worker for task 24.0 in stage 87.0 (TID 1462)) 9.770ms
[413.036s][info][gc          ] Allocation Stall (Executor task launch worker for task 0.0 in stage 87.0 (TID 1456)) 9.724ms
[413.036s][info][gc          ] Allocation Stall (Executor task launch worker for task 44.0 in stage 87.0 (TID 1466)) 9.858ms
[413.036s][info][gc          ] Allocation Stall (Executor task launch worker for task 30.0 in stage 87.0 (TID 1463)) 9.848ms
[413.036s][info][gc          ] Allocation Stall (Executor task launch worker for task 42.0 in stage 87.0 (TID 1465)) 9.839ms
[413.036s][info][gc          ] Allocation Stall (Executor task launch worker for task 19.0 in stage 87.0 (TID 1460)) 10.104ms
[413.036s][info][gc          ] Allocation Stall (Executor task launch worker for task 46.0 in stage 87.0 (TID 1468)) 9.903ms
[413.036s][info][gc          ] Allocation Stall (Executor task launch worker for task 20.0 in stage 87.0 (TID 1461)) 9.877ms
[413.036s][info][gc          ] Allocation Stall (Executor task launch worker for task 14.0 in stage 87.0 (TID 1459)) 9.901ms
[413.036s][info][gc          ] Allocation Stall (Executor task launch worker for task 11.0 in stage 87.0 (TID 1458)) 3.735ms
[413.036s][info][gc          ] Allocation Stall (Executor task launch worker for task 35.0 in stage 87.0 (TID 1464)) 4.236ms
[413.036s][info][gc,phases   ] GC(2320) Concurrent Relocate 34.135ms
[413.037s][info][gc,load     ] GC(2320) Load: 0.00/0.00/0.00
[413.037s][info][gc,mmu      ] GC(2320) MMU: 2ms/86.2%, 5ms/94.5%, 10ms/97.2%, 20ms/98.6%, 50ms/99.4%, 100ms/99.6%
[413.037s][info][gc,marking  ] GC(2320) Mark: 8 stripe(s), 2 proactive flush(es), 1 terminate flush(es), 0 completion(s), 0 continuation(s) 
[413.037s][info][gc,marking  ] GC(2320) Mark Stack Usage: 32M
[413.037s][info][gc,nmethod  ] GC(2320) NMethods: 8117 registered, 1470 unregistered
[413.037s][info][gc,metaspace] GC(2320) Metaspace: 120M used, 123M committed, 1152M reserved
[413.037s][info][gc,ref      ] GC(2320) Soft: 2849 encountered, 391 discovered, 7 enqueued
[413.037s][info][gc,ref      ] GC(2320) Weak: 13697 encountered, 2008 discovered, 17 enqueued
[413.037s][info][gc,ref      ] GC(2320) Final: 84 encountered, 0 discovered, 0 enqueued
[413.037s][info][gc,ref      ] GC(2320) Phantom: 763 encountered, 481 discovered, 0 enqueued
[413.037s][info][gc,reloc    ] GC(2320) Small Pages: 190 / 380M, Empty: 254M, Relocated: 6M, In-Place: 0
[413.037s][info][gc,reloc    ] GC(2320) Medium Pages: 47 / 1504M, Empty: 0M, Relocated: 55M, In-Place: 0
[413.037s][info][gc,reloc    ] GC(2320) Large Pages: 4 / 32M, Empty: 16M, Relocated: 0M, In-Place: 0
[413.037s][info][gc,reloc    ] GC(2320) Forwarding Usage: 0M
[413.037s][info][gc,heap     ] GC(2320) Min Capacity: 8M(0%)
[413.037s][info][gc,heap     ] GC(2320) Max Capacity: 2048M(100%)
[413.037s][info][gc,heap     ] GC(2320) Soft Max Capacity: 2048M(100%)
[413.037s][info][gc,heap     ] GC(2320)                Mark Start          Mark End        Relocate Start      Relocate End           High               Low         
[413.037s][info][gc,heap     ] GC(2320)  Capacity:     2048M (100%)       2048M (100%)       2048M (100%)       2048M (100%)       2048M (100%)       2048M (100%)   
[413.037s][info][gc,heap     ] GC(2320)      Free:      132M (6%)            0M (0%)          252M (12%)           8M (0%)          258M (13%)           0M (0%)     
[413.037s][info][gc,heap     ] GC(2320)      Used:     1916M (94%)        2048M (100%)       1796M (88%)        2040M (100%)       2048M (100%)       1790M (87%)    
[413.037s][info][gc,heap     ] GC(2320)      Live:         -              1376M (67%)        1376M (67%)        1376M (67%)            -                  -          
[413.037s][info][gc,heap     ] GC(2320) Allocated:         -               132M (6%)          150M (7%)          473M (23%)            -                  -          
[413.037s][info][gc,heap     ] GC(2320)   Garbage:         -               539M (26%)         269M (13%)         190M (9%)             -                  -          
[413.037s][info][gc,heap     ] GC(2320) Reclaimed:         -                  -               270M (13%)         349M (17%)            -                  -          
[413.037s][info][gc          ] GC(2320) Garbage Collection (Allocation Stall) 1916M(94%)->2040M(100%)
[413.042s][info][gc,start    ] GC(2321) Garbage Collection (Allocation Stall)
[413.042s][info][gc,ref      ] GC(2321) Clearing All SoftReferences
[413.042s][info][gc,task     ] GC(2321) Using 12 workers
[413.042s][info][gc,ref      ] GC(2321) Clearing All SoftReferences
[413.042s][info][gc,phases   ] GC(2321) Pause Mark Start 0.045ms
[413.043s][info][gc          ] Allocation Stall (Executor task launch worker for task 11.0 in stage 87.0 (TID 1458)) 0.811ms
[413.073s][info][gc,phases   ] GC(2321) Concurrent Mark 30.922ms
[413.073s][info][gc,phases   ] GC(2321) Pause Mark End 0.028ms
[413.073s][info][gc,phases   ] GC(2321) Concurrent Mark Free 0.001ms
[413.077s][info][gc,phases   ] GC(2321) Concurrent Process Non-Strong References 3.372ms
[413.077s][info][gc,phases   ] GC(2321) Concurrent Reset Relocation Set 0.006ms
[413.077s][info][gc          ] Allocation Stall (Executor task launch worker for task 42.0 in stage 87.0 (TID 1465)) 30.336ms
[413.077s][info][gc          ] Allocation Stall (Executor task launch worker for task 19.0 in stage 87.0 (TID 1460)) 30.395ms
[413.077s][info][gc          ] Allocation Stall (Executor task launch worker for task 45.0 in stage 87.0 (TID 1467)) 30.657ms
[413.077s][info][gc          ] Allocation Stall (Executor task launch worker for task 44.0 in stage 87.0 (TID 1466)) 30.608ms
[413.077s][info][gc          ] Allocation Stall (Executor task launch worker for task 35.0 in stage 87.0 (TID 1464)) 30.105ms
[413.077s][info][gc          ] Allocation Stall (Executor task launch worker for task 46.0 in stage 87.0 (TID 1468)) 30.359ms
[413.077s][info][gc          ] Allocation Stall (Spark Context Cleaner) 3.750ms
[413.077s][info][gc          ] Allocation Stall (Executor task launch worker for task 3.0 in stage 87.0 (TID 1457)) 30.520ms
[413.077s][info][gc          ] Allocation Stall (Executor task launch worker for task 0.0 in stage 87.0 (TID 1456)) 30.331ms
[413.077s][info][gc          ] Allocation Stall (Executor task launch worker for task 24.0 in stage 87.0 (TID 1462)) 30.728ms
[413.077s][info][gc          ] Allocation Stall (Executor task launch worker for task 20.0 in stage 87.0 (TID 1461)) 30.695ms
[413.077s][info][gc          ] Allocation Stall (Executor task launch worker for task 14.0 in stage 87.0 (TID 1459)) 30.646ms
[413.077s][info][gc          ] Allocation Stall (Executor task launch worker for task 30.0 in stage 87.0 (TID 1463)) 30.578ms
[413.077s][info][gc          ] Allocation Stall (Executor task launch worker for task 11.0 in stage 87.0 (TID 1458)) 29.540ms
[413.080s][info][gc,phases   ] GC(2321) Concurrent Select Relocation Set 2.949ms
[413.080s][info][gc,phases   ] GC(2321) Pause Relocate Start 0.009ms
[413.119s][info][gc,phases   ] GC(2321) Concurrent Relocate 39.095ms
[413.119s][info][gc,load     ] GC(2321) Load: 0.00/0.00/0.00
[413.119s][info][gc,mmu      ] GC(2321) MMU: 2ms/86.2%, 5ms/94.5%, 10ms/97.2%, 20ms/98.6%, 50ms/99.4%, 100ms/99.6%
[413.119s][info][gc,marking  ] GC(2321) Mark: 8 stripe(s), 2 proactive flush(es), 1 terminate flush(es), 0 completion(s), 0 continuation(s) 
[413.119s][info][gc,marking  ] GC(2321) Mark Stack Usage: 32M
[413.119s][info][gc,nmethod  ] GC(2321) NMethods: 8117 registered, 1470 unregistered
[413.119s][info][gc,metaspace] GC(2321) Metaspace: 120M used, 123M committed, 1152M reserved
[413.119s][info][gc,ref      ] GC(2321) Soft: 2848 encountered, 250 discovered, 5 enqueued
[413.119s][info][gc,ref      ] GC(2321) Weak: 13703 encountered, 4505 discovered, 12 enqueued
[413.119s][info][gc,ref      ] GC(2321) Final: 84 encountered, 2 discovered, 0 enqueued
[413.119s][info][gc,ref      ] GC(2321) Phantom: 760 encountered, 583 discovered, 0 enqueued
[413.119s][info][gc,reloc    ] GC(2321) Small Pages: 231 / 462M, Empty: 308M, Relocated: 4M, In-Place: 0
[413.119s][info][gc,reloc    ] GC(2321) Medium Pages: 48 / 1536M, Empty: 0M, Relocated: 54M, In-Place: 0
[413.119s][info][gc,reloc    ] GC(2321) Large Pages: 5 / 40M, Empty: 24M, Relocated: 0M, In-Place: 0
[413.119s][info][gc,reloc    ] GC(2321) Forwarding Usage: 0M
[413.119s][info][gc,heap     ] GC(2321) Min Capacity: 8M(0%)
[413.119s][info][gc,heap     ] GC(2321) Max Capacity: 2048M(100%)
[413.119s][info][gc,heap     ] GC(2321) Soft Max Capacity: 2048M(100%)
[413.119s][info][gc,heap     ] GC(2321)                Mark Start          Mark End        Relocate Start      Relocate End           High               Low         
[413.119s][info][gc,heap     ] GC(2321)  Capacity:     2048M (100%)       2048M (100%)       2048M (100%)       2048M (100%)       2048M (100%)       2048M (100%)   
[413.119s][info][gc,heap     ] GC(2321)      Free:       10M (0%)            0M (0%)          316M (15%)         268M (13%)         336M (16%)           0M (0%)     
[413.119s][info][gc,heap     ] GC(2321)      Used:     2038M (100%)       2048M (100%)       1732M (85%)        1780M (87%)        2048M (100%)       1712M (84%)    
[413.119s][info][gc,heap     ] GC(2321)      Live:         -              1380M (67%)        1380M (67%)        1380M (67%)            -                  -          
[413.120s][info][gc,heap     ] GC(2321) Allocated:         -                10M (0%)           26M (1%)          193M (9%)             -                  -          
[413.120s][info][gc,heap     ] GC(2321)   Garbage:         -               657M (32%)         325M (16%)         205M (10%)            -                  -          
[413.120s][info][gc,heap     ] GC(2321) Reclaimed:         -                  -               332M (16%)         451M (22%)            -                  -          
[413.120s][info][gc          ] GC(2321) Garbage Collection (Allocation Stall) 2038M(100%)->1780M(87%)
[413.151s][info][gc,start    ] GC(2322) Garbage Collection (Allocation Stall)
[413.151s][info][gc,ref      ] GC(2322) Clearing All SoftReferences
[413.151s][info][gc,task     ] GC(2322) Using 12 workers
[413.151s][info][gc,ref      ] GC(2322) Clearing All SoftReferences
[413.151s][info][gc,phases   ] GC(2322) Pause Mark Start 0.047ms
[413.214s][info][gc,phases   ] GC(2322) Concurrent Mark 62.199ms
[413.214s][info][gc,phases   ] GC(2322) Pause Mark End 0.064ms
[413.214s][info][gc,phases   ] GC(2322) Concurrent Mark Free 0.001ms
[413.216s][info][gc          ] Allocation Stall (Executor task launch worker for task 45.0 in stage 87.0 (TID 1467)) 0.832ms
[413.216s][info][gc          ] Allocation Stall (Executor task launch worker for task 35.0 in stage 87.0 (TID 1464)) 0.840ms
[413.216s][info][gc          ] Allocation Stall (Executor task launch worker for task 46.0 in stage 87.0 (TID 1468)) 0.831ms
[413.216s][info][gc          ] Allocation Stall (Executor task launch worker for task 19.0 in stage 87.0 (TID 1460)) 0.654ms
[413.216s][info][gc          ] Allocation Stall (Executor task launch worker for task 11.0 in stage 87.0 (TID 1458)) 0.673ms
[413.218s][info][gc,phases   ] GC(2322) Concurrent Process Non-Strong References 3.687ms
[413.218s][info][gc,phases   ] GC(2322) Concurrent Reset Relocation Set 0.006ms
[413.220s][info][gc,phases   ] GC(2322) Concurrent Select Relocation Set 2.456ms
[413.220s][info][gc,phases   ] GC(2322) Pause Relocate Start 0.008ms
[413.239s][info][gc          ] Allocation Stall (Executor task launch worker for task 24.0 in stage 87.0 (TID 1462)) 0.877ms
[413.245s][info][gc          ] Allocation Stall (Executor task launch worker for task 46.0 in stage 87.0 (TID 1468)) 4.800ms
[413.245s][info][gc          ] Allocation Stall (Executor task launch worker for task 20.0 in stage 87.0 (TID 1461)) 4.803ms
[413.245s][info][gc          ] Allocation Stall (Executor task launch worker for task 45.0 in stage 87.0 (TID 1467)) 4.781ms
[413.245s][info][gc          ] Allocation Stall (Executor task launch worker for task 30.0 in stage 87.0 (TID 1463)) 4.786ms
[413.245s][info][gc          ] Allocation Stall (Executor task launch worker for task 19.0 in stage 87.0 (TID 1460)) 4.873ms
[413.245s][info][gc          ] Allocation Stall (Executor task launch worker for task 0.0 in stage 87.0 (TID 1456)) 4.957ms
[413.245s][info][gc          ] Allocation Stall (Executor task launch worker for task 11.0 in stage 87.0 (TID 1458)) 4.877ms
[413.245s][info][gc          ] Allocation Stall (Executor task launch worker for task 14.0 in stage 87.0 (TID 1459)) 1.509ms
[413.245s][info][gc          ] Allocation Stall (Executor task launch worker for task 35.0 in stage 87.0 (TID 1464)) 4.875ms
[413.245s][info][gc          ] Allocation Stall (Executor task launch worker for task 42.0 in stage 87.0 (TID 1465)) 5.250ms
[413.245s][info][gc          ] Allocation Stall (Executor task launch worker for task 44.0 in stage 87.0 (TID 1466)) 4.912ms
[413.255s][info][gc,phases   ] GC(2322) Concurrent Relocate 34.395ms
[413.255s][info][gc,load     ] GC(2322) Load: 0.00/0.00/0.00
[413.255s][info][gc,mmu      ] GC(2322) MMU: 2ms/86.2%, 5ms/94.5%, 10ms/97.2%, 20ms/98.6%, 50ms/99.4%, 100ms/99.6%
[413.255s][info][gc,marking  ] GC(2322) Mark: 8 stripe(s), 3 proactive flush(es), 1 terminate flush(es), 1 completion(s), 0 continuation(s) 
[413.255s][info][gc,marking  ] GC(2322) Mark Stack Usage: 32M
[413.255s][info][gc,nmethod  ] GC(2322) NMethods: 8119 registered, 1470 unregistered
[413.255s][info][gc,metaspace] GC(2322) Metaspace: 120M used, 123M committed, 1152M reserved
[413.255s][info][gc,ref      ] GC(2322) Soft: 2846 encountered, 2257 discovered, 2 enqueued
[413.255s][info][gc,ref      ] GC(2322) Weak: 13694 encountered, 2499 discovered, 1 enqueued
[413.255s][info][gc,ref      ] GC(2322) Final: 84 encountered, 0 discovered, 0 enqueued
[413.255s][info][gc,ref      ] GC(2322) Phantom: 759 encountered, 566 discovered, 0 enqueued
[413.255s][info][gc,reloc    ] GC(2322) Small Pages: 164 / 328M, Empty: 206M, Relocated: 4M, In-Place: 0
[413.255s][info][gc,reloc    ] GC(2322) Medium Pages: 47 / 1504M, Empty: 0M, Relocated: 55M, In-Place: 0
[413.255s][info][gc,reloc    ] GC(2322) Large Pages: 4 / 32M, Empty: 8M, Relocated: 0M, In-Place: 0
[413.255s][info][gc,reloc    ] GC(2322) Forwarding Usage: 0M
[413.255s][info][gc,heap     ] GC(2322) Min Capacity: 8M(0%)
[413.255s][info][gc,heap     ] GC(2322) Max Capacity: 2048M(100%)
[413.255s][info][gc,heap     ] GC(2322) Soft Max Capacity: 2048M(100%)
[413.255s][info][gc,heap     ] GC(2322)                Mark Start          Mark End        Relocate Start      Relocate End           High               Low         
[413.255s][info][gc,heap     ] GC(2322)  Capacity:     2048M (100%)       2048M (100%)       2048M (100%)       2048M (100%)       2048M (100%)       2048M (100%)   
[413.255s][info][gc,heap     ] GC(2322)      Free:      184M (9%)           12M (1%)          214M (10%)          34M (2%)          216M (11%)           0M (0%)     
[413.255s][info][gc,heap     ] GC(2322)      Used:     1864M (91%)        2036M (99%)        1834M (90%)        2014M (98%)        2048M (100%)       1832M (89%)    
[413.255s][info][gc,heap     ] GC(2322)      Live:         -              1389M (68%)        1389M (68%)        1389M (68%)            -                  -          
[413.255s][info][gc,heap     ] GC(2322) Allocated:         -               172M (8%)          184M (9%)          426M (21%)            -                  -          
[413.255s][info][gc,heap     ] GC(2322)   Garbage:         -               474M (23%)         260M (13%)         197M (10%)            -                  -          
[413.255s][info][gc,heap     ] GC(2322) Reclaimed:         -                  -               214M (10%)         276M (14%)            -                  -          
[413.255s][info][gc          ] GC(2322) Garbage Collection (Allocation Stall) 1864M(91%)->2014M(98%)
[413.265s][info][gc,start    ] GC(2323) Garbage Collection (Allocation Stall)
[413.265s][info][gc,ref      ] GC(2323) Clearing All SoftReferences
[413.265s][info][gc,task     ] GC(2323) Using 12 workers
[413.265s][info][gc,ref      ] GC(2323) Clearing All SoftReferences
[413.265s][info][gc,phases   ] GC(2323) Pause Mark Start 0.039ms
[413.265s][info][gc          ] Allocation Stall (Executor task launch worker for task 19.0 in stage 87.0 (TID 1460)) 0.312ms
[413.265s][info][gc          ] Allocation Stall (Executor task launch worker for task 35.0 in stage 87.0 (TID 1464)) 0.251ms
[413.265s][info][gc          ] Allocation Stall (Executor task launch worker for task 42.0 in stage 87.0 (TID 1465)) 0.309ms
[413.265s][info][gc          ] Allocation Stall (Executor task launch worker for task 3.0 in stage 87.0 (TID 1457)) 0.323ms
[413.265s][info][gc          ] Allocation Stall (Executor task launch worker for task 0.0 in stage 87.0 (TID 1456)) 0.164ms
[413.265s][info][gc          ] Allocation Stall (Executor task launch worker for task 44.0 in stage 87.0 (TID 1466)) 0.212ms
[413.265s][info][gc          ] Allocation Stall (Executor task launch worker for task 14.0 in stage 87.0 (TID 1459)) 0.249ms
[413.265s][info][gc          ] Allocation Stall (Executor task launch worker for task 46.0 in stage 87.0 (TID 1468)) 0.288ms
[413.265s][info][gc          ] Allocation Stall (Executor task launch worker for task 11.0 in stage 87.0 (TID 1458)) 0.320ms
[413.292s][info][gc,phases   ] GC(2323) Concurrent Mark 26.911ms
[413.292s][info][gc,phases   ] GC(2323) Pause Mark End 0.032ms
[413.292s][info][gc,phases   ] GC(2323) Concurrent Mark Free 0.001ms
[413.295s][info][gc,phases   ] GC(2323) Concurrent Process Non-Strong References 2.987ms
[413.295s][info][gc,phases   ] GC(2323) Concurrent Reset Relocation Set 0.005ms
[413.295s][info][gc          ] Allocation Stall (Executor task launch worker for task 24.0 in stage 87.0 (TID 1462)) 30.252ms
[413.295s][info][gc          ] Allocation Stall (Executor task launch worker for task 35.0 in stage 87.0 (TID 1464)) 28.723ms
[413.295s][info][gc          ] Allocation Stall (Executor task launch worker for task 44.0 in stage 87.0 (TID 1466)) 28.585ms
[413.295s][info][gc          ] Allocation Stall (Executor task launch worker for task 0.0 in stage 87.0 (TID 1456)) 28.982ms
[413.295s][info][gc          ] Allocation Stall (Executor task launch worker for task 3.0 in stage 87.0 (TID 1457)) 28.449ms
[413.295s][info][gc          ] Allocation Stall (Executor task launch worker for task 11.0 in stage 87.0 (TID 1458)) 28.615ms
[413.295s][info][gc          ] Allocation Stall (Executor task launch worker for task 14.0 in stage 87.0 (TID 1459)) 28.932ms
[413.295s][info][gc          ] Allocation Stall (Executor task launch worker for task 30.0 in stage 87.0 (TID 1463)) 30.253ms
[413.295s][info][gc          ] Allocation Stall (Executor task launch worker for task 45.0 in stage 87.0 (TID 1467)) 30.254ms
[413.295s][info][gc          ] Allocation Stall (Executor task launch worker for task 46.0 in stage 87.0 (TID 1468)) 28.447ms
[413.295s][info][gc          ] Allocation Stall (Executor task launch worker for task 19.0 in stage 87.0 (TID 1460)) 28.775ms
[413.295s][info][gc          ] Allocation Stall (Executor task launch worker for task 20.0 in stage 87.0 (TID 1461)) 30.259ms
[413.295s][info][gc          ] Allocation Stall (Spark Context Cleaner) 3.359ms
[413.295s][info][gc          ] Allocation Stall (Executor task launch worker for task 42.0 in stage 87.0 (TID 1465)) 28.800ms
[413.300s][info][gc,phases   ] GC(2323) Concurrent Select Relocation Set 4.620ms
[413.300s][info][gc,phases   ] GC(2323) Pause Relocate Start 0.009ms
[413.328s][info][gc,phases   ] GC(2323) Concurrent Relocate 27.980ms
[413.328s][info][gc,load     ] GC(2323) Load: 0.00/0.00/0.00
[413.328s][info][gc,mmu      ] GC(2323) MMU: 2ms/86.2%, 5ms/94.5%, 10ms/97.2%, 20ms/98.6%, 50ms/99.4%, 100ms/99.6%
[413.328s][info][gc,marking  ] GC(2323) Mark: 8 stripe(s), 2 proactive flush(es), 1 terminate flush(es), 0 completion(s), 0 continuation(s) 
[413.328s][info][gc,marking  ] GC(2323) Mark Stack Usage: 32M
[413.328s][info][gc,nmethod  ] GC(2323) NMethods: 8120 registered, 1470 unregistered
[413.328s][info][gc,metaspace] GC(2323) Metaspace: 120M used, 123M committed, 1152M reserved
[413.328s][info][gc,ref      ] GC(2323) Soft: 2844 encountered, 620 discovered, 2 enqueued
[413.328s][info][gc,ref      ] GC(2323) Weak: 13697 encountered, 895 discovered, 9 enqueued
[413.328s][info][gc,ref      ] GC(2323) Final: 84 encountered, 2 discovered, 0 enqueued
[413.328s][info][gc,ref      ] GC(2323) Phantom: 755 encountered, 539 discovered, 0 enqueued
[413.328s][info][gc,reloc    ] GC(2323) Small Pages: 234 / 468M, Empty: 312M, Relocated: 8M, In-Place: 0
[413.328s][info][gc,reloc    ] GC(2323) Medium Pages: 48 / 1536M, Empty: 0M, Relocated: 23M, In-Place: 0
[413.328s][info][gc,reloc    ] GC(2323) Large Pages: 5 / 40M, Empty: 32M, Relocated: 0M, In-Place: 0
[413.328s][info][gc,reloc    ] GC(2323) Forwarding Usage: 1M
[413.328s][info][gc,heap     ] GC(2323) Min Capacity: 8M(0%)
[413.328s][info][gc,heap     ] GC(2323) Max Capacity: 2048M(100%)
[413.328s][info][gc,heap     ] GC(2323) Soft Max Capacity: 2048M(100%)
[413.328s][info][gc,heap     ] GC(2323)                Mark Start          Mark End        Relocate Start      Relocate End           High               Low         
[413.328s][info][gc,heap     ] GC(2323)  Capacity:     2048M (100%)       2048M (100%)       2048M (100%)       2048M (100%)       2048M (100%)       2048M (100%)   
[413.328s][info][gc,heap     ] GC(2323)      Free:        0M (0%)            0M (0%)          302M (15%)         230M (11%)         326M (16%)           0M (0%)     
[413.328s][info][gc,heap     ] GC(2323)      Used:     2048M (100%)       2048M (100%)       1746M (85%)        1818M (89%)        2048M (100%)       1722M (84%)    
[413.328s][info][gc,heap     ] GC(2323)      Live:         -              1379M (67%)        1379M (67%)        1379M (67%)            -                  -          
[413.328s][info][gc,heap     ] GC(2323) Allocated:         -                 0M (0%)           42M (2%)          216M (11%)            -                  -          
[413.328s][info][gc,heap     ] GC(2323)   Garbage:         -               668M (33%)         324M (16%)         221M (11%)            -                  -          
[413.328s][info][gc,heap     ] GC(2323) Reclaimed:         -                  -               344M (17%)         446M (22%)            -                  -          
[413.328s][info][gc          ] GC(2323) Garbage Collection (Allocation Stall) 2048M(100%)->1818M(89%)
[413.354s][info][gc,start    ] GC(2324) Garbage Collection (Allocation Stall)
[413.354s][info][gc,ref      ] GC(2324) Clearing All SoftReferences
[413.354s][info][gc,task     ] GC(2324) Using 12 workers
[413.355s][info][gc,ref      ] GC(2324) Clearing All SoftReferences
[413.355s][info][gc,phases   ] GC(2324) Pause Mark Start 0.027ms
[413.384s][info][gc,phases   ] GC(2324) Concurrent Mark 28.591ms
[413.384s][info][gc,phases   ] GC(2324) Pause Mark End 0.025ms
[413.384s][info][gc,phases   ] GC(2324) Concurrent Mark Free 0.001ms
[413.387s][info][gc,phases   ] GC(2324) Concurrent Process Non-Strong References 3.609ms
[413.387s][info][gc,phases   ] GC(2324) Concurrent Reset Relocation Set 0.008ms
[413.391s][info][gc,phases   ] GC(2324) Concurrent Select Relocation Set 3.756ms
[413.392s][info][gc,phases   ] GC(2324) Pause Relocate Start 0.007ms
[413.412s][info][gc,phases   ] GC(2324) Concurrent Relocate 19.373ms
[413.412s][info][gc,load     ] GC(2324) Load: 0.00/0.00/0.00
[413.412s][info][gc,mmu      ] GC(2324) MMU: 2ms/86.2%, 5ms/94.5%, 10ms/97.2%, 20ms/98.6%, 50ms/99.4%, 100ms/99.6%
[413.412s][info][gc,marking  ] GC(2324) Mark: 8 stripe(s), 2 proactive flush(es), 1 terminate flush(es), 0 completion(s), 0 continuation(s) 
[413.412s][info][gc,marking  ] GC(2324) Mark Stack Usage: 32M
[413.412s][info][gc,nmethod  ] GC(2324) NMethods: 8119 registered, 1472 unregistered
[413.412s][info][gc,metaspace] GC(2324) Metaspace: 120M used, 123M committed, 1152M reserved
[413.412s][info][gc,ref      ] GC(2324) Soft: 2842 encountered, 2192 discovered, 0 enqueued
[413.412s][info][gc,ref      ] GC(2324) Weak: 13686 encountered, 1587 discovered, 0 enqueued
[413.412s][info][gc,ref      ] GC(2324) Final: 84 encountered, 2 discovered, 0 enqueued
[413.412s][info][gc,ref      ] GC(2324) Phantom: 754 encountered, 547 discovered, 0 enqueued
[413.412s][info][gc,reloc    ] GC(2324) Small Pages: 201 / 402M, Empty: 300M, Relocated: 6M, In-Place: 0
[413.412s][info][gc,reloc    ] GC(2324) Medium Pages: 48 / 1536M, Empty: 0M, Relocated: 25M, In-Place: 0
[413.412s][info][gc,reloc    ] GC(2324) Large Pages: 3 / 24M, Empty: 8M, Relocated: 0M, In-Place: 0
[413.412s][info][gc,reloc    ] GC(2324) Forwarding Usage: 0M
[413.412s][info][gc,heap     ] GC(2324) Min Capacity: 8M(0%)
[413.412s][info][gc,heap     ] GC(2324) Max Capacity: 2048M(100%)
[413.412s][info][gc,heap     ] GC(2324) Soft Max Capacity: 2048M(100%)
[413.412s][info][gc,heap     ] GC(2324)                Mark Start          Mark End        Relocate Start      Relocate End           High               Low         
[413.412s][info][gc,heap     ] GC(2324)  Capacity:     2048M (100%)       2048M (100%)       2048M (100%)       2048M (100%)       2048M (100%)       2048M (100%)   
[413.412s][info][gc,heap     ] GC(2324)      Free:       86M (4%)           20M (1%)          248M (12%)         116M (6%)          264M (13%)           6M (0%)     
[413.412s][info][gc,heap     ] GC(2324)      Used:     1962M (96%)        2028M (99%)        1800M (88%)        1932M (94%)        2042M (100%)       1784M (87%)    
[413.412s][info][gc,heap     ] GC(2324)      Live:         -              1388M (68%)        1388M (68%)        1388M (68%)            -                  -          
[413.412s][info][gc,heap     ] GC(2324) Allocated:         -                66M (3%)          146M (7%)          330M (16%)            -                  -          
[413.412s][info][gc,heap     ] GC(2324)   Garbage:         -               573M (28%)         265M (13%)         212M (10%)            -                  -          
[413.412s][info][gc,heap     ] GC(2324) Reclaimed:         -                  -               308M (15%)         360M (18%)            -                  -          
[413.412s][info][gc          ] GC(2324) Garbage Collection (Allocation Stall) 1962M(96%)->1932M(94%)
[413.431s][info][gc,start    ] GC(2325) Garbage Collection (Allocation Stall)
[413.431s][info][gc,ref      ] GC(2325) Clearing All SoftReferences
[413.431s][info][gc,task     ] GC(2325) Using 12 workers
[413.432s][info][gc,ref      ] GC(2325) Clearing All SoftReferences
[413.432s][info][gc,phases   ] GC(2325) Pause Mark Start 0.043ms
[413.432s][info][gc          ] Allocation Stall (Executor task launch worker for task 24.0 in stage 87.0 (TID 1462)) 0.831ms
[413.432s][info][gc          ] Allocation Stall (Executor task launch worker for task 42.0 in stage 87.0 (TID 1465)) 0.718ms
[413.432s][info][gc          ] Allocation Stall (Executor task launch worker for task 11.0 in stage 87.0 (TID 1458)) 0.746ms
[413.462s][info][gc,phases   ] GC(2325) Concurrent Mark 29.494ms
[413.462s][info][gc,phases   ] GC(2325) Pause Mark End 0.022ms
[413.462s][info][gc,phases   ] GC(2325) Concurrent Mark Free 0.001ms
[413.465s][info][gc,phases   ] GC(2325) Concurrent Process Non-Strong References 3.160ms
[413.465s][info][gc,phases   ] GC(2325) Concurrent Reset Relocation Set 0.004ms
[413.465s][info][gc          ] Allocation Stall (Executor task launch worker for task 19.0 in stage 87.0 (TID 1460)) 29.877ms
[413.465s][info][gc          ] Allocation Stall (Executor task launch worker for task 30.0 in stage 87.0 (TID 1463)) 29.627ms
[413.465s][info][gc          ] Allocation Stall (Executor task launch worker for task 24.0 in stage 87.0 (TID 1462)) 29.496ms
[413.465s][info][gc          ] Allocation Stall (Executor task launch worker for task 44.0 in stage 87.0 (TID 1466)) 29.877ms
[413.465s][info][gc          ] Allocation Stall (Executor task launch worker for task 35.0 in stage 87.0 (TID 1464)) 30.001ms
[413.465s][info][gc          ] Allocation Stall (Executor task launch worker for task 20.0 in stage 87.0 (TID 1461)) 30.076ms
[413.465s][info][gc          ] Allocation Stall (Executor task launch worker for task 14.0 in stage 87.0 (TID 1459)) 29.740ms
[413.465s][info][gc          ] Allocation Stall (Executor task launch worker for task 3.0 in stage 87.0 (TID 1457)) 29.764ms
[413.465s][info][gc          ] Allocation Stall (Executor task launch worker for task 11.0 in stage 87.0 (TID 1458)) 29.704ms
[413.465s][info][gc          ] Allocation Stall (Executor task launch worker for task 42.0 in stage 87.0 (TID 1465)) 29.693ms
[413.465s][info][gc          ] Allocation Stall (Executor task launch worker for task 0.0 in stage 87.0 (TID 1456)) 29.462ms
[413.465s][info][gc          ] Allocation Stall (Executor task launch worker for task 46.0 in stage 87.0 (TID 1468)) 30.046ms
[413.465s][info][gc          ] Allocation Stall (Executor task launch worker for task 45.0 in stage 87.0 (TID 1467)) 29.789ms
[413.470s][info][gc,phases   ] GC(2325) Concurrent Select Relocation Set 4.431ms
[413.470s][info][gc,phases   ] GC(2325) Pause Relocate Start 0.008ms
[413.504s][info][gc,phases   ] GC(2325) Concurrent Relocate 34.443ms
[413.504s][info][gc,load     ] GC(2325) Load: 0.00/0.00/0.00
[413.504s][info][gc,mmu      ] GC(2325) MMU: 2ms/86.2%, 5ms/94.5%, 10ms/97.2%, 20ms/98.6%, 50ms/99.4%, 100ms/99.6%
[413.504s][info][gc,marking  ] GC(2325) Mark: 8 stripe(s), 2 proactive flush(es), 1 terminate flush(es), 0 completion(s), 0 continuation(s) 
[413.504s][info][gc,marking  ] GC(2325) Mark Stack Usage: 32M
[413.504s][info][gc,nmethod  ] GC(2325) NMethods: 8119 registered, 1472 unregistered
[413.504s][info][gc,metaspace] GC(2325) Metaspace: 120M used, 123M committed, 1152M reserved
[413.504s][info][gc,ref      ] GC(2325) Soft: 2846 encountered, 586 discovered, 4 enqueued
[413.504s][info][gc,ref      ] GC(2325) Weak: 13695 encountered, 848 discovered, 10 enqueued
[413.504s][info][gc,ref      ] GC(2325) Final: 84 encountered, 0 discovered, 0 enqueued
[413.504s][info][gc,ref      ] GC(2325) Phantom: 752 encountered, 537 discovered, 0 enqueued
[413.504s][info][gc,reloc    ] GC(2325) Small Pages: 243 / 486M, Empty: 346M, Relocated: 6M, In-Place: 0
[413.504s][info][gc,reloc    ] GC(2325) Medium Pages: 48 / 1536M, Empty: 0M, Relocated: 47M, In-Place: 0
[413.504s][info][gc,reloc    ] GC(2325) Large Pages: 2 / 16M, Empty: 16M, Relocated: 0M, In-Place: 0
[413.504s][info][gc,reloc    ] GC(2325) Forwarding Usage: 1M
[413.504s][info][gc,heap     ] GC(2325) Min Capacity: 8M(0%)
[413.504s][info][gc,heap     ] GC(2325) Max Capacity: 2048M(100%)
[413.504s][info][gc,heap     ] GC(2325) Soft Max Capacity: 2048M(100%)
[413.504s][info][gc,heap     ] GC(2325)                Mark Start          Mark End        Relocate Start      Relocate End           High               Low         
[413.505s][info][gc,heap     ] GC(2325)  Capacity:     2048M (100%)       2048M (100%)       2048M (100%)       2048M (100%)       2048M (100%)       2048M (100%)   
[413.505s][info][gc,heap     ] GC(2325)      Free:        4M (0%)            0M (0%)          332M (16%)          80M (4%)          348M (17%)           0M (0%)     
[413.505s][info][gc,heap     ] GC(2325)      Used:     2044M (100%)       2048M (100%)       1716M (84%)        1968M (96%)        2048M (100%)       1700M (83%)    
[413.505s][info][gc,heap     ] GC(2325)      Live:         -              1376M (67%)        1376M (67%)        1376M (67%)            -                  -          
[413.505s][info][gc,heap     ] GC(2325) Allocated:         -                 4M (0%)           34M (2%)          378M (18%)            -                  -          
[413.505s][info][gc,heap     ] GC(2325)   Garbage:         -               667M (33%)         305M (15%)         213M (10%)            -                  -          
[413.505s][info][gc,heap     ] GC(2325) Reclaimed:         -                  -               362M (18%)         454M (22%)            -                  -          
[413.505s][info][gc          ] GC(2325) Garbage Collection (Allocation Stall) 2044M(100%)->1968M(96%)
[413.529s][info][gc,start    ] GC(2326) Garbage Collection (Allocation Stall)
[413.529s][info][gc,ref      ] GC(2326) Clearing All SoftReferences
[413.529s][info][gc,task     ] GC(2326) Using 12 workers
[413.530s][info][gc,ref      ] GC(2326) Clearing All SoftReferences
[413.530s][info][gc,phases   ] GC(2326) Pause Mark Start 0.042ms
[413.530s][info][gc          ] Allocation Stall (Executor task launch worker for task 19.0 in stage 87.0 (TID 1460)) 0.537ms
[413.530s][info][gc          ] Allocation Stall (Executor task launch worker for task 45.0 in stage 87.0 (TID 1467)) 0.567ms
[413.530s][info][gc          ] Allocation Stall (Executor task launch worker for task 3.0 in stage 87.0 (TID 1457)) 0.579ms
[413.530s][info][gc          ] Allocation Stall (Executor task launch worker for task 42.0 in stage 87.0 (TID 1465)) 0.555ms
[413.530s][info][gc          ] Allocation Stall (Executor task launch worker for task 44.0 in stage 87.0 (TID 1466)) 0.619ms
[413.530s][info][gc          ] Allocation Stall (Executor task launch worker for task 35.0 in stage 87.0 (TID 1464)) 0.110ms
[413.530s][info][gc          ] Allocation Stall (Executor task launch worker for task 30.0 in stage 87.0 (TID 1463)) 0.143ms
[413.530s][info][gc          ] Allocation Stall (Executor task launch worker for task 14.0 in stage 87.0 (TID 1459)) 0.176ms
[413.530s][info][gc          ] Allocation Stall (Executor task launch worker for task 11.0 in stage 87.0 (TID 1458)) 0.200ms
[413.530s][info][gc          ] Allocation Stall (Executor task launch worker for task 24.0 in stage 87.0 (TID 1462)) 0.231ms
[413.530s][info][gc          ] Allocation Stall (Executor task launch worker for task 20.0 in stage 87.0 (TID 1461)) 0.249ms
[413.530s][info][gc          ] Allocation Stall (Executor task launch worker for task 46.0 in stage 87.0 (TID 1468)) 0.289ms
[413.530s][info][gc          ] Allocation Stall (Executor task launch worker for task 0.0 in stage 87.0 (TID 1456)) 0.314ms
[413.555s][info][gc,phases   ] GC(2326) Concurrent Mark 25.541ms
[413.556s][info][gc,phases   ] GC(2326) Pause Mark End 0.028ms
[413.556s][info][gc,phases   ] GC(2326) Concurrent Mark Free 0.001ms
[413.558s][info][gc,phases   ] GC(2326) Concurrent Process Non-Strong References 2.854ms
[413.559s][info][gc,phases   ] GC(2326) Concurrent Reset Relocation Set 0.006ms
[413.559s][info][gc          ] Allocation Stall (Executor task launch worker for task 20.0 in stage 87.0 (TID 1461)) 25.931ms
[413.559s][info][gc          ] Allocation Stall (Executor task launch worker for task 45.0 in stage 87.0 (TID 1467)) 25.915ms
[413.559s][info][gc          ] Allocation Stall (Executor task launch worker for task 30.0 in stage 87.0 (TID 1463)) 26.196ms
[413.559s][info][gc          ] Allocation Stall (Executor task launch worker for task 46.0 in stage 87.0 (TID 1468)) 25.831ms
[413.559s][info][gc          ] Allocation Stall (Executor task launch worker for task 0.0 in stage 87.0 (TID 1456)) 26.211ms
[413.559s][info][gc          ] Allocation Stall (Executor task launch worker for task 42.0 in stage 87.0 (TID 1465)) 26.222ms
[413.559s][info][gc          ] Allocation Stall (Executor task launch worker for task 3.0 in stage 87.0 (TID 1457)) 26.156ms
[413.559s][info][gc          ] Allocation Stall (Executor task launch worker for task 35.0 in stage 87.0 (TID 1464)) 26.187ms
[413.559s][info][gc          ] Allocation Stall (Executor task launch worker for task 14.0 in stage 87.0 (TID 1459)) 26.212ms
[413.559s][info][gc          ] Allocation Stall (Executor task launch worker for task 11.0 in stage 87.0 (TID 1458)) 25.942ms
[413.559s][info][gc          ] Allocation Stall (Executor task launch worker for task 44.0 in stage 87.0 (TID 1466)) 25.763ms
[413.559s][info][gc          ] Allocation Stall (Executor task launch worker for task 24.0 in stage 87.0 (TID 1462)) 26.204ms
[413.559s][info][gc          ] Allocation Stall (Executor task launch worker for task 19.0 in stage 87.0 (TID 1460)) 25.942ms
[413.561s][info][gc,phases   ] GC(2326) Concurrent Select Relocation Set 2.708ms
[413.561s][info][gc,phases   ] GC(2326) Pause Relocate Start 0.008ms
[413.565s][info][gc,phases   ] GC(2326) Concurrent Relocate 3.156ms
[413.565s][info][gc,load     ] GC(2326) Load: 0.00/0.00/0.00
[413.565s][info][gc,mmu      ] GC(2326) MMU: 2ms/86.2%, 5ms/94.5%, 10ms/97.2%, 20ms/98.6%, 50ms/99.4%, 100ms/99.6%
[413.565s][info][gc,marking  ] GC(2326) Mark: 8 stripe(s), 2 proactive flush(es), 1 terminate flush(es), 0 completion(s), 0 continuation(s) 
[413.565s][info][gc,marking  ] GC(2326) Mark Stack Usage: 32M
[413.565s][info][gc,nmethod  ] GC(2326) NMethods: 8119 registered, 1472 unregistered
[413.565s][info][gc,metaspace] GC(2326) Metaspace: 120M used, 123M committed, 1152M reserved
[413.565s][info][gc,ref      ] GC(2326) Soft: 2842 encountered, 2240 discovered, 0 enqueued
[413.565s][info][gc,ref      ] GC(2326) Weak: 13685 encountered, 1406 discovered, 0 enqueued
[413.565s][info][gc,ref      ] GC(2326) Final: 84 encountered, 2 discovered, 0 enqueued
[413.565s][info][gc,ref      ] GC(2326) Phantom: 752 encountered, 539 discovered, 0 enqueued
[413.565s][info][gc,reloc    ] GC(2326) Small Pages: 248 / 496M, Empty: 400M, Relocated: 6M, In-Place: 0
[413.565s][info][gc,reloc    ] GC(2326) Medium Pages: 48 / 1536M, Empty: 32M, Relocated: 0M, In-Place: 0
[413.565s][info][gc,reloc    ] GC(2326) Large Pages: 1 / 8M, Empty: 0M, Relocated: 0M, In-Place: 0
[413.565s][info][gc,reloc    ] GC(2326) Forwarding Usage: 1M
[413.565s][info][gc,heap     ] GC(2326) Min Capacity: 8M(0%)
[413.565s][info][gc,heap     ] GC(2326) Max Capacity: 2048M(100%)
[413.565s][info][gc,heap     ] GC(2326) Soft Max Capacity: 2048M(100%)
[413.565s][info][gc,heap     ] GC(2326)                Mark Start          Mark End        Relocate Start      Relocate End           High               Low         
[413.565s][info][gc,heap     ] GC(2326)  Capacity:     2048M (100%)       2048M (100%)       2048M (100%)       2048M (100%)       2048M (100%)       2048M (100%)   
[413.565s][info][gc,heap     ] GC(2326)      Free:        0M (0%)            0M (0%)          412M (20%)         404M (20%)         418M (20%)           0M (0%)     
[413.565s][info][gc,heap     ] GC(2326)      Used:     2048M (100%)       2048M (100%)       1636M (80%)        1644M (80%)        2048M (100%)       1630M (80%)    
[413.565s][info][gc,heap     ] GC(2326)      Live:         -              1381M (67%)        1381M (67%)        1381M (67%)            -                  -          
[413.565s][info][gc,heap     ] GC(2326) Allocated:         -                 0M (0%)           20M (1%)           41M (2%)             -                  -          
[413.565s][info][gc,heap     ] GC(2326)   Garbage:         -               666M (33%)         234M (11%)         221M (11%)            -                  -          
[413.565s][info][gc,heap     ] GC(2326) Reclaimed:         -                  -               432M (21%)         445M (22%)            -                  -          
[413.565s][info][gc          ] GC(2326) Garbage Collection (Allocation Stall) 2048M(100%)->1644M(80%)
[413.594s][info][gc,start    ] GC(2327) Garbage Collection (Allocation Stall)
[413.594s][info][gc,ref      ] GC(2327) Clearing All SoftReferences
[413.594s][info][gc,task     ] GC(2327) Using 12 workers
[413.594s][info][gc,ref      ] GC(2327) Clearing All SoftReferences
[413.595s][info][gc,phases   ] GC(2327) Pause Mark Start 0.082ms
[413.622s][info][gc,phases   ] GC(2327) Concurrent Mark 27.008ms
[413.622s][info][gc,phases   ] GC(2327) Pause Mark End 0.030ms
[413.622s][info][gc,phases   ] GC(2327) Concurrent Mark Free 0.001ms
[413.625s][info][gc,phases   ] GC(2327) Concurrent Process Non-Strong References 3.114ms
[413.625s][info][gc,phases   ] GC(2327) Concurrent Reset Relocation Set 0.002ms
[413.625s][info][gc          ] Allocation Stall (Executor task launch worker for task 3.0 in stage 87.0 (TID 1457)) 30.900ms
[413.625s][info][gc          ] Allocation Stall (Executor task launch worker for task 20.0 in stage 87.0 (TID 1461)) 30.834ms
[413.625s][info][gc          ] Allocation Stall (Executor task launch worker for task 45.0 in stage 87.0 (TID 1467)) 30.499ms
[413.625s][info][gc          ] Allocation Stall (Executor task launch worker for task 0.0 in stage 87.0 (TID 1456)) 30.889ms
[413.625s][info][gc          ] Allocation Stall (Executor task launch worker for task 30.0 in stage 87.0 (TID 1463)) 30.880ms
[413.625s][info][gc          ] Allocation Stall (Executor task launch worker for task 35.0 in stage 87.0 (TID 1464)) 30.498ms
[413.625s][info][gc          ] Allocation Stall (Executor task launch worker for task 19.0 in stage 87.0 (TID 1460)) 30.851ms
[413.625s][info][gc          ] Allocation Stall (Spark Context Cleaner) 3.519ms
[413.625s][info][gc          ] Allocation Stall (Executor task launch worker for task 44.0 in stage 87.0 (TID 1466)) 30.919ms
[413.625s][info][gc          ] Allocation Stall (Executor task launch worker for task 24.0 in stage 87.0 (TID 1462)) 30.833ms
[413.625s][info][gc          ] Allocation Stall (Executor task launch worker for task 11.0 in stage 87.0 (TID 1458)) 30.840ms
[413.625s][info][gc          ] Allocation Stall (Executor task launch worker for task 46.0 in stage 87.0 (TID 1468)) 30.887ms
[413.625s][info][gc          ] Allocation Stall (Executor task launch worker for task 42.0 in stage 87.0 (TID 1465)) 30.801ms
[413.625s][info][gc          ] Allocation Stall (Executor task launch worker for task 14.0 in stage 87.0 (TID 1459)) 30.502ms
[413.631s][info][gc,phases   ] GC(2327) Concurrent Select Relocation Set 6.260ms
[413.632s][info][gc,phases   ] GC(2327) Pause Relocate Start 0.011ms
[413.652s][info][gc,phases   ] GC(2327) Concurrent Relocate 20.547ms
[413.652s][info][gc,load     ] GC(2327) Load: 0.00/0.00/0.00
[413.652s][info][gc,mmu      ] GC(2327) MMU: 2ms/86.2%, 5ms/94.5%, 10ms/97.2%, 20ms/98.6%, 50ms/99.4%, 100ms/99.6%
[413.652s][info][gc,marking  ] GC(2327) Mark: 8 stripe(s), 2 proactive flush(es), 1 terminate flush(es), 0 completion(s), 0 continuation(s) 
[413.652s][info][gc,marking  ] GC(2327) Mark Stack Usage: 32M
[413.652s][info][gc,nmethod  ] GC(2327) NMethods: 8119 registered, 1473 unregistered
[413.652s][info][gc,metaspace] GC(2327) Metaspace: 120M used, 123M committed, 1152M reserved
[413.652s][info][gc,ref      ] GC(2327) Soft: 2845 encountered, 2303 discovered, 3 enqueued
[413.652s][info][gc,ref      ] GC(2327) Weak: 13681 encountered, 1204 discovered, 12 enqueued
[413.652s][info][gc,ref      ] GC(2327) Final: 84 encountered, 1 discovered, 0 enqueued
[413.652s][info][gc,ref      ] GC(2327) Phantom: 751 encountered, 579 discovered, 0 enqueued
[413.653s][info][gc,reloc    ] GC(2327) Small Pages: 252 / 504M, Empty: 384M, Relocated: 10M, In-Place: 0
[413.653s][info][gc,reloc    ] GC(2327) Medium Pages: 48 / 1536M, Empty: 0M, Relocated: 22M, In-Place: 0
[413.653s][info][gc,reloc    ] GC(2327) Large Pages: 1 / 8M, Empty: 8M, Relocated: 0M, In-Place: 0
[413.653s][info][gc,reloc    ] GC(2327) Forwarding Usage: 2M
[413.653s][info][gc,heap     ] GC(2327) Min Capacity: 8M(0%)
[413.653s][info][gc,heap     ] GC(2327) Max Capacity: 2048M(100%)
[413.653s][info][gc,heap     ] GC(2327) Soft Max Capacity: 2048M(100%)
[413.653s][info][gc,heap     ] GC(2327)                Mark Start          Mark End        Relocate Start      Relocate End           High               Low         
[413.653s][info][gc,heap     ] GC(2327)  Capacity:     2048M (100%)       2048M (100%)       2048M (100%)       2048M (100%)       2048M (100%)       2048M (100%)   
[413.653s][info][gc,heap     ] GC(2327)      Free:        0M (0%)            0M (0%)          352M (17%)         182M (9%)          378M (18%)           0M (0%)     
[413.653s][info][gc,heap     ] GC(2327)      Used:     2048M (100%)       2048M (100%)       1696M (83%)        1866M (91%)        2048M (100%)       1670M (82%)    
[413.653s][info][gc,heap     ] GC(2327)      Live:         -              1376M (67%)        1376M (67%)        1376M (67%)            -                  -          
[413.653s][info][gc,heap     ] GC(2327) Allocated:         -                 0M (0%)           40M (2%)          289M (14%)            -                  -          
[413.653s][info][gc,heap     ] GC(2327)   Garbage:         -               671M (33%)         279M (14%)         199M (10%)            -                  -          
[413.653s][info][gc,heap     ] GC(2327) Reclaimed:         -                  -               392M (19%)         471M (23%)            -                  -          
[413.653s][info][gc          ] GC(2327) Garbage Collection (Allocation Stall) 2048M(100%)->1866M(91%)
[413.653s][info][gc,start    ] GC(2328) Garbage Collection (Allocation Stall)
[413.653s][info][gc,ref      ] GC(2328) Clearing All SoftReferences
[413.653s][info][gc,task     ] GC(2328) Using 12 workers
[413.653s][info][gc,ref      ] GC(2328) Clearing All SoftReferences
[413.653s][info][gc,phases   ] GC(2328) Pause Mark Start 0.040ms
[413.697s][info][gc          ] Allocation Stall (Executor task launch worker for task 0.0 in stage 87.0 (TID 1456)) 0.383ms
[413.697s][info][gc          ] Allocation Stall (Executor task launch worker for task 46.0 in stage 87.0 (TID 1468)) 0.400ms
[413.697s][info][gc          ] Allocation Stall (Executor task launch worker for task 35.0 in stage 87.0 (TID 1464)) 0.412ms
[413.697s][info][gc          ] Allocation Stall (Executor task launch worker for task 20.0 in stage 87.0 (TID 1461)) 0.381ms
[413.697s][info][gc          ] Allocation Stall (Executor task launch worker for task 14.0 in stage 87.0 (TID 1459)) 0.369ms
[413.715s][info][gc,phases   ] GC(2328) Concurrent Mark 62.214ms
[413.715s][info][gc,phases   ] GC(2328) Pause Mark End 0.025ms
[413.716s][info][gc,phases   ] GC(2328) Concurrent Mark Free 0.001ms
[413.718s][info][gc,phases   ] GC(2328) Concurrent Process Non-Strong References 2.792ms
[413.718s][info][gc,phases   ] GC(2328) Concurrent Reset Relocation Set 0.004ms
[413.718s][info][gc          ] Allocation Stall (Executor task launch worker for task 14.0 in stage 87.0 (TID 1459)) 19.632ms
[413.718s][info][gc          ] Allocation Stall (Executor task launch worker for task 0.0 in stage 87.0 (TID 1456)) 19.666ms
[413.718s][info][gc          ] Allocation Stall (Executor task launch worker for task 30.0 in stage 87.0 (TID 1463)) 19.732ms
[413.718s][info][gc          ] Allocation Stall (Executor task launch worker for task 19.0 in stage 87.0 (TID 1460)) 19.575ms
[413.718s][info][gc          ] Allocation Stall (Executor task launch worker for task 24.0 in stage 87.0 (TID 1462)) 19.733ms
[413.718s][info][gc          ] Allocation Stall (Executor task launch worker for task 42.0 in stage 87.0 (TID 1465)) 19.536ms
[413.718s][info][gc          ] Allocation Stall (Executor task launch worker for task 35.0 in stage 87.0 (TID 1464)) 19.658ms
[413.718s][info][gc          ] Allocation Stall (Executor task launch worker for task 3.0 in stage 87.0 (TID 1457)) 19.392ms
[413.718s][info][gc          ] Allocation Stall (Executor task launch worker for task 46.0 in stage 87.0 (TID 1468)) 19.393ms
[413.718s][info][gc          ] Allocation Stall (Executor task launch worker for task 44.0 in stage 87.0 (TID 1466)) 19.701ms
[413.718s][info][gc          ] Allocation Stall (Executor task launch worker for task 45.0 in stage 87.0 (TID 1467)) 19.561ms
[413.718s][info][gc          ] Allocation Stall (Executor task launch worker for task 20.0 in stage 87.0 (TID 1461)) 19.364ms
[413.718s][info][gc          ] Allocation Stall (Executor task launch worker for task 11.0 in stage 87.0 (TID 1458)) 19.652ms
[413.722s][info][gc,phases   ] GC(2328) Concurrent Select Relocation Set 3.239ms
[413.722s][info][gc,phases   ] GC(2328) Pause Relocate Start 0.008ms
[413.723s][info][gc,phases   ] GC(2328) Concurrent Relocate 1.245ms
[413.723s][info][gc,load     ] GC(2328) Load: 0.00/0.00/0.00
[413.723s][info][gc,mmu      ] GC(2328) MMU: 2ms/86.2%, 5ms/94.5%, 10ms/97.2%, 20ms/98.6%, 50ms/99.4%, 100ms/99.6%
[413.723s][info][gc,marking  ] GC(2328) Mark: 8 stripe(s), 2 proactive flush(es), 1 terminate flush(es), 0 completion(s), 0 continuation(s) 
[413.723s][info][gc,marking  ] GC(2328) Mark Stack Usage: 32M
[413.723s][info][gc,nmethod  ] GC(2328) NMethods: 8119 registered, 1473 unregistered
[413.723s][info][gc,metaspace] GC(2328) Metaspace: 120M used, 123M committed, 1152M reserved
[413.723s][info][gc,ref      ] GC(2328) Soft: 2843 encountered, 427 discovered, 1 enqueued
[413.723s][info][gc,ref      ] GC(2328) Weak: 13676 encountered, 1544 discovered, 7 enqueued
[413.723s][info][gc,ref      ] GC(2328) Final: 84 encountered, 5 discovered, 0 enqueued
[413.723s][info][gc,ref      ] GC(2328) Phantom: 751 encountered, 504 discovered, 0 enqueued
[413.723s][info][gc,reloc    ] GC(2328) Small Pages: 187 / 374M, Empty: 284M, Relocated: 4M, In-Place: 0
[413.723s][info][gc,reloc    ] GC(2328) Medium Pages: 47 / 1504M, Empty: 0M, Relocated: 0M, In-Place: 0
[413.723s][info][gc,reloc    ] GC(2328) Large Pages: 0 / 0M, Empty: 0M, Relocated: 0M, In-Place: 0
[413.723s][info][gc,reloc    ] GC(2328) Forwarding Usage: 0M
[413.723s][info][gc,heap     ] GC(2328) Min Capacity: 8M(0%)
[413.723s][info][gc,heap     ] GC(2328) Max Capacity: 2048M(100%)
[413.723s][info][gc,heap     ] GC(2328) Soft Max Capacity: 2048M(100%)
[413.723s][info][gc,heap     ] GC(2328)                Mark Start          Mark End        Relocate Start      Relocate End           High               Low         
[413.723s][info][gc,heap     ] GC(2328)  Capacity:     2048M (100%)       2048M (100%)       2048M (100%)       2048M (100%)       2048M (100%)       2048M (100%)   
[413.723s][info][gc,heap     ] GC(2328)      Free:      170M (8%)            0M (0%)          248M (12%)         244M (12%)         254M (12%)           0M (0%)     
[413.723s][info][gc,heap     ] GC(2328)      Used:     1878M (92%)        2048M (100%)       1800M (88%)        1804M (88%)        2048M (100%)       1794M (88%)    
[413.724s][info][gc,heap     ] GC(2328)      Live:         -              1376M (67%)        1376M (67%)        1376M (67%)            -                  -          
[413.724s][info][gc,heap     ] GC(2328) Allocated:         -               170M (8%)          206M (10%)         215M (11%)            -                  -          
[413.724s][info][gc,heap     ] GC(2328)   Garbage:         -               501M (24%)         217M (11%)         211M (10%)            -                  -          
[413.724s][info][gc,heap     ] GC(2328) Reclaimed:         -                  -               284M (14%)         289M (14%)            -                  -          
[413.724s][info][gc          ] GC(2328) Garbage Collection (Allocation Stall) 1878M(92%)->1804M(88%)
[413.744s][info][gc,start    ] GC(2329) Garbage Collection (Allocation Stall)
[413.744s][info][gc,ref      ] GC(2329) Clearing All SoftReferences
[413.745s][info][gc,task     ] GC(2329) Using 12 workers
[413.745s][info][gc,ref      ] GC(2329) Clearing All SoftReferences
[413.745s][info][gc,phases   ] GC(2329) Pause Mark Start 0.039ms
[413.762s][info][gc,phases   ] GC(2329) Concurrent Mark 17.536ms
[413.762s][info][gc,phases   ] GC(2329) Pause Mark End 0.019ms
[413.762s][info][gc,phases   ] GC(2329) Concurrent Mark Free 0.001ms
[413.765s][info][gc,phases   ] GC(2329) Concurrent Process Non-Strong References 2.656ms
[413.765s][info][gc,phases   ] GC(2329) Concurrent Reset Relocation Set 0.002ms
[413.765s][info][gc          ] Allocation Stall (Executor task launch worker for task 11.0 in stage 87.0 (TID 1458)) 20.548ms
[413.765s][info][gc          ] Allocation Stall (Executor task launch worker for task 46.0 in stage 87.0 (TID 1468)) 20.549ms
[413.765s][info][gc          ] Allocation Stall (Executor task launch worker for task 42.0 in stage 87.0 (TID 1465)) 20.772ms
[413.765s][info][gc          ] Allocation Stall (Executor task launch worker for task 14.0 in stage 87.0 (TID 1459)) 20.545ms
[413.765s][info][gc          ] Allocation Stall (Executor task launch worker for task 19.0 in stage 87.0 (TID 1460)) 20.939ms
[413.765s][info][gc          ] Allocation Stall (Executor task launch worker for task 20.0 in stage 87.0 (TID 1461)) 20.546ms
[413.765s][info][gc          ] Allocation Stall (Executor task launch worker for task 35.0 in stage 87.0 (TID 1464)) 20.772ms
[413.765s][info][gc          ] Allocation Stall (Executor task launch worker for task 45.0 in stage 87.0 (TID 1467)) 20.775ms
[413.765s][info][gc          ] Allocation Stall (Executor task launch worker for task 30.0 in stage 87.0 (TID 1463)) 20.791ms
[413.765s][info][gc          ] Allocation Stall (Executor task launch worker for task 44.0 in stage 87.0 (TID 1466)) 20.554ms
[413.765s][info][gc          ] Allocation Stall (Executor task launch worker for task 0.0 in stage 87.0 (TID 1456)) 20.737ms
[413.765s][info][gc          ] Allocation Stall (Executor task launch worker for task 24.0 in stage 87.0 (TID 1462)) 20.559ms
[413.765s][info][gc          ] Allocation Stall (Executor task launch worker for task 3.0 in stage 87.0 (TID 1457)) 20.550ms
[413.770s][info][gc,phases   ] GC(2329) Concurrent Select Relocation Set 4.899ms
[413.770s][info][gc,phases   ] GC(2329) Pause Relocate Start 0.007ms
[413.772s][info][gc,phases   ] GC(2329) Concurrent Relocate 1.549ms
[413.772s][info][gc,load     ] GC(2329) Load: 0.00/0.00/0.00
[413.772s][info][gc,mmu      ] GC(2329) MMU: 2ms/86.2%, 5ms/94.5%, 10ms/97.2%, 20ms/98.6%, 50ms/99.4%, 100ms/99.6%
[413.772s][info][gc,marking  ] GC(2329) Mark: 8 stripe(s), 2 proactive flush(es), 1 terminate flush(es), 0 completion(s), 0 continuation(s) 
[413.772s][info][gc,marking  ] GC(2329) Mark Stack Usage: 32M
[413.772s][info][gc,nmethod  ] GC(2329) NMethods: 8119 registered, 1473 unregistered
[413.772s][info][gc,metaspace] GC(2329) Metaspace: 120M used, 123M committed, 1152M reserved
[413.772s][info][gc,ref      ] GC(2329) Soft: 2842 encountered, 1086 discovered, 0 enqueued
[413.772s][info][gc,ref      ] GC(2329) Weak: 13669 encountered, 1021 discovered, 1 enqueued
[413.772s][info][gc,ref      ] GC(2329) Final: 84 encountered, 2 discovered, 0 enqueued
[413.772s][info][gc,ref      ] GC(2329) Phantom: 751 encountered, 519 discovered, 0 enqueued
[413.772s][info][gc,reloc    ] GC(2329) Small Pages: 272 / 544M, Empty: 432M, Relocated: 4M, In-Place: 0
[413.773s][info][gc,reloc    ] GC(2329) Medium Pages: 47 / 1504M, Empty: 0M, Relocated: 0M, In-Place: 0
[413.773s][info][gc,reloc    ] GC(2329) Large Pages: 0 / 0M, Empty: 0M, Relocated: 0M, In-Place: 0
[413.773s][info][gc,reloc    ] GC(2329) Forwarding Usage: 0M
[413.773s][info][gc,heap     ] GC(2329) Min Capacity: 8M(0%)
[413.773s][info][gc,heap     ] GC(2329) Max Capacity: 2048M(100%)
[413.773s][info][gc,heap     ] GC(2329) Soft Max Capacity: 2048M(100%)
[413.773s][info][gc,heap     ] GC(2329)                Mark Start          Mark End        Relocate Start      Relocate End           High               Low         
[413.773s][info][gc,heap     ] GC(2329)  Capacity:     2048M (100%)       2048M (100%)       2048M (100%)       2048M (100%)       2048M (100%)       2048M (100%)   
[413.773s][info][gc,heap     ] GC(2329)      Free:        0M (0%)            0M (0%)          380M (19%)         392M (19%)         396M (19%)           0M (0%)     
[413.773s][info][gc,heap     ] GC(2329)      Used:     2048M (100%)       2048M (100%)       1668M (81%)        1656M (81%)        2048M (100%)       1652M (81%)    
[413.773s][info][gc,heap     ] GC(2329)      Live:         -              1376M (67%)        1376M (67%)        1376M (67%)            -                  -          
[413.773s][info][gc,heap     ] GC(2329) Allocated:         -                 0M (0%)           52M (3%)           67M (3%)             -                  -          
[413.773s][info][gc,heap     ] GC(2329)   Garbage:         -               671M (33%)         239M (12%)         211M (10%)            -                  -          
[413.773s][info][gc,heap     ] GC(2329) Reclaimed:         -                  -               432M (21%)         459M (22%)            -                  -          
[413.773s][info][gc          ] GC(2329) Garbage Collection (Allocation Stall) 2048M(100%)->1656M(81%)
[413.803s][info][gc,start    ] GC(2330) Garbage Collection (Allocation Stall)
[413.803s][info][gc,ref      ] GC(2330) Clearing All SoftReferences
[413.803s][info][gc,task     ] GC(2330) Using 12 workers
[413.803s][info][gc,ref      ] GC(2330) Clearing All SoftReferences
[413.803s][info][gc,phases   ] GC(2330) Pause Mark Start 0.041ms
[413.825s][info][gc,phases   ] GC(2330) Concurrent Mark 21.916ms
[413.825s][info][gc,phases   ] GC(2330) Pause Mark End 0.025ms
[413.825s][info][gc,phases   ] GC(2330) Concurrent Mark Free 0.001ms
[413.828s][info][gc,phases   ] GC(2330) Concurrent Process Non-Strong References 2.709ms
[413.828s][info][gc,phases   ] GC(2330) Concurrent Reset Relocation Set 0.002ms
[413.828s][info][gc          ] Allocation Stall (Executor task launch worker for task 45.0 in stage 87.0 (TID 1467)) 24.927ms
[413.828s][info][gc          ] Allocation Stall (Executor task launch worker for task 42.0 in stage 87.0 (TID 1465)) 24.920ms
[413.828s][info][gc          ] Allocation Stall (Executor task launch worker for task 3.0 in stage 87.0 (TID 1457)) 24.921ms
[413.828s][info][gc          ] Allocation Stall (Executor task launch worker for task 11.0 in stage 87.0 (TID 1458)) 24.940ms
[413.828s][info][gc          ] Allocation Stall (Executor task launch worker for task 30.0 in stage 87.0 (TID 1463)) 25.265ms
[413.828s][info][gc          ] Allocation Stall (Executor task launch worker for task 14.0 in stage 87.0 (TID 1459)) 24.927ms
[413.828s][info][gc          ] Allocation Stall (Executor task launch worker for task 20.0 in stage 87.0 (TID 1461)) 24.921ms
[413.828s][info][gc          ] Allocation Stall (Executor task launch worker for task 19.0 in stage 87.0 (TID 1460)) 25.242ms
[413.828s][info][gc          ] Allocation Stall (Executor task launch worker for task 24.0 in stage 87.0 (TID 1462)) 24.923ms
[413.828s][info][gc          ] Allocation Stall (Executor task launch worker for task 46.0 in stage 87.0 (TID 1468)) 24.941ms
[413.828s][info][gc          ] Allocation Stall (Executor task launch worker for task 0.0 in stage 87.0 (TID 1456)) 24.931ms
[413.828s][info][gc          ] Allocation Stall (Executor task launch worker for task 35.0 in stage 87.0 (TID 1464)) 24.923ms
[413.828s][info][gc          ] Allocation Stall (Executor task launch worker for task 44.0 in stage 87.0 (TID 1466)) 25.154ms
[413.830s][info][gc,phases   ] GC(2330) Concurrent Select Relocation Set 2.714ms
[413.831s][info][gc,phases   ] GC(2330) Pause Relocate Start 0.006ms
[413.833s][info][gc,phases   ] GC(2330) Concurrent Relocate 2.222ms
[413.833s][info][gc,load     ] GC(2330) Load: 0.00/0.00/0.00
[413.833s][info][gc,mmu      ] GC(2330) MMU: 2ms/86.2%, 5ms/94.5%, 10ms/97.2%, 20ms/98.6%, 50ms/99.4%, 100ms/99.6%
[413.833s][info][gc,marking  ] GC(2330) Mark: 8 stripe(s), 2 proactive flush(es), 1 terminate flush(es), 0 completion(s), 0 continuation(s) 
[413.833s][info][gc,marking  ] GC(2330) Mark Stack Usage: 32M
[413.833s][info][gc,nmethod  ] GC(2330) NMethods: 8119 registered, 1473 unregistered
[413.833s][info][gc,metaspace] GC(2330) Metaspace: 120M used, 123M committed, 1152M reserved
[413.833s][info][gc,ref      ] GC(2330) Soft: 2842 encountered, 688 discovered, 0 enqueued
[413.833s][info][gc,ref      ] GC(2330) Weak: 13669 encountered, 986 discovered, 3 enqueued
[413.833s][info][gc,ref      ] GC(2330) Final: 84 encountered, 1 discovered, 0 enqueued
[413.833s][info][gc,ref      ] GC(2330) Phantom: 751 encountered, 626 discovered, 0 enqueued
[413.833s][info][gc,reloc    ] GC(2330) Small Pages: 272 / 544M, Empty: 434M, Relocated: 4M, In-Place: 0
[413.833s][info][gc,reloc    ] GC(2330) Medium Pages: 47 / 1504M, Empty: 0M, Relocated: 0M, In-Place: 0
[413.833s][info][gc,reloc    ] GC(2330) Large Pages: 0 / 0M, Empty: 0M, Relocated: 0M, In-Place: 0
[413.833s][info][gc,reloc    ] GC(2330) Forwarding Usage: 0M
[413.833s][info][gc,heap     ] GC(2330) Min Capacity: 8M(0%)
[413.833s][info][gc,heap     ] GC(2330) Max Capacity: 2048M(100%)
[413.833s][info][gc,heap     ] GC(2330) Soft Max Capacity: 2048M(100%)
[413.833s][info][gc,heap     ] GC(2330)                Mark Start          Mark End        Relocate Start      Relocate End           High               Low         
[413.833s][info][gc,heap     ] GC(2330)  Capacity:     2048M (100%)       2048M (100%)       2048M (100%)       2048M (100%)       2048M (100%)       2048M (100%)   
[413.833s][info][gc,heap     ] GC(2330)      Free:        0M (0%)            0M (0%)          412M (20%)         418M (20%)         424M (21%)           0M (0%)     
[413.833s][info][gc,heap     ] GC(2330)      Used:     2048M (100%)       2048M (100%)       1636M (80%)        1630M (80%)        2048M (100%)       1624M (79%)    
[413.833s][info][gc,heap     ] GC(2330)      Live:         -              1376M (67%)        1376M (67%)        1376M (67%)            -                  -          
[413.833s][info][gc,heap     ] GC(2330) Allocated:         -                 0M (0%)           22M (1%)           41M (2%)             -                  -          
[413.833s][info][gc,heap     ] GC(2330)   Garbage:         -               671M (33%)         237M (12%)         211M (10%)            -                  -          
[413.833s][info][gc,heap     ] GC(2330) Reclaimed:         -                  -               434M (21%)         459M (22%)            -                  -          
[413.833s][info][gc          ] GC(2330) Garbage Collection (Allocation Stall) 2048M(100%)->1630M(80%)
[413.840s][info][gc,start    ] GC(2331) Garbage Collection (Allocation Stall)
[413.840s][info][gc,ref      ] GC(2331) Clearing All SoftReferences
[413.840s][info][gc,task     ] GC(2331) Using 12 workers
[413.841s][info][gc,ref      ] GC(2331) Clearing All SoftReferences
[413.841s][info][gc,phases   ] GC(2331) Pause Mark Start 0.039ms
[413.872s][info][gc,phases   ] GC(2331) Concurrent Mark 30.927ms
[413.872s][info][gc,phases   ] GC(2331) Pause Mark End 0.025ms
[413.872s][info][gc,phases   ] GC(2331) Concurrent Mark Free 0.001ms
[413.876s][info][gc,phases   ] GC(2331) Concurrent Process Non-Strong References 3.641ms
[413.876s][info][gc,phases   ] GC(2331) Concurrent Reset Relocation Set 0.004ms
[413.878s][info][gc,phases   ] GC(2331) Concurrent Select Relocation Set 2.499ms
[413.878s][info][gc,phases   ] GC(2331) Pause Relocate Start 0.007ms
[413.879s][info][gc,phases   ] GC(2331) Concurrent Relocate 0.963ms
[413.879s][info][gc,load     ] GC(2331) Load: 0.00/0.00/0.00
[413.879s][info][gc,mmu      ] GC(2331) MMU: 2ms/86.2%, 5ms/94.5%, 10ms/97.2%, 20ms/98.6%, 50ms/99.4%, 100ms/99.6%
[413.879s][info][gc,marking  ] GC(2331) Mark: 8 stripe(s), 2 proactive flush(es), 1 terminate flush(es), 0 completion(s), 0 continuation(s) 
[413.879s][info][gc,marking  ] GC(2331) Mark Stack Usage: 32M
[413.879s][info][gc,nmethod  ] GC(2331) NMethods: 8119 registered, 1473 unregistered
[413.879s][info][gc,metaspace] GC(2331) Metaspace: 120M used, 123M committed, 1152M reserved
[413.879s][info][gc,ref      ] GC(2331) Soft: 2842 encountered, 431 discovered, 0 enqueued
[413.879s][info][gc,ref      ] GC(2331) Weak: 13666 encountered, 1116 discovered, 0 enqueued
[413.879s][info][gc,ref      ] GC(2331) Final: 84 encountered, 5 discovered, 0 enqueued
[413.879s][info][gc,ref      ] GC(2331) Phantom: 751 encountered, 531 discovered, 0 enqueued
[413.879s][info][gc,reloc    ] GC(2331) Small Pages: 109 / 218M, Empty: 120M, Relocated: 4M, In-Place: 0
[413.879s][info][gc,reloc    ] GC(2331) Medium Pages: 47 / 1504M, Empty: 0M, Relocated: 0M, In-Place: 0
[413.879s][info][gc,reloc    ] GC(2331) Large Pages: 0 / 0M, Empty: 0M, Relocated: 0M, In-Place: 0
[413.879s][info][gc,reloc    ] GC(2331) Forwarding Usage: 0M
[413.879s][info][gc,heap     ] GC(2331) Min Capacity: 8M(0%)
[413.879s][info][gc,heap     ] GC(2331) Max Capacity: 2048M(100%)
[413.879s][info][gc,heap     ] GC(2331) Soft Max Capacity: 2048M(100%)
[413.879s][info][gc,heap     ] GC(2331)                Mark Start          Mark End        Relocate Start      Relocate End           High               Low         
[413.879s][info][gc,heap     ] GC(2331)  Capacity:     2048M (100%)       2048M (100%)       2048M (100%)       2048M (100%)       2048M (100%)       2048M (100%)   
[413.879s][info][gc,heap     ] GC(2331)      Free:      326M (16%)         146M (7%)          214M (10%)         218M (11%)         326M (16%)          94M (5%)     
[413.879s][info][gc,heap     ] GC(2331)      Used:     1722M (84%)        1902M (93%)        1834M (90%)        1830M (89%)        1954M (95%)        1722M (84%)    
[413.879s][info][gc,heap     ] GC(2331)      Live:         -              1376M (67%)        1376M (67%)        1376M (67%)            -                  -          
[413.879s][info][gc,heap     ] GC(2331) Allocated:         -               180M (9%)          232M (11%)         241M (12%)            -                  -          
[413.879s][info][gc,heap     ] GC(2331)   Garbage:         -               345M (17%)         225M (11%)         211M (10%)            -                  -          
[413.880s][info][gc,heap     ] GC(2331) Reclaimed:         -                  -               120M (6%)          133M (7%)             -                  -          
[413.880s][info][gc          ] GC(2331) Garbage Collection (Allocation Stall) 1722M(84%)->1830M(89%)
[413.893s][info][gc,start    ] GC(2332) Garbage Collection (Allocation Stall)
[413.893s][info][gc,ref      ] GC(2332) Clearing All SoftReferences
[413.893s][info][gc,task     ] GC(2332) Using 12 workers
[413.893s][info][gc,ref      ] GC(2332) Clearing All SoftReferences
[413.893s][info][gc,phases   ] GC(2332) Pause Mark Start 0.035ms
[413.908s][info][gc,phases   ] GC(2332) Concurrent Mark 15.356ms
[413.909s][info][gc,phases   ] GC(2332) Pause Mark End 0.026ms
[413.909s][info][gc,phases   ] GC(2332) Concurrent Mark Free 0.001ms
[413.911s][info][gc,phases   ] GC(2332) Concurrent Process Non-Strong References 2.395ms
[413.911s][info][gc,phases   ] GC(2332) Concurrent Reset Relocation Set 0.002ms
[413.911s][info][gc          ] Allocation Stall (Executor task launch worker for task 35.0 in stage 87.0 (TID 1464)) 18.031ms
[413.911s][info][gc          ] Allocation Stall (Executor task launch worker for task 30.0 in stage 87.0 (TID 1463)) 18.311ms
[413.911s][info][gc          ] Allocation Stall (Executor task launch worker for task 46.0 in stage 87.0 (TID 1468)) 18.032ms
[413.911s][info][gc          ] Allocation Stall (Executor task launch worker for task 44.0 in stage 87.0 (TID 1466)) 18.032ms
[413.911s][info][gc          ] Allocation Stall (Executor task launch worker for task 19.0 in stage 87.0 (TID 1460)) 18.032ms
[413.911s][info][gc          ] Allocation Stall (Executor task launch worker for task 20.0 in stage 87.0 (TID 1461)) 18.311ms
[413.911s][info][gc          ] Allocation Stall (Executor task launch worker for task 0.0 in stage 87.0 (TID 1456)) 18.047ms
[413.911s][info][gc          ] Allocation Stall (Executor task launch worker for task 14.0 in stage 87.0 (TID 1459)) 18.282ms
[413.911s][info][gc          ] Allocation Stall (Executor task launch worker for task 42.0 in stage 87.0 (TID 1465)) 18.319ms
[413.911s][info][gc          ] Allocation Stall (Executor task launch worker for task 24.0 in stage 87.0 (TID 1462)) 18.251ms
[413.911s][info][gc          ] Allocation Stall (Executor task launch worker for task 11.0 in stage 87.0 (TID 1458)) 18.026ms
[413.911s][info][gc          ] Allocation Stall (Executor task launch worker for task 45.0 in stage 87.0 (TID 1467)) 18.243ms
[413.911s][info][gc          ] Allocation Stall (Executor task launch worker for task 3.0 in stage 87.0 (TID 1457)) 18.032ms
[413.914s][info][gc,phases   ] GC(2332) Concurrent Select Relocation Set 3.008ms
[413.914s][info][gc,phases   ] GC(2332) Pause Relocate Start 0.007ms
[413.915s][info][gc,phases   ] GC(2332) Concurrent Relocate 1.196ms
[413.916s][info][gc,load     ] GC(2332) Load: 0.00/0.00/0.00
[413.916s][info][gc,mmu      ] GC(2332) MMU: 2ms/86.2%, 5ms/94.5%, 10ms/97.2%, 20ms/98.6%, 50ms/99.4%, 100ms/99.6%
[413.916s][info][gc,marking  ] GC(2332) Mark: 8 stripe(s), 2 proactive flush(es), 1 terminate flush(es), 0 completion(s), 0 continuation(s) 
[413.916s][info][gc,marking  ] GC(2332) Mark Stack Usage: 32M
[413.916s][info][gc,nmethod  ] GC(2332) NMethods: 8119 registered, 1473 unregistered
[413.916s][info][gc,metaspace] GC(2332) Metaspace: 120M used, 123M committed, 1152M reserved
[413.916s][info][gc,ref      ] GC(2332) Soft: 2842 encountered, 837 discovered, 0 enqueued
[413.916s][info][gc,ref      ] GC(2332) Weak: 13664 encountered, 2395 discovered, 1 enqueued
[413.916s][info][gc,ref      ] GC(2332) Final: 84 encountered, 8 discovered, 0 enqueued
[413.916s][info][gc,ref      ] GC(2332) Phantom: 751 encountered, 478 discovered, 0 enqueued
[413.916s][info][gc,reloc    ] GC(2332) Small Pages: 272 / 544M, Empty: 436M, Relocated: 4M, In-Place: 0
[413.916s][info][gc,reloc    ] GC(2332) Medium Pages: 47 / 1504M, Empty: 0M, Relocated: 0M, In-Place: 0
[413.916s][info][gc,reloc    ] GC(2332) Large Pages: 0 / 0M, Empty: 0M, Relocated: 0M, In-Place: 0
[413.916s][info][gc,reloc    ] GC(2332) Forwarding Usage: 0M
[413.916s][info][gc,heap     ] GC(2332) Min Capacity: 8M(0%)
[413.916s][info][gc,heap     ] GC(2332) Max Capacity: 2048M(100%)
[413.916s][info][gc,heap     ] GC(2332) Soft Max Capacity: 2048M(100%)
[413.916s][info][gc,heap     ] GC(2332)                Mark Start          Mark End        Relocate Start      Relocate End           High               Low         
[413.916s][info][gc,heap     ] GC(2332)  Capacity:     2048M (100%)       2048M (100%)       2048M (100%)       2048M (100%)       2048M (100%)       2048M (100%)   
[413.916s][info][gc,heap     ] GC(2332)      Free:        0M (0%)            0M (0%)          404M (20%)         416M (20%)         416M (20%)           0M (0%)     
[413.916s][info][gc,heap     ] GC(2332)      Used:     2048M (100%)       2048M (100%)       1644M (80%)        1632M (80%)        2048M (100%)       1632M (80%)    
[413.916s][info][gc,heap     ] GC(2332)      Live:         -              1352M (66%)        1352M (66%)        1352M (66%)            -                  -          
[413.916s][info][gc,heap     ] GC(2332) Allocated:         -                 0M (0%)           32M (2%)           43M (2%)             -                  -          
[413.916s][info][gc,heap     ] GC(2332)   Garbage:         -               695M (34%)         259M (13%)         235M (12%)            -                  -          
[413.916s][info][gc,heap     ] GC(2332) Reclaimed:         -                  -               436M (21%)         459M (22%)            -                  -          
[413.916s][info][gc          ] GC(2332) Garbage Collection (Allocation Stall) 2048M(100%)->1632M(80%)
[413.940s][info][gc,start    ] GC(2333) Garbage Collection (Allocation Stall)
[413.940s][info][gc,ref      ] GC(2333) Clearing All SoftReferences
[413.940s][info][gc,task     ] GC(2333) Using 12 workers
[413.940s][info][gc,ref      ] GC(2333) Clearing All SoftReferences
[413.940s][info][gc,phases   ] GC(2333) Pause Mark Start 0.039ms
[413.971s][info][gc,phases   ] GC(2333) Concurrent Mark 30.930ms
[413.971s][info][gc,phases   ] GC(2333) Pause Mark End 0.020ms
[413.971s][info][gc,phases   ] GC(2333) Concurrent Mark Free 0.001ms
[413.995s][info][gc,phases   ] GC(2333) Concurrent Process Non-Strong References 23.592ms
[413.995s][info][gc,phases   ] GC(2333) Concurrent Reset Relocation Set 0.003ms
[413.995s][info][gc          ] Allocation Stall (Executor task launch worker for task 46.0 in stage 87.0 (TID 1468)) 43.563ms
[413.995s][info][gc          ] Allocation Stall (Executor task launch worker for task 30.0 in stage 87.0 (TID 1463)) 43.601ms
[413.995s][info][gc          ] Allocation Stall (Executor task launch worker for task 20.0 in stage 87.0 (TID 1461)) 43.547ms
[413.995s][info][gc          ] Allocation Stall (Executor task launch worker for task 3.0 in stage 87.0 (TID 1457)) 43.595ms
[413.995s][info][gc          ] Allocation Stall (Executor task launch worker for task 24.0 in stage 87.0 (TID 1462)) 43.462ms
[413.995s][info][gc          ] Allocation Stall (Executor task launch worker for task 44.0 in stage 87.0 (TID 1466)) 43.635ms
[413.995s][info][gc          ] Allocation Stall (Executor task launch worker for task 19.0 in stage 87.0 (TID 1460)) 43.237ms
[413.995s][info][gc          ] Allocation Stall (Executor task launch worker for task 45.0 in stage 87.0 (TID 1467)) 43.363ms
[413.995s][info][gc          ] Allocation Stall (Executor task launch worker for task 11.0 in stage 87.0 (TID 1458)) 41.197ms
[413.995s][info][gc          ] Allocation Stall (Executor task launch worker for task 35.0 in stage 87.0 (TID 1464)) 43.627ms
[413.995s][info][gc          ] Allocation Stall (Spark Context Cleaner) 39.546ms
[413.995s][info][gc          ] Allocation Stall (Executor task launch worker for task 42.0 in stage 87.0 (TID 1465)) 43.608ms
[413.995s][info][gc          ] Allocation Stall (Executor task launch worker for task 14.0 in stage 87.0 (TID 1459)) 43.557ms
[413.999s][info][gc,phases   ] GC(2333) Concurrent Select Relocation Set 3.948ms
[413.999s][info][gc,phases   ] GC(2333) Pause Relocate Start 0.011ms
[414.005s][info][gc,phases   ] GC(2333) Concurrent Relocate 5.199ms
[414.005s][info][gc,load     ] GC(2333) Load: 0.00/0.00/0.00
[414.005s][info][gc,mmu      ] GC(2333) MMU: 2ms/86.2%, 5ms/94.5%, 10ms/97.2%, 20ms/98.6%, 50ms/99.4%, 100ms/99.6%
[414.005s][info][gc,marking  ] GC(2333) Mark: 8 stripe(s), 3 proactive flush(es), 1 terminate flush(es), 0 completion(s), 0 continuation(s) 
[414.005s][info][gc,marking  ] GC(2333) Mark Stack Usage: 32M
[414.005s][info][gc,nmethod  ] GC(2333) NMethods: 8119 registered, 1473 unregistered
[414.005s][info][gc,metaspace] GC(2333) Metaspace: 120M used, 123M committed, 1152M reserved
[414.005s][info][gc,ref      ] GC(2333) Soft: 2903 encountered, 1303 discovered, 44 enqueued
[414.005s][info][gc,ref      ] GC(2333) Weak: 13712 encountered, 2071 discovered, 22 enqueued
[414.005s][info][gc,ref      ] GC(2333) Final: 84 encountered, 0 discovered, 0 enqueued
[414.005s][info][gc,ref      ] GC(2333) Phantom: 751 encountered, 627 discovered, 0 enqueued
[414.005s][info][gc,reloc    ] GC(2333) Small Pages: 243 / 486M, Empty: 366M, Relocated: 8M, In-Place: 0
[414.005s][info][gc,reloc    ] GC(2333) Medium Pages: 47 / 1504M, Empty: 0M, Relocated: 0M, In-Place: 0
[414.005s][info][gc,reloc    ] GC(2333) Large Pages: 0 / 0M, Empty: 0M, Relocated: 0M, In-Place: 0
[414.005s][info][gc,reloc    ] GC(2333) Forwarding Usage: 1M
[414.005s][info][gc,heap     ] GC(2333) Min Capacity: 8M(0%)
[414.005s][info][gc,heap     ] GC(2333) Max Capacity: 2048M(100%)
[414.005s][info][gc,heap     ] GC(2333) Soft Max Capacity: 2048M(100%)
[414.005s][info][gc,heap     ] GC(2333)                Mark Start          Mark End        Relocate Start      Relocate End           High               Low         
[414.005s][info][gc,heap     ] GC(2333)  Capacity:     2048M (100%)       2048M (100%)       2048M (100%)       2048M (100%)       2048M (100%)       2048M (100%)   
[414.005s][info][gc,heap     ] GC(2333)      Free:       58M (3%)            0M (0%)          344M (17%)         354M (17%)         370M (18%)           0M (0%)     
[414.005s][info][gc,heap     ] GC(2333)      Used:     1990M (97%)        2048M (100%)       1704M (83%)        1694M (83%)        2048M (100%)       1678M (82%)    
[414.005s][info][gc,heap     ] GC(2333)      Live:         -              1348M (66%)        1348M (66%)        1348M (66%)            -                  -          
[414.005s][info][gc,heap     ] GC(2333) Allocated:         -                58M (3%)           80M (4%)          111M (5%)             -                  -          
[414.005s][info][gc,heap     ] GC(2333)   Garbage:         -               641M (31%)         275M (13%)         233M (11%)            -                  -          
[414.005s][info][gc,heap     ] GC(2333) Reclaimed:         -                  -               366M (18%)         407M (20%)            -                  -          
[414.005s][info][gc          ] GC(2333) Garbage Collection (Allocation Stall) 1990M(97%)->1694M(83%)
[414.042s][info][gc,start    ] GC(2334) Garbage Collection (Allocation Stall)
[414.042s][info][gc,ref      ] GC(2334) Clearing All SoftReferences
[414.042s][info][gc,task     ] GC(2334) Using 12 workers
[414.042s][info][gc,ref      ] GC(2334) Clearing All SoftReferences
[414.042s][info][gc,phases   ] GC(2334) Pause Mark Start 0.062ms
[414.062s][info][gc,phases   ] GC(2334) Concurrent Mark 20.239ms
[414.062s][info][gc,phases   ] GC(2334) Pause Mark End 0.029ms
[414.062s][info][gc,phases   ] GC(2334) Concurrent Mark Free 0.001ms
[414.090s][info][gc,phases   ] GC(2334) Concurrent Process Non-Strong References 27.805ms
[414.090s][info][gc,phases   ] GC(2334) Concurrent Reset Relocation Set 0.004ms
[414.090s][info][gc          ] Allocation Stall (Executor task launch worker for task 45.0 in stage 87.0 (TID 1467)) 48.425ms
[414.090s][info][gc          ] Allocation Stall (Executor task launch worker for task 3.0 in stage 87.0 (TID 1457)) 48.418ms
[414.090s][info][gc          ] Allocation Stall (Executor task launch worker for task 24.0 in stage 87.0 (TID 1462)) 48.416ms
[414.090s][info][gc          ] Allocation Stall (Executor task launch worker for task 42.0 in stage 87.0 (TID 1465)) 48.421ms
[414.090s][info][gc          ] Allocation Stall (Executor task launch worker for task 14.0 in stage 87.0 (TID 1459)) 48.780ms
[414.090s][info][gc          ] Allocation Stall (Executor task launch worker for task 44.0 in stage 87.0 (TID 1466)) 48.428ms
[414.090s][info][gc          ] Allocation Stall (Executor task launch worker for task 19.0 in stage 87.0 (TID 1460)) 48.417ms
[414.090s][info][gc          ] Allocation Stall (Executor task launch worker for task 30.0 in stage 87.0 (TID 1463)) 47.944ms
[414.090s][info][gc          ] Allocation Stall (Executor task launch worker for task 20.0 in stage 87.0 (TID 1461)) 48.426ms
[414.093s][info][gc,phases   ] GC(2334) Concurrent Select Relocation Set 2.792ms
[414.093s][info][gc,phases   ] GC(2334) Pause Relocate Start 0.011ms
[414.160s][info][gc,phases   ] GC(2334) Concurrent Relocate 66.472ms
[414.160s][info][gc,load     ] GC(2334) Load: 0.00/0.00/0.00
[414.160s][info][gc,mmu      ] GC(2334) MMU: 2ms/86.2%, 5ms/94.5%, 10ms/97.2%, 20ms/98.6%, 50ms/99.4%, 100ms/99.6%
[414.160s][info][gc,marking  ] GC(2334) Mark: 8 stripe(s), 2 proactive flush(es), 1 terminate flush(es), 0 completion(s), 0 continuation(s) 
[414.160s][info][gc,marking  ] GC(2334) Mark Stack Usage: 32M
[414.160s][info][gc,nmethod  ] GC(2334) NMethods: 8119 registered, 1473 unregistered
[414.160s][info][gc,metaspace] GC(2334) Metaspace: 120M used, 123M committed, 1152M reserved
[414.160s][info][gc,ref      ] GC(2334) Soft: 2880 encountered, 638 discovered, 46 enqueued
[414.160s][info][gc,ref      ] GC(2334) Weak: 13713 encountered, 1580 discovered, 23 enqueued
[414.160s][info][gc,ref      ] GC(2334) Final: 84 encountered, 3 discovered, 0 enqueued
[414.160s][info][gc,ref      ] GC(2334) Phantom: 752 encountered, 573 discovered, 0 enqueued
[414.160s][info][gc,reloc    ] GC(2334) Small Pages: 272 / 544M, Empty: 380M, Relocated: 4M, In-Place: 0
[414.160s][info][gc,reloc    ] GC(2334) Medium Pages: 47 / 1504M, Empty: 0M, Relocated: 160M, In-Place: 0
[414.160s][info][gc,reloc    ] GC(2334) Large Pages: 0 / 0M, Empty: 0M, Relocated: 0M, In-Place: 0
[414.160s][info][gc,reloc    ] GC(2334) Forwarding Usage: 0M
[414.160s][info][gc,heap     ] GC(2334) Min Capacity: 8M(0%)
[414.160s][info][gc,heap     ] GC(2334) Max Capacity: 2048M(100%)
[414.160s][info][gc,heap     ] GC(2334) Soft Max Capacity: 2048M(100%)
[414.160s][info][gc,heap     ] GC(2334)                Mark Start          Mark End        Relocate Start      Relocate End           High               Low         
[414.160s][info][gc,heap     ] GC(2334)  Capacity:     2048M (100%)       2048M (100%)       2048M (100%)       2048M (100%)       2048M (100%)       2048M (100%)   
[414.160s][info][gc,heap     ] GC(2334)      Free:        0M (0%)            0M (0%)          366M (18%)         426M (21%)         426M (21%)           0M (0%)     
[414.160s][info][gc,heap     ] GC(2334)      Used:     2048M (100%)       2048M (100%)       1682M (82%)        1622M (79%)        2048M (100%)       1622M (79%)    
[414.160s][info][gc,heap     ] GC(2334)      Live:         -              1241M (61%)        1241M (61%)        1241M (61%)            -                  -          
[414.160s][info][gc,heap     ] GC(2334) Allocated:         -                 0M (0%)           14M (1%)          179M (9%)             -                  -          
[414.160s][info][gc,heap     ] GC(2334)   Garbage:         -               806M (39%)         426M (21%)         201M (10%)            -                  -          
[414.160s][info][gc,heap     ] GC(2334) Reclaimed:         -                  -               380M (19%)         605M (30%)            -                  -          
[414.160s][info][gc          ] GC(2334) Garbage Collection (Allocation Stall) 2048M(100%)->1622M(79%)
[414.250s][info][gc,start    ] GC(2335) Garbage Collection (Allocation Stall)
[414.250s][info][gc,ref      ] GC(2335) Clearing All SoftReferences
[414.250s][info][gc,task     ] GC(2335) Using 12 workers
[414.250s][info][gc,ref      ] GC(2335) Clearing All SoftReferences
[414.250s][info][gc,phases   ] GC(2335) Pause Mark Start 0.047ms
[414.287s][info][gc,phases   ] GC(2335) Concurrent Mark 37.391ms
[414.288s][info][gc,phases   ] GC(2335) Pause Mark End 0.055ms
[414.288s][info][gc,phases   ] GC(2335) Concurrent Mark Free 0.002ms
[414.312s][info][gc,phases   ] GC(2335) Concurrent Process Non-Strong References 24.678ms
[414.313s][info][gc,phases   ] GC(2335) Concurrent Reset Relocation Set 0.010ms
[414.318s][info][gc,phases   ] GC(2335) Concurrent Select Relocation Set 5.420ms
[414.318s][info][gc,phases   ] GC(2335) Pause Relocate Start 0.011ms
[414.336s][info][gc,phases   ] GC(2335) Concurrent Relocate 17.944ms
[414.336s][info][gc,load     ] GC(2335) Load: 0.00/0.00/0.00
[414.336s][info][gc,mmu      ] GC(2335) MMU: 2ms/86.2%, 5ms/94.5%, 10ms/97.2%, 20ms/98.6%, 50ms/99.4%, 100ms/99.6%
[414.336s][info][gc,marking  ] GC(2335) Mark: 8 stripe(s), 4 proactive flush(es), 3 terminate flush(es), 1 completion(s), 0 continuation(s) 
[414.336s][info][gc,marking  ] GC(2335) Mark Stack Usage: 32M
[414.336s][info][gc,nmethod  ] GC(2335) NMethods: 8119 registered, 1473 unregistered
[414.336s][info][gc,metaspace] GC(2335) Metaspace: 120M used, 123M committed, 1152M reserved
[414.336s][info][gc,ref      ] GC(2335) Soft: 2898 encountered, 609 discovered, 44 enqueued
[414.336s][info][gc,ref      ] GC(2335) Weak: 13734 encountered, 1934 discovered, 19 enqueued
[414.337s][info][gc,ref      ] GC(2335) Final: 84 encountered, 2 discovered, 0 enqueued
[414.337s][info][gc,ref      ] GC(2335) Phantom: 751 encountered, 542 discovered, 0 enqueued
[414.337s][info][gc,reloc    ] GC(2335) Small Pages: 223 / 446M, Empty: 330M, Relocated: 4M, In-Place: 0
[414.337s][info][gc,reloc    ] GC(2335) Medium Pages: 44 / 1408M, Empty: 32M, Relocated: 137M, In-Place: 0
[414.337s][info][gc,reloc    ] GC(2335) Large Pages: 0 / 0M, Empty: 0M, Relocated: 0M, In-Place: 0
[414.337s][info][gc,reloc    ] GC(2335) Forwarding Usage: 1M
[414.337s][info][gc,heap     ] GC(2335) Min Capacity: 8M(0%)
[414.337s][info][gc,heap     ] GC(2335) Max Capacity: 2048M(100%)
[414.337s][info][gc,heap     ] GC(2335) Soft Max Capacity: 2048M(100%)
[414.337s][info][gc,heap     ] GC(2335)                Mark Start          Mark End        Relocate Start      Relocate End           High               Low         
[414.337s][info][gc,heap     ] GC(2335)  Capacity:     2048M (100%)       2048M (100%)       2048M (100%)       2048M (100%)       2048M (100%)       2048M (100%)   
[414.337s][info][gc,heap     ] GC(2335)      Free:      194M (9%)          130M (6%)          442M (22%)         610M (30%)         610M (30%)          88M (4%)     
[414.337s][info][gc,heap     ] GC(2335)      Used:     1854M (91%)        1918M (94%)        1606M (78%)        1438M (70%)        1960M (96%)        1438M (70%)    
[414.337s][info][gc,heap     ] GC(2335)      Live:         -              1129M (55%)        1129M (55%)        1129M (55%)            -                  -          
[414.337s][info][gc,heap     ] GC(2335) Allocated:         -                64M (3%)          114M (6%)          153M (8%)             -                  -          
[414.337s][info][gc,heap     ] GC(2335)   Garbage:         -               724M (35%)         362M (18%)         154M (8%)             -                  -          
[414.337s][info][gc,heap     ] GC(2335) Reclaimed:         -                  -               362M (18%)         569M (28%)            -                  -          
[414.337s][info][gc          ] GC(2335) Garbage Collection (Allocation Stall) 1854M(91%)->1438M(70%)
[414.350s][info][gc,start    ] GC(2336) Garbage Collection (Allocation Rate)
[414.350s][info][gc,task     ] GC(2336) Using 12 workers
[414.350s][info][gc,phases   ] GC(2336) Pause Mark Start 0.013ms
[414.381s][info][gc,phases   ] GC(2336) Concurrent Mark 30.951ms
[414.381s][info][gc,phases   ] GC(2336) Pause Mark End 0.065ms
[414.381s][info][gc,phases   ] GC(2336) Concurrent Mark Free 0.001ms
[414.385s][info][gc,phases   ] GC(2336) Concurrent Process Non-Strong References 3.819ms
[414.385s][info][gc,phases   ] GC(2336) Concurrent Reset Relocation Set 0.006ms
[414.391s][info][gc,phases   ] GC(2336) Concurrent Select Relocation Set 5.787ms
[414.391s][info][gc,phases   ] GC(2336) Pause Relocate Start 0.009ms
[414.404s][info][gc,phases   ] GC(2336) Concurrent Relocate 12.392ms
[414.404s][info][gc,load     ] GC(2336) Load: 0.00/0.00/0.00
[414.404s][info][gc,mmu      ] GC(2336) MMU: 2ms/86.2%, 5ms/94.5%, 10ms/97.2%, 20ms/98.6%, 50ms/99.4%, 100ms/99.6%
[414.404s][info][gc,marking  ] GC(2336) Mark: 8 stripe(s), 2 proactive flush(es), 1 terminate flush(es), 1 completion(s), 0 continuation(s) 
[414.404s][info][gc,marking  ] GC(2336) Mark Stack Usage: 32M
[414.404s][info][gc,nmethod  ] GC(2336) NMethods: 8119 registered, 1473 unregistered
[414.404s][info][gc,metaspace] GC(2336) Metaspace: 120M used, 123M committed, 1152M reserved
[414.404s][info][gc,ref      ] GC(2336) Soft: 2846 encountered, 0 discovered, 0 enqueued
[414.404s][info][gc,ref      ] GC(2336) Weak: 13707 encountered, 2428 discovered, 4 enqueued
[414.404s][info][gc,ref      ] GC(2336) Final: 84 encountered, 43 discovered, 0 enqueued
[414.404s][info][gc,ref      ] GC(2336) Phantom: 751 encountered, 372 discovered, 0 enqueued
[414.404s][info][gc,reloc    ] GC(2336) Small Pages: 105 / 210M, Empty: 116M, Relocated: 4M, In-Place: 0
[414.404s][info][gc,reloc    ] GC(2336) Medium Pages: 39 / 1248M, Empty: 32M, Relocated: 51M, In-Place: 0
[414.404s][info][gc,reloc    ] GC(2336) Large Pages: 0 / 0M, Empty: 0M, Relocated: 0M, In-Place: 0
[414.404s][info][gc,reloc    ] GC(2336) Forwarding Usage: 1M
[414.404s][info][gc,heap     ] GC(2336) Min Capacity: 8M(0%)
[414.404s][info][gc,heap     ] GC(2336) Max Capacity: 2048M(100%)
[414.404s][info][gc,heap     ] GC(2336) Soft Max Capacity: 2048M(100%)
[414.404s][info][gc,heap     ] GC(2336)                Mark Start          Mark End        Relocate Start      Relocate End           High               Low         
[414.404s][info][gc,heap     ] GC(2336)  Capacity:     2048M (100%)       2048M (100%)       2048M (100%)       2048M (100%)       2048M (100%)       2048M (100%)   
[414.404s][info][gc,heap     ] GC(2336)      Free:      590M (29%)         554M (27%)         700M (34%)         820M (40%)         820M (40%)         552M (27%)    
[414.404s][info][gc,heap     ] GC(2336)      Used:     1458M (71%)        1494M (73%)        1348M (66%)        1228M (60%)        1496M (73%)        1228M (60%)    
[414.405s][info][gc,heap     ] GC(2336)      Live:         -              1041M (51%)        1041M (51%)        1041M (51%)            -                  -          
[414.405s][info][gc,heap     ] GC(2336) Allocated:         -                36M (2%)           38M (2%)           39M (2%)             -                  -          
[414.405s][info][gc,heap     ] GC(2336)   Garbage:         -               416M (20%)         268M (13%)         146M (7%)             -                  -          
[414.405s][info][gc,heap     ] GC(2336) Reclaimed:         -                  -               148M (7%)          269M (13%)            -                  -          
[414.405s][info][gc          ] GC(2336) Garbage Collection (Allocation Rate) 1458M(71%)->1228M(60%)
[414.444s][info][gc,start    ] GC(2337) Garbage Collection (Allocation Rate)
[414.444s][info][gc,task     ] GC(2337) Using 12 workers
[414.444s][info][gc,phases   ] GC(2337) Pause Mark Start 0.015ms
[414.490s][info][gc,phases   ] GC(2337) Concurrent Mark 46.538ms
[414.491s][info][gc,phases   ] GC(2337) Pause Mark End 0.073ms
[414.491s][info][gc,phases   ] GC(2337) Concurrent Mark Free 0.001ms
[414.496s][info][gc,phases   ] GC(2337) Concurrent Process Non-Strong References 4.891ms
[414.496s][info][gc,phases   ] GC(2337) Concurrent Reset Relocation Set 0.003ms
[414.500s][info][gc,phases   ] GC(2337) Concurrent Select Relocation Set 4.530ms
[414.501s][info][gc,phases   ] GC(2337) Pause Relocate Start 0.010ms
[414.504s][info][gc,phases   ] GC(2337) Concurrent Relocate 3.516ms
[414.504s][info][gc,load     ] GC(2337) Load: 0.00/0.00/0.00
[414.504s][info][gc,mmu      ] GC(2337) MMU: 2ms/86.2%, 5ms/94.5%, 10ms/97.2%, 20ms/98.6%, 50ms/99.4%, 100ms/99.6%
[414.504s][info][gc,marking  ] GC(2337) Mark: 8 stripe(s), 3 proactive flush(es), 1 terminate flush(es), 1 completion(s), 0 continuation(s) 
[414.504s][info][gc,marking  ] GC(2337) Mark Stack Usage: 32M
[414.504s][info][gc,nmethod  ] GC(2337) NMethods: 8122 registered, 1474 unregistered
[414.504s][info][gc,metaspace] GC(2337) Metaspace: 120M used, 123M committed, 1152M reserved
[414.504s][info][gc,ref      ] GC(2337) Soft: 3071 encountered, 0 discovered, 0 enqueued
[414.504s][info][gc,ref      ] GC(2337) Weak: 13991 encountered, 2660 discovered, 111 enqueued
[414.504s][info][gc,ref      ] GC(2337) Final: 84 encountered, 0 discovered, 0 enqueued
[414.504s][info][gc,ref      ] GC(2337) Phantom: 751 encountered, 625 discovered, 0 enqueued
[414.504s][info][gc,reloc    ] GC(2337) Small Pages: 57 / 114M, Empty: 34M, Relocated: 6M, In-Place: 0
[414.504s][info][gc,reloc    ] GC(2337) Medium Pages: 36 / 1152M, Empty: 32M, Relocated: 23M, In-Place: 0
[414.504s][info][gc,reloc    ] GC(2337) Large Pages: 0 / 0M, Empty: 0M, Relocated: 0M, In-Place: 0
[414.504s][info][gc,reloc    ] GC(2337) Forwarding Usage: 2M
[414.504s][info][gc,heap     ] GC(2337) Min Capacity: 8M(0%)
[414.504s][info][gc,heap     ] GC(2337) Max Capacity: 2048M(100%)
[414.504s][info][gc,heap     ] GC(2337) Soft Max Capacity: 2048M(100%)
[414.504s][info][gc,heap     ] GC(2337)                Mark Start          Mark End        Relocate Start      Relocate End           High               Low         
[414.504s][info][gc,heap     ] GC(2337)  Capacity:     2048M (100%)       2048M (100%)       2048M (100%)       2048M (100%)       2048M (100%)       2048M (100%)   
[414.504s][info][gc,heap     ] GC(2337)      Free:      782M (38%)         774M (38%)         836M (41%)         876M (43%)         876M (43%)         772M (38%)    
[414.504s][info][gc,heap     ] GC(2337)      Used:     1266M (62%)        1274M (62%)        1212M (59%)        1172M (57%)        1276M (62%)        1172M (57%)    
[414.504s][info][gc,heap     ] GC(2337)      Live:         -              1014M (50%)        1014M (50%)        1014M (50%)            -                  -          
[414.504s][info][gc,heap     ] GC(2337) Allocated:         -                 8M (0%)           12M (1%)           11M (1%)             -                  -          
[414.504s][info][gc,heap     ] GC(2337)   Garbage:         -               251M (12%)         185M (9%)          145M (7%)             -                  -          
[414.504s][info][gc,heap     ] GC(2337) Reclaimed:         -                  -                66M (3%)          105M (5%)             -                  -          
[414.505s][info][gc          ] GC(2337) Garbage Collection (Allocation Rate) 1266M(62%)->1172M(57%)
[414.553s][info][gc,start    ] GC(2338) Garbage Collection (Allocation Rate)
[414.553s][info][gc,task     ] GC(2338) Using 12 workers
[414.553s][info][gc,phases   ] GC(2338) Pause Mark Start 0.013ms
[414.584s][info][gc,phases   ] GC(2338) Concurrent Mark 30.867ms
[414.584s][info][gc,phases   ] GC(2338) Pause Mark End 0.033ms
[414.584s][info][gc,phases   ] GC(2338) Concurrent Mark Free 0.001ms
[414.588s][info][gc,phases   ] GC(2338) Concurrent Process Non-Strong References 3.462ms
[414.588s][info][gc,phases   ] GC(2338) Concurrent Reset Relocation Set 0.004ms
[414.595s][info][gc,phases   ] GC(2338) Concurrent Select Relocation Set 7.073ms
[414.595s][info][gc,phases   ] GC(2338) Pause Relocate Start 0.009ms
[414.598s][info][gc,phases   ] GC(2338) Concurrent Relocate 2.944ms
[414.598s][info][gc,load     ] GC(2338) Load: 0.00/0.00/0.00
[414.598s][info][gc,mmu      ] GC(2338) MMU: 2ms/86.2%, 5ms/94.5%, 10ms/97.2%, 20ms/98.6%, 50ms/99.4%, 100ms/99.6%
[414.598s][info][gc,marking  ] GC(2338) Mark: 8 stripe(s), 2 proactive flush(es), 1 terminate flush(es), 0 completion(s), 0 continuation(s) 
[414.598s][info][gc,marking  ] GC(2338) Mark Stack Usage: 32M
[414.598s][info][gc,nmethod  ] GC(2338) NMethods: 8124 registered, 1474 unregistered
[414.599s][info][gc,metaspace] GC(2338) Metaspace: 121M used, 123M committed, 1152M reserved
[414.599s][info][gc,ref      ] GC(2338) Soft: 3476 encountered, 0 discovered, 0 enqueued
[414.599s][info][gc,ref      ] GC(2338) Weak: 14577 encountered, 1364 discovered, 117 enqueued
[414.599s][info][gc,ref      ] GC(2338) Final: 84 encountered, 0 discovered, 0 enqueued
[414.599s][info][gc,ref      ] GC(2338) Phantom: 751 encountered, 510 discovered, 0 enqueued
[414.599s][info][gc,reloc    ] GC(2338) Small Pages: 46 / 92M, Empty: 0M, Relocated: 8M, In-Place: 0
[414.599s][info][gc,reloc    ] GC(2338) Medium Pages: 35 / 1120M, Empty: 32M, Relocated: 0M, In-Place: 0
[414.599s][info][gc,reloc    ] GC(2338) Large Pages: 1 / 6M, Empty: 6M, Relocated: 0M, In-Place: 0
[414.599s][info][gc,reloc    ] GC(2338) Forwarding Usage: 2M
[414.599s][info][gc,heap     ] GC(2338) Min Capacity: 8M(0%)
[414.599s][info][gc,heap     ] GC(2338) Max Capacity: 2048M(100%)
[414.599s][info][gc,heap     ] GC(2338) Soft Max Capacity: 2048M(100%)
[414.599s][info][gc,heap     ] GC(2338)                Mark Start          Mark End        Relocate Start      Relocate End           High               Low         
[414.599s][info][gc,heap     ] GC(2338)  Capacity:     2048M (100%)       2048M (100%)       2048M (100%)       2048M (100%)       2048M (100%)       2048M (100%)   
[414.599s][info][gc,heap     ] GC(2338)      Free:      830M (41%)         828M (40%)         866M (42%)         882M (43%)         882M (43%)         828M (40%)    
[414.599s][info][gc,heap     ] GC(2338)      Used:     1218M (59%)        1220M (60%)        1182M (58%)        1166M (57%)        1220M (60%)        1166M (57%)    
[414.599s][info][gc,heap     ] GC(2338)      Live:         -              1016M (50%)        1016M (50%)        1016M (50%)            -                  -          
[414.599s][info][gc,heap     ] GC(2338) Allocated:         -                 2M (0%)            2M (0%)            1M (0%)             -                  -          
[414.599s][info][gc,heap     ] GC(2338)   Garbage:         -               201M (10%)         163M (8%)          147M (7%)             -                  -          
[414.599s][info][gc,heap     ] GC(2338) Reclaimed:         -                  -                38M (2%)           53M (3%)             -                  -          
[414.599s][info][gc          ] GC(2338) Garbage Collection (Allocation Rate) 1218M(59%)->1166M(57%)
[414.647s][info][gc,start    ] GC(2339) Garbage Collection (Allocation Rate)
[414.647s][info][gc,task     ] GC(2339) Using 12 workers
[414.647s][info][gc,phases   ] GC(2339) Pause Mark Start 0.015ms
[414.678s][info][gc,phases   ] GC(2339) Concurrent Mark 30.876ms
[414.698s][info][gc,phases   ] GC(2339) Pause Mark End 0.041ms
[414.714s][info][gc,phases   ] GC(2339) Concurrent Mark Free 0.001ms
[414.719s][info][gc,phases   ] GC(2339) Concurrent Process Non-Strong References 5.162ms
[414.719s][info][gc,phases   ] GC(2339) Concurrent Reset Relocation Set 0.005ms
[414.723s][info][gc,phases   ] GC(2339) Concurrent Select Relocation Set 3.984ms
[414.724s][info][gc,phases   ] GC(2339) Pause Relocate Start 0.010ms
[414.726s][info][gc,phases   ] GC(2339) Concurrent Relocate 2.232ms
[414.726s][info][gc,load     ] GC(2339) Load: 0.00/0.00/0.00
[414.726s][info][gc,mmu      ] GC(2339) MMU: 2ms/86.2%, 5ms/94.5%, 10ms/97.2%, 20ms/98.6%, 50ms/99.4%, 100ms/99.6%
[414.726s][info][gc,marking  ] GC(2339) Mark: 8 stripe(s), 2 proactive flush(es), 1 terminate flush(es), 0 completion(s), 0 continuation(s) 
[414.726s][info][gc,marking  ] GC(2339) Mark Stack Usage: 32M
[414.726s][info][gc,nmethod  ] GC(2339) NMethods: 8126 registered, 1474 unregistered
[414.726s][info][gc,metaspace] GC(2339) Metaspace: 121M used, 123M committed, 1152M reserved
[414.726s][info][gc,ref      ] GC(2339) Soft: 3488 encountered, 0 discovered, 0 enqueued
[414.726s][info][gc,ref      ] GC(2339) Weak: 14484 encountered, 4844 discovered, 23 enqueued
[414.726s][info][gc,ref      ] GC(2339) Final: 84 encountered, 4 discovered, 0 enqueued
[414.726s][info][gc,ref      ] GC(2339) Phantom: 751 encountered, 479 discovered, 0 enqueued
[414.726s][info][gc,reloc    ] GC(2339) Small Pages: 40 / 80M, Empty: 0M, Relocated: 3M, In-Place: 0
[414.726s][info][gc,reloc    ] GC(2339) Medium Pages: 34 / 1088M, Empty: 0M, Relocated: 0M, In-Place: 0
[414.726s][info][gc,reloc    ] GC(2339) Large Pages: 0 / 0M, Empty: 0M, Relocated: 0M, In-Place: 0
[414.726s][info][gc,reloc    ] GC(2339) Forwarding Usage: 1M
[414.726s][info][gc,heap     ] GC(2339) Min Capacity: 8M(0%)
[414.726s][info][gc,heap     ] GC(2339) Max Capacity: 2048M(100%)
[414.726s][info][gc,heap     ] GC(2339) Soft Max Capacity: 2048M(100%)
[414.726s][info][gc,heap     ] GC(2339)                Mark Start          Mark End        Relocate Start      Relocate End           High               Low         
[414.726s][info][gc,heap     ] GC(2339)  Capacity:     2048M (100%)       2048M (100%)       2048M (100%)       2048M (100%)       2048M (100%)       2048M (100%)   
[414.726s][info][gc,heap     ] GC(2339)      Free:      880M (43%)         878M (43%)         878M (43%)         878M (43%)         880M (43%)         858M (42%)    
[414.726s][info][gc,heap     ] GC(2339)      Used:     1168M (57%)        1170M (57%)        1170M (57%)        1170M (57%)        1190M (58%)        1168M (57%)    
[414.727s][info][gc,heap     ] GC(2339)      Live:         -              1016M (50%)        1016M (50%)        1016M (50%)            -                  -          
[414.727s][info][gc,heap     ] GC(2339) Allocated:         -                 2M (0%)            2M (0%)            2M (0%)             -                  -          
[414.727s][info][gc,heap     ] GC(2339)   Garbage:         -               151M (7%)          151M (7%)          151M (7%)             -                  -          
[414.727s][info][gc,heap     ] GC(2339) Reclaimed:         -                  -                 0M (0%)            0M (0%)             -                  -          
[414.727s][info][gc          ] GC(2339) Garbage Collection (Allocation Rate) 1168M(57%)->1170M(57%)
[414.740s][info][gc,start    ] GC(2340) Garbage Collection (Allocation Rate)
[414.740s][info][gc,task     ] GC(2340) Using 12 workers
[414.741s][info][gc,phases   ] GC(2340) Pause Mark Start 0.009ms
[414.772s][info][gc,phases   ] GC(2340) Concurrent Mark 30.993ms
[414.772s][info][gc,phases   ] GC(2340) Pause Mark End 0.031ms
[414.772s][info][gc,phases   ] GC(2340) Concurrent Mark Free 0.001ms
[414.776s][info][gc,phases   ] GC(2340) Concurrent Process Non-Strong References 3.558ms
[414.776s][info][gc,phases   ] GC(2340) Concurrent Reset Relocation Set 0.002ms
[414.781s][info][gc,phases   ] GC(2340) Concurrent Select Relocation Set 4.968ms
[414.781s][info][gc,phases   ] GC(2340) Pause Relocate Start 0.008ms
[414.782s][info][gc,phases   ] GC(2340) Concurrent Relocate 1.484ms
[414.782s][info][gc,load     ] GC(2340) Load: 0.00/0.00/0.00
[414.782s][info][gc,mmu      ] GC(2340) MMU: 2ms/86.2%, 5ms/94.5%, 10ms/97.2%, 20ms/98.6%, 50ms/99.4%, 100ms/99.6%
[414.782s][info][gc,marking  ] GC(2340) Mark: 8 stripe(s), 2 proactive flush(es), 1 terminate flush(es), 0 completion(s), 0 continuation(s) 
[414.782s][info][gc,marking  ] GC(2340) Mark Stack Usage: 32M
[414.782s][info][gc,nmethod  ] GC(2340) NMethods: 8126 registered, 1474 unregistered
[414.782s][info][gc,metaspace] GC(2340) Metaspace: 121M used, 123M committed, 1152M reserved
[414.782s][info][gc,ref      ] GC(2340) Soft: 3488 encountered, 0 discovered, 0 enqueued
[414.783s][info][gc,ref      ] GC(2340) Weak: 14461 encountered, 1884 discovered, 0 enqueued
[414.783s][info][gc,ref      ] GC(2340) Final: 84 encountered, 36 discovered, 0 enqueued
[414.783s][info][gc,ref      ] GC(2340) Phantom: 751 encountered, 538 discovered, 0 enqueued
[414.783s][info][gc,reloc    ] GC(2340) Small Pages: 41 / 82M, Empty: 0M, Relocated: 3M, In-Place: 0
[414.783s][info][gc,reloc    ] GC(2340) Medium Pages: 34 / 1088M, Empty: 0M, Relocated: 0M, In-Place: 0
[414.783s][info][gc,reloc    ] GC(2340) Large Pages: 0 / 0M, Empty: 0M, Relocated: 0M, In-Place: 0
[414.783s][info][gc,reloc    ] GC(2340) Forwarding Usage: 1M
[414.783s][info][gc,heap     ] GC(2340) Min Capacity: 8M(0%)
[414.783s][info][gc,heap     ] GC(2340) Max Capacity: 2048M(100%)
[414.783s][info][gc,heap     ] GC(2340) Soft Max Capacity: 2048M(100%)
[414.783s][info][gc,heap     ] GC(2340)                Mark Start          Mark End        Relocate Start      Relocate End           High               Low         
[414.783s][info][gc,heap     ] GC(2340)  Capacity:     2048M (100%)       2048M (100%)       2048M (100%)       2048M (100%)       2048M (100%)       2048M (100%)   
[414.783s][info][gc,heap     ] GC(2340)      Free:      878M (43%)         876M (43%)         876M (43%)         876M (43%)         878M (43%)         854M (42%)    
[414.783s][info][gc,heap     ] GC(2340)      Used:     1170M (57%)        1172M (57%)        1172M (57%)        1172M (57%)        1194M (58%)        1170M (57%)    
[414.783s][info][gc,heap     ] GC(2340)      Live:         -              1016M (50%)        1016M (50%)        1016M (50%)            -                  -          
[414.783s][info][gc,heap     ] GC(2340) Allocated:         -                 2M (0%)            2M (0%)            2M (0%)             -                  -          
[414.783s][info][gc,heap     ] GC(2340)   Garbage:         -               153M (7%)          153M (7%)          153M (7%)             -                  -          
[414.783s][info][gc,heap     ] GC(2340) Reclaimed:         -                  -                 0M (0%)            0M (0%)             -                  -          
[414.783s][info][gc          ] GC(2340) Garbage Collection (Allocation Rate) 1170M(57%)->1172M(57%)
[414.850s][info][gc,start    ] GC(2341) Garbage Collection (Allocation Rate)
[414.850s][info][gc,task     ] GC(2341) Using 12 workers
[414.850s][info][gc,phases   ] GC(2341) Pause Mark Start 0.015ms
[414.881s][info][gc,phases   ] GC(2341) Concurrent Mark 30.886ms
[414.881s][info][gc,phases   ] GC(2341) Pause Mark End 0.046ms
[414.881s][info][gc,phases   ] GC(2341) Concurrent Mark Free 0.001ms
[414.886s][info][gc,phases   ] GC(2341) Concurrent Process Non-Strong References 4.303ms
[414.886s][info][gc,phases   ] GC(2341) Concurrent Reset Relocation Set 0.002ms
[414.889s][info][gc,phases   ] GC(2341) Concurrent Select Relocation Set 3.182ms
[414.889s][info][gc,phases   ] GC(2341) Pause Relocate Start 0.010ms
[414.891s][info][gc,phases   ] GC(2341) Concurrent Relocate 1.774ms
[414.891s][info][gc,load     ] GC(2341) Load: 0.00/0.00/0.00
[414.891s][info][gc,mmu      ] GC(2341) MMU: 2ms/86.2%, 5ms/94.5%, 10ms/97.2%, 20ms/98.6%, 50ms/99.4%, 100ms/99.6%
[414.891s][info][gc,marking  ] GC(2341) Mark: 8 stripe(s), 2 proactive flush(es), 1 terminate flush(es), 0 completion(s), 0 continuation(s) 
[414.891s][info][gc,marking  ] GC(2341) Mark Stack Usage: 32M
[414.891s][info][gc,nmethod  ] GC(2341) NMethods: 8127 registered, 1474 unregistered
[414.891s][info][gc,metaspace] GC(2341) Metaspace: 121M used, 123M committed, 1152M reserved
[414.891s][info][gc,ref      ] GC(2341) Soft: 3488 encountered, 0 discovered, 0 enqueued
[414.891s][info][gc,ref      ] GC(2341) Weak: 14461 encountered, 2533 discovered, 0 enqueued
[414.891s][info][gc,ref      ] GC(2341) Final: 84 encountered, 0 discovered, 0 enqueued
[414.891s][info][gc,ref      ] GC(2341) Phantom: 751 encountered, 433 discovered, 0 enqueued
[414.891s][info][gc,reloc    ] GC(2341) Small Pages: 43 / 86M, Empty: 0M, Relocated: 3M, In-Place: 0
[414.891s][info][gc,reloc    ] GC(2341) Medium Pages: 34 / 1088M, Empty: 0M, Relocated: 0M, In-Place: 0
[414.891s][info][gc,reloc    ] GC(2341) Large Pages: 0 / 0M, Empty: 0M, Relocated: 0M, In-Place: 0
[414.891s][info][gc,reloc    ] GC(2341) Forwarding Usage: 1M
[414.891s][info][gc,heap     ] GC(2341) Min Capacity: 8M(0%)
[414.891s][info][gc,heap     ] GC(2341) Max Capacity: 2048M(100%)
[414.891s][info][gc,heap     ] GC(2341) Soft Max Capacity: 2048M(100%)
[414.891s][info][gc,heap     ] GC(2341)                Mark Start          Mark End        Relocate Start      Relocate End           High               Low         
[414.892s][info][gc,heap     ] GC(2341)  Capacity:     2048M (100%)       2048M (100%)       2048M (100%)       2048M (100%)       2048M (100%)       2048M (100%)   
[414.892s][info][gc,heap     ] GC(2341)      Free:      874M (43%)         872M (43%)         872M (43%)         874M (43%)         874M (43%)         852M (42%)    
[414.892s][info][gc,heap     ] GC(2341)      Used:     1174M (57%)        1176M (57%)        1176M (57%)        1174M (57%)        1196M (58%)        1174M (57%)    
[414.892s][info][gc,heap     ] GC(2341)      Live:         -              1016M (50%)        1016M (50%)        1016M (50%)            -                  -          
[414.892s][info][gc,heap     ] GC(2341) Allocated:         -                 2M (0%)            2M (0%)            2M (0%)             -                  -          
[414.892s][info][gc,heap     ] GC(2341)   Garbage:         -               157M (8%)          157M (8%)          155M (8%)             -                  -          
[414.892s][info][gc,heap     ] GC(2341) Reclaimed:         -                  -                 0M (0%)            2M (0%)             -                  -          
[414.892s][info][gc          ] GC(2341) Garbage Collection (Allocation Rate) 1174M(57%)->1174M(57%)
[414.944s][info][gc,start    ] GC(2342) Garbage Collection (Allocation Rate)
[414.944s][info][gc,task     ] GC(2342) Using 12 workers
[414.944s][info][gc,phases   ] GC(2342) Pause Mark Start 0.009ms
[414.975s][info][gc,phases   ] GC(2342) Concurrent Mark 30.966ms
[414.975s][info][gc,phases   ] GC(2342) Pause Mark End 0.029ms
[414.975s][info][gc,phases   ] GC(2342) Concurrent Mark Free 0.001ms
[414.980s][info][gc,phases   ] GC(2342) Concurrent Process Non-Strong References 5.056ms
[414.980s][info][gc,phases   ] GC(2342) Concurrent Reset Relocation Set 0.002ms
[414.984s][info][gc,phases   ] GC(2342) Concurrent Select Relocation Set 4.281ms
[414.985s][info][gc,phases   ] GC(2342) Pause Relocate Start 0.008ms
[414.986s][info][gc,phases   ] GC(2342) Concurrent Relocate 1.298ms
[414.986s][info][gc,load     ] GC(2342) Load: 0.00/0.00/0.00
[414.986s][info][gc,mmu      ] GC(2342) MMU: 2ms/86.2%, 5ms/94.5%, 10ms/97.2%, 20ms/98.6%, 50ms/99.4%, 100ms/99.6%
[414.986s][info][gc,marking  ] GC(2342) Mark: 8 stripe(s), 3 proactive flush(es), 1 terminate flush(es), 0 completion(s), 0 continuation(s) 
[414.986s][info][gc,marking  ] GC(2342) Mark Stack Usage: 32M
[414.986s][info][gc,nmethod  ] GC(2342) NMethods: 8232 registered, 1474 unregistered
[414.986s][info][gc,metaspace] GC(2342) Metaspace: 121M used, 123M committed, 1152M reserved
[414.986s][info][gc,ref      ] GC(2342) Soft: 3489 encountered, 0 discovered, 0 enqueued
[414.986s][info][gc,ref      ] GC(2342) Weak: 14465 encountered, 1375 discovered, 5 enqueued
[414.986s][info][gc,ref      ] GC(2342) Final: 84 encountered, 3 discovered, 0 enqueued
[414.986s][info][gc,ref      ] GC(2342) Phantom: 751 encountered, 610 discovered, 0 enqueued
[414.986s][info][gc,reloc    ] GC(2342) Small Pages: 44 / 88M, Empty: 2M, Relocated: 3M, In-Place: 0
[414.986s][info][gc,reloc    ] GC(2342) Medium Pages: 34 / 1088M, Empty: 0M, Relocated: 0M, In-Place: 0
[414.986s][info][gc,reloc    ] GC(2342) Large Pages: 0 / 0M, Empty: 0M, Relocated: 0M, In-Place: 0
[414.986s][info][gc,reloc    ] GC(2342) Forwarding Usage: 1M
[414.986s][info][gc,heap     ] GC(2342) Min Capacity: 8M(0%)
[414.986s][info][gc,heap     ] GC(2342) Max Capacity: 2048M(100%)
[414.986s][info][gc,heap     ] GC(2342) Soft Max Capacity: 2048M(100%)
[414.986s][info][gc,heap     ] GC(2342)                Mark Start          Mark End        Relocate Start      Relocate End           High               Low         
[414.986s][info][gc,heap     ] GC(2342)  Capacity:     2048M (100%)       2048M (100%)       2048M (100%)       2048M (100%)       2048M (100%)       2048M (100%)   
[414.986s][info][gc,heap     ] GC(2342)      Free:      872M (43%)         866M (42%)         866M (42%)         868M (42%)         872M (43%)         844M (41%)    
[414.986s][info][gc,heap     ] GC(2342)      Used:     1176M (57%)        1182M (58%)        1182M (58%)        1180M (58%)        1204M (59%)        1176M (57%)    
[414.986s][info][gc,heap     ] GC(2342)      Live:         -              1016M (50%)        1016M (50%)        1016M (50%)            -                  -          
[414.986s][info][gc,heap     ] GC(2342) Allocated:         -                 6M (0%)            8M (0%)            8M (0%)             -                  -          
[414.986s][info][gc,heap     ] GC(2342)   Garbage:         -               159M (8%)          157M (8%)          155M (8%)             -                  -          
[414.987s][info][gc,heap     ] GC(2342) Reclaimed:         -                  -                 2M (0%)            4M (0%)             -                  -          
[414.987s][info][gc          ] GC(2342) Garbage Collection (Allocation Rate) 1176M(57%)->1180M(58%)
[415.043s][info][gc,start    ] GC(2343) Garbage Collection (Allocation Rate)
[415.043s][info][gc,task     ] GC(2343) Using 12 workers
[415.043s][info][gc,phases   ] GC(2343) Pause Mark Start 0.015ms
[415.066s][info][gc,phases   ] GC(2343) Concurrent Mark 23.030ms
[415.067s][info][gc,phases   ] GC(2343) Pause Mark End 0.024ms
[415.067s][info][gc,phases   ] GC(2343) Concurrent Mark Free 0.001ms
[415.070s][info][gc,phases   ] GC(2343) Concurrent Process Non-Strong References 3.405ms
[415.070s][info][gc,phases   ] GC(2343) Concurrent Reset Relocation Set 0.003ms
[415.076s][info][gc,phases   ] GC(2343) Concurrent Select Relocation Set 5.481ms
[415.076s][info][gc,phases   ] GC(2343) Pause Relocate Start 0.008ms
[415.078s][info][gc,phases   ] GC(2343) Concurrent Relocate 1.994ms
[415.078s][info][gc,load     ] GC(2343) Load: 0.00/0.00/0.00
[415.078s][info][gc,mmu      ] GC(2343) MMU: 2ms/86.2%, 5ms/94.5%, 10ms/97.2%, 20ms/98.6%, 50ms/99.4%, 100ms/99.6%
[415.078s][info][gc,marking  ] GC(2343) Mark: 8 stripe(s), 4 proactive flush(es), 1 terminate flush(es), 0 completion(s), 0 continuation(s) 
[415.078s][info][gc,marking  ] GC(2343) Mark Stack Usage: 32M
[415.078s][info][gc,nmethod  ] GC(2343) NMethods: 8300 registered, 1485 unregistered
[415.078s][info][gc,metaspace] GC(2343) Metaspace: 121M used, 123M committed, 1152M reserved
[415.078s][info][gc,ref      ] GC(2343) Soft: 3520 encountered, 0 discovered, 0 enqueued
[415.078s][info][gc,ref      ] GC(2343) Weak: 13992 encountered, 4985 discovered, 224 enqueued
[415.078s][info][gc,ref      ] GC(2343) Final: 84 encountered, 3 discovered, 0 enqueued
[415.078s][info][gc,ref      ] GC(2343) Phantom: 643 encountered, 539 discovered, 41 enqueued
[415.078s][info][gc,reloc    ] GC(2343) Small Pages: 57 / 114M, Empty: 6M, Relocated: 6M, In-Place: 0
[415.078s][info][gc,reloc    ] GC(2343) Medium Pages: 34 / 1088M, Empty: 0M, Relocated: 0M, In-Place: 0
[415.078s][info][gc,reloc    ] GC(2343) Large Pages: 0 / 0M, Empty: 0M, Relocated: 0M, In-Place: 0
[415.078s][info][gc,reloc    ] GC(2343) Forwarding Usage: 2M
[415.078s][info][gc,heap     ] GC(2343) Min Capacity: 8M(0%)
[415.078s][info][gc,heap     ] GC(2343) Max Capacity: 2048M(100%)
[415.078s][info][gc,heap     ] GC(2343) Soft Max Capacity: 2048M(100%)
[415.078s][info][gc,heap     ] GC(2343)                Mark Start          Mark End        Relocate Start      Relocate End           High               Low         
[415.078s][info][gc,heap     ] GC(2343)  Capacity:     2048M (100%)       2048M (100%)       2048M (100%)       2048M (100%)       2048M (100%)       2048M (100%)   
[415.078s][info][gc,heap     ] GC(2343)      Free:      846M (41%)         844M (41%)         850M (42%)         880M (43%)         880M (43%)         834M (41%)    
[415.078s][info][gc,heap     ] GC(2343)      Used:     1202M (59%)        1204M (59%)        1198M (58%)        1168M (57%)        1214M (59%)        1168M (57%)    
[415.079s][info][gc,heap     ] GC(2343)      Live:         -              1016M (50%)        1016M (50%)        1016M (50%)            -                  -          
[415.079s][info][gc,heap     ] GC(2343) Allocated:         -                 2M (0%)            2M (0%)            1M (0%)             -                  -          
[415.079s][info][gc,heap     ] GC(2343)   Garbage:         -               185M (9%)          179M (9%)          149M (7%)             -                  -          
[415.079s][info][gc,heap     ] GC(2343) Reclaimed:         -                  -                 6M (0%)           35M (2%)             -                  -          
[415.079s][info][gc          ] GC(2343) Garbage Collection (Allocation Rate) 1202M(59%)->1168M(57%)
[415.149s][info][gc,start    ] GC(2344) Garbage Collection (Allocation Rate)
[415.150s][info][gc,task     ] GC(2344) Using 12 workers
[415.150s][info][gc,phases   ] GC(2344) Pause Mark Start 0.014ms
[415.183s][info][gc,phases   ] GC(2344) Concurrent Mark 33.408ms
[415.184s][info][gc,phases   ] GC(2344) Pause Mark End 0.017ms
[415.184s][info][gc,phases   ] GC(2344) Concurrent Mark Free 0.001ms
[415.218s][info][gc          ] GC(2344) Garbage Collection (Allocation Rate) Aborted
[415.218s][info][gc,heap,exit] Heap
[415.218s][info][gc,heap,exit]  ZHeap           used 1218M, capacity 2048M, max capacity 2048M
[415.219s][info][gc,heap,exit]  Metaspace       used 124314K, committed 126784K, reserved 1179648K
[415.219s][info][gc,heap,exit]   class space    used 17019K, committed 18880K, reserved 1048576K
