[0.017s][info][gc,init] Initializing The Z Garbage Collector
[0.017s][info][gc,init] Version: 20+36-2344 (release)
[0.017s][info][gc,init] NUMA Support: Disabled
[0.017s][info][gc,init] CPUs: 48 total, 48 available
[0.017s][info][gc,init] Memory: 391843M
[0.017s][info][gc,init] Large Page Support: Disabled
[0.018s][info][gc,init] GC Workers: 10 (dynamic)
[0.019s][info][gc,init] Address Space Type: Contiguous/Unrestricted/Complete
[0.019s][info][gc,init] Address Space Size: 16384M x 3 = 49152M
[0.019s][info][gc,init] Min Capacity: 8M
[0.020s][info][gc,init] Initial Capacity: 1024M
[0.031s][info][gc,init] Max Capacity: 1024M
[0.031s][info][gc,init] Medium Page Size: 32M
[0.031s][info][gc,init] Pre-touch: Disabled
[0.031s][info][gc,init] Uncommit: Enabled
[0.031s][info][gc,init] Uncommit Delay: 300s
[0.096s][info][gc,init] Runtime Workers: 10
[0.098s][info][gc     ] Using The Z Garbage Collector
[0.099s][info][gc,metaspace] CDS archive(s) mapped at: [0x0000000800000000-0x0000000800c60000-0x0000000800c60000), size 12976128, SharedBaseAddress: 0x0000000800000000, ArchiveRelocationMode: 0.
[0.099s][info][gc,metaspace] Compressed class space mapped at: 0x0000000801000000-0x0000000841000000, reserved size: 1073741824
[0.099s][info][gc,metaspace] Narrow klass base: 0x0000000800000000, Narrow klass shift: 0, Narrow klass range: 0x100000000
[9.929s][info][gc,start    ] GC(0) Garbage Collection (Warmup)
[9.930s][info][gc,task     ] GC(0) Using 10 workers
[9.930s][info][gc,phases   ] GC(0) Pause Mark Start 0.011ms
[9.961s][info][gc,phases   ] GC(0) Concurrent Mark 30.804ms
[9.961s][info][gc,phases   ] GC(0) Pause Mark End 0.116ms
[9.961s][info][gc,phases   ] GC(0) Concurrent Mark Free 0.001ms
[9.963s][info][gc,phases   ] GC(0) Concurrent Process Non-Strong References 2.107ms
[9.963s][info][gc,phases   ] GC(0) Concurrent Reset Relocation Set 0.001ms
[9.979s][info][gc,phases   ] GC(0) Concurrent Select Relocation Set 15.875ms
[9.979s][info][gc,phases   ] GC(0) Pause Relocate Start 0.017ms
[9.983s][info][gc,phases   ] GC(0) Concurrent Relocate 4.077ms
[9.984s][info][gc,load     ] GC(0) Load: 0.00/0.00/0.00
[9.984s][info][gc,mmu      ] GC(0) MMU: 2ms/94.2%, 5ms/97.7%, 10ms/98.8%, 20ms/99.3%, 50ms/99.7%, 100ms/99.9%
[9.984s][info][gc,marking  ] GC(0) Mark: 8 stripe(s), 2 proactive flush(es), 1 terminate flush(es), 1 completion(s), 0 continuation(s) 
[9.984s][info][gc,marking  ] GC(0) Mark Stack Usage: 32M
[9.984s][info][gc,nmethod  ] GC(0) NMethods: 1803 registered, 262 unregistered
[9.984s][info][gc,metaspace] GC(0) Metaspace: 19M used, 19M committed, 1088M reserved
[9.984s][info][gc,ref      ] GC(0) Soft: 3482 encountered, 0 discovered, 0 enqueued
[9.984s][info][gc,ref      ] GC(0) Weak: 1451 encountered, 685 discovered, 428 enqueued
[9.984s][info][gc,ref      ] GC(0) Final: 1 encountered, 1 discovered, 0 enqueued
[9.984s][info][gc,ref      ] GC(0) Phantom: 907 encountered, 751 discovered, 323 enqueued
[9.984s][info][gc,reloc    ] GC(0) Small Pages: 38 / 76M, Empty: 0M, Relocated: 8M, In-Place: 0
[9.984s][info][gc,reloc    ] GC(0) Medium Pages: 1 / 32M, Empty: 0M, Relocated: 0M, In-Place: 0
[9.984s][info][gc,reloc    ] GC(0) Large Pages: 0 / 0M, Empty: 0M, Relocated: 0M, In-Place: 0
[9.984s][info][gc,reloc    ] GC(0) Forwarding Usage: 2M
[9.984s][info][gc,heap     ] GC(0) Min Capacity: 8M(1%)
[9.984s][info][gc,heap     ] GC(0) Max Capacity: 1024M(100%)
[9.984s][info][gc,heap     ] GC(0) Soft Max Capacity: 1024M(100%)
[9.984s][info][gc,heap     ] GC(0)                Mark Start          Mark End        Relocate Start      Relocate End           High               Low         
[9.984s][info][gc,heap     ] GC(0)  Capacity:     1024M (100%)       1024M (100%)       1024M (100%)       1024M (100%)       1024M (100%)       1024M (100%)   
[9.984s][info][gc,heap     ] GC(0)      Free:      916M (89%)         914M (89%)         912M (89%)         960M (94%)         960M (94%)         896M (88%)    
[9.984s][info][gc,heap     ] GC(0)      Used:      108M (11%)         110M (11%)         112M (11%)          64M (6%)          128M (13%)          64M (6%)     
[9.984s][info][gc,heap     ] GC(0)      Live:         -                18M (2%)           18M (2%)           18M (2%)             -                  -          
[9.984s][info][gc,heap     ] GC(0) Allocated:         -                 2M (0%)            4M (0%)            3M (0%)             -                  -          
[9.984s][info][gc,heap     ] GC(0)   Garbage:         -                89M (9%)           89M (9%)           41M (4%)             -                  -          
[9.984s][info][gc,heap     ] GC(0) Reclaimed:         -                  -                 0M (0%)           47M (5%)             -                  -          
[9.984s][info][gc          ] GC(0) Garbage Collection (Warmup) 108M(11%)->64M(6%)
[10.133s][info][gc,stats    ] === Garbage Collection Statistics =======================================================================================================================
[10.133s][info][gc,stats    ]                                                              Last 10s              Last 10m              Last 10h                Total
[10.133s][info][gc,stats    ]                                                              Avg / Max             Avg / Max             Avg / Max             Avg / Max
[10.133s][info][gc,stats    ]   Collector: Garbage Collection Cycle                     54.089 / 54.089       54.089 / 54.089       54.089 / 54.089       54.089 / 54.089      ms
[10.133s][info][gc,stats    ]  Contention: Mark Segment Reset Contention                     0 / 1                 0 / 1                 0 / 1                 0 / 1           ops/s
[10.133s][info][gc,stats    ]  Contention: Mark SeqNum Reset Contention                      0 / 0                 0 / 0                 0 / 0                 0 / 0           ops/s
[10.133s][info][gc,stats    ]    Critical: Allocation Stall                                  0 / 0                 0 / 0                 0 / 0                 0 / 0           ops/s
[10.133s][info][gc,stats    ]    Critical: Allocation Stall                              0.000 / 0.000         0.000 / 0.000         0.000 / 0.000         0.000 / 0.000       ms
[10.133s][info][gc,stats    ]    Critical: GC Locker Stall                                   0 / 0                 0 / 0                 0 / 0                 0 / 0           ops/s
[10.133s][info][gc,stats    ]    Critical: GC Locker Stall                               0.000 / 0.000         0.000 / 0.000         0.000 / 0.000         0.000 / 0.000       ms
[10.133s][info][gc,stats    ]    Critical: Relocation Stall                                  0 / 0                 0 / 0                 0 / 0                 0 / 0           ops/s
[10.133s][info][gc,stats    ]    Critical: Relocation Stall                              0.000 / 0.000         0.000 / 0.000         0.000 / 0.000         0.000 / 0.000       ms
[10.133s][info][gc,stats    ]      Memory: Allocation Rate                                  12 / 40               12 / 40               12 / 40               12 / 40          MB/s
[10.133s][info][gc,stats    ]      Memory: Defragment                                        0 / 0                 0 / 0                 0 / 0                 0 / 0           ops/s
[10.133s][info][gc,stats    ]      Memory: Out Of Memory                                     0 / 0                 0 / 0                 0 / 0                 0 / 0           ops/s
[10.133s][info][gc,stats    ]      Memory: Page Cache Flush                                  0 / 0                 0 / 0                 0 / 0                 0 / 0           MB/s
[10.133s][info][gc,stats    ]      Memory: Page Cache Hit L1                                 0 / 7                 0 / 7                 0 / 7                 0 / 7           ops/s
[10.133s][info][gc,stats    ]      Memory: Page Cache Hit L2                                 0 / 0                 0 / 0                 0 / 0                 0 / 0           ops/s
[10.133s][info][gc,stats    ]      Memory: Page Cache Hit L3                                 4 / 23                4 / 23                4 / 23                4 / 23          ops/s
[10.133s][info][gc,stats    ]      Memory: Page Cache Miss                                   0 / 1                 0 / 1                 0 / 1                 0 / 1           ops/s
[10.133s][info][gc,stats    ]      Memory: Uncommit                                          0 / 0                 0 / 0                 0 / 0                 0 / 0           MB/s
[10.133s][info][gc,stats    ]      Memory: Undo Object Allocation Failed                     0 / 1                 0 / 1                 0 / 1                 0 / 1           ops/s
[10.133s][info][gc,stats    ]      Memory: Undo Object Allocation Succeeded                  0 / 0                 0 / 0                 0 / 0                 0 / 0           ops/s
[10.133s][info][gc,stats    ]      Memory: Undo Page Allocation                              0 / 0                 0 / 0                 0 / 0                 0 / 0           ops/s
[10.134s][info][gc,stats    ]       Phase: Concurrent Mark                              30.804 / 30.804       30.804 / 30.804       30.804 / 30.804       30.804 / 30.804      ms
[10.134s][info][gc,stats    ]       Phase: Concurrent Mark Continue                      0.000 / 0.000         0.000 / 0.000         0.000 / 0.000         0.000 / 0.000       ms
[10.134s][info][gc,stats    ]       Phase: Concurrent Mark Free                          0.001 / 0.001         0.001 / 0.001         0.001 / 0.001         0.001 / 0.001       ms
[10.134s][info][gc,stats    ]       Phase: Concurrent Process Non-Strong References      2.107 / 2.107         2.107 / 2.107         2.107 / 2.107         2.107 / 2.107       ms
[10.134s][info][gc,stats    ]       Phase: Concurrent Relocate                           4.077 / 4.077         4.077 / 4.077         4.077 / 4.077         4.077 / 4.077       ms
[10.134s][info][gc,stats    ]       Phase: Concurrent Reset Relocation Set               0.001 / 0.001         0.001 / 0.001         0.001 / 0.001         0.001 / 0.001       ms
[10.134s][info][gc,stats    ]       Phase: Concurrent Select Relocation Set             15.875 / 15.875       15.875 / 15.875       15.875 / 15.875       15.875 / 15.875      ms
[10.134s][info][gc,stats    ]       Phase: Pause Mark End                                0.116 / 0.116         0.116 / 0.116         0.116 / 0.116         0.116 / 0.116       ms
[10.134s][info][gc,stats    ]       Phase: Pause Mark Start                              0.011 / 0.011         0.011 / 0.011         0.011 / 0.011         0.011 / 0.011       ms
[10.134s][info][gc,stats    ]       Phase: Pause Relocate Start                          0.017 / 0.017         0.017 / 0.017         0.017 / 0.017         0.017 / 0.017       ms
[10.134s][info][gc,stats    ]    Subphase: Concurrent Classes Purge                      1.115 / 1.115         1.115 / 1.115         1.115 / 1.115         1.115 / 1.115       ms
[10.134s][info][gc,stats    ]    Subphase: Concurrent Classes Unlink                     0.644 / 0.644         0.644 / 0.644         0.644 / 0.644         0.644 / 0.644       ms
[10.134s][info][gc,stats    ]    Subphase: Concurrent Mark                              26.591 / 28.313       26.591 / 28.313       26.591 / 28.313       26.591 / 28.313      ms
[10.134s][info][gc,stats    ]    Subphase: Concurrent Mark Try Flush                     0.041 / 0.060         0.041 / 0.060         0.041 / 0.060         0.041 / 0.060       ms
[10.134s][info][gc,stats    ]    Subphase: Concurrent Mark Try Terminate                 9.239 / 16.027        9.239 / 16.027        9.239 / 16.027        9.239 / 16.027      ms
[10.134s][info][gc,stats    ]    Subphase: Concurrent References Enqueue                 0.004 / 0.004         0.004 / 0.004         0.004 / 0.004         0.004 / 0.004       ms
[10.134s][info][gc,stats    ]    Subphase: Concurrent References Process                 0.163 / 0.163         0.163 / 0.163         0.163 / 0.163         0.163 / 0.163       ms
[10.134s][info][gc,stats    ]    Subphase: Concurrent Roots ClassLoaderDataGraph         0.138 / 0.661         0.138 / 0.661         0.138 / 0.661         0.138 / 0.661       ms
[10.134s][info][gc,stats    ]    Subphase: Concurrent Roots CodeCache                    0.000 / 0.000         0.000 / 0.000         0.000 / 0.000         0.000 / 0.000       ms
[10.134s][info][gc,stats    ]    Subphase: Concurrent Roots JavaThreads                  0.437 / 2.275         0.437 / 2.275         0.437 / 2.275         0.437 / 2.275       ms
[10.134s][info][gc,stats    ]    Subphase: Concurrent Roots OopStorageSet                0.145 / 0.265         0.145 / 0.265         0.145 / 0.265         0.145 / 0.265       ms
[10.134s][info][gc,stats    ]    Subphase: Concurrent Weak Roots OopStorageSet           0.098 / 0.106         0.098 / 0.106         0.098 / 0.106         0.098 / 0.106       ms
[10.134s][info][gc,stats    ]    Subphase: Pause Mark Try Complete                       0.009 / 0.069         0.009 / 0.069         0.009 / 0.069         0.009 / 0.069       ms
[10.134s][info][gc,stats    ]      System: Java Threads                                     17 / 18               17 / 18               17 / 18               17 / 18          threads
[10.134s][info][gc,stats    ] =========================================================================================================================================================
[10.976s][info][gc,start    ] GC(1) Garbage Collection (Metadata GC Threshold)
[10.976s][info][gc,task     ] GC(1) Using 10 workers
[10.977s][info][gc,phases   ] GC(1) Pause Mark Start 0.014ms
[11.001s][info][gc,phases   ] GC(1) Concurrent Mark 24.199ms
[11.002s][info][gc,phases   ] GC(1) Pause Mark End 0.021ms
[11.002s][info][gc,phases   ] GC(1) Concurrent Mark Free 0.001ms
[11.018s][info][gc,phases   ] GC(1) Concurrent Process Non-Strong References 15.881ms
[11.018s][info][gc,phases   ] GC(1) Concurrent Reset Relocation Set 0.006ms
[11.026s][info][gc,phases   ] GC(1) Concurrent Select Relocation Set 8.224ms
[11.026s][info][gc,phases   ] GC(1) Pause Relocate Start 0.010ms
[11.033s][info][gc,phases   ] GC(1) Concurrent Relocate 6.618ms
[11.033s][info][gc,load     ] GC(1) Load: 0.00/0.00/0.00
[11.033s][info][gc,mmu      ] GC(1) MMU: 2ms/94.2%, 5ms/97.7%, 10ms/98.8%, 20ms/99.3%, 50ms/99.7%, 100ms/99.9%
[11.033s][info][gc,marking  ] GC(1) Mark: 8 stripe(s), 2 proactive flush(es), 1 terminate flush(es), 0 completion(s), 0 continuation(s) 
[11.033s][info][gc,marking  ] GC(1) Mark Stack Usage: 32M
[11.033s][info][gc,nmethod  ] GC(1) NMethods: 2469 registered, 169 unregistered
[11.033s][info][gc,metaspace] GC(1) Metaspace: 34M used, 34M committed, 1088M reserved
[11.033s][info][gc,ref      ] GC(1) Soft: 3731 encountered, 0 discovered, 0 enqueued
[11.033s][info][gc,ref      ] GC(1) Weak: 2398 encountered, 714 discovered, 449 enqueued
[11.033s][info][gc,ref      ] GC(1) Final: 60 encountered, 1 discovered, 0 enqueued
[11.033s][info][gc,ref      ] GC(1) Phantom: 921 encountered, 829 discovered, 331 enqueued
[11.033s][info][gc,reloc    ] GC(1) Small Pages: 52 / 104M, Empty: 0M, Relocated: 15M, In-Place: 0
[11.033s][info][gc,reloc    ] GC(1) Medium Pages: 1 / 32M, Empty: 0M, Relocated: 0M, In-Place: 0
[11.033s][info][gc,reloc    ] GC(1) Large Pages: 0 / 0M, Empty: 0M, Relocated: 0M, In-Place: 0
[11.033s][info][gc,reloc    ] GC(1) Forwarding Usage: 4M
[11.034s][info][gc,heap     ] GC(1) Min Capacity: 8M(1%)
[11.034s][info][gc,heap     ] GC(1) Max Capacity: 1024M(100%)
[11.034s][info][gc,heap     ] GC(1) Soft Max Capacity: 1024M(100%)
[11.034s][info][gc,heap     ] GC(1)                Mark Start          Mark End        Relocate Start      Relocate End           High               Low         
[11.034s][info][gc,heap     ] GC(1)  Capacity:     1024M (100%)       1024M (100%)       1024M (100%)       1024M (100%)       1024M (100%)       1024M (100%)   
[11.034s][info][gc,heap     ] GC(1)      Free:      888M (87%)         886M (87%)         884M (86%)         956M (93%)         956M (93%)         870M (85%)    
[11.034s][info][gc,heap     ] GC(1)      Used:      136M (13%)         138M (13%)         140M (14%)          68M (7%)          154M (15%)          68M (7%)     
[11.034s][info][gc,heap     ] GC(1)      Live:         -                24M (2%)           24M (2%)           24M (2%)             -                  -          
[11.034s][info][gc,heap     ] GC(1) Allocated:         -                 2M (0%)            4M (0%)            5M (1%)             -                  -          
[11.034s][info][gc,heap     ] GC(1)   Garbage:         -               111M (11%)         111M (11%)          37M (4%)             -                  -          
[11.034s][info][gc,heap     ] GC(1) Reclaimed:         -                  -                 0M (0%)           73M (7%)             -                  -          
[11.034s][info][gc          ] GC(1) Garbage Collection (Metadata GC Threshold) 136M(13%)->68M(7%)
[16.429s][info][gc,start    ] GC(2) Garbage Collection (Warmup)
[16.429s][info][gc,task     ] GC(2) Using 10 workers
[16.429s][info][gc,phases   ] GC(2) Pause Mark Start 0.018ms
[16.460s][info][gc,phases   ] GC(2) Concurrent Mark 30.882ms
[16.460s][info][gc,phases   ] GC(2) Pause Mark End 0.024ms
[16.460s][info][gc,phases   ] GC(2) Concurrent Mark Free 0.001ms
[16.463s][info][gc,phases   ] GC(2) Concurrent Process Non-Strong References 2.405ms
[16.463s][info][gc,phases   ] GC(2) Concurrent Reset Relocation Set 0.010ms
[16.467s][info][gc,phases   ] GC(2) Concurrent Select Relocation Set 4.173ms
[16.467s][info][gc,phases   ] GC(2) Pause Relocate Start 0.008ms
[16.470s][info][gc,phases   ] GC(2) Concurrent Relocate 3.259ms
[16.470s][info][gc,load     ] GC(2) Load: 0.00/0.00/0.00
[16.470s][info][gc,mmu      ] GC(2) MMU: 2ms/94.2%, 5ms/97.7%, 10ms/98.8%, 20ms/99.3%, 50ms/99.7%, 100ms/99.9%
[16.470s][info][gc,marking  ] GC(2) Mark: 8 stripe(s), 2 proactive flush(es), 1 terminate flush(es), 0 completion(s), 0 continuation(s) 
[16.470s][info][gc,marking  ] GC(2) Mark Stack Usage: 32M
[16.470s][info][gc,nmethod  ] GC(2) NMethods: 2998 registered, 129 unregistered
[16.470s][info][gc,metaspace] GC(2) Metaspace: 41M used, 41M committed, 1088M reserved
[16.470s][info][gc,ref      ] GC(2) Soft: 3891 encountered, 0 discovered, 0 enqueued
[16.470s][info][gc,ref      ] GC(2) Weak: 2916 encountered, 1044 discovered, 358 enqueued
[16.471s][info][gc,ref      ] GC(2) Final: 60 encountered, 4 discovered, 0 enqueued
[16.471s][info][gc,ref      ] GC(2) Phantom: 875 encountered, 828 discovered, 282 enqueued
[16.471s][info][gc,reloc    ] GC(2) Small Pages: 87 / 174M, Empty: 84M, Relocated: 8M, In-Place: 0
[16.471s][info][gc,reloc    ] GC(2) Medium Pages: 1 / 32M, Empty: 0M, Relocated: 0M, In-Place: 0
[16.471s][info][gc,reloc    ] GC(2) Large Pages: 0 / 0M, Empty: 0M, Relocated: 0M, In-Place: 0
[16.471s][info][gc,reloc    ] GC(2) Forwarding Usage: 2M
[16.471s][info][gc,heap     ] GC(2) Min Capacity: 8M(1%)
[16.471s][info][gc,heap     ] GC(2) Max Capacity: 1024M(100%)
[16.471s][info][gc,heap     ] GC(2) Soft Max Capacity: 1024M(100%)
[16.471s][info][gc,heap     ] GC(2)                Mark Start          Mark End        Relocate Start      Relocate End           High               Low         
[16.471s][info][gc,heap     ] GC(2)  Capacity:     1024M (100%)       1024M (100%)       1024M (100%)       1024M (100%)       1024M (100%)       1024M (100%)   
[16.471s][info][gc,heap     ] GC(2)      Free:      818M (80%)         818M (80%)         900M (88%)         954M (93%)         954M (93%)         816M (80%)    
[16.471s][info][gc,heap     ] GC(2)      Used:      206M (20%)         206M (20%)         124M (12%)          70M (7%)          208M (20%)          70M (7%)     
[16.471s][info][gc,heap     ] GC(2)      Live:         -                27M (3%)           27M (3%)           27M (3%)             -                  -          
[16.471s][info][gc,heap     ] GC(2) Allocated:         -                 0M (0%)            2M (0%)            2M (0%)             -                  -          
[16.471s][info][gc,heap     ] GC(2)   Garbage:         -               178M (17%)          94M (9%)           40M (4%)             -                  -          
[16.471s][info][gc,heap     ] GC(2) Reclaimed:         -                  -                84M (8%)          138M (13%)            -                  -          
[16.471s][info][gc          ] GC(2) Garbage Collection (Warmup) 206M(20%)->70M(7%)
[20.131s][info][gc,stats    ] === Garbage Collection Statistics =======================================================================================================================
[20.131s][info][gc,stats    ]                                                              Last 10s              Last 10m              Last 10h                Total
[20.131s][info][gc,stats    ]                                                              Avg / Max             Avg / Max             Avg / Max             Avg / Max
[20.131s][info][gc,stats    ]   Collector: Garbage Collection Cycle                     49.315 / 56.933       50.906 / 56.933       50.906 / 56.933       50.906 / 56.933      ms
[20.131s][info][gc,stats    ]  Contention: Mark Segment Reset Contention                     0 / 4                 0 / 4                 0 / 4                 0 / 4           ops/s
[20.131s][info][gc,stats    ]  Contention: Mark SeqNum Reset Contention                      0 / 1                 0 / 1                 0 / 1                 0 / 1           ops/s
[20.131s][info][gc,stats    ]    Critical: Allocation Stall                                  0 / 0                 0 / 0                 0 / 0                 0 / 0           ops/s
[20.131s][info][gc,stats    ]    Critical: Allocation Stall                              0.000 / 0.000         0.000 / 0.000         0.000 / 0.000         0.000 / 0.000       ms
[20.131s][info][gc,stats    ]    Critical: GC Locker Stall                                   0 / 0                 0 / 0                 0 / 0                 0 / 0           ops/s
[20.131s][info][gc,stats    ]    Critical: GC Locker Stall                               0.000 / 0.000         0.000 / 0.000         0.000 / 0.000         0.000 / 0.000       ms
[20.131s][info][gc,stats    ]    Critical: Relocation Stall                                  0 / 0                 0 / 0                 0 / 0                 0 / 0           ops/s
[20.131s][info][gc,stats    ]    Critical: Relocation Stall                              0.000 / 0.000         0.000 / 0.000         0.000 / 0.000         0.000 / 0.000       ms
[20.131s][info][gc,stats    ]      Memory: Allocation Rate                                  20 / 74               16 / 74               16 / 74               16 / 74          MB/s
[20.131s][info][gc,stats    ]      Memory: Defragment                                        0 / 0                 0 / 0                 0 / 0                 0 / 0           ops/s
[20.131s][info][gc,stats    ]      Memory: Out Of Memory                                     0 / 0                 0 / 0                 0 / 0                 0 / 0           ops/s
[20.131s][info][gc,stats    ]      Memory: Page Cache Flush                                  0 / 0                 0 / 0                 0 / 0                 0 / 0           MB/s
[20.131s][info][gc,stats    ]      Memory: Page Cache Hit L1                                 8 / 36                4 / 36                4 / 36                4 / 36          ops/s
[20.131s][info][gc,stats    ]      Memory: Page Cache Hit L2                                 0 / 0                 0 / 0                 0 / 0                 0 / 0           ops/s
[20.132s][info][gc,stats    ]      Memory: Page Cache Hit L3                                 4 / 13                4 / 23                4 / 23                4 / 23          ops/s
[20.132s][info][gc,stats    ]      Memory: Page Cache Miss                                   0 / 0                 0 / 1                 0 / 1                 0 / 1           ops/s
[20.132s][info][gc,stats    ]      Memory: Uncommit                                          0 / 0                 0 / 0                 0 / 0                 0 / 0           MB/s
[20.132s][info][gc,stats    ]      Memory: Undo Object Allocation Failed                     0 / 0                 0 / 1                 0 / 1                 0 / 1           ops/s
[20.132s][info][gc,stats    ]      Memory: Undo Object Allocation Succeeded                  0 / 0                 0 / 0                 0 / 0                 0 / 0           ops/s
[20.132s][info][gc,stats    ]      Memory: Undo Page Allocation                              0 / 0                 0 / 0                 0 / 0                 0 / 0           ops/s
[20.132s][info][gc,stats    ]       Phase: Concurrent Mark                              27.540 / 30.882       28.628 / 30.882       28.628 / 30.882       28.628 / 30.882      ms
[20.132s][info][gc,stats    ]       Phase: Concurrent Mark Continue                      0.000 / 0.000         0.000 / 0.000         0.000 / 0.000         0.000 / 0.000       ms
[20.132s][info][gc,stats    ]       Phase: Concurrent Mark Free                          0.001 / 0.001         0.001 / 0.001         0.001 / 0.001         0.001 / 0.001       ms
[20.132s][info][gc,stats    ]       Phase: Concurrent Process Non-Strong References      9.143 / 15.881        6.798 / 15.881        6.798 / 15.881        6.798 / 15.881      ms
[20.132s][info][gc,stats    ]       Phase: Concurrent Relocate                           4.938 / 6.618         4.651 / 6.618         4.651 / 6.618         4.651 / 6.618       ms
[20.132s][info][gc,stats    ]       Phase: Concurrent Reset Relocation Set               0.008 / 0.010         0.006 / 0.010         0.006 / 0.010         0.006 / 0.010       ms
[20.132s][info][gc,stats    ]       Phase: Concurrent Select Relocation Set              6.199 / 8.224         9.424 / 15.875        9.424 / 15.875        9.424 / 15.875      ms
[20.132s][info][gc,stats    ]       Phase: Pause Mark End                                0.022 / 0.024         0.053 / 0.116         0.053 / 0.116         0.053 / 0.116       ms
[20.132s][info][gc,stats    ]       Phase: Pause Mark Start                              0.016 / 0.018         0.014 / 0.018         0.014 / 0.018         0.014 / 0.018       ms
[20.132s][info][gc,stats    ]       Phase: Pause Relocate Start                          0.009 / 0.010         0.011 / 0.017         0.011 / 0.017         0.011 / 0.017       ms
[20.132s][info][gc,stats    ]    Subphase: Concurrent Classes Purge                      0.638 / 0.691         0.797 / 1.115         0.797 / 1.115         0.797 / 1.115       ms
[20.132s][info][gc,stats    ]    Subphase: Concurrent Classes Unlink                     0.925 / 1.121         0.832 / 1.121         0.832 / 1.121         0.832 / 1.121       ms
[20.132s][info][gc,stats    ]    Subphase: Concurrent Mark                              22.342 / 25.646       23.758 / 28.313       23.758 / 28.313       23.758 / 28.313      ms
[20.132s][info][gc,stats    ]    Subphase: Concurrent Mark Try Flush                     0.105 / 0.157         0.084 / 0.157         0.084 / 0.157         0.084 / 0.157       ms
[20.132s][info][gc,stats    ]    Subphase: Concurrent Mark Try Terminate                 7.469 / 11.508        8.241 / 16.027        8.241 / 16.027        8.241 / 16.027      ms
[20.132s][info][gc,stats    ]    Subphase: Concurrent References Enqueue                 0.004 / 0.004         0.004 / 0.004         0.004 / 0.004         0.004 / 0.004       ms
[20.132s][info][gc,stats    ]    Subphase: Concurrent References Process                 0.122 / 0.129         0.136 / 0.163         0.136 / 0.163         0.136 / 0.163       ms
[20.132s][info][gc,stats    ]    Subphase: Concurrent Roots ClassLoaderDataGraph         0.101 / 0.900         0.109 / 0.900         0.109 / 0.900         0.109 / 0.900       ms
[20.132s][info][gc,stats    ]    Subphase: Concurrent Roots CodeCache                    0.000 / 0.000         0.000 / 0.000         0.000 / 0.000         0.000 / 0.000       ms
[20.132s][info][gc,stats    ]    Subphase: Concurrent Roots JavaThreads                  3.966 / 5.102         2.958 / 5.102         2.958 / 5.102         2.958 / 5.102       ms
[20.132s][info][gc,stats    ]    Subphase: Concurrent Roots OopStorageSet                0.021 / 0.059         0.053 / 0.265         0.053 / 0.265         0.053 / 0.265       ms
[20.132s][info][gc,stats    ]    Subphase: Concurrent Weak Roots OopStorageSet           0.331 / 0.406         0.253 / 0.406         0.253 / 0.406         0.253 / 0.406       ms
[20.133s][info][gc,stats    ]    Subphase: Pause Mark Try Complete                       0.000 / 0.000         0.009 / 0.069         0.009 / 0.069         0.009 / 0.069       ms
[20.133s][info][gc,stats    ]      System: Java Threads                                     99 / 101              71 / 101              71 / 101              71 / 101         threads
[20.133s][info][gc,stats    ] =========================================================================================================================================================
[30.133s][info][gc,stats    ] === Garbage Collection Statistics =======================================================================================================================
[30.133s][info][gc,stats    ]                                                              Last 10s              Last 10m              Last 10h                Total
[30.133s][info][gc,stats    ]                                                              Avg / Max             Avg / Max             Avg / Max             Avg / Max
[30.133s][info][gc,stats    ]   Collector: Garbage Collection Cycle                      0.000 / 0.000        50.906 / 56.933       50.906 / 56.933       50.906 / 56.933      ms
[30.133s][info][gc,stats    ]  Contention: Mark Segment Reset Contention                     0 / 0                 0 / 4                 0 / 4                 0 / 4           ops/s
[30.133s][info][gc,stats    ]  Contention: Mark SeqNum Reset Contention                      0 / 0                 0 / 1                 0 / 1                 0 / 1           ops/s
[30.133s][info][gc,stats    ]    Critical: Allocation Stall                                  0 / 0                 0 / 0                 0 / 0                 0 / 0           ops/s
[30.133s][info][gc,stats    ]    Critical: Allocation Stall                              0.000 / 0.000         0.000 / 0.000         0.000 / 0.000         0.000 / 0.000       ms
[30.133s][info][gc,stats    ]    Critical: GC Locker Stall                                   0 / 0                 0 / 0                 0 / 0                 0 / 0           ops/s
[30.133s][info][gc,stats    ]    Critical: GC Locker Stall                               0.000 / 0.000         0.000 / 0.000         0.000 / 0.000         0.000 / 0.000       ms
[30.133s][info][gc,stats    ]    Critical: Relocation Stall                                  0 / 0                 0 / 0                 0 / 0                 0 / 0           ops/s
[30.133s][info][gc,stats    ]    Critical: Relocation Stall                              0.000 / 0.000         0.000 / 0.000         0.000 / 0.000         0.000 / 0.000       ms
[30.133s][info][gc,stats    ]      Memory: Allocation Rate                                   0 / 4                11 / 74               11 / 74               11 / 74          MB/s
[30.133s][info][gc,stats    ]      Memory: Defragment                                        0 / 0                 0 / 0                 0 / 0                 0 / 0           ops/s
[30.133s][info][gc,stats    ]      Memory: Out Of Memory                                     0 / 0                 0 / 0                 0 / 0                 0 / 0           ops/s
[30.133s][info][gc,stats    ]      Memory: Page Cache Flush                                  0 / 0                 0 / 0                 0 / 0                 0 / 0           MB/s
[30.133s][info][gc,stats    ]      Memory: Page Cache Hit L1                                 0 / 2                 3 / 36                3 / 36                3 / 36          ops/s
[30.133s][info][gc,stats    ]      Memory: Page Cache Hit L2                                 0 / 0                 0 / 0                 0 / 0                 0 / 0           ops/s
[30.134s][info][gc,stats    ]      Memory: Page Cache Hit L3                                 0 / 0                 2 / 23                2 / 23                2 / 23          ops/s
[30.134s][info][gc,stats    ]      Memory: Page Cache Miss                                   0 / 0                 0 / 1                 0 / 1                 0 / 1           ops/s
[30.134s][info][gc,stats    ]      Memory: Uncommit                                          0 / 0                 0 / 0                 0 / 0                 0 / 0           MB/s
[30.134s][info][gc,stats    ]      Memory: Undo Object Allocation Failed                     0 / 0                 0 / 1                 0 / 1                 0 / 1           ops/s
[30.134s][info][gc,stats    ]      Memory: Undo Object Allocation Succeeded                  0 / 0                 0 / 0                 0 / 0                 0 / 0           ops/s
[30.134s][info][gc,stats    ]      Memory: Undo Page Allocation                              0 / 0                 0 / 0                 0 / 0                 0 / 0           ops/s
[30.134s][info][gc,stats    ]       Phase: Concurrent Mark                               0.000 / 0.000        28.628 / 30.882       28.628 / 30.882       28.628 / 30.882      ms
[30.134s][info][gc,stats    ]       Phase: Concurrent Mark Continue                      0.000 / 0.000         0.000 / 0.000         0.000 / 0.000         0.000 / 0.000       ms
[30.134s][info][gc,stats    ]       Phase: Concurrent Mark Free                          0.000 / 0.000         0.001 / 0.001         0.001 / 0.001         0.001 / 0.001       ms
[30.134s][info][gc,stats    ]       Phase: Concurrent Process Non-Strong References      0.000 / 0.000         6.798 / 15.881        6.798 / 15.881        6.798 / 15.881      ms
[30.134s][info][gc,stats    ]       Phase: Concurrent Relocate                           0.000 / 0.000         4.651 / 6.618         4.651 / 6.618         4.651 / 6.618       ms
[30.134s][info][gc,stats    ]       Phase: Concurrent Reset Relocation Set               0.000 / 0.000         0.006 / 0.010         0.006 / 0.010         0.006 / 0.010       ms
[30.134s][info][gc,stats    ]       Phase: Concurrent Select Relocation Set              0.000 / 0.000         9.424 / 15.875        9.424 / 15.875        9.424 / 15.875      ms
[30.134s][info][gc,stats    ]       Phase: Pause Mark End                                0.000 / 0.000         0.053 / 0.116         0.053 / 0.116         0.053 / 0.116       ms
[30.134s][info][gc,stats    ]       Phase: Pause Mark Start                              0.000 / 0.000         0.014 / 0.018         0.014 / 0.018         0.014 / 0.018       ms
[30.134s][info][gc,stats    ]       Phase: Pause Relocate Start                          0.000 / 0.000         0.011 / 0.017         0.011 / 0.017         0.011 / 0.017       ms
[30.134s][info][gc,stats    ]    Subphase: Concurrent Classes Purge                      0.000 / 0.000         0.797 / 1.115         0.797 / 1.115         0.797 / 1.115       ms
[30.134s][info][gc,stats    ]    Subphase: Concurrent Classes Unlink                     0.000 / 0.000         0.832 / 1.121         0.832 / 1.121         0.832 / 1.121       ms
[30.134s][info][gc,stats    ]    Subphase: Concurrent Mark                               0.000 / 0.000        23.758 / 28.313       23.758 / 28.313       23.758 / 28.313      ms
[30.134s][info][gc,stats    ]    Subphase: Concurrent Mark Try Flush                     0.000 / 0.000         0.084 / 0.157         0.084 / 0.157         0.084 / 0.157       ms
[30.134s][info][gc,stats    ]    Subphase: Concurrent Mark Try Terminate                 0.000 / 0.000         8.241 / 16.027        8.241 / 16.027        8.241 / 16.027      ms
[30.134s][info][gc,stats    ]    Subphase: Concurrent References Enqueue                 0.000 / 0.000         0.004 / 0.004         0.004 / 0.004         0.004 / 0.004       ms
[30.134s][info][gc,stats    ]    Subphase: Concurrent References Process                 0.000 / 0.000         0.136 / 0.163         0.136 / 0.163         0.136 / 0.163       ms
[30.134s][info][gc,stats    ]    Subphase: Concurrent Roots ClassLoaderDataGraph         0.000 / 0.000         0.109 / 0.900         0.109 / 0.900         0.109 / 0.900       ms
[30.134s][info][gc,stats    ]    Subphase: Concurrent Roots CodeCache                    0.000 / 0.000         0.000 / 0.000         0.000 / 0.000         0.000 / 0.000       ms
[30.135s][info][gc,stats    ]    Subphase: Concurrent Roots JavaThreads                  0.000 / 0.000         2.958 / 5.102         2.958 / 5.102         2.958 / 5.102       ms
[30.135s][info][gc,stats    ]    Subphase: Concurrent Roots OopStorageSet                0.000 / 0.000         0.053 / 0.265         0.053 / 0.265         0.053 / 0.265       ms
[30.135s][info][gc,stats    ]    Subphase: Concurrent Weak Roots OopStorageSet           0.000 / 0.000         0.253 / 0.406         0.253 / 0.406         0.253 / 0.406       ms
[30.135s][info][gc,stats    ]    Subphase: Pause Mark Try Complete                       0.000 / 0.000         0.009 / 0.069         0.009 / 0.069         0.009 / 0.069       ms
[30.135s][info][gc,stats    ]      System: Java Threads                                      0 / 0                71 / 101              71 / 101              71 / 101         threads
[30.135s][info][gc,stats    ] =========================================================================================================================================================
[40.128s][info][gc,stats    ] === Garbage Collection Statistics =======================================================================================================================
[40.128s][info][gc,stats    ]                                                              Last 10s              Last 10m              Last 10h                Total
[40.128s][info][gc,stats    ]                                                              Avg / Max             Avg / Max             Avg / Max             Avg / Max
[40.128s][info][gc,stats    ]   Collector: Garbage Collection Cycle                      0.000 / 0.000        50.906 / 56.933       50.906 / 56.933       50.906 / 56.933      ms
[40.128s][info][gc,stats    ]  Contention: Mark Segment Reset Contention                     0 / 0                 0 / 4                 0 / 4                 0 / 4           ops/s
[40.128s][info][gc,stats    ]  Contention: Mark SeqNum Reset Contention                      0 / 0                 0 / 1                 0 / 1                 0 / 1           ops/s
[40.128s][info][gc,stats    ]    Critical: Allocation Stall                                  0 / 0                 0 / 0                 0 / 0                 0 / 0           ops/s
[40.128s][info][gc,stats    ]    Critical: Allocation Stall                              0.000 / 0.000         0.000 / 0.000         0.000 / 0.000         0.000 / 0.000       ms
[40.129s][info][gc,stats    ]    Critical: GC Locker Stall                                   0 / 0                 0 / 0                 0 / 0                 0 / 0           ops/s
[40.129s][info][gc,stats    ]    Critical: GC Locker Stall                               0.000 / 0.000         0.000 / 0.000         0.000 / 0.000         0.000 / 0.000       ms
[40.129s][info][gc,stats    ]    Critical: Relocation Stall                                  0 / 0                 0 / 0                 0 / 0                 0 / 0           ops/s
[40.129s][info][gc,stats    ]    Critical: Relocation Stall                              0.000 / 0.000         0.000 / 0.000         0.000 / 0.000         0.000 / 0.000       ms
[40.129s][info][gc,stats    ]      Memory: Allocation Rate                                   1 / 12                8 / 74                8 / 74                8 / 74          MB/s
[40.129s][info][gc,stats    ]      Memory: Defragment                                        0 / 0                 0 / 0                 0 / 0                 0 / 0           ops/s
[40.129s][info][gc,stats    ]      Memory: Out Of Memory                                     0 / 0                 0 / 0                 0 / 0                 0 / 0           ops/s
[40.129s][info][gc,stats    ]      Memory: Page Cache Flush                                  0 / 0                 0 / 0                 0 / 0                 0 / 0           MB/s
[40.129s][info][gc,stats    ]      Memory: Page Cache Hit L1                                 0 / 6                 2 / 36                2 / 36                2 / 36          ops/s
[40.129s][info][gc,stats    ]      Memory: Page Cache Hit L2                                 0 / 0                 0 / 0                 0 / 0                 0 / 0           ops/s
[40.129s][info][gc,stats    ]      Memory: Page Cache Hit L3                                 0 / 0                 2 / 23                2 / 23                2 / 23          ops/s
[40.129s][info][gc,stats    ]      Memory: Page Cache Miss                                   0 / 0                 0 / 1                 0 / 1                 0 / 1           ops/s
[40.129s][info][gc,stats    ]      Memory: Uncommit                                          0 / 0                 0 / 0                 0 / 0                 0 / 0           MB/s
[40.129s][info][gc,stats    ]      Memory: Undo Object Allocation Failed                     0 / 0                 0 / 1                 0 / 1                 0 / 1           ops/s
[40.129s][info][gc,stats    ]      Memory: Undo Object Allocation Succeeded                  0 / 0                 0 / 0                 0 / 0                 0 / 0           ops/s
[40.129s][info][gc,stats    ]      Memory: Undo Page Allocation                              0 / 0                 0 / 0                 0 / 0                 0 / 0           ops/s
[40.129s][info][gc,stats    ]       Phase: Concurrent Mark                               0.000 / 0.000        28.628 / 30.882       28.628 / 30.882       28.628 / 30.882      ms
[40.129s][info][gc,stats    ]       Phase: Concurrent Mark Continue                      0.000 / 0.000         0.000 / 0.000         0.000 / 0.000         0.000 / 0.000       ms
[40.129s][info][gc,stats    ]       Phase: Concurrent Mark Free                          0.000 / 0.000         0.001 / 0.001         0.001 / 0.001         0.001 / 0.001       ms
[40.129s][info][gc,stats    ]       Phase: Concurrent Process Non-Strong References      0.000 / 0.000         6.798 / 15.881        6.798 / 15.881        6.798 / 15.881      ms
[40.129s][info][gc,stats    ]       Phase: Concurrent Relocate                           0.000 / 0.000         4.651 / 6.618         4.651 / 6.618         4.651 / 6.618       ms
[40.129s][info][gc,stats    ]       Phase: Concurrent Reset Relocation Set               0.000 / 0.000         0.006 / 0.010         0.006 / 0.010         0.006 / 0.010       ms
[40.129s][info][gc,stats    ]       Phase: Concurrent Select Relocation Set              0.000 / 0.000         9.424 / 15.875        9.424 / 15.875        9.424 / 15.875      ms
[40.129s][info][gc,stats    ]       Phase: Pause Mark End                                0.000 / 0.000         0.053 / 0.116         0.053 / 0.116         0.053 / 0.116       ms
[40.129s][info][gc,stats    ]       Phase: Pause Mark Start                              0.000 / 0.000         0.014 / 0.018         0.014 / 0.018         0.014 / 0.018       ms
[40.129s][info][gc,stats    ]       Phase: Pause Relocate Start                          0.000 / 0.000         0.011 / 0.017         0.011 / 0.017         0.011 / 0.017       ms
[40.129s][info][gc,stats    ]    Subphase: Concurrent Classes Purge                      0.000 / 0.000         0.797 / 1.115         0.797 / 1.115         0.797 / 1.115       ms
[40.129s][info][gc,stats    ]    Subphase: Concurrent Classes Unlink                     0.000 / 0.000         0.832 / 1.121         0.832 / 1.121         0.832 / 1.121       ms
[40.129s][info][gc,stats    ]    Subphase: Concurrent Mark                               0.000 / 0.000        23.758 / 28.313       23.758 / 28.313       23.758 / 28.313      ms
[40.130s][info][gc,stats    ]    Subphase: Concurrent Mark Try Flush                     0.000 / 0.000         0.084 / 0.157         0.084 / 0.157         0.084 / 0.157       ms
[40.130s][info][gc,stats    ]    Subphase: Concurrent Mark Try Terminate                 0.000 / 0.000         8.241 / 16.027        8.241 / 16.027        8.241 / 16.027      ms
[40.130s][info][gc,stats    ]    Subphase: Concurrent References Enqueue                 0.000 / 0.000         0.004 / 0.004         0.004 / 0.004         0.004 / 0.004       ms
[40.130s][info][gc,stats    ]    Subphase: Concurrent References Process                 0.000 / 0.000         0.136 / 0.163         0.136 / 0.163         0.136 / 0.163       ms
[40.130s][info][gc,stats    ]    Subphase: Concurrent Roots ClassLoaderDataGraph         0.000 / 0.000         0.109 / 0.900         0.109 / 0.900         0.109 / 0.900       ms
[40.130s][info][gc,stats    ]    Subphase: Concurrent Roots CodeCache                    0.000 / 0.000         0.000 / 0.000         0.000 / 0.000         0.000 / 0.000       ms
[40.130s][info][gc,stats    ]    Subphase: Concurrent Roots JavaThreads                  0.000 / 0.000         2.958 / 5.102         2.958 / 5.102         2.958 / 5.102       ms
[40.130s][info][gc,stats    ]    Subphase: Concurrent Roots OopStorageSet                0.000 / 0.000         0.053 / 0.265         0.053 / 0.265         0.053 / 0.265       ms
[40.130s][info][gc,stats    ]    Subphase: Concurrent Weak Roots OopStorageSet           0.000 / 0.000         0.253 / 0.406         0.253 / 0.406         0.253 / 0.406       ms
[40.130s][info][gc,stats    ]    Subphase: Pause Mark Try Complete                       0.000 / 0.000         0.009 / 0.069         0.009 / 0.069         0.009 / 0.069       ms
[40.130s][info][gc,stats    ]      System: Java Threads                                      0 / 0                71 / 101              71 / 101              71 / 101         threads
[40.130s][info][gc,stats    ] =========================================================================================================================================================
[50.142s][info][gc,stats    ] === Garbage Collection Statistics =======================================================================================================================
[50.142s][info][gc,stats    ]                                                              Last 10s              Last 10m              Last 10h                Total
[50.142s][info][gc,stats    ]                                                              Avg / Max             Avg / Max             Avg / Max             Avg / Max
[50.142s][info][gc,stats    ]   Collector: Garbage Collection Cycle                      0.000 / 0.000        50.906 / 56.933       50.906 / 56.933       50.906 / 56.933      ms
[50.142s][info][gc,stats    ]  Contention: Mark Segment Reset Contention                     0 / 0                 0 / 4                 0 / 4                 0 / 4           ops/s
[50.142s][info][gc,stats    ]  Contention: Mark SeqNum Reset Contention                      0 / 0                 0 / 1                 0 / 1                 0 / 1           ops/s
[50.142s][info][gc,stats    ]    Critical: Allocation Stall                                  0 / 0                 0 / 0                 0 / 0                 0 / 0           ops/s
[50.142s][info][gc,stats    ]    Critical: Allocation Stall                              0.000 / 0.000         0.000 / 0.000         0.000 / 0.000         0.000 / 0.000       ms
[50.142s][info][gc,stats    ]    Critical: GC Locker Stall                                   0 / 0                 0 / 0                 0 / 0                 0 / 0           ops/s
[50.142s][info][gc,stats    ]    Critical: GC Locker Stall                               0.000 / 0.000         0.000 / 0.000         0.000 / 0.000         0.000 / 0.000       ms
[50.142s][info][gc,stats    ]    Critical: Relocation Stall                                  0 / 0                 0 / 0                 0 / 0                 0 / 0           ops/s
[50.142s][info][gc,stats    ]    Critical: Relocation Stall                              0.000 / 0.000         0.000 / 0.000         0.000 / 0.000         0.000 / 0.000       ms
[50.142s][info][gc,stats    ]      Memory: Allocation Rate                                   2 / 8                 7 / 74                7 / 74                7 / 74          MB/s
[50.142s][info][gc,stats    ]      Memory: Defragment                                        0 / 0                 0 / 0                 0 / 0                 0 / 0           ops/s
[50.142s][info][gc,stats    ]      Memory: Out Of Memory                                     0 / 0                 0 / 0                 0 / 0                 0 / 0           ops/s
[50.143s][info][gc,stats    ]      Memory: Page Cache Flush                                  0 / 0                 0 / 0                 0 / 0                 0 / 0           MB/s
[50.143s][info][gc,stats    ]      Memory: Page Cache Hit L1                                 1 / 4                 2 / 36                2 / 36                2 / 36          ops/s
[50.143s][info][gc,stats    ]      Memory: Page Cache Hit L2                                 0 / 0                 0 / 0                 0 / 0                 0 / 0           ops/s
[50.143s][info][gc,stats    ]      Memory: Page Cache Hit L3                                 0 / 0                 1 / 23                1 / 23                1 / 23          ops/s
[50.143s][info][gc,stats    ]      Memory: Page Cache Miss                                   0 / 0                 0 / 1                 0 / 1                 0 / 1           ops/s
[50.143s][info][gc,stats    ]      Memory: Uncommit                                          0 / 0                 0 / 0                 0 / 0                 0 / 0           MB/s
[50.143s][info][gc,stats    ]      Memory: Undo Object Allocation Failed                     0 / 0                 0 / 1                 0 / 1                 0 / 1           ops/s
[50.143s][info][gc,stats    ]      Memory: Undo Object Allocation Succeeded                  0 / 0                 0 / 0                 0 / 0                 0 / 0           ops/s
[50.143s][info][gc,stats    ]      Memory: Undo Page Allocation                              0 / 0                 0 / 0                 0 / 0                 0 / 0           ops/s
[50.143s][info][gc,stats    ]       Phase: Concurrent Mark                               0.000 / 0.000        28.628 / 30.882       28.628 / 30.882       28.628 / 30.882      ms
[50.143s][info][gc,stats    ]       Phase: Concurrent Mark Continue                      0.000 / 0.000         0.000 / 0.000         0.000 / 0.000         0.000 / 0.000       ms
[50.143s][info][gc,stats    ]       Phase: Concurrent Mark Free                          0.000 / 0.000         0.001 / 0.001         0.001 / 0.001         0.001 / 0.001       ms
[50.143s][info][gc,stats    ]       Phase: Concurrent Process Non-Strong References      0.000 / 0.000         6.798 / 15.881        6.798 / 15.881        6.798 / 15.881      ms
[50.143s][info][gc,stats    ]       Phase: Concurrent Relocate                           0.000 / 0.000         4.651 / 6.618         4.651 / 6.618         4.651 / 6.618       ms
[50.143s][info][gc,stats    ]       Phase: Concurrent Reset Relocation Set               0.000 / 0.000         0.006 / 0.010         0.006 / 0.010         0.006 / 0.010       ms
[50.143s][info][gc,stats    ]       Phase: Concurrent Select Relocation Set              0.000 / 0.000         9.424 / 15.875        9.424 / 15.875        9.424 / 15.875      ms
[50.143s][info][gc,stats    ]       Phase: Pause Mark End                                0.000 / 0.000         0.053 / 0.116         0.053 / 0.116         0.053 / 0.116       ms
[50.143s][info][gc,stats    ]       Phase: Pause Mark Start                              0.000 / 0.000         0.014 / 0.018         0.014 / 0.018         0.014 / 0.018       ms
[50.143s][info][gc,stats    ]       Phase: Pause Relocate Start                          0.000 / 0.000         0.011 / 0.017         0.011 / 0.017         0.011 / 0.017       ms
[50.143s][info][gc,stats    ]    Subphase: Concurrent Classes Purge                      0.000 / 0.000         0.797 / 1.115         0.797 / 1.115         0.797 / 1.115       ms
[50.143s][info][gc,stats    ]    Subphase: Concurrent Classes Unlink                     0.000 / 0.000         0.832 / 1.121         0.832 / 1.121         0.832 / 1.121       ms
[50.143s][info][gc,stats    ]    Subphase: Concurrent Mark                               0.000 / 0.000        23.758 / 28.313       23.758 / 28.313       23.758 / 28.313      ms
[50.143s][info][gc,stats    ]    Subphase: Concurrent Mark Try Flush                     0.000 / 0.000         0.084 / 0.157         0.084 / 0.157         0.084 / 0.157       ms
[50.143s][info][gc,stats    ]    Subphase: Concurrent Mark Try Terminate                 0.000 / 0.000         8.241 / 16.027        8.241 / 16.027        8.241 / 16.027      ms
[50.143s][info][gc,stats    ]    Subphase: Concurrent References Enqueue                 0.000 / 0.000         0.004 / 0.004         0.004 / 0.004         0.004 / 0.004       ms
[50.143s][info][gc,stats    ]    Subphase: Concurrent References Process                 0.000 / 0.000         0.136 / 0.163         0.136 / 0.163         0.136 / 0.163       ms
[50.143s][info][gc,stats    ]    Subphase: Concurrent Roots ClassLoaderDataGraph         0.000 / 0.000         0.109 / 0.900         0.109 / 0.900         0.109 / 0.900       ms
[50.143s][info][gc,stats    ]    Subphase: Concurrent Roots CodeCache                    0.000 / 0.000         0.000 / 0.000         0.000 / 0.000         0.000 / 0.000       ms
[50.143s][info][gc,stats    ]    Subphase: Concurrent Roots JavaThreads                  0.000 / 0.000         2.958 / 5.102         2.958 / 5.102         2.958 / 5.102       ms
[50.144s][info][gc,stats    ]    Subphase: Concurrent Roots OopStorageSet                0.000 / 0.000         0.053 / 0.265         0.053 / 0.265         0.053 / 0.265       ms
[50.144s][info][gc,stats    ]    Subphase: Concurrent Weak Roots OopStorageSet           0.000 / 0.000         0.253 / 0.406         0.253 / 0.406         0.253 / 0.406       ms
[50.144s][info][gc,stats    ]    Subphase: Pause Mark Try Complete                       0.000 / 0.000         0.009 / 0.069         0.009 / 0.069         0.009 / 0.069       ms
[50.144s][info][gc,stats    ]      System: Java Threads                                      0 / 0                71 / 101              71 / 101              71 / 101         threads
[50.144s][info][gc,stats    ] =========================================================================================================================================================
[60.128s][info][gc,stats    ] === Garbage Collection Statistics =======================================================================================================================
[60.128s][info][gc,stats    ]                                                              Last 10s              Last 10m              Last 10h                Total
[60.128s][info][gc,stats    ]                                                              Avg / Max             Avg / Max             Avg / Max             Avg / Max
[60.129s][info][gc,stats    ]   Collector: Garbage Collection Cycle                      0.000 / 0.000        50.906 / 56.933       50.906 / 56.933       50.906 / 56.933      ms
[60.129s][info][gc,stats    ]  Contention: Mark Segment Reset Contention                     0 / 0                 0 / 4                 0 / 4                 0 / 4           ops/s
[60.129s][info][gc,stats    ]  Contention: Mark SeqNum Reset Contention                      0 / 0                 0 / 1                 0 / 1                 0 / 1           ops/s
[60.129s][info][gc,stats    ]    Critical: Allocation Stall                                  0 / 0                 0 / 0                 0 / 0                 0 / 0           ops/s
[60.129s][info][gc,stats    ]    Critical: Allocation Stall                              0.000 / 0.000         0.000 / 0.000         0.000 / 0.000         0.000 / 0.000       ms
[60.129s][info][gc,stats    ]    Critical: GC Locker Stall                                   0 / 0                 0 / 0                 0 / 0                 0 / 0           ops/s
[60.129s][info][gc,stats    ]    Critical: GC Locker Stall                               0.000 / 0.000         0.000 / 0.000         0.000 / 0.000         0.000 / 0.000       ms
[60.129s][info][gc,stats    ]    Critical: Relocation Stall                                  0 / 0                 0 / 0                 0 / 0                 0 / 0           ops/s
[60.129s][info][gc,stats    ]    Critical: Relocation Stall                              0.000 / 0.000         0.000 / 0.000         0.000 / 0.000         0.000 / 0.000       ms
[60.129s][info][gc,stats    ]      Memory: Allocation Rate                                   0 / 2                 6 / 74                6 / 74                6 / 74          MB/s
[60.129s][info][gc,stats    ]      Memory: Defragment                                        0 / 0                 0 / 0                 0 / 0                 0 / 0           ops/s
[60.129s][info][gc,stats    ]      Memory: Out Of Memory                                     0 / 0                 0 / 0                 0 / 0                 0 / 0           ops/s
[60.129s][info][gc,stats    ]      Memory: Page Cache Flush                                  0 / 0                 0 / 0                 0 / 0                 0 / 0           MB/s
[60.129s][info][gc,stats    ]      Memory: Page Cache Hit L1                                 0 / 1                 1 / 36                1 / 36                1 / 36          ops/s
[60.129s][info][gc,stats    ]      Memory: Page Cache Hit L2                                 0 / 0                 0 / 0                 0 / 0                 0 / 0           ops/s
[60.129s][info][gc,stats    ]      Memory: Page Cache Hit L3                                 0 / 0                 1 / 23                1 / 23                1 / 23          ops/s
[60.129s][info][gc,stats    ]      Memory: Page Cache Miss                                   0 / 0                 0 / 1                 0 / 1                 0 / 1           ops/s
[60.129s][info][gc,stats    ]      Memory: Uncommit                                          0 / 0                 0 / 0                 0 / 0                 0 / 0           MB/s
[60.129s][info][gc,stats    ]      Memory: Undo Object Allocation Failed                     0 / 0                 0 / 1                 0 / 1                 0 / 1           ops/s
[60.129s][info][gc,stats    ]      Memory: Undo Object Allocation Succeeded                  0 / 0                 0 / 0                 0 / 0                 0 / 0           ops/s
[60.129s][info][gc,stats    ]      Memory: Undo Page Allocation                              0 / 0                 0 / 0                 0 / 0                 0 / 0           ops/s
[60.129s][info][gc,stats    ]       Phase: Concurrent Mark                               0.000 / 0.000        28.628 / 30.882       28.628 / 30.882       28.628 / 30.882      ms
[60.129s][info][gc,stats    ]       Phase: Concurrent Mark Continue                      0.000 / 0.000         0.000 / 0.000         0.000 / 0.000         0.000 / 0.000       ms
[60.129s][info][gc,stats    ]       Phase: Concurrent Mark Free                          0.000 / 0.000         0.001 / 0.001         0.001 / 0.001         0.001 / 0.001       ms
[60.129s][info][gc,stats    ]       Phase: Concurrent Process Non-Strong References      0.000 / 0.000         6.798 / 15.881        6.798 / 15.881        6.798 / 15.881      ms
[60.129s][info][gc,stats    ]       Phase: Concurrent Relocate                           0.000 / 0.000         4.651 / 6.618         4.651 / 6.618         4.651 / 6.618       ms
[60.129s][info][gc,stats    ]       Phase: Concurrent Reset Relocation Set               0.000 / 0.000         0.006 / 0.010         0.006 / 0.010         0.006 / 0.010       ms
[60.129s][info][gc,stats    ]       Phase: Concurrent Select Relocation Set              0.000 / 0.000         9.424 / 15.875        9.424 / 15.875        9.424 / 15.875      ms
[60.129s][info][gc,stats    ]       Phase: Pause Mark End                                0.000 / 0.000         0.053 / 0.116         0.053 / 0.116         0.053 / 0.116       ms
[60.130s][info][gc,stats    ]       Phase: Pause Mark Start                              0.000 / 0.000         0.014 / 0.018         0.014 / 0.018         0.014 / 0.018       ms
[60.130s][info][gc,stats    ]       Phase: Pause Relocate Start                          0.000 / 0.000         0.011 / 0.017         0.011 / 0.017         0.011 / 0.017       ms
[60.130s][info][gc,stats    ]    Subphase: Concurrent Classes Purge                      0.000 / 0.000         0.797 / 1.115         0.797 / 1.115         0.797 / 1.115       ms
[60.130s][info][gc,stats    ]    Subphase: Concurrent Classes Unlink                     0.000 / 0.000         0.832 / 1.121         0.832 / 1.121         0.832 / 1.121       ms
[60.130s][info][gc,stats    ]    Subphase: Concurrent Mark                               0.000 / 0.000        23.758 / 28.313       23.758 / 28.313       23.758 / 28.313      ms
[60.130s][info][gc,stats    ]    Subphase: Concurrent Mark Try Flush                     0.000 / 0.000         0.084 / 0.157         0.084 / 0.157         0.084 / 0.157       ms
[60.130s][info][gc,stats    ]    Subphase: Concurrent Mark Try Terminate                 0.000 / 0.000         8.241 / 16.027        8.241 / 16.027        8.241 / 16.027      ms
[60.130s][info][gc,stats    ]    Subphase: Concurrent References Enqueue                 0.000 / 0.000         0.004 / 0.004         0.004 / 0.004         0.004 / 0.004       ms
[60.130s][info][gc,stats    ]    Subphase: Concurrent References Process                 0.000 / 0.000         0.136 / 0.163         0.136 / 0.163         0.136 / 0.163       ms
[60.130s][info][gc,stats    ]    Subphase: Concurrent Roots ClassLoaderDataGraph         0.000 / 0.000         0.109 / 0.900         0.109 / 0.900         0.109 / 0.900       ms
[60.130s][info][gc,stats    ]    Subphase: Concurrent Roots CodeCache                    0.000 / 0.000         0.000 / 0.000         0.000 / 0.000         0.000 / 0.000       ms
[60.130s][info][gc,stats    ]    Subphase: Concurrent Roots JavaThreads                  0.000 / 0.000         2.958 / 5.102         2.958 / 5.102         2.958 / 5.102       ms
[60.130s][info][gc,stats    ]    Subphase: Concurrent Roots OopStorageSet                0.000 / 0.000         0.053 / 0.265         0.053 / 0.265         0.053 / 0.265       ms
[60.130s][info][gc,stats    ]    Subphase: Concurrent Weak Roots OopStorageSet           0.000 / 0.000         0.253 / 0.406         0.253 / 0.406         0.253 / 0.406       ms
[60.130s][info][gc,stats    ]    Subphase: Pause Mark Try Complete                       0.000 / 0.000         0.009 / 0.069         0.009 / 0.069         0.009 / 0.069       ms
[60.130s][info][gc,stats    ]      System: Java Threads                                      0 / 0                71 / 101              71 / 101              71 / 101         threads
[60.130s][info][gc,stats    ] =========================================================================================================================================================
[70.139s][info][gc,stats    ] === Garbage Collection Statistics =======================================================================================================================
[70.139s][info][gc,stats    ]                                                              Last 10s              Last 10m              Last 10h                Total
[70.139s][info][gc,stats    ]                                                              Avg / Max             Avg / Max             Avg / Max             Avg / Max
[70.139s][info][gc,stats    ]   Collector: Garbage Collection Cycle                      0.000 / 0.000        50.906 / 56.933       50.906 / 56.933       50.906 / 56.933      ms
[70.139s][info][gc,stats    ]  Contention: Mark Segment Reset Contention                     0 / 0                 0 / 4                 0 / 4                 0 / 4           ops/s
[70.139s][info][gc,stats    ]  Contention: Mark SeqNum Reset Contention                      0 / 0                 0 / 1                 0 / 1                 0 / 1           ops/s
[70.139s][info][gc,stats    ]    Critical: Allocation Stall                                  0 / 0                 0 / 0                 0 / 0                 0 / 0           ops/s
[70.139s][info][gc,stats    ]    Critical: Allocation Stall                              0.000 / 0.000         0.000 / 0.000         0.000 / 0.000         0.000 / 0.000       ms
[70.139s][info][gc,stats    ]    Critical: GC Locker Stall                                   0 / 0                 0 / 0                 0 / 0                 0 / 0           ops/s
[70.139s][info][gc,stats    ]    Critical: GC Locker Stall                               0.000 / 0.000         0.000 / 0.000         0.000 / 0.000         0.000 / 0.000       ms
[70.139s][info][gc,stats    ]    Critical: Relocation Stall                                  0 / 0                 0 / 0                 0 / 0                 0 / 0           ops/s
[70.139s][info][gc,stats    ]    Critical: Relocation Stall                              0.000 / 0.000         0.000 / 0.000         0.000 / 0.000         0.000 / 0.000       ms
[70.139s][info][gc,stats    ]      Memory: Allocation Rate                                   1 / 12                5 / 74                5 / 74                5 / 74          MB/s
[70.139s][info][gc,stats    ]      Memory: Defragment                                        0 / 0                 0 / 0                 0 / 0                 0 / 0           ops/s
[70.139s][info][gc,stats    ]      Memory: Out Of Memory                                     0 / 0                 0 / 0                 0 / 0                 0 / 0           ops/s
[70.140s][info][gc,stats    ]      Memory: Page Cache Flush                                  0 / 0                 0 / 0                 0 / 0                 0 / 0           MB/s
[70.140s][info][gc,stats    ]      Memory: Page Cache Hit L1                                 0 / 6                 1 / 36                1 / 36                1 / 36          ops/s
[70.140s][info][gc,stats    ]      Memory: Page Cache Hit L2                                 0 / 0                 0 / 0                 0 / 0                 0 / 0           ops/s
[70.140s][info][gc,stats    ]      Memory: Page Cache Hit L3                                 0 / 0                 1 / 23                1 / 23                1 / 23          ops/s
[70.140s][info][gc,stats    ]      Memory: Page Cache Miss                                   0 / 0                 0 / 1                 0 / 1                 0 / 1           ops/s
[70.140s][info][gc,stats    ]      Memory: Uncommit                                          0 / 0                 0 / 0                 0 / 0                 0 / 0           MB/s
[70.140s][info][gc,stats    ]      Memory: Undo Object Allocation Failed                     0 / 0                 0 / 1                 0 / 1                 0 / 1           ops/s
[70.140s][info][gc,stats    ]      Memory: Undo Object Allocation Succeeded                  0 / 0                 0 / 0                 0 / 0                 0 / 0           ops/s
[70.140s][info][gc,stats    ]      Memory: Undo Page Allocation                              0 / 0                 0 / 0                 0 / 0                 0 / 0           ops/s
[70.140s][info][gc,stats    ]       Phase: Concurrent Mark                               0.000 / 0.000        28.628 / 30.882       28.628 / 30.882       28.628 / 30.882      ms
[70.140s][info][gc,stats    ]       Phase: Concurrent Mark Continue                      0.000 / 0.000         0.000 / 0.000         0.000 / 0.000         0.000 / 0.000       ms
[70.140s][info][gc,stats    ]       Phase: Concurrent Mark Free                          0.000 / 0.000         0.001 / 0.001         0.001 / 0.001         0.001 / 0.001       ms
[70.140s][info][gc,stats    ]       Phase: Concurrent Process Non-Strong References      0.000 / 0.000         6.798 / 15.881        6.798 / 15.881        6.798 / 15.881      ms
[70.140s][info][gc,stats    ]       Phase: Concurrent Relocate                           0.000 / 0.000         4.651 / 6.618         4.651 / 6.618         4.651 / 6.618       ms
[70.140s][info][gc,stats    ]       Phase: Concurrent Reset Relocation Set               0.000 / 0.000         0.006 / 0.010         0.006 / 0.010         0.006 / 0.010       ms
[70.140s][info][gc,stats    ]       Phase: Concurrent Select Relocation Set              0.000 / 0.000         9.424 / 15.875        9.424 / 15.875        9.424 / 15.875      ms
[70.140s][info][gc,stats    ]       Phase: Pause Mark End                                0.000 / 0.000         0.053 / 0.116         0.053 / 0.116         0.053 / 0.116       ms
[70.140s][info][gc,stats    ]       Phase: Pause Mark Start                              0.000 / 0.000         0.014 / 0.018         0.014 / 0.018         0.014 / 0.018       ms
[70.140s][info][gc,stats    ]       Phase: Pause Relocate Start                          0.000 / 0.000         0.011 / 0.017         0.011 / 0.017         0.011 / 0.017       ms
[70.140s][info][gc,stats    ]    Subphase: Concurrent Classes Purge                      0.000 / 0.000         0.797 / 1.115         0.797 / 1.115         0.797 / 1.115       ms
[70.140s][info][gc,stats    ]    Subphase: Concurrent Classes Unlink                     0.000 / 0.000         0.832 / 1.121         0.832 / 1.121         0.832 / 1.121       ms
[70.140s][info][gc,stats    ]    Subphase: Concurrent Mark                               0.000 / 0.000        23.758 / 28.313       23.758 / 28.313       23.758 / 28.313      ms
[70.140s][info][gc,stats    ]    Subphase: Concurrent Mark Try Flush                     0.000 / 0.000         0.084 / 0.157         0.084 / 0.157         0.084 / 0.157       ms
[70.140s][info][gc,stats    ]    Subphase: Concurrent Mark Try Terminate                 0.000 / 0.000         8.241 / 16.027        8.241 / 16.027        8.241 / 16.027      ms
[70.140s][info][gc,stats    ]    Subphase: Concurrent References Enqueue                 0.000 / 0.000         0.004 / 0.004         0.004 / 0.004         0.004 / 0.004       ms
[70.140s][info][gc,stats    ]    Subphase: Concurrent References Process                 0.000 / 0.000         0.136 / 0.163         0.136 / 0.163         0.136 / 0.163       ms
[70.140s][info][gc,stats    ]    Subphase: Concurrent Roots ClassLoaderDataGraph         0.000 / 0.000         0.109 / 0.900         0.109 / 0.900         0.109 / 0.900       ms
[70.140s][info][gc,stats    ]    Subphase: Concurrent Roots CodeCache                    0.000 / 0.000         0.000 / 0.000         0.000 / 0.000         0.000 / 0.000       ms
[70.140s][info][gc,stats    ]    Subphase: Concurrent Roots JavaThreads                  0.000 / 0.000         2.958 / 5.102         2.958 / 5.102         2.958 / 5.102       ms
[70.141s][info][gc,stats    ]    Subphase: Concurrent Roots OopStorageSet                0.000 / 0.000         0.053 / 0.265         0.053 / 0.265         0.053 / 0.265       ms
[70.141s][info][gc,stats    ]    Subphase: Concurrent Weak Roots OopStorageSet           0.000 / 0.000         0.253 / 0.406         0.253 / 0.406         0.253 / 0.406       ms
[70.141s][info][gc,stats    ]    Subphase: Pause Mark Try Complete                       0.000 / 0.000         0.009 / 0.069         0.009 / 0.069         0.009 / 0.069       ms
[70.141s][info][gc,stats    ]      System: Java Threads                                      0 / 0                71 / 101              71 / 101              71 / 101         threads
[70.141s][info][gc,stats    ] =========================================================================================================================================================
[80.138s][info][gc,stats    ] === Garbage Collection Statistics =======================================================================================================================
[80.138s][info][gc,stats    ]                                                              Last 10s              Last 10m              Last 10h                Total
[80.138s][info][gc,stats    ]                                                              Avg / Max             Avg / Max             Avg / Max             Avg / Max
[80.138s][info][gc,stats    ]   Collector: Garbage Collection Cycle                      0.000 / 0.000        50.906 / 56.933       50.906 / 56.933       50.906 / 56.933      ms
[80.138s][info][gc,stats    ]  Contention: Mark Segment Reset Contention                     0 / 0                 0 / 4                 0 / 4                 0 / 4           ops/s
[80.138s][info][gc,stats    ]  Contention: Mark SeqNum Reset Contention                      0 / 0                 0 / 1                 0 / 1                 0 / 1           ops/s
[80.139s][info][gc,stats    ]    Critical: Allocation Stall                                  0 / 0                 0 / 0                 0 / 0                 0 / 0           ops/s
[80.139s][info][gc,stats    ]    Critical: Allocation Stall                              0.000 / 0.000         0.000 / 0.000         0.000 / 0.000         0.000 / 0.000       ms
[80.139s][info][gc,stats    ]    Critical: GC Locker Stall                                   0 / 0                 0 / 0                 0 / 0                 0 / 0           ops/s
[80.139s][info][gc,stats    ]    Critical: GC Locker Stall                               0.000 / 0.000         0.000 / 0.000         0.000 / 0.000         0.000 / 0.000       ms
[80.139s][info][gc,stats    ]    Critical: Relocation Stall                                  0 / 0                 0 / 0                 0 / 0                 0 / 0           ops/s
[80.139s][info][gc,stats    ]    Critical: Relocation Stall                              0.000 / 0.000         0.000 / 0.000         0.000 / 0.000         0.000 / 0.000       ms
[80.139s][info][gc,stats    ]      Memory: Allocation Rate                                   5 / 30                5 / 74                5 / 74                5 / 74          MB/s
[80.139s][info][gc,stats    ]      Memory: Defragment                                        0 / 0                 0 / 0                 0 / 0                 0 / 0           ops/s
[80.139s][info][gc,stats    ]      Memory: Out Of Memory                                     0 / 0                 0 / 0                 0 / 0                 0 / 0           ops/s
[80.139s][info][gc,stats    ]      Memory: Page Cache Flush                                  0 / 0                 0 / 0                 0 / 0                 0 / 0           MB/s
[80.139s][info][gc,stats    ]      Memory: Page Cache Hit L1                                 2 / 15                1 / 36                1 / 36                1 / 36          ops/s
[80.139s][info][gc,stats    ]      Memory: Page Cache Hit L2                                 0 / 0                 0 / 0                 0 / 0                 0 / 0           ops/s
[80.139s][info][gc,stats    ]      Memory: Page Cache Hit L3                                 0 / 0                 1 / 23                1 / 23                1 / 23          ops/s
[80.139s][info][gc,stats    ]      Memory: Page Cache Miss                                   0 / 0                 0 / 1                 0 / 1                 0 / 1           ops/s
[80.139s][info][gc,stats    ]      Memory: Uncommit                                          0 / 0                 0 / 0                 0 / 0                 0 / 0           MB/s
[80.139s][info][gc,stats    ]      Memory: Undo Object Allocation Failed                     0 / 0                 0 / 1                 0 / 1                 0 / 1           ops/s
[80.139s][info][gc,stats    ]      Memory: Undo Object Allocation Succeeded                  0 / 0                 0 / 0                 0 / 0                 0 / 0           ops/s
[80.139s][info][gc,stats    ]      Memory: Undo Page Allocation                              0 / 0                 0 / 0                 0 / 0                 0 / 0           ops/s
[80.139s][info][gc,stats    ]       Phase: Concurrent Mark                               0.000 / 0.000        28.628 / 30.882       28.628 / 30.882       28.628 / 30.882      ms
[80.139s][info][gc,stats    ]       Phase: Concurrent Mark Continue                      0.000 / 0.000         0.000 / 0.000         0.000 / 0.000         0.000 / 0.000       ms
[80.139s][info][gc,stats    ]       Phase: Concurrent Mark Free                          0.000 / 0.000         0.001 / 0.001         0.001 / 0.001         0.001 / 0.001       ms
[80.139s][info][gc,stats    ]       Phase: Concurrent Process Non-Strong References      0.000 / 0.000         6.798 / 15.881        6.798 / 15.881        6.798 / 15.881      ms
[80.139s][info][gc,stats    ]       Phase: Concurrent Relocate                           0.000 / 0.000         4.651 / 6.618         4.651 / 6.618         4.651 / 6.618       ms
[80.139s][info][gc,stats    ]       Phase: Concurrent Reset Relocation Set               0.000 / 0.000         0.006 / 0.010         0.006 / 0.010         0.006 / 0.010       ms
[80.139s][info][gc,stats    ]       Phase: Concurrent Select Relocation Set              0.000 / 0.000         9.424 / 15.875        9.424 / 15.875        9.424 / 15.875      ms
[80.139s][info][gc,stats    ]       Phase: Pause Mark End                                0.000 / 0.000         0.053 / 0.116         0.053 / 0.116         0.053 / 0.116       ms
[80.139s][info][gc,stats    ]       Phase: Pause Mark Start                              0.000 / 0.000         0.014 / 0.018         0.014 / 0.018         0.014 / 0.018       ms
[80.139s][info][gc,stats    ]       Phase: Pause Relocate Start                          0.000 / 0.000         0.011 / 0.017         0.011 / 0.017         0.011 / 0.017       ms
[80.139s][info][gc,stats    ]    Subphase: Concurrent Classes Purge                      0.000 / 0.000         0.797 / 1.115         0.797 / 1.115         0.797 / 1.115       ms
[80.139s][info][gc,stats    ]    Subphase: Concurrent Classes Unlink                     0.000 / 0.000         0.832 / 1.121         0.832 / 1.121         0.832 / 1.121       ms
[80.140s][info][gc,stats    ]    Subphase: Concurrent Mark                               0.000 / 0.000        23.758 / 28.313       23.758 / 28.313       23.758 / 28.313      ms
[80.140s][info][gc,stats    ]    Subphase: Concurrent Mark Try Flush                     0.000 / 0.000         0.084 / 0.157         0.084 / 0.157         0.084 / 0.157       ms
[80.140s][info][gc,stats    ]    Subphase: Concurrent Mark Try Terminate                 0.000 / 0.000         8.241 / 16.027        8.241 / 16.027        8.241 / 16.027      ms
[80.140s][info][gc,stats    ]    Subphase: Concurrent References Enqueue                 0.000 / 0.000         0.004 / 0.004         0.004 / 0.004         0.004 / 0.004       ms
[80.140s][info][gc,stats    ]    Subphase: Concurrent References Process                 0.000 / 0.000         0.136 / 0.163         0.136 / 0.163         0.136 / 0.163       ms
[80.140s][info][gc,stats    ]    Subphase: Concurrent Roots ClassLoaderDataGraph         0.000 / 0.000         0.109 / 0.900         0.109 / 0.900         0.109 / 0.900       ms
[80.140s][info][gc,stats    ]    Subphase: Concurrent Roots CodeCache                    0.000 / 0.000         0.000 / 0.000         0.000 / 0.000         0.000 / 0.000       ms
[80.140s][info][gc,stats    ]    Subphase: Concurrent Roots JavaThreads                  0.000 / 0.000         2.958 / 5.102         2.958 / 5.102         2.958 / 5.102       ms
[80.140s][info][gc,stats    ]    Subphase: Concurrent Roots OopStorageSet                0.000 / 0.000         0.053 / 0.265         0.053 / 0.265         0.053 / 0.265       ms
[80.140s][info][gc,stats    ]    Subphase: Concurrent Weak Roots OopStorageSet           0.000 / 0.000         0.253 / 0.406         0.253 / 0.406         0.253 / 0.406       ms
[80.140s][info][gc,stats    ]    Subphase: Pause Mark Try Complete                       0.000 / 0.000         0.009 / 0.069         0.009 / 0.069         0.009 / 0.069       ms
[80.140s][info][gc,stats    ]      System: Java Threads                                      0 / 0                71 / 101              71 / 101              71 / 101         threads
[80.140s][info][gc,stats    ] =========================================================================================================================================================
[87.339s][info][gc,start    ] GC(3) Garbage Collection (Warmup)
[87.340s][info][gc,task     ] GC(3) Using 10 workers
[87.340s][info][gc,phases   ] GC(3) Pause Mark Start 0.015ms
[87.371s][info][gc,phases   ] GC(3) Concurrent Mark 30.504ms
[87.371s][info][gc,phases   ] GC(3) Pause Mark End 0.021ms
[87.371s][info][gc,phases   ] GC(3) Concurrent Mark Free 0.001ms
[87.374s][info][gc,phases   ] GC(3) Concurrent Process Non-Strong References 3.345ms
[87.374s][info][gc,phases   ] GC(3) Concurrent Reset Relocation Set 0.004ms
[87.379s][info][gc,phases   ] GC(3) Concurrent Select Relocation Set 4.755ms
[87.379s][info][gc,phases   ] GC(3) Pause Relocate Start 0.008ms
[87.384s][info][gc,phases   ] GC(3) Concurrent Relocate 4.209ms
[87.384s][info][gc,load     ] GC(3) Load: 0.00/0.00/0.00
[87.384s][info][gc,mmu      ] GC(3) MMU: 2ms/94.2%, 5ms/97.7%, 10ms/98.8%, 20ms/99.3%, 50ms/99.7%, 100ms/99.9%
[87.384s][info][gc,marking  ] GC(3) Mark: 8 stripe(s), 2 proactive flush(es), 1 terminate flush(es), 0 completion(s), 0 continuation(s) 
[87.384s][info][gc,marking  ] GC(3) Mark Stack Usage: 32M
[87.384s][info][gc,nmethod  ] GC(3) NMethods: 3020 registered, 881 unregistered
[87.384s][info][gc,metaspace] GC(3) Metaspace: 60M used, 61M committed, 1088M reserved
[87.384s][info][gc,ref      ] GC(3) Soft: 4367 encountered, 0 discovered, 0 enqueued
[87.384s][info][gc,ref      ] GC(3) Weak: 4688 encountered, 1490 discovered, 720 enqueued
[87.384s][info][gc,ref      ] GC(3) Final: 62 encountered, 3 discovered, 0 enqueued
[87.384s][info][gc,ref      ] GC(3) Phantom: 890 encountered, 860 discovered, 293 enqueued
[87.384s][info][gc,reloc    ] GC(3) Small Pages: 123 / 246M, Empty: 98M, Relocated: 12M, In-Place: 0
[87.384s][info][gc,reloc    ] GC(3) Medium Pages: 2 / 64M, Empty: 32M, Relocated: 0M, In-Place: 0
[87.384s][info][gc,reloc    ] GC(3) Large Pages: 0 / 0M, Empty: 0M, Relocated: 0M, In-Place: 0
[87.384s][info][gc,reloc    ] GC(3) Forwarding Usage: 3M
[87.384s][info][gc,heap     ] GC(3) Min Capacity: 8M(1%)
[87.384s][info][gc,heap     ] GC(3) Max Capacity: 1024M(100%)
[87.384s][info][gc,heap     ] GC(3) Soft Max Capacity: 1024M(100%)
[87.384s][info][gc,heap     ] GC(3)                Mark Start          Mark End        Relocate Start      Relocate End           High               Low         
[87.384s][info][gc,heap     ] GC(3)  Capacity:     1024M (100%)       1024M (100%)       1024M (100%)       1024M (100%)       1024M (100%)       1024M (100%)   
[87.384s][info][gc,heap     ] GC(3)      Free:      714M (70%)         712M (70%)         840M (82%)         948M (93%)         948M (93%)         710M (69%)    
[87.384s][info][gc,heap     ] GC(3)      Used:      310M (30%)         312M (30%)         184M (18%)          76M (7%)          314M (31%)          76M (7%)     
[87.384s][info][gc,heap     ] GC(3)      Live:         -                33M (3%)           33M (3%)           33M (3%)             -                  -          
[87.384s][info][gc,heap     ] GC(3) Allocated:         -                 2M (0%)            4M (0%)            3M (0%)             -                  -          
[87.384s][info][gc,heap     ] GC(3)   Garbage:         -               276M (27%)         146M (14%)          38M (4%)             -                  -          
[87.384s][info][gc,heap     ] GC(3) Reclaimed:         -                  -               130M (13%)         237M (23%)            -                  -          
[87.384s][info][gc          ] GC(3) Garbage Collection (Warmup) 310M(30%)->76M(7%)
[88.811s][info][gc,start    ] GC(4) Garbage Collection (System.gc())
[88.811s][info][gc,task     ] GC(4) Using 10 workers
[88.811s][info][gc,phases   ] GC(4) Pause Mark Start 0.015ms
[88.848s][info][gc,phases   ] GC(4) Concurrent Mark 37.157ms
[88.848s][info][gc,phases   ] GC(4) Pause Mark End 0.016ms
[88.848s][info][gc,phases   ] GC(4) Concurrent Mark Free 0.001ms
[88.853s][info][gc,phases   ] GC(4) Concurrent Process Non-Strong References 4.545ms
[88.853s][info][gc,phases   ] GC(4) Concurrent Reset Relocation Set 0.009ms
[88.863s][info][gc,phases   ] GC(4) Concurrent Select Relocation Set 9.504ms
[88.863s][info][gc,phases   ] GC(4) Pause Relocate Start 0.008ms
[88.870s][info][gc,phases   ] GC(4) Concurrent Relocate 7.415ms
[88.870s][info][gc,load     ] GC(4) Load: 0.00/0.00/0.00
[88.870s][info][gc,mmu      ] GC(4) MMU: 2ms/94.2%, 5ms/97.7%, 10ms/98.8%, 20ms/99.3%, 50ms/99.7%, 100ms/99.9%
[88.870s][info][gc,marking  ] GC(4) Mark: 8 stripe(s), 1 proactive flush(es), 1 terminate flush(es), 0 completion(s), 0 continuation(s) 
[88.870s][info][gc,marking  ] GC(4) Mark Stack Usage: 32M
[88.870s][info][gc,nmethod  ] GC(4) NMethods: 3779 registered, 1487 unregistered
[88.870s][info][gc,metaspace] GC(4) Metaspace: 82M used, 83M committed, 1152M reserved
[88.870s][info][gc,ref      ] GC(4) Soft: 4451 encountered, 0 discovered, 0 enqueued
[88.870s][info][gc,ref      ] GC(4) Weak: 11597 encountered, 3375 discovered, 2892 enqueued
[88.870s][info][gc,ref      ] GC(4) Final: 62 encountered, 6 discovered, 0 enqueued
[88.870s][info][gc,ref      ] GC(4) Phantom: 1140 encountered, 898 discovered, 539 enqueued
[88.870s][info][gc,reloc    ] GC(4) Small Pages: 66 / 132M, Empty: 0M, Relocated: 13M, In-Place: 0
[88.871s][info][gc,reloc    ] GC(4) Medium Pages: 2 / 64M, Empty: 0M, Relocated: 5M, In-Place: 0
[88.871s][info][gc,reloc    ] GC(4) Large Pages: 0 / 0M, Empty: 0M, Relocated: 0M, In-Place: 0
[88.871s][info][gc,reloc    ] GC(4) Forwarding Usage: 4M
[88.871s][info][gc,heap     ] GC(4) Min Capacity: 8M(1%)
[88.871s][info][gc,heap     ] GC(4) Max Capacity: 1024M(100%)
[88.871s][info][gc,heap     ] GC(4) Soft Max Capacity: 1024M(100%)
[88.871s][info][gc,heap     ] GC(4)                Mark Start          Mark End        Relocate Start      Relocate End           High               Low         
[88.871s][info][gc,heap     ] GC(4)  Capacity:     1024M (100%)       1024M (100%)       1024M (100%)       1024M (100%)       1024M (100%)       1024M (100%)   
[88.871s][info][gc,heap     ] GC(4)      Free:      828M (81%)         828M (81%)         826M (81%)         944M (92%)         944M (92%)         780M (76%)    
[88.871s][info][gc,heap     ] GC(4)      Used:      196M (19%)         196M (19%)         198M (19%)          80M (8%)          244M (24%)          80M (8%)     
[88.871s][info][gc,heap     ] GC(4)      Live:         -                40M (4%)           40M (4%)           40M (4%)             -                  -          
[88.871s][info][gc,heap     ] GC(4) Allocated:         -                 0M (0%)            2M (0%)            2M (0%)             -                  -          
[88.871s][info][gc,heap     ] GC(4)   Garbage:         -               155M (15%)         155M (15%)          37M (4%)             -                  -          
[88.871s][info][gc,heap     ] GC(4) Reclaimed:         -                  -                 0M (0%)          118M (12%)            -                  -          
[88.871s][info][gc          ] GC(4) Garbage Collection (System.gc()) 196M(19%)->80M(8%)
[90.142s][info][gc,stats    ] === Garbage Collection Statistics =======================================================================================================================
[90.142s][info][gc,stats    ]                                                              Last 10s              Last 10m              Last 10h                Total
[90.142s][info][gc,stats    ]                                                              Avg / Max             Avg / Max             Avg / Max             Avg / Max
[90.142s][info][gc,stats    ]   Collector: Garbage Collection Cycle                     51.878 / 59.599       51.295 / 59.599       51.295 / 59.599       51.295 / 59.599      ms
[90.142s][info][gc,stats    ]  Contention: Mark Segment Reset Contention                     0 / 4                 0 / 4                 0 / 4                 0 / 4           ops/s
[90.142s][info][gc,stats    ]  Contention: Mark SeqNum Reset Contention                      0 / 1                 0 / 1                 0 / 1                 0 / 1           ops/s
[90.142s][info][gc,stats    ]    Critical: Allocation Stall                                  0 / 0                 0 / 0                 0 / 0                 0 / 0           ops/s
[90.142s][info][gc,stats    ]    Critical: Allocation Stall                              0.000 / 0.000         0.000 / 0.000         0.000 / 0.000         0.000 / 0.000       ms
[90.142s][info][gc,stats    ]    Critical: GC Locker Stall                                   0 / 1                 0 / 1                 0 / 1                 0 / 1           ops/s
[90.142s][info][gc,stats    ]    Critical: GC Locker Stall                               0.001 / 0.001         0.001 / 0.001         0.001 / 0.001         0.001 / 0.001       ms
[90.142s][info][gc,stats    ]    Critical: Relocation Stall                                  0 / 0                 0 / 0                 0 / 0                 0 / 0           ops/s
[90.142s][info][gc,stats    ]    Critical: Relocation Stall                              0.000 / 0.000         0.000 / 0.000         0.000 / 0.000         0.000 / 0.000       ms
[90.142s][info][gc,stats    ]      Memory: Allocation Rate                                  37 / 112               9 / 112               9 / 112               9 / 112         MB/s
[90.142s][info][gc,stats    ]      Memory: Defragment                                        0 / 0                 0 / 0                 0 / 0                 0 / 0           ops/s
[90.142s][info][gc,stats    ]      Memory: Out Of Memory                                     0 / 0                 0 / 0                 0 / 0                 0 / 0           ops/s
[90.142s][info][gc,stats    ]      Memory: Page Cache Flush                                  0 / 0                 0 / 0                 0 / 0                 0 / 0           MB/s
[90.142s][info][gc,stats    ]      Memory: Page Cache Hit L1                                11 / 41                3 / 41                3 / 41                3 / 41          ops/s
[90.142s][info][gc,stats    ]      Memory: Page Cache Hit L2                                 0 / 0                 0 / 0                 0 / 0                 0 / 0           ops/s
[90.142s][info][gc,stats    ]      Memory: Page Cache Hit L3                                 4 / 30                1 / 30                1 / 30                1 / 30          ops/s
[90.142s][info][gc,stats    ]      Memory: Page Cache Miss                                   0 / 0                 0 / 1                 0 / 1                 0 / 1           ops/s
[90.142s][info][gc,stats    ]      Memory: Uncommit                                          0 / 0                 0 / 0                 0 / 0                 0 / 0           MB/s
[90.142s][info][gc,stats    ]      Memory: Undo Object Allocation Failed                     0 / 1                 0 / 1                 0 / 1                 0 / 1           ops/s
[90.143s][info][gc,stats    ]      Memory: Undo Object Allocation Succeeded                  0 / 0                 0 / 0                 0 / 0                 0 / 0           ops/s
[90.143s][info][gc,stats    ]      Memory: Undo Page Allocation                              0 / 0                 0 / 0                 0 / 0                 0 / 0           ops/s
[90.143s][info][gc,stats    ]       Phase: Concurrent Mark                              33.830 / 37.157       30.709 / 37.157       30.709 / 37.157       30.709 / 37.157      ms
[90.143s][info][gc,stats    ]       Phase: Concurrent Mark Continue                      0.000 / 0.000         0.000 / 0.000         0.000 / 0.000         0.000 / 0.000       ms
[90.143s][info][gc,stats    ]       Phase: Concurrent Mark Free                          0.001 / 0.001         0.001 / 0.001         0.001 / 0.001         0.001 / 0.001       ms
[90.143s][info][gc,stats    ]       Phase: Concurrent Process Non-Strong References      3.945 / 4.545         5.656 / 15.881        5.656 / 15.881        5.656 / 15.881      ms
[90.143s][info][gc,stats    ]       Phase: Concurrent Relocate                           5.812 / 7.415         5.116 / 7.415         5.116 / 7.415         5.116 / 7.415       ms
[90.143s][info][gc,stats    ]       Phase: Concurrent Reset Relocation Set               0.007 / 0.009         0.006 / 0.010         0.006 / 0.010         0.006 / 0.010       ms
[90.143s][info][gc,stats    ]       Phase: Concurrent Select Relocation Set              7.130 / 9.504         8.506 / 15.875        8.506 / 15.875        8.506 / 15.875      ms
[90.143s][info][gc,stats    ]       Phase: Pause Mark End                                0.018 / 0.021         0.039 / 0.116         0.039 / 0.116         0.039 / 0.116       ms
[90.143s][info][gc,stats    ]       Phase: Pause Mark Start                              0.015 / 0.015         0.015 / 0.018         0.015 / 0.018         0.015 / 0.018       ms
[90.143s][info][gc,stats    ]       Phase: Pause Relocate Start                          0.008 / 0.008         0.010 / 0.017         0.010 / 0.017         0.010 / 0.017       ms
[90.143s][info][gc,stats    ]    Subphase: Concurrent Classes Purge                      2.074 / 2.653         1.308 / 2.653         1.308 / 2.653         1.308 / 2.653       ms
[90.143s][info][gc,stats    ]    Subphase: Concurrent Classes Unlink                     1.189 / 1.278         0.975 / 1.278         0.975 / 1.278         0.975 / 1.278       ms
[90.143s][info][gc,stats    ]    Subphase: Concurrent Mark                              28.083 / 32.913       25.488 / 32.913       25.488 / 32.913       25.488 / 32.913      ms
[90.143s][info][gc,stats    ]    Subphase: Concurrent Mark Try Flush                     0.083 / 0.119         0.083 / 0.157         0.083 / 0.157         0.083 / 0.157       ms
[90.143s][info][gc,stats    ]    Subphase: Concurrent Mark Try Terminate                 8.395 / 13.045        8.296 / 16.027        8.296 / 16.027        8.296 / 16.027      ms
[90.143s][info][gc,stats    ]    Subphase: Concurrent References Enqueue                 0.003 / 0.004         0.003 / 0.004         0.003 / 0.004         0.003 / 0.004       ms
[90.143s][info][gc,stats    ]    Subphase: Concurrent References Process                 0.120 / 0.127         0.130 / 0.163         0.130 / 0.163         0.130 / 0.163       ms
[90.143s][info][gc,stats    ]    Subphase: Concurrent Roots ClassLoaderDataGraph         0.082 / 0.718         0.096 / 0.900         0.096 / 0.900         0.096 / 0.900       ms
[90.143s][info][gc,stats    ]    Subphase: Concurrent Roots CodeCache                    0.000 / 0.000         0.000 / 0.000         0.000 / 0.000         0.000 / 0.000       ms
[90.143s][info][gc,stats    ]    Subphase: Concurrent Roots JavaThreads                  4.270 / 5.451         3.504 / 5.451         3.504 / 5.451         3.504 / 5.451       ms
[90.143s][info][gc,stats    ]    Subphase: Concurrent Roots OopStorageSet                0.024 / 0.055         0.041 / 0.265         0.041 / 0.265         0.041 / 0.265       ms
[90.143s][info][gc,stats    ]    Subphase: Concurrent Weak Roots OopStorageSet           0.329 / 0.338         0.283 / 0.406         0.283 / 0.406         0.283 / 0.406       ms
[90.143s][info][gc,stats    ]    Subphase: Pause Mark Try Complete                       0.000 / 0.000         0.009 / 0.069         0.009 / 0.069         0.009 / 0.069       ms
[90.143s][info][gc,stats    ]      System: Java Threads                                    106 / 107              85 / 107              85 / 107              85 / 107         threads
[90.143s][info][gc,stats    ] =========================================================================================================================================================
[91.527s][info][gc,start    ] GC(5) Garbage Collection (Allocation Rate)
[91.528s][info][gc,task     ] GC(5) Using 1 workers
[91.531s][info][gc,phases   ] GC(5) Pause Mark Start 0.011ms
[91.851s][info][gc,phases   ] GC(5) Concurrent Mark 319.905ms
[91.851s][info][gc,phases   ] GC(5) Pause Mark End 0.020ms
[91.857s][info][gc,phases   ] GC(5) Concurrent Mark Free 0.001ms
[92.197s][info][gc,phases   ] GC(5) Concurrent Process Non-Strong References 339.579ms
[92.197s][info][gc,phases   ] GC(5) Concurrent Reset Relocation Set 0.024ms
[92.222s][info][gc,phases   ] GC(5) Concurrent Select Relocation Set 24.495ms
[92.222s][info][gc,phases   ] GC(5) Pause Relocate Start 0.010ms
[92.312s][info][gc,phases   ] GC(5) Concurrent Relocate 89.035ms
[92.312s][info][gc,load     ] GC(5) Load: 0.00/0.00/0.00
[92.312s][info][gc,mmu      ] GC(5) MMU: 2ms/94.2%, 5ms/97.7%, 10ms/98.8%, 20ms/99.3%, 50ms/99.7%, 100ms/99.9%
[92.312s][info][gc,marking  ] GC(5) Mark: 1 stripe(s), 2 proactive flush(es), 1 terminate flush(es), 0 completion(s), 0 continuation(s) 
[92.312s][info][gc,marking  ] GC(5) Mark Stack Usage: 32M
[92.312s][info][gc,nmethod  ] GC(5) NMethods: 7165 registered, 955 unregistered
[92.312s][info][gc,metaspace] GC(5) Metaspace: 112M used, 128M committed, 1152M reserved
[92.312s][info][gc,ref      ] GC(5) Soft: 5735 encountered, 0 discovered, 0 enqueued
[92.312s][info][gc,ref      ] GC(5) Weak: 19200 encountered, 9511 discovered, 6033 enqueued
[92.312s][info][gc,ref      ] GC(5) Final: 62 encountered, 0 discovered, 0 enqueued
[92.312s][info][gc,ref      ] GC(5) Phantom: 6145 encountered, 5791 discovered, 5395 enqueued
[92.312s][info][gc,reloc    ] GC(5) Small Pages: 269 / 538M, Empty: 4M, Relocated: 34M, In-Place: 0
[92.312s][info][gc,reloc    ] GC(5) Medium Pages: 2 / 64M, Empty: 32M, Relocated: 0M, In-Place: 0
[92.312s][info][gc,reloc    ] GC(5) Large Pages: 2 / 12M, Empty: 12M, Relocated: 0M, In-Place: 0
[92.312s][info][gc,reloc    ] GC(5) Forwarding Usage: 7M
[92.312s][info][gc,heap     ] GC(5) Min Capacity: 8M(1%)
[92.312s][info][gc,heap     ] GC(5) Max Capacity: 1024M(100%)
[92.312s][info][gc,heap     ] GC(5) Soft Max Capacity: 1024M(100%)
[92.312s][info][gc,heap     ] GC(5)                Mark Start          Mark End        Relocate Start      Relocate End           High               Low         
[92.312s][info][gc,heap     ] GC(5)  Capacity:     1024M (100%)       1024M (100%)       1024M (100%)       1024M (100%)       1024M (100%)       1024M (100%)   
[92.312s][info][gc,heap     ] GC(5)      Free:      410M (40%)         312M (30%)          48M (5%)          416M (41%)         428M (42%)          20M (2%)     
[92.312s][info][gc,heap     ] GC(5)      Used:      614M (60%)         712M (70%)         976M (95%)         608M (59%)        1004M (98%)         596M (58%)    
[92.312s][info][gc,heap     ] GC(5)      Live:         -                78M (8%)           78M (8%)           78M (8%)             -                  -          
[92.312s][info][gc,heap     ] GC(5) Allocated:         -                98M (10%)         410M (40%)         496M (49%)            -                  -          
[92.312s][info][gc,heap     ] GC(5)   Garbage:         -               535M (52%)         487M (48%)          32M (3%)             -                  -          
[92.312s][info][gc,heap     ] GC(5) Reclaimed:         -                  -                48M (5%)          502M (49%)            -                  -          
[92.312s][info][gc          ] GC(5) Garbage Collection (Allocation Rate) 614M(60%)->608M(59%)
[92.335s][info][gc,start    ] GC(6) Garbage Collection (Allocation Rate)
[92.335s][info][gc,task     ] GC(6) Using 10 workers
[92.335s][info][gc,phases   ] GC(6) Pause Mark Start 0.008ms
[92.363s][info][gc          ] Allocation Stall (Executor task launch worker for task 43.0 in stage 0.0 (TID 43)) 10.036ms
[92.363s][info][gc          ] Allocation Stall (Executor task launch worker for task 2.0 in stage 0.0 (TID 2)) 9.650ms
[92.363s][info][gc          ] Allocation Stall (Executor task launch worker for task 23.0 in stage 0.0 (TID 23)) 9.622ms
[92.363s][info][gc          ] Allocation Stall (Executor task launch worker for task 47.0 in stage 0.0 (TID 47)) 9.679ms
[92.363s][info][gc          ] Allocation Stall (Executor task launch worker for task 22.0 in stage 0.0 (TID 22)) 9.402ms
[92.363s][info][gc          ] Allocation Stall (Executor task launch worker for task 4.0 in stage 0.0 (TID 4)) 9.063ms
[92.363s][info][gc          ] Allocation Stall (Executor task launch worker for task 45.0 in stage 0.0 (TID 45)) 8.705ms
[92.364s][info][gc          ] Allocation Stall (Executor task launch worker for task 33.0 in stage 0.0 (TID 33)) 7.322ms
[92.364s][info][gc          ] Allocation Stall (Executor task launch worker for task 20.0 in stage 0.0 (TID 20)) 4.253ms
[92.364s][info][gc          ] Allocation Stall (Executor task launch worker for task 32.0 in stage 0.0 (TID 32)) 4.253ms
[92.364s][info][gc          ] Allocation Stall (Executor task launch worker for task 3.0 in stage 0.0 (TID 3)) 6.009ms
[92.364s][info][gc          ] Allocation Stall (Executor task launch worker for task 46.0 in stage 0.0 (TID 46)) 5.179ms
[92.364s][info][gc          ] Allocation Stall (Executor task launch worker for task 30.0 in stage 0.0 (TID 30)) 5.450ms
[92.364s][info][gc          ] Allocation Stall (Executor task launch worker for task 15.0 in stage 0.0 (TID 15)) 5.798ms
[92.364s][info][gc          ] Allocation Stall (Executor task launch worker for task 36.0 in stage 0.0 (TID 36)) 5.914ms
[92.364s][info][gc          ] Allocation Stall (Executor task launch worker for task 27.0 in stage 0.0 (TID 27)) 4.318ms
[92.364s][info][gc          ] Allocation Stall (Executor task launch worker for task 37.0 in stage 0.0 (TID 37)) 4.969ms
[92.364s][info][gc          ] Allocation Stall (Executor task launch worker for task 29.0 in stage 0.0 (TID 29)) 5.366ms
[92.364s][info][gc          ] Allocation Stall (Executor task launch worker for task 16.0 in stage 0.0 (TID 16)) 4.560ms
[92.364s][info][gc          ] Allocation Stall (Executor task launch worker for task 11.0 in stage 0.0 (TID 11)) 4.854ms
[92.382s][info][gc          ] Allocation Stall (Executor task launch worker for task 18.0 in stage 0.0 (TID 18)) 22.619ms
[92.382s][info][gc          ] Allocation Stall (Executor task launch worker for task 5.0 in stage 0.0 (TID 5)) 22.689ms
[92.382s][info][gc          ] Allocation Stall (Executor task launch worker for task 35.0 in stage 0.0 (TID 35)) 22.487ms
[92.382s][info][gc          ] Allocation Stall (Executor task launch worker for task 10.0 in stage 0.0 (TID 10)) 22.495ms
[92.382s][info][gc          ] Allocation Stall (Executor task launch worker for task 19.0 in stage 0.0 (TID 19)) 22.477ms
[92.382s][info][gc          ] Allocation Stall (Executor task launch worker for task 12.0 in stage 0.0 (TID 12)) 22.070ms
[92.382s][info][gc          ] Allocation Stall (Executor task launch worker for task 17.0 in stage 0.0 (TID 17)) 22.279ms
[92.382s][info][gc          ] Allocation Stall (Executor task launch worker for task 25.0 in stage 0.0 (TID 25)) 22.362ms
[92.383s][info][gc          ] Allocation Stall (Executor task launch worker for task 14.0 in stage 0.0 (TID 14)) 22.376ms
[92.383s][info][gc          ] Allocation Stall (Executor task launch worker for task 40.0 in stage 0.0 (TID 40)) 22.371ms
[92.383s][info][gc          ] Allocation Stall (Executor task launch worker for task 44.0 in stage 0.0 (TID 44)) 22.144ms
[92.383s][info][gc          ] Allocation Stall (Executor task launch worker for task 0.0 in stage 0.0 (TID 0)) 22.175ms
[92.383s][info][gc          ] Allocation Stall (Executor task launch worker for task 42.0 in stage 0.0 (TID 42)) 22.341ms
[92.383s][info][gc          ] Allocation Stall (Executor task launch worker for task 26.0 in stage 0.0 (TID 26)) 22.038ms
[92.383s][info][gc          ] Allocation Stall (Executor task launch worker for task 13.0 in stage 0.0 (TID 13)) 22.458ms
[92.383s][info][gc          ] Allocation Stall (Executor task launch worker for task 7.0 in stage 0.0 (TID 7)) 22.251ms
[92.417s][info][gc          ] Allocation Stall (Executor task launch worker for task 23.0 in stage 0.0 (TID 23)) 41.862ms
[92.417s][info][gc          ] Allocation Stall (Executor task launch worker for task 20.0 in stage 0.0 (TID 20)) 42.824ms
[92.417s][info][gc          ] Allocation Stall (Executor task launch worker for task 34.0 in stage 0.0 (TID 34)) 56.994ms
[92.417s][info][gc          ] Allocation Stall (Executor task launch worker for task 9.0 in stage 0.0 (TID 9)) 42.222ms
[92.417s][info][gc          ] Allocation Stall (Executor task launch worker for task 45.0 in stage 0.0 (TID 45)) 41.854ms
[92.418s][info][gc          ] Allocation Stall (Executor task launch worker for task 43.0 in stage 0.0 (TID 43)) 42.332ms
[92.418s][info][gc          ] Allocation Stall (Executor task launch worker for task 28.0 in stage 0.0 (TID 28)) 57.121ms
[92.418s][info][gc          ] Allocation Stall (Executor task launch worker for task 4.0 in stage 0.0 (TID 4)) 42.586ms
[92.418s][info][gc          ] Allocation Stall (Executor task launch worker for task 3.0 in stage 0.0 (TID 3)) 42.828ms
[92.418s][info][gc          ] Allocation Stall (Executor task launch worker for task 38.0 in stage 0.0 (TID 38)) 42.351ms
[92.418s][info][gc          ] Allocation Stall (Executor task launch worker for task 2.0 in stage 0.0 (TID 2)) 45.126ms
[92.586s][info][gc,phases   ] GC(6) Concurrent Mark 250.036ms
[92.587s][info][gc,phases   ] GC(6) Pause Mark End 0.029ms
[92.601s][info][gc,phases   ] GC(6) Concurrent Mark Free 0.001ms
[92.603s][info][gc          ] Allocation Stall (Executor task launch worker for task 15.0 in stage 0.0 (TID 15)) 0.944ms
[92.603s][info][gc          ] Allocation Stall (Executor task launch worker for task 3.0 in stage 0.0 (TID 3)) 0.994ms
[92.603s][info][gc          ] Allocation Stall (Executor task launch worker for task 14.0 in stage 0.0 (TID 14)) 1.041ms
[92.603s][info][gc          ] Allocation Stall (Executor task launch worker for task 21.0 in stage 0.0 (TID 21)) 1.089ms
[92.603s][info][gc          ] Allocation Stall (Executor task launch worker for task 23.0 in stage 0.0 (TID 23)) 1.131ms
[92.608s][info][gc          ] Allocation Stall (Executor task launch worker for task 38.0 in stage 0.0 (TID 38)) 6.212ms
[92.608s][info][gc          ] Allocation Stall (Executor task launch worker for task 42.0 in stage 0.0 (TID 42)) 6.045ms
[92.608s][info][gc          ] Allocation Stall (Executor task launch worker for task 20.0 in stage 0.0 (TID 20)) 5.770ms
[92.608s][info][gc          ] Allocation Stall (Executor task launch worker for task 19.0 in stage 0.0 (TID 19)) 5.626ms
[92.608s][info][gc          ] Allocation Stall (Executor task launch worker for task 5.0 in stage 0.0 (TID 5)) 5.697ms
[92.608s][info][gc          ] Allocation Stall (Executor task launch worker for task 35.0 in stage 0.0 (TID 35)) 2.395ms
[92.609s][info][gc          ] Allocation Stall (Executor task launch worker for task 13.0 in stage 0.0 (TID 13)) 2.289ms
[92.609s][info][gc          ] Allocation Stall (Executor task launch worker for task 39.0 in stage 0.0 (TID 39)) 2.250ms
[92.609s][info][gc          ] Allocation Stall (Executor task launch worker for task 33.0 in stage 0.0 (TID 33)) 1.662ms
[92.620s][info][gc,phases   ] GC(6) Concurrent Process Non-Strong References 18.746ms
[92.620s][info][gc,phases   ] GC(6) Concurrent Reset Relocation Set 0.049ms
[92.620s][info][gc          ] Allocation Stall (Executor task launch worker for task 19.0 in stage 0.0 (TID 19)) 7.050ms
[92.620s][info][gc          ] Allocation Stall (Reference Handler) 0.288ms
[92.620s][info][gc          ] Allocation Stall (Executor task launch worker for task 27.0 in stage 0.0 (TID 27)) 7.210ms
[92.620s][info][gc          ] Allocation Stall (Executor task launch worker for task 5.0 in stage 0.0 (TID 5)) 7.251ms
[92.620s][info][gc          ] Allocation Stall (Executor task launch worker for task 35.0 in stage 0.0 (TID 35)) 7.205ms
[92.620s][info][gc          ] Allocation Stall (Executor task launch worker for task 14.0 in stage 0.0 (TID 14)) 7.180ms
[92.620s][info][gc          ] Allocation Stall (Executor task launch worker for task 15.0 in stage 0.0 (TID 15)) 7.267ms
[92.620s][info][gc          ] Allocation Stall (Executor task launch worker for task 25.0 in stage 0.0 (TID 25)) 7.146ms
[92.620s][info][gc          ] Allocation Stall (Executor task launch worker for task 1.0 in stage 0.0 (TID 1)) 7.600ms
[92.620s][info][gc          ] Allocation Stall (Common-Cleaner) 0.264ms
[92.620s][info][gc          ] Allocation Stall (Executor task launch worker for task 32.0 in stage 0.0 (TID 32)) 7.344ms
[92.620s][info][gc          ] Allocation Stall (Executor task launch worker for task 37.0 in stage 0.0 (TID 37)) 7.060ms
[92.620s][info][gc          ] Allocation Stall (Executor task launch worker for task 24.0 in stage 0.0 (TID 24)) 7.809ms
[92.620s][info][gc          ] Allocation Stall (Executor task launch worker for task 16.0 in stage 0.0 (TID 16)) 7.101ms
[92.620s][info][gc          ] Allocation Stall (Executor task launch worker for task 8.0 in stage 0.0 (TID 8)) 9.684ms
[92.620s][info][gc          ] Allocation Stall (Executor task launch worker for task 18.0 in stage 0.0 (TID 18)) 7.063ms
[92.620s][info][gc          ] Allocation Stall (Executor task launch worker for task 6.0 in stage 0.0 (TID 6)) 8.548ms
[92.620s][info][gc          ] Allocation Stall (Executor task launch worker for task 12.0 in stage 0.0 (TID 12)) 7.602ms
[92.620s][info][gc          ] Allocation Stall (Executor task launch worker for task 39.0 in stage 0.0 (TID 39)) 7.106ms
[92.620s][info][gc          ] Allocation Stall (Executor task launch worker for task 40.0 in stage 0.0 (TID 40)) 12.982ms
[92.620s][info][gc          ] Allocation Stall (Executor task launch worker for task 11.0 in stage 0.0 (TID 11)) 7.168ms
[92.620s][info][gc          ] Allocation Stall (Executor task launch worker for task 0.0 in stage 0.0 (TID 0)) 11.364ms
[92.620s][info][gc          ] Allocation Stall (Executor task launch worker for task 20.0 in stage 0.0 (TID 20)) 7.144ms
[92.620s][info][gc          ] Allocation Stall (Executor task launch worker for task 29.0 in stage 0.0 (TID 29)) 7.628ms
[92.620s][info][gc          ] Allocation Stall (Executor task launch worker for task 31.0 in stage 0.0 (TID 31)) 7.125ms
[92.620s][info][gc          ] Allocation Stall (Executor task launch worker for task 45.0 in stage 0.0 (TID 45)) 12.937ms
[92.620s][info][gc          ] Allocation Stall (Executor task launch worker for task 43.0 in stage 0.0 (TID 43)) 7.745ms
[92.620s][info][gc          ] Allocation Stall (Executor task launch worker for task 36.0 in stage 0.0 (TID 36)) 7.184ms
[92.620s][info][gc          ] Allocation Stall (Executor task launch worker for task 41.0 in stage 0.0 (TID 41)) 9.785ms
[92.620s][info][gc          ] Allocation Stall (Executor task launch worker for task 38.0 in stage 0.0 (TID 38)) 7.427ms
[92.620s][info][gc          ] Allocation Stall (Executor task launch worker for task 22.0 in stage 0.0 (TID 22)) 9.885ms
[92.620s][info][gc          ] Allocation Stall (Executor task launch worker for task 47.0 in stage 0.0 (TID 47)) 12.007ms
[92.620s][info][gc          ] Allocation Stall (Executor task launch worker for task 33.0 in stage 0.0 (TID 33)) 8.422ms
[92.620s][info][gc          ] Allocation Stall (Executor task launch worker for task 9.0 in stage 0.0 (TID 9)) 7.203ms
[92.620s][info][gc          ] Allocation Stall (Executor task launch worker for task 23.0 in stage 0.0 (TID 23)) 10.136ms
[92.620s][info][gc          ] Allocation Stall (Executor task launch worker for task 26.0 in stage 0.0 (TID 26)) 9.493ms
[92.620s][info][gc          ] Allocation Stall (Executor task launch worker for task 46.0 in stage 0.0 (TID 46)) 9.699ms
[92.620s][info][gc          ] Allocation Stall (Executor task launch worker for task 44.0 in stage 0.0 (TID 44)) 9.958ms
[92.620s][info][gc          ] Allocation Stall (Executor task launch worker for task 34.0 in stage 0.0 (TID 34)) 7.187ms
[92.620s][info][gc          ] Allocation Stall (Executor task launch worker for task 17.0 in stage 0.0 (TID 17)) 7.332ms
[92.620s][info][gc          ] Allocation Stall (Executor task launch worker for task 10.0 in stage 0.0 (TID 10)) 12.493ms
[92.620s][info][gc          ] Allocation Stall (Executor task launch worker for task 3.0 in stage 0.0 (TID 3)) 7.242ms
[92.620s][info][gc          ] Allocation Stall (Executor task launch worker for task 42.0 in stage 0.0 (TID 42)) 7.372ms
[92.620s][info][gc          ] Allocation Stall (Executor task launch worker for task 21.0 in stage 0.0 (TID 21)) 7.495ms
[92.620s][info][gc          ] Allocation Stall (Executor task launch worker for task 13.0 in stage 0.0 (TID 13)) 7.636ms
[92.620s][info][gc          ] Allocation Stall (Executor task launch worker for task 28.0 in stage 0.0 (TID 28)) 12.100ms
[92.620s][info][gc          ] Allocation Stall (Executor task launch worker for task 30.0 in stage 0.0 (TID 30)) 11.393ms
[92.620s][info][gc          ] Allocation Stall (Executor task launch worker for task 4.0 in stage 0.0 (TID 4)) 10.027ms
[92.620s][info][gc          ] Allocation Stall (Executor task launch worker for task 7.0 in stage 0.0 (TID 7)) 12.935ms
[92.620s][info][gc          ] Allocation Stall (Executor task launch worker for task 2.0 in stage 0.0 (TID 2)) 10.171ms
[92.634s][info][gc,phases   ] GC(6) Concurrent Select Relocation Set 14.152ms
[92.634s][info][gc,phases   ] GC(6) Pause Relocate Start 0.008ms
[92.706s][info][gc,phases   ] GC(6) Concurrent Relocate 71.391ms
[92.706s][info][gc,load     ] GC(6) Load: 0.00/0.00/0.00
[92.706s][info][gc,mmu      ] GC(6) MMU: 2ms/94.2%, 5ms/97.7%, 10ms/98.8%, 20ms/99.3%, 50ms/99.7%, 100ms/99.9%
[92.706s][info][gc,marking  ] GC(6) Mark: 8 stripe(s), 3 proactive flush(es), 1 terminate flush(es), 0 completion(s), 0 continuation(s) 
[92.706s][info][gc,marking  ] GC(6) Mark Stack Usage: 32M
[92.706s][info][gc,nmethod  ] GC(6) NMethods: 7093 registered, 1101 unregistered
[92.706s][info][gc,metaspace] GC(6) Metaspace: 112M used, 128M committed, 1152M reserved
[92.706s][info][gc,ref      ] GC(6) Soft: 5744 encountered, 0 discovered, 0 enqueued
[92.707s][info][gc,ref      ] GC(6) Weak: 13927 encountered, 2152 discovered, 753 enqueued
[92.707s][info][gc,ref      ] GC(6) Final: 62 encountered, 38 discovered, 0 enqueued
[92.707s][info][gc,ref      ] GC(6) Phantom: 1487 encountered, 1343 discovered, 737 enqueued
[92.707s][info][gc,reloc    ] GC(6) Small Pages: 299 / 598M, Empty: 274M, Relocated: 6M, In-Place: 0
[92.707s][info][gc,reloc    ] GC(6) Medium Pages: 2 / 64M, Empty: 0M, Relocated: 7M, In-Place: 0
[92.707s][info][gc,reloc    ] GC(6) Large Pages: 0 / 0M, Empty: 0M, Relocated: 0M, In-Place: 0
[92.707s][info][gc,reloc    ] GC(6) Forwarding Usage: 0M
[92.707s][info][gc,heap     ] GC(6) Min Capacity: 8M(1%)
[92.707s][info][gc,heap     ] GC(6) Max Capacity: 1024M(100%)
[92.707s][info][gc,heap     ] GC(6) Soft Max Capacity: 1024M(100%)
[92.707s][info][gc,heap     ] GC(6)                Mark Start          Mark End        Relocate Start      Relocate End           High               Low         
[92.707s][info][gc,heap     ] GC(6)  Capacity:     1024M (100%)       1024M (100%)       1024M (100%)       1024M (100%)       1024M (100%)       1024M (100%)   
[92.707s][info][gc,heap     ] GC(6)      Free:      362M (35%)          36M (4%)          242M (24%)         412M (40%)         428M (42%)           0M (0%)     
[92.707s][info][gc,heap     ] GC(6)      Used:      662M (65%)         988M (96%)         782M (76%)         612M (60%)        1024M (100%)        596M (58%)    
[92.707s][info][gc,heap     ] GC(6)      Live:         -                80M (8%)           80M (8%)           80M (8%)             -                  -          
[92.707s][info][gc,heap     ] GC(6) Allocated:         -               326M (32%)         394M (38%)         485M (47%)            -                  -          
[92.707s][info][gc,heap     ] GC(6)   Garbage:         -               581M (57%)         307M (30%)          45M (4%)             -                  -          
[92.707s][info][gc,heap     ] GC(6) Reclaimed:         -                  -               274M (27%)         535M (52%)            -                  -          
[92.707s][info][gc          ] GC(6) Garbage Collection (Allocation Rate) 662M(65%)->612M(60%)
[92.742s][info][gc,start    ] GC(7) Garbage Collection (Allocation Stall)
[92.742s][info][gc,ref      ] GC(7) Clearing All SoftReferences
[92.742s][info][gc,task     ] GC(7) Using 10 workers
[92.743s][info][gc,ref      ] GC(7) Clearing All SoftReferences
[92.743s][info][gc,phases   ] GC(7) Pause Mark Start 0.047ms
[92.789s][info][gc          ] Allocation Stall (Executor task launch worker for task 31.0 in stage 0.0 (TID 31)) 0.196ms
[92.820s][info][gc,phases   ] GC(7) Concurrent Mark 76.965ms
[92.820s][info][gc,phases   ] GC(7) Pause Mark End 0.019ms
[92.820s][info][gc,phases   ] GC(7) Concurrent Mark Free 0.001ms
[92.844s][info][gc,phases   ] GC(7) Concurrent Process Non-Strong References 23.716ms
[92.844s][info][gc,phases   ] GC(7) Concurrent Reset Relocation Set 0.015ms
[92.845s][info][gc          ] Allocation Stall (Executor task launch worker for task 24.0 in stage 0.0 (TID 24)) 55.499ms
[92.845s][info][gc          ] Allocation Stall (Executor task launch worker for task 43.0 in stage 0.0 (TID 43)) 55.848ms
[92.845s][info][gc          ] Allocation Stall (Executor task launch worker for task 37.0 in stage 0.0 (TID 37)) 55.403ms
[92.845s][info][gc          ] Allocation Stall (Executor task launch worker for task 44.0 in stage 0.0 (TID 44)) 55.754ms
[92.845s][info][gc          ] Allocation Stall (Executor task launch worker for task 1.0 in stage 0.0 (TID 1)) 55.802ms
[92.845s][info][gc          ] Allocation Stall (Executor task launch worker for task 42.0 in stage 0.0 (TID 42)) 55.755ms
[92.845s][info][gc          ] Allocation Stall (Executor task launch worker for task 41.0 in stage 0.0 (TID 41)) 56.060ms
[92.845s][info][gc          ] Allocation Stall (Executor task launch worker for task 5.0 in stage 0.0 (TID 5)) 55.951ms
[92.845s][info][gc          ] Allocation Stall (Executor task launch worker for task 39.0 in stage 0.0 (TID 39)) 55.782ms
[92.845s][info][gc          ] Allocation Stall (Executor task launch worker for task 10.0 in stage 0.0 (TID 10)) 56.110ms
[92.845s][info][gc          ] Allocation Stall (Executor task launch worker for task 38.0 in stage 0.0 (TID 38)) 55.781ms
[92.845s][info][gc          ] Allocation Stall (Executor task launch worker for task 17.0 in stage 0.0 (TID 17)) 56.105ms
[92.845s][info][gc          ] Allocation Stall (Executor task launch worker for task 26.0 in stage 0.0 (TID 26)) 55.796ms
[92.845s][info][gc          ] Allocation Stall (Executor task launch worker for task 6.0 in stage 0.0 (TID 6)) 55.815ms
[92.845s][info][gc          ] Allocation Stall (Executor task launch worker for task 20.0 in stage 0.0 (TID 20)) 55.814ms
[92.845s][info][gc          ] Allocation Stall (Executor task launch worker for task 25.0 in stage 0.0 (TID 25)) 55.826ms
[92.845s][info][gc          ] Allocation Stall (Executor task launch worker for task 11.0 in stage 0.0 (TID 11)) 56.226ms
[92.845s][info][gc          ] Allocation Stall (Executor task launch worker for task 16.0 in stage 0.0 (TID 16)) 56.128ms
[92.845s][info][gc          ] Allocation Stall (Executor task launch worker for task 32.0 in stage 0.0 (TID 32)) 56.307ms
[92.845s][info][gc          ] Allocation Stall (Executor task launch worker for task 12.0 in stage 0.0 (TID 12)) 56.367ms
[92.845s][info][gc          ] Allocation Stall (Executor task launch worker for task 36.0 in stage 0.0 (TID 36)) 55.867ms
[92.845s][info][gc          ] Allocation Stall (Executor task launch worker for task 0.0 in stage 0.0 (TID 0)) 56.080ms
[92.845s][info][gc          ] Allocation Stall (C1 CompilerThread0) 54.797ms
[92.845s][info][gc          ] Allocation Stall (Executor task launch worker for task 40.0 in stage 0.0 (TID 40)) 55.998ms
[92.845s][info][gc          ] Allocation Stall (Executor task launch worker for task 45.0 in stage 0.0 (TID 45)) 55.838ms
[92.845s][info][gc          ] Allocation Stall (Executor task launch worker for task 23.0 in stage 0.0 (TID 23)) 56.049ms
[92.845s][info][gc          ] Allocation Stall (Executor task launch worker for task 19.0 in stage 0.0 (TID 19)) 56.041ms
[92.845s][info][gc          ] Allocation Stall (Executor task launch worker for task 15.0 in stage 0.0 (TID 15)) 56.090ms
[92.845s][info][gc          ] Allocation Stall (C1 CompilerThread2) 55.304ms
[92.845s][info][gc          ] Allocation Stall (Executor task launch worker for task 33.0 in stage 0.0 (TID 33)) 56.020ms
[92.845s][info][gc          ] Allocation Stall (Executor task launch worker for task 4.0 in stage 0.0 (TID 4)) 56.017ms
[92.845s][info][gc          ] Allocation Stall (Executor task launch worker for task 30.0 in stage 0.0 (TID 30)) 56.107ms
[92.845s][info][gc          ] Allocation Stall (Executor task launch worker for task 28.0 in stage 0.0 (TID 28)) 55.615ms
[92.845s][info][gc          ] Allocation Stall (Executor task launch worker for task 9.0 in stage 0.0 (TID 9)) 56.168ms
[92.845s][info][gc          ] Allocation Stall (Executor task launch worker for task 13.0 in stage 0.0 (TID 13)) 56.022ms
[92.845s][info][gc          ] Allocation Stall (Executor task launch worker for task 27.0 in stage 0.0 (TID 27)) 56.190ms
[92.845s][info][gc          ] Allocation Stall (Executor task launch worker for task 14.0 in stage 0.0 (TID 14)) 55.976ms
[92.845s][info][gc          ] Allocation Stall (C1 CompilerThread3) 55.627ms
[92.845s][info][gc          ] Allocation Stall (Executor task launch worker for task 2.0 in stage 0.0 (TID 2)) 56.277ms
[92.845s][info][gc          ] Allocation Stall (Executor task launch worker for task 35.0 in stage 0.0 (TID 35)) 55.935ms
[92.845s][info][gc          ] Allocation Stall (Executor task launch worker for task 31.0 in stage 0.0 (TID 31)) 55.575ms
[92.845s][info][gc          ] Allocation Stall (Executor task launch worker for task 29.0 in stage 0.0 (TID 29)) 56.027ms
[92.845s][info][gc          ] Allocation Stall (Executor task launch worker for task 18.0 in stage 0.0 (TID 18)) 55.985ms
[92.845s][info][gc          ] Allocation Stall (C1 CompilerThread1) 55.253ms
[92.845s][info][gc          ] Allocation Stall (Executor task launch worker for task 46.0 in stage 0.0 (TID 46)) 56.039ms
[92.845s][info][gc          ] Allocation Stall (Executor task launch worker for task 7.0 in stage 0.0 (TID 7)) 55.933ms
[92.845s][info][gc          ] Allocation Stall (Executor task launch worker for task 8.0 in stage 0.0 (TID 8)) 56.160ms
[92.845s][info][gc          ] Allocation Stall (Executor task launch worker for task 21.0 in stage 0.0 (TID 21)) 56.075ms
[92.845s][info][gc          ] Allocation Stall (Executor task launch worker for task 3.0 in stage 0.0 (TID 3)) 55.604ms
[92.845s][info][gc          ] Allocation Stall (Executor task launch worker for task 34.0 in stage 0.0 (TID 34)) 55.933ms
[92.845s][info][gc          ] Allocation Stall (Executor task launch worker for task 22.0 in stage 0.0 (TID 22)) 56.162ms
[92.845s][info][gc          ] Allocation Stall (Executor task launch worker for task 47.0 in stage 0.0 (TID 47)) 55.986ms
[92.853s][info][gc,phases   ] GC(7) Concurrent Select Relocation Set 8.850ms
[92.854s][info][gc,phases   ] GC(7) Pause Relocate Start 0.011ms
[92.928s][info][gc,phases   ] GC(7) Concurrent Relocate 73.945ms
[92.928s][info][gc,load     ] GC(7) Load: 0.00/0.00/0.00
[92.928s][info][gc,mmu      ] GC(7) MMU: 2ms/94.2%, 5ms/97.7%, 10ms/98.8%, 20ms/99.3%, 50ms/99.7%, 100ms/99.9%
[92.928s][info][gc,marking  ] GC(7) Mark: 8 stripe(s), 3 proactive flush(es), 1 terminate flush(es), 0 completion(s), 0 continuation(s) 
[92.928s][info][gc,marking  ] GC(7) Mark Stack Usage: 32M
[92.928s][info][gc,nmethod  ] GC(7) NMethods: 7018 registered, 1192 unregistered
[92.928s][info][gc,metaspace] GC(7) Metaspace: 111M used, 124M committed, 1152M reserved
[92.928s][info][gc,ref      ] GC(7) Soft: 5442 encountered, 2962 discovered, 2658 enqueued
[92.928s][info][gc,ref      ] GC(7) Weak: 13019 encountered, 1932 discovered, 156 enqueued
[92.928s][info][gc,ref      ] GC(7) Final: 62 encountered, 7 discovered, 0 enqueued
[92.928s][info][gc,ref      ] GC(7) Phantom: 750 encountered, 583 discovered, 0 enqueued
[92.928s][info][gc,reloc    ] GC(7) Small Pages: 304 / 608M, Empty: 362M, Relocated: 5M, In-Place: 0
[92.928s][info][gc,reloc    ] GC(7) Medium Pages: 3 / 96M, Empty: 0M, Relocated: 19M, In-Place: 0
[92.928s][info][gc,reloc    ] GC(7) Large Pages: 0 / 0M, Empty: 0M, Relocated: 0M, In-Place: 0
[92.928s][info][gc,reloc    ] GC(7) Forwarding Usage: 0M
[92.928s][info][gc,heap     ] GC(7) Min Capacity: 8M(1%)
[92.928s][info][gc,heap     ] GC(7) Max Capacity: 1024M(100%)
[92.928s][info][gc,heap     ] GC(7) Soft Max Capacity: 1024M(100%)
[92.928s][info][gc,heap     ] GC(7)                Mark Start          Mark End        Relocate Start      Relocate End           High               Low         
[92.928s][info][gc,heap     ] GC(7)  Capacity:     1024M (100%)       1024M (100%)       1024M (100%)       1024M (100%)       1024M (100%)       1024M (100%)   
[92.928s][info][gc,heap     ] GC(7)      Free:      320M (31%)           0M (0%)          332M (32%)         334M (33%)         456M (45%)           0M (0%)     
[92.928s][info][gc,heap     ] GC(7)      Used:      704M (69%)        1024M (100%)        692M (68%)         690M (67%)        1024M (100%)        568M (55%)    
[92.928s][info][gc,heap     ] GC(7)      Live:         -                99M (10%)          99M (10%)          99M (10%)            -                  -          
[92.928s][info][gc,heap     ] GC(7) Allocated:         -               320M (31%)         350M (34%)         529M (52%)            -                  -          
[92.928s][info][gc,heap     ] GC(7)   Garbage:         -               604M (59%)         242M (24%)          60M (6%)             -                  -          
[92.928s][info][gc,heap     ] GC(7) Reclaimed:         -                  -               362M (35%)         543M (53%)            -                  -          
[92.928s][info][gc          ] GC(7) Garbage Collection (Allocation Stall) 704M(69%)->690M(67%)
[92.930s][info][gc,start    ] GC(8) Garbage Collection (Allocation Stall)
[92.930s][info][gc,ref      ] GC(8) Clearing All SoftReferences
[92.930s][info][gc,task     ] GC(8) Using 10 workers
[92.930s][info][gc,ref      ] GC(8) Clearing All SoftReferences
[92.930s][info][gc,phases   ] GC(8) Pause Mark Start 0.039ms
[93.008s][info][gc,phases   ] GC(8) Concurrent Mark 77.307ms
[93.008s][info][gc,phases   ] GC(8) Pause Mark End 0.017ms
[93.008s][info][gc,phases   ] GC(8) Concurrent Mark Free 0.001ms
[93.010s][info][gc,phases   ] GC(8) Concurrent Process Non-Strong References 2.269ms
[93.010s][info][gc,phases   ] GC(8) Concurrent Reset Relocation Set 0.007ms
[93.010s][info][gc          ] Allocation Stall (Executor task launch worker for task 36.0 in stage 0.0 (TID 36)) 26.130ms
[93.010s][info][gc          ] Allocation Stall (Executor task launch worker for task 2.0 in stage 0.0 (TID 2)) 26.017ms
[93.010s][info][gc          ] Allocation Stall (Executor task launch worker for task 9.0 in stage 0.0 (TID 9)) 26.679ms
[93.010s][info][gc          ] Allocation Stall (Executor task launch worker for task 3.0 in stage 0.0 (TID 3)) 26.287ms
[93.010s][info][gc          ] Allocation Stall (Executor task launch worker for task 38.0 in stage 0.0 (TID 38)) 26.451ms
[93.010s][info][gc          ] Allocation Stall (Executor task launch worker for task 42.0 in stage 0.0 (TID 42)) 26.068ms
[93.010s][info][gc          ] Allocation Stall (Executor task launch worker for task 22.0 in stage 0.0 (TID 22)) 26.389ms
[93.010s][info][gc          ] Allocation Stall (Executor task launch worker for task 1.0 in stage 0.0 (TID 1)) 23.585ms
[93.010s][info][gc          ] Allocation Stall (Executor task launch worker for task 39.0 in stage 0.0 (TID 39)) 25.996ms
[93.010s][info][gc          ] Allocation Stall (Executor task launch worker for task 7.0 in stage 0.0 (TID 7)) 26.667ms
[93.010s][info][gc          ] Allocation Stall (Executor task launch worker for task 37.0 in stage 0.0 (TID 37)) 25.302ms
[93.010s][info][gc          ] Allocation Stall (Executor task launch worker for task 23.0 in stage 0.0 (TID 23)) 25.955ms
[93.010s][info][gc          ] Allocation Stall (Executor task launch worker for task 33.0 in stage 0.0 (TID 33)) 23.143ms
[93.010s][info][gc          ] Allocation Stall (Executor task launch worker for task 6.0 in stage 0.0 (TID 6)) 23.952ms
[93.010s][info][gc          ] Allocation Stall (Spark Context Cleaner) 30.417ms
[93.010s][info][gc          ] Allocation Stall (Executor task launch worker for task 32.0 in stage 0.0 (TID 32)) 25.935ms
[93.010s][info][gc          ] Allocation Stall (Executor task launch worker for task 15.0 in stage 0.0 (TID 15)) 25.515ms
[93.010s][info][gc          ] Allocation Stall (Executor task launch worker for task 43.0 in stage 0.0 (TID 43)) 30.865ms
[93.010s][info][gc          ] Allocation Stall (Executor task launch worker for task 25.0 in stage 0.0 (TID 25)) 25.583ms
[93.010s][info][gc          ] Allocation Stall (Executor task launch worker for task 26.0 in stage 0.0 (TID 26)) 30.541ms
[93.010s][info][gc          ] Allocation Stall (Executor task launch worker for task 17.0 in stage 0.0 (TID 17)) 26.600ms
[93.010s][info][gc          ] Allocation Stall (Executor task launch worker for task 40.0 in stage 0.0 (TID 40)) 25.977ms
[93.010s][info][gc          ] Allocation Stall (Executor task launch worker for task 34.0 in stage 0.0 (TID 34)) 25.531ms
[93.010s][info][gc          ] Allocation Stall (Executor task launch worker for task 46.0 in stage 0.0 (TID 46)) 26.601ms
[93.010s][info][gc          ] Allocation Stall (Executor task launch worker for task 24.0 in stage 0.0 (TID 24)) 28.671ms
[93.010s][info][gc          ] Allocation Stall (Executor task launch worker for task 11.0 in stage 0.0 (TID 11)) 25.405ms
[93.010s][info][gc          ] Allocation Stall (Executor task launch worker for task 28.0 in stage 0.0 (TID 28)) 24.572ms
[93.010s][info][gc          ] Allocation Stall (Executor task launch worker for task 35.0 in stage 0.0 (TID 35)) 32.205ms
[93.010s][info][gc          ] Allocation Stall (Executor task launch worker for task 16.0 in stage 0.0 (TID 16)) 26.516ms
[93.010s][info][gc          ] Allocation Stall (Executor task launch worker for task 10.0 in stage 0.0 (TID 10)) 26.818ms
[93.010s][info][gc          ] Allocation Stall (Executor task launch worker for task 0.0 in stage 0.0 (TID 0)) 25.458ms
[93.010s][info][gc          ] Allocation Stall (Executor task launch worker for task 14.0 in stage 0.0 (TID 14)) 28.092ms
[93.010s][info][gc          ] Allocation Stall (Executor task launch worker for task 4.0 in stage 0.0 (TID 4)) 27.863ms
[93.010s][info][gc          ] Allocation Stall (Executor task launch worker for task 45.0 in stage 0.0 (TID 45)) 25.368ms
[93.010s][info][gc          ] Allocation Stall (Executor task launch worker for task 20.0 in stage 0.0 (TID 20)) 27.149ms
[93.010s][info][gc          ] Allocation Stall (Executor task launch worker for task 41.0 in stage 0.0 (TID 41)) 29.951ms
[93.010s][info][gc          ] Allocation Stall (Executor task launch worker for task 19.0 in stage 0.0 (TID 19)) 27.851ms
[93.010s][info][gc          ] Allocation Stall (Executor task launch worker for task 30.0 in stage 0.0 (TID 30)) 28.323ms
[93.010s][info][gc          ] Allocation Stall (Executor task launch worker for task 47.0 in stage 0.0 (TID 47)) 22.853ms
[93.010s][info][gc          ] Allocation Stall (Executor task launch worker for task 31.0 in stage 0.0 (TID 31)) 29.406ms
[93.010s][info][gc          ] Allocation Stall (Executor task launch worker for task 44.0 in stage 0.0 (TID 44)) 27.033ms
[93.010s][info][gc          ] Allocation Stall (Executor task launch worker for task 5.0 in stage 0.0 (TID 5)) 24.214ms
[93.010s][info][gc          ] Allocation Stall (Executor task launch worker for task 12.0 in stage 0.0 (TID 12)) 26.396ms
[93.010s][info][gc          ] Allocation Stall (Executor task launch worker for task 21.0 in stage 0.0 (TID 21)) 25.483ms
[93.010s][info][gc          ] Allocation Stall (Executor task launch worker for task 18.0 in stage 0.0 (TID 18)) 27.404ms
[93.010s][info][gc          ] Allocation Stall (Executor task launch worker for task 8.0 in stage 0.0 (TID 8)) 28.962ms
[93.011s][info][gc          ] Allocation Stall (Executor task launch worker for task 27.0 in stage 0.0 (TID 27)) 26.967ms
[93.011s][info][gc          ] Allocation Stall (Executor task launch worker for task 29.0 in stage 0.0 (TID 29)) 30.240ms
[93.011s][info][gc          ] Allocation Stall (Executor task launch worker for task 13.0 in stage 0.0 (TID 13)) 29.261ms
[93.013s][info][gc,phases   ] GC(8) Concurrent Select Relocation Set 3.197ms
[93.018s][info][gc,phases   ] GC(8) Pause Relocate Start 0.007ms
[93.144s][info][gc          ] Allocation Stall (Executor task launch worker for task 44.0 in stage 0.0 (TID 44)) 16.200ms
[93.144s][info][gc          ] Allocation Stall (Executor task launch worker for task 21.0 in stage 0.0 (TID 21)) 3.586ms
[93.145s][info][gc          ] Allocation Stall (Executor task launch worker for task 4.0 in stage 0.0 (TID 4)) 3.313ms
[93.145s][info][gc          ] Allocation Stall (Executor task launch worker for task 5.0 in stage 0.0 (TID 5)) 3.621ms
[93.145s][info][gc          ] Allocation Stall (Executor task launch worker for task 35.0 in stage 0.0 (TID 35)) 3.315ms
[93.145s][info][gc          ] Allocation Stall (Executor task launch worker for task 6.0 in stage 0.0 (TID 6)) 2.917ms
[93.145s][info][gc          ] Allocation Stall (Executor task launch worker for task 19.0 in stage 0.0 (TID 19)) 3.546ms
[93.145s][info][gc          ] Allocation Stall (Executor task launch worker for task 1.0 in stage 0.0 (TID 1)) 4.536ms
[93.145s][info][gc          ] Allocation Stall (Executor task launch worker for task 36.0 in stage 0.0 (TID 36)) 4.297ms
[93.145s][info][gc          ] Allocation Stall (Executor task launch worker for task 42.0 in stage 0.0 (TID 42)) 2.977ms
[93.145s][info][gc          ] Allocation Stall (Executor task launch worker for task 45.0 in stage 0.0 (TID 45)) 3.845ms
[93.145s][info][gc          ] Allocation Stall (Executor task launch worker for task 38.0 in stage 0.0 (TID 38)) 5.214ms
[93.145s][info][gc          ] Allocation Stall (Executor task launch worker for task 28.0 in stage 0.0 (TID 28)) 3.368ms
[93.145s][info][gc          ] Allocation Stall (Executor task launch worker for task 14.0 in stage 0.0 (TID 14)) 3.714ms
[93.145s][info][gc          ] Allocation Stall (Executor task launch worker for task 23.0 in stage 0.0 (TID 23)) 3.095ms
[93.145s][info][gc          ] Allocation Stall (Executor task launch worker for task 37.0 in stage 0.0 (TID 37)) 5.200ms
[93.145s][info][gc          ] Allocation Stall (Executor task launch worker for task 11.0 in stage 0.0 (TID 11)) 4.663ms
[93.145s][info][gc          ] Allocation Stall (Executor task launch worker for task 29.0 in stage 0.0 (TID 29)) 3.266ms
[93.145s][info][gc          ] Allocation Stall (Executor task launch worker for task 26.0 in stage 0.0 (TID 26)) 3.241ms
[93.145s][info][gc          ] Allocation Stall (Executor task launch worker for task 30.0 in stage 0.0 (TID 30)) 3.147ms
[93.145s][info][gc          ] Allocation Stall (Executor task launch worker for task 18.0 in stage 0.0 (TID 18)) 2.731ms
[93.145s][info][gc          ] Allocation Stall (Executor task launch worker for task 20.0 in stage 0.0 (TID 20)) 2.741ms
[93.145s][info][gc          ] Allocation Stall (Executor task launch worker for task 43.0 in stage 0.0 (TID 43)) 2.696ms
[93.145s][info][gc          ] Allocation Stall (Executor task launch worker for task 34.0 in stage 0.0 (TID 34)) 2.696ms
[93.145s][info][gc          ] Allocation Stall (Executor task launch worker for task 47.0 in stage 0.0 (TID 47)) 2.438ms
[93.145s][info][gc          ] Allocation Stall (Executor task launch worker for task 13.0 in stage 0.0 (TID 13)) 2.324ms
[93.145s][info][gc          ] Allocation Stall (Executor task launch worker for task 8.0 in stage 0.0 (TID 8)) 1.959ms
[93.145s][info][gc          ] Allocation Stall (Executor task launch worker for task 32.0 in stage 0.0 (TID 32)) 1.954ms
[93.145s][info][gc          ] Allocation Stall (Executor task launch worker for task 24.0 in stage 0.0 (TID 24)) 1.943ms
[93.145s][info][gc          ] Allocation Stall (Executor task launch worker for task 39.0 in stage 0.0 (TID 39)) 1.889ms
[93.147s][info][gc          ] Allocation Stall (Executor task launch worker for task 33.0 in stage 0.0 (TID 33)) 3.611ms
[93.149s][info][gc          ] Allocation Stall (Executor task launch worker for task 9.0 in stage 0.0 (TID 9)) 5.416ms
[93.149s][info][gc          ] Allocation Stall (Executor task launch worker for task 3.0 in stage 0.0 (TID 3)) 5.433ms
[93.149s][info][gc          ] Allocation Stall (Executor task launch worker for task 22.0 in stage 0.0 (TID 22)) 5.471ms
[93.149s][info][gc          ] Allocation Stall (Executor task launch worker for task 17.0 in stage 0.0 (TID 17)) 5.503ms
[93.150s][info][gc          ] Allocation Stall (Executor task launch worker for task 15.0 in stage 0.0 (TID 15)) 6.595ms
[93.150s][info][gc          ] Allocation Stall (Executor task launch worker for task 31.0 in stage 0.0 (TID 31)) 6.554ms
[93.153s][info][gc          ] Allocation Stall (Executor task launch worker for task 25.0 in stage 0.0 (TID 25)) 8.702ms
[93.153s][info][gc          ] Allocation Stall (Executor task launch worker for task 46.0 in stage 0.0 (TID 46)) 8.712ms
[93.153s][info][gc          ] Allocation Stall (Executor task launch worker for task 27.0 in stage 0.0 (TID 27)) 8.751ms
[93.153s][info][gc          ] Allocation Stall (Executor task launch worker for task 0.0 in stage 0.0 (TID 0)) 8.803ms
[93.153s][info][gc          ] Allocation Stall (Executor task launch worker for task 7.0 in stage 0.0 (TID 7)) 8.848ms
[93.153s][info][gc          ] Allocation Stall (Executor task launch worker for task 44.0 in stage 0.0 (TID 44)) 8.229ms
[93.163s][info][gc          ] Allocation Stall (Executor task launch worker for task 29.0 in stage 0.0 (TID 29)) 4.268ms
[93.163s][info][gc          ] Allocation Stall (Executor task launch worker for task 14.0 in stage 0.0 (TID 14)) 3.934ms
[93.163s][info][gc          ] Allocation Stall (Executor task launch worker for task 43.0 in stage 0.0 (TID 43)) 4.182ms
[93.163s][info][gc          ] Allocation Stall (Executor task launch worker for task 7.0 in stage 0.0 (TID 7)) 4.010ms
[93.163s][info][gc          ] Allocation Stall (Executor task launch worker for task 20.0 in stage 0.0 (TID 20)) 15.951ms
[93.163s][info][gc          ] Allocation Stall (Executor task launch worker for task 32.0 in stage 0.0 (TID 32)) 14.672ms
[93.163s][info][gc          ] Allocation Stall (Executor task launch worker for task 26.0 in stage 0.0 (TID 26)) 15.942ms
[93.163s][info][gc          ] Allocation Stall (Executor task launch worker for task 34.0 in stage 0.0 (TID 34)) 11.281ms
[93.163s][info][gc          ] Allocation Stall (Executor task launch worker for task 22.0 in stage 0.0 (TID 22)) 7.715ms
[93.163s][info][gc          ] Allocation Stall (Executor task launch worker for task 12.0 in stage 0.0 (TID 12)) 7.468ms
[93.163s][info][gc          ] Allocation Stall (Executor task launch worker for task 17.0 in stage 0.0 (TID 17)) 7.311ms
[93.163s][info][gc          ] Allocation Stall (Executor task launch worker for task 3.0 in stage 0.0 (TID 3)) 7.096ms
[93.163s][info][gc          ] Allocation Stall (Executor task launch worker for task 25.0 in stage 0.0 (TID 25)) 4.592ms
[93.163s][info][gc          ] Allocation Stall (Executor task launch worker for task 27.0 in stage 0.0 (TID 27)) 4.580ms
[93.163s][info][gc          ] Allocation Stall (Executor task launch worker for task 44.0 in stage 0.0 (TID 44)) 4.492ms
[93.163s][info][gc          ] Allocation Stall (Executor task launch worker for task 46.0 in stage 0.0 (TID 46)) 4.356ms
[93.165s][info][gc          ] Allocation Stall (Executor task launch worker for task 5.0 in stage 0.0 (TID 5)) 2.762ms
[93.165s][info][gc          ] Allocation Stall (Executor task launch worker for task 45.0 in stage 0.0 (TID 45)) 2.719ms
[93.165s][info][gc          ] Allocation Stall (Executor task launch worker for task 15.0 in stage 0.0 (TID 15)) 3.030ms
[93.165s][info][gc          ] Allocation Stall (Executor task launch worker for task 37.0 in stage 0.0 (TID 37)) 2.679ms
[93.165s][info][gc          ] Allocation Stall (Executor task launch worker for task 13.0 in stage 0.0 (TID 13)) 2.671ms
[93.165s][info][gc          ] Allocation Stall (Executor task launch worker for task 8.0 in stage 0.0 (TID 8)) 2.658ms
[93.165s][info][gc          ] Allocation Stall (Executor task launch worker for task 0.0 in stage 0.0 (TID 0)) 6.076ms
[93.165s][info][gc          ] Allocation Stall (Executor task launch worker for task 39.0 in stage 0.0 (TID 39)) 6.010ms
[93.166s][info][gc          ] Allocation Stall (Executor task launch worker for task 18.0 in stage 0.0 (TID 18)) 5.892ms
[93.166s][info][gc          ] Allocation Stall (Executor task launch worker for task 47.0 in stage 0.0 (TID 47)) 5.884ms
[93.166s][info][gc          ] Allocation Stall (Executor task launch worker for task 30.0 in stage 0.0 (TID 30)) 5.828ms
[93.166s][info][gc          ] Allocation Stall (Executor task launch worker for task 31.0 in stage 0.0 (TID 31)) 5.569ms
[93.166s][info][gc          ] Allocation Stall (Executor task launch worker for task 42.0 in stage 0.0 (TID 42)) 5.561ms
[93.166s][info][gc          ] Allocation Stall (Executor task launch worker for task 35.0 in stage 0.0 (TID 35)) 5.490ms
[93.166s][info][gc          ] Allocation Stall (Executor task launch worker for task 1.0 in stage 0.0 (TID 1)) 4.463ms
[93.166s][info][gc,phases   ] GC(8) Concurrent Relocate 147.119ms
[93.166s][info][gc          ] Allocation Stall (Executor task launch worker for task 21.0 in stage 0.0 (TID 21)) 4.265ms
[93.166s][info][gc          ] Allocation Stall (Executor task launch worker for task 24.0 in stage 0.0 (TID 24)) 3.747ms
[93.166s][info][gc          ] Allocation Stall (Executor task launch worker for task 4.0 in stage 0.0 (TID 4)) 4.136ms
[93.166s][info][gc          ] Allocation Stall (Executor task launch worker for task 28.0 in stage 0.0 (TID 28)) 3.159ms
[93.166s][info][gc          ] Allocation Stall (Executor task launch worker for task 9.0 in stage 0.0 (TID 9)) 3.033ms
[93.166s][info][gc          ] Allocation Stall (Executor task launch worker for task 6.0 in stage 0.0 (TID 6)) 2.954ms
[93.166s][info][gc          ] Allocation Stall (Executor task launch worker for task 33.0 in stage 0.0 (TID 33)) 2.958ms
[93.166s][info][gc,load     ] GC(8) Load: 0.00/0.00/0.00
[93.166s][info][gc,mmu      ] GC(8) MMU: 2ms/94.2%, 5ms/97.7%, 10ms/98.8%, 20ms/99.3%, 50ms/99.7%, 100ms/99.9%
[93.166s][info][gc,marking  ] GC(8) Mark: 8 stripe(s), 2 proactive flush(es), 1 terminate flush(es), 0 completion(s), 0 continuation(s) 
[93.166s][info][gc,marking  ] GC(8) Mark Stack Usage: 32M
[93.166s][info][gc,nmethod  ] GC(8) NMethods: 7022 registered, 1192 unregistered
[93.166s][info][gc,metaspace] GC(8) Metaspace: 111M used, 124M committed, 1152M reserved
[93.166s][info][gc,ref      ] GC(8) Soft: 2784 encountered, 2365 discovered, 0 enqueued
[93.166s][info][gc,ref      ] GC(8) Weak: 12863 encountered, 1789 discovered, 0 enqueued
[93.166s][info][gc,ref      ] GC(8) Final: 62 encountered, 5 discovered, 0 enqueued
[93.166s][info][gc,ref      ] GC(8) Phantom: 750 encountered, 553 discovered, 0 enqueued
[93.166s][info][gc,reloc    ] GC(8) Small Pages: 300 / 600M, Empty: 462M, Relocated: 5M, In-Place: 0
[93.166s][info][gc,reloc    ] GC(8) Medium Pages: 3 / 96M, Empty: 0M, Relocated: 20M, In-Place: 0
[93.166s][info][gc,reloc    ] GC(8) Large Pages: 0 / 0M, Empty: 0M, Relocated: 0M, In-Place: 0
[93.166s][info][gc,reloc    ] GC(8) Forwarding Usage: 0M
[93.166s][info][gc,heap     ] GC(8) Min Capacity: 8M(1%)
[93.166s][info][gc,heap     ] GC(8) Max Capacity: 1024M(100%)
[93.166s][info][gc,heap     ] GC(8) Soft Max Capacity: 1024M(100%)
[93.167s][info][gc,heap     ] GC(8)                Mark Start          Mark End        Relocate Start      Relocate End           High               Low         
[93.167s][info][gc,heap     ] GC(8)  Capacity:     1024M (100%)       1024M (100%)       1024M (100%)       1024M (100%)       1024M (100%)       1024M (100%)   
[93.167s][info][gc,heap     ] GC(8)      Free:      328M (32%)           0M (0%)          418M (41%)         150M (15%)         436M (43%)           0M (0%)     
[93.167s][info][gc,heap     ] GC(8)      Used:      696M (68%)        1024M (100%)        606M (59%)         874M (85%)        1024M (100%)        588M (57%)    
[93.167s][info][gc,heap     ] GC(8)      Live:         -               101M (10%)         101M (10%)         101M (10%)            -                  -          
[93.167s][info][gc,heap     ] GC(8) Allocated:         -               328M (32%)         372M (36%)         722M (71%)            -                  -          
[93.167s][info][gc,heap     ] GC(8)   Garbage:         -               594M (58%)         132M (13%)          50M (5%)             -                  -          
[93.167s][info][gc,heap     ] GC(8) Reclaimed:         -                  -               462M (45%)         544M (53%)            -                  -          
[93.167s][info][gc          ] GC(8) Garbage Collection (Allocation Stall) 696M(68%)->874M(85%)
[93.242s][info][gc,start    ] GC(9) Garbage Collection (Allocation Stall)
[93.242s][info][gc,ref      ] GC(9) Clearing All SoftReferences
[93.242s][info][gc,task     ] GC(9) Using 10 workers
[93.243s][info][gc,ref      ] GC(9) Clearing All SoftReferences
[93.243s][info][gc,phases   ] GC(9) Pause Mark Start 0.050ms
[93.263s][info][gc          ] Allocation Stall (Executor task launch worker for task 39.0 in stage 0.0 (TID 39)) 0.051ms
[93.263s][info][gc          ] Allocation Stall (Executor task launch worker for task 16.0 in stage 0.0 (TID 16)) 0.098ms
[93.263s][info][gc          ] Allocation Stall (Executor task launch worker for task 13.0 in stage 0.0 (TID 13)) 0.141ms
[93.263s][info][gc          ] Allocation Stall (Executor task launch worker for task 45.0 in stage 0.0 (TID 45)) 0.181ms
[93.263s][info][gc          ] Allocation Stall (Executor task launch worker for task 47.0 in stage 0.0 (TID 47)) 0.221ms
[93.264s][info][gc          ] Allocation Stall (Executor task launch worker for task 41.0 in stage 0.0 (TID 41)) 1.233ms
[93.264s][info][gc          ] Allocation Stall (Executor task launch worker for task 1.0 in stage 0.0 (TID 1)) 1.275ms
[93.264s][info][gc          ] Allocation Stall (Executor task launch worker for task 43.0 in stage 0.0 (TID 43)) 1.315ms
[93.264s][info][gc          ] Allocation Stall (Executor task launch worker for task 11.0 in stage 0.0 (TID 11)) 1.355ms
[93.269s][info][gc          ] Allocation Stall (Executor task launch worker for task 39.0 in stage 0.0 (TID 39)) 2.683ms
[93.269s][info][gc          ] Allocation Stall (Executor task launch worker for task 47.0 in stage 0.0 (TID 47)) 2.682ms
[93.269s][info][gc          ] Allocation Stall (Executor task launch worker for task 34.0 in stage 0.0 (TID 34)) 3.087ms
[93.269s][info][gc          ] Allocation Stall (Executor task launch worker for task 38.0 in stage 0.0 (TID 38)) 2.957ms
[93.269s][info][gc          ] Allocation Stall (Executor task launch worker for task 45.0 in stage 0.0 (TID 45)) 2.961ms
[93.269s][info][gc          ] Allocation Stall (Executor task launch worker for task 20.0 in stage 0.0 (TID 20)) 2.986ms
[93.270s][info][gc          ] Allocation Stall (Executor task launch worker for task 27.0 in stage 0.0 (TID 27)) 2.973ms
[93.270s][info][gc          ] Allocation Stall (Executor task launch worker for task 19.0 in stage 0.0 (TID 19)) 2.886ms
[93.270s][info][gc          ] Allocation Stall (Executor task launch worker for task 30.0 in stage 0.0 (TID 30)) 2.824ms
[93.272s][info][gc          ] Allocation Stall (Executor task launch worker for task 24.0 in stage 0.0 (TID 24)) 4.818ms
[93.272s][info][gc          ] Allocation Stall (Executor task launch worker for task 2.0 in stage 0.0 (TID 2)) 4.356ms
[93.272s][info][gc          ] Allocation Stall (Executor task launch worker for task 41.0 in stage 0.0 (TID 41)) 4.318ms
[93.272s][info][gc          ] Allocation Stall (Executor task launch worker for task 43.0 in stage 0.0 (TID 43)) 4.351ms
[93.272s][info][gc          ] Allocation Stall (Executor task launch worker for task 1.0 in stage 0.0 (TID 1)) 4.243ms
[93.272s][info][gc          ] Allocation Stall (Executor task launch worker for task 3.0 in stage 0.0 (TID 3)) 4.207ms
[93.272s][info][gc          ] Allocation Stall (Executor task launch worker for task 6.0 in stage 0.0 (TID 6)) 3.886ms
[93.272s][info][gc          ] Allocation Stall (Executor task launch worker for task 11.0 in stage 0.0 (TID 11)) 3.881ms
[93.272s][info][gc          ] Allocation Stall (Executor task launch worker for task 7.0 in stage 0.0 (TID 7)) 3.811ms
[93.272s][info][gc          ] Allocation Stall (Executor task launch worker for task 39.0 in stage 0.0 (TID 39)) 1.117ms
[93.272s][info][gc          ] Allocation Stall (Executor task launch worker for task 17.0 in stage 0.0 (TID 17)) 0.798ms
[93.278s][info][gc          ] Allocation Stall (Executor task launch worker for task 45.0 in stage 0.0 (TID 45)) 6.263ms
[93.278s][info][gc          ] Allocation Stall (Executor task launch worker for task 34.0 in stage 0.0 (TID 34)) 6.294ms
[93.278s][info][gc          ] Allocation Stall (Executor task launch worker for task 20.0 in stage 0.0 (TID 20)) 6.392ms
[93.278s][info][gc          ] Allocation Stall (Executor task launch worker for task 19.0 in stage 0.0 (TID 19)) 6.176ms
[93.278s][info][gc          ] Allocation Stall (Executor task launch worker for task 13.0 in stage 0.0 (TID 13)) 6.211ms
[93.278s][info][gc          ] Allocation Stall (Executor task launch worker for task 30.0 in stage 0.0 (TID 30)) 6.246ms
[93.278s][info][gc          ] Allocation Stall (Executor task launch worker for task 6.0 in stage 0.0 (TID 6)) 2.990ms
[93.279s][info][gc          ] Allocation Stall (Executor task launch worker for task 11.0 in stage 0.0 (TID 11)) 3.026ms
[93.279s][info][gc          ] Allocation Stall (Executor task launch worker for task 18.0 in stage 0.0 (TID 18)) 2.990ms
[93.279s][info][gc          ] Allocation Stall (Executor task launch worker for task 39.0 in stage 0.0 (TID 39)) 2.947ms
[93.279s][info][gc          ] Allocation Stall (Executor task launch worker for task 7.0 in stage 0.0 (TID 7)) 2.613ms
[93.279s][info][gc          ] Allocation Stall (Executor task launch worker for task 37.0 in stage 0.0 (TID 37)) 2.401ms
[93.279s][info][gc          ] Allocation Stall (Executor task launch worker for task 41.0 in stage 0.0 (TID 41)) 2.390ms
[93.279s][info][gc          ] Allocation Stall (Executor task launch worker for task 4.0 in stage 0.0 (TID 4)) 2.927ms
[93.279s][info][gc          ] Allocation Stall (Executor task launch worker for task 17.0 in stage 0.0 (TID 17)) 2.901ms
[93.280s][info][gc          ] Allocation Stall (Executor task launch worker for task 16.0 in stage 0.0 (TID 16)) 2.826ms
[93.280s][info][gc          ] Allocation Stall (Executor task launch worker for task 38.0 in stage 0.0 (TID 38)) 2.876ms
[93.280s][info][gc          ] Allocation Stall (Executor task launch worker for task 27.0 in stage 0.0 (TID 27)) 2.563ms
[93.280s][info][gc          ] Allocation Stall (Executor task launch worker for task 47.0 in stage 0.0 (TID 47)) 2.726ms
[93.280s][info][gc          ] Allocation Stall (Executor task launch worker for task 25.0 in stage 0.0 (TID 25)) 2.715ms
[93.284s][info][gc          ] Allocation Stall (Executor task launch worker for task 29.0 in stage 0.0 (TID 29)) 6.097ms
[93.285s][info][gc          ] Allocation Stall (Executor task launch worker for task 19.0 in stage 0.0 (TID 19)) 0.656ms
[93.285s][info][gc          ] Allocation Stall (Executor task launch worker for task 34.0 in stage 0.0 (TID 34)) 0.682ms
[93.285s][info][gc          ] Allocation Stall (Executor task launch worker for task 3.0 in stage 0.0 (TID 3)) 0.506ms
[93.290s][info][gc          ] Allocation Stall (Executor task launch worker for task 38.0 in stage 0.0 (TID 38)) 3.886ms
[93.290s][info][gc          ] Allocation Stall (Executor task launch worker for task 31.0 in stage 0.0 (TID 31)) 4.015ms
[93.291s][info][gc          ] Allocation Stall (Executor task launch worker for task 47.0 in stage 0.0 (TID 47)) 4.383ms
[93.291s][info][gc          ] Allocation Stall (Executor task launch worker for task 21.0 in stage 0.0 (TID 21)) 4.463ms
[93.291s][info][gc          ] Allocation Stall (Executor task launch worker for task 25.0 in stage 0.0 (TID 25)) 4.053ms
[93.291s][info][gc          ] Allocation Stall (Executor task launch worker for task 36.0 in stage 0.0 (TID 36)) 2.880ms
[93.292s][info][gc          ] Allocation Stall (Executor task launch worker for task 14.0 in stage 0.0 (TID 14)) 3.171ms
[93.292s][info][gc          ] Allocation Stall (Executor task launch worker for task 44.0 in stage 0.0 (TID 44)) 1.977ms
[93.293s][info][gc          ] Allocation Stall (Executor task launch worker for task 19.0 in stage 0.0 (TID 19)) 2.359ms
[93.294s][info][gc          ] Allocation Stall (Executor task launch worker for task 45.0 in stage 0.0 (TID 45)) 3.366ms
[93.294s][info][gc          ] Allocation Stall (Executor task launch worker for task 34.0 in stage 0.0 (TID 34)) 3.399ms
[93.294s][info][gc          ] Allocation Stall (Executor task launch worker for task 17.0 in stage 0.0 (TID 17)) 2.574ms
[93.294s][info][gc          ] Allocation Stall (Executor task launch worker for task 41.0 in stage 0.0 (TID 41)) 0.609ms
[93.295s][info][gc          ] Allocation Stall (Executor task launch worker for task 18.0 in stage 0.0 (TID 18)) 0.917ms
[93.320s][info][gc,phases   ] GC(9) Concurrent Mark 74.717ms
[93.320s][info][gc,phases   ] GC(9) Pause Mark End 0.023ms
[93.320s][info][gc,phases   ] GC(9) Concurrent Mark Free 0.001ms
[93.358s][info][gc,phases   ] GC(9) Concurrent Process Non-Strong References 38.042ms
[93.358s][info][gc,phases   ] GC(9) Concurrent Reset Relocation Set 0.005ms
[93.359s][info][gc          ] Allocation Stall (Executor task launch worker for task 11.0 in stage 0.0 (TID 11)) 60.274ms
[93.359s][info][gc          ] Allocation Stall (Executor task launch worker for task 31.0 in stage 0.0 (TID 31)) 61.474ms
[93.359s][info][gc          ] Allocation Stall (Executor task launch worker for task 19.0 in stage 0.0 (TID 19)) 60.013ms
[93.359s][info][gc          ] Allocation Stall (Executor task launch worker for task 34.0 in stage 0.0 (TID 34)) 60.035ms
[93.359s][info][gc          ] Allocation Stall (Executor task launch worker for task 42.0 in stage 0.0 (TID 42)) 61.430ms
[93.359s][info][gc          ] Allocation Stall (Executor task launch worker for task 3.0 in stage 0.0 (TID 3)) 61.411ms
[93.359s][info][gc          ] Allocation Stall (Executor task launch worker for task 33.0 in stage 0.0 (TID 33)) 62.514ms
[93.359s][info][gc          ] Allocation Stall (Executor task launch worker for task 17.0 in stage 0.0 (TID 17)) 60.021ms
[93.359s][info][gc          ] Allocation Stall (Executor task launch worker for task 14.0 in stage 0.0 (TID 14)) 59.834ms
[93.359s][info][gc          ] Allocation Stall (Executor task launch worker for task 29.0 in stage 0.0 (TID 29)) 61.294ms
[93.359s][info][gc          ] Allocation Stall (Executor task launch worker for task 24.0 in stage 0.0 (TID 24)) 61.307ms
[93.359s][info][gc          ] Allocation Stall (Executor task launch worker for task 27.0 in stage 0.0 (TID 27)) 62.538ms
[93.359s][info][gc          ] Allocation Stall (Executor task launch worker for task 5.0 in stage 0.0 (TID 5)) 60.680ms
[93.359s][info][gc          ] Allocation Stall (Executor task launch worker for task 35.0 in stage 0.0 (TID 35)) 61.743ms
[93.359s][info][gc          ] Allocation Stall (Executor task launch worker for task 2.0 in stage 0.0 (TID 2)) 63.934ms
[93.359s][info][gc          ] Allocation Stall (Executor task launch worker for task 6.0 in stage 0.0 (TID 6)) 60.226ms
[93.359s][info][gc          ] Allocation Stall (Executor task launch worker for task 38.0 in stage 0.0 (TID 38)) 61.933ms
[93.359s][info][gc          ] Allocation Stall (Executor task launch worker for task 18.0 in stage 0.0 (TID 18)) 60.178ms
[93.359s][info][gc          ] Allocation Stall (Executor task launch worker for task 43.0 in stage 0.0 (TID 43)) 62.553ms
[93.359s][info][gc          ] Allocation Stall (Executor task launch worker for task 13.0 in stage 0.0 (TID 13)) 61.685ms
[93.359s][info][gc          ] Allocation Stall (Executor task launch worker for task 30.0 in stage 0.0 (TID 30)) 62.039ms
[93.359s][info][gc          ] Allocation Stall (Executor task launch worker for task 16.0 in stage 0.0 (TID 16)) 60.916ms
[93.359s][info][gc          ] Allocation Stall (Executor task launch worker for task 1.0 in stage 0.0 (TID 1)) 60.180ms
[93.359s][info][gc          ] Allocation Stall (Executor task launch worker for task 8.0 in stage 0.0 (TID 8)) 61.797ms
[93.359s][info][gc          ] Allocation Stall (Executor task launch worker for task 26.0 in stage 0.0 (TID 26)) 61.669ms
[93.359s][info][gc          ] Allocation Stall (Executor task launch worker for task 45.0 in stage 0.0 (TID 45)) 60.190ms
[93.359s][info][gc          ] Allocation Stall (Executor task launch worker for task 23.0 in stage 0.0 (TID 23)) 61.996ms
[93.359s][info][gc          ] Allocation Stall (Executor task launch worker for task 9.0 in stage 0.0 (TID 9)) 59.973ms
[93.359s][info][gc          ] Allocation Stall (Executor task launch worker for task 20.0 in stage 0.0 (TID 20)) 59.938ms
[93.359s][info][gc          ] Allocation Stall (Executor task launch worker for task 36.0 in stage 0.0 (TID 36)) 60.811ms
[93.359s][info][gc          ] Allocation Stall (Executor task launch worker for task 39.0 in stage 0.0 (TID 39)) 60.189ms
[93.359s][info][gc          ] Allocation Stall (Executor task launch worker for task 46.0 in stage 0.0 (TID 46)) 62.634ms
[93.359s][info][gc          ] Allocation Stall (Executor task launch worker for task 15.0 in stage 0.0 (TID 15)) 61.401ms
[93.359s][info][gc          ] Allocation Stall (Executor task launch worker for task 41.0 in stage 0.0 (TID 41)) 60.183ms
[93.359s][info][gc          ] Allocation Stall (Executor task launch worker for task 47.0 in stage 0.0 (TID 47)) 61.134ms
[93.359s][info][gc          ] Allocation Stall (Executor task launch worker for task 25.0 in stage 0.0 (TID 25)) 60.954ms
[93.359s][info][gc          ] Allocation Stall (Executor task launch worker for task 28.0 in stage 0.0 (TID 28)) 61.190ms
[93.359s][info][gc          ] Allocation Stall (Executor task launch worker for task 21.0 in stage 0.0 (TID 21)) 61.348ms
[93.359s][info][gc          ] Allocation Stall (Executor task launch worker for task 4.0 in stage 0.0 (TID 4)) 61.579ms
[93.359s][info][gc          ] Allocation Stall (Executor task launch worker for task 7.0 in stage 0.0 (TID 7)) 60.495ms
[93.359s][info][gc          ] Allocation Stall (Executor task launch worker for task 22.0 in stage 0.0 (TID 22)) 59.933ms
[93.359s][info][gc          ] Allocation Stall (Executor task launch worker for task 12.0 in stage 0.0 (TID 12)) 62.722ms
[93.359s][info][gc          ] Allocation Stall (Executor task launch worker for task 32.0 in stage 0.0 (TID 32)) 61.666ms
[93.359s][info][gc          ] Allocation Stall (Executor task launch worker for task 40.0 in stage 0.0 (TID 40)) 60.616ms
[93.359s][info][gc          ] Allocation Stall (Spark Context Cleaner) 23.051ms
[93.359s][info][gc          ] Allocation Stall (Executor task launch worker for task 37.0 in stage 0.0 (TID 37)) 60.694ms
[93.359s][info][gc          ] Allocation Stall (Executor task launch worker for task 0.0 in stage 0.0 (TID 0)) 59.936ms
[93.359s][info][gc          ] Allocation Stall (Executor task launch worker for task 44.0 in stage 0.0 (TID 44)) 60.898ms
[93.359s][info][gc          ] Allocation Stall (Executor task launch worker for task 10.0 in stage 0.0 (TID 10)) 59.930ms
[93.362s][info][gc,phases   ] GC(9) Concurrent Select Relocation Set 3.508ms
[93.362s][info][gc,phases   ] GC(9) Pause Relocate Start 0.010ms
[93.531s][info][gc          ] Allocation Stall (Executor task launch worker for task 36.0 in stage 0.0 (TID 36)) 1.699ms
[93.531s][info][gc          ] Allocation Stall (Executor task launch worker for task 30.0 in stage 0.0 (TID 30)) 1.599ms
[93.531s][info][gc          ] Allocation Stall (Executor task launch worker for task 18.0 in stage 0.0 (TID 18)) 2.324ms
[93.531s][info][gc          ] Allocation Stall (Executor task launch worker for task 21.0 in stage 0.0 (TID 21)) 2.322ms
[93.531s][info][gc          ] Allocation Stall (Executor task launch worker for task 25.0 in stage 0.0 (TID 25)) 2.300ms
[93.531s][info][gc          ] Allocation Stall (Executor task launch worker for task 14.0 in stage 0.0 (TID 14)) 2.294ms
[93.531s][info][gc          ] Allocation Stall (Executor task launch worker for task 3.0 in stage 0.0 (TID 3)) 2.282ms
[93.531s][info][gc          ] Allocation Stall (Executor task launch worker for task 29.0 in stage 0.0 (TID 29)) 2.246ms
[93.531s][info][gc          ] Allocation Stall (Executor task launch worker for task 38.0 in stage 0.0 (TID 38)) 2.278ms
[93.531s][info][gc          ] Allocation Stall (Executor task launch worker for task 43.0 in stage 0.0 (TID 43)) 2.286ms
[93.531s][info][gc          ] Allocation Stall (Executor task launch worker for task 44.0 in stage 0.0 (TID 44)) 2.240ms
[93.531s][info][gc          ] Allocation Stall (Executor task launch worker for task 28.0 in stage 0.0 (TID 28)) 2.244ms
[93.531s][info][gc          ] Allocation Stall (Executor task launch worker for task 33.0 in stage 0.0 (TID 33)) 1.342ms
[93.531s][info][gc          ] Allocation Stall (Executor task launch worker for task 6.0 in stage 0.0 (TID 6)) 1.371ms
[93.531s][info][gc          ] Allocation Stall (Executor task launch worker for task 47.0 in stage 0.0 (TID 47)) 1.486ms
[93.531s][info][gc          ] Allocation Stall (Executor task launch worker for task 24.0 in stage 0.0 (TID 24)) 1.408ms
[93.531s][info][gc          ] Allocation Stall (Executor task launch worker for task 34.0 in stage 0.0 (TID 34)) 2.613ms
[93.531s][info][gc          ] Allocation Stall (Executor task launch worker for task 4.0 in stage 0.0 (TID 4)) 2.383ms
[93.531s][info][gc          ] Allocation Stall (Executor task launch worker for task 1.0 in stage 0.0 (TID 1)) 1.295ms
[93.531s][info][gc          ] Allocation Stall (Executor task launch worker for task 13.0 in stage 0.0 (TID 13)) 2.297ms
[93.532s][info][gc          ] Allocation Stall (Executor task launch worker for task 9.0 in stage 0.0 (TID 9)) 1.445ms
[93.532s][info][gc          ] Allocation Stall (Executor task launch worker for task 37.0 in stage 0.0 (TID 37)) 1.439ms
[93.532s][info][gc          ] Allocation Stall (Executor task launch worker for task 45.0 in stage 0.0 (TID 45)) 3.086ms
[93.532s][info][gc          ] Allocation Stall (Executor task launch worker for task 39.0 in stage 0.0 (TID 39)) 2.507ms
[93.532s][info][gc          ] Allocation Stall (Executor task launch worker for task 42.0 in stage 0.0 (TID 42)) 2.482ms
[93.532s][info][gc          ] Allocation Stall (Executor task launch worker for task 15.0 in stage 0.0 (TID 15)) 2.463ms
[93.532s][info][gc          ] Allocation Stall (Executor task launch worker for task 7.0 in stage 0.0 (TID 7)) 2.443ms
[93.532s][info][gc          ] Allocation Stall (Executor task launch worker for task 23.0 in stage 0.0 (TID 23)) 2.363ms
[93.532s][info][gc          ] Allocation Stall (Executor task launch worker for task 19.0 in stage 0.0 (TID 19)) 2.338ms
[93.532s][info][gc          ] Allocation Stall (Executor task launch worker for task 32.0 in stage 0.0 (TID 32)) 2.319ms
[93.532s][info][gc          ] Allocation Stall (Executor task launch worker for task 46.0 in stage 0.0 (TID 46)) 2.313ms
[93.532s][info][gc          ] Allocation Stall (Executor task launch worker for task 35.0 in stage 0.0 (TID 35)) 2.024ms
[93.532s][info][gc          ] Allocation Stall (Executor task launch worker for task 27.0 in stage 0.0 (TID 27)) 1.990ms
[93.532s][info][gc          ] Allocation Stall (Executor task launch worker for task 22.0 in stage 0.0 (TID 22)) 1.954ms
[93.532s][info][gc          ] Allocation Stall (Executor task launch worker for task 11.0 in stage 0.0 (TID 11)) 1.668ms
[93.532s][info][gc          ] Allocation Stall (Executor task launch worker for task 17.0 in stage 0.0 (TID 17)) 1.663ms
[93.532s][info][gc          ] Allocation Stall (Executor task launch worker for task 5.0 in stage 0.0 (TID 5)) 1.652ms
[93.532s][info][gc          ] Allocation Stall (Executor task launch worker for task 26.0 in stage 0.0 (TID 26)) 1.638ms
[93.532s][info][gc          ] Allocation Stall (Executor task launch worker for task 20.0 in stage 0.0 (TID 20)) 1.604ms
[93.532s][info][gc          ] Allocation Stall (Executor task launch worker for task 8.0 in stage 0.0 (TID 8)) 1.731ms
[93.544s][info][gc,phases   ] GC(9) Concurrent Relocate 180.976ms
[93.544s][info][gc,load     ] GC(9) Load: 0.00/0.00/0.00
[93.544s][info][gc,mmu      ] GC(9) MMU: 2ms/94.2%, 5ms/97.7%, 10ms/98.8%, 20ms/99.3%, 50ms/99.7%, 100ms/99.9%
[93.544s][info][gc,marking  ] GC(9) Mark: 8 stripe(s), 2 proactive flush(es), 1 terminate flush(es), 0 completion(s), 0 continuation(s) 
[93.544s][info][gc,marking  ] GC(9) Mark Stack Usage: 32M
[93.544s][info][gc,nmethod  ] GC(9) NMethods: 683 registered, 7531 unregistered
[93.544s][info][gc,metaspace] GC(9) Metaspace: 111M used, 124M committed, 1152M reserved
[93.544s][info][gc,ref      ] GC(9) Soft: 2784 encountered, 882 discovered, 0 enqueued
[93.544s][info][gc,ref      ] GC(9) Weak: 12863 encountered, 3350 discovered, 0 enqueued
[93.544s][info][gc,ref      ] GC(9) Final: 62 encountered, 27 discovered, 0 enqueued
[93.544s][info][gc,ref      ] GC(9) Phantom: 750 encountered, 608 discovered, 0 enqueued
[93.544s][info][gc,reloc    ] GC(9) Small Pages: 389 / 778M, Empty: 554M, Relocated: 5M, In-Place: 0
[93.544s][info][gc,reloc    ] GC(9) Medium Pages: 5 / 160M, Empty: 32M, Relocated: 19M, In-Place: 0
[93.544s][info][gc,reloc    ] GC(9) Large Pages: 0 / 0M, Empty: 0M, Relocated: 0M, In-Place: 0
[93.544s][info][gc,reloc    ] GC(9) Forwarding Usage: 0M
[93.544s][info][gc,heap     ] GC(9) Min Capacity: 8M(1%)
[93.544s][info][gc,heap     ] GC(9) Max Capacity: 1024M(100%)
[93.544s][info][gc,heap     ] GC(9) Soft Max Capacity: 1024M(100%)
[93.544s][info][gc,heap     ] GC(9)                Mark Start          Mark End        Relocate Start      Relocate End           High               Low         
[93.544s][info][gc,heap     ] GC(9)  Capacity:     1024M (100%)       1024M (100%)       1024M (100%)       1024M (100%)       1024M (100%)       1024M (100%)   
[93.544s][info][gc,heap     ] GC(9)      Free:       86M (8%)            0M (0%)          570M (56%)         224M (22%)         662M (65%)           0M (0%)     
[93.544s][info][gc,heap     ] GC(9)      Used:      938M (92%)        1024M (100%)        454M (44%)         800M (78%)        1024M (100%)        362M (35%)    
[93.544s][info][gc,heap     ] GC(9)      Live:         -               137M (13%)         137M (13%)         137M (13%)            -                  -          
[93.544s][info][gc,heap     ] GC(9) Allocated:         -                86M (8%)          102M (10%)         614M (60%)            -                  -          
[93.544s][info][gc,heap     ] GC(9)   Garbage:         -               800M (78%)         214M (21%)          48M (5%)             -                  -          
[93.544s][info][gc,heap     ] GC(9) Reclaimed:         -                  -               586M (57%)         752M (73%)            -                  -          
[93.544s][info][gc          ] GC(9) Garbage Collection (Allocation Stall) 938M(92%)->800M(78%)
[93.633s][info][gc,start    ] GC(10) Garbage Collection (Allocation Stall)
[93.633s][info][gc,ref      ] GC(10) Clearing All SoftReferences
[93.633s][info][gc,task     ] GC(10) Using 10 workers
[93.633s][info][gc,ref      ] GC(10) Clearing All SoftReferences
[93.633s][info][gc,phases   ] GC(10) Pause Mark Start 0.042ms
[93.686s][info][gc          ] Allocation Stall (Executor task launch worker for task 25.0 in stage 0.0 (TID 25)) 0.484ms
[93.686s][info][gc          ] Allocation Stall (Executor task launch worker for task 30.0 in stage 0.0 (TID 30)) 0.537ms
[93.686s][info][gc          ] Allocation Stall (Executor task launch worker for task 29.0 in stage 0.0 (TID 29)) 0.579ms
[93.686s][info][gc          ] Allocation Stall (Executor task launch worker for task 23.0 in stage 0.0 (TID 23)) 0.622ms
[93.686s][info][gc          ] Allocation Stall (Executor task launch worker for task 3.0 in stage 0.0 (TID 3)) 0.662ms
[93.686s][info][gc          ] Allocation Stall (Executor task launch worker for task 44.0 in stage 0.0 (TID 44)) 0.834ms
[93.687s][info][gc          ] Allocation Stall (Executor task launch worker for task 16.0 in stage 0.0 (TID 16)) 0.877ms
[93.687s][info][gc          ] Allocation Stall (Executor task launch worker for task 0.0 in stage 0.0 (TID 0)) 0.922ms
[93.687s][info][gc          ] Allocation Stall (Executor task launch worker for task 47.0 in stage 0.0 (TID 47)) 0.969ms
[93.687s][info][gc          ] Allocation Stall (Executor task launch worker for task 1.0 in stage 0.0 (TID 1)) 1.011ms
[93.690s][info][gc          ] Allocation Stall (Executor task launch worker for task 6.0 in stage 0.0 (TID 6)) 4.063ms
[93.690s][info][gc          ] Allocation Stall (Executor task launch worker for task 18.0 in stage 0.0 (TID 18)) 4.093ms
[93.690s][info][gc          ] Allocation Stall (Executor task launch worker for task 15.0 in stage 0.0 (TID 15)) 4.136ms
[93.690s][info][gc          ] Allocation Stall (Executor task launch worker for task 10.0 in stage 0.0 (TID 10)) 4.167ms
[93.690s][info][gc          ] Allocation Stall (Executor task launch worker for task 47.0 in stage 0.0 (TID 47)) 1.083ms
[93.691s][info][gc          ] Allocation Stall (Executor task launch worker for task 0.0 in stage 0.0 (TID 0)) 1.650ms
[93.691s][info][gc          ] Allocation Stall (Executor task launch worker for task 25.0 in stage 0.0 (TID 25)) 1.592ms
[93.691s][info][gc          ] Allocation Stall (Executor task launch worker for task 30.0 in stage 0.0 (TID 30)) 1.567ms
[93.691s][info][gc          ] Allocation Stall (Executor task launch worker for task 29.0 in stage 0.0 (TID 29)) 1.594ms
[93.691s][info][gc          ] Allocation Stall (Executor task launch worker for task 37.0 in stage 0.0 (TID 37)) 1.628ms
[93.691s][info][gc          ] Allocation Stall (Executor task launch worker for task 21.0 in stage 0.0 (TID 21)) 1.345ms
[93.692s][info][gc          ] Allocation Stall (Executor task launch worker for task 16.0 in stage 0.0 (TID 16)) 2.418ms
[93.692s][info][gc          ] Allocation Stall (Executor task launch worker for task 1.0 in stage 0.0 (TID 1)) 2.341ms
[93.692s][info][gc          ] Allocation Stall (Executor task launch worker for task 27.0 in stage 0.0 (TID 27)) 2.724ms
[93.692s][info][gc          ] Allocation Stall (Executor task launch worker for task 38.0 in stage 0.0 (TID 38)) 2.699ms
[93.692s][info][gc          ] Allocation Stall (Executor task launch worker for task 23.0 in stage 0.0 (TID 23)) 0.482ms
[93.699s][info][gc          ] Allocation Stall (Executor task launch worker for task 16.0 in stage 0.0 (TID 16)) 2.180ms
[93.699s][info][gc          ] Allocation Stall (Executor task launch worker for task 38.0 in stage 0.0 (TID 38)) 1.765ms
[93.699s][info][gc          ] Allocation Stall (Executor task launch worker for task 45.0 in stage 0.0 (TID 45)) 1.803ms
[93.699s][info][gc          ] Allocation Stall (Executor task launch worker for task 39.0 in stage 0.0 (TID 39)) 2.468ms
[93.700s][info][gc          ] Allocation Stall (Executor task launch worker for task 26.0 in stage 0.0 (TID 26)) 2.264ms
[93.700s][info][gc          ] Allocation Stall (Executor task launch worker for task 1.0 in stage 0.0 (TID 1)) 2.236ms
[93.700s][info][gc          ] Allocation Stall (Executor task launch worker for task 33.0 in stage 0.0 (TID 33)) 2.136ms
[93.700s][info][gc          ] Allocation Stall (Executor task launch worker for task 9.0 in stage 0.0 (TID 9)) 2.273ms
[93.700s][info][gc          ] Allocation Stall (Executor task launch worker for task 12.0 in stage 0.0 (TID 12)) 2.245ms
[93.700s][info][gc          ] Allocation Stall (Executor task launch worker for task 14.0 in stage 0.0 (TID 14)) 2.214ms
[93.700s][info][gc          ] Allocation Stall (Executor task launch worker for task 27.0 in stage 0.0 (TID 27)) 2.234ms
[93.700s][info][gc          ] Allocation Stall (Executor task launch worker for task 2.0 in stage 0.0 (TID 2)) 2.156ms
[93.700s][info][gc          ] Allocation Stall (Executor task launch worker for task 42.0 in stage 0.0 (TID 42)) 2.206ms
[93.701s][info][gc          ] Allocation Stall (Executor task launch worker for task 21.0 in stage 0.0 (TID 21)) 2.957ms
[93.701s][info][gc          ] Allocation Stall (Executor task launch worker for task 44.0 in stage 0.0 (TID 44)) 3.003ms
[93.701s][info][gc          ] Allocation Stall (Executor task launch worker for task 40.0 in stage 0.0 (TID 40)) 3.017ms
[93.701s][info][gc          ] Allocation Stall (Executor task launch worker for task 6.0 in stage 0.0 (TID 6)) 3.043ms
[93.701s][info][gc          ] Allocation Stall (Executor task launch worker for task 34.0 in stage 0.0 (TID 34)) 1.041ms
[93.726s][info][gc,phases   ] GC(10) Concurrent Mark 93.107ms
[93.726s][info][gc,phases   ] GC(10) Pause Mark End 0.028ms
[93.726s][info][gc,phases   ] GC(10) Concurrent Mark Free 0.001ms
[93.727s][info][gc,phases   ] GC(10) Concurrent Process Non-Strong References 0.760ms
[93.727s][info][gc,phases   ] GC(10) Concurrent Reset Relocation Set 0.008ms
[93.727s][info][gc          ] Allocation Stall (Executor task launch worker for task 42.0 in stage 0.0 (TID 42)) 11.158ms
[93.727s][info][gc          ] Allocation Stall (Executor task launch worker for task 11.0 in stage 0.0 (TID 11)) 10.100ms
[93.727s][info][gc          ] Allocation Stall (Executor task launch worker for task 9.0 in stage 0.0 (TID 9)) 10.033ms
[93.727s][info][gc          ] Allocation Stall (Executor task launch worker for task 26.0 in stage 0.0 (TID 26)) 10.829ms
[93.727s][info][gc          ] Allocation Stall (Executor task launch worker for task 28.0 in stage 0.0 (TID 28)) 9.945ms
[93.727s][info][gc          ] Allocation Stall (Executor task launch worker for task 43.0 in stage 0.0 (TID 43)) 10.250ms
[93.727s][info][gc          ] Allocation Stall (Executor task launch worker for task 35.0 in stage 0.0 (TID 35)) 10.384ms
[93.727s][info][gc          ] Allocation Stall (Executor task launch worker for task 27.0 in stage 0.0 (TID 27)) 10.678ms
[93.727s][info][gc          ] Allocation Stall (Executor task launch worker for task 6.0 in stage 0.0 (TID 6)) 10.035ms
[93.727s][info][gc          ] Allocation Stall (Executor task launch worker for task 23.0 in stage 0.0 (TID 23)) 11.270ms
[93.727s][info][gc          ] Allocation Stall (Executor task launch worker for task 34.0 in stage 0.0 (TID 34)) 11.000ms
[93.727s][info][gc          ] Allocation Stall (Executor task launch worker for task 37.0 in stage 0.0 (TID 37)) 12.845ms
[93.727s][info][gc          ] Allocation Stall (Executor task launch worker for task 25.0 in stage 0.0 (TID 25)) 10.060ms
[93.727s][info][gc          ] Allocation Stall (Executor task launch worker for task 40.0 in stage 0.0 (TID 40)) 11.348ms
[93.727s][info][gc          ] Allocation Stall (Executor task launch worker for task 10.0 in stage 0.0 (TID 10)) 10.097ms
[93.727s][info][gc          ] Allocation Stall (Executor task launch worker for task 8.0 in stage 0.0 (TID 8)) 11.064ms
[93.727s][info][gc          ] Allocation Stall (Executor task launch worker for task 3.0 in stage 0.0 (TID 3)) 10.463ms
[93.727s][info][gc          ] Allocation Stall (Executor task launch worker for task 41.0 in stage 0.0 (TID 41)) 11.741ms
[93.727s][info][gc          ] Allocation Stall (Executor task launch worker for task 5.0 in stage 0.0 (TID 5)) 11.730ms
[93.727s][info][gc          ] Allocation Stall (Executor task launch worker for task 13.0 in stage 0.0 (TID 13)) 11.089ms
[93.727s][info][gc          ] Allocation Stall (Executor task launch worker for task 22.0 in stage 0.0 (TID 22)) 11.616ms
[93.727s][info][gc          ] Allocation Stall (Executor task launch worker for task 32.0 in stage 0.0 (TID 32)) 11.609ms
[93.727s][info][gc          ] Allocation Stall (Executor task launch worker for task 12.0 in stage 0.0 (TID 12)) 10.028ms
[93.727s][info][gc          ] Allocation Stall (Executor task launch worker for task 17.0 in stage 0.0 (TID 17)) 9.989ms
[93.727s][info][gc          ] Allocation Stall (Executor task launch worker for task 2.0 in stage 0.0 (TID 2)) 11.905ms
[93.727s][info][gc          ] Allocation Stall (Executor task launch worker for task 15.0 in stage 0.0 (TID 15)) 11.478ms
[93.727s][info][gc          ] Allocation Stall (Executor task launch worker for task 24.0 in stage 0.0 (TID 24)) 11.268ms
[93.727s][info][gc          ] Allocation Stall (Executor task launch worker for task 20.0 in stage 0.0 (TID 20)) 11.858ms
[93.727s][info][gc          ] Allocation Stall (Executor task launch worker for task 14.0 in stage 0.0 (TID 14)) 12.980ms
[93.727s][info][gc          ] Allocation Stall (Executor task launch worker for task 36.0 in stage 0.0 (TID 36)) 10.242ms
[93.727s][info][gc          ] Allocation Stall (Executor task launch worker for task 47.0 in stage 0.0 (TID 47)) 11.544ms
[93.727s][info][gc          ] Allocation Stall (Executor task launch worker for task 38.0 in stage 0.0 (TID 38)) 24.670ms
[93.727s][info][gc          ] Allocation Stall (Executor task launch worker for task 7.0 in stage 0.0 (TID 7)) 10.082ms
[93.727s][info][gc          ] Allocation Stall (Executor task launch worker for task 33.0 in stage 0.0 (TID 33)) 10.269ms
[93.727s][info][gc          ] Allocation Stall (Executor task launch worker for task 16.0 in stage 0.0 (TID 16)) 11.463ms
[93.727s][info][gc          ] Allocation Stall (Executor task launch worker for task 18.0 in stage 0.0 (TID 18)) 11.695ms
[93.727s][info][gc          ] Allocation Stall (Executor task launch worker for task 39.0 in stage 0.0 (TID 39)) 11.162ms
[93.727s][info][gc          ] Allocation Stall (Executor task launch worker for task 31.0 in stage 0.0 (TID 31)) 10.499ms
[93.727s][info][gc          ] Allocation Stall (Executor task launch worker for task 46.0 in stage 0.0 (TID 46)) 12.021ms
[93.727s][info][gc          ] Allocation Stall (Executor task launch worker for task 45.0 in stage 0.0 (TID 45)) 11.903ms
[93.727s][info][gc          ] Allocation Stall (Executor task launch worker for task 29.0 in stage 0.0 (TID 29)) 12.805ms
[93.727s][info][gc          ] Allocation Stall (Executor task launch worker for task 19.0 in stage 0.0 (TID 19)) 13.030ms
[93.727s][info][gc          ] Allocation Stall (Executor task launch worker for task 0.0 in stage 0.0 (TID 0)) 11.602ms
[93.727s][info][gc          ] Allocation Stall (Executor task launch worker for task 44.0 in stage 0.0 (TID 44)) 11.803ms
[93.727s][info][gc          ] Allocation Stall (Executor task launch worker for task 30.0 in stage 0.0 (TID 30)) 12.934ms
[93.727s][info][gc          ] Allocation Stall (Executor task launch worker for task 1.0 in stage 0.0 (TID 1)) 13.044ms
[93.727s][info][gc          ] Allocation Stall (Executor task launch worker for task 21.0 in stage 0.0 (TID 21)) 12.284ms
[93.727s][info][gc          ] Allocation Stall (Executor task launch worker for task 4.0 in stage 0.0 (TID 4)) 11.707ms
[93.730s][info][gc,phases   ] GC(10) Concurrent Select Relocation Set 2.947ms
[93.742s][info][gc,phases   ] GC(10) Pause Relocate Start 0.008ms
[93.790s][info][gc          ] Allocation Stall (Executor task launch worker for task 13.0 in stage 0.0 (TID 13)) 6.311ms
[93.794s][info][gc          ] Allocation Stall (Executor task launch worker for task 37.0 in stage 0.0 (TID 37)) 9.942ms
[93.794s][info][gc          ] Allocation Stall (Executor task launch worker for task 24.0 in stage 0.0 (TID 24)) 9.901ms
[93.794s][info][gc          ] Allocation Stall (Executor task launch worker for task 7.0 in stage 0.0 (TID 7)) 9.982ms
[93.794s][info][gc          ] Allocation Stall (Executor task launch worker for task 15.0 in stage 0.0 (TID 15)) 9.954ms
[93.794s][info][gc          ] Allocation Stall (Executor task launch worker for task 18.0 in stage 0.0 (TID 18)) 9.891ms
[93.794s][info][gc          ] Allocation Stall (Executor task launch worker for task 30.0 in stage 0.0 (TID 30)) 10.009ms
[93.794s][info][gc          ] Allocation Stall (Executor task launch worker for task 36.0 in stage 0.0 (TID 36)) 10.046ms
[93.794s][info][gc          ] Allocation Stall (Executor task launch worker for task 28.0 in stage 0.0 (TID 28)) 9.916ms
[93.794s][info][gc          ] Allocation Stall (Executor task launch worker for task 4.0 in stage 0.0 (TID 4)) 9.976ms
[93.794s][info][gc          ] Allocation Stall (Executor task launch worker for task 27.0 in stage 0.0 (TID 27)) 9.962ms
[93.794s][info][gc          ] Allocation Stall (Executor task launch worker for task 9.0 in stage 0.0 (TID 9)) 9.917ms
[93.794s][info][gc          ] Allocation Stall (Executor task launch worker for task 6.0 in stage 0.0 (TID 6)) 10.035ms
[93.794s][info][gc          ] Allocation Stall (Executor task launch worker for task 45.0 in stage 0.0 (TID 45)) 10.125ms
[93.794s][info][gc          ] Allocation Stall (Executor task launch worker for task 5.0 in stage 0.0 (TID 5)) 9.967ms
[93.794s][info][gc          ] Allocation Stall (Executor task launch worker for task 39.0 in stage 0.0 (TID 39)) 10.118ms
[93.794s][info][gc          ] Allocation Stall (Executor task launch worker for task 20.0 in stage 0.0 (TID 20)) 10.079ms
[93.795s][info][gc          ] Allocation Stall (Executor task launch worker for task 0.0 in stage 0.0 (TID 0)) 6.998ms
[93.795s][info][gc          ] Allocation Stall (Executor task launch worker for task 16.0 in stage 0.0 (TID 16)) 5.801ms
[93.795s][info][gc          ] Allocation Stall (Executor task launch worker for task 40.0 in stage 0.0 (TID 40)) 7.828ms
[93.795s][info][gc          ] Allocation Stall (Executor task launch worker for task 2.0 in stage 0.0 (TID 2)) 6.668ms
[93.795s][info][gc          ] Allocation Stall (Executor task launch worker for task 44.0 in stage 0.0 (TID 44)) 7.618ms
[93.795s][info][gc          ] Allocation Stall (Executor task launch worker for task 41.0 in stage 0.0 (TID 41)) 8.284ms
[93.795s][info][gc          ] Allocation Stall (Executor task launch worker for task 31.0 in stage 0.0 (TID 31)) 7.148ms
[93.795s][info][gc          ] Allocation Stall (Executor task launch worker for task 13.0 in stage 0.0 (TID 13)) 4.075ms
[93.795s][info][gc          ] Allocation Stall (Executor task launch worker for task 12.0 in stage 0.0 (TID 12)) 8.169ms
[93.795s][info][gc          ] Allocation Stall (Executor task launch worker for task 26.0 in stage 0.0 (TID 26)) 5.779ms
[93.795s][info][gc          ] Allocation Stall (Executor task launch worker for task 14.0 in stage 0.0 (TID 14)) 10.607ms
[93.795s][info][gc          ] Allocation Stall (Executor task launch worker for task 42.0 in stage 0.0 (TID 42)) 10.589ms
[93.795s][info][gc          ] Allocation Stall (Executor task launch worker for task 8.0 in stage 0.0 (TID 8)) 10.631ms
[93.795s][info][gc          ] Allocation Stall (Executor task launch worker for task 33.0 in stage 0.0 (TID 33)) 10.601ms
[93.795s][info][gc          ] Allocation Stall (Executor task launch worker for task 23.0 in stage 0.0 (TID 23)) 10.604ms
[93.795s][info][gc          ] Allocation Stall (Executor task launch worker for task 10.0 in stage 0.0 (TID 10)) 9.433ms
[93.795s][info][gc          ] Allocation Stall (Executor task launch worker for task 3.0 in stage 0.0 (TID 3)) 2.605ms
[93.795s][info][gc          ] Allocation Stall (Executor task launch worker for task 38.0 in stage 0.0 (TID 38)) 1.905ms
[93.795s][info][gc          ] Allocation Stall (Executor task launch worker for task 19.0 in stage 0.0 (TID 19)) 2.014ms
[93.795s][info][gc          ] Allocation Stall (Executor task launch worker for task 17.0 in stage 0.0 (TID 17)) 2.190ms
[93.795s][info][gc          ] Allocation Stall (Executor task launch worker for task 32.0 in stage 0.0 (TID 32)) 0.345ms
[93.795s][info][gc          ] Allocation Stall (Executor task launch worker for task 47.0 in stage 0.0 (TID 47)) 1.462ms
[93.795s][info][gc,phases   ] GC(10) Concurrent Relocate 52.992ms
[93.796s][info][gc,load     ] GC(10) Load: 0.00/0.00/0.00
[93.796s][info][gc,mmu      ] GC(10) MMU: 2ms/94.2%, 5ms/97.7%, 10ms/98.8%, 20ms/99.3%, 50ms/99.7%, 100ms/99.9%
[93.796s][info][gc,marking  ] GC(10) Mark: 8 stripe(s), 3 proactive flush(es), 1 terminate flush(es), 0 completion(s), 0 continuation(s) 
[93.796s][info][gc,marking  ] GC(10) Mark Stack Usage: 32M
[93.796s][info][gc,nmethod  ] GC(10) NMethods: 686 registered, 0 unregistered
[93.796s][info][gc,metaspace] GC(10) Metaspace: 111M used, 124M committed, 1152M reserved
[93.796s][info][gc,ref      ] GC(10) Soft: 2784 encountered, 2366 discovered, 0 enqueued
[93.796s][info][gc,ref      ] GC(10) Weak: 12863 encountered, 3057 discovered, 0 enqueued
[93.796s][info][gc,ref      ] GC(10) Final: 62 encountered, 4 discovered, 0 enqueued
[93.796s][info][gc,ref      ] GC(10) Phantom: 750 encountered, 405 discovered, 0 enqueued
[93.796s][info][gc,reloc    ] GC(10) Small Pages: 383 / 766M, Empty: 650M, Relocated: 5M, In-Place: 0
[93.796s][info][gc,reloc    ] GC(10) Medium Pages: 4 / 128M, Empty: 0M, Relocated: 21M, In-Place: 0
[93.796s][info][gc,reloc    ] GC(10) Large Pages: 0 / 0M, Empty: 0M, Relocated: 0M, In-Place: 0
[93.796s][info][gc,reloc    ] GC(10) Forwarding Usage: 0M
[93.796s][info][gc,heap     ] GC(10) Min Capacity: 8M(1%)
[93.796s][info][gc,heap     ] GC(10) Max Capacity: 1024M(100%)
[93.796s][info][gc,heap     ] GC(10) Soft Max Capacity: 1024M(100%)
[93.796s][info][gc,heap     ] GC(10)                Mark Start          Mark End        Relocate Start      Relocate End           High               Low         
[93.796s][info][gc,heap     ] GC(10)  Capacity:     1024M (100%)       1024M (100%)       1024M (100%)       1024M (100%)       1024M (100%)       1024M (100%)   
[93.796s][info][gc,heap     ] GC(10)      Free:      130M (13%)           0M (0%)          604M (59%)          20M (2%)          604M (59%)           0M (0%)     
[93.796s][info][gc,heap     ] GC(10)      Used:      894M (87%)        1024M (100%)        420M (41%)        1004M (98%)        1024M (100%)        420M (41%)    
[93.796s][info][gc,heap     ] GC(10)      Live:         -               138M (13%)         138M (13%)         138M (13%)            -                  -          
[93.796s][info][gc,heap     ] GC(10) Allocated:         -               130M (13%)         176M (17%)         809M (79%)            -                  -          
[93.796s][info][gc,heap     ] GC(10)   Garbage:         -               755M (74%)         105M (10%)          56M (6%)             -                  -          
[93.796s][info][gc,heap     ] GC(10) Reclaimed:         -                  -               650M (63%)         699M (68%)            -                  -          
[93.796s][info][gc          ] GC(10) Garbage Collection (Allocation Stall) 894M(87%)->1004M(98%)
[93.836s][info][gc,start    ] GC(11) Garbage Collection (Allocation Stall)
[93.836s][info][gc,ref      ] GC(11) Clearing All SoftReferences
[93.836s][info][gc,task     ] GC(11) Using 10 workers
[93.851s][info][gc,ref      ] GC(11) Clearing All SoftReferences
[93.851s][info][gc,phases   ] GC(11) Pause Mark Start 0.062ms
[94.045s][info][gc          ] Allocation Stall (Executor task launch worker for task 44.0 in stage 0.0 (TID 44)) 0.038ms
[94.045s][info][gc          ] Allocation Stall (Executor task launch worker for task 11.0 in stage 0.0 (TID 11)) 0.073ms
[94.045s][info][gc          ] Allocation Stall (Executor task launch worker for task 3.0 in stage 0.0 (TID 3)) 0.101ms
[94.045s][info][gc          ] Allocation Stall (Executor task launch worker for task 34.0 in stage 0.0 (TID 34)) 0.139ms
[94.045s][info][gc          ] Allocation Stall (Executor task launch worker for task 37.0 in stage 0.0 (TID 37)) 0.173ms
[94.064s][info][gc          ] Allocation Stall (Executor task launch worker for task 23.0 in stage 0.0 (TID 23)) 1.444ms
[94.064s][info][gc          ] Allocation Stall (Executor task launch worker for task 47.0 in stage 0.0 (TID 47)) 1.371ms
[94.064s][info][gc          ] Allocation Stall (Executor task launch worker for task 5.0 in stage 0.0 (TID 5)) 1.200ms
[94.064s][info][gc          ] Allocation Stall (Executor task launch worker for task 15.0 in stage 0.0 (TID 15)) 1.392ms
[94.064s][info][gc          ] Allocation Stall (Executor task launch worker for task 26.0 in stage 0.0 (TID 26)) 1.287ms
[94.064s][info][gc          ] Allocation Stall (Executor task launch worker for task 12.0 in stage 0.0 (TID 12)) 1.255ms
[94.064s][info][gc          ] Allocation Stall (Executor task launch worker for task 44.0 in stage 0.0 (TID 44)) 1.220ms
[94.064s][info][gc          ] Allocation Stall (Executor task launch worker for task 38.0 in stage 0.0 (TID 38)) 1.251ms
[94.064s][info][gc          ] Allocation Stall (Executor task launch worker for task 40.0 in stage 0.0 (TID 40)) 1.157ms
[94.064s][info][gc          ] Allocation Stall (Executor task launch worker for task 46.0 in stage 0.0 (TID 46)) 1.126ms
[94.064s][info][gc          ] Allocation Stall (Executor task launch worker for task 34.0 in stage 0.0 (TID 34)) 1.106ms
[94.071s][info][gc          ] Allocation Stall (Executor task launch worker for task 43.0 in stage 0.0 (TID 43)) 7.690ms
[94.071s][info][gc          ] Allocation Stall (Executor task launch worker for task 11.0 in stage 0.0 (TID 11)) 7.649ms
[94.072s][info][gc          ] Allocation Stall (Executor task launch worker for task 32.0 in stage 0.0 (TID 32)) 8.459ms
[94.072s][info][gc          ] Allocation Stall (Executor task launch worker for task 3.0 in stage 0.0 (TID 3)) 5.334ms
[94.073s][info][gc          ] Allocation Stall (Executor task launch worker for task 7.0 in stage 0.0 (TID 7)) 5.687ms
[94.073s][info][gc          ] Allocation Stall (Executor task launch worker for task 24.0 in stage 0.0 (TID 24)) 5.574ms
[94.073s][info][gc          ] Allocation Stall (Executor task launch worker for task 1.0 in stage 0.0 (TID 1)) 5.146ms
[94.073s][info][gc          ] Allocation Stall (Executor task launch worker for task 30.0 in stage 0.0 (TID 30)) 5.131ms
[94.073s][info][gc          ] Allocation Stall (Executor task launch worker for task 6.0 in stage 0.0 (TID 6)) 4.856ms
[94.073s][info][gc          ] Allocation Stall (Executor task launch worker for task 25.0 in stage 0.0 (TID 25)) 4.865ms
[94.073s][info][gc          ] Allocation Stall (Executor task launch worker for task 29.0 in stage 0.0 (TID 29)) 4.732ms
[94.073s][info][gc          ] Allocation Stall (Executor task launch worker for task 45.0 in stage 0.0 (TID 45)) 4.625ms
[94.073s][info][gc          ] Allocation Stall (Executor task launch worker for task 5.0 in stage 0.0 (TID 5)) 2.177ms
[94.073s][info][gc          ] Allocation Stall (Executor task launch worker for task 31.0 in stage 0.0 (TID 31)) 2.208ms
[94.073s][info][gc          ] Allocation Stall (Executor task launch worker for task 9.0 in stage 0.0 (TID 9)) 2.266ms
[94.074s][info][gc          ] Allocation Stall (Executor task launch worker for task 15.0 in stage 0.0 (TID 15)) 2.260ms
[94.075s][info][gc          ] Allocation Stall (Executor task launch worker for task 44.0 in stage 0.0 (TID 44)) 3.348ms
[94.101s][info][gc,phases   ] GC(11) Concurrent Mark 249.469ms
[94.101s][info][gc,phases   ] GC(11) Pause Mark End 0.032ms
[94.101s][info][gc,phases   ] GC(11) Concurrent Mark Free 0.001ms
[94.102s][info][gc,phases   ] GC(11) Concurrent Process Non-Strong References 0.969ms
[94.102s][info][gc,phases   ] GC(11) Concurrent Reset Relocation Set 0.005ms
[94.103s][info][gc          ] Allocation Stall (Executor task launch worker for task 14.0 in stage 0.0 (TID 14)) 17.133ms
[94.103s][info][gc          ] Allocation Stall (Executor task launch worker for task 42.0 in stage 0.0 (TID 42)) 17.821ms
[94.103s][info][gc          ] Allocation Stall (Executor task launch worker for task 19.0 in stage 0.0 (TID 19)) 16.567ms
[94.103s][info][gc          ] Allocation Stall (Executor task launch worker for task 3.0 in stage 0.0 (TID 3)) 17.729ms
[94.103s][info][gc          ] Allocation Stall (Executor task launch worker for task 30.0 in stage 0.0 (TID 30)) 16.634ms
[94.103s][info][gc          ] Allocation Stall (Executor task launch worker for task 8.0 in stage 0.0 (TID 8)) 17.585ms
[94.103s][info][gc          ] Allocation Stall (Executor task launch worker for task 37.0 in stage 0.0 (TID 37)) 15.022ms
[94.103s][info][gc          ] Allocation Stall (Executor task launch worker for task 5.0 in stage 0.0 (TID 5)) 16.586ms
[94.103s][info][gc          ] Allocation Stall (Executor task launch worker for task 21.0 in stage 0.0 (TID 21)) 17.209ms
[94.103s][info][gc          ] Allocation Stall (Executor task launch worker for task 0.0 in stage 0.0 (TID 0)) 17.944ms
[94.103s][info][gc          ] Allocation Stall (Executor task launch worker for task 28.0 in stage 0.0 (TID 28)) 17.809ms
[94.103s][info][gc          ] Allocation Stall (Executor task launch worker for task 1.0 in stage 0.0 (TID 1)) 16.534ms
[94.103s][info][gc          ] Allocation Stall (Executor task launch worker for task 31.0 in stage 0.0 (TID 31)) 16.802ms
[94.103s][info][gc          ] Allocation Stall (Executor task launch worker for task 13.0 in stage 0.0 (TID 13)) 18.260ms
[94.103s][info][gc          ] Allocation Stall (Executor task launch worker for task 39.0 in stage 0.0 (TID 39)) 18.516ms
[94.103s][info][gc          ] Allocation Stall (Executor task launch worker for task 9.0 in stage 0.0 (TID 9)) 17.896ms
[94.103s][info][gc          ] Allocation Stall (Executor task launch worker for task 6.0 in stage 0.0 (TID 6)) 17.467ms
[94.103s][info][gc          ] Allocation Stall (Executor task launch worker for task 23.0 in stage 0.0 (TID 23)) 18.654ms
[94.103s][info][gc          ] Allocation Stall (Executor task launch worker for task 11.0 in stage 0.0 (TID 11)) 18.564ms
[94.103s][info][gc          ] Allocation Stall (Executor task launch worker for task 29.0 in stage 0.0 (TID 29)) 18.743ms
[94.103s][info][gc          ] Allocation Stall (Executor task launch worker for task 22.0 in stage 0.0 (TID 22)) 18.805ms
[94.103s][info][gc          ] Allocation Stall (Executor task launch worker for task 24.0 in stage 0.0 (TID 24)) 21.568ms
[94.103s][info][gc          ] Allocation Stall (Executor task launch worker for task 46.0 in stage 0.0 (TID 46)) 18.363ms
[94.103s][info][gc          ] Allocation Stall (Executor task launch worker for task 4.0 in stage 0.0 (TID 4)) 17.887ms
[94.103s][info][gc          ] Allocation Stall (Executor task launch worker for task 7.0 in stage 0.0 (TID 7)) 21.130ms
[94.103s][info][gc          ] Allocation Stall (Executor task launch worker for task 34.0 in stage 0.0 (TID 34)) 18.252ms
[94.103s][info][gc          ] Allocation Stall (Executor task launch worker for task 26.0 in stage 0.0 (TID 26)) 18.665ms
[94.103s][info][gc          ] Allocation Stall (Executor task launch worker for task 2.0 in stage 0.0 (TID 2)) 18.450ms
[94.103s][info][gc          ] Allocation Stall (Executor task launch worker for task 44.0 in stage 0.0 (TID 44)) 18.348ms
[94.103s][info][gc          ] Allocation Stall (Executor task launch worker for task 16.0 in stage 0.0 (TID 16)) 16.799ms
[94.103s][info][gc          ] Allocation Stall (Executor task launch worker for task 36.0 in stage 0.0 (TID 36)) 21.634ms
[94.103s][info][gc          ] Allocation Stall (Executor task launch worker for task 18.0 in stage 0.0 (TID 18)) 16.823ms
[94.103s][info][gc          ] Allocation Stall (Executor task launch worker for task 33.0 in stage 0.0 (TID 33)) 18.384ms
[94.103s][info][gc          ] Allocation Stall (Executor task launch worker for task 41.0 in stage 0.0 (TID 41)) 18.690ms
[94.103s][info][gc          ] Allocation Stall (Executor task launch worker for task 10.0 in stage 0.0 (TID 10)) 18.112ms
[94.103s][info][gc          ] Allocation Stall (Executor task launch worker for task 43.0 in stage 0.0 (TID 43)) 18.076ms
[94.103s][info][gc          ] Allocation Stall (Executor task launch worker for task 25.0 in stage 0.0 (TID 25)) 17.966ms
[94.103s][info][gc          ] Allocation Stall (Executor task launch worker for task 12.0 in stage 0.0 (TID 12)) 16.668ms
[94.103s][info][gc          ] Allocation Stall (Executor task launch worker for task 45.0 in stage 0.0 (TID 45)) 16.883ms
[94.103s][info][gc          ] Allocation Stall (Executor task launch worker for task 17.0 in stage 0.0 (TID 17)) 18.359ms
[94.103s][info][gc          ] Allocation Stall (Executor task launch worker for task 27.0 in stage 0.0 (TID 27)) 17.691ms
[94.103s][info][gc          ] Allocation Stall (Executor task launch worker for task 35.0 in stage 0.0 (TID 35)) 16.646ms
[94.103s][info][gc          ] Allocation Stall (Executor task launch worker for task 15.0 in stage 0.0 (TID 15)) 18.180ms
[94.103s][info][gc          ] Allocation Stall (Executor task launch worker for task 40.0 in stage 0.0 (TID 40)) 16.628ms
[94.103s][info][gc          ] Allocation Stall (Executor task launch worker for task 47.0 in stage 0.0 (TID 47)) 18.032ms
[94.103s][info][gc          ] Allocation Stall (Executor task launch worker for task 38.0 in stage 0.0 (TID 38)) 18.350ms
[94.103s][info][gc          ] Allocation Stall (Executor task launch worker for task 20.0 in stage 0.0 (TID 20)) 18.107ms
[94.103s][info][gc          ] Allocation Stall (Executor task launch worker for task 32.0 in stage 0.0 (TID 32)) 17.794ms
[94.116s][info][gc,phases   ] GC(11) Concurrent Select Relocation Set 13.291ms
[94.155s][info][gc,phases   ] GC(11) Pause Relocate Start 0.007ms
[94.244s][info][gc          ] Allocation Stall (Executor task launch worker for task 34.0 in stage 0.0 (TID 34)) 0.973ms
[94.244s][info][gc          ] Allocation Stall (Executor task launch worker for task 7.0 in stage 0.0 (TID 7)) 1.035ms
[94.244s][info][gc          ] Allocation Stall (Executor task launch worker for task 17.0 in stage 0.0 (TID 17)) 1.039ms
[94.244s][info][gc          ] Allocation Stall (Executor task launch worker for task 2.0 in stage 0.0 (TID 2)) 1.085ms
[94.244s][info][gc          ] Allocation Stall (Executor task launch worker for task 13.0 in stage 0.0 (TID 13)) 1.118ms
[94.244s][info][gc          ] Allocation Stall (Executor task launch worker for task 14.0 in stage 0.0 (TID 14)) 1.158ms
[94.244s][info][gc          ] Allocation Stall (Executor task launch worker for task 25.0 in stage 0.0 (TID 25)) 1.191ms
[94.244s][info][gc          ] Allocation Stall (Executor task launch worker for task 38.0 in stage 0.0 (TID 38)) 1.248ms
[94.244s][info][gc          ] Allocation Stall (Executor task launch worker for task 11.0 in stage 0.0 (TID 11)) 1.290ms
[94.244s][info][gc          ] Allocation Stall (Executor task launch worker for task 30.0 in stage 0.0 (TID 30)) 1.338ms
[94.244s][info][gc          ] Allocation Stall (Executor task launch worker for task 0.0 in stage 0.0 (TID 0)) 1.383ms
[94.244s][info][gc          ] Allocation Stall (Executor task launch worker for task 9.0 in stage 0.0 (TID 9)) 1.422ms
[94.244s][info][gc          ] Allocation Stall (Executor task launch worker for task 40.0 in stage 0.0 (TID 40)) 1.472ms
[94.244s][info][gc          ] Allocation Stall (Executor task launch worker for task 24.0 in stage 0.0 (TID 24)) 1.514ms
[94.245s][info][gc          ] Allocation Stall (Executor task launch worker for task 36.0 in stage 0.0 (TID 36)) 1.756ms
[94.245s][info][gc          ] Allocation Stall (Executor task launch worker for task 46.0 in stage 0.0 (TID 46)) 1.806ms
[94.245s][info][gc          ] Allocation Stall (Executor task launch worker for task 26.0 in stage 0.0 (TID 26)) 1.854ms
[94.245s][info][gc          ] Allocation Stall (Executor task launch worker for task 27.0 in stage 0.0 (TID 27)) 1.904ms
[94.245s][info][gc          ] Allocation Stall (Executor task launch worker for task 42.0 in stage 0.0 (TID 42)) 1.954ms
[94.245s][info][gc          ] Allocation Stall (Executor task launch worker for task 1.0 in stage 0.0 (TID 1)) 1.960ms
[94.245s][info][gc          ] Allocation Stall (Executor task launch worker for task 19.0 in stage 0.0 (TID 19)) 1.944ms
[94.245s][info][gc          ] Allocation Stall (Executor task launch worker for task 31.0 in stage 0.0 (TID 31)) 2.090ms
[94.245s][info][gc          ] Allocation Stall (Executor task launch worker for task 28.0 in stage 0.0 (TID 28)) 2.040ms
[94.245s][info][gc          ] Allocation Stall (Executor task launch worker for task 32.0 in stage 0.0 (TID 32)) 1.946ms
[94.245s][info][gc          ] Allocation Stall (Executor task launch worker for task 20.0 in stage 0.0 (TID 20)) 1.983ms
[94.246s][info][gc          ] Allocation Stall (Executor task launch worker for task 21.0 in stage 0.0 (TID 21)) 2.090ms
[94.246s][info][gc          ] Allocation Stall (Executor task launch worker for task 16.0 in stage 0.0 (TID 16)) 2.138ms
[94.247s][info][gc          ] Allocation Stall (Executor task launch worker for task 37.0 in stage 0.0 (TID 37)) 3.348ms
[94.247s][info][gc          ] Allocation Stall (Executor task launch worker for task 43.0 in stage 0.0 (TID 43)) 3.388ms
[94.247s][info][gc          ] Allocation Stall (Executor task launch worker for task 10.0 in stage 0.0 (TID 10)) 3.394ms
[94.247s][info][gc          ] Allocation Stall (Executor task launch worker for task 15.0 in stage 0.0 (TID 15)) 3.326ms
[94.247s][info][gc          ] Allocation Stall (Executor task launch worker for task 39.0 in stage 0.0 (TID 39)) 3.379ms
[94.255s][info][gc          ] Allocation Stall (Executor task launch worker for task 16.0 in stage 0.0 (TID 16)) 3.002ms
[94.255s][info][gc          ] Allocation Stall (Executor task launch worker for task 24.0 in stage 0.0 (TID 24)) 3.053ms
[94.255s][info][gc          ] Allocation Stall (Executor task launch worker for task 20.0 in stage 0.0 (TID 20)) 2.994ms
[94.255s][info][gc          ] Allocation Stall (Executor task launch worker for task 4.0 in stage 0.0 (TID 4)) 3.045ms
[94.255s][info][gc          ] Allocation Stall (Executor task launch worker for task 44.0 in stage 0.0 (TID 44)) 2.949ms
[94.255s][info][gc          ] Allocation Stall (Executor task launch worker for task 1.0 in stage 0.0 (TID 1)) 2.783ms
[94.255s][info][gc          ] Allocation Stall (Executor task launch worker for task 26.0 in stage 0.0 (TID 26)) 2.789ms
[94.255s][info][gc          ] Allocation Stall (Executor task launch worker for task 36.0 in stage 0.0 (TID 36)) 2.423ms
[94.255s][info][gc          ] Allocation Stall (Executor task launch worker for task 21.0 in stage 0.0 (TID 21)) 1.851ms
[94.255s][info][gc          ] Allocation Stall (Executor task launch worker for task 29.0 in stage 0.0 (TID 29)) 1.510ms
[94.256s][info][gc          ] Allocation Stall (Executor task launch worker for task 22.0 in stage 0.0 (TID 22)) 1.246ms
[94.256s][info][gc          ] Allocation Stall (Executor task launch worker for task 15.0 in stage 0.0 (TID 15)) 1.278ms
[94.256s][info][gc          ] Allocation Stall (Executor task launch worker for task 39.0 in stage 0.0 (TID 39)) 1.326ms
[94.256s][info][gc          ] Allocation Stall (Executor task launch worker for task 34.0 in stage 0.0 (TID 34)) 1.309ms
[94.265s][info][gc          ] Allocation Stall (Executor task launch worker for task 19.0 in stage 0.0 (TID 19)) 8.921ms
[94.265s][info][gc          ] Allocation Stall (Executor task launch worker for task 30.0 in stage 0.0 (TID 30)) 7.382ms
[94.265s][info][gc          ] Allocation Stall (Executor task launch worker for task 32.0 in stage 0.0 (TID 32)) 7.062ms
[94.265s][info][gc          ] Allocation Stall (Executor task launch worker for task 9.0 in stage 0.0 (TID 9)) 7.121ms
[94.265s][info][gc          ] Allocation Stall (Executor task launch worker for task 40.0 in stage 0.0 (TID 40)) 7.026ms
[94.265s][info][gc          ] Allocation Stall (Executor task launch worker for task 25.0 in stage 0.0 (TID 25)) 6.918ms
[94.265s][info][gc          ] Allocation Stall (Executor task launch worker for task 46.0 in stage 0.0 (TID 46)) 6.724ms
[94.270s][info][gc          ] Allocation Stall (Executor task launch worker for task 3.0 in stage 0.0 (TID 3)) 6.053ms
[94.270s][info][gc          ] Allocation Stall (Executor task launch worker for task 6.0 in stage 0.0 (TID 6)) 6.009ms
[94.270s][info][gc          ] Allocation Stall (Executor task launch worker for task 39.0 in stage 0.0 (TID 39)) 6.006ms
[94.270s][info][gc          ] Allocation Stall (Executor task launch worker for task 33.0 in stage 0.0 (TID 33)) 5.838ms
[94.270s][info][gc          ] Allocation Stall (Executor task launch worker for task 21.0 in stage 0.0 (TID 21)) 6.228ms
[94.270s][info][gc          ] Allocation Stall (Executor task launch worker for task 44.0 in stage 0.0 (TID 44)) 6.433ms
[94.270s][info][gc          ] Allocation Stall (Executor task launch worker for task 38.0 in stage 0.0 (TID 38)) 6.098ms
[94.270s][info][gc          ] Allocation Stall (Executor task launch worker for task 11.0 in stage 0.0 (TID 11)) 11.414ms
[94.270s][info][gc          ] Allocation Stall (Executor task launch worker for task 7.0 in stage 0.0 (TID 7)) 6.337ms
[94.270s][info][gc          ] Allocation Stall (Executor task launch worker for task 12.0 in stage 0.0 (TID 12)) 5.776ms
[94.270s][info][gc          ] Allocation Stall (Executor task launch worker for task 37.0 in stage 0.0 (TID 37)) 5.930ms
[94.270s][info][gc          ] Allocation Stall (Executor task launch worker for task 15.0 in stage 0.0 (TID 15)) 5.788ms
[94.270s][info][gc          ] Allocation Stall (Executor task launch worker for task 10.0 in stage 0.0 (TID 10)) 6.627ms
[94.270s][info][gc,phases   ] GC(11) Concurrent Relocate 114.500ms
[94.270s][info][gc          ] Allocation Stall (Executor task launch worker for task 29.0 in stage 0.0 (TID 29)) 6.627ms
[94.270s][info][gc          ] Allocation Stall (Executor task launch worker for task 17.0 in stage 0.0 (TID 17)) 6.599ms
[94.270s][info][gc          ] Allocation Stall (Executor task launch worker for task 43.0 in stage 0.0 (TID 43)) 6.570ms
[94.270s][info][gc          ] Allocation Stall (Executor task launch worker for task 24.0 in stage 0.0 (TID 24)) 6.127ms
[94.270s][info][gc,load     ] GC(11) Load: 0.00/0.00/0.00
[94.271s][info][gc          ] Allocation Stall (Executor task launch worker for task 20.0 in stage 0.0 (TID 20)) 6.299ms
[94.271s][info][gc,mmu      ] GC(11) MMU: 2ms/94.2%, 5ms/97.7%, 10ms/98.8%, 20ms/99.3%, 50ms/99.7%, 100ms/99.9%
[94.271s][info][gc          ] Allocation Stall (Executor task launch worker for task 5.0 in stage 0.0 (TID 5)) 6.324ms
[94.271s][info][gc,marking  ] GC(11) Mark: 8 stripe(s), 3 proactive flush(es), 1 terminate flush(es), 0 completion(s), 0 continuation(s) 
[94.271s][info][gc          ] Allocation Stall (Executor task launch worker for task 14.0 in stage 0.0 (TID 14)) 6.319ms
[94.271s][info][gc,marking  ] GC(11) Mark Stack Usage: 32M
[94.271s][info][gc          ] Allocation Stall (Executor task launch worker for task 26.0 in stage 0.0 (TID 26)) 6.249ms
[94.271s][info][gc,nmethod  ] GC(11) NMethods: 748 registered, 7 unregistered
[94.271s][info][gc          ] Allocation Stall (Executor task launch worker for task 16.0 in stage 0.0 (TID 16)) 3.902ms
[94.271s][info][gc,metaspace] GC(11) Metaspace: 111M used, 124M committed, 1152M reserved
[94.271s][info][gc          ] Allocation Stall (Executor task launch worker for task 8.0 in stage 0.0 (TID 8)) 3.928ms
[94.271s][info][gc,ref      ] GC(11) Soft: 2784 encountered, 2343 discovered, 0 enqueued
[94.271s][info][gc          ] Allocation Stall (Executor task launch worker for task 47.0 in stage 0.0 (TID 47)) 3.816ms
[94.271s][info][gc,ref      ] GC(11) Weak: 12863 encountered, 1671 discovered, 0 enqueued
[94.271s][info][gc          ] Allocation Stall (Executor task launch worker for task 36.0 in stage 0.0 (TID 36)) 3.599ms
[94.271s][info][gc,ref      ] GC(11) Final: 62 encountered, 4 discovered, 0 enqueued
[94.271s][info][gc,ref      ] GC(11) Phantom: 750 encountered, 504 discovered, 0 enqueued
[94.271s][info][gc          ] Allocation Stall (Executor task launch worker for task 4.0 in stage 0.0 (TID 4)) 3.558ms
[94.271s][info][gc,reloc    ] GC(11) Small Pages: 282 / 564M, Empty: 412M, Relocated: 8M, In-Place: 0
[94.271s][info][gc          ] Allocation Stall (Executor task launch worker for task 34.0 in stage 0.0 (TID 34)) 3.510ms
[94.271s][info][gc,reloc    ] GC(11) Medium Pages: 6 / 192M, Empty: 0M, Relocated: 25M, In-Place: 0
[94.271s][info][gc          ] Allocation Stall (Executor task launch worker for task 28.0 in stage 0.0 (TID 28)) 3.307ms
[94.271s][info][gc,reloc    ] GC(11) Large Pages: 0 / 0M, Empty: 0M, Relocated: 0M, In-Place: 0
[94.271s][info][gc          ] Allocation Stall (Executor task launch worker for task 22.0 in stage 0.0 (TID 22)) 3.261ms
[94.271s][info][gc,reloc    ] GC(11) Forwarding Usage: 1M
[94.271s][info][gc,heap     ] GC(11) Min Capacity: 8M(1%)
[94.271s][info][gc,heap     ] GC(11) Max Capacity: 1024M(100%)
[94.271s][info][gc,heap     ] GC(11) Soft Max Capacity: 1024M(100%)
[94.271s][info][gc,heap     ] GC(11)                Mark Start          Mark End        Relocate Start      Relocate End           High               Low         
[94.271s][info][gc          ] Allocation Stall (Executor task launch worker for task 1.0 in stage 0.0 (TID 1)) 3.344ms
[94.271s][info][gc,heap     ] GC(11)  Capacity:     1024M (100%)       1024M (100%)       1024M (100%)       1024M (100%)       1024M (100%)       1024M (100%)   
[94.271s][info][gc          ] Allocation Stall (Executor task launch worker for task 27.0 in stage 0.0 (TID 27)) 3.268ms
[94.271s][info][gc,heap     ] GC(11)      Free:      268M (26%)           0M (0%)          276M (27%)           0M (0%)          392M (38%)           0M (0%)     
[94.271s][info][gc          ] Allocation Stall (Executor task launch worker for task 13.0 in stage 0.0 (TID 13)) 3.244ms
[94.271s][info][gc,heap     ] GC(11)      Used:      756M (74%)        1024M (100%)        748M (73%)        1024M (100%)       1024M (100%)        632M (62%)    
[94.271s][info][gc          ] Allocation Stall (Executor task launch worker for task 46.0 in stage 0.0 (TID 46)) 3.255ms
[94.271s][info][gc,heap     ] GC(11)      Live:         -               198M (19%)         198M (19%)         198M (19%)            -                  -          
[94.271s][info][gc          ] Allocation Stall (Executor task launch worker for task 0.0 in stage 0.0 (TID 0)) 3.241ms
[94.271s][info][gc,heap     ] GC(11) Allocated:         -               268M (26%)         404M (39%)         780M (76%)            -                  -          
[94.271s][info][gc          ] Allocation Stall (Executor task launch worker for task 41.0 in stage 0.0 (TID 41)) 3.189ms
[94.271s][info][gc,heap     ] GC(11)   Garbage:         -               557M (54%)         145M (14%)          44M (4%)             -                  -          
[94.271s][info][gc          ] Allocation Stall (Executor task launch worker for task 42.0 in stage 0.0 (TID 42)) 3.152ms
[94.271s][info][gc,heap     ] GC(11) Reclaimed:         -                  -               412M (40%)         512M (50%)            -                  -          
[94.272s][info][gc          ] GC(11) Garbage Collection (Allocation Stall) 756M(74%)->1024M(100%)
[94.272s][info][gc,start    ] GC(12) Garbage Collection (Allocation Stall)
[94.272s][info][gc,ref      ] GC(12) Clearing All SoftReferences
[94.272s][info][gc,task     ] GC(12) Using 10 workers
[94.289s][info][gc,ref      ] GC(12) Clearing All SoftReferences
[94.289s][info][gc,phases   ] GC(12) Pause Mark Start 0.037ms
[94.289s][info][gc          ] Allocation Stall (Executor task launch worker for task 19.0 in stage 0.0 (TID 19)) 20.512ms
[94.289s][info][gc          ] Allocation Stall (Executor task launch worker for task 23.0 in stage 0.0 (TID 23)) 20.513ms
[94.289s][info][gc          ] Allocation Stall (Executor task launch worker for task 2.0 in stage 0.0 (TID 2)) 20.374ms
[94.289s][info][gc          ] Allocation Stall (Executor task launch worker for task 25.0 in stage 0.0 (TID 25)) 20.385ms
[94.289s][info][gc          ] Allocation Stall (Executor task launch worker for task 31.0 in stage 0.0 (TID 31)) 20.520ms
[94.289s][info][gc          ] Allocation Stall (Executor task launch worker for task 32.0 in stage 0.0 (TID 32)) 20.512ms
[94.289s][info][gc          ] Allocation Stall (Executor task launch worker for task 18.0 in stage 0.0 (TID 18)) 20.447ms
[94.289s][info][gc          ] Allocation Stall (Executor task launch worker for task 40.0 in stage 0.0 (TID 40)) 20.415ms
[94.289s][info][gc          ] Allocation Stall (Executor task launch worker for task 45.0 in stage 0.0 (TID 45)) 20.471ms
[94.289s][info][gc          ] Allocation Stall (Executor task launch worker for task 35.0 in stage 0.0 (TID 35)) 20.454ms
[94.289s][info][gc          ] Allocation Stall (Executor task launch worker for task 30.0 in stage 0.0 (TID 30)) 20.515ms
[94.289s][info][gc          ] Allocation Stall (Executor task launch worker for task 9.0 in stage 0.0 (TID 9)) 20.478ms
[94.289s][info][gc          ] Allocation Stall (Executor task launch worker for task 8.0 in stage 0.0 (TID 8)) 0.222ms
[94.289s][info][gc          ] Allocation Stall (Executor task launch worker for task 24.0 in stage 0.0 (TID 24)) 0.242ms
[94.289s][info][gc          ] Allocation Stall (Executor task launch worker for task 39.0 in stage 0.0 (TID 39)) 0.322ms
[94.289s][info][gc          ] Allocation Stall (Executor task launch worker for task 47.0 in stage 0.0 (TID 47)) 0.358ms
[94.289s][info][gc          ] Allocation Stall (Executor task launch worker for task 1.0 in stage 0.0 (TID 1)) 0.418ms
[94.289s][info][gc          ] Allocation Stall (Executor task launch worker for task 26.0 in stage 0.0 (TID 26)) 0.558ms
[94.289s][info][gc          ] Allocation Stall (Executor task launch worker for task 28.0 in stage 0.0 (TID 28)) 0.614ms
[94.290s][info][gc          ] Allocation Stall (Executor task launch worker for task 4.0 in stage 0.0 (TID 4)) 0.675ms
[94.290s][info][gc          ] Allocation Stall (Executor task launch worker for task 20.0 in stage 0.0 (TID 20)) 0.748ms
[94.290s][info][gc          ] Allocation Stall (Executor task launch worker for task 43.0 in stage 0.0 (TID 43)) 0.874ms
[94.290s][info][gc          ] Allocation Stall (Executor task launch worker for task 27.0 in stage 0.0 (TID 27)) 0.903ms
[94.290s][info][gc          ] Allocation Stall (Executor task launch worker for task 41.0 in stage 0.0 (TID 41)) 0.968ms
[94.290s][info][gc          ] Allocation Stall (Executor task launch worker for task 36.0 in stage 0.0 (TID 36)) 1.001ms
[94.290s][info][gc          ] Allocation Stall (Executor task launch worker for task 16.0 in stage 0.0 (TID 16)) 1.024ms
[94.290s][info][gc          ] Allocation Stall (Executor task launch worker for task 22.0 in stage 0.0 (TID 22)) 1.069ms
[94.290s][info][gc          ] Allocation Stall (Executor task launch worker for task 14.0 in stage 0.0 (TID 14)) 1.168ms
[94.290s][info][gc          ] Allocation Stall (Executor task launch worker for task 33.0 in stage 0.0 (TID 33)) 1.109ms
[94.336s][info][gc,phases   ] GC(12) Concurrent Mark 46.660ms
[94.394s][info][gc,phases   ] GC(12) Pause Mark End 0.034ms
[94.394s][info][gc,phases   ] GC(12) Concurrent Mark Free 0.001ms
[94.395s][info][gc,phases   ] GC(12) Concurrent Process Non-Strong References 1.308ms
[94.395s][info][gc,phases   ] GC(12) Concurrent Reset Relocation Set 0.009ms
[94.396s][info][gc          ] Allocation Stall (Executor task launch worker for task 45.0 in stage 0.0 (TID 45)) 90.010ms
[94.396s][info][gc          ] Allocation Stall (Executor task launch worker for task 14.0 in stage 0.0 (TID 14)) 90.165ms
[94.396s][info][gc          ] Allocation Stall (Executor task launch worker for task 30.0 in stage 0.0 (TID 30)) 90.832ms
[94.396s][info][gc          ] Allocation Stall (Executor task launch worker for task 38.0 in stage 0.0 (TID 38)) 90.005ms
[94.396s][info][gc          ] Allocation Stall (Executor task launch worker for task 8.0 in stage 0.0 (TID 8)) 89.896ms
[94.396s][info][gc          ] Allocation Stall (Executor task launch worker for task 9.0 in stage 0.0 (TID 9)) 89.928ms
[94.396s][info][gc          ] Allocation Stall (Executor task launch worker for task 3.0 in stage 0.0 (TID 3)) 92.246ms
[94.396s][info][gc          ] Allocation Stall (Executor task launch worker for task 0.0 in stage 0.0 (TID 0)) 89.951ms
[94.396s][info][gc          ] Allocation Stall (Executor task launch worker for task 17.0 in stage 0.0 (TID 17)) 90.431ms
[94.396s][info][gc          ] Allocation Stall (Executor task launch worker for task 12.0 in stage 0.0 (TID 12)) 90.369ms
[94.396s][info][gc          ] Allocation Stall (Executor task launch worker for task 47.0 in stage 0.0 (TID 47)) 89.959ms
[94.396s][info][gc          ] Allocation Stall (Executor task launch worker for task 32.0 in stage 0.0 (TID 32)) 91.256ms
[94.396s][info][gc          ] Allocation Stall (Executor task launch worker for task 10.0 in stage 0.0 (TID 10)) 90.989ms
[94.396s][info][gc          ] Allocation Stall (Executor task launch worker for task 31.0 in stage 0.0 (TID 31)) 89.958ms
[94.396s][info][gc          ] Allocation Stall (Executor task launch worker for task 39.0 in stage 0.0 (TID 39)) 89.888ms
[94.396s][info][gc          ] Allocation Stall (Executor task launch worker for task 46.0 in stage 0.0 (TID 46)) 90.029ms
[94.396s][info][gc          ] Allocation Stall (Executor task launch worker for task 4.0 in stage 0.0 (TID 4)) 91.817ms
[94.396s][info][gc          ] Allocation Stall (Executor task launch worker for task 5.0 in stage 0.0 (TID 5)) 92.708ms
[94.396s][info][gc          ] Allocation Stall (Executor task launch worker for task 44.0 in stage 0.0 (TID 44)) 90.529ms
[94.396s][info][gc          ] Allocation Stall (Executor task launch worker for task 16.0 in stage 0.0 (TID 16)) 90.468ms
[94.396s][info][gc          ] Allocation Stall (Executor task launch worker for task 33.0 in stage 0.0 (TID 33)) 95.224ms
[94.396s][info][gc          ] Allocation Stall (Executor task launch worker for task 1.0 in stage 0.0 (TID 1)) 90.041ms
[94.396s][info][gc          ] Allocation Stall (Executor task launch worker for task 2.0 in stage 0.0 (TID 2)) 90.342ms
[94.396s][info][gc          ] Allocation Stall (Executor task launch worker for task 42.0 in stage 0.0 (TID 42)) 95.345ms
[94.396s][info][gc          ] Allocation Stall (Executor task launch worker for task 35.0 in stage 0.0 (TID 35)) 90.781ms
[94.396s][info][gc          ] Allocation Stall (Executor task launch worker for task 26.0 in stage 0.0 (TID 26)) 95.211ms
[94.396s][info][gc          ] Allocation Stall (Executor task launch worker for task 37.0 in stage 0.0 (TID 37)) 90.037ms
[94.396s][info][gc          ] Allocation Stall (Executor task launch worker for task 13.0 in stage 0.0 (TID 13)) 94.951ms
[94.396s][info][gc          ] Allocation Stall (Executor task launch worker for task 40.0 in stage 0.0 (TID 40)) 91.306ms
[94.396s][info][gc          ] Allocation Stall (Executor task launch worker for task 19.0 in stage 0.0 (TID 19)) 90.107ms
[94.396s][info][gc          ] Allocation Stall (Executor task launch worker for task 6.0 in stage 0.0 (TID 6)) 90.171ms
[94.396s][info][gc          ] Allocation Stall (Executor task launch worker for task 20.0 in stage 0.0 (TID 20)) 90.293ms
[94.396s][info][gc          ] Allocation Stall (Executor task launch worker for task 41.0 in stage 0.0 (TID 41)) 95.222ms
[94.396s][info][gc          ] Allocation Stall (Executor task launch worker for task 23.0 in stage 0.0 (TID 23)) 91.237ms
[94.396s][info][gc          ] Allocation Stall (Executor task launch worker for task 21.0 in stage 0.0 (TID 21)) 93.552ms
[94.396s][info][gc          ] Allocation Stall (Executor task launch worker for task 27.0 in stage 0.0 (TID 27)) 90.211ms
[94.396s][info][gc          ] Allocation Stall (Executor task launch worker for task 34.0 in stage 0.0 (TID 34)) 94.761ms
[94.396s][info][gc          ] Allocation Stall (Executor task launch worker for task 22.0 in stage 0.0 (TID 22)) 91.768ms
[94.396s][info][gc          ] Allocation Stall (Executor task launch worker for task 18.0 in stage 0.0 (TID 18)) 92.974ms
[94.396s][info][gc          ] Allocation Stall (Executor task launch worker for task 25.0 in stage 0.0 (TID 25)) 95.156ms
[94.396s][info][gc          ] Allocation Stall (Executor task launch worker for task 29.0 in stage 0.0 (TID 29)) 93.929ms
[94.396s][info][gc          ] Allocation Stall (Spark Context Cleaner) 44.651ms
[94.396s][info][gc          ] Allocation Stall (Executor task launch worker for task 24.0 in stage 0.0 (TID 24)) 95.371ms
[94.396s][info][gc          ] Allocation Stall (Executor task launch worker for task 11.0 in stage 0.0 (TID 11)) 90.966ms
[94.396s][info][gc          ] Allocation Stall (Executor task launch worker for task 43.0 in stage 0.0 (TID 43)) 95.329ms
[94.396s][info][gc          ] Allocation Stall (Executor task launch worker for task 7.0 in stage 0.0 (TID 7)) 92.565ms
[94.396s][info][gc          ] Allocation Stall (Executor task launch worker for task 36.0 in stage 0.0 (TID 36)) 91.958ms
[94.396s][info][gc          ] Allocation Stall (Executor task launch worker for task 28.0 in stage 0.0 (TID 28)) 92.826ms
[94.396s][info][gc          ] Allocation Stall (Executor task launch worker for task 15.0 in stage 0.0 (TID 15)) 92.255ms
[94.415s][info][gc,phases   ] GC(12) Concurrent Select Relocation Set 20.030ms
[94.416s][info][gc,phases   ] GC(12) Pause Relocate Start 0.009ms
[94.484s][info][gc,phases   ] GC(12) Concurrent Relocate 57.521ms
[94.484s][info][gc,load     ] GC(12) Load: 0.00/0.00/0.00
[94.484s][info][gc,mmu      ] GC(12) MMU: 2ms/94.2%, 5ms/97.7%, 10ms/98.8%, 20ms/99.3%, 50ms/99.7%, 100ms/99.9%
[94.484s][info][gc,marking  ] GC(12) Mark: 8 stripe(s), 2 proactive flush(es), 1 terminate flush(es), 0 completion(s), 0 continuation(s) 
[94.484s][info][gc,marking  ] GC(12) Mark Stack Usage: 32M
[94.484s][info][gc,nmethod  ] GC(12) NMethods: 746 registered, 9 unregistered
[94.484s][info][gc,metaspace] GC(12) Metaspace: 111M used, 124M committed, 1152M reserved
[94.484s][info][gc,ref      ] GC(12) Soft: 2784 encountered, 2362 discovered, 0 enqueued
[94.484s][info][gc,ref      ] GC(12) Weak: 12863 encountered, 2674 discovered, 0 enqueued
[94.484s][info][gc,ref      ] GC(12) Final: 62 encountered, 35 discovered, 0 enqueued
[94.484s][info][gc,ref      ] GC(12) Phantom: 750 encountered, 611 discovered, 0 enqueued
[94.484s][info][gc,reloc    ] GC(12) Small Pages: 389 / 778M, Empty: 564M, Relocated: 8M, In-Place: 0
[94.484s][info][gc,reloc    ] GC(12) Medium Pages: 7 / 224M, Empty: 32M, Relocated: 14M, In-Place: 0
[94.484s][info][gc,reloc    ] GC(12) Large Pages: 0 / 0M, Empty: 0M, Relocated: 0M, In-Place: 0
[94.484s][info][gc,reloc    ] GC(12) Forwarding Usage: 1M
[94.484s][info][gc,heap     ] GC(12) Min Capacity: 8M(1%)
[94.484s][info][gc,heap     ] GC(12) Max Capacity: 1024M(100%)
[94.484s][info][gc,heap     ] GC(12) Soft Max Capacity: 1024M(100%)
[94.484s][info][gc,heap     ] GC(12)                Mark Start          Mark End        Relocate Start      Relocate End           High               Low         
[94.484s][info][gc,heap     ] GC(12)  Capacity:     1024M (100%)       1024M (100%)       1024M (100%)       1024M (100%)       1024M (100%)       1024M (100%)   
[94.484s][info][gc,heap     ] GC(12)      Free:        0M (0%)            0M (0%)          504M (49%)         356M (35%)         576M (56%)           0M (0%)     
[94.484s][info][gc,heap     ] GC(12)      Used:     1024M (100%)       1024M (100%)        520M (51%)         668M (65%)        1024M (100%)        448M (44%)    
[94.484s][info][gc,heap     ] GC(12)      Live:         -               194M (19%)         194M (19%)         194M (19%)            -                  -          
[94.484s][info][gc,heap     ] GC(12) Allocated:         -                 0M (0%)           92M (9%)          395M (39%)            -                  -          
[94.484s][info][gc,heap     ] GC(12)   Garbage:         -               829M (81%)         233M (23%)          78M (8%)             -                  -          
[94.484s][info][gc,heap     ] GC(12) Reclaimed:         -                  -               596M (58%)         751M (73%)            -                  -          
[94.484s][info][gc          ] GC(12) Garbage Collection (Allocation Stall) 1024M(100%)->668M(65%)
[94.539s][info][gc,start    ] GC(13) Garbage Collection (Allocation Stall)
[94.539s][info][gc,ref      ] GC(13) Clearing All SoftReferences
[94.539s][info][gc,task     ] GC(13) Using 10 workers
[94.540s][info][gc,ref      ] GC(13) Clearing All SoftReferences
[94.540s][info][gc,phases   ] GC(13) Pause Mark Start 0.048ms
[94.541s][info][gc          ] Allocation Stall (Executor task launch worker for task 28.0 in stage 0.0 (TID 28)) 0.019ms
[94.570s][info][gc,phases   ] GC(13) Concurrent Mark 29.293ms
[94.570s][info][gc,phases   ] GC(13) Pause Mark End 0.015ms
[94.570s][info][gc,phases   ] GC(13) Concurrent Mark Free 0.001ms
[94.571s][info][gc,phases   ] GC(13) Concurrent Process Non-Strong References 0.571ms
[94.571s][info][gc,phases   ] GC(13) Concurrent Reset Relocation Set 0.007ms
[94.571s][info][gc          ] Allocation Stall (Executor task launch worker for task 1.0 in stage 0.0 (TID 1)) 28.654ms
[94.571s][info][gc          ] Allocation Stall (Executor task launch worker for task 28.0 in stage 0.0 (TID 28)) 28.912ms
[94.571s][info][gc          ] Allocation Stall (Executor task launch worker for task 3.0 in stage 0.0 (TID 3)) 28.866ms
[94.571s][info][gc          ] Allocation Stall (Executor task launch worker for task 33.0 in stage 0.0 (TID 33)) 28.945ms
[94.571s][info][gc          ] Allocation Stall (Executor task launch worker for task 10.0 in stage 0.0 (TID 10)) 26.345ms
[94.571s][info][gc          ] Allocation Stall (Executor task launch worker for task 17.0 in stage 0.0 (TID 17)) 28.846ms
[94.571s][info][gc          ] Allocation Stall (Executor task launch worker for task 5.0 in stage 0.0 (TID 5)) 29.166ms
[94.571s][info][gc          ] Allocation Stall (Executor task launch worker for task 40.0 in stage 0.0 (TID 40)) 28.877ms
[94.571s][info][gc          ] Allocation Stall (Executor task launch worker for task 13.0 in stage 0.0 (TID 13)) 29.065ms
[94.571s][info][gc          ] Allocation Stall (Executor task launch worker for task 24.0 in stage 0.0 (TID 24)) 29.306ms
[94.571s][info][gc          ] Allocation Stall (Executor task launch worker for task 19.0 in stage 0.0 (TID 19)) 29.290ms
[94.571s][info][gc          ] Allocation Stall (Executor task launch worker for task 34.0 in stage 0.0 (TID 34)) 29.186ms
[94.571s][info][gc          ] Allocation Stall (Executor task launch worker for task 43.0 in stage 0.0 (TID 43)) 29.194ms
[94.571s][info][gc          ] Allocation Stall (Executor task launch worker for task 32.0 in stage 0.0 (TID 32)) 28.962ms
[94.571s][info][gc          ] Allocation Stall (Executor task launch worker for task 44.0 in stage 0.0 (TID 44)) 28.727ms
[94.571s][info][gc          ] Allocation Stall (Executor task launch worker for task 15.0 in stage 0.0 (TID 15)) 29.368ms
[94.571s][info][gc          ] Allocation Stall (Executor task launch worker for task 18.0 in stage 0.0 (TID 18)) 29.345ms
[94.571s][info][gc          ] Allocation Stall (Executor task launch worker for task 9.0 in stage 0.0 (TID 9)) 28.953ms
[94.571s][info][gc          ] Allocation Stall (Executor task launch worker for task 37.0 in stage 0.0 (TID 37)) 29.429ms
[94.571s][info][gc          ] Allocation Stall (Executor task launch worker for task 0.0 in stage 0.0 (TID 0)) 29.404ms
[94.571s][info][gc          ] Allocation Stall (Executor task launch worker for task 47.0 in stage 0.0 (TID 47)) 29.060ms
[94.571s][info][gc          ] Allocation Stall (Executor task launch worker for task 2.0 in stage 0.0 (TID 2)) 28.925ms
[94.571s][info][gc          ] Allocation Stall (Executor task launch worker for task 39.0 in stage 0.0 (TID 39)) 29.442ms
[94.571s][info][gc          ] Allocation Stall (Executor task launch worker for task 38.0 in stage 0.0 (TID 38)) 29.181ms
[94.571s][info][gc          ] Allocation Stall (Executor task launch worker for task 4.0 in stage 0.0 (TID 4)) 28.729ms
[94.571s][info][gc          ] Allocation Stall (Executor task launch worker for task 26.0 in stage 0.0 (TID 26)) 29.057ms
[94.571s][info][gc          ] Allocation Stall (Executor task launch worker for task 35.0 in stage 0.0 (TID 35)) 29.474ms
[94.571s][info][gc          ] Allocation Stall (Executor task launch worker for task 7.0 in stage 0.0 (TID 7)) 29.223ms
[94.571s][info][gc          ] Allocation Stall (Executor task launch worker for task 25.0 in stage 0.0 (TID 25)) 29.094ms
[94.571s][info][gc          ] Allocation Stall (Executor task launch worker for task 45.0 in stage 0.0 (TID 45)) 28.843ms
[94.571s][info][gc          ] Allocation Stall (Executor task launch worker for task 30.0 in stage 0.0 (TID 30)) 29.615ms
[94.571s][info][gc          ] Allocation Stall (Executor task launch worker for task 23.0 in stage 0.0 (TID 23)) 29.345ms
[94.571s][info][gc          ] Allocation Stall (Executor task launch worker for task 11.0 in stage 0.0 (TID 11)) 29.354ms
[94.571s][info][gc          ] Allocation Stall (Executor task launch worker for task 22.0 in stage 0.0 (TID 22)) 29.601ms
[94.571s][info][gc          ] Allocation Stall (Executor task launch worker for task 6.0 in stage 0.0 (TID 6)) 29.053ms
[94.571s][info][gc          ] Allocation Stall (Executor task launch worker for task 16.0 in stage 0.0 (TID 16)) 28.820ms
[94.571s][info][gc          ] Allocation Stall (Executor task launch worker for task 14.0 in stage 0.0 (TID 14)) 28.791ms
[94.571s][info][gc          ] Allocation Stall (Executor task launch worker for task 36.0 in stage 0.0 (TID 36)) 29.205ms
[94.571s][info][gc          ] Allocation Stall (Executor task launch worker for task 12.0 in stage 0.0 (TID 12)) 26.377ms
[94.571s][info][gc          ] Allocation Stall (Executor task launch worker for task 42.0 in stage 0.0 (TID 42)) 28.754ms
[94.571s][info][gc          ] Allocation Stall (Executor task launch worker for task 46.0 in stage 0.0 (TID 46)) 28.931ms
[94.571s][info][gc          ] Allocation Stall (Executor task launch worker for task 27.0 in stage 0.0 (TID 27)) 29.610ms
[94.571s][info][gc          ] Allocation Stall (Executor task launch worker for task 8.0 in stage 0.0 (TID 8)) 29.493ms
[94.571s][info][gc          ] Allocation Stall (Executor task launch worker for task 20.0 in stage 0.0 (TID 20)) 29.483ms
[94.571s][info][gc          ] Allocation Stall (Executor task launch worker for task 21.0 in stage 0.0 (TID 21)) 29.407ms
[94.571s][info][gc          ] Allocation Stall (Executor task launch worker for task 29.0 in stage 0.0 (TID 29)) 29.626ms
[94.571s][info][gc          ] Allocation Stall (Executor task launch worker for task 41.0 in stage 0.0 (TID 41)) 29.168ms
[94.571s][info][gc          ] Allocation Stall (Spark Context Cleaner) 28.928ms
[94.571s][info][gc          ] Allocation Stall (Executor task launch worker for task 31.0 in stage 0.0 (TID 31)) 29.065ms
[94.575s][info][gc,phases   ] GC(13) Concurrent Select Relocation Set 3.885ms
[94.575s][info][gc,phases   ] GC(13) Pause Relocate Start 0.009ms
[94.633s][info][gc          ] Allocation Stall (Executor task launch worker for task 15.0 in stage 0.0 (TID 15)) 0.021ms
[94.633s][info][gc          ] Allocation Stall (Executor task launch worker for task 27.0 in stage 0.0 (TID 27)) 0.040ms
[94.633s][info][gc          ] Allocation Stall (Executor task launch worker for task 22.0 in stage 0.0 (TID 22)) 0.113ms
[94.633s][info][gc          ] Allocation Stall (Executor task launch worker for task 0.0 in stage 0.0 (TID 0)) 0.156ms
[94.633s][info][gc          ] Allocation Stall (Executor task launch worker for task 18.0 in stage 0.0 (TID 18)) 0.195ms
[94.633s][info][gc          ] Allocation Stall (Executor task launch worker for task 26.0 in stage 0.0 (TID 26)) 0.217ms
[94.633s][info][gc          ] Allocation Stall (Executor task launch worker for task 23.0 in stage 0.0 (TID 23)) 0.238ms
[94.633s][info][gc          ] Allocation Stall (Executor task launch worker for task 41.0 in stage 0.0 (TID 41)) 0.239ms
[94.633s][info][gc          ] Allocation Stall (Executor task launch worker for task 3.0 in stage 0.0 (TID 3)) 0.263ms
[94.633s][info][gc          ] Allocation Stall (Executor task launch worker for task 40.0 in stage 0.0 (TID 40)) 0.284ms
[94.633s][info][gc          ] Allocation Stall (Executor task launch worker for task 42.0 in stage 0.0 (TID 42)) 0.316ms
[94.633s][info][gc          ] Allocation Stall (Executor task launch worker for task 29.0 in stage 0.0 (TID 29)) 0.367ms
[94.633s][info][gc          ] Allocation Stall (Executor task launch worker for task 25.0 in stage 0.0 (TID 25)) 0.392ms
[94.633s][info][gc          ] Allocation Stall (Executor task launch worker for task 34.0 in stage 0.0 (TID 34)) 0.424ms
[94.633s][info][gc          ] Allocation Stall (Executor task launch worker for task 24.0 in stage 0.0 (TID 24)) 0.448ms
[94.633s][info][gc          ] Allocation Stall (Executor task launch worker for task 8.0 in stage 0.0 (TID 8)) 0.491ms
[94.633s][info][gc          ] Allocation Stall (Executor task launch worker for task 5.0 in stage 0.0 (TID 5)) 0.539ms
[94.633s][info][gc          ] Allocation Stall (Executor task launch worker for task 9.0 in stage 0.0 (TID 9)) 0.593ms
[94.634s][info][gc          ] Allocation Stall (Executor task launch worker for task 43.0 in stage 0.0 (TID 43)) 0.644ms
[94.634s][info][gc          ] Allocation Stall (Executor task launch worker for task 17.0 in stage 0.0 (TID 17)) 0.697ms
[94.634s][info][gc          ] Allocation Stall (Executor task launch worker for task 16.0 in stage 0.0 (TID 16)) 0.756ms
[94.634s][info][gc          ] Allocation Stall (Executor task launch worker for task 1.0 in stage 0.0 (TID 1)) 0.795ms
[94.634s][info][gc          ] Allocation Stall (Executor task launch worker for task 39.0 in stage 0.0 (TID 39)) 0.832ms
[94.634s][info][gc          ] Allocation Stall (Executor task launch worker for task 31.0 in stage 0.0 (TID 31)) 0.878ms
[94.639s][info][gc          ] Allocation Stall (Executor task launch worker for task 12.0 in stage 0.0 (TID 12)) 6.091ms
[94.639s][info][gc          ] Allocation Stall (Executor task launch worker for task 4.0 in stage 0.0 (TID 4)) 6.131ms
[94.639s][info][gc          ] Allocation Stall (Executor task launch worker for task 10.0 in stage 0.0 (TID 10)) 6.175ms
[94.640s][info][gc          ] Allocation Stall (Executor task launch worker for task 33.0 in stage 0.0 (TID 33)) 7.215ms
[94.641s][info][gc          ] Allocation Stall (Executor task launch worker for task 14.0 in stage 0.0 (TID 14)) 8.469ms
[94.641s][info][gc          ] Allocation Stall (Executor task launch worker for task 19.0 in stage 0.0 (TID 19)) 8.515ms
[94.641s][info][gc          ] Allocation Stall (Executor task launch worker for task 22.0 in stage 0.0 (TID 22)) 8.282ms
[94.642s][info][gc          ] Allocation Stall (Executor task launch worker for task 0.0 in stage 0.0 (TID 0)) 8.318ms
[94.642s][info][gc          ] Allocation Stall (Executor task launch worker for task 15.0 in stage 0.0 (TID 15)) 8.374ms
[94.642s][info][gc          ] Allocation Stall (Executor task launch worker for task 30.0 in stage 0.0 (TID 30)) 8.403ms
[94.642s][info][gc          ] Allocation Stall (Executor task launch worker for task 26.0 in stage 0.0 (TID 26)) 4.756ms
[94.642s][info][gc          ] Allocation Stall (Executor task launch worker for task 3.0 in stage 0.0 (TID 3)) 4.603ms
[94.642s][info][gc          ] Allocation Stall (Executor task launch worker for task 43.0 in stage 0.0 (TID 43)) 4.898ms
[94.642s][info][gc          ] Allocation Stall (Executor task launch worker for task 41.0 in stage 0.0 (TID 41)) 4.932ms
[94.642s][info][gc          ] Allocation Stall (Executor task launch worker for task 40.0 in stage 0.0 (TID 40)) 4.875ms
[94.642s][info][gc          ] Allocation Stall (Executor task launch worker for task 31.0 in stage 0.0 (TID 31)) 4.704ms
[94.642s][info][gc          ] Allocation Stall (Executor task launch worker for task 7.0 in stage 0.0 (TID 7)) 4.681ms
[94.642s][info][gc          ] Allocation Stall (Executor task launch worker for task 29.0 in stage 0.0 (TID 29)) 4.654ms
[94.642s][info][gc          ] Allocation Stall (Executor task launch worker for task 42.0 in stage 0.0 (TID 42)) 4.557ms
[94.642s][info][gc          ] Allocation Stall (Executor task launch worker for task 25.0 in stage 0.0 (TID 25)) 4.514ms
[94.642s][info][gc          ] Allocation Stall (Executor task launch worker for task 34.0 in stage 0.0 (TID 34)) 4.419ms
[94.642s][info][gc          ] Allocation Stall (Executor task launch worker for task 8.0 in stage 0.0 (TID 8)) 4.330ms
[94.642s][info][gc          ] Allocation Stall (Executor task launch worker for task 17.0 in stage 0.0 (TID 17)) 4.288ms
[94.643s][info][gc          ] Allocation Stall (Executor task launch worker for task 16.0 in stage 0.0 (TID 16)) 4.332ms
[94.643s][info][gc          ] Allocation Stall (Executor task launch worker for task 9.0 in stage 0.0 (TID 9)) 4.971ms
[94.643s][info][gc          ] Allocation Stall (Executor task launch worker for task 24.0 in stage 0.0 (TID 24)) 1.565ms
[94.647s][info][gc,phases   ] GC(13) Concurrent Relocate 70.254ms
[94.647s][info][gc,load     ] GC(13) Load: 0.00/0.00/0.00
[94.647s][info][gc,mmu      ] GC(13) MMU: 2ms/94.2%, 5ms/97.7%, 10ms/98.8%, 20ms/99.3%, 50ms/99.7%, 100ms/99.9%
[94.647s][info][gc,marking  ] GC(13) Mark: 8 stripe(s), 2 proactive flush(es), 1 terminate flush(es), 0 completion(s), 0 continuation(s) 
[94.647s][info][gc,marking  ] GC(13) Mark Stack Usage: 32M
[94.647s][info][gc,nmethod  ] GC(13) NMethods: 752 registered, 9 unregistered
[94.647s][info][gc,metaspace] GC(13) Metaspace: 111M used, 124M committed, 1152M reserved
[94.647s][info][gc,ref      ] GC(13) Soft: 2784 encountered, 1459 discovered, 0 enqueued
[94.647s][info][gc,ref      ] GC(13) Weak: 12863 encountered, 2525 discovered, 0 enqueued
[94.647s][info][gc,ref      ] GC(13) Final: 62 encountered, 4 discovered, 0 enqueued
[94.647s][info][gc,ref      ] GC(13) Phantom: 750 encountered, 680 discovered, 0 enqueued
[94.647s][info][gc,reloc    ] GC(13) Small Pages: 371 / 742M, Empty: 524M, Relocated: 8M, In-Place: 0
[94.647s][info][gc,reloc    ] GC(13) Medium Pages: 7 / 224M, Empty: 0M, Relocated: 11M, In-Place: 0
[94.647s][info][gc,reloc    ] GC(13) Large Pages: 0 / 0M, Empty: 0M, Relocated: 0M, In-Place: 0
[94.647s][info][gc,reloc    ] GC(13) Forwarding Usage: 1M
[94.648s][info][gc,heap     ] GC(13) Min Capacity: 8M(1%)
[94.648s][info][gc,heap     ] GC(13) Max Capacity: 1024M(100%)
[94.648s][info][gc,heap     ] GC(13) Soft Max Capacity: 1024M(100%)
[94.648s][info][gc,heap     ] GC(13)                Mark Start          Mark End        Relocate Start      Relocate End           High               Low         
[94.648s][info][gc,heap     ] GC(13)  Capacity:     1024M (100%)       1024M (100%)       1024M (100%)       1024M (100%)       1024M (100%)       1024M (100%)   
[94.648s][info][gc,heap     ] GC(13)      Free:       58M (6%)            0M (0%)          492M (48%)          38M (4%)          554M (54%)           0M (0%)     
[94.648s][info][gc,heap     ] GC(13)      Used:      966M (94%)        1024M (100%)        532M (52%)         986M (96%)        1024M (100%)        470M (46%)    
[94.648s][info][gc,heap     ] GC(13)      Live:         -               208M (20%)         208M (20%)         208M (20%)            -                  -          
[94.648s][info][gc,heap     ] GC(13) Allocated:         -                58M (6%)           90M (9%)          708M (69%)            -                  -          
[94.648s][info][gc,heap     ] GC(13)   Garbage:         -               757M (74%)         233M (23%)          69M (7%)             -                  -          
[94.648s][info][gc,heap     ] GC(13) Reclaimed:         -                  -               524M (51%)         688M (67%)            -                  -          
[94.648s][info][gc          ] GC(13) Garbage Collection (Allocation Stall) 966M(94%)->986M(96%)
[94.668s][info][gc,start    ] GC(14) Garbage Collection (Allocation Stall)
[94.668s][info][gc,ref      ] GC(14) Clearing All SoftReferences
[94.668s][info][gc,task     ] GC(14) Using 10 workers
[94.669s][info][gc,ref      ] GC(14) Clearing All SoftReferences
[94.669s][info][gc,phases   ] GC(14) Pause Mark Start 0.037ms
[94.669s][info][gc          ] Allocation Stall (Executor task launch worker for task 47.0 in stage 0.0 (TID 47)) 0.842ms
[94.669s][info][gc          ] Allocation Stall (Executor task launch worker for task 38.0 in stage 0.0 (TID 38)) 0.846ms
[94.669s][info][gc          ] Allocation Stall (Executor task launch worker for task 27.0 in stage 0.0 (TID 27)) 0.833ms
[94.669s][info][gc          ] Allocation Stall (Executor task launch worker for task 2.0 in stage 0.0 (TID 2)) 0.856ms
[94.669s][info][gc          ] Allocation Stall (Executor task launch worker for task 7.0 in stage 0.0 (TID 7)) 0.846ms
[94.669s][info][gc          ] Allocation Stall (Executor task launch worker for task 41.0 in stage 0.0 (TID 41)) 0.835ms
[94.669s][info][gc          ] Allocation Stall (Executor task launch worker for task 44.0 in stage 0.0 (TID 44)) 0.835ms
[94.669s][info][gc          ] Allocation Stall (Executor task launch worker for task 11.0 in stage 0.0 (TID 11)) 0.840ms
[94.669s][info][gc          ] Allocation Stall (Executor task launch worker for task 39.0 in stage 0.0 (TID 39)) 0.943ms
[94.669s][info][gc          ] Allocation Stall (Executor task launch worker for task 29.0 in stage 0.0 (TID 29)) 0.973ms
[94.669s][info][gc          ] Allocation Stall (Executor task launch worker for task 23.0 in stage 0.0 (TID 23)) 1.033ms
[94.669s][info][gc          ] Allocation Stall (Executor task launch worker for task 25.0 in stage 0.0 (TID 25)) 1.058ms
[94.669s][info][gc          ] Allocation Stall (Executor task launch worker for task 34.0 in stage 0.0 (TID 34)) 1.096ms
[94.669s][info][gc          ] Allocation Stall (Executor task launch worker for task 22.0 in stage 0.0 (TID 22)) 1.118ms
[94.669s][info][gc          ] Allocation Stall (Executor task launch worker for task 35.0 in stage 0.0 (TID 35)) 1.145ms
[94.669s][info][gc          ] Allocation Stall (Executor task launch worker for task 19.0 in stage 0.0 (TID 19)) 1.179ms
[94.669s][info][gc          ] Allocation Stall (Executor task launch worker for task 36.0 in stage 0.0 (TID 36)) 1.246ms
[94.669s][info][gc          ] Allocation Stall (Executor task launch worker for task 13.0 in stage 0.0 (TID 13)) 1.272ms
[94.669s][info][gc          ] Allocation Stall (Executor task launch worker for task 1.0 in stage 0.0 (TID 1)) 1.287ms
[94.669s][info][gc          ] Allocation Stall (Executor task launch worker for task 46.0 in stage 0.0 (TID 46)) 1.307ms
[94.669s][info][gc          ] Allocation Stall (Executor task launch worker for task 42.0 in stage 0.0 (TID 42)) 1.333ms
[94.669s][info][gc          ] Allocation Stall (Executor task launch worker for task 43.0 in stage 0.0 (TID 43)) 1.354ms
[94.669s][info][gc          ] Allocation Stall (Executor task launch worker for task 26.0 in stage 0.0 (TID 26)) 1.375ms
[94.669s][info][gc          ] Allocation Stall (Executor task launch worker for task 40.0 in stage 0.0 (TID 40)) 1.451ms
[94.669s][info][gc          ] Allocation Stall (Executor task launch worker for task 45.0 in stage 0.0 (TID 45)) 1.480ms
[94.669s][info][gc          ] Allocation Stall (Executor task launch worker for task 37.0 in stage 0.0 (TID 37)) 1.509ms
[94.669s][info][gc          ] Allocation Stall (Executor task launch worker for task 33.0 in stage 0.0 (TID 33)) 1.534ms
[94.670s][info][gc          ] Allocation Stall (Executor task launch worker for task 16.0 in stage 0.0 (TID 16)) 0.862ms
[94.670s][info][gc          ] Allocation Stall (Executor task launch worker for task 6.0 in stage 0.0 (TID 6)) 0.883ms
[94.670s][info][gc          ] Allocation Stall (Executor task launch worker for task 14.0 in stage 0.0 (TID 14)) 0.915ms
[94.670s][info][gc          ] Allocation Stall (Executor task launch worker for task 31.0 in stage 0.0 (TID 31)) 0.975ms
[94.670s][info][gc          ] Allocation Stall (Executor task launch worker for task 4.0 in stage 0.0 (TID 4)) 1.008ms
[94.670s][info][gc          ] Allocation Stall (Executor task launch worker for task 10.0 in stage 0.0 (TID 10)) 1.042ms
[94.670s][info][gc          ] Allocation Stall (Executor task launch worker for task 30.0 in stage 0.0 (TID 30)) 1.043ms
[94.670s][info][gc          ] Allocation Stall (Executor task launch worker for task 15.0 in stage 0.0 (TID 15)) 1.087ms
[94.710s][info][gc,phases   ] GC(14) Concurrent Mark 41.775ms
[94.711s][info][gc,phases   ] GC(14) Pause Mark End 0.016ms
[94.711s][info][gc,phases   ] GC(14) Concurrent Mark Free 0.001ms
[94.711s][info][gc,phases   ] GC(14) Concurrent Process Non-Strong References 0.654ms
[94.711s][info][gc,phases   ] GC(14) Concurrent Reset Relocation Set 0.007ms
[94.711s][info][gc          ] Allocation Stall (Executor task launch worker for task 40.0 in stage 0.0 (TID 40)) 33.530ms
[94.711s][info][gc          ] Allocation Stall (Executor task launch worker for task 35.0 in stage 0.0 (TID 35)) 32.008ms
[94.711s][info][gc          ] Allocation Stall (Executor task launch worker for task 26.0 in stage 0.0 (TID 26)) 33.304ms
[94.711s][info][gc          ] Allocation Stall (Executor task launch worker for task 7.0 in stage 0.0 (TID 7)) 32.838ms
[94.711s][info][gc          ] Allocation Stall (Executor task launch worker for task 43.0 in stage 0.0 (TID 43)) 32.431ms
[94.711s][info][gc          ] Allocation Stall (Executor task launch worker for task 25.0 in stage 0.0 (TID 25)) 32.290ms
[94.711s][info][gc          ] Allocation Stall (Executor task launch worker for task 45.0 in stage 0.0 (TID 45)) 33.170ms
[94.711s][info][gc          ] Allocation Stall (Executor task launch worker for task 13.0 in stage 0.0 (TID 13)) 33.492ms
[94.711s][info][gc          ] Allocation Stall (Executor task launch worker for task 8.0 in stage 0.0 (TID 8)) 31.784ms
[94.712s][info][gc          ] Allocation Stall (Executor task launch worker for task 6.0 in stage 0.0 (TID 6)) 33.409ms
[94.712s][info][gc          ] Allocation Stall (Executor task launch worker for task 37.0 in stage 0.0 (TID 37)) 33.243ms
[94.712s][info][gc          ] Allocation Stall (Executor task launch worker for task 20.0 in stage 0.0 (TID 20)) 32.499ms
[94.712s][info][gc          ] Allocation Stall (Executor task launch worker for task 27.0 in stage 0.0 (TID 27)) 31.602ms
[94.712s][info][gc          ] Allocation Stall (Executor task launch worker for task 14.0 in stage 0.0 (TID 14)) 33.303ms
[94.712s][info][gc          ] Allocation Stall (Executor task launch worker for task 18.0 in stage 0.0 (TID 18)) 31.671ms
[94.712s][info][gc          ] Allocation Stall (Executor task launch worker for task 9.0 in stage 0.0 (TID 9)) 31.617ms
[94.712s][info][gc          ] Allocation Stall (Executor task launch worker for task 21.0 in stage 0.0 (TID 21)) 31.872ms
[94.712s][info][gc          ] Allocation Stall (Executor task launch worker for task 0.0 in stage 0.0 (TID 0)) 31.773ms
[94.712s][info][gc          ] Allocation Stall (Executor task launch worker for task 30.0 in stage 0.0 (TID 30)) 31.708ms
[94.712s][info][gc          ] Allocation Stall (Executor task launch worker for task 12.0 in stage 0.0 (TID 12)) 33.632ms
[94.712s][info][gc          ] Allocation Stall (Executor task launch worker for task 19.0 in stage 0.0 (TID 19)) 33.488ms
[94.712s][info][gc          ] Allocation Stall (Executor task launch worker for task 36.0 in stage 0.0 (TID 36)) 33.589ms
[94.712s][info][gc          ] Allocation Stall (Executor task launch worker for task 31.0 in stage 0.0 (TID 31)) 33.659ms
[94.712s][info][gc          ] Allocation Stall (Spark Context Cleaner) 32.277ms
[94.712s][info][gc          ] Allocation Stall (Executor task launch worker for task 34.0 in stage 0.0 (TID 34)) 33.895ms
[94.712s][info][gc          ] Allocation Stall (Executor task launch worker for task 44.0 in stage 0.0 (TID 44)) 33.900ms
[94.712s][info][gc          ] Allocation Stall (Executor task launch worker for task 15.0 in stage 0.0 (TID 15)) 34.323ms
[94.712s][info][gc          ] Allocation Stall (Executor task launch worker for task 47.0 in stage 0.0 (TID 47)) 34.628ms
[94.712s][info][gc          ] Allocation Stall (Executor task launch worker for task 41.0 in stage 0.0 (TID 41)) 32.112ms
[94.712s][info][gc          ] Allocation Stall (Executor task launch worker for task 1.0 in stage 0.0 (TID 1)) 31.669ms
[94.712s][info][gc          ] Allocation Stall (Executor task launch worker for task 2.0 in stage 0.0 (TID 2)) 33.804ms
[94.712s][info][gc          ] Allocation Stall (Executor task launch worker for task 33.0 in stage 0.0 (TID 33)) 33.688ms
[94.712s][info][gc          ] Allocation Stall (Executor task launch worker for task 23.0 in stage 0.0 (TID 23)) 34.031ms
[94.712s][info][gc          ] Allocation Stall (Executor task launch worker for task 42.0 in stage 0.0 (TID 42)) 33.216ms
[94.712s][info][gc          ] Allocation Stall (Executor task launch worker for task 22.0 in stage 0.0 (TID 22)) 34.005ms
[94.712s][info][gc          ] Allocation Stall (Executor task launch worker for task 16.0 in stage 0.0 (TID 16)) 34.123ms
[94.712s][info][gc          ] Allocation Stall (Executor task launch worker for task 4.0 in stage 0.0 (TID 4)) 33.984ms
[94.712s][info][gc          ] Allocation Stall (Executor task launch worker for task 17.0 in stage 0.0 (TID 17)) 31.684ms
[94.712s][info][gc          ] Allocation Stall (Executor task launch worker for task 10.0 in stage 0.0 (TID 10)) 33.616ms
[94.712s][info][gc          ] Allocation Stall (Executor task launch worker for task 3.0 in stage 0.0 (TID 3)) 34.730ms
[94.712s][info][gc          ] Allocation Stall (Executor task launch worker for task 38.0 in stage 0.0 (TID 38)) 33.944ms
[94.712s][info][gc          ] Allocation Stall (Executor task launch worker for task 39.0 in stage 0.0 (TID 39)) 34.553ms
[94.712s][info][gc          ] Allocation Stall (Executor task launch worker for task 24.0 in stage 0.0 (TID 24)) 33.954ms
[94.712s][info][gc          ] Allocation Stall (Executor task launch worker for task 29.0 in stage 0.0 (TID 29)) 34.379ms
[94.712s][info][gc          ] Allocation Stall (Executor task launch worker for task 28.0 in stage 0.0 (TID 28)) 34.188ms
[94.712s][info][gc          ] Allocation Stall (Executor task launch worker for task 11.0 in stage 0.0 (TID 11)) 34.249ms
[94.712s][info][gc          ] Allocation Stall (Executor task launch worker for task 32.0 in stage 0.0 (TID 32)) 34.358ms
[94.712s][info][gc          ] Allocation Stall (Executor task launch worker for task 5.0 in stage 0.0 (TID 5)) 31.855ms
[94.712s][info][gc          ] Allocation Stall (Executor task launch worker for task 46.0 in stage 0.0 (TID 46)) 34.270ms
[94.725s][info][gc,phases   ] GC(14) Concurrent Select Relocation Set 14.115ms
[94.726s][info][gc,phases   ] GC(14) Pause Relocate Start 0.006ms
[94.756s][info][gc          ] Allocation Stall (Executor task launch worker for task 22.0 in stage 0.0 (TID 22)) 0.047ms
[94.757s][info][gc          ] Allocation Stall (Executor task launch worker for task 41.0 in stage 0.0 (TID 41)) 0.988ms
[94.757s][info][gc          ] Allocation Stall (Executor task launch worker for task 36.0 in stage 0.0 (TID 36)) 0.893ms
[94.757s][info][gc          ] Allocation Stall (Executor task launch worker for task 24.0 in stage 0.0 (TID 24)) 1.054ms
[94.757s][info][gc          ] Allocation Stall (Executor task launch worker for task 5.0 in stage 0.0 (TID 5)) 1.082ms
[94.757s][info][gc          ] Allocation Stall (Executor task launch worker for task 0.0 in stage 0.0 (TID 0)) 1.000ms
[94.757s][info][gc          ] Allocation Stall (Executor task launch worker for task 15.0 in stage 0.0 (TID 15)) 1.059ms
[94.757s][info][gc          ] Allocation Stall (Executor task launch worker for task 29.0 in stage 0.0 (TID 29)) 0.903ms
[94.757s][info][gc          ] Allocation Stall (Executor task launch worker for task 38.0 in stage 0.0 (TID 38)) 0.935ms
[94.757s][info][gc          ] Allocation Stall (Executor task launch worker for task 9.0 in stage 0.0 (TID 9)) 0.888ms
[94.757s][info][gc          ] Allocation Stall (Executor task launch worker for task 3.0 in stage 0.0 (TID 3)) 0.895ms
[94.757s][info][gc          ] Allocation Stall (Executor task launch worker for task 7.0 in stage 0.0 (TID 7)) 1.101ms
[94.757s][info][gc          ] Allocation Stall (Executor task launch worker for task 6.0 in stage 0.0 (TID 6)) 0.865ms
[94.757s][info][gc          ] Allocation Stall (Executor task launch worker for task 32.0 in stage 0.0 (TID 32)) 0.890ms
[94.757s][info][gc          ] Allocation Stall (Executor task launch worker for task 46.0 in stage 0.0 (TID 46)) 0.847ms
[94.757s][info][gc          ] Allocation Stall (Executor task launch worker for task 20.0 in stage 0.0 (TID 20)) 0.980ms
[94.757s][info][gc          ] Allocation Stall (Executor task launch worker for task 47.0 in stage 0.0 (TID 47)) 0.854ms
[94.757s][info][gc          ] Allocation Stall (Executor task launch worker for task 37.0 in stage 0.0 (TID 37)) 0.941ms
[94.757s][info][gc          ] Allocation Stall (Executor task launch worker for task 13.0 in stage 0.0 (TID 13)) 0.973ms
[94.757s][info][gc          ] Allocation Stall (Executor task launch worker for task 1.0 in stage 0.0 (TID 1)) 0.951ms
[94.757s][info][gc          ] Allocation Stall (Executor task launch worker for task 8.0 in stage 0.0 (TID 8)) 0.880ms
[94.757s][info][gc          ] Allocation Stall (Executor task launch worker for task 11.0 in stage 0.0 (TID 11)) 0.965ms
[94.757s][info][gc          ] Allocation Stall (Executor task launch worker for task 40.0 in stage 0.0 (TID 40)) 0.970ms
[94.757s][info][gc          ] Allocation Stall (Executor task launch worker for task 30.0 in stage 0.0 (TID 30)) 0.973ms
[94.757s][info][gc          ] Allocation Stall (Executor task launch worker for task 28.0 in stage 0.0 (TID 28)) 1.030ms
[94.757s][info][gc          ] Allocation Stall (Executor task launch worker for task 39.0 in stage 0.0 (TID 39)) 0.991ms
[94.757s][info][gc          ] Allocation Stall (Executor task launch worker for task 4.0 in stage 0.0 (TID 4)) 1.528ms
[94.757s][info][gc          ] Allocation Stall (Executor task launch worker for task 17.0 in stage 0.0 (TID 17)) 1.054ms
[94.757s][info][gc          ] Allocation Stall (Executor task launch worker for task 45.0 in stage 0.0 (TID 45)) 1.308ms
[94.757s][info][gc          ] Allocation Stall (Executor task launch worker for task 18.0 in stage 0.0 (TID 18)) 1.327ms
[94.757s][info][gc          ] Allocation Stall (Executor task launch worker for task 35.0 in stage 0.0 (TID 35)) 1.077ms
[94.757s][info][gc          ] Allocation Stall (Executor task launch worker for task 43.0 in stage 0.0 (TID 43)) 1.532ms
[94.757s][info][gc          ] Allocation Stall (Executor task launch worker for task 19.0 in stage 0.0 (TID 19)) 1.319ms
[94.759s][info][gc          ] Allocation Stall (Executor task launch worker for task 2.0 in stage 0.0 (TID 2)) 2.290ms
[94.759s][info][gc          ] Allocation Stall (Executor task launch worker for task 34.0 in stage 0.0 (TID 34)) 2.320ms
[94.759s][info][gc          ] Allocation Stall (Executor task launch worker for task 23.0 in stage 0.0 (TID 23)) 2.356ms
[94.759s][info][gc          ] Allocation Stall (Executor task launch worker for task 25.0 in stage 0.0 (TID 25)) 2.378ms
[94.759s][info][gc          ] Allocation Stall (Executor task launch worker for task 42.0 in stage 0.0 (TID 42)) 2.408ms
[94.759s][info][gc          ] Allocation Stall (Executor task launch worker for task 14.0 in stage 0.0 (TID 14)) 2.429ms
[94.759s][info][gc          ] Allocation Stall (Executor task launch worker for task 33.0 in stage 0.0 (TID 33)) 2.463ms
[94.762s][info][gc          ] Allocation Stall (Executor task launch worker for task 22.0 in stage 0.0 (TID 22)) 5.561ms
[94.762s][info][gc          ] Allocation Stall (Executor task launch worker for task 21.0 in stage 0.0 (TID 21)) 5.567ms
[94.762s][info][gc          ] Allocation Stall (Executor task launch worker for task 27.0 in stage 0.0 (TID 27)) 5.603ms
[94.762s][info][gc          ] Allocation Stall (Executor task launch worker for task 31.0 in stage 0.0 (TID 31)) 5.632ms
[94.762s][info][gc          ] Allocation Stall (Executor task launch worker for task 44.0 in stage 0.0 (TID 44)) 5.653ms
[94.822s][info][gc          ] Allocation Stall (Executor task launch worker for task 8.0 in stage 0.0 (TID 8)) 0.121ms
[94.822s][info][gc          ] Allocation Stall (Executor task launch worker for task 28.0 in stage 0.0 (TID 28)) 0.121ms
[94.822s][info][gc          ] Allocation Stall (Executor task launch worker for task 33.0 in stage 0.0 (TID 33)) 0.121ms
[94.822s][info][gc          ] Allocation Stall (Executor task launch worker for task 11.0 in stage 0.0 (TID 11)) 0.189ms
[94.822s][info][gc          ] Allocation Stall (Executor task launch worker for task 21.0 in stage 0.0 (TID 21)) 0.221ms
[94.822s][info][gc          ] Allocation Stall (Executor task launch worker for task 31.0 in stage 0.0 (TID 31)) 0.251ms
[94.822s][info][gc          ] Allocation Stall (Executor task launch worker for task 46.0 in stage 0.0 (TID 46)) 0.289ms
[94.822s][info][gc          ] Allocation Stall (Executor task launch worker for task 47.0 in stage 0.0 (TID 47)) 0.317ms
[94.822s][info][gc          ] Allocation Stall (Executor task launch worker for task 23.0 in stage 0.0 (TID 23)) 0.377ms
[94.822s][info][gc          ] Allocation Stall (Executor task launch worker for task 32.0 in stage 0.0 (TID 32)) 0.428ms
[94.822s][info][gc          ] Allocation Stall (Executor task launch worker for task 5.0 in stage 0.0 (TID 5)) 0.483ms
[94.822s][info][gc          ] Allocation Stall (Executor task launch worker for task 43.0 in stage 0.0 (TID 43)) 0.525ms
[94.822s][info][gc          ] Allocation Stall (Executor task launch worker for task 10.0 in stage 0.0 (TID 10)) 0.558ms
[94.822s][info][gc          ] Allocation Stall (Executor task launch worker for task 13.0 in stage 0.0 (TID 13)) 0.592ms
[94.822s][info][gc          ] Allocation Stall (Executor task launch worker for task 4.0 in stage 0.0 (TID 4)) 0.629ms
[94.822s][info][gc          ] Allocation Stall (Executor task launch worker for task 9.0 in stage 0.0 (TID 9)) 0.667ms
[94.822s][info][gc          ] Allocation Stall (Executor task launch worker for task 44.0 in stage 0.0 (TID 44)) 0.701ms
[94.825s][info][gc          ] Allocation Stall (Executor task launch worker for task 41.0 in stage 0.0 (TID 41)) 3.124ms
[94.825s][info][gc          ] Allocation Stall (Executor task launch worker for task 14.0 in stage 0.0 (TID 14)) 3.171ms
[94.825s][info][gc          ] Allocation Stall (Executor task launch worker for task 16.0 in stage 0.0 (TID 16)) 3.210ms
[94.837s][info][gc          ] Allocation Stall (Executor task launch worker for task 9.0 in stage 0.0 (TID 9)) 5.931ms
[94.843s][info][gc          ] Allocation Stall (Executor task launch worker for task 17.0 in stage 0.0 (TID 17)) 0.013ms
[94.843s][info][gc          ] Allocation Stall (Executor task launch worker for task 21.0 in stage 0.0 (TID 21)) 12.890ms
[94.843s][info][gc          ] Allocation Stall (Executor task launch worker for task 6.0 in stage 0.0 (TID 6)) 0.034ms
[94.843s][info][gc          ] Allocation Stall (Executor task launch worker for task 8.0 in stage 0.0 (TID 8)) 12.896ms
[94.843s][info][gc          ] Allocation Stall (Executor task launch worker for task 25.0 in stage 0.0 (TID 25)) 0.030ms
[94.843s][info][gc          ] Allocation Stall (Executor task launch worker for task 10.0 in stage 0.0 (TID 10)) 12.649ms
[94.843s][info][gc          ] Allocation Stall (Executor task launch worker for task 23.0 in stage 0.0 (TID 23)) 12.088ms
[94.843s][info][gc          ] Allocation Stall (Executor task launch worker for task 32.0 in stage 0.0 (TID 32)) 0.030ms
[94.843s][info][gc          ] Allocation Stall (Executor task launch worker for task 5.0 in stage 0.0 (TID 5)) 11.953ms
[94.843s][info][gc          ] Allocation Stall (Executor task launch worker for task 43.0 in stage 0.0 (TID 43)) 11.943ms
[94.843s][info][gc          ] Allocation Stall (Executor task launch worker for task 4.0 in stage 0.0 (TID 4)) 11.459ms
[94.843s][info][gc          ] Allocation Stall (Executor task launch worker for task 7.0 in stage 0.0 (TID 7)) 0.022ms
[94.847s][info][gc          ] Allocation Stall (Executor task launch worker for task 1.0 in stage 0.0 (TID 1)) 4.066ms
[94.847s][info][gc          ] Allocation Stall (Executor task launch worker for task 35.0 in stage 0.0 (TID 35)) 4.071ms
[94.847s][info][gc          ] Allocation Stall (Executor task launch worker for task 18.0 in stage 0.0 (TID 18)) 4.068ms
[94.847s][info][gc,phases   ] GC(14) Concurrent Relocate 118.913ms
[94.847s][info][gc,load     ] GC(14) Load: 0.00/0.00/0.00
[94.847s][info][gc,mmu      ] GC(14) MMU: 2ms/94.2%, 5ms/97.7%, 10ms/98.8%, 20ms/99.3%, 50ms/99.7%, 100ms/99.9%
[94.847s][info][gc,marking  ] GC(14) Mark: 8 stripe(s), 2 proactive flush(es), 1 terminate flush(es), 0 completion(s), 0 continuation(s) 
[94.847s][info][gc,marking  ] GC(14) Mark Stack Usage: 32M
[94.847s][info][gc,nmethod  ] GC(14) NMethods: 752 registered, 9 unregistered
[94.847s][info][gc,metaspace] GC(14) Metaspace: 111M used, 124M committed, 1152M reserved
[94.847s][info][gc,ref      ] GC(14) Soft: 2784 encountered, 646 discovered, 0 enqueued
[94.847s][info][gc,ref      ] GC(14) Weak: 12863 encountered, 4188 discovered, 0 enqueued
[94.847s][info][gc,ref      ] GC(14) Final: 62 encountered, 3 discovered, 0 enqueued
[94.847s][info][gc,ref      ] GC(14) Phantom: 750 encountered, 708 discovered, 0 enqueued
[94.847s][info][gc,reloc    ] GC(14) Small Pages: 392 / 784M, Empty: 628M, Relocated: 8M, In-Place: 0
[94.847s][info][gc,reloc    ] GC(14) Medium Pages: 7 / 224M, Empty: 0M, Relocated: 18M, In-Place: 0
[94.847s][info][gc,reloc    ] GC(14) Large Pages: 0 / 0M, Empty: 0M, Relocated: 0M, In-Place: 0
[94.847s][info][gc,reloc    ] GC(14) Forwarding Usage: 1M
[94.847s][info][gc,heap     ] GC(14) Min Capacity: 8M(1%)
[94.847s][info][gc,heap     ] GC(14) Max Capacity: 1024M(100%)
[94.847s][info][gc,heap     ] GC(14) Soft Max Capacity: 1024M(100%)
[94.847s][info][gc,heap     ] GC(14)                Mark Start          Mark End        Relocate Start      Relocate End           High               Low         
[94.847s][info][gc,heap     ] GC(14)  Capacity:     1024M (100%)       1024M (100%)       1024M (100%)       1024M (100%)       1024M (100%)       1024M (100%)   
[94.847s][info][gc,heap     ] GC(14)      Free:        0M (0%)            0M (0%)          472M (46%)          20M (2%)          600M (59%)           0M (0%)     
[94.847s][info][gc,heap     ] GC(14)      Used:     1024M (100%)       1024M (100%)        552M (54%)        1004M (98%)        1024M (100%)        424M (41%)    
[94.847s][info][gc,heap     ] GC(14)      Live:         -               211M (21%)         211M (21%)         211M (21%)            -                  -          
[94.847s][info][gc,heap     ] GC(14) Allocated:         -                 0M (0%)          156M (15%)         704M (69%)            -                  -          
[94.847s][info][gc,heap     ] GC(14)   Garbage:         -               812M (79%)         184M (18%)          88M (9%)             -                  -          
[94.847s][info][gc,heap     ] GC(14) Reclaimed:         -                  -               628M (61%)         724M (71%)            -                  -          
[94.847s][info][gc          ] GC(14) Garbage Collection (Allocation Stall) 1024M(100%)->1004M(98%)
[94.848s][info][gc          ] Allocation Stall (Executor task launch worker for task 46.0 in stage 0.0 (TID 46)) 5.229ms
[94.848s][info][gc          ] Allocation Stall (Executor task launch worker for task 11.0 in stage 0.0 (TID 11)) 5.320ms
[94.876s][info][gc,start    ] GC(15) Garbage Collection (Allocation Stall)
[94.876s][info][gc,ref      ] GC(15) Clearing All SoftReferences
[94.876s][info][gc,task     ] GC(15) Using 10 workers
[94.877s][info][gc,ref      ] GC(15) Clearing All SoftReferences
[94.877s][info][gc,phases   ] GC(15) Pause Mark Start 0.041ms
[94.877s][info][gc          ] Allocation Stall (Executor task launch worker for task 8.0 in stage 0.0 (TID 8)) 0.744ms
[94.877s][info][gc          ] Allocation Stall (Executor task launch worker for task 3.0 in stage 0.0 (TID 3)) 0.758ms
[94.877s][info][gc          ] Allocation Stall (Executor task launch worker for task 19.0 in stage 0.0 (TID 19)) 0.752ms
[94.877s][info][gc          ] Allocation Stall (Executor task launch worker for task 30.0 in stage 0.0 (TID 30)) 0.099ms
[94.914s][info][gc,phases   ] GC(15) Concurrent Mark 36.548ms
[94.914s][info][gc,phases   ] GC(15) Pause Mark End 0.017ms
[94.914s][info][gc,phases   ] GC(15) Concurrent Mark Free 0.001ms
[94.914s][info][gc,phases   ] GC(15) Concurrent Process Non-Strong References 0.742ms
[94.915s][info][gc,phases   ] GC(15) Concurrent Reset Relocation Set 0.006ms
[94.915s][info][gc          ] Allocation Stall (Executor task launch worker for task 30.0 in stage 0.0 (TID 30)) 32.740ms
[94.915s][info][gc          ] Allocation Stall (Executor task launch worker for task 28.0 in stage 0.0 (TID 28)) 33.089ms
[94.915s][info][gc          ] Allocation Stall (Executor task launch worker for task 26.0 in stage 0.0 (TID 26)) 32.802ms
[94.915s][info][gc          ] Allocation Stall (Executor task launch worker for task 15.0 in stage 0.0 (TID 15)) 32.841ms
[94.915s][info][gc          ] Allocation Stall (Executor task launch worker for task 40.0 in stage 0.0 (TID 40)) 37.802ms
[94.915s][info][gc          ] Allocation Stall (Executor task launch worker for task 46.0 in stage 0.0 (TID 46)) 32.976ms
[94.915s][info][gc          ] Allocation Stall (Executor task launch worker for task 8.0 in stage 0.0 (TID 8)) 33.382ms
[94.915s][info][gc          ] Allocation Stall (Executor task launch worker for task 32.0 in stage 0.0 (TID 32)) 32.574ms
[94.915s][info][gc          ] Allocation Stall (Executor task launch worker for task 4.0 in stage 0.0 (TID 4)) 32.845ms
[94.915s][info][gc          ] Allocation Stall (Executor task launch worker for task 38.0 in stage 0.0 (TID 38)) 32.884ms
[94.915s][info][gc          ] Allocation Stall (Executor task launch worker for task 2.0 in stage 0.0 (TID 2)) 33.518ms
[94.915s][info][gc          ] Allocation Stall (Executor task launch worker for task 16.0 in stage 0.0 (TID 16)) 32.656ms
[94.915s][info][gc          ] Allocation Stall (Executor task launch worker for task 27.0 in stage 0.0 (TID 27)) 33.043ms
[94.915s][info][gc          ] Allocation Stall (Executor task launch worker for task 19.0 in stage 0.0 (TID 19)) 33.346ms
[94.915s][info][gc          ] Allocation Stall (Executor task launch worker for task 37.0 in stage 0.0 (TID 37)) 32.860ms
[94.915s][info][gc          ] Allocation Stall (Executor task launch worker for task 33.0 in stage 0.0 (TID 33)) 33.162ms
[94.915s][info][gc          ] Allocation Stall (Executor task launch worker for task 25.0 in stage 0.0 (TID 25)) 37.779ms
[94.915s][info][gc          ] Allocation Stall (Executor task launch worker for task 42.0 in stage 0.0 (TID 42)) 37.729ms
[94.915s][info][gc          ] Allocation Stall (Executor task launch worker for task 21.0 in stage 0.0 (TID 21)) 37.815ms
[94.915s][info][gc          ] Allocation Stall (Executor task launch worker for task 34.0 in stage 0.0 (TID 34)) 33.144ms
[94.915s][info][gc          ] Allocation Stall (Executor task launch worker for task 41.0 in stage 0.0 (TID 41)) 32.952ms
[94.915s][info][gc          ] Allocation Stall (Executor task launch worker for task 20.0 in stage 0.0 (TID 20)) 32.850ms
[94.915s][info][gc          ] Allocation Stall (Executor task launch worker for task 36.0 in stage 0.0 (TID 36)) 37.815ms
[94.915s][info][gc          ] Allocation Stall (Executor task launch worker for task 18.0 in stage 0.0 (TID 18)) 32.842ms
[94.915s][info][gc          ] Allocation Stall (Executor task launch worker for task 35.0 in stage 0.0 (TID 35)) 33.330ms
[94.915s][info][gc          ] Allocation Stall (Executor task launch worker for task 6.0 in stage 0.0 (TID 6)) 33.490ms
[94.915s][info][gc          ] Allocation Stall (Executor task launch worker for task 29.0 in stage 0.0 (TID 29)) 32.641ms
[94.915s][info][gc          ] Allocation Stall (Executor task launch worker for task 22.0 in stage 0.0 (TID 22)) 37.771ms
[94.915s][info][gc          ] Allocation Stall (Executor task launch worker for task 17.0 in stage 0.0 (TID 17)) 37.839ms
[94.915s][info][gc          ] Allocation Stall (Executor task launch worker for task 7.0 in stage 0.0 (TID 7)) 37.777ms
[94.915s][info][gc          ] Allocation Stall (Executor task launch worker for task 31.0 in stage 0.0 (TID 31)) 37.828ms
[94.915s][info][gc          ] Allocation Stall (Executor task launch worker for task 10.0 in stage 0.0 (TID 10)) 33.066ms
[94.915s][info][gc          ] Allocation Stall (Executor task launch worker for task 44.0 in stage 0.0 (TID 44)) 33.452ms
[94.915s][info][gc          ] Allocation Stall (Executor task launch worker for task 3.0 in stage 0.0 (TID 3)) 32.923ms
[94.915s][info][gc          ] Allocation Stall (Executor task launch worker for task 43.0 in stage 0.0 (TID 43)) 37.798ms
[94.915s][info][gc          ] Allocation Stall (Executor task launch worker for task 14.0 in stage 0.0 (TID 14)) 37.826ms
[94.915s][info][gc          ] Allocation Stall (Executor task launch worker for task 39.0 in stage 0.0 (TID 39)) 37.895ms
[94.915s][info][gc          ] Allocation Stall (Executor task launch worker for task 9.0 in stage 0.0 (TID 9)) 37.874ms
[94.915s][info][gc          ] Allocation Stall (Executor task launch worker for task 47.0 in stage 0.0 (TID 47)) 37.909ms
[94.915s][info][gc          ] Allocation Stall (Executor task launch worker for task 0.0 in stage 0.0 (TID 0)) 37.873ms
[94.915s][info][gc          ] Allocation Stall (Executor task launch worker for task 23.0 in stage 0.0 (TID 23)) 37.914ms
[94.915s][info][gc          ] Allocation Stall (Executor task launch worker for task 5.0 in stage 0.0 (TID 5)) 37.863ms
[94.915s][info][gc          ] Allocation Stall (Executor task launch worker for task 1.0 in stage 0.0 (TID 1)) 37.878ms
[94.915s][info][gc          ] Allocation Stall (Executor task launch worker for task 12.0 in stage 0.0 (TID 12)) 37.922ms
[94.915s][info][gc          ] Allocation Stall (Executor task launch worker for task 13.0 in stage 0.0 (TID 13)) 33.014ms
[94.915s][info][gc          ] Allocation Stall (Executor task launch worker for task 11.0 in stage 0.0 (TID 11)) 37.789ms
[94.915s][info][gc          ] Allocation Stall (Executor task launch worker for task 24.0 in stage 0.0 (TID 24)) 32.900ms
[94.915s][info][gc          ] Allocation Stall (Executor task launch worker for task 45.0 in stage 0.0 (TID 45)) 33.498ms
[94.932s][info][gc,phases   ] GC(15) Concurrent Select Relocation Set 17.234ms
[94.932s][info][gc,phases   ] GC(15) Pause Relocate Start 0.006ms
[94.967s][info][gc          ] Allocation Stall (Executor task launch worker for task 31.0 in stage 0.0 (TID 31)) 0.939ms
[94.967s][info][gc          ] Allocation Stall (Executor task launch worker for task 45.0 in stage 0.0 (TID 45)) 0.923ms
[94.967s][info][gc          ] Allocation Stall (Executor task launch worker for task 11.0 in stage 0.0 (TID 11)) 0.948ms
[94.967s][info][gc          ] Allocation Stall (Executor task launch worker for task 44.0 in stage 0.0 (TID 44)) 0.948ms
[94.967s][info][gc          ] Allocation Stall (Executor task launch worker for task 28.0 in stage 0.0 (TID 28)) 0.852ms
[94.967s][info][gc          ] Allocation Stall (Executor task launch worker for task 38.0 in stage 0.0 (TID 38)) 0.928ms
[94.967s][info][gc          ] Allocation Stall (Executor task launch worker for task 1.0 in stage 0.0 (TID 1)) 0.987ms
[94.967s][info][gc          ] Allocation Stall (Executor task launch worker for task 33.0 in stage 0.0 (TID 33)) 1.165ms
[94.967s][info][gc          ] Allocation Stall (Executor task launch worker for task 29.0 in stage 0.0 (TID 29)) 0.899ms
[94.967s][info][gc          ] Allocation Stall (Executor task launch worker for task 46.0 in stage 0.0 (TID 46)) 1.164ms
[94.967s][info][gc          ] Allocation Stall (Executor task launch worker for task 23.0 in stage 0.0 (TID 23)) 0.900ms
[94.967s][info][gc          ] Allocation Stall (Executor task launch worker for task 20.0 in stage 0.0 (TID 20)) 0.975ms
[94.967s][info][gc          ] Allocation Stall (Executor task launch worker for task 2.0 in stage 0.0 (TID 2)) 1.169ms
[94.967s][info][gc          ] Allocation Stall (Executor task launch worker for task 13.0 in stage 0.0 (TID 13)) 1.067ms
[94.967s][info][gc          ] Allocation Stall (Executor task launch worker for task 39.0 in stage 0.0 (TID 39)) 1.038ms
[94.967s][info][gc          ] Allocation Stall (Executor task launch worker for task 0.0 in stage 0.0 (TID 0)) 1.032ms
[94.968s][info][gc          ] Allocation Stall (Executor task launch worker for task 37.0 in stage 0.0 (TID 37)) 0.912ms
[94.968s][info][gc          ] Allocation Stall (Executor task launch worker for task 9.0 in stage 0.0 (TID 9)) 0.900ms
[94.968s][info][gc          ] Allocation Stall (Executor task launch worker for task 15.0 in stage 0.0 (TID 15)) 0.875ms
[94.968s][info][gc          ] Allocation Stall (Executor task launch worker for task 25.0 in stage 0.0 (TID 25)) 0.839ms
[94.968s][info][gc          ] Allocation Stall (Executor task launch worker for task 5.0 in stage 0.0 (TID 5)) 0.913ms
[94.968s][info][gc          ] Allocation Stall (Executor task launch worker for task 42.0 in stage 0.0 (TID 42)) 0.902ms
[94.968s][info][gc          ] Allocation Stall (Executor task launch worker for task 7.0 in stage 0.0 (TID 7)) 0.853ms
[94.968s][info][gc          ] Allocation Stall (Executor task launch worker for task 14.0 in stage 0.0 (TID 14)) 0.932ms
[94.968s][info][gc          ] Allocation Stall (Executor task launch worker for task 36.0 in stage 0.0 (TID 36)) 0.867ms
[94.968s][info][gc          ] Allocation Stall (Executor task launch worker for task 4.0 in stage 0.0 (TID 4)) 0.903ms
[94.968s][info][gc          ] Allocation Stall (Executor task launch worker for task 24.0 in stage 0.0 (TID 24)) 0.939ms
[94.968s][info][gc          ] Allocation Stall (Executor task launch worker for task 40.0 in stage 0.0 (TID 40)) 0.906ms
[94.968s][info][gc          ] Allocation Stall (Executor task launch worker for task 34.0 in stage 0.0 (TID 34)) 0.890ms
[94.968s][info][gc          ] Allocation Stall (Executor task launch worker for task 35.0 in stage 0.0 (TID 35)) 0.945ms
[94.968s][info][gc          ] Allocation Stall (Executor task launch worker for task 41.0 in stage 0.0 (TID 41)) 0.957ms
[95.061s][info][gc          ] Allocation Stall (Executor task launch worker for task 9.0 in stage 0.0 (TID 9)) 2.524ms
[95.062s][info][gc          ] Allocation Stall (Executor task launch worker for task 31.0 in stage 0.0 (TID 31)) 2.595ms
[95.062s][info][gc          ] Allocation Stall (Executor task launch worker for task 20.0 in stage 0.0 (TID 20)) 3.009ms
[95.062s][info][gc          ] Allocation Stall (Executor task launch worker for task 0.0 in stage 0.0 (TID 0)) 3.036ms
[95.062s][info][gc          ] Allocation Stall (Executor task launch worker for task 46.0 in stage 0.0 (TID 46)) 3.024ms
[95.062s][info][gc          ] Allocation Stall (Executor task launch worker for task 35.0 in stage 0.0 (TID 35)) 2.922ms
[95.062s][info][gc          ] Allocation Stall (Executor task launch worker for task 24.0 in stage 0.0 (TID 24)) 2.848ms
[95.064s][info][gc          ] Allocation Stall (Executor task launch worker for task 43.0 in stage 0.0 (TID 43)) 3.679ms
[95.064s][info][gc          ] Allocation Stall (Executor task launch worker for task 44.0 in stage 0.0 (TID 44)) 3.572ms
[95.064s][info][gc          ] Allocation Stall (Executor task launch worker for task 16.0 in stage 0.0 (TID 16)) 1.353ms
[95.095s][info][gc,phases   ] GC(15) Concurrent Relocate 160.022ms
[95.095s][info][gc,load     ] GC(15) Load: 0.00/0.00/0.00
[95.095s][info][gc,mmu      ] GC(15) MMU: 2ms/94.2%, 5ms/97.7%, 10ms/98.8%, 20ms/99.3%, 50ms/99.7%, 100ms/99.9%
[95.095s][info][gc,marking  ] GC(15) Mark: 8 stripe(s), 2 proactive flush(es), 1 terminate flush(es), 0 completion(s), 0 continuation(s) 
[95.095s][info][gc,marking  ] GC(15) Mark Stack Usage: 32M
[95.095s][info][gc,nmethod  ] GC(15) NMethods: 754 registered, 9 unregistered
[95.095s][info][gc,metaspace] GC(15) Metaspace: 111M used, 124M committed, 1152M reserved
[95.095s][info][gc,ref      ] GC(15) Soft: 2784 encountered, 2344 discovered, 0 enqueued
[95.095s][info][gc,ref      ] GC(15) Weak: 12863 encountered, 3652 discovered, 0 enqueued
[95.095s][info][gc,ref      ] GC(15) Final: 62 encountered, 3 discovered, 0 enqueued
[95.095s][info][gc,ref      ] GC(15) Phantom: 750 encountered, 441 discovered, 0 enqueued
[95.095s][info][gc,reloc    ] GC(15) Small Pages: 396 / 792M, Empty: 658M, Relocated: 10M, In-Place: 0
[95.095s][info][gc,reloc    ] GC(15) Medium Pages: 7 / 224M, Empty: 0M, Relocated: 18M, In-Place: 0
[95.095s][info][gc,reloc    ] GC(15) Large Pages: 0 / 0M, Empty: 0M, Relocated: 0M, In-Place: 0
[95.095s][info][gc,reloc    ] GC(15) Forwarding Usage: 1M
[95.095s][info][gc,heap     ] GC(15) Min Capacity: 8M(1%)
[95.095s][info][gc,heap     ] GC(15) Max Capacity: 1024M(100%)
[95.095s][info][gc,heap     ] GC(15) Soft Max Capacity: 1024M(100%)
[95.095s][info][gc,heap     ] GC(15)                Mark Start          Mark End        Relocate Start      Relocate End           High               Low         
[95.095s][info][gc,heap     ] GC(15)  Capacity:     1024M (100%)       1024M (100%)       1024M (100%)       1024M (100%)       1024M (100%)       1024M (100%)   
[95.095s][info][gc,heap     ] GC(15)      Free:        2M (0%)            0M (0%)          588M (57%)          34M (3%)          632M (62%)           0M (0%)     
[95.095s][info][gc,heap     ] GC(15)      Used:     1022M (100%)       1024M (100%)        436M (43%)         990M (97%)        1024M (100%)        392M (38%)    
[95.096s][info][gc,heap     ] GC(15)      Live:         -               211M (21%)         211M (21%)         211M (21%)            -                  -          
[95.096s][info][gc,heap     ] GC(15) Allocated:         -                 2M (0%)           72M (7%)          701M (68%)            -                  -          
[95.096s][info][gc,heap     ] GC(15)   Garbage:         -               810M (79%)         152M (15%)          77M (8%)             -                  -          
[95.096s][info][gc,heap     ] GC(15) Reclaimed:         -                  -               658M (64%)         733M (72%)            -                  -          
[95.096s][info][gc          ] GC(15) Garbage Collection (Allocation Stall) 1022M(100%)->990M(97%)
[95.110s][info][gc,start    ] GC(16) Garbage Collection (Allocation Stall)
[95.110s][info][gc,ref      ] GC(16) Clearing All SoftReferences
[95.110s][info][gc,task     ] GC(16) Using 10 workers
[95.110s][info][gc          ] Allocation Stall (Executor task launch worker for task 29.0 in stage 0.0 (TID 29)) 0.106ms
[95.110s][info][gc          ] Allocation Stall (Executor task launch worker for task 17.0 in stage 0.0 (TID 17)) 0.106ms
[95.110s][info][gc          ] Allocation Stall (Executor task launch worker for task 41.0 in stage 0.0 (TID 41)) 0.105ms
[95.117s][info][gc,ref      ] GC(16) Clearing All SoftReferences
[95.117s][info][gc,phases   ] GC(16) Pause Mark Start 0.044ms
[95.117s][info][gc          ] Allocation Stall (Executor task launch worker for task 0.0 in stage 0.0 (TID 0)) 7.016ms
[95.117s][info][gc          ] Allocation Stall (Executor task launch worker for task 38.0 in stage 0.0 (TID 38)) 7.006ms
[95.117s][info][gc          ] Allocation Stall (Executor task launch worker for task 31.0 in stage 0.0 (TID 31)) 7.019ms
[95.117s][info][gc          ] Allocation Stall (Executor task launch worker for task 2.0 in stage 0.0 (TID 2)) 7.016ms
[95.117s][info][gc          ] Allocation Stall (Executor task launch worker for task 45.0 in stage 0.0 (TID 45)) 7.007ms
[95.117s][info][gc          ] Allocation Stall (Executor task launch worker for task 12.0 in stage 0.0 (TID 12)) 7.003ms
[95.117s][info][gc          ] Allocation Stall (Executor task launch worker for task 7.0 in stage 0.0 (TID 7)) 7.187ms
[95.117s][info][gc          ] Allocation Stall (Executor task launch worker for task 21.0 in stage 0.0 (TID 21)) 7.210ms
[95.117s][info][gc          ] Allocation Stall (Executor task launch worker for task 34.0 in stage 0.0 (TID 34)) 7.247ms
[95.117s][info][gc          ] Allocation Stall (Executor task launch worker for task 20.0 in stage 0.0 (TID 20)) 7.276ms
[95.117s][info][gc          ] Allocation Stall (Executor task launch worker for task 19.0 in stage 0.0 (TID 19)) 7.325ms
[95.117s][info][gc          ] Allocation Stall (Executor task launch worker for task 13.0 in stage 0.0 (TID 13)) 7.380ms
[95.117s][info][gc          ] Allocation Stall (Executor task launch worker for task 26.0 in stage 0.0 (TID 26)) 7.421ms
[95.117s][info][gc          ] Allocation Stall (Executor task launch worker for task 43.0 in stage 0.0 (TID 43)) 0.516ms
[95.117s][info][gc          ] Allocation Stall (Executor task launch worker for task 11.0 in stage 0.0 (TID 11)) 0.554ms
[95.117s][info][gc          ] Allocation Stall (Executor task launch worker for task 27.0 in stage 0.0 (TID 27)) 0.597ms
[95.117s][info][gc          ] Allocation Stall (Executor task launch worker for task 14.0 in stage 0.0 (TID 14)) 0.641ms
[95.118s][info][gc          ] Allocation Stall (Executor task launch worker for task 17.0 in stage 0.0 (TID 17)) 0.680ms
[95.118s][info][gc          ] Allocation Stall (Executor task launch worker for task 25.0 in stage 0.0 (TID 25)) 0.728ms
[95.118s][info][gc          ] Allocation Stall (Executor task launch worker for task 41.0 in stage 0.0 (TID 41)) 0.757ms
[95.118s][info][gc          ] Allocation Stall (Executor task launch worker for task 39.0 in stage 0.0 (TID 39)) 0.811ms
[95.118s][info][gc          ] Allocation Stall (Executor task launch worker for task 42.0 in stage 0.0 (TID 42)) 0.885ms
[95.118s][info][gc          ] Allocation Stall (Executor task launch worker for task 8.0 in stage 0.0 (TID 8)) 0.924ms
[95.118s][info][gc          ] Allocation Stall (Executor task launch worker for task 32.0 in stage 0.0 (TID 32)) 0.974ms
[95.148s][info][gc,phases   ] GC(16) Concurrent Mark 31.033ms
[95.148s][info][gc,phases   ] GC(16) Pause Mark End 0.015ms
[95.148s][info][gc,phases   ] GC(16) Concurrent Mark Free 0.001ms
[95.149s][info][gc,phases   ] GC(16) Concurrent Process Non-Strong References 0.742ms
[95.149s][info][gc,phases   ] GC(16) Concurrent Reset Relocation Set 0.007ms
[95.149s][info][gc          ] Allocation Stall (Executor task launch worker for task 35.0 in stage 0.0 (TID 35)) 22.572ms
[95.149s][info][gc          ] Allocation Stall (Executor task launch worker for task 44.0 in stage 0.0 (TID 44)) 22.348ms
[95.149s][info][gc          ] Allocation Stall (Executor task launch worker for task 14.0 in stage 0.0 (TID 14)) 22.729ms
[95.149s][info][gc          ] Allocation Stall (Executor task launch worker for task 17.0 in stage 0.0 (TID 17)) 22.977ms
[95.149s][info][gc          ] Allocation Stall (Executor task launch worker for task 34.0 in stage 0.0 (TID 34)) 22.291ms
[95.149s][info][gc          ] Allocation Stall (Executor task launch worker for task 32.0 in stage 0.0 (TID 32)) 22.489ms
[95.149s][info][gc          ] Allocation Stall (Executor task launch worker for task 10.0 in stage 0.0 (TID 10)) 23.066ms
[95.149s][info][gc          ] Allocation Stall (Executor task launch worker for task 19.0 in stage 0.0 (TID 19)) 22.380ms
[95.149s][info][gc          ] Allocation Stall (Executor task launch worker for task 41.0 in stage 0.0 (TID 41)) 22.951ms
[95.149s][info][gc          ] Allocation Stall (Executor task launch worker for task 0.0 in stage 0.0 (TID 0)) 23.149ms
[95.149s][info][gc          ] Allocation Stall (Executor task launch worker for task 43.0 in stage 0.0 (TID 43)) 22.243ms
[95.149s][info][gc          ] Allocation Stall (Executor task launch worker for task 8.0 in stage 0.0 (TID 8)) 22.719ms
[95.149s][info][gc          ] Allocation Stall (Executor task launch worker for task 37.0 in stage 0.0 (TID 37)) 22.683ms
[95.149s][info][gc          ] Allocation Stall (Executor task launch worker for task 47.0 in stage 0.0 (TID 47)) 22.979ms
[95.149s][info][gc          ] Allocation Stall (Executor task launch worker for task 5.0 in stage 0.0 (TID 5)) 22.549ms
[95.149s][info][gc          ] Allocation Stall (Executor task launch worker for task 42.0 in stage 0.0 (TID 42)) 23.219ms
[95.149s][info][gc          ] Allocation Stall (Executor task launch worker for task 38.0 in stage 0.0 (TID 38)) 22.528ms
[95.149s][info][gc          ] Allocation Stall (Executor task launch worker for task 13.0 in stage 0.0 (TID 13)) 22.411ms
[95.149s][info][gc          ] Allocation Stall (Executor task launch worker for task 3.0 in stage 0.0 (TID 3)) 22.644ms
[95.149s][info][gc          ] Allocation Stall (Executor task launch worker for task 26.0 in stage 0.0 (TID 26)) 22.783ms
[95.149s][info][gc          ] Allocation Stall (Executor task launch worker for task 25.0 in stage 0.0 (TID 25)) 23.346ms
[95.149s][info][gc          ] Allocation Stall (Executor task launch worker for task 15.0 in stage 0.0 (TID 15)) 32.152ms
[95.149s][info][gc          ] Allocation Stall (Executor task launch worker for task 40.0 in stage 0.0 (TID 40)) 22.514ms
[95.149s][info][gc          ] Allocation Stall (Executor task launch worker for task 16.0 in stage 0.0 (TID 16)) 32.147ms
[95.149s][info][gc          ] Allocation Stall (Executor task launch worker for task 11.0 in stage 0.0 (TID 11)) 22.393ms
[95.149s][info][gc          ] Allocation Stall (Executor task launch worker for task 23.0 in stage 0.0 (TID 23)) 15.399ms
[95.149s][info][gc          ] Allocation Stall (Executor task launch worker for task 18.0 in stage 0.0 (TID 18)) 23.410ms
[95.149s][info][gc          ] Allocation Stall (Executor task launch worker for task 22.0 in stage 0.0 (TID 22)) 23.953ms
[95.149s][info][gc          ] Allocation Stall (Executor task launch worker for task 2.0 in stage 0.0 (TID 2)) 23.728ms
[95.149s][info][gc          ] Allocation Stall (Executor task launch worker for task 39.0 in stage 0.0 (TID 39)) 23.357ms
[95.149s][info][gc          ] Allocation Stall (Executor task launch worker for task 27.0 in stage 0.0 (TID 27)) 23.394ms
[95.149s][info][gc          ] Allocation Stall (Executor task launch worker for task 36.0 in stage 0.0 (TID 36)) 24.658ms
[95.149s][info][gc          ] Allocation Stall (Executor task launch worker for task 45.0 in stage 0.0 (TID 45)) 23.486ms
[95.149s][info][gc          ] Allocation Stall (Executor task launch worker for task 12.0 in stage 0.0 (TID 12)) 23.472ms
[95.149s][info][gc          ] Allocation Stall (Executor task launch worker for task 7.0 in stage 0.0 (TID 7)) 25.784ms
[95.149s][info][gc          ] Allocation Stall (Executor task launch worker for task 9.0 in stage 0.0 (TID 9)) 24.110ms
[95.149s][info][gc          ] Allocation Stall (Executor task launch worker for task 29.0 in stage 0.0 (TID 29)) 24.017ms
[95.149s][info][gc          ] Allocation Stall (Executor task launch worker for task 24.0 in stage 0.0 (TID 24)) 24.419ms
[95.149s][info][gc          ] Allocation Stall (Executor task launch worker for task 1.0 in stage 0.0 (TID 1)) 23.774ms
[95.149s][info][gc          ] Allocation Stall (Executor task launch worker for task 46.0 in stage 0.0 (TID 46)) 24.194ms
[95.149s][info][gc          ] Allocation Stall (Executor task launch worker for task 6.0 in stage 0.0 (TID 6)) 25.713ms
[95.149s][info][gc          ] Allocation Stall (Executor task launch worker for task 4.0 in stage 0.0 (TID 4)) 25.322ms
[95.149s][info][gc          ] Allocation Stall (Executor task launch worker for task 20.0 in stage 0.0 (TID 20)) 25.441ms
[95.149s][info][gc          ] Allocation Stall (Executor task launch worker for task 33.0 in stage 0.0 (TID 33)) 32.185ms
[95.149s][info][gc          ] Allocation Stall (Executor task launch worker for task 21.0 in stage 0.0 (TID 21)) 23.875ms
[95.149s][info][gc          ] Allocation Stall (Executor task launch worker for task 30.0 in stage 0.0 (TID 30)) 25.006ms
[95.149s][info][gc          ] Allocation Stall (Executor task launch worker for task 28.0 in stage 0.0 (TID 28)) 24.881ms
[95.149s][info][gc          ] Allocation Stall (Executor task launch worker for task 31.0 in stage 0.0 (TID 31)) 25.159ms
[95.155s][info][gc,phases   ] GC(16) Concurrent Select Relocation Set 6.284ms
[95.155s][info][gc,phases   ] GC(16) Pause Relocate Start 0.007ms
[95.204s][info][gc          ] Allocation Stall (Executor task launch worker for task 32.0 in stage 0.0 (TID 32)) 17.288ms
[95.204s][info][gc          ] Allocation Stall (Executor task launch worker for task 22.0 in stage 0.0 (TID 22)) 17.223ms
[95.204s][info][gc          ] Allocation Stall (Executor task launch worker for task 2.0 in stage 0.0 (TID 2)) 17.221ms
[95.204s][info][gc          ] Allocation Stall (Executor task launch worker for task 8.0 in stage 0.0 (TID 8)) 17.230ms
[95.204s][info][gc          ] Allocation Stall (Executor task launch worker for task 39.0 in stage 0.0 (TID 39)) 17.302ms
[95.204s][info][gc          ] Allocation Stall (Executor task launch worker for task 3.0 in stage 0.0 (TID 3)) 17.221ms
[95.204s][info][gc          ] Allocation Stall (Executor task launch worker for task 18.0 in stage 0.0 (TID 18)) 17.259ms
[95.204s][info][gc          ] Allocation Stall (Executor task launch worker for task 42.0 in stage 0.0 (TID 42)) 17.259ms
[95.204s][info][gc          ] Allocation Stall (Executor task launch worker for task 13.0 in stage 0.0 (TID 13)) 17.259ms
[95.204s][info][gc          ] Allocation Stall (Executor task launch worker for task 12.0 in stage 0.0 (TID 12)) 17.528ms
[95.204s][info][gc          ] Allocation Stall (Executor task launch worker for task 9.0 in stage 0.0 (TID 9)) 17.535ms
[95.204s][info][gc          ] Allocation Stall (Executor task launch worker for task 10.0 in stage 0.0 (TID 10)) 17.384ms
[95.204s][info][gc          ] Allocation Stall (Executor task launch worker for task 29.0 in stage 0.0 (TID 29)) 17.530ms
[95.204s][info][gc          ] Allocation Stall (Executor task launch worker for task 21.0 in stage 0.0 (TID 21)) 17.360ms
[95.204s][info][gc          ] Allocation Stall (Executor task launch worker for task 43.0 in stage 0.0 (TID 43)) 17.349ms
[95.204s][info][gc          ] Allocation Stall (Executor task launch worker for task 20.0 in stage 0.0 (TID 20)) 17.375ms
[95.210s][info][gc          ] Allocation Stall (Executor task launch worker for task 40.0 in stage 0.0 (TID 40)) 23.167ms
[95.213s][info][gc          ] Allocation Stall (Executor task launch worker for task 15.0 in stage 0.0 (TID 15)) 25.828ms
[95.213s][info][gc          ] Allocation Stall (Executor task launch worker for task 47.0 in stage 0.0 (TID 47)) 25.916ms
[95.213s][info][gc          ] Allocation Stall (Executor task launch worker for task 28.0 in stage 0.0 (TID 28)) 25.954ms
[95.213s][info][gc          ] Allocation Stall (Executor task launch worker for task 16.0 in stage 0.0 (TID 16)) 26.099ms
[95.213s][info][gc          ] Allocation Stall (Executor task launch worker for task 23.0 in stage 0.0 (TID 23)) 26.124ms
[95.213s][info][gc          ] Allocation Stall (Executor task launch worker for task 26.0 in stage 0.0 (TID 26)) 26.129ms
[95.213s][info][gc          ] Allocation Stall (Executor task launch worker for task 38.0 in stage 0.0 (TID 38)) 26.205ms
[95.213s][info][gc          ] Allocation Stall (Executor task launch worker for task 7.0 in stage 0.0 (TID 7)) 26.249ms
[95.213s][info][gc          ] Allocation Stall (Executor task launch worker for task 19.0 in stage 0.0 (TID 19)) 26.294ms
[95.213s][info][gc          ] Allocation Stall (Executor task launch worker for task 31.0 in stage 0.0 (TID 31)) 26.358ms
[95.213s][info][gc          ] Allocation Stall (Executor task launch worker for task 17.0 in stage 0.0 (TID 17)) 26.444ms
[95.213s][info][gc          ] Allocation Stall (Executor task launch worker for task 41.0 in stage 0.0 (TID 41)) 26.512ms
[95.213s][info][gc          ] Allocation Stall (Executor task launch worker for task 30.0 in stage 0.0 (TID 30)) 26.573ms
[95.213s][info][gc          ] Allocation Stall (Executor task launch worker for task 6.0 in stage 0.0 (TID 6)) 26.619ms
[95.214s][info][gc          ] Allocation Stall (Executor task launch worker for task 27.0 in stage 0.0 (TID 27)) 26.633ms
[95.264s][info][gc          ] Allocation Stall (Executor task launch worker for task 2.0 in stage 0.0 (TID 2)) 13.199ms
[95.264s][info][gc          ] Allocation Stall (Executor task launch worker for task 24.0 in stage 0.0 (TID 24)) 13.769ms
[95.264s][info][gc          ] Allocation Stall (Executor task launch worker for task 41.0 in stage 0.0 (TID 41)) 38.708ms
[95.264s][info][gc          ] Allocation Stall (Executor task launch worker for task 23.0 in stage 0.0 (TID 23)) 25.730ms
[95.264s][info][gc          ] Allocation Stall (Executor task launch worker for task 8.0 in stage 0.0 (TID 8)) 23.334ms
[95.264s][info][gc          ] Allocation Stall (Executor task launch worker for task 31.0 in stage 0.0 (TID 31)) 22.672ms
[95.264s][info][gc          ] Allocation Stall (Executor task launch worker for task 19.0 in stage 0.0 (TID 19)) 17.828ms
[95.264s][info][gc          ] Allocation Stall (Executor task launch worker for task 21.0 in stage 0.0 (TID 21)) 17.367ms
[95.265s][info][gc          ] Allocation Stall (Executor task launch worker for task 30.0 in stage 0.0 (TID 30)) 17.025ms
[95.265s][info][gc          ] Allocation Stall (Executor task launch worker for task 29.0 in stage 0.0 (TID 29)) 16.890ms
[95.265s][info][gc          ] Allocation Stall (Executor task launch worker for task 3.0 in stage 0.0 (TID 3)) 16.650ms
[95.265s][info][gc          ] Allocation Stall (Executor task launch worker for task 12.0 in stage 0.0 (TID 12)) 16.591ms
[95.265s][info][gc          ] Allocation Stall (Executor task launch worker for task 20.0 in stage 0.0 (TID 20)) 16.055ms
[95.268s][info][gc          ] Allocation Stall (Executor task launch worker for task 38.0 in stage 0.0 (TID 38)) 15.318ms
[95.268s][info][gc          ] Allocation Stall (Executor task launch worker for task 17.0 in stage 0.0 (TID 17)) 15.349ms
[95.268s][info][gc          ] Allocation Stall (Executor task launch worker for task 13.0 in stage 0.0 (TID 13)) 14.893ms
[95.268s][info][gc          ] Allocation Stall (Executor task launch worker for task 26.0 in stage 0.0 (TID 26)) 14.891ms
[95.268s][info][gc          ] Allocation Stall (Executor task launch worker for task 6.0 in stage 0.0 (TID 6)) 14.933ms
[95.268s][info][gc          ] Allocation Stall (Executor task launch worker for task 16.0 in stage 0.0 (TID 16)) 15.287ms
[95.268s][info][gc          ] Allocation Stall (Executor task launch worker for task 18.0 in stage 0.0 (TID 18)) 15.128ms
[95.268s][info][gc          ] Allocation Stall (Executor task launch worker for task 10.0 in stage 0.0 (TID 10)) 15.169ms
[95.269s][info][gc          ] Allocation Stall (Executor task launch worker for task 9.0 in stage 0.0 (TID 9)) 14.943ms
[95.269s][info][gc          ] Allocation Stall (Executor task launch worker for task 47.0 in stage 0.0 (TID 47)) 14.131ms
[95.269s][info][gc          ] Allocation Stall (Executor task launch worker for task 39.0 in stage 0.0 (TID 39)) 13.796ms
[95.269s][info][gc          ] Allocation Stall (Executor task launch worker for task 42.0 in stage 0.0 (TID 42)) 13.810ms
[95.269s][info][gc          ] Allocation Stall (Executor task launch worker for task 32.0 in stage 0.0 (TID 32)) 13.773ms
[95.269s][info][gc          ] Allocation Stall (Executor task launch worker for task 28.0 in stage 0.0 (TID 28)) 13.382ms
[95.269s][info][gc          ] Allocation Stall (Executor task launch worker for task 40.0 in stage 0.0 (TID 40)) 12.991ms
[95.269s][info][gc          ] Allocation Stall (Executor task launch worker for task 43.0 in stage 0.0 (TID 43)) 11.067ms
[95.269s][info][gc          ] Allocation Stall (Executor task launch worker for task 22.0 in stage 0.0 (TID 22)) 10.919ms
[95.269s][info][gc          ] Allocation Stall (Executor task launch worker for task 27.0 in stage 0.0 (TID 27)) 10.735ms
[95.269s][info][gc          ] Allocation Stall (Executor task launch worker for task 7.0 in stage 0.0 (TID 7)) 10.668ms
[95.270s][info][gc          ] Allocation Stall (Executor task launch worker for task 14.0 in stage 0.0 (TID 14)) 10.742ms
[95.270s][info][gc          ] Allocation Stall (Executor task launch worker for task 33.0 in stage 0.0 (TID 33)) 10.753ms
[95.270s][info][gc          ] Allocation Stall (Executor task launch worker for task 34.0 in stage 0.0 (TID 34)) 7.566ms
[95.270s][info][gc          ] Allocation Stall (Executor task launch worker for task 46.0 in stage 0.0 (TID 46)) 6.039ms
[95.270s][info][gc          ] Allocation Stall (Executor task launch worker for task 44.0 in stage 0.0 (TID 44)) 5.959ms
[95.289s][info][gc,phases   ] GC(16) Concurrent Relocate 129.903ms
[95.289s][info][gc          ] Allocation Stall (Executor task launch worker for task 6.0 in stage 0.0 (TID 6)) 2.389ms
[95.289s][info][gc,load     ] GC(16) Load: 0.00/0.00/0.00
[95.289s][info][gc,mmu      ] GC(16) MMU: 2ms/94.2%, 5ms/97.7%, 10ms/98.8%, 20ms/99.3%, 50ms/99.7%, 100ms/99.9%
[95.289s][info][gc,marking  ] GC(16) Mark: 8 stripe(s), 2 proactive flush(es), 1 terminate flush(es), 0 completion(s), 0 continuation(s) 
[95.289s][info][gc,marking  ] GC(16) Mark Stack Usage: 32M
[95.289s][info][gc,nmethod  ] GC(16) NMethods: 758 registered, 11 unregistered
[95.289s][info][gc,metaspace] GC(16) Metaspace: 111M used, 124M committed, 1152M reserved
[95.289s][info][gc,ref      ] GC(16) Soft: 2784 encountered, 1582 discovered, 0 enqueued
[95.289s][info][gc,ref      ] GC(16) Weak: 12863 encountered, 2855 discovered, 0 enqueued
[95.289s][info][gc,ref      ] GC(16) Final: 62 encountered, 5 discovered, 0 enqueued
[95.289s][info][gc,ref      ] GC(16) Phantom: 750 encountered, 523 discovered, 0 enqueued
[95.289s][info][gc,reloc    ] GC(16) Small Pages: 330 / 660M, Empty: 510M, Relocated: 5M, In-Place: 0
[95.289s][info][gc,reloc    ] GC(16) Medium Pages: 7 / 224M, Empty: 32M, Relocated: 27M, In-Place: 0
[95.289s][info][gc,reloc    ] GC(16) Large Pages: 16 / 128M, Empty: 0M, Relocated: 0M, In-Place: 0
[95.289s][info][gc,reloc    ] GC(16) Forwarding Usage: 0M
[95.289s][info][gc,heap     ] GC(16) Min Capacity: 8M(1%)
[95.289s][info][gc,heap     ] GC(16) Max Capacity: 1024M(100%)
[95.289s][info][gc,heap     ] GC(16) Soft Max Capacity: 1024M(100%)
[95.289s][info][gc,heap     ] GC(16)                Mark Start          Mark End        Relocate Start      Relocate End           High               Low         
[95.289s][info][gc,heap     ] GC(16)  Capacity:     1024M (100%)       1024M (100%)       1024M (100%)       1024M (100%)       1024M (100%)       1024M (100%)   
[95.289s][info][gc,heap     ] GC(16)      Free:        0M (0%)            0M (0%)          520M (51%)          30M (3%)          524M (51%)           0M (0%)     
[95.289s][info][gc,heap     ] GC(16)      Used:     1024M (100%)       1024M (100%)        504M (49%)         994M (97%)        1024M (100%)        500M (49%)    
[95.289s][info][gc,heap     ] GC(16)      Live:         -               302M (30%)         302M (30%)         302M (30%)            -                  -          
[95.289s][info][gc,heap     ] GC(16) Allocated:         -                 0M (0%)           22M (2%)          625M (61%)            -                  -          
[95.289s][info][gc,heap     ] GC(16)   Garbage:         -               721M (70%)         179M (18%)          65M (6%)             -                  -          
[95.289s][info][gc,heap     ] GC(16) Reclaimed:         -                  -               542M (53%)         655M (64%)            -                  -          
[95.289s][info][gc          ] GC(16) Garbage Collection (Allocation Stall) 1024M(100%)->994M(97%)
[95.304s][info][gc,start    ] GC(17) Garbage Collection (Allocation Stall)
[95.304s][info][gc,ref      ] GC(17) Clearing All SoftReferences
[95.304s][info][gc,task     ] GC(17) Using 10 workers
[95.320s][info][gc,ref      ] GC(17) Clearing All SoftReferences
[95.320s][info][gc,phases   ] GC(17) Pause Mark Start 0.048ms
[95.320s][info][gc          ] Allocation Stall (Executor task launch worker for task 21.0 in stage 0.0 (TID 21)) 15.606ms
[95.320s][info][gc          ] Allocation Stall (Executor task launch worker for task 46.0 in stage 0.0 (TID 46)) 15.603ms
[95.320s][info][gc          ] Allocation Stall (Executor task launch worker for task 22.0 in stage 0.0 (TID 22)) 15.595ms
[95.320s][info][gc          ] Allocation Stall (Executor task launch worker for task 6.0 in stage 0.0 (TID 6)) 15.610ms
[95.320s][info][gc          ] Allocation Stall (Executor task launch worker for task 20.0 in stage 0.0 (TID 20)) 15.614ms
[95.320s][info][gc          ] Allocation Stall (Executor task launch worker for task 2.0 in stage 0.0 (TID 2)) 15.589ms
[95.320s][info][gc          ] Allocation Stall (Executor task launch worker for task 41.0 in stage 0.0 (TID 41)) 15.743ms
[95.320s][info][gc          ] Allocation Stall (Executor task launch worker for task 28.0 in stage 0.0 (TID 28)) 15.789ms
[95.320s][info][gc          ] Allocation Stall (Executor task launch worker for task 23.0 in stage 0.0 (TID 23)) 15.808ms
[95.320s][info][gc          ] Allocation Stall (Executor task launch worker for task 12.0 in stage 0.0 (TID 12)) 15.848ms
[95.320s][info][gc          ] Allocation Stall (Executor task launch worker for task 17.0 in stage 0.0 (TID 17)) 15.948ms
[95.320s][info][gc          ] Allocation Stall (Executor task launch worker for task 35.0 in stage 0.0 (TID 35)) 15.985ms
[95.320s][info][gc          ] Allocation Stall (Executor task launch worker for task 3.0 in stage 0.0 (TID 3)) 16.032ms
[95.320s][info][gc          ] Allocation Stall (Executor task launch worker for task 9.0 in stage 0.0 (TID 9)) 16.057ms
[95.320s][info][gc          ] Allocation Stall (Executor task launch worker for task 43.0 in stage 0.0 (TID 43)) 16.155ms
[95.320s][info][gc          ] Allocation Stall (Executor task launch worker for task 0.0 in stage 0.0 (TID 0)) 16.201ms
[95.321s][info][gc          ] Allocation Stall (Executor task launch worker for task 39.0 in stage 0.0 (TID 39)) 16.243ms
[95.321s][info][gc          ] Allocation Stall (Executor task launch worker for task 32.0 in stage 0.0 (TID 32)) 16.274ms
[95.321s][info][gc          ] Allocation Stall (Executor task launch worker for task 31.0 in stage 0.0 (TID 31)) 0.750ms
[95.321s][info][gc          ] Allocation Stall (Executor task launch worker for task 14.0 in stage 0.0 (TID 14)) 0.809ms
[95.321s][info][gc          ] Allocation Stall (Executor task launch worker for task 10.0 in stage 0.0 (TID 10)) 0.833ms
[95.321s][info][gc          ] Allocation Stall (Executor task launch worker for task 33.0 in stage 0.0 (TID 33)) 0.919ms
[95.321s][info][gc          ] Allocation Stall (Executor task launch worker for task 8.0 in stage 0.0 (TID 8)) 0.976ms
[95.321s][info][gc          ] Allocation Stall (Executor task launch worker for task 34.0 in stage 0.0 (TID 34)) 1.037ms
[95.321s][info][gc          ] Allocation Stall (Executor task launch worker for task 27.0 in stage 0.0 (TID 27)) 1.101ms
[95.321s][info][gc          ] Allocation Stall (Executor task launch worker for task 38.0 in stage 0.0 (TID 38)) 1.149ms
[95.321s][info][gc          ] Allocation Stall (Executor task launch worker for task 42.0 in stage 0.0 (TID 42)) 1.194ms
[95.321s][info][gc          ] Allocation Stall (Executor task launch worker for task 19.0 in stage 0.0 (TID 19)) 1.197ms
[95.367s][info][gc,phases   ] GC(17) Concurrent Mark 46.702ms
[95.367s][info][gc,phases   ] GC(17) Pause Mark End 0.015ms
[95.367s][info][gc,phases   ] GC(17) Concurrent Mark Free 0.001ms
[95.367s][info][gc,phases   ] GC(17) Concurrent Process Non-Strong References 0.788ms
[95.368s][info][gc,phases   ] GC(17) Concurrent Reset Relocation Set 0.007ms
[95.368s][info][gc          ] Allocation Stall (Executor task launch worker for task 23.0 in stage 0.0 (TID 23)) 34.038ms
[95.368s][info][gc          ] Allocation Stall (Executor task launch worker for task 36.0 in stage 0.0 (TID 36)) 27.986ms
[95.368s][info][gc          ] Allocation Stall (Executor task launch worker for task 9.0 in stage 0.0 (TID 9)) 35.047ms
[95.368s][info][gc          ] Allocation Stall (Executor task launch worker for task 47.0 in stage 0.0 (TID 47)) 35.910ms
[95.368s][info][gc          ] Allocation Stall (Executor task launch worker for task 35.0 in stage 0.0 (TID 35)) 35.731ms
[95.368s][info][gc          ] Allocation Stall (Executor task launch worker for task 2.0 in stage 0.0 (TID 2)) 35.854ms
[95.368s][info][gc          ] Allocation Stall (Executor task launch worker for task 28.0 in stage 0.0 (TID 28)) 35.938ms
[95.368s][info][gc          ] Allocation Stall (Executor task launch worker for task 5.0 in stage 0.0 (TID 5)) 35.356ms
[95.368s][info][gc          ] Allocation Stall (Executor task launch worker for task 38.0 in stage 0.0 (TID 38)) 35.916ms
[95.368s][info][gc          ] Allocation Stall (Executor task launch worker for task 39.0 in stage 0.0 (TID 39)) 35.100ms
[95.368s][info][gc          ] Allocation Stall (Executor task launch worker for task 3.0 in stage 0.0 (TID 3)) 35.058ms
[95.368s][info][gc          ] Allocation Stall (Executor task launch worker for task 46.0 in stage 0.0 (TID 46)) 35.933ms
[95.368s][info][gc          ] Allocation Stall (Executor task launch worker for task 0.0 in stage 0.0 (TID 0)) 34.898ms
[95.368s][info][gc          ] Allocation Stall (Executor task launch worker for task 31.0 in stage 0.0 (TID 31)) 35.645ms
[95.368s][info][gc          ] Allocation Stall (Executor task launch worker for task 43.0 in stage 0.0 (TID 43)) 35.288ms
[95.368s][info][gc          ] Allocation Stall (Executor task launch worker for task 45.0 in stage 0.0 (TID 45)) 31.401ms
[95.368s][info][gc          ] Allocation Stall (Executor task launch worker for task 15.0 in stage 0.0 (TID 15)) 28.414ms
[95.368s][info][gc          ] Allocation Stall (Executor task launch worker for task 10.0 in stage 0.0 (TID 10)) 37.808ms
[95.368s][info][gc          ] Allocation Stall (Executor task launch worker for task 41.0 in stage 0.0 (TID 41)) 35.437ms
[95.368s][info][gc          ] Allocation Stall (Executor task launch worker for task 19.0 in stage 0.0 (TID 19)) 33.823ms
[95.368s][info][gc          ] Allocation Stall (Executor task launch worker for task 30.0 in stage 0.0 (TID 30)) 35.448ms
[95.368s][info][gc          ] Allocation Stall (Executor task launch worker for task 16.0 in stage 0.0 (TID 16)) 36.151ms
[95.368s][info][gc          ] Allocation Stall (Executor task launch worker for task 32.0 in stage 0.0 (TID 32)) 35.936ms
[95.368s][info][gc          ] Allocation Stall (Executor task launch worker for task 14.0 in stage 0.0 (TID 14)) 37.682ms
[95.368s][info][gc          ] Allocation Stall (Executor task launch worker for task 29.0 in stage 0.0 (TID 29)) 25.050ms
[95.368s][info][gc          ] Allocation Stall (Executor task launch worker for task 37.0 in stage 0.0 (TID 37)) 35.343ms
[95.368s][info][gc          ] Allocation Stall (Executor task launch worker for task 12.0 in stage 0.0 (TID 12)) 33.869ms
[95.368s][info][gc          ] Allocation Stall (Executor task launch worker for task 8.0 in stage 0.0 (TID 8)) 35.739ms
[95.368s][info][gc          ] Allocation Stall (Executor task launch worker for task 11.0 in stage 0.0 (TID 11)) 31.363ms
[95.368s][info][gc          ] Allocation Stall (Executor task launch worker for task 6.0 in stage 0.0 (TID 6)) 37.651ms
[95.368s][info][gc          ] Allocation Stall (Executor task launch worker for task 27.0 in stage 0.0 (TID 27)) 35.998ms
[95.368s][info][gc          ] Allocation Stall (Executor task launch worker for task 34.0 in stage 0.0 (TID 34)) 36.105ms
[95.368s][info][gc          ] Allocation Stall (Executor task launch worker for task 42.0 in stage 0.0 (TID 42)) 43.505ms
[95.368s][info][gc          ] Allocation Stall (Executor task launch worker for task 20.0 in stage 0.0 (TID 20)) 36.045ms
[95.368s][info][gc          ] Allocation Stall (Executor task launch worker for task 1.0 in stage 0.0 (TID 1)) 36.103ms
[95.368s][info][gc          ] Allocation Stall (Executor task launch worker for task 22.0 in stage 0.0 (TID 22)) 36.490ms
[95.368s][info][gc          ] Allocation Stall (Executor task launch worker for task 21.0 in stage 0.0 (TID 21)) 36.189ms
[95.368s][info][gc          ] Allocation Stall (Executor task launch worker for task 17.0 in stage 0.0 (TID 17)) 36.148ms
[95.368s][info][gc          ] Allocation Stall (Executor task launch worker for task 33.0 in stage 0.0 (TID 33)) 36.447ms
[95.368s][info][gc          ] Allocation Stall (Executor task launch worker for task 25.0 in stage 0.0 (TID 25)) 36.206ms
[95.368s][info][gc          ] Allocation Stall (Executor task launch worker for task 40.0 in stage 0.0 (TID 40)) 36.127ms
[95.368s][info][gc          ] Allocation Stall (Executor task launch worker for task 44.0 in stage 0.0 (TID 44)) 36.564ms
[95.368s][info][gc          ] Allocation Stall (Executor task launch worker for task 26.0 in stage 0.0 (TID 26)) 37.118ms
[95.368s][info][gc          ] Allocation Stall (Executor task launch worker for task 13.0 in stage 0.0 (TID 13)) 37.666ms
[95.368s][info][gc          ] Allocation Stall (Executor task launch worker for task 4.0 in stage 0.0 (TID 4)) 47.758ms
[95.368s][info][gc          ] Allocation Stall (Executor task launch worker for task 7.0 in stage 0.0 (TID 7)) 37.206ms
[95.368s][info][gc          ] Allocation Stall (Executor task launch worker for task 24.0 in stage 0.0 (TID 24)) 47.751ms
[95.368s][info][gc          ] Allocation Stall (Executor task launch worker for task 18.0 in stage 0.0 (TID 18)) 37.304ms
[95.373s][info][gc,phases   ] GC(17) Concurrent Select Relocation Set 5.135ms
[95.382s][info][gc,phases   ] GC(17) Pause Relocate Start 0.007ms
[95.400s][info][gc          ] Allocation Stall (Executor task launch worker for task 24.0 in stage 0.0 (TID 24)) 0.032ms
[95.423s][info][gc          ] Allocation Stall (Executor task launch worker for task 6.0 in stage 0.0 (TID 6)) 22.500ms
[95.423s][info][gc          ] Allocation Stall (Executor task launch worker for task 38.0 in stage 0.0 (TID 38)) 22.489ms
[95.423s][info][gc          ] Allocation Stall (Executor task launch worker for task 13.0 in stage 0.0 (TID 13)) 22.450ms
[95.423s][info][gc          ] Allocation Stall (Executor task launch worker for task 33.0 in stage 0.0 (TID 33)) 22.469ms
[95.425s][info][gc          ] Allocation Stall (Executor task launch worker for task 22.0 in stage 0.0 (TID 22)) 24.523ms
[95.425s][info][gc          ] Allocation Stall (Executor task launch worker for task 30.0 in stage 0.0 (TID 30)) 24.520ms
[95.425s][info][gc          ] Allocation Stall (Executor task launch worker for task 17.0 in stage 0.0 (TID 17)) 24.519ms
[95.427s][info][gc          ] Allocation Stall (Executor task launch worker for task 12.0 in stage 0.0 (TID 12)) 25.994ms
[95.427s][info][gc          ] Allocation Stall (Executor task launch worker for task 7.0 in stage 0.0 (TID 7)) 11.066ms
[95.427s][info][gc          ] Allocation Stall (Executor task launch worker for task 29.0 in stage 0.0 (TID 29)) 26.849ms
[95.427s][info][gc          ] Allocation Stall (Executor task launch worker for task 43.0 in stage 0.0 (TID 43)) 26.639ms
[95.427s][info][gc          ] Allocation Stall (Executor task launch worker for task 46.0 in stage 0.0 (TID 46)) 26.628ms
[95.427s][info][gc          ] Allocation Stall (Executor task launch worker for task 3.0 in stage 0.0 (TID 3)) 26.626ms
[95.427s][info][gc          ] Allocation Stall (Executor task launch worker for task 45.0 in stage 0.0 (TID 45)) 26.644ms
[95.427s][info][gc          ] Allocation Stall (Executor task launch worker for task 47.0 in stage 0.0 (TID 47)) 26.658ms
[95.427s][info][gc          ] Allocation Stall (Executor task launch worker for task 5.0 in stage 0.0 (TID 5)) 26.654ms
[95.427s][info][gc          ] Allocation Stall (Executor task launch worker for task 37.0 in stage 0.0 (TID 37)) 26.653ms
[95.427s][info][gc          ] Allocation Stall (Executor task launch worker for task 4.0 in stage 0.0 (TID 4)) 26.638ms
[95.427s][info][gc          ] Allocation Stall (Executor task launch worker for task 14.0 in stage 0.0 (TID 14)) 26.628ms
[95.427s][info][gc          ] Allocation Stall (Executor task launch worker for task 32.0 in stage 0.0 (TID 32)) 26.635ms
[95.427s][info][gc          ] Allocation Stall (Executor task launch worker for task 8.0 in stage 0.0 (TID 8)) 26.659ms
[95.427s][info][gc          ] Allocation Stall (Executor task launch worker for task 21.0 in stage 0.0 (TID 21)) 26.576ms
[95.427s][info][gc          ] Allocation Stall (Executor task launch worker for task 19.0 in stage 0.0 (TID 19)) 26.456ms
[95.427s][info][gc          ] Allocation Stall (Executor task launch worker for task 27.0 in stage 0.0 (TID 27)) 26.460ms
[95.427s][info][gc          ] Allocation Stall (Executor task launch worker for task 15.0 in stage 0.0 (TID 15)) 26.474ms
[95.427s][info][gc          ] Allocation Stall (Executor task launch worker for task 23.0 in stage 0.0 (TID 23)) 26.468ms
[95.427s][info][gc          ] Allocation Stall (Executor task launch worker for task 11.0 in stage 0.0 (TID 11)) 26.477ms
[95.427s][info][gc          ] Allocation Stall (Executor task launch worker for task 34.0 in stage 0.0 (TID 34)) 26.480ms
[95.427s][info][gc          ] Allocation Stall (Executor task launch worker for task 25.0 in stage 0.0 (TID 25)) 26.443ms
[95.427s][info][gc          ] Allocation Stall (Executor task launch worker for task 36.0 in stage 0.0 (TID 36)) 26.431ms
[95.427s][info][gc          ] Allocation Stall (Executor task launch worker for task 1.0 in stage 0.0 (TID 1)) 26.463ms
[95.427s][info][gc          ] Allocation Stall (Executor task launch worker for task 16.0 in stage 0.0 (TID 16)) 26.429ms
[95.427s][info][gc          ] Allocation Stall (Executor task launch worker for task 44.0 in stage 0.0 (TID 44)) 26.427ms
[95.427s][info][gc          ] Allocation Stall (Executor task launch worker for task 41.0 in stage 0.0 (TID 41)) 26.430ms
[95.427s][info][gc          ] Allocation Stall (Executor task launch worker for task 10.0 in stage 0.0 (TID 10)) 26.394ms
[95.427s][info][gc          ] Allocation Stall (Executor task launch worker for task 18.0 in stage 0.0 (TID 18)) 26.399ms
[95.427s][info][gc          ] Allocation Stall (Executor task launch worker for task 35.0 in stage 0.0 (TID 35)) 26.391ms
[95.427s][info][gc          ] Allocation Stall (Executor task launch worker for task 0.0 in stage 0.0 (TID 0)) 26.401ms
[95.427s][info][gc          ] Allocation Stall (Executor task launch worker for task 26.0 in stage 0.0 (TID 26)) 26.372ms
[95.427s][info][gc          ] Allocation Stall (Executor task launch worker for task 24.0 in stage 0.0 (TID 24)) 26.393ms
[95.517s][info][gc          ] Relocation Stall (Executor task launch worker for task 42.0 in stage 0.0 (TID 42)) 103.632ms
[95.517s][info][gc,phases   ] GC(17) Concurrent Relocate 133.901ms
[95.518s][info][gc,load     ] GC(17) Load: 0.00/0.00/0.00
[95.518s][info][gc,mmu      ] GC(17) MMU: 2ms/94.2%, 5ms/97.7%, 10ms/98.8%, 20ms/99.3%, 50ms/99.7%, 100ms/99.9%
[95.518s][info][gc,marking  ] GC(17) Mark: 8 stripe(s), 2 proactive flush(es), 1 terminate flush(es), 0 completion(s), 0 continuation(s) 
[95.518s][info][gc,marking  ] GC(17) Mark Stack Usage: 32M
[95.518s][info][gc,nmethod  ] GC(17) NMethods: 760 registered, 11 unregistered
[95.518s][info][gc,metaspace] GC(17) Metaspace: 111M used, 124M committed, 1152M reserved
[95.518s][info][gc,ref      ] GC(17) Soft: 2784 encountered, 2351 discovered, 0 enqueued
[95.518s][info][gc,ref      ] GC(17) Weak: 12863 encountered, 1513 discovered, 0 enqueued
[95.518s][info][gc,ref      ] GC(17) Final: 62 encountered, 7 discovered, 0 enqueued
[95.518s][info][gc,ref      ] GC(17) Phantom: 750 encountered, 572 discovered, 0 enqueued
[95.518s][info][gc,reloc    ] GC(17) Small Pages: 286 / 572M, Empty: 378M, Relocated: 5M, In-Place: 0
[95.518s][info][gc,reloc    ] GC(17) Medium Pages: 5 / 160M, Empty: 0M, Relocated: 51M, In-Place: 0
[95.518s][info][gc,reloc    ] GC(17) Large Pages: 35 / 280M, Empty: 0M, Relocated: 0M, In-Place: 0
[95.518s][info][gc,reloc    ] GC(17) Forwarding Usage: 0M
[95.518s][info][gc,heap     ] GC(17) Min Capacity: 8M(1%)
[95.518s][info][gc,heap     ] GC(17) Max Capacity: 1024M(100%)
[95.518s][info][gc,heap     ] GC(17) Soft Max Capacity: 1024M(100%)
[95.518s][info][gc,heap     ] GC(17)                Mark Start          Mark End        Relocate Start      Relocate End           High               Low         
[95.518s][info][gc,heap     ] GC(17)  Capacity:     1024M (100%)       1024M (100%)       1024M (100%)       1024M (100%)       1024M (100%)       1024M (100%)   
[95.518s][info][gc,heap     ] GC(17)      Free:        0M (0%)            0M (0%)          344M (34%)         144M (14%)         352M (34%)           0M (0%)     
[95.518s][info][gc,heap     ] GC(17)      Used:     1024M (100%)       1024M (100%)        680M (66%)         880M (86%)        1024M (100%)        672M (66%)    
[95.518s][info][gc,heap     ] GC(17)      Live:         -               408M (40%)         408M (40%)         408M (40%)            -                  -          
[95.518s][info][gc,heap     ] GC(17) Allocated:         -                 0M (0%)           34M (3%)          390M (38%)            -                  -          
[95.518s][info][gc,heap     ] GC(17)   Garbage:         -               615M (60%)         237M (23%)          80M (8%)             -                  -          
[95.518s][info][gc,heap     ] GC(17) Reclaimed:         -                  -               378M (37%)         534M (52%)            -                  -          
[95.518s][info][gc          ] GC(17) Garbage Collection (Allocation Stall) 1024M(100%)->880M(86%)
[95.541s][info][gc,start    ] GC(18) Garbage Collection (Allocation Stall)
[95.541s][info][gc,ref      ] GC(18) Clearing All SoftReferences
[95.541s][info][gc,task     ] GC(18) Using 10 workers
[95.542s][info][gc,ref      ] GC(18) Clearing All SoftReferences
[95.542s][info][gc,phases   ] GC(18) Pause Mark Start 0.038ms
[95.564s][info][gc          ] Allocation Stall (Executor task launch worker for task 6.0 in stage 0.0 (TID 6)) 0.060ms
[95.564s][info][gc          ] Allocation Stall (Executor task launch worker for task 46.0 in stage 0.0 (TID 46)) 0.063ms
[95.564s][info][gc          ] Allocation Stall (Executor task launch worker for task 33.0 in stage 0.0 (TID 33)) 0.068ms
[95.564s][info][gc          ] Allocation Stall (Executor task launch worker for task 17.0 in stage 0.0 (TID 17)) 0.073ms
[95.564s][info][gc          ] Allocation Stall (Executor task launch worker for task 27.0 in stage 0.0 (TID 27)) 0.079ms
[95.564s][info][gc          ] Allocation Stall (Executor task launch worker for task 35.0 in stage 0.0 (TID 35)) 0.088ms
[95.564s][info][gc          ] Allocation Stall (Executor task launch worker for task 18.0 in stage 0.0 (TID 18)) 0.102ms
[95.564s][info][gc          ] Allocation Stall (Executor task launch worker for task 4.0 in stage 0.0 (TID 4)) 0.106ms
[95.564s][info][gc          ] Allocation Stall (Executor task launch worker for task 31.0 in stage 0.0 (TID 31)) 0.127ms
[95.564s][info][gc          ] Allocation Stall (Executor task launch worker for task 13.0 in stage 0.0 (TID 13)) 0.077ms
[95.564s][info][gc          ] Allocation Stall (Executor task launch worker for task 25.0 in stage 0.0 (TID 25)) 0.079ms
[95.564s][info][gc          ] Allocation Stall (Executor task launch worker for task 47.0 in stage 0.0 (TID 47)) 0.081ms
[95.564s][info][gc          ] Allocation Stall (Executor task launch worker for task 34.0 in stage 0.0 (TID 34)) 0.125ms
[95.565s][info][gc          ] Allocation Stall (Executor task launch worker for task 20.0 in stage 0.0 (TID 20)) 0.160ms
[95.565s][info][gc          ] Allocation Stall (Executor task launch worker for task 1.0 in stage 0.0 (TID 1)) 0.183ms
[95.565s][info][gc          ] Allocation Stall (Executor task launch worker for task 45.0 in stage 0.0 (TID 45)) 0.206ms
[95.565s][info][gc          ] Allocation Stall (Executor task launch worker for task 19.0 in stage 0.0 (TID 19)) 0.238ms
[95.582s][info][gc          ] Allocation Stall (Executor task launch worker for task 20.0 in stage 0.0 (TID 20)) 0.970ms
[95.584s][info][gc          ] Allocation Stall (Executor task launch worker for task 23.0 in stage 0.0 (TID 23)) 2.680ms
[95.584s][info][gc          ] Allocation Stall (Executor task launch worker for task 6.0 in stage 0.0 (TID 6)) 3.106ms
[95.586s][info][gc          ] Allocation Stall (Executor task launch worker for task 26.0 in stage 0.0 (TID 26)) 4.264ms
[95.587s][info][gc          ] Allocation Stall (Executor task launch worker for task 27.0 in stage 0.0 (TID 27)) 4.084ms
[95.588s][info][gc          ] Allocation Stall (Executor task launch worker for task 24.0 in stage 0.0 (TID 24)) 5.545ms
[95.588s][info][gc          ] Allocation Stall (Executor task launch worker for task 11.0 in stage 0.0 (TID 11)) 5.531ms
[95.589s][info][gc          ] Allocation Stall (Executor task launch worker for task 44.0 in stage 0.0 (TID 44)) 4.789ms
[95.589s][info][gc          ] Allocation Stall (Executor task launch worker for task 15.0 in stage 0.0 (TID 15)) 4.833ms
[95.589s][info][gc          ] Allocation Stall (Executor task launch worker for task 12.0 in stage 0.0 (TID 12)) 4.866ms
[95.604s][info][gc,phases   ] GC(18) Concurrent Mark 46.127ms
[95.604s][info][gc,phases   ] GC(18) Pause Mark End 0.022ms
[95.604s][info][gc,phases   ] GC(18) Concurrent Mark Free 0.001ms
[95.605s][info][gc,phases   ] GC(18) Concurrent Process Non-Strong References 0.692ms
[95.605s][info][gc,phases   ] GC(18) Concurrent Reset Relocation Set 0.007ms
[95.605s][info][gc          ] Allocation Stall (Executor task launch worker for task 26.0 in stage 0.0 (TID 26)) 12.320ms
[95.605s][info][gc          ] Allocation Stall (Executor task launch worker for task 19.0 in stage 0.0 (TID 19)) 12.024ms
[95.605s][info][gc          ] Allocation Stall (Executor task launch worker for task 15.0 in stage 0.0 (TID 15)) 12.122ms
[95.605s][info][gc          ] Allocation Stall (Executor task launch worker for task 30.0 in stage 0.0 (TID 30)) 11.887ms
[95.605s][info][gc          ] Allocation Stall (Spark Context Cleaner) 1.095ms
[95.605s][info][gc          ] Allocation Stall (Executor task launch worker for task 13.0 in stage 0.0 (TID 13)) 12.459ms
[95.605s][info][gc          ] Allocation Stall (Executor task launch worker for task 27.0 in stage 0.0 (TID 27)) 12.490ms
[95.605s][info][gc          ] Allocation Stall (Executor task launch worker for task 10.0 in stage 0.0 (TID 10)) 13.044ms
[95.605s][info][gc          ] Allocation Stall (Executor task launch worker for task 44.0 in stage 0.0 (TID 44)) 12.095ms
[95.605s][info][gc          ] Allocation Stall (Executor task launch worker for task 16.0 in stage 0.0 (TID 16)) 12.143ms
[95.605s][info][gc          ] Allocation Stall (Executor task launch worker for task 31.0 in stage 0.0 (TID 31)) 18.960ms
[95.605s][info][gc          ] Allocation Stall (Executor task launch worker for task 17.0 in stage 0.0 (TID 17)) 12.183ms
[95.605s][info][gc          ] Allocation Stall (Executor task launch worker for task 37.0 in stage 0.0 (TID 37)) 19.019ms
[95.605s][info][gc          ] Allocation Stall (Executor task launch worker for task 32.0 in stage 0.0 (TID 32)) 12.344ms
[95.605s][info][gc          ] Allocation Stall (Executor task launch worker for task 40.0 in stage 0.0 (TID 40)) 12.079ms
[95.605s][info][gc          ] Allocation Stall (Executor task launch worker for task 47.0 in stage 0.0 (TID 47)) 18.714ms
[95.605s][info][gc          ] Allocation Stall (Executor task launch worker for task 25.0 in stage 0.0 (TID 25)) 12.230ms
[95.605s][info][gc          ] Allocation Stall (Executor task launch worker for task 11.0 in stage 0.0 (TID 11)) 12.188ms
[95.605s][info][gc          ] Allocation Stall (Executor task launch worker for task 18.0 in stage 0.0 (TID 18)) 12.220ms
[95.605s][info][gc          ] Allocation Stall (Executor task launch worker for task 22.0 in stage 0.0 (TID 22)) 12.154ms
[95.605s][info][gc          ] Allocation Stall (Executor task launch worker for task 2.0 in stage 0.0 (TID 2)) 12.277ms
[95.605s][info][gc          ] Allocation Stall (Executor task launch worker for task 14.0 in stage 0.0 (TID 14)) 12.160ms
[95.605s][info][gc          ] Allocation Stall (Executor task launch worker for task 20.0 in stage 0.0 (TID 20)) 14.015ms
[95.605s][info][gc          ] Allocation Stall (Executor task launch worker for task 39.0 in stage 0.0 (TID 39)) 11.965ms
[95.605s][info][gc          ] Allocation Stall (Executor task launch worker for task 24.0 in stage 0.0 (TID 24)) 12.337ms
[95.605s][info][gc          ] Allocation Stall (Executor task launch worker for task 45.0 in stage 0.0 (TID 45)) 11.921ms
[95.605s][info][gc          ] Allocation Stall (Executor task launch worker for task 29.0 in stage 0.0 (TID 29)) 12.238ms
[95.605s][info][gc          ] Allocation Stall (Executor task launch worker for task 43.0 in stage 0.0 (TID 43)) 13.738ms
[95.605s][info][gc          ] Allocation Stall (Executor task launch worker for task 5.0 in stage 0.0 (TID 5)) 12.979ms
[95.605s][info][gc          ] Allocation Stall (Executor task launch worker for task 12.0 in stage 0.0 (TID 12)) 12.899ms
[95.605s][info][gc          ] Allocation Stall (Executor task launch worker for task 4.0 in stage 0.0 (TID 4)) 14.067ms
[95.605s][info][gc          ] Allocation Stall (Executor task launch worker for task 34.0 in stage 0.0 (TID 34)) 12.416ms
[95.605s][info][gc          ] Allocation Stall (Executor task launch worker for task 28.0 in stage 0.0 (TID 28)) 12.509ms
[95.605s][info][gc          ] Allocation Stall (Executor task launch worker for task 0.0 in stage 0.0 (TID 0)) 13.430ms
[95.605s][info][gc          ] Allocation Stall (Executor task launch worker for task 8.0 in stage 0.0 (TID 8)) 12.655ms
[95.605s][info][gc          ] Allocation Stall (Executor task launch worker for task 41.0 in stage 0.0 (TID 41)) 12.720ms
[95.605s][info][gc          ] Allocation Stall (Executor task launch worker for task 7.0 in stage 0.0 (TID 7)) 14.122ms
[95.605s][info][gc          ] Allocation Stall (Executor task launch worker for task 46.0 in stage 0.0 (TID 46)) 12.711ms
[95.605s][info][gc          ] Allocation Stall (Executor task launch worker for task 9.0 in stage 0.0 (TID 9)) 14.158ms
[95.605s][info][gc          ] Allocation Stall (Executor task launch worker for task 23.0 in stage 0.0 (TID 23)) 14.309ms
[95.605s][info][gc          ] Allocation Stall (Executor task launch worker for task 38.0 in stage 0.0 (TID 38)) 17.055ms
[95.605s][info][gc          ] Allocation Stall (Executor task launch worker for task 33.0 in stage 0.0 (TID 33)) 16.958ms
[95.605s][info][gc          ] Allocation Stall (Executor task launch worker for task 42.0 in stage 0.0 (TID 42)) 17.080ms
[95.605s][info][gc          ] Allocation Stall (Executor task launch worker for task 6.0 in stage 0.0 (TID 6)) 16.813ms
[95.605s][info][gc          ] Allocation Stall (Executor task launch worker for task 3.0 in stage 0.0 (TID 3)) 17.491ms
[95.605s][info][gc          ] Allocation Stall (Executor task launch worker for task 21.0 in stage 0.0 (TID 21)) 17.403ms
[95.605s][info][gc          ] Allocation Stall (Executor task launch worker for task 35.0 in stage 0.0 (TID 35)) 17.141ms
[95.605s][info][gc          ] Allocation Stall (Executor task launch worker for task 36.0 in stage 0.0 (TID 36)) 17.239ms
[95.605s][info][gc          ] Allocation Stall (Executor task launch worker for task 1.0 in stage 0.0 (TID 1)) 18.098ms
[95.613s][info][gc,phases   ] GC(18) Concurrent Select Relocation Set 7.720ms
[95.636s][info][gc,phases   ] GC(18) Pause Relocate Start 0.009ms
[95.655s][info][gc          ] Allocation Stall (Executor task launch worker for task 3.0 in stage 0.0 (TID 3)) 0.028ms
[95.655s][info][gc          ] Allocation Stall (Executor task launch worker for task 6.0 in stage 0.0 (TID 6)) 0.151ms
[95.655s][info][gc          ] Allocation Stall (Executor task launch worker for task 40.0 in stage 0.0 (TID 40)) 0.403ms
[95.655s][info][gc          ] Allocation Stall (Executor task launch worker for task 11.0 in stage 0.0 (TID 11)) 0.454ms
[95.659s][info][gc          ] Allocation Stall (Executor task launch worker for task 41.0 in stage 0.0 (TID 41)) 3.827ms
[95.659s][info][gc          ] Allocation Stall (Executor task launch worker for task 27.0 in stage 0.0 (TID 27)) 3.726ms
[95.659s][info][gc          ] Allocation Stall (Executor task launch worker for task 4.0 in stage 0.0 (TID 4)) 3.756ms
[95.659s][info][gc          ] Allocation Stall (Executor task launch worker for task 35.0 in stage 0.0 (TID 35)) 3.715ms
[95.659s][info][gc          ] Allocation Stall (Executor task launch worker for task 21.0 in stage 0.0 (TID 21)) 3.762ms
[95.659s][info][gc          ] Allocation Stall (Executor task launch worker for task 16.0 in stage 0.0 (TID 16)) 3.837ms
[95.659s][info][gc          ] Allocation Stall (Executor task launch worker for task 23.0 in stage 0.0 (TID 23)) 3.728ms
[95.659s][info][gc          ] Allocation Stall (Executor task launch worker for task 38.0 in stage 0.0 (TID 38)) 3.894ms
[95.659s][info][gc          ] Allocation Stall (Executor task launch worker for task 36.0 in stage 0.0 (TID 36)) 3.733ms
[95.659s][info][gc          ] Allocation Stall (Executor task launch worker for task 46.0 in stage 0.0 (TID 46)) 3.809ms
[95.659s][info][gc          ] Allocation Stall (Executor task launch worker for task 32.0 in stage 0.0 (TID 32)) 3.799ms
[95.659s][info][gc          ] Allocation Stall (Executor task launch worker for task 17.0 in stage 0.0 (TID 17)) 3.904ms
[95.659s][info][gc          ] Allocation Stall (Executor task launch worker for task 8.0 in stage 0.0 (TID 8)) 3.855ms
[95.659s][info][gc          ] Allocation Stall (Executor task launch worker for task 37.0 in stage 0.0 (TID 37)) 3.871ms
[95.659s][info][gc          ] Allocation Stall (Executor task launch worker for task 14.0 in stage 0.0 (TID 14)) 3.889ms
[95.659s][info][gc          ] Allocation Stall (Executor task launch worker for task 30.0 in stage 0.0 (TID 30)) 3.917ms
[95.660s][info][gc          ] Allocation Stall (Executor task launch worker for task 24.0 in stage 0.0 (TID 24)) 4.524ms
[95.660s][info][gc          ] Allocation Stall (Executor task launch worker for task 12.0 in stage 0.0 (TID 12)) 4.568ms
[95.660s][info][gc          ] Allocation Stall (Executor task launch worker for task 43.0 in stage 0.0 (TID 43)) 4.549ms
[95.660s][info][gc          ] Allocation Stall (Executor task launch worker for task 10.0 in stage 0.0 (TID 10)) 4.580ms
[95.660s][info][gc          ] Allocation Stall (Executor task launch worker for task 0.0 in stage 0.0 (TID 0)) 4.609ms
[95.660s][info][gc          ] Allocation Stall (Executor task launch worker for task 18.0 in stage 0.0 (TID 18)) 4.632ms
[95.660s][info][gc          ] Allocation Stall (Executor task launch worker for task 45.0 in stage 0.0 (TID 45)) 4.649ms
[95.660s][info][gc          ] Allocation Stall (Executor task launch worker for task 31.0 in stage 0.0 (TID 31)) 4.685ms
[95.660s][info][gc          ] Allocation Stall (Executor task launch worker for task 25.0 in stage 0.0 (TID 25)) 4.737ms
[95.660s][info][gc          ] Allocation Stall (Executor task launch worker for task 5.0 in stage 0.0 (TID 5)) 4.777ms
[95.660s][info][gc          ] Allocation Stall (Executor task launch worker for task 47.0 in stage 0.0 (TID 47)) 4.817ms
[95.660s][info][gc          ] Allocation Stall (Executor task launch worker for task 15.0 in stage 0.0 (TID 15)) 4.833ms
[95.660s][info][gc          ] Allocation Stall (Executor task launch worker for task 33.0 in stage 0.0 (TID 33)) 4.744ms
[95.661s][info][gc          ] Allocation Stall (Executor task launch worker for task 19.0 in stage 0.0 (TID 19)) 5.816ms
[95.661s][info][gc          ] Allocation Stall (Executor task launch worker for task 42.0 in stage 0.0 (TID 42)) 5.722ms
[95.661s][info][gc          ] Allocation Stall (Executor task launch worker for task 13.0 in stage 0.0 (TID 13)) 5.754ms
[95.661s][info][gc          ] Allocation Stall (Executor task launch worker for task 6.0 in stage 0.0 (TID 6)) 5.797ms
[95.661s][info][gc          ] Allocation Stall (Executor task launch worker for task 22.0 in stage 0.0 (TID 22)) 5.835ms
[95.661s][info][gc          ] Allocation Stall (Executor task launch worker for task 40.0 in stage 0.0 (TID 40)) 5.862ms
[95.662s][info][gc          ] Allocation Stall (Executor task launch worker for task 44.0 in stage 0.0 (TID 44)) 5.901ms
[95.662s][info][gc          ] Allocation Stall (Executor task launch worker for task 11.0 in stage 0.0 (TID 11)) 5.977ms
[95.662s][info][gc          ] Allocation Stall (Executor task launch worker for task 26.0 in stage 0.0 (TID 26)) 6.017ms
[95.662s][info][gc          ] Allocation Stall (Executor task launch worker for task 3.0 in stage 0.0 (TID 3)) 6.031ms
[95.662s][info][gc          ] Allocation Stall (Executor task launch worker for task 1.0 in stage 0.0 (TID 1)) 6.037ms
[95.662s][info][gc          ] Allocation Stall (Executor task launch worker for task 28.0 in stage 0.0 (TID 28)) 6.056ms
[95.662s][info][gc          ] Allocation Stall (Executor task launch worker for task 7.0 in stage 0.0 (TID 7)) 6.083ms
[95.662s][info][gc          ] Allocation Stall (Executor task launch worker for task 34.0 in stage 0.0 (TID 34)) 6.108ms
[95.662s][info][gc          ] Allocation Stall (Executor task launch worker for task 29.0 in stage 0.0 (TID 29)) 6.114ms
[95.683s][info][gc          ] Allocation Stall (Executor task launch worker for task 34.0 in stage 0.0 (TID 34)) 1.720ms
[95.689s][info][gc          ] Relocation Stall (Executor task launch worker for task 2.0 in stage 0.0 (TID 2)) 32.564ms
[95.689s][info][gc          ] Allocation Stall (Executor task launch worker for task 21.0 in stage 0.0 (TID 21)) 4.922ms
[95.689s][info][gc          ] Allocation Stall (Executor task launch worker for task 37.0 in stage 0.0 (TID 37)) 5.002ms
[95.689s][info][gc          ] Allocation Stall (Executor task launch worker for task 47.0 in stage 0.0 (TID 47)) 4.133ms
[95.689s][info][gc          ] Allocation Stall (Executor task launch worker for task 41.0 in stage 0.0 (TID 41)) 4.616ms
[95.689s][info][gc          ] Allocation Stall (Executor task launch worker for task 18.0 in stage 0.0 (TID 18)) 5.028ms
[95.689s][info][gc          ] Allocation Stall (Executor task launch worker for task 5.0 in stage 0.0 (TID 5)) 4.367ms
[95.689s][info][gc          ] Allocation Stall (Executor task launch worker for task 15.0 in stage 0.0 (TID 15)) 4.362ms
[95.689s][info][gc          ] Allocation Stall (Executor task launch worker for task 27.0 in stage 0.0 (TID 27)) 5.025ms
[95.689s][info][gc          ] Allocation Stall (Executor task launch worker for task 40.0 in stage 0.0 (TID 40)) 4.119ms
[95.689s][info][gc          ] Allocation Stall (Executor task launch worker for task 22.0 in stage 0.0 (TID 22)) 8.121ms
[95.689s][info][gc          ] Allocation Stall (Executor task launch worker for task 10.0 in stage 0.0 (TID 10)) 6.460ms
[95.689s][info][gc          ] Allocation Stall (Executor task launch worker for task 1.0 in stage 0.0 (TID 1)) 5.235ms
[95.689s][info][gc          ] Allocation Stall (Executor task launch worker for task 16.0 in stage 0.0 (TID 16)) 5.226ms
[95.689s][info][gc          ] Allocation Stall (Executor task launch worker for task 17.0 in stage 0.0 (TID 17)) 5.210ms
[95.689s][info][gc          ] Allocation Stall (Executor task launch worker for task 19.0 in stage 0.0 (TID 19)) 5.128ms
[95.689s][info][gc          ] Allocation Stall (Executor task launch worker for task 25.0 in stage 0.0 (TID 25)) 5.130ms
[95.689s][info][gc          ] Allocation Stall (Executor task launch worker for task 23.0 in stage 0.0 (TID 23)) 4.393ms
[95.689s][info][gc          ] Allocation Stall (Executor task launch worker for task 44.0 in stage 0.0 (TID 44)) 4.449ms
[95.690s][info][gc          ] Allocation Stall (Executor task launch worker for task 13.0 in stage 0.0 (TID 13)) 4.459ms
[95.690s][info][gc          ] Allocation Stall (Executor task launch worker for task 4.0 in stage 0.0 (TID 4)) 4.365ms
[95.690s][info][gc          ] Allocation Stall (Executor task launch worker for task 8.0 in stage 0.0 (TID 8)) 4.370ms
[95.690s][info][gc          ] Allocation Stall (Executor task launch worker for task 30.0 in stage 0.0 (TID 30)) 4.371ms
[95.690s][info][gc          ] Allocation Stall (Executor task launch worker for task 3.0 in stage 0.0 (TID 3)) 4.145ms
[95.690s][info][gc          ] Allocation Stall (Executor task launch worker for task 7.0 in stage 0.0 (TID 7)) 3.445ms
[95.690s][info][gc          ] Allocation Stall (Executor task launch worker for task 28.0 in stage 0.0 (TID 28)) 3.457ms
[95.690s][info][gc          ] Allocation Stall (Executor task launch worker for task 29.0 in stage 0.0 (TID 29)) 3.473ms
[95.690s][info][gc          ] Allocation Stall (Executor task launch worker for task 9.0 in stage 0.0 (TID 9)) 3.457ms
[95.690s][info][gc          ] Allocation Stall (Executor task launch worker for task 6.0 in stage 0.0 (TID 6)) 3.442ms
[95.690s][info][gc          ] Allocation Stall (Executor task launch worker for task 26.0 in stage 0.0 (TID 26)) 3.398ms
[95.690s][info][gc          ] Allocation Stall (Executor task launch worker for task 38.0 in stage 0.0 (TID 38)) 3.230ms
[95.690s][info][gc          ] Allocation Stall (Executor task launch worker for task 24.0 in stage 0.0 (TID 24)) 2.966ms
[95.690s][info][gc          ] Allocation Stall (Executor task launch worker for task 12.0 in stage 0.0 (TID 12)) 2.950ms
[95.690s][info][gc          ] Allocation Stall (Executor task launch worker for task 45.0 in stage 0.0 (TID 45)) 2.923ms
[95.690s][info][gc          ] Allocation Stall (Executor task launch worker for task 20.0 in stage 0.0 (TID 20)) 2.913ms
[95.690s][info][gc          ] Allocation Stall (Executor task launch worker for task 46.0 in stage 0.0 (TID 46)) 2.745ms
[95.690s][info][gc          ] Allocation Stall (Executor task launch worker for task 32.0 in stage 0.0 (TID 32)) 2.782ms
[95.691s][info][gc          ] Allocation Stall (Executor task launch worker for task 14.0 in stage 0.0 (TID 14)) 3.402ms
[95.691s][info][gc          ] Allocation Stall (Executor task launch worker for task 11.0 in stage 0.0 (TID 11)) 3.345ms
[95.691s][info][gc          ] Allocation Stall (Executor task launch worker for task 42.0 in stage 0.0 (TID 42)) 3.323ms
[95.691s][info][gc          ] Allocation Stall (Executor task launch worker for task 34.0 in stage 0.0 (TID 34)) 3.346ms
[95.691s][info][gc          ] Allocation Stall (Executor task launch worker for task 33.0 in stage 0.0 (TID 33)) 3.282ms
[95.691s][info][gc          ] Allocation Stall (Executor task launch worker for task 35.0 in stage 0.0 (TID 35)) 3.284ms
[95.694s][info][gc          ] Allocation Stall (Executor task launch worker for task 31.0 in stage 0.0 (TID 31)) 6.437ms
[95.694s][info][gc          ] Allocation Stall (Executor task launch worker for task 36.0 in stage 0.0 (TID 36)) 6.433ms
[95.698s][info][gc          ] Allocation Stall (Executor task launch worker for task 43.0 in stage 0.0 (TID 43)) 10.490ms
[95.698s][info][gc          ] Allocation Stall (Executor task launch worker for task 0.0 in stage 0.0 (TID 0)) 10.509ms
[95.698s][info][gc          ] Allocation Stall (Executor task launch worker for task 29.0 in stage 0.0 (TID 29)) 2.948ms
[95.698s][info][gc          ] Allocation Stall (Executor task launch worker for task 6.0 in stage 0.0 (TID 6)) 2.987ms
[95.700s][info][gc          ] Allocation Stall (Executor task launch worker for task 30.0 in stage 0.0 (TID 30)) 4.598ms
[95.700s][info][gc          ] Allocation Stall (Executor task launch worker for task 28.0 in stage 0.0 (TID 28)) 4.583ms
[95.700s][info][gc          ] Allocation Stall (Executor task launch worker for task 9.0 in stage 0.0 (TID 9)) 4.505ms
[95.700s][info][gc          ] Allocation Stall (Executor task launch worker for task 39.0 in stage 0.0 (TID 39)) 4.540ms
[95.700s][info][gc          ] Allocation Stall (Executor task launch worker for task 26.0 in stage 0.0 (TID 26)) 4.430ms
[95.700s][info][gc          ] Allocation Stall (Executor task launch worker for task 45.0 in stage 0.0 (TID 45)) 4.379ms
[95.701s][info][gc          ] Allocation Stall (Executor task launch worker for task 7.0 in stage 0.0 (TID 7)) 4.413ms
[95.701s][info][gc          ] Allocation Stall (Executor task launch worker for task 38.0 in stage 0.0 (TID 38)) 4.743ms
[95.701s][info][gc          ] Allocation Stall (Executor task launch worker for task 14.0 in stage 0.0 (TID 14)) 4.598ms
[95.701s][info][gc          ] Allocation Stall (Executor task launch worker for task 20.0 in stage 0.0 (TID 20)) 4.613ms
[95.701s][info][gc          ] Allocation Stall (Executor task launch worker for task 34.0 in stage 0.0 (TID 34)) 4.484ms
[95.701s][info][gc          ] Allocation Stall (Executor task launch worker for task 21.0 in stage 0.0 (TID 21)) 4.815ms
[95.702s][info][gc          ] Allocation Stall (Executor task launch worker for task 11.0 in stage 0.0 (TID 11)) 4.846ms
[95.702s][info][gc          ] Allocation Stall (Executor task launch worker for task 42.0 in stage 0.0 (TID 42)) 4.837ms
[95.702s][info][gc          ] Allocation Stall (Executor task launch worker for task 46.0 in stage 0.0 (TID 46)) 4.871ms
[95.702s][info][gc          ] Allocation Stall (Executor task launch worker for task 18.0 in stage 0.0 (TID 18)) 4.892ms
[95.702s][info][gc          ] Allocation Stall (Executor task launch worker for task 31.0 in stage 0.0 (TID 31)) 2.680ms
[95.702s][info][gc          ] Allocation Stall (Executor task launch worker for task 41.0 in stage 0.0 (TID 41)) 2.719ms
[95.702s][info][gc          ] Allocation Stall (Executor task launch worker for task 36.0 in stage 0.0 (TID 36)) 2.665ms
[95.702s][info][gc          ] Allocation Stall (Executor task launch worker for task 8.0 in stage 0.0 (TID 8)) 1.020ms
[95.712s][info][gc          ] Allocation Stall (Executor task launch worker for task 32.0 in stage 0.0 (TID 32)) 2.431ms
[95.712s][info][gc          ] Allocation Stall (Executor task launch worker for task 31.0 in stage 0.0 (TID 31)) 2.268ms
[95.712s][info][gc          ] Allocation Stall (Executor task launch worker for task 13.0 in stage 0.0 (TID 13)) 2.215ms
[95.712s][info][gc,phases   ] GC(18) Concurrent Relocate 75.783ms
[95.712s][info][gc          ] Allocation Stall (Executor task launch worker for task 28.0 in stage 0.0 (TID 28)) 4.301ms
[95.712s][info][gc          ] Allocation Stall (Executor task launch worker for task 11.0 in stage 0.0 (TID 11)) 3.125ms
[95.712s][info][gc          ] Allocation Stall (Executor task launch worker for task 14.0 in stage 0.0 (TID 14)) 2.973ms
[95.712s][info][gc          ] Allocation Stall (Executor task launch worker for task 20.0 in stage 0.0 (TID 20)) 2.968ms
[95.712s][info][gc          ] Allocation Stall (Executor task launch worker for task 21.0 in stage 0.0 (TID 21)) 2.966ms
[95.712s][info][gc          ] Allocation Stall (Executor task launch worker for task 42.0 in stage 0.0 (TID 42)) 2.929ms
[95.712s][info][gc          ] Allocation Stall (Executor task launch worker for task 33.0 in stage 0.0 (TID 33)) 2.905ms
[95.712s][info][gc          ] Allocation Stall (Executor task launch worker for task 35.0 in stage 0.0 (TID 35)) 2.853ms
[95.712s][info][gc          ] Allocation Stall (Executor task launch worker for task 5.0 in stage 0.0 (TID 5)) 2.836ms
[95.712s][info][gc          ] Allocation Stall (Executor task launch worker for task 46.0 in stage 0.0 (TID 46)) 2.657ms
[95.712s][info][gc          ] Allocation Stall (Executor task launch worker for task 18.0 in stage 0.0 (TID 18)) 2.660ms
[95.712s][info][gc          ] Allocation Stall (Executor task launch worker for task 8.0 in stage 0.0 (TID 8)) 2.578ms
[95.712s][info][gc          ] Allocation Stall (Executor task launch worker for task 0.0 in stage 0.0 (TID 0)) 2.655ms
[95.713s][info][gc,load     ] GC(18) Load: 0.00/0.00/0.00
[95.713s][info][gc          ] Allocation Stall (Executor task launch worker for task 43.0 in stage 0.0 (TID 43)) 2.340ms
[95.713s][info][gc          ] Allocation Stall (Executor task launch worker for task 36.0 in stage 0.0 (TID 36)) 2.362ms
[95.713s][info][gc          ] Allocation Stall (Executor task launch worker for task 41.0 in stage 0.0 (TID 41)) 2.351ms
[95.713s][info][gc          ] Allocation Stall (Executor task launch worker for task 1.0 in stage 0.0 (TID 1)) 2.137ms
[95.713s][info][gc,mmu      ] GC(18) MMU: 2ms/94.2%, 5ms/97.7%, 10ms/98.8%, 20ms/99.3%, 50ms/99.7%, 100ms/99.9%
[95.713s][info][gc          ] Allocation Stall (Executor task launch worker for task 37.0 in stage 0.0 (TID 37)) 2.189ms
[95.713s][info][gc          ] Allocation Stall (Executor task launch worker for task 27.0 in stage 0.0 (TID 27)) 2.062ms
[95.713s][info][gc          ] Allocation Stall (Executor task launch worker for task 24.0 in stage 0.0 (TID 24)) 2.026ms
[95.713s][info][gc,marking  ] GC(18) Mark: 8 stripe(s), 2 proactive flush(es), 1 terminate flush(es), 0 completion(s), 0 continuation(s) 
[95.713s][info][gc          ] Allocation Stall (Executor task launch worker for task 23.0 in stage 0.0 (TID 23)) 1.949ms
[95.713s][info][gc          ] Allocation Stall (Executor task launch worker for task 29.0 in stage 0.0 (TID 29)) 1.912ms
[95.713s][info][gc          ] Allocation Stall (Executor task launch worker for task 10.0 in stage 0.0 (TID 10)) 1.714ms
[95.713s][info][gc,marking  ] GC(18) Mark Stack Usage: 32M
[95.713s][info][gc          ] Allocation Stall (Executor task launch worker for task 44.0 in stage 0.0 (TID 44)) 1.574ms
[95.713s][info][gc          ] Allocation Stall (Executor task launch worker for task 6.0 in stage 0.0 (TID 6)) 1.592ms
[95.713s][info][gc          ] Allocation Stall (Executor task launch worker for task 12.0 in stage 0.0 (TID 12)) 1.606ms
[95.713s][info][gc,nmethod  ] GC(18) NMethods: 776 registered, 11 unregistered
[95.713s][info][gc          ] Allocation Stall (Executor task launch worker for task 40.0 in stage 0.0 (TID 40)) 1.672ms
[95.713s][info][gc          ] Allocation Stall (Executor task launch worker for task 47.0 in stage 0.0 (TID 47)) 1.641ms
[95.713s][info][gc,metaspace] GC(18) Metaspace: 111M used, 124M committed, 1152M reserved
[95.713s][info][gc          ] Allocation Stall (Executor task launch worker for task 17.0 in stage 0.0 (TID 17)) 1.691ms
[95.713s][info][gc          ] Allocation Stall (Executor task launch worker for task 19.0 in stage 0.0 (TID 19)) 1.662ms
[95.713s][info][gc,ref      ] GC(18) Soft: 2784 encountered, 2338 discovered, 0 enqueued
[95.713s][info][gc          ] Allocation Stall (Executor task launch worker for task 22.0 in stage 0.0 (TID 22)) 1.701ms
[95.713s][info][gc          ] Allocation Stall (Executor task launch worker for task 39.0 in stage 0.0 (TID 39)) 1.565ms
[95.713s][info][gc,ref      ] GC(18) Weak: 12863 encountered, 2001 discovered, 0 enqueued
[95.714s][info][gc          ] Allocation Stall (Executor task launch worker for task 25.0 in stage 0.0 (TID 25)) 1.533ms
[95.714s][info][gc          ] Allocation Stall (Executor task launch worker for task 30.0 in stage 0.0 (TID 30)) 1.527ms
[95.714s][info][gc,ref      ] GC(18) Final: 62 encountered, 36 discovered, 0 enqueued
[95.714s][info][gc          ] Allocation Stall (Executor task launch worker for task 16.0 in stage 0.0 (TID 16)) 1.604ms
[95.714s][info][gc,ref      ] GC(18) Phantom: 750 encountered, 516 discovered, 0 enqueued
[95.714s][info][gc          ] Allocation Stall (Executor task launch worker for task 4.0 in stage 0.0 (TID 4)) 1.655ms
[95.714s][info][gc,reloc    ] GC(18) Small Pages: 250 / 500M, Empty: 350M, Relocated: 5M, In-Place: 0
[95.714s][info][gc          ] Allocation Stall (Executor task launch worker for task 15.0 in stage 0.0 (TID 15)) 1.698ms
[95.714s][info][gc,reloc    ] GC(18) Medium Pages: 4 / 128M, Empty: 32M, Relocated: 18M, In-Place: 0
[95.714s][info][gc          ] Allocation Stall (Executor task launch worker for task 2.0 in stage 0.0 (TID 2)) 1.738ms
[95.714s][info][gc,reloc    ] GC(18) Large Pages: 40 / 320M, Empty: 0M, Relocated: 0M, In-Place: 0
[95.714s][info][gc,reloc    ] GC(18) Forwarding Usage: 0M
[95.714s][info][gc          ] Allocation Stall (Executor task launch worker for task 3.0 in stage 0.0 (TID 3)) 1.767ms
[95.714s][info][gc,heap     ] GC(18) Min Capacity: 8M(1%)
[95.714s][info][gc,heap     ] GC(18) Max Capacity: 1024M(100%)
[95.714s][info][gc          ] Allocation Stall (Executor task launch worker for task 38.0 in stage 0.0 (TID 38)) 1.539ms
[95.714s][info][gc,heap     ] GC(18) Soft Max Capacity: 1024M(100%)
[95.714s][info][gc,heap     ] GC(18)                Mark Start          Mark End        Relocate Start      Relocate End           High               Low         
[95.714s][info][gc          ] Allocation Stall (Executor task launch worker for task 9.0 in stage 0.0 (TID 9)) 1.586ms
[95.714s][info][gc,heap     ] GC(18)  Capacity:     1024M (100%)       1024M (100%)       1024M (100%)       1024M (100%)       1024M (100%)       1024M (100%)   
[95.714s][info][gc,heap     ] GC(18)      Free:       76M (7%)            0M (0%)          202M (20%)           0M (0%)          362M (35%)           0M (0%)     
[95.714s][info][gc,heap     ] GC(18)      Used:      948M (93%)        1024M (100%)        822M (80%)        1024M (100%)       1024M (100%)        662M (65%)    
[95.714s][info][gc,heap     ] GC(18)      Live:         -               409M (40%)         409M (40%)         409M (40%)            -                  -          
[95.714s][info][gc,heap     ] GC(18) Allocated:         -                76M (7%)          256M (25%)         549M (54%)            -                  -          
[95.714s][info][gc,heap     ] GC(18)   Garbage:         -               538M (53%)         156M (15%)          64M (6%)             -                  -          
[95.714s][info][gc,heap     ] GC(18) Reclaimed:         -                  -               382M (37%)         473M (46%)            -                  -          
[95.714s][info][gc          ] GC(18) Garbage Collection (Allocation Stall) 948M(93%)->1024M(100%)
[95.714s][info][gc,start    ] GC(19) Garbage Collection (Allocation Stall)
[95.714s][info][gc,ref      ] GC(19) Clearing All SoftReferences
[95.714s][info][gc,task     ] GC(19) Using 10 workers
[95.715s][info][gc,ref      ] GC(19) Clearing All SoftReferences
[95.715s][info][gc,phases   ] GC(19) Pause Mark Start 0.034ms
[95.715s][info][gc          ] Allocation Stall (Executor task launch worker for task 26.0 in stage 0.0 (TID 26)) 2.801ms
[95.715s][info][gc          ] Allocation Stall (Executor task launch worker for task 34.0 in stage 0.0 (TID 34)) 2.779ms
[95.715s][info][gc          ] Allocation Stall (Executor task launch worker for task 7.0 in stage 0.0 (TID 7)) 2.779ms
[95.715s][info][gc          ] Allocation Stall (Executor task launch worker for task 13.0 in stage 0.0 (TID 13)) 1.992ms
[95.715s][info][gc          ] Allocation Stall (Executor task launch worker for task 45.0 in stage 0.0 (TID 45)) 2.775ms
[95.745s][info][gc,phases   ] GC(19) Concurrent Mark 29.296ms
[95.745s][info][gc,phases   ] GC(19) Pause Mark End 0.018ms
[95.745s][info][gc,phases   ] GC(19) Concurrent Mark Free 0.001ms
[95.745s][info][gc,phases   ] GC(19) Concurrent Process Non-Strong References 0.552ms
[95.745s][info][gc,phases   ] GC(19) Concurrent Reset Relocation Set 0.006ms
[95.745s][info][gc          ] Allocation Stall (Executor task launch worker for task 7.0 in stage 0.0 (TID 7)) 18.116ms
[95.746s][info][gc          ] Allocation Stall (Executor task launch worker for task 42.0 in stage 0.0 (TID 42)) 18.014ms
[95.746s][info][gc          ] Allocation Stall (Executor task launch worker for task 37.0 in stage 0.0 (TID 37)) 18.828ms
[95.746s][info][gc          ] Allocation Stall (Executor task launch worker for task 46.0 in stage 0.0 (TID 46)) 18.129ms
[95.746s][info][gc          ] Allocation Stall (Executor task launch worker for task 31.0 in stage 0.0 (TID 31)) 18.975ms
[95.746s][info][gc          ] Allocation Stall (Executor task launch worker for task 12.0 in stage 0.0 (TID 12)) 18.036ms
[95.746s][info][gc          ] Allocation Stall (Executor task launch worker for task 25.0 in stage 0.0 (TID 25)) 20.144ms
[95.746s][info][gc          ] Allocation Stall (Executor task launch worker for task 47.0 in stage 0.0 (TID 47)) 18.050ms
[95.746s][info][gc          ] Allocation Stall (Executor task launch worker for task 15.0 in stage 0.0 (TID 15)) 18.018ms
[95.746s][info][gc          ] Allocation Stall (Executor task launch worker for task 27.0 in stage 0.0 (TID 27)) 18.520ms
[95.746s][info][gc          ] Allocation Stall (Executor task launch worker for task 5.0 in stage 0.0 (TID 5)) 18.201ms
[95.746s][info][gc          ] Allocation Stall (Executor task launch worker for task 44.0 in stage 0.0 (TID 44)) 21.402ms
[95.746s][info][gc          ] Allocation Stall (Executor task launch worker for task 19.0 in stage 0.0 (TID 19)) 18.676ms
[95.746s][info][gc          ] Allocation Stall (Executor task launch worker for task 26.0 in stage 0.0 (TID 26)) 20.005ms
[95.746s][info][gc          ] Allocation Stall (Executor task launch worker for task 8.0 in stage 0.0 (TID 8)) 18.990ms
[95.746s][info][gc          ] Allocation Stall (Executor task launch worker for task 4.0 in stage 0.0 (TID 4)) 22.110ms
[95.746s][info][gc          ] Allocation Stall (Executor task launch worker for task 36.0 in stage 0.0 (TID 36)) 21.294ms
[95.746s][info][gc          ] Allocation Stall (Executor task launch worker for task 35.0 in stage 0.0 (TID 35)) 18.423ms
[95.746s][info][gc          ] Allocation Stall (Executor task launch worker for task 33.0 in stage 0.0 (TID 33)) 22.636ms
[95.746s][info][gc          ] Allocation Stall (Executor task launch worker for task 34.0 in stage 0.0 (TID 34)) 19.078ms
[95.746s][info][gc          ] Allocation Stall (Executor task launch worker for task 40.0 in stage 0.0 (TID 40)) 20.988ms
[95.746s][info][gc          ] Allocation Stall (Executor task launch worker for task 17.0 in stage 0.0 (TID 17)) 22.018ms
[95.746s][info][gc          ] Allocation Stall (Executor task launch worker for task 0.0 in stage 0.0 (TID 0)) 21.524ms
[95.746s][info][gc          ] Allocation Stall (Executor task launch worker for task 24.0 in stage 0.0 (TID 24)) 18.555ms
[95.746s][info][gc          ] Allocation Stall (Executor task launch worker for task 2.0 in stage 0.0 (TID 2)) 21.731ms
[95.746s][info][gc          ] Allocation Stall (Executor task launch worker for task 43.0 in stage 0.0 (TID 43)) 18.244ms
[95.746s][info][gc          ] Allocation Stall (Executor task launch worker for task 14.0 in stage 0.0 (TID 14)) 21.620ms
[95.746s][info][gc          ] Allocation Stall (Executor task launch worker for task 6.0 in stage 0.0 (TID 6)) 18.746ms
[95.746s][info][gc          ] Allocation Stall (Executor task launch worker for task 23.0 in stage 0.0 (TID 23)) 21.459ms
[95.746s][info][gc          ] Allocation Stall (Executor task launch worker for task 1.0 in stage 0.0 (TID 1)) 22.107ms
[95.746s][info][gc          ] Allocation Stall (Executor task launch worker for task 22.0 in stage 0.0 (TID 22)) 18.955ms
[95.746s][info][gc          ] Allocation Stall (Executor task launch worker for task 45.0 in stage 0.0 (TID 45)) 18.500ms
[95.746s][info][gc          ] Allocation Stall (Executor task launch worker for task 38.0 in stage 0.0 (TID 38)) 21.515ms
[95.746s][info][gc          ] Allocation Stall (Executor task launch worker for task 28.0 in stage 0.0 (TID 28)) 18.971ms
[95.746s][info][gc          ] Allocation Stall (Executor task launch worker for task 39.0 in stage 0.0 (TID 39)) 21.806ms
[95.746s][info][gc          ] Allocation Stall (Executor task launch worker for task 32.0 in stage 0.0 (TID 32)) 18.130ms
[95.746s][info][gc          ] Allocation Stall (Executor task launch worker for task 21.0 in stage 0.0 (TID 21)) 18.127ms
[95.746s][info][gc          ] Allocation Stall (Executor task launch worker for task 10.0 in stage 0.0 (TID 10)) 20.086ms
[95.746s][info][gc          ] Allocation Stall (Executor task launch worker for task 30.0 in stage 0.0 (TID 30)) 21.962ms
[95.746s][info][gc          ] Allocation Stall (Executor task launch worker for task 13.0 in stage 0.0 (TID 13)) 21.388ms
[95.746s][info][gc          ] Allocation Stall (Executor task launch worker for task 20.0 in stage 0.0 (TID 20)) 18.201ms
[95.746s][info][gc          ] Allocation Stall (Executor task launch worker for task 16.0 in stage 0.0 (TID 16)) 21.964ms
[95.746s][info][gc          ] Allocation Stall (Executor task launch worker for task 3.0 in stage 0.0 (TID 3)) 21.974ms
[95.746s][info][gc          ] Allocation Stall (Executor task launch worker for task 29.0 in stage 0.0 (TID 29)) 18.095ms
[95.746s][info][gc          ] Allocation Stall (Executor task launch worker for task 9.0 in stage 0.0 (TID 9)) 19.801ms
[95.746s][info][gc          ] Allocation Stall (Executor task launch worker for task 41.0 in stage 0.0 (TID 41)) 18.702ms
[95.746s][info][gc          ] Allocation Stall (Executor task launch worker for task 18.0 in stage 0.0 (TID 18)) 18.164ms
[95.746s][info][gc          ] Allocation Stall (Executor task launch worker for task 11.0 in stage 0.0 (TID 11)) 18.576ms
[95.749s][info][gc,phases   ] GC(19) Concurrent Select Relocation Set 3.450ms
[95.761s][info][gc,phases   ] GC(19) Pause Relocate Start 0.006ms
[95.843s][info][gc          ] Allocation Stall (Executor task launch worker for task 21.0 in stage 0.0 (TID 21)) 0.087ms
[95.844s][info][gc          ] Allocation Stall (Executor task launch worker for task 24.0 in stage 0.0 (TID 24)) 1.105ms
[95.844s][info][gc          ] Allocation Stall (Executor task launch worker for task 36.0 in stage 0.0 (TID 36)) 1.168ms
[95.844s][info][gc          ] Allocation Stall (Executor task launch worker for task 6.0 in stage 0.0 (TID 6)) 1.222ms
[95.844s][info][gc          ] Allocation Stall (Executor task launch worker for task 16.0 in stage 0.0 (TID 16)) 1.270ms
[95.844s][info][gc          ] Allocation Stall (Executor task launch worker for task 34.0 in stage 0.0 (TID 34)) 1.321ms
[95.844s][info][gc          ] Allocation Stall (Executor task launch worker for task 41.0 in stage 0.0 (TID 41)) 1.357ms
[95.847s][info][gc          ] Allocation Stall (Executor task launch worker for task 11.0 in stage 0.0 (TID 11)) 4.902ms
[95.847s][info][gc          ] Allocation Stall (Executor task launch worker for task 10.0 in stage 0.0 (TID 10)) 4.892ms
[95.847s][info][gc          ] Allocation Stall (Executor task launch worker for task 27.0 in stage 0.0 (TID 27)) 4.883ms
[95.847s][info][gc          ] Allocation Stall (Executor task launch worker for task 39.0 in stage 0.0 (TID 39)) 5.022ms
[95.847s][info][gc,phases   ] GC(19) Concurrent Relocate 79.995ms
[95.847s][info][gc          ] Allocation Stall (Executor task launch worker for task 23.0 in stage 0.0 (TID 23)) 5.028ms
[95.847s][info][gc          ] Allocation Stall (Executor task launch worker for task 28.0 in stage 0.0 (TID 28)) 5.032ms
[95.848s][info][gc          ] Allocation Stall (Executor task launch worker for task 5.0 in stage 0.0 (TID 5)) 5.038ms
[95.848s][info][gc          ] Allocation Stall (Executor task launch worker for task 1.0 in stage 0.0 (TID 1)) 5.042ms
[95.848s][info][gc          ] Allocation Stall (Executor task launch worker for task 37.0 in stage 0.0 (TID 37)) 5.041ms
[95.848s][info][gc          ] Allocation Stall (Executor task launch worker for task 15.0 in stage 0.0 (TID 15)) 5.056ms
[95.848s][info][gc          ] Allocation Stall (Executor task launch worker for task 31.0 in stage 0.0 (TID 31)) 5.061ms
[95.848s][info][gc          ] Allocation Stall (Spark Context Cleaner) 4.950ms
[95.848s][info][gc          ] Allocation Stall (Executor task launch worker for task 46.0 in stage 0.0 (TID 46)) 5.076ms
[95.848s][info][gc          ] Allocation Stall (Executor task launch worker for task 42.0 in stage 0.0 (TID 42)) 4.943ms
[95.848s][info][gc          ] Allocation Stall (Executor task launch worker for task 25.0 in stage 0.0 (TID 25)) 5.084ms
[95.848s][info][gc          ] Allocation Stall (Executor task launch worker for task 13.0 in stage 0.0 (TID 13)) 4.650ms
[95.848s][info][gc          ] Allocation Stall (Executor task launch worker for task 29.0 in stage 0.0 (TID 29)) 5.099ms
[95.848s][info][gc          ] Allocation Stall (Executor task launch worker for task 33.0 in stage 0.0 (TID 33)) 5.101ms
[95.848s][info][gc          ] Allocation Stall (Executor task launch worker for task 44.0 in stage 0.0 (TID 44)) 5.059ms
[95.848s][info][gc          ] Allocation Stall (Executor task launch worker for task 38.0 in stage 0.0 (TID 38)) 5.096ms
[95.848s][info][gc,load     ] GC(19) Load: 0.00/0.00/0.00
[95.848s][info][gc          ] Allocation Stall (Executor task launch worker for task 7.0 in stage 0.0 (TID 7)) 4.965ms
[95.848s][info][gc          ] Allocation Stall (Executor task launch worker for task 4.0 in stage 0.0 (TID 4)) 4.930ms
[95.848s][info][gc          ] Allocation Stall (Executor task launch worker for task 9.0 in stage 0.0 (TID 9)) 4.949ms
[95.848s][info][gc          ] Allocation Stall (Executor task launch worker for task 17.0 in stage 0.0 (TID 17)) 4.970ms
[95.848s][info][gc,mmu      ] GC(19) MMU: 2ms/94.2%, 5ms/97.7%, 10ms/98.8%, 20ms/99.3%, 50ms/99.7%, 100ms/99.9%
[95.848s][info][gc          ] Allocation Stall (Executor task launch worker for task 30.0 in stage 0.0 (TID 30)) 5.097ms
[95.848s][info][gc          ] Allocation Stall (Executor task launch worker for task 0.0 in stage 0.0 (TID 0)) 5.153ms
[95.848s][info][gc          ] Allocation Stall (Executor task launch worker for task 21.0 in stage 0.0 (TID 21)) 5.177ms
[95.848s][info][gc,marking  ] GC(19) Mark: 8 stripe(s), 2 proactive flush(es), 1 terminate flush(es), 0 completion(s), 0 continuation(s) 
[95.848s][info][gc          ] Allocation Stall (Executor task launch worker for task 22.0 in stage 0.0 (TID 22)) 5.209ms
[95.848s][info][gc,marking  ] GC(19) Mark Stack Usage: 32M
[95.848s][info][gc,nmethod  ] GC(19) NMethods: 813 registered, 11 unregistered
[95.848s][info][gc,metaspace] GC(19) Metaspace: 111M used, 124M committed, 1152M reserved
[95.848s][info][gc,ref      ] GC(19) Soft: 2784 encountered, 2016 discovered, 0 enqueued
[95.848s][info][gc,ref      ] GC(19) Weak: 12863 encountered, 1371 discovered, 0 enqueued
[95.849s][info][gc,ref      ] GC(19) Final: 62 encountered, 4 discovered, 0 enqueued
[95.849s][info][gc,ref      ] GC(19) Phantom: 750 encountered, 525 discovered, 0 enqueued
[95.849s][info][gc,reloc    ] GC(19) Small Pages: 282 / 564M, Empty: 402M, Relocated: 3M, In-Place: 0
[95.849s][info][gc,reloc    ] GC(19) Medium Pages: 3 / 96M, Empty: 32M, Relocated: 21M, In-Place: 0
[95.849s][info][gc,reloc    ] GC(19) Large Pages: 43 / 344M, Empty: 0M, Relocated: 0M, In-Place: 0
[95.849s][info][gc,reloc    ] GC(19) Forwarding Usage: 0M
[95.849s][info][gc,heap     ] GC(19) Min Capacity: 8M(1%)
[95.849s][info][gc,heap     ] GC(19) Max Capacity: 1024M(100%)
[95.849s][info][gc,heap     ] GC(19) Soft Max Capacity: 1024M(100%)
[95.849s][info][gc,heap     ] GC(19)                Mark Start          Mark End        Relocate Start      Relocate End           High               Low         
[95.849s][info][gc,heap     ] GC(19)  Capacity:     1024M (100%)       1024M (100%)       1024M (100%)       1024M (100%)       1024M (100%)       1024M (100%)   
[95.849s][info][gc,heap     ] GC(19)      Free:       10M (1%)            0M (0%)          364M (36%)           0M (0%)          418M (41%)           0M (0%)     
[95.849s][info][gc,heap     ] GC(19)      Used:     1014M (99%)        1024M (100%)        660M (64%)        1024M (100%)       1024M (100%)        606M (59%)    
[95.849s][info][gc,heap     ] GC(19)      Live:         -               423M (41%)         423M (41%)         423M (41%)            -                  -          
[95.849s][info][gc,heap     ] GC(19) Allocated:         -                10M (1%)           80M (8%)          537M (53%)            -                  -          
[95.849s][info][gc,heap     ] GC(19)   Garbage:         -               590M (58%)         156M (15%)          62M (6%)             -                  -          
[95.849s][info][gc,heap     ] GC(19) Reclaimed:         -                  -               434M (42%)         527M (52%)            -                  -          
[95.849s][info][gc          ] GC(19) Garbage Collection (Allocation Stall) 1014M(99%)->1024M(100%)
[95.849s][info][gc,start    ] GC(20) Garbage Collection (Allocation Stall)
[95.849s][info][gc,ref      ] GC(20) Clearing All SoftReferences
[95.849s][info][gc,task     ] GC(20) Using 10 workers
[95.858s][info][gc,ref      ] GC(20) Clearing All SoftReferences
[95.858s][info][gc,phases   ] GC(20) Pause Mark Start 0.036ms
[95.858s][info][gc          ] Allocation Stall (Executor task launch worker for task 8.0 in stage 0.0 (TID 8)) 15.284ms
[95.890s][info][gc,phases   ] GC(20) Concurrent Mark 31.698ms
[95.890s][info][gc,phases   ] GC(20) Pause Mark End 0.016ms
[95.890s][info][gc,phases   ] GC(20) Concurrent Mark Free 0.001ms
[95.891s][info][gc,phases   ] GC(20) Concurrent Process Non-Strong References 0.687ms
[95.891s][info][gc,phases   ] GC(20) Concurrent Reset Relocation Set 0.005ms
[95.891s][info][gc          ] Allocation Stall (Executor task launch worker for task 26.0 in stage 0.0 (TID 26)) 44.610ms
[95.891s][info][gc          ] Allocation Stall (Executor task launch worker for task 25.0 in stage 0.0 (TID 25)) 32.720ms
[95.891s][info][gc          ] Allocation Stall (Executor task launch worker for task 14.0 in stage 0.0 (TID 14)) 45.279ms
[95.891s][info][gc          ] Allocation Stall (Executor task launch worker for task 36.0 in stage 0.0 (TID 36)) 45.452ms
[95.891s][info][gc          ] Allocation Stall (Executor task launch worker for task 43.0 in stage 0.0 (TID 43)) 42.276ms
[95.891s][info][gc          ] Allocation Stall (Executor task launch worker for task 21.0 in stage 0.0 (TID 21)) 32.714ms
[95.891s][info][gc          ] Allocation Stall (Executor task launch worker for task 7.0 in stage 0.0 (TID 7)) 32.719ms
[95.891s][info][gc          ] Allocation Stall (Executor task launch worker for task 34.0 in stage 0.0 (TID 34)) 43.600ms
[95.891s][info][gc          ] Allocation Stall (Executor task launch worker for task 24.0 in stage 0.0 (TID 24)) 45.274ms
[95.891s][info][gc          ] Allocation Stall (Executor task launch worker for task 20.0 in stage 0.0 (TID 20)) 32.751ms
[95.891s][info][gc          ] Allocation Stall (Executor task launch worker for task 44.0 in stage 0.0 (TID 44)) 32.721ms
[95.891s][info][gc          ] Allocation Stall (Executor task launch worker for task 45.0 in stage 0.0 (TID 45)) 32.745ms
[95.891s][info][gc          ] Allocation Stall (Executor task launch worker for task 2.0 in stage 0.0 (TID 2)) 42.917ms
[95.891s][info][gc          ] Allocation Stall (Executor task launch worker for task 35.0 in stage 0.0 (TID 35)) 43.663ms
[95.891s][info][gc          ] Allocation Stall (Executor task launch worker for task 27.0 in stage 0.0 (TID 27)) 32.727ms
[95.891s][info][gc          ] Allocation Stall (Executor task launch worker for task 1.0 in stage 0.0 (TID 1)) 32.767ms
[95.891s][info][gc          ] Allocation Stall (Executor task launch worker for task 28.0 in stage 0.0 (TID 28)) 32.756ms
[95.891s][info][gc          ] Allocation Stall (Executor task launch worker for task 19.0 in stage 0.0 (TID 19)) 31.320ms
[95.891s][info][gc          ] Allocation Stall (Executor task launch worker for task 4.0 in stage 0.0 (TID 4)) 31.566ms
[95.891s][info][gc          ] Allocation Stall (Executor task launch worker for task 42.0 in stage 0.0 (TID 42)) 31.585ms
[95.891s][info][gc          ] Allocation Stall (Executor task launch worker for task 22.0 in stage 0.0 (TID 22)) 31.531ms
[95.891s][info][gc          ] Allocation Stall (Executor task launch worker for task 30.0 in stage 0.0 (TID 30)) 31.553ms
[95.891s][info][gc          ] Allocation Stall (Executor task launch worker for task 41.0 in stage 0.0 (TID 41)) 32.760ms
[95.891s][info][gc          ] Allocation Stall (Executor task launch worker for task 10.0 in stage 0.0 (TID 10)) 32.795ms
[95.891s][info][gc          ] Allocation Stall (Executor task launch worker for task 3.0 in stage 0.0 (TID 3)) 31.182ms
[95.891s][info][gc          ] Allocation Stall (Executor task launch worker for task 18.0 in stage 0.0 (TID 18)) 26.030ms
[95.891s][info][gc          ] Allocation Stall (Executor task launch worker for task 31.0 in stage 0.0 (TID 31)) 32.832ms
[95.891s][info][gc          ] Allocation Stall (Executor task launch worker for task 32.0 in stage 0.0 (TID 32)) 25.692ms
[95.891s][info][gc          ] Allocation Stall (Executor task launch worker for task 46.0 in stage 0.0 (TID 46)) 32.809ms
[95.891s][info][gc          ] Allocation Stall (Executor task launch worker for task 13.0 in stage 0.0 (TID 13)) 42.969ms
[95.891s][info][gc          ] Allocation Stall (Executor task launch worker for task 47.0 in stage 0.0 (TID 47)) 46.939ms
[95.891s][info][gc          ] Allocation Stall (Executor task launch worker for task 29.0 in stage 0.0 (TID 29)) 32.843ms
[95.891s][info][gc          ] Allocation Stall (Executor task launch worker for task 0.0 in stage 0.0 (TID 0)) 32.849ms
[95.891s][info][gc          ] Allocation Stall (Executor task launch worker for task 15.0 in stage 0.0 (TID 15)) 32.819ms
[95.891s][info][gc          ] Allocation Stall (Executor task launch worker for task 5.0 in stage 0.0 (TID 5)) 32.865ms
[95.891s][info][gc          ] Allocation Stall (Executor task launch worker for task 39.0 in stage 0.0 (TID 39)) 32.839ms
[95.891s][info][gc          ] Allocation Stall (Executor task launch worker for task 11.0 in stage 0.0 (TID 11)) 32.850ms
[95.891s][info][gc          ] Allocation Stall (Executor task launch worker for task 12.0 in stage 0.0 (TID 12)) 31.758ms
[95.891s][info][gc          ] Allocation Stall (Executor task launch worker for task 6.0 in stage 0.0 (TID 6)) 45.584ms
[95.891s][info][gc          ] Allocation Stall (Executor task launch worker for task 38.0 in stage 0.0 (TID 38)) 32.839ms
[95.891s][info][gc          ] Allocation Stall (Executor task launch worker for task 16.0 in stage 0.0 (TID 16)) 31.647ms
[95.891s][info][gc          ] Allocation Stall (Executor task launch worker for task 8.0 in stage 0.0 (TID 8)) 25.152ms
[95.891s][info][gc          ] Allocation Stall (Executor task launch worker for task 40.0 in stage 0.0 (TID 40)) 32.684ms
[95.891s][info][gc          ] Allocation Stall (Executor task launch worker for task 23.0 in stage 0.0 (TID 23)) 32.867ms
[95.891s][info][gc          ] Allocation Stall (Executor task launch worker for task 17.0 in stage 0.0 (TID 17)) 32.866ms
[95.891s][info][gc          ] Allocation Stall (Executor task launch worker for task 37.0 in stage 0.0 (TID 37)) 32.795ms
[95.891s][info][gc          ] Allocation Stall (Executor task launch worker for task 33.0 in stage 0.0 (TID 33)) 32.833ms
[95.891s][info][gc          ] Allocation Stall (Executor task launch worker for task 9.0 in stage 0.0 (TID 9)) 32.866ms
[95.894s][info][gc,phases   ] GC(20) Concurrent Select Relocation Set 2.987ms
[95.897s][info][gc,phases   ] GC(20) Pause Relocate Start 0.006ms
[95.915s][info][gc,phases   ] GC(20) Concurrent Relocate 0.690ms
[95.915s][info][gc,load     ] GC(20) Load: 0.00/0.00/0.00
[95.915s][info][gc,mmu      ] GC(20) MMU: 2ms/94.2%, 5ms/97.7%, 10ms/98.8%, 20ms/99.3%, 50ms/99.7%, 100ms/99.9%
[95.915s][info][gc,marking  ] GC(20) Mark: 8 stripe(s), 2 proactive flush(es), 1 terminate flush(es), 0 completion(s), 0 continuation(s) 
[95.915s][info][gc,marking  ] GC(20) Mark Stack Usage: 32M
[95.916s][info][gc,nmethod  ] GC(20) NMethods: 914 registered, 16 unregistered
[95.916s][info][gc,metaspace] GC(20) Metaspace: 111M used, 124M committed, 1152M reserved
[95.916s][info][gc,ref      ] GC(20) Soft: 2788 encountered, 2383 discovered, 4 enqueued
[95.916s][info][gc,ref      ] GC(20) Weak: 12880 encountered, 2572 discovered, 10 enqueued
[95.916s][info][gc,ref      ] GC(20) Final: 62 encountered, 17 discovered, 0 enqueued
[95.916s][info][gc,ref      ] GC(20) Phantom: 758 encountered, 343 discovered, 8 enqueued
[95.916s][info][gc,reloc    ] GC(20) Small Pages: 283 / 566M, Empty: 406M, Relocated: 3M, In-Place: 0
[95.916s][info][gc,reloc    ] GC(20) Medium Pages: 2 / 64M, Empty: 0M, Relocated: 0M, In-Place: 0
[95.916s][info][gc,reloc    ] GC(20) Large Pages: 45 / 360M, Empty: 16M, Relocated: 0M, In-Place: 0
[95.916s][info][gc,reloc    ] GC(20) Forwarding Usage: 0M
[95.916s][info][gc,heap     ] GC(20) Min Capacity: 8M(1%)
[95.916s][info][gc,heap     ] GC(20) Max Capacity: 1024M(100%)
[95.916s][info][gc,heap     ] GC(20) Soft Max Capacity: 1024M(100%)
[95.916s][info][gc,heap     ] GC(20)                Mark Start          Mark End        Relocate Start      Relocate End           High               Low         
[95.916s][info][gc,heap     ] GC(20)  Capacity:     1024M (100%)       1024M (100%)       1024M (100%)       1024M (100%)       1024M (100%)       1024M (100%)   
[95.916s][info][gc,heap     ] GC(20)      Free:        2M (0%)            0M (0%)          372M (36%)         374M (37%)         374M (37%)           0M (0%)     
[95.916s][info][gc,heap     ] GC(20)      Used:     1022M (100%)       1024M (100%)        652M (64%)         650M (63%)        1024M (100%)        650M (63%)    
[95.916s][info][gc,heap     ] GC(20)      Live:         -               433M (42%)         433M (42%)         433M (42%)            -                  -          
[95.916s][info][gc,heap     ] GC(20) Allocated:         -                 2M (0%)           52M (5%)          123M (12%)            -                  -          
[95.916s][info][gc,heap     ] GC(20)   Garbage:         -               588M (58%)         166M (16%)          93M (9%)             -                  -          
[95.916s][info][gc,heap     ] GC(20) Reclaimed:         -                  -               422M (41%)         495M (48%)            -                  -          
[95.916s][info][gc          ] GC(20) Garbage Collection (Allocation Stall) 1022M(100%)->650M(63%)
[95.931s][info][gc,start    ] GC(21) Garbage Collection (Allocation Stall)
[95.931s][info][gc,ref      ] GC(21) Clearing All SoftReferences
[95.931s][info][gc,task     ] GC(21) Using 10 workers
[95.946s][info][gc,ref      ] GC(21) Clearing All SoftReferences
[95.946s][info][gc,phases   ] GC(21) Pause Mark Start 0.051ms
[96.106s][info][gc          ] Allocation Stall (Executor task launch worker for task 15.0 in stage 0.0 (TID 15)) 1.169ms
[96.106s][info][gc          ] Allocation Stall (Executor task launch worker for task 4.0 in stage 0.0 (TID 4)) 1.224ms
[96.106s][info][gc          ] Allocation Stall (Executor task launch worker for task 34.0 in stage 0.0 (TID 34)) 1.266ms
[96.106s][info][gc          ] Allocation Stall (Executor task launch worker for task 12.0 in stage 0.0 (TID 12)) 1.282ms
[96.106s][info][gc          ] Allocation Stall (Executor task launch worker for task 16.0 in stage 0.0 (TID 16)) 1.300ms
[96.106s][info][gc          ] Allocation Stall (Executor task launch worker for task 10.0 in stage 0.0 (TID 10)) 1.345ms
[96.106s][info][gc          ] Allocation Stall (Executor task launch worker for task 42.0 in stage 0.0 (TID 42)) 1.368ms
[96.106s][info][gc          ] Allocation Stall (Executor task launch worker for task 36.0 in stage 0.0 (TID 36)) 1.385ms
[96.106s][info][gc          ] Allocation Stall (Executor task launch worker for task 33.0 in stage 0.0 (TID 33)) 1.402ms
[96.106s][info][gc          ] Allocation Stall (Executor task launch worker for task 41.0 in stage 0.0 (TID 41)) 1.439ms
[96.106s][info][gc          ] Allocation Stall (Executor task launch worker for task 26.0 in stage 0.0 (TID 26)) 1.510ms
[96.106s][info][gc          ] Allocation Stall (Executor task launch worker for task 11.0 in stage 0.0 (TID 11)) 1.558ms
[96.106s][info][gc          ] Allocation Stall (Executor task launch worker for task 29.0 in stage 0.0 (TID 29)) 1.602ms
[96.106s][info][gc          ] Allocation Stall (Executor task launch worker for task 24.0 in stage 0.0 (TID 24)) 1.647ms
[96.106s][info][gc          ] Allocation Stall (Executor task launch worker for task 39.0 in stage 0.0 (TID 39)) 1.694ms
[96.106s][info][gc          ] Allocation Stall (Executor task launch worker for task 20.0 in stage 0.0 (TID 20)) 1.765ms
[96.107s][info][gc          ] Allocation Stall (Executor task launch worker for task 40.0 in stage 0.0 (TID 40)) 1.821ms
[96.164s][info][gc,phases   ] GC(21) Concurrent Mark 217.421ms
[96.164s][info][gc,phases   ] GC(21) Pause Mark End 0.027ms
[96.164s][info][gc,phases   ] GC(21) Concurrent Mark Free 0.001ms
[96.166s][info][gc,phases   ] GC(21) Concurrent Process Non-Strong References 1.001ms
[96.166s][info][gc,phases   ] GC(21) Concurrent Reset Relocation Set 0.006ms
[96.166s][info][gc          ] Allocation Stall (Executor task launch worker for task 19.0 in stage 0.0 (TID 19)) 17.437ms
[96.166s][info][gc          ] Allocation Stall (Executor task launch worker for task 37.0 in stage 0.0 (TID 37)) 18.030ms
[96.166s][info][gc          ] Allocation Stall (Executor task launch worker for task 15.0 in stage 0.0 (TID 15)) 52.792ms
[96.166s][info][gc          ] Allocation Stall (Executor task launch worker for task 6.0 in stage 0.0 (TID 6)) 17.018ms
[96.166s][info][gc          ] Allocation Stall (Executor task launch worker for task 17.0 in stage 0.0 (TID 17)) 17.162ms
[96.166s][info][gc          ] Allocation Stall (Executor task launch worker for task 13.0 in stage 0.0 (TID 13)) 16.966ms
[96.166s][info][gc          ] Allocation Stall (Executor task launch worker for task 11.0 in stage 0.0 (TID 11)) 54.075ms
[96.166s][info][gc          ] Allocation Stall (Executor task launch worker for task 14.0 in stage 0.0 (TID 14)) 46.515ms
[96.166s][info][gc          ] Allocation Stall (Executor task launch worker for task 30.0 in stage 0.0 (TID 30)) 17.061ms
[96.166s][info][gc          ] Allocation Stall (Executor task launch worker for task 12.0 in stage 0.0 (TID 12)) 54.823ms
[96.166s][info][gc          ] Allocation Stall (Executor task launch worker for task 22.0 in stage 0.0 (TID 22)) 17.935ms
[96.166s][info][gc          ] Allocation Stall (Executor task launch worker for task 27.0 in stage 0.0 (TID 27)) 17.721ms
[96.166s][info][gc          ] Allocation Stall (Executor task launch worker for task 39.0 in stage 0.0 (TID 39)) 54.650ms
[96.166s][info][gc          ] Allocation Stall (Executor task launch worker for task 0.0 in stage 0.0 (TID 0)) 54.132ms
[96.166s][info][gc          ] Allocation Stall (Executor task launch worker for task 28.0 in stage 0.0 (TID 28)) 53.107ms
[96.166s][info][gc          ] Allocation Stall (Executor task launch worker for task 3.0 in stage 0.0 (TID 3)) 18.194ms
[96.166s][info][gc          ] Allocation Stall (Executor task launch worker for task 1.0 in stage 0.0 (TID 1)) 17.733ms
[96.166s][info][gc          ] Allocation Stall (Executor task launch worker for task 32.0 in stage 0.0 (TID 32)) 46.710ms
[96.166s][info][gc          ] Allocation Stall (Executor task launch worker for task 8.0 in stage 0.0 (TID 8)) 17.407ms
[96.166s][info][gc          ] Allocation Stall (Executor task launch worker for task 2.0 in stage 0.0 (TID 2)) 61.108ms
[96.166s][info][gc          ] Allocation Stall (Executor task launch worker for task 10.0 in stage 0.0 (TID 10)) 54.855ms
[96.166s][info][gc          ] Allocation Stall (Executor task launch worker for task 45.0 in stage 0.0 (TID 45)) 54.723ms
[96.166s][info][gc          ] Allocation Stall (Executor task launch worker for task 4.0 in stage 0.0 (TID 4)) 52.799ms
[96.166s][info][gc          ] Allocation Stall (Executor task launch worker for task 16.0 in stage 0.0 (TID 16)) 54.894ms
[96.166s][info][gc          ] Allocation Stall (Executor task launch worker for task 38.0 in stage 0.0 (TID 38)) 17.162ms
[96.166s][info][gc          ] Allocation Stall (Executor task launch worker for task 25.0 in stage 0.0 (TID 25)) 54.668ms
[96.166s][info][gc          ] Allocation Stall (Executor task launch worker for task 42.0 in stage 0.0 (TID 42)) 54.717ms
[96.166s][info][gc          ] Allocation Stall (Executor task launch worker for task 33.0 in stage 0.0 (TID 33)) 54.584ms
[96.166s][info][gc          ] Allocation Stall (Executor task launch worker for task 41.0 in stage 0.0 (TID 41)) 54.273ms
[96.166s][info][gc          ] Allocation Stall (Executor task launch worker for task 31.0 in stage 0.0 (TID 31)) 53.227ms
[96.166s][info][gc          ] Allocation Stall (Executor task launch worker for task 26.0 in stage 0.0 (TID 26)) 54.379ms
[96.166s][info][gc          ] Allocation Stall (Executor task launch worker for task 46.0 in stage 0.0 (TID 46)) 61.150ms
[96.166s][info][gc          ] Allocation Stall (Executor task launch worker for task 9.0 in stage 0.0 (TID 9)) 61.140ms
[96.166s][info][gc          ] Allocation Stall (Executor task launch worker for task 18.0 in stage 0.0 (TID 18)) 46.828ms
[96.166s][info][gc          ] Allocation Stall (Executor task launch worker for task 34.0 in stage 0.0 (TID 34)) 54.864ms
[96.166s][info][gc          ] Allocation Stall (Executor task launch worker for task 43.0 in stage 0.0 (TID 43)) 46.752ms
[96.166s][info][gc          ] Allocation Stall (Executor task launch worker for task 21.0 in stage 0.0 (TID 21)) 17.561ms
[96.166s][info][gc          ] Allocation Stall (Executor task launch worker for task 7.0 in stage 0.0 (TID 7)) 53.251ms
[96.166s][info][gc          ] Allocation Stall (Executor task launch worker for task 35.0 in stage 0.0 (TID 35)) 53.086ms
[96.166s][info][gc          ] Allocation Stall (Executor task launch worker for task 44.0 in stage 0.0 (TID 44)) 17.729ms
[96.166s][info][gc          ] Allocation Stall (Executor task launch worker for task 29.0 in stage 0.0 (TID 29)) 54.433ms
[96.166s][info][gc          ] Allocation Stall (Executor task launch worker for task 23.0 in stage 0.0 (TID 23)) 19.661ms
[96.166s][info][gc          ] Allocation Stall (Executor task launch worker for task 36.0 in stage 0.0 (TID 36)) 54.638ms
[96.166s][info][gc          ] Allocation Stall (Executor task launch worker for task 5.0 in stage 0.0 (TID 5)) 17.573ms
[96.166s][info][gc          ] Allocation Stall (Executor task launch worker for task 20.0 in stage 0.0 (TID 20)) 54.724ms
[96.166s][info][gc          ] Allocation Stall (Executor task launch worker for task 47.0 in stage 0.0 (TID 47)) 46.826ms
[96.166s][info][gc          ] Allocation Stall (Executor task launch worker for task 40.0 in stage 0.0 (TID 40)) 55.063ms
[96.166s][info][gc          ] Allocation Stall (Executor task launch worker for task 24.0 in stage 0.0 (TID 24)) 54.043ms
[96.169s][info][gc,phases   ] GC(21) Concurrent Select Relocation Set 3.619ms
[96.170s][info][gc,phases   ] GC(21) Pause Relocate Start 0.007ms
[96.185s][info][gc          ] Allocation Stall (Executor task launch worker for task 34.0 in stage 0.0 (TID 34)) 6.139ms
[96.186s][info][gc          ] Allocation Stall (Executor task launch worker for task 28.0 in stage 0.0 (TID 28)) 3.599ms
[96.186s][info][gc          ] Allocation Stall (Executor task launch worker for task 3.0 in stage 0.0 (TID 3)) 1.041ms
[96.186s][info][gc          ] Allocation Stall (Executor task launch worker for task 44.0 in stage 0.0 (TID 44)) 1.765ms
[96.186s][info][gc          ] Allocation Stall (Executor task launch worker for task 18.0 in stage 0.0 (TID 18)) 3.873ms
[96.186s][info][gc          ] Allocation Stall (Executor task launch worker for task 20.0 in stage 0.0 (TID 20)) 3.659ms
[96.186s][info][gc          ] Allocation Stall (Executor task launch worker for task 32.0 in stage 0.0 (TID 32)) 0.995ms
[96.186s][info][gc          ] Allocation Stall (Executor task launch worker for task 13.0 in stage 0.0 (TID 13)) 3.671ms
[96.186s][info][gc          ] Allocation Stall (Executor task launch worker for task 10.0 in stage 0.0 (TID 10)) 1.705ms
[96.193s][info][gc          ] Allocation Stall (Executor task launch worker for task 12.0 in stage 0.0 (TID 12)) 7.909ms
[96.193s][info][gc          ] Allocation Stall (Executor task launch worker for task 6.0 in stage 0.0 (TID 6)) 7.898ms
[96.193s][info][gc          ] Allocation Stall (Executor task launch worker for task 7.0 in stage 0.0 (TID 7)) 7.886ms
[96.193s][info][gc          ] Allocation Stall (Executor task launch worker for task 42.0 in stage 0.0 (TID 42)) 10.955ms
[96.193s][info][gc          ] Allocation Stall (Executor task launch worker for task 23.0 in stage 0.0 (TID 23)) 11.007ms
[96.193s][info][gc          ] Allocation Stall (Executor task launch worker for task 8.0 in stage 0.0 (TID 8)) 10.965ms
[96.193s][info][gc          ] Allocation Stall (Executor task launch worker for task 37.0 in stage 0.0 (TID 37)) 10.905ms
[96.193s][info][gc          ] Allocation Stall (Executor task launch worker for task 29.0 in stage 0.0 (TID 29)) 10.901ms
[96.193s][info][gc          ] Allocation Stall (Executor task launch worker for task 31.0 in stage 0.0 (TID 31)) 11.037ms
[96.193s][info][gc          ] Allocation Stall (Executor task launch worker for task 16.0 in stage 0.0 (TID 16)) 10.827ms
[96.193s][info][gc          ] Allocation Stall (Executor task launch worker for task 40.0 in stage 0.0 (TID 40)) 8.187ms
[96.193s][info][gc          ] Allocation Stall (Executor task launch worker for task 38.0 in stage 0.0 (TID 38)) 10.746ms
[96.193s][info][gc          ] Allocation Stall (Executor task launch worker for task 9.0 in stage 0.0 (TID 9)) 8.156ms
[96.193s][info][gc          ] Allocation Stall (Executor task launch worker for task 1.0 in stage 0.0 (TID 1)) 8.155ms
[96.193s][info][gc          ] Allocation Stall (Executor task launch worker for task 41.0 in stage 0.0 (TID 41)) 8.141ms
[96.193s][info][gc          ] Allocation Stall (Executor task launch worker for task 35.0 in stage 0.0 (TID 35)) 8.146ms
[96.193s][info][gc          ] Allocation Stall (Executor task launch worker for task 22.0 in stage 0.0 (TID 22)) 8.139ms
[96.193s][info][gc          ] Allocation Stall (Executor task launch worker for task 39.0 in stage 0.0 (TID 39)) 8.134ms
[96.193s][info][gc          ] Allocation Stall (Executor task launch worker for task 2.0 in stage 0.0 (TID 2)) 8.117ms
[96.193s][info][gc          ] Allocation Stall (Executor task launch worker for task 15.0 in stage 0.0 (TID 15)) 8.082ms
[96.193s][info][gc          ] Allocation Stall (Executor task launch worker for task 19.0 in stage 0.0 (TID 19)) 8.070ms
[96.193s][info][gc          ] Allocation Stall (Executor task launch worker for task 27.0 in stage 0.0 (TID 27)) 8.079ms
[96.203s][info][gc          ] Allocation Stall (Executor task launch worker for task 43.0 in stage 0.0 (TID 43)) 18.230ms
[96.203s][info][gc          ] Allocation Stall (Executor task launch worker for task 24.0 in stage 0.0 (TID 24)) 17.992ms
[96.203s][info][gc          ] Allocation Stall (Executor task launch worker for task 26.0 in stage 0.0 (TID 26)) 18.217ms
[96.203s][info][gc          ] Allocation Stall (Executor task launch worker for task 45.0 in stage 0.0 (TID 45)) 17.951ms
[96.203s][info][gc          ] Allocation Stall (Executor task launch worker for task 36.0 in stage 0.0 (TID 36)) 18.214ms
[96.203s][info][gc          ] Allocation Stall (Executor task launch worker for task 4.0 in stage 0.0 (TID 4)) 17.968ms
[96.203s][info][gc          ] Allocation Stall (Executor task launch worker for task 21.0 in stage 0.0 (TID 21)) 18.229ms
[96.203s][info][gc          ] Allocation Stall (Executor task launch worker for task 30.0 in stage 0.0 (TID 30)) 18.218ms
[96.203s][info][gc          ] Allocation Stall (Executor task launch worker for task 13.0 in stage 0.0 (TID 13)) 0.021ms
[96.203s][info][gc          ] Allocation Stall (Executor task launch worker for task 5.0 in stage 0.0 (TID 5)) 18.258ms
[96.203s][info][gc          ] Allocation Stall (Executor task launch worker for task 17.0 in stage 0.0 (TID 17)) 18.333ms
[96.203s][info][gc          ] Allocation Stall (Executor task launch worker for task 47.0 in stage 0.0 (TID 47)) 18.342ms
[96.282s][info][gc          ] Allocation Stall (Executor task launch worker for task 28.0 in stage 0.0 (TID 28)) 0.153ms
[96.282s][info][gc          ] Allocation Stall (Executor task launch worker for task 42.0 in stage 0.0 (TID 42)) 0.151ms
[96.282s][info][gc          ] Allocation Stall (Executor task launch worker for task 23.0 in stage 0.0 (TID 23)) 0.153ms
[96.282s][info][gc          ] Allocation Stall (Executor task launch worker for task 17.0 in stage 0.0 (TID 17)) 0.156ms
[96.282s][info][gc          ] Allocation Stall (Executor task launch worker for task 43.0 in stage 0.0 (TID 43)) 0.164ms
[96.282s][info][gc          ] Allocation Stall (Executor task launch worker for task 19.0 in stage 0.0 (TID 19)) 0.188ms
[96.282s][info][gc          ] Allocation Stall (Executor task launch worker for task 25.0 in stage 0.0 (TID 25)) 0.231ms
[96.282s][info][gc          ] Allocation Stall (Executor task launch worker for task 35.0 in stage 0.0 (TID 35)) 0.261ms
[96.282s][info][gc          ] Allocation Stall (Executor task launch worker for task 6.0 in stage 0.0 (TID 6)) 0.287ms
[96.282s][info][gc          ] Allocation Stall (Executor task launch worker for task 18.0 in stage 0.0 (TID 18)) 0.316ms
[96.282s][info][gc          ] Allocation Stall (Executor task launch worker for task 1.0 in stage 0.0 (TID 1)) 0.375ms
[96.282s][info][gc          ] Allocation Stall (Executor task launch worker for task 13.0 in stage 0.0 (TID 13)) 0.423ms
[96.282s][info][gc          ] Allocation Stall (Executor task launch worker for task 26.0 in stage 0.0 (TID 26)) 0.449ms
[96.282s][info][gc          ] Allocation Stall (Executor task launch worker for task 16.0 in stage 0.0 (TID 16)) 0.481ms
[96.282s][info][gc          ] Allocation Stall (Executor task launch worker for task 27.0 in stage 0.0 (TID 27)) 0.517ms
[96.282s][info][gc          ] Allocation Stall (Executor task launch worker for task 20.0 in stage 0.0 (TID 20)) 0.548ms
[96.282s][info][gc          ] Allocation Stall (Executor task launch worker for task 24.0 in stage 0.0 (TID 24)) 0.576ms
[96.282s][info][gc          ] Allocation Stall (Executor task launch worker for task 29.0 in stage 0.0 (TID 29)) 0.625ms
[96.282s][info][gc          ] Allocation Stall (Executor task launch worker for task 15.0 in stage 0.0 (TID 15)) 0.675ms
[96.282s][info][gc          ] Allocation Stall (Executor task launch worker for task 9.0 in stage 0.0 (TID 9)) 0.703ms
[96.282s][info][gc          ] Allocation Stall (Executor task launch worker for task 47.0 in stage 0.0 (TID 47)) 0.745ms
[96.282s][info][gc          ] Allocation Stall (Executor task launch worker for task 30.0 in stage 0.0 (TID 30)) 0.732ms
[96.283s][info][gc          ] Allocation Stall (Executor task launch worker for task 44.0 in stage 0.0 (TID 44)) 0.763ms
[96.304s][info][gc          ] Allocation Stall (Executor task launch worker for task 1.0 in stage 0.0 (TID 1)) 3.391ms
[96.304s][info][gc          ] Allocation Stall (Executor task launch worker for task 14.0 in stage 0.0 (TID 14)) 3.223ms
[96.304s][info][gc          ] Allocation Stall (Executor task launch worker for task 44.0 in stage 0.0 (TID 44)) 3.147ms
[96.304s][info][gc          ] Allocation Stall (Executor task launch worker for task 42.0 in stage 0.0 (TID 42)) 4.074ms
[96.304s][info][gc          ] Allocation Stall (Executor task launch worker for task 21.0 in stage 0.0 (TID 21)) 12.033ms
[96.304s][info][gc          ] Allocation Stall (Executor task launch worker for task 7.0 in stage 0.0 (TID 7)) 9.792ms
[96.304s][info][gc          ] Allocation Stall (Executor task launch worker for task 3.0 in stage 0.0 (TID 3)) 4.426ms
[96.304s][info][gc          ] Allocation Stall (Executor task launch worker for task 37.0 in stage 0.0 (TID 37)) 3.857ms
[96.304s][info][gc          ] Allocation Stall (Executor task launch worker for task 39.0 in stage 0.0 (TID 39)) 4.934ms
[96.304s][info][gc          ] Allocation Stall (Executor task launch worker for task 31.0 in stage 0.0 (TID 31)) 4.871ms
[96.304s][info][gc          ] Allocation Stall (Executor task launch worker for task 32.0 in stage 0.0 (TID 32)) 4.319ms
[96.304s][info][gc          ] Allocation Stall (Executor task launch worker for task 33.0 in stage 0.0 (TID 33)) 10.424ms
[96.304s][info][gc          ] Allocation Stall (Executor task launch worker for task 36.0 in stage 0.0 (TID 36)) 4.708ms
[96.304s][info][gc          ] Allocation Stall (Executor task launch worker for task 6.0 in stage 0.0 (TID 6)) 3.644ms
[96.304s][info][gc          ] Allocation Stall (Executor task launch worker for task 10.0 in stage 0.0 (TID 10)) 3.615ms
[96.304s][info][gc          ] Allocation Stall (Executor task launch worker for task 0.0 in stage 0.0 (TID 0)) 3.469ms
[96.306s][info][gc          ] Allocation Stall (Executor task launch worker for task 12.0 in stage 0.0 (TID 12)) 4.915ms
[96.306s][info][gc          ] Allocation Stall (Executor task launch worker for task 18.0 in stage 0.0 (TID 18)) 4.815ms
[96.306s][info][gc          ] Allocation Stall (Executor task launch worker for task 19.0 in stage 0.0 (TID 19)) 4.847ms
[96.306s][info][gc          ] Allocation Stall (Executor task launch worker for task 23.0 in stage 0.0 (TID 23)) 4.785ms
[96.306s][info][gc          ] Allocation Stall (Executor task launch worker for task 29.0 in stage 0.0 (TID 29)) 4.760ms
[96.306s][info][gc          ] Allocation Stall (Executor task launch worker for task 17.0 in stage 0.0 (TID 17)) 4.792ms
[96.306s][info][gc          ] Allocation Stall (Executor task launch worker for task 43.0 in stage 0.0 (TID 43)) 4.758ms
[96.307s][info][gc          ] Allocation Stall (Executor task launch worker for task 5.0 in stage 0.0 (TID 5)) 5.709ms
[96.307s][info][gc          ] Allocation Stall (Executor task launch worker for task 22.0 in stage 0.0 (TID 22)) 5.692ms
[96.308s][info][gc          ] Allocation Stall (Executor task launch worker for task 26.0 in stage 0.0 (TID 26)) 5.714ms
[96.308s][info][gc          ] Allocation Stall (Executor task launch worker for task 46.0 in stage 0.0 (TID 46)) 5.476ms
[96.308s][info][gc          ] Allocation Stall (Executor task launch worker for task 20.0 in stage 0.0 (TID 20)) 5.400ms
[96.308s][info][gc          ] Allocation Stall (Executor task launch worker for task 27.0 in stage 0.0 (TID 27)) 5.333ms
[96.308s][info][gc          ] Allocation Stall (Executor task launch worker for task 35.0 in stage 0.0 (TID 35)) 5.324ms
[96.308s][info][gc          ] Allocation Stall (Executor task launch worker for task 9.0 in stage 0.0 (TID 9)) 5.339ms
[96.308s][info][gc          ] Allocation Stall (Executor task launch worker for task 15.0 in stage 0.0 (TID 15)) 5.276ms
[96.308s][info][gc          ] Allocation Stall (Executor task launch worker for task 13.0 in stage 0.0 (TID 13)) 5.242ms
[96.308s][info][gc          ] Allocation Stall (Executor task launch worker for task 24.0 in stage 0.0 (TID 24)) 5.284ms
[96.308s][info][gc          ] Allocation Stall (Executor task launch worker for task 47.0 in stage 0.0 (TID 47)) 5.224ms
[96.308s][info][gc          ] Allocation Stall (Executor task launch worker for task 41.0 in stage 0.0 (TID 41)) 5.197ms
[96.308s][info][gc          ] Allocation Stall (Executor task launch worker for task 16.0 in stage 0.0 (TID 16)) 4.909ms
[96.313s][info][gc          ] Allocation Stall (Executor task launch worker for task 40.0 in stage 0.0 (TID 40)) 9.612ms
[96.313s][info][gc          ] Allocation Stall (Executor task launch worker for task 30.0 in stage 0.0 (TID 30)) 9.648ms
[96.313s][info][gc          ] Allocation Stall (Executor task launch worker for task 2.0 in stage 0.0 (TID 2)) 9.610ms
[96.313s][info][gc          ] Allocation Stall (Executor task launch worker for task 8.0 in stage 0.0 (TID 8)) 9.600ms
[96.313s][info][gc          ] Allocation Stall (Executor task launch worker for task 38.0 in stage 0.0 (TID 38)) 9.457ms
[96.313s][info][gc          ] Allocation Stall (Executor task launch worker for task 28.0 in stage 0.0 (TID 28)) 8.850ms
[96.313s][info][gc          ] Allocation Stall (Executor task launch worker for task 33.0 in stage 0.0 (TID 33)) 1.650ms
[96.314s][info][gc          ] Allocation Stall (Executor task launch worker for task 19.0 in stage 0.0 (TID 19)) 1.670ms
[96.314s][info][gc          ] Allocation Stall (Executor task launch worker for task 9.0 in stage 0.0 (TID 9)) 1.310ms
[96.314s][info][gc          ] Allocation Stall (Executor task launch worker for task 15.0 in stage 0.0 (TID 15)) 1.314ms
[96.314s][info][gc          ] Allocation Stall (Executor task launch worker for task 41.0 in stage 0.0 (TID 41)) 1.220ms
[96.314s][info][gc          ] Allocation Stall (Executor task launch worker for task 43.0 in stage 0.0 (TID 43)) 1.268ms
[96.315s][info][gc          ] Allocation Stall (Executor task launch worker for task 13.0 in stage 0.0 (TID 13)) 2.807ms
[96.316s][info][gc          ] Allocation Stall (Executor task launch worker for task 24.0 in stage 0.0 (TID 24)) 3.301ms
[96.316s][info][gc          ] Allocation Stall (Executor task launch worker for task 47.0 in stage 0.0 (TID 47)) 3.341ms
[96.316s][info][gc          ] Allocation Stall (Executor task launch worker for task 16.0 in stage 0.0 (TID 16)) 3.356ms
[96.316s][info][gc          ] Allocation Stall (Executor task launch worker for task 32.0 in stage 0.0 (TID 32)) 3.329ms
[96.330s][info][gc          ] Allocation Stall (Executor task launch worker for task 7.0 in stage 0.0 (TID 7)) 1.454ms
[96.330s][info][gc          ] Allocation Stall (Executor task launch worker for task 11.0 in stage 0.0 (TID 11)) 1.262ms
[96.343s][info][gc          ] Allocation Stall (Executor task launch worker for task 15.0 in stage 0.0 (TID 15)) 9.265ms
[96.343s][info][gc          ] Allocation Stall (Executor task launch worker for task 40.0 in stage 0.0 (TID 40)) 9.249ms
[96.343s][info][gc          ] Allocation Stall (Executor task launch worker for task 9.0 in stage 0.0 (TID 9)) 9.235ms
[96.343s][info][gc          ] Allocation Stall (Executor task launch worker for task 34.0 in stage 0.0 (TID 34)) 13.540ms
[96.343s][info][gc,phases   ] GC(21) Concurrent Relocate 171.899ms
[96.343s][info][gc          ] Allocation Stall (Executor task launch worker for task 16.0 in stage 0.0 (TID 16)) 13.253ms
[96.343s][info][gc          ] Allocation Stall (Executor task launch worker for task 18.0 in stage 0.0 (TID 18)) 10.467ms
[96.343s][info][gc          ] Allocation Stall (Executor task launch worker for task 21.0 in stage 0.0 (TID 21)) 10.187ms
[96.343s][info][gc          ] Allocation Stall (Executor task launch worker for task 12.0 in stage 0.0 (TID 12)) 10.149ms
[96.343s][info][gc          ] Allocation Stall (Executor task launch worker for task 35.0 in stage 0.0 (TID 35)) 10.115ms
[96.343s][info][gc          ] Allocation Stall (Executor task launch worker for task 38.0 in stage 0.0 (TID 38)) 9.954ms
[96.343s][info][gc          ] Allocation Stall (Executor task launch worker for task 28.0 in stage 0.0 (TID 28)) 9.923ms
[96.343s][info][gc          ] Allocation Stall (Executor task launch worker for task 23.0 in stage 0.0 (TID 23)) 9.881ms
[96.343s][info][gc          ] Allocation Stall (Executor task launch worker for task 5.0 in stage 0.0 (TID 5)) 9.817ms
[96.343s][info][gc          ] Allocation Stall (Executor task launch worker for task 14.0 in stage 0.0 (TID 14)) 9.713ms
[96.343s][info][gc          ] Allocation Stall (Executor task launch worker for task 24.0 in stage 0.0 (TID 24)) 9.676ms
[96.343s][info][gc          ] Allocation Stall (Executor task launch worker for task 33.0 in stage 0.0 (TID 33)) 9.415ms
[96.343s][info][gc,load     ] GC(21) Load: 0.00/0.00/0.00
[96.343s][info][gc          ] Allocation Stall (Executor task launch worker for task 43.0 in stage 0.0 (TID 43)) 9.783ms
[96.343s][info][gc          ] Allocation Stall (Executor task launch worker for task 41.0 in stage 0.0 (TID 41)) 9.674ms
[96.343s][info][gc          ] Allocation Stall (Executor task launch worker for task 13.0 in stage 0.0 (TID 13)) 9.643ms
[96.343s][info][gc,mmu      ] GC(21) MMU: 2ms/94.2%, 5ms/97.7%, 10ms/98.8%, 20ms/99.3%, 50ms/99.7%, 100ms/99.9%
[96.343s][info][gc          ] Allocation Stall (Executor task launch worker for task 29.0 in stage 0.0 (TID 29)) 9.314ms
[96.343s][info][gc          ] Allocation Stall (Executor task launch worker for task 1.0 in stage 0.0 (TID 1)) 9.302ms
[96.343s][info][gc          ] Allocation Stall (Executor task launch worker for task 3.0 in stage 0.0 (TID 3)) 9.178ms
[96.343s][info][gc,marking  ] GC(21) Mark: 8 stripe(s), 2 proactive flush(es), 1 terminate flush(es), 0 completion(s), 0 continuation(s) 
[96.343s][info][gc          ] Allocation Stall (Executor task launch worker for task 20.0 in stage 0.0 (TID 20)) 9.168ms
[96.343s][info][gc          ] Allocation Stall (Executor task launch worker for task 47.0 in stage 0.0 (TID 47)) 9.106ms
[96.343s][info][gc          ] Allocation Stall (Executor task launch worker for task 37.0 in stage 0.0 (TID 37)) 8.562ms
[96.343s][info][gc,marking  ] GC(21) Mark Stack Usage: 32M
[96.344s][info][gc          ] Allocation Stall (Executor task launch worker for task 6.0 in stage 0.0 (TID 6)) 8.384ms
[96.344s][info][gc          ] Allocation Stall (Executor task launch worker for task 0.0 in stage 0.0 (TID 0)) 8.356ms
[96.344s][info][gc          ] Allocation Stall (Executor task launch worker for task 11.0 in stage 0.0 (TID 11)) 8.356ms
[96.344s][info][gc          ] Allocation Stall (Executor task launch worker for task 36.0 in stage 0.0 (TID 36)) 8.341ms
[96.344s][info][gc,nmethod  ] GC(21) NMethods: 1388 registered, 16 unregistered
[96.344s][info][gc          ] Allocation Stall (Executor task launch worker for task 32.0 in stage 0.0 (TID 32)) 8.349ms
[96.344s][info][gc          ] Allocation Stall (Executor task launch worker for task 19.0 in stage 0.0 (TID 19)) 8.200ms
[96.344s][info][gc          ] Allocation Stall (Executor task launch worker for task 2.0 in stage 0.0 (TID 2)) 8.219ms
[96.344s][info][gc          ] Allocation Stall (Executor task launch worker for task 39.0 in stage 0.0 (TID 39)) 7.742ms
[96.344s][info][gc,metaspace] GC(21) Metaspace: 111M used, 124M committed, 1152M reserved
[96.344s][info][gc          ] Allocation Stall (Executor task launch worker for task 31.0 in stage 0.0 (TID 31)) 7.639ms
[96.344s][info][gc          ] Allocation Stall (Executor task launch worker for task 44.0 in stage 0.0 (TID 44)) 7.642ms
[96.344s][info][gc          ] Allocation Stall (Executor task launch worker for task 22.0 in stage 0.0 (TID 22)) 7.652ms
[96.344s][info][gc,ref      ] GC(21) Soft: 2784 encountered, 818 discovered, 0 enqueued
[96.344s][info][gc          ] Allocation Stall (Executor task launch worker for task 30.0 in stage 0.0 (TID 30)) 7.691ms
[96.344s][info][gc          ] Allocation Stall (Executor task launch worker for task 25.0 in stage 0.0 (TID 25)) 7.691ms
[96.344s][info][gc          ] Allocation Stall (Executor task launch worker for task 17.0 in stage 0.0 (TID 17)) 7.718ms
[96.344s][info][gc,ref      ] GC(21) Weak: 12870 encountered, 2789 discovered, 0 enqueued
[96.344s][info][gc          ] Allocation Stall (Executor task launch worker for task 7.0 in stage 0.0 (TID 7)) 7.752ms
[96.344s][info][gc          ] Allocation Stall (Executor task launch worker for task 10.0 in stage 0.0 (TID 10)) 7.758ms
[96.344s][info][gc          ] Allocation Stall (Executor task launch worker for task 26.0 in stage 0.0 (TID 26)) 7.777ms
[96.344s][info][gc          ] Allocation Stall (Executor task launch worker for task 8.0 in stage 0.0 (TID 8)) 7.731ms
[96.344s][info][gc,ref      ] GC(21) Final: 62 encountered, 19 discovered, 0 enqueued
[96.344s][info][gc          ] Allocation Stall (Executor task launch worker for task 46.0 in stage 0.0 (TID 46)) 7.799ms
[96.344s][info][gc          ] Allocation Stall (Executor task launch worker for task 42.0 in stage 0.0 (TID 42)) 7.809ms
[96.344s][info][gc          ] Allocation Stall (Executor task launch worker for task 27.0 in stage 0.0 (TID 27)) 7.664ms
[96.344s][info][gc,ref      ] GC(21) Phantom: 750 encountered, 459 discovered, 0 enqueued
[96.344s][info][gc          ] Allocation Stall (Executor task launch worker for task 45.0 in stage 0.0 (TID 45)) 5.535ms
[96.344s][info][gc,reloc    ] GC(21) Small Pages: 159 / 318M, Empty: 160M, Relocated: 4M, In-Place: 0
[96.345s][info][gc,reloc    ] GC(21) Medium Pages: 4 / 128M, Empty: 0M, Relocated: 27M, In-Place: 0
[96.345s][info][gc,reloc    ] GC(21) Large Pages: 44 / 352M, Empty: 56M, Relocated: 0M, In-Place: 0
[96.345s][info][gc,reloc    ] GC(21) Forwarding Usage: 0M
[96.345s][info][gc,heap     ] GC(21) Min Capacity: 8M(1%)
[96.345s][info][gc,heap     ] GC(21) Max Capacity: 1024M(100%)
[96.345s][info][gc,heap     ] GC(21) Soft Max Capacity: 1024M(100%)
[96.345s][info][gc,heap     ] GC(21)                Mark Start          Mark End        Relocate Start      Relocate End           High               Low         
[96.345s][info][gc,heap     ] GC(21)  Capacity:     1024M (100%)       1024M (100%)       1024M (100%)       1024M (100%)       1024M (100%)       1024M (100%)   
[96.345s][info][gc,heap     ] GC(21)      Free:      226M (22%)           0M (0%)          194M (19%)           0M (0%)          228M (22%)           0M (0%)     
[96.345s][info][gc,heap     ] GC(21)      Used:      798M (78%)        1024M (100%)        830M (81%)        1024M (100%)       1024M (100%)        796M (78%)    
[96.345s][info][gc,heap     ] GC(21)      Live:         -               441M (43%)         441M (43%)         441M (43%)            -                  -          
[96.345s][info][gc,heap     ] GC(21) Allocated:         -               226M (22%)         248M (24%)         544M (53%)            -                  -          
[96.345s][info][gc,heap     ] GC(21)   Garbage:         -               356M (35%)         140M (14%)          38M (4%)             -                  -          
[96.345s][info][gc,heap     ] GC(21) Reclaimed:         -                  -               216M (21%)         318M (31%)            -                  -          
[96.345s][info][gc          ] GC(21) Garbage Collection (Allocation Stall) 798M(78%)->1024M(100%)
[96.345s][info][gc,start    ] GC(22) Garbage Collection (Allocation Stall)
[96.345s][info][gc,ref      ] GC(22) Clearing All SoftReferences
[96.345s][info][gc,task     ] GC(22) Using 10 workers
[96.345s][info][gc,ref      ] GC(22) Clearing All SoftReferences
[96.345s][info][gc,phases   ] GC(22) Pause Mark Start 0.032ms
[96.385s][info][gc,phases   ] GC(22) Concurrent Mark 38.178ms
[96.385s][info][gc,phases   ] GC(22) Pause Mark End 0.022ms
[96.385s][info][gc,phases   ] GC(22) Concurrent Mark Free 0.001ms
[96.398s][info][gc,phases   ] GC(22) Concurrent Process Non-Strong References 13.019ms
[96.398s][info][gc,phases   ] GC(22) Concurrent Reset Relocation Set 0.009ms
[96.398s][info][gc          ] Allocation Stall (Executor task launch worker for task 9.0 in stage 0.0 (TID 9)) 42.808ms
[96.398s][info][gc          ] Allocation Stall (Executor task launch worker for task 0.0 in stage 0.0 (TID 0)) 44.019ms
[96.398s][info][gc          ] Allocation Stall (Executor task launch worker for task 33.0 in stage 0.0 (TID 33)) 42.611ms
[96.398s][info][gc          ] Allocation Stall (Executor task launch worker for task 27.0 in stage 0.0 (TID 27)) 41.992ms
[96.398s][info][gc          ] Allocation Stall (Executor task launch worker for task 14.0 in stage 0.0 (TID 14)) 42.949ms
[96.398s][info][gc          ] Allocation Stall (Executor task launch worker for task 24.0 in stage 0.0 (TID 24)) 42.037ms
[96.398s][info][gc          ] Allocation Stall (Executor task launch worker for task 15.0 in stage 0.0 (TID 15)) 44.531ms
[96.398s][info][gc          ] Allocation Stall (Executor task launch worker for task 1.0 in stage 0.0 (TID 1)) 41.792ms
[96.398s][info][gc          ] Allocation Stall (Executor task launch worker for task 31.0 in stage 0.0 (TID 31)) 42.296ms
[96.398s][info][gc          ] Allocation Stall (Executor task launch worker for task 16.0 in stage 0.0 (TID 16)) 42.375ms
[96.398s][info][gc          ] Allocation Stall (Executor task launch worker for task 29.0 in stage 0.0 (TID 29)) 49.169ms
[96.398s][info][gc          ] Allocation Stall (Executor task launch worker for task 37.0 in stage 0.0 (TID 37)) 44.084ms
[96.398s][info][gc          ] Allocation Stall (Executor task launch worker for task 22.0 in stage 0.0 (TID 22)) 42.324ms
[96.398s][info][gc          ] Allocation Stall (Executor task launch worker for task 13.0 in stage 0.0 (TID 13)) 41.756ms
[96.398s][info][gc          ] Allocation Stall (Executor task launch worker for task 34.0 in stage 0.0 (TID 34)) 42.295ms
[96.398s][info][gc          ] Allocation Stall (Executor task launch worker for task 26.0 in stage 0.0 (TID 26)) 42.379ms
[96.398s][info][gc          ] Allocation Stall (Executor task launch worker for task 18.0 in stage 0.0 (TID 18)) 44.071ms
[96.398s][info][gc          ] Allocation Stall (Executor task launch worker for task 38.0 in stage 0.0 (TID 38)) 44.657ms
[96.398s][info][gc          ] Allocation Stall (Executor task launch worker for task 35.0 in stage 0.0 (TID 35)) 44.184ms
[96.398s][info][gc          ] Allocation Stall (Executor task launch worker for task 30.0 in stage 0.0 (TID 30)) 43.930ms
[96.398s][info][gc          ] Allocation Stall (Executor task launch worker for task 41.0 in stage 0.0 (TID 41)) 44.594ms
[96.398s][info][gc          ] Allocation Stall (Executor task launch worker for task 43.0 in stage 0.0 (TID 43)) 41.684ms
[96.398s][info][gc          ] Allocation Stall (Executor task launch worker for task 47.0 in stage 0.0 (TID 47)) 44.372ms
[96.398s][info][gc          ] Allocation Stall (Executor task launch worker for task 3.0 in stage 0.0 (TID 3)) 42.803ms
[96.398s][info][gc          ] Allocation Stall (Executor task launch worker for task 12.0 in stage 0.0 (TID 12)) 43.421ms
[96.398s][info][gc          ] Allocation Stall (Executor task launch worker for task 2.0 in stage 0.0 (TID 2)) 41.938ms
[96.398s][info][gc          ] Allocation Stall (Executor task launch worker for task 5.0 in stage 0.0 (TID 5)) 41.459ms
[96.398s][info][gc          ] Allocation Stall (Executor task launch worker for task 40.0 in stage 0.0 (TID 40)) 41.465ms
[96.398s][info][gc          ] Allocation Stall (Executor task launch worker for task 10.0 in stage 0.0 (TID 10)) 41.453ms
[96.398s][info][gc          ] Allocation Stall (Executor task launch worker for task 36.0 in stage 0.0 (TID 36)) 41.461ms
[96.398s][info][gc          ] Allocation Stall (Executor task launch worker for task 19.0 in stage 0.0 (TID 19)) 41.629ms
[96.398s][info][gc          ] Allocation Stall (Executor task launch worker for task 7.0 in stage 0.0 (TID 7)) 41.522ms
[96.398s][info][gc          ] Allocation Stall (Executor task launch worker for task 20.0 in stage 0.0 (TID 20)) 41.471ms
[96.398s][info][gc          ] Allocation Stall (Executor task launch worker for task 11.0 in stage 0.0 (TID 11)) 44.120ms
[96.398s][info][gc          ] Allocation Stall (Executor task launch worker for task 8.0 in stage 0.0 (TID 8)) 41.610ms
[96.398s][info][gc          ] Allocation Stall (Executor task launch worker for task 32.0 in stage 0.0 (TID 32)) 41.520ms
[96.398s][info][gc          ] Allocation Stall (Executor task launch worker for task 44.0 in stage 0.0 (TID 44)) 41.602ms
[96.398s][info][gc          ] Allocation Stall (Executor task launch worker for task 21.0 in stage 0.0 (TID 21)) 41.465ms
[96.398s][info][gc          ] Allocation Stall (Executor task launch worker for task 23.0 in stage 0.0 (TID 23)) 41.636ms
[96.398s][info][gc          ] Allocation Stall (Executor task launch worker for task 4.0 in stage 0.0 (TID 4)) 59.093ms
[96.398s][info][gc          ] Allocation Stall (Executor task launch worker for task 6.0 in stage 0.0 (TID 6)) 41.536ms
[96.398s][info][gc          ] Allocation Stall (Common-Cleaner) 0.114ms
[96.398s][info][gc          ] Allocation Stall (Executor task launch worker for task 46.0 in stage 0.0 (TID 46)) 41.438ms
[96.398s][info][gc          ] Allocation Stall (Executor task launch worker for task 17.0 in stage 0.0 (TID 17)) 44.587ms
[96.398s][info][gc          ] Allocation Stall (Executor task launch worker for task 39.0 in stage 0.0 (TID 39)) 44.822ms
[96.398s][info][gc          ] Allocation Stall (Executor task launch worker for task 28.0 in stage 0.0 (TID 28)) 41.647ms
[96.398s][info][gc          ] Allocation Stall (Executor task launch worker for task 45.0 in stage 0.0 (TID 45)) 44.347ms
[96.398s][info][gc          ] Allocation Stall (Executor task launch worker for task 42.0 in stage 0.0 (TID 42)) 44.171ms
[96.398s][info][gc          ] Allocation Stall (Executor task launch worker for task 25.0 in stage 0.0 (TID 25)) 44.556ms
[96.408s][info][gc,phases   ] GC(22) Concurrent Select Relocation Set 10.147ms
[96.416s][info][gc,phases   ] GC(22) Pause Relocate Start 0.011ms
[96.580s][info][gc          ] Allocation Stall (Executor task launch worker for task 30.0 in stage 0.0 (TID 30)) 9.413ms
[96.580s][info][gc          ] Allocation Stall (Executor task launch worker for task 42.0 in stage 0.0 (TID 42)) 7.994ms
[96.580s][info][gc          ] Allocation Stall (Executor task launch worker for task 26.0 in stage 0.0 (TID 26)) 7.902ms
[96.580s][info][gc          ] Allocation Stall (Executor task launch worker for task 14.0 in stage 0.0 (TID 14)) 7.632ms
[96.580s][info][gc          ] Allocation Stall (Executor task launch worker for task 1.0 in stage 0.0 (TID 1)) 10.460ms
[96.580s][info][gc          ] Allocation Stall (Executor task launch worker for task 6.0 in stage 0.0 (TID 6)) 7.625ms
[96.580s][info][gc          ] Allocation Stall (Executor task launch worker for task 11.0 in stage 0.0 (TID 11)) 8.473ms
[96.580s][info][gc          ] Allocation Stall (Executor task launch worker for task 17.0 in stage 0.0 (TID 17)) 7.973ms
[96.580s][info][gc          ] Allocation Stall (Executor task launch worker for task 39.0 in stage 0.0 (TID 39)) 9.090ms
[96.580s][info][gc          ] Allocation Stall (Executor task launch worker for task 22.0 in stage 0.0 (TID 22)) 8.874ms
[96.580s][info][gc          ] Allocation Stall (Executor task launch worker for task 29.0 in stage 0.0 (TID 29)) 10.809ms
[96.580s][info][gc          ] Allocation Stall (Executor task launch worker for task 45.0 in stage 0.0 (TID 45)) 8.053ms
[96.580s][info][gc          ] Allocation Stall (Executor task launch worker for task 32.0 in stage 0.0 (TID 32)) 9.297ms
[96.580s][info][gc          ] Allocation Stall (Executor task launch worker for task 28.0 in stage 0.0 (TID 28)) 7.802ms
[96.580s][info][gc          ] Allocation Stall (Executor task launch worker for task 2.0 in stage 0.0 (TID 2)) 10.576ms
[96.580s][info][gc,phases   ] GC(22) Concurrent Relocate 163.539ms
[96.580s][info][gc          ] Allocation Stall (Executor task launch worker for task 34.0 in stage 0.0 (TID 34)) 10.487ms
[96.581s][info][gc,load     ] GC(22) Load: 0.00/0.00/0.00
[96.581s][info][gc,mmu      ] GC(22) MMU: 2ms/94.2%, 5ms/97.7%, 10ms/98.8%, 20ms/99.3%, 50ms/99.7%, 100ms/99.9%
[96.581s][info][gc,marking  ] GC(22) Mark: 8 stripe(s), 2 proactive flush(es), 1 terminate flush(es), 0 completion(s), 0 continuation(s) 
[96.581s][info][gc          ] Allocation Stall (Executor task launch worker for task 41.0 in stage 0.0 (TID 41)) 8.229ms
[96.581s][info][gc,marking  ] GC(22) Mark Stack Usage: 32M
[96.581s][info][gc,nmethod  ] GC(22) NMethods: 1489 registered, 13 unregistered
[96.581s][info][gc          ] Allocation Stall (Executor task launch worker for task 40.0 in stage 0.0 (TID 40)) 8.191ms
[96.581s][info][gc,metaspace] GC(22) Metaspace: 111M used, 124M committed, 1152M reserved
[96.581s][info][gc          ] Allocation Stall (Executor task launch worker for task 44.0 in stage 0.0 (TID 44)) 8.163ms
[96.581s][info][gc          ] Allocation Stall (Executor task launch worker for task 12.0 in stage 0.0 (TID 12)) 8.170ms
[96.581s][info][gc          ] Allocation Stall (Executor task launch worker for task 16.0 in stage 0.0 (TID 16)) 8.183ms
[96.581s][info][gc,ref      ] GC(22) Soft: 2796 encountered, 307 discovered, 11 enqueued
[96.581s][info][gc          ] Allocation Stall (Executor task launch worker for task 0.0 in stage 0.0 (TID 0)) 7.919ms
[96.581s][info][gc          ] Allocation Stall (Executor task launch worker for task 31.0 in stage 0.0 (TID 31)) 7.797ms
[96.581s][info][gc          ] Allocation Stall (Executor task launch worker for task 43.0 in stage 0.0 (TID 43)) 7.627ms
[96.581s][info][gc,ref      ] GC(22) Weak: 12909 encountered, 1688 discovered, 30 enqueued
[96.581s][info][gc          ] Allocation Stall (Executor task launch worker for task 5.0 in stage 0.0 (TID 5)) 7.555ms
[96.581s][info][gc          ] Allocation Stall (Executor task launch worker for task 47.0 in stage 0.0 (TID 47)) 7.411ms
[96.581s][info][gc          ] Allocation Stall (Executor task launch worker for task 36.0 in stage 0.0 (TID 36)) 7.413ms
[96.581s][info][gc,ref      ] GC(22) Final: 62 encountered, 3 discovered, 0 enqueued
[96.581s][info][gc          ] Allocation Stall (Executor task launch worker for task 35.0 in stage 0.0 (TID 35)) 7.385ms
[96.581s][info][gc          ] Allocation Stall (Executor task launch worker for task 21.0 in stage 0.0 (TID 21)) 7.313ms
[96.581s][info][gc          ] Allocation Stall (Executor task launch worker for task 9.0 in stage 0.0 (TID 9)) 7.255ms
[96.581s][info][gc,ref      ] GC(22) Phantom: 766 encountered, 572 discovered, 16 enqueued
[96.582s][info][gc          ] Allocation Stall (Executor task launch worker for task 8.0 in stage 0.0 (TID 8)) 7.253ms
[96.582s][info][gc          ] Allocation Stall (Executor task launch worker for task 13.0 in stage 0.0 (TID 13)) 7.233ms
[96.582s][info][gc,reloc    ] GC(22) Small Pages: 222 / 444M, Empty: 248M, Relocated: 10M, In-Place: 0
[96.582s][info][gc          ] Allocation Stall (Executor task launch worker for task 33.0 in stage 0.0 (TID 33)) 7.264ms
[96.582s][info][gc          ] Allocation Stall (Executor task launch worker for task 27.0 in stage 0.0 (TID 27)) 7.255ms
[96.582s][info][gc,reloc    ] GC(22) Medium Pages: 8 / 256M, Empty: 32M, Relocated: 25M, In-Place: 0
[96.582s][info][gc          ] Allocation Stall (Executor task launch worker for task 4.0 in stage 0.0 (TID 4)) 7.255ms
[96.582s][info][gc          ] Allocation Stall (Executor task launch worker for task 37.0 in stage 0.0 (TID 37)) 7.240ms
[96.582s][info][gc,reloc    ] GC(22) Large Pages: 38 / 304M, Empty: 160M, Relocated: 0M, In-Place: 0
[96.582s][info][gc          ] Allocation Stall (Executor task launch worker for task 38.0 in stage 0.0 (TID 38)) 7.181ms
[96.582s][info][gc,reloc    ] GC(22) Forwarding Usage: 0M
[96.582s][info][gc          ] Allocation Stall (Executor task launch worker for task 24.0 in stage 0.0 (TID 24)) 7.071ms
[96.582s][info][gc,heap     ] GC(22) Min Capacity: 8M(1%)
[96.582s][info][gc          ] Allocation Stall (Executor task launch worker for task 23.0 in stage 0.0 (TID 23)) 7.080ms
[96.582s][info][gc,heap     ] GC(22) Max Capacity: 1024M(100%)
[96.582s][info][gc          ] Allocation Stall (Executor task launch worker for task 25.0 in stage 0.0 (TID 25)) 7.099ms
[96.582s][info][gc,heap     ] GC(22) Soft Max Capacity: 1024M(100%)
[96.582s][info][gc          ] Allocation Stall (Executor task launch worker for task 46.0 in stage 0.0 (TID 46)) 7.095ms
[96.582s][info][gc,heap     ] GC(22)                Mark Start          Mark End        Relocate Start      Relocate End           High               Low         
[96.582s][info][gc          ] Allocation Stall (Executor task launch worker for task 15.0 in stage 0.0 (TID 15)) 7.077ms
[96.582s][info][gc,heap     ] GC(22)  Capacity:     1024M (100%)       1024M (100%)       1024M (100%)       1024M (100%)       1024M (100%)       1024M (100%)   
[96.582s][info][gc          ] Allocation Stall (Executor task launch worker for task 3.0 in stage 0.0 (TID 3)) 7.122ms
[96.582s][info][gc,heap     ] GC(22)      Free:       20M (2%)            0M (0%)          362M (35%)           0M (0%)          410M (40%)           0M (0%)     
[96.582s][info][gc,heap     ] GC(22)      Used:     1004M (98%)        1024M (100%)        662M (65%)        1024M (100%)       1024M (100%)        614M (60%)    
[96.582s][info][gc,heap     ] GC(22)      Live:         -               332M (32%)         332M (32%)         332M (32%)            -                  -          
[96.582s][info][gc,heap     ] GC(22) Allocated:         -                20M (2%)           98M (10%)         632M (62%)            -                  -          
[96.582s][info][gc,heap     ] GC(22)   Garbage:         -               671M (66%)         231M (23%)          59M (6%)             -                  -          
[96.582s][info][gc,heap     ] GC(22) Reclaimed:         -                  -               440M (43%)         612M (60%)            -                  -          
[96.582s][info][gc          ] GC(22) Garbage Collection (Allocation Stall) 1004M(98%)->1024M(100%)
[96.582s][info][gc,start    ] GC(23) Garbage Collection (Allocation Stall)
[96.582s][info][gc,ref      ] GC(23) Clearing All SoftReferences
[96.582s][info][gc,task     ] GC(23) Using 10 workers
[96.588s][info][gc,ref      ] GC(23) Clearing All SoftReferences
[96.588s][info][gc,phases   ] GC(23) Pause Mark Start 0.049ms
[96.588s][info][gc          ] Allocation Stall (Executor task launch worker for task 19.0 in stage 0.0 (TID 19)) 13.039ms
[96.588s][info][gc          ] Allocation Stall (Executor task launch worker for task 18.0 in stage 0.0 (TID 18)) 13.086ms
[96.588s][info][gc          ] Allocation Stall (Executor task launch worker for task 20.0 in stage 0.0 (TID 20)) 13.049ms
[96.588s][info][gc          ] Allocation Stall (Executor task launch worker for task 10.0 in stage 0.0 (TID 10)) 13.031ms
[96.588s][info][gc          ] Allocation Stall (Executor task launch worker for task 7.0 in stage 0.0 (TID 7)) 13.116ms
[96.635s][info][gc,phases   ] GC(23) Concurrent Mark 46.646ms
[96.635s][info][gc,phases   ] GC(23) Pause Mark End 0.017ms
[96.635s][info][gc,phases   ] GC(23) Concurrent Mark Free 0.001ms
[96.636s][info][gc,phases   ] GC(23) Concurrent Process Non-Strong References 1.026ms
[96.636s][info][gc,phases   ] GC(23) Concurrent Reset Relocation Set 0.011ms
[96.636s][info][gc          ] Allocation Stall (Executor task launch worker for task 13.0 in stage 0.0 (TID 13)) 34.665ms
[96.636s][info][gc          ] Allocation Stall (Executor task launch worker for task 44.0 in stage 0.0 (TID 44)) 33.351ms
[96.636s][info][gc          ] Allocation Stall (Executor task launch worker for task 9.0 in stage 0.0 (TID 9)) 34.505ms
[96.636s][info][gc          ] Allocation Stall (Executor task launch worker for task 22.0 in stage 0.0 (TID 22)) 33.300ms
[96.636s][info][gc          ] Allocation Stall (Executor task launch worker for task 28.0 in stage 0.0 (TID 28)) 34.595ms
[96.636s][info][gc          ] Allocation Stall (Executor task launch worker for task 35.0 in stage 0.0 (TID 35)) 35.027ms
[96.636s][info][gc          ] Allocation Stall (Executor task launch worker for task 25.0 in stage 0.0 (TID 25)) 33.234ms
[96.636s][info][gc          ] Allocation Stall (Executor task launch worker for task 24.0 in stage 0.0 (TID 24)) 34.834ms
[96.636s][info][gc          ] Allocation Stall (Executor task launch worker for task 45.0 in stage 0.0 (TID 45)) 33.232ms
[96.636s][info][gc          ] Allocation Stall (Executor task launch worker for task 6.0 in stage 0.0 (TID 6)) 34.390ms
[96.636s][info][gc          ] Allocation Stall (Executor task launch worker for task 38.0 in stage 0.0 (TID 38)) 34.410ms
[96.636s][info][gc          ] Allocation Stall (Executor task launch worker for task 34.0 in stage 0.0 (TID 34)) 34.435ms
[96.636s][info][gc          ] Allocation Stall (Executor task launch worker for task 19.0 in stage 0.0 (TID 19)) 38.170ms
[96.636s][info][gc          ] Allocation Stall (Executor task launch worker for task 23.0 in stage 0.0 (TID 23)) 35.000ms
[96.636s][info][gc          ] Allocation Stall (Executor task launch worker for task 40.0 in stage 0.0 (TID 40)) 38.084ms
[96.636s][info][gc          ] Allocation Stall (Executor task launch worker for task 17.0 in stage 0.0 (TID 17)) 33.360ms
[96.636s][info][gc          ] Allocation Stall (Executor task launch worker for task 46.0 in stage 0.0 (TID 46)) 35.019ms
[96.636s][info][gc          ] Allocation Stall (Executor task launch worker for task 31.0 in stage 0.0 (TID 31)) 34.468ms
[96.636s][info][gc          ] Allocation Stall (Executor task launch worker for task 0.0 in stage 0.0 (TID 0)) 37.624ms
[96.636s][info][gc          ] Allocation Stall (Executor task launch worker for task 5.0 in stage 0.0 (TID 5)) 35.357ms
[96.636s][info][gc          ] Allocation Stall (Executor task launch worker for task 18.0 in stage 0.0 (TID 18)) 34.693ms
[96.636s][info][gc          ] Allocation Stall (Executor task launch worker for task 12.0 in stage 0.0 (TID 12)) 34.371ms
[96.636s][info][gc          ] Allocation Stall (Executor task launch worker for task 36.0 in stage 0.0 (TID 36)) 36.021ms
[96.636s][info][gc          ] Allocation Stall (Executor task launch worker for task 14.0 in stage 0.0 (TID 14)) 34.491ms
[96.636s][info][gc          ] Allocation Stall (Executor task launch worker for task 42.0 in stage 0.0 (TID 42)) 37.633ms
[96.636s][info][gc          ] Allocation Stall (Executor task launch worker for task 3.0 in stage 0.0 (TID 3)) 37.983ms
[96.636s][info][gc          ] Allocation Stall (Executor task launch worker for task 29.0 in stage 0.0 (TID 29)) 34.588ms
[96.636s][info][gc          ] Allocation Stall (Executor task launch worker for task 33.0 in stage 0.0 (TID 33)) 37.886ms
[96.636s][info][gc          ] Allocation Stall (Executor task launch worker for task 41.0 in stage 0.0 (TID 41)) 34.513ms
[96.636s][info][gc          ] Allocation Stall (Executor task launch worker for task 27.0 in stage 0.0 (TID 27)) 36.256ms
[96.636s][info][gc          ] Allocation Stall (Executor task launch worker for task 2.0 in stage 0.0 (TID 2)) 33.177ms
[96.636s][info][gc          ] Allocation Stall (Executor task launch worker for task 21.0 in stage 0.0 (TID 21)) 38.203ms
[96.636s][info][gc          ] Allocation Stall (Executor task launch worker for task 4.0 in stage 0.0 (TID 4)) 35.538ms
[96.636s][info][gc          ] Allocation Stall (Executor task launch worker for task 20.0 in stage 0.0 (TID 20)) 35.774ms
[96.636s][info][gc          ] Allocation Stall (Executor task launch worker for task 11.0 in stage 0.0 (TID 11)) 34.529ms
[96.636s][info][gc          ] Allocation Stall (Executor task launch worker for task 10.0 in stage 0.0 (TID 10)) 34.860ms
[96.636s][info][gc          ] Allocation Stall (Executor task launch worker for task 15.0 in stage 0.0 (TID 15)) 36.158ms
[96.636s][info][gc          ] Allocation Stall (Executor task launch worker for task 32.0 in stage 0.0 (TID 32)) 37.566ms
[96.636s][info][gc          ] Allocation Stall (Executor task launch worker for task 30.0 in stage 0.0 (TID 30)) 35.642ms
[96.636s][info][gc          ] Allocation Stall (Executor task launch worker for task 7.0 in stage 0.0 (TID 7)) 37.648ms
[96.636s][info][gc          ] Allocation Stall (Executor task launch worker for task 1.0 in stage 0.0 (TID 1)) 37.841ms
[96.636s][info][gc          ] Allocation Stall (Executor task launch worker for task 26.0 in stage 0.0 (TID 26)) 37.988ms
[96.636s][info][gc          ] Allocation Stall (Executor task launch worker for task 43.0 in stage 0.0 (TID 43)) 35.132ms
[96.636s][info][gc          ] Allocation Stall (Executor task launch worker for task 37.0 in stage 0.0 (TID 37)) 35.194ms
[96.636s][info][gc          ] Allocation Stall (Executor task launch worker for task 16.0 in stage 0.0 (TID 16)) 37.963ms
[96.636s][info][gc          ] Allocation Stall (Executor task launch worker for task 47.0 in stage 0.0 (TID 47)) 37.788ms
[96.636s][info][gc          ] Allocation Stall (Executor task launch worker for task 39.0 in stage 0.0 (TID 39)) 34.778ms
[96.636s][info][gc          ] Allocation Stall (Executor task launch worker for task 8.0 in stage 0.0 (TID 8)) 37.930ms
[96.642s][info][gc,phases   ] GC(23) Concurrent Select Relocation Set 6.017ms
[96.643s][info][gc,phases   ] GC(23) Pause Relocate Start 0.005ms
[96.645s][info][gc          ] Relocation Stall (Executor task launch worker for task 32.0 in stage 0.0 (TID 32)) 0.536ms
[96.645s][info][gc          ] Relocation Stall (Executor task launch worker for task 22.0 in stage 0.0 (TID 22)) 0.722ms
[96.645s][info][gc          ] Relocation Stall (Executor task launch worker for task 20.0 in stage 0.0 (TID 20)) 1.200ms
[96.650s][info][gc          ] Allocation Stall (Executor task launch worker for task 7.0 in stage 0.0 (TID 7)) 3.560ms
[96.650s][info][gc          ] Allocation Stall (Executor task launch worker for task 2.0 in stage 0.0 (TID 2)) 3.554ms
[96.650s][info][gc          ] Allocation Stall (Executor task launch worker for task 41.0 in stage 0.0 (TID 41)) 3.557ms
[96.659s][info][gc          ] Allocation Stall (Executor task launch worker for task 36.0 in stage 0.0 (TID 36)) 12.313ms
[96.659s][info][gc          ] Allocation Stall (Executor task launch worker for task 24.0 in stage 0.0 (TID 24)) 12.308ms
[96.659s][info][gc          ] Allocation Stall (Executor task launch worker for task 40.0 in stage 0.0 (TID 40)) 12.330ms
[96.659s][info][gc          ] Allocation Stall (Executor task launch worker for task 16.0 in stage 0.0 (TID 16)) 12.299ms
[96.659s][info][gc          ] Allocation Stall (Executor task launch worker for task 17.0 in stage 0.0 (TID 17)) 12.292ms
[96.659s][info][gc          ] Allocation Stall (Executor task launch worker for task 31.0 in stage 0.0 (TID 31)) 12.232ms
[96.659s][info][gc          ] Allocation Stall (Executor task launch worker for task 28.0 in stage 0.0 (TID 28)) 12.335ms
[96.659s][info][gc          ] Allocation Stall (Executor task launch worker for task 10.0 in stage 0.0 (TID 10)) 12.116ms
[96.659s][info][gc          ] Allocation Stall (Executor task launch worker for task 9.0 in stage 0.0 (TID 9)) 12.377ms
[96.659s][info][gc          ] Allocation Stall (Executor task launch worker for task 26.0 in stage 0.0 (TID 26)) 12.274ms
[96.659s][info][gc          ] Allocation Stall (Executor task launch worker for task 42.0 in stage 0.0 (TID 42)) 12.342ms
[96.659s][info][gc          ] Allocation Stall (Executor task launch worker for task 29.0 in stage 0.0 (TID 29)) 12.255ms
[96.662s][info][gc          ] Allocation Stall (Executor task launch worker for task 45.0 in stage 0.0 (TID 45)) 15.424ms
[96.662s][info][gc          ] Allocation Stall (Executor task launch worker for task 39.0 in stage 0.0 (TID 39)) 14.934ms
[96.662s][info][gc          ] Allocation Stall (Executor task launch worker for task 15.0 in stage 0.0 (TID 15)) 15.588ms
[96.662s][info][gc          ] Allocation Stall (Executor task launch worker for task 38.0 in stage 0.0 (TID 38)) 15.425ms
[96.662s][info][gc          ] Allocation Stall (Executor task launch worker for task 35.0 in stage 0.0 (TID 35)) 15.307ms
[96.662s][info][gc          ] Allocation Stall (Executor task launch worker for task 32.0 in stage 0.0 (TID 32)) 15.162ms
[96.662s][info][gc          ] Allocation Stall (Executor task launch worker for task 14.0 in stage 0.0 (TID 14)) 15.100ms
[96.662s][info][gc          ] Allocation Stall (Executor task launch worker for task 4.0 in stage 0.0 (TID 4)) 15.090ms
[96.662s][info][gc          ] Allocation Stall (Executor task launch worker for task 12.0 in stage 0.0 (TID 12)) 15.081ms
[96.662s][info][gc          ] Allocation Stall (Executor task launch worker for task 20.0 in stage 0.0 (TID 20)) 15.046ms
[96.754s][info][gc          ] Relocation Stall (Executor task launch worker for task 44.0 in stage 0.0 (TID 44)) 109.702ms
[96.754s][info][gc          ] Relocation Stall (Executor task launch worker for task 47.0 in stage 0.0 (TID 47)) 109.606ms
[96.754s][info][gc          ] Relocation Stall (Executor task launch worker for task 13.0 in stage 0.0 (TID 13)) 109.851ms
[96.777s][info][gc          ] Relocation Stall (Executor task launch worker for task 46.0 in stage 0.0 (TID 46)) 132.488ms
[96.777s][info][gc          ] Relocation Stall (Executor task launch worker for task 23.0 in stage 0.0 (TID 23)) 132.680ms
[96.777s][info][gc          ] Relocation Stall (Executor task launch worker for task 30.0 in stage 0.0 (TID 30)) 132.703ms
[96.777s][info][gc          ] Relocation Stall (Executor task launch worker for task 1.0 in stage 0.0 (TID 1)) 132.732ms
[96.777s][info][gc          ] Relocation Stall (Executor task launch worker for task 3.0 in stage 0.0 (TID 3)) 132.842ms
[96.889s][info][gc,phases   ] GC(23) Concurrent Relocate 245.033ms
[96.889s][info][gc,load     ] GC(23) Load: 0.00/0.00/0.00
[96.889s][info][gc,mmu      ] GC(23) MMU: 2ms/94.2%, 5ms/97.7%, 10ms/98.8%, 20ms/99.3%, 50ms/99.7%, 100ms/99.9%
[96.889s][info][gc,marking  ] GC(23) Mark: 8 stripe(s), 2 proactive flush(es), 1 terminate flush(es), 0 completion(s), 0 continuation(s) 
[96.889s][info][gc,marking  ] GC(23) Mark Stack Usage: 32M
[96.889s][info][gc,nmethod  ] GC(23) NMethods: 1483 registered, 32 unregistered
[96.889s][info][gc,metaspace] GC(23) Metaspace: 111M used, 124M committed, 1152M reserved
[96.889s][info][gc,ref      ] GC(23) Soft: 2785 encountered, 2365 discovered, 0 enqueued
[96.889s][info][gc,ref      ] GC(23) Weak: 12879 encountered, 2595 discovered, 1 enqueued
[96.889s][info][gc,ref      ] GC(23) Final: 62 encountered, 4 discovered, 0 enqueued
[96.889s][info][gc,ref      ] GC(23) Phantom: 750 encountered, 637 discovered, 0 enqueued
[96.889s][info][gc,reloc    ] GC(23) Small Pages: 282 / 564M, Empty: 336M, Relocated: 10M, In-Place: 0
[96.889s][info][gc,reloc    ] GC(23) Medium Pages: 9 / 288M, Empty: 0M, Relocated: 49M, In-Place: 0
[96.889s][info][gc,reloc    ] GC(23) Large Pages: 19 / 152M, Empty: 88M, Relocated: 0M, In-Place: 0
[96.889s][info][gc,reloc    ] GC(23) Forwarding Usage: 0M
[96.889s][info][gc,heap     ] GC(23) Min Capacity: 8M(1%)
[96.889s][info][gc,heap     ] GC(23) Max Capacity: 1024M(100%)
[96.889s][info][gc,heap     ] GC(23) Soft Max Capacity: 1024M(100%)
[96.889s][info][gc,heap     ] GC(23)                Mark Start          Mark End        Relocate Start      Relocate End           High               Low         
[96.889s][info][gc,heap     ] GC(23)  Capacity:     1024M (100%)       1024M (100%)       1024M (100%)       1024M (100%)       1024M (100%)       1024M (100%)   
[96.889s][info][gc,heap     ] GC(23)      Free:       10M (1%)            0M (0%)          396M (39%)         240M (23%)         404M (39%)           0M (0%)     
[96.889s][info][gc,heap     ] GC(23)      Used:     1014M (99%)        1024M (100%)        628M (61%)         784M (77%)        1024M (100%)        620M (61%)    
[96.889s][info][gc,heap     ] GC(23)      Live:         -               302M (30%)         302M (30%)         302M (30%)            -                  -          
[96.889s][info][gc,heap     ] GC(23) Allocated:         -                10M (1%)           38M (4%)          401M (39%)            -                  -          
[96.889s][info][gc,heap     ] GC(23)   Garbage:         -               711M (69%)         287M (28%)          79M (8%)             -                  -          
[96.889s][info][gc,heap     ] GC(23) Reclaimed:         -                  -               424M (41%)         631M (62%)            -                  -          
[96.889s][info][gc          ] GC(23) Garbage Collection (Allocation Stall) 1014M(99%)->784M(77%)
[96.935s][info][gc,start    ] GC(24) Garbage Collection (Allocation Stall)
[96.935s][info][gc,ref      ] GC(24) Clearing All SoftReferences
[96.935s][info][gc,task     ] GC(24) Using 10 workers
[96.936s][info][gc,ref      ] GC(24) Clearing All SoftReferences
[96.936s][info][gc,phases   ] GC(24) Pause Mark Start 0.059ms
[97.067s][info][gc          ] Allocation Stall (Executor task launch worker for task 15.0 in stage 0.0 (TID 15)) 3.372ms
[97.067s][info][gc          ] Allocation Stall (Executor task launch worker for task 38.0 in stage 0.0 (TID 38)) 3.411ms
[97.067s][info][gc          ] Allocation Stall (Executor task launch worker for task 34.0 in stage 0.0 (TID 34)) 3.436ms
[97.067s][info][gc          ] Allocation Stall (Executor task launch worker for task 20.0 in stage 0.0 (TID 20)) 3.446ms
[97.067s][info][gc          ] Allocation Stall (Executor task launch worker for task 10.0 in stage 0.0 (TID 10)) 3.471ms
[97.067s][info][gc          ] Allocation Stall (Executor task launch worker for task 32.0 in stage 0.0 (TID 32)) 3.503ms
[97.067s][info][gc          ] Allocation Stall (Executor task launch worker for task 4.0 in stage 0.0 (TID 4)) 3.534ms
[97.067s][info][gc          ] Allocation Stall (Executor task launch worker for task 35.0 in stage 0.0 (TID 35)) 3.610ms
[97.067s][info][gc          ] Allocation Stall (Executor task launch worker for task 25.0 in stage 0.0 (TID 25)) 3.631ms
[97.067s][info][gc          ] Allocation Stall (Executor task launch worker for task 11.0 in stage 0.0 (TID 11)) 3.667ms
[97.067s][info][gc          ] Allocation Stall (Executor task launch worker for task 45.0 in stage 0.0 (TID 45)) 3.441ms
[97.067s][info][gc          ] Allocation Stall (Executor task launch worker for task 43.0 in stage 0.0 (TID 43)) 2.746ms
[97.067s][info][gc          ] Allocation Stall (Executor task launch worker for task 27.0 in stage 0.0 (TID 27)) 2.763ms
[97.067s][info][gc          ] Allocation Stall (Executor task launch worker for task 47.0 in stage 0.0 (TID 47)) 2.789ms
[97.067s][info][gc          ] Allocation Stall (Executor task launch worker for task 42.0 in stage 0.0 (TID 42)) 2.743ms
[97.067s][info][gc          ] Allocation Stall (Executor task launch worker for task 21.0 in stage 0.0 (TID 21)) 2.779ms
[97.067s][info][gc          ] Allocation Stall (Executor task launch worker for task 29.0 in stage 0.0 (TID 29)) 2.825ms
[97.067s][info][gc          ] Allocation Stall (Executor task launch worker for task 31.0 in stage 0.0 (TID 31)) 2.571ms
[97.068s][info][gc          ] Allocation Stall (Executor task launch worker for task 24.0 in stage 0.0 (TID 24)) 2.635ms
[97.068s][info][gc          ] Allocation Stall (Executor task launch worker for task 5.0 in stage 0.0 (TID 5)) 2.674ms
[97.068s][info][gc          ] Allocation Stall (Executor task launch worker for task 30.0 in stage 0.0 (TID 30)) 2.698ms
[97.068s][info][gc          ] Allocation Stall (Executor task launch worker for task 41.0 in stage 0.0 (TID 41)) 3.486ms
[97.068s][info][gc          ] Allocation Stall (Executor task launch worker for task 44.0 in stage 0.0 (TID 44)) 3.520ms
[97.069s][info][gc          ] Allocation Stall (Executor task launch worker for task 14.0 in stage 0.0 (TID 14)) 3.430ms
[97.069s][info][gc          ] Allocation Stall (Executor task launch worker for task 23.0 in stage 0.0 (TID 23)) 3.373ms
[97.069s][info][gc          ] Allocation Stall (Executor task launch worker for task 33.0 in stage 0.0 (TID 33)) 3.284ms
[97.069s][info][gc          ] Allocation Stall (Executor task launch worker for task 36.0 in stage 0.0 (TID 36)) 3.258ms
[97.069s][info][gc          ] Allocation Stall (Executor task launch worker for task 7.0 in stage 0.0 (TID 7)) 3.150ms
[97.076s][info][gc          ] Allocation Stall (Executor task launch worker for task 0.0 in stage 0.0 (TID 0)) 9.943ms
[97.076s][info][gc          ] Allocation Stall (Executor task launch worker for task 3.0 in stage 0.0 (TID 3)) 9.541ms
[97.076s][info][gc          ] Allocation Stall (Executor task launch worker for task 19.0 in stage 0.0 (TID 19)) 9.524ms
[97.076s][info][gc          ] Allocation Stall (Executor task launch worker for task 8.0 in stage 0.0 (TID 8)) 9.499ms
[97.076s][info][gc          ] Allocation Stall (Executor task launch worker for task 18.0 in stage 0.0 (TID 18)) 9.440ms
[97.076s][info][gc          ] Allocation Stall (Executor task launch worker for task 17.0 in stage 0.0 (TID 17)) 9.342ms
[97.076s][info][gc          ] Allocation Stall (Executor task launch worker for task 42.0 in stage 0.0 (TID 42)) 2.103ms
[97.076s][info][gc          ] Allocation Stall (Executor task launch worker for task 6.0 in stage 0.0 (TID 6)) 2.145ms
[97.076s][info][gc          ] Allocation Stall (Executor task launch worker for task 47.0 in stage 0.0 (TID 47)) 2.108ms
[97.076s][info][gc          ] Allocation Stall (Executor task launch worker for task 43.0 in stage 0.0 (TID 43)) 2.107ms
[97.076s][info][gc          ] Allocation Stall (Executor task launch worker for task 28.0 in stage 0.0 (TID 28)) 2.137ms
[97.076s][info][gc          ] Allocation Stall (Executor task launch worker for task 32.0 in stage 0.0 (TID 32)) 2.073ms
[97.076s][info][gc          ] Allocation Stall (Executor task launch worker for task 20.0 in stage 0.0 (TID 20)) 2.092ms
[97.076s][info][gc          ] Allocation Stall (Executor task launch worker for task 29.0 in stage 0.0 (TID 29)) 2.047ms
[97.076s][info][gc          ] Allocation Stall (Executor task launch worker for task 25.0 in stage 0.0 (TID 25)) 2.094ms
[97.076s][info][gc          ] Allocation Stall (Executor task launch worker for task 35.0 in stage 0.0 (TID 35)) 2.128ms
[97.076s][info][gc          ] Allocation Stall (Executor task launch worker for task 45.0 in stage 0.0 (TID 45)) 2.127ms
[97.076s][info][gc          ] Allocation Stall (Executor task launch worker for task 11.0 in stage 0.0 (TID 11)) 2.075ms
[97.077s][info][gc          ] Allocation Stall (Executor task launch worker for task 21.0 in stage 0.0 (TID 21)) 1.893ms
[97.107s][info][gc,phases   ] GC(24) Concurrent Mark 144.584ms
[97.107s][info][gc,phases   ] GC(24) Pause Mark End 0.030ms
[97.107s][info][gc,phases   ] GC(24) Concurrent Mark Free 0.001ms
[97.108s][info][gc,phases   ] GC(24) Concurrent Process Non-Strong References 1.086ms
[97.108s][info][gc,phases   ] GC(24) Concurrent Reset Relocation Set 0.015ms
[97.108s][info][gc          ] Allocation Stall (Executor task launch worker for task 42.0 in stage 0.0 (TID 42)) 25.493ms
[97.108s][info][gc          ] Allocation Stall (Executor task launch worker for task 15.0 in stage 0.0 (TID 15)) 24.532ms
[97.108s][info][gc          ] Allocation Stall (Executor task launch worker for task 38.0 in stage 0.0 (TID 38)) 24.627ms
[97.108s][info][gc          ] Allocation Stall (Executor task launch worker for task 27.0 in stage 0.0 (TID 27)) 33.640ms
[97.108s][info][gc          ] Allocation Stall (dispatcher-event-loop-28) 20.425ms
[97.108s][info][gc          ] Allocation Stall (Executor task launch worker for task 35.0 in stage 0.0 (TID 35)) 23.220ms
[97.108s][info][gc          ] Allocation Stall (Executor task launch worker for task 16.0 in stage 0.0 (TID 16)) 25.648ms
[97.108s][info][gc          ] Allocation Stall (Executor task launch worker for task 34.0 in stage 0.0 (TID 34)) 24.529ms
[97.108s][info][gc          ] Allocation Stall (Executor task launch worker for task 20.0 in stage 0.0 (TID 20)) 24.641ms
[97.108s][info][gc          ] Allocation Stall (spark-listener-group-shared) 20.477ms
[97.108s][info][gc          ] Allocation Stall (Executor task launch worker for task 30.0 in stage 0.0 (TID 30)) 33.204ms
[97.108s][info][gc          ] Allocation Stall (Executor task launch worker for task 47.0 in stage 0.0 (TID 47)) 25.361ms
[97.108s][info][gc          ] Allocation Stall (Executor task launch worker for task 2.0 in stage 0.0 (TID 2)) 24.649ms
[97.108s][info][gc          ] Allocation Stall (Executor task launch worker for task 19.0 in stage 0.0 (TID 19)) 26.892ms
[97.108s][info][gc          ] Allocation Stall (Executor task launch worker for task 8.0 in stage 0.0 (TID 8)) 26.369ms
[97.108s][info][gc          ] Allocation Stall (C2 CompilerThread5) 12.102ms
[97.108s][info][gc          ] Allocation Stall (Executor task launch worker for task 23.0 in stage 0.0 (TID 23)) 33.174ms
[97.108s][info][gc          ] Allocation Stall (Executor task launch worker for task 12.0 in stage 0.0 (TID 12)) 17.448ms
[97.108s][info][gc          ] Allocation Stall (Executor task launch worker for task 46.0 in stage 0.0 (TID 46)) 25.727ms
[97.108s][info][gc          ] Allocation Stall (Executor task launch worker for task 13.0 in stage 0.0 (TID 13)) 33.312ms
[97.108s][info][gc          ] Allocation Stall (Executor task launch worker for task 29.0 in stage 0.0 (TID 29)) 25.392ms
[97.108s][info][gc          ] Allocation Stall (Executor task launch worker for task 31.0 in stage 0.0 (TID 31)) 25.920ms
[97.108s][info][gc          ] Allocation Stall (spark-listener-group-executorManagement) 20.539ms
[97.108s][info][gc          ] Allocation Stall (Executor task launch worker for task 3.0 in stage 0.0 (TID 3)) 26.343ms
[97.108s][info][gc          ] Allocation Stall (Executor task launch worker for task 39.0 in stage 0.0 (TID 39)) 21.248ms
[97.108s][info][gc          ] Allocation Stall (Executor task launch worker for task 25.0 in stage 0.0 (TID 25)) 24.976ms
[97.108s][info][gc          ] Allocation Stall (Executor task launch worker for task 10.0 in stage 0.0 (TID 10)) 33.789ms
[97.108s][info][gc          ] Allocation Stall (Executor task launch worker for task 17.0 in stage 0.0 (TID 17)) 25.489ms
[97.108s][info][gc          ] Allocation Stall (Executor task launch worker for task 14.0 in stage 0.0 (TID 14)) 33.405ms
[97.108s][info][gc          ] Allocation Stall (Executor task launch worker for task 5.0 in stage 0.0 (TID 5)) 33.471ms
[97.108s][info][gc          ] Allocation Stall (Executor task launch worker for task 41.0 in stage 0.0 (TID 41)) 33.500ms
[97.108s][info][gc          ] Allocation Stall (Executor task launch worker for task 44.0 in stage 0.0 (TID 44)) 25.960ms
[97.108s][info][gc          ] Allocation Stall (Executor task launch worker for task 4.0 in stage 0.0 (TID 4)) 24.539ms
[97.108s][info][gc          ] Allocation Stall (Executor task launch worker for task 43.0 in stage 0.0 (TID 43)) 25.600ms
[97.108s][info][gc          ] Allocation Stall (Executor task launch worker for task 18.0 in stage 0.0 (TID 18)) 26.390ms
[97.108s][info][gc          ] Allocation Stall (Executor task launch worker for task 32.0 in stage 0.0 (TID 32)) 25.396ms
[97.108s][info][gc          ] Allocation Stall (Executor task launch worker for task 45.0 in stage 0.0 (TID 45)) 28.671ms
[97.108s][info][gc          ] Allocation Stall (Executor task launch worker for task 6.0 in stage 0.0 (TID 6)) 25.902ms
[97.108s][info][gc          ] Allocation Stall (Executor task launch worker for task 28.0 in stage 0.0 (TID 28)) 25.238ms
[97.108s][info][gc          ] Allocation Stall (Executor task launch worker for task 33.0 in stage 0.0 (TID 33)) 26.160ms
[97.108s][info][gc          ] Allocation Stall (Executor task launch worker for task 24.0 in stage 0.0 (TID 24)) 24.255ms
[97.108s][info][gc          ] Allocation Stall (Executor task launch worker for task 36.0 in stage 0.0 (TID 36)) 26.188ms
[97.108s][info][gc          ] Allocation Stall (Executor task launch worker for task 22.0 in stage 0.0 (TID 22)) 25.795ms
[97.108s][info][gc          ] Allocation Stall (Executor task launch worker for task 9.0 in stage 0.0 (TID 9)) 25.836ms
[97.108s][info][gc          ] Allocation Stall (Executor task launch worker for task 7.0 in stage 0.0 (TID 7)) 24.832ms
[97.109s][info][gc          ] Allocation Stall (Executor task launch worker for task 26.0 in stage 0.0 (TID 26)) 27.001ms
[97.109s][info][gc          ] Allocation Stall (Executor task launch worker for task 0.0 in stage 0.0 (TID 0)) 25.731ms
[97.109s][info][gc          ] Allocation Stall (Executor task launch worker for task 21.0 in stage 0.0 (TID 21)) 27.621ms
[97.109s][info][gc          ] Allocation Stall (Executor task launch worker for task 40.0 in stage 0.0 (TID 40)) 27.613ms
[97.109s][info][gc          ] Allocation Stall (Executor task launch worker for task 1.0 in stage 0.0 (TID 1)) 24.717ms
[97.109s][info][gc          ] Allocation Stall (Executor task launch worker for task 37.0 in stage 0.0 (TID 37)) 27.241ms
[97.109s][info][gc          ] Allocation Stall (Executor task launch worker for task 11.0 in stage 0.0 (TID 11)) 25.238ms
[97.109s][info][gc          ] Allocation Stall (spark-listener-group-appStatus) 20.603ms
[97.112s][info][gc,phases   ] GC(24) Concurrent Select Relocation Set 3.737ms
[97.256s][info][gc,phases   ] GC(24) Pause Relocate Start 0.009ms
[97.268s][info][gc,phases   ] GC(24) Concurrent Relocate 11.320ms
[97.268s][info][gc,load     ] GC(24) Load: 0.00/0.00/0.00
[97.268s][info][gc,mmu      ] GC(24) MMU: 2ms/94.2%, 5ms/97.7%, 10ms/98.8%, 20ms/99.3%, 50ms/99.7%, 100ms/99.9%
[97.268s][info][gc,marking  ] GC(24) Mark: 8 stripe(s), 3 proactive flush(es), 1 terminate flush(es), 0 completion(s), 0 continuation(s) 
[97.268s][info][gc,marking  ] GC(24) Mark Stack Usage: 32M
[97.268s][info][gc,nmethod  ] GC(24) NMethods: 1783 registered, 32 unregistered
[97.268s][info][gc,metaspace] GC(24) Metaspace: 111M used, 124M committed, 1152M reserved
[97.268s][info][gc,ref      ] GC(24) Soft: 2785 encountered, 2345 discovered, 0 enqueued
[97.268s][info][gc,ref      ] GC(24) Weak: 12879 encountered, 1684 discovered, 0 enqueued
[97.268s][info][gc,ref      ] GC(24) Final: 62 encountered, 5 discovered, 0 enqueued
[97.268s][info][gc,ref      ] GC(24) Phantom: 750 encountered, 587 discovered, 0 enqueued
[97.268s][info][gc,reloc    ] GC(24) Small Pages: 244 / 488M, Empty: 288M, Relocated: 8M, In-Place: 0
[97.268s][info][gc,reloc    ] GC(24) Medium Pages: 9 / 288M, Empty: 0M, Relocated: 0M, In-Place: 0
[97.268s][info][gc,reloc    ] GC(24) Large Pages: 8 / 64M, Empty: 24M, Relocated: 0M, In-Place: 0
[97.268s][info][gc,reloc    ] GC(24) Forwarding Usage: 0M
[97.268s][info][gc,heap     ] GC(24) Min Capacity: 8M(1%)
[97.268s][info][gc,heap     ] GC(24) Max Capacity: 1024M(100%)
[97.268s][info][gc,heap     ] GC(24) Soft Max Capacity: 1024M(100%)
[97.268s][info][gc,heap     ] GC(24)                Mark Start          Mark End        Relocate Start      Relocate End           High               Low         
[97.269s][info][gc,heap     ] GC(24)  Capacity:     1024M (100%)       1024M (100%)       1024M (100%)       1024M (100%)       1024M (100%)       1024M (100%)   
[97.269s][info][gc,heap     ] GC(24)      Free:      184M (18%)           0M (0%)           24M (2%)           18M (2%)          294M (29%)           0M (0%)     
[97.269s][info][gc,heap     ] GC(24)      Used:      840M (82%)        1024M (100%)       1000M (98%)        1006M (98%)        1024M (100%)        730M (71%)    
[97.269s][info][gc,heap     ] GC(24)      Live:         -               318M (31%)         318M (31%)         318M (31%)            -                  -          
[97.269s][info][gc,heap     ] GC(24) Allocated:         -               184M (18%)         472M (46%)         591M (58%)            -                  -          
[97.269s][info][gc,heap     ] GC(24)   Garbage:         -               521M (51%)         209M (20%)          96M (9%)             -                  -          
[97.269s][info][gc,heap     ] GC(24) Reclaimed:         -                  -               312M (30%)         425M (42%)            -                  -          
[97.269s][info][gc          ] GC(24) Garbage Collection (Allocation Stall) 840M(82%)->1006M(98%)
[97.269s][info][gc,start    ] GC(25) Garbage Collection (Allocation Stall)
[97.269s][info][gc,ref      ] GC(25) Clearing All SoftReferences
[97.269s][info][gc,task     ] GC(25) Using 10 workers
[97.270s][info][gc,ref      ] GC(25) Clearing All SoftReferences
[97.270s][info][gc,phases   ] GC(25) Pause Mark Start 0.044ms
[97.310s][info][gc,phases   ] GC(25) Concurrent Mark 39.590ms
[97.310s][info][gc,phases   ] GC(25) Pause Mark End 0.032ms
[97.310s][info][gc,phases   ] GC(25) Concurrent Mark Free 0.001ms
[97.311s][info][gc,phases   ] GC(25) Concurrent Process Non-Strong References 1.192ms
[97.311s][info][gc,phases   ] GC(25) Concurrent Reset Relocation Set 0.011ms
[97.312s][info][gc          ] Allocation Stall (Executor task launch worker for task 35.0 in stage 0.0 (TID 35)) 42.178ms
[97.312s][info][gc          ] Allocation Stall (Executor task launch worker for task 39.0 in stage 0.0 (TID 39)) 41.424ms
[97.312s][info][gc          ] Allocation Stall (Executor task launch worker for task 36.0 in stage 0.0 (TID 36)) 41.298ms
[97.312s][info][gc          ] Allocation Stall (Executor task launch worker for task 17.0 in stage 0.0 (TID 17)) 41.299ms
[97.312s][info][gc          ] Allocation Stall (Executor task launch worker for task 46.0 in stage 0.0 (TID 46)) 42.249ms
[97.312s][info][gc          ] Allocation Stall (Executor task launch worker for task 11.0 in stage 0.0 (TID 11)) 42.183ms
[97.312s][info][gc          ] Allocation Stall (Executor task launch worker for task 33.0 in stage 0.0 (TID 33)) 41.327ms
[97.312s][info][gc          ] Allocation Stall (Executor task launch worker for task 14.0 in stage 0.0 (TID 14)) 42.274ms
[97.312s][info][gc          ] Allocation Stall (Executor task launch worker for task 38.0 in stage 0.0 (TID 38)) 42.284ms
[97.312s][info][gc          ] Allocation Stall (Executor task launch worker for task 40.0 in stage 0.0 (TID 40)) 42.217ms
[97.312s][info][gc          ] Allocation Stall (Executor task launch worker for task 10.0 in stage 0.0 (TID 10)) 42.255ms
[97.312s][info][gc          ] Allocation Stall (Executor task launch worker for task 27.0 in stage 0.0 (TID 27)) 44.214ms
[97.312s][info][gc          ] Allocation Stall (Executor task launch worker for task 9.0 in stage 0.0 (TID 9)) 41.447ms
[97.312s][info][gc          ] Allocation Stall (Executor task launch worker for task 5.0 in stage 0.0 (TID 5)) 44.052ms
[97.312s][info][gc          ] Allocation Stall (Executor task launch worker for task 23.0 in stage 0.0 (TID 23)) 41.298ms
[97.312s][info][gc          ] Allocation Stall (spark-listener-group-appStatus) 41.303ms
[97.312s][info][gc          ] Allocation Stall (Executor task launch worker for task 21.0 in stage 0.0 (TID 21)) 41.306ms
[97.312s][info][gc          ] Allocation Stall (Executor task launch worker for task 45.0 in stage 0.0 (TID 45)) 41.312ms
[97.312s][info][gc          ] Allocation Stall (Executor task launch worker for task 22.0 in stage 0.0 (TID 22)) 42.306ms
[97.312s][info][gc          ] Allocation Stall (Executor task launch worker for task 26.0 in stage 0.0 (TID 26)) 38.239ms
[97.312s][info][gc          ] Allocation Stall (Executor task launch worker for task 31.0 in stage 0.0 (TID 31)) 41.006ms
[97.312s][info][gc          ] Allocation Stall (Executor task launch worker for task 47.0 in stage 0.0 (TID 47)) 41.355ms
[97.312s][info][gc          ] Allocation Stall (Executor task launch worker for task 8.0 in stage 0.0 (TID 8)) 38.653ms
[97.312s][info][gc          ] Allocation Stall (Executor task launch worker for task 41.0 in stage 0.0 (TID 41)) 41.215ms
[97.312s][info][gc          ] Allocation Stall (Executor task launch worker for task 43.0 in stage 0.0 (TID 43)) 38.124ms
[97.312s][info][gc          ] Allocation Stall (Executor task launch worker for task 12.0 in stage 0.0 (TID 12)) 38.688ms
[97.312s][info][gc          ] Allocation Stall (Executor task launch worker for task 1.0 in stage 0.0 (TID 1)) 38.501ms
[97.312s][info][gc          ] Allocation Stall (Executor task launch worker for task 18.0 in stage 0.0 (TID 18)) 38.094ms
[97.312s][info][gc          ] Allocation Stall (Executor task launch worker for task 29.0 in stage 0.0 (TID 29)) 41.375ms
[97.312s][info][gc          ] Allocation Stall (Executor task launch worker for task 42.0 in stage 0.0 (TID 42)) 38.136ms
[97.312s][info][gc          ] Allocation Stall (Executor task launch worker for task 2.0 in stage 0.0 (TID 2)) 38.458ms
[97.312s][info][gc          ] Allocation Stall (Executor task launch worker for task 44.0 in stage 0.0 (TID 44)) 41.437ms
[97.312s][info][gc          ] Allocation Stall (Executor task launch worker for task 37.0 in stage 0.0 (TID 37)) 41.382ms
[97.312s][info][gc          ] Allocation Stall (Executor task launch worker for task 24.0 in stage 0.0 (TID 24)) 41.405ms
[97.312s][info][gc          ] Allocation Stall (Executor task launch worker for task 19.0 in stage 0.0 (TID 19)) 41.389ms
[97.312s][info][gc          ] Allocation Stall (Executor task launch worker for task 32.0 in stage 0.0 (TID 32)) 35.903ms
[97.312s][info][gc          ] Allocation Stall (Executor task launch worker for task 34.0 in stage 0.0 (TID 34)) 35.709ms
[97.312s][info][gc          ] Allocation Stall (Executor task launch worker for task 30.0 in stage 0.0 (TID 30)) 38.107ms
[97.312s][info][gc          ] Allocation Stall (Executor task launch worker for task 6.0 in stage 0.0 (TID 6)) 41.401ms
[97.312s][info][gc          ] Allocation Stall (Executor task launch worker for task 0.0 in stage 0.0 (TID 0)) 41.440ms
[97.312s][info][gc          ] Allocation Stall (Executor task launch worker for task 7.0 in stage 0.0 (TID 7)) 38.120ms
[97.312s][info][gc          ] Allocation Stall (Executor task launch worker for task 4.0 in stage 0.0 (TID 4)) 41.456ms
[97.312s][info][gc          ] Allocation Stall (Executor task launch worker for task 16.0 in stage 0.0 (TID 16)) 41.453ms
[97.312s][info][gc          ] Allocation Stall (Executor task launch worker for task 20.0 in stage 0.0 (TID 20)) 38.980ms
[97.312s][info][gc          ] Allocation Stall (Executor task launch worker for task 28.0 in stage 0.0 (TID 28)) 41.483ms
[97.312s][info][gc          ] Allocation Stall (Executor task launch worker for task 15.0 in stage 0.0 (TID 15)) 41.525ms
[97.312s][info][gc          ] Allocation Stall (Executor task launch worker for task 3.0 in stage 0.0 (TID 3)) 41.512ms
[97.312s][info][gc          ] Allocation Stall (Executor task launch worker for task 13.0 in stage 0.0 (TID 13)) 41.491ms
[97.312s][info][gc          ] Allocation Stall (Executor task launch worker for task 25.0 in stage 0.0 (TID 25)) 41.498ms
[97.379s][info][gc,phases   ] GC(25) Concurrent Select Relocation Set 67.103ms
[97.388s][info][gc,phases   ] GC(25) Pause Relocate Start 0.008ms
[97.610s][info][gc          ] Allocation Stall (Executor task launch worker for task 28.0 in stage 0.0 (TID 28)) 0.021ms
[97.610s][info][gc          ] Allocation Stall (Executor task launch worker for task 32.0 in stage 0.0 (TID 32)) 0.056ms
[97.610s][info][gc          ] Allocation Stall (Executor task launch worker for task 5.0 in stage 0.0 (TID 5)) 0.081ms
[97.610s][info][gc          ] Allocation Stall (Executor task launch worker for task 6.0 in stage 0.0 (TID 6)) 0.112ms
[97.610s][info][gc          ] Allocation Stall (Executor task launch worker for task 26.0 in stage 0.0 (TID 26)) 0.108ms
[97.610s][info][gc          ] Allocation Stall (Executor task launch worker for task 44.0 in stage 0.0 (TID 44)) 0.106ms
[97.610s][info][gc          ] Allocation Stall (Executor task launch worker for task 8.0 in stage 0.0 (TID 8)) 0.111ms
[97.610s][info][gc          ] Allocation Stall (Executor task launch worker for task 37.0 in stage 0.0 (TID 37)) 0.105ms
[97.610s][info][gc          ] Allocation Stall (Executor task launch worker for task 36.0 in stage 0.0 (TID 36)) 0.105ms
[97.610s][info][gc          ] Allocation Stall (Executor task launch worker for task 40.0 in stage 0.0 (TID 40)) 0.089ms
[97.610s][info][gc          ] Allocation Stall (Executor task launch worker for task 39.0 in stage 0.0 (TID 39)) 0.085ms
[97.610s][info][gc          ] Allocation Stall (Executor task launch worker for task 24.0 in stage 0.0 (TID 24)) 0.091ms
[97.610s][info][gc          ] Allocation Stall (Executor task launch worker for task 34.0 in stage 0.0 (TID 34)) 0.108ms
[97.610s][info][gc          ] Allocation Stall (Executor task launch worker for task 25.0 in stage 0.0 (TID 25)) 0.176ms
[97.610s][info][gc          ] Allocation Stall (Executor task launch worker for task 0.0 in stage 0.0 (TID 0)) 0.210ms
[97.610s][info][gc          ] Allocation Stall (Executor task launch worker for task 13.0 in stage 0.0 (TID 13)) 0.259ms
[97.610s][info][gc          ] Allocation Stall (Executor task launch worker for task 23.0 in stage 0.0 (TID 23)) 0.289ms
[97.611s][info][gc          ] Allocation Stall (Executor task launch worker for task 35.0 in stage 0.0 (TID 35)) 0.314ms
[97.611s][info][gc          ] Allocation Stall (Executor task launch worker for task 43.0 in stage 0.0 (TID 43)) 0.365ms
[97.611s][info][gc          ] Allocation Stall (Executor task launch worker for task 17.0 in stage 0.0 (TID 17)) 0.370ms
[97.611s][info][gc          ] Allocation Stall (Executor task launch worker for task 41.0 in stage 0.0 (TID 41)) 0.395ms
[97.611s][info][gc          ] Allocation Stall (Executor task launch worker for task 30.0 in stage 0.0 (TID 30)) 0.417ms
[97.611s][info][gc          ] Allocation Stall (Executor task launch worker for task 4.0 in stage 0.0 (TID 4)) 0.442ms
[97.611s][info][gc          ] Allocation Stall (Executor task launch worker for task 31.0 in stage 0.0 (TID 31)) 0.463ms
[97.611s][info][gc          ] Allocation Stall (Executor task launch worker for task 2.0 in stage 0.0 (TID 2)) 0.491ms
[97.623s][info][gc,phases   ] GC(25) Concurrent Relocate 157.226ms
[97.623s][info][gc,load     ] GC(25) Load: 0.00/0.00/0.00
[97.623s][info][gc,mmu      ] GC(25) MMU: 2ms/94.2%, 5ms/97.7%, 10ms/98.8%, 20ms/99.3%, 50ms/99.7%, 100ms/99.9%
[97.623s][info][gc,marking  ] GC(25) Mark: 8 stripe(s), 3 proactive flush(es), 1 terminate flush(es), 0 completion(s), 0 continuation(s) 
[97.623s][info][gc,marking  ] GC(25) Mark Stack Usage: 32M
[97.623s][info][gc,nmethod  ] GC(25) NMethods: 1805 registered, 49 unregistered
[97.623s][info][gc,metaspace] GC(25) Metaspace: 111M used, 124M committed, 1152M reserved
[97.623s][info][gc,ref      ] GC(25) Soft: 2792 encountered, 2374 discovered, 7 enqueued
[97.623s][info][gc,ref      ] GC(25) Weak: 12927 encountered, 2210 discovered, 20 enqueued
[97.623s][info][gc,ref      ] GC(25) Final: 62 encountered, 4 discovered, 0 enqueued
[97.623s][info][gc,ref      ] GC(25) Phantom: 758 encountered, 546 discovered, 8 enqueued
[97.623s][info][gc,reloc    ] GC(25) Small Pages: 331 / 662M, Empty: 434M, Relocated: 6M, In-Place: 0
[97.623s][info][gc,reloc    ] GC(25) Medium Pages: 10 / 320M, Empty: 0M, Relocated: 44M, In-Place: 0
[97.623s][info][gc,reloc    ] GC(25) Large Pages: 5 / 40M, Empty: 24M, Relocated: 0M, In-Place: 0
[97.623s][info][gc,reloc    ] GC(25) Forwarding Usage: 0M
[97.623s][info][gc,heap     ] GC(25) Min Capacity: 8M(1%)
[97.623s][info][gc,heap     ] GC(25) Max Capacity: 1024M(100%)
[97.624s][info][gc,heap     ] GC(25) Soft Max Capacity: 1024M(100%)
[97.624s][info][gc,heap     ] GC(25)                Mark Start          Mark End        Relocate Start      Relocate End           High               Low         
[97.624s][info][gc,heap     ] GC(25)  Capacity:     1024M (100%)       1024M (100%)       1024M (100%)       1024M (100%)       1024M (100%)       1024M (100%)   
[97.624s][info][gc,heap     ] GC(25)      Free:        2M (0%)            0M (0%)          324M (32%)          44M (4%)          348M (34%)           0M (0%)     
[97.624s][info][gc,heap     ] GC(25)      Used:     1022M (100%)       1024M (100%)        700M (68%)         980M (96%)        1024M (100%)        676M (66%)    
[97.624s][info][gc,heap     ] GC(25)      Live:         -               302M (30%)         302M (30%)         302M (30%)            -                  -          
[97.624s][info][gc,heap     ] GC(25) Allocated:         -                 2M (0%)          136M (13%)         609M (60%)            -                  -          
[97.624s][info][gc,heap     ] GC(25)   Garbage:         -               719M (70%)         261M (26%)          67M (7%)             -                  -          
[97.624s][info][gc,heap     ] GC(25) Reclaimed:         -                  -               458M (45%)         651M (64%)            -                  -          
[97.624s][info][gc          ] GC(25) Garbage Collection (Allocation Stall) 1022M(100%)->980M(96%)
[97.638s][info][gc,start    ] GC(26) Garbage Collection (Allocation Stall)
[97.638s][info][gc,ref      ] GC(26) Clearing All SoftReferences
[97.638s][info][gc,task     ] GC(26) Using 10 workers
[97.653s][info][gc,ref      ] GC(26) Clearing All SoftReferences
[97.654s][info][gc,phases   ] GC(26) Pause Mark Start 0.074ms
[97.654s][info][gc          ] Allocation Stall (Executor task launch worker for task 43.0 in stage 0.0 (TID 43)) 14.852ms
[97.654s][info][gc          ] Allocation Stall (Executor task launch worker for task 34.0 in stage 0.0 (TID 34)) 14.848ms
[97.654s][info][gc          ] Allocation Stall (Executor task launch worker for task 35.0 in stage 0.0 (TID 35)) 14.840ms
[97.654s][info][gc          ] Allocation Stall (Executor task launch worker for task 7.0 in stage 0.0 (TID 7)) 14.855ms
[97.656s][info][gc          ] Allocation Stall (Executor task launch worker for task 25.0 in stage 0.0 (TID 25)) 17.266ms
[97.716s][info][gc,phases   ] GC(26) Concurrent Mark 45.227ms
[97.716s][info][gc,phases   ] GC(26) Pause Mark End 0.028ms
[97.716s][info][gc,phases   ] GC(26) Concurrent Mark Free 0.001ms
[97.732s][info][gc,phases   ] GC(26) Concurrent Process Non-Strong References 15.537ms
[97.732s][info][gc,phases   ] GC(26) Concurrent Reset Relocation Set 0.009ms
[97.732s][info][gc          ] Allocation Stall (Executor task launch worker for task 42.0 in stage 0.0 (TID 42)) 57.144ms
[97.732s][info][gc          ] Allocation Stall (Executor task launch worker for task 6.0 in stage 0.0 (TID 6)) 58.242ms
[97.732s][info][gc          ] Allocation Stall (Executor task launch worker for task 44.0 in stage 0.0 (TID 44)) 56.739ms
[97.732s][info][gc          ] Allocation Stall (Executor task launch worker for task 25.0 in stage 0.0 (TID 25)) 60.382ms
[97.732s][info][gc          ] Allocation Stall (Executor task launch worker for task 17.0 in stage 0.0 (TID 17)) 58.554ms
[97.732s][info][gc          ] Allocation Stall (Executor task launch worker for task 8.0 in stage 0.0 (TID 8)) 58.672ms
[97.732s][info][gc          ] Allocation Stall (Executor task launch worker for task 34.0 in stage 0.0 (TID 34)) 59.097ms
[97.732s][info][gc          ] Allocation Stall (Executor task launch worker for task 2.0 in stage 0.0 (TID 2)) 58.209ms
[97.732s][info][gc          ] Allocation Stall (Executor task launch worker for task 30.0 in stage 0.0 (TID 30)) 59.442ms
[97.732s][info][gc          ] Allocation Stall (Executor task launch worker for task 35.0 in stage 0.0 (TID 35)) 56.739ms
[97.732s][info][gc          ] Allocation Stall (Executor task launch worker for task 11.0 in stage 0.0 (TID 11)) 57.196ms
[97.732s][info][gc          ] Allocation Stall (Executor task launch worker for task 15.0 in stage 0.0 (TID 15)) 58.585ms
[97.732s][info][gc          ] Allocation Stall (RemoteBlock-temp-file-clean-thread) 58.138ms
[97.732s][info][gc          ] Allocation Stall (Executor task launch worker for task 43.0 in stage 0.0 (TID 43)) 57.861ms
[97.732s][info][gc          ] Allocation Stall (Executor task launch worker for task 46.0 in stage 0.0 (TID 46)) 57.449ms
[97.732s][info][gc          ] Allocation Stall (Executor task launch worker for task 45.0 in stage 0.0 (TID 45)) 59.366ms
[97.732s][info][gc          ] Allocation Stall (Executor task launch worker for task 29.0 in stage 0.0 (TID 29)) 56.857ms
[97.732s][info][gc          ] Allocation Stall (Executor task launch worker for task 41.0 in stage 0.0 (TID 41)) 56.962ms
[97.732s][info][gc          ] Allocation Stall (Executor task launch worker for task 10.0 in stage 0.0 (TID 10)) 58.769ms
[97.732s][info][gc          ] Allocation Stall (Executor task launch worker for task 19.0 in stage 0.0 (TID 19)) 58.447ms
[97.732s][info][gc          ] Allocation Stall (Executor task launch worker for task 1.0 in stage 0.0 (TID 1)) 61.437ms
[97.732s][info][gc          ] Allocation Stall (Executor task launch worker for task 22.0 in stage 0.0 (TID 22)) 57.583ms
[97.732s][info][gc          ] Allocation Stall (Executor task launch worker for task 28.0 in stage 0.0 (TID 28)) 58.346ms
[97.732s][info][gc          ] Allocation Stall (Executor task launch worker for task 39.0 in stage 0.0 (TID 39)) 57.217ms
[97.732s][info][gc          ] Allocation Stall (Executor task launch worker for task 31.0 in stage 0.0 (TID 31)) 58.401ms
[97.732s][info][gc          ] Allocation Stall (Executor task launch worker for task 9.0 in stage 0.0 (TID 9)) 56.714ms
[97.732s][info][gc          ] Allocation Stall (Executor task launch worker for task 18.0 in stage 0.0 (TID 18)) 59.049ms
[97.732s][info][gc          ] Allocation Stall (Executor task launch worker for task 38.0 in stage 0.0 (TID 38)) 57.106ms
[97.732s][info][gc          ] Allocation Stall (Executor task launch worker for task 16.0 in stage 0.0 (TID 16)) 59.243ms
[97.732s][info][gc          ] Allocation Stall (Executor task launch worker for task 12.0 in stage 0.0 (TID 12)) 58.660ms
[97.732s][info][gc          ] Allocation Stall (Executor task launch worker for task 5.0 in stage 0.0 (TID 5)) 57.126ms
[97.732s][info][gc          ] Allocation Stall (Executor task launch worker for task 33.0 in stage 0.0 (TID 33)) 61.059ms
[97.732s][info][gc          ] Allocation Stall (Executor task launch worker for task 20.0 in stage 0.0 (TID 20)) 60.450ms
[97.732s][info][gc          ] Allocation Stall (Executor task launch worker for task 4.0 in stage 0.0 (TID 4)) 58.678ms
[97.732s][info][gc          ] Allocation Stall (Executor task launch worker for task 14.0 in stage 0.0 (TID 14)) 59.583ms
[97.732s][info][gc          ] Allocation Stall (Executor task launch worker for task 47.0 in stage 0.0 (TID 47)) 56.948ms
[97.732s][info][gc          ] Allocation Stall (Executor task launch worker for task 21.0 in stage 0.0 (TID 21)) 60.168ms
[97.732s][info][gc          ] Allocation Stall (Executor task launch worker for task 27.0 in stage 0.0 (TID 27)) 59.462ms
[97.732s][info][gc          ] Allocation Stall (spark-listener-group-appStatus) 52.537ms
[97.732s][info][gc          ] Allocation Stall (Executor task launch worker for task 3.0 in stage 0.0 (TID 3)) 57.016ms
[97.732s][info][gc          ] Allocation Stall (Executor task launch worker for task 0.0 in stage 0.0 (TID 0)) 62.030ms
[97.732s][info][gc          ] Allocation Stall (Executor task launch worker for task 40.0 in stage 0.0 (TID 40)) 58.393ms
[97.732s][info][gc          ] Allocation Stall (Common-Cleaner) 0.300ms
[97.732s][info][gc          ] Allocation Stall (Executor task launch worker for task 36.0 in stage 0.0 (TID 36)) 60.629ms
[97.732s][info][gc          ] Allocation Stall (Executor task launch worker for task 24.0 in stage 0.0 (TID 24)) 57.640ms
[97.732s][info][gc          ] Allocation Stall (Spark Context Cleaner) 47.394ms
[97.732s][info][gc          ] Allocation Stall (Executor task launch worker for task 23.0 in stage 0.0 (TID 23)) 61.480ms
[97.732s][info][gc          ] Allocation Stall (Executor task launch worker for task 32.0 in stage 0.0 (TID 32)) 60.018ms
[97.732s][info][gc          ] Allocation Stall (Executor task launch worker for task 26.0 in stage 0.0 (TID 26)) 61.668ms
[97.732s][info][gc          ] Allocation Stall (Executor task launch worker for task 13.0 in stage 0.0 (TID 13)) 58.425ms
[97.732s][info][gc          ] Allocation Stall (Executor task launch worker for task 7.0 in stage 0.0 (TID 7)) 61.557ms
[97.732s][info][gc          ] Allocation Stall (Executor task launch worker for task 37.0 in stage 0.0 (TID 37)) 60.306ms
[97.735s][info][gc,phases   ] GC(26) Concurrent Select Relocation Set 3.163ms
[97.763s][info][gc,phases   ] GC(26) Pause Relocate Start 0.010ms
[97.830s][info][gc          ] Allocation Stall (Executor task launch worker for task 27.0 in stage 0.0 (TID 27)) 0.031ms
[97.832s][info][gc          ] Allocation Stall (Executor task launch worker for task 10.0 in stage 0.0 (TID 10)) 2.216ms
[97.832s][info][gc          ] Allocation Stall (Executor task launch worker for task 46.0 in stage 0.0 (TID 46)) 2.071ms
[97.832s][info][gc          ] Allocation Stall (Executor task launch worker for task 12.0 in stage 0.0 (TID 12)) 1.967ms
[97.832s][info][gc          ] Allocation Stall (Executor task launch worker for task 8.0 in stage 0.0 (TID 8)) 1.970ms
[97.832s][info][gc          ] Allocation Stall (Executor task launch worker for task 5.0 in stage 0.0 (TID 5)) 2.045ms
[97.832s][info][gc          ] Allocation Stall (Executor task launch worker for task 47.0 in stage 0.0 (TID 47)) 2.081ms
[97.832s][info][gc          ] Allocation Stall (Executor task launch worker for task 33.0 in stage 0.0 (TID 33)) 1.952ms
[97.832s][info][gc          ] Allocation Stall (Executor task launch worker for task 2.0 in stage 0.0 (TID 2)) 1.950ms
[97.832s][info][gc          ] Allocation Stall (Executor task launch worker for task 14.0 in stage 0.0 (TID 14)) 2.060ms
[97.832s][info][gc          ] Allocation Stall (Executor task launch worker for task 21.0 in stage 0.0 (TID 21)) 1.809ms
[97.832s][info][gc          ] Allocation Stall (Executor task launch worker for task 36.0 in stage 0.0 (TID 36)) 1.768ms
[97.832s][info][gc          ] Allocation Stall (Executor task launch worker for task 39.0 in stage 0.0 (TID 39)) 1.758ms
[97.832s][info][gc          ] Allocation Stall (Executor task launch worker for task 34.0 in stage 0.0 (TID 34)) 1.698ms
[97.832s][info][gc          ] Allocation Stall (Executor task launch worker for task 18.0 in stage 0.0 (TID 18)) 1.790ms
[97.832s][info][gc          ] Allocation Stall (Executor task launch worker for task 44.0 in stage 0.0 (TID 44)) 1.780ms
[97.832s][info][gc          ] Allocation Stall (Executor task launch worker for task 28.0 in stage 0.0 (TID 28)) 1.740ms
[97.832s][info][gc          ] Allocation Stall (Executor task launch worker for task 41.0 in stage 0.0 (TID 41)) 1.784ms
[97.832s][info][gc          ] Allocation Stall (Executor task launch worker for task 15.0 in stage 0.0 (TID 15)) 1.769ms
[97.832s][info][gc          ] Allocation Stall (Executor task launch worker for task 45.0 in stage 0.0 (TID 45)) 2.362ms
[97.832s][info][gc          ] Allocation Stall (Executor task launch worker for task 32.0 in stage 0.0 (TID 32)) 2.352ms
[97.832s][info][gc          ] Allocation Stall (Executor task launch worker for task 17.0 in stage 0.0 (TID 17)) 2.453ms
[97.832s][info][gc          ] Allocation Stall (Executor task launch worker for task 1.0 in stage 0.0 (TID 1)) 1.746ms
[97.832s][info][gc          ] Allocation Stall (Executor task launch worker for task 13.0 in stage 0.0 (TID 13)) 2.478ms
[97.832s][info][gc          ] Allocation Stall (Executor task launch worker for task 23.0 in stage 0.0 (TID 23)) 1.721ms
[97.832s][info][gc          ] Allocation Stall (Executor task launch worker for task 25.0 in stage 0.0 (TID 25)) 1.748ms
[97.832s][info][gc          ] Allocation Stall (Executor task launch worker for task 38.0 in stage 0.0 (TID 38)) 1.727ms
[97.832s][info][gc          ] Allocation Stall (Executor task launch worker for task 19.0 in stage 0.0 (TID 19)) 1.757ms
[97.832s][info][gc          ] Allocation Stall (Executor task launch worker for task 37.0 in stage 0.0 (TID 37)) 1.669ms
[97.832s][info][gc          ] Allocation Stall (Executor task launch worker for task 30.0 in stage 0.0 (TID 30)) 2.410ms
[97.832s][info][gc          ] Allocation Stall (Executor task launch worker for task 9.0 in stage 0.0 (TID 9)) 1.123ms
[97.832s][info][gc          ] Allocation Stall (Executor task launch worker for task 4.0 in stage 0.0 (TID 4)) 2.651ms
[97.832s][info][gc          ] Allocation Stall (Executor task launch worker for task 20.0 in stage 0.0 (TID 20)) 2.075ms
[97.832s][info][gc          ] Allocation Stall (Executor task launch worker for task 43.0 in stage 0.0 (TID 43)) 2.067ms
[97.832s][info][gc          ] Allocation Stall (Executor task launch worker for task 26.0 in stage 0.0 (TID 26)) 2.040ms
[97.832s][info][gc          ] Allocation Stall (Executor task launch worker for task 22.0 in stage 0.0 (TID 22)) 2.040ms
[97.832s][info][gc          ] Allocation Stall (Executor task launch worker for task 7.0 in stage 0.0 (TID 7)) 2.036ms
[97.832s][info][gc          ] Allocation Stall (Executor task launch worker for task 31.0 in stage 0.0 (TID 31)) 2.030ms
[97.832s][info][gc          ] Allocation Stall (Executor task launch worker for task 42.0 in stage 0.0 (TID 42)) 2.032ms
[97.832s][info][gc          ] Allocation Stall (Executor task launch worker for task 29.0 in stage 0.0 (TID 29)) 1.907ms
[97.832s][info][gc          ] Allocation Stall (Executor task launch worker for task 24.0 in stage 0.0 (TID 24)) 1.886ms
[97.832s][info][gc          ] Allocation Stall (Executor task launch worker for task 35.0 in stage 0.0 (TID 35)) 1.890ms
[97.832s][info][gc          ] Allocation Stall (Executor task launch worker for task 40.0 in stage 0.0 (TID 40)) 1.899ms
[97.832s][info][gc          ] Allocation Stall (Executor task launch worker for task 3.0 in stage 0.0 (TID 3)) 1.879ms
[97.832s][info][gc          ] Allocation Stall (Executor task launch worker for task 27.0 in stage 0.0 (TID 27)) 1.869ms
[97.832s][info][gc          ] Allocation Stall (Executor task launch worker for task 6.0 in stage 0.0 (TID 6)) 1.872ms
[97.832s][info][gc,phases   ] GC(26) Concurrent Relocate 65.719ms
[97.833s][info][gc,load     ] GC(26) Load: 0.00/0.00/0.00
[97.834s][info][gc,mmu      ] GC(26) MMU: 2ms/94.2%, 5ms/97.7%, 10ms/98.8%, 20ms/99.3%, 50ms/99.7%, 100ms/99.9%
[97.834s][info][gc,marking  ] GC(26) Mark: 8 stripe(s), 2 proactive flush(es), 1 terminate flush(es), 0 completion(s), 0 continuation(s) 
[97.834s][info][gc,marking  ] GC(26) Mark Stack Usage: 32M
[97.834s][info][gc,nmethod  ] GC(26) NMethods: 1982 registered, 52 unregistered
[97.834s][info][gc,metaspace] GC(26) Metaspace: 112M used, 124M committed, 1152M reserved
[97.834s][info][gc,ref      ] GC(26) Soft: 2800 encountered, 1577 discovered, 10 enqueued
[97.834s][info][gc,ref      ] GC(26) Weak: 12940 encountered, 1387 discovered, 14 enqueued
[97.834s][info][gc,ref      ] GC(26) Final: 62 encountered, 4 discovered, 0 enqueued
[97.834s][info][gc,ref      ] GC(26) Phantom: 757 encountered, 533 discovered, 7 enqueued
[97.834s][info][gc,reloc    ] GC(26) Small Pages: 314 / 628M, Empty: 382M, Relocated: 6M, In-Place: 0
[97.834s][info][gc,reloc    ] GC(26) Medium Pages: 11 / 352M, Empty: 0M, Relocated: 23M, In-Place: 0
[97.834s][info][gc,reloc    ] GC(26) Large Pages: 2 / 16M, Empty: 8M, Relocated: 0M, In-Place: 0
[97.834s][info][gc,reloc    ] GC(26) Forwarding Usage: 0M
[97.834s][info][gc,heap     ] GC(26) Min Capacity: 8M(1%)
[97.834s][info][gc,heap     ] GC(26) Max Capacity: 1024M(100%)
[97.834s][info][gc,heap     ] GC(26) Soft Max Capacity: 1024M(100%)
[97.834s][info][gc,heap     ] GC(26)                Mark Start          Mark End        Relocate Start      Relocate End           High               Low         
[97.834s][info][gc,heap     ] GC(26)  Capacity:     1024M (100%)       1024M (100%)       1024M (100%)       1024M (100%)       1024M (100%)       1024M (100%)   
[97.834s][info][gc,heap     ] GC(26)      Free:       18M (2%)            0M (0%)          320M (31%)          38M (4%)          398M (39%)           0M (0%)     
[97.834s][info][gc,heap     ] GC(26)      Used:     1006M (98%)        1024M (100%)        704M (69%)         986M (96%)        1024M (100%)        626M (61%)    
[97.834s][info][gc,heap     ] GC(26)      Live:         -               319M (31%)         319M (31%)         319M (31%)            -                  -          
[97.834s][info][gc,heap     ] GC(26) Allocated:         -                18M (2%)           88M (9%)          545M (53%)            -                  -          
[97.834s][info][gc,heap     ] GC(26)   Garbage:         -               686M (67%)         296M (29%)         121M (12%)            -                  -          
[97.834s][info][gc,heap     ] GC(26) Reclaimed:         -                  -               390M (38%)         565M (55%)            -                  -          
[97.834s][info][gc          ] GC(26) Garbage Collection (Allocation Stall) 1006M(98%)->986M(96%)
[97.896s][info][gc,start    ] GC(27) Garbage Collection (Allocation Stall)
[97.896s][info][gc,ref      ] GC(27) Clearing All SoftReferences
[97.896s][info][gc,task     ] GC(27) Using 10 workers
[97.909s][info][gc,ref      ] GC(27) Clearing All SoftReferences
[97.909s][info][gc,phases   ] GC(27) Pause Mark Start 0.069ms
[97.909s][info][gc          ] Allocation Stall (Executor task launch worker for task 31.0 in stage 0.0 (TID 31)) 13.402ms
[97.909s][info][gc          ] Allocation Stall (Executor task launch worker for task 27.0 in stage 0.0 (TID 27)) 13.398ms
[97.971s][info][gc,phases   ] GC(27) Concurrent Mark 59.467ms
[97.971s][info][gc,phases   ] GC(27) Pause Mark End 0.027ms
[97.971s][info][gc,phases   ] GC(27) Concurrent Mark Free 0.001ms
[97.973s][info][gc,phases   ] GC(27) Concurrent Process Non-Strong References 1.335ms
[97.973s][info][gc,phases   ] GC(27) Concurrent Reset Relocation Set 0.012ms
[97.973s][info][gc          ] Allocation Stall (Executor task launch worker for task 5.0 in stage 0.0 (TID 5)) 38.128ms
[97.973s][info][gc          ] Allocation Stall (Executor task launch worker for task 24.0 in stage 0.0 (TID 24)) 38.138ms
[97.973s][info][gc          ] Allocation Stall (Executor task launch worker for task 2.0 in stage 0.0 (TID 2)) 38.076ms
[97.973s][info][gc          ] Allocation Stall (Executor task launch worker for task 29.0 in stage 0.0 (TID 29)) 41.284ms
[97.973s][info][gc          ] Allocation Stall (Executor task launch worker for task 38.0 in stage 0.0 (TID 38)) 38.632ms
[97.973s][info][gc          ] Allocation Stall (Executor task launch worker for task 37.0 in stage 0.0 (TID 37)) 39.544ms
[97.973s][info][gc          ] Allocation Stall (Executor task launch worker for task 45.0 in stage 0.0 (TID 45)) 41.327ms
[97.973s][info][gc          ] Allocation Stall (Executor task launch worker for task 40.0 in stage 0.0 (TID 40)) 39.728ms
[97.973s][info][gc          ] Allocation Stall (Executor task launch worker for task 16.0 in stage 0.0 (TID 16)) 38.161ms
[97.973s][info][gc          ] Allocation Stall (Executor task launch worker for task 27.0 in stage 0.0 (TID 27)) 40.199ms
[97.973s][info][gc          ] Allocation Stall (Executor task launch worker for task 1.0 in stage 0.0 (TID 1)) 38.054ms
[97.973s][info][gc          ] Allocation Stall (Executor task launch worker for task 36.0 in stage 0.0 (TID 36)) 40.348ms
[97.973s][info][gc          ] Allocation Stall (Executor task launch worker for task 46.0 in stage 0.0 (TID 46)) 38.601ms
[97.973s][info][gc          ] Allocation Stall (Executor task launch worker for task 41.0 in stage 0.0 (TID 41)) 38.208ms
[97.973s][info][gc          ] Allocation Stall (Executor task launch worker for task 44.0 in stage 0.0 (TID 44)) 38.685ms
[97.973s][info][gc          ] Allocation Stall (Executor task launch worker for task 9.0 in stage 0.0 (TID 9)) 38.378ms
[97.973s][info][gc          ] Allocation Stall (Executor task launch worker for task 4.0 in stage 0.0 (TID 4)) 42.968ms
[97.973s][info][gc          ] Allocation Stall (Executor task launch worker for task 43.0 in stage 0.0 (TID 43)) 38.546ms
[97.973s][info][gc          ] Allocation Stall (Executor task launch worker for task 15.0 in stage 0.0 (TID 15)) 38.215ms
[97.973s][info][gc          ] Allocation Stall (Executor task launch worker for task 31.0 in stage 0.0 (TID 31)) 38.249ms
[97.973s][info][gc          ] Allocation Stall (Executor task launch worker for task 13.0 in stage 0.0 (TID 13)) 39.889ms
[97.973s][info][gc          ] Allocation Stall (Executor task launch worker for task 22.0 in stage 0.0 (TID 22)) 39.966ms
[97.973s][info][gc          ] Allocation Stall (Executor task launch worker for task 3.0 in stage 0.0 (TID 3)) 38.531ms
[97.973s][info][gc          ] Allocation Stall (Executor task launch worker for task 42.0 in stage 0.0 (TID 42)) 38.525ms
[97.973s][info][gc          ] Allocation Stall (Executor task launch worker for task 14.0 in stage 0.0 (TID 14)) 40.336ms
[97.973s][info][gc          ] Allocation Stall (Executor task launch worker for task 12.0 in stage 0.0 (TID 12)) 38.106ms
[97.973s][info][gc          ] Allocation Stall (Executor task launch worker for task 26.0 in stage 0.0 (TID 26)) 43.326ms
[97.973s][info][gc          ] Allocation Stall (Executor task launch worker for task 20.0 in stage 0.0 (TID 20)) 39.708ms
[97.973s][info][gc          ] Allocation Stall (Executor task launch worker for task 34.0 in stage 0.0 (TID 34)) 40.570ms
[97.973s][info][gc          ] Allocation Stall (Spark Context Cleaner) 17.462ms
[97.973s][info][gc          ] Allocation Stall (Executor task launch worker for task 7.0 in stage 0.0 (TID 7)) 40.452ms
[97.973s][info][gc          ] Allocation Stall (Executor task launch worker for task 47.0 in stage 0.0 (TID 47)) 41.482ms
[97.973s][info][gc          ] Allocation Stall (Executor task launch worker for task 10.0 in stage 0.0 (TID 10)) 39.601ms
[97.973s][info][gc          ] Allocation Stall (Executor task launch worker for task 19.0 in stage 0.0 (TID 19)) 38.889ms
[97.973s][info][gc          ] Allocation Stall (Executor task launch worker for task 8.0 in stage 0.0 (TID 8)) 41.960ms
[97.973s][info][gc          ] Allocation Stall (Executor task launch worker for task 18.0 in stage 0.0 (TID 18)) 39.618ms
[97.973s][info][gc          ] Allocation Stall (Executor task launch worker for task 35.0 in stage 0.0 (TID 35)) 39.745ms
[97.973s][info][gc          ] Allocation Stall (Executor task launch worker for task 39.0 in stage 0.0 (TID 39)) 40.032ms
[97.973s][info][gc          ] Allocation Stall (Executor task launch worker for task 33.0 in stage 0.0 (TID 33)) 42.497ms
[97.973s][info][gc          ] Allocation Stall (Executor task launch worker for task 6.0 in stage 0.0 (TID 6)) 41.432ms
[97.973s][info][gc          ] Allocation Stall (Executor task launch worker for task 25.0 in stage 0.0 (TID 25)) 39.993ms
[97.973s][info][gc          ] Allocation Stall (Executor task launch worker for task 28.0 in stage 0.0 (TID 28)) 42.851ms
[97.973s][info][gc          ] Allocation Stall (Executor task launch worker for task 30.0 in stage 0.0 (TID 30)) 38.204ms
[97.973s][info][gc          ] Allocation Stall (Executor task launch worker for task 11.0 in stage 0.0 (TID 11)) 41.338ms
[97.973s][info][gc          ] Allocation Stall (Executor task launch worker for task 21.0 in stage 0.0 (TID 21)) 42.773ms
[97.973s][info][gc          ] Allocation Stall (Executor task launch worker for task 17.0 in stage 0.0 (TID 17)) 38.514ms
[97.973s][info][gc          ] Allocation Stall (Executor task launch worker for task 0.0 in stage 0.0 (TID 0)) 38.354ms
[97.973s][info][gc          ] Allocation Stall (Executor task launch worker for task 23.0 in stage 0.0 (TID 23)) 39.090ms
[97.973s][info][gc          ] Allocation Stall (Executor task launch worker for task 32.0 in stage 0.0 (TID 32)) 40.160ms
[97.979s][info][gc,phases   ] GC(27) Concurrent Select Relocation Set 5.989ms
[97.993s][info][gc,phases   ] GC(27) Pause Relocate Start 0.009ms
[98.016s][info][gc          ] Allocation Stall (Executor task launch worker for task 20.0 in stage 0.0 (TID 20)) 7.413ms
[98.016s][info][gc          ] Allocation Stall (Executor task launch worker for task 10.0 in stage 0.0 (TID 10)) 5.845ms
[98.016s][info][gc          ] Allocation Stall (Executor task launch worker for task 47.0 in stage 0.0 (TID 47)) 5.860ms
[98.016s][info][gc          ] Allocation Stall (Executor task launch worker for task 16.0 in stage 0.0 (TID 16)) 5.843ms
[98.016s][info][gc          ] Allocation Stall (Executor task launch worker for task 14.0 in stage 0.0 (TID 14)) 5.840ms
[98.016s][info][gc          ] Allocation Stall (Executor task launch worker for task 6.0 in stage 0.0 (TID 6)) 5.877ms
[98.016s][info][gc          ] Allocation Stall (Executor task launch worker for task 33.0 in stage 0.0 (TID 33)) 5.855ms
[98.016s][info][gc          ] Allocation Stall (Executor task launch worker for task 19.0 in stage 0.0 (TID 19)) 5.844ms
[98.016s][info][gc          ] Allocation Stall (Executor task launch worker for task 45.0 in stage 0.0 (TID 45)) 6.165ms
[98.016s][info][gc          ] Allocation Stall (Executor task launch worker for task 28.0 in stage 0.0 (TID 28)) 5.846ms
[98.016s][info][gc          ] Allocation Stall (Executor task launch worker for task 3.0 in stage 0.0 (TID 3)) 6.037ms
[98.016s][info][gc          ] Allocation Stall (Executor task launch worker for task 1.0 in stage 0.0 (TID 1)) 6.040ms
[98.016s][info][gc          ] Allocation Stall (Executor task launch worker for task 8.0 in stage 0.0 (TID 8)) 6.016ms
[98.016s][info][gc          ] Allocation Stall (Executor task launch worker for task 40.0 in stage 0.0 (TID 40)) 5.984ms
[98.016s][info][gc          ] Allocation Stall (Executor task launch worker for task 21.0 in stage 0.0 (TID 21)) 5.955ms
[98.016s][info][gc          ] Allocation Stall (Executor task launch worker for task 12.0 in stage 0.0 (TID 12)) 5.938ms
[98.016s][info][gc          ] Allocation Stall (Executor task launch worker for task 42.0 in stage 0.0 (TID 42)) 5.936ms
[98.016s][info][gc          ] Allocation Stall (Executor task launch worker for task 41.0 in stage 0.0 (TID 41)) 4.975ms
[98.016s][info][gc          ] Allocation Stall (Executor task launch worker for task 46.0 in stage 0.0 (TID 46)) 4.554ms
[98.016s][info][gc          ] Allocation Stall (Executor task launch worker for task 4.0 in stage 0.0 (TID 4)) 4.861ms
[98.016s][info][gc          ] Allocation Stall (Executor task launch worker for task 7.0 in stage 0.0 (TID 7)) 4.549ms
[98.016s][info][gc          ] Allocation Stall (Executor task launch worker for task 24.0 in stage 0.0 (TID 24)) 4.919ms
[98.016s][info][gc          ] Allocation Stall (Executor task launch worker for task 44.0 in stage 0.0 (TID 44)) 4.951ms
[98.016s][info][gc          ] Allocation Stall (Executor task launch worker for task 39.0 in stage 0.0 (TID 39)) 4.527ms
[98.016s][info][gc          ] Allocation Stall (Executor task launch worker for task 36.0 in stage 0.0 (TID 36)) 4.919ms
[98.016s][info][gc          ] Allocation Stall (Executor task launch worker for task 31.0 in stage 0.0 (TID 31)) 4.622ms
[98.016s][info][gc          ] Allocation Stall (Executor task launch worker for task 38.0 in stage 0.0 (TID 38)) 4.643ms
[98.016s][info][gc          ] Allocation Stall (Executor task launch worker for task 22.0 in stage 0.0 (TID 22)) 6.172ms
[98.016s][info][gc          ] Allocation Stall (Executor task launch worker for task 26.0 in stage 0.0 (TID 26)) 6.179ms
[98.016s][info][gc          ] Allocation Stall (Executor task launch worker for task 29.0 in stage 0.0 (TID 29)) 6.165ms
[98.016s][info][gc          ] Allocation Stall (Executor task launch worker for task 30.0 in stage 0.0 (TID 30)) 6.155ms
[98.016s][info][gc          ] Allocation Stall (Executor task launch worker for task 23.0 in stage 0.0 (TID 23)) 5.117ms
[98.016s][info][gc          ] Allocation Stall (Executor task launch worker for task 15.0 in stage 0.0 (TID 15)) 5.107ms
[98.017s][info][gc          ] Allocation Stall (Executor task launch worker for task 0.0 in stage 0.0 (TID 0)) 5.731ms
[98.018s][info][gc          ] Allocation Stall (Executor task launch worker for task 43.0 in stage 0.0 (TID 43)) 5.741ms
[98.018s][info][gc          ] Allocation Stall (Executor task launch worker for task 37.0 in stage 0.0 (TID 37)) 5.763ms
[98.018s][info][gc          ] Allocation Stall (Executor task launch worker for task 35.0 in stage 0.0 (TID 35)) 5.797ms
[98.018s][info][gc          ] Allocation Stall (Executor task launch worker for task 9.0 in stage 0.0 (TID 9)) 2.069ms
[98.018s][info][gc          ] Allocation Stall (Executor task launch worker for task 11.0 in stage 0.0 (TID 11)) 0.396ms
[98.018s][info][gc          ] Allocation Stall (Executor task launch worker for task 27.0 in stage 0.0 (TID 27)) 5.780ms
[98.258s][info][gc          ] Allocation Stall (Executor task launch worker for task 8.0 in stage 0.0 (TID 8)) 0.067ms
[98.258s][info][gc          ] Allocation Stall (Executor task launch worker for task 30.0 in stage 0.0 (TID 30)) 0.064ms
[98.258s][info][gc          ] Allocation Stall (Executor task launch worker for task 23.0 in stage 0.0 (TID 23)) 0.120ms
[98.258s][info][gc          ] Allocation Stall (Executor task launch worker for task 16.0 in stage 0.0 (TID 16)) 0.144ms
[98.258s][info][gc          ] Allocation Stall (Executor task launch worker for task 9.0 in stage 0.0 (TID 9)) 0.160ms
[98.258s][info][gc          ] Allocation Stall (Executor task launch worker for task 41.0 in stage 0.0 (TID 41)) 0.158ms
[98.258s][info][gc          ] Allocation Stall (Executor task launch worker for task 14.0 in stage 0.0 (TID 14)) 0.161ms
[98.258s][info][gc          ] Allocation Stall (Executor task launch worker for task 20.0 in stage 0.0 (TID 20)) 0.159ms
[98.258s][info][gc          ] Allocation Stall (Executor task launch worker for task 38.0 in stage 0.0 (TID 38)) 0.199ms
[98.258s][info][gc          ] Allocation Stall (Executor task launch worker for task 1.0 in stage 0.0 (TID 1)) 0.277ms
[98.258s][info][gc          ] Allocation Stall (Executor task launch worker for task 47.0 in stage 0.0 (TID 47)) 0.313ms
[98.258s][info][gc          ] Allocation Stall (Executor task launch worker for task 7.0 in stage 0.0 (TID 7)) 0.347ms
[98.258s][info][gc          ] Allocation Stall (Executor task launch worker for task 11.0 in stage 0.0 (TID 11)) 0.364ms
[98.258s][info][gc          ] Allocation Stall (Executor task launch worker for task 19.0 in stage 0.0 (TID 19)) 0.393ms
[98.258s][info][gc          ] Allocation Stall (Executor task launch worker for task 43.0 in stage 0.0 (TID 43)) 0.435ms
[98.258s][info][gc          ] Allocation Stall (Executor task launch worker for task 35.0 in stage 0.0 (TID 35)) 0.462ms
[98.259s][info][gc          ] Allocation Stall (Executor task launch worker for task 45.0 in stage 0.0 (TID 45)) 0.520ms
[98.259s][info][gc          ] Allocation Stall (Executor task launch worker for task 4.0 in stage 0.0 (TID 4)) 0.542ms
[98.259s][info][gc          ] Allocation Stall (Executor task launch worker for task 24.0 in stage 0.0 (TID 24)) 0.567ms
[98.259s][info][gc          ] Allocation Stall (Executor task launch worker for task 2.0 in stage 0.0 (TID 2)) 0.588ms
[98.259s][info][gc          ] Allocation Stall (Executor task launch worker for task 34.0 in stage 0.0 (TID 34)) 0.625ms
[98.259s][info][gc          ] Allocation Stall (Executor task launch worker for task 18.0 in stage 0.0 (TID 18)) 0.655ms
[98.259s][info][gc          ] Allocation Stall (Executor task launch worker for task 25.0 in stage 0.0 (TID 25)) 0.691ms
[98.259s][info][gc          ] Allocation Stall (Executor task launch worker for task 26.0 in stage 0.0 (TID 26)) 0.752ms
[98.259s][info][gc          ] Allocation Stall (Executor task launch worker for task 33.0 in stage 0.0 (TID 33)) 0.779ms
[98.259s][info][gc          ] Allocation Stall (Executor task launch worker for task 32.0 in stage 0.0 (TID 32)) 0.801ms
[98.259s][info][gc          ] Allocation Stall (Executor task launch worker for task 5.0 in stage 0.0 (TID 5)) 0.829ms
[98.271s][info][gc          ] Allocation Stall (Executor task launch worker for task 34.0 in stage 0.0 (TID 34)) 3.964ms
[98.271s][info][gc          ] Allocation Stall (Executor task launch worker for task 25.0 in stage 0.0 (TID 25)) 3.773ms
[98.271s][info][gc          ] Allocation Stall (Executor task launch worker for task 5.0 in stage 0.0 (TID 5)) 3.809ms
[98.271s][info][gc          ] Allocation Stall (Executor task launch worker for task 26.0 in stage 0.0 (TID 26)) 3.795ms
[98.272s][info][gc          ] Allocation Stall (Executor task launch worker for task 12.0 in stage 0.0 (TID 12)) 4.683ms
[98.277s][info][gc          ] Allocation Stall (Executor task launch worker for task 32.0 in stage 0.0 (TID 32)) 3.188ms
[98.277s][info][gc          ] Allocation Stall (Executor task launch worker for task 9.0 in stage 0.0 (TID 9)) 3.172ms
[98.277s][info][gc          ] Allocation Stall (Executor task launch worker for task 10.0 in stage 0.0 (TID 10)) 9.049ms
[98.277s][info][gc          ] Allocation Stall (Executor task launch worker for task 42.0 in stage 0.0 (TID 42)) 7.161ms
[98.277s][info][gc          ] Allocation Stall (Executor task launch worker for task 22.0 in stage 0.0 (TID 22)) 7.109ms
[98.277s][info][gc          ] Allocation Stall (Executor task launch worker for task 30.0 in stage 0.0 (TID 30)) 5.028ms
[98.277s][info][gc          ] Allocation Stall (Executor task launch worker for task 0.0 in stage 0.0 (TID 0)) 5.027ms
[98.277s][info][gc          ] Allocation Stall (Executor task launch worker for task 19.0 in stage 0.0 (TID 19)) 3.920ms
[98.277s][info][gc          ] Allocation Stall (Executor task launch worker for task 14.0 in stage 0.0 (TID 14)) 3.868ms
[98.277s][info][gc          ] Allocation Stall (Executor task launch worker for task 20.0 in stage 0.0 (TID 20)) 3.840ms
[98.277s][info][gc          ] Allocation Stall (Executor task launch worker for task 36.0 in stage 0.0 (TID 36)) 3.782ms
[98.277s][info][gc          ] Allocation Stall (Executor task launch worker for task 41.0 in stage 0.0 (TID 41)) 3.516ms
[98.277s][info][gc          ] Allocation Stall (Executor task launch worker for task 46.0 in stage 0.0 (TID 46)) 3.513ms
[98.277s][info][gc          ] Allocation Stall (Executor task launch worker for task 47.0 in stage 0.0 (TID 47)) 3.459ms
[98.277s][info][gc          ] Allocation Stall (Executor task launch worker for task 38.0 in stage 0.0 (TID 38)) 3.349ms
[98.277s][info][gc          ] Allocation Stall (Executor task launch worker for task 15.0 in stage 0.0 (TID 15)) 3.439ms
[98.280s][info][gc          ] Allocation Stall (Executor task launch worker for task 35.0 in stage 0.0 (TID 35)) 5.451ms
[98.280s][info][gc          ] Allocation Stall (Executor task launch worker for task 2.0 in stage 0.0 (TID 2)) 5.928ms
[98.280s][info][gc          ] Allocation Stall (Executor task launch worker for task 11.0 in stage 0.0 (TID 11)) 5.525ms
[98.280s][info][gc          ] Allocation Stall (Executor task launch worker for task 31.0 in stage 0.0 (TID 31)) 5.097ms
[98.280s][info][gc          ] Allocation Stall (Executor task launch worker for task 43.0 in stage 0.0 (TID 43)) 4.930ms
[98.280s][info][gc          ] Allocation Stall (Executor task launch worker for task 33.0 in stage 0.0 (TID 33)) 5.955ms
[98.280s][info][gc          ] Allocation Stall (Executor task launch worker for task 18.0 in stage 0.0 (TID 18)) 5.333ms
[98.280s][info][gc          ] Allocation Stall (Executor task launch worker for task 39.0 in stage 0.0 (TID 39)) 6.062ms
[98.280s][info][gc          ] Allocation Stall (Executor task launch worker for task 24.0 in stage 0.0 (TID 24)) 5.344ms
[98.280s][info][gc          ] Allocation Stall (Executor task launch worker for task 45.0 in stage 0.0 (TID 45)) 5.936ms
[98.280s][info][gc          ] Allocation Stall (Executor task launch worker for task 7.0 in stage 0.0 (TID 7)) 5.832ms
[98.280s][info][gc,phases   ] GC(27) Concurrent Relocate 283.991ms
[98.280s][info][gc          ] Allocation Stall (Executor task launch worker for task 17.0 in stage 0.0 (TID 17)) 4.275ms
[98.280s][info][gc          ] Allocation Stall (Executor task launch worker for task 13.0 in stage 0.0 (TID 13)) 4.247ms
[98.280s][info][gc          ] Allocation Stall (Executor task launch worker for task 25.0 in stage 0.0 (TID 25)) 4.282ms
[98.280s][info][gc          ] Allocation Stall (Executor task launch worker for task 8.0 in stage 0.0 (TID 8)) 4.161ms
[98.280s][info][gc          ] Allocation Stall (Executor task launch worker for task 12.0 in stage 0.0 (TID 12)) 4.173ms
[98.280s][info][gc          ] Allocation Stall (Executor task launch worker for task 21.0 in stage 0.0 (TID 21)) 4.189ms
[98.280s][info][gc          ] Allocation Stall (Executor task launch worker for task 26.0 in stage 0.0 (TID 26)) 4.170ms
[98.281s][info][gc          ] Allocation Stall (Executor task launch worker for task 27.0 in stage 0.0 (TID 27)) 4.249ms
[98.281s][info][gc          ] Allocation Stall (Executor task launch worker for task 28.0 in stage 0.0 (TID 28)) 4.166ms
[98.281s][info][gc,load     ] GC(27) Load: 0.00/0.00/0.00
[98.281s][info][gc          ] Allocation Stall (Executor task launch worker for task 34.0 in stage 0.0 (TID 34)) 4.194ms
[98.281s][info][gc          ] Allocation Stall (Executor task launch worker for task 5.0 in stage 0.0 (TID 5)) 4.208ms
[98.281s][info][gc          ] Allocation Stall (Executor task launch worker for task 37.0 in stage 0.0 (TID 37)) 4.231ms
[98.281s][info][gc          ] Allocation Stall (Executor task launch worker for task 44.0 in stage 0.0 (TID 44)) 4.226ms
[98.281s][info][gc          ] Allocation Stall (Executor task launch worker for task 40.0 in stage 0.0 (TID 40)) 4.255ms
[98.281s][info][gc          ] Allocation Stall (Executor task launch worker for task 3.0 in stage 0.0 (TID 3)) 4.306ms
[98.281s][info][gc          ] Allocation Stall (Executor task launch worker for task 29.0 in stage 0.0 (TID 29)) 4.289ms
[98.281s][info][gc          ] Allocation Stall (Executor task launch worker for task 6.0 in stage 0.0 (TID 6)) 4.318ms
[98.281s][info][gc,mmu      ] GC(27) MMU: 2ms/94.2%, 5ms/97.7%, 10ms/98.8%, 20ms/99.3%, 50ms/99.7%, 100ms/99.9%
[98.281s][info][gc          ] Allocation Stall (Executor task launch worker for task 1.0 in stage 0.0 (TID 1)) 4.342ms
[98.281s][info][gc          ] Allocation Stall (Executor task launch worker for task 4.0 in stage 0.0 (TID 4)) 4.365ms
[98.281s][info][gc          ] Allocation Stall (Executor task launch worker for task 16.0 in stage 0.0 (TID 16)) 4.358ms
[98.281s][info][gc          ] Allocation Stall (Executor task launch worker for task 23.0 in stage 0.0 (TID 23)) 4.379ms
[98.281s][info][gc          ] Allocation Stall (Executor task launch worker for task 14.0 in stage 0.0 (TID 14)) 0.591ms
[98.281s][info][gc,marking  ] GC(27) Mark: 8 stripe(s), 3 proactive flush(es), 1 terminate flush(es), 0 completion(s), 0 continuation(s) 
[98.282s][info][gc,marking  ] GC(27) Mark Stack Usage: 32M
[98.282s][info][gc,nmethod  ] GC(27) NMethods: 2030 registered, 66 unregistered
[98.282s][info][gc,metaspace] GC(27) Metaspace: 112M used, 124M committed, 1152M reserved
[98.282s][info][gc,ref      ] GC(27) Soft: 2802 encountered, 2373 discovered, 2 enqueued
[98.282s][info][gc,ref      ] GC(27) Weak: 12981 encountered, 1516 discovered, 14 enqueued
[98.282s][info][gc,ref      ] GC(27) Final: 62 encountered, 22 discovered, 0 enqueued
[98.282s][info][gc,ref      ] GC(27) Phantom: 754 encountered, 641 discovered, 4 enqueued
[98.282s][info][gc,reloc    ] GC(27) Small Pages: 298 / 596M, Empty: 382M, Relocated: 6M, In-Place: 0
[98.282s][info][gc,reloc    ] GC(27) Medium Pages: 12 / 384M, Empty: 0M, Relocated: 53M, In-Place: 0
[98.282s][info][gc,reloc    ] GC(27) Large Pages: 1 / 8M, Empty: 8M, Relocated: 0M, In-Place: 0
[98.282s][info][gc,reloc    ] GC(27) Forwarding Usage: 0M
[98.282s][info][gc,heap     ] GC(27) Min Capacity: 8M(1%)
[98.282s][info][gc,heap     ] GC(27) Max Capacity: 1024M(100%)
[98.282s][info][gc,heap     ] GC(27) Soft Max Capacity: 1024M(100%)
[98.282s][info][gc,heap     ] GC(27)                Mark Start          Mark End        Relocate Start      Relocate End           High               Low         
[98.282s][info][gc,heap     ] GC(27)  Capacity:     1024M (100%)       1024M (100%)       1024M (100%)       1024M (100%)       1024M (100%)       1024M (100%)   
[98.282s][info][gc,heap     ] GC(27)      Free:       32M (3%)            0M (0%)          346M (34%)           0M (0%)          368M (36%)           0M (0%)     
[98.282s][info][gc,heap     ] GC(27)      Used:      992M (97%)        1024M (100%)        678M (66%)        1024M (100%)       1024M (100%)        656M (64%)    
[98.282s][info][gc,heap     ] GC(27)      Live:         -               325M (32%)         325M (32%)         325M (32%)            -                  -          
[98.282s][info][gc,heap     ] GC(27) Allocated:         -                32M (3%)           76M (7%)          606M (59%)            -                  -          
[98.282s][info][gc,heap     ] GC(27)   Garbage:         -               666M (65%)         276M (27%)          92M (9%)             -                  -          
[98.282s][info][gc,heap     ] GC(27) Reclaimed:         -                  -               390M (38%)         574M (56%)            -                  -          
[98.282s][info][gc          ] GC(27) Garbage Collection (Allocation Stall) 992M(97%)->1024M(100%)
[98.292s][info][gc,start    ] GC(28) Garbage Collection (Allocation Stall)
[98.292s][info][gc,ref      ] GC(28) Clearing All SoftReferences
[98.292s][info][gc,task     ] GC(28) Using 10 workers
[98.292s][info][gc,ref      ] GC(28) Clearing All SoftReferences
[98.292s][info][gc,phases   ] GC(28) Pause Mark Start 0.040ms
[98.313s][info][gc,phases   ] GC(28) Concurrent Mark 20.599ms
[98.313s][info][gc,phases   ] GC(28) Pause Mark End 0.017ms
[98.313s][info][gc,phases   ] GC(28) Concurrent Mark Free 0.001ms
[98.314s][info][gc,phases   ] GC(28) Concurrent Process Non-Strong References 0.880ms
[98.314s][info][gc,phases   ] GC(28) Concurrent Reset Relocation Set 0.006ms
[98.315s][info][gc          ] Allocation Stall (Executor task launch worker for task 42.0 in stage 0.0 (TID 42)) 21.621ms
[98.315s][info][gc          ] Allocation Stall (Executor task launch worker for task 1.0 in stage 0.0 (TID 1)) 21.623ms
[98.315s][info][gc          ] Allocation Stall (Executor task launch worker for task 15.0 in stage 0.0 (TID 15)) 21.689ms
[98.315s][info][gc          ] Allocation Stall (Executor task launch worker for task 30.0 in stage 0.0 (TID 30)) 22.380ms
[98.315s][info][gc          ] Allocation Stall (Executor task launch worker for task 34.0 in stage 0.0 (TID 34)) 21.645ms
[98.315s][info][gc          ] Allocation Stall (Executor task launch worker for task 40.0 in stage 0.0 (TID 40)) 21.683ms
[98.315s][info][gc          ] Allocation Stall (Executor task launch worker for task 5.0 in stage 0.0 (TID 5)) 21.663ms
[98.315s][info][gc          ] Allocation Stall (Executor task launch worker for task 13.0 in stage 0.0 (TID 13)) 21.718ms
[98.315s][info][gc          ] Allocation Stall (Executor task launch worker for task 38.0 in stage 0.0 (TID 38)) 21.800ms
[98.315s][info][gc          ] Allocation Stall (Executor task launch worker for task 39.0 in stage 0.0 (TID 39)) 21.687ms
[98.315s][info][gc          ] Allocation Stall (Executor task launch worker for task 46.0 in stage 0.0 (TID 46)) 21.712ms
[98.315s][info][gc          ] Allocation Stall (Executor task launch worker for task 32.0 in stage 0.0 (TID 32)) 21.667ms
[98.315s][info][gc          ] Allocation Stall (Executor task launch worker for task 33.0 in stage 0.0 (TID 33)) 21.754ms
[98.315s][info][gc          ] Allocation Stall (Executor task launch worker for task 11.0 in stage 0.0 (TID 11)) 22.328ms
[98.315s][info][gc          ] Allocation Stall (Executor task launch worker for task 22.0 in stage 0.0 (TID 22)) 21.976ms
[98.315s][info][gc          ] Allocation Stall (Executor task launch worker for task 21.0 in stage 0.0 (TID 21)) 21.921ms
[98.315s][info][gc          ] Allocation Stall (Executor task launch worker for task 10.0 in stage 0.0 (TID 10)) 21.759ms
[98.315s][info][gc          ] Allocation Stall (Executor task launch worker for task 37.0 in stage 0.0 (TID 37)) 21.685ms
[98.315s][info][gc          ] Allocation Stall (Executor task launch worker for task 14.0 in stage 0.0 (TID 14)) 21.752ms
[98.315s][info][gc          ] Allocation Stall (Executor task launch worker for task 0.0 in stage 0.0 (TID 0)) 22.367ms
[98.315s][info][gc          ] Allocation Stall (Executor task launch worker for task 35.0 in stage 0.0 (TID 35)) 21.726ms
[98.315s][info][gc          ] Allocation Stall (Executor task launch worker for task 29.0 in stage 0.0 (TID 29)) 21.752ms
[98.315s][info][gc          ] Allocation Stall (Executor task launch worker for task 26.0 in stage 0.0 (TID 26)) 21.742ms
[98.315s][info][gc          ] Allocation Stall (Executor task launch worker for task 43.0 in stage 0.0 (TID 43)) 21.740ms
[98.315s][info][gc          ] Allocation Stall (Executor task launch worker for task 41.0 in stage 0.0 (TID 41)) 21.686ms
[98.315s][info][gc          ] Allocation Stall (Executor task launch worker for task 16.0 in stage 0.0 (TID 16)) 21.813ms
[98.315s][info][gc          ] Allocation Stall (Executor task launch worker for task 9.0 in stage 0.0 (TID 9)) 21.729ms
[98.315s][info][gc          ] Allocation Stall (Executor task launch worker for task 7.0 in stage 0.0 (TID 7)) 21.762ms
[98.315s][info][gc          ] Allocation Stall (Executor task launch worker for task 8.0 in stage 0.0 (TID 8)) 21.795ms
[98.315s][info][gc          ] Allocation Stall (Executor task launch worker for task 12.0 in stage 0.0 (TID 12)) 21.709ms
[98.315s][info][gc          ] Allocation Stall (Executor task launch worker for task 27.0 in stage 0.0 (TID 27)) 21.831ms
[98.315s][info][gc          ] Allocation Stall (Executor task launch worker for task 3.0 in stage 0.0 (TID 3)) 21.763ms
[98.315s][info][gc          ] Allocation Stall (Executor task launch worker for task 24.0 in stage 0.0 (TID 24)) 21.755ms
[98.315s][info][gc          ] Allocation Stall (Executor task launch worker for task 45.0 in stage 0.0 (TID 45)) 21.801ms
[98.315s][info][gc          ] Allocation Stall (Executor task launch worker for task 18.0 in stage 0.0 (TID 18)) 21.734ms
[98.315s][info][gc          ] Allocation Stall (Executor task launch worker for task 36.0 in stage 0.0 (TID 36)) 21.743ms
[98.315s][info][gc          ] Allocation Stall (Executor task launch worker for task 25.0 in stage 0.0 (TID 25)) 21.767ms
[98.315s][info][gc          ] Allocation Stall (Executor task launch worker for task 47.0 in stage 0.0 (TID 47)) 21.795ms
[98.315s][info][gc          ] Allocation Stall (Executor task launch worker for task 31.0 in stage 0.0 (TID 31)) 21.806ms
[98.315s][info][gc          ] Allocation Stall (Executor task launch worker for task 6.0 in stage 0.0 (TID 6)) 21.885ms
[98.315s][info][gc          ] Allocation Stall (Executor task launch worker for task 19.0 in stage 0.0 (TID 19)) 21.785ms
[98.315s][info][gc          ] Allocation Stall (Executor task launch worker for task 44.0 in stage 0.0 (TID 44)) 21.932ms
[98.315s][info][gc          ] Allocation Stall (Executor task launch worker for task 17.0 in stage 0.0 (TID 17)) 21.806ms
[98.315s][info][gc          ] Allocation Stall (Executor task launch worker for task 28.0 in stage 0.0 (TID 28)) 21.787ms
[98.315s][info][gc          ] Allocation Stall (Executor task launch worker for task 23.0 in stage 0.0 (TID 23)) 21.832ms
[98.315s][info][gc          ] Allocation Stall (Executor task launch worker for task 2.0 in stage 0.0 (TID 2)) 21.779ms
[98.315s][info][gc          ] Allocation Stall (Executor task launch worker for task 4.0 in stage 0.0 (TID 4)) 21.826ms
[98.315s][info][gc          ] Allocation Stall (Executor task launch worker for task 20.0 in stage 0.0 (TID 20)) 21.819ms
[98.315s][info][gc          ] Allocation Stall (Spark Context Cleaner) 17.019ms
[98.326s][info][gc,phases   ] GC(28) Concurrent Select Relocation Set 11.338ms
[98.345s][info][gc,phases   ] GC(28) Pause Relocate Start 0.009ms
[98.382s][info][gc          ] Allocation Stall (Executor task launch worker for task 32.0 in stage 0.0 (TID 32)) 3.788ms
[98.382s][info][gc          ] Allocation Stall (Executor task launch worker for task 26.0 in stage 0.0 (TID 26)) 3.744ms
[98.383s][info][gc          ] Allocation Stall (Executor task launch worker for task 46.0 in stage 0.0 (TID 46)) 0.785ms
[98.555s][info][gc          ] Allocation Stall (Executor task launch worker for task 38.0 in stage 0.0 (TID 38)) 0.011ms
[98.555s][info][gc          ] Allocation Stall (Executor task launch worker for task 25.0 in stage 0.0 (TID 25)) 0.019ms
[98.555s][info][gc          ] Allocation Stall (Executor task launch worker for task 10.0 in stage 0.0 (TID 10)) 0.016ms
[98.555s][info][gc          ] Allocation Stall (Executor task launch worker for task 37.0 in stage 0.0 (TID 37)) 0.003ms
[98.598s][info][gc          ] Allocation Stall (Executor task launch worker for task 38.0 in stage 0.0 (TID 38)) 0.442ms
[98.599s][info][gc          ] Allocation Stall (Executor task launch worker for task 26.0 in stage 0.0 (TID 26)) 0.491ms
[98.599s][info][gc          ] Allocation Stall (Executor task launch worker for task 16.0 in stage 0.0 (TID 16)) 0.528ms
[98.599s][info][gc          ] Allocation Stall (Executor task launch worker for task 22.0 in stage 0.0 (TID 22)) 0.561ms
[98.599s][info][gc          ] Allocation Stall (Executor task launch worker for task 25.0 in stage 0.0 (TID 25)) 0.602ms
[98.599s][info][gc          ] Allocation Stall (Executor task launch worker for task 0.0 in stage 0.0 (TID 0)) 0.727ms
[98.599s][info][gc          ] Allocation Stall (Executor task launch worker for task 24.0 in stage 0.0 (TID 24)) 0.775ms
[98.599s][info][gc          ] Allocation Stall (Executor task launch worker for task 9.0 in stage 0.0 (TID 9)) 0.812ms
[98.599s][info][gc          ] Allocation Stall (Executor task launch worker for task 6.0 in stage 0.0 (TID 6)) 0.850ms
[98.599s][info][gc          ] Allocation Stall (Executor task launch worker for task 33.0 in stage 0.0 (TID 33)) 0.897ms
[98.599s][info][gc          ] Allocation Stall (Executor task launch worker for task 2.0 in stage 0.0 (TID 2)) 0.941ms
[98.599s][info][gc          ] Allocation Stall (Executor task launch worker for task 18.0 in stage 0.0 (TID 18)) 0.988ms
[98.600s][info][gc          ] Allocation Stall (Executor task launch worker for task 17.0 in stage 0.0 (TID 17)) 1.491ms
[98.600s][info][gc          ] Allocation Stall (Executor task launch worker for task 3.0 in stage 0.0 (TID 3)) 1.538ms
[98.600s][info][gc          ] Allocation Stall (Executor task launch worker for task 27.0 in stage 0.0 (TID 27)) 1.597ms
[98.600s][info][gc          ] Allocation Stall (Executor task launch worker for task 7.0 in stage 0.0 (TID 7)) 1.640ms
[98.600s][info][gc          ] Allocation Stall (Executor task launch worker for task 44.0 in stage 0.0 (TID 44)) 1.687ms
[98.600s][info][gc          ] Allocation Stall (Executor task launch worker for task 40.0 in stage 0.0 (TID 40)) 1.729ms
[98.600s][info][gc          ] Allocation Stall (Executor task launch worker for task 13.0 in stage 0.0 (TID 13)) 1.883ms
[98.600s][info][gc          ] Allocation Stall (Executor task launch worker for task 47.0 in stage 0.0 (TID 47)) 1.922ms
[98.600s][info][gc          ] Allocation Stall (Executor task launch worker for task 30.0 in stage 0.0 (TID 30)) 1.951ms
[98.600s][info][gc          ] Allocation Stall (Executor task launch worker for task 32.0 in stage 0.0 (TID 32)) 1.986ms
[98.600s][info][gc          ] Allocation Stall (Executor task launch worker for task 35.0 in stage 0.0 (TID 35)) 2.032ms
[98.600s][info][gc          ] Allocation Stall (Executor task launch worker for task 37.0 in stage 0.0 (TID 37)) 2.044ms
[98.600s][info][gc          ] Allocation Stall (Executor task launch worker for task 12.0 in stage 0.0 (TID 12)) 2.073ms
[98.600s][info][gc          ] Allocation Stall (Executor task launch worker for task 4.0 in stage 0.0 (TID 4)) 2.125ms
[98.600s][info][gc          ] Allocation Stall (Executor task launch worker for task 31.0 in stage 0.0 (TID 31)) 2.161ms
[98.600s][info][gc          ] Allocation Stall (Executor task launch worker for task 45.0 in stage 0.0 (TID 45)) 2.195ms
[98.600s][info][gc          ] Allocation Stall (Executor task launch worker for task 34.0 in stage 0.0 (TID 34)) 2.239ms
[98.600s][info][gc          ] Allocation Stall (Executor task launch worker for task 11.0 in stage 0.0 (TID 11)) 2.292ms
[98.618s][info][gc          ] Allocation Stall (Executor task launch worker for task 40.0 in stage 0.0 (TID 40)) 1.239ms
[98.618s][info][gc          ] Allocation Stall (Executor task launch worker for task 36.0 in stage 0.0 (TID 36)) 0.577ms
[98.618s][info][gc          ] Allocation Stall (Executor task launch worker for task 46.0 in stage 0.0 (TID 46)) 1.983ms
[98.618s][info][gc          ] Allocation Stall (Executor task launch worker for task 7.0 in stage 0.0 (TID 7)) 1.938ms
[98.618s][info][gc          ] Allocation Stall (Executor task launch worker for task 43.0 in stage 0.0 (TID 43)) 1.570ms
[98.618s][info][gc,phases   ] GC(28) Concurrent Relocate 271.080ms
[98.618s][info][gc          ] Allocation Stall (Executor task launch worker for task 41.0 in stage 0.0 (TID 41)) 1.557ms
[98.618s][info][gc,load     ] GC(28) Load: 0.00/0.00/0.00
[98.618s][info][gc,mmu      ] GC(28) MMU: 2ms/94.2%, 5ms/97.7%, 10ms/98.8%, 20ms/99.3%, 50ms/99.7%, 100ms/99.9%
[98.618s][info][gc,marking  ] GC(28) Mark: 8 stripe(s), 2 proactive flush(es), 1 terminate flush(es), 0 completion(s), 0 continuation(s) 
[98.618s][info][gc,marking  ] GC(28) Mark Stack Usage: 32M
[98.618s][info][gc,nmethod  ] GC(28) NMethods: 2033 registered, 66 unregistered
[98.618s][info][gc,metaspace] GC(28) Metaspace: 112M used, 124M committed, 1152M reserved
[98.618s][info][gc,ref      ] GC(28) Soft: 2800 encountered, 2358 discovered, 0 enqueued
[98.618s][info][gc,ref      ] GC(28) Weak: 12967 encountered, 2612 discovered, 2 enqueued
[98.619s][info][gc,ref      ] GC(28) Final: 62 encountered, 59 discovered, 0 enqueued
[98.619s][info][gc,ref      ] GC(28) Phantom: 750 encountered, 579 discovered, 0 enqueued
[98.619s][info][gc,reloc    ] GC(28) Small Pages: 320 / 640M, Empty: 472M, Relocated: 6M, In-Place: 0
[98.619s][info][gc,reloc    ] GC(28) Medium Pages: 12 / 384M, Empty: 0M, Relocated: 82M, In-Place: 0
[98.619s][info][gc,reloc    ] GC(28) Large Pages: 0 / 0M, Empty: 0M, Relocated: 0M, In-Place: 0
[98.619s][info][gc,reloc    ] GC(28) Forwarding Usage: 0M
[98.619s][info][gc,heap     ] GC(28) Min Capacity: 8M(1%)
[98.619s][info][gc,heap     ] GC(28) Max Capacity: 1024M(100%)
[98.619s][info][gc,heap     ] GC(28) Soft Max Capacity: 1024M(100%)
[98.619s][info][gc,heap     ] GC(28)                Mark Start          Mark End        Relocate Start      Relocate End           High               Low         
[98.619s][info][gc,heap     ] GC(28)  Capacity:     1024M (100%)       1024M (100%)       1024M (100%)       1024M (100%)       1024M (100%)       1024M (100%)   
[98.619s][info][gc,heap     ] GC(28)      Free:        0M (0%)            0M (0%)          390M (38%)          20M (2%)          420M (41%)           0M (0%)     
[98.619s][info][gc,heap     ] GC(28)      Used:     1024M (100%)       1024M (100%)        634M (62%)        1004M (98%)        1024M (100%)        604M (59%)    
[98.619s][info][gc,heap     ] GC(28)      Live:         -               335M (33%)         335M (33%)         335M (33%)            -                  -          
[98.619s][info][gc,heap     ] GC(28) Allocated:         -                 0M (0%)           82M (8%)          615M (60%)            -                  -          
[98.619s][info][gc,heap     ] GC(28)   Garbage:         -               688M (67%)         216M (21%)          53M (5%)             -                  -          
[98.619s][info][gc,heap     ] GC(28) Reclaimed:         -                  -               472M (46%)         635M (62%)            -                  -          
[98.619s][info][gc          ] GC(28) Garbage Collection (Allocation Stall) 1024M(100%)->1004M(98%)
[98.624s][info][gc,start    ] GC(29) Garbage Collection (Allocation Stall)
[98.624s][info][gc,ref      ] GC(29) Clearing All SoftReferences
[98.624s][info][gc,task     ] GC(29) Using 10 workers
[98.624s][info][gc,ref      ] GC(29) Clearing All SoftReferences
[98.624s][info][gc,phases   ] GC(29) Pause Mark Start 0.040ms
[98.625s][info][gc          ] Allocation Stall (Executor task launch worker for task 21.0 in stage 0.0 (TID 21)) 0.899ms
[98.625s][info][gc          ] Allocation Stall (Executor task launch worker for task 3.0 in stage 0.0 (TID 3)) 0.905ms
[98.625s][info][gc          ] Allocation Stall (Executor task launch worker for task 22.0 in stage 0.0 (TID 22)) 0.917ms
[98.625s][info][gc          ] Allocation Stall (Executor task launch worker for task 34.0 in stage 0.0 (TID 34)) 0.924ms
[98.625s][info][gc          ] Allocation Stall (Executor task launch worker for task 2.0 in stage 0.0 (TID 2)) 0.889ms
[98.625s][info][gc          ] Allocation Stall (Executor task launch worker for task 19.0 in stage 0.0 (TID 19)) 0.912ms
[98.625s][info][gc          ] Allocation Stall (Executor task launch worker for task 24.0 in stage 0.0 (TID 24)) 0.866ms
[98.625s][info][gc          ] Allocation Stall (Executor task launch worker for task 8.0 in stage 0.0 (TID 8)) 0.880ms
[98.625s][info][gc          ] Allocation Stall (Executor task launch worker for task 16.0 in stage 0.0 (TID 16)) 0.886ms
[98.625s][info][gc          ] Allocation Stall (Executor task launch worker for task 15.0 in stage 0.0 (TID 15)) 0.889ms
[98.625s][info][gc          ] Allocation Stall (Executor task launch worker for task 10.0 in stage 0.0 (TID 10)) 0.902ms
[98.625s][info][gc          ] Allocation Stall (Executor task launch worker for task 26.0 in stage 0.0 (TID 26)) 0.880ms
[98.625s][info][gc          ] Allocation Stall (Executor task launch worker for task 23.0 in stage 0.0 (TID 23)) 0.883ms
[98.625s][info][gc          ] Allocation Stall (Executor task launch worker for task 18.0 in stage 0.0 (TID 18)) 0.992ms
[98.625s][info][gc          ] Allocation Stall (Executor task launch worker for task 39.0 in stage 0.0 (TID 39)) 1.020ms
[98.625s][info][gc          ] Allocation Stall (Executor task launch worker for task 20.0 in stage 0.0 (TID 20)) 1.078ms
[98.625s][info][gc          ] Allocation Stall (Executor task launch worker for task 38.0 in stage 0.0 (TID 38)) 1.119ms
[98.625s][info][gc          ] Allocation Stall (Executor task launch worker for task 9.0 in stage 0.0 (TID 9)) 1.150ms
[98.625s][info][gc          ] Allocation Stall (Executor task launch worker for task 25.0 in stage 0.0 (TID 25)) 1.222ms
[98.625s][info][gc          ] Allocation Stall (Executor task launch worker for task 6.0 in stage 0.0 (TID 6)) 1.248ms
[98.625s][info][gc          ] Allocation Stall (Executor task launch worker for task 44.0 in stage 0.0 (TID 44)) 1.286ms
[98.625s][info][gc          ] Allocation Stall (Executor task launch worker for task 17.0 in stage 0.0 (TID 17)) 1.361ms
[98.625s][info][gc          ] Allocation Stall (Executor task launch worker for task 14.0 in stage 0.0 (TID 14)) 1.389ms
[98.625s][info][gc          ] Allocation Stall (Executor task launch worker for task 28.0 in stage 0.0 (TID 28)) 1.425ms
[98.625s][info][gc          ] Allocation Stall (Executor task launch worker for task 27.0 in stage 0.0 (TID 27)) 1.458ms
[98.625s][info][gc          ] Allocation Stall (Executor task launch worker for task 1.0 in stage 0.0 (TID 1)) 1.493ms
[98.625s][info][gc          ] Allocation Stall (Executor task launch worker for task 33.0 in stage 0.0 (TID 33)) 0.687ms
[98.625s][info][gc          ] Allocation Stall (Executor task launch worker for task 42.0 in stage 0.0 (TID 42)) 0.719ms
[98.625s][info][gc          ] Allocation Stall (Executor task launch worker for task 35.0 in stage 0.0 (TID 35)) 0.794ms
[98.625s][info][gc          ] Allocation Stall (Executor task launch worker for task 12.0 in stage 0.0 (TID 12)) 0.829ms
[98.625s][info][gc          ] Allocation Stall (Executor task launch worker for task 31.0 in stage 0.0 (TID 31)) 0.862ms
[98.625s][info][gc          ] Allocation Stall (Executor task launch worker for task 40.0 in stage 0.0 (TID 40)) 0.889ms
[98.626s][info][gc          ] Allocation Stall (Executor task launch worker for task 13.0 in stage 0.0 (TID 13)) 0.912ms
[98.626s][info][gc          ] Allocation Stall (Executor task launch worker for task 37.0 in stage 0.0 (TID 37)) 0.899ms
[98.626s][info][gc          ] Allocation Stall (Executor task launch worker for task 5.0 in stage 0.0 (TID 5)) 0.928ms
[98.664s][info][gc,phases   ] GC(29) Concurrent Mark 39.287ms
[98.664s][info][gc,phases   ] GC(29) Pause Mark End 0.021ms
[98.664s][info][gc,phases   ] GC(29) Concurrent Mark Free 0.001ms
[98.665s][info][gc,phases   ] GC(29) Concurrent Process Non-Strong References 0.761ms
[98.665s][info][gc,phases   ] GC(29) Concurrent Reset Relocation Set 0.006ms
[98.665s][info][gc          ] Allocation Stall (Executor task launch worker for task 31.0 in stage 0.0 (TID 31)) 24.906ms
[98.665s][info][gc          ] Allocation Stall (Executor task launch worker for task 47.0 in stage 0.0 (TID 47)) 24.175ms
[98.665s][info][gc          ] Allocation Stall (Executor task launch worker for task 3.0 in stage 0.0 (TID 3)) 24.388ms
[98.665s][info][gc          ] Allocation Stall (Executor task launch worker for task 8.0 in stage 0.0 (TID 8)) 26.061ms
[98.665s][info][gc          ] Allocation Stall (Executor task launch worker for task 37.0 in stage 0.0 (TID 37)) 24.603ms
[98.665s][info][gc          ] Allocation Stall (Executor task launch worker for task 42.0 in stage 0.0 (TID 42)) 25.343ms
[98.665s][info][gc          ] Allocation Stall (Executor task launch worker for task 15.0 in stage 0.0 (TID 15)) 24.040ms
[98.665s][info][gc          ] Allocation Stall (Executor task launch worker for task 36.0 in stage 0.0 (TID 36)) 26.406ms
[98.665s][info][gc          ] Allocation Stall (Executor task launch worker for task 38.0 in stage 0.0 (TID 38)) 25.192ms
[98.665s][info][gc          ] Allocation Stall (Executor task launch worker for task 29.0 in stage 0.0 (TID 29)) 25.548ms
[98.665s][info][gc          ] Allocation Stall (Executor task launch worker for task 20.0 in stage 0.0 (TID 20)) 25.517ms
[98.665s][info][gc          ] Allocation Stall (Executor task launch worker for task 26.0 in stage 0.0 (TID 26)) 25.458ms
[98.665s][info][gc          ] Allocation Stall (Executor task launch worker for task 30.0 in stage 0.0 (TID 30)) 25.291ms
[98.665s][info][gc          ] Allocation Stall (Executor task launch worker for task 39.0 in stage 0.0 (TID 39)) 26.191ms
[98.665s][info][gc          ] Allocation Stall (Executor task launch worker for task 28.0 in stage 0.0 (TID 28)) 26.480ms
[98.665s][info][gc          ] Allocation Stall (Executor task launch worker for task 34.0 in stage 0.0 (TID 34)) 26.779ms
[98.665s][info][gc          ] Allocation Stall (Executor task launch worker for task 46.0 in stage 0.0 (TID 46)) 25.648ms
[98.665s][info][gc          ] Allocation Stall (Executor task launch worker for task 23.0 in stage 0.0 (TID 23)) 26.063ms
[98.665s][info][gc          ] Allocation Stall (Executor task launch worker for task 4.0 in stage 0.0 (TID 4)) 25.776ms
[98.665s][info][gc          ] Allocation Stall (Executor task launch worker for task 12.0 in stage 0.0 (TID 12)) 25.885ms
[98.665s][info][gc          ] Allocation Stall (Executor task launch worker for task 17.0 in stage 0.0 (TID 17)) 24.603ms
[98.665s][info][gc          ] Allocation Stall (Executor task launch worker for task 40.0 in stage 0.0 (TID 40)) 25.587ms
[98.665s][info][gc          ] Allocation Stall (Executor task launch worker for task 11.0 in stage 0.0 (TID 11)) 25.529ms
[98.665s][info][gc          ] Allocation Stall (Executor task launch worker for task 7.0 in stage 0.0 (TID 7)) 24.288ms
[98.665s][info][gc          ] Allocation Stall (Executor task launch worker for task 0.0 in stage 0.0 (TID 0)) 25.733ms
[98.665s][info][gc          ] Allocation Stall (Executor task launch worker for task 25.0 in stage 0.0 (TID 25)) 25.062ms
[98.665s][info][gc          ] Allocation Stall (Executor task launch worker for task 2.0 in stage 0.0 (TID 2)) 26.611ms
[98.665s][info][gc          ] Allocation Stall (Executor task launch worker for task 22.0 in stage 0.0 (TID 22)) 26.443ms
[98.665s][info][gc          ] Allocation Stall (Executor task launch worker for task 35.0 in stage 0.0 (TID 35)) 25.410ms
[98.665s][info][gc          ] Allocation Stall (Executor task launch worker for task 44.0 in stage 0.0 (TID 44)) 24.624ms
[98.665s][info][gc          ] Allocation Stall (Executor task launch worker for task 5.0 in stage 0.0 (TID 5)) 26.374ms
[98.665s][info][gc          ] Allocation Stall (Executor task launch worker for task 10.0 in stage 0.0 (TID 10)) 25.999ms
[98.665s][info][gc          ] Allocation Stall (Executor task launch worker for task 19.0 in stage 0.0 (TID 19)) 26.392ms
[98.665s][info][gc          ] Allocation Stall (Executor task launch worker for task 6.0 in stage 0.0 (TID 6)) 24.676ms
[98.665s][info][gc          ] Allocation Stall (Executor task launch worker for task 41.0 in stage 0.0 (TID 41)) 24.258ms
[98.665s][info][gc          ] Allocation Stall (Executor task launch worker for task 27.0 in stage 0.0 (TID 27)) 24.632ms
[98.665s][info][gc          ] Allocation Stall (Executor task launch worker for task 21.0 in stage 0.0 (TID 21)) 25.955ms
[98.665s][info][gc          ] Allocation Stall (Executor task launch worker for task 9.0 in stage 0.0 (TID 9)) 25.780ms
[98.665s][info][gc          ] Allocation Stall (Executor task launch worker for task 24.0 in stage 0.0 (TID 24)) 26.204ms
[98.665s][info][gc          ] Allocation Stall (Executor task launch worker for task 14.0 in stage 0.0 (TID 14)) 24.543ms
[98.665s][info][gc          ] Allocation Stall (Executor task launch worker for task 45.0 in stage 0.0 (TID 45)) 26.524ms
[98.665s][info][gc          ] Allocation Stall (Executor task launch worker for task 16.0 in stage 0.0 (TID 16)) 24.856ms
[98.665s][info][gc          ] Allocation Stall (Executor task launch worker for task 32.0 in stage 0.0 (TID 32)) 24.198ms
[98.665s][info][gc          ] Allocation Stall (Spark Context Cleaner) 26.320ms
[98.665s][info][gc          ] Allocation Stall (Executor task launch worker for task 13.0 in stage 0.0 (TID 13)) 25.590ms
[98.665s][info][gc          ] Allocation Stall (Executor task launch worker for task 43.0 in stage 0.0 (TID 43)) 26.737ms
[98.665s][info][gc          ] Allocation Stall (Executor task launch worker for task 33.0 in stage 0.0 (TID 33)) 24.658ms
[98.665s][info][gc          ] Allocation Stall (Executor task launch worker for task 1.0 in stage 0.0 (TID 1)) 24.835ms
[98.665s][info][gc          ] Allocation Stall (Executor task launch worker for task 18.0 in stage 0.0 (TID 18)) 25.892ms
[98.680s][info][gc,phases   ] GC(29) Concurrent Select Relocation Set 14.823ms
[98.680s][info][gc,phases   ] GC(29) Pause Relocate Start 0.006ms
[98.715s][info][gc          ] Allocation Stall (Executor task launch worker for task 30.0 in stage 0.0 (TID 30)) 0.017ms
[98.715s][info][gc          ] Allocation Stall (Executor task launch worker for task 3.0 in stage 0.0 (TID 3)) 0.023ms
[98.715s][info][gc          ] Allocation Stall (Executor task launch worker for task 10.0 in stage 0.0 (TID 10)) 0.068ms
[98.715s][info][gc          ] Allocation Stall (Executor task launch worker for task 20.0 in stage 0.0 (TID 20)) 0.089ms
[98.716s][info][gc          ] Allocation Stall (Executor task launch worker for task 43.0 in stage 0.0 (TID 43)) 0.118ms
[98.716s][info][gc          ] Allocation Stall (Executor task launch worker for task 1.0 in stage 0.0 (TID 1)) 0.176ms
[98.716s][info][gc          ] Allocation Stall (Executor task launch worker for task 15.0 in stage 0.0 (TID 15)) 0.217ms
[98.716s][info][gc          ] Allocation Stall (Executor task launch worker for task 24.0 in stage 0.0 (TID 24)) 0.263ms
[98.716s][info][gc          ] Allocation Stall (Executor task launch worker for task 25.0 in stage 0.0 (TID 25)) 0.320ms
[98.717s][info][gc          ] Allocation Stall (Executor task launch worker for task 11.0 in stage 0.0 (TID 11)) 1.128ms
[98.717s][info][gc          ] Allocation Stall (Executor task launch worker for task 9.0 in stage 0.0 (TID 9)) 1.171ms
[98.717s][info][gc          ] Allocation Stall (Executor task launch worker for task 19.0 in stage 0.0 (TID 19)) 1.211ms
[98.717s][info][gc          ] Allocation Stall (Executor task launch worker for task 14.0 in stage 0.0 (TID 14)) 1.240ms
[98.717s][info][gc          ] Allocation Stall (Executor task launch worker for task 42.0 in stage 0.0 (TID 42)) 1.273ms
[98.718s][info][gc          ] Allocation Stall (Executor task launch worker for task 43.0 in stage 0.0 (TID 43)) 2.349ms
[98.718s][info][gc          ] Allocation Stall (Executor task launch worker for task 1.0 in stage 0.0 (TID 1)) 2.403ms
[98.718s][info][gc          ] Allocation Stall (Executor task launch worker for task 25.0 in stage 0.0 (TID 25)) 2.339ms
[98.718s][info][gc          ] Allocation Stall (Executor task launch worker for task 3.0 in stage 0.0 (TID 3)) 2.252ms
[98.718s][info][gc          ] Allocation Stall (Executor task launch worker for task 30.0 in stage 0.0 (TID 30)) 2.006ms
[98.718s][info][gc          ] Allocation Stall (Executor task launch worker for task 17.0 in stage 0.0 (TID 17)) 2.976ms
[98.718s][info][gc          ] Allocation Stall (Executor task launch worker for task 18.0 in stage 0.0 (TID 18)) 1.999ms
[98.718s][info][gc          ] Allocation Stall (Executor task launch worker for task 28.0 in stage 0.0 (TID 28)) 2.991ms
[98.719s][info][gc          ] Allocation Stall (Executor task launch worker for task 11.0 in stage 0.0 (TID 11)) 0.697ms
[98.719s][info][gc          ] Allocation Stall (Executor task launch worker for task 19.0 in stage 0.0 (TID 19)) 0.696ms
[98.719s][info][gc          ] Allocation Stall (Executor task launch worker for task 39.0 in stage 0.0 (TID 39)) 3.679ms
[98.719s][info][gc          ] Allocation Stall (Executor task launch worker for task 8.0 in stage 0.0 (TID 8)) 3.696ms
[98.719s][info][gc          ] Allocation Stall (Executor task launch worker for task 37.0 in stage 0.0 (TID 37)) 3.697ms
[98.720s][info][gc          ] Allocation Stall (Executor task launch worker for task 27.0 in stage 0.0 (TID 27)) 4.447ms
[98.720s][info][gc          ] Allocation Stall (Executor task launch worker for task 41.0 in stage 0.0 (TID 41)) 4.881ms
[98.720s][info][gc          ] Allocation Stall (Executor task launch worker for task 45.0 in stage 0.0 (TID 45)) 4.892ms
[98.720s][info][gc          ] Allocation Stall (Executor task launch worker for task 35.0 in stage 0.0 (TID 35)) 4.894ms
[98.720s][info][gc          ] Allocation Stall (Executor task launch worker for task 40.0 in stage 0.0 (TID 40)) 4.897ms
[98.720s][info][gc          ] Allocation Stall (Executor task launch worker for task 22.0 in stage 0.0 (TID 22)) 4.642ms
[98.720s][info][gc          ] Allocation Stall (Executor task launch worker for task 20.0 in stage 0.0 (TID 20)) 4.638ms
[98.720s][info][gc          ] Allocation Stall (Executor task launch worker for task 34.0 in stage 0.0 (TID 34)) 3.942ms
[98.720s][info][gc          ] Allocation Stall (Executor task launch worker for task 47.0 in stage 0.0 (TID 47)) 3.955ms
[98.720s][info][gc          ] Allocation Stall (Executor task launch worker for task 10.0 in stage 0.0 (TID 10)) 3.958ms
[98.720s][info][gc          ] Allocation Stall (Executor task launch worker for task 4.0 in stage 0.0 (TID 4)) 3.949ms
[98.720s][info][gc,phases   ] GC(29) Concurrent Relocate 34.325ms
[98.721s][info][gc,load     ] GC(29) Load: 0.00/0.00/0.00
[98.721s][info][gc,mmu      ] GC(29) MMU: 2ms/94.2%, 5ms/97.7%, 10ms/98.8%, 20ms/99.3%, 50ms/99.7%, 100ms/99.9%
[98.721s][info][gc,marking  ] GC(29) Mark: 8 stripe(s), 2 proactive flush(es), 1 terminate flush(es), 0 completion(s), 0 continuation(s) 
[98.721s][info][gc,marking  ] GC(29) Mark Stack Usage: 32M
[98.721s][info][gc,nmethod  ] GC(29) NMethods: 2033 registered, 66 unregistered
[98.721s][info][gc,metaspace] GC(29) Metaspace: 112M used, 124M committed, 1152M reserved
[98.721s][info][gc,ref      ] GC(29) Soft: 2800 encountered, 1272 discovered, 0 enqueued
[98.721s][info][gc,ref      ] GC(29) Weak: 12967 encountered, 858 discovered, 2 enqueued
[98.721s][info][gc,ref      ] GC(29) Final: 62 encountered, 22 discovered, 0 enqueued
[98.721s][info][gc,ref      ] GC(29) Phantom: 750 encountered, 648 discovered, 0 enqueued
[98.721s][info][gc,reloc    ] GC(29) Small Pages: 307 / 614M, Empty: 432M, Relocated: 6M, In-Place: 0
[98.721s][info][gc,reloc    ] GC(29) Medium Pages: 12 / 384M, Empty: 0M, Relocated: 26M, In-Place: 0
[98.721s][info][gc,reloc    ] GC(29) Large Pages: 0 / 0M, Empty: 0M, Relocated: 0M, In-Place: 0
[98.721s][info][gc,reloc    ] GC(29) Forwarding Usage: 0M
[98.721s][info][gc,heap     ] GC(29) Min Capacity: 8M(1%)
[98.721s][info][gc,heap     ] GC(29) Max Capacity: 1024M(100%)
[98.721s][info][gc,heap     ] GC(29) Soft Max Capacity: 1024M(100%)
[98.721s][info][gc,heap     ] GC(29)                Mark Start          Mark End        Relocate Start      Relocate End           High               Low         
[98.721s][info][gc,heap     ] GC(29)  Capacity:     1024M (100%)       1024M (100%)       1024M (100%)       1024M (100%)       1024M (100%)       1024M (100%)   
[98.721s][info][gc,heap     ] GC(29)      Free:        0M (0%)            0M (0%)          368M (36%)         102M (10%)         414M (40%)           0M (0%)     
[98.721s][info][gc,heap     ] GC(29)      Used:     1024M (100%)       1024M (100%)        656M (64%)         922M (90%)        1024M (100%)        610M (60%)    
[98.721s][info][gc,heap     ] GC(29)      Live:         -               368M (36%)         368M (36%)         368M (36%)            -                  -          
[98.721s][info][gc,heap     ] GC(29) Allocated:         -                 0M (0%)           64M (6%)          433M (42%)            -                  -          
[98.721s][info][gc,heap     ] GC(29)   Garbage:         -               655M (64%)         223M (22%)         119M (12%)            -                  -          
[98.721s][info][gc,heap     ] GC(29) Reclaimed:         -                  -               432M (42%)         535M (52%)            -                  -          
[98.721s][info][gc          ] GC(29) Garbage Collection (Allocation Stall) 1024M(100%)->922M(90%)
[98.742s][info][gc,start    ] GC(30) Garbage Collection (Allocation Stall)
[98.742s][info][gc,ref      ] GC(30) Clearing All SoftReferences
[98.742s][info][gc,task     ] GC(30) Using 10 workers
[98.743s][info][gc,ref      ] GC(30) Clearing All SoftReferences
[98.743s][info][gc,phases   ] GC(30) Pause Mark Start 0.039ms
[98.785s][info][gc          ] Allocation Stall (Executor task launch worker for task 18.0 in stage 0.0 (TID 18)) 0.002ms
[98.785s][info][gc          ] Allocation Stall (Executor task launch worker for task 8.0 in stage 0.0 (TID 8)) 0.013ms
[98.785s][info][gc          ] Allocation Stall (Executor task launch worker for task 42.0 in stage 0.0 (TID 42)) 0.051ms
[98.785s][info][gc          ] Allocation Stall (Executor task launch worker for task 19.0 in stage 0.0 (TID 19)) 0.037ms
[98.785s][info][gc          ] Allocation Stall (Executor task launch worker for task 17.0 in stage 0.0 (TID 17)) 0.049ms
[98.785s][info][gc          ] Allocation Stall (Executor task launch worker for task 41.0 in stage 0.0 (TID 41)) 0.053ms
[98.785s][info][gc          ] Allocation Stall (Executor task launch worker for task 3.0 in stage 0.0 (TID 3)) 0.081ms
[98.786s][info][gc          ] Allocation Stall (Executor task launch worker for task 10.0 in stage 0.0 (TID 10)) 0.099ms
[98.786s][info][gc          ] Allocation Stall (Executor task launch worker for task 43.0 in stage 0.0 (TID 43)) 0.079ms
[98.786s][info][gc          ] Allocation Stall (Executor task launch worker for task 12.0 in stage 0.0 (TID 12)) 0.102ms
[98.786s][info][gc          ] Allocation Stall (Executor task launch worker for task 9.0 in stage 0.0 (TID 9)) 0.139ms
[98.786s][info][gc          ] Allocation Stall (Executor task launch worker for task 20.0 in stage 0.0 (TID 20)) 0.172ms
[98.786s][info][gc          ] Allocation Stall (Executor task launch worker for task 33.0 in stage 0.0 (TID 33)) 0.203ms
[98.786s][info][gc          ] Allocation Stall (Executor task launch worker for task 25.0 in stage 0.0 (TID 25)) 0.252ms
[98.786s][info][gc          ] Allocation Stall (Executor task launch worker for task 47.0 in stage 0.0 (TID 47)) 0.317ms
[98.786s][info][gc          ] Allocation Stall (Executor task launch worker for task 40.0 in stage 0.0 (TID 40)) 0.340ms
[98.818s][info][gc          ] Allocation Stall (Executor task launch worker for task 18.0 in stage 0.0 (TID 18)) 0.346ms
[98.836s][info][gc,phases   ] GC(30) Concurrent Mark 64.981ms
[98.836s][info][gc,phases   ] GC(30) Pause Mark End 0.017ms
[98.836s][info][gc,phases   ] GC(30) Concurrent Mark Free 0.001ms
[98.837s][info][gc,phases   ] GC(30) Concurrent Process Non-Strong References 0.921ms
[98.837s][info][gc,phases   ] GC(30) Concurrent Reset Relocation Set 0.006ms
[98.837s][info][gc          ] Allocation Stall (Executor task launch worker for task 4.0 in stage 0.0 (TID 4)) 13.228ms
[98.837s][info][gc          ] Allocation Stall (Executor task launch worker for task 15.0 in stage 0.0 (TID 15)) 13.259ms
[98.837s][info][gc          ] Allocation Stall (Executor task launch worker for task 44.0 in stage 0.0 (TID 44)) 13.356ms
[98.837s][info][gc          ] Allocation Stall (Executor task launch worker for task 14.0 in stage 0.0 (TID 14)) 13.175ms
[98.837s][info][gc          ] Allocation Stall (Executor task launch worker for task 8.0 in stage 0.0 (TID 8)) 12.888ms
[98.837s][info][gc          ] Allocation Stall (Executor task launch worker for task 29.0 in stage 0.0 (TID 29)) 12.741ms
[98.837s][info][gc          ] Allocation Stall (Executor task launch worker for task 3.0 in stage 0.0 (TID 3)) 12.527ms
[98.837s][info][gc          ] Allocation Stall (Executor task launch worker for task 11.0 in stage 0.0 (TID 11)) 12.980ms
[98.837s][info][gc          ] Allocation Stall (Executor task launch worker for task 17.0 in stage 0.0 (TID 17)) 12.711ms
[98.837s][info][gc          ] Allocation Stall (Executor task launch worker for task 9.0 in stage 0.0 (TID 9)) 13.879ms
[98.837s][info][gc          ] Allocation Stall (Executor task launch worker for task 23.0 in stage 0.0 (TID 23)) 12.714ms
[98.837s][info][gc          ] Allocation Stall (Executor task launch worker for task 18.0 in stage 0.0 (TID 18)) 12.808ms
[98.837s][info][gc          ] Allocation Stall (Executor task launch worker for task 34.0 in stage 0.0 (TID 34)) 12.627ms
[98.837s][info][gc          ] Allocation Stall (Executor task launch worker for task 30.0 in stage 0.0 (TID 30)) 12.842ms
[98.837s][info][gc          ] Allocation Stall (Executor task launch worker for task 12.0 in stage 0.0 (TID 12)) 12.770ms
[98.837s][info][gc          ] Allocation Stall (Executor task launch worker for task 5.0 in stage 0.0 (TID 5)) 12.803ms
[98.837s][info][gc          ] Allocation Stall (Executor task launch worker for task 42.0 in stage 0.0 (TID 42)) 12.573ms
[98.837s][info][gc          ] Allocation Stall (Executor task launch worker for task 21.0 in stage 0.0 (TID 21)) 16.809ms
[98.837s][info][gc          ] Allocation Stall (Executor task launch worker for task 37.0 in stage 0.0 (TID 37)) 12.809ms
[98.837s][info][gc          ] Allocation Stall (Executor task launch worker for task 22.0 in stage 0.0 (TID 22)) 12.750ms
[98.837s][info][gc          ] Allocation Stall (Executor task launch worker for task 0.0 in stage 0.0 (TID 0)) 14.055ms
[98.837s][info][gc          ] Allocation Stall (Executor task launch worker for task 7.0 in stage 0.0 (TID 7)) 12.598ms
[98.837s][info][gc          ] Allocation Stall (Executor task launch worker for task 1.0 in stage 0.0 (TID 1)) 12.828ms
[98.837s][info][gc          ] Allocation Stall (Executor task launch worker for task 28.0 in stage 0.0 (TID 28)) 10.998ms
[98.837s][info][gc          ] Allocation Stall (Executor task launch worker for task 47.0 in stage 0.0 (TID 47)) 12.903ms
[98.837s][info][gc          ] Allocation Stall (Executor task launch worker for task 10.0 in stage 0.0 (TID 10)) 14.123ms
[98.837s][info][gc          ] Allocation Stall (Executor task launch worker for task 13.0 in stage 0.0 (TID 13)) 14.897ms
[98.837s][info][gc          ] Allocation Stall (Executor task launch worker for task 35.0 in stage 0.0 (TID 35)) 14.795ms
[98.837s][info][gc          ] Allocation Stall (Executor task launch worker for task 32.0 in stage 0.0 (TID 32)) 12.872ms
[98.837s][info][gc          ] Allocation Stall (Executor task launch worker for task 19.0 in stage 0.0 (TID 19)) 16.130ms
[98.837s][info][gc          ] Allocation Stall (Executor task launch worker for task 2.0 in stage 0.0 (TID 2)) 14.119ms
[98.837s][info][gc          ] Allocation Stall (Executor task launch worker for task 33.0 in stage 0.0 (TID 33)) 15.607ms
[98.837s][info][gc          ] Allocation Stall (Executor task launch worker for task 20.0 in stage 0.0 (TID 20)) 13.818ms
[98.837s][info][gc          ] Allocation Stall (Executor task launch worker for task 26.0 in stage 0.0 (TID 26)) 14.713ms
[98.837s][info][gc          ] Allocation Stall (Executor task launch worker for task 46.0 in stage 0.0 (TID 46)) 15.094ms
[98.837s][info][gc          ] Allocation Stall (Executor task launch worker for task 6.0 in stage 0.0 (TID 6)) 15.101ms
[98.837s][info][gc          ] Allocation Stall (Executor task launch worker for task 45.0 in stage 0.0 (TID 45)) 13.291ms
[98.837s][info][gc          ] Allocation Stall (Executor task launch worker for task 41.0 in stage 0.0 (TID 41)) 16.020ms
[98.837s][info][gc          ] Allocation Stall (Executor task launch worker for task 38.0 in stage 0.0 (TID 38)) 14.301ms
[98.837s][info][gc          ] Allocation Stall (Executor task launch worker for task 31.0 in stage 0.0 (TID 31)) 13.186ms
[98.837s][info][gc          ] Allocation Stall (Executor task launch worker for task 24.0 in stage 0.0 (TID 24)) 14.478ms
[98.837s][info][gc          ] Allocation Stall (Executor task launch worker for task 39.0 in stage 0.0 (TID 39)) 17.472ms
[98.837s][info][gc          ] Allocation Stall (Executor task launch worker for task 25.0 in stage 0.0 (TID 25)) 14.509ms
[98.837s][info][gc          ] Allocation Stall (Executor task launch worker for task 43.0 in stage 0.0 (TID 43)) 15.212ms
[98.837s][info][gc          ] Allocation Stall (Executor task launch worker for task 27.0 in stage 0.0 (TID 27)) 13.146ms
[98.837s][info][gc          ] Allocation Stall (Executor task launch worker for task 36.0 in stage 0.0 (TID 36)) 15.189ms
[98.837s][info][gc          ] Allocation Stall (Executor task launch worker for task 40.0 in stage 0.0 (TID 40)) 16.433ms
[98.837s][info][gc          ] Allocation Stall (Executor task launch worker for task 16.0 in stage 0.0 (TID 16)) 17.307ms
[98.843s][info][gc,phases   ] GC(30) Concurrent Select Relocation Set 6.418ms
[98.867s][info][gc,phases   ] GC(30) Pause Relocate Start 0.009ms
[98.876s][info][gc,phases   ] GC(30) Concurrent Relocate 3.022ms
[98.877s][info][gc,load     ] GC(30) Load: 0.00/0.00/0.00
[98.877s][info][gc,mmu      ] GC(30) MMU: 2ms/94.2%, 5ms/97.7%, 10ms/98.8%, 20ms/99.3%, 50ms/99.7%, 100ms/99.9%
[98.877s][info][gc,marking  ] GC(30) Mark: 8 stripe(s), 2 proactive flush(es), 1 terminate flush(es), 0 completion(s), 0 continuation(s) 
[98.877s][info][gc,marking  ] GC(30) Mark Stack Usage: 32M
[98.877s][info][gc,nmethod  ] GC(30) NMethods: 2033 registered, 66 unregistered
[98.877s][info][gc,metaspace] GC(30) Metaspace: 112M used, 124M committed, 1152M reserved
[98.877s][info][gc,ref      ] GC(30) Soft: 2800 encountered, 369 discovered, 0 enqueued
[98.877s][info][gc,ref      ] GC(30) Weak: 12965 encountered, 1684 discovered, 0 enqueued
[98.877s][info][gc,ref      ] GC(30) Final: 62 encountered, 3 discovered, 0 enqueued
[98.877s][info][gc,ref      ] GC(30) Phantom: 750 encountered, 569 discovered, 0 enqueued
[98.877s][info][gc,reloc    ] GC(30) Small Pages: 245 / 490M, Empty: 352M, Relocated: 6M, In-Place: 0
[98.877s][info][gc,reloc    ] GC(30) Medium Pages: 13 / 416M, Empty: 32M, Relocated: 0M, In-Place: 0
[98.877s][info][gc,reloc    ] GC(30) Large Pages: 0 / 0M, Empty: 0M, Relocated: 0M, In-Place: 0
[98.877s][info][gc,reloc    ] GC(30) Forwarding Usage: 0M
[98.877s][info][gc,heap     ] GC(30) Min Capacity: 8M(1%)
[98.877s][info][gc,heap     ] GC(30) Max Capacity: 1024M(100%)
[98.877s][info][gc,heap     ] GC(30) Soft Max Capacity: 1024M(100%)
[98.877s][info][gc,heap     ] GC(30)                Mark Start          Mark End        Relocate Start      Relocate End           High               Low         
[98.877s][info][gc,heap     ] GC(30)  Capacity:     1024M (100%)       1024M (100%)       1024M (100%)       1024M (100%)       1024M (100%)       1024M (100%)   
[98.877s][info][gc,heap     ] GC(30)      Free:      118M (12%)           0M (0%)          322M (31%)         258M (25%)         362M (35%)           0M (0%)     
[98.877s][info][gc,heap     ] GC(30)      Used:      906M (88%)        1024M (100%)        702M (69%)         766M (75%)        1024M (100%)        662M (65%)    
[98.877s][info][gc,heap     ] GC(30)      Live:         -               384M (38%)         384M (38%)         384M (38%)            -                  -          
[98.877s][info][gc,heap     ] GC(30) Allocated:         -               118M (12%)         180M (18%)         293M (29%)            -                  -          
[98.877s][info][gc,heap     ] GC(30)   Garbage:         -               521M (51%)         137M (13%)          87M (9%)             -                  -          
[98.877s][info][gc,heap     ] GC(30) Reclaimed:         -                  -               384M (38%)         433M (42%)            -                  -          
[98.877s][info][gc          ] GC(30) Garbage Collection (Allocation Stall) 906M(88%)->766M(75%)
[98.894s][info][gc,start    ] GC(31) Garbage Collection (Allocation Stall)
[98.894s][info][gc,ref      ] GC(31) Clearing All SoftReferences
[98.894s][info][gc,task     ] GC(31) Using 10 workers
[98.894s][info][gc,ref      ] GC(31) Clearing All SoftReferences
[98.894s][info][gc,phases   ] GC(31) Pause Mark Start 0.040ms
[98.914s][info][gc,phases   ] GC(31) Concurrent Mark 19.467ms
[98.914s][info][gc,phases   ] GC(31) Pause Mark End 0.014ms
[98.914s][info][gc,phases   ] GC(31) Concurrent Mark Free 0.000ms
[98.915s][info][gc,phases   ] GC(31) Concurrent Process Non-Strong References 0.828ms
[98.915s][info][gc,phases   ] GC(31) Concurrent Reset Relocation Set 0.004ms
[98.915s][info][gc          ] Allocation Stall (Executor task launch worker for task 23.0 in stage 0.0 (TID 23)) 20.883ms
[98.915s][info][gc          ] Allocation Stall (Executor task launch worker for task 18.0 in stage 0.0 (TID 18)) 20.887ms
[98.915s][info][gc          ] Allocation Stall (Executor task launch worker for task 1.0 in stage 0.0 (TID 1)) 20.892ms
[98.915s][info][gc          ] Allocation Stall (Executor task launch worker for task 8.0 in stage 0.0 (TID 8)) 20.814ms
[98.915s][info][gc          ] Allocation Stall (Executor task launch worker for task 3.0 in stage 0.0 (TID 3)) 20.601ms
[98.915s][info][gc          ] Allocation Stall (Executor task launch worker for task 2.0 in stage 0.0 (TID 2)) 17.333ms
[98.915s][info][gc          ] Allocation Stall (Executor task launch worker for task 15.0 in stage 0.0 (TID 15)) 20.831ms
[98.915s][info][gc          ] Allocation Stall (Executor task launch worker for task 28.0 in stage 0.0 (TID 28)) 20.931ms
[98.915s][info][gc          ] Allocation Stall (Executor task launch worker for task 35.0 in stage 0.0 (TID 35)) 20.875ms
[98.915s][info][gc          ] Allocation Stall (Spark Context Cleaner) 16.767ms
[98.915s][info][gc          ] Allocation Stall (Executor task launch worker for task 14.0 in stage 0.0 (TID 14)) 21.472ms
[98.915s][info][gc          ] Allocation Stall (Executor task launch worker for task 12.0 in stage 0.0 (TID 12)) 16.515ms
[98.915s][info][gc          ] Allocation Stall (Executor task launch worker for task 47.0 in stage 0.0 (TID 47)) 20.880ms
[98.915s][info][gc          ] Allocation Stall (Executor task launch worker for task 34.0 in stage 0.0 (TID 34)) 20.887ms
[98.915s][info][gc          ] Allocation Stall (Executor task launch worker for task 10.0 in stage 0.0 (TID 10)) 21.065ms
[98.915s][info][gc          ] Allocation Stall (Executor task launch worker for task 29.0 in stage 0.0 (TID 29)) 20.864ms
[98.915s][info][gc          ] Allocation Stall (Executor task launch worker for task 24.0 in stage 0.0 (TID 24)) 21.032ms
[98.915s][info][gc          ] Allocation Stall (Executor task launch worker for task 32.0 in stage 0.0 (TID 32)) 21.027ms
[98.915s][info][gc          ] Allocation Stall (Executor task launch worker for task 41.0 in stage 0.0 (TID 41)) 20.902ms
[98.915s][info][gc          ] Allocation Stall (Executor task launch worker for task 38.0 in stage 0.0 (TID 38)) 20.961ms
[98.915s][info][gc          ] Allocation Stall (Executor task launch worker for task 27.0 in stage 0.0 (TID 27)) 20.977ms
[98.915s][info][gc          ] Allocation Stall (Executor task launch worker for task 30.0 in stage 0.0 (TID 30)) 20.986ms
[98.915s][info][gc          ] Allocation Stall (Executor task launch worker for task 17.0 in stage 0.0 (TID 17)) 20.917ms
[98.915s][info][gc          ] Allocation Stall (Executor task launch worker for task 13.0 in stage 0.0 (TID 13)) 21.175ms
[98.915s][info][gc          ] Allocation Stall (Executor task launch worker for task 39.0 in stage 0.0 (TID 39)) 20.974ms
[98.915s][info][gc          ] Allocation Stall (Executor task launch worker for task 40.0 in stage 0.0 (TID 40)) 17.350ms
[98.915s][info][gc          ] Allocation Stall (Executor task launch worker for task 22.0 in stage 0.0 (TID 22)) 20.888ms
[98.915s][info][gc          ] Allocation Stall (Executor task launch worker for task 42.0 in stage 0.0 (TID 42)) 20.627ms
[98.915s][info][gc          ] Allocation Stall (Executor task launch worker for task 4.0 in stage 0.0 (TID 4)) 20.944ms
[98.915s][info][gc          ] Allocation Stall (Executor task launch worker for task 46.0 in stage 0.0 (TID 46)) 21.040ms
[98.915s][info][gc          ] Allocation Stall (Executor task launch worker for task 9.0 in stage 0.0 (TID 9)) 21.163ms
[98.915s][info][gc          ] Allocation Stall (Executor task launch worker for task 20.0 in stage 0.0 (TID 20)) 21.029ms
[98.915s][info][gc          ] Allocation Stall (Executor task launch worker for task 33.0 in stage 0.0 (TID 33)) 21.050ms
[98.915s][info][gc          ] Allocation Stall (Executor task launch worker for task 43.0 in stage 0.0 (TID 43)) 21.321ms
[98.915s][info][gc          ] Allocation Stall (Executor task launch worker for task 21.0 in stage 0.0 (TID 21)) 21.046ms
[98.915s][info][gc          ] Allocation Stall (Executor task launch worker for task 19.0 in stage 0.0 (TID 19)) 21.322ms
[98.915s][info][gc          ] Allocation Stall (Executor task launch worker for task 31.0 in stage 0.0 (TID 31)) 21.299ms
[98.915s][info][gc          ] Allocation Stall (Executor task launch worker for task 44.0 in stage 0.0 (TID 44)) 21.131ms
[98.915s][info][gc          ] Allocation Stall (Executor task launch worker for task 0.0 in stage 0.0 (TID 0)) 21.308ms
[98.915s][info][gc          ] Allocation Stall (Executor task launch worker for task 25.0 in stage 0.0 (TID 25)) 21.034ms
[98.915s][info][gc          ] Allocation Stall (Executor task launch worker for task 11.0 in stage 0.0 (TID 11)) 21.509ms
[98.915s][info][gc          ] Allocation Stall (Executor task launch worker for task 7.0 in stage 0.0 (TID 7)) 21.214ms
[98.915s][info][gc          ] Allocation Stall (Executor task launch worker for task 37.0 in stage 0.0 (TID 37)) 21.174ms
[98.915s][info][gc          ] Allocation Stall (Executor task launch worker for task 45.0 in stage 0.0 (TID 45)) 20.954ms
[98.915s][info][gc          ] Allocation Stall (Executor task launch worker for task 16.0 in stage 0.0 (TID 16)) 21.316ms
[98.915s][info][gc          ] Allocation Stall (Executor task launch worker for task 5.0 in stage 0.0 (TID 5)) 21.024ms
[98.915s][info][gc          ] Allocation Stall (Executor task launch worker for task 36.0 in stage 0.0 (TID 36)) 21.104ms
[98.915s][info][gc          ] Allocation Stall (Executor task launch worker for task 6.0 in stage 0.0 (TID 6)) 21.237ms
[98.915s][info][gc          ] Allocation Stall (Executor task launch worker for task 26.0 in stage 0.0 (TID 26)) 20.957ms
[98.919s][info][gc,phases   ] GC(31) Concurrent Select Relocation Set 3.936ms
[98.988s][info][gc,phases   ] GC(31) Pause Relocate Start 0.008ms
[98.995s][info][gc          ] Allocation Stall (Executor task launch worker for task 28.0 in stage 0.0 (TID 28)) 0.037ms
[98.995s][info][gc          ] Allocation Stall (Executor task launch worker for task 21.0 in stage 0.0 (TID 21)) 0.006ms
[98.995s][info][gc          ] Allocation Stall (Executor task launch worker for task 10.0 in stage 0.0 (TID 10)) 0.097ms
[99.001s][info][gc          ] Allocation Stall (Executor task launch worker for task 18.0 in stage 0.0 (TID 18)) 0.967ms
[99.001s][info][gc          ] Allocation Stall (Executor task launch worker for task 16.0 in stage 0.0 (TID 16)) 0.797ms
[99.001s][info][gc          ] Allocation Stall (Executor task launch worker for task 45.0 in stage 0.0 (TID 45)) 0.990ms
[99.001s][info][gc          ] Allocation Stall (Executor task launch worker for task 10.0 in stage 0.0 (TID 10)) 0.799ms
[99.001s][info][gc          ] Allocation Stall (Executor task launch worker for task 25.0 in stage 0.0 (TID 25)) 1.035ms
[99.001s][info][gc          ] Allocation Stall (Executor task launch worker for task 0.0 in stage 0.0 (TID 0)) 0.799ms
[99.001s][info][gc          ] Allocation Stall (Executor task launch worker for task 42.0 in stage 0.0 (TID 42)) 1.127ms
[99.001s][info][gc          ] Allocation Stall (Executor task launch worker for task 35.0 in stage 0.0 (TID 35)) 0.858ms
[99.001s][info][gc          ] Allocation Stall (Executor task launch worker for task 13.0 in stage 0.0 (TID 13)) 1.169ms
[99.001s][info][gc          ] Allocation Stall (Executor task launch worker for task 36.0 in stage 0.0 (TID 36)) 0.921ms
[99.001s][info][gc          ] Allocation Stall (Executor task launch worker for task 29.0 in stage 0.0 (TID 29)) 1.184ms
[99.001s][info][gc          ] Allocation Stall (Executor task launch worker for task 46.0 in stage 0.0 (TID 46)) 5.760ms
[99.001s][info][gc          ] Allocation Stall (Executor task launch worker for task 37.0 in stage 0.0 (TID 37)) 1.227ms
[99.001s][info][gc          ] Allocation Stall (Executor task launch worker for task 23.0 in stage 0.0 (TID 23)) 1.247ms
[99.001s][info][gc          ] Allocation Stall (Executor task launch worker for task 6.0 in stage 0.0 (TID 6)) 1.411ms
[99.001s][info][gc          ] Allocation Stall (Executor task launch worker for task 34.0 in stage 0.0 (TID 34)) 1.253ms
[99.001s][info][gc          ] Allocation Stall (Executor task launch worker for task 14.0 in stage 0.0 (TID 14)) 1.438ms
[99.001s][info][gc          ] Allocation Stall (Executor task launch worker for task 19.0 in stage 0.0 (TID 19)) 1.563ms
[99.001s][info][gc          ] Allocation Stall (Executor task launch worker for task 27.0 in stage 0.0 (TID 27)) 1.668ms
[99.001s][info][gc          ] Allocation Stall (Executor task launch worker for task 43.0 in stage 0.0 (TID 43)) 5.778ms
[99.001s][info][gc          ] Allocation Stall (Executor task launch worker for task 41.0 in stage 0.0 (TID 41)) 1.888ms
[99.001s][info][gc          ] Allocation Stall (Executor task launch worker for task 3.0 in stage 0.0 (TID 3)) 1.671ms
[99.001s][info][gc          ] Allocation Stall (Executor task launch worker for task 32.0 in stage 0.0 (TID 32)) 2.914ms
[99.001s][info][gc          ] Allocation Stall (Executor task launch worker for task 28.0 in stage 0.0 (TID 28)) 5.596ms
[99.001s][info][gc          ] Allocation Stall (Executor task launch worker for task 9.0 in stage 0.0 (TID 9)) 1.922ms
[99.001s][info][gc          ] Allocation Stall (Executor task launch worker for task 1.0 in stage 0.0 (TID 1)) 1.998ms
[99.001s][info][gc          ] Allocation Stall (Executor task launch worker for task 15.0 in stage 0.0 (TID 15)) 5.694ms
[99.001s][info][gc          ] Allocation Stall (Executor task launch worker for task 31.0 in stage 0.0 (TID 31)) 5.737ms
[99.001s][info][gc          ] Allocation Stall (Executor task launch worker for task 20.0 in stage 0.0 (TID 20)) 5.731ms
[99.001s][info][gc          ] Allocation Stall (Executor task launch worker for task 39.0 in stage 0.0 (TID 39)) 5.725ms
[99.001s][info][gc          ] Allocation Stall (Executor task launch worker for task 24.0 in stage 0.0 (TID 24)) 5.776ms
[99.001s][info][gc          ] Allocation Stall (Executor task launch worker for task 17.0 in stage 0.0 (TID 17)) 5.756ms
[99.001s][info][gc          ] Allocation Stall (Executor task launch worker for task 44.0 in stage 0.0 (TID 44)) 0.608ms
[99.001s][info][gc          ] Allocation Stall (Executor task launch worker for task 26.0 in stage 0.0 (TID 26)) 0.642ms
[99.001s][info][gc          ] Allocation Stall (Executor task launch worker for task 47.0 in stage 0.0 (TID 47)) 0.639ms
[99.001s][info][gc          ] Allocation Stall (Executor task launch worker for task 8.0 in stage 0.0 (TID 8)) 0.632ms
[99.001s][info][gc          ] Allocation Stall (Executor task launch worker for task 33.0 in stage 0.0 (TID 33)) 0.924ms
[99.001s][info][gc          ] Allocation Stall (Executor task launch worker for task 22.0 in stage 0.0 (TID 22)) 0.592ms
[99.001s][info][gc          ] Allocation Stall (Executor task launch worker for task 30.0 in stage 0.0 (TID 30)) 0.762ms
[99.001s][info][gc          ] Allocation Stall (Executor task launch worker for task 4.0 in stage 0.0 (TID 4)) 0.709ms
[99.001s][info][gc          ] Allocation Stall (Executor task launch worker for task 21.0 in stage 0.0 (TID 21)) 0.669ms
[99.053s][info][gc          ] Relocation Stall (Executor task launch worker for task 5.0 in stage 0.0 (TID 5)) 64.491ms
[99.069s][info][gc          ] Allocation Stall (Executor task launch worker for task 43.0 in stage 0.0 (TID 43)) 0.061ms
[99.069s][info][gc          ] Allocation Stall (Executor task launch worker for task 38.0 in stage 0.0 (TID 38)) 0.063ms
[99.069s][info][gc          ] Allocation Stall (Executor task launch worker for task 20.0 in stage 0.0 (TID 20)) 0.063ms
[99.069s][info][gc          ] Allocation Stall (Executor task launch worker for task 15.0 in stage 0.0 (TID 15)) 0.086ms
[99.069s][info][gc          ] Allocation Stall (Executor task launch worker for task 41.0 in stage 0.0 (TID 41)) 0.113ms
[99.069s][info][gc          ] Allocation Stall (Executor task launch worker for task 32.0 in stage 0.0 (TID 32)) 0.130ms
[99.069s][info][gc          ] Allocation Stall (Executor task launch worker for task 19.0 in stage 0.0 (TID 19)) 0.134ms
[99.069s][info][gc          ] Allocation Stall (Executor task launch worker for task 40.0 in stage 0.0 (TID 40)) 0.139ms
[99.069s][info][gc          ] Allocation Stall (Executor task launch worker for task 31.0 in stage 0.0 (TID 31)) 0.117ms
[99.069s][info][gc          ] Allocation Stall (Executor task launch worker for task 27.0 in stage 0.0 (TID 27)) 0.111ms
[99.069s][info][gc          ] Allocation Stall (Executor task launch worker for task 22.0 in stage 0.0 (TID 22)) 0.112ms
[99.069s][info][gc          ] Allocation Stall (Executor task launch worker for task 30.0 in stage 0.0 (TID 30)) 0.113ms
[99.069s][info][gc          ] Allocation Stall (Executor task launch worker for task 14.0 in stage 0.0 (TID 14)) 0.120ms
[99.070s][info][gc          ] Allocation Stall (Executor task launch worker for task 10.0 in stage 0.0 (TID 10)) 0.196ms
[99.070s][info][gc          ] Allocation Stall (Executor task launch worker for task 34.0 in stage 0.0 (TID 34)) 0.216ms
[99.070s][info][gc          ] Allocation Stall (Executor task launch worker for task 13.0 in stage 0.0 (TID 13)) 0.241ms
[99.070s][info][gc          ] Allocation Stall (Executor task launch worker for task 16.0 in stage 0.0 (TID 16)) 0.265ms
[99.070s][info][gc          ] Allocation Stall (Executor task launch worker for task 8.0 in stage 0.0 (TID 8)) 0.291ms
[99.070s][info][gc          ] Allocation Stall (Executor task launch worker for task 25.0 in stage 0.0 (TID 25)) 0.305ms
[99.084s][info][gc          ] Relocation Stall (Executor task launch worker for task 12.0 in stage 0.0 (TID 12)) 95.760ms
[99.084s][info][gc,phases   ] GC(31) Concurrent Relocate 95.844ms
[99.084s][info][gc,load     ] GC(31) Load: 0.00/0.00/0.00
[99.084s][info][gc,mmu      ] GC(31) MMU: 2ms/94.2%, 5ms/97.7%, 10ms/98.8%, 20ms/99.3%, 50ms/99.7%, 100ms/99.9%
[99.084s][info][gc,marking  ] GC(31) Mark: 8 stripe(s), 2 proactive flush(es), 1 terminate flush(es), 0 completion(s), 0 continuation(s) 
[99.084s][info][gc,marking  ] GC(31) Mark Stack Usage: 32M
[99.084s][info][gc,nmethod  ] GC(31) NMethods: 2040 registered, 66 unregistered
[99.084s][info][gc,metaspace] GC(31) Metaspace: 112M used, 124M committed, 1152M reserved
[99.084s][info][gc,ref      ] GC(31) Soft: 2800 encountered, 2372 discovered, 0 enqueued
[99.084s][info][gc,ref      ] GC(31) Weak: 12965 encountered, 1385 discovered, 2 enqueued
[99.084s][info][gc,ref      ] GC(31) Final: 62 encountered, 4 discovered, 0 enqueued
[99.084s][info][gc,ref      ] GC(31) Phantom: 750 encountered, 504 discovered, 0 enqueued
[99.084s][info][gc,reloc    ] GC(31) Small Pages: 288 / 576M, Empty: 394M, Relocated: 4M, In-Place: 0
[99.084s][info][gc,reloc    ] GC(31) Medium Pages: 14 / 448M, Empty: 0M, Relocated: 21M, In-Place: 1
[99.085s][info][gc,reloc    ] GC(31) Large Pages: 0 / 0M, Empty: 0M, Relocated: 0M, In-Place: 0
[99.085s][info][gc,reloc    ] GC(31) Forwarding Usage: 0M
[99.085s][info][gc,heap     ] GC(31) Min Capacity: 8M(1%)
[99.085s][info][gc,heap     ] GC(31) Max Capacity: 1024M(100%)
[99.085s][info][gc,heap     ] GC(31) Soft Max Capacity: 1024M(100%)
[99.085s][info][gc,heap     ] GC(31)                Mark Start          Mark End        Relocate Start      Relocate End           High               Low         
[99.085s][info][gc,heap     ] GC(31)  Capacity:     1024M (100%)       1024M (100%)       1024M (100%)       1024M (100%)       1024M (100%)       1024M (100%)   
[99.085s][info][gc,heap     ] GC(31)      Free:        0M (0%)            0M (0%)          164M (16%)          40M (4%)          366M (36%)           0M (0%)     
[99.085s][info][gc,heap     ] GC(31)      Used:     1024M (100%)       1024M (100%)        860M (84%)         984M (96%)        1024M (100%)        658M (64%)    
[99.085s][info][gc,heap     ] GC(31)      Live:         -               401M (39%)         401M (39%)         401M (39%)            -                  -          
[99.085s][info][gc,heap     ] GC(31) Allocated:         -                 0M (0%)          230M (22%)         471M (46%)            -                  -          
[99.085s][info][gc,heap     ] GC(31)   Garbage:         -               622M (61%)         228M (22%)         110M (11%)            -                  -          
[99.085s][info][gc,heap     ] GC(31) Reclaimed:         -                  -               394M (38%)         511M (50%)            -                  -          
[99.085s][info][gc          ] GC(31) Garbage Collection (Allocation Stall) 1024M(100%)->984M(96%)
[99.096s][info][gc,start    ] GC(32) Garbage Collection (Allocation Stall)
[99.096s][info][gc,ref      ] GC(32) Clearing All SoftReferences
[99.096s][info][gc,task     ] GC(32) Using 10 workers
[99.096s][info][gc,ref      ] GC(32) Clearing All SoftReferences
[99.096s][info][gc,phases   ] GC(32) Pause Mark Start 0.034ms
[99.096s][info][gc          ] Allocation Stall (Executor task launch worker for task 5.0 in stage 0.0 (TID 5)) 0.740ms
[99.096s][info][gc          ] Allocation Stall (Executor task launch worker for task 9.0 in stage 0.0 (TID 9)) 0.727ms
[99.096s][info][gc          ] Allocation Stall (Executor task launch worker for task 36.0 in stage 0.0 (TID 36)) 0.729ms
[99.096s][info][gc          ] Allocation Stall (Executor task launch worker for task 33.0 in stage 0.0 (TID 33)) 0.748ms
[99.096s][info][gc          ] Allocation Stall (Executor task launch worker for task 47.0 in stage 0.0 (TID 47)) 0.720ms
[99.096s][info][gc          ] Allocation Stall (Executor task launch worker for task 11.0 in stage 0.0 (TID 11)) 0.737ms
[99.096s][info][gc          ] Allocation Stall (Executor task launch worker for task 14.0 in stage 0.0 (TID 14)) 0.719ms
[99.096s][info][gc          ] Allocation Stall (Executor task launch worker for task 6.0 in stage 0.0 (TID 6)) 0.723ms
[99.096s][info][gc          ] Allocation Stall (Executor task launch worker for task 45.0 in stage 0.0 (TID 45)) 0.739ms
[99.096s][info][gc          ] Allocation Stall (Executor task launch worker for task 35.0 in stage 0.0 (TID 35)) 0.713ms
[99.096s][info][gc          ] Allocation Stall (Executor task launch worker for task 43.0 in stage 0.0 (TID 43)) 0.744ms
[99.096s][info][gc          ] Allocation Stall (Executor task launch worker for task 22.0 in stage 0.0 (TID 22)) 0.711ms
[99.096s][info][gc          ] Allocation Stall (Executor task launch worker for task 7.0 in stage 0.0 (TID 7)) 0.714ms
[99.096s][info][gc          ] Allocation Stall (Executor task launch worker for task 31.0 in stage 0.0 (TID 31)) 0.776ms
[99.097s][info][gc          ] Allocation Stall (Executor task launch worker for task 27.0 in stage 0.0 (TID 27)) 0.826ms
[99.097s][info][gc          ] Allocation Stall (Executor task launch worker for task 42.0 in stage 0.0 (TID 42)) 0.849ms
[99.097s][info][gc          ] Allocation Stall (Executor task launch worker for task 19.0 in stage 0.0 (TID 19)) 0.879ms
[99.097s][info][gc          ] Allocation Stall (Executor task launch worker for task 37.0 in stage 0.0 (TID 37)) 0.913ms
[99.097s][info][gc          ] Allocation Stall (Executor task launch worker for task 30.0 in stage 0.0 (TID 30)) 0.944ms
[99.097s][info][gc          ] Allocation Stall (Executor task launch worker for task 46.0 in stage 0.0 (TID 46)) 1.008ms
[99.097s][info][gc          ] Allocation Stall (Executor task launch worker for task 16.0 in stage 0.0 (TID 16)) 1.025ms
[99.097s][info][gc          ] Allocation Stall (Executor task launch worker for task 13.0 in stage 0.0 (TID 13)) 1.049ms
[99.097s][info][gc          ] Allocation Stall (Executor task launch worker for task 34.0 in stage 0.0 (TID 34)) 1.068ms
[99.097s][info][gc          ] Allocation Stall (Executor task launch worker for task 17.0 in stage 0.0 (TID 17)) 1.091ms
[99.097s][info][gc          ] Allocation Stall (Executor task launch worker for task 40.0 in stage 0.0 (TID 40)) 1.113ms
[99.097s][info][gc          ] Allocation Stall (Executor task launch worker for task 10.0 in stage 0.0 (TID 10)) 1.148ms
[99.097s][info][gc          ] Allocation Stall (Executor task launch worker for task 41.0 in stage 0.0 (TID 41)) 1.200ms
[99.097s][info][gc          ] Allocation Stall (Executor task launch worker for task 4.0 in stage 0.0 (TID 4)) 1.239ms
[99.097s][info][gc          ] Allocation Stall (Executor task launch worker for task 8.0 in stage 0.0 (TID 8)) 1.267ms
[99.097s][info][gc          ] Allocation Stall (Executor task launch worker for task 24.0 in stage 0.0 (TID 24)) 1.318ms
[99.097s][info][gc          ] Allocation Stall (Executor task launch worker for task 26.0 in stage 0.0 (TID 26)) 0.772ms
[99.097s][info][gc          ] Allocation Stall (Executor task launch worker for task 39.0 in stage 0.0 (TID 39)) 0.800ms
[99.097s][info][gc          ] Allocation Stall (Executor task launch worker for task 29.0 in stage 0.0 (TID 29)) 0.814ms
[99.097s][info][gc          ] Allocation Stall (Executor task launch worker for task 21.0 in stage 0.0 (TID 21)) 0.884ms
[99.097s][info][gc          ] Allocation Stall (Executor task launch worker for task 0.0 in stage 0.0 (TID 0)) 0.908ms
[99.097s][info][gc          ] Allocation Stall (Executor task launch worker for task 18.0 in stage 0.0 (TID 18)) 0.942ms
[99.097s][info][gc          ] Allocation Stall (Executor task launch worker for task 15.0 in stage 0.0 (TID 15)) 0.936ms
[99.097s][info][gc          ] Allocation Stall (Executor task launch worker for task 25.0 in stage 0.0 (TID 25)) 0.963ms
[99.097s][info][gc          ] Allocation Stall (Executor task launch worker for task 32.0 in stage 0.0 (TID 32)) 1.003ms
[99.097s][info][gc          ] Allocation Stall (Executor task launch worker for task 38.0 in stage 0.0 (TID 38)) 1.037ms
[99.134s][info][gc,phases   ] GC(32) Concurrent Mark 37.714ms
[99.134s][info][gc,phases   ] GC(32) Pause Mark End 0.015ms
[99.134s][info][gc,phases   ] GC(32) Concurrent Mark Free 0.000ms
[99.135s][info][gc,phases   ] GC(32) Concurrent Process Non-Strong References 0.827ms
[99.135s][info][gc,phases   ] GC(32) Concurrent Reset Relocation Set 0.005ms
[99.135s][info][gc          ] Allocation Stall (Executor task launch worker for task 3.0 in stage 0.0 (TID 3)) 23.626ms
[99.135s][info][gc          ] Allocation Stall (Executor task launch worker for task 43.0 in stage 0.0 (TID 43)) 22.986ms
[99.135s][info][gc          ] Allocation Stall (Executor task launch worker for task 36.0 in stage 0.0 (TID 36)) 22.341ms
[99.135s][info][gc          ] Allocation Stall (Executor task launch worker for task 46.0 in stage 0.0 (TID 46)) 23.514ms
[99.135s][info][gc          ] Allocation Stall (Executor task launch worker for task 41.0 in stage 0.0 (TID 41)) 23.162ms
[99.135s][info][gc          ] Allocation Stall (Executor task launch worker for task 38.0 in stage 0.0 (TID 38)) 22.815ms
[99.135s][info][gc          ] Allocation Stall (Executor task launch worker for task 17.0 in stage 0.0 (TID 17)) 23.760ms
[99.135s][info][gc          ] Allocation Stall (Spark Context Cleaner) 1.100ms
[99.135s][info][gc          ] Allocation Stall (Executor task launch worker for task 45.0 in stage 0.0 (TID 45)) 22.358ms
[99.135s][info][gc          ] Allocation Stall (Executor task launch worker for task 40.0 in stage 0.0 (TID 40)) 22.350ms
[99.135s][info][gc          ] Allocation Stall (Executor task launch worker for task 4.0 in stage 0.0 (TID 4)) 22.968ms
[99.135s][info][gc          ] Allocation Stall (Executor task launch worker for task 42.0 in stage 0.0 (TID 42)) 22.810ms
[99.135s][info][gc          ] Allocation Stall (Executor task launch worker for task 35.0 in stage 0.0 (TID 35)) 22.881ms
[99.135s][info][gc          ] Allocation Stall (Executor task launch worker for task 23.0 in stage 0.0 (TID 23)) 22.167ms
[99.135s][info][gc          ] Allocation Stall (Executor task launch worker for task 13.0 in stage 0.0 (TID 13)) 22.249ms
[99.135s][info][gc          ] Allocation Stall (Executor task launch worker for task 18.0 in stage 0.0 (TID 18)) 23.332ms
[99.135s][info][gc          ] Allocation Stall (Executor task launch worker for task 15.0 in stage 0.0 (TID 15)) 22.709ms
[99.135s][info][gc          ] Allocation Stall (Executor task launch worker for task 22.0 in stage 0.0 (TID 22)) 22.860ms
[99.135s][info][gc          ] Allocation Stall (Executor task launch worker for task 28.0 in stage 0.0 (TID 28)) 22.166ms
[99.135s][info][gc          ] Allocation Stall (Executor task launch worker for task 39.0 in stage 0.0 (TID 39)) 23.035ms
[99.135s][info][gc          ] Allocation Stall (Executor task launch worker for task 2.0 in stage 0.0 (TID 2)) 25.291ms
[99.135s][info][gc          ] Allocation Stall (Executor task launch worker for task 34.0 in stage 0.0 (TID 34)) 23.284ms
[99.135s][info][gc          ] Allocation Stall (Executor task launch worker for task 29.0 in stage 0.0 (TID 29)) 23.533ms
[99.135s][info][gc          ] Allocation Stall (Executor task launch worker for task 37.0 in stage 0.0 (TID 37)) 25.218ms
[99.135s][info][gc          ] Allocation Stall (Executor task launch worker for task 47.0 in stage 0.0 (TID 47)) 23.993ms
[99.135s][info][gc          ] Allocation Stall (Executor task launch worker for task 5.0 in stage 0.0 (TID 5)) 23.958ms
[99.135s][info][gc          ] Allocation Stall (Executor task launch worker for task 33.0 in stage 0.0 (TID 33)) 24.113ms
[99.135s][info][gc          ] Allocation Stall (Executor task launch worker for task 16.0 in stage 0.0 (TID 16)) 23.907ms
[99.135s][info][gc          ] Allocation Stall (Executor task launch worker for task 32.0 in stage 0.0 (TID 32)) 24.013ms
[99.135s][info][gc          ] Allocation Stall (Executor task launch worker for task 26.0 in stage 0.0 (TID 26)) 22.733ms
[99.135s][info][gc          ] Allocation Stall (Executor task launch worker for task 44.0 in stage 0.0 (TID 44)) 22.599ms
[99.135s][info][gc          ] Allocation Stall (Executor task launch worker for task 27.0 in stage 0.0 (TID 27)) 24.509ms
[99.135s][info][gc          ] Allocation Stall (Executor task launch worker for task 24.0 in stage 0.0 (TID 24)) 24.064ms
[99.135s][info][gc          ] Allocation Stall (Executor task launch worker for task 14.0 in stage 0.0 (TID 14)) 24.694ms
[99.135s][info][gc          ] Allocation Stall (Executor task launch worker for task 10.0 in stage 0.0 (TID 10)) 24.597ms
[99.135s][info][gc          ] Allocation Stall (Executor task launch worker for task 11.0 in stage 0.0 (TID 11)) 24.723ms
[99.135s][info][gc          ] Allocation Stall (Executor task launch worker for task 31.0 in stage 0.0 (TID 31)) 23.835ms
[99.135s][info][gc          ] Allocation Stall (Executor task launch worker for task 9.0 in stage 0.0 (TID 9)) 25.121ms
[99.135s][info][gc          ] Allocation Stall (Executor task launch worker for task 0.0 in stage 0.0 (TID 0)) 23.013ms
[99.135s][info][gc          ] Allocation Stall (Executor task launch worker for task 7.0 in stage 0.0 (TID 7)) 23.893ms
[99.135s][info][gc          ] Allocation Stall (Executor task launch worker for task 30.0 in stage 0.0 (TID 30)) 23.934ms
[99.135s][info][gc          ] Allocation Stall (Executor task launch worker for task 21.0 in stage 0.0 (TID 21)) 24.681ms
[99.135s][info][gc          ] Allocation Stall (Executor task launch worker for task 8.0 in stage 0.0 (TID 8)) 23.191ms
[99.135s][info][gc          ] Allocation Stall (Executor task launch worker for task 1.0 in stage 0.0 (TID 1)) 24.872ms
[99.135s][info][gc          ] Allocation Stall (Executor task launch worker for task 6.0 in stage 0.0 (TID 6)) 25.004ms
[99.135s][info][gc          ] Allocation Stall (Executor task launch worker for task 25.0 in stage 0.0 (TID 25)) 25.320ms
[99.135s][info][gc          ] Allocation Stall (Executor task launch worker for task 12.0 in stage 0.0 (TID 12)) 25.162ms
[99.135s][info][gc          ] Allocation Stall (Executor task launch worker for task 19.0 in stage 0.0 (TID 19)) 25.218ms
[99.135s][info][gc          ] Allocation Stall (Executor task launch worker for task 20.0 in stage 0.0 (TID 20)) 25.217ms
[99.138s][info][gc,phases   ] GC(32) Concurrent Select Relocation Set 3.189ms
[99.138s][info][gc,phases   ] GC(32) Pause Relocate Start 0.006ms
[99.157s][info][gc          ] Allocation Stall (Executor task launch worker for task 23.0 in stage 0.0 (TID 23)) 13.028ms
[99.157s][info][gc          ] Allocation Stall (Executor task launch worker for task 9.0 in stage 0.0 (TID 9)) 13.018ms
[99.157s][info][gc          ] Allocation Stall (Executor task launch worker for task 42.0 in stage 0.0 (TID 42)) 12.988ms
[99.157s][info][gc          ] Allocation Stall (Executor task launch worker for task 24.0 in stage 0.0 (TID 24)) 12.872ms
[99.157s][info][gc          ] Allocation Stall (Executor task launch worker for task 6.0 in stage 0.0 (TID 6)) 13.133ms
[99.157s][info][gc          ] Allocation Stall (Executor task launch worker for task 43.0 in stage 0.0 (TID 43)) 13.154ms
[99.157s][info][gc          ] Allocation Stall (Executor task launch worker for task 4.0 in stage 0.0 (TID 4)) 13.171ms
[99.157s][info][gc          ] Allocation Stall (Executor task launch worker for task 41.0 in stage 0.0 (TID 41)) 13.185ms
[99.157s][info][gc          ] Allocation Stall (Executor task launch worker for task 15.0 in stage 0.0 (TID 15)) 13.202ms
[99.157s][info][gc          ] Allocation Stall (Executor task launch worker for task 37.0 in stage 0.0 (TID 37)) 13.261ms
[99.157s][info][gc          ] Allocation Stall (Executor task launch worker for task 21.0 in stage 0.0 (TID 21)) 13.229ms
[99.161s][info][gc          ] Allocation Stall (Executor task launch worker for task 35.0 in stage 0.0 (TID 35)) 15.678ms
[99.161s][info][gc          ] Allocation Stall (Executor task launch worker for task 17.0 in stage 0.0 (TID 17)) 15.723ms
[99.161s][info][gc          ] Allocation Stall (Executor task launch worker for task 28.0 in stage 0.0 (TID 28)) 15.664ms
[99.161s][info][gc          ] Allocation Stall (Executor task launch worker for task 20.0 in stage 0.0 (TID 20)) 16.686ms
[99.161s][info][gc          ] Allocation Stall (Executor task launch worker for task 30.0 in stage 0.0 (TID 30)) 16.788ms
[99.161s][info][gc          ] Allocation Stall (Executor task launch worker for task 27.0 in stage 0.0 (TID 27)) 16.785ms
[99.161s][info][gc          ] Allocation Stall (Executor task launch worker for task 1.0 in stage 0.0 (TID 1)) 16.782ms
[99.161s][info][gc          ] Allocation Stall (Executor task launch worker for task 19.0 in stage 0.0 (TID 19)) 16.737ms
[99.161s][info][gc          ] Allocation Stall (Executor task launch worker for task 8.0 in stage 0.0 (TID 8)) 16.524ms
[99.161s][info][gc          ] Allocation Stall (Executor task launch worker for task 29.0 in stage 0.0 (TID 29)) 16.420ms
[99.161s][info][gc          ] Allocation Stall (Executor task launch worker for task 36.0 in stage 0.0 (TID 36)) 16.403ms
[99.161s][info][gc          ] Allocation Stall (Executor task launch worker for task 47.0 in stage 0.0 (TID 47)) 16.367ms
[99.161s][info][gc          ] Allocation Stall (Executor task launch worker for task 22.0 in stage 0.0 (TID 22)) 16.278ms
[99.161s][info][gc          ] Allocation Stall (Executor task launch worker for task 10.0 in stage 0.0 (TID 10)) 16.327ms
[99.161s][info][gc          ] Allocation Stall (Executor task launch worker for task 3.0 in stage 0.0 (TID 3)) 16.196ms
[99.161s][info][gc          ] Allocation Stall (Executor task launch worker for task 14.0 in stage 0.0 (TID 14)) 16.202ms
[99.161s][info][gc          ] Allocation Stall (Executor task launch worker for task 45.0 in stage 0.0 (TID 45)) 16.198ms
[99.161s][info][gc          ] Allocation Stall (Executor task launch worker for task 16.0 in stage 0.0 (TID 16)) 16.176ms
[99.161s][info][gc          ] Allocation Stall (Executor task launch worker for task 31.0 in stage 0.0 (TID 31)) 16.099ms
[99.239s][info][gc          ] Relocation Stall (Executor task launch worker for task 5.0 in stage 0.0 (TID 5)) 98.699ms
[99.246s][info][gc          ] Relocation Stall (Executor task launch worker for task 13.0 in stage 0.0 (TID 13)) 105.863ms
[99.261s][info][gc          ] Relocation Stall (Executor task launch worker for task 7.0 in stage 0.0 (TID 7)) 121.296ms
[99.268s][info][gc          ] Relocation Stall (Executor task launch worker for task 32.0 in stage 0.0 (TID 32)) 126.626ms
[99.268s][info][gc          ] Relocation Stall (Executor task launch worker for task 39.0 in stage 0.0 (TID 39)) 127.967ms
[99.268s][info][gc,phases   ] GC(32) Concurrent Relocate 128.853ms
[99.268s][info][gc          ] Relocation Stall (Executor task launch worker for task 33.0 in stage 0.0 (TID 33)) 128.080ms
[99.268s][info][gc,load     ] GC(32) Load: 0.00/0.00/0.00
[99.268s][info][gc,mmu      ] GC(32) MMU: 2ms/94.2%, 5ms/97.7%, 10ms/98.8%, 20ms/99.3%, 50ms/99.7%, 100ms/99.9%
[99.268s][info][gc,marking  ] GC(32) Mark: 8 stripe(s), 2 proactive flush(es), 1 terminate flush(es), 0 completion(s), 0 continuation(s) 
[99.268s][info][gc,marking  ] GC(32) Mark Stack Usage: 32M
[99.268s][info][gc,nmethod  ] GC(32) NMethods: 2039 registered, 67 unregistered
[99.268s][info][gc,metaspace] GC(32) Metaspace: 112M used, 124M committed, 1152M reserved
[99.268s][info][gc,ref      ] GC(32) Soft: 2800 encountered, 2376 discovered, 0 enqueued
[99.268s][info][gc,ref      ] GC(32) Weak: 12965 encountered, 1763 discovered, 0 enqueued
[99.268s][info][gc,ref      ] GC(32) Final: 62 encountered, 5 discovered, 0 enqueued
[99.268s][info][gc,ref      ] GC(32) Phantom: 750 encountered, 633 discovered, 0 enqueued
[99.268s][info][gc,reloc    ] GC(32) Small Pages: 275 / 550M, Empty: 416M, Relocated: 4M, In-Place: 0
[99.268s][info][gc,reloc    ] GC(32) Medium Pages: 14 / 448M, Empty: 0M, Relocated: 51M, In-Place: 0
[99.268s][info][gc,reloc    ] GC(32) Large Pages: 0 / 0M, Empty: 0M, Relocated: 0M, In-Place: 0
[99.268s][info][gc,reloc    ] GC(32) Forwarding Usage: 0M
[99.268s][info][gc,heap     ] GC(32) Min Capacity: 8M(1%)
[99.268s][info][gc,heap     ] GC(32) Max Capacity: 1024M(100%)
[99.268s][info][gc,heap     ] GC(32) Soft Max Capacity: 1024M(100%)
[99.268s][info][gc,heap     ] GC(32)                Mark Start          Mark End        Relocate Start      Relocate End           High               Low         
[99.268s][info][gc,heap     ] GC(32)  Capacity:     1024M (100%)       1024M (100%)       1024M (100%)       1024M (100%)       1024M (100%)       1024M (100%)   
[99.268s][info][gc,heap     ] GC(32)      Free:        0M (0%)            0M (0%)          392M (38%)         304M (30%)         392M (38%)           0M (0%)     
[99.268s][info][gc,heap     ] GC(32)      Used:     1024M (100%)       1024M (100%)        632M (62%)         720M (70%)        1024M (100%)        632M (62%)    
[99.268s][info][gc,heap     ] GC(32)      Live:         -               397M (39%)         397M (39%)         397M (39%)            -                  -          
[99.268s][info][gc,heap     ] GC(32) Allocated:         -                 0M (0%)           24M (2%)          199M (19%)            -                  -          
[99.268s][info][gc,heap     ] GC(32)   Garbage:         -               626M (61%)         210M (21%)         123M (12%)            -                  -          
[99.268s][info][gc,heap     ] GC(32) Reclaimed:         -                  -               416M (41%)         503M (49%)            -                  -          
[99.268s][info][gc          ] GC(32) Garbage Collection (Allocation Stall) 1024M(100%)->720M(70%)
[99.341s][info][gc,start    ] GC(33) Garbage Collection (Allocation Stall)
[99.341s][info][gc,ref      ] GC(33) Clearing All SoftReferences
[99.341s][info][gc,task     ] GC(33) Using 10 workers
[99.357s][info][gc,ref      ] GC(33) Clearing All SoftReferences
[99.357s][info][gc,phases   ] GC(33) Pause Mark Start 0.047ms
[99.457s][info][gc          ] Allocation Stall (Executor task launch worker for task 2.0 in stage 0.0 (TID 2)) 0.054ms
[99.457s][info][gc          ] Allocation Stall (Executor task launch worker for task 31.0 in stage 0.0 (TID 31)) 0.059ms
[99.457s][info][gc          ] Allocation Stall (Executor task launch worker for task 38.0 in stage 0.0 (TID 38)) 0.062ms
[99.457s][info][gc          ] Allocation Stall (Executor task launch worker for task 28.0 in stage 0.0 (TID 28)) 0.066ms
[99.457s][info][gc          ] Allocation Stall (Executor task launch worker for task 6.0 in stage 0.0 (TID 6)) 0.077ms
[99.457s][info][gc          ] Allocation Stall (Executor task launch worker for task 15.0 in stage 0.0 (TID 15)) 0.092ms
[99.457s][info][gc          ] Allocation Stall (Executor task launch worker for task 36.0 in stage 0.0 (TID 36)) 0.125ms
[99.457s][info][gc          ] Allocation Stall (Executor task launch worker for task 19.0 in stage 0.0 (TID 19)) 0.145ms
[99.457s][info][gc          ] Allocation Stall (Executor task launch worker for task 24.0 in stage 0.0 (TID 24)) 0.145ms
[99.457s][info][gc          ] Allocation Stall (Executor task launch worker for task 20.0 in stage 0.0 (TID 20)) 0.187ms
[99.457s][info][gc          ] Allocation Stall (Executor task launch worker for task 16.0 in stage 0.0 (TID 16)) 0.212ms
[99.457s][info][gc          ] Allocation Stall (Executor task launch worker for task 37.0 in stage 0.0 (TID 37)) 0.257ms
[99.457s][info][gc          ] Allocation Stall (Executor task launch worker for task 17.0 in stage 0.0 (TID 17)) 0.325ms
[99.457s][info][gc          ] Allocation Stall (Executor task launch worker for task 33.0 in stage 0.0 (TID 33)) 0.346ms
[99.513s][info][gc,phases   ] GC(33) Concurrent Mark 140.326ms
[99.513s][info][gc,phases   ] GC(33) Pause Mark End 0.020ms
[99.514s][info][gc,phases   ] GC(33) Concurrent Mark Free 0.001ms
[99.515s][info][gc,phases   ] GC(33) Concurrent Process Non-Strong References 1.114ms
[99.515s][info][gc,phases   ] GC(33) Concurrent Reset Relocation Set 0.004ms
[99.515s][info][gc          ] Allocation Stall (Executor task launch worker for task 12.0 in stage 0.0 (TID 12)) 20.662ms
[99.515s][info][gc          ] Allocation Stall (Executor task launch worker for task 26.0 in stage 0.0 (TID 26)) 20.918ms
[99.515s][info][gc          ] Allocation Stall (Executor task launch worker for task 16.0 in stage 0.0 (TID 16)) 20.516ms
[99.515s][info][gc          ] Allocation Stall (Executor task launch worker for task 36.0 in stage 0.0 (TID 36)) 21.468ms
[99.515s][info][gc          ] Allocation Stall (Executor task launch worker for task 7.0 in stage 0.0 (TID 7)) 20.486ms
[99.515s][info][gc          ] Allocation Stall (Executor task launch worker for task 34.0 in stage 0.0 (TID 34)) 21.151ms
[99.515s][info][gc          ] Allocation Stall (Executor task launch worker for task 0.0 in stage 0.0 (TID 0)) 20.514ms
[99.515s][info][gc          ] Allocation Stall (Executor task launch worker for task 1.0 in stage 0.0 (TID 1)) 21.646ms
[99.515s][info][gc          ] Allocation Stall (Executor task launch worker for task 27.0 in stage 0.0 (TID 27)) 22.299ms
[99.515s][info][gc          ] Allocation Stall (Executor task launch worker for task 21.0 in stage 0.0 (TID 21)) 20.082ms
[99.515s][info][gc          ] Allocation Stall (Executor task launch worker for task 20.0 in stage 0.0 (TID 20)) 21.923ms
[99.515s][info][gc          ] Allocation Stall (Executor task launch worker for task 9.0 in stage 0.0 (TID 9)) 21.633ms
[99.515s][info][gc          ] Allocation Stall (Executor task launch worker for task 25.0 in stage 0.0 (TID 25)) 22.150ms
[99.515s][info][gc          ] Allocation Stall (Executor task launch worker for task 43.0 in stage 0.0 (TID 43)) 23.739ms
[99.515s][info][gc          ] Allocation Stall (Executor task launch worker for task 8.0 in stage 0.0 (TID 8)) 20.061ms
[99.515s][info][gc          ] Allocation Stall (Executor task launch worker for task 47.0 in stage 0.0 (TID 47)) 21.669ms
[99.515s][info][gc          ] Allocation Stall (Executor task launch worker for task 44.0 in stage 0.0 (TID 44)) 21.230ms
[99.515s][info][gc          ] Allocation Stall (Executor task launch worker for task 18.0 in stage 0.0 (TID 18)) 20.410ms
[99.515s][info][gc          ] Allocation Stall (Executor task launch worker for task 17.0 in stage 0.0 (TID 17)) 20.481ms
[99.515s][info][gc          ] Allocation Stall (Executor task launch worker for task 30.0 in stage 0.0 (TID 30)) 20.619ms
[99.515s][info][gc          ] Allocation Stall (Executor task launch worker for task 22.0 in stage 0.0 (TID 22)) 22.379ms
[99.515s][info][gc          ] Allocation Stall (Executor task launch worker for task 33.0 in stage 0.0 (TID 33)) 21.623ms
[99.515s][info][gc          ] Allocation Stall (Executor task launch worker for task 14.0 in stage 0.0 (TID 14)) 21.822ms
[99.515s][info][gc          ] Allocation Stall (Executor task launch worker for task 3.0 in stage 0.0 (TID 3)) 24.593ms
[99.515s][info][gc          ] Allocation Stall (Executor task launch worker for task 32.0 in stage 0.0 (TID 32)) 21.186ms
[99.515s][info][gc          ] Allocation Stall (Executor task launch worker for task 41.0 in stage 0.0 (TID 41)) 23.472ms
[99.515s][info][gc          ] Allocation Stall (Executor task launch worker for task 10.0 in stage 0.0 (TID 10)) 20.860ms
[99.515s][info][gc          ] Allocation Stall (Executor task launch worker for task 19.0 in stage 0.0 (TID 19)) 24.015ms
[99.515s][info][gc          ] Allocation Stall (Executor task launch worker for task 42.0 in stage 0.0 (TID 42)) 20.646ms
[99.515s][info][gc          ] Allocation Stall (Executor task launch worker for task 38.0 in stage 0.0 (TID 38)) 20.346ms
[99.515s][info][gc          ] Allocation Stall (Executor task launch worker for task 39.0 in stage 0.0 (TID 39)) 20.134ms
[99.515s][info][gc          ] Allocation Stall (Executor task launch worker for task 37.0 in stage 0.0 (TID 37)) 23.846ms
[99.515s][info][gc          ] Allocation Stall (Executor task launch worker for task 13.0 in stage 0.0 (TID 13)) 24.563ms
[99.515s][info][gc          ] Allocation Stall (Executor task launch worker for task 28.0 in stage 0.0 (TID 28)) 20.591ms
[99.515s][info][gc          ] Allocation Stall (Executor task launch worker for task 4.0 in stage 0.0 (TID 4)) 20.389ms
[99.515s][info][gc          ] Allocation Stall (Executor task launch worker for task 2.0 in stage 0.0 (TID 2)) 20.628ms
[99.515s][info][gc          ] Allocation Stall (Executor task launch worker for task 40.0 in stage 0.0 (TID 40)) 20.237ms
[99.515s][info][gc          ] Allocation Stall (Executor task launch worker for task 11.0 in stage 0.0 (TID 11)) 20.624ms
[99.515s][info][gc          ] Allocation Stall (Executor task launch worker for task 35.0 in stage 0.0 (TID 35)) 20.839ms
[99.515s][info][gc          ] Allocation Stall (Executor task launch worker for task 15.0 in stage 0.0 (TID 15)) 23.797ms
[99.515s][info][gc          ] Allocation Stall (Executor task launch worker for task 31.0 in stage 0.0 (TID 31)) 21.717ms
[99.515s][info][gc          ] Allocation Stall (Executor task launch worker for task 5.0 in stage 0.0 (TID 5)) 20.317ms
[99.515s][info][gc          ] Allocation Stall (Executor task launch worker for task 46.0 in stage 0.0 (TID 46)) 22.166ms
[99.515s][info][gc          ] Allocation Stall (Executor task launch worker for task 24.0 in stage 0.0 (TID 24)) 20.595ms
[99.515s][info][gc          ] Allocation Stall (Executor task launch worker for task 29.0 in stage 0.0 (TID 29)) 20.408ms
[99.515s][info][gc          ] Allocation Stall (Executor task launch worker for task 6.0 in stage 0.0 (TID 6)) 20.475ms
[99.515s][info][gc          ] Allocation Stall (Executor task launch worker for task 23.0 in stage 0.0 (TID 23)) 20.180ms
[99.515s][info][gc          ] Allocation Stall (Executor task launch worker for task 45.0 in stage 0.0 (TID 45)) 20.082ms
[99.521s][info][gc,phases   ] GC(33) Concurrent Select Relocation Set 6.377ms
[99.623s][info][gc,phases   ] GC(33) Pause Relocate Start 0.008ms
[99.635s][info][gc          ] Allocation Stall (Executor task launch worker for task 8.0 in stage 0.0 (TID 8)) 2.390ms
[99.635s][info][gc          ] Allocation Stall (Executor task launch worker for task 23.0 in stage 0.0 (TID 23)) 2.724ms
[99.635s][info][gc          ] Allocation Stall (Executor task launch worker for task 9.0 in stage 0.0 (TID 9)) 3.237ms
[99.635s][info][gc          ] Allocation Stall (Executor task launch worker for task 42.0 in stage 0.0 (TID 42)) 2.953ms
[99.635s][info][gc          ] Allocation Stall (Executor task launch worker for task 43.0 in stage 0.0 (TID 43)) 2.688ms
[99.635s][info][gc          ] Allocation Stall (Executor task launch worker for task 14.0 in stage 0.0 (TID 14)) 2.926ms
[99.635s][info][gc          ] Allocation Stall (Executor task launch worker for task 18.0 in stage 0.0 (TID 18)) 2.602ms
[99.635s][info][gc          ] Allocation Stall (Executor task launch worker for task 25.0 in stage 0.0 (TID 25)) 2.220ms
[99.635s][info][gc          ] Allocation Stall (Executor task launch worker for task 0.0 in stage 0.0 (TID 0)) 2.939ms
[99.635s][info][gc          ] Allocation Stall (Executor task launch worker for task 1.0 in stage 0.0 (TID 1)) 2.611ms
[99.635s][info][gc          ] Allocation Stall (Executor task launch worker for task 38.0 in stage 0.0 (TID 38)) 3.620ms
[99.635s][info][gc          ] Allocation Stall (Executor task launch worker for task 37.0 in stage 0.0 (TID 37)) 3.434ms
[99.635s][info][gc          ] Allocation Stall (Executor task launch worker for task 4.0 in stage 0.0 (TID 4)) 3.388ms
[99.635s][info][gc          ] Allocation Stall (Executor task launch worker for task 41.0 in stage 0.0 (TID 41)) 3.346ms
[99.635s][info][gc          ] Allocation Stall (Executor task launch worker for task 5.0 in stage 0.0 (TID 5)) 3.297ms
[99.635s][info][gc          ] Allocation Stall (Executor task launch worker for task 45.0 in stage 0.0 (TID 45)) 3.266ms
[99.635s][info][gc          ] Allocation Stall (Executor task launch worker for task 15.0 in stage 0.0 (TID 15)) 2.520ms
[99.635s][info][gc          ] Allocation Stall (Executor task launch worker for task 22.0 in stage 0.0 (TID 22)) 2.398ms
[99.635s][info][gc          ] Allocation Stall (Executor task launch worker for task 21.0 in stage 0.0 (TID 21)) 2.399ms
[99.635s][info][gc          ] Allocation Stall (Executor task launch worker for task 28.0 in stage 0.0 (TID 28)) 2.373ms
[99.635s][info][gc          ] Allocation Stall (Executor task launch worker for task 19.0 in stage 0.0 (TID 19)) 2.360ms
[99.635s][info][gc          ] Allocation Stall (Executor task launch worker for task 17.0 in stage 0.0 (TID 17)) 2.252ms
[99.635s][info][gc          ] Allocation Stall (Executor task launch worker for task 36.0 in stage 0.0 (TID 36)) 2.249ms
[99.636s][info][gc          ] Allocation Stall (Executor task launch worker for task 24.0 in stage 0.0 (TID 24)) 2.229ms
[99.636s][info][gc          ] Allocation Stall (Executor task launch worker for task 27.0 in stage 0.0 (TID 27)) 2.195ms
[99.636s][info][gc          ] Allocation Stall (Executor task launch worker for task 20.0 in stage 0.0 (TID 20)) 2.240ms
[99.636s][info][gc          ] Allocation Stall (Executor task launch worker for task 2.0 in stage 0.0 (TID 2)) 2.204ms
[99.636s][info][gc          ] Allocation Stall (Executor task launch worker for task 46.0 in stage 0.0 (TID 46)) 2.207ms
[99.636s][info][gc          ] Allocation Stall (Executor task launch worker for task 47.0 in stage 0.0 (TID 47)) 2.047ms
[99.636s][info][gc          ] Allocation Stall (Executor task launch worker for task 12.0 in stage 0.0 (TID 12)) 2.087ms
[99.638s][info][gc          ] Allocation Stall (Executor task launch worker for task 3.0 in stage 0.0 (TID 3)) 3.848ms
[99.638s][info][gc          ] Allocation Stall (Executor task launch worker for task 31.0 in stage 0.0 (TID 31)) 3.849ms
[99.638s][info][gc          ] Allocation Stall (Executor task launch worker for task 44.0 in stage 0.0 (TID 44)) 3.594ms
[99.639s][info][gc          ] Allocation Stall (Executor task launch worker for task 16.0 in stage 0.0 (TID 16)) 4.356ms
[99.639s][info][gc          ] Allocation Stall (Executor task launch worker for task 11.0 in stage 0.0 (TID 11)) 4.383ms
[99.639s][info][gc          ] Allocation Stall (Executor task launch worker for task 40.0 in stage 0.0 (TID 40)) 4.390ms
[99.640s][info][gc          ] Allocation Stall (Executor task launch worker for task 29.0 in stage 0.0 (TID 29)) 5.324ms
[99.640s][info][gc          ] Allocation Stall (Executor task launch worker for task 30.0 in stage 0.0 (TID 30)) 5.332ms
[99.640s][info][gc          ] Allocation Stall (Executor task launch worker for task 35.0 in stage 0.0 (TID 35)) 5.345ms
[99.640s][info][gc          ] Allocation Stall (Executor task launch worker for task 6.0 in stage 0.0 (TID 6)) 5.355ms
[99.662s][info][gc          ] Relocation Stall (Executor task launch worker for task 26.0 in stage 0.0 (TID 26)) 39.011ms
[99.662s][info][gc          ] Relocation Stall (Executor task launch worker for task 10.0 in stage 0.0 (TID 10)) 38.964ms
[99.662s][info][gc          ] Relocation Stall (Executor task launch worker for task 39.0 in stage 0.0 (TID 39)) 38.837ms
[99.668s][info][gc          ] Relocation Stall (Executor task launch worker for task 32.0 in stage 0.0 (TID 32)) 44.762ms
[99.668s][info][gc          ] Relocation Stall (Executor task launch worker for task 33.0 in stage 0.0 (TID 33)) 44.726ms
[99.668s][info][gc          ] Relocation Stall (Executor task launch worker for task 13.0 in stage 0.0 (TID 13)) 44.753ms
[99.668s][info][gc          ] Allocation Stall (Executor task launch worker for task 40.0 in stage 0.0 (TID 40)) 9.428ms
[99.668s][info][gc          ] Allocation Stall (Executor task launch worker for task 28.0 in stage 0.0 (TID 28)) 10.029ms
[99.668s][info][gc          ] Allocation Stall (Executor task launch worker for task 11.0 in stage 0.0 (TID 11)) 10.017ms
[99.668s][info][gc          ] Allocation Stall (Executor task launch worker for task 38.0 in stage 0.0 (TID 38)) 9.825ms
[99.668s][info][gc          ] Allocation Stall (Executor task launch worker for task 5.0 in stage 0.0 (TID 5)) 10.172ms
[99.668s][info][gc          ] Allocation Stall (Executor task launch worker for task 12.0 in stage 0.0 (TID 12)) 12.004ms
[99.668s][info][gc          ] Allocation Stall (Executor task launch worker for task 31.0 in stage 0.0 (TID 31)) 10.034ms
[99.668s][info][gc          ] Allocation Stall (Executor task launch worker for task 14.0 in stage 0.0 (TID 14)) 9.889ms
[99.668s][info][gc          ] Allocation Stall (Executor task launch worker for task 3.0 in stage 0.0 (TID 3)) 9.647ms
[99.668s][info][gc          ] Allocation Stall (Executor task launch worker for task 18.0 in stage 0.0 (TID 18)) 10.450ms
[99.668s][info][gc          ] Allocation Stall (Executor task launch worker for task 4.0 in stage 0.0 (TID 4)) 9.352ms
[99.668s][info][gc          ] Allocation Stall (Executor task launch worker for task 8.0 in stage 0.0 (TID 8)) 9.241ms
[99.668s][info][gc          ] Allocation Stall (Executor task launch worker for task 1.0 in stage 0.0 (TID 1)) 10.456ms
[99.668s][info][gc          ] Allocation Stall (Executor task launch worker for task 45.0 in stage 0.0 (TID 45)) 11.021ms
[99.668s][info][gc          ] Allocation Stall (Executor task launch worker for task 41.0 in stage 0.0 (TID 41)) 11.191ms
[99.668s][info][gc          ] Allocation Stall (Executor task launch worker for task 15.0 in stage 0.0 (TID 15)) 11.350ms
[99.668s][info][gc,phases   ] GC(33) Concurrent Relocate 44.738ms
[99.669s][info][gc,load     ] GC(33) Load: 0.00/0.00/0.00
[99.669s][info][gc,mmu      ] GC(33) MMU: 2ms/94.2%, 5ms/97.7%, 10ms/98.8%, 20ms/99.3%, 50ms/99.7%, 100ms/99.9%
[99.669s][info][gc,marking  ] GC(33) Mark: 8 stripe(s), 2 proactive flush(es), 1 terminate flush(es), 0 completion(s), 0 continuation(s) 
[99.669s][info][gc,marking  ] GC(33) Mark Stack Usage: 32M
[99.669s][info][gc,nmethod  ] GC(33) NMethods: 2046 registered, 67 unregistered
[99.669s][info][gc,metaspace] GC(33) Metaspace: 112M used, 124M committed, 1152M reserved
[99.669s][info][gc,ref      ] GC(33) Soft: 2800 encountered, 1976 discovered, 0 enqueued
[99.669s][info][gc          ] Allocation Stall (Executor task launch worker for task 44.0 in stage 0.0 (TID 44)) 9.672ms
[99.669s][info][gc,ref      ] GC(33) Weak: 12965 encountered, 1539 discovered, 0 enqueued
[99.669s][info][gc          ] Allocation Stall (Executor task launch worker for task 27.0 in stage 0.0 (TID 27)) 9.706ms
[99.669s][info][gc,ref      ] GC(33) Final: 62 encountered, 23 discovered, 0 enqueued
[99.669s][info][gc,ref      ] GC(33) Phantom: 750 encountered, 419 discovered, 0 enqueued
[99.669s][info][gc          ] Allocation Stall (Executor task launch worker for task 9.0 in stage 0.0 (TID 9)) 9.585ms
[99.669s][info][gc,reloc    ] GC(33) Small Pages: 186 / 372M, Empty: 248M, Relocated: 4M, In-Place: 1
[99.669s][info][gc          ] Allocation Stall (Executor task launch worker for task 21.0 in stage 0.0 (TID 21)) 9.531ms
[99.669s][info][gc,reloc    ] GC(33) Medium Pages: 14 / 448M, Empty: 0M, Relocated: 24M, In-Place: 1
[99.669s][info][gc          ] Allocation Stall (Executor task launch worker for task 6.0 in stage 0.0 (TID 6)) 9.516ms
[99.669s][info][gc,reloc    ] GC(33) Large Pages: 0 / 0M, Empty: 0M, Relocated: 0M, In-Place: 0
[99.669s][info][gc,reloc    ] GC(33) Forwarding Usage: 0M
[99.669s][info][gc          ] Allocation Stall (Executor task launch worker for task 42.0 in stage 0.0 (TID 42)) 9.546ms
[99.669s][info][gc,heap     ] GC(33) Min Capacity: 8M(1%)
[99.669s][info][gc,heap     ] GC(33) Max Capacity: 1024M(100%)
[99.669s][info][gc          ] Allocation Stall (Executor task launch worker for task 35.0 in stage 0.0 (TID 35)) 9.513ms
[99.669s][info][gc,heap     ] GC(33) Soft Max Capacity: 1024M(100%)
[99.669s][info][gc,heap     ] GC(33)                Mark Start          Mark End        Relocate Start      Relocate End           High               Low         
[99.669s][info][gc,heap     ] GC(33)  Capacity:     1024M (100%)       1024M (100%)       1024M (100%)       1024M (100%)       1024M (100%)       1024M (100%)   
[99.669s][info][gc,heap     ] GC(33)      Free:      204M (20%)           0M (0%)           76M (7%)            0M (0%)          232M (23%)           0M (0%)     
[99.669s][info][gc,heap     ] GC(33)      Used:      820M (80%)        1024M (100%)        948M (93%)        1024M (100%)       1024M (100%)        792M (77%)    
[99.669s][info][gc,heap     ] GC(33)      Live:         -               401M (39%)         401M (39%)         401M (39%)            -                  -          
[99.669s][info][gc,heap     ] GC(33) Allocated:         -               204M (20%)         376M (37%)         517M (51%)            -                  -          
[99.669s][info][gc,heap     ] GC(33)   Garbage:         -               418M (41%)         170M (17%)         104M (10%)            -                  -          
[99.669s][info][gc,heap     ] GC(33) Reclaimed:         -                  -               248M (24%)         313M (31%)            -                  -          
[99.669s][info][gc          ] GC(33) Garbage Collection (Allocation Stall) 820M(80%)->1024M(100%)
[99.669s][info][gc,start    ] GC(34) Garbage Collection (Allocation Stall)
[99.669s][info][gc,ref      ] GC(34) Clearing All SoftReferences
[99.669s][info][gc,task     ] GC(34) Using 10 workers
[99.670s][info][gc,ref      ] GC(34) Clearing All SoftReferences
[99.670s][info][gc,phases   ] GC(34) Pause Mark Start 0.038ms
[99.670s][info][gc          ] Allocation Stall (Executor task launch worker for task 0.0 in stage 0.0 (TID 0)) 10.497ms
[99.670s][info][gc          ] Allocation Stall (Executor task launch worker for task 30.0 in stage 0.0 (TID 30)) 10.454ms
[99.670s][info][gc          ] Allocation Stall (Executor task launch worker for task 24.0 in stage 0.0 (TID 24)) 10.463ms
[99.670s][info][gc          ] Allocation Stall (Executor task launch worker for task 37.0 in stage 0.0 (TID 37)) 10.472ms
[99.670s][info][gc          ] Allocation Stall (Executor task launch worker for task 19.0 in stage 0.0 (TID 19)) 10.407ms
[99.670s][info][gc          ] Allocation Stall (Executor task launch worker for task 47.0 in stage 0.0 (TID 47)) 10.144ms
[99.670s][info][gc          ] Allocation Stall (Executor task launch worker for task 17.0 in stage 0.0 (TID 17)) 9.946ms
[99.670s][info][gc          ] Allocation Stall (Executor task launch worker for task 23.0 in stage 0.0 (TID 23)) 10.226ms
[99.670s][info][gc          ] Allocation Stall (Executor task launch worker for task 36.0 in stage 0.0 (TID 36)) 9.977ms
[99.670s][info][gc          ] Allocation Stall (Executor task launch worker for task 25.0 in stage 0.0 (TID 25)) 10.448ms
[99.670s][info][gc          ] Allocation Stall (Executor task launch worker for task 2.0 in stage 0.0 (TID 2)) 10.152ms
[99.670s][info][gc          ] Allocation Stall (Executor task launch worker for task 7.0 in stage 0.0 (TID 7)) 10.459ms
[99.670s][info][gc          ] Allocation Stall (Executor task launch worker for task 22.0 in stage 0.0 (TID 22)) 10.199ms
[99.670s][info][gc          ] Allocation Stall (Executor task launch worker for task 20.0 in stage 0.0 (TID 20)) 10.013ms
[99.670s][info][gc          ] Allocation Stall (Executor task launch worker for task 46.0 in stage 0.0 (TID 46)) 10.038ms
[99.670s][info][gc          ] Allocation Stall (Executor task launch worker for task 29.0 in stage 0.0 (TID 29)) 10.052ms
[99.670s][info][gc          ] Allocation Stall (Executor task launch worker for task 43.0 in stage 0.0 (TID 43)) 10.118ms
[99.670s][info][gc          ] Allocation Stall (Executor task launch worker for task 34.0 in stage 0.0 (TID 34)) 9.983ms
[99.670s][info][gc          ] Allocation Stall (Executor task launch worker for task 16.0 in stage 0.0 (TID 16)) 8.056ms
[99.670s][info][gc          ] Allocation Stall (Executor task launch worker for task 10.0 in stage 0.0 (TID 10)) 7.928ms
[99.670s][info][gc          ] Allocation Stall (Executor task launch worker for task 26.0 in stage 0.0 (TID 26)) 7.886ms
[99.670s][info][gc          ] Allocation Stall (Executor task launch worker for task 39.0 in stage 0.0 (TID 39)) 7.898ms
[99.670s][info][gc          ] Allocation Stall (Executor task launch worker for task 33.0 in stage 0.0 (TID 33)) 2.245ms
[99.670s][info][gc          ] Allocation Stall (Executor task launch worker for task 13.0 in stage 0.0 (TID 13)) 2.296ms
[99.671s][info][gc          ] Allocation Stall (Executor task launch worker for task 32.0 in stage 0.0 (TID 32)) 2.296ms
[99.671s][info][gc          ] Allocation Stall (Executor task launch worker for task 38.0 in stage 0.0 (TID 38)) 0.592ms
[99.671s][info][gc          ] Allocation Stall (Executor task launch worker for task 1.0 in stage 0.0 (TID 1)) 0.631ms
[99.671s][info][gc          ] Allocation Stall (Executor task launch worker for task 27.0 in stage 0.0 (TID 27)) 0.649ms
[99.671s][info][gc          ] Allocation Stall (Executor task launch worker for task 35.0 in stage 0.0 (TID 35)) 0.702ms
[99.671s][info][gc          ] Allocation Stall (Executor task launch worker for task 42.0 in stage 0.0 (TID 42)) 0.743ms
[99.671s][info][gc          ] Allocation Stall (Executor task launch worker for task 6.0 in stage 0.0 (TID 6)) 0.846ms
[99.671s][info][gc          ] Allocation Stall (Executor task launch worker for task 41.0 in stage 0.0 (TID 41)) 0.885ms
[99.671s][info][gc          ] Allocation Stall (Executor task launch worker for task 31.0 in stage 0.0 (TID 31)) 0.874ms
[99.671s][info][gc          ] Allocation Stall (Executor task launch worker for task 11.0 in stage 0.0 (TID 11)) 0.902ms
[99.671s][info][gc          ] Allocation Stall (Executor task launch worker for task 18.0 in stage 0.0 (TID 18)) 0.940ms
[99.671s][info][gc          ] Allocation Stall (Executor task launch worker for task 14.0 in stage 0.0 (TID 14)) 0.977ms
[99.671s][info][gc          ] Allocation Stall (Executor task launch worker for task 44.0 in stage 0.0 (TID 44)) 0.902ms
[99.716s][info][gc,phases   ] GC(34) Concurrent Mark 46.329ms
[99.716s][info][gc,phases   ] GC(34) Pause Mark End 0.016ms
[99.716s][info][gc,phases   ] GC(34) Concurrent Mark Free 0.001ms
[99.717s][info][gc,phases   ] GC(34) Concurrent Process Non-Strong References 0.878ms
[99.717s][info][gc,phases   ] GC(34) Concurrent Reset Relocation Set 0.005ms
[99.718s][info][gc          ] Allocation Stall (Executor task launch worker for task 28.0 in stage 0.0 (TID 28)) 30.351ms
[99.718s][info][gc          ] Allocation Stall (Executor task launch worker for task 46.0 in stage 0.0 (TID 46)) 30.358ms
[99.718s][info][gc          ] Allocation Stall (Executor task launch worker for task 32.0 in stage 0.0 (TID 32)) 30.089ms
[99.718s][info][gc          ] Allocation Stall (Executor task launch worker for task 13.0 in stage 0.0 (TID 13)) 30.093ms
[99.718s][info][gc          ] Allocation Stall (Executor task launch worker for task 37.0 in stage 0.0 (TID 37)) 30.122ms
[99.718s][info][gc          ] Allocation Stall (Executor task launch worker for task 5.0 in stage 0.0 (TID 5)) 31.166ms
[99.718s][info][gc          ] Allocation Stall (Executor task launch worker for task 0.0 in stage 0.0 (TID 0)) 31.152ms
[99.718s][info][gc          ] Allocation Stall (Executor task launch worker for task 44.0 in stage 0.0 (TID 44)) 30.462ms
[99.718s][info][gc          ] Allocation Stall (Executor task launch worker for task 1.0 in stage 0.0 (TID 1)) 30.481ms
[99.718s][info][gc          ] Allocation Stall (Executor task launch worker for task 11.0 in stage 0.0 (TID 11)) 30.815ms
[99.718s][info][gc          ] Allocation Stall (Executor task launch worker for task 18.0 in stage 0.0 (TID 18)) 30.834ms
[99.718s][info][gc          ] Allocation Stall (Executor task launch worker for task 14.0 in stage 0.0 (TID 14)) 30.417ms
[99.718s][info][gc          ] Allocation Stall (Executor task launch worker for task 25.0 in stage 0.0 (TID 25)) 30.138ms
[99.718s][info][gc          ] Allocation Stall (Executor task launch worker for task 27.0 in stage 0.0 (TID 27)) 30.946ms
[99.718s][info][gc          ] Allocation Stall (Executor task launch worker for task 41.0 in stage 0.0 (TID 41)) 30.192ms
[99.718s][info][gc          ] Allocation Stall (Executor task launch worker for task 40.0 in stage 0.0 (TID 40)) 30.213ms
[99.718s][info][gc          ] Allocation Stall (Executor task launch worker for task 8.0 in stage 0.0 (TID 8)) 30.192ms
[99.718s][info][gc          ] Allocation Stall (Executor task launch worker for task 39.0 in stage 0.0 (TID 39)) 30.063ms
[99.718s][info][gc          ] Allocation Stall (Executor task launch worker for task 29.0 in stage 0.0 (TID 29)) 31.393ms
[99.718s][info][gc          ] Allocation Stall (Executor task launch worker for task 3.0 in stage 0.0 (TID 3)) 33.919ms
[99.718s][info][gc          ] Allocation Stall (Executor task launch worker for task 38.0 in stage 0.0 (TID 38)) 30.640ms
[99.718s][info][gc          ] Allocation Stall (Executor task launch worker for task 42.0 in stage 0.0 (TID 42)) 32.890ms
[99.718s][info][gc          ] Allocation Stall (Executor task launch worker for task 6.0 in stage 0.0 (TID 6)) 31.411ms
[99.718s][info][gc          ] Allocation Stall (Executor task launch worker for task 31.0 in stage 0.0 (TID 31)) 31.464ms
[99.718s][info][gc          ] Allocation Stall (Executor task launch worker for task 21.0 in stage 0.0 (TID 21)) 31.524ms
[99.718s][info][gc          ] Allocation Stall (Executor task launch worker for task 20.0 in stage 0.0 (TID 20)) 31.540ms
[99.718s][info][gc          ] Allocation Stall (Executor task launch worker for task 35.0 in stage 0.0 (TID 35)) 31.097ms
[99.718s][info][gc          ] Allocation Stall (Executor task launch worker for task 24.0 in stage 0.0 (TID 24)) 30.751ms
[99.718s][info][gc          ] Allocation Stall (Executor task launch worker for task 4.0 in stage 0.0 (TID 4)) 31.668ms
[99.718s][info][gc          ] Allocation Stall (Executor task launch worker for task 47.0 in stage 0.0 (TID 47)) 31.465ms
[99.718s][info][gc          ] Allocation Stall (Executor task launch worker for task 12.0 in stage 0.0 (TID 12)) 31.592ms
[99.718s][info][gc          ] Allocation Stall (Executor task launch worker for task 16.0 in stage 0.0 (TID 16)) 31.814ms
[99.718s][info][gc          ] Allocation Stall (Executor task launch worker for task 34.0 in stage 0.0 (TID 34)) 31.346ms
[99.718s][info][gc          ] Allocation Stall (Executor task launch worker for task 2.0 in stage 0.0 (TID 2)) 30.904ms
[99.718s][info][gc          ] Allocation Stall (Executor task launch worker for task 9.0 in stage 0.0 (TID 9)) 32.000ms
[99.718s][info][gc          ] Allocation Stall (Executor task launch worker for task 7.0 in stage 0.0 (TID 7)) 31.108ms
[99.718s][info][gc          ] Allocation Stall (Executor task launch worker for task 17.0 in stage 0.0 (TID 17)) 32.377ms
[99.718s][info][gc          ] Allocation Stall (Executor task launch worker for task 36.0 in stage 0.0 (TID 36)) 31.126ms
[99.718s][info][gc          ] Allocation Stall (Executor task launch worker for task 15.0 in stage 0.0 (TID 15)) 31.388ms
[99.718s][info][gc          ] Allocation Stall (Executor task launch worker for task 10.0 in stage 0.0 (TID 10)) 31.197ms
[99.718s][info][gc          ] Allocation Stall (Executor task launch worker for task 23.0 in stage 0.0 (TID 23)) 34.235ms
[99.718s][info][gc          ] Allocation Stall (Executor task launch worker for task 33.0 in stage 0.0 (TID 33)) 32.456ms
[99.718s][info][gc          ] Allocation Stall (Executor task launch worker for task 45.0 in stage 0.0 (TID 45)) 31.283ms
[99.718s][info][gc          ] Allocation Stall (Executor task launch worker for task 19.0 in stage 0.0 (TID 19)) 32.541ms
[99.718s][info][gc          ] Allocation Stall (Executor task launch worker for task 22.0 in stage 0.0 (TID 22)) 33.477ms
[99.718s][info][gc          ] Allocation Stall (Executor task launch worker for task 26.0 in stage 0.0 (TID 26)) 32.153ms
[99.718s][info][gc          ] Allocation Stall (Executor task launch worker for task 30.0 in stage 0.0 (TID 30)) 32.462ms
[99.718s][info][gc          ] Allocation Stall (Executor task launch worker for task 43.0 in stage 0.0 (TID 43)) 33.665ms
[99.721s][info][gc,phases   ] GC(34) Concurrent Select Relocation Set 3.401ms
[99.722s][info][gc,phases   ] GC(34) Pause Relocate Start 0.006ms
[99.797s][info][gc          ] Allocation Stall (Executor task launch worker for task 29.0 in stage 0.0 (TID 29)) 7.117ms
[99.797s][info][gc          ] Allocation Stall (Executor task launch worker for task 31.0 in stage 0.0 (TID 31)) 6.426ms
[99.797s][info][gc          ] Allocation Stall (Executor task launch worker for task 19.0 in stage 0.0 (TID 19)) 6.448ms
[99.797s][info][gc          ] Allocation Stall (Executor task launch worker for task 5.0 in stage 0.0 (TID 5)) 7.225ms
[99.797s][info][gc          ] Allocation Stall (Executor task launch worker for task 3.0 in stage 0.0 (TID 3)) 6.298ms
[99.797s][info][gc          ] Allocation Stall (Executor task launch worker for task 43.0 in stage 0.0 (TID 43)) 7.009ms
[99.797s][info][gc          ] Allocation Stall (Executor task launch worker for task 23.0 in stage 0.0 (TID 23)) 8.924ms
[99.797s][info][gc          ] Allocation Stall (Executor task launch worker for task 4.0 in stage 0.0 (TID 4)) 6.689ms
[99.797s][info][gc          ] Allocation Stall (Executor task launch worker for task 0.0 in stage 0.0 (TID 0)) 6.750ms
[99.797s][info][gc          ] Allocation Stall (Executor task launch worker for task 27.0 in stage 0.0 (TID 27)) 6.931ms
[99.797s][info][gc          ] Allocation Stall (Executor task launch worker for task 14.0 in stage 0.0 (TID 14)) 6.102ms
[99.797s][info][gc          ] Allocation Stall (Executor task launch worker for task 8.0 in stage 0.0 (TID 8)) 8.870ms
[99.797s][info][gc          ] Allocation Stall (Executor task launch worker for task 38.0 in stage 0.0 (TID 38)) 8.668ms
[99.797s][info][gc          ] Allocation Stall (Executor task launch worker for task 20.0 in stage 0.0 (TID 20)) 7.585ms
[99.797s][info][gc          ] Allocation Stall (Executor task launch worker for task 22.0 in stage 0.0 (TID 22)) 7.431ms
[99.797s][info][gc          ] Allocation Stall (Executor task launch worker for task 13.0 in stage 0.0 (TID 13)) 7.348ms
[99.798s][info][gc          ] Allocation Stall (Executor task launch worker for task 35.0 in stage 0.0 (TID 35)) 6.762ms
[99.798s][info][gc          ] Allocation Stall (Executor task launch worker for task 41.0 in stage 0.0 (TID 41)) 6.785ms
[99.798s][info][gc          ] Allocation Stall (Executor task launch worker for task 17.0 in stage 0.0 (TID 17)) 6.397ms
[99.798s][info][gc          ] Allocation Stall (Executor task launch worker for task 45.0 in stage 0.0 (TID 45)) 6.388ms
[99.798s][info][gc          ] Allocation Stall (Executor task launch worker for task 9.0 in stage 0.0 (TID 9)) 6.386ms
[99.798s][info][gc          ] Allocation Stall (Executor task launch worker for task 30.0 in stage 0.0 (TID 30)) 6.201ms
[99.798s][info][gc          ] Allocation Stall (Executor task launch worker for task 37.0 in stage 0.0 (TID 37)) 6.228ms
[99.798s][info][gc          ] Allocation Stall (Executor task launch worker for task 32.0 in stage 0.0 (TID 32)) 6.271ms
[99.798s][info][gc          ] Allocation Stall (Executor task launch worker for task 26.0 in stage 0.0 (TID 26)) 6.166ms
[99.798s][info][gc          ] Allocation Stall (Executor task launch worker for task 42.0 in stage 0.0 (TID 42)) 6.192ms
[99.798s][info][gc          ] Allocation Stall (Executor task launch worker for task 21.0 in stage 0.0 (TID 21)) 6.222ms
[99.798s][info][gc          ] Allocation Stall (Executor task launch worker for task 40.0 in stage 0.0 (TID 40)) 6.209ms
[99.798s][info][gc          ] Allocation Stall (Executor task launch worker for task 28.0 in stage 0.0 (TID 28)) 6.253ms
[99.798s][info][gc          ] Allocation Stall (Executor task launch worker for task 2.0 in stage 0.0 (TID 2)) 6.295ms
[99.799s][info][gc          ] Allocation Stall (Executor task launch worker for task 6.0 in stage 0.0 (TID 6)) 7.789ms
[99.800s][info][gc          ] Allocation Stall (Executor task launch worker for task 10.0 in stage 0.0 (TID 10)) 7.825ms
[99.800s][info][gc          ] Allocation Stall (Executor task launch worker for task 24.0 in stage 0.0 (TID 24)) 7.867ms
[99.800s][info][gc          ] Allocation Stall (Executor task launch worker for task 15.0 in stage 0.0 (TID 15)) 7.897ms
[99.800s][info][gc          ] Allocation Stall (Executor task launch worker for task 47.0 in stage 0.0 (TID 47)) 7.936ms
[99.800s][info][gc          ] Allocation Stall (Executor task launch worker for task 1.0 in stage 0.0 (TID 1)) 7.974ms
[99.806s][info][gc          ] Allocation Stall (Executor task launch worker for task 39.0 in stage 0.0 (TID 39)) 14.196ms
[99.806s][info][gc          ] Allocation Stall (Executor task launch worker for task 33.0 in stage 0.0 (TID 33)) 14.208ms
[99.806s][info][gc          ] Allocation Stall (Executor task launch worker for task 36.0 in stage 0.0 (TID 36)) 14.202ms
[99.806s][info][gc          ] Allocation Stall (Executor task launch worker for task 10.0 in stage 0.0 (TID 10)) 2.666ms
[99.806s][info][gc          ] Allocation Stall (Executor task launch worker for task 9.0 in stage 0.0 (TID 9)) 2.428ms
[99.806s][info][gc          ] Allocation Stall (Executor task launch worker for task 47.0 in stage 0.0 (TID 47)) 2.446ms
[99.806s][info][gc          ] Allocation Stall (Executor task launch worker for task 37.0 in stage 0.0 (TID 37)) 2.410ms
[99.806s][info][gc          ] Allocation Stall (Executor task launch worker for task 32.0 in stage 0.0 (TID 32)) 2.290ms
[99.806s][info][gc          ] Allocation Stall (Executor task launch worker for task 1.0 in stage 0.0 (TID 1)) 2.300ms
[99.806s][info][gc          ] Allocation Stall (Executor task launch worker for task 28.0 in stage 0.0 (TID 28)) 2.328ms
[99.806s][info][gc          ] Allocation Stall (Executor task launch worker for task 24.0 in stage 0.0 (TID 24)) 2.309ms
[99.806s][info][gc          ] Allocation Stall (Executor task launch worker for task 26.0 in stage 0.0 (TID 26)) 2.335ms
[99.806s][info][gc          ] Allocation Stall (Executor task launch worker for task 15.0 in stage 0.0 (TID 15)) 2.365ms
[99.806s][info][gc          ] Allocation Stall (Executor task launch worker for task 41.0 in stage 0.0 (TID 41)) 2.294ms
[99.806s][info][gc          ] Allocation Stall (Executor task launch worker for task 21.0 in stage 0.0 (TID 21)) 2.290ms
[99.806s][info][gc          ] Allocation Stall (Executor task launch worker for task 45.0 in stage 0.0 (TID 45)) 2.328ms
[99.806s][info][gc          ] Allocation Stall (Executor task launch worker for task 40.0 in stage 0.0 (TID 40)) 2.352ms
[99.807s][info][gc          ] Allocation Stall (Executor task launch worker for task 29.0 in stage 0.0 (TID 29)) 2.254ms
[99.807s][info][gc          ] Allocation Stall (Executor task launch worker for task 31.0 in stage 0.0 (TID 31)) 2.172ms
[99.807s][info][gc          ] Allocation Stall (Executor task launch worker for task 6.0 in stage 0.0 (TID 6)) 2.117ms
[99.807s][info][gc          ] Allocation Stall (Executor task launch worker for task 2.0 in stage 0.0 (TID 2)) 1.398ms
[99.808s][info][gc          ] Allocation Stall (Executor task launch worker for task 42.0 in stage 0.0 (TID 42)) 2.716ms
[99.808s][info][gc          ] Allocation Stall (Executor task launch worker for task 3.0 in stage 0.0 (TID 3)) 2.671ms
[99.808s][info][gc          ] Allocation Stall (Executor task launch worker for task 35.0 in stage 0.0 (TID 35)) 2.700ms
[99.808s][info][gc          ] Allocation Stall (Executor task launch worker for task 17.0 in stage 0.0 (TID 17)) 2.713ms
[99.808s][info][gc          ] Allocation Stall (Executor task launch worker for task 30.0 in stage 0.0 (TID 30)) 2.650ms
[99.808s][info][gc          ] Allocation Stall (Executor task launch worker for task 0.0 in stage 0.0 (TID 0)) 2.598ms
[99.822s][info][gc          ] Allocation Stall (Executor task launch worker for task 41.0 in stage 0.0 (TID 41)) 1.108ms
[99.822s][info][gc          ] Allocation Stall (Executor task launch worker for task 28.0 in stage 0.0 (TID 28)) 1.118ms
[99.832s][info][gc          ] Allocation Stall (Executor task launch worker for task 43.0 in stage 0.0 (TID 43)) 3.979ms
[99.832s][info][gc          ] Allocation Stall (Executor task launch worker for task 4.0 in stage 0.0 (TID 4)) 4.016ms
[99.832s][info][gc          ] Allocation Stall (Executor task launch worker for task 23.0 in stage 0.0 (TID 23)) 3.845ms
[99.832s][info][gc          ] Allocation Stall (Executor task launch worker for task 42.0 in stage 0.0 (TID 42)) 3.477ms
[99.832s][info][gc          ] Allocation Stall (Executor task launch worker for task 39.0 in stage 0.0 (TID 39)) 3.506ms
[99.832s][info][gc          ] Allocation Stall (Executor task launch worker for task 31.0 in stage 0.0 (TID 31)) 3.436ms
[99.832s][info][gc          ] Allocation Stall (Executor task launch worker for task 29.0 in stage 0.0 (TID 29)) 3.318ms
[99.832s][info][gc          ] Allocation Stall (Executor task launch worker for task 6.0 in stage 0.0 (TID 6)) 3.123ms
[99.832s][info][gc          ] Allocation Stall (Executor task launch worker for task 20.0 in stage 0.0 (TID 20)) 3.160ms
[99.832s][info][gc          ] Allocation Stall (Executor task launch worker for task 36.0 in stage 0.0 (TID 36)) 2.835ms
[99.832s][info][gc          ] Allocation Stall (Executor task launch worker for task 24.0 in stage 0.0 (TID 24)) 2.279ms
[99.832s][info][gc          ] Allocation Stall (Executor task launch worker for task 38.0 in stage 0.0 (TID 38)) 2.206ms
[99.833s][info][gc          ] Allocation Stall (Executor task launch worker for task 33.0 in stage 0.0 (TID 33)) 2.968ms
[99.833s][info][gc          ] Allocation Stall (Executor task launch worker for task 14.0 in stage 0.0 (TID 14)) 2.928ms
[99.838s][info][gc          ] Allocation Stall (Executor task launch worker for task 12.0 in stage 0.0 (TID 12)) 7.634ms
[99.838s][info][gc          ] Allocation Stall (Executor task launch worker for task 28.0 in stage 0.0 (TID 28)) 7.554ms
[99.839s][info][gc          ] Allocation Stall (Executor task launch worker for task 13.0 in stage 0.0 (TID 13)) 8.317ms
[99.839s][info][gc          ] Allocation Stall (Executor task launch worker for task 21.0 in stage 0.0 (TID 21)) 8.325ms
[99.839s][info][gc          ] Allocation Stall (Executor task launch worker for task 32.0 in stage 0.0 (TID 32)) 8.287ms
[99.839s][info][gc          ] Allocation Stall (Executor task launch worker for task 22.0 in stage 0.0 (TID 22)) 8.252ms
[99.839s][info][gc          ] Allocation Stall (Executor task launch worker for task 8.0 in stage 0.0 (TID 8)) 8.233ms
[99.839s][info][gc          ] Allocation Stall (Executor task launch worker for task 41.0 in stage 0.0 (TID 41)) 8.239ms
[99.839s][info][gc          ] Allocation Stall (Executor task launch worker for task 10.0 in stage 0.0 (TID 10)) 8.163ms
[99.839s][info][gc          ] Allocation Stall (Executor task launch worker for task 19.0 in stage 0.0 (TID 19)) 8.130ms
[99.896s][info][gc,phases   ] GC(34) Concurrent Relocate 173.487ms
[99.896s][info][gc,load     ] GC(34) Load: 0.00/0.00/0.00
[99.896s][info][gc,mmu      ] GC(34) MMU: 2ms/94.2%, 5ms/97.7%, 10ms/98.8%, 20ms/99.3%, 50ms/99.7%, 100ms/99.9%
[99.896s][info][gc,marking  ] GC(34) Mark: 8 stripe(s), 2 proactive flush(es), 1 terminate flush(es), 0 completion(s), 0 continuation(s) 
[99.896s][info][gc,marking  ] GC(34) Mark Stack Usage: 32M
[99.896s][info][gc,nmethod  ] GC(34) NMethods: 2048 registered, 67 unregistered
[99.896s][info][gc,metaspace] GC(34) Metaspace: 112M used, 124M committed, 1152M reserved
[99.896s][info][gc,ref      ] GC(34) Soft: 2800 encountered, 1964 discovered, 0 enqueued
[99.896s][info][gc,ref      ] GC(34) Weak: 12965 encountered, 1494 discovered, 0 enqueued
[99.896s][info][gc,ref      ] GC(34) Final: 62 encountered, 3 discovered, 0 enqueued
[99.896s][info][gc,ref      ] GC(34) Phantom: 750 encountered, 532 discovered, 0 enqueued
[99.896s][info][gc,reloc    ] GC(34) Small Pages: 275 / 550M, Empty: 404M, Relocated: 4M, In-Place: 0
[99.896s][info][gc,reloc    ] GC(34) Medium Pages: 14 / 448M, Empty: 0M, Relocated: 24M, In-Place: 0
[99.896s][info][gc,reloc    ] GC(34) Large Pages: 0 / 0M, Empty: 0M, Relocated: 0M, In-Place: 0
[99.896s][info][gc,reloc    ] GC(34) Forwarding Usage: 0M
[99.896s][info][gc,heap     ] GC(34) Min Capacity: 8M(1%)
[99.896s][info][gc,heap     ] GC(34) Max Capacity: 1024M(100%)
[99.896s][info][gc,heap     ] GC(34) Soft Max Capacity: 1024M(100%)
[99.896s][info][gc,heap     ] GC(34)                Mark Start          Mark End        Relocate Start      Relocate End           High               Low         
[99.896s][info][gc,heap     ] GC(34)  Capacity:     1024M (100%)       1024M (100%)       1024M (100%)       1024M (100%)       1024M (100%)       1024M (100%)   
[99.896s][info][gc,heap     ] GC(34)      Free:        0M (0%)            0M (0%)          380M (37%)         136M (13%)         388M (38%)           0M (0%)     
[99.896s][info][gc,heap     ] GC(34)      Used:     1024M (100%)       1024M (100%)        644M (63%)         888M (87%)        1024M (100%)        636M (62%)    
[99.896s][info][gc,heap     ] GC(34)      Live:         -               403M (39%)         403M (39%)         403M (39%)            -                  -          
[99.897s][info][gc,heap     ] GC(34) Allocated:         -                 0M (0%)           24M (2%)          337M (33%)            -                  -          
[99.897s][info][gc,heap     ] GC(34)   Garbage:         -               620M (61%)         216M (21%)         146M (14%)            -                  -          
[99.897s][info][gc,heap     ] GC(34) Reclaimed:         -                  -               404M (39%)         473M (46%)            -                  -          
[99.897s][info][gc          ] GC(34) Garbage Collection (Allocation Stall) 1024M(100%)->888M(87%)
[99.941s][info][gc,start    ] GC(35) Garbage Collection (Allocation Stall)
[99.942s][info][gc,ref      ] GC(35) Clearing All SoftReferences
[99.942s][info][gc,task     ] GC(35) Using 10 workers
[99.943s][info][gc,ref      ] GC(35) Clearing All SoftReferences
[99.943s][info][gc,phases   ] GC(35) Pause Mark Start 0.042ms
[99.968s][info][gc          ] Allocation Stall (Executor task launch worker for task 1.0 in stage 0.0 (TID 1)) 0.078ms
[99.969s][info][gc          ] Allocation Stall (Executor task launch worker for task 20.0 in stage 0.0 (TID 20)) 0.081ms
[99.969s][info][gc          ] Allocation Stall (Executor task launch worker for task 3.0 in stage 0.0 (TID 3)) 0.085ms
[99.969s][info][gc          ] Allocation Stall (Executor task launch worker for task 30.0 in stage 0.0 (TID 30)) 0.090ms
[99.969s][info][gc          ] Allocation Stall (Executor task launch worker for task 17.0 in stage 0.0 (TID 17)) 0.096ms
[99.969s][info][gc          ] Allocation Stall (Executor task launch worker for task 27.0 in stage 0.0 (TID 27)) 0.099ms
[99.969s][info][gc          ] Allocation Stall (Executor task launch worker for task 29.0 in stage 0.0 (TID 29)) 0.097ms
[99.969s][info][gc          ] Allocation Stall (Executor task launch worker for task 6.0 in stage 0.0 (TID 6)) 0.129ms
[99.969s][info][gc          ] Allocation Stall (Executor task launch worker for task 34.0 in stage 0.0 (TID 34)) 0.153ms
[99.969s][info][gc          ] Allocation Stall (Executor task launch worker for task 42.0 in stage 0.0 (TID 42)) 0.184ms
[99.969s][info][gc          ] Allocation Stall (Executor task launch worker for task 41.0 in stage 0.0 (TID 41)) 0.222ms
[99.969s][info][gc          ] Allocation Stall (Executor task launch worker for task 47.0 in stage 0.0 (TID 47)) 0.290ms
[99.969s][info][gc          ] Allocation Stall (Executor task launch worker for task 24.0 in stage 0.0 (TID 24)) 0.323ms
[99.969s][info][gc          ] Allocation Stall (Executor task launch worker for task 0.0 in stage 0.0 (TID 0)) 0.356ms
[100.004s][info][gc,phases   ] GC(35) Concurrent Mark 46.834ms
[100.004s][info][gc,phases   ] GC(35) Pause Mark End 0.019ms
[100.004s][info][gc,phases   ] GC(35) Concurrent Mark Free 0.001ms
[100.005s][info][gc,phases   ] GC(35) Concurrent Process Non-Strong References 0.975ms
[100.005s][info][gc,phases   ] GC(35) Concurrent Reset Relocation Set 0.004ms
[100.005s][info][gc          ] Allocation Stall (Executor task launch worker for task 22.0 in stage 0.0 (TID 22)) 17.421ms
[100.005s][info][gc          ] Allocation Stall (Executor task launch worker for task 37.0 in stage 0.0 (TID 37)) 18.194ms
[100.005s][info][gc          ] Allocation Stall (Executor task launch worker for task 17.0 in stage 0.0 (TID 17)) 17.369ms
[100.005s][info][gc          ] Allocation Stall (Executor task launch worker for task 25.0 in stage 0.0 (TID 25)) 17.618ms
[100.005s][info][gc          ] Allocation Stall (Executor task launch worker for task 9.0 in stage 0.0 (TID 9)) 17.551ms
[100.005s][info][gc          ] Allocation Stall (Executor task launch worker for task 28.0 in stage 0.0 (TID 28)) 19.294ms
[100.005s][info][gc          ] Allocation Stall (Executor task launch worker for task 30.0 in stage 0.0 (TID 30)) 21.550ms
[100.005s][info][gc          ] Allocation Stall (Executor task launch worker for task 41.0 in stage 0.0 (TID 41)) 17.393ms
[100.005s][info][gc          ] Allocation Stall (Executor task launch worker for task 2.0 in stage 0.0 (TID 2)) 18.315ms
[100.005s][info][gc          ] Allocation Stall (Executor task launch worker for task 14.0 in stage 0.0 (TID 14)) 17.841ms
[100.005s][info][gc          ] Allocation Stall (Executor task launch worker for task 15.0 in stage 0.0 (TID 15)) 17.573ms
[100.005s][info][gc          ] Allocation Stall (Executor task launch worker for task 27.0 in stage 0.0 (TID 27)) 17.396ms
[100.005s][info][gc          ] Allocation Stall (Executor task launch worker for task 42.0 in stage 0.0 (TID 42)) 16.889ms
[100.005s][info][gc          ] Allocation Stall (Executor task launch worker for task 31.0 in stage 0.0 (TID 31)) 17.409ms
[100.005s][info][gc          ] Allocation Stall (Executor task launch worker for task 24.0 in stage 0.0 (TID 24)) 16.944ms
[100.005s][info][gc          ] Allocation Stall (Executor task launch worker for task 46.0 in stage 0.0 (TID 46)) 18.329ms
[100.005s][info][gc          ] Allocation Stall (Executor task launch worker for task 8.0 in stage 0.0 (TID 8)) 17.869ms
[100.005s][info][gc          ] Allocation Stall (Executor task launch worker for task 40.0 in stage 0.0 (TID 40)) 18.650ms
[100.005s][info][gc          ] Allocation Stall (Executor task launch worker for task 12.0 in stage 0.0 (TID 12)) 20.109ms
[100.005s][info][gc          ] Allocation Stall (Executor task launch worker for task 3.0 in stage 0.0 (TID 3)) 21.538ms
[100.005s][info][gc          ] Allocation Stall (Executor task launch worker for task 39.0 in stage 0.0 (TID 39)) 16.917ms
[100.005s][info][gc          ] Allocation Stall (Executor task launch worker for task 13.0 in stage 0.0 (TID 13)) 20.284ms
[100.005s][info][gc          ] Allocation Stall (Executor task launch worker for task 29.0 in stage 0.0 (TID 29)) 17.937ms
[100.005s][info][gc          ] Allocation Stall (Executor task launch worker for task 1.0 in stage 0.0 (TID 1)) 21.399ms
[100.005s][info][gc          ] Allocation Stall (Executor task launch worker for task 32.0 in stage 0.0 (TID 32)) 20.201ms
[100.005s][info][gc          ] Allocation Stall (Executor task launch worker for task 7.0 in stage 0.0 (TID 7)) 17.790ms
[100.005s][info][gc          ] Allocation Stall (Executor task launch worker for task 34.0 in stage 0.0 (TID 34)) 17.195ms
[100.005s][info][gc          ] Allocation Stall (Executor task launch worker for task 20.0 in stage 0.0 (TID 20)) 21.542ms
[100.005s][info][gc          ] Allocation Stall (Executor task launch worker for task 23.0 in stage 0.0 (TID 23)) 18.027ms
[100.005s][info][gc          ] Allocation Stall (Executor task launch worker for task 16.0 in stage 0.0 (TID 16)) 19.452ms
[100.005s][info][gc          ] Allocation Stall (Executor task launch worker for task 21.0 in stage 0.0 (TID 21)) 17.490ms
[100.005s][info][gc          ] Allocation Stall (Executor task launch worker for task 26.0 in stage 0.0 (TID 26)) 20.243ms
[100.005s][info][gc          ] Allocation Stall (Executor task launch worker for task 33.0 in stage 0.0 (TID 33)) 17.290ms
[100.005s][info][gc          ] Allocation Stall (Executor task launch worker for task 45.0 in stage 0.0 (TID 45)) 17.483ms
[100.005s][info][gc          ] Allocation Stall (Executor task launch worker for task 38.0 in stage 0.0 (TID 38)) 18.640ms
[100.005s][info][gc          ] Allocation Stall (Executor task launch worker for task 4.0 in stage 0.0 (TID 4)) 18.316ms
[100.005s][info][gc          ] Allocation Stall (Executor task launch worker for task 36.0 in stage 0.0 (TID 36)) 17.559ms
[100.005s][info][gc          ] Allocation Stall (Executor task launch worker for task 47.0 in stage 0.0 (TID 47)) 21.392ms
[100.005s][info][gc          ] Allocation Stall (Executor task launch worker for task 18.0 in stage 0.0 (TID 18)) 16.960ms
[100.005s][info][gc          ] Allocation Stall (Executor task launch worker for task 43.0 in stage 0.0 (TID 43)) 19.406ms
[100.005s][info][gc          ] Allocation Stall (Executor task launch worker for task 10.0 in stage 0.0 (TID 10)) 17.603ms
[100.005s][info][gc          ] Allocation Stall (Executor task launch worker for task 5.0 in stage 0.0 (TID 5)) 20.089ms
[100.005s][info][gc          ] Allocation Stall (Executor task launch worker for task 35.0 in stage 0.0 (TID 35)) 17.446ms
[100.005s][info][gc          ] Allocation Stall (Executor task launch worker for task 6.0 in stage 0.0 (TID 6)) 21.550ms
[100.005s][info][gc          ] Allocation Stall (Executor task launch worker for task 11.0 in stage 0.0 (TID 11)) 20.201ms
[100.005s][info][gc          ] Allocation Stall (Executor task launch worker for task 0.0 in stage 0.0 (TID 0)) 21.460ms
[100.005s][info][gc          ] Allocation Stall (Executor task launch worker for task 44.0 in stage 0.0 (TID 44)) 21.433ms
[100.005s][info][gc          ] Allocation Stall (Executor task launch worker for task 19.0 in stage 0.0 (TID 19)) 17.595ms
[100.009s][info][gc,phases   ] GC(35) Concurrent Select Relocation Set 3.587ms
[100.028s][info][gc,phases   ] GC(35) Pause Relocate Start 0.006ms
[100.054s][info][gc          ] Allocation Stall (Executor task launch worker for task 14.0 in stage 0.0 (TID 14)) 16.547ms
[100.054s][info][gc          ] Allocation Stall (Executor task launch worker for task 6.0 in stage 0.0 (TID 6)) 17.582ms
[100.054s][info][gc          ] Allocation Stall (Executor task launch worker for task 30.0 in stage 0.0 (TID 30)) 17.633ms
[100.054s][info][gc          ] Allocation Stall (Executor task launch worker for task 4.0 in stage 0.0 (TID 4)) 17.659ms
[100.054s][info][gc          ] Allocation Stall (Executor task launch worker for task 1.0 in stage 0.0 (TID 1)) 16.423ms
[100.054s][info][gc          ] Allocation Stall (Executor task launch worker for task 20.0 in stage 0.0 (TID 20)) 17.349ms
[100.054s][info][gc          ] Allocation Stall (Executor task launch worker for task 8.0 in stage 0.0 (TID 8)) 17.529ms
[100.054s][info][gc          ] Allocation Stall (Executor task launch worker for task 3.0 in stage 0.0 (TID 3)) 17.448ms
[100.054s][info][gc          ] Allocation Stall (Executor task launch worker for task 24.0 in stage 0.0 (TID 24)) 17.673ms
[100.054s][info][gc          ] Allocation Stall (Executor task launch worker for task 43.0 in stage 0.0 (TID 43)) 17.725ms
[100.054s][info][gc          ] Allocation Stall (Executor task launch worker for task 25.0 in stage 0.0 (TID 25)) 16.347ms
[100.054s][info][gc          ] Allocation Stall (Executor task launch worker for task 22.0 in stage 0.0 (TID 22)) 17.679ms
[100.054s][info][gc          ] Allocation Stall (Executor task launch worker for task 35.0 in stage 0.0 (TID 35)) 17.675ms
[100.054s][info][gc          ] Allocation Stall (Executor task launch worker for task 28.0 in stage 0.0 (TID 28)) 17.693ms
[100.054s][info][gc          ] Allocation Stall (Executor task launch worker for task 42.0 in stage 0.0 (TID 42)) 17.699ms
[100.054s][info][gc          ] Allocation Stall (Executor task launch worker for task 37.0 in stage 0.0 (TID 37)) 17.699ms
[100.054s][info][gc          ] Allocation Stall (Executor task launch worker for task 29.0 in stage 0.0 (TID 29)) 16.111ms
[100.054s][info][gc          ] Allocation Stall (Executor task launch worker for task 21.0 in stage 0.0 (TID 21)) 16.046ms
[100.054s][info][gc          ] Allocation Stall (Executor task launch worker for task 47.0 in stage 0.0 (TID 47)) 16.216ms
[100.054s][info][gc          ] Allocation Stall (Executor task launch worker for task 31.0 in stage 0.0 (TID 31)) 16.007ms
[100.054s][info][gc          ] Allocation Stall (Executor task launch worker for task 41.0 in stage 0.0 (TID 41)) 16.228ms
[100.054s][info][gc          ] Allocation Stall (Executor task launch worker for task 9.0 in stage 0.0 (TID 9)) 16.440ms
[100.054s][info][gc          ] Allocation Stall (Executor task launch worker for task 15.0 in stage 0.0 (TID 15)) 16.234ms
[100.054s][info][gc          ] Allocation Stall (Executor task launch worker for task 36.0 in stage 0.0 (TID 36)) 16.188ms
[100.054s][info][gc          ] Allocation Stall (Executor task launch worker for task 19.0 in stage 0.0 (TID 19)) 16.027ms
[100.054s][info][gc          ] Allocation Stall (Executor task launch worker for task 45.0 in stage 0.0 (TID 45)) 16.049ms
[100.054s][info][gc          ] Allocation Stall (Executor task launch worker for task 27.0 in stage 0.0 (TID 27)) 16.394ms
[100.054s][info][gc          ] Allocation Stall (Executor task launch worker for task 17.0 in stage 0.0 (TID 17)) 16.368ms
[100.054s][info][gc          ] Allocation Stall (Executor task launch worker for task 18.0 in stage 0.0 (TID 18)) 16.389ms
[100.129s][info][gc,stats    ] === Garbage Collection Statistics =======================================================================================================================
[100.129s][info][gc,stats    ]                                                              Last 10s              Last 10m              Last 10h                Total
[100.129s][info][gc,stats    ]                                                              Avg / Max             Avg / Max             Avg / Max             Avg / Max
[100.129s][info][gc,stats    ]   Collector: Garbage Collection Cycle                    255.232 / 784.236     226.098 / 784.236     226.098 / 784.236     226.098 / 784.236     ms
[100.129s][info][gc,stats    ]  Contention: Mark Segment Reset Contention                    25 / 54                2 / 54                2 / 54                2 / 54          ops/s
[100.129s][info][gc,stats    ]  Contention: Mark SeqNum Reset Contention                      2 / 5                 0 / 5                 0 / 5                 0 / 5           ops/s
[100.129s][info][gc,stats    ]    Critical: Allocation Stall                                357 / 626              35 / 626              35 / 626              35 / 626         ops/s
[100.129s][info][gc,stats    ]    Critical: Allocation Stall                             16.429 / 95.371       16.429 / 95.371       16.429 / 95.371       16.429 / 95.371      ms
[100.129s][info][gc,stats    ]    Critical: GC Locker Stall                                   0 / 1                 0 / 1                 0 / 1                 0 / 1           ops/s
[100.129s][info][gc,stats    ]    Critical: GC Locker Stall                               0.001 / 0.001         0.001 / 0.001         0.001 / 0.001         0.001 / 0.001       ms
[100.129s][info][gc,stats    ]    Critical: Relocation Stall                                  2 / 12                0 / 12                0 / 12                0 / 12          ops/s
[100.129s][info][gc,stats    ]    Critical: Relocation Stall                             83.374 / 132.842      83.374 / 132.842      83.374 / 132.842      83.374 / 132.842     ms
[100.129s][info][gc,stats    ]      Memory: Allocation Rate                                4152 / 7682            423 / 7682            423 / 7682            423 / 7682        MB/s
[100.129s][info][gc,stats    ]      Memory: Defragment                                      246 / 415              24 / 415              24 / 415              24 / 415         ops/s
[100.129s][info][gc,stats    ]      Memory: Out Of Memory                                     0 / 0                 0 / 0                 0 / 0                 0 / 0           ops/s
[100.129s][info][gc,stats    ]      Memory: Page Cache Flush                               1072 / 1878            107 / 1878            107 / 1878            107 / 1878        MB/s
[100.129s][info][gc,stats    ]      Memory: Page Cache Hit L1                              1504 / 3430            153 / 3430            153 / 3430            153 / 3430        ops/s
[100.129s][info][gc,stats    ]      Memory: Page Cache Hit L2                                 0 / 0                 0 / 0                 0 / 0                 0 / 0           ops/s
[100.129s][info][gc,stats    ]      Memory: Page Cache Hit L3                               269 / 406              28 / 406              28 / 406              28 / 406         ops/s
[100.129s][info][gc,stats    ]      Memory: Page Cache Miss                                  20 / 37                2 / 37                2 / 37                2 / 37          ops/s
[100.129s][info][gc,stats    ]      Memory: Uncommit                                          0 / 0                 0 / 0                 0 / 0                 0 / 0           MB/s
[100.129s][info][gc,stats    ]      Memory: Undo Object Allocation Failed                    44 / 107               4 / 107               4 / 107               4 / 107         ops/s
[100.129s][info][gc,stats    ]      Memory: Undo Object Allocation Succeeded                  5 / 12                0 / 12                0 / 12                0 / 12          ops/s
[100.129s][info][gc,stats    ]      Memory: Undo Page Allocation                            946 / 2044             94 / 2044             94 / 2044             94 / 2044        ops/s
[100.129s][info][gc,stats    ]       Phase: Concurrent Mark                              80.235 / 319.905      73.356 / 319.905      73.356 / 319.905      73.356 / 319.905     ms
[100.129s][info][gc,stats    ]       Phase: Concurrent Mark Continue                      0.000 / 0.000         0.000 / 0.000         0.000 / 0.000         0.000 / 0.000       ms
[100.130s][info][gc,stats    ]       Phase: Concurrent Mark Free                          0.001 / 0.001         0.001 / 0.001         0.001 / 0.001         0.001 / 0.001       ms
[100.130s][info][gc,stats    ]       Phase: Concurrent Process Non-Strong References     15.232 / 339.579      13.902 / 339.579      13.902 / 339.579      13.902 / 339.579     ms
[100.130s][info][gc,stats    ]       Phase: Concurrent Relocate                         113.567 / 283.991      98.074 / 283.991      98.074 / 283.991      98.074 / 283.991     ms
[100.130s][info][gc,stats    ]       Phase: Concurrent Reset Relocation Set               0.009 / 0.049         0.009 / 0.049         0.009 / 0.049         0.009 / 0.049       ms
[100.130s][info][gc,stats    ]       Phase: Concurrent Select Relocation Set              9.810 / 67.103        9.629 / 67.103        9.629 / 67.103        9.629 / 67.103      ms
[100.130s][info][gc,stats    ]       Phase: Pause Mark End                                0.021 / 0.034         0.024 / 0.116         0.024 / 0.116         0.024 / 0.116       ms
[100.130s][info][gc,stats    ]       Phase: Pause Mark Start                              0.043 / 0.074         0.039 / 0.074         0.039 / 0.074         0.039 / 0.074       ms
[100.130s][info][gc,stats    ]       Phase: Pause Relocate Start                          0.008 / 0.011         0.008 / 0.017         0.008 / 0.017         0.008 / 0.017       ms
[100.130s][info][gc,stats    ]    Subphase: Concurrent Classes Purge                      2.571 / 42.129        2.396 / 42.129        2.396 / 42.129        2.396 / 42.129      ms
[100.130s][info][gc,stats    ]    Subphase: Concurrent Classes Unlink                    11.430 / 277.723       9.978 / 277.723       9.978 / 277.723       9.978 / 277.723     ms
[100.130s][info][gc,stats    ]    Subphase: Concurrent Mark                              41.011 / 255.102      38.800 / 255.102      38.800 / 255.102      38.800 / 255.102     ms
[100.130s][info][gc,stats    ]    Subphase: Concurrent Mark Try Flush                     5.252 / 97.067        4.617 / 97.067        4.617 / 97.067        4.617 / 97.067      ms
[100.130s][info][gc,stats    ]    Subphase: Concurrent Mark Try Terminate                11.372 / 31.236       11.108 / 31.236       11.108 / 31.236       11.108 / 31.236      ms
[100.130s][info][gc,stats    ]    Subphase: Concurrent References Enqueue                 0.001 / 0.004         0.002 / 0.004         0.002 / 0.004         0.002 / 0.004       ms
[100.130s][info][gc,stats    ]    Subphase: Concurrent References Process                 0.360 / 5.651         0.328 / 5.651         0.328 / 5.651         0.328 / 5.651       ms
[100.130s][info][gc,stats    ]    Subphase: Concurrent Roots ClassLoaderDataGraph         0.130 / 1.572         0.126 / 1.572         0.126 / 1.572         0.126 / 1.572       ms
[100.130s][info][gc,stats    ]    Subphase: Concurrent Roots CodeCache                    0.000 / 0.000         0.000 / 0.000         0.000 / 0.000         0.000 / 0.000       ms
[100.130s][info][gc,stats    ]    Subphase: Concurrent Roots JavaThreads                 29.292 / 189.253      25.745 / 189.253      25.745 / 189.253      25.745 / 189.253     ms
[100.130s][info][gc,stats    ]    Subphase: Concurrent Roots OopStorageSet                0.034 / 0.834         0.035 / 0.834         0.035 / 0.834         0.035 / 0.834       ms
[100.130s][info][gc,stats    ]    Subphase: Concurrent Weak Roots OopStorageSet           0.311 / 6.696         0.307 / 6.696         0.307 / 6.696         0.307 / 6.696       ms
[100.130s][info][gc,stats    ]    Subphase: Pause Mark Try Complete                       0.000 / 0.000         0.009 / 0.069         0.009 / 0.069         0.009 / 0.069       ms
[100.130s][info][gc,stats    ]      System: Java Threads                                    156 / 163             146 / 163             146 / 163             146 / 163         threads
[100.130s][info][gc,stats    ] =========================================================================================================================================================
[100.135s][info][gc          ] Relocation Stall (Executor task launch worker for task 16.0 in stage 0.0 (TID 16)) 105.832ms
[100.190s][info][gc          ] Relocation Stall (Executor task launch worker for task 0.0 in stage 0.0 (TID 0)) 161.334ms
[100.190s][info][gc          ] Relocation Stall (Executor task launch worker for task 5.0 in stage 0.0 (TID 5)) 161.443ms
[100.190s][info][gc          ] Relocation Stall (Executor task launch worker for task 40.0 in stage 0.0 (TID 40)) 161.463ms
[100.251s][info][gc          ] Allocation Stall (Executor task launch worker for task 41.0 in stage 0.0 (TID 41)) 0.483ms
[100.251s][info][gc          ] Allocation Stall (Executor task launch worker for task 7.0 in stage 0.0 (TID 7)) 0.519ms
[100.251s][info][gc          ] Allocation Stall (Executor task launch worker for task 47.0 in stage 0.0 (TID 47)) 0.561ms
[100.251s][info][gc          ] Allocation Stall (Executor task launch worker for task 19.0 in stage 0.0 (TID 19)) 0.591ms
[100.251s][info][gc          ] Allocation Stall (Executor task launch worker for task 45.0 in stage 0.0 (TID 45)) 0.623ms
[100.251s][info][gc          ] Allocation Stall (Executor task launch worker for task 38.0 in stage 0.0 (TID 38)) 0.653ms
[100.251s][info][gc          ] Allocation Stall (Executor task launch worker for task 8.0 in stage 0.0 (TID 8)) 0.690ms
[100.251s][info][gc          ] Allocation Stall (Executor task launch worker for task 14.0 in stage 0.0 (TID 14)) 0.757ms
[100.251s][info][gc          ] Allocation Stall (Executor task launch worker for task 9.0 in stage 0.0 (TID 9)) 0.794ms
[100.251s][info][gc          ] Allocation Stall (Executor task launch worker for task 35.0 in stage 0.0 (TID 35)) 0.826ms
[100.251s][info][gc          ] Allocation Stall (Executor task launch worker for task 46.0 in stage 0.0 (TID 46)) 0.866ms
[100.251s][info][gc          ] Allocation Stall (Executor task launch worker for task 1.0 in stage 0.0 (TID 1)) 0.899ms
[100.251s][info][gc          ] Allocation Stall (Executor task launch worker for task 21.0 in stage 0.0 (TID 21)) 0.872ms
[100.251s][info][gc          ] Allocation Stall (Executor task launch worker for task 11.0 in stage 0.0 (TID 11)) 0.911ms
[100.252s][info][gc          ] Allocation Stall (Executor task launch worker for task 36.0 in stage 0.0 (TID 36)) 1.198ms
[100.252s][info][gc          ] Allocation Stall (Executor task launch worker for task 0.0 in stage 0.0 (TID 0)) 1.237ms
[100.252s][info][gc          ] Allocation Stall (Executor task launch worker for task 23.0 in stage 0.0 (TID 23)) 1.277ms
[100.252s][info][gc          ] Allocation Stall (Executor task launch worker for task 27.0 in stage 0.0 (TID 27)) 1.258ms
[100.252s][info][gc          ] Allocation Stall (Executor task launch worker for task 4.0 in stage 0.0 (TID 4)) 1.151ms
[100.287s][info][gc          ] Relocation Stall (Executor task launch worker for task 33.0 in stage 0.0 (TID 33)) 258.363ms
[100.287s][info][gc          ] Relocation Stall (Executor task launch worker for task 39.0 in stage 0.0 (TID 39)) 258.393ms
[100.287s][info][gc          ] Relocation Stall (Executor task launch worker for task 32.0 in stage 0.0 (TID 32)) 258.521ms
[100.287s][info][gc          ] Relocation Stall (Executor task launch worker for task 13.0 in stage 0.0 (TID 13)) 258.575ms
[100.287s][info][gc          ] Relocation Stall (Executor task launch worker for task 10.0 in stage 0.0 (TID 10)) 258.640ms
[100.287s][info][gc          ] Allocation Stall (Executor task launch worker for task 27.0 in stage 0.0 (TID 27)) 7.531ms
[100.287s][info][gc          ] Allocation Stall (Executor task launch worker for task 22.0 in stage 0.0 (TID 22)) 3.737ms
[100.287s][info][gc          ] Allocation Stall (Executor task launch worker for task 1.0 in stage 0.0 (TID 1)) 4.608ms
[100.287s][info][gc          ] Allocation Stall (Executor task launch worker for task 12.0 in stage 0.0 (TID 12)) 4.693ms
[100.287s][info][gc          ] Allocation Stall (Executor task launch worker for task 38.0 in stage 0.0 (TID 38)) 3.884ms
[100.287s][info][gc          ] Allocation Stall (Executor task launch worker for task 35.0 in stage 0.0 (TID 35)) 16.756ms
[100.287s][info][gc          ] Allocation Stall (Executor task launch worker for task 36.0 in stage 0.0 (TID 36)) 16.906ms
[100.287s][info][gc          ] Allocation Stall (Executor task launch worker for task 47.0 in stage 0.0 (TID 47)) 3.501ms
[100.287s][info][gc          ] Allocation Stall (Executor task launch worker for task 44.0 in stage 0.0 (TID 44)) 3.653ms
[100.287s][info][gc          ] Allocation Stall (Executor task launch worker for task 41.0 in stage 0.0 (TID 41)) 23.201ms
[100.287s][info][gc,phases   ] GC(35) Concurrent Relocate 259.006ms
[100.288s][info][gc          ] Allocation Stall (Executor task launch worker for task 5.0 in stage 0.0 (TID 5)) 3.783ms
[100.366s][info][gc          ] Allocation Stall (Executor task launch worker for task 21.0 in stage 0.0 (TID 21)) 81.370ms
[100.366s][info][gc          ] Allocation Stall (Executor task launch worker for task 19.0 in stage 0.0 (TID 19)) 81.448ms
[100.366s][info][gc,load     ] GC(35) Load: 0.00/0.00/0.00
[100.366s][info][gc          ] Allocation Stall (Executor task launch worker for task 45.0 in stage 0.0 (TID 45)) 81.340ms
[100.366s][info][gc          ] Allocation Stall (Executor task launch worker for task 6.0 in stage 0.0 (TID 6)) 81.379ms
[100.366s][info][gc          ] Allocation Stall (Executor task launch worker for task 0.0 in stage 0.0 (TID 0)) 81.126ms
[100.366s][info][gc,mmu      ] GC(35) MMU: 2ms/94.2%, 5ms/97.7%, 10ms/98.8%, 20ms/99.3%, 50ms/99.7%, 100ms/99.9%
[100.366s][info][gc          ] Allocation Stall (Executor task launch worker for task 11.0 in stage 0.0 (TID 11)) 80.903ms
[100.366s][info][gc          ] Allocation Stall (Executor task launch worker for task 29.0 in stage 0.0 (TID 29)) 81.193ms
[100.366s][info][gc          ] Allocation Stall (Executor task launch worker for task 20.0 in stage 0.0 (TID 20)) 81.003ms
[100.366s][info][gc,marking  ] GC(35) Mark: 8 stripe(s), 2 proactive flush(es), 1 terminate flush(es), 0 completion(s), 0 continuation(s) 
[100.366s][info][gc          ] Allocation Stall (Executor task launch worker for task 15.0 in stage 0.0 (TID 15)) 81.047ms
[100.366s][info][gc          ] Allocation Stall (Executor task launch worker for task 46.0 in stage 0.0 (TID 46)) 80.930ms
[100.366s][info][gc          ] Allocation Stall (Executor task launch worker for task 9.0 in stage 0.0 (TID 9)) 80.905ms
[100.367s][info][gc,marking  ] GC(35) Mark Stack Usage: 32M
[100.367s][info][gc          ] Allocation Stall (Executor task launch worker for task 31.0 in stage 0.0 (TID 31)) 81.012ms
[100.367s][info][gc          ] Allocation Stall (Executor task launch worker for task 34.0 in stage 0.0 (TID 34)) 81.016ms
[100.367s][info][gc          ] Allocation Stall (Executor task launch worker for task 40.0 in stage 0.0 (TID 40)) 80.984ms
[100.367s][info][gc,nmethod  ] GC(35) NMethods: 2048 registered, 67 unregistered
[100.367s][info][gc          ] Allocation Stall (Executor task launch worker for task 26.0 in stage 0.0 (TID 26)) 81.082ms
[100.367s][info][gc          ] Allocation Stall (Executor task launch worker for task 7.0 in stage 0.0 (TID 7)) 81.008ms
[100.367s][info][gc          ] Allocation Stall (Executor task launch worker for task 14.0 in stage 0.0 (TID 14)) 81.111ms
[100.367s][info][gc,metaspace] GC(35) Metaspace: 112M used, 124M committed, 1152M reserved
[100.367s][info][gc          ] Allocation Stall (Executor task launch worker for task 4.0 in stage 0.0 (TID 4)) 81.187ms
[100.367s][info][gc          ] Allocation Stall (Executor task launch worker for task 42.0 in stage 0.0 (TID 42)) 81.242ms
[100.367s][info][gc          ] Allocation Stall (Executor task launch worker for task 23.0 in stage 0.0 (TID 23)) 81.290ms
[100.367s][info][gc,ref      ] GC(35) Soft: 2800 encountered, 2385 discovered, 0 enqueued
[100.367s][info][gc          ] Allocation Stall (Executor task launch worker for task 18.0 in stage 0.0 (TID 18)) 81.372ms
[100.368s][info][gc          ] Allocation Stall (Executor task launch worker for task 43.0 in stage 0.0 (TID 43)) 81.415ms
[100.368s][info][gc,ref      ] GC(35) Weak: 12965 encountered, 1425 discovered, 0 enqueued
[100.368s][info][gc          ] Allocation Stall (Executor task launch worker for task 3.0 in stage 0.0 (TID 3)) 81.535ms
[100.368s][info][gc          ] Allocation Stall (Executor task launch worker for task 28.0 in stage 0.0 (TID 28)) 81.578ms
[100.368s][info][gc,ref      ] GC(35) Final: 62 encountered, 4 discovered, 0 enqueued
[100.368s][info][gc          ] Allocation Stall (Executor task launch worker for task 8.0 in stage 0.0 (TID 8)) 81.613ms
[100.368s][info][gc          ] Allocation Stall (Executor task launch worker for task 2.0 in stage 0.0 (TID 2)) 81.661ms
[100.368s][info][gc,ref      ] GC(35) Phantom: 750 encountered, 536 discovered, 0 enqueued
[100.368s][info][gc          ] Allocation Stall (Executor task launch worker for task 37.0 in stage 0.0 (TID 37)) 81.695ms
[100.368s][info][gc          ] Allocation Stall (Executor task launch worker for task 24.0 in stage 0.0 (TID 24)) 81.735ms
[100.368s][info][gc,reloc    ] GC(35) Small Pages: 243 / 486M, Empty: 348M, Relocated: 4M, In-Place: 0
[100.368s][info][gc          ] Allocation Stall (Executor task launch worker for task 16.0 in stage 0.0 (TID 16)) 81.875ms
[100.368s][info][gc,reloc    ] GC(35) Medium Pages: 14 / 448M, Empty: 0M, Relocated: 54M, In-Place: 0
[100.368s][info][gc          ] Allocation Stall (Executor task launch worker for task 30.0 in stage 0.0 (TID 30)) 81.945ms
[100.368s][info][gc,reloc    ] GC(35) Large Pages: 2 / 16M, Empty: 0M, Relocated: 0M, In-Place: 0
[100.368s][info][gc          ] Allocation Stall (Executor task launch worker for task 25.0 in stage 0.0 (TID 25)) 82.069ms
[100.368s][info][gc,reloc    ] GC(35) Forwarding Usage: 0M
[100.369s][info][gc          ] Allocation Stall (Executor task launch worker for task 33.0 in stage 0.0 (TID 33)) 81.272ms
[100.369s][info][gc,heap     ] GC(35) Min Capacity: 8M(1%)
[100.369s][info][gc          ] Allocation Stall (Executor task launch worker for task 32.0 in stage 0.0 (TID 32)) 81.254ms
[100.369s][info][gc          ] Allocation Stall (Executor task launch worker for task 39.0 in stage 0.0 (TID 39)) 81.303ms
[100.369s][info][gc,heap     ] GC(35) Max Capacity: 1024M(100%)
[100.369s][info][gc          ] Allocation Stall (Executor task launch worker for task 10.0 in stage 0.0 (TID 10)) 81.396ms
[100.369s][info][gc,heap     ] GC(35) Soft Max Capacity: 1024M(100%)
[100.369s][info][gc          ] Allocation Stall (Executor task launch worker for task 13.0 in stage 0.0 (TID 13)) 81.414ms
[100.369s][info][gc,heap     ] GC(35)                Mark Start          Mark End        Relocate Start      Relocate End           High               Low         
[100.369s][info][gc          ] Allocation Stall (Executor task launch worker for task 27.0 in stage 0.0 (TID 27)) 79.984ms
[100.369s][info][gc,heap     ] GC(35)  Capacity:     1024M (100%)       1024M (100%)       1024M (100%)       1024M (100%)       1024M (100%)       1024M (100%)   
[100.369s][info][gc          ] Allocation Stall (Executor task launch worker for task 22.0 in stage 0.0 (TID 22)) 79.859ms
[100.369s][info][gc,heap     ] GC(35)      Free:       74M (7%)            0M (0%)          288M (28%)           0M (0%)          334M (33%)           0M (0%)     
[100.369s][info][gc          ] Allocation Stall (Executor task launch worker for task 1.0 in stage 0.0 (TID 1)) 79.922ms
[100.369s][info][gc,heap     ] GC(35)      Used:      950M (93%)        1024M (100%)        736M (72%)        1024M (100%)       1024M (100%)        690M (67%)    
[100.370s][info][gc,heap     ] GC(35)      Live:         -               413M (40%)         413M (40%)         413M (40%)            -                  -          
[100.370s][info][gc,heap     ] GC(35) Allocated:         -                74M (7%)          134M (13%)         516M (50%)            -                  -          
[100.370s][info][gc,heap     ] GC(35)   Garbage:         -               536M (52%)         188M (18%)          94M (9%)             -                  -          
[100.370s][info][gc,heap     ] GC(35) Reclaimed:         -                  -               348M (34%)         442M (43%)            -                  -          
[100.370s][info][gc          ] GC(35) Garbage Collection (Allocation Stall) 950M(93%)->1024M(100%)
[100.370s][info][gc          ] Allocation Stall (Executor task launch worker for task 17.0 in stage 0.0 (TID 17)) 78.305ms
[100.370s][info][gc,start    ] GC(36) Garbage Collection (Allocation Stall)
[100.370s][info][gc,ref      ] GC(36) Clearing All SoftReferences
[100.370s][info][gc,task     ] GC(36) Using 10 workers
[100.371s][info][gc,ref      ] GC(36) Clearing All SoftReferences
[100.371s][info][gc,phases   ] GC(36) Pause Mark Start 0.066ms
[100.410s][info][gc,phases   ] GC(36) Concurrent Mark 39.283ms
[100.410s][info][gc,phases   ] GC(36) Pause Mark End 0.017ms
[100.410s][info][gc,phases   ] GC(36) Concurrent Mark Free 0.001ms
[100.412s][info][gc,phases   ] GC(36) Concurrent Process Non-Strong References 1.146ms
[100.412s][info][gc,phases   ] GC(36) Concurrent Reset Relocation Set 0.007ms
[100.412s][info][gc          ] Allocation Stall (Executor task launch worker for task 21.0 in stage 0.0 (TID 21)) 40.843ms
[100.412s][info][gc          ] Allocation Stall (Executor task launch worker for task 14.0 in stage 0.0 (TID 14)) 40.844ms
[100.412s][info][gc          ] Allocation Stall (Executor task launch worker for task 10.0 in stage 0.0 (TID 10)) 40.783ms
[100.412s][info][gc          ] Allocation Stall (Executor task launch worker for task 2.0 in stage 0.0 (TID 2)) 40.765ms
[100.412s][info][gc          ] Allocation Stall (Executor task launch worker for task 41.0 in stage 0.0 (TID 41)) 40.867ms
[100.412s][info][gc          ] Allocation Stall (Executor task launch worker for task 29.0 in stage 0.0 (TID 29)) 40.828ms
[100.412s][info][gc          ] Allocation Stall (Spark Context Cleaner) 1.662ms
[100.412s][info][gc          ] Allocation Stall (Executor task launch worker for task 37.0 in stage 0.0 (TID 37)) 40.852ms
[100.412s][info][gc          ] Allocation Stall (Executor task launch worker for task 23.0 in stage 0.0 (TID 23)) 40.879ms
[100.412s][info][gc          ] Allocation Stall (Executor task launch worker for task 15.0 in stage 0.0 (TID 15)) 40.783ms
[100.412s][info][gc          ] Allocation Stall (Executor task launch worker for task 18.0 in stage 0.0 (TID 18)) 40.907ms
[100.412s][info][gc          ] Allocation Stall (Executor task launch worker for task 9.0 in stage 0.0 (TID 9)) 40.889ms
[100.412s][info][gc          ] Allocation Stall (Executor task launch worker for task 13.0 in stage 0.0 (TID 13)) 40.892ms
[100.412s][info][gc          ] Allocation Stall (Executor task launch worker for task 5.0 in stage 0.0 (TID 5)) 41.001ms
[100.412s][info][gc          ] Allocation Stall (Executor task launch worker for task 7.0 in stage 0.0 (TID 7)) 40.793ms
[100.412s][info][gc          ] Allocation Stall (Executor task launch worker for task 32.0 in stage 0.0 (TID 32)) 40.765ms
[100.412s][info][gc          ] Allocation Stall (Executor task launch worker for task 43.0 in stage 0.0 (TID 43)) 40.901ms
[100.412s][info][gc          ] Allocation Stall (Executor task launch worker for task 28.0 in stage 0.0 (TID 28)) 40.776ms
[100.412s][info][gc          ] Allocation Stall (Executor task launch worker for task 25.0 in stage 0.0 (TID 25)) 40.920ms
[100.412s][info][gc          ] Allocation Stall (Executor task launch worker for task 40.0 in stage 0.0 (TID 40)) 40.928ms
[100.412s][info][gc          ] Allocation Stall (Executor task launch worker for task 3.0 in stage 0.0 (TID 3)) 40.941ms
[100.412s][info][gc          ] Allocation Stall (Executor task launch worker for task 33.0 in stage 0.0 (TID 33)) 40.932ms
[100.412s][info][gc          ] Allocation Stall (Executor task launch worker for task 34.0 in stage 0.0 (TID 34)) 40.916ms
[100.412s][info][gc          ] Allocation Stall (Executor task launch worker for task 35.0 in stage 0.0 (TID 35)) 40.953ms
[100.412s][info][gc          ] Allocation Stall (Executor task launch worker for task 44.0 in stage 0.0 (TID 44)) 40.801ms
[100.412s][info][gc          ] Allocation Stall (Executor task launch worker for task 39.0 in stage 0.0 (TID 39)) 40.822ms
[100.412s][info][gc          ] Allocation Stall (Executor task launch worker for task 42.0 in stage 0.0 (TID 42)) 40.942ms
[100.412s][info][gc          ] Allocation Stall (Executor task launch worker for task 38.0 in stage 0.0 (TID 38)) 40.980ms
[100.412s][info][gc          ] Allocation Stall (Executor task launch worker for task 11.0 in stage 0.0 (TID 11)) 40.982ms
[100.412s][info][gc          ] Allocation Stall (Executor task launch worker for task 26.0 in stage 0.0 (TID 26)) 40.986ms
[100.412s][info][gc          ] Allocation Stall (Executor task launch worker for task 47.0 in stage 0.0 (TID 47)) 40.974ms
[100.412s][info][gc          ] Allocation Stall (Executor task launch worker for task 30.0 in stage 0.0 (TID 30)) 41.071ms
[100.412s][info][gc          ] Allocation Stall (Executor task launch worker for task 12.0 in stage 0.0 (TID 12)) 43.817ms
[100.412s][info][gc          ] Allocation Stall (Executor task launch worker for task 22.0 in stage 0.0 (TID 22)) 40.829ms
[100.412s][info][gc          ] Allocation Stall (Executor task launch worker for task 31.0 in stage 0.0 (TID 31)) 40.940ms
[100.412s][info][gc          ] Allocation Stall (Executor task launch worker for task 27.0 in stage 0.0 (TID 27)) 40.954ms
[100.412s][info][gc          ] Allocation Stall (Executor task launch worker for task 24.0 in stage 0.0 (TID 24)) 41.009ms
[100.412s][info][gc          ] Allocation Stall (Executor task launch worker for task 17.0 in stage 0.0 (TID 17)) 41.068ms
[100.412s][info][gc          ] Allocation Stall (Executor task launch worker for task 16.0 in stage 0.0 (TID 16)) 41.005ms
[100.412s][info][gc          ] Allocation Stall (Executor task launch worker for task 45.0 in stage 0.0 (TID 45)) 41.019ms
[100.412s][info][gc          ] Allocation Stall (Executor task launch worker for task 36.0 in stage 0.0 (TID 36)) 40.969ms
[100.412s][info][gc          ] Allocation Stall (Executor task launch worker for task 19.0 in stage 0.0 (TID 19)) 41.056ms
[100.412s][info][gc          ] Allocation Stall (Executor task launch worker for task 20.0 in stage 0.0 (TID 20)) 40.848ms
[100.412s][info][gc          ] Allocation Stall (Executor task launch worker for task 4.0 in stage 0.0 (TID 4)) 41.007ms
[100.412s][info][gc          ] Allocation Stall (Executor task launch worker for task 0.0 in stage 0.0 (TID 0)) 41.014ms
[100.412s][info][gc          ] Allocation Stall (Executor task launch worker for task 46.0 in stage 0.0 (TID 46)) 40.960ms
[100.412s][info][gc          ] Allocation Stall (Executor task launch worker for task 6.0 in stage 0.0 (TID 6)) 40.860ms
[100.412s][info][gc          ] Allocation Stall (Executor task launch worker for task 8.0 in stage 0.0 (TID 8)) 40.888ms
[100.412s][info][gc          ] Allocation Stall (Executor task launch worker for task 1.0 in stage 0.0 (TID 1)) 40.857ms
[100.421s][info][gc,phases   ] GC(36) Concurrent Select Relocation Set 9.675ms
[100.426s][info][gc,phases   ] GC(36) Pause Relocate Start 0.006ms
[100.462s][info][gc          ] Allocation Stall (Executor task launch worker for task 38.0 in stage 0.0 (TID 38)) 14.528ms
[100.462s][info][gc          ] Allocation Stall (Executor task launch worker for task 8.0 in stage 0.0 (TID 8)) 14.533ms
[100.462s][info][gc          ] Allocation Stall (Executor task launch worker for task 4.0 in stage 0.0 (TID 4)) 17.445ms
[100.462s][info][gc          ] Allocation Stall (Executor task launch worker for task 12.0 in stage 0.0 (TID 12)) 17.445ms
[100.462s][info][gc          ] Allocation Stall (Executor task launch worker for task 24.0 in stage 0.0 (TID 24)) 17.402ms
[100.462s][info][gc          ] Allocation Stall (Executor task launch worker for task 10.0 in stage 0.0 (TID 10)) 17.476ms
[100.462s][info][gc          ] Allocation Stall (Executor task launch worker for task 7.0 in stage 0.0 (TID 7)) 17.436ms
[100.462s][info][gc          ] Allocation Stall (Executor task launch worker for task 23.0 in stage 0.0 (TID 23)) 17.327ms
[100.462s][info][gc          ] Allocation Stall (Executor task launch worker for task 0.0 in stage 0.0 (TID 0)) 17.375ms
[100.462s][info][gc          ] Allocation Stall (Executor task launch worker for task 6.0 in stage 0.0 (TID 6)) 17.109ms
[100.462s][info][gc          ] Allocation Stall (Executor task launch worker for task 20.0 in stage 0.0 (TID 20)) 17.102ms
[100.462s][info][gc          ] Allocation Stall (Executor task launch worker for task 5.0 in stage 0.0 (TID 5)) 17.076ms
[100.462s][info][gc          ] Allocation Stall (Executor task launch worker for task 35.0 in stage 0.0 (TID 35)) 16.890ms
[100.462s][info][gc          ] Allocation Stall (Executor task launch worker for task 17.0 in stage 0.0 (TID 17)) 17.070ms
[100.462s][info][gc          ] Allocation Stall (Executor task launch worker for task 37.0 in stage 0.0 (TID 37)) 14.644ms
[100.462s][info][gc          ] Allocation Stall (Executor task launch worker for task 43.0 in stage 0.0 (TID 43)) 17.123ms
[100.470s][info][gc          ] Allocation Stall (Executor task launch worker for task 29.0 in stage 0.0 (TID 29)) 21.625ms
[100.470s][info][gc          ] Allocation Stall (Executor task launch worker for task 27.0 in stage 0.0 (TID 27)) 21.594ms
[100.471s][info][gc          ] Allocation Stall (Executor task launch worker for task 3.0 in stage 0.0 (TID 3)) 8.150ms
[100.471s][info][gc          ] Allocation Stall (Executor task launch worker for task 22.0 in stage 0.0 (TID 22)) 23.330ms
[100.471s][info][gc          ] Allocation Stall (Executor task launch worker for task 45.0 in stage 0.0 (TID 45)) 23.278ms
[100.471s][info][gc          ] Allocation Stall (Executor task launch worker for task 41.0 in stage 0.0 (TID 41)) 23.215ms
[100.471s][info][gc          ] Allocation Stall (Executor task launch worker for task 30.0 in stage 0.0 (TID 30)) 23.090ms
[100.471s][info][gc          ] Allocation Stall (Executor task launch worker for task 16.0 in stage 0.0 (TID 16)) 23.023ms
[100.471s][info][gc          ] Allocation Stall (Executor task launch worker for task 19.0 in stage 0.0 (TID 19)) 23.009ms
[100.471s][info][gc          ] Allocation Stall (Executor task launch worker for task 15.0 in stage 0.0 (TID 15)) 22.980ms
[100.471s][info][gc          ] Allocation Stall (Executor task launch worker for task 42.0 in stage 0.0 (TID 42)) 22.970ms
[100.471s][info][gc          ] Allocation Stall (Executor task launch worker for task 39.0 in stage 0.0 (TID 39)) 22.928ms
[100.471s][info][gc          ] Allocation Stall (Executor task launch worker for task 28.0 in stage 0.0 (TID 28)) 22.909ms
[100.471s][info][gc          ] Allocation Stall (Executor task launch worker for task 9.0 in stage 0.0 (TID 9)) 22.904ms
[100.471s][info][gc          ] Allocation Stall (Executor task launch worker for task 18.0 in stage 0.0 (TID 18)) 22.902ms
[100.471s][info][gc          ] Allocation Stall (Executor task launch worker for task 1.0 in stage 0.0 (TID 1)) 22.842ms
[100.471s][info][gc          ] Allocation Stall (Executor task launch worker for task 25.0 in stage 0.0 (TID 25)) 22.762ms
[100.471s][info][gc          ] Allocation Stall (Executor task launch worker for task 44.0 in stage 0.0 (TID 44)) 22.676ms
[100.471s][info][gc          ] Allocation Stall (Executor task launch worker for task 26.0 in stage 0.0 (TID 26)) 22.686ms
[100.471s][info][gc          ] Allocation Stall (Executor task launch worker for task 31.0 in stage 0.0 (TID 31)) 22.704ms
[100.471s][info][gc          ] Allocation Stall (Executor task launch worker for task 47.0 in stage 0.0 (TID 47)) 12.088ms
[100.526s][info][gc,phases   ] GC(36) Concurrent Relocate 99.373ms
[100.526s][info][gc,load     ] GC(36) Load: 0.00/0.00/0.00
[100.526s][info][gc,mmu      ] GC(36) MMU: 2ms/94.2%, 5ms/97.7%, 10ms/98.8%, 20ms/99.3%, 50ms/99.7%, 100ms/99.9%
[100.527s][info][gc,marking  ] GC(36) Mark: 8 stripe(s), 2 proactive flush(es), 1 terminate flush(es), 0 completion(s), 0 continuation(s) 
[100.527s][info][gc,marking  ] GC(36) Mark Stack Usage: 32M
[100.527s][info][gc,nmethod  ] GC(36) NMethods: 2050 registered, 67 unregistered
[100.527s][info][gc,metaspace] GC(36) Metaspace: 112M used, 124M committed, 1152M reserved
[100.527s][info][gc,ref      ] GC(36) Soft: 2800 encountered, 2378 discovered, 0 enqueued
[100.527s][info][gc,ref      ] GC(36) Weak: 12965 encountered, 3265 discovered, 2 enqueued
[100.527s][info][gc,ref      ] GC(36) Final: 62 encountered, 3 discovered, 0 enqueued
[100.527s][info][gc,ref      ] GC(36) Phantom: 750 encountered, 468 discovered, 0 enqueued
[100.527s][info][gc,reloc    ] GC(36) Small Pages: 260 / 520M, Empty: 370M, Relocated: 5M, In-Place: 0
[100.527s][info][gc,reloc    ] GC(36) Medium Pages: 13 / 416M, Empty: 0M, Relocated: 24M, In-Place: 0
[100.527s][info][gc,reloc    ] GC(36) Large Pages: 11 / 88M, Empty: 0M, Relocated: 0M, In-Place: 0
[100.527s][info][gc,reloc    ] GC(36) Forwarding Usage: 0M
[100.527s][info][gc,heap     ] GC(36) Min Capacity: 8M(1%)
[100.527s][info][gc,heap     ] GC(36) Max Capacity: 1024M(100%)
[100.527s][info][gc,heap     ] GC(36) Soft Max Capacity: 1024M(100%)
[100.527s][info][gc,heap     ] GC(36)                Mark Start          Mark End        Relocate Start      Relocate End           High               Low         
[100.527s][info][gc,heap     ] GC(36)  Capacity:     1024M (100%)       1024M (100%)       1024M (100%)       1024M (100%)       1024M (100%)       1024M (100%)   
[100.527s][info][gc,heap     ] GC(36)      Free:        0M (0%)            0M (0%)          320M (31%)         216M (21%)         350M (34%)           0M (0%)     
[100.527s][info][gc,heap     ] GC(36)      Used:     1024M (100%)       1024M (100%)        704M (69%)         808M (79%)        1024M (100%)        674M (66%)    
[100.527s][info][gc,heap     ] GC(36)      Live:         -               457M (45%)         457M (45%)         457M (45%)            -                  -          
[100.527s][info][gc,heap     ] GC(36) Allocated:         -                 0M (0%)           50M (5%)          228M (22%)            -                  -          
[100.527s][info][gc,heap     ] GC(36)   Garbage:         -               566M (55%)         196M (19%)         122M (12%)            -                  -          
[100.527s][info][gc,heap     ] GC(36) Reclaimed:         -                  -               370M (36%)         444M (43%)            -                  -          
[100.527s][info][gc          ] GC(36) Garbage Collection (Allocation Stall) 1024M(100%)->808M(79%)
[100.537s][info][gc,start    ] GC(37) Garbage Collection (Allocation Stall)
[100.537s][info][gc,ref      ] GC(37) Clearing All SoftReferences
[100.537s][info][gc,task     ] GC(37) Using 10 workers
[100.553s][info][gc,ref      ] GC(37) Clearing All SoftReferences
[100.553s][info][gc,phases   ] GC(37) Pause Mark Start 0.047ms
[100.651s][info][gc          ] Allocation Stall (Executor task launch worker for task 8.0 in stage 0.0 (TID 8)) 0.048ms
[100.651s][info][gc          ] Allocation Stall (Executor task launch worker for task 26.0 in stage 0.0 (TID 26)) 0.057ms
[100.651s][info][gc          ] Allocation Stall (Executor task launch worker for task 28.0 in stage 0.0 (TID 28)) 0.072ms
[100.651s][info][gc          ] Allocation Stall (Executor task launch worker for task 10.0 in stage 0.0 (TID 10)) 0.084ms
[100.651s][info][gc          ] Allocation Stall (Executor task launch worker for task 41.0 in stage 0.0 (TID 41)) 0.086ms
[100.651s][info][gc          ] Allocation Stall (Executor task launch worker for task 29.0 in stage 0.0 (TID 29)) 0.088ms
[100.651s][info][gc          ] Allocation Stall (Executor task launch worker for task 43.0 in stage 0.0 (TID 43)) 0.094ms
[100.651s][info][gc          ] Allocation Stall (Executor task launch worker for task 19.0 in stage 0.0 (TID 19)) 0.096ms
[100.651s][info][gc          ] Allocation Stall (Executor task launch worker for task 33.0 in stage 0.0 (TID 33)) 0.102ms
[100.651s][info][gc          ] Allocation Stall (Executor task launch worker for task 21.0 in stage 0.0 (TID 21)) 0.106ms
[100.651s][info][gc          ] Allocation Stall (Executor task launch worker for task 11.0 in stage 0.0 (TID 11)) 0.105ms
[100.651s][info][gc          ] Allocation Stall (Executor task launch worker for task 2.0 in stage 0.0 (TID 2)) 0.115ms
[100.651s][info][gc          ] Allocation Stall (Executor task launch worker for task 13.0 in stage 0.0 (TID 13)) 0.153ms
[100.651s][info][gc          ] Allocation Stall (Executor task launch worker for task 3.0 in stage 0.0 (TID 3)) 0.190ms
[100.651s][info][gc          ] Allocation Stall (Executor task launch worker for task 22.0 in stage 0.0 (TID 22)) 0.205ms
[100.651s][info][gc          ] Allocation Stall (Executor task launch worker for task 5.0 in stage 0.0 (TID 5)) 0.218ms
[100.709s][info][gc,phases   ] GC(37) Concurrent Mark 136.909ms
[100.709s][info][gc,phases   ] GC(37) Pause Mark End 0.030ms
[100.709s][info][gc,phases   ] GC(37) Concurrent Mark Free 0.001ms
[100.711s][info][gc,phases   ] GC(37) Concurrent Process Non-Strong References 1.466ms
[100.711s][info][gc,phases   ] GC(37) Concurrent Reset Relocation Set 0.006ms
[100.711s][info][gc          ] Allocation Stall (Executor task launch worker for task 19.0 in stage 0.0 (TID 19)) 29.154ms
[100.711s][info][gc          ] Allocation Stall (Executor task launch worker for task 25.0 in stage 0.0 (TID 25)) 29.689ms
[100.711s][info][gc          ] Allocation Stall (Executor task launch worker for task 45.0 in stage 0.0 (TID 45)) 29.096ms
[100.711s][info][gc          ] Allocation Stall (Executor task launch worker for task 21.0 in stage 0.0 (TID 21)) 28.678ms
[100.711s][info][gc          ] Allocation Stall (Executor task launch worker for task 5.0 in stage 0.0 (TID 5)) 30.014ms
[100.711s][info][gc          ] Allocation Stall (Executor task launch worker for task 35.0 in stage 0.0 (TID 35)) 30.046ms
[100.711s][info][gc          ] Allocation Stall (Executor task launch worker for task 23.0 in stage 0.0 (TID 23)) 29.207ms
[100.711s][info][gc          ] Allocation Stall (Executor task launch worker for task 29.0 in stage 0.0 (TID 29)) 30.262ms
[100.711s][info][gc          ] Allocation Stall (Executor task launch worker for task 13.0 in stage 0.0 (TID 13)) 28.838ms
[100.711s][info][gc          ] Allocation Stall (Executor task launch worker for task 4.0 in stage 0.0 (TID 4)) 30.684ms
[100.711s][info][gc          ] Allocation Stall (Executor task launch worker for task 15.0 in stage 0.0 (TID 15)) 29.742ms
[100.711s][info][gc          ] Allocation Stall (Executor task launch worker for task 36.0 in stage 0.0 (TID 36)) 30.642ms
[100.711s][info][gc          ] Allocation Stall (Executor task launch worker for task 20.0 in stage 0.0 (TID 20)) 29.587ms
[100.711s][info][gc          ] Allocation Stall (Executor task launch worker for task 46.0 in stage 0.0 (TID 46)) 32.005ms
[100.711s][info][gc          ] Allocation Stall (Executor task launch worker for task 42.0 in stage 0.0 (TID 42)) 30.690ms
[100.711s][info][gc          ] Allocation Stall (Executor task launch worker for task 17.0 in stage 0.0 (TID 17)) 29.991ms
[100.711s][info][gc          ] Allocation Stall (Executor task launch worker for task 41.0 in stage 0.0 (TID 41)) 29.518ms
[100.711s][info][gc          ] Allocation Stall (Executor task launch worker for task 7.0 in stage 0.0 (TID 7)) 30.478ms
[100.711s][info][gc          ] Allocation Stall (Executor task launch worker for task 1.0 in stage 0.0 (TID 1)) 29.611ms
[100.711s][info][gc          ] Allocation Stall (Executor task launch worker for task 39.0 in stage 0.0 (TID 39)) 31.491ms
[100.711s][info][gc          ] Allocation Stall (Executor task launch worker for task 38.0 in stage 0.0 (TID 38)) 30.959ms
[100.711s][info][gc          ] Allocation Stall (Executor task launch worker for task 3.0 in stage 0.0 (TID 3)) 31.086ms
[100.711s][info][gc          ] Allocation Stall (Executor task launch worker for task 2.0 in stage 0.0 (TID 2)) 30.140ms
[100.711s][info][gc          ] Allocation Stall (Executor task launch worker for task 11.0 in stage 0.0 (TID 11)) 28.747ms
[100.711s][info][gc          ] Allocation Stall (Executor task launch worker for task 30.0 in stage 0.0 (TID 30)) 31.808ms
[100.711s][info][gc          ] Allocation Stall (Executor task launch worker for task 16.0 in stage 0.0 (TID 16)) 30.545ms
[100.711s][info][gc          ] Allocation Stall (Executor task launch worker for task 47.0 in stage 0.0 (TID 47)) 30.074ms
[100.711s][info][gc          ] Allocation Stall (Executor task launch worker for task 33.0 in stage 0.0 (TID 33)) 28.964ms
[100.711s][info][gc          ] Allocation Stall (Executor task launch worker for task 12.0 in stage 0.0 (TID 12)) 30.344ms
[100.711s][info][gc          ] Allocation Stall (Executor task launch worker for task 14.0 in stage 0.0 (TID 14)) 31.421ms
[100.711s][info][gc          ] Allocation Stall (Executor task launch worker for task 10.0 in stage 0.0 (TID 10)) 30.209ms
[100.711s][info][gc          ] Allocation Stall (Executor task launch worker for task 0.0 in stage 0.0 (TID 0)) 30.863ms
[100.711s][info][gc          ] Allocation Stall (Executor task launch worker for task 24.0 in stage 0.0 (TID 24)) 30.238ms
[100.711s][info][gc          ] Allocation Stall (Executor task launch worker for task 26.0 in stage 0.0 (TID 26)) 29.944ms
[100.711s][info][gc          ] Allocation Stall (Executor task launch worker for task 22.0 in stage 0.0 (TID 22)) 29.334ms
[100.711s][info][gc          ] Allocation Stall (Executor task launch worker for task 9.0 in stage 0.0 (TID 9)) 30.060ms
[100.711s][info][gc          ] Allocation Stall (Executor task launch worker for task 32.0 in stage 0.0 (TID 32)) 30.491ms
[100.711s][info][gc          ] Allocation Stall (Executor task launch worker for task 34.0 in stage 0.0 (TID 34)) 31.200ms
[100.711s][info][gc          ] Allocation Stall (Executor task launch worker for task 37.0 in stage 0.0 (TID 37)) 30.604ms
[100.711s][info][gc          ] Allocation Stall (Executor task launch worker for task 31.0 in stage 0.0 (TID 31)) 30.476ms
[100.711s][info][gc          ] Allocation Stall (Executor task launch worker for task 44.0 in stage 0.0 (TID 44)) 28.924ms
[100.711s][info][gc          ] Allocation Stall (Executor task launch worker for task 27.0 in stage 0.0 (TID 27)) 30.597ms
[100.711s][info][gc          ] Allocation Stall (Executor task launch worker for task 28.0 in stage 0.0 (TID 28)) 30.418ms
[100.711s][info][gc          ] Allocation Stall (Executor task launch worker for task 18.0 in stage 0.0 (TID 18)) 30.735ms
[100.711s][info][gc          ] Allocation Stall (Executor task launch worker for task 43.0 in stage 0.0 (TID 43)) 28.861ms
[100.711s][info][gc          ] Allocation Stall (Executor task launch worker for task 40.0 in stage 0.0 (TID 40)) 28.873ms
[100.711s][info][gc          ] Allocation Stall (Executor task launch worker for task 6.0 in stage 0.0 (TID 6)) 31.122ms
[100.711s][info][gc          ] Allocation Stall (Executor task launch worker for task 8.0 in stage 0.0 (TID 8)) 30.720ms
[100.716s][info][gc,phases   ] GC(37) Concurrent Select Relocation Set 4.827ms
[100.717s][info][gc,phases   ] GC(37) Pause Relocate Start 0.008ms
[100.721s][info][gc          ] Relocation Stall (Executor task launch worker for task 22.0 in stage 0.0 (TID 22)) 3.494ms
[100.736s][info][gc          ] Allocation Stall (Executor task launch worker for task 25.0 in stage 0.0 (TID 25)) 4.945ms
[100.736s][info][gc          ] Allocation Stall (Executor task launch worker for task 15.0 in stage 0.0 (TID 15)) 4.922ms
[100.736s][info][gc          ] Allocation Stall (Executor task launch worker for task 22.0 in stage 0.0 (TID 22)) 4.710ms
[100.736s][info][gc          ] Allocation Stall (Executor task launch worker for task 5.0 in stage 0.0 (TID 5)) 6.168ms
[100.736s][info][gc          ] Allocation Stall (Executor task launch worker for task 47.0 in stage 0.0 (TID 47)) 4.583ms
[100.736s][info][gc          ] Allocation Stall (Executor task launch worker for task 17.0 in stage 0.0 (TID 17)) 5.981ms
[100.736s][info][gc          ] Allocation Stall (Executor task launch worker for task 23.0 in stage 0.0 (TID 23)) 5.524ms
[100.736s][info][gc          ] Allocation Stall (Executor task launch worker for task 1.0 in stage 0.0 (TID 1)) 6.111ms
[100.736s][info][gc          ] Allocation Stall (Executor task launch worker for task 9.0 in stage 0.0 (TID 9)) 5.334ms
[100.736s][info][gc          ] Allocation Stall (Executor task launch worker for task 18.0 in stage 0.0 (TID 18)) 5.290ms
[100.736s][info][gc          ] Allocation Stall (Executor task launch worker for task 39.0 in stage 0.0 (TID 39)) 5.180ms
[100.736s][info][gc          ] Allocation Stall (Executor task launch worker for task 24.0 in stage 0.0 (TID 24)) 6.254ms
[100.736s][info][gc          ] Allocation Stall (Executor task launch worker for task 31.0 in stage 0.0 (TID 31)) 5.176ms
[100.736s][info][gc          ] Allocation Stall (Executor task launch worker for task 8.0 in stage 0.0 (TID 8)) 5.061ms
[100.736s][info][gc          ] Allocation Stall (Executor task launch worker for task 0.0 in stage 0.0 (TID 0)) 5.122ms
[100.736s][info][gc          ] Allocation Stall (Executor task launch worker for task 38.0 in stage 0.0 (TID 38)) 5.061ms
[100.741s][info][gc          ] Allocation Stall (Executor task launch worker for task 43.0 in stage 0.0 (TID 43)) 8.164ms
[100.741s][info][gc          ] Allocation Stall (Executor task launch worker for task 34.0 in stage 0.0 (TID 34)) 8.107ms
[100.741s][info][gc          ] Allocation Stall (Executor task launch worker for task 42.0 in stage 0.0 (TID 42)) 8.340ms
[100.741s][info][gc          ] Allocation Stall (Executor task launch worker for task 12.0 in stage 0.0 (TID 12)) 8.280ms
[100.741s][info][gc          ] Allocation Stall (Executor task launch worker for task 35.0 in stage 0.0 (TID 35)) 9.497ms
[100.741s][info][gc          ] Allocation Stall (Executor task launch worker for task 6.0 in stage 0.0 (TID 6)) 8.036ms
[100.741s][info][gc          ] Allocation Stall (Executor task launch worker for task 33.0 in stage 0.0 (TID 33)) 9.312ms
[100.741s][info][gc          ] Allocation Stall (Executor task launch worker for task 27.0 in stage 0.0 (TID 27)) 8.023ms
[100.741s][info][gc          ] Allocation Stall (Executor task launch worker for task 44.0 in stage 0.0 (TID 44)) 7.830ms
[100.741s][info][gc          ] Allocation Stall (Executor task launch worker for task 41.0 in stage 0.0 (TID 41)) 7.816ms
[100.741s][info][gc          ] Allocation Stall (Executor task launch worker for task 4.0 in stage 0.0 (TID 4)) 7.793ms
[100.741s][info][gc          ] Allocation Stall (Executor task launch worker for task 45.0 in stage 0.0 (TID 45)) 7.721ms
[100.741s][info][gc          ] Allocation Stall (Executor task launch worker for task 21.0 in stage 0.0 (TID 21)) 7.746ms
[100.741s][info][gc          ] Allocation Stall (Executor task launch worker for task 10.0 in stage 0.0 (TID 10)) 7.727ms
[100.741s][info][gc          ] Allocation Stall (Executor task launch worker for task 37.0 in stage 0.0 (TID 37)) 7.735ms
[100.741s][info][gc          ] Allocation Stall (Executor task launch worker for task 36.0 in stage 0.0 (TID 36)) 7.619ms
[100.741s][info][gc          ] Allocation Stall (Executor task launch worker for task 32.0 in stage 0.0 (TID 32)) 7.573ms
[100.741s][info][gc          ] Allocation Stall (Executor task launch worker for task 3.0 in stage 0.0 (TID 3)) 9.309ms
[100.741s][info][gc          ] Allocation Stall (Executor task launch worker for task 7.0 in stage 0.0 (TID 7)) 9.110ms
[100.741s][info][gc          ] Allocation Stall (Executor task launch worker for task 20.0 in stage 0.0 (TID 20)) 8.885ms
[100.741s][info][gc          ] Allocation Stall (Executor task launch worker for task 30.0 in stage 0.0 (TID 30)) 8.822ms
[100.741s][info][gc          ] Allocation Stall (Executor task launch worker for task 14.0 in stage 0.0 (TID 14)) 8.818ms
[100.741s][info][gc          ] Allocation Stall (Executor task launch worker for task 26.0 in stage 0.0 (TID 26)) 8.732ms
[100.742s][info][gc          ] Allocation Stall (Executor task launch worker for task 16.0 in stage 0.0 (TID 16)) 8.666ms
[100.742s][info][gc          ] Allocation Stall (Executor task launch worker for task 13.0 in stage 0.0 (TID 13)) 8.716ms
[100.742s][info][gc          ] Allocation Stall (Executor task launch worker for task 28.0 in stage 0.0 (TID 28)) 8.503ms
[100.778s][info][gc,phases   ] GC(37) Concurrent Relocate 60.645ms
[100.778s][info][gc,load     ] GC(37) Load: 0.00/0.00/0.00
[100.778s][info][gc,mmu      ] GC(37) MMU: 2ms/94.2%, 5ms/97.7%, 10ms/98.8%, 20ms/99.3%, 50ms/99.7%, 100ms/99.9%
[100.778s][info][gc,marking  ] GC(37) Mark: 8 stripe(s), 3 proactive flush(es), 1 terminate flush(es), 0 completion(s), 0 continuation(s) 
[100.778s][info][gc,marking  ] GC(37) Mark Stack Usage: 32M
[100.778s][info][gc,nmethod  ] GC(37) NMethods: 2050 registered, 67 unregistered
[100.778s][info][gc,metaspace] GC(37) Metaspace: 112M used, 124M committed, 1152M reserved
[100.778s][info][gc,ref      ] GC(37) Soft: 2800 encountered, 2409 discovered, 0 enqueued
[100.778s][info][gc,ref      ] GC(37) Weak: 12965 encountered, 4230 discovered, 0 enqueued
[100.778s][info][gc,ref      ] GC(37) Final: 62 encountered, 5 discovered, 0 enqueued
[100.778s][info][gc,ref      ] GC(37) Phantom: 750 encountered, 532 discovered, 0 enqueued
[100.778s][info][gc,reloc    ] GC(37) Small Pages: 137 / 274M, Empty: 136M, Relocated: 4M, In-Place: 1
[100.778s][info][gc,reloc    ] GC(37) Medium Pages: 13 / 416M, Empty: 0M, Relocated: 27M, In-Place: 1
[100.778s][info][gc,reloc    ] GC(37) Large Pages: 19 / 152M, Empty: 0M, Relocated: 0M, In-Place: 0
[100.778s][info][gc,reloc    ] GC(37) Forwarding Usage: 0M
[100.778s][info][gc,heap     ] GC(37) Min Capacity: 8M(1%)
[100.778s][info][gc,heap     ] GC(37) Max Capacity: 1024M(100%)
[100.778s][info][gc,heap     ] GC(37) Soft Max Capacity: 1024M(100%)
[100.778s][info][gc,heap     ] GC(37)                Mark Start          Mark End        Relocate Start      Relocate End           High               Low         
[100.778s][info][gc,heap     ] GC(37)  Capacity:     1024M (100%)       1024M (100%)       1024M (100%)       1024M (100%)       1024M (100%)       1024M (100%)   
[100.778s][info][gc,heap     ] GC(37)      Free:      182M (18%)           0M (0%)          106M (10%)          64M (6%)          182M (18%)           0M (0%)     
[100.778s][info][gc,heap     ] GC(37)      Used:      842M (82%)        1024M (100%)        918M (90%)         960M (94%)        1024M (100%)        842M (82%)    
[100.778s][info][gc,heap     ] GC(37)      Live:         -               503M (49%)         503M (49%)         503M (49%)            -                  -          
[100.778s][info][gc,heap     ] GC(37) Allocated:         -               182M (18%)         212M (21%)         367M (36%)            -                  -          
[100.778s][info][gc,heap     ] GC(37)   Garbage:         -               338M (33%)         202M (20%)          89M (9%)             -                  -          
[100.779s][info][gc,heap     ] GC(37) Reclaimed:         -                  -               136M (13%)         249M (24%)            -                  -          
[100.779s][info][gc          ] GC(37) Garbage Collection (Allocation Stall) 842M(82%)->960M(94%)
[100.789s][info][gc          ] Relocation Stall (Executor task launch worker for task 11.0 in stage 0.0 (TID 11)) 71.162ms
[100.806s][info][gc          ] Allocation Stall (Executor task launch worker for task 39.0 in stage 0.0 (TID 39)) 0.005ms
[100.806s][info][gc,start    ] GC(38) Garbage Collection (Allocation Stall)
[100.806s][info][gc          ] Allocation Stall (Executor task launch worker for task 38.0 in stage 0.0 (TID 38)) 0.002ms
[100.806s][info][gc,ref      ] GC(38) Clearing All SoftReferences
[100.806s][info][gc,task     ] GC(38) Using 10 workers
[100.806s][info][gc,ref      ] GC(38) Clearing All SoftReferences
[100.806s][info][gc,phases   ] GC(38) Pause Mark Start 0.040ms
[100.850s][info][gc,phases   ] GC(38) Concurrent Mark 34.159ms
[100.850s][info][gc,phases   ] GC(38) Pause Mark End 0.015ms
[100.850s][info][gc,phases   ] GC(38) Concurrent Mark Free 0.001ms
[100.851s][info][gc,phases   ] GC(38) Concurrent Process Non-Strong References 0.895ms
[100.851s][info][gc,phases   ] GC(38) Concurrent Reset Relocation Set 0.005ms
[100.851s][info][gc          ] Allocation Stall (Executor task launch worker for task 38.0 in stage 0.0 (TID 38)) 31.510ms
[100.851s][info][gc          ] Allocation Stall (Executor task launch worker for task 35.0 in stage 0.0 (TID 35)) 32.017ms
[100.851s][info][gc          ] Allocation Stall (Executor task launch worker for task 47.0 in stage 0.0 (TID 47)) 33.434ms
[100.851s][info][gc          ] Allocation Stall (Executor task launch worker for task 8.0 in stage 0.0 (TID 8)) 31.825ms
[100.851s][info][gc          ] Allocation Stall (Executor task launch worker for task 19.0 in stage 0.0 (TID 19)) 32.619ms
[100.851s][info][gc          ] Allocation Stall (Executor task launch worker for task 31.0 in stage 0.0 (TID 31)) 36.463ms
[100.851s][info][gc          ] Allocation Stall (Executor task launch worker for task 1.0 in stage 0.0 (TID 1)) 32.660ms
[100.851s][info][gc          ] Allocation Stall (Executor task launch worker for task 13.0 in stage 0.0 (TID 13)) 33.072ms
[100.851s][info][gc          ] Allocation Stall (Executor task launch worker for task 34.0 in stage 0.0 (TID 34)) 31.571ms
[100.851s][info][gc          ] Allocation Stall (Executor task launch worker for task 23.0 in stage 0.0 (TID 23)) 32.708ms
[100.851s][info][gc          ] Allocation Stall (Executor task launch worker for task 40.0 in stage 0.0 (TID 40)) 32.550ms
[100.851s][info][gc          ] Allocation Stall (Executor task launch worker for task 9.0 in stage 0.0 (TID 9)) 32.269ms
[100.851s][info][gc          ] Allocation Stall (Executor task launch worker for task 36.0 in stage 0.0 (TID 36)) 33.544ms
[100.851s][info][gc          ] Allocation Stall (Executor task launch worker for task 24.0 in stage 0.0 (TID 24)) 33.216ms
[100.851s][info][gc          ] Allocation Stall (Executor task launch worker for task 33.0 in stage 0.0 (TID 33)) 33.201ms
[100.851s][info][gc          ] Allocation Stall (Executor task launch worker for task 3.0 in stage 0.0 (TID 3)) 31.697ms
[100.851s][info][gc          ] Allocation Stall (Executor task launch worker for task 2.0 in stage 0.0 (TID 2)) 32.596ms
[100.851s][info][gc          ] Allocation Stall (Executor task launch worker for task 43.0 in stage 0.0 (TID 43)) 33.250ms
[100.851s][info][gc          ] Allocation Stall (Executor task launch worker for task 10.0 in stage 0.0 (TID 10)) 31.829ms
[100.851s][info][gc          ] Allocation Stall (Executor task launch worker for task 12.0 in stage 0.0 (TID 12)) 32.616ms
[100.851s][info][gc          ] Allocation Stall (Executor task launch worker for task 11.0 in stage 0.0 (TID 11)) 31.483ms
[100.851s][info][gc          ] Allocation Stall (Executor task launch worker for task 27.0 in stage 0.0 (TID 27)) 35.301ms
[100.851s][info][gc          ] Allocation Stall (Executor task launch worker for task 22.0 in stage 0.0 (TID 22)) 31.945ms
[100.851s][info][gc          ] Allocation Stall (Executor task launch worker for task 14.0 in stage 0.0 (TID 14)) 35.531ms
[100.851s][info][gc          ] Allocation Stall (Executor task launch worker for task 32.0 in stage 0.0 (TID 32)) 31.472ms
[100.851s][info][gc          ] Allocation Stall (Executor task launch worker for task 18.0 in stage 0.0 (TID 18)) 32.407ms
[100.851s][info][gc          ] Allocation Stall (Executor task launch worker for task 7.0 in stage 0.0 (TID 7)) 32.989ms
[100.851s][info][gc          ] Allocation Stall (Executor task launch worker for task 26.0 in stage 0.0 (TID 26)) 35.008ms
[100.851s][info][gc          ] Allocation Stall (Executor task launch worker for task 6.0 in stage 0.0 (TID 6)) 31.611ms
[100.851s][info][gc          ] Allocation Stall (Executor task launch worker for task 0.0 in stage 0.0 (TID 0)) 33.003ms
[100.851s][info][gc          ] Allocation Stall (Executor task launch worker for task 39.0 in stage 0.0 (TID 39)) 33.236ms
[100.851s][info][gc          ] Allocation Stall (Executor task launch worker for task 17.0 in stage 0.0 (TID 17)) 33.517ms
[100.851s][info][gc          ] Allocation Stall (Executor task launch worker for task 20.0 in stage 0.0 (TID 20)) 33.814ms
[100.851s][info][gc          ] Allocation Stall (Executor task launch worker for task 45.0 in stage 0.0 (TID 45)) 34.419ms
[100.851s][info][gc          ] Allocation Stall (Executor task launch worker for task 41.0 in stage 0.0 (TID 41)) 33.976ms
[100.851s][info][gc          ] Allocation Stall (Executor task launch worker for task 46.0 in stage 0.0 (TID 46)) 33.868ms
[100.851s][info][gc          ] Allocation Stall (Executor task launch worker for task 4.0 in stage 0.0 (TID 4)) 34.058ms
[100.851s][info][gc          ] Allocation Stall (Executor task launch worker for task 5.0 in stage 0.0 (TID 5)) 34.083ms
[100.851s][info][gc          ] Allocation Stall (Executor task launch worker for task 28.0 in stage 0.0 (TID 28)) 34.351ms
[100.851s][info][gc          ] Allocation Stall (Executor task launch worker for task 42.0 in stage 0.0 (TID 42)) 34.409ms
[100.851s][info][gc          ] Allocation Stall (Executor task launch worker for task 15.0 in stage 0.0 (TID 15)) 34.322ms
[100.851s][info][gc          ] Allocation Stall (Executor task launch worker for task 21.0 in stage 0.0 (TID 21)) 34.639ms
[100.851s][info][gc          ] Allocation Stall (Executor task launch worker for task 30.0 in stage 0.0 (TID 30)) 34.444ms
[100.851s][info][gc          ] Allocation Stall (Executor task launch worker for task 37.0 in stage 0.0 (TID 37)) 34.669ms
[100.851s][info][gc          ] Allocation Stall (Executor task launch worker for task 44.0 in stage 0.0 (TID 44)) 35.474ms
[100.851s][info][gc          ] Allocation Stall (Executor task launch worker for task 25.0 in stage 0.0 (TID 25)) 34.672ms
[100.851s][info][gc          ] Allocation Stall (Executor task launch worker for task 16.0 in stage 0.0 (TID 16)) 34.987ms
[100.851s][info][gc          ] Allocation Stall (Executor task launch worker for task 29.0 in stage 0.0 (TID 29)) 35.196ms
[100.855s][info][gc,phases   ] GC(38) Concurrent Select Relocation Set 3.994ms
[100.855s][info][gc,phases   ] GC(38) Pause Relocate Start 0.006ms
[100.900s][info][gc,phases   ] GC(38) Concurrent Relocate 3.758ms
[100.901s][info][gc,load     ] GC(38) Load: 0.00/0.00/0.00
[100.901s][info][gc,mmu      ] GC(38) MMU: 2ms/94.2%, 5ms/97.7%, 10ms/98.8%, 20ms/99.3%, 50ms/99.7%, 100ms/99.9%
[100.901s][info][gc,marking  ] GC(38) Mark: 8 stripe(s), 2 proactive flush(es), 1 terminate flush(es), 0 completion(s), 0 continuation(s) 
[100.901s][info][gc,marking  ] GC(38) Mark Stack Usage: 32M
[100.901s][info][gc,nmethod  ] GC(38) NMethods: 2050 registered, 67 unregistered
[100.901s][info][gc,metaspace] GC(38) Metaspace: 112M used, 124M committed, 1152M reserved
[100.901s][info][gc,ref      ] GC(38) Soft: 2800 encountered, 2230 discovered, 0 enqueued
[100.901s][info][gc,ref      ] GC(38) Weak: 12965 encountered, 2151 discovered, 0 enqueued
[100.901s][info][gc,ref      ] GC(38) Final: 62 encountered, 25 discovered, 0 enqueued
[100.901s][info][gc,ref      ] GC(38) Phantom: 750 encountered, 471 discovered, 0 enqueued
[100.901s][info][gc,reloc    ] GC(38) Small Pages: 211 / 422M, Empty: 266M, Relocated: 4M, In-Place: 0
[100.901s][info][gc,reloc    ] GC(38) Medium Pages: 12 / 384M, Empty: 32M, Relocated: 18M, In-Place: 0
[100.901s][info][gc,reloc    ] GC(38) Large Pages: 25 / 200M, Empty: 0M, Relocated: 0M, In-Place: 0
[100.901s][info][gc,reloc    ] GC(38) Forwarding Usage: 0M
[100.901s][info][gc,heap     ] GC(38) Min Capacity: 8M(1%)
[100.901s][info][gc,heap     ] GC(38) Max Capacity: 1024M(100%)
[100.901s][info][gc,heap     ] GC(38) Soft Max Capacity: 1024M(100%)
[100.901s][info][gc,heap     ] GC(38)                Mark Start          Mark End        Relocate Start      Relocate End           High               Low         
[100.901s][info][gc,heap     ] GC(38)  Capacity:     1024M (100%)       1024M (100%)       1024M (100%)       1024M (100%)       1024M (100%)       1024M (100%)   
[100.901s][info][gc,heap     ] GC(38)      Free:       18M (2%)            0M (0%)          278M (27%)         204M (20%)         280M (27%)           0M (0%)     
[100.901s][info][gc,heap     ] GC(38)      Used:     1006M (98%)        1024M (100%)        746M (73%)         820M (80%)        1024M (100%)        744M (73%)    
[100.901s][info][gc,heap     ] GC(38)      Live:         -               527M (51%)         527M (51%)         527M (51%)            -                  -          
[100.901s][info][gc,heap     ] GC(38) Allocated:         -                18M (2%)           38M (4%)          224M (22%)            -                  -          
[100.901s][info][gc,heap     ] GC(38)   Garbage:         -               478M (47%)         180M (18%)          68M (7%)             -                  -          
[100.901s][info][gc,heap     ] GC(38) Reclaimed:         -                  -               298M (29%)         410M (40%)            -                  -          
[100.901s][info][gc          ] GC(38) Garbage Collection (Allocation Stall) 1006M(98%)->820M(80%)
[100.934s][info][gc,start    ] GC(39) Garbage Collection (Allocation Stall)
[100.934s][info][gc,ref      ] GC(39) Clearing All SoftReferences
[100.934s][info][gc,task     ] GC(39) Using 10 workers
[100.943s][info][gc,ref      ] GC(39) Clearing All SoftReferences
[100.943s][info][gc,phases   ] GC(39) Pause Mark Start 0.040ms
[100.943s][info][gc          ] Allocation Stall (Executor task launch worker for task 38.0 in stage 0.0 (TID 38)) 9.846ms
[100.943s][info][gc          ] Allocation Stall (Executor task launch worker for task 24.0 in stage 0.0 (TID 24)) 9.859ms
[100.943s][info][gc          ] Allocation Stall (Executor task launch worker for task 17.0 in stage 0.0 (TID 17)) 9.853ms
[100.943s][info][gc          ] Allocation Stall (Executor task launch worker for task 46.0 in stage 0.0 (TID 46)) 9.857ms
[100.943s][info][gc          ] Allocation Stall (Executor task launch worker for task 11.0 in stage 0.0 (TID 11)) 9.858ms
[100.943s][info][gc          ] Allocation Stall (Executor task launch worker for task 44.0 in stage 0.0 (TID 44)) 9.853ms
[100.943s][info][gc          ] Allocation Stall (Executor task launch worker for task 25.0 in stage 0.0 (TID 25)) 9.863ms
[100.943s][info][gc          ] Allocation Stall (Executor task launch worker for task 28.0 in stage 0.0 (TID 28)) 9.856ms
[100.943s][info][gc          ] Allocation Stall (Executor task launch worker for task 2.0 in stage 0.0 (TID 2)) 9.862ms
[100.943s][info][gc          ] Allocation Stall (Executor task launch worker for task 42.0 in stage 0.0 (TID 42)) 9.849ms
[100.943s][info][gc          ] Allocation Stall (Executor task launch worker for task 15.0 in stage 0.0 (TID 15)) 9.873ms
[100.943s][info][gc          ] Allocation Stall (Executor task launch worker for task 40.0 in stage 0.0 (TID 40)) 9.865ms
[100.943s][info][gc          ] Allocation Stall (Executor task launch worker for task 21.0 in stage 0.0 (TID 21)) 9.880ms
[100.944s][info][gc          ] Allocation Stall (Executor task launch worker for task 43.0 in stage 0.0 (TID 43)) 9.890ms
[100.944s][info][gc          ] Allocation Stall (Executor task launch worker for task 14.0 in stage 0.0 (TID 14)) 9.931ms
[100.944s][info][gc          ] Allocation Stall (Executor task launch worker for task 5.0 in stage 0.0 (TID 5)) 9.959ms
[100.944s][info][gc          ] Allocation Stall (Executor task launch worker for task 39.0 in stage 0.0 (TID 39)) 9.899ms
[100.944s][info][gc          ] Allocation Stall (Executor task launch worker for task 47.0 in stage 0.0 (TID 47)) 0.238ms
[100.944s][info][gc          ] Allocation Stall (Executor task launch worker for task 3.0 in stage 0.0 (TID 3)) 0.261ms
[100.944s][info][gc          ] Allocation Stall (Executor task launch worker for task 7.0 in stage 0.0 (TID 7)) 0.287ms
[100.944s][info][gc          ] Allocation Stall (Executor task launch worker for task 33.0 in stage 0.0 (TID 33)) 0.315ms
[100.944s][info][gc          ] Allocation Stall (Executor task launch worker for task 31.0 in stage 0.0 (TID 31)) 0.349ms
[100.944s][info][gc          ] Allocation Stall (Executor task launch worker for task 30.0 in stage 0.0 (TID 30)) 0.382ms
[100.944s][info][gc          ] Allocation Stall (Executor task launch worker for task 4.0 in stage 0.0 (TID 4)) 0.453ms
[100.944s][info][gc          ] Allocation Stall (Executor task launch worker for task 41.0 in stage 0.0 (TID 41)) 0.491ms
[100.944s][info][gc          ] Allocation Stall (Executor task launch worker for task 22.0 in stage 0.0 (TID 22)) 0.520ms
[100.944s][info][gc          ] Allocation Stall (Executor task launch worker for task 8.0 in stage 0.0 (TID 8)) 0.542ms
[100.944s][info][gc          ] Allocation Stall (Executor task launch worker for task 13.0 in stage 0.0 (TID 13)) 0.577ms
[100.944s][info][gc          ] Allocation Stall (Executor task launch worker for task 18.0 in stage 0.0 (TID 18)) 0.611ms
[100.944s][info][gc          ] Allocation Stall (Executor task launch worker for task 6.0 in stage 0.0 (TID 6)) 0.653ms
[100.944s][info][gc          ] Allocation Stall (Executor task launch worker for task 29.0 in stage 0.0 (TID 29)) 0.734ms
[100.944s][info][gc          ] Allocation Stall (Executor task launch worker for task 36.0 in stage 0.0 (TID 36)) 0.771ms
[100.944s][info][gc          ] Allocation Stall (Executor task launch worker for task 37.0 in stage 0.0 (TID 37)) 0.822ms
[100.944s][info][gc          ] Allocation Stall (Executor task launch worker for task 1.0 in stage 0.0 (TID 1)) 0.849ms
[100.944s][info][gc          ] Allocation Stall (Executor task launch worker for task 19.0 in stage 0.0 (TID 19)) 0.891ms
[100.944s][info][gc          ] Allocation Stall (Executor task launch worker for task 34.0 in stage 0.0 (TID 34)) 0.931ms
[100.944s][info][gc          ] Allocation Stall (Executor task launch worker for task 35.0 in stage 0.0 (TID 35)) 0.974ms
[100.945s][info][gc          ] Allocation Stall (Executor task launch worker for task 26.0 in stage 0.0 (TID 26)) 1.050ms
[100.945s][info][gc          ] Allocation Stall (Executor task launch worker for task 10.0 in stage 0.0 (TID 10)) 1.094ms
[100.945s][info][gc          ] Allocation Stall (Executor task launch worker for task 45.0 in stage 0.0 (TID 45)) 1.125ms
[100.945s][info][gc          ] Allocation Stall (Executor task launch worker for task 23.0 in stage 0.0 (TID 23)) 1.086ms
[100.945s][info][gc          ] Allocation Stall (Executor task launch worker for task 0.0 in stage 0.0 (TID 0)) 1.126ms
[100.975s][info][gc,phases   ] GC(39) Concurrent Mark 31.072ms
[100.975s][info][gc,phases   ] GC(39) Pause Mark End 0.015ms
[100.975s][info][gc,phases   ] GC(39) Concurrent Mark Free 0.000ms
[100.976s][info][gc,phases   ] GC(39) Concurrent Process Non-Strong References 0.821ms
[100.976s][info][gc,phases   ] GC(39) Concurrent Reset Relocation Set 0.006ms
[100.976s][info][gc          ] Allocation Stall (Executor task launch worker for task 44.0 in stage 0.0 (TID 44)) 17.714ms
[100.976s][info][gc          ] Allocation Stall (Executor task launch worker for task 19.0 in stage 0.0 (TID 19)) 18.368ms
[100.976s][info][gc          ] Allocation Stall (Executor task launch worker for task 36.0 in stage 0.0 (TID 36)) 18.118ms
[100.976s][info][gc          ] Allocation Stall (Executor task launch worker for task 37.0 in stage 0.0 (TID 37)) 17.814ms
[100.976s][info][gc          ] Allocation Stall (Executor task launch worker for task 45.0 in stage 0.0 (TID 45)) 17.733ms
[100.976s][info][gc          ] Allocation Stall (Executor task launch worker for task 32.0 in stage 0.0 (TID 32)) 16.667ms
[100.976s][info][gc          ] Allocation Stall (Executor task launch worker for task 16.0 in stage 0.0 (TID 16)) 17.369ms
[100.976s][info][gc          ] Allocation Stall (Executor task launch worker for task 12.0 in stage 0.0 (TID 12)) 17.242ms
[100.976s][info][gc          ] Allocation Stall (Executor task launch worker for task 34.0 in stage 0.0 (TID 34)) 18.097ms
[100.976s][info][gc          ] Allocation Stall (Executor task launch worker for task 7.0 in stage 0.0 (TID 7)) 17.847ms
[100.976s][info][gc          ] Allocation Stall (Executor task launch worker for task 26.0 in stage 0.0 (TID 26)) 17.831ms
[100.976s][info][gc          ] Allocation Stall (Executor task launch worker for task 11.0 in stage 0.0 (TID 11)) 17.462ms
[100.976s][info][gc          ] Allocation Stall (Executor task launch worker for task 40.0 in stage 0.0 (TID 40)) 17.776ms
[100.976s][info][gc          ] Allocation Stall (Executor task launch worker for task 6.0 in stage 0.0 (TID 6)) 17.846ms
[100.976s][info][gc          ] Allocation Stall (Executor task launch worker for task 41.0 in stage 0.0 (TID 41)) 18.445ms
[100.976s][info][gc          ] Allocation Stall (Executor task launch worker for task 21.0 in stage 0.0 (TID 21)) 19.954ms
[100.976s][info][gc          ] Allocation Stall (Executor task launch worker for task 35.0 in stage 0.0 (TID 35)) 17.474ms
[100.976s][info][gc          ] Allocation Stall (Executor task launch worker for task 23.0 in stage 0.0 (TID 23)) 20.043ms
[100.976s][info][gc          ] Allocation Stall (Executor task launch worker for task 38.0 in stage 0.0 (TID 38)) 17.477ms
[100.976s][info][gc          ] Allocation Stall (Executor task launch worker for task 43.0 in stage 0.0 (TID 43)) 18.564ms
[100.976s][info][gc          ] Allocation Stall (Executor task launch worker for task 8.0 in stage 0.0 (TID 8)) 18.301ms
[100.976s][info][gc          ] Allocation Stall (Executor task launch worker for task 1.0 in stage 0.0 (TID 1)) 19.015ms
[100.976s][info][gc          ] Allocation Stall (Executor task launch worker for task 47.0 in stage 0.0 (TID 47)) 17.814ms
[100.976s][info][gc          ] Allocation Stall (Executor task launch worker for task 33.0 in stage 0.0 (TID 33)) 18.545ms
[100.976s][info][gc          ] Allocation Stall (Executor task launch worker for task 10.0 in stage 0.0 (TID 10)) 17.800ms
[100.976s][info][gc          ] Allocation Stall (Executor task launch worker for task 42.0 in stage 0.0 (TID 42)) 19.463ms
[100.976s][info][gc          ] Allocation Stall (Executor task launch worker for task 30.0 in stage 0.0 (TID 30)) 19.096ms
[100.976s][info][gc          ] Allocation Stall (Executor task launch worker for task 39.0 in stage 0.0 (TID 39)) 19.000ms
[100.976s][info][gc          ] Allocation Stall (Executor task launch worker for task 29.0 in stage 0.0 (TID 29)) 17.905ms
[100.976s][info][gc          ] Allocation Stall (Executor task launch worker for task 9.0 in stage 0.0 (TID 9)) 18.839ms
[100.976s][info][gc          ] Allocation Stall (Executor task launch worker for task 3.0 in stage 0.0 (TID 3)) 19.323ms
[100.976s][info][gc          ] Allocation Stall (Executor task launch worker for task 14.0 in stage 0.0 (TID 14)) 18.861ms
[100.976s][info][gc          ] Allocation Stall (Executor task launch worker for task 25.0 in stage 0.0 (TID 25)) 17.403ms
[100.976s][info][gc          ] Allocation Stall (Executor task launch worker for task 18.0 in stage 0.0 (TID 18)) 17.657ms
[100.976s][info][gc          ] Allocation Stall (Executor task launch worker for task 27.0 in stage 0.0 (TID 27)) 19.407ms
[100.976s][info][gc          ] Allocation Stall (Executor task launch worker for task 31.0 in stage 0.0 (TID 31)) 18.148ms
[100.976s][info][gc          ] Allocation Stall (Executor task launch worker for task 15.0 in stage 0.0 (TID 15)) 19.173ms
[100.976s][info][gc          ] Allocation Stall (Executor task launch worker for task 17.0 in stage 0.0 (TID 17)) 17.916ms
[100.976s][info][gc          ] Allocation Stall (Executor task launch worker for task 5.0 in stage 0.0 (TID 5)) 19.117ms
[100.976s][info][gc          ] Allocation Stall (Executor task launch worker for task 20.0 in stage 0.0 (TID 20)) 19.952ms
[100.976s][info][gc          ] Allocation Stall (Executor task launch worker for task 13.0 in stage 0.0 (TID 13)) 17.823ms
[100.976s][info][gc          ] Allocation Stall (Executor task launch worker for task 24.0 in stage 0.0 (TID 24)) 18.781ms
[100.976s][info][gc          ] Allocation Stall (Executor task launch worker for task 28.0 in stage 0.0 (TID 28)) 19.550ms
[100.976s][info][gc          ] Allocation Stall (Executor task launch worker for task 2.0 in stage 0.0 (TID 2)) 19.085ms
[100.976s][info][gc          ] Allocation Stall (Executor task launch worker for task 0.0 in stage 0.0 (TID 0)) 18.971ms
[100.976s][info][gc          ] Allocation Stall (Executor task launch worker for task 46.0 in stage 0.0 (TID 46)) 19.945ms
[100.976s][info][gc          ] Allocation Stall (Executor task launch worker for task 22.0 in stage 0.0 (TID 22)) 19.818ms
[100.976s][info][gc          ] Allocation Stall (Executor task launch worker for task 4.0 in stage 0.0 (TID 4)) 18.935ms
[100.984s][info][gc,phases   ] GC(39) Concurrent Select Relocation Set 8.741ms
[100.990s][info][gc,phases   ] GC(39) Pause Relocate Start 0.007ms
[100.995s][info][gc,phases   ] GC(39) Concurrent Relocate 1.273ms
[100.995s][info][gc,load     ] GC(39) Load: 0.00/0.00/0.00
[100.995s][info][gc,mmu      ] GC(39) MMU: 2ms/94.2%, 5ms/97.7%, 10ms/98.8%, 20ms/99.3%, 50ms/99.7%, 100ms/99.9%
[100.995s][info][gc,marking  ] GC(39) Mark: 8 stripe(s), 2 proactive flush(es), 1 terminate flush(es), 0 completion(s), 0 continuation(s) 
[100.995s][info][gc,marking  ] GC(39) Mark Stack Usage: 32M
[100.995s][info][gc,nmethod  ] GC(39) NMethods: 2050 registered, 67 unregistered
[100.995s][info][gc,metaspace] GC(39) Metaspace: 112M used, 124M committed, 1152M reserved
[100.995s][info][gc,ref      ] GC(39) Soft: 2800 encountered, 2317 discovered, 0 enqueued
[100.995s][info][gc,ref      ] GC(39) Weak: 12965 encountered, 1553 discovered, 0 enqueued
[100.995s][info][gc,ref      ] GC(39) Final: 62 encountered, 24 discovered, 0 enqueued
[100.995s][info][gc,ref      ] GC(39) Phantom: 750 encountered, 525 discovered, 0 enqueued
[100.995s][info][gc,reloc    ] GC(39) Small Pages: 222 / 444M, Empty: 276M, Relocated: 4M, In-Place: 0
[100.995s][info][gc,reloc    ] GC(39) Medium Pages: 10 / 320M, Empty: 0M, Relocated: 0M, In-Place: 0
[100.995s][info][gc,reloc    ] GC(39) Large Pages: 29 / 232M, Empty: 0M, Relocated: 0M, In-Place: 0
[100.995s][info][gc,reloc    ] GC(39) Forwarding Usage: 0M
[100.995s][info][gc,heap     ] GC(39) Min Capacity: 8M(1%)
[100.995s][info][gc,heap     ] GC(39) Max Capacity: 1024M(100%)
[100.995s][info][gc,heap     ] GC(39) Soft Max Capacity: 1024M(100%)
[100.995s][info][gc,heap     ] GC(39)                Mark Start          Mark End        Relocate Start      Relocate End           High               Low         
[100.995s][info][gc,heap     ] GC(39)  Capacity:     1024M (100%)       1024M (100%)       1024M (100%)       1024M (100%)       1024M (100%)       1024M (100%)   
[100.995s][info][gc,heap     ] GC(39)      Free:        0M (0%)            0M (0%)          136M (13%)         174M (17%)         204M (20%)           0M (0%)     
[100.995s][info][gc,heap     ] GC(39)      Used:     1024M (100%)       1024M (100%)        888M (87%)         850M (83%)        1024M (100%)        820M (80%)    
[100.995s][info][gc,heap     ] GC(39)      Live:         -               549M (54%)         549M (54%)         549M (54%)            -                  -          
[100.995s][info][gc,heap     ] GC(39) Allocated:         -                 0M (0%)          140M (14%)         181M (18%)            -                  -          
[100.995s][info][gc,heap     ] GC(39)   Garbage:         -               474M (46%)         198M (19%)         118M (12%)            -                  -          
[100.995s][info][gc,heap     ] GC(39) Reclaimed:         -                  -               276M (27%)         355M (35%)            -                  -          
[100.995s][info][gc          ] GC(39) Garbage Collection (Allocation Stall) 1024M(100%)->850M(83%)
[101.013s][info][gc,start    ] GC(40) Garbage Collection (Allocation Stall)
[101.013s][info][gc,ref      ] GC(40) Clearing All SoftReferences
[101.013s][info][gc,task     ] GC(40) Using 10 workers
[101.021s][info][gc,ref      ] GC(40) Clearing All SoftReferences
[101.021s][info][gc,phases   ] GC(40) Pause Mark Start 0.038ms
[101.053s][info][gc,phases   ] GC(40) Concurrent Mark 31.123ms
[101.053s][info][gc,phases   ] GC(40) Pause Mark End 0.017ms
[101.053s][info][gc,phases   ] GC(40) Concurrent Mark Free 0.001ms
[101.054s][info][gc,phases   ] GC(40) Concurrent Process Non-Strong References 1.012ms
[101.054s][info][gc,phases   ] GC(40) Concurrent Reset Relocation Set 0.005ms
[101.054s][info][gc          ] Allocation Stall (Executor task launch worker for task 20.0 in stage 0.0 (TID 20)) 14.290ms
[101.054s][info][gc          ] Allocation Stall (Executor task launch worker for task 7.0 in stage 0.0 (TID 7)) 32.444ms
[101.054s][info][gc          ] Allocation Stall (Executor task launch worker for task 5.0 in stage 0.0 (TID 5)) 13.870ms
[101.054s][info][gc          ] Allocation Stall (Executor task launch worker for task 17.0 in stage 0.0 (TID 17)) 32.457ms
[101.054s][info][gc          ] Allocation Stall (Executor task launch worker for task 31.0 in stage 0.0 (TID 31)) 13.526ms
[101.054s][info][gc          ] Allocation Stall (Executor task launch worker for task 32.0 in stage 0.0 (TID 32)) 32.482ms
[101.054s][info][gc          ] Allocation Stall (Executor task launch worker for task 35.0 in stage 0.0 (TID 35)) 16.320ms
[101.054s][info][gc          ] Allocation Stall (Executor task launch worker for task 44.0 in stage 0.0 (TID 44)) 32.413ms
[101.054s][info][gc          ] Allocation Stall (Executor task launch worker for task 25.0 in stage 0.0 (TID 25)) 32.493ms
[101.054s][info][gc          ] Allocation Stall (Executor task launch worker for task 27.0 in stage 0.0 (TID 27)) 40.854ms
[101.054s][info][gc          ] Allocation Stall (Executor task launch worker for task 1.0 in stage 0.0 (TID 1)) 32.490ms
[101.054s][info][gc          ] Allocation Stall (Executor task launch worker for task 33.0 in stage 0.0 (TID 33)) 13.952ms
[101.054s][info][gc          ] Allocation Stall (Executor task launch worker for task 46.0 in stage 0.0 (TID 46)) 32.510ms
[101.054s][info][gc          ] Allocation Stall (Executor task launch worker for task 22.0 in stage 0.0 (TID 22)) 40.856ms
[101.054s][info][gc          ] Allocation Stall (Executor task launch worker for task 39.0 in stage 0.0 (TID 39)) 32.507ms
[101.054s][info][gc          ] Allocation Stall (Executor task launch worker for task 29.0 in stage 0.0 (TID 29)) 40.940ms
[101.054s][info][gc          ] Allocation Stall (Executor task launch worker for task 43.0 in stage 0.0 (TID 43)) 41.277ms
[101.054s][info][gc          ] Allocation Stall (Executor task launch worker for task 24.0 in stage 0.0 (TID 24)) 32.508ms
[101.054s][info][gc          ] Allocation Stall (Executor task launch worker for task 38.0 in stage 0.0 (TID 38)) 32.530ms
[101.054s][info][gc          ] Allocation Stall (Executor task launch worker for task 47.0 in stage 0.0 (TID 47)) 40.885ms
[101.054s][info][gc          ] Allocation Stall (Executor task launch worker for task 2.0 in stage 0.0 (TID 2)) 41.026ms
[101.054s][info][gc          ] Allocation Stall (Executor task launch worker for task 23.0 in stage 0.0 (TID 23)) 32.535ms
[101.054s][info][gc          ] Allocation Stall (Executor task launch worker for task 28.0 in stage 0.0 (TID 28)) 32.512ms
[101.054s][info][gc          ] Allocation Stall (Executor task launch worker for task 6.0 in stage 0.0 (TID 6)) 32.419ms
[101.054s][info][gc          ] Allocation Stall (Executor task launch worker for task 36.0 in stage 0.0 (TID 36)) 41.145ms
[101.054s][info][gc          ] Allocation Stall (Executor task launch worker for task 12.0 in stage 0.0 (TID 12)) 32.462ms
[101.054s][info][gc          ] Allocation Stall (Executor task launch worker for task 34.0 in stage 0.0 (TID 34)) 32.544ms
[101.054s][info][gc          ] Allocation Stall (Executor task launch worker for task 30.0 in stage 0.0 (TID 30)) 41.100ms
[101.054s][info][gc          ] Allocation Stall (Spark Context Cleaner) 32.461ms
[101.054s][info][gc          ] Allocation Stall (Executor task launch worker for task 13.0 in stage 0.0 (TID 13)) 41.158ms
[101.054s][info][gc          ] Allocation Stall (Executor task launch worker for task 21.0 in stage 0.0 (TID 21)) 40.925ms
[101.054s][info][gc          ] Allocation Stall (Executor task launch worker for task 3.0 in stage 0.0 (TID 3)) 41.110ms
[101.054s][info][gc          ] Allocation Stall (Executor task launch worker for task 14.0 in stage 0.0 (TID 14)) 32.557ms
[101.054s][info][gc          ] Allocation Stall (Executor task launch worker for task 18.0 in stage 0.0 (TID 18)) 32.535ms
[101.054s][info][gc          ] Allocation Stall (Executor task launch worker for task 40.0 in stage 0.0 (TID 40)) 41.065ms
[101.054s][info][gc          ] Allocation Stall (Executor task launch worker for task 42.0 in stage 0.0 (TID 42)) 41.015ms
[101.054s][info][gc          ] Allocation Stall (Executor task launch worker for task 41.0 in stage 0.0 (TID 41)) 41.010ms
[101.054s][info][gc          ] Allocation Stall (Executor task launch worker for task 0.0 in stage 0.0 (TID 0)) 32.575ms
[101.054s][info][gc          ] Allocation Stall (Executor task launch worker for task 19.0 in stage 0.0 (TID 19)) 41.153ms
[101.054s][info][gc          ] Allocation Stall (Executor task launch worker for task 16.0 in stage 0.0 (TID 16)) 40.975ms
[101.054s][info][gc          ] Allocation Stall (Executor task launch worker for task 8.0 in stage 0.0 (TID 8)) 40.923ms
[101.054s][info][gc          ] Allocation Stall (Executor task launch worker for task 15.0 in stage 0.0 (TID 15)) 41.061ms
[101.054s][info][gc          ] Allocation Stall (Executor task launch worker for task 26.0 in stage 0.0 (TID 26)) 41.035ms
[101.054s][info][gc          ] Allocation Stall (Executor task launch worker for task 4.0 in stage 0.0 (TID 4)) 19.019ms
[101.054s][info][gc          ] Allocation Stall (Executor task launch worker for task 9.0 in stage 0.0 (TID 9)) 16.273ms
[101.054s][info][gc          ] Allocation Stall (Executor task launch worker for task 45.0 in stage 0.0 (TID 45)) 32.582ms
[101.054s][info][gc          ] Allocation Stall (Executor task launch worker for task 10.0 in stage 0.0 (TID 10)) 40.988ms
[101.054s][info][gc          ] Allocation Stall (Executor task launch worker for task 11.0 in stage 0.0 (TID 11)) 41.057ms
[101.054s][info][gc          ] Allocation Stall (Executor task launch worker for task 37.0 in stage 0.0 (TID 37)) 32.565ms
[101.057s][info][gc,phases   ] GC(40) Concurrent Select Relocation Set 3.026ms
[101.070s][info][gc,phases   ] GC(40) Pause Relocate Start 0.009ms
[101.074s][info][gc,phases   ] GC(40) Concurrent Relocate 3.381ms
[101.074s][info][gc,load     ] GC(40) Load: 0.00/0.00/0.00
[101.074s][info][gc,mmu      ] GC(40) MMU: 2ms/94.2%, 5ms/97.7%, 10ms/98.8%, 20ms/99.3%, 50ms/99.7%, 100ms/99.9%
[101.074s][info][gc,marking  ] GC(40) Mark: 8 stripe(s), 2 proactive flush(es), 1 terminate flush(es), 0 completion(s), 0 continuation(s) 
[101.074s][info][gc,marking  ] GC(40) Mark Stack Usage: 32M
[101.074s][info][gc,nmethod  ] GC(40) NMethods: 2051 registered, 67 unregistered
[101.074s][info][gc,metaspace] GC(40) Metaspace: 112M used, 124M committed, 1152M reserved
[101.074s][info][gc,ref      ] GC(40) Soft: 2800 encountered, 2382 discovered, 0 enqueued
[101.075s][info][gc,ref      ] GC(40) Weak: 12965 encountered, 3084 discovered, 2 enqueued
[101.075s][info][gc,ref      ] GC(40) Final: 62 encountered, 4 discovered, 0 enqueued
[101.075s][info][gc,ref      ] GC(40) Phantom: 750 encountered, 571 discovered, 0 enqueued
[101.075s][info][gc,reloc    ] GC(40) Small Pages: 208 / 416M, Empty: 274M, Relocated: 4M, In-Place: 0
[101.075s][info][gc,reloc    ] GC(40) Medium Pages: 10 / 320M, Empty: 0M, Relocated: 0M, In-Place: 0
[101.075s][info][gc,reloc    ] GC(40) Large Pages: 36 / 288M, Empty: 0M, Relocated: 0M, In-Place: 0
[101.075s][info][gc,reloc    ] GC(40) Forwarding Usage: 0M
[101.075s][info][gc,heap     ] GC(40) Min Capacity: 8M(1%)
[101.075s][info][gc,heap     ] GC(40) Max Capacity: 1024M(100%)
[101.075s][info][gc,heap     ] GC(40) Soft Max Capacity: 1024M(100%)
[101.075s][info][gc,heap     ] GC(40)                Mark Start          Mark End        Relocate Start      Relocate End           High               Low         
[101.075s][info][gc,heap     ] GC(40)  Capacity:     1024M (100%)       1024M (100%)       1024M (100%)       1024M (100%)       1024M (100%)       1024M (100%)   
[101.075s][info][gc,heap     ] GC(40)      Free:        0M (0%)            0M (0%)          250M (24%)         260M (25%)         284M (28%)           0M (0%)     
[101.075s][info][gc,heap     ] GC(40)      Used:     1024M (100%)       1024M (100%)        774M (76%)         764M (75%)        1024M (100%)        740M (72%)    
[101.075s][info][gc,heap     ] GC(40)      Live:         -               602M (59%)         602M (59%)         602M (59%)            -                  -          
[101.075s][info][gc,heap     ] GC(40) Allocated:         -                 0M (0%)           24M (2%)           69M (7%)             -                  -          
[101.075s][info][gc,heap     ] GC(40)   Garbage:         -               421M (41%)         147M (14%)          92M (9%)             -                  -          
[101.075s][info][gc,heap     ] GC(40) Reclaimed:         -                  -               274M (27%)         329M (32%)            -                  -          
[101.075s][info][gc          ] GC(40) Garbage Collection (Allocation Stall) 1024M(100%)->764M(75%)
[101.094s][info][gc,start    ] GC(41) Garbage Collection (Allocation Stall)
[101.095s][info][gc,ref      ] GC(41) Clearing All SoftReferences
[101.095s][info][gc,task     ] GC(41) Using 10 workers
[101.101s][info][gc,ref      ] GC(41) Clearing All SoftReferences
[101.101s][info][gc,phases   ] GC(41) Pause Mark Start 0.036ms
[101.133s][info][gc,phases   ] GC(41) Concurrent Mark 31.130ms
[101.133s][info][gc,phases   ] GC(41) Pause Mark End 0.017ms
[101.133s][info][gc,phases   ] GC(41) Concurrent Mark Free 0.001ms
[101.134s][info][gc,phases   ] GC(41) Concurrent Process Non-Strong References 1.106ms
[101.134s][info][gc,phases   ] GC(41) Concurrent Reset Relocation Set 0.006ms
[101.134s][info][gc          ] Allocation Stall (Executor task launch worker for task 5.0 in stage 0.0 (TID 5)) 32.739ms
[101.134s][info][gc          ] Allocation Stall (Executor task launch worker for task 15.0 in stage 0.0 (TID 15)) 25.040ms
[101.134s][info][gc          ] Allocation Stall (Executor task launch worker for task 31.0 in stage 0.0 (TID 31)) 32.682ms
[101.134s][info][gc          ] Allocation Stall (Executor task launch worker for task 9.0 in stage 0.0 (TID 9)) 39.391ms
[101.134s][info][gc          ] Allocation Stall (Executor task launch worker for task 6.0 in stage 0.0 (TID 6)) 32.747ms
[101.134s][info][gc          ] Allocation Stall (Executor task launch worker for task 28.0 in stage 0.0 (TID 28)) 32.750ms
[101.134s][info][gc          ] Allocation Stall (Executor task launch worker for task 34.0 in stage 0.0 (TID 34)) 39.314ms
[101.134s][info][gc          ] Allocation Stall (Executor task launch worker for task 17.0 in stage 0.0 (TID 17)) 32.690ms
[101.134s][info][gc          ] Allocation Stall (Executor task launch worker for task 21.0 in stage 0.0 (TID 21)) 39.309ms
[101.134s][info][gc          ] Allocation Stall (Executor task launch worker for task 29.0 in stage 0.0 (TID 29)) 32.774ms
[101.134s][info][gc          ] Allocation Stall (Executor task launch worker for task 14.0 in stage 0.0 (TID 14)) 39.843ms
[101.134s][info][gc          ] Allocation Stall (Executor task launch worker for task 19.0 in stage 0.0 (TID 19)) 32.769ms
[101.134s][info][gc          ] Allocation Stall (Executor task launch worker for task 27.0 in stage 0.0 (TID 27)) 32.773ms
[101.134s][info][gc          ] Allocation Stall (Executor task launch worker for task 16.0 in stage 0.0 (TID 16)) 32.748ms
[101.134s][info][gc          ] Allocation Stall (Executor task launch worker for task 42.0 in stage 0.0 (TID 42)) 32.752ms
[101.134s][info][gc          ] Allocation Stall (Executor task launch worker for task 38.0 in stage 0.0 (TID 38)) 32.692ms
[101.134s][info][gc          ] Allocation Stall (Executor task launch worker for task 35.0 in stage 0.0 (TID 35)) 32.787ms
[101.134s][info][gc          ] Allocation Stall (Executor task launch worker for task 47.0 in stage 0.0 (TID 47)) 39.384ms
[101.134s][info][gc          ] Allocation Stall (Executor task launch worker for task 44.0 in stage 0.0 (TID 44)) 39.386ms
[101.134s][info][gc          ] Allocation Stall (Executor task launch worker for task 20.0 in stage 0.0 (TID 20)) 39.662ms
[101.134s][info][gc          ] Allocation Stall (Executor task launch worker for task 12.0 in stage 0.0 (TID 12)) 39.440ms
[101.134s][info][gc          ] Allocation Stall (Executor task launch worker for task 10.0 in stage 0.0 (TID 10)) 32.765ms
[101.134s][info][gc          ] Allocation Stall (Executor task launch worker for task 18.0 in stage 0.0 (TID 18)) 39.604ms
[101.134s][info][gc          ] Allocation Stall (Executor task launch worker for task 30.0 in stage 0.0 (TID 30)) 39.453ms
[101.134s][info][gc          ] Allocation Stall (Executor task launch worker for task 33.0 in stage 0.0 (TID 33)) 32.773ms
[101.134s][info][gc          ] Allocation Stall (Executor task launch worker for task 40.0 in stage 0.0 (TID 40)) 39.539ms
[101.134s][info][gc          ] Allocation Stall (Executor task launch worker for task 37.0 in stage 0.0 (TID 37)) 39.486ms
[101.134s][info][gc          ] Allocation Stall (Executor task launch worker for task 39.0 in stage 0.0 (TID 39)) 32.774ms
[101.134s][info][gc          ] Allocation Stall (Executor task launch worker for task 13.0 in stage 0.0 (TID 13)) 32.812ms
[101.134s][info][gc          ] Allocation Stall (Executor task launch worker for task 4.0 in stage 0.0 (TID 4)) 39.718ms
[101.134s][info][gc          ] Allocation Stall (Executor task launch worker for task 1.0 in stage 0.0 (TID 1)) 39.519ms
[101.134s][info][gc          ] Allocation Stall (Executor task launch worker for task 0.0 in stage 0.0 (TID 0)) 24.227ms
[101.134s][info][gc          ] Allocation Stall (Executor task launch worker for task 36.0 in stage 0.0 (TID 36)) 39.490ms
[101.134s][info][gc          ] Allocation Stall (Executor task launch worker for task 32.0 in stage 0.0 (TID 32)) 39.542ms
[101.134s][info][gc          ] Allocation Stall (Executor task launch worker for task 8.0 in stage 0.0 (TID 8)) 39.633ms
[101.134s][info][gc          ] Allocation Stall (Executor task launch worker for task 22.0 in stage 0.0 (TID 22)) 32.776ms
[101.134s][info][gc          ] Allocation Stall (Executor task launch worker for task 2.0 in stage 0.0 (TID 2)) 39.512ms
[101.134s][info][gc          ] Allocation Stall (Executor task launch worker for task 46.0 in stage 0.0 (TID 46)) 39.664ms
[101.134s][info][gc          ] Allocation Stall (Executor task launch worker for task 45.0 in stage 0.0 (TID 45)) 39.707ms
[101.134s][info][gc          ] Allocation Stall (Executor task launch worker for task 24.0 in stage 0.0 (TID 24)) 39.686ms
[101.134s][info][gc          ] Allocation Stall (Executor task launch worker for task 43.0 in stage 0.0 (TID 43)) 39.541ms
[101.134s][info][gc          ] Allocation Stall (Executor task launch worker for task 11.0 in stage 0.0 (TID 11)) 39.741ms
[101.134s][info][gc          ] Allocation Stall (Executor task launch worker for task 23.0 in stage 0.0 (TID 23)) 39.623ms
[101.134s][info][gc          ] Allocation Stall (Executor task launch worker for task 41.0 in stage 0.0 (TID 41)) 39.613ms
[101.134s][info][gc          ] Allocation Stall (Executor task launch worker for task 25.0 in stage 0.0 (TID 25)) 22.935ms
[101.134s][info][gc          ] Allocation Stall (Executor task launch worker for task 7.0 in stage 0.0 (TID 7)) 32.855ms
[101.134s][info][gc          ] Allocation Stall (Executor task launch worker for task 3.0 in stage 0.0 (TID 3)) 39.585ms
[101.134s][info][gc          ] Allocation Stall (Executor task launch worker for task 26.0 in stage 0.0 (TID 26)) 39.485ms
[101.142s][info][gc          ] Allocation Stall (Executor task launch worker for task 11.0 in stage 0.0 (TID 11)) 1.394ms
[101.142s][info][gc          ] Allocation Stall (Executor task launch worker for task 29.0 in stage 0.0 (TID 29)) 0.924ms
[101.142s][info][gc          ] Allocation Stall (Executor task launch worker for task 32.0 in stage 0.0 (TID 32)) 1.175ms
[101.142s][info][gc          ] Allocation Stall (Executor task launch worker for task 15.0 in stage 0.0 (TID 15)) 1.330ms
[101.142s][info][gc          ] Allocation Stall (Executor task launch worker for task 21.0 in stage 0.0 (TID 21)) 1.804ms
[101.142s][info][gc          ] Allocation Stall (Executor task launch worker for task 33.0 in stage 0.0 (TID 33)) 1.023ms
[101.142s][info][gc          ] Allocation Stall (Executor task launch worker for task 22.0 in stage 0.0 (TID 22)) 1.423ms
[101.142s][info][gc          ] Allocation Stall (Executor task launch worker for task 46.0 in stage 0.0 (TID 46)) 1.154ms
[101.142s][info][gc          ] Allocation Stall (Executor task launch worker for task 36.0 in stage 0.0 (TID 36)) 1.418ms
[101.142s][info][gc          ] Allocation Stall (Executor task launch worker for task 17.0 in stage 0.0 (TID 17)) 1.276ms
[101.142s][info][gc          ] Allocation Stall (Executor task launch worker for task 19.0 in stage 0.0 (TID 19)) 1.457ms
[101.142s][info][gc          ] Allocation Stall (Executor task launch worker for task 27.0 in stage 0.0 (TID 27)) 0.825ms
[101.142s][info][gc          ] Allocation Stall (Executor task launch worker for task 1.0 in stage 0.0 (TID 1)) 1.369ms
[101.142s][info][gc          ] Allocation Stall (Executor task launch worker for task 23.0 in stage 0.0 (TID 23)) 1.525ms
[101.142s][info][gc          ] Allocation Stall (Executor task launch worker for task 18.0 in stage 0.0 (TID 18)) 1.667ms
[101.142s][info][gc          ] Allocation Stall (Executor task launch worker for task 6.0 in stage 0.0 (TID 6)) 1.682ms
[101.142s][info][gc          ] Allocation Stall (Executor task launch worker for task 3.0 in stage 0.0 (TID 3)) 1.363ms
[101.142s][info][gc          ] Allocation Stall (Executor task launch worker for task 4.0 in stage 0.0 (TID 4)) 1.196ms
[101.142s][info][gc          ] Allocation Stall (Executor task launch worker for task 8.0 in stage 0.0 (TID 8)) 1.161ms
[101.142s][info][gc          ] Allocation Stall (Executor task launch worker for task 12.0 in stage 0.0 (TID 12)) 1.022ms
[101.142s][info][gc          ] Allocation Stall (Executor task launch worker for task 30.0 in stage 0.0 (TID 30)) 1.365ms
[101.142s][info][gc          ] Allocation Stall (Executor task launch worker for task 44.0 in stage 0.0 (TID 44)) 1.736ms
[101.142s][info][gc          ] Allocation Stall (Executor task launch worker for task 31.0 in stage 0.0 (TID 31)) 1.808ms
[101.142s][info][gc          ] Allocation Stall (Executor task launch worker for task 7.0 in stage 0.0 (TID 7)) 1.870ms
[101.142s][info][gc          ] Allocation Stall (Executor task launch worker for task 40.0 in stage 0.0 (TID 40)) 1.529ms
[101.142s][info][gc          ] Allocation Stall (Executor task launch worker for task 45.0 in stage 0.0 (TID 45)) 1.805ms
[101.142s][info][gc          ] Allocation Stall (Executor task launch worker for task 43.0 in stage 0.0 (TID 43)) 1.735ms
[101.142s][info][gc          ] Allocation Stall (Executor task launch worker for task 42.0 in stage 0.0 (TID 42)) 1.720ms
[101.142s][info][gc          ] Allocation Stall (Executor task launch worker for task 16.0 in stage 0.0 (TID 16)) 1.547ms
[101.142s][info][gc          ] Allocation Stall (Executor task launch worker for task 14.0 in stage 0.0 (TID 14)) 1.320ms
[101.142s][info][gc          ] Allocation Stall (Executor task launch worker for task 37.0 in stage 0.0 (TID 37)) 1.764ms
[101.142s][info][gc          ] Allocation Stall (Executor task launch worker for task 39.0 in stage 0.0 (TID 39)) 1.736ms
[101.142s][info][gc          ] Allocation Stall (Executor task launch worker for task 41.0 in stage 0.0 (TID 41)) 1.532ms
[101.142s][info][gc          ] Allocation Stall (Executor task launch worker for task 26.0 in stage 0.0 (TID 26)) 1.201ms
[101.142s][info][gc          ] Allocation Stall (Executor task launch worker for task 35.0 in stage 0.0 (TID 35)) 1.571ms
[101.142s][info][gc          ] Allocation Stall (Executor task launch worker for task 20.0 in stage 0.0 (TID 20)) 0.875ms
[101.142s][info][gc,phases   ] GC(41) Concurrent Select Relocation Set 7.894ms
[101.142s][info][gc          ] Allocation Stall (Executor task launch worker for task 28.0 in stage 0.0 (TID 28)) 0.613ms
[101.142s][info][gc          ] Allocation Stall (Executor task launch worker for task 47.0 in stage 0.0 (TID 47)) 0.662ms
[101.148s][info][gc,phases   ] GC(41) Pause Relocate Start 0.007ms
[101.153s][info][gc          ] Allocation Stall (Executor task launch worker for task 26.0 in stage 0.0 (TID 26)) 0.078ms
[101.153s][info][gc          ] Allocation Stall (Executor task launch worker for task 4.0 in stage 0.0 (TID 4)) 0.087ms
[101.153s][info][gc          ] Allocation Stall (Executor task launch worker for task 28.0 in stage 0.0 (TID 28)) 0.086ms
[101.153s][info][gc          ] Allocation Stall (Executor task launch worker for task 3.0 in stage 0.0 (TID 3)) 0.079ms
[101.153s][info][gc          ] Allocation Stall (Executor task launch worker for task 0.0 in stage 0.0 (TID 0)) 0.064ms
[101.153s][info][gc          ] Allocation Stall (Executor task launch worker for task 21.0 in stage 0.0 (TID 21)) 0.072ms
[101.153s][info][gc          ] Allocation Stall (Executor task launch worker for task 10.0 in stage 0.0 (TID 10)) 0.079ms
[101.153s][info][gc          ] Allocation Stall (Executor task launch worker for task 36.0 in stage 0.0 (TID 36)) 0.064ms
[101.153s][info][gc          ] Allocation Stall (Executor task launch worker for task 14.0 in stage 0.0 (TID 14)) 0.052ms
[101.153s][info][gc          ] Allocation Stall (Executor task launch worker for task 30.0 in stage 0.0 (TID 30)) 0.060ms
[101.153s][info][gc          ] Allocation Stall (Executor task launch worker for task 8.0 in stage 0.0 (TID 8)) 0.080ms
[101.153s][info][gc          ] Allocation Stall (Executor task launch worker for task 33.0 in stage 0.0 (TID 33)) 0.092ms
[101.153s][info][gc          ] Allocation Stall (Executor task launch worker for task 6.0 in stage 0.0 (TID 6)) 0.113ms
[101.153s][info][gc          ] Allocation Stall (Executor task launch worker for task 43.0 in stage 0.0 (TID 43)) 0.096ms
[101.153s][info][gc          ] Allocation Stall (Executor task launch worker for task 9.0 in stage 0.0 (TID 9)) 0.099ms
[101.153s][info][gc          ] Allocation Stall (Executor task launch worker for task 45.0 in stage 0.0 (TID 45)) 0.097ms
[101.153s][info][gc          ] Allocation Stall (Executor task launch worker for task 5.0 in stage 0.0 (TID 5)) 0.104ms
[101.153s][info][gc          ] Allocation Stall (Executor task launch worker for task 13.0 in stage 0.0 (TID 13)) 0.128ms
[101.153s][info][gc          ] Allocation Stall (Executor task launch worker for task 18.0 in stage 0.0 (TID 18)) 0.119ms
[101.153s][info][gc          ] Allocation Stall (Executor task launch worker for task 38.0 in stage 0.0 (TID 38)) 0.118ms
[101.153s][info][gc          ] Allocation Stall (Executor task launch worker for task 39.0 in stage 0.0 (TID 39)) 0.108ms
[101.153s][info][gc          ] Allocation Stall (Executor task launch worker for task 46.0 in stage 0.0 (TID 46)) 0.113ms
[101.153s][info][gc          ] Allocation Stall (Executor task launch worker for task 31.0 in stage 0.0 (TID 31)) 0.096ms
[101.153s][info][gc          ] Relocation Stall (Executor task launch worker for task 17.0 in stage 0.0 (TID 17)) 0.384ms
[101.158s][info][gc          ] Allocation Stall (Executor task launch worker for task 43.0 in stage 0.0 (TID 43)) 0.017ms
[101.158s][info][gc          ] Allocation Stall (Executor task launch worker for task 0.0 in stage 0.0 (TID 0)) 0.024ms
[101.158s][info][gc          ] Allocation Stall (Executor task launch worker for task 6.0 in stage 0.0 (TID 6)) 0.098ms
[101.160s][info][gc          ] Allocation Stall (Executor task launch worker for task 20.0 in stage 0.0 (TID 20)) 1.276ms
[101.160s][info][gc          ] Allocation Stall (Executor task launch worker for task 21.0 in stage 0.0 (TID 21)) 1.175ms
[101.160s][info][gc          ] Allocation Stall (Executor task launch worker for task 13.0 in stage 0.0 (TID 13)) 1.076ms
[101.160s][info][gc          ] Allocation Stall (Executor task launch worker for task 43.0 in stage 0.0 (TID 43)) 1.101ms
[101.160s][info][gc          ] Allocation Stall (Executor task launch worker for task 45.0 in stage 0.0 (TID 45)) 1.139ms
[101.160s][info][gc          ] Allocation Stall (Executor task launch worker for task 8.0 in stage 0.0 (TID 8)) 1.192ms
[101.160s][info][gc          ] Allocation Stall (Executor task launch worker for task 18.0 in stage 0.0 (TID 18)) 1.194ms
[101.160s][info][gc          ] Allocation Stall (Executor task launch worker for task 10.0 in stage 0.0 (TID 10)) 1.183ms
[101.160s][info][gc          ] Allocation Stall (Executor task launch worker for task 38.0 in stage 0.0 (TID 38)) 1.278ms
[101.160s][info][gc          ] Allocation Stall (Executor task launch worker for task 33.0 in stage 0.0 (TID 33)) 1.310ms
[101.160s][info][gc          ] Allocation Stall (Executor task launch worker for task 39.0 in stage 0.0 (TID 39)) 1.328ms
[101.160s][info][gc          ] Allocation Stall (Executor task launch worker for task 14.0 in stage 0.0 (TID 14)) 1.333ms
[101.160s][info][gc          ] Allocation Stall (Executor task launch worker for task 36.0 in stage 0.0 (TID 36)) 1.386ms
[101.160s][info][gc          ] Allocation Stall (Executor task launch worker for task 31.0 in stage 0.0 (TID 31)) 1.421ms
[101.160s][info][gc          ] Allocation Stall (Executor task launch worker for task 4.0 in stage 0.0 (TID 4)) 1.545ms
[101.160s][info][gc          ] Allocation Stall (Executor task launch worker for task 0.0 in stage 0.0 (TID 0)) 1.568ms
[101.160s][info][gc          ] Allocation Stall (Executor task launch worker for task 35.0 in stage 0.0 (TID 35)) 1.659ms
[101.161s][info][gc          ] Allocation Stall (Executor task launch worker for task 6.0 in stage 0.0 (TID 6)) 1.704ms
[101.170s][info][gc          ] Allocation Stall (Executor task launch worker for task 28.0 in stage 0.0 (TID 28)) 10.856ms
[101.170s][info][gc          ] Allocation Stall (Executor task launch worker for task 27.0 in stage 0.0 (TID 27)) 11.124ms
[101.175s][info][gc          ] Allocation Stall (Executor task launch worker for task 30.0 in stage 0.0 (TID 30)) 15.060ms
[101.175s][info][gc          ] Allocation Stall (Executor task launch worker for task 3.0 in stage 0.0 (TID 3)) 13.934ms
[101.175s][info][gc          ] Allocation Stall (Executor task launch worker for task 9.0 in stage 0.0 (TID 9)) 11.381ms
[101.175s][info][gc          ] Allocation Stall (Executor task launch worker for task 17.0 in stage 0.0 (TID 17)) 10.980ms
[101.175s][info][gc          ] Allocation Stall (Executor task launch worker for task 15.0 in stage 0.0 (TID 15)) 9.459ms
[101.175s][info][gc          ] Allocation Stall (Executor task launch worker for task 33.0 in stage 0.0 (TID 33)) 7.506ms
[101.175s][info][gc          ] Allocation Stall (Executor task launch worker for task 20.0 in stage 0.0 (TID 20)) 7.181ms
[101.175s][info][gc          ] Allocation Stall (Executor task launch worker for task 24.0 in stage 0.0 (TID 24)) 5.513ms
[101.175s][info][gc          ] Allocation Stall (Executor task launch worker for task 26.0 in stage 0.0 (TID 26)) 5.453ms
[101.175s][info][gc          ] Allocation Stall (Executor task launch worker for task 46.0 in stage 0.0 (TID 46)) 5.466ms
[101.175s][info][gc          ] Allocation Stall (Executor task launch worker for task 39.0 in stage 0.0 (TID 39)) 5.522ms
[101.175s][info][gc          ] Allocation Stall (Executor task launch worker for task 22.0 in stage 0.0 (TID 22)) 5.489ms
[101.176s][info][gc          ] Allocation Stall (Executor task launch worker for task 18.0 in stage 0.0 (TID 18)) 6.040ms
[101.176s][info][gc          ] Allocation Stall (Executor task launch worker for task 28.0 in stage 0.0 (TID 28)) 5.806ms
[101.176s][info][gc          ] Allocation Stall (Executor task launch worker for task 36.0 in stage 0.0 (TID 36)) 4.952ms
[101.176s][info][gc          ] Allocation Stall (Executor task launch worker for task 14.0 in stage 0.0 (TID 14)) 4.202ms
[101.176s][info][gc          ] Allocation Stall (Executor task launch worker for task 37.0 in stage 0.0 (TID 37)) 4.167ms
[101.176s][info][gc          ] Allocation Stall (Executor task launch worker for task 8.0 in stage 0.0 (TID 8)) 4.256ms
[101.177s][info][gc          ] Allocation Stall (Executor task launch worker for task 6.0 in stage 0.0 (TID 6)) 4.234ms
[101.177s][info][gc          ] Allocation Stall (Executor task launch worker for task 38.0 in stage 0.0 (TID 38)) 3.823ms
[101.177s][info][gc          ] Allocation Stall (Executor task launch worker for task 10.0 in stage 0.0 (TID 10)) 3.801ms
[101.177s][info][gc          ] Allocation Stall (Executor task launch worker for task 5.0 in stage 0.0 (TID 5)) 3.752ms
[101.198s][info][gc          ] Allocation Stall (Executor task launch worker for task 29.0 in stage 0.0 (TID 29)) 6.919ms
[101.198s][info][gc          ] Allocation Stall (Executor task launch worker for task 37.0 in stage 0.0 (TID 37)) 6.298ms
[101.198s][info][gc          ] Allocation Stall (Executor task launch worker for task 14.0 in stage 0.0 (TID 14)) 9.334ms
[101.198s][info][gc          ] Allocation Stall (Executor task launch worker for task 39.0 in stage 0.0 (TID 39)) 9.153ms
[101.198s][info][gc          ] Allocation Stall (Executor task launch worker for task 15.0 in stage 0.0 (TID 15)) 9.109ms
[101.198s][info][gc          ] Allocation Stall (Executor task launch worker for task 17.0 in stage 0.0 (TID 17)) 9.111ms
[101.198s][info][gc          ] Allocation Stall (Executor task launch worker for task 11.0 in stage 0.0 (TID 11)) 8.755ms
[101.198s][info][gc          ] Allocation Stall (Executor task launch worker for task 20.0 in stage 0.0 (TID 20)) 8.536ms
[101.198s][info][gc          ] Allocation Stall (Executor task launch worker for task 21.0 in stage 0.0 (TID 21)) 8.136ms
[101.198s][info][gc          ] Allocation Stall (Executor task launch worker for task 35.0 in stage 0.0 (TID 35)) 7.982ms
[101.198s][info][gc          ] Allocation Stall (Executor task launch worker for task 43.0 in stage 0.0 (TID 43)) 7.874ms
[101.198s][info][gc          ] Allocation Stall (Executor task launch worker for task 12.0 in stage 0.0 (TID 12)) 7.599ms
[101.198s][info][gc          ] Allocation Stall (Executor task launch worker for task 4.0 in stage 0.0 (TID 4)) 7.390ms
[101.198s][info][gc          ] Allocation Stall (Executor task launch worker for task 13.0 in stage 0.0 (TID 13)) 7.244ms
[101.198s][info][gc          ] Allocation Stall (Executor task launch worker for task 10.0 in stage 0.0 (TID 10)) 7.145ms
[101.198s][info][gc          ] Allocation Stall (Executor task launch worker for task 47.0 in stage 0.0 (TID 47)) 7.065ms
[101.200s][info][gc          ] Allocation Stall (Executor task launch worker for task 5.0 in stage 0.0 (TID 5)) 8.292ms
[101.200s][info][gc          ] Allocation Stall (Executor task launch worker for task 22.0 in stage 0.0 (TID 22)) 7.895ms
[101.200s][info][gc          ] Allocation Stall (Executor task launch worker for task 0.0 in stage 0.0 (TID 0)) 7.802ms
[101.200s][info][gc          ] Allocation Stall (Executor task launch worker for task 40.0 in stage 0.0 (TID 40)) 7.770ms
[101.201s][info][gc          ] Allocation Stall (Executor task launch worker for task 41.0 in stage 0.0 (TID 41)) 7.750ms
[101.201s][info][gc          ] Allocation Stall (Executor task launch worker for task 32.0 in stage 0.0 (TID 32)) 7.513ms
[101.201s][info][gc          ] Allocation Stall (Executor task launch worker for task 36.0 in stage 0.0 (TID 36)) 7.236ms
[101.201s][info][gc          ] Allocation Stall (Executor task launch worker for task 28.0 in stage 0.0 (TID 28)) 7.032ms
[101.201s][info][gc          ] Allocation Stall (Executor task launch worker for task 24.0 in stage 0.0 (TID 24)) 6.958ms
[101.201s][info][gc          ] Allocation Stall (Executor task launch worker for task 33.0 in stage 0.0 (TID 33)) 6.839ms
[101.201s][info][gc          ] Allocation Stall (Executor task launch worker for task 31.0 in stage 0.0 (TID 31)) 6.495ms
[101.202s][info][gc          ] Allocation Stall (Executor task launch worker for task 46.0 in stage 0.0 (TID 46)) 6.475ms
[101.202s][info][gc          ] Allocation Stall (Executor task launch worker for task 18.0 in stage 0.0 (TID 18)) 6.356ms
[101.221s][info][gc          ] Relocation Stall (Executor task launch worker for task 25.0 in stage 0.0 (TID 25)) 20.789ms
[101.221s][info][gc          ] Allocation Stall (Executor task launch worker for task 1.0 in stage 0.0 (TID 1)) 25.388ms
[101.221s][info][gc          ] Allocation Stall (Executor task launch worker for task 16.0 in stage 0.0 (TID 16)) 25.326ms
[101.221s][info][gc,phases   ] GC(41) Concurrent Relocate 68.691ms
[101.221s][info][gc          ] Allocation Stall (Executor task launch worker for task 19.0 in stage 0.0 (TID 19)) 25.017ms
[101.221s][info][gc,load     ] GC(41) Load: 0.00/0.00/0.00
[101.221s][info][gc          ] Allocation Stall (Executor task launch worker for task 42.0 in stage 0.0 (TID 42)) 25.061ms
[101.221s][info][gc,mmu      ] GC(41) MMU: 2ms/94.2%, 5ms/97.7%, 10ms/98.8%, 20ms/99.3%, 50ms/99.7%, 100ms/99.9%
[101.221s][info][gc          ] Allocation Stall (Executor task launch worker for task 2.0 in stage 0.0 (TID 2)) 25.089ms
[101.221s][info][gc,marking  ] GC(41) Mark: 8 stripe(s), 2 proactive flush(es), 1 terminate flush(es), 0 completion(s), 0 continuation(s) 
[101.221s][info][gc          ] Allocation Stall (Executor task launch worker for task 38.0 in stage 0.0 (TID 38)) 25.127ms
[101.221s][info][gc,marking  ] GC(41) Mark Stack Usage: 32M
[101.221s][info][gc,nmethod  ] GC(41) NMethods: 2054 registered, 67 unregistered
[101.221s][info][gc,metaspace] GC(41) Metaspace: 112M used, 124M committed, 1152M reserved
[101.221s][info][gc,ref      ] GC(41) Soft: 2800 encountered, 2375 discovered, 0 enqueued
[101.221s][info][gc,ref      ] GC(41) Weak: 12966 encountered, 1403 discovered, 2 enqueued
[101.221s][info][gc,ref      ] GC(41) Final: 62 encountered, 4 discovered, 0 enqueued
[101.221s][info][gc,ref      ] GC(41) Phantom: 750 encountered, 548 discovered, 0 enqueued
[101.221s][info][gc,reloc    ] GC(41) Small Pages: 184 / 368M, Empty: 228M, Relocated: 4M, In-Place: 3
[101.221s][info][gc,reloc    ] GC(41) Medium Pages: 11 / 352M, Empty: 0M, Relocated: 19M, In-Place: 1
[101.221s][info][gc,reloc    ] GC(41) Large Pages: 38 / 304M, Empty: 0M, Relocated: 0M, In-Place: 0
[101.221s][info][gc,reloc    ] GC(41) Forwarding Usage: 0M
[101.222s][info][gc,heap     ] GC(41) Min Capacity: 8M(1%)
[101.222s][info][gc,heap     ] GC(41) Max Capacity: 1024M(100%)
[101.222s][info][gc,heap     ] GC(41) Soft Max Capacity: 1024M(100%)
[101.222s][info][gc,heap     ] GC(41)                Mark Start          Mark End        Relocate Start      Relocate End           High               Low         
[101.222s][info][gc,heap     ] GC(41)  Capacity:     1024M (100%)       1024M (100%)       1024M (100%)       1024M (100%)       1024M (100%)       1024M (100%)   
[101.222s][info][gc,heap     ] GC(41)      Free:        0M (0%)            0M (0%)           86M (8%)            0M (0%)          128M (13%)           0M (0%)     
[101.222s][info][gc,heap     ] GC(41)      Used:     1024M (100%)       1024M (100%)        938M (92%)        1024M (100%)       1024M (100%)        896M (88%)    
[101.222s][info][gc,heap     ] GC(41)      Live:         -               601M (59%)         601M (59%)         601M (59%)            -                  -          
[101.222s][info][gc,heap     ] GC(41) Allocated:         -                 0M (0%)          142M (14%)         340M (33%)            -                  -          
[101.222s][info][gc,heap     ] GC(41)   Garbage:         -               422M (41%)         194M (19%)          82M (8%)             -                  -          
[101.222s][info][gc,heap     ] GC(41) Reclaimed:         -                  -               228M (22%)         340M (33%)            -                  -          
[101.222s][info][gc          ] GC(41) Garbage Collection (Allocation Stall) 1024M(100%)->1024M(100%)
[101.222s][info][gc,start    ] GC(42) Garbage Collection (Allocation Stall)
[101.222s][info][gc,ref      ] GC(42) Clearing All SoftReferences
[101.222s][info][gc,task     ] GC(42) Using 10 workers
[101.242s][info][gc,ref      ] GC(42) Clearing All SoftReferences
[101.242s][info][gc,phases   ] GC(42) Pause Mark Start 0.057ms
[101.273s][info][gc,phases   ] GC(42) Concurrent Mark 31.109ms
[101.273s][info][gc,phases   ] GC(42) Pause Mark End 0.026ms
[101.273s][info][gc,phases   ] GC(42) Concurrent Mark Free 0.001ms
[101.274s][info][gc,phases   ] GC(42) Concurrent Process Non-Strong References 1.049ms
[101.274s][info][gc,phases   ] GC(42) Concurrent Reset Relocation Set 0.005ms
[101.275s][info][gc          ] Allocation Stall (Executor task launch worker for task 38.0 in stage 0.0 (TID 38)) 32.428ms
[101.275s][info][gc          ] Allocation Stall (Executor task launch worker for task 25.0 in stage 0.0 (TID 25)) 32.264ms
[101.275s][info][gc          ] Allocation Stall (Executor task launch worker for task 28.0 in stage 0.0 (TID 28)) 32.473ms
[101.275s][info][gc          ] Allocation Stall (Executor task launch worker for task 39.0 in stage 0.0 (TID 39)) 32.440ms
[101.275s][info][gc          ] Allocation Stall (Executor task launch worker for task 20.0 in stage 0.0 (TID 20)) 32.499ms
[101.275s][info][gc          ] Allocation Stall (Executor task launch worker for task 34.0 in stage 0.0 (TID 34)) 32.464ms
[101.275s][info][gc          ] Allocation Stall (Executor task launch worker for task 0.0 in stage 0.0 (TID 0)) 32.558ms
[101.275s][info][gc          ] Allocation Stall (Executor task launch worker for task 46.0 in stage 0.0 (TID 46)) 32.465ms
[101.275s][info][gc          ] Allocation Stall (Executor task launch worker for task 19.0 in stage 0.0 (TID 19)) 32.471ms
[101.275s][info][gc          ] Allocation Stall (Executor task launch worker for task 6.0 in stage 0.0 (TID 6)) 78.040ms
[101.275s][info][gc          ] Allocation Stall (Executor task launch worker for task 2.0 in stage 0.0 (TID 2)) 53.011ms
[101.275s][info][gc          ] Allocation Stall (Executor task launch worker for task 40.0 in stage 0.0 (TID 40)) 32.490ms
[101.275s][info][gc          ] Allocation Stall (Executor task launch worker for task 43.0 in stage 0.0 (TID 43)) 32.516ms
[101.275s][info][gc          ] Allocation Stall (Executor task launch worker for task 23.0 in stage 0.0 (TID 23)) 71.054ms
[101.275s][info][gc          ] Allocation Stall (Executor task launch worker for task 8.0 in stage 0.0 (TID 8)) 77.965ms
[101.275s][info][gc          ] Allocation Stall (Executor task launch worker for task 18.0 in stage 0.0 (TID 18)) 32.470ms
[101.275s][info][gc          ] Allocation Stall (Executor task launch worker for task 31.0 in stage 0.0 (TID 31)) 32.328ms
[101.275s][info][gc          ] Allocation Stall (Executor task launch worker for task 22.0 in stage 0.0 (TID 22)) 32.548ms
[101.275s][info][gc          ] Allocation Stall (Executor task launch worker for task 17.0 in stage 0.0 (TID 17)) 32.502ms
[101.275s][info][gc          ] Allocation Stall (Executor task launch worker for task 29.0 in stage 0.0 (TID 29)) 32.599ms
[101.275s][info][gc          ] Allocation Stall (Executor task launch worker for task 44.0 in stage 0.0 (TID 44)) 32.316ms
[101.275s][info][gc          ] Allocation Stall (Executor task launch worker for task 11.0 in stage 0.0 (TID 11)) 52.606ms
[101.275s][info][gc          ] Allocation Stall (Executor task launch worker for task 42.0 in stage 0.0 (TID 42)) 32.532ms
[101.275s][info][gc          ] Allocation Stall (Executor task launch worker for task 30.0 in stage 0.0 (TID 30)) 77.803ms
[101.275s][info][gc          ] Allocation Stall (Spark Context Cleaner) 32.435ms
[101.275s][info][gc          ] Allocation Stall (Executor task launch worker for task 21.0 in stage 0.0 (TID 21)) 32.619ms
[101.275s][info][gc          ] Allocation Stall (Executor task launch worker for task 4.0 in stage 0.0 (TID 4)) 32.288ms
[101.275s][info][gc          ] Allocation Stall (Executor task launch worker for task 26.0 in stage 0.0 (TID 26)) 77.581ms
[101.275s][info][gc          ] Allocation Stall (Executor task launch worker for task 37.0 in stage 0.0 (TID 37)) 52.670ms
[101.275s][info][gc          ] Allocation Stall (Executor task launch worker for task 3.0 in stage 0.0 (TID 3)) 78.470ms
[101.275s][info][gc          ] Allocation Stall (Executor task launch worker for task 41.0 in stage 0.0 (TID 41)) 32.568ms
[101.275s][info][gc          ] Allocation Stall (Executor task launch worker for task 13.0 in stage 0.0 (TID 13)) 32.525ms
[101.275s][info][gc          ] Allocation Stall (Executor task launch worker for task 47.0 in stage 0.0 (TID 47)) 32.528ms
[101.275s][info][gc          ] Allocation Stall (Executor task launch worker for task 5.0 in stage 0.0 (TID 5)) 32.561ms
[101.275s][info][gc          ] Allocation Stall (Executor task launch worker for task 36.0 in stage 0.0 (TID 36)) 32.586ms
[101.275s][info][gc          ] Allocation Stall (Executor task launch worker for task 33.0 in stage 0.0 (TID 33)) 32.505ms
[101.275s][info][gc          ] Allocation Stall (Executor task launch worker for task 24.0 in stage 0.0 (TID 24)) 32.545ms
[101.275s][info][gc          ] Allocation Stall (Executor task launch worker for task 35.0 in stage 0.0 (TID 35)) 32.492ms
[101.275s][info][gc          ] Allocation Stall (Executor task launch worker for task 9.0 in stage 0.0 (TID 9)) 77.726ms
[101.275s][info][gc          ] Allocation Stall (Executor task launch worker for task 27.0 in stage 0.0 (TID 27)) 78.149ms
[101.275s][info][gc          ] Allocation Stall (Executor task launch worker for task 16.0 in stage 0.0 (TID 16)) 32.599ms
[101.275s][info][gc          ] Allocation Stall (Executor task launch worker for task 14.0 in stage 0.0 (TID 14)) 32.568ms
[101.275s][info][gc          ] Allocation Stall (Executor task launch worker for task 10.0 in stage 0.0 (TID 10)) 32.612ms
[101.275s][info][gc          ] Allocation Stall (Executor task launch worker for task 45.0 in stage 0.0 (TID 45)) 77.677ms
[101.275s][info][gc          ] Allocation Stall (Executor task launch worker for task 32.0 in stage 0.0 (TID 32)) 32.645ms
[101.275s][info][gc          ] Allocation Stall (Executor task launch worker for task 7.0 in stage 0.0 (TID 7)) 78.213ms
[101.275s][info][gc          ] Allocation Stall (Executor task launch worker for task 15.0 in stage 0.0 (TID 15)) 32.128ms
[101.275s][info][gc          ] Allocation Stall (Executor task launch worker for task 12.0 in stage 0.0 (TID 12)) 32.133ms
[101.275s][info][gc          ] Allocation Stall (Executor task launch worker for task 1.0 in stage 0.0 (TID 1)) 28.841ms
[101.287s][info][gc,phases   ] GC(42) Concurrent Select Relocation Set 12.910ms
[101.304s][info][gc,phases   ] GC(42) Pause Relocate Start 0.010ms
[101.349s][info][gc          ] Allocation Stall (Executor task launch worker for task 43.0 in stage 0.0 (TID 43)) 27.713ms
[101.349s][info][gc          ] Allocation Stall (Executor task launch worker for task 3.0 in stage 0.0 (TID 3)) 26.521ms
[101.349s][info][gc          ] Allocation Stall (Executor task launch worker for task 41.0 in stage 0.0 (TID 41)) 25.743ms
[101.349s][info][gc          ] Allocation Stall (Executor task launch worker for task 47.0 in stage 0.0 (TID 47)) 25.743ms
[101.351s][info][gc          ] Allocation Stall (Executor task launch worker for task 45.0 in stage 0.0 (TID 45)) 26.980ms
[101.351s][info][gc          ] Allocation Stall (Executor task launch worker for task 8.0 in stage 0.0 (TID 8)) 27.452ms
[101.351s][info][gc          ] Allocation Stall (Executor task launch worker for task 28.0 in stage 0.0 (TID 28)) 26.960ms
[101.351s][info][gc          ] Allocation Stall (Executor task launch worker for task 17.0 in stage 0.0 (TID 17)) 27.113ms
[101.351s][info][gc          ] Allocation Stall (Executor task launch worker for task 32.0 in stage 0.0 (TID 32)) 27.159ms
[101.351s][info][gc          ] Allocation Stall (Executor task launch worker for task 38.0 in stage 0.0 (TID 38)) 27.185ms
[101.351s][info][gc          ] Allocation Stall (Executor task launch worker for task 5.0 in stage 0.0 (TID 5)) 27.120ms
[101.351s][info][gc          ] Allocation Stall (Executor task launch worker for task 11.0 in stage 0.0 (TID 11)) 27.117ms
[101.351s][info][gc          ] Allocation Stall (Executor task launch worker for task 37.0 in stage 0.0 (TID 37)) 27.095ms
[101.351s][info][gc          ] Allocation Stall (Executor task launch worker for task 31.0 in stage 0.0 (TID 31)) 27.093ms
[101.351s][info][gc          ] Allocation Stall (Executor task launch worker for task 21.0 in stage 0.0 (TID 21)) 27.120ms
[101.351s][info][gc          ] Allocation Stall (Executor task launch worker for task 6.0 in stage 0.0 (TID 6)) 27.079ms
[101.351s][info][gc          ] Allocation Stall (Executor task launch worker for task 36.0 in stage 0.0 (TID 36)) 27.088ms
[101.354s][info][gc          ] Allocation Stall (Executor task launch worker for task 24.0 in stage 0.0 (TID 24)) 30.234ms
[101.354s][info][gc          ] Allocation Stall (Executor task launch worker for task 42.0 in stage 0.0 (TID 42)) 30.238ms
[101.354s][info][gc          ] Allocation Stall (Executor task launch worker for task 22.0 in stage 0.0 (TID 22)) 30.231ms
[101.354s][info][gc          ] Allocation Stall (Executor task launch worker for task 4.0 in stage 0.0 (TID 4)) 30.371ms
[101.354s][info][gc          ] Allocation Stall (Executor task launch worker for task 19.0 in stage 0.0 (TID 19)) 30.375ms
[101.354s][info][gc          ] Allocation Stall (Executor task launch worker for task 29.0 in stage 0.0 (TID 29)) 30.257ms
[101.357s][info][gc          ] Allocation Stall (Executor task launch worker for task 23.0 in stage 0.0 (TID 23)) 11.990ms
[101.357s][info][gc          ] Allocation Stall (Executor task launch worker for task 40.0 in stage 0.0 (TID 40)) 2.712ms
[101.357s][info][gc,phases   ] GC(42) Concurrent Relocate 50.993ms
[101.357s][info][gc          ] Allocation Stall (Executor task launch worker for task 20.0 in stage 0.0 (TID 20)) 33.091ms
[101.357s][info][gc          ] Allocation Stall (Executor task launch worker for task 13.0 in stage 0.0 (TID 13)) 33.096ms
[101.357s][info][gc          ] Allocation Stall (Executor task launch worker for task 33.0 in stage 0.0 (TID 33)) 33.113ms
[101.357s][info][gc          ] Allocation Stall (Executor task launch worker for task 35.0 in stage 0.0 (TID 35)) 33.118ms
[101.357s][info][gc          ] Allocation Stall (Executor task launch worker for task 46.0 in stage 0.0 (TID 46)) 33.126ms
[101.357s][info][gc          ] Allocation Stall (Executor task launch worker for task 44.0 in stage 0.0 (TID 44)) 33.122ms
[101.357s][info][gc          ] Allocation Stall (Executor task launch worker for task 9.0 in stage 0.0 (TID 9)) 33.126ms
[101.357s][info][gc,load     ] GC(42) Load: 0.00/0.00/0.00
[101.357s][info][gc          ] Allocation Stall (Executor task launch worker for task 25.0 in stage 0.0 (TID 25)) 33.145ms
[101.357s][info][gc          ] Allocation Stall (Executor task launch worker for task 0.0 in stage 0.0 (TID 0)) 33.152ms
[101.357s][info][gc          ] Allocation Stall (Executor task launch worker for task 14.0 in stage 0.0 (TID 14)) 33.149ms
[101.357s][info][gc          ] Allocation Stall (Executor task launch worker for task 34.0 in stage 0.0 (TID 34)) 33.136ms
[101.357s][info][gc          ] Allocation Stall (Executor task launch worker for task 15.0 in stage 0.0 (TID 15)) 33.121ms
[101.357s][info][gc          ] Allocation Stall (Executor task launch worker for task 1.0 in stage 0.0 (TID 1)) 33.065ms
[101.357s][info][gc          ] Allocation Stall (Executor task launch worker for task 7.0 in stage 0.0 (TID 7)) 16.149ms
[101.357s][info][gc          ] Allocation Stall (Executor task launch worker for task 39.0 in stage 0.0 (TID 39)) 16.234ms
[101.357s][info][gc          ] Allocation Stall (Executor task launch worker for task 16.0 in stage 0.0 (TID 16)) 15.937ms
[101.357s][info][gc          ] Allocation Stall (Executor task launch worker for task 26.0 in stage 0.0 (TID 26)) 15.676ms
[101.357s][info][gc          ] Allocation Stall (Executor task launch worker for task 12.0 in stage 0.0 (TID 12)) 15.784ms
[101.357s][info][gc          ] Allocation Stall (Executor task launch worker for task 10.0 in stage 0.0 (TID 10)) 13.848ms
[101.358s][info][gc,mmu      ] GC(42) MMU: 2ms/94.2%, 5ms/97.7%, 10ms/98.8%, 20ms/99.3%, 50ms/99.7%, 100ms/99.9%
[101.358s][info][gc,marking  ] GC(42) Mark: 8 stripe(s), 2 proactive flush(es), 1 terminate flush(es), 0 completion(s), 0 continuation(s) 
[101.358s][info][gc,marking  ] GC(42) Mark Stack Usage: 32M
[101.358s][info][gc,nmethod  ] GC(42) NMethods: 2059 registered, 67 unregistered
[101.358s][info][gc,metaspace] GC(42) Metaspace: 112M used, 124M committed, 1152M reserved
[101.358s][info][gc,ref      ] GC(42) Soft: 2800 encountered, 2345 discovered, 0 enqueued
[101.358s][info][gc,ref      ] GC(42) Weak: 12966 encountered, 3006 discovered, 2 enqueued
[101.358s][info][gc,ref      ] GC(42) Final: 62 encountered, 4 discovered, 0 enqueued
[101.358s][info][gc,ref      ] GC(42) Phantom: 750 encountered, 503 discovered, 0 enqueued
[101.358s][info][gc,reloc    ] GC(42) Small Pages: 180 / 360M, Empty: 206M, Relocated: 4M, In-Place: 0
[101.358s][info][gc,reloc    ] GC(42) Medium Pages: 11 / 352M, Empty: 0M, Relocated: 26M, In-Place: 0
[101.359s][info][gc,reloc    ] GC(42) Large Pages: 39 / 312M, Empty: 32M, Relocated: 0M, In-Place: 0
[101.359s][info][gc,reloc    ] GC(42) Forwarding Usage: 0M
[101.359s][info][gc,heap     ] GC(42) Min Capacity: 8M(1%)
[101.359s][info][gc,heap     ] GC(42) Max Capacity: 1024M(100%)
[101.359s][info][gc,heap     ] GC(42) Soft Max Capacity: 1024M(100%)
[101.359s][info][gc,heap     ] GC(42)                Mark Start          Mark End        Relocate Start      Relocate End           High               Low         
[101.359s][info][gc,heap     ] GC(42)  Capacity:     1024M (100%)       1024M (100%)       1024M (100%)       1024M (100%)       1024M (100%)       1024M (100%)   
[101.359s][info][gc,heap     ] GC(42)      Free:        0M (0%)            0M (0%)          178M (17%)          16M (2%)          184M (18%)           0M (0%)     
[101.359s][info][gc,heap     ] GC(42)      Used:     1024M (100%)       1024M (100%)        846M (83%)        1008M (98%)        1024M (100%)        840M (82%)    
[101.359s][info][gc,heap     ] GC(42)      Live:         -               591M (58%)         591M (58%)         591M (58%)            -                  -          
[101.359s][info][gc,heap     ] GC(42) Allocated:         -                 0M (0%)           60M (6%)          339M (33%)            -                  -          
[101.359s][info][gc,heap     ] GC(42)   Garbage:         -               432M (42%)         194M (19%)          76M (8%)             -                  -          
[101.359s][info][gc,heap     ] GC(42) Reclaimed:         -                  -               238M (23%)         355M (35%)            -                  -          
[101.359s][info][gc          ] GC(42) Garbage Collection (Allocation Stall) 1024M(100%)->1008M(98%)
[101.399s][info][gc,start    ] GC(43) Garbage Collection (Allocation Stall)
[101.399s][info][gc,ref      ] GC(43) Clearing All SoftReferences
[101.399s][info][gc,task     ] GC(43) Using 10 workers
[101.414s][info][gc,ref      ] GC(43) Clearing All SoftReferences
[101.414s][info][gc,phases   ] GC(43) Pause Mark Start 0.048ms
[101.414s][info][gc          ] Allocation Stall (Executor task launch worker for task 29.0 in stage 0.0 (TID 29)) 14.747ms
[101.414s][info][gc          ] Allocation Stall (Executor task launch worker for task 24.0 in stage 0.0 (TID 24)) 14.769ms
[101.414s][info][gc          ] Allocation Stall (Executor task launch worker for task 4.0 in stage 0.0 (TID 4)) 14.653ms
[101.445s][info][gc,phases   ] GC(43) Concurrent Mark 31.008ms
[101.445s][info][gc,phases   ] GC(43) Pause Mark End 0.014ms
[101.445s][info][gc,phases   ] GC(43) Concurrent Mark Free 0.000ms
[101.446s][info][gc,phases   ] GC(43) Concurrent Process Non-Strong References 0.866ms
[101.446s][info][gc,phases   ] GC(43) Concurrent Reset Relocation Set 0.005ms
[101.446s][info][gc          ] Allocation Stall (Executor task launch worker for task 21.0 in stage 0.0 (TID 21)) 22.599ms
[101.446s][info][gc          ] Allocation Stall (Executor task launch worker for task 26.0 in stage 0.0 (TID 26)) 22.520ms
[101.446s][info][gc          ] Allocation Stall (Executor task launch worker for task 16.0 in stage 0.0 (TID 16)) 23.575ms
[101.446s][info][gc          ] Allocation Stall (Executor task launch worker for task 32.0 in stage 0.0 (TID 32)) 23.498ms
[101.446s][info][gc          ] Allocation Stall (Executor task launch worker for task 24.0 in stage 0.0 (TID 24)) 23.562ms
[101.446s][info][gc          ] Allocation Stall (Executor task launch worker for task 39.0 in stage 0.0 (TID 39)) 23.384ms
[101.446s][info][gc          ] Allocation Stall (Executor task launch worker for task 41.0 in stage 0.0 (TID 41)) 10.479ms
[101.446s][info][gc          ] Allocation Stall (Executor task launch worker for task 5.0 in stage 0.0 (TID 5)) 23.944ms
[101.446s][info][gc          ] Allocation Stall (Executor task launch worker for task 30.0 in stage 0.0 (TID 30)) 22.877ms
[101.446s][info][gc          ] Allocation Stall (Executor task launch worker for task 13.0 in stage 0.0 (TID 13)) 22.156ms
[101.446s][info][gc          ] Allocation Stall (Executor task launch worker for task 3.0 in stage 0.0 (TID 3)) 13.192ms
[101.446s][info][gc          ] Allocation Stall (Executor task launch worker for task 37.0 in stage 0.0 (TID 37)) 23.258ms
[101.446s][info][gc          ] Allocation Stall (Executor task launch worker for task 36.0 in stage 0.0 (TID 36)) 10.731ms
[101.446s][info][gc          ] Allocation Stall (Executor task launch worker for task 0.0 in stage 0.0 (TID 0)) 22.913ms
[101.446s][info][gc          ] Allocation Stall (Executor task launch worker for task 8.0 in stage 0.0 (TID 8)) 12.960ms
[101.446s][info][gc          ] Allocation Stall (Executor task launch worker for task 28.0 in stage 0.0 (TID 28)) 22.920ms
[101.446s][info][gc          ] Allocation Stall (Executor task launch worker for task 10.0 in stage 0.0 (TID 10)) 22.260ms
[101.446s][info][gc          ] Allocation Stall (Executor task launch worker for task 29.0 in stage 0.0 (TID 29)) 22.693ms
[101.446s][info][gc          ] Allocation Stall (Executor task launch worker for task 38.0 in stage 0.0 (TID 38)) 23.565ms
[101.446s][info][gc          ] Allocation Stall (Executor task launch worker for task 27.0 in stage 0.0 (TID 27)) 32.097ms
[101.446s][info][gc          ] Allocation Stall (Executor task launch worker for task 14.0 in stage 0.0 (TID 14)) 23.491ms
[101.446s][info][gc          ] Allocation Stall (Executor task launch worker for task 23.0 in stage 0.0 (TID 23)) 32.160ms
[101.446s][info][gc          ] Allocation Stall (Executor task launch worker for task 22.0 in stage 0.0 (TID 22)) 32.156ms
[101.446s][info][gc          ] Allocation Stall (Executor task launch worker for task 43.0 in stage 0.0 (TID 43)) 12.317ms
[101.446s][info][gc          ] Allocation Stall (Executor task launch worker for task 45.0 in stage 0.0 (TID 45)) 22.555ms
[101.446s][info][gc          ] Allocation Stall (Executor task launch worker for task 7.0 in stage 0.0 (TID 7)) 23.820ms
[101.446s][info][gc          ] Allocation Stall (Executor task launch worker for task 35.0 in stage 0.0 (TID 35)) 23.852ms
[101.446s][info][gc          ] Allocation Stall (Executor task launch worker for task 34.0 in stage 0.0 (TID 34)) 22.706ms
[101.446s][info][gc          ] Allocation Stall (Executor task launch worker for task 42.0 in stage 0.0 (TID 42)) 23.697ms
[101.446s][info][gc          ] Allocation Stall (Executor task launch worker for task 17.0 in stage 0.0 (TID 17)) 22.581ms
[101.446s][info][gc          ] Allocation Stall (Executor task launch worker for task 18.0 in stage 0.0 (TID 18)) 12.075ms
[101.446s][info][gc          ] Allocation Stall (Executor task launch worker for task 31.0 in stage 0.0 (TID 31)) 32.104ms
[101.446s][info][gc          ] Allocation Stall (Executor task launch worker for task 4.0 in stage 0.0 (TID 4)) 24.154ms
[101.446s][info][gc          ] Allocation Stall (Executor task launch worker for task 12.0 in stage 0.0 (TID 12)) 24.454ms
[101.446s][info][gc          ] Allocation Stall (Executor task launch worker for task 40.0 in stage 0.0 (TID 40)) 24.166ms
[101.446s][info][gc          ] Allocation Stall (Executor task launch worker for task 2.0 in stage 0.0 (TID 2)) 24.083ms
[101.446s][info][gc          ] Allocation Stall (Executor task launch worker for task 47.0 in stage 0.0 (TID 47)) 24.842ms
[101.446s][info][gc          ] Allocation Stall (Executor task launch worker for task 19.0 in stage 0.0 (TID 19)) 32.282ms
[101.446s][info][gc          ] Allocation Stall (Executor task launch worker for task 44.0 in stage 0.0 (TID 44)) 25.877ms
[101.446s][info][gc          ] Allocation Stall (Executor task launch worker for task 46.0 in stage 0.0 (TID 46)) 32.186ms
[101.446s][info][gc          ] Allocation Stall (Executor task launch worker for task 1.0 in stage 0.0 (TID 1)) 32.128ms
[101.446s][info][gc          ] Allocation Stall (Executor task launch worker for task 33.0 in stage 0.0 (TID 33)) 32.201ms
[101.446s][info][gc          ] Allocation Stall (Executor task launch worker for task 15.0 in stage 0.0 (TID 15)) 32.181ms
[101.446s][info][gc          ] Allocation Stall (Executor task launch worker for task 25.0 in stage 0.0 (TID 25)) 32.069ms
[101.446s][info][gc          ] Allocation Stall (Executor task launch worker for task 11.0 in stage 0.0 (TID 11)) 32.187ms
[101.446s][info][gc          ] Allocation Stall (Executor task launch worker for task 6.0 in stage 0.0 (TID 6)) 25.163ms
[101.446s][info][gc          ] Allocation Stall (Executor task launch worker for task 20.0 in stage 0.0 (TID 20)) 22.637ms
[101.446s][info][gc          ] Allocation Stall (Executor task launch worker for task 9.0 in stage 0.0 (TID 9)) 32.127ms
[101.447s][info][gc          ] Allocation Stall (Executor task launch worker for task 3.0 in stage 0.0 (TID 3)) 0.263ms
[101.448s][info][gc          ] Allocation Stall (Executor task launch worker for task 36.0 in stage 0.0 (TID 36)) 1.204ms
[101.449s][info][gc          ] Allocation Stall (Executor task launch worker for task 8.0 in stage 0.0 (TID 8)) 2.221ms
[101.449s][info][gc          ] Allocation Stall (Executor task launch worker for task 43.0 in stage 0.0 (TID 43)) 1.920ms
[101.451s][info][gc,phases   ] GC(43) Concurrent Select Relocation Set 5.076ms
[101.461s][info][gc,phases   ] GC(43) Pause Relocate Start 0.009ms
[101.461s][info][gc          ] Allocation Stall (Executor task launch worker for task 21.0 in stage 0.0 (TID 21)) 10.340ms
[101.527s][info][gc          ] Allocation Stall (Executor task launch worker for task 46.0 in stage 0.0 (TID 46)) 3.658ms
[101.527s][info][gc          ] Allocation Stall (Executor task launch worker for task 35.0 in stage 0.0 (TID 35)) 2.972ms
[101.527s][info][gc          ] Allocation Stall (Executor task launch worker for task 40.0 in stage 0.0 (TID 40)) 2.939ms
[101.529s][info][gc          ] Allocation Stall (Executor task launch worker for task 13.0 in stage 0.0 (TID 13)) 5.031ms
[101.530s][info][gc          ] Allocation Stall (Executor task launch worker for task 1.0 in stage 0.0 (TID 1)) 5.224ms
[101.530s][info][gc          ] Allocation Stall (Executor task launch worker for task 32.0 in stage 0.0 (TID 32)) 4.915ms
[101.530s][info][gc          ] Allocation Stall (Executor task launch worker for task 15.0 in stage 0.0 (TID 15)) 4.886ms
[101.530s][info][gc          ] Allocation Stall (Executor task launch worker for task 39.0 in stage 0.0 (TID 39)) 4.738ms
[101.530s][info][gc          ] Allocation Stall (Executor task launch worker for task 42.0 in stage 0.0 (TID 42)) 4.696ms
[101.530s][info][gc          ] Allocation Stall (Executor task launch worker for task 34.0 in stage 0.0 (TID 34)) 4.776ms
[101.530s][info][gc          ] Allocation Stall (Executor task launch worker for task 38.0 in stage 0.0 (TID 38)) 4.725ms
[101.531s][info][gc          ] Allocation Stall (Executor task launch worker for task 33.0 in stage 0.0 (TID 33)) 4.960ms
[101.531s][info][gc          ] Allocation Stall (Executor task launch worker for task 9.0 in stage 0.0 (TID 9)) 4.686ms
[101.531s][info][gc          ] Allocation Stall (Executor task launch worker for task 27.0 in stage 0.0 (TID 27)) 4.000ms
[101.547s][info][gc          ] Allocation Stall (Executor task launch worker for task 26.0 in stage 0.0 (TID 26)) 1.700ms
[101.547s][info][gc          ] Allocation Stall (Executor task launch worker for task 23.0 in stage 0.0 (TID 23)) 3.188ms
[101.547s][info][gc          ] Allocation Stall (Executor task launch worker for task 40.0 in stage 0.0 (TID 40)) 4.293ms
[101.547s][info][gc          ] Allocation Stall (Executor task launch worker for task 9.0 in stage 0.0 (TID 9)) 1.069ms
[101.547s][info][gc          ] Allocation Stall (Executor task launch worker for task 22.0 in stage 0.0 (TID 22)) 3.701ms
[101.547s][info][gc          ] Allocation Stall (Executor task launch worker for task 2.0 in stage 0.0 (TID 2)) 3.624ms
[101.547s][info][gc          ] Allocation Stall (Executor task launch worker for task 15.0 in stage 0.0 (TID 15)) 1.466ms
[101.547s][info][gc          ] Allocation Stall (Executor task launch worker for task 20.0 in stage 0.0 (TID 20)) 17.061ms
[101.547s][info][gc          ] Allocation Stall (Executor task launch worker for task 16.0 in stage 0.0 (TID 16)) 15.226ms
[101.547s][info][gc          ] Allocation Stall (Executor task launch worker for task 0.0 in stage 0.0 (TID 0)) 5.034ms
[101.547s][info][gc          ] Allocation Stall (Executor task launch worker for task 44.0 in stage 0.0 (TID 44)) 4.825ms
[101.547s][info][gc          ] Allocation Stall (Executor task launch worker for task 46.0 in stage 0.0 (TID 46)) 4.654ms
[101.547s][info][gc          ] Allocation Stall (Executor task launch worker for task 19.0 in stage 0.0 (TID 19)) 4.521ms
[101.547s][info][gc          ] Allocation Stall (Executor task launch worker for task 35.0 in stage 0.0 (TID 35)) 4.462ms
[101.547s][info][gc          ] Allocation Stall (Executor task launch worker for task 30.0 in stage 0.0 (TID 30)) 4.393ms
[101.547s][info][gc          ] Allocation Stall (Executor task launch worker for task 27.0 in stage 0.0 (TID 27)) 4.467ms
[101.553s][info][gc          ] Allocation Stall (Executor task launch worker for task 25.0 in stage 0.0 (TID 25)) 6.569ms
[101.553s][info][gc          ] Allocation Stall (Executor task launch worker for task 28.0 in stage 0.0 (TID 28)) 6.340ms
[101.553s][info][gc          ] Allocation Stall (Executor task launch worker for task 11.0 in stage 0.0 (TID 11)) 5.931ms
[101.553s][info][gc          ] Allocation Stall (Executor task launch worker for task 34.0 in stage 0.0 (TID 34)) 5.630ms
[101.553s][info][gc          ] Allocation Stall (Executor task launch worker for task 43.0 in stage 0.0 (TID 43)) 5.656ms
[101.553s][info][gc          ] Allocation Stall (Executor task launch worker for task 1.0 in stage 0.0 (TID 1)) 5.650ms
[101.553s][info][gc          ] Allocation Stall (Executor task launch worker for task 31.0 in stage 0.0 (TID 31)) 5.628ms
[101.553s][info][gc          ] Allocation Stall (Executor task launch worker for task 29.0 in stage 0.0 (TID 29)) 5.639ms
[101.553s][info][gc          ] Allocation Stall (Executor task launch worker for task 13.0 in stage 0.0 (TID 13)) 5.277ms
[101.553s][info][gc          ] Allocation Stall (Executor task launch worker for task 18.0 in stage 0.0 (TID 18)) 5.234ms
[101.553s][info][gc          ] Allocation Stall (Executor task launch worker for task 32.0 in stage 0.0 (TID 32)) 5.025ms
[101.553s][info][gc          ] Allocation Stall (Executor task launch worker for task 33.0 in stage 0.0 (TID 33)) 4.937ms
[101.553s][info][gc          ] Allocation Stall (Executor task launch worker for task 10.0 in stage 0.0 (TID 10)) 4.915ms
[101.553s][info][gc          ] Allocation Stall (Executor task launch worker for task 42.0 in stage 0.0 (TID 42)) 4.886ms
[101.556s][info][gc          ] Allocation Stall (Executor task launch worker for task 6.0 in stage 0.0 (TID 6)) 7.421ms
[101.556s][info][gc          ] Allocation Stall (Executor task launch worker for task 37.0 in stage 0.0 (TID 37)) 7.329ms
[101.556s][info][gc          ] Allocation Stall (Executor task launch worker for task 38.0 in stage 0.0 (TID 38)) 7.359ms
[101.556s][info][gc          ] Allocation Stall (Executor task launch worker for task 4.0 in stage 0.0 (TID 4)) 7.057ms
[101.556s][info][gc          ] Allocation Stall (Executor task launch worker for task 39.0 in stage 0.0 (TID 39)) 7.061ms
[101.588s][info][gc          ] Allocation Stall (Executor task launch worker for task 24.0 in stage 0.0 (TID 24)) 31.866ms
[101.588s][info][gc          ] Allocation Stall (Executor task launch worker for task 45.0 in stage 0.0 (TID 45)) 3.876ms
[101.588s][info][gc,phases   ] GC(43) Concurrent Relocate 126.371ms
[101.588s][info][gc          ] Allocation Stall (Executor task launch worker for task 47.0 in stage 0.0 (TID 47)) 2.510ms
[101.588s][info][gc,load     ] GC(43) Load: 0.00/0.00/0.00
[101.588s][info][gc,mmu      ] GC(43) MMU: 2ms/94.2%, 5ms/97.7%, 10ms/98.8%, 20ms/99.3%, 50ms/99.7%, 100ms/99.9%
[101.588s][info][gc,marking  ] GC(43) Mark: 8 stripe(s), 2 proactive flush(es), 1 terminate flush(es), 0 completion(s), 0 continuation(s) 
[101.588s][info][gc          ] Allocation Stall (Executor task launch worker for task 41.0 in stage 0.0 (TID 41)) 1.544ms
[101.588s][info][gc,marking  ] GC(43) Mark Stack Usage: 32M
[101.588s][info][gc          ] Allocation Stall (Executor task launch worker for task 3.0 in stage 0.0 (TID 3)) 1.396ms
[101.588s][info][gc,nmethod  ] GC(43) NMethods: 2070 registered, 67 unregistered
[101.588s][info][gc,metaspace] GC(43) Metaspace: 112M used, 124M committed, 1152M reserved
[101.588s][info][gc,ref      ] GC(43) Soft: 2800 encountered, 2341 discovered, 0 enqueued
[101.589s][info][gc,ref      ] GC(43) Weak: 12968 encountered, 1307 discovered, 0 enqueued
[101.589s][info][gc,ref      ] GC(43) Final: 62 encountered, 22 discovered, 0 enqueued
[101.589s][info][gc,ref      ] GC(43) Phantom: 750 encountered, 572 discovered, 0 enqueued
[101.589s][info][gc,reloc    ] GC(43) Small Pages: 164 / 328M, Empty: 174M, Relocated: 6M, In-Place: 0
[101.589s][info][gc,reloc    ] GC(43) Medium Pages: 12 / 384M, Empty: 0M, Relocated: 15M, In-Place: 0
[101.589s][info][gc,reloc    ] GC(43) Large Pages: 38 / 304M, Empty: 24M, Relocated: 0M, In-Place: 0
[101.589s][info][gc,reloc    ] GC(43) Forwarding Usage: 0M
[101.589s][info][gc,heap     ] GC(43) Min Capacity: 8M(1%)
[101.589s][info][gc,heap     ] GC(43) Max Capacity: 1024M(100%)
[101.589s][info][gc,heap     ] GC(43) Soft Max Capacity: 1024M(100%)
[101.589s][info][gc,heap     ] GC(43)                Mark Start          Mark End        Relocate Start      Relocate End           High               Low         
[101.589s][info][gc,heap     ] GC(43)  Capacity:     1024M (100%)       1024M (100%)       1024M (100%)       1024M (100%)       1024M (100%)       1024M (100%)   
[101.589s][info][gc,heap     ] GC(43)      Free:        2M (0%)            0M (0%)          110M (11%)           0M (0%)          142M (14%)           0M (0%)     
[101.589s][info][gc,heap     ] GC(43)      Used:     1022M (100%)       1024M (100%)        914M (89%)        1024M (100%)       1024M (100%)        882M (86%)    
[101.589s][info][gc,heap     ] GC(43)      Live:         -               607M (59%)         607M (59%)         607M (59%)            -                  -          
[101.589s][info][gc,heap     ] GC(43) Allocated:         -                 2M (0%)           90M (9%)          332M (32%)            -                  -          
[101.589s][info][gc,heap     ] GC(43)   Garbage:         -               414M (40%)         216M (21%)          84M (8%)             -                  -          
[101.589s][info][gc,heap     ] GC(43) Reclaimed:         -                  -               198M (19%)         330M (32%)            -                  -          
[101.589s][info][gc          ] GC(43) Garbage Collection (Allocation Stall) 1022M(100%)->1024M(100%)
[101.596s][info][gc,start    ] GC(44) Garbage Collection (Allocation Stall)
[101.596s][info][gc,ref      ] GC(44) Clearing All SoftReferences
[101.596s][info][gc,task     ] GC(44) Using 10 workers
[101.596s][info][gc          ] Allocation Stall (Executor task launch worker for task 18.0 in stage 0.0 (TID 18)) 0.110ms
[101.596s][info][gc          ] Allocation Stall (Executor task launch worker for task 31.0 in stage 0.0 (TID 31)) 0.112ms
[101.596s][info][gc,ref      ] GC(44) Clearing All SoftReferences
[101.596s][info][gc,phases   ] GC(44) Pause Mark Start 0.045ms
[101.596s][info][gc          ] Allocation Stall (Executor task launch worker for task 1.0 in stage 0.0 (TID 1)) 0.687ms
[101.596s][info][gc          ] Allocation Stall (Executor task launch worker for task 9.0 in stage 0.0 (TID 9)) 0.682ms
[101.596s][info][gc          ] Allocation Stall (Executor task launch worker for task 25.0 in stage 0.0 (TID 25)) 0.676ms
[101.596s][info][gc          ] Allocation Stall (Executor task launch worker for task 7.0 in stage 0.0 (TID 7)) 0.656ms
[101.596s][info][gc          ] Allocation Stall (Executor task launch worker for task 42.0 in stage 0.0 (TID 42)) 0.665ms
[101.596s][info][gc          ] Allocation Stall (Executor task launch worker for task 33.0 in stage 0.0 (TID 33)) 0.678ms
[101.596s][info][gc          ] Allocation Stall (Executor task launch worker for task 2.0 in stage 0.0 (TID 2)) 0.657ms
[101.596s][info][gc          ] Allocation Stall (Executor task launch worker for task 30.0 in stage 0.0 (TID 30)) 0.665ms
[101.596s][info][gc          ] Allocation Stall (Executor task launch worker for task 32.0 in stage 0.0 (TID 32)) 0.668ms
[101.596s][info][gc          ] Allocation Stall (Executor task launch worker for task 4.0 in stage 0.0 (TID 4)) 0.665ms
[101.596s][info][gc          ] Allocation Stall (Executor task launch worker for task 28.0 in stage 0.0 (TID 28)) 0.676ms
[101.596s][info][gc          ] Allocation Stall (Executor task launch worker for task 6.0 in stage 0.0 (TID 6)) 0.747ms
[101.597s][info][gc          ] Allocation Stall (Executor task launch worker for task 34.0 in stage 0.0 (TID 34)) 0.825ms
[101.597s][info][gc          ] Allocation Stall (Executor task launch worker for task 24.0 in stage 0.0 (TID 24)) 0.859ms
[101.597s][info][gc          ] Allocation Stall (Executor task launch worker for task 13.0 in stage 0.0 (TID 13)) 0.265ms
[101.597s][info][gc          ] Allocation Stall (Executor task launch worker for task 8.0 in stage 0.0 (TID 8)) 0.179ms
[101.597s][info][gc          ] Allocation Stall (Executor task launch worker for task 11.0 in stage 0.0 (TID 11)) 0.197ms
[101.597s][info][gc          ] Allocation Stall (Executor task launch worker for task 40.0 in stage 0.0 (TID 40)) 0.219ms
[101.597s][info][gc          ] Allocation Stall (Executor task launch worker for task 22.0 in stage 0.0 (TID 22)) 0.254ms
[101.597s][info][gc          ] Allocation Stall (Executor task launch worker for task 37.0 in stage 0.0 (TID 37)) 0.288ms
[101.597s][info][gc          ] Allocation Stall (Executor task launch worker for task 20.0 in stage 0.0 (TID 20)) 0.366ms
[101.597s][info][gc          ] Allocation Stall (Executor task launch worker for task 5.0 in stage 0.0 (TID 5)) 0.399ms
[101.597s][info][gc          ] Allocation Stall (Executor task launch worker for task 16.0 in stage 0.0 (TID 16)) 0.426ms
[101.597s][info][gc          ] Allocation Stall (Executor task launch worker for task 35.0 in stage 0.0 (TID 35)) 0.415ms
[101.597s][info][gc          ] Allocation Stall (Executor task launch worker for task 23.0 in stage 0.0 (TID 23)) 0.440ms
[101.597s][info][gc          ] Allocation Stall (Executor task launch worker for task 31.0 in stage 0.0 (TID 31)) 0.536ms
[101.630s][info][gc,phases   ] GC(44) Concurrent Mark 33.985ms
[101.630s][info][gc,phases   ] GC(44) Pause Mark End 0.014ms
[101.631s][info][gc,phases   ] GC(44) Concurrent Mark Free 0.000ms
[101.631s][info][gc,phases   ] GC(44) Concurrent Process Non-Strong References 0.808ms
[101.631s][info][gc,phases   ] GC(44) Concurrent Reset Relocation Set 0.005ms
[101.632s][info][gc          ] Allocation Stall (Executor task launch worker for task 16.0 in stage 0.0 (TID 16)) 21.829ms
[101.632s][info][gc          ] Allocation Stall (Executor task launch worker for task 2.0 in stage 0.0 (TID 2)) 22.454ms
[101.632s][info][gc          ] Allocation Stall (Executor task launch worker for task 15.0 in stage 0.0 (TID 15)) 23.152ms
[101.632s][info][gc          ] Allocation Stall (Executor task launch worker for task 31.0 in stage 0.0 (TID 31)) 22.005ms
[101.632s][info][gc          ] Allocation Stall (Executor task launch worker for task 22.0 in stage 0.0 (TID 22)) 22.180ms
[101.632s][info][gc          ] Allocation Stall (Executor task launch worker for task 5.0 in stage 0.0 (TID 5)) 22.405ms
[101.632s][info][gc          ] Allocation Stall (Executor task launch worker for task 43.0 in stage 0.0 (TID 43)) 22.066ms
[101.632s][info][gc          ] Allocation Stall (Executor task launch worker for task 0.0 in stage 0.0 (TID 0)) 21.833ms
[101.632s][info][gc          ] Allocation Stall (Executor task launch worker for task 33.0 in stage 0.0 (TID 33)) 22.267ms
[101.632s][info][gc          ] Allocation Stall (Executor task launch worker for task 41.0 in stage 0.0 (TID 41)) 22.942ms
[101.632s][info][gc          ] Allocation Stall (Executor task launch worker for task 37.0 in stage 0.0 (TID 37)) 22.966ms
[101.632s][info][gc          ] Allocation Stall (Executor task launch worker for task 29.0 in stage 0.0 (TID 29)) 22.079ms
[101.632s][info][gc          ] Allocation Stall (Executor task launch worker for task 24.0 in stage 0.0 (TID 24)) 21.993ms
[101.632s][info][gc          ] Allocation Stall (Executor task launch worker for task 28.0 in stage 0.0 (TID 28)) 21.906ms
[101.632s][info][gc          ] Allocation Stall (Executor task launch worker for task 17.0 in stage 0.0 (TID 17)) 21.991ms
[101.632s][info][gc          ] Allocation Stall (Executor task launch worker for task 14.0 in stage 0.0 (TID 14)) 23.114ms
[101.632s][info][gc          ] Allocation Stall (Executor task launch worker for task 27.0 in stage 0.0 (TID 27)) 22.009ms
[101.632s][info][gc          ] Allocation Stall (Executor task launch worker for task 25.0 in stage 0.0 (TID 25)) 22.476ms
[101.632s][info][gc          ] Allocation Stall (Executor task launch worker for task 30.0 in stage 0.0 (TID 30)) 23.398ms
[101.632s][info][gc          ] Allocation Stall (Executor task launch worker for task 26.0 in stage 0.0 (TID 26)) 21.832ms
[101.632s][info][gc          ] Allocation Stall (Executor task launch worker for task 23.0 in stage 0.0 (TID 23)) 22.792ms
[101.632s][info][gc          ] Allocation Stall (Executor task launch worker for task 36.0 in stage 0.0 (TID 36)) 22.468ms
[101.632s][info][gc          ] Allocation Stall (Executor task launch worker for task 1.0 in stage 0.0 (TID 1)) 22.161ms
[101.632s][info][gc          ] Allocation Stall (Executor task launch worker for task 39.0 in stage 0.0 (TID 39)) 21.852ms
[101.632s][info][gc          ] Allocation Stall (Executor task launch worker for task 20.0 in stage 0.0 (TID 20)) 21.869ms
[101.632s][info][gc          ] Allocation Stall (Executor task launch worker for task 38.0 in stage 0.0 (TID 38)) 21.861ms
[101.632s][info][gc          ] Allocation Stall (Executor task launch worker for task 45.0 in stage 0.0 (TID 45)) 26.324ms
[101.632s][info][gc          ] Allocation Stall (Executor task launch worker for task 4.0 in stage 0.0 (TID 4)) 21.827ms
[101.632s][info][gc          ] Allocation Stall (Executor task launch worker for task 3.0 in stage 0.0 (TID 3)) 26.149ms
[101.632s][info][gc          ] Allocation Stall (Executor task launch worker for task 18.0 in stage 0.0 (TID 18)) 23.083ms
[101.632s][info][gc          ] Allocation Stall (Executor task launch worker for task 13.0 in stage 0.0 (TID 13)) 22.003ms
[101.632s][info][gc          ] Allocation Stall (Executor task launch worker for task 8.0 in stage 0.0 (TID 8)) 22.056ms
[101.632s][info][gc          ] Allocation Stall (Executor task launch worker for task 46.0 in stage 0.0 (TID 46)) 26.340ms
[101.632s][info][gc          ] Allocation Stall (Executor task launch worker for task 7.0 in stage 0.0 (TID 7)) 22.050ms
[101.632s][info][gc          ] Allocation Stall (Executor task launch worker for task 34.0 in stage 0.0 (TID 34)) 23.099ms
[101.632s][info][gc          ] Allocation Stall (Executor task launch worker for task 12.0 in stage 0.0 (TID 12)) 23.245ms
[101.632s][info][gc          ] Allocation Stall (Executor task launch worker for task 47.0 in stage 0.0 (TID 47)) 23.227ms
[101.632s][info][gc          ] Allocation Stall (Executor task launch worker for task 42.0 in stage 0.0 (TID 42)) 26.087ms
[101.632s][info][gc          ] Allocation Stall (Executor task launch worker for task 44.0 in stage 0.0 (TID 44)) 23.415ms
[101.632s][info][gc          ] Allocation Stall (Executor task launch worker for task 6.0 in stage 0.0 (TID 6)) 26.120ms
[101.632s][info][gc          ] Allocation Stall (Executor task launch worker for task 10.0 in stage 0.0 (TID 10)) 23.466ms
[101.632s][info][gc          ] Allocation Stall (Executor task launch worker for task 35.0 in stage 0.0 (TID 35)) 24.264ms
[101.632s][info][gc          ] Allocation Stall (Executor task launch worker for task 11.0 in stage 0.0 (TID 11)) 23.542ms
[101.632s][info][gc          ] Allocation Stall (Executor task launch worker for task 40.0 in stage 0.0 (TID 40)) 23.615ms
[101.632s][info][gc          ] Allocation Stall (Executor task launch worker for task 9.0 in stage 0.0 (TID 9)) 24.697ms
[101.632s][info][gc          ] Allocation Stall (Executor task launch worker for task 21.0 in stage 0.0 (TID 21)) 24.801ms
[101.632s][info][gc          ] Allocation Stall (Executor task launch worker for task 32.0 in stage 0.0 (TID 32)) 26.060ms
[101.632s][info][gc          ] Allocation Stall (Executor task launch worker for task 19.0 in stage 0.0 (TID 19)) 26.375ms
[101.632s][info][gc          ] Allocation Stall (Spark Context Cleaner) 25.483ms
[101.639s][info][gc,phases   ] GC(44) Concurrent Select Relocation Set 7.259ms
[101.662s][info][gc,phases   ] GC(44) Pause Relocate Start 0.007ms
[101.681s][info][gc          ] Allocation Stall (Executor task launch worker for task 21.0 in stage 0.0 (TID 21)) 2.718ms
[101.681s][info][gc          ] Allocation Stall (Executor task launch worker for task 45.0 in stage 0.0 (TID 45)) 2.767ms
[101.681s][info][gc          ] Allocation Stall (Executor task launch worker for task 41.0 in stage 0.0 (TID 41)) 2.810ms
[101.681s][info][gc          ] Allocation Stall (Executor task launch worker for task 9.0 in stage 0.0 (TID 9)) 2.850ms
[101.681s][info][gc          ] Allocation Stall (Executor task launch worker for task 33.0 in stage 0.0 (TID 33)) 2.890ms
[101.681s][info][gc          ] Allocation Stall (Executor task launch worker for task 32.0 in stage 0.0 (TID 32)) 2.909ms
[101.681s][info][gc          ] Allocation Stall (Executor task launch worker for task 40.0 in stage 0.0 (TID 40)) 2.966ms
[101.682s][info][gc          ] Allocation Stall (Executor task launch worker for task 42.0 in stage 0.0 (TID 42)) 3.440ms
[101.682s][info][gc          ] Allocation Stall (Executor task launch worker for task 10.0 in stage 0.0 (TID 10)) 3.492ms
[101.682s][info][gc          ] Allocation Stall (Executor task launch worker for task 47.0 in stage 0.0 (TID 47)) 3.547ms
[101.682s][info][gc          ] Allocation Stall (Executor task launch worker for task 30.0 in stage 0.0 (TID 30)) 3.592ms
[101.682s][info][gc          ] Allocation Stall (Executor task launch worker for task 43.0 in stage 0.0 (TID 43)) 3.630ms
[101.682s][info][gc          ] Allocation Stall (Executor task launch worker for task 34.0 in stage 0.0 (TID 34)) 3.664ms
[101.682s][info][gc          ] Allocation Stall (Executor task launch worker for task 24.0 in stage 0.0 (TID 24)) 3.714ms
[101.683s][info][gc          ] Allocation Stall (Executor task launch worker for task 46.0 in stage 0.0 (TID 46)) 4.288ms
[101.683s][info][gc          ] Allocation Stall (Executor task launch worker for task 37.0 in stage 0.0 (TID 37)) 4.315ms
[101.683s][info][gc          ] Allocation Stall (Executor task launch worker for task 44.0 in stage 0.0 (TID 44)) 4.307ms
[101.683s][info][gc          ] Allocation Stall (Executor task launch worker for task 12.0 in stage 0.0 (TID 12)) 4.322ms
[101.683s][info][gc          ] Allocation Stall (Executor task launch worker for task 3.0 in stage 0.0 (TID 3)) 4.225ms
[101.683s][info][gc          ] Allocation Stall (Executor task launch worker for task 5.0 in stage 0.0 (TID 5)) 3.996ms
[101.683s][info][gc          ] Allocation Stall (Executor task launch worker for task 31.0 in stage 0.0 (TID 31)) 3.883ms
[101.683s][info][gc          ] Allocation Stall (Executor task launch worker for task 2.0 in stage 0.0 (TID 2)) 3.875ms
[101.683s][info][gc          ] Allocation Stall (Executor task launch worker for task 29.0 in stage 0.0 (TID 29)) 3.766ms
[101.683s][info][gc          ] Allocation Stall (Executor task launch worker for task 28.0 in stage 0.0 (TID 28)) 3.533ms
[101.683s][info][gc          ] Allocation Stall (Executor task launch worker for task 4.0 in stage 0.0 (TID 4)) 3.570ms
[101.683s][info][gc          ] Allocation Stall (Executor task launch worker for task 16.0 in stage 0.0 (TID 16)) 3.599ms
[101.683s][info][gc          ] Allocation Stall (Executor task launch worker for task 35.0 in stage 0.0 (TID 35)) 3.630ms
[101.683s][info][gc          ] Allocation Stall (Executor task launch worker for task 23.0 in stage 0.0 (TID 23)) 3.659ms
[101.685s][info][gc          ] Allocation Stall (Executor task launch worker for task 27.0 in stage 0.0 (TID 27)) 5.046ms
[101.685s][info][gc          ] Allocation Stall (Executor task launch worker for task 39.0 in stage 0.0 (TID 39)) 5.080ms
[101.685s][info][gc          ] Allocation Stall (Executor task launch worker for task 11.0 in stage 0.0 (TID 11)) 5.056ms
[101.685s][info][gc          ] Allocation Stall (Executor task launch worker for task 0.0 in stage 0.0 (TID 0)) 5.029ms
[101.685s][info][gc          ] Allocation Stall (Executor task launch worker for task 18.0 in stage 0.0 (TID 18)) 4.957ms
[101.727s][info][gc          ] Allocation Stall (Executor task launch worker for task 10.0 in stage 0.0 (TID 10)) 27.160ms
[101.727s][info][gc          ] Allocation Stall (Executor task launch worker for task 33.0 in stage 0.0 (TID 33)) 26.085ms
[101.727s][info][gc          ] Allocation Stall (Executor task launch worker for task 8.0 in stage 0.0 (TID 8)) 27.123ms
[101.727s][info][gc          ] Allocation Stall (Executor task launch worker for task 47.0 in stage 0.0 (TID 47)) 26.934ms
[101.727s][info][gc          ] Allocation Stall (Executor task launch worker for task 41.0 in stage 0.0 (TID 41)) 28.670ms
[101.727s][info][gc          ] Allocation Stall (Executor task launch worker for task 6.0 in stage 0.0 (TID 6)) 26.438ms
[101.727s][info][gc          ] Allocation Stall (Executor task launch worker for task 44.0 in stage 0.0 (TID 44)) 27.616ms
[101.727s][info][gc          ] Allocation Stall (Executor task launch worker for task 5.0 in stage 0.0 (TID 5)) 23.704ms
[101.727s][info][gc          ] Allocation Stall (Executor task launch worker for task 2.0 in stage 0.0 (TID 2)) 24.024ms
[101.727s][info][gc          ] Allocation Stall (Executor task launch worker for task 45.0 in stage 0.0 (TID 45)) 24.870ms
[101.727s][info][gc          ] Allocation Stall (Executor task launch worker for task 7.0 in stage 0.0 (TID 7)) 24.074ms
[101.727s][info][gc          ] Allocation Stall (Executor task launch worker for task 39.0 in stage 0.0 (TID 39)) 23.617ms
[101.727s][info][gc          ] Allocation Stall (Executor task launch worker for task 31.0 in stage 0.0 (TID 31)) 23.598ms
[101.727s][info][gc          ] Allocation Stall (Executor task launch worker for task 23.0 in stage 0.0 (TID 23)) 23.773ms
[101.727s][info][gc          ] Allocation Stall (Executor task launch worker for task 28.0 in stage 0.0 (TID 28)) 23.557ms
[101.727s][info][gc          ] Allocation Stall (Executor task launch worker for task 21.0 in stage 0.0 (TID 21)) 24.466ms
[101.727s][info][gc          ] Allocation Stall (Executor task launch worker for task 12.0 in stage 0.0 (TID 12)) 25.102ms
[101.727s][info][gc          ] Allocation Stall (Executor task launch worker for task 15.0 in stage 0.0 (TID 15)) 29.294ms
[101.728s][info][gc          ] Allocation Stall (Executor task launch worker for task 40.0 in stage 0.0 (TID 40)) 20.633ms
[101.728s][info][gc          ] Allocation Stall (Executor task launch worker for task 36.0 in stage 0.0 (TID 36)) 20.767ms
[101.728s][info][gc          ] Allocation Stall (Executor task launch worker for task 25.0 in stage 0.0 (TID 25)) 20.667ms
[101.728s][info][gc          ] Allocation Stall (Executor task launch worker for task 30.0 in stage 0.0 (TID 30)) 21.540ms
[101.728s][info][gc,phases   ] GC(44) Concurrent Relocate 62.406ms
[101.728s][info][gc          ] Allocation Stall (Executor task launch worker for task 35.0 in stage 0.0 (TID 35)) 22.848ms
[101.728s][info][gc          ] Allocation Stall (Executor task launch worker for task 42.0 in stage 0.0 (TID 42)) 21.959ms
[101.728s][info][gc          ] Allocation Stall (Executor task launch worker for task 17.0 in stage 0.0 (TID 17)) 21.767ms
[101.728s][info][gc          ] Allocation Stall (Executor task launch worker for task 16.0 in stage 0.0 (TID 16)) 23.156ms
[101.728s][info][gc          ] Allocation Stall (Executor task launch worker for task 29.0 in stage 0.0 (TID 29)) 22.909ms
[101.728s][info][gc          ] Allocation Stall (Executor task launch worker for task 27.0 in stage 0.0 (TID 27)) 23.116ms
[101.728s][info][gc          ] Allocation Stall (Executor task launch worker for task 24.0 in stage 0.0 (TID 24)) 23.378ms
[101.728s][info][gc          ] Allocation Stall (Executor task launch worker for task 4.0 in stage 0.0 (TID 4)) 23.880ms
[101.728s][info][gc          ] Allocation Stall (Executor task launch worker for task 32.0 in stage 0.0 (TID 32)) 25.613ms
[101.728s][info][gc          ] Allocation Stall (Executor task launch worker for task 9.0 in stage 0.0 (TID 9)) 25.858ms
[101.728s][info][gc          ] Allocation Stall (Executor task launch worker for task 1.0 in stage 0.0 (TID 1)) 25.791ms
[101.728s][info][gc          ] Allocation Stall (Executor task launch worker for task 20.0 in stage 0.0 (TID 20)) 26.311ms
[101.728s][info][gc          ] Allocation Stall (Executor task launch worker for task 26.0 in stage 0.0 (TID 26)) 26.789ms
[101.728s][info][gc          ] Allocation Stall (Executor task launch worker for task 14.0 in stage 0.0 (TID 14)) 28.150ms
[101.728s][info][gc          ] Allocation Stall (Executor task launch worker for task 0.0 in stage 0.0 (TID 0)) 27.994ms
[101.728s][info][gc          ] Allocation Stall (Executor task launch worker for task 46.0 in stage 0.0 (TID 46)) 29.038ms
[101.728s][info][gc          ] Allocation Stall (Executor task launch worker for task 3.0 in stage 0.0 (TID 3)) 29.412ms
[101.728s][info][gc          ] Allocation Stall (Executor task launch worker for task 18.0 in stage 0.0 (TID 18)) 29.195ms
[101.728s][info][gc          ] Allocation Stall (Executor task launch worker for task 11.0 in stage 0.0 (TID 11)) 21.966ms
[101.728s][info][gc          ] Allocation Stall (Executor task launch worker for task 34.0 in stage 0.0 (TID 34)) 29.478ms
[101.728s][info][gc          ] Allocation Stall (Executor task launch worker for task 43.0 in stage 0.0 (TID 43)) 21.027ms
[101.728s][info][gc,load     ] GC(44) Load: 0.00/0.00/0.00
[101.728s][info][gc,mmu      ] GC(44) MMU: 2ms/94.2%, 5ms/97.7%, 10ms/98.8%, 20ms/99.3%, 50ms/99.7%, 100ms/99.9%
[101.728s][info][gc,marking  ] GC(44) Mark: 8 stripe(s), 2 proactive flush(es), 1 terminate flush(es), 0 completion(s), 0 continuation(s) 
[101.728s][info][gc,marking  ] GC(44) Mark Stack Usage: 32M
[101.728s][info][gc,nmethod  ] GC(44) NMethods: 2076 registered, 68 unregistered
[101.728s][info][gc,metaspace] GC(44) Metaspace: 112M used, 124M committed, 1152M reserved
[101.728s][info][gc,ref      ] GC(44) Soft: 2800 encountered, 1305 discovered, 0 enqueued
[101.728s][info][gc,ref      ] GC(44) Weak: 12968 encountered, 1397 discovered, 0 enqueued
[101.728s][info][gc,ref      ] GC(44) Final: 62 encountered, 3 discovered, 0 enqueued
[101.728s][info][gc,ref      ] GC(44) Phantom: 750 encountered, 486 discovered, 0 enqueued
[101.728s][info][gc,reloc    ] GC(44) Small Pages: 145 / 290M, Empty: 134M, Relocated: 10M, In-Place: 0
[101.728s][info][gc,reloc    ] GC(44) Medium Pages: 13 / 416M, Empty: 0M, Relocated: 48M, In-Place: 1
[101.728s][info][gc,reloc    ] GC(44) Large Pages: 37 / 296M, Empty: 88M, Relocated: 0M, In-Place: 0
[101.729s][info][gc,reloc    ] GC(44) Forwarding Usage: 0M
[101.729s][info][gc,heap     ] GC(44) Min Capacity: 8M(1%)
[101.729s][info][gc,heap     ] GC(44) Max Capacity: 1024M(100%)
[101.729s][info][gc,heap     ] GC(44) Soft Max Capacity: 1024M(100%)
[101.729s][info][gc,heap     ] GC(44)                Mark Start          Mark End        Relocate Start      Relocate End           High               Low         
[101.729s][info][gc,heap     ] GC(44)  Capacity:     1024M (100%)       1024M (100%)       1024M (100%)       1024M (100%)       1024M (100%)       1024M (100%)   
[101.729s][info][gc,heap     ] GC(44)      Free:        0M (0%)            0M (0%)          140M (14%)           6M (1%)          198M (19%)           0M (0%)     
[101.729s][info][gc,heap     ] GC(44)      Used:     1024M (100%)       1024M (100%)        884M (86%)        1018M (99%)        1024M (100%)        826M (81%)    
[101.729s][info][gc,heap     ] GC(44)      Live:         -               555M (54%)         555M (54%)         555M (54%)            -                  -          
[101.729s][info][gc,heap     ] GC(44) Allocated:         -                 0M (0%)           82M (8%)          353M (34%)            -                  -          
[101.729s][info][gc,heap     ] GC(44)   Garbage:         -               468M (46%)         246M (24%)         108M (11%)            -                  -          
[101.729s][info][gc,heap     ] GC(44) Reclaimed:         -                  -               222M (22%)         359M (35%)            -                  -          
[101.729s][info][gc          ] GC(44) Garbage Collection (Allocation Stall) 1024M(100%)->1018M(99%)
[101.729s][info][gc,start    ] GC(45) Garbage Collection (Allocation Stall)
[101.729s][info][gc,ref      ] GC(45) Clearing All SoftReferences
[101.729s][info][gc,task     ] GC(45) Using 10 workers
[101.740s][info][gc,ref      ] GC(45) Clearing All SoftReferences
[101.740s][info][gc,phases   ] GC(45) Pause Mark Start 0.031ms
[101.740s][info][gc          ] Allocation Stall (Executor task launch worker for task 22.0 in stage 0.0 (TID 22)) 23.982ms
[101.740s][info][gc          ] Allocation Stall (Executor task launch worker for task 38.0 in stage 0.0 (TID 38)) 22.449ms
[101.756s][info][gc          ] Allocation Stall (Executor task launch worker for task 37.0 in stage 0.0 (TID 37)) 31.062ms
[101.756s][info][gc          ] Allocation Stall (Executor task launch worker for task 44.0 in stage 0.0 (TID 44)) 6.457ms
[101.756s][info][gc          ] Allocation Stall (Executor task launch worker for task 33.0 in stage 0.0 (TID 33)) 6.697ms
[101.756s][info][gc          ] Allocation Stall (Executor task launch worker for task 39.0 in stage 0.0 (TID 39)) 6.541ms
[101.756s][info][gc          ] Allocation Stall (Executor task launch worker for task 2.0 in stage 0.0 (TID 2)) 6.739ms
[101.756s][info][gc          ] Allocation Stall (Executor task launch worker for task 35.0 in stage 0.0 (TID 35)) 6.477ms
[101.756s][info][gc          ] Allocation Stall (Executor task launch worker for task 36.0 in stage 0.0 (TID 36)) 15.779ms
[101.756s][info][gc          ] Allocation Stall (Executor task launch worker for task 21.0 in stage 0.0 (TID 21)) 6.547ms
[101.756s][info][gc          ] Allocation Stall (Executor task launch worker for task 31.0 in stage 0.0 (TID 31)) 6.090ms
[101.756s][info][gc          ] Allocation Stall (Executor task launch worker for task 6.0 in stage 0.0 (TID 6)) 6.960ms
[101.756s][info][gc          ] Allocation Stall (Executor task launch worker for task 45.0 in stage 0.0 (TID 45)) 6.923ms
[101.756s][info][gc          ] Allocation Stall (Executor task launch worker for task 18.0 in stage 0.0 (TID 18)) 15.803ms
[101.756s][info][gc          ] Allocation Stall (Executor task launch worker for task 13.0 in stage 0.0 (TID 13)) 29.325ms
[101.756s][info][gc          ] Allocation Stall (Executor task launch worker for task 19.0 in stage 0.0 (TID 19)) 30.447ms
[101.756s][info][gc          ] Allocation Stall (Executor task launch worker for task 43.0 in stage 0.0 (TID 43)) 15.439ms
[101.756s][info][gc          ] Allocation Stall (Executor task launch worker for task 25.0 in stage 0.0 (TID 25)) 7.409ms
[101.756s][info][gc          ] Allocation Stall (Executor task launch worker for task 12.0 in stage 0.0 (TID 12)) 7.029ms
[101.756s][info][gc          ] Allocation Stall (Executor task launch worker for task 24.0 in stage 0.0 (TID 24)) 6.078ms
[101.757s][info][gc          ] Allocation Stall (Executor task launch worker for task 16.0 in stage 0.0 (TID 16)) 6.019ms
[101.757s][info][gc          ] Allocation Stall (Executor task launch worker for task 32.0 in stage 0.0 (TID 32)) 6.056ms
[101.757s][info][gc          ] Allocation Stall (Executor task launch worker for task 47.0 in stage 0.0 (TID 47)) 6.120ms
[101.757s][info][gc          ] Allocation Stall (Executor task launch worker for task 14.0 in stage 0.0 (TID 14)) 5.500ms
[101.757s][info][gc          ] Allocation Stall (Executor task launch worker for task 3.0 in stage 0.0 (TID 3)) 5.365ms
[101.757s][info][gc          ] Allocation Stall (Executor task launch worker for task 10.0 in stage 0.0 (TID 10)) 4.929ms
[101.757s][info][gc          ] Allocation Stall (Executor task launch worker for task 23.0 in stage 0.0 (TID 23)) 4.935ms
[101.757s][info][gc          ] Allocation Stall (Executor task launch worker for task 4.0 in stage 0.0 (TID 4)) 4.122ms
[101.757s][info][gc          ] Allocation Stall (Executor task launch worker for task 30.0 in stage 0.0 (TID 30)) 3.980ms
[101.757s][info][gc          ] Allocation Stall (Executor task launch worker for task 40.0 in stage 0.0 (TID 40)) 3.625ms
[101.757s][info][gc          ] Allocation Stall (Executor task launch worker for task 15.0 in stage 0.0 (TID 15)) 3.155ms
[101.757s][info][gc          ] Allocation Stall (Executor task launch worker for task 34.0 in stage 0.0 (TID 34)) 2.731ms
[101.757s][info][gc          ] Allocation Stall (Executor task launch worker for task 1.0 in stage 0.0 (TID 1)) 2.336ms
[101.757s][info][gc          ] Allocation Stall (Executor task launch worker for task 26.0 in stage 0.0 (TID 26)) 2.229ms
[101.757s][info][gc          ] Allocation Stall (Executor task launch worker for task 9.0 in stage 0.0 (TID 9)) 2.207ms
[101.757s][info][gc          ] Allocation Stall (Executor task launch worker for task 0.0 in stage 0.0 (TID 0)) 2.155ms
[101.757s][info][gc          ] Allocation Stall (Executor task launch worker for task 20.0 in stage 0.0 (TID 20)) 2.204ms
[101.757s][info][gc          ] Allocation Stall (Executor task launch worker for task 29.0 in stage 0.0 (TID 29)) 2.219ms
[101.757s][info][gc          ] Allocation Stall (Executor task launch worker for task 46.0 in stage 0.0 (TID 46)) 2.237ms
[101.758s][info][gc          ] Allocation Stall (Executor task launch worker for task 28.0 in stage 0.0 (TID 28)) 2.226ms
[101.758s][info][gc          ] Allocation Stall (Executor task launch worker for task 11.0 in stage 0.0 (TID 11)) 2.269ms
[101.758s][info][gc          ] Allocation Stall (Executor task launch worker for task 5.0 in stage 0.0 (TID 5)) 2.283ms
[101.758s][info][gc          ] Allocation Stall (Spark Context Cleaner) 2.349ms
[101.758s][info][gc          ] Allocation Stall (Executor task launch worker for task 8.0 in stage 0.0 (TID 8)) 2.377ms
[101.758s][info][gc          ] Allocation Stall (Executor task launch worker for task 42.0 in stage 0.0 (TID 42)) 2.455ms
[101.758s][info][gc          ] Allocation Stall (Executor task launch worker for task 17.0 in stage 0.0 (TID 17)) 2.451ms
[101.758s][info][gc          ] Allocation Stall (Executor task launch worker for task 27.0 in stage 0.0 (TID 27)) 2.474ms
[101.758s][info][gc          ] Allocation Stall (Executor task launch worker for task 41.0 in stage 0.0 (TID 41)) 2.537ms
[101.758s][info][gc          ] Allocation Stall (Executor task launch worker for task 7.0 in stage 0.0 (TID 7)) 2.530ms
[101.772s][info][gc          ] Allocation Stall (Executor task launch worker for task 26.0 in stage 0.0 (TID 26)) 10.835ms
[101.772s][info][gc          ] Allocation Stall (Executor task launch worker for task 7.0 in stage 0.0 (TID 7)) 7.545ms
[101.818s][info][gc,phases   ] GC(45) Concurrent Mark 77.968ms
[101.818s][info][gc,phases   ] GC(45) Pause Mark End 0.031ms
[101.818s][info][gc,phases   ] GC(45) Concurrent Mark Free 0.001ms
[101.819s][info][gc,phases   ] GC(45) Concurrent Process Non-Strong References 1.306ms
[101.820s][info][gc,phases   ] GC(45) Concurrent Reset Relocation Set 0.008ms
[101.820s][info][gc          ] Allocation Stall (Executor task launch worker for task 21.0 in stage 0.0 (TID 21)) 52.360ms
[101.820s][info][gc          ] Allocation Stall (Executor task launch worker for task 41.0 in stage 0.0 (TID 41)) 42.014ms
[101.820s][info][gc          ] Allocation Stall (Executor task launch worker for task 27.0 in stage 0.0 (TID 27)) 40.447ms
[101.820s][info][gc          ] Allocation Stall (Executor task launch worker for task 7.0 in stage 0.0 (TID 7)) 42.840ms
[101.820s][info][gc          ] Allocation Stall (Executor task launch worker for task 33.0 in stage 0.0 (TID 33)) 41.860ms
[101.820s][info][gc          ] Allocation Stall (Executor task launch worker for task 45.0 in stage 0.0 (TID 45)) 44.743ms
[101.820s][info][gc          ] Allocation Stall (Executor task launch worker for task 24.0 in stage 0.0 (TID 24)) 52.264ms
[101.820s][info][gc          ] Allocation Stall (Executor task launch worker for task 40.0 in stage 0.0 (TID 40)) 52.427ms
[101.820s][info][gc          ] Allocation Stall (Executor task launch worker for task 32.0 in stage 0.0 (TID 32)) 45.193ms
[101.820s][info][gc          ] Allocation Stall (Executor task launch worker for task 18.0 in stage 0.0 (TID 18)) 39.831ms
[101.820s][info][gc          ] Allocation Stall (Executor task launch worker for task 16.0 in stage 0.0 (TID 16)) 40.212ms
[101.820s][info][gc          ] Allocation Stall (Executor task launch worker for task 5.0 in stage 0.0 (TID 5)) 53.550ms
[101.820s][info][gc          ] Allocation Stall (Executor task launch worker for task 17.0 in stage 0.0 (TID 17)) 52.518ms
[101.820s][info][gc          ] Allocation Stall (Executor task launch worker for task 44.0 in stage 0.0 (TID 44)) 38.354ms
[101.820s][info][gc          ] Allocation Stall (Executor task launch worker for task 25.0 in stage 0.0 (TID 25)) 40.238ms
[101.820s][info][gc          ] Allocation Stall (Executor task launch worker for task 13.0 in stage 0.0 (TID 13)) 40.395ms
[101.820s][info][gc          ] Allocation Stall (Executor task launch worker for task 39.0 in stage 0.0 (TID 39)) 45.224ms
[101.820s][info][gc          ] Allocation Stall (Executor task launch worker for task 14.0 in stage 0.0 (TID 14)) 53.079ms
[101.820s][info][gc          ] Allocation Stall (Executor task launch worker for task 4.0 in stage 0.0 (TID 4)) 53.799ms
[101.820s][info][gc          ] Allocation Stall (Executor task launch worker for task 29.0 in stage 0.0 (TID 29)) 54.490ms
[101.820s][info][gc          ] Allocation Stall (Executor task launch worker for task 46.0 in stage 0.0 (TID 46)) 54.203ms
[101.820s][info][gc          ] Allocation Stall (Executor task launch worker for task 6.0 in stage 0.0 (TID 6)) 53.905ms
[101.820s][info][gc          ] Allocation Stall (Executor task launch worker for task 31.0 in stage 0.0 (TID 31)) 53.465ms
[101.820s][info][gc          ] Allocation Stall (Executor task launch worker for task 37.0 in stage 0.0 (TID 37)) 30.763ms
[101.820s][info][gc          ] Allocation Stall (Executor task launch worker for task 47.0 in stage 0.0 (TID 47)) 40.531ms
[101.820s][info][gc          ] Allocation Stall (Executor task launch worker for task 26.0 in stage 0.0 (TID 26)) 29.004ms
[101.820s][info][gc          ] Allocation Stall (Executor task launch worker for task 30.0 in stage 0.0 (TID 30)) 52.913ms
[101.820s][info][gc          ] Allocation Stall (Executor task launch worker for task 35.0 in stage 0.0 (TID 35)) 42.277ms
[101.820s][info][gc          ] Allocation Stall (Executor task launch worker for task 8.0 in stage 0.0 (TID 8)) 53.093ms
[101.820s][info][gc          ] Allocation Stall (Executor task launch worker for task 20.0 in stage 0.0 (TID 20)) 53.716ms
[101.820s][info][gc          ] Allocation Stall (Executor task launch worker for task 9.0 in stage 0.0 (TID 9)) 41.137ms
[101.820s][info][gc          ] Allocation Stall (Executor task launch worker for task 12.0 in stage 0.0 (TID 12)) 42.898ms
[101.820s][info][gc          ] Allocation Stall (Executor task launch worker for task 15.0 in stage 0.0 (TID 15)) 41.910ms
[101.820s][info][gc          ] Allocation Stall (Executor task launch worker for task 2.0 in stage 0.0 (TID 2)) 40.268ms
[101.820s][info][gc          ] Allocation Stall (Executor task launch worker for task 19.0 in stage 0.0 (TID 19)) 42.242ms
[101.820s][info][gc          ] Allocation Stall (Executor task launch worker for task 11.0 in stage 0.0 (TID 11)) 53.828ms
[101.820s][info][gc          ] Allocation Stall (Executor task launch worker for task 28.0 in stage 0.0 (TID 28)) 53.697ms
[101.820s][info][gc          ] Allocation Stall (Executor task launch worker for task 36.0 in stage 0.0 (TID 36)) 54.415ms
[101.820s][info][gc          ] Allocation Stall (Executor task launch worker for task 34.0 in stage 0.0 (TID 34)) 53.482ms
[101.820s][info][gc          ] Allocation Stall (Executor task launch worker for task 0.0 in stage 0.0 (TID 0)) 54.303ms
[101.820s][info][gc          ] Allocation Stall (Executor task launch worker for task 1.0 in stage 0.0 (TID 1)) 54.500ms
[101.820s][info][gc          ] Allocation Stall (Executor task launch worker for task 42.0 in stage 0.0 (TID 42)) 52.625ms
[101.820s][info][gc          ] Allocation Stall (Executor task launch worker for task 38.0 in stage 0.0 (TID 38)) 30.446ms
[101.820s][info][gc          ] Allocation Stall (Executor task launch worker for task 43.0 in stage 0.0 (TID 43)) 40.424ms
[101.820s][info][gc          ] Allocation Stall (Executor task launch worker for task 3.0 in stage 0.0 (TID 3)) 53.438ms
[101.820s][info][gc          ] Allocation Stall (Executor task launch worker for task 10.0 in stage 0.0 (TID 10)) 55.279ms
[101.820s][info][gc          ] Allocation Stall (Executor task launch worker for task 22.0 in stage 0.0 (TID 22)) 32.850ms
[101.820s][info][gc          ] Allocation Stall (Executor task launch worker for task 23.0 in stage 0.0 (TID 23)) 53.582ms
[101.824s][info][gc,phases   ] GC(45) Concurrent Select Relocation Set 4.432ms
[101.824s][info][gc,phases   ] GC(45) Pause Relocate Start 0.010ms
[101.876s][info][gc          ] Allocation Stall (Executor task launch worker for task 46.0 in stage 0.0 (TID 46)) 17.799ms
[101.876s][info][gc          ] Allocation Stall (Executor task launch worker for task 23.0 in stage 0.0 (TID 23)) 17.434ms
[101.876s][info][gc          ] Allocation Stall (Executor task launch worker for task 44.0 in stage 0.0 (TID 44)) 13.652ms
[101.876s][info][gc          ] Allocation Stall (Executor task launch worker for task 43.0 in stage 0.0 (TID 43)) 11.125ms
[101.876s][info][gc          ] Allocation Stall (Executor task launch worker for task 20.0 in stage 0.0 (TID 20)) 11.836ms
[101.876s][info][gc          ] Allocation Stall (Executor task launch worker for task 22.0 in stage 0.0 (TID 22)) 11.744ms
[101.876s][info][gc          ] Allocation Stall (Executor task launch worker for task 24.0 in stage 0.0 (TID 24)) 11.379ms
[101.876s][info][gc          ] Allocation Stall (Executor task launch worker for task 9.0 in stage 0.0 (TID 9)) 14.018ms
[101.876s][info][gc          ] Allocation Stall (Executor task launch worker for task 21.0 in stage 0.0 (TID 21)) 11.447ms
[101.876s][info][gc          ] Allocation Stall (Executor task launch worker for task 31.0 in stage 0.0 (TID 31)) 14.094ms
[101.876s][info][gc          ] Allocation Stall (Executor task launch worker for task 18.0 in stage 0.0 (TID 18)) 11.396ms
[101.876s][info][gc          ] Allocation Stall (Executor task launch worker for task 7.0 in stage 0.0 (TID 7)) 11.260ms
[101.876s][info][gc          ] Allocation Stall (Executor task launch worker for task 33.0 in stage 0.0 (TID 33)) 14.507ms
[101.876s][info][gc          ] Allocation Stall (Executor task launch worker for task 40.0 in stage 0.0 (TID 40)) 10.866ms
[101.876s][info][gc          ] Allocation Stall (Executor task launch worker for task 8.0 in stage 0.0 (TID 8)) 14.687ms
[101.876s][info][gc          ] Allocation Stall (Executor task launch worker for task 47.0 in stage 0.0 (TID 47)) 14.614ms
[101.876s][info][gc          ] Allocation Stall (Executor task launch worker for task 37.0 in stage 0.0 (TID 37)) 14.575ms
[101.876s][info][gc          ] Allocation Stall (Executor task launch worker for task 34.0 in stage 0.0 (TID 34)) 14.609ms
[101.877s][info][gc          ] Allocation Stall (Executor task launch worker for task 4.0 in stage 0.0 (TID 4)) 12.162ms
[101.877s][info][gc          ] Allocation Stall (Executor task launch worker for task 14.0 in stage 0.0 (TID 14)) 12.175ms
[101.877s][info][gc          ] Allocation Stall (Executor task launch worker for task 45.0 in stage 0.0 (TID 45)) 12.214ms
[101.877s][info][gc          ] Allocation Stall (Executor task launch worker for task 41.0 in stage 0.0 (TID 41)) 12.209ms
[101.877s][info][gc          ] Allocation Stall (Executor task launch worker for task 19.0 in stage 0.0 (TID 19)) 12.235ms
[101.877s][info][gc          ] Allocation Stall (Executor task launch worker for task 35.0 in stage 0.0 (TID 35)) 12.268ms
[101.877s][info][gc          ] Allocation Stall (Executor task launch worker for task 38.0 in stage 0.0 (TID 38)) 12.268ms
[101.877s][info][gc          ] Allocation Stall (Executor task launch worker for task 39.0 in stage 0.0 (TID 39)) 12.323ms
[101.878s][info][gc          ] Allocation Stall (Executor task launch worker for task 36.0 in stage 0.0 (TID 36)) 12.319ms
[101.878s][info][gc          ] Allocation Stall (Executor task launch worker for task 25.0 in stage 0.0 (TID 25)) 12.219ms
[101.878s][info][gc          ] Allocation Stall (Executor task launch worker for task 11.0 in stage 0.0 (TID 11)) 12.250ms
[101.878s][info][gc          ] Allocation Stall (Executor task launch worker for task 0.0 in stage 0.0 (TID 0)) 12.257ms
[101.878s][info][gc          ] Allocation Stall (Executor task launch worker for task 5.0 in stage 0.0 (TID 5)) 12.317ms
[101.878s][info][gc          ] Allocation Stall (Executor task launch worker for task 15.0 in stage 0.0 (TID 15)) 12.363ms
[101.881s][info][gc          ] Allocation Stall (Executor task launch worker for task 30.0 in stage 0.0 (TID 30)) 15.511ms
[101.881s][info][gc          ] Allocation Stall (Executor task launch worker for task 13.0 in stage 0.0 (TID 13)) 15.504ms
[101.881s][info][gc          ] Allocation Stall (Executor task launch worker for task 26.0 in stage 0.0 (TID 26)) 15.539ms
[101.881s][info][gc          ] Allocation Stall (Executor task launch worker for task 3.0 in stage 0.0 (TID 3)) 15.550ms
[101.881s][info][gc          ] Allocation Stall (Executor task launch worker for task 12.0 in stage 0.0 (TID 12)) 15.540ms
[101.881s][info][gc          ] Allocation Stall (Executor task launch worker for task 2.0 in stage 0.0 (TID 2)) 15.476ms
[101.882s][info][gc          ] Allocation Stall (Executor task launch worker for task 17.0 in stage 0.0 (TID 17)) 15.827ms
[101.882s][info][gc          ] Allocation Stall (Executor task launch worker for task 1.0 in stage 0.0 (TID 1)) 15.263ms
[101.882s][info][gc          ] Allocation Stall (Executor task launch worker for task 27.0 in stage 0.0 (TID 27)) 15.227ms
[101.882s][info][gc          ] Allocation Stall (Executor task launch worker for task 10.0 in stage 0.0 (TID 10)) 10.512ms
[101.882s][info][gc          ] Allocation Stall (Executor task launch worker for task 16.0 in stage 0.0 (TID 16)) 9.652ms
[101.904s][info][gc          ] Allocation Stall (Executor task launch worker for task 3.0 in stage 0.0 (TID 3)) 2.501ms
[101.904s][info][gc          ] Allocation Stall (Executor task launch worker for task 11.0 in stage 0.0 (TID 11)) 2.378ms
[101.904s][info][gc          ] Allocation Stall (Executor task launch worker for task 37.0 in stage 0.0 (TID 37)) 2.367ms
[101.906s][info][gc          ] Allocation Stall (Executor task launch worker for task 36.0 in stage 0.0 (TID 36)) 3.776ms
[101.906s][info][gc          ] Allocation Stall (Executor task launch worker for task 35.0 in stage 0.0 (TID 35)) 3.829ms
[101.906s][info][gc          ] Allocation Stall (Executor task launch worker for task 18.0 in stage 0.0 (TID 18)) 3.837ms
[101.906s][info][gc          ] Allocation Stall (Executor task launch worker for task 45.0 in stage 0.0 (TID 45)) 2.938ms
[101.906s][info][gc          ] Allocation Stall (Executor task launch worker for task 23.0 in stage 0.0 (TID 23)) 2.849ms
[101.923s][info][gc          ] Allocation Stall (Executor task launch worker for task 23.0 in stage 0.0 (TID 23)) 2.461ms
[101.923s][info][gc          ] Allocation Stall (Executor task launch worker for task 2.0 in stage 0.0 (TID 2)) 2.505ms
[101.923s][info][gc          ] Allocation Stall (Executor task launch worker for task 16.0 in stage 0.0 (TID 16)) 2.513ms
[101.923s][info][gc          ] Allocation Stall (Executor task launch worker for task 45.0 in stage 0.0 (TID 45)) 2.283ms
[101.923s][info][gc          ] Allocation Stall (Executor task launch worker for task 8.0 in stage 0.0 (TID 8)) 1.881ms
[101.923s][info][gc          ] Allocation Stall (Executor task launch worker for task 31.0 in stage 0.0 (TID 31)) 1.634ms
[101.923s][info][gc          ] Allocation Stall (Executor task launch worker for task 26.0 in stage 0.0 (TID 26)) 1.390ms
[101.923s][info][gc          ] Allocation Stall (Executor task launch worker for task 36.0 in stage 0.0 (TID 36)) 1.093ms
[101.923s][info][gc          ] Allocation Stall (Executor task launch worker for task 18.0 in stage 0.0 (TID 18)) 1.098ms
[101.923s][info][gc          ] Allocation Stall (Executor task launch worker for task 22.0 in stage 0.0 (TID 22)) 1.015ms
[101.923s][info][gc          ] Allocation Stall (Executor task launch worker for task 1.0 in stage 0.0 (TID 1)) 1.088ms
[101.923s][info][gc          ] Allocation Stall (Executor task launch worker for task 15.0 in stage 0.0 (TID 15)) 0.990ms
[101.940s][info][gc          ] Allocation Stall (Executor task launch worker for task 16.0 in stage 0.0 (TID 16)) 8.117ms
[101.940s][info][gc          ] Allocation Stall (Executor task launch worker for task 34.0 in stage 0.0 (TID 34)) 4.367ms
[101.941s][info][gc          ] Allocation Stall (Executor task launch worker for task 44.0 in stage 0.0 (TID 44)) 4.345ms
[101.941s][info][gc          ] Allocation Stall (Executor task launch worker for task 26.0 in stage 0.0 (TID 26)) 4.238ms
[101.941s][info][gc          ] Allocation Stall (Executor task launch worker for task 17.0 in stage 0.0 (TID 17)) 4.269ms
[101.941s][info][gc          ] Allocation Stall (Executor task launch worker for task 1.0 in stage 0.0 (TID 1)) 4.234ms
[101.949s][info][gc          ] Allocation Stall (Executor task launch worker for task 45.0 in stage 0.0 (TID 45)) 9.965ms
[101.949s][info][gc          ] Allocation Stall (Executor task launch worker for task 23.0 in stage 0.0 (TID 23)) 9.902ms
[101.949s][info][gc          ] Allocation Stall (Executor task launch worker for task 37.0 in stage 0.0 (TID 37)) 12.041ms
[101.949s][info][gc          ] Allocation Stall (Executor task launch worker for task 0.0 in stage 0.0 (TID 0)) 12.000ms
[101.949s][info][gc          ] Allocation Stall (Executor task launch worker for task 19.0 in stage 0.0 (TID 19)) 12.002ms
[101.949s][info][gc          ] Allocation Stall (Executor task launch worker for task 39.0 in stage 0.0 (TID 39)) 11.941ms
[101.949s][info][gc          ] Allocation Stall (Executor task launch worker for task 27.0 in stage 0.0 (TID 27)) 11.704ms
[101.949s][info][gc          ] Allocation Stall (Executor task launch worker for task 4.0 in stage 0.0 (TID 4)) 11.697ms
[101.949s][info][gc          ] Allocation Stall (Executor task launch worker for task 18.0 in stage 0.0 (TID 18)) 11.634ms
[101.949s][info][gc          ] Allocation Stall (Executor task launch worker for task 35.0 in stage 0.0 (TID 35)) 11.212ms
[101.949s][info][gc          ] Allocation Stall (Executor task launch worker for task 11.0 in stage 0.0 (TID 11)) 10.891ms
[101.949s][info][gc          ] Allocation Stall (Executor task launch worker for task 24.0 in stage 0.0 (TID 24)) 10.884ms
[101.949s][info][gc          ] Allocation Stall (Executor task launch worker for task 8.0 in stage 0.0 (TID 8)) 10.802ms
[101.949s][info][gc          ] Allocation Stall (Executor task launch worker for task 41.0 in stage 0.0 (TID 41)) 10.721ms
[101.949s][info][gc          ] Allocation Stall (Executor task launch worker for task 31.0 in stage 0.0 (TID 31)) 10.048ms
[101.949s][info][gc          ] Allocation Stall (Executor task launch worker for task 47.0 in stage 0.0 (TID 47)) 10.356ms
[101.951s][info][gc          ] Allocation Stall (Executor task launch worker for task 7.0 in stage 0.0 (TID 7)) 11.722ms
[101.951s][info][gc          ] Allocation Stall (Executor task launch worker for task 9.0 in stage 0.0 (TID 9)) 11.694ms
[101.951s][info][gc          ] Allocation Stall (Executor task launch worker for task 13.0 in stage 0.0 (TID 13)) 11.616ms
[101.951s][info][gc          ] Allocation Stall (Executor task launch worker for task 2.0 in stage 0.0 (TID 2)) 11.527ms
[101.951s][info][gc          ] Allocation Stall (Executor task launch worker for task 5.0 in stage 0.0 (TID 5)) 11.505ms
[101.951s][info][gc          ] Allocation Stall (Executor task launch worker for task 38.0 in stage 0.0 (TID 38)) 11.388ms
[101.951s][info][gc          ] Allocation Stall (Executor task launch worker for task 36.0 in stage 0.0 (TID 36)) 11.416ms
[101.951s][info][gc          ] Allocation Stall (Executor task launch worker for task 25.0 in stage 0.0 (TID 25)) 11.322ms
[101.951s][info][gc          ] Allocation Stall (Executor task launch worker for task 40.0 in stage 0.0 (TID 40)) 11.355ms
[101.951s][info][gc          ] Allocation Stall (Executor task launch worker for task 14.0 in stage 0.0 (TID 14)) 11.248ms
[101.951s][info][gc          ] Allocation Stall (Executor task launch worker for task 21.0 in stage 0.0 (TID 21)) 11.276ms
[101.951s][info][gc          ] Allocation Stall (Executor task launch worker for task 3.0 in stage 0.0 (TID 3)) 11.031ms
[101.951s][info][gc          ] Allocation Stall (Executor task launch worker for task 15.0 in stage 0.0 (TID 15)) 10.967ms
[101.951s][info][gc          ] Allocation Stall (Executor task launch worker for task 12.0 in stage 0.0 (TID 12)) 10.946ms
[101.951s][info][gc          ] Allocation Stall (Executor task launch worker for task 43.0 in stage 0.0 (TID 43)) 10.820ms
[101.951s][info][gc          ] Allocation Stall (Executor task launch worker for task 33.0 in stage 0.0 (TID 33)) 10.830ms
[101.983s][info][gc          ] Allocation Stall (Executor task launch worker for task 42.0 in stage 0.0 (TID 42)) 38.152ms
[101.983s][info][gc,phases   ] GC(45) Concurrent Relocate 158.149ms
[101.983s][info][gc,load     ] GC(45) Load: 0.00/0.00/0.00
[101.983s][info][gc,mmu      ] GC(45) MMU: 2ms/94.2%, 5ms/97.7%, 10ms/98.8%, 20ms/99.3%, 50ms/99.7%, 100ms/99.9%
[101.983s][info][gc,marking  ] GC(45) Mark: 8 stripe(s), 3 proactive flush(es), 1 terminate flush(es), 0 completion(s), 0 continuation(s) 
[101.983s][info][gc,marking  ] GC(45) Mark Stack Usage: 32M
[101.983s][info][gc,nmethod  ] GC(45) NMethods: 2081 registered, 68 unregistered
[101.983s][info][gc,metaspace] GC(45) Metaspace: 112M used, 124M committed, 1152M reserved
[101.983s][info][gc,ref      ] GC(45) Soft: 2800 encountered, 292 discovered, 0 enqueued
[101.983s][info][gc,ref      ] GC(45) Weak: 12968 encountered, 1283 discovered, 0 enqueued
[101.983s][info][gc,ref      ] GC(45) Final: 62 encountered, 4 discovered, 0 enqueued
[101.983s][info][gc,ref      ] GC(45) Phantom: 750 encountered, 547 discovered, 0 enqueued
[101.983s][info][gc,reloc    ] GC(45) Small Pages: 175 / 350M, Empty: 180M, Relocated: 3M, In-Place: 0
[101.983s][info][gc,reloc    ] GC(45) Medium Pages: 12 / 384M, Empty: 0M, Relocated: 49M, In-Place: 1
[101.983s][info][gc,reloc    ] GC(45) Large Pages: 27 / 216M, Empty: 40M, Relocated: 0M, In-Place: 0
[101.983s][info][gc,reloc    ] GC(45) Forwarding Usage: 0M
[101.983s][info][gc,heap     ] GC(45) Min Capacity: 8M(1%)
[101.983s][info][gc,heap     ] GC(45) Max Capacity: 1024M(100%)
[101.983s][info][gc,heap     ] GC(45) Soft Max Capacity: 1024M(100%)
[101.983s][info][gc,heap     ] GC(45)                Mark Start          Mark End        Relocate Start      Relocate End           High               Low         
[101.983s][info][gc,heap     ] GC(45)  Capacity:     1024M (100%)       1024M (100%)       1024M (100%)       1024M (100%)       1024M (100%)       1024M (100%)   
[101.983s][info][gc,heap     ] GC(45)      Free:       10M (1%)            0M (0%)          200M (20%)           0M (0%)          234M (23%)           0M (0%)     
[101.983s][info][gc,heap     ] GC(45)      Used:     1014M (99%)        1024M (100%)        824M (80%)        1024M (100%)       1024M (100%)        790M (77%)    
[101.983s][info][gc,heap     ] GC(45)      Live:         -               538M (53%)         538M (53%)         538M (53%)            -                  -          
[101.983s][info][gc,heap     ] GC(45) Allocated:         -                10M (1%)           30M (3%)          338M (33%)            -                  -          
[101.983s][info][gc,heap     ] GC(45)   Garbage:         -               475M (46%)         255M (25%)         147M (14%)            -                  -          
[101.983s][info][gc,heap     ] GC(45) Reclaimed:         -                  -               220M (21%)         328M (32%)            -                  -          
[101.984s][info][gc          ] GC(45) Garbage Collection (Allocation Stall) 1014M(99%)->1024M(100%)
[101.984s][info][gc,start    ] GC(46) Garbage Collection (Allocation Stall)
[101.984s][info][gc,ref      ] GC(46) Clearing All SoftReferences
[101.984s][info][gc,task     ] GC(46) Using 10 workers
[101.984s][info][gc,ref      ] GC(46) Clearing All SoftReferences
[101.984s][info][gc,phases   ] GC(46) Pause Mark Start 0.034ms
[102.005s][info][gc,phases   ] GC(46) Concurrent Mark 21.703ms
[102.005s][info][gc,phases   ] GC(46) Pause Mark End 0.017ms
[102.006s][info][gc,phases   ] GC(46) Concurrent Mark Free 0.001ms
[102.006s][info][gc,phases   ] GC(46) Concurrent Process Non-Strong References 0.783ms
[102.006s][info][gc,phases   ] GC(46) Concurrent Reset Relocation Set 0.005ms
[102.006s][info][gc          ] Allocation Stall (Executor task launch worker for task 4.0 in stage 0.0 (TID 4)) 28.179ms
[102.006s][info][gc          ] Allocation Stall (Executor task launch worker for task 14.0 in stage 0.0 (TID 14)) 27.565ms
[102.006s][info][gc          ] Allocation Stall (Executor task launch worker for task 31.0 in stage 0.0 (TID 31)) 28.021ms
[102.007s][info][gc          ] Allocation Stall (Executor task launch worker for task 6.0 in stage 0.0 (TID 6)) 51.406ms
[102.007s][info][gc          ] Allocation Stall (Executor task launch worker for task 8.0 in stage 0.0 (TID 8)) 29.672ms
[102.007s][info][gc          ] Allocation Stall (Executor task launch worker for task 36.0 in stage 0.0 (TID 36)) 28.037ms
[102.007s][info][gc          ] Allocation Stall (Executor task launch worker for task 37.0 in stage 0.0 (TID 37)) 27.474ms
[102.007s][info][gc          ] Allocation Stall (Executor task launch worker for task 9.0 in stage 0.0 (TID 9)) 27.440ms
[102.007s][info][gc          ] Allocation Stall (Executor task launch worker for task 2.0 in stage 0.0 (TID 2)) 27.335ms
[102.007s][info][gc          ] Allocation Stall (Executor task launch worker for task 20.0 in stage 0.0 (TID 20)) 60.670ms
[102.007s][info][gc          ] Allocation Stall (Executor task launch worker for task 39.0 in stage 0.0 (TID 39)) 28.395ms
[102.007s][info][gc          ] Allocation Stall (Executor task launch worker for task 43.0 in stage 0.0 (TID 43)) 28.283ms
[102.007s][info][gc          ] Allocation Stall (Executor task launch worker for task 21.0 in stage 0.0 (TID 21)) 28.469ms
[102.007s][info][gc          ] Allocation Stall (Executor task launch worker for task 0.0 in stage 0.0 (TID 0)) 29.049ms
[102.007s][info][gc          ] Allocation Stall (Executor task launch worker for task 33.0 in stage 0.0 (TID 33)) 29.901ms
[102.007s][info][gc          ] Allocation Stall (Executor task launch worker for task 25.0 in stage 0.0 (TID 25)) 29.671ms
[102.007s][info][gc          ] Allocation Stall (Executor task launch worker for task 40.0 in stage 0.0 (TID 40)) 27.471ms
[102.007s][info][gc          ] Allocation Stall (Executor task launch worker for task 24.0 in stage 0.0 (TID 24)) 28.529ms
[102.007s][info][gc          ] Allocation Stall (Executor task launch worker for task 27.0 in stage 0.0 (TID 27)) 28.413ms
[102.007s][info][gc          ] Allocation Stall (Executor task launch worker for task 15.0 in stage 0.0 (TID 15)) 29.892ms
[102.007s][info][gc          ] Allocation Stall (Executor task launch worker for task 29.0 in stage 0.0 (TID 29)) 56.976ms
[102.007s][info][gc          ] Allocation Stall (Executor task launch worker for task 22.0 in stage 0.0 (TID 22)) 60.768ms
[102.007s][info][gc          ] Allocation Stall (Executor task launch worker for task 3.0 in stage 0.0 (TID 3)) 27.577ms
[102.007s][info][gc          ] Allocation Stall (Executor task launch worker for task 23.0 in stage 0.0 (TID 23)) 28.136ms
[102.007s][info][gc          ] Allocation Stall (Executor task launch worker for task 11.0 in stage 0.0 (TID 11)) 29.243ms
[102.007s][info][gc          ] Allocation Stall (Executor task launch worker for task 28.0 in stage 0.0 (TID 28)) 57.968ms
[102.007s][info][gc          ] Allocation Stall (Executor task launch worker for task 26.0 in stage 0.0 (TID 26)) 58.456ms
[102.007s][info][gc          ] Allocation Stall (Executor task launch worker for task 44.0 in stage 0.0 (TID 44)) 58.566ms
[102.007s][info][gc          ] Allocation Stall (Executor task launch worker for task 34.0 in stage 0.0 (TID 34)) 58.623ms
[102.007s][info][gc          ] Allocation Stall (Executor task launch worker for task 17.0 in stage 0.0 (TID 17)) 60.705ms
[102.007s][info][gc          ] Allocation Stall (Executor task launch worker for task 16.0 in stage 0.0 (TID 16)) 58.676ms
[102.007s][info][gc          ] Allocation Stall (Executor task launch worker for task 32.0 in stage 0.0 (TID 32)) 60.502ms
[102.007s][info][gc          ] Allocation Stall (Executor task launch worker for task 30.0 in stage 0.0 (TID 30)) 58.521ms
[102.007s][info][gc          ] Allocation Stall (Executor task launch worker for task 1.0 in stage 0.0 (TID 1)) 60.661ms
[102.007s][info][gc          ] Allocation Stall (Executor task launch worker for task 7.0 in stage 0.0 (TID 7)) 27.255ms
[102.007s][info][gc          ] Allocation Stall (Executor task launch worker for task 12.0 in stage 0.0 (TID 12)) 27.258ms
[102.007s][info][gc          ] Allocation Stall (Executor task launch worker for task 35.0 in stage 0.0 (TID 35)) 27.271ms
[102.007s][info][gc          ] Allocation Stall (Executor task launch worker for task 46.0 in stage 0.0 (TID 46)) 27.119ms
[102.007s][info][gc          ] Allocation Stall (Executor task launch worker for task 5.0 in stage 0.0 (TID 5)) 26.901ms
[102.007s][info][gc          ] Allocation Stall (Executor task launch worker for task 18.0 in stage 0.0 (TID 18)) 26.895ms
[102.007s][info][gc          ] Allocation Stall (Executor task launch worker for task 13.0 in stage 0.0 (TID 13)) 26.924ms
[102.007s][info][gc          ] Allocation Stall (Executor task launch worker for task 41.0 in stage 0.0 (TID 41)) 26.812ms
[102.007s][info][gc          ] Allocation Stall (Executor task launch worker for task 45.0 in stage 0.0 (TID 45)) 26.745ms
[102.007s][info][gc          ] Allocation Stall (Executor task launch worker for task 19.0 in stage 0.0 (TID 19)) 26.735ms
[102.007s][info][gc          ] Allocation Stall (Executor task launch worker for task 47.0 in stage 0.0 (TID 47)) 26.713ms
[102.007s][info][gc          ] Allocation Stall (Executor task launch worker for task 38.0 in stage 0.0 (TID 38)) 26.362ms
[102.007s][info][gc          ] Allocation Stall (Executor task launch worker for task 10.0 in stage 0.0 (TID 10)) 25.059ms
[102.007s][info][gc          ] Allocation Stall (Executor task launch worker for task 42.0 in stage 0.0 (TID 42)) 18.059ms
[102.007s][info][gc          ] Allocation Stall (driver-heartbeater) 1.566ms
[102.010s][info][gc,phases   ] GC(46) Concurrent Select Relocation Set 3.322ms
[102.022s][info][gc,phases   ] GC(46) Pause Relocate Start 0.006ms
[102.088s][info][gc          ] Allocation Stall (Executor task launch worker for task 6.0 in stage 0.0 (TID 6)) 0.129ms
[102.088s][info][gc          ] Allocation Stall (Executor task launch worker for task 47.0 in stage 0.0 (TID 47)) 0.131ms
[102.088s][info][gc          ] Allocation Stall (Executor task launch worker for task 29.0 in stage 0.0 (TID 29)) 0.134ms
[102.088s][info][gc          ] Allocation Stall (Executor task launch worker for task 17.0 in stage 0.0 (TID 17)) 0.137ms
[102.088s][info][gc          ] Allocation Stall (Executor task launch worker for task 32.0 in stage 0.0 (TID 32)) 0.141ms
[102.088s][info][gc          ] Allocation Stall (Executor task launch worker for task 0.0 in stage 0.0 (TID 0)) 0.146ms
[102.088s][info][gc          ] Allocation Stall (Executor task launch worker for task 25.0 in stage 0.0 (TID 25)) 0.150ms
[102.088s][info][gc          ] Allocation Stall (Executor task launch worker for task 18.0 in stage 0.0 (TID 18)) 0.160ms
[102.088s][info][gc          ] Allocation Stall (Executor task launch worker for task 44.0 in stage 0.0 (TID 44)) 0.193ms
[102.088s][info][gc          ] Allocation Stall (Executor task launch worker for task 27.0 in stage 0.0 (TID 27)) 0.230ms
[102.088s][info][gc          ] Allocation Stall (Executor task launch worker for task 3.0 in stage 0.0 (TID 3)) 0.254ms
[102.088s][info][gc          ] Allocation Stall (Executor task launch worker for task 33.0 in stage 0.0 (TID 33)) 0.262ms
[102.088s][info][gc          ] Allocation Stall (Executor task launch worker for task 16.0 in stage 0.0 (TID 16)) 0.302ms
[102.088s][info][gc          ] Allocation Stall (Executor task launch worker for task 19.0 in stage 0.0 (TID 19)) 0.352ms
[102.088s][info][gc          ] Allocation Stall (Executor task launch worker for task 45.0 in stage 0.0 (TID 45)) 0.362ms
[102.088s][info][gc          ] Allocation Stall (Executor task launch worker for task 2.0 in stage 0.0 (TID 2)) 0.397ms
[102.088s][info][gc          ] Allocation Stall (Executor task launch worker for task 35.0 in stage 0.0 (TID 35)) 0.428ms
[102.088s][info][gc          ] Allocation Stall (Executor task launch worker for task 24.0 in stage 0.0 (TID 24)) 0.468ms
[102.088s][info][gc          ] Allocation Stall (Executor task launch worker for task 42.0 in stage 0.0 (TID 42)) 0.498ms
[102.088s][info][gc          ] Allocation Stall (Executor task launch worker for task 22.0 in stage 0.0 (TID 22)) 0.576ms
[102.088s][info][gc          ] Allocation Stall (Executor task launch worker for task 36.0 in stage 0.0 (TID 36)) 0.608ms
[102.088s][info][gc          ] Allocation Stall (Executor task launch worker for task 14.0 in stage 0.0 (TID 14)) 0.640ms
[102.089s][info][gc          ] Allocation Stall (Executor task launch worker for task 20.0 in stage 0.0 (TID 20)) 0.678ms
[102.089s][info][gc          ] Allocation Stall (Executor task launch worker for task 13.0 in stage 0.0 (TID 13)) 0.684ms
[102.105s][info][gc          ] Allocation Stall (Executor task launch worker for task 29.0 in stage 0.0 (TID 29)) 2.038ms
[102.105s][info][gc          ] Allocation Stall (Executor task launch worker for task 33.0 in stage 0.0 (TID 33)) 1.891ms
[102.105s][info][gc          ] Allocation Stall (Executor task launch worker for task 30.0 in stage 0.0 (TID 30)) 1.595ms
[102.112s][info][gc          ] Allocation Stall (Executor task launch worker for task 36.0 in stage 0.0 (TID 36)) 4.701ms
[102.112s][info][gc          ] Allocation Stall (Executor task launch worker for task 20.0 in stage 0.0 (TID 20)) 4.662ms
[102.112s][info][gc          ] Allocation Stall (Executor task launch worker for task 45.0 in stage 0.0 (TID 45)) 4.649ms
[102.112s][info][gc          ] Allocation Stall (Executor task launch worker for task 15.0 in stage 0.0 (TID 15)) 8.826ms
[102.112s][info][gc          ] Allocation Stall (Executor task launch worker for task 17.0 in stage 0.0 (TID 17)) 8.488ms
[102.112s][info][gc          ] Allocation Stall (Executor task launch worker for task 9.0 in stage 0.0 (TID 9)) 8.313ms
[102.112s][info][gc          ] Allocation Stall (Executor task launch worker for task 47.0 in stage 0.0 (TID 47)) 8.316ms
[102.112s][info][gc          ] Allocation Stall (Executor task launch worker for task 16.0 in stage 0.0 (TID 16)) 5.561ms
[102.112s][info][gc          ] Allocation Stall (Executor task launch worker for task 25.0 in stage 0.0 (TID 25)) 5.380ms
[102.112s][info][gc          ] Allocation Stall (Executor task launch worker for task 26.0 in stage 0.0 (TID 26)) 5.548ms
[102.112s][info][gc          ] Allocation Stall (Executor task launch worker for task 37.0 in stage 0.0 (TID 37)) 5.327ms
[102.112s][info][gc          ] Allocation Stall (Executor task launch worker for task 32.0 in stage 0.0 (TID 32)) 5.439ms
[102.112s][info][gc          ] Allocation Stall (Executor task launch worker for task 21.0 in stage 0.0 (TID 21)) 5.156ms
[102.112s][info][gc          ] Allocation Stall (Executor task launch worker for task 22.0 in stage 0.0 (TID 22)) 4.971ms
[102.112s][info][gc          ] Allocation Stall (Executor task launch worker for task 44.0 in stage 0.0 (TID 44)) 4.923ms
[102.112s][info][gc          ] Allocation Stall (Executor task launch worker for task 8.0 in stage 0.0 (TID 8)) 4.795ms
[102.113s][info][gc          ] Allocation Stall (Executor task launch worker for task 3.0 in stage 0.0 (TID 3)) 5.453ms
[102.113s][info][gc          ] Allocation Stall (Executor task launch worker for task 24.0 in stage 0.0 (TID 24)) 5.464ms
[102.113s][info][gc          ] Allocation Stall (Executor task launch worker for task 2.0 in stage 0.0 (TID 2)) 5.442ms
[102.113s][info][gc          ] Allocation Stall (Executor task launch worker for task 11.0 in stage 0.0 (TID 11)) 5.370ms
[102.113s][info][gc          ] Allocation Stall (Executor task launch worker for task 35.0 in stage 0.0 (TID 35)) 5.353ms
[102.113s][info][gc          ] Allocation Stall (Executor task launch worker for task 0.0 in stage 0.0 (TID 0)) 5.356ms
[102.113s][info][gc          ] Allocation Stall (Executor task launch worker for task 19.0 in stage 0.0 (TID 19)) 5.325ms
[102.113s][info][gc          ] Allocation Stall (Executor task launch worker for task 27.0 in stage 0.0 (TID 27)) 5.332ms
[102.113s][info][gc          ] Allocation Stall (Executor task launch worker for task 34.0 in stage 0.0 (TID 34)) 5.096ms
[102.113s][info][gc          ] Allocation Stall (Executor task launch worker for task 40.0 in stage 0.0 (TID 40)) 4.942ms
[102.113s][info][gc          ] Allocation Stall (Executor task launch worker for task 12.0 in stage 0.0 (TID 12)) 4.721ms
[102.113s][info][gc          ] Allocation Stall (Executor task launch worker for task 13.0 in stage 0.0 (TID 13)) 4.725ms
[102.113s][info][gc          ] Allocation Stall (Executor task launch worker for task 23.0 in stage 0.0 (TID 23)) 4.676ms
[102.113s][info][gc          ] Allocation Stall (Executor task launch worker for task 46.0 in stage 0.0 (TID 46)) 4.654ms
[102.113s][info][gc          ] Allocation Stall (Executor task launch worker for task 1.0 in stage 0.0 (TID 1)) 4.677ms
[102.113s][info][gc          ] Allocation Stall (Executor task launch worker for task 18.0 in stage 0.0 (TID 18)) 4.227ms
[102.113s][info][gc          ] Allocation Stall (Executor task launch worker for task 42.0 in stage 0.0 (TID 42)) 4.093ms
[102.113s][info][gc          ] Allocation Stall (Executor task launch worker for task 28.0 in stage 0.0 (TID 28)) 3.997ms
[102.113s][info][gc          ] Allocation Stall (Executor task launch worker for task 5.0 in stage 0.0 (TID 5)) 4.032ms
[102.113s][info][gc          ] Allocation Stall (Executor task launch worker for task 30.0 in stage 0.0 (TID 30)) 3.955ms
[102.113s][info][gc          ] Allocation Stall (Executor task launch worker for task 14.0 in stage 0.0 (TID 14)) 3.981ms
[102.114s][info][gc          ] Allocation Stall (Executor task launch worker for task 29.0 in stage 0.0 (TID 29)) 4.193ms
[102.114s][info][gc          ] Allocation Stall (Executor task launch worker for task 38.0 in stage 0.0 (TID 38)) 4.051ms
[102.114s][info][gc          ] Allocation Stall (Executor task launch worker for task 6.0 in stage 0.0 (TID 6)) 4.094ms
[102.114s][info][gc          ] Allocation Stall (Executor task launch worker for task 10.0 in stage 0.0 (TID 10)) 4.097ms
[102.114s][info][gc          ] Allocation Stall (Executor task launch worker for task 43.0 in stage 0.0 (TID 43)) 4.119ms
[102.116s][info][gc          ] Allocation Stall (Executor task launch worker for task 39.0 in stage 0.0 (TID 39)) 6.755ms
[102.116s][info][gc          ] Allocation Stall (Executor task launch worker for task 41.0 in stage 0.0 (TID 41)) 6.750ms
[102.117s][info][gc          ] Allocation Stall (Executor task launch worker for task 4.0 in stage 0.0 (TID 4)) 6.804ms
[102.117s][info][gc          ] Allocation Stall (Executor task launch worker for task 7.0 in stage 0.0 (TID 7)) 6.842ms
[102.117s][info][gc          ] Allocation Stall (Executor task launch worker for task 33.0 in stage 0.0 (TID 33)) 6.873ms
[102.129s][info][gc          ] Allocation Stall (Executor task launch worker for task 23.0 in stage 0.0 (TID 23)) 0.545ms
[102.129s][info][gc          ] Allocation Stall (Executor task launch worker for task 6.0 in stage 0.0 (TID 6)) 0.418ms
[102.129s][info][gc          ] Allocation Stall (Executor task launch worker for task 45.0 in stage 0.0 (TID 45)) 0.445ms
[102.129s][info][gc          ] Allocation Stall (Executor task launch worker for task 7.0 in stage 0.0 (TID 7)) 0.441ms
[102.139s][info][gc          ] Allocation Stall (Executor task launch worker for task 41.0 in stage 0.0 (TID 41)) 4.911ms
[102.139s][info][gc          ] Allocation Stall (Executor task launch worker for task 11.0 in stage 0.0 (TID 11)) 4.897ms
[102.139s][info][gc          ] Allocation Stall (Executor task launch worker for task 30.0 in stage 0.0 (TID 30)) 8.080ms
[102.139s][info][gc,phases   ] GC(46) Concurrent Relocate 93.987ms
[102.139s][info][gc          ] Allocation Stall (Executor task launch worker for task 10.0 in stage 0.0 (TID 10)) 8.037ms
[102.139s][info][gc          ] Allocation Stall (Executor task launch worker for task 34.0 in stage 0.0 (TID 34)) 5.765ms
[102.139s][info][gc          ] Allocation Stall (Executor task launch worker for task 27.0 in stage 0.0 (TID 27)) 5.621ms
[102.139s][info][gc          ] Allocation Stall (Executor task launch worker for task 15.0 in stage 0.0 (TID 15)) 5.581ms
[102.139s][info][gc          ] Allocation Stall (Executor task launch worker for task 24.0 in stage 0.0 (TID 24)) 5.500ms
[102.139s][info][gc          ] Allocation Stall (Executor task launch worker for task 36.0 in stage 0.0 (TID 36)) 5.476ms
[102.139s][info][gc          ] Allocation Stall (Executor task launch worker for task 13.0 in stage 0.0 (TID 13)) 5.415ms
[102.139s][info][gc          ] Allocation Stall (Executor task launch worker for task 46.0 in stage 0.0 (TID 46)) 5.409ms
[102.139s][info][gc          ] Allocation Stall (Executor task launch worker for task 18.0 in stage 0.0 (TID 18)) 5.318ms
[102.139s][info][gc          ] Allocation Stall (Executor task launch worker for task 3.0 in stage 0.0 (TID 3)) 5.248ms
[102.139s][info][gc          ] Allocation Stall (Executor task launch worker for task 2.0 in stage 0.0 (TID 2)) 5.232ms
[102.139s][info][gc          ] Allocation Stall (Executor task launch worker for task 0.0 in stage 0.0 (TID 0)) 5.214ms
[102.139s][info][gc          ] Allocation Stall (Executor task launch worker for task 40.0 in stage 0.0 (TID 40)) 5.172ms
[102.139s][info][gc,load     ] GC(46) Load: 0.00/0.00/0.00
[102.140s][info][gc          ] Allocation Stall (Executor task launch worker for task 20.0 in stage 0.0 (TID 20)) 4.946ms
[102.140s][info][gc          ] Allocation Stall (Executor task launch worker for task 7.0 in stage 0.0 (TID 7)) 5.027ms
[102.140s][info][gc          ] Allocation Stall (Executor task launch worker for task 8.0 in stage 0.0 (TID 8)) 4.988ms
[102.140s][info][gc,mmu      ] GC(46) MMU: 2ms/94.2%, 5ms/97.7%, 10ms/98.8%, 20ms/99.3%, 50ms/99.7%, 100ms/99.9%
[102.140s][info][gc          ] Allocation Stall (Executor task launch worker for task 31.0 in stage 0.0 (TID 31)) 5.055ms
[102.140s][info][gc          ] Allocation Stall (Executor task launch worker for task 1.0 in stage 0.0 (TID 1)) 4.742ms
[102.140s][info][gc          ] Allocation Stall (Executor task launch worker for task 42.0 in stage 0.0 (TID 42)) 4.727ms
[102.140s][info][gc,marking  ] GC(46) Mark: 8 stripe(s), 2 proactive flush(es), 1 terminate flush(es), 0 completion(s), 0 continuation(s) 
[102.140s][info][gc          ] Allocation Stall (Executor task launch worker for task 45.0 in stage 0.0 (TID 45)) 4.158ms
[102.140s][info][gc          ] Allocation Stall (Executor task launch worker for task 6.0 in stage 0.0 (TID 6)) 4.003ms
[102.140s][info][gc          ] Allocation Stall (Executor task launch worker for task 19.0 in stage 0.0 (TID 19)) 3.926ms
[102.140s][info][gc,marking  ] GC(46) Mark Stack Usage: 32M
[102.140s][info][gc          ] Allocation Stall (Executor task launch worker for task 12.0 in stage 0.0 (TID 12)) 3.780ms
[102.140s][info][gc          ] Allocation Stall (Executor task launch worker for task 33.0 in stage 0.0 (TID 33)) 3.656ms
[102.140s][info][gc          ] Allocation Stall (Executor task launch worker for task 28.0 in stage 0.0 (TID 28)) 3.640ms
[102.140s][info][gc,nmethod  ] GC(46) NMethods: 2125 registered, 70 unregistered
[102.140s][info][gc          ] Allocation Stall (Executor task launch worker for task 23.0 in stage 0.0 (TID 23)) 3.521ms
[102.140s][info][gc          ] Allocation Stall (Executor task launch worker for task 44.0 in stage 0.0 (TID 44)) 3.561ms
[102.140s][info][gc,metaspace] GC(46) Metaspace: 112M used, 124M committed, 1152M reserved
[102.140s][info][gc          ] Allocation Stall (Executor task launch worker for task 32.0 in stage 0.0 (TID 32)) 3.552ms
[102.140s][info][gc          ] Allocation Stall (Executor task launch worker for task 47.0 in stage 0.0 (TID 47)) 3.492ms
[102.140s][info][gc,ref      ] GC(46) Soft: 2800 encountered, 1594 discovered, 0 enqueued
[102.140s][info][gc          ] Allocation Stall (Executor task launch worker for task 16.0 in stage 0.0 (TID 16)) 3.536ms
[102.140s][info][gc          ] Allocation Stall (Executor task launch worker for task 39.0 in stage 0.0 (TID 39)) 3.490ms
[102.140s][info][gc,ref      ] GC(46) Weak: 12968 encountered, 2006 discovered, 3 enqueued
[102.140s][info][gc          ] Allocation Stall (Executor task launch worker for task 38.0 in stage 0.0 (TID 38)) 3.532ms
[102.140s][info][gc          ] Allocation Stall (Executor task launch worker for task 4.0 in stage 0.0 (TID 4)) 3.561ms
[102.140s][info][gc,ref      ] GC(46) Final: 62 encountered, 5 discovered, 0 enqueued
[102.140s][info][gc          ] Allocation Stall (Executor task launch worker for task 37.0 in stage 0.0 (TID 37)) 3.617ms
[102.140s][info][gc          ] Allocation Stall (Executor task launch worker for task 43.0 in stage 0.0 (TID 43)) 3.631ms
[102.141s][info][gc,ref      ] GC(46) Phantom: 750 encountered, 675 discovered, 0 enqueued
[102.141s][info][gc          ] Allocation Stall (Executor task launch worker for task 21.0 in stage 0.0 (TID 21)) 3.642ms
[102.141s][info][gc          ] Allocation Stall (Executor task launch worker for task 25.0 in stage 0.0 (TID 25)) 3.661ms
[102.141s][info][gc,reloc    ] GC(46) Small Pages: 192 / 384M, Empty: 200M, Relocated: 6M, In-Place: 0
[102.141s][info][gc          ] Allocation Stall (Executor task launch worker for task 5.0 in stage 0.0 (TID 5)) 3.682ms
[102.141s][info][gc          ] Allocation Stall (Executor task launch worker for task 22.0 in stage 0.0 (TID 22)) 3.660ms
[102.141s][info][gc,reloc    ] GC(46) Medium Pages: 14 / 448M, Empty: 0M, Relocated: 23M, In-Place: 0
[102.141s][info][gc,reloc    ] GC(46) Large Pages: 24 / 192M, Empty: 48M, Relocated: 0M, In-Place: 0
[102.141s][info][gc          ] Allocation Stall (Executor task launch worker for task 9.0 in stage 0.0 (TID 9)) 3.570ms
[102.141s][info][gc,reloc    ] GC(46) Forwarding Usage: 0M
[102.141s][info][gc          ] Allocation Stall (Executor task launch worker for task 17.0 in stage 0.0 (TID 17)) 3.576ms
[102.141s][info][gc          ] Allocation Stall (Executor task launch worker for task 29.0 in stage 0.0 (TID 29)) 3.512ms
[102.141s][info][gc,heap     ] GC(46) Min Capacity: 8M(1%)
[102.141s][info][gc          ] Allocation Stall (Executor task launch worker for task 26.0 in stage 0.0 (TID 26)) 3.551ms
[102.141s][info][gc          ] Allocation Stall (Executor task launch worker for task 14.0 in stage 0.0 (TID 14)) 3.549ms
[102.141s][info][gc,heap     ] GC(46) Max Capacity: 1024M(100%)
[102.141s][info][gc          ] Allocation Stall (Executor task launch worker for task 35.0 in stage 0.0 (TID 35)) 2.758ms
[102.141s][info][gc,heap     ] GC(46) Soft Max Capacity: 1024M(100%)
[102.141s][info][gc,heap     ] GC(46)                Mark Start          Mark End        Relocate Start      Relocate End           High               Low         
[102.141s][info][gc,heap     ] GC(46)  Capacity:     1024M (100%)       1024M (100%)       1024M (100%)       1024M (100%)       1024M (100%)       1024M (100%)   
[102.141s][info][gc,heap     ] GC(46)      Free:        0M (0%)            0M (0%)          202M (20%)           0M (0%)          202M (20%)           0M (0%)     
[102.141s][info][gc,heap     ] GC(46)      Used:     1024M (100%)       1024M (100%)        822M (80%)        1024M (100%)       1024M (100%)        822M (80%)    
[102.141s][info][gc,heap     ] GC(46)      Live:         -               534M (52%)         534M (52%)         534M (52%)            -                  -          
[102.141s][info][gc,heap     ] GC(46) Allocated:         -                 0M (0%)           46M (4%)          406M (40%)            -                  -          
[102.141s][info][gc,heap     ] GC(46)   Garbage:         -               489M (48%)         241M (24%)          83M (8%)             -                  -          
[102.141s][info][gc,heap     ] GC(46) Reclaimed:         -                  -               248M (24%)         406M (40%)            -                  -          
[102.141s][info][gc          ] GC(46) Garbage Collection (Allocation Stall) 1024M(100%)->1024M(100%)
[102.158s][info][gc,start    ] GC(47) Garbage Collection (Allocation Stall)
[102.158s][info][gc,ref      ] GC(47) Clearing All SoftReferences
[102.158s][info][gc,task     ] GC(47) Using 10 workers
[102.158s][info][gc,ref      ] GC(47) Clearing All SoftReferences
[102.158s][info][gc,phases   ] GC(47) Pause Mark Start 0.034ms
[102.179s][info][gc,phases   ] GC(47) Concurrent Mark 20.454ms
[102.179s][info][gc,phases   ] GC(47) Pause Mark End 0.017ms
[102.179s][info][gc,phases   ] GC(47) Concurrent Mark Free 0.001ms
[102.180s][info][gc,phases   ] GC(47) Concurrent Process Non-Strong References 0.841ms
[102.180s][info][gc,phases   ] GC(47) Concurrent Reset Relocation Set 0.006ms
[102.180s][info][gc          ] Allocation Stall (Executor task launch worker for task 1.0 in stage 0.0 (TID 1)) 21.569ms
[102.180s][info][gc          ] Allocation Stall (Executor task launch worker for task 22.0 in stage 0.0 (TID 22)) 21.518ms
[102.180s][info][gc          ] Allocation Stall (Executor task launch worker for task 5.0 in stage 0.0 (TID 5)) 21.535ms
[102.180s][info][gc          ] Allocation Stall (Executor task launch worker for task 32.0 in stage 0.0 (TID 32)) 21.614ms
[102.180s][info][gc          ] Allocation Stall (Executor task launch worker for task 2.0 in stage 0.0 (TID 2)) 21.545ms
[102.180s][info][gc          ] Allocation Stall (Executor task launch worker for task 24.0 in stage 0.0 (TID 24)) 21.569ms
[102.180s][info][gc          ] Allocation Stall (Executor task launch worker for task 40.0 in stage 0.0 (TID 40)) 21.533ms
[102.180s][info][gc          ] Allocation Stall (Executor task launch worker for task 37.0 in stage 0.0 (TID 37)) 21.545ms
[102.180s][info][gc          ] Allocation Stall (Executor task launch worker for task 30.0 in stage 0.0 (TID 30)) 21.576ms
[102.180s][info][gc          ] Allocation Stall (Executor task launch worker for task 41.0 in stage 0.0 (TID 41)) 21.542ms
[102.180s][info][gc          ] Allocation Stall (Executor task launch worker for task 26.0 in stage 0.0 (TID 26)) 21.538ms
[102.180s][info][gc          ] Allocation Stall (Executor task launch worker for task 12.0 in stage 0.0 (TID 12)) 21.604ms
[102.180s][info][gc          ] Allocation Stall (Executor task launch worker for task 42.0 in stage 0.0 (TID 42)) 21.627ms
[102.180s][info][gc          ] Allocation Stall (Executor task launch worker for task 45.0 in stage 0.0 (TID 45)) 21.703ms
[102.180s][info][gc          ] Allocation Stall (Executor task launch worker for task 0.0 in stage 0.0 (TID 0)) 21.611ms
[102.180s][info][gc          ] Allocation Stall (Executor task launch worker for task 10.0 in stage 0.0 (TID 10)) 21.567ms
[102.180s][info][gc          ] Allocation Stall (Executor task launch worker for task 15.0 in stage 0.0 (TID 15)) 21.637ms
[102.180s][info][gc          ] Allocation Stall (Executor task launch worker for task 38.0 in stage 0.0 (TID 38)) 22.239ms
[102.180s][info][gc          ] Allocation Stall (Executor task launch worker for task 14.0 in stage 0.0 (TID 14)) 21.550ms
[102.180s][info][gc          ] Allocation Stall (Executor task launch worker for task 11.0 in stage 0.0 (TID 11)) 21.640ms
[102.180s][info][gc          ] Allocation Stall (Executor task launch worker for task 25.0 in stage 0.0 (TID 25)) 21.565ms
[102.180s][info][gc          ] Allocation Stall (Executor task launch worker for task 23.0 in stage 0.0 (TID 23)) 21.561ms
[102.180s][info][gc          ] Allocation Stall (Executor task launch worker for task 4.0 in stage 0.0 (TID 4)) 21.594ms
[102.180s][info][gc          ] Allocation Stall (Executor task launch worker for task 19.0 in stage 0.0 (TID 19)) 21.660ms
[102.180s][info][gc          ] Allocation Stall (Executor task launch worker for task 33.0 in stage 0.0 (TID 33)) 21.675ms
[102.180s][info][gc          ] Allocation Stall (Executor task launch worker for task 35.0 in stage 0.0 (TID 35)) 21.560ms
[102.180s][info][gc          ] Allocation Stall (Executor task launch worker for task 21.0 in stage 0.0 (TID 21)) 21.664ms
[102.180s][info][gc          ] Allocation Stall (Executor task launch worker for task 9.0 in stage 0.0 (TID 9)) 21.560ms
[102.180s][info][gc          ] Allocation Stall (Executor task launch worker for task 29.0 in stage 0.0 (TID 29)) 21.570ms
[102.180s][info][gc          ] Allocation Stall (Executor task launch worker for task 7.0 in stage 0.0 (TID 7)) 21.652ms
[102.180s][info][gc          ] Allocation Stall (Executor task launch worker for task 36.0 in stage 0.0 (TID 36)) 21.666ms
[102.180s][info][gc          ] Allocation Stall (Executor task launch worker for task 6.0 in stage 0.0 (TID 6)) 21.701ms
[102.180s][info][gc          ] Allocation Stall (Executor task launch worker for task 27.0 in stage 0.0 (TID 27)) 21.672ms
[102.180s][info][gc          ] Allocation Stall (Executor task launch worker for task 3.0 in stage 0.0 (TID 3)) 21.662ms
[102.180s][info][gc          ] Allocation Stall (Executor task launch worker for task 20.0 in stage 0.0 (TID 20)) 21.694ms
[102.180s][info][gc          ] Allocation Stall (Executor task launch worker for task 28.0 in stage 0.0 (TID 28)) 21.707ms
[102.180s][info][gc          ] Allocation Stall (Executor task launch worker for task 18.0 in stage 0.0 (TID 18)) 21.633ms
[102.180s][info][gc          ] Allocation Stall (Executor task launch worker for task 46.0 in stage 0.0 (TID 46)) 21.662ms
[102.180s][info][gc          ] Allocation Stall (Executor task launch worker for task 16.0 in stage 0.0 (TID 16)) 21.709ms
[102.180s][info][gc          ] Allocation Stall (Executor task launch worker for task 44.0 in stage 0.0 (TID 44)) 21.664ms
[102.180s][info][gc          ] Allocation Stall (Executor task launch worker for task 17.0 in stage 0.0 (TID 17)) 21.636ms
[102.180s][info][gc          ] Allocation Stall (Executor task launch worker for task 8.0 in stage 0.0 (TID 8)) 21.687ms
[102.180s][info][gc          ] Allocation Stall (Executor task launch worker for task 13.0 in stage 0.0 (TID 13)) 21.654ms
[102.180s][info][gc          ] Allocation Stall (Executor task launch worker for task 47.0 in stage 0.0 (TID 47)) 21.691ms
[102.180s][info][gc          ] Allocation Stall (Executor task launch worker for task 43.0 in stage 0.0 (TID 43)) 21.705ms
[102.180s][info][gc          ] Allocation Stall (Executor task launch worker for task 39.0 in stage 0.0 (TID 39)) 21.732ms
[102.180s][info][gc          ] Allocation Stall (Executor task launch worker for task 31.0 in stage 0.0 (TID 31)) 21.706ms
[102.180s][info][gc          ] Allocation Stall (Executor task launch worker for task 34.0 in stage 0.0 (TID 34)) 21.707ms
[102.184s][info][gc,phases   ] GC(47) Concurrent Select Relocation Set 4.066ms
[102.184s][info][gc,phases   ] GC(47) Pause Relocate Start 0.005ms
[102.194s][info][gc          ] Allocation Stall (Executor task launch worker for task 4.0 in stage 0.0 (TID 4)) 4.513ms
[102.194s][info][gc          ] Allocation Stall (Executor task launch worker for task 36.0 in stage 0.0 (TID 36)) 4.402ms
[102.194s][info][gc          ] Allocation Stall (Executor task launch worker for task 21.0 in stage 0.0 (TID 21)) 3.795ms
[102.194s][info][gc          ] Allocation Stall (Executor task launch worker for task 22.0 in stage 0.0 (TID 22)) 3.557ms
[102.194s][info][gc          ] Allocation Stall (Executor task launch worker for task 5.0 in stage 0.0 (TID 5)) 3.873ms
[102.194s][info][gc          ] Allocation Stall (Executor task launch worker for task 11.0 in stage 0.0 (TID 11)) 3.607ms
[102.194s][info][gc          ] Allocation Stall (Executor task launch worker for task 32.0 in stage 0.0 (TID 32)) 3.507ms
[102.194s][info][gc          ] Allocation Stall (Executor task launch worker for task 1.0 in stage 0.0 (TID 1)) 3.480ms
[102.194s][info][gc          ] Allocation Stall (Executor task launch worker for task 18.0 in stage 0.0 (TID 18)) 3.887ms
[102.194s][info][gc          ] Allocation Stall (Executor task launch worker for task 46.0 in stage 0.0 (TID 46)) 4.038ms
[102.194s][info][gc          ] Allocation Stall (Executor task launch worker for task 42.0 in stage 0.0 (TID 42)) 3.877ms
[102.194s][info][gc          ] Allocation Stall (Executor task launch worker for task 3.0 in stage 0.0 (TID 3)) 3.343ms
[102.194s][info][gc          ] Allocation Stall (Executor task launch worker for task 34.0 in stage 0.0 (TID 34)) 3.925ms
[102.194s][info][gc          ] Allocation Stall (Executor task launch worker for task 45.0 in stage 0.0 (TID 45)) 4.043ms
[102.194s][info][gc          ] Allocation Stall (Executor task launch worker for task 10.0 in stage 0.0 (TID 10)) 3.892ms
[102.194s][info][gc          ] Allocation Stall (Executor task launch worker for task 2.0 in stage 0.0 (TID 2)) 4.056ms
[102.194s][info][gc          ] Allocation Stall (Executor task launch worker for task 39.0 in stage 0.0 (TID 39)) 4.024ms
[102.194s][info][gc          ] Allocation Stall (Executor task launch worker for task 15.0 in stage 0.0 (TID 15)) 4.037ms
[102.194s][info][gc          ] Allocation Stall (Executor task launch worker for task 40.0 in stage 0.0 (TID 40)) 2.322ms
[102.194s][info][gc          ] Allocation Stall (Executor task launch worker for task 29.0 in stage 0.0 (TID 29)) 2.358ms
[102.194s][info][gc          ] Allocation Stall (Executor task launch worker for task 9.0 in stage 0.0 (TID 9)) 2.371ms
[102.194s][info][gc          ] Allocation Stall (Executor task launch worker for task 14.0 in stage 0.0 (TID 14)) 2.227ms
[102.194s][info][gc          ] Allocation Stall (Executor task launch worker for task 17.0 in stage 0.0 (TID 17)) 2.378ms
[102.194s][info][gc          ] Allocation Stall (Executor task launch worker for task 27.0 in stage 0.0 (TID 27)) 2.254ms
[102.194s][info][gc          ] Allocation Stall (Executor task launch worker for task 28.0 in stage 0.0 (TID 28)) 2.106ms
[102.194s][info][gc          ] Allocation Stall (Executor task launch worker for task 26.0 in stage 0.0 (TID 26)) 2.203ms
[102.194s][info][gc          ] Allocation Stall (Executor task launch worker for task 30.0 in stage 0.0 (TID 30)) 2.459ms
[102.194s][info][gc          ] Allocation Stall (Executor task launch worker for task 12.0 in stage 0.0 (TID 12)) 2.049ms
[102.194s][info][gc          ] Allocation Stall (Executor task launch worker for task 43.0 in stage 0.0 (TID 43)) 2.605ms
[102.194s][info][gc          ] Allocation Stall (Executor task launch worker for task 0.0 in stage 0.0 (TID 0)) 3.300ms
[102.194s][info][gc          ] Allocation Stall (Executor task launch worker for task 31.0 in stage 0.0 (TID 31)) 3.442ms
[102.194s][info][gc          ] Allocation Stall (Executor task launch worker for task 20.0 in stage 0.0 (TID 20)) 2.911ms
[102.194s][info][gc          ] Allocation Stall (Executor task launch worker for task 16.0 in stage 0.0 (TID 16)) 2.850ms
[102.194s][info][gc          ] Allocation Stall (Executor task launch worker for task 35.0 in stage 0.0 (TID 35)) 2.494ms
[102.195s][info][gc          ] Allocation Stall (Executor task launch worker for task 7.0 in stage 0.0 (TID 7)) 2.845ms
[102.195s][info][gc          ] Allocation Stall (Spark Context Cleaner) 0.570ms
[102.195s][info][gc          ] Allocation Stall (Executor task launch worker for task 8.0 in stage 0.0 (TID 8)) 2.659ms
[102.195s][info][gc          ] Allocation Stall (Executor task launch worker for task 23.0 in stage 0.0 (TID 23)) 0.552ms
[102.195s][info][gc          ] Allocation Stall (Executor task launch worker for task 41.0 in stage 0.0 (TID 41)) 2.809ms
[102.195s][info][gc          ] Allocation Stall (Executor task launch worker for task 37.0 in stage 0.0 (TID 37)) 2.776ms
[102.195s][info][gc          ] Allocation Stall (Executor task launch worker for task 44.0 in stage 0.0 (TID 44)) 2.855ms
[102.195s][info][gc          ] Allocation Stall (Executor task launch worker for task 19.0 in stage 0.0 (TID 19)) 0.788ms
[102.195s][info][gc          ] Allocation Stall (Executor task launch worker for task 6.0 in stage 0.0 (TID 6)) 2.790ms
[102.354s][info][gc,phases   ] GC(47) Concurrent Relocate 169.359ms
[102.355s][info][gc,load     ] GC(47) Load: 0.00/0.00/0.00
[102.355s][info][gc,mmu      ] GC(47) MMU: 2ms/94.2%, 5ms/97.7%, 10ms/98.8%, 20ms/99.3%, 50ms/99.7%, 100ms/99.9%
[102.355s][info][gc,marking  ] GC(47) Mark: 8 stripe(s), 2 proactive flush(es), 1 terminate flush(es), 0 completion(s), 0 continuation(s) 
[102.355s][info][gc,marking  ] GC(47) Mark Stack Usage: 32M
[102.355s][info][gc,nmethod  ] GC(47) NMethods: 2140 registered, 71 unregistered
[102.355s][info][gc,metaspace] GC(47) Metaspace: 112M used, 124M committed, 1152M reserved
[102.355s][info][gc,ref      ] GC(47) Soft: 2802 encountered, 2372 discovered, 2 enqueued
[102.355s][info][gc,ref      ] GC(47) Weak: 12969 encountered, 1357 discovered, 3 enqueued
[102.355s][info][gc,ref      ] GC(47) Final: 62 encountered, 22 discovered, 0 enqueued
[102.355s][info][gc,ref      ] GC(47) Phantom: 750 encountered, 622 discovered, 0 enqueued
[102.355s][info][gc,reloc    ] GC(47) Small Pages: 216 / 432M, Empty: 208M, Relocated: 10M, In-Place: 0
[102.355s][info][gc,reloc    ] GC(47) Medium Pages: 14 / 448M, Empty: 0M, Relocated: 23M, In-Place: 0
[102.355s][info][gc,reloc    ] GC(47) Large Pages: 18 / 144M, Empty: 24M, Relocated: 0M, In-Place: 0
[102.355s][info][gc,reloc    ] GC(47) Forwarding Usage: 0M
[102.355s][info][gc,heap     ] GC(47) Min Capacity: 8M(1%)
[102.355s][info][gc,heap     ] GC(47) Max Capacity: 1024M(100%)
[102.355s][info][gc,heap     ] GC(47) Soft Max Capacity: 1024M(100%)
[102.355s][info][gc,heap     ] GC(47)                Mark Start          Mark End        Relocate Start      Relocate End           High               Low         
[102.355s][info][gc,heap     ] GC(47)  Capacity:     1024M (100%)       1024M (100%)       1024M (100%)       1024M (100%)       1024M (100%)       1024M (100%)   
[102.355s][info][gc,heap     ] GC(47)      Free:        0M (0%)            0M (0%)          210M (21%)          34M (3%)          212M (21%)           0M (0%)     
[102.355s][info][gc,heap     ] GC(47)      Used:     1024M (100%)       1024M (100%)        814M (79%)         990M (97%)        1024M (100%)        812M (79%)    
[102.355s][info][gc,heap     ] GC(47)      Live:         -               524M (51%)         524M (51%)         524M (51%)            -                  -          
[102.355s][info][gc,heap     ] GC(47) Allocated:         -                 0M (0%)           22M (2%)          364M (36%)            -                  -          
[102.355s][info][gc,heap     ] GC(47)   Garbage:         -               499M (49%)         267M (26%)         100M (10%)            -                  -          
[102.355s][info][gc,heap     ] GC(47) Reclaimed:         -                  -               232M (23%)         398M (39%)            -                  -          
[102.355s][info][gc          ] GC(47) Garbage Collection (Allocation Stall) 1024M(100%)->990M(97%)
[102.395s][info][gc,start    ] GC(48) Garbage Collection (Allocation Stall)
[102.395s][info][gc          ] Allocation Stall (Executor task launch worker for task 39.0 in stage 0.0 (TID 39)) 0.069ms
[102.395s][info][gc,ref      ] GC(48) Clearing All SoftReferences
[102.395s][info][gc          ] Allocation Stall (Executor task launch worker for task 3.0 in stage 0.0 (TID 3)) 0.109ms
[102.395s][info][gc          ] Allocation Stall (Executor task launch worker for task 21.0 in stage 0.0 (TID 21)) 0.112ms
[102.395s][info][gc          ] Allocation Stall (Executor task launch worker for task 25.0 in stage 0.0 (TID 25)) 0.108ms
[102.395s][info][gc,task     ] GC(48) Using 10 workers
[102.395s][info][gc          ] Allocation Stall (Executor task launch worker for task 36.0 in stage 0.0 (TID 36)) 0.176ms
[102.395s][info][gc          ] Allocation Stall (Executor task launch worker for task 31.0 in stage 0.0 (TID 31)) 0.200ms
[102.395s][info][gc          ] Allocation Stall (Executor task launch worker for task 45.0 in stage 0.0 (TID 45)) 0.212ms
[102.395s][info][gc          ] Allocation Stall (Executor task launch worker for task 24.0 in stage 0.0 (TID 24)) 0.220ms
[102.395s][info][gc          ] Allocation Stall (Executor task launch worker for task 2.0 in stage 0.0 (TID 2)) 0.216ms
[102.395s][info][gc          ] Allocation Stall (Executor task launch worker for task 17.0 in stage 0.0 (TID 17)) 0.220ms
[102.396s][info][gc,ref      ] GC(48) Clearing All SoftReferences
[102.396s][info][gc,phases   ] GC(48) Pause Mark Start 0.039ms
[102.396s][info][gc          ] Allocation Stall (Executor task launch worker for task 26.0 in stage 0.0 (TID 26)) 0.684ms
[102.396s][info][gc          ] Allocation Stall (Executor task launch worker for task 20.0 in stage 0.0 (TID 20)) 0.673ms
[102.396s][info][gc          ] Allocation Stall (Executor task launch worker for task 40.0 in stage 0.0 (TID 40)) 0.666ms
[102.396s][info][gc          ] Allocation Stall (Executor task launch worker for task 8.0 in stage 0.0 (TID 8)) 0.686ms
[102.396s][info][gc          ] Allocation Stall (Executor task launch worker for task 47.0 in stage 0.0 (TID 47)) 0.639ms
[102.396s][info][gc          ] Allocation Stall (Executor task launch worker for task 41.0 in stage 0.0 (TID 41)) 0.650ms
[102.396s][info][gc          ] Allocation Stall (Executor task launch worker for task 37.0 in stage 0.0 (TID 37)) 0.634ms
[102.396s][info][gc          ] Allocation Stall (Executor task launch worker for task 23.0 in stage 0.0 (TID 23)) 0.656ms
[102.396s][info][gc          ] Allocation Stall (Executor task launch worker for task 13.0 in stage 0.0 (TID 13)) 0.638ms
[102.396s][info][gc          ] Allocation Stall (Executor task launch worker for task 7.0 in stage 0.0 (TID 7)) 0.666ms
[102.396s][info][gc          ] Allocation Stall (Executor task launch worker for task 5.0 in stage 0.0 (TID 5)) 0.776ms
[102.396s][info][gc          ] Allocation Stall (Executor task launch worker for task 10.0 in stage 0.0 (TID 10)) 0.806ms
[102.396s][info][gc          ] Allocation Stall (Executor task launch worker for task 29.0 in stage 0.0 (TID 29)) 0.824ms
[102.396s][info][gc          ] Allocation Stall (Executor task launch worker for task 6.0 in stage 0.0 (TID 6)) 0.856ms
[102.396s][info][gc          ] Allocation Stall (Executor task launch worker for task 34.0 in stage 0.0 (TID 34)) 0.915ms
[102.396s][info][gc          ] Allocation Stall (Executor task launch worker for task 4.0 in stage 0.0 (TID 4)) 0.951ms
[102.396s][info][gc          ] Allocation Stall (Executor task launch worker for task 11.0 in stage 0.0 (TID 11)) 0.993ms
[102.396s][info][gc          ] Allocation Stall (Executor task launch worker for task 9.0 in stage 0.0 (TID 9)) 1.028ms
[102.396s][info][gc          ] Allocation Stall (Executor task launch worker for task 15.0 in stage 0.0 (TID 15)) 1.071ms
[102.396s][info][gc          ] Allocation Stall (Executor task launch worker for task 1.0 in stage 0.0 (TID 1)) 1.090ms
[102.396s][info][gc          ] Allocation Stall (Executor task launch worker for task 27.0 in stage 0.0 (TID 27)) 1.112ms
[102.396s][info][gc          ] Allocation Stall (Executor task launch worker for task 38.0 in stage 0.0 (TID 38)) 1.179ms
[102.396s][info][gc          ] Allocation Stall (Executor task launch worker for task 42.0 in stage 0.0 (TID 42)) 1.210ms
[102.396s][info][gc          ] Allocation Stall (Executor task launch worker for task 30.0 in stage 0.0 (TID 30)) 1.230ms
[102.396s][info][gc          ] Allocation Stall (Executor task launch worker for task 36.0 in stage 0.0 (TID 36)) 0.716ms
[102.396s][info][gc          ] Allocation Stall (Executor task launch worker for task 3.0 in stage 0.0 (TID 3)) 0.737ms
[102.396s][info][gc          ] Allocation Stall (Executor task launch worker for task 21.0 in stage 0.0 (TID 21)) 0.700ms
[102.396s][info][gc          ] Allocation Stall (Executor task launch worker for task 46.0 in stage 0.0 (TID 46)) 0.730ms
[102.397s][info][gc          ] Allocation Stall (Executor task launch worker for task 24.0 in stage 0.0 (TID 24)) 0.810ms
[102.397s][info][gc          ] Allocation Stall (Executor task launch worker for task 17.0 in stage 0.0 (TID 17)) 0.688ms
[102.434s][info][gc,phases   ] GC(48) Concurrent Mark 38.793ms
[102.435s][info][gc,phases   ] GC(48) Pause Mark End 0.019ms
[102.435s][info][gc,phases   ] GC(48) Concurrent Mark Free 0.001ms
[102.435s][info][gc,phases   ] GC(48) Concurrent Process Non-Strong References 0.829ms
[102.435s][info][gc,phases   ] GC(48) Concurrent Reset Relocation Set 0.008ms
[102.436s][info][gc          ] Allocation Stall (Executor task launch worker for task 10.0 in stage 0.0 (TID 10)) 28.780ms
[102.436s][info][gc          ] Allocation Stall (Executor task launch worker for task 34.0 in stage 0.0 (TID 34)) 27.838ms
[102.436s][info][gc          ] Allocation Stall (Executor task launch worker for task 1.0 in stage 0.0 (TID 1)) 27.895ms
[102.436s][info][gc          ] Allocation Stall (Executor task launch worker for task 33.0 in stage 0.0 (TID 33)) 27.818ms
[102.436s][info][gc          ] Allocation Stall (Executor task launch worker for task 19.0 in stage 0.0 (TID 19)) 28.032ms
[102.436s][info][gc          ] Allocation Stall (Executor task launch worker for task 7.0 in stage 0.0 (TID 7)) 27.896ms
[102.436s][info][gc          ] Allocation Stall (Executor task launch worker for task 43.0 in stage 0.0 (TID 43)) 28.722ms
[102.436s][info][gc          ] Allocation Stall (Executor task launch worker for task 31.0 in stage 0.0 (TID 31)) 28.027ms
[102.436s][info][gc          ] Allocation Stall (Executor task launch worker for task 3.0 in stage 0.0 (TID 3)) 28.078ms
[102.436s][info][gc          ] Allocation Stall (Executor task launch worker for task 12.0 in stage 0.0 (TID 12)) 28.324ms
[102.436s][info][gc          ] Allocation Stall (Executor task launch worker for task 18.0 in stage 0.0 (TID 18)) 28.003ms
[102.436s][info][gc          ] Allocation Stall (Executor task launch worker for task 4.0 in stage 0.0 (TID 4)) 28.093ms
[102.436s][info][gc          ] Allocation Stall (Executor task launch worker for task 26.0 in stage 0.0 (TID 26)) 27.991ms
[102.436s][info][gc          ] Allocation Stall (Executor task launch worker for task 11.0 in stage 0.0 (TID 11)) 30.763ms
[102.436s][info][gc          ] Allocation Stall (Executor task launch worker for task 39.0 in stage 0.0 (TID 39)) 30.329ms
[102.436s][info][gc          ] Allocation Stall (Executor task launch worker for task 29.0 in stage 0.0 (TID 29)) 30.958ms
[102.436s][info][gc          ] Allocation Stall (Executor task launch worker for task 44.0 in stage 0.0 (TID 44)) 30.288ms
[102.436s][info][gc          ] Allocation Stall (Executor task launch worker for task 22.0 in stage 0.0 (TID 22)) 28.238ms
[102.436s][info][gc          ] Allocation Stall (Executor task launch worker for task 32.0 in stage 0.0 (TID 32)) 28.903ms
[102.436s][info][gc          ] Allocation Stall (Executor task launch worker for task 27.0 in stage 0.0 (TID 27)) 31.128ms
[102.436s][info][gc          ] Allocation Stall (Executor task launch worker for task 42.0 in stage 0.0 (TID 42)) 31.099ms
[102.436s][info][gc          ] Allocation Stall (Executor task launch worker for task 20.0 in stage 0.0 (TID 20)) 27.997ms
[102.436s][info][gc          ] Allocation Stall (Executor task launch worker for task 28.0 in stage 0.0 (TID 28)) 28.589ms
[102.436s][info][gc          ] Allocation Stall (Executor task launch worker for task 0.0 in stage 0.0 (TID 0)) 28.793ms
[102.436s][info][gc          ] Allocation Stall (Executor task launch worker for task 13.0 in stage 0.0 (TID 13)) 31.555ms
[102.436s][info][gc          ] Allocation Stall (Executor task launch worker for task 45.0 in stage 0.0 (TID 45)) 29.830ms
[102.436s][info][gc          ] Allocation Stall (Executor task launch worker for task 15.0 in stage 0.0 (TID 15)) 31.437ms
[102.436s][info][gc          ] Allocation Stall (Executor task launch worker for task 9.0 in stage 0.0 (TID 9)) 31.148ms
[102.436s][info][gc          ] Allocation Stall (Executor task launch worker for task 24.0 in stage 0.0 (TID 24)) 30.969ms
[102.436s][info][gc          ] Allocation Stall (Executor task launch worker for task 37.0 in stage 0.0 (TID 37)) 31.210ms
[102.436s][info][gc          ] Allocation Stall (Executor task launch worker for task 47.0 in stage 0.0 (TID 47)) 31.463ms
[102.436s][info][gc          ] Allocation Stall (Executor task launch worker for task 5.0 in stage 0.0 (TID 5)) 31.468ms
[102.436s][info][gc          ] Allocation Stall (Executor task launch worker for task 2.0 in stage 0.0 (TID 2)) 29.330ms
[102.436s][info][gc          ] Allocation Stall (Executor task launch worker for task 16.0 in stage 0.0 (TID 16)) 31.413ms
[102.436s][info][gc          ] Allocation Stall (Executor task launch worker for task 30.0 in stage 0.0 (TID 30)) 27.892ms
[102.436s][info][gc          ] Allocation Stall (Executor task launch worker for task 21.0 in stage 0.0 (TID 21)) 28.797ms
[102.436s][info][gc          ] Allocation Stall (Executor task launch worker for task 41.0 in stage 0.0 (TID 41)) 31.375ms
[102.436s][info][gc          ] Allocation Stall (Executor task launch worker for task 36.0 in stage 0.0 (TID 36)) 28.361ms
[102.436s][info][gc          ] Allocation Stall (Executor task launch worker for task 38.0 in stage 0.0 (TID 38)) 31.376ms
[102.436s][info][gc          ] Allocation Stall (Executor task launch worker for task 25.0 in stage 0.0 (TID 25)) 28.589ms
[102.436s][info][gc          ] Allocation Stall (Executor task launch worker for task 40.0 in stage 0.0 (TID 40)) 27.958ms
[102.436s][info][gc          ] Allocation Stall (Executor task launch worker for task 8.0 in stage 0.0 (TID 8)) 28.441ms
[102.436s][info][gc          ] Allocation Stall (Executor task launch worker for task 17.0 in stage 0.0 (TID 17)) 30.746ms
[102.436s][info][gc          ] Allocation Stall (Executor task launch worker for task 23.0 in stage 0.0 (TID 23)) 28.381ms
[102.436s][info][gc          ] Allocation Stall (Executor task launch worker for task 14.0 in stage 0.0 (TID 14)) 28.909ms
[102.436s][info][gc          ] Allocation Stall (Executor task launch worker for task 46.0 in stage 0.0 (TID 46)) 30.993ms
[102.436s][info][gc          ] Allocation Stall (Executor task launch worker for task 35.0 in stage 0.0 (TID 35)) 28.106ms
[102.436s][info][gc          ] Allocation Stall (Executor task launch worker for task 6.0 in stage 0.0 (TID 6)) 31.287ms
[102.439s][info][gc,phases   ] GC(48) Concurrent Select Relocation Set 3.783ms
[102.466s][info][gc,phases   ] GC(48) Pause Relocate Start 0.007ms
[102.502s][info][gc          ] Allocation Stall (Executor task launch worker for task 18.0 in stage 0.0 (TID 18)) 15.426ms
[102.502s][info][gc          ] Allocation Stall (Executor task launch worker for task 11.0 in stage 0.0 (TID 11)) 15.122ms
[102.502s][info][gc          ] Allocation Stall (Executor task launch worker for task 32.0 in stage 0.0 (TID 32)) 15.019ms
[102.502s][info][gc          ] Allocation Stall (Executor task launch worker for task 31.0 in stage 0.0 (TID 31)) 15.063ms
[102.502s][info][gc          ] Allocation Stall (Executor task launch worker for task 38.0 in stage 0.0 (TID 38)) 14.806ms
[102.503s][info][gc          ] Allocation Stall (Executor task launch worker for task 22.0 in stage 0.0 (TID 22)) 11.693ms
[102.503s][info][gc          ] Allocation Stall (Executor task launch worker for task 24.0 in stage 0.0 (TID 24)) 11.586ms
[102.503s][info][gc          ] Allocation Stall (Executor task launch worker for task 2.0 in stage 0.0 (TID 2)) 15.102ms
[102.503s][info][gc          ] Allocation Stall (Executor task launch worker for task 8.0 in stage 0.0 (TID 8)) 15.097ms
[102.503s][info][gc          ] Allocation Stall (Executor task launch worker for task 43.0 in stage 0.0 (TID 43)) 15.091ms
[102.503s][info][gc          ] Allocation Stall (Executor task launch worker for task 39.0 in stage 0.0 (TID 39)) 15.059ms
[102.503s][info][gc          ] Allocation Stall (Executor task launch worker for task 7.0 in stage 0.0 (TID 7)) 15.048ms
[102.503s][info][gc          ] Allocation Stall (Executor task launch worker for task 16.0 in stage 0.0 (TID 16)) 15.044ms
[102.503s][info][gc          ] Allocation Stall (Executor task launch worker for task 6.0 in stage 0.0 (TID 6)) 14.998ms
[102.503s][info][gc          ] Allocation Stall (Executor task launch worker for task 5.0 in stage 0.0 (TID 5)) 15.001ms
[102.503s][info][gc          ] Allocation Stall (Executor task launch worker for task 40.0 in stage 0.0 (TID 40)) 15.007ms
[102.503s][info][gc          ] Allocation Stall (Executor task launch worker for task 26.0 in stage 0.0 (TID 26)) 14.896ms
[102.503s][info][gc          ] Allocation Stall (Executor task launch worker for task 13.0 in stage 0.0 (TID 13)) 14.713ms
[102.503s][info][gc          ] Allocation Stall (Executor task launch worker for task 42.0 in stage 0.0 (TID 42)) 14.563ms
[102.503s][info][gc          ] Allocation Stall (Executor task launch worker for task 9.0 in stage 0.0 (TID 9)) 14.084ms
[102.503s][info][gc          ] Allocation Stall (Executor task launch worker for task 10.0 in stage 0.0 (TID 10)) 12.361ms
[102.506s][info][gc          ] Allocation Stall (Executor task launch worker for task 20.0 in stage 0.0 (TID 20)) 14.222ms
[102.506s][info][gc          ] Allocation Stall (Executor task launch worker for task 35.0 in stage 0.0 (TID 35)) 13.486ms
[102.506s][info][gc          ] Allocation Stall (Executor task launch worker for task 33.0 in stage 0.0 (TID 33)) 13.152ms
[102.506s][info][gc          ] Allocation Stall (Executor task launch worker for task 4.0 in stage 0.0 (TID 4)) 12.438ms
[102.506s][info][gc          ] Allocation Stall (Executor task launch worker for task 15.0 in stage 0.0 (TID 15)) 12.423ms
[102.506s][info][gc          ] Allocation Stall (Executor task launch worker for task 37.0 in stage 0.0 (TID 37)) 12.250ms
[102.506s][info][gc          ] Allocation Stall (Executor task launch worker for task 30.0 in stage 0.0 (TID 30)) 12.257ms
[102.506s][info][gc          ] Allocation Stall (Executor task launch worker for task 23.0 in stage 0.0 (TID 23)) 11.926ms
[102.506s][info][gc          ] Allocation Stall (Executor task launch worker for task 36.0 in stage 0.0 (TID 36)) 11.848ms
[102.506s][info][gc          ] Allocation Stall (Executor task launch worker for task 47.0 in stage 0.0 (TID 47)) 11.575ms
[102.506s][info][gc          ] Allocation Stall (Executor task launch worker for task 25.0 in stage 0.0 (TID 25)) 11.606ms
[102.506s][info][gc          ] Allocation Stall (Executor task launch worker for task 46.0 in stage 0.0 (TID 46)) 11.493ms
[102.506s][info][gc          ] Allocation Stall (Executor task launch worker for task 29.0 in stage 0.0 (TID 29)) 11.092ms
[102.507s][info][gc          ] Allocation Stall (Executor task launch worker for task 19.0 in stage 0.0 (TID 19)) 11.101ms
[102.507s][info][gc          ] Allocation Stall (Executor task launch worker for task 14.0 in stage 0.0 (TID 14)) 10.565ms
[102.507s][info][gc          ] Allocation Stall (Executor task launch worker for task 28.0 in stage 0.0 (TID 28)) 10.580ms
[102.509s][info][gc          ] Allocation Stall (Executor task launch worker for task 1.0 in stage 0.0 (TID 1)) 11.817ms
[102.509s][info][gc          ] Allocation Stall (Executor task launch worker for task 44.0 in stage 0.0 (TID 44)) 12.571ms
[102.509s][info][gc          ] Allocation Stall (Executor task launch worker for task 21.0 in stage 0.0 (TID 21)) 11.294ms
[102.509s][info][gc          ] Allocation Stall (Executor task launch worker for task 3.0 in stage 0.0 (TID 3)) 10.950ms
[102.521s][info][gc          ] Allocation Stall (Executor task launch worker for task 31.0 in stage 0.0 (TID 31)) 17.098ms
[102.522s][info][gc          ] Allocation Stall (Executor task launch worker for task 17.0 in stage 0.0 (TID 17)) 23.959ms
[102.561s][info][gc          ] Allocation Stall (Executor task launch worker for task 23.0 in stage 0.0 (TID 23)) 0.061ms
[102.561s][info][gc          ] Allocation Stall (Executor task launch worker for task 37.0 in stage 0.0 (TID 37)) 0.055ms
[102.561s][info][gc          ] Allocation Stall (Executor task launch worker for task 29.0 in stage 0.0 (TID 29)) 0.134ms
[102.561s][info][gc          ] Allocation Stall (Executor task launch worker for task 42.0 in stage 0.0 (TID 42)) 0.140ms
[102.561s][info][gc          ] Allocation Stall (Executor task launch worker for task 20.0 in stage 0.0 (TID 20)) 0.161ms
[102.561s][info][gc          ] Allocation Stall (Executor task launch worker for task 44.0 in stage 0.0 (TID 44)) 0.163ms
[102.561s][info][gc          ] Allocation Stall (Executor task launch worker for task 39.0 in stage 0.0 (TID 39)) 0.163ms
[102.561s][info][gc          ] Allocation Stall (Executor task launch worker for task 19.0 in stage 0.0 (TID 19)) 0.162ms
[102.561s][info][gc          ] Allocation Stall (Executor task launch worker for task 46.0 in stage 0.0 (TID 46)) 0.143ms
[102.562s][info][gc          ] Allocation Stall (Executor task launch worker for task 8.0 in stage 0.0 (TID 8)) 0.156ms
[102.562s][info][gc          ] Allocation Stall (Executor task launch worker for task 3.0 in stage 0.0 (TID 3)) 0.162ms
[102.562s][info][gc          ] Allocation Stall (Executor task launch worker for task 40.0 in stage 0.0 (TID 40)) 0.188ms
[102.562s][info][gc          ] Allocation Stall (Executor task launch worker for task 16.0 in stage 0.0 (TID 16)) 0.206ms
[102.562s][info][gc          ] Allocation Stall (Executor task launch worker for task 22.0 in stage 0.0 (TID 22)) 0.235ms
[102.562s][info][gc          ] Allocation Stall (Executor task launch worker for task 10.0 in stage 0.0 (TID 10)) 0.298ms
[102.562s][info][gc          ] Allocation Stall (Executor task launch worker for task 5.0 in stage 0.0 (TID 5)) 0.338ms
[102.562s][info][gc          ] Allocation Stall (Executor task launch worker for task 9.0 in stage 0.0 (TID 9)) 0.366ms
[102.562s][info][gc          ] Allocation Stall (Executor task launch worker for task 2.0 in stage 0.0 (TID 2)) 0.387ms
[102.562s][info][gc          ] Allocation Stall (Executor task launch worker for task 14.0 in stage 0.0 (TID 14)) 0.411ms
[102.562s][info][gc          ] Allocation Stall (Executor task launch worker for task 47.0 in stage 0.0 (TID 47)) 0.439ms
[102.583s][info][gc          ] Allocation Stall (Executor task launch worker for task 0.0 in stage 0.0 (TID 0)) 21.147ms
[102.595s][info][gc          ] Allocation Stall (Executor task launch worker for task 25.0 in stage 0.0 (TID 25)) 34.049ms
[102.596s][info][gc          ] Allocation Stall (Executor task launch worker for task 17.0 in stage 0.0 (TID 17)) 34.045ms
[102.600s][info][gc          ] Relocation Stall (Executor task launch worker for task 27.0 in stage 0.0 (TID 27)) 103.489ms
[102.600s][info][gc          ] Allocation Stall (Executor task launch worker for task 45.0 in stage 0.0 (TID 45)) 38.957ms
[102.600s][info][gc          ] Allocation Stall (Executor task launch worker for task 7.0 in stage 0.0 (TID 7)) 38.972ms
[102.600s][info][gc,phases   ] GC(48) Concurrent Relocate 134.475ms
[102.601s][info][gc,load     ] GC(48) Load: 0.00/0.00/0.00
[102.601s][info][gc,mmu      ] GC(48) MMU: 2ms/94.2%, 5ms/97.7%, 10ms/98.8%, 20ms/99.3%, 50ms/99.7%, 100ms/99.9%
[102.601s][info][gc,marking  ] GC(48) Mark: 8 stripe(s), 2 proactive flush(es), 1 terminate flush(es), 0 completion(s), 0 continuation(s) 
[102.601s][info][gc,marking  ] GC(48) Mark Stack Usage: 32M
[102.601s][info][gc,nmethod  ] GC(48) NMethods: 2150 registered, 71 unregistered
[102.601s][info][gc,metaspace] GC(48) Metaspace: 112M used, 124M committed, 1152M reserved
[102.601s][info][gc,ref      ] GC(48) Soft: 2800 encountered, 869 discovered, 0 enqueued
[102.601s][info][gc,ref      ] GC(48) Weak: 12968 encountered, 1891 discovered, 2 enqueued
[102.601s][info][gc,ref      ] GC(48) Final: 62 encountered, 39 discovered, 0 enqueued
[102.601s][info][gc,ref      ] GC(48) Phantom: 750 encountered, 445 discovered, 0 enqueued
[102.601s][info][gc,reloc    ] GC(48) Small Pages: 198 / 396M, Empty: 216M, Relocated: 8M, In-Place: 0
[102.601s][info][gc,reloc    ] GC(48) Medium Pages: 15 / 480M, Empty: 0M, Relocated: 81M, In-Place: 2
[102.601s][info][gc,reloc    ] GC(48) Large Pages: 16 / 128M, Empty: 32M, Relocated: 0M, In-Place: 0
[102.601s][info][gc,reloc    ] GC(48) Forwarding Usage: 0M
[102.601s][info][gc,heap     ] GC(48) Min Capacity: 8M(1%)
[102.601s][info][gc,heap     ] GC(48) Max Capacity: 1024M(100%)
[102.601s][info][gc,heap     ] GC(48) Soft Max Capacity: 1024M(100%)
[102.601s][info][gc,heap     ] GC(48)                Mark Start          Mark End        Relocate Start      Relocate End           High               Low         
[102.601s][info][gc,heap     ] GC(48)  Capacity:     1024M (100%)       1024M (100%)       1024M (100%)       1024M (100%)       1024M (100%)       1024M (100%)   
[102.601s][info][gc,heap     ] GC(48)      Free:        0M (0%)            0M (0%)          178M (17%)          24M (2%)          240M (23%)           0M (0%)     
[102.601s][info][gc,heap     ] GC(48)      Used:     1024M (100%)       1024M (100%)        846M (83%)        1000M (98%)        1024M (100%)        784M (77%)    
[102.601s][info][gc,heap     ] GC(48)      Live:         -               518M (51%)         518M (51%)         518M (51%)            -                  -          
[102.601s][info][gc,heap     ] GC(48) Allocated:         -                 0M (0%)           70M (7%)          377M (37%)            -                  -          
[102.601s][info][gc,heap     ] GC(48)   Garbage:         -               505M (49%)         257M (25%)         104M (10%)            -                  -          
[102.601s][info][gc,heap     ] GC(48) Reclaimed:         -                  -               248M (24%)         401M (39%)            -                  -          
[102.601s][info][gc          ] GC(48) Garbage Collection (Allocation Stall) 1024M(100%)->1000M(98%)
[102.601s][info][gc          ] Allocation Stall (Executor task launch worker for task 24.0 in stage 0.0 (TID 24)) 16.798ms
[102.601s][info][gc          ] Allocation Stall (Executor task launch worker for task 38.0 in stage 0.0 (TID 38)) 16.836ms
[102.601s][info][gc          ] Allocation Stall (Executor task launch worker for task 18.0 in stage 0.0 (TID 18)) 16.575ms
[102.601s][info][gc          ] Allocation Stall (Executor task launch worker for task 11.0 in stage 0.0 (TID 11)) 28.791ms
[102.601s][info][gc,start    ] GC(49) Garbage Collection (Allocation Stall)
[102.601s][info][gc          ] Allocation Stall (Executor task launch worker for task 39.0 in stage 0.0 (TID 39)) 16.577ms
[102.601s][info][gc          ] Allocation Stall (Executor task launch worker for task 22.0 in stage 0.0 (TID 22)) 18.618ms
[102.601s][info][gc          ] Allocation Stall (Executor task launch worker for task 40.0 in stage 0.0 (TID 40)) 18.577ms
[102.601s][info][gc          ] Allocation Stall (Executor task launch worker for task 9.0 in stage 0.0 (TID 9)) 18.412ms
[102.601s][info][gc          ] Allocation Stall (Executor task launch worker for task 33.0 in stage 0.0 (TID 33)) 18.105ms
[102.601s][info][gc          ] Allocation Stall (Executor task launch worker for task 28.0 in stage 0.0 (TID 28)) 18.009ms
[102.601s][info][gc          ] Allocation Stall (Executor task launch worker for task 30.0 in stage 0.0 (TID 30)) 17.933ms
[102.601s][info][gc          ] Allocation Stall (Executor task launch worker for task 16.0 in stage 0.0 (TID 16)) 17.362ms
[102.601s][info][gc          ] Allocation Stall (Executor task launch worker for task 15.0 in stage 0.0 (TID 15)) 16.985ms
[102.601s][info][gc          ] Allocation Stall (Executor task launch worker for task 10.0 in stage 0.0 (TID 10)) 16.905ms
[102.601s][info][gc,ref      ] GC(49) Clearing All SoftReferences
[102.601s][info][gc,task     ] GC(49) Using 10 workers
[102.606s][info][gc,ref      ] GC(49) Clearing All SoftReferences
[102.606s][info][gc,phases   ] GC(49) Pause Mark Start 0.037ms
[102.606s][info][gc          ] Allocation Stall (Executor task launch worker for task 47.0 in stage 0.0 (TID 47)) 21.395ms
[102.606s][info][gc          ] Allocation Stall (Executor task launch worker for task 23.0 in stage 0.0 (TID 23)) 20.902ms
[102.606s][info][gc          ] Allocation Stall (Executor task launch worker for task 21.0 in stage 0.0 (TID 21)) 21.345ms
[102.606s][info][gc          ] Allocation Stall (Executor task launch worker for task 34.0 in stage 0.0 (TID 34)) 21.531ms
[102.606s][info][gc          ] Allocation Stall (Executor task launch worker for task 36.0 in stage 0.0 (TID 36)) 21.616ms
[102.606s][info][gc          ] Allocation Stall (Executor task launch worker for task 32.0 in stage 0.0 (TID 32)) 21.670ms
[102.606s][info][gc          ] Allocation Stall (Executor task launch worker for task 35.0 in stage 0.0 (TID 35)) 21.351ms
[102.606s][info][gc          ] Allocation Stall (Executor task launch worker for task 29.0 in stage 0.0 (TID 29)) 20.990ms
[102.606s][info][gc          ] Allocation Stall (Executor task launch worker for task 5.0 in stage 0.0 (TID 5)) 21.521ms
[102.606s][info][gc          ] Allocation Stall (Executor task launch worker for task 13.0 in stage 0.0 (TID 13)) 20.428ms
[102.606s][info][gc          ] Allocation Stall (Executor task launch worker for task 43.0 in stage 0.0 (TID 43)) 20.964ms
[102.606s][info][gc          ] Allocation Stall (Executor task launch worker for task 42.0 in stage 0.0 (TID 42)) 20.173ms
[102.606s][info][gc          ] Allocation Stall (Executor task launch worker for task 19.0 in stage 0.0 (TID 19)) 19.981ms
[102.606s][info][gc          ] Allocation Stall (Executor task launch worker for task 20.0 in stage 0.0 (TID 20)) 20.300ms
[102.606s][info][gc          ] Allocation Stall (Executor task launch worker for task 1.0 in stage 0.0 (TID 1)) 20.486ms
[102.606s][info][gc          ] Allocation Stall (Executor task launch worker for task 46.0 in stage 0.0 (TID 46)) 19.893ms
[102.606s][info][gc          ] Allocation Stall (Executor task launch worker for task 3.0 in stage 0.0 (TID 3)) 21.307ms
[102.606s][info][gc          ] Allocation Stall (Executor task launch worker for task 41.0 in stage 0.0 (TID 41)) 20.090ms
[102.606s][info][gc          ] Allocation Stall (Executor task launch worker for task 31.0 in stage 0.0 (TID 31)) 20.473ms
[102.606s][info][gc          ] Allocation Stall (Executor task launch worker for task 0.0 in stage 0.0 (TID 0)) 21.982ms
[102.606s][info][gc          ] Allocation Stall (Executor task launch worker for task 2.0 in stage 0.0 (TID 2)) 21.393ms
[102.606s][info][gc          ] Allocation Stall (Executor task launch worker for task 14.0 in stage 0.0 (TID 14)) 19.933ms
[102.606s][info][gc          ] Allocation Stall (Executor task launch worker for task 26.0 in stage 0.0 (TID 26)) 20.523ms
[102.606s][info][gc          ] Allocation Stall (Executor task launch worker for task 4.0 in stage 0.0 (TID 4)) 19.883ms
[102.606s][info][gc          ] Allocation Stall (Executor task launch worker for task 37.0 in stage 0.0 (TID 37)) 20.370ms
[102.606s][info][gc          ] Allocation Stall (Executor task launch worker for task 6.0 in stage 0.0 (TID 6)) 20.183ms
[102.606s][info][gc          ] Allocation Stall (Executor task launch worker for task 8.0 in stage 0.0 (TID 8)) 20.088ms
[102.607s][info][gc          ] Allocation Stall (Executor task launch worker for task 44.0 in stage 0.0 (TID 44)) 20.316ms
[102.607s][info][gc          ] Allocation Stall (Executor task launch worker for task 45.0 in stage 0.0 (TID 45)) 0.645ms
[102.607s][info][gc          ] Allocation Stall (Executor task launch worker for task 12.0 in stage 0.0 (TID 12)) 19.717ms
[102.607s][info][gc          ] Allocation Stall (Executor task launch worker for task 27.0 in stage 0.0 (TID 27)) 0.734ms
[102.607s][info][gc          ] Allocation Stall (Executor task launch worker for task 17.0 in stage 0.0 (TID 17)) 0.814ms
[102.608s][info][gc          ] Allocation Stall (Executor task launch worker for task 39.0 in stage 0.0 (TID 39)) 1.056ms
[102.608s][info][gc          ] Allocation Stall (Executor task launch worker for task 18.0 in stage 0.0 (TID 18)) 1.132ms
[102.608s][info][gc          ] Allocation Stall (Executor task launch worker for task 10.0 in stage 0.0 (TID 10)) 1.208ms
[102.608s][info][gc          ] Allocation Stall (Executor task launch worker for task 40.0 in stage 0.0 (TID 40)) 1.255ms
[102.608s][info][gc          ] Allocation Stall (Executor task launch worker for task 24.0 in stage 0.0 (TID 24)) 1.284ms
[102.608s][info][gc          ] Allocation Stall (Executor task launch worker for task 22.0 in stage 0.0 (TID 22)) 1.323ms
[102.608s][info][gc          ] Allocation Stall (Executor task launch worker for task 33.0 in stage 0.0 (TID 33)) 1.360ms
[102.608s][info][gc          ] Allocation Stall (Executor task launch worker for task 30.0 in stage 0.0 (TID 30)) 1.412ms
[102.608s][info][gc          ] Allocation Stall (Executor task launch worker for task 38.0 in stage 0.0 (TID 38)) 1.470ms
[102.608s][info][gc          ] Allocation Stall (Executor task launch worker for task 9.0 in stage 0.0 (TID 9)) 1.522ms
[102.608s][info][gc          ] Allocation Stall (Executor task launch worker for task 15.0 in stage 0.0 (TID 15)) 1.473ms
[102.608s][info][gc          ] Allocation Stall (Executor task launch worker for task 25.0 in stage 0.0 (TID 25)) 1.537ms
[102.608s][info][gc          ] Allocation Stall (Executor task launch worker for task 28.0 in stage 0.0 (TID 28)) 1.555ms
[102.608s][info][gc          ] Allocation Stall (Executor task launch worker for task 16.0 in stage 0.0 (TID 16)) 1.592ms
[102.669s][info][gc,phases   ] GC(49) Concurrent Mark 62.291ms
[102.669s][info][gc,phases   ] GC(49) Pause Mark End 0.017ms
[102.669s][info][gc,phases   ] GC(49) Concurrent Mark Free 0.000ms
[102.670s][info][gc,phases   ] GC(49) Concurrent Process Non-Strong References 0.948ms
[102.670s][info][gc,phases   ] GC(49) Concurrent Reset Relocation Set 0.008ms
[102.670s][info][gc          ] Allocation Stall (Executor task launch worker for task 15.0 in stage 0.0 (TID 15)) 16.821ms
[102.670s][info][gc          ] Allocation Stall (Executor task launch worker for task 43.0 in stage 0.0 (TID 43)) 17.646ms
[102.670s][info][gc          ] Allocation Stall (Executor task launch worker for task 31.0 in stage 0.0 (TID 31)) 16.097ms
[102.670s][info][gc          ] Allocation Stall (Executor task launch worker for task 23.0 in stage 0.0 (TID 23)) 18.408ms
[102.670s][info][gc          ] Allocation Stall (Executor task launch worker for task 40.0 in stage 0.0 (TID 40)) 15.957ms
[102.670s][info][gc          ] Allocation Stall (Executor task launch worker for task 46.0 in stage 0.0 (TID 46)) 18.730ms
[102.670s][info][gc          ] Allocation Stall (Executor task launch worker for task 33.0 in stage 0.0 (TID 33)) 16.687ms
[102.670s][info][gc          ] Allocation Stall (Executor task launch worker for task 22.0 in stage 0.0 (TID 22)) 17.534ms
[102.670s][info][gc          ] Allocation Stall (Executor task launch worker for task 27.0 in stage 0.0 (TID 27)) 18.749ms
[102.670s][info][gc          ] Allocation Stall (Executor task launch worker for task 19.0 in stage 0.0 (TID 19)) 17.691ms
[102.670s][info][gc          ] Allocation Stall (Executor task launch worker for task 32.0 in stage 0.0 (TID 32)) 17.001ms
[102.670s][info][gc          ] Allocation Stall (Executor task launch worker for task 14.0 in stage 0.0 (TID 14)) 17.857ms
[102.670s][info][gc          ] Allocation Stall (Executor task launch worker for task 6.0 in stage 0.0 (TID 6)) 17.143ms
[102.670s][info][gc          ] Allocation Stall (Executor task launch worker for task 37.0 in stage 0.0 (TID 37)) 17.689ms
[102.670s][info][gc          ] Allocation Stall (Executor task launch worker for task 47.0 in stage 0.0 (TID 47)) 15.958ms
[102.670s][info][gc          ] Allocation Stall (Executor task launch worker for task 26.0 in stage 0.0 (TID 26)) 17.334ms
[102.670s][info][gc          ] Allocation Stall (Executor task launch worker for task 17.0 in stage 0.0 (TID 17)) 16.780ms
[102.670s][info][gc          ] Allocation Stall (Executor task launch worker for task 2.0 in stage 0.0 (TID 2)) 17.570ms
[102.670s][info][gc          ] Allocation Stall (Executor task launch worker for task 3.0 in stage 0.0 (TID 3)) 17.749ms
[102.670s][info][gc          ] Allocation Stall (Executor task launch worker for task 38.0 in stage 0.0 (TID 38)) 19.450ms
[102.670s][info][gc          ] Allocation Stall (Executor task launch worker for task 1.0 in stage 0.0 (TID 1)) 19.209ms
[102.670s][info][gc          ] Allocation Stall (Executor task launch worker for task 20.0 in stage 0.0 (TID 20)) 18.648ms
[102.670s][info][gc          ] Allocation Stall (Executor task launch worker for task 18.0 in stage 0.0 (TID 18)) 19.104ms
[102.670s][info][gc          ] Allocation Stall (Executor task launch worker for task 16.0 in stage 0.0 (TID 16)) 19.587ms
[102.670s][info][gc          ] Allocation Stall (Executor task launch worker for task 13.0 in stage 0.0 (TID 13)) 16.059ms
[102.670s][info][gc          ] Allocation Stall (Executor task launch worker for task 9.0 in stage 0.0 (TID 9)) 23.382ms
[102.670s][info][gc          ] Allocation Stall (Executor task launch worker for task 34.0 in stage 0.0 (TID 34)) 18.380ms
[102.670s][info][gc          ] Allocation Stall (Executor task launch worker for task 28.0 in stage 0.0 (TID 28)) 19.295ms
[102.670s][info][gc          ] Allocation Stall (Executor task launch worker for task 41.0 in stage 0.0 (TID 41)) 19.201ms
[102.670s][info][gc          ] Allocation Stall (Executor task launch worker for task 4.0 in stage 0.0 (TID 4)) 18.290ms
[102.670s][info][gc          ] Allocation Stall (Executor task launch worker for task 45.0 in stage 0.0 (TID 45)) 19.050ms
[102.670s][info][gc          ] Allocation Stall (Executor task launch worker for task 21.0 in stage 0.0 (TID 21)) 19.346ms
[102.670s][info][gc          ] Allocation Stall (Executor task launch worker for task 12.0 in stage 0.0 (TID 12)) 17.964ms
[102.670s][info][gc          ] Allocation Stall (Executor task launch worker for task 8.0 in stage 0.0 (TID 8)) 33.560ms
[102.670s][info][gc          ] Allocation Stall (Executor task launch worker for task 39.0 in stage 0.0 (TID 39)) 15.967ms
[102.670s][info][gc          ] Allocation Stall (Executor task launch worker for task 36.0 in stage 0.0 (TID 36)) 15.977ms
[102.670s][info][gc          ] Allocation Stall (Executor task launch worker for task 42.0 in stage 0.0 (TID 42)) 15.991ms
[102.670s][info][gc          ] Allocation Stall (Executor task launch worker for task 10.0 in stage 0.0 (TID 10)) 15.964ms
[102.670s][info][gc          ] Allocation Stall (Executor task launch worker for task 0.0 in stage 0.0 (TID 0)) 15.985ms
[102.670s][info][gc          ] Allocation Stall (Executor task launch worker for task 44.0 in stage 0.0 (TID 44)) 16.020ms
[102.670s][info][gc          ] Allocation Stall (Executor task launch worker for task 30.0 in stage 0.0 (TID 30)) 15.928ms
[102.670s][info][gc          ] Allocation Stall (Executor task launch worker for task 24.0 in stage 0.0 (TID 24)) 15.944ms
[102.670s][info][gc          ] Allocation Stall (Executor task launch worker for task 29.0 in stage 0.0 (TID 29)) 15.954ms
[102.670s][info][gc          ] Allocation Stall (Executor task launch worker for task 35.0 in stage 0.0 (TID 35)) 15.947ms
[102.670s][info][gc          ] Allocation Stall (Executor task launch worker for task 25.0 in stage 0.0 (TID 25)) 15.951ms
[102.670s][info][gc          ] Allocation Stall (Executor task launch worker for task 5.0 in stage 0.0 (TID 5)) 15.972ms
[102.670s][info][gc          ] Allocation Stall (Executor task launch worker for task 7.0 in stage 0.0 (TID 7)) 13.818ms
[102.671s][info][gc          ] Allocation Stall (Executor task launch worker for task 11.0 in stage 0.0 (TID 11)) 11.665ms
[102.673s][info][gc,phases   ] GC(49) Concurrent Select Relocation Set 2.788ms
[102.684s][info][gc,phases   ] GC(49) Pause Relocate Start 0.007ms
[102.727s][info][gc          ] Allocation Stall (Executor task launch worker for task 23.0 in stage 0.0 (TID 23)) 4.460ms
[102.729s][info][gc          ] Allocation Stall (Executor task launch worker for task 32.0 in stage 0.0 (TID 32)) 4.256ms
[102.729s][info][gc          ] Allocation Stall (Executor task launch worker for task 0.0 in stage 0.0 (TID 0)) 4.319ms
[102.729s][info][gc          ] Allocation Stall (Executor task launch worker for task 41.0 in stage 0.0 (TID 41)) 4.232ms
[102.729s][info][gc          ] Allocation Stall (Executor task launch worker for task 5.0 in stage 0.0 (TID 5)) 4.324ms
[102.729s][info][gc          ] Allocation Stall (Executor task launch worker for task 45.0 in stage 0.0 (TID 45)) 4.281ms
[102.729s][info][gc          ] Allocation Stall (Executor task launch worker for task 34.0 in stage 0.0 (TID 34)) 4.341ms
[102.729s][info][gc          ] Allocation Stall (Executor task launch worker for task 21.0 in stage 0.0 (TID 21)) 4.298ms
[102.729s][info][gc          ] Allocation Stall (Executor task launch worker for task 27.0 in stage 0.0 (TID 27)) 4.323ms
[102.729s][info][gc          ] Allocation Stall (Executor task launch worker for task 14.0 in stage 0.0 (TID 14)) 4.480ms
[102.729s][info][gc          ] Allocation Stall (Executor task launch worker for task 26.0 in stage 0.0 (TID 26)) 4.469ms
[102.729s][info][gc          ] Allocation Stall (Executor task launch worker for task 15.0 in stage 0.0 (TID 15)) 4.473ms
[102.729s][info][gc          ] Allocation Stall (Executor task launch worker for task 47.0 in stage 0.0 (TID 47)) 4.418ms
[102.729s][info][gc          ] Allocation Stall (Executor task launch worker for task 11.0 in stage 0.0 (TID 11)) 4.411ms
[102.729s][info][gc          ] Allocation Stall (Executor task launch worker for task 44.0 in stage 0.0 (TID 44)) 4.399ms
[102.729s][info][gc          ] Allocation Stall (Executor task launch worker for task 25.0 in stage 0.0 (TID 25)) 4.391ms
[102.729s][info][gc          ] Allocation Stall (Executor task launch worker for task 39.0 in stage 0.0 (TID 39)) 4.388ms
[102.730s][info][gc          ] Allocation Stall (Executor task launch worker for task 22.0 in stage 0.0 (TID 22)) 4.502ms
[102.730s][info][gc          ] Allocation Stall (Executor task launch worker for task 38.0 in stage 0.0 (TID 38)) 4.473ms
[102.730s][info][gc          ] Allocation Stall (Executor task launch worker for task 29.0 in stage 0.0 (TID 29)) 4.527ms
[102.730s][info][gc          ] Allocation Stall (Executor task launch worker for task 19.0 in stage 0.0 (TID 19)) 4.444ms
[102.730s][info][gc          ] Allocation Stall (Executor task launch worker for task 16.0 in stage 0.0 (TID 16)) 4.367ms
[102.730s][info][gc          ] Allocation Stall (Executor task launch worker for task 46.0 in stage 0.0 (TID 46)) 4.273ms
[102.730s][info][gc          ] Allocation Stall (Executor task launch worker for task 33.0 in stage 0.0 (TID 33)) 4.355ms
[102.730s][info][gc          ] Allocation Stall (Spark Context Cleaner) 5.579ms
[102.730s][info][gc          ] Allocation Stall (Executor task launch worker for task 18.0 in stage 0.0 (TID 18)) 4.599ms
[102.730s][info][gc          ] Allocation Stall (Executor task launch worker for task 35.0 in stage 0.0 (TID 35)) 4.209ms
[102.730s][info][gc          ] Allocation Stall (Executor task launch worker for task 40.0 in stage 0.0 (TID 40)) 5.116ms
[102.730s][info][gc          ] Allocation Stall (Executor task launch worker for task 10.0 in stage 0.0 (TID 10)) 5.116ms
[102.730s][info][gc          ] Allocation Stall (Executor task launch worker for task 37.0 in stage 0.0 (TID 37)) 5.104ms
[102.730s][info][gc          ] Allocation Stall (Executor task launch worker for task 17.0 in stage 0.0 (TID 17)) 5.099ms
[102.730s][info][gc          ] Allocation Stall (Executor task launch worker for task 12.0 in stage 0.0 (TID 12)) 4.975ms
[102.730s][info][gc          ] Allocation Stall (Executor task launch worker for task 31.0 in stage 0.0 (TID 31)) 4.875ms
[102.730s][info][gc          ] Allocation Stall (Executor task launch worker for task 8.0 in stage 0.0 (TID 8)) 3.123ms
[102.730s][info][gc          ] Allocation Stall (Executor task launch worker for task 20.0 in stage 0.0 (TID 20)) 3.573ms
[102.730s][info][gc          ] Allocation Stall (Executor task launch worker for task 42.0 in stage 0.0 (TID 42)) 3.818ms
[102.730s][info][gc          ] Allocation Stall (Executor task launch worker for task 3.0 in stage 0.0 (TID 3)) 3.960ms
[102.730s][info][gc          ] Allocation Stall (Executor task launch worker for task 23.0 in stage 0.0 (TID 23)) 2.610ms
[102.730s][info][gc          ] Allocation Stall (Executor task launch worker for task 13.0 in stage 0.0 (TID 13)) 4.530ms
[102.730s][info][gc          ] Allocation Stall (Executor task launch worker for task 30.0 in stage 0.0 (TID 30)) 3.915ms
[102.730s][info][gc          ] Allocation Stall (Executor task launch worker for task 36.0 in stage 0.0 (TID 36)) 4.372ms
[102.730s][info][gc          ] Allocation Stall (Executor task launch worker for task 2.0 in stage 0.0 (TID 2)) 4.333ms
[102.730s][info][gc          ] Allocation Stall (Executor task launch worker for task 28.0 in stage 0.0 (TID 28)) 4.316ms
[102.730s][info][gc          ] Allocation Stall (Executor task launch worker for task 6.0 in stage 0.0 (TID 6)) 4.303ms
[102.730s][info][gc          ] Allocation Stall (Executor task launch worker for task 1.0 in stage 0.0 (TID 1)) 4.247ms
[102.730s][info][gc          ] Allocation Stall (Executor task launch worker for task 24.0 in stage 0.0 (TID 24)) 4.093ms
[102.829s][info][gc          ] Allocation Stall (Executor task launch worker for task 46.0 in stage 0.0 (TID 46)) 0.028ms
[102.829s][info][gc          ] Allocation Stall (Executor task launch worker for task 44.0 in stage 0.0 (TID 44)) 0.044ms
[102.829s][info][gc          ] Allocation Stall (Executor task launch worker for task 2.0 in stage 0.0 (TID 2)) 0.079ms
[102.829s][info][gc          ] Allocation Stall (Executor task launch worker for task 45.0 in stage 0.0 (TID 45)) 0.089ms
[102.829s][info][gc          ] Allocation Stall (Executor task launch worker for task 41.0 in stage 0.0 (TID 41)) 0.079ms
[102.829s][info][gc          ] Allocation Stall (Executor task launch worker for task 1.0 in stage 0.0 (TID 1)) 0.105ms
[102.829s][info][gc          ] Allocation Stall (Executor task launch worker for task 40.0 in stage 0.0 (TID 40)) 0.102ms
[102.829s][info][gc          ] Allocation Stall (Executor task launch worker for task 19.0 in stage 0.0 (TID 19)) 0.099ms
[102.829s][info][gc          ] Allocation Stall (Executor task launch worker for task 16.0 in stage 0.0 (TID 16)) 0.113ms
[102.829s][info][gc          ] Allocation Stall (Executor task launch worker for task 34.0 in stage 0.0 (TID 34)) 0.118ms
[102.829s][info][gc          ] Allocation Stall (Executor task launch worker for task 20.0 in stage 0.0 (TID 20)) 0.122ms
[102.829s][info][gc          ] Allocation Stall (Executor task launch worker for task 13.0 in stage 0.0 (TID 13)) 0.127ms
[102.829s][info][gc          ] Allocation Stall (Executor task launch worker for task 30.0 in stage 0.0 (TID 30)) 0.173ms
[102.829s][info][gc          ] Allocation Stall (Executor task launch worker for task 8.0 in stage 0.0 (TID 8)) 0.182ms
[102.829s][info][gc          ] Allocation Stall (Executor task launch worker for task 7.0 in stage 0.0 (TID 7)) 0.174ms
[102.829s][info][gc          ] Allocation Stall (Executor task launch worker for task 27.0 in stage 0.0 (TID 27)) 0.209ms
[102.829s][info][gc          ] Allocation Stall (Executor task launch worker for task 39.0 in stage 0.0 (TID 39)) 0.226ms
[102.830s][info][gc          ] Allocation Stall (Executor task launch worker for task 10.0 in stage 0.0 (TID 10)) 0.259ms
[102.830s][info][gc          ] Allocation Stall (Executor task launch worker for task 24.0 in stage 0.0 (TID 24)) 0.293ms
[102.830s][info][gc          ] Allocation Stall (Executor task launch worker for task 18.0 in stage 0.0 (TID 18)) 0.120ms
[102.830s][info][gc,phases   ] GC(49) Concurrent Relocate 144.407ms
[102.830s][info][gc,load     ] GC(49) Load: 0.00/0.00/0.00
[102.830s][info][gc,mmu      ] GC(49) MMU: 2ms/94.2%, 5ms/97.7%, 10ms/98.8%, 20ms/99.3%, 50ms/99.7%, 100ms/99.9%
[102.830s][info][gc,marking  ] GC(49) Mark: 8 stripe(s), 2 proactive flush(es), 1 terminate flush(es), 0 completion(s), 0 continuation(s) 
[102.830s][info][gc,marking  ] GC(49) Mark Stack Usage: 32M
[102.830s][info][gc,nmethod  ] GC(49) NMethods: 2153 registered, 74 unregistered
[102.830s][info][gc,metaspace] GC(49) Metaspace: 112M used, 124M committed, 1152M reserved
[102.830s][info][gc,ref      ] GC(49) Soft: 2800 encountered, 2369 discovered, 0 enqueued
[102.830s][info][gc,ref      ] GC(49) Weak: 12965 encountered, 4515 discovered, 0 enqueued
[102.830s][info][gc,ref      ] GC(49) Final: 62 encountered, 0 discovered, 0 enqueued
[102.830s][info][gc,ref      ] GC(49) Phantom: 750 encountered, 459 discovered, 0 enqueued
[102.830s][info][gc,reloc    ] GC(49) Small Pages: 181 / 362M, Empty: 208M, Relocated: 5M, In-Place: 0
[102.830s][info][gc,reloc    ] GC(49) Medium Pages: 16 / 512M, Empty: 0M, Relocated: 52M, In-Place: 1
[102.830s][info][gc,reloc    ] GC(49) Large Pages: 12 / 96M, Empty: 40M, Relocated: 0M, In-Place: 0
[102.830s][info][gc,reloc    ] GC(49) Forwarding Usage: 0M
[102.831s][info][gc,heap     ] GC(49) Min Capacity: 8M(1%)
[102.831s][info][gc,heap     ] GC(49) Max Capacity: 1024M(100%)
[102.831s][info][gc,heap     ] GC(49) Soft Max Capacity: 1024M(100%)
[102.831s][info][gc,heap     ] GC(49)                Mark Start          Mark End        Relocate Start      Relocate End           High               Low         
[102.831s][info][gc,heap     ] GC(49)  Capacity:     1024M (100%)       1024M (100%)       1024M (100%)       1024M (100%)       1024M (100%)       1024M (100%)   
[102.831s][info][gc,heap     ] GC(49)      Free:        0M (0%)            0M (0%)          200M (20%)          12M (1%)          222M (22%)           0M (0%)     
[102.831s][info][gc,heap     ] GC(49)      Used:     1024M (100%)       1024M (100%)        824M (80%)        1012M (99%)        1024M (100%)        802M (78%)    
[102.831s][info][gc,heap     ] GC(49)      Live:         -               516M (50%)         516M (50%)         516M (50%)            -                  -          
[102.831s][info][gc,heap     ] GC(49) Allocated:         -                 0M (0%)           48M (5%)          351M (34%)            -                  -          
[102.831s][info][gc,heap     ] GC(49)   Garbage:         -               507M (50%)         259M (25%)         143M (14%)            -                  -          
[102.831s][info][gc,heap     ] GC(49) Reclaimed:         -                  -               248M (24%)         363M (36%)            -                  -          
[102.831s][info][gc          ] GC(49) Garbage Collection (Allocation Stall) 1024M(100%)->1012M(99%)
[102.832s][info][gc,start    ] GC(50) Garbage Collection (Allocation Stall)
[102.833s][info][gc,ref      ] GC(50) Clearing All SoftReferences
[102.833s][info][gc,task     ] GC(50) Using 10 workers
[102.833s][info][gc,ref      ] GC(50) Clearing All SoftReferences
[102.833s][info][gc,phases   ] GC(50) Pause Mark Start 0.036ms
[102.864s][info][gc,phases   ] GC(50) Concurrent Mark 20.283ms
[102.864s][info][gc,phases   ] GC(50) Pause Mark End 0.016ms
[102.864s][info][gc,phases   ] GC(50) Concurrent Mark Free 0.000ms
[102.865s][info][gc,phases   ] GC(50) Concurrent Process Non-Strong References 0.820ms
[102.865s][info][gc,phases   ] GC(50) Concurrent Reset Relocation Set 0.004ms
[102.865s][info][gc          ] Allocation Stall (Executor task launch worker for task 47.0 in stage 0.0 (TID 47)) 18.084ms
[102.865s][info][gc          ] Allocation Stall (Executor task launch worker for task 19.0 in stage 0.0 (TID 19)) 18.093ms
[102.865s][info][gc          ] Allocation Stall (Executor task launch worker for task 45.0 in stage 0.0 (TID 45)) 18.555ms
[102.865s][info][gc          ] Allocation Stall (Executor task launch worker for task 39.0 in stage 0.0 (TID 39)) 18.363ms
[102.865s][info][gc          ] Allocation Stall (Executor task launch worker for task 28.0 in stage 0.0 (TID 28)) 19.080ms
[102.865s][info][gc          ] Allocation Stall (Executor task launch worker for task 26.0 in stage 0.0 (TID 26)) 18.420ms
[102.865s][info][gc          ] Allocation Stall (Executor task launch worker for task 24.0 in stage 0.0 (TID 24)) 18.338ms
[102.865s][info][gc          ] Allocation Stall (Executor task launch worker for task 40.0 in stage 0.0 (TID 40)) 18.992ms
[102.865s][info][gc          ] Allocation Stall (Executor task launch worker for task 29.0 in stage 0.0 (TID 29)) 18.519ms
[102.865s][info][gc          ] Allocation Stall (Executor task launch worker for task 12.0 in stage 0.0 (TID 12)) 18.518ms
[102.865s][info][gc          ] Allocation Stall (Executor task launch worker for task 38.0 in stage 0.0 (TID 38)) 18.849ms
[102.865s][info][gc          ] Allocation Stall (Executor task launch worker for task 34.0 in stage 0.0 (TID 34)) 18.032ms
[102.865s][info][gc          ] Allocation Stall (Executor task launch worker for task 2.0 in stage 0.0 (TID 2)) 18.114ms
[102.865s][info][gc          ] Allocation Stall (Executor task launch worker for task 7.0 in stage 0.0 (TID 7)) 18.620ms
[102.865s][info][gc          ] Allocation Stall (Executor task launch worker for task 37.0 in stage 0.0 (TID 37)) 18.507ms
[102.865s][info][gc          ] Allocation Stall (Executor task launch worker for task 33.0 in stage 0.0 (TID 33)) 19.036ms
[102.865s][info][gc          ] Allocation Stall (Executor task launch worker for task 8.0 in stage 0.0 (TID 8)) 18.381ms
[102.865s][info][gc          ] Allocation Stall (Executor task launch worker for task 23.0 in stage 0.0 (TID 23)) 19.742ms
[102.865s][info][gc          ] Allocation Stall (Executor task launch worker for task 36.0 in stage 0.0 (TID 36)) 19.827ms
[102.865s][info][gc          ] Allocation Stall (Executor task launch worker for task 6.0 in stage 0.0 (TID 6)) 21.511ms
[102.865s][info][gc          ] Allocation Stall (Executor task launch worker for task 10.0 in stage 0.0 (TID 10)) 20.031ms
[102.865s][info][gc          ] Allocation Stall (Executor task launch worker for task 25.0 in stage 0.0 (TID 25)) 19.292ms
[102.865s][info][gc          ] Allocation Stall (Executor task launch worker for task 30.0 in stage 0.0 (TID 30)) 20.174ms
[102.865s][info][gc          ] Allocation Stall (Executor task launch worker for task 14.0 in stage 0.0 (TID 14)) 19.138ms
[102.865s][info][gc          ] Allocation Stall (Executor task launch worker for task 21.0 in stage 0.0 (TID 21)) 20.029ms
[102.865s][info][gc          ] Allocation Stall (Executor task launch worker for task 11.0 in stage 0.0 (TID 11)) 18.470ms
[102.865s][info][gc          ] Allocation Stall (Executor task launch worker for task 32.0 in stage 0.0 (TID 32)) 19.821ms
[102.865s][info][gc          ] Allocation Stall (Executor task launch worker for task 13.0 in stage 0.0 (TID 13)) 20.295ms
[102.865s][info][gc          ] Allocation Stall (Executor task launch worker for task 31.0 in stage 0.0 (TID 31)) 18.241ms
[102.865s][info][gc          ] Allocation Stall (Executor task launch worker for task 44.0 in stage 0.0 (TID 44)) 20.103ms
[102.865s][info][gc          ] Allocation Stall (Executor task launch worker for task 20.0 in stage 0.0 (TID 20)) 20.096ms
[102.865s][info][gc          ] Allocation Stall (Executor task launch worker for task 46.0 in stage 0.0 (TID 46)) 18.092ms
[102.865s][info][gc          ] Allocation Stall (Executor task launch worker for task 3.0 in stage 0.0 (TID 3)) 18.654ms
[102.865s][info][gc          ] Allocation Stall (Executor task launch worker for task 15.0 in stage 0.0 (TID 15)) 20.228ms
[102.865s][info][gc          ] Allocation Stall (Executor task launch worker for task 27.0 in stage 0.0 (TID 27)) 20.487ms
[102.865s][info][gc          ] Allocation Stall (Executor task launch worker for task 22.0 in stage 0.0 (TID 22)) 19.397ms
[102.865s][info][gc          ] Allocation Stall (Executor task launch worker for task 9.0 in stage 0.0 (TID 9)) 20.015ms
[102.865s][info][gc          ] Allocation Stall (Executor task launch worker for task 17.0 in stage 0.0 (TID 17)) 21.422ms
[102.865s][info][gc          ] Allocation Stall (Executor task launch worker for task 16.0 in stage 0.0 (TID 16)) 21.712ms
[102.865s][info][gc          ] Allocation Stall (Executor task launch worker for task 5.0 in stage 0.0 (TID 5)) 21.501ms
[102.865s][info][gc          ] Allocation Stall (Executor task launch worker for task 35.0 in stage 0.0 (TID 35)) 21.103ms
[102.865s][info][gc          ] Allocation Stall (Executor task launch worker for task 4.0 in stage 0.0 (TID 4)) 20.759ms
[102.865s][info][gc          ] Allocation Stall (Executor task launch worker for task 42.0 in stage 0.0 (TID 42)) 20.585ms
[102.865s][info][gc          ] Allocation Stall (Executor task launch worker for task 18.0 in stage 0.0 (TID 18)) 20.622ms
[102.865s][info][gc          ] Allocation Stall (Executor task launch worker for task 43.0 in stage 0.0 (TID 43)) 20.162ms
[102.865s][info][gc          ] Allocation Stall (Executor task launch worker for task 41.0 in stage 0.0 (TID 41)) 20.558ms
[102.865s][info][gc          ] Allocation Stall (Executor task launch worker for task 0.0 in stage 0.0 (TID 0)) 20.739ms
[102.865s][info][gc          ] Allocation Stall (Executor task launch worker for task 1.0 in stage 0.0 (TID 1)) 21.342ms
[102.868s][info][gc,phases   ] GC(50) Concurrent Select Relocation Set 3.120ms
[102.869s][info][gc,phases   ] GC(50) Pause Relocate Start 0.006ms
[102.890s][info][gc          ] Allocation Stall (Executor task launch worker for task 0.0 in stage 0.0 (TID 0)) 3.895ms
[102.890s][info][gc          ] Allocation Stall (Executor task launch worker for task 25.0 in stage 0.0 (TID 25)) 1.856ms
[102.890s][info][gc          ] Allocation Stall (Executor task launch worker for task 26.0 in stage 0.0 (TID 26)) 3.200ms
[102.890s][info][gc          ] Allocation Stall (Executor task launch worker for task 35.0 in stage 0.0 (TID 35)) 2.177ms
[102.890s][info][gc          ] Allocation Stall (Executor task launch worker for task 16.0 in stage 0.0 (TID 16)) 1.882ms
[102.890s][info][gc          ] Allocation Stall (Executor task launch worker for task 18.0 in stage 0.0 (TID 18)) 2.053ms
[102.890s][info][gc          ] Allocation Stall (Executor task launch worker for task 36.0 in stage 0.0 (TID 36)) 3.011ms
[102.890s][info][gc          ] Allocation Stall (Executor task launch worker for task 17.0 in stage 0.0 (TID 17)) 2.685ms
[102.890s][info][gc          ] Allocation Stall (Executor task launch worker for task 22.0 in stage 0.0 (TID 22)) 1.969ms
[102.890s][info][gc          ] Allocation Stall (Executor task launch worker for task 32.0 in stage 0.0 (TID 32)) 1.857ms
[102.890s][info][gc          ] Allocation Stall (Executor task launch worker for task 42.0 in stage 0.0 (TID 42)) 3.459ms
[102.890s][info][gc          ] Allocation Stall (Executor task launch worker for task 13.0 in stage 0.0 (TID 13)) 3.404ms
[102.890s][info][gc          ] Allocation Stall (Executor task launch worker for task 11.0 in stage 0.0 (TID 11)) 3.406ms
[102.890s][info][gc          ] Allocation Stall (Executor task launch worker for task 2.0 in stage 0.0 (TID 2)) 3.391ms
[102.890s][info][gc          ] Allocation Stall (Executor task launch worker for task 44.0 in stage 0.0 (TID 44)) 3.420ms
[102.890s][info][gc          ] Allocation Stall (Executor task launch worker for task 12.0 in stage 0.0 (TID 12)) 3.354ms
[102.890s][info][gc          ] Allocation Stall (Executor task launch worker for task 3.0 in stage 0.0 (TID 3)) 3.430ms
[102.890s][info][gc          ] Allocation Stall (Executor task launch worker for task 14.0 in stage 0.0 (TID 14)) 2.102ms
[102.890s][info][gc          ] Allocation Stall (Executor task launch worker for task 43.0 in stage 0.0 (TID 43)) 2.137ms
[102.891s][info][gc          ] Allocation Stall (Executor task launch worker for task 19.0 in stage 0.0 (TID 19)) 2.206ms
[102.891s][info][gc          ] Allocation Stall (Executor task launch worker for task 41.0 in stage 0.0 (TID 41)) 2.274ms
[102.891s][info][gc          ] Allocation Stall (Executor task launch worker for task 27.0 in stage 0.0 (TID 27)) 2.231ms
[102.891s][info][gc          ] Allocation Stall (Executor task launch worker for task 30.0 in stage 0.0 (TID 30)) 2.205ms
[102.891s][info][gc          ] Allocation Stall (Executor task launch worker for task 7.0 in stage 0.0 (TID 7)) 2.257ms
[102.891s][info][gc          ] Allocation Stall (Executor task launch worker for task 5.0 in stage 0.0 (TID 5)) 2.240ms
[102.891s][info][gc          ] Allocation Stall (Executor task launch worker for task 39.0 in stage 0.0 (TID 39)) 2.228ms
[102.891s][info][gc          ] Allocation Stall (Executor task launch worker for task 8.0 in stage 0.0 (TID 8)) 2.250ms
[102.891s][info][gc          ] Allocation Stall (Executor task launch worker for task 33.0 in stage 0.0 (TID 33)) 2.223ms
[102.891s][info][gc          ] Allocation Stall (Executor task launch worker for task 9.0 in stage 0.0 (TID 9)) 2.226ms
[102.891s][info][gc          ] Allocation Stall (Executor task launch worker for task 20.0 in stage 0.0 (TID 20)) 2.244ms
[102.891s][info][gc          ] Allocation Stall (Executor task launch worker for task 37.0 in stage 0.0 (TID 37)) 2.263ms
[102.891s][info][gc          ] Allocation Stall (Executor task launch worker for task 45.0 in stage 0.0 (TID 45)) 2.283ms
[102.891s][info][gc          ] Allocation Stall (Executor task launch worker for task 46.0 in stage 0.0 (TID 46)) 2.314ms
[102.891s][info][gc          ] Allocation Stall (Executor task launch worker for task 38.0 in stage 0.0 (TID 38)) 2.335ms
[102.891s][info][gc          ] Allocation Stall (Executor task launch worker for task 21.0 in stage 0.0 (TID 21)) 2.356ms
[102.891s][info][gc          ] Allocation Stall (Executor task launch worker for task 28.0 in stage 0.0 (TID 28)) 2.389ms
[102.891s][info][gc          ] Allocation Stall (Executor task launch worker for task 24.0 in stage 0.0 (TID 24)) 2.405ms
[102.893s][info][gc          ] Allocation Stall (Executor task launch worker for task 29.0 in stage 0.0 (TID 29)) 3.987ms
[102.893s][info][gc          ] Allocation Stall (Executor task launch worker for task 10.0 in stage 0.0 (TID 10)) 4.029ms
[102.893s][info][gc          ] Allocation Stall (Executor task launch worker for task 1.0 in stage 0.0 (TID 1)) 4.006ms
[102.893s][info][gc          ] Allocation Stall (Executor task launch worker for task 15.0 in stage 0.0 (TID 15)) 2.789ms
[102.894s][info][gc          ] Allocation Stall (Executor task launch worker for task 34.0 in stage 0.0 (TID 34)) 3.804ms
[102.899s][info][gc          ] Allocation Stall (Executor task launch worker for task 1.0 in stage 0.0 (TID 1)) 1.844ms
[102.899s][info][gc          ] Allocation Stall (Executor task launch worker for task 10.0 in stage 0.0 (TID 10)) 1.860ms
[102.899s][info][gc          ] Allocation Stall (Executor task launch worker for task 46.0 in stage 0.0 (TID 46)) 1.690ms
[102.901s][info][gc          ] Allocation Stall (Executor task launch worker for task 24.0 in stage 0.0 (TID 24)) 1.390ms
[102.902s][info][gc          ] Allocation Stall (Executor task launch worker for task 28.0 in stage 0.0 (TID 28)) 1.496ms
[102.908s][info][gc          ] Allocation Stall (Executor task launch worker for task 30.0 in stage 0.0 (TID 30)) 4.577ms
[102.908s][info][gc          ] Allocation Stall (Executor task launch worker for task 5.0 in stage 0.0 (TID 5)) 4.277ms
[102.910s][info][gc          ] Allocation Stall (Executor task launch worker for task 27.0 in stage 0.0 (TID 27)) 5.764ms
[102.910s][info][gc          ] Allocation Stall (Executor task launch worker for task 21.0 in stage 0.0 (TID 21)) 5.806ms
[102.911s][info][gc          ] Allocation Stall (Executor task launch worker for task 34.0 in stage 0.0 (TID 34)) 4.912ms
[102.911s][info][gc          ] Allocation Stall (Executor task launch worker for task 16.0 in stage 0.0 (TID 16)) 5.135ms
[102.911s][info][gc          ] Allocation Stall (Executor task launch worker for task 18.0 in stage 0.0 (TID 18)) 4.999ms
[102.911s][info][gc          ] Allocation Stall (Executor task launch worker for task 10.0 in stage 0.0 (TID 10)) 5.263ms
[102.911s][info][gc          ] Allocation Stall (Executor task launch worker for task 7.0 in stage 0.0 (TID 7)) 4.947ms
[102.911s][info][gc          ] Allocation Stall (Executor task launch worker for task 26.0 in stage 0.0 (TID 26)) 4.628ms
[102.911s][info][gc          ] Allocation Stall (Executor task launch worker for task 20.0 in stage 0.0 (TID 20)) 6.693ms
[102.911s][info][gc          ] Allocation Stall (Executor task launch worker for task 22.0 in stage 0.0 (TID 22)) 4.645ms
[102.911s][info][gc          ] Allocation Stall (Executor task launch worker for task 46.0 in stage 0.0 (TID 46)) 4.644ms
[102.911s][info][gc          ] Allocation Stall (Executor task launch worker for task 24.0 in stage 0.0 (TID 24)) 4.781ms
[102.911s][info][gc          ] Allocation Stall (Executor task launch worker for task 25.0 in stage 0.0 (TID 25)) 6.513ms
[102.911s][info][gc          ] Allocation Stall (Executor task launch worker for task 38.0 in stage 0.0 (TID 38)) 6.533ms
[102.911s][info][gc          ] Allocation Stall (Executor task launch worker for task 1.0 in stage 0.0 (TID 1)) 6.206ms
[102.911s][info][gc          ] Allocation Stall (Executor task launch worker for task 9.0 in stage 0.0 (TID 9)) 5.911ms
[102.911s][info][gc          ] Allocation Stall (Executor task launch worker for task 45.0 in stage 0.0 (TID 45)) 5.855ms
[102.911s][info][gc          ] Allocation Stall (Executor task launch worker for task 17.0 in stage 0.0 (TID 17)) 5.652ms
[102.915s][info][gc          ] Allocation Stall (Executor task launch worker for task 5.0 in stage 0.0 (TID 5)) 4.855ms
[102.915s][info][gc          ] Allocation Stall (Executor task launch worker for task 41.0 in stage 0.0 (TID 41)) 8.340ms
[102.915s][info][gc          ] Allocation Stall (Executor task launch worker for task 27.0 in stage 0.0 (TID 27)) 1.999ms
[102.915s][info][gc          ] Allocation Stall (Executor task launch worker for task 42.0 in stage 0.0 (TID 42)) 8.370ms
[102.915s][info][gc          ] Allocation Stall (Executor task launch worker for task 3.0 in stage 0.0 (TID 3)) 2.142ms
[102.915s][info][gc          ] Allocation Stall (Executor task launch worker for task 19.0 in stage 0.0 (TID 19)) 7.068ms
[102.915s][info][gc          ] Allocation Stall (Executor task launch worker for task 13.0 in stage 0.0 (TID 13)) 2.093ms
[102.915s][info][gc          ] Allocation Stall (Executor task launch worker for task 35.0 in stage 0.0 (TID 35)) 2.003ms
[102.915s][info][gc          ] Allocation Stall (Executor task launch worker for task 37.0 in stage 0.0 (TID 37)) 2.384ms
[102.915s][info][gc          ] Allocation Stall (Executor task launch worker for task 15.0 in stage 0.0 (TID 15)) 8.865ms
[102.915s][info][gc          ] Allocation Stall (Executor task launch worker for task 29.0 in stage 0.0 (TID 29)) 8.762ms
[102.915s][info][gc          ] Allocation Stall (Executor task launch worker for task 11.0 in stage 0.0 (TID 11)) 8.774ms
[102.915s][info][gc          ] Allocation Stall (Executor task launch worker for task 0.0 in stage 0.0 (TID 0)) 8.706ms
[102.915s][info][gc          ] Allocation Stall (Executor task launch worker for task 32.0 in stage 0.0 (TID 32)) 8.596ms
[102.916s][info][gc          ] Allocation Stall (Executor task launch worker for task 12.0 in stage 0.0 (TID 12)) 1.526ms
[102.916s][info][gc          ] Allocation Stall (Executor task launch worker for task 23.0 in stage 0.0 (TID 23)) 0.088ms
[102.916s][info][gc          ] Allocation Stall (Executor task launch worker for task 8.0 in stage 0.0 (TID 8)) 1.410ms
[102.916s][info][gc          ] Allocation Stall (Executor task launch worker for task 2.0 in stage 0.0 (TID 2)) 1.898ms
[102.916s][info][gc          ] Allocation Stall (Executor task launch worker for task 33.0 in stage 0.0 (TID 33)) 1.773ms
[102.916s][info][gc          ] Allocation Stall (Executor task launch worker for task 21.0 in stage 0.0 (TID 21)) 1.424ms
[102.916s][info][gc          ] Allocation Stall (Executor task launch worker for task 39.0 in stage 0.0 (TID 39)) 1.979ms
[102.916s][info][gc          ] Allocation Stall (Executor task launch worker for task 36.0 in stage 0.0 (TID 36)) 1.342ms
[102.916s][info][gc          ] Allocation Stall (Executor task launch worker for task 44.0 in stage 0.0 (TID 44)) 1.736ms
[102.916s][info][gc          ] Allocation Stall (Executor task launch worker for task 43.0 in stage 0.0 (TID 43)) 8.530ms
[102.916s][info][gc          ] Allocation Stall (Executor task launch worker for task 28.0 in stage 0.0 (TID 28)) 8.636ms
[102.916s][info][gc          ] Allocation Stall (Executor task launch worker for task 30.0 in stage 0.0 (TID 30)) 2.087ms
[102.916s][info][gc          ] Allocation Stall (Executor task launch worker for task 14.0 in stage 0.0 (TID 14)) 1.996ms
[102.978s][info][gc,phases   ] GC(50) Concurrent Relocate 107.725ms
[102.978s][info][gc,load     ] GC(50) Load: 0.00/0.00/0.00
[102.978s][info][gc,mmu      ] GC(50) MMU: 2ms/94.2%, 5ms/97.7%, 10ms/98.8%, 20ms/99.3%, 50ms/99.7%, 100ms/99.9%
[102.978s][info][gc,marking  ] GC(50) Mark: 8 stripe(s), 3 proactive flush(es), 1 terminate flush(es), 0 completion(s), 0 continuation(s) 
[102.978s][info][gc,marking  ] GC(50) Mark Stack Usage: 32M
[102.978s][info][gc,nmethod  ] GC(50) NMethods: 2153 registered, 76 unregistered
[102.978s][info][gc,metaspace] GC(50) Metaspace: 112M used, 124M committed, 1152M reserved
[102.978s][info][gc,ref      ] GC(50) Soft: 2800 encountered, 2264 discovered, 0 enqueued
[102.978s][info][gc,ref      ] GC(50) Weak: 12968 encountered, 1400 discovered, 1 enqueued
[102.978s][info][gc,ref      ] GC(50) Final: 62 encountered, 23 discovered, 0 enqueued
[102.978s][info][gc,ref      ] GC(50) Phantom: 750 encountered, 497 discovered, 0 enqueued
[102.978s][info][gc,reloc    ] GC(50) Small Pages: 219 / 438M, Empty: 260M, Relocated: 5M, In-Place: 0
[102.978s][info][gc,reloc    ] GC(50) Medium Pages: 16 / 512M, Empty: 0M, Relocated: 17M, In-Place: 0
[102.978s][info][gc,reloc    ] GC(50) Large Pages: 7 / 56M, Empty: 16M, Relocated: 0M, In-Place: 0
[102.978s][info][gc,reloc    ] GC(50) Forwarding Usage: 0M
[102.978s][info][gc,heap     ] GC(50) Min Capacity: 8M(1%)
[102.978s][info][gc,heap     ] GC(50) Max Capacity: 1024M(100%)
[102.978s][info][gc,heap     ] GC(50) Soft Max Capacity: 1024M(100%)
[102.978s][info][gc,heap     ] GC(50)                Mark Start          Mark End        Relocate Start      Relocate End           High               Low         
[102.978s][info][gc,heap     ] GC(50)  Capacity:     1024M (100%)       1024M (100%)       1024M (100%)       1024M (100%)       1024M (100%)       1024M (100%)   
[102.978s][info][gc,heap     ] GC(50)      Free:       18M (2%)            0M (0%)          252M (25%)         162M (16%)         258M (25%)           0M (0%)     
[102.978s][info][gc,heap     ] GC(50)      Used:     1006M (98%)        1024M (100%)        772M (75%)         862M (84%)        1024M (100%)        766M (75%)    
[102.978s][info][gc,heap     ] GC(50)      Live:         -               508M (50%)         508M (50%)         508M (50%)            -                  -          
[102.978s][info][gc,heap     ] GC(50) Allocated:         -                18M (2%)           42M (4%)          249M (24%)            -                  -          
[102.978s][info][gc,heap     ] GC(50)   Garbage:         -               497M (49%)         221M (22%)         103M (10%)            -                  -          
[102.978s][info][gc,heap     ] GC(50) Reclaimed:         -                  -               276M (27%)         393M (38%)            -                  -          
[102.978s][info][gc          ] GC(50) Garbage Collection (Allocation Stall) 1006M(98%)->862M(84%)
[103.036s][info][gc,start    ] GC(51) Garbage Collection (Allocation Stall)
[103.036s][info][gc,ref      ] GC(51) Clearing All SoftReferences
[103.036s][info][gc,task     ] GC(51) Using 10 workers
[103.036s][info][gc,ref      ] GC(51) Clearing All SoftReferences
[103.036s][info][gc,phases   ] GC(51) Pause Mark Start 0.039ms
[103.065s][info][gc          ] Allocation Stall (Executor task launch worker for task 43.0 in stage 0.0 (TID 43)) 2.102ms
[103.065s][info][gc          ] Allocation Stall (Executor task launch worker for task 7.0 in stage 0.0 (TID 7)) 2.139ms
[103.065s][info][gc          ] Allocation Stall (Executor task launch worker for task 14.0 in stage 0.0 (TID 14)) 2.143ms
[103.065s][info][gc          ] Allocation Stall (Executor task launch worker for task 10.0 in stage 0.0 (TID 10)) 2.156ms
[103.065s][info][gc          ] Allocation Stall (Executor task launch worker for task 25.0 in stage 0.0 (TID 25)) 2.169ms
[103.065s][info][gc          ] Allocation Stall (Executor task launch worker for task 31.0 in stage 0.0 (TID 31)) 2.229ms
[103.065s][info][gc          ] Allocation Stall (Executor task launch worker for task 18.0 in stage 0.0 (TID 18)) 2.201ms
[103.065s][info][gc          ] Allocation Stall (Executor task launch worker for task 26.0 in stage 0.0 (TID 26)) 2.131ms
[103.065s][info][gc          ] Allocation Stall (Executor task launch worker for task 44.0 in stage 0.0 (TID 44)) 1.893ms
[103.065s][info][gc          ] Allocation Stall (Executor task launch worker for task 21.0 in stage 0.0 (TID 21)) 1.914ms
[103.065s][info][gc          ] Allocation Stall (Executor task launch worker for task 35.0 in stage 0.0 (TID 35)) 1.638ms
[103.065s][info][gc          ] Allocation Stall (Executor task launch worker for task 38.0 in stage 0.0 (TID 38)) 1.651ms
[103.065s][info][gc          ] Allocation Stall (Executor task launch worker for task 23.0 in stage 0.0 (TID 23)) 1.633ms
[103.065s][info][gc          ] Allocation Stall (Executor task launch worker for task 11.0 in stage 0.0 (TID 11)) 1.632ms
[103.065s][info][gc          ] Allocation Stall (Executor task launch worker for task 16.0 in stage 0.0 (TID 16)) 1.602ms
[103.066s][info][gc          ] Allocation Stall (Executor task launch worker for task 33.0 in stage 0.0 (TID 33)) 1.609ms
[103.066s][info][gc          ] Allocation Stall (Executor task launch worker for task 1.0 in stage 0.0 (TID 1)) 1.606ms
[103.066s][info][gc          ] Allocation Stall (Executor task launch worker for task 0.0 in stage 0.0 (TID 0)) 1.595ms
[103.066s][info][gc          ] Allocation Stall (Executor task launch worker for task 47.0 in stage 0.0 (TID 47)) 1.633ms
[103.066s][info][gc          ] Allocation Stall (Executor task launch worker for task 3.0 in stage 0.0 (TID 3)) 1.659ms
[103.066s][info][gc          ] Allocation Stall (Executor task launch worker for task 30.0 in stage 0.0 (TID 30)) 1.692ms
[103.066s][info][gc          ] Allocation Stall (Executor task launch worker for task 13.0 in stage 0.0 (TID 13)) 1.649ms
[103.066s][info][gc          ] Allocation Stall (Executor task launch worker for task 45.0 in stage 0.0 (TID 45)) 1.685ms
[103.066s][info][gc          ] Allocation Stall (Executor task launch worker for task 37.0 in stage 0.0 (TID 37)) 1.677ms
[103.066s][info][gc          ] Allocation Stall (Executor task launch worker for task 40.0 in stage 0.0 (TID 40)) 1.685ms
[103.070s][info][gc          ] Allocation Stall (Executor task launch worker for task 4.0 in stage 0.0 (TID 4)) 5.615ms
[103.070s][info][gc          ] Allocation Stall (Executor task launch worker for task 8.0 in stage 0.0 (TID 8)) 5.542ms
[103.070s][info][gc          ] Allocation Stall (Executor task launch worker for task 34.0 in stage 0.0 (TID 34)) 5.584ms
[103.070s][info][gc          ] Allocation Stall (Executor task launch worker for task 24.0 in stage 0.0 (TID 24)) 5.606ms
[103.070s][info][gc          ] Allocation Stall (Executor task launch worker for task 6.0 in stage 0.0 (TID 6)) 5.672ms
[103.070s][info][gc          ] Allocation Stall (Executor task launch worker for task 5.0 in stage 0.0 (TID 5)) 5.677ms
[103.071s][info][gc          ] Allocation Stall (Executor task launch worker for task 19.0 in stage 0.0 (TID 19)) 5.982ms
[103.071s][info][gc          ] Allocation Stall (Executor task launch worker for task 32.0 in stage 0.0 (TID 32)) 6.009ms
[103.071s][info][gc          ] Allocation Stall (Executor task launch worker for task 12.0 in stage 0.0 (TID 12)) 5.776ms
[103.098s][info][gc,phases   ] GC(51) Concurrent Mark 37.635ms
[103.098s][info][gc,phases   ] GC(51) Pause Mark End 0.016ms
[103.098s][info][gc,phases   ] GC(51) Concurrent Mark Free 0.001ms
[103.099s][info][gc,phases   ] GC(51) Concurrent Process Non-Strong References 1.017ms
[103.099s][info][gc,phases   ] GC(51) Concurrent Reset Relocation Set 0.008ms
[103.099s][info][gc          ] Allocation Stall (Executor task launch worker for task 32.0 in stage 0.0 (TID 32)) 21.531ms
[103.099s][info][gc          ] Allocation Stall (Executor task launch worker for task 44.0 in stage 0.0 (TID 44)) 20.908ms
[103.099s][info][gc          ] Allocation Stall (Executor task launch worker for task 20.0 in stage 0.0 (TID 20)) 21.165ms
[103.099s][info][gc          ] Allocation Stall (Executor task launch worker for task 23.0 in stage 0.0 (TID 23)) 20.868ms
[103.099s][info][gc          ] Allocation Stall (Executor task launch worker for task 39.0 in stage 0.0 (TID 39)) 21.359ms
[103.099s][info][gc          ] Allocation Stall (Executor task launch worker for task 1.0 in stage 0.0 (TID 1)) 26.496ms
[103.099s][info][gc          ] Allocation Stall (Executor task launch worker for task 8.0 in stage 0.0 (TID 8)) 21.963ms
[103.099s][info][gc          ] Allocation Stall (Executor task launch worker for task 30.0 in stage 0.0 (TID 30)) 20.851ms
[103.099s][info][gc          ] Allocation Stall (Executor task launch worker for task 16.0 in stage 0.0 (TID 16)) 25.317ms
[103.099s][info][gc          ] Allocation Stall (Executor task launch worker for task 46.0 in stage 0.0 (TID 46)) 20.900ms
[103.099s][info][gc          ] Allocation Stall (Executor task launch worker for task 41.0 in stage 0.0 (TID 41)) 21.495ms
[103.099s][info][gc          ] Allocation Stall (Executor task launch worker for task 29.0 in stage 0.0 (TID 29)) 20.815ms
[103.099s][info][gc          ] Allocation Stall (Executor task launch worker for task 22.0 in stage 0.0 (TID 22)) 20.416ms
[103.099s][info][gc          ] Allocation Stall (Executor task launch worker for task 37.0 in stage 0.0 (TID 37)) 20.903ms
[103.099s][info][gc          ] Allocation Stall (Executor task launch worker for task 43.0 in stage 0.0 (TID 43)) 21.757ms
[103.099s][info][gc          ] Allocation Stall (Executor task launch worker for task 38.0 in stage 0.0 (TID 38)) 27.593ms
[103.099s][info][gc          ] Allocation Stall (Executor task launch worker for task 31.0 in stage 0.0 (TID 31)) 22.181ms
[103.099s][info][gc          ] Allocation Stall (Executor task launch worker for task 36.0 in stage 0.0 (TID 36)) 21.543ms
[103.099s][info][gc          ] Allocation Stall (Executor task launch worker for task 12.0 in stage 0.0 (TID 12)) 22.148ms
[103.099s][info][gc          ] Allocation Stall (Executor task launch worker for task 5.0 in stage 0.0 (TID 5)) 23.141ms
[103.099s][info][gc          ] Allocation Stall (Executor task launch worker for task 6.0 in stage 0.0 (TID 6)) 21.934ms
[103.099s][info][gc          ] Allocation Stall (Executor task launch worker for task 27.0 in stage 0.0 (TID 27)) 23.930ms
[103.099s][info][gc          ] Allocation Stall (Executor task launch worker for task 34.0 in stage 0.0 (TID 34)) 22.300ms
[103.099s][info][gc          ] Allocation Stall (Executor task launch worker for task 7.0 in stage 0.0 (TID 7)) 21.466ms
[103.099s][info][gc          ] Allocation Stall (Executor task launch worker for task 28.0 in stage 0.0 (TID 28)) 23.539ms
[103.099s][info][gc          ] Allocation Stall (Executor task launch worker for task 19.0 in stage 0.0 (TID 19)) 21.386ms
[103.099s][info][gc          ] Allocation Stall (Executor task launch worker for task 10.0 in stage 0.0 (TID 10)) 21.622ms
[103.099s][info][gc          ] Allocation Stall (Executor task launch worker for task 15.0 in stage 0.0 (TID 15)) 20.831ms
[103.099s][info][gc          ] Allocation Stall (Executor task launch worker for task 11.0 in stage 0.0 (TID 11)) 25.696ms
[103.099s][info][gc          ] Allocation Stall (Executor task launch worker for task 24.0 in stage 0.0 (TID 24)) 22.371ms
[103.099s][info][gc          ] Allocation Stall (Executor task launch worker for task 17.0 in stage 0.0 (TID 17)) 21.973ms
[103.100s][info][gc          ] Allocation Stall (Executor task launch worker for task 25.0 in stage 0.0 (TID 25)) 27.657ms
[103.100s][info][gc          ] Allocation Stall (Executor task launch worker for task 42.0 in stage 0.0 (TID 42)) 22.135ms
[103.100s][info][gc          ] Allocation Stall (Executor task launch worker for task 47.0 in stage 0.0 (TID 47)) 25.651ms
[103.100s][info][gc          ] Allocation Stall (Executor task launch worker for task 21.0 in stage 0.0 (TID 21)) 27.178ms
[103.100s][info][gc          ] Allocation Stall (Executor task launch worker for task 3.0 in stage 0.0 (TID 3)) 21.186ms
[103.100s][info][gc          ] Allocation Stall (Executor task launch worker for task 4.0 in stage 0.0 (TID 4)) 22.267ms
[103.100s][info][gc          ] Allocation Stall (Executor task launch worker for task 45.0 in stage 0.0 (TID 45)) 25.683ms
[103.100s][info][gc          ] Allocation Stall (Executor task launch worker for task 14.0 in stage 0.0 (TID 14)) 21.911ms
[103.100s][info][gc          ] Allocation Stall (Executor task launch worker for task 40.0 in stage 0.0 (TID 40)) 24.862ms
[103.100s][info][gc          ] Allocation Stall (Executor task launch worker for task 9.0 in stage 0.0 (TID 9)) 26.964ms
[103.100s][info][gc          ] Allocation Stall (Executor task launch worker for task 35.0 in stage 0.0 (TID 35)) 25.919ms
[103.100s][info][gc          ] Allocation Stall (Executor task launch worker for task 26.0 in stage 0.0 (TID 26)) 21.580ms
[103.100s][info][gc          ] Allocation Stall (Executor task launch worker for task 2.0 in stage 0.0 (TID 2)) 17.537ms
[103.100s][info][gc          ] Allocation Stall (Executor task launch worker for task 13.0 in stage 0.0 (TID 13)) 26.623ms
[103.100s][info][gc          ] Allocation Stall (Executor task launch worker for task 18.0 in stage 0.0 (TID 18)) 21.835ms
[103.100s][info][gc          ] Allocation Stall (Executor task launch worker for task 33.0 in stage 0.0 (TID 33)) 27.036ms
[103.100s][info][gc          ] Allocation Stall (Executor task launch worker for task 0.0 in stage 0.0 (TID 0)) 25.657ms
[103.100s][info][gc          ] Allocation Stall (Spark Context Cleaner) 1.499ms
[103.103s][info][gc,phases   ] GC(51) Concurrent Select Relocation Set 3.541ms
[103.218s][info][gc,phases   ] GC(51) Pause Relocate Start 0.009ms
[103.223s][info][gc          ] Relocation Stall (Executor task launch worker for task 24.0 in stage 0.0 (TID 24)) 0.002ms
[103.224s][info][gc          ] Relocation Stall (Executor task launch worker for task 43.0 in stage 0.0 (TID 43)) 0.584ms
[103.237s][info][gc          ] Relocation Stall (Executor task launch worker for task 15.0 in stage 0.0 (TID 15)) 13.620ms
[103.239s][info][gc          ] Relocation Stall (Executor task launch worker for task 13.0 in stage 0.0 (TID 13)) 15.816ms
[103.247s][info][gc          ] Relocation Stall (Executor task launch worker for task 17.0 in stage 0.0 (TID 17)) 23.558ms
[103.266s][info][gc          ] Relocation Stall (Executor task launch worker for task 43.0 in stage 0.0 (TID 43)) 42.191ms
[103.266s][info][gc          ] Relocation Stall (Executor task launch worker for task 17.0 in stage 0.0 (TID 17)) 19.176ms
[103.266s][info][gc          ] Allocation Stall (Executor task launch worker for task 20.0 in stage 0.0 (TID 20)) 26.123ms
[103.266s][info][gc          ] Allocation Stall (Executor task launch worker for task 46.0 in stage 0.0 (TID 46)) 15.081ms
[103.266s][info][gc          ] Allocation Stall (Executor task launch worker for task 14.0 in stage 0.0 (TID 14)) 15.285ms
[103.266s][info][gc          ] Allocation Stall (Executor task launch worker for task 29.0 in stage 0.0 (TID 29)) 14.900ms
[103.266s][info][gc          ] Allocation Stall (Executor task launch worker for task 10.0 in stage 0.0 (TID 10)) 14.918ms
[103.266s][info][gc          ] Allocation Stall (Executor task launch worker for task 7.0 in stage 0.0 (TID 7)) 14.714ms
[103.266s][info][gc          ] Allocation Stall (Executor task launch worker for task 37.0 in stage 0.0 (TID 37)) 14.792ms
[103.266s][info][gc          ] Allocation Stall (Executor task launch worker for task 35.0 in stage 0.0 (TID 35)) 15.088ms
[103.266s][info][gc          ] Allocation Stall (Executor task launch worker for task 16.0 in stage 0.0 (TID 16)) 15.867ms
[103.266s][info][gc          ] Allocation Stall (Executor task launch worker for task 24.0 in stage 0.0 (TID 24)) 16.129ms
[103.266s][info][gc          ] Allocation Stall (Executor task launch worker for task 28.0 in stage 0.0 (TID 28)) 14.082ms
[103.266s][info][gc          ] Allocation Stall (Executor task launch worker for task 9.0 in stage 0.0 (TID 9)) 16.614ms
[103.266s][info][gc          ] Allocation Stall (Executor task launch worker for task 39.0 in stage 0.0 (TID 39)) 16.737ms
[103.266s][info][gc          ] Allocation Stall (Executor task launch worker for task 4.0 in stage 0.0 (TID 4)) 15.104ms
[103.266s][info][gc          ] Allocation Stall (Executor task launch worker for task 38.0 in stage 0.0 (TID 38)) 17.888ms
[103.266s][info][gc          ] Allocation Stall (Executor task launch worker for task 2.0 in stage 0.0 (TID 2)) 16.054ms
[103.266s][info][gc          ] Allocation Stall (Executor task launch worker for task 26.0 in stage 0.0 (TID 26)) 17.554ms
[103.266s][info][gc          ] Allocation Stall (Executor task launch worker for task 42.0 in stage 0.0 (TID 42)) 13.486ms
[103.267s][info][gc          ] Allocation Stall (Executor task launch worker for task 6.0 in stage 0.0 (TID 6)) 13.436ms
[103.267s][info][gc          ] Allocation Stall (Executor task launch worker for task 23.0 in stage 0.0 (TID 23)) 13.470ms
[103.267s][info][gc          ] Allocation Stall (Executor task launch worker for task 22.0 in stage 0.0 (TID 22)) 13.412ms
[103.267s][info][gc          ] Allocation Stall (Executor task launch worker for task 36.0 in stage 0.0 (TID 36)) 13.046ms
[103.267s][info][gc          ] Allocation Stall (Executor task launch worker for task 11.0 in stage 0.0 (TID 11)) 12.831ms
[103.267s][info][gc          ] Relocation Stall (Executor task launch worker for task 25.0 in stage 0.0 (TID 25)) 19.944ms
[103.267s][info][gc,phases   ] GC(51) Concurrent Relocate 46.090ms
[103.267s][info][gc          ] Allocation Stall (Executor task launch worker for task 34.0 in stage 0.0 (TID 34)) 12.868ms
[103.267s][info][gc          ] Allocation Stall (Executor task launch worker for task 15.0 in stage 0.0 (TID 15)) 12.562ms
[103.267s][info][gc,load     ] GC(51) Load: 0.00/0.00/0.00
[103.267s][info][gc          ] Allocation Stall (Executor task launch worker for task 0.0 in stage 0.0 (TID 0)) 12.565ms
[103.267s][info][gc          ] Allocation Stall (Executor task launch worker for task 19.0 in stage 0.0 (TID 19)) 12.571ms
[103.267s][info][gc,mmu      ] GC(51) MMU: 2ms/94.2%, 5ms/97.7%, 10ms/98.8%, 20ms/99.3%, 50ms/99.7%, 100ms/99.9%
[103.267s][info][gc          ] Allocation Stall (Executor task launch worker for task 47.0 in stage 0.0 (TID 47)) 12.436ms
[103.267s][info][gc,marking  ] GC(51) Mark: 8 stripe(s), 3 proactive flush(es), 1 terminate flush(es), 0 completion(s), 0 continuation(s) 
[103.267s][info][gc          ] Allocation Stall (Executor task launch worker for task 12.0 in stage 0.0 (TID 12)) 12.335ms
[103.267s][info][gc,marking  ] GC(51) Mark Stack Usage: 32M
[103.267s][info][gc          ] Allocation Stall (Executor task launch worker for task 27.0 in stage 0.0 (TID 27)) 12.326ms
[103.267s][info][gc          ] Allocation Stall (Executor task launch worker for task 33.0 in stage 0.0 (TID 33)) 12.119ms
[103.267s][info][gc,nmethod  ] GC(51) NMethods: 2155 registered, 77 unregistered
[103.267s][info][gc          ] Allocation Stall (Executor task launch worker for task 31.0 in stage 0.0 (TID 31)) 11.863ms
[103.267s][info][gc          ] Allocation Stall (Executor task launch worker for task 13.0 in stage 0.0 (TID 13)) 11.595ms
[103.267s][info][gc,metaspace] GC(51) Metaspace: 112M used, 124M committed, 1152M reserved
[103.267s][info][gc          ] Allocation Stall (Executor task launch worker for task 41.0 in stage 0.0 (TID 41)) 11.586ms
[103.267s][info][gc          ] Allocation Stall (Executor task launch worker for task 32.0 in stage 0.0 (TID 32)) 11.343ms
[103.267s][info][gc,ref      ] GC(51) Soft: 2800 encountered, 2272 discovered, 0 enqueued
[103.267s][info][gc          ] Allocation Stall (Executor task launch worker for task 40.0 in stage 0.0 (TID 40)) 11.125ms
[103.267s][info][gc,ref      ] GC(51) Weak: 12965 encountered, 2835 discovered, 1 enqueued
[103.268s][info][gc          ] Allocation Stall (Executor task launch worker for task 21.0 in stage 0.0 (TID 21)) 11.111ms
[103.268s][info][gc,ref      ] GC(51) Final: 62 encountered, 6 discovered, 0 enqueued
[103.268s][info][gc          ] Allocation Stall (Executor task launch worker for task 8.0 in stage 0.0 (TID 8)) 10.868ms
[103.268s][info][gc,ref      ] GC(51) Phantom: 750 encountered, 509 discovered, 0 enqueued
[103.268s][info][gc          ] Allocation Stall (Executor task launch worker for task 44.0 in stage 0.0 (TID 44)) 10.852ms
[103.268s][info][gc,reloc    ] GC(51) Small Pages: 192 / 384M, Empty: 232M, Relocated: 4M, In-Place: 1
[103.268s][info][gc          ] Allocation Stall (Executor task launch worker for task 45.0 in stage 0.0 (TID 45)) 10.380ms
[103.268s][info][gc,reloc    ] GC(51) Medium Pages: 16 / 512M, Empty: 0M, Relocated: 48M, In-Place: 2
[103.268s][info][gc          ] Allocation Stall (Executor task launch worker for task 3.0 in stage 0.0 (TID 3)) 10.323ms
[103.268s][info][gc,reloc    ] GC(51) Large Pages: 5 / 40M, Empty: 16M, Relocated: 0M, In-Place: 0
[103.268s][info][gc          ] Allocation Stall (Executor task launch worker for task 1.0 in stage 0.0 (TID 1)) 9.491ms
[103.268s][info][gc,reloc    ] GC(51) Forwarding Usage: 0M
[103.268s][info][gc,heap     ] GC(51) Min Capacity: 8M(1%)
[103.268s][info][gc,heap     ] GC(51) Max Capacity: 1024M(100%)
[103.268s][info][gc,heap     ] GC(51) Soft Max Capacity: 1024M(100%)
[103.268s][info][gc,heap     ] GC(51)                Mark Start          Mark End        Relocate Start      Relocate End           High               Low         
[103.268s][info][gc,heap     ] GC(51)  Capacity:     1024M (100%)       1024M (100%)       1024M (100%)       1024M (100%)       1024M (100%)       1024M (100%)   
[103.268s][info][gc,heap     ] GC(51)      Free:       88M (9%)            0M (0%)           16M (2%)            0M (0%)          230M (22%)           0M (0%)     
[103.268s][info][gc,heap     ] GC(51)      Used:      936M (91%)        1024M (100%)       1008M (98%)        1024M (100%)       1024M (100%)        794M (78%)    
[103.268s][info][gc,heap     ] GC(51)      Live:         -               509M (50%)         509M (50%)         509M (50%)            -                  -          
[103.268s][info][gc,heap     ] GC(51) Allocated:         -                88M (9%)          320M (31%)         416M (41%)            -                  -          
[103.268s][info][gc,heap     ] GC(51)   Garbage:         -               426M (42%)         178M (17%)          98M (10%)            -                  -          
[103.268s][info][gc,heap     ] GC(51) Reclaimed:         -                  -               248M (24%)         328M (32%)            -                  -          
[103.268s][info][gc          ] GC(51) Garbage Collection (Allocation Stall) 936M(91%)->1024M(100%)
[103.268s][info][gc,start    ] GC(52) Garbage Collection (Allocation Stall)
[103.268s][info][gc,ref      ] GC(52) Clearing All SoftReferences
[103.268s][info][gc,task     ] GC(52) Using 10 workers
[103.269s][info][gc,ref      ] GC(52) Clearing All SoftReferences
[103.269s][info][gc,phases   ] GC(52) Pause Mark Start 0.033ms
[103.269s][info][gc          ] Allocation Stall (Executor task launch worker for task 5.0 in stage 0.0 (TID 5)) 8.775ms
[103.269s][info][gc          ] Allocation Stall (Executor task launch worker for task 18.0 in stage 0.0 (TID 18)) 10.619ms
[103.269s][info][gc          ] Allocation Stall (Executor task launch worker for task 17.0 in stage 0.0 (TID 17)) 2.732ms
[103.269s][info][gc          ] Allocation Stall (Executor task launch worker for task 43.0 in stage 0.0 (TID 43)) 2.727ms
[103.269s][info][gc          ] Allocation Stall (Executor task launch worker for task 30.0 in stage 0.0 (TID 30)) 9.239ms
[103.301s][info][gc,phases   ] GC(52) Concurrent Mark 32.013ms
[103.301s][info][gc,phases   ] GC(52) Pause Mark End 0.015ms
[103.301s][info][gc,phases   ] GC(52) Concurrent Mark Free 0.001ms
[103.302s][info][gc,phases   ] GC(52) Concurrent Process Non-Strong References 0.759ms
[103.302s][info][gc,phases   ] GC(52) Concurrent Reset Relocation Set 0.005ms
[103.302s][info][gc          ] Allocation Stall (Executor task launch worker for task 41.0 in stage 0.0 (TID 41)) 17.643ms
[103.302s][info][gc          ] Allocation Stall (Executor task launch worker for task 8.0 in stage 0.0 (TID 8)) 17.264ms
[103.302s][info][gc          ] Allocation Stall (Executor task launch worker for task 9.0 in stage 0.0 (TID 9)) 17.977ms
[103.302s][info][gc          ] Allocation Stall (Executor task launch worker for task 30.0 in stage 0.0 (TID 30)) 17.847ms
[103.302s][info][gc          ] Allocation Stall (Executor task launch worker for task 15.0 in stage 0.0 (TID 15)) 18.425ms
[103.302s][info][gc          ] Allocation Stall (Executor task launch worker for task 14.0 in stage 0.0 (TID 14)) 17.650ms
[103.302s][info][gc          ] Allocation Stall (Executor task launch worker for task 31.0 in stage 0.0 (TID 31)) 18.442ms
[103.302s][info][gc          ] Allocation Stall (Executor task launch worker for task 2.0 in stage 0.0 (TID 2)) 17.402ms
[103.302s][info][gc          ] Allocation Stall (Executor task launch worker for task 1.0 in stage 0.0 (TID 1)) 18.260ms
[103.302s][info][gc          ] Allocation Stall (Executor task launch worker for task 23.0 in stage 0.0 (TID 23)) 17.752ms
[103.302s][info][gc          ] Allocation Stall (Executor task launch worker for task 18.0 in stage 0.0 (TID 18)) 21.302ms
[103.302s][info][gc          ] Allocation Stall (Executor task launch worker for task 11.0 in stage 0.0 (TID 11)) 17.742ms
[103.302s][info][gc          ] Allocation Stall (Executor task launch worker for task 45.0 in stage 0.0 (TID 45)) 17.401ms
[103.302s][info][gc          ] Allocation Stall (Executor task launch worker for task 35.0 in stage 0.0 (TID 35)) 17.250ms
[103.302s][info][gc          ] Allocation Stall (Executor task launch worker for task 29.0 in stage 0.0 (TID 29)) 17.630ms
[103.302s][info][gc          ] Allocation Stall (Executor task launch worker for task 36.0 in stage 0.0 (TID 36)) 17.644ms
[103.302s][info][gc          ] Allocation Stall (Executor task launch worker for task 13.0 in stage 0.0 (TID 13)) 17.985ms
[103.302s][info][gc          ] Allocation Stall (Executor task launch worker for task 25.0 in stage 0.0 (TID 25)) 17.531ms
[103.302s][info][gc          ] Allocation Stall (Executor task launch worker for task 22.0 in stage 0.0 (TID 22)) 21.386ms
[103.302s][info][gc          ] Allocation Stall (Executor task launch worker for task 6.0 in stage 0.0 (TID 6)) 17.548ms
[103.302s][info][gc          ] Allocation Stall (Executor task launch worker for task 20.0 in stage 0.0 (TID 20)) 17.671ms
[103.302s][info][gc          ] Allocation Stall (Executor task launch worker for task 33.0 in stage 0.0 (TID 33)) 17.849ms
[103.302s][info][gc          ] Allocation Stall (Executor task launch worker for task 44.0 in stage 0.0 (TID 44)) 18.160ms
[103.302s][info][gc          ] Allocation Stall (Executor task launch worker for task 43.0 in stage 0.0 (TID 43)) 18.244ms
[103.302s][info][gc          ] Allocation Stall (Executor task launch worker for task 27.0 in stage 0.0 (TID 27)) 18.412ms
[103.302s][info][gc          ] Allocation Stall (Executor task launch worker for task 24.0 in stage 0.0 (TID 24)) 18.550ms
[103.302s][info][gc          ] Allocation Stall (Executor task launch worker for task 37.0 in stage 0.0 (TID 37)) 21.337ms
[103.302s][info][gc          ] Allocation Stall (Executor task launch worker for task 26.0 in stage 0.0 (TID 26)) 18.643ms
[103.302s][info][gc          ] Allocation Stall (Executor task launch worker for task 32.0 in stage 0.0 (TID 32)) 18.784ms
[103.302s][info][gc          ] Allocation Stall (Executor task launch worker for task 3.0 in stage 0.0 (TID 3)) 22.299ms
[103.302s][info][gc          ] Allocation Stall (Executor task launch worker for task 19.0 in stage 0.0 (TID 19)) 18.884ms
[103.302s][info][gc          ] Allocation Stall (Executor task launch worker for task 7.0 in stage 0.0 (TID 7)) 21.773ms
[103.302s][info][gc          ] Allocation Stall (Executor task launch worker for task 10.0 in stage 0.0 (TID 10)) 21.842ms
[103.302s][info][gc          ] Allocation Stall (Executor task launch worker for task 12.0 in stage 0.0 (TID 12)) 19.328ms
[103.302s][info][gc          ] Allocation Stall (Executor task launch worker for task 42.0 in stage 0.0 (TID 42)) 18.937ms
[103.302s][info][gc          ] Allocation Stall (Executor task launch worker for task 0.0 in stage 0.0 (TID 0)) 21.741ms
[103.302s][info][gc          ] Allocation Stall (Executor task launch worker for task 4.0 in stage 0.0 (TID 4)) 21.635ms
[103.302s][info][gc          ] Allocation Stall (Executor task launch worker for task 47.0 in stage 0.0 (TID 47)) 21.741ms
[103.302s][info][gc          ] Allocation Stall (Executor task launch worker for task 40.0 in stage 0.0 (TID 40)) 19.861ms
[103.302s][info][gc          ] Allocation Stall (Executor task launch worker for task 39.0 in stage 0.0 (TID 39)) 19.975ms
[103.302s][info][gc          ] Allocation Stall (Executor task launch worker for task 21.0 in stage 0.0 (TID 21)) 21.546ms
[103.302s][info][gc          ] Allocation Stall (Executor task launch worker for task 38.0 in stage 0.0 (TID 38)) 21.497ms
[103.302s][info][gc          ] Allocation Stall (Executor task launch worker for task 46.0 in stage 0.0 (TID 46)) 21.596ms
[103.302s][info][gc          ] Allocation Stall (Executor task launch worker for task 16.0 in stage 0.0 (TID 16)) 21.431ms
[103.302s][info][gc          ] Allocation Stall (Executor task launch worker for task 28.0 in stage 0.0 (TID 28)) 21.466ms
[103.302s][info][gc          ] Allocation Stall (Executor task launch worker for task 34.0 in stage 0.0 (TID 34)) 20.182ms
[103.302s][info][gc          ] Allocation Stall (Executor task launch worker for task 5.0 in stage 0.0 (TID 5)) 20.204ms
[103.302s][info][gc          ] Allocation Stall (Executor task launch worker for task 17.0 in stage 0.0 (TID 17)) 21.435ms
[103.306s][info][gc,phases   ] GC(52) Concurrent Select Relocation Set 3.488ms
[103.307s][info][gc,phases   ] GC(52) Pause Relocate Start 0.006ms
[103.321s][info][gc          ] Allocation Stall (Executor task launch worker for task 33.0 in stage 0.0 (TID 33)) 10.485ms
[103.321s][info][gc          ] Allocation Stall (Executor task launch worker for task 4.0 in stage 0.0 (TID 4)) 8.651ms
[103.321s][info][gc          ] Allocation Stall (Executor task launch worker for task 42.0 in stage 0.0 (TID 42)) 7.545ms
[103.321s][info][gc          ] Allocation Stall (Executor task launch worker for task 11.0 in stage 0.0 (TID 11)) 6.788ms
[103.321s][info][gc          ] Allocation Stall (Executor task launch worker for task 34.0 in stage 0.0 (TID 34)) 5.501ms
[103.321s][info][gc          ] Allocation Stall (Executor task launch worker for task 16.0 in stage 0.0 (TID 16)) 3.217ms
[103.321s][info][gc          ] Allocation Stall (Executor task launch worker for task 40.0 in stage 0.0 (TID 40)) 4.687ms
[103.321s][info][gc          ] Allocation Stall (Executor task launch worker for task 6.0 in stage 0.0 (TID 6)) 5.171ms
[103.321s][info][gc          ] Allocation Stall (Executor task launch worker for task 7.0 in stage 0.0 (TID 7)) 4.127ms
[103.321s][info][gc          ] Allocation Stall (Executor task launch worker for task 45.0 in stage 0.0 (TID 45)) 3.243ms
[103.321s][info][gc          ] Allocation Stall (Executor task launch worker for task 32.0 in stage 0.0 (TID 32)) 5.258ms
[103.321s][info][gc          ] Allocation Stall (Executor task launch worker for task 26.0 in stage 0.0 (TID 26)) 5.236ms
[103.321s][info][gc          ] Allocation Stall (Executor task launch worker for task 36.0 in stage 0.0 (TID 36)) 3.513ms
[103.321s][info][gc          ] Allocation Stall (Executor task launch worker for task 1.0 in stage 0.0 (TID 1)) 5.631ms
[103.321s][info][gc          ] Allocation Stall (Executor task launch worker for task 27.0 in stage 0.0 (TID 27)) 5.627ms
[103.321s][info][gc          ] Allocation Stall (Executor task launch worker for task 46.0 in stage 0.0 (TID 46)) 5.595ms
[103.321s][info][gc          ] Allocation Stall (Executor task launch worker for task 35.0 in stage 0.0 (TID 35)) 5.596ms
[103.321s][info][gc          ] Allocation Stall (Executor task launch worker for task 8.0 in stage 0.0 (TID 8)) 5.588ms
[103.321s][info][gc          ] Allocation Stall (Executor task launch worker for task 24.0 in stage 0.0 (TID 24)) 5.559ms
[103.321s][info][gc          ] Allocation Stall (Executor task launch worker for task 31.0 in stage 0.0 (TID 31)) 5.558ms
[103.328s][info][gc          ] Allocation Stall (Executor task launch worker for task 13.0 in stage 0.0 (TID 13)) 8.536ms
[103.328s][info][gc          ] Allocation Stall (Executor task launch worker for task 37.0 in stage 0.0 (TID 37)) 8.528ms
[103.328s][info][gc          ] Allocation Stall (Executor task launch worker for task 28.0 in stage 0.0 (TID 28)) 9.419ms
[103.328s][info][gc          ] Allocation Stall (Executor task launch worker for task 19.0 in stage 0.0 (TID 19)) 9.399ms
[103.328s][info][gc          ] Allocation Stall (Executor task launch worker for task 12.0 in stage 0.0 (TID 12)) 9.197ms
[103.328s][info][gc          ] Allocation Stall (Executor task launch worker for task 21.0 in stage 0.0 (TID 21)) 9.204ms
[103.328s][info][gc          ] Allocation Stall (Executor task launch worker for task 29.0 in stage 0.0 (TID 29)) 9.201ms
[103.328s][info][gc          ] Allocation Stall (Executor task launch worker for task 41.0 in stage 0.0 (TID 41)) 8.557ms
[103.328s][info][gc          ] Allocation Stall (Executor task launch worker for task 10.0 in stage 0.0 (TID 10)) 8.928ms
[103.328s][info][gc          ] Allocation Stall (Executor task launch worker for task 23.0 in stage 0.0 (TID 23)) 8.557ms
[103.328s][info][gc          ] Allocation Stall (Executor task launch worker for task 39.0 in stage 0.0 (TID 39)) 8.515ms
[103.329s][info][gc          ] Allocation Stall (Executor task launch worker for task 3.0 in stage 0.0 (TID 3)) 9.819ms
[103.329s][info][gc          ] Allocation Stall (Executor task launch worker for task 38.0 in stage 0.0 (TID 38)) 9.839ms
[103.329s][info][gc          ] Allocation Stall (Executor task launch worker for task 18.0 in stage 0.0 (TID 18)) 9.966ms
[103.329s][info][gc          ] Allocation Stall (Executor task launch worker for task 15.0 in stage 0.0 (TID 15)) 9.976ms
[103.329s][info][gc          ] Allocation Stall (Executor task launch worker for task 5.0 in stage 0.0 (TID 5)) 9.973ms
[103.329s][info][gc          ] Allocation Stall (Executor task launch worker for task 47.0 in stage 0.0 (TID 47)) 10.022ms
[103.329s][info][gc          ] Allocation Stall (Executor task launch worker for task 44.0 in stage 0.0 (TID 44)) 10.013ms
[103.329s][info][gc          ] Allocation Stall (Executor task launch worker for task 14.0 in stage 0.0 (TID 14)) 10.048ms
[103.329s][info][gc          ] Allocation Stall (Executor task launch worker for task 2.0 in stage 0.0 (TID 2)) 10.152ms
[103.329s][info][gc          ] Allocation Stall (Executor task launch worker for task 22.0 in stage 0.0 (TID 22)) 10.328ms
[103.473s][info][gc,phases   ] GC(52) Concurrent Relocate 165.464ms
[103.473s][info][gc,load     ] GC(52) Load: 0.00/0.00/0.00
[103.473s][info][gc,mmu      ] GC(52) MMU: 2ms/94.2%, 5ms/97.7%, 10ms/98.8%, 20ms/99.3%, 50ms/99.7%, 100ms/99.9%
[103.473s][info][gc,marking  ] GC(52) Mark: 8 stripe(s), 2 proactive flush(es), 1 terminate flush(es), 0 completion(s), 0 continuation(s) 
[103.473s][info][gc,marking  ] GC(52) Mark Stack Usage: 32M
[103.473s][info][gc,nmethod  ] GC(52) NMethods: 2154 registered, 78 unregistered
[103.473s][info][gc,metaspace] GC(52) Metaspace: 112M used, 124M committed, 1152M reserved
[103.473s][info][gc,ref      ] GC(52) Soft: 2800 encountered, 309 discovered, 0 enqueued
[103.473s][info][gc,ref      ] GC(52) Weak: 12967 encountered, 2067 discovered, 1 enqueued
[103.473s][info][gc,ref      ] GC(52) Final: 62 encountered, 20 discovered, 0 enqueued
[103.473s][info][gc,ref      ] GC(52) Phantom: 750 encountered, 537 discovered, 0 enqueued
[103.473s][info][gc,reloc    ] GC(52) Small Pages: 218 / 436M, Empty: 266M, Relocated: 4M, In-Place: 0
[103.473s][info][gc,reloc    ] GC(52) Medium Pages: 17 / 544M, Empty: 0M, Relocated: 27M, In-Place: 0
[103.473s][info][gc,reloc    ] GC(52) Large Pages: 3 / 24M, Empty: 0M, Relocated: 0M, In-Place: 0
[103.473s][info][gc,reloc    ] GC(52) Forwarding Usage: 0M
[103.473s][info][gc,heap     ] GC(52) Min Capacity: 8M(1%)
[103.473s][info][gc,heap     ] GC(52) Max Capacity: 1024M(100%)
[103.473s][info][gc,heap     ] GC(52) Soft Max Capacity: 1024M(100%)
[103.473s][info][gc,heap     ] GC(52)                Mark Start          Mark End        Relocate Start      Relocate End           High               Low         
[103.473s][info][gc,heap     ] GC(52)  Capacity:     1024M (100%)       1024M (100%)       1024M (100%)       1024M (100%)       1024M (100%)       1024M (100%)   
[103.473s][info][gc,heap     ] GC(52)      Free:       10M (1%)            0M (0%)          248M (24%)          72M (7%)          248M (24%)           0M (0%)     
[103.473s][info][gc,heap     ] GC(52)      Used:     1014M (99%)        1024M (100%)        776M (76%)         952M (93%)        1024M (100%)        776M (76%)    
[103.473s][info][gc,heap     ] GC(52)      Live:         -               514M (50%)         514M (50%)         514M (50%)            -                  -          
[103.473s][info][gc,heap     ] GC(52) Allocated:         -                10M (1%)           28M (3%)          344M (34%)            -                  -          
[103.473s][info][gc,heap     ] GC(52)   Garbage:         -               499M (49%)         233M (23%)          92M (9%)             -                  -          
[103.473s][info][gc,heap     ] GC(52) Reclaimed:         -                  -               266M (26%)         406M (40%)            -                  -          
[103.473s][info][gc          ] GC(52) Garbage Collection (Allocation Stall) 1014M(99%)->952M(93%)
[103.513s][info][gc          ] Allocation Stall (Executor task launch worker for task 25.0 in stage 0.0 (TID 25)) 0.005ms
[103.513s][info][gc,start    ] GC(53) Garbage Collection (Allocation Stall)
[103.513s][info][gc          ] Allocation Stall (Executor task launch worker for task 16.0 in stage 0.0 (TID 16)) 0.065ms
[103.513s][info][gc,ref      ] GC(53) Clearing All SoftReferences
[103.514s][info][gc          ] Allocation Stall (Executor task launch worker for task 27.0 in stage 0.0 (TID 27)) 0.129ms
[103.514s][info][gc,task     ] GC(53) Using 10 workers
[103.514s][info][gc          ] Allocation Stall (Executor task launch worker for task 11.0 in stage 0.0 (TID 11)) 0.288ms
[103.520s][info][gc,ref      ] GC(53) Clearing All SoftReferences
[103.520s][info][gc,phases   ] GC(53) Pause Mark Start 0.038ms
[103.551s][info][gc,phases   ] GC(53) Concurrent Mark 24.131ms
[103.551s][info][gc,phases   ] GC(53) Pause Mark End 0.020ms
[103.551s][info][gc,phases   ] GC(53) Concurrent Mark Free 0.001ms
[103.552s][info][gc,phases   ] GC(53) Concurrent Process Non-Strong References 0.919ms
[103.552s][info][gc,phases   ] GC(53) Concurrent Reset Relocation Set 0.006ms
[103.552s][info][gc          ] Allocation Stall (Executor task launch worker for task 24.0 in stage 0.0 (TID 24)) 23.506ms
[103.552s][info][gc          ] Allocation Stall (Executor task launch worker for task 11.0 in stage 0.0 (TID 11)) 24.052ms
[103.552s][info][gc          ] Allocation Stall (Executor task launch worker for task 47.0 in stage 0.0 (TID 47)) 23.456ms
[103.552s][info][gc          ] Allocation Stall (Executor task launch worker for task 17.0 in stage 0.0 (TID 17)) 23.645ms
[103.552s][info][gc          ] Allocation Stall (Executor task launch worker for task 43.0 in stage 0.0 (TID 43)) 23.750ms
[103.552s][info][gc          ] Allocation Stall (Executor task launch worker for task 29.0 in stage 0.0 (TID 29)) 24.085ms
[103.552s][info][gc          ] Allocation Stall (Executor task launch worker for task 7.0 in stage 0.0 (TID 7)) 23.464ms
[103.552s][info][gc          ] Allocation Stall (Executor task launch worker for task 33.0 in stage 0.0 (TID 33)) 23.509ms
[103.552s][info][gc          ] Allocation Stall (Executor task launch worker for task 21.0 in stage 0.0 (TID 21)) 23.635ms
[103.552s][info][gc          ] Allocation Stall (Executor task launch worker for task 28.0 in stage 0.0 (TID 28)) 23.512ms
[103.552s][info][gc          ] Allocation Stall (Executor task launch worker for task 5.0 in stage 0.0 (TID 5)) 25.519ms
[103.552s][info][gc          ] Allocation Stall (Executor task launch worker for task 40.0 in stage 0.0 (TID 40)) 24.671ms
[103.552s][info][gc          ] Allocation Stall (Executor task launch worker for task 0.0 in stage 0.0 (TID 0)) 23.947ms
[103.552s][info][gc          ] Allocation Stall (Executor task launch worker for task 23.0 in stage 0.0 (TID 23)) 25.153ms
[103.552s][info][gc          ] Allocation Stall (Executor task launch worker for task 12.0 in stage 0.0 (TID 12)) 23.557ms
[103.552s][info][gc          ] Allocation Stall (Executor task launch worker for task 14.0 in stage 0.0 (TID 14)) 24.892ms
[103.552s][info][gc          ] Allocation Stall (Executor task launch worker for task 27.0 in stage 0.0 (TID 27)) 23.677ms
[103.552s][info][gc          ] Allocation Stall (Executor task launch worker for task 9.0 in stage 0.0 (TID 9)) 23.468ms
[103.552s][info][gc          ] Allocation Stall (Executor task launch worker for task 22.0 in stage 0.0 (TID 22)) 24.675ms
[103.552s][info][gc          ] Allocation Stall (Executor task launch worker for task 34.0 in stage 0.0 (TID 34)) 24.298ms
[103.552s][info][gc          ] Allocation Stall (Executor task launch worker for task 38.0 in stage 0.0 (TID 38)) 23.913ms
[103.552s][info][gc          ] Allocation Stall (Executor task launch worker for task 30.0 in stage 0.0 (TID 30)) 24.220ms
[103.552s][info][gc          ] Allocation Stall (Executor task launch worker for task 10.0 in stage 0.0 (TID 10)) 23.759ms
[103.552s][info][gc          ] Allocation Stall (Executor task launch worker for task 4.0 in stage 0.0 (TID 4)) 25.122ms
[103.552s][info][gc          ] Allocation Stall (Executor task launch worker for task 35.0 in stage 0.0 (TID 35)) 24.917ms
[103.552s][info][gc          ] Allocation Stall (Executor task launch worker for task 2.0 in stage 0.0 (TID 2)) 24.593ms
[103.552s][info][gc          ] Allocation Stall (Executor task launch worker for task 31.0 in stage 0.0 (TID 31)) 25.032ms
[103.552s][info][gc          ] Allocation Stall (Executor task launch worker for task 26.0 in stage 0.0 (TID 26)) 28.297ms
[103.552s][info][gc          ] Allocation Stall (Executor task launch worker for task 8.0 in stage 0.0 (TID 8)) 23.657ms
[103.552s][info][gc          ] Allocation Stall (Executor task launch worker for task 32.0 in stage 0.0 (TID 32)) 25.401ms
[103.552s][info][gc          ] Allocation Stall (Executor task launch worker for task 1.0 in stage 0.0 (TID 1)) 25.110ms
[103.552s][info][gc          ] Allocation Stall (Executor task launch worker for task 20.0 in stage 0.0 (TID 20)) 24.750ms
[103.552s][info][gc          ] Allocation Stall (Spark Context Cleaner) 1.438ms
[103.552s][info][gc          ] Allocation Stall (Executor task launch worker for task 44.0 in stage 0.0 (TID 44)) 23.902ms
[103.552s][info][gc          ] Allocation Stall (Executor task launch worker for task 18.0 in stage 0.0 (TID 18)) 23.786ms
[103.553s][info][gc          ] Allocation Stall (Executor task launch worker for task 25.0 in stage 0.0 (TID 25)) 24.455ms
[103.553s][info][gc          ] Allocation Stall (Executor task launch worker for task 45.0 in stage 0.0 (TID 45)) 24.296ms
[103.553s][info][gc          ] Allocation Stall (Executor task launch worker for task 39.0 in stage 0.0 (TID 39)) 25.517ms
[103.553s][info][gc          ] Allocation Stall (Executor task launch worker for task 3.0 in stage 0.0 (TID 3)) 24.008ms
[103.553s][info][gc          ] Allocation Stall (Executor task launch worker for task 15.0 in stage 0.0 (TID 15)) 23.140ms
[103.553s][info][gc          ] Allocation Stall (Executor task launch worker for task 19.0 in stage 0.0 (TID 19)) 23.945ms
[103.553s][info][gc          ] Allocation Stall (Executor task launch worker for task 36.0 in stage 0.0 (TID 36)) 25.122ms
[103.553s][info][gc          ] Allocation Stall (Executor task launch worker for task 46.0 in stage 0.0 (TID 46)) 24.045ms
[103.553s][info][gc          ] Allocation Stall (Executor task launch worker for task 6.0 in stage 0.0 (TID 6)) 24.929ms
[103.553s][info][gc          ] Allocation Stall (Executor task launch worker for task 16.0 in stage 0.0 (TID 16)) 24.718ms
[103.553s][info][gc          ] Allocation Stall (Executor task launch worker for task 13.0 in stage 0.0 (TID 13)) 23.907ms
[103.553s][info][gc          ] Allocation Stall (Executor task launch worker for task 42.0 in stage 0.0 (TID 42)) 25.005ms
[103.553s][info][gc          ] Allocation Stall (Executor task launch worker for task 41.0 in stage 0.0 (TID 41)) 20.557ms
[103.553s][info][gc          ] Allocation Stall (Executor task launch worker for task 37.0 in stage 0.0 (TID 37)) 24.457ms
[103.565s][info][gc,phases   ] GC(53) Concurrent Select Relocation Set 12.893ms
[103.582s][info][gc,phases   ] GC(53) Pause Relocate Start 0.008ms
[103.635s][info][gc          ] Allocation Stall (Executor task launch worker for task 1.0 in stage 0.0 (TID 1)) 15.834ms
[103.635s][info][gc          ] Allocation Stall (Executor task launch worker for task 44.0 in stage 0.0 (TID 44)) 14.305ms
[103.636s][info][gc          ] Allocation Stall (Executor task launch worker for task 45.0 in stage 0.0 (TID 45)) 13.984ms
[103.636s][info][gc          ] Allocation Stall (Executor task launch worker for task 19.0 in stage 0.0 (TID 19)) 13.960ms
[103.636s][info][gc          ] Allocation Stall (Executor task launch worker for task 2.0 in stage 0.0 (TID 2)) 14.638ms
[103.636s][info][gc          ] Allocation Stall (Executor task launch worker for task 20.0 in stage 0.0 (TID 20)) 14.617ms
[103.636s][info][gc          ] Allocation Stall (Executor task launch worker for task 40.0 in stage 0.0 (TID 40)) 14.644ms
[103.636s][info][gc          ] Allocation Stall (Executor task launch worker for task 5.0 in stage 0.0 (TID 5)) 14.582ms
[103.636s][info][gc          ] Allocation Stall (Executor task launch worker for task 29.0 in stage 0.0 (TID 29)) 14.575ms
[103.636s][info][gc          ] Allocation Stall (Executor task launch worker for task 31.0 in stage 0.0 (TID 31)) 14.579ms
[103.636s][info][gc          ] Allocation Stall (Executor task launch worker for task 33.0 in stage 0.0 (TID 33)) 14.580ms
[103.636s][info][gc          ] Allocation Stall (Executor task launch worker for task 47.0 in stage 0.0 (TID 47)) 14.579ms
[103.636s][info][gc          ] Allocation Stall (Executor task launch worker for task 30.0 in stage 0.0 (TID 30)) 14.553ms
[103.636s][info][gc          ] Allocation Stall (Executor task launch worker for task 11.0 in stage 0.0 (TID 11)) 14.553ms
[103.636s][info][gc          ] Allocation Stall (Executor task launch worker for task 15.0 in stage 0.0 (TID 15)) 14.550ms
[103.636s][info][gc          ] Allocation Stall (Executor task launch worker for task 42.0 in stage 0.0 (TID 42)) 14.550ms
[103.636s][info][gc          ] Allocation Stall (Executor task launch worker for task 7.0 in stage 0.0 (TID 7)) 14.548ms
[103.636s][info][gc          ] Allocation Stall (Executor task launch worker for task 24.0 in stage 0.0 (TID 24)) 14.248ms
[103.638s][info][gc          ] Allocation Stall (Executor task launch worker for task 28.0 in stage 0.0 (TID 28)) 16.293ms
[103.638s][info][gc          ] Allocation Stall (Executor task launch worker for task 22.0 in stage 0.0 (TID 22)) 16.289ms
[103.638s][info][gc          ] Allocation Stall (Executor task launch worker for task 17.0 in stage 0.0 (TID 17)) 16.191ms
[103.638s][info][gc          ] Allocation Stall (Executor task launch worker for task 37.0 in stage 0.0 (TID 37)) 16.041ms
[103.638s][info][gc          ] Allocation Stall (Executor task launch worker for task 35.0 in stage 0.0 (TID 35)) 15.818ms
[103.638s][info][gc          ] Allocation Stall (Executor task launch worker for task 13.0 in stage 0.0 (TID 13)) 15.784ms
[103.638s][info][gc          ] Allocation Stall (Executor task launch worker for task 32.0 in stage 0.0 (TID 32)) 15.719ms
[103.638s][info][gc          ] Allocation Stall (Executor task launch worker for task 0.0 in stage 0.0 (TID 0)) 15.860ms
[103.638s][info][gc          ] Allocation Stall (Executor task launch worker for task 9.0 in stage 0.0 (TID 9)) 15.862ms
[103.639s][info][gc          ] Allocation Stall (Executor task launch worker for task 46.0 in stage 0.0 (TID 46)) 15.810ms
[103.639s][info][gc          ] Allocation Stall (Executor task launch worker for task 6.0 in stage 0.0 (TID 6)) 15.383ms
[103.639s][info][gc          ] Allocation Stall (Executor task launch worker for task 43.0 in stage 0.0 (TID 43)) 15.328ms
[103.639s][info][gc          ] Allocation Stall (Executor task launch worker for task 27.0 in stage 0.0 (TID 27)) 15.332ms
[103.639s][info][gc          ] Allocation Stall (Executor task launch worker for task 4.0 in stage 0.0 (TID 4)) 15.018ms
[103.639s][info][gc          ] Allocation Stall (Executor task launch worker for task 8.0 in stage 0.0 (TID 8)) 14.367ms
[103.639s][info][gc          ] Allocation Stall (Executor task launch worker for task 39.0 in stage 0.0 (TID 39)) 14.412ms
[103.639s][info][gc          ] Allocation Stall (Executor task launch worker for task 38.0 in stage 0.0 (TID 38)) 14.247ms
[103.639s][info][gc          ] Allocation Stall (Executor task launch worker for task 12.0 in stage 0.0 (TID 12)) 14.230ms
[103.639s][info][gc          ] Allocation Stall (Executor task launch worker for task 14.0 in stage 0.0 (TID 14)) 13.934ms
[103.639s][info][gc          ] Allocation Stall (Executor task launch worker for task 23.0 in stage 0.0 (TID 23)) 13.481ms
[103.639s][info][gc          ] Allocation Stall (Executor task launch worker for task 36.0 in stage 0.0 (TID 36)) 13.403ms
[103.639s][info][gc          ] Allocation Stall (Executor task launch worker for task 10.0 in stage 0.0 (TID 10)) 13.048ms
[103.639s][info][gc          ] Allocation Stall (Executor task launch worker for task 34.0 in stage 0.0 (TID 34)) 7.160ms
[103.639s][info][gc          ] Allocation Stall (Executor task launch worker for task 3.0 in stage 0.0 (TID 3)) 5.261ms
[103.639s][info][gc          ] Allocation Stall (Executor task launch worker for task 41.0 in stage 0.0 (TID 41)) 4.967ms
[103.639s][info][gc          ] Allocation Stall (Executor task launch worker for task 21.0 in stage 0.0 (TID 21)) 4.604ms
[103.639s][info][gc          ] Allocation Stall (Executor task launch worker for task 25.0 in stage 0.0 (TID 25)) 4.230ms
[103.710s][info][gc          ] Allocation Stall (Executor task launch worker for task 3.0 in stage 0.0 (TID 3)) 6.898ms
[103.710s][info][gc          ] Allocation Stall (Executor task launch worker for task 13.0 in stage 0.0 (TID 13)) 6.825ms
[103.710s][info][gc          ] Allocation Stall (Executor task launch worker for task 1.0 in stage 0.0 (TID 1)) 6.800ms
[103.710s][info][gc          ] Allocation Stall (Executor task launch worker for task 36.0 in stage 0.0 (TID 36)) 6.906ms
[103.710s][info][gc          ] Allocation Stall (Executor task launch worker for task 31.0 in stage 0.0 (TID 31)) 10.981ms
[103.710s][info][gc          ] Allocation Stall (Executor task launch worker for task 21.0 in stage 0.0 (TID 21)) 6.722ms
[103.710s][info][gc          ] Allocation Stall (Executor task launch worker for task 41.0 in stage 0.0 (TID 41)) 10.977ms
[103.710s][info][gc,phases   ] GC(53) Concurrent Relocate 126.685ms
[103.710s][info][gc          ] Allocation Stall (Executor task launch worker for task 12.0 in stage 0.0 (TID 12)) 10.978ms
[103.710s][info][gc          ] Allocation Stall (Executor task launch worker for task 30.0 in stage 0.0 (TID 30)) 10.407ms
[103.710s][info][gc          ] Allocation Stall (Executor task launch worker for task 23.0 in stage 0.0 (TID 23)) 10.409ms
[103.710s][info][gc          ] Allocation Stall (Executor task launch worker for task 10.0 in stage 0.0 (TID 10)) 10.404ms
[103.710s][info][gc          ] Allocation Stall (Executor task launch worker for task 47.0 in stage 0.0 (TID 47)) 10.036ms
[103.710s][info][gc          ] Allocation Stall (Executor task launch worker for task 16.0 in stage 0.0 (TID 16)) 7.968ms
[103.710s][info][gc          ] Allocation Stall (Executor task launch worker for task 11.0 in stage 0.0 (TID 11)) 7.480ms
[103.710s][info][gc          ] Allocation Stall (Executor task launch worker for task 6.0 in stage 0.0 (TID 6)) 7.183ms
[103.710s][info][gc          ] Allocation Stall (Executor task launch worker for task 7.0 in stage 0.0 (TID 7)) 7.173ms
[103.710s][info][gc,load     ] GC(53) Load: 0.00/0.00/0.00
[103.710s][info][gc,mmu      ] GC(53) MMU: 2ms/94.2%, 5ms/97.7%, 10ms/98.8%, 20ms/99.3%, 50ms/99.7%, 100ms/99.9%
[103.710s][info][gc,marking  ] GC(53) Mark: 8 stripe(s), 3 proactive flush(es), 1 terminate flush(es), 0 completion(s), 0 continuation(s) 
[103.710s][info][gc          ] Allocation Stall (Executor task launch worker for task 2.0 in stage 0.0 (TID 2)) 6.972ms
[103.710s][info][gc,marking  ] GC(53) Mark Stack Usage: 32M
[103.710s][info][gc          ] Allocation Stall (Executor task launch worker for task 42.0 in stage 0.0 (TID 42)) 6.903ms
[103.710s][info][gc          ] Allocation Stall (Executor task launch worker for task 29.0 in stage 0.0 (TID 29)) 6.934ms
[103.710s][info][gc,nmethod  ] GC(53) NMethods: 2155 registered, 78 unregistered
[103.710s][info][gc          ] Allocation Stall (Executor task launch worker for task 19.0 in stage 0.0 (TID 19)) 6.864ms
[103.710s][info][gc          ] Allocation Stall (Executor task launch worker for task 17.0 in stage 0.0 (TID 17)) 6.873ms
[103.710s][info][gc,metaspace] GC(53) Metaspace: 112M used, 124M committed, 1152M reserved
[103.710s][info][gc          ] Allocation Stall (Executor task launch worker for task 18.0 in stage 0.0 (TID 18)) 6.876ms
[103.710s][info][gc          ] Allocation Stall (Executor task launch worker for task 24.0 in stage 0.0 (TID 24)) 6.715ms
[103.710s][info][gc,ref      ] GC(53) Soft: 2800 encountered, 391 discovered, 0 enqueued
[103.710s][info][gc          ] Allocation Stall (Executor task launch worker for task 8.0 in stage 0.0 (TID 8)) 6.530ms
[103.710s][info][gc          ] Allocation Stall (Executor task launch worker for task 22.0 in stage 0.0 (TID 22)) 6.286ms
[103.710s][info][gc,ref      ] GC(53) Weak: 12965 encountered, 2140 discovered, 0 enqueued
[103.710s][info][gc          ] Allocation Stall (Executor task launch worker for task 46.0 in stage 0.0 (TID 46)) 6.335ms
[103.710s][info][gc          ] Allocation Stall (Executor task launch worker for task 38.0 in stage 0.0 (TID 38)) 6.099ms
[103.710s][info][gc          ] Allocation Stall (Executor task launch worker for task 34.0 in stage 0.0 (TID 34)) 6.095ms
[103.710s][info][gc,ref      ] GC(53) Final: 62 encountered, 5 discovered, 0 enqueued
[103.710s][info][gc          ] Allocation Stall (Executor task launch worker for task 40.0 in stage 0.0 (TID 40)) 6.139ms
[103.710s][info][gc          ] Allocation Stall (Executor task launch worker for task 15.0 in stage 0.0 (TID 15)) 6.151ms
[103.710s][info][gc,ref      ] GC(53) Phantom: 750 encountered, 498 discovered, 0 enqueued
[103.710s][info][gc          ] Allocation Stall (Executor task launch worker for task 32.0 in stage 0.0 (TID 32)) 6.250ms
[103.710s][info][gc          ] Allocation Stall (Executor task launch worker for task 44.0 in stage 0.0 (TID 44)) 6.096ms
[103.711s][info][gc,reloc    ] GC(53) Small Pages: 222 / 444M, Empty: 282M, Relocated: 3M, In-Place: 0
[103.711s][info][gc          ] Allocation Stall (Executor task launch worker for task 9.0 in stage 0.0 (TID 9)) 6.120ms
[103.711s][info][gc          ] Allocation Stall (Executor task launch worker for task 43.0 in stage 0.0 (TID 43)) 6.064ms
[103.711s][info][gc,reloc    ] GC(53) Medium Pages: 17 / 544M, Empty: 0M, Relocated: 22M, In-Place: 0
[103.711s][info][gc          ] Allocation Stall (Executor task launch worker for task 20.0 in stage 0.0 (TID 20)) 5.875ms
[103.711s][info][gc          ] Allocation Stall (Executor task launch worker for task 0.0 in stage 0.0 (TID 0)) 5.889ms
[103.711s][info][gc,reloc    ] GC(53) Large Pages: 3 / 24M, Empty: 8M, Relocated: 0M, In-Place: 0
[103.711s][info][gc          ] Allocation Stall (Executor task launch worker for task 39.0 in stage 0.0 (TID 39)) 5.636ms
[103.711s][info][gc          ] Allocation Stall (Executor task launch worker for task 35.0 in stage 0.0 (TID 35)) 5.658ms
[103.711s][info][gc,reloc    ] GC(53) Forwarding Usage: 0M
[103.711s][info][gc          ] Allocation Stall (Executor task launch worker for task 4.0 in stage 0.0 (TID 4)) 5.662ms
[103.711s][info][gc          ] Allocation Stall (Executor task launch worker for task 45.0 in stage 0.0 (TID 45)) 5.685ms
[103.711s][info][gc          ] Allocation Stall (Executor task launch worker for task 14.0 in stage 0.0 (TID 14)) 5.384ms
[103.711s][info][gc,heap     ] GC(53) Min Capacity: 8M(1%)
[103.711s][info][gc          ] Allocation Stall (Executor task launch worker for task 37.0 in stage 0.0 (TID 37)) 5.277ms
[103.711s][info][gc          ] Allocation Stall (Executor task launch worker for task 28.0 in stage 0.0 (TID 28)) 5.236ms
[103.711s][info][gc          ] Allocation Stall (Executor task launch worker for task 25.0 in stage 0.0 (TID 25)) 5.204ms
[103.711s][info][gc,heap     ] GC(53) Max Capacity: 1024M(100%)
[103.711s][info][gc          ] Allocation Stall (Executor task launch worker for task 5.0 in stage 0.0 (TID 5)) 5.284ms
[103.711s][info][gc          ] Allocation Stall (Executor task launch worker for task 33.0 in stage 0.0 (TID 33)) 5.266ms
[103.711s][info][gc,heap     ] GC(53) Soft Max Capacity: 1024M(100%)
[103.711s][info][gc          ] Allocation Stall (Executor task launch worker for task 27.0 in stage 0.0 (TID 27)) 5.115ms
[103.711s][info][gc,heap     ] GC(53)                Mark Start          Mark End        Relocate Start      Relocate End           High               Low         
[103.711s][info][gc,heap     ] GC(53)  Capacity:     1024M (100%)       1024M (100%)       1024M (100%)       1024M (100%)       1024M (100%)       1024M (100%)   
[103.711s][info][gc,heap     ] GC(53)      Free:       12M (1%)            0M (0%)          232M (23%)           0M (0%)          260M (25%)           0M (0%)     
[103.711s][info][gc,heap     ] GC(53)      Used:     1012M (99%)        1024M (100%)        792M (77%)        1024M (100%)       1024M (100%)        764M (75%)    
[103.711s][info][gc,heap     ] GC(53)      Live:         -               522M (51%)         522M (51%)         522M (51%)            -                  -          
[103.711s][info][gc,heap     ] GC(53) Allocated:         -                12M (1%)           70M (7%)          394M (39%)            -                  -          
[103.711s][info][gc,heap     ] GC(53)   Garbage:         -               489M (48%)         199M (19%)         106M (10%)            -                  -          
[103.711s][info][gc,heap     ] GC(53) Reclaimed:         -                  -               290M (28%)         382M (37%)            -                  -          
[103.711s][info][gc          ] GC(53) Garbage Collection (Allocation Stall) 1012M(99%)->1024M(100%)
[103.727s][info][gc,start    ] GC(54) Garbage Collection (Allocation Stall)
[103.727s][info][gc,ref      ] GC(54) Clearing All SoftReferences
[103.727s][info][gc,task     ] GC(54) Using 10 workers
[103.727s][info][gc,ref      ] GC(54) Clearing All SoftReferences
[103.727s][info][gc,phases   ] GC(54) Pause Mark Start 0.038ms
[103.754s][info][gc,phases   ] GC(54) Concurrent Mark 26.911ms
[103.754s][info][gc,phases   ] GC(54) Pause Mark End 0.016ms
[103.754s][info][gc,phases   ] GC(54) Concurrent Mark Free 0.001ms
[103.755s][info][gc,phases   ] GC(54) Concurrent Process Non-Strong References 0.992ms
[103.755s][info][gc,phases   ] GC(54) Concurrent Reset Relocation Set 0.005ms
[103.756s][info][gc          ] Allocation Stall (Executor task launch worker for task 17.0 in stage 0.0 (TID 17)) 28.088ms
[103.756s][info][gc          ] Allocation Stall (Executor task launch worker for task 23.0 in stage 0.0 (TID 23)) 28.111ms
[103.756s][info][gc          ] Allocation Stall (Executor task launch worker for task 15.0 in stage 0.0 (TID 15)) 28.131ms
[103.756s][info][gc          ] Allocation Stall (Executor task launch worker for task 12.0 in stage 0.0 (TID 12)) 28.114ms
[103.756s][info][gc          ] Allocation Stall (Executor task launch worker for task 0.0 in stage 0.0 (TID 0)) 28.169ms
[103.756s][info][gc          ] Allocation Stall (Executor task launch worker for task 11.0 in stage 0.0 (TID 11)) 28.087ms
[103.756s][info][gc          ] Allocation Stall (Executor task launch worker for task 16.0 in stage 0.0 (TID 16)) 21.717ms
[103.756s][info][gc          ] Allocation Stall (Executor task launch worker for task 32.0 in stage 0.0 (TID 32)) 28.207ms
[103.756s][info][gc          ] Allocation Stall (Executor task launch worker for task 20.0 in stage 0.0 (TID 20)) 28.163ms
[103.756s][info][gc          ] Allocation Stall (Executor task launch worker for task 21.0 in stage 0.0 (TID 21)) 28.178ms
[103.756s][info][gc          ] Allocation Stall (Executor task launch worker for task 8.0 in stage 0.0 (TID 8)) 28.178ms
[103.756s][info][gc          ] Allocation Stall (Executor task launch worker for task 39.0 in stage 0.0 (TID 39)) 28.171ms
[103.756s][info][gc          ] Allocation Stall (Executor task launch worker for task 10.0 in stage 0.0 (TID 10)) 28.117ms
[103.756s][info][gc          ] Allocation Stall (Executor task launch worker for task 4.0 in stage 0.0 (TID 4)) 28.982ms
[103.756s][info][gc          ] Allocation Stall (Executor task launch worker for task 6.0 in stage 0.0 (TID 6)) 28.161ms
[103.756s][info][gc          ] Allocation Stall (Executor task launch worker for task 31.0 in stage 0.0 (TID 31)) 28.161ms
[103.756s][info][gc          ] Allocation Stall (Executor task launch worker for task 41.0 in stage 0.0 (TID 41)) 28.131ms
[103.756s][info][gc          ] Allocation Stall (Executor task launch worker for task 44.0 in stage 0.0 (TID 44)) 28.119ms
[103.756s][info][gc          ] Allocation Stall (Executor task launch worker for task 35.0 in stage 0.0 (TID 35)) 28.133ms
[103.756s][info][gc          ] Allocation Stall (Executor task launch worker for task 46.0 in stage 0.0 (TID 46)) 28.109ms
[103.756s][info][gc          ] Allocation Stall (Executor task launch worker for task 27.0 in stage 0.0 (TID 27)) 28.141ms
[103.756s][info][gc          ] Allocation Stall (Executor task launch worker for task 28.0 in stage 0.0 (TID 28)) 28.121ms
[103.756s][info][gc          ] Allocation Stall (Executor task launch worker for task 29.0 in stage 0.0 (TID 29)) 28.148ms
[103.756s][info][gc          ] Allocation Stall (Executor task launch worker for task 5.0 in stage 0.0 (TID 5)) 28.196ms
[103.756s][info][gc          ] Allocation Stall (Executor task launch worker for task 18.0 in stage 0.0 (TID 18)) 28.131ms
[103.756s][info][gc          ] Allocation Stall (Executor task launch worker for task 40.0 in stage 0.0 (TID 40)) 28.117ms
[103.756s][info][gc          ] Allocation Stall (Executor task launch worker for task 9.0 in stage 0.0 (TID 9)) 28.174ms
[103.756s][info][gc          ] Allocation Stall (Executor task launch worker for task 30.0 in stage 0.0 (TID 30)) 28.193ms
[103.756s][info][gc          ] Allocation Stall (Executor task launch worker for task 3.0 in stage 0.0 (TID 3)) 28.202ms
[103.756s][info][gc          ] Allocation Stall (Executor task launch worker for task 26.0 in stage 0.0 (TID 26)) 28.153ms
[103.756s][info][gc          ] Allocation Stall (Executor task launch worker for task 38.0 in stage 0.0 (TID 38)) 28.148ms
[103.756s][info][gc          ] Allocation Stall (Executor task launch worker for task 37.0 in stage 0.0 (TID 37)) 28.977ms
[103.756s][info][gc          ] Allocation Stall (Executor task launch worker for task 47.0 in stage 0.0 (TID 47)) 28.299ms
[103.756s][info][gc          ] Allocation Stall (Executor task launch worker for task 33.0 in stage 0.0 (TID 33)) 28.294ms
[103.756s][info][gc          ] Allocation Stall (Executor task launch worker for task 45.0 in stage 0.0 (TID 45)) 28.233ms
[103.756s][info][gc          ] Allocation Stall (Executor task launch worker for task 24.0 in stage 0.0 (TID 24)) 28.243ms
[103.756s][info][gc          ] Allocation Stall (Executor task launch worker for task 34.0 in stage 0.0 (TID 34)) 28.250ms
[103.756s][info][gc          ] Allocation Stall (Executor task launch worker for task 2.0 in stage 0.0 (TID 2)) 28.251ms
[103.756s][info][gc          ] Allocation Stall (Executor task launch worker for task 7.0 in stage 0.0 (TID 7)) 28.255ms
[103.756s][info][gc          ] Allocation Stall (Executor task launch worker for task 1.0 in stage 0.0 (TID 1)) 28.256ms
[103.756s][info][gc          ] Allocation Stall (Executor task launch worker for task 42.0 in stage 0.0 (TID 42)) 28.332ms
[103.756s][info][gc          ] Allocation Stall (Executor task launch worker for task 25.0 in stage 0.0 (TID 25)) 28.267ms
[103.756s][info][gc          ] Allocation Stall (Executor task launch worker for task 43.0 in stage 0.0 (TID 43)) 28.276ms
[103.756s][info][gc          ] Allocation Stall (Executor task launch worker for task 36.0 in stage 0.0 (TID 36)) 28.280ms
[103.756s][info][gc          ] Allocation Stall (Executor task launch worker for task 22.0 in stage 0.0 (TID 22)) 28.288ms
[103.756s][info][gc          ] Allocation Stall (Executor task launch worker for task 13.0 in stage 0.0 (TID 13)) 28.305ms
[103.756s][info][gc          ] Allocation Stall (Executor task launch worker for task 14.0 in stage 0.0 (TID 14)) 28.302ms
[103.756s][info][gc          ] Allocation Stall (Executor task launch worker for task 19.0 in stage 0.0 (TID 19)) 28.353ms
[103.760s][info][gc,phases   ] GC(54) Concurrent Select Relocation Set 4.218ms
[103.760s][info][gc,phases   ] GC(54) Pause Relocate Start 0.006ms
[103.771s][info][gc          ] Allocation Stall (Executor task launch worker for task 30.0 in stage 0.0 (TID 30)) 8.982ms
[103.772s][info][gc          ] Allocation Stall (Executor task launch worker for task 1.0 in stage 0.0 (TID 1)) 2.861ms
[103.772s][info][gc          ] Allocation Stall (Executor task launch worker for task 34.0 in stage 0.0 (TID 34)) 2.918ms
[103.772s][info][gc          ] Allocation Stall (Executor task launch worker for task 12.0 in stage 0.0 (TID 12)) 2.828ms
[103.772s][info][gc          ] Allocation Stall (Executor task launch worker for task 15.0 in stage 0.0 (TID 15)) 2.831ms
[103.772s][info][gc          ] Allocation Stall (Executor task launch worker for task 17.0 in stage 0.0 (TID 17)) 2.924ms
[103.772s][info][gc          ] Allocation Stall (Executor task launch worker for task 21.0 in stage 0.0 (TID 21)) 2.943ms
[103.772s][info][gc          ] Allocation Stall (Executor task launch worker for task 35.0 in stage 0.0 (TID 35)) 2.868ms
[103.772s][info][gc          ] Allocation Stall (Executor task launch worker for task 42.0 in stage 0.0 (TID 42)) 2.945ms
[103.772s][info][gc          ] Allocation Stall (Executor task launch worker for task 16.0 in stage 0.0 (TID 16)) 2.890ms
[103.772s][info][gc          ] Allocation Stall (Executor task launch worker for task 10.0 in stage 0.0 (TID 10)) 2.836ms
[103.772s][info][gc          ] Allocation Stall (Executor task launch worker for task 14.0 in stage 0.0 (TID 14)) 2.979ms
[103.772s][info][gc          ] Allocation Stall (Executor task launch worker for task 44.0 in stage 0.0 (TID 44)) 3.002ms
[103.775s][info][gc          ] Allocation Stall (Executor task launch worker for task 11.0 in stage 0.0 (TID 11)) 6.284ms
[103.775s][info][gc          ] Allocation Stall (Executor task launch worker for task 3.0 in stage 0.0 (TID 3)) 6.282ms
[103.775s][info][gc          ] Allocation Stall (Executor task launch worker for task 7.0 in stage 0.0 (TID 7)) 6.277ms
[103.775s][info][gc          ] Allocation Stall (Executor task launch worker for task 36.0 in stage 0.0 (TID 36)) 6.063ms
[103.775s][info][gc          ] Allocation Stall (Executor task launch worker for task 43.0 in stage 0.0 (TID 43)) 6.082ms
[103.775s][info][gc          ] Allocation Stall (Executor task launch worker for task 47.0 in stage 0.0 (TID 47)) 5.533ms
[103.775s][info][gc          ] Allocation Stall (Executor task launch worker for task 27.0 in stage 0.0 (TID 27)) 5.528ms
[103.775s][info][gc          ] Allocation Stall (Executor task launch worker for task 33.0 in stage 0.0 (TID 33)) 5.758ms
[103.775s][info][gc          ] Allocation Stall (Executor task launch worker for task 37.0 in stage 0.0 (TID 37)) 6.149ms
[103.775s][info][gc          ] Allocation Stall (Executor task launch worker for task 31.0 in stage 0.0 (TID 31)) 6.362ms
[103.775s][info][gc          ] Allocation Stall (Executor task launch worker for task 25.0 in stage 0.0 (TID 25)) 6.012ms
[103.775s][info][gc          ] Allocation Stall (Executor task launch worker for task 0.0 in stage 0.0 (TID 0)) 5.144ms
[103.775s][info][gc          ] Allocation Stall (Executor task launch worker for task 6.0 in stage 0.0 (TID 6)) 5.157ms
[103.775s][info][gc          ] Allocation Stall (Executor task launch worker for task 39.0 in stage 0.0 (TID 39)) 5.178ms
[103.775s][info][gc          ] Allocation Stall (Spark Context Cleaner) 5.316ms
[103.775s][info][gc          ] Allocation Stall (Executor task launch worker for task 20.0 in stage 0.0 (TID 20)) 4.925ms
[103.775s][info][gc          ] Allocation Stall (Executor task launch worker for task 18.0 in stage 0.0 (TID 18)) 5.212ms
[103.775s][info][gc          ] Allocation Stall (Executor task launch worker for task 45.0 in stage 0.0 (TID 45)) 6.331ms
[103.775s][info][gc          ] Allocation Stall (Executor task launch worker for task 26.0 in stage 0.0 (TID 26)) 6.168ms
[103.775s][info][gc          ] Allocation Stall (Executor task launch worker for task 23.0 in stage 0.0 (TID 23)) 6.246ms
[103.775s][info][gc          ] Allocation Stall (Executor task launch worker for task 41.0 in stage 0.0 (TID 41)) 5.125ms
[103.776s][info][gc          ] Allocation Stall (Executor task launch worker for task 4.0 in stage 0.0 (TID 4)) 5.253ms
[103.776s][info][gc          ] Allocation Stall (Executor task launch worker for task 9.0 in stage 0.0 (TID 9)) 5.333ms
[103.776s][info][gc          ] Allocation Stall (Executor task launch worker for task 28.0 in stage 0.0 (TID 28)) 5.354ms
[103.776s][info][gc          ] Allocation Stall (Executor task launch worker for task 2.0 in stage 0.0 (TID 2)) 5.345ms
[103.776s][info][gc          ] Allocation Stall (Executor task launch worker for task 40.0 in stage 0.0 (TID 40)) 5.323ms
[103.805s][info][gc          ] Allocation Stall (Executor task launch worker for task 14.0 in stage 0.0 (TID 14)) 0.009ms
[103.805s][info][gc          ] Allocation Stall (Executor task launch worker for task 47.0 in stage 0.0 (TID 47)) 0.008ms
[103.875s][info][gc          ] Relocation Stall (Executor task launch worker for task 13.0 in stage 0.0 (TID 13)) 114.012ms
[103.875s][info][gc,phases   ] GC(54) Concurrent Relocate 114.826ms
[103.875s][info][gc,load     ] GC(54) Load: 0.00/0.00/0.00
[103.875s][info][gc,mmu      ] GC(54) MMU: 2ms/94.2%, 5ms/97.7%, 10ms/98.8%, 20ms/99.3%, 50ms/99.7%, 100ms/99.9%
[103.875s][info][gc,marking  ] GC(54) Mark: 8 stripe(s), 2 proactive flush(es), 1 terminate flush(es), 0 completion(s), 0 continuation(s) 
[103.875s][info][gc,marking  ] GC(54) Mark Stack Usage: 32M
[103.875s][info][gc,nmethod  ] GC(54) NMethods: 2156 registered, 79 unregistered
[103.875s][info][gc          ] Relocation Stall (Executor task launch worker for task 19.0 in stage 0.0 (TID 19)) 112.689ms
[103.875s][info][gc,metaspace] GC(54) Metaspace: 112M used, 124M committed, 1152M reserved
[103.875s][info][gc,ref      ] GC(54) Soft: 2800 encountered, 2363 discovered, 0 enqueued
[103.875s][info][gc,ref      ] GC(54) Weak: 12968 encountered, 2713 discovered, 2 enqueued
[103.875s][info][gc,ref      ] GC(54) Final: 62 encountered, 1 discovered, 0 enqueued
[103.875s][info][gc,ref      ] GC(54) Phantom: 750 encountered, 617 discovered, 0 enqueued
[103.875s][info][gc,reloc    ] GC(54) Small Pages: 216 / 432M, Empty: 280M, Relocated: 3M, In-Place: 0
[103.875s][info][gc,reloc    ] GC(54) Medium Pages: 18 / 576M, Empty: 0M, Relocated: 23M, In-Place: 0
[103.875s][info][gc,reloc    ] GC(54) Large Pages: 2 / 16M, Empty: 16M, Relocated: 0M, In-Place: 0
[103.875s][info][gc,reloc    ] GC(54) Forwarding Usage: 0M
[103.875s][info][gc,heap     ] GC(54) Min Capacity: 8M(1%)
[103.875s][info][gc,heap     ] GC(54) Max Capacity: 1024M(100%)
[103.875s][info][gc,heap     ] GC(54) Soft Max Capacity: 1024M(100%)
[103.876s][info][gc,heap     ] GC(54)                Mark Start          Mark End        Relocate Start      Relocate End           High               Low         
[103.876s][info][gc,heap     ] GC(54)  Capacity:     1024M (100%)       1024M (100%)       1024M (100%)       1024M (100%)       1024M (100%)       1024M (100%)   
[103.876s][info][gc,heap     ] GC(54)      Free:        0M (0%)            0M (0%)          274M (27%)         158M (15%)         274M (27%)           0M (0%)     
[103.876s][info][gc,heap     ] GC(54)      Used:     1024M (100%)       1024M (100%)        750M (73%)         866M (85%)        1024M (100%)        750M (73%)    
[103.876s][info][gc,heap     ] GC(54)      Live:         -               530M (52%)         530M (52%)         530M (52%)            -                  -          
[103.876s][info][gc,heap     ] GC(54) Allocated:         -                 0M (0%)           22M (2%)          223M (22%)            -                  -          
[103.876s][info][gc,heap     ] GC(54)   Garbage:         -               493M (48%)         197M (19%)         111M (11%)            -                  -          
[103.876s][info][gc,heap     ] GC(54) Reclaimed:         -                  -               296M (29%)         381M (37%)            -                  -          
[103.876s][info][gc          ] GC(54) Garbage Collection (Allocation Stall) 1024M(100%)->866M(85%)
[103.942s][info][gc,start    ] GC(55) Garbage Collection (Allocation Stall)
[103.942s][info][gc,ref      ] GC(55) Clearing All SoftReferences
[103.942s][info][gc,task     ] GC(55) Using 10 workers
[103.942s][info][gc,ref      ] GC(55) Clearing All SoftReferences
[103.942s][info][gc,phases   ] GC(55) Pause Mark Start 0.036ms
[103.955s][info][gc          ] Allocation Stall (Executor task launch worker for task 32.0 in stage 0.0 (TID 32)) 2.607ms
[103.955s][info][gc          ] Allocation Stall (Executor task launch worker for task 3.0 in stage 0.0 (TID 3)) 2.628ms
[103.955s][info][gc          ] Allocation Stall (Executor task launch worker for task 25.0 in stage 0.0 (TID 25)) 2.651ms
[103.955s][info][gc          ] Allocation Stall (Executor task launch worker for task 36.0 in stage 0.0 (TID 36)) 2.675ms
[103.955s][info][gc          ] Allocation Stall (Executor task launch worker for task 14.0 in stage 0.0 (TID 14)) 2.676ms
[103.955s][info][gc          ] Allocation Stall (Executor task launch worker for task 34.0 in stage 0.0 (TID 34)) 2.700ms
[103.955s][info][gc          ] Allocation Stall (Executor task launch worker for task 37.0 in stage 0.0 (TID 37)) 2.734ms
[103.955s][info][gc          ] Allocation Stall (Executor task launch worker for task 12.0 in stage 0.0 (TID 12)) 2.797ms
[103.955s][info][gc          ] Allocation Stall (Executor task launch worker for task 27.0 in stage 0.0 (TID 27)) 2.837ms
[103.955s][info][gc          ] Allocation Stall (Executor task launch worker for task 4.0 in stage 0.0 (TID 4)) 2.862ms
[103.955s][info][gc          ] Allocation Stall (Executor task launch worker for task 45.0 in stage 0.0 (TID 45)) 2.898ms
[103.955s][info][gc          ] Allocation Stall (Executor task launch worker for task 33.0 in stage 0.0 (TID 33)) 2.911ms
[103.956s][info][gc          ] Allocation Stall (Executor task launch worker for task 20.0 in stage 0.0 (TID 20)) 2.917ms
[103.956s][info][gc          ] Allocation Stall (Executor task launch worker for task 0.0 in stage 0.0 (TID 0)) 2.616ms
[103.956s][info][gc          ] Allocation Stall (Executor task launch worker for task 47.0 in stage 0.0 (TID 47)) 1.125ms
[103.956s][info][gc          ] Allocation Stall (Executor task launch worker for task 30.0 in stage 0.0 (TID 30)) 1.073ms
[103.956s][info][gc          ] Allocation Stall (Executor task launch worker for task 24.0 in stage 0.0 (TID 24)) 1.028ms
[103.956s][info][gc          ] Allocation Stall (Executor task launch worker for task 31.0 in stage 0.0 (TID 31)) 0.910ms
[103.956s][info][gc          ] Allocation Stall (Executor task launch worker for task 7.0 in stage 0.0 (TID 7)) 0.803ms
[103.956s][info][gc          ] Allocation Stall (Executor task launch worker for task 21.0 in stage 0.0 (TID 21)) 0.813ms
[103.956s][info][gc          ] Allocation Stall (Executor task launch worker for task 39.0 in stage 0.0 (TID 39)) 0.861ms
[103.956s][info][gc          ] Allocation Stall (Executor task launch worker for task 28.0 in stage 0.0 (TID 28)) 0.894ms
[103.956s][info][gc          ] Allocation Stall (Executor task launch worker for task 35.0 in stage 0.0 (TID 35)) 0.880ms
[103.956s][info][gc          ] Allocation Stall (Executor task launch worker for task 41.0 in stage 0.0 (TID 41)) 0.879ms
[103.956s][info][gc          ] Allocation Stall (Executor task launch worker for task 43.0 in stage 0.0 (TID 43)) 0.855ms
[103.956s][info][gc          ] Allocation Stall (Executor task launch worker for task 26.0 in stage 0.0 (TID 26)) 0.883ms
[103.956s][info][gc          ] Allocation Stall (Executor task launch worker for task 40.0 in stage 0.0 (TID 40)) 0.917ms
[103.956s][info][gc          ] Allocation Stall (Executor task launch worker for task 46.0 in stage 0.0 (TID 46)) 1.003ms
[103.956s][info][gc          ] Allocation Stall (Executor task launch worker for task 11.0 in stage 0.0 (TID 11)) 1.013ms
[103.967s][info][gc          ] Allocation Stall (Executor task launch worker for task 1.0 in stage 0.0 (TID 1)) 4.653ms
[103.967s][info][gc          ] Allocation Stall (Executor task launch worker for task 0.0 in stage 0.0 (TID 0)) 4.675ms
[103.967s][info][gc          ] Allocation Stall (Executor task launch worker for task 47.0 in stage 0.0 (TID 47)) 4.693ms
[103.967s][info][gc          ] Allocation Stall (Executor task launch worker for task 43.0 in stage 0.0 (TID 43)) 4.552ms
[103.967s][info][gc          ] Allocation Stall (Executor task launch worker for task 46.0 in stage 0.0 (TID 46)) 4.553ms
[103.967s][info][gc          ] Allocation Stall (Executor task launch worker for task 41.0 in stage 0.0 (TID 41)) 4.561ms
[103.967s][info][gc          ] Allocation Stall (Executor task launch worker for task 28.0 in stage 0.0 (TID 28)) 4.568ms
[103.967s][info][gc          ] Allocation Stall (Executor task launch worker for task 7.0 in stage 0.0 (TID 7)) 4.600ms
[103.967s][info][gc          ] Allocation Stall (Executor task launch worker for task 24.0 in stage 0.0 (TID 24)) 4.583ms
[103.968s][info][gc          ] Allocation Stall (Executor task launch worker for task 26.0 in stage 0.0 (TID 26)) 4.518ms
[103.968s][info][gc          ] Allocation Stall (Executor task launch worker for task 10.0 in stage 0.0 (TID 10)) 4.467ms
[103.968s][info][gc          ] Allocation Stall (Executor task launch worker for task 40.0 in stage 0.0 (TID 40)) 4.491ms
[103.968s][info][gc          ] Allocation Stall (Executor task launch worker for task 20.0 in stage 0.0 (TID 20)) 4.048ms
[103.968s][info][gc          ] Allocation Stall (Executor task launch worker for task 39.0 in stage 0.0 (TID 39)) 4.050ms
[103.968s][info][gc          ] Allocation Stall (Executor task launch worker for task 21.0 in stage 0.0 (TID 21)) 3.945ms
[103.968s][info][gc          ] Allocation Stall (Executor task launch worker for task 11.0 in stage 0.0 (TID 11)) 3.751ms
[103.968s][info][gc          ] Allocation Stall (Executor task launch worker for task 35.0 in stage 0.0 (TID 35)) 3.628ms
[103.968s][info][gc          ] Allocation Stall (Executor task launch worker for task 16.0 in stage 0.0 (TID 16)) 3.493ms
[103.968s][info][gc          ] Allocation Stall (Executor task launch worker for task 44.0 in stage 0.0 (TID 44)) 2.991ms
[103.968s][info][gc          ] Allocation Stall (Executor task launch worker for task 14.0 in stage 0.0 (TID 14)) 2.069ms
[103.968s][info][gc          ] Allocation Stall (Executor task launch worker for task 12.0 in stage 0.0 (TID 12)) 2.016ms
[103.968s][info][gc          ] Allocation Stall (Executor task launch worker for task 30.0 in stage 0.0 (TID 30)) 2.042ms
[103.968s][info][gc          ] Allocation Stall (Executor task launch worker for task 31.0 in stage 0.0 (TID 31)) 2.012ms
[103.968s][info][gc          ] Allocation Stall (Executor task launch worker for task 38.0 in stage 0.0 (TID 38)) 2.019ms
[103.968s][info][gc          ] Allocation Stall (Executor task launch worker for task 25.0 in stage 0.0 (TID 25)) 2.039ms
[103.969s][info][gc          ] Allocation Stall (Executor task launch worker for task 37.0 in stage 0.0 (TID 37)) 3.098ms
[103.969s][info][gc          ] Allocation Stall (Executor task launch worker for task 34.0 in stage 0.0 (TID 34)) 3.148ms
[103.970s][info][gc          ] Allocation Stall (Executor task launch worker for task 45.0 in stage 0.0 (TID 45)) 3.910ms
[103.973s][info][gc          ] Allocation Stall (Executor task launch worker for task 27.0 in stage 0.0 (TID 27)) 6.944ms
[103.974s][info][gc          ] Allocation Stall (Executor task launch worker for task 3.0 in stage 0.0 (TID 3)) 7.858ms
[103.977s][info][gc          ] Allocation Stall (Executor task launch worker for task 36.0 in stage 0.0 (TID 36)) 7.435ms
[103.977s][info][gc          ] Allocation Stall (Executor task launch worker for task 4.0 in stage 0.0 (TID 4)) 6.306ms
[103.977s][info][gc          ] Allocation Stall (Executor task launch worker for task 1.0 in stage 0.0 (TID 1)) 3.828ms
[103.977s][info][gc          ] Allocation Stall (Executor task launch worker for task 6.0 in stage 0.0 (TID 6)) 3.854ms
[103.977s][info][gc          ] Allocation Stall (Executor task launch worker for task 28.0 in stage 0.0 (TID 28)) 3.870ms
[103.988s][info][gc,phases   ] GC(55) Concurrent Mark 41.073ms
[103.989s][info][gc,phases   ] GC(55) Pause Mark End 0.019ms
[103.989s][info][gc,phases   ] GC(55) Concurrent Mark Free 0.000ms
[103.989s][info][gc,phases   ] GC(55) Concurrent Process Non-Strong References 0.927ms
[103.989s][info][gc,phases   ] GC(55) Concurrent Reset Relocation Set 0.006ms
[103.990s][info][gc          ] Allocation Stall (Executor task launch worker for task 10.0 in stage 0.0 (TID 10)) 9.399ms
[103.990s][info][gc          ] Allocation Stall (Executor task launch worker for task 41.0 in stage 0.0 (TID 41)) 9.637ms
[103.990s][info][gc          ] Allocation Stall (Executor task launch worker for task 4.0 in stage 0.0 (TID 4)) 9.033ms
[103.990s][info][gc          ] Allocation Stall (Executor task launch worker for task 35.0 in stage 0.0 (TID 35)) 8.970ms
[103.990s][info][gc          ] Allocation Stall (Executor task launch worker for task 29.0 in stage 0.0 (TID 29)) 9.098ms
[103.990s][info][gc          ] Allocation Stall (Executor task launch worker for task 33.0 in stage 0.0 (TID 33)) 8.951ms
[103.990s][info][gc          ] Allocation Stall (Executor task launch worker for task 0.0 in stage 0.0 (TID 0)) 11.326ms
[103.990s][info][gc          ] Allocation Stall (Executor task launch worker for task 46.0 in stage 0.0 (TID 46)) 11.494ms
[103.990s][info][gc          ] Allocation Stall (Executor task launch worker for task 6.0 in stage 0.0 (TID 6)) 9.013ms
[103.990s][info][gc          ] Allocation Stall (Executor task launch worker for task 28.0 in stage 0.0 (TID 28)) 9.762ms
[103.990s][info][gc          ] Allocation Stall (Executor task launch worker for task 27.0 in stage 0.0 (TID 27)) 10.055ms
[103.990s][info][gc          ] Allocation Stall (Executor task launch worker for task 3.0 in stage 0.0 (TID 3)) 9.176ms
[103.990s][info][gc          ] Allocation Stall (Executor task launch worker for task 26.0 in stage 0.0 (TID 26)) 8.977ms
[103.990s][info][gc          ] Allocation Stall (Executor task launch worker for task 39.0 in stage 0.0 (TID 39)) 9.358ms
[103.990s][info][gc          ] Allocation Stall (Executor task launch worker for task 21.0 in stage 0.0 (TID 21)) 9.026ms
[103.990s][info][gc          ] Allocation Stall (Executor task launch worker for task 30.0 in stage 0.0 (TID 30)) 14.802ms
[103.990s][info][gc          ] Allocation Stall (Executor task launch worker for task 16.0 in stage 0.0 (TID 16)) 9.047ms
[103.990s][info][gc          ] Allocation Stall (Executor task launch worker for task 24.0 in stage 0.0 (TID 24)) 9.339ms
[103.990s][info][gc          ] Allocation Stall (Executor task launch worker for task 12.0 in stage 0.0 (TID 12)) 9.355ms
[103.990s][info][gc          ] Allocation Stall (Executor task launch worker for task 18.0 in stage 0.0 (TID 18)) 13.352ms
[103.990s][info][gc          ] Allocation Stall (Executor task launch worker for task 13.0 in stage 0.0 (TID 13)) 9.793ms
[103.990s][info][gc          ] Allocation Stall (Executor task launch worker for task 34.0 in stage 0.0 (TID 34)) 13.644ms
[103.990s][info][gc          ] Allocation Stall (Executor task launch worker for task 40.0 in stage 0.0 (TID 40)) 16.324ms
[103.990s][info][gc          ] Allocation Stall (Executor task launch worker for task 45.0 in stage 0.0 (TID 45)) 11.045ms
[103.990s][info][gc          ] Allocation Stall (Executor task launch worker for task 25.0 in stage 0.0 (TID 25)) 11.448ms
[103.990s][info][gc          ] Allocation Stall (Executor task launch worker for task 37.0 in stage 0.0 (TID 37)) 9.969ms
[103.990s][info][gc          ] Allocation Stall (Executor task launch worker for task 47.0 in stage 0.0 (TID 47)) 11.538ms
[103.990s][info][gc          ] Allocation Stall (Executor task launch worker for task 38.0 in stage 0.0 (TID 38)) 11.530ms
[103.990s][info][gc          ] Allocation Stall (Executor task launch worker for task 23.0 in stage 0.0 (TID 23)) 13.000ms
[103.990s][info][gc          ] Allocation Stall (Executor task launch worker for task 19.0 in stage 0.0 (TID 19)) 14.008ms
[103.990s][info][gc          ] Allocation Stall (Executor task launch worker for task 14.0 in stage 0.0 (TID 14)) 14.804ms
[103.990s][info][gc          ] Allocation Stall (Executor task launch worker for task 31.0 in stage 0.0 (TID 31)) 14.484ms
[103.990s][info][gc          ] Allocation Stall (Executor task launch worker for task 7.0 in stage 0.0 (TID 7)) 9.810ms
[103.990s][info][gc          ] Allocation Stall (Executor task launch worker for task 11.0 in stage 0.0 (TID 11)) 15.257ms
[103.990s][info][gc          ] Allocation Stall (Executor task launch worker for task 22.0 in stage 0.0 (TID 22)) 14.790ms
[103.990s][info][gc          ] Allocation Stall (Executor task launch worker for task 44.0 in stage 0.0 (TID 44)) 14.485ms
[103.990s][info][gc          ] Allocation Stall (Executor task launch worker for task 17.0 in stage 0.0 (TID 17)) 9.083ms
[103.990s][info][gc          ] Allocation Stall (Executor task launch worker for task 15.0 in stage 0.0 (TID 15)) 9.064ms
[103.990s][info][gc          ] Allocation Stall (Executor task launch worker for task 9.0 in stage 0.0 (TID 9)) 9.088ms
[103.990s][info][gc          ] Allocation Stall (Executor task launch worker for task 8.0 in stage 0.0 (TID 8)) 9.098ms
[103.990s][info][gc          ] Allocation Stall (Executor task launch worker for task 36.0 in stage 0.0 (TID 36)) 9.073ms
[103.990s][info][gc          ] Allocation Stall (Executor task launch worker for task 2.0 in stage 0.0 (TID 2)) 9.120ms
[103.990s][info][gc          ] Allocation Stall (Executor task launch worker for task 20.0 in stage 0.0 (TID 20)) 9.106ms
[103.990s][info][gc          ] Allocation Stall (Executor task launch worker for task 1.0 in stage 0.0 (TID 1)) 9.123ms
[103.990s][info][gc          ] Allocation Stall (Executor task launch worker for task 32.0 in stage 0.0 (TID 32)) 9.150ms
[103.990s][info][gc          ] Allocation Stall (Executor task launch worker for task 5.0 in stage 0.0 (TID 5)) 9.172ms
[103.990s][info][gc          ] Allocation Stall (Executor task launch worker for task 42.0 in stage 0.0 (TID 42)) 9.146ms
[103.990s][info][gc          ] Allocation Stall (Executor task launch worker for task 43.0 in stage 0.0 (TID 43)) 9.144ms
[104.012s][info][gc,phases   ] GC(55) Concurrent Select Relocation Set 22.365ms
[104.013s][info][gc,phases   ] GC(55) Pause Relocate Start 0.007ms
[104.048s][info][gc          ] Allocation Stall (Executor task launch worker for task 40.0 in stage 0.0 (TID 40)) 10.335ms
[104.048s][info][gc          ] Allocation Stall (Executor task launch worker for task 15.0 in stage 0.0 (TID 15)) 10.343ms
[104.048s][info][gc          ] Allocation Stall (Executor task launch worker for task 22.0 in stage 0.0 (TID 22)) 10.353ms
[104.048s][info][gc          ] Allocation Stall (Executor task launch worker for task 3.0 in stage 0.0 (TID 3)) 10.258ms
[104.048s][info][gc          ] Allocation Stall (Executor task launch worker for task 35.0 in stage 0.0 (TID 35)) 10.335ms
[104.048s][info][gc          ] Allocation Stall (Executor task launch worker for task 33.0 in stage 0.0 (TID 33)) 10.254ms
[104.048s][info][gc          ] Allocation Stall (Executor task launch worker for task 14.0 in stage 0.0 (TID 14)) 10.284ms
[104.048s][info][gc          ] Allocation Stall (Executor task launch worker for task 10.0 in stage 0.0 (TID 10)) 10.302ms
[104.048s][info][gc          ] Allocation Stall (Executor task launch worker for task 20.0 in stage 0.0 (TID 20)) 10.258ms
[104.048s][info][gc          ] Allocation Stall (Executor task launch worker for task 46.0 in stage 0.0 (TID 46)) 10.703ms
[104.048s][info][gc          ] Allocation Stall (Executor task launch worker for task 45.0 in stage 0.0 (TID 45)) 10.477ms
[104.048s][info][gc          ] Allocation Stall (Executor task launch worker for task 28.0 in stage 0.0 (TID 28)) 10.475ms
[104.048s][info][gc          ] Allocation Stall (Executor task launch worker for task 7.0 in stage 0.0 (TID 7)) 10.469ms
[104.048s][info][gc          ] Allocation Stall (Executor task launch worker for task 21.0 in stage 0.0 (TID 21)) 10.427ms
[104.048s][info][gc          ] Allocation Stall (Executor task launch worker for task 1.0 in stage 0.0 (TID 1)) 10.436ms
[104.048s][info][gc          ] Allocation Stall (Executor task launch worker for task 36.0 in stage 0.0 (TID 36)) 10.402ms
[104.049s][info][gc          ] Allocation Stall (Executor task launch worker for task 8.0 in stage 0.0 (TID 8)) 10.640ms
[104.049s][info][gc          ] Allocation Stall (Executor task launch worker for task 16.0 in stage 0.0 (TID 16)) 10.735ms
[104.049s][info][gc          ] Allocation Stall (Executor task launch worker for task 30.0 in stage 0.0 (TID 30)) 10.733ms
[104.049s][info][gc          ] Allocation Stall (Executor task launch worker for task 19.0 in stage 0.0 (TID 19)) 10.741ms
[104.049s][info][gc          ] Allocation Stall (Executor task launch worker for task 11.0 in stage 0.0 (TID 11)) 10.769ms
[104.049s][info][gc          ] Allocation Stall (Executor task launch worker for task 9.0 in stage 0.0 (TID 9)) 10.950ms
[104.049s][info][gc          ] Allocation Stall (Executor task launch worker for task 31.0 in stage 0.0 (TID 31)) 11.114ms
[104.049s][info][gc          ] Allocation Stall (Executor task launch worker for task 25.0 in stage 0.0 (TID 25)) 11.176ms
[104.049s][info][gc          ] Allocation Stall (Executor task launch worker for task 6.0 in stage 0.0 (TID 6)) 11.217ms
[104.050s][info][gc          ] Allocation Stall (Executor task launch worker for task 37.0 in stage 0.0 (TID 37)) 11.265ms
[104.050s][info][gc          ] Allocation Stall (Executor task launch worker for task 13.0 in stage 0.0 (TID 13)) 11.300ms
[104.050s][info][gc          ] Allocation Stall (Executor task launch worker for task 42.0 in stage 0.0 (TID 42)) 11.335ms
[104.050s][info][gc          ] Allocation Stall (Executor task launch worker for task 43.0 in stage 0.0 (TID 43)) 11.382ms
[104.050s][info][gc          ] Allocation Stall (Executor task launch worker for task 44.0 in stage 0.0 (TID 44)) 11.409ms
[104.050s][info][gc          ] Allocation Stall (Executor task launch worker for task 5.0 in stage 0.0 (TID 5)) 11.447ms
[104.050s][info][gc          ] Allocation Stall (Executor task launch worker for task 24.0 in stage 0.0 (TID 24)) 11.456ms
[104.050s][info][gc          ] Allocation Stall (Executor task launch worker for task 12.0 in stage 0.0 (TID 12)) 11.483ms
[104.050s][info][gc          ] Allocation Stall (Executor task launch worker for task 41.0 in stage 0.0 (TID 41)) 11.490ms
[104.050s][info][gc          ] Allocation Stall (Executor task launch worker for task 18.0 in stage 0.0 (TID 18)) 11.531ms
[104.050s][info][gc          ] Allocation Stall (Executor task launch worker for task 34.0 in stage 0.0 (TID 34)) 11.563ms
[104.050s][info][gc          ] Allocation Stall (Executor task launch worker for task 38.0 in stage 0.0 (TID 38)) 11.758ms
[104.050s][info][gc          ] Allocation Stall (Executor task launch worker for task 27.0 in stage 0.0 (TID 27)) 11.716ms
[104.051s][info][gc          ] Allocation Stall (Executor task launch worker for task 26.0 in stage 0.0 (TID 26)) 11.543ms
[104.051s][info][gc          ] Allocation Stall (Executor task launch worker for task 29.0 in stage 0.0 (TID 29)) 11.358ms
[104.051s][info][gc          ] Allocation Stall (Executor task launch worker for task 39.0 in stage 0.0 (TID 39)) 11.369ms
[104.051s][info][gc          ] Allocation Stall (Executor task launch worker for task 2.0 in stage 0.0 (TID 2)) 11.106ms
[104.051s][info][gc          ] Allocation Stall (Executor task launch worker for task 23.0 in stage 0.0 (TID 23)) 8.818ms
[104.051s][info][gc          ] Allocation Stall (Executor task launch worker for task 47.0 in stage 0.0 (TID 47)) 8.848ms
[104.051s][info][gc          ] Allocation Stall (Executor task launch worker for task 4.0 in stage 0.0 (TID 4)) 7.706ms
[104.051s][info][gc          ] Allocation Stall (Executor task launch worker for task 0.0 in stage 0.0 (TID 0)) 6.504ms
[104.051s][info][gc          ] Allocation Stall (Executor task launch worker for task 17.0 in stage 0.0 (TID 17)) 4.726ms
[104.051s][info][gc          ] Allocation Stall (Executor task launch worker for task 32.0 in stage 0.0 (TID 32)) 4.634ms
[104.051s][info][gc          ] Allocation Stall (Executor task launch worker for task 22.0 in stage 0.0 (TID 22)) 1.196ms
[104.072s][info][gc          ] Allocation Stall (Executor task launch worker for task 3.0 in stage 0.0 (TID 3)) 1.640ms
[104.072s][info][gc          ] Allocation Stall (Executor task launch worker for task 7.0 in stage 0.0 (TID 7)) 1.587ms
[104.072s][info][gc          ] Allocation Stall (Executor task launch worker for task 22.0 in stage 0.0 (TID 22)) 1.423ms
[104.072s][info][gc          ] Allocation Stall (Executor task launch worker for task 15.0 in stage 0.0 (TID 15)) 1.386ms
[104.072s][info][gc          ] Allocation Stall (Executor task launch worker for task 16.0 in stage 0.0 (TID 16)) 1.377ms
[104.078s][info][gc          ] Allocation Stall (Executor task launch worker for task 10.0 in stage 0.0 (TID 10)) 5.899ms
[104.078s][info][gc          ] Allocation Stall (Executor task launch worker for task 38.0 in stage 0.0 (TID 38)) 5.963ms
[104.078s][info][gc          ] Allocation Stall (Executor task launch worker for task 42.0 in stage 0.0 (TID 42)) 6.001ms
[104.078s][info][gc          ] Allocation Stall (Executor task launch worker for task 5.0 in stage 0.0 (TID 5)) 3.847ms
[104.078s][info][gc          ] Allocation Stall (Executor task launch worker for task 14.0 in stage 0.0 (TID 14)) 3.501ms
[104.078s][info][gc          ] Allocation Stall (Executor task launch worker for task 44.0 in stage 0.0 (TID 44)) 2.950ms
[104.078s][info][gc          ] Allocation Stall (Executor task launch worker for task 12.0 in stage 0.0 (TID 12)) 3.014ms
[104.078s][info][gc          ] Allocation Stall (Executor task launch worker for task 25.0 in stage 0.0 (TID 25)) 2.968ms
[104.078s][info][gc          ] Allocation Stall (Executor task launch worker for task 13.0 in stage 0.0 (TID 13)) 2.594ms
[104.078s][info][gc          ] Allocation Stall (Executor task launch worker for task 35.0 in stage 0.0 (TID 35)) 1.840ms
[104.078s][info][gc          ] Allocation Stall (Executor task launch worker for task 34.0 in stage 0.0 (TID 34)) 1.397ms
[104.078s][info][gc          ] Allocation Stall (Executor task launch worker for task 31.0 in stage 0.0 (TID 31)) 1.390ms
[104.078s][info][gc          ] Allocation Stall (Executor task launch worker for task 18.0 in stage 0.0 (TID 18)) 1.362ms
[104.078s][info][gc          ] Allocation Stall (Executor task launch worker for task 16.0 in stage 0.0 (TID 16)) 1.100ms
[104.078s][info][gc          ] Allocation Stall (Executor task launch worker for task 28.0 in stage 0.0 (TID 28)) 1.110ms
[104.078s][info][gc          ] Allocation Stall (Executor task launch worker for task 21.0 in stage 0.0 (TID 21)) 1.114ms
[104.078s][info][gc          ] Allocation Stall (Executor task launch worker for task 15.0 in stage 0.0 (TID 15)) 1.111ms
[104.078s][info][gc          ] Allocation Stall (Executor task launch worker for task 23.0 in stage 0.0 (TID 23)) 1.105ms
[104.078s][info][gc          ] Allocation Stall (Executor task launch worker for task 11.0 in stage 0.0 (TID 11)) 1.068ms
[104.078s][info][gc          ] Allocation Stall (Executor task launch worker for task 22.0 in stage 0.0 (TID 22)) 1.089ms
[104.081s][info][gc          ] Allocation Stall (Executor task launch worker for task 46.0 in stage 0.0 (TID 46)) 3.903ms
[104.081s][info][gc          ] Allocation Stall (Executor task launch worker for task 45.0 in stage 0.0 (TID 45)) 3.843ms
[104.081s][info][gc          ] Allocation Stall (Executor task launch worker for task 4.0 in stage 0.0 (TID 4)) 3.841ms
[104.081s][info][gc          ] Allocation Stall (Executor task launch worker for task 36.0 in stage 0.0 (TID 36)) 3.860ms
[104.081s][info][gc          ] Allocation Stall (Executor task launch worker for task 33.0 in stage 0.0 (TID 33)) 3.796ms
[104.081s][info][gc          ] Allocation Stall (Executor task launch worker for task 19.0 in stage 0.0 (TID 19)) 3.833ms
[104.088s][info][gc          ] Allocation Stall (Executor task launch worker for task 44.0 in stage 0.0 (TID 44)) 3.929ms
[104.088s][info][gc          ] Allocation Stall (Executor task launch worker for task 30.0 in stage 0.0 (TID 30)) 3.801ms
[104.088s][info][gc          ] Allocation Stall (Executor task launch worker for task 34.0 in stage 0.0 (TID 34)) 3.782ms
[104.088s][info][gc          ] Allocation Stall (Executor task launch worker for task 35.0 in stage 0.0 (TID 35)) 3.755ms
[104.088s][info][gc          ] Allocation Stall (Executor task launch worker for task 42.0 in stage 0.0 (TID 42)) 3.744ms
[104.088s][info][gc          ] Allocation Stall (Executor task launch worker for task 16.0 in stage 0.0 (TID 16)) 3.763ms
[104.088s][info][gc          ] Allocation Stall (Executor task launch worker for task 21.0 in stage 0.0 (TID 21)) 3.575ms
[104.088s][info][gc          ] Allocation Stall (Executor task launch worker for task 5.0 in stage 0.0 (TID 5)) 3.569ms
[104.088s][info][gc          ] Allocation Stall (Executor task launch worker for task 15.0 in stage 0.0 (TID 15)) 3.496ms
[104.088s][info][gc          ] Allocation Stall (Executor task launch worker for task 25.0 in stage 0.0 (TID 25)) 3.478ms
[104.088s][info][gc          ] Allocation Stall (Executor task launch worker for task 24.0 in stage 0.0 (TID 24)) 3.324ms
[104.088s][info][gc          ] Allocation Stall (Executor task launch worker for task 11.0 in stage 0.0 (TID 11)) 3.202ms
[104.088s][info][gc          ] Allocation Stall (Executor task launch worker for task 28.0 in stage 0.0 (TID 28)) 3.135ms
[104.088s][info][gc          ] Allocation Stall (Executor task launch worker for task 12.0 in stage 0.0 (TID 12)) 3.122ms
[104.088s][info][gc          ] Allocation Stall (Executor task launch worker for task 13.0 in stage 0.0 (TID 13)) 3.142ms
[104.088s][info][gc          ] Allocation Stall (Executor task launch worker for task 23.0 in stage 0.0 (TID 23)) 2.985ms
[104.088s][info][gc          ] Allocation Stall (Executor task launch worker for task 31.0 in stage 0.0 (TID 31)) 2.771ms
[104.088s][info][gc          ] Allocation Stall (Executor task launch worker for task 22.0 in stage 0.0 (TID 22)) 2.201ms
[104.088s][info][gc          ] Allocation Stall (Executor task launch worker for task 10.0 in stage 0.0 (TID 10)) 1.637ms
[104.088s][info][gc          ] Allocation Stall (Executor task launch worker for task 33.0 in stage 0.0 (TID 33)) 1.129ms
[104.088s][info][gc          ] Allocation Stall (Executor task launch worker for task 46.0 in stage 0.0 (TID 46)) 1.044ms
[104.088s][info][gc          ] Allocation Stall (Executor task launch worker for task 4.0 in stage 0.0 (TID 4)) 0.966ms
[104.088s][info][gc          ] Allocation Stall (Executor task launch worker for task 19.0 in stage 0.0 (TID 19)) 0.974ms
[104.088s][info][gc          ] Allocation Stall (Executor task launch worker for task 45.0 in stage 0.0 (TID 45)) 1.011ms
[104.088s][info][gc          ] Allocation Stall (Executor task launch worker for task 6.0 in stage 0.0 (TID 6)) 1.030ms
[104.088s][info][gc          ] Allocation Stall (Executor task launch worker for task 47.0 in stage 0.0 (TID 47)) 1.036ms
[104.088s][info][gc          ] Allocation Stall (Executor task launch worker for task 40.0 in stage 0.0 (TID 40)) 1.064ms
[104.088s][info][gc          ] Allocation Stall (Executor task launch worker for task 1.0 in stage 0.0 (TID 1)) 1.069ms
[104.088s][info][gc          ] Allocation Stall (Executor task launch worker for task 9.0 in stage 0.0 (TID 9)) 1.065ms
[104.088s][info][gc          ] Allocation Stall (Executor task launch worker for task 7.0 in stage 0.0 (TID 7)) 1.092ms
[104.089s][info][gc          ] Allocation Stall (Executor task launch worker for task 43.0 in stage 0.0 (TID 43)) 1.139ms
[104.089s][info][gc          ] Allocation Stall (Executor task launch worker for task 27.0 in stage 0.0 (TID 27)) 1.143ms
[104.089s][info][gc          ] Allocation Stall (Executor task launch worker for task 36.0 in stage 0.0 (TID 36)) 1.166ms
[104.089s][info][gc          ] Allocation Stall (Executor task launch worker for task 38.0 in stage 0.0 (TID 38)) 1.208ms
[104.089s][info][gc          ] Allocation Stall (Executor task launch worker for task 20.0 in stage 0.0 (TID 20)) 1.265ms
[104.089s][info][gc          ] Allocation Stall (Executor task launch worker for task 14.0 in stage 0.0 (TID 14)) 1.341ms
[104.092s][info][gc,phases   ] GC(55) Concurrent Relocate 75.244ms
[104.092s][info][gc,load     ] GC(55) Load: 0.00/0.00/0.00
[104.092s][info][gc,mmu      ] GC(55) MMU: 2ms/94.2%, 5ms/97.7%, 10ms/98.8%, 20ms/99.3%, 50ms/99.7%, 100ms/99.9%
[104.092s][info][gc,marking  ] GC(55) Mark: 8 stripe(s), 3 proactive flush(es), 1 terminate flush(es), 0 completion(s), 0 continuation(s) 
[104.092s][info][gc,marking  ] GC(55) Mark Stack Usage: 32M
[104.092s][info][gc,nmethod  ] GC(55) NMethods: 2156 registered, 79 unregistered
[104.092s][info][gc,metaspace] GC(55) Metaspace: 112M used, 124M committed, 1152M reserved
[104.092s][info][gc,ref      ] GC(55) Soft: 2800 encountered, 2354 discovered, 0 enqueued
[104.092s][info][gc,ref      ] GC(55) Weak: 12965 encountered, 1280 discovered, 1 enqueued
[104.092s][info][gc,ref      ] GC(55) Final: 62 encountered, 5 discovered, 0 enqueued
[104.092s][info][gc,ref      ] GC(55) Phantom: 750 encountered, 675 discovered, 0 enqueued
[104.092s][info][gc,reloc    ] GC(55) Small Pages: 198 / 396M, Empty: 246M, Relocated: 4M, In-Place: 0
[104.092s][info][gc,reloc    ] GC(55) Medium Pages: 18 / 576M, Empty: 0M, Relocated: 51M, In-Place: 1
[104.092s][info][gc,reloc    ] GC(55) Large Pages: 0 / 0M, Empty: 0M, Relocated: 0M, In-Place: 0
[104.092s][info][gc,reloc    ] GC(55) Forwarding Usage: 0M
[104.092s][info][gc,heap     ] GC(55) Min Capacity: 8M(1%)
[104.092s][info][gc,heap     ] GC(55) Max Capacity: 1024M(100%)
[104.092s][info][gc,heap     ] GC(55) Soft Max Capacity: 1024M(100%)
[104.092s][info][gc,heap     ] GC(55)                Mark Start          Mark End        Relocate Start      Relocate End           High               Low         
[104.092s][info][gc,heap     ] GC(55)  Capacity:     1024M (100%)       1024M (100%)       1024M (100%)       1024M (100%)       1024M (100%)       1024M (100%)   
[104.092s][info][gc,heap     ] GC(55)      Free:       52M (5%)            0M (0%)          178M (17%)           0M (0%)          178M (17%)           0M (0%)     
[104.092s][info][gc,heap     ] GC(55)      Used:      972M (95%)        1024M (100%)        846M (83%)        1024M (100%)       1024M (100%)        846M (83%)    
[104.092s][info][gc,heap     ] GC(55)      Live:         -               534M (52%)         534M (52%)         534M (52%)            -                  -          
[104.092s][info][gc,heap     ] GC(55) Allocated:         -                52M (5%)          120M (12%)         374M (37%)            -                  -          
[104.092s][info][gc,heap     ] GC(55)   Garbage:         -               437M (43%)         191M (19%)         115M (11%)            -                  -          
[104.092s][info][gc,heap     ] GC(55) Reclaimed:         -                  -               246M (24%)         322M (32%)            -                  -          
[104.092s][info][gc          ] GC(55) Garbage Collection (Allocation Stall) 972M(95%)->1024M(100%)
[104.093s][info][gc,start    ] GC(56) Garbage Collection (Allocation Stall)
[104.093s][info][gc,ref      ] GC(56) Clearing All SoftReferences
[104.093s][info][gc,task     ] GC(56) Using 10 workers
[104.093s][info][gc,ref      ] GC(56) Clearing All SoftReferences
[104.093s][info][gc,phases   ] GC(56) Pause Mark Start 0.038ms
[104.117s][info][gc,phases   ] GC(56) Concurrent Mark 23.996ms
[104.117s][info][gc,phases   ] GC(56) Pause Mark End 0.018ms
[104.117s][info][gc,phases   ] GC(56) Concurrent Mark Free 0.001ms
[104.118s][info][gc,phases   ] GC(56) Concurrent Process Non-Strong References 0.901ms
[104.118s][info][gc,phases   ] GC(56) Concurrent Reset Relocation Set 0.006ms
[104.118s][info][gc          ] Allocation Stall (Executor task launch worker for task 11.0 in stage 0.0 (TID 11)) 25.194ms
[104.118s][info][gc          ] Allocation Stall (Executor task launch worker for task 20.0 in stage 0.0 (TID 20)) 25.177ms
[104.118s][info][gc          ] Allocation Stall (Executor task launch worker for task 47.0 in stage 0.0 (TID 47)) 25.120ms
[104.118s][info][gc          ] Allocation Stall (Executor task launch worker for task 12.0 in stage 0.0 (TID 12)) 25.161ms
[104.118s][info][gc          ] Allocation Stall (Executor task launch worker for task 14.0 in stage 0.0 (TID 14)) 25.149ms
[104.118s][info][gc          ] Allocation Stall (Executor task launch worker for task 31.0 in stage 0.0 (TID 31)) 25.119ms
[104.118s][info][gc          ] Allocation Stall (Executor task launch worker for task 13.0 in stage 0.0 (TID 13)) 25.118ms
[104.118s][info][gc          ] Allocation Stall (Executor task launch worker for task 24.0 in stage 0.0 (TID 24)) 25.194ms
[104.118s][info][gc          ] Allocation Stall (Executor task launch worker for task 43.0 in stage 0.0 (TID 43)) 25.130ms
[104.118s][info][gc          ] Allocation Stall (Executor task launch worker for task 19.0 in stage 0.0 (TID 19)) 25.098ms
[104.118s][info][gc          ] Allocation Stall (Executor task launch worker for task 8.0 in stage 0.0 (TID 8)) 25.122ms
[104.118s][info][gc          ] Allocation Stall (Executor task launch worker for task 33.0 in stage 0.0 (TID 33)) 25.128ms
[104.118s][info][gc          ] Allocation Stall (Executor task launch worker for task 22.0 in stage 0.0 (TID 22)) 25.167ms
[104.118s][info][gc          ] Allocation Stall (Executor task launch worker for task 10.0 in stage 0.0 (TID 10)) 25.197ms
[104.118s][info][gc          ] Allocation Stall (Executor task launch worker for task 27.0 in stage 0.0 (TID 27)) 25.180ms
[104.118s][info][gc          ] Allocation Stall (Executor task launch worker for task 23.0 in stage 0.0 (TID 23)) 25.126ms
[104.118s][info][gc          ] Allocation Stall (Executor task launch worker for task 18.0 in stage 0.0 (TID 18)) 25.218ms
[104.118s][info][gc          ] Allocation Stall (Executor task launch worker for task 35.0 in stage 0.0 (TID 35)) 25.951ms
[104.118s][info][gc          ] Allocation Stall (Executor task launch worker for task 7.0 in stage 0.0 (TID 7)) 25.184ms
[104.118s][info][gc          ] Allocation Stall (Executor task launch worker for task 17.0 in stage 0.0 (TID 17)) 25.306ms
[104.118s][info][gc          ] Allocation Stall (Executor task launch worker for task 36.0 in stage 0.0 (TID 36)) 25.194ms
[104.118s][info][gc          ] Allocation Stall (Executor task launch worker for task 9.0 in stage 0.0 (TID 9)) 25.210ms
[104.118s][info][gc          ] Allocation Stall (Executor task launch worker for task 38.0 in stage 0.0 (TID 38)) 25.150ms
[104.118s][info][gc          ] Allocation Stall (Executor task launch worker for task 28.0 in stage 0.0 (TID 28)) 25.195ms
[104.118s][info][gc          ] Allocation Stall (Executor task launch worker for task 21.0 in stage 0.0 (TID 21)) 25.234ms
[104.118s][info][gc          ] Allocation Stall (Executor task launch worker for task 26.0 in stage 0.0 (TID 26)) 25.296ms
[104.118s][info][gc          ] Allocation Stall (Executor task launch worker for task 25.0 in stage 0.0 (TID 25)) 25.236ms
[104.118s][info][gc          ] Allocation Stall (Executor task launch worker for task 37.0 in stage 0.0 (TID 37)) 25.237ms
[104.118s][info][gc          ] Allocation Stall (Executor task launch worker for task 6.0 in stage 0.0 (TID 6)) 25.295ms
[104.118s][info][gc          ] Allocation Stall (Executor task launch worker for task 42.0 in stage 0.0 (TID 42)) 25.245ms
[104.118s][info][gc          ] Allocation Stall (Executor task launch worker for task 41.0 in stage 0.0 (TID 41)) 25.244ms
[104.118s][info][gc          ] Allocation Stall (Executor task launch worker for task 39.0 in stage 0.0 (TID 39)) 25.252ms
[104.118s][info][gc          ] Allocation Stall (Executor task launch worker for task 32.0 in stage 0.0 (TID 32)) 25.253ms
[104.118s][info][gc          ] Allocation Stall (Executor task launch worker for task 5.0 in stage 0.0 (TID 5)) 25.254ms
[104.118s][info][gc          ] Allocation Stall (Executor task launch worker for task 0.0 in stage 0.0 (TID 0)) 25.256ms
[104.118s][info][gc          ] Allocation Stall (Executor task launch worker for task 2.0 in stage 0.0 (TID 2)) 25.255ms
[104.118s][info][gc          ] Allocation Stall (Executor task launch worker for task 30.0 in stage 0.0 (TID 30)) 25.270ms
[104.118s][info][gc          ] Allocation Stall (Executor task launch worker for task 46.0 in stage 0.0 (TID 46)) 25.262ms
[104.118s][info][gc          ] Allocation Stall (Executor task launch worker for task 29.0 in stage 0.0 (TID 29)) 25.265ms
[104.118s][info][gc          ] Allocation Stall (Executor task launch worker for task 40.0 in stage 0.0 (TID 40)) 25.267ms
[104.118s][info][gc          ] Allocation Stall (Executor task launch worker for task 44.0 in stage 0.0 (TID 44)) 25.266ms
[104.118s][info][gc          ] Allocation Stall (Executor task launch worker for task 4.0 in stage 0.0 (TID 4)) 25.273ms
[104.118s][info][gc          ] Allocation Stall (Executor task launch worker for task 15.0 in stage 0.0 (TID 15)) 25.281ms
[104.118s][info][gc          ] Allocation Stall (Executor task launch worker for task 3.0 in stage 0.0 (TID 3)) 25.282ms
[104.118s][info][gc          ] Allocation Stall (Executor task launch worker for task 16.0 in stage 0.0 (TID 16)) 25.307ms
[104.118s][info][gc          ] Allocation Stall (Executor task launch worker for task 34.0 in stage 0.0 (TID 34)) 25.325ms
[104.118s][info][gc          ] Allocation Stall (Executor task launch worker for task 45.0 in stage 0.0 (TID 45)) 25.324ms
[104.118s][info][gc          ] Allocation Stall (Executor task launch worker for task 1.0 in stage 0.0 (TID 1)) 25.297ms
[104.122s][info][gc,phases   ] GC(56) Concurrent Select Relocation Set 4.316ms
[104.141s][info][gc,phases   ] GC(56) Pause Relocate Start 0.015ms
[104.142s][info][gc          ] Allocation Stall (Executor task launch worker for task 4.0 in stage 0.0 (TID 4)) 0.114ms
[104.142s][info][gc          ] Allocation Stall (Executor task launch worker for task 18.0 in stage 0.0 (TID 18)) 0.153ms
[104.142s][info][gc          ] Relocation Stall (Executor task launch worker for task 17.0 in stage 0.0 (TID 17)) 0.097ms
[104.142s][info][gc          ] Allocation Stall (Executor task launch worker for task 23.0 in stage 0.0 (TID 23)) 0.148ms
[104.142s][info][gc          ] Allocation Stall (Executor task launch worker for task 45.0 in stage 0.0 (TID 45)) 0.167ms
[104.142s][info][gc          ] Allocation Stall (Executor task launch worker for task 1.0 in stage 0.0 (TID 1)) 0.062ms
[104.142s][info][gc          ] Allocation Stall (Executor task launch worker for task 26.0 in stage 0.0 (TID 26)) 0.121ms
[104.142s][info][gc          ] Allocation Stall (Executor task launch worker for task 27.0 in stage 0.0 (TID 27)) 0.187ms
[104.142s][info][gc          ] Allocation Stall (Executor task launch worker for task 46.0 in stage 0.0 (TID 46)) 0.057ms
[104.142s][info][gc          ] Allocation Stall (Executor task launch worker for task 19.0 in stage 0.0 (TID 19)) 0.119ms
[104.172s][info][gc          ] Allocation Stall (Executor task launch worker for task 33.0 in stage 0.0 (TID 33)) 21.694ms
[104.172s][info][gc          ] Allocation Stall (Executor task launch worker for task 2.0 in stage 0.0 (TID 2)) 21.476ms
[104.172s][info][gc          ] Allocation Stall (Executor task launch worker for task 44.0 in stage 0.0 (TID 44)) 24.289ms
[104.172s][info][gc          ] Allocation Stall (Executor task launch worker for task 16.0 in stage 0.0 (TID 16)) 24.098ms
[104.172s][info][gc          ] Allocation Stall (Executor task launch worker for task 19.0 in stage 0.0 (TID 19)) 23.860ms
[104.172s][info][gc          ] Allocation Stall (Executor task launch worker for task 28.0 in stage 0.0 (TID 28)) 23.728ms
[104.172s][info][gc          ] Allocation Stall (Executor task launch worker for task 23.0 in stage 0.0 (TID 23)) 23.789ms
[104.172s][info][gc          ] Allocation Stall (Executor task launch worker for task 6.0 in stage 0.0 (TID 6)) 23.833ms
[104.172s][info][gc          ] Allocation Stall (Executor task launch worker for task 45.0 in stage 0.0 (TID 45)) 23.383ms
[104.172s][info][gc          ] Allocation Stall (Executor task launch worker for task 31.0 in stage 0.0 (TID 31)) 23.801ms
[104.172s][info][gc          ] Allocation Stall (Executor task launch worker for task 32.0 in stage 0.0 (TID 32)) 22.848ms
[104.172s][info][gc          ] Allocation Stall (Executor task launch worker for task 4.0 in stage 0.0 (TID 4)) 22.570ms
[104.172s][info][gc          ] Allocation Stall (Executor task launch worker for task 18.0 in stage 0.0 (TID 18)) 23.394ms
[104.172s][info][gc          ] Allocation Stall (Executor task launch worker for task 26.0 in stage 0.0 (TID 26)) 22.451ms
[104.172s][info][gc          ] Allocation Stall (Executor task launch worker for task 1.0 in stage 0.0 (TID 1)) 21.874ms
[104.172s][info][gc          ] Allocation Stall (Executor task launch worker for task 20.0 in stage 0.0 (TID 20)) 22.373ms
[104.174s][info][gc          ] Allocation Stall (Executor task launch worker for task 38.0 in stage 0.0 (TID 38)) 11.206ms
[104.174s][info][gc          ] Allocation Stall (Executor task launch worker for task 27.0 in stage 0.0 (TID 27)) 23.363ms
[104.174s][info][gc          ] Allocation Stall (Executor task launch worker for task 9.0 in stage 0.0 (TID 9)) 10.857ms
[104.174s][info][gc          ] Allocation Stall (Executor task launch worker for task 17.0 in stage 0.0 (TID 17)) 23.202ms
[104.174s][info][gc          ] Allocation Stall (Executor task launch worker for task 42.0 in stage 0.0 (TID 42)) 22.510ms
[104.174s][info][gc          ] Allocation Stall (Executor task launch worker for task 47.0 in stage 0.0 (TID 47)) 21.802ms
[104.174s][info][gc          ] Allocation Stall (Executor task launch worker for task 46.0 in stage 0.0 (TID 46)) 21.639ms
[104.174s][info][gc          ] Allocation Stall (Executor task launch worker for task 13.0 in stage 0.0 (TID 13)) 21.075ms
[104.174s][info][gc          ] Allocation Stall (Executor task launch worker for task 10.0 in stage 0.0 (TID 10)) 18.772ms
[104.174s][info][gc          ] Allocation Stall (Executor task launch worker for task 7.0 in stage 0.0 (TID 7)) 11.992ms
[104.174s][info][gc          ] Allocation Stall (Executor task launch worker for task 14.0 in stage 0.0 (TID 14)) 11.973ms
[104.174s][info][gc          ] Allocation Stall (Executor task launch worker for task 36.0 in stage 0.0 (TID 36)) 11.868ms
[104.174s][info][gc          ] Allocation Stall (Executor task launch worker for task 34.0 in stage 0.0 (TID 34)) 11.663ms
[104.174s][info][gc          ] Allocation Stall (Executor task launch worker for task 15.0 in stage 0.0 (TID 15)) 11.641ms
[104.174s][info][gc          ] Allocation Stall (Executor task launch worker for task 39.0 in stage 0.0 (TID 39)) 11.661ms
[104.174s][info][gc          ] Allocation Stall (Executor task launch worker for task 29.0 in stage 0.0 (TID 29)) 11.437ms
[104.174s][info][gc          ] Allocation Stall (Executor task launch worker for task 3.0 in stage 0.0 (TID 3)) 6.387ms
[104.174s][info][gc          ] Allocation Stall (Executor task launch worker for task 37.0 in stage 0.0 (TID 37)) 0.239ms
[104.174s][info][gc          ] Allocation Stall (Executor task launch worker for task 11.0 in stage 0.0 (TID 11)) 11.104ms
[104.174s][info][gc          ] Allocation Stall (Executor task launch worker for task 22.0 in stage 0.0 (TID 22)) 11.014ms
[104.174s][info][gc          ] Allocation Stall (Executor task launch worker for task 24.0 in stage 0.0 (TID 24)) 10.992ms
[104.174s][info][gc          ] Allocation Stall (Executor task launch worker for task 12.0 in stage 0.0 (TID 12)) 10.905ms
[104.174s][info][gc          ] Allocation Stall (Executor task launch worker for task 0.0 in stage 0.0 (TID 0)) 10.768ms
[104.174s][info][gc          ] Allocation Stall (Executor task launch worker for task 30.0 in stage 0.0 (TID 30)) 6.682ms
[104.174s][info][gc          ] Allocation Stall (Executor task launch worker for task 25.0 in stage 0.0 (TID 25)) 6.428ms
[104.213s][info][gc,phases   ] GC(56) Concurrent Relocate 71.011ms
[104.213s][info][gc,load     ] GC(56) Load: 0.00/0.00/0.00
[104.213s][info][gc          ] Relocation Stall (Executor task launch worker for task 5.0 in stage 0.0 (TID 5)) 71.103ms
[104.213s][info][gc,mmu      ] GC(56) MMU: 2ms/94.2%, 5ms/97.7%, 10ms/98.8%, 20ms/99.3%, 50ms/99.7%, 100ms/99.9%
[104.213s][info][gc,marking  ] GC(56) Mark: 8 stripe(s), 2 proactive flush(es), 1 terminate flush(es), 0 completion(s), 0 continuation(s) 
[104.213s][info][gc,marking  ] GC(56) Mark Stack Usage: 32M
[104.213s][info][gc,nmethod  ] GC(56) NMethods: 2156 registered, 79 unregistered
[104.213s][info][gc,metaspace] GC(56) Metaspace: 112M used, 124M committed, 1152M reserved
[104.213s][info][gc,ref      ] GC(56) Soft: 2800 encountered, 2255 discovered, 0 enqueued
[104.213s][info][gc,ref      ] GC(56) Weak: 12964 encountered, 2198 discovered, 2 enqueued
[104.213s][info][gc,ref      ] GC(56) Final: 62 encountered, 23 discovered, 0 enqueued
[104.213s][info][gc,ref      ] GC(56) Phantom: 750 encountered, 548 discovered, 0 enqueued
[104.213s][info][gc,reloc    ] GC(56) Small Pages: 208 / 416M, Empty: 274M, Relocated: 1M, In-Place: 6
[104.213s][info][gc,reloc    ] GC(56) Medium Pages: 19 / 608M, Empty: 0M, Relocated: 53M, In-Place: 1
[104.213s][info][gc,reloc    ] GC(56) Large Pages: 0 / 0M, Empty: 0M, Relocated: 0M, In-Place: 0
[104.213s][info][gc,reloc    ] GC(56) Forwarding Usage: 0M
[104.213s][info][gc,heap     ] GC(56) Min Capacity: 8M(1%)
[104.213s][info][gc,heap     ] GC(56) Max Capacity: 1024M(100%)
[104.213s][info][gc,heap     ] GC(56) Soft Max Capacity: 1024M(100%)
[104.213s][info][gc,heap     ] GC(56)                Mark Start          Mark End        Relocate Start      Relocate End           High               Low         
[104.213s][info][gc,heap     ] GC(56)  Capacity:     1024M (100%)       1024M (100%)       1024M (100%)       1024M (100%)       1024M (100%)       1024M (100%)   
[104.213s][info][gc,heap     ] GC(56)      Free:        0M (0%)            0M (0%)          194M (19%)         238M (23%)         258M (25%)           0M (0%)     
[104.213s][info][gc,heap     ] GC(56)      Used:     1024M (100%)       1024M (100%)        830M (81%)         786M (77%)        1024M (100%)        766M (75%)    
[104.213s][info][gc,heap     ] GC(56)      Live:         -               542M (53%)         542M (53%)         542M (53%)            -                  -          
[104.213s][info][gc,heap     ] GC(56) Allocated:         -                 0M (0%)           80M (8%)          148M (14%)            -                  -          
[104.213s][info][gc,heap     ] GC(56)   Garbage:         -               481M (47%)         207M (20%)          95M (9%)             -                  -          
[104.213s][info][gc,heap     ] GC(56) Reclaimed:         -                  -               274M (27%)         386M (38%)            -                  -          
[104.213s][info][gc          ] GC(56) Garbage Collection (Allocation Stall) 1024M(100%)->786M(77%)
[104.242s][info][gc,start    ] GC(57) Garbage Collection (Allocation Stall)
[104.242s][info][gc,ref      ] GC(57) Clearing All SoftReferences
[104.242s][info][gc,task     ] GC(57) Using 10 workers
[104.243s][info][gc,ref      ] GC(57) Clearing All SoftReferences
[104.243s][info][gc,phases   ] GC(57) Pause Mark Start 0.034ms
[104.325s][info][gc          ] Allocation Stall (Executor task launch worker for task 33.0 in stage 0.0 (TID 33)) 0.119ms
[104.325s][info][gc          ] Allocation Stall (Executor task launch worker for task 2.0 in stage 0.0 (TID 2)) 0.143ms
[104.325s][info][gc          ] Allocation Stall (Executor task launch worker for task 12.0 in stage 0.0 (TID 12)) 0.143ms
[104.325s][info][gc          ] Allocation Stall (Executor task launch worker for task 14.0 in stage 0.0 (TID 14)) 0.160ms
[104.325s][info][gc          ] Allocation Stall (Executor task launch worker for task 5.0 in stage 0.0 (TID 5)) 0.161ms
[104.325s][info][gc          ] Allocation Stall (Executor task launch worker for task 30.0 in stage 0.0 (TID 30)) 0.194ms
[104.325s][info][gc          ] Allocation Stall (Executor task launch worker for task 35.0 in stage 0.0 (TID 35)) 0.216ms
[104.325s][info][gc          ] Allocation Stall (Executor task launch worker for task 18.0 in stage 0.0 (TID 18)) 0.248ms
[104.325s][info][gc          ] Allocation Stall (Executor task launch worker for task 41.0 in stage 0.0 (TID 41)) 0.277ms
[104.325s][info][gc          ] Allocation Stall (Executor task launch worker for task 17.0 in stage 0.0 (TID 17)) 0.305ms
[104.326s][info][gc          ] Allocation Stall (Executor task launch worker for task 34.0 in stage 0.0 (TID 34)) 0.366ms
[104.326s][info][gc          ] Allocation Stall (Executor task launch worker for task 37.0 in stage 0.0 (TID 37)) 0.385ms
[104.326s][info][gc          ] Allocation Stall (Executor task launch worker for task 46.0 in stage 0.0 (TID 46)) 0.409ms
[104.326s][info][gc          ] Allocation Stall (Executor task launch worker for task 42.0 in stage 0.0 (TID 42)) 0.430ms
[104.326s][info][gc          ] Allocation Stall (Executor task launch worker for task 40.0 in stage 0.0 (TID 40)) 0.449ms
[104.326s][info][gc          ] Allocation Stall (Executor task launch worker for task 26.0 in stage 0.0 (TID 26)) 0.483ms
[104.326s][info][gc          ] Allocation Stall (Executor task launch worker for task 28.0 in stage 0.0 (TID 28)) 0.479ms
[104.326s][info][gc          ] Allocation Stall (Executor task launch worker for task 13.0 in stage 0.0 (TID 13)) 0.554ms
[104.326s][info][gc          ] Allocation Stall (Executor task launch worker for task 24.0 in stage 0.0 (TID 24)) 0.587ms
[104.326s][info][gc          ] Allocation Stall (Executor task launch worker for task 7.0 in stage 0.0 (TID 7)) 0.629ms
[104.326s][info][gc          ] Allocation Stall (Executor task launch worker for task 31.0 in stage 0.0 (TID 31)) 0.653ms
[104.326s][info][gc          ] Allocation Stall (Executor task launch worker for task 4.0 in stage 0.0 (TID 4)) 0.677ms
[104.326s][info][gc          ] Allocation Stall (Executor task launch worker for task 8.0 in stage 0.0 (TID 8)) 0.702ms
[104.326s][info][gc          ] Allocation Stall (Executor task launch worker for task 1.0 in stage 0.0 (TID 1)) 0.723ms
[104.326s][info][gc          ] Allocation Stall (Executor task launch worker for task 21.0 in stage 0.0 (TID 21)) 0.776ms
[104.326s][info][gc          ] Allocation Stall (Executor task launch worker for task 27.0 in stage 0.0 (TID 27)) 0.580ms
[104.367s][info][gc,phases   ] GC(57) Concurrent Mark 101.656ms
[104.367s][info][gc,phases   ] GC(57) Pause Mark End 0.026ms
[104.367s][info][gc,phases   ] GC(57) Concurrent Mark Free 0.001ms
[104.368s][info][gc,phases   ] GC(57) Concurrent Process Non-Strong References 1.046ms
[104.368s][info][gc,phases   ] GC(57) Concurrent Reset Relocation Set 0.004ms
[104.371s][info][gc          ] Allocation Stall (Executor task launch worker for task 36.0 in stage 0.0 (TID 36)) 21.922ms
[104.371s][info][gc          ] Allocation Stall (Executor task launch worker for task 45.0 in stage 0.0 (TID 45)) 21.623ms
[104.371s][info][gc          ] Allocation Stall (Executor task launch worker for task 5.0 in stage 0.0 (TID 5)) 21.780ms
[104.371s][info][gc          ] Allocation Stall (Executor task launch worker for task 34.0 in stage 0.0 (TID 34)) 20.712ms
[104.371s][info][gc          ] Allocation Stall (Executor task launch worker for task 15.0 in stage 0.0 (TID 15)) 21.905ms
[104.371s][info][gc          ] Allocation Stall (Executor task launch worker for task 14.0 in stage 0.0 (TID 14)) 22.592ms
[104.371s][info][gc          ] Allocation Stall (Executor task launch worker for task 3.0 in stage 0.0 (TID 3)) 22.020ms
[104.371s][info][gc          ] Allocation Stall (Executor task launch worker for task 19.0 in stage 0.0 (TID 19)) 21.118ms
[104.371s][info][gc          ] Allocation Stall (Executor task launch worker for task 20.0 in stage 0.0 (TID 20)) 20.744ms
[104.371s][info][gc          ] Allocation Stall (Executor task launch worker for task 26.0 in stage 0.0 (TID 26)) 21.611ms
[104.371s][info][gc          ] Allocation Stall (Executor task launch worker for task 39.0 in stage 0.0 (TID 39)) 22.807ms
[104.371s][info][gc          ] Allocation Stall (Executor task launch worker for task 8.0 in stage 0.0 (TID 8)) 21.620ms
[104.371s][info][gc          ] Allocation Stall (Executor task launch worker for task 31.0 in stage 0.0 (TID 31)) 21.630ms
[104.371s][info][gc          ] Allocation Stall (Executor task launch worker for task 1.0 in stage 0.0 (TID 1)) 22.568ms
[104.371s][info][gc          ] Allocation Stall (Executor task launch worker for task 6.0 in stage 0.0 (TID 6)) 22.713ms
[104.371s][info][gc          ] Allocation Stall (Executor task launch worker for task 32.0 in stage 0.0 (TID 32)) 20.866ms
[104.371s][info][gc          ] Allocation Stall (Executor task launch worker for task 13.0 in stage 0.0 (TID 13)) 20.768ms
[104.371s][info][gc          ] Allocation Stall (Executor task launch worker for task 9.0 in stage 0.0 (TID 9)) 23.083ms
[104.371s][info][gc          ] Allocation Stall (Executor task launch worker for task 0.0 in stage 0.0 (TID 0)) 21.735ms
[104.371s][info][gc          ] Allocation Stall (Executor task launch worker for task 18.0 in stage 0.0 (TID 18)) 21.680ms
[104.371s][info][gc          ] Allocation Stall (Executor task launch worker for task 12.0 in stage 0.0 (TID 12)) 23.078ms
[104.371s][info][gc          ] Allocation Stall (Executor task launch worker for task 33.0 in stage 0.0 (TID 33)) 22.364ms
[104.371s][info][gc          ] Allocation Stall (Spark Context Cleaner) 19.830ms
[104.371s][info][gc          ] Allocation Stall (Executor task launch worker for task 24.0 in stage 0.0 (TID 24)) 23.675ms
[104.371s][info][gc          ] Allocation Stall (Executor task launch worker for task 37.0 in stage 0.0 (TID 37)) 20.874ms
[104.371s][info][gc          ] Allocation Stall (Executor task launch worker for task 46.0 in stage 0.0 (TID 46)) 21.505ms
[104.371s][info][gc          ] Allocation Stall (Executor task launch worker for task 28.0 in stage 0.0 (TID 28)) 20.791ms
[104.371s][info][gc          ] Allocation Stall (Executor task launch worker for task 30.0 in stage 0.0 (TID 30)) 21.782ms
[104.371s][info][gc          ] Allocation Stall (Executor task launch worker for task 27.0 in stage 0.0 (TID 27)) 23.585ms
[104.371s][info][gc          ] Allocation Stall (Executor task launch worker for task 41.0 in stage 0.0 (TID 41)) 21.196ms
[104.371s][info][gc          ] Allocation Stall (Executor task launch worker for task 17.0 in stage 0.0 (TID 17)) 20.775ms
[104.371s][info][gc          ] Allocation Stall (Executor task launch worker for task 38.0 in stage 0.0 (TID 38)) 20.769ms
[104.371s][info][gc          ] Allocation Stall (Executor task launch worker for task 43.0 in stage 0.0 (TID 43)) 22.494ms
[104.371s][info][gc          ] Allocation Stall (Executor task launch worker for task 25.0 in stage 0.0 (TID 25)) 21.672ms
[104.371s][info][gc          ] Allocation Stall (Executor task launch worker for task 10.0 in stage 0.0 (TID 10)) 22.064ms
[104.371s][info][gc          ] Allocation Stall (Executor task launch worker for task 7.0 in stage 0.0 (TID 7)) 23.698ms
[104.371s][info][gc          ] Allocation Stall (Executor task launch worker for task 21.0 in stage 0.0 (TID 21)) 20.778ms
[104.371s][info][gc          ] Allocation Stall (Executor task launch worker for task 44.0 in stage 0.0 (TID 44)) 21.905ms
[104.371s][info][gc          ] Allocation Stall (Executor task launch worker for task 47.0 in stage 0.0 (TID 47)) 21.719ms
[104.371s][info][gc          ] Allocation Stall (Executor task launch worker for task 4.0 in stage 0.0 (TID 4)) 20.837ms
[104.371s][info][gc          ] Allocation Stall (Executor task launch worker for task 29.0 in stage 0.0 (TID 29)) 22.983ms
[104.371s][info][gc          ] Allocation Stall (Executor task launch worker for task 35.0 in stage 0.0 (TID 35)) 21.793ms
[104.371s][info][gc          ] Allocation Stall (Executor task launch worker for task 11.0 in stage 0.0 (TID 11)) 21.929ms
[104.371s][info][gc          ] Allocation Stall (Executor task launch worker for task 40.0 in stage 0.0 (TID 40)) 21.045ms
[104.371s][info][gc          ] Allocation Stall (Executor task launch worker for task 16.0 in stage 0.0 (TID 16)) 21.910ms
[104.371s][info][gc          ] Allocation Stall (Executor task launch worker for task 22.0 in stage 0.0 (TID 22)) 21.267ms
[104.371s][info][gc          ] Allocation Stall (Executor task launch worker for task 42.0 in stage 0.0 (TID 42)) 21.798ms
[104.371s][info][gc          ] Allocation Stall (Executor task launch worker for task 23.0 in stage 0.0 (TID 23)) 22.222ms
[104.371s][info][gc          ] Allocation Stall (Executor task launch worker for task 2.0 in stage 0.0 (TID 2)) 22.106ms
[104.372s][info][gc,phases   ] GC(57) Concurrent Select Relocation Set 3.393ms
[104.430s][info][gc,phases   ] GC(57) Pause Relocate Start 0.006ms
[104.430s][info][gc          ] Allocation Stall (Executor task launch worker for task 15.0 in stage 0.0 (TID 15)) 0.155ms
[104.430s][info][gc          ] Allocation Stall (Executor task launch worker for task 45.0 in stage 0.0 (TID 45)) 1.595ms
[104.430s][info][gc          ] Allocation Stall (Executor task launch worker for task 19.0 in stage 0.0 (TID 19)) 0.197ms
[104.430s][info][gc          ] Allocation Stall (Executor task launch worker for task 11.0 in stage 0.0 (TID 11)) 0.093ms
[104.430s][info][gc          ] Allocation Stall (Executor task launch worker for task 16.0 in stage 0.0 (TID 16)) 0.180ms
[104.430s][info][gc          ] Allocation Stall (Executor task launch worker for task 37.0 in stage 0.0 (TID 37)) 0.092ms
[104.430s][info][gc          ] Allocation Stall (Executor task launch worker for task 44.0 in stage 0.0 (TID 44)) 0.147ms
[104.430s][info][gc          ] Allocation Stall (Executor task launch worker for task 34.0 in stage 0.0 (TID 34)) 0.188ms
[104.430s][info][gc          ] Allocation Stall (Executor task launch worker for task 28.0 in stage 0.0 (TID 28)) 0.098ms
[104.430s][info][gc          ] Allocation Stall (Executor task launch worker for task 23.0 in stage 0.0 (TID 23)) 2.067ms
[104.430s][info][gc          ] Relocation Stall (Executor task launch worker for task 35.0 in stage 0.0 (TID 35)) 0.240ms
[104.430s][info][gc          ] Relocation Stall (Executor task launch worker for task 47.0 in stage 0.0 (TID 47)) 0.118ms
[104.430s][info][gc          ] Relocation Stall (Executor task launch worker for task 10.0 in stage 0.0 (TID 10)) 0.287ms
[104.430s][info][gc          ] Relocation Stall (Executor task launch worker for task 12.0 in stage 0.0 (TID 12)) 0.294ms
[104.430s][info][gc          ] Relocation Stall (Executor task launch worker for task 5.0 in stage 0.0 (TID 5)) 0.300ms
[104.430s][info][gc          ] Relocation Stall (Executor task launch worker for task 39.0 in stage 0.0 (TID 39)) 0.282ms
[104.430s][info][gc          ] Relocation Stall (Executor task launch worker for task 14.0 in stage 0.0 (TID 14)) 0.304ms
[104.430s][info][gc          ] Relocation Stall (Executor task launch worker for task 29.0 in stage 0.0 (TID 29)) 0.252ms
[104.430s][info][gc          ] Relocation Stall (Executor task launch worker for task 36.0 in stage 0.0 (TID 36)) 0.317ms
[104.430s][info][gc          ] Relocation Stall (Executor task launch worker for task 42.0 in stage 0.0 (TID 42)) 0.331ms
[104.430s][info][gc          ] Relocation Stall (Executor task launch worker for task 38.0 in stage 0.0 (TID 38)) 0.309ms
[104.430s][info][gc          ] Relocation Stall (Executor task launch worker for task 17.0 in stage 0.0 (TID 17)) 0.196ms
[104.430s][info][gc          ] Relocation Stall (Executor task launch worker for task 30.0 in stage 0.0 (TID 30)) 0.173ms
[104.430s][info][gc          ] Relocation Stall (Executor task launch worker for task 0.0 in stage 0.0 (TID 0)) 0.282ms
[104.430s][info][gc          ] Relocation Stall (Executor task launch worker for task 33.0 in stage 0.0 (TID 33)) 0.279ms
[104.430s][info][gc          ] Relocation Stall (Executor task launch worker for task 41.0 in stage 0.0 (TID 41)) 0.293ms
[104.430s][info][gc          ] Relocation Stall (Executor task launch worker for task 6.0 in stage 0.0 (TID 6)) 0.347ms
[104.430s][info][gc          ] Relocation Stall (Executor task launch worker for task 22.0 in stage 0.0 (TID 22)) 0.186ms
[104.430s][info][gc          ] Relocation Stall (Executor task launch worker for task 15.0 in stage 0.0 (TID 15)) 0.206ms
[104.430s][info][gc          ] Relocation Stall (Executor task launch worker for task 1.0 in stage 0.0 (TID 1)) 0.337ms
[104.430s][info][gc          ] Relocation Stall (Executor task launch worker for task 9.0 in stage 0.0 (TID 9)) 0.394ms
[104.430s][info][gc          ] Relocation Stall (Executor task launch worker for task 18.0 in stage 0.0 (TID 18)) 0.360ms
[104.430s][info][gc          ] Relocation Stall (Executor task launch worker for task 46.0 in stage 0.0 (TID 46)) 0.344ms
[104.430s][info][gc          ] Relocation Stall (Executor task launch worker for task 8.0 in stage 0.0 (TID 8)) 0.375ms
[104.430s][info][gc          ] Relocation Stall (Executor task launch worker for task 32.0 in stage 0.0 (TID 32)) 0.362ms
[104.430s][info][gc          ] Relocation Stall (Executor task launch worker for task 3.0 in stage 0.0 (TID 3)) 0.345ms
[104.430s][info][gc          ] Relocation Stall (Executor task launch worker for task 31.0 in stage 0.0 (TID 31)) 0.349ms
[104.430s][info][gc          ] Relocation Stall (Executor task launch worker for task 25.0 in stage 0.0 (TID 25)) 0.349ms
[104.430s][info][gc          ] Relocation Stall (Executor task launch worker for task 21.0 in stage 0.0 (TID 21)) 0.400ms
[104.430s][info][gc          ] Relocation Stall (Executor task launch worker for task 24.0 in stage 0.0 (TID 24)) 0.356ms
[104.430s][info][gc          ] Relocation Stall (Executor task launch worker for task 7.0 in stage 0.0 (TID 7)) 0.351ms
[104.430s][info][gc          ] Relocation Stall (Executor task launch worker for task 40.0 in stage 0.0 (TID 40)) 0.361ms
[104.430s][info][gc          ] Relocation Stall (Executor task launch worker for task 2.0 in stage 0.0 (TID 2)) 0.420ms
[104.430s][info][gc          ] Relocation Stall (Executor task launch worker for task 26.0 in stage 0.0 (TID 26)) 0.401ms
[104.430s][info][gc          ] Relocation Stall (Executor task launch worker for task 27.0 in stage 0.0 (TID 27)) 0.478ms
[104.430s][info][gc          ] Relocation Stall (Executor task launch worker for task 13.0 in stage 0.0 (TID 13)) 0.382ms
[104.430s][info][gc          ] Relocation Stall (Executor task launch worker for task 43.0 in stage 0.0 (TID 43)) 0.413ms
[104.430s][info][gc,phases   ] GC(57) Concurrent Relocate 0.568ms
[104.436s][info][gc,load     ] GC(57) Load: 0.00/0.00/0.00
[104.436s][info][gc,mmu      ] GC(57) MMU: 2ms/94.2%, 5ms/97.7%, 10ms/98.8%, 20ms/99.3%, 50ms/99.7%, 100ms/99.9%
[104.436s][info][gc,marking  ] GC(57) Mark: 8 stripe(s), 2 proactive flush(es), 1 terminate flush(es), 0 completion(s), 0 continuation(s) 
[104.436s][info][gc,marking  ] GC(57) Mark Stack Usage: 32M
[104.436s][info][gc,nmethod  ] GC(57) NMethods: 2156 registered, 79 unregistered
[104.436s][info][gc,metaspace] GC(57) Metaspace: 112M used, 124M committed, 1152M reserved
[104.436s][info][gc,ref      ] GC(57) Soft: 2800 encountered, 577 discovered, 0 enqueued
[104.436s][info][gc,ref      ] GC(57) Weak: 12964 encountered, 1508 discovered, 0 enqueued
[104.436s][info][gc,ref      ] GC(57) Final: 62 encountered, 5 discovered, 0 enqueued
[104.436s][info][gc,ref      ] GC(57) Phantom: 750 encountered, 579 discovered, 0 enqueued
[104.436s][info][gc,reloc    ] GC(57) Small Pages: 133 / 266M, Empty: 124M, Relocated: 1M, In-Place: 10
[104.436s][info][gc,reloc    ] GC(57) Medium Pages: 18 / 576M, Empty: 0M, Relocated: 0M, In-Place: 0
[104.436s][info][gc,reloc    ] GC(57) Large Pages: 0 / 0M, Empty: 0M, Relocated: 0M, In-Place: 0
[104.436s][info][gc,reloc    ] GC(57) Forwarding Usage: 0M
[104.436s][info][gc,heap     ] GC(57) Min Capacity: 8M(1%)
[104.436s][info][gc,heap     ] GC(57) Max Capacity: 1024M(100%)
[104.436s][info][gc,heap     ] GC(57) Soft Max Capacity: 1024M(100%)
[104.436s][info][gc,heap     ] GC(57)                Mark Start          Mark End        Relocate Start      Relocate End           High               Low         
[104.436s][info][gc,heap     ] GC(57)  Capacity:     1024M (100%)       1024M (100%)       1024M (100%)       1024M (100%)       1024M (100%)       1024M (100%)   
[104.436s][info][gc,heap     ] GC(57)      Free:      182M (18%)           0M (0%)            0M (0%)           46M (4%)          182M (18%)           0M (0%)     
[104.437s][info][gc,heap     ] GC(57)      Used:      842M (82%)        1024M (100%)       1024M (100%)        978M (96%)        1024M (100%)        842M (82%)    
[104.437s][info][gc,heap     ] GC(57)      Live:         -               548M (54%)         548M (54%)         548M (54%)            -                  -          
[104.437s][info][gc,heap     ] GC(57) Allocated:         -               182M (18%)         306M (30%)         309M (30%)            -                  -          
[104.437s][info][gc,heap     ] GC(57)   Garbage:         -               293M (29%)         169M (17%)         119M (12%)            -                  -          
[104.437s][info][gc,heap     ] GC(57) Reclaimed:         -                  -               124M (12%)         173M (17%)            -                  -          
[104.437s][info][gc          ] GC(57) Garbage Collection (Allocation Stall) 842M(82%)->978M(96%)
[104.437s][info][gc,start    ] GC(58) Garbage Collection (Allocation Stall)
[104.437s][info][gc,ref      ] GC(58) Clearing All SoftReferences
[104.437s][info][gc,task     ] GC(58) Using 10 workers
[104.437s][info][gc,ref      ] GC(58) Clearing All SoftReferences
[104.437s][info][gc,phases   ] GC(58) Pause Mark Start 0.025ms
[104.461s][info][gc,phases   ] GC(58) Concurrent Mark 23.692ms
[104.461s][info][gc,phases   ] GC(58) Pause Mark End 0.014ms
[104.461s][info][gc,phases   ] GC(58) Concurrent Mark Free 0.000ms
[104.462s][info][gc,phases   ] GC(58) Concurrent Process Non-Strong References 0.790ms
[104.462s][info][gc,phases   ] GC(58) Concurrent Reset Relocation Set 0.004ms
[104.462s][info][gc          ] Allocation Stall (Executor task launch worker for task 45.0 in stage 0.0 (TID 45)) 24.733ms
[104.462s][info][gc          ] Allocation Stall (Executor task launch worker for task 26.0 in stage 0.0 (TID 26)) 24.752ms
[104.462s][info][gc          ] Allocation Stall (Executor task launch worker for task 2.0 in stage 0.0 (TID 2)) 24.623ms
[104.462s][info][gc          ] Allocation Stall (Executor task launch worker for task 37.0 in stage 0.0 (TID 37)) 24.755ms
[104.462s][info][gc          ] Allocation Stall (Executor task launch worker for task 15.0 in stage 0.0 (TID 15)) 24.708ms
[104.462s][info][gc          ] Allocation Stall (Executor task launch worker for task 11.0 in stage 0.0 (TID 11)) 24.648ms
[104.462s][info][gc          ] Allocation Stall (Executor task launch worker for task 21.0 in stage 0.0 (TID 21)) 24.619ms
[104.462s][info][gc          ] Allocation Stall (Executor task launch worker for task 22.0 in stage 0.0 (TID 22)) 24.655ms
[104.462s][info][gc          ] Allocation Stall (Executor task launch worker for task 3.0 in stage 0.0 (TID 3)) 25.607ms
[104.462s][info][gc          ] Allocation Stall (Executor task launch worker for task 24.0 in stage 0.0 (TID 24)) 24.672ms
[104.462s][info][gc          ] Allocation Stall (Executor task launch worker for task 18.0 in stage 0.0 (TID 18)) 24.656ms
[104.462s][info][gc          ] Allocation Stall (Executor task launch worker for task 10.0 in stage 0.0 (TID 10)) 21.228ms
[104.462s][info][gc          ] Allocation Stall (Executor task launch worker for task 20.0 in stage 0.0 (TID 20)) 20.105ms
[104.462s][info][gc          ] Allocation Stall (Executor task launch worker for task 7.0 in stage 0.0 (TID 7)) 24.699ms
[104.462s][info][gc          ] Allocation Stall (Executor task launch worker for task 31.0 in stage 0.0 (TID 31)) 24.681ms
[104.462s][info][gc          ] Allocation Stall (Executor task launch worker for task 8.0 in stage 0.0 (TID 8)) 24.657ms
[104.462s][info][gc          ] Allocation Stall (Executor task launch worker for task 33.0 in stage 0.0 (TID 33)) 24.679ms
[104.462s][info][gc          ] Allocation Stall (Executor task launch worker for task 4.0 in stage 0.0 (TID 4)) 19.294ms
[104.462s][info][gc          ] Allocation Stall (Executor task launch worker for task 36.0 in stage 0.0 (TID 36)) 24.653ms
[104.462s][info][gc          ] Allocation Stall (Executor task launch worker for task 25.0 in stage 0.0 (TID 25)) 24.663ms
[104.462s][info][gc          ] Allocation Stall (Executor task launch worker for task 41.0 in stage 0.0 (TID 41)) 24.682ms
[104.462s][info][gc          ] Allocation Stall (Executor task launch worker for task 38.0 in stage 0.0 (TID 38)) 24.661ms
[104.462s][info][gc          ] Allocation Stall (Executor task launch worker for task 12.0 in stage 0.0 (TID 12)) 25.595ms
[104.462s][info][gc          ] Allocation Stall (Executor task launch worker for task 46.0 in stage 0.0 (TID 46)) 24.725ms
[104.462s][info][gc          ] Allocation Stall (Executor task launch worker for task 14.0 in stage 0.0 (TID 14)) 24.789ms
[104.462s][info][gc          ] Allocation Stall (Executor task launch worker for task 6.0 in stage 0.0 (TID 6)) 24.805ms
[104.462s][info][gc          ] Allocation Stall (Executor task launch worker for task 29.0 in stage 0.0 (TID 29)) 18.582ms
[104.462s][info][gc          ] Allocation Stall (Executor task launch worker for task 19.0 in stage 0.0 (TID 19)) 25.510ms
[104.462s][info][gc          ] Allocation Stall (Executor task launch worker for task 30.0 in stage 0.0 (TID 30)) 24.791ms
[104.462s][info][gc          ] Allocation Stall (Executor task launch worker for task 5.0 in stage 0.0 (TID 5)) 24.823ms
[104.462s][info][gc          ] Allocation Stall (Executor task launch worker for task 13.0 in stage 0.0 (TID 13)) 24.813ms
[104.462s][info][gc          ] Allocation Stall (Executor task launch worker for task 32.0 in stage 0.0 (TID 32)) 24.810ms
[104.462s][info][gc          ] Allocation Stall (Executor task launch worker for task 0.0 in stage 0.0 (TID 0)) 24.815ms
[104.462s][info][gc          ] Allocation Stall (Executor task launch worker for task 42.0 in stage 0.0 (TID 42)) 25.610ms
[104.462s][info][gc          ] Allocation Stall (Executor task launch worker for task 44.0 in stage 0.0 (TID 44)) 24.849ms
[104.462s][info][gc          ] Allocation Stall (Executor task launch worker for task 27.0 in stage 0.0 (TID 27)) 24.851ms
[104.462s][info][gc          ] Allocation Stall (Executor task launch worker for task 35.0 in stage 0.0 (TID 35)) 24.821ms
[104.462s][info][gc          ] Allocation Stall (Executor task launch worker for task 1.0 in stage 0.0 (TID 1)) 24.854ms
[104.462s][info][gc          ] Allocation Stall (Executor task launch worker for task 40.0 in stage 0.0 (TID 40)) 24.849ms
[104.462s][info][gc          ] Allocation Stall (Executor task launch worker for task 47.0 in stage 0.0 (TID 47)) 24.857ms
[104.462s][info][gc          ] Allocation Stall (Executor task launch worker for task 9.0 in stage 0.0 (TID 9)) 25.388ms
[104.462s][info][gc          ] Allocation Stall (Executor task launch worker for task 17.0 in stage 0.0 (TID 17)) 24.855ms
[104.462s][info][gc          ] Allocation Stall (Executor task launch worker for task 28.0 in stage 0.0 (TID 28)) 25.518ms
[104.462s][info][gc          ] Allocation Stall (Executor task launch worker for task 43.0 in stage 0.0 (TID 43)) 25.514ms
[104.462s][info][gc          ] Allocation Stall (Executor task launch worker for task 16.0 in stage 0.0 (TID 16)) 25.626ms
[104.462s][info][gc          ] Allocation Stall (Executor task launch worker for task 39.0 in stage 0.0 (TID 39)) 25.565ms
[104.462s][info][gc          ] Allocation Stall (Executor task launch worker for task 23.0 in stage 0.0 (TID 23)) 25.558ms
[104.462s][info][gc          ] Allocation Stall (Executor task launch worker for task 34.0 in stage 0.0 (TID 34)) 25.533ms
[104.465s][info][gc,phases   ] GC(58) Concurrent Select Relocation Set 3.530ms
[104.465s][info][gc,phases   ] GC(58) Pause Relocate Start 0.004ms
[104.478s][info][gc          ] Allocation Stall (Executor task launch worker for task 29.0 in stage 0.0 (TID 29)) 6.073ms
[104.478s][info][gc          ] Allocation Stall (Executor task launch worker for task 45.0 in stage 0.0 (TID 45)) 5.849ms
[104.478s][info][gc          ] Allocation Stall (Executor task launch worker for task 15.0 in stage 0.0 (TID 15)) 6.425ms
[104.478s][info][gc          ] Allocation Stall (Executor task launch worker for task 25.0 in stage 0.0 (TID 25)) 6.377ms
[104.478s][info][gc          ] Allocation Stall (Executor task launch worker for task 0.0 in stage 0.0 (TID 0)) 6.574ms
[104.478s][info][gc          ] Allocation Stall (Executor task launch worker for task 18.0 in stage 0.0 (TID 18)) 6.758ms
[104.478s][info][gc          ] Allocation Stall (Executor task launch worker for task 7.0 in stage 0.0 (TID 7)) 6.615ms
[104.478s][info][gc          ] Allocation Stall (Executor task launch worker for task 38.0 in stage 0.0 (TID 38)) 5.773ms
[104.478s][info][gc          ] Allocation Stall (Executor task launch worker for task 30.0 in stage 0.0 (TID 30)) 6.624ms
[104.478s][info][gc          ] Allocation Stall (Executor task launch worker for task 36.0 in stage 0.0 (TID 36)) 5.958ms
[104.478s][info][gc          ] Allocation Stall (Executor task launch worker for task 22.0 in stage 0.0 (TID 22)) 5.515ms
[104.478s][info][gc          ] Allocation Stall (Executor task launch worker for task 26.0 in stage 0.0 (TID 26)) 6.086ms
[104.478s][info][gc          ] Allocation Stall (Executor task launch worker for task 24.0 in stage 0.0 (TID 24)) 6.577ms
[104.478s][info][gc          ] Allocation Stall (Executor task launch worker for task 13.0 in stage 0.0 (TID 13)) 6.626ms
[104.478s][info][gc          ] Allocation Stall (Executor task launch worker for task 1.0 in stage 0.0 (TID 1)) 6.608ms
[104.478s][info][gc          ] Allocation Stall (Executor task launch worker for task 9.0 in stage 0.0 (TID 9)) 5.504ms
[104.479s][info][gc          ] Allocation Stall (Executor task launch worker for task 16.0 in stage 0.0 (TID 16)) 6.292ms
[104.479s][info][gc          ] Allocation Stall (Executor task launch worker for task 37.0 in stage 0.0 (TID 37)) 6.117ms
[104.479s][info][gc          ] Allocation Stall (Executor task launch worker for task 11.0 in stage 0.0 (TID 11)) 5.954ms
[104.479s][info][gc          ] Allocation Stall (Executor task launch worker for task 27.0 in stage 0.0 (TID 27)) 5.908ms
[104.479s][info][gc          ] Allocation Stall (Executor task launch worker for task 3.0 in stage 0.0 (TID 3)) 5.932ms
[104.479s][info][gc          ] Allocation Stall (Executor task launch worker for task 12.0 in stage 0.0 (TID 12)) 5.965ms
[104.479s][info][gc          ] Allocation Stall (Executor task launch worker for task 44.0 in stage 0.0 (TID 44)) 6.399ms
[104.479s][info][gc          ] Allocation Stall (Executor task launch worker for task 10.0 in stage 0.0 (TID 10)) 6.414ms
[104.479s][info][gc          ] Allocation Stall (Executor task launch worker for task 33.0 in stage 0.0 (TID 33)) 6.431ms
[104.480s][info][gc          ] Allocation Stall (Executor task launch worker for task 34.0 in stage 0.0 (TID 34)) 6.469ms
[104.480s][info][gc          ] Allocation Stall (Executor task launch worker for task 4.0 in stage 0.0 (TID 4)) 6.477ms
[104.480s][info][gc          ] Allocation Stall (Executor task launch worker for task 39.0 in stage 0.0 (TID 39)) 6.547ms
[104.480s][info][gc          ] Allocation Stall (Executor task launch worker for task 20.0 in stage 0.0 (TID 20)) 6.562ms
[104.487s][info][gc          ] Allocation Stall (Spark Context Cleaner) 11.008ms
[104.487s][info][gc          ] Allocation Stall (Executor task launch worker for task 8.0 in stage 0.0 (TID 8)) 9.595ms
[104.487s][info][gc          ] Allocation Stall (Executor task launch worker for task 11.0 in stage 0.0 (TID 11)) 4.362ms
[104.488s][info][gc          ] Allocation Stall (Executor task launch worker for task 27.0 in stage 0.0 (TID 27)) 4.297ms
[104.488s][info][gc          ] Allocation Stall (Executor task launch worker for task 39.0 in stage 0.0 (TID 39)) 4.149ms
[104.488s][info][gc          ] Allocation Stall (Executor task launch worker for task 37.0 in stage 0.0 (TID 37)) 4.028ms
[104.488s][info][gc          ] Allocation Stall (Executor task launch worker for task 44.0 in stage 0.0 (TID 44)) 4.019ms
[104.488s][info][gc          ] Allocation Stall (Executor task launch worker for task 29.0 in stage 0.0 (TID 29)) 1.429ms
[104.488s][info][gc          ] Allocation Stall (Executor task launch worker for task 25.0 in stage 0.0 (TID 25)) 1.404ms
[104.488s][info][gc          ] Allocation Stall (Executor task launch worker for task 3.0 in stage 0.0 (TID 3)) 1.431ms
[104.488s][info][gc          ] Allocation Stall (Executor task launch worker for task 45.0 in stage 0.0 (TID 45)) 1.351ms
[104.488s][info][gc          ] Allocation Stall (Executor task launch worker for task 20.0 in stage 0.0 (TID 20)) 1.109ms
[104.488s][info][gc          ] Allocation Stall (Executor task launch worker for task 16.0 in stage 0.0 (TID 16)) 0.962ms
[104.488s][info][gc          ] Allocation Stall (Executor task launch worker for task 10.0 in stage 0.0 (TID 10)) 0.954ms
[104.488s][info][gc          ] Allocation Stall (Executor task launch worker for task 4.0 in stage 0.0 (TID 4)) 1.006ms
[104.488s][info][gc          ] Allocation Stall (Executor task launch worker for task 34.0 in stage 0.0 (TID 34)) 1.010ms
[104.488s][info][gc          ] Allocation Stall (Executor task launch worker for task 12.0 in stage 0.0 (TID 12)) 0.936ms
[104.488s][info][gc          ] Allocation Stall (Executor task launch worker for task 33.0 in stage 0.0 (TID 33)) 1.007ms
[104.494s][info][gc          ] Allocation Stall (Executor task launch worker for task 37.0 in stage 0.0 (TID 37)) 2.363ms
[104.494s][info][gc          ] Allocation Stall (Executor task launch worker for task 8.0 in stage 0.0 (TID 8)) 2.370ms
[104.494s][info][gc          ] Allocation Stall (Executor task launch worker for task 12.0 in stage 0.0 (TID 12)) 2.145ms
[104.494s][info][gc          ] Allocation Stall (Executor task launch worker for task 27.0 in stage 0.0 (TID 27)) 1.981ms
[104.495s][info][gc          ] Allocation Stall (Executor task launch worker for task 20.0 in stage 0.0 (TID 20)) 1.823ms
[104.495s][info][gc          ] Allocation Stall (Executor task launch worker for task 38.0 in stage 0.0 (TID 38)) 1.788ms
[104.495s][info][gc          ] Allocation Stall (Executor task launch worker for task 0.0 in stage 0.0 (TID 0)) 1.714ms
[104.495s][info][gc          ] Allocation Stall (Executor task launch worker for task 29.0 in stage 0.0 (TID 29)) 1.734ms
[104.495s][info][gc          ] Allocation Stall (Executor task launch worker for task 45.0 in stage 0.0 (TID 45)) 1.741ms
[104.495s][info][gc          ] Allocation Stall (Executor task launch worker for task 25.0 in stage 0.0 (TID 25)) 1.773ms
[104.495s][info][gc          ] Allocation Stall (Executor task launch worker for task 3.0 in stage 0.0 (TID 3)) 1.670ms
[104.495s][info][gc          ] Allocation Stall (Executor task launch worker for task 34.0 in stage 0.0 (TID 34)) 1.659ms
[104.495s][info][gc          ] Allocation Stall (Executor task launch worker for task 11.0 in stage 0.0 (TID 11)) 1.661ms
[104.495s][info][gc          ] Allocation Stall (Executor task launch worker for task 15.0 in stage 0.0 (TID 15)) 1.529ms
[104.495s][info][gc          ] Allocation Stall (Executor task launch worker for task 16.0 in stage 0.0 (TID 16)) 1.445ms
[104.495s][info][gc          ] Allocation Stall (Executor task launch worker for task 30.0 in stage 0.0 (TID 30)) 1.153ms
[104.495s][info][gc          ] Allocation Stall (Executor task launch worker for task 4.0 in stage 0.0 (TID 4)) 1.123ms
[104.495s][info][gc          ] Allocation Stall (Executor task launch worker for task 33.0 in stage 0.0 (TID 33)) 0.992ms
[104.495s][info][gc          ] Allocation Stall (Executor task launch worker for task 44.0 in stage 0.0 (TID 44)) 1.014ms
[104.495s][info][gc          ] Allocation Stall (Executor task launch worker for task 39.0 in stage 0.0 (TID 39)) 1.050ms
[104.495s][info][gc          ] Allocation Stall (Executor task launch worker for task 10.0 in stage 0.0 (TID 10)) 1.031ms
[104.496s][info][gc          ] Allocation Stall (Executor task launch worker for task 18.0 in stage 0.0 (TID 18)) 1.777ms
[104.512s][info][gc          ] Allocation Stall (Executor task launch worker for task 20.0 in stage 0.0 (TID 20)) 3.257ms
[104.512s][info][gc          ] Allocation Stall (Executor task launch worker for task 9.0 in stage 0.0 (TID 9)) 4.005ms
[104.512s][info][gc          ] Allocation Stall (Executor task launch worker for task 4.0 in stage 0.0 (TID 4)) 3.681ms
[104.512s][info][gc          ] Allocation Stall (Executor task launch worker for task 34.0 in stage 0.0 (TID 34)) 3.603ms
[104.512s][info][gc          ] Allocation Stall (Executor task launch worker for task 12.0 in stage 0.0 (TID 12)) 3.016ms
[104.512s][info][gc          ] Allocation Stall (Executor task launch worker for task 7.0 in stage 0.0 (TID 7)) 4.037ms
[104.512s][info][gc          ] Allocation Stall (Executor task launch worker for task 25.0 in stage 0.0 (TID 25)) 3.346ms
[104.512s][info][gc          ] Allocation Stall (Executor task launch worker for task 38.0 in stage 0.0 (TID 38)) 4.110ms
[104.512s][info][gc          ] Allocation Stall (Executor task launch worker for task 37.0 in stage 0.0 (TID 37)) 3.336ms
[104.512s][info][gc          ] Allocation Stall (Executor task launch worker for task 45.0 in stage 0.0 (TID 45)) 3.210ms
[104.512s][info][gc          ] Allocation Stall (Executor task launch worker for task 3.0 in stage 0.0 (TID 3)) 8.921ms
[104.512s][info][gc          ] Allocation Stall (Executor task launch worker for task 44.0 in stage 0.0 (TID 44)) 8.086ms
[104.512s][info][gc          ] Allocation Stall (Executor task launch worker for task 39.0 in stage 0.0 (TID 39)) 8.030ms
[104.513s][info][gc          ] Allocation Stall (Executor task launch worker for task 18.0 in stage 0.0 (TID 18)) 4.947ms
[104.513s][info][gc          ] Allocation Stall (Executor task launch worker for task 1.0 in stage 0.0 (TID 1)) 4.556ms
[104.513s][info][gc          ] Allocation Stall (Executor task launch worker for task 46.0 in stage 0.0 (TID 46)) 4.568ms
[104.513s][info][gc          ] Allocation Stall (Executor task launch worker for task 11.0 in stage 0.0 (TID 11)) 3.849ms
[104.513s][info][gc          ] Allocation Stall (Executor task launch worker for task 15.0 in stage 0.0 (TID 15)) 3.877ms
[104.513s][info][gc          ] Allocation Stall (Executor task launch worker for task 29.0 in stage 0.0 (TID 29)) 3.826ms
[104.513s][info][gc          ] Allocation Stall (Executor task launch worker for task 27.0 in stage 0.0 (TID 27)) 3.851ms
[104.513s][info][gc          ] Allocation Stall (Executor task launch worker for task 13.0 in stage 0.0 (TID 13)) 3.659ms
[104.514s][info][gc          ] Allocation Stall (Executor task launch worker for task 0.0 in stage 0.0 (TID 0)) 4.176ms
[104.514s][info][gc          ] Allocation Stall (Executor task launch worker for task 16.0 in stage 0.0 (TID 16)) 4.063ms
[104.514s][info][gc          ] Allocation Stall (Executor task launch worker for task 26.0 in stage 0.0 (TID 26)) 4.005ms
[104.514s][info][gc          ] Allocation Stall (Executor task launch worker for task 30.0 in stage 0.0 (TID 30)) 3.841ms
[104.514s][info][gc          ] Allocation Stall (Executor task launch worker for task 10.0 in stage 0.0 (TID 10)) 3.853ms
[104.514s][info][gc          ] Allocation Stall (Executor task launch worker for task 22.0 in stage 0.0 (TID 22)) 3.891ms
[104.514s][info][gc          ] Allocation Stall (Executor task launch worker for task 8.0 in stage 0.0 (TID 8)) 3.803ms
[104.515s][info][gc          ] Allocation Stall (Executor task launch worker for task 24.0 in stage 0.0 (TID 24)) 4.612ms
[104.580s][info][gc          ] Relocation Stall (Executor task launch worker for task 14.0 in stage 0.0 (TID 14)) 109.921ms
[104.580s][info][gc          ] Relocation Stall (Executor task launch worker for task 40.0 in stage 0.0 (TID 40)) 112.383ms
[104.580s][info][gc          ] Relocation Stall (Executor task launch worker for task 35.0 in stage 0.0 (TID 35)) 114.286ms
[104.628s][info][gc          ] Relocation Stall (Executor task launch worker for task 5.0 in stage 0.0 (TID 5)) 160.994ms
[104.641s][info][gc          ] Relocation Stall (Executor task launch worker for task 23.0 in stage 0.0 (TID 23)) 171.079ms
[104.641s][info][gc          ] Relocation Stall (Executor task launch worker for task 2.0 in stage 0.0 (TID 2)) 172.662ms
[104.641s][info][gc          ] Relocation Stall (Executor task launch worker for task 6.0 in stage 0.0 (TID 6)) 171.223ms
[104.641s][info][gc          ] Relocation Stall (Executor task launch worker for task 47.0 in stage 0.0 (TID 47)) 174.843ms
[104.641s][info][gc          ] Relocation Stall (Executor task launch worker for task 19.0 in stage 0.0 (TID 19)) 170.797ms
[104.641s][info][gc          ] Relocation Stall (Executor task launch worker for task 17.0 in stage 0.0 (TID 17)) 171.590ms
[104.641s][info][gc          ] Relocation Stall (Executor task launch worker for task 32.0 in stage 0.0 (TID 32)) 175.149ms
[104.642s][info][gc,phases   ] GC(58) Concurrent Relocate 176.240ms
[104.642s][info][gc,load     ] GC(58) Load: 0.00/0.00/0.00
[104.642s][info][gc,mmu      ] GC(58) MMU: 2ms/94.2%, 5ms/97.7%, 10ms/98.8%, 20ms/99.3%, 50ms/99.7%, 100ms/99.9%
[104.642s][info][gc,marking  ] GC(58) Mark: 8 stripe(s), 3 proactive flush(es), 1 terminate flush(es), 0 completion(s), 0 continuation(s) 
[104.642s][info][gc,marking  ] GC(58) Mark Stack Usage: 32M
[104.642s][info][gc,nmethod  ] GC(58) NMethods: 2156 registered, 79 unregistered
[104.642s][info][gc,metaspace] GC(58) Metaspace: 112M used, 124M committed, 1152M reserved
[104.642s][info][gc,ref      ] GC(58) Soft: 2800 encountered, 2228 discovered, 0 enqueued
[104.642s][info][gc,ref      ] GC(58) Weak: 12964 encountered, 3002 discovered, 2 enqueued
[104.642s][info][gc,ref      ] GC(58) Final: 62 encountered, 4 discovered, 0 enqueued
[104.642s][info][gc,ref      ] GC(58) Phantom: 750 encountered, 701 discovered, 0 enqueued
[104.642s][info][gc,reloc    ] GC(58) Small Pages: 208 / 416M, Empty: 270M, Relocated: 1M, In-Place: 0
[104.642s][info][gc,reloc    ] GC(58) Medium Pages: 19 / 608M, Empty: 0M, Relocated: 55M, In-Place: 0
[104.642s][info][gc,reloc    ] GC(58) Large Pages: 0 / 0M, Empty: 0M, Relocated: 0M, In-Place: 0
[104.642s][info][gc,reloc    ] GC(58) Forwarding Usage: 0M
[104.642s][info][gc,heap     ] GC(58) Min Capacity: 8M(1%)
[104.642s][info][gc,heap     ] GC(58) Max Capacity: 1024M(100%)
[104.642s][info][gc,heap     ] GC(58) Soft Max Capacity: 1024M(100%)
[104.642s][info][gc,heap     ] GC(58)                Mark Start          Mark End        Relocate Start      Relocate End           High               Low         
[104.642s][info][gc,heap     ] GC(58)  Capacity:     1024M (100%)       1024M (100%)       1024M (100%)       1024M (100%)       1024M (100%)       1024M (100%)   
[104.642s][info][gc,heap     ] GC(58)      Free:        0M (0%)            0M (0%)          250M (24%)          16M (2%)          250M (24%)           0M (0%)     
[104.642s][info][gc          ] Allocation Stall (Executor task launch worker for task 40.0 in stage 0.0 (TID 40)) 1.401ms
[104.642s][info][gc,heap     ] GC(58)      Used:     1024M (100%)       1024M (100%)        774M (76%)        1008M (98%)        1024M (100%)        774M (76%)    
[104.642s][info][gc,heap     ] GC(58)      Live:         -               568M (56%)         568M (56%)         568M (56%)            -                  -          
[104.642s][info][gc,heap     ] GC(58) Allocated:         -                 0M (0%)           20M (2%)          325M (32%)            -                  -          
[104.642s][info][gc,heap     ] GC(58)   Garbage:         -               455M (44%)         185M (18%)         113M (11%)            -                  -          
[104.642s][info][gc,heap     ] GC(58) Reclaimed:         -                  -               270M (26%)         341M (33%)            -                  -          
[104.642s][info][gc          ] GC(58) Garbage Collection (Allocation Stall) 1024M(100%)->1008M(98%)
[104.642s][info][gc          ] Allocation Stall (Executor task launch worker for task 34.0 in stage 0.0 (TID 34)) 1.509ms
[104.642s][info][gc          ] Allocation Stall (Executor task launch worker for task 12.0 in stage 0.0 (TID 12)) 1.519ms
[104.642s][info][gc          ] Allocation Stall (Executor task launch worker for task 7.0 in stage 0.0 (TID 7)) 1.504ms
[104.643s][info][gc          ] Allocation Stall (Executor task launch worker for task 15.0 in stage 0.0 (TID 15)) 1.448ms
[104.643s][info][gc          ] Allocation Stall (Executor task launch worker for task 0.0 in stage 0.0 (TID 0)) 1.464ms
[104.643s][info][gc          ] Allocation Stall (Executor task launch worker for task 35.0 in stage 0.0 (TID 35)) 1.542ms
[104.689s][info][gc,start    ] GC(59) Garbage Collection (Allocation Stall)
[104.689s][info][gc,ref      ] GC(59) Clearing All SoftReferences
[104.689s][info][gc,task     ] GC(59) Using 10 workers
[104.689s][info][gc,ref      ] GC(59) Clearing All SoftReferences
[104.689s][info][gc,phases   ] GC(59) Pause Mark Start 0.038ms
[104.711s][info][gc,phases   ] GC(59) Concurrent Mark 21.119ms
[104.711s][info][gc,phases   ] GC(59) Pause Mark End 0.016ms
[104.711s][info][gc,phases   ] GC(59) Concurrent Mark Free 0.001ms
[104.712s][info][gc,phases   ] GC(59) Concurrent Process Non-Strong References 0.857ms
[104.712s][info][gc,phases   ] GC(59) Concurrent Reset Relocation Set 0.005ms
[104.712s][info][gc          ] Allocation Stall (Executor task launch worker for task 39.0 in stage 0.0 (TID 39)) 22.165ms
[104.712s][info][gc          ] Allocation Stall (Executor task launch worker for task 42.0 in stage 0.0 (TID 42)) 22.244ms
[104.712s][info][gc          ] Allocation Stall (Executor task launch worker for task 18.0 in stage 0.0 (TID 18)) 22.273ms
[104.712s][info][gc          ] Allocation Stall (Executor task launch worker for task 16.0 in stage 0.0 (TID 16)) 22.172ms
[104.712s][info][gc          ] Allocation Stall (Executor task launch worker for task 19.0 in stage 0.0 (TID 19)) 22.199ms
[104.712s][info][gc          ] Allocation Stall (Executor task launch worker for task 2.0 in stage 0.0 (TID 2)) 22.256ms
[104.712s][info][gc          ] Allocation Stall (Executor task launch worker for task 24.0 in stage 0.0 (TID 24)) 22.261ms
[104.712s][info][gc          ] Allocation Stall (Spark Context Cleaner) 1.171ms
[104.712s][info][gc          ] Allocation Stall (Executor task launch worker for task 12.0 in stage 0.0 (TID 12)) 22.178ms
[104.712s][info][gc          ] Allocation Stall (Executor task launch worker for task 43.0 in stage 0.0 (TID 43)) 22.193ms
[104.712s][info][gc          ] Allocation Stall (Executor task launch worker for task 21.0 in stage 0.0 (TID 21)) 22.252ms
[104.712s][info][gc          ] Allocation Stall (Executor task launch worker for task 31.0 in stage 0.0 (TID 31)) 22.197ms
[104.712s][info][gc          ] Allocation Stall (Executor task launch worker for task 10.0 in stage 0.0 (TID 10)) 22.265ms
[104.712s][info][gc          ] Allocation Stall (Executor task launch worker for task 37.0 in stage 0.0 (TID 37)) 23.006ms
[104.712s][info][gc          ] Allocation Stall (Executor task launch worker for task 44.0 in stage 0.0 (TID 44)) 22.194ms
[104.712s][info][gc          ] Allocation Stall (Executor task launch worker for task 20.0 in stage 0.0 (TID 20)) 22.233ms
[104.712s][info][gc          ] Allocation Stall (Executor task launch worker for task 5.0 in stage 0.0 (TID 5)) 22.196ms
[104.712s][info][gc          ] Allocation Stall (Executor task launch worker for task 3.0 in stage 0.0 (TID 3)) 22.271ms
[104.712s][info][gc          ] Allocation Stall (Executor task launch worker for task 30.0 in stage 0.0 (TID 30)) 22.244ms
[104.712s][info][gc          ] Allocation Stall (Executor task launch worker for task 38.0 in stage 0.0 (TID 38)) 22.199ms
[104.712s][info][gc          ] Allocation Stall (Executor task launch worker for task 40.0 in stage 0.0 (TID 40)) 22.274ms
[104.712s][info][gc          ] Allocation Stall (Executor task launch worker for task 34.0 in stage 0.0 (TID 34)) 22.217ms
[104.712s][info][gc          ] Allocation Stall (Executor task launch worker for task 4.0 in stage 0.0 (TID 4)) 22.960ms
[104.712s][info][gc          ] Allocation Stall (Executor task launch worker for task 26.0 in stage 0.0 (TID 26)) 22.279ms
[104.712s][info][gc          ] Allocation Stall (Executor task launch worker for task 23.0 in stage 0.0 (TID 23)) 22.299ms
[104.712s][info][gc          ] Allocation Stall (Executor task launch worker for task 27.0 in stage 0.0 (TID 27)) 22.284ms
[104.712s][info][gc          ] Allocation Stall (Executor task launch worker for task 7.0 in stage 0.0 (TID 7)) 22.296ms
[104.712s][info][gc          ] Allocation Stall (Executor task launch worker for task 13.0 in stage 0.0 (TID 13)) 22.280ms
[104.712s][info][gc          ] Allocation Stall (Executor task launch worker for task 6.0 in stage 0.0 (TID 6)) 22.371ms
[104.712s][info][gc          ] Allocation Stall (Executor task launch worker for task 45.0 in stage 0.0 (TID 45)) 22.306ms
[104.712s][info][gc          ] Allocation Stall (Executor task launch worker for task 33.0 in stage 0.0 (TID 33)) 22.312ms
[104.712s][info][gc          ] Allocation Stall (Executor task launch worker for task 25.0 in stage 0.0 (TID 25)) 22.317ms
[104.712s][info][gc          ] Allocation Stall (Executor task launch worker for task 46.0 in stage 0.0 (TID 46)) 22.340ms
[104.712s][info][gc          ] Allocation Stall (Executor task launch worker for task 8.0 in stage 0.0 (TID 8)) 22.319ms
[104.712s][info][gc          ] Allocation Stall (Executor task launch worker for task 35.0 in stage 0.0 (TID 35)) 22.339ms
[104.712s][info][gc          ] Allocation Stall (Executor task launch worker for task 36.0 in stage 0.0 (TID 36)) 22.328ms
[104.712s][info][gc          ] Allocation Stall (Executor task launch worker for task 14.0 in stage 0.0 (TID 14)) 22.344ms
[104.712s][info][gc          ] Allocation Stall (Executor task launch worker for task 47.0 in stage 0.0 (TID 47)) 22.346ms
[104.712s][info][gc          ] Allocation Stall (Executor task launch worker for task 15.0 in stage 0.0 (TID 15)) 22.350ms
[104.712s][info][gc          ] Allocation Stall (Executor task launch worker for task 29.0 in stage 0.0 (TID 29)) 22.379ms
[104.712s][info][gc          ] Allocation Stall (Executor task launch worker for task 9.0 in stage 0.0 (TID 9)) 22.351ms
[104.712s][info][gc          ] Allocation Stall (Executor task launch worker for task 22.0 in stage 0.0 (TID 22)) 22.360ms
[104.712s][info][gc          ] Allocation Stall (Executor task launch worker for task 11.0 in stage 0.0 (TID 11)) 22.371ms
[104.712s][info][gc          ] Allocation Stall (Executor task launch worker for task 17.0 in stage 0.0 (TID 17)) 22.388ms
[104.712s][info][gc          ] Allocation Stall (Executor task launch worker for task 41.0 in stage 0.0 (TID 41)) 22.358ms
[104.712s][info][gc          ] Allocation Stall (Executor task launch worker for task 0.0 in stage 0.0 (TID 0)) 22.392ms
[104.712s][info][gc          ] Allocation Stall (Executor task launch worker for task 28.0 in stage 0.0 (TID 28)) 22.403ms
[104.712s][info][gc          ] Allocation Stall (Executor task launch worker for task 1.0 in stage 0.0 (TID 1)) 22.386ms
[104.712s][info][gc          ] Allocation Stall (Executor task launch worker for task 32.0 in stage 0.0 (TID 32)) 22.418ms
[104.715s][info][gc,phases   ] GC(59) Concurrent Select Relocation Set 2.957ms
[104.721s][info][gc,phases   ] GC(59) Pause Relocate Start 0.006ms
[104.722s][info][gc          ] Allocation Stall (Executor task launch worker for task 10.0 in stage 0.0 (TID 10)) 0.095ms
[104.756s][info][gc          ] Allocation Stall (Executor task launch worker for task 17.0 in stage 0.0 (TID 17)) 26.209ms
[104.756s][info][gc          ] Allocation Stall (Executor task launch worker for task 5.0 in stage 0.0 (TID 5)) 10.858ms
[104.756s][info][gc          ] Allocation Stall (Executor task launch worker for task 33.0 in stage 0.0 (TID 33)) 10.140ms
[104.756s][info][gc          ] Allocation Stall (Executor task launch worker for task 1.0 in stage 0.0 (TID 1)) 10.132ms
[104.756s][info][gc          ] Allocation Stall (Executor task launch worker for task 31.0 in stage 0.0 (TID 31)) 10.881ms
[104.756s][info][gc          ] Allocation Stall (Executor task launch worker for task 21.0 in stage 0.0 (TID 21)) 10.372ms
[104.756s][info][gc          ] Allocation Stall (Executor task launch worker for task 19.0 in stage 0.0 (TID 19)) 10.142ms
[104.756s][info][gc          ] Allocation Stall (Executor task launch worker for task 2.0 in stage 0.0 (TID 2)) 18.486ms
[104.756s][info][gc          ] Allocation Stall (Executor task launch worker for task 10.0 in stage 0.0 (TID 10)) 25.248ms
[104.756s][info][gc          ] Allocation Stall (Executor task launch worker for task 8.0 in stage 0.0 (TID 8)) 10.256ms
[104.756s][info][gc          ] Allocation Stall (Executor task launch worker for task 22.0 in stage 0.0 (TID 22)) 26.796ms
[104.756s][info][gc          ] Allocation Stall (Executor task launch worker for task 32.0 in stage 0.0 (TID 32)) 10.918ms
[104.756s][info][gc          ] Allocation Stall (Executor task launch worker for task 18.0 in stage 0.0 (TID 18)) 10.010ms
[104.756s][info][gc          ] Allocation Stall (Executor task launch worker for task 40.0 in stage 0.0 (TID 40)) 26.806ms
[104.756s][info][gc          ] Allocation Stall (Executor task launch worker for task 36.0 in stage 0.0 (TID 36)) 26.703ms
[104.756s][info][gc          ] Allocation Stall (Executor task launch worker for task 38.0 in stage 0.0 (TID 38)) 26.751ms
[104.756s][info][gc          ] Allocation Stall (Executor task launch worker for task 13.0 in stage 0.0 (TID 13)) 26.748ms
[104.756s][info][gc          ] Allocation Stall (Executor task launch worker for task 24.0 in stage 0.0 (TID 24)) 26.831ms
[104.756s][info][gc          ] Allocation Stall (Executor task launch worker for task 23.0 in stage 0.0 (TID 23)) 26.724ms
[104.756s][info][gc          ] Allocation Stall (Executor task launch worker for task 14.0 in stage 0.0 (TID 14)) 26.915ms
[104.756s][info][gc          ] Allocation Stall (Executor task launch worker for task 4.0 in stage 0.0 (TID 4)) 26.735ms
[104.756s][info][gc          ] Allocation Stall (Executor task launch worker for task 29.0 in stage 0.0 (TID 29)) 26.223ms
[104.756s][info][gc          ] Allocation Stall (Executor task launch worker for task 16.0 in stage 0.0 (TID 16)) 26.166ms
[104.756s][info][gc          ] Allocation Stall (Executor task launch worker for task 6.0 in stage 0.0 (TID 6)) 25.938ms
[104.756s][info][gc          ] Allocation Stall (Executor task launch worker for task 37.0 in stage 0.0 (TID 37)) 25.508ms
[104.756s][info][gc          ] Allocation Stall (Executor task launch worker for task 26.0 in stage 0.0 (TID 26)) 25.582ms
[104.756s][info][gc          ] Allocation Stall (Executor task launch worker for task 47.0 in stage 0.0 (TID 47)) 25.212ms
[104.756s][info][gc          ] Allocation Stall (Executor task launch worker for task 20.0 in stage 0.0 (TID 20)) 25.023ms
[104.756s][info][gc          ] Allocation Stall (Executor task launch worker for task 41.0 in stage 0.0 (TID 41)) 25.447ms
[104.756s][info][gc          ] Allocation Stall (Executor task launch worker for task 12.0 in stage 0.0 (TID 12)) 18.148ms
[104.757s][info][gc          ] Allocation Stall (Executor task launch worker for task 35.0 in stage 0.0 (TID 35)) 24.699ms
[104.786s][info][gc          ] Relocation Stall (Executor task launch worker for task 28.0 in stage 0.0 (TID 28)) 64.629ms
[104.801s][info][gc          ] Relocation Stall (Executor task launch worker for task 46.0 in stage 0.0 (TID 46)) 79.099ms
[104.801s][info][gc          ] Relocation Stall (Executor task launch worker for task 43.0 in stage 0.0 (TID 43)) 79.195ms
[104.801s][info][gc          ] Relocation Stall (Executor task launch worker for task 34.0 in stage 0.0 (TID 34)) 79.198ms
[104.805s][info][gc          ] Relocation Stall (Executor task launch worker for task 15.0 in stage 0.0 (TID 15)) 83.263ms
[104.805s][info][gc          ] Relocation Stall (Executor task launch worker for task 9.0 in stage 0.0 (TID 9)) 83.313ms
[104.805s][info][gc          ] Relocation Stall (Executor task launch worker for task 30.0 in stage 0.0 (TID 30)) 83.315ms
[104.805s][info][gc          ] Relocation Stall (Executor task launch worker for task 39.0 in stage 0.0 (TID 39)) 83.355ms
[104.864s][info][gc,phases   ] GC(59) Concurrent Relocate 142.605ms
[104.864s][info][gc          ] Relocation Stall (Executor task launch worker for task 27.0 in stage 0.0 (TID 27)) 142.631ms
[104.864s][info][gc          ] Relocation Stall (Executor task launch worker for task 44.0 in stage 0.0 (TID 44)) 142.647ms
[104.864s][info][gc,load     ] GC(59) Load: 0.00/0.00/0.00
[104.865s][info][gc,mmu      ] GC(59) MMU: 2ms/94.2%, 5ms/97.7%, 10ms/98.8%, 20ms/99.3%, 50ms/99.7%, 100ms/99.9%
[104.865s][info][gc,marking  ] GC(59) Mark: 8 stripe(s), 2 proactive flush(es), 1 terminate flush(es), 0 completion(s), 0 continuation(s) 
[104.865s][info][gc,marking  ] GC(59) Mark Stack Usage: 32M
[104.865s][info][gc,nmethod  ] GC(59) NMethods: 2157 registered, 79 unregistered
[104.865s][info][gc,metaspace] GC(59) Metaspace: 112M used, 124M committed, 1152M reserved
[104.865s][info][gc,ref      ] GC(59) Soft: 2800 encountered, 2310 discovered, 0 enqueued
[104.865s][info][gc,ref      ] GC(59) Weak: 12964 encountered, 2470 discovered, 1 enqueued
[104.865s][info][gc,ref      ] GC(59) Final: 62 encountered, 3 discovered, 0 enqueued
[104.865s][info][gc,ref      ] GC(59) Phantom: 750 encountered, 533 discovered, 0 enqueued
[104.865s][info][gc,reloc    ] GC(59) Small Pages: 192 / 384M, Empty: 260M, Relocated: 1M, In-Place: 0
[104.865s][info][gc,reloc    ] GC(59) Medium Pages: 20 / 640M, Empty: 0M, Relocated: 83M, In-Place: 1
[104.865s][info][gc,reloc    ] GC(59) Large Pages: 0 / 0M, Empty: 0M, Relocated: 0M, In-Place: 0
[104.865s][info][gc,reloc    ] GC(59) Forwarding Usage: 0M
[104.865s][info][gc,heap     ] GC(59) Min Capacity: 8M(1%)
[104.865s][info][gc,heap     ] GC(59) Max Capacity: 1024M(100%)
[104.865s][info][gc,heap     ] GC(59) Soft Max Capacity: 1024M(100%)
[104.865s][info][gc,heap     ] GC(59)                Mark Start          Mark End        Relocate Start      Relocate End           High               Low         
[104.865s][info][gc,heap     ] GC(59)  Capacity:     1024M (100%)       1024M (100%)       1024M (100%)       1024M (100%)       1024M (100%)       1024M (100%)   
[104.865s][info][gc,heap     ] GC(59)      Free:        0M (0%)            0M (0%)          208M (20%)         150M (15%)         244M (24%)           0M (0%)     
[104.865s][info][gc,heap     ] GC(59)      Used:     1024M (100%)       1024M (100%)        816M (80%)         874M (85%)        1024M (100%)        780M (76%)    
[104.865s][info][gc,heap     ] GC(59)      Live:         -               572M (56%)         572M (56%)         572M (56%)            -                  -          
[104.865s][info][gc,heap     ] GC(59) Allocated:         -                 0M (0%)           52M (5%)          203M (20%)            -                  -          
[104.865s][info][gc,heap     ] GC(59)   Garbage:         -               451M (44%)         191M (19%)          98M (10%)            -                  -          
[104.865s][info][gc,heap     ] GC(59) Reclaimed:         -                  -               260M (25%)         353M (34%)            -                  -          
[104.865s][info][gc          ] GC(59) Garbage Collection (Allocation Stall) 1024M(100%)->874M(85%)
[104.924s][info][gc,start    ] GC(60) Garbage Collection (Allocation Stall)
[104.924s][info][gc          ] Allocation Stall (Executor task launch worker for task 46.0 in stage 0.0 (TID 46)) 0.034ms
[104.924s][info][gc          ] Allocation Stall (Executor task launch worker for task 14.0 in stage 0.0 (TID 14)) 0.034ms
[104.924s][info][gc          ] Allocation Stall (Executor task launch worker for task 27.0 in stage 0.0 (TID 27)) 0.036ms
[104.924s][info][gc          ] Allocation Stall (Executor task launch worker for task 13.0 in stage 0.0 (TID 13)) 0.046ms
[104.924s][info][gc,ref      ] GC(60) Clearing All SoftReferences
[104.924s][info][gc          ] Allocation Stall (Executor task launch worker for task 7.0 in stage 0.0 (TID 7)) 0.066ms
[104.924s][info][gc          ] Allocation Stall (Executor task launch worker for task 47.0 in stage 0.0 (TID 47)) 0.067ms
[104.924s][info][gc          ] Allocation Stall (Executor task launch worker for task 9.0 in stage 0.0 (TID 9)) 0.032ms
[104.924s][info][gc          ] Allocation Stall (Executor task launch worker for task 29.0 in stage 0.0 (TID 29)) 0.036ms
[104.924s][info][gc          ] Allocation Stall (Executor task launch worker for task 37.0 in stage 0.0 (TID 37)) 0.065ms
[104.924s][info][gc          ] Allocation Stall (Executor task launch worker for task 28.0 in stage 0.0 (TID 28)) 0.079ms
[104.924s][info][gc,task     ] GC(60) Using 10 workers
[104.925s][info][gc,ref      ] GC(60) Clearing All SoftReferences
[104.925s][info][gc,phases   ] GC(60) Pause Mark Start 0.023ms
[104.976s][info][gc,phases   ] GC(60) Concurrent Mark 26.043ms
[104.976s][info][gc,phases   ] GC(60) Pause Mark End 0.016ms
[104.976s][info][gc,phases   ] GC(60) Concurrent Mark Free 0.001ms
[104.977s][info][gc,phases   ] GC(60) Concurrent Process Non-Strong References 0.866ms
[104.977s][info][gc,phases   ] GC(60) Concurrent Reset Relocation Set 0.004ms
[104.977s][info][gc          ] Allocation Stall (Executor task launch worker for task 5.0 in stage 0.0 (TID 5)) 24.094ms
[104.977s][info][gc          ] Allocation Stall (Executor task launch worker for task 13.0 in stage 0.0 (TID 13)) 23.508ms
[104.977s][info][gc          ] Allocation Stall (Executor task launch worker for task 2.0 in stage 0.0 (TID 2)) 23.436ms
[104.977s][info][gc          ] Allocation Stall (Executor task launch worker for task 4.0 in stage 0.0 (TID 4)) 23.682ms
[104.977s][info][gc          ] Allocation Stall (Executor task launch worker for task 47.0 in stage 0.0 (TID 47)) 24.096ms
[104.977s][info][gc          ] Allocation Stall (Executor task launch worker for task 8.0 in stage 0.0 (TID 8)) 24.183ms
[104.977s][info][gc          ] Allocation Stall (Executor task launch worker for task 15.0 in stage 0.0 (TID 15)) 23.884ms
[104.977s][info][gc          ] Allocation Stall (Executor task launch worker for task 35.0 in stage 0.0 (TID 35)) 23.410ms
[104.977s][info][gc          ] Allocation Stall (Executor task launch worker for task 39.0 in stage 0.0 (TID 39)) 23.729ms
[104.977s][info][gc          ] Allocation Stall (Executor task launch worker for task 42.0 in stage 0.0 (TID 42)) 26.357ms
[104.977s][info][gc          ] Allocation Stall (Executor task launch worker for task 9.0 in stage 0.0 (TID 9)) 23.437ms
[104.977s][info][gc          ] Allocation Stall (Executor task launch worker for task 14.0 in stage 0.0 (TID 14)) 23.396ms
[104.977s][info][gc          ] Allocation Stall (Executor task launch worker for task 16.0 in stage 0.0 (TID 16)) 35.211ms
[104.977s][info][gc          ] Allocation Stall (Executor task launch worker for task 29.0 in stage 0.0 (TID 29)) 24.309ms
[104.977s][info][gc          ] Allocation Stall (Executor task launch worker for task 46.0 in stage 0.0 (TID 46)) 24.098ms
[104.977s][info][gc          ] Allocation Stall (Executor task launch worker for task 28.0 in stage 0.0 (TID 28)) 26.154ms
[104.977s][info][gc          ] Allocation Stall (Executor task launch worker for task 41.0 in stage 0.0 (TID 41)) 23.476ms
[104.977s][info][gc          ] Allocation Stall (Executor task launch worker for task 27.0 in stage 0.0 (TID 27)) 25.498ms
[104.977s][info][gc          ] Allocation Stall (Executor task launch worker for task 0.0 in stage 0.0 (TID 0)) 23.696ms
[104.977s][info][gc          ] Allocation Stall (Executor task launch worker for task 7.0 in stage 0.0 (TID 7)) 24.292ms
[104.977s][info][gc          ] Allocation Stall (Executor task launch worker for task 37.0 in stage 0.0 (TID 37)) 24.021ms
[104.977s][info][gc          ] Allocation Stall (Executor task launch worker for task 17.0 in stage 0.0 (TID 17)) 24.041ms
[104.977s][info][gc          ] Allocation Stall (Executor task launch worker for task 6.0 in stage 0.0 (TID 6)) 23.873ms
[104.977s][info][gc          ] Allocation Stall (Executor task launch worker for task 32.0 in stage 0.0 (TID 32)) 24.832ms
[104.977s][info][gc          ] Allocation Stall (Executor task launch worker for task 44.0 in stage 0.0 (TID 44)) 25.478ms
[104.977s][info][gc          ] Allocation Stall (Executor task launch worker for task 22.0 in stage 0.0 (TID 22)) 24.290ms
[104.977s][info][gc          ] Allocation Stall (Executor task launch worker for task 19.0 in stage 0.0 (TID 19)) 27.511ms
[104.977s][info][gc          ] Allocation Stall (Executor task launch worker for task 11.0 in stage 0.0 (TID 11)) 24.704ms
[104.977s][info][gc          ] Allocation Stall (Executor task launch worker for task 1.0 in stage 0.0 (TID 1)) 25.036ms
[104.977s][info][gc          ] Allocation Stall (Executor task launch worker for task 20.0 in stage 0.0 (TID 20)) 24.413ms
[104.977s][info][gc          ] Allocation Stall (Executor task launch worker for task 45.0 in stage 0.0 (TID 45)) 24.680ms
[104.977s][info][gc          ] Allocation Stall (Executor task launch worker for task 36.0 in stage 0.0 (TID 36)) 24.430ms
[104.977s][info][gc          ] Allocation Stall (Executor task launch worker for task 21.0 in stage 0.0 (TID 21)) 25.413ms
[104.977s][info][gc          ] Allocation Stall (Executor task launch worker for task 30.0 in stage 0.0 (TID 30)) 24.676ms
[104.977s][info][gc          ] Allocation Stall (Executor task launch worker for task 38.0 in stage 0.0 (TID 38)) 25.303ms
[104.977s][info][gc          ] Allocation Stall (Executor task launch worker for task 31.0 in stage 0.0 (TID 31)) 23.537ms
[104.977s][info][gc          ] Allocation Stall (Executor task launch worker for task 10.0 in stage 0.0 (TID 10)) 24.829ms
[104.977s][info][gc          ] Allocation Stall (Executor task launch worker for task 43.0 in stage 0.0 (TID 43)) 26.112ms
[104.977s][info][gc          ] Allocation Stall (Executor task launch worker for task 34.0 in stage 0.0 (TID 34)) 23.756ms
[104.977s][info][gc          ] Allocation Stall (Executor task launch worker for task 26.0 in stage 0.0 (TID 26)) 24.843ms
[104.977s][info][gc          ] Allocation Stall (Executor task launch worker for task 23.0 in stage 0.0 (TID 23)) 25.026ms
[104.977s][info][gc          ] Allocation Stall (Executor task launch worker for task 12.0 in stage 0.0 (TID 12)) 24.482ms
[104.977s][info][gc          ] Allocation Stall (Executor task launch worker for task 40.0 in stage 0.0 (TID 40)) 24.525ms
[104.977s][info][gc          ] Allocation Stall (Executor task launch worker for task 24.0 in stage 0.0 (TID 24)) 24.477ms
[104.977s][info][gc          ] Allocation Stall (Executor task launch worker for task 3.0 in stage 0.0 (TID 3)) 25.087ms
[104.977s][info][gc          ] Allocation Stall (Executor task launch worker for task 25.0 in stage 0.0 (TID 25)) 24.824ms
[104.977s][info][gc          ] Allocation Stall (Executor task launch worker for task 18.0 in stage 0.0 (TID 18)) 24.687ms
[104.977s][info][gc          ] Allocation Stall (Executor task launch worker for task 33.0 in stage 0.0 (TID 33)) 26.102ms
[104.981s][info][gc,phases   ] GC(60) Concurrent Select Relocation Set 3.360ms
[104.982s][info][gc,phases   ] GC(60) Pause Relocate Start 0.007ms
[104.987s][info][gc,phases   ] GC(60) Concurrent Relocate 2.434ms
[104.988s][info][gc,load     ] GC(60) Load: 0.00/0.00/0.00
[104.988s][info][gc,mmu      ] GC(60) MMU: 2ms/94.2%, 5ms/97.7%, 10ms/98.8%, 20ms/99.3%, 50ms/99.7%, 100ms/99.9%
[104.988s][info][gc,marking  ] GC(60) Mark: 8 stripe(s), 2 proactive flush(es), 1 terminate flush(es), 0 completion(s), 0 continuation(s) 
[104.988s][info][gc,marking  ] GC(60) Mark Stack Usage: 32M
[104.988s][info][gc,nmethod  ] GC(60) NMethods: 2157 registered, 79 unregistered
[104.988s][info][gc,metaspace] GC(60) Metaspace: 112M used, 124M committed, 1152M reserved
[104.988s][info][gc,ref      ] GC(60) Soft: 2800 encountered, 2365 discovered, 0 enqueued
[104.988s][info][gc,ref      ] GC(60) Weak: 12964 encountered, 1463 discovered, 0 enqueued
[104.988s][info][gc,ref      ] GC(60) Final: 62 encountered, 59 discovered, 0 enqueued
[104.988s][info][gc,ref      ] GC(60) Phantom: 750 encountered, 646 discovered, 0 enqueued
[104.988s][info][gc,reloc    ] GC(60) Small Pages: 183 / 366M, Empty: 212M, Relocated: 1M, In-Place: 0
[104.988s][info][gc,reloc    ] GC(60) Medium Pages: 19 / 608M, Empty: 0M, Relocated: 0M, In-Place: 0
[104.988s][info][gc,reloc    ] GC(60) Large Pages: 0 / 0M, Empty: 0M, Relocated: 0M, In-Place: 0
[104.988s][info][gc,reloc    ] GC(60) Forwarding Usage: 0M
[104.988s][info][gc,heap     ] GC(60) Min Capacity: 8M(1%)
[104.988s][info][gc,heap     ] GC(60) Max Capacity: 1024M(100%)
[104.988s][info][gc,heap     ] GC(60) Soft Max Capacity: 1024M(100%)
[104.988s][info][gc,heap     ] GC(60)                Mark Start          Mark End        Relocate Start      Relocate End           High               Low         
[104.988s][info][gc,heap     ] GC(60)  Capacity:     1024M (100%)       1024M (100%)       1024M (100%)       1024M (100%)       1024M (100%)       1024M (100%)   
[104.988s][info][gc,heap     ] GC(60)      Free:       50M (5%)            0M (0%)          166M (16%)         158M (15%)         166M (16%)           0M (0%)     
[104.988s][info][gc,heap     ] GC(60)      Used:      974M (95%)        1024M (100%)        858M (84%)         866M (85%)        1024M (100%)        858M (84%)    
[104.988s][info][gc,heap     ] GC(60)      Live:         -               580M (57%)         580M (57%)         580M (57%)            -                  -          
[104.988s][info][gc,heap     ] GC(60) Allocated:         -                50M (5%)           96M (9%)          165M (16%)            -                  -          
[104.988s][info][gc,heap     ] GC(60)   Garbage:         -               393M (38%)         181M (18%)         120M (12%)            -                  -          
[104.988s][info][gc,heap     ] GC(60) Reclaimed:         -                  -               212M (21%)         273M (27%)            -                  -          
[104.988s][info][gc          ] GC(60) Garbage Collection (Allocation Stall) 974M(95%)->866M(85%)
[105.002s][info][gc          ] Allocation Stall (Executor task launch worker for task 2.0 in stage 0.0 (TID 2)) 0.087ms
[105.002s][info][gc,start    ] GC(61) Garbage Collection (Allocation Stall)
[105.002s][info][gc,ref      ] GC(61) Clearing All SoftReferences
[105.002s][info][gc,task     ] GC(61) Using 10 workers
[105.002s][info][gc,ref      ] GC(61) Clearing All SoftReferences
[105.002s][info][gc,phases   ] GC(61) Pause Mark Start 0.034ms
[105.023s][info][gc,phases   ] GC(61) Concurrent Mark 20.642ms
[105.023s][info][gc,phases   ] GC(61) Pause Mark End 0.015ms
[105.023s][info][gc,phases   ] GC(61) Concurrent Mark Free 0.000ms
[105.024s][info][gc,phases   ] GC(61) Concurrent Process Non-Strong References 0.813ms
[105.024s][info][gc,phases   ] GC(61) Concurrent Reset Relocation Set 0.004ms
[105.024s][info][gc          ] Allocation Stall (Executor task launch worker for task 31.0 in stage 0.0 (TID 31)) 22.080ms
[105.024s][info][gc          ] Allocation Stall (Executor task launch worker for task 1.0 in stage 0.0 (TID 1)) 22.175ms
[105.024s][info][gc          ] Allocation Stall (Executor task launch worker for task 4.0 in stage 0.0 (TID 4)) 21.798ms
[105.024s][info][gc          ] Allocation Stall (Executor task launch worker for task 47.0 in stage 0.0 (TID 47)) 21.800ms
[105.024s][info][gc          ] Allocation Stall (Executor task launch worker for task 25.0 in stage 0.0 (TID 25)) 21.791ms
[105.024s][info][gc          ] Allocation Stall (Executor task launch worker for task 17.0 in stage 0.0 (TID 17)) 21.806ms
[105.024s][info][gc          ] Allocation Stall (Executor task launch worker for task 42.0 in stage 0.0 (TID 42)) 22.030ms
[105.024s][info][gc          ] Allocation Stall (Executor task launch worker for task 41.0 in stage 0.0 (TID 41)) 22.339ms
[105.024s][info][gc          ] Allocation Stall (Executor task launch worker for task 2.0 in stage 0.0 (TID 2)) 21.801ms
[105.024s][info][gc          ] Allocation Stall (Executor task launch worker for task 27.0 in stage 0.0 (TID 27)) 22.346ms
[105.024s][info][gc          ] Allocation Stall (Executor task launch worker for task 9.0 in stage 0.0 (TID 9)) 22.174ms
[105.024s][info][gc          ] Allocation Stall (Executor task launch worker for task 14.0 in stage 0.0 (TID 14)) 22.201ms
[105.024s][info][gc          ] Allocation Stall (Executor task launch worker for task 46.0 in stage 0.0 (TID 46)) 21.805ms
[105.024s][info][gc          ] Allocation Stall (Executor task launch worker for task 28.0 in stage 0.0 (TID 28)) 22.195ms
[105.024s][info][gc          ] Allocation Stall (Executor task launch worker for task 36.0 in stage 0.0 (TID 36)) 21.739ms
[105.024s][info][gc          ] Allocation Stall (Executor task launch worker for task 11.0 in stage 0.0 (TID 11)) 22.352ms
[105.024s][info][gc          ] Allocation Stall (Executor task launch worker for task 0.0 in stage 0.0 (TID 0)) 22.233ms
[105.024s][info][gc          ] Allocation Stall (Executor task launch worker for task 26.0 in stage 0.0 (TID 26)) 22.136ms
[105.024s][info][gc          ] Allocation Stall (Executor task launch worker for task 7.0 in stage 0.0 (TID 7)) 22.409ms
[105.024s][info][gc          ] Allocation Stall (Executor task launch worker for task 20.0 in stage 0.0 (TID 20)) 22.272ms
[105.024s][info][gc          ] Allocation Stall (Executor task launch worker for task 45.0 in stage 0.0 (TID 45)) 22.436ms
[105.024s][info][gc          ] Allocation Stall (Executor task launch worker for task 43.0 in stage 0.0 (TID 43)) 22.523ms
[105.024s][info][gc          ] Allocation Stall (Executor task launch worker for task 35.0 in stage 0.0 (TID 35)) 22.331ms
[105.024s][info][gc          ] Allocation Stall (Executor task launch worker for task 30.0 in stage 0.0 (TID 30)) 22.110ms
[105.024s][info][gc          ] Allocation Stall (Executor task launch worker for task 37.0 in stage 0.0 (TID 37)) 22.395ms
[105.024s][info][gc          ] Allocation Stall (Executor task launch worker for task 39.0 in stage 0.0 (TID 39)) 22.276ms
[105.024s][info][gc          ] Allocation Stall (Executor task launch worker for task 29.0 in stage 0.0 (TID 29)) 22.615ms
[105.024s][info][gc          ] Allocation Stall (Executor task launch worker for task 6.0 in stage 0.0 (TID 6)) 18.477ms
[105.024s][info][gc          ] Allocation Stall (Executor task launch worker for task 15.0 in stage 0.0 (TID 15)) 22.687ms
[105.024s][info][gc          ] Allocation Stall (Executor task launch worker for task 16.0 in stage 0.0 (TID 16)) 22.350ms
[105.024s][info][gc          ] Allocation Stall (Executor task launch worker for task 13.0 in stage 0.0 (TID 13)) 22.421ms
[105.024s][info][gc          ] Allocation Stall (Executor task launch worker for task 24.0 in stage 0.0 (TID 24)) 22.513ms
[105.024s][info][gc          ] Allocation Stall (Executor task launch worker for task 23.0 in stage 0.0 (TID 23)) 22.169ms
[105.024s][info][gc          ] Allocation Stall (Executor task launch worker for task 38.0 in stage 0.0 (TID 38)) 22.429ms
[105.024s][info][gc          ] Allocation Stall (Executor task launch worker for task 33.0 in stage 0.0 (TID 33)) 22.246ms
[105.024s][info][gc          ] Allocation Stall (Executor task launch worker for task 19.0 in stage 0.0 (TID 19)) 22.365ms
[105.024s][info][gc          ] Allocation Stall (Executor task launch worker for task 40.0 in stage 0.0 (TID 40)) 21.877ms
[105.024s][info][gc          ] Allocation Stall (Executor task launch worker for task 8.0 in stage 0.0 (TID 8)) 22.475ms
[105.024s][info][gc          ] Allocation Stall (Executor task launch worker for task 44.0 in stage 0.0 (TID 44)) 22.267ms
[105.024s][info][gc          ] Allocation Stall (Executor task launch worker for task 32.0 in stage 0.0 (TID 32)) 22.195ms
[105.024s][info][gc          ] Allocation Stall (Executor task launch worker for task 10.0 in stage 0.0 (TID 10)) 22.376ms
[105.024s][info][gc          ] Allocation Stall (Executor task launch worker for task 12.0 in stage 0.0 (TID 12)) 22.661ms
[105.024s][info][gc          ] Allocation Stall (Executor task launch worker for task 5.0 in stage 0.0 (TID 5)) 22.316ms
[105.024s][info][gc          ] Allocation Stall (Executor task launch worker for task 21.0 in stage 0.0 (TID 21)) 21.866ms
[105.024s][info][gc          ] Allocation Stall (Executor task launch worker for task 3.0 in stage 0.0 (TID 3)) 22.357ms
[105.024s][info][gc          ] Allocation Stall (Executor task launch worker for task 22.0 in stage 0.0 (TID 22)) 22.282ms
[105.024s][info][gc          ] Allocation Stall (Executor task launch worker for task 34.0 in stage 0.0 (TID 34)) 22.440ms
[105.024s][info][gc          ] Allocation Stall (Executor task launch worker for task 18.0 in stage 0.0 (TID 18)) 21.895ms
[105.028s][info][gc,phases   ] GC(61) Concurrent Select Relocation Set 3.651ms
[105.040s][info][gc,phases   ] GC(61) Pause Relocate Start 0.006ms
[105.084s][info][gc          ] Allocation Stall (Executor task launch worker for task 39.0 in stage 0.0 (TID 39)) 0.078ms
[105.086s][info][gc          ] Allocation Stall (Executor task launch worker for task 9.0 in stage 0.0 (TID 9)) 2.366ms
[105.086s][info][gc          ] Allocation Stall (Executor task launch worker for task 0.0 in stage 0.0 (TID 0)) 2.367ms
[105.086s][info][gc          ] Allocation Stall (Executor task launch worker for task 8.0 in stage 0.0 (TID 8)) 2.381ms
[105.086s][info][gc          ] Allocation Stall (Executor task launch worker for task 42.0 in stage 0.0 (TID 42)) 2.383ms
[105.086s][info][gc          ] Allocation Stall (Executor task launch worker for task 22.0 in stage 0.0 (TID 22)) 2.365ms
[105.086s][info][gc          ] Allocation Stall (Spark Context Cleaner) 2.373ms
[105.086s][info][gc          ] Allocation Stall (Executor task launch worker for task 15.0 in stage 0.0 (TID 15)) 2.445ms
[105.086s][info][gc          ] Allocation Stall (Executor task launch worker for task 14.0 in stage 0.0 (TID 14)) 2.562ms
[105.086s][info][gc          ] Allocation Stall (Executor task launch worker for task 29.0 in stage 0.0 (TID 29)) 2.360ms
[105.086s][info][gc          ] Allocation Stall (Executor task launch worker for task 18.0 in stage 0.0 (TID 18)) 2.365ms
[105.086s][info][gc          ] Allocation Stall (Executor task launch worker for task 47.0 in stage 0.0 (TID 47)) 2.335ms
[105.086s][info][gc          ] Allocation Stall (Executor task launch worker for task 31.0 in stage 0.0 (TID 31)) 2.479ms
[105.086s][info][gc          ] Allocation Stall (Executor task launch worker for task 21.0 in stage 0.0 (TID 21)) 2.409ms
[105.086s][info][gc          ] Allocation Stall (Executor task launch worker for task 16.0 in stage 0.0 (TID 16)) 2.335ms
[105.086s][info][gc          ] Allocation Stall (Executor task launch worker for task 2.0 in stage 0.0 (TID 2)) 2.432ms
[105.086s][info][gc          ] Allocation Stall (Executor task launch worker for task 34.0 in stage 0.0 (TID 34)) 2.515ms
[105.087s][info][gc          ] Allocation Stall (Executor task launch worker for task 19.0 in stage 0.0 (TID 19)) 2.824ms
[105.087s][info][gc          ] Allocation Stall (Executor task launch worker for task 20.0 in stage 0.0 (TID 20)) 2.847ms
[105.087s][info][gc          ] Allocation Stall (Executor task launch worker for task 23.0 in stage 0.0 (TID 23)) 2.877ms
[105.087s][info][gc          ] Allocation Stall (Executor task launch worker for task 46.0 in stage 0.0 (TID 46)) 2.898ms
[105.087s][info][gc          ] Allocation Stall (Executor task launch worker for task 35.0 in stage 0.0 (TID 35)) 2.924ms
[105.087s][info][gc          ] Allocation Stall (Executor task launch worker for task 11.0 in stage 0.0 (TID 11)) 2.951ms
[105.087s][info][gc          ] Allocation Stall (Executor task launch worker for task 33.0 in stage 0.0 (TID 33)) 2.982ms
[105.087s][info][gc          ] Allocation Stall (Executor task launch worker for task 7.0 in stage 0.0 (TID 7)) 3.122ms
[105.087s][info][gc          ] Allocation Stall (Executor task launch worker for task 25.0 in stage 0.0 (TID 25)) 3.061ms
[105.087s][info][gc          ] Allocation Stall (Executor task launch worker for task 44.0 in stage 0.0 (TID 44)) 3.060ms
[105.087s][info][gc          ] Allocation Stall (Executor task launch worker for task 30.0 in stage 0.0 (TID 30)) 3.070ms
[105.087s][info][gc          ] Allocation Stall (Executor task launch worker for task 37.0 in stage 0.0 (TID 37)) 3.095ms
[105.087s][info][gc          ] Allocation Stall (Executor task launch worker for task 28.0 in stage 0.0 (TID 28)) 3.113ms
[105.087s][info][gc          ] Allocation Stall (Executor task launch worker for task 32.0 in stage 0.0 (TID 32)) 3.086ms
[105.087s][info][gc          ] Allocation Stall (Executor task launch worker for task 36.0 in stage 0.0 (TID 36)) 3.139ms
[105.087s][info][gc          ] Allocation Stall (Executor task launch worker for task 3.0 in stage 0.0 (TID 3)) 3.161ms
[105.087s][info][gc          ] Allocation Stall (Executor task launch worker for task 24.0 in stage 0.0 (TID 24)) 3.181ms
[105.087s][info][gc          ] Allocation Stall (Executor task launch worker for task 10.0 in stage 0.0 (TID 10)) 3.214ms
[105.087s][info][gc          ] Allocation Stall (Executor task launch worker for task 17.0 in stage 0.0 (TID 17)) 3.252ms
[105.087s][info][gc          ] Allocation Stall (Executor task launch worker for task 5.0 in stage 0.0 (TID 5)) 3.284ms
[105.087s][info][gc          ] Allocation Stall (Executor task launch worker for task 41.0 in stage 0.0 (TID 41)) 3.322ms
[105.089s][info][gc          ] Allocation Stall (Executor task launch worker for task 4.0 in stage 0.0 (TID 4)) 5.082ms
[105.089s][info][gc          ] Allocation Stall (Executor task launch worker for task 1.0 in stage 0.0 (TID 1)) 5.126ms
[105.089s][info][gc          ] Allocation Stall (Executor task launch worker for task 26.0 in stage 0.0 (TID 26)) 5.159ms
[105.089s][info][gc          ] Allocation Stall (Executor task launch worker for task 13.0 in stage 0.0 (TID 13)) 5.194ms
[105.089s][info][gc          ] Allocation Stall (Executor task launch worker for task 39.0 in stage 0.0 (TID 39)) 5.238ms
[105.089s][info][gc          ] Allocation Stall (Executor task launch worker for task 40.0 in stage 0.0 (TID 40)) 5.288ms
[105.089s][info][gc          ] Allocation Stall (Executor task launch worker for task 43.0 in stage 0.0 (TID 43)) 5.329ms
[105.094s][info][gc          ] Allocation Stall (Executor task launch worker for task 38.0 in stage 0.0 (TID 38)) 10.008ms
[105.094s][info][gc          ] Allocation Stall (Executor task launch worker for task 27.0 in stage 0.0 (TID 27)) 9.989ms
[105.094s][info][gc          ] Allocation Stall (Executor task launch worker for task 45.0 in stage 0.0 (TID 45)) 9.692ms
[105.094s][info][gc          ] Allocation Stall (Executor task launch worker for task 12.0 in stage 0.0 (TID 12)) 9.388ms
[105.099s][info][gc          ] Allocation Stall (Executor task launch worker for task 46.0 in stage 0.0 (TID 46)) 7.137ms
[105.099s][info][gc          ] Allocation Stall (Executor task launch worker for task 10.0 in stage 0.0 (TID 10)) 6.962ms
[105.099s][info][gc          ] Allocation Stall (Executor task launch worker for task 11.0 in stage 0.0 (TID 11)) 6.576ms
[105.099s][info][gc          ] Allocation Stall (Executor task launch worker for task 44.0 in stage 0.0 (TID 44)) 6.460ms
[105.099s][info][gc          ] Allocation Stall (Executor task launch worker for task 29.0 in stage 0.0 (TID 29)) 6.478ms
[105.099s][info][gc          ] Allocation Stall (Executor task launch worker for task 8.0 in stage 0.0 (TID 8)) 6.472ms
[105.099s][info][gc          ] Allocation Stall (Executor task launch worker for task 25.0 in stage 0.0 (TID 25)) 6.464ms
[105.099s][info][gc          ] Allocation Stall (Executor task launch worker for task 30.0 in stage 0.0 (TID 30)) 6.447ms
[105.099s][info][gc          ] Allocation Stall (Executor task launch worker for task 7.0 in stage 0.0 (TID 7)) 6.271ms
[105.099s][info][gc          ] Allocation Stall (Executor task launch worker for task 37.0 in stage 0.0 (TID 37)) 6.122ms
[105.099s][info][gc          ] Allocation Stall (Executor task launch worker for task 28.0 in stage 0.0 (TID 28)) 6.151ms
[105.099s][info][gc          ] Allocation Stall (Executor task launch worker for task 5.0 in stage 0.0 (TID 5)) 6.063ms
[105.099s][info][gc          ] Allocation Stall (Executor task launch worker for task 32.0 in stage 0.0 (TID 32)) 5.892ms
[105.099s][info][gc          ] Allocation Stall (Executor task launch worker for task 36.0 in stage 0.0 (TID 36)) 5.833ms
[105.099s][info][gc          ] Allocation Stall (Executor task launch worker for task 24.0 in stage 0.0 (TID 24)) 5.767ms
[105.099s][info][gc          ] Allocation Stall (Executor task launch worker for task 41.0 in stage 0.0 (TID 41)) 5.567ms
[105.099s][info][gc          ] Allocation Stall (Executor task launch worker for task 3.0 in stage 0.0 (TID 3)) 5.652ms
[105.099s][info][gc          ] Allocation Stall (Executor task launch worker for task 13.0 in stage 0.0 (TID 13)) 5.298ms
[105.099s][info][gc          ] Allocation Stall (Executor task launch worker for task 43.0 in stage 0.0 (TID 43)) 5.303ms
[105.099s][info][gc          ] Allocation Stall (Executor task launch worker for task 47.0 in stage 0.0 (TID 47)) 5.007ms
[105.099s][info][gc          ] Allocation Stall (Executor task launch worker for task 35.0 in stage 0.0 (TID 35)) 3.328ms
[105.099s][info][gc          ] Allocation Stall (Executor task launch worker for task 33.0 in stage 0.0 (TID 33)) 3.112ms
[105.099s][info][gc          ] Allocation Stall (Executor task launch worker for task 26.0 in stage 0.0 (TID 26)) 1.814ms
[105.099s][info][gc          ] Allocation Stall (Executor task launch worker for task 1.0 in stage 0.0 (TID 1)) 1.650ms
[105.099s][info][gc          ] Allocation Stall (Executor task launch worker for task 40.0 in stage 0.0 (TID 40)) 1.599ms
[105.100s][info][gc          ] Allocation Stall (Executor task launch worker for task 31.0 in stage 0.0 (TID 31)) 1.428ms
[105.100s][info][gc          ] Allocation Stall (Executor task launch worker for task 17.0 in stage 0.0 (TID 17)) 1.397ms
[105.100s][info][gc          ] Allocation Stall (Executor task launch worker for task 38.0 in stage 0.0 (TID 38)) 1.425ms
[105.100s][info][gc          ] Allocation Stall (Executor task launch worker for task 4.0 in stage 0.0 (TID 4)) 1.394ms
[105.100s][info][gc          ] Allocation Stall (Executor task launch worker for task 12.0 in stage 0.0 (TID 12)) 1.315ms
[105.100s][info][gc          ] Allocation Stall (Executor task launch worker for task 22.0 in stage 0.0 (TID 22)) 1.345ms
[105.100s][info][gc          ] Allocation Stall (Executor task launch worker for task 45.0 in stage 0.0 (TID 45)) 1.346ms
[105.100s][info][gc          ] Allocation Stall (Executor task launch worker for task 19.0 in stage 0.0 (TID 19)) 1.324ms
[105.100s][info][gc          ] Allocation Stall (Executor task launch worker for task 27.0 in stage 0.0 (TID 27)) 1.376ms
[105.100s][info][gc          ] Allocation Stall (Executor task launch worker for task 20.0 in stage 0.0 (TID 20)) 1.647ms
[105.110s][info][gc          ] Allocation Stall (Executor task launch worker for task 33.0 in stage 0.0 (TID 33)) 2.770ms
[105.110s][info][gc          ] Allocation Stall (Executor task launch worker for task 43.0 in stage 0.0 (TID 43)) 2.749ms
[105.110s][info][gc          ] Allocation Stall (Executor task launch worker for task 41.0 in stage 0.0 (TID 41)) 5.216ms
[105.111s][info][gc          ] Allocation Stall (Executor task launch worker for task 22.0 in stage 0.0 (TID 22)) 2.183ms
[105.111s][info][gc          ] Allocation Stall (Executor task launch worker for task 2.0 in stage 0.0 (TID 2)) 2.291ms
[105.111s][info][gc          ] Allocation Stall (Executor task launch worker for task 6.0 in stage 0.0 (TID 6)) 2.134ms
[105.111s][info][gc,phases   ] GC(61) Concurrent Relocate 40.014ms
[105.112s][info][gc,load     ] GC(61) Load: 0.00/0.00/0.00
[105.112s][info][gc,mmu      ] GC(61) MMU: 2ms/94.2%, 5ms/97.7%, 10ms/98.8%, 20ms/99.3%, 50ms/99.7%, 100ms/99.9%
[105.112s][info][gc,marking  ] GC(61) Mark: 8 stripe(s), 3 proactive flush(es), 1 terminate flush(es), 0 completion(s), 0 continuation(s) 
[105.112s][info][gc,marking  ] GC(61) Mark Stack Usage: 32M
[105.112s][info][gc,nmethod  ] GC(61) NMethods: 2159 registered, 79 unregistered
[105.112s][info][gc,metaspace] GC(61) Metaspace: 112M used, 124M committed, 1152M reserved
[105.112s][info][gc,ref      ] GC(61) Soft: 2800 encountered, 564 discovered, 0 enqueued
[105.112s][info][gc,ref      ] GC(61) Weak: 12964 encountered, 2111 discovered, 2 enqueued
[105.112s][info][gc,ref      ] GC(61) Final: 62 encountered, 19 discovered, 0 enqueued
[105.112s][info][gc,ref      ] GC(61) Phantom: 750 encountered, 690 discovered, 0 enqueued
[105.112s][info][gc,reloc    ] GC(61) Small Pages: 192 / 384M, Empty: 242M, Relocated: 1M, In-Place: 0
[105.112s][info][gc,reloc    ] GC(61) Medium Pages: 20 / 640M, Empty: 0M, Relocated: 22M, In-Place: 0
[105.112s][info][gc,reloc    ] GC(61) Large Pages: 0 / 0M, Empty: 0M, Relocated: 0M, In-Place: 0
[105.112s][info][gc,reloc    ] GC(61) Forwarding Usage: 0M
[105.112s][info][gc,heap     ] GC(61) Min Capacity: 8M(1%)
[105.112s][info][gc,heap     ] GC(61) Max Capacity: 1024M(100%)
[105.112s][info][gc,heap     ] GC(61) Soft Max Capacity: 1024M(100%)
[105.112s][info][gc,heap     ] GC(61)                Mark Start          Mark End        Relocate Start      Relocate End           High               Low         
[105.112s][info][gc,heap     ] GC(61)  Capacity:     1024M (100%)       1024M (100%)       1024M (100%)       1024M (100%)       1024M (100%)       1024M (100%)   
[105.112s][info][gc,heap     ] GC(61)      Free:        0M (0%)            0M (0%)          186M (18%)          10M (1%)          224M (22%)           0M (0%)     
[105.112s][info][gc,heap     ] GC(61)      Used:     1024M (100%)       1024M (100%)        838M (82%)        1014M (99%)        1024M (100%)        800M (78%)    
[105.112s][info][gc,heap     ] GC(61)      Live:         -               583M (57%)         583M (57%)         583M (57%)            -                  -          
[105.112s][info][gc,heap     ] GC(61) Allocated:         -                 0M (0%)           56M (5%)          326M (32%)            -                  -          
[105.112s][info][gc,heap     ] GC(61)   Garbage:         -               440M (43%)         198M (19%)         104M (10%)            -                  -          
[105.112s][info][gc,heap     ] GC(61) Reclaimed:         -                  -               242M (24%)         336M (33%)            -                  -          
[105.112s][info][gc          ] GC(61) Garbage Collection (Allocation Stall) 1024M(100%)->1014M(99%)
[105.112s][info][gc          ] Allocation Stall (Executor task launch worker for task 47.0 in stage 0.0 (TID 47)) 3.753ms
[105.112s][info][gc          ] Allocation Stall (Executor task launch worker for task 5.0 in stage 0.0 (TID 5)) 4.472ms
[105.112s][info][gc          ] Allocation Stall (Executor task launch worker for task 11.0 in stage 0.0 (TID 11)) 6.897ms
[105.112s][info][gc          ] Allocation Stall (Executor task launch worker for task 45.0 in stage 0.0 (TID 45)) 4.594ms
[105.112s][info][gc          ] Allocation Stall (Executor task launch worker for task 3.0 in stage 0.0 (TID 3)) 4.603ms
[105.112s][info][gc          ] Allocation Stall (Executor task launch worker for task 27.0 in stage 0.0 (TID 27)) 4.991ms
[105.112s][info][gc          ] Allocation Stall (Executor task launch worker for task 26.0 in stage 0.0 (TID 26)) 4.612ms
[105.112s][info][gc          ] Allocation Stall (Executor task launch worker for task 42.0 in stage 0.0 (TID 42)) 5.005ms
[105.112s][info][gc          ] Allocation Stall (Executor task launch worker for task 12.0 in stage 0.0 (TID 12)) 5.351ms
[105.112s][info][gc          ] Allocation Stall (Executor task launch worker for task 36.0 in stage 0.0 (TID 36)) 5.504ms
[105.112s][info][gc          ] Allocation Stall (Executor task launch worker for task 13.0 in stage 0.0 (TID 13)) 5.489ms
[105.112s][info][gc          ] Allocation Stall (Executor task launch worker for task 23.0 in stage 0.0 (TID 23)) 5.517ms
[105.112s][info][gc          ] Allocation Stall (Executor task launch worker for task 35.0 in stage 0.0 (TID 35)) 5.578ms
[105.112s][info][gc          ] Allocation Stall (Executor task launch worker for task 31.0 in stage 0.0 (TID 31)) 6.820ms
[105.112s][info][gc          ] Allocation Stall (Executor task launch worker for task 21.0 in stage 0.0 (TID 21)) 6.952ms
[105.112s][info][gc          ] Allocation Stall (Executor task launch worker for task 19.0 in stage 0.0 (TID 19)) 3.834ms
[105.112s][info][gc          ] Allocation Stall (Executor task launch worker for task 18.0 in stage 0.0 (TID 18)) 3.724ms
[105.112s][info][gc          ] Allocation Stall (Executor task launch worker for task 7.0 in stage 0.0 (TID 7)) 0.154ms
[105.112s][info][gc          ] Allocation Stall (Executor task launch worker for task 17.0 in stage 0.0 (TID 17)) 0.154ms
[105.112s][info][gc          ] Allocation Stall (Executor task launch worker for task 1.0 in stage 0.0 (TID 1)) 3.665ms
[105.112s][info][gc          ] Allocation Stall (Executor task launch worker for task 15.0 in stage 0.0 (TID 15)) 3.525ms
[105.112s][info][gc          ] Allocation Stall (Executor task launch worker for task 16.0 in stage 0.0 (TID 16)) 3.523ms
[105.112s][info][gc          ] Allocation Stall (Executor task launch worker for task 20.0 in stage 0.0 (TID 20)) 3.458ms
[105.112s][info][gc          ] Allocation Stall (Executor task launch worker for task 25.0 in stage 0.0 (TID 25)) 0.174ms
[105.112s][info][gc          ] Allocation Stall (Executor task launch worker for task 46.0 in stage 0.0 (TID 46)) 0.182ms
[105.112s][info][gc,start    ] GC(62) Garbage Collection (Allocation Stall)
[105.112s][info][gc          ] Allocation Stall (Executor task launch worker for task 44.0 in stage 0.0 (TID 44)) 0.186ms
[105.113s][info][gc          ] Allocation Stall (Executor task launch worker for task 39.0 in stage 0.0 (TID 39)) 0.418ms
[105.113s][info][gc          ] Allocation Stall (Executor task launch worker for task 40.0 in stage 0.0 (TID 40)) 0.431ms
[105.113s][info][gc          ] Allocation Stall (Executor task launch worker for task 4.0 in stage 0.0 (TID 4)) 0.488ms
[105.113s][info][gc          ] Allocation Stall (Executor task launch worker for task 24.0 in stage 0.0 (TID 24)) 0.493ms
[105.113s][info][gc,ref      ] GC(62) Clearing All SoftReferences
[105.113s][info][gc          ] Allocation Stall (Executor task launch worker for task 8.0 in stage 0.0 (TID 8)) 0.527ms
[105.113s][info][gc          ] Allocation Stall (Executor task launch worker for task 38.0 in stage 0.0 (TID 38)) 0.540ms
[105.113s][info][gc          ] Allocation Stall (Executor task launch worker for task 14.0 in stage 0.0 (TID 14)) 0.580ms
[105.113s][info][gc          ] Allocation Stall (Executor task launch worker for task 28.0 in stage 0.0 (TID 28)) 0.598ms
[105.113s][info][gc,task     ] GC(62) Using 10 workers
[105.113s][info][gc          ] Allocation Stall (Executor task launch worker for task 37.0 in stage 0.0 (TID 37)) 0.627ms
[105.113s][info][gc          ] Allocation Stall (Executor task launch worker for task 0.0 in stage 0.0 (TID 0)) 0.651ms
[105.113s][info][gc          ] Allocation Stall (Executor task launch worker for task 29.0 in stage 0.0 (TID 29)) 0.679ms
[105.113s][info][gc          ] Allocation Stall (Executor task launch worker for task 22.0 in stage 0.0 (TID 22)) 0.051ms
[105.118s][info][gc,ref      ] GC(62) Clearing All SoftReferences
[105.118s][info][gc,phases   ] GC(62) Pause Mark Start 0.028ms
[105.118s][info][gc          ] Allocation Stall (Executor task launch worker for task 43.0 in stage 0.0 (TID 43)) 5.345ms
[105.181s][info][gc,phases   ] GC(62) Concurrent Mark 29.196ms
[105.181s][info][gc,phases   ] GC(62) Pause Mark End 0.015ms
[105.181s][info][gc,phases   ] GC(62) Concurrent Mark Free 0.001ms
[105.182s][info][gc,phases   ] GC(62) Concurrent Process Non-Strong References 0.920ms
[105.182s][info][gc,phases   ] GC(62) Concurrent Reset Relocation Set 0.004ms
[105.182s][info][gc          ] Allocation Stall (Executor task launch worker for task 1.0 in stage 0.0 (TID 1)) 25.795ms
[105.182s][info][gc          ] Allocation Stall (Executor task launch worker for task 33.0 in stage 0.0 (TID 33)) 26.964ms
[105.182s][info][gc          ] Allocation Stall (Executor task launch worker for task 8.0 in stage 0.0 (TID 8)) 25.815ms
[105.182s][info][gc          ] Allocation Stall (Executor task launch worker for task 42.0 in stage 0.0 (TID 42)) 26.546ms
[105.182s][info][gc          ] Allocation Stall (Executor task launch worker for task 45.0 in stage 0.0 (TID 45)) 26.233ms
[105.182s][info][gc          ] Allocation Stall (Executor task launch worker for task 25.0 in stage 0.0 (TID 25)) 27.289ms
[105.182s][info][gc          ] Allocation Stall (Executor task launch worker for task 27.0 in stage 0.0 (TID 27)) 25.824ms
[105.182s][info][gc          ] Allocation Stall (Executor task launch worker for task 43.0 in stage 0.0 (TID 43)) 27.259ms
[105.182s][info][gc          ] Allocation Stall (Executor task launch worker for task 3.0 in stage 0.0 (TID 3)) 26.029ms
[105.182s][info][gc          ] Allocation Stall (Executor task launch worker for task 6.0 in stage 0.0 (TID 6)) 30.090ms
[105.182s][info][gc          ] Allocation Stall (Executor task launch worker for task 41.0 in stage 0.0 (TID 41)) 25.702ms
[105.182s][info][gc          ] Allocation Stall (Executor task launch worker for task 16.0 in stage 0.0 (TID 16)) 26.401ms
[105.182s][info][gc          ] Allocation Stall (Executor task launch worker for task 2.0 in stage 0.0 (TID 2)) 25.861ms
[105.182s][info][gc          ] Allocation Stall (Executor task launch worker for task 39.0 in stage 0.0 (TID 39)) 44.326ms
[105.182s][info][gc          ] Allocation Stall (Executor task launch worker for task 15.0 in stage 0.0 (TID 15)) 25.996ms
[105.182s][info][gc          ] Allocation Stall (Executor task launch worker for task 5.0 in stage 0.0 (TID 5)) 25.928ms
[105.182s][info][gc          ] Allocation Stall (Executor task launch worker for task 31.0 in stage 0.0 (TID 31)) 25.778ms
[105.182s][info][gc          ] Allocation Stall (Executor task launch worker for task 22.0 in stage 0.0 (TID 22)) 30.599ms
[105.182s][info][gc          ] Allocation Stall (Executor task launch worker for task 47.0 in stage 0.0 (TID 47)) 25.966ms
[105.182s][info][gc          ] Allocation Stall (Executor task launch worker for task 34.0 in stage 0.0 (TID 34)) 25.770ms
[105.182s][info][gc          ] Allocation Stall (Executor task launch worker for task 14.0 in stage 0.0 (TID 14)) 30.168ms
[105.182s][info][gc          ] Allocation Stall (Executor task launch worker for task 10.0 in stage 0.0 (TID 10)) 27.253ms
[105.182s][info][gc          ] Allocation Stall (Executor task launch worker for task 9.0 in stage 0.0 (TID 9)) 26.947ms
[105.182s][info][gc          ] Allocation Stall (Executor task launch worker for task 21.0 in stage 0.0 (TID 21)) 25.765ms
[105.182s][info][gc          ] Allocation Stall (Executor task launch worker for task 13.0 in stage 0.0 (TID 13)) 26.103ms
[105.182s][info][gc          ] Allocation Stall (Executor task launch worker for task 17.0 in stage 0.0 (TID 17)) 27.681ms
[105.182s][info][gc          ] Allocation Stall (Executor task launch worker for task 24.0 in stage 0.0 (TID 24)) 28.133ms
[105.182s][info][gc          ] Allocation Stall (Executor task launch worker for task 35.0 in stage 0.0 (TID 35)) 26.720ms
[105.182s][info][gc          ] Allocation Stall (Executor task launch worker for task 29.0 in stage 0.0 (TID 29)) 28.183ms
[105.182s][info][gc          ] Allocation Stall (Executor task launch worker for task 19.0 in stage 0.0 (TID 19)) 27.052ms
[105.182s][info][gc          ] Allocation Stall (Executor task launch worker for task 11.0 in stage 0.0 (TID 11)) 25.804ms
[105.182s][info][gc          ] Allocation Stall (Executor task launch worker for task 20.0 in stage 0.0 (TID 20)) 28.240ms
[105.182s][info][gc          ] Allocation Stall (Executor task launch worker for task 12.0 in stage 0.0 (TID 12)) 28.285ms
[105.182s][info][gc          ] Allocation Stall (Executor task launch worker for task 4.0 in stage 0.0 (TID 4)) 27.892ms
[105.182s][info][gc          ] Allocation Stall (Executor task launch worker for task 7.0 in stage 0.0 (TID 7)) 30.431ms
[105.182s][info][gc          ] Allocation Stall (Executor task launch worker for task 26.0 in stage 0.0 (TID 26)) 25.718ms
[105.182s][info][gc          ] Allocation Stall (Executor task launch worker for task 32.0 in stage 0.0 (TID 32)) 29.816ms
[105.182s][info][gc          ] Allocation Stall (Executor task launch worker for task 0.0 in stage 0.0 (TID 0)) 29.841ms
[105.182s][info][gc          ] Allocation Stall (Executor task launch worker for task 30.0 in stage 0.0 (TID 30)) 30.006ms
[105.182s][info][gc          ] Allocation Stall (Executor task launch worker for task 37.0 in stage 0.0 (TID 37)) 30.197ms
[105.182s][info][gc          ] Allocation Stall (Executor task launch worker for task 46.0 in stage 0.0 (TID 46)) 29.906ms
[105.182s][info][gc          ] Allocation Stall (Executor task launch worker for task 38.0 in stage 0.0 (TID 38)) 30.267ms
[105.182s][info][gc          ] Allocation Stall (Executor task launch worker for task 44.0 in stage 0.0 (TID 44)) 30.243ms
[105.182s][info][gc          ] Allocation Stall (Executor task launch worker for task 18.0 in stage 0.0 (TID 18)) 30.355ms
[105.182s][info][gc          ] Allocation Stall (Executor task launch worker for task 28.0 in stage 0.0 (TID 28)) 30.313ms
[105.182s][info][gc          ] Allocation Stall (Executor task launch worker for task 36.0 in stage 0.0 (TID 36)) 30.528ms
[105.182s][info][gc          ] Allocation Stall (Executor task launch worker for task 23.0 in stage 0.0 (TID 23)) 30.689ms
[105.182s][info][gc          ] Allocation Stall (Executor task launch worker for task 40.0 in stage 0.0 (TID 40)) 30.553ms
[105.186s][info][gc,phases   ] GC(62) Concurrent Select Relocation Set 3.709ms
[105.196s][info][gc,phases   ] GC(62) Pause Relocate Start 0.007ms
[105.203s][info][gc,phases   ] GC(62) Concurrent Relocate 1.502ms
[105.203s][info][gc,load     ] GC(62) Load: 0.00/0.00/0.00
[105.203s][info][gc,mmu      ] GC(62) MMU: 2ms/94.2%, 5ms/97.7%, 10ms/98.8%, 20ms/99.3%, 50ms/99.7%, 100ms/99.9%
[105.203s][info][gc,marking  ] GC(62) Mark: 8 stripe(s), 2 proactive flush(es), 1 terminate flush(es), 0 completion(s), 0 continuation(s) 
[105.203s][info][gc,marking  ] GC(62) Mark Stack Usage: 32M
[105.203s][info][gc,nmethod  ] GC(62) NMethods: 2159 registered, 79 unregistered
[105.203s][info][gc,metaspace] GC(62) Metaspace: 112M used, 124M committed, 1152M reserved
[105.203s][info][gc,ref      ] GC(62) Soft: 2800 encountered, 293 discovered, 0 enqueued
[105.203s][info][gc,ref      ] GC(62) Weak: 12964 encountered, 2650 discovered, 0 enqueued
[105.203s][info][gc,ref      ] GC(62) Final: 62 encountered, 40 discovered, 0 enqueued
[105.203s][info][gc,ref      ] GC(62) Phantom: 750 encountered, 518 discovered, 0 enqueued
[105.203s][info][gc,reloc    ] GC(62) Small Pages: 183 / 366M, Empty: 220M, Relocated: 1M, In-Place: 0
[105.203s][info][gc,reloc    ] GC(62) Medium Pages: 19 / 608M, Empty: 0M, Relocated: 0M, In-Place: 0
[105.203s][info][gc,reloc    ] GC(62) Large Pages: 0 / 0M, Empty: 0M, Relocated: 0M, In-Place: 0
[105.203s][info][gc,reloc    ] GC(62) Forwarding Usage: 0M
[105.203s][info][gc,heap     ] GC(62) Min Capacity: 8M(1%)
[105.203s][info][gc,heap     ] GC(62) Max Capacity: 1024M(100%)
[105.203s][info][gc,heap     ] GC(62) Soft Max Capacity: 1024M(100%)
[105.203s][info][gc,heap     ] GC(62)                Mark Start          Mark End        Relocate Start      Relocate End           High               Low         
[105.203s][info][gc,heap     ] GC(62)  Capacity:     1024M (100%)       1024M (100%)       1024M (100%)       1024M (100%)       1024M (100%)       1024M (100%)   
[105.204s][info][gc,heap     ] GC(62)      Free:       48M (5%)            0M (0%)          174M (17%)         142M (14%)         174M (17%)           0M (0%)     
[105.204s][info][gc,heap     ] GC(62)      Used:      976M (95%)        1024M (100%)        850M (83%)         882M (86%)        1024M (100%)        850M (83%)    
[105.204s][info][gc,heap     ] GC(62)      Live:         -               584M (57%)         584M (57%)         584M (57%)            -                  -          
[105.204s][info][gc,heap     ] GC(62) Allocated:         -                48M (5%)           94M (9%)          179M (18%)            -                  -          
[105.204s][info][gc,heap     ] GC(62)   Garbage:         -               391M (38%)         171M (17%)         117M (12%)            -                  -          
[105.204s][info][gc,heap     ] GC(62) Reclaimed:         -                  -               220M (21%)         273M (27%)            -                  -          
[105.204s][info][gc          ] GC(62) Garbage Collection (Allocation Stall) 976M(95%)->882M(86%)
[105.216s][info][gc          ] Allocation Stall (Executor task launch worker for task 7.0 in stage 0.0 (TID 7)) 0.076ms
[105.216s][info][gc          ] Allocation Stall (Executor task launch worker for task 13.0 in stage 0.0 (TID 13)) 0.171ms
[105.216s][info][gc,start    ] GC(63) Garbage Collection (Allocation Stall)
[105.217s][info][gc,ref      ] GC(63) Clearing All SoftReferences
[105.217s][info][gc,task     ] GC(63) Using 10 workers
[105.228s][info][gc,ref      ] GC(63) Clearing All SoftReferences
[105.228s][info][gc,phases   ] GC(63) Pause Mark Start 0.044ms
[105.259s][info][gc,phases   ] GC(63) Concurrent Mark 31.163ms
[105.259s][info][gc,phases   ] GC(63) Pause Mark End 0.014ms
[105.259s][info][gc,phases   ] GC(63) Concurrent Mark Free 0.001ms
[105.260s][info][gc,phases   ] GC(63) Concurrent Process Non-Strong References 0.826ms
[105.260s][info][gc,phases   ] GC(63) Concurrent Reset Relocation Set 0.005ms
[105.260s][info][gc          ] Allocation Stall (Executor task launch worker for task 33.0 in stage 0.0 (TID 33)) 43.668ms
[105.260s][info][gc          ] Allocation Stall (Executor task launch worker for task 16.0 in stage 0.0 (TID 16)) 32.382ms
[105.260s][info][gc          ] Allocation Stall (Executor task launch worker for task 47.0 in stage 0.0 (TID 47)) 32.349ms
[105.260s][info][gc          ] Allocation Stall (Executor task launch worker for task 3.0 in stage 0.0 (TID 3)) 26.004ms
[105.260s][info][gc          ] Allocation Stall (Executor task launch worker for task 40.0 in stage 0.0 (TID 40)) 28.202ms
[105.260s][info][gc          ] Allocation Stall (Executor task launch worker for task 29.0 in stage 0.0 (TID 29)) 32.340ms
[105.260s][info][gc          ] Allocation Stall (Executor task launch worker for task 41.0 in stage 0.0 (TID 41)) 43.726ms
[105.260s][info][gc          ] Allocation Stall (Executor task launch worker for task 31.0 in stage 0.0 (TID 31)) 43.965ms
[105.260s][info][gc          ] Allocation Stall (Executor task launch worker for task 1.0 in stage 0.0 (TID 1)) 43.736ms
[105.260s][info][gc          ] Allocation Stall (Executor task launch worker for task 37.0 in stage 0.0 (TID 37)) 32.414ms
[105.260s][info][gc          ] Allocation Stall (Executor task launch worker for task 20.0 in stage 0.0 (TID 20)) 32.425ms
[105.260s][info][gc          ] Allocation Stall (Executor task launch worker for task 15.0 in stage 0.0 (TID 15)) 43.837ms
[105.260s][info][gc          ] Allocation Stall (Executor task launch worker for task 23.0 in stage 0.0 (TID 23)) 43.984ms
[105.260s][info][gc          ] Allocation Stall (Executor task launch worker for task 2.0 in stage 0.0 (TID 2)) 44.006ms
[105.260s][info][gc          ] Allocation Stall (Executor task launch worker for task 43.0 in stage 0.0 (TID 43)) 43.887ms
[105.260s][info][gc          ] Allocation Stall (Executor task launch worker for task 44.0 in stage 0.0 (TID 44)) 43.958ms
[105.260s][info][gc          ] Allocation Stall (Executor task launch worker for task 38.0 in stage 0.0 (TID 38)) 44.161ms
[105.260s][info][gc          ] Allocation Stall (Executor task launch worker for task 27.0 in stage 0.0 (TID 27)) 43.998ms
[105.260s][info][gc          ] Allocation Stall (Executor task launch worker for task 45.0 in stage 0.0 (TID 45)) 43.748ms
[105.260s][info][gc          ] Allocation Stall (Executor task launch worker for task 10.0 in stage 0.0 (TID 10)) 28.230ms
[105.260s][info][gc          ] Allocation Stall (Executor task launch worker for task 36.0 in stage 0.0 (TID 36)) 44.163ms
[105.260s][info][gc          ] Allocation Stall (Executor task launch worker for task 17.0 in stage 0.0 (TID 17)) 44.160ms
[105.260s][info][gc          ] Allocation Stall (Executor task launch worker for task 39.0 in stage 0.0 (TID 39)) 32.387ms
[105.260s][info][gc          ] Allocation Stall (Executor task launch worker for task 11.0 in stage 0.0 (TID 11)) 32.386ms
[105.260s][info][gc          ] Allocation Stall (Executor task launch worker for task 14.0 in stage 0.0 (TID 14)) 43.792ms
[105.260s][info][gc          ] Allocation Stall (Executor task launch worker for task 46.0 in stage 0.0 (TID 46)) 44.152ms
[105.260s][info][gc          ] Allocation Stall (Executor task launch worker for task 26.0 in stage 0.0 (TID 26)) 43.841ms
[105.260s][info][gc          ] Allocation Stall (Executor task launch worker for task 30.0 in stage 0.0 (TID 30)) 44.213ms
[105.260s][info][gc          ] Allocation Stall (Executor task launch worker for task 19.0 in stage 0.0 (TID 19)) 32.480ms
[105.260s][info][gc          ] Allocation Stall (Executor task launch worker for task 32.0 in stage 0.0 (TID 32)) 43.826ms
[105.260s][info][gc          ] Allocation Stall (Executor task launch worker for task 34.0 in stage 0.0 (TID 34)) 44.258ms
[105.260s][info][gc          ] Allocation Stall (Executor task launch worker for task 42.0 in stage 0.0 (TID 42)) 44.328ms
[105.260s][info][gc          ] Allocation Stall (Executor task launch worker for task 7.0 in stage 0.0 (TID 7)) 32.471ms
[105.260s][info][gc          ] Allocation Stall (Executor task launch worker for task 21.0 in stage 0.0 (TID 21)) 44.345ms
[105.260s][info][gc          ] Allocation Stall (Executor task launch worker for task 25.0 in stage 0.0 (TID 25)) 43.752ms
[105.260s][info][gc          ] Allocation Stall (Executor task launch worker for task 6.0 in stage 0.0 (TID 6)) 44.354ms
[105.260s][info][gc          ] Allocation Stall (Executor task launch worker for task 18.0 in stage 0.0 (TID 18)) 32.472ms
[105.260s][info][gc          ] Allocation Stall (Executor task launch worker for task 8.0 in stage 0.0 (TID 8)) 44.028ms
[105.260s][info][gc          ] Allocation Stall (Executor task launch worker for task 13.0 in stage 0.0 (TID 13)) 32.478ms
[105.260s][info][gc          ] Allocation Stall (Executor task launch worker for task 9.0 in stage 0.0 (TID 9)) 43.852ms
[105.260s][info][gc          ] Allocation Stall (Executor task launch worker for task 24.0 in stage 0.0 (TID 24)) 44.223ms
[105.260s][info][gc          ] Allocation Stall (Executor task launch worker for task 5.0 in stage 0.0 (TID 5)) 44.347ms
[105.260s][info][gc          ] Allocation Stall (Executor task launch worker for task 12.0 in stage 0.0 (TID 12)) 44.184ms
[105.260s][info][gc          ] Allocation Stall (Executor task launch worker for task 22.0 in stage 0.0 (TID 22)) 43.737ms
[105.260s][info][gc          ] Allocation Stall (Executor task launch worker for task 0.0 in stage 0.0 (TID 0)) 28.205ms
[105.260s][info][gc          ] Allocation Stall (Executor task launch worker for task 4.0 in stage 0.0 (TID 4)) 44.353ms
[105.260s][info][gc          ] Allocation Stall (Executor task launch worker for task 35.0 in stage 0.0 (TID 35)) 43.831ms
[105.260s][info][gc          ] Allocation Stall (Executor task launch worker for task 28.0 in stage 0.0 (TID 28)) 43.737ms
[105.265s][info][gc,phases   ] GC(63) Concurrent Select Relocation Set 4.820ms
[105.265s][info][gc,phases   ] GC(63) Pause Relocate Start 0.006ms
[105.275s][info][gc          ] Allocation Stall (Executor task launch worker for task 35.0 in stage 0.0 (TID 35)) 6.452ms
[105.275s][info][gc          ] Allocation Stall (Executor task launch worker for task 29.0 in stage 0.0 (TID 29)) 6.442ms
[105.275s][info][gc          ] Allocation Stall (Executor task launch worker for task 13.0 in stage 0.0 (TID 13)) 6.395ms
[105.275s][info][gc          ] Allocation Stall (Executor task launch worker for task 17.0 in stage 0.0 (TID 17)) 6.535ms
[105.275s][info][gc          ] Allocation Stall (Executor task launch worker for task 5.0 in stage 0.0 (TID 5)) 6.419ms
[105.275s][info][gc          ] Allocation Stall (Executor task launch worker for task 15.0 in stage 0.0 (TID 15)) 6.482ms
[105.275s][info][gc          ] Allocation Stall (Executor task launch worker for task 14.0 in stage 0.0 (TID 14)) 6.474ms
[105.275s][info][gc          ] Allocation Stall (Executor task launch worker for task 38.0 in stage 0.0 (TID 38)) 6.392ms
[105.275s][info][gc          ] Allocation Stall (Executor task launch worker for task 26.0 in stage 0.0 (TID 26)) 6.636ms
[105.275s][info][gc          ] Allocation Stall (Executor task launch worker for task 21.0 in stage 0.0 (TID 21)) 6.482ms
[105.275s][info][gc          ] Allocation Stall (Executor task launch worker for task 23.0 in stage 0.0 (TID 23)) 6.496ms
[105.275s][info][gc          ] Allocation Stall (Executor task launch worker for task 11.0 in stage 0.0 (TID 11)) 6.596ms
[105.275s][info][gc          ] Allocation Stall (Executor task launch worker for task 19.0 in stage 0.0 (TID 19)) 6.625ms
[105.275s][info][gc          ] Allocation Stall (Executor task launch worker for task 9.0 in stage 0.0 (TID 9)) 6.597ms
[105.275s][info][gc          ] Allocation Stall (Executor task launch worker for task 6.0 in stage 0.0 (TID 6)) 6.579ms
[105.275s][info][gc          ] Allocation Stall (Executor task launch worker for task 45.0 in stage 0.0 (TID 45)) 6.558ms
[105.277s][info][gc          ] Allocation Stall (Executor task launch worker for task 25.0 in stage 0.0 (TID 25)) 7.806ms
[105.277s][info][gc          ] Allocation Stall (Executor task launch worker for task 8.0 in stage 0.0 (TID 8)) 7.834ms
[105.277s][info][gc          ] Allocation Stall (Executor task launch worker for task 22.0 in stage 0.0 (TID 22)) 7.810ms
[105.277s][info][gc          ] Allocation Stall (Executor task launch worker for task 32.0 in stage 0.0 (TID 32)) 7.863ms
[105.277s][info][gc          ] Allocation Stall (Executor task launch worker for task 3.0 in stage 0.0 (TID 3)) 7.896ms
[105.277s][info][gc          ] Allocation Stall (Executor task launch worker for task 33.0 in stage 0.0 (TID 33)) 7.983ms
[105.277s][info][gc          ] Allocation Stall (Executor task launch worker for task 7.0 in stage 0.0 (TID 7)) 7.973ms
[105.277s][info][gc          ] Allocation Stall (Executor task launch worker for task 1.0 in stage 0.0 (TID 1)) 7.087ms
[105.277s][info][gc          ] Allocation Stall (Executor task launch worker for task 16.0 in stage 0.0 (TID 16)) 7.157ms
[105.277s][info][gc          ] Allocation Stall (Executor task launch worker for task 2.0 in stage 0.0 (TID 2)) 6.833ms
[105.277s][info][gc          ] Allocation Stall (Executor task launch worker for task 36.0 in stage 0.0 (TID 36)) 7.117ms
[105.277s][info][gc          ] Allocation Stall (Executor task launch worker for task 38.0 in stage 0.0 (TID 38)) 0.114ms
[105.277s][info][gc          ] Allocation Stall (Executor task launch worker for task 12.0 in stage 0.0 (TID 12)) 6.874ms
[105.277s][info][gc          ] Allocation Stall (Executor task launch worker for task 47.0 in stage 0.0 (TID 47)) 6.997ms
[105.277s][info][gc          ] Allocation Stall (Executor task launch worker for task 24.0 in stage 0.0 (TID 24)) 8.127ms
[105.277s][info][gc          ] Allocation Stall (Executor task launch worker for task 18.0 in stage 0.0 (TID 18)) 7.947ms
[105.277s][info][gc          ] Allocation Stall (Executor task launch worker for task 4.0 in stage 0.0 (TID 4)) 8.060ms
[105.277s][info][gc          ] Allocation Stall (Executor task launch worker for task 31.0 in stage 0.0 (TID 31)) 7.569ms
[105.277s][info][gc          ] Allocation Stall (Executor task launch worker for task 20.0 in stage 0.0 (TID 20)) 7.267ms
[105.277s][info][gc          ] Allocation Stall (Executor task launch worker for task 41.0 in stage 0.0 (TID 41)) 7.728ms
[105.277s][info][gc          ] Allocation Stall (Executor task launch worker for task 37.0 in stage 0.0 (TID 37)) 7.159ms
[105.393s][info][gc          ] Allocation Stall (Executor task launch worker for task 13.0 in stage 0.0 (TID 13)) 0.113ms
[105.393s][info][gc          ] Allocation Stall (Executor task launch worker for task 31.0 in stage 0.0 (TID 31)) 0.157ms
[105.393s][info][gc          ] Allocation Stall (Executor task launch worker for task 39.0 in stage 0.0 (TID 39)) 0.209ms
[105.398s][info][gc          ] Relocation Stall (Executor task launch worker for task 40.0 in stage 0.0 (TID 40)) 132.356ms
[105.399s][info][gc          ] Allocation Stall (Executor task launch worker for task 36.0 in stage 0.0 (TID 36)) 5.642ms
[105.399s][info][gc          ] Allocation Stall (Executor task launch worker for task 33.0 in stage 0.0 (TID 33)) 2.996ms
[105.399s][info][gc          ] Allocation Stall (Executor task launch worker for task 4.0 in stage 0.0 (TID 4)) 2.881ms
[105.399s][info][gc          ] Allocation Stall (Executor task launch worker for task 15.0 in stage 0.0 (TID 15)) 2.597ms
[105.399s][info][gc          ] Allocation Stall (Executor task launch worker for task 2.0 in stage 0.0 (TID 2)) 2.413ms
[105.399s][info][gc          ] Allocation Stall (Executor task launch worker for task 44.0 in stage 0.0 (TID 44)) 5.780ms
[105.399s][info][gc          ] Allocation Stall (Executor task launch worker for task 35.0 in stage 0.0 (TID 35)) 1.969ms
[105.399s][info][gc          ] Allocation Stall (Executor task launch worker for task 46.0 in stage 0.0 (TID 46)) 5.788ms
[105.399s][info][gc          ] Allocation Stall (Executor task launch worker for task 38.0 in stage 0.0 (TID 38)) 1.925ms
[105.399s][info][gc          ] Allocation Stall (Executor task launch worker for task 9.0 in stage 0.0 (TID 9)) 5.794ms
[105.399s][info][gc          ] Allocation Stall (Executor task launch worker for task 24.0 in stage 0.0 (TID 24)) 5.787ms
[105.399s][info][gc          ] Allocation Stall (Executor task launch worker for task 18.0 in stage 0.0 (TID 18)) 5.785ms
[105.399s][info][gc          ] Allocation Stall (Executor task launch worker for task 3.0 in stage 0.0 (TID 3)) 1.798ms
[105.399s][info][gc          ] Allocation Stall (Executor task launch worker for task 12.0 in stage 0.0 (TID 12)) 5.792ms
[105.399s][info][gc          ] Allocation Stall (Executor task launch worker for task 47.0 in stage 0.0 (TID 47)) 5.792ms
[105.399s][info][gc          ] Allocation Stall (Executor task launch worker for task 10.0 in stage 0.0 (TID 10)) 5.790ms
[105.399s][info][gc          ] Allocation Stall (Executor task launch worker for task 21.0 in stage 0.0 (TID 21)) 5.787ms
[105.399s][info][gc          ] Allocation Stall (Executor task launch worker for task 32.0 in stage 0.0 (TID 32)) 5.783ms
[105.399s][info][gc          ] Allocation Stall (Executor task launch worker for task 8.0 in stage 0.0 (TID 8)) 5.781ms
[105.399s][info][gc          ] Allocation Stall (Executor task launch worker for task 23.0 in stage 0.0 (TID 23)) 5.779ms
[105.399s][info][gc          ] Allocation Stall (Executor task launch worker for task 14.0 in stage 0.0 (TID 14)) 5.779ms
[105.399s][info][gc          ] Allocation Stall (Executor task launch worker for task 7.0 in stage 0.0 (TID 7)) 1.825ms
[105.399s][info][gc          ] Allocation Stall (Executor task launch worker for task 0.0 in stage 0.0 (TID 0)) 1.177ms
[105.399s][info][gc          ] Allocation Stall (Executor task launch worker for task 39.0 in stage 0.0 (TID 39)) 1.143ms
[105.399s][info][gc          ] Allocation Stall (Executor task launch worker for task 31.0 in stage 0.0 (TID 31)) 1.193ms
[105.399s][info][gc          ] Allocation Stall (Executor task launch worker for task 11.0 in stage 0.0 (TID 11)) 0.594ms
[105.399s][info][gc          ] Allocation Stall (Executor task launch worker for task 13.0 in stage 0.0 (TID 13)) 0.625ms
[105.399s][info][gc          ] Allocation Stall (Executor task launch worker for task 16.0 in stage 0.0 (TID 16)) 0.662ms
[105.399s][info][gc          ] Allocation Stall (Executor task launch worker for task 40.0 in stage 0.0 (TID 40)) 0.685ms
[105.400s][info][gc          ] Allocation Stall (Executor task launch worker for task 25.0 in stage 0.0 (TID 25)) 0.754ms
[105.400s][info][gc          ] Allocation Stall (Executor task launch worker for task 20.0 in stage 0.0 (TID 20)) 0.770ms
[105.400s][info][gc          ] Allocation Stall (Executor task launch worker for task 43.0 in stage 0.0 (TID 43)) 0.791ms
[105.400s][info][gc          ] Allocation Stall (Executor task launch worker for task 37.0 in stage 0.0 (TID 37)) 0.823ms
[105.400s][info][gc          ] Allocation Stall (Executor task launch worker for task 19.0 in stage 0.0 (TID 19)) 0.847ms
[105.400s][info][gc          ] Allocation Stall (Executor task launch worker for task 26.0 in stage 0.0 (TID 26)) 0.875ms
[105.435s][info][gc          ] Relocation Stall (Executor task launch worker for task 34.0 in stage 0.0 (TID 34)) 169.384ms
[105.435s][info][gc          ] Relocation Stall (Executor task launch worker for task 27.0 in stage 0.0 (TID 27)) 169.428ms
[105.435s][info][gc          ] Relocation Stall (Executor task launch worker for task 30.0 in stage 0.0 (TID 30)) 169.518ms
[105.435s][info][gc          ] Relocation Stall (Executor task launch worker for task 28.0 in stage 0.0 (TID 28)) 169.473ms
[105.435s][info][gc          ] Relocation Stall (Executor task launch worker for task 42.0 in stage 0.0 (TID 42)) 169.556ms
[105.435s][info][gc          ] Allocation Stall (Executor task launch worker for task 46.0 in stage 0.0 (TID 46)) 4.207ms
[105.435s][info][gc          ] Allocation Stall (Executor task launch worker for task 7.0 in stage 0.0 (TID 7)) 4.201ms
[105.435s][info][gc          ] Allocation Stall (Executor task launch worker for task 32.0 in stage 0.0 (TID 32)) 4.927ms
[105.435s][info][gc          ] Allocation Stall (Executor task launch worker for task 21.0 in stage 0.0 (TID 21)) 4.120ms
[105.435s][info][gc          ] Allocation Stall (Executor task launch worker for task 26.0 in stage 0.0 (TID 26)) 4.909ms
[105.435s][info][gc          ] Allocation Stall (Executor task launch worker for task 41.0 in stage 0.0 (TID 41)) 4.874ms
[105.435s][info][gc          ] Allocation Stall (Executor task launch worker for task 2.0 in stage 0.0 (TID 2)) 4.812ms
[105.435s][info][gc          ] Allocation Stall (Executor task launch worker for task 20.0 in stage 0.0 (TID 20)) 4.759ms
[105.435s][info][gc          ] Allocation Stall (Executor task launch worker for task 16.0 in stage 0.0 (TID 16)) 4.523ms
[105.435s][info][gc          ] Allocation Stall (Executor task launch worker for task 12.0 in stage 0.0 (TID 12)) 4.496ms
[105.437s][info][gc          ] Allocation Stall (Executor task launch worker for task 40.0 in stage 0.0 (TID 40)) 4.339ms
[105.437s][info][gc          ] Allocation Stall (Executor task launch worker for task 31.0 in stage 0.0 (TID 31)) 4.291ms
[105.437s][info][gc          ] Allocation Stall (Executor task launch worker for task 36.0 in stage 0.0 (TID 36)) 6.396ms
[105.437s][info][gc,phases   ] GC(63) Concurrent Relocate 171.767ms
[105.437s][info][gc          ] Allocation Stall (Executor task launch worker for task 37.0 in stage 0.0 (TID 37)) 6.327ms
[105.437s][info][gc          ] Allocation Stall (Executor task launch worker for task 15.0 in stage 0.0 (TID 15)) 6.301ms
[105.437s][info][gc          ] Allocation Stall (Executor task launch worker for task 13.0 in stage 0.0 (TID 13)) 6.298ms
[105.437s][info][gc          ] Allocation Stall (Executor task launch worker for task 24.0 in stage 0.0 (TID 24)) 6.277ms
[105.437s][info][gc          ] Allocation Stall (Executor task launch worker for task 6.0 in stage 0.0 (TID 6)) 6.230ms
[105.437s][info][gc          ] Allocation Stall (Executor task launch worker for task 35.0 in stage 0.0 (TID 35)) 6.104ms
[105.437s][info][gc          ] Allocation Stall (Executor task launch worker for task 25.0 in stage 0.0 (TID 25)) 4.283ms
[105.437s][info][gc          ] Allocation Stall (Executor task launch worker for task 29.0 in stage 0.0 (TID 29)) 4.278ms
[105.437s][info][gc          ] Allocation Stall (Executor task launch worker for task 11.0 in stage 0.0 (TID 11)) 4.198ms
[105.437s][info][gc          ] Allocation Stall (Executor task launch worker for task 1.0 in stage 0.0 (TID 1)) 4.192ms
[105.437s][info][gc          ] Allocation Stall (Executor task launch worker for task 19.0 in stage 0.0 (TID 19)) 4.138ms
[105.437s][info][gc          ] Allocation Stall (Executor task launch worker for task 4.0 in stage 0.0 (TID 4)) 6.077ms
[105.437s][info][gc,load     ] GC(63) Load: 0.00/0.00/0.00
[105.437s][info][gc          ] Allocation Stall (Executor task launch worker for task 43.0 in stage 0.0 (TID 43)) 4.106ms
[105.437s][info][gc          ] Allocation Stall (Executor task launch worker for task 17.0 in stage 0.0 (TID 17)) 6.034ms
[105.437s][info][gc          ] Allocation Stall (Executor task launch worker for task 38.0 in stage 0.0 (TID 38)) 4.084ms
[105.437s][info][gc          ] Allocation Stall (Executor task launch worker for task 3.0 in stage 0.0 (TID 3)) 5.930ms
[105.437s][info][gc          ] Allocation Stall (Executor task launch worker for task 44.0 in stage 0.0 (TID 44)) 5.969ms
[105.437s][info][gc          ] Allocation Stall (Executor task launch worker for task 8.0 in stage 0.0 (TID 8)) 5.753ms
[105.437s][info][gc          ] Allocation Stall (Executor task launch worker for task 33.0 in stage 0.0 (TID 33)) 4.034ms
[105.437s][info][gc          ] Allocation Stall (Executor task launch worker for task 9.0 in stage 0.0 (TID 9)) 5.674ms
[105.437s][info][gc          ] Allocation Stall (Executor task launch worker for task 5.0 in stage 0.0 (TID 5)) 5.647ms
[105.437s][info][gc          ] Allocation Stall (Executor task launch worker for task 45.0 in stage 0.0 (TID 45)) 5.575ms
[105.437s][info][gc          ] Allocation Stall (Executor task launch worker for task 39.0 in stage 0.0 (TID 39)) 5.571ms
[105.437s][info][gc          ] Allocation Stall (Executor task launch worker for task 18.0 in stage 0.0 (TID 18)) 5.453ms
[105.437s][info][gc          ] Allocation Stall (Executor task launch worker for task 22.0 in stage 0.0 (TID 22)) 4.687ms
[105.437s][info][gc          ] Allocation Stall (Executor task launch worker for task 0.0 in stage 0.0 (TID 0)) 4.633ms
[105.437s][info][gc          ] Allocation Stall (Executor task launch worker for task 23.0 in stage 0.0 (TID 23)) 4.588ms
[105.437s][info][gc          ] Allocation Stall (Executor task launch worker for task 47.0 in stage 0.0 (TID 47)) 4.103ms
[105.437s][info][gc          ] Allocation Stall (Executor task launch worker for task 14.0 in stage 0.0 (TID 14)) 4.079ms
[105.438s][info][gc          ] Allocation Stall (Executor task launch worker for task 10.0 in stage 0.0 (TID 10)) 4.069ms
[105.438s][info][gc          ] Allocation Stall (Executor task launch worker for task 42.0 in stage 0.0 (TID 42)) 2.260ms
[105.438s][info][gc,mmu      ] GC(63) MMU: 2ms/94.2%, 5ms/97.7%, 10ms/98.8%, 20ms/99.3%, 50ms/99.7%, 100ms/99.9%
[105.438s][info][gc          ] Allocation Stall (Executor task launch worker for task 34.0 in stage 0.0 (TID 34)) 2.337ms
[105.438s][info][gc          ] Allocation Stall (Executor task launch worker for task 27.0 in stage 0.0 (TID 27)) 0.445ms
[105.438s][info][gc          ] Allocation Stall (Executor task launch worker for task 30.0 in stage 0.0 (TID 30)) 0.538ms
[105.438s][info][gc          ] Allocation Stall (Executor task launch worker for task 28.0 in stage 0.0 (TID 28)) 0.733ms
[105.438s][info][gc,marking  ] GC(63) Mark: 8 stripe(s), 2 proactive flush(es), 1 terminate flush(es), 0 completion(s), 0 continuation(s) 
[105.438s][info][gc,marking  ] GC(63) Mark Stack Usage: 32M
[105.438s][info][gc,nmethod  ] GC(63) NMethods: 2159 registered, 79 unregistered
[105.438s][info][gc,metaspace] GC(63) Metaspace: 112M used, 124M committed, 1152M reserved
[105.438s][info][gc,ref      ] GC(63) Soft: 2800 encountered, 278 discovered, 0 enqueued
[105.438s][info][gc,ref      ] GC(63) Weak: 12964 encountered, 1935 discovered, 2 enqueued
[105.438s][info][gc,ref      ] GC(63) Final: 62 encountered, 40 discovered, 0 enqueued
[105.438s][info][gc,ref      ] GC(63) Phantom: 750 encountered, 579 discovered, 0 enqueued
[105.438s][info][gc,reloc    ] GC(63) Small Pages: 188 / 376M, Empty: 246M, Relocated: 1M, In-Place: 0
[105.438s][info][gc,reloc    ] GC(63) Medium Pages: 20 / 640M, Empty: 0M, Relocated: 51M, In-Place: 0
[105.438s][info][gc,reloc    ] GC(63) Large Pages: 1 / 8M, Empty: 0M, Relocated: 0M, In-Place: 0
[105.438s][info][gc,reloc    ] GC(63) Forwarding Usage: 0M
[105.438s][info][gc,heap     ] GC(63) Min Capacity: 8M(1%)
[105.438s][info][gc,heap     ] GC(63) Max Capacity: 1024M(100%)
[105.438s][info][gc,heap     ] GC(63) Soft Max Capacity: 1024M(100%)
[105.438s][info][gc,heap     ] GC(63)                Mark Start          Mark End        Relocate Start      Relocate End           High               Low         
[105.438s][info][gc,heap     ] GC(63)  Capacity:     1024M (100%)       1024M (100%)       1024M (100%)       1024M (100%)       1024M (100%)       1024M (100%)   
[105.438s][info][gc,heap     ] GC(63)      Free:        0M (0%)            0M (0%)          226M (22%)           0M (0%)          226M (22%)           0M (0%)     
[105.438s][info][gc,heap     ] GC(63)      Used:     1024M (100%)       1024M (100%)        798M (78%)        1024M (100%)       1024M (100%)        798M (78%)    
[105.438s][info][gc,heap     ] GC(63)      Live:         -               603M (59%)         603M (59%)         603M (59%)            -                  -          
[105.438s][info][gc,heap     ] GC(63) Allocated:         -                 0M (0%)           20M (2%)          306M (30%)            -                  -          
[105.438s][info][gc,heap     ] GC(63)   Garbage:         -               420M (41%)         174M (17%)         114M (11%)            -                  -          
[105.438s][info][gc,heap     ] GC(63) Reclaimed:         -                  -               246M (24%)         306M (30%)            -                  -          
[105.439s][info][gc          ] GC(63) Garbage Collection (Allocation Stall) 1024M(100%)->1024M(100%)
[105.456s][info][gc,start    ] GC(64) Garbage Collection (Allocation Stall)
[105.456s][info][gc,ref      ] GC(64) Clearing All SoftReferences
[105.456s][info][gc,task     ] GC(64) Using 10 workers
[105.457s][info][gc,ref      ] GC(64) Clearing All SoftReferences
[105.457s][info][gc,phases   ] GC(64) Pause Mark Start 0.042ms
[105.457s][info][gc          ] Allocation Stall (Executor task launch worker for task 41.0 in stage 0.0 (TID 41)) 1.121ms
[105.493s][info][gc,phases   ] GC(64) Concurrent Mark 25.857ms
[105.493s][info][gc,phases   ] GC(64) Pause Mark End 0.017ms
[105.493s][info][gc,phases   ] GC(64) Concurrent Mark Free 0.001ms
[105.494s][info][gc,phases   ] GC(64) Concurrent Process Non-Strong References 1.010ms
[105.494s][info][gc,phases   ] GC(64) Concurrent Reset Relocation Set 0.005ms
[105.495s][info][gc          ] Allocation Stall (Executor task launch worker for task 39.0 in stage 0.0 (TID 39)) 23.413ms
[105.495s][info][gc          ] Allocation Stall (Executor task launch worker for task 3.0 in stage 0.0 (TID 3)) 23.411ms
[105.495s][info][gc          ] Allocation Stall (Executor task launch worker for task 20.0 in stage 0.0 (TID 20)) 23.424ms
[105.495s][info][gc          ] Allocation Stall (Executor task launch worker for task 41.0 in stage 0.0 (TID 41)) 23.885ms
[105.495s][info][gc          ] Allocation Stall (Executor task launch worker for task 23.0 in stage 0.0 (TID 23)) 24.008ms
[105.495s][info][gc          ] Allocation Stall (Executor task launch worker for task 18.0 in stage 0.0 (TID 18)) 23.954ms
[105.495s][info][gc          ] Allocation Stall (Executor task launch worker for task 9.0 in stage 0.0 (TID 9)) 23.192ms
[105.495s][info][gc          ] Allocation Stall (Executor task launch worker for task 15.0 in stage 0.0 (TID 15)) 23.120ms
[105.495s][info][gc          ] Allocation Stall (Executor task launch worker for task 19.0 in stage 0.0 (TID 19)) 23.421ms
[105.495s][info][gc          ] Allocation Stall (Executor task launch worker for task 43.0 in stage 0.0 (TID 43)) 23.110ms
[105.495s][info][gc          ] Allocation Stall (Executor task launch worker for task 8.0 in stage 0.0 (TID 8)) 23.862ms
[105.495s][info][gc          ] Allocation Stall (Executor task launch worker for task 47.0 in stage 0.0 (TID 47)) 23.029ms
[105.495s][info][gc          ] Allocation Stall (Executor task launch worker for task 46.0 in stage 0.0 (TID 46)) 23.933ms
[105.495s][info][gc          ] Allocation Stall (Executor task launch worker for task 12.0 in stage 0.0 (TID 12)) 23.903ms
[105.495s][info][gc          ] Allocation Stall (Executor task launch worker for task 38.0 in stage 0.0 (TID 38)) 23.747ms
[105.495s][info][gc          ] Allocation Stall (Executor task launch worker for task 13.0 in stage 0.0 (TID 13)) 23.073ms
[105.495s][info][gc          ] Allocation Stall (Executor task launch worker for task 25.0 in stage 0.0 (TID 25)) 24.331ms
[105.495s][info][gc          ] Allocation Stall (Executor task launch worker for task 34.0 in stage 0.0 (TID 34)) 23.256ms
[105.495s][info][gc          ] Allocation Stall (Executor task launch worker for task 22.0 in stage 0.0 (TID 22)) 27.357ms
[105.495s][info][gc          ] Allocation Stall (Executor task launch worker for task 40.0 in stage 0.0 (TID 40)) 24.225ms
[105.495s][info][gc          ] Allocation Stall (Executor task launch worker for task 37.0 in stage 0.0 (TID 37)) 25.173ms
[105.495s][info][gc          ] Allocation Stall (Executor task launch worker for task 2.0 in stage 0.0 (TID 2)) 24.447ms
[105.495s][info][gc          ] Allocation Stall (Executor task launch worker for task 21.0 in stage 0.0 (TID 21)) 23.101ms
[105.495s][info][gc          ] Allocation Stall (Executor task launch worker for task 11.0 in stage 0.0 (TID 11)) 24.258ms
[105.495s][info][gc          ] Allocation Stall (Executor task launch worker for task 28.0 in stage 0.0 (TID 28)) 24.492ms
[105.495s][info][gc          ] Allocation Stall (Executor task launch worker for task 36.0 in stage 0.0 (TID 36)) 23.986ms
[105.495s][info][gc          ] Allocation Stall (Executor task launch worker for task 35.0 in stage 0.0 (TID 35)) 23.763ms
[105.495s][info][gc          ] Allocation Stall (Executor task launch worker for task 44.0 in stage 0.0 (TID 44)) 27.676ms
[105.495s][info][gc          ] Allocation Stall (Executor task launch worker for task 1.0 in stage 0.0 (TID 1)) 15.517ms
[105.495s][info][gc          ] Allocation Stall (Executor task launch worker for task 14.0 in stage 0.0 (TID 14)) 23.509ms
[105.495s][info][gc          ] Allocation Stall (Executor task launch worker for task 26.0 in stage 0.0 (TID 26)) 25.307ms
[105.495s][info][gc          ] Allocation Stall (Executor task launch worker for task 17.0 in stage 0.0 (TID 17)) 23.484ms
[105.495s][info][gc          ] Allocation Stall (Executor task launch worker for task 4.0 in stage 0.0 (TID 4)) 24.249ms
[105.495s][info][gc          ] Allocation Stall (Executor task launch worker for task 16.0 in stage 0.0 (TID 16)) 24.788ms
[105.495s][info][gc          ] Allocation Stall (Executor task launch worker for task 33.0 in stage 0.0 (TID 33)) 25.120ms
[105.495s][info][gc          ] Allocation Stall (Executor task launch worker for task 29.0 in stage 0.0 (TID 29)) 25.220ms
[105.495s][info][gc          ] Allocation Stall (Executor task launch worker for task 10.0 in stage 0.0 (TID 10)) 24.325ms
[105.495s][info][gc          ] Allocation Stall (Executor task launch worker for task 45.0 in stage 0.0 (TID 45)) 24.681ms
[105.495s][info][gc          ] Allocation Stall (Executor task launch worker for task 6.0 in stage 0.0 (TID 6)) 26.924ms
[105.495s][info][gc          ] Allocation Stall (Executor task launch worker for task 30.0 in stage 0.0 (TID 30)) 27.268ms
[105.495s][info][gc          ] Allocation Stall (Executor task launch worker for task 0.0 in stage 0.0 (TID 0)) 27.357ms
[105.495s][info][gc          ] Allocation Stall (Executor task launch worker for task 42.0 in stage 0.0 (TID 42)) 23.448ms
[105.495s][info][gc          ] Allocation Stall (Executor task launch worker for task 27.0 in stage 0.0 (TID 27)) 25.147ms
[105.495s][info][gc          ] Allocation Stall (Executor task launch worker for task 31.0 in stage 0.0 (TID 31)) 27.197ms
[105.495s][info][gc          ] Allocation Stall (Executor task launch worker for task 5.0 in stage 0.0 (TID 5)) 27.479ms
[105.495s][info][gc          ] Allocation Stall (Executor task launch worker for task 32.0 in stage 0.0 (TID 32)) 24.619ms
[105.495s][info][gc          ] Allocation Stall (Executor task launch worker for task 7.0 in stage 0.0 (TID 7)) 24.911ms
[105.495s][info][gc          ] Allocation Stall (Executor task launch worker for task 24.0 in stage 0.0 (TID 24)) 25.402ms
[105.498s][info][gc,phases   ] GC(64) Concurrent Select Relocation Set 3.882ms
[105.602s][info][gc,phases   ] GC(64) Pause Relocate Start 0.007ms
[105.602s][info][gc          ] Allocation Stall (Executor task launch worker for task 6.0 in stage 0.0 (TID 6)) 0.215ms
[105.602s][info][gc          ] Relocation Stall (Executor task launch worker for task 47.0 in stage 0.0 (TID 47)) 0.244ms
[105.602s][info][gc          ] Relocation Stall (Executor task launch worker for task 30.0 in stage 0.0 (TID 30)) 0.351ms
[105.602s][info][gc          ] Relocation Stall (Executor task launch worker for task 17.0 in stage 0.0 (TID 17)) 0.346ms
[105.603s][info][gc          ] Relocation Stall (Executor task launch worker for task 11.0 in stage 0.0 (TID 11)) 1.133ms
[105.605s][info][gc          ] Allocation Stall (Executor task launch worker for task 42.0 in stage 0.0 (TID 42)) 0.777ms
[105.605s][info][gc          ] Allocation Stall (Executor task launch worker for task 5.0 in stage 0.0 (TID 5)) 0.749ms
[105.605s][info][gc          ] Allocation Stall (Executor task launch worker for task 39.0 in stage 0.0 (TID 39)) 0.807ms
[105.605s][info][gc          ] Allocation Stall (Executor task launch worker for task 20.0 in stage 0.0 (TID 20)) 0.816ms
[105.605s][info][gc          ] Allocation Stall (Executor task launch worker for task 11.0 in stage 0.0 (TID 11)) 0.849ms
[105.605s][info][gc          ] Allocation Stall (Executor task launch worker for task 7.0 in stage 0.0 (TID 7)) 0.885ms
[105.605s][info][gc          ] Allocation Stall (Executor task launch worker for task 1.0 in stage 0.0 (TID 1)) 0.921ms
[105.605s][info][gc          ] Allocation Stall (Executor task launch worker for task 19.0 in stage 0.0 (TID 19)) 0.892ms
[105.620s][info][gc          ] Relocation Stall (Executor task launch worker for task 10.0 in stage 0.0 (TID 10)) 17.804ms
[105.620s][info][gc          ] Relocation Stall (Executor task launch worker for task 44.0 in stage 0.0 (TID 44)) 17.848ms
[105.620s][info][gc          ] Relocation Stall (Executor task launch worker for task 2.0 in stage 0.0 (TID 2)) 17.839ms
[105.620s][info][gc          ] Relocation Stall (Executor task launch worker for task 46.0 in stage 0.0 (TID 46)) 17.881ms
[105.620s][info][gc          ] Relocation Stall (Executor task launch worker for task 0.0 in stage 0.0 (TID 0)) 17.888ms
[105.620s][info][gc          ] Allocation Stall (Executor task launch worker for task 35.0 in stage 0.0 (TID 35)) 15.583ms
[105.620s][info][gc          ] Allocation Stall (Executor task launch worker for task 34.0 in stage 0.0 (TID 34)) 15.532ms
[105.620s][info][gc          ] Allocation Stall (Executor task launch worker for task 30.0 in stage 0.0 (TID 30)) 15.836ms
[105.620s][info][gc          ] Allocation Stall (Executor task launch worker for task 37.0 in stage 0.0 (TID 37)) 15.708ms
[105.620s][info][gc          ] Allocation Stall (Executor task launch worker for task 12.0 in stage 0.0 (TID 12)) 15.827ms
[105.620s][info][gc          ] Allocation Stall (Executor task launch worker for task 8.0 in stage 0.0 (TID 8)) 15.428ms
[105.620s][info][gc          ] Allocation Stall (Executor task launch worker for task 13.0 in stage 0.0 (TID 13)) 15.773ms
[105.620s][info][gc          ] Allocation Stall (Executor task launch worker for task 5.0 in stage 0.0 (TID 5)) 14.969ms
[105.620s][info][gc          ] Allocation Stall (Executor task launch worker for task 29.0 in stage 0.0 (TID 29)) 15.627ms
[105.620s][info][gc          ] Allocation Stall (Executor task launch worker for task 36.0 in stage 0.0 (TID 36)) 15.750ms
[105.620s][info][gc          ] Allocation Stall (Executor task launch worker for task 9.0 in stage 0.0 (TID 9)) 15.755ms
[105.620s][info][gc,phases   ] GC(64) Concurrent Relocate 18.078ms
[105.620s][info][gc          ] Allocation Stall (Executor task launch worker for task 47.0 in stage 0.0 (TID 47)) 15.853ms
[105.620s][info][gc          ] Allocation Stall (Executor task launch worker for task 32.0 in stage 0.0 (TID 32)) 15.854ms
[105.620s][info][gc          ] Allocation Stall (Executor task launch worker for task 40.0 in stage 0.0 (TID 40)) 15.861ms
[105.620s][info][gc          ] Allocation Stall (Executor task launch worker for task 28.0 in stage 0.0 (TID 28)) 15.885ms
[105.620s][info][gc          ] Allocation Stall (Executor task launch worker for task 43.0 in stage 0.0 (TID 43)) 15.867ms
[105.620s][info][gc          ] Allocation Stall (Executor task launch worker for task 20.0 in stage 0.0 (TID 20)) 15.168ms
[105.620s][info][gc          ] Allocation Stall (Executor task launch worker for task 19.0 in stage 0.0 (TID 19)) 13.873ms
[105.620s][info][gc          ] Allocation Stall (Executor task launch worker for task 38.0 in stage 0.0 (TID 38)) 13.909ms
[105.620s][info][gc          ] Allocation Stall (Executor task launch worker for task 7.0 in stage 0.0 (TID 7)) 13.958ms
[105.620s][info][gc,load     ] GC(64) Load: 0.00/0.00/0.00
[105.620s][info][gc          ] Allocation Stall (Executor task launch worker for task 3.0 in stage 0.0 (TID 3)) 13.949ms
[105.620s][info][gc          ] Allocation Stall (Executor task launch worker for task 41.0 in stage 0.0 (TID 41)) 14.013ms
[105.620s][info][gc          ] Allocation Stall (Executor task launch worker for task 39.0 in stage 0.0 (TID 39)) 14.013ms
[105.621s][info][gc          ] Allocation Stall (Executor task launch worker for task 14.0 in stage 0.0 (TID 14)) 14.021ms
[105.621s][info][gc,mmu      ] GC(64) MMU: 2ms/94.2%, 5ms/97.7%, 10ms/98.8%, 20ms/99.3%, 50ms/99.7%, 100ms/99.9%
[105.621s][info][gc          ] Allocation Stall (Executor task launch worker for task 16.0 in stage 0.0 (TID 16)) 13.777ms
[105.621s][info][gc          ] Allocation Stall (Executor task launch worker for task 25.0 in stage 0.0 (TID 25)) 13.642ms
[105.621s][info][gc          ] Allocation Stall (Executor task launch worker for task 42.0 in stage 0.0 (TID 42)) 13.312ms
[105.621s][info][gc          ] Allocation Stall (Executor task launch worker for task 27.0 in stage 0.0 (TID 27)) 13.329ms
[105.621s][info][gc,marking  ] GC(64) Mark: 8 stripe(s), 3 proactive flush(es), 1 terminate flush(es), 0 completion(s), 0 continuation(s) 
[105.621s][info][gc          ] Allocation Stall (Executor task launch worker for task 11.0 in stage 0.0 (TID 11)) 13.262ms
[105.621s][info][gc          ] Allocation Stall (Executor task launch worker for task 15.0 in stage 0.0 (TID 15)) 13.230ms
[105.621s][info][gc          ] Allocation Stall (Executor task launch worker for task 17.0 in stage 0.0 (TID 17)) 13.262ms
[105.621s][info][gc,marking  ] GC(64) Mark Stack Usage: 32M
[105.621s][info][gc          ] Allocation Stall (Executor task launch worker for task 21.0 in stage 0.0 (TID 21)) 13.261ms
[105.621s][info][gc          ] Allocation Stall (Executor task launch worker for task 4.0 in stage 0.0 (TID 4)) 13.228ms
[105.621s][info][gc          ] Allocation Stall (Executor task launch worker for task 31.0 in stage 0.0 (TID 31)) 13.215ms
[105.621s][info][gc,nmethod  ] GC(64) NMethods: 2159 registered, 79 unregistered
[105.621s][info][gc          ] Allocation Stall (Executor task launch worker for task 6.0 in stage 0.0 (TID 6)) 13.215ms
[105.621s][info][gc          ] Allocation Stall (Executor task launch worker for task 1.0 in stage 0.0 (TID 1)) 13.278ms
[105.621s][info][gc,metaspace] GC(64) Metaspace: 112M used, 124M committed, 1152M reserved
[105.621s][info][gc          ] Allocation Stall (Executor task launch worker for task 33.0 in stage 0.0 (TID 33)) 13.342ms
[105.621s][info][gc          ] Allocation Stall (Executor task launch worker for task 24.0 in stage 0.0 (TID 24)) 13.290ms
[105.621s][info][gc,ref      ] GC(64) Soft: 2800 encountered, 2366 discovered, 0 enqueued
[105.621s][info][gc          ] Allocation Stall (Executor task launch worker for task 22.0 in stage 0.0 (TID 22)) 13.266ms
[105.621s][info][gc          ] Allocation Stall (Executor task launch worker for task 23.0 in stage 0.0 (TID 23)) 13.208ms
[105.621s][info][gc,ref      ] GC(64) Weak: 12964 encountered, 2846 discovered, 0 enqueued
[105.621s][info][gc          ] Allocation Stall (Executor task launch worker for task 26.0 in stage 0.0 (TID 26)) 13.236ms
[105.621s][info][gc          ] Allocation Stall (Executor task launch worker for task 18.0 in stage 0.0 (TID 18)) 5.618ms
[105.621s][info][gc,ref      ] GC(64) Final: 62 encountered, 3 discovered, 0 enqueued
[105.621s][info][gc,ref      ] GC(64) Phantom: 750 encountered, 518 discovered, 0 enqueued
[105.621s][info][gc          ] Allocation Stall (Executor task launch worker for task 45.0 in stage 0.0 (TID 45)) 3.419ms
[105.621s][info][gc,reloc    ] GC(64) Small Pages: 173 / 346M, Empty: 216M, Relocated: 1M, In-Place: 8
[105.622s][info][gc          ] Allocation Stall (Executor task launch worker for task 10.0 in stage 0.0 (TID 10)) 1.579ms
[105.622s][info][gc,reloc    ] GC(64) Medium Pages: 20 / 640M, Empty: 0M, Relocated: 26M, In-Place: 1
[105.622s][info][gc,reloc    ] GC(64) Large Pages: 2 / 16M, Empty: 0M, Relocated: 0M, In-Place: 0
[105.622s][info][gc          ] Allocation Stall (Executor task launch worker for task 46.0 in stage 0.0 (TID 46)) 1.602ms
[105.622s][info][gc,reloc    ] GC(64) Forwarding Usage: 0M
[105.622s][info][gc          ] Allocation Stall (Executor task launch worker for task 44.0 in stage 0.0 (TID 44)) 1.647ms
[105.622s][info][gc,heap     ] GC(64) Min Capacity: 8M(1%)
[105.622s][info][gc          ] Allocation Stall (Executor task launch worker for task 2.0 in stage 0.0 (TID 2)) 1.689ms
[105.622s][info][gc,heap     ] GC(64) Max Capacity: 1024M(100%)
[105.622s][info][gc          ] Allocation Stall (Executor task launch worker for task 0.0 in stage 0.0 (TID 0)) 1.694ms
[105.622s][info][gc,heap     ] GC(64) Soft Max Capacity: 1024M(100%)
[105.622s][info][gc,heap     ] GC(64)                Mark Start          Mark End        Relocate Start      Relocate End           High               Low         
[105.622s][info][gc          ] Allocation Stall (Executor task launch worker for task 34.0 in stage 0.0 (TID 34)) 0.835ms
[105.622s][info][gc,heap     ] GC(64)  Capacity:     1024M (100%)       1024M (100%)       1024M (100%)       1024M (100%)       1024M (100%)       1024M (100%)   
[105.622s][info][gc,heap     ] GC(64)      Free:       20M (2%)            0M (0%)            2M (0%)            0M (0%)          200M (20%)           0M (0%)     
[105.622s][info][gc,heap     ] GC(64)      Used:     1004M (98%)        1024M (100%)       1022M (100%)       1024M (100%)       1024M (100%)        824M (80%)    
[105.622s][info][gc,heap     ] GC(64)      Live:         -               605M (59%)         605M (59%)         605M (59%)            -                  -          
[105.622s][info][gc,heap     ] GC(64) Allocated:         -                20M (2%)          234M (23%)         307M (30%)            -                  -          
[105.622s][info][gc,heap     ] GC(64)   Garbage:         -               398M (39%)         182M (18%)         111M (11%)            -                  -          
[105.622s][info][gc,heap     ] GC(64) Reclaimed:         -                  -               216M (21%)         287M (28%)            -                  -          
[105.622s][info][gc          ] GC(64) Garbage Collection (Allocation Stall) 1004M(98%)->1024M(100%)
[105.629s][info][gc,start    ] GC(65) Garbage Collection (Allocation Stall)
[105.629s][info][gc,ref      ] GC(65) Clearing All SoftReferences
[105.629s][info][gc,task     ] GC(65) Using 10 workers
[105.629s][info][gc,ref      ] GC(65) Clearing All SoftReferences
[105.629s][info][gc,phases   ] GC(65) Pause Mark Start 0.039ms
[105.629s][info][gc          ] Allocation Stall (Executor task launch worker for task 4.0 in stage 0.0 (TID 4)) 0.676ms
[105.665s][info][gc,phases   ] GC(65) Concurrent Mark 27.919ms
[105.665s][info][gc,phases   ] GC(65) Pause Mark End 0.018ms
[105.665s][info][gc,phases   ] GC(65) Concurrent Mark Free 0.001ms
[105.666s][info][gc,phases   ] GC(65) Concurrent Process Non-Strong References 0.908ms
[105.666s][info][gc,phases   ] GC(65) Concurrent Reset Relocation Set 0.004ms
[105.666s][info][gc          ] Allocation Stall (Executor task launch worker for task 19.0 in stage 0.0 (TID 19)) 27.444ms
[105.666s][info][gc          ] Allocation Stall (Executor task launch worker for task 39.0 in stage 0.0 (TID 39)) 28.607ms
[105.666s][info][gc          ] Allocation Stall (Executor task launch worker for task 11.0 in stage 0.0 (TID 11)) 27.806ms
[105.666s][info][gc          ] Allocation Stall (Executor task launch worker for task 1.0 in stage 0.0 (TID 1)) 28.383ms
[105.666s][info][gc          ] Allocation Stall (Executor task launch worker for task 43.0 in stage 0.0 (TID 43)) 28.475ms
[105.666s][info][gc          ] Allocation Stall (Executor task launch worker for task 33.0 in stage 0.0 (TID 33)) 28.472ms
[105.666s][info][gc          ] Allocation Stall (Executor task launch worker for task 10.0 in stage 0.0 (TID 10)) 27.508ms
[105.666s][info][gc          ] Allocation Stall (Executor task launch worker for task 44.0 in stage 0.0 (TID 44)) 28.493ms
[105.666s][info][gc          ] Allocation Stall (Executor task launch worker for task 9.0 in stage 0.0 (TID 9)) 28.359ms
[105.666s][info][gc          ] Allocation Stall (Executor task launch worker for task 20.0 in stage 0.0 (TID 20)) 28.201ms
[105.666s][info][gc          ] Allocation Stall (Executor task launch worker for task 30.0 in stage 0.0 (TID 30)) 28.951ms
[105.666s][info][gc          ] Allocation Stall (Executor task launch worker for task 37.0 in stage 0.0 (TID 37)) 29.339ms
[105.666s][info][gc          ] Allocation Stall (Executor task launch worker for task 4.0 in stage 0.0 (TID 4)) 27.780ms
[105.666s][info][gc          ] Allocation Stall (Executor task launch worker for task 2.0 in stage 0.0 (TID 2)) 28.463ms
[105.666s][info][gc          ] Allocation Stall (Executor task launch worker for task 21.0 in stage 0.0 (TID 21)) 27.471ms
[105.666s][info][gc          ] Allocation Stall (Executor task launch worker for task 36.0 in stage 0.0 (TID 36)) 28.858ms
[105.666s][info][gc          ] Allocation Stall (Executor task launch worker for task 40.0 in stage 0.0 (TID 40)) 28.815ms
[105.666s][info][gc          ] Allocation Stall (Executor task launch worker for task 8.0 in stage 0.0 (TID 8)) 29.391ms
[105.666s][info][gc          ] Allocation Stall (Executor task launch worker for task 18.0 in stage 0.0 (TID 18)) 27.547ms
[105.666s][info][gc          ] Allocation Stall (Executor task launch worker for task 6.0 in stage 0.0 (TID 6)) 28.601ms
[105.666s][info][gc          ] Allocation Stall (Executor task launch worker for task 32.0 in stage 0.0 (TID 32)) 28.657ms
[105.666s][info][gc          ] Allocation Stall (Executor task launch worker for task 0.0 in stage 0.0 (TID 0)) 28.621ms
[105.666s][info][gc          ] Allocation Stall (Executor task launch worker for task 13.0 in stage 0.0 (TID 13)) 29.185ms
[105.666s][info][gc          ] Allocation Stall (Executor task launch worker for task 14.0 in stage 0.0 (TID 14)) 28.754ms
[105.666s][info][gc          ] Allocation Stall (Executor task launch worker for task 23.0 in stage 0.0 (TID 23)) 28.591ms
[105.666s][info][gc          ] Allocation Stall (Executor task launch worker for task 12.0 in stage 0.0 (TID 12)) 29.200ms
[105.666s][info][gc          ] Allocation Stall (Executor task launch worker for task 24.0 in stage 0.0 (TID 24)) 27.540ms
[105.666s][info][gc          ] Allocation Stall (Executor task launch worker for task 5.0 in stage 0.0 (TID 5)) 28.352ms
[105.666s][info][gc          ] Allocation Stall (Executor task launch worker for task 25.0 in stage 0.0 (TID 25)) 28.862ms
[105.666s][info][gc          ] Allocation Stall (Executor task launch worker for task 29.0 in stage 0.0 (TID 29)) 29.082ms
[105.666s][info][gc          ] Allocation Stall (Executor task launch worker for task 46.0 in stage 0.0 (TID 46)) 28.371ms
[105.666s][info][gc          ] Allocation Stall (Executor task launch worker for task 7.0 in stage 0.0 (TID 7)) 28.571ms
[105.666s][info][gc          ] Allocation Stall (Executor task launch worker for task 17.0 in stage 0.0 (TID 17)) 28.901ms
[105.666s][info][gc          ] Allocation Stall (Executor task launch worker for task 31.0 in stage 0.0 (TID 31)) 28.522ms
[105.666s][info][gc          ] Allocation Stall (Executor task launch worker for task 34.0 in stage 0.0 (TID 34)) 28.717ms
[105.666s][info][gc          ] Allocation Stall (Executor task launch worker for task 15.0 in stage 0.0 (TID 15)) 29.188ms
[105.666s][info][gc          ] Allocation Stall (Executor task launch worker for task 26.0 in stage 0.0 (TID 26)) 28.392ms
[105.666s][info][gc          ] Allocation Stall (Executor task launch worker for task 42.0 in stage 0.0 (TID 42)) 29.471ms
[105.666s][info][gc          ] Allocation Stall (Executor task launch worker for task 38.0 in stage 0.0 (TID 38)) 29.031ms
[105.666s][info][gc          ] Allocation Stall (Executor task launch worker for task 16.0 in stage 0.0 (TID 16)) 29.258ms
[105.666s][info][gc          ] Allocation Stall (Executor task launch worker for task 22.0 in stage 0.0 (TID 22)) 29.342ms
[105.666s][info][gc          ] Allocation Stall (Executor task launch worker for task 35.0 in stage 0.0 (TID 35)) 29.352ms
[105.666s][info][gc          ] Allocation Stall (Executor task launch worker for task 28.0 in stage 0.0 (TID 28)) 29.338ms
[105.666s][info][gc          ] Allocation Stall (Executor task launch worker for task 41.0 in stage 0.0 (TID 41)) 28.671ms
[105.666s][info][gc          ] Allocation Stall (Executor task launch worker for task 45.0 in stage 0.0 (TID 45)) 27.511ms
[105.666s][info][gc          ] Allocation Stall (Executor task launch worker for task 47.0 in stage 0.0 (TID 47)) 29.314ms
[105.666s][info][gc          ] Allocation Stall (Executor task launch worker for task 3.0 in stage 0.0 (TID 3)) 29.230ms
[105.666s][info][gc          ] Allocation Stall (Executor task launch worker for task 27.0 in stage 0.0 (TID 27)) 29.335ms
[105.675s][info][gc,phases   ] GC(65) Concurrent Select Relocation Set 8.770ms
[105.676s][info][gc,phases   ] GC(65) Pause Relocate Start 0.008ms
[105.701s][info][gc          ] Allocation Stall (Executor task launch worker for task 9.0 in stage 0.0 (TID 9)) 0.091ms
[105.702s][info][gc          ] Allocation Stall (Executor task launch worker for task 39.0 in stage 0.0 (TID 39)) 0.091ms
[105.702s][info][gc          ] Allocation Stall (Executor task launch worker for task 17.0 in stage 0.0 (TID 17)) 0.334ms
[105.702s][info][gc          ] Allocation Stall (Executor task launch worker for task 45.0 in stage 0.0 (TID 45)) 0.286ms
[105.702s][info][gc          ] Allocation Stall (Executor task launch worker for task 24.0 in stage 0.0 (TID 24)) 0.255ms
[105.702s][info][gc,phases   ] GC(65) Concurrent Relocate 9.927ms
[105.702s][info][gc          ] Allocation Stall (Executor task launch worker for task 10.0 in stage 0.0 (TID 10)) 0.632ms
[105.702s][info][gc          ] Allocation Stall (Executor task launch worker for task 7.0 in stage 0.0 (TID 7)) 0.720ms
[105.702s][info][gc,load     ] GC(65) Load: 0.00/0.00/0.00
[105.702s][info][gc          ] Allocation Stall (Executor task launch worker for task 23.0 in stage 0.0 (TID 23)) 0.830ms
[105.702s][info][gc,mmu      ] GC(65) MMU: 2ms/94.2%, 5ms/97.7%, 10ms/98.8%, 20ms/99.3%, 50ms/99.7%, 100ms/99.9%
[105.702s][info][gc,marking  ] GC(65) Mark: 8 stripe(s), 2 proactive flush(es), 1 terminate flush(es), 0 completion(s), 0 continuation(s) 
[105.702s][info][gc,marking  ] GC(65) Mark Stack Usage: 32M
[105.702s][info][gc,nmethod  ] GC(65) NMethods: 2159 registered, 79 unregistered
[105.702s][info][gc,metaspace] GC(65) Metaspace: 112M used, 124M committed, 1152M reserved
[105.702s][info][gc,ref      ] GC(65) Soft: 2800 encountered, 1711 discovered, 0 enqueued
[105.702s][info][gc,ref      ] GC(65) Weak: 12964 encountered, 1692 discovered, 0 enqueued
[105.702s][info][gc,ref      ] GC(65) Final: 62 encountered, 56 discovered, 0 enqueued
[105.702s][info][gc,ref      ] GC(65) Phantom: 750 encountered, 684 discovered, 0 enqueued
[105.702s][info][gc,reloc    ] GC(65) Small Pages: 185 / 370M, Empty: 242M, Relocated: 5M, In-Place: 0
[105.702s][info][gc,reloc    ] GC(65) Medium Pages: 19 / 608M, Empty: 0M, Relocated: 0M, In-Place: 0
[105.702s][info][gc,reloc    ] GC(65) Large Pages: 4 / 32M, Empty: 0M, Relocated: 0M, In-Place: 0
[105.702s][info][gc,reloc    ] GC(65) Forwarding Usage: 0M
[105.702s][info][gc,heap     ] GC(65) Min Capacity: 8M(1%)
[105.702s][info][gc,heap     ] GC(65) Max Capacity: 1024M(100%)
[105.702s][info][gc,heap     ] GC(65) Soft Max Capacity: 1024M(100%)
[105.702s][info][gc,heap     ] GC(65)                Mark Start          Mark End        Relocate Start      Relocate End           High               Low         
[105.703s][info][gc,heap     ] GC(65)  Capacity:     1024M (100%)       1024M (100%)       1024M (100%)       1024M (100%)       1024M (100%)       1024M (100%)   
[105.703s][info][gc,heap     ] GC(65)      Free:       12M (1%)            0M (0%)          210M (21%)           0M (0%)          214M (21%)           0M (0%)     
[105.703s][info][gc,heap     ] GC(65)      Used:     1012M (99%)        1024M (100%)        814M (79%)        1024M (100%)       1024M (100%)        810M (79%)    
[105.703s][info][gc,heap     ] GC(65)      Live:         -               612M (60%)         612M (60%)         612M (60%)            -                  -          
[105.703s][info][gc,heap     ] GC(65) Allocated:         -                12M (1%)           44M (4%)          293M (29%)            -                  -          
[105.703s][info][gc,heap     ] GC(65)   Garbage:         -               399M (39%)         157M (15%)         118M (12%)            -                  -          
[105.703s][info][gc,heap     ] GC(65) Reclaimed:         -                  -               242M (24%)         281M (27%)            -                  -          
[105.703s][info][gc          ] GC(65) Garbage Collection (Allocation Stall) 1012M(99%)->1024M(100%)
[105.703s][info][gc,start    ] GC(66) Garbage Collection (Allocation Stall)
[105.703s][info][gc,ref      ] GC(66) Clearing All SoftReferences
[105.703s][info][gc,task     ] GC(66) Using 10 workers
[105.703s][info][gc,ref      ] GC(66) Clearing All SoftReferences
[105.703s][info][gc,phases   ] GC(66) Pause Mark Start 0.033ms
[105.728s][info][gc,phases   ] GC(66) Concurrent Mark 24.646ms
[105.728s][info][gc,phases   ] GC(66) Pause Mark End 0.015ms
[105.728s][info][gc,phases   ] GC(66) Concurrent Mark Free 0.000ms
[105.728s][info][gc,phases   ] GC(66) Concurrent Process Non-Strong References 0.784ms
[105.728s][info][gc,phases   ] GC(66) Concurrent Reset Relocation Set 0.003ms
[105.729s][info][gc          ] Allocation Stall (Executor task launch worker for task 41.0 in stage 0.0 (TID 41)) 18.778ms
[105.729s][info][gc          ] Allocation Stall (Executor task launch worker for task 30.0 in stage 0.0 (TID 30)) 26.744ms
[105.729s][info][gc          ] Allocation Stall (Executor task launch worker for task 47.0 in stage 0.0 (TID 47)) 26.607ms
[105.729s][info][gc          ] Allocation Stall (Executor task launch worker for task 7.0 in stage 0.0 (TID 7)) 25.752ms
[105.729s][info][gc          ] Allocation Stall (Executor task launch worker for task 45.0 in stage 0.0 (TID 45)) 26.224ms
[105.729s][info][gc          ] Allocation Stall (Executor task launch worker for task 4.0 in stage 0.0 (TID 4)) 26.334ms
[105.729s][info][gc          ] Allocation Stall (Executor task launch worker for task 31.0 in stage 0.0 (TID 31)) 27.067ms
[105.729s][info][gc          ] Allocation Stall (Executor task launch worker for task 3.0 in stage 0.0 (TID 3)) 26.201ms
[105.729s][info][gc          ] Allocation Stall (Executor task launch worker for task 39.0 in stage 0.0 (TID 39)) 25.770ms
[105.729s][info][gc          ] Allocation Stall (Executor task launch worker for task 20.0 in stage 0.0 (TID 20)) 26.808ms
[105.729s][info][gc          ] Allocation Stall (Executor task launch worker for task 25.0 in stage 0.0 (TID 25)) 19.240ms
[105.729s][info][gc          ] Allocation Stall (Executor task launch worker for task 8.0 in stage 0.0 (TID 8)) 27.066ms
[105.729s][info][gc          ] Allocation Stall (Executor task launch worker for task 10.0 in stage 0.0 (TID 10)) 25.779ms
[105.729s][info][gc          ] Allocation Stall (Executor task launch worker for task 32.0 in stage 0.0 (TID 32)) 26.476ms
[105.729s][info][gc          ] Allocation Stall (Executor task launch worker for task 43.0 in stage 0.0 (TID 43)) 25.768ms
[105.729s][info][gc          ] Allocation Stall (Executor task launch worker for task 26.0 in stage 0.0 (TID 26)) 26.501ms
[105.729s][info][gc          ] Allocation Stall (Executor task launch worker for task 9.0 in stage 0.0 (TID 9)) 25.730ms
[105.729s][info][gc          ] Allocation Stall (Executor task launch worker for task 19.0 in stage 0.0 (TID 19)) 26.774ms
[105.729s][info][gc          ] Allocation Stall (Executor task launch worker for task 16.0 in stage 0.0 (TID 16)) 27.082ms
[105.729s][info][gc          ] Allocation Stall (Executor task launch worker for task 40.0 in stage 0.0 (TID 40)) 26.362ms
[105.729s][info][gc          ] Allocation Stall (Executor task launch worker for task 38.0 in stage 0.0 (TID 38)) 26.492ms
[105.729s][info][gc          ] Allocation Stall (Executor task launch worker for task 17.0 in stage 0.0 (TID 17)) 25.779ms
[105.729s][info][gc          ] Allocation Stall (Executor task launch worker for task 15.0 in stage 0.0 (TID 15)) 26.827ms
[105.729s][info][gc          ] Allocation Stall (Executor task launch worker for task 13.0 in stage 0.0 (TID 13)) 26.504ms
[105.729s][info][gc          ] Allocation Stall (Executor task launch worker for task 23.0 in stage 0.0 (TID 23)) 25.787ms
[105.729s][info][gc          ] Allocation Stall (Executor task launch worker for task 28.0 in stage 0.0 (TID 28)) 26.751ms
[105.729s][info][gc          ] Allocation Stall (Executor task launch worker for task 24.0 in stage 0.0 (TID 24)) 25.785ms
[105.729s][info][gc          ] Allocation Stall (Executor task launch worker for task 14.0 in stage 0.0 (TID 14)) 26.743ms
[105.729s][info][gc          ] Allocation Stall (Executor task launch worker for task 6.0 in stage 0.0 (TID 6)) 26.824ms
[105.729s][info][gc          ] Allocation Stall (Executor task launch worker for task 21.0 in stage 0.0 (TID 21)) 18.912ms
[105.729s][info][gc          ] Allocation Stall (Executor task launch worker for task 0.0 in stage 0.0 (TID 0)) 27.076ms
[105.729s][info][gc          ] Allocation Stall (Spark Context Cleaner) 16.747ms
[105.729s][info][gc          ] Allocation Stall (Executor task launch worker for task 44.0 in stage 0.0 (TID 44)) 27.213ms
[105.729s][info][gc          ] Allocation Stall (Executor task launch worker for task 42.0 in stage 0.0 (TID 42)) 27.075ms
[105.729s][info][gc          ] Allocation Stall (Executor task launch worker for task 5.0 in stage 0.0 (TID 5)) 27.097ms
[105.729s][info][gc          ] Allocation Stall (Executor task launch worker for task 27.0 in stage 0.0 (TID 27)) 27.237ms
[105.729s][info][gc          ] Allocation Stall (Executor task launch worker for task 29.0 in stage 0.0 (TID 29)) 27.229ms
[105.729s][info][gc          ] Allocation Stall (Executor task launch worker for task 35.0 in stage 0.0 (TID 35)) 27.088ms
[105.729s][info][gc          ] Allocation Stall (Executor task launch worker for task 11.0 in stage 0.0 (TID 11)) 27.089ms
[105.729s][info][gc          ] Allocation Stall (Executor task launch worker for task 36.0 in stage 0.0 (TID 36)) 27.139ms
[105.729s][info][gc          ] Allocation Stall (Executor task launch worker for task 34.0 in stage 0.0 (TID 34)) 27.079ms
[105.729s][info][gc          ] Allocation Stall (Executor task launch worker for task 18.0 in stage 0.0 (TID 18)) 27.234ms
[105.729s][info][gc          ] Allocation Stall (Executor task launch worker for task 33.0 in stage 0.0 (TID 33)) 27.107ms
[105.729s][info][gc          ] Allocation Stall (Executor task launch worker for task 12.0 in stage 0.0 (TID 12)) 27.088ms
[105.729s][info][gc          ] Allocation Stall (Executor task launch worker for task 22.0 in stage 0.0 (TID 22)) 27.033ms
[105.729s][info][gc          ] Allocation Stall (Executor task launch worker for task 37.0 in stage 0.0 (TID 37)) 27.035ms
[105.729s][info][gc          ] Allocation Stall (Executor task launch worker for task 2.0 in stage 0.0 (TID 2)) 27.038ms
[105.729s][info][gc          ] Allocation Stall (Executor task launch worker for task 46.0 in stage 0.0 (TID 46)) 27.040ms
[105.729s][info][gc          ] Allocation Stall (Executor task launch worker for task 1.0 in stage 0.0 (TID 1)) 27.041ms
[105.745s][info][gc,phases   ] GC(66) Concurrent Select Relocation Set 16.291ms
[105.746s][info][gc,phases   ] GC(66) Pause Relocate Start 0.007ms
[105.750s][info][gc          ] Allocation Stall (Executor task launch worker for task 30.0 in stage 0.0 (TID 30)) 0.485ms
[105.750s][info][gc          ] Allocation Stall (Executor task launch worker for task 34.0 in stage 0.0 (TID 34)) 0.214ms
[105.750s][info][gc          ] Allocation Stall (Executor task launch worker for task 43.0 in stage 0.0 (TID 43)) 0.164ms
[105.750s][info][gc          ] Allocation Stall (Executor task launch worker for task 19.0 in stage 0.0 (TID 19)) 0.180ms
[105.750s][info][gc          ] Allocation Stall (Executor task launch worker for task 40.0 in stage 0.0 (TID 40)) 0.169ms
[105.750s][info][gc          ] Allocation Stall (Executor task launch worker for task 6.0 in stage 0.0 (TID 6)) 0.198ms
[105.750s][info][gc          ] Allocation Stall (Executor task launch worker for task 20.0 in stage 0.0 (TID 20)) 0.177ms
[105.750s][info][gc          ] Allocation Stall (Executor task launch worker for task 47.0 in stage 0.0 (TID 47)) 0.187ms
[105.750s][info][gc          ] Allocation Stall (Executor task launch worker for task 42.0 in stage 0.0 (TID 42)) 0.189ms
[105.750s][info][gc          ] Allocation Stall (Executor task launch worker for task 36.0 in stage 0.0 (TID 36)) 0.246ms
[105.750s][info][gc          ] Allocation Stall (Executor task launch worker for task 32.0 in stage 0.0 (TID 32)) 0.229ms
[105.750s][info][gc          ] Allocation Stall (Executor task launch worker for task 3.0 in stage 0.0 (TID 3)) 0.273ms
[105.750s][info][gc          ] Allocation Stall (Executor task launch worker for task 2.0 in stage 0.0 (TID 2)) 0.299ms
[105.750s][info][gc          ] Relocation Stall (Executor task launch worker for task 5.0 in stage 0.0 (TID 5)) 0.489ms
[105.760s][info][gc,phases   ] GC(66) Concurrent Relocate 9.992ms
[105.760s][info][gc,load     ] GC(66) Load: 0.00/0.00/0.00
[105.760s][info][gc,mmu      ] GC(66) MMU: 2ms/94.2%, 5ms/97.7%, 10ms/98.8%, 20ms/99.3%, 50ms/99.7%, 100ms/99.9%
[105.760s][info][gc,marking  ] GC(66) Mark: 8 stripe(s), 2 proactive flush(es), 1 terminate flush(es), 0 completion(s), 0 continuation(s) 
[105.760s][info][gc,marking  ] GC(66) Mark Stack Usage: 32M
[105.760s][info][gc,nmethod  ] GC(66) NMethods: 2159 registered, 79 unregistered
[105.760s][info][gc,metaspace] GC(66) Metaspace: 112M used, 124M committed, 1152M reserved
[105.760s][info][gc,ref      ] GC(66) Soft: 2800 encountered, 329 discovered, 0 enqueued
[105.760s][info][gc,ref      ] GC(66) Weak: 12964 encountered, 3359 discovered, 1 enqueued
[105.760s][info][gc,ref      ] GC(66) Final: 62 encountered, 58 discovered, 0 enqueued
[105.760s][info][gc,ref      ] GC(66) Phantom: 750 encountered, 549 discovered, 0 enqueued
[105.760s][info][gc,reloc    ] GC(66) Small Pages: 180 / 360M, Empty: 220M, Relocated: 6M, In-Place: 5
[105.760s][info][gc,reloc    ] GC(66) Medium Pages: 19 / 608M, Empty: 0M, Relocated: 0M, In-Place: 0
[105.760s][info][gc,reloc    ] GC(66) Large Pages: 7 / 56M, Empty: 0M, Relocated: 0M, In-Place: 0
[105.760s][info][gc,reloc    ] GC(66) Forwarding Usage: 1M
[105.760s][info][gc,heap     ] GC(66) Min Capacity: 8M(1%)
[105.760s][info][gc,heap     ] GC(66) Max Capacity: 1024M(100%)
[105.760s][info][gc,heap     ] GC(66) Soft Max Capacity: 1024M(100%)
[105.760s][info][gc,heap     ] GC(66)                Mark Start          Mark End        Relocate Start      Relocate End           High               Low         
[105.760s][info][gc,heap     ] GC(66)  Capacity:     1024M (100%)       1024M (100%)       1024M (100%)       1024M (100%)       1024M (100%)       1024M (100%)   
[105.760s][info][gc,heap     ] GC(66)      Free:        0M (0%)            0M (0%)           62M (6%)            2M (0%)          128M (13%)           0M (0%)     
[105.760s][info][gc,heap     ] GC(66)      Used:     1024M (100%)       1024M (100%)        962M (94%)        1022M (100%)       1024M (100%)        896M (88%)    
[105.760s][info][gc,heap     ] GC(66)      Live:         -               636M (62%)         636M (62%)         636M (62%)            -                  -          
[105.760s][info][gc,heap     ] GC(66) Allocated:         -                 0M (0%)          158M (15%)         271M (27%)            -                  -          
[105.760s][info][gc,heap     ] GC(66)   Garbage:         -               387M (38%)         167M (16%)         114M (11%)            -                  -          
[105.760s][info][gc,heap     ] GC(66) Reclaimed:         -                  -               220M (21%)         273M (27%)            -                  -          
[105.760s][info][gc          ] GC(66) Garbage Collection (Allocation Stall) 1024M(100%)->1022M(100%)
[105.760s][info][gc,start    ] GC(67) Garbage Collection (Allocation Stall)
[105.760s][info][gc,ref      ] GC(67) Clearing All SoftReferences
[105.760s][info][gc,task     ] GC(67) Using 10 workers
[105.761s][info][gc,ref      ] GC(67) Clearing All SoftReferences
[105.761s][info][gc,phases   ] GC(67) Pause Mark Start 0.030ms
[105.791s][info][gc,phases   ] GC(67) Concurrent Mark 30.859ms
[105.792s][info][gc,phases   ] GC(67) Pause Mark End 0.023ms
[105.792s][info][gc,phases   ] GC(67) Concurrent Mark Free 0.001ms
[105.793s][info][gc,phases   ] GC(67) Concurrent Process Non-Strong References 0.986ms
[105.793s][info][gc,phases   ] GC(67) Concurrent Reset Relocation Set 0.006ms
[105.793s][info][gc          ] Allocation Stall (Executor task launch worker for task 29.0 in stage 0.0 (TID 29)) 37.665ms
[105.793s][info][gc          ] Allocation Stall (Executor task launch worker for task 31.0 in stage 0.0 (TID 31)) 37.056ms
[105.793s][info][gc          ] Allocation Stall (Executor task launch worker for task 18.0 in stage 0.0 (TID 18)) 37.349ms
[105.793s][info][gc          ] Allocation Stall (Executor task launch worker for task 10.0 in stage 0.0 (TID 10)) 37.169ms
[105.793s][info][gc          ] Allocation Stall (Executor task launch worker for task 32.0 in stage 0.0 (TID 32)) 35.271ms
[105.793s][info][gc          ] Allocation Stall (Executor task launch worker for task 9.0 in stage 0.0 (TID 9)) 36.937ms
[105.793s][info][gc          ] Allocation Stall (Executor task launch worker for task 35.0 in stage 0.0 (TID 35)) 38.481ms
[105.793s][info][gc          ] Allocation Stall (Executor task launch worker for task 17.0 in stage 0.0 (TID 17)) 35.066ms
[105.793s][info][gc          ] Allocation Stall (Executor task launch worker for task 23.0 in stage 0.0 (TID 23)) 34.970ms
[105.793s][info][gc          ] Allocation Stall (Executor task launch worker for task 26.0 in stage 0.0 (TID 26)) 41.109ms
[105.793s][info][gc          ] Allocation Stall (Executor task launch worker for task 40.0 in stage 0.0 (TID 40)) 35.860ms
[105.793s][info][gc          ] Allocation Stall (Executor task launch worker for task 13.0 in stage 0.0 (TID 13)) 38.696ms
[105.793s][info][gc          ] Allocation Stall (Executor task launch worker for task 37.0 in stage 0.0 (TID 37)) 37.221ms
[105.793s][info][gc          ] Allocation Stall (Executor task launch worker for task 46.0 in stage 0.0 (TID 46)) 35.049ms
[105.793s][info][gc          ] Allocation Stall (Executor task launch worker for task 12.0 in stage 0.0 (TID 12)) 35.233ms
[105.793s][info][gc          ] Allocation Stall (Executor task launch worker for task 34.0 in stage 0.0 (TID 34)) 36.369ms
[105.793s][info][gc          ] Allocation Stall (Executor task launch worker for task 3.0 in stage 0.0 (TID 3)) 38.673ms
[105.793s][info][gc          ] Allocation Stall (Executor task launch worker for task 0.0 in stage 0.0 (TID 0)) 37.874ms
[105.793s][info][gc          ] Allocation Stall (Executor task launch worker for task 44.0 in stage 0.0 (TID 44)) 37.789ms
[105.793s][info][gc          ] Allocation Stall (Executor task launch worker for task 22.0 in stage 0.0 (TID 22)) 37.239ms
[105.793s][info][gc          ] Allocation Stall (Executor task launch worker for task 16.0 in stage 0.0 (TID 16)) 40.675ms
[105.793s][info][gc          ] Allocation Stall (Executor task launch worker for task 28.0 in stage 0.0 (TID 28)) 37.215ms
[105.793s][info][gc          ] Allocation Stall (Executor task launch worker for task 27.0 in stage 0.0 (TID 27)) 36.022ms
[105.793s][info][gc          ] Allocation Stall (Executor task launch worker for task 11.0 in stage 0.0 (TID 11)) 36.941ms
[105.793s][info][gc          ] Allocation Stall (Executor task launch worker for task 4.0 in stage 0.0 (TID 4)) 35.228ms
[105.793s][info][gc          ] Allocation Stall (Executor task launch worker for task 33.0 in stage 0.0 (TID 33)) 37.655ms
[105.793s][info][gc          ] Allocation Stall (Executor task launch worker for task 25.0 in stage 0.0 (TID 25)) 36.813ms
[105.793s][info][gc          ] Allocation Stall (Executor task launch worker for task 7.0 in stage 0.0 (TID 7)) 37.894ms
[105.793s][info][gc          ] Allocation Stall (Executor task launch worker for task 6.0 in stage 0.0 (TID 6)) 38.658ms
[105.793s][info][gc          ] Allocation Stall (Executor task launch worker for task 39.0 in stage 0.0 (TID 39)) 38.719ms
[105.793s][info][gc          ] Allocation Stall (Executor task launch worker for task 47.0 in stage 0.0 (TID 47)) 39.389ms
[105.793s][info][gc          ] Allocation Stall (Executor task launch worker for task 15.0 in stage 0.0 (TID 15)) 34.985ms
[105.793s][info][gc          ] Allocation Stall (Executor task launch worker for task 45.0 in stage 0.0 (TID 45)) 34.887ms
[105.793s][info][gc          ] Allocation Stall (Executor task launch worker for task 14.0 in stage 0.0 (TID 14)) 34.914ms
[105.793s][info][gc          ] Allocation Stall (Executor task launch worker for task 42.0 in stage 0.0 (TID 42)) 34.907ms
[105.793s][info][gc          ] Allocation Stall (Executor task launch worker for task 19.0 in stage 0.0 (TID 19)) 34.865ms
[105.793s][info][gc          ] Allocation Stall (Executor task launch worker for task 24.0 in stage 0.0 (TID 24)) 34.763ms
[105.793s][info][gc          ] Allocation Stall (Executor task launch worker for task 41.0 in stage 0.0 (TID 41)) 34.750ms
[105.793s][info][gc          ] Allocation Stall (Executor task launch worker for task 1.0 in stage 0.0 (TID 1)) 34.716ms
[105.793s][info][gc          ] Allocation Stall (Executor task launch worker for task 36.0 in stage 0.0 (TID 36)) 34.527ms
[105.793s][info][gc          ] Allocation Stall (Executor task launch worker for task 43.0 in stage 0.0 (TID 43)) 34.485ms
[105.793s][info][gc          ] Allocation Stall (Executor task launch worker for task 2.0 in stage 0.0 (TID 2)) 34.502ms
[105.793s][info][gc          ] Allocation Stall (Executor task launch worker for task 38.0 in stage 0.0 (TID 38)) 34.507ms
[105.793s][info][gc          ] Allocation Stall (Executor task launch worker for task 5.0 in stage 0.0 (TID 5)) 34.528ms
[105.793s][info][gc          ] Allocation Stall (Executor task launch worker for task 20.0 in stage 0.0 (TID 20)) 34.364ms
[105.794s][info][gc          ] Allocation Stall (Executor task launch worker for task 21.0 in stage 0.0 (TID 21)) 34.426ms
[105.794s][info][gc          ] Allocation Stall (Executor task launch worker for task 30.0 in stage 0.0 (TID 30)) 26.916ms
[105.794s][info][gc          ] Allocation Stall (Executor task launch worker for task 8.0 in stage 0.0 (TID 8)) 26.851ms
[105.803s][info][gc,phases   ] GC(67) Concurrent Select Relocation Set 10.150ms
[105.807s][info][gc,phases   ] GC(67) Pause Relocate Start 0.007ms
[105.810s][info][gc,phases   ] GC(67) Concurrent Relocate 1.691ms
[105.811s][info][gc,load     ] GC(67) Load: 0.00/0.00/0.00
[105.811s][info][gc,mmu      ] GC(67) MMU: 2ms/94.2%, 5ms/97.7%, 10ms/98.8%, 20ms/99.3%, 50ms/99.7%, 100ms/99.9%
[105.811s][info][gc,marking  ] GC(67) Mark: 8 stripe(s), 2 proactive flush(es), 1 terminate flush(es), 0 completion(s), 0 continuation(s) 
[105.811s][info][gc,marking  ] GC(67) Mark Stack Usage: 32M
[105.811s][info][gc,nmethod  ] GC(67) NMethods: 2159 registered, 79 unregistered
[105.811s][info][gc,metaspace] GC(67) Metaspace: 112M used, 124M committed, 1152M reserved
[105.811s][info][gc,ref      ] GC(67) Soft: 2800 encountered, 1938 discovered, 0 enqueued
[105.811s][info][gc,ref      ] GC(67) Weak: 12964 encountered, 2570 discovered, 0 enqueued
[105.811s][info][gc,ref      ] GC(67) Final: 62 encountered, 2 discovered, 0 enqueued
[105.811s][info][gc,ref      ] GC(67) Phantom: 750 encountered, 554 discovered, 0 enqueued
[105.811s][info][gc,reloc    ] GC(67) Small Pages: 171 / 342M, Empty: 206M, Relocated: 3M, In-Place: 0
[105.811s][info][gc,reloc    ] GC(67) Medium Pages: 19 / 608M, Empty: 0M, Relocated: 0M, In-Place: 0
[105.811s][info][gc,reloc    ] GC(67) Large Pages: 9 / 72M, Empty: 0M, Relocated: 0M, In-Place: 0
[105.811s][info][gc,reloc    ] GC(67) Forwarding Usage: 0M
[105.811s][info][gc,heap     ] GC(67) Min Capacity: 8M(1%)
[105.811s][info][gc,heap     ] GC(67) Max Capacity: 1024M(100%)
[105.811s][info][gc,heap     ] GC(67) Soft Max Capacity: 1024M(100%)
[105.811s][info][gc,heap     ] GC(67)                Mark Start          Mark End        Relocate Start      Relocate End           High               Low         
[105.811s][info][gc,heap     ] GC(67)  Capacity:     1024M (100%)       1024M (100%)       1024M (100%)       1024M (100%)       1024M (100%)       1024M (100%)   
[105.811s][info][gc,heap     ] GC(67)      Free:        2M (0%)            0M (0%)          144M (14%)         148M (14%)         154M (15%)           0M (0%)     
[105.811s][info][gc,heap     ] GC(67)      Used:     1022M (100%)       1024M (100%)        880M (86%)         876M (86%)        1024M (100%)        870M (85%)    
[105.811s][info][gc,heap     ] GC(67)      Live:         -               643M (63%)         643M (63%)         643M (63%)            -                  -          
[105.811s][info][gc,heap     ] GC(67) Allocated:         -                 2M (0%)           64M (6%)          105M (10%)            -                  -          
[105.811s][info][gc,heap     ] GC(67)   Garbage:         -               378M (37%)         172M (17%)         127M (12%)            -                  -          
[105.811s][info][gc,heap     ] GC(67) Reclaimed:         -                  -               206M (20%)         251M (25%)            -                  -          
[105.811s][info][gc          ] GC(67) Garbage Collection (Allocation Stall) 1022M(100%)->876M(86%)
[105.819s][info][gc          ] Allocation Stall (Executor task launch worker for task 0.0 in stage 0.0 (TID 0)) 0.015ms
[105.819s][info][gc,start    ] GC(68) Garbage Collection (Allocation Stall)
[105.819s][info][gc          ] Allocation Stall (Executor task launch worker for task 3.0 in stage 0.0 (TID 3)) 0.036ms
[105.819s][info][gc,ref      ] GC(68) Clearing All SoftReferences
[105.819s][info][gc          ] Allocation Stall (Executor task launch worker for task 17.0 in stage 0.0 (TID 17)) 0.170ms
[105.819s][info][gc,task     ] GC(68) Using 10 workers
[105.819s][info][gc          ] Allocation Stall (Executor task launch worker for task 22.0 in stage 0.0 (TID 22)) 0.212ms
[105.820s][info][gc,ref      ] GC(68) Clearing All SoftReferences
[105.820s][info][gc,phases   ] GC(68) Pause Mark Start 0.047ms
[105.820s][info][gc          ] Allocation Stall (Executor task launch worker for task 35.0 in stage 0.0 (TID 35)) 0.805ms
[105.820s][info][gc          ] Allocation Stall (Executor task launch worker for task 24.0 in stage 0.0 (TID 24)) 0.830ms
[105.820s][info][gc          ] Allocation Stall (Executor task launch worker for task 43.0 in stage 0.0 (TID 43)) 0.825ms
[105.820s][info][gc          ] Allocation Stall (Executor task launch worker for task 14.0 in stage 0.0 (TID 14)) 0.827ms
[105.820s][info][gc          ] Allocation Stall (Executor task launch worker for task 23.0 in stage 0.0 (TID 23)) 0.820ms
[105.820s][info][gc          ] Allocation Stall (Executor task launch worker for task 25.0 in stage 0.0 (TID 25)) 0.831ms
[105.820s][info][gc          ] Allocation Stall (Executor task launch worker for task 4.0 in stage 0.0 (TID 4)) 0.827ms
[105.820s][info][gc          ] Allocation Stall (Executor task launch worker for task 1.0 in stage 0.0 (TID 1)) 0.845ms
[105.820s][info][gc          ] Allocation Stall (Executor task launch worker for task 7.0 in stage 0.0 (TID 7)) 0.915ms
[105.820s][info][gc          ] Allocation Stall (Executor task launch worker for task 33.0 in stage 0.0 (TID 33)) 0.946ms
[105.820s][info][gc          ] Allocation Stall (Executor task launch worker for task 19.0 in stage 0.0 (TID 19)) 0.982ms
[105.820s][info][gc          ] Allocation Stall (Executor task launch worker for task 28.0 in stage 0.0 (TID 28)) 1.020ms
[105.820s][info][gc          ] Allocation Stall (Executor task launch worker for task 41.0 in stage 0.0 (TID 41)) 1.053ms
[105.820s][info][gc          ] Allocation Stall (Executor task launch worker for task 29.0 in stage 0.0 (TID 29)) 1.102ms
[105.820s][info][gc          ] Allocation Stall (Executor task launch worker for task 12.0 in stage 0.0 (TID 12)) 1.171ms
[105.820s][info][gc          ] Allocation Stall (Executor task launch worker for task 11.0 in stage 0.0 (TID 11)) 1.228ms
[105.820s][info][gc          ] Allocation Stall (Executor task launch worker for task 34.0 in stage 0.0 (TID 34)) 1.328ms
[105.820s][info][gc          ] Allocation Stall (Executor task launch worker for task 30.0 in stage 0.0 (TID 30)) 1.358ms
[105.820s][info][gc          ] Allocation Stall (Executor task launch worker for task 15.0 in stage 0.0 (TID 15)) 1.387ms
[105.820s][info][gc          ] Allocation Stall (Executor task launch worker for task 13.0 in stage 0.0 (TID 13)) 1.432ms
[105.820s][info][gc          ] Allocation Stall (Executor task launch worker for task 42.0 in stage 0.0 (TID 42)) 1.490ms
[105.820s][info][gc          ] Allocation Stall (Executor task launch worker for task 6.0 in stage 0.0 (TID 6)) 1.527ms
[105.820s][info][gc          ] Allocation Stall (Executor task launch worker for task 9.0 in stage 0.0 (TID 9)) 1.563ms
[105.821s][info][gc          ] Allocation Stall (Executor task launch worker for task 10.0 in stage 0.0 (TID 10)) 1.625ms
[105.821s][info][gc          ] Allocation Stall (Executor task launch worker for task 39.0 in stage 0.0 (TID 39)) 1.659ms
[105.821s][info][gc          ] Allocation Stall (Executor task launch worker for task 20.0 in stage 0.0 (TID 20)) 1.708ms
[105.821s][info][gc          ] Allocation Stall (Executor task launch worker for task 27.0 in stage 0.0 (TID 27)) 1.757ms
[105.821s][info][gc          ] Allocation Stall (Executor task launch worker for task 46.0 in stage 0.0 (TID 46)) 1.091ms
[105.821s][info][gc          ] Allocation Stall (Executor task launch worker for task 22.0 in stage 0.0 (TID 22)) 1.140ms
[105.821s][info][gc          ] Allocation Stall (Executor task launch worker for task 3.0 in stage 0.0 (TID 3)) 1.187ms
[105.821s][info][gc          ] Allocation Stall (Executor task launch worker for task 0.0 in stage 0.0 (TID 0)) 1.235ms
[105.821s][info][gc          ] Allocation Stall (Executor task launch worker for task 8.0 in stage 0.0 (TID 8)) 1.295ms
[105.821s][info][gc          ] Allocation Stall (Executor task launch worker for task 17.0 in stage 0.0 (TID 17)) 1.343ms
[105.821s][info][gc          ] Allocation Stall (Executor task launch worker for task 31.0 in stage 0.0 (TID 31)) 1.385ms
[105.821s][info][gc          ] Allocation Stall (Executor task launch worker for task 45.0 in stage 0.0 (TID 45)) 1.508ms
[105.821s][info][gc          ] Allocation Stall (Executor task launch worker for task 40.0 in stage 0.0 (TID 40)) 1.531ms
[105.821s][info][gc          ] Allocation Stall (Executor task launch worker for task 2.0 in stage 0.0 (TID 2)) 1.559ms
[105.821s][info][gc          ] Allocation Stall (Executor task launch worker for task 18.0 in stage 0.0 (TID 18)) 1.628ms
[105.821s][info][gc          ] Allocation Stall (Executor task launch worker for task 36.0 in stage 0.0 (TID 36)) 1.682ms
[105.821s][info][gc          ] Allocation Stall (Executor task launch worker for task 5.0 in stage 0.0 (TID 5)) 1.726ms
[105.821s][info][gc          ] Allocation Stall (Executor task launch worker for task 38.0 in stage 0.0 (TID 38)) 1.760ms
[105.829s][info][gc          ] Allocation Stall (Executor task launch worker for task 37.0 in stage 0.0 (TID 37)) 8.895ms
[105.854s][info][gc,phases   ] GC(68) Concurrent Mark 34.228ms
[105.854s][info][gc,phases   ] GC(68) Pause Mark End 0.016ms
[105.854s][info][gc,phases   ] GC(68) Concurrent Mark Free 0.000ms
[105.855s][info][gc,phases   ] GC(68) Concurrent Process Non-Strong References 0.916ms
[105.855s][info][gc,phases   ] GC(68) Concurrent Reset Relocation Set 0.005ms
[105.855s][info][gc          ] Allocation Stall (Executor task launch worker for task 44.0 in stage 0.0 (TID 44)) 11.992ms
[105.855s][info][gc          ] Allocation Stall (Executor task launch worker for task 37.0 in stage 0.0 (TID 37)) 20.382ms
[105.855s][info][gc          ] Allocation Stall (Executor task launch worker for task 16.0 in stage 0.0 (TID 16)) 19.101ms
[105.855s][info][gc          ] Allocation Stall (Executor task launch worker for task 33.0 in stage 0.0 (TID 33)) 22.690ms
[105.855s][info][gc          ] Allocation Stall (Spark Context Cleaner) 16.886ms
[105.855s][info][gc          ] Allocation Stall (Executor task launch worker for task 19.0 in stage 0.0 (TID 19)) 20.467ms
[105.855s][info][gc          ] Allocation Stall (Executor task launch worker for task 32.0 in stage 0.0 (TID 32)) 9.447ms
[105.855s][info][gc          ] Allocation Stall (Executor task launch worker for task 22.0 in stage 0.0 (TID 22)) 22.883ms
[105.855s][info][gc          ] Allocation Stall (Executor task launch worker for task 29.0 in stage 0.0 (TID 29)) 25.145ms
[105.855s][info][gc          ] Allocation Stall (Executor task launch worker for task 34.0 in stage 0.0 (TID 34)) 20.376ms
[105.855s][info][gc          ] Allocation Stall (Executor task launch worker for task 7.0 in stage 0.0 (TID 7)) 20.613ms
[105.855s][info][gc          ] Allocation Stall (Executor task launch worker for task 12.0 in stage 0.0 (TID 12)) 20.450ms
[105.855s][info][gc          ] Allocation Stall (Executor task launch worker for task 38.0 in stage 0.0 (TID 38)) 22.885ms
[105.855s][info][gc          ] Allocation Stall (Executor task launch worker for task 35.0 in stage 0.0 (TID 35)) 24.938ms
[105.855s][info][gc          ] Allocation Stall (Executor task launch worker for task 27.0 in stage 0.0 (TID 27)) 22.560ms
[105.855s][info][gc          ] Allocation Stall (Executor task launch worker for task 10.0 in stage 0.0 (TID 10)) 22.812ms
[105.855s][info][gc          ] Allocation Stall (Executor task launch worker for task 39.0 in stage 0.0 (TID 39)) 22.635ms
[105.855s][info][gc          ] Allocation Stall (Executor task launch worker for task 47.0 in stage 0.0 (TID 47)) 12.956ms
[105.855s][info][gc          ] Allocation Stall (Executor task launch worker for task 23.0 in stage 0.0 (TID 23)) 24.479ms
[105.855s][info][gc          ] Allocation Stall (Executor task launch worker for task 9.0 in stage 0.0 (TID 9)) 24.980ms
[105.855s][info][gc          ] Allocation Stall (Executor task launch worker for task 40.0 in stage 0.0 (TID 40)) 23.043ms
[105.855s][info][gc          ] Allocation Stall (Executor task launch worker for task 18.0 in stage 0.0 (TID 18)) 23.642ms
[105.855s][info][gc          ] Allocation Stall (Executor task launch worker for task 4.0 in stage 0.0 (TID 4)) 26.655ms
[105.855s][info][gc          ] Allocation Stall (Executor task launch worker for task 2.0 in stage 0.0 (TID 2)) 25.053ms
[105.855s][info][gc          ] Allocation Stall (Executor task launch worker for task 31.0 in stage 0.0 (TID 31)) 23.018ms
[105.855s][info][gc          ] Allocation Stall (Executor task launch worker for task 42.0 in stage 0.0 (TID 42)) 24.443ms
[105.855s][info][gc          ] Allocation Stall (Executor task launch worker for task 43.0 in stage 0.0 (TID 43)) 24.774ms
[105.855s][info][gc          ] Allocation Stall (Executor task launch worker for task 26.0 in stage 0.0 (TID 26)) 17.483ms
[105.855s][info][gc          ] Allocation Stall (Executor task launch worker for task 30.0 in stage 0.0 (TID 30)) 25.271ms
[105.855s][info][gc          ] Allocation Stall (Executor task launch worker for task 25.0 in stage 0.0 (TID 25)) 24.997ms
[105.855s][info][gc          ] Allocation Stall (Executor task launch worker for task 20.0 in stage 0.0 (TID 20)) 22.701ms
[105.855s][info][gc          ] Allocation Stall (Executor task launch worker for task 41.0 in stage 0.0 (TID 41)) 24.058ms
[105.855s][info][gc          ] Allocation Stall (Executor task launch worker for task 21.0 in stage 0.0 (TID 21)) 22.457ms
[105.855s][info][gc          ] Allocation Stall (Executor task launch worker for task 1.0 in stage 0.0 (TID 1)) 21.506ms
[105.855s][info][gc          ] Allocation Stall (RemoteBlock-temp-file-clean-thread) 25.173ms
[105.855s][info][gc          ] Allocation Stall (Executor task launch worker for task 5.0 in stage 0.0 (TID 5)) 24.960ms
[105.855s][info][gc          ] Allocation Stall (Executor task launch worker for task 8.0 in stage 0.0 (TID 8)) 22.530ms
[105.855s][info][gc          ] Allocation Stall (Executor task launch worker for task 3.0 in stage 0.0 (TID 3)) 23.597ms
[105.855s][info][gc          ] Allocation Stall (Executor task launch worker for task 28.0 in stage 0.0 (TID 28)) 22.187ms
[105.855s][info][gc          ] Allocation Stall (Executor task launch worker for task 13.0 in stage 0.0 (TID 13)) 21.390ms
[105.855s][info][gc          ] Allocation Stall (Executor task launch worker for task 0.0 in stage 0.0 (TID 0)) 23.564ms
[105.855s][info][gc          ] Allocation Stall (Executor task launch worker for task 36.0 in stage 0.0 (TID 36)) 23.589ms
[105.855s][info][gc          ] Allocation Stall (Executor task launch worker for task 14.0 in stage 0.0 (TID 14)) 24.387ms
[105.855s][info][gc          ] Allocation Stall (Executor task launch worker for task 6.0 in stage 0.0 (TID 6)) 24.519ms
[105.855s][info][gc          ] Allocation Stall (Executor task launch worker for task 24.0 in stage 0.0 (TID 24)) 24.740ms
[105.855s][info][gc          ] Allocation Stall (Executor task launch worker for task 45.0 in stage 0.0 (TID 45)) 23.452ms
[105.855s][info][gc          ] Allocation Stall (Executor task launch worker for task 46.0 in stage 0.0 (TID 46)) 23.744ms
[105.855s][info][gc          ] Allocation Stall (Executor task launch worker for task 17.0 in stage 0.0 (TID 17)) 22.624ms
[105.855s][info][gc          ] Allocation Stall (Executor task launch worker for task 11.0 in stage 0.0 (TID 11)) 25.195ms
[105.855s][info][gc          ] Allocation Stall (Executor task launch worker for task 15.0 in stage 0.0 (TID 15)) 20.382ms
[105.861s][info][gc,phases   ] GC(68) Concurrent Select Relocation Set 5.977ms
[105.862s][info][gc,phases   ] GC(68) Pause Relocate Start 0.007ms
[105.870s][info][gc          ] Relocation Stall (Executor task launch worker for task 19.0 in stage 0.0 (TID 19)) 7.159ms
[105.870s][info][gc          ] Relocation Stall (Executor task launch worker for task 31.0 in stage 0.0 (TID 31)) 6.585ms
[105.870s][info][gc          ] Relocation Stall (Executor task launch worker for task 33.0 in stage 0.0 (TID 33)) 7.437ms
[105.870s][info][gc          ] Relocation Stall (Executor task launch worker for task 5.0 in stage 0.0 (TID 5)) 7.117ms
[105.874s][info][gc          ] Relocation Stall (Executor task launch worker for task 16.0 in stage 0.0 (TID 16)) 11.696ms
[105.874s][info][gc          ] Allocation Stall (Executor task launch worker for task 46.0 in stage 0.0 (TID 46)) 7.170ms
[105.874s][info][gc          ] Allocation Stall (Executor task launch worker for task 2.0 in stage 0.0 (TID 2)) 7.141ms
[105.874s][info][gc          ] Allocation Stall (Executor task launch worker for task 7.0 in stage 0.0 (TID 7)) 7.150ms
[105.874s][info][gc          ] Allocation Stall (Executor task launch worker for task 28.0 in stage 0.0 (TID 28)) 7.143ms
[105.874s][info][gc          ] Allocation Stall (Executor task launch worker for task 11.0 in stage 0.0 (TID 11)) 7.223ms
[105.874s][info][gc          ] Allocation Stall (Executor task launch worker for task 21.0 in stage 0.0 (TID 21)) 7.205ms
[105.874s][info][gc,phases   ] GC(68) Concurrent Relocate 11.825ms
[105.874s][info][gc          ] Allocation Stall (Executor task launch worker for task 0.0 in stage 0.0 (TID 0)) 7.201ms
[105.874s][info][gc          ] Allocation Stall (Executor task launch worker for task 18.0 in stage 0.0 (TID 18)) 7.292ms
[105.874s][info][gc          ] Allocation Stall (Executor task launch worker for task 32.0 in stage 0.0 (TID 32)) 7.262ms
[105.874s][info][gc          ] Allocation Stall (Executor task launch worker for task 17.0 in stage 0.0 (TID 17)) 7.321ms
[105.874s][info][gc          ] Allocation Stall (Executor task launch worker for task 15.0 in stage 0.0 (TID 15)) 7.390ms
[105.874s][info][gc          ] Allocation Stall (Executor task launch worker for task 37.0 in stage 0.0 (TID 37)) 7.307ms
[105.874s][info][gc          ] Allocation Stall (Executor task launch worker for task 34.0 in stage 0.0 (TID 34)) 7.319ms
[105.874s][info][gc          ] Allocation Stall (Executor task launch worker for task 8.0 in stage 0.0 (TID 8)) 7.433ms
[105.874s][info][gc          ] Allocation Stall (Executor task launch worker for task 40.0 in stage 0.0 (TID 40)) 7.304ms
[105.874s][info][gc          ] Allocation Stall (Executor task launch worker for task 14.0 in stage 0.0 (TID 14)) 7.374ms
[105.874s][info][gc,load     ] GC(68) Load: 0.00/0.00/0.00
[105.875s][info][gc          ] Allocation Stall (Executor task launch worker for task 12.0 in stage 0.0 (TID 12)) 7.568ms
[105.875s][info][gc,mmu      ] GC(68) MMU: 2ms/94.2%, 5ms/97.7%, 10ms/98.8%, 20ms/99.3%, 50ms/99.7%, 100ms/99.9%
[105.875s][info][gc          ] Allocation Stall (Executor task launch worker for task 24.0 in stage 0.0 (TID 24)) 7.597ms
[105.875s][info][gc          ] Allocation Stall (Executor task launch worker for task 42.0 in stage 0.0 (TID 42)) 7.617ms
[105.875s][info][gc,marking  ] GC(68) Mark: 8 stripe(s), 2 proactive flush(es), 1 terminate flush(es), 0 completion(s), 0 continuation(s) 
[105.875s][info][gc          ] Allocation Stall (Executor task launch worker for task 13.0 in stage 0.0 (TID 13)) 7.650ms
[105.875s][info][gc          ] Allocation Stall (Executor task launch worker for task 3.0 in stage 0.0 (TID 3)) 7.666ms
[105.875s][info][gc          ] Allocation Stall (Executor task launch worker for task 45.0 in stage 0.0 (TID 45)) 7.663ms
[105.875s][info][gc,marking  ] GC(68) Mark Stack Usage: 32M
[105.875s][info][gc          ] Allocation Stall (Executor task launch worker for task 23.0 in stage 0.0 (TID 23)) 7.691ms
[105.875s][info][gc          ] Allocation Stall (Executor task launch worker for task 29.0 in stage 0.0 (TID 29)) 7.757ms
[105.875s][info][gc,nmethod  ] GC(68) NMethods: 2159 registered, 79 unregistered
[105.875s][info][gc          ] Allocation Stall (Executor task launch worker for task 10.0 in stage 0.0 (TID 10)) 7.796ms
[105.875s][info][gc          ] Allocation Stall (Executor task launch worker for task 27.0 in stage 0.0 (TID 27)) 7.815ms
[105.875s][info][gc,metaspace] GC(68) Metaspace: 112M used, 124M committed, 1152M reserved
[105.875s][info][gc          ] Allocation Stall (Executor task launch worker for task 47.0 in stage 0.0 (TID 47)) 7.856ms
[105.875s][info][gc          ] Allocation Stall (Executor task launch worker for task 22.0 in stage 0.0 (TID 22)) 7.884ms
[105.875s][info][gc,ref      ] GC(68) Soft: 2800 encountered, 1837 discovered, 0 enqueued
[105.875s][info][gc          ] Allocation Stall (Executor task launch worker for task 36.0 in stage 0.0 (TID 36)) 7.894ms
[105.875s][info][gc          ] Allocation Stall (Executor task launch worker for task 20.0 in stage 0.0 (TID 20)) 7.853ms
[105.875s][info][gc,ref      ] GC(68) Weak: 12964 encountered, 2353 discovered, 0 enqueued
[105.875s][info][gc,ref      ] GC(68) Final: 62 encountered, 2 discovered, 0 enqueued
[105.875s][info][gc          ] Allocation Stall (Executor task launch worker for task 4.0 in stage 0.0 (TID 4)) 7.927ms
[105.875s][info][gc,ref      ] GC(68) Phantom: 750 encountered, 572 discovered, 0 enqueued
[105.875s][info][gc          ] Allocation Stall (Executor task launch worker for task 25.0 in stage 0.0 (TID 25)) 7.943ms
[105.875s][info][gc,reloc    ] GC(68) Small Pages: 136 / 272M, Empty: 134M, Relocated: 3M, In-Place: 0
[105.875s][info][gc          ] Allocation Stall (Executor task launch worker for task 6.0 in stage 0.0 (TID 6)) 6.441ms
[105.875s][info][gc,reloc    ] GC(68) Medium Pages: 20 / 640M, Empty: 0M, Relocated: 21M, In-Place: 1
[105.875s][info][gc          ] Allocation Stall (Executor task launch worker for task 30.0 in stage 0.0 (TID 30)) 6.431ms
[105.875s][info][gc,reloc    ] GC(68) Large Pages: 12 / 96M, Empty: 0M, Relocated: 0M, In-Place: 0
[105.876s][info][gc          ] Allocation Stall (Executor task launch worker for task 39.0 in stage 0.0 (TID 39)) 6.344ms
[105.876s][info][gc,reloc    ] GC(68) Forwarding Usage: 0M
[105.876s][info][gc          ] Allocation Stall (Executor task launch worker for task 1.0 in stage 0.0 (TID 1)) 6.326ms
[105.876s][info][gc,heap     ] GC(68) Min Capacity: 8M(1%)
[105.876s][info][gc          ] Allocation Stall (Executor task launch worker for task 44.0 in stage 0.0 (TID 44)) 6.386ms
[105.876s][info][gc,heap     ] GC(68) Max Capacity: 1024M(100%)
[105.876s][info][gc,heap     ] GC(68) Soft Max Capacity: 1024M(100%)
[105.876s][info][gc,heap     ] GC(68)                Mark Start          Mark End        Relocate Start      Relocate End           High               Low         
[105.876s][info][gc,heap     ] GC(68)  Capacity:     1024M (100%)       1024M (100%)       1024M (100%)       1024M (100%)       1024M (100%)       1024M (100%)   
[105.876s][info][gc,heap     ] GC(68)      Free:        0M (0%)            0M (0%)           52M (5%)            0M (0%)          128M (13%)           0M (0%)     
[105.876s][info][gc,heap     ] GC(68)      Used:     1024M (100%)       1024M (100%)        972M (95%)        1024M (100%)       1024M (100%)        896M (88%)    
[105.876s][info][gc,heap     ] GC(68)      Live:         -               666M (65%)         666M (65%)         666M (65%)            -                  -          
[105.876s][info][gc,heap     ] GC(68) Allocated:         -                 0M (0%)           82M (8%)          217M (21%)            -                  -          
[105.876s][info][gc,heap     ] GC(68)   Garbage:         -               357M (35%)         223M (22%)         139M (14%)            -                  -          
[105.876s][info][gc,heap     ] GC(68) Reclaimed:         -                  -               134M (13%)         217M (21%)            -                  -          
[105.876s][info][gc          ] GC(68) Garbage Collection (Allocation Stall) 1024M(100%)->1024M(100%)
[105.876s][info][gc,start    ] GC(69) Garbage Collection (Allocation Stall)
[105.876s][info][gc,ref      ] GC(69) Clearing All SoftReferences
[105.876s][info][gc,task     ] GC(69) Using 10 workers
[105.885s][info][gc,ref      ] GC(69) Clearing All SoftReferences
[105.885s][info][gc,phases   ] GC(69) Pause Mark Start 0.053ms
[105.885s][info][gc          ] Allocation Stall (Executor task launch worker for task 41.0 in stage 0.0 (TID 41)) 15.661ms
[105.885s][info][gc          ] Allocation Stall (Executor task launch worker for task 9.0 in stage 0.0 (TID 9)) 15.813ms
[105.885s][info][gc          ] Allocation Stall (Executor task launch worker for task 33.0 in stage 0.0 (TID 33)) 15.674ms
[105.885s][info][gc          ] Allocation Stall (Executor task launch worker for task 19.0 in stage 0.0 (TID 19)) 15.769ms
[105.885s][info][gc          ] Allocation Stall (Executor task launch worker for task 38.0 in stage 0.0 (TID 38)) 15.682ms
[105.885s][info][gc          ] Allocation Stall (Executor task launch worker for task 31.0 in stage 0.0 (TID 31)) 15.734ms
[105.885s][info][gc          ] Allocation Stall (Executor task launch worker for task 26.0 in stage 0.0 (TID 26)) 11.134ms
[105.885s][info][gc          ] Allocation Stall (Executor task launch worker for task 16.0 in stage 0.0 (TID 16)) 11.144ms
[105.885s][info][gc          ] Allocation Stall (Executor task launch worker for task 5.0 in stage 0.0 (TID 5)) 15.717ms
[105.886s][info][gc          ] Allocation Stall (Executor task launch worker for task 14.0 in stage 0.0 (TID 14)) 0.149ms
[105.886s][info][gc          ] Allocation Stall (Executor task launch worker for task 46.0 in stage 0.0 (TID 46)) 0.204ms
[105.886s][info][gc          ] Allocation Stall (Executor task launch worker for task 12.0 in stage 0.0 (TID 12)) 0.252ms
[105.886s][info][gc          ] Allocation Stall (Executor task launch worker for task 44.0 in stage 0.0 (TID 44)) 0.151ms
[105.916s][info][gc,phases   ] GC(69) Concurrent Mark 31.029ms
[105.917s][info][gc,phases   ] GC(69) Pause Mark End 0.017ms
[105.917s][info][gc,phases   ] GC(69) Concurrent Mark Free 0.000ms
[105.917s][info][gc,phases   ] GC(69) Concurrent Process Non-Strong References 0.816ms
[105.917s][info][gc,phases   ] GC(69) Concurrent Reset Relocation Set 0.004ms
[105.920s][info][gc          ] Allocation Stall (Executor task launch worker for task 19.0 in stage 0.0 (TID 19)) 19.713ms
[105.920s][info][gc          ] Allocation Stall (Executor task launch worker for task 17.0 in stage 0.0 (TID 17)) 20.479ms
[105.920s][info][gc          ] Allocation Stall (Executor task launch worker for task 24.0 in stage 0.0 (TID 24)) 20.909ms
[105.920s][info][gc          ] Allocation Stall (Executor task launch worker for task 37.0 in stage 0.0 (TID 37)) 13.032ms
[105.920s][info][gc          ] Allocation Stall (Executor task launch worker for task 10.0 in stage 0.0 (TID 10)) 20.510ms
[105.920s][info][gc          ] Allocation Stall (Executor task launch worker for task 35.0 in stage 0.0 (TID 35)) 12.861ms
[105.920s][info][gc          ] Allocation Stall (Executor task launch worker for task 38.0 in stage 0.0 (TID 38)) 21.294ms
[105.920s][info][gc          ] Allocation Stall (Executor task launch worker for task 43.0 in stage 0.0 (TID 43)) 15.366ms
[105.920s][info][gc          ] Allocation Stall (Executor task launch worker for task 5.0 in stage 0.0 (TID 5)) 19.689ms
[105.920s][info][gc          ] Allocation Stall (Executor task launch worker for task 0.0 in stage 0.0 (TID 0)) 19.699ms
[105.920s][info][gc          ] Allocation Stall (Executor task launch worker for task 33.0 in stage 0.0 (TID 33)) 19.750ms
[105.920s][info][gc          ] Allocation Stall (Executor task launch worker for task 22.0 in stage 0.0 (TID 22)) 19.703ms
[105.920s][info][gc          ] Allocation Stall (Executor task launch worker for task 9.0 in stage 0.0 (TID 9)) 19.708ms
[105.920s][info][gc          ] Allocation Stall (Executor task launch worker for task 11.0 in stage 0.0 (TID 11)) 19.714ms
[105.920s][info][gc          ] Allocation Stall (Executor task launch worker for task 41.0 in stage 0.0 (TID 41)) 20.190ms
[105.920s][info][gc          ] Allocation Stall (Executor task launch worker for task 15.0 in stage 0.0 (TID 15)) 19.968ms
[105.920s][info][gc          ] Allocation Stall (Executor task launch worker for task 32.0 in stage 0.0 (TID 32)) 20.625ms
[105.920s][info][gc          ] Allocation Stall (Executor task launch worker for task 21.0 in stage 0.0 (TID 21)) 20.337ms
[105.920s][info][gc          ] Allocation Stall (Executor task launch worker for task 14.0 in stage 0.0 (TID 14)) 20.222ms
[105.920s][info][gc          ] Allocation Stall (Executor task launch worker for task 4.0 in stage 0.0 (TID 4)) 21.428ms
[105.920s][info][gc          ] Allocation Stall (Executor task launch worker for task 20.0 in stage 0.0 (TID 20)) 19.892ms
[105.920s][info][gc          ] Allocation Stall (Executor task launch worker for task 40.0 in stage 0.0 (TID 40)) 19.807ms
[105.920s][info][gc          ] Allocation Stall (Executor task launch worker for task 8.0 in stage 0.0 (TID 8)) 20.497ms
[105.920s][info][gc          ] Allocation Stall (Executor task launch worker for task 13.0 in stage 0.0 (TID 13)) 25.315ms
[105.920s][info][gc          ] Allocation Stall (Executor task launch worker for task 36.0 in stage 0.0 (TID 36)) 25.601ms
[105.920s][info][gc          ] Allocation Stall (Executor task launch worker for task 7.0 in stage 0.0 (TID 7)) 19.761ms
[105.920s][info][gc          ] Allocation Stall (Executor task launch worker for task 34.0 in stage 0.0 (TID 34)) 20.139ms
[105.920s][info][gc          ] Allocation Stall (Executor task launch worker for task 42.0 in stage 0.0 (TID 42)) 25.597ms
[105.920s][info][gc          ] Allocation Stall (Executor task launch worker for task 47.0 in stage 0.0 (TID 47)) 25.301ms
[105.920s][info][gc          ] Allocation Stall (Executor task launch worker for task 26.0 in stage 0.0 (TID 26)) 25.266ms
[105.920s][info][gc          ] Allocation Stall (Executor task launch worker for task 28.0 in stage 0.0 (TID 28)) 25.176ms
[105.920s][info][gc          ] Allocation Stall (Executor task launch worker for task 25.0 in stage 0.0 (TID 25)) 26.011ms
[105.920s][info][gc          ] Allocation Stall (Executor task launch worker for task 30.0 in stage 0.0 (TID 30)) 25.000ms
[105.920s][info][gc          ] Allocation Stall (Executor task launch worker for task 12.0 in stage 0.0 (TID 12)) 24.937ms
[105.920s][info][gc          ] Allocation Stall (Executor task launch worker for task 39.0 in stage 0.0 (TID 39)) 24.668ms
[105.920s][info][gc          ] Allocation Stall (Executor task launch worker for task 23.0 in stage 0.0 (TID 23)) 24.466ms
[105.920s][info][gc          ] Allocation Stall (Executor task launch worker for task 31.0 in stage 0.0 (TID 31)) 23.767ms
[105.920s][info][gc          ] Allocation Stall (Executor task launch worker for task 16.0 in stage 0.0 (TID 16)) 23.700ms
[105.920s][info][gc          ] Allocation Stall (Executor task launch worker for task 27.0 in stage 0.0 (TID 27)) 23.454ms
[105.920s][info][gc          ] Allocation Stall (Executor task launch worker for task 18.0 in stage 0.0 (TID 18)) 25.119ms
[105.920s][info][gc          ] Allocation Stall (Executor task launch worker for task 29.0 in stage 0.0 (TID 29)) 22.587ms
[105.920s][info][gc          ] Allocation Stall (Executor task launch worker for task 45.0 in stage 0.0 (TID 45)) 24.500ms
[105.920s][info][gc          ] Allocation Stall (Executor task launch worker for task 3.0 in stage 0.0 (TID 3)) 21.587ms
[105.920s][info][gc          ] Allocation Stall (Executor task launch worker for task 6.0 in stage 0.0 (TID 6)) 21.794ms
[105.920s][info][gc          ] Allocation Stall (Executor task launch worker for task 46.0 in stage 0.0 (TID 46)) 21.488ms
[105.920s][info][gc          ] Allocation Stall (Executor task launch worker for task 44.0 in stage 0.0 (TID 44)) 21.436ms
[105.920s][info][gc          ] Allocation Stall (Executor task launch worker for task 1.0 in stage 0.0 (TID 1)) 23.026ms
[105.920s][info][gc          ] Allocation Stall (Executor task launch worker for task 2.0 in stage 0.0 (TID 2)) 21.421ms
[105.921s][info][gc,phases   ] GC(69) Concurrent Select Relocation Set 3.303ms
[105.922s][info][gc,phases   ] GC(69) Pause Relocate Start 0.007ms
[105.931s][info][gc          ] Allocation Stall (Executor task launch worker for task 22.0 in stage 0.0 (TID 22)) 3.985ms
[105.931s][info][gc          ] Allocation Stall (Executor task launch worker for task 27.0 in stage 0.0 (TID 27)) 4.030ms
[105.931s][info][gc          ] Allocation Stall (Executor task launch worker for task 46.0 in stage 0.0 (TID 46)) 3.936ms
[105.931s][info][gc          ] Allocation Stall (Executor task launch worker for task 30.0 in stage 0.0 (TID 30)) 3.903ms
[105.931s][info][gc          ] Allocation Stall (Executor task launch worker for task 21.0 in stage 0.0 (TID 21)) 4.121ms
[105.931s][info][gc          ] Allocation Stall (Executor task launch worker for task 40.0 in stage 0.0 (TID 40)) 4.169ms
[105.931s][info][gc          ] Allocation Stall (Executor task launch worker for task 44.0 in stage 0.0 (TID 44)) 3.960ms
[105.931s][info][gc          ] Allocation Stall (Executor task launch worker for task 3.0 in stage 0.0 (TID 3)) 4.195ms
[105.931s][info][gc          ] Allocation Stall (Executor task launch worker for task 37.0 in stage 0.0 (TID 37)) 4.144ms
[105.931s][info][gc          ] Allocation Stall (Executor task launch worker for task 38.0 in stage 0.0 (TID 38)) 4.777ms
[105.931s][info][gc          ] Allocation Stall (Executor task launch worker for task 34.0 in stage 0.0 (TID 34)) 4.290ms
[105.931s][info][gc          ] Allocation Stall (Executor task launch worker for task 2.0 in stage 0.0 (TID 2)) 4.237ms
[105.931s][info][gc          ] Allocation Stall (Executor task launch worker for task 32.0 in stage 0.0 (TID 32)) 4.198ms
[105.932s][info][gc          ] Allocation Stall (Executor task launch worker for task 45.0 in stage 0.0 (TID 45)) 3.776ms
[105.932s][info][gc          ] Allocation Stall (Executor task launch worker for task 28.0 in stage 0.0 (TID 28)) 4.995ms
[105.932s][info][gc          ] Allocation Stall (Executor task launch worker for task 25.0 in stage 0.0 (TID 25)) 3.598ms
[105.932s][info][gc          ] Allocation Stall (Executor task launch worker for task 13.0 in stage 0.0 (TID 13)) 4.718ms
[105.932s][info][gc          ] Allocation Stall (Executor task launch worker for task 4.0 in stage 0.0 (TID 4)) 4.630ms
[105.932s][info][gc          ] Allocation Stall (Executor task launch worker for task 10.0 in stage 0.0 (TID 10)) 4.545ms
[105.932s][info][gc          ] Allocation Stall (Executor task launch worker for task 41.0 in stage 0.0 (TID 41)) 4.524ms
[105.932s][info][gc          ] Allocation Stall (Executor task launch worker for task 47.0 in stage 0.0 (TID 47)) 4.300ms
[105.932s][info][gc          ] Allocation Stall (Executor task launch worker for task 1.0 in stage 0.0 (TID 1)) 4.481ms
[105.932s][info][gc          ] Allocation Stall (Executor task launch worker for task 42.0 in stage 0.0 (TID 42)) 4.618ms
[105.932s][info][gc          ] Allocation Stall (Executor task launch worker for task 35.0 in stage 0.0 (TID 35)) 4.266ms
[105.932s][info][gc          ] Allocation Stall (Executor task launch worker for task 8.0 in stage 0.0 (TID 8)) 4.161ms
[105.932s][info][gc          ] Allocation Stall (Executor task launch worker for task 39.0 in stage 0.0 (TID 39)) 4.287ms
[105.932s][info][gc          ] Allocation Stall (Executor task launch worker for task 20.0 in stage 0.0 (TID 20)) 4.026ms
[105.932s][info][gc          ] Allocation Stall (Executor task launch worker for task 18.0 in stage 0.0 (TID 18)) 3.563ms
[105.932s][info][gc          ] Allocation Stall (Executor task launch worker for task 0.0 in stage 0.0 (TID 0)) 4.106ms
[105.932s][info][gc          ] Allocation Stall (Executor task launch worker for task 24.0 in stage 0.0 (TID 24)) 3.969ms
[105.932s][info][gc          ] Allocation Stall (Executor task launch worker for task 36.0 in stage 0.0 (TID 36)) 3.304ms
[105.932s][info][gc          ] Allocation Stall (Executor task launch worker for task 29.0 in stage 0.0 (TID 29)) 3.514ms
[105.932s][info][gc          ] Allocation Stall (Executor task launch worker for task 43.0 in stage 0.0 (TID 43)) 3.636ms
[105.943s][info][gc          ] Relocation Stall (Executor task launch worker for task 23.0 in stage 0.0 (TID 23)) 19.874ms
[105.943s][info][gc          ] Relocation Stall (Executor task launch worker for task 17.0 in stage 0.0 (TID 17)) 12.944ms
[105.988s][info][gc          ] Relocation Stall (Executor task launch worker for task 15.0 in stage 0.0 (TID 15)) 64.491ms
[105.988s][info][gc          ] Relocation Stall (Executor task launch worker for task 6.0 in stage 0.0 (TID 6)) 64.579ms
[105.988s][info][gc          ] Relocation Stall (Executor task launch worker for task 12.0 in stage 0.0 (TID 12)) 64.310ms
[105.988s][info][gc          ] Relocation Stall (Executor task launch worker for task 11.0 in stage 0.0 (TID 11)) 64.486ms
[105.988s][info][gc          ] Relocation Stall (Executor task launch worker for task 7.0 in stage 0.0 (TID 7)) 64.685ms
[105.988s][info][gc          ] Relocation Stall (Executor task launch worker for task 9.0 in stage 0.0 (TID 9)) 64.836ms
[105.988s][info][gc          ] Relocation Stall (Executor task launch worker for task 31.0 in stage 0.0 (TID 31)) 64.318ms
[105.988s][info][gc          ] Relocation Stall (Executor task launch worker for task 26.0 in stage 0.0 (TID 26)) 64.558ms
[105.988s][info][gc          ] Relocation Stall (Executor task launch worker for task 16.0 in stage 0.0 (TID 16)) 64.503ms
[105.988s][info][gc          ] Allocation Stall (Executor task launch worker for task 42.0 in stage 0.0 (TID 42)) 6.327ms
[105.988s][info][gc          ] Allocation Stall (Executor task launch worker for task 21.0 in stage 0.0 (TID 21)) 6.244ms
[105.988s][info][gc          ] Allocation Stall (Executor task launch worker for task 4.0 in stage 0.0 (TID 4)) 6.109ms
[105.988s][info][gc          ] Allocation Stall (Executor task launch worker for task 20.0 in stage 0.0 (TID 20)) 8.551ms
[105.989s][info][gc          ] Allocation Stall (Executor task launch worker for task 2.0 in stage 0.0 (TID 2)) 6.398ms
[105.989s][info][gc          ] Allocation Stall (Executor task launch worker for task 38.0 in stage 0.0 (TID 38)) 6.325ms
[105.989s][info][gc          ] Allocation Stall (Executor task launch worker for task 0.0 in stage 0.0 (TID 0)) 6.337ms
[105.989s][info][gc          ] Allocation Stall (Executor task launch worker for task 41.0 in stage 0.0 (TID 41)) 9.514ms
[105.989s][info][gc          ] Allocation Stall (Executor task launch worker for task 47.0 in stage 0.0 (TID 47)) 6.315ms
[105.989s][info][gc          ] Allocation Stall (Executor task launch worker for task 40.0 in stage 0.0 (TID 40)) 6.249ms
[105.989s][info][gc,phases   ] GC(69) Concurrent Relocate 66.169ms
[105.989s][info][gc          ] Allocation Stall (Executor task launch worker for task 10.0 in stage 0.0 (TID 10)) 9.499ms
[105.989s][info][gc          ] Allocation Stall (Executor task launch worker for task 13.0 in stage 0.0 (TID 13)) 9.246ms
[105.989s][info][gc          ] Allocation Stall (Executor task launch worker for task 39.0 in stage 0.0 (TID 39)) 9.146ms
[105.989s][info][gc          ] Allocation Stall (Executor task launch worker for task 25.0 in stage 0.0 (TID 25)) 8.977ms
[105.989s][info][gc          ] Allocation Stall (Executor task launch worker for task 33.0 in stage 0.0 (TID 33)) 8.927ms
[105.989s][info][gc          ] Allocation Stall (Executor task launch worker for task 24.0 in stage 0.0 (TID 24)) 8.681ms
[105.989s][info][gc          ] Allocation Stall (Executor task launch worker for task 8.0 in stage 0.0 (TID 8)) 8.561ms
[105.989s][info][gc          ] Allocation Stall (Executor task launch worker for task 35.0 in stage 0.0 (TID 35)) 8.498ms
[105.989s][info][gc          ] Allocation Stall (Executor task launch worker for task 27.0 in stage 0.0 (TID 27)) 8.082ms
[105.989s][info][gc          ] Allocation Stall (Executor task launch worker for task 37.0 in stage 0.0 (TID 37)) 8.085ms
[105.989s][info][gc          ] Allocation Stall (Executor task launch worker for task 46.0 in stage 0.0 (TID 46)) 7.894ms
[105.989s][info][gc          ] Allocation Stall (Executor task launch worker for task 23.0 in stage 0.0 (TID 23)) 7.064ms
[105.989s][info][gc          ] Allocation Stall (Executor task launch worker for task 1.0 in stage 0.0 (TID 1)) 7.061ms
[105.989s][info][gc          ] Allocation Stall (Executor task launch worker for task 17.0 in stage 0.0 (TID 17)) 6.944ms
[105.989s][info][gc          ] Allocation Stall (Executor task launch worker for task 36.0 in stage 0.0 (TID 36)) 6.886ms
[105.989s][info][gc          ] Allocation Stall (Executor task launch worker for task 44.0 in stage 0.0 (TID 44)) 6.828ms
[105.989s][info][gc          ] Allocation Stall (Executor task launch worker for task 30.0 in stage 0.0 (TID 30)) 6.840ms
[105.989s][info][gc          ] Allocation Stall (Executor task launch worker for task 34.0 in stage 0.0 (TID 34)) 6.340ms
[105.989s][info][gc          ] Allocation Stall (Executor task launch worker for task 18.0 in stage 0.0 (TID 18)) 6.818ms
[105.989s][info][gc          ] Allocation Stall (Executor task launch worker for task 43.0 in stage 0.0 (TID 43)) 6.814ms
[105.989s][info][gc          ] Allocation Stall (Executor task launch worker for task 28.0 in stage 0.0 (TID 28)) 6.764ms
[105.989s][info][gc          ] Allocation Stall (Executor task launch worker for task 19.0 in stage 0.0 (TID 19)) 6.327ms
[105.989s][info][gc          ] Allocation Stall (Executor task launch worker for task 5.0 in stage 0.0 (TID 5)) 6.747ms
[105.989s][info][gc          ] Allocation Stall (Executor task launch worker for task 14.0 in stage 0.0 (TID 14)) 6.625ms
[105.989s][info][gc          ] Allocation Stall (Executor task launch worker for task 32.0 in stage 0.0 (TID 32)) 6.606ms
[105.989s][info][gc,load     ] GC(69) Load: 0.00/0.00/0.00
[105.990s][info][gc          ] Allocation Stall (Executor task launch worker for task 22.0 in stage 0.0 (TID 22)) 6.649ms
[105.990s][info][gc          ] Allocation Stall (Executor task launch worker for task 45.0 in stage 0.0 (TID 45)) 6.677ms
[105.990s][info][gc,mmu      ] GC(69) MMU: 2ms/94.2%, 5ms/97.7%, 10ms/98.8%, 20ms/99.3%, 50ms/99.7%, 100ms/99.8%
[105.990s][info][gc          ] Allocation Stall (Executor task launch worker for task 29.0 in stage 0.0 (TID 29)) 6.769ms
[105.990s][info][gc          ] Allocation Stall (Executor task launch worker for task 3.0 in stage 0.0 (TID 3)) 5.688ms
[105.990s][info][gc,marking  ] GC(69) Mark: 8 stripe(s), 2 proactive flush(es), 1 terminate flush(es), 0 completion(s), 0 continuation(s) 
[105.990s][info][gc          ] Allocation Stall (Executor task launch worker for task 6.0 in stage 0.0 (TID 6)) 1.805ms
[105.990s][info][gc,marking  ] GC(69) Mark Stack Usage: 32M
[105.990s][info][gc          ] Allocation Stall (Executor task launch worker for task 12.0 in stage 0.0 (TID 12)) 1.852ms
[105.990s][info][gc,nmethod  ] GC(69) NMethods: 2160 registered, 79 unregistered
[105.990s][info][gc          ] Allocation Stall (Executor task launch worker for task 7.0 in stage 0.0 (TID 7)) 1.883ms
[105.990s][info][gc,metaspace] GC(69) Metaspace: 112M used, 124M committed, 1152M reserved
[105.990s][info][gc          ] Allocation Stall (Executor task launch worker for task 15.0 in stage 0.0 (TID 15)) 0.809ms
[105.990s][info][gc,ref      ] GC(69) Soft: 2800 encountered, 274 discovered, 0 enqueued
[105.990s][info][gc          ] Allocation Stall (Executor task launch worker for task 11.0 in stage 0.0 (TID 11)) 0.810ms
[105.990s][info][gc,ref      ] GC(69) Weak: 12964 encountered, 2327 discovered, 0 enqueued
[105.990s][info][gc          ] Allocation Stall (Executor task launch worker for task 31.0 in stage 0.0 (TID 31)) 0.836ms
[105.990s][info][gc,ref      ] GC(69) Final: 62 encountered, 0 discovered, 0 enqueued
[105.990s][info][gc          ] Allocation Stall (Executor task launch worker for task 16.0 in stage 0.0 (TID 16)) 0.881ms
[105.990s][info][gc,ref      ] GC(69) Phantom: 750 encountered, 556 discovered, 0 enqueued
[105.990s][info][gc,reloc    ] GC(69) Small Pages: 125 / 250M, Empty: 110M, Relocated: 3M, In-Place: 0
[105.990s][info][gc,reloc    ] GC(69) Medium Pages: 20 / 640M, Empty: 32M, Relocated: 52M, In-Place: 1
[105.990s][info][gc,reloc    ] GC(69) Large Pages: 14 / 112M, Empty: 0M, Relocated: 0M, In-Place: 0
[105.990s][info][gc,reloc    ] GC(69) Forwarding Usage: 0M
[105.990s][info][gc,heap     ] GC(69) Min Capacity: 8M(1%)
[105.990s][info][gc,heap     ] GC(69) Max Capacity: 1024M(100%)
[105.990s][info][gc,heap     ] GC(69) Soft Max Capacity: 1024M(100%)
[105.990s][info][gc,heap     ] GC(69)                Mark Start          Mark End        Relocate Start      Relocate End           High               Low         
[105.990s][info][gc,heap     ] GC(69)  Capacity:     1024M (100%)       1024M (100%)       1024M (100%)       1024M (100%)       1024M (100%)       1024M (100%)   
[105.990s][info][gc,heap     ] GC(69)      Free:        4M (0%)            0M (0%)          112M (11%)           0M (0%)          142M (14%)           0M (0%)     
[105.990s][info][gc,heap     ] GC(69)      Used:     1020M (100%)       1024M (100%)        912M (89%)        1024M (100%)       1024M (100%)        882M (86%)    
[105.990s][info][gc,heap     ] GC(69)      Live:         -               670M (65%)         670M (65%)         670M (65%)            -                  -          
[105.990s][info][gc,heap     ] GC(69) Allocated:         -                 4M (0%)           34M (3%)          221M (22%)            -                  -          
[105.990s][info][gc,heap     ] GC(69)   Garbage:         -               349M (34%)         207M (20%)         131M (13%)            -                  -          
[105.990s][info][gc,heap     ] GC(69) Reclaimed:         -                  -               142M (14%)         217M (21%)            -                  -          
[105.990s][info][gc          ] GC(69) Garbage Collection (Allocation Stall) 1020M(100%)->1024M(100%)
[105.990s][info][gc,start    ] GC(70) Garbage Collection (Allocation Stall)
[105.990s][info][gc,ref      ] GC(70) Clearing All SoftReferences
[105.990s][info][gc,task     ] GC(70) Using 10 workers
[105.995s][info][gc,ref      ] GC(70) Clearing All SoftReferences
[105.995s][info][gc,phases   ] GC(70) Pause Mark Start 0.019ms
[105.995s][info][gc          ] Allocation Stall (Executor task launch worker for task 20.0 in stage 0.0 (TID 20)) 4.497ms
[105.995s][info][gc          ] Allocation Stall (Executor task launch worker for task 9.0 in stage 0.0 (TID 9)) 5.398ms
[105.995s][info][gc          ] Allocation Stall (Executor task launch worker for task 26.0 in stage 0.0 (TID 26)) 5.395ms
[106.041s][info][gc,phases   ] GC(70) Concurrent Mark 46.768ms
[106.042s][info][gc,phases   ] GC(70) Pause Mark End 0.016ms
[106.042s][info][gc,phases   ] GC(70) Concurrent Mark Free 0.001ms
[106.042s][info][gc,phases   ] GC(70) Concurrent Process Non-Strong References 0.747ms
[106.042s][info][gc,phases   ] GC(70) Concurrent Reset Relocation Set 0.007ms
[106.045s][info][gc          ] Allocation Stall (Executor task launch worker for task 3.0 in stage 0.0 (TID 3)) 18.954ms
[106.045s][info][gc          ] Allocation Stall (Executor task launch worker for task 40.0 in stage 0.0 (TID 40)) 22.092ms
[106.045s][info][gc          ] Allocation Stall (Executor task launch worker for task 9.0 in stage 0.0 (TID 9)) 21.569ms
[106.045s][info][gc          ] Allocation Stall (Executor task launch worker for task 21.0 in stage 0.0 (TID 21)) 21.043ms
[106.045s][info][gc          ] Allocation Stall (Executor task launch worker for task 4.0 in stage 0.0 (TID 4)) 26.883ms
[106.045s][info][gc          ] Allocation Stall (Executor task launch worker for task 18.0 in stage 0.0 (TID 18)) 21.343ms
[106.045s][info][gc          ] Allocation Stall (Executor task launch worker for task 2.0 in stage 0.0 (TID 2)) 21.226ms
[106.045s][info][gc          ] Allocation Stall (Executor task launch worker for task 27.0 in stage 0.0 (TID 27)) 14.435ms
[106.045s][info][gc          ] Allocation Stall (Executor task launch worker for task 28.0 in stage 0.0 (TID 28)) 22.270ms
[106.045s][info][gc          ] Allocation Stall (Executor task launch worker for task 41.0 in stage 0.0 (TID 41)) 22.323ms
[106.045s][info][gc          ] Allocation Stall (Executor task launch worker for task 1.0 in stage 0.0 (TID 1)) 21.487ms
[106.045s][info][gc          ] Allocation Stall (Executor task launch worker for task 30.0 in stage 0.0 (TID 30)) 21.996ms
[106.045s][info][gc          ] Allocation Stall (Executor task launch worker for task 38.0 in stage 0.0 (TID 38)) 21.881ms
[106.045s][info][gc          ] Allocation Stall (Executor task launch worker for task 17.0 in stage 0.0 (TID 17)) 21.603ms
[106.045s][info][gc          ] Allocation Stall (Executor task launch worker for task 47.0 in stage 0.0 (TID 47)) 22.682ms
[106.045s][info][gc          ] Allocation Stall (Executor task launch worker for task 7.0 in stage 0.0 (TID 7)) 21.728ms
[106.045s][info][gc          ] Allocation Stall (Executor task launch worker for task 23.0 in stage 0.0 (TID 23)) 22.139ms
[106.045s][info][gc          ] Allocation Stall (Executor task launch worker for task 20.0 in stage 0.0 (TID 20)) 22.669ms
[106.045s][info][gc          ] Allocation Stall (Executor task launch worker for task 0.0 in stage 0.0 (TID 0)) 22.513ms
[106.045s][info][gc          ] Allocation Stall (Executor task launch worker for task 31.0 in stage 0.0 (TID 31)) 22.780ms
[106.045s][info][gc          ] Allocation Stall (Executor task launch worker for task 24.0 in stage 0.0 (TID 24)) 21.458ms
[106.045s][info][gc          ] Allocation Stall (Executor task launch worker for task 37.0 in stage 0.0 (TID 37)) 21.204ms
[106.045s][info][gc          ] Allocation Stall (Executor task launch worker for task 22.0 in stage 0.0 (TID 22)) 23.860ms
[106.045s][info][gc          ] Allocation Stall (Executor task launch worker for task 45.0 in stage 0.0 (TID 45)) 25.182ms
[106.045s][info][gc          ] Allocation Stall (Executor task launch worker for task 32.0 in stage 0.0 (TID 32)) 21.205ms
[106.045s][info][gc          ] Allocation Stall (Executor task launch worker for task 12.0 in stage 0.0 (TID 12)) 23.961ms
[106.045s][info][gc          ] Allocation Stall (Executor task launch worker for task 16.0 in stage 0.0 (TID 16)) 22.082ms
[106.045s][info][gc          ] Allocation Stall (Executor task launch worker for task 13.0 in stage 0.0 (TID 13)) 26.402ms
[106.045s][info][gc          ] Allocation Stall (Executor task launch worker for task 11.0 in stage 0.0 (TID 11)) 26.705ms
[106.045s][info][gc          ] Allocation Stall (Executor task launch worker for task 33.0 in stage 0.0 (TID 33)) 26.247ms
[106.045s][info][gc          ] Allocation Stall (Executor task launch worker for task 15.0 in stage 0.0 (TID 15)) 21.183ms
[106.045s][info][gc          ] Allocation Stall (Executor task launch worker for task 35.0 in stage 0.0 (TID 35)) 24.508ms
[106.045s][info][gc          ] Allocation Stall (Executor task launch worker for task 43.0 in stage 0.0 (TID 43)) 21.182ms
[106.045s][info][gc          ] Allocation Stall (Executor task launch worker for task 39.0 in stage 0.0 (TID 39)) 22.668ms
[106.045s][info][gc          ] Allocation Stall (Executor task launch worker for task 34.0 in stage 0.0 (TID 34)) 26.482ms
[106.045s][info][gc          ] Allocation Stall (Executor task launch worker for task 42.0 in stage 0.0 (TID 42)) 26.893ms
[106.045s][info][gc          ] Allocation Stall (Executor task launch worker for task 10.0 in stage 0.0 (TID 10)) 26.468ms
[106.045s][info][gc          ] Allocation Stall (Executor task launch worker for task 46.0 in stage 0.0 (TID 46)) 25.815ms
[106.045s][info][gc          ] Allocation Stall (Executor task launch worker for task 44.0 in stage 0.0 (TID 44)) 26.192ms
[106.045s][info][gc          ] Allocation Stall (Executor task launch worker for task 5.0 in stage 0.0 (TID 5)) 21.560ms
[106.045s][info][gc          ] Allocation Stall (Executor task launch worker for task 25.0 in stage 0.0 (TID 25)) 21.219ms
[106.045s][info][gc          ] Allocation Stall (Executor task launch worker for task 26.0 in stage 0.0 (TID 26)) 25.157ms
[106.045s][info][gc          ] Allocation Stall (Executor task launch worker for task 36.0 in stage 0.0 (TID 36)) 21.505ms
[106.045s][info][gc          ] Allocation Stall (Executor task launch worker for task 6.0 in stage 0.0 (TID 6)) 23.987ms
[106.045s][info][gc          ] Allocation Stall (Executor task launch worker for task 14.0 in stage 0.0 (TID 14)) 25.881ms
[106.045s][info][gc          ] Allocation Stall (Executor task launch worker for task 8.0 in stage 0.0 (TID 8)) 25.690ms
[106.045s][info][gc          ] Allocation Stall (Executor task launch worker for task 29.0 in stage 0.0 (TID 29)) 21.913ms
[106.045s][info][gc          ] Allocation Stall (Executor task launch worker for task 19.0 in stage 0.0 (TID 19)) 22.149ms
[106.046s][info][gc,phases   ] GC(70) Concurrent Select Relocation Set 3.902ms
[106.047s][info][gc,phases   ] GC(70) Pause Relocate Start 0.005ms
[106.052s][info][gc          ] Allocation Stall (Executor task launch worker for task 28.0 in stage 0.0 (TID 28)) 1.611ms
[106.056s][info][gc          ] Allocation Stall (Executor task launch worker for task 41.0 in stage 0.0 (TID 41)) 3.908ms
[106.056s][info][gc          ] Allocation Stall (Executor task launch worker for task 42.0 in stage 0.0 (TID 42)) 3.886ms
[106.056s][info][gc          ] Allocation Stall (Executor task launch worker for task 21.0 in stage 0.0 (TID 21)) 4.722ms
[106.056s][info][gc          ] Allocation Stall (Executor task launch worker for task 35.0 in stage 0.0 (TID 35)) 4.031ms
[106.056s][info][gc          ] Allocation Stall (Executor task launch worker for task 39.0 in stage 0.0 (TID 39)) 4.804ms
[106.056s][info][gc          ] Allocation Stall (Executor task launch worker for task 15.0 in stage 0.0 (TID 15)) 3.850ms
[106.056s][info][gc          ] Allocation Stall (Executor task launch worker for task 25.0 in stage 0.0 (TID 25)) 4.490ms
[106.056s][info][gc          ] Allocation Stall (Executor task launch worker for task 22.0 in stage 0.0 (TID 22)) 4.778ms
[106.056s][info][gc          ] Allocation Stall (Executor task launch worker for task 44.0 in stage 0.0 (TID 44)) 4.898ms
[106.056s][info][gc          ] Allocation Stall (Executor task launch worker for task 32.0 in stage 0.0 (TID 32)) 4.946ms
[106.056s][info][gc          ] Allocation Stall (Executor task launch worker for task 29.0 in stage 0.0 (TID 29)) 4.674ms
[106.056s][info][gc          ] Allocation Stall (Executor task launch worker for task 40.0 in stage 0.0 (TID 40)) 4.847ms
[106.056s][info][gc          ] Allocation Stall (Executor task launch worker for task 7.0 in stage 0.0 (TID 7)) 4.296ms
[106.056s][info][gc          ] Allocation Stall (Executor task launch worker for task 19.0 in stage 0.0 (TID 19)) 4.844ms
[106.056s][info][gc          ] Allocation Stall (Executor task launch worker for task 45.0 in stage 0.0 (TID 45)) 4.939ms
[106.056s][info][gc          ] Allocation Stall (Executor task launch worker for task 36.0 in stage 0.0 (TID 36)) 3.627ms
[106.056s][info][gc          ] Allocation Stall (Executor task launch worker for task 47.0 in stage 0.0 (TID 47)) 4.252ms
[106.057s][info][gc          ] Allocation Stall (Executor task launch worker for task 34.0 in stage 0.0 (TID 34)) 4.212ms
[106.057s][info][gc          ] Allocation Stall (Executor task launch worker for task 17.0 in stage 0.0 (TID 17)) 4.267ms
[106.057s][info][gc          ] Allocation Stall (Executor task launch worker for task 5.0 in stage 0.0 (TID 5)) 4.308ms
[106.057s][info][gc          ] Allocation Stall (Executor task launch worker for task 18.0 in stage 0.0 (TID 18)) 4.136ms
[106.057s][info][gc          ] Allocation Stall (Executor task launch worker for task 20.0 in stage 0.0 (TID 20)) 3.969ms
[106.057s][info][gc          ] Allocation Stall (Executor task launch worker for task 38.0 in stage 0.0 (TID 38)) 3.995ms
[106.057s][info][gc          ] Allocation Stall (Executor task launch worker for task 28.0 in stage 0.0 (TID 28)) 4.404ms
[106.057s][info][gc          ] Allocation Stall (Executor task launch worker for task 8.0 in stage 0.0 (TID 8)) 4.390ms
[106.057s][info][gc          ] Allocation Stall (Executor task launch worker for task 13.0 in stage 0.0 (TID 13)) 4.340ms
[106.057s][info][gc          ] Allocation Stall (Executor task launch worker for task 4.0 in stage 0.0 (TID 4)) 3.865ms
[106.057s][info][gc          ] Allocation Stall (Executor task launch worker for task 31.0 in stage 0.0 (TID 31)) 3.880ms
[106.057s][info][gc          ] Allocation Stall (Executor task launch worker for task 1.0 in stage 0.0 (TID 1)) 3.410ms
[106.057s][info][gc          ] Allocation Stall (Executor task launch worker for task 6.0 in stage 0.0 (TID 6)) 3.391ms
[106.057s][info][gc          ] Allocation Stall (Executor task launch worker for task 23.0 in stage 0.0 (TID 23)) 3.292ms
[106.057s][info][gc          ] Allocation Stall (Executor task launch worker for task 27.0 in stage 0.0 (TID 27)) 3.306ms
[106.058s][info][gc          ] Allocation Stall (Executor task launch worker for task 14.0 in stage 0.0 (TID 14)) 3.284ms
[106.058s][info][gc          ] Allocation Stall (Executor task launch worker for task 24.0 in stage 0.0 (TID 24)) 3.309ms
[106.058s][info][gc          ] Allocation Stall (Executor task launch worker for task 30.0 in stage 0.0 (TID 30)) 3.332ms
[106.058s][info][gc          ] Allocation Stall (Executor task launch worker for task 3.0 in stage 0.0 (TID 3)) 3.353ms
[106.058s][info][gc          ] Allocation Stall (Executor task launch worker for task 43.0 in stage 0.0 (TID 43)) 3.346ms
[106.058s][info][gc          ] Allocation Stall (Executor task launch worker for task 37.0 in stage 0.0 (TID 37)) 3.421ms
[106.075s][info][gc          ] Relocation Stall (Executor task launch worker for task 33.0 in stage 0.0 (TID 33)) 27.113ms
[106.087s][info][gc          ] Allocation Stall (Executor task launch worker for task 15.0 in stage 0.0 (TID 15)) 0.862ms
[106.087s][info][gc          ] Allocation Stall (Executor task launch worker for task 3.0 in stage 0.0 (TID 3)) 0.523ms
[106.087s][info][gc          ] Allocation Stall (Executor task launch worker for task 30.0 in stage 0.0 (TID 30)) 0.568ms
[106.094s][info][gc          ] Allocation Stall (Executor task launch worker for task 13.0 in stage 0.0 (TID 13)) 7.016ms
[106.094s][info][gc          ] Allocation Stall (Executor task launch worker for task 21.0 in stage 0.0 (TID 21)) 7.048ms
[106.094s][info][gc          ] Allocation Stall (Executor task launch worker for task 35.0 in stage 0.0 (TID 35)) 7.086ms
[106.094s][info][gc          ] Allocation Stall (Executor task launch worker for task 18.0 in stage 0.0 (TID 18)) 7.077ms
[106.094s][info][gc          ] Allocation Stall (Executor task launch worker for task 37.0 in stage 0.0 (TID 37)) 7.125ms
[106.094s][info][gc          ] Allocation Stall (Executor task launch worker for task 32.0 in stage 0.0 (TID 32)) 6.709ms
[106.094s][info][gc          ] Allocation Stall (Executor task launch worker for task 8.0 in stage 0.0 (TID 8)) 4.643ms
[106.094s][info][gc          ] Allocation Stall (Executor task launch worker for task 39.0 in stage 0.0 (TID 39)) 4.433ms
[106.094s][info][gc          ] Allocation Stall (Executor task launch worker for task 44.0 in stage 0.0 (TID 44)) 4.364ms
[106.094s][info][gc          ] Allocation Stall (Executor task launch worker for task 14.0 in stage 0.0 (TID 14)) 4.186ms
[106.094s][info][gc          ] Allocation Stall (Executor task launch worker for task 27.0 in stage 0.0 (TID 27)) 4.086ms
[106.094s][info][gc          ] Allocation Stall (Executor task launch worker for task 24.0 in stage 0.0 (TID 24)) 4.044ms
[106.094s][info][gc          ] Allocation Stall (Executor task launch worker for task 7.0 in stage 0.0 (TID 7)) 3.809ms
[106.094s][info][gc          ] Allocation Stall (Executor task launch worker for task 42.0 in stage 0.0 (TID 42)) 3.486ms
[106.094s][info][gc          ] Allocation Stall (Executor task launch worker for task 40.0 in stage 0.0 (TID 40)) 3.200ms
[106.094s][info][gc          ] Allocation Stall (Executor task launch worker for task 10.0 in stage 0.0 (TID 10)) 2.783ms
[106.094s][info][gc          ] Allocation Stall (Executor task launch worker for task 25.0 in stage 0.0 (TID 25)) 2.720ms
[106.094s][info][gc          ] Allocation Stall (Executor task launch worker for task 41.0 in stage 0.0 (TID 41)) 2.159ms
[106.094s][info][gc          ] Allocation Stall (Executor task launch worker for task 31.0 in stage 0.0 (TID 31)) 2.120ms
[106.094s][info][gc          ] Allocation Stall (Executor task launch worker for task 34.0 in stage 0.0 (TID 34)) 1.757ms
[106.094s][info][gc          ] Allocation Stall (Executor task launch worker for task 19.0 in stage 0.0 (TID 19)) 1.717ms
[106.095s][info][gc          ] Allocation Stall (Executor task launch worker for task 30.0 in stage 0.0 (TID 30)) 1.779ms
[106.095s][info][gc          ] Allocation Stall (Executor task launch worker for task 36.0 in stage 0.0 (TID 36)) 1.833ms
[106.095s][info][gc          ] Allocation Stall (Executor task launch worker for task 28.0 in stage 0.0 (TID 28)) 1.877ms
[106.095s][info][gc          ] Allocation Stall (Executor task launch worker for task 29.0 in stage 0.0 (TID 29)) 1.909ms
[106.095s][info][gc          ] Allocation Stall (Executor task launch worker for task 47.0 in stage 0.0 (TID 47)) 1.927ms
[106.107s][info][gc          ] Relocation Stall (Executor task launch worker for task 26.0 in stage 0.0 (TID 26)) 58.533ms
[106.107s][info][gc          ] Relocation Stall (Executor task launch worker for task 12.0 in stage 0.0 (TID 12)) 58.954ms
[106.107s][info][gc          ] Relocation Stall (Executor task launch worker for task 9.0 in stage 0.0 (TID 9)) 59.028ms
[106.111s][info][gc          ] Relocation Stall (Executor task launch worker for task 2.0 in stage 0.0 (TID 2)) 63.272ms
[106.111s][info][gc          ] Relocation Stall (Executor task launch worker for task 0.0 in stage 0.0 (TID 0)) 63.462ms
[106.111s][info][gc          ] Relocation Stall (Executor task launch worker for task 46.0 in stage 0.0 (TID 46)) 63.613ms
[106.111s][info][gc          ] Allocation Stall (Executor task launch worker for task 32.0 in stage 0.0 (TID 32)) 10.032ms
[106.111s][info][gc          ] Allocation Stall (Executor task launch worker for task 37.0 in stage 0.0 (TID 37)) 10.118ms
[106.111s][info][gc          ] Allocation Stall (Executor task launch worker for task 13.0 in stage 0.0 (TID 13)) 10.559ms
[106.111s][info][gc          ] Allocation Stall (Executor task launch worker for task 44.0 in stage 0.0 (TID 44)) 9.786ms
[106.111s][info][gc          ] Allocation Stall (Executor task launch worker for task 18.0 in stage 0.0 (TID 18)) 10.033ms
[106.111s][info][gc          ] Allocation Stall (Executor task launch worker for task 35.0 in stage 0.0 (TID 35)) 10.221ms
[106.111s][info][gc          ] Allocation Stall (Executor task launch worker for task 39.0 in stage 0.0 (TID 39)) 9.880ms
[106.111s][info][gc          ] Allocation Stall (Executor task launch worker for task 8.0 in stage 0.0 (TID 8)) 10.399ms
[106.111s][info][gc          ] Allocation Stall (Executor task launch worker for task 21.0 in stage 0.0 (TID 21)) 10.553ms
[106.111s][info][gc          ] Allocation Stall (Executor task launch worker for task 22.0 in stage 0.0 (TID 22)) 9.925ms
[106.111s][info][gc          ] Allocation Stall (Executor task launch worker for task 42.0 in stage 0.0 (TID 42)) 9.565ms
[106.111s][info][gc          ] Allocation Stall (Executor task launch worker for task 43.0 in stage 0.0 (TID 43)) 11.415ms
[106.111s][info][gc          ] Allocation Stall (Executor task launch worker for task 11.0 in stage 0.0 (TID 11)) 10.909ms
[106.111s][info][gc          ] Allocation Stall (Executor task launch worker for task 16.0 in stage 0.0 (TID 16)) 10.222ms
[106.111s][info][gc,phases   ] GC(70) Concurrent Relocate 63.871ms
[106.111s][info][gc          ] Allocation Stall (Executor task launch worker for task 14.0 in stage 0.0 (TID 14)) 9.777ms
[106.111s][info][gc          ] Allocation Stall (Executor task launch worker for task 38.0 in stage 0.0 (TID 38)) 10.316ms
[106.112s][info][gc,load     ] GC(70) Load: 0.00/0.00/0.00
[106.112s][info][gc          ] Allocation Stall (Executor task launch worker for task 31.0 in stage 0.0 (TID 31)) 9.374ms
[106.112s][info][gc,mmu      ] GC(70) MMU: 2ms/94.2%, 5ms/97.7%, 10ms/98.8%, 20ms/99.3%, 50ms/99.7%, 100ms/99.8%
[106.112s][info][gc          ] Allocation Stall (Executor task launch worker for task 24.0 in stage 0.0 (TID 24)) 9.404ms
[106.112s][info][gc,marking  ] GC(70) Mark: 8 stripe(s), 2 proactive flush(es), 1 terminate flush(es), 0 completion(s), 0 continuation(s) 
[106.112s][info][gc          ] Allocation Stall (Executor task launch worker for task 27.0 in stage 0.0 (TID 27)) 9.357ms
[106.112s][info][gc,marking  ] GC(70) Mark Stack Usage: 32M
[106.112s][info][gc          ] Allocation Stall (Executor task launch worker for task 33.0 in stage 0.0 (TID 33)) 9.370ms
[106.112s][info][gc,nmethod  ] GC(70) NMethods: 2160 registered, 79 unregistered
[106.112s][info][gc          ] Allocation Stall (Executor task launch worker for task 45.0 in stage 0.0 (TID 45)) 9.392ms
[106.112s][info][gc,metaspace] GC(70) Metaspace: 112M used, 124M committed, 1152M reserved
[106.112s][info][gc          ] Allocation Stall (Executor task launch worker for task 25.0 in stage 0.0 (TID 25)) 9.387ms
[106.112s][info][gc,ref      ] GC(70) Soft: 2800 encountered, 757 discovered, 0 enqueued
[106.112s][info][gc,ref      ] GC(70) Weak: 12965 encountered, 1553 discovered, 0 enqueued
[106.112s][info][gc          ] Allocation Stall (Executor task launch worker for task 40.0 in stage 0.0 (TID 40)) 9.363ms
[106.112s][info][gc,ref      ] GC(70) Final: 62 encountered, 0 discovered, 0 enqueued
[106.112s][info][gc,ref      ] GC(70) Phantom: 750 encountered, 496 discovered, 0 enqueued
[106.112s][info][gc,reloc    ] GC(70) Small Pages: 114 / 228M, Empty: 96M, Relocated: 4M, In-Place: 0
[106.112s][info][gc,reloc    ] GC(70) Medium Pages: 19 / 608M, Empty: 0M, Relocated: 49M, In-Place: 2
[106.112s][info][gc,reloc    ] GC(70) Large Pages: 17 / 136M, Empty: 8M, Relocated: 0M, In-Place: 0
[106.112s][info][gc,reloc    ] GC(70) Forwarding Usage: 0M
[106.112s][info][gc,heap     ] GC(70) Min Capacity: 8M(1%)
[106.112s][info][gc,heap     ] GC(70) Max Capacity: 1024M(100%)
[106.112s][info][gc,heap     ] GC(70) Soft Max Capacity: 1024M(100%)
[106.112s][info][gc,heap     ] GC(70)                Mark Start          Mark End        Relocate Start      Relocate End           High               Low         
[106.112s][info][gc,heap     ] GC(70)  Capacity:     1024M (100%)       1024M (100%)       1024M (100%)       1024M (100%)       1024M (100%)       1024M (100%)   
[106.112s][info][gc,heap     ] GC(70)      Free:       46M (4%)            0M (0%)           84M (8%)            0M (0%)          104M (10%)           0M (0%)     
[106.112s][info][gc,heap     ] GC(70)      Used:      978M (96%)        1024M (100%)        940M (92%)        1024M (100%)       1024M (100%)        920M (90%)    
[106.112s][info][gc,heap     ] GC(70)      Live:         -               679M (66%)         679M (66%)         679M (66%)            -                  -          
[106.112s][info][gc,heap     ] GC(70) Allocated:         -                46M (4%)           66M (6%)          222M (22%)            -                  -          
[106.112s][info][gc,heap     ] GC(70)   Garbage:         -               298M (29%)         194M (19%)         121M (12%)            -                  -          
[106.112s][info][gc,heap     ] GC(70) Reclaimed:         -                  -               104M (10%)         176M (17%)            -                  -          
[106.112s][info][gc          ] GC(70) Garbage Collection (Allocation Stall) 978M(96%)->1024M(100%)
[106.112s][info][gc,start    ] GC(71) Garbage Collection (Allocation Stall)
[106.112s][info][gc,ref      ] GC(71) Clearing All SoftReferences
[106.112s][info][gc,task     ] GC(71) Using 10 workers
[106.119s][info][gc,ref      ] GC(71) Clearing All SoftReferences
[106.120s][info][gc,phases   ] GC(71) Pause Mark Start 0.040ms
[106.120s][info][gc          ] Allocation Stall (Executor task launch worker for task 34.0 in stage 0.0 (TID 34)) 16.631ms
[106.120s][info][gc          ] Allocation Stall (Executor task launch worker for task 19.0 in stage 0.0 (TID 19)) 16.495ms
[106.120s][info][gc          ] Allocation Stall (Executor task launch worker for task 29.0 in stage 0.0 (TID 29)) 16.210ms
[106.120s][info][gc          ] Allocation Stall (Executor task launch worker for task 15.0 in stage 0.0 (TID 15)) 16.593ms
[106.120s][info][gc          ] Allocation Stall (Executor task launch worker for task 10.0 in stage 0.0 (TID 10)) 16.735ms
[106.120s][info][gc          ] Allocation Stall (Executor task launch worker for task 30.0 in stage 0.0 (TID 30)) 16.154ms
[106.120s][info][gc          ] Allocation Stall (Executor task launch worker for task 36.0 in stage 0.0 (TID 36)) 16.511ms
[106.120s][info][gc          ] Allocation Stall (Executor task launch worker for task 47.0 in stage 0.0 (TID 47)) 16.203ms
[106.120s][info][gc          ] Allocation Stall (Executor task launch worker for task 41.0 in stage 0.0 (TID 41)) 16.618ms
[106.120s][info][gc          ] Allocation Stall (Executor task launch worker for task 28.0 in stage 0.0 (TID 28)) 16.188ms
[106.120s][info][gc          ] Allocation Stall (Executor task launch worker for task 23.0 in stage 0.0 (TID 23)) 15.980ms
[106.120s][info][gc          ] Allocation Stall (Executor task launch worker for task 3.0 in stage 0.0 (TID 3)) 16.465ms
[106.120s][info][gc          ] Allocation Stall (Executor task launch worker for task 7.0 in stage 0.0 (TID 7)) 15.975ms
[106.120s][info][gc          ] Allocation Stall (Executor task launch worker for task 5.0 in stage 0.0 (TID 5)) 16.024ms
[106.120s][info][gc          ] Allocation Stall (Executor task launch worker for task 1.0 in stage 0.0 (TID 1)) 15.970ms
[106.120s][info][gc          ] Allocation Stall (Executor task launch worker for task 17.0 in stage 0.0 (TID 17)) 16.005ms
[106.120s][info][gc          ] Allocation Stall (Executor task launch worker for task 6.0 in stage 0.0 (TID 6)) 15.927ms
[106.120s][info][gc          ] Allocation Stall (Executor task launch worker for task 26.0 in stage 0.0 (TID 26)) 13.209ms
[106.120s][info][gc          ] Allocation Stall (Executor task launch worker for task 12.0 in stage 0.0 (TID 12)) 13.247ms
[106.120s][info][gc          ] Allocation Stall (Executor task launch worker for task 9.0 in stage 0.0 (TID 9)) 13.046ms
[106.120s][info][gc          ] Allocation Stall (Executor task launch worker for task 4.0 in stage 0.0 (TID 4)) 11.637ms
[106.120s][info][gc          ] Allocation Stall (Executor task launch worker for task 0.0 in stage 0.0 (TID 0)) 8.722ms
[106.120s][info][gc          ] Allocation Stall (Executor task launch worker for task 46.0 in stage 0.0 (TID 46)) 8.644ms
[106.120s][info][gc          ] Allocation Stall (Executor task launch worker for task 2.0 in stage 0.0 (TID 2)) 8.586ms
[106.120s][info][gc          ] Allocation Stall (Executor task launch worker for task 31.0 in stage 0.0 (TID 31)) 0.637ms
[106.120s][info][gc          ] Allocation Stall (Executor task launch worker for task 24.0 in stage 0.0 (TID 24)) 0.673ms
[106.120s][info][gc          ] Allocation Stall (Executor task launch worker for task 27.0 in stage 0.0 (TID 27)) 0.723ms
[106.120s][info][gc          ] Allocation Stall (Executor task launch worker for task 25.0 in stage 0.0 (TID 25)) 0.767ms
[106.120s][info][gc          ] Allocation Stall (Executor task launch worker for task 32.0 in stage 0.0 (TID 32)) 0.809ms
[106.120s][info][gc          ] Allocation Stall (Executor task launch worker for task 40.0 in stage 0.0 (TID 40)) 0.844ms
[106.121s][info][gc          ] Allocation Stall (Executor task launch worker for task 37.0 in stage 0.0 (TID 37)) 0.926ms
[106.121s][info][gc          ] Allocation Stall (Executor task launch worker for task 11.0 in stage 0.0 (TID 11)) 0.966ms
[106.121s][info][gc          ] Allocation Stall (Executor task launch worker for task 20.0 in stage 0.0 (TID 20)) 0.990ms
[106.121s][info][gc          ] Allocation Stall (Executor task launch worker for task 38.0 in stage 0.0 (TID 38)) 0.978ms
[106.121s][info][gc          ] Allocation Stall (Executor task launch worker for task 39.0 in stage 0.0 (TID 39)) 1.015ms
[106.121s][info][gc          ] Allocation Stall (Executor task launch worker for task 22.0 in stage 0.0 (TID 22)) 1.044ms
[106.166s][info][gc,phases   ] GC(71) Concurrent Mark 46.734ms
[106.167s][info][gc,phases   ] GC(71) Pause Mark End 0.022ms
[106.167s][info][gc,phases   ] GC(71) Concurrent Mark Free 0.001ms
[106.168s][info][gc,phases   ] GC(71) Concurrent Process Non-Strong References 1.107ms
[106.168s][info][gc,phases   ] GC(71) Concurrent Reset Relocation Set 0.006ms
[106.171s][info][gc          ] Allocation Stall (Executor task launch worker for task 4.0 in stage 0.0 (TID 4)) 35.068ms
[106.171s][info][gc          ] Allocation Stall (Executor task launch worker for task 14.0 in stage 0.0 (TID 14)) 34.131ms
[106.171s][info][gc          ] Allocation Stall (Executor task launch worker for task 7.0 in stage 0.0 (TID 7)) 34.456ms
[106.171s][info][gc          ] Allocation Stall (Executor task launch worker for task 39.0 in stage 0.0 (TID 39)) 35.070ms
[106.171s][info][gc          ] Allocation Stall (Executor task launch worker for task 27.0 in stage 0.0 (TID 27)) 35.280ms
[106.171s][info][gc          ] Allocation Stall (Executor task launch worker for task 8.0 in stage 0.0 (TID 8)) 34.546ms
[106.171s][info][gc          ] Allocation Stall (Executor task launch worker for task 29.0 in stage 0.0 (TID 29)) 36.009ms
[106.171s][info][gc          ] Allocation Stall (Executor task launch worker for task 6.0 in stage 0.0 (TID 6)) 34.308ms
[106.171s][info][gc          ] Allocation Stall (Executor task launch worker for task 32.0 in stage 0.0 (TID 32)) 34.429ms
[106.171s][info][gc          ] Allocation Stall (Executor task launch worker for task 0.0 in stage 0.0 (TID 0)) 34.730ms
[106.171s][info][gc          ] Allocation Stall (Executor task launch worker for task 40.0 in stage 0.0 (TID 40)) 35.517ms
[106.171s][info][gc          ] Allocation Stall (Executor task launch worker for task 1.0 in stage 0.0 (TID 1)) 35.536ms
[106.171s][info][gc          ] Allocation Stall (Executor task launch worker for task 5.0 in stage 0.0 (TID 5)) 35.238ms
[106.171s][info][gc          ] Allocation Stall (Executor task launch worker for task 3.0 in stage 0.0 (TID 3)) 34.790ms
[106.171s][info][gc          ] Allocation Stall (Executor task launch worker for task 17.0 in stage 0.0 (TID 17)) 35.083ms
[106.171s][info][gc          ] Allocation Stall (Executor task launch worker for task 45.0 in stage 0.0 (TID 45)) 35.171ms
[106.171s][info][gc          ] Allocation Stall (Executor task launch worker for task 31.0 in stage 0.0 (TID 31)) 35.151ms
[106.171s][info][gc          ] Allocation Stall (Executor task launch worker for task 42.0 in stage 0.0 (TID 42)) 35.395ms
[106.171s][info][gc          ] Allocation Stall (Executor task launch worker for task 38.0 in stage 0.0 (TID 38)) 34.855ms
[106.171s][info][gc          ] Allocation Stall (Executor task launch worker for task 15.0 in stage 0.0 (TID 15)) 37.183ms
[106.171s][info][gc          ] Allocation Stall (Executor task launch worker for task 35.0 in stage 0.0 (TID 35)) 35.170ms
[106.171s][info][gc          ] Allocation Stall (Executor task launch worker for task 47.0 in stage 0.0 (TID 47)) 34.898ms
[106.171s][info][gc          ] Allocation Stall (Executor task launch worker for task 12.0 in stage 0.0 (TID 12)) 35.476ms
[106.171s][info][gc          ] Allocation Stall (Executor task launch worker for task 33.0 in stage 0.0 (TID 33)) 34.189ms
[106.171s][info][gc          ] Allocation Stall (Executor task launch worker for task 37.0 in stage 0.0 (TID 37)) 35.324ms
[106.171s][info][gc          ] Allocation Stall (Executor task launch worker for task 46.0 in stage 0.0 (TID 46)) 35.593ms
[106.171s][info][gc          ] Allocation Stall (Executor task launch worker for task 36.0 in stage 0.0 (TID 36)) 34.183ms
[106.171s][info][gc          ] Allocation Stall (Executor task launch worker for task 34.0 in stage 0.0 (TID 34)) 35.396ms
[106.171s][info][gc          ] Allocation Stall (Executor task launch worker for task 9.0 in stage 0.0 (TID 9)) 37.116ms
[106.171s][info][gc          ] Allocation Stall (Executor task launch worker for task 41.0 in stage 0.0 (TID 41)) 37.177ms
[106.171s][info][gc          ] Allocation Stall (Executor task launch worker for task 24.0 in stage 0.0 (TID 24)) 34.778ms
[106.171s][info][gc          ] Allocation Stall (Executor task launch worker for task 28.0 in stage 0.0 (TID 28)) 37.119ms
[106.171s][info][gc          ] Allocation Stall (Executor task launch worker for task 18.0 in stage 0.0 (TID 18)) 35.800ms
[106.171s][info][gc          ] Allocation Stall (Executor task launch worker for task 11.0 in stage 0.0 (TID 11)) 35.646ms
[106.171s][info][gc          ] Allocation Stall (Executor task launch worker for task 13.0 in stage 0.0 (TID 13)) 35.616ms
[106.171s][info][gc          ] Allocation Stall (Executor task launch worker for task 30.0 in stage 0.0 (TID 30)) 36.631ms
[106.171s][info][gc          ] Allocation Stall (Executor task launch worker for task 20.0 in stage 0.0 (TID 20)) 35.753ms
[106.171s][info][gc          ] Allocation Stall (Executor task launch worker for task 19.0 in stage 0.0 (TID 19)) 35.865ms
[106.171s][info][gc          ] Allocation Stall (Executor task launch worker for task 26.0 in stage 0.0 (TID 26)) 35.916ms
[106.171s][info][gc          ] Allocation Stall (Executor task launch worker for task 10.0 in stage 0.0 (TID 10)) 36.066ms
[106.171s][info][gc          ] Allocation Stall (Executor task launch worker for task 21.0 in stage 0.0 (TID 21)) 36.003ms
[106.171s][info][gc          ] Allocation Stall (Executor task launch worker for task 22.0 in stage 0.0 (TID 22)) 36.179ms
[106.171s][info][gc          ] Allocation Stall (Executor task launch worker for task 16.0 in stage 0.0 (TID 16)) 36.501ms
[106.171s][info][gc          ] Allocation Stall (Executor task launch worker for task 2.0 in stage 0.0 (TID 2)) 36.246ms
[106.171s][info][gc          ] Allocation Stall (Executor task launch worker for task 44.0 in stage 0.0 (TID 44)) 36.600ms
[106.171s][info][gc          ] Allocation Stall (Executor task launch worker for task 23.0 in stage 0.0 (TID 23)) 42.395ms
[106.171s][info][gc          ] Allocation Stall (Executor task launch worker for task 25.0 in stage 0.0 (TID 25)) 36.937ms
[106.171s][info][gc          ] Allocation Stall (Executor task launch worker for task 43.0 in stage 0.0 (TID 43)) 35.980ms
[106.171s][info][gc,phases   ] GC(71) Concurrent Select Relocation Set 3.557ms
[106.182s][info][gc,phases   ] GC(71) Pause Relocate Start 0.007ms
[106.183s][info][gc          ] Relocation Stall (Executor task launch worker for task 10.0 in stage 0.0 (TID 10)) 0.021ms
[106.183s][info][gc          ] Relocation Stall (Executor task launch worker for task 11.0 in stage 0.0 (TID 11)) 0.376ms
[106.208s][info][gc          ] Allocation Stall (Executor task launch worker for task 17.0 in stage 0.0 (TID 17)) 22.049ms
[106.208s][info][gc          ] Allocation Stall (Executor task launch worker for task 45.0 in stage 0.0 (TID 45)) 22.112ms
[106.208s][info][gc          ] Allocation Stall (Executor task launch worker for task 18.0 in stage 0.0 (TID 18)) 22.222ms
[106.208s][info][gc          ] Allocation Stall (Executor task launch worker for task 1.0 in stage 0.0 (TID 1)) 22.247ms
[106.208s][info][gc          ] Allocation Stall (Executor task launch worker for task 25.0 in stage 0.0 (TID 25)) 22.059ms
[106.208s][info][gc          ] Allocation Stall (Executor task launch worker for task 3.0 in stage 0.0 (TID 3)) 22.122ms
[106.208s][info][gc          ] Allocation Stall (Executor task launch worker for task 5.0 in stage 0.0 (TID 5)) 22.044ms
[106.208s][info][gc          ] Allocation Stall (Executor task launch worker for task 8.0 in stage 0.0 (TID 8)) 22.112ms
[106.208s][info][gc          ] Allocation Stall (Executor task launch worker for task 32.0 in stage 0.0 (TID 32)) 22.045ms
[106.208s][info][gc          ] Allocation Stall (Executor task launch worker for task 26.0 in stage 0.0 (TID 26)) 22.214ms
[106.208s][info][gc          ] Allocation Stall (Executor task launch worker for task 6.0 in stage 0.0 (TID 6)) 22.108ms
[106.208s][info][gc          ] Allocation Stall (Executor task launch worker for task 19.0 in stage 0.0 (TID 19)) 22.399ms
[106.208s][info][gc          ] Allocation Stall (Executor task launch worker for task 41.0 in stage 0.0 (TID 41)) 22.174ms
[106.208s][info][gc          ] Allocation Stall (Executor task launch worker for task 44.0 in stage 0.0 (TID 44)) 22.412ms
[106.208s][info][gc          ] Allocation Stall (Executor task launch worker for task 16.0 in stage 0.0 (TID 16)) 22.186ms
[106.208s][info][gc          ] Allocation Stall (Executor task launch worker for task 33.0 in stage 0.0 (TID 33)) 22.309ms
[106.212s][info][gc          ] Allocation Stall (Executor task launch worker for task 12.0 in stage 0.0 (TID 12)) 25.945ms
[106.212s][info][gc          ] Allocation Stall (Executor task launch worker for task 43.0 in stage 0.0 (TID 43)) 25.625ms
[106.212s][info][gc          ] Allocation Stall (Executor task launch worker for task 20.0 in stage 0.0 (TID 20)) 25.417ms
[106.212s][info][gc          ] Allocation Stall (Executor task launch worker for task 35.0 in stage 0.0 (TID 35)) 25.301ms
[106.212s][info][gc          ] Allocation Stall (Executor task launch worker for task 10.0 in stage 0.0 (TID 10)) 25.258ms
[106.212s][info][gc          ] Allocation Stall (Executor task launch worker for task 31.0 in stage 0.0 (TID 31)) 26.051ms
[106.212s][info][gc          ] Allocation Stall (Executor task launch worker for task 4.0 in stage 0.0 (TID 4)) 26.189ms
[106.212s][info][gc          ] Allocation Stall (Executor task launch worker for task 47.0 in stage 0.0 (TID 47)) 26.199ms
[106.212s][info][gc          ] Allocation Stall (Executor task launch worker for task 27.0 in stage 0.0 (TID 27)) 26.241ms
[106.212s][info][gc          ] Allocation Stall (Executor task launch worker for task 15.0 in stage 0.0 (TID 15)) 25.640ms
[106.212s][info][gc          ] Allocation Stall (Executor task launch worker for task 37.0 in stage 0.0 (TID 37)) 25.075ms
[106.212s][info][gc          ] Allocation Stall (Executor task launch worker for task 38.0 in stage 0.0 (TID 38)) 26.125ms
[106.212s][info][gc          ] Allocation Stall (Executor task launch worker for task 11.0 in stage 0.0 (TID 11)) 26.321ms
[106.212s][info][gc          ] Allocation Stall (Executor task launch worker for task 7.0 in stage 0.0 (TID 7)) 26.282ms
[106.212s][info][gc          ] Allocation Stall (Executor task launch worker for task 14.0 in stage 0.0 (TID 14)) 26.281ms
[106.212s][info][gc          ] Allocation Stall (Executor task launch worker for task 30.0 in stage 0.0 (TID 30)) 25.907ms
[106.215s][info][gc          ] Allocation Stall (Executor task launch worker for task 21.0 in stage 0.0 (TID 21)) 27.627ms
[106.253s][info][gc          ] Relocation Stall (Executor task launch worker for task 0.0 in stage 0.0 (TID 0)) 70.266ms
[106.253s][info][gc          ] Relocation Stall (Executor task launch worker for task 9.0 in stage 0.0 (TID 9)) 70.863ms
[106.254s][info][gc          ] Allocation Stall (Executor task launch worker for task 26.0 in stage 0.0 (TID 26)) 2.810ms
[106.254s][info][gc          ] Allocation Stall (Executor task launch worker for task 19.0 in stage 0.0 (TID 19)) 3.003ms
[106.254s][info][gc          ] Allocation Stall (Executor task launch worker for task 33.0 in stage 0.0 (TID 33)) 5.984ms
[106.254s][info][gc          ] Allocation Stall (Executor task launch worker for task 1.0 in stage 0.0 (TID 1)) 5.637ms
[106.254s][info][gc          ] Allocation Stall (Executor task launch worker for task 6.0 in stage 0.0 (TID 6)) 5.401ms
[106.254s][info][gc          ] Allocation Stall (Executor task launch worker for task 4.0 in stage 0.0 (TID 4)) 4.771ms
[106.254s][info][gc          ] Allocation Stall (Executor task launch worker for task 3.0 in stage 0.0 (TID 3)) 5.323ms
[106.254s][info][gc          ] Allocation Stall (Executor task launch worker for task 17.0 in stage 0.0 (TID 17)) 4.651ms
[106.254s][info][gc          ] Allocation Stall (Executor task launch worker for task 12.0 in stage 0.0 (TID 12)) 4.761ms
[106.254s][info][gc          ] Allocation Stall (Executor task launch worker for task 20.0 in stage 0.0 (TID 20)) 4.174ms
[106.254s][info][gc          ] Allocation Stall (Executor task launch worker for task 16.0 in stage 0.0 (TID 16)) 4.082ms
[106.254s][info][gc          ] Allocation Stall (Executor task launch worker for task 7.0 in stage 0.0 (TID 7)) 3.597ms
[106.254s][info][gc          ] Allocation Stall (Executor task launch worker for task 47.0 in stage 0.0 (TID 47)) 4.076ms
[106.254s][info][gc          ] Allocation Stall (Executor task launch worker for task 21.0 in stage 0.0 (TID 21)) 3.517ms
[106.254s][info][gc          ] Allocation Stall (Executor task launch worker for task 18.0 in stage 0.0 (TID 18)) 3.179ms
[106.254s][info][gc          ] Allocation Stall (Executor task launch worker for task 38.0 in stage 0.0 (TID 38)) 3.178ms
[106.255s][info][gc          ] Allocation Stall (Executor task launch worker for task 5.0 in stage 0.0 (TID 5)) 3.450ms
[106.255s][info][gc          ] Allocation Stall (Executor task launch worker for task 32.0 in stage 0.0 (TID 32)) 3.775ms
[106.255s][info][gc          ] Allocation Stall (Executor task launch worker for task 11.0 in stage 0.0 (TID 11)) 3.713ms
[106.255s][info][gc          ] Allocation Stall (Executor task launch worker for task 8.0 in stage 0.0 (TID 8)) 3.746ms
[106.255s][info][gc          ] Allocation Stall (Executor task launch worker for task 43.0 in stage 0.0 (TID 43)) 3.785ms
[106.255s][info][gc          ] Allocation Stall (Executor task launch worker for task 41.0 in stage 0.0 (TID 41)) 3.643ms
[106.255s][info][gc          ] Allocation Stall (Executor task launch worker for task 27.0 in stage 0.0 (TID 27)) 3.599ms
[106.255s][info][gc          ] Allocation Stall (Executor task launch worker for task 23.0 in stage 0.0 (TID 23)) 3.604ms
[106.255s][info][gc          ] Allocation Stall (Executor task launch worker for task 15.0 in stage 0.0 (TID 15)) 3.612ms
[106.255s][info][gc          ] Allocation Stall (Executor task launch worker for task 35.0 in stage 0.0 (TID 35)) 3.564ms
[106.255s][info][gc          ] Allocation Stall (Executor task launch worker for task 45.0 in stage 0.0 (TID 45)) 3.520ms
[106.255s][info][gc          ] Allocation Stall (Executor task launch worker for task 10.0 in stage 0.0 (TID 10)) 3.553ms
[106.256s][info][gc          ] Allocation Stall (Executor task launch worker for task 25.0 in stage 0.0 (TID 25)) 3.464ms
[106.256s][info][gc          ] Allocation Stall (Executor task launch worker for task 31.0 in stage 0.0 (TID 31)) 3.499ms
[106.258s][info][gc          ] Allocation Stall (Executor task launch worker for task 14.0 in stage 0.0 (TID 14)) 5.998ms
[106.261s][info][gc          ] Allocation Stall (Executor task launch worker for task 30.0 in stage 0.0 (TID 30)) 8.937ms
[106.262s][info][gc          ] Allocation Stall (Executor task launch worker for task 44.0 in stage 0.0 (TID 44)) 10.075ms
[106.262s][info][gc          ] Allocation Stall (Executor task launch worker for task 2.0 in stage 0.0 (TID 2)) 7.582ms
[106.262s][info][gc          ] Allocation Stall (Executor task launch worker for task 10.0 in stage 0.0 (TID 10)) 3.159ms
[106.264s][info][gc          ] Allocation Stall (Executor task launch worker for task 43.0 in stage 0.0 (TID 43)) 4.636ms
[106.265s][info][gc          ] Allocation Stall (Executor task launch worker for task 35.0 in stage 0.0 (TID 35)) 5.553ms
[106.265s][info][gc          ] Allocation Stall (Executor task launch worker for task 32.0 in stage 0.0 (TID 32)) 5.467ms
[106.265s][info][gc          ] Allocation Stall (Executor task launch worker for task 0.0 in stage 0.0 (TID 0)) 5.740ms
[106.265s][info][gc          ] Allocation Stall (Executor task launch worker for task 5.0 in stage 0.0 (TID 5)) 2.998ms
[106.283s][info][gc          ] Relocation Stall (Executor task launch worker for task 36.0 in stage 0.0 (TID 36)) 100.726ms
[106.283s][info][gc          ] Relocation Stall (Executor task launch worker for task 22.0 in stage 0.0 (TID 22)) 100.178ms
[106.283s][info][gc          ] Relocation Stall (Executor task launch worker for task 24.0 in stage 0.0 (TID 24)) 100.896ms
[106.284s][info][gc          ] Allocation Stall (Executor task launch worker for task 9.0 in stage 0.0 (TID 9)) 4.667ms
[106.284s][info][gc          ] Allocation Stall (Executor task launch worker for task 43.0 in stage 0.0 (TID 43)) 4.629ms
[106.284s][info][gc          ] Allocation Stall (Executor task launch worker for task 15.0 in stage 0.0 (TID 15)) 4.519ms
[106.284s][info][gc          ] Allocation Stall (Executor task launch worker for task 3.0 in stage 0.0 (TID 3)) 5.603ms
[106.284s][info][gc          ] Allocation Stall (Executor task launch worker for task 1.0 in stage 0.0 (TID 1)) 5.554ms
[106.284s][info][gc          ] Allocation Stall (Executor task launch worker for task 16.0 in stage 0.0 (TID 16)) 5.387ms
[106.284s][info][gc          ] Allocation Stall (Executor task launch worker for task 17.0 in stage 0.0 (TID 17)) 5.357ms
[106.284s][info][gc          ] Allocation Stall (Executor task launch worker for task 2.0 in stage 0.0 (TID 2)) 5.330ms
[106.284s][info][gc          ] Allocation Stall (Executor task launch worker for task 14.0 in stage 0.0 (TID 14)) 5.311ms
[106.284s][info][gc          ] Allocation Stall (Executor task launch worker for task 7.0 in stage 0.0 (TID 7)) 5.268ms
[106.284s][info][gc          ] Allocation Stall (Executor task launch worker for task 27.0 in stage 0.0 (TID 27)) 5.262ms
[106.284s][info][gc          ] Allocation Stall (Executor task launch worker for task 37.0 in stage 0.0 (TID 37)) 5.171ms
[106.284s][info][gc          ] Allocation Stall (Executor task launch worker for task 8.0 in stage 0.0 (TID 8)) 5.047ms
[106.284s][info][gc          ] Allocation Stall (Executor task launch worker for task 23.0 in stage 0.0 (TID 23)) 5.025ms
[106.284s][info][gc          ] Allocation Stall (Executor task launch worker for task 46.0 in stage 0.0 (TID 46)) 4.824ms
[106.284s][info][gc          ] Allocation Stall (Executor task launch worker for task 21.0 in stage 0.0 (TID 21)) 4.817ms
[106.284s][info][gc          ] Allocation Stall (Executor task launch worker for task 47.0 in stage 0.0 (TID 47)) 4.838ms
[106.284s][info][gc          ] Allocation Stall (Executor task launch worker for task 6.0 in stage 0.0 (TID 6)) 4.766ms
[106.284s][info][gc          ] Allocation Stall (Executor task launch worker for task 35.0 in stage 0.0 (TID 35)) 4.583ms
[106.284s][info][gc          ] Allocation Stall (Executor task launch worker for task 41.0 in stage 0.0 (TID 41)) 4.563ms
[106.284s][info][gc          ] Allocation Stall (Executor task launch worker for task 20.0 in stage 0.0 (TID 20)) 4.487ms
[106.284s][info][gc          ] Allocation Stall (Executor task launch worker for task 30.0 in stage 0.0 (TID 30)) 4.299ms
[106.284s][info][gc          ] Allocation Stall (Executor task launch worker for task 4.0 in stage 0.0 (TID 4)) 4.305ms
[106.284s][info][gc          ] Allocation Stall (Executor task launch worker for task 45.0 in stage 0.0 (TID 45)) 4.235ms
[106.284s][info][gc          ] Allocation Stall (Executor task launch worker for task 19.0 in stage 0.0 (TID 19)) 3.989ms
[106.284s][info][gc          ] Allocation Stall (Executor task launch worker for task 44.0 in stage 0.0 (TID 44)) 3.944ms
[106.284s][info][gc          ] Allocation Stall (Executor task launch worker for task 18.0 in stage 0.0 (TID 18)) 3.908ms
[106.285s][info][gc          ] Allocation Stall (Executor task launch worker for task 26.0 in stage 0.0 (TID 26)) 3.877ms
[106.285s][info][gc          ] Allocation Stall (Executor task launch worker for task 38.0 in stage 0.0 (TID 38)) 3.854ms
[106.285s][info][gc          ] Allocation Stall (Executor task launch worker for task 32.0 in stage 0.0 (TID 32)) 3.824ms
[106.285s][info][gc          ] Allocation Stall (Executor task launch worker for task 29.0 in stage 0.0 (TID 29)) 3.815ms
[106.285s][info][gc          ] Allocation Stall (Executor task launch worker for task 31.0 in stage 0.0 (TID 31)) 3.831ms
[106.285s][info][gc          ] Allocation Stall (Executor task launch worker for task 33.0 in stage 0.0 (TID 33)) 3.802ms
[106.285s][info][gc          ] Allocation Stall (Executor task launch worker for task 12.0 in stage 0.0 (TID 12)) 3.788ms
[106.285s][info][gc          ] Allocation Stall (Executor task launch worker for task 11.0 in stage 0.0 (TID 11)) 3.722ms
[106.285s][info][gc          ] Allocation Stall (Executor task launch worker for task 13.0 in stage 0.0 (TID 13)) 3.740ms
[106.285s][info][gc          ] Allocation Stall (Executor task launch worker for task 25.0 in stage 0.0 (TID 25)) 3.996ms
[106.285s][info][gc          ] Allocation Stall (Executor task launch worker for task 10.0 in stage 0.0 (TID 10)) 3.997ms
[106.285s][info][gc          ] Allocation Stall (Executor task launch worker for task 0.0 in stage 0.0 (TID 0)) 3.810ms
[106.285s][info][gc          ] Allocation Stall (Executor task launch worker for task 5.0 in stage 0.0 (TID 5)) 3.758ms
[106.285s][info][gc          ] Allocation Stall (Executor task launch worker for task 36.0 in stage 0.0 (TID 36)) 1.645ms
[106.285s][info][gc          ] Allocation Stall (Executor task launch worker for task 24.0 in stage 0.0 (TID 24)) 1.661ms
[106.285s][info][gc          ] Allocation Stall (Executor task launch worker for task 22.0 in stage 0.0 (TID 22)) 1.674ms
[106.308s][info][gc          ] Relocation Stall (Executor task launch worker for task 40.0 in stage 0.0 (TID 40)) 125.594ms
[106.308s][info][gc          ] Relocation Stall (Executor task launch worker for task 28.0 in stage 0.0 (TID 28)) 125.664ms
[106.308s][info][gc          ] Relocation Stall (Executor task launch worker for task 39.0 in stage 0.0 (TID 39)) 125.575ms
[106.308s][info][gc          ] Relocation Stall (Executor task launch worker for task 42.0 in stage 0.0 (TID 42)) 122.034ms
[106.308s][info][gc          ] Relocation Stall (Executor task launch worker for task 34.0 in stage 0.0 (TID 34)) 125.739ms
[106.308s][info][gc          ] Allocation Stall (Executor task launch worker for task 33.0 in stage 0.0 (TID 33)) 3.492ms
[106.308s][info][gc          ] Allocation Stall (Executor task launch worker for task 45.0 in stage 0.0 (TID 45)) 3.457ms
[106.308s][info][gc          ] Allocation Stall (Executor task launch worker for task 29.0 in stage 0.0 (TID 29)) 3.437ms
[106.308s][info][gc          ] Allocation Stall (Executor task launch worker for task 14.0 in stage 0.0 (TID 14)) 8.332ms
[106.308s][info][gc,phases   ] GC(71) Concurrent Relocate 125.768ms
[106.308s][info][gc          ] Allocation Stall (Executor task launch worker for task 15.0 in stage 0.0 (TID 15)) 4.373ms
[106.308s][info][gc          ] Allocation Stall (Executor task launch worker for task 3.0 in stage 0.0 (TID 3)) 4.288ms
[106.308s][info][gc          ] Allocation Stall (Executor task launch worker for task 2.0 in stage 0.0 (TID 2)) 4.195ms
[106.308s][info][gc          ] Allocation Stall (Executor task launch worker for task 4.0 in stage 0.0 (TID 4)) 4.160ms
[106.308s][info][gc          ] Allocation Stall (Executor task launch worker for task 9.0 in stage 0.0 (TID 9)) 4.156ms
[106.308s][info][gc          ] Allocation Stall (Executor task launch worker for task 18.0 in stage 0.0 (TID 18)) 4.096ms
[106.308s][info][gc          ] Allocation Stall (Executor task launch worker for task 46.0 in stage 0.0 (TID 46)) 4.083ms
[106.308s][info][gc          ] Allocation Stall (Executor task launch worker for task 8.0 in stage 0.0 (TID 8)) 4.056ms
[106.308s][info][gc          ] Allocation Stall (Executor task launch worker for task 19.0 in stage 0.0 (TID 19)) 3.580ms
[106.308s][info][gc,load     ] GC(71) Load: 0.00/0.00/0.00
[106.309s][info][gc,mmu      ] GC(71) MMU: 2ms/94.2%, 5ms/97.7%, 10ms/98.8%, 20ms/99.3%, 50ms/99.7%, 100ms/99.8%
[106.309s][info][gc,marking  ] GC(71) Mark: 8 stripe(s), 2 proactive flush(es), 1 terminate flush(es), 0 completion(s), 0 continuation(s) 
[106.309s][info][gc,marking  ] GC(71) Mark Stack Usage: 32M
[106.309s][info][gc,nmethod  ] GC(71) NMethods: 2160 registered, 79 unregistered
[106.309s][info][gc,metaspace] GC(71) Metaspace: 112M used, 124M committed, 1152M reserved
[106.309s][info][gc,ref      ] GC(71) Soft: 2800 encountered, 340 discovered, 0 enqueued
[106.309s][info][gc,ref      ] GC(71) Weak: 12968 encountered, 1619 discovered, 1 enqueued
[106.309s][info][gc,ref      ] GC(71) Final: 62 encountered, 0 discovered, 0 enqueued
[106.309s][info][gc,ref      ] GC(71) Phantom: 750 encountered, 667 discovered, 0 enqueued
[106.309s][info][gc,reloc    ] GC(71) Small Pages: 119 / 238M, Empty: 110M, Relocated: 3M, In-Place: 0
[106.309s][info][gc,reloc    ] GC(71) Medium Pages: 19 / 608M, Empty: 0M, Relocated: 52M, In-Place: 1
[106.309s][info][gc,reloc    ] GC(71) Large Pages: 19 / 152M, Empty: 0M, Relocated: 0M, In-Place: 0
[106.309s][info][gc,reloc    ] GC(71) Forwarding Usage: 0M
[106.309s][info][gc,heap     ] GC(71) Min Capacity: 8M(1%)
[106.309s][info][gc,heap     ] GC(71) Max Capacity: 1024M(100%)
[106.309s][info][gc,heap     ] GC(71) Soft Max Capacity: 1024M(100%)
[106.309s][info][gc,heap     ] GC(71)                Mark Start          Mark End        Relocate Start      Relocate End           High               Low         
[106.309s][info][gc,heap     ] GC(71)  Capacity:     1024M (100%)       1024M (100%)       1024M (100%)       1024M (100%)       1024M (100%)       1024M (100%)   
[106.309s][info][gc,heap     ] GC(71)      Free:        0M (0%)            0M (0%)           86M (8%)            0M (0%)          110M (11%)           0M (0%)     
[106.309s][info][gc,heap     ] GC(71)      Used:     1024M (100%)       1024M (100%)        938M (92%)        1024M (100%)       1024M (100%)        914M (89%)    
[106.309s][info][gc,heap     ] GC(71)      Live:         -               690M (67%)         690M (67%)         690M (67%)            -                  -          
[106.309s][info][gc,heap     ] GC(71) Allocated:         -                 0M (0%)           24M (2%)          209M (20%)            -                  -          
[106.309s][info][gc          ] Allocation Stall (Executor task launch worker for task 38.0 in stage 0.0 (TID 38)) 3.982ms
[106.309s][info][gc,heap     ] GC(71)   Garbage:         -               333M (33%)         223M (22%)         123M (12%)            -                  -          
[106.309s][info][gc          ] Allocation Stall (Executor task launch worker for task 13.0 in stage 0.0 (TID 13)) 3.928ms
[106.309s][info][gc,heap     ] GC(71) Reclaimed:         -                  -               110M (11%)         209M (20%)            -                  -          
[106.309s][info][gc          ] Allocation Stall (Executor task launch worker for task 10.0 in stage 0.0 (TID 10)) 3.950ms
[106.309s][info][gc          ] GC(71) Garbage Collection (Allocation Stall) 1024M(100%)->1024M(100%)
[106.309s][info][gc          ] Allocation Stall (Executor task launch worker for task 11.0 in stage 0.0 (TID 11)) 3.858ms
[106.309s][info][gc,start    ] GC(72) Garbage Collection (Allocation Stall)
[106.309s][info][gc          ] Allocation Stall (Executor task launch worker for task 44.0 in stage 0.0 (TID 44)) 3.833ms
[106.309s][info][gc,ref      ] GC(72) Clearing All SoftReferences
[106.309s][info][gc          ] Allocation Stall (Executor task launch worker for task 31.0 in stage 0.0 (TID 31)) 3.866ms
[106.309s][info][gc,task     ] GC(72) Using 10 workers
[106.309s][info][gc          ] Allocation Stall (Executor task launch worker for task 30.0 in stage 0.0 (TID 30)) 3.865ms
[106.310s][info][gc,ref      ] GC(72) Clearing All SoftReferences
[106.310s][info][gc,phases   ] GC(72) Pause Mark Start 0.024ms
[106.310s][info][gc          ] Allocation Stall (Executor task launch worker for task 47.0 in stage 0.0 (TID 47)) 4.697ms
[106.310s][info][gc          ] Allocation Stall (Executor task launch worker for task 20.0 in stage 0.0 (TID 20)) 4.624ms
[106.310s][info][gc          ] Allocation Stall (Executor task launch worker for task 12.0 in stage 0.0 (TID 12)) 4.489ms
[106.310s][info][gc          ] Allocation Stall (Executor task launch worker for task 6.0 in stage 0.0 (TID 6)) 4.301ms
[106.310s][info][gc          ] Allocation Stall (Executor task launch worker for task 1.0 in stage 0.0 (TID 1)) 4.302ms
[106.310s][info][gc          ] Allocation Stall (Executor task launch worker for task 36.0 in stage 0.0 (TID 36)) 4.535ms
[106.310s][info][gc          ] Allocation Stall (Executor task launch worker for task 41.0 in stage 0.0 (TID 41)) 4.347ms
[106.310s][info][gc          ] Allocation Stall (Executor task launch worker for task 32.0 in stage 0.0 (TID 32)) 4.219ms
[106.310s][info][gc          ] Allocation Stall (Executor task launch worker for task 27.0 in stage 0.0 (TID 27)) 4.237ms
[106.310s][info][gc          ] Allocation Stall (Executor task launch worker for task 35.0 in stage 0.0 (TID 35)) 4.262ms
[106.310s][info][gc          ] Allocation Stall (Executor task launch worker for task 0.0 in stage 0.0 (TID 0)) 4.139ms
[106.310s][info][gc          ] Allocation Stall (Executor task launch worker for task 21.0 in stage 0.0 (TID 21)) 4.084ms
[106.310s][info][gc          ] Allocation Stall (Executor task launch worker for task 22.0 in stage 0.0 (TID 22)) 4.027ms
[106.310s][info][gc          ] Allocation Stall (Executor task launch worker for task 25.0 in stage 0.0 (TID 25)) 4.033ms
[106.310s][info][gc          ] Allocation Stall (Executor task launch worker for task 43.0 in stage 0.0 (TID 43)) 4.077ms
[106.311s][info][gc          ] Allocation Stall (Executor task launch worker for task 16.0 in stage 0.0 (TID 16)) 4.107ms
[106.311s][info][gc          ] Allocation Stall (Executor task launch worker for task 17.0 in stage 0.0 (TID 17)) 4.154ms
[106.311s][info][gc          ] Allocation Stall (Executor task launch worker for task 24.0 in stage 0.0 (TID 24)) 4.207ms
[106.311s][info][gc          ] Allocation Stall (Executor task launch worker for task 5.0 in stage 0.0 (TID 5)) 4.265ms
[106.311s][info][gc          ] Allocation Stall (Executor task launch worker for task 7.0 in stage 0.0 (TID 7)) 4.334ms
[106.338s][info][gc,phases   ] GC(72) Concurrent Mark 28.174ms
[106.338s][info][gc,phases   ] GC(72) Pause Mark End 0.015ms
[106.338s][info][gc,phases   ] GC(72) Concurrent Mark Free 0.001ms
[106.339s][info][gc,phases   ] GC(72) Concurrent Process Non-Strong References 0.838ms
[106.339s][info][gc,phases   ] GC(72) Concurrent Reset Relocation Set 0.005ms
[106.339s][info][gc          ] Allocation Stall (Executor task launch worker for task 21.0 in stage 0.0 (TID 21)) 20.688ms
[106.339s][info][gc          ] Allocation Stall (Executor task launch worker for task 22.0 in stage 0.0 (TID 22)) 20.597ms
[106.339s][info][gc          ] Allocation Stall (Executor task launch worker for task 38.0 in stage 0.0 (TID 38)) 21.297ms
[106.339s][info][gc          ] Allocation Stall (Executor task launch worker for task 46.0 in stage 0.0 (TID 46)) 19.737ms
[106.339s][info][gc          ] Allocation Stall (Executor task launch worker for task 5.0 in stage 0.0 (TID 5)) 21.285ms
[106.339s][info][gc          ] Allocation Stall (Executor task launch worker for task 31.0 in stage 0.0 (TID 31)) 19.757ms
[106.339s][info][gc          ] Allocation Stall (Executor task launch worker for task 36.0 in stage 0.0 (TID 36)) 11.403ms
[106.339s][info][gc          ] Allocation Stall (Executor task launch worker for task 8.0 in stage 0.0 (TID 8)) 21.555ms
[106.339s][info][gc          ] Allocation Stall (Executor task launch worker for task 19.0 in stage 0.0 (TID 19)) 29.374ms
[106.339s][info][gc          ] Allocation Stall (Executor task launch worker for task 20.0 in stage 0.0 (TID 20)) 20.056ms
[106.339s][info][gc          ] Allocation Stall (Executor task launch worker for task 6.0 in stage 0.0 (TID 6)) 21.659ms
[106.339s][info][gc          ] Allocation Stall (Executor task launch worker for task 33.0 in stage 0.0 (TID 33)) 21.634ms
[106.339s][info][gc          ] Allocation Stall (Executor task launch worker for task 17.0 in stage 0.0 (TID 17)) 20.619ms
[106.339s][info][gc          ] Allocation Stall (Executor task launch worker for task 16.0 in stage 0.0 (TID 16)) 20.638ms
[106.339s][info][gc          ] Allocation Stall (Executor task launch worker for task 43.0 in stage 0.0 (TID 43)) 20.601ms
[106.339s][info][gc          ] Allocation Stall (Executor task launch worker for task 30.0 in stage 0.0 (TID 30)) 21.182ms
[106.339s][info][gc          ] Allocation Stall (Executor task launch worker for task 24.0 in stage 0.0 (TID 24)) 21.815ms
[106.339s][info][gc          ] Allocation Stall (Executor task launch worker for task 4.0 in stage 0.0 (TID 4)) 21.327ms
[106.339s][info][gc          ] Allocation Stall (Executor task launch worker for task 7.0 in stage 0.0 (TID 7)) 21.157ms
[106.339s][info][gc          ] Allocation Stall (Executor task launch worker for task 40.0 in stage 0.0 (TID 40)) 31.091ms
[106.339s][info][gc          ] Allocation Stall (Executor task launch worker for task 29.0 in stage 0.0 (TID 29)) 29.359ms
[106.339s][info][gc          ] Allocation Stall (Executor task launch worker for task 15.0 in stage 0.0 (TID 15)) 29.425ms
[106.339s][info][gc          ] Allocation Stall (Executor task launch worker for task 25.0 in stage 0.0 (TID 25)) 20.741ms
[106.339s][info][gc          ] Allocation Stall (Executor task launch worker for task 2.0 in stage 0.0 (TID 2)) 21.831ms
[106.339s][info][gc          ] Allocation Stall (Executor task launch worker for task 18.0 in stage 0.0 (TID 18)) 29.429ms
[106.339s][info][gc          ] Allocation Stall (Executor task launch worker for task 32.0 in stage 0.0 (TID 32)) 20.960ms
[106.339s][info][gc          ] Allocation Stall (Executor task launch worker for task 9.0 in stage 0.0 (TID 9)) 21.518ms
[106.339s][info][gc          ] Allocation Stall (Executor task launch worker for task 26.0 in stage 0.0 (TID 26)) 32.971ms
[106.339s][info][gc          ] Allocation Stall (Executor task launch worker for task 37.0 in stage 0.0 (TID 37)) 33.026ms
[106.339s][info][gc          ] Allocation Stall (Executor task launch worker for task 45.0 in stage 0.0 (TID 45)) 21.784ms
[106.339s][info][gc          ] Allocation Stall (Executor task launch worker for task 44.0 in stage 0.0 (TID 44)) 21.594ms
[106.339s][info][gc          ] Allocation Stall (Executor task launch worker for task 14.0 in stage 0.0 (TID 14)) 15.351ms
[106.339s][info][gc          ] Allocation Stall (Executor task launch worker for task 34.0 in stage 0.0 (TID 34)) 31.107ms
[106.339s][info][gc          ] Allocation Stall (Executor task launch worker for task 12.0 in stage 0.0 (TID 12)) 21.660ms
[106.339s][info][gc          ] Allocation Stall (Executor task launch worker for task 23.0 in stage 0.0 (TID 23)) 32.976ms
[106.339s][info][gc          ] Allocation Stall (Executor task launch worker for task 41.0 in stage 0.0 (TID 41)) 19.804ms
[106.339s][info][gc          ] Allocation Stall (Executor task launch worker for task 39.0 in stage 0.0 (TID 39)) 31.113ms
[106.339s][info][gc          ] Allocation Stall (Executor task launch worker for task 47.0 in stage 0.0 (TID 47)) 21.590ms
[106.339s][info][gc          ] Allocation Stall (Executor task launch worker for task 42.0 in stage 0.0 (TID 42)) 30.892ms
[106.339s][info][gc          ] Allocation Stall (Executor task launch worker for task 0.0 in stage 0.0 (TID 0)) 20.940ms
[106.339s][info][gc          ] Allocation Stall (Executor task launch worker for task 13.0 in stage 0.0 (TID 13)) 19.787ms
[106.339s][info][gc          ] Allocation Stall (Executor task launch worker for task 28.0 in stage 0.0 (TID 28)) 31.125ms
[106.339s][info][gc          ] Allocation Stall (Executor task launch worker for task 1.0 in stage 0.0 (TID 1)) 20.562ms
[106.339s][info][gc          ] Allocation Stall (Executor task launch worker for task 3.0 in stage 0.0 (TID 3)) 19.909ms
[106.339s][info][gc          ] Allocation Stall (Executor task launch worker for task 10.0 in stage 0.0 (TID 10)) 21.516ms
[106.339s][info][gc          ] Allocation Stall (Executor task launch worker for task 11.0 in stage 0.0 (TID 11)) 29.461ms
[106.340s][info][gc          ] Allocation Stall (Executor task launch worker for task 27.0 in stage 0.0 (TID 27)) 20.051ms
[106.340s][info][gc          ] Allocation Stall (Executor task launch worker for task 35.0 in stage 0.0 (TID 35)) 20.630ms
[106.343s][info][gc,phases   ] GC(72) Concurrent Select Relocation Set 3.418ms
[106.344s][info][gc,phases   ] GC(72) Pause Relocate Start 0.007ms
[106.359s][info][gc          ] Allocation Stall (Executor task launch worker for task 3.0 in stage 0.0 (TID 3)) 12.077ms
[106.359s][info][gc          ] Allocation Stall (Executor task launch worker for task 38.0 in stage 0.0 (TID 38)) 9.844ms
[106.359s][info][gc          ] Allocation Stall (Executor task launch worker for task 31.0 in stage 0.0 (TID 31)) 8.967ms
[106.359s][info][gc          ] Allocation Stall (Executor task launch worker for task 11.0 in stage 0.0 (TID 11)) 8.722ms
[106.359s][info][gc          ] Allocation Stall (Executor task launch worker for task 36.0 in stage 0.0 (TID 36)) 9.290ms
[106.359s][info][gc          ] Allocation Stall (Executor task launch worker for task 15.0 in stage 0.0 (TID 15)) 11.528ms
[106.359s][info][gc          ] Allocation Stall (Executor task launch worker for task 2.0 in stage 0.0 (TID 2)) 8.846ms
[106.359s][info][gc          ] Allocation Stall (Executor task launch worker for task 46.0 in stage 0.0 (TID 46)) 8.200ms
[106.359s][info][gc          ] Allocation Stall (Executor task launch worker for task 25.0 in stage 0.0 (TID 25)) 11.440ms
[106.359s][info][gc          ] Allocation Stall (Executor task launch worker for task 14.0 in stage 0.0 (TID 14)) 8.052ms
[106.359s][info][gc          ] Allocation Stall (Executor task launch worker for task 5.0 in stage 0.0 (TID 5)) 9.294ms
[106.359s][info][gc          ] Allocation Stall (Executor task launch worker for task 23.0 in stage 0.0 (TID 23)) 9.653ms
[106.359s][info][gc          ] Allocation Stall (Executor task launch worker for task 21.0 in stage 0.0 (TID 21)) 11.594ms
[106.359s][info][gc          ] Allocation Stall (Executor task launch worker for task 8.0 in stage 0.0 (TID 8)) 11.587ms
[106.359s][info][gc          ] Allocation Stall (Executor task launch worker for task 18.0 in stage 0.0 (TID 18)) 12.136ms
[106.359s][info][gc          ] Allocation Stall (Executor task launch worker for task 27.0 in stage 0.0 (TID 27)) 9.819ms
[106.359s][info][gc          ] Allocation Stall (Executor task launch worker for task 47.0 in stage 0.0 (TID 47)) 11.537ms
[106.361s][info][gc          ] Allocation Stall (Executor task launch worker for task 16.0 in stage 0.0 (TID 16)) 10.366ms
[106.361s][info][gc          ] Allocation Stall (Executor task launch worker for task 17.0 in stage 0.0 (TID 17)) 10.330ms
[106.361s][info][gc          ] Allocation Stall (Executor task launch worker for task 20.0 in stage 0.0 (TID 20)) 10.355ms
[106.361s][info][gc          ] Allocation Stall (Executor task launch worker for task 0.0 in stage 0.0 (TID 0)) 10.404ms
[106.361s][info][gc          ] Allocation Stall (Executor task launch worker for task 30.0 in stage 0.0 (TID 30)) 10.314ms
[106.361s][info][gc          ] Allocation Stall (Executor task launch worker for task 37.0 in stage 0.0 (TID 37)) 10.345ms
[106.361s][info][gc          ] Allocation Stall (Executor task launch worker for task 45.0 in stage 0.0 (TID 45)) 10.266ms
[106.361s][info][gc          ] Allocation Stall (Executor task launch worker for task 26.0 in stage 0.0 (TID 26)) 10.232ms
[106.362s][info][gc          ] Allocation Stall (Executor task launch worker for task 44.0 in stage 0.0 (TID 44)) 10.268ms
[106.362s][info][gc          ] Allocation Stall (Executor task launch worker for task 33.0 in stage 0.0 (TID 33)) 10.280ms
[106.362s][info][gc          ] Allocation Stall (Executor task launch worker for task 43.0 in stage 0.0 (TID 43)) 10.302ms
[106.362s][info][gc          ] Allocation Stall (Executor task launch worker for task 6.0 in stage 0.0 (TID 6)) 10.373ms
[106.362s][info][gc          ] Allocation Stall (Executor task launch worker for task 12.0 in stage 0.0 (TID 12)) 10.420ms
[106.364s][info][gc          ] Allocation Stall (Executor task launch worker for task 32.0 in stage 0.0 (TID 32)) 12.570ms
[106.364s][info][gc          ] Allocation Stall (Executor task launch worker for task 39.0 in stage 0.0 (TID 39)) 12.508ms
[106.364s][info][gc          ] Allocation Stall (Executor task launch worker for task 10.0 in stage 0.0 (TID 10)) 12.570ms
[106.364s][info][gc          ] Allocation Stall (Executor task launch worker for task 41.0 in stage 0.0 (TID 41)) 12.636ms
[106.365s][info][gc          ] Allocation Stall (Executor task launch worker for task 7.0 in stage 0.0 (TID 7)) 13.312ms
[106.365s][info][gc          ] Allocation Stall (Executor task launch worker for task 19.0 in stage 0.0 (TID 19)) 13.366ms
[106.365s][info][gc          ] Allocation Stall (Executor task launch worker for task 1.0 in stage 0.0 (TID 1)) 13.383ms
[106.365s][info][gc          ] Allocation Stall (Executor task launch worker for task 4.0 in stage 0.0 (TID 4)) 13.460ms
[106.365s][info][gc          ] Allocation Stall (Executor task launch worker for task 35.0 in stage 0.0 (TID 35)) 13.440ms
[106.365s][info][gc          ] Allocation Stall (Executor task launch worker for task 9.0 in stage 0.0 (TID 9)) 13.413ms
[106.393s][info][gc          ] Allocation Stall (Executor task launch worker for task 47.0 in stage 0.0 (TID 47)) 1.931ms
[106.393s][info][gc          ] Allocation Stall (Executor task launch worker for task 13.0 in stage 0.0 (TID 13)) 0.584ms
[106.393s][info][gc          ] Allocation Stall (Executor task launch worker for task 12.0 in stage 0.0 (TID 12)) 1.595ms
[106.393s][info][gc          ] Allocation Stall (Executor task launch worker for task 5.0 in stage 0.0 (TID 5)) 2.439ms
[106.393s][info][gc          ] Allocation Stall (Executor task launch worker for task 43.0 in stage 0.0 (TID 43)) 1.285ms
[106.393s][info][gc          ] Allocation Stall (Executor task launch worker for task 44.0 in stage 0.0 (TID 44)) 0.669ms
[106.393s][info][gc          ] Allocation Stall (Executor task launch worker for task 35.0 in stage 0.0 (TID 35)) 0.419ms
[106.393s][info][gc          ] Allocation Stall (Executor task launch worker for task 17.0 in stage 0.0 (TID 17)) 1.202ms
[106.397s][info][gc          ] Allocation Stall (Executor task launch worker for task 18.0 in stage 0.0 (TID 18)) 2.392ms
[106.397s][info][gc          ] Allocation Stall (Executor task launch worker for task 1.0 in stage 0.0 (TID 1)) 2.287ms
[106.397s][info][gc          ] Allocation Stall (Executor task launch worker for task 3.0 in stage 0.0 (TID 3)) 2.104ms
[106.397s][info][gc          ] Allocation Stall (Executor task launch worker for task 8.0 in stage 0.0 (TID 8)) 2.025ms
[106.398s][info][gc          ] Allocation Stall (Executor task launch worker for task 0.0 in stage 0.0 (TID 0)) 1.986ms
[106.398s][info][gc          ] Allocation Stall (Executor task launch worker for task 10.0 in stage 0.0 (TID 10)) 1.964ms
[106.398s][info][gc          ] Allocation Stall (Executor task launch worker for task 2.0 in stage 0.0 (TID 2)) 1.958ms
[106.400s][info][gc          ] Allocation Stall (Executor task launch worker for task 45.0 in stage 0.0 (TID 45)) 4.210ms
[106.400s][info][gc          ] Allocation Stall (Executor task launch worker for task 16.0 in stage 0.0 (TID 16)) 4.197ms
[106.400s][info][gc          ] Allocation Stall (Executor task launch worker for task 41.0 in stage 0.0 (TID 41)) 3.700ms
[106.400s][info][gc          ] Allocation Stall (Executor task launch worker for task 46.0 in stage 0.0 (TID 46)) 3.540ms
[106.402s][info][gc          ] Allocation Stall (Executor task launch worker for task 38.0 in stage 0.0 (TID 38)) 5.656ms
[106.402s][info][gc          ] Allocation Stall (Executor task launch worker for task 26.0 in stage 0.0 (TID 26)) 5.645ms
[106.402s][info][gc          ] Allocation Stall (Executor task launch worker for task 25.0 in stage 0.0 (TID 25)) 5.643ms
[106.402s][info][gc          ] Allocation Stall (Executor task launch worker for task 36.0 in stage 0.0 (TID 36)) 5.479ms
[106.402s][info][gc          ] Allocation Stall (Executor task launch worker for task 30.0 in stage 0.0 (TID 30)) 5.503ms
[106.402s][info][gc          ] Allocation Stall (Executor task launch worker for task 32.0 in stage 0.0 (TID 32)) 5.526ms
[106.403s][info][gc          ] Allocation Stall (Executor task launch worker for task 15.0 in stage 0.0 (TID 15)) 5.847ms
[106.403s][info][gc          ] Allocation Stall (Executor task launch worker for task 7.0 in stage 0.0 (TID 7)) 5.773ms
[106.403s][info][gc          ] Allocation Stall (Executor task launch worker for task 31.0 in stage 0.0 (TID 31)) 5.774ms
[106.403s][info][gc          ] Allocation Stall (Executor task launch worker for task 6.0 in stage 0.0 (TID 6)) 5.816ms
[106.403s][info][gc          ] Allocation Stall (Executor task launch worker for task 19.0 in stage 0.0 (TID 19)) 5.853ms
[106.404s][info][gc          ] Allocation Stall (Executor task launch worker for task 9.0 in stage 0.0 (TID 9)) 7.000ms
[106.404s][info][gc          ] Allocation Stall (Executor task launch worker for task 23.0 in stage 0.0 (TID 23)) 7.010ms
[106.404s][info][gc          ] Allocation Stall (Executor task launch worker for task 21.0 in stage 0.0 (TID 21)) 6.913ms
[106.419s][info][gc          ] Relocation Stall (Executor task launch worker for task 40.0 in stage 0.0 (TID 40)) 74.435ms
[106.419s][info][gc          ] Relocation Stall (Executor task launch worker for task 42.0 in stage 0.0 (TID 42)) 74.427ms
[106.419s][info][gc          ] Relocation Stall (Executor task launch worker for task 34.0 in stage 0.0 (TID 34)) 74.435ms
[106.421s][info][gc          ] Allocation Stall (Executor task launch worker for task 18.0 in stage 0.0 (TID 18)) 3.014ms
[106.421s][info][gc          ] Allocation Stall (Executor task launch worker for task 16.0 in stage 0.0 (TID 16)) 2.847ms
[106.421s][info][gc          ] Allocation Stall (Executor task launch worker for task 0.0 in stage 0.0 (TID 0)) 3.032ms
[106.421s][info][gc          ] Allocation Stall (Executor task launch worker for task 24.0 in stage 0.0 (TID 24)) 3.369ms
[106.421s][info][gc          ] Allocation Stall (Executor task launch worker for task 21.0 in stage 0.0 (TID 21)) 3.447ms
[106.421s][info][gc          ] Allocation Stall (Executor task launch worker for task 28.0 in stage 0.0 (TID 28)) 3.182ms
[106.421s][info][gc          ] Allocation Stall (Executor task launch worker for task 13.0 in stage 0.0 (TID 13)) 3.270ms
[106.421s][info][gc          ] Allocation Stall (Executor task launch worker for task 3.0 in stage 0.0 (TID 3)) 3.178ms
[106.421s][info][gc,phases   ] GC(72) Concurrent Relocate 76.297ms
[106.421s][info][gc          ] Allocation Stall (Executor task launch worker for task 9.0 in stage 0.0 (TID 9)) 3.954ms
[106.421s][info][gc          ] Allocation Stall (Executor task launch worker for task 23.0 in stage 0.0 (TID 23)) 3.856ms
[106.421s][info][gc          ] Allocation Stall (Executor task launch worker for task 41.0 in stage 0.0 (TID 41)) 3.847ms
[106.421s][info][gc          ] Allocation Stall (Executor task launch worker for task 46.0 in stage 0.0 (TID 46)) 3.824ms
[106.421s][info][gc          ] Allocation Stall (Executor task launch worker for task 43.0 in stage 0.0 (TID 43)) 3.780ms
[106.421s][info][gc          ] Allocation Stall (Executor task launch worker for task 8.0 in stage 0.0 (TID 8)) 3.696ms
[106.421s][info][gc          ] Allocation Stall (Executor task launch worker for task 22.0 in stage 0.0 (TID 22)) 3.692ms
[106.421s][info][gc          ] Allocation Stall (Executor task launch worker for task 1.0 in stage 0.0 (TID 1)) 3.535ms
[106.421s][info][gc,load     ] GC(72) Load: 0.00/0.00/0.00
[106.421s][info][gc          ] Allocation Stall (Executor task launch worker for task 30.0 in stage 0.0 (TID 30)) 3.067ms
[106.421s][info][gc          ] Allocation Stall (Executor task launch worker for task 17.0 in stage 0.0 (TID 17)) 2.749ms
[106.421s][info][gc          ] Allocation Stall (Executor task launch worker for task 11.0 in stage 0.0 (TID 11)) 2.357ms
[106.421s][info][gc,mmu      ] GC(72) MMU: 2ms/94.2%, 5ms/97.7%, 10ms/98.8%, 20ms/99.3%, 50ms/99.7%, 100ms/99.8%
[106.421s][info][gc          ] Allocation Stall (Executor task launch worker for task 42.0 in stage 0.0 (TID 42)) 2.361ms
[106.421s][info][gc          ] Allocation Stall (Executor task launch worker for task 40.0 in stage 0.0 (TID 40)) 2.375ms
[106.421s][info][gc          ] Allocation Stall (Executor task launch worker for task 34.0 in stage 0.0 (TID 34)) 2.333ms
[106.421s][info][gc,marking  ] GC(72) Mark: 8 stripe(s), 3 proactive flush(es), 1 terminate flush(es), 0 completion(s), 0 continuation(s) 
[106.421s][info][gc          ] Allocation Stall (Executor task launch worker for task 14.0 in stage 0.0 (TID 14)) 2.183ms
[106.421s][info][gc          ] Allocation Stall (Executor task launch worker for task 38.0 in stage 0.0 (TID 38)) 2.211ms
[106.421s][info][gc,marking  ] GC(72) Mark Stack Usage: 32M
[106.421s][info][gc          ] Allocation Stall (Executor task launch worker for task 37.0 in stage 0.0 (TID 37)) 2.216ms
[106.421s][info][gc          ] Allocation Stall (Executor task launch worker for task 4.0 in stage 0.0 (TID 4)) 2.132ms
[106.421s][info][gc,nmethod  ] GC(72) NMethods: 2160 registered, 79 unregistered
[106.421s][info][gc          ] Allocation Stall (Executor task launch worker for task 25.0 in stage 0.0 (TID 25)) 2.152ms
[106.421s][info][gc          ] Allocation Stall (Executor task launch worker for task 26.0 in stage 0.0 (TID 26)) 2.072ms
[106.421s][info][gc,metaspace] GC(72) Metaspace: 112M used, 124M committed, 1152M reserved
[106.421s][info][gc          ] Allocation Stall (Executor task launch worker for task 47.0 in stage 0.0 (TID 47)) 2.108ms
[106.422s][info][gc,ref      ] GC(72) Soft: 2800 encountered, 1203 discovered, 0 enqueued
[106.422s][info][gc          ] Allocation Stall (Executor task launch worker for task 45.0 in stage 0.0 (TID 45)) 2.046ms
[106.422s][info][gc,ref      ] GC(72) Weak: 12967 encountered, 1856 discovered, 0 enqueued
[106.422s][info][gc          ] Allocation Stall (Executor task launch worker for task 10.0 in stage 0.0 (TID 10)) 2.081ms
[106.422s][info][gc,ref      ] GC(72) Final: 62 encountered, 2 discovered, 0 enqueued
[106.422s][info][gc          ] Allocation Stall (Executor task launch worker for task 44.0 in stage 0.0 (TID 44)) 2.116ms
[106.422s][info][gc,ref      ] GC(72) Phantom: 750 encountered, 635 discovered, 0 enqueued
[106.422s][info][gc          ] Allocation Stall (Executor task launch worker for task 2.0 in stage 0.0 (TID 2)) 2.144ms
[106.422s][info][gc,reloc    ] GC(72) Small Pages: 127 / 254M, Empty: 132M, Relocated: 3M, In-Place: 2
[106.422s][info][gc          ] Allocation Stall (Executor task launch worker for task 6.0 in stage 0.0 (TID 6)) 2.225ms
[106.422s][info][gc,reloc    ] GC(72) Medium Pages: 18 / 576M, Empty: 0M, Relocated: 21M, In-Place: 1
[106.422s][info][gc          ] Allocation Stall (Executor task launch worker for task 35.0 in stage 0.0 (TID 35)) 2.263ms
[106.422s][info][gc,reloc    ] GC(72) Large Pages: 22 / 176M, Empty: 0M, Relocated: 0M, In-Place: 0
[106.422s][info][gc,reloc    ] GC(72) Forwarding Usage: 0M
[106.422s][info][gc,heap     ] GC(72) Min Capacity: 8M(1%)
[106.422s][info][gc,heap     ] GC(72) Max Capacity: 1024M(100%)
[106.422s][info][gc,heap     ] GC(72) Soft Max Capacity: 1024M(100%)
[106.422s][info][gc,heap     ] GC(72)                Mark Start          Mark End        Relocate Start      Relocate End           High               Low         
[106.422s][info][gc,heap     ] GC(72)  Capacity:     1024M (100%)       1024M (100%)       1024M (100%)       1024M (100%)       1024M (100%)       1024M (100%)   
[106.422s][info][gc,heap     ] GC(72)      Free:        0M (0%)            0M (0%)          108M (11%)           0M (0%)          128M (13%)           0M (0%)     
[106.422s][info][gc,heap     ] GC(72)      Used:     1024M (100%)       1024M (100%)        916M (89%)        1024M (100%)       1024M (100%)        896M (88%)    
[106.422s][info][gc,heap     ] GC(72)      Live:         -               708M (69%)         708M (69%)         708M (69%)            -                  -          
[106.422s][info][gc,heap     ] GC(72) Allocated:         -                 0M (0%)           24M (2%)          190M (19%)            -                  -          
[106.422s][info][gc,heap     ] GC(72)   Garbage:         -               315M (31%)         183M (18%)         125M (12%)            -                  -          
[106.422s][info][gc,heap     ] GC(72) Reclaimed:         -                  -               132M (13%)         190M (19%)            -                  -          
[106.422s][info][gc          ] GC(72) Garbage Collection (Allocation Stall) 1024M(100%)->1024M(100%)
[106.422s][info][gc,start    ] GC(73) Garbage Collection (Allocation Stall)
[106.422s][info][gc,ref      ] GC(73) Clearing All SoftReferences
[106.422s][info][gc,task     ] GC(73) Using 10 workers
[106.423s][info][gc,ref      ] GC(73) Clearing All SoftReferences
[106.423s][info][gc,phases   ] GC(73) Pause Mark Start 0.032ms
[106.423s][info][gc          ] Allocation Stall (Executor task launch worker for task 39.0 in stage 0.0 (TID 39)) 3.341ms
[106.423s][info][gc          ] Allocation Stall (Executor task launch worker for task 5.0 in stage 0.0 (TID 5)) 3.321ms
[106.423s][info][gc          ] Allocation Stall (Executor task launch worker for task 36.0 in stage 0.0 (TID 36)) 3.364ms
[106.423s][info][gc          ] Allocation Stall (Executor task launch worker for task 19.0 in stage 0.0 (TID 19)) 3.283ms
[106.423s][info][gc          ] Allocation Stall (Executor task launch worker for task 33.0 in stage 0.0 (TID 33)) 3.225ms
[106.423s][info][gc          ] Allocation Stall (Executor task launch worker for task 20.0 in stage 0.0 (TID 20)) 3.325ms
[106.423s][info][gc          ] Allocation Stall (Executor task launch worker for task 31.0 in stage 0.0 (TID 31)) 3.217ms
[106.423s][info][gc          ] Allocation Stall (Executor task launch worker for task 32.0 in stage 0.0 (TID 32)) 3.230ms
[106.423s][info][gc          ] Allocation Stall (Executor task launch worker for task 12.0 in stage 0.0 (TID 12)) 3.186ms
[106.423s][info][gc          ] Allocation Stall (Executor task launch worker for task 15.0 in stage 0.0 (TID 15)) 3.196ms
[106.423s][info][gc          ] Allocation Stall (Executor task launch worker for task 7.0 in stage 0.0 (TID 7)) 3.281ms
[106.423s][info][gc          ] Allocation Stall (Executor task launch worker for task 27.0 in stage 0.0 (TID 27)) 3.301ms
[106.423s][info][gc          ] Allocation Stall (Executor task launch worker for task 14.0 in stage 0.0 (TID 14)) 0.198ms
[106.423s][info][gc          ] Allocation Stall (Executor task launch worker for task 25.0 in stage 0.0 (TID 25)) 0.229ms
[106.423s][info][gc          ] Allocation Stall (Executor task launch worker for task 38.0 in stage 0.0 (TID 38)) 0.293ms
[106.423s][info][gc          ] Allocation Stall (Executor task launch worker for task 42.0 in stage 0.0 (TID 42)) 0.322ms
[106.423s][info][gc          ] Allocation Stall (Executor task launch worker for task 10.0 in stage 0.0 (TID 10)) 0.353ms
[106.423s][info][gc          ] Allocation Stall (Executor task launch worker for task 45.0 in stage 0.0 (TID 45)) 0.382ms
[106.423s][info][gc          ] Allocation Stall (Executor task launch worker for task 6.0 in stage 0.0 (TID 6)) 0.426ms
[106.423s][info][gc          ] Allocation Stall (Executor task launch worker for task 35.0 in stage 0.0 (TID 35)) 0.442ms
[106.424s][info][gc          ] Allocation Stall (Executor task launch worker for task 37.0 in stage 0.0 (TID 37)) 0.506ms
[106.424s][info][gc          ] Allocation Stall (Executor task launch worker for task 17.0 in stage 0.0 (TID 17)) 0.540ms
[106.424s][info][gc          ] Allocation Stall (Executor task launch worker for task 28.0 in stage 0.0 (TID 28)) 0.561ms
[106.424s][info][gc          ] Allocation Stall (Executor task launch worker for task 46.0 in stage 0.0 (TID 46)) 0.549ms
[106.424s][info][gc          ] Allocation Stall (Executor task launch worker for task 9.0 in stage 0.0 (TID 9)) 0.589ms
[106.424s][info][gc          ] Allocation Stall (Executor task launch worker for task 2.0 in stage 0.0 (TID 2)) 0.652ms
[106.424s][info][gc          ] Allocation Stall (Executor task launch worker for task 43.0 in stage 0.0 (TID 43)) 0.707ms
[106.424s][info][gc          ] Allocation Stall (Executor task launch worker for task 23.0 in stage 0.0 (TID 23)) 0.706ms
[106.424s][info][gc          ] Allocation Stall (Executor task launch worker for task 16.0 in stage 0.0 (TID 16)) 0.728ms
[106.463s][info][gc,phases   ] GC(73) Concurrent Mark 40.166ms
[106.463s][info][gc,phases   ] GC(73) Pause Mark End 0.016ms
[106.463s][info][gc,phases   ] GC(73) Concurrent Mark Free 0.001ms
[106.464s][info][gc,phases   ] GC(73) Concurrent Process Non-Strong References 0.934ms
[106.464s][info][gc,phases   ] GC(73) Concurrent Reset Relocation Set 0.005ms
[106.467s][info][gc          ] Allocation Stall (Executor task launch worker for task 29.0 in stage 0.0 (TID 29)) 30.706ms
[106.467s][info][gc          ] Allocation Stall (Executor task launch worker for task 2.0 in stage 0.0 (TID 2)) 30.476ms
[106.467s][info][gc          ] Allocation Stall (Executor task launch worker for task 0.0 in stage 0.0 (TID 0)) 30.789ms
[106.467s][info][gc          ] Allocation Stall (Executor task launch worker for task 1.0 in stage 0.0 (TID 1)) 30.113ms
[106.467s][info][gc          ] Allocation Stall (Executor task launch worker for task 11.0 in stage 0.0 (TID 11)) 30.511ms
[106.467s][info][gc          ] Allocation Stall (Executor task launch worker for task 27.0 in stage 0.0 (TID 27)) 30.336ms
[106.467s][info][gc          ] Allocation Stall (Executor task launch worker for task 23.0 in stage 0.0 (TID 23)) 30.927ms
[106.467s][info][gc          ] Allocation Stall (Executor task launch worker for task 10.0 in stage 0.0 (TID 10)) 30.107ms
[106.467s][info][gc          ] Allocation Stall (Executor task launch worker for task 26.0 in stage 0.0 (TID 26)) 31.016ms
[106.467s][info][gc          ] Allocation Stall (Executor task launch worker for task 40.0 in stage 0.0 (TID 40)) 31.033ms
[106.467s][info][gc          ] Allocation Stall (Executor task launch worker for task 9.0 in stage 0.0 (TID 9)) 30.464ms
[106.467s][info][gc          ] Allocation Stall (Executor task launch worker for task 45.0 in stage 0.0 (TID 45)) 31.109ms
[106.467s][info][gc          ] Allocation Stall (Executor task launch worker for task 7.0 in stage 0.0 (TID 7)) 30.093ms
[106.467s][info][gc          ] Allocation Stall (Executor task launch worker for task 30.0 in stage 0.0 (TID 30)) 30.162ms
[106.467s][info][gc          ] Allocation Stall (Executor task launch worker for task 12.0 in stage 0.0 (TID 12)) 30.470ms
[106.467s][info][gc          ] Allocation Stall (Executor task launch worker for task 34.0 in stage 0.0 (TID 34)) 31.396ms
[106.467s][info][gc          ] Allocation Stall (Executor task launch worker for task 17.0 in stage 0.0 (TID 17)) 30.133ms
[106.467s][info][gc          ] Allocation Stall (Executor task launch worker for task 42.0 in stage 0.0 (TID 42)) 34.303ms
[106.467s][info][gc          ] Allocation Stall (Executor task launch worker for task 3.0 in stage 0.0 (TID 3)) 34.542ms
[106.467s][info][gc          ] Allocation Stall (Executor task launch worker for task 44.0 in stage 0.0 (TID 44)) 31.113ms
[106.467s][info][gc          ] Allocation Stall (Executor task launch worker for task 14.0 in stage 0.0 (TID 14)) 34.278ms
[106.467s][info][gc          ] Allocation Stall (Executor task launch worker for task 18.0 in stage 0.0 (TID 18)) 30.590ms
[106.467s][info][gc          ] Allocation Stall (Executor task launch worker for task 20.0 in stage 0.0 (TID 20)) 30.278ms
[106.467s][info][gc          ] Allocation Stall (Executor task launch worker for task 28.0 in stage 0.0 (TID 28)) 30.983ms
[106.467s][info][gc          ] Allocation Stall (Executor task launch worker for task 15.0 in stage 0.0 (TID 15)) 30.897ms
[106.467s][info][gc          ] Allocation Stall (Executor task launch worker for task 41.0 in stage 0.0 (TID 41)) 31.180ms
[106.467s][info][gc          ] Allocation Stall (Executor task launch worker for task 36.0 in stage 0.0 (TID 36)) 30.771ms
[106.467s][info][gc          ] Allocation Stall (Executor task launch worker for task 16.0 in stage 0.0 (TID 16)) 30.779ms
[106.467s][info][gc          ] Allocation Stall (Executor task launch worker for task 33.0 in stage 0.0 (TID 33)) 32.468ms
[106.467s][info][gc          ] Allocation Stall (Executor task launch worker for task 38.0 in stage 0.0 (TID 38)) 34.549ms
[106.467s][info][gc          ] Allocation Stall (Executor task launch worker for task 6.0 in stage 0.0 (TID 6)) 34.225ms
[106.467s][info][gc          ] Allocation Stall (Executor task launch worker for task 43.0 in stage 0.0 (TID 43)) 30.520ms
[106.467s][info][gc          ] Allocation Stall (Executor task launch worker for task 19.0 in stage 0.0 (TID 19)) 33.941ms
[106.467s][info][gc          ] Allocation Stall (Executor task launch worker for task 24.0 in stage 0.0 (TID 24)) 30.299ms
[106.467s][info][gc          ] Allocation Stall (Executor task launch worker for task 32.0 in stage 0.0 (TID 32)) 34.121ms
[106.467s][info][gc          ] Allocation Stall (Executor task launch worker for task 37.0 in stage 0.0 (TID 37)) 35.047ms
[106.467s][info][gc          ] Allocation Stall (Executor task launch worker for task 35.0 in stage 0.0 (TID 35)) 30.817ms
[106.467s][info][gc          ] Allocation Stall (Executor task launch worker for task 39.0 in stage 0.0 (TID 39)) 31.856ms
[106.467s][info][gc          ] Allocation Stall (Executor task launch worker for task 31.0 in stage 0.0 (TID 31)) 34.154ms
[106.467s][info][gc          ] Allocation Stall (Executor task launch worker for task 47.0 in stage 0.0 (TID 47)) 30.896ms
[106.467s][info][gc          ] Allocation Stall (Executor task launch worker for task 13.0 in stage 0.0 (TID 13)) 31.050ms
[106.467s][info][gc          ] Allocation Stall (Executor task launch worker for task 5.0 in stage 0.0 (TID 5)) 31.384ms
[106.467s][info][gc          ] Allocation Stall (Executor task launch worker for task 8.0 in stage 0.0 (TID 8)) 30.574ms
[106.467s][info][gc          ] Allocation Stall (Executor task launch worker for task 25.0 in stage 0.0 (TID 25)) 30.242ms
[106.467s][info][gc          ] Allocation Stall (Executor task launch worker for task 21.0 in stage 0.0 (TID 21)) 30.166ms
[106.467s][info][gc          ] Allocation Stall (Executor task launch worker for task 46.0 in stage 0.0 (TID 46)) 30.620ms
[106.467s][info][gc          ] Allocation Stall (Executor task launch worker for task 4.0 in stage 0.0 (TID 4)) 30.477ms
[106.467s][info][gc          ] Allocation Stall (Executor task launch worker for task 22.0 in stage 0.0 (TID 22)) 31.611ms
[106.467s][info][gc,phases   ] GC(73) Concurrent Select Relocation Set 2.858ms
[106.470s][info][gc,phases   ] GC(73) Pause Relocate Start 0.007ms
[106.481s][info][gc          ] Allocation Stall (Executor task launch worker for task 33.0 in stage 0.0 (TID 33)) 8.207ms
[106.481s][info][gc          ] Allocation Stall (Executor task launch worker for task 14.0 in stage 0.0 (TID 14)) 8.126ms
[106.481s][info][gc          ] Allocation Stall (Executor task launch worker for task 44.0 in stage 0.0 (TID 44)) 8.100ms
[106.481s][info][gc          ] Allocation Stall (Executor task launch worker for task 7.0 in stage 0.0 (TID 7)) 8.044ms
[106.481s][info][gc          ] Allocation Stall (Executor task launch worker for task 18.0 in stage 0.0 (TID 18)) 8.051ms
[106.481s][info][gc          ] Allocation Stall (Executor task launch worker for task 26.0 in stage 0.0 (TID 26)) 8.078ms
[106.481s][info][gc          ] Allocation Stall (Executor task launch worker for task 32.0 in stage 0.0 (TID 32)) 8.023ms
[106.481s][info][gc          ] Allocation Stall (Executor task launch worker for task 43.0 in stage 0.0 (TID 43)) 8.220ms
[106.481s][info][gc          ] Allocation Stall (Executor task launch worker for task 19.0 in stage 0.0 (TID 19)) 8.056ms
[106.481s][info][gc          ] Allocation Stall (Executor task launch worker for task 47.0 in stage 0.0 (TID 47)) 8.230ms
[106.481s][info][gc          ] Allocation Stall (Executor task launch worker for task 11.0 in stage 0.0 (TID 11)) 8.423ms
[106.481s][info][gc          ] Allocation Stall (Executor task launch worker for task 35.0 in stage 0.0 (TID 35)) 8.211ms
[106.481s][info][gc          ] Allocation Stall (Executor task launch worker for task 46.0 in stage 0.0 (TID 46)) 8.194ms
[106.481s][info][gc          ] Allocation Stall (Executor task launch worker for task 5.0 in stage 0.0 (TID 5)) 8.244ms
[106.481s][info][gc          ] Allocation Stall (Executor task launch worker for task 2.0 in stage 0.0 (TID 2)) 6.585ms
[106.481s][info][gc          ] Allocation Stall (Executor task launch worker for task 17.0 in stage 0.0 (TID 17)) 6.533ms
[106.481s][info][gc          ] Allocation Stall (Executor task launch worker for task 9.0 in stage 0.0 (TID 9)) 6.071ms
[106.481s][info][gc          ] Allocation Stall (Executor task launch worker for task 15.0 in stage 0.0 (TID 15)) 5.997ms
[106.481s][info][gc          ] Allocation Stall (Executor task launch worker for task 10.0 in stage 0.0 (TID 10)) 5.986ms
[106.481s][info][gc          ] Allocation Stall (Executor task launch worker for task 6.0 in stage 0.0 (TID 6)) 5.819ms
[106.481s][info][gc          ] Allocation Stall (Executor task launch worker for task 24.0 in stage 0.0 (TID 24)) 5.710ms
[106.481s][info][gc          ] Allocation Stall (Executor task launch worker for task 1.0 in stage 0.0 (TID 1)) 5.661ms
[106.481s][info][gc          ] Allocation Stall (Executor task launch worker for task 8.0 in stage 0.0 (TID 8)) 5.650ms
[106.481s][info][gc          ] Allocation Stall (Executor task launch worker for task 31.0 in stage 0.0 (TID 31)) 5.686ms
[106.482s][info][gc          ] Allocation Stall (Executor task launch worker for task 37.0 in stage 0.0 (TID 37)) 5.699ms
[106.482s][info][gc          ] Allocation Stall (Executor task launch worker for task 30.0 in stage 0.0 (TID 30)) 5.452ms
[106.482s][info][gc          ] Allocation Stall (Executor task launch worker for task 45.0 in stage 0.0 (TID 45)) 5.393ms
[106.482s][info][gc          ] Allocation Stall (Executor task launch worker for task 4.0 in stage 0.0 (TID 4)) 5.446ms
[106.482s][info][gc          ] Allocation Stall (Executor task launch worker for task 39.0 in stage 0.0 (TID 39)) 5.459ms
[106.482s][info][gc          ] Allocation Stall (Executor task launch worker for task 20.0 in stage 0.0 (TID 20)) 5.508ms
[106.482s][info][gc          ] Allocation Stall (Executor task launch worker for task 16.0 in stage 0.0 (TID 16)) 5.528ms
[106.482s][info][gc          ] Allocation Stall (Executor task launch worker for task 38.0 in stage 0.0 (TID 38)) 5.419ms
[106.482s][info][gc          ] Allocation Stall (Executor task launch worker for task 36.0 in stage 0.0 (TID 36)) 5.444ms
[106.482s][info][gc          ] Allocation Stall (Executor task launch worker for task 27.0 in stage 0.0 (TID 27)) 5.425ms
[106.482s][info][gc          ] Allocation Stall (Executor task launch worker for task 23.0 in stage 0.0 (TID 23)) 5.512ms
[106.482s][info][gc          ] Allocation Stall (Executor task launch worker for task 41.0 in stage 0.0 (TID 41)) 5.509ms
[106.482s][info][gc          ] Allocation Stall (Executor task launch worker for task 12.0 in stage 0.0 (TID 12)) 5.604ms
[106.482s][info][gc          ] Allocation Stall (Executor task launch worker for task 29.0 in stage 0.0 (TID 29)) 5.631ms
[106.482s][info][gc          ] Allocation Stall (Executor task launch worker for task 25.0 in stage 0.0 (TID 25)) 5.594ms
[106.482s][info][gc          ] Allocation Stall (Executor task launch worker for task 21.0 in stage 0.0 (TID 21)) 5.616ms
[106.482s][info][gc          ] Allocation Stall (Executor task launch worker for task 0.0 in stage 0.0 (TID 0)) 5.620ms
[106.509s][info][gc          ] Allocation Stall (Executor task launch worker for task 17.0 in stage 0.0 (TID 17)) 1.741ms
[106.509s][info][gc          ] Allocation Stall (Executor task launch worker for task 35.0 in stage 0.0 (TID 35)) 1.753ms
[106.509s][info][gc          ] Allocation Stall (Executor task launch worker for task 5.0 in stage 0.0 (TID 5)) 1.746ms
[106.509s][info][gc          ] Allocation Stall (Executor task launch worker for task 32.0 in stage 0.0 (TID 32)) 1.372ms
[106.509s][info][gc          ] Allocation Stall (Executor task launch worker for task 2.0 in stage 0.0 (TID 2)) 1.338ms
[106.509s][info][gc          ] Allocation Stall (Executor task launch worker for task 15.0 in stage 0.0 (TID 15)) 1.343ms
[106.509s][info][gc          ] Allocation Stall (Executor task launch worker for task 37.0 in stage 0.0 (TID 37)) 1.256ms
[106.509s][info][gc          ] Allocation Stall (Executor task launch worker for task 18.0 in stage 0.0 (TID 18)) 1.260ms
[106.509s][info][gc          ] Allocation Stall (Executor task launch worker for task 1.0 in stage 0.0 (TID 1)) 1.296ms
[106.509s][info][gc          ] Allocation Stall (Executor task launch worker for task 25.0 in stage 0.0 (TID 25)) 1.311ms
[106.509s][info][gc          ] Allocation Stall (Executor task launch worker for task 7.0 in stage 0.0 (TID 7)) 1.282ms
[106.511s][info][gc          ] Allocation Stall (Executor task launch worker for task 8.0 in stage 0.0 (TID 8)) 3.153ms
[106.511s][info][gc          ] Allocation Stall (Executor task launch worker for task 41.0 in stage 0.0 (TID 41)) 2.959ms
[106.511s][info][gc          ] Allocation Stall (Executor task launch worker for task 0.0 in stage 0.0 (TID 0)) 2.899ms
[106.512s][info][gc          ] Allocation Stall (Executor task launch worker for task 43.0 in stage 0.0 (TID 43)) 3.863ms
[106.512s][info][gc          ] Allocation Stall (Executor task launch worker for task 20.0 in stage 0.0 (TID 20)) 3.847ms
[106.512s][info][gc          ] Allocation Stall (Executor task launch worker for task 29.0 in stage 0.0 (TID 29)) 3.876ms
[106.512s][info][gc          ] Allocation Stall (Executor task launch worker for task 36.0 in stage 0.0 (TID 36)) 3.901ms
[106.512s][info][gc          ] Allocation Stall (Executor task launch worker for task 6.0 in stage 0.0 (TID 6)) 3.971ms
[106.528s][info][gc          ] Relocation Stall (Executor task launch worker for task 40.0 in stage 0.0 (TID 40)) 57.371ms
[106.528s][info][gc          ] Relocation Stall (Executor task launch worker for task 34.0 in stage 0.0 (TID 34)) 57.699ms
[106.533s][info][gc          ] Relocation Stall (Executor task launch worker for task 28.0 in stage 0.0 (TID 28)) 62.536ms
[106.533s][info][gc          ] Relocation Stall (Executor task launch worker for task 3.0 in stage 0.0 (TID 3)) 62.769ms
[106.533s][info][gc          ] Allocation Stall (Executor task launch worker for task 25.0 in stage 0.0 (TID 25)) 2.891ms
[106.533s][info][gc          ] Allocation Stall (Executor task launch worker for task 2.0 in stage 0.0 (TID 2)) 2.358ms
[106.533s][info][gc          ] Allocation Stall (Executor task launch worker for task 44.0 in stage 0.0 (TID 44)) 2.182ms
[106.533s][info][gc          ] Allocation Stall (Executor task launch worker for task 23.0 in stage 0.0 (TID 23)) 2.728ms
[106.533s][info][gc          ] Allocation Stall (Executor task launch worker for task 14.0 in stage 0.0 (TID 14)) 1.850ms
[106.533s][info][gc          ] Allocation Stall (Executor task launch worker for task 7.0 in stage 0.0 (TID 7)) 2.350ms
[106.533s][info][gc          ] Allocation Stall (Executor task launch worker for task 45.0 in stage 0.0 (TID 45)) 2.585ms
[106.533s][info][gc          ] Allocation Stall (Executor task launch worker for task 36.0 in stage 0.0 (TID 36)) 1.874ms
[106.533s][info][gc          ] Allocation Stall (Executor task launch worker for task 40.0 in stage 0.0 (TID 40)) 4.867ms
[106.533s][info][gc,phases   ] GC(73) Concurrent Relocate 62.927ms
[106.533s][info][gc          ] Allocation Stall (Executor task launch worker for task 42.0 in stage 0.0 (TID 42)) 4.869ms
[106.533s][info][gc          ] Allocation Stall (Executor task launch worker for task 34.0 in stage 0.0 (TID 34)) 4.842ms
[106.533s][info][gc          ] Allocation Stall (Executor task launch worker for task 31.0 in stage 0.0 (TID 31)) 4.816ms
[106.533s][info][gc          ] Allocation Stall (Executor task launch worker for task 38.0 in stage 0.0 (TID 38)) 3.531ms
[106.533s][info][gc          ] Allocation Stall (Executor task launch worker for task 19.0 in stage 0.0 (TID 19)) 3.346ms
[106.533s][info][gc          ] Allocation Stall (Executor task launch worker for task 4.0 in stage 0.0 (TID 4)) 3.261ms
[106.533s][info][gc          ] Allocation Stall (Executor task launch worker for task 24.0 in stage 0.0 (TID 24)) 3.114ms
[106.533s][info][gc,load     ] GC(73) Load: 0.00/0.00/0.00
[106.533s][info][gc          ] Allocation Stall (Executor task launch worker for task 0.0 in stage 0.0 (TID 0)) 2.183ms
[106.533s][info][gc,mmu      ] GC(73) MMU: 2ms/94.2%, 5ms/97.7%, 10ms/98.8%, 20ms/99.3%, 50ms/99.7%, 100ms/99.8%
[106.533s][info][gc          ] Allocation Stall (Executor task launch worker for task 29.0 in stage 0.0 (TID 29)) 2.230ms
[106.533s][info][gc,marking  ] GC(73) Mark: 8 stripe(s), 2 proactive flush(es), 1 terminate flush(es), 0 completion(s), 0 continuation(s) 
[106.533s][info][gc          ] Allocation Stall (Executor task launch worker for task 8.0 in stage 0.0 (TID 8)) 2.154ms
[106.534s][info][gc          ] Allocation Stall (Executor task launch worker for task 5.0 in stage 0.0 (TID 5)) 2.135ms
[106.534s][info][gc,marking  ] GC(73) Mark Stack Usage: 32M
[106.534s][info][gc          ] Allocation Stall (Executor task launch worker for task 41.0 in stage 0.0 (TID 41)) 2.120ms
[106.534s][info][gc          ] Allocation Stall (Executor task launch worker for task 22.0 in stage 0.0 (TID 22)) 2.135ms
[106.534s][info][gc,nmethod  ] GC(73) NMethods: 2160 registered, 79 unregistered
[106.534s][info][gc          ] Allocation Stall (Executor task launch worker for task 30.0 in stage 0.0 (TID 30)) 2.100ms
[106.534s][info][gc,metaspace] GC(73) Metaspace: 112M used, 124M committed, 1152M reserved
[106.534s][info][gc          ] Allocation Stall (Executor task launch worker for task 10.0 in stage 0.0 (TID 10)) 2.083ms
[106.534s][info][gc,ref      ] GC(73) Soft: 2800 encountered, 2226 discovered, 0 enqueued
[106.534s][info][gc,ref      ] GC(73) Weak: 12967 encountered, 2441 discovered, 0 enqueued
[106.534s][info][gc          ] Allocation Stall (Executor task launch worker for task 16.0 in stage 0.0 (TID 16)) 2.078ms
[106.534s][info][gc,ref      ] GC(73) Final: 62 encountered, 24 discovered, 0 enqueued
[106.534s][info][gc          ] Allocation Stall (Executor task launch worker for task 12.0 in stage 0.0 (TID 12)) 2.094ms
[106.534s][info][gc,ref      ] GC(73) Phantom: 750 encountered, 441 discovered, 0 enqueued
[106.534s][info][gc,reloc    ] GC(73) Small Pages: 113 / 226M, Empty: 102M, Relocated: 3M, In-Place: 0
[106.534s][info][gc          ] Allocation Stall (Executor task launch worker for task 6.0 in stage 0.0 (TID 6)) 2.140ms
[106.534s][info][gc,reloc    ] GC(73) Medium Pages: 18 / 576M, Empty: 0M, Relocated: 18M, In-Place: 1
[106.534s][info][gc          ] Allocation Stall (Executor task launch worker for task 11.0 in stage 0.0 (TID 11)) 2.109ms
[106.534s][info][gc,reloc    ] GC(73) Large Pages: 25 / 200M, Empty: 0M, Relocated: 0M, In-Place: 0
[106.534s][info][gc          ] Allocation Stall (Executor task launch worker for task 46.0 in stage 0.0 (TID 46)) 2.125ms
[106.534s][info][gc,reloc    ] GC(73) Forwarding Usage: 0M
[106.534s][info][gc          ] Allocation Stall (Executor task launch worker for task 32.0 in stage 0.0 (TID 32)) 1.968ms
[106.534s][info][gc,heap     ] GC(73) Min Capacity: 8M(1%)
[106.534s][info][gc,heap     ] GC(73) Max Capacity: 1024M(100%)
[106.534s][info][gc,heap     ] GC(73) Soft Max Capacity: 1024M(100%)
[106.534s][info][gc,heap     ] GC(73)                Mark Start          Mark End        Relocate Start      Relocate End           High               Low         
[106.534s][info][gc,heap     ] GC(73)  Capacity:     1024M (100%)       1024M (100%)       1024M (100%)       1024M (100%)       1024M (100%)       1024M (100%)   
[106.534s][info][gc,heap     ] GC(73)      Free:        0M (0%)            0M (0%)           86M (8%)            0M (0%)          102M (10%)           0M (0%)     
[106.534s][info][gc,heap     ] GC(73)      Used:     1024M (100%)       1024M (100%)        938M (92%)        1024M (100%)       1024M (100%)        922M (90%)    
[106.534s][info][gc,heap     ] GC(73)      Live:         -               720M (70%)         720M (70%)         720M (70%)            -                  -          
[106.534s][info][gc,heap     ] GC(73) Allocated:         -                 0M (0%)           16M (2%)          163M (16%)            -                  -          
[106.534s][info][gc,heap     ] GC(73)   Garbage:         -               303M (30%)         201M (20%)         140M (14%)            -                  -          
[106.534s][info][gc,heap     ] GC(73) Reclaimed:         -                  -               102M (10%)         163M (16%)            -                  -          
[106.534s][info][gc          ] GC(73) Garbage Collection (Allocation Stall) 1024M(100%)->1024M(100%)
[106.534s][info][gc,start    ] GC(74) Garbage Collection (Allocation Stall)
[106.534s][info][gc,ref      ] GC(74) Clearing All SoftReferences
[106.534s][info][gc,task     ] GC(74) Using 10 workers
[106.535s][info][gc,ref      ] GC(74) Clearing All SoftReferences
[106.535s][info][gc,phases   ] GC(74) Pause Mark Start 0.024ms
[106.535s][info][gc          ] Allocation Stall (Executor task launch worker for task 43.0 in stage 0.0 (TID 43)) 2.371ms
[106.535s][info][gc          ] Allocation Stall (Executor task launch worker for task 39.0 in stage 0.0 (TID 39)) 2.766ms
[106.535s][info][gc          ] Allocation Stall (Executor task launch worker for task 9.0 in stage 0.0 (TID 9)) 2.510ms
[106.535s][info][gc          ] Allocation Stall (Executor task launch worker for task 47.0 in stage 0.0 (TID 47)) 2.721ms
[106.535s][info][gc          ] Allocation Stall (Executor task launch worker for task 15.0 in stage 0.0 (TID 15)) 2.332ms
[106.535s][info][gc          ] Allocation Stall (Executor task launch worker for task 20.0 in stage 0.0 (TID 20)) 2.707ms
[106.535s][info][gc          ] Allocation Stall (Executor task launch worker for task 37.0 in stage 0.0 (TID 37)) 2.580ms
[106.535s][info][gc          ] Allocation Stall (Executor task launch worker for task 35.0 in stage 0.0 (TID 35)) 2.807ms
[106.535s][info][gc          ] Allocation Stall (Executor task launch worker for task 21.0 in stage 0.0 (TID 21)) 2.800ms
[106.535s][info][gc          ] Allocation Stall (Executor task launch worker for task 18.0 in stage 0.0 (TID 18)) 2.235ms
[106.535s][info][gc          ] Allocation Stall (Executor task launch worker for task 26.0 in stage 0.0 (TID 26)) 2.624ms
[106.535s][info][gc          ] Allocation Stall (Executor task launch worker for task 17.0 in stage 0.0 (TID 17)) 2.314ms
[106.535s][info][gc          ] Allocation Stall (Executor task launch worker for task 27.0 in stage 0.0 (TID 27)) 2.325ms
[106.535s][info][gc          ] Allocation Stall (Executor task launch worker for task 3.0 in stage 0.0 (TID 3)) 2.014ms
[106.535s][info][gc          ] Allocation Stall (Executor task launch worker for task 28.0 in stage 0.0 (TID 28)) 2.086ms
[106.535s][info][gc          ] Allocation Stall (Executor task launch worker for task 13.0 in stage 0.0 (TID 13)) 2.120ms
[106.535s][info][gc          ] Allocation Stall (Executor task launch worker for task 42.0 in stage 0.0 (TID 42)) 0.353ms
[106.535s][info][gc          ] Allocation Stall (Executor task launch worker for task 4.0 in stage 0.0 (TID 4)) 0.396ms
[106.535s][info][gc          ] Allocation Stall (Executor task launch worker for task 32.0 in stage 0.0 (TID 32)) 0.345ms
[106.535s][info][gc          ] Allocation Stall (Executor task launch worker for task 10.0 in stage 0.0 (TID 10)) 0.340ms
[106.535s][info][gc          ] Allocation Stall (Executor task launch worker for task 19.0 in stage 0.0 (TID 19)) 0.404ms
[106.536s][info][gc          ] Allocation Stall (Executor task launch worker for task 46.0 in stage 0.0 (TID 46)) 0.387ms
[106.536s][info][gc          ] Allocation Stall (Executor task launch worker for task 38.0 in stage 0.0 (TID 38)) 0.235ms
[106.573s][info][gc,phases   ] GC(74) Concurrent Mark 37.622ms
[106.573s][info][gc,phases   ] GC(74) Pause Mark End 0.015ms
[106.573s][info][gc,phases   ] GC(74) Concurrent Mark Free 0.001ms
[106.573s][info][gc,phases   ] GC(74) Concurrent Process Non-Strong References 0.812ms
[106.574s][info][gc,phases   ] GC(74) Concurrent Reset Relocation Set 0.005ms
[106.576s][info][gc          ] Allocation Stall (Executor task launch worker for task 15.0 in stage 0.0 (TID 15)) 24.958ms
[106.576s][info][gc          ] Allocation Stall (Executor task launch worker for task 33.0 in stage 0.0 (TID 33)) 25.124ms
[106.576s][info][gc          ] Allocation Stall (Executor task launch worker for task 17.0 in stage 0.0 (TID 17)) 24.766ms
[106.576s][info][gc          ] Allocation Stall (Executor task launch worker for task 6.0 in stage 0.0 (TID 6)) 24.888ms
[106.576s][info][gc          ] Allocation Stall (Executor task launch worker for task 27.0 in stage 0.0 (TID 27)) 24.653ms
[106.576s][info][gc          ] Allocation Stall (Executor task launch worker for task 35.0 in stage 0.0 (TID 35)) 24.696ms
[106.576s][info][gc          ] Allocation Stall (Executor task launch worker for task 24.0 in stage 0.0 (TID 24)) 24.730ms
[106.576s][info][gc          ] Allocation Stall (Executor task launch worker for task 44.0 in stage 0.0 (TID 44)) 25.108ms
[106.576s][info][gc          ] Allocation Stall (Executor task launch worker for task 42.0 in stage 0.0 (TID 42)) 25.232ms
[106.576s][info][gc          ] Allocation Stall (Executor task launch worker for task 18.0 in stage 0.0 (TID 18)) 25.308ms
[106.576s][info][gc          ] Allocation Stall (Executor task launch worker for task 8.0 in stage 0.0 (TID 8)) 25.022ms
[106.576s][info][gc          ] Allocation Stall (Executor task launch worker for task 37.0 in stage 0.0 (TID 37)) 25.246ms
[106.576s][info][gc          ] Allocation Stall (Executor task launch worker for task 5.0 in stage 0.0 (TID 5)) 24.667ms
[106.576s][info][gc          ] Allocation Stall (Executor task launch worker for task 36.0 in stage 0.0 (TID 36)) 24.799ms
[106.576s][info][gc          ] Allocation Stall (Executor task launch worker for task 34.0 in stage 0.0 (TID 34)) 24.760ms
[106.576s][info][gc          ] Allocation Stall (Executor task launch worker for task 26.0 in stage 0.0 (TID 26)) 24.716ms
[106.576s][info][gc          ] Allocation Stall (Executor task launch worker for task 25.0 in stage 0.0 (TID 25)) 26.607ms
[106.576s][info][gc          ] Allocation Stall (Executor task launch worker for task 9.0 in stage 0.0 (TID 9)) 24.809ms
[106.576s][info][gc          ] Allocation Stall (Executor task launch worker for task 22.0 in stage 0.0 (TID 22)) 24.765ms
[106.576s][info][gc          ] Allocation Stall (Executor task launch worker for task 19.0 in stage 0.0 (TID 19)) 24.833ms
[106.576s][info][gc          ] Allocation Stall (Executor task launch worker for task 21.0 in stage 0.0 (TID 21)) 24.619ms
[106.576s][info][gc          ] Allocation Stall (Executor task launch worker for task 16.0 in stage 0.0 (TID 16)) 26.706ms
[106.576s][info][gc          ] Allocation Stall (Executor task launch worker for task 39.0 in stage 0.0 (TID 39)) 30.593ms
[106.576s][info][gc          ] Allocation Stall (Executor task launch worker for task 23.0 in stage 0.0 (TID 23)) 30.592ms
[106.576s][info][gc          ] Allocation Stall (Executor task launch worker for task 31.0 in stage 0.0 (TID 31)) 30.657ms
[106.576s][info][gc          ] Allocation Stall (Executor task launch worker for task 41.0 in stage 0.0 (TID 41)) 30.643ms
[106.576s][info][gc          ] Allocation Stall (Executor task launch worker for task 29.0 in stage 0.0 (TID 29)) 26.540ms
[106.576s][info][gc          ] Allocation Stall (Executor task launch worker for task 12.0 in stage 0.0 (TID 12)) 26.330ms
[106.576s][info][gc          ] Allocation Stall (Executor task launch worker for task 20.0 in stage 0.0 (TID 20)) 26.374ms
[106.576s][info][gc          ] Allocation Stall (Executor task launch worker for task 13.0 in stage 0.0 (TID 13)) 26.264ms
[106.576s][info][gc          ] Allocation Stall (Executor task launch worker for task 14.0 in stage 0.0 (TID 14)) 26.246ms
[106.576s][info][gc          ] Allocation Stall (Executor task launch worker for task 45.0 in stage 0.0 (TID 45)) 26.185ms
[106.576s][info][gc          ] Allocation Stall (Executor task launch worker for task 28.0 in stage 0.0 (TID 28)) 26.118ms
[106.576s][info][gc          ] Allocation Stall (Executor task launch worker for task 2.0 in stage 0.0 (TID 2)) 25.920ms
[106.576s][info][gc          ] Allocation Stall (Executor task launch worker for task 43.0 in stage 0.0 (TID 43)) 24.661ms
[106.576s][info][gc          ] Allocation Stall (Executor task launch worker for task 32.0 in stage 0.0 (TID 32)) 25.867ms
[106.576s][info][gc          ] Allocation Stall (Executor task launch worker for task 0.0 in stage 0.0 (TID 0)) 25.839ms
[106.576s][info][gc          ] Allocation Stall (Executor task launch worker for task 4.0 in stage 0.0 (TID 4)) 26.216ms
[106.576s][info][gc          ] Allocation Stall (Executor task launch worker for task 46.0 in stage 0.0 (TID 46)) 25.768ms
[106.576s][info][gc          ] Allocation Stall (Executor task launch worker for task 7.0 in stage 0.0 (TID 7)) 25.756ms
[106.576s][info][gc          ] Allocation Stall (Executor task launch worker for task 10.0 in stage 0.0 (TID 10)) 25.556ms
[106.576s][info][gc          ] Allocation Stall (Executor task launch worker for task 3.0 in stage 0.0 (TID 3)) 25.438ms
[106.576s][info][gc          ] Allocation Stall (Executor task launch worker for task 30.0 in stage 0.0 (TID 30)) 24.643ms
[106.576s][info][gc          ] Allocation Stall (Executor task launch worker for task 11.0 in stage 0.0 (TID 11)) 25.416ms
[106.576s][info][gc          ] Allocation Stall (Executor task launch worker for task 47.0 in stage 0.0 (TID 47)) 25.586ms
[106.576s][info][gc,phases   ] GC(74) Concurrent Select Relocation Set 2.497ms
[106.576s][info][gc          ] Allocation Stall (Executor task launch worker for task 38.0 in stage 0.0 (TID 38)) 24.553ms
[106.576s][info][gc          ] Allocation Stall (Executor task launch worker for task 40.0 in stage 0.0 (TID 40)) 24.573ms
[106.576s][info][gc          ] Allocation Stall (Executor task launch worker for task 1.0 in stage 0.0 (TID 1)) 23.809ms
[106.578s][info][gc,phases   ] GC(74) Pause Relocate Start 0.005ms
[106.581s][info][gc          ] Allocation Stall (Executor task launch worker for task 6.0 in stage 0.0 (TID 6)) 0.133ms
[106.586s][info][gc          ] Allocation Stall (Executor task launch worker for task 37.0 in stage 0.0 (TID 37)) 3.009ms
[106.586s][info][gc          ] Allocation Stall (Executor task launch worker for task 11.0 in stage 0.0 (TID 11)) 3.177ms
[106.586s][info][gc          ] Allocation Stall (Executor task launch worker for task 21.0 in stage 0.0 (TID 21)) 3.904ms
[106.586s][info][gc          ] Allocation Stall (Executor task launch worker for task 33.0 in stage 0.0 (TID 33)) 3.026ms
[106.586s][info][gc          ] Allocation Stall (Executor task launch worker for task 46.0 in stage 0.0 (TID 46)) 3.115ms
[106.586s][info][gc          ] Allocation Stall (Executor task launch worker for task 47.0 in stage 0.0 (TID 47)) 3.923ms
[106.586s][info][gc          ] Allocation Stall (Executor task launch worker for task 9.0 in stage 0.0 (TID 9)) 2.831ms
[106.586s][info][gc          ] Allocation Stall (Executor task launch worker for task 17.0 in stage 0.0 (TID 17)) 2.843ms
[106.586s][info][gc          ] Allocation Stall (Executor task launch worker for task 35.0 in stage 0.0 (TID 35)) 3.777ms
[106.586s][info][gc          ] Allocation Stall (Executor task launch worker for task 31.0 in stage 0.0 (TID 31)) 4.163ms
[106.586s][info][gc          ] Allocation Stall (Executor task launch worker for task 19.0 in stage 0.0 (TID 19)) 3.081ms
[106.586s][info][gc          ] Allocation Stall (Executor task launch worker for task 32.0 in stage 0.0 (TID 32)) 4.961ms
[106.586s][info][gc          ] Allocation Stall (Executor task launch worker for task 44.0 in stage 0.0 (TID 44)) 4.965ms
[106.586s][info][gc          ] Allocation Stall (Executor task launch worker for task 25.0 in stage 0.0 (TID 25)) 4.356ms
[106.586s][info][gc          ] Allocation Stall (Executor task launch worker for task 8.0 in stage 0.0 (TID 8)) 4.945ms
[106.586s][info][gc          ] Allocation Stall (Executor task launch worker for task 6.0 in stage 0.0 (TID 6)) 4.295ms
[106.586s][info][gc          ] Allocation Stall (Executor task launch worker for task 24.0 in stage 0.0 (TID 24)) 3.176ms
[106.586s][info][gc          ] Allocation Stall (Executor task launch worker for task 30.0 in stage 0.0 (TID 30)) 3.189ms
[106.586s][info][gc          ] Allocation Stall (Executor task launch worker for task 7.0 in stage 0.0 (TID 7)) 3.135ms
[106.586s][info][gc          ] Allocation Stall (Executor task launch worker for task 10.0 in stage 0.0 (TID 10)) 2.996ms
[106.586s][info][gc          ] Allocation Stall (Executor task launch worker for task 5.0 in stage 0.0 (TID 5)) 2.915ms
[106.586s][info][gc          ] Allocation Stall (Executor task launch worker for task 18.0 in stage 0.0 (TID 18)) 2.946ms
[106.586s][info][gc          ] Allocation Stall (Executor task launch worker for task 45.0 in stage 0.0 (TID 45)) 2.911ms
[106.586s][info][gc          ] Allocation Stall (Executor task launch worker for task 23.0 in stage 0.0 (TID 23)) 2.948ms
[106.586s][info][gc          ] Allocation Stall (Executor task launch worker for task 27.0 in stage 0.0 (TID 27)) 2.941ms
[106.586s][info][gc          ] Allocation Stall (Executor task launch worker for task 26.0 in stage 0.0 (TID 26)) 2.822ms
[106.586s][info][gc          ] Allocation Stall (Executor task launch worker for task 15.0 in stage 0.0 (TID 15)) 2.751ms
[106.586s][info][gc          ] Allocation Stall (Executor task launch worker for task 41.0 in stage 0.0 (TID 41)) 2.794ms
[106.586s][info][gc          ] Allocation Stall (Executor task launch worker for task 43.0 in stage 0.0 (TID 43)) 2.812ms
[106.586s][info][gc          ] Allocation Stall (Executor task launch worker for task 38.0 in stage 0.0 (TID 38)) 2.826ms
[106.587s][info][gc          ] Allocation Stall (Executor task launch worker for task 2.0 in stage 0.0 (TID 2)) 2.910ms
[106.587s][info][gc          ] Allocation Stall (Executor task launch worker for task 36.0 in stage 0.0 (TID 36)) 2.951ms
[106.587s][info][gc          ] Allocation Stall (Executor task launch worker for task 0.0 in stage 0.0 (TID 0)) 2.946ms
[106.587s][info][gc          ] Allocation Stall (Executor task launch worker for task 16.0 in stage 0.0 (TID 16)) 3.013ms
[106.587s][info][gc          ] Allocation Stall (Executor task launch worker for task 12.0 in stage 0.0 (TID 12)) 3.012ms
[106.587s][info][gc          ] Allocation Stall (Executor task launch worker for task 29.0 in stage 0.0 (TID 29)) 2.995ms
[106.587s][info][gc          ] Allocation Stall (Executor task launch worker for task 4.0 in stage 0.0 (TID 4)) 3.015ms
[106.587s][info][gc          ] Allocation Stall (Executor task launch worker for task 39.0 in stage 0.0 (TID 39)) 3.071ms
[106.587s][info][gc          ] Allocation Stall (Executor task launch worker for task 14.0 in stage 0.0 (TID 14)) 2.958ms
[106.587s][info][gc          ] Allocation Stall (Executor task launch worker for task 20.0 in stage 0.0 (TID 20)) 2.868ms
[106.624s][info][gc          ] Relocation Stall (Executor task launch worker for task 13.0 in stage 0.0 (TID 13)) 41.052ms
[106.624s][info][gc          ] Relocation Stall (Executor task launch worker for task 40.0 in stage 0.0 (TID 40)) 41.338ms
[106.624s][info][gc          ] Relocation Stall (Executor task launch worker for task 3.0 in stage 0.0 (TID 3)) 42.580ms
[106.624s][info][gc          ] Relocation Stall (Executor task launch worker for task 34.0 in stage 0.0 (TID 34)) 43.668ms
[106.624s][info][gc          ] Allocation Stall (Executor task launch worker for task 23.0 in stage 0.0 (TID 23)) 10.092ms
[106.624s][info][gc          ] Allocation Stall (Executor task launch worker for task 33.0 in stage 0.0 (TID 33)) 9.800ms
[106.624s][info][gc          ] Allocation Stall (Executor task launch worker for task 16.0 in stage 0.0 (TID 16)) 9.396ms
[106.624s][info][gc          ] Allocation Stall (Executor task launch worker for task 38.0 in stage 0.0 (TID 38)) 9.499ms
[106.624s][info][gc          ] Allocation Stall (Executor task launch worker for task 26.0 in stage 0.0 (TID 26)) 9.878ms
[106.624s][info][gc          ] Allocation Stall (Executor task launch worker for task 18.0 in stage 0.0 (TID 18)) 9.818ms
[106.624s][info][gc          ] Allocation Stall (Executor task launch worker for task 0.0 in stage 0.0 (TID 0)) 10.607ms
[106.624s][info][gc          ] Allocation Stall (Executor task launch worker for task 45.0 in stage 0.0 (TID 45)) 12.302ms
[106.624s][info][gc          ] Allocation Stall (Executor task launch worker for task 41.0 in stage 0.0 (TID 41)) 10.737ms
[106.624s][info][gc          ] Allocation Stall (Executor task launch worker for task 30.0 in stage 0.0 (TID 30)) 10.780ms
[106.624s][info][gc          ] Allocation Stall (Executor task launch worker for task 36.0 in stage 0.0 (TID 36)) 11.497ms
[106.624s][info][gc          ] Allocation Stall (Executor task launch worker for task 11.0 in stage 0.0 (TID 11)) 11.512ms
[106.624s][info][gc          ] Allocation Stall (Executor task launch worker for task 37.0 in stage 0.0 (TID 37)) 10.941ms
[106.624s][info][gc          ] Allocation Stall (Executor task launch worker for task 8.0 in stage 0.0 (TID 8)) 11.647ms
[106.624s][info][gc          ] Allocation Stall (Executor task launch worker for task 5.0 in stage 0.0 (TID 5)) 11.642ms
[106.624s][info][gc          ] Allocation Stall (Executor task launch worker for task 44.0 in stage 0.0 (TID 44)) 11.257ms
[106.624s][info][gc          ] Relocation Stall (Executor task launch worker for task 22.0 in stage 0.0 (TID 22)) 42.632ms
[106.624s][info][gc          ] Relocation Stall (Executor task launch worker for task 42.0 in stage 0.0 (TID 42)) 44.858ms
[106.624s][info][gc          ] Allocation Stall (Executor task launch worker for task 32.0 in stage 0.0 (TID 32)) 7.880ms
[106.624s][info][gc          ] Allocation Stall (Executor task launch worker for task 43.0 in stage 0.0 (TID 43)) 7.591ms
[106.624s][info][gc          ] Allocation Stall (Executor task launch worker for task 46.0 in stage 0.0 (TID 46)) 8.097ms
[106.624s][info][gc          ] Allocation Stall (Executor task launch worker for task 19.0 in stage 0.0 (TID 19)) 8.114ms
[106.624s][info][gc          ] Allocation Stall (Executor task launch worker for task 15.0 in stage 0.0 (TID 15)) 7.698ms
[106.624s][info][gc          ] Allocation Stall (Executor task launch worker for task 24.0 in stage 0.0 (TID 24)) 7.910ms
[106.624s][info][gc          ] Allocation Stall (Executor task launch worker for task 35.0 in stage 0.0 (TID 35)) 7.827ms
[106.624s][info][gc          ] Allocation Stall (Executor task launch worker for task 29.0 in stage 0.0 (TID 29)) 8.314ms
[106.624s][info][gc          ] Allocation Stall (Executor task launch worker for task 47.0 in stage 0.0 (TID 47)) 9.277ms
[106.624s][info][gc,phases   ] GC(74) Concurrent Relocate 46.326ms
[106.624s][info][gc          ] Allocation Stall (Executor task launch worker for task 4.0 in stage 0.0 (TID 4)) 9.217ms
[106.624s][info][gc          ] Allocation Stall (Executor task launch worker for task 39.0 in stage 0.0 (TID 39)) 9.207ms
[106.624s][info][gc          ] Allocation Stall (Executor task launch worker for task 10.0 in stage 0.0 (TID 10)) 8.787ms
[106.624s][info][gc          ] Allocation Stall (Executor task launch worker for task 14.0 in stage 0.0 (TID 14)) 8.856ms
[106.625s][info][gc          ] Allocation Stall (Executor task launch worker for task 21.0 in stage 0.0 (TID 21)) 8.725ms
[106.625s][info][gc          ] Allocation Stall (Executor task launch worker for task 9.0 in stage 0.0 (TID 9)) 8.683ms
[106.625s][info][gc          ] Allocation Stall (Executor task launch worker for task 20.0 in stage 0.0 (TID 20)) 8.463ms
[106.625s][info][gc,load     ] GC(74) Load: 0.00/0.00/0.00
[106.625s][info][gc          ] Allocation Stall (Executor task launch worker for task 7.0 in stage 0.0 (TID 7)) 7.841ms
[106.625s][info][gc,mmu      ] GC(74) MMU: 2ms/94.2%, 5ms/97.7%, 10ms/98.8%, 20ms/99.3%, 50ms/99.7%, 100ms/99.8%
[106.625s][info][gc          ] Allocation Stall (Executor task launch worker for task 31.0 in stage 0.0 (TID 31)) 7.964ms
[106.625s][info][gc,marking  ] GC(74) Mark: 8 stripe(s), 3 proactive flush(es), 1 terminate flush(es), 0 completion(s), 0 continuation(s) 
[106.625s][info][gc,marking  ] GC(74) Mark Stack Usage: 32M
[106.625s][info][gc          ] Allocation Stall (Executor task launch worker for task 6.0 in stage 0.0 (TID 6)) 7.828ms
[106.625s][info][gc          ] Allocation Stall (Executor task launch worker for task 2.0 in stage 0.0 (TID 2)) 7.849ms
[106.625s][info][gc,nmethod  ] GC(74) NMethods: 2160 registered, 79 unregistered
[106.625s][info][gc          ] Allocation Stall (Executor task launch worker for task 17.0 in stage 0.0 (TID 17)) 7.848ms
[106.625s][info][gc,metaspace] GC(74) Metaspace: 112M used, 124M committed, 1152M reserved
[106.625s][info][gc          ] Allocation Stall (Executor task launch worker for task 28.0 in stage 0.0 (TID 28)) 7.822ms
[106.625s][info][gc,ref      ] GC(74) Soft: 2800 encountered, 1869 discovered, 0 enqueued
[106.625s][info][gc          ] Allocation Stall (Executor task launch worker for task 12.0 in stage 0.0 (TID 12)) 7.867ms
[106.625s][info][gc,ref      ] GC(74) Weak: 12967 encountered, 2718 discovered, 0 enqueued
[106.625s][info][gc          ] Allocation Stall (Executor task launch worker for task 27.0 in stage 0.0 (TID 27)) 7.906ms
[106.625s][info][gc,ref      ] GC(74) Final: 62 encountered, 2 discovered, 0 enqueued
[106.625s][info][gc,ref      ] GC(74) Phantom: 750 encountered, 728 discovered, 0 enqueued
[106.625s][info][gc          ] Allocation Stall (Executor task launch worker for task 25.0 in stage 0.0 (TID 25)) 7.775ms
[106.625s][info][gc,reloc    ] GC(74) Small Pages: 108 / 216M, Empty: 86M, Relocated: 3M, In-Place: 2
[106.625s][info][gc          ] Allocation Stall (Spark Context Cleaner) 5.788ms
[106.625s][info][gc,reloc    ] GC(74) Medium Pages: 18 / 576M, Empty: 0M, Relocated: 22M, In-Place: 0
[106.625s][info][gc          ] Allocation Stall (Executor task launch worker for task 3.0 in stage 0.0 (TID 3)) 1.113ms
[106.625s][info][gc,reloc    ] GC(74) Large Pages: 26 / 208M, Empty: 0M, Relocated: 0M, In-Place: 0
[106.625s][info][gc          ] Allocation Stall (Executor task launch worker for task 13.0 in stage 0.0 (TID 13)) 1.024ms
[106.625s][info][gc,reloc    ] GC(74) Forwarding Usage: 0M
[106.625s][info][gc          ] Allocation Stall (Executor task launch worker for task 40.0 in stage 0.0 (TID 40)) 1.077ms
[106.625s][info][gc,heap     ] GC(74) Min Capacity: 8M(1%)
[106.625s][info][gc,heap     ] GC(74) Max Capacity: 1024M(100%)
[106.625s][info][gc,heap     ] GC(74) Soft Max Capacity: 1024M(100%)
[106.625s][info][gc,heap     ] GC(74)                Mark Start          Mark End        Relocate Start      Relocate End           High               Low         
[106.626s][info][gc,heap     ] GC(74)  Capacity:     1024M (100%)       1024M (100%)       1024M (100%)       1024M (100%)       1024M (100%)       1024M (100%)   
[106.626s][info][gc,heap     ] GC(74)      Free:        0M (0%)            0M (0%)           70M (7%)            0M (0%)           86M (8%)            0M (0%)     
[106.626s][info][gc,heap     ] GC(74)      Used:     1024M (100%)       1024M (100%)        954M (93%)        1024M (100%)       1024M (100%)        938M (92%)    
[106.626s][info][gc,heap     ] GC(74)      Live:         -               729M (71%)         729M (71%)         729M (71%)            -                  -          
[106.626s][info][gc,heap     ] GC(74) Allocated:         -                 0M (0%)           16M (2%)          160M (16%)            -                  -          
[106.626s][info][gc,heap     ] GC(74)   Garbage:         -               294M (29%)         208M (20%)         134M (13%)            -                  -          
[106.626s][info][gc,heap     ] GC(74) Reclaimed:         -                  -                86M (8%)          160M (16%)            -                  -          
[106.626s][info][gc          ] GC(74) Garbage Collection (Allocation Stall) 1024M(100%)->1024M(100%)
[106.627s][info][gc,start    ] GC(75) Garbage Collection (Allocation Stall)
[106.628s][info][gc,ref      ] GC(75) Clearing All SoftReferences
[106.628s][info][gc,task     ] GC(75) Using 10 workers
[106.635s][info][gc,ref      ] GC(75) Clearing All SoftReferences
[106.635s][info][gc,phases   ] GC(75) Pause Mark Start 0.030ms
[106.635s][info][gc          ] Allocation Stall (Executor task launch worker for task 25.0 in stage 0.0 (TID 25)) 7.578ms
[106.635s][info][gc          ] Allocation Stall (Executor task launch worker for task 40.0 in stage 0.0 (TID 40)) 7.579ms
[106.635s][info][gc          ] Allocation Stall (Executor task launch worker for task 7.0 in stage 0.0 (TID 7)) 7.581ms
[106.635s][info][gc          ] Allocation Stall (Executor task launch worker for task 27.0 in stage 0.0 (TID 27)) 7.574ms
[106.635s][info][gc          ] Allocation Stall (Executor task launch worker for task 45.0 in stage 0.0 (TID 45)) 7.639ms
[106.635s][info][gc          ] Allocation Stall (Executor task launch worker for task 22.0 in stage 0.0 (TID 22)) 7.584ms
[106.635s][info][gc          ] Allocation Stall (Executor task launch worker for task 2.0 in stage 0.0 (TID 2)) 7.565ms
[106.682s][info][gc,phases   ] GC(75) Concurrent Mark 46.687ms
[106.682s][info][gc,phases   ] GC(75) Pause Mark End 0.017ms
[106.682s][info][gc,phases   ] GC(75) Concurrent Mark Free 0.001ms
[106.683s][info][gc,phases   ] GC(75) Concurrent Process Non-Strong References 0.857ms
[106.683s][info][gc,phases   ] GC(75) Concurrent Reset Relocation Set 0.004ms
[106.685s][info][gc          ] Allocation Stall (Executor task launch worker for task 33.0 in stage 0.0 (TID 33)) 20.409ms
[106.685s][info][gc          ] Allocation Stall (Executor task launch worker for task 4.0 in stage 0.0 (TID 4)) 20.264ms
[106.685s][info][gc          ] Allocation Stall (Executor task launch worker for task 7.0 in stage 0.0 (TID 7)) 20.293ms
[106.685s][info][gc          ] Allocation Stall (Executor task launch worker for task 24.0 in stage 0.0 (TID 24)) 20.592ms
[106.685s][info][gc          ] Allocation Stall (Executor task launch worker for task 29.0 in stage 0.0 (TID 29)) 20.257ms
[106.685s][info][gc          ] Allocation Stall (Executor task launch worker for task 45.0 in stage 0.0 (TID 45)) 20.421ms
[106.685s][info][gc          ] Allocation Stall (Executor task launch worker for task 12.0 in stage 0.0 (TID 12)) 21.377ms
[106.685s][info][gc          ] Allocation Stall (Executor task launch worker for task 5.0 in stage 0.0 (TID 5)) 21.191ms
[106.685s][info][gc          ] Allocation Stall (Executor task launch worker for task 16.0 in stage 0.0 (TID 16)) 20.527ms
[106.685s][info][gc          ] Allocation Stall (Executor task launch worker for task 25.0 in stage 0.0 (TID 25)) 20.519ms
[106.685s][info][gc          ] Allocation Stall (Executor task launch worker for task 11.0 in stage 0.0 (TID 11)) 20.803ms
[106.685s][info][gc          ] Allocation Stall (Executor task launch worker for task 6.0 in stage 0.0 (TID 6)) 20.688ms
[106.685s][info][gc          ] Allocation Stall (Executor task launch worker for task 0.0 in stage 0.0 (TID 0)) 21.108ms
[106.685s][info][gc          ] Allocation Stall (Executor task launch worker for task 41.0 in stage 0.0 (TID 41)) 22.024ms
[106.685s][info][gc          ] Allocation Stall (Executor task launch worker for task 39.0 in stage 0.0 (TID 39)) 23.124ms
[106.685s][info][gc          ] Allocation Stall (Executor task launch worker for task 19.0 in stage 0.0 (TID 19)) 24.332ms
[106.685s][info][gc          ] Allocation Stall (Executor task launch worker for task 22.0 in stage 0.0 (TID 22)) 22.485ms
[106.685s][info][gc          ] Allocation Stall (Executor task launch worker for task 3.0 in stage 0.0 (TID 3)) 20.663ms
[106.685s][info][gc          ] Allocation Stall (Executor task launch worker for task 31.0 in stage 0.0 (TID 31)) 24.145ms
[106.685s][info][gc          ] Allocation Stall (Executor task launch worker for task 8.0 in stage 0.0 (TID 8)) 20.149ms
[106.685s][info][gc          ] Allocation Stall (Executor task launch worker for task 42.0 in stage 0.0 (TID 42)) 20.869ms
[106.685s][info][gc          ] Allocation Stall (Executor task launch worker for task 2.0 in stage 0.0 (TID 2)) 20.809ms
[106.685s][info][gc          ] Allocation Stall (Executor task launch worker for task 47.0 in stage 0.0 (TID 47)) 20.108ms
[106.685s][info][gc          ] Allocation Stall (Executor task launch worker for task 34.0 in stage 0.0 (TID 34)) 21.034ms
[106.685s][info][gc          ] Allocation Stall (Executor task launch worker for task 23.0 in stage 0.0 (TID 23)) 23.603ms
[106.685s][info][gc          ] Allocation Stall (Executor task launch worker for task 40.0 in stage 0.0 (TID 40)) 25.228ms
[106.685s][info][gc          ] Allocation Stall (Executor task launch worker for task 35.0 in stage 0.0 (TID 35)) 22.811ms
[106.685s][info][gc          ] Allocation Stall (Executor task launch worker for task 9.0 in stage 0.0 (TID 9)) 24.809ms
[106.685s][info][gc          ] Allocation Stall (Executor task launch worker for task 43.0 in stage 0.0 (TID 43)) 22.292ms
[106.685s][info][gc          ] Allocation Stall (Executor task launch worker for task 30.0 in stage 0.0 (TID 30)) 20.925ms
[106.685s][info][gc          ] Allocation Stall (Executor task launch worker for task 36.0 in stage 0.0 (TID 36)) 23.037ms
[106.685s][info][gc          ] Allocation Stall (Executor task launch worker for task 20.0 in stage 0.0 (TID 20)) 22.362ms
[106.685s][info][gc          ] Allocation Stall (Executor task launch worker for task 17.0 in stage 0.0 (TID 17)) 22.678ms
[106.685s][info][gc          ] Allocation Stall (Executor task launch worker for task 27.0 in stage 0.0 (TID 27)) 21.052ms
[106.685s][info][gc          ] Allocation Stall (Executor task launch worker for task 32.0 in stage 0.0 (TID 32)) 23.277ms
[106.685s][info][gc          ] Allocation Stall (Executor task launch worker for task 15.0 in stage 0.0 (TID 15)) 22.899ms
[106.685s][info][gc,phases   ] GC(75) Concurrent Select Relocation Set 2.269ms
[106.685s][info][gc          ] Allocation Stall (Executor task launch worker for task 26.0 in stage 0.0 (TID 26)) 20.162ms
[106.685s][info][gc          ] Allocation Stall (Executor task launch worker for task 1.0 in stage 0.0 (TID 1)) 20.134ms
[106.685s][info][gc          ] Allocation Stall (Executor task launch worker for task 14.0 in stage 0.0 (TID 14)) 20.095ms
[106.685s][info][gc          ] Allocation Stall (Executor task launch worker for task 21.0 in stage 0.0 (TID 21)) 20.024ms
[106.685s][info][gc          ] Allocation Stall (Executor task launch worker for task 10.0 in stage 0.0 (TID 10)) 20.041ms
[106.685s][info][gc          ] Allocation Stall (Executor task launch worker for task 46.0 in stage 0.0 (TID 46)) 20.067ms
[106.685s][info][gc          ] Allocation Stall (Executor task launch worker for task 18.0 in stage 0.0 (TID 18)) 19.960ms
[106.685s][info][gc          ] Allocation Stall (Executor task launch worker for task 28.0 in stage 0.0 (TID 28)) 19.957ms
[106.686s][info][gc          ] Allocation Stall (Executor task launch worker for task 37.0 in stage 0.0 (TID 37)) 19.959ms
[106.686s][info][gc          ] Allocation Stall (Executor task launch worker for task 44.0 in stage 0.0 (TID 44)) 19.966ms
[106.686s][info][gc          ] Allocation Stall (Executor task launch worker for task 38.0 in stage 0.0 (TID 38)) 20.001ms
[106.686s][info][gc          ] Allocation Stall (Executor task launch worker for task 13.0 in stage 0.0 (TID 13)) 14.626ms
[106.687s][info][gc,phases   ] GC(75) Pause Relocate Start 0.007ms
[106.702s][info][gc          ] Allocation Stall (Executor task launch worker for task 18.0 in stage 0.0 (TID 18)) 6.747ms
[106.702s][info][gc          ] Allocation Stall (Executor task launch worker for task 46.0 in stage 0.0 (TID 46)) 4.547ms
[106.702s][info][gc          ] Allocation Stall (Executor task launch worker for task 2.0 in stage 0.0 (TID 2)) 4.110ms
[106.702s][info][gc          ] Allocation Stall (Executor task launch worker for task 21.0 in stage 0.0 (TID 21)) 4.011ms
[106.702s][info][gc          ] Allocation Stall (Executor task launch worker for task 7.0 in stage 0.0 (TID 7)) 5.525ms
[106.702s][info][gc          ] Allocation Stall (Executor task launch worker for task 20.0 in stage 0.0 (TID 20)) 4.163ms
[106.702s][info][gc          ] Allocation Stall (Executor task launch worker for task 24.0 in stage 0.0 (TID 24)) 5.476ms
[106.702s][info][gc          ] Allocation Stall (Executor task launch worker for task 25.0 in stage 0.0 (TID 25)) 5.777ms
[106.702s][info][gc          ] Allocation Stall (Executor task launch worker for task 26.0 in stage 0.0 (TID 26)) 6.208ms
[106.702s][info][gc          ] Allocation Stall (Executor task launch worker for task 36.0 in stage 0.0 (TID 36)) 5.312ms
[106.702s][info][gc          ] Allocation Stall (Executor task launch worker for task 11.0 in stage 0.0 (TID 11)) 3.982ms
[106.702s][info][gc          ] Allocation Stall (Executor task launch worker for task 39.0 in stage 0.0 (TID 39)) 4.182ms
[106.702s][info][gc          ] Allocation Stall (Executor task launch worker for task 0.0 in stage 0.0 (TID 0)) 6.212ms
[106.702s][info][gc          ] Allocation Stall (Executor task launch worker for task 35.0 in stage 0.0 (TID 35)) 6.143ms
[106.702s][info][gc          ] Allocation Stall (Executor task launch worker for task 17.0 in stage 0.0 (TID 17)) 6.085ms
[106.702s][info][gc          ] Allocation Stall (Executor task launch worker for task 4.0 in stage 0.0 (TID 4)) 6.113ms
[106.702s][info][gc          ] Allocation Stall (Executor task launch worker for task 41.0 in stage 0.0 (TID 41)) 5.916ms
[106.702s][info][gc          ] Allocation Stall (Executor task launch worker for task 31.0 in stage 0.0 (TID 31)) 4.292ms
[106.702s][info][gc          ] Allocation Stall (Executor task launch worker for task 5.0 in stage 0.0 (TID 5)) 4.285ms
[106.703s][info][gc          ] Allocation Stall (Executor task launch worker for task 15.0 in stage 0.0 (TID 15)) 4.301ms
[106.703s][info][gc          ] Allocation Stall (Executor task launch worker for task 1.0 in stage 0.0 (TID 1)) 4.294ms
[106.703s][info][gc          ] Allocation Stall (Executor task launch worker for task 8.0 in stage 0.0 (TID 8)) 4.312ms
[106.703s][info][gc          ] Allocation Stall (Executor task launch worker for task 23.0 in stage 0.0 (TID 23)) 4.189ms
[106.703s][info][gc          ] Allocation Stall (Executor task launch worker for task 37.0 in stage 0.0 (TID 37)) 3.996ms
[106.703s][info][gc          ] Allocation Stall (Executor task launch worker for task 45.0 in stage 0.0 (TID 45)) 4.021ms
[106.703s][info][gc          ] Allocation Stall (Executor task launch worker for task 33.0 in stage 0.0 (TID 33)) 4.053ms
[106.703s][info][gc          ] Allocation Stall (Executor task launch worker for task 38.0 in stage 0.0 (TID 38)) 3.909ms
[106.703s][info][gc          ] Allocation Stall (Executor task launch worker for task 19.0 in stage 0.0 (TID 19)) 3.762ms
[106.703s][info][gc          ] Allocation Stall (Executor task launch worker for task 30.0 in stage 0.0 (TID 30)) 3.682ms
[106.703s][info][gc          ] Allocation Stall (Executor task launch worker for task 16.0 in stage 0.0 (TID 16)) 3.742ms
[106.703s][info][gc          ] Allocation Stall (Executor task launch worker for task 43.0 in stage 0.0 (TID 43)) 3.756ms
[106.703s][info][gc          ] Allocation Stall (Executor task launch worker for task 32.0 in stage 0.0 (TID 32)) 3.746ms
[106.703s][info][gc          ] Allocation Stall (Executor task launch worker for task 6.0 in stage 0.0 (TID 6)) 3.746ms
[106.703s][info][gc          ] Allocation Stall (Executor task launch worker for task 28.0 in stage 0.0 (TID 28)) 3.691ms
[106.703s][info][gc          ] Allocation Stall (Executor task launch worker for task 47.0 in stage 0.0 (TID 47)) 3.678ms
[106.703s][info][gc          ] Allocation Stall (Executor task launch worker for task 27.0 in stage 0.0 (TID 27)) 3.652ms
[106.703s][info][gc          ] Allocation Stall (Executor task launch worker for task 44.0 in stage 0.0 (TID 44)) 3.627ms
[106.703s][info][gc          ] Allocation Stall (Executor task launch worker for task 9.0 in stage 0.0 (TID 9)) 3.514ms
[106.703s][info][gc          ] Allocation Stall (Executor task launch worker for task 29.0 in stage 0.0 (TID 29)) 3.571ms
[106.703s][info][gc          ] Allocation Stall (Executor task launch worker for task 14.0 in stage 0.0 (TID 14)) 3.586ms
[106.703s][info][gc          ] Allocation Stall (Executor task launch worker for task 13.0 in stage 0.0 (TID 13)) 3.619ms
[106.703s][info][gc          ] Allocation Stall (Executor task launch worker for task 12.0 in stage 0.0 (TID 12)) 3.477ms
[106.703s][info][gc          ] Allocation Stall (Executor task launch worker for task 10.0 in stage 0.0 (TID 10)) 3.525ms
[106.703s][info][gc          ] Allocation Stall (Executor task launch worker for task 3.0 in stage 0.0 (TID 3)) 2.615ms
[106.714s][info][gc          ] Allocation Stall (Executor task launch worker for task 19.0 in stage 0.0 (TID 19)) 3.649ms
[106.715s][info][gc          ] Allocation Stall (Executor task launch worker for task 27.0 in stage 0.0 (TID 27)) 4.463ms
[106.715s][info][gc          ] Allocation Stall (Executor task launch worker for task 33.0 in stage 0.0 (TID 33)) 4.920ms
[106.715s][info][gc          ] Allocation Stall (Executor task launch worker for task 38.0 in stage 0.0 (TID 38)) 4.624ms
[106.715s][info][gc          ] Allocation Stall (Executor task launch worker for task 14.0 in stage 0.0 (TID 14)) 4.559ms
[106.716s][info][gc          ] Allocation Stall (Executor task launch worker for task 44.0 in stage 0.0 (TID 44)) 5.692ms
[106.716s][info][gc          ] Allocation Stall (Executor task launch worker for task 32.0 in stage 0.0 (TID 32)) 5.651ms
[106.717s][info][gc          ] Allocation Stall (Executor task launch worker for task 13.0 in stage 0.0 (TID 13)) 6.113ms
[106.717s][info][gc          ] Allocation Stall (Executor task launch worker for task 3.0 in stage 0.0 (TID 3)) 5.757ms
[106.717s][info][gc          ] Allocation Stall (Executor task launch worker for task 25.0 in stage 0.0 (TID 25)) 5.634ms
[106.717s][info][gc          ] Allocation Stall (Executor task launch worker for task 21.0 in stage 0.0 (TID 21)) 5.629ms
[106.717s][info][gc          ] Allocation Stall (Executor task launch worker for task 10.0 in stage 0.0 (TID 10)) 5.380ms
[106.732s][info][gc          ] Relocation Stall (Executor task launch worker for task 34.0 in stage 0.0 (TID 34)) 40.203ms
[106.732s][info][gc          ] Relocation Stall (Executor task launch worker for task 22.0 in stage 0.0 (TID 22)) 40.221ms
[106.732s][info][gc          ] Relocation Stall (Executor task launch worker for task 42.0 in stage 0.0 (TID 42)) 43.725ms
[106.733s][info][gc          ] Allocation Stall (Executor task launch worker for task 32.0 in stage 0.0 (TID 32)) 6.604ms
[106.733s][info][gc          ] Allocation Stall (Executor task launch worker for task 3.0 in stage 0.0 (TID 3)) 6.869ms
[106.733s][info][gc          ] Allocation Stall (Executor task launch worker for task 21.0 in stage 0.0 (TID 21)) 6.610ms
[106.733s][info][gc          ] Allocation Stall (Executor task launch worker for task 46.0 in stage 0.0 (TID 46)) 6.909ms
[106.733s][info][gc          ] Allocation Stall (Executor task launch worker for task 17.0 in stage 0.0 (TID 17)) 6.463ms
[106.733s][info][gc          ] Allocation Stall (Executor task launch worker for task 41.0 in stage 0.0 (TID 41)) 6.763ms
[106.733s][info][gc          ] Allocation Stall (Executor task launch worker for task 13.0 in stage 0.0 (TID 13)) 6.733ms
[106.733s][info][gc          ] Allocation Stall (Executor task launch worker for task 25.0 in stage 0.0 (TID 25)) 6.529ms
[106.733s][info][gc          ] Allocation Stall (Executor task launch worker for task 38.0 in stage 0.0 (TID 38)) 7.557ms
[106.733s][info][gc          ] Allocation Stall (Executor task launch worker for task 28.0 in stage 0.0 (TID 28)) 6.489ms
[106.733s][info][gc          ] Allocation Stall (Executor task launch worker for task 43.0 in stage 0.0 (TID 43)) 7.478ms
[106.733s][info][gc          ] Allocation Stall (Executor task launch worker for task 30.0 in stage 0.0 (TID 30)) 7.048ms
[106.733s][info][gc          ] Allocation Stall (Executor task launch worker for task 35.0 in stage 0.0 (TID 35)) 7.017ms
[106.733s][info][gc,phases   ] GC(75) Concurrent Relocate 43.770ms
[106.733s][info][gc          ] Allocation Stall (Executor task launch worker for task 10.0 in stage 0.0 (TID 10)) 6.998ms
[106.733s][info][gc          ] Allocation Stall (Executor task launch worker for task 37.0 in stage 0.0 (TID 37)) 6.974ms
[106.733s][info][gc          ] Allocation Stall (Executor task launch worker for task 9.0 in stage 0.0 (TID 9)) 6.949ms
[106.733s][info][gc          ] Allocation Stall (Executor task launch worker for task 0.0 in stage 0.0 (TID 0)) 6.351ms
[106.733s][info][gc,load     ] GC(75) Load: 0.00/0.00/0.00
[106.733s][info][gc          ] Allocation Stall (Executor task launch worker for task 1.0 in stage 0.0 (TID 1)) 6.401ms
[106.733s][info][gc          ] Allocation Stall (Executor task launch worker for task 8.0 in stage 0.0 (TID 8)) 6.260ms
[106.733s][info][gc          ] Allocation Stall (Executor task launch worker for task 2.0 in stage 0.0 (TID 2)) 6.255ms
[106.733s][info][gc,mmu      ] GC(75) MMU: 2ms/94.2%, 5ms/97.7%, 10ms/98.8%, 20ms/99.3%, 50ms/99.7%, 100ms/99.8%
[106.733s][info][gc          ] Allocation Stall (Executor task launch worker for task 24.0 in stage 0.0 (TID 24)) 6.139ms
[106.733s][info][gc          ] Allocation Stall (Executor task launch worker for task 20.0 in stage 0.0 (TID 20)) 5.954ms
[106.733s][info][gc,marking  ] GC(75) Mark: 8 stripe(s), 2 proactive flush(es), 1 terminate flush(es), 0 completion(s), 0 continuation(s) 
[106.733s][info][gc          ] Allocation Stall (Executor task launch worker for task 39.0 in stage 0.0 (TID 39)) 5.996ms
[106.733s][info][gc          ] Allocation Stall (Executor task launch worker for task 31.0 in stage 0.0 (TID 31)) 6.012ms
[106.733s][info][gc,marking  ] GC(75) Mark Stack Usage: 32M
[106.733s][info][gc          ] Allocation Stall (Executor task launch worker for task 15.0 in stage 0.0 (TID 15)) 5.916ms
[106.733s][info][gc          ] Allocation Stall (Executor task launch worker for task 33.0 in stage 0.0 (TID 33)) 5.850ms
[106.733s][info][gc,nmethod  ] GC(75) NMethods: 2161 registered, 79 unregistered
[106.733s][info][gc          ] Allocation Stall (Executor task launch worker for task 7.0 in stage 0.0 (TID 7)) 5.882ms
[106.733s][info][gc          ] Allocation Stall (Executor task launch worker for task 12.0 in stage 0.0 (TID 12)) 5.896ms
[106.733s][info][gc,metaspace] GC(75) Metaspace: 112M used, 124M committed, 1152M reserved
[106.733s][info][gc          ] Allocation Stall (Executor task launch worker for task 19.0 in stage 0.0 (TID 19)) 5.968ms
[106.734s][info][gc          ] Allocation Stall (Executor task launch worker for task 23.0 in stage 0.0 (TID 23)) 5.989ms
[106.734s][info][gc,ref      ] GC(75) Soft: 2800 encountered, 2232 discovered, 0 enqueued
[106.734s][info][gc          ] Allocation Stall (Executor task launch worker for task 40.0 in stage 0.0 (TID 40)) 5.929ms
[106.734s][info][gc          ] Allocation Stall (Executor task launch worker for task 11.0 in stage 0.0 (TID 11)) 5.942ms
[106.734s][info][gc,ref      ] GC(75) Weak: 12963 encountered, 4041 discovered, 0 enqueued
[106.734s][info][gc          ] Allocation Stall (Executor task launch worker for task 45.0 in stage 0.0 (TID 45)) 5.912ms
[106.734s][info][gc,ref      ] GC(75) Final: 62 encountered, 2 discovered, 0 enqueued
[106.734s][info][gc          ] Allocation Stall (Executor task launch worker for task 6.0 in stage 0.0 (TID 6)) 5.842ms
[106.734s][info][gc,ref      ] GC(75) Phantom: 750 encountered, 520 discovered, 0 enqueued
[106.734s][info][gc          ] Allocation Stall (Executor task launch worker for task 47.0 in stage 0.0 (TID 47)) 5.782ms
[106.734s][info][gc,reloc    ] GC(75) Small Pages: 96 / 192M, Empty: 64M, Relocated: 3M, In-Place: 0
[106.734s][info][gc          ] Allocation Stall (Executor task launch worker for task 29.0 in stage 0.0 (TID 29)) 5.774ms
[106.734s][info][gc          ] Allocation Stall (Executor task launch worker for task 5.0 in stage 0.0 (TID 5)) 5.752ms
[106.734s][info][gc,reloc    ] GC(75) Medium Pages: 18 / 576M, Empty: 0M, Relocated: 22M, In-Place: 1
[106.734s][info][gc          ] Allocation Stall (Executor task launch worker for task 26.0 in stage 0.0 (TID 26)) 5.759ms
[106.734s][info][gc          ] Allocation Stall (Executor task launch worker for task 16.0 in stage 0.0 (TID 16)) 5.685ms
[106.734s][info][gc,reloc    ] GC(75) Large Pages: 26 / 208M, Empty: 8M, Relocated: 0M, In-Place: 0
[106.734s][info][gc          ] Allocation Stall (Executor task launch worker for task 36.0 in stage 0.0 (TID 36)) 5.737ms
[106.734s][info][gc,reloc    ] GC(75) Forwarding Usage: 0M
[106.734s][info][gc          ] Allocation Stall (Executor task launch worker for task 27.0 in stage 0.0 (TID 27)) 5.506ms
[106.734s][info][gc,heap     ] GC(75) Min Capacity: 8M(1%)
[106.734s][info][gc          ] Allocation Stall (Executor task launch worker for task 4.0 in stage 0.0 (TID 4)) 5.479ms
[106.734s][info][gc,heap     ] GC(75) Max Capacity: 1024M(100%)
[106.734s][info][gc          ] Allocation Stall (Executor task launch worker for task 44.0 in stage 0.0 (TID 44)) 5.474ms
[106.734s][info][gc,heap     ] GC(75) Soft Max Capacity: 1024M(100%)
[106.734s][info][gc          ] Allocation Stall (Executor task launch worker for task 14.0 in stage 0.0 (TID 14)) 5.447ms
[106.734s][info][gc,heap     ] GC(75)                Mark Start          Mark End        Relocate Start      Relocate End           High               Low         
[106.734s][info][gc          ] Allocation Stall (Spark Context Cleaner) 5.419ms
[106.734s][info][gc,heap     ] GC(75)  Capacity:     1024M (100%)       1024M (100%)       1024M (100%)       1024M (100%)       1024M (100%)       1024M (100%)   
[106.734s][info][gc          ] Allocation Stall (Executor task launch worker for task 34.0 in stage 0.0 (TID 34)) 1.733ms
[106.734s][info][gc,heap     ] GC(75)      Free:       34M (3%)            0M (0%)           60M (6%)            0M (0%)           72M (7%)            0M (0%)     
[106.734s][info][gc,heap     ] GC(75)      Used:      990M (97%)        1024M (100%)        964M (94%)        1024M (100%)       1024M (100%)        952M (93%)    
[106.735s][info][gc,heap     ] GC(75)      Live:         -               721M (70%)         721M (70%)         721M (70%)            -                  -          
[106.735s][info][gc,heap     ] GC(75) Allocated:         -                34M (3%)           46M (4%)          174M (17%)            -                  -          
[106.735s][info][gc,heap     ] GC(75)   Garbage:         -               268M (26%)         196M (19%)         127M (12%)            -                  -          
[106.735s][info][gc,heap     ] GC(75) Reclaimed:         -                  -                72M (7%)          140M (14%)            -                  -          
[106.735s][info][gc          ] GC(75) Garbage Collection (Allocation Stall) 990M(97%)->1024M(100%)
[106.735s][info][gc,start    ] GC(76) Garbage Collection (Allocation Stall)
[106.735s][info][gc,ref      ] GC(76) Clearing All SoftReferences
[106.735s][info][gc,task     ] GC(76) Using 10 workers
[106.735s][info][gc,ref      ] GC(76) Clearing All SoftReferences
[106.735s][info][gc,phases   ] GC(76) Pause Mark Start 0.031ms
[106.736s][info][gc          ] Allocation Stall (Executor task launch worker for task 42.0 in stage 0.0 (TID 42)) 2.987ms
[106.776s][info][gc,phases   ] GC(76) Concurrent Mark 31.957ms
[106.776s][info][gc,phases   ] GC(76) Pause Mark End 0.017ms
[106.776s][info][gc,phases   ] GC(76) Concurrent Mark Free 0.001ms
[106.777s][info][gc,phases   ] GC(76) Concurrent Process Non-Strong References 0.977ms
[106.777s][info][gc,phases   ] GC(76) Concurrent Reset Relocation Set 0.005ms
[106.780s][info][gc          ] Allocation Stall (Executor task launch worker for task 12.0 in stage 0.0 (TID 12)) 34.569ms
[106.780s][info][gc          ] Allocation Stall (Executor task launch worker for task 11.0 in stage 0.0 (TID 11)) 33.494ms
[106.780s][info][gc          ] Allocation Stall (Executor task launch worker for task 25.0 in stage 0.0 (TID 25)) 34.942ms
[106.780s][info][gc          ] Allocation Stall (Executor task launch worker for task 42.0 in stage 0.0 (TID 42)) 35.594ms
[106.780s][info][gc          ] Allocation Stall (Executor task launch worker for task 39.0 in stage 0.0 (TID 39)) 33.466ms
[106.780s][info][gc          ] Allocation Stall (Executor task launch worker for task 5.0 in stage 0.0 (TID 5)) 33.617ms
[106.780s][info][gc          ] Allocation Stall (Executor task launch worker for task 20.0 in stage 0.0 (TID 20)) 34.228ms
[106.780s][info][gc          ] Allocation Stall (Executor task launch worker for task 9.0 in stage 0.0 (TID 9)) 35.136ms
[106.780s][info][gc          ] Allocation Stall (Executor task launch worker for task 15.0 in stage 0.0 (TID 15)) 34.609ms
[106.780s][info][gc          ] Allocation Stall (Executor task launch worker for task 4.0 in stage 0.0 (TID 4)) 35.816ms
[106.780s][info][gc          ] Allocation Stall (Executor task launch worker for task 8.0 in stage 0.0 (TID 8)) 35.443ms
[106.780s][info][gc          ] Allocation Stall (Executor task launch worker for task 45.0 in stage 0.0 (TID 45)) 39.400ms
[106.780s][info][gc          ] Allocation Stall (Executor task launch worker for task 37.0 in stage 0.0 (TID 37)) 34.602ms
[106.780s][info][gc          ] Allocation Stall (Executor task launch worker for task 13.0 in stage 0.0 (TID 13)) 33.975ms
[106.780s][info][gc          ] Allocation Stall (Executor task launch worker for task 40.0 in stage 0.0 (TID 40)) 35.775ms
[106.780s][info][gc          ] Allocation Stall (Executor task launch worker for task 38.0 in stage 0.0 (TID 38)) 35.830ms
[106.780s][info][gc          ] Allocation Stall (Executor task launch worker for task 46.0 in stage 0.0 (TID 46)) 35.610ms
[106.780s][info][gc          ] Allocation Stall (Executor task launch worker for task 33.0 in stage 0.0 (TID 33)) 33.774ms
[106.780s][info][gc          ] Allocation Stall (Executor task launch worker for task 26.0 in stage 0.0 (TID 26)) 33.485ms
[106.780s][info][gc          ] Allocation Stall (Executor task launch worker for task 34.0 in stage 0.0 (TID 34)) 33.405ms
[106.780s][info][gc          ] Allocation Stall (Executor task launch worker for task 14.0 in stage 0.0 (TID 14)) 35.780ms
[106.780s][info][gc          ] Allocation Stall (Executor task launch worker for task 1.0 in stage 0.0 (TID 1)) 35.928ms
[106.780s][info][gc          ] Allocation Stall (Executor task launch worker for task 2.0 in stage 0.0 (TID 2)) 33.267ms
[106.780s][info][gc          ] Allocation Stall (Executor task launch worker for task 36.0 in stage 0.0 (TID 36)) 35.825ms
[106.780s][info][gc          ] Allocation Stall (Executor task launch worker for task 27.0 in stage 0.0 (TID 27)) 35.777ms
[106.780s][info][gc          ] Allocation Stall (Executor task launch worker for task 16.0 in stage 0.0 (TID 16)) 34.825ms
[106.780s][info][gc          ] Allocation Stall (Executor task launch worker for task 41.0 in stage 0.0 (TID 41)) 36.004ms
[106.780s][info][gc          ] Allocation Stall (Executor task launch worker for task 28.0 in stage 0.0 (TID 28)) 34.917ms
[106.780s][info][gc          ] Allocation Stall (Executor task launch worker for task 29.0 in stage 0.0 (TID 29)) 36.011ms
[106.780s][info][gc          ] Allocation Stall (Executor task launch worker for task 43.0 in stage 0.0 (TID 43)) 35.020ms
[106.780s][info][gc          ] Allocation Stall (Executor task launch worker for task 17.0 in stage 0.0 (TID 17)) 35.149ms
[106.780s][info][gc          ] Allocation Stall (Executor task launch worker for task 6.0 in stage 0.0 (TID 6)) 35.678ms
[106.780s][info][gc          ] Allocation Stall (Executor task launch worker for task 35.0 in stage 0.0 (TID 35)) 35.576ms
[106.780s][info][gc          ] Allocation Stall (Executor task launch worker for task 23.0 in stage 0.0 (TID 23)) 33.306ms
[106.780s][info][gc          ] Allocation Stall (Executor task launch worker for task 24.0 in stage 0.0 (TID 24)) 33.287ms
[106.780s][info][gc,phases   ] GC(76) Concurrent Select Relocation Set 2.943ms
[106.780s][info][gc          ] Allocation Stall (Executor task launch worker for task 32.0 in stage 0.0 (TID 32)) 33.329ms
[106.780s][info][gc          ] Allocation Stall (Executor task launch worker for task 18.0 in stage 0.0 (TID 18)) 33.209ms
[106.780s][info][gc          ] Allocation Stall (Executor task launch worker for task 10.0 in stage 0.0 (TID 10)) 33.251ms
[106.780s][info][gc          ] Allocation Stall (Executor task launch worker for task 3.0 in stage 0.0 (TID 3)) 33.291ms
[106.780s][info][gc          ] Allocation Stall (Executor task launch worker for task 0.0 in stage 0.0 (TID 0)) 33.304ms
[106.780s][info][gc          ] Allocation Stall (Executor task launch worker for task 21.0 in stage 0.0 (TID 21)) 33.366ms
[106.780s][info][gc          ] Allocation Stall (Executor task launch worker for task 7.0 in stage 0.0 (TID 7)) 33.407ms
[106.780s][info][gc          ] Allocation Stall (Executor task launch worker for task 31.0 in stage 0.0 (TID 31)) 33.493ms
[106.780s][info][gc          ] Allocation Stall (Executor task launch worker for task 19.0 in stage 0.0 (TID 19)) 33.539ms
[106.780s][info][gc          ] Allocation Stall (Executor task launch worker for task 44.0 in stage 0.0 (TID 44)) 33.574ms
[106.780s][info][gc          ] Allocation Stall (Executor task launch worker for task 47.0 in stage 0.0 (TID 47)) 33.606ms
[106.781s][info][gc          ] Allocation Stall (Executor task launch worker for task 30.0 in stage 0.0 (TID 30)) 33.586ms
[106.781s][info][gc          ] Allocation Stall (Executor task launch worker for task 22.0 in stage 0.0 (TID 22)) 33.677ms
[106.782s][info][gc,phases   ] GC(76) Pause Relocate Start 0.007ms
[106.804s][info][gc          ] Allocation Stall (Executor task launch worker for task 31.0 in stage 0.0 (TID 31)) 0.165ms
[106.804s][info][gc          ] Allocation Stall (Executor task launch worker for task 7.0 in stage 0.0 (TID 7)) 0.067ms
[106.804s][info][gc          ] Allocation Stall (Executor task launch worker for task 34.0 in stage 0.0 (TID 34)) 0.350ms
[106.804s][info][gc          ] Allocation Stall (Executor task launch worker for task 13.0 in stage 0.0 (TID 13)) 0.739ms
[106.805s][info][gc          ] Allocation Stall (Executor task launch worker for task 27.0 in stage 0.0 (TID 27)) 1.019ms
[106.805s][info][gc          ] Relocation Stall (Executor task launch worker for task 22.0 in stage 0.0 (TID 22)) 1.778ms
[106.806s][info][gc          ] Allocation Stall (Executor task launch worker for task 15.0 in stage 0.0 (TID 15)) 1.746ms
[106.806s][info][gc          ] Allocation Stall (Executor task launch worker for task 28.0 in stage 0.0 (TID 28)) 3.794ms
[106.809s][info][gc          ] Allocation Stall (Executor task launch worker for task 17.0 in stage 0.0 (TID 17)) 4.980ms
[106.816s][info][gc          ] Allocation Stall (Executor task launch worker for task 34.0 in stage 0.0 (TID 34)) 1.246ms
[106.816s][info][gc          ] Allocation Stall (Executor task launch worker for task 40.0 in stage 0.0 (TID 40)) 1.277ms
[106.816s][info][gc          ] Allocation Stall (Executor task launch worker for task 43.0 in stage 0.0 (TID 43)) 1.260ms
[106.816s][info][gc          ] Allocation Stall (Executor task launch worker for task 25.0 in stage 0.0 (TID 25)) 1.171ms
[106.816s][info][gc          ] Allocation Stall (Executor task launch worker for task 39.0 in stage 0.0 (TID 39)) 1.298ms
[106.816s][info][gc          ] Allocation Stall (Executor task launch worker for task 18.0 in stage 0.0 (TID 18)) 1.274ms
[106.816s][info][gc          ] Allocation Stall (Executor task launch worker for task 31.0 in stage 0.0 (TID 31)) 1.294ms
[106.816s][info][gc          ] Allocation Stall (Executor task launch worker for task 38.0 in stage 0.0 (TID 38)) 1.231ms
[106.816s][info][gc          ] Allocation Stall (Executor task launch worker for task 13.0 in stage 0.0 (TID 13)) 1.281ms
[106.816s][info][gc          ] Allocation Stall (Executor task launch worker for task 12.0 in stage 0.0 (TID 12)) 1.276ms
[106.816s][info][gc,phases   ] GC(76) Concurrent Relocate 11.826ms
[106.816s][info][gc          ] Allocation Stall (Executor task launch worker for task 35.0 in stage 0.0 (TID 35)) 1.540ms
[106.816s][info][gc          ] Allocation Stall (Executor task launch worker for task 19.0 in stage 0.0 (TID 19)) 1.540ms
[106.816s][info][gc          ] Allocation Stall (Executor task launch worker for task 27.0 in stage 0.0 (TID 27)) 1.394ms
[106.816s][info][gc          ] Allocation Stall (Executor task launch worker for task 22.0 in stage 0.0 (TID 22)) 1.385ms
[106.816s][info][gc          ] Allocation Stall (Executor task launch worker for task 0.0 in stage 0.0 (TID 0)) 1.338ms
[106.816s][info][gc          ] Allocation Stall (Executor task launch worker for task 15.0 in stage 0.0 (TID 15)) 1.337ms
[106.816s][info][gc,load     ] GC(76) Load: 0.00/0.00/0.00
[106.816s][info][gc,mmu      ] GC(76) MMU: 2ms/94.2%, 5ms/97.7%, 10ms/98.8%, 20ms/99.3%, 50ms/99.7%, 100ms/99.8%
[106.816s][info][gc,marking  ] GC(76) Mark: 8 stripe(s), 2 proactive flush(es), 1 terminate flush(es), 0 completion(s), 0 continuation(s) 
[106.816s][info][gc,marking  ] GC(76) Mark Stack Usage: 32M
[106.816s][info][gc,nmethod  ] GC(76) NMethods: 2161 registered, 80 unregistered
[106.816s][info][gc,metaspace] GC(76) Metaspace: 112M used, 124M committed, 1152M reserved
[106.816s][info][gc,ref      ] GC(76) Soft: 2800 encountered, 328 discovered, 0 enqueued
[106.816s][info][gc,ref      ] GC(76) Weak: 12965 encountered, 5321 discovered, 0 enqueued
[106.816s][info][gc,ref      ] GC(76) Final: 62 encountered, 3 discovered, 0 enqueued
[106.816s][info][gc,ref      ] GC(76) Phantom: 750 encountered, 530 discovered, 0 enqueued
[106.816s][info][gc,reloc    ] GC(76) Small Pages: 111 / 222M, Empty: 88M, Relocated: 5M, In-Place: 1
[106.816s][info][gc,reloc    ] GC(76) Medium Pages: 18 / 576M, Empty: 0M, Relocated: 22M, In-Place: 1
[106.816s][info][gc,reloc    ] GC(76) Large Pages: 26 / 208M, Empty: 8M, Relocated: 0M, In-Place: 0
[106.816s][info][gc,reloc    ] GC(76) Forwarding Usage: 0M
[106.816s][info][gc,heap     ] GC(76) Min Capacity: 8M(1%)
[106.816s][info][gc,heap     ] GC(76) Max Capacity: 1024M(100%)
[106.816s][info][gc,heap     ] GC(76) Soft Max Capacity: 1024M(100%)
[106.816s][info][gc,heap     ] GC(76)                Mark Start          Mark End        Relocate Start      Relocate End           High               Low         
[106.816s][info][gc,heap     ] GC(76)  Capacity:     1024M (100%)       1024M (100%)       1024M (100%)       1024M (100%)       1024M (100%)       1024M (100%)   
[106.816s][info][gc,heap     ] GC(76)      Free:       16M (2%)            0M (0%)           52M (5%)            0M (0%)           96M (9%)            0M (0%)     
[106.816s][info][gc,heap     ] GC(76)      Used:     1008M (98%)        1024M (100%)        972M (95%)        1024M (100%)       1024M (100%)        928M (91%)    
[106.816s][info][gc,heap     ] GC(76)      Live:         -               722M (71%)         722M (71%)         722M (71%)            -                  -          
[106.816s][info][gc,heap     ] GC(76) Allocated:         -                16M (2%)           60M (6%)          185M (18%)            -                  -          
[106.816s][info][gc,heap     ] GC(76)   Garbage:         -               285M (28%)         189M (19%)         115M (11%)            -                  -          
[106.816s][info][gc,heap     ] GC(76) Reclaimed:         -                  -                96M (9%)          169M (17%)            -                  -          
[106.816s][info][gc          ] GC(76) Garbage Collection (Allocation Stall) 1008M(98%)->1024M(100%)
[106.816s][info][gc,start    ] GC(77) Garbage Collection (Allocation Stall)
[106.816s][info][gc,ref      ] GC(77) Clearing All SoftReferences
[106.816s][info][gc,task     ] GC(77) Using 10 workers
[106.817s][info][gc,ref      ] GC(77) Clearing All SoftReferences
[106.817s][info][gc,phases   ] GC(77) Pause Mark Start 0.024ms
[106.817s][info][gc          ] Allocation Stall (Executor task launch worker for task 32.0 in stage 0.0 (TID 32)) 2.491ms
[106.817s][info][gc          ] Allocation Stall (Executor task launch worker for task 26.0 in stage 0.0 (TID 26)) 2.375ms
[106.817s][info][gc          ] Allocation Stall (Executor task launch worker for task 4.0 in stage 0.0 (TID 4)) 1.775ms
[106.817s][info][gc          ] Allocation Stall (Executor task launch worker for task 17.0 in stage 0.0 (TID 17)) 1.360ms
[106.817s][info][gc          ] Allocation Stall (Executor task launch worker for task 23.0 in stage 0.0 (TID 23)) 1.782ms
[106.817s][info][gc          ] Allocation Stall (Executor task launch worker for task 29.0 in stage 0.0 (TID 29)) 1.327ms
[106.817s][info][gc          ] Allocation Stall (Executor task launch worker for task 20.0 in stage 0.0 (TID 20)) 1.652ms
[106.817s][info][gc          ] Allocation Stall (Executor task launch worker for task 1.0 in stage 0.0 (TID 1)) 0.782ms
[106.817s][info][gc          ] Allocation Stall (Executor task launch worker for task 8.0 in stage 0.0 (TID 8)) 2.275ms
[106.817s][info][gc          ] Allocation Stall (Executor task launch worker for task 42.0 in stage 0.0 (TID 42)) 1.745ms
[106.817s][info][gc          ] Allocation Stall (Executor task launch worker for task 41.0 in stage 0.0 (TID 41)) 0.757ms
[106.817s][info][gc          ] Allocation Stall (Executor task launch worker for task 9.0 in stage 0.0 (TID 9)) 1.133ms
[106.817s][info][gc          ] Allocation Stall (Executor task launch worker for task 21.0 in stage 0.0 (TID 21)) 0.014ms
[106.817s][info][gc          ] Allocation Stall (Executor task launch worker for task 18.0 in stage 0.0 (TID 18)) 0.083ms
[106.817s][info][gc          ] Allocation Stall (Executor task launch worker for task 38.0 in stage 0.0 (TID 38)) 0.118ms
[106.817s][info][gc          ] Allocation Stall (Executor task launch worker for task 12.0 in stage 0.0 (TID 12)) 0.157ms
[106.817s][info][gc          ] Allocation Stall (Executor task launch worker for task 15.0 in stage 0.0 (TID 15)) 0.201ms
[106.817s][info][gc          ] Allocation Stall (Executor task launch worker for task 24.0 in stage 0.0 (TID 24)) 0.229ms
[106.817s][info][gc          ] Allocation Stall (Executor task launch worker for task 44.0 in stage 0.0 (TID 44)) 0.313ms
[106.817s][info][gc          ] Allocation Stall (Executor task launch worker for task 13.0 in stage 0.0 (TID 13)) 0.361ms
[106.818s][info][gc          ] Allocation Stall (Executor task launch worker for task 27.0 in stage 0.0 (TID 27)) 0.409ms
[106.818s][info][gc          ] Allocation Stall (Executor task launch worker for task 22.0 in stage 0.0 (TID 22)) 0.449ms
[106.854s][info][gc,phases   ] GC(77) Concurrent Mark 36.640ms
[106.854s][info][gc,phases   ] GC(77) Pause Mark End 0.020ms
[106.854s][info][gc,phases   ] GC(77) Concurrent Mark Free 0.000ms
[106.855s][info][gc,phases   ] GC(77) Concurrent Process Non-Strong References 0.792ms
[106.855s][info][gc,phases   ] GC(77) Concurrent Reset Relocation Set 0.005ms
[106.857s][info][gc          ] Allocation Stall (Executor task launch worker for task 44.0 in stage 0.0 (TID 44)) 21.432ms
[106.857s][info][gc          ] Allocation Stall (Executor task launch worker for task 37.0 in stage 0.0 (TID 37)) 21.293ms
[106.857s][info][gc          ] Allocation Stall (Executor task launch worker for task 5.0 in stage 0.0 (TID 5)) 21.671ms
[106.857s][info][gc          ] Allocation Stall (Executor task launch worker for task 38.0 in stage 0.0 (TID 38)) 21.532ms
[106.857s][info][gc          ] Allocation Stall (Executor task launch worker for task 3.0 in stage 0.0 (TID 3)) 21.304ms
[106.857s][info][gc          ] Allocation Stall (Executor task launch worker for task 8.0 in stage 0.0 (TID 8)) 22.242ms
[106.857s][info][gc          ] Allocation Stall (Executor task launch worker for task 31.0 in stage 0.0 (TID 31)) 21.977ms
[106.857s][info][gc          ] Allocation Stall (Executor task launch worker for task 9.0 in stage 0.0 (TID 9)) 22.349ms
[106.857s][info][gc          ] Allocation Stall (Executor task launch worker for task 32.0 in stage 0.0 (TID 32)) 21.429ms
[106.857s][info][gc          ] Allocation Stall (Executor task launch worker for task 41.0 in stage 0.0 (TID 41)) 22.097ms
[106.857s][info][gc          ] Allocation Stall (Executor task launch worker for task 15.0 in stage 0.0 (TID 15)) 21.267ms
[106.857s][info][gc          ] Allocation Stall (Executor task launch worker for task 21.0 in stage 0.0 (TID 21)) 22.580ms
[106.857s][info][gc          ] Allocation Stall (Executor task launch worker for task 13.0 in stage 0.0 (TID 13)) 21.451ms
[106.857s][info][gc          ] Allocation Stall (Executor task launch worker for task 47.0 in stage 0.0 (TID 47)) 25.836ms
[106.857s][info][gc          ] Allocation Stall (Executor task launch worker for task 17.0 in stage 0.0 (TID 17)) 21.521ms
[106.857s][info][gc          ] Allocation Stall (Executor task launch worker for task 46.0 in stage 0.0 (TID 46)) 22.635ms
[106.857s][info][gc          ] Allocation Stall (Executor task launch worker for task 10.0 in stage 0.0 (TID 10)) 22.605ms
[106.857s][info][gc          ] Allocation Stall (Executor task launch worker for task 1.0 in stage 0.0 (TID 1)) 22.229ms
[106.857s][info][gc          ] Allocation Stall (Executor task launch worker for task 6.0 in stage 0.0 (TID 6)) 21.382ms
[106.857s][info][gc          ] Allocation Stall (Executor task launch worker for task 19.0 in stage 0.0 (TID 19)) 25.709ms
[106.857s][info][gc          ] Allocation Stall (Executor task launch worker for task 30.0 in stage 0.0 (TID 30)) 21.523ms
[106.857s][info][gc          ] Allocation Stall (Executor task launch worker for task 4.0 in stage 0.0 (TID 4)) 22.175ms
[106.857s][info][gc          ] Allocation Stall (Executor task launch worker for task 40.0 in stage 0.0 (TID 40)) 22.543ms
[106.857s][info][gc          ] Allocation Stall (Executor task launch worker for task 25.0 in stage 0.0 (TID 25)) 22.305ms
[106.857s][info][gc          ] Allocation Stall (Executor task launch worker for task 20.0 in stage 0.0 (TID 20)) 22.640ms
[106.857s][info][gc          ] Allocation Stall (Executor task launch worker for task 36.0 in stage 0.0 (TID 36)) 22.661ms
[106.857s][info][gc          ] Allocation Stall (Executor task launch worker for task 18.0 in stage 0.0 (TID 18)) 22.640ms
[106.857s][info][gc          ] Allocation Stall (Executor task launch worker for task 34.0 in stage 0.0 (TID 34)) 23.127ms
[106.857s][info][gc          ] Allocation Stall (Executor task launch worker for task 29.0 in stage 0.0 (TID 29)) 22.676ms
[106.857s][info][gc          ] Allocation Stall (Executor task launch worker for task 12.0 in stage 0.0 (TID 12)) 22.664ms
[106.857s][info][gc          ] Allocation Stall (Executor task launch worker for task 24.0 in stage 0.0 (TID 24)) 22.703ms
[106.857s][info][gc          ] Allocation Stall (Executor task launch worker for task 39.0 in stage 0.0 (TID 39)) 22.819ms
[106.857s][info][gc          ] Allocation Stall (Executor task launch worker for task 27.0 in stage 0.0 (TID 27)) 22.835ms
[106.857s][info][gc          ] Allocation Stall (Executor task launch worker for task 0.0 in stage 0.0 (TID 0)) 23.017ms
[106.857s][info][gc          ] Allocation Stall (Executor task launch worker for task 11.0 in stage 0.0 (TID 11)) 22.940ms
[106.857s][info][gc          ] Allocation Stall (Executor task launch worker for task 7.0 in stage 0.0 (TID 7)) 23.186ms
[106.857s][info][gc          ] Allocation Stall (Executor task launch worker for task 43.0 in stage 0.0 (TID 43)) 24.334ms
[106.857s][info][gc          ] Allocation Stall (Executor task launch worker for task 2.0 in stage 0.0 (TID 2)) 23.195ms
[106.857s][info][gc          ] Allocation Stall (Executor task launch worker for task 35.0 in stage 0.0 (TID 35)) 23.287ms
[106.857s][info][gc          ] Allocation Stall (Executor task launch worker for task 42.0 in stage 0.0 (TID 42)) 23.404ms
[106.857s][info][gc          ] Allocation Stall (Executor task launch worker for task 26.0 in stage 0.0 (TID 26)) 23.341ms
[106.857s][info][gc          ] Allocation Stall (Executor task launch worker for task 23.0 in stage 0.0 (TID 23)) 24.058ms
[106.857s][info][gc          ] Allocation Stall (Executor task launch worker for task 16.0 in stage 0.0 (TID 16)) 21.285ms
[106.857s][info][gc          ] Allocation Stall (Executor task launch worker for task 33.0 in stage 0.0 (TID 33)) 24.183ms
[106.857s][info][gc          ] Allocation Stall (Executor task launch worker for task 14.0 in stage 0.0 (TID 14)) 24.088ms
[106.857s][info][gc          ] Allocation Stall (Executor task launch worker for task 22.0 in stage 0.0 (TID 22)) 21.311ms
[106.857s][info][gc          ] Allocation Stall (Spark Context Cleaner) 19.072ms
[106.857s][info][gc          ] Allocation Stall (Executor task launch worker for task 45.0 in stage 0.0 (TID 45)) 18.120ms
[106.857s][info][gc          ] Allocation Stall (Executor task launch worker for task 28.0 in stage 0.0 (TID 28)) 14.616ms
[106.857s][info][gc,phases   ] GC(77) Concurrent Select Relocation Set 2.541ms
[106.859s][info][gc,phases   ] GC(77) Pause Relocate Start 0.007ms
[106.860s][info][gc          ] Relocation Stall (Executor task launch worker for task 22.0 in stage 0.0 (TID 22)) 0.018ms
[106.860s][info][gc          ] Relocation Stall (Executor task launch worker for task 35.0 in stage 0.0 (TID 35)) 0.230ms
[106.860s][info][gc          ] Relocation Stall (Executor task launch worker for task 7.0 in stage 0.0 (TID 7)) 0.384ms
[106.860s][info][gc          ] Relocation Stall (Executor task launch worker for task 16.0 in stage 0.0 (TID 16)) 0.460ms
[106.872s][info][gc          ] Allocation Stall (Executor task launch worker for task 1.0 in stage 0.0 (TID 1)) 9.766ms
[106.873s][info][gc          ] Allocation Stall (Executor task launch worker for task 35.0 in stage 0.0 (TID 35)) 6.255ms
[106.873s][info][gc          ] Allocation Stall (Executor task launch worker for task 32.0 in stage 0.0 (TID 32)) 6.323ms
[106.873s][info][gc          ] Allocation Stall (Executor task launch worker for task 43.0 in stage 0.0 (TID 43)) 6.191ms
[106.873s][info][gc          ] Allocation Stall (Executor task launch worker for task 44.0 in stage 0.0 (TID 44)) 6.442ms
[106.873s][info][gc          ] Allocation Stall (Executor task launch worker for task 36.0 in stage 0.0 (TID 36)) 6.155ms
[106.873s][info][gc          ] Allocation Stall (Executor task launch worker for task 7.0 in stage 0.0 (TID 7)) 6.582ms
[106.873s][info][gc          ] Allocation Stall (Executor task launch worker for task 2.0 in stage 0.0 (TID 2)) 6.324ms
[106.873s][info][gc          ] Allocation Stall (Executor task launch worker for task 29.0 in stage 0.0 (TID 29)) 6.203ms
[106.873s][info][gc          ] Allocation Stall (Executor task launch worker for task 4.0 in stage 0.0 (TID 4)) 6.088ms
[106.873s][info][gc          ] Allocation Stall (Executor task launch worker for task 37.0 in stage 0.0 (TID 37)) 6.456ms
[106.873s][info][gc          ] Allocation Stall (Executor task launch worker for task 16.0 in stage 0.0 (TID 16)) 6.585ms
[106.873s][info][gc          ] Allocation Stall (Executor task launch worker for task 25.0 in stage 0.0 (TID 25)) 6.555ms
[106.873s][info][gc          ] Allocation Stall (Executor task launch worker for task 9.0 in stage 0.0 (TID 9)) 6.556ms
[106.873s][info][gc          ] Allocation Stall (Executor task launch worker for task 8.0 in stage 0.0 (TID 8)) 6.588ms
[106.873s][info][gc          ] Allocation Stall (Executor task launch worker for task 5.0 in stage 0.0 (TID 5)) 6.527ms
[106.873s][info][gc          ] Allocation Stall (Executor task launch worker for task 13.0 in stage 0.0 (TID 13)) 6.500ms
[106.873s][info][gc          ] Allocation Stall (Executor task launch worker for task 15.0 in stage 0.0 (TID 15)) 6.303ms
[106.873s][info][gc          ] Allocation Stall (Executor task launch worker for task 41.0 in stage 0.0 (TID 41)) 6.351ms
[106.873s][info][gc          ] Allocation Stall (Executor task launch worker for task 6.0 in stage 0.0 (TID 6)) 6.264ms
[106.873s][info][gc          ] Allocation Stall (Executor task launch worker for task 30.0 in stage 0.0 (TID 30)) 6.143ms
[106.873s][info][gc          ] Allocation Stall (Executor task launch worker for task 39.0 in stage 0.0 (TID 39)) 5.802ms
[106.873s][info][gc          ] Allocation Stall (Executor task launch worker for task 10.0 in stage 0.0 (TID 10)) 5.445ms
[106.873s][info][gc          ] Allocation Stall (Executor task launch worker for task 38.0 in stage 0.0 (TID 38)) 5.474ms
[106.873s][info][gc          ] Allocation Stall (Executor task launch worker for task 33.0 in stage 0.0 (TID 33)) 5.390ms
[106.873s][info][gc          ] Allocation Stall (Executor task launch worker for task 18.0 in stage 0.0 (TID 18)) 5.393ms
[106.873s][info][gc          ] Allocation Stall (Executor task launch worker for task 17.0 in stage 0.0 (TID 17)) 5.403ms
[106.873s][info][gc          ] Allocation Stall (Executor task launch worker for task 47.0 in stage 0.0 (TID 47)) 5.357ms
[106.873s][info][gc          ] Allocation Stall (Executor task launch worker for task 20.0 in stage 0.0 (TID 20)) 5.319ms
[106.873s][info][gc          ] Allocation Stall (Executor task launch worker for task 0.0 in stage 0.0 (TID 0)) 5.326ms
[106.873s][info][gc          ] Allocation Stall (Executor task launch worker for task 28.0 in stage 0.0 (TID 28)) 5.328ms
[106.874s][info][gc          ] Allocation Stall (Executor task launch worker for task 21.0 in stage 0.0 (TID 21)) 5.273ms
[106.874s][info][gc          ] Allocation Stall (Executor task launch worker for task 46.0 in stage 0.0 (TID 46)) 5.273ms
[106.874s][info][gc          ] Allocation Stall (Executor task launch worker for task 27.0 in stage 0.0 (TID 27)) 3.892ms
[106.874s][info][gc          ] Allocation Stall (Executor task launch worker for task 11.0 in stage 0.0 (TID 11)) 3.809ms
[106.874s][info][gc          ] Allocation Stall (Executor task launch worker for task 14.0 in stage 0.0 (TID 14)) 3.843ms
[106.874s][info][gc          ] Allocation Stall (Executor task launch worker for task 19.0 in stage 0.0 (TID 19)) 3.872ms
[106.874s][info][gc          ] Allocation Stall (Executor task launch worker for task 23.0 in stage 0.0 (TID 23)) 3.844ms
[106.874s][info][gc          ] Allocation Stall (Executor task launch worker for task 24.0 in stage 0.0 (TID 24)) 3.852ms
[106.874s][info][gc          ] Allocation Stall (Executor task launch worker for task 43.0 in stage 0.0 (TID 43)) 0.177ms
[106.885s][info][gc          ] Allocation Stall (Executor task launch worker for task 32.0 in stage 0.0 (TID 32)) 4.152ms
[106.885s][info][gc          ] Allocation Stall (Executor task launch worker for task 38.0 in stage 0.0 (TID 38)) 4.018ms
[106.886s][info][gc          ] Allocation Stall (Executor task launch worker for task 17.0 in stage 0.0 (TID 17)) 3.637ms
[106.886s][info][gc          ] Allocation Stall (Executor task launch worker for task 35.0 in stage 0.0 (TID 35)) 3.449ms
[106.886s][info][gc          ] Allocation Stall (Executor task launch worker for task 29.0 in stage 0.0 (TID 29)) 2.226ms
[106.886s][info][gc          ] Allocation Stall (Executor task launch worker for task 43.0 in stage 0.0 (TID 43)) 1.033ms
[106.886s][info][gc          ] Allocation Stall (Executor task launch worker for task 6.0 in stage 0.0 (TID 6)) 1.021ms
[106.886s][info][gc          ] Allocation Stall (Executor task launch worker for task 23.0 in stage 0.0 (TID 23)) 1.082ms
[106.886s][info][gc          ] Allocation Stall (Executor task launch worker for task 14.0 in stage 0.0 (TID 14)) 1.100ms
[106.886s][info][gc          ] Allocation Stall (Executor task launch worker for task 20.0 in stage 0.0 (TID 20)) 1.266ms
[106.886s][info][gc          ] Allocation Stall (Executor task launch worker for task 46.0 in stage 0.0 (TID 46)) 1.278ms
[106.886s][info][gc          ] Allocation Stall (Executor task launch worker for task 25.0 in stage 0.0 (TID 25)) 1.286ms
[106.886s][info][gc          ] Allocation Stall (Executor task launch worker for task 28.0 in stage 0.0 (TID 28)) 1.257ms
[106.886s][info][gc          ] Allocation Stall (Executor task launch worker for task 30.0 in stage 0.0 (TID 30)) 1.273ms
[106.886s][info][gc          ] Allocation Stall (Executor task launch worker for task 1.0 in stage 0.0 (TID 1)) 1.280ms
[106.887s][info][gc          ] Allocation Stall (Executor task launch worker for task 41.0 in stage 0.0 (TID 41)) 1.340ms
[106.887s][info][gc          ] Allocation Stall (Executor task launch worker for task 39.0 in stage 0.0 (TID 39)) 1.316ms
[106.887s][info][gc          ] Allocation Stall (Executor task launch worker for task 36.0 in stage 0.0 (TID 36)) 1.330ms
[106.887s][info][gc          ] Allocation Stall (Executor task launch worker for task 11.0 in stage 0.0 (TID 11)) 1.346ms
[106.887s][info][gc          ] Allocation Stall (Executor task launch worker for task 21.0 in stage 0.0 (TID 21)) 1.362ms
[106.887s][info][gc          ] Allocation Stall (Executor task launch worker for task 27.0 in stage 0.0 (TID 27)) 1.389ms
[106.887s][info][gc          ] Allocation Stall (Executor task launch worker for task 47.0 in stage 0.0 (TID 47)) 1.269ms
[106.907s][info][gc          ] Relocation Stall (Executor task launch worker for task 12.0 in stage 0.0 (TID 12)) 46.711ms
[106.907s][info][gc          ] Relocation Stall (Executor task launch worker for task 45.0 in stage 0.0 (TID 45)) 46.354ms
[106.907s][info][gc          ] Relocation Stall (Executor task launch worker for task 3.0 in stage 0.0 (TID 3)) 45.114ms
[106.915s][info][gc          ] Relocation Stall (Executor task launch worker for task 34.0 in stage 0.0 (TID 34)) 54.422ms
[106.915s][info][gc          ] Relocation Stall (Executor task launch worker for task 42.0 in stage 0.0 (TID 42)) 54.871ms
[106.916s][info][gc          ] Allocation Stall (Executor task launch worker for task 27.0 in stage 0.0 (TID 27)) 19.189ms
[106.916s][info][gc          ] Allocation Stall (Executor task launch worker for task 16.0 in stage 0.0 (TID 16)) 18.128ms
[106.916s][info][gc          ] Allocation Stall (Executor task launch worker for task 28.0 in stage 0.0 (TID 28)) 18.407ms
[106.916s][info][gc          ] Allocation Stall (Executor task launch worker for task 25.0 in stage 0.0 (TID 25)) 19.549ms
[106.916s][info][gc          ] Allocation Stall (Executor task launch worker for task 1.0 in stage 0.0 (TID 1)) 18.846ms
[106.916s][info][gc          ] Allocation Stall (Executor task launch worker for task 11.0 in stage 0.0 (TID 11)) 19.174ms
[106.916s][info][gc          ] Allocation Stall (Executor task launch worker for task 30.0 in stage 0.0 (TID 30)) 18.001ms
[106.916s][info][gc          ] Allocation Stall (Executor task launch worker for task 26.0 in stage 0.0 (TID 26)) 19.225ms
[106.916s][info][gc          ] Allocation Stall (Executor task launch worker for task 5.0 in stage 0.0 (TID 5)) 17.957ms
[106.916s][info][gc          ] Allocation Stall (Executor task launch worker for task 43.0 in stage 0.0 (TID 43)) 17.431ms
[106.916s][info][gc          ] Allocation Stall (Executor task launch worker for task 8.0 in stage 0.0 (TID 8)) 19.946ms
[106.916s][info][gc          ] Allocation Stall (Executor task launch worker for task 33.0 in stage 0.0 (TID 33)) 18.750ms
[106.916s][info][gc,phases   ] GC(77) Concurrent Relocate 56.193ms
[106.916s][info][gc          ] Allocation Stall (Executor task launch worker for task 39.0 in stage 0.0 (TID 39)) 18.862ms
[106.916s][info][gc          ] Allocation Stall (Executor task launch worker for task 35.0 in stage 0.0 (TID 35)) 17.325ms
[106.917s][info][gc,load     ] GC(77) Load: 0.00/0.00/0.00
[106.917s][info][gc          ] Allocation Stall (Executor task launch worker for task 2.0 in stage 0.0 (TID 2)) 17.628ms
[106.917s][info][gc,mmu      ] GC(77) MMU: 2ms/94.2%, 5ms/97.7%, 10ms/98.8%, 20ms/99.3%, 50ms/99.7%, 100ms/99.8%
[106.917s][info][gc          ] Allocation Stall (Executor task launch worker for task 6.0 in stage 0.0 (TID 6)) 17.616ms
[106.917s][info][gc,marking  ] GC(77) Mark: 8 stripe(s), 2 proactive flush(es), 1 terminate flush(es), 0 completion(s), 0 continuation(s) 
[106.917s][info][gc,marking  ] GC(77) Mark Stack Usage: 32M
[106.917s][info][gc          ] Allocation Stall (Executor task launch worker for task 14.0 in stage 0.0 (TID 14)) 17.637ms
[106.917s][info][gc,nmethod  ] GC(77) NMethods: 2161 registered, 80 unregistered
[106.917s][info][gc          ] Allocation Stall (Executor task launch worker for task 40.0 in stage 0.0 (TID 40)) 17.356ms
[106.917s][info][gc          ] Allocation Stall (Executor task launch worker for task 36.0 in stage 0.0 (TID 36)) 17.185ms
[106.917s][info][gc,metaspace] GC(77) Metaspace: 112M used, 124M committed, 1152M reserved
[106.917s][info][gc          ] Allocation Stall (Executor task launch worker for task 41.0 in stage 0.0 (TID 41)) 17.197ms
[106.917s][info][gc,ref      ] GC(77) Soft: 2800 encountered, 301 discovered, 0 enqueued
[106.917s][info][gc          ] Allocation Stall (Executor task launch worker for task 15.0 in stage 0.0 (TID 15)) 17.124ms
[106.917s][info][gc,ref      ] GC(77) Weak: 12968 encountered, 2839 discovered, 1 enqueued
[106.917s][info][gc,ref      ] GC(77) Final: 62 encountered, 0 discovered, 0 enqueued
[106.917s][info][gc,ref      ] GC(77) Phantom: 750 encountered, 466 discovered, 0 enqueued
[106.917s][info][gc,reloc    ] GC(77) Small Pages: 106 / 212M, Empty: 88M, Relocated: 5M, In-Place: 5
[106.917s][info][gc,reloc    ] GC(77) Medium Pages: 18 / 576M, Empty: 0M, Relocated: 49M, In-Place: 2
[106.917s][info][gc,reloc    ] GC(77) Large Pages: 26 / 208M, Empty: 8M, Relocated: 0M, In-Place: 0
[106.917s][info][gc,reloc    ] GC(77) Forwarding Usage: 0M
[106.917s][info][gc,heap     ] GC(77) Min Capacity: 8M(1%)
[106.917s][info][gc,heap     ] GC(77) Max Capacity: 1024M(100%)
[106.917s][info][gc,heap     ] GC(77) Soft Max Capacity: 1024M(100%)
[106.917s][info][gc,heap     ] GC(77)                Mark Start          Mark End        Relocate Start      Relocate End           High               Low         
[106.917s][info][gc,heap     ] GC(77)  Capacity:     1024M (100%)       1024M (100%)       1024M (100%)       1024M (100%)       1024M (100%)       1024M (100%)   
[106.917s][info][gc,heap     ] GC(77)      Free:        4M (0%)            0M (0%)           68M (7%)            0M (0%)           96M (9%)            0M (0%)     
[106.917s][info][gc,heap     ] GC(77)      Used:     1020M (100%)       1024M (100%)        956M (93%)        1024M (100%)       1024M (100%)        928M (91%)    
[106.917s][info][gc,heap     ] GC(77)      Live:         -               730M (71%)         730M (71%)         730M (71%)            -                  -          
[106.917s][info][gc,heap     ] GC(77) Allocated:         -                 4M (0%)           32M (3%)          165M (16%)            -                  -          
[106.917s][info][gc,heap     ] GC(77)   Garbage:         -               289M (28%)         193M (19%)         128M (13%)            -                  -          
[106.917s][info][gc,heap     ] GC(77) Reclaimed:         -                  -                96M (9%)          161M (16%)            -                  -          
[106.917s][info][gc          ] GC(77) Garbage Collection (Allocation Stall) 1020M(100%)->1024M(100%)
[106.917s][info][gc,start    ] GC(78) Garbage Collection (Allocation Stall)
[106.917s][info][gc,ref      ] GC(78) Clearing All SoftReferences
[106.917s][info][gc,task     ] GC(78) Using 10 workers
[106.918s][info][gc,ref      ] GC(78) Clearing All SoftReferences
[106.918s][info][gc,phases   ] GC(78) Pause Mark Start 0.033ms
[106.918s][info][gc          ] Allocation Stall (Executor task launch worker for task 13.0 in stage 0.0 (TID 13)) 17.743ms
[106.918s][info][gc          ] Allocation Stall (Executor task launch worker for task 7.0 in stage 0.0 (TID 7)) 18.209ms
[106.918s][info][gc          ] Allocation Stall (Executor task launch worker for task 4.0 in stage 0.0 (TID 4)) 18.023ms
[106.918s][info][gc          ] Allocation Stall (Executor task launch worker for task 17.0 in stage 0.0 (TID 17)) 17.897ms
[106.918s][info][gc          ] Allocation Stall (Executor task launch worker for task 37.0 in stage 0.0 (TID 37)) 18.128ms
[106.918s][info][gc          ] Allocation Stall (Executor task launch worker for task 21.0 in stage 0.0 (TID 21)) 17.838ms
[106.918s][info][gc          ] Allocation Stall (Executor task launch worker for task 46.0 in stage 0.0 (TID 46)) 17.751ms
[106.918s][info][gc          ] Allocation Stall (Executor task launch worker for task 20.0 in stage 0.0 (TID 20)) 17.662ms
[106.918s][info][gc          ] Allocation Stall (Executor task launch worker for task 10.0 in stage 0.0 (TID 10)) 17.683ms
[106.918s][info][gc          ] Allocation Stall (Executor task launch worker for task 24.0 in stage 0.0 (TID 24)) 17.721ms
[106.918s][info][gc          ] Allocation Stall (Executor task launch worker for task 29.0 in stage 0.0 (TID 29)) 17.732ms
[106.918s][info][gc          ] Allocation Stall (Executor task launch worker for task 32.0 in stage 0.0 (TID 32)) 17.764ms
[106.918s][info][gc          ] Allocation Stall (Executor task launch worker for task 9.0 in stage 0.0 (TID 9)) 17.747ms
[106.918s][info][gc          ] Allocation Stall (Executor task launch worker for task 18.0 in stage 0.0 (TID 18)) 17.674ms
[106.918s][info][gc          ] Allocation Stall (Executor task launch worker for task 38.0 in stage 0.0 (TID 38)) 17.605ms
[106.918s][info][gc          ] Allocation Stall (Executor task launch worker for task 47.0 in stage 0.0 (TID 47)) 17.641ms
[106.918s][info][gc          ] Allocation Stall (Executor task launch worker for task 19.0 in stage 0.0 (TID 19)) 17.660ms
[106.918s][info][gc          ] Allocation Stall (Executor task launch worker for task 0.0 in stage 0.0 (TID 0)) 17.682ms
[106.919s][info][gc          ] Allocation Stall (Executor task launch worker for task 44.0 in stage 0.0 (TID 44)) 17.729ms
[106.919s][info][gc          ] Allocation Stall (Executor task launch worker for task 23.0 in stage 0.0 (TID 23)) 17.700ms
[106.919s][info][gc          ] Allocation Stall (Executor task launch worker for task 31.0 in stage 0.0 (TID 31)) 15.766ms
[106.919s][info][gc          ] Allocation Stall (Executor task launch worker for task 22.0 in stage 0.0 (TID 22)) 12.816ms
[106.919s][info][gc          ] Allocation Stall (Executor task launch worker for task 3.0 in stage 0.0 (TID 3)) 11.632ms
[106.919s][info][gc          ] Allocation Stall (Executor task launch worker for task 12.0 in stage 0.0 (TID 12)) 11.631ms
[106.919s][info][gc          ] Allocation Stall (Executor task launch worker for task 45.0 in stage 0.0 (TID 45)) 11.407ms
[106.919s][info][gc          ] Allocation Stall (Executor task launch worker for task 42.0 in stage 0.0 (TID 42)) 4.126ms
[106.919s][info][gc          ] Allocation Stall (Executor task launch worker for task 34.0 in stage 0.0 (TID 34)) 4.144ms
[106.919s][info][gc          ] Allocation Stall (Executor task launch worker for task 1.0 in stage 0.0 (TID 1)) 1.135ms
[106.919s][info][gc          ] Allocation Stall (Executor task launch worker for task 43.0 in stage 0.0 (TID 43)) 1.412ms
[106.919s][info][gc          ] Allocation Stall (Executor task launch worker for task 6.0 in stage 0.0 (TID 6)) 1.472ms
[106.919s][info][gc          ] Allocation Stall (Executor task launch worker for task 30.0 in stage 0.0 (TID 30)) 1.548ms
[106.920s][info][gc          ] Allocation Stall (Executor task launch worker for task 41.0 in stage 0.0 (TID 41)) 1.612ms
[106.947s][info][gc,phases   ] GC(78) Concurrent Mark 29.487ms
[106.948s][info][gc,phases   ] GC(78) Pause Mark End 0.015ms
[106.948s][info][gc,phases   ] GC(78) Concurrent Mark Free 0.001ms
[106.948s][info][gc,phases   ] GC(78) Concurrent Process Non-Strong References 0.863ms
[106.948s][info][gc,phases   ] GC(78) Concurrent Reset Relocation Set 0.004ms
[106.951s][info][gc          ] Allocation Stall (Executor task launch worker for task 14.0 in stage 0.0 (TID 14)) 32.822ms
[106.951s][info][gc          ] Allocation Stall (Executor task launch worker for task 27.0 in stage 0.0 (TID 27)) 32.827ms
[106.951s][info][gc          ] Allocation Stall (Executor task launch worker for task 28.0 in stage 0.0 (TID 28)) 32.840ms
[106.951s][info][gc          ] Allocation Stall (Executor task launch worker for task 16.0 in stage 0.0 (TID 16)) 32.876ms
[106.951s][info][gc          ] Allocation Stall (Executor task launch worker for task 39.0 in stage 0.0 (TID 39)) 32.806ms
[106.951s][info][gc          ] Allocation Stall (Executor task launch worker for task 34.0 in stage 0.0 (TID 34)) 25.584ms
[106.951s][info][gc          ] Allocation Stall (Executor task launch worker for task 25.0 in stage 0.0 (TID 25)) 32.875ms
[106.951s][info][gc          ] Allocation Stall (Executor task launch worker for task 26.0 in stage 0.0 (TID 26)) 32.852ms
[106.951s][info][gc          ] Allocation Stall (Executor task launch worker for task 8.0 in stage 0.0 (TID 8)) 32.825ms
[106.951s][info][gc          ] Allocation Stall (Executor task launch worker for task 18.0 in stage 0.0 (TID 18)) 25.136ms
[106.951s][info][gc          ] Allocation Stall (Executor task launch worker for task 3.0 in stage 0.0 (TID 3)) 30.645ms
[106.951s][info][gc          ] Allocation Stall (Executor task launch worker for task 24.0 in stage 0.0 (TID 24)) 25.350ms
[106.951s][info][gc          ] Allocation Stall (Executor task launch worker for task 5.0 in stage 0.0 (TID 5)) 32.837ms
[106.951s][info][gc          ] Allocation Stall (Executor task launch worker for task 36.0 in stage 0.0 (TID 36)) 32.879ms
[106.951s][info][gc          ] Allocation Stall (Executor task launch worker for task 15.0 in stage 0.0 (TID 15)) 32.874ms
[106.951s][info][gc          ] Allocation Stall (Executor task launch worker for task 40.0 in stage 0.0 (TID 40)) 32.816ms
[106.951s][info][gc          ] Allocation Stall (Executor task launch worker for task 35.0 in stage 0.0 (TID 35)) 32.851ms
[106.951s][info][gc          ] Allocation Stall (Executor task launch worker for task 31.0 in stage 0.0 (TID 31)) 24.933ms
[106.951s][info][gc          ] Allocation Stall (Executor task launch worker for task 46.0 in stage 0.0 (TID 46)) 24.896ms
[106.951s][info][gc          ] Allocation Stall (Executor task launch worker for task 32.0 in stage 0.0 (TID 32)) 24.809ms
[106.951s][info][gc,phases   ] GC(78) Concurrent Select Relocation Set 2.522ms
[106.951s][info][gc          ] Allocation Stall (Executor task launch worker for task 38.0 in stage 0.0 (TID 38)) 24.776ms
[106.951s][info][gc          ] Allocation Stall (Executor task launch worker for task 21.0 in stage 0.0 (TID 21)) 24.681ms
[106.951s][info][gc          ] Allocation Stall (Executor task launch worker for task 6.0 in stage 0.0 (TID 6)) 24.712ms
[106.951s][info][gc          ] Allocation Stall (Executor task launch worker for task 0.0 in stage 0.0 (TID 0)) 24.624ms
[106.951s][info][gc          ] Allocation Stall (Executor task launch worker for task 9.0 in stage 0.0 (TID 9)) 24.669ms
[106.951s][info][gc          ] Allocation Stall (Executor task launch worker for task 19.0 in stage 0.0 (TID 19)) 24.670ms
[106.951s][info][gc          ] Allocation Stall (Executor task launch worker for task 47.0 in stage 0.0 (TID 47)) 24.577ms
[106.951s][info][gc          ] Allocation Stall (Executor task launch worker for task 37.0 in stage 0.0 (TID 37)) 24.607ms
[106.951s][info][gc          ] Allocation Stall (Executor task launch worker for task 17.0 in stage 0.0 (TID 17)) 24.630ms
[106.951s][info][gc          ] Allocation Stall (Executor task launch worker for task 29.0 in stage 0.0 (TID 29)) 24.692ms
[106.952s][info][gc          ] Allocation Stall (Executor task launch worker for task 42.0 in stage 0.0 (TID 42)) 24.663ms
[106.952s][info][gc          ] Allocation Stall (Executor task launch worker for task 10.0 in stage 0.0 (TID 10)) 24.681ms
[106.952s][info][gc          ] Allocation Stall (Executor task launch worker for task 4.0 in stage 0.0 (TID 4)) 24.638ms
[106.963s][info][gc,phases   ] GC(78) Pause Relocate Start 0.009ms
[106.963s][info][gc          ] Allocation Stall (Executor task launch worker for task 45.0 in stage 0.0 (TID 45)) 36.078ms
[106.963s][info][gc          ] Allocation Stall (Executor task launch worker for task 43.0 in stage 0.0 (TID 43)) 35.843ms
[106.963s][info][gc          ] Allocation Stall (Executor task launch worker for task 12.0 in stage 0.0 (TID 12)) 36.229ms
[106.963s][info][gc          ] Allocation Stall (Executor task launch worker for task 30.0 in stage 0.0 (TID 30)) 35.804ms
[106.963s][info][gc          ] Allocation Stall (Executor task launch worker for task 2.0 in stage 0.0 (TID 2)) 35.317ms
[106.963s][info][gc          ] Allocation Stall (Executor task launch worker for task 13.0 in stage 0.0 (TID 13)) 35.517ms
[106.963s][info][gc          ] Allocation Stall (Executor task launch worker for task 44.0 in stage 0.0 (TID 44)) 35.103ms
[106.963s][info][gc          ] Allocation Stall (Executor task launch worker for task 23.0 in stage 0.0 (TID 23)) 35.592ms
[106.963s][info][gc          ] Allocation Stall (Executor task launch worker for task 1.0 in stage 0.0 (TID 1)) 36.101ms
[106.963s][info][gc          ] Allocation Stall (Executor task launch worker for task 20.0 in stage 0.0 (TID 20)) 35.275ms
[106.963s][info][gc          ] Allocation Stall (Executor task launch worker for task 41.0 in stage 0.0 (TID 41)) 35.145ms
[106.963s][info][gc          ] Allocation Stall (Executor task launch worker for task 22.0 in stage 0.0 (TID 22)) 35.666ms
[106.963s][info][gc          ] Allocation Stall (Executor task launch worker for task 33.0 in stage 0.0 (TID 33)) 34.746ms
[106.964s][info][gc          ] Allocation Stall (Executor task launch worker for task 7.0 in stage 0.0 (TID 7)) 28.478ms
[106.964s][info][gc          ] Allocation Stall (Executor task launch worker for task 15.0 in stage 0.0 (TID 15)) 12.005ms
[106.964s][info][gc          ] Allocation Stall (Executor task launch worker for task 11.0 in stage 0.0 (TID 11)) 30.895ms
[106.984s][info][gc          ] Allocation Stall (Executor task launch worker for task 13.0 in stage 0.0 (TID 13)) 0.897ms
[106.985s][info][gc          ] Allocation Stall (Executor task launch worker for task 8.0 in stage 0.0 (TID 8)) 1.194ms
[106.985s][info][gc          ] Allocation Stall (Executor task launch worker for task 22.0 in stage 0.0 (TID 22)) 1.379ms
[107.005s][info][gc          ] Allocation Stall (Executor task launch worker for task 22.0 in stage 0.0 (TID 22)) 19.913ms
[107.005s][info][gc          ] Allocation Stall (Executor task launch worker for task 24.0 in stage 0.0 (TID 24)) 19.682ms
[107.005s][info][gc          ] Allocation Stall (Executor task launch worker for task 26.0 in stage 0.0 (TID 26)) 19.672ms
[107.005s][info][gc          ] Allocation Stall (Executor task launch worker for task 34.0 in stage 0.0 (TID 34)) 19.665ms
[107.005s][info][gc          ] Allocation Stall (Executor task launch worker for task 30.0 in stage 0.0 (TID 30)) 19.749ms
[107.005s][info][gc          ] Allocation Stall (Executor task launch worker for task 31.0 in stage 0.0 (TID 31)) 19.872ms
[107.005s][info][gc          ] Allocation Stall (Executor task launch worker for task 13.0 in stage 0.0 (TID 13)) 19.560ms
[107.005s][info][gc          ] Allocation Stall (Executor task launch worker for task 19.0 in stage 0.0 (TID 19)) 19.972ms
[107.005s][info][gc          ] Allocation Stall (Executor task launch worker for task 28.0 in stage 0.0 (TID 28)) 20.278ms
[107.005s][info][gc          ] Allocation Stall (Executor task launch worker for task 41.0 in stage 0.0 (TID 41)) 20.841ms
[107.005s][info][gc          ] Allocation Stall (Executor task launch worker for task 8.0 in stage 0.0 (TID 8)) 19.702ms
[107.005s][info][gc          ] Allocation Stall (Executor task launch worker for task 44.0 in stage 0.0 (TID 44)) 19.765ms
[107.005s][info][gc          ] Allocation Stall (Executor task launch worker for task 11.0 in stage 0.0 (TID 11)) 19.929ms
[107.005s][info][gc          ] Allocation Stall (Executor task launch worker for task 1.0 in stage 0.0 (TID 1)) 20.816ms
[107.005s][info][gc          ] Allocation Stall (Executor task launch worker for task 23.0 in stage 0.0 (TID 23)) 20.810ms
[107.005s][info][gc          ] Allocation Stall (Executor task launch worker for task 36.0 in stage 0.0 (TID 36)) 20.898ms
[107.006s][info][gc          ] Allocation Stall (Executor task launch worker for task 38.0 in stage 0.0 (TID 38)) 19.261ms
[107.006s][info][gc          ] Allocation Stall (Executor task launch worker for task 16.0 in stage 0.0 (TID 16)) 19.079ms
[107.006s][info][gc          ] Allocation Stall (Executor task launch worker for task 9.0 in stage 0.0 (TID 9)) 18.991ms
[107.006s][info][gc          ] Allocation Stall (Executor task launch worker for task 47.0 in stage 0.0 (TID 47)) 18.094ms
[107.006s][info][gc          ] Allocation Stall (Executor task launch worker for task 18.0 in stage 0.0 (TID 18)) 18.033ms
[107.006s][info][gc          ] Allocation Stall (Executor task launch worker for task 25.0 in stage 0.0 (TID 25)) 17.851ms
[107.007s][info][gc          ] Allocation Stall (Executor task launch worker for task 20.0 in stage 0.0 (TID 20)) 18.274ms
[107.007s][info][gc          ] Allocation Stall (Executor task launch worker for task 14.0 in stage 0.0 (TID 14)) 18.293ms
[107.008s][info][gc          ] Allocation Stall (Executor task launch worker for task 39.0 in stage 0.0 (TID 39)) 18.106ms
[107.008s][info][gc          ] Allocation Stall (Executor task launch worker for task 17.0 in stage 0.0 (TID 17)) 17.922ms
[107.008s][info][gc          ] Allocation Stall (Executor task launch worker for task 35.0 in stage 0.0 (TID 35)) 17.922ms
[107.008s][info][gc          ] Allocation Stall (Executor task launch worker for task 27.0 in stage 0.0 (TID 27)) 17.574ms
[107.008s][info][gc          ] Allocation Stall (Executor task launch worker for task 46.0 in stage 0.0 (TID 46)) 17.566ms
[107.008s][info][gc          ] Allocation Stall (Executor task launch worker for task 21.0 in stage 0.0 (TID 21)) 17.503ms
[107.008s][info][gc          ] Allocation Stall (Executor task launch worker for task 0.0 in stage 0.0 (TID 0)) 17.293ms
[107.008s][info][gc          ] Allocation Stall (Executor task launch worker for task 45.0 in stage 0.0 (TID 45)) 17.228ms
[107.008s][info][gc          ] Allocation Stall (Executor task launch worker for task 29.0 in stage 0.0 (TID 29)) 16.594ms
[107.008s][info][gc          ] Allocation Stall (Executor task launch worker for task 32.0 in stage 0.0 (TID 32)) 16.601ms
[107.008s][info][gc          ] Allocation Stall (Executor task launch worker for task 2.0 in stage 0.0 (TID 2)) 15.559ms
[107.008s][info][gc          ] Allocation Stall (Executor task launch worker for task 4.0 in stage 0.0 (TID 4)) 15.049ms
[107.008s][info][gc          ] Allocation Stall (Executor task launch worker for task 10.0 in stage 0.0 (TID 10)) 15.061ms
[107.008s][info][gc          ] Allocation Stall (Executor task launch worker for task 7.0 in stage 0.0 (TID 7)) 14.843ms
[107.008s][info][gc          ] Allocation Stall (Executor task launch worker for task 42.0 in stage 0.0 (TID 42)) 14.892ms
[107.008s][info][gc          ] Allocation Stall (Executor task launch worker for task 37.0 in stage 0.0 (TID 37)) 14.839ms
[107.008s][info][gc          ] Allocation Stall (Executor task launch worker for task 43.0 in stage 0.0 (TID 43)) 14.764ms
[107.008s][info][gc          ] Allocation Stall (Executor task launch worker for task 33.0 in stage 0.0 (TID 33)) 14.304ms
[107.008s][info][gc          ] Allocation Stall (Executor task launch worker for task 3.0 in stage 0.0 (TID 3)) 13.788ms
[107.009s][info][gc          ] Allocation Stall (netty-rpc-env-timeout) 14.156ms
[107.009s][info][gc          ] Allocation Stall (dispatcher-event-loop-29) 14.174ms
[107.009s][info][gc          ] Allocation Stall (Executor task launch worker for task 12.0 in stage 0.0 (TID 12)) 4.952ms
[107.009s][info][gc          ] Allocation Stall (Executor task launch worker for task 6.0 in stage 0.0 (TID 6)) 3.818ms
[107.009s][info][gc          ] Allocation Stall (Executor task launch worker for task 40.0 in stage 0.0 (TID 40)) 3.450ms
[107.044s][info][gc          ] Allocation Stall (Executor task launch worker for task 46.0 in stage 0.0 (TID 46)) 21.901ms
[107.044s][info][gc          ] Allocation Stall (Executor task launch worker for task 23.0 in stage 0.0 (TID 23)) 22.383ms
[107.044s][info][gc          ] Allocation Stall (Executor task launch worker for task 14.0 in stage 0.0 (TID 14)) 19.812ms
[107.044s][info][gc          ] Allocation Stall (Executor task launch worker for task 31.0 in stage 0.0 (TID 31)) 20.369ms
[107.044s][info][gc          ] Allocation Stall (Executor task launch worker for task 20.0 in stage 0.0 (TID 20)) 21.401ms
[107.044s][info][gc          ] Allocation Stall (Executor task launch worker for task 24.0 in stage 0.0 (TID 24)) 19.634ms
[107.044s][info][gc          ] Allocation Stall (Executor task launch worker for task 2.0 in stage 0.0 (TID 2)) 22.395ms
[107.044s][info][gc          ] Allocation Stall (Executor task launch worker for task 28.0 in stage 0.0 (TID 28)) 19.994ms
[107.044s][info][gc          ] Allocation Stall (Executor task launch worker for task 10.0 in stage 0.0 (TID 10)) 22.464ms
[107.044s][info][gc          ] Allocation Stall (Executor task launch worker for task 39.0 in stage 0.0 (TID 39)) 13.810ms
[107.044s][info][gc          ] Allocation Stall (Executor task launch worker for task 5.0 in stage 0.0 (TID 5)) 37.732ms
[107.044s][info][gc          ] Allocation Stall (Executor task launch worker for task 18.0 in stage 0.0 (TID 18)) 36.484ms
[107.044s][info][gc          ] Allocation Stall (Executor task launch worker for task 33.0 in stage 0.0 (TID 33)) 22.544ms
[107.044s][info][gc          ] Allocation Stall (Executor task launch worker for task 8.0 in stage 0.0 (TID 8)) 13.804ms
[107.044s][info][gc          ] Allocation Stall (Executor task launch worker for task 43.0 in stage 0.0 (TID 43)) 13.290ms
[107.044s][info][gc          ] Allocation Stall (Executor task launch worker for task 7.0 in stage 0.0 (TID 7)) 13.407ms
[107.044s][info][gc          ] Allocation Stall (Executor task launch worker for task 45.0 in stage 0.0 (TID 45)) 13.252ms
[107.044s][info][gc          ] Allocation Stall (Executor task launch worker for task 29.0 in stage 0.0 (TID 29)) 12.195ms
[107.044s][info][gc          ] Allocation Stall (Executor task launch worker for task 11.0 in stage 0.0 (TID 11)) 12.177ms
[107.044s][info][gc          ] Allocation Stall (Executor task launch worker for task 6.0 in stage 0.0 (TID 6)) 11.977ms
[107.044s][info][gc          ] Allocation Stall (Executor task launch worker for task 36.0 in stage 0.0 (TID 36)) 11.877ms
[107.044s][info][gc          ] Allocation Stall (Executor task launch worker for task 30.0 in stage 0.0 (TID 30)) 11.906ms
[107.045s][info][gc          ] Allocation Stall (Executor task launch worker for task 16.0 in stage 0.0 (TID 16)) 11.923ms
[107.045s][info][gc          ] Allocation Stall (Executor task launch worker for task 41.0 in stage 0.0 (TID 41)) 11.413ms
[107.045s][info][gc          ] Allocation Stall (Executor task launch worker for task 1.0 in stage 0.0 (TID 1)) 11.462ms
[107.045s][info][gc          ] Allocation Stall (Executor task launch worker for task 47.0 in stage 0.0 (TID 47)) 11.337ms
[107.045s][info][gc          ] Allocation Stall (Executor task launch worker for task 4.0 in stage 0.0 (TID 4)) 11.393ms
[107.049s][info][gc          ] Allocation Stall (Executor task launch worker for task 22.0 in stage 0.0 (TID 22)) 15.669ms
[107.049s][info][gc          ] Allocation Stall (Executor task launch worker for task 38.0 in stage 0.0 (TID 38)) 15.663ms
[107.049s][info][gc          ] Allocation Stall (Executor task launch worker for task 44.0 in stage 0.0 (TID 44)) 15.533ms
[107.049s][info][gc          ] Allocation Stall (Executor task launch worker for task 17.0 in stage 0.0 (TID 17)) 15.344ms
[107.049s][info][gc          ] Allocation Stall (Executor task launch worker for task 9.0 in stage 0.0 (TID 9)) 15.106ms
[107.049s][info][gc          ] Allocation Stall (Executor task launch worker for task 26.0 in stage 0.0 (TID 26)) 15.133ms
[107.049s][info][gc          ] Allocation Stall (Executor task launch worker for task 34.0 in stage 0.0 (TID 34)) 15.132ms
[107.049s][info][gc          ] Allocation Stall (Executor task launch worker for task 19.0 in stage 0.0 (TID 19)) 14.845ms
[107.049s][info][gc          ] Allocation Stall (Executor task launch worker for task 35.0 in stage 0.0 (TID 35)) 14.700ms
[107.049s][info][gc          ] Allocation Stall (Executor task launch worker for task 32.0 in stage 0.0 (TID 32)) 14.692ms
[107.049s][info][gc          ] Allocation Stall (Executor task launch worker for task 37.0 in stage 0.0 (TID 37)) 14.566ms
[107.049s][info][gc          ] Allocation Stall (Executor task launch worker for task 12.0 in stage 0.0 (TID 12)) 14.391ms
[107.049s][info][gc          ] Allocation Stall (Executor task launch worker for task 0.0 in stage 0.0 (TID 0)) 14.378ms
[107.049s][info][gc          ] Allocation Stall (Executor task launch worker for task 13.0 in stage 0.0 (TID 13)) 14.122ms
[107.049s][info][gc          ] Allocation Stall (Executor task launch worker for task 42.0 in stage 0.0 (TID 42)) 14.028ms
[107.049s][info][gc          ] Allocation Stall (Executor task launch worker for task 40.0 in stage 0.0 (TID 40)) 14.014ms
[107.049s][info][gc          ] Allocation Stall (Executor task launch worker for task 27.0 in stage 0.0 (TID 27)) 13.801ms
[107.049s][info][gc          ] Allocation Stall (Executor task launch worker for task 25.0 in stage 0.0 (TID 25)) 13.802ms
[107.050s][info][gc          ] Allocation Stall (Executor task launch worker for task 3.0 in stage 0.0 (TID 3)) 13.660ms
[107.050s][info][gc          ] Allocation Stall (Executor task launch worker for task 21.0 in stage 0.0 (TID 21)) 13.687ms
[107.050s][info][gc          ] Allocation Stall (Executor task launch worker for task 6.0 in stage 0.0 (TID 6)) 1.752ms
[107.050s][info][gc          ] Allocation Stall (Executor task launch worker for task 45.0 in stage 0.0 (TID 45)) 1.744ms
[107.050s][info][gc          ] Allocation Stall (Executor task launch worker for task 5.0 in stage 0.0 (TID 5)) 1.695ms
[107.050s][info][gc          ] Allocation Stall (Executor task launch worker for task 43.0 in stage 0.0 (TID 43)) 1.643ms
[107.050s][info][gc          ] Allocation Stall (Executor task launch worker for task 7.0 in stage 0.0 (TID 7)) 1.602ms
[107.050s][info][gc          ] Allocation Stall (Executor task launch worker for task 41.0 in stage 0.0 (TID 41)) 1.571ms
[107.050s][info][gc          ] Allocation Stall (Executor task launch worker for task 1.0 in stage 0.0 (TID 1)) 1.468ms
[107.050s][info][gc          ] Allocation Stall (Executor task launch worker for task 8.0 in stage 0.0 (TID 8)) 1.512ms
[107.050s][info][gc          ] Allocation Stall (Executor task launch worker for task 30.0 in stage 0.0 (TID 30)) 1.397ms
[107.050s][info][gc          ] Allocation Stall (Executor task launch worker for task 36.0 in stage 0.0 (TID 36)) 1.311ms
[107.050s][info][gc          ] Allocation Stall (Executor task launch worker for task 11.0 in stage 0.0 (TID 11)) 1.334ms
[107.050s][info][gc          ] Allocation Stall (Executor task launch worker for task 16.0 in stage 0.0 (TID 16)) 1.290ms
[107.050s][info][gc          ] Allocation Stall (Executor task launch worker for task 4.0 in stage 0.0 (TID 4)) 1.315ms
[107.050s][info][gc          ] Allocation Stall (Executor task launch worker for task 23.0 in stage 0.0 (TID 23)) 1.298ms
[107.057s][info][gc          ] Allocation Stall (Executor task launch worker for task 2.0 in stage 0.0 (TID 2)) 0.622ms
[107.057s][info][gc          ] Allocation Stall (Executor task launch worker for task 37.0 in stage 0.0 (TID 37)) 0.396ms
[107.064s][info][gc          ] Allocation Stall (Executor task launch worker for task 5.0 in stage 0.0 (TID 5)) 4.464ms
[107.064s][info][gc          ] Allocation Stall (Executor task launch worker for task 43.0 in stage 0.0 (TID 43)) 4.419ms
[107.064s][info][gc          ] Allocation Stall (Executor task launch worker for task 42.0 in stage 0.0 (TID 42)) 4.532ms
[107.064s][info][gc          ] Allocation Stall (Executor task launch worker for task 13.0 in stage 0.0 (TID 13)) 4.485ms
[107.064s][info][gc          ] Allocation Stall (Executor task launch worker for task 15.0 in stage 0.0 (TID 15)) 4.334ms
[107.064s][info][gc          ] Allocation Stall (Executor task launch worker for task 21.0 in stage 0.0 (TID 21)) 4.242ms
[107.064s][info][gc          ] Allocation Stall (Executor task launch worker for task 3.0 in stage 0.0 (TID 3)) 4.478ms
[107.064s][info][gc          ] Allocation Stall (Executor task launch worker for task 33.0 in stage 0.0 (TID 33)) 4.281ms
[107.064s][info][gc          ] Allocation Stall (Executor task launch worker for task 36.0 in stage 0.0 (TID 36)) 4.686ms
[107.064s][info][gc          ] Allocation Stall (Executor task launch worker for task 6.0 in stage 0.0 (TID 6)) 4.520ms
[107.064s][info][gc          ] Allocation Stall (Executor task launch worker for task 9.0 in stage 0.0 (TID 9)) 7.824ms
[107.064s][info][gc          ] Allocation Stall (Executor task launch worker for task 29.0 in stage 0.0 (TID 29)) 5.631ms
[107.064s][info][gc,phases   ] GC(78) Concurrent Relocate 100.932ms
[107.064s][info][gc          ] Allocation Stall (Executor task launch worker for task 30.0 in stage 0.0 (TID 30)) 5.612ms
[107.064s][info][gc          ] Allocation Stall (Executor task launch worker for task 25.0 in stage 0.0 (TID 25)) 5.079ms
[107.064s][info][gc          ] Allocation Stall (Executor task launch worker for task 45.0 in stage 0.0 (TID 45)) 5.051ms
[107.064s][info][gc          ] Allocation Stall (Executor task launch worker for task 16.0 in stage 0.0 (TID 16)) 4.953ms
[107.064s][info][gc          ] Allocation Stall (Executor task launch worker for task 31.0 in stage 0.0 (TID 31)) 4.490ms
[107.064s][info][gc          ] Allocation Stall (Executor task launch worker for task 27.0 in stage 0.0 (TID 27)) 4.392ms
[107.064s][info][gc          ] Allocation Stall (Executor task launch worker for task 1.0 in stage 0.0 (TID 1)) 4.396ms
[107.064s][info][gc          ] Allocation Stall (Executor task launch worker for task 39.0 in stage 0.0 (TID 39)) 4.175ms
[107.064s][info][gc          ] Allocation Stall (Executor task launch worker for task 40.0 in stage 0.0 (TID 40)) 4.117ms
[107.064s][info][gc,load     ] GC(78) Load: 0.00/0.00/0.00
[107.065s][info][gc          ] Allocation Stall (Executor task launch worker for task 41.0 in stage 0.0 (TID 41)) 4.158ms
[107.065s][info][gc          ] Allocation Stall (Executor task launch worker for task 7.0 in stage 0.0 (TID 7)) 4.129ms
[107.065s][info][gc          ] Allocation Stall (Executor task launch worker for task 14.0 in stage 0.0 (TID 14)) 4.127ms
[107.065s][info][gc          ] Allocation Stall (Executor task launch worker for task 46.0 in stage 0.0 (TID 46)) 4.021ms
[107.065s][info][gc,mmu      ] GC(78) MMU: 2ms/94.2%, 5ms/97.7%, 10ms/98.8%, 20ms/99.3%, 50ms/99.7%, 100ms/99.8%
[107.065s][info][gc          ] Allocation Stall (Executor task launch worker for task 28.0 in stage 0.0 (TID 28)) 3.998ms
[107.065s][info][gc          ] Allocation Stall (Executor task launch worker for task 47.0 in stage 0.0 (TID 47)) 3.928ms
[107.065s][info][gc          ] Allocation Stall (Executor task launch worker for task 2.0 in stage 0.0 (TID 2)) 3.675ms
[107.065s][info][gc          ] Allocation Stall (Executor task launch worker for task 20.0 in stage 0.0 (TID 20)) 3.135ms
[107.065s][info][gc,marking  ] GC(78) Mark: 8 stripe(s), 2 proactive flush(es), 1 terminate flush(es), 0 completion(s), 0 continuation(s) 
[107.065s][info][gc          ] Allocation Stall (Executor task launch worker for task 18.0 in stage 0.0 (TID 18)) 3.125ms
[107.065s][info][gc          ] Allocation Stall (Executor task launch worker for task 26.0 in stage 0.0 (TID 26)) 3.133ms
[107.065s][info][gc          ] Allocation Stall (Executor task launch worker for task 22.0 in stage 0.0 (TID 22)) 3.129ms
[107.065s][info][gc,marking  ] GC(78) Mark Stack Usage: 32M
[107.065s][info][gc          ] Allocation Stall (Executor task launch worker for task 8.0 in stage 0.0 (TID 8)) 3.047ms
[107.065s][info][gc          ] Allocation Stall (Executor task launch worker for task 38.0 in stage 0.0 (TID 38)) 3.060ms
[107.065s][info][gc          ] Allocation Stall (Executor task launch worker for task 19.0 in stage 0.0 (TID 19)) 3.070ms
[107.065s][info][gc,nmethod  ] GC(78) NMethods: 2282 registered, 80 unregistered
[107.065s][info][gc          ] Allocation Stall (Executor task launch worker for task 35.0 in stage 0.0 (TID 35)) 3.131ms
[107.065s][info][gc          ] Allocation Stall (Executor task launch worker for task 44.0 in stage 0.0 (TID 44)) 3.167ms
[107.065s][info][gc,metaspace] GC(78) Metaspace: 112M used, 124M committed, 1152M reserved
[107.065s][info][gc          ] Allocation Stall (Executor task launch worker for task 4.0 in stage 0.0 (TID 4)) 3.208ms
[107.065s][info][gc          ] Allocation Stall (Executor task launch worker for task 23.0 in stage 0.0 (TID 23)) 3.228ms
[107.065s][info][gc,ref      ] GC(78) Soft: 2800 encountered, 1840 discovered, 0 enqueued
[107.065s][info][gc          ] Allocation Stall (Executor task launch worker for task 32.0 in stage 0.0 (TID 32)) 3.275ms
[107.065s][info][gc          ] Allocation Stall (Executor task launch worker for task 17.0 in stage 0.0 (TID 17)) 3.291ms
[107.065s][info][gc,ref      ] GC(78) Weak: 12963 encountered, 2773 discovered, 0 enqueued
[107.065s][info][gc          ] Allocation Stall (Executor task launch worker for task 24.0 in stage 0.0 (TID 24)) 3.311ms
[107.065s][info][gc          ] Allocation Stall (Executor task launch worker for task 34.0 in stage 0.0 (TID 34)) 3.230ms
[107.065s][info][gc,ref      ] GC(78) Final: 62 encountered, 33 discovered, 0 enqueued
[107.065s][info][gc          ] Allocation Stall (Executor task launch worker for task 11.0 in stage 0.0 (TID 11)) 3.246ms
[107.065s][info][gc,ref      ] GC(78) Phantom: 750 encountered, 502 discovered, 0 enqueued
[107.066s][info][gc          ] Allocation Stall (Executor task launch worker for task 37.0 in stage 0.0 (TID 37)) 3.321ms
[107.066s][info][gc,reloc    ] GC(78) Small Pages: 99 / 198M, Empty: 64M, Relocated: 4M, In-Place: 6
[107.066s][info][gc          ] Allocation Stall (Executor task launch worker for task 0.0 in stage 0.0 (TID 0)) 3.363ms
[107.066s][info][gc,reloc    ] GC(78) Medium Pages: 18 / 576M, Empty: 0M, Relocated: 80M, In-Place: 2
[107.066s][info][gc          ] Allocation Stall (Executor task launch worker for task 10.0 in stage 0.0 (TID 10)) 3.383ms
[107.066s][info][gc,reloc    ] GC(78) Large Pages: 29 / 232M, Empty: 0M, Relocated: 0M, In-Place: 0
[107.066s][info][gc          ] Allocation Stall (Executor task launch worker for task 12.0 in stage 0.0 (TID 12)) 3.352ms
[107.066s][info][gc,reloc    ] GC(78) Forwarding Usage: 0M
[107.066s][info][gc          ] Allocation Stall (Executor task launch worker for task 42.0 in stage 0.0 (TID 42)) 0.269ms
[107.066s][info][gc,heap     ] GC(78) Min Capacity: 8M(1%)
[107.066s][info][gc,heap     ] GC(78) Max Capacity: 1024M(100%)
[107.066s][info][gc,heap     ] GC(78) Soft Max Capacity: 1024M(100%)
[107.066s][info][gc,heap     ] GC(78)                Mark Start          Mark End        Relocate Start      Relocate End           High               Low         
[107.066s][info][gc,heap     ] GC(78)  Capacity:     1024M (100%)       1024M (100%)       1024M (100%)       1024M (100%)       1024M (100%)       1024M (100%)   
[107.066s][info][gc,heap     ] GC(78)      Free:        0M (0%)            0M (0%)            0M (0%)            0M (0%)           64M (6%)            0M (0%)     
[107.066s][info][gc,heap     ] GC(78)      Used:     1024M (100%)       1024M (100%)       1024M (100%)       1024M (100%)       1024M (100%)        960M (94%)    
[107.066s][info][gc,heap     ] GC(78)      Live:         -               746M (73%)         746M (73%)         746M (73%)            -                  -          
[107.066s][info][gc,heap     ] GC(78) Allocated:         -                 0M (0%)           64M (6%)          170M (17%)            -                  -          
[107.066s][info][gc,heap     ] GC(78)   Garbage:         -               277M (27%)         213M (21%)         106M (10%)            -                  -          
[107.066s][info][gc,heap     ] GC(78) Reclaimed:         -                  -                64M (6%)          170M (17%)            -                  -          
[107.066s][info][gc          ] GC(78) Garbage Collection (Allocation Stall) 1024M(100%)->1024M(100%)
[107.071s][info][gc,start    ] GC(79) Garbage Collection (Allocation Stall)
[107.071s][info][gc,ref      ] GC(79) Clearing All SoftReferences
[107.071s][info][gc,task     ] GC(79) Using 10 workers
[107.072s][info][gc,ref      ] GC(79) Clearing All SoftReferences
[107.072s][info][gc,phases   ] GC(79) Pause Mark Start 0.062ms
[107.072s][info][gc          ] Allocation Stall (Executor task launch worker for task 20.0 in stage 0.0 (TID 20)) 1.000ms
[107.072s][info][gc          ] Allocation Stall (Executor task launch worker for task 28.0 in stage 0.0 (TID 28)) 0.998ms
[107.072s][info][gc          ] Allocation Stall (Executor task launch worker for task 18.0 in stage 0.0 (TID 18)) 0.969ms
[107.072s][info][gc          ] Allocation Stall (Executor task launch worker for task 26.0 in stage 0.0 (TID 26)) 1.000ms
[107.072s][info][gc          ] Allocation Stall (Executor task launch worker for task 7.0 in stage 0.0 (TID 7)) 0.034ms
[107.073s][info][gc          ] Allocation Stall (Executor task launch worker for task 46.0 in stage 0.0 (TID 46)) 0.105ms
[107.073s][info][gc          ] Allocation Stall (Executor task launch worker for task 19.0 in stage 0.0 (TID 19)) 0.186ms
[107.073s][info][gc          ] Allocation Stall (Executor task launch worker for task 42.0 in stage 0.0 (TID 42)) 0.213ms
[107.073s][info][gc          ] Allocation Stall (Executor task launch worker for task 37.0 in stage 0.0 (TID 37)) 0.432ms
[107.073s][info][gc          ] Allocation Stall (Executor task launch worker for task 43.0 in stage 0.0 (TID 43)) 0.466ms
[107.073s][info][gc          ] Allocation Stall (Executor task launch worker for task 16.0 in stage 0.0 (TID 16)) 0.515ms
[107.073s][info][gc          ] Allocation Stall (Executor task launch worker for task 10.0 in stage 0.0 (TID 10)) 0.566ms
[107.073s][info][gc          ] Allocation Stall (Executor task launch worker for task 5.0 in stage 0.0 (TID 5)) 0.640ms
[107.073s][info][gc          ] Allocation Stall (Executor task launch worker for task 12.0 in stage 0.0 (TID 12)) 0.688ms
[107.073s][info][gc          ] Allocation Stall (Spark Context Cleaner) 0.552ms
[107.073s][info][gc          ] Allocation Stall (Executor task launch worker for task 9.0 in stage 0.0 (TID 9)) 0.644ms
[107.073s][info][gc          ] Allocation Stall (Executor task launch worker for task 3.0 in stage 0.0 (TID 3)) 0.730ms
[107.077s][info][gc          ] Allocation Stall (Executor task launch worker for task 27.0 in stage 0.0 (TID 27)) 3.986ms
[107.104s][info][gc,phases   ] GC(79) Concurrent Mark 31.196ms
[107.104s][info][gc,phases   ] GC(79) Pause Mark End 0.019ms
[107.104s][info][gc,phases   ] GC(79) Concurrent Mark Free 0.001ms
[107.105s][info][gc,phases   ] GC(79) Concurrent Process Non-Strong References 0.953ms
[107.105s][info][gc,phases   ] GC(79) Concurrent Reset Relocation Set 0.005ms
[107.107s][info][gc          ] Allocation Stall (Executor task launch worker for task 28.0 in stage 0.0 (TID 28)) 26.081ms
[107.107s][info][gc          ] Allocation Stall (Executor task launch worker for task 9.0 in stage 0.0 (TID 9)) 26.689ms
[107.107s][info][gc          ] Allocation Stall (Executor task launch worker for task 7.0 in stage 0.0 (TID 7)) 26.036ms
[107.107s][info][gc          ] Allocation Stall (Executor task launch worker for task 23.0 in stage 0.0 (TID 23)) 26.817ms
[107.107s][info][gc          ] Allocation Stall (Executor task launch worker for task 5.0 in stage 0.0 (TID 5)) 26.646ms
[107.107s][info][gc          ] Allocation Stall (Executor task launch worker for task 30.0 in stage 0.0 (TID 30)) 25.950ms
[107.107s][info][gc          ] Allocation Stall (Executor task launch worker for task 37.0 in stage 0.0 (TID 37)) 26.094ms
[107.107s][info][gc          ] Allocation Stall (Executor task launch worker for task 31.0 in stage 0.0 (TID 31)) 26.304ms
[107.107s][info][gc          ] Allocation Stall (Executor task launch worker for task 43.0 in stage 0.0 (TID 43)) 26.520ms
[107.107s][info][gc          ] Allocation Stall (Executor task launch worker for task 20.0 in stage 0.0 (TID 20)) 26.455ms
[107.107s][info][gc          ] Allocation Stall (Executor task launch worker for task 35.0 in stage 0.0 (TID 35)) 26.628ms
[107.107s][info][gc          ] Allocation Stall (Executor task launch worker for task 39.0 in stage 0.0 (TID 39)) 26.258ms
[107.107s][info][gc          ] Allocation Stall (Executor task launch worker for task 40.0 in stage 0.0 (TID 40)) 26.750ms
[107.107s][info][gc          ] Allocation Stall (Executor task launch worker for task 22.0 in stage 0.0 (TID 22)) 26.280ms
[107.107s][info][gc          ] Allocation Stall (Executor task launch worker for task 1.0 in stage 0.0 (TID 1)) 26.919ms
[107.107s][info][gc          ] Allocation Stall (Executor task launch worker for task 15.0 in stage 0.0 (TID 15)) 26.386ms
[107.107s][info][gc          ] Allocation Stall (Executor task launch worker for task 19.0 in stage 0.0 (TID 19)) 26.332ms
[107.107s][info][gc          ] Allocation Stall (Executor task launch worker for task 25.0 in stage 0.0 (TID 25)) 26.024ms
[107.107s][info][gc          ] Allocation Stall (Executor task launch worker for task 26.0 in stage 0.0 (TID 26)) 26.188ms
[107.107s][info][gc          ] Allocation Stall (Executor task launch worker for task 16.0 in stage 0.0 (TID 16)) 26.652ms
[107.107s][info][gc          ] Allocation Stall (Executor task launch worker for task 32.0 in stage 0.0 (TID 32)) 26.457ms
[107.107s][info][gc          ] Allocation Stall (Executor task launch worker for task 29.0 in stage 0.0 (TID 29)) 26.302ms
[107.107s][info][gc          ] Allocation Stall (Executor task launch worker for task 4.0 in stage 0.0 (TID 4)) 26.384ms
[107.107s][info][gc          ] Allocation Stall (Executor task launch worker for task 17.0 in stage 0.0 (TID 17)) 26.580ms
[107.107s][info][gc          ] Allocation Stall (Executor task launch worker for task 0.0 in stage 0.0 (TID 0)) 30.557ms
[107.107s][info][gc          ] Allocation Stall (Executor task launch worker for task 8.0 in stage 0.0 (TID 8)) 27.511ms
[107.107s][info][gc          ] Allocation Stall (Executor task launch worker for task 10.0 in stage 0.0 (TID 10)) 27.398ms
[107.107s][info][gc          ] Allocation Stall (Executor task launch worker for task 27.0 in stage 0.0 (TID 27)) 27.164ms
[107.107s][info][gc          ] Allocation Stall (Executor task launch worker for task 24.0 in stage 0.0 (TID 24)) 27.124ms
[107.107s][info][gc          ] Allocation Stall (Executor task launch worker for task 2.0 in stage 0.0 (TID 2)) 27.051ms
[107.107s][info][gc          ] Allocation Stall (Executor task launch worker for task 21.0 in stage 0.0 (TID 21)) 27.084ms
[107.107s][info][gc          ] Allocation Stall (Executor task launch worker for task 44.0 in stage 0.0 (TID 44)) 27.239ms
[107.107s][info][gc          ] Allocation Stall (Executor task launch worker for task 18.0 in stage 0.0 (TID 18)) 26.732ms
[107.107s][info][gc          ] Allocation Stall (Executor task launch worker for task 12.0 in stage 0.0 (TID 12)) 26.712ms
[107.107s][info][gc          ] Allocation Stall (Executor task launch worker for task 34.0 in stage 0.0 (TID 34)) 26.999ms
[107.107s][info][gc          ] Allocation Stall (Executor task launch worker for task 41.0 in stage 0.0 (TID 41)) 27.072ms
[107.107s][info][gc          ] Allocation Stall (Executor task launch worker for task 33.0 in stage 0.0 (TID 33)) 25.972ms
[107.107s][info][gc          ] Allocation Stall (Executor task launch worker for task 36.0 in stage 0.0 (TID 36)) 25.967ms
[107.107s][info][gc,phases   ] GC(79) Concurrent Select Relocation Set 2.536ms
[107.107s][info][gc          ] Allocation Stall (Executor task launch worker for task 6.0 in stage 0.0 (TID 6)) 25.941ms
[107.107s][info][gc          ] Allocation Stall (Executor task launch worker for task 45.0 in stage 0.0 (TID 45)) 25.903ms
[107.107s][info][gc          ] Allocation Stall (Executor task launch worker for task 46.0 in stage 0.0 (TID 46)) 25.930ms
[107.107s][info][gc          ] Allocation Stall (Executor task launch worker for task 3.0 in stage 0.0 (TID 3)) 25.887ms
[107.107s][info][gc          ] Allocation Stall (Executor task launch worker for task 42.0 in stage 0.0 (TID 42)) 25.821ms
[107.108s][info][gc          ] Allocation Stall (Executor task launch worker for task 47.0 in stage 0.0 (TID 47)) 25.794ms
[107.108s][info][gc          ] Allocation Stall (Executor task launch worker for task 11.0 in stage 0.0 (TID 11)) 25.814ms
[107.108s][info][gc          ] Allocation Stall (Executor task launch worker for task 38.0 in stage 0.0 (TID 38)) 25.827ms
[107.108s][info][gc          ] Allocation Stall (Executor task launch worker for task 13.0 in stage 0.0 (TID 13)) 25.846ms
[107.108s][info][gc          ] Allocation Stall (Executor task launch worker for task 14.0 in stage 0.0 (TID 14)) 25.862ms
[107.109s][info][gc,phases   ] GC(79) Pause Relocate Start 0.007ms
[107.122s][info][gc          ] Allocation Stall (Executor task launch worker for task 21.0 in stage 0.0 (TID 21)) 10.400ms
[107.122s][info][gc          ] Allocation Stall (Executor task launch worker for task 36.0 in stage 0.0 (TID 36)) 6.600ms
[107.122s][info][gc          ] Allocation Stall (Executor task launch worker for task 35.0 in stage 0.0 (TID 35)) 3.663ms
[107.122s][info][gc          ] Allocation Stall (Executor task launch worker for task 10.0 in stage 0.0 (TID 10)) 6.500ms
[107.122s][info][gc          ] Allocation Stall (Executor task launch worker for task 30.0 in stage 0.0 (TID 30)) 6.365ms
[107.122s][info][gc          ] Allocation Stall (Executor task launch worker for task 8.0 in stage 0.0 (TID 8)) 4.640ms
[107.122s][info][gc          ] Allocation Stall (Executor task launch worker for task 15.0 in stage 0.0 (TID 15)) 3.584ms
[107.122s][info][gc          ] Allocation Stall (Executor task launch worker for task 39.0 in stage 0.0 (TID 39)) 4.174ms
[107.122s][info][gc          ] Allocation Stall (Executor task launch worker for task 13.0 in stage 0.0 (TID 13)) 6.785ms
[107.122s][info][gc          ] Allocation Stall (Executor task launch worker for task 25.0 in stage 0.0 (TID 25)) 3.661ms
[107.122s][info][gc          ] Allocation Stall (Executor task launch worker for task 22.0 in stage 0.0 (TID 22)) 6.656ms
[107.122s][info][gc          ] Allocation Stall (Executor task launch worker for task 24.0 in stage 0.0 (TID 24)) 6.736ms
[107.122s][info][gc          ] Allocation Stall (Executor task launch worker for task 33.0 in stage 0.0 (TID 33)) 4.644ms
[107.122s][info][gc          ] Allocation Stall (Executor task launch worker for task 40.0 in stage 0.0 (TID 40)) 3.753ms
[107.122s][info][gc          ] Allocation Stall (Executor task launch worker for task 16.0 in stage 0.0 (TID 16)) 6.632ms
[107.122s][info][gc          ] Allocation Stall (Executor task launch worker for task 2.0 in stage 0.0 (TID 2)) 6.761ms
[107.122s][info][gc          ] Allocation Stall (Executor task launch worker for task 44.0 in stage 0.0 (TID 44)) 3.923ms
[107.122s][info][gc          ] Allocation Stall (Executor task launch worker for task 42.0 in stage 0.0 (TID 42)) 3.830ms
[107.122s][info][gc          ] Allocation Stall (Executor task launch worker for task 37.0 in stage 0.0 (TID 37)) 3.763ms
[107.122s][info][gc          ] Allocation Stall (Executor task launch worker for task 47.0 in stage 0.0 (TID 47)) 3.169ms
[107.122s][info][gc          ] Allocation Stall (Executor task launch worker for task 5.0 in stage 0.0 (TID 5)) 3.050ms
[107.122s][info][gc          ] Allocation Stall (Executor task launch worker for task 34.0 in stage 0.0 (TID 34)) 3.025ms
[107.122s][info][gc          ] Allocation Stall (Executor task launch worker for task 11.0 in stage 0.0 (TID 11)) 2.961ms
[107.122s][info][gc          ] Allocation Stall (Executor task launch worker for task 23.0 in stage 0.0 (TID 23)) 2.960ms
[107.122s][info][gc          ] Allocation Stall (Executor task launch worker for task 12.0 in stage 0.0 (TID 12)) 2.947ms
[107.122s][info][gc          ] Allocation Stall (Executor task launch worker for task 20.0 in stage 0.0 (TID 20)) 2.919ms
[107.122s][info][gc          ] Allocation Stall (Executor task launch worker for task 26.0 in stage 0.0 (TID 26)) 2.909ms
[107.123s][info][gc          ] Allocation Stall (Executor task launch worker for task 27.0 in stage 0.0 (TID 27)) 2.848ms
[107.123s][info][gc          ] Allocation Stall (Executor task launch worker for task 9.0 in stage 0.0 (TID 9)) 2.873ms
[107.123s][info][gc          ] Allocation Stall (Executor task launch worker for task 14.0 in stage 0.0 (TID 14)) 2.868ms
[107.123s][info][gc          ] Allocation Stall (Executor task launch worker for task 4.0 in stage 0.0 (TID 4)) 2.710ms
[107.123s][info][gc          ] Allocation Stall (Executor task launch worker for task 31.0 in stage 0.0 (TID 31)) 2.654ms
[107.123s][info][gc          ] Allocation Stall (Executor task launch worker for task 41.0 in stage 0.0 (TID 41)) 2.616ms
[107.123s][info][gc          ] Allocation Stall (Executor task launch worker for task 19.0 in stage 0.0 (TID 19)) 2.633ms
[107.123s][info][gc          ] Allocation Stall (Executor task launch worker for task 43.0 in stage 0.0 (TID 43)) 2.591ms
[107.123s][info][gc          ] Allocation Stall (Executor task launch worker for task 17.0 in stage 0.0 (TID 17)) 2.565ms
[107.123s][info][gc          ] Allocation Stall (Executor task launch worker for task 45.0 in stage 0.0 (TID 45)) 2.378ms
[107.123s][info][gc          ] Allocation Stall (Executor task launch worker for task 38.0 in stage 0.0 (TID 38)) 2.412ms
[107.123s][info][gc          ] Allocation Stall (Executor task launch worker for task 28.0 in stage 0.0 (TID 28)) 2.377ms
[107.123s][info][gc          ] Allocation Stall (Executor task launch worker for task 7.0 in stage 0.0 (TID 7)) 2.317ms
[107.123s][info][gc          ] Allocation Stall (Executor task launch worker for task 46.0 in stage 0.0 (TID 46)) 2.292ms
[107.123s][info][gc          ] Allocation Stall (Executor task launch worker for task 32.0 in stage 0.0 (TID 32)) 2.319ms
[107.123s][info][gc          ] Allocation Stall (Executor task launch worker for task 0.0 in stage 0.0 (TID 0)) 2.324ms
[107.123s][info][gc          ] Allocation Stall (Executor task launch worker for task 29.0 in stage 0.0 (TID 29)) 2.278ms
[107.123s][info][gc          ] Allocation Stall (Executor task launch worker for task 18.0 in stage 0.0 (TID 18)) 1.562ms
[107.127s][info][gc          ] Relocation Stall (Executor task launch worker for task 6.0 in stage 0.0 (TID 6)) 17.609ms
[107.127s][info][gc          ] Relocation Stall (Executor task launch worker for task 1.0 in stage 0.0 (TID 1)) 17.699ms
[107.130s][info][gc          ] Allocation Stall (Executor task launch worker for task 5.0 in stage 0.0 (TID 5)) 0.393ms
[107.130s][info][gc          ] Allocation Stall (Executor task launch worker for task 14.0 in stage 0.0 (TID 14)) 0.461ms
[107.130s][info][gc          ] Allocation Stall (Executor task launch worker for task 30.0 in stage 0.0 (TID 30)) 0.377ms
[107.130s][info][gc          ] Allocation Stall (Executor task launch worker for task 32.0 in stage 0.0 (TID 32)) 0.772ms
[107.130s][info][gc,phases   ] GC(79) Concurrent Relocate 20.326ms
[107.130s][info][gc          ] Allocation Stall (Executor task launch worker for task 25.0 in stage 0.0 (TID 25)) 0.303ms
[107.130s][info][gc          ] Allocation Stall (Executor task launch worker for task 26.0 in stage 0.0 (TID 26)) 1.203ms
[107.130s][info][gc          ] Allocation Stall (Executor task launch worker for task 36.0 in stage 0.0 (TID 36)) 0.557ms
[107.130s][info][gc          ] Allocation Stall (Executor task launch worker for task 19.0 in stage 0.0 (TID 19)) 0.904ms
[107.130s][info][gc          ] Allocation Stall (Executor task launch worker for task 31.0 in stage 0.0 (TID 31)) 1.292ms
[107.130s][info][gc          ] Allocation Stall (Executor task launch worker for task 12.0 in stage 0.0 (TID 12)) 0.870ms
[107.130s][info][gc,load     ] GC(79) Load: 0.00/0.00/0.00
[107.130s][info][gc,mmu      ] GC(79) MMU: 2ms/94.2%, 5ms/97.7%, 10ms/98.8%, 20ms/99.3%, 50ms/99.7%, 100ms/99.8%
[107.130s][info][gc,marking  ] GC(79) Mark: 8 stripe(s), 2 proactive flush(es), 1 terminate flush(es), 0 completion(s), 0 continuation(s) 
[107.130s][info][gc,marking  ] GC(79) Mark Stack Usage: 32M
[107.131s][info][gc,nmethod  ] GC(79) NMethods: 2271 registered, 91 unregistered
[107.131s][info][gc,metaspace] GC(79) Metaspace: 112M used, 124M committed, 1152M reserved
[107.131s][info][gc,ref      ] GC(79) Soft: 2802 encountered, 2104 discovered, 2 enqueued
[107.131s][info][gc,ref      ] GC(79) Weak: 12969 encountered, 2315 discovered, 4 enqueued
[107.131s][info][gc,ref      ] GC(79) Final: 62 encountered, 2 discovered, 0 enqueued
[107.131s][info][gc,ref      ] GC(79) Phantom: 750 encountered, 544 discovered, 0 enqueued
[107.131s][info][gc,reloc    ] GC(79) Small Pages: 105 / 210M, Empty: 72M, Relocated: 5M, In-Place: 0
[107.131s][info][gc,reloc    ] GC(79) Medium Pages: 17 / 544M, Empty: 0M, Relocated: 16M, In-Place: 1
[107.131s][info][gc,reloc    ] GC(79) Large Pages: 32 / 256M, Empty: 0M, Relocated: 0M, In-Place: 0
[107.131s][info][gc,reloc    ] GC(79) Forwarding Usage: 0M
[107.131s][info][gc,heap     ] GC(79) Min Capacity: 8M(1%)
[107.131s][info][gc,heap     ] GC(79) Max Capacity: 1024M(100%)
[107.131s][info][gc,heap     ] GC(79) Soft Max Capacity: 1024M(100%)
[107.131s][info][gc,heap     ] GC(79)                Mark Start          Mark End        Relocate Start      Relocate End           High               Low         
[107.131s][info][gc,heap     ] GC(79)  Capacity:     1024M (100%)       1024M (100%)       1024M (100%)       1024M (100%)       1024M (100%)       1024M (100%)   
[107.131s][info][gc,heap     ] GC(79)      Free:        6M (1%)            0M (0%)           54M (5%)            8M (1%)           72M (7%)            0M (0%)     
[107.131s][info][gc,heap     ] GC(79)      Used:     1018M (99%)        1024M (100%)        970M (95%)        1016M (99%)        1024M (100%)        952M (93%)    
[107.131s][info][gc,heap     ] GC(79)      Live:         -               759M (74%)         759M (74%)         759M (74%)            -                  -          
[107.131s][info][gc,heap     ] GC(79) Allocated:         -                 6M (1%)           24M (2%)          154M (15%)            -                  -          
[107.131s][info][gc,heap     ] GC(79)   Garbage:         -               258M (25%)         186M (18%)         102M (10%)            -                  -          
[107.131s][info][gc,heap     ] GC(79) Reclaimed:         -                  -                72M (7%)          156M (15%)            -                  -          
[107.131s][info][gc          ] GC(79) Garbage Collection (Allocation Stall) 1018M(99%)->1016M(99%)
[107.131s][info][gc,start    ] GC(80) Garbage Collection (Allocation Stall)
[107.131s][info][gc,ref      ] GC(80) Clearing All SoftReferences
[107.131s][info][gc,task     ] GC(80) Using 10 workers
[107.135s][info][gc,ref      ] GC(80) Clearing All SoftReferences
[107.135s][info][gc,phases   ] GC(80) Pause Mark Start 0.031ms
[107.135s][info][gc          ] Allocation Stall (Executor task launch worker for task 4.0 in stage 0.0 (TID 4)) 4.528ms
[107.135s][info][gc          ] Allocation Stall (Executor task launch worker for task 35.0 in stage 0.0 (TID 35)) 4.144ms
[107.135s][info][gc          ] Allocation Stall (Executor task launch worker for task 7.0 in stage 0.0 (TID 7)) 4.327ms
[107.182s][info][gc,phases   ] GC(80) Concurrent Mark 21.385ms
[107.182s][info][gc,phases   ] GC(80) Pause Mark End 0.019ms
[107.182s][info][gc,phases   ] GC(80) Concurrent Mark Free 0.001ms
[107.183s][info][gc,phases   ] GC(80) Concurrent Process Non-Strong References 0.764ms
[107.183s][info][gc,phases   ] GC(80) Concurrent Reset Relocation Set 0.005ms
[107.185s][info][gc          ] Allocation Stall (Executor task launch worker for task 43.0 in stage 0.0 (TID 43)) 24.629ms
[107.185s][info][gc          ] Allocation Stall (Executor task launch worker for task 21.0 in stage 0.0 (TID 21)) 28.742ms
[107.185s][info][gc          ] Allocation Stall (Executor task launch worker for task 14.0 in stage 0.0 (TID 14)) 24.740ms
[107.185s][info][gc          ] Allocation Stall (Executor task launch worker for task 36.0 in stage 0.0 (TID 36)) 24.607ms
[107.185s][info][gc          ] Allocation Stall (Executor task launch worker for task 11.0 in stage 0.0 (TID 11)) 24.688ms
[107.185s][info][gc          ] Allocation Stall (Executor task launch worker for task 28.0 in stage 0.0 (TID 28)) 24.449ms
[107.185s][info][gc          ] Allocation Stall (Executor task launch worker for task 19.0 in stage 0.0 (TID 19)) 24.123ms
[107.185s][info][gc          ] Allocation Stall (Executor task launch worker for task 27.0 in stage 0.0 (TID 27)) 23.995ms
[107.185s][info][gc,phases   ] GC(80) Concurrent Select Relocation Set 2.386ms
[107.185s][info][gc          ] Allocation Stall (Executor task launch worker for task 31.0 in stage 0.0 (TID 31)) 23.927ms
[107.185s][info][gc          ] Allocation Stall (Executor task launch worker for task 5.0 in stage 0.0 (TID 5)) 23.774ms
[107.185s][info][gc          ] Allocation Stall (Executor task launch worker for task 33.0 in stage 0.0 (TID 33)) 23.774ms
[107.185s][info][gc          ] Allocation Stall (Executor task launch worker for task 13.0 in stage 0.0 (TID 13)) 23.671ms
[107.185s][info][gc          ] Allocation Stall (Executor task launch worker for task 45.0 in stage 0.0 (TID 45)) 23.499ms
[107.186s][info][gc,phases   ] GC(80) Pause Relocate Start 0.005ms
[107.186s][info][gc          ] Allocation Stall (Executor task launch worker for task 34.0 in stage 0.0 (TID 34)) 23.739ms
[107.186s][info][gc          ] Allocation Stall (Executor task launch worker for task 32.0 in stage 0.0 (TID 32)) 23.811ms
[107.186s][info][gc          ] Allocation Stall (Executor task launch worker for task 35.0 in stage 0.0 (TID 35)) 24.374ms
[107.186s][info][gc          ] Allocation Stall (Executor task launch worker for task 2.0 in stage 0.0 (TID 2)) 24.155ms
[107.186s][info][gc          ] Allocation Stall (Executor task launch worker for task 8.0 in stage 0.0 (TID 8)) 23.602ms
[107.186s][info][gc          ] Allocation Stall (Executor task launch worker for task 6.0 in stage 0.0 (TID 6)) 23.612ms
[107.186s][info][gc          ] Allocation Stall (Executor task launch worker for task 44.0 in stage 0.0 (TID 44)) 23.573ms
[107.186s][info][gc          ] Allocation Stall (Executor task launch worker for task 38.0 in stage 0.0 (TID 38)) 23.593ms
[107.186s][info][gc          ] Allocation Stall (Executor task launch worker for task 7.0 in stage 0.0 (TID 7)) 23.546ms
[107.186s][info][gc          ] Allocation Stall (Executor task launch worker for task 10.0 in stage 0.0 (TID 10)) 23.574ms
[107.186s][info][gc          ] Allocation Stall (Executor task launch worker for task 15.0 in stage 0.0 (TID 15)) 23.579ms
[107.186s][info][gc          ] Allocation Stall (Executor task launch worker for task 26.0 in stage 0.0 (TID 26)) 23.456ms
[107.186s][info][gc          ] Allocation Stall (Executor task launch worker for task 4.0 in stage 0.0 (TID 4)) 23.378ms
[107.186s][info][gc          ] Allocation Stall (Executor task launch worker for task 39.0 in stage 0.0 (TID 39)) 23.390ms
[107.186s][info][gc          ] Allocation Stall (Executor task launch worker for task 1.0 in stage 0.0 (TID 1)) 23.102ms
[107.186s][info][gc          ] Allocation Stall (Executor task launch worker for task 9.0 in stage 0.0 (TID 9)) 23.062ms
[107.186s][info][gc          ] Allocation Stall (Executor task launch worker for task 40.0 in stage 0.0 (TID 40)) 23.093ms
[107.186s][info][gc          ] Allocation Stall (Executor task launch worker for task 3.0 in stage 0.0 (TID 3)) 23.049ms
[107.186s][info][gc          ] Allocation Stall (Executor task launch worker for task 23.0 in stage 0.0 (TID 23)) 23.079ms
[107.186s][info][gc          ] Allocation Stall (Executor task launch worker for task 29.0 in stage 0.0 (TID 29)) 22.953ms
[107.186s][info][gc          ] Allocation Stall (Executor task launch worker for task 22.0 in stage 0.0 (TID 22)) 22.945ms
[107.186s][info][gc          ] Allocation Stall (Executor task launch worker for task 37.0 in stage 0.0 (TID 37)) 22.953ms
[107.186s][info][gc          ] Allocation Stall (Executor task launch worker for task 46.0 in stage 0.0 (TID 46)) 22.981ms
[107.186s][info][gc          ] Allocation Stall (Executor task launch worker for task 47.0 in stage 0.0 (TID 47)) 22.924ms
[107.186s][info][gc          ] Allocation Stall (Executor task launch worker for task 18.0 in stage 0.0 (TID 18)) 22.905ms
[107.186s][info][gc          ] Allocation Stall (Executor task launch worker for task 41.0 in stage 0.0 (TID 41)) 22.864ms
[107.186s][info][gc          ] Allocation Stall (Executor task launch worker for task 25.0 in stage 0.0 (TID 25)) 22.789ms
[107.186s][info][gc          ] Allocation Stall (Executor task launch worker for task 24.0 in stage 0.0 (TID 24)) 22.812ms
[107.187s][info][gc          ] Allocation Stall (Executor task launch worker for task 42.0 in stage 0.0 (TID 42)) 22.840ms
[107.187s][info][gc          ] Allocation Stall (Executor task launch worker for task 20.0 in stage 0.0 (TID 20)) 22.800ms
[107.187s][info][gc          ] Allocation Stall (Executor task launch worker for task 12.0 in stage 0.0 (TID 12)) 22.791ms
[107.187s][info][gc          ] Allocation Stall (Executor task launch worker for task 30.0 in stage 0.0 (TID 30)) 22.806ms
[107.187s][info][gc          ] Allocation Stall (Executor task launch worker for task 0.0 in stage 0.0 (TID 0)) 22.802ms
[107.187s][info][gc          ] Allocation Stall (Executor task launch worker for task 17.0 in stage 0.0 (TID 17)) 22.877ms
[107.187s][info][gc          ] Allocation Stall (Executor task launch worker for task 16.0 in stage 0.0 (TID 16)) 22.869ms
[107.187s][info][gc          ] Allocation Stall (Spark Context Cleaner) 5.044ms
[107.187s][info][gc          ] Allocation Stall (Executor task launch worker for task 36.0 in stage 0.0 (TID 36)) 0.341ms
[107.187s][info][gc          ] Allocation Stall (Executor task launch worker for task 13.0 in stage 0.0 (TID 13)) 0.378ms
[107.187s][info][gc          ] Allocation Stall (Executor task launch worker for task 34.0 in stage 0.0 (TID 34)) 0.189ms
[107.196s][info][gc          ] Relocation Stall (Executor task launch worker for task 33.0 in stage 0.0 (TID 33)) 9.765ms
[107.196s][info][gc          ] Allocation Stall (Executor task launch worker for task 10.0 in stage 0.0 (TID 10)) 0.174ms
[107.203s][info][gc          ] Allocation Stall (Executor task launch worker for task 32.0 in stage 0.0 (TID 32)) 6.533ms
[107.203s][info][gc          ] Allocation Stall (Executor task launch worker for task 22.0 in stage 0.0 (TID 22)) 6.735ms
[107.203s][info][gc          ] Allocation Stall (Executor task launch worker for task 33.0 in stage 0.0 (TID 33)) 6.549ms
[107.203s][info][gc          ] Allocation Stall (Executor task launch worker for task 4.0 in stage 0.0 (TID 4)) 6.763ms
[107.203s][info][gc          ] Allocation Stall (Executor task launch worker for task 28.0 in stage 0.0 (TID 28)) 6.385ms
[107.203s][info][gc          ] Allocation Stall (Executor task launch worker for task 34.0 in stage 0.0 (TID 34)) 6.758ms
[107.203s][info][gc          ] Allocation Stall (Executor task launch worker for task 13.0 in stage 0.0 (TID 13)) 6.534ms
[107.203s][info][gc          ] Allocation Stall (Executor task launch worker for task 5.0 in stage 0.0 (TID 5)) 6.802ms
[107.203s][info][gc          ] Allocation Stall (Executor task launch worker for task 8.0 in stage 0.0 (TID 8)) 6.386ms
[107.203s][info][gc          ] Allocation Stall (Executor task launch worker for task 42.0 in stage 0.0 (TID 42)) 6.817ms
[107.203s][info][gc          ] Allocation Stall (Executor task launch worker for task 7.0 in stage 0.0 (TID 7)) 6.857ms
[107.203s][info][gc          ] Allocation Stall (Executor task launch worker for task 10.0 in stage 0.0 (TID 10)) 6.500ms
[107.203s][info][gc          ] Allocation Stall (Executor task launch worker for task 24.0 in stage 0.0 (TID 24)) 6.855ms
[107.203s][info][gc          ] Allocation Stall (Executor task launch worker for task 46.0 in stage 0.0 (TID 46)) 6.821ms
[107.203s][info][gc          ] Allocation Stall (Executor task launch worker for task 41.0 in stage 0.0 (TID 41)) 6.373ms
[107.203s][info][gc          ] Allocation Stall (Executor task launch worker for task 30.0 in stage 0.0 (TID 30)) 6.842ms
[107.203s][info][gc,phases   ] GC(80) Concurrent Relocate 17.191ms
[107.203s][info][gc          ] Allocation Stall (Executor task launch worker for task 15.0 in stage 0.0 (TID 15)) 6.458ms
[107.203s][info][gc          ] Allocation Stall (Executor task launch worker for task 25.0 in stage 0.0 (TID 25)) 6.460ms
[107.204s][info][gc          ] Allocation Stall (Executor task launch worker for task 36.0 in stage 0.0 (TID 36)) 6.518ms
[107.204s][info][gc          ] Allocation Stall (Executor task launch worker for task 20.0 in stage 0.0 (TID 20)) 6.625ms
[107.204s][info][gc,load     ] GC(80) Load: 0.00/0.00/0.00
[107.204s][info][gc          ] Allocation Stall (Executor task launch worker for task 0.0 in stage 0.0 (TID 0)) 6.549ms
[107.204s][info][gc          ] Allocation Stall (Executor task launch worker for task 43.0 in stage 0.0 (TID 43)) 6.521ms
[107.204s][info][gc          ] Allocation Stall (Executor task launch worker for task 37.0 in stage 0.0 (TID 37)) 6.449ms
[107.204s][info][gc,mmu      ] GC(80) MMU: 2ms/94.2%, 5ms/97.7%, 10ms/98.8%, 20ms/99.3%, 50ms/99.7%, 100ms/99.8%
[107.204s][info][gc          ] Allocation Stall (Executor task launch worker for task 29.0 in stage 0.0 (TID 29)) 6.303ms
[107.204s][info][gc          ] Allocation Stall (Executor task launch worker for task 38.0 in stage 0.0 (TID 38)) 6.325ms
[107.204s][info][gc          ] Allocation Stall (Executor task launch worker for task 26.0 in stage 0.0 (TID 26)) 6.228ms
[107.204s][info][gc,marking  ] GC(80) Mark: 8 stripe(s), 2 proactive flush(es), 1 terminate flush(es), 0 completion(s), 0 continuation(s) 
[107.204s][info][gc          ] Allocation Stall (Executor task launch worker for task 17.0 in stage 0.0 (TID 17)) 6.249ms
[107.204s][info][gc          ] Allocation Stall (Executor task launch worker for task 9.0 in stage 0.0 (TID 9)) 6.207ms
[107.204s][info][gc,marking  ] GC(80) Mark Stack Usage: 32M
[107.204s][info][gc          ] Allocation Stall (Executor task launch worker for task 11.0 in stage 0.0 (TID 11)) 6.160ms
[107.204s][info][gc          ] Allocation Stall (Executor task launch worker for task 3.0 in stage 0.0 (TID 3)) 6.090ms
[107.204s][info][gc,nmethod  ] GC(80) NMethods: 2271 registered, 91 unregistered
[107.204s][info][gc          ] Allocation Stall (Executor task launch worker for task 1.0 in stage 0.0 (TID 1)) 6.085ms
[107.204s][info][gc          ] Allocation Stall (Executor task launch worker for task 35.0 in stage 0.0 (TID 35)) 5.937ms
[107.204s][info][gc          ] Allocation Stall (Executor task launch worker for task 45.0 in stage 0.0 (TID 45)) 5.978ms
[107.204s][info][gc          ] Allocation Stall (Executor task launch worker for task 27.0 in stage 0.0 (TID 27)) 5.965ms
[107.204s][info][gc,metaspace] GC(80) Metaspace: 112M used, 124M committed, 1152M reserved
[107.204s][info][gc          ] Allocation Stall (Executor task launch worker for task 19.0 in stage 0.0 (TID 19)) 6.055ms
[107.204s][info][gc          ] Allocation Stall (Executor task launch worker for task 39.0 in stage 0.0 (TID 39)) 6.083ms
[107.204s][info][gc          ] Allocation Stall (Executor task launch worker for task 23.0 in stage 0.0 (TID 23)) 6.044ms
[107.205s][info][gc,ref      ] GC(80) Soft: 2800 encountered, 344 discovered, 0 enqueued
[107.205s][info][gc          ] Allocation Stall (Executor task launch worker for task 31.0 in stage 0.0 (TID 31)) 6.111ms
[107.205s][info][gc,ref      ] GC(80) Weak: 12966 encountered, 1442 discovered, 0 enqueued
[107.205s][info][gc,ref      ] GC(80) Final: 62 encountered, 2 discovered, 0 enqueued
[107.205s][info][gc,ref      ] GC(80) Phantom: 750 encountered, 577 discovered, 0 enqueued
[107.205s][info][gc,reloc    ] GC(80) Small Pages: 90 / 180M, Empty: 44M, Relocated: 3M, In-Place: 9
[107.205s][info][gc,reloc    ] GC(80) Medium Pages: 17 / 544M, Empty: 0M, Relocated: 20M, In-Place: 1
[107.205s][info][gc,reloc    ] GC(80) Large Pages: 32 / 256M, Empty: 0M, Relocated: 0M, In-Place: 0
[107.205s][info][gc,reloc    ] GC(80) Forwarding Usage: 0M
[107.205s][info][gc,heap     ] GC(80) Min Capacity: 8M(1%)
[107.205s][info][gc,heap     ] GC(80) Max Capacity: 1024M(100%)
[107.205s][info][gc,heap     ] GC(80) Soft Max Capacity: 1024M(100%)
[107.205s][info][gc,heap     ] GC(80)                Mark Start          Mark End        Relocate Start      Relocate End           High               Low         
[107.205s][info][gc,heap     ] GC(80)  Capacity:     1024M (100%)       1024M (100%)       1024M (100%)       1024M (100%)       1024M (100%)       1024M (100%)   
[107.205s][info][gc,heap     ] GC(80)      Free:       38M (4%)            0M (0%)            0M (0%)            0M (0%)           44M (4%)            0M (0%)     
[107.205s][info][gc,heap     ] GC(80)      Used:      986M (96%)        1024M (100%)       1024M (100%)       1024M (100%)       1024M (100%)        980M (96%)    
[107.205s][info][gc,heap     ] GC(80)      Live:         -               763M (75%)         763M (75%)         763M (75%)            -                  -          
[107.205s][info][gc,heap     ] GC(80) Allocated:         -                38M (4%)           82M (8%)          163M (16%)            -                  -          
[107.205s][info][gc,heap     ] GC(80)   Garbage:         -               222M (22%)         178M (17%)          97M (10%)            -                  -          
[107.205s][info][gc,heap     ] GC(80) Reclaimed:         -                  -                44M (4%)          125M (12%)            -                  -          
[107.205s][info][gc          ] GC(80) Garbage Collection (Allocation Stall) 986M(96%)->1024M(100%)
[107.205s][info][gc,start    ] GC(81) Garbage Collection (Allocation Stall)
[107.206s][info][gc,ref      ] GC(81) Clearing All SoftReferences
[107.206s][info][gc,task     ] GC(81) Using 10 workers
[107.206s][info][gc,ref      ] GC(81) Clearing All SoftReferences
[107.206s][info][gc,phases   ] GC(81) Pause Mark Start 0.032ms
[107.206s][info][gc          ] Allocation Stall (Executor task launch worker for task 6.0 in stage 0.0 (TID 6)) 7.719ms
[107.207s][info][gc          ] Allocation Stall (Executor task launch worker for task 44.0 in stage 0.0 (TID 44)) 7.725ms
[107.207s][info][gc          ] Allocation Stall (Executor task launch worker for task 40.0 in stage 0.0 (TID 40)) 7.403ms
[107.207s][info][gc          ] Allocation Stall (Executor task launch worker for task 47.0 in stage 0.0 (TID 47)) 7.491ms
[107.207s][info][gc          ] Allocation Stall (Executor task launch worker for task 12.0 in stage 0.0 (TID 12)) 7.791ms
[107.207s][info][gc          ] Allocation Stall (Executor task launch worker for task 16.0 in stage 0.0 (TID 16)) 7.732ms
[107.207s][info][gc          ] Allocation Stall (Executor task launch worker for task 2.0 in stage 0.0 (TID 2)) 7.160ms
[107.207s][info][gc          ] Allocation Stall (Executor task launch worker for task 18.0 in stage 0.0 (TID 18)) 7.494ms
[107.207s][info][gc          ] Allocation Stall (Executor task launch worker for task 14.0 in stage 0.0 (TID 14)) 7.532ms
[107.207s][info][gc          ] Allocation Stall (Executor task launch worker for task 43.0 in stage 0.0 (TID 43)) 0.459ms
[107.207s][info][gc          ] Allocation Stall (Executor task launch worker for task 25.0 in stage 0.0 (TID 25)) 0.527ms
[107.207s][info][gc          ] Allocation Stall (Executor task launch worker for task 31.0 in stage 0.0 (TID 31)) 0.584ms
[107.207s][info][gc          ] Allocation Stall (Executor task launch worker for task 24.0 in stage 0.0 (TID 24)) 0.510ms
[107.207s][info][gc          ] Allocation Stall (Executor task launch worker for task 4.0 in stage 0.0 (TID 4)) 0.497ms
[107.207s][info][gc          ] Allocation Stall (Executor task launch worker for task 45.0 in stage 0.0 (TID 45)) 0.529ms
[107.207s][info][gc          ] Allocation Stall (Executor task launch worker for task 19.0 in stage 0.0 (TID 19)) 0.550ms
[107.207s][info][gc          ] Allocation Stall (Executor task launch worker for task 33.0 in stage 0.0 (TID 33)) 0.550ms
[107.207s][info][gc          ] Allocation Stall (Executor task launch worker for task 35.0 in stage 0.0 (TID 35)) 0.575ms
[107.207s][info][gc          ] Allocation Stall (Executor task launch worker for task 23.0 in stage 0.0 (TID 23)) 0.657ms
[107.207s][info][gc          ] Allocation Stall (Executor task launch worker for task 0.0 in stage 0.0 (TID 0)) 0.677ms
[107.207s][info][gc          ] Allocation Stall (Executor task launch worker for task 29.0 in stage 0.0 (TID 29)) 0.715ms
[107.207s][info][gc          ] Allocation Stall (Executor task launch worker for task 11.0 in stage 0.0 (TID 11)) 0.741ms
[107.207s][info][gc          ] Allocation Stall (Executor task launch worker for task 17.0 in stage 0.0 (TID 17)) 0.764ms
[107.207s][info][gc          ] Allocation Stall (Executor task launch worker for task 36.0 in stage 0.0 (TID 36)) 0.792ms
[107.207s][info][gc          ] Allocation Stall (Executor task launch worker for task 39.0 in stage 0.0 (TID 39)) 0.847ms
[107.207s][info][gc          ] Allocation Stall (Executor task launch worker for task 27.0 in stage 0.0 (TID 27)) 0.942ms
[107.207s][info][gc          ] Allocation Stall (Executor task launch worker for task 9.0 in stage 0.0 (TID 9)) 0.991ms
[107.208s][info][gc          ] Allocation Stall (Executor task launch worker for task 3.0 in stage 0.0 (TID 3)) 1.007ms
[107.208s][info][gc          ] Allocation Stall (Executor task launch worker for task 34.0 in stage 0.0 (TID 34)) 1.044ms
[107.208s][info][gc          ] Allocation Stall (Executor task launch worker for task 20.0 in stage 0.0 (TID 20)) 1.096ms
[107.208s][info][gc          ] Allocation Stall (Executor task launch worker for task 8.0 in stage 0.0 (TID 8)) 1.145ms
[107.208s][info][gc          ] Allocation Stall (Executor task launch worker for task 37.0 in stage 0.0 (TID 37)) 1.183ms
[107.208s][info][gc          ] Allocation Stall (Executor task launch worker for task 26.0 in stage 0.0 (TID 26)) 1.296ms
[107.208s][info][gc          ] Allocation Stall (Executor task launch worker for task 13.0 in stage 0.0 (TID 13)) 1.368ms
[107.208s][info][gc          ] Allocation Stall (Executor task launch worker for task 1.0 in stage 0.0 (TID 1)) 1.457ms
[107.208s][info][gc          ] Allocation Stall (Executor task launch worker for task 15.0 in stage 0.0 (TID 15)) 1.541ms
[107.208s][info][gc          ] Allocation Stall (Executor task launch worker for task 38.0 in stage 0.0 (TID 38)) 1.605ms
[107.208s][info][gc          ] Allocation Stall (Executor task launch worker for task 28.0 in stage 0.0 (TID 28)) 1.698ms
[107.208s][info][gc          ] Allocation Stall (Executor task launch worker for task 32.0 in stage 0.0 (TID 32)) 1.756ms
[107.244s][info][gc,phases   ] GC(81) Concurrent Mark 38.016ms
[107.244s][info][gc,phases   ] GC(81) Pause Mark End 0.017ms
[107.244s][info][gc,phases   ] GC(81) Concurrent Mark Free 0.001ms
[107.245s][info][gc,phases   ] GC(81) Concurrent Process Non-Strong References 1.006ms
[107.245s][info][gc,phases   ] GC(81) Concurrent Reset Relocation Set 0.006ms
[107.248s][info][gc          ] Allocation Stall (Executor task launch worker for task 31.0 in stage 0.0 (TID 31)) 27.406ms
[107.248s][info][gc          ] Allocation Stall (Executor task launch worker for task 1.0 in stage 0.0 (TID 1)) 26.968ms
[107.248s][info][gc          ] Allocation Stall (Executor task launch worker for task 47.0 in stage 0.0 (TID 47)) 29.434ms
[107.248s][info][gc          ] Allocation Stall (Executor task launch worker for task 23.0 in stage 0.0 (TID 23)) 27.323ms
[107.248s][info][gc          ] Allocation Stall (Executor task launch worker for task 34.0 in stage 0.0 (TID 34)) 26.409ms
[107.248s][info][gc          ] Allocation Stall (Executor task launch worker for task 36.0 in stage 0.0 (TID 36)) 26.805ms
[107.248s][info][gc          ] Allocation Stall (Executor task launch worker for task 40.0 in stage 0.0 (TID 40)) 27.275ms
[107.248s][info][gc          ] Allocation Stall (Executor task launch worker for task 13.0 in stage 0.0 (TID 13)) 26.299ms
[107.248s][info][gc          ] Allocation Stall (Executor task launch worker for task 39.0 in stage 0.0 (TID 39)) 26.425ms
[107.248s][info][gc          ] Allocation Stall (Executor task launch worker for task 8.0 in stage 0.0 (TID 8)) 27.170ms
[107.248s][info][gc          ] Allocation Stall (Executor task launch worker for task 21.0 in stage 0.0 (TID 21)) 29.189ms
[107.248s][info][gc          ] Allocation Stall (Executor task launch worker for task 18.0 in stage 0.0 (TID 18)) 28.190ms
[107.248s][info][gc          ] Allocation Stall (Executor task launch worker for task 37.0 in stage 0.0 (TID 37)) 27.339ms
[107.248s][info][gc          ] Allocation Stall (Executor task launch worker for task 5.0 in stage 0.0 (TID 5)) 41.744ms
[107.248s][info][gc          ] Allocation Stall (Executor task launch worker for task 17.0 in stage 0.0 (TID 17)) 26.848ms
[107.248s][info][gc          ] Allocation Stall (Executor task launch worker for task 41.0 in stage 0.0 (TID 41)) 41.737ms
[107.248s][info][gc          ] Allocation Stall (Executor task launch worker for task 22.0 in stage 0.0 (TID 22)) 41.748ms
[107.248s][info][gc          ] Allocation Stall (Executor task launch worker for task 19.0 in stage 0.0 (TID 19)) 32.794ms
[107.248s][info][gc          ] Allocation Stall (Executor task launch worker for task 7.0 in stage 0.0 (TID 7)) 41.743ms
[107.248s][info][gc          ] Allocation Stall (Executor task launch worker for task 30.0 in stage 0.0 (TID 30)) 41.767ms
[107.248s][info][gc          ] Allocation Stall (Executor task launch worker for task 28.0 in stage 0.0 (TID 28)) 32.755ms
[107.248s][info][gc          ] Allocation Stall (Executor task launch worker for task 46.0 in stage 0.0 (TID 46)) 32.463ms
[107.248s][info][gc          ] Allocation Stall (Executor task launch worker for task 11.0 in stage 0.0 (TID 11)) 32.237ms
[107.248s][info][gc          ] Allocation Stall (Executor task launch worker for task 2.0 in stage 0.0 (TID 2)) 32.118ms
[107.248s][info][gc          ] Allocation Stall (Executor task launch worker for task 42.0 in stage 0.0 (TID 42)) 41.791ms
[107.248s][info][gc          ] Allocation Stall (Executor task launch worker for task 35.0 in stage 0.0 (TID 35)) 32.038ms
[107.248s][info][gc          ] Allocation Stall (Executor task launch worker for task 27.0 in stage 0.0 (TID 27)) 31.642ms
[107.248s][info][gc          ] Allocation Stall (Executor task launch worker for task 45.0 in stage 0.0 (TID 45)) 31.333ms
[107.248s][info][gc          ] Allocation Stall (Executor task launch worker for task 9.0 in stage 0.0 (TID 9)) 26.285ms
[107.248s][info][gc          ] Allocation Stall (Executor task launch worker for task 4.0 in stage 0.0 (TID 4)) 31.128ms
[107.248s][info][gc          ] Allocation Stall (Executor task launch worker for task 15.0 in stage 0.0 (TID 15)) 30.452ms
[107.248s][info][gc          ] Allocation Stall (Executor task launch worker for task 14.0 in stage 0.0 (TID 14)) 30.276ms
[107.248s][info][gc          ] Allocation Stall (Executor task launch worker for task 16.0 in stage 0.0 (TID 16)) 29.869ms
[107.248s][info][gc          ] Allocation Stall (Executor task launch worker for task 25.0 in stage 0.0 (TID 25)) 32.161ms
[107.248s][info][gc          ] Allocation Stall (Executor task launch worker for task 6.0 in stage 0.0 (TID 6)) 28.791ms
[107.248s][info][gc,phases   ] GC(81) Concurrent Select Relocation Set 2.878ms
[107.248s][info][gc          ] Allocation Stall (Executor task launch worker for task 3.0 in stage 0.0 (TID 3)) 26.122ms
[107.248s][info][gc          ] Allocation Stall (Executor task launch worker for task 43.0 in stage 0.0 (TID 43)) 29.587ms
[107.248s][info][gc          ] Allocation Stall (Executor task launch worker for task 0.0 in stage 0.0 (TID 0)) 29.573ms
[107.248s][info][gc          ] Allocation Stall (Executor task launch worker for task 24.0 in stage 0.0 (TID 24)) 29.328ms
[107.248s][info][gc          ] Allocation Stall (Executor task launch worker for task 44.0 in stage 0.0 (TID 44)) 28.116ms
[107.248s][info][gc          ] Allocation Stall (Executor task launch worker for task 29.0 in stage 0.0 (TID 29)) 29.838ms
[107.248s][info][gc          ] Allocation Stall (Executor task launch worker for task 12.0 in stage 0.0 (TID 12)) 22.136ms
[107.248s][info][gc          ] Allocation Stall (Executor task launch worker for task 33.0 in stage 0.0 (TID 33)) 29.121ms
[107.248s][info][gc          ] Allocation Stall (Executor task launch worker for task 26.0 in stage 0.0 (TID 26)) 28.146ms
[107.248s][info][gc          ] Allocation Stall (Executor task launch worker for task 20.0 in stage 0.0 (TID 20)) 29.774ms
[107.248s][info][gc          ] Allocation Stall (Executor task launch worker for task 38.0 in stage 0.0 (TID 38)) 28.099ms
[107.248s][info][gc          ] Allocation Stall (Executor task launch worker for task 10.0 in stage 0.0 (TID 10)) 27.738ms
[107.248s][info][gc          ] Allocation Stall (Executor task launch worker for task 32.0 in stage 0.0 (TID 32)) 27.845ms
[107.250s][info][gc,phases   ] GC(81) Pause Relocate Start 0.007ms
[107.251s][info][gc          ] Allocation Stall (Executor task launch worker for task 19.0 in stage 0.0 (TID 19)) 0.060ms
[107.251s][info][gc          ] Relocation Stall (Executor task launch worker for task 43.0 in stage 0.0 (TID 43)) 0.243ms
[107.267s][info][gc          ] Allocation Stall (Executor task launch worker for task 1.0 in stage 0.0 (TID 1)) 7.142ms
[107.267s][info][gc          ] Allocation Stall (Executor task launch worker for task 41.0 in stage 0.0 (TID 41)) 6.245ms
[107.267s][info][gc          ] Allocation Stall (Executor task launch worker for task 32.0 in stage 0.0 (TID 32)) 3.566ms
[107.267s][info][gc          ] Allocation Stall (Executor task launch worker for task 38.0 in stage 0.0 (TID 38)) 4.267ms
[107.267s][info][gc          ] Allocation Stall (Executor task launch worker for task 29.0 in stage 0.0 (TID 29)) 3.610ms
[107.267s][info][gc          ] Allocation Stall (Executor task launch worker for task 30.0 in stage 0.0 (TID 30)) 4.381ms
[107.267s][info][gc          ] Allocation Stall (Executor task launch worker for task 20.0 in stage 0.0 (TID 20)) 3.905ms
[107.267s][info][gc          ] Allocation Stall (Executor task launch worker for task 16.0 in stage 0.0 (TID 16)) 3.547ms
[107.267s][info][gc          ] Allocation Stall (Executor task launch worker for task 22.0 in stage 0.0 (TID 22)) 3.972ms
[107.267s][info][gc          ] Allocation Stall (Executor task launch worker for task 24.0 in stage 0.0 (TID 24)) 4.463ms
[107.267s][info][gc          ] Allocation Stall (Executor task launch worker for task 25.0 in stage 0.0 (TID 25)) 3.732ms
[107.267s][info][gc          ] Allocation Stall (Executor task launch worker for task 27.0 in stage 0.0 (TID 27)) 4.543ms
[107.267s][info][gc          ] Allocation Stall (Executor task launch worker for task 19.0 in stage 0.0 (TID 19)) 3.657ms
[107.267s][info][gc          ] Allocation Stall (Executor task launch worker for task 42.0 in stage 0.0 (TID 42)) 4.429ms
[107.267s][info][gc          ] Allocation Stall (Executor task launch worker for task 8.0 in stage 0.0 (TID 8)) 4.246ms
[107.267s][info][gc          ] Allocation Stall (Executor task launch worker for task 40.0 in stage 0.0 (TID 40)) 4.425ms
[107.267s][info][gc          ] Allocation Stall (Executor task launch worker for task 47.0 in stage 0.0 (TID 47)) 4.514ms
[107.267s][info][gc          ] Allocation Stall (Executor task launch worker for task 34.0 in stage 0.0 (TID 34)) 4.546ms
[107.267s][info][gc          ] Allocation Stall (Executor task launch worker for task 37.0 in stage 0.0 (TID 37)) 3.758ms
[107.267s][info][gc          ] Allocation Stall (Executor task launch worker for task 4.0 in stage 0.0 (TID 4)) 3.422ms
[107.267s][info][gc          ] Allocation Stall (Executor task launch worker for task 13.0 in stage 0.0 (TID 13)) 3.397ms
[107.267s][info][gc          ] Allocation Stall (Executor task launch worker for task 44.0 in stage 0.0 (TID 44)) 3.382ms
[107.268s][info][gc          ] Allocation Stall (Executor task launch worker for task 36.0 in stage 0.0 (TID 36)) 3.394ms
[107.268s][info][gc          ] Allocation Stall (Executor task launch worker for task 12.0 in stage 0.0 (TID 12)) 3.383ms
[107.268s][info][gc          ] Allocation Stall (Executor task launch worker for task 46.0 in stage 0.0 (TID 46)) 3.271ms
[107.268s][info][gc          ] Allocation Stall (Executor task launch worker for task 31.0 in stage 0.0 (TID 31)) 3.229ms
[107.268s][info][gc          ] Allocation Stall (Executor task launch worker for task 9.0 in stage 0.0 (TID 9)) 3.205ms
[107.268s][info][gc          ] Allocation Stall (Executor task launch worker for task 39.0 in stage 0.0 (TID 39)) 3.090ms
[107.268s][info][gc          ] Allocation Stall (Executor task launch worker for task 2.0 in stage 0.0 (TID 2)) 3.090ms
[107.268s][info][gc          ] Allocation Stall (Executor task launch worker for task 33.0 in stage 0.0 (TID 33)) 3.001ms
[107.268s][info][gc          ] Allocation Stall (Executor task launch worker for task 35.0 in stage 0.0 (TID 35)) 2.919ms
[107.268s][info][gc          ] Allocation Stall (Executor task launch worker for task 21.0 in stage 0.0 (TID 21)) 2.720ms
[107.268s][info][gc          ] Allocation Stall (Executor task launch worker for task 5.0 in stage 0.0 (TID 5)) 2.763ms
[107.268s][info][gc          ] Allocation Stall (Executor task launch worker for task 23.0 in stage 0.0 (TID 23)) 2.802ms
[107.268s][info][gc          ] Allocation Stall (Executor task launch worker for task 43.0 in stage 0.0 (TID 43)) 2.736ms
[107.268s][info][gc          ] Allocation Stall (Executor task launch worker for task 10.0 in stage 0.0 (TID 10)) 2.745ms
[107.268s][info][gc          ] Allocation Stall (Executor task launch worker for task 45.0 in stage 0.0 (TID 45)) 2.797ms
[107.268s][info][gc          ] Allocation Stall (Executor task launch worker for task 14.0 in stage 0.0 (TID 14)) 2.857ms
[107.268s][info][gc          ] Allocation Stall (Executor task launch worker for task 0.0 in stage 0.0 (TID 0)) 2.905ms
[107.274s][info][gc          ] Allocation Stall (Executor task launch worker for task 17.0 in stage 0.0 (TID 17)) 9.178ms
[107.275s][info][gc          ] Allocation Stall (Executor task launch worker for task 11.0 in stage 0.0 (TID 11)) 9.505ms
[107.275s][info][gc          ] Allocation Stall (Executor task launch worker for task 28.0 in stage 0.0 (TID 28)) 9.542ms
[107.275s][info][gc          ] Allocation Stall (Executor task launch worker for task 26.0 in stage 0.0 (TID 26)) 9.555ms
[107.275s][info][gc          ] Allocation Stall (Executor task launch worker for task 7.0 in stage 0.0 (TID 7)) 9.612ms
[107.277s][info][gc          ] Allocation Stall (Executor task launch worker for task 15.0 in stage 0.0 (TID 15)) 11.378ms
[107.277s][info][gc          ] Allocation Stall (Executor task launch worker for task 18.0 in stage 0.0 (TID 18)) 10.168ms
[107.277s][info][gc          ] Allocation Stall (Executor task launch worker for task 16.0 in stage 0.0 (TID 16)) 3.993ms
[107.277s][info][gc          ] Allocation Stall (Executor task launch worker for task 21.0 in stage 0.0 (TID 21)) 4.047ms
[107.277s][info][gc          ] Allocation Stall (Executor task launch worker for task 10.0 in stage 0.0 (TID 10)) 4.065ms
[107.277s][info][gc          ] Allocation Stall (Executor task launch worker for task 29.0 in stage 0.0 (TID 29)) 4.034ms
[107.277s][info][gc          ] Allocation Stall (Executor task launch worker for task 13.0 in stage 0.0 (TID 13)) 3.849ms
[107.277s][info][gc          ] Allocation Stall (Executor task launch worker for task 36.0 in stage 0.0 (TID 36)) 3.684ms
[107.278s][info][gc          ] Allocation Stall (Executor task launch worker for task 46.0 in stage 0.0 (TID 46)) 3.661ms
[107.278s][info][gc          ] Allocation Stall (Executor task launch worker for task 12.0 in stage 0.0 (TID 12)) 3.580ms
[107.278s][info][gc          ] Allocation Stall (Executor task launch worker for task 44.0 in stage 0.0 (TID 44)) 3.190ms
[107.302s][info][gc          ] Relocation Stall (Executor task launch worker for task 3.0 in stage 0.0 (TID 3)) 50.445ms
[107.302s][info][gc          ] Allocation Stall (Executor task launch worker for task 43.0 in stage 0.0 (TID 43)) 9.723ms
[107.302s][info][gc          ] Allocation Stall (Executor task launch worker for task 2.0 in stage 0.0 (TID 2)) 9.801ms
[107.302s][info][gc          ] Allocation Stall (Executor task launch worker for task 28.0 in stage 0.0 (TID 28)) 9.585ms
[107.302s][info][gc          ] Allocation Stall (Executor task launch worker for task 22.0 in stage 0.0 (TID 22)) 9.799ms
[107.302s][info][gc          ] Allocation Stall (Executor task launch worker for task 24.0 in stage 0.0 (TID 24)) 9.574ms
[107.302s][info][gc          ] Allocation Stall (Executor task launch worker for task 38.0 in stage 0.0 (TID 38)) 9.579ms
[107.302s][info][gc          ] Allocation Stall (Executor task launch worker for task 20.0 in stage 0.0 (TID 20)) 9.856ms
[107.302s][info][gc          ] Allocation Stall (Executor task launch worker for task 7.0 in stage 0.0 (TID 7)) 9.504ms
[107.302s][info][gc          ] Allocation Stall (Executor task launch worker for task 9.0 in stage 0.0 (TID 9)) 11.235ms
[107.302s][info][gc,phases   ] GC(81) Concurrent Relocate 50.638ms
[107.302s][info][gc          ] Allocation Stall (Executor task launch worker for task 31.0 in stage 0.0 (TID 31)) 10.340ms
[107.302s][info][gc          ] Allocation Stall (Executor task launch worker for task 10.0 in stage 0.0 (TID 10)) 10.248ms
[107.302s][info][gc          ] Allocation Stall (Spark Context Cleaner) 10.190ms
[107.302s][info][gc          ] Allocation Stall (Executor task launch worker for task 1.0 in stage 0.0 (TID 1)) 10.111ms
[107.302s][info][gc          ] Allocation Stall (Executor task launch worker for task 6.0 in stage 0.0 (TID 6)) 10.097ms
[107.302s][info][gc          ] Allocation Stall (Executor task launch worker for task 34.0 in stage 0.0 (TID 34)) 10.002ms
[107.302s][info][gc          ] Allocation Stall (Executor task launch worker for task 45.0 in stage 0.0 (TID 45)) 9.923ms
[107.302s][info][gc,load     ] GC(81) Load: 0.00/0.00/0.00
[107.302s][info][gc,mmu      ] GC(81) MMU: 2ms/94.2%, 5ms/97.7%, 10ms/98.8%, 20ms/99.3%, 50ms/99.7%, 100ms/99.8%
[107.302s][info][gc,marking  ] GC(81) Mark: 8 stripe(s), 2 proactive flush(es), 1 terminate flush(es), 0 completion(s), 0 continuation(s) 
[107.302s][info][gc,marking  ] GC(81) Mark Stack Usage: 32M
[107.302s][info][gc,nmethod  ] GC(81) NMethods: 2271 registered, 91 unregistered
[107.302s][info][gc,metaspace] GC(81) Metaspace: 112M used, 124M committed, 1152M reserved
[107.302s][info][gc,ref      ] GC(81) Soft: 2800 encountered, 2097 discovered, 0 enqueued
[107.302s][info][gc,ref      ] GC(81) Weak: 12966 encountered, 1592 discovered, 0 enqueued
[107.302s][info][gc,ref      ] GC(81) Final: 62 encountered, 59 discovered, 0 enqueued
[107.302s][info][gc,ref      ] GC(81) Phantom: 750 encountered, 697 discovered, 0 enqueued
[107.302s][info][gc,reloc    ] GC(81) Small Pages: 102 / 204M, Empty: 82M, Relocated: 3M, In-Place: 2
[107.302s][info][gc,reloc    ] GC(81) Medium Pages: 17 / 544M, Empty: 0M, Relocated: 20M, In-Place: 1
[107.302s][info][gc,reloc    ] GC(81) Large Pages: 32 / 256M, Empty: 8M, Relocated: 0M, In-Place: 0
[107.302s][info][gc,reloc    ] GC(81) Forwarding Usage: 0M
[107.302s][info][gc,heap     ] GC(81) Min Capacity: 8M(1%)
[107.302s][info][gc,heap     ] GC(81) Max Capacity: 1024M(100%)
[107.302s][info][gc,heap     ] GC(81) Soft Max Capacity: 1024M(100%)
[107.302s][info][gc,heap     ] GC(81)                Mark Start          Mark End        Relocate Start      Relocate End           High               Low         
[107.302s][info][gc,heap     ] GC(81)  Capacity:     1024M (100%)       1024M (100%)       1024M (100%)       1024M (100%)       1024M (100%)       1024M (100%)   
[107.303s][info][gc          ] Allocation Stall (Executor task launch worker for task 26.0 in stage 0.0 (TID 26)) 10.093ms
[107.303s][info][gc          ] Allocation Stall (Executor task launch worker for task 13.0 in stage 0.0 (TID 13)) 9.887ms
[107.303s][info][gc,heap     ] GC(81)      Free:        0M (0%)            0M (0%)           76M (7%)            0M (0%)           90M (9%)            0M (0%)     
[107.303s][info][gc          ] Allocation Stall (Executor task launch worker for task 46.0 in stage 0.0 (TID 46)) 9.851ms
[107.303s][info][gc          ] Allocation Stall (Executor task launch worker for task 14.0 in stage 0.0 (TID 14)) 9.845ms
[107.303s][info][gc,heap     ] GC(81)      Used:     1024M (100%)       1024M (100%)        948M (93%)        1024M (100%)       1024M (100%)        934M (91%)    
[107.303s][info][gc          ] Allocation Stall (Executor task launch worker for task 27.0 in stage 0.0 (TID 27)) 9.497ms
[107.303s][info][gc          ] Allocation Stall (Executor task launch worker for task 36.0 in stage 0.0 (TID 36)) 9.501ms
[107.303s][info][gc          ] Allocation Stall (Executor task launch worker for task 5.0 in stage 0.0 (TID 5)) 9.469ms
[107.303s][info][gc,heap     ] GC(81)      Live:         -               755M (74%)         755M (74%)         755M (74%)            -                  -          
[107.303s][info][gc          ] Allocation Stall (Executor task launch worker for task 32.0 in stage 0.0 (TID 32)) 9.407ms
[107.303s][info][gc          ] Allocation Stall (Executor task launch worker for task 42.0 in stage 0.0 (TID 42)) 9.119ms
[107.303s][info][gc          ] Allocation Stall (Executor task launch worker for task 16.0 in stage 0.0 (TID 16)) 8.970ms
[107.303s][info][gc,heap     ] GC(81) Allocated:         -                 0M (0%)           14M (1%)          153M (15%)            -                  -          
[107.303s][info][gc          ] Allocation Stall (Executor task launch worker for task 15.0 in stage 0.0 (TID 15)) 9.016ms
[107.303s][info][gc          ] Allocation Stall (Executor task launch worker for task 12.0 in stage 0.0 (TID 12)) 8.697ms
[107.303s][info][gc          ] Allocation Stall (Executor task launch worker for task 47.0 in stage 0.0 (TID 47)) 8.663ms
[107.303s][info][gc,heap     ] GC(81)   Garbage:         -               268M (26%)         178M (17%)         115M (11%)            -                  -          
[107.303s][info][gc          ] Allocation Stall (Executor task launch worker for task 23.0 in stage 0.0 (TID 23)) 8.695ms
[107.303s][info][gc          ] Allocation Stall (Executor task launch worker for task 44.0 in stage 0.0 (TID 44)) 8.742ms
[107.303s][info][gc,heap     ] GC(81) Reclaimed:         -                  -                90M (9%)          153M (15%)            -                  -          
[107.303s][info][gc          ] Allocation Stall (Executor task launch worker for task 29.0 in stage 0.0 (TID 29)) 8.725ms
[107.303s][info][gc          ] Allocation Stall (Executor task launch worker for task 0.0 in stage 0.0 (TID 0)) 8.572ms
[107.303s][info][gc          ] GC(81) Garbage Collection (Allocation Stall) 1024M(100%)->1024M(100%)
[107.303s][info][gc          ] Allocation Stall (Executor task launch worker for task 21.0 in stage 0.0 (TID 21)) 8.617ms
[107.303s][info][gc          ] Allocation Stall (Executor task launch worker for task 8.0 in stage 0.0 (TID 8)) 8.593ms
[107.303s][info][gc,start    ] GC(82) Garbage Collection (Allocation Stall)
[107.303s][info][gc          ] Allocation Stall (Executor task launch worker for task 18.0 in stage 0.0 (TID 18)) 8.472ms
[107.303s][info][gc          ] Allocation Stall (Executor task launch worker for task 33.0 in stage 0.0 (TID 33)) 8.492ms
[107.303s][info][gc,ref      ] GC(82) Clearing All SoftReferences
[107.303s][info][gc          ] Allocation Stall (Executor task launch worker for task 39.0 in stage 0.0 (TID 39)) 8.593ms
[107.303s][info][gc,task     ] GC(82) Using 10 workers
[107.303s][info][gc          ] Allocation Stall (Executor task launch worker for task 19.0 in stage 0.0 (TID 19)) 8.633ms
[107.303s][info][gc          ] Allocation Stall (Executor task launch worker for task 35.0 in stage 0.0 (TID 35)) 8.635ms
[107.304s][info][gc,ref      ] GC(82) Clearing All SoftReferences
[107.304s][info][gc,phases   ] GC(82) Pause Mark Start 0.038ms
[107.305s][info][gc          ] Allocation Stall (Executor task launch worker for task 11.0 in stage 0.0 (TID 11)) 9.579ms
[107.305s][info][gc          ] Allocation Stall (Executor task launch worker for task 30.0 in stage 0.0 (TID 30)) 9.623ms
[107.305s][info][gc          ] Allocation Stall (Executor task launch worker for task 40.0 in stage 0.0 (TID 40)) 9.468ms
[107.305s][info][gc          ] Allocation Stall (Executor task launch worker for task 17.0 in stage 0.0 (TID 17)) 9.564ms
[107.305s][info][gc          ] Allocation Stall (Executor task launch worker for task 4.0 in stage 0.0 (TID 4)) 9.395ms
[107.305s][info][gc          ] Allocation Stall (Executor task launch worker for task 37.0 in stage 0.0 (TID 37)) 9.594ms
[107.305s][info][gc          ] Allocation Stall (Executor task launch worker for task 25.0 in stage 0.0 (TID 25)) 9.594ms
[107.305s][info][gc          ] Allocation Stall (Executor task launch worker for task 3.0 in stage 0.0 (TID 3)) 2.938ms
[107.305s][info][gc          ] Allocation Stall (Executor task launch worker for task 21.0 in stage 0.0 (TID 21)) 0.014ms
[107.305s][info][gc          ] Allocation Stall (Executor task launch worker for task 44.0 in stage 0.0 (TID 44)) 0.027ms
[107.305s][info][gc          ] Allocation Stall (Executor task launch worker for task 13.0 in stage 0.0 (TID 13)) 0.042ms
[107.305s][info][gc          ] Allocation Stall (Executor task launch worker for task 26.0 in stage 0.0 (TID 26)) 0.108ms
[107.305s][info][gc          ] Allocation Stall (Executor task launch worker for task 6.0 in stage 0.0 (TID 6)) 0.175ms
[107.305s][info][gc          ] Allocation Stall (Executor task launch worker for task 31.0 in stage 0.0 (TID 31)) 0.212ms
[107.305s][info][gc          ] Allocation Stall (Executor task launch worker for task 8.0 in stage 0.0 (TID 8)) 0.276ms
[107.305s][info][gc          ] Allocation Stall (Executor task launch worker for task 19.0 in stage 0.0 (TID 19)) 0.327ms
[107.305s][info][gc          ] Allocation Stall (Executor task launch worker for task 24.0 in stage 0.0 (TID 24)) 0.356ms
[107.305s][info][gc          ] Allocation Stall (Executor task launch worker for task 45.0 in stage 0.0 (TID 45)) 0.382ms
[107.305s][info][gc          ] Allocation Stall (Executor task launch worker for task 43.0 in stage 0.0 (TID 43)) 0.192ms
[107.305s][info][gc          ] Allocation Stall (Executor task launch worker for task 34.0 in stage 0.0 (TID 34)) 0.085ms
[107.338s][info][gc,phases   ] GC(82) Concurrent Mark 33.307ms
[107.338s][info][gc,phases   ] GC(82) Pause Mark End 0.015ms
[107.338s][info][gc,phases   ] GC(82) Concurrent Mark Free 0.001ms
[107.339s][info][gc,phases   ] GC(82) Concurrent Process Non-Strong References 0.799ms
[107.339s][info][gc,phases   ] GC(82) Concurrent Reset Relocation Set 0.004ms
[107.341s][info][gc          ] Allocation Stall (Executor task launch worker for task 30.0 in stage 0.0 (TID 30)) 21.769ms
[107.341s][info][gc          ] Allocation Stall (Executor task launch worker for task 8.0 in stage 0.0 (TID 8)) 22.031ms
[107.341s][info][gc          ] Allocation Stall (Executor task launch worker for task 29.0 in stage 0.0 (TID 29)) 22.183ms
[107.341s][info][gc          ] Allocation Stall (Executor task launch worker for task 24.0 in stage 0.0 (TID 24)) 22.250ms
[107.341s][info][gc          ] Allocation Stall (Executor task launch worker for task 36.0 in stage 0.0 (TID 36)) 21.841ms
[107.341s][info][gc          ] Allocation Stall (Executor task launch worker for task 46.0 in stage 0.0 (TID 46)) 22.306ms
[107.341s][info][gc          ] Allocation Stall (Executor task launch worker for task 32.0 in stage 0.0 (TID 32)) 22.121ms
[107.341s][info][gc          ] Allocation Stall (Executor task launch worker for task 11.0 in stage 0.0 (TID 11)) 24.067ms
[107.341s][info][gc          ] Allocation Stall (Executor task launch worker for task 18.0 in stage 0.0 (TID 18)) 21.707ms
[107.341s][info][gc          ] Allocation Stall (Executor task launch worker for task 44.0 in stage 0.0 (TID 44)) 22.308ms
[107.341s][info][gc          ] Allocation Stall (Executor task launch worker for task 0.0 in stage 0.0 (TID 0)) 22.825ms
[107.341s][info][gc          ] Allocation Stall (Executor task launch worker for task 42.0 in stage 0.0 (TID 42)) 21.726ms
[107.341s][info][gc          ] Allocation Stall (Executor task launch worker for task 13.0 in stage 0.0 (TID 13)) 22.211ms
[107.341s][info][gc          ] Allocation Stall (Executor task launch worker for task 16.0 in stage 0.0 (TID 16)) 22.683ms
[107.341s][info][gc          ] Allocation Stall (Executor task launch worker for task 27.0 in stage 0.0 (TID 27)) 22.887ms
[107.341s][info][gc          ] Allocation Stall (Executor task launch worker for task 31.0 in stage 0.0 (TID 31)) 23.064ms
[107.341s][info][gc          ] Allocation Stall (Executor task launch worker for task 47.0 in stage 0.0 (TID 47)) 23.095ms
[107.341s][info][gc          ] Allocation Stall (Executor task launch worker for task 6.0 in stage 0.0 (TID 6)) 23.185ms
[107.341s][info][gc          ] Allocation Stall (Executor task launch worker for task 17.0 in stage 0.0 (TID 17)) 23.140ms
[107.341s][info][gc          ] Allocation Stall (Executor task launch worker for task 34.0 in stage 0.0 (TID 34)) 23.484ms
[107.341s][info][gc          ] Allocation Stall (Executor task launch worker for task 28.0 in stage 0.0 (TID 28)) 23.164ms
[107.341s][info][gc          ] Allocation Stall (Executor task launch worker for task 5.0 in stage 0.0 (TID 5)) 23.204ms
[107.341s][info][gc          ] Allocation Stall (Executor task launch worker for task 41.0 in stage 0.0 (TID 41)) 23.539ms
[107.341s][info][gc          ] Allocation Stall (Executor task launch worker for task 37.0 in stage 0.0 (TID 37)) 25.365ms
[107.341s][info][gc          ] Allocation Stall (Executor task launch worker for task 20.0 in stage 0.0 (TID 20)) 23.211ms
[107.341s][info][gc          ] Allocation Stall (Executor task launch worker for task 2.0 in stage 0.0 (TID 2)) 25.008ms
[107.341s][info][gc          ] Allocation Stall (Executor task launch worker for task 3.0 in stage 0.0 (TID 3)) 25.441ms
[107.341s][info][gc          ] Allocation Stall (Executor task launch worker for task 10.0 in stage 0.0 (TID 10)) 24.183ms
[107.341s][info][gc          ] Allocation Stall (Executor task launch worker for task 12.0 in stage 0.0 (TID 12)) 23.347ms
[107.341s][info][gc          ] Allocation Stall (Executor task launch worker for task 7.0 in stage 0.0 (TID 7)) 25.195ms
[107.341s][info][gc          ] Allocation Stall (Executor task launch worker for task 45.0 in stage 0.0 (TID 45)) 24.921ms
[107.341s][info][gc          ] Allocation Stall (Executor task launch worker for task 19.0 in stage 0.0 (TID 19)) 24.313ms
[107.341s][info][gc          ] Allocation Stall (Executor task launch worker for task 43.0 in stage 0.0 (TID 43)) 24.502ms
[107.341s][info][gc          ] Allocation Stall (Executor task launch worker for task 22.0 in stage 0.0 (TID 22)) 23.678ms
[107.341s][info][gc          ] Allocation Stall (Executor task launch worker for task 14.0 in stage 0.0 (TID 14)) 21.767ms
[107.341s][info][gc          ] Allocation Stall (Executor task launch worker for task 35.0 in stage 0.0 (TID 35)) 21.783ms
[107.341s][info][gc          ] Allocation Stall (Executor task launch worker for task 1.0 in stage 0.0 (TID 1)) 21.776ms
[107.341s][info][gc,phases   ] GC(82) Concurrent Select Relocation Set 2.539ms
[107.342s][info][gc          ] Allocation Stall (Executor task launch worker for task 4.0 in stage 0.0 (TID 4)) 21.825ms
[107.342s][info][gc          ] Allocation Stall (Executor task launch worker for task 23.0 in stage 0.0 (TID 23)) 21.844ms
[107.342s][info][gc          ] Allocation Stall (Executor task launch worker for task 21.0 in stage 0.0 (TID 21)) 21.851ms
[107.342s][info][gc          ] Allocation Stall (Executor task launch worker for task 25.0 in stage 0.0 (TID 25)) 21.902ms
[107.342s][info][gc          ] Allocation Stall (Executor task launch worker for task 26.0 in stage 0.0 (TID 26)) 22.011ms
[107.342s][info][gc          ] Allocation Stall (Executor task launch worker for task 15.0 in stage 0.0 (TID 15)) 22.002ms
[107.342s][info][gc          ] Allocation Stall (Executor task launch worker for task 39.0 in stage 0.0 (TID 39)) 22.028ms
[107.342s][info][gc          ] Allocation Stall (Executor task launch worker for task 9.0 in stage 0.0 (TID 9)) 22.061ms
[107.342s][info][gc          ] Allocation Stall (Executor task launch worker for task 33.0 in stage 0.0 (TID 33)) 22.034ms
[107.342s][info][gc          ] Allocation Stall (Executor task launch worker for task 38.0 in stage 0.0 (TID 38)) 22.005ms
[107.342s][info][gc          ] Allocation Stall (Executor task launch worker for task 40.0 in stage 0.0 (TID 40)) 22.026ms
[107.343s][info][gc,phases   ] GC(82) Pause Relocate Start 0.007ms
[107.358s][info][gc          ] Allocation Stall (Executor task launch worker for task 32.0 in stage 0.0 (TID 32)) 4.886ms
[107.358s][info][gc          ] Allocation Stall (Executor task launch worker for task 47.0 in stage 0.0 (TID 47)) 4.901ms
[107.358s][info][gc          ] Allocation Stall (Executor task launch worker for task 4.0 in stage 0.0 (TID 4)) 3.487ms
[107.358s][info][gc          ] Allocation Stall (Executor task launch worker for task 34.0 in stage 0.0 (TID 34)) 4.270ms
[107.358s][info][gc          ] Allocation Stall (Executor task launch worker for task 40.0 in stage 0.0 (TID 40)) 2.986ms
[107.358s][info][gc          ] Allocation Stall (Executor task launch worker for task 25.0 in stage 0.0 (TID 25)) 3.154ms
[107.358s][info][gc          ] Allocation Stall (Executor task launch worker for task 45.0 in stage 0.0 (TID 45)) 3.750ms
[107.358s][info][gc          ] Allocation Stall (Executor task launch worker for task 31.0 in stage 0.0 (TID 31)) 2.719ms
[107.358s][info][gc          ] Allocation Stall (Executor task launch worker for task 42.0 in stage 0.0 (TID 42)) 3.426ms
[107.358s][info][gc          ] Allocation Stall (Executor task launch worker for task 26.0 in stage 0.0 (TID 26)) 3.968ms
[107.358s][info][gc          ] Allocation Stall (Executor task launch worker for task 2.0 in stage 0.0 (TID 2)) 2.184ms
[107.358s][info][gc          ] Allocation Stall (Executor task launch worker for task 24.0 in stage 0.0 (TID 24)) 4.952ms
[107.358s][info][gc          ] Allocation Stall (Executor task launch worker for task 33.0 in stage 0.0 (TID 33)) 2.647ms
[107.358s][info][gc          ] Allocation Stall (Executor task launch worker for task 28.0 in stage 0.0 (TID 28)) 3.793ms
[107.358s][info][gc          ] Allocation Stall (Executor task launch worker for task 7.0 in stage 0.0 (TID 7)) 3.707ms
[107.358s][info][gc          ] Allocation Stall (Executor task launch worker for task 44.0 in stage 0.0 (TID 44)) 4.383ms
[107.358s][info][gc          ] Allocation Stall (Executor task launch worker for task 22.0 in stage 0.0 (TID 22)) 4.353ms
[107.358s][info][gc          ] Allocation Stall (Executor task launch worker for task 15.0 in stage 0.0 (TID 15)) 4.341ms
[107.359s][info][gc          ] Allocation Stall (Executor task launch worker for task 46.0 in stage 0.0 (TID 46)) 2.554ms
[107.359s][info][gc          ] Allocation Stall (Executor task launch worker for task 9.0 in stage 0.0 (TID 9)) 2.339ms
[107.359s][info][gc          ] Allocation Stall (Executor task launch worker for task 8.0 in stage 0.0 (TID 8)) 2.187ms
[107.359s][info][gc          ] Allocation Stall (Executor task launch worker for task 14.0 in stage 0.0 (TID 14)) 2.129ms
[107.359s][info][gc          ] Allocation Stall (Executor task launch worker for task 38.0 in stage 0.0 (TID 38)) 2.047ms
[107.359s][info][gc          ] Allocation Stall (Executor task launch worker for task 43.0 in stage 0.0 (TID 43)) 2.045ms
[107.359s][info][gc          ] Allocation Stall (Executor task launch worker for task 37.0 in stage 0.0 (TID 37)) 2.012ms
[107.359s][info][gc          ] Allocation Stall (Executor task launch worker for task 20.0 in stage 0.0 (TID 20)) 1.947ms
[107.359s][info][gc          ] Allocation Stall (Executor task launch worker for task 36.0 in stage 0.0 (TID 36)) 1.904ms
[107.359s][info][gc          ] Allocation Stall (Executor task launch worker for task 17.0 in stage 0.0 (TID 17)) 1.917ms
[107.359s][info][gc          ] Allocation Stall (Executor task launch worker for task 35.0 in stage 0.0 (TID 35)) 1.930ms
[107.359s][info][gc          ] Allocation Stall (Executor task launch worker for task 12.0 in stage 0.0 (TID 12)) 1.889ms
[107.359s][info][gc          ] Allocation Stall (Executor task launch worker for task 21.0 in stage 0.0 (TID 21)) 1.862ms
[107.359s][info][gc          ] Allocation Stall (Executor task launch worker for task 19.0 in stage 0.0 (TID 19)) 1.920ms
[107.359s][info][gc          ] Allocation Stall (Executor task launch worker for task 30.0 in stage 0.0 (TID 30)) 1.916ms
[107.359s][info][gc          ] Allocation Stall (Executor task launch worker for task 5.0 in stage 0.0 (TID 5)) 1.899ms
[107.359s][info][gc          ] Allocation Stall (Executor task launch worker for task 29.0 in stage 0.0 (TID 29)) 1.893ms
[107.359s][info][gc          ] Allocation Stall (Executor task launch worker for task 16.0 in stage 0.0 (TID 16)) 1.918ms
[107.359s][info][gc          ] Allocation Stall (Executor task launch worker for task 11.0 in stage 0.0 (TID 11)) 1.941ms
[107.359s][info][gc          ] Allocation Stall (Executor task launch worker for task 10.0 in stage 0.0 (TID 10)) 1.954ms
[107.360s][info][gc          ] Allocation Stall (Executor task launch worker for task 13.0 in stage 0.0 (TID 13)) 2.008ms
[107.360s][info][gc          ] Allocation Stall (Executor task launch worker for task 41.0 in stage 0.0 (TID 41)) 2.054ms
[107.360s][info][gc          ] Allocation Stall (Executor task launch worker for task 23.0 in stage 0.0 (TID 23)) 2.059ms
[107.360s][info][gc          ] Allocation Stall (Executor task launch worker for task 27.0 in stage 0.0 (TID 27)) 2.100ms
[107.360s][info][gc          ] Allocation Stall (Executor task launch worker for task 0.0 in stage 0.0 (TID 0)) 2.141ms
[107.360s][info][gc          ] Allocation Stall (Executor task launch worker for task 39.0 in stage 0.0 (TID 39)) 2.123ms
[107.363s][info][gc          ] Relocation Stall (Executor task launch worker for task 6.0 in stage 0.0 (TID 6)) 19.342ms
[107.367s][info][gc          ] Allocation Stall (Executor task launch worker for task 35.0 in stage 0.0 (TID 35)) 1.784ms
[107.367s][info][gc          ] Allocation Stall (Executor task launch worker for task 26.0 in stage 0.0 (TID 26)) 1.821ms
[107.367s][info][gc          ] Allocation Stall (Executor task launch worker for task 10.0 in stage 0.0 (TID 10)) 0.838ms
[107.379s][info][gc          ] Allocation Stall (Executor task launch worker for task 23.0 in stage 0.0 (TID 23)) 4.071ms
[107.379s][info][gc          ] Allocation Stall (Executor task launch worker for task 39.0 in stage 0.0 (TID 39)) 4.198ms
[107.379s][info][gc          ] Allocation Stall (Executor task launch worker for task 3.0 in stage 0.0 (TID 3)) 4.078ms
[107.379s][info][gc          ] Allocation Stall (Executor task launch worker for task 44.0 in stage 0.0 (TID 44)) 3.958ms
[107.379s][info][gc          ] Allocation Stall (Executor task launch worker for task 30.0 in stage 0.0 (TID 30)) 3.912ms
[107.379s][info][gc          ] Allocation Stall (Executor task launch worker for task 29.0 in stage 0.0 (TID 29)) 3.753ms
[107.379s][info][gc          ] Allocation Stall (Executor task launch worker for task 34.0 in stage 0.0 (TID 34)) 3.604ms
[107.379s][info][gc          ] Allocation Stall (Executor task launch worker for task 21.0 in stage 0.0 (TID 21)) 3.407ms
[107.379s][info][gc          ] Allocation Stall (Executor task launch worker for task 26.0 in stage 0.0 (TID 26)) 2.843ms
[107.387s][info][gc          ] Relocation Stall (Executor task launch worker for task 18.0 in stage 0.0 (TID 18)) 43.494ms
[107.387s][info][gc          ] Allocation Stall (Executor task launch worker for task 46.0 in stage 0.0 (TID 46)) 9.671ms
[107.387s][info][gc          ] Allocation Stall (Executor task launch worker for task 31.0 in stage 0.0 (TID 31)) 7.903ms
[107.387s][info][gc          ] Allocation Stall (Executor task launch worker for task 11.0 in stage 0.0 (TID 11)) 9.716ms
[107.387s][info][gc          ] Allocation Stall (Executor task launch worker for task 28.0 in stage 0.0 (TID 28)) 6.930ms
[107.387s][info][gc          ] Allocation Stall (Executor task launch worker for task 5.0 in stage 0.0 (TID 5)) 4.735ms
[107.387s][info][gc          ] Allocation Stall (Executor task launch worker for task 4.0 in stage 0.0 (TID 4)) 9.253ms
[107.387s][info][gc          ] Allocation Stall (Executor task launch worker for task 41.0 in stage 0.0 (TID 41)) 9.407ms
[107.387s][info][gc          ] Allocation Stall (Executor task launch worker for task 26.0 in stage 0.0 (TID 26)) 4.400ms
[107.387s][info][gc          ] Allocation Stall (Executor task launch worker for task 16.0 in stage 0.0 (TID 16)) 4.496ms
[107.387s][info][gc          ] Allocation Stall (Executor task launch worker for task 13.0 in stage 0.0 (TID 13)) 10.708ms
[107.387s][info][gc          ] Allocation Stall (Executor task launch worker for task 12.0 in stage 0.0 (TID 12)) 9.548ms
[107.387s][info][gc          ] Allocation Stall (Executor task launch worker for task 24.0 in stage 0.0 (TID 24)) 10.494ms
[107.387s][info][gc,phases   ] GC(82) Concurrent Relocate 43.496ms
[107.387s][info][gc          ] Allocation Stall (Executor task launch worker for task 1.0 in stage 0.0 (TID 1)) 10.037ms
[107.387s][info][gc          ] Allocation Stall (Executor task launch worker for task 35.0 in stage 0.0 (TID 35)) 10.007ms
[107.387s][info][gc          ] Allocation Stall (Executor task launch worker for task 10.0 in stage 0.0 (TID 10)) 9.938ms
[107.387s][info][gc          ] Allocation Stall (Executor task launch worker for task 15.0 in stage 0.0 (TID 15)) 9.934ms
[107.388s][info][gc,load     ] GC(82) Load: 0.00/0.00/0.00
[107.388s][info][gc          ] Allocation Stall (Executor task launch worker for task 6.0 in stage 0.0 (TID 6)) 4.692ms
[107.388s][info][gc,mmu      ] GC(82) MMU: 2ms/94.2%, 5ms/97.7%, 10ms/98.8%, 20ms/99.3%, 50ms/99.7%, 100ms/99.8%
[107.388s][info][gc          ] Allocation Stall (Executor task launch worker for task 40.0 in stage 0.0 (TID 40)) 4.237ms
[107.388s][info][gc,marking  ] GC(82) Mark: 8 stripe(s), 4 proactive flush(es), 1 terminate flush(es), 0 completion(s), 0 continuation(s) 
[107.388s][info][gc          ] Allocation Stall (Executor task launch worker for task 7.0 in stage 0.0 (TID 7)) 4.142ms
[107.388s][info][gc,marking  ] GC(82) Mark Stack Usage: 32M
[107.388s][info][gc          ] Allocation Stall (Executor task launch worker for task 19.0 in stage 0.0 (TID 19)) 4.046ms
[107.388s][info][gc,nmethod  ] GC(82) NMethods: 2273 registered, 91 unregistered
[107.388s][info][gc          ] Allocation Stall (Executor task launch worker for task 45.0 in stage 0.0 (TID 45)) 3.880ms
[107.388s][info][gc          ] Allocation Stall (Executor task launch worker for task 14.0 in stage 0.0 (TID 14)) 3.707ms
[107.388s][info][gc,metaspace] GC(82) Metaspace: 112M used, 124M committed, 1152M reserved
[107.388s][info][gc          ] Allocation Stall (Executor task launch worker for task 21.0 in stage 0.0 (TID 21)) 3.681ms
[107.388s][info][gc          ] Allocation Stall (Executor task launch worker for task 27.0 in stage 0.0 (TID 27)) 3.668ms
[107.388s][info][gc,ref      ] GC(82) Soft: 2800 encountered, 2100 discovered, 0 enqueued
[107.388s][info][gc          ] Allocation Stall (Executor task launch worker for task 0.0 in stage 0.0 (TID 0)) 3.611ms
[107.388s][info][gc          ] Allocation Stall (Executor task launch worker for task 30.0 in stage 0.0 (TID 30)) 3.627ms
[107.388s][info][gc,ref      ] GC(82) Weak: 12969 encountered, 2112 discovered, 1 enqueued
[107.388s][info][gc          ] Allocation Stall (Executor task launch worker for task 23.0 in stage 0.0 (TID 23)) 3.614ms
[107.388s][info][gc          ] Allocation Stall (Executor task launch worker for task 8.0 in stage 0.0 (TID 8)) 3.638ms
[107.388s][info][gc          ] Allocation Stall (Executor task launch worker for task 37.0 in stage 0.0 (TID 37)) 3.631ms
[107.388s][info][gc,ref      ] GC(82) Final: 62 encountered, 2 discovered, 0 enqueued
[107.388s][info][gc          ] Allocation Stall (Executor task launch worker for task 43.0 in stage 0.0 (TID 43)) 3.632ms
[107.388s][info][gc          ] Allocation Stall (Executor task launch worker for task 22.0 in stage 0.0 (TID 22)) 3.509ms
[107.388s][info][gc,ref      ] GC(82) Phantom: 750 encountered, 736 discovered, 0 enqueued
[107.388s][info][gc          ] Allocation Stall (Executor task launch worker for task 33.0 in stage 0.0 (TID 33)) 3.557ms
[107.388s][info][gc          ] Allocation Stall (Executor task launch worker for task 39.0 in stage 0.0 (TID 39)) 3.509ms
[107.388s][info][gc,reloc    ] GC(82) Small Pages: 101 / 202M, Empty: 60M, Relocated: 3M, In-Place: 0
[107.388s][info][gc          ] Allocation Stall (Executor task launch worker for task 2.0 in stage 0.0 (TID 2)) 3.379ms
[107.388s][info][gc          ] Allocation Stall (Executor task launch worker for task 44.0 in stage 0.0 (TID 44)) 3.403ms
[107.388s][info][gc,reloc    ] GC(82) Medium Pages: 17 / 544M, Empty: 0M, Relocated: 24M, In-Place: 1
[107.388s][info][gc          ] Allocation Stall (Executor task launch worker for task 3.0 in stage 0.0 (TID 3)) 3.419ms
[107.388s][info][gc          ] Allocation Stall (Executor task launch worker for task 20.0 in stage 0.0 (TID 20)) 3.424ms
[107.388s][info][gc,reloc    ] GC(82) Large Pages: 32 / 256M, Empty: 8M, Relocated: 0M, In-Place: 0
[107.388s][info][gc          ] Allocation Stall (Executor task launch worker for task 17.0 in stage 0.0 (TID 17)) 3.490ms
[107.388s][info][gc,reloc    ] GC(82) Forwarding Usage: 0M
[107.389s][info][gc,heap     ] GC(82) Min Capacity: 8M(1%)
[107.389s][info][gc          ] Allocation Stall (Executor task launch worker for task 9.0 in stage 0.0 (TID 9)) 3.472ms
[107.389s][info][gc,heap     ] GC(82) Max Capacity: 1024M(100%)
[107.389s][info][gc,heap     ] GC(82) Soft Max Capacity: 1024M(100%)
[107.389s][info][gc          ] Allocation Stall (Executor task launch worker for task 38.0 in stage 0.0 (TID 38)) 3.523ms
[107.389s][info][gc,heap     ] GC(82)                Mark Start          Mark End        Relocate Start      Relocate End           High               Low         
[107.389s][info][gc          ] Allocation Stall (Executor task launch worker for task 29.0 in stage 0.0 (TID 29)) 3.561ms
[107.389s][info][gc,heap     ] GC(82)  Capacity:     1024M (100%)       1024M (100%)       1024M (100%)       1024M (100%)       1024M (100%)       1024M (100%)   
[107.389s][info][gc          ] Allocation Stall (Executor task launch worker for task 42.0 in stage 0.0 (TID 42)) 3.581ms
[107.389s][info][gc,heap     ] GC(82)      Free:        6M (1%)            0M (0%)           54M (5%)            0M (0%)           68M (7%)            0M (0%)     
[107.389s][info][gc          ] Allocation Stall (Executor task launch worker for task 34.0 in stage 0.0 (TID 34)) 3.611ms
[107.389s][info][gc,heap     ] GC(82)      Used:     1018M (99%)        1024M (100%)        970M (95%)        1024M (100%)       1024M (100%)        956M (93%)    
[107.389s][info][gc          ] Allocation Stall (Executor task launch worker for task 25.0 in stage 0.0 (TID 25)) 3.635ms
[107.389s][info][gc,heap     ] GC(82)      Live:         -               756M (74%)         756M (74%)         756M (74%)            -                  -          
[107.389s][info][gc,heap     ] GC(82) Allocated:         -                 6M (1%)           20M (2%)          160M (16%)            -                  -          
[107.389s][info][gc,heap     ] GC(82)   Garbage:         -               261M (26%)         193M (19%)         106M (10%)            -                  -          
[107.389s][info][gc,heap     ] GC(82) Reclaimed:         -                  -                68M (7%)          154M (15%)            -                  -          
[107.389s][info][gc          ] GC(82) Garbage Collection (Allocation Stall) 1018M(99%)->1024M(100%)
[107.389s][info][gc,start    ] GC(83) Garbage Collection (Allocation Stall)
[107.389s][info][gc,ref      ] GC(83) Clearing All SoftReferences
[107.389s][info][gc,task     ] GC(83) Using 10 workers
[107.392s][info][gc,ref      ] GC(83) Clearing All SoftReferences
[107.392s][info][gc,phases   ] GC(83) Pause Mark Start 0.034ms
[107.392s][info][gc          ] Allocation Stall (Executor task launch worker for task 18.0 in stage 0.0 (TID 18)) 4.850ms
[107.392s][info][gc          ] Allocation Stall (Executor task launch worker for task 36.0 in stage 0.0 (TID 36)) 7.020ms
[107.423s][info][gc,phases   ] GC(83) Concurrent Mark 29.745ms
[107.423s][info][gc,phases   ] GC(83) Pause Mark End 0.016ms
[107.423s][info][gc,phases   ] GC(83) Concurrent Mark Free 0.001ms
[107.424s][info][gc,phases   ] GC(83) Concurrent Process Non-Strong References 0.778ms
[107.424s][info][gc,phases   ] GC(83) Concurrent Reset Relocation Set 0.005ms
[107.426s][info][gc          ] Allocation Stall (Executor task launch worker for task 32.0 in stage 0.0 (TID 32)) 33.728ms
[107.426s][info][gc          ] Allocation Stall (Executor task launch worker for task 47.0 in stage 0.0 (TID 47)) 33.632ms
[107.427s][info][gc,phases   ] GC(83) Concurrent Select Relocation Set 2.409ms
[107.428s][info][gc,phases   ] GC(83) Pause Relocate Start 0.005ms
[107.428s][info][gc          ] Relocation Stall (Executor task launch worker for task 40.0 in stage 0.0 (TID 40)) 0.047ms
[107.428s][info][gc          ] Allocation Stall (Executor task launch worker for task 29.0 in stage 0.0 (TID 29)) 22.890ms
[107.428s][info][gc          ] Allocation Stall (Executor task launch worker for task 5.0 in stage 0.0 (TID 5)) 22.915ms
[107.428s][info][gc          ] Allocation Stall (Executor task launch worker for task 9.0 in stage 0.0 (TID 9)) 22.933ms
[107.428s][info][gc          ] Allocation Stall (Executor task launch worker for task 22.0 in stage 0.0 (TID 22)) 22.940ms
[107.428s][info][gc          ] Allocation Stall (Executor task launch worker for task 11.0 in stage 0.0 (TID 11)) 22.899ms
[107.428s][info][gc          ] Allocation Stall (Executor task launch worker for task 23.0 in stage 0.0 (TID 23)) 22.646ms
[107.428s][info][gc          ] Allocation Stall (Executor task launch worker for task 36.0 in stage 0.0 (TID 36)) 22.600ms
[107.428s][info][gc          ] Allocation Stall (Executor task launch worker for task 33.0 in stage 0.0 (TID 33)) 22.561ms
[107.428s][info][gc          ] Allocation Stall (Executor task launch worker for task 35.0 in stage 0.0 (TID 35)) 22.525ms
[107.428s][info][gc          ] Allocation Stall (Executor task launch worker for task 2.0 in stage 0.0 (TID 2)) 22.530ms
[107.428s][info][gc          ] Allocation Stall (Executor task launch worker for task 39.0 in stage 0.0 (TID 39)) 22.535ms
[107.428s][info][gc          ] Allocation Stall (Executor task launch worker for task 31.0 in stage 0.0 (TID 31)) 22.545ms
[107.428s][info][gc          ] Allocation Stall (Executor task launch worker for task 10.0 in stage 0.0 (TID 10)) 22.551ms
[107.428s][info][gc          ] Allocation Stall (Executor task launch worker for task 14.0 in stage 0.0 (TID 14)) 22.573ms
[107.428s][info][gc          ] Allocation Stall (Executor task launch worker for task 7.0 in stage 0.0 (TID 7)) 22.626ms
[107.428s][info][gc          ] Allocation Stall (Executor task launch worker for task 46.0 in stage 0.0 (TID 46)) 22.622ms
[107.428s][info][gc          ] Allocation Stall (Executor task launch worker for task 43.0 in stage 0.0 (TID 43)) 22.639ms
[107.428s][info][gc          ] Allocation Stall (Executor task launch worker for task 19.0 in stage 0.0 (TID 19)) 22.665ms
[107.428s][info][gc          ] Allocation Stall (Spark Context Cleaner) 20.792ms
[107.428s][info][gc          ] Relocation Stall (Executor task launch worker for task 25.0 in stage 0.0 (TID 25)) 0.709ms
[107.428s][info][gc          ] Relocation Stall (Executor task launch worker for task 37.0 in stage 0.0 (TID 37)) 0.582ms
[107.428s][info][gc          ] Relocation Stall (Executor task launch worker for task 41.0 in stage 0.0 (TID 41)) 0.719ms
[107.428s][info][gc          ] Relocation Stall (Executor task launch worker for task 24.0 in stage 0.0 (TID 24)) 0.602ms
[107.428s][info][gc          ] Relocation Stall (Executor task launch worker for task 1.0 in stage 0.0 (TID 1)) 0.671ms
[107.428s][info][gc          ] Relocation Stall (Executor task launch worker for task 32.0 in stage 0.0 (TID 32)) 0.715ms
[107.428s][info][gc          ] Relocation Stall (Executor task launch worker for task 44.0 in stage 0.0 (TID 44)) 0.552ms
[107.428s][info][gc          ] Relocation Stall (Executor task launch worker for task 20.0 in stage 0.0 (TID 20)) 0.567ms
[107.428s][info][gc          ] Relocation Stall (Executor task launch worker for task 38.0 in stage 0.0 (TID 38)) 0.583ms
[107.428s][info][gc          ] Relocation Stall (Executor task launch worker for task 12.0 in stage 0.0 (TID 12)) 0.678ms
[107.428s][info][gc          ] Relocation Stall (Executor task launch worker for task 30.0 in stage 0.0 (TID 30)) 0.733ms
[107.428s][info][gc          ] Relocation Stall (Executor task launch worker for task 21.0 in stage 0.0 (TID 21)) 0.651ms
[107.428s][info][gc          ] Relocation Stall (Executor task launch worker for task 3.0 in stage 0.0 (TID 3)) 0.653ms
[107.428s][info][gc          ] Relocation Stall (Executor task launch worker for task 8.0 in stage 0.0 (TID 8)) 0.751ms
[107.428s][info][gc          ] Relocation Stall (Executor task launch worker for task 13.0 in stage 0.0 (TID 13)) 0.696ms
[107.428s][info][gc          ] Relocation Stall (Executor task launch worker for task 47.0 in stage 0.0 (TID 47)) 0.758ms
[107.429s][info][gc          ] Relocation Stall (Executor task launch worker for task 45.0 in stage 0.0 (TID 45)) 0.749ms
[107.429s][info][gc          ] Relocation Stall (Executor task launch worker for task 40.0 in stage 0.0 (TID 40)) 0.662ms
[107.429s][info][gc          ] Relocation Stall (Executor task launch worker for task 26.0 in stage 0.0 (TID 26)) 0.759ms
[107.429s][info][gc          ] Relocation Stall (Executor task launch worker for task 4.0 in stage 0.0 (TID 4)) 0.671ms
[107.429s][info][gc          ] Relocation Stall (Executor task launch worker for task 42.0 in stage 0.0 (TID 42)) 0.759ms
[107.429s][info][gc          ] Relocation Stall (Executor task launch worker for task 6.0 in stage 0.0 (TID 6)) 0.698ms
[107.429s][info][gc          ] Relocation Stall (Executor task launch worker for task 15.0 in stage 0.0 (TID 15)) 0.761ms
[107.429s][info][gc          ] Relocation Stall (Executor task launch worker for task 27.0 in stage 0.0 (TID 27)) 0.764ms
[107.429s][info][gc          ] Relocation Stall (Executor task launch worker for task 0.0 in stage 0.0 (TID 0)) 0.709ms
[107.429s][info][gc          ] Relocation Stall (Executor task launch worker for task 28.0 in stage 0.0 (TID 28)) 0.763ms
[107.429s][info][gc          ] Relocation Stall (Executor task launch worker for task 34.0 in stage 0.0 (TID 34)) 0.618ms
[107.429s][info][gc          ] Relocation Stall (Executor task launch worker for task 18.0 in stage 0.0 (TID 18)) 0.769ms
[107.429s][info][gc          ] Relocation Stall (Executor task launch worker for task 16.0 in stage 0.0 (TID 16)) 0.716ms
[107.429s][info][gc          ] Relocation Stall (Executor task launch worker for task 17.0 in stage 0.0 (TID 17)) 0.715ms
[107.429s][info][gc          ] Allocation Stall (Executor task launch worker for task 25.0 in stage 0.0 (TID 25)) 26.955ms
[107.429s][info][gc          ] Allocation Stall (Executor task launch worker for task 37.0 in stage 0.0 (TID 37)) 23.868ms
[107.429s][info][gc          ] Allocation Stall (Executor task launch worker for task 41.0 in stage 0.0 (TID 41)) 26.915ms
[107.429s][info][gc          ] Allocation Stall (Executor task launch worker for task 24.0 in stage 0.0 (TID 24)) 24.058ms
[107.429s][info][gc          ] Allocation Stall (Executor task launch worker for task 1.0 in stage 0.0 (TID 1)) 26.686ms
[107.429s][info][gc          ] Allocation Stall (Executor task launch worker for task 44.0 in stage 0.0 (TID 44)) 24.003ms
[107.429s][info][gc          ] Allocation Stall (Executor task launch worker for task 20.0 in stage 0.0 (TID 20)) 24.058ms
[107.429s][info][gc          ] Allocation Stall (Executor task launch worker for task 38.0 in stage 0.0 (TID 38)) 24.130ms
[107.429s][info][gc          ] Allocation Stall (Executor task launch worker for task 12.0 in stage 0.0 (TID 12)) 26.888ms
[107.429s][info][gc          ] Allocation Stall (Executor task launch worker for task 30.0 in stage 0.0 (TID 30)) 27.125ms
[107.429s][info][gc          ] Allocation Stall (Executor task launch worker for task 21.0 in stage 0.0 (TID 21)) 24.414ms
[107.429s][info][gc          ] Allocation Stall (Executor task launch worker for task 3.0 in stage 0.0 (TID 3)) 24.516ms
[107.429s][info][gc          ] Allocation Stall (Executor task launch worker for task 8.0 in stage 0.0 (TID 8)) 35.891ms
[107.429s][info][gc          ] Allocation Stall (Executor task launch worker for task 13.0 in stage 0.0 (TID 13)) 27.038ms
[107.429s][info][gc          ] Allocation Stall (Executor task launch worker for task 45.0 in stage 0.0 (TID 45)) 27.698ms
[107.429s][info][gc          ] Allocation Stall (Executor task launch worker for task 40.0 in stage 0.0 (TID 40)) 27.768ms
[107.429s][info][gc          ] Allocation Stall (Executor task launch worker for task 26.0 in stage 0.0 (TID 26)) 27.478ms
[107.429s][info][gc          ] Allocation Stall (Executor task launch worker for task 4.0 in stage 0.0 (TID 4)) 24.694ms
[107.429s][info][gc          ] Allocation Stall (Executor task launch worker for task 42.0 in stage 0.0 (TID 42)) 27.521ms
[107.430s][info][gc          ] Allocation Stall (Executor task launch worker for task 6.0 in stage 0.0 (TID 6)) 25.179ms
[107.430s][info][gc          ] Allocation Stall (Executor task launch worker for task 15.0 in stage 0.0 (TID 15)) 27.436ms
[107.430s][info][gc          ] Allocation Stall (Executor task launch worker for task 27.0 in stage 0.0 (TID 27)) 27.567ms
[107.430s][info][gc          ] Allocation Stall (Executor task launch worker for task 0.0 in stage 0.0 (TID 0)) 25.470ms
[107.430s][info][gc          ] Allocation Stall (Executor task launch worker for task 28.0 in stage 0.0 (TID 28)) 27.811ms
[107.430s][info][gc          ] Allocation Stall (Executor task launch worker for task 34.0 in stage 0.0 (TID 34)) 24.691ms
[107.430s][info][gc          ] Allocation Stall (Executor task launch worker for task 18.0 in stage 0.0 (TID 18)) 28.093ms
[107.430s][info][gc          ] Allocation Stall (Executor task launch worker for task 16.0 in stage 0.0 (TID 16)) 26.509ms
[107.430s][info][gc          ] Allocation Stall (Executor task launch worker for task 17.0 in stage 0.0 (TID 17)) 25.527ms
[107.432s][info][gc          ] Relocation Stall (Executor task launch worker for task 2.0 in stage 0.0 (TID 2)) 3.736ms
[107.432s][info][gc          ] Relocation Stall (Executor task launch worker for task 0.0 in stage 0.0 (TID 0)) 0.906ms
[107.432s][info][gc          ] Relocation Stall (Executor task launch worker for task 39.0 in stage 0.0 (TID 39)) 3.744ms
[107.432s][info][gc          ] Relocation Stall (Executor task launch worker for task 9.0 in stage 0.0 (TID 9)) 4.049ms
[107.463s][info][gc          ] Allocation Stall (Executor task launch worker for task 40.0 in stage 0.0 (TID 40)) 27.041ms
[107.463s][info][gc          ] Allocation Stall (Executor task launch worker for task 22.0 in stage 0.0 (TID 22)) 27.023ms
[107.463s][info][gc          ] Allocation Stall (Executor task launch worker for task 25.0 in stage 0.0 (TID 25)) 25.803ms
[107.463s][info][gc          ] Allocation Stall (Executor task launch worker for task 39.0 in stage 0.0 (TID 39)) 27.030ms
[107.463s][info][gc          ] Allocation Stall (Executor task launch worker for task 37.0 in stage 0.0 (TID 37)) 27.003ms
[107.463s][info][gc          ] Allocation Stall (Executor task launch worker for task 16.0 in stage 0.0 (TID 16)) 27.111ms
[107.463s][info][gc          ] Allocation Stall (Executor task launch worker for task 0.0 in stage 0.0 (TID 0)) 27.133ms
[107.463s][info][gc          ] Allocation Stall (Executor task launch worker for task 43.0 in stage 0.0 (TID 43)) 27.162ms
[107.463s][info][gc          ] Allocation Stall (Executor task launch worker for task 19.0 in stage 0.0 (TID 19)) 27.166ms
[107.463s][info][gc          ] Allocation Stall (Executor task launch worker for task 46.0 in stage 0.0 (TID 46)) 27.108ms
[107.463s][info][gc          ] Allocation Stall (Executor task launch worker for task 35.0 in stage 0.0 (TID 35)) 27.367ms
[107.463s][info][gc          ] Allocation Stall (Executor task launch worker for task 13.0 in stage 0.0 (TID 13)) 27.272ms
[107.463s][info][gc          ] Allocation Stall (Executor task launch worker for task 5.0 in stage 0.0 (TID 5)) 27.144ms
[107.463s][info][gc          ] Allocation Stall (Executor task launch worker for task 9.0 in stage 0.0 (TID 9)) 26.847ms
[107.463s][info][gc          ] Allocation Stall (Executor task launch worker for task 17.0 in stage 0.0 (TID 17)) 27.239ms
[107.463s][info][gc          ] Allocation Stall (Executor task launch worker for task 31.0 in stage 0.0 (TID 31)) 27.092ms
[107.463s][info][gc          ] Allocation Stall (Executor task launch worker for task 41.0 in stage 0.0 (TID 41)) 26.323ms
[107.463s][info][gc          ] Allocation Stall (Executor task launch worker for task 23.0 in stage 0.0 (TID 23)) 25.797ms
[107.464s][info][gc          ] Allocation Stall (Executor task launch worker for task 36.0 in stage 0.0 (TID 36)) 25.151ms
[107.464s][info][gc          ] Allocation Stall (Executor task launch worker for task 26.0 in stage 0.0 (TID 26)) 24.985ms
[107.464s][info][gc          ] Allocation Stall (Executor task launch worker for task 24.0 in stage 0.0 (TID 24)) 24.939ms
[107.464s][info][gc          ] Allocation Stall (Executor task launch worker for task 11.0 in stage 0.0 (TID 11)) 24.204ms
[107.464s][info][gc          ] Allocation Stall (Executor task launch worker for task 7.0 in stage 0.0 (TID 7)) 24.204ms
[107.464s][info][gc          ] Allocation Stall (Executor task launch worker for task 29.0 in stage 0.0 (TID 29)) 24.558ms
[107.464s][info][gc          ] Allocation Stall (Executor task launch worker for task 33.0 in stage 0.0 (TID 33)) 24.517ms
[107.464s][info][gc          ] Allocation Stall (Executor task launch worker for task 21.0 in stage 0.0 (TID 21)) 24.210ms
[107.464s][info][gc          ] Allocation Stall (Executor task launch worker for task 28.0 in stage 0.0 (TID 28)) 24.108ms
[107.465s][info][gc          ] Allocation Stall (Executor task launch worker for task 20.0 in stage 0.0 (TID 20)) 24.045ms
[107.465s][info][gc          ] Allocation Stall (Executor task launch worker for task 14.0 in stage 0.0 (TID 14)) 23.984ms
[107.465s][info][gc          ] Allocation Stall (Executor task launch worker for task 44.0 in stage 0.0 (TID 44)) 24.000ms
[107.465s][info][gc          ] Allocation Stall (Executor task launch worker for task 12.0 in stage 0.0 (TID 12)) 23.802ms
[107.465s][info][gc          ] Allocation Stall (Executor task launch worker for task 38.0 in stage 0.0 (TID 38)) 23.792ms
[107.465s][info][gc          ] Allocation Stall (Executor task launch worker for task 34.0 in stage 0.0 (TID 34)) 23.805ms
[107.465s][info][gc          ] Allocation Stall (Executor task launch worker for task 2.0 in stage 0.0 (TID 2)) 23.315ms
[107.465s][info][gc          ] Allocation Stall (Executor task launch worker for task 27.0 in stage 0.0 (TID 27)) 23.152ms
[107.465s][info][gc          ] Allocation Stall (Executor task launch worker for task 4.0 in stage 0.0 (TID 4)) 22.605ms
[107.465s][info][gc          ] Allocation Stall (Executor task launch worker for task 45.0 in stage 0.0 (TID 45)) 22.297ms
[107.465s][info][gc          ] Allocation Stall (Executor task launch worker for task 3.0 in stage 0.0 (TID 3)) 21.594ms
[107.465s][info][gc          ] Allocation Stall (Executor task launch worker for task 18.0 in stage 0.0 (TID 18)) 21.600ms
[107.465s][info][gc          ] Allocation Stall (Executor task launch worker for task 1.0 in stage 0.0 (TID 1)) 21.600ms
[107.465s][info][gc          ] Allocation Stall (Executor task launch worker for task 15.0 in stage 0.0 (TID 15)) 20.604ms
[107.465s][info][gc          ] Allocation Stall (Executor task launch worker for task 6.0 in stage 0.0 (TID 6)) 11.936ms
[107.465s][info][gc          ] Allocation Stall (Executor task launch worker for task 32.0 in stage 0.0 (TID 32)) 8.884ms
[107.502s][info][gc          ] Allocation Stall (Executor task launch worker for task 30.0 in stage 0.0 (TID 30)) 40.884ms
[107.502s][info][gc,phases   ] GC(83) Concurrent Relocate 74.373ms
[107.502s][info][gc,load     ] GC(83) Load: 0.00/0.00/0.00
[107.502s][info][gc,mmu      ] GC(83) MMU: 2ms/94.2%, 5ms/97.7%, 10ms/98.8%, 20ms/99.3%, 50ms/99.7%, 100ms/99.8%
[107.502s][info][gc,marking  ] GC(83) Mark: 8 stripe(s), 2 proactive flush(es), 1 terminate flush(es), 0 completion(s), 0 continuation(s) 
[107.502s][info][gc,marking  ] GC(83) Mark Stack Usage: 32M
[107.502s][info][gc,nmethod  ] GC(83) NMethods: 2281 registered, 92 unregistered
[107.502s][info][gc,metaspace] GC(83) Metaspace: 112M used, 124M committed, 1152M reserved
[107.502s][info][gc,ref      ] GC(83) Soft: 2800 encountered, 239 discovered, 0 enqueued
[107.502s][info][gc,ref      ] GC(83) Weak: 12966 encountered, 1676 discovered, 0 enqueued
[107.502s][info][gc,ref      ] GC(83) Final: 62 encountered, 2 discovered, 0 enqueued
[107.502s][info][gc,ref      ] GC(83) Phantom: 750 encountered, 515 discovered, 0 enqueued
[107.502s][info][gc,reloc    ] GC(83) Small Pages: 106 / 212M, Empty: 70M, Relocated: 6M, In-Place: 7
[107.502s][info][gc,reloc    ] GC(83) Medium Pages: 17 / 544M, Empty: 0M, Relocated: 55M, In-Place: 1
[107.502s][info][gc,reloc    ] GC(83) Large Pages: 31 / 248M, Empty: 16M, Relocated: 0M, In-Place: 0
[107.502s][info][gc,reloc    ] GC(83) Forwarding Usage: 0M
[107.502s][info][gc,heap     ] GC(83) Min Capacity: 8M(1%)
[107.502s][info][gc,heap     ] GC(83) Max Capacity: 1024M(100%)
[107.502s][info][gc,heap     ] GC(83) Soft Max Capacity: 1024M(100%)
[107.502s][info][gc,heap     ] GC(83)                Mark Start          Mark End        Relocate Start      Relocate End           High               Low         
[107.502s][info][gc,heap     ] GC(83)  Capacity:     1024M (100%)       1024M (100%)       1024M (100%)       1024M (100%)       1024M (100%)       1024M (100%)   
[107.502s][info][gc,heap     ] GC(83)      Free:       16M (2%)            0M (0%)            0M (0%)            0M (0%)           86M (8%)            0M (0%)     
[107.502s][info][gc,heap     ] GC(83)      Used:     1008M (98%)        1024M (100%)       1024M (100%)       1024M (100%)       1024M (100%)        938M (92%)    
[107.502s][info][gc,heap     ] GC(83)      Live:         -               749M (73%)         749M (73%)         749M (73%)            -                  -          
[107.502s][info][gc,heap     ] GC(83) Allocated:         -                16M (2%)          102M (10%)         186M (18%)            -                  -          
[107.502s][info][gc,heap     ] GC(83)   Garbage:         -               258M (25%)         172M (17%)          88M (9%)             -                  -          
[107.502s][info][gc,heap     ] GC(83) Reclaimed:         -                  -                86M (8%)          170M (17%)            -                  -          
[107.502s][info][gc          ] GC(83) Garbage Collection (Allocation Stall) 1008M(98%)->1024M(100%)
[107.502s][info][gc,start    ] GC(84) Garbage Collection (Allocation Stall)
[107.503s][info][gc,ref      ] GC(84) Clearing All SoftReferences
[107.503s][info][gc,task     ] GC(84) Using 10 workers
[107.503s][info][gc,ref      ] GC(84) Clearing All SoftReferences
[107.503s][info][gc,phases   ] GC(84) Pause Mark Start 0.043ms
[107.533s][info][gc,phases   ] GC(84) Concurrent Mark 29.927ms
[107.533s][info][gc,phases   ] GC(84) Pause Mark End 0.022ms
[107.533s][info][gc,phases   ] GC(84) Concurrent Mark Free 0.001ms
[107.534s][info][gc,phases   ] GC(84) Concurrent Process Non-Strong References 1.020ms
[107.534s][info][gc,phases   ] GC(84) Concurrent Reset Relocation Set 0.006ms
[107.536s][info][gc          ] Allocation Stall (Executor task launch worker for task 38.0 in stage 0.0 (TID 38)) 45.122ms
[107.536s][info][gc          ] Allocation Stall (Executor task launch worker for task 31.0 in stage 0.0 (TID 31)) 45.399ms
[107.536s][info][gc          ] Allocation Stall (Executor task launch worker for task 20.0 in stage 0.0 (TID 20)) 44.447ms
[107.536s][info][gc          ] Allocation Stall (Executor task launch worker for task 17.0 in stage 0.0 (TID 17)) 43.846ms
[107.536s][info][gc          ] Allocation Stall (Executor task launch worker for task 5.0 in stage 0.0 (TID 5)) 45.431ms
[107.536s][info][gc          ] Allocation Stall (Executor task launch worker for task 27.0 in stage 0.0 (TID 27)) 45.384ms
[107.536s][info][gc          ] Allocation Stall (Executor task launch worker for task 43.0 in stage 0.0 (TID 43)) 48.507ms
[107.536s][info][gc          ] Allocation Stall (Executor task launch worker for task 32.0 in stage 0.0 (TID 32)) 44.613ms
[107.536s][info][gc          ] Allocation Stall (Executor task launch worker for task 24.0 in stage 0.0 (TID 24)) 44.439ms
[107.536s][info][gc          ] Allocation Stall (Executor task launch worker for task 41.0 in stage 0.0 (TID 41)) 45.199ms
[107.536s][info][gc          ] Allocation Stall (Executor task launch worker for task 28.0 in stage 0.0 (TID 28)) 43.232ms
[107.536s][info][gc          ] Allocation Stall (Executor task launch worker for task 14.0 in stage 0.0 (TID 14)) 43.563ms
[107.536s][info][gc          ] Allocation Stall (Executor task launch worker for task 46.0 in stage 0.0 (TID 46)) 44.809ms
[107.536s][info][gc          ] Allocation Stall (Executor task launch worker for task 23.0 in stage 0.0 (TID 23)) 43.234ms
[107.536s][info][gc          ] Allocation Stall (Executor task launch worker for task 47.0 in stage 0.0 (TID 47)) 44.093ms
[107.536s][info][gc          ] Allocation Stall (Executor task launch worker for task 6.0 in stage 0.0 (TID 6)) 60.805ms
[107.536s][info][gc          ] Allocation Stall (Executor task launch worker for task 15.0 in stage 0.0 (TID 15)) 45.463ms
[107.536s][info][gc          ] Allocation Stall (Executor task launch worker for task 9.0 in stage 0.0 (TID 9)) 45.389ms
[107.536s][info][gc          ] Allocation Stall (Executor task launch worker for task 10.0 in stage 0.0 (TID 10)) 73.411ms
[107.536s][info][gc          ] Allocation Stall (Executor task launch worker for task 26.0 in stage 0.0 (TID 26)) 44.991ms
[107.536s][info][gc          ] Allocation Stall (Executor task launch worker for task 7.0 in stage 0.0 (TID 7)) 43.318ms
[107.536s][info][gc          ] Allocation Stall (Executor task launch worker for task 44.0 in stage 0.0 (TID 44)) 45.038ms
[107.536s][info][gc          ] Allocation Stall (Executor task launch worker for task 21.0 in stage 0.0 (TID 21)) 45.865ms
[107.536s][info][gc          ] Allocation Stall (Executor task launch worker for task 18.0 in stage 0.0 (TID 18)) 45.044ms
[107.536s][info][gc          ] Allocation Stall (Executor task launch worker for task 42.0 in stage 0.0 (TID 42)) 73.368ms
[107.536s][info][gc          ] Allocation Stall (Executor task launch worker for task 37.0 in stage 0.0 (TID 37)) 43.149ms
[107.536s][info][gc,phases   ] GC(84) Concurrent Select Relocation Set 2.503ms
[107.536s][info][gc          ] Allocation Stall (Executor task launch worker for task 40.0 in stage 0.0 (TID 40)) 43.115ms
[107.536s][info][gc          ] Allocation Stall (Executor task launch worker for task 4.0 in stage 0.0 (TID 4)) 43.003ms
[107.536s][info][gc          ] Allocation Stall (Executor task launch worker for task 11.0 in stage 0.0 (TID 11)) 43.021ms
[107.536s][info][gc          ] Allocation Stall (Executor task launch worker for task 36.0 in stage 0.0 (TID 36)) 43.038ms
[107.537s][info][gc          ] Allocation Stall (Executor task launch worker for task 33.0 in stage 0.0 (TID 33)) 43.056ms
[107.537s][info][gc          ] Allocation Stall (Executor task launch worker for task 12.0 in stage 0.0 (TID 12)) 43.057ms
[107.537s][info][gc          ] Allocation Stall (Executor task launch worker for task 16.0 in stage 0.0 (TID 16)) 43.106ms
[107.537s][info][gc          ] Allocation Stall (Executor task launch worker for task 29.0 in stage 0.0 (TID 29)) 43.126ms
[107.537s][info][gc          ] Allocation Stall (Executor task launch worker for task 34.0 in stage 0.0 (TID 34)) 43.124ms
[107.537s][info][gc          ] Allocation Stall (Executor task launch worker for task 22.0 in stage 0.0 (TID 22)) 43.130ms
[107.537s][info][gc          ] Allocation Stall (Executor task launch worker for task 0.0 in stage 0.0 (TID 0)) 43.007ms
[107.537s][info][gc          ] Allocation Stall (Executor task launch worker for task 35.0 in stage 0.0 (TID 35)) 43.105ms
[107.537s][info][gc          ] Allocation Stall (Executor task launch worker for task 1.0 in stage 0.0 (TID 1)) 43.050ms
[107.537s][info][gc          ] Allocation Stall (Executor task launch worker for task 19.0 in stage 0.0 (TID 19)) 43.108ms
[107.537s][info][gc          ] Allocation Stall (Executor task launch worker for task 3.0 in stage 0.0 (TID 3)) 43.115ms
[107.537s][info][gc          ] Allocation Stall (Executor task launch worker for task 39.0 in stage 0.0 (TID 39)) 43.123ms
[107.537s][info][gc          ] Allocation Stall (Executor task launch worker for task 13.0 in stage 0.0 (TID 13)) 43.158ms
[107.537s][info][gc          ] Allocation Stall (Executor task launch worker for task 25.0 in stage 0.0 (TID 25)) 43.233ms
[107.537s][info][gc          ] Allocation Stall (Executor task launch worker for task 2.0 in stage 0.0 (TID 2)) 43.248ms
[107.537s][info][gc          ] Allocation Stall (Executor task launch worker for task 45.0 in stage 0.0 (TID 45)) 43.290ms
[107.548s][info][gc,phases   ] GC(84) Pause Relocate Start 0.007ms
[107.548s][info][gc          ] Allocation Stall (Executor task launch worker for task 31.0 in stage 0.0 (TID 31)) 10.963ms
[107.549s][info][gc          ] Allocation Stall (Executor task launch worker for task 30.0 in stage 0.0 (TID 30)) 41.464ms
[107.549s][info][gc          ] Allocation Stall (Spark Context Cleaner) 15.911ms
[107.549s][info][gc          ] Allocation Stall (Executor task launch worker for task 8.0 in stage 0.0 (TID 8)) 53.588ms
[107.556s][info][gc,phases   ] GC(84) Concurrent Relocate 7.196ms
[107.556s][info][gc,load     ] GC(84) Load: 0.00/0.00/0.00
[107.556s][info][gc,mmu      ] GC(84) MMU: 2ms/94.2%, 5ms/97.7%, 10ms/98.8%, 20ms/99.3%, 50ms/99.7%, 100ms/99.8%
[107.556s][info][gc,marking  ] GC(84) Mark: 8 stripe(s), 2 proactive flush(es), 1 terminate flush(es), 0 completion(s), 0 continuation(s) 
[107.556s][info][gc,marking  ] GC(84) Mark Stack Usage: 32M
[107.556s][info][gc,nmethod  ] GC(84) NMethods: 2280 registered, 95 unregistered
[107.556s][info][gc,metaspace] GC(84) Metaspace: 112M used, 124M committed, 1152M reserved
[107.556s][info][gc,ref      ] GC(84) Soft: 2800 encountered, 1289 discovered, 0 enqueued
[107.556s][info][gc,ref      ] GC(84) Weak: 12969 encountered, 2325 discovered, 3 enqueued
[107.556s][info][gc,ref      ] GC(84) Final: 62 encountered, 0 discovered, 0 enqueued
[107.556s][info][gc,ref      ] GC(84) Phantom: 750 encountered, 728 discovered, 0 enqueued
[107.556s][info][gc,reloc    ] GC(84) Small Pages: 100 / 200M, Empty: 70M, Relocated: 6M, In-Place: 0
[107.556s][info][gc,reloc    ] GC(84) Medium Pages: 18 / 576M, Empty: 0M, Relocated: 19M, In-Place: 1
[107.556s][info][gc,reloc    ] GC(84) Large Pages: 31 / 248M, Empty: 16M, Relocated: 0M, In-Place: 0
[107.556s][info][gc,reloc    ] GC(84) Forwarding Usage: 0M
[107.556s][info][gc,heap     ] GC(84) Min Capacity: 8M(1%)
[107.556s][info][gc,heap     ] GC(84) Max Capacity: 1024M(100%)
[107.556s][info][gc,heap     ] GC(84) Soft Max Capacity: 1024M(100%)
[107.557s][info][gc,heap     ] GC(84)                Mark Start          Mark End        Relocate Start      Relocate End           High               Low         
[107.557s][info][gc,heap     ] GC(84)  Capacity:     1024M (100%)       1024M (100%)       1024M (100%)       1024M (100%)       1024M (100%)       1024M (100%)   
[107.557s][info][gc,heap     ] GC(84)      Free:        0M (0%)            0M (0%)           26M (3%)           52M (5%)           86M (8%)            0M (0%)     
[107.557s][info][gc,heap     ] GC(84)      Used:     1024M (100%)       1024M (100%)        998M (97%)         972M (95%)        1024M (100%)        938M (92%)    
[107.557s][info][gc,heap     ] GC(84)      Live:         -               755M (74%)         755M (74%)         755M (74%)            -                  -          
[107.557s][info][gc,heap     ] GC(84) Allocated:         -                 0M (0%)           60M (6%)          113M (11%)            -                  -          
[107.557s][info][gc,heap     ] GC(84)   Garbage:         -               268M (26%)         182M (18%)         103M (10%)            -                  -          
[107.557s][info][gc,heap     ] GC(84) Reclaimed:         -                  -                86M (8%)          165M (16%)            -                  -          
[107.557s][info][gc          ] GC(84) Garbage Collection (Allocation Stall) 1024M(100%)->972M(95%)
[107.563s][info][gc,start    ] GC(85) Garbage Collection (Allocation Stall)
[107.563s][info][gc,ref      ] GC(85) Clearing All SoftReferences
[107.563s][info][gc,task     ] GC(85) Using 10 workers
[107.568s][info][gc,ref      ] GC(85) Clearing All SoftReferences
[107.569s][info][gc,phases   ] GC(85) Pause Mark Start 0.068ms
[107.569s][info][gc          ] Allocation Stall (Executor task launch worker for task 2.0 in stage 0.0 (TID 2)) 5.398ms
[107.569s][info][gc          ] Allocation Stall (Executor task launch worker for task 29.0 in stage 0.0 (TID 29)) 5.392ms
[107.615s][info][gc,phases   ] GC(85) Concurrent Mark 46.442ms
[107.615s][info][gc,phases   ] GC(85) Pause Mark End 0.016ms
[107.615s][info][gc,phases   ] GC(85) Concurrent Mark Free 0.001ms
[107.616s][info][gc,phases   ] GC(85) Concurrent Process Non-Strong References 0.977ms
[107.617s][info][gc,phases   ] GC(85) Concurrent Reset Relocation Set 0.005ms
[107.619s][info][gc          ] Allocation Stall (Executor task launch worker for task 32.0 in stage 0.0 (TID 32)) 32.723ms
[107.619s][info][gc          ] Allocation Stall (Executor task launch worker for task 42.0 in stage 0.0 (TID 42)) 31.590ms
[107.619s][info][gc          ] Allocation Stall (Executor task launch worker for task 17.0 in stage 0.0 (TID 17)) 32.559ms
[107.619s][info][gc          ] Allocation Stall (Executor task launch worker for task 3.0 in stage 0.0 (TID 3)) 30.647ms
[107.619s][info][gc          ] Allocation Stall (Executor task launch worker for task 6.0 in stage 0.0 (TID 6)) 31.003ms
[107.619s][info][gc          ] Allocation Stall (Executor task launch worker for task 15.0 in stage 0.0 (TID 15)) 32.373ms
[107.619s][info][gc          ] Allocation Stall (Executor task launch worker for task 23.0 in stage 0.0 (TID 23)) 30.653ms
[107.619s][info][gc          ] Allocation Stall (Executor task launch worker for task 5.0 in stage 0.0 (TID 5)) 31.958ms
[107.619s][info][gc          ] Allocation Stall (Executor task launch worker for task 16.0 in stage 0.0 (TID 16)) 32.255ms
[107.619s][info][gc          ] Allocation Stall (Executor task launch worker for task 41.0 in stage 0.0 (TID 41)) 31.938ms
[107.619s][info][gc          ] Allocation Stall (Executor task launch worker for task 0.0 in stage 0.0 (TID 0)) 32.420ms
[107.619s][info][gc          ] Allocation Stall (Executor task launch worker for task 13.0 in stage 0.0 (TID 13)) 30.924ms
[107.619s][info][gc          ] Allocation Stall (Executor task launch worker for task 29.0 in stage 0.0 (TID 29)) 31.690ms
[107.619s][info][gc          ] Allocation Stall (Executor task launch worker for task 1.0 in stage 0.0 (TID 1)) 32.492ms
[107.619s][info][gc          ] Allocation Stall (Executor task launch worker for task 34.0 in stage 0.0 (TID 34)) 37.181ms
[107.619s][info][gc          ] Allocation Stall (Executor task launch worker for task 22.0 in stage 0.0 (TID 22)) 32.266ms
[107.619s][info][gc          ] Allocation Stall (Executor task launch worker for task 8.0 in stage 0.0 (TID 8)) 30.873ms
[107.619s][info][gc          ] Allocation Stall (Executor task launch worker for task 35.0 in stage 0.0 (TID 35)) 32.745ms
[107.619s][info][gc          ] Allocation Stall (Executor task launch worker for task 47.0 in stage 0.0 (TID 47)) 32.065ms
[107.619s][info][gc          ] Allocation Stall (Executor task launch worker for task 36.0 in stage 0.0 (TID 36)) 32.308ms
[107.619s][info][gc          ] Allocation Stall (Executor task launch worker for task 9.0 in stage 0.0 (TID 9)) 30.695ms
[107.619s][info][gc          ] Allocation Stall (Executor task launch worker for task 2.0 in stage 0.0 (TID 2)) 30.879ms
[107.619s][info][gc          ] Allocation Stall (Executor task launch worker for task 33.0 in stage 0.0 (TID 33)) 30.959ms
[107.619s][info][gc          ] Allocation Stall (Executor task launch worker for task 44.0 in stage 0.0 (TID 44)) 32.315ms
[107.619s][info][gc          ] Allocation Stall (Executor task launch worker for task 21.0 in stage 0.0 (TID 21)) 32.128ms
[107.619s][info][gc          ] Allocation Stall (Executor task launch worker for task 24.0 in stage 0.0 (TID 24)) 30.648ms
[107.619s][info][gc          ] Allocation Stall (Executor task launch worker for task 12.0 in stage 0.0 (TID 12)) 30.673ms
[107.619s][info][gc,phases   ] GC(85) Concurrent Select Relocation Set 2.827ms
[107.619s][info][gc          ] Allocation Stall (Executor task launch worker for task 39.0 in stage 0.0 (TID 39)) 30.601ms
[107.619s][info][gc          ] Allocation Stall (Executor task launch worker for task 38.0 in stage 0.0 (TID 38)) 30.561ms
[107.619s][info][gc          ] Allocation Stall (Executor task launch worker for task 11.0 in stage 0.0 (TID 11)) 30.554ms
[107.620s][info][gc          ] Allocation Stall (Executor task launch worker for task 20.0 in stage 0.0 (TID 20)) 30.559ms
[107.620s][info][gc          ] Allocation Stall (Executor task launch worker for task 4.0 in stage 0.0 (TID 4)) 30.367ms
[107.620s][info][gc          ] Allocation Stall (Executor task launch worker for task 45.0 in stage 0.0 (TID 45)) 30.417ms
[107.620s][info][gc          ] Allocation Stall (Executor task launch worker for task 7.0 in stage 0.0 (TID 7)) 30.393ms
[107.620s][info][gc          ] Allocation Stall (Executor task launch worker for task 14.0 in stage 0.0 (TID 14)) 30.332ms
[107.620s][info][gc          ] Allocation Stall (Executor task launch worker for task 40.0 in stage 0.0 (TID 40)) 30.339ms
[107.620s][info][gc          ] Allocation Stall (Executor task launch worker for task 46.0 in stage 0.0 (TID 46)) 30.363ms
[107.620s][info][gc          ] Allocation Stall (Executor task launch worker for task 37.0 in stage 0.0 (TID 37)) 30.388ms
[107.620s][info][gc          ] Allocation Stall (Executor task launch worker for task 26.0 in stage 0.0 (TID 26)) 30.416ms
[107.620s][info][gc          ] Allocation Stall (Executor task launch worker for task 30.0 in stage 0.0 (TID 30)) 30.447ms
[107.620s][info][gc          ] Allocation Stall (Executor task launch worker for task 10.0 in stage 0.0 (TID 10)) 30.475ms
[107.620s][info][gc          ] Allocation Stall (Executor task launch worker for task 28.0 in stage 0.0 (TID 28)) 30.504ms
[107.620s][info][gc          ] Allocation Stall (Executor task launch worker for task 31.0 in stage 0.0 (TID 31)) 30.505ms
[107.620s][info][gc          ] Allocation Stall (Executor task launch worker for task 19.0 in stage 0.0 (TID 19)) 30.587ms
[107.620s][info][gc          ] Allocation Stall (Executor task launch worker for task 18.0 in stage 0.0 (TID 18)) 30.631ms
[107.620s][info][gc          ] Allocation Stall (Executor task launch worker for task 43.0 in stage 0.0 (TID 43)) 29.279ms
[107.620s][info][gc          ] Allocation Stall (Executor task launch worker for task 25.0 in stage 0.0 (TID 25)) 27.729ms
[107.631s][info][gc,phases   ] GC(85) Pause Relocate Start 0.007ms
[107.631s][info][gc          ] Allocation Stall (Executor task launch worker for task 27.0 in stage 0.0 (TID 27)) 38.278ms
[107.631s][info][gc          ] Allocation Stall (Executor task launch worker for task 44.0 in stage 0.0 (TID 44)) 10.793ms
[107.632s][info][gc          ] Relocation Stall (Executor task launch worker for task 33.0 in stage 0.0 (TID 33)) 0.489ms
[107.633s][info][gc          ] Relocation Stall (Executor task launch worker for task 29.0 in stage 0.0 (TID 29)) 1.238ms
[107.635s][info][gc          ] Relocation Stall (Executor task launch worker for task 45.0 in stage 0.0 (TID 45)) 3.405ms
[107.635s][info][gc          ] Relocation Stall (Executor task launch worker for task 18.0 in stage 0.0 (TID 18)) 3.452ms
[107.655s][info][gc,phases   ] GC(85) Concurrent Relocate 24.190ms
[107.655s][info][gc          ] Allocation Stall (Executor task launch worker for task 21.0 in stage 0.0 (TID 21)) 35.027ms
[107.656s][info][gc,load     ] GC(85) Load: 0.00/0.00/0.00
[107.656s][info][gc          ] Allocation Stall (Executor task launch worker for task 25.0 in stage 0.0 (TID 25)) 24.356ms
[107.656s][info][gc,mmu      ] GC(85) MMU: 2ms/94.2%, 5ms/97.7%, 10ms/98.8%, 20ms/99.3%, 50ms/99.7%, 100ms/99.8%
[107.656s][info][gc          ] Allocation Stall (Executor task launch worker for task 43.0 in stage 0.0 (TID 43)) 24.433ms
[107.656s][info][gc,marking  ] GC(85) Mark: 8 stripe(s), 2 proactive flush(es), 1 terminate flush(es), 0 completion(s), 0 continuation(s) 
[107.656s][info][gc          ] Allocation Stall (Executor task launch worker for task 27.0 in stage 0.0 (TID 27)) 24.500ms
[107.656s][info][gc,marking  ] GC(85) Mark Stack Usage: 32M
[107.656s][info][gc,nmethod  ] GC(85) NMethods: 2281 registered, 95 unregistered
[107.656s][info][gc,metaspace] GC(85) Metaspace: 112M used, 124M committed, 1152M reserved
[107.656s][info][gc          ] Allocation Stall (Executor task launch worker for task 33.0 in stage 0.0 (TID 33)) 16.520ms
[107.656s][info][gc,ref      ] GC(85) Soft: 2800 encountered, 2130 discovered, 0 enqueued
[107.656s][info][gc          ] Allocation Stall (Executor task launch worker for task 3.0 in stage 0.0 (TID 3)) 16.690ms
[107.656s][info][gc          ] Allocation Stall (Executor task launch worker for task 32.0 in stage 0.0 (TID 32)) 18.995ms
[107.656s][info][gc          ] Allocation Stall (Executor task launch worker for task 40.0 in stage 0.0 (TID 40)) 16.018ms
[107.656s][info][gc          ] Allocation Stall (Executor task launch worker for task 17.0 in stage 0.0 (TID 17)) 18.228ms
[107.656s][info][gc          ] Allocation Stall (Executor task launch worker for task 45.0 in stage 0.0 (TID 45)) 20.588ms
[107.656s][info][gc          ] Allocation Stall (Executor task launch worker for task 9.0 in stage 0.0 (TID 9)) 24.599ms
[107.656s][info][gc          ] Allocation Stall (Executor task launch worker for task 2.0 in stage 0.0 (TID 2)) 18.289ms
[107.656s][info][gc          ] Allocation Stall (Executor task launch worker for task 13.0 in stage 0.0 (TID 13)) 19.413ms
[107.656s][info][gc          ] Allocation Stall (Executor task launch worker for task 15.0 in stage 0.0 (TID 15)) 16.275ms
[107.656s][info][gc          ] Allocation Stall (Executor task launch worker for task 16.0 in stage 0.0 (TID 16)) 19.695ms
[107.656s][info][gc          ] Allocation Stall (Executor task launch worker for task 42.0 in stage 0.0 (TID 42)) 16.701ms
[107.656s][info][gc          ] Allocation Stall (Executor task launch worker for task 39.0 in stage 0.0 (TID 39)) 19.230ms
[107.656s][info][gc,ref      ] GC(85) Weak: 12969 encountered, 2853 discovered, 1 enqueued
[107.657s][info][gc,ref      ] GC(85) Final: 62 encountered, 0 discovered, 0 enqueued
[107.657s][info][gc,ref      ] GC(85) Phantom: 750 encountered, 737 discovered, 0 enqueued
[107.657s][info][gc,reloc    ] GC(85) Small Pages: 90 / 180M, Empty: 56M, Relocated: 3M, In-Place: 4
[107.657s][info][gc,reloc    ] GC(85) Medium Pages: 18 / 576M, Empty: 0M, Relocated: 27M, In-Place: 1
[107.657s][info][gc,reloc    ] GC(85) Large Pages: 30 / 240M, Empty: 0M, Relocated: 0M, In-Place: 0
[107.657s][info][gc,reloc    ] GC(85) Forwarding Usage: 0M
[107.657s][info][gc,heap     ] GC(85) Min Capacity: 8M(1%)
[107.657s][info][gc,heap     ] GC(85) Max Capacity: 1024M(100%)
[107.657s][info][gc,heap     ] GC(85) Soft Max Capacity: 1024M(100%)
[107.657s][info][gc,heap     ] GC(85)                Mark Start          Mark End        Relocate Start      Relocate End           High               Low         
[107.657s][info][gc,heap     ] GC(85)  Capacity:     1024M (100%)       1024M (100%)       1024M (100%)       1024M (100%)       1024M (100%)       1024M (100%)   
[107.657s][info][gc,heap     ] GC(85)      Free:       24M (2%)            0M (0%)            0M (0%)            0M (0%)           56M (5%)            0M (0%)     
[107.657s][info][gc,heap     ] GC(85)      Used:     1000M (98%)        1024M (100%)       1024M (100%)       1024M (100%)       1024M (100%)        968M (95%)    
[107.657s][info][gc,heap     ] GC(85)      Live:         -               771M (75%)         771M (75%)         771M (75%)            -                  -          
[107.657s][info][gc,heap     ] GC(85) Allocated:         -                24M (2%)           80M (8%)          148M (15%)            -                  -          
[107.657s][info][gc,heap     ] GC(85)   Garbage:         -               228M (22%)         172M (17%)         103M (10%)            -                  -          
[107.657s][info][gc,heap     ] GC(85) Reclaimed:         -                  -                56M (5%)          124M (12%)            -                  -          
[107.657s][info][gc          ] GC(85) Garbage Collection (Allocation Stall) 1000M(98%)->1024M(100%)
[107.657s][info][gc,start    ] GC(86) Garbage Collection (Allocation Stall)
[107.657s][info][gc,ref      ] GC(86) Clearing All SoftReferences
[107.657s][info][gc,task     ] GC(86) Using 10 workers
[107.662s][info][gc,ref      ] GC(86) Clearing All SoftReferences
[107.662s][info][gc,phases   ] GC(86) Pause Mark Start 0.037ms
[107.662s][info][gc          ] Allocation Stall (Executor task launch worker for task 28.0 in stage 0.0 (TID 28)) 21.441ms
[107.662s][info][gc          ] Allocation Stall (Executor task launch worker for task 47.0 in stage 0.0 (TID 47)) 19.543ms
[107.662s][info][gc          ] Allocation Stall (Executor task launch worker for task 38.0 in stage 0.0 (TID 38)) 18.777ms
[107.662s][info][gc          ] Allocation Stall (Executor task launch worker for task 6.0 in stage 0.0 (TID 6)) 21.681ms
[107.662s][info][gc          ] Allocation Stall (Executor task launch worker for task 29.0 in stage 0.0 (TID 29)) 20.861ms
[107.662s][info][gc          ] Allocation Stall (Executor task launch worker for task 12.0 in stage 0.0 (TID 12)) 18.633ms
[107.662s][info][gc          ] Allocation Stall (Executor task launch worker for task 31.0 in stage 0.0 (TID 31)) 20.168ms
[107.662s][info][gc          ] Allocation Stall (Executor task launch worker for task 20.0 in stage 0.0 (TID 20)) 19.229ms
[107.662s][info][gc          ] Allocation Stall (Executor task launch worker for task 0.0 in stage 0.0 (TID 0)) 21.206ms
[107.662s][info][gc          ] Allocation Stall (Executor task launch worker for task 8.0 in stage 0.0 (TID 8)) 22.196ms
[107.663s][info][gc          ] Allocation Stall (Executor task launch worker for task 35.0 in stage 0.0 (TID 35)) 18.352ms
[107.663s][info][gc          ] Allocation Stall (Executor task launch worker for task 18.0 in stage 0.0 (TID 18)) 18.347ms
[107.663s][info][gc          ] Allocation Stall (Executor task launch worker for task 41.0 in stage 0.0 (TID 41)) 18.179ms
[107.663s][info][gc          ] Allocation Stall (Executor task launch worker for task 19.0 in stage 0.0 (TID 19)) 17.671ms
[107.663s][info][gc          ] Allocation Stall (Executor task launch worker for task 46.0 in stage 0.0 (TID 46)) 17.688ms
[107.663s][info][gc          ] Allocation Stall (Executor task launch worker for task 23.0 in stage 0.0 (TID 23)) 17.729ms
[107.663s][info][gc          ] Allocation Stall (Executor task launch worker for task 22.0 in stage 0.0 (TID 22)) 17.538ms
[107.663s][info][gc          ] Allocation Stall (Executor task launch worker for task 10.0 in stage 0.0 (TID 10)) 17.601ms
[107.663s][info][gc          ] Allocation Stall (Executor task launch worker for task 11.0 in stage 0.0 (TID 11)) 17.617ms
[107.663s][info][gc          ] Allocation Stall (Executor task launch worker for task 26.0 in stage 0.0 (TID 26)) 17.530ms
[107.663s][info][gc          ] Allocation Stall (Executor task launch worker for task 1.0 in stage 0.0 (TID 1)) 17.219ms
[107.663s][info][gc          ] Allocation Stall (Executor task launch worker for task 5.0 in stage 0.0 (TID 5)) 17.146ms
[107.663s][info][gc          ] Allocation Stall (Executor task launch worker for task 4.0 in stage 0.0 (TID 4)) 16.970ms
[107.663s][info][gc          ] Allocation Stall (Executor task launch worker for task 24.0 in stage 0.0 (TID 24)) 16.997ms
[107.664s][info][gc          ] Allocation Stall (Executor task launch worker for task 14.0 in stage 0.0 (TID 14)) 16.962ms
[107.664s][info][gc          ] Allocation Stall (Executor task launch worker for task 36.0 in stage 0.0 (TID 36)) 16.971ms
[107.664s][info][gc          ] Allocation Stall (Executor task launch worker for task 30.0 in stage 0.0 (TID 30)) 17.008ms
[107.664s][info][gc          ] Allocation Stall (Executor task launch worker for task 37.0 in stage 0.0 (TID 37)) 17.024ms
[107.664s][info][gc          ] Allocation Stall (Executor task launch worker for task 7.0 in stage 0.0 (TID 7)) 16.962ms
[107.664s][info][gc          ] Allocation Stall (Executor task launch worker for task 15.0 in stage 0.0 (TID 15)) 1.587ms
[107.664s][info][gc          ] Allocation Stall (Executor task launch worker for task 40.0 in stage 0.0 (TID 40)) 1.638ms
[107.664s][info][gc          ] Allocation Stall (Executor task launch worker for task 17.0 in stage 0.0 (TID 17)) 1.673ms
[107.664s][info][gc          ] Allocation Stall (Executor task launch worker for task 13.0 in stage 0.0 (TID 13)) 1.639ms
[107.709s][info][gc,phases   ] GC(86) Concurrent Mark 46.700ms
[107.709s][info][gc,phases   ] GC(86) Pause Mark End 0.020ms
[107.709s][info][gc,phases   ] GC(86) Concurrent Mark Free 0.001ms
[107.710s][info][gc,phases   ] GC(86) Concurrent Process Non-Strong References 0.844ms
[107.710s][info][gc,phases   ] GC(86) Concurrent Reset Relocation Set 0.004ms
[107.712s][info][gc          ] Allocation Stall (Executor task launch worker for task 17.0 in stage 0.0 (TID 17)) 30.162ms
[107.712s][info][gc          ] Allocation Stall (Executor task launch worker for task 10.0 in stage 0.0 (TID 10)) 27.629ms
[107.712s][info][gc          ] Allocation Stall (Executor task launch worker for task 41.0 in stage 0.0 (TID 41)) 28.109ms
[107.712s][info][gc          ] Allocation Stall (Executor task launch worker for task 37.0 in stage 0.0 (TID 37)) 32.520ms
[107.712s][info][gc          ] Allocation Stall (Executor task launch worker for task 28.0 in stage 0.0 (TID 28)) 27.968ms
[107.712s][info][gc          ] Allocation Stall (Executor task launch worker for task 36.0 in stage 0.0 (TID 36)) 27.956ms
[107.712s][info][gc          ] Allocation Stall (Executor task launch worker for task 33.0 in stage 0.0 (TID 33)) 28.758ms
[107.712s][info][gc          ] Allocation Stall (Executor task launch worker for task 24.0 in stage 0.0 (TID 24)) 31.981ms
[107.712s][info][gc          ] Allocation Stall (Executor task launch worker for task 39.0 in stage 0.0 (TID 39)) 27.851ms
[107.712s][info][gc          ] Allocation Stall (Executor task launch worker for task 35.0 in stage 0.0 (TID 35)) 38.537ms
[107.712s][info][gc          ] Allocation Stall (Executor task launch worker for task 6.0 in stage 0.0 (TID 6)) 29.871ms
[107.712s][info][gc          ] Allocation Stall (Executor task launch worker for task 40.0 in stage 0.0 (TID 40)) 31.753ms
[107.712s][info][gc          ] Allocation Stall (Executor task launch worker for task 30.0 in stage 0.0 (TID 30)) 28.539ms
[107.712s][info][gc          ] Allocation Stall (Executor task launch worker for task 23.0 in stage 0.0 (TID 23)) 28.055ms
[107.712s][info][gc          ] Allocation Stall (Executor task launch worker for task 21.0 in stage 0.0 (TID 21)) 29.434ms
[107.712s][info][gc          ] Allocation Stall (Executor task launch worker for task 12.0 in stage 0.0 (TID 12)) 32.806ms
[107.712s][info][gc          ] Allocation Stall (Executor task launch worker for task 7.0 in stage 0.0 (TID 7)) 32.653ms
[107.712s][info][gc          ] Allocation Stall (Executor task launch worker for task 15.0 in stage 0.0 (TID 15)) 32.811ms
[107.712s][info][gc          ] Allocation Stall (Executor task launch worker for task 42.0 in stage 0.0 (TID 42)) 32.886ms
[107.712s][info][gc          ] Allocation Stall (Executor task launch worker for task 1.0 in stage 0.0 (TID 1)) 32.756ms
[107.712s][info][gc          ] Allocation Stall (Executor task launch worker for task 31.0 in stage 0.0 (TID 31)) 27.401ms
[107.712s][info][gc          ] Allocation Stall (Executor task launch worker for task 8.0 in stage 0.0 (TID 8)) 32.919ms
[107.712s][info][gc          ] Allocation Stall (Executor task launch worker for task 18.0 in stage 0.0 (TID 18)) 29.570ms
[107.712s][info][gc          ] Allocation Stall (Executor task launch worker for task 2.0 in stage 0.0 (TID 2)) 32.849ms
[107.713s][info][gc          ] Allocation Stall (Executor task launch worker for task 29.0 in stage 0.0 (TID 29)) 27.439ms
[107.713s][info][gc          ] Allocation Stall (Executor task launch worker for task 16.0 in stage 0.0 (TID 16)) 27.106ms
[107.713s][info][gc          ] Allocation Stall (Executor task launch worker for task 14.0 in stage 0.0 (TID 14)) 26.993ms
[107.713s][info][gc,phases   ] GC(86) Concurrent Select Relocation Set 2.436ms
[107.713s][info][gc          ] Allocation Stall (Executor task launch worker for task 47.0 in stage 0.0 (TID 47)) 26.704ms
[107.713s][info][gc          ] Allocation Stall (Executor task launch worker for task 32.0 in stage 0.0 (TID 32)) 26.648ms
[107.713s][info][gc          ] Allocation Stall (Executor task launch worker for task 38.0 in stage 0.0 (TID 38)) 26.601ms
[107.713s][info][gc          ] Allocation Stall (Executor task launch worker for task 26.0 in stage 0.0 (TID 26)) 26.606ms
[107.713s][info][gc          ] Allocation Stall (Executor task launch worker for task 20.0 in stage 0.0 (TID 20)) 26.679ms
[107.713s][info][gc          ] Allocation Stall (Executor task launch worker for task 45.0 in stage 0.0 (TID 45)) 26.487ms
[107.713s][info][gc          ] Allocation Stall (Executor task launch worker for task 0.0 in stage 0.0 (TID 0)) 26.412ms
[107.713s][info][gc          ] Allocation Stall (Executor task launch worker for task 3.0 in stage 0.0 (TID 3)) 26.391ms
[107.713s][info][gc          ] Allocation Stall (Executor task launch worker for task 11.0 in stage 0.0 (TID 11)) 26.395ms
[107.713s][info][gc          ] Allocation Stall (Executor task launch worker for task 46.0 in stage 0.0 (TID 46)) 26.413ms
[107.713s][info][gc          ] Allocation Stall (Executor task launch worker for task 4.0 in stage 0.0 (TID 4)) 26.245ms
[107.713s][info][gc          ] Allocation Stall (Executor task launch worker for task 5.0 in stage 0.0 (TID 5)) 26.279ms
[107.713s][info][gc          ] Allocation Stall (Executor task launch worker for task 13.0 in stage 0.0 (TID 13)) 26.137ms
[107.713s][info][gc          ] Allocation Stall (Executor task launch worker for task 22.0 in stage 0.0 (TID 22)) 26.174ms
[107.713s][info][gc          ] Allocation Stall (Executor task launch worker for task 19.0 in stage 0.0 (TID 19)) 26.184ms
[107.713s][info][gc          ] Allocation Stall (Executor task launch worker for task 43.0 in stage 0.0 (TID 43)) 21.448ms
[107.713s][info][gc          ] Allocation Stall (Executor task launch worker for task 9.0 in stage 0.0 (TID 9)) 21.371ms
[107.713s][info][gc          ] Allocation Stall (Executor task launch worker for task 34.0 in stage 0.0 (TID 34)) 21.258ms
[107.713s][info][gc          ] Allocation Stall (Executor task launch worker for task 25.0 in stage 0.0 (TID 25)) 20.942ms
[107.725s][info][gc,phases   ] GC(86) Pause Relocate Start 0.009ms
[107.725s][info][gc          ] Allocation Stall (Executor task launch worker for task 44.0 in stage 0.0 (TID 44)) 31.809ms
[107.725s][info][gc          ] Allocation Stall (Executor task launch worker for task 27.0 in stage 0.0 (TID 27)) 31.720ms
[107.725s][info][gc          ] Allocation Stall (Executor task launch worker for task 37.0 in stage 0.0 (TID 37)) 11.698ms
[107.731s][info][gc,phases   ] GC(86) Concurrent Relocate 3.085ms
[107.731s][info][gc,load     ] GC(86) Load: 0.00/0.00/0.00
[107.731s][info][gc,mmu      ] GC(86) MMU: 2ms/94.2%, 5ms/97.7%, 10ms/98.8%, 20ms/99.3%, 50ms/99.7%, 100ms/99.8%
[107.731s][info][gc,marking  ] GC(86) Mark: 8 stripe(s), 2 proactive flush(es), 1 terminate flush(es), 0 completion(s), 0 continuation(s) 
[107.731s][info][gc,marking  ] GC(86) Mark Stack Usage: 32M
[107.731s][info][gc,nmethod  ] GC(86) NMethods: 2285 registered, 95 unregistered
[107.731s][info][gc,metaspace] GC(86) Metaspace: 112M used, 124M committed, 1152M reserved
[107.731s][info][gc,ref      ] GC(86) Soft: 2800 encountered, 248 discovered, 0 enqueued
[107.731s][info][gc,ref      ] GC(86) Weak: 12968 encountered, 1419 discovered, 0 enqueued
[107.731s][info][gc,ref      ] GC(86) Final: 62 encountered, 25 discovered, 0 enqueued
[107.731s][info][gc,ref      ] GC(86) Phantom: 750 encountered, 427 discovered, 0 enqueued
[107.731s][info][gc,reloc    ] GC(86) Small Pages: 86 / 172M, Empty: 46M, Relocated: 3M, In-Place: 0
[107.731s][info][gc,reloc    ] GC(86) Medium Pages: 18 / 576M, Empty: 0M, Relocated: 0M, In-Place: 0
[107.731s][info][gc,reloc    ] GC(86) Large Pages: 32 / 256M, Empty: 32M, Relocated: 0M, In-Place: 0
[107.731s][info][gc,reloc    ] GC(86) Forwarding Usage: 0M
[107.731s][info][gc,heap     ] GC(86) Min Capacity: 8M(1%)
[107.731s][info][gc,heap     ] GC(86) Max Capacity: 1024M(100%)
[107.731s][info][gc,heap     ] GC(86) Soft Max Capacity: 1024M(100%)
[107.731s][info][gc,heap     ] GC(86)                Mark Start          Mark End        Relocate Start      Relocate End           High               Low         
[107.731s][info][gc,heap     ] GC(86)  Capacity:     1024M (100%)       1024M (100%)       1024M (100%)       1024M (100%)       1024M (100%)       1024M (100%)   
[107.731s][info][gc,heap     ] GC(86)      Free:        0M (0%)            0M (0%)           28M (3%)           36M (4%)           78M (8%)            0M (0%)     
[107.731s][info][gc,heap     ] GC(86)      Used:     1024M (100%)       1024M (100%)        996M (97%)         988M (96%)        1024M (100%)        946M (92%)    
[107.731s][info][gc,heap     ] GC(86)      Live:         -               772M (75%)         772M (75%)         772M (75%)            -                  -          
[107.731s][info][gc,heap     ] GC(86) Allocated:         -                 0M (0%)           50M (5%)           77M (8%)             -                  -          
[107.731s][info][gc,heap     ] GC(86)   Garbage:         -               251M (25%)         173M (17%)         137M (13%)            -                  -          
[107.732s][info][gc,heap     ] GC(86) Reclaimed:         -                  -                78M (8%)          113M (11%)            -                  -          
[107.732s][info][gc          ] GC(86) Garbage Collection (Allocation Stall) 1024M(100%)->988M(96%)
[107.739s][info][gc,start    ] GC(87) Garbage Collection (Allocation Stall)
[107.739s][info][gc,ref      ] GC(87) Clearing All SoftReferences
[107.739s][info][gc,task     ] GC(87) Using 10 workers
[107.739s][info][gc,ref      ] GC(87) Clearing All SoftReferences
[107.739s][info][gc,phases   ] GC(87) Pause Mark Start 0.054ms
[107.760s][info][gc,phases   ] GC(87) Concurrent Mark 20.344ms
[107.760s][info][gc,phases   ] GC(87) Pause Mark End 0.016ms
[107.760s][info][gc,phases   ] GC(87) Concurrent Mark Free 0.001ms
[107.761s][info][gc,phases   ] GC(87) Concurrent Process Non-Strong References 0.778ms
[107.761s][info][gc,phases   ] GC(87) Concurrent Reset Relocation Set 0.004ms
[107.764s][info][gc          ] Allocation Stall (Executor task launch worker for task 42.0 in stage 0.0 (TID 42)) 23.979ms
[107.764s][info][gc          ] Allocation Stall (Executor task launch worker for task 3.0 in stage 0.0 (TID 3)) 23.994ms
[107.764s][info][gc          ] Allocation Stall (Executor task launch worker for task 46.0 in stage 0.0 (TID 46)) 24.002ms
[107.764s][info][gc          ] Allocation Stall (Executor task launch worker for task 16.0 in stage 0.0 (TID 16)) 24.000ms
[107.764s][info][gc          ] Allocation Stall (Executor task launch worker for task 7.0 in stage 0.0 (TID 7)) 24.001ms
[107.764s][info][gc          ] Allocation Stall (Executor task launch worker for task 22.0 in stage 0.0 (TID 22)) 24.009ms
[107.764s][info][gc          ] Allocation Stall (Executor task launch worker for task 28.0 in stage 0.0 (TID 28)) 23.987ms
[107.764s][info][gc          ] Allocation Stall (Executor task launch worker for task 29.0 in stage 0.0 (TID 29)) 24.017ms
[107.764s][info][gc          ] Allocation Stall (Executor task launch worker for task 15.0 in stage 0.0 (TID 15)) 23.986ms
[107.764s][info][gc          ] Allocation Stall (Executor task launch worker for task 39.0 in stage 0.0 (TID 39)) 23.998ms
[107.764s][info][gc          ] Allocation Stall (Executor task launch worker for task 12.0 in stage 0.0 (TID 12)) 23.990ms
[107.764s][info][gc          ] Allocation Stall (Executor task launch worker for task 31.0 in stage 0.0 (TID 31)) 24.002ms
[107.764s][info][gc          ] Allocation Stall (Executor task launch worker for task 4.0 in stage 0.0 (TID 4)) 23.995ms
[107.764s][info][gc          ] Allocation Stall (Executor task launch worker for task 47.0 in stage 0.0 (TID 47)) 23.998ms
[107.764s][info][gc          ] Allocation Stall (Executor task launch worker for task 33.0 in stage 0.0 (TID 33)) 23.990ms
[107.764s][info][gc          ] Allocation Stall (Executor task launch worker for task 45.0 in stage 0.0 (TID 45)) 23.992ms
[107.764s][info][gc          ] Allocation Stall (Executor task launch worker for task 36.0 in stage 0.0 (TID 36)) 24.018ms
[107.764s][info][gc          ] Allocation Stall (Executor task launch worker for task 1.0 in stage 0.0 (TID 1)) 24.531ms
[107.764s][info][gc          ] Allocation Stall (Executor task launch worker for task 8.0 in stage 0.0 (TID 8)) 24.606ms
[107.764s][info][gc          ] Allocation Stall (Executor task launch worker for task 37.0 in stage 0.0 (TID 37)) 24.018ms
[107.764s][info][gc          ] Allocation Stall (Executor task launch worker for task 21.0 in stage 0.0 (TID 21)) 24.490ms
[107.764s][info][gc          ] Allocation Stall (Executor task launch worker for task 14.0 in stage 0.0 (TID 14)) 24.520ms
[107.764s][info][gc          ] Allocation Stall (Executor task launch worker for task 43.0 in stage 0.0 (TID 43)) 24.476ms
[107.764s][info][gc          ] Allocation Stall (Executor task launch worker for task 26.0 in stage 0.0 (TID 26)) 24.462ms
[107.764s][info][gc          ] Allocation Stall (Executor task launch worker for task 17.0 in stage 0.0 (TID 17)) 24.489ms
[107.764s][info][gc          ] Allocation Stall (Executor task launch worker for task 2.0 in stage 0.0 (TID 2)) 24.055ms
[107.764s][info][gc          ] Allocation Stall (Executor task launch worker for task 13.0 in stage 0.0 (TID 13)) 24.058ms
[107.764s][info][gc          ] Allocation Stall (Executor task launch worker for task 25.0 in stage 0.0 (TID 25)) 24.057ms
[107.764s][info][gc          ] Allocation Stall (Executor task launch worker for task 5.0 in stage 0.0 (TID 5)) 24.045ms
[107.764s][info][gc          ] Allocation Stall (Executor task launch worker for task 32.0 in stage 0.0 (TID 32)) 24.071ms
[107.764s][info][gc          ] Allocation Stall (Executor task launch worker for task 10.0 in stage 0.0 (TID 10)) 24.094ms
[107.764s][info][gc          ] Allocation Stall (Executor task launch worker for task 24.0 in stage 0.0 (TID 24)) 24.125ms
[107.764s][info][gc,phases   ] GC(87) Concurrent Select Relocation Set 2.809ms
[107.764s][info][gc          ] Allocation Stall (Executor task launch worker for task 9.0 in stage 0.0 (TID 9)) 24.153ms
[107.764s][info][gc          ] Allocation Stall (Executor task launch worker for task 6.0 in stage 0.0 (TID 6)) 24.194ms
[107.764s][info][gc          ] Allocation Stall (Executor task launch worker for task 41.0 in stage 0.0 (TID 41)) 24.225ms
[107.764s][info][gc          ] Allocation Stall (Executor task launch worker for task 30.0 in stage 0.0 (TID 30)) 24.291ms
[107.764s][info][gc          ] Allocation Stall (Executor task launch worker for task 44.0 in stage 0.0 (TID 44)) 24.321ms
[107.764s][info][gc          ] Allocation Stall (Executor task launch worker for task 27.0 in stage 0.0 (TID 27)) 24.348ms
[107.764s][info][gc          ] Allocation Stall (Executor task launch worker for task 11.0 in stage 0.0 (TID 11)) 24.366ms
[107.764s][info][gc          ] Allocation Stall (Executor task launch worker for task 20.0 in stage 0.0 (TID 20)) 24.391ms
[107.764s][info][gc          ] Allocation Stall (Executor task launch worker for task 19.0 in stage 0.0 (TID 19)) 24.417ms
[107.764s][info][gc          ] Allocation Stall (Executor task launch worker for task 38.0 in stage 0.0 (TID 38)) 24.445ms
[107.764s][info][gc          ] Allocation Stall (Executor task launch worker for task 34.0 in stage 0.0 (TID 34)) 24.490ms
[107.764s][info][gc          ] Allocation Stall (Executor task launch worker for task 40.0 in stage 0.0 (TID 40)) 24.519ms
[107.764s][info][gc          ] Allocation Stall (Executor task launch worker for task 0.0 in stage 0.0 (TID 0)) 24.539ms
[107.764s][info][gc          ] Allocation Stall (Executor task launch worker for task 18.0 in stage 0.0 (TID 18)) 23.377ms
[107.764s][info][gc          ] Allocation Stall (Executor task launch worker for task 35.0 in stage 0.0 (TID 35)) 19.623ms
[107.764s][info][gc          ] Allocation Stall (Executor task launch worker for task 23.0 in stage 0.0 (TID 23)) 17.415ms
[107.764s][info][gc          ] Allocation Stall (Executor task launch worker for task 16.0 in stage 0.0 (TID 16)) 0.098ms
[107.766s][info][gc,phases   ] GC(87) Pause Relocate Start 0.006ms
[107.767s][info][gc          ] Allocation Stall (Executor task launch worker for task 35.0 in stage 0.0 (TID 35)) 0.382ms
[107.777s][info][gc          ] Allocation Stall (Executor task launch worker for task 23.0 in stage 0.0 (TID 23)) 11.024ms
[107.777s][info][gc          ] Allocation Stall (Executor task launch worker for task 41.0 in stage 0.0 (TID 41)) 9.906ms
[107.778s][info][gc          ] Allocation Stall (Executor task launch worker for task 37.0 in stage 0.0 (TID 37)) 4.838ms
[107.778s][info][gc          ] Allocation Stall (Executor task launch worker for task 26.0 in stage 0.0 (TID 26)) 2.022ms
[107.778s][info][gc          ] Allocation Stall (Executor task launch worker for task 17.0 in stage 0.0 (TID 17)) 1.991ms
[107.778s][info][gc          ] Allocation Stall (Executor task launch worker for task 47.0 in stage 0.0 (TID 47)) 1.980ms
[107.778s][info][gc          ] Allocation Stall (Executor task launch worker for task 4.0 in stage 0.0 (TID 4)) 2.040ms
[107.778s][info][gc          ] Allocation Stall (Executor task launch worker for task 33.0 in stage 0.0 (TID 33)) 3.312ms
[107.778s][info][gc          ] Allocation Stall (Executor task launch worker for task 27.0 in stage 0.0 (TID 27)) 2.235ms
[107.778s][info][gc          ] Allocation Stall (Executor task launch worker for task 28.0 in stage 0.0 (TID 28)) 2.056ms
[107.778s][info][gc          ] Allocation Stall (Executor task launch worker for task 7.0 in stage 0.0 (TID 7)) 3.279ms
[107.778s][info][gc          ] Allocation Stall (Executor task launch worker for task 9.0 in stage 0.0 (TID 9)) 2.239ms
[107.778s][info][gc          ] Allocation Stall (Executor task launch worker for task 25.0 in stage 0.0 (TID 25)) 1.968ms
[107.778s][info][gc          ] Allocation Stall (Executor task launch worker for task 46.0 in stage 0.0 (TID 46)) 3.795ms
[107.778s][info][gc          ] Allocation Stall (Executor task launch worker for task 34.0 in stage 0.0 (TID 34)) 2.203ms
[107.778s][info][gc          ] Allocation Stall (Executor task launch worker for task 13.0 in stage 0.0 (TID 13)) 3.651ms
[107.778s][info][gc          ] Allocation Stall (Executor task launch worker for task 24.0 in stage 0.0 (TID 24)) 3.509ms
[107.778s][info][gc          ] Allocation Stall (Executor task launch worker for task 8.0 in stage 0.0 (TID 8)) 3.436ms
[107.778s][info][gc          ] Allocation Stall (Executor task launch worker for task 14.0 in stage 0.0 (TID 14)) 3.827ms
[107.778s][info][gc          ] Allocation Stall (Spark Context Cleaner) 2.758ms
[107.778s][info][gc          ] Allocation Stall (Executor task launch worker for task 42.0 in stage 0.0 (TID 42)) 2.666ms
[107.779s][info][gc          ] Allocation Stall (Executor task launch worker for task 12.0 in stage 0.0 (TID 12)) 2.605ms
[107.779s][info][gc          ] Allocation Stall (Executor task launch worker for task 31.0 in stage 0.0 (TID 31)) 2.589ms
[107.779s][info][gc          ] Allocation Stall (Executor task launch worker for task 32.0 in stage 0.0 (TID 32)) 2.586ms
[107.779s][info][gc          ] Allocation Stall (Executor task launch worker for task 43.0 in stage 0.0 (TID 43)) 2.423ms
[107.779s][info][gc          ] Allocation Stall (Executor task launch worker for task 22.0 in stage 0.0 (TID 22)) 2.348ms
[107.779s][info][gc          ] Allocation Stall (Executor task launch worker for task 38.0 in stage 0.0 (TID 38)) 2.327ms
[107.779s][info][gc          ] Allocation Stall (Executor task launch worker for task 5.0 in stage 0.0 (TID 5)) 2.333ms
[107.779s][info][gc          ] Allocation Stall (Executor task launch worker for task 29.0 in stage 0.0 (TID 29)) 2.305ms
[107.779s][info][gc          ] Allocation Stall (Executor task launch worker for task 20.0 in stage 0.0 (TID 20)) 2.320ms
[107.779s][info][gc          ] Allocation Stall (Executor task launch worker for task 36.0 in stage 0.0 (TID 36)) 2.213ms
[107.779s][info][gc          ] Allocation Stall (Executor task launch worker for task 15.0 in stage 0.0 (TID 15)) 2.194ms
[107.779s][info][gc          ] Allocation Stall (Executor task launch worker for task 30.0 in stage 0.0 (TID 30)) 2.077ms
[107.780s][info][gc          ] Allocation Stall (Executor task launch worker for task 10.0 in stage 0.0 (TID 10)) 2.595ms
[107.780s][info][gc          ] Allocation Stall (Executor task launch worker for task 19.0 in stage 0.0 (TID 19)) 2.653ms
[107.780s][info][gc          ] Allocation Stall (Executor task launch worker for task 11.0 in stage 0.0 (TID 11)) 2.722ms
[107.780s][info][gc          ] Allocation Stall (Executor task launch worker for task 44.0 in stage 0.0 (TID 44)) 2.762ms
[107.780s][info][gc          ] Allocation Stall (Executor task launch worker for task 40.0 in stage 0.0 (TID 40)) 2.756ms
[107.780s][info][gc          ] Allocation Stall (Executor task launch worker for task 6.0 in stage 0.0 (TID 6)) 3.299ms
[107.781s][info][gc          ] Allocation Stall (Executor task launch worker for task 45.0 in stage 0.0 (TID 45)) 2.155ms
[107.817s][info][gc          ] Relocation Stall (Executor task launch worker for task 16.0 in stage 0.0 (TID 16)) 49.745ms
[107.817s][info][gc          ] Relocation Stall (Executor task launch worker for task 1.0 in stage 0.0 (TID 1)) 50.190ms
[107.817s][info][gc          ] Relocation Stall (Executor task launch worker for task 0.0 in stage 0.0 (TID 0)) 40.455ms
[107.817s][info][gc          ] Relocation Stall (Executor task launch worker for task 39.0 in stage 0.0 (TID 39)) 49.293ms
[107.817s][info][gc          ] Relocation Stall (Executor task launch worker for task 2.0 in stage 0.0 (TID 2)) 50.280ms
[107.817s][info][gc          ] Relocation Stall (Executor task launch worker for task 3.0 in stage 0.0 (TID 3)) 50.413ms
[107.817s][info][gc          ] Relocation Stall (Executor task launch worker for task 18.0 in stage 0.0 (TID 18)) 46.453ms
[107.817s][info][gc          ] Allocation Stall (Executor task launch worker for task 32.0 in stage 0.0 (TID 32)) 10.382ms
[107.817s][info][gc          ] Allocation Stall (Executor task launch worker for task 40.0 in stage 0.0 (TID 40)) 9.097ms
[107.817s][info][gc          ] Allocation Stall (Executor task launch worker for task 27.0 in stage 0.0 (TID 27)) 10.245ms
[107.817s][info][gc          ] Allocation Stall (Executor task launch worker for task 11.0 in stage 0.0 (TID 11)) 10.642ms
[107.817s][info][gc          ] Allocation Stall (Executor task launch worker for task 14.0 in stage 0.0 (TID 14)) 9.552ms
[107.817s][info][gc          ] Allocation Stall (Executor task launch worker for task 7.0 in stage 0.0 (TID 7)) 8.933ms
[107.817s][info][gc          ] Allocation Stall (Executor task launch worker for task 12.0 in stage 0.0 (TID 12)) 9.387ms
[107.817s][info][gc          ] Allocation Stall (Executor task launch worker for task 42.0 in stage 0.0 (TID 42)) 9.314ms
[107.817s][info][gc          ] Allocation Stall (Executor task launch worker for task 22.0 in stage 0.0 (TID 22)) 8.525ms
[107.817s][info][gc          ] Allocation Stall (Executor task launch worker for task 41.0 in stage 0.0 (TID 41)) 9.343ms
[107.817s][info][gc          ] Allocation Stall (Executor task launch worker for task 34.0 in stage 0.0 (TID 34)) 11.252ms
[107.817s][info][gc          ] Allocation Stall (Executor task launch worker for task 31.0 in stage 0.0 (TID 31)) 9.474ms
[107.817s][info][gc          ] Allocation Stall (Executor task launch worker for task 6.0 in stage 0.0 (TID 6)) 11.623ms
[107.817s][info][gc          ] Allocation Stall (Executor task launch worker for task 13.0 in stage 0.0 (TID 13)) 11.576ms
[107.817s][info][gc          ] Allocation Stall (Executor task launch worker for task 4.0 in stage 0.0 (TID 4)) 11.518ms
[107.817s][info][gc          ] Allocation Stall (Executor task launch worker for task 44.0 in stage 0.0 (TID 44)) 11.464ms
[107.818s][info][gc          ] Allocation Stall (Executor task launch worker for task 20.0 in stage 0.0 (TID 20)) 8.866ms
[107.818s][info][gc          ] Allocation Stall (Executor task launch worker for task 26.0 in stage 0.0 (TID 26)) 8.774ms
[107.818s][info][gc          ] Allocation Stall (Executor task launch worker for task 36.0 in stage 0.0 (TID 36)) 8.660ms
[107.818s][info][gc          ] Allocation Stall (Executor task launch worker for task 24.0 in stage 0.0 (TID 24)) 8.648ms
[107.818s][info][gc          ] Allocation Stall (Executor task launch worker for task 38.0 in stage 0.0 (TID 38)) 8.667ms
[107.818s][info][gc          ] Allocation Stall (Executor task launch worker for task 5.0 in stage 0.0 (TID 5)) 8.644ms
[107.818s][info][gc          ] Allocation Stall (Executor task launch worker for task 15.0 in stage 0.0 (TID 15)) 8.561ms
[107.818s][info][gc          ] Allocation Stall (Executor task launch worker for task 9.0 in stage 0.0 (TID 9)) 8.445ms
[107.818s][info][gc          ] Allocation Stall (Executor task launch worker for task 19.0 in stage 0.0 (TID 19)) 8.325ms
[107.818s][info][gc          ] Allocation Stall (Executor task launch worker for task 10.0 in stage 0.0 (TID 10)) 8.194ms
[107.818s][info][gc          ] Allocation Stall (Executor task launch worker for task 33.0 in stage 0.0 (TID 33)) 8.181ms
[107.818s][info][gc          ] Allocation Stall (Executor task launch worker for task 43.0 in stage 0.0 (TID 43)) 8.166ms
[107.818s][info][gc          ] Allocation Stall (Executor task launch worker for task 8.0 in stage 0.0 (TID 8)) 8.175ms
[107.819s][info][gc          ] Allocation Stall (Executor task launch worker for task 17.0 in stage 0.0 (TID 17)) 8.173ms
[107.819s][info][gc          ] Allocation Stall (Executor task launch worker for task 30.0 in stage 0.0 (TID 30)) 7.928ms
[107.819s][info][gc          ] Allocation Stall (Executor task launch worker for task 28.0 in stage 0.0 (TID 28)) 7.918ms
[107.819s][info][gc          ] Allocation Stall (Executor task launch worker for task 47.0 in stage 0.0 (TID 47)) 7.950ms
[107.819s][info][gc          ] Allocation Stall (Executor task launch worker for task 29.0 in stage 0.0 (TID 29)) 7.942ms
[107.819s][info][gc          ] Allocation Stall (Executor task launch worker for task 46.0 in stage 0.0 (TID 46)) 7.893ms
[107.819s][info][gc          ] Allocation Stall (Executor task launch worker for task 25.0 in stage 0.0 (TID 25)) 7.734ms
[107.819s][info][gc          ] Allocation Stall (Executor task launch worker for task 45.0 in stage 0.0 (TID 45)) 7.761ms
[107.819s][info][gc          ] Allocation Stall (Executor task launch worker for task 35.0 in stage 0.0 (TID 35)) 7.551ms
[107.819s][info][gc          ] Allocation Stall (Executor task launch worker for task 1.0 in stage 0.0 (TID 1)) 2.101ms
[107.819s][info][gc          ] Allocation Stall (Executor task launch worker for task 16.0 in stage 0.0 (TID 16)) 2.098ms
[107.819s][info][gc          ] Allocation Stall (Executor task launch worker for task 3.0 in stage 0.0 (TID 3)) 2.084ms
[107.819s][info][gc          ] Allocation Stall (Executor task launch worker for task 0.0 in stage 0.0 (TID 0)) 1.967ms
[107.819s][info][gc          ] Allocation Stall (Executor task launch worker for task 39.0 in stage 0.0 (TID 39)) 1.948ms
[107.819s][info][gc          ] Allocation Stall (Executor task launch worker for task 2.0 in stage 0.0 (TID 2)) 1.961ms
[107.820s][info][gc          ] Allocation Stall (Executor task launch worker for task 18.0 in stage 0.0 (TID 18)) 2.169ms
[107.820s][info][gc          ] Allocation Stall (Executor task launch worker for task 23.0 in stage 0.0 (TID 23)) 1.127ms
[107.829s][info][gc          ] Allocation Stall (Executor task launch worker for task 5.0 in stage 0.0 (TID 5)) 2.567ms
[107.829s][info][gc          ] Allocation Stall (Executor task launch worker for task 17.0 in stage 0.0 (TID 17)) 2.481ms
[107.829s][info][gc          ] Allocation Stall (Executor task launch worker for task 23.0 in stage 0.0 (TID 23)) 2.480ms
[107.829s][info][gc          ] Allocation Stall (Executor task launch worker for task 43.0 in stage 0.0 (TID 43)) 2.616ms
[107.829s][info][gc          ] Allocation Stall (Executor task launch worker for task 8.0 in stage 0.0 (TID 8)) 2.663ms
[107.829s][info][gc          ] Allocation Stall (Executor task launch worker for task 28.0 in stage 0.0 (TID 28)) 2.692ms
[107.829s][info][gc          ] Allocation Stall (Executor task launch worker for task 45.0 in stage 0.0 (TID 45)) 2.715ms
[107.829s][info][gc          ] Allocation Stall (Executor task launch worker for task 25.0 in stage 0.0 (TID 25)) 2.374ms
[107.829s][info][gc          ] Allocation Stall (Executor task launch worker for task 46.0 in stage 0.0 (TID 46)) 2.181ms
[107.830s][info][gc          ] Allocation Stall (Executor task launch worker for task 18.0 in stage 0.0 (TID 18)) 2.241ms
[107.830s][info][gc          ] Allocation Stall (Executor task launch worker for task 16.0 in stage 0.0 (TID 16)) 2.036ms
[107.830s][info][gc          ] Allocation Stall (Executor task launch worker for task 3.0 in stage 0.0 (TID 3)) 1.802ms
[107.830s][info][gc          ] Allocation Stall (Executor task launch worker for task 2.0 in stage 0.0 (TID 2)) 1.646ms
[107.830s][info][gc          ] Allocation Stall (Executor task launch worker for task 0.0 in stage 0.0 (TID 0)) 1.369ms
[107.837s][info][gc          ] Allocation Stall (Executor task launch worker for task 29.0 in stage 0.0 (TID 29)) 4.032ms
[107.837s][info][gc          ] Allocation Stall (Executor task launch worker for task 15.0 in stage 0.0 (TID 15)) 4.022ms
[107.837s][info][gc          ] Allocation Stall (Executor task launch worker for task 10.0 in stage 0.0 (TID 10)) 4.047ms
[107.837s][info][gc          ] Allocation Stall (Executor task launch worker for task 32.0 in stage 0.0 (TID 32)) 4.038ms
[107.837s][info][gc          ] Allocation Stall (Executor task launch worker for task 33.0 in stage 0.0 (TID 33)) 3.936ms
[107.837s][info][gc          ] Allocation Stall (Executor task launch worker for task 27.0 in stage 0.0 (TID 27)) 3.940ms
[107.837s][info][gc          ] Allocation Stall (Executor task launch worker for task 1.0 in stage 0.0 (TID 1)) 3.892ms
[107.837s][info][gc          ] Allocation Stall (Executor task launch worker for task 30.0 in stage 0.0 (TID 30)) 3.953ms
[107.837s][info][gc          ] Allocation Stall (Executor task launch worker for task 9.0 in stage 0.0 (TID 9)) 3.865ms
[107.837s][info][gc          ] Allocation Stall (Executor task launch worker for task 5.0 in stage 0.0 (TID 5)) 1.994ms
[107.837s][info][gc          ] Allocation Stall (Executor task launch worker for task 40.0 in stage 0.0 (TID 40)) 1.816ms
[107.858s][info][gc          ] Relocation Stall (Executor task launch worker for task 21.0 in stage 0.0 (TID 21)) 91.173ms
[107.858s][info][gc          ] Allocation Stall (Executor task launch worker for task 27.0 in stage 0.0 (TID 27)) 14.652ms
[107.858s][info][gc          ] Allocation Stall (Executor task launch worker for task 7.0 in stage 0.0 (TID 7)) 18.029ms
[107.858s][info][gc          ] Allocation Stall (Executor task launch worker for task 33.0 in stage 0.0 (TID 33)) 15.012ms
[107.858s][info][gc          ] Allocation Stall (Executor task launch worker for task 46.0 in stage 0.0 (TID 46)) 15.997ms
[107.858s][info][gc          ] Allocation Stall (Executor task launch worker for task 24.0 in stage 0.0 (TID 24)) 15.957ms
[107.858s][info][gc          ] Allocation Stall (Executor task launch worker for task 28.0 in stage 0.0 (TID 28)) 17.136ms
[107.858s][info][gc          ] Allocation Stall (Executor task launch worker for task 13.0 in stage 0.0 (TID 13)) 14.937ms
[107.858s][info][gc          ] Allocation Stall (Executor task launch worker for task 15.0 in stage 0.0 (TID 15)) 14.640ms
[107.858s][info][gc          ] Allocation Stall (Executor task launch worker for task 26.0 in stage 0.0 (TID 26)) 17.979ms
[107.858s][info][gc          ] Allocation Stall (Executor task launch worker for task 20.0 in stage 0.0 (TID 20)) 15.402ms
[107.858s][info][gc          ] Allocation Stall (Executor task launch worker for task 31.0 in stage 0.0 (TID 31)) 14.784ms
[107.858s][info][gc          ] Allocation Stall (Executor task launch worker for task 43.0 in stage 0.0 (TID 43)) 14.507ms
[107.858s][info][gc          ] Allocation Stall (Executor task launch worker for task 0.0 in stage 0.0 (TID 0)) 18.390ms
[107.858s][info][gc          ] Allocation Stall (Executor task launch worker for task 34.0 in stage 0.0 (TID 34)) 15.401ms
[107.858s][info][gc          ] Allocation Stall (Executor task launch worker for task 38.0 in stage 0.0 (TID 38)) 18.279ms
[107.858s][info][gc,phases   ] GC(87) Concurrent Relocate 91.324ms
[107.858s][info][gc          ] Allocation Stall (Executor task launch worker for task 3.0 in stage 0.0 (TID 3)) 18.332ms
[107.858s][info][gc          ] Allocation Stall (Executor task launch worker for task 22.0 in stage 0.0 (TID 22)) 14.767ms
[107.858s][info][gc          ] Allocation Stall (Executor task launch worker for task 42.0 in stage 0.0 (TID 42)) 14.835ms
[107.858s][info][gc,load     ] GC(87) Load: 0.00/0.00/0.00
[107.858s][info][gc          ] Allocation Stall (Executor task launch worker for task 40.0 in stage 0.0 (TID 40)) 14.921ms
[107.858s][info][gc          ] Allocation Stall (Executor task launch worker for task 36.0 in stage 0.0 (TID 36)) 14.929ms
[107.858s][info][gc,mmu      ] GC(87) MMU: 2ms/94.2%, 5ms/97.7%, 10ms/98.8%, 20ms/99.3%, 50ms/99.7%, 100ms/99.8%
[107.858s][info][gc          ] Allocation Stall (Executor task launch worker for task 14.0 in stage 0.0 (TID 14)) 14.861ms
[107.858s][info][gc          ] Allocation Stall (Executor task launch worker for task 12.0 in stage 0.0 (TID 12)) 14.797ms
[107.858s][info][gc,marking  ] GC(87) Mark: 8 stripe(s), 2 proactive flush(es), 1 terminate flush(es), 0 completion(s), 0 continuation(s) 
[107.858s][info][gc          ] Allocation Stall (Executor task launch worker for task 4.0 in stage 0.0 (TID 4)) 14.838ms
[107.858s][info][gc,marking  ] GC(87) Mark Stack Usage: 32M
[107.858s][info][gc          ] Allocation Stall (Executor task launch worker for task 32.0 in stage 0.0 (TID 32)) 14.811ms
[107.858s][info][gc,nmethod  ] GC(87) NMethods: 2287 registered, 95 unregistered
[107.858s][info][gc          ] Allocation Stall (Executor task launch worker for task 19.0 in stage 0.0 (TID 19)) 14.739ms
[107.858s][info][gc,metaspace] GC(87) Metaspace: 112M used, 124M committed, 1152M reserved
[107.858s][info][gc          ] Allocation Stall (Executor task launch worker for task 1.0 in stage 0.0 (TID 1)) 14.694ms
[107.858s][info][gc,ref      ] GC(87) Soft: 2800 encountered, 234 discovered, 0 enqueued
[107.858s][info][gc          ] Allocation Stall (Executor task launch worker for task 11.0 in stage 0.0 (TID 11)) 14.740ms
[107.858s][info][gc,ref      ] GC(87) Weak: 12969 encountered, 2254 discovered, 2 enqueued
[107.859s][info][gc          ] Allocation Stall (Executor task launch worker for task 44.0 in stage 0.0 (TID 44)) 14.764ms
[107.859s][info][gc,ref      ] GC(87) Final: 62 encountered, 24 discovered, 0 enqueued
[107.859s][info][gc          ] Allocation Stall (Executor task launch worker for task 10.0 in stage 0.0 (TID 10)) 14.796ms
[107.859s][info][gc,ref      ] GC(87) Phantom: 750 encountered, 448 discovered, 0 enqueued
[107.859s][info][gc,reloc    ] GC(87) Small Pages: 96 / 192M, Empty: 56M, Relocated: 6M, In-Place: 0
[107.859s][info][gc,reloc    ] GC(87) Medium Pages: 19 / 608M, Empty: 0M, Relocated: 79M, In-Place: 3
[107.859s][info][gc,reloc    ] GC(87) Large Pages: 28 / 224M, Empty: 0M, Relocated: 0M, In-Place: 0
[107.859s][info][gc,reloc    ] GC(87) Forwarding Usage: 0M
[107.859s][info][gc,heap     ] GC(87) Min Capacity: 8M(1%)
[107.859s][info][gc,heap     ] GC(87) Max Capacity: 1024M(100%)
[107.859s][info][gc,heap     ] GC(87) Soft Max Capacity: 1024M(100%)
[107.859s][info][gc,heap     ] GC(87)                Mark Start          Mark End        Relocate Start      Relocate End           High               Low         
[107.859s][info][gc,heap     ] GC(87)  Capacity:     1024M (100%)       1024M (100%)       1024M (100%)       1024M (100%)       1024M (100%)       1024M (100%)   
[107.859s][info][gc,heap     ] GC(87)      Free:        0M (0%)            0M (0%)           38M (4%)            0M (0%)           56M (5%)            0M (0%)     
[107.859s][info][gc,heap     ] GC(87)      Used:     1024M (100%)       1024M (100%)        986M (96%)        1024M (100%)       1024M (100%)        968M (95%)    
[107.859s][info][gc,heap     ] GC(87)      Live:         -               760M (74%)         760M (74%)         760M (74%)            -                  -          
[107.859s][info][gc,heap     ] GC(87) Allocated:         -                 0M (0%)           18M (2%)          170M (17%)            -                  -          
[107.859s][info][gc,heap     ] GC(87)   Garbage:         -               263M (26%)         207M (20%)          92M (9%)             -                  -          
[107.859s][info][gc,heap     ] GC(87) Reclaimed:         -                  -                56M (5%)          170M (17%)            -                  -          
[107.859s][info][gc          ] GC(87) Garbage Collection (Allocation Stall) 1024M(100%)->1024M(100%)
[107.859s][info][gc,start    ] GC(88) Garbage Collection (Allocation Stall)
[107.859s][info][gc,ref      ] GC(88) Clearing All SoftReferences
[107.859s][info][gc,task     ] GC(88) Using 10 workers
[107.860s][info][gc,ref      ] GC(88) Clearing All SoftReferences
[107.860s][info][gc,phases   ] GC(88) Pause Mark Start 0.030ms
[107.860s][info][gc          ] Allocation Stall (Executor task launch worker for task 47.0 in stage 0.0 (TID 47)) 15.750ms
[107.860s][info][gc          ] Allocation Stall (Executor task launch worker for task 25.0 in stage 0.0 (TID 25)) 15.242ms
[107.860s][info][gc          ] Allocation Stall (Executor task launch worker for task 9.0 in stage 0.0 (TID 9)) 15.891ms
[107.860s][info][gc          ] Allocation Stall (Executor task launch worker for task 6.0 in stage 0.0 (TID 6)) 15.318ms
[107.860s][info][gc          ] Allocation Stall (Executor task launch worker for task 29.0 in stage 0.0 (TID 29)) 16.413ms
[107.860s][info][gc          ] Allocation Stall (Executor task launch worker for task 39.0 in stage 0.0 (TID 39)) 15.228ms
[107.860s][info][gc          ] Allocation Stall (Executor task launch worker for task 30.0 in stage 0.0 (TID 30)) 16.355ms
[107.860s][info][gc          ] Allocation Stall (Executor task launch worker for task 2.0 in stage 0.0 (TID 2)) 15.401ms
[107.860s][info][gc          ] Allocation Stall (Executor task launch worker for task 18.0 in stage 0.0 (TID 18)) 15.794ms
[107.860s][info][gc          ] Allocation Stall (Executor task launch worker for task 16.0 in stage 0.0 (TID 16)) 15.215ms
[107.860s][info][gc          ] Allocation Stall (Executor task launch worker for task 23.0 in stage 0.0 (TID 23)) 15.227ms
[107.860s][info][gc          ] Allocation Stall (Executor task launch worker for task 35.0 in stage 0.0 (TID 35)) 15.405ms
[107.860s][info][gc          ] Allocation Stall (Executor task launch worker for task 8.0 in stage 0.0 (TID 8)) 15.351ms
[107.860s][info][gc          ] Allocation Stall (Executor task launch worker for task 41.0 in stage 0.0 (TID 41)) 15.391ms
[107.860s][info][gc          ] Allocation Stall (Executor task launch worker for task 5.0 in stage 0.0 (TID 5)) 15.335ms
[107.861s][info][gc          ] Allocation Stall (Executor task launch worker for task 45.0 in stage 0.0 (TID 45)) 15.114ms
[107.861s][info][gc          ] Allocation Stall (Executor task launch worker for task 21.0 in stage 0.0 (TID 21)) 3.007ms
[107.861s][info][gc          ] Allocation Stall (Executor task launch worker for task 13.0 in stage 0.0 (TID 13)) 0.443ms
[107.861s][info][gc          ] Allocation Stall (Executor task launch worker for task 38.0 in stage 0.0 (TID 38)) 0.462ms
[107.861s][info][gc          ] Allocation Stall (Executor task launch worker for task 32.0 in stage 0.0 (TID 32)) 0.491ms
[107.861s][info][gc          ] Allocation Stall (Executor task launch worker for task 22.0 in stage 0.0 (TID 22)) 0.528ms
[107.861s][info][gc          ] Allocation Stall (Executor task launch worker for task 37.0 in stage 0.0 (TID 37)) 14.733ms
[107.861s][info][gc          ] Allocation Stall (Executor task launch worker for task 1.0 in stage 0.0 (TID 1)) 0.563ms
[107.861s][info][gc          ] Allocation Stall (Executor task launch worker for task 11.0 in stage 0.0 (TID 11)) 0.641ms
[107.861s][info][gc          ] Allocation Stall (Executor task launch worker for task 14.0 in stage 0.0 (TID 14)) 0.668ms
[107.861s][info][gc          ] Allocation Stall (Executor task launch worker for task 40.0 in stage 0.0 (TID 40)) 0.722ms
[107.861s][info][gc          ] Allocation Stall (Executor task launch worker for task 27.0 in stage 0.0 (TID 27)) 0.751ms
[107.861s][info][gc          ] Allocation Stall (Executor task launch worker for task 42.0 in stage 0.0 (TID 42)) 0.787ms
[107.861s][info][gc          ] Allocation Stall (Executor task launch worker for task 28.0 in stage 0.0 (TID 28)) 0.831ms
[107.861s][info][gc          ] Allocation Stall (Executor task launch worker for task 12.0 in stage 0.0 (TID 12)) 0.877ms
[107.861s][info][gc          ] Allocation Stall (Executor task launch worker for task 36.0 in stage 0.0 (TID 36)) 0.955ms
[107.861s][info][gc          ] Allocation Stall (Executor task launch worker for task 10.0 in stage 0.0 (TID 10)) 1.008ms
[107.861s][info][gc          ] Allocation Stall (Executor task launch worker for task 33.0 in stage 0.0 (TID 33)) 1.037ms
[107.861s][info][gc          ] Allocation Stall (Executor task launch worker for task 43.0 in stage 0.0 (TID 43)) 1.057ms
[107.861s][info][gc          ] Allocation Stall (Executor task launch worker for task 7.0 in stage 0.0 (TID 7)) 1.127ms
[107.861s][info][gc          ] Allocation Stall (Executor task launch worker for task 19.0 in stage 0.0 (TID 19)) 1.156ms
[107.862s][info][gc          ] Allocation Stall (Executor task launch worker for task 24.0 in stage 0.0 (TID 24)) 1.202ms
[107.901s][info][gc,phases   ] GC(88) Concurrent Mark 40.320ms
[107.901s][info][gc,phases   ] GC(88) Pause Mark End 0.017ms
[107.901s][info][gc,phases   ] GC(88) Concurrent Mark Free 0.001ms
[107.902s][info][gc,phases   ] GC(88) Concurrent Process Non-Strong References 0.869ms
[107.902s][info][gc,phases   ] GC(88) Concurrent Reset Relocation Set 0.007ms
[107.904s][info][gc          ] Allocation Stall (Executor task launch worker for task 19.0 in stage 0.0 (TID 19)) 29.403ms
[107.904s][info][gc          ] Allocation Stall (Executor task launch worker for task 37.0 in stage 0.0 (TID 37)) 29.113ms
[107.904s][info][gc          ] Allocation Stall (Executor task launch worker for task 25.0 in stage 0.0 (TID 25)) 27.399ms
[107.904s][info][gc          ] Allocation Stall (Executor task launch worker for task 4.0 in stage 0.0 (TID 4)) 42.927ms
[107.904s][info][gc          ] Allocation Stall (Executor task launch worker for task 26.0 in stage 0.0 (TID 26)) 29.017ms
[107.904s][info][gc          ] Allocation Stall (Executor task launch worker for task 8.0 in stage 0.0 (TID 8)) 27.729ms
[107.904s][info][gc          ] Allocation Stall (Executor task launch worker for task 35.0 in stage 0.0 (TID 35)) 27.380ms
[107.904s][info][gc          ] Allocation Stall (Executor task launch worker for task 47.0 in stage 0.0 (TID 47)) 27.699ms
[107.904s][info][gc          ] Allocation Stall (Executor task launch worker for task 38.0 in stage 0.0 (TID 38)) 27.206ms
[107.904s][info][gc          ] Allocation Stall (Executor task launch worker for task 15.0 in stage 0.0 (TID 15)) 28.647ms
[107.904s][info][gc          ] Allocation Stall (Executor task launch worker for task 18.0 in stage 0.0 (TID 18)) 27.824ms
[107.904s][info][gc          ] Allocation Stall (Executor task launch worker for task 30.0 in stage 0.0 (TID 30)) 27.262ms
[107.904s][info][gc          ] Allocation Stall (Executor task launch worker for task 32.0 in stage 0.0 (TID 32)) 38.107ms
[107.904s][info][gc          ] Allocation Stall (Executor task launch worker for task 45.0 in stage 0.0 (TID 45)) 28.310ms
[107.904s][info][gc          ] Allocation Stall (Executor task launch worker for task 41.0 in stage 0.0 (TID 41)) 27.746ms
[107.904s][info][gc          ] Allocation Stall (Executor task launch worker for task 0.0 in stage 0.0 (TID 0)) 27.547ms
[107.904s][info][gc          ] Allocation Stall (Executor task launch worker for task 5.0 in stage 0.0 (TID 5)) 27.234ms
[107.904s][info][gc          ] Allocation Stall (Executor task launch worker for task 36.0 in stage 0.0 (TID 36)) 27.236ms
[107.904s][info][gc,phases   ] GC(88) Concurrent Select Relocation Set 2.427ms
[107.904s][info][gc          ] Allocation Stall (Executor task launch worker for task 10.0 in stage 0.0 (TID 10)) 27.246ms
[107.904s][info][gc          ] Allocation Stall (Executor task launch worker for task 29.0 in stage 0.0 (TID 29)) 27.248ms
[107.904s][info][gc          ] Allocation Stall (Executor task launch worker for task 21.0 in stage 0.0 (TID 21)) 27.252ms
[107.904s][info][gc          ] Allocation Stall (Executor task launch worker for task 2.0 in stage 0.0 (TID 2)) 27.274ms
[107.904s][info][gc          ] Allocation Stall (Executor task launch worker for task 27.0 in stage 0.0 (TID 27)) 27.214ms
[107.904s][info][gc          ] Allocation Stall (Executor task launch worker for task 31.0 in stage 0.0 (TID 31)) 27.269ms
[107.904s][info][gc          ] Allocation Stall (Executor task launch worker for task 34.0 in stage 0.0 (TID 34)) 27.212ms
[107.904s][info][gc          ] Allocation Stall (Executor task launch worker for task 6.0 in stage 0.0 (TID 6)) 27.219ms
[107.904s][info][gc          ] Allocation Stall (Executor task launch worker for task 14.0 in stage 0.0 (TID 14)) 27.211ms
[107.904s][info][gc          ] Allocation Stall (Executor task launch worker for task 13.0 in stage 0.0 (TID 13)) 27.118ms
[107.904s][info][gc          ] Allocation Stall (Executor task launch worker for task 9.0 in stage 0.0 (TID 9)) 27.147ms
[107.904s][info][gc          ] Allocation Stall (Executor task launch worker for task 3.0 in stage 0.0 (TID 3)) 27.117ms
[107.916s][info][gc,phases   ] GC(88) Pause Relocate Start 0.008ms
[107.916s][info][gc          ] Allocation Stall (Executor task launch worker for task 33.0 in stage 0.0 (TID 33)) 38.791ms
[107.916s][info][gc          ] Allocation Stall (Executor task launch worker for task 28.0 in stage 0.0 (TID 28)) 38.740ms
[107.916s][info][gc          ] Allocation Stall (Executor task launch worker for task 23.0 in stage 0.0 (TID 23)) 38.829ms
[107.916s][info][gc          ] Allocation Stall (Executor task launch worker for task 16.0 in stage 0.0 (TID 16)) 38.653ms
[107.916s][info][gc          ] Allocation Stall (Executor task launch worker for task 12.0 in stage 0.0 (TID 12)) 38.592ms
[107.916s][info][gc          ] Allocation Stall (Executor task launch worker for task 11.0 in stage 0.0 (TID 11)) 38.491ms
[107.916s][info][gc          ] Allocation Stall (Executor task launch worker for task 7.0 in stage 0.0 (TID 7)) 38.051ms
[107.916s][info][gc          ] Allocation Stall (Executor task launch worker for task 24.0 in stage 0.0 (TID 24)) 38.291ms
[107.916s][info][gc          ] Allocation Stall (Executor task launch worker for task 40.0 in stage 0.0 (TID 40)) 38.005ms
[107.916s][info][gc          ] Allocation Stall (Executor task launch worker for task 1.0 in stage 0.0 (TID 1)) 38.071ms
[107.916s][info][gc          ] Allocation Stall (Executor task launch worker for task 43.0 in stage 0.0 (TID 43)) 38.293ms
[107.916s][info][gc          ] Allocation Stall (Executor task launch worker for task 39.0 in stage 0.0 (TID 39)) 37.977ms
[107.916s][info][gc          ] Allocation Stall (Executor task launch worker for task 20.0 in stage 0.0 (TID 20)) 37.819ms
[107.916s][info][gc          ] Allocation Stall (Executor task launch worker for task 22.0 in stage 0.0 (TID 22)) 38.153ms
[107.916s][info][gc          ] Allocation Stall (Executor task launch worker for task 46.0 in stage 0.0 (TID 46)) 37.594ms
[107.916s][info][gc          ] Allocation Stall (Executor task launch worker for task 44.0 in stage 0.0 (TID 44)) 38.291ms
[107.916s][info][gc          ] Allocation Stall (Executor task launch worker for task 42.0 in stage 0.0 (TID 42)) 37.544ms
[107.916s][info][gc          ] Allocation Stall (Executor task launch worker for task 17.0 in stage 0.0 (TID 17)) 34.823ms
[107.916s][info][gc          ] Allocation Stall (Spark Context Cleaner) 31.536ms
[107.922s][info][gc          ] Allocation Stall (Executor task launch worker for task 21.0 in stage 0.0 (TID 21)) 0.769ms
[107.922s][info][gc          ] Allocation Stall (Executor task launch worker for task 5.0 in stage 0.0 (TID 5)) 0.931ms
[107.922s][info][gc          ] Allocation Stall (Executor task launch worker for task 23.0 in stage 0.0 (TID 23)) 0.981ms
[107.922s][info][gc          ] Allocation Stall (Executor task launch worker for task 28.0 in stage 0.0 (TID 28)) 1.020ms
[107.922s][info][gc          ] Allocation Stall (Executor task launch worker for task 44.0 in stage 0.0 (TID 44)) 1.039ms
[107.922s][info][gc          ] Allocation Stall (Executor task launch worker for task 25.0 in stage 0.0 (TID 25)) 1.060ms
[107.923s][info][gc          ] Allocation Stall (Executor task launch worker for task 15.0 in stage 0.0 (TID 15)) 1.094ms
[107.923s][info][gc          ] Allocation Stall (Executor task launch worker for task 37.0 in stage 0.0 (TID 37)) 1.183ms
[107.923s][info][gc          ] Allocation Stall (Executor task launch worker for task 31.0 in stage 0.0 (TID 31)) 1.248ms
[107.924s][info][gc          ] Allocation Stall (Executor task launch worker for task 18.0 in stage 0.0 (TID 18)) 2.572ms
[107.924s][info][gc          ] Allocation Stall (Executor task launch worker for task 22.0 in stage 0.0 (TID 22)) 2.545ms
[107.924s][info][gc          ] Allocation Stall (Executor task launch worker for task 24.0 in stage 0.0 (TID 24)) 2.681ms
[107.924s][info][gc          ] Allocation Stall (Executor task launch worker for task 33.0 in stage 0.0 (TID 33)) 2.735ms
[107.924s][info][gc          ] Allocation Stall (Executor task launch worker for task 45.0 in stage 0.0 (TID 45)) 2.757ms
[107.924s][info][gc          ] Allocation Stall (Executor task launch worker for task 43.0 in stage 0.0 (TID 43)) 2.792ms
[107.924s][info][gc,phases   ] GC(88) Concurrent Relocate 8.024ms
[107.924s][info][gc          ] Allocation Stall (Executor task launch worker for task 13.0 in stage 0.0 (TID 13)) 2.778ms
[107.924s][info][gc          ] Allocation Stall (Executor task launch worker for task 19.0 in stage 0.0 (TID 19)) 2.766ms
[107.925s][info][gc,load     ] GC(88) Load: 0.00/0.00/0.00
[107.925s][info][gc          ] Allocation Stall (Executor task launch worker for task 36.0 in stage 0.0 (TID 36)) 2.907ms
[107.925s][info][gc          ] Allocation Stall (Executor task launch worker for task 9.0 in stage 0.0 (TID 9)) 2.903ms
[107.925s][info][gc,mmu      ] GC(88) MMU: 2ms/94.2%, 5ms/97.7%, 10ms/98.8%, 20ms/99.3%, 50ms/99.7%, 100ms/99.8%
[107.925s][info][gc          ] Allocation Stall (Executor task launch worker for task 29.0 in stage 0.0 (TID 29)) 2.912ms
[107.925s][info][gc          ] Allocation Stall (Executor task launch worker for task 38.0 in stage 0.0 (TID 38)) 2.741ms
[107.925s][info][gc,marking  ] GC(88) Mark: 8 stripe(s), 2 proactive flush(es), 1 terminate flush(es), 0 completion(s), 0 continuation(s) 
[107.925s][info][gc          ] Allocation Stall (Executor task launch worker for task 12.0 in stage 0.0 (TID 12)) 2.821ms
[107.925s][info][gc          ] Allocation Stall (Executor task launch worker for task 28.0 in stage 0.0 (TID 28)) 2.258ms
[107.925s][info][gc,marking  ] GC(88) Mark Stack Usage: 32M
[107.925s][info][gc          ] Allocation Stall (Executor task launch worker for task 44.0 in stage 0.0 (TID 44)) 2.410ms
[107.925s][info][gc,nmethod  ] GC(88) NMethods: 2288 registered, 95 unregistered
[107.925s][info][gc          ] Allocation Stall (Executor task launch worker for task 2.0 in stage 0.0 (TID 2)) 2.515ms
[107.925s][info][gc,metaspace] GC(88) Metaspace: 112M used, 124M committed, 1152M reserved
[107.925s][info][gc          ] Allocation Stall (Executor task launch worker for task 6.0 in stage 0.0 (TID 6)) 2.448ms
[107.925s][info][gc,ref      ] GC(88) Soft: 2800 encountered, 2003 discovered, 0 enqueued
[107.925s][info][gc          ] Allocation Stall (Executor task launch worker for task 23.0 in stage 0.0 (TID 23)) 2.496ms
[107.926s][info][gc,ref      ] GC(88) Weak: 12969 encountered, 2521 discovered, 0 enqueued
[107.926s][info][gc          ] Allocation Stall (Executor task launch worker for task 37.0 in stage 0.0 (TID 37)) 2.529ms
[107.926s][info][gc,ref      ] GC(88) Final: 62 encountered, 2 discovered, 0 enqueued
[107.926s][info][gc,ref      ] GC(88) Phantom: 750 encountered, 556 discovered, 0 enqueued
[107.926s][info][gc,reloc    ] GC(88) Small Pages: 100 / 200M, Empty: 60M, Relocated: 4M, In-Place: 0
[107.926s][info][gc,reloc    ] GC(88) Medium Pages: 18 / 576M, Empty: 0M, Relocated: 0M, In-Place: 0
[107.926s][info][gc,reloc    ] GC(88) Large Pages: 28 / 224M, Empty: 32M, Relocated: 0M, In-Place: 0
[107.926s][info][gc,reloc    ] GC(88) Forwarding Usage: 0M
[107.926s][info][gc,heap     ] GC(88) Min Capacity: 8M(1%)
[107.926s][info][gc,heap     ] GC(88) Max Capacity: 1024M(100%)
[107.926s][info][gc,heap     ] GC(88) Soft Max Capacity: 1024M(100%)
[107.926s][info][gc,heap     ] GC(88)                Mark Start          Mark End        Relocate Start      Relocate End           High               Low         
[107.926s][info][gc,heap     ] GC(88)  Capacity:     1024M (100%)       1024M (100%)       1024M (100%)       1024M (100%)       1024M (100%)       1024M (100%)   
[107.926s][info][gc,heap     ] GC(88)      Free:        0M (0%)            0M (0%)           14M (1%)            0M (0%)           92M (9%)            0M (0%)     
[107.926s][info][gc,heap     ] GC(88)      Used:     1024M (100%)       1024M (100%)       1010M (99%)        1024M (100%)       1024M (100%)        932M (91%)    
[107.926s][info][gc,heap     ] GC(88)      Live:         -               740M (72%)         740M (72%)         740M (72%)            -                  -          
[107.926s][info][gc,heap     ] GC(88) Allocated:         -                 0M (0%)           78M (8%)          144M (14%)            -                  -          
[107.926s][info][gc,heap     ] GC(88)   Garbage:         -               283M (28%)         191M (19%)         138M (14%)            -                  -          
[107.926s][info][gc,heap     ] GC(88) Reclaimed:         -                  -                92M (9%)          144M (14%)            -                  -          
[107.926s][info][gc          ] GC(88) Garbage Collection (Allocation Stall) 1024M(100%)->1024M(100%)
[107.926s][info][gc,start    ] GC(89) Garbage Collection (Allocation Stall)
[107.926s][info][gc,ref      ] GC(89) Clearing All SoftReferences
[107.926s][info][gc,task     ] GC(89) Using 10 workers
[107.927s][info][gc,ref      ] GC(89) Clearing All SoftReferences
[107.927s][info][gc,phases   ] GC(89) Pause Mark Start 0.044ms
[107.927s][info][gc          ] Allocation Stall (Executor task launch worker for task 2.0 in stage 0.0 (TID 2)) 1.768ms
[107.927s][info][gc          ] Allocation Stall (Executor task launch worker for task 23.0 in stage 0.0 (TID 23)) 1.079ms
[107.927s][info][gc          ] Allocation Stall (Executor task launch worker for task 6.0 in stage 0.0 (TID 6)) 1.720ms
[107.927s][info][gc          ] Allocation Stall (Executor task launch worker for task 12.0 in stage 0.0 (TID 12)) 1.810ms
[107.927s][info][gc          ] Allocation Stall (Executor task launch worker for task 28.0 in stage 0.0 (TID 28)) 0.991ms
[107.927s][info][gc          ] Allocation Stall (Executor task launch worker for task 10.0 in stage 0.0 (TID 10)) 2.536ms
[107.927s][info][gc          ] Allocation Stall (Executor task launch worker for task 27.0 in stage 0.0 (TID 27)) 4.248ms
[107.928s][info][gc          ] Allocation Stall (Executor task launch worker for task 44.0 in stage 0.0 (TID 44)) 1.168ms
[107.928s][info][gc          ] Allocation Stall (Executor task launch worker for task 8.0 in stage 0.0 (TID 8)) 0.222ms
[107.928s][info][gc          ] Allocation Stall (Executor task launch worker for task 32.0 in stage 0.0 (TID 32)) 0.197ms
[107.928s][info][gc          ] Allocation Stall (Executor task launch worker for task 31.0 in stage 0.0 (TID 31)) 0.248ms
[107.928s][info][gc          ] Allocation Stall (Executor task launch worker for task 11.0 in stage 0.0 (TID 11)) 0.357ms
[107.928s][info][gc          ] Allocation Stall (Executor task launch worker for task 41.0 in stage 0.0 (TID 41)) 0.401ms
[107.928s][info][gc          ] Allocation Stall (Executor task launch worker for task 43.0 in stage 0.0 (TID 43)) 0.461ms
[107.928s][info][gc          ] Allocation Stall (Executor task launch worker for task 9.0 in stage 0.0 (TID 9)) 0.484ms
[107.928s][info][gc          ] Allocation Stall (Executor task launch worker for task 35.0 in stage 0.0 (TID 35)) 0.572ms
[107.928s][info][gc          ] Allocation Stall (Executor task launch worker for task 15.0 in stage 0.0 (TID 15)) 0.612ms
[107.928s][info][gc          ] Allocation Stall (Executor task launch worker for task 42.0 in stage 0.0 (TID 42)) 0.481ms
[107.928s][info][gc          ] Allocation Stall (Executor task launch worker for task 0.0 in stage 0.0 (TID 0)) 0.199ms
[107.963s][info][gc,phases   ] GC(89) Concurrent Mark 35.522ms
[107.963s][info][gc,phases   ] GC(89) Pause Mark End 0.014ms
[107.963s][info][gc,phases   ] GC(89) Concurrent Mark Free 0.001ms
[107.964s][info][gc,phases   ] GC(89) Concurrent Process Non-Strong References 0.820ms
[107.964s][info][gc,phases   ] GC(89) Concurrent Reset Relocation Set 0.006ms
[107.967s][info][gc          ] Allocation Stall (Executor task launch worker for task 24.0 in stage 0.0 (TID 24)) 24.056ms
[107.967s][info][gc          ] Allocation Stall (Executor task launch worker for task 27.0 in stage 0.0 (TID 27)) 24.739ms
[107.967s][info][gc          ] Allocation Stall (Executor task launch worker for task 32.0 in stage 0.0 (TID 32)) 24.867ms
[107.967s][info][gc          ] Allocation Stall (Executor task launch worker for task 20.0 in stage 0.0 (TID 20)) 24.776ms
[107.967s][info][gc          ] Allocation Stall (Executor task launch worker for task 8.0 in stage 0.0 (TID 8)) 24.239ms
[107.967s][info][gc          ] Allocation Stall (Executor task launch worker for task 44.0 in stage 0.0 (TID 44)) 26.148ms
[107.967s][info][gc          ] Allocation Stall (Executor task launch worker for task 37.0 in stage 0.0 (TID 37)) 24.431ms
[107.967s][info][gc          ] Allocation Stall (Executor task launch worker for task 10.0 in stage 0.0 (TID 10)) 24.021ms
[107.967s][info][gc          ] Allocation Stall (Executor task launch worker for task 25.0 in stage 0.0 (TID 25)) 25.967ms
[107.967s][info][gc          ] Allocation Stall (Executor task launch worker for task 29.0 in stage 0.0 (TID 29)) 24.900ms
[107.967s][info][gc          ] Allocation Stall (Executor task launch worker for task 35.0 in stage 0.0 (TID 35)) 25.817ms
[107.967s][info][gc          ] Allocation Stall (Executor task launch worker for task 19.0 in stage 0.0 (TID 19)) 26.056ms
[107.967s][info][gc          ] Allocation Stall (Executor task launch worker for task 15.0 in stage 0.0 (TID 15)) 25.036ms
[107.967s][info][gc          ] Allocation Stall (Executor task launch worker for task 43.0 in stage 0.0 (TID 43)) 25.701ms
[107.967s][info][gc          ] Allocation Stall (Executor task launch worker for task 40.0 in stage 0.0 (TID 40)) 24.701ms
[107.967s][info][gc          ] Allocation Stall (Executor task launch worker for task 23.0 in stage 0.0 (TID 23)) 25.387ms
[107.967s][info][gc          ] Allocation Stall (Executor task launch worker for task 33.0 in stage 0.0 (TID 33)) 24.174ms
[107.967s][info][gc          ] Allocation Stall (Executor task launch worker for task 11.0 in stage 0.0 (TID 11)) 24.109ms
[107.967s][info][gc          ] Allocation Stall (Executor task launch worker for task 47.0 in stage 0.0 (TID 47)) 24.401ms
[107.967s][info][gc          ] Allocation Stall (Executor task launch worker for task 0.0 in stage 0.0 (TID 0)) 27.623ms
[107.967s][info][gc          ] Allocation Stall (Executor task launch worker for task 42.0 in stage 0.0 (TID 42)) 25.446ms
[107.967s][info][gc          ] Allocation Stall (Executor task launch worker for task 6.0 in stage 0.0 (TID 6)) 27.726ms
[107.967s][info][gc          ] Allocation Stall (Executor task launch worker for task 13.0 in stage 0.0 (TID 13)) 27.623ms
[107.967s][info][gc          ] Allocation Stall (Executor task launch worker for task 2.0 in stage 0.0 (TID 2)) 27.355ms
[107.967s][info][gc          ] Allocation Stall (Executor task launch worker for task 34.0 in stage 0.0 (TID 34)) 27.118ms
[107.967s][info][gc          ] Allocation Stall (Executor task launch worker for task 39.0 in stage 0.0 (TID 39)) 27.190ms
[107.967s][info][gc          ] Allocation Stall (Executor task launch worker for task 28.0 in stage 0.0 (TID 28)) 27.012ms
[107.967s][info][gc          ] Allocation Stall (Executor task launch worker for task 7.0 in stage 0.0 (TID 7)) 27.035ms
[107.967s][info][gc          ] Allocation Stall (Executor task launch worker for task 9.0 in stage 0.0 (TID 9)) 26.276ms
[107.967s][info][gc          ] Allocation Stall (Executor task launch worker for task 12.0 in stage 0.0 (TID 12)) 23.921ms
[107.967s][info][gc          ] Allocation Stall (Executor task launch worker for task 36.0 in stage 0.0 (TID 36)) 23.823ms
[107.967s][info][gc,phases   ] GC(89) Concurrent Select Relocation Set 2.604ms
[107.967s][info][gc          ] Allocation Stall (Executor task launch worker for task 46.0 in stage 0.0 (TID 46)) 23.788ms
[107.967s][info][gc          ] Allocation Stall (Executor task launch worker for task 21.0 in stage 0.0 (TID 21)) 23.800ms
[107.967s][info][gc          ] Allocation Stall (Executor task launch worker for task 45.0 in stage 0.0 (TID 45)) 23.716ms
[107.967s][info][gc          ] Allocation Stall (Executor task launch worker for task 26.0 in stage 0.0 (TID 26)) 23.746ms
[107.967s][info][gc          ] Allocation Stall (Executor task launch worker for task 16.0 in stage 0.0 (TID 16)) 23.766ms
[107.967s][info][gc          ] Allocation Stall (Executor task launch worker for task 17.0 in stage 0.0 (TID 17)) 23.832ms
[107.967s][info][gc          ] Allocation Stall (Executor task launch worker for task 3.0 in stage 0.0 (TID 3)) 23.845ms
[107.967s][info][gc          ] Allocation Stall (Executor task launch worker for task 22.0 in stage 0.0 (TID 22)) 23.860ms
[107.967s][info][gc          ] Allocation Stall (Executor task launch worker for task 31.0 in stage 0.0 (TID 31)) 23.866ms
[107.967s][info][gc          ] Allocation Stall (Executor task launch worker for task 30.0 in stage 0.0 (TID 30)) 23.905ms
[107.967s][info][gc          ] Allocation Stall (Executor task launch worker for task 1.0 in stage 0.0 (TID 1)) 23.737ms
[107.967s][info][gc          ] Allocation Stall (Executor task launch worker for task 5.0 in stage 0.0 (TID 5)) 23.739ms
[107.967s][info][gc          ] Allocation Stall (Executor task launch worker for task 18.0 in stage 0.0 (TID 18)) 23.759ms
[107.967s][info][gc          ] Allocation Stall (Executor task launch worker for task 41.0 in stage 0.0 (TID 41)) 23.785ms
[107.967s][info][gc          ] Allocation Stall (Executor task launch worker for task 4.0 in stage 0.0 (TID 4)) 19.974ms
[107.967s][info][gc          ] Allocation Stall (Executor task launch worker for task 14.0 in stage 0.0 (TID 14)) 18.139ms
[107.967s][info][gc          ] Allocation Stall (Executor task launch worker for task 38.0 in stage 0.0 (TID 38)) 17.734ms
[107.968s][info][gc          ] Allocation Stall (Executor task launch worker for task 37.0 in stage 0.0 (TID 37)) 0.081ms
[107.968s][info][gc          ] Allocation Stall (Executor task launch worker for task 24.0 in stage 0.0 (TID 24)) 0.036ms
[107.968s][info][gc          ] Allocation Stall (Executor task launch worker for task 33.0 in stage 0.0 (TID 33)) 0.081ms
[107.968s][info][gc          ] Allocation Stall (Executor task launch worker for task 23.0 in stage 0.0 (TID 23)) 0.072ms
[107.969s][info][gc,phases   ] GC(89) Pause Relocate Start 0.006ms
[107.969s][info][gc          ] Allocation Stall (Executor task launch worker for task 34.0 in stage 0.0 (TID 34)) 0.897ms
[107.969s][info][gc          ] Allocation Stall (Executor task launch worker for task 25.0 in stage 0.0 (TID 25)) 0.991ms
[107.972s][info][gc          ] Allocation Stall (Executor task launch worker for task 14.0 in stage 0.0 (TID 14)) 3.642ms
[107.977s][info][gc          ] Relocation Stall (Executor task launch worker for task 45.0 in stage 0.0 (TID 45)) 7.211ms
[107.990s][info][gc          ] Allocation Stall (Executor task launch worker for task 4.0 in stage 0.0 (TID 4)) 20.797ms
[107.990s][info][gc          ] Allocation Stall (Executor task launch worker for task 44.0 in stage 0.0 (TID 44)) 19.481ms
[107.990s][info][gc          ] Allocation Stall (Executor task launch worker for task 21.0 in stage 0.0 (TID 21)) 12.134ms
[107.990s][info][gc          ] Allocation Stall (Executor task launch worker for task 24.0 in stage 0.0 (TID 24)) 6.457ms
[107.990s][info][gc          ] Allocation Stall (Executor task launch worker for task 18.0 in stage 0.0 (TID 18)) 4.218ms
[107.990s][info][gc          ] Allocation Stall (Executor task launch worker for task 41.0 in stage 0.0 (TID 41)) 3.583ms
[107.990s][info][gc          ] Allocation Stall (Executor task launch worker for task 2.0 in stage 0.0 (TID 2)) 3.630ms
[107.990s][info][gc          ] Allocation Stall (Executor task launch worker for task 22.0 in stage 0.0 (TID 22)) 3.745ms
[107.990s][info][gc          ] Allocation Stall (Executor task launch worker for task 13.0 in stage 0.0 (TID 13)) 3.352ms
[107.990s][info][gc          ] Allocation Stall (Executor task launch worker for task 47.0 in stage 0.0 (TID 47)) 3.853ms
[107.990s][info][gc          ] Allocation Stall (Executor task launch worker for task 1.0 in stage 0.0 (TID 1)) 4.002ms
[107.990s][info][gc          ] Allocation Stall (Executor task launch worker for task 28.0 in stage 0.0 (TID 28)) 3.433ms
[107.990s][info][gc          ] Allocation Stall (Executor task launch worker for task 6.0 in stage 0.0 (TID 6)) 4.516ms
[107.990s][info][gc          ] Allocation Stall (Executor task launch worker for task 27.0 in stage 0.0 (TID 27)) 5.028ms
[107.990s][info][gc          ] Allocation Stall (Executor task launch worker for task 12.0 in stage 0.0 (TID 12)) 3.549ms
[107.990s][info][gc          ] Allocation Stall (Executor task launch worker for task 23.0 in stage 0.0 (TID 23)) 5.015ms
[107.990s][info][gc          ] Allocation Stall (Executor task launch worker for task 10.0 in stage 0.0 (TID 10)) 4.001ms
[107.990s][info][gc          ] Allocation Stall (Executor task launch worker for task 5.0 in stage 0.0 (TID 5)) 4.945ms
[107.990s][info][gc          ] Allocation Stall (Executor task launch worker for task 33.0 in stage 0.0 (TID 33)) 4.863ms
[107.990s][info][gc          ] Allocation Stall (Executor task launch worker for task 35.0 in stage 0.0 (TID 35)) 4.641ms
[107.991s][info][gc          ] Allocation Stall (Executor task launch worker for task 7.0 in stage 0.0 (TID 7)) 3.810ms
[107.991s][info][gc          ] Allocation Stall (Executor task launch worker for task 45.0 in stage 0.0 (TID 45)) 3.839ms
[107.991s][info][gc          ] Allocation Stall (Executor task launch worker for task 26.0 in stage 0.0 (TID 26)) 3.826ms
[107.991s][info][gc          ] Allocation Stall (Executor task launch worker for task 40.0 in stage 0.0 (TID 40)) 3.706ms
[107.991s][info][gc          ] Allocation Stall (Executor task launch worker for task 34.0 in stage 0.0 (TID 34)) 3.740ms
[107.991s][info][gc          ] Allocation Stall (Executor task launch worker for task 43.0 in stage 0.0 (TID 43)) 3.756ms
[107.991s][info][gc          ] Allocation Stall (Executor task launch worker for task 36.0 in stage 0.0 (TID 36)) 3.712ms
[107.991s][info][gc          ] Allocation Stall (Executor task launch worker for task 17.0 in stage 0.0 (TID 17)) 3.590ms
[107.991s][info][gc          ] Allocation Stall (Executor task launch worker for task 20.0 in stage 0.0 (TID 20)) 3.610ms
[107.991s][info][gc          ] Allocation Stall (Executor task launch worker for task 9.0 in stage 0.0 (TID 9)) 3.518ms
[107.991s][info][gc          ] Allocation Stall (Executor task launch worker for task 16.0 in stage 0.0 (TID 16)) 3.509ms
[107.991s][info][gc          ] Allocation Stall (Executor task launch worker for task 11.0 in stage 0.0 (TID 11)) 3.520ms
[107.992s][info][gc          ] Allocation Stall (Executor task launch worker for task 46.0 in stage 0.0 (TID 46)) 3.560ms
[107.992s][info][gc          ] Allocation Stall (Executor task launch worker for task 29.0 in stage 0.0 (TID 29)) 3.588ms
[107.996s][info][gc          ] Allocation Stall (Executor task launch worker for task 37.0 in stage 0.0 (TID 37)) 8.029ms
[107.996s][info][gc          ] Allocation Stall (Executor task launch worker for task 15.0 in stage 0.0 (TID 15)) 8.062ms
[107.996s][info][gc          ] Allocation Stall (Executor task launch worker for task 42.0 in stage 0.0 (TID 42)) 8.054ms
[107.996s][info][gc          ] Allocation Stall (Executor task launch worker for task 0.0 in stage 0.0 (TID 0)) 7.996ms
[107.996s][info][gc          ] Allocation Stall (Executor task launch worker for task 19.0 in stage 0.0 (TID 19)) 7.988ms
[107.996s][info][gc          ] Allocation Stall (Executor task launch worker for task 39.0 in stage 0.0 (TID 39)) 8.014ms
[107.996s][info][gc          ] Allocation Stall (Executor task launch worker for task 31.0 in stage 0.0 (TID 31)) 8.053ms
[107.996s][info][gc          ] Allocation Stall (Executor task launch worker for task 45.0 in stage 0.0 (TID 45)) 1.802ms
[107.996s][info][gc          ] Allocation Stall (Executor task launch worker for task 2.0 in stage 0.0 (TID 2)) 1.817ms
[107.996s][info][gc          ] Allocation Stall (Executor task launch worker for task 34.0 in stage 0.0 (TID 34)) 1.538ms
[107.996s][info][gc          ] Allocation Stall (Executor task launch worker for task 40.0 in stage 0.0 (TID 40)) 1.441ms
[107.996s][info][gc          ] Allocation Stall (Executor task launch worker for task 26.0 in stage 0.0 (TID 26)) 1.293ms
[107.997s][info][gc          ] Allocation Stall (Executor task launch worker for task 36.0 in stage 0.0 (TID 36)) 1.323ms
[107.997s][info][gc          ] Allocation Stall (Executor task launch worker for task 20.0 in stage 0.0 (TID 20)) 1.326ms
[107.997s][info][gc          ] Allocation Stall (Executor task launch worker for task 17.0 in stage 0.0 (TID 17)) 1.285ms
[107.997s][info][gc          ] Allocation Stall (Executor task launch worker for task 9.0 in stage 0.0 (TID 9)) 1.038ms
[107.997s][info][gc          ] Allocation Stall (Executor task launch worker for task 44.0 in stage 0.0 (TID 44)) 1.043ms
[107.997s][info][gc          ] Allocation Stall (Executor task launch worker for task 46.0 in stage 0.0 (TID 46)) 0.899ms
[107.997s][info][gc          ] Allocation Stall (Executor task launch worker for task 16.0 in stage 0.0 (TID 16)) 0.854ms
[107.997s][info][gc          ] Allocation Stall (Executor task launch worker for task 11.0 in stage 0.0 (TID 11)) 0.857ms
[108.006s][info][gc          ] Allocation Stall (Executor task launch worker for task 36.0 in stage 0.0 (TID 36)) 2.895ms
[108.006s][info][gc          ] Allocation Stall (Executor task launch worker for task 37.0 in stage 0.0 (TID 37)) 2.808ms
[108.006s][info][gc          ] Allocation Stall (Executor task launch worker for task 15.0 in stage 0.0 (TID 15)) 2.834ms
[108.006s][info][gc          ] Allocation Stall (Executor task launch worker for task 1.0 in stage 0.0 (TID 1)) 2.699ms
[108.006s][info][gc          ] Allocation Stall (Executor task launch worker for task 2.0 in stage 0.0 (TID 2)) 2.705ms
[108.007s][info][gc          ] Allocation Stall (Executor task launch worker for task 39.0 in stage 0.0 (TID 39)) 2.891ms
[108.007s][info][gc          ] Allocation Stall (Executor task launch worker for task 45.0 in stage 0.0 (TID 45)) 2.848ms
[108.007s][info][gc          ] Allocation Stall (Executor task launch worker for task 34.0 in stage 0.0 (TID 34)) 2.805ms
[108.007s][info][gc          ] Allocation Stall (Executor task launch worker for task 43.0 in stage 0.0 (TID 43)) 2.683ms
[108.007s][info][gc          ] Allocation Stall (Executor task launch worker for task 40.0 in stage 0.0 (TID 40)) 2.727ms
[108.026s][info][gc          ] Relocation Stall (Executor task launch worker for task 25.0 in stage 0.0 (TID 25)) 51.659ms
[108.026s][info][gc          ] Relocation Stall (Executor task launch worker for task 3.0 in stage 0.0 (TID 3)) 50.353ms
[108.026s][info][gc          ] Relocation Stall (Executor task launch worker for task 32.0 in stage 0.0 (TID 32)) 55.822ms
[108.026s][info][gc          ] Relocation Stall (Executor task launch worker for task 30.0 in stage 0.0 (TID 30)) 53.914ms
[108.026s][info][gc          ] Relocation Stall (Executor task launch worker for task 8.0 in stage 0.0 (TID 8)) 55.383ms
[108.026s][info][gc          ] Allocation Stall (Executor task launch worker for task 17.0 in stage 0.0 (TID 17)) 21.654ms
[108.026s][info][gc          ] Allocation Stall (Executor task launch worker for task 7.0 in stage 0.0 (TID 7)) 20.462ms
[108.026s][info][gc          ] Allocation Stall (Executor task launch worker for task 16.0 in stage 0.0 (TID 16)) 21.286ms
[108.026s][info][gc          ] Allocation Stall (Executor task launch worker for task 44.0 in stage 0.0 (TID 44)) 20.590ms
[108.026s][info][gc          ] Allocation Stall (Executor task launch worker for task 13.0 in stage 0.0 (TID 13)) 21.214ms
[108.026s][info][gc          ] Allocation Stall (Executor task launch worker for task 35.0 in stage 0.0 (TID 35)) 20.336ms
[108.026s][info][gc          ] Allocation Stall (Executor task launch worker for task 18.0 in stage 0.0 (TID 18)) 20.973ms
[108.026s][info][gc          ] Allocation Stall (Executor task launch worker for task 21.0 in stage 0.0 (TID 21)) 21.555ms
[108.026s][info][gc          ] Allocation Stall (Executor task launch worker for task 22.0 in stage 0.0 (TID 22)) 21.052ms
[108.026s][info][gc          ] Allocation Stall (Executor task launch worker for task 2.0 in stage 0.0 (TID 2)) 19.389ms
[108.026s][info][gc          ] Allocation Stall (Executor task launch worker for task 33.0 in stage 0.0 (TID 33)) 21.459ms
[108.026s][info][gc          ] Allocation Stall (Executor task launch worker for task 47.0 in stage 0.0 (TID 47)) 20.460ms
[108.026s][info][gc          ] Allocation Stall (Executor task launch worker for task 31.0 in stage 0.0 (TID 31)) 21.674ms
[108.026s][info][gc,phases   ] GC(89) Concurrent Relocate 57.097ms
[108.026s][info][gc,load     ] GC(89) Load: 0.00/0.00/0.00
[108.026s][info][gc,mmu      ] GC(89) MMU: 2ms/94.2%, 5ms/97.7%, 10ms/98.8%, 20ms/99.3%, 50ms/99.7%, 100ms/99.8%
[108.026s][info][gc,marking  ] GC(89) Mark: 8 stripe(s), 3 proactive flush(es), 1 terminate flush(es), 0 completion(s), 0 continuation(s) 
[108.026s][info][gc,marking  ] GC(89) Mark Stack Usage: 32M
[108.026s][info][gc,nmethod  ] GC(89) NMethods: 2292 registered, 95 unregistered
[108.026s][info][gc,metaspace] GC(89) Metaspace: 112M used, 124M committed, 1152M reserved
[108.026s][info][gc,ref      ] GC(89) Soft: 2800 encountered, 243 discovered, 0 enqueued
[108.026s][info][gc,ref      ] GC(89) Weak: 12969 encountered, 1901 discovered, 0 enqueued
[108.026s][info][gc,ref      ] GC(89) Final: 62 encountered, 25 discovered, 0 enqueued
[108.026s][info][gc,ref      ] GC(89) Phantom: 750 encountered, 709 discovered, 0 enqueued
[108.026s][info][gc,reloc    ] GC(89) Small Pages: 103 / 206M, Empty: 58M, Relocated: 4M, In-Place: 5
[108.027s][info][gc,reloc    ] GC(89) Medium Pages: 19 / 608M, Empty: 0M, Relocated: 49M, In-Place: 2
[108.027s][info][gc,reloc    ] GC(89) Large Pages: 24 / 192M, Empty: 0M, Relocated: 0M, In-Place: 0
[108.027s][info][gc          ] Allocation Stall (Executor task launch worker for task 29.0 in stage 0.0 (TID 29)) 18.805ms
[108.027s][info][gc,reloc    ] GC(89) Forwarding Usage: 0M
[108.027s][info][gc          ] Allocation Stall (Executor task launch worker for task 5.0 in stage 0.0 (TID 5)) 14.775ms
[108.027s][info][gc,heap     ] GC(89) Min Capacity: 8M(1%)
[108.027s][info][gc          ] Allocation Stall (Executor task launch worker for task 9.0 in stage 0.0 (TID 9)) 14.613ms
[108.027s][info][gc,heap     ] GC(89) Max Capacity: 1024M(100%)
[108.027s][info][gc          ] Allocation Stall (Executor task launch worker for task 15.0 in stage 0.0 (TID 15)) 14.542ms
[108.027s][info][gc,heap     ] GC(89) Soft Max Capacity: 1024M(100%)
[108.027s][info][gc          ] Allocation Stall (Executor task launch worker for task 45.0 in stage 0.0 (TID 45)) 14.547ms
[108.027s][info][gc,heap     ] GC(89)                Mark Start          Mark End        Relocate Start      Relocate End           High               Low         
[108.027s][info][gc          ] Allocation Stall (Executor task launch worker for task 43.0 in stage 0.0 (TID 43)) 14.537ms
[108.027s][info][gc,heap     ] GC(89)  Capacity:     1024M (100%)       1024M (100%)       1024M (100%)       1024M (100%)       1024M (100%)       1024M (100%)   
[108.027s][info][gc,heap     ] GC(89)      Free:        2M (0%)            0M (0%)           32M (3%)            0M (0%)           58M (6%)            0M (0%)     
[108.027s][info][gc,heap     ] GC(89)      Used:     1022M (100%)       1024M (100%)        992M (97%)        1024M (100%)       1024M (100%)        966M (94%)    
[108.027s][info][gc,heap     ] GC(89)      Live:         -               751M (73%)         751M (73%)         751M (73%)            -                  -          
[108.027s][info][gc,heap     ] GC(89) Allocated:         -                 2M (0%)           28M (3%)          145M (14%)            -                  -          
[108.027s][info][gc,heap     ] GC(89)   Garbage:         -               270M (26%)         212M (21%)         127M (12%)            -                  -          
[108.027s][info][gc,heap     ] GC(89) Reclaimed:         -                  -                58M (6%)          143M (14%)            -                  -          
[108.027s][info][gc          ] GC(89) Garbage Collection (Allocation Stall) 1022M(100%)->1024M(100%)
[108.027s][info][gc,start    ] GC(90) Garbage Collection (Allocation Stall)
[108.027s][info][gc,ref      ] GC(90) Clearing All SoftReferences
[108.027s][info][gc,task     ] GC(90) Using 10 workers
[108.028s][info][gc,ref      ] GC(90) Clearing All SoftReferences
[108.028s][info][gc,phases   ] GC(90) Pause Mark Start 0.034ms
[108.028s][info][gc          ] Allocation Stall (Executor task launch worker for task 34.0 in stage 0.0 (TID 34)) 15.560ms
[108.028s][info][gc          ] Allocation Stall (Executor task launch worker for task 36.0 in stage 0.0 (TID 36)) 15.880ms
[108.028s][info][gc          ] Allocation Stall (Executor task launch worker for task 37.0 in stage 0.0 (TID 37)) 15.520ms
[108.028s][info][gc          ] Allocation Stall (Executor task launch worker for task 27.0 in stage 0.0 (TID 27)) 15.697ms
[108.028s][info][gc          ] Allocation Stall (Executor task launch worker for task 28.0 in stage 0.0 (TID 28)) 15.588ms
[108.028s][info][gc          ] Allocation Stall (Executor task launch worker for task 39.0 in stage 0.0 (TID 39)) 15.561ms
[108.028s][info][gc          ] Allocation Stall (Executor task launch worker for task 1.0 in stage 0.0 (TID 1)) 15.524ms
[108.028s][info][gc          ] Allocation Stall (Executor task launch worker for task 42.0 in stage 0.0 (TID 42)) 15.184ms
[108.028s][info][gc          ] Allocation Stall (Executor task launch worker for task 19.0 in stage 0.0 (TID 19)) 15.249ms
[108.028s][info][gc          ] Allocation Stall (Executor task launch worker for task 10.0 in stage 0.0 (TID 10)) 15.336ms
[108.028s][info][gc          ] Allocation Stall (Executor task launch worker for task 12.0 in stage 0.0 (TID 12)) 15.443ms
[108.028s][info][gc          ] Allocation Stall (Executor task launch worker for task 40.0 in stage 0.0 (TID 40)) 15.423ms
[108.029s][info][gc          ] Allocation Stall (Executor task launch worker for task 23.0 in stage 0.0 (TID 23)) 15.110ms
[108.029s][info][gc          ] Allocation Stall (Executor task launch worker for task 11.0 in stage 0.0 (TID 11)) 14.342ms
[108.029s][info][gc          ] Allocation Stall (Executor task launch worker for task 26.0 in stage 0.0 (TID 26)) 14.298ms
[108.029s][info][gc          ] Allocation Stall (Executor task launch worker for task 6.0 in stage 0.0 (TID 6)) 14.069ms
[108.029s][info][gc          ] Allocation Stall (Executor task launch worker for task 41.0 in stage 0.0 (TID 41)) 14.140ms
[108.029s][info][gc          ] Allocation Stall (Executor task launch worker for task 46.0 in stage 0.0 (TID 46)) 13.539ms
[108.029s][info][gc          ] Allocation Stall (Executor task launch worker for task 20.0 in stage 0.0 (TID 20)) 13.531ms
[108.029s][info][gc          ] Allocation Stall (Executor task launch worker for task 4.0 in stage 0.0 (TID 4)) 9.588ms
[108.029s][info][gc          ] Allocation Stall (Executor task launch worker for task 14.0 in stage 0.0 (TID 14)) 4.470ms
[108.029s][info][gc          ] Allocation Stall (Executor task launch worker for task 24.0 in stage 0.0 (TID 24)) 4.056ms
[108.029s][info][gc          ] Allocation Stall (Executor task launch worker for task 32.0 in stage 0.0 (TID 32)) 3.179ms
[108.029s][info][gc          ] Allocation Stall (Executor task launch worker for task 38.0 in stage 0.0 (TID 38)) 3.726ms
[108.029s][info][gc          ] Allocation Stall (Executor task launch worker for task 8.0 in stage 0.0 (TID 8)) 3.173ms
[108.029s][info][gc          ] Allocation Stall (Executor task launch worker for task 3.0 in stage 0.0 (TID 3)) 3.076ms
[108.029s][info][gc          ] Allocation Stall (Executor task launch worker for task 25.0 in stage 0.0 (TID 25)) 3.039ms
[108.029s][info][gc          ] Allocation Stall (Executor task launch worker for task 21.0 in stage 0.0 (TID 21)) 1.241ms
[108.029s][info][gc          ] Allocation Stall (Executor task launch worker for task 33.0 in stage 0.0 (TID 33)) 1.284ms
[108.029s][info][gc          ] Allocation Stall (Executor task launch worker for task 9.0 in stage 0.0 (TID 9)) 1.334ms
[108.030s][info][gc          ] Allocation Stall (Executor task launch worker for task 7.0 in stage 0.0 (TID 7)) 1.408ms
[108.030s][info][gc          ] Allocation Stall (Executor task launch worker for task 22.0 in stage 0.0 (TID 22)) 1.481ms
[108.057s][info][gc,phases   ] GC(90) Concurrent Mark 28.637ms
[108.057s][info][gc,phases   ] GC(90) Pause Mark End 0.014ms
[108.057s][info][gc,phases   ] GC(90) Concurrent Mark Free 0.001ms
[108.058s][info][gc,phases   ] GC(90) Concurrent Process Non-Strong References 0.836ms
[108.058s][info][gc,phases   ] GC(90) Concurrent Reset Relocation Set 0.004ms
[108.060s][info][gc          ] Allocation Stall (Executor task launch worker for task 15.0 in stage 0.0 (TID 15)) 18.334ms
[108.060s][info][gc          ] Allocation Stall (Executor task launch worker for task 17.0 in stage 0.0 (TID 17)) 18.087ms
[108.060s][info][gc          ] Allocation Stall (Executor task launch worker for task 45.0 in stage 0.0 (TID 45)) 18.610ms
[108.060s][info][gc          ] Allocation Stall (Executor task launch worker for task 11.0 in stage 0.0 (TID 11)) 18.027ms
[108.060s][info][gc          ] Allocation Stall (Executor task launch worker for task 46.0 in stage 0.0 (TID 46)) 18.121ms
[108.060s][info][gc          ] Allocation Stall (Executor task launch worker for task 25.0 in stage 0.0 (TID 25)) 17.651ms
[108.060s][info][gc          ] Allocation Stall (Executor task launch worker for task 28.0 in stage 0.0 (TID 28)) 18.459ms
[108.060s][info][gc          ] Allocation Stall (Executor task launch worker for task 33.0 in stage 0.0 (TID 33)) 18.323ms
[108.060s][info][gc          ] Allocation Stall (Executor task launch worker for task 36.0 in stage 0.0 (TID 36)) 18.012ms
[108.060s][info][gc          ] Allocation Stall (Executor task launch worker for task 5.0 in stage 0.0 (TID 5)) 17.828ms
[108.060s][info][gc          ] Allocation Stall (Executor task launch worker for task 43.0 in stage 0.0 (TID 43)) 17.980ms
[108.060s][info][gc          ] Allocation Stall (Executor task launch worker for task 35.0 in stage 0.0 (TID 35)) 18.463ms
[108.060s][info][gc          ] Allocation Stall (Executor task launch worker for task 13.0 in stage 0.0 (TID 13)) 23.127ms
[108.060s][info][gc          ] Allocation Stall (Executor task launch worker for task 12.0 in stage 0.0 (TID 12)) 18.120ms
[108.060s][info][gc          ] Allocation Stall (Executor task launch worker for task 26.0 in stage 0.0 (TID 26)) 23.070ms
[108.060s][info][gc          ] Allocation Stall (Executor task launch worker for task 1.0 in stage 0.0 (TID 1)) 23.055ms
[108.060s][info][gc          ] Allocation Stall (Executor task launch worker for task 10.0 in stage 0.0 (TID 10)) 23.052ms
[108.060s][info][gc          ] Allocation Stall (Executor task launch worker for task 24.0 in stage 0.0 (TID 24)) 23.053ms
[108.060s][info][gc          ] Allocation Stall (Executor task launch worker for task 3.0 in stage 0.0 (TID 3)) 23.042ms
[108.060s][info][gc          ] Allocation Stall (Executor task launch worker for task 30.0 in stage 0.0 (TID 30)) 22.035ms
[108.060s][info][gc          ] Allocation Stall (Executor task launch worker for task 34.0 in stage 0.0 (TID 34)) 22.026ms
[108.060s][info][gc          ] Allocation Stall (Executor task launch worker for task 9.0 in stage 0.0 (TID 9)) 22.038ms
[108.060s][info][gc          ] Allocation Stall (Executor task launch worker for task 4.0 in stage 0.0 (TID 4)) 21.860ms
[108.060s][info][gc          ] Allocation Stall (Executor task launch worker for task 47.0 in stage 0.0 (TID 47)) 21.641ms
[108.060s][info][gc          ] Allocation Stall (Executor task launch worker for task 18.0 in stage 0.0 (TID 18)) 21.978ms
[108.060s][info][gc          ] Allocation Stall (Executor task launch worker for task 44.0 in stage 0.0 (TID 44)) 21.310ms
[108.060s][info][gc          ] Allocation Stall (Executor task launch worker for task 27.0 in stage 0.0 (TID 27)) 20.650ms
[108.060s][info][gc          ] Allocation Stall (Executor task launch worker for task 20.0 in stage 0.0 (TID 20)) 21.025ms
[108.060s][info][gc          ] Allocation Stall (Executor task launch worker for task 6.0 in stage 0.0 (TID 6)) 20.303ms
[108.060s][info][gc          ] Allocation Stall (Executor task launch worker for task 38.0 in stage 0.0 (TID 38)) 20.186ms
[108.060s][info][gc          ] Allocation Stall (Executor task launch worker for task 41.0 in stage 0.0 (TID 41)) 20.047ms
[108.060s][info][gc          ] Allocation Stall (Executor task launch worker for task 31.0 in stage 0.0 (TID 31)) 19.726ms
[108.060s][info][gc          ] Allocation Stall (Executor task launch worker for task 19.0 in stage 0.0 (TID 19)) 20.531ms
[108.060s][info][gc          ] Allocation Stall (Executor task launch worker for task 7.0 in stage 0.0 (TID 7)) 19.950ms
[108.060s][info][gc,phases   ] GC(90) Concurrent Select Relocation Set 2.328ms
[108.060s][info][gc          ] Allocation Stall (Executor task launch worker for task 32.0 in stage 0.0 (TID 32)) 19.706ms
[108.060s][info][gc          ] Allocation Stall (Executor task launch worker for task 37.0 in stage 0.0 (TID 37)) 19.688ms
[108.060s][info][gc          ] Allocation Stall (Executor task launch worker for task 14.0 in stage 0.0 (TID 14)) 19.691ms
[108.060s][info][gc          ] Allocation Stall (Executor task launch worker for task 40.0 in stage 0.0 (TID 40)) 19.348ms
[108.060s][info][gc          ] Allocation Stall (Executor task launch worker for task 42.0 in stage 0.0 (TID 42)) 19.091ms
[108.060s][info][gc          ] Allocation Stall (Spark Context Cleaner) 18.987ms
[108.060s][info][gc          ] Allocation Stall (Executor task launch worker for task 39.0 in stage 0.0 (TID 39)) 18.954ms
[108.060s][info][gc          ] Allocation Stall (Executor task launch worker for task 16.0 in stage 0.0 (TID 16)) 18.918ms
[108.060s][info][gc          ] Allocation Stall (Executor task launch worker for task 8.0 in stage 0.0 (TID 8)) 18.056ms
[108.060s][info][gc          ] Allocation Stall (Executor task launch worker for task 21.0 in stage 0.0 (TID 21)) 18.026ms
[108.061s][info][gc          ] Allocation Stall (Executor task launch worker for task 23.0 in stage 0.0 (TID 23)) 17.929ms
[108.061s][info][gc          ] Allocation Stall (Executor task launch worker for task 22.0 in stage 0.0 (TID 22)) 17.365ms
[108.061s][info][gc          ] Allocation Stall (Executor task launch worker for task 29.0 in stage 0.0 (TID 29)) 17.154ms
[108.061s][info][gc          ] Allocation Stall (Executor task launch worker for task 2.0 in stage 0.0 (TID 2)) 10.173ms
[108.061s][info][gc          ] Allocation Stall (Executor task launch worker for task 0.0 in stage 0.0 (TID 0)) 9.724ms
[108.072s][info][gc,phases   ] GC(90) Pause Relocate Start 0.006ms
[108.095s][info][gc          ] Allocation Stall (Executor task launch worker for task 27.0 in stage 0.0 (TID 27)) 7.256ms
[108.096s][info][gc          ] Allocation Stall (Executor task launch worker for task 30.0 in stage 0.0 (TID 30)) 5.661ms
[108.096s][info][gc          ] Allocation Stall (Executor task launch worker for task 46.0 in stage 0.0 (TID 46)) 6.489ms
[108.096s][info][gc          ] Allocation Stall (Executor task launch worker for task 11.0 in stage 0.0 (TID 11)) 6.442ms
[108.096s][info][gc          ] Allocation Stall (Executor task launch worker for task 1.0 in stage 0.0 (TID 1)) 5.645ms
[108.096s][info][gc          ] Allocation Stall (Executor task launch worker for task 33.0 in stage 0.0 (TID 33)) 6.456ms
[108.096s][info][gc          ] Allocation Stall (Executor task launch worker for task 6.0 in stage 0.0 (TID 6)) 5.595ms
[108.096s][info][gc          ] Allocation Stall (Executor task launch worker for task 20.0 in stage 0.0 (TID 20)) 6.448ms
[108.096s][info][gc          ] Allocation Stall (Executor task launch worker for task 19.0 in stage 0.0 (TID 19)) 6.787ms
[108.096s][info][gc          ] Allocation Stall (Executor task launch worker for task 28.0 in stage 0.0 (TID 28)) 5.302ms
[108.096s][info][gc          ] Allocation Stall (Executor task launch worker for task 24.0 in stage 0.0 (TID 24)) 5.358ms
[108.096s][info][gc          ] Allocation Stall (Executor task launch worker for task 14.0 in stage 0.0 (TID 14)) 7.128ms
[108.096s][info][gc          ] Allocation Stall (Executor task launch worker for task 26.0 in stage 0.0 (TID 26)) 6.431ms
[108.096s][info][gc          ] Allocation Stall (Executor task launch worker for task 15.0 in stage 0.0 (TID 15)) 6.783ms
[108.096s][info][gc          ] Allocation Stall (Executor task launch worker for task 10.0 in stage 0.0 (TID 10)) 6.326ms
[108.096s][info][gc          ] Allocation Stall (Executor task launch worker for task 18.0 in stage 0.0 (TID 18)) 6.508ms
[108.096s][info][gc          ] Allocation Stall (Executor task launch worker for task 38.0 in stage 0.0 (TID 38)) 6.343ms
[108.096s][info][gc          ] Allocation Stall (Executor task launch worker for task 41.0 in stage 0.0 (TID 41)) 5.808ms
[108.096s][info][gc          ] Allocation Stall (Executor task launch worker for task 34.0 in stage 0.0 (TID 34)) 5.753ms
[108.096s][info][gc          ] Allocation Stall (Executor task launch worker for task 12.0 in stage 0.0 (TID 12)) 5.766ms
[108.096s][info][gc          ] Allocation Stall (Executor task launch worker for task 40.0 in stage 0.0 (TID 40)) 5.759ms
[108.096s][info][gc          ] Allocation Stall (Executor task launch worker for task 16.0 in stage 0.0 (TID 16)) 5.505ms
[108.096s][info][gc          ] Allocation Stall (Executor task launch worker for task 36.0 in stage 0.0 (TID 36)) 5.463ms
[108.096s][info][gc          ] Allocation Stall (Executor task launch worker for task 8.0 in stage 0.0 (TID 8)) 5.428ms
[108.097s][info][gc          ] Allocation Stall (Executor task launch worker for task 13.0 in stage 0.0 (TID 13)) 5.391ms
[108.097s][info][gc          ] Allocation Stall (Executor task launch worker for task 29.0 in stage 0.0 (TID 29)) 5.373ms
[108.097s][info][gc          ] Allocation Stall (Executor task launch worker for task 43.0 in stage 0.0 (TID 43)) 5.313ms
[108.097s][info][gc          ] Allocation Stall (Executor task launch worker for task 37.0 in stage 0.0 (TID 37)) 5.294ms
[108.097s][info][gc          ] Allocation Stall (Executor task launch worker for task 9.0 in stage 0.0 (TID 9)) 5.119ms
[108.097s][info][gc          ] Allocation Stall (Executor task launch worker for task 31.0 in stage 0.0 (TID 31)) 5.111ms
[108.097s][info][gc          ] Allocation Stall (Executor task launch worker for task 35.0 in stage 0.0 (TID 35)) 5.059ms
[108.097s][info][gc          ] Allocation Stall (Executor task launch worker for task 42.0 in stage 0.0 (TID 42)) 4.856ms
[108.097s][info][gc          ] Allocation Stall (Executor task launch worker for task 7.0 in stage 0.0 (TID 7)) 4.783ms
[108.097s][info][gc          ] Allocation Stall (Executor task launch worker for task 17.0 in stage 0.0 (TID 17)) 4.784ms
[108.097s][info][gc          ] Allocation Stall (Executor task launch worker for task 47.0 in stage 0.0 (TID 47)) 4.825ms
[108.097s][info][gc          ] Allocation Stall (Executor task launch worker for task 4.0 in stage 0.0 (TID 4)) 4.848ms
[108.097s][info][gc          ] Allocation Stall (Executor task launch worker for task 32.0 in stage 0.0 (TID 32)) 4.846ms
[108.097s][info][gc          ] Allocation Stall (Executor task launch worker for task 5.0 in stage 0.0 (TID 5)) 4.835ms
[108.097s][info][gc          ] Allocation Stall (Executor task launch worker for task 0.0 in stage 0.0 (TID 0)) 4.875ms
[108.097s][info][gc          ] Allocation Stall (Executor task launch worker for task 22.0 in stage 0.0 (TID 22)) 4.922ms
[108.097s][info][gc          ] Allocation Stall (Executor task launch worker for task 23.0 in stage 0.0 (TID 23)) 4.969ms
[108.097s][info][gc          ] Allocation Stall (Executor task launch worker for task 2.0 in stage 0.0 (TID 2)) 4.889ms
[108.097s][info][gc          ] Allocation Stall (Executor task launch worker for task 21.0 in stage 0.0 (TID 21)) 3.482ms
[108.107s][info][gc          ] Allocation Stall (Executor task launch worker for task 12.0 in stage 0.0 (TID 12)) 4.724ms
[108.110s][info][gc          ] Allocation Stall (Executor task launch worker for task 33.0 in stage 0.0 (TID 33)) 6.818ms
[108.110s][info][gc          ] Allocation Stall (Executor task launch worker for task 40.0 in stage 0.0 (TID 40)) 6.846ms
[108.110s][info][gc          ] Allocation Stall (Executor task launch worker for task 35.0 in stage 0.0 (TID 35)) 6.509ms
[108.110s][info][gc          ] Allocation Stall (Executor task launch worker for task 36.0 in stage 0.0 (TID 36)) 6.451ms
[108.110s][info][gc          ] Allocation Stall (Executor task launch worker for task 42.0 in stage 0.0 (TID 42)) 6.415ms
[108.110s][info][gc          ] Allocation Stall (Executor task launch worker for task 43.0 in stage 0.0 (TID 43)) 6.478ms
[108.110s][info][gc          ] Allocation Stall (Executor task launch worker for task 8.0 in stage 0.0 (TID 8)) 6.431ms
[108.110s][info][gc          ] Allocation Stall (Executor task launch worker for task 31.0 in stage 0.0 (TID 31)) 6.203ms
[108.110s][info][gc          ] Allocation Stall (Executor task launch worker for task 17.0 in stage 0.0 (TID 17)) 6.231ms
[108.110s][info][gc          ] Allocation Stall (Executor task launch worker for task 9.0 in stage 0.0 (TID 9)) 5.516ms
[108.110s][info][gc          ] Allocation Stall (Executor task launch worker for task 23.0 in stage 0.0 (TID 23)) 1.037ms
[108.111s][info][gc          ] Allocation Stall (Executor task launch worker for task 0.0 in stage 0.0 (TID 0)) 2.218ms
[108.111s][info][gc          ] Allocation Stall (Executor task launch worker for task 22.0 in stage 0.0 (TID 22)) 2.217ms
[108.111s][info][gc          ] Allocation Stall (Executor task launch worker for task 7.0 in stage 0.0 (TID 7)) 2.264ms
[108.111s][info][gc          ] Allocation Stall (Executor task launch worker for task 29.0 in stage 0.0 (TID 29)) 2.215ms
[108.130s][info][gc          ] Relocation Stall (Executor task launch worker for task 45.0 in stage 0.0 (TID 45)) 52.054ms
[108.130s][info][gc          ] Relocation Stall (Executor task launch worker for task 25.0 in stage 0.0 (TID 25)) 56.091ms
[108.130s][info][gc          ] Allocation Stall (Executor task launch worker for task 32.0 in stage 0.0 (TID 32)) 8.436ms
[108.130s][info][gc          ] Allocation Stall (Executor task launch worker for task 34.0 in stage 0.0 (TID 34)) 8.863ms
[108.130s][info][gc          ] Allocation Stall (Executor task launch worker for task 46.0 in stage 0.0 (TID 46)) 8.804ms
[108.130s][info][gc          ] Allocation Stall (Executor task launch worker for task 9.0 in stage 0.0 (TID 9)) 9.098ms
[108.130s][info][gc          ] Allocation Stall (Executor task launch worker for task 15.0 in stage 0.0 (TID 15)) 8.869ms
[108.130s][info][gc          ] Allocation Stall (Executor task launch worker for task 24.0 in stage 0.0 (TID 24)) 7.788ms
[108.130s][info][gc          ] Allocation Stall (Executor task launch worker for task 2.0 in stage 0.0 (TID 2)) 9.779ms
[108.130s][info][gc          ] Allocation Stall (Executor task launch worker for task 21.0 in stage 0.0 (TID 21)) 8.910ms
[108.130s][info][gc          ] Allocation Stall (Executor task launch worker for task 19.0 in stage 0.0 (TID 19)) 7.525ms
[108.130s][info][gc          ] Allocation Stall (Executor task launch worker for task 7.0 in stage 0.0 (TID 7)) 9.046ms
[108.130s][info][gc          ] Allocation Stall (Executor task launch worker for task 12.0 in stage 0.0 (TID 12)) 8.334ms
[108.130s][info][gc          ] Allocation Stall (Executor task launch worker for task 5.0 in stage 0.0 (TID 5)) 9.552ms
[108.130s][info][gc          ] Allocation Stall (Executor task launch worker for task 0.0 in stage 0.0 (TID 0)) 9.521ms
[108.130s][info][gc          ] Allocation Stall (Executor task launch worker for task 22.0 in stage 0.0 (TID 22)) 9.330ms
[108.130s][info][gc          ] Allocation Stall (Executor task launch worker for task 42.0 in stage 0.0 (TID 42)) 9.331ms
[108.130s][info][gc          ] Allocation Stall (Executor task launch worker for task 28.0 in stage 0.0 (TID 28)) 9.230ms
[108.131s][info][gc          ] Allocation Stall (Executor task launch worker for task 41.0 in stage 0.0 (TID 41)) 8.709ms
[108.131s][info][gc          ] Allocation Stall (Executor task launch worker for task 29.0 in stage 0.0 (TID 29)) 8.665ms
[108.131s][info][gc          ] Allocation Stall (Executor task launch worker for task 27.0 in stage 0.0 (TID 27)) 8.650ms
[108.131s][info][gc          ] Allocation Stall (Executor task launch worker for task 14.0 in stage 0.0 (TID 14)) 8.527ms
[108.131s][info][gc          ] Allocation Stall (Executor task launch worker for task 6.0 in stage 0.0 (TID 6)) 8.435ms
[108.131s][info][gc          ] Allocation Stall (Executor task launch worker for task 16.0 in stage 0.0 (TID 16)) 8.276ms
[108.131s][info][gc          ] Allocation Stall (Executor task launch worker for task 18.0 in stage 0.0 (TID 18)) 8.183ms
[108.132s][info][gc          ] Allocation Stall (Executor task launch worker for task 31.0 in stage 0.0 (TID 31)) 8.216ms
[108.132s][info][gc          ] Allocation Stall (Executor task launch worker for task 1.0 in stage 0.0 (TID 1)) 8.142ms
[108.132s][info][gc          ] Allocation Stall (Executor task launch worker for task 13.0 in stage 0.0 (TID 13)) 8.039ms
[108.132s][info][gc          ] Allocation Stall (Executor task launch worker for task 11.0 in stage 0.0 (TID 11)) 8.052ms
[108.132s][info][gc          ] Allocation Stall (Executor task launch worker for task 35.0 in stage 0.0 (TID 35)) 8.031ms
[108.132s][info][gc          ] Allocation Stall (Executor task launch worker for task 30.0 in stage 0.0 (TID 30)) 7.704ms
[108.132s][info][gc          ] Allocation Stall (Executor task launch worker for task 3.0 in stage 0.0 (TID 3)) 7.721ms
[108.132s][info][gc          ] Allocation Stall (Executor task launch worker for task 47.0 in stage 0.0 (TID 47)) 7.705ms
[108.132s][info][gc          ] Allocation Stall (Executor task launch worker for task 37.0 in stage 0.0 (TID 37)) 7.708ms
[108.132s][info][gc          ] Allocation Stall (Executor task launch worker for task 4.0 in stage 0.0 (TID 4)) 7.279ms
[108.132s][info][gc          ] Allocation Stall (Executor task launch worker for task 43.0 in stage 0.0 (TID 43)) 7.237ms
[108.132s][info][gc          ] Allocation Stall (Executor task launch worker for task 23.0 in stage 0.0 (TID 23)) 7.067ms
[108.132s][info][gc          ] Allocation Stall (Executor task launch worker for task 8.0 in stage 0.0 (TID 8)) 7.056ms
[108.132s][info][gc          ] Allocation Stall (Executor task launch worker for task 33.0 in stage 0.0 (TID 33)) 7.068ms
[108.132s][info][gc          ] Allocation Stall (Executor task launch worker for task 20.0 in stage 0.0 (TID 20)) 7.226ms
[108.132s][info][gc          ] Allocation Stall (Executor task launch worker for task 17.0 in stage 0.0 (TID 17)) 7.233ms
[108.132s][info][gc          ] Allocation Stall (Executor task launch worker for task 10.0 in stage 0.0 (TID 10)) 7.243ms
[108.132s][info][gc          ] Allocation Stall (Executor task launch worker for task 26.0 in stage 0.0 (TID 26)) 7.269ms
[108.132s][info][gc          ] Allocation Stall (Executor task launch worker for task 38.0 in stage 0.0 (TID 38)) 7.264ms
[108.132s][info][gc          ] Allocation Stall (Executor task launch worker for task 40.0 in stage 0.0 (TID 40)) 7.269ms
[108.132s][info][gc          ] Allocation Stall (Executor task launch worker for task 36.0 in stage 0.0 (TID 36)) 6.919ms
[108.132s][info][gc          ] Allocation Stall (Executor task launch worker for task 39.0 in stage 0.0 (TID 39)) 6.044ms
[108.132s][info][gc          ] Allocation Stall (Executor task launch worker for task 25.0 in stage 0.0 (TID 25)) 2.009ms
[108.133s][info][gc          ] Allocation Stall (Executor task launch worker for task 45.0 in stage 0.0 (TID 45)) 1.596ms
[108.161s][info][gc          ] Relocation Stall (Executor task launch worker for task 44.0 in stage 0.0 (TID 44)) 82.586ms
[108.161s][info][gc          ] Allocation Stall (Executor task launch worker for task 15.0 in stage 0.0 (TID 15)) 5.183ms
[108.161s][info][gc          ] Allocation Stall (Executor task launch worker for task 28.0 in stage 0.0 (TID 28)) 5.666ms
[108.161s][info][gc          ] Allocation Stall (Executor task launch worker for task 35.0 in stage 0.0 (TID 35)) 5.047ms
[108.161s][info][gc          ] Allocation Stall (Executor task launch worker for task 47.0 in stage 0.0 (TID 47)) 5.323ms
[108.161s][info][gc          ] Allocation Stall (Executor task launch worker for task 23.0 in stage 0.0 (TID 23)) 5.101ms
[108.161s][info][gc          ] Allocation Stall (Executor task launch worker for task 7.0 in stage 0.0 (TID 7)) 5.121ms
[108.161s][info][gc          ] Allocation Stall (Executor task launch worker for task 26.0 in stage 0.0 (TID 26)) 5.308ms
[108.161s][info][gc          ] Allocation Stall (Executor task launch worker for task 20.0 in stage 0.0 (TID 20)) 5.202ms
[108.161s][info][gc          ] Allocation Stall (Executor task launch worker for task 37.0 in stage 0.0 (TID 37)) 5.517ms
[108.161s][info][gc          ] Allocation Stall (Executor task launch worker for task 17.0 in stage 0.0 (TID 17)) 4.996ms
[108.161s][info][gc          ] Allocation Stall (Executor task launch worker for task 36.0 in stage 0.0 (TID 36)) 9.092ms
[108.161s][info][gc          ] Allocation Stall (Executor task launch worker for task 38.0 in stage 0.0 (TID 38)) 7.369ms
[108.161s][info][gc          ] Allocation Stall (Executor task launch worker for task 9.0 in stage 0.0 (TID 9)) 7.288ms
[108.161s][info][gc,phases   ] GC(90) Concurrent Relocate 87.027ms
[108.161s][info][gc          ] Allocation Stall (Executor task launch worker for task 31.0 in stage 0.0 (TID 31)) 5.825ms
[108.161s][info][gc          ] Allocation Stall (Executor task launch worker for task 1.0 in stage 0.0 (TID 1)) 5.782ms
[108.161s][info][gc          ] Allocation Stall (Executor task launch worker for task 21.0 in stage 0.0 (TID 21)) 5.747ms
[108.161s][info][gc,load     ] GC(90) Load: 0.00/0.00/0.00
[108.161s][info][gc,mmu      ] GC(90) MMU: 2ms/94.2%, 5ms/97.7%, 10ms/98.8%, 20ms/99.3%, 50ms/99.7%, 100ms/99.8%
[108.161s][info][gc,marking  ] GC(90) Mark: 8 stripe(s), 2 proactive flush(es), 1 terminate flush(es), 0 completion(s), 0 continuation(s) 
[108.161s][info][gc,marking  ] GC(90) Mark Stack Usage: 32M
[108.161s][info][gc,nmethod  ] GC(90) NMethods: 2290 registered, 97 unregistered
[108.161s][info][gc,metaspace] GC(90) Metaspace: 112M used, 124M committed, 1152M reserved
[108.161s][info][gc,ref      ] GC(90) Soft: 2800 encountered, 248 discovered, 0 enqueued
[108.161s][info][gc,ref      ] GC(90) Weak: 12969 encountered, 2519 discovered, 0 enqueued
[108.161s][info][gc,ref      ] GC(90) Final: 62 encountered, 35 discovered, 0 enqueued
[108.161s][info][gc,ref      ] GC(90) Phantom: 750 encountered, 520 discovered, 0 enqueued
[108.161s][info][gc,reloc    ] GC(90) Small Pages: 95 / 190M, Empty: 52M, Relocated: 3M, In-Place: 5
[108.161s][info][gc,reloc    ] GC(90) Medium Pages: 19 / 608M, Empty: 0M, Relocated: 27M, In-Place: 0
[108.161s][info][gc,reloc    ] GC(90) Large Pages: 26 / 208M, Empty: 32M, Relocated: 0M, In-Place: 0
[108.161s][info][gc,reloc    ] GC(90) Forwarding Usage: 0M
[108.161s][info][gc,heap     ] GC(90) Min Capacity: 8M(1%)
[108.161s][info][gc,heap     ] GC(90) Max Capacity: 1024M(100%)
[108.161s][info][gc,heap     ] GC(90) Soft Max Capacity: 1024M(100%)
[108.161s][info][gc,heap     ] GC(90)                Mark Start          Mark End        Relocate Start      Relocate End           High               Low         
[108.161s][info][gc,heap     ] GC(90)  Capacity:     1024M (100%)       1024M (100%)       1024M (100%)       1024M (100%)       1024M (100%)       1024M (100%)   
[108.161s][info][gc,heap     ] GC(90)      Free:        0M (0%)            0M (0%)           70M (7%)            0M (0%)           84M (8%)            0M (0%)     
[108.161s][info][gc,heap     ] GC(90)      Used:     1024M (100%)       1024M (100%)        954M (93%)        1024M (100%)       1024M (100%)        940M (92%)    
[108.161s][info][gc,heap     ] GC(90)      Live:         -               739M (72%)         739M (72%)         739M (72%)            -                  -          
[108.161s][info][gc,heap     ] GC(90) Allocated:         -                 0M (0%)           14M (1%)          165M (16%)            -                  -          
[108.161s][info][gc,heap     ] GC(90)   Garbage:         -               284M (28%)         200M (20%)         119M (12%)            -                  -          
[108.161s][info][gc,heap     ] GC(90) Reclaimed:         -                  -                84M (8%)          165M (16%)            -                  -          
[108.161s][info][gc          ] GC(90) Garbage Collection (Allocation Stall) 1024M(100%)->1024M(100%)
[108.161s][info][gc,start    ] GC(91) Garbage Collection (Allocation Stall)
[108.161s][info][gc,ref      ] GC(91) Clearing All SoftReferences
[108.161s][info][gc,task     ] GC(91) Using 10 workers
[108.166s][info][gc,ref      ] GC(91) Clearing All SoftReferences
[108.166s][info][gc,phases   ] GC(91) Pause Mark Start 0.032ms
[108.166s][info][gc          ] Allocation Stall (Executor task launch worker for task 46.0 in stage 0.0 (TID 46)) 9.516ms
[108.166s][info][gc          ] Allocation Stall (Executor task launch worker for task 32.0 in stage 0.0 (TID 32)) 10.500ms
[108.166s][info][gc          ] Allocation Stall (Executor task launch worker for task 2.0 in stage 0.0 (TID 2)) 9.571ms
[108.166s][info][gc          ] Allocation Stall (Executor task launch worker for task 0.0 in stage 0.0 (TID 0)) 9.995ms
[108.166s][info][gc          ] Allocation Stall (Executor task launch worker for task 40.0 in stage 0.0 (TID 40)) 9.840ms
[108.166s][info][gc          ] Allocation Stall (Executor task launch worker for task 19.0 in stage 0.0 (TID 19)) 9.823ms
[108.166s][info][gc          ] Allocation Stall (Executor task launch worker for task 43.0 in stage 0.0 (TID 43)) 9.598ms
[108.166s][info][gc          ] Allocation Stall (Executor task launch worker for task 3.0 in stage 0.0 (TID 3)) 9.645ms
[108.166s][info][gc          ] Allocation Stall (Executor task launch worker for task 25.0 in stage 0.0 (TID 25)) 10.362ms
[108.166s][info][gc          ] Allocation Stall (Executor task launch worker for task 30.0 in stage 0.0 (TID 30)) 9.646ms
[108.166s][info][gc          ] Allocation Stall (Executor task launch worker for task 16.0 in stage 0.0 (TID 16)) 9.797ms
[108.166s][info][gc          ] Allocation Stall (Executor task launch worker for task 12.0 in stage 0.0 (TID 12)) 10.003ms
[108.166s][info][gc          ] Allocation Stall (Executor task launch worker for task 45.0 in stage 0.0 (TID 45)) 10.346ms
[108.166s][info][gc          ] Allocation Stall (Executor task launch worker for task 11.0 in stage 0.0 (TID 11)) 9.759ms
[108.166s][info][gc          ] Allocation Stall (Executor task launch worker for task 41.0 in stage 0.0 (TID 41)) 9.546ms
[108.166s][info][gc          ] Allocation Stall (Executor task launch worker for task 42.0 in stage 0.0 (TID 42)) 9.194ms
[108.166s][info][gc          ] Allocation Stall (Executor task launch worker for task 24.0 in stage 0.0 (TID 24)) 9.232ms
[108.166s][info][gc          ] Allocation Stall (Executor task launch worker for task 6.0 in stage 0.0 (TID 6)) 9.261ms
[108.166s][info][gc          ] Allocation Stall (Executor task launch worker for task 10.0 in stage 0.0 (TID 10)) 9.033ms
[108.167s][info][gc          ] Allocation Stall (Executor task launch worker for task 8.0 in stage 0.0 (TID 8)) 9.062ms
[108.167s][info][gc          ] Allocation Stall (Executor task launch worker for task 27.0 in stage 0.0 (TID 27)) 9.070ms
[108.167s][info][gc          ] Allocation Stall (Executor task launch worker for task 5.0 in stage 0.0 (TID 5)) 9.088ms
[108.167s][info][gc          ] Allocation Stall (Executor task launch worker for task 22.0 in stage 0.0 (TID 22)) 9.113ms
[108.167s][info][gc          ] Allocation Stall (Executor task launch worker for task 39.0 in stage 0.0 (TID 39)) 9.022ms
[108.167s][info][gc          ] Allocation Stall (Executor task launch worker for task 4.0 in stage 0.0 (TID 4)) 8.875ms
[108.167s][info][gc          ] Allocation Stall (Executor task launch worker for task 14.0 in stage 0.0 (TID 14)) 8.688ms
[108.167s][info][gc          ] Allocation Stall (Executor task launch worker for task 33.0 in stage 0.0 (TID 33)) 8.662ms
[108.167s][info][gc          ] Allocation Stall (Executor task launch worker for task 34.0 in stage 0.0 (TID 34)) 8.597ms
[108.167s][info][gc          ] Allocation Stall (Executor task launch worker for task 13.0 in stage 0.0 (TID 13)) 8.574ms
[108.167s][info][gc          ] Allocation Stall (Executor task launch worker for task 18.0 in stage 0.0 (TID 18)) 8.594ms
[108.167s][info][gc          ] Allocation Stall (Executor task launch worker for task 44.0 in stage 0.0 (TID 44)) 6.144ms
[108.167s][info][gc          ] Allocation Stall (Executor task launch worker for task 37.0 in stage 0.0 (TID 37)) 0.786ms
[108.167s][info][gc          ] Allocation Stall (Executor task launch worker for task 17.0 in stage 0.0 (TID 17)) 0.814ms
[108.167s][info][gc          ] Allocation Stall (Executor task launch worker for task 1.0 in stage 0.0 (TID 1)) 0.863ms
[108.167s][info][gc          ] Allocation Stall (Executor task launch worker for task 36.0 in stage 0.0 (TID 36)) 0.889ms
[108.167s][info][gc          ] Allocation Stall (Executor task launch worker for task 15.0 in stage 0.0 (TID 15)) 0.912ms
[108.167s][info][gc          ] Allocation Stall (Executor task launch worker for task 7.0 in stage 0.0 (TID 7)) 0.934ms
[108.167s][info][gc          ] Allocation Stall (Executor task launch worker for task 35.0 in stage 0.0 (TID 35)) 1.008ms
[108.167s][info][gc          ] Allocation Stall (Executor task launch worker for task 20.0 in stage 0.0 (TID 20)) 1.036ms
[108.167s][info][gc          ] Allocation Stall (Executor task launch worker for task 28.0 in stage 0.0 (TID 28)) 1.063ms
[108.167s][info][gc          ] Allocation Stall (Executor task launch worker for task 23.0 in stage 0.0 (TID 23)) 1.096ms
[108.167s][info][gc          ] Allocation Stall (Executor task launch worker for task 26.0 in stage 0.0 (TID 26)) 1.064ms
[108.197s][info][gc,phases   ] GC(91) Concurrent Mark 31.125ms
[108.197s][info][gc,phases   ] GC(91) Pause Mark End 0.015ms
[108.197s][info][gc,phases   ] GC(91) Concurrent Mark Free 0.000ms
[108.198s][info][gc,phases   ] GC(91) Concurrent Process Non-Strong References 0.852ms
[108.198s][info][gc,phases   ] GC(91) Concurrent Reset Relocation Set 0.004ms
[108.201s][info][gc          ] Allocation Stall (Executor task launch worker for task 25.0 in stage 0.0 (TID 25)) 18.936ms
[108.201s][info][gc          ] Allocation Stall (Executor task launch worker for task 6.0 in stage 0.0 (TID 6)) 19.509ms
[108.201s][info][gc          ] Allocation Stall (Executor task launch worker for task 11.0 in stage 0.0 (TID 11)) 22.429ms
[108.201s][info][gc          ] Allocation Stall (Executor task launch worker for task 16.0 in stage 0.0 (TID 16)) 19.287ms
[108.201s][info][gc          ] Allocation Stall (Executor task launch worker for task 33.0 in stage 0.0 (TID 33)) 21.835ms
[108.201s][info][gc          ] Allocation Stall (Executor task launch worker for task 0.0 in stage 0.0 (TID 0)) 19.408ms
[108.201s][info][gc          ] Allocation Stall (Executor task launch worker for task 26.0 in stage 0.0 (TID 26)) 19.710ms
[108.201s][info][gc          ] Allocation Stall (Executor task launch worker for task 21.0 in stage 0.0 (TID 21)) 19.078ms
[108.201s][info][gc          ] Allocation Stall (Executor task launch worker for task 36.0 in stage 0.0 (TID 36)) 22.737ms
[108.201s][info][gc          ] Allocation Stall (Executor task launch worker for task 37.0 in stage 0.0 (TID 37)) 22.058ms
[108.201s][info][gc          ] Allocation Stall (Executor task launch worker for task 46.0 in stage 0.0 (TID 46)) 21.050ms
[108.201s][info][gc          ] Allocation Stall (Executor task launch worker for task 18.0 in stage 0.0 (TID 18)) 21.284ms
[108.201s][info][gc          ] Allocation Stall (Executor task launch worker for task 32.0 in stage 0.0 (TID 32)) 23.703ms
[108.201s][info][gc          ] Allocation Stall (Executor task launch worker for task 8.0 in stage 0.0 (TID 8)) 23.348ms
[108.201s][info][gc          ] Allocation Stall (Executor task launch worker for task 27.0 in stage 0.0 (TID 27)) 23.113ms
[108.201s][info][gc          ] Allocation Stall (Executor task launch worker for task 45.0 in stage 0.0 (TID 45)) 23.704ms
[108.201s][info][gc          ] Allocation Stall (Executor task launch worker for task 10.0 in stage 0.0 (TID 10)) 23.475ms
[108.201s][info][gc          ] Allocation Stall (Executor task launch worker for task 31.0 in stage 0.0 (TID 31)) 19.032ms
[108.201s][info][gc          ] Allocation Stall (Executor task launch worker for task 17.0 in stage 0.0 (TID 17)) 20.633ms
[108.201s][info][gc          ] Allocation Stall (Executor task launch worker for task 34.0 in stage 0.0 (TID 34)) 21.971ms
[108.201s][info][gc          ] Allocation Stall (Executor task launch worker for task 1.0 in stage 0.0 (TID 1)) 23.258ms
[108.201s][info][gc          ] Allocation Stall (Executor task launch worker for task 12.0 in stage 0.0 (TID 12)) 23.725ms
[108.201s][info][gc          ] Allocation Stall (Executor task launch worker for task 47.0 in stage 0.0 (TID 47)) 21.201ms
[108.201s][info][gc          ] Allocation Stall (Executor task launch worker for task 30.0 in stage 0.0 (TID 30)) 20.657ms
[108.201s][info][gc          ] Allocation Stall (Executor task launch worker for task 5.0 in stage 0.0 (TID 5)) 19.183ms
[108.201s][info][gc          ] Allocation Stall (Executor task launch worker for task 19.0 in stage 0.0 (TID 19)) 19.788ms
[108.201s][info][gc          ] Allocation Stall (Executor task launch worker for task 3.0 in stage 0.0 (TID 3)) 19.003ms
[108.201s][info][gc,phases   ] GC(91) Concurrent Select Relocation Set 2.256ms
[108.201s][info][gc          ] Allocation Stall (Executor task launch worker for task 9.0 in stage 0.0 (TID 9)) 18.958ms
[108.201s][info][gc          ] Allocation Stall (Executor task launch worker for task 13.0 in stage 0.0 (TID 13)) 18.920ms
[108.201s][info][gc          ] Allocation Stall (Spark Context Cleaner) 18.939ms
[108.201s][info][gc          ] Allocation Stall (Executor task launch worker for task 2.0 in stage 0.0 (TID 2)) 18.595ms
[108.201s][info][gc          ] Allocation Stall (Executor task launch worker for task 15.0 in stage 0.0 (TID 15)) 18.542ms
[108.201s][info][gc          ] Allocation Stall (Executor task launch worker for task 39.0 in stage 0.0 (TID 39)) 18.292ms
[108.201s][info][gc          ] Allocation Stall (Executor task launch worker for task 43.0 in stage 0.0 (TID 43)) 18.252ms
[108.201s][info][gc          ] Allocation Stall (Executor task launch worker for task 20.0 in stage 0.0 (TID 20)) 18.288ms
[108.201s][info][gc          ] Allocation Stall (Executor task launch worker for task 22.0 in stage 0.0 (TID 22)) 18.249ms
[108.201s][info][gc          ] Allocation Stall (Executor task launch worker for task 4.0 in stage 0.0 (TID 4)) 18.281ms
[108.201s][info][gc          ] Allocation Stall (Executor task launch worker for task 35.0 in stage 0.0 (TID 35)) 18.242ms
[108.201s][info][gc          ] Allocation Stall (Executor task launch worker for task 38.0 in stage 0.0 (TID 38)) 18.276ms
[108.201s][info][gc          ] Allocation Stall (Executor task launch worker for task 7.0 in stage 0.0 (TID 7)) 18.256ms
[108.201s][info][gc          ] Allocation Stall (Executor task launch worker for task 28.0 in stage 0.0 (TID 28)) 18.181ms
[108.201s][info][gc          ] Allocation Stall (Executor task launch worker for task 41.0 in stage 0.0 (TID 41)) 18.111ms
[108.201s][info][gc          ] Allocation Stall (Executor task launch worker for task 44.0 in stage 0.0 (TID 44)) 18.126ms
[108.201s][info][gc          ] Allocation Stall (Executor task launch worker for task 24.0 in stage 0.0 (TID 24)) 18.139ms
[108.201s][info][gc          ] Allocation Stall (Executor task launch worker for task 23.0 in stage 0.0 (TID 23)) 18.174ms
[108.201s][info][gc          ] Allocation Stall (Executor task launch worker for task 14.0 in stage 0.0 (TID 14)) 18.148ms
[108.201s][info][gc          ] Allocation Stall (Executor task launch worker for task 42.0 in stage 0.0 (TID 42)) 18.149ms
[108.201s][info][gc          ] Allocation Stall (Executor task launch worker for task 29.0 in stage 0.0 (TID 29)) 14.489ms
[108.213s][info][gc,phases   ] GC(91) Pause Relocate Start 0.006ms
[108.213s][info][gc          ] Allocation Stall (Executor task launch worker for task 40.0 in stage 0.0 (TID 40)) 23.816ms
[108.213s][info][gc          ] Allocation Stall (Executor task launch worker for task 6.0 in stage 0.0 (TID 6)) 12.110ms
[108.213s][info][gc          ] Allocation Stall (Executor task launch worker for task 33.0 in stage 0.0 (TID 33)) 12.040ms
[108.214s][info][gc          ] Relocation Stall (Executor task launch worker for task 42.0 in stage 0.0 (TID 42)) 0.198ms
[108.214s][info][gc          ] Allocation Stall (Executor task launch worker for task 18.0 in stage 0.0 (TID 18)) 0.408ms
[108.215s][info][gc          ] Relocation Stall (Executor task launch worker for task 46.0 in stage 0.0 (TID 46)) 1.506ms
[108.215s][info][gc          ] Relocation Stall (Executor task launch worker for task 13.0 in stage 0.0 (TID 13)) 1.619ms
[108.216s][info][gc          ] Relocation Stall (Executor task launch worker for task 37.0 in stage 0.0 (TID 37)) 2.246ms
[108.217s][info][gc          ] Relocation Stall (Executor task launch worker for task 45.0 in stage 0.0 (TID 45)) 3.280ms
[108.225s][info][gc          ] Relocation Stall (Executor task launch worker for task 44.0 in stage 0.0 (TID 44)) 11.471ms
[108.227s][info][gc          ] Allocation Stall (Executor task launch worker for task 38.0 in stage 0.0 (TID 38)) 1.792ms
[108.239s][info][gc          ] Allocation Stall (Executor task launch worker for task 15.0 in stage 0.0 (TID 15)) 8.900ms
[108.239s][info][gc          ] Allocation Stall (Executor task launch worker for task 2.0 in stage 0.0 (TID 2)) 8.317ms
[108.239s][info][gc          ] Allocation Stall (Executor task launch worker for task 35.0 in stage 0.0 (TID 35)) 8.611ms
[108.239s][info][gc          ] Allocation Stall (Executor task launch worker for task 0.0 in stage 0.0 (TID 0)) 8.121ms
[108.239s][info][gc          ] Allocation Stall (Executor task launch worker for task 7.0 in stage 0.0 (TID 7)) 8.859ms
[108.239s][info][gc          ] Allocation Stall (Executor task launch worker for task 42.0 in stage 0.0 (TID 42)) 8.486ms
[108.239s][info][gc          ] Allocation Stall (Executor task launch worker for task 28.0 in stage 0.0 (TID 28)) 8.449ms
[108.239s][info][gc          ] Allocation Stall (Executor task launch worker for task 19.0 in stage 0.0 (TID 19)) 8.723ms
[108.239s][info][gc          ] Allocation Stall (Executor task launch worker for task 25.0 in stage 0.0 (TID 25)) 13.312ms
[108.239s][info][gc          ] Allocation Stall (Executor task launch worker for task 32.0 in stage 0.0 (TID 32)) 14.272ms
[108.239s][info][gc          ] Allocation Stall (Executor task launch worker for task 4.0 in stage 0.0 (TID 4)) 7.956ms
[108.239s][info][gc          ] Allocation Stall (Executor task launch worker for task 13.0 in stage 0.0 (TID 13)) 14.264ms
[108.239s][info][gc          ] Allocation Stall (Executor task launch worker for task 44.0 in stage 0.0 (TID 44)) 14.026ms
[108.239s][info][gc          ] Allocation Stall (Executor task launch worker for task 31.0 in stage 0.0 (TID 31)) 14.348ms
[108.239s][info][gc          ] Allocation Stall (Executor task launch worker for task 37.0 in stage 0.0 (TID 37)) 13.438ms
[108.239s][info][gc          ] Allocation Stall (Executor task launch worker for task 10.0 in stage 0.0 (TID 10)) 14.093ms
[108.240s][info][gc          ] Relocation Stall (Executor task launch worker for task 47.0 in stage 0.0 (TID 47)) 2.584ms
[108.241s][info][gc          ] Allocation Stall (Executor task launch worker for task 45.0 in stage 0.0 (TID 45)) 9.713ms
[108.241s][info][gc          ] Allocation Stall (Executor task launch worker for task 17.0 in stage 0.0 (TID 17)) 9.453ms
[108.241s][info][gc          ] Allocation Stall (Executor task launch worker for task 34.0 in stage 0.0 (TID 34)) 9.183ms
[108.241s][info][gc          ] Allocation Stall (Executor task launch worker for task 12.0 in stage 0.0 (TID 12)) 9.146ms
[108.241s][info][gc          ] Allocation Stall (Executor task launch worker for task 11.0 in stage 0.0 (TID 11)) 9.029ms
[108.241s][info][gc          ] Allocation Stall (Executor task launch worker for task 5.0 in stage 0.0 (TID 5)) 8.826ms
[108.241s][info][gc          ] Allocation Stall (Executor task launch worker for task 16.0 in stage 0.0 (TID 16)) 8.531ms
[108.242s][info][gc          ] Allocation Stall (Executor task launch worker for task 27.0 in stage 0.0 (TID 27)) 8.499ms
[108.242s][info][gc          ] Allocation Stall (Executor task launch worker for task 38.0 in stage 0.0 (TID 38)) 8.329ms
[108.242s][info][gc          ] Allocation Stall (Executor task launch worker for task 39.0 in stage 0.0 (TID 39)) 8.099ms
[108.242s][info][gc          ] Allocation Stall (Executor task launch worker for task 30.0 in stage 0.0 (TID 30)) 7.972ms
[108.242s][info][gc          ] Allocation Stall (Executor task launch worker for task 23.0 in stage 0.0 (TID 23)) 7.638ms
[108.242s][info][gc          ] Allocation Stall (Executor task launch worker for task 18.0 in stage 0.0 (TID 18)) 6.816ms
[108.242s][info][gc          ] Allocation Stall (Executor task launch worker for task 22.0 in stage 0.0 (TID 22)) 6.832ms
[108.242s][info][gc          ] Allocation Stall (Executor task launch worker for task 40.0 in stage 0.0 (TID 40)) 6.692ms
[108.242s][info][gc          ] Allocation Stall (Executor task launch worker for task 9.0 in stage 0.0 (TID 9)) 6.482ms
[108.242s][info][gc          ] Allocation Stall (Executor task launch worker for task 1.0 in stage 0.0 (TID 1)) 6.360ms
[108.242s][info][gc          ] Allocation Stall (Executor task launch worker for task 24.0 in stage 0.0 (TID 24)) 5.825ms
[108.242s][info][gc          ] Allocation Stall (Executor task launch worker for task 8.0 in stage 0.0 (TID 8)) 5.598ms
[108.242s][info][gc          ] Allocation Stall (Executor task launch worker for task 14.0 in stage 0.0 (TID 14)) 5.588ms
[108.242s][info][gc          ] Allocation Stall (Executor task launch worker for task 43.0 in stage 0.0 (TID 43)) 5.193ms
[108.243s][info][gc          ] Allocation Stall (Executor task launch worker for task 6.0 in stage 0.0 (TID 6)) 5.977ms
[108.243s][info][gc          ] Allocation Stall (Executor task launch worker for task 41.0 in stage 0.0 (TID 41)) 4.579ms
[108.243s][info][gc          ] Allocation Stall (Executor task launch worker for task 21.0 in stage 0.0 (TID 21)) 3.848ms
[108.243s][info][gc          ] Allocation Stall (Executor task launch worker for task 3.0 in stage 0.0 (TID 3)) 2.270ms
[108.243s][info][gc          ] Allocation Stall (Executor task launch worker for task 47.0 in stage 0.0 (TID 47)) 1.939ms
[108.251s][info][gc          ] Allocation Stall (Executor task launch worker for task 14.0 in stage 0.0 (TID 14)) 2.190ms
[108.251s][info][gc          ] Allocation Stall (Executor task launch worker for task 17.0 in stage 0.0 (TID 17)) 2.237ms
[108.251s][info][gc          ] Allocation Stall (Executor task launch worker for task 1.0 in stage 0.0 (TID 1)) 2.255ms
[108.251s][info][gc          ] Allocation Stall (Executor task launch worker for task 5.0 in stage 0.0 (TID 5)) 2.139ms
[108.252s][info][gc          ] Allocation Stall (Executor task launch worker for task 18.0 in stage 0.0 (TID 18)) 2.166ms
[108.252s][info][gc          ] Allocation Stall (Executor task launch worker for task 27.0 in stage 0.0 (TID 27)) 2.206ms
[108.254s][info][gc          ] Allocation Stall (Executor task launch worker for task 9.0 in stage 0.0 (TID 9)) 4.720ms
[108.254s][info][gc          ] Allocation Stall (Executor task launch worker for task 30.0 in stage 0.0 (TID 30)) 4.547ms
[108.256s][info][gc          ] Allocation Stall (Executor task launch worker for task 22.0 in stage 0.0 (TID 22)) 6.319ms
[108.256s][info][gc          ] Allocation Stall (Executor task launch worker for task 41.0 in stage 0.0 (TID 41)) 5.460ms
[108.256s][info][gc          ] Allocation Stall (Executor task launch worker for task 6.0 in stage 0.0 (TID 6)) 5.416ms
[108.279s][info][gc          ] Allocation Stall (Executor task launch worker for task 8.0 in stage 0.0 (TID 8)) 11.428ms
[108.279s][info][gc          ] Allocation Stall (Executor task launch worker for task 10.0 in stage 0.0 (TID 10)) 7.455ms
[108.279s][info][gc          ] Allocation Stall (Executor task launch worker for task 13.0 in stage 0.0 (TID 13)) 8.155ms
[108.279s][info][gc          ] Allocation Stall (Executor task launch worker for task 19.0 in stage 0.0 (TID 19)) 7.998ms
[108.279s][info][gc          ] Allocation Stall (Executor task launch worker for task 15.0 in stage 0.0 (TID 15)) 11.494ms
[108.279s][info][gc          ] Allocation Stall (Executor task launch worker for task 39.0 in stage 0.0 (TID 39)) 7.519ms
[108.279s][info][gc          ] Allocation Stall (Executor task launch worker for task 17.0 in stage 0.0 (TID 17)) 10.560ms
[108.279s][info][gc          ] Allocation Stall (Executor task launch worker for task 23.0 in stage 0.0 (TID 23)) 11.489ms
[108.279s][info][gc          ] Allocation Stall (Executor task launch worker for task 40.0 in stage 0.0 (TID 40)) 7.376ms
[108.279s][info][gc          ] Allocation Stall (Executor task launch worker for task 38.0 in stage 0.0 (TID 38)) 7.212ms
[108.279s][info][gc          ] Allocation Stall (Executor task launch worker for task 37.0 in stage 0.0 (TID 37)) 11.457ms
[108.279s][info][gc          ] Allocation Stall (Executor task launch worker for task 1.0 in stage 0.0 (TID 1)) 10.940ms
[108.279s][info][gc          ] Allocation Stall (Executor task launch worker for task 42.0 in stage 0.0 (TID 42)) 7.118ms
[108.279s][info][gc          ] Allocation Stall (Executor task launch worker for task 34.0 in stage 0.0 (TID 34)) 11.452ms
[108.279s][info][gc,phases   ] GC(91) Concurrent Relocate 65.959ms
[108.279s][info][gc          ] Allocation Stall (Executor task launch worker for task 4.0 in stage 0.0 (TID 4)) 11.546ms
[108.279s][info][gc          ] Allocation Stall (Executor task launch worker for task 0.0 in stage 0.0 (TID 0)) 11.520ms
[108.280s][info][gc,load     ] GC(91) Load: 0.00/0.00/0.00
[108.280s][info][gc,mmu      ] GC(91) MMU: 2ms/94.2%, 5ms/97.7%, 10ms/98.8%, 20ms/99.3%, 50ms/99.7%, 100ms/99.8%
[108.280s][info][gc,marking  ] GC(91) Mark: 8 stripe(s), 2 proactive flush(es), 1 terminate flush(es), 0 completion(s), 0 continuation(s) 
[108.280s][info][gc,marking  ] GC(91) Mark Stack Usage: 32M
[108.280s][info][gc,nmethod  ] GC(91) NMethods: 2290 registered, 97 unregistered
[108.280s][info][gc,metaspace] GC(91) Metaspace: 112M used, 124M committed, 1152M reserved
[108.280s][info][gc,ref      ] GC(91) Soft: 2800 encountered, 1979 discovered, 0 enqueued
[108.280s][info][gc          ] Allocation Stall (Executor task launch worker for task 43.0 in stage 0.0 (TID 43)) 7.366ms
[108.280s][info][gc,ref      ] GC(91) Weak: 12969 encountered, 3188 discovered, 1 enqueued
[108.280s][info][gc          ] Allocation Stall (Executor task launch worker for task 28.0 in stage 0.0 (TID 28)) 7.155ms
[108.280s][info][gc,ref      ] GC(91) Final: 62 encountered, 35 discovered, 0 enqueued
[108.280s][info][gc          ] Allocation Stall (Executor task launch worker for task 21.0 in stage 0.0 (TID 21)) 7.107ms
[108.280s][info][gc,ref      ] GC(91) Phantom: 750 encountered, 567 discovered, 0 enqueued
[108.280s][info][gc          ] Allocation Stall (Executor task launch worker for task 16.0 in stage 0.0 (TID 16)) 7.041ms
[108.280s][info][gc,reloc    ] GC(91) Small Pages: 102 / 204M, Empty: 74M, Relocated: 5M, In-Place: 7
[108.280s][info][gc          ] Allocation Stall (Executor task launch worker for task 24.0 in stage 0.0 (TID 24)) 6.962ms
[108.280s][info][gc,reloc    ] GC(91) Medium Pages: 19 / 608M, Empty: 0M, Relocated: 55M, In-Place: 2
[108.280s][info][gc,reloc    ] GC(91) Large Pages: 23 / 184M, Empty: 8M, Relocated: 0M, In-Place: 0
[108.280s][info][gc,reloc    ] GC(91) Forwarding Usage: 0M
[108.280s][info][gc,heap     ] GC(91) Min Capacity: 8M(1%)
[108.280s][info][gc,heap     ] GC(91) Max Capacity: 1024M(100%)
[108.280s][info][gc,heap     ] GC(91) Soft Max Capacity: 1024M(100%)
[108.280s][info][gc,heap     ] GC(91)                Mark Start          Mark End        Relocate Start      Relocate End           High               Low         
[108.280s][info][gc,heap     ] GC(91)  Capacity:     1024M (100%)       1024M (100%)       1024M (100%)       1024M (100%)       1024M (100%)       1024M (100%)   
[108.280s][info][gc,heap     ] GC(91)      Free:        0M (0%)            0M (0%)            0M (0%)            0M (0%)           82M (8%)            0M (0%)     
[108.280s][info][gc,heap     ] GC(91)      Used:     1024M (100%)       1024M (100%)       1024M (100%)       1024M (100%)       1024M (100%)        942M (92%)    
[108.280s][info][gc,heap     ] GC(91)      Live:         -               739M (72%)         739M (72%)         739M (72%)            -                  -          
[108.280s][info][gc,heap     ] GC(91) Allocated:         -                 0M (0%)           82M (8%)          147M (14%)            -                  -          
[108.280s][info][gc,heap     ] GC(91)   Garbage:         -               284M (28%)         202M (20%)         137M (13%)            -                  -          
[108.280s][info][gc,heap     ] GC(91) Reclaimed:         -                  -                82M (8%)          147M (14%)            -                  -          
[108.280s][info][gc          ] GC(91) Garbage Collection (Allocation Stall) 1024M(100%)->1024M(100%)
[108.280s][info][gc,start    ] GC(92) Garbage Collection (Allocation Stall)
[108.280s][info][gc,ref      ] GC(92) Clearing All SoftReferences
[108.280s][info][gc,task     ] GC(92) Using 10 workers
[108.281s][info][gc,ref      ] GC(92) Clearing All SoftReferences
[108.281s][info][gc,phases   ] GC(92) Pause Mark Start 0.023ms
[108.307s][info][gc,phases   ] GC(92) Concurrent Mark 25.410ms
[108.307s][info][gc,phases   ] GC(92) Pause Mark End 0.014ms
[108.307s][info][gc,phases   ] GC(92) Concurrent Mark Free 0.001ms
[108.308s][info][gc,phases   ] GC(92) Concurrent Process Non-Strong References 0.963ms
[108.308s][info][gc,phases   ] GC(92) Concurrent Reset Relocation Set 0.005ms
[108.311s][info][gc          ] Allocation Stall (Executor task launch worker for task 32.0 in stage 0.0 (TID 32)) 36.173ms
[108.311s][info][gc          ] Allocation Stall (Executor task launch worker for task 41.0 in stage 0.0 (TID 41)) 36.194ms
[108.311s][info][gc          ] Allocation Stall (Executor task launch worker for task 6.0 in stage 0.0 (TID 6)) 36.456ms
[108.311s][info][gc          ] Allocation Stall (Executor task launch worker for task 9.0 in stage 0.0 (TID 9)) 36.616ms
[108.311s][info][gc          ] Allocation Stall (Executor task launch worker for task 27.0 in stage 0.0 (TID 27)) 36.692ms
[108.311s][info][gc          ] Allocation Stall (Executor task launch worker for task 26.0 in stage 0.0 (TID 26)) 35.982ms
[108.311s][info][gc          ] Allocation Stall (Executor task launch worker for task 3.0 in stage 0.0 (TID 3)) 36.857ms
[108.311s][info][gc          ] Allocation Stall (Executor task launch worker for task 18.0 in stage 0.0 (TID 18)) 35.912ms
[108.311s][info][gc          ] Allocation Stall (Executor task launch worker for task 11.0 in stage 0.0 (TID 11)) 37.152ms
[108.311s][info][gc          ] Allocation Stall (Executor task launch worker for task 46.0 in stage 0.0 (TID 46)) 37.362ms
[108.311s][info][gc          ] Allocation Stall (Executor task launch worker for task 47.0 in stage 0.0 (TID 47)) 36.836ms
[108.311s][info][gc          ] Allocation Stall (Executor task launch worker for task 14.0 in stage 0.0 (TID 14)) 35.596ms
[108.311s][info][gc          ] Allocation Stall (Executor task launch worker for task 12.0 in stage 0.0 (TID 12)) 35.854ms
[108.311s][info][gc          ] Allocation Stall (Executor task launch worker for task 2.0 in stage 0.0 (TID 2)) 36.804ms
[108.311s][info][gc          ] Allocation Stall (Executor task launch worker for task 35.0 in stage 0.0 (TID 35)) 37.254ms
[108.311s][info][gc          ] Allocation Stall (Executor task launch worker for task 44.0 in stage 0.0 (TID 44)) 37.308ms
[108.311s][info][gc          ] Allocation Stall (Executor task launch worker for task 25.0 in stage 0.0 (TID 25)) 36.116ms
[108.311s][info][gc          ] Allocation Stall (Executor task launch worker for task 31.0 in stage 0.0 (TID 31)) 36.478ms
[108.311s][info][gc          ] Allocation Stall (Executor task launch worker for task 30.0 in stage 0.0 (TID 30)) 35.921ms
[108.311s][info][gc          ] Allocation Stall (Executor task launch worker for task 7.0 in stage 0.0 (TID 7)) 35.798ms
[108.311s][info][gc          ] Allocation Stall (Executor task launch worker for task 45.0 in stage 0.0 (TID 45)) 37.196ms
[108.311s][info][gc          ] Allocation Stall (Executor task launch worker for task 5.0 in stage 0.0 (TID 5)) 35.629ms
[108.311s][info][gc          ] Allocation Stall (Executor task launch worker for task 22.0 in stage 0.0 (TID 22)) 36.181ms
[108.311s][info][gc,phases   ] GC(92) Concurrent Select Relocation Set 2.881ms
[108.311s][info][gc          ] Allocation Stall (Executor task launch worker for task 33.0 in stage 0.0 (TID 33)) 34.531ms
[108.322s][info][gc,phases   ] GC(92) Pause Relocate Start 0.007ms
[108.323s][info][gc          ] Allocation Stall (Executor task launch worker for task 29.0 in stage 0.0 (TID 29)) 42.737ms
[108.323s][info][gc          ] Allocation Stall (Executor task launch worker for task 20.0 in stage 0.0 (TID 20)) 45.302ms
[108.323s][info][gc          ] Allocation Stall (Executor task launch worker for task 36.0 in stage 0.0 (TID 36)) 41.232ms
[108.323s][info][gc          ] Allocation Stall (Executor task launch worker for task 43.0 in stage 0.0 (TID 43)) 33.660ms
[108.323s][info][gc          ] Allocation Stall (Executor task launch worker for task 21.0 in stage 0.0 (TID 21)) 33.925ms
[108.323s][info][gc          ] Allocation Stall (Executor task launch worker for task 42.0 in stage 0.0 (TID 42)) 34.119ms
[108.323s][info][gc          ] Allocation Stall (Executor task launch worker for task 16.0 in stage 0.0 (TID 16)) 34.053ms
[108.323s][info][gc          ] Allocation Stall (Executor task launch worker for task 1.0 in stage 0.0 (TID 1)) 33.624ms
[108.323s][info][gc          ] Allocation Stall (Executor task launch worker for task 0.0 in stage 0.0 (TID 0)) 33.527ms
[108.323s][info][gc          ] Allocation Stall (Executor task launch worker for task 19.0 in stage 0.0 (TID 19)) 34.112ms
[108.323s][info][gc          ] Allocation Stall (Executor task launch worker for task 8.0 in stage 0.0 (TID 8)) 33.373ms
[108.323s][info][gc          ] Allocation Stall (Executor task launch worker for task 4.0 in stage 0.0 (TID 4)) 33.383ms
[108.323s][info][gc          ] Allocation Stall (Executor task launch worker for task 13.0 in stage 0.0 (TID 13)) 33.779ms
[108.323s][info][gc          ] Allocation Stall (Executor task launch worker for task 37.0 in stage 0.0 (TID 37)) 38.993ms
[108.323s][info][gc          ] Allocation Stall (Executor task launch worker for task 40.0 in stage 0.0 (TID 40)) 33.416ms
[108.323s][info][gc          ] Allocation Stall (Executor task launch worker for task 10.0 in stage 0.0 (TID 10)) 33.427ms
[108.323s][info][gc          ] Allocation Stall (Executor task launch worker for task 24.0 in stage 0.0 (TID 24)) 33.444ms
[108.323s][info][gc          ] Allocation Stall (Executor task launch worker for task 17.0 in stage 0.0 (TID 17)) 33.456ms
[108.323s][info][gc          ] Allocation Stall (Executor task launch worker for task 38.0 in stage 0.0 (TID 38)) 33.448ms
[108.323s][info][gc          ] Allocation Stall (Executor task launch worker for task 28.0 in stage 0.0 (TID 28)) 33.448ms
[108.323s][info][gc          ] Allocation Stall (Executor task launch worker for task 39.0 in stage 0.0 (TID 39)) 33.577ms
[108.323s][info][gc          ] Allocation Stall (Executor task launch worker for task 34.0 in stage 0.0 (TID 34)) 33.645ms
[108.323s][info][gc          ] Allocation Stall (Executor task launch worker for task 23.0 in stage 0.0 (TID 23)) 33.638ms
[108.323s][info][gc          ] Allocation Stall (Executor task launch worker for task 26.0 in stage 0.0 (TID 26)) 0.034ms
[108.323s][info][gc          ] Allocation Stall (Executor task launch worker for task 15.0 in stage 0.0 (TID 15)) 33.651ms
[108.323s][info][gc          ] Allocation Stall (Executor task launch worker for task 18.0 in stage 0.0 (TID 18)) 0.054ms
[108.331s][info][gc,phases   ] GC(92) Concurrent Relocate 8.219ms
[108.331s][info][gc,load     ] GC(92) Load: 0.00/0.00/0.00
[108.331s][info][gc,mmu      ] GC(92) MMU: 2ms/94.2%, 5ms/97.7%, 10ms/98.8%, 20ms/99.3%, 50ms/99.7%, 100ms/99.8%
[108.331s][info][gc,marking  ] GC(92) Mark: 8 stripe(s), 2 proactive flush(es), 1 terminate flush(es), 0 completion(s), 0 continuation(s) 
[108.331s][info][gc,marking  ] GC(92) Mark Stack Usage: 32M
[108.331s][info][gc,nmethod  ] GC(92) NMethods: 2290 registered, 97 unregistered
[108.331s][info][gc,metaspace] GC(92) Metaspace: 112M used, 124M committed, 1152M reserved
[108.331s][info][gc,ref      ] GC(92) Soft: 2800 encountered, 2088 discovered, 0 enqueued
[108.331s][info][gc,ref      ] GC(92) Weak: 12968 encountered, 2113 discovered, 0 enqueued
[108.331s][info][gc,ref      ] GC(92) Final: 62 encountered, 37 discovered, 0 enqueued
[108.331s][info][gc,ref      ] GC(92) Phantom: 750 encountered, 571 discovered, 0 enqueued
[108.331s][info][gc,reloc    ] GC(92) Small Pages: 103 / 206M, Empty: 64M, Relocated: 5M, In-Place: 0
[108.331s][info][gc,reloc    ] GC(92) Medium Pages: 19 / 608M, Empty: 0M, Relocated: 0M, In-Place: 0
[108.331s][info][gc,reloc    ] GC(92) Large Pages: 23 / 184M, Empty: 32M, Relocated: 0M, In-Place: 0
[108.331s][info][gc,reloc    ] GC(92) Forwarding Usage: 0M
[108.332s][info][gc,heap     ] GC(92) Min Capacity: 8M(1%)
[108.332s][info][gc,heap     ] GC(92) Max Capacity: 1024M(100%)
[108.332s][info][gc,heap     ] GC(92) Soft Max Capacity: 1024M(100%)
[108.332s][info][gc,heap     ] GC(92)                Mark Start          Mark End        Relocate Start      Relocate End           High               Low         
[108.332s][info][gc,heap     ] GC(92)  Capacity:     1024M (100%)       1024M (100%)       1024M (100%)       1024M (100%)       1024M (100%)       1024M (100%)   
[108.332s][info][gc,heap     ] GC(92)      Free:       26M (3%)            0M (0%)           20M (2%)           32M (3%)           96M (9%)            0M (0%)     
[108.332s][info][gc,heap     ] GC(92)      Used:      998M (97%)        1024M (100%)       1004M (98%)         992M (97%)        1024M (100%)        928M (91%)    
[108.332s][info][gc,heap     ] GC(92)      Live:         -               725M (71%)         725M (71%)         725M (71%)            -                  -          
[108.332s][info][gc,heap     ] GC(92) Allocated:         -                26M (3%)          102M (10%)         143M (14%)            -                  -          
[108.332s][info][gc,heap     ] GC(92)   Garbage:         -               272M (27%)         176M (17%)         123M (12%)            -                  -          
[108.332s][info][gc,heap     ] GC(92) Reclaimed:         -                  -                96M (9%)          149M (15%)            -                  -          
[108.332s][info][gc          ] GC(92) Garbage Collection (Allocation Stall) 998M(97%)->992M(97%)
[108.332s][info][gc,start    ] GC(93) Garbage Collection (Allocation Stall)
[108.332s][info][gc,ref      ] GC(93) Clearing All SoftReferences
[108.333s][info][gc,task     ] GC(93) Using 10 workers
[108.338s][info][gc,ref      ] GC(93) Clearing All SoftReferences
[108.338s][info][gc,phases   ] GC(93) Pause Mark Start 0.063ms
[108.338s][info][gc          ] Allocation Stall (Executor task launch worker for task 3.0 in stage 0.0 (TID 3)) 5.664ms
[108.338s][info][gc          ] Allocation Stall (Executor task launch worker for task 6.0 in stage 0.0 (TID 6)) 5.759ms
[108.338s][info][gc          ] Allocation Stall (Executor task launch worker for task 22.0 in stage 0.0 (TID 22)) 5.767ms
[108.373s][info][gc          ] Allocation Stall (Executor task launch worker for task 0.0 in stage 0.0 (TID 0)) 1.077ms
[108.373s][info][gc          ] Allocation Stall (Executor task launch worker for task 40.0 in stage 0.0 (TID 40)) 1.084ms
[108.373s][info][gc          ] Allocation Stall (Executor task launch worker for task 35.0 in stage 0.0 (TID 35)) 1.029ms
[108.373s][info][gc          ] Allocation Stall (Executor task launch worker for task 8.0 in stage 0.0 (TID 8)) 0.961ms
[108.373s][info][gc          ] Allocation Stall (Executor task launch worker for task 34.0 in stage 0.0 (TID 34)) 0.879ms
[108.373s][info][gc          ] Allocation Stall (Executor task launch worker for task 29.0 in stage 0.0 (TID 29)) 0.888ms
[108.373s][info][gc          ] Allocation Stall (Executor task launch worker for task 23.0 in stage 0.0 (TID 23)) 0.739ms
[108.374s][info][gc          ] Allocation Stall (Executor task launch worker for task 14.0 in stage 0.0 (TID 14)) 1.714ms
[108.374s][info][gc          ] Allocation Stall (Executor task launch worker for task 9.0 in stage 0.0 (TID 9)) 1.758ms
[108.374s][info][gc          ] Allocation Stall (Executor task launch worker for task 37.0 in stage 0.0 (TID 37)) 1.810ms
[108.374s][info][gc          ] Allocation Stall (Executor task launch worker for task 6.0 in stage 0.0 (TID 6)) 1.728ms
[108.374s][info][gc          ] Allocation Stall (Executor task launch worker for task 39.0 in stage 0.0 (TID 39)) 1.761ms
[108.376s][info][gc          ] Allocation Stall (Executor task launch worker for task 45.0 in stage 0.0 (TID 45)) 3.131ms
[108.376s][info][gc          ] Allocation Stall (Executor task launch worker for task 42.0 in stage 0.0 (TID 42)) 2.661ms
[108.376s][info][gc          ] Allocation Stall (Executor task launch worker for task 18.0 in stage 0.0 (TID 18)) 2.707ms
[108.381s][info][gc          ] Allocation Stall (Executor task launch worker for task 22.0 in stage 0.0 (TID 22)) 5.129ms
[108.383s][info][gc          ] Allocation Stall (Executor task launch worker for task 14.0 in stage 0.0 (TID 14)) 1.893ms
[108.390s][info][gc          ] Allocation Stall (Executor task launch worker for task 27.0 in stage 0.0 (TID 27)) 7.524ms
[108.390s][info][gc          ] Allocation Stall (Executor task launch worker for task 39.0 in stage 0.0 (TID 39)) 7.523ms
[108.390s][info][gc          ] Allocation Stall (Executor task launch worker for task 42.0 in stage 0.0 (TID 42)) 6.256ms
[108.390s][info][gc          ] Allocation Stall (Executor task launch worker for task 0.0 in stage 0.0 (TID 0)) 6.130ms
[108.390s][info][gc          ] Allocation Stall (Executor task launch worker for task 18.0 in stage 0.0 (TID 18)) 6.142ms
[108.391s][info][gc          ] Allocation Stall (Executor task launch worker for task 12.0 in stage 0.0 (TID 12)) 6.125ms
[108.391s][info][gc          ] Allocation Stall (Executor task launch worker for task 26.0 in stage 0.0 (TID 26)) 6.085ms
[108.391s][info][gc          ] Allocation Stall (Executor task launch worker for task 44.0 in stage 0.0 (TID 44)) 5.649ms
[108.391s][info][gc          ] Allocation Stall (Executor task launch worker for task 8.0 in stage 0.0 (TID 8)) 5.460ms
[108.391s][info][gc          ] Allocation Stall (Executor task launch worker for task 38.0 in stage 0.0 (TID 38)) 3.790ms
[108.391s][info][gc          ] Allocation Stall (Executor task launch worker for task 6.0 in stage 0.0 (TID 6)) 3.528ms
[108.391s][info][gc          ] Allocation Stall (Executor task launch worker for task 15.0 in stage 0.0 (TID 15)) 3.268ms
[108.391s][info][gc          ] Allocation Stall (Executor task launch worker for task 14.0 in stage 0.0 (TID 14)) 3.320ms
[108.391s][info][gc          ] Allocation Stall (Executor task launch worker for task 9.0 in stage 0.0 (TID 9)) 3.306ms
[108.391s][info][gc          ] Allocation Stall (Executor task launch worker for task 37.0 in stage 0.0 (TID 37)) 3.157ms
[108.391s][info][gc          ] Allocation Stall (Executor task launch worker for task 4.0 in stage 0.0 (TID 4)) 2.905ms
[108.391s][info][gc          ] Allocation Stall (Executor task launch worker for task 17.0 in stage 0.0 (TID 17)) 2.894ms
[108.391s][info][gc          ] Allocation Stall (Executor task launch worker for task 22.0 in stage 0.0 (TID 22)) 2.894ms
[108.391s][info][gc          ] Allocation Stall (Executor task launch worker for task 45.0 in stage 0.0 (TID 45)) 2.763ms
[108.391s][info][gc          ] Allocation Stall (Executor task launch worker for task 1.0 in stage 0.0 (TID 1)) 2.744ms
[108.391s][info][gc          ] Allocation Stall (Executor task launch worker for task 2.0 in stage 0.0 (TID 2)) 2.421ms
[108.391s][info][gc          ] Allocation Stall (Executor task launch worker for task 25.0 in stage 0.0 (TID 25)) 2.403ms
[108.391s][info][gc          ] Allocation Stall (Executor task launch worker for task 7.0 in stage 0.0 (TID 7)) 2.206ms
[108.391s][info][gc          ] Allocation Stall (Executor task launch worker for task 32.0 in stage 0.0 (TID 32)) 2.078ms
[108.391s][info][gc          ] Allocation Stall (Executor task launch worker for task 10.0 in stage 0.0 (TID 10)) 1.909ms
[108.392s][info][gc          ] Allocation Stall (Executor task launch worker for task 11.0 in stage 0.0 (TID 11)) 1.939ms
[108.392s][info][gc          ] Allocation Stall (Executor task launch worker for task 35.0 in stage 0.0 (TID 35)) 1.542ms
[108.392s][info][gc          ] Allocation Stall (Executor task launch worker for task 23.0 in stage 0.0 (TID 23)) 1.492ms
[108.392s][info][gc          ] Allocation Stall (Executor task launch worker for task 29.0 in stage 0.0 (TID 29)) 1.513ms
[108.392s][info][gc          ] Allocation Stall (Executor task launch worker for task 34.0 in stage 0.0 (TID 34)) 1.550ms
[108.392s][info][gc          ] Allocation Stall (Executor task launch worker for task 3.0 in stage 0.0 (TID 3)) 1.575ms
[108.392s][info][gc          ] Allocation Stall (Executor task launch worker for task 40.0 in stage 0.0 (TID 40)) 1.580ms
[108.392s][info][gc          ] Allocation Stall (Executor task launch worker for task 21.0 in stage 0.0 (TID 21)) 1.672ms
[108.432s][info][gc,phases   ] GC(93) Concurrent Mark 93.461ms
[108.432s][info][gc,phases   ] GC(93) Pause Mark End 0.027ms
[108.432s][info][gc,phases   ] GC(93) Concurrent Mark Free 0.001ms
[108.433s][info][gc,phases   ] GC(93) Concurrent Process Non-Strong References 1.292ms
[108.433s][info][gc,phases   ] GC(93) Concurrent Reset Relocation Set 0.006ms
[108.436s][info][gc          ] Allocation Stall (Executor task launch worker for task 5.0 in stage 0.0 (TID 5)) 40.714ms
[108.436s][info][gc,phases   ] GC(93) Concurrent Select Relocation Set 2.704ms
[108.447s][info][gc,phases   ] GC(93) Pause Relocate Start 0.007ms
[108.448s][info][gc          ] Allocation Stall (Executor task launch worker for task 38.0 in stage 0.0 (TID 38)) 48.378ms
[108.448s][info][gc          ] Allocation Stall (Executor task launch worker for task 45.0 in stage 0.0 (TID 45)) 46.607ms
[108.448s][info][gc          ] Allocation Stall (Executor task launch worker for task 28.0 in stage 0.0 (TID 28)) 46.532ms
[108.448s][info][gc          ] Allocation Stall (Executor task launch worker for task 21.0 in stage 0.0 (TID 21)) 46.503ms
[108.448s][info][gc          ] Allocation Stall (Executor task launch worker for task 16.0 in stage 0.0 (TID 16)) 46.503ms
[108.448s][info][gc          ] Allocation Stall (Executor task launch worker for task 44.0 in stage 0.0 (TID 44)) 46.380ms
[108.448s][info][gc          ] Allocation Stall (Executor task launch worker for task 22.0 in stage 0.0 (TID 22)) 46.506ms
[108.448s][info][gc          ] Allocation Stall (Executor task launch worker for task 29.0 in stage 0.0 (TID 29)) 46.307ms
[108.448s][info][gc          ] Allocation Stall (Executor task launch worker for task 27.0 in stage 0.0 (TID 27)) 46.284ms
[108.448s][info][gc          ] Allocation Stall (Executor task launch worker for task 4.0 in stage 0.0 (TID 4)) 46.264ms
[108.448s][info][gc          ] Allocation Stall (Executor task launch worker for task 43.0 in stage 0.0 (TID 43)) 46.257ms
[108.448s][info][gc          ] Allocation Stall (Executor task launch worker for task 9.0 in stage 0.0 (TID 9)) 46.247ms
[108.448s][info][gc          ] Allocation Stall (Executor task launch worker for task 14.0 in stage 0.0 (TID 14)) 46.238ms
[108.448s][info][gc          ] Allocation Stall (Executor task launch worker for task 37.0 in stage 0.0 (TID 37)) 46.177ms
[108.448s][info][gc          ] Allocation Stall (Executor task launch worker for task 23.0 in stage 0.0 (TID 23)) 46.055ms
[108.448s][info][gc          ] Allocation Stall (Executor task launch worker for task 34.0 in stage 0.0 (TID 34)) 45.897ms
[108.448s][info][gc          ] Allocation Stall (Executor task launch worker for task 47.0 in stage 0.0 (TID 47)) 45.949ms
[108.448s][info][gc          ] Allocation Stall (Executor task launch worker for task 1.0 in stage 0.0 (TID 1)) 45.987ms
[108.449s][info][gc          ] Allocation Stall (Executor task launch worker for task 15.0 in stage 0.0 (TID 15)) 46.042ms
[108.449s][info][gc          ] Allocation Stall (Executor task launch worker for task 2.0 in stage 0.0 (TID 2)) 46.079ms
[108.449s][info][gc          ] Allocation Stall (Executor task launch worker for task 11.0 in stage 0.0 (TID 11)) 46.072ms
[108.449s][info][gc          ] Allocation Stall (Executor task launch worker for task 41.0 in stage 0.0 (TID 41)) 46.010ms
[108.449s][info][gc          ] Allocation Stall (Executor task launch worker for task 35.0 in stage 0.0 (TID 35)) 46.082ms
[108.449s][info][gc          ] Allocation Stall (Executor task launch worker for task 26.0 in stage 0.0 (TID 26)) 46.058ms
[108.449s][info][gc          ] Allocation Stall (Executor task launch worker for task 0.0 in stage 0.0 (TID 0)) 46.079ms
[108.449s][info][gc          ] Allocation Stall (Executor task launch worker for task 25.0 in stage 0.0 (TID 25)) 46.173ms
[108.449s][info][gc          ] Allocation Stall (Executor task launch worker for task 32.0 in stage 0.0 (TID 32)) 46.168ms
[108.450s][info][gc          ] Allocation Stall (Executor task launch worker for task 7.0 in stage 0.0 (TID 7)) 46.188ms
[108.450s][info][gc          ] Allocation Stall (Executor task launch worker for task 3.0 in stage 0.0 (TID 3)) 46.242ms
[108.450s][info][gc          ] Allocation Stall (Executor task launch worker for task 24.0 in stage 0.0 (TID 24)) 46.258ms
[108.450s][info][gc          ] Allocation Stall (Executor task launch worker for task 10.0 in stage 0.0 (TID 10)) 46.226ms
[108.450s][info][gc          ] Allocation Stall (Executor task launch worker for task 6.0 in stage 0.0 (TID 6)) 46.364ms
[108.450s][info][gc          ] Allocation Stall (Executor task launch worker for task 31.0 in stage 0.0 (TID 31)) 46.390ms
[108.450s][info][gc          ] Allocation Stall (Executor task launch worker for task 13.0 in stage 0.0 (TID 13)) 46.419ms
[108.450s][info][gc          ] Allocation Stall (Executor task launch worker for task 8.0 in stage 0.0 (TID 8)) 46.207ms
[108.450s][info][gc          ] Allocation Stall (Executor task launch worker for task 17.0 in stage 0.0 (TID 17)) 46.269ms
[108.450s][info][gc          ] Allocation Stall (Executor task launch worker for task 42.0 in stage 0.0 (TID 42)) 46.280ms
[108.450s][info][gc          ] Allocation Stall (Executor task launch worker for task 39.0 in stage 0.0 (TID 39)) 46.301ms
[108.450s][info][gc          ] Allocation Stall (Executor task launch worker for task 30.0 in stage 0.0 (TID 30)) 46.364ms
[108.451s][info][gc          ] Allocation Stall (Executor task launch worker for task 18.0 in stage 0.0 (TID 18)) 46.447ms
[108.451s][info][gc          ] Allocation Stall (Executor task launch worker for task 12.0 in stage 0.0 (TID 12)) 46.527ms
[108.451s][info][gc          ] Allocation Stall (Executor task launch worker for task 40.0 in stage 0.0 (TID 40)) 46.630ms
[108.451s][info][gc          ] Allocation Stall (Executor task launch worker for task 19.0 in stage 0.0 (TID 19)) 46.418ms
[108.458s][info][gc          ] Allocation Stall (Executor task launch worker for task 7.0 in stage 0.0 (TID 7)) 5.404ms
[108.458s][info][gc          ] Allocation Stall (Executor task launch worker for task 2.0 in stage 0.0 (TID 2)) 5.361ms
[108.458s][info][gc          ] Allocation Stall (Executor task launch worker for task 22.0 in stage 0.0 (TID 22)) 5.982ms
[108.458s][info][gc          ] Allocation Stall (Executor task launch worker for task 27.0 in stage 0.0 (TID 27)) 7.968ms
[108.458s][info][gc          ] Allocation Stall (Executor task launch worker for task 37.0 in stage 0.0 (TID 37)) 5.988ms
[108.458s][info][gc          ] Allocation Stall (Executor task launch worker for task 34.0 in stage 0.0 (TID 34)) 5.861ms
[108.458s][info][gc          ] Allocation Stall (Executor task launch worker for task 36.0 in stage 0.0 (TID 36)) 50.351ms
[108.458s][info][gc          ] Allocation Stall (Executor task launch worker for task 29.0 in stage 0.0 (TID 29)) 8.524ms
[108.458s][info][gc          ] Allocation Stall (Executor task launch worker for task 42.0 in stage 0.0 (TID 42)) 4.773ms
[108.458s][info][gc          ] Allocation Stall (Executor task launch worker for task 33.0 in stage 0.0 (TID 33)) 50.438ms
[108.458s][info][gc          ] Allocation Stall (Executor task launch worker for task 11.0 in stage 0.0 (TID 11)) 4.788ms
[108.458s][info][gc          ] Allocation Stall (Executor task launch worker for task 20.0 in stage 0.0 (TID 20)) 50.724ms
[108.458s][info][gc          ] Allocation Stall (Executor task launch worker for task 46.0 in stage 0.0 (TID 46)) 50.533ms
[108.458s][info][gc          ] Allocation Stall (Executor task launch worker for task 6.0 in stage 0.0 (TID 6)) 5.965ms
[108.458s][info][gc          ] Allocation Stall (Executor task launch worker for task 47.0 in stage 0.0 (TID 47)) 5.913ms
[108.458s][info][gc          ] Allocation Stall (Spark Context Cleaner) 26.085ms
[108.461s][info][gc          ] Relocation Stall (Executor task launch worker for task 10.0 in stage 0.0 (TID 10)) 7.401ms
[108.461s][info][gc          ] Relocation Stall (Executor task launch worker for task 39.0 in stage 0.0 (TID 39)) 4.799ms
[108.461s][info][gc          ] Relocation Stall (Executor task launch worker for task 13.0 in stage 0.0 (TID 13)) 6.194ms
[108.461s][info][gc          ] Relocation Stall (Executor task launch worker for task 41.0 in stage 0.0 (TID 41)) 7.353ms
[108.461s][info][gc          ] Relocation Stall (Executor task launch worker for task 40.0 in stage 0.0 (TID 40)) 6.528ms
[108.461s][info][gc          ] Relocation Stall (Executor task launch worker for task 18.0 in stage 0.0 (TID 18)) 7.077ms
[108.461s][info][gc          ] Relocation Stall (Executor task launch worker for task 30.0 in stage 0.0 (TID 30)) 7.729ms
[108.461s][info][gc          ] Relocation Stall (Executor task launch worker for task 24.0 in stage 0.0 (TID 24)) 7.699ms
[108.461s][info][gc          ] Allocation Stall (Executor task launch worker for task 31.0 in stage 0.0 (TID 31)) 7.749ms
[108.461s][info][gc,phases   ] GC(93) Concurrent Relocate 13.427ms
[108.461s][info][gc          ] Allocation Stall (Executor task launch worker for task 26.0 in stage 0.0 (TID 26)) 7.912ms
[108.461s][info][gc          ] Allocation Stall (Executor task launch worker for task 15.0 in stage 0.0 (TID 15)) 7.918ms
[108.461s][info][gc,load     ] GC(93) Load: 0.00/0.00/0.00
[108.461s][info][gc          ] Allocation Stall (Executor task launch worker for task 45.0 in stage 0.0 (TID 45)) 7.934ms
[108.461s][info][gc          ] Allocation Stall (Executor task launch worker for task 9.0 in stage 0.0 (TID 9)) 7.924ms
[108.462s][info][gc          ] Allocation Stall (Executor task launch worker for task 35.0 in stage 0.0 (TID 35)) 7.728ms
[108.462s][info][gc,mmu      ] GC(93) MMU: 2ms/94.2%, 5ms/97.7%, 10ms/98.8%, 20ms/99.3%, 50ms/99.7%, 100ms/99.8%
[108.462s][info][gc          ] Allocation Stall (Executor task launch worker for task 44.0 in stage 0.0 (TID 44)) 7.636ms
[108.462s][info][gc          ] Allocation Stall (Executor task launch worker for task 1.0 in stage 0.0 (TID 1)) 7.667ms
[108.462s][info][gc,marking  ] GC(93) Mark: 8 stripe(s), 3 proactive flush(es), 1 terminate flush(es), 0 completion(s), 0 continuation(s) 
[108.462s][info][gc          ] Allocation Stall (Executor task launch worker for task 25.0 in stage 0.0 (TID 25)) 7.519ms
[108.462s][info][gc          ] Allocation Stall (Executor task launch worker for task 12.0 in stage 0.0 (TID 12)) 6.959ms
[108.462s][info][gc          ] Allocation Stall (Executor task launch worker for task 23.0 in stage 0.0 (TID 23)) 6.632ms
[108.462s][info][gc,marking  ] GC(93) Mark Stack Usage: 32M
[108.462s][info][gc          ] Allocation Stall (Executor task launch worker for task 3.0 in stage 0.0 (TID 3)) 6.449ms
[108.462s][info][gc          ] Allocation Stall (Executor task launch worker for task 0.0 in stage 0.0 (TID 0)) 6.516ms
[108.462s][info][gc,nmethod  ] GC(93) NMethods: 2291 registered, 97 unregistered
[108.462s][info][gc          ] Allocation Stall (Executor task launch worker for task 21.0 in stage 0.0 (TID 21)) 6.622ms
[108.462s][info][gc          ] Allocation Stall (Executor task launch worker for task 16.0 in stage 0.0 (TID 16)) 6.665ms
[108.462s][info][gc,metaspace] GC(93) Metaspace: 112M used, 124M committed, 1152M reserved
[108.462s][info][gc          ] Allocation Stall (Executor task launch worker for task 32.0 in stage 0.0 (TID 32)) 6.604ms
[108.462s][info][gc          ] Allocation Stall (Executor task launch worker for task 43.0 in stage 0.0 (TID 43)) 6.615ms
[108.463s][info][gc,ref      ] GC(93) Soft: 2800 encountered, 1339 discovered, 0 enqueued
[108.463s][info][gc          ] Allocation Stall (Executor task launch worker for task 28.0 in stage 0.0 (TID 28)) 5.602ms
[108.463s][info][gc,ref      ] GC(93) Weak: 12964 encountered, 2131 discovered, 0 enqueued
[108.463s][info][gc          ] Allocation Stall (Executor task launch worker for task 17.0 in stage 0.0 (TID 17)) 3.903ms
[108.463s][info][gc,ref      ] GC(93) Final: 62 encountered, 4 discovered, 0 enqueued
[108.463s][info][gc          ] Allocation Stall (Executor task launch worker for task 14.0 in stage 0.0 (TID 14)) 3.204ms
[108.463s][info][gc,ref      ] GC(93) Phantom: 750 encountered, 665 discovered, 0 enqueued
[108.463s][info][gc          ] Allocation Stall (Executor task launch worker for task 4.0 in stage 0.0 (TID 4)) 2.045ms
[108.463s][info][gc,reloc    ] GC(93) Small Pages: 86 / 172M, Empty: 40M, Relocated: 6M, In-Place: 4
[108.463s][info][gc          ] Allocation Stall (Executor task launch worker for task 13.0 in stage 0.0 (TID 13)) 1.876ms
[108.463s][info][gc,reloc    ] GC(93) Medium Pages: 20 / 640M, Empty: 0M, Relocated: 0M, In-Place: 0
[108.463s][info][gc,reloc    ] GC(93) Large Pages: 19 / 152M, Empty: 0M, Relocated: 0M, In-Place: 0
[108.463s][info][gc,reloc    ] GC(93) Forwarding Usage: 0M
[108.463s][info][gc,heap     ] GC(93) Min Capacity: 8M(1%)
[108.463s][info][gc,heap     ] GC(93) Max Capacity: 1024M(100%)
[108.463s][info][gc,heap     ] GC(93) Soft Max Capacity: 1024M(100%)
[108.463s][info][gc,heap     ] GC(93)                Mark Start          Mark End        Relocate Start      Relocate End           High               Low         
[108.463s][info][gc,heap     ] GC(93)  Capacity:     1024M (100%)       1024M (100%)       1024M (100%)       1024M (100%)       1024M (100%)       1024M (100%)   
[108.463s][info][gc,heap     ] GC(93)      Free:       54M (5%)            0M (0%)            8M (1%)            0M (0%)           54M (5%)            0M (0%)     
[108.464s][info][gc,heap     ] GC(93)      Used:      970M (95%)        1024M (100%)       1016M (99%)        1024M (100%)       1024M (100%)        970M (95%)    
[108.464s][info][gc,heap     ] GC(93)      Live:         -               751M (73%)         751M (73%)         751M (73%)            -                  -          
[108.464s][info][gc,heap     ] GC(93) Allocated:         -                54M (5%)           86M (8%)          139M (14%)            -                  -          
[108.464s][info][gc,heap     ] GC(93)   Garbage:         -               218M (21%)         178M (17%)         132M (13%)            -                  -          
[108.464s][info][gc,heap     ] GC(93) Reclaimed:         -                  -                40M (4%)           85M (8%)             -                  -          
[108.464s][info][gc          ] GC(93) Garbage Collection (Allocation Stall) 970M(95%)->1024M(100%)
[108.464s][info][gc,start    ] GC(94) Garbage Collection (Allocation Stall)
[108.464s][info][gc,ref      ] GC(94) Clearing All SoftReferences
[108.464s][info][gc,task     ] GC(94) Using 10 workers
[108.479s][info][gc,ref      ] GC(94) Clearing All SoftReferences
[108.479s][info][gc,phases   ] GC(94) Pause Mark Start 0.060ms
[108.479s][info][gc          ] Allocation Stall (Executor task launch worker for task 8.0 in stage 0.0 (TID 8)) 17.537ms
[108.479s][info][gc          ] Allocation Stall (Executor task launch worker for task 24.0 in stage 0.0 (TID 24)) 17.228ms
[108.479s][info][gc          ] Allocation Stall (Executor task launch worker for task 43.0 in stage 0.0 (TID 43)) 15.637ms
[108.479s][info][gc          ] Allocation Stall (Executor task launch worker for task 10.0 in stage 0.0 (TID 10)) 17.555ms
[108.479s][info][gc          ] Allocation Stall (Executor task launch worker for task 18.0 in stage 0.0 (TID 18)) 17.186ms
[108.480s][info][gc          ] Allocation Stall (Executor task launch worker for task 16.0 in stage 0.0 (TID 16)) 0.060ms
[108.525s][info][gc,phases   ] GC(94) Concurrent Mark 46.534ms
[108.526s][info][gc,phases   ] GC(94) Pause Mark End 0.019ms
[108.526s][info][gc,phases   ] GC(94) Concurrent Mark Free 0.001ms
[108.527s][info][gc,phases   ] GC(94) Concurrent Process Non-Strong References 1.000ms
[108.527s][info][gc,phases   ] GC(94) Concurrent Reset Relocation Set 0.006ms
[108.530s][info][gc          ] Allocation Stall (Executor task launch worker for task 0.0 in stage 0.0 (TID 0)) 39.840ms
[108.530s][info][gc          ] Allocation Stall (Executor task launch worker for task 23.0 in stage 0.0 (TID 23)) 40.420ms
[108.530s][info][gc          ] Allocation Stall (Executor task launch worker for task 44.0 in stage 0.0 (TID 44)) 36.501ms
[108.530s][info][gc          ] Allocation Stall (Executor task launch worker for task 33.0 in stage 0.0 (TID 33)) 39.488ms
[108.530s][info][gc          ] Allocation Stall (Executor task launch worker for task 29.0 in stage 0.0 (TID 29)) 38.178ms
[108.530s][info][gc          ] Allocation Stall (Executor task launch worker for task 34.0 in stage 0.0 (TID 34)) 37.593ms
[108.530s][info][gc          ] Allocation Stall (Executor task launch worker for task 41.0 in stage 0.0 (TID 41)) 37.493ms
[108.530s][info][gc          ] Allocation Stall (Executor task launch worker for task 12.0 in stage 0.0 (TID 12)) 36.987ms
[108.530s][info][gc          ] Allocation Stall (Executor task launch worker for task 24.0 in stage 0.0 (TID 24)) 36.667ms
[108.530s][info][gc          ] Allocation Stall (Executor task launch worker for task 36.0 in stage 0.0 (TID 36)) 40.718ms
[108.530s][info][gc          ] Allocation Stall (Executor task launch worker for task 35.0 in stage 0.0 (TID 35)) 39.235ms
[108.530s][info][gc          ] Allocation Stall (Executor task launch worker for task 32.0 in stage 0.0 (TID 32)) 36.879ms
[108.530s][info][gc          ] Allocation Stall (Executor task launch worker for task 38.0 in stage 0.0 (TID 38)) 39.124ms
[108.530s][info][gc          ] Allocation Stall (Executor task launch worker for task 46.0 in stage 0.0 (TID 46)) 36.496ms
[108.530s][info][gc          ] Allocation Stall (Executor task launch worker for task 20.0 in stage 0.0 (TID 20)) 39.212ms
[108.530s][info][gc          ] Allocation Stall (Executor task launch worker for task 40.0 in stage 0.0 (TID 40)) 37.142ms
[108.530s][info][gc          ] Allocation Stall (Executor task launch worker for task 30.0 in stage 0.0 (TID 30)) 40.257ms
[108.530s][info][gc          ] Allocation Stall (Executor task launch worker for task 3.0 in stage 0.0 (TID 3)) 38.853ms
[108.530s][info][gc          ] Allocation Stall (Executor task launch worker for task 22.0 in stage 0.0 (TID 22)) 40.382ms
[108.530s][info][gc          ] Allocation Stall (Executor task launch worker for task 25.0 in stage 0.0 (TID 25)) 38.762ms
[108.530s][info][gc          ] Allocation Stall (Executor task launch worker for task 9.0 in stage 0.0 (TID 9)) 36.545ms
[108.530s][info][gc          ] Allocation Stall (Executor task launch worker for task 14.0 in stage 0.0 (TID 14)) 36.563ms
[108.530s][info][gc,phases   ] GC(94) Concurrent Select Relocation Set 3.430ms
[108.530s][info][gc          ] Allocation Stall (Executor task launch worker for task 15.0 in stage 0.0 (TID 15)) 36.352ms
[108.530s][info][gc          ] Allocation Stall (Executor task launch worker for task 21.0 in stage 0.0 (TID 21)) 36.272ms
[108.530s][info][gc          ] Allocation Stall (Executor task launch worker for task 7.0 in stage 0.0 (TID 7)) 36.299ms
[108.530s][info][gc          ] Allocation Stall (Executor task launch worker for task 18.0 in stage 0.0 (TID 18)) 36.241ms
[108.530s][info][gc          ] Allocation Stall (Executor task launch worker for task 28.0 in stage 0.0 (TID 28)) 36.256ms
[108.531s][info][gc          ] Allocation Stall (Executor task launch worker for task 47.0 in stage 0.0 (TID 47)) 36.286ms
[108.531s][info][gc          ] Allocation Stall (Executor task launch worker for task 8.0 in stage 0.0 (TID 8)) 36.144ms
[108.531s][info][gc          ] Allocation Stall (Executor task launch worker for task 31.0 in stage 0.0 (TID 31)) 36.065ms
[108.531s][info][gc          ] Allocation Stall (Executor task launch worker for task 39.0 in stage 0.0 (TID 39)) 36.009ms
[108.531s][info][gc          ] Allocation Stall (Executor task launch worker for task 1.0 in stage 0.0 (TID 1)) 36.031ms
[108.531s][info][gc          ] Allocation Stall (Executor task launch worker for task 45.0 in stage 0.0 (TID 45)) 35.917ms
[108.531s][info][gc          ] Allocation Stall (Executor task launch worker for task 10.0 in stage 0.0 (TID 10)) 36.003ms
[108.531s][info][gc          ] Allocation Stall (Executor task launch worker for task 43.0 in stage 0.0 (TID 43)) 35.880ms
[108.531s][info][gc          ] Allocation Stall (Executor task launch worker for task 4.0 in stage 0.0 (TID 4)) 35.927ms
[108.531s][info][gc          ] Allocation Stall (Executor task launch worker for task 17.0 in stage 0.0 (TID 17)) 35.969ms
[108.531s][info][gc          ] Allocation Stall (Executor task launch worker for task 6.0 in stage 0.0 (TID 6)) 35.990ms
[108.541s][info][gc,phases   ] GC(94) Pause Relocate Start 0.010ms
[108.541s][info][gc          ] Allocation Stall (Executor task launch worker for task 26.0 in stage 0.0 (TID 26)) 45.972ms
[108.541s][info][gc          ] Allocation Stall (Executor task launch worker for task 42.0 in stage 0.0 (TID 42)) 46.147ms
[108.541s][info][gc          ] Allocation Stall (Executor task launch worker for task 11.0 in stage 0.0 (TID 11)) 46.042ms
[108.541s][info][gc          ] Allocation Stall (Executor task launch worker for task 16.0 in stage 0.0 (TID 16)) 36.555ms
[108.541s][info][gc          ] Allocation Stall (Executor task launch worker for task 2.0 in stage 0.0 (TID 2)) 45.923ms
[108.541s][info][gc          ] Allocation Stall (Executor task launch worker for task 37.0 in stage 0.0 (TID 37)) 46.031ms
[108.541s][info][gc          ] Allocation Stall (Executor task launch worker for task 27.0 in stage 0.0 (TID 27)) 45.997ms
[108.541s][info][gc          ] Allocation Stall (Executor task launch worker for task 5.0 in stage 0.0 (TID 5)) 37.047ms
[108.541s][info][gc          ] Allocation Stall (Executor task launch worker for task 19.0 in stage 0.0 (TID 19)) 35.899ms
[108.542s][info][gc          ] Allocation Stall (Executor task launch worker for task 13.0 in stage 0.0 (TID 13)) 35.830ms
[108.584s][info][gc          ] Allocation Stall (Executor task launch worker for task 8.0 in stage 0.0 (TID 8)) 6.085ms
[108.584s][info][gc          ] Allocation Stall (Executor task launch worker for task 31.0 in stage 0.0 (TID 31)) 7.080ms
[108.584s][info][gc          ] Allocation Stall (Executor task launch worker for task 18.0 in stage 0.0 (TID 18)) 6.250ms
[108.584s][info][gc          ] Allocation Stall (Executor task launch worker for task 4.0 in stage 0.0 (TID 4)) 5.961ms
[108.584s][info][gc          ] Allocation Stall (Executor task launch worker for task 12.0 in stage 0.0 (TID 12)) 6.850ms
[108.584s][info][gc          ] Allocation Stall (Executor task launch worker for task 42.0 in stage 0.0 (TID 42)) 8.056ms
[108.584s][info][gc          ] Allocation Stall (Executor task launch worker for task 16.0 in stage 0.0 (TID 16)) 6.043ms
[108.584s][info][gc          ] Allocation Stall (Executor task launch worker for task 41.0 in stage 0.0 (TID 41)) 8.234ms
[108.584s][info][gc          ] Allocation Stall (Executor task launch worker for task 29.0 in stage 0.0 (TID 29)) 8.116ms
[108.584s][info][gc          ] Allocation Stall (Executor task launch worker for task 7.0 in stage 0.0 (TID 7)) 5.858ms
[108.584s][info][gc          ] Allocation Stall (Executor task launch worker for task 9.0 in stage 0.0 (TID 9)) 9.775ms
[108.584s][info][gc          ] Allocation Stall (Executor task launch worker for task 45.0 in stage 0.0 (TID 45)) 6.686ms
[108.584s][info][gc,phases   ] GC(94) Concurrent Relocate 42.414ms
[108.584s][info][gc          ] Allocation Stall (Executor task launch worker for task 0.0 in stage 0.0 (TID 0)) 9.503ms
[108.584s][info][gc          ] Allocation Stall (Executor task launch worker for task 3.0 in stage 0.0 (TID 3)) 9.460ms
[108.584s][info][gc          ] Allocation Stall (Executor task launch worker for task 1.0 in stage 0.0 (TID 1)) 8.727ms
[108.584s][info][gc          ] Allocation Stall (Executor task launch worker for task 46.0 in stage 0.0 (TID 46)) 8.565ms
[108.584s][info][gc          ] Allocation Stall (Executor task launch worker for task 10.0 in stage 0.0 (TID 10)) 5.981ms
[108.584s][info][gc          ] Allocation Stall (Executor task launch worker for task 35.0 in stage 0.0 (TID 35)) 5.912ms
[108.584s][info][gc          ] Allocation Stall (Executor task launch worker for task 30.0 in stage 0.0 (TID 30)) 5.882ms
[108.584s][info][gc,load     ] GC(94) Load: 0.00/0.00/0.00
[108.584s][info][gc          ] Allocation Stall (Executor task launch worker for task 40.0 in stage 0.0 (TID 40)) 5.750ms
[108.584s][info][gc          ] Allocation Stall (Executor task launch worker for task 26.0 in stage 0.0 (TID 26)) 5.765ms
[108.584s][info][gc          ] Allocation Stall (Executor task launch worker for task 39.0 in stage 0.0 (TID 39)) 5.581ms
[108.584s][info][gc,mmu      ] GC(94) MMU: 2ms/94.2%, 5ms/97.7%, 10ms/98.8%, 20ms/99.3%, 50ms/99.7%, 100ms/99.8%
[108.584s][info][gc          ] Allocation Stall (Executor task launch worker for task 43.0 in stage 0.0 (TID 43)) 5.609ms
[108.584s][info][gc          ] Allocation Stall (Executor task launch worker for task 21.0 in stage 0.0 (TID 21)) 5.568ms
[108.584s][info][gc,marking  ] GC(94) Mark: 8 stripe(s), 2 proactive flush(es), 1 terminate flush(es), 0 completion(s), 0 continuation(s) 
[108.584s][info][gc          ] Allocation Stall (Executor task launch worker for task 24.0 in stage 0.0 (TID 24)) 5.583ms
[108.584s][info][gc          ] Allocation Stall (Executor task launch worker for task 23.0 in stage 0.0 (TID 23)) 5.597ms
[108.584s][info][gc,marking  ] GC(94) Mark Stack Usage: 32M
[108.584s][info][gc          ] Allocation Stall (Executor task launch worker for task 32.0 in stage 0.0 (TID 32)) 5.592ms
[108.584s][info][gc          ] Allocation Stall (Executor task launch worker for task 2.0 in stage 0.0 (TID 2)) 5.612ms
[108.584s][info][gc,nmethod  ] GC(94) NMethods: 2294 registered, 97 unregistered
[108.584s][info][gc          ] Allocation Stall (Executor task launch worker for task 20.0 in stage 0.0 (TID 20)) 5.552ms
[108.585s][info][gc,metaspace] GC(94) Metaspace: 112M used, 124M committed, 1152M reserved
[108.585s][info][gc          ] Allocation Stall (Executor task launch worker for task 37.0 in stage 0.0 (TID 37)) 5.551ms
[108.585s][info][gc,ref      ] GC(94) Soft: 2800 encountered, 1964 discovered, 0 enqueued
[108.585s][info][gc          ] Allocation Stall (Executor task launch worker for task 6.0 in stage 0.0 (TID 6)) 5.428ms
[108.585s][info][gc,ref      ] GC(94) Weak: 12966 encountered, 2822 discovered, 0 enqueued
[108.585s][info][gc          ] Allocation Stall (Executor task launch worker for task 34.0 in stage 0.0 (TID 34)) 5.384ms
[108.585s][info][gc,ref      ] GC(94) Final: 62 encountered, 41 discovered, 0 enqueued
[108.585s][info][gc          ] Allocation Stall (Executor task launch worker for task 22.0 in stage 0.0 (TID 22)) 5.591ms
[108.585s][info][gc,ref      ] GC(94) Phantom: 750 encountered, 713 discovered, 0 enqueued
[108.585s][info][gc          ] Allocation Stall (Executor task launch worker for task 33.0 in stage 0.0 (TID 33)) 5.599ms
[108.585s][info][gc,reloc    ] GC(94) Small Pages: 90 / 180M, Empty: 54M, Relocated: 6M, In-Place: 0
[108.585s][info][gc,reloc    ] GC(94) Medium Pages: 21 / 672M, Empty: 0M, Relocated: 21M, In-Place: 1
[108.585s][info][gc,reloc    ] GC(94) Large Pages: 19 / 152M, Empty: 16M, Relocated: 0M, In-Place: 0
[108.585s][info][gc,reloc    ] GC(94) Forwarding Usage: 0M
[108.585s][info][gc,heap     ] GC(94) Min Capacity: 8M(1%)
[108.585s][info][gc,heap     ] GC(94) Max Capacity: 1024M(100%)
[108.585s][info][gc,heap     ] GC(94) Soft Max Capacity: 1024M(100%)
[108.585s][info][gc,heap     ] GC(94)                Mark Start          Mark End        Relocate Start      Relocate End           High               Low         
[108.585s][info][gc,heap     ] GC(94)  Capacity:     1024M (100%)       1024M (100%)       1024M (100%)       1024M (100%)       1024M (100%)       1024M (100%)   
[108.585s][info][gc,heap     ] GC(94)      Free:       10M (1%)            0M (0%)            8M (1%)            0M (0%)           70M (7%)            0M (0%)     
[108.585s][info][gc,heap     ] GC(94)      Used:     1014M (99%)        1024M (100%)       1016M (99%)        1024M (100%)       1024M (100%)        954M (93%)    
[108.585s][info][gc,heap     ] GC(94)      Live:         -               731M (71%)         731M (71%)         731M (71%)            -                  -          
[108.585s][info][gc,heap     ] GC(94) Allocated:         -                10M (1%)           72M (7%)          143M (14%)            -                  -          
[108.585s][info][gc,heap     ] GC(94)   Garbage:         -               282M (28%)         212M (21%)         148M (15%)            -                  -          
[108.585s][info][gc,heap     ] GC(94) Reclaimed:         -                  -                70M (7%)          133M (13%)            -                  -          
[108.585s][info][gc          ] GC(94) Garbage Collection (Allocation Stall) 1014M(99%)->1024M(100%)
[108.585s][info][gc,start    ] GC(95) Garbage Collection (Allocation Stall)
[108.585s][info][gc,ref      ] GC(95) Clearing All SoftReferences
[108.585s][info][gc,task     ] GC(95) Using 10 workers
[108.586s][info][gc,ref      ] GC(95) Clearing All SoftReferences
[108.586s][info][gc,phases   ] GC(95) Pause Mark Start 0.027ms
[108.586s][info][gc          ] Allocation Stall (Executor task launch worker for task 14.0 in stage 0.0 (TID 14)) 6.514ms
[108.586s][info][gc          ] Allocation Stall (Executor task launch worker for task 44.0 in stage 0.0 (TID 44)) 6.459ms
[108.586s][info][gc          ] Allocation Stall (Executor task launch worker for task 38.0 in stage 0.0 (TID 38)) 6.400ms
[108.586s][info][gc          ] Allocation Stall (Executor task launch worker for task 47.0 in stage 0.0 (TID 47)) 6.349ms
[108.586s][info][gc          ] Allocation Stall (Executor task launch worker for task 15.0 in stage 0.0 (TID 15)) 6.323ms
[108.586s][info][gc          ] Allocation Stall (Executor task launch worker for task 25.0 in stage 0.0 (TID 25)) 6.447ms
[108.586s][info][gc          ] Allocation Stall (Executor task launch worker for task 11.0 in stage 0.0 (TID 11)) 6.473ms
[108.586s][info][gc          ] Allocation Stall (Executor task launch worker for task 17.0 in stage 0.0 (TID 17)) 6.111ms
[108.586s][info][gc          ] Allocation Stall (Executor task launch worker for task 28.0 in stage 0.0 (TID 28)) 6.156ms
[108.586s][info][gc          ] Allocation Stall (Executor task launch worker for task 36.0 in stage 0.0 (TID 36)) 6.196ms
[108.586s][info][gc          ] Allocation Stall (Executor task launch worker for task 27.0 in stage 0.0 (TID 27)) 5.878ms
[108.586s][info][gc          ] Allocation Stall (Executor task launch worker for task 19.0 in stage 0.0 (TID 19)) 5.707ms
[108.586s][info][gc          ] Allocation Stall (Executor task launch worker for task 5.0 in stage 0.0 (TID 5)) 5.730ms
[108.586s][info][gc          ] Allocation Stall (Executor task launch worker for task 18.0 in stage 0.0 (TID 18)) 1.652ms
[108.586s][info][gc          ] Allocation Stall (Executor task launch worker for task 29.0 in stage 0.0 (TID 29)) 0.285ms
[108.586s][info][gc          ] Allocation Stall (Executor task launch worker for task 22.0 in stage 0.0 (TID 22)) 0.318ms
[108.586s][info][gc          ] Allocation Stall (Executor task launch worker for task 0.0 in stage 0.0 (TID 0)) 0.347ms
[108.586s][info][gc          ] Allocation Stall (Executor task launch worker for task 3.0 in stage 0.0 (TID 3)) 0.374ms
[108.586s][info][gc          ] Allocation Stall (Executor task launch worker for task 45.0 in stage 0.0 (TID 45)) 0.410ms
[108.586s][info][gc          ] Allocation Stall (Executor task launch worker for task 30.0 in stage 0.0 (TID 30)) 0.422ms
[108.586s][info][gc          ] Allocation Stall (Executor task launch worker for task 9.0 in stage 0.0 (TID 9)) 0.476ms
[108.586s][info][gc          ] Allocation Stall (Executor task launch worker for task 37.0 in stage 0.0 (TID 37)) 0.437ms
[108.586s][info][gc          ] Allocation Stall (Executor task launch worker for task 21.0 in stage 0.0 (TID 21)) 0.464ms
[108.586s][info][gc          ] Allocation Stall (Executor task launch worker for task 24.0 in stage 0.0 (TID 24)) 0.505ms
[108.587s][info][gc          ] Allocation Stall (Executor task launch worker for task 42.0 in stage 0.0 (TID 42)) 0.532ms
[108.587s][info][gc          ] Allocation Stall (Executor task launch worker for task 46.0 in stage 0.0 (TID 46)) 0.566ms
[108.587s][info][gc          ] Allocation Stall (Executor task launch worker for task 10.0 in stage 0.0 (TID 10)) 0.592ms
[108.587s][info][gc          ] Allocation Stall (Executor task launch worker for task 39.0 in stage 0.0 (TID 39)) 0.656ms
[108.587s][info][gc          ] Allocation Stall (Executor task launch worker for task 40.0 in stage 0.0 (TID 40)) 0.694ms
[108.587s][info][gc          ] Allocation Stall (Executor task launch worker for task 4.0 in stage 0.0 (TID 4)) 0.726ms
[108.587s][info][gc          ] Allocation Stall (Executor task launch worker for task 33.0 in stage 0.0 (TID 33)) 0.755ms
[108.587s][info][gc          ] Allocation Stall (Executor task launch worker for task 2.0 in stage 0.0 (TID 2)) 0.777ms
[108.587s][info][gc          ] Allocation Stall (Executor task launch worker for task 16.0 in stage 0.0 (TID 16)) 0.802ms
[108.587s][info][gc          ] Allocation Stall (Executor task launch worker for task 8.0 in stage 0.0 (TID 8)) 0.832ms
[108.587s][info][gc          ] Allocation Stall (Executor task launch worker for task 26.0 in stage 0.0 (TID 26)) 0.883ms
[108.587s][info][gc          ] Allocation Stall (Executor task launch worker for task 1.0 in stage 0.0 (TID 1)) 0.853ms
[108.619s][info][gc,phases   ] GC(95) Concurrent Mark 33.271ms
[108.619s][info][gc,phases   ] GC(95) Pause Mark End 0.018ms
[108.619s][info][gc,phases   ] GC(95) Concurrent Mark Free 0.001ms
[108.620s][info][gc,phases   ] GC(95) Concurrent Process Non-Strong References 0.945ms
[108.620s][info][gc,phases   ] GC(95) Concurrent Reset Relocation Set 0.005ms
[108.623s][info][gc          ] Allocation Stall (Executor task launch worker for task 5.0 in stage 0.0 (TID 5)) 26.066ms
[108.623s][info][gc          ] Allocation Stall (Executor task launch worker for task 36.0 in stage 0.0 (TID 36)) 26.913ms
[108.623s][info][gc          ] Allocation Stall (Executor task launch worker for task 18.0 in stage 0.0 (TID 18)) 26.867ms
[108.623s][info][gc          ] Allocation Stall (Executor task launch worker for task 32.0 in stage 0.0 (TID 32)) 26.964ms
[108.623s][info][gc          ] Allocation Stall (Executor task launch worker for task 26.0 in stage 0.0 (TID 26)) 26.478ms
[108.623s][info][gc          ] Allocation Stall (Executor task launch worker for task 17.0 in stage 0.0 (TID 17)) 25.688ms
[108.623s][info][gc          ] Allocation Stall (Executor task launch worker for task 28.0 in stage 0.0 (TID 28)) 26.252ms
[108.623s][info][gc          ] Allocation Stall (Executor task launch worker for task 42.0 in stage 0.0 (TID 42)) 28.669ms
[108.623s][info][gc          ] Allocation Stall (Executor task launch worker for task 40.0 in stage 0.0 (TID 40)) 26.504ms
[108.623s][info][gc          ] Allocation Stall (Executor task launch worker for task 39.0 in stage 0.0 (TID 39)) 26.250ms
[108.623s][info][gc          ] Allocation Stall (Executor task launch worker for task 23.0 in stage 0.0 (TID 23)) 26.940ms
[108.623s][info][gc          ] Allocation Stall (Executor task launch worker for task 15.0 in stage 0.0 (TID 15)) 26.058ms
[108.623s][info][gc          ] Allocation Stall (Executor task launch worker for task 35.0 in stage 0.0 (TID 35)) 25.760ms
[108.623s][info][gc          ] Allocation Stall (Executor task launch worker for task 13.0 in stage 0.0 (TID 13)) 28.292ms
[108.623s][info][gc          ] Allocation Stall (Executor task launch worker for task 20.0 in stage 0.0 (TID 20)) 25.910ms
[108.623s][info][gc          ] Allocation Stall (Executor task launch worker for task 38.0 in stage 0.0 (TID 38)) 27.536ms
[108.623s][info][gc          ] Allocation Stall (Executor task launch worker for task 47.0 in stage 0.0 (TID 47)) 27.886ms
[108.623s][info][gc          ] Allocation Stall (Spark Context Cleaner) 28.407ms
[108.623s][info][gc          ] Allocation Stall (Executor task launch worker for task 16.0 in stage 0.0 (TID 16)) 28.678ms
[108.623s][info][gc          ] Allocation Stall (Executor task launch worker for task 33.0 in stage 0.0 (TID 33)) 28.699ms
[108.623s][info][gc          ] Allocation Stall (Executor task launch worker for task 37.0 in stage 0.0 (TID 37)) 29.332ms
[108.623s][info][gc          ] Allocation Stall (Executor task launch worker for task 0.0 in stage 0.0 (TID 0)) 29.315ms
[108.623s][info][gc          ] Allocation Stall (Executor task launch worker for task 3.0 in stage 0.0 (TID 3)) 29.300ms
[108.623s][info][gc          ] Allocation Stall (Executor task launch worker for task 4.0 in stage 0.0 (TID 4)) 29.295ms
[108.623s][info][gc,phases   ] GC(95) Concurrent Select Relocation Set 2.794ms
[108.624s][info][gc          ] Allocation Stall (Executor task launch worker for task 11.0 in stage 0.0 (TID 11)) 26.284ms
[108.624s][info][gc          ] Allocation Stall (Executor task launch worker for task 41.0 in stage 0.0 (TID 41)) 26.255ms
[108.624s][info][gc          ] Allocation Stall (Executor task launch worker for task 6.0 in stage 0.0 (TID 6)) 26.121ms
[108.624s][info][gc          ] Allocation Stall (Executor task launch worker for task 19.0 in stage 0.0 (TID 19)) 26.097ms
[108.624s][info][gc          ] Allocation Stall (Executor task launch worker for task 25.0 in stage 0.0 (TID 25)) 26.077ms
[108.635s][info][gc,phases   ] GC(95) Pause Relocate Start 0.007ms
[108.635s][info][gc          ] Allocation Stall (Executor task launch worker for task 9.0 in stage 0.0 (TID 9)) 36.920ms
[108.635s][info][gc          ] Allocation Stall (Executor task launch worker for task 12.0 in stage 0.0 (TID 12)) 36.473ms
[108.635s][info][gc          ] Allocation Stall (Executor task launch worker for task 31.0 in stage 0.0 (TID 31)) 36.907ms
[108.635s][info][gc          ] Allocation Stall (Executor task launch worker for task 7.0 in stage 0.0 (TID 7)) 36.662ms
[108.635s][info][gc          ] Allocation Stall (Executor task launch worker for task 43.0 in stage 0.0 (TID 43)) 36.814ms
[108.635s][info][gc          ] Allocation Stall (Executor task launch worker for task 44.0 in stage 0.0 (TID 44)) 36.550ms
[108.635s][info][gc          ] Allocation Stall (Executor task launch worker for task 34.0 in stage 0.0 (TID 34)) 36.520ms
[108.635s][info][gc          ] Allocation Stall (Executor task launch worker for task 27.0 in stage 0.0 (TID 27)) 36.364ms
[108.635s][info][gc          ] Allocation Stall (Executor task launch worker for task 29.0 in stage 0.0 (TID 29)) 36.472ms
[108.635s][info][gc          ] Allocation Stall (Executor task launch worker for task 8.0 in stage 0.0 (TID 8)) 36.215ms
[108.635s][info][gc          ] Allocation Stall (Executor task launch worker for task 14.0 in stage 0.0 (TID 14)) 36.211ms
[108.635s][info][gc          ] Allocation Stall (Executor task launch worker for task 46.0 in stage 0.0 (TID 46)) 36.191ms
[108.635s][info][gc          ] Allocation Stall (Executor task launch worker for task 10.0 in stage 0.0 (TID 10)) 36.150ms
[108.635s][info][gc          ] Allocation Stall (Executor task launch worker for task 30.0 in stage 0.0 (TID 30)) 36.162ms
[108.635s][info][gc          ] Allocation Stall (Executor task launch worker for task 45.0 in stage 0.0 (TID 45)) 36.181ms
[108.635s][info][gc          ] Allocation Stall (Executor task launch worker for task 1.0 in stage 0.0 (TID 1)) 36.186ms
[108.635s][info][gc          ] Allocation Stall (Executor task launch worker for task 2.0 in stage 0.0 (TID 2)) 36.171ms
[108.635s][info][gc          ] Allocation Stall (Executor task launch worker for task 24.0 in stage 0.0 (TID 24)) 36.120ms
[108.635s][info][gc          ] Allocation Stall (Executor task launch worker for task 21.0 in stage 0.0 (TID 21)) 36.179ms
[108.635s][info][gc          ] Allocation Stall (Executor task launch worker for task 22.0 in stage 0.0 (TID 22)) 36.148ms
[108.639s][info][gc          ] Relocation Stall (Executor task launch worker for task 26.0 in stage 0.0 (TID 26)) 3.001ms
[108.639s][info][gc          ] Relocation Stall (Executor task launch worker for task 23.0 in stage 0.0 (TID 23)) 3.347ms
[108.639s][info][gc          ] Relocation Stall (Executor task launch worker for task 41.0 in stage 0.0 (TID 41)) 3.629ms
[108.679s][info][gc          ] Allocation Stall (Executor task launch worker for task 24.0 in stage 0.0 (TID 24)) 16.868ms
[108.679s][info][gc          ] Allocation Stall (Executor task launch worker for task 5.0 in stage 0.0 (TID 5)) 15.666ms
[108.679s][info][gc          ] Allocation Stall (Executor task launch worker for task 0.0 in stage 0.0 (TID 0)) 16.239ms
[108.679s][info][gc          ] Allocation Stall (Executor task launch worker for task 16.0 in stage 0.0 (TID 16)) 17.157ms
[108.679s][info][gc          ] Allocation Stall (Executor task launch worker for task 35.0 in stage 0.0 (TID 35)) 16.475ms
[108.679s][info][gc          ] Allocation Stall (Executor task launch worker for task 36.0 in stage 0.0 (TID 36)) 16.770ms
[108.679s][info][gc          ] Allocation Stall (Executor task launch worker for task 39.0 in stage 0.0 (TID 39)) 16.410ms
[108.679s][info][gc          ] Allocation Stall (Executor task launch worker for task 28.0 in stage 0.0 (TID 28)) 16.244ms
[108.679s][info][gc          ] Allocation Stall (Executor task launch worker for task 15.0 in stage 0.0 (TID 15)) 16.341ms
[108.679s][info][gc          ] Allocation Stall (Executor task launch worker for task 10.0 in stage 0.0 (TID 10)) 16.068ms
[108.679s][info][gc          ] Allocation Stall (Executor task launch worker for task 42.0 in stage 0.0 (TID 42)) 19.559ms
[108.679s][info][gc          ] Allocation Stall (Executor task launch worker for task 17.0 in stage 0.0 (TID 17)) 16.173ms
[108.679s][info][gc          ] Allocation Stall (Executor task launch worker for task 47.0 in stage 0.0 (TID 47)) 17.698ms
[108.679s][info][gc          ] Allocation Stall (Executor task launch worker for task 13.0 in stage 0.0 (TID 13)) 17.535ms
[108.679s][info][gc          ] Allocation Stall (Executor task launch worker for task 3.0 in stage 0.0 (TID 3)) 17.419ms
[108.679s][info][gc          ] Allocation Stall (Executor task launch worker for task 33.0 in stage 0.0 (TID 33)) 17.333ms
[108.679s][info][gc          ] Allocation Stall (Executor task launch worker for task 22.0 in stage 0.0 (TID 22)) 16.022ms
[108.679s][info][gc          ] Allocation Stall (Executor task launch worker for task 32.0 in stage 0.0 (TID 32)) 15.511ms
[108.679s][info][gc          ] Allocation Stall (Executor task launch worker for task 40.0 in stage 0.0 (TID 40)) 15.503ms
[108.679s][info][gc          ] Allocation Stall (Executor task launch worker for task 8.0 in stage 0.0 (TID 8)) 15.514ms
[108.679s][info][gc          ] Allocation Stall (Executor task launch worker for task 20.0 in stage 0.0 (TID 20)) 15.135ms
[108.679s][info][gc          ] Allocation Stall (Executor task launch worker for task 12.0 in stage 0.0 (TID 12)) 15.130ms
[108.679s][info][gc          ] Allocation Stall (Executor task launch worker for task 21.0 in stage 0.0 (TID 21)) 15.011ms
[108.679s][info][gc          ] Allocation Stall (Executor task launch worker for task 29.0 in stage 0.0 (TID 29)) 15.202ms
[108.679s][info][gc          ] Allocation Stall (Executor task launch worker for task 37.0 in stage 0.0 (TID 37)) 15.014ms
[108.680s][info][gc          ] Allocation Stall (Executor task launch worker for task 2.0 in stage 0.0 (TID 2)) 14.174ms
[108.680s][info][gc          ] Allocation Stall (Executor task launch worker for task 4.0 in stage 0.0 (TID 4)) 14.224ms
[108.680s][info][gc          ] Allocation Stall (Executor task launch worker for task 26.0 in stage 0.0 (TID 26)) 14.259ms
[108.680s][info][gc          ] Allocation Stall (Executor task launch worker for task 31.0 in stage 0.0 (TID 31)) 14.266ms
[108.680s][info][gc          ] Allocation Stall (Executor task launch worker for task 14.0 in stage 0.0 (TID 14)) 14.260ms
[108.680s][info][gc          ] Allocation Stall (Executor task launch worker for task 19.0 in stage 0.0 (TID 19)) 14.843ms
[108.680s][info][gc          ] Allocation Stall (Executor task launch worker for task 9.0 in stage 0.0 (TID 9)) 14.800ms
[108.680s][info][gc          ] Allocation Stall (Executor task launch worker for task 6.0 in stage 0.0 (TID 6)) 14.478ms
[108.680s][info][gc          ] Allocation Stall (Executor task launch worker for task 7.0 in stage 0.0 (TID 7)) 14.440ms
[108.681s][info][gc          ] Allocation Stall (Executor task launch worker for task 34.0 in stage 0.0 (TID 34)) 13.701ms
[108.681s][info][gc          ] Allocation Stall (Executor task launch worker for task 30.0 in stage 0.0 (TID 30)) 13.457ms
[108.681s][info][gc          ] Allocation Stall (Executor task launch worker for task 38.0 in stage 0.0 (TID 38)) 13.380ms
[108.681s][info][gc          ] Allocation Stall (Executor task launch worker for task 23.0 in stage 0.0 (TID 23)) 13.244ms
[108.681s][info][gc          ] Allocation Stall (Executor task launch worker for task 41.0 in stage 0.0 (TID 41)) 13.239ms
[108.681s][info][gc          ] Allocation Stall (Executor task launch worker for task 46.0 in stage 0.0 (TID 46)) 13.291ms
[108.681s][info][gc          ] Allocation Stall (Executor task launch worker for task 27.0 in stage 0.0 (TID 27)) 12.834ms
[108.681s][info][gc          ] Allocation Stall (Executor task launch worker for task 25.0 in stage 0.0 (TID 25)) 12.209ms
[108.681s][info][gc          ] Allocation Stall (Executor task launch worker for task 43.0 in stage 0.0 (TID 43)) 11.590ms
[108.681s][info][gc          ] Allocation Stall (Executor task launch worker for task 44.0 in stage 0.0 (TID 44)) 11.579ms
[108.691s][info][gc          ] Allocation Stall (Executor task launch worker for task 18.0 in stage 0.0 (TID 18)) 21.335ms
[108.691s][info][gc          ] Allocation Stall (Executor task launch worker for task 45.0 in stage 0.0 (TID 45)) 19.986ms
[108.691s][info][gc          ] Allocation Stall (Executor task launch worker for task 1.0 in stage 0.0 (TID 1)) 16.337ms
[108.691s][info][gc          ] Allocation Stall (Executor task launch worker for task 31.0 in stage 0.0 (TID 31)) 4.113ms
[108.691s][info][gc          ] Allocation Stall (Executor task launch worker for task 40.0 in stage 0.0 (TID 40)) 4.083ms
[108.691s][info][gc          ] Allocation Stall (Executor task launch worker for task 29.0 in stage 0.0 (TID 29)) 4.017ms
[108.691s][info][gc          ] Allocation Stall (Executor task launch worker for task 26.0 in stage 0.0 (TID 26)) 3.948ms
[108.691s][info][gc          ] Allocation Stall (Executor task launch worker for task 2.0 in stage 0.0 (TID 2)) 3.958ms
[108.691s][info][gc          ] Allocation Stall (Executor task launch worker for task 4.0 in stage 0.0 (TID 4)) 3.933ms
[108.691s][info][gc          ] Allocation Stall (Executor task launch worker for task 6.0 in stage 0.0 (TID 6)) 3.561ms
[108.691s][info][gc          ] Allocation Stall (Executor task launch worker for task 37.0 in stage 0.0 (TID 37)) 3.586ms
[108.691s][info][gc          ] Allocation Stall (Executor task launch worker for task 5.0 in stage 0.0 (TID 5)) 3.433ms
[108.691s][info][gc          ] Allocation Stall (Executor task launch worker for task 30.0 in stage 0.0 (TID 30)) 3.448ms
[108.691s][info][gc          ] Allocation Stall (Executor task launch worker for task 27.0 in stage 0.0 (TID 27)) 3.454ms
[108.691s][info][gc          ] Allocation Stall (Executor task launch worker for task 21.0 in stage 0.0 (TID 21)) 3.207ms
[108.691s][info][gc          ] Allocation Stall (Executor task launch worker for task 9.0 in stage 0.0 (TID 9)) 3.228ms
[108.691s][info][gc          ] Allocation Stall (Executor task launch worker for task 35.0 in stage 0.0 (TID 35)) 3.247ms
[108.691s][info][gc          ] Allocation Stall (Executor task launch worker for task 19.0 in stage 0.0 (TID 19)) 3.211ms
[108.692s][info][gc          ] Allocation Stall (Executor task launch worker for task 23.0 in stage 0.0 (TID 23)) 3.253ms
[108.692s][info][gc          ] Allocation Stall (Executor task launch worker for task 41.0 in stage 0.0 (TID 41)) 3.288ms
[108.692s][info][gc          ] Allocation Stall (Executor task launch worker for task 7.0 in stage 0.0 (TID 7)) 3.311ms
[108.692s][info][gc          ] Allocation Stall (Executor task launch worker for task 46.0 in stage 0.0 (TID 46)) 3.314ms
[108.692s][info][gc          ] Allocation Stall (Executor task launch worker for task 44.0 in stage 0.0 (TID 44)) 3.332ms
[108.704s][info][gc          ] Allocation Stall (Executor task launch worker for task 33.0 in stage 0.0 (TID 33)) 3.904ms
[108.704s][info][gc          ] Allocation Stall (Executor task launch worker for task 35.0 in stage 0.0 (TID 35)) 3.860ms
[108.704s][info][gc          ] Allocation Stall (Executor task launch worker for task 2.0 in stage 0.0 (TID 2)) 3.771ms
[108.704s][info][gc          ] Allocation Stall (Executor task launch worker for task 30.0 in stage 0.0 (TID 30)) 3.719ms
[108.704s][info][gc          ] Allocation Stall (Executor task launch worker for task 1.0 in stage 0.0 (TID 1)) 3.621ms
[108.710s][info][gc          ] Allocation Stall (Executor task launch worker for task 22.0 in stage 0.0 (TID 22)) 7.792ms
[108.710s][info][gc          ] Allocation Stall (Executor task launch worker for task 25.0 in stage 0.0 (TID 25)) 7.514ms
[108.710s][info][gc          ] Allocation Stall (Executor task launch worker for task 0.0 in stage 0.0 (TID 0)) 8.337ms
[108.710s][info][gc          ] Allocation Stall (Executor task launch worker for task 37.0 in stage 0.0 (TID 37)) 8.551ms
[108.710s][info][gc          ] Allocation Stall (Executor task launch worker for task 9.0 in stage 0.0 (TID 9)) 8.256ms
[108.710s][info][gc          ] Allocation Stall (Executor task launch worker for task 41.0 in stage 0.0 (TID 41)) 7.434ms
[108.710s][info][gc          ] Allocation Stall (Executor task launch worker for task 7.0 in stage 0.0 (TID 7)) 7.498ms
[108.710s][info][gc          ] Allocation Stall (Executor task launch worker for task 40.0 in stage 0.0 (TID 40)) 10.233ms
[108.710s][info][gc          ] Allocation Stall (Executor task launch worker for task 42.0 in stage 0.0 (TID 42)) 10.221ms
[108.710s][info][gc          ] Allocation Stall (Executor task launch worker for task 14.0 in stage 0.0 (TID 14)) 10.058ms
[108.710s][info][gc          ] Allocation Stall (Executor task launch worker for task 26.0 in stage 0.0 (TID 26)) 9.309ms
[108.710s][info][gc          ] Allocation Stall (Executor task launch worker for task 8.0 in stage 0.0 (TID 8)) 9.178ms
[108.710s][info][gc          ] Allocation Stall (Executor task launch worker for task 13.0 in stage 0.0 (TID 13)) 9.034ms
[108.710s][info][gc          ] Allocation Stall (Executor task launch worker for task 36.0 in stage 0.0 (TID 36)) 8.963ms
[108.710s][info][gc          ] Allocation Stall (Executor task launch worker for task 34.0 in stage 0.0 (TID 34)) 8.887ms
[108.710s][info][gc          ] Allocation Stall (Executor task launch worker for task 31.0 in stage 0.0 (TID 31)) 8.817ms
[108.711s][info][gc          ] Allocation Stall (Executor task launch worker for task 15.0 in stage 0.0 (TID 15)) 7.698ms
[108.711s][info][gc          ] Allocation Stall (Executor task launch worker for task 27.0 in stage 0.0 (TID 27)) 7.770ms
[108.711s][info][gc          ] Allocation Stall (Executor task launch worker for task 5.0 in stage 0.0 (TID 5)) 7.712ms
[108.711s][info][gc          ] Allocation Stall (Executor task launch worker for task 23.0 in stage 0.0 (TID 23)) 7.747ms
[108.711s][info][gc          ] Allocation Stall (Executor task launch worker for task 38.0 in stage 0.0 (TID 38)) 7.720ms
[108.711s][info][gc          ] Allocation Stall (Executor task launch worker for task 43.0 in stage 0.0 (TID 43)) 7.691ms
[108.711s][info][gc          ] Allocation Stall (Executor task launch worker for task 29.0 in stage 0.0 (TID 29)) 5.716ms
[108.711s][info][gc          ] Allocation Stall (Executor task launch worker for task 4.0 in stage 0.0 (TID 4)) 5.570ms
[108.711s][info][gc          ] Allocation Stall (Executor task launch worker for task 6.0 in stage 0.0 (TID 6)) 5.231ms
[108.711s][info][gc          ] Allocation Stall (Executor task launch worker for task 45.0 in stage 0.0 (TID 45)) 5.104ms
[108.711s][info][gc          ] Allocation Stall (Executor task launch worker for task 21.0 in stage 0.0 (TID 21)) 4.989ms
[108.711s][info][gc          ] Allocation Stall (Executor task launch worker for task 20.0 in stage 0.0 (TID 20)) 4.889ms
[108.711s][info][gc          ] Allocation Stall (Executor task launch worker for task 28.0 in stage 0.0 (TID 28)) 4.876ms
[108.711s][info][gc          ] Allocation Stall (Executor task launch worker for task 46.0 in stage 0.0 (TID 46)) 4.868ms
[108.711s][info][gc          ] Allocation Stall (Executor task launch worker for task 19.0 in stage 0.0 (TID 19)) 4.894ms
[108.711s][info][gc          ] Allocation Stall (Executor task launch worker for task 17.0 in stage 0.0 (TID 17)) 4.927ms
[108.711s][info][gc          ] Allocation Stall (Executor task launch worker for task 16.0 in stage 0.0 (TID 16)) 4.848ms
[108.711s][info][gc          ] Allocation Stall (Executor task launch worker for task 44.0 in stage 0.0 (TID 44)) 4.868ms
[108.711s][info][gc          ] Allocation Stall (Executor task launch worker for task 35.0 in stage 0.0 (TID 35)) 4.324ms
[108.711s][info][gc          ] Allocation Stall (Executor task launch worker for task 47.0 in stage 0.0 (TID 47)) 4.205ms
[108.712s][info][gc          ] Allocation Stall (Executor task launch worker for task 39.0 in stage 0.0 (TID 39)) 4.179ms
[108.712s][info][gc          ] Allocation Stall (Executor task launch worker for task 30.0 in stage 0.0 (TID 30)) 4.200ms
[108.712s][info][gc          ] Allocation Stall (Executor task launch worker for task 3.0 in stage 0.0 (TID 3)) 4.232ms
[108.712s][info][gc          ] Allocation Stall (Executor task launch worker for task 2.0 in stage 0.0 (TID 2)) 4.263ms
[108.712s][info][gc          ] Allocation Stall (Executor task launch worker for task 33.0 in stage 0.0 (TID 33)) 4.280ms
[108.712s][info][gc          ] Allocation Stall (Executor task launch worker for task 24.0 in stage 0.0 (TID 24)) 4.241ms
[108.712s][info][gc          ] Allocation Stall (Executor task launch worker for task 12.0 in stage 0.0 (TID 12)) 4.222ms
[108.712s][info][gc          ] Allocation Stall (Executor task launch worker for task 1.0 in stage 0.0 (TID 1)) 4.208ms
[108.712s][info][gc          ] Allocation Stall (Executor task launch worker for task 32.0 in stage 0.0 (TID 32)) 4.171ms
[108.712s][info][gc          ] Allocation Stall (Executor task launch worker for task 10.0 in stage 0.0 (TID 10)) 4.164ms
[108.712s][info][gc          ] Allocation Stall (Executor task launch worker for task 18.0 in stage 0.0 (TID 18)) 4.142ms
[108.712s][info][gc          ] Allocation Stall (Executor task launch worker for task 11.0 in stage 0.0 (TID 11)) 2.572ms
[108.736s][info][gc          ] Allocation Stall (Executor task launch worker for task 40.0 in stage 0.0 (TID 40)) 4.625ms
[108.736s][info][gc          ] Allocation Stall (Executor task launch worker for task 37.0 in stage 0.0 (TID 37)) 4.698ms
[108.736s][info][gc          ] Allocation Stall (Executor task launch worker for task 36.0 in stage 0.0 (TID 36)) 4.556ms
[108.736s][info][gc          ] Allocation Stall (Executor task launch worker for task 29.0 in stage 0.0 (TID 29)) 4.339ms
[108.736s][info][gc          ] Allocation Stall (Executor task launch worker for task 10.0 in stage 0.0 (TID 10)) 4.358ms
[108.736s][info][gc          ] Allocation Stall (Executor task launch worker for task 27.0 in stage 0.0 (TID 27)) 4.426ms
[108.736s][info][gc          ] Allocation Stall (Executor task launch worker for task 47.0 in stage 0.0 (TID 47)) 4.099ms
[108.736s][info][gc          ] Allocation Stall (Executor task launch worker for task 14.0 in stage 0.0 (TID 14)) 4.542ms
[108.736s][info][gc          ] Allocation Stall (Executor task launch worker for task 19.0 in stage 0.0 (TID 19)) 4.054ms
[108.736s][info][gc          ] Allocation Stall (Executor task launch worker for task 0.0 in stage 0.0 (TID 0)) 5.728ms
[108.736s][info][gc          ] Allocation Stall (Executor task launch worker for task 42.0 in stage 0.0 (TID 42)) 5.600ms
[108.736s][info][gc,phases   ] GC(95) Concurrent Relocate 101.190ms
[108.736s][info][gc          ] Allocation Stall (Executor task launch worker for task 31.0 in stage 0.0 (TID 31)) 5.604ms
[108.736s][info][gc          ] Allocation Stall (Executor task launch worker for task 12.0 in stage 0.0 (TID 12)) 5.588ms
[108.736s][info][gc          ] Allocation Stall (Executor task launch worker for task 41.0 in stage 0.0 (TID 41)) 5.503ms
[108.736s][info][gc          ] Allocation Stall (Executor task launch worker for task 46.0 in stage 0.0 (TID 46)) 5.283ms
[108.736s][info][gc          ] Allocation Stall (Executor task launch worker for task 4.0 in stage 0.0 (TID 4)) 5.176ms
[108.736s][info][gc          ] Allocation Stall (Executor task launch worker for task 43.0 in stage 0.0 (TID 43)) 4.095ms
[108.736s][info][gc,load     ] GC(95) Load: 0.00/0.00/0.00
[108.737s][info][gc          ] Allocation Stall (Executor task launch worker for task 45.0 in stage 0.0 (TID 45)) 4.382ms
[108.737s][info][gc,mmu      ] GC(95) MMU: 2ms/94.2%, 5ms/97.7%, 10ms/98.8%, 20ms/99.3%, 50ms/99.7%, 100ms/99.8%
[108.737s][info][gc,marking  ] GC(95) Mark: 8 stripe(s), 3 proactive flush(es), 1 terminate flush(es), 0 completion(s), 0 continuation(s) 
[108.737s][info][gc          ] Allocation Stall (Executor task launch worker for task 17.0 in stage 0.0 (TID 17)) 4.194ms
[108.737s][info][gc,marking  ] GC(95) Mark Stack Usage: 32M
[108.737s][info][gc          ] Allocation Stall (Executor task launch worker for task 23.0 in stage 0.0 (TID 23)) 4.184ms
[108.737s][info][gc,nmethod  ] GC(95) NMethods: 2310 registered, 99 unregistered
[108.737s][info][gc          ] Allocation Stall (Executor task launch worker for task 2.0 in stage 0.0 (TID 2)) 3.993ms
[108.737s][info][gc,metaspace] GC(95) Metaspace: 112M used, 124M committed, 1152M reserved
[108.737s][info][gc          ] Allocation Stall (Executor task launch worker for task 8.0 in stage 0.0 (TID 8)) 3.842ms
[108.737s][info][gc,ref      ] GC(95) Soft: 2800 encountered, 226 discovered, 0 enqueued
[108.737s][info][gc          ] Allocation Stall (Executor task launch worker for task 6.0 in stage 0.0 (TID 6)) 3.860ms
[108.737s][info][gc,ref      ] GC(95) Weak: 12969 encountered, 3091 discovered, 0 enqueued
[108.737s][info][gc,ref      ] GC(95) Final: 62 encountered, 16 discovered, 0 enqueued
[108.737s][info][gc,ref      ] GC(95) Phantom: 750 encountered, 670 discovered, 0 enqueued
[108.737s][info][gc,reloc    ] GC(95) Small Pages: 93 / 186M, Empty: 42M, Relocated: 6M, In-Place: 5
[108.737s][info][gc,reloc    ] GC(95) Medium Pages: 21 / 672M, Empty: 0M, Relocated: 82M, In-Place: 2
[108.737s][info][gc,reloc    ] GC(95) Large Pages: 18 / 144M, Empty: 8M, Relocated: 0M, In-Place: 0
[108.737s][info][gc,reloc    ] GC(95) Forwarding Usage: 0M
[108.737s][info][gc,heap     ] GC(95) Min Capacity: 8M(1%)
[108.737s][info][gc,heap     ] GC(95) Max Capacity: 1024M(100%)
[108.737s][info][gc,heap     ] GC(95) Soft Max Capacity: 1024M(100%)
[108.737s][info][gc,heap     ] GC(95)                Mark Start          Mark End        Relocate Start      Relocate End           High               Low         
[108.737s][info][gc,heap     ] GC(95)  Capacity:     1024M (100%)       1024M (100%)       1024M (100%)       1024M (100%)       1024M (100%)       1024M (100%)   
[108.737s][info][gc,heap     ] GC(95)      Free:        0M (0%)            0M (0%)            0M (0%)            0M (0%)           58M (6%)            0M (0%)     
[108.737s][info][gc,heap     ] GC(95)      Used:     1024M (100%)       1024M (100%)       1024M (100%)       1024M (100%)       1024M (100%)        966M (94%)    
[108.737s][info][gc,heap     ] GC(95)      Live:         -               725M (71%)         725M (71%)         725M (71%)            -                  -          
[108.737s][info][gc,heap     ] GC(95) Allocated:         -                 0M (0%)           50M (5%)          166M (16%)            -                  -          
[108.737s][info][gc,heap     ] GC(95)   Garbage:         -               298M (29%)         248M (24%)         131M (13%)            -                  -          
[108.737s][info][gc,heap     ] GC(95) Reclaimed:         -                  -                50M (5%)          166M (16%)            -                  -          
[108.737s][info][gc          ] GC(95) Garbage Collection (Allocation Stall) 1024M(100%)->1024M(100%)
[108.737s][info][gc,start    ] GC(96) Garbage Collection (Allocation Stall)
[108.737s][info][gc,ref      ] GC(96) Clearing All SoftReferences
[108.737s][info][gc,task     ] GC(96) Using 10 workers
[108.738s][info][gc,ref      ] GC(96) Clearing All SoftReferences
[108.738s][info][gc,phases   ] GC(96) Pause Mark Start 0.025ms
[108.738s][info][gc          ] Allocation Stall (Executor task launch worker for task 28.0 in stage 0.0 (TID 28)) 4.681ms
[108.738s][info][gc          ] Allocation Stall (Executor task launch worker for task 16.0 in stage 0.0 (TID 16)) 4.816ms
[108.738s][info][gc          ] Allocation Stall (Executor task launch worker for task 30.0 in stage 0.0 (TID 30)) 4.658ms
[108.738s][info][gc          ] Allocation Stall (Executor task launch worker for task 1.0 in stage 0.0 (TID 1)) 4.606ms
[108.738s][info][gc          ] Allocation Stall (Executor task launch worker for task 39.0 in stage 0.0 (TID 39)) 4.571ms
[108.738s][info][gc          ] Allocation Stall (Executor task launch worker for task 3.0 in stage 0.0 (TID 3)) 4.548ms
[108.738s][info][gc          ] Allocation Stall (Executor task launch worker for task 20.0 in stage 0.0 (TID 20)) 4.624ms
[108.738s][info][gc          ] Allocation Stall (Executor task launch worker for task 26.0 in stage 0.0 (TID 26)) 4.579ms
[108.738s][info][gc          ] Allocation Stall (Executor task launch worker for task 38.0 in stage 0.0 (TID 38)) 4.713ms
[108.738s][info][gc          ] Allocation Stall (Executor task launch worker for task 5.0 in stage 0.0 (TID 5)) 4.621ms
[108.738s][info][gc          ] Allocation Stall (Executor task launch worker for task 32.0 in stage 0.0 (TID 32)) 4.595ms
[108.738s][info][gc          ] Allocation Stall (Executor task launch worker for task 44.0 in stage 0.0 (TID 44)) 4.597ms
[108.738s][info][gc          ] Allocation Stall (Executor task launch worker for task 7.0 in stage 0.0 (TID 7)) 4.543ms
[108.738s][info][gc          ] Allocation Stall (Executor task launch worker for task 9.0 in stage 0.0 (TID 9)) 4.660ms
[108.738s][info][gc          ] Allocation Stall (Executor task launch worker for task 21.0 in stage 0.0 (TID 21)) 4.479ms
[108.738s][info][gc          ] Allocation Stall (Executor task launch worker for task 13.0 in stage 0.0 (TID 13)) 4.491ms
[108.738s][info][gc          ] Allocation Stall (Executor task launch worker for task 25.0 in stage 0.0 (TID 25)) 4.475ms
[108.738s][info][gc          ] Allocation Stall (Executor task launch worker for task 24.0 in stage 0.0 (TID 24)) 3.890ms
[108.738s][info][gc          ] Allocation Stall (Executor task launch worker for task 33.0 in stage 0.0 (TID 33)) 3.892ms
[108.738s][info][gc          ] Allocation Stall (Executor task launch worker for task 18.0 in stage 0.0 (TID 18)) 3.968ms
[108.738s][info][gc          ] Allocation Stall (Executor task launch worker for task 35.0 in stage 0.0 (TID 35)) 3.992ms
[108.738s][info][gc          ] Allocation Stall (Executor task launch worker for task 34.0 in stage 0.0 (TID 34)) 3.935ms
[108.738s][info][gc          ] Allocation Stall (Executor task launch worker for task 11.0 in stage 0.0 (TID 11)) 3.954ms
[108.738s][info][gc          ] Allocation Stall (Executor task launch worker for task 22.0 in stage 0.0 (TID 22)) 3.993ms
[108.738s][info][gc          ] Allocation Stall (Executor task launch worker for task 10.0 in stage 0.0 (TID 10)) 0.603ms
[108.739s][info][gc          ] Allocation Stall (Executor task launch worker for task 43.0 in stage 0.0 (TID 43)) 0.670ms
[108.739s][info][gc          ] Allocation Stall (Executor task launch worker for task 6.0 in stage 0.0 (TID 6)) 0.620ms
[108.739s][info][gc          ] Allocation Stall (Executor task launch worker for task 41.0 in stage 0.0 (TID 41)) 0.651ms
[108.739s][info][gc          ] Allocation Stall (Executor task launch worker for task 19.0 in stage 0.0 (TID 19)) 0.626ms
[108.739s][info][gc          ] Allocation Stall (Executor task launch worker for task 29.0 in stage 0.0 (TID 29)) 0.642ms
[108.739s][info][gc          ] Allocation Stall (Executor task launch worker for task 47.0 in stage 0.0 (TID 47)) 0.680ms
[108.739s][info][gc          ] Allocation Stall (Executor task launch worker for task 36.0 in stage 0.0 (TID 36)) 0.547ms
[108.775s][info][gc,phases   ] GC(96) Concurrent Mark 37.562ms
[108.776s][info][gc,phases   ] GC(96) Pause Mark End 0.017ms
[108.776s][info][gc,phases   ] GC(96) Concurrent Mark Free 0.001ms
[108.776s][info][gc,phases   ] GC(96) Concurrent Process Non-Strong References 0.861ms
[108.777s][info][gc,phases   ] GC(96) Concurrent Reset Relocation Set 0.006ms
[108.779s][info][gc          ] Allocation Stall (Executor task launch worker for task 20.0 in stage 0.0 (TID 20)) 25.139ms
[108.779s][info][gc          ] Allocation Stall (Executor task launch worker for task 38.0 in stage 0.0 (TID 38)) 25.122ms
[108.779s][info][gc          ] Allocation Stall (Executor task launch worker for task 33.0 in stage 0.0 (TID 33)) 25.244ms
[108.779s][info][gc          ] Allocation Stall (Executor task launch worker for task 3.0 in stage 0.0 (TID 3)) 25.118ms
[108.779s][info][gc          ] Allocation Stall (Executor task launch worker for task 26.0 in stage 0.0 (TID 26)) 25.233ms
[108.779s][info][gc          ] Allocation Stall (Executor task launch worker for task 15.0 in stage 0.0 (TID 15)) 22.307ms
[108.779s][info][gc          ] Allocation Stall (Executor task launch worker for task 2.0 in stage 0.0 (TID 2)) 25.200ms
[108.779s][info][gc          ] Allocation Stall (Executor task launch worker for task 10.0 in stage 0.0 (TID 10)) 30.791ms
[108.779s][info][gc          ] Allocation Stall (Executor task launch worker for task 35.0 in stage 0.0 (TID 35)) 30.770ms
[108.779s][info][gc          ] Allocation Stall (Executor task launch worker for task 31.0 in stage 0.0 (TID 31)) 27.203ms
[108.779s][info][gc          ] Allocation Stall (Executor task launch worker for task 37.0 in stage 0.0 (TID 37)) 26.806ms
[108.779s][info][gc          ] Allocation Stall (Executor task launch worker for task 47.0 in stage 0.0 (TID 47)) 26.788ms
[108.779s][info][gc          ] Allocation Stall (Executor task launch worker for task 32.0 in stage 0.0 (TID 32)) 26.668ms
[108.779s][info][gc          ] Allocation Stall (Executor task launch worker for task 34.0 in stage 0.0 (TID 34)) 26.600ms
[108.779s][info][gc          ] Allocation Stall (Executor task launch worker for task 9.0 in stage 0.0 (TID 9)) 26.603ms
[108.779s][info][gc          ] Allocation Stall (Executor task launch worker for task 40.0 in stage 0.0 (TID 40)) 26.555ms
[108.779s][info][gc          ] Allocation Stall (Executor task launch worker for task 42.0 in stage 0.0 (TID 42)) 26.598ms
[108.779s][info][gc          ] Allocation Stall (Executor task launch worker for task 30.0 in stage 0.0 (TID 30)) 26.696ms
[108.779s][info][gc          ] Allocation Stall (Executor task launch worker for task 1.0 in stage 0.0 (TID 1)) 26.272ms
[108.779s][info][gc          ] Allocation Stall (Executor task launch worker for task 21.0 in stage 0.0 (TID 21)) 26.274ms
[108.779s][info][gc          ] Allocation Stall (Executor task launch worker for task 12.0 in stage 0.0 (TID 12)) 26.258ms
[108.779s][info][gc          ] Allocation Stall (Executor task launch worker for task 36.0 in stage 0.0 (TID 36)) 26.002ms
[108.779s][info][gc          ] Allocation Stall (Executor task launch worker for task 7.0 in stage 0.0 (TID 7)) 26.000ms
[108.779s][info][gc          ] Allocation Stall (Executor task launch worker for task 8.0 in stage 0.0 (TID 8)) 25.985ms
[108.779s][info][gc          ] Allocation Stall (Executor task launch worker for task 16.0 in stage 0.0 (TID 16)) 25.977ms
[108.779s][info][gc          ] Allocation Stall (Executor task launch worker for task 39.0 in stage 0.0 (TID 39)) 25.967ms
[108.779s][info][gc          ] Allocation Stall (Executor task launch worker for task 24.0 in stage 0.0 (TID 24)) 25.985ms
[108.779s][info][gc          ] Allocation Stall (Executor task launch worker for task 0.0 in stage 0.0 (TID 0)) 26.306ms
[108.779s][info][gc          ] Allocation Stall (Executor task launch worker for task 23.0 in stage 0.0 (TID 23)) 25.975ms
[108.779s][info][gc          ] Allocation Stall (Executor task launch worker for task 43.0 in stage 0.0 (TID 43)) 25.939ms
[108.779s][info][gc,phases   ] GC(96) Concurrent Select Relocation Set 2.562ms
[108.779s][info][gc          ] Allocation Stall (Executor task launch worker for task 6.0 in stage 0.0 (TID 6)) 25.887ms
[108.779s][info][gc          ] Allocation Stall (Executor task launch worker for task 19.0 in stage 0.0 (TID 19)) 25.891ms
[108.779s][info][gc          ] Allocation Stall (Executor task launch worker for task 25.0 in stage 0.0 (TID 25)) 25.760ms
[108.779s][info][gc          ] Allocation Stall (Executor task launch worker for task 46.0 in stage 0.0 (TID 46)) 25.751ms
[108.779s][info][gc          ] Allocation Stall (Executor task launch worker for task 17.0 in stage 0.0 (TID 17)) 25.944ms
[108.779s][info][gc          ] Allocation Stall (Executor task launch worker for task 22.0 in stage 0.0 (TID 22)) 25.748ms
[108.779s][info][gc          ] Allocation Stall (Executor task launch worker for task 29.0 in stage 0.0 (TID 29)) 25.761ms
[108.779s][info][gc          ] Allocation Stall (Executor task launch worker for task 14.0 in stage 0.0 (TID 14)) 25.700ms
[108.779s][info][gc          ] Allocation Stall (Executor task launch worker for task 28.0 in stage 0.0 (TID 28)) 25.666ms
[108.779s][info][gc          ] Allocation Stall (Executor task launch worker for task 27.0 in stage 0.0 (TID 27)) 25.594ms
[108.779s][info][gc          ] Allocation Stall (Executor task launch worker for task 11.0 in stage 0.0 (TID 11)) 25.703ms
[108.779s][info][gc          ] Allocation Stall (Executor task launch worker for task 45.0 in stage 0.0 (TID 45)) 25.564ms
[108.779s][info][gc          ] Allocation Stall (Executor task launch worker for task 4.0 in stage 0.0 (TID 4)) 25.517ms
[108.779s][info][gc          ] Allocation Stall (Executor task launch worker for task 13.0 in stage 0.0 (TID 13)) 25.495ms
[108.779s][info][gc          ] Allocation Stall (Executor task launch worker for task 5.0 in stage 0.0 (TID 5)) 25.443ms
[108.779s][info][gc          ] Allocation Stall (Executor task launch worker for task 41.0 in stage 0.0 (TID 41)) 25.534ms
[108.779s][info][gc          ] Allocation Stall (Executor task launch worker for task 18.0 in stage 0.0 (TID 18)) 25.424ms
[108.779s][info][gc          ] Allocation Stall (Executor task launch worker for task 44.0 in stage 0.0 (TID 44)) 25.526ms
[108.781s][info][gc,phases   ] GC(96) Pause Relocate Start 0.007ms
[108.792s][info][gc          ] Allocation Stall (Executor task launch worker for task 17.0 in stage 0.0 (TID 17)) 1.546ms
[108.792s][info][gc,phases   ] GC(96) Concurrent Relocate 2.006ms
[108.792s][info][gc,load     ] GC(96) Load: 0.00/0.00/0.00
[108.792s][info][gc,mmu      ] GC(96) MMU: 2ms/94.2%, 5ms/97.7%, 10ms/98.8%, 20ms/99.3%, 50ms/99.7%, 100ms/99.8%
[108.793s][info][gc,marking  ] GC(96) Mark: 8 stripe(s), 2 proactive flush(es), 1 terminate flush(es), 0 completion(s), 0 continuation(s) 
[108.793s][info][gc,marking  ] GC(96) Mark Stack Usage: 32M
[108.793s][info][gc,nmethod  ] GC(96) NMethods: 2317 registered, 99 unregistered
[108.793s][info][gc,metaspace] GC(96) Metaspace: 112M used, 124M committed, 1152M reserved
[108.793s][info][gc,ref      ] GC(96) Soft: 2800 encountered, 1994 discovered, 0 enqueued
[108.793s][info][gc,ref      ] GC(96) Weak: 12969 encountered, 2919 discovered, 1 enqueued
[108.793s][info][gc,ref      ] GC(96) Final: 62 encountered, 25 discovered, 0 enqueued
[108.793s][info][gc,ref      ] GC(96) Phantom: 750 encountered, 598 discovered, 0 enqueued
[108.793s][info][gc,reloc    ] GC(96) Small Pages: 112 / 224M, Empty: 82M, Relocated: 8M, In-Place: 3
[108.793s][info][gc,reloc    ] GC(96) Medium Pages: 20 / 640M, Empty: 0M, Relocated: 0M, In-Place: 0
[108.793s][info][gc,reloc    ] GC(96) Large Pages: 17 / 136M, Empty: 16M, Relocated: 0M, In-Place: 0
[108.793s][info][gc,reloc    ] GC(96) Forwarding Usage: 0M
[108.793s][info][gc,heap     ] GC(96) Min Capacity: 8M(1%)
[108.793s][info][gc,heap     ] GC(96) Max Capacity: 1024M(100%)
[108.793s][info][gc,heap     ] GC(96) Soft Max Capacity: 1024M(100%)
[108.793s][info][gc,heap     ] GC(96)                Mark Start          Mark End        Relocate Start      Relocate End           High               Low         
[108.793s][info][gc,heap     ] GC(96)  Capacity:     1024M (100%)       1024M (100%)       1024M (100%)       1024M (100%)       1024M (100%)       1024M (100%)   
[108.793s][info][gc,heap     ] GC(96)      Free:        0M (0%)            0M (0%)           84M (8%)           16M (2%)           98M (10%)           0M (0%)     
[108.793s][info][gc,heap     ] GC(96)      Used:     1024M (100%)       1024M (100%)        940M (92%)        1008M (98%)        1024M (100%)        926M (90%)    
[108.793s][info][gc,heap     ] GC(96)      Live:         -               722M (71%)         722M (71%)         722M (71%)            -                  -          
[108.793s][info][gc,heap     ] GC(96) Allocated:         -                 0M (0%)           14M (1%)          132M (13%)            -                  -          
[108.793s][info][gc,heap     ] GC(96)   Garbage:         -               301M (29%)         203M (20%)         152M (15%)            -                  -          
[108.793s][info][gc,heap     ] GC(96) Reclaimed:         -                  -                98M (10%)         148M (15%)            -                  -          
[108.793s][info][gc          ] GC(96) Garbage Collection (Allocation Stall) 1024M(100%)->1008M(98%)
[108.793s][info][gc,start    ] GC(97) Garbage Collection (Allocation Stall)
[108.793s][info][gc,ref      ] GC(97) Clearing All SoftReferences
[108.793s][info][gc,task     ] GC(97) Using 10 workers
[108.807s][info][gc,ref      ] GC(97) Clearing All SoftReferences
[108.807s][info][gc,phases   ] GC(97) Pause Mark Start 0.038ms
[108.807s][info][gc          ] Allocation Stall (Executor task launch worker for task 22.0 in stage 0.0 (TID 22)) 15.770ms
[108.838s][info][gc,phases   ] GC(97) Concurrent Mark 30.992ms
[108.838s][info][gc,phases   ] GC(97) Pause Mark End 0.014ms
[108.838s][info][gc,phases   ] GC(97) Concurrent Mark Free 0.001ms
[108.839s][info][gc,phases   ] GC(97) Concurrent Process Non-Strong References 0.827ms
[108.839s][info][gc,phases   ] GC(97) Concurrent Reset Relocation Set 0.005ms
[108.842s][info][gc          ] Allocation Stall (Executor task launch worker for task 33.0 in stage 0.0 (TID 33)) 50.740ms
[108.842s][info][gc          ] Allocation Stall (Executor task launch worker for task 40.0 in stage 0.0 (TID 40)) 30.083ms
[108.842s][info][gc          ] Allocation Stall (Executor task launch worker for task 9.0 in stage 0.0 (TID 9)) 30.059ms
[108.842s][info][gc          ] Allocation Stall (Executor task launch worker for task 41.0 in stage 0.0 (TID 41)) 30.028ms
[108.842s][info][gc          ] Allocation Stall (Executor task launch worker for task 44.0 in stage 0.0 (TID 44)) 29.887ms
[108.842s][info][gc          ] Allocation Stall (Executor task launch worker for task 25.0 in stage 0.0 (TID 25)) 29.969ms
[108.842s][info][gc          ] Allocation Stall (Executor task launch worker for task 2.0 in stage 0.0 (TID 2)) 29.927ms
[108.842s][info][gc,phases   ] GC(97) Concurrent Select Relocation Set 3.251ms
[108.842s][info][gc          ] Allocation Stall (Executor task launch worker for task 43.0 in stage 0.0 (TID 43)) 29.843ms
[108.842s][info][gc          ] Allocation Stall (Executor task launch worker for task 47.0 in stage 0.0 (TID 47)) 29.823ms
[108.842s][info][gc          ] Allocation Stall (Executor task launch worker for task 46.0 in stage 0.0 (TID 46)) 29.833ms
[108.853s][info][gc,phases   ] GC(97) Pause Relocate Start 0.006ms
[108.854s][info][gc          ] Allocation Stall (Executor task launch worker for task 37.0 in stage 0.0 (TID 37)) 40.738ms
[108.854s][info][gc          ] Allocation Stall (Executor task launch worker for task 0.0 in stage 0.0 (TID 0)) 40.185ms
[108.854s][info][gc          ] Allocation Stall (Executor task launch worker for task 30.0 in stage 0.0 (TID 30)) 40.309ms
[108.854s][info][gc          ] Allocation Stall (Executor task launch worker for task 21.0 in stage 0.0 (TID 21)) 39.600ms
[108.854s][info][gc          ] Allocation Stall (Executor task launch worker for task 27.0 in stage 0.0 (TID 27)) 40.569ms
[108.854s][info][gc          ] Allocation Stall (Executor task launch worker for task 19.0 in stage 0.0 (TID 19)) 40.031ms
[108.854s][info][gc          ] Allocation Stall (Executor task launch worker for task 15.0 in stage 0.0 (TID 15)) 39.882ms
[108.854s][info][gc          ] Allocation Stall (Executor task launch worker for task 29.0 in stage 0.0 (TID 29)) 40.314ms
[108.854s][info][gc          ] Allocation Stall (Executor task launch worker for task 7.0 in stage 0.0 (TID 7)) 40.947ms
[108.854s][info][gc          ] Allocation Stall (Executor task launch worker for task 35.0 in stage 0.0 (TID 35)) 40.848ms
[108.854s][info][gc          ] Allocation Stall (Executor task launch worker for task 39.0 in stage 0.0 (TID 39)) 40.650ms
[108.854s][info][gc          ] Allocation Stall (Executor task launch worker for task 1.0 in stage 0.0 (TID 1)) 39.274ms
[108.854s][info][gc          ] Allocation Stall (Executor task launch worker for task 14.0 in stage 0.0 (TID 14)) 39.951ms
[108.854s][info][gc          ] Allocation Stall (Executor task launch worker for task 12.0 in stage 0.0 (TID 12)) 39.546ms
[108.854s][info][gc          ] Allocation Stall (Executor task launch worker for task 26.0 in stage 0.0 (TID 26)) 39.912ms
[108.854s][info][gc          ] Allocation Stall (Executor task launch worker for task 11.0 in stage 0.0 (TID 11)) 39.576ms
[108.854s][info][gc          ] Allocation Stall (Executor task launch worker for task 28.0 in stage 0.0 (TID 28)) 39.321ms
[108.854s][info][gc          ] Allocation Stall (Executor task launch worker for task 5.0 in stage 0.0 (TID 5)) 40.599ms
[108.854s][info][gc          ] Allocation Stall (Executor task launch worker for task 24.0 in stage 0.0 (TID 24)) 39.344ms
[108.854s][info][gc          ] Allocation Stall (Executor task launch worker for task 38.0 in stage 0.0 (TID 38)) 39.299ms
[108.854s][info][gc          ] Allocation Stall (Executor task launch worker for task 13.0 in stage 0.0 (TID 13)) 39.306ms
[108.854s][info][gc          ] Allocation Stall (Executor task launch worker for task 6.0 in stage 0.0 (TID 6)) 39.173ms
[108.854s][info][gc          ] Allocation Stall (Executor task launch worker for task 18.0 in stage 0.0 (TID 18)) 39.033ms
[108.854s][info][gc          ] Allocation Stall (Executor task launch worker for task 17.0 in stage 0.0 (TID 17)) 39.158ms
[108.854s][info][gc          ] Allocation Stall (Executor task launch worker for task 16.0 in stage 0.0 (TID 16)) 39.045ms
[108.854s][info][gc          ] Allocation Stall (Executor task launch worker for task 36.0 in stage 0.0 (TID 36)) 39.034ms
[108.854s][info][gc          ] Allocation Stall (Executor task launch worker for task 23.0 in stage 0.0 (TID 23)) 38.969ms
[108.854s][info][gc          ] Allocation Stall (Executor task launch worker for task 10.0 in stage 0.0 (TID 10)) 38.911ms
[108.854s][info][gc          ] Allocation Stall (Executor task launch worker for task 42.0 in stage 0.0 (TID 42)) 38.893ms
[108.854s][info][gc          ] Allocation Stall (Executor task launch worker for task 3.0 in stage 0.0 (TID 3)) 38.882ms
[108.854s][info][gc          ] Allocation Stall (Executor task launch worker for task 31.0 in stage 0.0 (TID 31)) 38.857ms
[108.854s][info][gc          ] Allocation Stall (Executor task launch worker for task 34.0 in stage 0.0 (TID 34)) 38.863ms
[108.854s][info][gc          ] Allocation Stall (Executor task launch worker for task 20.0 in stage 0.0 (TID 20)) 38.858ms
[108.854s][info][gc          ] Allocation Stall (Executor task launch worker for task 45.0 in stage 0.0 (TID 45)) 38.876ms
[108.854s][info][gc          ] Allocation Stall (Executor task launch worker for task 8.0 in stage 0.0 (TID 8)) 39.096ms
[108.854s][info][gc          ] Allocation Stall (Executor task launch worker for task 32.0 in stage 0.0 (TID 32)) 38.919ms
[108.854s][info][gc          ] Allocation Stall (Executor task launch worker for task 4.0 in stage 0.0 (TID 4)) 38.756ms
[108.854s][info][gc          ] Allocation Stall (Executor task launch worker for task 22.0 in stage 0.0 (TID 22)) 31.905ms
[108.854s][info][gc          ] Allocation Stall (Spark Context Cleaner) 16.246ms
[108.903s][info][gc          ] Allocation Stall (Executor task launch worker for task 10.0 in stage 0.0 (TID 10)) 2.726ms
[108.903s][info][gc          ] Allocation Stall (Executor task launch worker for task 6.0 in stage 0.0 (TID 6)) 2.416ms
[108.903s][info][gc          ] Allocation Stall (Executor task launch worker for task 34.0 in stage 0.0 (TID 34)) 2.414ms
[108.903s][info][gc          ] Allocation Stall (Executor task launch worker for task 17.0 in stage 0.0 (TID 17)) 2.415ms
[108.903s][info][gc          ] Allocation Stall (Executor task launch worker for task 44.0 in stage 0.0 (TID 44)) 2.248ms
[108.903s][info][gc          ] Allocation Stall (Executor task launch worker for task 38.0 in stage 0.0 (TID 38)) 2.271ms
[108.903s][info][gc          ] Allocation Stall (Executor task launch worker for task 2.0 in stage 0.0 (TID 2)) 2.225ms
[108.903s][info][gc          ] Allocation Stall (Executor task launch worker for task 46.0 in stage 0.0 (TID 46)) 1.999ms
[108.904s][info][gc          ] Allocation Stall (Executor task launch worker for task 11.0 in stage 0.0 (TID 11)) 2.004ms
[108.904s][info][gc          ] Allocation Stall (Executor task launch worker for task 39.0 in stage 0.0 (TID 39)) 1.932ms
[108.904s][info][gc          ] Allocation Stall (Executor task launch worker for task 0.0 in stage 0.0 (TID 0)) 1.970ms
[108.904s][info][gc          ] Allocation Stall (Executor task launch worker for task 18.0 in stage 0.0 (TID 18)) 1.970ms
[108.904s][info][gc          ] Allocation Stall (Executor task launch worker for task 21.0 in stage 0.0 (TID 21)) 1.922ms
[108.904s][info][gc          ] Allocation Stall (Executor task launch worker for task 4.0 in stage 0.0 (TID 4)) 1.902ms
[108.904s][info][gc          ] Allocation Stall (Executor task launch worker for task 16.0 in stage 0.0 (TID 16)) 1.448ms
[108.904s][info][gc          ] Allocation Stall (Executor task launch worker for task 1.0 in stage 0.0 (TID 1)) 1.293ms
[108.904s][info][gc          ] Allocation Stall (Executor task launch worker for task 20.0 in stage 0.0 (TID 20)) 0.938ms
[108.904s][info][gc          ] Allocation Stall (Executor task launch worker for task 12.0 in stage 0.0 (TID 12)) 0.934ms
[108.904s][info][gc          ] Allocation Stall (Executor task launch worker for task 8.0 in stage 0.0 (TID 8)) 0.371ms
[108.917s][info][gc          ] Allocation Stall (Executor task launch worker for task 16.0 in stage 0.0 (TID 16)) 4.844ms
[108.917s][info][gc          ] Allocation Stall (Executor task launch worker for task 8.0 in stage 0.0 (TID 8)) 4.346ms
[108.917s][info][gc          ] Allocation Stall (Executor task launch worker for task 3.0 in stage 0.0 (TID 3)) 4.204ms
[108.918s][info][gc          ] Allocation Stall (Executor task launch worker for task 12.0 in stage 0.0 (TID 12)) 3.290ms
[108.918s][info][gc          ] Allocation Stall (Executor task launch worker for task 30.0 in stage 0.0 (TID 30)) 3.010ms
[108.918s][info][gc          ] Allocation Stall (Executor task launch worker for task 24.0 in stage 0.0 (TID 24)) 2.185ms
[108.918s][info][gc          ] Allocation Stall (Executor task launch worker for task 34.0 in stage 0.0 (TID 34)) 1.404ms
[108.919s][info][gc          ] Allocation Stall (Executor task launch worker for task 5.0 in stage 0.0 (TID 5)) 0.309ms
[108.919s][info][gc          ] Allocation Stall (Executor task launch worker for task 10.0 in stage 0.0 (TID 10)) 0.307ms
[108.929s][info][gc          ] Allocation Stall (Executor task launch worker for task 44.0 in stage 0.0 (TID 44)) 1.750ms
[108.944s][info][gc          ] Allocation Stall (Executor task launch worker for task 6.0 in stage 0.0 (TID 6)) 9.569ms
[108.944s][info][gc          ] Allocation Stall (Executor task launch worker for task 33.0 in stage 0.0 (TID 33)) 8.616ms
[108.944s][info][gc          ] Allocation Stall (Executor task launch worker for task 45.0 in stage 0.0 (TID 45)) 11.498ms
[108.944s][info][gc          ] Allocation Stall (Executor task launch worker for task 18.0 in stage 0.0 (TID 18)) 9.652ms
[108.944s][info][gc          ] Allocation Stall (Executor task launch worker for task 39.0 in stage 0.0 (TID 39)) 8.397ms
[108.944s][info][gc          ] Allocation Stall (Executor task launch worker for task 32.0 in stage 0.0 (TID 32)) 8.480ms
[108.944s][info][gc          ] Allocation Stall (Executor task launch worker for task 46.0 in stage 0.0 (TID 46)) 14.443ms
[108.944s][info][gc          ] Allocation Stall (Executor task launch worker for task 1.0 in stage 0.0 (TID 1)) 12.530ms
[108.944s][info][gc          ] Allocation Stall (Executor task launch worker for task 29.0 in stage 0.0 (TID 29)) 11.050ms
[108.944s][info][gc          ] Allocation Stall (Executor task launch worker for task 16.0 in stage 0.0 (TID 16)) 9.875ms
[108.944s][info][gc          ] Allocation Stall (Executor task launch worker for task 0.0 in stage 0.0 (TID 0)) 9.961ms
[108.944s][info][gc          ] Allocation Stall (Executor task launch worker for task 35.0 in stage 0.0 (TID 35)) 12.507ms
[108.944s][info][gc          ] Allocation Stall (Executor task launch worker for task 4.0 in stage 0.0 (TID 4)) 14.710ms
[108.944s][info][gc          ] Allocation Stall (Executor task launch worker for task 47.0 in stage 0.0 (TID 47)) 14.552ms
[108.944s][info][gc,phases   ] GC(97) Concurrent Relocate 90.819ms
[108.944s][info][gc          ] Allocation Stall (Executor task launch worker for task 12.0 in stage 0.0 (TID 12)) 14.510ms
[108.944s][info][gc          ] Allocation Stall (Executor task launch worker for task 36.0 in stage 0.0 (TID 36)) 14.478ms
[108.945s][info][gc,load     ] GC(97) Load: 0.00/0.00/0.00
[108.945s][info][gc,mmu      ] GC(97) MMU: 2ms/94.2%, 5ms/97.7%, 10ms/98.8%, 20ms/99.3%, 50ms/99.7%, 100ms/99.8%
[108.945s][info][gc,marking  ] GC(97) Mark: 8 stripe(s), 2 proactive flush(es), 1 terminate flush(es), 0 completion(s), 0 continuation(s) 
[108.945s][info][gc,marking  ] GC(97) Mark Stack Usage: 32M
[108.945s][info][gc,nmethod  ] GC(97) NMethods: 2317 registered, 99 unregistered
[108.945s][info][gc,metaspace] GC(97) Metaspace: 112M used, 124M committed, 1152M reserved
[108.945s][info][gc,ref      ] GC(97) Soft: 2800 encountered, 1980 discovered, 0 enqueued
[108.945s][info][gc,ref      ] GC(97) Weak: 12966 encountered, 1917 discovered, 0 enqueued
[108.945s][info][gc,ref      ] GC(97) Final: 62 encountered, 22 discovered, 0 enqueued
[108.945s][info][gc,ref      ] GC(97) Phantom: 750 encountered, 643 discovered, 0 enqueued
[108.945s][info][gc,reloc    ] GC(97) Small Pages: 93 / 186M, Empty: 40M, Relocated: 8M, In-Place: 6
[108.945s][info][gc,reloc    ] GC(97) Medium Pages: 21 / 672M, Empty: 0M, Relocated: 80M, In-Place: 3
[108.945s][info][gc,reloc    ] GC(97) Large Pages: 15 / 120M, Empty: 0M, Relocated: 0M, In-Place: 0
[108.945s][info][gc,reloc    ] GC(97) Forwarding Usage: 0M
[108.945s][info][gc,heap     ] GC(97) Min Capacity: 8M(1%)
[108.945s][info][gc,heap     ] GC(97) Max Capacity: 1024M(100%)
[108.945s][info][gc,heap     ] GC(97) Soft Max Capacity: 1024M(100%)
[108.945s][info][gc          ] Allocation Stall (Executor task launch worker for task 41.0 in stage 0.0 (TID 41)) 8.878ms
[108.945s][info][gc,heap     ] GC(97)                Mark Start          Mark End        Relocate Start      Relocate End           High               Low         
[108.945s][info][gc          ] Allocation Stall (Executor task launch worker for task 19.0 in stage 0.0 (TID 19)) 8.826ms
[108.945s][info][gc          ] Allocation Stall (Executor task launch worker for task 23.0 in stage 0.0 (TID 23)) 8.722ms
[108.945s][info][gc,heap     ] GC(97)  Capacity:     1024M (100%)       1024M (100%)       1024M (100%)       1024M (100%)       1024M (100%)       1024M (100%)   
[108.945s][info][gc          ] Allocation Stall (Executor task launch worker for task 2.0 in stage 0.0 (TID 2)) 8.744ms
[108.945s][info][gc          ] Allocation Stall (Executor task launch worker for task 5.0 in stage 0.0 (TID 5)) 8.623ms
[108.945s][info][gc,heap     ] GC(97)      Free:       14M (1%)            0M (0%)            0M (0%)            0M (0%)           80M (8%)            0M (0%)     
[108.945s][info][gc          ] Allocation Stall (Executor task launch worker for task 26.0 in stage 0.0 (TID 26)) 8.590ms
[108.945s][info][gc          ] Allocation Stall (Executor task launch worker for task 27.0 in stage 0.0 (TID 27)) 8.456ms
[108.945s][info][gc,heap     ] GC(97)      Used:     1010M (99%)        1024M (100%)       1024M (100%)       1024M (100%)       1024M (100%)        944M (92%)    
[108.945s][info][gc          ] Allocation Stall (Executor task launch worker for task 11.0 in stage 0.0 (TID 11)) 8.498ms
[108.945s][info][gc          ] Allocation Stall (Executor task launch worker for task 38.0 in stage 0.0 (TID 38)) 8.490ms
[108.945s][info][gc,heap     ] GC(97)      Live:         -               720M (70%)         720M (70%)         720M (70%)            -                  -          
[108.945s][info][gc          ] Allocation Stall (Executor task launch worker for task 37.0 in stage 0.0 (TID 37)) 8.386ms
[108.945s][info][gc          ] Allocation Stall (Executor task launch worker for task 44.0 in stage 0.0 (TID 44)) 8.210ms
[108.945s][info][gc,heap     ] GC(97) Allocated:         -                14M (1%)           54M (5%)          180M (18%)            -                  -          
[108.945s][info][gc          ] Allocation Stall (Executor task launch worker for task 42.0 in stage 0.0 (TID 42)) 8.161ms
[108.945s][info][gc          ] Allocation Stall (Executor task launch worker for task 14.0 in stage 0.0 (TID 14)) 8.167ms
[108.945s][info][gc,heap     ] GC(97)   Garbage:         -               289M (28%)         249M (24%)         123M (12%)            -                  -          
[108.945s][info][gc          ] Allocation Stall (Executor task launch worker for task 9.0 in stage 0.0 (TID 9)) 8.181ms
[108.945s][info][gc,heap     ] GC(97) Reclaimed:         -                  -                40M (4%)          166M (16%)            -                  -          
[108.945s][info][gc          ] Allocation Stall (Executor task launch worker for task 17.0 in stage 0.0 (TID 17)) 8.093ms
[108.946s][info][gc          ] GC(97) Garbage Collection (Allocation Stall) 1010M(99%)->1024M(100%)
[108.946s][info][gc          ] Allocation Stall (Executor task launch worker for task 43.0 in stage 0.0 (TID 43)) 8.198ms
[108.946s][info][gc,start    ] GC(98) Garbage Collection (Allocation Stall)
[108.946s][info][gc          ] Allocation Stall (Executor task launch worker for task 13.0 in stage 0.0 (TID 13)) 8.208ms
[108.946s][info][gc,ref      ] GC(98) Clearing All SoftReferences
[108.946s][info][gc          ] Allocation Stall (Executor task launch worker for task 25.0 in stage 0.0 (TID 25)) 8.054ms
[108.946s][info][gc,task     ] GC(98) Using 10 workers
[108.946s][info][gc          ] Allocation Stall (Executor task launch worker for task 30.0 in stage 0.0 (TID 30)) 8.107ms
[108.963s][info][gc,ref      ] GC(98) Clearing All SoftReferences
[108.963s][info][gc,phases   ] GC(98) Pause Mark Start 0.038ms
[108.963s][info][gc          ] Allocation Stall (Executor task launch worker for task 40.0 in stage 0.0 (TID 40)) 25.248ms
[108.963s][info][gc          ] Allocation Stall (Executor task launch worker for task 8.0 in stage 0.0 (TID 8)) 24.911ms
[108.963s][info][gc          ] Allocation Stall (Executor task launch worker for task 10.0 in stage 0.0 (TID 10)) 25.279ms
[108.963s][info][gc          ] Allocation Stall (Executor task launch worker for task 20.0 in stage 0.0 (TID 20)) 24.700ms
[108.963s][info][gc          ] Allocation Stall (Executor task launch worker for task 15.0 in stage 0.0 (TID 15)) 24.901ms
[108.963s][info][gc          ] Allocation Stall (Executor task launch worker for task 24.0 in stage 0.0 (TID 24)) 24.766ms
[108.963s][info][gc          ] Allocation Stall (Executor task launch worker for task 28.0 in stage 0.0 (TID 28)) 24.649ms
[108.963s][info][gc          ] Allocation Stall (Executor task launch worker for task 21.0 in stage 0.0 (TID 21)) 22.357ms
[108.963s][info][gc          ] Allocation Stall (Executor task launch worker for task 34.0 in stage 0.0 (TID 34)) 25.226ms
[108.963s][info][gc          ] Allocation Stall (Executor task launch worker for task 3.0 in stage 0.0 (TID 3)) 24.973ms
[109.010s][info][gc,phases   ] GC(98) Concurrent Mark 46.638ms
[109.010s][info][gc,phases   ] GC(98) Pause Mark End 0.015ms
[109.010s][info][gc,phases   ] GC(98) Concurrent Mark Free 0.001ms
[109.011s][info][gc,phases   ] GC(98) Concurrent Process Non-Strong References 1.036ms
[109.011s][info][gc,phases   ] GC(98) Concurrent Reset Relocation Set 0.007ms
[109.014s][info][gc          ] Allocation Stall (Executor task launch worker for task 38.0 in stage 0.0 (TID 38)) 51.447ms
[109.014s][info][gc          ] Allocation Stall (Executor task launch worker for task 7.0 in stage 0.0 (TID 7)) 69.703ms
[109.015s][info][gc          ] Allocation Stall (Executor task launch worker for task 24.0 in stage 0.0 (TID 24)) 39.776ms
[109.015s][info][gc          ] Allocation Stall (Executor task launch worker for task 0.0 in stage 0.0 (TID 0)) 40.743ms
[109.015s][info][gc          ] Allocation Stall (Executor task launch worker for task 37.0 in stage 0.0 (TID 37)) 39.774ms
[109.015s][info][gc          ] Allocation Stall (Executor task launch worker for task 41.0 in stage 0.0 (TID 41)) 51.411ms
[109.015s][info][gc          ] Allocation Stall (Executor task launch worker for task 16.0 in stage 0.0 (TID 16)) 39.568ms
[109.015s][info][gc          ] Allocation Stall (Executor task launch worker for task 20.0 in stage 0.0 (TID 20)) 39.947ms
[109.015s][info][gc          ] Allocation Stall (Executor task launch worker for task 19.0 in stage 0.0 (TID 19)) 42.991ms
[109.015s][info][gc          ] Allocation Stall (Executor task launch worker for task 47.0 in stage 0.0 (TID 47)) 51.515ms
[109.015s][info][gc          ] Allocation Stall (Executor task launch worker for task 15.0 in stage 0.0 (TID 15)) 39.863ms
[109.015s][info][gc          ] Allocation Stall (Executor task launch worker for task 8.0 in stage 0.0 (TID 8)) 41.114ms
[109.015s][info][gc          ] Allocation Stall (Executor task launch worker for task 27.0 in stage 0.0 (TID 27)) 39.651ms
[109.015s][info][gc          ] Allocation Stall (Executor task launch worker for task 44.0 in stage 0.0 (TID 44)) 51.457ms
[109.015s][info][gc          ] Allocation Stall (Executor task launch worker for task 14.0 in stage 0.0 (TID 14)) 50.355ms
[109.015s][info][gc          ] Allocation Stall (Executor task launch worker for task 42.0 in stage 0.0 (TID 42)) 51.444ms
[109.015s][info][gc          ] Allocation Stall (Executor task launch worker for task 22.0 in stage 0.0 (TID 22)) 39.696ms
[109.015s][info][gc,phases   ] GC(98) Concurrent Select Relocation Set 3.648ms
[109.015s][info][gc          ] Allocation Stall (Executor task launch worker for task 43.0 in stage 0.0 (TID 43)) 39.592ms
[109.015s][info][gc          ] Allocation Stall (Executor task launch worker for task 35.0 in stage 0.0 (TID 35)) 39.625ms
[109.015s][info][gc          ] Allocation Stall (Executor task launch worker for task 40.0 in stage 0.0 (TID 40)) 39.671ms
[109.015s][info][gc          ] Allocation Stall (Executor task launch worker for task 17.0 in stage 0.0 (TID 17)) 39.698ms
[109.015s][info][gc          ] Allocation Stall (Executor task launch worker for task 28.0 in stage 0.0 (TID 28)) 39.734ms
[109.015s][info][gc          ] Allocation Stall (Executor task launch worker for task 9.0 in stage 0.0 (TID 9)) 39.769ms
[109.015s][info][gc          ] Allocation Stall (Executor task launch worker for task 13.0 in stage 0.0 (TID 13)) 39.968ms
[109.015s][info][gc          ] Allocation Stall (Executor task launch worker for task 18.0 in stage 0.0 (TID 18)) 39.906ms
[109.015s][info][gc          ] Allocation Stall (Executor task launch worker for task 23.0 in stage 0.0 (TID 23)) 39.947ms
[109.015s][info][gc          ] Allocation Stall (Executor task launch worker for task 33.0 in stage 0.0 (TID 33)) 40.035ms
[109.015s][info][gc          ] Allocation Stall (Executor task launch worker for task 21.0 in stage 0.0 (TID 21)) 40.041ms
[109.025s][info][gc,phases   ] GC(98) Pause Relocate Start 0.008ms
[109.025s][info][gc          ] Allocation Stall (Executor task launch worker for task 30.0 in stage 0.0 (TID 30)) 49.844ms
[109.025s][info][gc          ] Allocation Stall (Executor task launch worker for task 34.0 in stage 0.0 (TID 34)) 49.601ms
[109.025s][info][gc          ] Allocation Stall (Executor task launch worker for task 32.0 in stage 0.0 (TID 32)) 49.988ms
[109.025s][info][gc          ] Allocation Stall (Executor task launch worker for task 12.0 in stage 0.0 (TID 12)) 49.847ms
[109.025s][info][gc          ] Allocation Stall (Executor task launch worker for task 45.0 in stage 0.0 (TID 45)) 49.298ms
[109.025s][info][gc          ] Allocation Stall (Executor task launch worker for task 3.0 in stage 0.0 (TID 3)) 49.670ms
[109.025s][info][gc          ] Allocation Stall (Executor task launch worker for task 26.0 in stage 0.0 (TID 26)) 49.465ms
[109.025s][info][gc          ] Allocation Stall (Executor task launch worker for task 4.0 in stage 0.0 (TID 4)) 49.657ms
[109.025s][info][gc          ] Allocation Stall (Executor task launch worker for task 6.0 in stage 0.0 (TID 6)) 49.694ms
[109.026s][info][gc          ] Allocation Stall (Executor task launch worker for task 1.0 in stage 0.0 (TID 1)) 49.670ms
[109.026s][info][gc          ] Allocation Stall (Executor task launch worker for task 29.0 in stage 0.0 (TID 29)) 49.852ms
[109.026s][info][gc          ] Allocation Stall (Executor task launch worker for task 5.0 in stage 0.0 (TID 5)) 49.653ms
[109.026s][info][gc          ] Allocation Stall (Executor task launch worker for task 2.0 in stage 0.0 (TID 2)) 50.100ms
[109.026s][info][gc          ] Allocation Stall (Executor task launch worker for task 25.0 in stage 0.0 (TID 25)) 49.613ms
[109.026s][info][gc          ] Allocation Stall (Executor task launch worker for task 31.0 in stage 0.0 (TID 31)) 46.866ms
[109.026s][info][gc          ] Allocation Stall (Executor task launch worker for task 39.0 in stage 0.0 (TID 39)) 49.948ms
[109.026s][info][gc          ] Allocation Stall (Executor task launch worker for task 10.0 in stage 0.0 (TID 10)) 49.659ms
[109.026s][info][gc          ] Allocation Stall (Executor task launch worker for task 11.0 in stage 0.0 (TID 11)) 49.711ms
[109.026s][info][gc          ] Allocation Stall (Executor task launch worker for task 36.0 in stage 0.0 (TID 36)) 49.745ms
[109.026s][info][gc          ] Allocation Stall (Executor task launch worker for task 46.0 in stage 0.0 (TID 46)) 49.907ms
[109.060s][info][gc,phases   ] GC(98) Concurrent Relocate 34.178ms
[109.060s][info][gc,load     ] GC(98) Load: 0.00/0.00/0.00
[109.060s][info][gc,mmu      ] GC(98) MMU: 2ms/94.2%, 5ms/97.7%, 10ms/98.8%, 20ms/99.3%, 50ms/99.7%, 100ms/99.8%
[109.060s][info][gc,marking  ] GC(98) Mark: 8 stripe(s), 2 proactive flush(es), 1 terminate flush(es), 0 completion(s), 0 continuation(s) 
[109.060s][info][gc,marking  ] GC(98) Mark Stack Usage: 32M
[109.060s][info][gc,nmethod  ] GC(98) NMethods: 2321 registered, 99 unregistered
[109.060s][info][gc,metaspace] GC(98) Metaspace: 112M used, 124M committed, 1152M reserved
[109.060s][info][gc,ref      ] GC(98) Soft: 2800 encountered, 1844 discovered, 0 enqueued
[109.060s][info][gc,ref      ] GC(98) Weak: 12966 encountered, 4691 discovered, 0 enqueued
[109.060s][info][gc,ref      ] GC(98) Final: 62 encountered, 5 discovered, 0 enqueued
[109.060s][info][gc,ref      ] GC(98) Phantom: 750 encountered, 481 discovered, 0 enqueued
[109.060s][info][gc,reloc    ] GC(98) Small Pages: 121 / 242M, Empty: 98M, Relocated: 4M, In-Place: 0
[109.060s][info][gc,reloc    ] GC(98) Medium Pages: 20 / 640M, Empty: 0M, Relocated: 0M, In-Place: 0
[109.060s][info][gc,reloc    ] GC(98) Large Pages: 15 / 120M, Empty: 24M, Relocated: 0M, In-Place: 0
[109.060s][info][gc,reloc    ] GC(98) Forwarding Usage: 0M
[109.060s][info][gc,heap     ] GC(98) Min Capacity: 8M(1%)
[109.060s][info][gc,heap     ] GC(98) Max Capacity: 1024M(100%)
[109.060s][info][gc,heap     ] GC(98) Soft Max Capacity: 1024M(100%)
[109.060s][info][gc,heap     ] GC(98)                Mark Start          Mark End        Relocate Start      Relocate End           High               Low         
[109.060s][info][gc,heap     ] GC(98)  Capacity:     1024M (100%)       1024M (100%)       1024M (100%)       1024M (100%)       1024M (100%)       1024M (100%)   
[109.060s][info][gc,heap     ] GC(98)      Free:        2M (0%)            0M (0%)           42M (4%)           78M (8%)          122M (12%)           0M (0%)     
[109.060s][info][gc,heap     ] GC(98)      Used:     1022M (100%)       1024M (100%)        982M (96%)         946M (92%)        1024M (100%)        902M (88%)    
[109.060s][info][gc,heap     ] GC(98)      Live:         -               719M (70%)         719M (70%)         719M (70%)            -                  -          
[109.060s][info][gc,heap     ] GC(98) Allocated:         -                 2M (0%)           82M (8%)          110M (11%)            -                  -          
[109.060s][info][gc,heap     ] GC(98)   Garbage:         -               302M (30%)         180M (18%)         115M (11%)            -                  -          
[109.060s][info][gc,heap     ] GC(98) Reclaimed:         -                  -               122M (12%)         186M (18%)            -                  -          
[109.060s][info][gc          ] GC(98) Garbage Collection (Allocation Stall) 1022M(100%)->946M(92%)
[109.073s][info][gc,start    ] GC(99) Garbage Collection (Allocation Stall)
[109.073s][info][gc,ref      ] GC(99) Clearing All SoftReferences
[109.073s][info][gc,task     ] GC(99) Using 10 workers
[109.074s][info][gc,ref      ] GC(99) Clearing All SoftReferences
[109.074s][info][gc,phases   ] GC(99) Pause Mark Start 0.047ms
[109.074s][info][gc          ] Allocation Stall (Executor task launch worker for task 12.0 in stage 0.0 (TID 12)) 1.077ms
[109.074s][info][gc          ] Allocation Stall (Executor task launch worker for task 17.0 in stage 0.0 (TID 17)) 1.086ms
[109.074s][info][gc          ] Allocation Stall (Executor task launch worker for task 35.0 in stage 0.0 (TID 35)) 1.076ms
[109.074s][info][gc          ] Allocation Stall (Executor task launch worker for task 15.0 in stage 0.0 (TID 15)) 1.067ms
[109.074s][info][gc          ] Allocation Stall (Executor task launch worker for task 22.0 in stage 0.0 (TID 22)) 1.065ms
[109.075s][info][gc          ] Allocation Stall (Executor task launch worker for task 45.0 in stage 0.0 (TID 45)) 0.174ms
[109.075s][info][gc          ] Allocation Stall (Executor task launch worker for task 0.0 in stage 0.0 (TID 0)) 0.219ms
[109.075s][info][gc          ] Allocation Stall (Executor task launch worker for task 47.0 in stage 0.0 (TID 47)) 0.248ms
[109.075s][info][gc          ] Allocation Stall (Executor task launch worker for task 14.0 in stage 0.0 (TID 14)) 0.279ms
[109.075s][info][gc          ] Allocation Stall (Executor task launch worker for task 20.0 in stage 0.0 (TID 20)) 0.318ms
[109.075s][info][gc          ] Allocation Stall (Executor task launch worker for task 34.0 in stage 0.0 (TID 34)) 0.440ms
[109.075s][info][gc          ] Allocation Stall (Executor task launch worker for task 42.0 in stage 0.0 (TID 42)) 0.455ms
[109.075s][info][gc          ] Allocation Stall (Executor task launch worker for task 37.0 in stage 0.0 (TID 37)) 0.481ms
[109.075s][info][gc          ] Allocation Stall (Executor task launch worker for task 4.0 in stage 0.0 (TID 4)) 0.513ms
[109.075s][info][gc          ] Allocation Stall (Executor task launch worker for task 2.0 in stage 0.0 (TID 2)) 0.548ms
[109.075s][info][gc          ] Allocation Stall (Executor task launch worker for task 46.0 in stage 0.0 (TID 46)) 0.584ms
[109.075s][info][gc          ] Allocation Stall (Executor task launch worker for task 9.0 in stage 0.0 (TID 9)) 0.741ms
[109.082s][info][gc          ] Allocation Stall (Spark Context Cleaner) 7.543ms
[109.103s][info][gc,phases   ] GC(99) Concurrent Mark 28.936ms
[109.103s][info][gc,phases   ] GC(99) Pause Mark End 0.014ms
[109.104s][info][gc,phases   ] GC(99) Concurrent Mark Free 0.001ms
[109.104s][info][gc,phases   ] GC(99) Concurrent Process Non-Strong References 0.811ms
[109.104s][info][gc,phases   ] GC(99) Concurrent Reset Relocation Set 0.006ms
[109.107s][info][gc          ] Allocation Stall (Executor task launch worker for task 25.0 in stage 0.0 (TID 25)) 20.761ms
[109.107s][info][gc          ] Allocation Stall (Executor task launch worker for task 37.0 in stage 0.0 (TID 37)) 21.765ms
[109.107s][info][gc          ] Allocation Stall (Executor task launch worker for task 10.0 in stage 0.0 (TID 10)) 21.715ms
[109.107s][info][gc          ] Allocation Stall (Executor task launch worker for task 20.0 in stage 0.0 (TID 20)) 21.728ms
[109.107s][info][gc          ] Allocation Stall (Executor task launch worker for task 30.0 in stage 0.0 (TID 30)) 21.667ms
[109.107s][info][gc          ] Allocation Stall (Executor task launch worker for task 18.0 in stage 0.0 (TID 18)) 21.569ms
[109.107s][info][gc          ] Allocation Stall (Executor task launch worker for task 28.0 in stage 0.0 (TID 28)) 16.431ms
[109.107s][info][gc          ] Allocation Stall (Executor task launch worker for task 33.0 in stage 0.0 (TID 33)) 20.936ms
[109.107s][info][gc          ] Allocation Stall (Executor task launch worker for task 27.0 in stage 0.0 (TID 27)) 20.343ms
[109.107s][info][gc          ] Allocation Stall (Executor task launch worker for task 0.0 in stage 0.0 (TID 0)) 21.492ms
[109.107s][info][gc          ] Allocation Stall (Executor task launch worker for task 26.0 in stage 0.0 (TID 26)) 10.068ms
[109.107s][info][gc          ] Allocation Stall (Executor task launch worker for task 31.0 in stage 0.0 (TID 31)) 20.373ms
[109.107s][info][gc          ] Allocation Stall (Executor task launch worker for task 7.0 in stage 0.0 (TID 7)) 12.566ms
[109.107s][info][gc          ] Allocation Stall (Executor task launch worker for task 17.0 in stage 0.0 (TID 17)) 21.371ms
[109.107s][info][gc          ] Allocation Stall (Executor task launch worker for task 6.0 in stage 0.0 (TID 6)) 21.915ms
[109.107s][info][gc          ] Allocation Stall (Executor task launch worker for task 34.0 in stage 0.0 (TID 34)) 21.870ms
[109.107s][info][gc          ] Allocation Stall (Executor task launch worker for task 36.0 in stage 0.0 (TID 36)) 22.949ms
[109.107s][info][gc          ] Allocation Stall (Executor task launch worker for task 45.0 in stage 0.0 (TID 45)) 21.435ms
[109.107s][info][gc          ] Allocation Stall (Executor task launch worker for task 22.0 in stage 0.0 (TID 22)) 22.234ms
[109.107s][info][gc          ] Allocation Stall (Executor task launch worker for task 40.0 in stage 0.0 (TID 40)) 20.728ms
[109.107s][info][gc          ] Allocation Stall (Executor task launch worker for task 47.0 in stage 0.0 (TID 47)) 21.790ms
[109.107s][info][gc          ] Allocation Stall (Executor task launch worker for task 15.0 in stage 0.0 (TID 15)) 21.387ms
[109.107s][info][gc          ] Allocation Stall (Executor task launch worker for task 38.0 in stage 0.0 (TID 38)) 22.440ms
[109.107s][info][gc          ] Allocation Stall (Executor task launch worker for task 11.0 in stage 0.0 (TID 11)) 23.095ms
[109.107s][info][gc          ] Allocation Stall (Executor task launch worker for task 13.0 in stage 0.0 (TID 13)) 21.961ms
[109.107s][info][gc          ] Allocation Stall (Executor task launch worker for task 1.0 in stage 0.0 (TID 1)) 22.359ms
[109.107s][info][gc          ] Allocation Stall (Executor task launch worker for task 5.0 in stage 0.0 (TID 5)) 22.254ms
[109.107s][info][gc          ] Allocation Stall (Executor task launch worker for task 39.0 in stage 0.0 (TID 39)) 22.930ms
[109.107s][info][gc          ] Allocation Stall (Executor task launch worker for task 24.0 in stage 0.0 (TID 24)) 21.915ms
[109.107s][info][gc          ] Allocation Stall (Executor task launch worker for task 43.0 in stage 0.0 (TID 43)) 21.921ms
[109.107s][info][gc          ] Allocation Stall (Executor task launch worker for task 8.0 in stage 0.0 (TID 8)) 22.484ms
[109.107s][info][gc          ] Allocation Stall (Executor task launch worker for task 4.0 in stage 0.0 (TID 4)) 22.302ms
[109.107s][info][gc          ] Allocation Stall (Executor task launch worker for task 2.0 in stage 0.0 (TID 2)) 22.519ms
[109.107s][info][gc          ] Allocation Stall (Executor task launch worker for task 35.0 in stage 0.0 (TID 35)) 24.722ms
[109.107s][info][gc          ] Allocation Stall (Executor task launch worker for task 32.0 in stage 0.0 (TID 32)) 32.247ms
[109.107s][info][gc          ] Allocation Stall (Executor task launch worker for task 14.0 in stage 0.0 (TID 14)) 22.618ms
[109.107s][info][gc          ] Allocation Stall (Executor task launch worker for task 3.0 in stage 0.0 (TID 3)) 23.036ms
[109.107s][info][gc          ] Allocation Stall (Executor task launch worker for task 9.0 in stage 0.0 (TID 9)) 24.727ms
[109.107s][info][gc          ] Allocation Stall (Executor task launch worker for task 29.0 in stage 0.0 (TID 29)) 22.780ms
[109.107s][info][gc          ] Allocation Stall (Executor task launch worker for task 44.0 in stage 0.0 (TID 44)) 22.843ms
[109.107s][info][gc          ] Allocation Stall (Executor task launch worker for task 12.0 in stage 0.0 (TID 12)) 24.687ms
[109.107s][info][gc          ] Allocation Stall (Executor task launch worker for task 21.0 in stage 0.0 (TID 21)) 23.218ms
[109.107s][info][gc          ] Allocation Stall (Executor task launch worker for task 23.0 in stage 0.0 (TID 23)) 22.938ms
[109.107s][info][gc          ] Allocation Stall (Executor task launch worker for task 46.0 in stage 0.0 (TID 46)) 23.144ms
[109.107s][info][gc          ] Allocation Stall (Executor task launch worker for task 41.0 in stage 0.0 (TID 41)) 23.183ms
[109.107s][info][gc          ] Allocation Stall (Executor task launch worker for task 19.0 in stage 0.0 (TID 19)) 20.354ms
[109.107s][info][gc          ] Allocation Stall (Executor task launch worker for task 16.0 in stage 0.0 (TID 16)) 23.016ms
[109.107s][info][gc          ] Allocation Stall (Executor task launch worker for task 42.0 in stage 0.0 (TID 42)) 22.906ms
[109.107s][info][gc,phases   ] GC(99) Concurrent Select Relocation Set 2.494ms
[109.107s][info][gc          ] Allocation Stall (Executor task launch worker for task 28.0 in stage 0.0 (TID 28)) 0.456ms
[109.119s][info][gc,phases   ] GC(99) Pause Relocate Start 0.007ms
[109.157s][info][gc          ] Allocation Stall (Executor task launch worker for task 27.0 in stage 0.0 (TID 27)) 12.513ms
[109.157s][info][gc          ] Allocation Stall (Executor task launch worker for task 34.0 in stage 0.0 (TID 34)) 11.574ms
[109.157s][info][gc          ] Allocation Stall (Executor task launch worker for task 41.0 in stage 0.0 (TID 41)) 12.672ms
[109.157s][info][gc          ] Allocation Stall (Executor task launch worker for task 36.0 in stage 0.0 (TID 36)) 12.634ms
[109.157s][info][gc          ] Allocation Stall (Executor task launch worker for task 1.0 in stage 0.0 (TID 1)) 12.568ms
[109.157s][info][gc          ] Allocation Stall (Executor task launch worker for task 42.0 in stage 0.0 (TID 42)) 12.552ms
[109.157s][info][gc          ] Allocation Stall (Executor task launch worker for task 4.0 in stage 0.0 (TID 4)) 12.497ms
[109.157s][info][gc          ] Allocation Stall (Executor task launch worker for task 19.0 in stage 0.0 (TID 19)) 12.106ms
[109.157s][info][gc          ] Allocation Stall (Executor task launch worker for task 25.0 in stage 0.0 (TID 25)) 12.671ms
[109.157s][info][gc          ] Allocation Stall (Executor task launch worker for task 46.0 in stage 0.0 (TID 46)) 11.383ms
[109.157s][info][gc          ] Allocation Stall (Executor task launch worker for task 37.0 in stage 0.0 (TID 37)) 11.145ms
[109.157s][info][gc          ] Allocation Stall (Executor task launch worker for task 3.0 in stage 0.0 (TID 3)) 12.654ms
[109.157s][info][gc          ] Allocation Stall (Executor task launch worker for task 2.0 in stage 0.0 (TID 2)) 12.361ms
[109.157s][info][gc          ] Allocation Stall (Executor task launch worker for task 47.0 in stage 0.0 (TID 47)) 12.674ms
[109.157s][info][gc          ] Allocation Stall (Executor task launch worker for task 44.0 in stage 0.0 (TID 44)) 12.679ms
[109.157s][info][gc          ] Allocation Stall (Executor task launch worker for task 10.0 in stage 0.0 (TID 10)) 12.393ms
[109.157s][info][gc          ] Allocation Stall (Executor task launch worker for task 22.0 in stage 0.0 (TID 22)) 11.247ms
[109.157s][info][gc          ] Allocation Stall (Executor task launch worker for task 20.0 in stage 0.0 (TID 20)) 11.253ms
[109.157s][info][gc          ] Allocation Stall (Executor task launch worker for task 21.0 in stage 0.0 (TID 21)) 11.268ms
[109.158s][info][gc          ] Allocation Stall (Executor task launch worker for task 45.0 in stage 0.0 (TID 45)) 11.402ms
[109.158s][info][gc          ] Allocation Stall (Executor task launch worker for task 32.0 in stage 0.0 (TID 32)) 11.270ms
[109.158s][info][gc          ] Allocation Stall (Executor task launch worker for task 9.0 in stage 0.0 (TID 9)) 11.253ms
[109.158s][info][gc          ] Allocation Stall (Executor task launch worker for task 23.0 in stage 0.0 (TID 23)) 11.070ms
[109.158s][info][gc          ] Allocation Stall (Executor task launch worker for task 40.0 in stage 0.0 (TID 40)) 10.918ms
[109.158s][info][gc          ] Allocation Stall (Executor task launch worker for task 30.0 in stage 0.0 (TID 30)) 10.919ms
[109.158s][info][gc          ] Allocation Stall (Executor task launch worker for task 0.0 in stage 0.0 (TID 0)) 10.809ms
[109.158s][info][gc          ] Allocation Stall (Executor task launch worker for task 8.0 in stage 0.0 (TID 8)) 10.775ms
[109.158s][info][gc          ] Allocation Stall (Executor task launch worker for task 16.0 in stage 0.0 (TID 16)) 10.581ms
[109.158s][info][gc          ] Allocation Stall (Executor task launch worker for task 35.0 in stage 0.0 (TID 35)) 10.576ms
[109.158s][info][gc          ] Allocation Stall (Executor task launch worker for task 11.0 in stage 0.0 (TID 11)) 10.498ms
[109.158s][info][gc          ] Allocation Stall (Executor task launch worker for task 7.0 in stage 0.0 (TID 7)) 10.466ms
[109.158s][info][gc          ] Allocation Stall (Executor task launch worker for task 24.0 in stage 0.0 (TID 24)) 10.504ms
[109.158s][info][gc          ] Allocation Stall (Executor task launch worker for task 5.0 in stage 0.0 (TID 5)) 10.515ms
[109.158s][info][gc          ] Allocation Stall (Executor task launch worker for task 17.0 in stage 0.0 (TID 17)) 10.491ms
[109.158s][info][gc          ] Allocation Stall (Executor task launch worker for task 39.0 in stage 0.0 (TID 39)) 10.525ms
[109.163s][info][gc          ] Allocation Stall (Executor task launch worker for task 15.0 in stage 0.0 (TID 15)) 15.072ms
[109.164s][info][gc          ] Allocation Stall (Executor task launch worker for task 31.0 in stage 0.0 (TID 31)) 15.869ms
[109.164s][info][gc          ] Allocation Stall (Executor task launch worker for task 13.0 in stage 0.0 (TID 13)) 15.925ms
[109.164s][info][gc          ] Allocation Stall (Executor task launch worker for task 38.0 in stage 0.0 (TID 38)) 15.839ms
[109.164s][info][gc          ] Allocation Stall (Executor task launch worker for task 6.0 in stage 0.0 (TID 6)) 15.785ms
[109.165s][info][gc          ] Allocation Stall (Executor task launch worker for task 26.0 in stage 0.0 (TID 26)) 16.240ms
[109.165s][info][gc          ] Allocation Stall (Executor task launch worker for task 14.0 in stage 0.0 (TID 14)) 16.148ms
[109.165s][info][gc          ] Allocation Stall (Executor task launch worker for task 18.0 in stage 0.0 (TID 18)) 16.172ms
[109.165s][info][gc          ] Allocation Stall (Executor task launch worker for task 33.0 in stage 0.0 (TID 33)) 16.040ms
[109.167s][info][gc          ] Allocation Stall (Executor task launch worker for task 29.0 in stage 0.0 (TID 29)) 17.615ms
[109.167s][info][gc          ] Allocation Stall (Executor task launch worker for task 12.0 in stage 0.0 (TID 12)) 17.643ms
[109.167s][info][gc          ] Allocation Stall (Executor task launch worker for task 43.0 in stage 0.0 (TID 43)) 16.504ms
[109.167s][info][gc          ] Allocation Stall (Executor task launch worker for task 32.0 in stage 0.0 (TID 32)) 4.972ms
[109.167s][info][gc          ] Allocation Stall (Executor task launch worker for task 20.0 in stage 0.0 (TID 20)) 4.829ms
[109.168s][info][gc          ] Allocation Stall (Executor task launch worker for task 16.0 in stage 0.0 (TID 16)) 5.395ms
[109.168s][info][gc          ] Allocation Stall (Executor task launch worker for task 45.0 in stage 0.0 (TID 45)) 5.358ms
[109.168s][info][gc          ] Allocation Stall (Executor task launch worker for task 23.0 in stage 0.0 (TID 23)) 5.308ms
[109.168s][info][gc          ] Allocation Stall (Executor task launch worker for task 40.0 in stage 0.0 (TID 40)) 5.110ms
[109.168s][info][gc          ] Allocation Stall (Executor task launch worker for task 7.0 in stage 0.0 (TID 7)) 5.169ms
[109.168s][info][gc          ] Allocation Stall (Executor task launch worker for task 9.0 in stage 0.0 (TID 9)) 5.189ms
[109.168s][info][gc          ] Allocation Stall (Executor task launch worker for task 27.0 in stage 0.0 (TID 27)) 5.202ms
[109.168s][info][gc          ] Allocation Stall (Executor task launch worker for task 30.0 in stage 0.0 (TID 30)) 5.269ms
[109.178s][info][gc          ] Allocation Stall (Executor task launch worker for task 35.0 in stage 0.0 (TID 35)) 1.050ms
[109.178s][info][gc          ] Allocation Stall (Executor task launch worker for task 10.0 in stage 0.0 (TID 10)) 1.030ms
[109.179s][info][gc          ] Allocation Stall (Executor task launch worker for task 40.0 in stage 0.0 (TID 40)) 1.143ms
[109.187s][info][gc          ] Allocation Stall (Executor task launch worker for task 34.0 in stage 0.0 (TID 34)) 6.786ms
[109.187s][info][gc          ] Allocation Stall (Executor task launch worker for task 26.0 in stage 0.0 (TID 26)) 6.410ms
[109.187s][info][gc          ] Allocation Stall (Executor task launch worker for task 1.0 in stage 0.0 (TID 1)) 6.539ms
[109.187s][info][gc          ] Allocation Stall (Executor task launch worker for task 15.0 in stage 0.0 (TID 15)) 7.048ms
[109.187s][info][gc          ] Allocation Stall (Executor task launch worker for task 24.0 in stage 0.0 (TID 24)) 6.168ms
[109.187s][info][gc          ] Allocation Stall (Executor task launch worker for task 6.0 in stage 0.0 (TID 6)) 5.914ms
[109.187s][info][gc          ] Allocation Stall (Executor task launch worker for task 28.0 in stage 0.0 (TID 28)) 6.690ms
[109.187s][info][gc          ] Allocation Stall (Executor task launch worker for task 31.0 in stage 0.0 (TID 31)) 6.953ms
[109.187s][info][gc          ] Allocation Stall (Executor task launch worker for task 5.0 in stage 0.0 (TID 5)) 6.857ms
[109.187s][info][gc          ] Allocation Stall (Executor task launch worker for task 37.0 in stage 0.0 (TID 37)) 6.463ms
[109.187s][info][gc          ] Allocation Stall (Executor task launch worker for task 13.0 in stage 0.0 (TID 13)) 7.002ms
[109.187s][info][gc          ] Allocation Stall (Executor task launch worker for task 0.0 in stage 0.0 (TID 0)) 5.886ms
[109.187s][info][gc          ] Allocation Stall (Executor task launch worker for task 45.0 in stage 0.0 (TID 45)) 9.444ms
[109.187s][info][gc          ] Allocation Stall (Executor task launch worker for task 11.0 in stage 0.0 (TID 11)) 6.761ms
[109.187s][info][gc,phases   ] GC(99) Concurrent Relocate 66.929ms
[109.187s][info][gc          ] Allocation Stall (Executor task launch worker for task 19.0 in stage 0.0 (TID 19)) 7.286ms
[109.187s][info][gc          ] Allocation Stall (Executor task launch worker for task 42.0 in stage 0.0 (TID 42)) 7.221ms
[109.187s][info][gc,load     ] GC(99) Load: 0.00/0.00/0.00
[109.187s][info][gc,mmu      ] GC(99) MMU: 2ms/94.2%, 5ms/97.7%, 10ms/98.8%, 20ms/99.3%, 50ms/99.7%, 100ms/99.8%
[109.187s][info][gc,marking  ] GC(99) Mark: 8 stripe(s), 2 proactive flush(es), 1 terminate flush(es), 0 completion(s), 0 continuation(s) 
[109.187s][info][gc,marking  ] GC(99) Mark Stack Usage: 32M
[109.187s][info][gc,nmethod  ] GC(99) NMethods: 2324 registered, 99 unregistered
[109.187s][info][gc,metaspace] GC(99) Metaspace: 112M used, 124M committed, 1152M reserved
[109.187s][info][gc,ref      ] GC(99) Soft: 2800 encountered, 212 discovered, 0 enqueued
[109.187s][info][gc,ref      ] GC(99) Weak: 12969 encountered, 2940 discovered, 1 enqueued
[109.187s][info][gc,ref      ] GC(99) Final: 62 encountered, 32 discovered, 0 enqueued
[109.187s][info][gc,ref      ] GC(99) Phantom: 750 encountered, 443 discovered, 0 enqueued
[109.187s][info][gc,reloc    ] GC(99) Small Pages: 117 / 234M, Empty: 96M, Relocated: 3M, In-Place: 0
[109.187s][info][gc,reloc    ] GC(99) Medium Pages: 21 / 672M, Empty: 0M, Relocated: 27M, In-Place: 0
[109.187s][info][gc,reloc    ] GC(99) Large Pages: 13 / 104M, Empty: 0M, Relocated: 0M, In-Place: 0
[109.187s][info][gc,reloc    ] GC(99) Forwarding Usage: 0M
[109.187s][info][gc,heap     ] GC(99) Min Capacity: 8M(1%)
[109.187s][info][gc,heap     ] GC(99) Max Capacity: 1024M(100%)
[109.187s][info][gc          ] Allocation Stall (Executor task launch worker for task 38.0 in stage 0.0 (TID 38)) 6.439ms
[109.187s][info][gc,heap     ] GC(99) Soft Max Capacity: 1024M(100%)
[109.188s][info][gc          ] Allocation Stall (Executor task launch worker for task 39.0 in stage 0.0 (TID 39)) 6.189ms
[109.188s][info][gc,heap     ] GC(99)                Mark Start          Mark End        Relocate Start      Relocate End           High               Low         
[109.188s][info][gc          ] Allocation Stall (Executor task launch worker for task 14.0 in stage 0.0 (TID 14)) 5.622ms
[109.188s][info][gc,heap     ] GC(99)  Capacity:     1024M (100%)       1024M (100%)       1024M (100%)       1024M (100%)       1024M (100%)       1024M (100%)   
[109.188s][info][gc          ] Allocation Stall (Executor task launch worker for task 4.0 in stage 0.0 (TID 4)) 5.578ms
[109.188s][info][gc          ] Allocation Stall (Executor task launch worker for task 36.0 in stage 0.0 (TID 36)) 5.252ms
[109.188s][info][gc,heap     ] GC(99)      Free:        4M (0%)            0M (0%)           42M (4%)            0M (0%)           96M (9%)            0M (0%)     
[109.188s][info][gc          ] Allocation Stall (Executor task launch worker for task 17.0 in stage 0.0 (TID 17)) 5.265ms
[109.188s][info][gc          ] Allocation Stall (Executor task launch worker for task 20.0 in stage 0.0 (TID 20)) 4.956ms
[109.188s][info][gc,heap     ] GC(99)      Used:     1020M (100%)       1024M (100%)        982M (96%)        1024M (100%)       1024M (100%)        928M (91%)    
[109.188s][info][gc          ] Allocation Stall (Executor task launch worker for task 18.0 in stage 0.0 (TID 18)) 4.956ms
[109.188s][info][gc,heap     ] GC(99)      Live:         -               730M (71%)         730M (71%)         730M (71%)            -                  -          
[109.188s][info][gc          ] Allocation Stall (Executor task launch worker for task 33.0 in stage 0.0 (TID 33)) 4.948ms
[109.188s][info][gc,heap     ] GC(99) Allocated:         -                 4M (0%)           58M (6%)          174M (17%)            -                  -          
[109.188s][info][gc          ] Allocation Stall (Executor task launch worker for task 40.0 in stage 0.0 (TID 40)) 4.909ms
[109.188s][info][gc,heap     ] GC(99)   Garbage:         -               289M (28%)         193M (19%)         119M (12%)            -                  -          
[109.188s][info][gc          ] Allocation Stall (Executor task launch worker for task 25.0 in stage 0.0 (TID 25)) 4.720ms
[109.188s][info][gc,heap     ] GC(99) Reclaimed:         -                  -                96M (9%)          170M (17%)            -                  -          
[109.188s][info][gc          ] Allocation Stall (Executor task launch worker for task 23.0 in stage 0.0 (TID 23)) 4.737ms
[109.188s][info][gc          ] GC(99) Garbage Collection (Allocation Stall) 1020M(100%)->1024M(100%)
[109.188s][info][gc          ] Allocation Stall (Executor task launch worker for task 22.0 in stage 0.0 (TID 22)) 4.737ms
[109.188s][info][gc,start    ] GC(100) Garbage Collection (Allocation Stall)
[109.188s][info][gc          ] Allocation Stall (Executor task launch worker for task 41.0 in stage 0.0 (TID 41)) 4.754ms
[109.188s][info][gc,ref      ] GC(100) Clearing All SoftReferences
[109.188s][info][gc,task     ] GC(100) Using 10 workers
[109.189s][info][gc,ref      ] GC(100) Clearing All SoftReferences
[109.189s][info][gc,phases   ] GC(100) Pause Mark Start 0.028ms
[109.189s][info][gc          ] Allocation Stall (Executor task launch worker for task 2.0 in stage 0.0 (TID 2)) 5.692ms
[109.189s][info][gc          ] Allocation Stall (Executor task launch worker for task 21.0 in stage 0.0 (TID 21)) 5.746ms
[109.189s][info][gc          ] Allocation Stall (Executor task launch worker for task 7.0 in stage 0.0 (TID 7)) 5.289ms
[109.189s][info][gc          ] Allocation Stall (Executor task launch worker for task 10.0 in stage 0.0 (TID 10)) 4.926ms
[109.189s][info][gc          ] Allocation Stall (Executor task launch worker for task 29.0 in stage 0.0 (TID 29)) 5.269ms
[109.189s][info][gc          ] Allocation Stall (Executor task launch worker for task 43.0 in stage 0.0 (TID 43)) 5.276ms
[109.189s][info][gc          ] Allocation Stall (Executor task launch worker for task 35.0 in stage 0.0 (TID 35)) 4.927ms
[109.189s][info][gc          ] Allocation Stall (Executor task launch worker for task 8.0 in stage 0.0 (TID 8)) 5.451ms
[109.189s][info][gc          ] Allocation Stall (Executor task launch worker for task 3.0 in stage 0.0 (TID 3)) 5.407ms
[109.189s][info][gc          ] Allocation Stall (Executor task launch worker for task 32.0 in stage 0.0 (TID 32)) 5.035ms
[109.189s][info][gc          ] Allocation Stall (Executor task launch worker for task 9.0 in stage 0.0 (TID 9)) 4.980ms
[109.189s][info][gc          ] Allocation Stall (Executor task launch worker for task 16.0 in stage 0.0 (TID 16)) 4.898ms
[109.189s][info][gc          ] Allocation Stall (Executor task launch worker for task 27.0 in stage 0.0 (TID 27)) 4.988ms
[109.189s][info][gc          ] Allocation Stall (Executor task launch worker for task 47.0 in stage 0.0 (TID 47)) 5.022ms
[109.189s][info][gc          ] Allocation Stall (Executor task launch worker for task 46.0 in stage 0.0 (TID 46)) 5.074ms
[109.189s][info][gc          ] Allocation Stall (Executor task launch worker for task 44.0 in stage 0.0 (TID 44)) 5.071ms
[109.190s][info][gc          ] Allocation Stall (Executor task launch worker for task 30.0 in stage 0.0 (TID 30)) 5.036ms
[109.190s][info][gc          ] Allocation Stall (Executor task launch worker for task 15.0 in stage 0.0 (TID 15)) 0.366ms
[109.190s][info][gc          ] Allocation Stall (Executor task launch worker for task 20.0 in stage 0.0 (TID 20)) 0.393ms
[109.190s][info][gc          ] Allocation Stall (Executor task launch worker for task 23.0 in stage 0.0 (TID 23)) 0.433ms
[109.190s][info][gc          ] Allocation Stall (Executor task launch worker for task 31.0 in stage 0.0 (TID 31)) 0.465ms
[109.190s][info][gc          ] Allocation Stall (Executor task launch worker for task 33.0 in stage 0.0 (TID 33)) 0.534ms
[109.190s][info][gc          ] Allocation Stall (Executor task launch worker for task 4.0 in stage 0.0 (TID 4)) 0.556ms
[109.190s][info][gc          ] Allocation Stall (Executor task launch worker for task 22.0 in stage 0.0 (TID 22)) 0.589ms
[109.190s][info][gc          ] Allocation Stall (Executor task launch worker for task 42.0 in stage 0.0 (TID 42)) 0.629ms
[109.190s][info][gc          ] Allocation Stall (Executor task launch worker for task 1.0 in stage 0.0 (TID 1)) 0.669ms
[109.190s][info][gc          ] Allocation Stall (Executor task launch worker for task 38.0 in stage 0.0 (TID 38)) 0.691ms
[109.190s][info][gc          ] Allocation Stall (Executor task launch worker for task 18.0 in stage 0.0 (TID 18)) 0.741ms
[109.190s][info][gc          ] Allocation Stall (Executor task launch worker for task 14.0 in stage 0.0 (TID 14)) 0.800ms
[109.190s][info][gc          ] Allocation Stall (Executor task launch worker for task 24.0 in stage 0.0 (TID 24)) 0.844ms
[109.190s][info][gc          ] Allocation Stall (Executor task launch worker for task 36.0 in stage 0.0 (TID 36)) 0.870ms
[109.190s][info][gc          ] Allocation Stall (Executor task launch worker for task 5.0 in stage 0.0 (TID 5)) 0.897ms
[109.190s][info][gc          ] Allocation Stall (Executor task launch worker for task 19.0 in stage 0.0 (TID 19)) 0.941ms
[109.190s][info][gc          ] Allocation Stall (Executor task launch worker for task 25.0 in stage 0.0 (TID 25)) 0.978ms
[109.190s][info][gc          ] Allocation Stall (Executor task launch worker for task 26.0 in stage 0.0 (TID 26)) 0.953ms
[109.228s][info][gc,phases   ] GC(100) Concurrent Mark 39.166ms
[109.228s][info][gc,phases   ] GC(100) Pause Mark End 0.014ms
[109.228s][info][gc,phases   ] GC(100) Concurrent Mark Free 0.001ms
[109.229s][info][gc,phases   ] GC(100) Concurrent Process Non-Strong References 0.821ms
[109.229s][info][gc,phases   ] GC(100) Concurrent Reset Relocation Set 0.004ms
[109.232s][info][gc          ] Allocation Stall (Executor task launch worker for task 24.0 in stage 0.0 (TID 24)) 25.987ms
[109.232s][info][gc          ] Allocation Stall (Executor task launch worker for task 44.0 in stage 0.0 (TID 44)) 25.780ms
[109.232s][info][gc          ] Allocation Stall (Executor task launch worker for task 15.0 in stage 0.0 (TID 15)) 26.602ms
[109.232s][info][gc          ] Allocation Stall (Executor task launch worker for task 36.0 in stage 0.0 (TID 36)) 25.824ms
[109.232s][info][gc          ] Allocation Stall (Executor task launch worker for task 8.0 in stage 0.0 (TID 8)) 26.147ms
[109.232s][info][gc          ] Allocation Stall (Executor task launch worker for task 20.0 in stage 0.0 (TID 20)) 25.851ms
[109.232s][info][gc          ] Allocation Stall (Executor task launch worker for task 9.0 in stage 0.0 (TID 9)) 25.657ms
[109.232s][info][gc          ] Allocation Stall (Executor task launch worker for task 37.0 in stage 0.0 (TID 37)) 25.776ms
[109.232s][info][gc          ] Allocation Stall (Executor task launch worker for task 1.0 in stage 0.0 (TID 1)) 26.059ms
[109.232s][info][gc          ] Allocation Stall (Executor task launch worker for task 30.0 in stage 0.0 (TID 30)) 25.927ms
[109.232s][info][gc          ] Allocation Stall (Executor task launch worker for task 14.0 in stage 0.0 (TID 14)) 26.201ms
[109.232s][info][gc          ] Allocation Stall (Executor task launch worker for task 27.0 in stage 0.0 (TID 27)) 26.290ms
[109.232s][info][gc          ] Allocation Stall (Executor task launch worker for task 10.0 in stage 0.0 (TID 10)) 27.664ms
[109.232s][info][gc          ] Allocation Stall (Executor task launch worker for task 11.0 in stage 0.0 (TID 11)) 26.408ms
[109.232s][info][gc          ] Allocation Stall (Executor task launch worker for task 22.0 in stage 0.0 (TID 22)) 25.753ms
[109.232s][info][gc          ] Allocation Stall (Executor task launch worker for task 45.0 in stage 0.0 (TID 45)) 25.952ms
[109.232s][info][gc          ] Allocation Stall (Executor task launch worker for task 6.0 in stage 0.0 (TID 6)) 26.391ms
[109.232s][info][gc          ] Allocation Stall (Executor task launch worker for task 42.0 in stage 0.0 (TID 42)) 25.938ms
[109.232s][info][gc          ] Allocation Stall (Executor task launch worker for task 17.0 in stage 0.0 (TID 17)) 26.507ms
[109.232s][info][gc          ] Allocation Stall (Executor task launch worker for task 16.0 in stage 0.0 (TID 16)) 26.062ms
[109.232s][info][gc          ] Allocation Stall (Executor task launch worker for task 18.0 in stage 0.0 (TID 18)) 28.135ms
[109.232s][info][gc          ] Allocation Stall (Executor task launch worker for task 32.0 in stage 0.0 (TID 32)) 26.828ms
[109.232s][info][gc          ] Allocation Stall (Executor task launch worker for task 0.0 in stage 0.0 (TID 0)) 26.955ms
[109.232s][info][gc          ] Allocation Stall (Executor task launch worker for task 28.0 in stage 0.0 (TID 28)) 26.846ms
[109.232s][info][gc          ] Allocation Stall (Executor task launch worker for task 19.0 in stage 0.0 (TID 19)) 26.998ms
[109.232s][info][gc          ] Allocation Stall (Executor task launch worker for task 47.0 in stage 0.0 (TID 47)) 27.077ms
[109.232s][info][gc          ] Allocation Stall (Executor task launch worker for task 2.0 in stage 0.0 (TID 2)) 27.140ms
[109.232s][info][gc          ] Allocation Stall (Executor task launch worker for task 38.0 in stage 0.0 (TID 38)) 27.351ms
[109.232s][info][gc          ] Allocation Stall (Executor task launch worker for task 29.0 in stage 0.0 (TID 29)) 27.612ms
[109.232s][info][gc          ] Allocation Stall (Executor task launch worker for task 35.0 in stage 0.0 (TID 35)) 27.155ms
[109.232s][info][gc          ] Allocation Stall (Executor task launch worker for task 21.0 in stage 0.0 (TID 21)) 26.997ms
[109.232s][info][gc          ] Allocation Stall (Executor task launch worker for task 13.0 in stage 0.0 (TID 13)) 27.093ms
[109.232s][info][gc          ] Allocation Stall (Executor task launch worker for task 5.0 in stage 0.0 (TID 5)) 27.174ms
[109.232s][info][gc          ] Allocation Stall (Executor task launch worker for task 7.0 in stage 0.0 (TID 7)) 27.338ms
[109.232s][info][gc          ] Allocation Stall (Executor task launch worker for task 39.0 in stage 0.0 (TID 39)) 27.476ms
[109.232s][info][gc          ] Allocation Stall (Executor task launch worker for task 4.0 in stage 0.0 (TID 4)) 31.697ms
[109.232s][info][gc          ] Allocation Stall (Executor task launch worker for task 23.0 in stage 0.0 (TID 23)) 28.801ms
[109.232s][info][gc          ] Allocation Stall (Executor task launch worker for task 41.0 in stage 0.0 (TID 41)) 28.313ms
[109.232s][info][gc          ] Allocation Stall (Executor task launch worker for task 46.0 in stage 0.0 (TID 46)) 27.383ms
[109.232s][info][gc          ] Allocation Stall (Executor task launch worker for task 43.0 in stage 0.0 (TID 43)) 31.752ms
[109.232s][info][gc          ] Allocation Stall (Executor task launch worker for task 26.0 in stage 0.0 (TID 26)) 27.415ms
[109.232s][info][gc          ] Allocation Stall (Executor task launch worker for task 34.0 in stage 0.0 (TID 34)) 28.485ms
[109.232s][info][gc          ] Allocation Stall (Executor task launch worker for task 31.0 in stage 0.0 (TID 31)) 27.980ms
[109.232s][info][gc          ] Allocation Stall (Executor task launch worker for task 3.0 in stage 0.0 (TID 3)) 28.434ms
[109.232s][info][gc          ] Allocation Stall (Executor task launch worker for task 40.0 in stage 0.0 (TID 40)) 28.133ms
[109.232s][info][gc          ] Allocation Stall (Executor task launch worker for task 33.0 in stage 0.0 (TID 33)) 28.111ms
[109.232s][info][gc          ] Allocation Stall (Executor task launch worker for task 25.0 in stage 0.0 (TID 25)) 26.769ms
[109.232s][info][gc,phases   ] GC(100) Concurrent Select Relocation Set 2.515ms
[109.232s][info][gc          ] Allocation Stall (Executor task launch worker for task 12.0 in stage 0.0 (TID 12)) 23.603ms
[109.234s][info][gc,phases   ] GC(100) Pause Relocate Start 0.007ms
[109.241s][info][gc          ] Allocation Stall (Executor task launch worker for task 11.0 in stage 0.0 (TID 11)) 4.903ms
[109.241s][info][gc          ] Allocation Stall (Executor task launch worker for task 6.0 in stage 0.0 (TID 6)) 1.596ms
[109.241s][info][gc          ] Allocation Stall (Executor task launch worker for task 39.0 in stage 0.0 (TID 39)) 1.623ms
[109.241s][info][gc          ] Allocation Stall (Executor task launch worker for task 40.0 in stage 0.0 (TID 40)) 1.698ms
[109.241s][info][gc          ] Allocation Stall (Executor task launch worker for task 28.0 in stage 0.0 (TID 28)) 1.550ms
[109.241s][info][gc          ] Allocation Stall (Executor task launch worker for task 45.0 in stage 0.0 (TID 45)) 1.575ms
[109.241s][info][gc          ] Allocation Stall (Executor task launch worker for task 17.0 in stage 0.0 (TID 17)) 1.458ms
[109.241s][info][gc          ] Allocation Stall (Executor task launch worker for task 44.0 in stage 0.0 (TID 44)) 1.501ms
[109.241s][info][gc          ] Allocation Stall (Executor task launch worker for task 0.0 in stage 0.0 (TID 0)) 1.519ms
[109.241s][info][gc          ] Allocation Stall (Executor task launch worker for task 26.0 in stage 0.0 (TID 26)) 1.524ms
[109.241s][info][gc          ] Allocation Stall (Executor task launch worker for task 30.0 in stage 0.0 (TID 30)) 1.591ms
[109.241s][info][gc          ] Allocation Stall (Executor task launch worker for task 25.0 in stage 0.0 (TID 25)) 1.515ms
[109.241s][info][gc          ] Allocation Stall (Executor task launch worker for task 27.0 in stage 0.0 (TID 27)) 1.685ms
[109.241s][info][gc          ] Allocation Stall (Executor task launch worker for task 32.0 in stage 0.0 (TID 32)) 1.559ms
[109.241s][info][gc          ] Allocation Stall (Executor task launch worker for task 1.0 in stage 0.0 (TID 1)) 1.496ms
[109.241s][info][gc          ] Allocation Stall (Executor task launch worker for task 18.0 in stage 0.0 (TID 18)) 1.697ms
[109.241s][info][gc          ] Allocation Stall (Executor task launch worker for task 42.0 in stage 0.0 (TID 42)) 1.600ms
[109.241s][info][gc          ] Allocation Stall (Executor task launch worker for task 9.0 in stage 0.0 (TID 9)) 1.796ms
[109.241s][info][gc          ] Allocation Stall (Executor task launch worker for task 16.0 in stage 0.0 (TID 16)) 1.907ms
[109.241s][info][gc          ] Allocation Stall (Executor task launch worker for task 7.0 in stage 0.0 (TID 7)) 1.897ms
[109.241s][info][gc          ] Allocation Stall (Executor task launch worker for task 29.0 in stage 0.0 (TID 29)) 1.908ms
[109.241s][info][gc          ] Allocation Stall (Executor task launch worker for task 34.0 in stage 0.0 (TID 34)) 1.923ms
[109.241s][info][gc          ] Allocation Stall (Executor task launch worker for task 10.0 in stage 0.0 (TID 10)) 1.957ms
[109.241s][info][gc          ] Allocation Stall (Executor task launch worker for task 31.0 in stage 0.0 (TID 31)) 1.987ms
[109.241s][info][gc          ] Allocation Stall (Executor task launch worker for task 3.0 in stage 0.0 (TID 3)) 2.008ms
[109.241s][info][gc          ] Allocation Stall (Executor task launch worker for task 2.0 in stage 0.0 (TID 2)) 1.965ms
[109.247s][info][gc          ] Allocation Stall (Executor task launch worker for task 31.0 in stage 0.0 (TID 31)) 2.704ms
[109.247s][info][gc          ] Allocation Stall (Executor task launch worker for task 2.0 in stage 0.0 (TID 2)) 2.755ms
[109.247s][info][gc          ] Allocation Stall (Executor task launch worker for task 7.0 in stage 0.0 (TID 7)) 3.083ms
[109.247s][info][gc          ] Allocation Stall (Executor task launch worker for task 8.0 in stage 0.0 (TID 8)) 7.793ms
[109.247s][info][gc          ] Allocation Stall (Executor task launch worker for task 10.0 in stage 0.0 (TID 10)) 2.933ms
[109.247s][info][gc          ] Allocation Stall (Executor task launch worker for task 6.0 in stage 0.0 (TID 6)) 2.695ms
[109.247s][info][gc          ] Allocation Stall (Executor task launch worker for task 16.0 in stage 0.0 (TID 16)) 2.524ms
[109.247s][info][gc          ] Allocation Stall (Executor task launch worker for task 45.0 in stage 0.0 (TID 45)) 2.498ms
[109.247s][info][gc          ] Allocation Stall (Executor task launch worker for task 24.0 in stage 0.0 (TID 24)) 2.543ms
[109.247s][info][gc          ] Allocation Stall (Executor task launch worker for task 40.0 in stage 0.0 (TID 40)) 2.402ms
[109.247s][info][gc          ] Allocation Stall (Executor task launch worker for task 11.0 in stage 0.0 (TID 11)) 2.406ms
[109.248s][info][gc          ] Allocation Stall (Executor task launch worker for task 9.0 in stage 0.0 (TID 9)) 2.418ms
[109.248s][info][gc          ] Allocation Stall (Executor task launch worker for task 34.0 in stage 0.0 (TID 34)) 2.408ms
[109.269s][info][gc          ] Allocation Stall (Executor task launch worker for task 0.0 in stage 0.0 (TID 0)) 1.644ms
[109.269s][info][gc          ] Allocation Stall (Executor task launch worker for task 24.0 in stage 0.0 (TID 24)) 1.663ms
[109.269s][info][gc          ] Allocation Stall (Executor task launch worker for task 39.0 in stage 0.0 (TID 39)) 1.993ms
[109.269s][info][gc          ] Allocation Stall (Executor task launch worker for task 19.0 in stage 0.0 (TID 19)) 2.011ms
[109.269s][info][gc          ] Allocation Stall (Executor task launch worker for task 32.0 in stage 0.0 (TID 32)) 1.998ms
[109.269s][info][gc          ] Allocation Stall (Executor task launch worker for task 8.0 in stage 0.0 (TID 8)) 1.569ms
[109.269s][info][gc          ] Allocation Stall (Executor task launch worker for task 44.0 in stage 0.0 (TID 44)) 1.577ms
[109.269s][info][gc          ] Allocation Stall (Executor task launch worker for task 18.0 in stage 0.0 (TID 18)) 1.602ms
[109.269s][info][gc          ] Allocation Stall (Executor task launch worker for task 2.0 in stage 0.0 (TID 2)) 1.555ms
[109.269s][info][gc          ] Allocation Stall (Executor task launch worker for task 42.0 in stage 0.0 (TID 42)) 1.277ms
[109.269s][info][gc          ] Allocation Stall (Executor task launch worker for task 1.0 in stage 0.0 (TID 1)) 1.289ms
[109.275s][info][gc          ] Relocation Stall (Executor task launch worker for task 38.0 in stage 0.0 (TID 38)) 39.495ms
[109.275s][info][gc          ] Relocation Stall (Executor task launch worker for task 33.0 in stage 0.0 (TID 33)) 39.480ms
[109.275s][info][gc          ] Relocation Stall (Executor task launch worker for task 37.0 in stage 0.0 (TID 37)) 39.418ms
[109.275s][info][gc          ] Relocation Stall (Executor task launch worker for task 23.0 in stage 0.0 (TID 23)) 39.161ms
[109.275s][info][gc          ] Relocation Stall (Executor task launch worker for task 35.0 in stage 0.0 (TID 35)) 39.180ms
[109.275s][info][gc          ] Relocation Stall (Executor task launch worker for task 4.0 in stage 0.0 (TID 4)) 39.232ms
[109.275s][info][gc          ] Relocation Stall (Executor task launch worker for task 21.0 in stage 0.0 (TID 21)) 39.689ms
[109.275s][info][gc          ] Relocation Stall (Executor task launch worker for task 47.0 in stage 0.0 (TID 47)) 39.714ms
[109.288s][info][gc          ] Relocation Stall (Executor task launch worker for task 41.0 in stage 0.0 (TID 41)) 52.752ms
[109.288s][info][gc          ] Relocation Stall (Executor task launch worker for task 15.0 in stage 0.0 (TID 15)) 52.799ms
[109.288s][info][gc          ] Relocation Stall (Executor task launch worker for task 22.0 in stage 0.0 (TID 22)) 52.838ms
[109.288s][info][gc          ] Relocation Stall (Executor task launch worker for task 13.0 in stage 0.0 (TID 13)) 50.471ms
[109.288s][info][gc          ] Relocation Stall (Executor task launch worker for task 14.0 in stage 0.0 (TID 14)) 52.972ms
[109.288s][info][gc          ] Relocation Stall (Executor task launch worker for task 5.0 in stage 0.0 (TID 5)) 52.251ms
[109.288s][info][gc          ] Relocation Stall (Executor task launch worker for task 46.0 in stage 0.0 (TID 46)) 52.961ms
[109.288s][info][gc          ] Relocation Stall (Executor task launch worker for task 20.0 in stage 0.0 (TID 20)) 52.998ms
[109.288s][info][gc          ] Relocation Stall (Executor task launch worker for task 36.0 in stage 0.0 (TID 36)) 53.018ms
[109.288s][info][gc          ] Relocation Stall (Executor task launch worker for task 43.0 in stage 0.0 (TID 43)) 53.029ms
[109.288s][info][gc          ] Allocation Stall (Executor task launch worker for task 17.0 in stage 0.0 (TID 17)) 4.213ms
[109.288s][info][gc          ] Allocation Stall (Executor task launch worker for task 34.0 in stage 0.0 (TID 34)) 4.489ms
[109.288s][info][gc          ] Allocation Stall (Executor task launch worker for task 0.0 in stage 0.0 (TID 0)) 4.225ms
[109.288s][info][gc          ] Allocation Stall (Executor task launch worker for task 21.0 in stage 0.0 (TID 21)) 4.699ms
[109.288s][info][gc          ] Allocation Stall (Executor task launch worker for task 26.0 in stage 0.0 (TID 26)) 4.104ms
[109.288s][info][gc          ] Allocation Stall (Executor task launch worker for task 40.0 in stage 0.0 (TID 40)) 4.274ms
[109.288s][info][gc          ] Allocation Stall (Executor task launch worker for task 31.0 in stage 0.0 (TID 31)) 4.327ms
[109.288s][info][gc          ] Allocation Stall (Executor task launch worker for task 28.0 in stage 0.0 (TID 28)) 4.585ms
[109.288s][info][gc          ] Allocation Stall (Executor task launch worker for task 30.0 in stage 0.0 (TID 30)) 4.509ms
[109.288s][info][gc          ] Allocation Stall (Executor task launch worker for task 38.0 in stage 0.0 (TID 38)) 6.509ms
[109.288s][info][gc          ] Allocation Stall (Executor task launch worker for task 3.0 in stage 0.0 (TID 3)) 6.206ms
[109.288s][info][gc,phases   ] GC(100) Concurrent Relocate 53.512ms
[109.288s][info][gc          ] Allocation Stall (Executor task launch worker for task 29.0 in stage 0.0 (TID 29)) 5.946ms
[109.288s][info][gc          ] Allocation Stall (Executor task launch worker for task 37.0 in stage 0.0 (TID 37)) 5.811ms
[109.288s][info][gc          ] Allocation Stall (Executor task launch worker for task 27.0 in stage 0.0 (TID 27)) 5.589ms
[109.288s][info][gc          ] Allocation Stall (Executor task launch worker for task 9.0 in stage 0.0 (TID 9)) 5.487ms
[109.288s][info][gc          ] Allocation Stall (Executor task launch worker for task 24.0 in stage 0.0 (TID 24)) 5.308ms
[109.289s][info][gc,load     ] GC(100) Load: 0.00/0.00/0.00
[109.289s][info][gc          ] Allocation Stall (Executor task launch worker for task 18.0 in stage 0.0 (TID 18)) 4.546ms
[109.289s][info][gc,mmu      ] GC(100) MMU: 2ms/94.2%, 5ms/97.7%, 10ms/98.8%, 20ms/99.3%, 50ms/99.7%, 100ms/99.8%
[109.289s][info][gc,marking  ] GC(100) Mark: 8 stripe(s), 2 proactive flush(es), 1 terminate flush(es), 0 completion(s), 0 continuation(s) 
[109.289s][info][gc          ] Allocation Stall (Executor task launch worker for task 47.0 in stage 0.0 (TID 47)) 4.539ms
[109.289s][info][gc,marking  ] GC(100) Mark Stack Usage: 32M
[109.289s][info][gc          ] Allocation Stall (Executor task launch worker for task 1.0 in stage 0.0 (TID 1)) 4.547ms
[109.289s][info][gc,nmethod  ] GC(100) NMethods: 2324 registered, 99 unregistered
[109.289s][info][gc          ] Allocation Stall (Executor task launch worker for task 4.0 in stage 0.0 (TID 4)) 4.267ms
[109.289s][info][gc,metaspace] GC(100) Metaspace: 112M used, 124M committed, 1152M reserved
[109.289s][info][gc          ] Allocation Stall (Executor task launch worker for task 8.0 in stage 0.0 (TID 8)) 4.285ms
[109.289s][info][gc,ref      ] GC(100) Soft: 2800 encountered, 216 discovered, 0 enqueued
[109.289s][info][gc          ] Allocation Stall (Executor task launch worker for task 7.0 in stage 0.0 (TID 7)) 4.306ms
[109.289s][info][gc,ref      ] GC(100) Weak: 12969 encountered, 3616 discovered, 1 enqueued
[109.289s][info][gc,ref      ] GC(100) Final: 62 encountered, 32 discovered, 0 enqueued
[109.289s][info][gc          ] Allocation Stall (Executor task launch worker for task 6.0 in stage 0.0 (TID 6)) 4.341ms
[109.289s][info][gc,ref      ] GC(100) Phantom: 750 encountered, 648 discovered, 0 enqueued
[109.289s][info][gc          ] Allocation Stall (Executor task launch worker for task 32.0 in stage 0.0 (TID 32)) 4.220ms
[109.289s][info][gc,reloc    ] GC(100) Small Pages: 112 / 224M, Empty: 86M, Relocated: 3M, In-Place: 0
[109.289s][info][gc          ] Allocation Stall (Executor task launch worker for task 11.0 in stage 0.0 (TID 11)) 4.273ms
[109.289s][info][gc,reloc    ] GC(100) Medium Pages: 21 / 672M, Empty: 0M, Relocated: 51M, In-Place: 2
[109.289s][info][gc          ] Allocation Stall (Executor task launch worker for task 35.0 in stage 0.0 (TID 35)) 4.312ms
[109.289s][info][gc,reloc    ] GC(100) Large Pages: 13 / 104M, Empty: 8M, Relocated: 0M, In-Place: 0
[109.289s][info][gc          ] Allocation Stall (Executor task launch worker for task 44.0 in stage 0.0 (TID 44)) 4.144ms
[109.289s][info][gc,reloc    ] GC(100) Forwarding Usage: 0M
[109.289s][info][gc          ] Allocation Stall (Executor task launch worker for task 39.0 in stage 0.0 (TID 39)) 4.190ms
[109.289s][info][gc,heap     ] GC(100) Min Capacity: 8M(1%)
[109.289s][info][gc          ] Allocation Stall (Executor task launch worker for task 23.0 in stage 0.0 (TID 23)) 4.217ms
[109.289s][info][gc,heap     ] GC(100) Max Capacity: 1024M(100%)
[109.289s][info][gc,heap     ] GC(100) Soft Max Capacity: 1024M(100%)
[109.289s][info][gc,heap     ] GC(100)                Mark Start          Mark End        Relocate Start      Relocate End           High               Low         
[109.289s][info][gc,heap     ] GC(100)  Capacity:     1024M (100%)       1024M (100%)       1024M (100%)       1024M (100%)       1024M (100%)       1024M (100%)   
[109.289s][info][gc,heap     ] GC(100)      Free:        0M (0%)            0M (0%)           78M (8%)            0M (0%)           94M (9%)            0M (0%)     
[109.289s][info][gc,heap     ] GC(100)      Used:     1024M (100%)       1024M (100%)        946M (92%)        1024M (100%)       1024M (100%)        930M (91%)    
[109.289s][info][gc,heap     ] GC(100)      Live:         -               721M (70%)         721M (70%)         721M (70%)            -                  -          
[109.289s][info][gc,heap     ] GC(100) Allocated:         -                 0M (0%)           16M (2%)          174M (17%)            -                  -          
[109.289s][info][gc,heap     ] GC(100)   Garbage:         -               302M (30%)         208M (20%)         128M (13%)            -                  -          
[109.289s][info][gc,heap     ] GC(100) Reclaimed:         -                  -                94M (9%)          174M (17%)            -                  -          
[109.289s][info][gc          ] GC(100) Garbage Collection (Allocation Stall) 1024M(100%)->1024M(100%)
[109.290s][info][gc,start    ] GC(101) Garbage Collection (Allocation Stall)
[109.290s][info][gc,ref      ] GC(101) Clearing All SoftReferences
[109.290s][info][gc,task     ] GC(101) Using 10 workers
[109.290s][info][gc,ref      ] GC(101) Clearing All SoftReferences
[109.290s][info][gc,phases   ] GC(101) Pause Mark Start 0.024ms
[109.290s][info][gc          ] Allocation Stall (Executor task launch worker for task 22.0 in stage 0.0 (TID 22)) 2.099ms
[109.290s][info][gc          ] Allocation Stall (Executor task launch worker for task 42.0 in stage 0.0 (TID 42)) 5.248ms
[109.290s][info][gc          ] Allocation Stall (Executor task launch worker for task 45.0 in stage 0.0 (TID 45)) 5.063ms
[109.290s][info][gc          ] Allocation Stall (Executor task launch worker for task 19.0 in stage 0.0 (TID 19)) 5.228ms
[109.290s][info][gc          ] Allocation Stall (Executor task launch worker for task 16.0 in stage 0.0 (TID 16)) 4.937ms
[109.290s][info][gc          ] Allocation Stall (Executor task launch worker for task 33.0 in stage 0.0 (TID 33)) 5.040ms
[109.290s][info][gc          ] Allocation Stall (Executor task launch worker for task 15.0 in stage 0.0 (TID 15)) 2.187ms
[109.290s][info][gc          ] Allocation Stall (Executor task launch worker for task 2.0 in stage 0.0 (TID 2)) 4.922ms
[109.290s][info][gc          ] Allocation Stall (Executor task launch worker for task 25.0 in stage 0.0 (TID 25)) 5.006ms
[109.290s][info][gc          ] Allocation Stall (Executor task launch worker for task 41.0 in stage 0.0 (TID 41)) 2.162ms
[109.290s][info][gc          ] Allocation Stall (Executor task launch worker for task 46.0 in stage 0.0 (TID 46)) 2.152ms
[109.290s][info][gc          ] Allocation Stall (Executor task launch worker for task 14.0 in stage 0.0 (TID 14)) 2.088ms
[109.290s][info][gc          ] Allocation Stall (Executor task launch worker for task 10.0 in stage 0.0 (TID 10)) 4.855ms
[109.290s][info][gc          ] Allocation Stall (Executor task launch worker for task 20.0 in stage 0.0 (TID 20)) 2.151ms
[109.290s][info][gc          ] Allocation Stall (Executor task launch worker for task 43.0 in stage 0.0 (TID 43)) 2.149ms
[109.291s][info][gc          ] Allocation Stall (Executor task launch worker for task 13.0 in stage 0.0 (TID 13)) 2.208ms
[109.291s][info][gc          ] Allocation Stall (Executor task launch worker for task 5.0 in stage 0.0 (TID 5)) 2.096ms
[109.291s][info][gc          ] Allocation Stall (Executor task launch worker for task 6.0 in stage 0.0 (TID 6)) 0.334ms
[109.291s][info][gc          ] Allocation Stall (Executor task launch worker for task 32.0 in stage 0.0 (TID 32)) 0.373ms
[109.291s][info][gc          ] Allocation Stall (Executor task launch worker for task 35.0 in stage 0.0 (TID 35)) 0.392ms
[109.291s][info][gc          ] Allocation Stall (Executor task launch worker for task 12.0 in stage 0.0 (TID 12)) 2.241ms
[109.291s][info][gc          ] Allocation Stall (Executor task launch worker for task 21.0 in stage 0.0 (TID 21)) 0.463ms
[109.291s][info][gc          ] Allocation Stall (Executor task launch worker for task 8.0 in stage 0.0 (TID 8)) 0.489ms
[109.291s][info][gc          ] Allocation Stall (Executor task launch worker for task 47.0 in stage 0.0 (TID 47)) 0.550ms
[109.291s][info][gc          ] Allocation Stall (Executor task launch worker for task 17.0 in stage 0.0 (TID 17)) 0.579ms
[109.291s][info][gc          ] Allocation Stall (Executor task launch worker for task 18.0 in stage 0.0 (TID 18)) 0.615ms
[109.291s][info][gc          ] Allocation Stall (Executor task launch worker for task 37.0 in stage 0.0 (TID 37)) 0.646ms
[109.291s][info][gc          ] Allocation Stall (Executor task launch worker for task 44.0 in stage 0.0 (TID 44)) 0.704ms
[109.291s][info][gc          ] Allocation Stall (Executor task launch worker for task 40.0 in stage 0.0 (TID 40)) 0.768ms
[109.291s][info][gc          ] Allocation Stall (Executor task launch worker for task 23.0 in stage 0.0 (TID 23)) 0.795ms
[109.291s][info][gc          ] Allocation Stall (Executor task launch worker for task 1.0 in stage 0.0 (TID 1)) 0.857ms
[109.291s][info][gc          ] Allocation Stall (Executor task launch worker for task 7.0 in stage 0.0 (TID 7)) 0.880ms
[109.291s][info][gc          ] Allocation Stall (Executor task launch worker for task 0.0 in stage 0.0 (TID 0)) 0.830ms
[109.291s][info][gc          ] Allocation Stall (Executor task launch worker for task 39.0 in stage 0.0 (TID 39)) 0.857ms
[109.291s][info][gc          ] Allocation Stall (Executor task launch worker for task 11.0 in stage 0.0 (TID 11)) 0.928ms
[109.322s][info][gc,phases   ] GC(101) Concurrent Mark 31.741ms
[109.322s][info][gc,phases   ] GC(101) Pause Mark End 0.019ms
[109.322s][info][gc,phases   ] GC(101) Concurrent Mark Free 0.000ms
[109.323s][info][gc,phases   ] GC(101) Concurrent Process Non-Strong References 0.881ms
[109.323s][info][gc,phases   ] GC(101) Concurrent Reset Relocation Set 0.004ms
[109.325s][info][gc          ] Allocation Stall (Executor task launch worker for task 34.0 in stage 0.0 (TID 34)) 22.611ms
[109.325s][info][gc          ] Allocation Stall (Executor task launch worker for task 36.0 in stage 0.0 (TID 36)) 22.455ms
[109.325s][info][gc          ] Allocation Stall (Executor task launch worker for task 37.0 in stage 0.0 (TID 37)) 21.056ms
[109.325s][info][gc          ] Allocation Stall (Executor task launch worker for task 9.0 in stage 0.0 (TID 9)) 27.958ms
[109.325s][info][gc          ] Allocation Stall (Executor task launch worker for task 22.0 in stage 0.0 (TID 22)) 22.117ms
[109.325s][info][gc          ] Allocation Stall (Executor task launch worker for task 35.0 in stage 0.0 (TID 35)) 22.320ms
[109.325s][info][gc          ] Allocation Stall (Executor task launch worker for task 26.0 in stage 0.0 (TID 26)) 21.616ms
[109.325s][info][gc          ] Allocation Stall (Executor task launch worker for task 17.0 in stage 0.0 (TID 17)) 21.691ms
[109.325s][info][gc          ] Allocation Stall (Executor task launch worker for task 33.0 in stage 0.0 (TID 33)) 21.907ms
[109.325s][info][gc          ] Allocation Stall (Executor task launch worker for task 27.0 in stage 0.0 (TID 27)) 22.089ms
[109.325s][info][gc          ] Allocation Stall (Executor task launch worker for task 15.0 in stage 0.0 (TID 15)) 21.470ms
[109.325s][info][gc          ] Allocation Stall (Executor task launch worker for task 12.0 in stage 0.0 (TID 12)) 22.470ms
[109.325s][info][gc          ] Allocation Stall (Executor task launch worker for task 4.0 in stage 0.0 (TID 4)) 21.931ms
[109.325s][info][gc          ] Allocation Stall (Executor task launch worker for task 0.0 in stage 0.0 (TID 0)) 22.058ms
[109.325s][info][gc          ] Allocation Stall (Executor task launch worker for task 32.0 in stage 0.0 (TID 32)) 21.331ms
[109.325s][info][gc          ] Allocation Stall (Executor task launch worker for task 28.0 in stage 0.0 (TID 28)) 20.911ms
[109.325s][info][gc          ] Allocation Stall (Executor task launch worker for task 44.0 in stage 0.0 (TID 44)) 31.325ms
[109.326s][info][gc,phases   ] GC(101) Concurrent Select Relocation Set 2.442ms
[109.326s][info][gc          ] Allocation Stall (Executor task launch worker for task 25.0 in stage 0.0 (TID 25)) 20.895ms
[109.326s][info][gc          ] Allocation Stall (Executor task launch worker for task 47.0 in stage 0.0 (TID 47)) 20.909ms
[109.326s][info][gc          ] Allocation Stall (Executor task launch worker for task 1.0 in stage 0.0 (TID 1)) 20.931ms
[109.326s][info][gc          ] Allocation Stall (Executor task launch worker for task 38.0 in stage 0.0 (TID 38)) 20.943ms
[109.326s][info][gc          ] Allocation Stall (Executor task launch worker for task 13.0 in stage 0.0 (TID 13)) 20.912ms
[109.326s][info][gc          ] Allocation Stall (Executor task launch worker for task 43.0 in stage 0.0 (TID 43)) 20.925ms
[109.326s][info][gc          ] Allocation Stall (Executor task launch worker for task 19.0 in stage 0.0 (TID 19)) 20.941ms
[109.338s][info][gc,phases   ] GC(101) Pause Relocate Start 0.006ms
[109.338s][info][gc          ] Allocation Stall (Executor task launch worker for task 39.0 in stage 0.0 (TID 39)) 32.739ms
[109.338s][info][gc          ] Allocation Stall (Executor task launch worker for task 6.0 in stage 0.0 (TID 6)) 32.655ms
[109.338s][info][gc          ] Allocation Stall (Executor task launch worker for task 21.0 in stage 0.0 (TID 21)) 32.643ms
[109.338s][info][gc          ] Allocation Stall (Executor task launch worker for task 41.0 in stage 0.0 (TID 41)) 32.120ms
[109.338s][info][gc          ] Allocation Stall (Executor task launch worker for task 18.0 in stage 0.0 (TID 18)) 32.657ms
[109.338s][info][gc          ] Allocation Stall (Executor task launch worker for task 31.0 in stage 0.0 (TID 31)) 32.532ms
[109.338s][info][gc          ] Allocation Stall (Executor task launch worker for task 29.0 in stage 0.0 (TID 29)) 31.989ms
[109.338s][info][gc          ] Allocation Stall (Executor task launch worker for task 45.0 in stage 0.0 (TID 45)) 32.417ms
[109.338s][info][gc          ] Allocation Stall (Executor task launch worker for task 11.0 in stage 0.0 (TID 11)) 32.075ms
[109.338s][info][gc          ] Allocation Stall (Executor task launch worker for task 40.0 in stage 0.0 (TID 40)) 32.045ms
[109.338s][info][gc          ] Allocation Stall (Executor task launch worker for task 46.0 in stage 0.0 (TID 46)) 32.289ms
[109.338s][info][gc          ] Allocation Stall (Executor task launch worker for task 23.0 in stage 0.0 (TID 23)) 31.756ms
[109.338s][info][gc          ] Allocation Stall (Executor task launch worker for task 14.0 in stage 0.0 (TID 14)) 32.113ms
[109.338s][info][gc          ] Allocation Stall (Executor task launch worker for task 3.0 in stage 0.0 (TID 3)) 32.288ms
[109.338s][info][gc          ] Allocation Stall (Executor task launch worker for task 2.0 in stage 0.0 (TID 2)) 32.282ms
[109.338s][info][gc          ] Allocation Stall (Executor task launch worker for task 42.0 in stage 0.0 (TID 42)) 32.034ms
[109.338s][info][gc          ] Allocation Stall (Executor task launch worker for task 7.0 in stage 0.0 (TID 7)) 31.652ms
[109.338s][info][gc          ] Allocation Stall (Executor task launch worker for task 24.0 in stage 0.0 (TID 24)) 31.632ms
[109.338s][info][gc          ] Allocation Stall (Executor task launch worker for task 16.0 in stage 0.0 (TID 16)) 32.335ms
[109.338s][info][gc          ] Allocation Stall (Executor task launch worker for task 20.0 in stage 0.0 (TID 20)) 32.343ms
[109.338s][info][gc          ] Allocation Stall (Executor task launch worker for task 5.0 in stage 0.0 (TID 5)) 32.347ms
[109.338s][info][gc          ] Allocation Stall (Executor task launch worker for task 10.0 in stage 0.0 (TID 10)) 31.915ms
[109.338s][info][gc          ] Allocation Stall (Executor task launch worker for task 30.0 in stage 0.0 (TID 30)) 31.709ms
[109.338s][info][gc          ] Allocation Stall (Executor task launch worker for task 8.0 in stage 0.0 (TID 8)) 32.524ms
[109.338s][info][gc          ] Allocation Stall (Spark Context Cleaner) 31.432ms
[109.378s][info][gc,phases   ] GC(101) Concurrent Relocate 40.105ms
[109.378s][info][gc,load     ] GC(101) Load: 0.00/0.00/0.00
[109.378s][info][gc,mmu      ] GC(101) MMU: 2ms/94.2%, 5ms/97.7%, 10ms/98.8%, 20ms/99.3%, 50ms/99.7%, 100ms/99.8%
[109.378s][info][gc,marking  ] GC(101) Mark: 8 stripe(s), 2 proactive flush(es), 1 terminate flush(es), 0 completion(s), 0 continuation(s) 
[109.378s][info][gc,marking  ] GC(101) Mark Stack Usage: 32M
[109.378s][info][gc,nmethod  ] GC(101) NMethods: 2325 registered, 99 unregistered
[109.378s][info][gc,metaspace] GC(101) Metaspace: 112M used, 124M committed, 1152M reserved
[109.378s][info][gc,ref      ] GC(101) Soft: 2800 encountered, 2070 discovered, 0 enqueued
[109.378s][info][gc,ref      ] GC(101) Weak: 12963 encountered, 3073 discovered, 0 enqueued
[109.378s][info][gc,ref      ] GC(101) Final: 62 encountered, 27 discovered, 0 enqueued
[109.378s][info][gc,ref      ] GC(101) Phantom: 750 encountered, 551 discovered, 0 enqueued
[109.378s][info][gc,reloc    ] GC(101) Small Pages: 116 / 232M, Empty: 104M, Relocated: 3M, In-Place: 0
[109.378s][info][gc,reloc    ] GC(101) Medium Pages: 21 / 672M, Empty: 0M, Relocated: 23M, In-Place: 1
[109.378s][info][gc,reloc    ] GC(101) Large Pages: 12 / 96M, Empty: 8M, Relocated: 0M, In-Place: 0
[109.378s][info][gc,reloc    ] GC(101) Forwarding Usage: 0M
[109.378s][info][gc,heap     ] GC(101) Min Capacity: 8M(1%)
[109.378s][info][gc,heap     ] GC(101) Max Capacity: 1024M(100%)
[109.378s][info][gc,heap     ] GC(101) Soft Max Capacity: 1024M(100%)
[109.378s][info][gc,heap     ] GC(101)                Mark Start          Mark End        Relocate Start      Relocate End           High               Low         
[109.378s][info][gc,heap     ] GC(101)  Capacity:     1024M (100%)       1024M (100%)       1024M (100%)       1024M (100%)       1024M (100%)       1024M (100%)   
[109.378s][info][gc,heap     ] GC(101)      Free:        0M (0%)            0M (0%)           24M (2%)           62M (6%)          112M (11%)           0M (0%)     
[109.378s][info][gc,heap     ] GC(101)      Used:     1024M (100%)       1024M (100%)       1000M (98%)         962M (94%)        1024M (100%)        912M (89%)    
[109.378s][info][gc,heap     ] GC(101)      Live:         -               715M (70%)         715M (70%)         715M (70%)            -                  -          
[109.379s][info][gc,heap     ] GC(101) Allocated:         -                 0M (0%)           88M (9%)          121M (12%)            -                  -          
[109.379s][info][gc,heap     ] GC(101)   Garbage:         -               308M (30%)         196M (19%)         125M (12%)            -                  -          
[109.379s][info][gc,heap     ] GC(101) Reclaimed:         -                  -               112M (11%)         183M (18%)            -                  -          
[109.379s][info][gc          ] GC(101) Garbage Collection (Allocation Stall) 1024M(100%)->962M(94%)
[109.397s][info][gc,start    ] GC(102) Garbage Collection (Allocation Stall)
[109.397s][info][gc,ref      ] GC(102) Clearing All SoftReferences
[109.397s][info][gc,task     ] GC(102) Using 10 workers
[109.400s][info][gc,ref      ] GC(102) Clearing All SoftReferences
[109.400s][info][gc,phases   ] GC(102) Pause Mark Start 0.036ms
[109.400s][info][gc          ] Allocation Stall (Executor task launch worker for task 17.0 in stage 0.0 (TID 17)) 3.468ms
[109.400s][info][gc          ] Allocation Stall (Executor task launch worker for task 37.0 in stage 0.0 (TID 37)) 3.416ms
[109.447s][info][gc,phases   ] GC(102) Concurrent Mark 45.489ms
[109.447s][info][gc,phases   ] GC(102) Pause Mark End 0.015ms
[109.447s][info][gc,phases   ] GC(102) Concurrent Mark Free 0.001ms
[109.448s][info][gc,phases   ] GC(102) Concurrent Process Non-Strong References 0.978ms
[109.448s][info][gc,phases   ] GC(102) Concurrent Reset Relocation Set 0.005ms
[109.451s][info][gc          ] Allocation Stall (Executor task launch worker for task 7.0 in stage 0.0 (TID 7)) 38.693ms
[109.451s][info][gc          ] Allocation Stall (Executor task launch worker for task 30.0 in stage 0.0 (TID 30)) 44.590ms
[109.451s][info][gc,phases   ] GC(102) Concurrent Select Relocation Set 2.712ms
[109.463s][info][gc,phases   ] GC(102) Pause Relocate Start 0.006ms
[109.463s][info][gc          ] Allocation Stall (Executor task launch worker for task 36.0 in stage 0.0 (TID 36)) 46.630ms
[109.463s][info][gc          ] Allocation Stall (Executor task launch worker for task 42.0 in stage 0.0 (TID 42)) 47.050ms
[109.463s][info][gc          ] Allocation Stall (Executor task launch worker for task 6.0 in stage 0.0 (TID 6)) 46.080ms
[109.463s][info][gc          ] Allocation Stall (Executor task launch worker for task 20.0 in stage 0.0 (TID 20)) 45.629ms
[109.463s][info][gc          ] Allocation Stall (Executor task launch worker for task 22.0 in stage 0.0 (TID 22)) 45.643ms
[109.463s][info][gc          ] Allocation Stall (Executor task launch worker for task 19.0 in stage 0.0 (TID 19)) 45.645ms
[109.463s][info][gc          ] Allocation Stall (Executor task launch worker for task 4.0 in stage 0.0 (TID 4)) 45.583ms
[109.463s][info][gc          ] Allocation Stall (Executor task launch worker for task 23.0 in stage 0.0 (TID 23)) 45.486ms
[109.463s][info][gc          ] Allocation Stall (Executor task launch worker for task 41.0 in stage 0.0 (TID 41)) 45.627ms
[109.463s][info][gc          ] Allocation Stall (Executor task launch worker for task 1.0 in stage 0.0 (TID 1)) 45.482ms
[109.463s][info][gc          ] Allocation Stall (Executor task launch worker for task 31.0 in stage 0.0 (TID 31)) 44.081ms
[109.463s][info][gc          ] Allocation Stall (Executor task launch worker for task 5.0 in stage 0.0 (TID 5)) 43.897ms
[109.463s][info][gc          ] Allocation Stall (Executor task launch worker for task 14.0 in stage 0.0 (TID 14)) 43.928ms
[109.463s][info][gc          ] Allocation Stall (Executor task launch worker for task 21.0 in stage 0.0 (TID 21)) 44.036ms
[109.463s][info][gc          ] Allocation Stall (Executor task launch worker for task 0.0 in stage 0.0 (TID 0)) 44.274ms
[109.463s][info][gc          ] Allocation Stall (Executor task launch worker for task 13.0 in stage 0.0 (TID 13)) 43.938ms
[109.463s][info][gc          ] Allocation Stall (Executor task launch worker for task 8.0 in stage 0.0 (TID 8)) 45.617ms
[109.463s][info][gc          ] Allocation Stall (Executor task launch worker for task 29.0 in stage 0.0 (TID 29)) 43.920ms
[109.463s][info][gc          ] Allocation Stall (Executor task launch worker for task 27.0 in stage 0.0 (TID 27)) 44.093ms
[109.463s][info][gc          ] Allocation Stall (Executor task launch worker for task 18.0 in stage 0.0 (TID 18)) 45.468ms
[109.463s][info][gc          ] Allocation Stall (Executor task launch worker for task 25.0 in stage 0.0 (TID 25)) 43.804ms
[109.463s][info][gc          ] Allocation Stall (Executor task launch worker for task 34.0 in stage 0.0 (TID 34)) 43.800ms
[109.463s][info][gc          ] Allocation Stall (Executor task launch worker for task 44.0 in stage 0.0 (TID 44)) 44.574ms
[109.463s][info][gc          ] Allocation Stall (Executor task launch worker for task 43.0 in stage 0.0 (TID 43)) 44.910ms
[109.463s][info][gc          ] Allocation Stall (Executor task launch worker for task 15.0 in stage 0.0 (TID 15)) 45.405ms
[109.463s][info][gc          ] Allocation Stall (Executor task launch worker for task 35.0 in stage 0.0 (TID 35)) 45.571ms
[109.463s][info][gc          ] Allocation Stall (Executor task launch worker for task 10.0 in stage 0.0 (TID 10)) 43.809ms
[109.463s][info][gc          ] Allocation Stall (Executor task launch worker for task 3.0 in stage 0.0 (TID 3)) 43.858ms
[109.463s][info][gc          ] Allocation Stall (Executor task launch worker for task 16.0 in stage 0.0 (TID 16)) 45.595ms
[109.463s][info][gc          ] Allocation Stall (Executor task launch worker for task 11.0 in stage 0.0 (TID 11)) 45.420ms
[109.463s][info][gc          ] Allocation Stall (Executor task launch worker for task 32.0 in stage 0.0 (TID 32)) 43.937ms
[109.463s][info][gc          ] Allocation Stall (Executor task launch worker for task 9.0 in stage 0.0 (TID 9)) 43.898ms
[109.463s][info][gc          ] Allocation Stall (Executor task launch worker for task 37.0 in stage 0.0 (TID 37)) 43.813ms
[109.463s][info][gc          ] Allocation Stall (Executor task launch worker for task 12.0 in stage 0.0 (TID 12)) 43.770ms
[109.463s][info][gc          ] Allocation Stall (Executor task launch worker for task 2.0 in stage 0.0 (TID 2)) 43.765ms
[109.463s][info][gc          ] Allocation Stall (Executor task launch worker for task 38.0 in stage 0.0 (TID 38)) 43.750ms
[109.463s][info][gc          ] Allocation Stall (Executor task launch worker for task 47.0 in stage 0.0 (TID 47)) 43.739ms
[109.463s][info][gc          ] Allocation Stall (Executor task launch worker for task 39.0 in stage 0.0 (TID 39)) 43.771ms
[109.463s][info][gc          ] Allocation Stall (Executor task launch worker for task 40.0 in stage 0.0 (TID 40)) 43.779ms
[109.463s][info][gc          ] Allocation Stall (Executor task launch worker for task 33.0 in stage 0.0 (TID 33)) 43.758ms
[109.463s][info][gc          ] Allocation Stall (Executor task launch worker for task 45.0 in stage 0.0 (TID 45)) 43.752ms
[109.463s][info][gc          ] Allocation Stall (Executor task launch worker for task 24.0 in stage 0.0 (TID 24)) 43.771ms
[109.464s][info][gc          ] Allocation Stall (Executor task launch worker for task 26.0 in stage 0.0 (TID 26)) 44.015ms
[109.464s][info][gc          ] Allocation Stall (Executor task launch worker for task 28.0 in stage 0.0 (TID 28)) 44.143ms
[109.464s][info][gc          ] Allocation Stall (Executor task launch worker for task 17.0 in stage 0.0 (TID 17)) 44.235ms
[109.464s][info][gc          ] Allocation Stall (Executor task launch worker for task 46.0 in stage 0.0 (TID 46)) 44.566ms
[109.474s][info][gc,phases   ] GC(102) Concurrent Relocate 11.168ms
[109.474s][info][gc,load     ] GC(102) Load: 0.00/0.00/0.00
[109.474s][info][gc,mmu      ] GC(102) MMU: 2ms/94.2%, 5ms/97.7%, 10ms/98.8%, 20ms/99.3%, 50ms/99.7%, 100ms/99.8%
[109.474s][info][gc,marking  ] GC(102) Mark: 8 stripe(s), 2 proactive flush(es), 1 terminate flush(es), 0 completion(s), 0 continuation(s) 
[109.474s][info][gc,marking  ] GC(102) Mark Stack Usage: 32M
[109.474s][info][gc,nmethod  ] GC(102) NMethods: 2325 registered, 99 unregistered
[109.474s][info][gc,metaspace] GC(102) Metaspace: 112M used, 124M committed, 1152M reserved
[109.474s][info][gc,ref      ] GC(102) Soft: 2800 encountered, 2157 discovered, 0 enqueued
[109.475s][info][gc,ref      ] GC(102) Weak: 12966 encountered, 2791 discovered, 0 enqueued
[109.475s][info][gc,ref      ] GC(102) Final: 62 encountered, 2 discovered, 0 enqueued
[109.475s][info][gc,ref      ] GC(102) Phantom: 750 encountered, 682 discovered, 0 enqueued
[109.475s][info][gc,reloc    ] GC(102) Small Pages: 113 / 226M, Empty: 86M, Relocated: 4M, In-Place: 0
[109.475s][info][gc,reloc    ] GC(102) Medium Pages: 21 / 672M, Empty: 0M, Relocated: 0M, In-Place: 0
[109.475s][info][gc,reloc    ] GC(102) Large Pages: 11 / 88M, Empty: 0M, Relocated: 0M, In-Place: 0
[109.475s][info][gc,reloc    ] GC(102) Forwarding Usage: 0M
[109.475s][info][gc,heap     ] GC(102) Min Capacity: 8M(1%)
[109.475s][info][gc,heap     ] GC(102) Max Capacity: 1024M(100%)
[109.475s][info][gc,heap     ] GC(102) Soft Max Capacity: 1024M(100%)
[109.475s][info][gc,heap     ] GC(102)                Mark Start          Mark End        Relocate Start      Relocate End           High               Low         
[109.475s][info][gc,heap     ] GC(102)  Capacity:     1024M (100%)       1024M (100%)       1024M (100%)       1024M (100%)       1024M (100%)       1024M (100%)   
[109.475s][info][gc,heap     ] GC(102)      Free:       34M (3%)            0M (0%)           20M (2%)            6M (1%)           86M (8%)            0M (0%)     
[109.475s][info][gc,heap     ] GC(102)      Used:      990M (97%)        1024M (100%)       1004M (98%)        1018M (99%)        1024M (100%)        938M (92%)    
[109.475s][info][gc,heap     ] GC(102)      Live:         -               724M (71%)         724M (71%)         724M (71%)            -                  -          
[109.475s][info][gc,heap     ] GC(102) Allocated:         -                34M (3%)          100M (10%)         165M (16%)            -                  -          
[109.475s][info][gc,heap     ] GC(102)   Garbage:         -               265M (26%)         179M (18%)         128M (13%)            -                  -          
[109.475s][info][gc,heap     ] GC(102) Reclaimed:         -                  -                86M (8%)          137M (13%)            -                  -          
[109.475s][info][gc          ] GC(102) Garbage Collection (Allocation Stall) 990M(97%)->1018M(99%)
[109.479s][info][gc,start    ] GC(103) Garbage Collection (Allocation Stall)
[109.479s][info][gc,ref      ] GC(103) Clearing All SoftReferences
[109.480s][info][gc,task     ] GC(103) Using 10 workers
[109.494s][info][gc,ref      ] GC(103) Clearing All SoftReferences
[109.494s][info][gc,phases   ] GC(103) Pause Mark Start 0.057ms
[109.494s][info][gc          ] Allocation Stall (Executor task launch worker for task 46.0 in stage 0.0 (TID 46)) 14.725ms
[109.494s][info][gc          ] Allocation Stall (Executor task launch worker for task 23.0 in stage 0.0 (TID 23)) 14.587ms
[109.494s][info][gc          ] Allocation Stall (Executor task launch worker for task 2.0 in stage 0.0 (TID 2)) 14.767ms
[109.494s][info][gc          ] Allocation Stall (Executor task launch worker for task 38.0 in stage 0.0 (TID 38)) 14.637ms
[109.494s][info][gc          ] Allocation Stall (Executor task launch worker for task 45.0 in stage 0.0 (TID 45)) 14.608ms
[109.541s][info][gc,phases   ] GC(103) Concurrent Mark 46.575ms
[109.541s][info][gc,phases   ] GC(103) Pause Mark End 0.013ms
[109.541s][info][gc,phases   ] GC(103) Concurrent Mark Free 0.001ms
[109.542s][info][gc,phases   ] GC(103) Concurrent Process Non-Strong References 0.805ms
[109.542s][info][gc,phases   ] GC(103) Concurrent Reset Relocation Set 0.004ms
[109.544s][info][gc          ] Allocation Stall (Executor task launch worker for task 47.0 in stage 0.0 (TID 47)) 27.609ms
[109.544s][info][gc          ] Allocation Stall (Executor task launch worker for task 1.0 in stage 0.0 (TID 1)) 27.081ms
[109.544s][info][gc          ] Allocation Stall (Executor task launch worker for task 15.0 in stage 0.0 (TID 15)) 27.655ms
[109.544s][info][gc          ] Allocation Stall (Executor task launch worker for task 30.0 in stage 0.0 (TID 30)) 28.293ms
[109.544s][info][gc          ] Allocation Stall (Executor task launch worker for task 45.0 in stage 0.0 (TID 45)) 27.187ms
[109.544s][info][gc          ] Allocation Stall (Executor task launch worker for task 37.0 in stage 0.0 (TID 37)) 27.546ms
[109.544s][info][gc          ] Allocation Stall (Executor task launch worker for task 29.0 in stage 0.0 (TID 29)) 27.227ms
[109.544s][info][gc          ] Allocation Stall (Executor task launch worker for task 16.0 in stage 0.0 (TID 16)) 27.389ms
[109.544s][info][gc          ] Allocation Stall (Executor task launch worker for task 25.0 in stage 0.0 (TID 25)) 27.234ms
[109.544s][info][gc          ] Allocation Stall (Executor task launch worker for task 14.0 in stage 0.0 (TID 14)) 27.240ms
[109.544s][info][gc          ] Allocation Stall (Executor task launch worker for task 11.0 in stage 0.0 (TID 11)) 31.699ms
[109.544s][info][gc          ] Allocation Stall (Executor task launch worker for task 24.0 in stage 0.0 (TID 24)) 30.586ms
[109.544s][info][gc          ] Allocation Stall (Executor task launch worker for task 32.0 in stage 0.0 (TID 32)) 31.680ms
[109.544s][info][gc          ] Allocation Stall (Executor task launch worker for task 5.0 in stage 0.0 (TID 5)) 31.498ms
[109.544s][info][gc          ] Allocation Stall (Executor task launch worker for task 0.0 in stage 0.0 (TID 0)) 31.357ms
[109.544s][info][gc          ] Allocation Stall (Executor task launch worker for task 7.0 in stage 0.0 (TID 7)) 30.570ms
[109.544s][info][gc          ] Allocation Stall (Executor task launch worker for task 26.0 in stage 0.0 (TID 26)) 30.032ms
[109.544s][info][gc          ] Allocation Stall (Executor task launch worker for task 2.0 in stage 0.0 (TID 2)) 29.988ms
[109.544s][info][gc          ] Allocation Stall (Executor task launch worker for task 8.0 in stage 0.0 (TID 8)) 29.918ms
[109.544s][info][gc          ] Allocation Stall (Executor task launch worker for task 12.0 in stage 0.0 (TID 12)) 29.826ms
[109.544s][info][gc          ] Allocation Stall (Executor task launch worker for task 31.0 in stage 0.0 (TID 31)) 28.480ms
[109.544s][info][gc          ] Allocation Stall (Executor task launch worker for task 36.0 in stage 0.0 (TID 36)) 28.068ms
[109.544s][info][gc          ] Allocation Stall (Executor task launch worker for task 13.0 in stage 0.0 (TID 13)) 28.229ms
[109.544s][info][gc          ] Allocation Stall (Executor task launch worker for task 44.0 in stage 0.0 (TID 44)) 27.852ms
[109.544s][info][gc          ] Allocation Stall (Executor task launch worker for task 19.0 in stage 0.0 (TID 19)) 27.156ms
[109.544s][info][gc,phases   ] GC(103) Concurrent Select Relocation Set 2.523ms
[109.544s][info][gc          ] Allocation Stall (Executor task launch worker for task 3.0 in stage 0.0 (TID 3)) 27.227ms
[109.544s][info][gc          ] Allocation Stall (Executor task launch worker for task 18.0 in stage 0.0 (TID 18)) 27.181ms
[109.545s][info][gc          ] Allocation Stall (Executor task launch worker for task 35.0 in stage 0.0 (TID 35)) 27.168ms
[109.545s][info][gc          ] Allocation Stall (Executor task launch worker for task 41.0 in stage 0.0 (TID 41)) 27.201ms
[109.545s][info][gc          ] Allocation Stall (Executor task launch worker for task 46.0 in stage 0.0 (TID 46)) 27.234ms
[109.545s][info][gc          ] Allocation Stall (Executor task launch worker for task 28.0 in stage 0.0 (TID 28)) 27.231ms
[109.545s][info][gc          ] Allocation Stall (Executor task launch worker for task 10.0 in stage 0.0 (TID 10)) 27.232ms
[109.545s][info][gc          ] Allocation Stall (Executor task launch worker for task 39.0 in stage 0.0 (TID 39)) 27.263ms
[109.545s][info][gc          ] Allocation Stall (Executor task launch worker for task 27.0 in stage 0.0 (TID 27)) 27.298ms
[109.545s][info][gc          ] Allocation Stall (Executor task launch worker for task 40.0 in stage 0.0 (TID 40)) 27.319ms
[109.545s][info][gc          ] Allocation Stall (Executor task launch worker for task 20.0 in stage 0.0 (TID 20)) 27.325ms
[109.545s][info][gc          ] Allocation Stall (Executor task launch worker for task 33.0 in stage 0.0 (TID 33)) 27.321ms
[109.545s][info][gc          ] Allocation Stall (Executor task launch worker for task 4.0 in stage 0.0 (TID 4)) 27.254ms
[109.545s][info][gc          ] Allocation Stall (Executor task launch worker for task 38.0 in stage 0.0 (TID 38)) 27.249ms
[109.545s][info][gc          ] Allocation Stall (Executor task launch worker for task 17.0 in stage 0.0 (TID 17)) 27.231ms
[109.545s][info][gc          ] Allocation Stall (Executor task launch worker for task 21.0 in stage 0.0 (TID 21)) 27.267ms
[109.545s][info][gc          ] Allocation Stall (Executor task launch worker for task 22.0 in stage 0.0 (TID 22)) 27.298ms
[109.545s][info][gc          ] Allocation Stall (Executor task launch worker for task 23.0 in stage 0.0 (TID 23)) 27.319ms
[109.546s][info][gc,phases   ] GC(103) Pause Relocate Start 0.006ms
[109.546s][info][gc          ] Allocation Stall (Executor task launch worker for task 43.0 in stage 0.0 (TID 43)) 28.127ms
[109.546s][info][gc          ] Allocation Stall (Executor task launch worker for task 34.0 in stage 0.0 (TID 34)) 26.095ms
[109.546s][info][gc          ] Allocation Stall (Executor task launch worker for task 9.0 in stage 0.0 (TID 9)) 22.540ms
[109.546s][info][gc          ] Allocation Stall (Executor task launch worker for task 6.0 in stage 0.0 (TID 6)) 24.468ms
[109.547s][info][gc          ] Allocation Stall (Executor task launch worker for task 42.0 in stage 0.0 (TID 42)) 24.885ms
[109.552s][info][gc          ] Relocation Stall (Executor task launch worker for task 45.0 in stage 0.0 (TID 45)) 4.699ms
[109.560s][info][gc          ] Relocation Stall (Executor task launch worker for task 18.0 in stage 0.0 (TID 18)) 12.386ms
[109.599s][info][gc          ] Allocation Stall (Executor task launch worker for task 10.0 in stage 0.0 (TID 10)) 29.003ms
[109.617s][info][gc          ] Allocation Stall (Executor task launch worker for task 35.0 in stage 0.0 (TID 35)) 30.428ms
[109.617s][info][gc,phases   ] GC(103) Concurrent Relocate 70.474ms
[109.617s][info][gc,load     ] GC(103) Load: 0.00/0.00/0.00
[109.617s][info][gc          ] Allocation Stall (Executor task launch worker for task 19.0 in stage 0.0 (TID 19)) 29.692ms
[109.617s][info][gc          ] Allocation Stall (Executor task launch worker for task 29.0 in stage 0.0 (TID 29)) 29.796ms
[109.617s][info][gc          ] Allocation Stall (Executor task launch worker for task 26.0 in stage 0.0 (TID 26)) 29.004ms
[109.617s][info][gc          ] Allocation Stall (Executor task launch worker for task 43.0 in stage 0.0 (TID 43)) 29.874ms
[109.617s][info][gc          ] Allocation Stall (Spark Context Cleaner) 29.010ms
[109.617s][info][gc          ] Allocation Stall (Executor task launch worker for task 41.0 in stage 0.0 (TID 41)) 29.827ms
[109.617s][info][gc          ] Allocation Stall (Executor task launch worker for task 38.0 in stage 0.0 (TID 38)) 29.133ms
[109.617s][info][gc          ] Allocation Stall (Executor task launch worker for task 2.0 in stage 0.0 (TID 2)) 29.364ms
[109.617s][info][gc          ] Allocation Stall (Executor task launch worker for task 23.0 in stage 0.0 (TID 23)) 28.975ms
[109.617s][info][gc          ] Allocation Stall (Executor task launch worker for task 11.0 in stage 0.0 (TID 11)) 28.957ms
[109.617s][info][gc,mmu      ] GC(103) MMU: 2ms/94.2%, 5ms/97.7%, 10ms/98.8%, 20ms/99.3%, 50ms/99.7%, 100ms/99.8%
[109.617s][info][gc,marking  ] GC(103) Mark: 8 stripe(s), 2 proactive flush(es), 1 terminate flush(es), 0 completion(s), 0 continuation(s) 
[109.617s][info][gc,marking  ] GC(103) Mark Stack Usage: 32M
[109.617s][info][gc,nmethod  ] GC(103) NMethods: 2325 registered, 99 unregistered
[109.617s][info][gc,metaspace] GC(103) Metaspace: 112M used, 124M committed, 1152M reserved
[109.617s][info][gc,ref      ] GC(103) Soft: 2800 encountered, 221 discovered, 0 enqueued
[109.617s][info][gc,ref      ] GC(103) Weak: 12966 encountered, 2069 discovered, 0 enqueued
[109.617s][info][gc,ref      ] GC(103) Final: 62 encountered, 2 discovered, 0 enqueued
[109.617s][info][gc,ref      ] GC(103) Phantom: 750 encountered, 729 discovered, 0 enqueued
[109.618s][info][gc,reloc    ] GC(103) Small Pages: 88 / 176M, Empty: 40M, Relocated: 3M, In-Place: 0
[109.618s][info][gc,reloc    ] GC(103) Medium Pages: 22 / 704M, Empty: 0M, Relocated: 53M, In-Place: 1
[109.618s][info][gc,reloc    ] GC(103) Large Pages: 11 / 88M, Empty: 8M, Relocated: 0M, In-Place: 0
[109.618s][info][gc,reloc    ] GC(103) Forwarding Usage: 0M
[109.618s][info][gc,heap     ] GC(103) Min Capacity: 8M(1%)
[109.618s][info][gc,heap     ] GC(103) Max Capacity: 1024M(100%)
[109.618s][info][gc,heap     ] GC(103) Soft Max Capacity: 1024M(100%)
[109.618s][info][gc,heap     ] GC(103)                Mark Start          Mark End        Relocate Start      Relocate End           High               Low         
[109.618s][info][gc,heap     ] GC(103)  Capacity:     1024M (100%)       1024M (100%)       1024M (100%)       1024M (100%)       1024M (100%)       1024M (100%)   
[109.618s][info][gc,heap     ] GC(103)      Free:       46M (4%)            0M (0%)           26M (3%)            0M (0%)           80M (8%)            0M (0%)     
[109.618s][info][gc,heap     ] GC(103)      Used:      978M (96%)        1024M (100%)        998M (97%)        1024M (100%)       1024M (100%)        944M (92%)    
[109.618s][info][gc,heap     ] GC(103)      Live:         -               734M (72%)         734M (72%)         734M (72%)            -                  -          
[109.618s][info][gc,heap     ] GC(103) Allocated:         -                46M (4%)           68M (7%)          150M (15%)            -                  -          
[109.618s][info][gc,heap     ] GC(103)   Garbage:         -               243M (24%)         195M (19%)         139M (14%)            -                  -          
[109.618s][info][gc,heap     ] GC(103) Reclaimed:         -                  -                48M (5%)          104M (10%)            -                  -          
[109.618s][info][gc          ] GC(103) Garbage Collection (Allocation Stall) 978M(96%)->1024M(100%)
[109.618s][info][gc,start    ] GC(104) Garbage Collection (Allocation Stall)
[109.618s][info][gc,ref      ] GC(104) Clearing All SoftReferences
[109.618s][info][gc,task     ] GC(104) Using 10 workers
[109.618s][info][gc,ref      ] GC(104) Clearing All SoftReferences
[109.618s][info][gc,phases   ] GC(104) Pause Mark Start 0.031ms
[109.650s][info][gc,phases   ] GC(104) Concurrent Mark 31.764ms
[109.650s][info][gc,phases   ] GC(104) Pause Mark End 0.014ms
[109.650s][info][gc,phases   ] GC(104) Concurrent Mark Free 0.001ms
[109.651s][info][gc,phases   ] GC(104) Concurrent Process Non-Strong References 0.975ms
[109.651s][info][gc,phases   ] GC(104) Concurrent Reset Relocation Set 0.006ms
[109.655s][info][gc          ] Allocation Stall (Executor task launch worker for task 25.0 in stage 0.0 (TID 25)) 63.863ms
[109.655s][info][gc          ] Allocation Stall (Executor task launch worker for task 1.0 in stage 0.0 (TID 1)) 61.498ms
[109.655s][info][gc          ] Allocation Stall (Executor task launch worker for task 36.0 in stage 0.0 (TID 36)) 60.970ms
[109.655s][info][gc          ] Allocation Stall (Executor task launch worker for task 28.0 in stage 0.0 (TID 28)) 64.116ms
[109.655s][info][gc          ] Allocation Stall (Executor task launch worker for task 15.0 in stage 0.0 (TID 15)) 58.629ms
[109.655s][info][gc          ] Allocation Stall (Executor task launch worker for task 18.0 in stage 0.0 (TID 18)) 61.213ms
[109.655s][info][gc          ] Allocation Stall (Executor task launch worker for task 3.0 in stage 0.0 (TID 3)) 64.538ms
[109.655s][info][gc          ] Allocation Stall (Executor task launch worker for task 14.0 in stage 0.0 (TID 14)) 63.625ms
[109.655s][info][gc          ] Allocation Stall (Executor task launch worker for task 16.0 in stage 0.0 (TID 16)) 64.739ms
[109.655s][info][gc          ] Allocation Stall (Executor task launch worker for task 44.0 in stage 0.0 (TID 44)) 60.438ms
[109.655s][info][gc          ] Allocation Stall (Executor task launch worker for task 24.0 in stage 0.0 (TID 24)) 65.325ms
[109.655s][info][gc          ] Allocation Stall (Executor task launch worker for task 20.0 in stage 0.0 (TID 20)) 61.790ms
[109.655s][info][gc          ] Allocation Stall (Executor task launch worker for task 12.0 in stage 0.0 (TID 12)) 63.477ms
[109.655s][info][gc          ] Allocation Stall (Executor task launch worker for task 45.0 in stage 0.0 (TID 45)) 61.772ms
