[0.017s][info][gc] Using Epsilon
[0.019s][info][gc,init] Version: 20+36-2344 (release)
[0.019s][info][gc,init] CPUs: 48 total, 48 available
[0.019s][info][gc,init] Memory: 382G
[0.019s][info][gc,init] Large Page Support: Disabled
[0.019s][info][gc,init] NUMA Support: Disabled
[0.019s][info][gc,init] Compressed Oops: Enabled (32-bit)
[0.019s][info][gc,init] Heap Min Capacity: 6656K
[0.019s][info][gc,init] Heap Initial Capacity: 512M
[0.019s][info][gc,init] Heap Max Capacity: 512M
[0.019s][info][gc,init] Pre-touch: Disabled
[0.019s][warning][gc,init] Consider enabling -XX:+AlwaysPreTouch to avoid memory commit hiccups
[0.029s][info   ][gc,init] TLAB Size Max: 4M
[0.029s][info   ][gc,init] TLAB Size Elasticity: 1.10x
[0.029s][info   ][gc,init] TLAB Size Decay Time: 1000ms
[0.030s][info   ][gc,metaspace] CDS archive(s) mapped at: [0x0000000800000000-0x0000000800c60000-0x0000000800c60000), size 12976128, SharedBaseAddress: 0x0000000800000000, ArchiveRelocationMode: 0.
[0.030s][info   ][gc,metaspace] Compressed class space mapped at: 0x0000000801000000-0x0000000841000000, reserved size: 1073741824
[0.030s][info   ][gc,metaspace] Narrow klass base: 0x0000000800000000, Narrow klass shift: 0, Narrow klass range: 0x100000000
[10.773s][info   ][gc          ] Heap: 512M reserved, 512M (100.00%) committed, 26247K (5.01%) used
[10.773s][info   ][gc,metaspace] Metaspace: 1088M reserved, 7424K (0.67%) committed, 7264K (0.65%) used
[11.181s][info   ][gc          ] Heap: 512M reserved, 512M (100.00%) committed, 53347K (10.18%) used
[11.181s][info   ][gc,metaspace] Metaspace: 1088M reserved, 13056K (1.17%) committed, 12854K (1.15%) used
[11.415s][info   ][gc          ] Heap: 512M reserved, 512M (100.00%) committed, 80456K (15.35%) used
[11.415s][info   ][gc,metaspace] Metaspace: 1088M reserved, 14720K (1.32%) committed, 14536K (1.30%) used
[11.491s][info   ][gc          ] GC request for "System.gc()" is ignored
[11.656s][info   ][gc          ] Heap: 512M reserved, 512M (100.00%) committed, 106M (20.81%) used
[11.656s][info   ][gc,metaspace] Metaspace: 1088M reserved, 15936K (1.43%) committed, 15666K (1.41%) used
[11.820s][info   ][gc          ] Heap: 512M reserved, 512M (100.00%) committed, 134M (26.28%) used
[11.820s][info   ][gc,metaspace] Metaspace: 1088M reserved, 16192K (1.45%) committed, 15898K (1.43%) used
[11.921s][info   ][gc          ] Heap: 512M reserved, 512M (100.00%) committed, 162M (31.79%) used
[11.921s][info   ][gc,metaspace] Metaspace: 1088M reserved, 16512K (1.48%) committed, 16153K (1.45%) used
[12.141s][info   ][gc          ] Heap: 512M reserved, 512M (100.00%) committed, 190M (37.26%) used
[12.141s][info   ][gc,metaspace] Metaspace: 1088M reserved, 17280K (1.55%) committed, 16845K (1.51%) used
[12.305s][info   ][gc          ] Heap: 512M reserved, 512M (100.00%) committed, 218M (42.73%) used
[12.305s][info   ][gc,metaspace] Metaspace: 1088M reserved, 17472K (1.57%) committed, 17073K (1.53%) used
[12.424s][info   ][gc          ] Heap: 512M reserved, 512M (100.00%) committed, 246M (48.20%) used
[12.424s][info   ][gc,metaspace] Metaspace: 1088M reserved, 17664K (1.59%) committed, 17294K (1.55%) used
[12.483s][info   ][gc          ] Heap: 512M reserved, 512M (100.00%) committed, 274M (53.67%) used
[12.483s][info   ][gc,metaspace] Metaspace: 1088M reserved, 17792K (1.60%) committed, 17390K (1.56%) used
[12.603s][info   ][gc          ] Heap: 512M reserved, 512M (100.00%) committed, 302M (59.17%) used
[12.603s][info   ][gc,metaspace] Metaspace: 1088M reserved, 17856K (1.60%) committed, 17444K (1.57%) used
[12.664s][info   ][gc          ] Heap: 512M reserved, 512M (100.00%) committed, 330M (64.64%) used
[12.664s][info   ][gc,metaspace] Metaspace: 1088M reserved, 17984K (1.61%) committed, 17509K (1.57%) used
[12.746s][info   ][gc          ] Heap: 512M reserved, 512M (100.00%) committed, 358M (70.11%) used
[12.746s][info   ][gc,metaspace] Metaspace: 1088M reserved, 18048K (1.62%) committed, 17562K (1.58%) used
[12.891s][info   ][gc          ] Heap: 512M reserved, 512M (100.00%) committed, 386M (75.58%) used
[12.891s][info   ][gc,metaspace] Metaspace: 1088M reserved, 18240K (1.64%) committed, 17706K (1.59%) used
[12.960s][info   ][gc          ] Heap: 512M reserved, 512M (100.00%) committed, 414M (81.05%) used
[12.960s][info   ][gc,metaspace] Metaspace: 1088M reserved, 18304K (1.64%) committed, 17800K (1.60%) used
[13.069s][info   ][gc          ] Heap: 512M reserved, 512M (100.00%) committed, 442M (86.52%) used
[13.069s][info   ][gc,metaspace] Metaspace: 1088M reserved, 18560K (1.67%) committed, 18073K (1.62%) used
[13.221s][info   ][gc          ] Heap: 512M reserved, 512M (100.00%) committed, 468M (91.56%) used
[13.221s][info   ][gc,metaspace] Metaspace: 1088M reserved, 19072K (1.71%) committed, 18547K (1.66%) used
[13.354s][info   ][gc          ] Heap: 512M reserved, 512M (100.00%) committed, 496M (97.03%) used
[13.354s][info   ][gc,metaspace] Metaspace: 1088M reserved, 19072K (1.71%) committed, 18554K (1.67%) used
