[0.015s][info][gc] Using Epsilon
[0.018s][info][gc,init] Version: 20+36-2344 (release)
[0.018s][info][gc,init] CPUs: 48 total, 48 available
[0.018s][info][gc,init] Memory: 382G
[0.018s][info][gc,init] Large Page Support: Disabled
[0.018s][info][gc,init] NUMA Support: Disabled
[0.018s][info][gc,init] Compressed Oops: Enabled (32-bit)
[0.018s][info][gc,init] Heap Min Capacity: 6656K
[0.018s][info][gc,init] Heap Initial Capacity: 1G
[0.018s][info][gc,init] Heap Max Capacity: 1G
[0.018s][info][gc,init] Pre-touch: Disabled
[0.018s][warning][gc,init] Consider enabling -XX:+AlwaysPreTouch to avoid memory commit hiccups
[0.028s][info   ][gc,init] TLAB Size Max: 4M
[0.028s][info   ][gc,init] TLAB Size Elasticity: 1.10x
[0.029s][info   ][gc,init] TLAB Size Decay Time: 1000ms
[0.030s][info   ][gc,metaspace] CDS archive(s) mapped at: [0x0000000800000000-0x0000000800c60000-0x0000000800c60000), size 12976128, SharedBaseAddress: 0x0000000800000000, ArchiveRelocationMode: 0.
[0.030s][info   ][gc,metaspace] Compressed class space mapped at: 0x0000000801000000-0x0000000841000000, reserved size: 1073741824
[0.030s][info   ][gc,metaspace] Narrow klass base: 0x0000000800000000, Narrow klass shift: 0, Narrow klass range: 0x100000000
[7.191s][info   ][gc          ] Heap: 1024M reserved, 1024M (100.00%) committed, 56523K (5.39%) used
[7.191s][info   ][gc,metaspace] Metaspace: 1088M reserved, 13120K (1.18%) committed, 12983K (1.17%) used
[7.496s][info   ][gc          ] GC request for "System.gc()" is ignored
[7.696s][info   ][gc          ] Heap: 1024M reserved, 1024M (100.00%) committed, 107M (10.47%) used
[7.696s][info   ][gc,metaspace] Metaspace: 1088M reserved, 15936K (1.43%) committed, 15636K (1.40%) used
[7.930s][info   ][gc          ] Heap: 1024M reserved, 1024M (100.00%) committed, 159M (15.57%) used
[7.930s][info   ][gc,metaspace] Metaspace: 1088M reserved, 16448K (1.48%) committed, 16139K (1.45%) used
[8.249s][info   ][gc          ] Heap: 1024M reserved, 1024M (100.00%) committed, 211M (20.66%) used
[8.249s][info   ][gc,metaspace] Metaspace: 1088M reserved, 17472K (1.57%) committed, 17046K (1.53%) used
[8.447s][info   ][gc          ] Heap: 1024M reserved, 1024M (100.00%) committed, 263M (25.74%) used
[8.447s][info   ][gc,metaspace] Metaspace: 1088M reserved, 17728K (1.59%) committed, 17341K (1.56%) used
[8.597s][info   ][gc          ] Heap: 1024M reserved, 1024M (100.00%) committed, 315M (30.84%) used
[8.597s][info   ][gc,metaspace] Metaspace: 1088M reserved, 17856K (1.60%) committed, 17449K (1.57%) used
[8.726s][info   ][gc          ] Heap: 1024M reserved, 1024M (100.00%) committed, 367M (35.93%) used
[8.726s][info   ][gc,metaspace] Metaspace: 1088M reserved, 18048K (1.62%) committed, 17568K (1.58%) used
[8.920s][info   ][gc          ] Heap: 1024M reserved, 1024M (100.00%) committed, 419M (41.01%) used
[8.920s][info   ][gc,metaspace] Metaspace: 1088M reserved, 18368K (1.65%) committed, 17819K (1.60%) used
[9.229s][info   ][gc          ] Heap: 1024M reserved, 1024M (100.00%) committed, 471M (46.09%) used
[9.229s][info   ][gc,metaspace] Metaspace: 1088M reserved, 19072K (1.71%) committed, 18566K (1.67%) used
[9.413s][info   ][gc          ] Heap: 1024M reserved, 1024M (100.00%) committed, 523M (51.17%) used
[9.413s][info   ][gc,metaspace] Metaspace: 1088M reserved, 19072K (1.71%) committed, 18567K (1.67%) used
[9.577s][info   ][gc          ] Heap: 1024M reserved, 1024M (100.00%) committed, 575M (56.25%) used
[9.577s][info   ][gc,metaspace] Metaspace: 1088M reserved, 19072K (1.71%) committed, 18567K (1.67%) used
[9.753s][info   ][gc          ] Heap: 1024M reserved, 1024M (100.00%) committed, 627M (61.33%) used
[9.753s][info   ][gc,metaspace] Metaspace: 1088M reserved, 19072K (1.71%) committed, 18567K (1.67%) used
[9.904s][info   ][gc          ] Heap: 1024M reserved, 1024M (100.00%) committed, 679M (66.40%) used
[9.904s][info   ][gc,metaspace] Metaspace: 1088M reserved, 19072K (1.71%) committed, 18567K (1.67%) used
[10.058s][info   ][gc          ] Heap: 1024M reserved, 1024M (100.00%) committed, 731M (71.48%) used
[10.058s][info   ][gc,metaspace] Metaspace: 1088M reserved, 19072K (1.71%) committed, 18567K (1.67%) used
[10.249s][info   ][gc          ] Heap: 1024M reserved, 1024M (100.00%) committed, 783M (76.56%) used
[10.249s][info   ][gc,metaspace] Metaspace: 1088M reserved, 19072K (1.71%) committed, 18577K (1.67%) used
[10.427s][info   ][gc          ] Heap: 1024M reserved, 1024M (100.00%) committed, 835M (81.64%) used
[10.427s][info   ][gc,metaspace] Metaspace: 1088M reserved, 19136K (1.72%) committed, 18690K (1.68%) used
[10.892s][info   ][gc          ] Heap: 1024M reserved, 1024M (100.00%) committed, 887M (86.72%) used
[10.892s][info   ][gc,metaspace] Metaspace: 1088M reserved, 19200K (1.72%) committed, 18701K (1.68%) used
[10.919s][info   ][gc          ] Heap: 1024M reserved, 1024M (100.00%) committed, 939M (91.79%) used
[10.919s][info   ][gc,metaspace] Metaspace: 1088M reserved, 19200K (1.72%) committed, 18701K (1.68%) used
[10.947s][info   ][gc          ] Heap: 1024M reserved, 1024M (100.00%) committed, 991M (96.87%) used
[10.947s][info   ][gc,metaspace] Metaspace: 1088M reserved, 19200K (1.72%) committed, 18701K (1.68%) used
