[0.017s][info][gc,init] CardTable entry size: 512
[0.018s][info][gc     ] Using G1
[0.027s][info][gc,init] Version: 20+36-2344 (release)
[0.027s][info][gc,init] CPUs: 48 total, 48 available
[0.027s][info][gc,init] Memory: 382G
[0.027s][info][gc,init] Large Page Support: Disabled
[0.027s][info][gc,init] NUMA Support: Disabled
[0.027s][info][gc,init] Compressed Oops: Enabled (32-bit)
[0.027s][info][gc,init] Heap Region Size: 1M
[0.027s][info][gc,init] Heap Min Capacity: 8M
[0.027s][info][gc,init] Heap Initial Capacity: 512M
[0.027s][info][gc,init] Heap Max Capacity: 512M
[0.027s][info][gc,init] Pre-touch: Disabled
[0.033s][info][gc,init] Parallel Workers: 33
[0.033s][info][gc,init] Concurrent Workers: 8
[0.033s][info][gc,init] Concurrent Refinement Workers: 33
[0.033s][info][gc,init] Periodic GC: Disabled
[0.035s][info][gc,metaspace] CDS archive(s) mapped at: [0x0000000800000000-0x0000000800c60000-0x0000000800c60000), size 12976128, SharedBaseAddress: 0x0000000800000000, ArchiveRelocationMode: 0.
[0.035s][info][gc,metaspace] Compressed class space mapped at: 0x0000000801000000-0x0000000841000000, reserved size: 1073741824
[0.035s][info][gc,metaspace] Narrow klass base: 0x0000000800000000, Narrow klass shift: 0, Narrow klass range: 0x100000000
[4.401s][info][gc,start    ] GC(0) Pause Young (Normal) (G1 Evacuation Pause)
[4.402s][info][gc,task     ] GC(0) Using 12 workers of 33 for evacuation
[4.406s][info][gc,phases   ] GC(0)   Pre Evacuate Collection Set: 0.2ms
[4.406s][info][gc,phases   ] GC(0)   Merge Heap Roots: 0.1ms
[4.406s][info][gc,phases   ] GC(0)   Evacuate Collection Set: 2.7ms
[4.406s][info][gc,phases   ] GC(0)   Post Evacuate Collection Set: 0.7ms
[4.406s][info][gc,phases   ] GC(0)   Other: 0.9ms
[4.406s][info][gc,heap     ] GC(0) Eden regions: 25->0(35)
[4.406s][info][gc,heap     ] GC(0) Survivor regions: 0->3(4)
[4.406s][info][gc,heap     ] GC(0) Old regions: 0->0
[4.406s][info][gc,heap     ] GC(0) Archive regions: 0->0
[4.406s][info][gc,heap     ] GC(0) Humongous regions: 0->0
[4.406s][info][gc,metaspace] GC(0) Metaspace: 5323K(5504K)->5323K(5504K) NonClass: 4162K(4288K)->4162K(4288K) Class: 1160K(1216K)->1160K(1216K)
[4.406s][info][gc          ] GC(0) Pause Young (Normal) (G1 Evacuation Pause) 25M->2M(512M) 5.157ms
[4.406s][info][gc,cpu      ] GC(0) User=0.00s Sys=0.00s Real=0.00s
[4.946s][info][gc,start    ] GC(1) Pause Young (Normal) (G1 Evacuation Pause)
[4.947s][info][gc,task     ] GC(1) Using 12 workers of 33 for evacuation
[4.950s][info][gc,phases   ] GC(1)   Pre Evacuate Collection Set: 0.1ms
[4.950s][info][gc,phases   ] GC(1)   Merge Heap Roots: 0.0ms
[4.950s][info][gc,phases   ] GC(1)   Evacuate Collection Set: 3.2ms
[4.950s][info][gc,phases   ] GC(1)   Post Evacuate Collection Set: 0.5ms
[4.950s][info][gc,phases   ] GC(1)   Other: 0.1ms
[4.951s][info][gc,heap     ] GC(1) Eden regions: 35->0(302)
[4.951s][info][gc,heap     ] GC(1) Survivor regions: 3->5(5)
[4.951s][info][gc,heap     ] GC(1) Old regions: 0->0
[4.951s][info][gc,heap     ] GC(1) Archive regions: 0->0
[4.951s][info][gc,heap     ] GC(1) Humongous regions: 0->0
[4.951s][info][gc,metaspace] GC(1) Metaspace: 13050K(13184K)->13050K(13184K) NonClass: 9942K(10048K)->9942K(10048K) Class: 3108K(3136K)->3108K(3136K)
[4.951s][info][gc          ] GC(1) Pause Young (Normal) (G1 Evacuation Pause) 37M->4M(512M) 4.146ms
[4.951s][info][gc,cpu      ] GC(1) User=0.02s Sys=0.00s Real=0.02s
[5.252s][info][gc,start    ] GC(2) Pause Full (System.gc())
[5.252s][info][gc,task     ] GC(2) Using 12 workers of 33 for full compaction
[5.252s][info][gc,phases,start] GC(2) Phase 1: Mark live objects
[5.258s][info][gc,phases      ] GC(2) Phase 1: Mark live objects 5.986ms
[5.258s][info][gc,phases,start] GC(2) Phase 2: Prepare compaction
[5.259s][info][gc,phases      ] GC(2) Phase 2: Prepare compaction 0.919ms
[5.259s][info][gc,phases,start] GC(2) Phase 3: Adjust pointers
[5.261s][info][gc,phases      ] GC(2) Phase 3: Adjust pointers 2.019ms
[5.261s][info][gc,phases,start] GC(2) Phase 4: Compact heap
[5.263s][info][gc,phases      ] GC(2) Phase 4: Compact heap 1.053ms
[5.267s][info][gc,heap        ] GC(2) Eden regions: 28->0(23)
[5.267s][info][gc,heap        ] GC(2) Survivor regions: 5->0(5)
[5.267s][info][gc,heap        ] GC(2) Old regions: 0->13
[5.267s][info][gc,heap        ] GC(2) Archive regions: 0->0
[5.267s][info][gc,heap        ] GC(2) Humongous regions: 0->0
[5.267s][info][gc,metaspace   ] GC(2) Metaspace: 15050K(15232K)->15046K(15232K) NonClass: 11546K(11648K)->11543K(11648K) Class: 3504K(3584K)->3503K(3584K)
[5.267s][info][gc             ] GC(2) Pause Full (System.gc()) 32M->3M(44M) 14.570ms
[5.267s][info][gc,cpu         ] GC(2) User=0.03s Sys=0.00s Real=0.02s
[5.462s][info][gc,start       ] GC(3) Pause Young (Normal) (G1 Evacuation Pause)
[5.462s][info][gc,task        ] GC(3) Using 7 workers of 33 for evacuation
[5.463s][info][gc,phases      ] GC(3)   Pre Evacuate Collection Set: 0.0ms
[5.463s][info][gc,phases      ] GC(3)   Merge Heap Roots: 0.0ms
[5.463s][info][gc,phases      ] GC(3)   Evacuate Collection Set: 1.0ms
[5.463s][info][gc,phases      ] GC(3)   Post Evacuate Collection Set: 0.3ms
[5.463s][info][gc,phases      ] GC(3)   Other: 0.1ms
[5.463s][info][gc,heap        ] GC(3) Eden regions: 23->0(23)
[5.463s][info][gc,heap        ] GC(3) Survivor regions: 0->2(3)
[5.464s][info][gc,heap        ] GC(3) Old regions: 13->13
[5.464s][info][gc,heap        ] GC(3) Archive regions: 0->0
[5.464s][info][gc,heap        ] GC(3) Humongous regions: 0->0
[5.464s][info][gc,metaspace   ] GC(3) Metaspace: 15636K(15936K)->15636K(15936K) NonClass: 12024K(12160K)->12024K(12160K) Class: 3611K(3776K)->3611K(3776K)
[5.464s][info][gc             ] GC(3) Pause Young (Normal) (G1 Evacuation Pause) 26M->5M(44M) 1.612ms
[5.464s][info][gc,cpu         ] GC(3) User=0.00s Sys=0.00s Real=0.00s
[5.578s][info][gc,start       ] GC(4) Pause Young (Normal) (G1 Evacuation Pause)
[5.578s][info][gc,task        ] GC(4) Using 4 workers of 33 for evacuation
[5.581s][info][gc,phases      ] GC(4)   Pre Evacuate Collection Set: 0.1ms
[5.581s][info][gc,phases      ] GC(4)   Merge Heap Roots: 0.0ms
[5.581s][info][gc,phases      ] GC(4)   Evacuate Collection Set: 1.7ms
[5.581s][info][gc,phases      ] GC(4)   Post Evacuate Collection Set: 0.2ms
[5.581s][info][gc,phases      ] GC(4)   Other: 0.7ms
[5.581s][info][gc,heap        ] GC(4) Eden regions: 23->0(23)
[5.581s][info][gc,heap        ] GC(4) Survivor regions: 2->2(4)
[5.581s][info][gc,heap        ] GC(4) Old regions: 13->13
[5.581s][info][gc,heap        ] GC(4) Archive regions: 0->0
[5.581s][info][gc,heap        ] GC(4) Humongous regions: 0->0
[5.581s][info][gc,metaspace   ] GC(4) Metaspace: 15844K(16192K)->15844K(16192K) NonClass: 12231K(12416K)->12231K(12416K) Class: 3612K(3776K)->3612K(3776K)
[5.581s][info][gc             ] GC(4) Pause Young (Normal) (G1 Evacuation Pause) 28M->5M(44M) 2.958ms
[5.581s][info][gc,cpu         ] GC(4) User=0.00s Sys=0.00s Real=0.00s
[5.704s][info][gc,start       ] GC(5) Pause Young (Normal) (G1 Evacuation Pause)
[5.704s][info][gc,task        ] GC(5) Using 3 workers of 33 for evacuation
[5.709s][info][gc,phases      ] GC(5)   Pre Evacuate Collection Set: 0.1ms
[5.709s][info][gc,phases      ] GC(5)   Merge Heap Roots: 0.0ms
[5.709s][info][gc,phases      ] GC(5)   Evacuate Collection Set: 3.7ms
[5.709s][info][gc,phases      ] GC(5)   Post Evacuate Collection Set: 0.7ms
[5.709s][info][gc,phases      ] GC(5)   Other: 0.1ms
[5.709s][info][gc,heap        ] GC(5) Eden regions: 23->0(22)
[5.709s][info][gc,heap        ] GC(5) Survivor regions: 2->3(4)
[5.709s][info][gc,heap        ] GC(5) Old regions: 13->13
[5.709s][info][gc,heap        ] GC(5) Archive regions: 0->0
[5.709s][info][gc,heap        ] GC(5) Humongous regions: 0->0
[5.709s][info][gc,metaspace   ] GC(5) Metaspace: 16131K(16448K)->16131K(16448K) NonClass: 12491K(12672K)->12491K(12672K) Class: 3640K(3776K)->3640K(3776K)
[5.709s][info][gc             ] GC(5) Pause Young (Normal) (G1 Evacuation Pause) 28M->6M(44M) 5.173ms
[5.709s][info][gc,cpu         ] GC(5) User=0.09s Sys=0.02s Real=0.01s
[5.836s][info][gc,start       ] GC(6) Pause Young (Normal) (G1 Evacuation Pause)
[5.836s][info][gc,task        ] GC(6) Using 2 workers of 33 for evacuation
[5.838s][info][gc,phases      ] GC(6)   Pre Evacuate Collection Set: 0.1ms
[5.838s][info][gc,phases      ] GC(6)   Merge Heap Roots: 0.0ms
[5.838s][info][gc,phases      ] GC(6)   Evacuate Collection Set: 1.6ms
[5.838s][info][gc,phases      ] GC(6)   Post Evacuate Collection Set: 0.2ms
[5.838s][info][gc,phases      ] GC(6)   Other: 0.1ms
[5.838s][info][gc,heap        ] GC(6) Eden regions: 22->0(24)
[5.838s][info][gc,heap        ] GC(6) Survivor regions: 3->1(4)
[5.838s][info][gc,heap        ] GC(6) Old regions: 13->14
[5.838s][info][gc,heap        ] GC(6) Archive regions: 0->0
[5.838s][info][gc,heap        ] GC(6) Humongous regions: 0->0
[5.838s][info][gc,metaspace   ] GC(6) Metaspace: 16778K(17216K)->16778K(17216K) NonClass: 13065K(13312K)->13065K(13312K) Class: 3713K(3904K)->3713K(3904K)
[5.838s][info][gc             ] GC(6) Pause Young (Normal) (G1 Evacuation Pause) 28M->4M(44M) 2.239ms
[5.838s][info][gc,cpu         ] GC(6) User=0.00s Sys=0.00s Real=0.00s
[5.944s][info][gc,start       ] GC(7) Pause Young (Normal) (G1 Evacuation Pause)
[5.944s][info][gc,task        ] GC(7) Using 2 workers of 33 for evacuation
[5.949s][info][gc,phases      ] GC(7)   Pre Evacuate Collection Set: 0.1ms
[5.949s][info][gc,phases      ] GC(7)   Merge Heap Roots: 0.0ms
[5.949s][info][gc,phases      ] GC(7)   Evacuate Collection Set: 2.5ms
[5.949s][info][gc,phases      ] GC(7)   Post Evacuate Collection Set: 2.1ms
[5.949s][info][gc,phases      ] GC(7)   Other: 0.1ms
[5.949s][info][gc,heap        ] GC(7) Eden regions: 24->0(164)
[5.949s][info][gc,heap        ] GC(7) Survivor regions: 1->2(4)
[5.949s][info][gc,heap        ] GC(7) Old regions: 14->14
[5.949s][info][gc,heap        ] GC(7) Archive regions: 0->0
[5.949s][info][gc,heap        ] GC(7) Humongous regions: 0->0
[5.949s][info][gc,metaspace   ] GC(7) Metaspace: 16851K(17280K)->16851K(17280K) NonClass: 13136K(13376K)->13136K(13376K) Class: 3714K(3904K)->3714K(3904K)
[5.949s][info][gc             ] GC(7) Pause Young (Normal) (G1 Evacuation Pause) 28M->6M(278M) 5.094ms
[5.949s][info][gc,cpu         ] GC(7) User=0.00s Sys=0.00s Real=0.00s
[6.543s][info][gc,start       ] GC(8) Pause Young (Normal) (G1 Evacuation Pause)
[6.543s][info][gc,task        ] GC(8) Using 6 workers of 33 for evacuation
[6.546s][info][gc,phases      ] GC(8)   Pre Evacuate Collection Set: 0.1ms
[6.546s][info][gc,phases      ] GC(8)   Merge Heap Roots: 0.1ms
[6.546s][info][gc,phases      ] GC(8)   Evacuate Collection Set: 1.4ms
[6.546s][info][gc,phases      ] GC(8)   Post Evacuate Collection Set: 0.8ms
[6.546s][info][gc,phases      ] GC(8)   Other: 0.2ms
[6.546s][info][gc,heap        ] GC(8) Eden regions: 164->0(164)
[6.546s][info][gc,heap        ] GC(8) Survivor regions: 2->2(21)
[6.546s][info][gc,heap        ] GC(8) Old regions: 14->14
[6.546s][info][gc,heap        ] GC(8) Archive regions: 0->0
[6.546s][info][gc,heap        ] GC(8) Humongous regions: 0->0
[6.546s][info][gc,metaspace   ] GC(8) Metaspace: 17580K(18048K)->17580K(18048K) NonClass: 13827K(14080K)->13827K(14080K) Class: 3753K(3968K)->3753K(3968K)
[6.546s][info][gc             ] GC(8) Pause Young (Normal) (G1 Evacuation Pause) 170M->6M(278M) 3.146ms
[6.546s][info][gc,cpu         ] GC(8) User=0.00s Sys=0.00s Real=0.00s
[7.557s][info][gc,start       ] GC(9) Pause Young (Normal) (G1 Evacuation Pause)
[7.557s][info][gc,task        ] GC(9) Using 6 workers of 33 for evacuation
[7.563s][info][gc,phases      ] GC(9)   Pre Evacuate Collection Set: 0.1ms
[7.563s][info][gc,phases      ] GC(9)   Merge Heap Roots: 0.1ms
[7.563s][info][gc,phases      ] GC(9)   Evacuate Collection Set: 5.2ms
[7.563s][info][gc,phases      ] GC(9)   Post Evacuate Collection Set: 0.8ms
[7.563s][info][gc,phases      ] GC(9)   Other: 0.1ms
[7.563s][info][gc,heap        ] GC(9) Eden regions: 164->0(162)
[7.563s][info][gc,heap        ] GC(9) Survivor regions: 2->4(21)
[7.564s][info][gc,heap        ] GC(9) Old regions: 14->14
[7.564s][info][gc,heap        ] GC(9) Archive regions: 0->0
[7.564s][info][gc,heap        ] GC(9) Humongous regions: 2->1
[7.564s][info][gc,metaspace   ] GC(9) Metaspace: 18566K(19072K)->18566K(19072K) NonClass: 14783K(15104K)->14783K(15104K) Class: 3782K(3968K)->3782K(3968K)
[7.564s][info][gc             ] GC(9) Pause Young (Normal) (G1 Evacuation Pause) 172M->9M(278M) 6.812ms
[7.564s][info][gc,cpu         ] GC(9) User=0.02s Sys=0.00s Real=0.02s
[8.043s][info][gc,start       ] GC(10) Pause Young (Normal) (G1 Evacuation Pause)
[8.043s][info][gc,task        ] GC(10) Using 6 workers of 33 for evacuation
[8.054s][info][gc,phases      ] GC(10)   Pre Evacuate Collection Set: 0.1ms
[8.054s][info][gc,phases      ] GC(10)   Merge Heap Roots: 0.1ms
[8.054s][info][gc,phases      ] GC(10)   Evacuate Collection Set: 9.9ms
[8.054s][info][gc,phases      ] GC(10)   Post Evacuate Collection Set: 0.8ms
[8.054s][info][gc,phases      ] GC(10)   Other: 0.2ms
[8.054s][info][gc,heap        ] GC(10) Eden regions: 162->0(157)
[8.054s][info][gc,heap        ] GC(10) Survivor regions: 4->9(21)
[8.054s][info][gc,heap        ] GC(10) Old regions: 14->14
[8.054s][info][gc,heap        ] GC(10) Archive regions: 0->0
[8.054s][info][gc,heap        ] GC(10) Humongous regions: 1->1
[8.054s][info][gc,metaspace   ] GC(10) Metaspace: 18566K(19072K)->18566K(19072K) NonClass: 14783K(15104K)->14783K(15104K) Class: 3782K(3968K)->3782K(3968K)
[8.054s][info][gc             ] GC(10) Pause Young (Normal) (G1 Evacuation Pause) 171M->14M(278M) 11.474ms
[8.054s][info][gc,cpu         ] GC(10) User=0.00s Sys=0.00s Real=0.00s
[8.556s][info][gc,start       ] GC(11) Pause Young (Normal) (G1 Evacuation Pause)
[8.556s][info][gc,task        ] GC(11) Using 6 workers of 33 for evacuation
[8.572s][info][gc,phases      ] GC(11)   Pre Evacuate Collection Set: 0.1ms
[8.572s][info][gc,phases      ] GC(11)   Merge Heap Roots: 0.1ms
[8.572s][info][gc,phases      ] GC(11)   Evacuate Collection Set: 15.3ms
[8.572s][info][gc,phases      ] GC(11)   Post Evacuate Collection Set: 0.9ms
[8.573s][info][gc,phases      ] GC(11)   Other: 0.2ms
[8.573s][info][gc,heap        ] GC(11) Eden regions: 157->0(150)
[8.573s][info][gc,heap        ] GC(11) Survivor regions: 9->16(21)
[8.573s][info][gc,heap        ] GC(11) Old regions: 14->14
[8.573s][info][gc,heap        ] GC(11) Archive regions: 0->0
[8.573s][info][gc,heap        ] GC(11) Humongous regions: 3->0
[8.573s][info][gc,metaspace   ] GC(11) Metaspace: 18688K(19200K)->18688K(19200K) NonClass: 14906K(15232K)->14906K(15232K) Class: 3782K(3968K)->3782K(3968K)
[8.573s][info][gc             ] GC(11) Pause Young (Normal) (G1 Evacuation Pause) 173M->20M(278M) 17.067ms
[8.573s][info][gc,cpu         ] GC(11) User=0.09s Sys=0.00s Real=0.02s
[9.080s][info][gc,start       ] GC(12) Pause Young (Normal) (G1 Evacuation Pause)
[9.080s][info][gc,task        ] GC(12) Using 6 workers of 33 for evacuation
[9.093s][info][gc,phases      ] GC(12)   Pre Evacuate Collection Set: 0.1ms
[9.093s][info][gc,phases      ] GC(12)   Merge Heap Roots: 0.1ms
[9.093s][info][gc,phases      ] GC(12)   Evacuate Collection Set: 12.7ms
[9.093s][info][gc,phases      ] GC(12)   Post Evacuate Collection Set: 0.5ms
[9.093s][info][gc,phases      ] GC(12)   Other: 0.1ms
[9.093s][info][gc,heap        ] GC(12) Eden regions: 150->0(158)
[9.093s][info][gc,heap        ] GC(12) Survivor regions: 16->8(21)
[9.093s][info][gc,heap        ] GC(12) Old regions: 14->23
[9.094s][info][gc,heap        ] GC(12) Archive regions: 0->0
[9.094s][info][gc,heap        ] GC(12) Humongous regions: 0->0
[9.094s][info][gc,metaspace   ] GC(12) Metaspace: 18698K(19200K)->18698K(19200K) NonClass: 14916K(15232K)->14916K(15232K) Class: 3782K(3968K)->3782K(3968K)
[9.094s][info][gc             ] GC(12) Pause Young (Normal) (G1 Evacuation Pause) 170M->20M(278M) 14.032ms
[9.094s][info][gc,cpu         ] GC(12) User=0.00s Sys=0.00s Real=0.00s
[9.217s][info][gc,start       ] GC(13) Pause Young (Normal) (G1 Evacuation Pause)
[9.217s][info][gc,task        ] GC(13) Using 6 workers of 33 for evacuation
[9.222s][info][gc,phases      ] GC(13)   Pre Evacuate Collection Set: 0.1ms
[9.222s][info][gc,phases      ] GC(13)   Merge Heap Roots: 0.1ms
[9.222s][info][gc,phases      ] GC(13)   Evacuate Collection Set: 3.9ms
[9.222s][info][gc,phases      ] GC(13)   Post Evacuate Collection Set: 0.3ms
[9.222s][info][gc,phases      ] GC(13)   Other: 0.1ms
[9.222s][info][gc,heap        ] GC(13) Eden regions: 158->0(158)
[9.222s][info][gc,heap        ] GC(13) Survivor regions: 8->8(21)
[9.222s][info][gc,heap        ] GC(13) Old regions: 23->23
[9.222s][info][gc,heap        ] GC(13) Archive regions: 0->0
[9.222s][info][gc,heap        ] GC(13) Humongous regions: 0->0
[9.222s][info][gc,metaspace   ] GC(13) Metaspace: 18759K(19264K)->18759K(19264K) NonClass: 14976K(15296K)->14976K(15296K) Class: 3782K(3968K)->3782K(3968K)
[9.222s][info][gc             ] GC(13) Pause Young (Normal) (G1 Evacuation Pause) 178M->20M(278M) 4.756ms
[9.222s][info][gc,cpu         ] GC(13) User=0.00s Sys=0.00s Real=0.00s
[9.362s][info][gc,start       ] GC(14) Pause Young (Normal) (G1 Evacuation Pause)
[9.362s][info][gc,task        ] GC(14) Using 6 workers of 33 for evacuation
[9.369s][info][gc,phases      ] GC(14)   Pre Evacuate Collection Set: 0.1ms
[9.369s][info][gc,phases      ] GC(14)   Merge Heap Roots: 0.1ms
[9.369s][info][gc,phases      ] GC(14)   Evacuate Collection Set: 5.7ms
[9.369s][info][gc,phases      ] GC(14)   Post Evacuate Collection Set: 0.5ms
[9.369s][info][gc,phases      ] GC(14)   Other: 0.1ms
[9.369s][info][gc,heap        ] GC(14) Eden regions: 158->0(159)
[9.369s][info][gc,heap        ] GC(14) Survivor regions: 8->7(21)
[9.369s][info][gc,heap        ] GC(14) Old regions: 23->23
[9.369s][info][gc,heap        ] GC(14) Archive regions: 0->0
[9.369s][info][gc,heap        ] GC(14) Humongous regions: 0->0
[9.369s][info][gc,metaspace   ] GC(14) Metaspace: 18759K(19264K)->18759K(19264K) NonClass: 14977K(15296K)->14977K(15296K) Class: 3782K(3968K)->3782K(3968K)
[9.369s][info][gc             ] GC(14) Pause Young (Normal) (G1 Evacuation Pause) 178M->20M(278M) 7.090ms
[9.369s][info][gc,cpu         ] GC(14) User=0.09s Sys=0.00s Real=0.01s
[10.178s][info][gc,start       ] GC(15) Pause Young (Normal) (G1 Evacuation Pause)
[10.178s][info][gc,task        ] GC(15) Using 6 workers of 33 for evacuation
[10.183s][info][gc,phases      ] GC(15)   Pre Evacuate Collection Set: 0.1ms
[10.183s][info][gc,phases      ] GC(15)   Merge Heap Roots: 0.1ms
[10.183s][info][gc,phases      ] GC(15)   Evacuate Collection Set: 3.9ms
[10.183s][info][gc,phases      ] GC(15)   Post Evacuate Collection Set: 0.4ms
[10.183s][info][gc,phases      ] GC(15)   Other: 0.2ms
[10.183s][info][gc,heap        ] GC(15) Eden regions: 159->0(158)
[10.183s][info][gc,heap        ] GC(15) Survivor regions: 7->8(21)
[10.183s][info][gc,heap        ] GC(15) Old regions: 23->23
[10.183s][info][gc,heap        ] GC(15) Archive regions: 0->0
[10.183s][info][gc,heap        ] GC(15) Humongous regions: 0->0
[10.183s][info][gc,metaspace   ] GC(15) Metaspace: 18926K(19456K)->18926K(19456K) NonClass: 15144K(15488K)->15144K(15488K) Class: 3782K(3968K)->3782K(3968K)
[10.183s][info][gc             ] GC(15) Pause Young (Normal) (G1 Evacuation Pause) 179M->20M(278M) 5.219ms
[10.183s][info][gc,cpu         ] GC(15) User=0.00s Sys=0.00s Real=0.00s
[11.210s][info][gc,start       ] GC(16) Pause Young (Normal) (G1 Evacuation Pause)
[11.210s][info][gc,task        ] GC(16) Using 6 workers of 33 for evacuation
[11.217s][info][gc,phases      ] GC(16)   Pre Evacuate Collection Set: 0.1ms
[11.217s][info][gc,phases      ] GC(16)   Merge Heap Roots: 0.1ms
[11.217s][info][gc,phases      ] GC(16)   Evacuate Collection Set: 5.5ms
[11.217s][info][gc,phases      ] GC(16)   Post Evacuate Collection Set: 0.5ms
[11.217s][info][gc,phases      ] GC(16)   Other: 0.1ms
[11.217s][info][gc,heap        ] GC(16) Eden regions: 158->0(158)
[11.217s][info][gc,heap        ] GC(16) Survivor regions: 8->8(21)
[11.217s][info][gc,heap        ] GC(16) Old regions: 23->23
[11.217s][info][gc,heap        ] GC(16) Archive regions: 0->0
[11.217s][info][gc,heap        ] GC(16) Humongous regions: 0->0
[11.217s][info][gc,metaspace   ] GC(16) Metaspace: 19000K(19520K)->19000K(19520K) NonClass: 15218K(15552K)->15218K(15552K) Class: 3782K(3968K)->3782K(3968K)
[11.217s][info][gc             ] GC(16) Pause Young (Normal) (G1 Evacuation Pause) 178M->20M(278M) 6.933ms
[11.217s][info][gc,cpu         ] GC(16) User=0.00s Sys=0.00s Real=0.00s
[11.594s][info][gc,start       ] GC(17) Pause Young (Normal) (G1 Evacuation Pause)
[11.594s][info][gc,task        ] GC(17) Using 6 workers of 33 for evacuation
[11.603s][info][gc,phases      ] GC(17)   Pre Evacuate Collection Set: 0.1ms
[11.603s][info][gc,phases      ] GC(17)   Merge Heap Roots: 0.1ms
[11.603s][info][gc,phases      ] GC(17)   Evacuate Collection Set: 7.3ms
[11.603s][info][gc,phases      ] GC(17)   Post Evacuate Collection Set: 0.5ms
[11.603s][info][gc,phases      ] GC(17)   Other: 0.2ms
[11.603s][info][gc,heap        ] GC(17) Eden regions: 158->0(159)
[11.603s][info][gc,heap        ] GC(17) Survivor regions: 8->7(21)
[11.603s][info][gc,heap        ] GC(17) Old regions: 23->23
[11.603s][info][gc,heap        ] GC(17) Archive regions: 0->0
[11.603s][info][gc,heap        ] GC(17) Humongous regions: 0->0
[11.603s][info][gc,metaspace   ] GC(17) Metaspace: 19021K(19520K)->19021K(19520K) NonClass: 15239K(15552K)->15239K(15552K) Class: 3782K(3968K)->3782K(3968K)
[11.603s][info][gc             ] GC(17) Pause Young (Normal) (G1 Evacuation Pause) 178M->20M(278M) 8.720ms
[11.603s][info][gc,cpu         ] GC(17) User=0.09s Sys=0.00s Real=0.02s
[12.101s][info][gc,start       ] GC(18) Pause Young (Normal) (G1 Evacuation Pause)
[12.101s][info][gc,task        ] GC(18) Using 6 workers of 33 for evacuation
[12.108s][info][gc,phases      ] GC(18)   Pre Evacuate Collection Set: 0.1ms
[12.108s][info][gc,phases      ] GC(18)   Merge Heap Roots: 0.1ms
[12.108s][info][gc,phases      ] GC(18)   Evacuate Collection Set: 5.7ms
[12.108s][info][gc,phases      ] GC(18)   Post Evacuate Collection Set: 0.7ms
[12.108s][info][gc,phases      ] GC(18)   Other: 0.1ms
[12.108s][info][gc,heap        ] GC(18) Eden regions: 159->0(158)
[12.108s][info][gc,heap        ] GC(18) Survivor regions: 7->8(21)
[12.108s][info][gc,heap        ] GC(18) Old regions: 23->23
[12.108s][info][gc,heap        ] GC(18) Archive regions: 0->0
[12.108s][info][gc,heap        ] GC(18) Humongous regions: 0->0
[12.108s][info][gc,metaspace   ] GC(18) Metaspace: 19384K(19840K)->19384K(19840K) NonClass: 15593K(15872K)->15593K(15872K) Class: 3791K(3968K)->3791K(3968K)
[12.108s][info][gc             ] GC(18) Pause Young (Normal) (G1 Evacuation Pause) 179M->20M(278M) 7.300ms
[12.108s][info][gc,cpu         ] GC(18) User=0.00s Sys=0.00s Real=0.00s
[13.685s][info][gc,heap,exit   ] Heap
[13.685s][info][gc,heap,exit   ]  garbage-first heap   total 284672K, used 68926K [0x00000000e0000000, 0x0000000100000000)
[13.686s][info][gc,heap,exit   ]   region size 1024K, 56 young (57344K), 8 survivors (8192K)
[13.686s][info][gc,heap,exit   ]  Metaspace       used 19870K, committed 20416K, reserved 1114112K
[13.686s][info][gc,heap,exit   ]   class space    used 3839K, committed 4032K, reserved 1048576K
