[0.016s][info][gc,init] CardTable entry size: 512
[0.017s][info][gc     ] Using Parallel
[0.027s][info][gc,init] Version: 20+36-2344 (release)
[0.027s][info][gc,init] CPUs: 48 total, 48 available
[0.028s][info][gc,init] Memory: 382G
[0.028s][info][gc,init] Large Page Support: Disabled
[0.028s][info][gc,init] NUMA Support: Disabled
[0.028s][info][gc,init] Compressed Oops: Enabled (Zero based)
[0.028s][info][gc,init] Alignments: Space 512K, Generation 512K, Heap 2M
[0.028s][info][gc,init] Heap Min Capacity: 8M
[0.028s][info][gc,init] Heap Initial Capacity: 2G
[0.028s][info][gc,init] Heap Max Capacity: 4G
[0.037s][info][gc,init] Pre-touch: Disabled
[0.037s][info][gc,init] Parallel Workers: 33
[0.038s][info][gc,metaspace] CDS archive(s) mapped at: [0x0000000800000000-0x0000000800c60000-0x0000000800c60000), size 12976128, SharedBaseAddress: 0x0000000800000000, ArchiveRelocationMode: 0.
[0.038s][info][gc,metaspace] Compressed class space mapped at: 0x0000000801000000-0x0000000841000000, reserved size: 1073741824
[0.038s][info][gc,metaspace] Narrow klass base: 0x0000000800000000, Narrow klass shift: 0, Narrow klass range: 0x100000000
[5.416s][info][gc,start    ] GC(0) Pause Young (System.gc())
[5.427s][info][gc,heap     ] GC(0) PSYoungGen: 209947K(611840K)->4621K(611840K) Eden: 209947K(524800K)->0K(524800K) From: 0K(87040K)->4621K(87040K)
[5.427s][info][gc,heap     ] GC(0) ParOldGen: 0K(1398272K)->24K(1398272K)
[5.427s][info][gc,metaspace] GC(0) Metaspace: 15049K(15232K)->15049K(15232K) NonClass: 11545K(11648K)->11545K(11648K) Class: 3504K(3584K)->3504K(3584K)
[5.427s][info][gc          ] GC(0) Pause Young (System.gc()) 205M->4M(1963M) 11.806ms
[5.427s][info][gc,cpu      ] GC(0) User=0.00s Sys=0.00s Real=0.00s
[5.428s][info][gc,start    ] GC(1) Pause Full (System.gc())
[5.428s][info][gc,phases,start] GC(1) Marking Phase
[5.440s][info][gc,phases      ] GC(1) Marking Phase 12.230ms
[5.440s][info][gc,phases,start] GC(1) Summary Phase
[5.440s][info][gc,phases      ] GC(1) Summary Phase 0.017ms
[5.440s][info][gc,phases,start] GC(1) Adjust Roots
[5.443s][info][gc,phases      ] GC(1) Adjust Roots 2.798ms
[5.443s][info][gc,phases,start] GC(1) Compaction Phase
[5.451s][info][gc,phases      ] GC(1) Compaction Phase 8.761ms
[5.451s][info][gc,phases,start] GC(1) Post Compact
[5.453s][info][gc,phases      ] GC(1) Post Compact 1.041ms
[5.453s][info][gc,heap        ] GC(1) PSYoungGen: 4621K(611840K)->0K(611840K) Eden: 0K(524800K)->0K(524800K) From: 4621K(87040K)->0K(87040K)
[5.453s][info][gc,heap        ] GC(1) ParOldGen: 24K(1398272K)->4038K(1398272K)
[5.453s][info][gc,metaspace   ] GC(1) Metaspace: 15049K(15232K)->15046K(15232K) NonClass: 11545K(11648K)->11542K(11648K) Class: 3504K(3584K)->3503K(3584K)
[5.453s][info][gc             ] GC(1) Pause Full (System.gc()) 4M->3M(1963M) 25.080ms
[5.453s][info][gc,cpu         ] GC(1) User=0.66s Sys=0.00s Real=0.03s
[7.702s][info][gc,start       ] GC(2) Pause Young (Allocation Failure)
[7.707s][info][gc,heap        ] GC(2) PSYoungGen: 524800K(611840K)->5512K(611840K) Eden: 524800K(524800K)->0K(524800K) From: 0K(87040K)->5512K(87040K)
[7.708s][info][gc,heap        ] GC(2) ParOldGen: 4038K(1398272K)->4046K(1398272K)
[7.708s][info][gc,metaspace   ] GC(2) Metaspace: 18557K(19072K)->18557K(19072K) NonClass: 14775K(15104K)->14775K(15104K) Class: 3782K(3968K)->3782K(3968K)
[7.708s][info][gc             ] GC(2) Pause Young (Allocation Failure) 516M->9M(1963M) 5.480ms
[7.708s][info][gc,cpu         ] GC(2) User=0.00s Sys=0.00s Real=0.01s
[9.144s][info][gc,start       ] GC(3) Pause Young (Allocation Failure)
[9.157s][info][gc,heap        ] GC(3) PSYoungGen: 530312K(611840K)->16384K(611840K) Eden: 524800K(524800K)->0K(524800K) From: 5512K(87040K)->16384K(87040K)
[9.157s][info][gc,heap        ] GC(3) ParOldGen: 4046K(1398272K)->4054K(1398272K)
[9.157s][info][gc,metaspace   ] GC(3) Metaspace: 18696K(19200K)->18696K(19200K) NonClass: 14913K(15232K)->14913K(15232K) Class: 3782K(3968K)->3782K(3968K)
[9.157s][info][gc             ] GC(3) Pause Young (Allocation Failure) 521M->19M(1963M) 13.339ms
[9.157s][info][gc,cpu         ] GC(3) User=0.00s Sys=0.00s Real=0.00s
[10.236s][info][gc,start       ] GC(4) Pause Young (Allocation Failure)
[10.248s][info][gc,heap        ] GC(4) PSYoungGen: 541184K(611840K)->16384K(611840K) Eden: 524800K(524800K)->0K(524800K) From: 16384K(87040K)->16384K(87040K)
[10.248s][info][gc,heap        ] GC(4) ParOldGen: 4054K(1398272K)->4062K(1398272K)
[10.248s][info][gc,metaspace   ] GC(4) Metaspace: 18925K(19456K)->18925K(19456K) NonClass: 15142K(15488K)->15142K(15488K) Class: 3782K(3968K)->3782K(3968K)
[10.248s][info][gc             ] GC(4) Pause Young (Allocation Failure) 532M->19M(1963M) 11.897ms
[10.248s][info][gc,cpu         ] GC(4) User=0.00s Sys=0.00s Real=0.00s
[12.014s][info][gc,start       ] GC(5) Pause Young (Allocation Failure)
[12.020s][info][gc,heap        ] GC(5) PSYoungGen: 541184K(611840K)->16352K(611840K) Eden: 524800K(524800K)->0K(524800K) From: 16384K(87040K)->16352K(87040K)
[12.020s][info][gc,heap        ] GC(5) ParOldGen: 4062K(1398272K)->4070K(1398272K)
[12.020s][info][gc,metaspace   ] GC(5) Metaspace: 19385K(19840K)->19385K(19840K) NonClass: 15593K(15872K)->15593K(15872K) Class: 3791K(3968K)->3791K(3968K)
[12.020s][info][gc             ] GC(5) Pause Young (Allocation Failure) 532M->19M(1963M) 6.180ms
[12.020s][info][gc,cpu         ] GC(5) User=0.00s Sys=0.00s Real=0.00s
[14.548s][info][gc,heap,exit   ] Heap
[14.548s][info][gc,heap,exit   ]  PSYoungGen      total 611840K, used 35728K [0x00000007aab00000, 0x00000007d5580000, 0x0000000800000000)
[14.548s][info][gc,heap,exit   ]   eden space 524800K, 3% used [0x00000007aab00000,0x00000007abdec030,0x00000007cab80000)
[14.548s][info][gc,heap,exit   ]   from space 87040K, 18% used [0x00000007cab80000,0x00000007cbb78030,0x00000007d0080000)
[14.548s][info][gc,heap,exit   ]   to   space 87040K, 0% used [0x00000007d0080000,0x00000007d0080000,0x00000007d5580000)
[14.548s][info][gc,heap,exit   ]  ParOldGen       total 1398272K, used 4070K [0x0000000700000000, 0x0000000755580000, 0x00000007aab00000)
[14.548s][info][gc,heap,exit   ]   object space 1398272K, 0% used [0x0000000700000000,0x00000007003f98c0,0x0000000755580000)
[14.548s][info][gc,heap,exit   ]  Metaspace       used 19869K, committed 20416K, reserved 1114112K
[14.548s][info][gc,heap,exit   ]   class space    used 3839K, committed 4032K, reserved 1048576K
