[0.015s][info][gc,init] CardTable entry size: 512
[0.015s][info][gc     ] Using Parallel
[0.018s][info][gc,init] Version: 20+36-2344 (release)
[0.018s][info][gc,init] CPUs: 48 total, 48 available
[0.019s][info][gc,init] Memory: 382G
[0.019s][info][gc,init] Large Page Support: Disabled
[0.019s][info][gc,init] NUMA Support: Disabled
[0.019s][info][gc,init] Compressed Oops: Enabled (32-bit)
[0.019s][info][gc,init] Alignments: Space 512K, Generation 512K, Heap 2M
[0.019s][info][gc,init] Heap Min Capacity: 8M
[0.019s][info][gc,init] Heap Initial Capacity: 512M
[0.019s][info][gc,init] Heap Max Capacity: 512M
[0.034s][info][gc,init] Pre-touch: Disabled
[0.034s][info][gc,init] Parallel Workers: 33
[0.036s][info][gc,metaspace] CDS archive(s) mapped at: [0x0000000800000000-0x0000000800c60000-0x0000000800c60000), size 12976128, SharedBaseAddress: 0x0000000800000000, ArchiveRelocationMode: 0.
[0.036s][info][gc,metaspace] Compressed class space mapped at: 0x0000000801000000-0x0000000841000000, reserved size: 1073741824
[0.036s][info][gc,metaspace] Narrow klass base: 0x0000000800000000, Narrow klass shift: 0, Narrow klass range: 0x100000000
[8.523s][info][gc,start    ] GC(0) Pause Young (System.gc())
[8.530s][info][gc,heap     ] GC(0) PSYoungGen: 115978K(153088K)->4269K(153088K) Eden: 115978K(131584K)->0K(131584K) From: 0K(21504K)->4269K(21504K)
[8.530s][info][gc,heap     ] GC(0) ParOldGen: 0K(349696K)->24K(349696K)
[8.530s][info][gc,metaspace] GC(0) Metaspace: 15084K(15296K)->15084K(15296K) NonClass: 11579K(11712K)->11579K(11712K) Class: 3504K(3584K)->3504K(3584K)
[8.530s][info][gc          ] GC(0) Pause Young (System.gc()) 113M->4M(491M) 7.610ms
[8.530s][info][gc,cpu      ] GC(0) User=0.19s Sys=0.00s Real=0.01s
[8.530s][info][gc,start    ] GC(1) Pause Full (System.gc())
[8.530s][info][gc,phases,start] GC(1) Marking Phase
[8.540s][info][gc,phases      ] GC(1) Marking Phase 9.649ms
[8.540s][info][gc,phases,start] GC(1) Summary Phase
[8.540s][info][gc,phases      ] GC(1) Summary Phase 0.012ms
[8.540s][info][gc,phases,start] GC(1) Adjust Roots
[8.543s][info][gc,phases      ] GC(1) Adjust Roots 2.959ms
[8.543s][info][gc,phases,start] GC(1) Compaction Phase
[8.553s][info][gc,phases      ] GC(1) Compaction Phase 10.010ms
[8.553s][info][gc,phases,start] GC(1) Post Compact
[8.554s][info][gc,phases      ] GC(1) Post Compact 0.656ms
[8.554s][info][gc,heap        ] GC(1) PSYoungGen: 4269K(153088K)->0K(153088K) Eden: 0K(131584K)->0K(131584K) From: 4269K(21504K)->0K(21504K)
[8.554s][info][gc,heap        ] GC(1) ParOldGen: 24K(349696K)->4038K(349696K)
[8.554s][info][gc,metaspace   ] GC(1) Metaspace: 15084K(15296K)->15080K(15296K) NonClass: 11579K(11712K)->11577K(11712K) Class: 3504K(3584K)->3503K(3584K)
[8.554s][info][gc             ] GC(1) Pause Full (System.gc()) 4M->3M(491M) 23.463ms
[8.554s][info][gc,cpu         ] GC(1) User=0.14s Sys=0.00s Real=0.02s
[9.240s][info][gc,start       ] GC(2) Pause Young (Allocation Failure)
[9.242s][info][gc,heap        ] GC(2) PSYoungGen: 131584K(153088K)->2167K(153088K) Eden: 131584K(131584K)->0K(131584K) From: 0K(21504K)->2167K(21504K)
[9.242s][info][gc,heap        ] GC(2) ParOldGen: 4038K(349696K)->4046K(349696K)
[9.242s][info][gc,metaspace   ] GC(2) Metaspace: 16972K(17344K)->16972K(17344K) NonClass: 13254K(13440K)->13254K(13440K) Class: 3717K(3904K)->3717K(3904K)
[9.242s][info][gc             ] GC(2) Pause Young (Allocation Failure) 132M->6M(491M) 2.725ms
[9.242s][info][gc,cpu         ] GC(2) User=0.00s Sys=0.00s Real=0.00s
[9.709s][info][gc,start       ] GC(3) Pause Young (Allocation Failure)
[9.711s][info][gc,heap        ] GC(3) PSYoungGen: 133751K(153088K)->2115K(153088K) Eden: 131584K(131584K)->0K(131584K) From: 2167K(21504K)->2115K(21504K)
[9.711s][info][gc,heap        ] GC(3) ParOldGen: 4046K(349696K)->4054K(349696K)
[9.711s][info][gc,metaspace   ] GC(3) Metaspace: 17517K(17984K)->17517K(17984K) NonClass: 13765K(14016K)->13765K(14016K) Class: 3752K(3968K)->3752K(3968K)
[9.711s][info][gc             ] GC(3) Pause Young (Allocation Failure) 134M->6M(491M) 2.145ms
[9.711s][info][gc,cpu         ] GC(3) User=0.00s Sys=0.00s Real=0.00s
[10.093s][info][gc,start       ] GC(4) Pause Young (Allocation Failure)
[10.096s][info][gc,heap        ] GC(4) PSYoungGen: 133699K(153088K)->2460K(153088K) Eden: 131584K(131584K)->0K(131584K) From: 2115K(21504K)->2460K(21504K)
[10.096s][info][gc,heap        ] GC(4) ParOldGen: 4054K(349696K)->4062K(349696K)
[10.096s][info][gc,metaspace   ] GC(4) Metaspace: 18148K(18624K)->18148K(18624K) NonClass: 14379K(14656K)->14379K(14656K) Class: 3769K(3968K)->3769K(3968K)
[10.096s][info][gc             ] GC(4) Pause Young (Allocation Failure) 134M->6M(491M) 3.274ms
[10.096s][info][gc,cpu         ] GC(4) User=0.00s Sys=0.00s Real=0.00s
[10.566s][info][gc,start       ] GC(5) Pause Young (Allocation Failure)
[10.570s][info][gc,heap        ] GC(5) PSYoungGen: 134044K(153088K)->6888K(153088K) Eden: 131584K(131584K)->0K(131584K) From: 2460K(21504K)->6888K(21504K)
[10.570s][info][gc,heap        ] GC(5) ParOldGen: 4062K(349696K)->4070K(349696K)
[10.570s][info][gc,metaspace   ] GC(5) Metaspace: 18566K(19008K)->18566K(19008K) NonClass: 14783K(15040K)->14783K(15040K) Class: 3782K(3968K)->3782K(3968K)
[10.570s][info][gc             ] GC(5) Pause Young (Allocation Failure) 134M->10M(491M) 4.482ms
[10.570s][info][gc,cpu         ] GC(5) User=0.00s Sys=0.00s Real=0.00s
[10.950s][info][gc,start       ] GC(6) Pause Young (Allocation Failure)
[10.958s][info][gc,heap        ] GC(6) PSYoungGen: 138472K(153088K)->11336K(140288K) Eden: 131584K(131584K)->0K(128512K) From: 6888K(21504K)->11336K(11776K)
[10.958s][info][gc,heap        ] GC(6) ParOldGen: 4070K(349696K)->4078K(349696K)
[10.958s][info][gc,metaspace   ] GC(6) Metaspace: 18566K(19008K)->18566K(19008K) NonClass: 14783K(15040K)->14783K(15040K) Class: 3782K(3968K)->3782K(3968K)
[10.958s][info][gc             ] GC(6) Pause Young (Allocation Failure) 139M->15M(478M) 7.973ms
[10.958s][info][gc,cpu         ] GC(6) User=0.16s Sys=0.02s Real=0.02s
[11.337s][info][gc,start       ] GC(7) Pause Young (Allocation Failure)
[11.348s][info][gc,heap        ] GC(7) PSYoungGen: 139848K(140288K)->10720K(153088K) Eden: 128512K(128512K)->0K(142336K) From: 11336K(11776K)->10720K(10752K)
[11.348s][info][gc,heap        ] GC(7) ParOldGen: 4078K(349696K)->9246K(349696K)
[11.348s][info][gc,metaspace   ] GC(7) Metaspace: 18684K(19136K)->18684K(19136K) NonClass: 14901K(15168K)->14901K(15168K) Class: 3782K(3968K)->3782K(3968K)
[11.348s][info][gc             ] GC(7) Pause Young (Allocation Failure) 140M->19M(491M) 11.696ms
[11.349s][info][gc,cpu         ] GC(7) User=0.17s Sys=0.00s Real=0.02s
[11.857s][info][gc,start       ] GC(8) Pause Young (Allocation Failure)
[11.863s][info][gc,heap        ] GC(8) PSYoungGen: 153056K(153088K)->9504K(158720K) Eden: 142336K(142336K)->0K(142848K) From: 10720K(10752K)->9504K(15872K)
[11.863s][info][gc,heap        ] GC(8) ParOldGen: 9246K(349696K)->10665K(349696K)
[11.863s][info][gc,metaspace   ] GC(8) Metaspace: 18699K(19136K)->18699K(19136K) NonClass: 14916K(15168K)->14916K(15168K) Class: 3782K(3968K)->3782K(3968K)
[11.863s][info][gc             ] GC(8) Pause Young (Allocation Failure) 158M->19M(496M) 6.456ms
[11.863s][info][gc,cpu         ] GC(8) User=0.00s Sys=0.00s Real=0.00s
[11.930s][info][gc,start       ] GC(9) Pause Young (Allocation Failure)
[11.936s][info][gc,heap        ] GC(9) PSYoungGen: 152352K(158720K)->8224K(151552K) Eden: 142848K(142848K)->0K(142848K) From: 9504K(15872K)->8224K(8704K)
[11.936s][info][gc,heap        ] GC(9) ParOldGen: 10665K(349696K)->12017K(349696K)
[11.936s][info][gc,metaspace   ] GC(9) Metaspace: 18728K(19200K)->18728K(19200K) NonClass: 14946K(15232K)->14946K(15232K) Class: 3782K(3968K)->3782K(3968K)
[11.936s][info][gc             ] GC(9) Pause Young (Allocation Failure) 159M->19M(489M) 6.337ms
[11.936s][info][gc,cpu         ] GC(9) User=0.19s Sys=0.02s Real=0.02s
[12.081s][info][gc,start       ] GC(10) Pause Young (Allocation Failure)
[12.091s][info][gc,heap        ] GC(10) PSYoungGen: 151072K(151552K)->192K(157696K) Eden: 142848K(142848K)->0K(142336K) From: 8224K(8704K)->192K(15360K)
[12.091s][info][gc,heap        ] GC(10) ParOldGen: 12017K(349696K)->20085K(349696K)
[12.091s][info][gc,metaspace   ] GC(10) Metaspace: 18760K(19200K)->18760K(19200K) NonClass: 14977K(15232K)->14977K(15232K) Class: 3782K(3968K)->3782K(3968K)
[12.091s][info][gc             ] GC(10) Pause Young (Allocation Failure) 159M->19M(495M) 9.765ms
[12.091s][info][gc,cpu         ] GC(10) User=0.00s Sys=0.00s Real=0.00s
[12.763s][info][gc,start       ] GC(11) Pause Young (Allocation Failure)
[12.764s][info][gc,heap        ] GC(11) PSYoungGen: 142528K(157696K)->352K(158208K) Eden: 142336K(142336K)->0K(142336K) From: 192K(15360K)->352K(15872K)
[12.765s][info][gc,heap        ] GC(11) ParOldGen: 20085K(349696K)->20165K(349696K)
[12.765s][info][gc,metaspace   ] GC(11) Metaspace: 18906K(19456K)->18906K(19456K) NonClass: 15124K(15488K)->15124K(15488K) Class: 3782K(3968K)->3782K(3968K)
[12.765s][info][gc             ] GC(11) Pause Young (Allocation Failure) 158M->20M(496M) 1.257ms
[12.765s][info][gc,cpu         ] GC(11) User=0.00s Sys=0.00s Real=0.00s
[13.158s][info][gc,start       ] GC(12) Pause Young (Allocation Failure)
[13.160s][info][gc,heap        ] GC(12) PSYoungGen: 142688K(158208K)->256K(158720K) Eden: 142336K(142336K)->0K(142848K) From: 352K(15872K)->256K(15872K)
[13.160s][info][gc,heap        ] GC(12) ParOldGen: 20165K(349696K)->20245K(349696K)
[13.160s][info][gc,metaspace   ] GC(12) Metaspace: 18944K(19456K)->18944K(19456K) NonClass: 15161K(15488K)->15161K(15488K) Class: 3782K(3968K)->3782K(3968K)
[13.160s][info][gc             ] GC(12) Pause Young (Allocation Failure) 159M->20M(496M) 1.230ms
[13.160s][info][gc,cpu         ] GC(12) User=0.00s Sys=0.00s Real=0.00s
[14.011s][info][gc,start       ] GC(13) Pause Young (Allocation Failure)
[14.012s][info][gc,heap        ] GC(13) PSYoungGen: 143104K(158720K)->288K(143360K) Eden: 142848K(142848K)->0K(142848K) From: 256K(15872K)->288K(512K)
[14.012s][info][gc,heap        ] GC(13) ParOldGen: 20245K(349696K)->20325K(349696K)
[14.012s][info][gc,metaspace   ] GC(13) Metaspace: 19023K(19520K)->19023K(19520K) NonClass: 15241K(15552K)->15241K(15552K) Class: 3782K(3968K)->3782K(3968K)
[14.012s][info][gc             ] GC(13) Pause Young (Allocation Failure) 159M->20M(481M) 0.856ms
[14.012s][info][gc,cpu         ] GC(13) User=0.00s Sys=0.00s Real=0.00s
[14.311s][info][gc,start       ] GC(14) Pause Young (Allocation Failure)
[14.312s][info][gc,heap        ] GC(14) PSYoungGen: 143136K(143360K)->352K(158208K) Eden: 142848K(142848K)->0K(142848K) From: 288K(512K)->352K(15360K)
[14.312s][info][gc,heap        ] GC(14) ParOldGen: 20325K(349696K)->20397K(349696K)
[14.312s][info][gc,metaspace   ] GC(14) Metaspace: 19175K(19648K)->19175K(19648K) NonClass: 15384K(15680K)->15384K(15680K) Class: 3791K(3968K)->3791K(3968K)
[14.312s][info][gc             ] GC(14) Pause Young (Allocation Failure) 159M->20M(496M) 0.835ms
[14.312s][info][gc,cpu         ] GC(14) User=0.00s Sys=0.00s Real=0.00s
[14.678s][info][gc,start       ] GC(15) Pause Young (Allocation Failure)
[14.678s][info][gc,heap        ] GC(15) PSYoungGen: 143200K(158208K)->256K(158208K) Eden: 142848K(142848K)->0K(142848K) From: 352K(15360K)->256K(15360K)
[14.678s][info][gc,heap        ] GC(15) ParOldGen: 20397K(349696K)->20497K(349696K)
[14.678s][info][gc,metaspace   ] GC(15) Metaspace: 19391K(19904K)->19391K(19904K) NonClass: 15599K(15936K)->15599K(15936K) Class: 3791K(3968K)->3791K(3968K)
[14.678s][info][gc             ] GC(15) Pause Young (Allocation Failure) 159M->20M(496M) 0.807ms
[14.678s][info][gc,cpu         ] GC(15) User=0.00s Sys=0.00s Real=0.00s
[16.601s][info][gc,heap,exit   ] Heap
[16.601s][info][gc,heap,exit   ]  PSYoungGen      total 158208K, used 56000K [0x00000000f5580000, 0x00000000fff00000, 0x0000000100000000)
[16.601s][info][gc,heap,exit   ]   eden space 142848K, 39% used [0x00000000f5580000,0x00000000f8bf0240,0x00000000fe100000)
[16.601s][info][gc,heap,exit   ]   from space 15360K, 1% used [0x00000000fe100000,0x00000000fe140000,0x00000000ff000000)
[16.601s][info][gc,heap,exit   ]   to   space 14848K, 0% used [0x00000000ff080000,0x00000000ff080000,0x00000000fff00000)
[16.601s][info][gc,heap,exit   ]  ParOldGen       total 349696K, used 20497K [0x00000000e0000000, 0x00000000f5580000, 0x00000000f5580000)
[16.601s][info][gc,heap,exit   ]   object space 349696K, 5% used [0x00000000e0000000,0x00000000e14047e8,0x00000000f5580000)
[16.601s][info][gc,heap,exit   ]  Metaspace       used 19898K, committed 20352K, reserved 1114112K
[16.601s][info][gc,heap,exit   ]   class space    used 3839K, committed 4032K, reserved 1048576K
