[0.016s][info][gc,init] CardTable entry size: 512
[0.016s][info][gc     ] Using Parallel
[0.027s][info][gc,init] Version: 20+36-2344 (release)
[0.027s][info][gc,init] CPUs: 48 total, 48 available
[0.027s][info][gc,init] Memory: 382G
[0.027s][info][gc,init] Large Page Support: Disabled
[0.027s][info][gc,init] NUMA Support: Disabled
[0.027s][info][gc,init] Compressed Oops: Enabled (32-bit)
[0.027s][info][gc,init] Alignments: Space 512K, Generation 512K, Heap 2M
[0.027s][info][gc,init] Heap Min Capacity: 8M
[0.027s][info][gc,init] Heap Initial Capacity: 2G
[0.027s][info][gc,init] Heap Max Capacity: 2G
[0.033s][info][gc,init] Pre-touch: Disabled
[0.033s][info][gc,init] Parallel Workers: 33
[0.034s][info][gc,metaspace] CDS archive(s) mapped at: [0x0000000800000000-0x0000000800c60000-0x0000000800c60000), size 12976128, SharedBaseAddress: 0x0000000800000000, ArchiveRelocationMode: 0.
[0.034s][info][gc,metaspace] Compressed class space mapped at: 0x0000000801000000-0x0000000841000000, reserved size: 1073741824
[0.034s][info][gc,metaspace] Narrow klass base: 0x0000000800000000, Narrow klass shift: 0, Narrow klass range: 0x100000000
[9.155s][info][gc,start    ] GC(0) Pause Young (System.gc())
[9.165s][info][gc,heap     ] GC(0) PSYoungGen: 209949K(611840K)->4525K(611840K) Eden: 209949K(524800K)->0K(524800K) From: 0K(87040K)->4525K(87040K)
[9.165s][info][gc,heap     ] GC(0) ParOldGen: 0K(1398272K)->24K(1398272K)
[9.165s][info][gc,metaspace] GC(0) Metaspace: 15049K(15232K)->15049K(15232K) NonClass: 11545K(11648K)->11545K(11648K) Class: 3504K(3584K)->3504K(3584K)
[9.165s][info][gc          ] GC(0) Pause Young (System.gc()) 205M->4M(1963M) 10.410ms
[9.165s][info][gc,cpu      ] GC(0) User=0.00s Sys=0.00s Real=0.00s
[9.166s][info][gc,start    ] GC(1) Pause Full (System.gc())
[9.166s][info][gc,phases,start] GC(1) Marking Phase
[9.179s][info][gc,phases      ] GC(1) Marking Phase 13.426ms
[9.179s][info][gc,phases,start] GC(1) Summary Phase
[9.179s][info][gc,phases      ] GC(1) Summary Phase 0.023ms
[9.179s][info][gc,phases,start] GC(1) Adjust Roots
[9.182s][info][gc,phases      ] GC(1) Adjust Roots 2.720ms
[9.182s][info][gc,phases,start] GC(1) Compaction Phase
[9.189s][info][gc,phases      ] GC(1) Compaction Phase 7.004ms
[9.189s][info][gc,phases,start] GC(1) Post Compact
[9.190s][info][gc,phases      ] GC(1) Post Compact 0.996ms
[9.190s][info][gc,heap        ] GC(1) PSYoungGen: 4525K(611840K)->0K(611840K) Eden: 0K(524800K)->0K(524800K) From: 4525K(87040K)->0K(87040K)
[9.190s][info][gc,heap        ] GC(1) ParOldGen: 24K(1398272K)->4038K(1398272K)
[9.190s][info][gc,metaspace   ] GC(1) Metaspace: 15049K(15232K)->15046K(15232K) NonClass: 11545K(11648K)->11542K(11648K) Class: 3504K(3584K)->3503K(3584K)
[9.190s][info][gc             ] GC(1) Pause Full (System.gc()) 4M->3M(1963M) 24.411ms
[9.190s][info][gc,cpu         ] GC(1) User=0.58s Sys=0.00s Real=0.03s
[11.355s][info][gc,start       ] GC(2) Pause Young (Allocation Failure)
[11.361s][info][gc,heap        ] GC(2) PSYoungGen: 524800K(611840K)->5304K(611840K) Eden: 524800K(524800K)->0K(524800K) From: 0K(87040K)->5304K(87040K)
[11.361s][info][gc,heap        ] GC(2) ParOldGen: 4038K(1398272K)->4046K(1398272K)
[11.361s][info][gc,metaspace   ] GC(2) Metaspace: 18566K(19072K)->18566K(19072K) NonClass: 14783K(15104K)->14783K(15104K) Class: 3782K(3968K)->3782K(3968K)
[11.361s][info][gc             ] GC(2) Pause Young (Allocation Failure) 516M->9M(1963M) 5.818ms
[11.361s][info][gc,cpu         ] GC(2) User=0.00s Sys=0.00s Real=0.00s
[12.834s][info][gc,start       ] GC(3) Pause Young (Allocation Failure)
[12.848s][info][gc,heap        ] GC(3) PSYoungGen: 530104K(611840K)->16416K(611840K) Eden: 524800K(524800K)->0K(524800K) From: 5304K(87040K)->16416K(87040K)
[12.848s][info][gc,heap        ] GC(3) ParOldGen: 4046K(1398272K)->4054K(1398272K)
[12.848s][info][gc,metaspace   ] GC(3) Metaspace: 18705K(19200K)->18705K(19200K) NonClass: 14923K(15232K)->14923K(15232K) Class: 3782K(3968K)->3782K(3968K)
[12.848s][info][gc             ] GC(3) Pause Young (Allocation Failure) 521M->19M(1963M) 13.273ms
[12.872s][info][gc,cpu         ] GC(3) User=0.00s Sys=0.00s Real=0.03s
[13.985s][info][gc,start       ] GC(4) Pause Young (Allocation Failure)
[13.997s][info][gc,heap        ] GC(4) PSYoungGen: 541216K(611840K)->16288K(611840K) Eden: 524800K(524800K)->0K(524800K) From: 16416K(87040K)->16288K(87040K)
[13.997s][info][gc,heap        ] GC(4) ParOldGen: 4054K(1398272K)->4062K(1398272K)
[13.997s][info][gc,metaspace   ] GC(4) Metaspace: 18935K(19456K)->18935K(19456K) NonClass: 15152K(15488K)->15152K(15488K) Class: 3782K(3968K)->3782K(3968K)
[13.997s][info][gc             ] GC(4) Pause Young (Allocation Failure) 532M->19M(1963M) 12.498ms
[13.997s][info][gc,cpu         ] GC(4) User=0.09s Sys=0.45s Real=0.02s
[15.736s][info][gc,start       ] GC(5) Pause Young (Allocation Failure)
[15.742s][info][gc,heap        ] GC(5) PSYoungGen: 541088K(611840K)->16480K(611840K) Eden: 524800K(524800K)->0K(524800K) From: 16288K(87040K)->16480K(87040K)
[15.742s][info][gc,heap        ] GC(5) ParOldGen: 4062K(1398272K)->4070K(1398272K)
[15.742s][info][gc,metaspace   ] GC(5) Metaspace: 19498K(20032K)->19498K(20032K) NonClass: 15703K(16064K)->15703K(16064K) Class: 3794K(3968K)->3794K(3968K)
[15.743s][info][gc             ] GC(5) Pause Young (Allocation Failure) 532M->20M(1963M) 6.119ms
[15.743s][info][gc,cpu         ] GC(5) User=0.00s Sys=0.00s Real=0.00s
[19.284s][info][gc,heap,exit   ] Heap
[19.284s][info][gc,heap,exit   ]  PSYoungGen      total 611840K, used 35822K [0x00000000d5580000, 0x0000000100000000, 0x0000000100000000)
[19.284s][info][gc,heap,exit   ]   eden space 524800K, 3% used [0x00000000d5580000,0x00000000d6863b68,0x00000000f5600000)
[19.284s][info][gc,heap,exit   ]   from space 87040K, 18% used [0x00000000f5600000,0x00000000f6618030,0x00000000fab00000)
[19.284s][info][gc,heap,exit   ]   to   space 87040K, 0% used [0x00000000fab00000,0x00000000fab00000,0x0000000100000000)
[19.284s][info][gc,heap,exit   ]  ParOldGen       total 1398272K, used 4070K [0x0000000080000000, 0x00000000d5580000, 0x00000000d5580000)
[19.284s][info][gc,heap,exit   ]   object space 1398272K, 0% used [0x0000000080000000,0x00000000803f99c8,0x00000000d5580000)
[19.284s][info][gc,heap,exit   ]  Metaspace       used 19896K, committed 20416K, reserved 1114112K
[19.285s][info][gc,heap,exit   ]   class space    used 3839K, committed 4032K, reserved 1048576K
