[0.015s][info][gc,init] CardTable entry size: 512
[0.016s][info][gc     ] Using Serial
[0.024s][info][gc,init] Version: 20+36-2344 (release)
[0.024s][info][gc,init] CPUs: 48 total, 48 available
[0.024s][info][gc,init] Memory: 382G
[0.024s][info][gc,init] Large Page Support: Disabled
[0.024s][info][gc,init] NUMA Support: Disabled
[0.024s][info][gc,init] Compressed Oops: Enabled (Zero based)
[0.024s][info][gc,init] Heap Min Capacity: 8M
[0.024s][info][gc,init] Heap Initial Capacity: 2G
[0.024s][info][gc,init] Heap Max Capacity: 4G
[0.024s][info][gc,init] Pre-touch: Disabled
[0.038s][info][gc,metaspace] CDS archive(s) mapped at: [0x0000000800000000-0x0000000800c60000-0x0000000800c60000), size 12976128, SharedBaseAddress: 0x0000000800000000, ArchiveRelocationMode: 0.
[0.039s][info][gc,metaspace] Compressed class space mapped at: 0x0000000801000000-0x0000000841000000, reserved size: 1073741824
[0.039s][info][gc,metaspace] Narrow klass base: 0x0000000800000000, Narrow klass shift: 0, Narrow klass range: 0x100000000
[9.304s][info][gc,start    ] GC(0) Pause Full (System.gc())
[9.304s][info][gc,phases,start] GC(0) Phase 1: Mark live objects
[9.323s][info][gc,phases      ] GC(0) Phase 1: Mark live objects 18.916ms
[9.323s][info][gc,phases,start] GC(0) Phase 2: Compute new object addresses
[9.342s][info][gc,phases      ] GC(0) Phase 2: Compute new object addresses 19.201ms
[9.342s][info][gc,phases,start] GC(0) Phase 3: Adjust pointers
[9.348s][info][gc,phases      ] GC(0) Phase 3: Adjust pointers 5.638ms
[9.348s][info][gc,phases,start] GC(0) Phase 4: Move objects
[9.351s][info][gc,phases      ] GC(0) Phase 4: Move objects 2.970ms
[9.351s][info][gc,heap        ] GC(0) DefNew: 235185K(629120K)->0K(629248K) Eden: 235185K(559232K)->0K(559360K) From: 0K(69888K)->0K(69888K)
[9.352s][info][gc,heap        ] GC(0) Tenured: 0K(1398144K)->4038K(1398144K)
[9.352s][info][gc,metaspace   ] GC(0) Metaspace: 15050K(15232K)->15047K(15232K) NonClass: 11546K(11648K)->11543K(11648K) Class: 3504K(3584K)->3503K(3584K)
[9.352s][info][gc             ] GC(0) Pause Full (System.gc()) 229M->3M(1979M) 48.038ms
[9.352s][info][gc,cpu         ] GC(0) User=0.06s Sys=0.00s Real=0.05s
[11.798s][info][gc,start       ] GC(1) Pause Young (Allocation Failure)
[11.825s][info][gc,heap        ] GC(1) DefNew: 559360K(629248K)->5583K(629248K) Eden: 559360K(559360K)->0K(559360K) From: 0K(69888K)->5583K(69888K)
[11.825s][info][gc,heap        ] GC(1) Tenured: 4038K(1398144K)->4038K(1398144K)
[11.825s][info][gc,metaspace   ] GC(1) Metaspace: 18570K(19072K)->18570K(19072K) NonClass: 14787K(15104K)->14787K(15104K) Class: 3782K(3968K)->3782K(3968K)
[11.825s][info][gc             ] GC(1) Pause Young (Allocation Failure) 550M->9M(1979M) 27.460ms
[11.825s][info][gc,cpu         ] GC(1) User=0.06s Sys=0.00s Real=0.03s
[13.287s][info][gc,start       ] GC(2) Pause Young (Allocation Failure)
[13.351s][info][gc,heap        ] GC(2) DefNew: 564943K(629248K)->15816K(629248K) Eden: 559360K(559360K)->0K(559360K) From: 5583K(69888K)->15816K(69888K)
[13.351s][info][gc,heap        ] GC(2) Tenured: 4038K(1398144K)->4038K(1398144K)
[13.351s][info][gc,metaspace   ] GC(2) Metaspace: 18712K(19200K)->18712K(19200K) NonClass: 14930K(15232K)->14930K(15232K) Class: 3782K(3968K)->3782K(3968K)
[13.351s][info][gc             ] GC(2) Pause Young (Allocation Failure) 555M->19M(1979M) 64.144ms
[13.351s][info][gc,cpu         ] GC(2) User=0.06s Sys=0.00s Real=0.06s
[14.968s][info][gc,start       ] GC(3) Pause Young (Allocation Failure)
[15.006s][info][gc,heap        ] GC(3) DefNew: 575176K(629248K)->15805K(629248K) Eden: 559360K(559360K)->0K(559360K) From: 15816K(69888K)->15805K(69888K)
[15.006s][info][gc,heap        ] GC(3) Tenured: 4038K(1398144K)->4038K(1398144K)
[15.006s][info][gc,metaspace   ] GC(3) Metaspace: 18991K(19520K)->18991K(19520K) NonClass: 15208K(15552K)->15208K(15552K) Class: 3782K(3968K)->3782K(3968K)
[15.006s][info][gc             ] GC(3) Pause Young (Allocation Failure) 565M->19M(1979M) 37.949ms
[15.006s][info][gc,cpu         ] GC(3) User=0.08s Sys=0.00s Real=0.05s
[17.473s][info][gc,heap,exit   ] Heap
[17.473s][info][gc,heap,exit   ]  def new generation   total 629248K, used 480910K [0x0000000700000000, 0x000000072aac0000, 0x0000000755550000)
[17.473s][info][gc,heap,exit   ]   eden space 559360K,  83% used [0x0000000700000000, 0x000000071c634350, 0x0000000722240000)
[17.473s][info][gc,heap,exit   ]   from space 69888K,  22% used [0x0000000726680000, 0x00000007275ef6a0, 0x000000072aac0000)
[17.473s][info][gc,heap,exit   ]   to   space 69888K,   0% used [0x0000000722240000, 0x0000000722240000, 0x0000000726680000)
[17.473s][info][gc,heap,exit   ]  tenured generation   total 1398144K, used 4038K [0x0000000755550000, 0x00000007aaab0000, 0x0000000800000000)
[17.473s][info][gc,heap,exit   ]    the space 1398144K,   0% used [0x0000000755550000, 0x00000007559419b8, 0x0000000755941a00, 0x00000007aaab0000)
[17.473s][info][gc,heap,exit   ]  Metaspace       used 19879K, committed 20416K, reserved 1114112K
[17.473s][info][gc,heap,exit   ]   class space    used 3839K, committed 4032K, reserved 1048576K
