[0.015s][info][gc,init] Initializing The Z Garbage Collector
[0.015s][info][gc,init] Version: 20+36-2344 (release)
[0.015s][info][gc,init] NUMA Support: Disabled
[0.015s][info][gc,init] CPUs: 48 total, 48 available
[0.016s][info][gc,init] Memory: 391843M
[0.016s][info][gc,init] Large Page Support: Disabled
[0.016s][info][gc,init] GC Workers: 12 (dynamic)
[0.018s][info][gc,init] Address Space Type: Contiguous/Unrestricted/Complete
[0.018s][info][gc,init] Address Space Size: 32768M x 3 = 98304M
[0.018s][info][gc,init] Min Capacity: 8M
[0.018s][info][gc,init] Initial Capacity: 2048M
[0.026s][info][gc,init] Max Capacity: 2048M
[0.026s][info][gc,init] Medium Page Size: 32M
[0.026s][info][gc,init] Pre-touch: Disabled
[0.026s][info][gc,init] Uncommit: Enabled
[0.026s][info][gc,init] Uncommit Delay: 300s
[0.107s][info][gc,init] Runtime Workers: 20
[0.109s][info][gc     ] Using The Z Garbage Collector
[0.110s][info][gc,metaspace] CDS archive(s) mapped at: [0x0000000800000000-0x0000000800c60000-0x0000000800c60000), size 12976128, SharedBaseAddress: 0x0000000800000000, ArchiveRelocationMode: 0.
[0.110s][info][gc,metaspace] Compressed class space mapped at: 0x0000000801000000-0x0000000841000000, reserved size: 1073741824
[0.110s][info][gc,metaspace] Narrow klass base: 0x0000000800000000, Narrow klass shift: 0, Narrow klass range: 0x100000000
[9.569s][info][gc,start    ] GC(0) Garbage Collection (System.gc())
[9.569s][info][gc,task     ] GC(0) Using 12 workers
[9.570s][info][gc,phases   ] GC(0) Pause Mark Start 0.015ms
[9.590s][info][gc,phases   ] GC(0) Concurrent Mark 19.765ms
[9.590s][info][gc,phases   ] GC(0) Pause Mark End 0.021ms
[9.590s][info][gc,phases   ] GC(0) Concurrent Mark Free 0.001ms
[9.595s][info][gc,phases   ] GC(0) Concurrent Process Non-Strong References 5.226ms
[9.595s][info][gc,phases   ] GC(0) Concurrent Reset Relocation Set 0.001ms
[9.607s][info][gc,phases   ] GC(0) Concurrent Select Relocation Set 11.567ms
[9.607s][info][gc,phases   ] GC(0) Pause Relocate Start 0.015ms
[9.608s][info][gc,phases   ] GC(0) Concurrent Relocate 1.669ms
[9.609s][info][gc,load     ] GC(0) Load: 0.00/0.00/0.00
[9.609s][info][gc,mmu      ] GC(0) MMU: 2ms/99.0%, 5ms/99.6%, 10ms/99.8%, 20ms/99.8%, 50ms/99.9%, 100ms/99.9%
[9.609s][info][gc,marking  ] GC(0) Mark: 8 stripe(s), 2 proactive flush(es), 1 terminate flush(es), 0 completion(s), 0 continuation(s) 
[9.609s][info][gc,marking  ] GC(0) Mark Stack Usage: 32M
[9.609s][info][gc,nmethod  ] GC(0) NMethods: 1692 registered, 312 unregistered
[9.609s][info][gc,metaspace] GC(0) Metaspace: 14M used, 14M committed, 1088M reserved
[9.609s][info][gc,ref      ] GC(0) Soft: 187 encountered, 0 discovered, 0 enqueued
[9.609s][info][gc,ref      ] GC(0) Weak: 3506 encountered, 346 discovered, 157 enqueued
[9.609s][info][gc,ref      ] GC(0) Final: 5 encountered, 3 discovered, 0 enqueued
[9.609s][info][gc,ref      ] GC(0) Phantom: 181 encountered, 155 discovered, 94 enqueued
[9.609s][info][gc,reloc    ] GC(0) Small Pages: 51 / 102M, Empty: 18M, Relocated: 4M, In-Place: 0
[9.609s][info][gc,reloc    ] GC(0) Medium Pages: 1 / 32M, Empty: 0M, Relocated: 0M, In-Place: 0
[9.609s][info][gc,reloc    ] GC(0) Large Pages: 0 / 0M, Empty: 0M, Relocated: 0M, In-Place: 0
[9.609s][info][gc,reloc    ] GC(0) Forwarding Usage: 1M
[9.609s][info][gc,heap     ] GC(0) Min Capacity: 8M(0%)
[9.609s][info][gc,heap     ] GC(0) Max Capacity: 2048M(100%)
[9.609s][info][gc,heap     ] GC(0) Soft Max Capacity: 2048M(100%)
[9.609s][info][gc,heap     ] GC(0)                Mark Start          Mark End        Relocate Start      Relocate End           High               Low         
[9.609s][info][gc,heap     ] GC(0)  Capacity:     2048M (100%)       2048M (100%)       2048M (100%)       2048M (100%)       2048M (100%)       2048M (100%)   
[9.609s][info][gc,heap     ] GC(0)      Free:     1914M (93%)        1914M (93%)        1930M (94%)        1990M (97%)        1990M (97%)        1912M (93%)    
[9.609s][info][gc,heap     ] GC(0)      Used:      134M (7%)          134M (7%)          118M (6%)           58M (3%)          136M (7%)           58M (3%)     
[9.609s][info][gc,heap     ] GC(0)      Live:         -                 5M (0%)            5M (0%)            5M (0%)             -                  -          
[9.609s][info][gc,heap     ] GC(0) Allocated:         -                 0M (0%)            2M (0%)            2M (0%)             -                  -          
[9.609s][info][gc,heap     ] GC(0)   Garbage:         -               128M (6%)          110M (5%)           50M (2%)             -                  -          
[9.609s][info][gc,heap     ] GC(0) Reclaimed:         -                  -                18M (1%)           78M (4%)             -                  -          
[9.609s][info][gc          ] GC(0) Garbage Collection (System.gc()) 134M(7%)->58M(3%)
[10.144s][info][gc,stats    ] === Garbage Collection Statistics =======================================================================================================================
[10.144s][info][gc,stats    ]                                                              Last 10s              Last 10m              Last 10h                Total
[10.144s][info][gc,stats    ]                                                              Avg / Max             Avg / Max             Avg / Max             Avg / Max
[10.144s][info][gc,stats    ]   Collector: Garbage Collection Cycle                     39.198 / 39.198       39.198 / 39.198       39.198 / 39.198       39.198 / 39.198      ms
[10.144s][info][gc,stats    ]  Contention: Mark Segment Reset Contention                     0 / 1                 0 / 1                 0 / 1                 0 / 1           ops/s
[10.144s][info][gc,stats    ]  Contention: Mark SeqNum Reset Contention                      0 / 0                 0 / 0                 0 / 0                 0 / 0           ops/s
[10.144s][info][gc,stats    ]    Critical: Allocation Stall                                  0 / 0                 0 / 0                 0 / 0                 0 / 0           ops/s
[10.144s][info][gc,stats    ]    Critical: Allocation Stall                              0.000 / 0.000         0.000 / 0.000         0.000 / 0.000         0.000 / 0.000       ms
[10.144s][info][gc,stats    ]    Critical: GC Locker Stall                                   0 / 0                 0 / 0                 0 / 0                 0 / 0           ops/s
[10.144s][info][gc,stats    ]    Critical: GC Locker Stall                               0.000 / 0.000         0.000 / 0.000         0.000 / 0.000         0.000 / 0.000       ms
[10.144s][info][gc,stats    ]    Critical: Relocation Stall                                  0 / 0                 0 / 0                 0 / 0                 0 / 0           ops/s
[10.144s][info][gc,stats    ]    Critical: Relocation Stall                              0.000 / 0.000         0.000 / 0.000         0.000 / 0.000         0.000 / 0.000       ms
[10.145s][info][gc,stats    ]      Memory: Allocation Rate                                  24 / 164              24 / 164              24 / 164              24 / 164         MB/s
[10.145s][info][gc,stats    ]      Memory: Defragment                                        0 / 0                 0 / 0                 0 / 0                 0 / 0           ops/s
[10.145s][info][gc,stats    ]      Memory: Out Of Memory                                     0 / 0                 0 / 0                 0 / 0                 0 / 0           ops/s
[10.145s][info][gc,stats    ]      Memory: Page Cache Flush                                  0 / 0                 0 / 0                 0 / 0                 0 / 0           MB/s
[10.145s][info][gc,stats    ]      Memory: Page Cache Hit L1                                 5 / 51                5 / 51                5 / 51                5 / 51          ops/s
[10.145s][info][gc,stats    ]      Memory: Page Cache Hit L2                                 0 / 0                 0 / 0                 0 / 0                 0 / 0           ops/s
[10.145s][info][gc,stats    ]      Memory: Page Cache Hit L3                                 7 / 43                7 / 43                7 / 43                7 / 43          ops/s
[10.145s][info][gc,stats    ]      Memory: Page Cache Miss                                   0 / 1                 0 / 1                 0 / 1                 0 / 1           ops/s
[10.145s][info][gc,stats    ]      Memory: Uncommit                                          0 / 0                 0 / 0                 0 / 0                 0 / 0           MB/s
[10.145s][info][gc,stats    ]      Memory: Undo Object Allocation Failed                     0 / 0                 0 / 0                 0 / 0                 0 / 0           ops/s
[10.145s][info][gc,stats    ]      Memory: Undo Object Allocation Succeeded                  0 / 0                 0 / 0                 0 / 0                 0 / 0           ops/s
[10.145s][info][gc,stats    ]      Memory: Undo Page Allocation                              0 / 0                 0 / 0                 0 / 0                 0 / 0           ops/s
[10.145s][info][gc,stats    ]       Phase: Concurrent Mark                              19.765 / 19.765       19.765 / 19.765       19.765 / 19.765       19.765 / 19.765      ms
[10.145s][info][gc,stats    ]       Phase: Concurrent Mark Continue                      0.000 / 0.000         0.000 / 0.000         0.000 / 0.000         0.000 / 0.000       ms
[10.145s][info][gc,stats    ]       Phase: Concurrent Mark Free                          0.001 / 0.001         0.001 / 0.001         0.001 / 0.001         0.001 / 0.001       ms
[10.145s][info][gc,stats    ]       Phase: Concurrent Process Non-Strong References      5.226 / 5.226         5.226 / 5.226         5.226 / 5.226         5.226 / 5.226       ms
[10.145s][info][gc,stats    ]       Phase: Concurrent Relocate                           1.669 / 1.669         1.669 / 1.669         1.669 / 1.669         1.669 / 1.669       ms
[10.145s][info][gc,stats    ]       Phase: Concurrent Reset Relocation Set               0.001 / 0.001         0.001 / 0.001         0.001 / 0.001         0.001 / 0.001       ms
[10.145s][info][gc,stats    ]       Phase: Concurrent Select Relocation Set             11.567 / 11.567       11.567 / 11.567       11.567 / 11.567       11.567 / 11.567      ms
[10.145s][info][gc,stats    ]       Phase: Pause Mark End                                0.021 / 0.021         0.021 / 0.021         0.021 / 0.021         0.021 / 0.021       ms
[10.145s][info][gc,stats    ]       Phase: Pause Mark Start                              0.015 / 0.015         0.015 / 0.015         0.015 / 0.015         0.015 / 0.015       ms
[10.145s][info][gc,stats    ]       Phase: Pause Relocate Start                          0.015 / 0.015         0.015 / 0.015         0.015 / 0.015         0.015 / 0.015       ms
[10.145s][info][gc,stats    ]    Subphase: Concurrent Classes Purge                      1.062 / 1.062         1.062 / 1.062         1.062 / 1.062         1.062 / 1.062       ms
[10.145s][info][gc,stats    ]    Subphase: Concurrent Classes Unlink                     3.960 / 3.960         3.960 / 3.960         3.960 / 3.960         3.960 / 3.960       ms
[10.145s][info][gc,stats    ]    Subphase: Concurrent Mark                              17.927 / 19.143       17.927 / 19.143       17.927 / 19.143       17.927 / 19.143      ms
[10.145s][info][gc,stats    ]    Subphase: Concurrent Mark Try Flush                     0.024 / 0.040         0.024 / 0.040         0.024 / 0.040         0.024 / 0.040       ms
[10.146s][info][gc,stats    ]    Subphase: Concurrent Mark Try Terminate                11.144 / 14.385       11.144 / 14.385       11.144 / 14.385       11.144 / 14.385      ms
[10.146s][info][gc,stats    ]    Subphase: Concurrent References Enqueue                 0.003 / 0.003         0.003 / 0.003         0.003 / 0.003         0.003 / 0.003       ms
[10.146s][info][gc,stats    ]    Subphase: Concurrent References Process                 0.068 / 0.068         0.068 / 0.068         0.068 / 0.068         0.068 / 0.068       ms
[10.146s][info][gc,stats    ]    Subphase: Concurrent Roots ClassLoaderDataGraph         0.041 / 0.290         0.041 / 0.290         0.041 / 0.290         0.041 / 0.290       ms
[10.146s][info][gc,stats    ]    Subphase: Concurrent Roots CodeCache                    0.000 / 0.000         0.000 / 0.000         0.000 / 0.000         0.000 / 0.000       ms
[10.146s][info][gc,stats    ]    Subphase: Concurrent Roots JavaThreads                  0.211 / 0.439         0.211 / 0.439         0.211 / 0.439         0.211 / 0.439       ms
[10.146s][info][gc,stats    ]    Subphase: Concurrent Roots OopStorageSet                0.040 / 0.215         0.040 / 0.215         0.040 / 0.215         0.040 / 0.215       ms
[10.146s][info][gc,stats    ]    Subphase: Concurrent Weak Roots OopStorageSet           0.061 / 0.064         0.061 / 0.064         0.061 / 0.064         0.061 / 0.064       ms
[10.146s][info][gc,stats    ]    Subphase: Pause Mark Try Complete                       0.000 / 0.000         0.000 / 0.000         0.000 / 0.000         0.000 / 0.000       ms
[10.146s][info][gc,stats    ]      System: Java Threads                                     18 / 18               18 / 18               18 / 18               18 / 18          threads
[10.146s][info][gc,stats    ] =========================================================================================================================================================
[10.339s][info][gc,start    ] GC(1) Garbage Collection (Warmup)
[10.339s][info][gc,task     ] GC(1) Using 12 workers
[10.339s][info][gc,phases   ] GC(1) Pause Mark Start 0.012ms
[10.355s][info][gc,phases   ] GC(1) Concurrent Mark 15.164ms
[10.355s][info][gc,phases   ] GC(1) Pause Mark End 0.017ms
[10.355s][info][gc,phases   ] GC(1) Concurrent Mark Free 0.001ms
[10.358s][info][gc,phases   ] GC(1) Concurrent Process Non-Strong References 2.666ms
[10.358s][info][gc,phases   ] GC(1) Concurrent Reset Relocation Set 0.007ms
[10.364s][info][gc,phases   ] GC(1) Concurrent Select Relocation Set 5.748ms
[10.364s][info][gc,phases   ] GC(1) Pause Relocate Start 0.006ms
[10.366s][info][gc,phases   ] GC(1) Concurrent Relocate 1.796ms
[10.366s][info][gc,load     ] GC(1) Load: 0.00/0.00/0.00
[10.366s][info][gc,mmu      ] GC(1) MMU: 2ms/99.0%, 5ms/99.6%, 10ms/99.8%, 20ms/99.8%, 50ms/99.9%, 100ms/99.9%
[10.366s][info][gc,marking  ] GC(1) Mark: 8 stripe(s), 3 proactive flush(es), 1 terminate flush(es), 0 completion(s), 0 continuation(s) 
[10.366s][info][gc,marking  ] GC(1) Mark Stack Usage: 32M
[10.366s][info][gc,nmethod  ] GC(1) NMethods: 2201 registered, 504 unregistered
[10.366s][info][gc,metaspace] GC(1) Metaspace: 16M used, 16M committed, 1088M reserved
[10.366s][info][gc,ref      ] GC(1) Soft: 305 encountered, 0 discovered, 0 enqueued
[10.366s][info][gc,ref      ] GC(1) Weak: 3711 encountered, 218 discovered, 60 enqueued
[10.366s][info][gc,ref      ] GC(1) Final: 6 encountered, 1 discovered, 1 enqueued
[10.366s][info][gc,ref      ] GC(1) Phantom: 104 encountered, 78 discovered, 16 enqueued
[10.366s][info][gc,reloc    ] GC(1) Small Pages: 88 / 176M, Empty: 92M, Relocated: 6M, In-Place: 0
[10.366s][info][gc,reloc    ] GC(1) Medium Pages: 1 / 32M, Empty: 0M, Relocated: 0M, In-Place: 0
[10.366s][info][gc,reloc    ] GC(1) Large Pages: 0 / 0M, Empty: 0M, Relocated: 0M, In-Place: 0
[10.366s][info][gc,reloc    ] GC(1) Forwarding Usage: 2M
[10.366s][info][gc,heap     ] GC(1) Min Capacity: 8M(0%)
[10.366s][info][gc,heap     ] GC(1) Max Capacity: 2048M(100%)
[10.366s][info][gc,heap     ] GC(1) Soft Max Capacity: 2048M(100%)
[10.366s][info][gc,heap     ] GC(1)                Mark Start          Mark End        Relocate Start      Relocate End           High               Low         
[10.366s][info][gc,heap     ] GC(1)  Capacity:     2048M (100%)       2048M (100%)       2048M (100%)       2048M (100%)       2048M (100%)       2048M (100%)   
[10.366s][info][gc,heap     ] GC(1)      Free:     1840M (90%)        1832M (89%)        1922M (94%)        1980M (97%)        1980M (97%)        1830M (89%)    
[10.366s][info][gc,heap     ] GC(1)      Used:      208M (10%)         216M (11%)         126M (6%)           68M (3%)          218M (11%)          68M (3%)     
[10.366s][info][gc,heap     ] GC(1)      Live:         -                 8M (0%)            8M (0%)            8M (0%)             -                  -          
[10.366s][info][gc,heap     ] GC(1) Allocated:         -                 8M (0%)           10M (0%)            9M (0%)             -                  -          
[10.366s][info][gc,heap     ] GC(1)   Garbage:         -               199M (10%)         107M (5%)           49M (2%)             -                  -          
[10.366s][info][gc,heap     ] GC(1) Reclaimed:         -                  -                92M (4%)          149M (7%)             -                  -          
[10.366s][info][gc          ] GC(1) Garbage Collection (Warmup) 208M(10%)->68M(3%)
[11.729s][info][gc,start    ] GC(2) Garbage Collection (Warmup)
[11.729s][info][gc,task     ] GC(2) Using 12 workers
[11.729s][info][gc,phases   ] GC(2) Pause Mark Start 0.013ms
[11.745s][info][gc,phases   ] GC(2) Concurrent Mark 15.250ms
[11.745s][info][gc,phases   ] GC(2) Pause Mark End 0.022ms
[11.745s][info][gc,phases   ] GC(2) Concurrent Mark Free 0.001ms
[11.754s][info][gc,phases   ] GC(2) Concurrent Process Non-Strong References 8.729ms
[11.754s][info][gc,phases   ] GC(2) Concurrent Reset Relocation Set 0.007ms
[11.757s][info][gc,phases   ] GC(2) Concurrent Select Relocation Set 3.471ms
[11.758s][info][gc,phases   ] GC(2) Pause Relocate Start 0.011ms
[11.760s][info][gc,phases   ] GC(2) Concurrent Relocate 2.371ms
[11.760s][info][gc,load     ] GC(2) Load: 0.00/0.00/0.00
[11.760s][info][gc,mmu      ] GC(2) MMU: 2ms/98.9%, 5ms/99.6%, 10ms/99.8%, 20ms/99.8%, 50ms/99.9%, 100ms/99.9%
[11.760s][info][gc,marking  ] GC(2) Mark: 8 stripe(s), 2 proactive flush(es), 1 terminate flush(es), 0 completion(s), 0 continuation(s) 
[11.760s][info][gc,marking  ] GC(2) Mark Stack Usage: 32M
[11.760s][info][gc,nmethod  ] GC(2) NMethods: 2688 registered, 151 unregistered
[11.760s][info][gc,metaspace] GC(2) Metaspace: 18M used, 18M committed, 1088M reserved
[11.760s][info][gc,ref      ] GC(2) Soft: 360 encountered, 0 discovered, 0 enqueued
[11.760s][info][gc,ref      ] GC(2) Weak: 3931 encountered, 223 discovered, 16 enqueued
[11.760s][info][gc,ref      ] GC(2) Final: 8 encountered, 5 discovered, 2 enqueued
[11.760s][info][gc,ref      ] GC(2) Phantom: 88 encountered, 49 discovered, 0 enqueued
[11.760s][info][gc,reloc    ] GC(2) Small Pages: 191 / 382M, Empty: 272M, Relocated: 5M, In-Place: 0
[11.760s][info][gc,reloc    ] GC(2) Medium Pages: 2 / 64M, Empty: 0M, Relocated: 1M, In-Place: 0
[11.760s][info][gc,reloc    ] GC(2) Large Pages: 0 / 0M, Empty: 0M, Relocated: 0M, In-Place: 0
[11.760s][info][gc,reloc    ] GC(2) Forwarding Usage: 1M
[11.760s][info][gc,heap     ] GC(2) Min Capacity: 8M(0%)
[11.760s][info][gc,heap     ] GC(2) Max Capacity: 2048M(100%)
[11.760s][info][gc,heap     ] GC(2) Soft Max Capacity: 2048M(100%)
[11.761s][info][gc,heap     ] GC(2)                Mark Start          Mark End        Relocate Start      Relocate End           High               Low         
[11.761s][info][gc,heap     ] GC(2)  Capacity:     2048M (100%)       2048M (100%)       2048M (100%)       2048M (100%)       2048M (100%)       2048M (100%)   
[11.761s][info][gc,heap     ] GC(2)      Free:     1602M (78%)        1598M (78%)        1868M (91%)        1952M (95%)        1952M (95%)        1598M (78%)    
[11.761s][info][gc,heap     ] GC(2)      Used:      446M (22%)         450M (22%)         180M (9%)           96M (5%)          450M (22%)          96M (5%)     
[11.761s][info][gc,heap     ] GC(2)      Live:         -                 8M (0%)            8M (0%)            8M (0%)             -                  -          
[11.761s][info][gc,heap     ] GC(2) Allocated:         -                 4M (0%)            6M (0%)           37M (2%)             -                  -          
[11.761s][info][gc,heap     ] GC(2)   Garbage:         -               437M (21%)         165M (8%)           50M (2%)             -                  -          
[11.761s][info][gc,heap     ] GC(2) Reclaimed:         -                  -               272M (13%)         387M (19%)            -                  -          
[11.761s][info][gc          ] GC(2) Garbage Collection (Warmup) 446M(22%)->96M(5%)
[13.532s][info][gc,start    ] GC(3) Garbage Collection (Warmup)
[13.532s][info][gc,task     ] GC(3) Using 12 workers
[13.532s][info][gc,phases   ] GC(3) Pause Mark Start 0.016ms
[13.610s][info][gc,phases   ] GC(3) Concurrent Mark 77.583ms
[13.610s][info][gc,phases   ] GC(3) Pause Mark End 0.013ms
[13.610s][info][gc,phases   ] GC(3) Concurrent Mark Free 0.000ms
[13.615s][info][gc,phases   ] GC(3) Concurrent Process Non-Strong References 5.360ms
[13.615s][info][gc,phases   ] GC(3) Concurrent Reset Relocation Set 0.006ms
[13.624s][info][gc,phases   ] GC(3) Concurrent Select Relocation Set 9.337ms
[13.625s][info][gc,phases   ] GC(3) Pause Relocate Start 0.008ms
[13.632s][info][gc,phases   ] GC(3) Concurrent Relocate 7.839ms
[13.633s][info][gc,load     ] GC(3) Load: 0.00/0.00/0.00
[13.633s][info][gc,mmu      ] GC(3) MMU: 2ms/98.9%, 5ms/99.6%, 10ms/99.8%, 20ms/99.8%, 50ms/99.9%, 100ms/99.9%
[13.633s][info][gc,marking  ] GC(3) Mark: 8 stripe(s), 4 proactive flush(es), 1 terminate flush(es), 0 completion(s), 0 continuation(s) 
[13.633s][info][gc,marking  ] GC(3) Mark Stack Usage: 32M
[13.633s][info][gc,nmethod  ] GC(3) NMethods: 2836 registered, 288 unregistered
[13.633s][info][gc,metaspace] GC(3) Metaspace: 18M used, 18M committed, 1088M reserved
[13.633s][info][gc,ref      ] GC(3) Soft: 3464 encountered, 0 discovered, 0 enqueued
[13.633s][info][gc,ref      ] GC(3) Weak: 3949 encountered, 153 discovered, 10 enqueued
[13.633s][info][gc,ref      ] GC(3) Final: 7 encountered, 2 discovered, 2 enqueued
[13.633s][info][gc,ref      ] GC(3) Phantom: 91 encountered, 84 discovered, 3 enqueued
[13.633s][info][gc,reloc    ] GC(3) Small Pages: 338 / 676M, Empty: 186M, Relocated: 24M, In-Place: 0
[13.633s][info][gc,reloc    ] GC(3) Medium Pages: 2 / 64M, Empty: 0M, Relocated: 1M, In-Place: 0
[13.633s][info][gc,reloc    ] GC(3) Large Pages: 0 / 0M, Empty: 0M, Relocated: 0M, In-Place: 0
[13.633s][info][gc,reloc    ] GC(3) Forwarding Usage: 13M
[13.633s][info][gc,heap     ] GC(3) Min Capacity: 8M(0%)
[13.633s][info][gc,heap     ] GC(3) Max Capacity: 2048M(100%)
[13.633s][info][gc,heap     ] GC(3) Soft Max Capacity: 2048M(100%)
[13.633s][info][gc,heap     ] GC(3)                Mark Start          Mark End        Relocate Start      Relocate End           High               Low         
[13.633s][info][gc,heap     ] GC(3)  Capacity:     2048M (100%)       2048M (100%)       2048M (100%)       2048M (100%)       2048M (100%)       2048M (100%)   
[13.633s][info][gc,heap     ] GC(3)      Free:     1308M (64%)        1250M (61%)        1412M (69%)        1866M (91%)        1866M (91%)        1242M (61%)    
[13.633s][info][gc,heap     ] GC(3)      Used:      740M (36%)         798M (39%)         636M (31%)         182M (9%)          806M (39%)         182M (9%)     
[13.633s][info][gc,heap     ] GC(3)      Live:         -                26M (1%)           26M (1%)           26M (1%)             -                  -          
[13.633s][info][gc,heap     ] GC(3) Allocated:         -                58M (3%)           82M (4%)          107M (5%)             -                  -          
[13.633s][info][gc,heap     ] GC(3)   Garbage:         -               713M (35%)         527M (26%)          47M (2%)             -                  -          
[13.633s][info][gc,heap     ] GC(3) Reclaimed:         -                  -               186M (9%)          665M (33%)            -                  -          
[13.633s][info][gc          ] GC(3) Garbage Collection (Warmup) 740M(36%)->182M(9%)
[16.929s][info][gc,start    ] GC(4) Garbage Collection (Allocation Rate)
[16.929s][info][gc,task     ] GC(4) Using 3 workers
[16.929s][info][gc,phases   ] GC(4) Pause Mark Start 0.017ms
[16.979s][info][gc,phases   ] GC(4) Concurrent Mark 49.951ms
[16.979s][info][gc,phases   ] GC(4) Pause Mark End 0.021ms
[16.979s][info][gc,phases   ] GC(4) Concurrent Mark Free 0.001ms
[16.988s][info][gc,phases   ] GC(4) Concurrent Process Non-Strong References 8.638ms
[16.988s][info][gc,phases   ] GC(4) Concurrent Reset Relocation Set 0.038ms
[16.995s][info][gc,phases   ] GC(4) Concurrent Select Relocation Set 6.921ms
[16.995s][info][gc,phases   ] GC(4) Pause Relocate Start 0.009ms
[16.999s][info][gc,phases   ] GC(4) Concurrent Relocate 4.003ms
[16.999s][info][gc,load     ] GC(4) Load: 0.00/0.00/0.00
[16.999s][info][gc,mmu      ] GC(4) MMU: 2ms/98.9%, 5ms/99.6%, 10ms/99.8%, 20ms/99.8%, 50ms/99.9%, 100ms/99.9%
[16.999s][info][gc,marking  ] GC(4) Mark: 2 stripe(s), 3 proactive flush(es), 1 terminate flush(es), 0 completion(s), 0 continuation(s) 
[16.999s][info][gc,marking  ] GC(4) Mark Stack Usage: 32M
[17.000s][info][gc,nmethod  ] GC(4) NMethods: 3428 registered, 774 unregistered
[17.000s][info][gc,metaspace] GC(4) Metaspace: 19M used, 19M committed, 1088M reserved
[17.000s][info][gc,ref      ] GC(4) Soft: 3480 encountered, 0 discovered, 0 enqueued
[17.000s][info][gc,ref      ] GC(4) Weak: 4035 encountered, 219 discovered, 21 enqueued
[17.000s][info][gc,ref      ] GC(4) Final: 5 encountered, 2 discovered, 0 enqueued
[17.000s][info][gc,ref      ] GC(4) Phantom: 92 encountered, 39 discovered, 7 enqueued
[17.000s][info][gc,reloc    ] GC(4) Small Pages: 693 / 1386M, Empty: 1302M, Relocated: 4M, In-Place: 0
[17.000s][info][gc,reloc    ] GC(4) Medium Pages: 1 / 32M, Empty: 0M, Relocated: 0M, In-Place: 0
[17.000s][info][gc,reloc    ] GC(4) Large Pages: 0 / 0M, Empty: 0M, Relocated: 0M, In-Place: 0
[17.000s][info][gc,reloc    ] GC(4) Forwarding Usage: 2M
[17.000s][info][gc,heap     ] GC(4) Min Capacity: 8M(0%)
[17.000s][info][gc,heap     ] GC(4) Max Capacity: 2048M(100%)
[17.000s][info][gc,heap     ] GC(4) Soft Max Capacity: 2048M(100%)
[17.000s][info][gc,heap     ] GC(4)                Mark Start          Mark End        Relocate Start      Relocate End           High               Low         
[17.000s][info][gc,heap     ] GC(4)  Capacity:     2048M (100%)       2048M (100%)       2048M (100%)       2048M (100%)       2048M (100%)       2048M (100%)   
[17.000s][info][gc,heap     ] GC(4)      Free:      630M (31%)         630M (31%)        1930M (94%)        1986M (97%)        1986M (97%)         630M (31%)    
[17.000s][info][gc,heap     ] GC(4)      Used:     1418M (69%)        1418M (69%)         118M (6%)           62M (3%)         1418M (69%)          62M (3%)     
[17.000s][info][gc,heap     ] GC(4)      Live:         -                26M (1%)           26M (1%)           26M (1%)             -                  -          
[17.000s][info][gc,heap     ] GC(4) Allocated:         -                 0M (0%)            2M (0%)            2M (0%)             -                  -          
[17.000s][info][gc,heap     ] GC(4)   Garbage:         -              1391M (68%)          89M (4%)           33M (2%)             -                  -          
[17.000s][info][gc,heap     ] GC(4) Reclaimed:         -                  -              1302M (64%)        1358M (66%)            -                  -          
[17.000s][info][gc          ] GC(4) Garbage Collection (Allocation Rate) 1418M(69%)->62M(3%)
[17.136s][info][gc,start    ] GC(5) Garbage Collection (Allocation Rate)
[17.136s][info][gc,task     ] GC(5) Using 6 workers
[17.136s][info][gc,phases   ] GC(5) Pause Mark Start 0.014ms
[17.167s][info][gc,phases   ] GC(5) Concurrent Mark 30.844ms
[17.167s][info][gc,phases   ] GC(5) Pause Mark End 0.014ms
[17.167s][info][gc,phases   ] GC(5) Concurrent Mark Free 0.001ms
[17.169s][info][gc,phases   ] GC(5) Concurrent Process Non-Strong References 2.431ms
[17.169s][info][gc,phases   ] GC(5) Concurrent Reset Relocation Set 0.003ms
[17.173s][info][gc,phases   ] GC(5) Concurrent Select Relocation Set 3.877ms
[17.173s][info][gc,phases   ] GC(5) Pause Relocate Start 0.007ms
[17.176s][info][gc,phases   ] GC(5) Concurrent Relocate 2.709ms
[17.176s][info][gc,load     ] GC(5) Load: 0.00/0.00/0.00
[17.176s][info][gc,mmu      ] GC(5) MMU: 2ms/98.9%, 5ms/99.6%, 10ms/99.8%, 20ms/99.8%, 50ms/99.9%, 100ms/99.9%
[17.176s][info][gc,marking  ] GC(5) Mark: 4 stripe(s), 2 proactive flush(es), 1 terminate flush(es), 0 completion(s), 0 continuation(s) 
[17.176s][info][gc,marking  ] GC(5) Mark Stack Usage: 32M
[17.176s][info][gc,nmethod  ] GC(5) NMethods: 3428 registered, 774 unregistered
[17.176s][info][gc,metaspace] GC(5) Metaspace: 19M used, 19M committed, 1088M reserved
[17.176s][info][gc,ref      ] GC(5) Soft: 3480 encountered, 0 discovered, 0 enqueued
[17.176s][info][gc,ref      ] GC(5) Weak: 4012 encountered, 404 discovered, 0 enqueued
[17.176s][info][gc,ref      ] GC(5) Final: 5 encountered, 5 discovered, 0 enqueued
[17.176s][info][gc,ref      ] GC(5) Phantom: 85 encountered, 65 discovered, 0 enqueued
[17.176s][info][gc,reloc    ] GC(5) Small Pages: 15 / 30M, Empty: 0M, Relocated: 1M, In-Place: 0
[17.176s][info][gc,reloc    ] GC(5) Medium Pages: 1 / 32M, Empty: 0M, Relocated: 0M, In-Place: 0
[17.177s][info][gc,reloc    ] GC(5) Large Pages: 0 / 0M, Empty: 0M, Relocated: 0M, In-Place: 0
[17.177s][info][gc,reloc    ] GC(5) Forwarding Usage: 0M
[17.177s][info][gc,heap     ] GC(5) Min Capacity: 8M(0%)
[17.177s][info][gc,heap     ] GC(5) Max Capacity: 2048M(100%)
[17.177s][info][gc,heap     ] GC(5) Soft Max Capacity: 2048M(100%)
[17.177s][info][gc,heap     ] GC(5)                Mark Start          Mark End        Relocate Start      Relocate End           High               Low         
[17.177s][info][gc,heap     ] GC(5)  Capacity:     2048M (100%)       2048M (100%)       2048M (100%)       2048M (100%)       2048M (100%)       2048M (100%)   
[17.177s][info][gc,heap     ] GC(5)      Free:     1986M (97%)        1986M (97%)        1984M (97%)        1984M (97%)        1986M (97%)        1980M (97%)    
[17.177s][info][gc,heap     ] GC(5)      Used:       62M (3%)           62M (3%)           64M (3%)           64M (3%)           68M (3%)           62M (3%)     
[17.177s][info][gc,heap     ] GC(5)      Live:         -                26M (1%)           26M (1%)           26M (1%)             -                  -          
[17.177s][info][gc,heap     ] GC(5) Allocated:         -                 0M (0%)            2M (0%)            2M (0%)             -                  -          
[17.177s][info][gc,heap     ] GC(5)   Garbage:         -                35M (2%)           35M (2%)           35M (2%)             -                  -          
[17.177s][info][gc,heap     ] GC(5) Reclaimed:         -                  -                 0M (0%)            0M (0%)             -                  -          
[17.177s][info][gc          ] GC(5) Garbage Collection (Allocation Rate) 62M(3%)->64M(3%)
[18.471s][info][gc,heap,exit] Heap
[18.471s][info][gc,heap,exit]  ZHeap           used 64M, capacity 2048M, max capacity 2048M
[18.471s][info][gc,heap,exit]  Metaspace       used 19803K, committed 20288K, reserved 1114112K
[18.471s][info][gc,heap,exit]   class space    used 3838K, committed 4032K, reserved 1048576K
