[0.015s][info][gc,init] CardTable entry size: 512
[0.016s][info][gc     ] Using G1
[0.027s][info][gc,init] Version: 20+36-2344 (release)
[0.027s][info][gc,init] CPUs: 48 total, 48 available
[0.027s][info][gc,init] Memory: 382G
[0.027s][info][gc,init] Large Page Support: Disabled
[0.027s][info][gc,init] NUMA Support: Disabled
[0.027s][info][gc,init] Compressed Oops: Enabled (Zero based)
[0.027s][info][gc,init] Heap Region Size: 16M
[0.027s][info][gc,init] Heap Min Capacity: 16M
[0.027s][info][gc,init] Heap Initial Capacity: 2G
[0.027s][info][gc,init] Heap Max Capacity: 30208M
[0.039s][info][gc,init] Pre-touch: Disabled
[0.039s][info][gc,init] Parallel Workers: 33
[0.039s][info][gc,init] Concurrent Workers: 8
[0.039s][info][gc,init] Concurrent Refinement Workers: 33
[0.039s][info][gc,init] Periodic GC: Disabled
[0.040s][info][gc,metaspace] CDS archive(s) mapped at: [0x0000000800000000-0x0000000800c60000-0x0000000800c60000), size 12976128, SharedBaseAddress: 0x0000000800000000, ArchiveRelocationMode: 0.
[0.040s][info][gc,metaspace] Compressed class space mapped at: 0x0000000801000000-0x0000000841000000, reserved size: 1073741824
[0.040s][info][gc,metaspace] Narrow klass base: 0x0000000800000000, Narrow klass shift: 0, Narrow klass range: 0x100000000
[10.433s][info][gc,start    ] GC(0) Pause Young (Concurrent Start) (Metadata GC Threshold)
[10.436s][info][gc,task     ] GC(0) Using 33 workers of 33 for evacuation
[10.457s][info][gc,phases   ] GC(0)   Pre Evacuate Collection Set: 0.3ms
[10.457s][info][gc,phases   ] GC(0)   Merge Heap Roots: 0.6ms
[10.457s][info][gc,phases   ] GC(0)   Evacuate Collection Set: 18.4ms
[10.457s][info][gc,phases   ] GC(0)   Post Evacuate Collection Set: 1.1ms
[10.457s][info][gc,phases   ] GC(0)   Other: 2.3ms
[10.457s][info][gc,heap     ] GC(0) Eden regions: 6->0(5)
[10.457s][info][gc,heap     ] GC(0) Survivor regions: 0->1(1)
[10.457s][info][gc,heap     ] GC(0) Old regions: 0->1
[10.457s][info][gc,heap     ] GC(0) Archive regions: 0->0
[10.457s][info][gc,heap     ] GC(0) Humongous regions: 0->0
[10.457s][info][gc,metaspace] GC(0) Metaspace: 21269K(21504K)->21269K(21504K) NonClass: 18550K(18688K)->18550K(18688K) Class: 2718K(2816K)->2718K(2816K)
[10.457s][info][gc          ] GC(0) Pause Young (Concurrent Start) (Metadata GC Threshold) 93M->17M(2048M) 23.380ms
[10.457s][info][gc          ] GC(1) Concurrent Mark Cycle
[10.457s][info][gc,cpu      ] GC(0) User=0.03s Sys=0.48s Real=0.02s
[10.457s][info][gc,marking  ] GC(1) Concurrent Scan Root Regions
[10.462s][info][gc,marking  ] GC(1) Concurrent Scan Root Regions 4.816ms
[10.462s][info][gc,marking  ] GC(1) Concurrent Mark
[10.462s][info][gc,marking  ] GC(1) Concurrent Mark From Roots
[10.462s][info][gc,task     ] GC(1) Using 8 workers of 8 for marking
[10.463s][info][gc,marking  ] GC(1) Concurrent Mark From Roots 0.772ms
[10.463s][info][gc,marking  ] GC(1) Concurrent Preclean
[10.463s][info][gc,marking  ] GC(1) Concurrent Preclean 0.018ms
[10.463s][info][gc,start    ] GC(1) Pause Remark
[10.465s][info][gc          ] GC(1) Pause Remark 21M->21M(160M) 2.135ms
[10.465s][info][gc,cpu      ] GC(1) User=0.00s Sys=0.00s Real=0.00s
[10.465s][info][gc,marking  ] GC(1) Concurrent Mark 3.135ms
[10.465s][info][gc,marking  ] GC(1) Concurrent Rebuild Remembered Sets and Scrub Regions
[10.467s][info][gc,marking  ] GC(1) Concurrent Rebuild Remembered Sets and Scrub Regions 1.995ms
[10.467s][info][gc,start    ] GC(1) Pause Cleanup
[10.467s][info][gc          ] GC(1) Pause Cleanup 21M->21M(160M) 0.059ms
[10.467s][info][gc,cpu      ] GC(1) User=0.00s Sys=0.00s Real=0.00s
[10.467s][info][gc,marking  ] GC(1) Concurrent Clear Claimed Marks
[10.467s][info][gc,marking  ] GC(1) Concurrent Clear Claimed Marks 0.020ms
[10.467s][info][gc,marking  ] GC(1) Concurrent Cleanup for Next Mark
[10.468s][info][gc,marking  ] GC(1) Concurrent Cleanup for Next Mark 0.771ms
[10.468s][info][gc          ] GC(1) Concurrent Mark Cycle 11.071ms
[11.459s][info][gc,start    ] GC(2) Pause Young (Prepare Mixed) (Metadata GC Threshold)
[11.459s][info][gc,task     ] GC(2) Using 18 workers of 33 for evacuation
[11.471s][info][gc,phases   ] GC(2)   Pre Evacuate Collection Set: 0.1ms
[11.471s][info][gc,phases   ] GC(2)   Merge Heap Roots: 0.2ms
[11.471s][info][gc,phases   ] GC(2)   Evacuate Collection Set: 10.3ms
[11.471s][info][gc,phases   ] GC(2)   Post Evacuate Collection Set: 1.2ms
[11.471s][info][gc,phases   ] GC(2)   Other: 0.3ms
[11.471s][info][gc,heap     ] GC(2) Eden regions: 5->0(1)
[11.471s][info][gc,heap     ] GC(2) Survivor regions: 1->1(1)
[11.471s][info][gc,heap     ] GC(2) Old regions: 1->3
[11.472s][info][gc,heap     ] GC(2) Archive regions: 0->0
[11.472s][info][gc,heap     ] GC(2) Humongous regions: 0->0
[11.472s][info][gc,metaspace] GC(2) Metaspace: 35587K(35968K)->35587K(35968K) NonClass: 31099K(31296K)->31099K(31296K) Class: 4488K(4672K)->4488K(4672K)
[11.472s][info][gc          ] GC(2) Pause Young (Prepare Mixed) (Metadata GC Threshold) 95M->24M(160M) 12.633ms
[11.472s][info][gc,cpu      ] GC(2) User=0.00s Sys=0.00s Real=0.00s
[11.509s][info][gc,start    ] GC(3) Pause Young (Mixed) (Metadata GC Threshold)
[11.509s][info][gc,task     ] GC(3) Using 10 workers of 33 for evacuation
[11.516s][info][gc,phases   ] GC(3)   Pre Evacuate Collection Set: 0.1ms
[11.516s][info][gc,phases   ] GC(3)   Merge Heap Roots: 0.1ms
[11.516s][info][gc,phases   ] GC(3)   Evacuate Collection Set: 5.7ms
[11.516s][info][gc,phases   ] GC(3)   Post Evacuate Collection Set: 0.7ms
[11.516s][info][gc,phases   ] GC(3)   Other: 0.1ms
[11.516s][info][gc,heap     ] GC(3) Eden regions: 1->0(1)
[11.516s][info][gc,heap     ] GC(3) Survivor regions: 1->1(1)
[11.516s][info][gc,heap     ] GC(3) Old regions: 3->2
[11.516s][info][gc,heap     ] GC(3) Archive regions: 0->0
[11.516s][info][gc,heap     ] GC(3) Humongous regions: 0->0
[11.516s][info][gc,metaspace] GC(3) Metaspace: 35943K(36288K)->35943K(36288K) NonClass: 31411K(31616K)->31411K(31616K) Class: 4532K(4672K)->4532K(4672K)
[11.516s][info][gc          ] GC(3) Pause Young (Mixed) (Metadata GC Threshold) 29M->25M(160M) 7.245ms
[11.516s][info][gc,cpu      ] GC(3) User=0.00s Sys=0.00s Real=0.00s
[11.537s][info][gc,start    ] GC(4) Pause Young (Concurrent Start) (Metadata GC Threshold)
[11.537s][info][gc,task     ] GC(4) Using 6 workers of 33 for evacuation
[11.543s][info][gc,phases   ] GC(4)   Pre Evacuate Collection Set: 0.2ms
[11.543s][info][gc,phases   ] GC(4)   Merge Heap Roots: 0.1ms
[11.544s][info][gc,phases   ] GC(4)   Evacuate Collection Set: 4.8ms
[11.544s][info][gc,phases   ] GC(4)   Post Evacuate Collection Set: 0.7ms
[11.544s][info][gc,phases   ] GC(4)   Other: 0.1ms
[11.544s][info][gc,heap     ] GC(4) Eden regions: 1->0(4)
[11.544s][info][gc,heap     ] GC(4) Survivor regions: 1->1(1)
[11.544s][info][gc,heap     ] GC(4) Old regions: 2->2
[11.544s][info][gc,heap     ] GC(4) Archive regions: 0->0
[11.544s][info][gc,heap     ] GC(4) Humongous regions: 0->0
[11.544s][info][gc,metaspace] GC(4) Metaspace: 36263K(36608K)->36263K(36608K) NonClass: 31688K(31872K)->31688K(31872K) Class: 4575K(4736K)->4575K(4736K)
[11.544s][info][gc          ] GC(4) Pause Young (Concurrent Start) (Metadata GC Threshold) 26M->25M(160M) 6.487ms
[11.544s][info][gc          ] GC(5) Concurrent Mark Cycle
[11.544s][info][gc,cpu      ] GC(4) User=0.00s Sys=0.00s Real=0.00s
[11.544s][info][gc,marking  ] GC(5) Concurrent Scan Root Regions
[11.555s][info][gc,marking  ] GC(5) Concurrent Scan Root Regions 10.642ms
[11.555s][info][gc,marking  ] GC(5) Concurrent Mark
[11.555s][info][gc,marking  ] GC(5) Concurrent Mark From Roots
[11.555s][info][gc,task     ] GC(5) Using 8 workers of 8 for marking
[11.563s][info][gc,marking  ] GC(5) Concurrent Mark From Roots 8.732ms
[11.563s][info][gc,marking  ] GC(5) Concurrent Preclean
[11.564s][info][gc,marking  ] GC(5) Concurrent Preclean 0.099ms
[11.564s][info][gc,start    ] GC(5) Pause Remark
[11.569s][info][gc          ] GC(5) Pause Remark 25M->25M(160M) 4.878ms
[11.569s][info][gc,cpu      ] GC(5) User=0.09s Sys=0.00s Real=0.02s
[11.569s][info][gc,marking  ] GC(5) Concurrent Mark 14.073ms
[11.569s][info][gc,marking  ] GC(5) Concurrent Rebuild Remembered Sets and Scrub Regions
[11.572s][info][gc,marking  ] GC(5) Concurrent Rebuild Remembered Sets and Scrub Regions 3.281ms
[11.572s][info][gc,start    ] GC(5) Pause Cleanup
[11.572s][info][gc          ] GC(5) Pause Cleanup 25M->25M(160M) 0.110ms
[11.572s][info][gc,cpu      ] GC(5) User=0.00s Sys=0.00s Real=0.00s
[11.572s][info][gc,marking  ] GC(5) Concurrent Clear Claimed Marks
[11.573s][info][gc,marking  ] GC(5) Concurrent Clear Claimed Marks 0.049ms
[11.573s][info][gc,marking  ] GC(5) Concurrent Cleanup for Next Mark
[11.573s][info][gc,marking  ] GC(5) Concurrent Cleanup for Next Mark 0.211ms
[11.573s][info][gc          ] GC(5) Concurrent Mark Cycle 28.969ms
[12.815s][info][gc,start    ] GC(6) Pause Young (Normal) (G1 Evacuation Pause)
[12.815s][info][gc,task     ] GC(6) Using 4 workers of 33 for evacuation
[12.827s][info][gc,phases   ] GC(6)   Pre Evacuate Collection Set: 0.1ms
[12.827s][info][gc,phases   ] GC(6)   Merge Heap Roots: 0.2ms
[12.827s][info][gc,phases   ] GC(6)   Evacuate Collection Set: 10.4ms
[12.827s][info][gc,phases   ] GC(6)   Post Evacuate Collection Set: 0.7ms
[12.827s][info][gc,phases   ] GC(6)   Other: 0.1ms
[12.827s][info][gc,heap     ] GC(6) Eden regions: 4->0(5)
[12.827s][info][gc,heap     ] GC(6) Survivor regions: 1->1(1)
[12.827s][info][gc,heap     ] GC(6) Old regions: 2->2
[12.827s][info][gc,heap     ] GC(6) Archive regions: 0->0
[12.827s][info][gc,heap     ] GC(6) Humongous regions: 0->0
[12.827s][info][gc,metaspace] GC(6) Metaspace: 42272K(42624K)->42272K(42624K) NonClass: 36975K(37184K)->36975K(37184K) Class: 5296K(5440K)->5296K(5440K)
[12.827s][info][gc          ] GC(6) Pause Young (Normal) (G1 Evacuation Pause) 89M->26M(160M) 12.110ms
[12.827s][info][gc,cpu      ] GC(6) User=0.00s Sys=0.02s Real=0.01s
[14.868s][info][gc,start    ] GC(7) Pause Young (Normal) (G1 Evacuation Pause)
[14.868s][info][gc,task     ] GC(7) Using 3 workers of 33 for evacuation
[14.882s][info][gc,phases   ] GC(7)   Pre Evacuate Collection Set: 0.1ms
[14.882s][info][gc,phases   ] GC(7)   Merge Heap Roots: 0.1ms
[14.882s][info][gc,phases   ] GC(7)   Evacuate Collection Set: 12.6ms
[14.882s][info][gc,phases   ] GC(7)   Post Evacuate Collection Set: 0.8ms
[14.882s][info][gc,phases   ] GC(7)   Other: 0.1ms
[14.882s][info][gc,heap     ] GC(7) Eden regions: 5->0(5)
[14.882s][info][gc,heap     ] GC(7) Survivor regions: 1->1(1)
[14.882s][info][gc,heap     ] GC(7) Old regions: 2->2
[14.882s][info][gc,heap     ] GC(7) Archive regions: 0->0
[14.882s][info][gc,heap     ] GC(7) Humongous regions: 0->0
[14.882s][info][gc,metaspace] GC(7) Metaspace: 42272K(42624K)->42272K(42624K) NonClass: 36976K(37184K)->36976K(37184K) Class: 5296K(5440K)->5296K(5440K)
[14.882s][info][gc          ] GC(7) Pause Young (Normal) (G1 Evacuation Pause) 106M->26M(160M) 14.213ms
[14.882s][info][gc,cpu      ] GC(7) User=0.05s Sys=0.00s Real=0.01s
[66.200s][info][gc,start    ] GC(8) Pause Young (Normal) (G1 Evacuation Pause)
[66.200s][info][gc,task     ] GC(8) Using 3 workers of 33 for evacuation
[66.213s][info][gc,phases   ] GC(8)   Pre Evacuate Collection Set: 0.1ms
[66.214s][info][gc,phases   ] GC(8)   Merge Heap Roots: 0.1ms
[66.214s][info][gc,phases   ] GC(8)   Evacuate Collection Set: 11.9ms
[66.214s][info][gc,phases   ] GC(8)   Post Evacuate Collection Set: 0.8ms
[66.214s][info][gc,phases   ] GC(8)   Other: 0.1ms
[66.214s][info][gc,heap     ] GC(8) Eden regions: 5->0(5)
[66.214s][info][gc,heap     ] GC(8) Survivor regions: 1->1(1)
[66.214s][info][gc,heap     ] GC(8) Old regions: 2->2
[66.214s][info][gc,heap     ] GC(8) Archive regions: 0->0
[66.214s][info][gc,heap     ] GC(8) Humongous regions: 0->0
[66.214s][info][gc,metaspace] GC(8) Metaspace: 42732K(43136K)->42732K(43136K) NonClass: 37369K(37632K)->37369K(37632K) Class: 5362K(5504K)->5362K(5504K)
[66.214s][info][gc          ] GC(8) Pause Young (Normal) (G1 Evacuation Pause) 106M->26M(160M) 13.604ms
[66.214s][info][gc,cpu      ] GC(8) User=0.05s Sys=0.00s Real=0.02s
[94.068s][info][gc,start    ] GC(9) Pause Young (Normal) (G1 Evacuation Pause)
[94.068s][info][gc,task     ] GC(9) Using 3 workers of 33 for evacuation
[94.088s][info][gc,phases   ] GC(9)   Pre Evacuate Collection Set: 0.1ms
[94.088s][info][gc,phases   ] GC(9)   Merge Heap Roots: 0.1ms
[94.088s][info][gc,phases   ] GC(9)   Evacuate Collection Set: 19.2ms
[94.088s][info][gc,phases   ] GC(9)   Post Evacuate Collection Set: 0.8ms
[94.088s][info][gc,phases   ] GC(9)   Other: 0.1ms
[94.088s][info][gc,heap     ] GC(9) Eden regions: 5->0(5)
[94.089s][info][gc,heap     ] GC(9) Survivor regions: 1->1(1)
[94.089s][info][gc,heap     ] GC(9) Old regions: 2->2
[94.089s][info][gc,heap     ] GC(9) Archive regions: 0->0
[94.089s][info][gc,heap     ] GC(9) Humongous regions: 0->0
[94.089s][info][gc,metaspace] GC(9) Metaspace: 59783K(60288K)->59783K(60288K) NonClass: 52446K(52736K)->52446K(52736K) Class: 7336K(7552K)->7336K(7552K)
[94.089s][info][gc          ] GC(9) Pause Young (Normal) (G1 Evacuation Pause) 106M->31M(160M) 20.916ms
[94.089s][info][gc,cpu      ] GC(9) User=0.06s Sys=0.00s Real=0.01s
[94.174s][info][gc,start    ] GC(10) Pause Young (Concurrent Start) (Metadata GC Threshold)
[94.174s][info][gc,task     ] GC(10) Using 3 workers of 33 for evacuation
[94.194s][info][gc,phases   ] GC(10)   Pre Evacuate Collection Set: 0.2ms
[94.194s][info][gc,phases   ] GC(10)   Merge Heap Roots: 0.1ms
[94.194s][info][gc,phases   ] GC(10)   Evacuate Collection Set: 19.2ms
[94.194s][info][gc,phases   ] GC(10)   Post Evacuate Collection Set: 0.6ms
[94.195s][info][gc,phases   ] GC(10)   Other: 0.2ms
[94.195s][info][gc,heap     ] GC(10) Eden regions: 1->0(5)
[94.195s][info][gc,heap     ] GC(10) Survivor regions: 1->1(1)
[94.195s][info][gc,heap     ] GC(10) Old regions: 2->2
[94.195s][info][gc,heap     ] GC(10) Archive regions: 0->0
[94.195s][info][gc,heap     ] GC(10) Humongous regions: 0->0
[94.195s][info][gc,metaspace] GC(10) Metaspace: 60893K(61376K)->60893K(61376K) NonClass: 53437K(53696K)->53437K(53696K) Class: 7456K(7680K)->7456K(7680K)
[94.195s][info][gc          ] GC(10) Pause Young (Concurrent Start) (Metadata GC Threshold) 37M->32M(160M) 20.870ms
[94.195s][info][gc          ] GC(11) Concurrent Mark Cycle
[94.195s][info][gc,cpu      ] GC(10) User=0.05s Sys=0.00s Real=0.02s
[94.195s][info][gc,marking  ] GC(11) Concurrent Scan Root Regions
[94.204s][info][gc,marking  ] GC(11) Concurrent Scan Root Regions 9.316ms
[94.204s][info][gc,marking  ] GC(11) Concurrent Mark
[94.204s][info][gc,marking  ] GC(11) Concurrent Mark From Roots
[94.204s][info][gc,task     ] GC(11) Using 8 workers of 8 for marking
[94.216s][info][gc,marking  ] GC(11) Concurrent Mark From Roots 11.957ms
[94.216s][info][gc,marking  ] GC(11) Concurrent Preclean
[94.216s][info][gc,marking  ] GC(11) Concurrent Preclean 0.100ms
[94.217s][info][gc,start    ] GC(11) Pause Remark
[94.224s][info][gc          ] GC(11) Pause Remark 34M->34M(160M) 7.141ms
[94.224s][info][gc,cpu      ] GC(11) User=0.05s Sys=0.00s Real=0.01s
[94.224s][info][gc,marking  ] GC(11) Concurrent Mark 19.702ms
[94.224s][info][gc,marking  ] GC(11) Concurrent Rebuild Remembered Sets and Scrub Regions
[94.234s][info][gc,marking  ] GC(11) Concurrent Rebuild Remembered Sets and Scrub Regions 9.821ms
[94.234s][info][gc,start    ] GC(11) Pause Cleanup
[94.234s][info][gc          ] GC(11) Pause Cleanup 34M->34M(160M) 0.086ms
[94.234s][info][gc,cpu      ] GC(11) User=0.00s Sys=0.00s Real=0.00s
[94.234s][info][gc,marking  ] GC(11) Concurrent Clear Claimed Marks
[94.234s][info][gc,marking  ] GC(11) Concurrent Clear Claimed Marks 0.058ms
[94.235s][info][gc,marking  ] GC(11) Concurrent Cleanup for Next Mark
[94.235s][info][gc,marking  ] GC(11) Concurrent Cleanup for Next Mark 0.232ms
[94.235s][info][gc          ] GC(11) Concurrent Mark Cycle 39.983ms
[95.473s][info][gc,start    ] GC(12) Pause Young (Normal) (G1 Evacuation Pause)
[95.473s][info][gc,task     ] GC(12) Using 3 workers of 33 for evacuation
[95.492s][info][gc,phases   ] GC(12)   Pre Evacuate Collection Set: 0.1ms
[95.492s][info][gc,phases   ] GC(12)   Merge Heap Roots: 0.2ms
[95.492s][info][gc,phases   ] GC(12)   Evacuate Collection Set: 16.8ms
[95.492s][info][gc,phases   ] GC(12)   Post Evacuate Collection Set: 1.2ms
[95.492s][info][gc,phases   ] GC(12)   Other: 0.1ms
[95.492s][info][gc,heap     ] GC(12) Eden regions: 5->0(5)
[95.492s][info][gc,heap     ] GC(12) Survivor regions: 1->1(1)
[95.492s][info][gc,heap     ] GC(12) Old regions: 2->2
[95.492s][info][gc,heap     ] GC(12) Archive regions: 0->0
[95.492s][info][gc,heap     ] GC(12) Humongous regions: 0->0
[95.492s][info][gc,metaspace] GC(12) Metaspace: 82748K(83328K)->82748K(83328K) NonClass: 72492K(72832K)->72492K(72832K) Class: 10255K(10496K)->10255K(10496K)
[95.492s][info][gc          ] GC(12) Pause Young (Normal) (G1 Evacuation Pause) 112M->37M(160M) 19.057ms
[95.492s][info][gc,cpu      ] GC(12) User=0.11s Sys=0.00s Real=0.03s
[95.582s][info][gc,start    ] GC(13) Pause Full (System.gc())
[95.582s][info][gc,task     ] GC(13) Using 1 workers of 33 for full compaction
[95.582s][info][gc,phases,start] GC(13) Phase 1: Mark live objects
[95.647s][info][gc,phases      ] GC(13) Phase 1: Mark live objects 64.392ms
[95.647s][info][gc,phases,start] GC(13) Phase 2: Prepare compaction
[95.664s][info][gc,phases      ] GC(13) Phase 2: Prepare compaction 16.705ms
[95.664s][info][gc,phases,start] GC(13) Phase 3: Adjust pointers
[95.699s][info][gc,phases      ] GC(13) Phase 3: Adjust pointers 35.034ms
[95.708s][info][gc,phases,start] GC(13) Phase 4: Compact heap
[95.730s][info][gc,phases      ] GC(13) Phase 4: Compact heap 21.843ms
[95.738s][info][gc,heap        ] GC(13) Eden regions: 1->0(5)
[95.738s][info][gc,heap        ] GC(13) Survivor regions: 1->0(1)
[95.739s][info][gc,heap        ] GC(13) Old regions: 2->3
[95.739s][info][gc,heap        ] GC(13) Archive regions: 0->0
[95.739s][info][gc,heap        ] GC(13) Humongous regions: 0->0
[95.739s][info][gc,metaspace   ] GC(13) Metaspace: 84479K(85056K)->84479K(85056K) NonClass: 73995K(74304K)->73995K(74304K) Class: 10483K(10752K)->10483K(10752K)
[95.739s][info][gc             ] GC(13) Pause Full (System.gc()) 44M->35M(160M) 156.590ms
[95.739s][info][gc,cpu         ] GC(13) User=0.16s Sys=0.02s Real=0.16s
[96.915s][info][gc,start       ] GC(14) Pause Young (Normal) (G1 Evacuation Pause)
[96.915s][info][gc,task        ] GC(14) Using 3 workers of 33 for evacuation
[96.934s][info][gc,phases      ] GC(14)   Pre Evacuate Collection Set: 0.1ms
[96.934s][info][gc,phases      ] GC(14)   Merge Heap Roots: 0.2ms
[96.934s][info][gc,phases      ] GC(14)   Evacuate Collection Set: 11.5ms
[96.934s][info][gc,phases      ] GC(14)   Post Evacuate Collection Set: 7.4ms
[96.935s][info][gc,phases      ] GC(14)   Other: 0.1ms
[96.935s][info][gc,heap        ] GC(14) Eden regions: 5->0(40)
[96.935s][info][gc,heap        ] GC(14) Survivor regions: 0->1(1)
[96.935s][info][gc,heap        ] GC(14) Old regions: 3->3
[96.935s][info][gc,heap        ] GC(14) Archive regions: 0->0
[96.935s][info][gc,heap        ] GC(14) Humongous regions: 0->0
[96.935s][info][gc,metaspace   ] GC(14) Metaspace: 98271K(99072K)->98271K(99072K) NonClass: 85778K(86208K)->85778K(86208K) Class: 12492K(12864K)->12492K(12864K)
[96.935s][info][gc             ] GC(14) Pause Young (Normal) (G1 Evacuation Pause) 115M->42M(1104M) 19.759ms
[96.935s][info][gc,cpu         ] GC(14) User=0.05s Sys=0.00s Real=0.01s
[100.095s][info][gc,start       ] GC(15) Pause Young (Normal) (G1 Evacuation Pause)
[100.095s][info][gc,task        ] GC(15) Using 26 workers of 33 for evacuation
[100.118s][info][gc,phases      ] GC(15)   Pre Evacuate Collection Set: 0.1ms
[100.118s][info][gc,phases      ] GC(15)   Merge Heap Roots: 0.1ms
[100.118s][info][gc,phases      ] GC(15)   Evacuate Collection Set: 21.2ms
[100.118s][info][gc,phases      ] GC(15)   Post Evacuate Collection Set: 1.2ms
[100.118s][info][gc,phases      ] GC(15)   Other: 0.1ms
[100.118s][info][gc,heap        ] GC(15) Eden regions: 40->0(38)
[100.118s][info][gc,heap        ] GC(15) Survivor regions: 1->3(6)
[100.118s][info][gc,heap        ] GC(15) Old regions: 3->3
[100.118s][info][gc,heap        ] GC(15) Archive regions: 0->0
[100.118s][info][gc,heap        ] GC(15) Humongous regions: 0->0
[100.118s][info][gc,metaspace   ] GC(15) Metaspace: 120713K(127744K)->120713K(127744K) NonClass: 102715K(106624K)->102715K(106624K) Class: 17998K(21120K)->17998K(21120K)
[100.118s][info][gc             ] GC(15) Pause Young (Normal) (G1 Evacuation Pause) 682M->73M(1104M) 23.077ms
[100.118s][info][gc,cpu         ] GC(15) User=0.06s Sys=0.34s Real=0.01s
[100.196s][info][gc,start       ] GC(16) Pause Young (Normal) (G1 Evacuation Pause)
[100.196s][info][gc,task        ] GC(16) Using 26 workers of 33 for evacuation
[100.224s][info][gc,phases      ] GC(16)   Pre Evacuate Collection Set: 0.1ms
[100.224s][info][gc,phases      ] GC(16)   Merge Heap Roots: 0.1ms
[100.224s][info][gc,phases      ] GC(16)   Evacuate Collection Set: 26.4ms
[100.224s][info][gc,phases      ] GC(16)   Post Evacuate Collection Set: 1.0ms
[100.224s][info][gc,phases      ] GC(16)   Other: 0.1ms
[100.224s][info][gc,heap        ] GC(16) Eden regions: 38->0(37)
[100.224s][info][gc,heap        ] GC(16) Survivor regions: 3->4(6)
[100.224s][info][gc,heap        ] GC(16) Old regions: 3->3
[100.224s][info][gc,heap        ] GC(16) Archive regions: 0->0
[100.224s][info][gc,heap        ] GC(16) Humongous regions: 0->0
[100.224s][info][gc,metaspace   ] GC(16) Metaspace: 120716K(127744K)->120716K(127744K) NonClass: 102718K(106624K)->102718K(106624K) Class: 17998K(21120K)->17998K(21120K)
[100.224s][info][gc             ] GC(16) Pause Young (Normal) (G1 Evacuation Pause) 681M->95M(1104M) 27.987ms
[100.224s][info][gc,cpu         ] GC(16) User=0.11s Sys=0.34s Real=0.03s
[100.288s][info][gc,start       ] GC(17) Pause Young (Normal) (G1 Evacuation Pause)
[100.288s][info][gc,task        ] GC(17) Using 26 workers of 33 for evacuation
[100.308s][info][gc,phases      ] GC(17)   Pre Evacuate Collection Set: 0.1ms
[100.308s][info][gc,phases      ] GC(17)   Merge Heap Roots: 0.1ms
[100.308s][info][gc,phases      ] GC(17)   Evacuate Collection Set: 18.9ms
[100.308s][info][gc,phases      ] GC(17)   Post Evacuate Collection Set: 0.7ms
[100.308s][info][gc,phases      ] GC(17)   Other: 0.1ms
[100.308s][info][gc,heap        ] GC(17) Eden regions: 37->0(36)
[100.308s][info][gc,heap        ] GC(17) Survivor regions: 4->5(6)
[100.308s][info][gc,heap        ] GC(17) Old regions: 3->5
[100.308s][info][gc,heap        ] GC(17) Archive regions: 0->0
[100.308s][info][gc,heap        ] GC(17) Humongous regions: 0->0
[100.308s][info][gc,metaspace   ] GC(17) Metaspace: 120732K(127808K)->120732K(127808K) NonClass: 102734K(106688K)->102734K(106688K) Class: 17998K(21120K)->17998K(21120K)
[100.308s][info][gc             ] GC(17) Pause Young (Normal) (G1 Evacuation Pause) 687M->132M(1104M) 20.125ms
[100.308s][info][gc,cpu         ] GC(17) User=0.19s Sys=0.23s Real=0.02s
[100.364s][info][gc,start       ] GC(18) Pause Young (Normal) (G1 Evacuation Pause)
[100.364s][info][gc,task        ] GC(18) Using 26 workers of 33 for evacuation
[100.372s][info][gc,phases      ] GC(18)   Pre Evacuate Collection Set: 0.1ms
[100.372s][info][gc,phases      ] GC(18)   Merge Heap Roots: 0.2ms
[100.372s][info][gc,phases      ] GC(18)   Evacuate Collection Set: 7.2ms
[100.372s][info][gc,phases      ] GC(18)   Post Evacuate Collection Set: 0.5ms
[100.372s][info][gc,phases      ] GC(18)   Other: 0.1ms
[100.372s][info][gc,heap        ] GC(18) Eden regions: 36->0(39)
[100.372s][info][gc,heap        ] GC(18) Survivor regions: 5->2(6)
[100.372s][info][gc,heap        ] GC(18) Old regions: 5->8
[100.372s][info][gc,heap        ] GC(18) Archive regions: 0->0
[100.372s][info][gc,heap        ] GC(18) Humongous regions: 0->0
[100.372s][info][gc,metaspace   ] GC(18) Metaspace: 120738K(127808K)->120738K(127808K) NonClass: 102740K(106688K)->102740K(106688K) Class: 17998K(21120K)->17998K(21120K)
[100.372s][info][gc             ] GC(18) Pause Young (Normal) (G1 Evacuation Pause) 708M->137M(1104M) 8.312ms
[100.372s][info][gc,cpu         ] GC(18) User=0.02s Sys=0.00s Real=0.02s
[100.429s][info][gc,start       ] GC(19) Pause Young (Normal) (G1 Evacuation Pause)
[100.429s][info][gc,task        ] GC(19) Using 26 workers of 33 for evacuation
[100.440s][info][gc,phases      ] GC(19)   Pre Evacuate Collection Set: 0.1ms
[100.440s][info][gc,phases      ] GC(19)   Merge Heap Roots: 0.1ms
[100.440s][info][gc,phases      ] GC(19)   Evacuate Collection Set: 5.7ms
[100.440s][info][gc,phases      ] GC(19)   Post Evacuate Collection Set: 4.6ms
[100.440s][info][gc,phases      ] GC(19)   Other: 0.1ms
[100.440s][info][gc,heap        ] GC(19) Eden regions: 39->0(87)
[100.440s][info][gc,heap        ] GC(19) Survivor regions: 2->5(6)
[100.440s][info][gc,heap        ] GC(19) Old regions: 8->8
[100.440s][info][gc,heap        ] GC(19) Archive regions: 0->0
[100.440s][info][gc,heap        ] GC(19) Humongous regions: 0->0
[100.440s][info][gc,metaspace   ] GC(19) Metaspace: 120738K(127808K)->120738K(127808K) NonClass: 102740K(106688K)->102740K(106688K) Class: 17998K(21120K)->17998K(21120K)
[100.440s][info][gc             ] GC(19) Pause Young (Normal) (G1 Evacuation Pause) 761M->180M(2464M) 10.905ms
[100.440s][info][gc,cpu         ] GC(19) User=0.06s Sys=0.00s Real=0.02s
[101.092s][info][gc,start       ] GC(20) Pause Young (Normal) (G1 Evacuation Pause)
[101.092s][info][gc,task        ] GC(20) Using 33 workers of 33 for evacuation
[101.111s][info][gc,phases      ] GC(20)   Pre Evacuate Collection Set: 0.2ms
[101.111s][info][gc,phases      ] GC(20)   Merge Heap Roots: 0.2ms
[101.111s][info][gc,phases      ] GC(20)   Evacuate Collection Set: 15.4ms
[101.111s][info][gc,phases      ] GC(20)   Post Evacuate Collection Set: 1.5ms
[101.111s][info][gc,phases      ] GC(20)   Other: 1.3ms
[101.111s][info][gc,heap        ] GC(20) Eden regions: 87->0(82)
[101.111s][info][gc,heap        ] GC(20) Survivor regions: 5->10(12)
[101.111s][info][gc,heap        ] GC(20) Old regions: 8->8
[101.111s][info][gc,heap        ] GC(20) Archive regions: 0->0
[101.111s][info][gc,heap        ] GC(20) Humongous regions: 0->0
[101.111s][info][gc,metaspace   ] GC(20) Metaspace: 120742K(127808K)->120742K(127808K) NonClass: 102744K(106688K)->102744K(106688K) Class: 17998K(21120K)->17998K(21120K)
[101.111s][info][gc             ] GC(20) Pause Young (Normal) (G1 Evacuation Pause) 1572M->266M(2464M) 18.811ms
[101.111s][info][gc,cpu         ] GC(20) User=0.50s Sys=0.00s Real=0.02s
[101.221s][info][gc,start       ] GC(21) Pause Young (Normal) (G1 Evacuation Pause)
[101.221s][info][gc,task        ] GC(21) Using 33 workers of 33 for evacuation
[101.302s][info][gc,phases      ] GC(21)   Pre Evacuate Collection Set: 0.2ms
[101.302s][info][gc,phases      ] GC(21)   Merge Heap Roots: 0.2ms
[101.302s][info][gc,phases      ] GC(21)   Evacuate Collection Set: 79.8ms
[101.302s][info][gc,phases      ] GC(21)   Post Evacuate Collection Set: 0.5ms
[101.302s][info][gc,phases      ] GC(21)   Other: 0.1ms
[101.302s][info][gc,heap        ] GC(21) Eden regions: 82->0(86)
[101.302s][info][gc,heap        ] GC(21) Survivor regions: 10->6(12)
[101.302s][info][gc,heap        ] GC(21) Old regions: 8->16
[101.302s][info][gc,heap        ] GC(21) Archive regions: 0->0
[101.302s][info][gc,heap        ] GC(21) Humongous regions: 0->0
[101.302s][info][gc,metaspace   ] GC(21) Metaspace: 120742K(127808K)->120742K(127808K) NonClass: 102744K(106688K)->102744K(106688K) Class: 17998K(21120K)->17998K(21120K)
[101.302s][info][gc             ] GC(21) Pause Young (Normal) (G1 Evacuation Pause) 1578M->328M(2464M) 81.081ms
[101.302s][info][gc,cpu         ] GC(21) User=0.13s Sys=2.30s Real=0.08s
[101.406s][info][gc,start       ] GC(22) Pause Young (Normal) (G1 Evacuation Pause)
[101.406s][info][gc,task        ] GC(22) Using 33 workers of 33 for evacuation
[101.462s][info][gc,phases      ] GC(22)   Pre Evacuate Collection Set: 0.1ms
[101.462s][info][gc,phases      ] GC(22)   Merge Heap Roots: 0.2ms
[101.462s][info][gc,phases      ] GC(22)   Evacuate Collection Set: 54.9ms
[101.462s][info][gc,phases      ] GC(22)   Post Evacuate Collection Set: 0.6ms
[101.462s][info][gc,phases      ] GC(22)   Other: 0.1ms
[101.462s][info][gc,heap        ] GC(22) Eden regions: 86->0(80)
[101.462s][info][gc,heap        ] GC(22) Survivor regions: 6->12(12)
[101.462s][info][gc,heap        ] GC(22) Old regions: 16->26
[101.462s][info][gc,heap        ] GC(22) Archive regions: 0->0
[101.462s][info][gc,heap        ] GC(22) Humongous regions: 0->0
[101.462s][info][gc,metaspace   ] GC(22) Metaspace: 120745K(127808K)->120745K(127808K) NonClass: 102747K(106688K)->102747K(106688K) Class: 17998K(21120K)->17998K(21120K)
[101.462s][info][gc             ] GC(22) Pause Young (Normal) (G1 Evacuation Pause) 1704M->591M(2464M) 56.133ms
[101.462s][info][gc,cpu         ] GC(22) User=0.52s Sys=0.64s Real=0.06s
[101.576s][info][gc,start       ] GC(23) Pause Young (Normal) (G1 Evacuation Pause)
[101.576s][info][gc,task        ] GC(23) Using 33 workers of 33 for evacuation
[101.625s][info][gc,phases      ] GC(23)   Pre Evacuate Collection Set: 0.2ms
[101.660s][info][gc,phases      ] GC(23)   Merge Heap Roots: 0.2ms
[101.735s][info][gc,phases      ] GC(23)   Evacuate Collection Set: 36.2ms
[101.735s][info][gc,phases      ] GC(23)   Post Evacuate Collection Set: 12.7ms
[101.735s][info][gc,phases      ] GC(23)   Other: 0.1ms
[101.735s][info][gc,heap        ] GC(23) Eden regions: 80->0(240)
[101.735s][info][gc,heap        ] GC(23) Survivor regions: 12->12(12)
[101.735s][info][gc,heap        ] GC(23) Old regions: 26->40
[101.735s][info][gc,heap        ] GC(23) Archive regions: 0->0
[101.735s][info][gc,heap        ] GC(23) Humongous regions: 0->0
[101.735s][info][gc,metaspace   ] GC(23) Metaspace: 120839K(127872K)->120839K(127872K) NonClass: 102814K(106752K)->102814K(106752K) Class: 18025K(21120K)->18025K(21120K)
[101.736s][info][gc             ] GC(23) Pause Young (Normal) (G1 Evacuation Pause) 1871M->815M(6720M) 159.610ms
[101.736s][info][gc,cpu         ] GC(23) User=1.02s Sys=0.03s Real=0.16s
[103.859s][info][gc,start       ] GC(24) Pause Young (Normal) (G1 Evacuation Pause)
[103.859s][info][gc,task        ] GC(24) Using 33 workers of 33 for evacuation
[104.096s][info][gc,mmu         ] GC(24) MMU target violated: 201.0ms (200.0ms/201.0ms)
[104.096s][info][gc,phases      ] GC(24)   Pre Evacuate Collection Set: 0.2ms
[104.096s][info][gc,phases      ] GC(24)   Merge Heap Roots: 0.2ms
[104.096s][info][gc,phases      ] GC(24)   Evacuate Collection Set: 235.6ms
[104.096s][info][gc,phases      ] GC(24)   Post Evacuate Collection Set: 0.8ms
[104.096s][info][gc,phases      ] GC(24)   Other: 0.2ms
[104.096s][info][gc,heap        ] GC(24) Eden regions: 240->0(78)
[104.096s][info][gc,heap        ] GC(24) Survivor regions: 12->31(32)
[104.096s][info][gc,heap        ] GC(24) Old regions: 40->40
[104.096s][info][gc,heap        ] GC(24) Archive regions: 0->0
[104.096s][info][gc,heap        ] GC(24) Humongous regions: 0->0
[104.097s][info][gc,metaspace   ] GC(24) Metaspace: 120871K(127936K)->120871K(127936K) NonClass: 102846K(106816K)->102846K(106816K) Class: 18025K(21120K)->18025K(21120K)
[104.097s][info][gc             ] GC(24) Pause Young (Normal) (G1 Evacuation Pause) 4655M->1111M(6720M) 237.257ms
[104.097s][info][gc,cpu         ] GC(24) User=0.11s Sys=7.13s Real=0.23s
[104.185s][info][gc,start       ] GC(25) Pause Young (Normal) (G1 Evacuation Pause)
[104.185s][info][gc,task        ] GC(25) Using 33 workers of 33 for evacuation
[104.229s][info][gc,phases      ] GC(25)   Pre Evacuate Collection Set: 0.2ms
[104.229s][info][gc,phases      ] GC(25)   Merge Heap Roots: 0.2ms
[104.229s][info][gc,phases      ] GC(25)   Evacuate Collection Set: 42.6ms
[104.229s][info][gc,phases      ] GC(25)   Post Evacuate Collection Set: 0.6ms
[104.229s][info][gc,phases      ] GC(25)   Other: 0.1ms
[104.229s][info][gc,heap        ] GC(25) Eden regions: 78->0(251)
[104.229s][info][gc,heap        ] GC(25) Survivor regions: 31->1(14)
[104.229s][info][gc,heap        ] GC(25) Old regions: 40->71
[104.229s][info][gc,heap        ] GC(25) Archive regions: 0->0
[104.229s][info][gc,heap        ] GC(25) Humongous regions: 0->0
[104.229s][info][gc,metaspace   ] GC(25) Metaspace: 120874K(127936K)->120874K(127936K) NonClass: 102848K(106816K)->102848K(106816K) Class: 18025K(21120K)->18025K(21120K)
[104.229s][info][gc             ] GC(25) Pause Young (Normal) (G1 Evacuation Pause) 2359M->1122M(6720M) 43.898ms
[104.229s][info][gc,cpu         ] GC(25) User=1.03s Sys=0.00s Real=0.03s
[104.553s][info][gc,start       ] GC(26) Pause Young (Normal) (G1 Evacuation Pause)
[104.553s][info][gc,task        ] GC(26) Using 33 workers of 33 for evacuation
[104.599s][info][gc,phases      ] GC(26)   Pre Evacuate Collection Set: 0.2ms
[104.599s][info][gc,phases      ] GC(26)   Merge Heap Roots: 0.2ms
[104.599s][info][gc,phases      ] GC(26)   Evacuate Collection Set: 44.5ms
[104.599s][info][gc,phases      ] GC(26)   Post Evacuate Collection Set: 0.7ms
[104.599s][info][gc,phases      ] GC(26)   Other: 0.1ms
[104.599s][info][gc,heap        ] GC(26) Eden regions: 251->0(52)
[104.599s][info][gc,heap        ] GC(26) Survivor regions: 1->32(32)
[104.599s][info][gc,heap        ] GC(26) Old regions: 71->71
[104.599s][info][gc,heap        ] GC(26) Archive regions: 0->0
[104.599s][info][gc,heap        ] GC(26) Humongous regions: 0->0
[104.599s][info][gc,metaspace   ] GC(26) Metaspace: 120896K(127936K)->120896K(127936K) NonClass: 102868K(106816K)->102868K(106816K) Class: 18028K(21120K)->18028K(21120K)
[104.599s][info][gc             ] GC(26) Pause Young (Normal) (G1 Evacuation Pause) 5138M->1623M(6720M) 46.028ms
[104.599s][info][gc,cpu         ] GC(26) User=1.03s Sys=0.00s Real=0.05s
[104.657s][info][gc,start       ] GC(27) Pause Young (Normal) (G1 Evacuation Pause)
[104.657s][info][gc,task        ] GC(27) Using 33 workers of 33 for evacuation
[104.723s][info][gc,phases      ] GC(27)   Pre Evacuate Collection Set: 0.2ms
[104.723s][info][gc,phases      ] GC(27)   Merge Heap Roots: 0.2ms
[104.723s][info][gc,phases      ] GC(27)   Evacuate Collection Set: 44.2ms
[104.723s][info][gc,phases      ] GC(27)   Post Evacuate Collection Set: 21.6ms
[104.723s][info][gc,phases      ] GC(27)   Other: 0.1ms
[104.723s][info][gc,heap        ] GC(27) Eden regions: 52->0(494)
[104.723s][info][gc,heap        ] GC(27) Survivor regions: 32->5(11)
[104.723s][info][gc,heap        ] GC(27) Old regions: 71->99
[104.723s][info][gc,heap        ] GC(27) Archive regions: 0->0
[104.723s][info][gc,heap        ] GC(27) Humongous regions: 0->0
[104.723s][info][gc,metaspace   ] GC(27) Metaspace: 120896K(127936K)->120896K(127936K) NonClass: 102868K(106816K)->102868K(106816K) Class: 18028K(21120K)->18028K(21120K)
[104.723s][info][gc             ] GC(27) Pause Young (Normal) (G1 Evacuation Pause) 2455M->1637M(13328M) 66.577ms
[104.723s][info][gc,cpu         ] GC(27) User=1.55s Sys=0.02s Real=0.06s
[108.396s][info][gc,start       ] GC(28) Pause Young (Normal) (G1 Evacuation Pause)
[108.396s][info][gc,task        ] GC(28) Using 33 workers of 33 for evacuation
[108.444s][info][gc,phases      ] GC(28)   Pre Evacuate Collection Set: 0.2ms
[108.444s][info][gc,phases      ] GC(28)   Merge Heap Roots: 0.3ms
[108.444s][info][gc,phases      ] GC(28)   Evacuate Collection Set: 46.0ms
[108.444s][info][gc,phases      ] GC(28)   Post Evacuate Collection Set: 1.2ms
[108.444s][info][gc,phases      ] GC(28)   Other: 0.2ms
[108.444s][info][gc,heap        ] GC(28) Eden regions: 494->0(205)
[108.444s][info][gc,heap        ] GC(28) Survivor regions: 5->33(63)
[108.444s][info][gc,heap        ] GC(28) Old regions: 99->99
[108.444s][info][gc,heap        ] GC(28) Archive regions: 0->0
[108.444s][info][gc,heap        ] GC(28) Humongous regions: 0->0
[108.444s][info][gc,metaspace   ] GC(28) Metaspace: 121093K(128128K)->121093K(128128K) NonClass: 103035K(106944K)->103035K(106944K) Class: 18057K(21184K)->18057K(21184K)
[108.444s][info][gc             ] GC(28) Pause Young (Normal) (G1 Evacuation Pause) 9541M->2093M(13328M) 48.157ms
[108.444s][info][gc,cpu         ] GC(28) User=1.05s Sys=0.00s Real=0.05s
[108.679s][info][gc,start       ] GC(29) Pause Young (Normal) (G1 Evacuation Pause)
[108.679s][info][gc,task        ] GC(29) Using 33 workers of 33 for evacuation
[108.734s][info][gc,phases      ] GC(29)   Pre Evacuate Collection Set: 0.2ms
[108.734s][info][gc,phases      ] GC(29)   Merge Heap Roots: 0.2ms
[108.734s][info][gc,phases      ] GC(29)   Evacuate Collection Set: 52.8ms
[108.734s][info][gc,phases      ] GC(29)   Post Evacuate Collection Set: 0.8ms
[108.734s][info][gc,phases      ] GC(29)   Other: 0.1ms
[108.734s][info][gc,heap        ] GC(29) Eden regions: 205->0(487)
[108.734s][info][gc,heap        ] GC(29) Survivor regions: 33->12(30)
[108.734s][info][gc,heap        ] GC(29) Old regions: 99->126
[108.734s][info][gc,heap        ] GC(29) Archive regions: 0->0
[108.734s][info][gc,heap        ] GC(29) Humongous regions: 0->0
[108.734s][info][gc,metaspace   ] GC(29) Metaspace: 121093K(128128K)->121093K(128128K) NonClass: 103035K(106944K)->103035K(106944K) Class: 18057K(21184K)->18057K(21184K)
[108.734s][info][gc             ] GC(29) Pause Young (Normal) (G1 Evacuation Pause) 5373M->2181M(13328M) 54.432ms
[108.734s][info][gc,cpu         ] GC(29) User=1.78s Sys=0.00s Real=0.06s
[109.330s][info][gc,start       ] GC(30) Pause Young (Normal) (G1 Evacuation Pause)
[109.331s][info][gc,task        ] GC(30) Using 33 workers of 33 for evacuation
[109.385s][info][gc,phases      ] GC(30)   Pre Evacuate Collection Set: 0.2ms
[109.386s][info][gc,phases      ] GC(30)   Merge Heap Roots: 0.3ms
[109.386s][info][gc,phases      ] GC(30)   Evacuate Collection Set: 53.2ms
[109.386s][info][gc,phases      ] GC(30)   Post Evacuate Collection Set: 1.1ms
[109.386s][info][gc,phases      ] GC(30)   Other: 0.1ms
[109.386s][info][gc,heap        ] GC(30) Eden regions: 487->0(462)
[109.386s][info][gc,heap        ] GC(30) Survivor regions: 12->37(63)
[109.386s][info][gc,heap        ] GC(30) Old regions: 126->126
[109.386s][info][gc,heap        ] GC(30) Archive regions: 0->0
[109.386s][info][gc,heap        ] GC(30) Humongous regions: 0->0
[109.386s][info][gc,metaspace   ] GC(30) Metaspace: 121106K(128192K)->121106K(128192K) NonClass: 103048K(107008K)->103048K(107008K) Class: 18057K(21184K)->18057K(21184K)
[109.386s][info][gc             ] GC(30) Pause Young (Normal) (G1 Evacuation Pause) 9973M->2578M(13328M) 55.199ms
[109.386s][info][gc,cpu         ] GC(30) User=2.05s Sys=0.00s Real=0.06s
[109.957s][info][gc,start       ] GC(31) Pause Young (Normal) (G1 Evacuation Pause)
[109.957s][info][gc,task        ] GC(31) Using 33 workers of 33 for evacuation
[110.026s][info][gc,phases      ] GC(31)   Pre Evacuate Collection Set: 0.2ms
[110.026s][info][gc,phases      ] GC(31)   Merge Heap Roots: 0.3ms
[110.026s][info][gc,phases      ] GC(31)   Evacuate Collection Set: 66.7ms
[110.026s][info][gc,phases      ] GC(31)   Post Evacuate Collection Set: 1.2ms
[110.026s][info][gc,phases      ] GC(31)   Other: 0.1ms
[110.026s][info][gc,heap        ] GC(31) Eden regions: 462->0(476)
[110.026s][info][gc,heap        ] GC(31) Survivor regions: 37->23(63)
[110.026s][info][gc,heap        ] GC(31) Old regions: 126->151
[110.026s][info][gc,heap        ] GC(31) Archive regions: 0->0
[110.026s][info][gc,heap        ] GC(31) Humongous regions: 0->0
[110.026s][info][gc,metaspace   ] GC(31) Metaspace: 121241K(128256K)->121241K(128256K) NonClass: 103161K(107072K)->103161K(107072K) Class: 18080K(21184K)->18080K(21184K)
[110.026s][info][gc             ] GC(31) Pause Young (Normal) (G1 Evacuation Pause) 9970M->2767M(13328M) 68.751ms
[110.026s][info][gc,cpu         ] GC(31) User=2.61s Sys=0.00s Real=0.08s
[110.960s][info][gc,start       ] GC(32) Pause Young (Normal) (G1 Evacuation Pause)
[110.960s][info][gc,task        ] GC(32) Using 33 workers of 33 for evacuation
[111.021s][info][gc,phases      ] GC(32)   Pre Evacuate Collection Set: 0.3ms
[111.021s][info][gc,phases      ] GC(32)   Merge Heap Roots: 0.3ms
[111.021s][info][gc,phases      ] GC(32)   Evacuate Collection Set: 47.9ms
[111.021s][info][gc,phases      ] GC(32)   Post Evacuate Collection Set: 12.5ms
[111.021s][info][gc,phases      ] GC(32)   Other: 0.2ms
[111.021s][info][gc,heap        ] GC(32) Eden regions: 476->0(627)
[111.021s][info][gc,heap        ] GC(32) Survivor regions: 23->36(63)
[111.021s][info][gc,heap        ] GC(32) Old regions: 151->151
[111.021s][info][gc,heap        ] GC(32) Archive regions: 0->0
[111.021s][info][gc,heap        ] GC(32) Humongous regions: 0->0
[111.021s][info][gc,metaspace   ] GC(32) Metaspace: 122346K(129408K)->122346K(129408K) NonClass: 104113K(108032K)->104113K(108032K) Class: 18232K(21376K)->18232K(21376K)
[111.021s][info][gc             ] GC(32) Pause Young (Normal) (G1 Evacuation Pause) 10383M->2963M(17696M) 61.590ms
[111.021s][info][gc,cpu         ] GC(32) User=1.73s Sys=0.02s Real=0.06s
[114.612s][info][gc,start       ] GC(33) Pause Young (Normal) (G1 Evacuation Pause)
[114.612s][info][gc,task        ] GC(33) Using 33 workers of 33 for evacuation
[114.671s][info][gc,phases      ] GC(33)   Pre Evacuate Collection Set: 0.2ms
[114.671s][info][gc,phases      ] GC(33)   Merge Heap Roots: 0.3ms
[114.671s][info][gc,phases      ] GC(33)   Evacuate Collection Set: 56.4ms
[114.671s][info][gc,phases      ] GC(33)   Post Evacuate Collection Set: 1.6ms
[114.671s][info][gc,phases      ] GC(33)   Other: 0.2ms
[114.671s][info][gc,heap        ] GC(33) Eden regions: 627->0(624)
[114.671s][info][gc,heap        ] GC(33) Survivor regions: 36->39(83)
[114.671s][info][gc,heap        ] GC(33) Old regions: 151->151
[114.671s][info][gc,heap        ] GC(33) Archive regions: 0->0
[114.671s][info][gc,heap        ] GC(33) Humongous regions: 0->0
[114.671s][info][gc,metaspace   ] GC(33) Metaspace: 122862K(129984K)->122862K(129984K) NonClass: 104614K(108608K)->104614K(108608K) Class: 18247K(21376K)->18247K(21376K)
[114.671s][info][gc             ] GC(33) Pause Young (Normal) (G1 Evacuation Pause) 12995M->3016M(17696M) 59.032ms
[114.671s][info][gc,cpu         ] GC(33) User=2.09s Sys=0.00s Real=0.06s
[115.438s][info][gc,start       ] GC(34) Pause Young (Normal) (G1 Evacuation Pause)
[115.438s][info][gc,task        ] GC(34) Using 33 workers of 33 for evacuation
[115.509s][info][gc,phases      ] GC(34)   Pre Evacuate Collection Set: 0.2ms
[115.509s][info][gc,phases      ] GC(34)   Merge Heap Roots: 0.3ms
[115.509s][info][gc,phases      ] GC(34)   Evacuate Collection Set: 68.7ms
[115.510s][info][gc,phases      ] GC(34)   Post Evacuate Collection Set: 1.7ms
[115.510s][info][gc,phases      ] GC(34)   Other: 0.1ms
[115.510s][info][gc,heap        ] GC(34) Eden regions: 624->0(620)
[115.510s][info][gc,heap        ] GC(34) Survivor regions: 39->43(83)
[115.510s][info][gc,heap        ] GC(34) Old regions: 151->151
[115.510s][info][gc,heap        ] GC(34) Archive regions: 0->0
[115.510s][info][gc,heap        ] GC(34) Humongous regions: 0->0
[115.510s][info][gc,metaspace   ] GC(34) Metaspace: 123699K(130752K)->123699K(130752K) NonClass: 105274K(109184K)->105274K(109184K) Class: 18425K(21568K)->18425K(21568K)
[115.510s][info][gc             ] GC(34) Pause Young (Normal) (G1 Evacuation Pause) 13000M->3079M(17696M) 71.308ms
[115.510s][info][gc,cpu         ] GC(34) User=2.11s Sys=0.00s Real=0.06s
[116.860s][info][gc,start       ] GC(35) Pause Full (System.gc())
[116.861s][info][gc,task        ] GC(35) Using 33 workers of 33 for full compaction
[116.863s][info][gc,phases,start] GC(35) Phase 1: Mark live objects
[116.947s][info][gc,phases      ] GC(35) Phase 1: Mark live objects 84.670ms
[116.947s][info][gc,phases,start] GC(35) Phase 2: Prepare compaction
[116.986s][info][gc,phases      ] GC(35) Phase 2: Prepare compaction 38.599ms
[116.986s][info][gc,phases,start] GC(35) Phase 3: Adjust pointers
[117.000s][info][gc,phases      ] GC(35) Phase 3: Adjust pointers 14.152ms
[117.000s][info][gc,phases,start] GC(35) Phase 4: Compact heap
[117.082s][info][gc,phases      ] GC(35) Phase 4: Compact heap 82.371ms
[117.245s][info][gc,heap        ] GC(35) Eden regions: 52->0(204)
[117.245s][info][gc,heap        ] GC(35) Survivor regions: 43->0(83)
[117.245s][info][gc,heap        ] GC(35) Old regions: 151->102
[117.245s][info][gc,heap        ] GC(35) Archive regions: 0->0
[117.245s][info][gc,heap        ] GC(35) Humongous regions: 0->0
[117.245s][info][gc,metaspace   ] GC(35) Metaspace: 126773K(134016K)->117052K(131776K) NonClass: 107858K(111936K)->100689K(109824K) Class: 18914K(22080K)->16363K(21952K)
[117.245s][info][gc             ] GC(35) Pause Full (System.gc()) 3903M->1372M(5440M) 384.785ms
[117.245s][info][gc,cpu         ] GC(35) User=4.92s Sys=5.66s Real=0.38s
[117.655s][info][gc,start       ] GC(36) Pause Young (Normal) (G1 Evacuation Pause)
[117.655s][info][gc,task        ] GC(36) Using 33 workers of 33 for evacuation
[117.658s][info][gc,phases      ] GC(36)   Pre Evacuate Collection Set: 0.2ms
[117.658s][info][gc,phases      ] GC(36)   Merge Heap Roots: 0.2ms
[117.658s][info][gc,phases      ] GC(36)   Evacuate Collection Set: 1.9ms
[117.658s][info][gc,phases      ] GC(36)   Post Evacuate Collection Set: 1.0ms
[117.658s][info][gc,phases      ] GC(36)   Other: 0.2ms
[117.658s][info][gc,heap        ] GC(36) Eden regions: 204->0(203)
[117.658s][info][gc,heap        ] GC(36) Survivor regions: 0->1(26)
[117.658s][info][gc,heap        ] GC(36) Old regions: 102->102
[117.658s][info][gc,heap        ] GC(36) Archive regions: 0->0
[117.658s][info][gc,heap        ] GC(36) Humongous regions: 0->0
[117.659s][info][gc,metaspace   ] GC(36) Metaspace: 117497K(131776K)->117497K(131776K) NonClass: 101067K(109824K)->101067K(109824K) Class: 16430K(21952K)->16430K(21952K)
[117.659s][info][gc             ] GC(36) Pause Young (Normal) (G1 Evacuation Pause) 4636M->1379M(5440M) 3.668ms
[117.659s][info][gc,cpu         ] GC(36) User=0.00s Sys=0.00s Real=0.00s
[117.900s][info][gc,start       ] GC(37) Pause Young (Normal) (G1 Evacuation Pause)
[117.900s][info][gc,task        ] GC(37) Using 33 workers of 33 for evacuation
[117.903s][info][gc,phases      ] GC(37)   Pre Evacuate Collection Set: 0.2ms
[117.903s][info][gc,phases      ] GC(37)   Merge Heap Roots: 0.2ms
[117.903s][info][gc,phases      ] GC(37)   Evacuate Collection Set: 1.6ms
[117.903s][info][gc,phases      ] GC(37)   Post Evacuate Collection Set: 0.8ms
[117.903s][info][gc,phases      ] GC(37)   Other: 0.1ms
[117.903s][info][gc,heap        ] GC(37) Eden regions: 203->0(203)
[117.903s][info][gc,heap        ] GC(37) Survivor regions: 1->1(26)
[117.903s][info][gc,heap        ] GC(37) Old regions: 102->102
[117.903s][info][gc,heap        ] GC(37) Archive regions: 0->0
[117.903s][info][gc,heap        ] GC(37) Humongous regions: 0->0
[117.903s][info][gc,metaspace   ] GC(37) Metaspace: 117497K(131776K)->117497K(131776K) NonClass: 101067K(109824K)->101067K(109824K) Class: 16430K(21952K)->16430K(21952K)
[117.903s][info][gc             ] GC(37) Pause Young (Normal) (G1 Evacuation Pause) 4627M->1379M(5440M) 3.221ms
[117.903s][info][gc,cpu         ] GC(37) User=0.00s Sys=0.00s Real=0.00s
[118.133s][info][gc,start       ] GC(38) Pause Young (Normal) (G1 Evacuation Pause)
[118.133s][info][gc,task        ] GC(38) Using 33 workers of 33 for evacuation
[118.136s][info][gc,phases      ] GC(38)   Pre Evacuate Collection Set: 0.2ms
[118.136s][info][gc,phases      ] GC(38)   Merge Heap Roots: 0.2ms
[118.136s][info][gc,phases      ] GC(38)   Evacuate Collection Set: 1.5ms
[118.136s][info][gc,phases      ] GC(38)   Post Evacuate Collection Set: 0.8ms
[118.136s][info][gc,phases      ] GC(38)   Other: 0.1ms
[118.136s][info][gc,heap        ] GC(38) Eden regions: 203->0(203)
[118.136s][info][gc,heap        ] GC(38) Survivor regions: 1->1(26)
[118.136s][info][gc,heap        ] GC(38) Old regions: 102->102
[118.136s][info][gc,heap        ] GC(38) Archive regions: 0->0
[118.136s][info][gc,heap        ] GC(38) Humongous regions: 0->0
[118.136s][info][gc,metaspace   ] GC(38) Metaspace: 117497K(131776K)->117497K(131776K) NonClass: 101067K(109824K)->101067K(109824K) Class: 16430K(21952K)->16430K(21952K)
[118.136s][info][gc             ] GC(38) Pause Young (Normal) (G1 Evacuation Pause) 4627M->1379M(5440M) 2.935ms
[118.136s][info][gc,cpu         ] GC(38) User=0.00s Sys=0.00s Real=0.00s
[118.366s][info][gc,start       ] GC(39) Pause Young (Normal) (G1 Evacuation Pause)
[118.366s][info][gc,task        ] GC(39) Using 33 workers of 33 for evacuation
[118.369s][info][gc,phases      ] GC(39)   Pre Evacuate Collection Set: 0.2ms
[118.369s][info][gc,phases      ] GC(39)   Merge Heap Roots: 0.2ms
[118.369s][info][gc,phases      ] GC(39)   Evacuate Collection Set: 1.4ms
[118.369s][info][gc,phases      ] GC(39)   Post Evacuate Collection Set: 0.7ms
[118.369s][info][gc,phases      ] GC(39)   Other: 0.1ms
[118.369s][info][gc,heap        ] GC(39) Eden regions: 203->0(203)
[118.369s][info][gc,heap        ] GC(39) Survivor regions: 1->1(26)
[118.369s][info][gc,heap        ] GC(39) Old regions: 102->102
[118.369s][info][gc,heap        ] GC(39) Archive regions: 0->0
[118.369s][info][gc,heap        ] GC(39) Humongous regions: 0->0
[118.369s][info][gc,metaspace   ] GC(39) Metaspace: 117498K(131776K)->117498K(131776K) NonClass: 101067K(109824K)->101067K(109824K) Class: 16430K(21952K)->16430K(21952K)
[118.369s][info][gc             ] GC(39) Pause Young (Normal) (G1 Evacuation Pause) 4627M->1379M(5440M) 2.792ms
[118.369s][info][gc,cpu         ] GC(39) User=0.00s Sys=0.00s Real=0.00s
[118.858s][info][gc,start       ] GC(40) Pause Young (Normal) (G1 Evacuation Pause)
[118.859s][info][gc,task        ] GC(40) Using 33 workers of 33 for evacuation
[118.862s][info][gc,phases      ] GC(40)   Pre Evacuate Collection Set: 0.2ms
[118.862s][info][gc,phases      ] GC(40)   Merge Heap Roots: 0.3ms
[118.862s][info][gc,phases      ] GC(40)   Evacuate Collection Set: 1.8ms
[118.863s][info][gc,phases      ] GC(40)   Post Evacuate Collection Set: 1.3ms
[118.863s][info][gc,phases      ] GC(40)   Other: 0.2ms
[118.863s][info][gc,heap        ] GC(40) Eden regions: 203->0(203)
[118.863s][info][gc,heap        ] GC(40) Survivor regions: 1->1(26)
[118.863s][info][gc,heap        ] GC(40) Old regions: 102->102
[118.863s][info][gc,heap        ] GC(40) Archive regions: 0->0
[118.863s][info][gc,heap        ] GC(40) Humongous regions: 0->0
[118.863s][info][gc,metaspace   ] GC(40) Metaspace: 117593K(131776K)->117593K(131776K) NonClass: 101160K(109824K)->101160K(109824K) Class: 16432K(21952K)->16432K(21952K)
[118.863s][info][gc             ] GC(40) Pause Young (Normal) (G1 Evacuation Pause) 4627M->1380M(5440M) 4.339ms
[118.863s][info][gc,cpu         ] GC(40) User=0.00s Sys=0.00s Real=0.00s
[119.288s][info][gc,start       ] GC(41) Pause Full (System.gc())
[119.288s][info][gc,task        ] GC(41) Using 33 workers of 33 for full compaction
[119.289s][info][gc,phases,start] GC(41) Phase 1: Mark live objects
[119.338s][info][gc,phases      ] GC(41) Phase 1: Mark live objects 49.022ms
[119.338s][info][gc,phases,start] GC(41) Phase 2: Prepare compaction
[119.345s][info][gc,phases      ] GC(41) Phase 2: Prepare compaction 6.702ms
[119.345s][info][gc,phases,start] GC(41) Phase 3: Adjust pointers
[119.363s][info][gc,phases      ] GC(41) Phase 3: Adjust pointers 17.779ms
[119.363s][info][gc,phases,start] GC(41) Phase 4: Compact heap
[119.373s][info][gc,phases      ] GC(41) Phase 4: Compact heap 9.928ms
[119.397s][info][gc,heap        ] GC(41) Eden regions: 3->0(200)
[119.397s][info][gc,heap        ] GC(41) Survivor regions: 1->0(26)
[119.397s][info][gc,heap        ] GC(41) Old regions: 102->100
[119.397s][info][gc,heap        ] GC(41) Archive regions: 0->0
[119.397s][info][gc,heap        ] GC(41) Humongous regions: 0->0
[119.397s][info][gc,metaspace   ] GC(41) Metaspace: 117650K(131840K)->117650K(131840K) NonClass: 101217K(109888K)->101217K(109888K) Class: 16432K(21952K)->16432K(21952K)
[119.397s][info][gc             ] GC(41) Pause Full (System.gc()) 1423M->1373M(5344M) 109.302ms
[119.397s][info][gc,cpu         ] GC(41) User=1.16s Sys=0.00s Real=0.11s
[119.800s][info][gc,start       ] GC(42) Pause Young (Normal) (G1 Evacuation Pause)
[119.800s][info][gc,task        ] GC(42) Using 33 workers of 33 for evacuation
[119.804s][info][gc,phases      ] GC(42)   Pre Evacuate Collection Set: 0.2ms
[119.804s][info][gc,phases      ] GC(42)   Merge Heap Roots: 0.2ms
[119.804s][info][gc,phases      ] GC(42)   Evacuate Collection Set: 1.6ms
[119.804s][info][gc,phases      ] GC(42)   Post Evacuate Collection Set: 1.0ms
[119.804s][info][gc,phases      ] GC(42)   Other: 0.1ms
[119.804s][info][gc,heap        ] GC(42) Eden regions: 200->0(199)
[119.804s][info][gc,heap        ] GC(42) Survivor regions: 0->1(25)
[119.804s][info][gc,heap        ] GC(42) Old regions: 100->100
[119.804s][info][gc,heap        ] GC(42) Archive regions: 0->0
[119.804s][info][gc,heap        ] GC(42) Humongous regions: 0->0
[119.804s][info][gc,metaspace   ] GC(42) Metaspace: 118024K(131840K)->118024K(131840K) NonClass: 101572K(109888K)->101572K(109888K) Class: 16451K(21952K)->16451K(21952K)
[119.804s][info][gc             ] GC(42) Pause Young (Normal) (G1 Evacuation Pause) 4573M->1380M(5344M) 3.380ms
[119.804s][info][gc,cpu         ] GC(42) User=0.55s Sys=0.00s Real=0.02s
[120.030s][info][gc,start       ] GC(43) Pause Young (Normal) (G1 Evacuation Pause)
[120.031s][info][gc,task        ] GC(43) Using 33 workers of 33 for evacuation
[120.033s][info][gc,phases      ] GC(43)   Pre Evacuate Collection Set: 0.2ms
[120.033s][info][gc,phases      ] GC(43)   Merge Heap Roots: 0.2ms
[120.033s][info][gc,phases      ] GC(43)   Evacuate Collection Set: 1.4ms
[120.033s][info][gc,phases      ] GC(43)   Post Evacuate Collection Set: 0.8ms
[120.033s][info][gc,phases      ] GC(43)   Other: 0.1ms
[120.033s][info][gc,heap        ] GC(43) Eden regions: 199->0(199)
[120.033s][info][gc,heap        ] GC(43) Survivor regions: 1->1(25)
[120.033s][info][gc,heap        ] GC(43) Old regions: 100->100
[120.033s][info][gc,heap        ] GC(43) Archive regions: 0->0
[120.033s][info][gc,heap        ] GC(43) Humongous regions: 0->0
[120.033s][info][gc,metaspace   ] GC(43) Metaspace: 118024K(131840K)->118024K(131840K) NonClass: 101572K(109888K)->101572K(109888K) Class: 16451K(21952K)->16451K(21952K)
[120.033s][info][gc             ] GC(43) Pause Young (Normal) (G1 Evacuation Pause) 4564M->1380M(5344M) 2.887ms
[120.033s][info][gc,cpu         ] GC(43) User=0.00s Sys=0.00s Real=0.00s
[120.267s][info][gc,start       ] GC(44) Pause Young (Normal) (G1 Evacuation Pause)
[120.267s][info][gc,task        ] GC(44) Using 33 workers of 33 for evacuation
[120.270s][info][gc,phases      ] GC(44)   Pre Evacuate Collection Set: 0.2ms
[120.270s][info][gc,phases      ] GC(44)   Merge Heap Roots: 0.2ms
[120.270s][info][gc,phases      ] GC(44)   Evacuate Collection Set: 1.5ms
[120.270s][info][gc,phases      ] GC(44)   Post Evacuate Collection Set: 0.8ms
[120.270s][info][gc,phases      ] GC(44)   Other: 0.1ms
[120.270s][info][gc,heap        ] GC(44) Eden regions: 199->0(199)
[120.270s][info][gc,heap        ] GC(44) Survivor regions: 1->1(25)
[120.270s][info][gc,heap        ] GC(44) Old regions: 100->100
[120.270s][info][gc,heap        ] GC(44) Archive regions: 0->0
[120.270s][info][gc,heap        ] GC(44) Humongous regions: 0->0
[120.270s][info][gc,metaspace   ] GC(44) Metaspace: 118024K(131840K)->118024K(131840K) NonClass: 101572K(109888K)->101572K(109888K) Class: 16451K(21952K)->16451K(21952K)
[120.270s][info][gc             ] GC(44) Pause Young (Normal) (G1 Evacuation Pause) 4564M->1380M(5344M) 2.964ms
[120.270s][info][gc,cpu         ] GC(44) User=0.52s Sys=0.00s Real=0.02s
[120.505s][info][gc,start       ] GC(45) Pause Young (Normal) (G1 Evacuation Pause)
[120.505s][info][gc,task        ] GC(45) Using 33 workers of 33 for evacuation
[120.507s][info][gc,phases      ] GC(45)   Pre Evacuate Collection Set: 0.2ms
[120.507s][info][gc,phases      ] GC(45)   Merge Heap Roots: 0.2ms
[120.507s][info][gc,phases      ] GC(45)   Evacuate Collection Set: 1.4ms
[120.507s][info][gc,phases      ] GC(45)   Post Evacuate Collection Set: 0.9ms
[120.507s][info][gc,phases      ] GC(45)   Other: 0.1ms
[120.507s][info][gc,heap        ] GC(45) Eden regions: 199->0(199)
[120.507s][info][gc,heap        ] GC(45) Survivor regions: 1->1(25)
[120.507s][info][gc,heap        ] GC(45) Old regions: 100->100
[120.507s][info][gc,heap        ] GC(45) Archive regions: 0->0
[120.507s][info][gc,heap        ] GC(45) Humongous regions: 0->0
[120.507s][info][gc,metaspace   ] GC(45) Metaspace: 118024K(131840K)->118024K(131840K) NonClass: 101572K(109888K)->101572K(109888K) Class: 16451K(21952K)->16451K(21952K)
[120.507s][info][gc             ] GC(45) Pause Young (Normal) (G1 Evacuation Pause) 4564M->1380M(5344M) 2.963ms
[120.508s][info][gc,cpu         ] GC(45) User=0.00s Sys=0.00s Real=0.00s
[120.846s][info][gc,start       ] GC(46) Pause Young (Normal) (G1 Evacuation Pause)
[120.847s][info][gc,task        ] GC(46) Using 33 workers of 33 for evacuation
[120.850s][info][gc,phases      ] GC(46)   Pre Evacuate Collection Set: 0.2ms
[120.850s][info][gc,phases      ] GC(46)   Merge Heap Roots: 0.2ms
[120.850s][info][gc,phases      ] GC(46)   Evacuate Collection Set: 1.8ms
[120.850s][info][gc,phases      ] GC(46)   Post Evacuate Collection Set: 0.9ms
[120.850s][info][gc,phases      ] GC(46)   Other: 0.1ms
[120.850s][info][gc,heap        ] GC(46) Eden regions: 199->0(199)
[120.850s][info][gc,heap        ] GC(46) Survivor regions: 1->1(25)
[120.850s][info][gc,heap        ] GC(46) Old regions: 100->100
[120.850s][info][gc,heap        ] GC(46) Archive regions: 0->0
[120.850s][info][gc,heap        ] GC(46) Humongous regions: 0->0
[120.850s][info][gc,metaspace   ] GC(46) Metaspace: 118197K(131840K)->118197K(131840K) NonClass: 101745K(109888K)->101745K(109888K) Class: 16451K(21952K)->16451K(21952K)
[120.850s][info][gc             ] GC(46) Pause Young (Normal) (G1 Evacuation Pause) 4564M->1384M(5344M) 3.458ms
[120.850s][info][gc,cpu         ] GC(46) User=0.00s Sys=0.00s Real=0.00s
[121.521s][info][gc,start       ] GC(47) Pause Full (System.gc())
[121.521s][info][gc,task        ] GC(47) Using 32 workers of 33 for full compaction
[121.523s][info][gc,phases,start] GC(47) Phase 1: Mark live objects
[121.567s][info][gc,phases      ] GC(47) Phase 1: Mark live objects 44.716ms
[121.567s][info][gc,phases,start] GC(47) Phase 2: Prepare compaction
[121.574s][info][gc,phases      ] GC(47) Phase 2: Prepare compaction 6.220ms
[121.574s][info][gc,phases,start] GC(47) Phase 3: Adjust pointers
[121.591s][info][gc,phases      ] GC(47) Phase 3: Adjust pointers 17.193ms
[121.591s][info][gc,phases,start] GC(47) Phase 4: Compact heap
[121.596s][info][gc,phases      ] GC(47) Phase 4: Compact heap 5.110ms
[121.621s][info][gc,heap        ] GC(47) Eden regions: 7->0(196)
[121.621s][info][gc,heap        ] GC(47) Survivor regions: 1->0(25)
[121.621s][info][gc,heap        ] GC(47) Old regions: 100->98
[121.621s][info][gc,heap        ] GC(47) Archive regions: 0->0
[121.621s][info][gc,heap        ] GC(47) Humongous regions: 0->0
[121.621s][info][gc,metaspace   ] GC(47) Metaspace: 118272K(131904K)->118272K(131904K) NonClass: 101819K(109952K)->101819K(109952K) Class: 16452K(21952K)->16452K(21952K)
[121.621s][info][gc             ] GC(47) Pause Full (System.gc()) 1492M->1373M(5232M) 99.550ms
[121.621s][info][gc,cpu         ] GC(47) User=1.41s Sys=0.02s Real=0.11s
[122.012s][info][gc,start       ] GC(48) Pause Young (Normal) (G1 Evacuation Pause)
[122.012s][info][gc,task        ] GC(48) Using 33 workers of 33 for evacuation
[122.021s][info][gc,phases      ] GC(48)   Pre Evacuate Collection Set: 0.2ms
[122.021s][info][gc,phases      ] GC(48)   Merge Heap Roots: 0.2ms
[122.021s][info][gc,phases      ] GC(48)   Evacuate Collection Set: 1.7ms
[122.021s][info][gc,phases      ] GC(48)   Post Evacuate Collection Set: 7.2ms
[122.021s][info][gc,phases      ] GC(48)   Other: 0.1ms
[122.021s][info][gc,heap        ] GC(48) Eden regions: 196->0(276)
[122.021s][info][gc,heap        ] GC(48) Survivor regions: 0->1(25)
[122.021s][info][gc,heap        ] GC(48) Old regions: 98->98
[122.021s][info][gc,heap        ] GC(48) Archive regions: 0->0
[122.021s][info][gc,heap        ] GC(48) Humongous regions: 0->0
[122.021s][info][gc,metaspace   ] GC(48) Metaspace: 118411K(131904K)->118411K(131904K) NonClass: 101954K(109952K)->101954K(109952K) Class: 16456K(21952K)->16456K(21952K)
[122.022s][info][gc             ] GC(48) Pause Young (Normal) (G1 Evacuation Pause) 4509M->1380M(7408M) 9.747ms
[122.022s][info][gc,cpu         ] GC(48) User=0.58s Sys=0.00s Real=0.02s
[122.349s][info][gc,start       ] GC(49) Pause Young (Normal) (G1 Evacuation Pause)
[122.349s][info][gc,task        ] GC(49) Using 33 workers of 33 for evacuation
[122.352s][info][gc,phases      ] GC(49)   Pre Evacuate Collection Set: 0.2ms
[122.352s][info][gc,phases      ] GC(49)   Merge Heap Roots: 0.2ms
[122.352s][info][gc,phases      ] GC(49)   Evacuate Collection Set: 1.3ms
[122.352s][info][gc,phases      ] GC(49)   Post Evacuate Collection Set: 0.9ms
[122.352s][info][gc,phases      ] GC(49)   Other: 0.1ms
[122.352s][info][gc,heap        ] GC(49) Eden regions: 276->0(276)
[122.352s][info][gc,heap        ] GC(49) Survivor regions: 1->1(35)
[122.352s][info][gc,heap        ] GC(49) Old regions: 98->98
[122.352s][info][gc,heap        ] GC(49) Archive regions: 0->0
[122.352s][info][gc,heap        ] GC(49) Humongous regions: 0->0
[122.352s][info][gc,metaspace   ] GC(49) Metaspace: 118411K(131904K)->118411K(131904K) NonClass: 101954K(109952K)->101954K(109952K) Class: 16456K(21952K)->16456K(21952K)
[122.352s][info][gc             ] GC(49) Pause Young (Normal) (G1 Evacuation Pause) 5796M->1380M(7408M) 3.004ms
[122.352s][info][gc,cpu         ] GC(49) User=0.00s Sys=0.00s Real=0.00s
[122.682s][info][gc,start       ] GC(50) Pause Young (Normal) (G1 Evacuation Pause)
[122.682s][info][gc,task        ] GC(50) Using 33 workers of 33 for evacuation
[122.685s][info][gc,phases      ] GC(50)   Pre Evacuate Collection Set: 0.2ms
[122.685s][info][gc,phases      ] GC(50)   Merge Heap Roots: 0.2ms
[122.685s][info][gc,phases      ] GC(50)   Evacuate Collection Set: 1.4ms
[122.685s][info][gc,phases      ] GC(50)   Post Evacuate Collection Set: 0.9ms
[122.685s][info][gc,phases      ] GC(50)   Other: 0.1ms
[122.685s][info][gc,heap        ] GC(50) Eden regions: 276->0(276)
[122.685s][info][gc,heap        ] GC(50) Survivor regions: 1->1(35)
[122.685s][info][gc,heap        ] GC(50) Old regions: 98->98
[122.685s][info][gc,heap        ] GC(50) Archive regions: 0->0
[122.685s][info][gc,heap        ] GC(50) Humongous regions: 0->0
[122.685s][info][gc,metaspace   ] GC(50) Metaspace: 118411K(131904K)->118411K(131904K) NonClass: 101954K(109952K)->101954K(109952K) Class: 16456K(21952K)->16456K(21952K)
[122.685s][info][gc             ] GC(50) Pause Young (Normal) (G1 Evacuation Pause) 5796M->1380M(7408M) 3.071ms
[122.686s][info][gc,cpu         ] GC(50) User=0.00s Sys=0.00s Real=0.00s
[123.601s][info][gc,start       ] GC(51) Pause Full (System.gc())
[123.601s][info][gc,task        ] GC(51) Using 33 workers of 33 for full compaction
[123.603s][info][gc,phases,start] GC(51) Phase 1: Mark live objects
[123.659s][info][gc,phases      ] GC(51) Phase 1: Mark live objects 56.052ms
[123.659s][info][gc,phases,start] GC(51) Phase 2: Prepare compaction
[123.667s][info][gc,phases      ] GC(51) Phase 2: Prepare compaction 8.519ms
[123.667s][info][gc,phases,start] GC(51) Phase 3: Adjust pointers
[123.681s][info][gc,phases      ] GC(51) Phase 3: Adjust pointers 14.129ms
[123.681s][info][gc,phases,start] GC(51) Phase 4: Compact heap
[123.688s][info][gc,phases      ] GC(51) Phase 4: Compact heap 6.842ms
[123.707s][info][gc,heap        ] GC(51) Eden regions: 250->0(204)
[123.707s][info][gc,heap        ] GC(51) Survivor regions: 1->0(35)
[123.707s][info][gc,heap        ] GC(51) Old regions: 98->102
[123.707s][info][gc,heap        ] GC(51) Archive regions: 0->0
[123.707s][info][gc,heap        ] GC(51) Humongous regions: 0->0
[123.707s][info][gc,metaspace   ] GC(51) Metaspace: 118503K(131904K)->118503K(131904K) NonClass: 102046K(109952K)->102046K(109952K) Class: 16456K(21952K)->16456K(21952K)
[123.707s][info][gc             ] GC(51) Pause Full (System.gc()) 5378M->1373M(5440M) 105.554ms
[123.707s][info][gc,cpu         ] GC(51) User=1.59s Sys=0.00s Real=0.11s
[124.058s][info][gc,start       ] GC(52) Pause Young (Normal) (G1 Evacuation Pause)
[124.058s][info][gc,task        ] GC(52) Using 33 workers of 33 for evacuation
[124.061s][info][gc,phases      ] GC(52)   Pre Evacuate Collection Set: 0.2ms
[124.061s][info][gc,phases      ] GC(52)   Merge Heap Roots: 0.2ms
[124.061s][info][gc,phases      ] GC(52)   Evacuate Collection Set: 1.6ms
[124.062s][info][gc,phases      ] GC(52)   Post Evacuate Collection Set: 0.9ms
[124.062s][info][gc,phases      ] GC(52)   Other: 0.1ms
[124.062s][info][gc,heap        ] GC(52) Eden regions: 204->0(203)
[124.062s][info][gc,heap        ] GC(52) Survivor regions: 0->1(26)
[124.062s][info][gc,heap        ] GC(52) Old regions: 102->102
[124.062s][info][gc,heap        ] GC(52) Archive regions: 0->0
[124.062s][info][gc,heap        ] GC(52) Humongous regions: 0->0
[124.062s][info][gc,metaspace   ] GC(52) Metaspace: 118764K(131904K)->118764K(131904K) NonClass: 102307K(109952K)->102307K(109952K) Class: 16456K(21952K)->16456K(21952K)
[124.062s][info][gc             ] GC(52) Pause Young (Normal) (G1 Evacuation Pause) 4637M->1380M(5440M) 3.420ms
[124.062s][info][gc,cpu         ] GC(52) User=0.56s Sys=0.00s Real=0.02s
[124.303s][info][gc,start       ] GC(53) Pause Young (Normal) (G1 Evacuation Pause)
[124.303s][info][gc,task        ] GC(53) Using 33 workers of 33 for evacuation
[124.306s][info][gc,phases      ] GC(53)   Pre Evacuate Collection Set: 0.2ms
[124.306s][info][gc,phases      ] GC(53)   Merge Heap Roots: 0.2ms
[124.306s][info][gc,phases      ] GC(53)   Evacuate Collection Set: 1.4ms
[124.306s][info][gc,phases      ] GC(53)   Post Evacuate Collection Set: 0.8ms
[124.306s][info][gc,phases      ] GC(53)   Other: 0.1ms
[124.306s][info][gc,heap        ] GC(53) Eden regions: 203->0(203)
[124.306s][info][gc,heap        ] GC(53) Survivor regions: 1->1(26)
[124.306s][info][gc,heap        ] GC(53) Old regions: 102->102
[124.306s][info][gc,heap        ] GC(53) Archive regions: 0->0
[124.306s][info][gc,heap        ] GC(53) Humongous regions: 0->0
[124.306s][info][gc,metaspace   ] GC(53) Metaspace: 118764K(131904K)->118764K(131904K) NonClass: 102307K(109952K)->102307K(109952K) Class: 16456K(21952K)->16456K(21952K)
[124.306s][info][gc             ] GC(53) Pause Young (Normal) (G1 Evacuation Pause) 4628M->1380M(5440M) 3.004ms
[124.306s][info][gc,cpu         ] GC(53) User=0.00s Sys=0.00s Real=0.00s
[124.530s][info][gc,start       ] GC(54) Pause Young (Normal) (G1 Evacuation Pause)
[124.530s][info][gc,task        ] GC(54) Using 33 workers of 33 for evacuation
[124.533s][info][gc,phases      ] GC(54)   Pre Evacuate Collection Set: 0.2ms
[124.533s][info][gc,phases      ] GC(54)   Merge Heap Roots: 0.2ms
[124.533s][info][gc,phases      ] GC(54)   Evacuate Collection Set: 1.3ms
[124.533s][info][gc,phases      ] GC(54)   Post Evacuate Collection Set: 0.8ms
[124.533s][info][gc,phases      ] GC(54)   Other: 0.1ms
[124.533s][info][gc,heap        ] GC(54) Eden regions: 203->0(203)
[124.533s][info][gc,heap        ] GC(54) Survivor regions: 1->1(26)
[124.533s][info][gc,heap        ] GC(54) Old regions: 102->102
[124.533s][info][gc,heap        ] GC(54) Archive regions: 0->0
[124.533s][info][gc,heap        ] GC(54) Humongous regions: 0->0
[124.533s][info][gc,metaspace   ] GC(54) Metaspace: 118764K(131904K)->118764K(131904K) NonClass: 102307K(109952K)->102307K(109952K) Class: 16456K(21952K)->16456K(21952K)
[124.533s][info][gc             ] GC(54) Pause Young (Normal) (G1 Evacuation Pause) 4628M->1380M(5440M) 2.933ms
[124.533s][info][gc,cpu         ] GC(54) User=0.02s Sys=0.02s Real=0.02s
[124.778s][info][gc,start       ] GC(55) Pause Young (Normal) (G1 Evacuation Pause)
[124.778s][info][gc,task        ] GC(55) Using 33 workers of 33 for evacuation
[124.781s][info][gc,phases      ] GC(55)   Pre Evacuate Collection Set: 0.2ms
[124.781s][info][gc,phases      ] GC(55)   Merge Heap Roots: 0.2ms
[124.781s][info][gc,phases      ] GC(55)   Evacuate Collection Set: 1.3ms
[124.781s][info][gc,phases      ] GC(55)   Post Evacuate Collection Set: 0.9ms
[124.781s][info][gc,phases      ] GC(55)   Other: 0.1ms
[124.781s][info][gc,heap        ] GC(55) Eden regions: 203->0(203)
[124.781s][info][gc,heap        ] GC(55) Survivor regions: 1->1(26)
[124.781s][info][gc,heap        ] GC(55) Old regions: 102->102
[124.781s][info][gc,heap        ] GC(55) Archive regions: 0->0
[124.781s][info][gc,heap        ] GC(55) Humongous regions: 0->0
[124.781s][info][gc,metaspace   ] GC(55) Metaspace: 118777K(131904K)->118777K(131904K) NonClass: 102320K(109952K)->102320K(109952K) Class: 16456K(21952K)->16456K(21952K)
[124.781s][info][gc             ] GC(55) Pause Young (Normal) (G1 Evacuation Pause) 4628M->1380M(5440M) 2.983ms
[124.781s][info][gc,cpu         ] GC(55) User=0.00s Sys=0.00s Real=0.00s
[125.922s][info][gc,start       ] GC(56) Pause Full (System.gc())
[125.922s][info][gc,task        ] GC(56) Using 33 workers of 33 for full compaction
[125.924s][info][gc,phases,start] GC(56) Phase 1: Mark live objects
[125.964s][info][gc,phases      ] GC(56) Phase 1: Mark live objects 40.542ms
[125.964s][info][gc,phases,start] GC(56) Phase 2: Prepare compaction
[125.972s][info][gc,phases      ] GC(56) Phase 2: Prepare compaction 8.000ms
[125.972s][info][gc,phases,start] GC(56) Phase 3: Adjust pointers
[125.985s][info][gc,phases      ] GC(56) Phase 3: Adjust pointers 12.264ms
[125.985s][info][gc,phases,start] GC(56) Phase 4: Compact heap
[125.991s][info][gc,phases      ] GC(56) Phase 4: Compact heap 6.026ms
[126.009s][info][gc,heap        ] GC(56) Eden regions: 183->0(204)
[126.009s][info][gc,heap        ] GC(56) Survivor regions: 1->0(26)
[126.009s][info][gc,heap        ] GC(56) Old regions: 102->102
[126.009s][info][gc,heap        ] GC(56) Archive regions: 0->0
[126.009s][info][gc,heap        ] GC(56) Humongous regions: 0->0
[126.009s][info][gc,metaspace   ] GC(56) Metaspace: 118884K(131904K)->118884K(131904K) NonClass: 102427K(109952K)->102427K(109952K) Class: 16456K(21952K)->16456K(21952K)
[126.010s][info][gc             ] GC(56) Pause Full (System.gc()) 4301M->1373M(5440M) 87.325ms
[126.010s][info][gc,cpu         ] GC(56) User=1.06s Sys=0.00s Real=0.08s
[126.346s][info][gc,start       ] GC(57) Pause Young (Normal) (G1 Evacuation Pause)
[126.346s][info][gc,task        ] GC(57) Using 33 workers of 33 for evacuation
[126.349s][info][gc,phases      ] GC(57)   Pre Evacuate Collection Set: 0.2ms
[126.349s][info][gc,phases      ] GC(57)   Merge Heap Roots: 0.2ms
[126.349s][info][gc,phases      ] GC(57)   Evacuate Collection Set: 1.6ms
[126.349s][info][gc,phases      ] GC(57)   Post Evacuate Collection Set: 0.8ms
[126.349s][info][gc,phases      ] GC(57)   Other: 0.1ms
[126.349s][info][gc,heap        ] GC(57) Eden regions: 204->0(203)
[126.349s][info][gc,heap        ] GC(57) Survivor regions: 0->1(26)
[126.349s][info][gc,heap        ] GC(57) Old regions: 102->102
[126.349s][info][gc,heap        ] GC(57) Archive regions: 0->0
[126.349s][info][gc,heap        ] GC(57) Humongous regions: 0->0
[126.349s][info][gc,metaspace   ] GC(57) Metaspace: 119333K(132032K)->119333K(132032K) NonClass: 102874K(110080K)->102874K(110080K) Class: 16459K(21952K)->16459K(21952K)
[126.349s][info][gc             ] GC(57) Pause Young (Normal) (G1 Evacuation Pause) 4637M->1380M(5440M) 3.189ms
[126.349s][info][gc,cpu         ] GC(57) User=0.00s Sys=0.00s Real=0.00s
[126.576s][info][gc,start       ] GC(58) Pause Young (Normal) (G1 Evacuation Pause)
[126.577s][info][gc,task        ] GC(58) Using 33 workers of 33 for evacuation
[126.579s][info][gc,phases      ] GC(58)   Pre Evacuate Collection Set: 0.2ms
[126.579s][info][gc,phases      ] GC(58)   Merge Heap Roots: 0.2ms
[126.580s][info][gc,phases      ] GC(58)   Evacuate Collection Set: 1.6ms
[126.580s][info][gc,phases      ] GC(58)   Post Evacuate Collection Set: 0.8ms
[126.580s][info][gc,phases      ] GC(58)   Other: 0.1ms
[126.580s][info][gc,heap        ] GC(58) Eden regions: 203->0(203)
[126.580s][info][gc,heap        ] GC(58) Survivor regions: 1->1(26)
[126.580s][info][gc,heap        ] GC(58) Old regions: 102->102
[126.580s][info][gc,heap        ] GC(58) Archive regions: 0->0
[126.580s][info][gc,heap        ] GC(58) Humongous regions: 0->0
[126.580s][info][gc,metaspace   ] GC(58) Metaspace: 119333K(132032K)->119333K(132032K) NonClass: 102874K(110080K)->102874K(110080K) Class: 16459K(21952K)->16459K(21952K)
[126.580s][info][gc             ] GC(58) Pause Young (Normal) (G1 Evacuation Pause) 4628M->1380M(5440M) 3.156ms
[126.580s][info][gc,cpu         ] GC(58) User=0.00s Sys=0.00s Real=0.00s
[126.808s][info][gc,start       ] GC(59) Pause Young (Normal) (G1 Evacuation Pause)
[126.808s][info][gc,task        ] GC(59) Using 33 workers of 33 for evacuation
[126.811s][info][gc,phases      ] GC(59)   Pre Evacuate Collection Set: 0.2ms
[126.811s][info][gc,phases      ] GC(59)   Merge Heap Roots: 0.2ms
[126.811s][info][gc,phases      ] GC(59)   Evacuate Collection Set: 1.7ms
[126.811s][info][gc,phases      ] GC(59)   Post Evacuate Collection Set: 0.9ms
[126.812s][info][gc,phases      ] GC(59)   Other: 0.1ms
[126.812s][info][gc,heap        ] GC(59) Eden regions: 203->0(203)
[126.812s][info][gc,heap        ] GC(59) Survivor regions: 1->1(26)
[126.812s][info][gc,heap        ] GC(59) Old regions: 102->102
[126.812s][info][gc,heap        ] GC(59) Archive regions: 0->0
[126.812s][info][gc,heap        ] GC(59) Humongous regions: 0->0
[126.812s][info][gc,metaspace   ] GC(59) Metaspace: 119333K(132032K)->119333K(132032K) NonClass: 102874K(110080K)->102874K(110080K) Class: 16459K(21952K)->16459K(21952K)
[126.812s][info][gc             ] GC(59) Pause Young (Normal) (G1 Evacuation Pause) 4628M->1380M(5440M) 3.407ms
[126.812s][info][gc,cpu         ] GC(59) User=0.00s Sys=0.00s Real=0.00s
[127.040s][info][gc,start       ] GC(60) Pause Young (Normal) (G1 Evacuation Pause)
[127.040s][info][gc,task        ] GC(60) Using 33 workers of 33 for evacuation
[127.043s][info][gc,phases      ] GC(60)   Pre Evacuate Collection Set: 0.2ms
[127.043s][info][gc,phases      ] GC(60)   Merge Heap Roots: 0.2ms
[127.043s][info][gc,phases      ] GC(60)   Evacuate Collection Set: 1.5ms
[127.043s][info][gc,phases      ] GC(60)   Post Evacuate Collection Set: 0.9ms
[127.043s][info][gc,phases      ] GC(60)   Other: 0.1ms
[127.043s][info][gc,heap        ] GC(60) Eden regions: 203->0(203)
[127.043s][info][gc,heap        ] GC(60) Survivor regions: 1->1(26)
[127.043s][info][gc,heap        ] GC(60) Old regions: 102->102
[127.043s][info][gc,heap        ] GC(60) Archive regions: 0->0
[127.043s][info][gc,heap        ] GC(60) Humongous regions: 0->0
[127.043s][info][gc,metaspace   ] GC(60) Metaspace: 119333K(132032K)->119333K(132032K) NonClass: 102874K(110080K)->102874K(110080K) Class: 16459K(21952K)->16459K(21952K)
[127.043s][info][gc             ] GC(60) Pause Young (Normal) (G1 Evacuation Pause) 4628M->1381M(5440M) 3.154ms
[127.043s][info][gc,cpu         ] GC(60) User=0.00s Sys=0.00s Real=0.00s
[127.792s][info][gc,start       ] GC(61) Pause Full (System.gc())
[127.792s][info][gc,task        ] GC(61) Using 33 workers of 33 for full compaction
[127.794s][info][gc,phases,start] GC(61) Phase 1: Mark live objects
[127.840s][info][gc,phases      ] GC(61) Phase 1: Mark live objects 46.331ms
[127.840s][info][gc,phases,start] GC(61) Phase 2: Prepare compaction
[127.848s][info][gc,phases      ] GC(61) Phase 2: Prepare compaction 8.010ms
[127.848s][info][gc,phases,start] GC(61) Phase 3: Adjust pointers
[127.861s][info][gc,phases      ] GC(61) Phase 3: Adjust pointers 13.127ms
[127.861s][info][gc,phases,start] GC(61) Phase 4: Compact heap
[127.867s][info][gc,phases      ] GC(61) Phase 4: Compact heap 5.842ms
[127.885s][info][gc,heap        ] GC(61) Eden regions: 186->0(204)
[127.885s][info][gc,heap        ] GC(61) Survivor regions: 1->0(26)
[127.885s][info][gc,heap        ] GC(61) Old regions: 102->102
[127.885s][info][gc,heap        ] GC(61) Archive regions: 0->0
[127.885s][info][gc,heap        ] GC(61) Humongous regions: 0->0
[127.885s][info][gc,metaspace   ] GC(61) Metaspace: 119495K(132032K)->119495K(132032K) NonClass: 103035K(110080K)->103035K(110080K) Class: 16459K(21952K)->16459K(21952K)
[127.885s][info][gc             ] GC(61) Pause Full (System.gc()) 4356M->1373M(5440M) 92.893ms
[127.885s][info][gc,cpu         ] GC(61) User=1.58s Sys=0.00s Real=0.09s
[128.202s][info][gc,start       ] GC(62) Pause Young (Normal) (G1 Evacuation Pause)
[128.202s][info][gc,task        ] GC(62) Using 33 workers of 33 for evacuation
[128.205s][info][gc,phases      ] GC(62)   Pre Evacuate Collection Set: 0.2ms
[128.205s][info][gc,phases      ] GC(62)   Merge Heap Roots: 0.2ms
[128.205s][info][gc,phases      ] GC(62)   Evacuate Collection Set: 1.5ms
[128.205s][info][gc,phases      ] GC(62)   Post Evacuate Collection Set: 0.8ms
[128.205s][info][gc,phases      ] GC(62)   Other: 0.1ms
[128.205s][info][gc,heap        ] GC(62) Eden regions: 204->0(203)
[128.205s][info][gc,heap        ] GC(62) Survivor regions: 0->1(26)
[128.205s][info][gc,heap        ] GC(62) Old regions: 102->102
[128.205s][info][gc,heap        ] GC(62) Archive regions: 0->0
[128.205s][info][gc,heap        ] GC(62) Humongous regions: 0->0
[128.205s][info][gc,metaspace   ] GC(62) Metaspace: 119597K(132032K)->119597K(132032K) NonClass: 103138K(110080K)->103138K(110080K) Class: 16459K(21952K)->16459K(21952K)
[128.205s][info][gc             ] GC(62) Pause Young (Normal) (G1 Evacuation Pause) 4637M->1380M(5440M) 3.050ms
[128.205s][info][gc,cpu         ] GC(62) User=0.00s Sys=0.00s Real=0.00s
[128.428s][info][gc,start       ] GC(63) Pause Young (Normal) (G1 Evacuation Pause)
[128.428s][info][gc,task        ] GC(63) Using 33 workers of 33 for evacuation
[128.431s][info][gc,phases      ] GC(63)   Pre Evacuate Collection Set: 0.2ms
[128.431s][info][gc,phases      ] GC(63)   Merge Heap Roots: 0.2ms
[128.431s][info][gc,phases      ] GC(63)   Evacuate Collection Set: 1.3ms
[128.431s][info][gc,phases      ] GC(63)   Post Evacuate Collection Set: 0.7ms
[128.431s][info][gc,phases      ] GC(63)   Other: 0.1ms
[128.431s][info][gc,heap        ] GC(63) Eden regions: 203->0(203)
[128.431s][info][gc,heap        ] GC(63) Survivor regions: 1->1(26)
[128.431s][info][gc,heap        ] GC(63) Old regions: 102->102
[128.431s][info][gc,heap        ] GC(63) Archive regions: 0->0
[128.431s][info][gc,heap        ] GC(63) Humongous regions: 0->0
[128.431s][info][gc,metaspace   ] GC(63) Metaspace: 119597K(132032K)->119597K(132032K) NonClass: 103138K(110080K)->103138K(110080K) Class: 16459K(21952K)->16459K(21952K)
[128.431s][info][gc             ] GC(63) Pause Young (Normal) (G1 Evacuation Pause) 4628M->1381M(5440M) 2.734ms
[128.431s][info][gc,cpu         ] GC(63) User=0.00s Sys=0.00s Real=0.00s
[128.654s][info][gc,start       ] GC(64) Pause Young (Normal) (G1 Evacuation Pause)
[128.654s][info][gc,task        ] GC(64) Using 33 workers of 33 for evacuation
[128.660s][info][gc,phases      ] GC(64)   Pre Evacuate Collection Set: 0.2ms
[128.660s][info][gc,phases      ] GC(64)   Merge Heap Roots: 0.2ms
[128.660s][info][gc,phases      ] GC(64)   Evacuate Collection Set: 1.2ms
[128.660s][info][gc,phases      ] GC(64)   Post Evacuate Collection Set: 4.3ms
[128.660s][info][gc,phases      ] GC(64)   Other: 0.1ms
[128.660s][info][gc,heap        ] GC(64) Eden regions: 203->0(249)
[128.660s][info][gc,heap        ] GC(64) Survivor regions: 1->1(26)
[128.660s][info][gc,heap        ] GC(64) Old regions: 102->102
[128.660s][info][gc,heap        ] GC(64) Archive regions: 0->0
[128.660s][info][gc,heap        ] GC(64) Humongous regions: 0->0
[128.660s][info][gc,metaspace   ] GC(64) Metaspace: 119597K(132032K)->119597K(132032K) NonClass: 103138K(110080K)->103138K(110080K) Class: 16459K(21952K)->16459K(21952K)
[128.661s][info][gc             ] GC(64) Pause Young (Normal) (G1 Evacuation Pause) 4629M->1380M(6688M) 6.263ms
[128.661s][info][gc,cpu         ] GC(64) User=0.00s Sys=0.00s Real=0.00s
[129.651s][info][gc,start       ] GC(65) Pause Young (Normal) (G1 Evacuation Pause)
[129.651s][info][gc,task        ] GC(65) Using 33 workers of 33 for evacuation
[129.654s][info][gc,phases      ] GC(65)   Pre Evacuate Collection Set: 0.2ms
[129.654s][info][gc,phases      ] GC(65)   Merge Heap Roots: 0.2ms
[129.654s][info][gc,phases      ] GC(65)   Evacuate Collection Set: 1.3ms
[129.654s][info][gc,phases      ] GC(65)   Post Evacuate Collection Set: 0.9ms
[129.654s][info][gc,phases      ] GC(65)   Other: 0.1ms
[129.654s][info][gc,heap        ] GC(65) Eden regions: 249->0(249)
[129.654s][info][gc,heap        ] GC(65) Survivor regions: 1->1(32)
[129.654s][info][gc,heap        ] GC(65) Old regions: 102->102
[129.654s][info][gc,heap        ] GC(65) Archive regions: 0->0
[129.654s][info][gc,heap        ] GC(65) Humongous regions: 0->0
[129.654s][info][gc,metaspace   ] GC(65) Metaspace: 119597K(132032K)->119597K(132032K) NonClass: 103138K(110080K)->103138K(110080K) Class: 16459K(21952K)->16459K(21952K)
[129.654s][info][gc             ] GC(65) Pause Young (Normal) (G1 Evacuation Pause) 5364M->1381M(6688M) 2.890ms
[129.654s][info][gc,cpu         ] GC(65) User=0.52s Sys=0.02s Real=0.02s
[130.405s][info][gc,start       ] GC(66) Pause Full (System.gc())
[130.405s][info][gc,task        ] GC(66) Using 33 workers of 33 for full compaction
[130.406s][info][gc,phases,start] GC(66) Phase 1: Mark live objects
[130.447s][info][gc,phases      ] GC(66) Phase 1: Mark live objects 40.411ms
[130.447s][info][gc,phases,start] GC(66) Phase 2: Prepare compaction
[130.457s][info][gc,phases      ] GC(66) Phase 2: Prepare compaction 10.310ms
[130.457s][info][gc,phases,start] GC(66) Phase 3: Adjust pointers
[130.468s][info][gc,phases      ] GC(66) Phase 3: Adjust pointers 11.138ms
[130.468s][info][gc,phases,start] GC(66) Phase 4: Compact heap
[130.473s][info][gc,phases      ] GC(66) Phase 4: Compact heap 5.086ms
[130.491s][info][gc,heap        ] GC(66) Eden regions: 139->0(202)
[130.491s][info][gc,heap        ] GC(66) Survivor regions: 1->0(32)
[130.491s][info][gc,heap        ] GC(66) Old regions: 102->101
[130.491s][info][gc,heap        ] GC(66) Archive regions: 0->0
[130.491s][info][gc,heap        ] GC(66) Humongous regions: 0->0
[130.491s][info][gc,metaspace   ] GC(66) Metaspace: 119643K(132032K)->119643K(132032K) NonClass: 103181K(110080K)->103181K(110080K) Class: 16461K(21952K)->16461K(21952K)
[130.491s][info][gc             ] GC(66) Pause Full (System.gc()) 3604M->1373M(5392M) 86.257ms
[130.491s][info][gc,cpu         ] GC(66) User=2.02s Sys=0.50s Real=0.09s
[130.826s][info][gc,start       ] GC(67) Pause Young (Normal) (G1 Evacuation Pause)
[130.826s][info][gc,task        ] GC(67) Using 33 workers of 33 for evacuation
[130.829s][info][gc,phases      ] GC(67)   Pre Evacuate Collection Set: 0.2ms
[130.829s][info][gc,phases      ] GC(67)   Merge Heap Roots: 0.2ms
[130.829s][info][gc,phases      ] GC(67)   Evacuate Collection Set: 1.5ms
[130.829s][info][gc,phases      ] GC(67)   Post Evacuate Collection Set: 0.8ms
[130.829s][info][gc,phases      ] GC(67)   Other: 0.1ms
[130.829s][info][gc,heap        ] GC(67) Eden regions: 202->0(201)
[130.829s][info][gc,heap        ] GC(67) Survivor regions: 0->1(26)
[130.829s][info][gc,heap        ] GC(67) Old regions: 101->101
[130.829s][info][gc,heap        ] GC(67) Archive regions: 0->0
[130.829s][info][gc,heap        ] GC(67) Humongous regions: 0->0
[130.829s][info][gc,metaspace   ] GC(67) Metaspace: 119846K(132032K)->119846K(132032K) NonClass: 103384K(110080K)->103384K(110080K) Class: 16462K(21952K)->16462K(21952K)
[130.829s][info][gc             ] GC(67) Pause Young (Normal) (G1 Evacuation Pause) 4605M->1381M(5392M) 3.081ms
[130.829s][info][gc,cpu         ] GC(67) User=0.00s Sys=0.00s Real=0.00s
[131.075s][info][gc,start       ] GC(68) Pause Young (Normal) (G1 Evacuation Pause)
[131.075s][info][gc,task        ] GC(68) Using 33 workers of 33 for evacuation
[131.078s][info][gc,phases      ] GC(68)   Pre Evacuate Collection Set: 0.2ms
[131.078s][info][gc,phases      ] GC(68)   Merge Heap Roots: 0.2ms
[131.078s][info][gc,phases      ] GC(68)   Evacuate Collection Set: 1.3ms
[131.078s][info][gc,phases      ] GC(68)   Post Evacuate Collection Set: 0.8ms
[131.078s][info][gc,phases      ] GC(68)   Other: 0.1ms
[131.078s][info][gc,heap        ] GC(68) Eden regions: 201->0(201)
[131.078s][info][gc,heap        ] GC(68) Survivor regions: 1->1(26)
[131.078s][info][gc,heap        ] GC(68) Old regions: 101->101
[131.078s][info][gc,heap        ] GC(68) Archive regions: 0->0
[131.078s][info][gc,heap        ] GC(68) Humongous regions: 0->0
[131.078s][info][gc,metaspace   ] GC(68) Metaspace: 119846K(132032K)->119846K(132032K) NonClass: 103384K(110080K)->103384K(110080K) Class: 16462K(21952K)->16462K(21952K)
[131.078s][info][gc             ] GC(68) Pause Young (Normal) (G1 Evacuation Pause) 4597M->1380M(5392M) 2.974ms
[131.078s][info][gc,cpu         ] GC(68) User=0.00s Sys=0.00s Real=0.00s
[131.318s][info][gc,start       ] GC(69) Pause Young (Normal) (G1 Evacuation Pause)
[131.318s][info][gc,task        ] GC(69) Using 33 workers of 33 for evacuation
[131.321s][info][gc,phases      ] GC(69)   Pre Evacuate Collection Set: 0.2ms
[131.321s][info][gc,phases      ] GC(69)   Merge Heap Roots: 0.2ms
[131.321s][info][gc,phases      ] GC(69)   Evacuate Collection Set: 1.6ms
[131.321s][info][gc,phases      ] GC(69)   Post Evacuate Collection Set: 0.9ms
[131.321s][info][gc,phases      ] GC(69)   Other: 0.1ms
[131.321s][info][gc,heap        ] GC(69) Eden regions: 201->0(201)
[131.321s][info][gc,heap        ] GC(69) Survivor regions: 1->1(26)
[131.321s][info][gc,heap        ] GC(69) Old regions: 101->101
[131.321s][info][gc,heap        ] GC(69) Archive regions: 0->0
[131.321s][info][gc,heap        ] GC(69) Humongous regions: 0->0
[131.321s][info][gc,metaspace   ] GC(69) Metaspace: 119846K(132032K)->119846K(132032K) NonClass: 103384K(110080K)->103384K(110080K) Class: 16462K(21952K)->16462K(21952K)
[131.321s][info][gc             ] GC(69) Pause Young (Normal) (G1 Evacuation Pause) 4596M->1381M(5392M) 3.297ms
[131.321s][info][gc,cpu         ] GC(69) User=0.00s Sys=0.00s Real=0.00s
[131.564s][info][gc,start       ] GC(70) Pause Young (Normal) (G1 Evacuation Pause)
[131.564s][info][gc,task        ] GC(70) Using 33 workers of 33 for evacuation
[131.567s][info][gc,phases      ] GC(70)   Pre Evacuate Collection Set: 0.2ms
[131.567s][info][gc,phases      ] GC(70)   Merge Heap Roots: 0.2ms
[131.567s][info][gc,phases      ] GC(70)   Evacuate Collection Set: 1.5ms
[131.567s][info][gc,phases      ] GC(70)   Post Evacuate Collection Set: 0.9ms
[131.567s][info][gc,phases      ] GC(70)   Other: 0.1ms
[131.567s][info][gc,heap        ] GC(70) Eden regions: 201->0(201)
[131.567s][info][gc,heap        ] GC(70) Survivor regions: 1->1(26)
[131.567s][info][gc,heap        ] GC(70) Old regions: 101->101
[131.567s][info][gc,heap        ] GC(70) Archive regions: 0->0
[131.567s][info][gc,heap        ] GC(70) Humongous regions: 0->0
[131.567s][info][gc,metaspace   ] GC(70) Metaspace: 119846K(132032K)->119846K(132032K) NonClass: 103384K(110080K)->103384K(110080K) Class: 16462K(21952K)->16462K(21952K)
[131.567s][info][gc             ] GC(70) Pause Young (Normal) (G1 Evacuation Pause) 4597M->1381M(5392M) 3.155ms
[131.567s][info][gc,cpu         ] GC(70) User=0.38s Sys=0.02s Real=0.02s
[132.342s][info][gc,start       ] GC(71) Pause Full (System.gc())
[132.342s][info][gc,task        ] GC(71) Using 32 workers of 33 for full compaction
[132.343s][info][gc,phases,start] GC(71) Phase 1: Mark live objects
[132.382s][info][gc,phases      ] GC(71) Phase 1: Mark live objects 38.368ms
[132.382s][info][gc,phases,start] GC(71) Phase 2: Prepare compaction
[132.390s][info][gc,phases      ] GC(71) Phase 2: Prepare compaction 8.082ms
[132.390s][info][gc,phases,start] GC(71) Phase 3: Adjust pointers
[132.400s][info][gc,phases      ] GC(71) Phase 3: Adjust pointers 10.747ms
[132.401s][info][gc,phases,start] GC(71) Phase 4: Compact heap
[132.406s][info][gc,phases      ] GC(71) Phase 4: Compact heap 5.188ms
[132.426s][info][gc,heap        ] GC(71) Eden regions: 187->0(202)
[132.426s][info][gc,heap        ] GC(71) Survivor regions: 1->0(26)
[132.427s][info][gc,heap        ] GC(71) Old regions: 101->102
[132.427s][info][gc,heap        ] GC(71) Archive regions: 0->0
[132.427s][info][gc,heap        ] GC(71) Humongous regions: 0->0
[132.427s][info][gc,metaspace   ] GC(71) Metaspace: 119953K(132032K)->119953K(132032K) NonClass: 103490K(110080K)->103490K(110080K) Class: 16462K(21952K)->16462K(21952K)
[132.427s][info][gc             ] GC(71) Pause Full (System.gc()) 4363M->1374M(5392M) 84.857ms
[132.427s][info][gc,cpu         ] GC(71) User=1.52s Sys=0.00s Real=0.08s
[132.742s][info][gc,start       ] GC(72) Pause Young (Normal) (G1 Evacuation Pause)
[132.742s][info][gc,task        ] GC(72) Using 33 workers of 33 for evacuation
[132.745s][info][gc,phases      ] GC(72)   Pre Evacuate Collection Set: 0.2ms
[132.745s][info][gc,phases      ] GC(72)   Merge Heap Roots: 0.2ms
[132.745s][info][gc,phases      ] GC(72)   Evacuate Collection Set: 1.4ms
[132.745s][info][gc,phases      ] GC(72)   Post Evacuate Collection Set: 0.8ms
[132.745s][info][gc,phases      ] GC(72)   Other: 0.1ms
[132.745s][info][gc,heap        ] GC(72) Eden regions: 202->0(201)
[132.745s][info][gc,heap        ] GC(72) Survivor regions: 0->1(26)
[132.745s][info][gc,heap        ] GC(72) Old regions: 102->102
[132.745s][info][gc,heap        ] GC(72) Archive regions: 0->0
[132.745s][info][gc,heap        ] GC(72) Humongous regions: 0->0
[132.745s][info][gc,metaspace   ] GC(72) Metaspace: 120115K(132032K)->120115K(132032K) NonClass: 103652K(110080K)->103652K(110080K) Class: 16462K(21952K)->16462K(21952K)
[132.745s][info][gc             ] GC(72) Pause Young (Normal) (G1 Evacuation Pause) 4606M->1381M(5392M) 3.030ms
[132.745s][info][gc,cpu         ] GC(72) User=0.00s Sys=0.00s Real=0.00s
[132.968s][info][gc,start       ] GC(73) Pause Young (Normal) (G1 Evacuation Pause)
[132.969s][info][gc,task        ] GC(73) Using 33 workers of 33 for evacuation
[132.971s][info][gc,phases      ] GC(73)   Pre Evacuate Collection Set: 0.2ms
[132.971s][info][gc,phases      ] GC(73)   Merge Heap Roots: 0.2ms
[132.971s][info][gc,phases      ] GC(73)   Evacuate Collection Set: 1.3ms
[132.971s][info][gc,phases      ] GC(73)   Post Evacuate Collection Set: 0.7ms
[132.971s][info][gc,phases      ] GC(73)   Other: 0.1ms
[132.971s][info][gc,heap        ] GC(73) Eden regions: 201->0(201)
[132.971s][info][gc,heap        ] GC(73) Survivor regions: 1->1(26)
[132.971s][info][gc,heap        ] GC(73) Old regions: 102->102
[132.971s][info][gc,heap        ] GC(73) Archive regions: 0->0
[132.971s][info][gc,heap        ] GC(73) Humongous regions: 0->0
[132.971s][info][gc,metaspace   ] GC(73) Metaspace: 120115K(132032K)->120115K(132032K) NonClass: 103652K(110080K)->103652K(110080K) Class: 16462K(21952K)->16462K(21952K)
[132.971s][info][gc             ] GC(73) Pause Young (Normal) (G1 Evacuation Pause) 4597M->1381M(5392M) 2.759ms
[132.971s][info][gc,cpu         ] GC(73) User=0.00s Sys=0.00s Real=0.00s
[133.193s][info][gc,start       ] GC(74) Pause Young (Normal) (G1 Evacuation Pause)
[133.194s][info][gc,task        ] GC(74) Using 33 workers of 33 for evacuation
[133.196s][info][gc,phases      ] GC(74)   Pre Evacuate Collection Set: 0.2ms
[133.196s][info][gc,phases      ] GC(74)   Merge Heap Roots: 0.2ms
[133.196s][info][gc,phases      ] GC(74)   Evacuate Collection Set: 1.3ms
[133.196s][info][gc,phases      ] GC(74)   Post Evacuate Collection Set: 0.8ms
[133.196s][info][gc,phases      ] GC(74)   Other: 0.1ms
[133.196s][info][gc,heap        ] GC(74) Eden regions: 201->0(201)
[133.196s][info][gc,heap        ] GC(74) Survivor regions: 1->1(26)
[133.196s][info][gc,heap        ] GC(74) Old regions: 102->102
[133.196s][info][gc,heap        ] GC(74) Archive regions: 0->0
[133.196s][info][gc,heap        ] GC(74) Humongous regions: 0->0
[133.196s][info][gc,metaspace   ] GC(74) Metaspace: 120115K(132032K)->120115K(132032K) NonClass: 103652K(110080K)->103652K(110080K) Class: 16462K(21952K)->16462K(21952K)
[133.196s][info][gc             ] GC(74) Pause Young (Normal) (G1 Evacuation Pause) 4597M->1381M(5392M) 2.878ms
[133.196s][info][gc,cpu         ] GC(74) User=0.00s Sys=0.00s Real=0.00s
[133.419s][info][gc,start       ] GC(75) Pause Young (Normal) (G1 Evacuation Pause)
[133.419s][info][gc,task        ] GC(75) Using 33 workers of 33 for evacuation
[133.422s][info][gc,phases      ] GC(75)   Pre Evacuate Collection Set: 0.2ms
[133.422s][info][gc,phases      ] GC(75)   Merge Heap Roots: 0.2ms
[133.422s][info][gc,phases      ] GC(75)   Evacuate Collection Set: 1.3ms
[133.422s][info][gc,phases      ] GC(75)   Post Evacuate Collection Set: 0.8ms
[133.422s][info][gc,phases      ] GC(75)   Other: 0.1ms
[133.422s][info][gc,heap        ] GC(75) Eden regions: 201->0(201)
[133.422s][info][gc,heap        ] GC(75) Survivor regions: 1->1(26)
[133.422s][info][gc,heap        ] GC(75) Old regions: 102->102
[133.422s][info][gc,heap        ] GC(75) Archive regions: 0->0
[133.422s][info][gc,heap        ] GC(75) Humongous regions: 0->0
[133.422s][info][gc,metaspace   ] GC(75) Metaspace: 120116K(132032K)->120116K(132032K) NonClass: 103653K(110080K)->103653K(110080K) Class: 16462K(21952K)->16462K(21952K)
[133.422s][info][gc             ] GC(75) Pause Young (Normal) (G1 Evacuation Pause) 4597M->1381M(5392M) 2.899ms
[133.422s][info][gc,cpu         ] GC(75) User=0.00s Sys=0.00s Real=0.00s
[134.157s][info][gc,start       ] GC(76) Pause Full (System.gc())
[134.157s][info][gc,task        ] GC(76) Using 32 workers of 33 for full compaction
[134.159s][info][gc,phases,start] GC(76) Phase 1: Mark live objects
[134.198s][info][gc,phases      ] GC(76) Phase 1: Mark live objects 39.135ms
[134.198s][info][gc,phases,start] GC(76) Phase 2: Prepare compaction
[134.206s][info][gc,phases      ] GC(76) Phase 2: Prepare compaction 7.880ms
[134.206s][info][gc,phases,start] GC(76) Phase 3: Adjust pointers
[134.217s][info][gc,phases      ] GC(76) Phase 3: Adjust pointers 10.725ms
[134.217s][info][gc,phases,start] GC(76) Phase 4: Compact heap
[134.223s][info][gc,phases      ] GC(76) Phase 4: Compact heap 6.434ms
[134.239s][info][gc,heap        ] GC(76) Eden regions: 193->0(202)
[134.239s][info][gc,heap        ] GC(76) Survivor regions: 1->0(26)
[134.239s][info][gc,heap        ] GC(76) Old regions: 102->102
[134.239s][info][gc,heap        ] GC(76) Archive regions: 0->0
[134.239s][info][gc,heap        ] GC(76) Humongous regions: 0->0
[134.239s][info][gc,metaspace   ] GC(76) Metaspace: 120149K(132032K)->120149K(132032K) NonClass: 103686K(110080K)->103686K(110080K) Class: 16462K(21952K)->16462K(21952K)
[134.239s][info][gc             ] GC(76) Pause Full (System.gc()) 4459M->1374M(5392M) 81.582ms
[134.239s][info][gc,cpu         ] GC(76) User=2.03s Sys=0.00s Real=0.08s
[134.553s][info][gc,start       ] GC(77) Pause Young (Normal) (G1 Evacuation Pause)
[134.553s][info][gc,task        ] GC(77) Using 33 workers of 33 for evacuation
[134.556s][info][gc,phases      ] GC(77)   Pre Evacuate Collection Set: 0.2ms
[134.556s][info][gc,phases      ] GC(77)   Merge Heap Roots: 0.2ms
[134.556s][info][gc,phases      ] GC(77)   Evacuate Collection Set: 1.5ms
[134.556s][info][gc,phases      ] GC(77)   Post Evacuate Collection Set: 0.8ms
[134.556s][info][gc,phases      ] GC(77)   Other: 0.1ms
[134.556s][info][gc,heap        ] GC(77) Eden regions: 202->0(201)
[134.556s][info][gc,heap        ] GC(77) Survivor regions: 0->1(26)
[134.556s][info][gc,heap        ] GC(77) Old regions: 102->102
[134.556s][info][gc,heap        ] GC(77) Archive regions: 0->0
[134.556s][info][gc,heap        ] GC(77) Humongous regions: 0->0
[134.556s][info][gc,metaspace   ] GC(77) Metaspace: 120260K(132096K)->120260K(132096K) NonClass: 103796K(110144K)->103796K(110144K) Class: 16463K(21952K)->16463K(21952K)
[134.556s][info][gc             ] GC(77) Pause Young (Normal) (G1 Evacuation Pause) 4606M->1381M(5392M) 3.133ms
[134.556s][info][gc,cpu         ] GC(77) User=0.00s Sys=0.00s Real=0.00s
[134.779s][info][gc,start       ] GC(78) Pause Young (Normal) (G1 Evacuation Pause)
[134.779s][info][gc,task        ] GC(78) Using 33 workers of 33 for evacuation
[134.782s][info][gc,phases      ] GC(78)   Pre Evacuate Collection Set: 0.2ms
[134.782s][info][gc,phases      ] GC(78)   Merge Heap Roots: 0.2ms
[134.782s][info][gc,phases      ] GC(78)   Evacuate Collection Set: 1.3ms
[134.782s][info][gc,phases      ] GC(78)   Post Evacuate Collection Set: 0.8ms
[134.782s][info][gc,phases      ] GC(78)   Other: 0.1ms
[134.782s][info][gc,heap        ] GC(78) Eden regions: 201->0(201)
[134.782s][info][gc,heap        ] GC(78) Survivor regions: 1->1(26)
[134.782s][info][gc,heap        ] GC(78) Old regions: 102->102
[134.782s][info][gc,heap        ] GC(78) Archive regions: 0->0
[134.782s][info][gc,heap        ] GC(78) Humongous regions: 0->0
[134.782s][info][gc,metaspace   ] GC(78) Metaspace: 120260K(132096K)->120260K(132096K) NonClass: 103796K(110144K)->103796K(110144K) Class: 16463K(21952K)->16463K(21952K)
[134.782s][info][gc             ] GC(78) Pause Young (Normal) (G1 Evacuation Pause) 4597M->1381M(5392M) 2.775ms
[134.782s][info][gc,cpu         ] GC(78) User=0.00s Sys=0.00s Real=0.00s
[135.004s][info][gc,start       ] GC(79) Pause Young (Normal) (G1 Evacuation Pause)
[135.005s][info][gc,task        ] GC(79) Using 33 workers of 33 for evacuation
[135.011s][info][gc,phases      ] GC(79)   Pre Evacuate Collection Set: 0.2ms
[135.011s][info][gc,phases      ] GC(79)   Merge Heap Roots: 0.2ms
[135.011s][info][gc,phases      ] GC(79)   Evacuate Collection Set: 1.2ms
[135.011s][info][gc,phases      ] GC(79)   Post Evacuate Collection Set: 4.4ms
[135.011s][info][gc,phases      ] GC(79)   Other: 0.1ms
[135.011s][info][gc,heap        ] GC(79) Eden regions: 201->0(252)
[135.011s][info][gc,heap        ] GC(79) Survivor regions: 1->1(26)
[135.011s][info][gc,heap        ] GC(79) Old regions: 102->102
[135.011s][info][gc,heap        ] GC(79) Archive regions: 0->0
[135.011s][info][gc,heap        ] GC(79) Humongous regions: 0->0
[135.011s][info][gc,metaspace   ] GC(79) Metaspace: 120260K(132096K)->120260K(132096K) NonClass: 103796K(110144K)->103796K(110144K) Class: 16463K(21952K)->16463K(21952K)
[135.011s][info][gc             ] GC(79) Pause Young (Normal) (G1 Evacuation Pause) 4597M->1381M(6752M) 6.381ms
[135.011s][info][gc,cpu         ] GC(79) User=0.00s Sys=0.00s Real=0.00s
[136.058s][info][gc,start       ] GC(80) Pause Young (Normal) (G1 Evacuation Pause)
[136.058s][info][gc,task        ] GC(80) Using 33 workers of 33 for evacuation
[136.061s][info][gc,phases      ] GC(80)   Pre Evacuate Collection Set: 0.2ms
[136.061s][info][gc,phases      ] GC(80)   Merge Heap Roots: 0.2ms
[136.061s][info][gc,phases      ] GC(80)   Evacuate Collection Set: 1.3ms
[136.061s][info][gc,phases      ] GC(80)   Post Evacuate Collection Set: 0.9ms
[136.061s][info][gc,phases      ] GC(80)   Other: 0.1ms
[136.061s][info][gc,heap        ] GC(80) Eden regions: 252->0(252)
[136.061s][info][gc,heap        ] GC(80) Survivor regions: 1->1(32)
[136.061s][info][gc,heap        ] GC(80) Old regions: 102->102
[136.061s][info][gc,heap        ] GC(80) Archive regions: 0->0
[136.061s][info][gc,heap        ] GC(80) Humongous regions: 0->0
[136.061s][info][gc,metaspace   ] GC(80) Metaspace: 120260K(132096K)->120260K(132096K) NonClass: 103796K(110144K)->103796K(110144K) Class: 16463K(21952K)->16463K(21952K)
[136.061s][info][gc             ] GC(80) Pause Young (Normal) (G1 Evacuation Pause) 5413M->1381M(6752M) 2.905ms
[136.061s][info][gc,cpu         ] GC(80) User=0.00s Sys=0.00s Real=0.00s
[136.751s][info][gc,start       ] GC(81) Pause Full (System.gc())
[136.751s][info][gc,task        ] GC(81) Using 33 workers of 33 for full compaction
[136.753s][info][gc,phases,start] GC(81) Phase 1: Mark live objects
[136.796s][info][gc,phases      ] GC(81) Phase 1: Mark live objects 43.284ms
[136.796s][info][gc,phases,start] GC(81) Phase 2: Prepare compaction
[136.806s][info][gc,phases      ] GC(81) Phase 2: Prepare compaction 10.359ms
[136.806s][info][gc,phases,start] GC(81) Phase 3: Adjust pointers
[136.818s][info][gc,phases      ] GC(81) Phase 3: Adjust pointers 11.118ms
[136.818s][info][gc,phases,start] GC(81) Phase 4: Compact heap
[136.823s][info][gc,phases      ] GC(81) Phase 4: Compact heap 5.797ms
[136.842s][info][gc,heap        ] GC(81) Eden regions: 142->0(202)
[136.842s][info][gc,heap        ] GC(81) Survivor regions: 1->0(32)
[136.842s][info][gc,heap        ] GC(81) Old regions: 102->101
[136.842s][info][gc,heap        ] GC(81) Archive regions: 0->0
[136.842s][info][gc,heap        ] GC(81) Humongous regions: 0->0
[136.842s][info][gc,metaspace   ] GC(81) Metaspace: 120301K(132096K)->120301K(132096K) NonClass: 103837K(110144K)->103837K(110144K) Class: 16464K(21952K)->16464K(21952K)
[136.842s][info][gc             ] GC(81) Pause Full (System.gc()) 3647M->1374M(5392M) 91.039ms
[136.842s][info][gc,cpu         ] GC(81) User=2.11s Sys=0.00s Real=0.09s
[137.176s][info][gc,start       ] GC(82) Pause Young (Normal) (G1 Evacuation Pause)
[137.176s][info][gc,task        ] GC(82) Using 33 workers of 33 for evacuation
[137.179s][info][gc,phases      ] GC(82)   Pre Evacuate Collection Set: 0.2ms
[137.179s][info][gc,phases      ] GC(82)   Merge Heap Roots: 0.2ms
[137.179s][info][gc,phases      ] GC(82)   Evacuate Collection Set: 1.5ms
[137.179s][info][gc,phases      ] GC(82)   Post Evacuate Collection Set: 0.8ms
[137.179s][info][gc,phases      ] GC(82)   Other: 0.1ms
[137.179s][info][gc,heap        ] GC(82) Eden regions: 202->0(201)
[137.179s][info][gc,heap        ] GC(82) Survivor regions: 0->1(26)
[137.179s][info][gc,heap        ] GC(82) Old regions: 101->101
[137.179s][info][gc,heap        ] GC(82) Archive regions: 0->0
[137.179s][info][gc,heap        ] GC(82) Humongous regions: 0->0
[137.179s][info][gc,metaspace   ] GC(82) Metaspace: 120528K(132160K)->120528K(132160K) NonClass: 104064K(110208K)->104064K(110208K) Class: 16464K(21952K)->16464K(21952K)
[137.179s][info][gc             ] GC(82) Pause Young (Normal) (G1 Evacuation Pause) 4606M->1381M(5392M) 3.124ms
[137.179s][info][gc,cpu         ] GC(82) User=0.00s Sys=0.00s Real=0.00s
[137.427s][info][gc,start       ] GC(83) Pause Young (Normal) (G1 Evacuation Pause)
[137.427s][info][gc,task        ] GC(83) Using 33 workers of 33 for evacuation
[137.430s][info][gc,phases      ] GC(83)   Pre Evacuate Collection Set: 0.2ms
[137.430s][info][gc,phases      ] GC(83)   Merge Heap Roots: 0.2ms
[137.430s][info][gc,phases      ] GC(83)   Evacuate Collection Set: 1.4ms
[137.430s][info][gc,phases      ] GC(83)   Post Evacuate Collection Set: 0.8ms
[137.430s][info][gc,phases      ] GC(83)   Other: 0.1ms
[137.430s][info][gc,heap        ] GC(83) Eden regions: 201->0(201)
[137.430s][info][gc,heap        ] GC(83) Survivor regions: 1->1(26)
[137.430s][info][gc,heap        ] GC(83) Old regions: 101->101
[137.430s][info][gc,heap        ] GC(83) Archive regions: 0->0
[137.430s][info][gc,heap        ] GC(83) Humongous regions: 0->0
[137.430s][info][gc,metaspace   ] GC(83) Metaspace: 120528K(132160K)->120528K(132160K) NonClass: 104064K(110208K)->104064K(110208K) Class: 16464K(21952K)->16464K(21952K)
[137.430s][info][gc             ] GC(83) Pause Young (Normal) (G1 Evacuation Pause) 4597M->1381M(5392M) 3.021ms
[137.430s][info][gc,cpu         ] GC(83) User=0.00s Sys=0.00s Real=0.00s
[137.677s][info][gc,start       ] GC(84) Pause Young (Normal) (G1 Evacuation Pause)
[137.677s][info][gc,task        ] GC(84) Using 33 workers of 33 for evacuation
[137.680s][info][gc,phases      ] GC(84)   Pre Evacuate Collection Set: 0.2ms
[137.680s][info][gc,phases      ] GC(84)   Merge Heap Roots: 0.2ms
[137.680s][info][gc,phases      ] GC(84)   Evacuate Collection Set: 1.4ms
[137.680s][info][gc,phases      ] GC(84)   Post Evacuate Collection Set: 0.9ms
[137.680s][info][gc,phases      ] GC(84)   Other: 0.1ms
[137.680s][info][gc,heap        ] GC(84) Eden regions: 201->0(201)
[137.680s][info][gc,heap        ] GC(84) Survivor regions: 1->1(26)
[137.680s][info][gc,heap        ] GC(84) Old regions: 101->101
[137.680s][info][gc,heap        ] GC(84) Archive regions: 0->0
[137.680s][info][gc,heap        ] GC(84) Humongous regions: 0->0
[137.680s][info][gc,metaspace   ] GC(84) Metaspace: 120528K(132160K)->120528K(132160K) NonClass: 104064K(110208K)->104064K(110208K) Class: 16464K(21952K)->16464K(21952K)
[137.680s][info][gc             ] GC(84) Pause Young (Normal) (G1 Evacuation Pause) 4597M->1381M(5392M) 3.272ms
[137.680s][info][gc,cpu         ] GC(84) User=0.00s Sys=0.00s Real=0.00s
[137.927s][info][gc,start       ] GC(85) Pause Young (Normal) (G1 Evacuation Pause)
[137.927s][info][gc,task        ] GC(85) Using 33 workers of 33 for evacuation
[137.930s][info][gc,phases      ] GC(85)   Pre Evacuate Collection Set: 0.2ms
[137.930s][info][gc,phases      ] GC(85)   Merge Heap Roots: 0.2ms
[137.930s][info][gc,phases      ] GC(85)   Evacuate Collection Set: 1.3ms
[137.930s][info][gc,phases      ] GC(85)   Post Evacuate Collection Set: 0.8ms
[137.930s][info][gc,phases      ] GC(85)   Other: 0.1ms
[137.930s][info][gc,heap        ] GC(85) Eden regions: 201->0(201)
[137.930s][info][gc,heap        ] GC(85) Survivor regions: 1->1(26)
[137.930s][info][gc,heap        ] GC(85) Old regions: 101->101
[137.930s][info][gc,heap        ] GC(85) Archive regions: 0->0
[137.930s][info][gc,heap        ] GC(85) Humongous regions: 0->0
[137.930s][info][gc,metaspace   ] GC(85) Metaspace: 120528K(132160K)->120528K(132160K) NonClass: 104064K(110208K)->104064K(110208K) Class: 16464K(21952K)->16464K(21952K)
[137.930s][info][gc             ] GC(85) Pause Young (Normal) (G1 Evacuation Pause) 4597M->1381M(5392M) 3.011ms
[137.930s][info][gc,cpu         ] GC(85) User=0.00s Sys=0.00s Real=0.00s
[138.666s][info][gc,start       ] GC(86) Pause Full (System.gc())
[138.666s][info][gc,task        ] GC(86) Using 32 workers of 33 for full compaction
[138.668s][info][gc,phases,start] GC(86) Phase 1: Mark live objects
[138.707s][info][gc,phases      ] GC(86) Phase 1: Mark live objects 39.339ms
[138.707s][info][gc,phases,start] GC(86) Phase 2: Prepare compaction
[138.715s][info][gc,phases      ] GC(86) Phase 2: Prepare compaction 7.628ms
[138.715s][info][gc,phases,start] GC(86) Phase 3: Adjust pointers
[138.728s][info][gc,phases      ] GC(86) Phase 3: Adjust pointers 12.869ms
[138.728s][info][gc,phases,start] GC(86) Phase 4: Compact heap
[138.733s][info][gc,phases      ] GC(86) Phase 4: Compact heap 5.569ms
[138.752s][info][gc,heap        ] GC(86) Eden regions: 187->0(202)
[138.752s][info][gc,heap        ] GC(86) Survivor regions: 1->0(26)
[138.752s][info][gc,heap        ] GC(86) Old regions: 101->101
[138.752s][info][gc,heap        ] GC(86) Archive regions: 0->0
[138.752s][info][gc,heap        ] GC(86) Humongous regions: 0->0
[138.752s][info][gc,metaspace   ] GC(86) Metaspace: 120617K(132160K)->120617K(132160K) NonClass: 104153K(110208K)->104153K(110208K) Class: 16464K(21952K)->16464K(21952K)
[138.752s][info][gc             ] GC(86) Pause Full (System.gc()) 4366M->1374M(5392M) 86.352ms
[138.753s][info][gc,cpu         ] GC(86) User=1.94s Sys=0.06s Real=0.09s
[139.068s][info][gc,start       ] GC(87) Pause Young (Normal) (G1 Evacuation Pause)
[139.068s][info][gc,task        ] GC(87) Using 33 workers of 33 for evacuation
[139.070s][info][gc,phases      ] GC(87)   Pre Evacuate Collection Set: 0.2ms
[139.070s][info][gc,phases      ] GC(87)   Merge Heap Roots: 0.2ms
[139.070s][info][gc,phases      ] GC(87)   Evacuate Collection Set: 1.4ms
[139.070s][info][gc,phases      ] GC(87)   Post Evacuate Collection Set: 0.8ms
[139.070s][info][gc,phases      ] GC(87)   Other: 0.1ms
[139.070s][info][gc,heap        ] GC(87) Eden regions: 202->0(201)
[139.070s][info][gc,heap        ] GC(87) Survivor regions: 0->1(26)
[139.070s][info][gc,heap        ] GC(87) Old regions: 101->101
[139.070s][info][gc,heap        ] GC(87) Archive regions: 0->0
[139.070s][info][gc,heap        ] GC(87) Humongous regions: 0->0
[139.070s][info][gc,metaspace   ] GC(87) Metaspace: 120742K(132160K)->120742K(132160K) NonClass: 104278K(110208K)->104278K(110208K) Class: 16464K(21952K)->16464K(21952K)
[139.071s][info][gc             ] GC(87) Pause Young (Normal) (G1 Evacuation Pause) 4606M->1381M(5392M) 2.976ms
[139.071s][info][gc,cpu         ] GC(87) User=0.00s Sys=0.00s Real=0.00s
[139.292s][info][gc,start       ] GC(88) Pause Young (Normal) (G1 Evacuation Pause)
[139.292s][info][gc,task        ] GC(88) Using 33 workers of 33 for evacuation
[139.294s][info][gc,phases      ] GC(88)   Pre Evacuate Collection Set: 0.2ms
[139.294s][info][gc,phases      ] GC(88)   Merge Heap Roots: 0.2ms
[139.294s][info][gc,phases      ] GC(88)   Evacuate Collection Set: 1.3ms
[139.294s][info][gc,phases      ] GC(88)   Post Evacuate Collection Set: 0.8ms
[139.294s][info][gc,phases      ] GC(88)   Other: 0.1ms
[139.294s][info][gc,heap        ] GC(88) Eden regions: 201->0(201)
[139.294s][info][gc,heap        ] GC(88) Survivor regions: 1->1(26)
[139.294s][info][gc,heap        ] GC(88) Old regions: 101->101
[139.294s][info][gc,heap        ] GC(88) Archive regions: 0->0
[139.295s][info][gc,heap        ] GC(88) Humongous regions: 0->0
[139.295s][info][gc,metaspace   ] GC(88) Metaspace: 120742K(132160K)->120742K(132160K) NonClass: 104278K(110208K)->104278K(110208K) Class: 16464K(21952K)->16464K(21952K)
[139.295s][info][gc             ] GC(88) Pause Young (Normal) (G1 Evacuation Pause) 4597M->1381M(5392M) 2.881ms
[139.295s][info][gc,cpu         ] GC(88) User=0.00s Sys=0.00s Real=0.00s
[139.516s][info][gc,start       ] GC(89) Pause Young (Normal) (G1 Evacuation Pause)
[139.516s][info][gc,task        ] GC(89) Using 33 workers of 33 for evacuation
[139.518s][info][gc,phases      ] GC(89)   Pre Evacuate Collection Set: 0.2ms
[139.518s][info][gc,phases      ] GC(89)   Merge Heap Roots: 0.2ms
[139.518s][info][gc,phases      ] GC(89)   Evacuate Collection Set: 1.2ms
[139.518s][info][gc,phases      ] GC(89)   Post Evacuate Collection Set: 0.7ms
[139.518s][info][gc,phases      ] GC(89)   Other: 0.1ms
[139.518s][info][gc,heap        ] GC(89) Eden regions: 201->0(201)
[139.518s][info][gc,heap        ] GC(89) Survivor regions: 1->1(26)
[139.518s][info][gc,heap        ] GC(89) Old regions: 101->101
[139.519s][info][gc,heap        ] GC(89) Archive regions: 0->0
[139.519s][info][gc,heap        ] GC(89) Humongous regions: 0->0
[139.519s][info][gc,metaspace   ] GC(89) Metaspace: 120742K(132160K)->120742K(132160K) NonClass: 104278K(110208K)->104278K(110208K) Class: 16464K(21952K)->16464K(21952K)
[139.519s][info][gc             ] GC(89) Pause Young (Normal) (G1 Evacuation Pause) 4597M->1381M(5392M) 2.728ms
[139.519s][info][gc,cpu         ] GC(89) User=0.00s Sys=0.02s Real=0.02s
[139.740s][info][gc,start       ] GC(90) Pause Young (Normal) (G1 Evacuation Pause)
[139.740s][info][gc,task        ] GC(90) Using 33 workers of 33 for evacuation
[139.743s][info][gc,phases      ] GC(90)   Pre Evacuate Collection Set: 0.2ms
[139.743s][info][gc,phases      ] GC(90)   Merge Heap Roots: 0.2ms
[139.743s][info][gc,phases      ] GC(90)   Evacuate Collection Set: 1.4ms
[139.743s][info][gc,phases      ] GC(90)   Post Evacuate Collection Set: 0.8ms
[139.743s][info][gc,phases      ] GC(90)   Other: 0.1ms
[139.743s][info][gc,heap        ] GC(90) Eden regions: 201->0(201)
[139.743s][info][gc,heap        ] GC(90) Survivor regions: 1->1(26)
[139.743s][info][gc,heap        ] GC(90) Old regions: 101->101
[139.743s][info][gc,heap        ] GC(90) Archive regions: 0->0
[139.743s][info][gc,heap        ] GC(90) Humongous regions: 0->0
[139.743s][info][gc,metaspace   ] GC(90) Metaspace: 120742K(132160K)->120742K(132160K) NonClass: 104278K(110208K)->104278K(110208K) Class: 16464K(21952K)->16464K(21952K)
[139.743s][info][gc             ] GC(90) Pause Young (Normal) (G1 Evacuation Pause) 4597M->1381M(5392M) 3.013ms
[139.743s][info][gc,cpu         ] GC(90) User=0.52s Sys=0.00s Real=0.02s
[140.755s][info][gc,start       ] GC(91) Pause Full (System.gc())
[140.755s][info][gc,task        ] GC(91) Using 32 workers of 33 for full compaction
[140.756s][info][gc,phases,start] GC(91) Phase 1: Mark live objects
[140.799s][info][gc,phases      ] GC(91) Phase 1: Mark live objects 43.265ms
[140.800s][info][gc,phases,start] GC(91) Phase 2: Prepare compaction
[140.807s][info][gc,phases      ] GC(91) Phase 2: Prepare compaction 7.546ms
[140.807s][info][gc,phases,start] GC(91) Phase 3: Adjust pointers
[140.823s][info][gc,phases      ] GC(91) Phase 3: Adjust pointers 15.990ms
[140.823s][info][gc,phases,start] GC(91) Phase 4: Compact heap
[140.831s][info][gc,phases      ] GC(91) Phase 4: Compact heap 7.837ms
[140.854s][info][gc,heap        ] GC(91) Eden regions: 192->0(202)
[140.854s][info][gc,heap        ] GC(91) Survivor regions: 1->0(26)
[140.854s][info][gc,heap        ] GC(91) Old regions: 101->101
[140.854s][info][gc,heap        ] GC(91) Archive regions: 0->0
[140.854s][info][gc,heap        ] GC(91) Humongous regions: 0->0
[140.854s][info][gc,metaspace   ] GC(91) Metaspace: 120757K(132160K)->120757K(132160K) NonClass: 104293K(110208K)->104293K(110208K) Class: 16464K(21952K)->16464K(21952K)
[140.854s][info][gc             ] GC(91) Pause Full (System.gc()) 4452M->1374M(5392M) 98.582ms
[140.854s][info][gc,cpu         ] GC(91) User=1.45s Sys=0.06s Real=0.11s
[141.170s][info][gc,start       ] GC(92) Pause Young (Normal) (G1 Evacuation Pause)
[141.170s][info][gc,task        ] GC(92) Using 33 workers of 33 for evacuation
[141.173s][info][gc,phases      ] GC(92)   Pre Evacuate Collection Set: 0.2ms
[141.173s][info][gc,phases      ] GC(92)   Merge Heap Roots: 0.2ms
[141.173s][info][gc,phases      ] GC(92)   Evacuate Collection Set: 1.4ms
[141.173s][info][gc,phases      ] GC(92)   Post Evacuate Collection Set: 0.8ms
[141.173s][info][gc,phases      ] GC(92)   Other: 0.1ms
[141.173s][info][gc,heap        ] GC(92) Eden regions: 202->0(201)
[141.173s][info][gc,heap        ] GC(92) Survivor regions: 0->1(26)
[141.173s][info][gc,heap        ] GC(92) Old regions: 101->101
[141.173s][info][gc,heap        ] GC(92) Archive regions: 0->0
[141.173s][info][gc,heap        ] GC(92) Humongous regions: 0->0
[141.173s][info][gc,metaspace   ] GC(92) Metaspace: 120838K(132160K)->120838K(132160K) NonClass: 104373K(110208K)->104373K(110208K) Class: 16464K(21952K)->16464K(21952K)
[141.173s][info][gc             ] GC(92) Pause Young (Normal) (G1 Evacuation Pause) 4606M->1381M(5392M) 2.960ms
[141.173s][info][gc,cpu         ] GC(92) User=0.00s Sys=0.00s Real=0.00s
[141.396s][info][gc,start       ] GC(93) Pause Young (Normal) (G1 Evacuation Pause)
[141.396s][info][gc,task        ] GC(93) Using 33 workers of 33 for evacuation
[141.399s][info][gc,phases      ] GC(93)   Pre Evacuate Collection Set: 0.2ms
[141.399s][info][gc,phases      ] GC(93)   Merge Heap Roots: 0.2ms
[141.399s][info][gc,phases      ] GC(93)   Evacuate Collection Set: 1.3ms
[141.399s][info][gc,phases      ] GC(93)   Post Evacuate Collection Set: 0.7ms
[141.399s][info][gc,phases      ] GC(93)   Other: 0.1ms
[141.399s][info][gc,heap        ] GC(93) Eden regions: 201->0(201)
[141.399s][info][gc,heap        ] GC(93) Survivor regions: 1->1(26)
[141.399s][info][gc,heap        ] GC(93) Old regions: 101->101
[141.399s][info][gc,heap        ] GC(93) Archive regions: 0->0
[141.399s][info][gc,heap        ] GC(93) Humongous regions: 0->0
[141.399s][info][gc,metaspace   ] GC(93) Metaspace: 120838K(132160K)->120838K(132160K) NonClass: 104373K(110208K)->104373K(110208K) Class: 16464K(21952K)->16464K(21952K)
[141.399s][info][gc             ] GC(93) Pause Young (Normal) (G1 Evacuation Pause) 4597M->1381M(5392M) 2.820ms
[141.399s][info][gc,cpu         ] GC(93) User=0.03s Sys=0.00s Real=0.02s
[141.622s][info][gc,start       ] GC(94) Pause Young (Normal) (G1 Evacuation Pause)
[141.622s][info][gc,task        ] GC(94) Using 33 workers of 33 for evacuation
[141.629s][info][gc,phases      ] GC(94)   Pre Evacuate Collection Set: 0.2ms
[141.629s][info][gc,phases      ] GC(94)   Merge Heap Roots: 0.2ms
[141.629s][info][gc,phases      ] GC(94)   Evacuate Collection Set: 1.2ms
[141.629s][info][gc,phases      ] GC(94)   Post Evacuate Collection Set: 4.6ms
[141.629s][info][gc,phases      ] GC(94)   Other: 0.1ms
[141.629s][info][gc,heap        ] GC(94) Eden regions: 201->0(256)
[141.629s][info][gc,heap        ] GC(94) Survivor regions: 1->1(26)
[141.629s][info][gc,heap        ] GC(94) Old regions: 101->101
[141.629s][info][gc,heap        ] GC(94) Archive regions: 0->0
[141.629s][info][gc,heap        ] GC(94) Humongous regions: 0->0
[141.629s][info][gc,metaspace   ] GC(94) Metaspace: 120838K(132160K)->120838K(132160K) NonClass: 104373K(110208K)->104373K(110208K) Class: 16464K(21952K)->16464K(21952K)
[141.629s][info][gc             ] GC(94) Pause Young (Normal) (G1 Evacuation Pause) 4597M->1381M(6864M) 6.632ms
[141.629s][info][gc,cpu         ] GC(94) User=0.00s Sys=0.00s Real=0.00s
[142.780s][info][gc,start       ] GC(95) Pause Young (Normal) (G1 Evacuation Pause)
[142.780s][info][gc,task        ] GC(95) Using 33 workers of 33 for evacuation
[142.782s][info][gc,phases      ] GC(95)   Pre Evacuate Collection Set: 0.2ms
[142.782s][info][gc,phases      ] GC(95)   Merge Heap Roots: 0.2ms
[142.782s][info][gc,phases      ] GC(95)   Evacuate Collection Set: 1.3ms
[142.782s][info][gc,phases      ] GC(95)   Post Evacuate Collection Set: 0.9ms
[142.782s][info][gc,phases      ] GC(95)   Other: 0.1ms
[142.782s][info][gc,heap        ] GC(95) Eden regions: 256->0(256)
[142.782s][info][gc,heap        ] GC(95) Survivor regions: 1->1(33)
[142.782s][info][gc,heap        ] GC(95) Old regions: 101->101
[142.782s][info][gc,heap        ] GC(95) Archive regions: 0->0
[142.782s][info][gc,heap        ] GC(95) Humongous regions: 0->0
[142.782s][info][gc,metaspace   ] GC(95) Metaspace: 120838K(132160K)->120838K(132160K) NonClass: 104373K(110208K)->104373K(110208K) Class: 16464K(21952K)->16464K(21952K)
[142.782s][info][gc             ] GC(95) Pause Young (Normal) (G1 Evacuation Pause) 5477M->1381M(6864M) 2.889ms
[142.782s][info][gc,cpu         ] GC(95) User=0.00s Sys=0.00s Real=0.00s
[143.491s][info][gc,start       ] GC(96) Pause Full (System.gc())
[143.491s][info][gc,task        ] GC(96) Using 33 workers of 33 for full compaction
[143.492s][info][gc,phases,start] GC(96) Phase 1: Mark live objects
[143.535s][info][gc,phases      ] GC(96) Phase 1: Mark live objects 42.091ms
[143.535s][info][gc,phases,start] GC(96) Phase 2: Prepare compaction
[143.546s][info][gc,phases      ] GC(96) Phase 2: Prepare compaction 11.824ms
[143.546s][info][gc,phases,start] GC(96) Phase 3: Adjust pointers
[143.557s][info][gc,phases      ] GC(96) Phase 3: Adjust pointers 11.038ms
[143.557s][info][gc,phases,start] GC(96) Phase 4: Compact heap
[143.563s][info][gc,phases      ] GC(96) Phase 4: Compact heap 5.177ms
[143.579s][info][gc,heap        ] GC(96) Eden regions: 138->0(204)
[143.579s][info][gc,heap        ] GC(96) Survivor regions: 1->0(33)
[143.579s][info][gc,heap        ] GC(96) Old regions: 101->102
[143.579s][info][gc,heap        ] GC(96) Archive regions: 0->0
[143.579s][info][gc,heap        ] GC(96) Humongous regions: 0->0
[143.579s][info][gc,metaspace   ] GC(96) Metaspace: 120843K(132160K)->120843K(132160K) NonClass: 104378K(110208K)->104378K(110208K) Class: 16464K(21952K)->16464K(21952K)
[143.580s][info][gc             ] GC(96) Pause Full (System.gc()) 3588M->1374M(5440M) 88.791ms
[143.580s][info][gc,cpu         ] GC(96) User=1.58s Sys=0.27s Real=0.09s
[143.881s][info][gc,start       ] GC(97) Pause Young (Normal) (G1 Evacuation Pause)
[143.881s][info][gc,task        ] GC(97) Using 33 workers of 33 for evacuation
[143.884s][info][gc,phases      ] GC(97)   Pre Evacuate Collection Set: 0.2ms
[143.884s][info][gc,phases      ] GC(97)   Merge Heap Roots: 0.2ms
[143.884s][info][gc,phases      ] GC(97)   Evacuate Collection Set: 1.4ms
[143.884s][info][gc,phases      ] GC(97)   Post Evacuate Collection Set: 0.8ms
[143.884s][info][gc,phases      ] GC(97)   Other: 0.1ms
[143.884s][info][gc,heap        ] GC(97) Eden regions: 204->0(203)
[143.884s][info][gc,heap        ] GC(97) Survivor regions: 0->1(26)
[143.884s][info][gc,heap        ] GC(97) Old regions: 102->102
[143.884s][info][gc,heap        ] GC(97) Archive regions: 0->0
[143.884s][info][gc,heap        ] GC(97) Humongous regions: 0->0
[143.884s][info][gc,metaspace   ] GC(97) Metaspace: 120910K(132224K)->120910K(132224K) NonClass: 104445K(110272K)->104445K(110272K) Class: 16464K(21952K)->16464K(21952K)
[143.884s][info][gc             ] GC(97) Pause Young (Normal) (G1 Evacuation Pause) 4638M->1381M(5440M) 2.952ms
[143.884s][info][gc,cpu         ] GC(97) User=0.00s Sys=0.00s Real=0.00s
[144.117s][info][gc,start       ] GC(98) Pause Young (Normal) (G1 Evacuation Pause)
[144.117s][info][gc,task        ] GC(98) Using 33 workers of 33 for evacuation
[144.119s][info][gc,phases      ] GC(98)   Pre Evacuate Collection Set: 0.2ms
[144.119s][info][gc,phases      ] GC(98)   Merge Heap Roots: 0.2ms
[144.119s][info][gc,phases      ] GC(98)   Evacuate Collection Set: 1.3ms
[144.119s][info][gc,phases      ] GC(98)   Post Evacuate Collection Set: 0.8ms
[144.119s][info][gc,phases      ] GC(98)   Other: 0.1ms
[144.119s][info][gc,heap        ] GC(98) Eden regions: 203->0(203)
[144.119s][info][gc,heap        ] GC(98) Survivor regions: 1->1(26)
[144.120s][info][gc,heap        ] GC(98) Old regions: 102->102
[144.120s][info][gc,heap        ] GC(98) Archive regions: 0->0
[144.120s][info][gc,heap        ] GC(98) Humongous regions: 0->0
[144.120s][info][gc,metaspace   ] GC(98) Metaspace: 120910K(132224K)->120910K(132224K) NonClass: 104445K(110272K)->104445K(110272K) Class: 16464K(21952K)->16464K(21952K)
[144.120s][info][gc             ] GC(98) Pause Young (Normal) (G1 Evacuation Pause) 4629M->1381M(5440M) 2.923ms
[144.120s][info][gc,cpu         ] GC(98) User=0.00s Sys=0.00s Real=0.00s
[144.352s][info][gc,start       ] GC(99) Pause Young (Normal) (G1 Evacuation Pause)
[144.352s][info][gc,task        ] GC(99) Using 33 workers of 33 for evacuation
[144.354s][info][gc,phases      ] GC(99)   Pre Evacuate Collection Set: 0.2ms
[144.354s][info][gc,phases      ] GC(99)   Merge Heap Roots: 0.2ms
[144.354s][info][gc,phases      ] GC(99)   Evacuate Collection Set: 1.3ms
[144.354s][info][gc,phases      ] GC(99)   Post Evacuate Collection Set: 0.8ms
[144.354s][info][gc,phases      ] GC(99)   Other: 0.1ms
[144.354s][info][gc,heap        ] GC(99) Eden regions: 203->0(203)
[144.354s][info][gc,heap        ] GC(99) Survivor regions: 1->1(26)
[144.354s][info][gc,heap        ] GC(99) Old regions: 102->102
[144.354s][info][gc,heap        ] GC(99) Archive regions: 0->0
[144.354s][info][gc,heap        ] GC(99) Humongous regions: 0->0
[144.354s][info][gc,metaspace   ] GC(99) Metaspace: 120910K(132224K)->120910K(132224K) NonClass: 104445K(110272K)->104445K(110272K) Class: 16464K(21952K)->16464K(21952K)
[144.354s][info][gc             ] GC(99) Pause Young (Normal) (G1 Evacuation Pause) 4629M->1381M(5440M) 2.769ms
[144.354s][info][gc,cpu         ] GC(99) User=0.00s Sys=0.00s Real=0.00s
[144.587s][info][gc,start       ] GC(100) Pause Young (Normal) (G1 Evacuation Pause)
[144.587s][info][gc,task        ] GC(100) Using 33 workers of 33 for evacuation
[144.589s][info][gc,phases      ] GC(100)   Pre Evacuate Collection Set: 0.2ms
[144.589s][info][gc,phases      ] GC(100)   Merge Heap Roots: 0.2ms
[144.589s][info][gc,phases      ] GC(100)   Evacuate Collection Set: 1.2ms
[144.589s][info][gc,phases      ] GC(100)   Post Evacuate Collection Set: 0.8ms
[144.589s][info][gc,phases      ] GC(100)   Other: 0.1ms
[144.589s][info][gc,heap        ] GC(100) Eden regions: 203->0(203)
[144.589s][info][gc,heap        ] GC(100) Survivor regions: 1->1(26)
[144.589s][info][gc,heap        ] GC(100) Old regions: 102->102
[144.589s][info][gc,heap        ] GC(100) Archive regions: 0->0
[144.589s][info][gc,heap        ] GC(100) Humongous regions: 0->0
[144.589s][info][gc,metaspace   ] GC(100) Metaspace: 120910K(132224K)->120910K(132224K) NonClass: 104445K(110272K)->104445K(110272K) Class: 16464K(21952K)->16464K(21952K)
[144.589s][info][gc             ] GC(100) Pause Young (Normal) (G1 Evacuation Pause) 4629M->1381M(5440M) 2.665ms
[144.589s][info][gc,cpu         ] GC(100) User=0.00s Sys=0.00s Real=0.00s
[145.294s][info][gc,start       ] GC(101) Pause Full (System.gc())
[145.294s][info][gc,task        ] GC(101) Using 33 workers of 33 for full compaction
[145.296s][info][gc,phases,start] GC(101) Phase 1: Mark live objects
[145.338s][info][gc,phases      ] GC(101) Phase 1: Mark live objects 42.072ms
[145.338s][info][gc,phases,start] GC(101) Phase 2: Prepare compaction
[145.345s][info][gc,phases      ] GC(101) Phase 2: Prepare compaction 7.721ms
[145.345s][info][gc,phases,start] GC(101) Phase 3: Adjust pointers
[145.365s][info][gc,phases      ] GC(101) Phase 3: Adjust pointers 19.542ms
[145.365s][info][gc,phases,start] GC(101) Phase 4: Compact heap
[145.371s][info][gc,phases      ] GC(101) Phase 4: Compact heap 6.103ms
[145.392s][info][gc,heap        ] GC(101) Eden regions: 179->0(204)
[145.392s][info][gc,heap        ] GC(101) Survivor regions: 1->0(26)
[145.392s][info][gc,heap        ] GC(101) Old regions: 102->102
[145.392s][info][gc,heap        ] GC(101) Archive regions: 0->0
[145.392s][info][gc,heap        ] GC(101) Humongous regions: 0->0
[145.392s][info][gc,metaspace   ] GC(101) Metaspace: 120922K(132224K)->120922K(132224K) NonClass: 104457K(110272K)->104457K(110272K) Class: 16465K(21952K)->16465K(21952K)
[145.392s][info][gc             ] GC(101) Pause Full (System.gc()) 4230M->1374M(5440M) 98.495ms
[145.393s][info][gc,cpu         ] GC(101) User=1.64s Sys=0.00s Real=0.11s
[145.692s][info][gc,start       ] GC(102) Pause Young (Normal) (G1 Evacuation Pause)
[145.692s][info][gc,task        ] GC(102) Using 33 workers of 33 for evacuation
[145.695s][info][gc,phases      ] GC(102)   Pre Evacuate Collection Set: 0.2ms
[145.695s][info][gc,phases      ] GC(102)   Merge Heap Roots: 0.2ms
[145.695s][info][gc,phases      ] GC(102)   Evacuate Collection Set: 1.4ms
[145.695s][info][gc,phases      ] GC(102)   Post Evacuate Collection Set: 0.8ms
[145.695s][info][gc,phases      ] GC(102)   Other: 0.1ms
[145.695s][info][gc,heap        ] GC(102) Eden regions: 204->0(203)
[145.695s][info][gc,heap        ] GC(102) Survivor regions: 0->1(26)
[145.695s][info][gc,heap        ] GC(102) Old regions: 102->102
[145.695s][info][gc,heap        ] GC(102) Archive regions: 0->0
[145.695s][info][gc,heap        ] GC(102) Humongous regions: 0->0
[145.695s][info][gc,metaspace   ] GC(102) Metaspace: 120983K(132224K)->120983K(132224K) NonClass: 104517K(110272K)->104517K(110272K) Class: 16465K(21952K)->16465K(21952K)
[145.695s][info][gc             ] GC(102) Pause Young (Normal) (G1 Evacuation Pause) 4638M->1381M(5440M) 2.966ms
[145.695s][info][gc,cpu         ] GC(102) User=0.00s Sys=0.00s Real=0.00s
[145.918s][info][gc,start       ] GC(103) Pause Young (Normal) (G1 Evacuation Pause)
[145.918s][info][gc,task        ] GC(103) Using 33 workers of 33 for evacuation
[145.921s][info][gc,phases      ] GC(103)   Pre Evacuate Collection Set: 0.2ms
[145.921s][info][gc,phases      ] GC(103)   Merge Heap Roots: 0.2ms
[145.921s][info][gc,phases      ] GC(103)   Evacuate Collection Set: 1.2ms
[145.921s][info][gc,phases      ] GC(103)   Post Evacuate Collection Set: 0.7ms
[145.921s][info][gc,phases      ] GC(103)   Other: 0.1ms
[145.921s][info][gc,heap        ] GC(103) Eden regions: 203->0(203)
[145.921s][info][gc,heap        ] GC(103) Survivor regions: 1->1(26)
[145.921s][info][gc,heap        ] GC(103) Old regions: 102->102
[145.921s][info][gc,heap        ] GC(103) Archive regions: 0->0
[145.921s][info][gc,heap        ] GC(103) Humongous regions: 0->0
[145.921s][info][gc,metaspace   ] GC(103) Metaspace: 120983K(132224K)->120983K(132224K) NonClass: 104517K(110272K)->104517K(110272K) Class: 16465K(21952K)->16465K(21952K)
[145.921s][info][gc             ] GC(103) Pause Young (Normal) (G1 Evacuation Pause) 4629M->1381M(5440M) 2.722ms
[145.921s][info][gc,cpu         ] GC(103) User=0.00s Sys=0.00s Real=0.00s
[146.142s][info][gc,start       ] GC(104) Pause Young (Normal) (G1 Evacuation Pause)
[146.143s][info][gc,task        ] GC(104) Using 33 workers of 33 for evacuation
[146.145s][info][gc,phases      ] GC(104)   Pre Evacuate Collection Set: 0.2ms
[146.145s][info][gc,phases      ] GC(104)   Merge Heap Roots: 0.2ms
[146.145s][info][gc,phases      ] GC(104)   Evacuate Collection Set: 1.2ms
[146.145s][info][gc,phases      ] GC(104)   Post Evacuate Collection Set: 0.8ms
[146.145s][info][gc,phases      ] GC(104)   Other: 0.1ms
[146.145s][info][gc,heap        ] GC(104) Eden regions: 203->0(203)
[146.145s][info][gc,heap        ] GC(104) Survivor regions: 1->1(26)
[146.145s][info][gc,heap        ] GC(104) Old regions: 102->102
[146.145s][info][gc,heap        ] GC(104) Archive regions: 0->0
[146.145s][info][gc,heap        ] GC(104) Humongous regions: 0->0
[146.145s][info][gc,metaspace   ] GC(104) Metaspace: 120983K(132224K)->120983K(132224K) NonClass: 104517K(110272K)->104517K(110272K) Class: 16465K(21952K)->16465K(21952K)
[146.145s][info][gc             ] GC(104) Pause Young (Normal) (G1 Evacuation Pause) 4629M->1381M(5440M) 2.795ms
[146.145s][info][gc,cpu         ] GC(104) User=0.00s Sys=0.00s Real=0.00s
[146.369s][info][gc,start       ] GC(105) Pause Young (Normal) (G1 Evacuation Pause)
[146.369s][info][gc,task        ] GC(105) Using 33 workers of 33 for evacuation
[146.371s][info][gc,phases      ] GC(105)   Pre Evacuate Collection Set: 0.2ms
[146.371s][info][gc,phases      ] GC(105)   Merge Heap Roots: 0.2ms
[146.371s][info][gc,phases      ] GC(105)   Evacuate Collection Set: 1.3ms
[146.371s][info][gc,phases      ] GC(105)   Post Evacuate Collection Set: 0.8ms
[146.371s][info][gc,phases      ] GC(105)   Other: 0.1ms
[146.371s][info][gc,heap        ] GC(105) Eden regions: 203->0(203)
[146.371s][info][gc,heap        ] GC(105) Survivor regions: 1->1(26)
[146.371s][info][gc,heap        ] GC(105) Old regions: 102->102
[146.371s][info][gc,heap        ] GC(105) Archive regions: 0->0
[146.371s][info][gc,heap        ] GC(105) Humongous regions: 0->0
[146.371s][info][gc,metaspace   ] GC(105) Metaspace: 120983K(132224K)->120983K(132224K) NonClass: 104517K(110272K)->104517K(110272K) Class: 16465K(21952K)->16465K(21952K)
[146.371s][info][gc             ] GC(105) Pause Young (Normal) (G1 Evacuation Pause) 4629M->1381M(5440M) 2.768ms
[146.371s][info][gc,cpu         ] GC(105) User=0.52s Sys=0.00s Real=0.02s
[147.133s][info][gc,start       ] GC(106) Pause Full (System.gc())
[147.133s][info][gc,task        ] GC(106) Using 33 workers of 33 for full compaction
[147.134s][info][gc,phases,start] GC(106) Phase 1: Mark live objects
[147.173s][info][gc,phases      ] GC(106) Phase 1: Mark live objects 38.537ms
[147.173s][info][gc,phases,start] GC(106) Phase 2: Prepare compaction
[147.181s][info][gc,phases      ] GC(106) Phase 2: Prepare compaction 7.950ms
[147.181s][info][gc,phases,start] GC(106) Phase 3: Adjust pointers
[147.196s][info][gc,phases      ] GC(106) Phase 3: Adjust pointers 15.486ms
[147.196s][info][gc,phases,start] GC(106) Phase 4: Compact heap
[147.203s][info][gc,phases      ] GC(106) Phase 4: Compact heap 6.572ms
[147.228s][info][gc,heap        ] GC(106) Eden regions: 185->0(202)
[147.228s][info][gc,heap        ] GC(106) Survivor regions: 1->0(26)
[147.228s][info][gc,heap        ] GC(106) Old regions: 102->101
[147.228s][info][gc,heap        ] GC(106) Archive regions: 0->0
[147.228s][info][gc,heap        ] GC(106) Humongous regions: 0->0
[147.228s][info][gc,metaspace   ] GC(106) Metaspace: 120990K(132224K)->120990K(132224K) NonClass: 104524K(110272K)->104524K(110272K) Class: 16465K(21952K)->16465K(21952K)
[147.228s][info][gc             ] GC(106) Pause Full (System.gc()) 4331M->1374M(5392M) 95.059ms
[147.228s][info][gc,cpu         ] GC(106) User=2.13s Sys=0.00s Real=0.09s
[147.522s][info][gc,start       ] GC(107) Pause Young (Normal) (G1 Evacuation Pause)
[147.522s][info][gc,task        ] GC(107) Using 33 workers of 33 for evacuation
[147.525s][info][gc,phases      ] GC(107)   Pre Evacuate Collection Set: 0.3ms
[147.525s][info][gc,phases      ] GC(107)   Merge Heap Roots: 0.2ms
[147.525s][info][gc,phases      ] GC(107)   Evacuate Collection Set: 1.5ms
[147.525s][info][gc,phases      ] GC(107)   Post Evacuate Collection Set: 0.8ms
[147.525s][info][gc,phases      ] GC(107)   Other: 0.1ms
[147.525s][info][gc,heap        ] GC(107) Eden regions: 202->0(201)
[147.525s][info][gc,heap        ] GC(107) Survivor regions: 0->1(26)
[147.525s][info][gc,heap        ] GC(107) Old regions: 101->101
[147.525s][info][gc,heap        ] GC(107) Archive regions: 0->0
[147.525s][info][gc,heap        ] GC(107) Humongous regions: 0->0
[147.525s][info][gc,metaspace   ] GC(107) Metaspace: 121026K(132224K)->121026K(132224K) NonClass: 104560K(110272K)->104560K(110272K) Class: 16465K(21952K)->16465K(21952K)
[147.525s][info][gc             ] GC(107) Pause Young (Normal) (G1 Evacuation Pause) 4606M->1381M(5392M) 3.160ms
[147.525s][info][gc,cpu         ] GC(107) User=0.00s Sys=0.00s Real=0.00s
[147.755s][info][gc,start       ] GC(108) Pause Young (Normal) (G1 Evacuation Pause)
[147.755s][info][gc,task        ] GC(108) Using 33 workers of 33 for evacuation
[147.757s][info][gc,phases      ] GC(108)   Pre Evacuate Collection Set: 0.2ms
[147.758s][info][gc,phases      ] GC(108)   Merge Heap Roots: 0.2ms
[147.758s][info][gc,phases      ] GC(108)   Evacuate Collection Set: 1.3ms
[147.758s][info][gc,phases      ] GC(108)   Post Evacuate Collection Set: 0.7ms
[147.758s][info][gc,phases      ] GC(108)   Other: 0.1ms
[147.758s][info][gc,heap        ] GC(108) Eden regions: 201->0(201)
[147.758s][info][gc,heap        ] GC(108) Survivor regions: 1->1(26)
[147.758s][info][gc,heap        ] GC(108) Old regions: 101->101
[147.758s][info][gc,heap        ] GC(108) Archive regions: 0->0
[147.758s][info][gc,heap        ] GC(108) Humongous regions: 0->0
[147.758s][info][gc,metaspace   ] GC(108) Metaspace: 121026K(132224K)->121026K(132224K) NonClass: 104560K(110272K)->104560K(110272K) Class: 16465K(21952K)->16465K(21952K)
[147.758s][info][gc             ] GC(108) Pause Young (Normal) (G1 Evacuation Pause) 4597M->1381M(5392M) 2.752ms
[147.758s][info][gc,cpu         ] GC(108) User=0.00s Sys=0.00s Real=0.00s
[147.978s][info][gc,start       ] GC(109) Pause Young (Normal) (G1 Evacuation Pause)
[147.978s][info][gc,task        ] GC(109) Using 33 workers of 33 for evacuation
[147.985s][info][gc,phases      ] GC(109)   Pre Evacuate Collection Set: 0.2ms
[147.985s][info][gc,phases      ] GC(109)   Merge Heap Roots: 0.2ms
[147.985s][info][gc,phases      ] GC(109)   Evacuate Collection Set: 1.2ms
[147.985s][info][gc,phases      ] GC(109)   Post Evacuate Collection Set: 5.7ms
[147.985s][info][gc,phases      ] GC(109)   Other: 0.1ms
[147.985s][info][gc,heap        ] GC(109) Eden regions: 201->0(271)
[147.985s][info][gc,heap        ] GC(109) Survivor regions: 1->1(26)
[147.985s][info][gc,heap        ] GC(109) Old regions: 101->101
[147.985s][info][gc,heap        ] GC(109) Archive regions: 0->0
[147.985s][info][gc,heap        ] GC(109) Humongous regions: 0->0
[147.985s][info][gc,metaspace   ] GC(109) Metaspace: 121026K(132224K)->121026K(132224K) NonClass: 104560K(110272K)->104560K(110272K) Class: 16465K(21952K)->16465K(21952K)
[147.986s][info][gc             ] GC(109) Pause Young (Normal) (G1 Evacuation Pause) 4597M->1381M(7264M) 7.665ms
[147.986s][info][gc,cpu         ] GC(109) User=0.00s Sys=0.00s Real=0.00s
[149.364s][info][gc,start       ] GC(110) Pause Young (Normal) (G1 Evacuation Pause)
[149.364s][info][gc,task        ] GC(110) Using 33 workers of 33 for evacuation
[149.366s][info][gc,phases      ] GC(110)   Pre Evacuate Collection Set: 0.2ms
[149.366s][info][gc,phases      ] GC(110)   Merge Heap Roots: 0.2ms
[149.366s][info][gc,phases      ] GC(110)   Evacuate Collection Set: 1.2ms
[149.367s][info][gc,phases      ] GC(110)   Post Evacuate Collection Set: 0.8ms
[149.367s][info][gc,phases      ] GC(110)   Other: 0.1ms
[149.367s][info][gc,heap        ] GC(110) Eden regions: 271->0(271)
[149.367s][info][gc,heap        ] GC(110) Survivor regions: 1->1(34)
[149.367s][info][gc,heap        ] GC(110) Old regions: 101->101
[149.367s][info][gc,heap        ] GC(110) Archive regions: 0->0
[149.367s][info][gc,heap        ] GC(110) Humongous regions: 0->0
[149.367s][info][gc,metaspace   ] GC(110) Metaspace: 121026K(132224K)->121026K(132224K) NonClass: 104560K(110272K)->104560K(110272K) Class: 16465K(21952K)->16465K(21952K)
[149.367s][info][gc             ] GC(110) Pause Young (Normal) (G1 Evacuation Pause) 5717M->1381M(7264M) 2.772ms
[149.367s][info][gc,cpu         ] GC(110) User=0.00s Sys=0.00s Real=0.00s
[150.084s][info][gc,start       ] GC(111) Pause Full (System.gc())
[150.084s][info][gc,task        ] GC(111) Using 33 workers of 33 for full compaction
[150.085s][info][gc,phases,start] GC(111) Phase 1: Mark live objects
[150.122s][info][gc,phases      ] GC(111) Phase 1: Mark live objects 37.070ms
[150.122s][info][gc,phases,start] GC(111) Phase 2: Prepare compaction
[150.137s][info][gc,phases      ] GC(111) Phase 2: Prepare compaction 14.343ms
[150.137s][info][gc,phases,start] GC(111) Phase 3: Adjust pointers
[150.149s][info][gc,phases      ] GC(111) Phase 3: Adjust pointers 12.071ms
[150.149s][info][gc,phases,start] GC(111) Phase 4: Compact heap
[150.154s][info][gc,phases      ] GC(111) Phase 4: Compact heap 4.751ms
[150.174s][info][gc,heap        ] GC(111) Eden regions: 123->0(204)
[150.174s][info][gc,heap        ] GC(111) Survivor regions: 1->0(34)
[150.174s][info][gc,heap        ] GC(111) Old regions: 101->102
[150.174s][info][gc,heap        ] GC(111) Archive regions: 0->0
[150.174s][info][gc,heap        ] GC(111) Humongous regions: 0->0
[150.174s][info][gc,metaspace   ] GC(111) Metaspace: 121049K(132224K)->121049K(132224K) NonClass: 104582K(110272K)->104582K(110272K) Class: 16467K(21952K)->16467K(21952K)
[150.174s][info][gc             ] GC(111) Pause Full (System.gc()) 3341M->1374M(5440M) 90.059ms
[150.174s][info][gc,cpu         ] GC(111) User=1.63s Sys=0.42s Real=0.08s
[150.473s][info][gc,start       ] GC(112) Pause Young (Normal) (G1 Evacuation Pause)
[150.473s][info][gc,task        ] GC(112) Using 33 workers of 33 for evacuation
[150.476s][info][gc,phases      ] GC(112)   Pre Evacuate Collection Set: 0.2ms
[150.476s][info][gc,phases      ] GC(112)   Merge Heap Roots: 0.2ms
[150.476s][info][gc,phases      ] GC(112)   Evacuate Collection Set: 1.5ms
[150.476s][info][gc,phases      ] GC(112)   Post Evacuate Collection Set: 0.8ms
[150.476s][info][gc,phases      ] GC(112)   Other: 0.1ms
[150.476s][info][gc,heap        ] GC(112) Eden regions: 204->0(203)
[150.476s][info][gc,heap        ] GC(112) Survivor regions: 0->1(26)
[150.476s][info][gc,heap        ] GC(112) Old regions: 102->102
[150.476s][info][gc,heap        ] GC(112) Archive regions: 0->0
[150.476s][info][gc,heap        ] GC(112) Humongous regions: 0->0
[150.476s][info][gc,metaspace   ] GC(112) Metaspace: 121065K(132224K)->121065K(132224K) NonClass: 104598K(110272K)->104598K(110272K) Class: 16467K(21952K)->16467K(21952K)
[150.476s][info][gc             ] GC(112) Pause Young (Normal) (G1 Evacuation Pause) 4638M->1381M(5440M) 3.083ms
[150.476s][info][gc,cpu         ] GC(112) User=0.00s Sys=0.00s Real=0.00s
[150.716s][info][gc,start       ] GC(113) Pause Young (Normal) (G1 Evacuation Pause)
[150.716s][info][gc,task        ] GC(113) Using 33 workers of 33 for evacuation
[150.718s][info][gc,phases      ] GC(113)   Pre Evacuate Collection Set: 0.2ms
[150.718s][info][gc,phases      ] GC(113)   Merge Heap Roots: 0.2ms
[150.718s][info][gc,phases      ] GC(113)   Evacuate Collection Set: 1.3ms
[150.718s][info][gc,phases      ] GC(113)   Post Evacuate Collection Set: 0.8ms
[150.718s][info][gc,phases      ] GC(113)   Other: 0.1ms
[150.718s][info][gc,heap        ] GC(113) Eden regions: 203->0(203)
[150.718s][info][gc,heap        ] GC(113) Survivor regions: 1->1(26)
[150.718s][info][gc,heap        ] GC(113) Old regions: 102->102
[150.718s][info][gc,heap        ] GC(113) Archive regions: 0->0
[150.718s][info][gc,heap        ] GC(113) Humongous regions: 0->0
[150.718s][info][gc,metaspace   ] GC(113) Metaspace: 121065K(132224K)->121065K(132224K) NonClass: 104598K(110272K)->104598K(110272K) Class: 16467K(21952K)->16467K(21952K)
[150.718s][info][gc             ] GC(113) Pause Young (Normal) (G1 Evacuation Pause) 4629M->1381M(5440M) 2.792ms
[150.719s][info][gc,cpu         ] GC(113) User=0.00s Sys=0.00s Real=0.00s
[150.960s][info][gc,start       ] GC(114) Pause Young (Normal) (G1 Evacuation Pause)
[150.960s][info][gc,task        ] GC(114) Using 33 workers of 33 for evacuation
[150.962s][info][gc,phases      ] GC(114)   Pre Evacuate Collection Set: 0.2ms
[150.962s][info][gc,phases      ] GC(114)   Merge Heap Roots: 0.2ms
[150.962s][info][gc,phases      ] GC(114)   Evacuate Collection Set: 1.2ms
[150.962s][info][gc,phases      ] GC(114)   Post Evacuate Collection Set: 0.8ms
[150.962s][info][gc,phases      ] GC(114)   Other: 0.1ms
[150.962s][info][gc,heap        ] GC(114) Eden regions: 203->0(203)
[150.962s][info][gc,heap        ] GC(114) Survivor regions: 1->1(26)
[150.962s][info][gc,heap        ] GC(114) Old regions: 102->102
[150.962s][info][gc,heap        ] GC(114) Archive regions: 0->0
[150.962s][info][gc,heap        ] GC(114) Humongous regions: 0->0
[150.962s][info][gc,metaspace   ] GC(114) Metaspace: 121065K(132224K)->121065K(132224K) NonClass: 104598K(110272K)->104598K(110272K) Class: 16467K(21952K)->16467K(21952K)
[150.963s][info][gc             ] GC(114) Pause Young (Normal) (G1 Evacuation Pause) 4629M->1381M(5440M) 2.830ms
[150.963s][info][gc,cpu         ] GC(114) User=0.00s Sys=0.00s Real=0.00s
[151.198s][info][gc,start       ] GC(115) Pause Young (Normal) (G1 Evacuation Pause)
[151.198s][info][gc,task        ] GC(115) Using 33 workers of 33 for evacuation
[151.201s][info][gc,phases      ] GC(115)   Pre Evacuate Collection Set: 0.2ms
[151.201s][info][gc,phases      ] GC(115)   Merge Heap Roots: 0.2ms
[151.201s][info][gc,phases      ] GC(115)   Evacuate Collection Set: 1.1ms
[151.201s][info][gc,phases      ] GC(115)   Post Evacuate Collection Set: 0.7ms
[151.201s][info][gc,phases      ] GC(115)   Other: 0.1ms
[151.201s][info][gc,heap        ] GC(115) Eden regions: 203->0(203)
[151.201s][info][gc,heap        ] GC(115) Survivor regions: 1->1(26)
[151.201s][info][gc,heap        ] GC(115) Old regions: 102->102
[151.201s][info][gc,heap        ] GC(115) Archive regions: 0->0
[151.201s][info][gc,heap        ] GC(115) Humongous regions: 0->0
[151.201s][info][gc,metaspace   ] GC(115) Metaspace: 121065K(132224K)->121065K(132224K) NonClass: 104598K(110272K)->104598K(110272K) Class: 16467K(21952K)->16467K(21952K)
[151.201s][info][gc             ] GC(115) Pause Young (Normal) (G1 Evacuation Pause) 4629M->1381M(5440M) 2.537ms
[151.201s][info][gc,cpu         ] GC(115) User=0.00s Sys=0.00s Real=0.00s
[151.948s][info][gc,start       ] GC(116) Pause Full (System.gc())
[151.948s][info][gc,task        ] GC(116) Using 33 workers of 33 for full compaction
[151.950s][info][gc,phases,start] GC(116) Phase 1: Mark live objects
[151.992s][info][gc,phases      ] GC(116) Phase 1: Mark live objects 41.864ms
[151.992s][info][gc,phases,start] GC(116) Phase 2: Prepare compaction
[152.000s][info][gc,phases      ] GC(116) Phase 2: Prepare compaction 8.102ms
[152.000s][info][gc,phases,start] GC(116) Phase 3: Adjust pointers
[152.012s][info][gc,phases      ] GC(116) Phase 3: Adjust pointers 11.591ms
[152.012s][info][gc,phases,start] GC(116) Phase 4: Compact heap
[152.017s][info][gc,phases      ] GC(116) Phase 4: Compact heap 5.533ms
[152.039s][info][gc,heap        ] GC(116) Eden regions: 179->0(204)
[152.039s][info][gc,heap        ] GC(116) Survivor regions: 1->0(26)
[152.039s][info][gc,heap        ] GC(116) Old regions: 102->102
[152.039s][info][gc,heap        ] GC(116) Archive regions: 0->0
[152.039s][info][gc,heap        ] GC(116) Humongous regions: 0->0
[152.039s][info][gc,metaspace   ] GC(116) Metaspace: 121071K(132224K)->121071K(132224K) NonClass: 104603K(110272K)->104603K(110272K) Class: 16467K(21952K)->16467K(21952K)
[152.039s][info][gc             ] GC(116) Pause Full (System.gc()) 4237M->1374M(5440M) 90.864ms
[152.039s][info][gc,cpu         ] GC(116) User=1.48s Sys=0.05s Real=0.08s
[152.334s][info][gc,start       ] GC(117) Pause Young (Normal) (G1 Evacuation Pause)
[152.334s][info][gc,task        ] GC(117) Using 33 workers of 33 for evacuation
[152.337s][info][gc,phases      ] GC(117)   Pre Evacuate Collection Set: 0.2ms
[152.337s][info][gc,phases      ] GC(117)   Merge Heap Roots: 0.2ms
[152.337s][info][gc,phases      ] GC(117)   Evacuate Collection Set: 1.4ms
[152.337s][info][gc,phases      ] GC(117)   Post Evacuate Collection Set: 0.8ms
[152.337s][info][gc,phases      ] GC(117)   Other: 0.1ms
[152.337s][info][gc,heap        ] GC(117) Eden regions: 204->0(203)
[152.337s][info][gc,heap        ] GC(117) Survivor regions: 0->1(26)
[152.337s][info][gc,heap        ] GC(117) Old regions: 102->102
[152.337s][info][gc,heap        ] GC(117) Archive regions: 0->0
[152.337s][info][gc,heap        ] GC(117) Humongous regions: 0->0
[152.337s][info][gc,metaspace   ] GC(117) Metaspace: 121104K(132224K)->121104K(132224K) NonClass: 104636K(110272K)->104636K(110272K) Class: 16467K(21952K)->16467K(21952K)
[152.337s][info][gc             ] GC(117) Pause Young (Normal) (G1 Evacuation Pause) 4638M->1381M(5440M) 2.970ms
[152.337s][info][gc,cpu         ] GC(117) User=0.00s Sys=0.00s Real=0.00s
[152.561s][info][gc,start       ] GC(118) Pause Young (Normal) (G1 Evacuation Pause)
[152.562s][info][gc,task        ] GC(118) Using 33 workers of 33 for evacuation
[152.564s][info][gc,phases      ] GC(118)   Pre Evacuate Collection Set: 0.2ms
[152.564s][info][gc,phases      ] GC(118)   Merge Heap Roots: 0.2ms
[152.564s][info][gc,phases      ] GC(118)   Evacuate Collection Set: 1.2ms
[152.564s][info][gc,phases      ] GC(118)   Post Evacuate Collection Set: 0.7ms
[152.564s][info][gc,phases      ] GC(118)   Other: 0.1ms
[152.564s][info][gc,heap        ] GC(118) Eden regions: 203->0(203)
[152.564s][info][gc,heap        ] GC(118) Survivor regions: 1->1(26)
[152.564s][info][gc,heap        ] GC(118) Old regions: 102->102
[152.564s][info][gc,heap        ] GC(118) Archive regions: 0->0
[152.564s][info][gc,heap        ] GC(118) Humongous regions: 0->0
[152.564s][info][gc,metaspace   ] GC(118) Metaspace: 121104K(132224K)->121104K(132224K) NonClass: 104636K(110272K)->104636K(110272K) Class: 16467K(21952K)->16467K(21952K)
[152.564s][info][gc             ] GC(118) Pause Young (Normal) (G1 Evacuation Pause) 4629M->1381M(5440M) 2.700ms
[152.564s][info][gc,cpu         ] GC(118) User=0.00s Sys=0.00s Real=0.00s
[152.789s][info][gc,start       ] GC(119) Pause Young (Normal) (G1 Evacuation Pause)
[152.789s][info][gc,task        ] GC(119) Using 33 workers of 33 for evacuation
[152.791s][info][gc,phases      ] GC(119)   Pre Evacuate Collection Set: 0.2ms
[152.791s][info][gc,phases      ] GC(119)   Merge Heap Roots: 0.2ms
[152.792s][info][gc,phases      ] GC(119)   Evacuate Collection Set: 1.2ms
[152.792s][info][gc,phases      ] GC(119)   Post Evacuate Collection Set: 0.7ms
[152.792s][info][gc,phases      ] GC(119)   Other: 0.1ms
[152.792s][info][gc,heap        ] GC(119) Eden regions: 203->0(203)
[152.792s][info][gc,heap        ] GC(119) Survivor regions: 1->1(26)
[152.792s][info][gc,heap        ] GC(119) Old regions: 102->102
[152.792s][info][gc,heap        ] GC(119) Archive regions: 0->0
[152.792s][info][gc,heap        ] GC(119) Humongous regions: 0->0
[152.792s][info][gc,metaspace   ] GC(119) Metaspace: 121104K(132224K)->121104K(132224K) NonClass: 104636K(110272K)->104636K(110272K) Class: 16467K(21952K)->16467K(21952K)
[152.792s][info][gc             ] GC(119) Pause Young (Normal) (G1 Evacuation Pause) 4629M->1381M(5440M) 2.738ms
[152.792s][info][gc,cpu         ] GC(119) User=0.00s Sys=0.00s Real=0.00s
[153.016s][info][gc,start       ] GC(120) Pause Young (Normal) (G1 Evacuation Pause)
[153.016s][info][gc,task        ] GC(120) Using 33 workers of 33 for evacuation
[153.019s][info][gc,phases      ] GC(120)   Pre Evacuate Collection Set: 0.2ms
[153.019s][info][gc,phases      ] GC(120)   Merge Heap Roots: 0.2ms
[153.019s][info][gc,phases      ] GC(120)   Evacuate Collection Set: 1.2ms
[153.019s][info][gc,phases      ] GC(120)   Post Evacuate Collection Set: 0.7ms
[153.019s][info][gc,phases      ] GC(120)   Other: 0.1ms
[153.019s][info][gc,heap        ] GC(120) Eden regions: 203->0(203)
[153.019s][info][gc,heap        ] GC(120) Survivor regions: 1->1(26)
[153.019s][info][gc,heap        ] GC(120) Old regions: 102->102
[153.019s][info][gc,heap        ] GC(120) Archive regions: 0->0
[153.019s][info][gc,heap        ] GC(120) Humongous regions: 0->0
[153.019s][info][gc,metaspace   ] GC(120) Metaspace: 121104K(132224K)->121104K(132224K) NonClass: 104636K(110272K)->104636K(110272K) Class: 16467K(21952K)->16467K(21952K)
[153.019s][info][gc             ] GC(120) Pause Young (Normal) (G1 Evacuation Pause) 4629M->1381M(5440M) 2.691ms
[153.019s][info][gc,cpu         ] GC(120) User=0.00s Sys=0.00s Real=0.00s
[153.810s][info][gc,start       ] GC(121) Pause Full (System.gc())
[153.810s][info][gc,task        ] GC(121) Using 33 workers of 33 for full compaction
[153.812s][info][gc,phases,start] GC(121) Phase 1: Mark live objects
[153.854s][info][gc,phases      ] GC(121) Phase 1: Mark live objects 41.703ms
[153.854s][info][gc,phases,start] GC(121) Phase 2: Prepare compaction
[153.861s][info][gc,phases      ] GC(121) Phase 2: Prepare compaction 7.644ms
[153.861s][info][gc,phases,start] GC(121) Phase 3: Adjust pointers
[153.882s][info][gc,phases      ] GC(121) Phase 3: Adjust pointers 20.477ms
[153.882s][info][gc,phases,start] GC(121) Phase 4: Compact heap
[153.888s][info][gc,phases      ] GC(121) Phase 4: Compact heap 6.544ms
[153.913s][info][gc,heap        ] GC(121) Eden regions: 185->0(202)
[153.913s][info][gc,heap        ] GC(121) Survivor regions: 1->0(26)
[153.913s][info][gc,heap        ] GC(121) Old regions: 102->101
[153.913s][info][gc,heap        ] GC(121) Archive regions: 0->0
[153.913s][info][gc,heap        ] GC(121) Humongous regions: 0->0
[153.913s][info][gc,metaspace   ] GC(121) Metaspace: 121114K(132224K)->121114K(132224K) NonClass: 104646K(110272K)->104646K(110272K) Class: 16468K(21952K)->16468K(21952K)
[153.913s][info][gc             ] GC(121) Pause Full (System.gc()) 4326M->1374M(5392M) 103.115ms
[153.914s][info][gc,cpu         ] GC(121) User=1.27s Sys=0.06s Real=0.11s
[154.216s][info][gc,start       ] GC(122) Pause Young (Normal) (G1 Evacuation Pause)
[154.216s][info][gc,task        ] GC(122) Using 33 workers of 33 for evacuation
[154.219s][info][gc,phases      ] GC(122)   Pre Evacuate Collection Set: 0.2ms
[154.219s][info][gc,phases      ] GC(122)   Merge Heap Roots: 0.2ms
[154.219s][info][gc,phases      ] GC(122)   Evacuate Collection Set: 1.4ms
[154.219s][info][gc,phases      ] GC(122)   Post Evacuate Collection Set: 0.8ms
[154.219s][info][gc,phases      ] GC(122)   Other: 0.1ms
[154.219s][info][gc,heap        ] GC(122) Eden regions: 202->0(201)
[154.219s][info][gc,heap        ] GC(122) Survivor regions: 0->1(26)
[154.219s][info][gc,heap        ] GC(122) Old regions: 101->101
[154.219s][info][gc,heap        ] GC(122) Archive regions: 0->0
[154.219s][info][gc,heap        ] GC(122) Humongous regions: 0->0
[154.219s][info][gc,metaspace   ] GC(122) Metaspace: 121241K(132224K)->121241K(132224K) NonClass: 104773K(110272K)->104773K(110272K) Class: 16468K(21952K)->16468K(21952K)
[154.219s][info][gc             ] GC(122) Pause Young (Normal) (G1 Evacuation Pause) 4606M->1381M(5392M) 3.066ms
[154.219s][info][gc,cpu         ] GC(122) User=0.00s Sys=0.00s Real=0.00s
[154.444s][info][gc,start       ] GC(123) Pause Young (Normal) (G1 Evacuation Pause)
[154.444s][info][gc,task        ] GC(123) Using 33 workers of 33 for evacuation
[154.447s][info][gc,phases      ] GC(123)   Pre Evacuate Collection Set: 0.2ms
[154.447s][info][gc,phases      ] GC(123)   Merge Heap Roots: 0.2ms
[154.447s][info][gc,phases      ] GC(123)   Evacuate Collection Set: 1.2ms
[154.447s][info][gc,phases      ] GC(123)   Post Evacuate Collection Set: 0.7ms
[154.447s][info][gc,phases      ] GC(123)   Other: 0.1ms
[154.447s][info][gc,heap        ] GC(123) Eden regions: 201->0(201)
[154.447s][info][gc,heap        ] GC(123) Survivor regions: 1->1(26)
[154.447s][info][gc,heap        ] GC(123) Old regions: 101->101
[154.447s][info][gc,heap        ] GC(123) Archive regions: 0->0
[154.447s][info][gc,heap        ] GC(123) Humongous regions: 0->0
[154.447s][info][gc,metaspace   ] GC(123) Metaspace: 121242K(132224K)->121242K(132224K) NonClass: 104774K(110272K)->104774K(110272K) Class: 16468K(21952K)->16468K(21952K)
[154.447s][info][gc             ] GC(123) Pause Young (Normal) (G1 Evacuation Pause) 4597M->1381M(5392M) 2.697ms
[154.447s][info][gc,cpu         ] GC(123) User=0.00s Sys=0.00s Real=0.00s
[154.670s][info][gc,start       ] GC(124) Pause Young (Normal) (G1 Evacuation Pause)
[154.670s][info][gc,task        ] GC(124) Using 33 workers of 33 for evacuation
[154.678s][info][gc,phases      ] GC(124)   Pre Evacuate Collection Set: 0.2ms
[154.678s][info][gc,phases      ] GC(124)   Merge Heap Roots: 0.2ms
[154.678s][info][gc,phases      ] GC(124)   Evacuate Collection Set: 1.2ms
[154.678s][info][gc,phases      ] GC(124)   Post Evacuate Collection Set: 5.4ms
[154.678s][info][gc,phases      ] GC(124)   Other: 0.1ms
[154.678s][info][gc,heap        ] GC(124) Eden regions: 201->0(267)
[154.678s][info][gc,heap        ] GC(124) Survivor regions: 1->1(26)
[154.678s][info][gc,heap        ] GC(124) Old regions: 101->101
[154.678s][info][gc,heap        ] GC(124) Archive regions: 0->0
[154.678s][info][gc,heap        ] GC(124) Humongous regions: 0->0
[154.678s][info][gc,metaspace   ] GC(124) Metaspace: 121242K(132224K)->121242K(132224K) NonClass: 104774K(110272K)->104774K(110272K) Class: 16468K(21952K)->16468K(21952K)
[154.678s][info][gc             ] GC(124) Pause Young (Normal) (G1 Evacuation Pause) 4597M->1381M(7152M) 7.326ms
[154.678s][info][gc,cpu         ] GC(124) User=0.00s Sys=0.00s Real=0.00s
[155.974s][info][gc,start       ] GC(125) Pause Young (Normal) (G1 Evacuation Pause)
[155.974s][info][gc,task        ] GC(125) Using 33 workers of 33 for evacuation
[155.977s][info][gc,phases      ] GC(125)   Pre Evacuate Collection Set: 0.2ms
[155.977s][info][gc,phases      ] GC(125)   Merge Heap Roots: 0.2ms
[155.977s][info][gc,phases      ] GC(125)   Evacuate Collection Set: 1.2ms
[155.977s][info][gc,phases      ] GC(125)   Post Evacuate Collection Set: 0.9ms
[155.977s][info][gc,phases      ] GC(125)   Other: 0.1ms
[155.977s][info][gc,heap        ] GC(125) Eden regions: 267->0(267)
[155.977s][info][gc,heap        ] GC(125) Survivor regions: 1->1(34)
[155.977s][info][gc,heap        ] GC(125) Old regions: 101->101
[155.977s][info][gc,heap        ] GC(125) Archive regions: 0->0
[155.977s][info][gc,heap        ] GC(125) Humongous regions: 0->0
[155.977s][info][gc,metaspace   ] GC(125) Metaspace: 121242K(132224K)->121242K(132224K) NonClass: 104774K(110272K)->104774K(110272K) Class: 16468K(21952K)->16468K(21952K)
[155.977s][info][gc             ] GC(125) Pause Young (Normal) (G1 Evacuation Pause) 5653M->1381M(7152M) 2.907ms
[155.977s][info][gc,cpu         ] GC(125) User=0.00s Sys=0.00s Real=0.00s
[158.013s][info][gc,start       ] GC(126) Pause Full (System.gc())
[158.013s][info][gc,task        ] GC(126) Using 33 workers of 33 for full compaction
[158.014s][info][gc,phases,start] GC(126) Phase 1: Mark live objects
[158.058s][info][gc,phases      ] GC(126) Phase 1: Mark live objects 43.852ms
[158.058s][info][gc,phases,start] GC(126) Phase 2: Prepare compaction
[158.071s][info][gc,phases      ] GC(126) Phase 2: Prepare compaction 13.080ms
[158.071s][info][gc,phases,start] GC(126) Phase 3: Adjust pointers
[158.083s][info][gc,phases      ] GC(126) Phase 3: Adjust pointers 11.623ms
[158.083s][info][gc,phases,start] GC(126) Phase 4: Compact heap
[158.088s][info][gc,phases      ] GC(126) Phase 4: Compact heap 4.946ms
[158.105s][info][gc,heap        ] GC(126) Eden regions: 127->0(204)
[158.105s][info][gc,heap        ] GC(126) Survivor regions: 1->0(34)
[158.105s][info][gc,heap        ] GC(126) Old regions: 101->102
[158.105s][info][gc,heap        ] GC(126) Archive regions: 0->0
[158.105s][info][gc,heap        ] GC(126) Humongous regions: 0->0
[158.105s][info][gc,metaspace   ] GC(126) Metaspace: 121250K(132224K)->121250K(132224K) NonClass: 104782K(110272K)->104782K(110272K) Class: 16468K(21952K)->16468K(21952K)
[158.105s][info][gc             ] GC(126) Pause Full (System.gc()) 3407M->1374M(5440M) 92.520ms
[158.105s][info][gc,cpu         ] GC(126) User=1.89s Sys=0.55s Real=0.09s
[158.399s][info][gc,start       ] GC(127) Pause Young (Normal) (G1 Evacuation Pause)
[158.399s][info][gc,task        ] GC(127) Using 33 workers of 33 for evacuation
[158.402s][info][gc,phases      ] GC(127)   Pre Evacuate Collection Set: 0.3ms
[158.402s][info][gc,phases      ] GC(127)   Merge Heap Roots: 0.2ms
[158.402s][info][gc,phases      ] GC(127)   Evacuate Collection Set: 1.5ms
[158.402s][info][gc,phases      ] GC(127)   Post Evacuate Collection Set: 0.9ms
[158.402s][info][gc,phases      ] GC(127)   Other: 0.1ms
[158.402s][info][gc,heap        ] GC(127) Eden regions: 204->0(203)
[158.402s][info][gc,heap        ] GC(127) Survivor regions: 0->1(26)
[158.402s][info][gc,heap        ] GC(127) Old regions: 102->102
[158.402s][info][gc,heap        ] GC(127) Archive regions: 0->0
[158.402s][info][gc,heap        ] GC(127) Humongous regions: 0->0
[158.402s][info][gc,metaspace   ] GC(127) Metaspace: 121296K(132224K)->121296K(132224K) NonClass: 104828K(110272K)->104828K(110272K) Class: 16468K(21952K)->16468K(21952K)
[158.402s][info][gc             ] GC(127) Pause Young (Normal) (G1 Evacuation Pause) 4638M->1381M(5440M) 3.308ms
[158.402s][info][gc,cpu         ] GC(127) User=0.00s Sys=0.00s Real=0.00s
[158.635s][info][gc,start       ] GC(128) Pause Young (Normal) (G1 Evacuation Pause)
[158.635s][info][gc,task        ] GC(128) Using 33 workers of 33 for evacuation
[158.638s][info][gc,phases      ] GC(128)   Pre Evacuate Collection Set: 0.2ms
[158.638s][info][gc,phases      ] GC(128)   Merge Heap Roots: 0.2ms
[158.638s][info][gc,phases      ] GC(128)   Evacuate Collection Set: 1.3ms
[158.638s][info][gc,phases      ] GC(128)   Post Evacuate Collection Set: 0.8ms
[158.638s][info][gc,phases      ] GC(128)   Other: 0.1ms
[158.638s][info][gc,heap        ] GC(128) Eden regions: 203->0(203)
[158.638s][info][gc,heap        ] GC(128) Survivor regions: 1->1(26)
[158.638s][info][gc,heap        ] GC(128) Old regions: 102->102
[158.638s][info][gc,heap        ] GC(128) Archive regions: 0->0
[158.638s][info][gc,heap        ] GC(128) Humongous regions: 0->0
[158.638s][info][gc,metaspace   ] GC(128) Metaspace: 121296K(132224K)->121296K(132224K) NonClass: 104828K(110272K)->104828K(110272K) Class: 16468K(21952K)->16468K(21952K)
[158.638s][info][gc             ] GC(128) Pause Young (Normal) (G1 Evacuation Pause) 4629M->1381M(5440M) 2.832ms
[158.638s][info][gc,cpu         ] GC(128) User=0.52s Sys=0.00s Real=0.00s
[158.870s][info][gc,start       ] GC(129) Pause Young (Normal) (G1 Evacuation Pause)
[158.870s][info][gc,task        ] GC(129) Using 33 workers of 33 for evacuation
[158.873s][info][gc,phases      ] GC(129)   Pre Evacuate Collection Set: 0.2ms
[158.873s][info][gc,phases      ] GC(129)   Merge Heap Roots: 0.2ms
[158.873s][info][gc,phases      ] GC(129)   Evacuate Collection Set: 1.2ms
[158.873s][info][gc,phases      ] GC(129)   Post Evacuate Collection Set: 0.8ms
[158.873s][info][gc,phases      ] GC(129)   Other: 0.1ms
[158.873s][info][gc,heap        ] GC(129) Eden regions: 203->0(203)
[158.873s][info][gc,heap        ] GC(129) Survivor regions: 1->1(26)
[158.873s][info][gc,heap        ] GC(129) Old regions: 102->102
[158.873s][info][gc,heap        ] GC(129) Archive regions: 0->0
[158.873s][info][gc,heap        ] GC(129) Humongous regions: 0->0
[158.873s][info][gc,metaspace   ] GC(129) Metaspace: 121296K(132224K)->121296K(132224K) NonClass: 104828K(110272K)->104828K(110272K) Class: 16468K(21952K)->16468K(21952K)
[158.873s][info][gc             ] GC(129) Pause Young (Normal) (G1 Evacuation Pause) 4629M->1381M(5440M) 2.738ms
[158.873s][info][gc,cpu         ] GC(129) User=0.00s Sys=0.00s Real=0.00s
[159.107s][info][gc,start       ] GC(130) Pause Young (Normal) (G1 Evacuation Pause)
[159.107s][info][gc,task        ] GC(130) Using 33 workers of 33 for evacuation
[159.109s][info][gc,phases      ] GC(130)   Pre Evacuate Collection Set: 0.2ms
[159.109s][info][gc,phases      ] GC(130)   Merge Heap Roots: 0.2ms
[159.109s][info][gc,phases      ] GC(130)   Evacuate Collection Set: 1.2ms
[159.109s][info][gc,phases      ] GC(130)   Post Evacuate Collection Set: 0.8ms
[159.109s][info][gc,phases      ] GC(130)   Other: 0.1ms
[159.109s][info][gc,heap        ] GC(130) Eden regions: 203->0(203)
[159.109s][info][gc,heap        ] GC(130) Survivor regions: 1->1(26)
[159.109s][info][gc,heap        ] GC(130) Old regions: 102->102
[159.109s][info][gc,heap        ] GC(130) Archive regions: 0->0
[159.109s][info][gc,heap        ] GC(130) Humongous regions: 0->0
[159.109s][info][gc,metaspace   ] GC(130) Metaspace: 121296K(132224K)->121296K(132224K) NonClass: 104828K(110272K)->104828K(110272K) Class: 16468K(21952K)->16468K(21952K)
[159.109s][info][gc             ] GC(130) Pause Young (Normal) (G1 Evacuation Pause) 4629M->1382M(5440M) 2.817ms
[159.110s][info][gc,cpu         ] GC(130) User=0.00s Sys=0.00s Real=0.00s
[161.117s][info][gc,start       ] GC(131) Pause Full (System.gc())
[161.117s][info][gc,task        ] GC(131) Using 33 workers of 33 for full compaction
[161.119s][info][gc,phases,start] GC(131) Phase 1: Mark live objects
[161.160s][info][gc,phases      ] GC(131) Phase 1: Mark live objects 41.052ms
[161.160s][info][gc,phases,start] GC(131) Phase 2: Prepare compaction
[161.168s][info][gc,phases      ] GC(131) Phase 2: Prepare compaction 7.605ms
[161.168s][info][gc,phases,start] GC(131) Phase 3: Adjust pointers
[161.180s][info][gc,phases      ] GC(131) Phase 3: Adjust pointers 12.740ms
[161.180s][info][gc,phases,start] GC(131) Phase 4: Compact heap
[161.186s][info][gc,phases      ] GC(131) Phase 4: Compact heap 5.171ms
[161.208s][info][gc,heap        ] GC(131) Eden regions: 178->0(204)
[161.208s][info][gc,heap        ] GC(131) Survivor regions: 1->0(26)
[161.208s][info][gc,heap        ] GC(131) Old regions: 102->102
[161.208s][info][gc,heap        ] GC(131) Archive regions: 0->0
[161.208s][info][gc,heap        ] GC(131) Humongous regions: 0->0
[161.208s][info][gc,metaspace   ] GC(131) Metaspace: 121338K(132288K)->121338K(132288K) NonClass: 104870K(110336K)->104870K(110336K) Class: 16468K(21952K)->16468K(21952K)
[161.208s][info][gc             ] GC(131) Pause Full (System.gc()) 4227M->1374M(5440M) 90.376ms
[161.208s][info][gc,cpu         ] GC(131) User=1.42s Sys=0.05s Real=0.08s
[161.505s][info][gc,start       ] GC(132) Pause Young (Normal) (G1 Evacuation Pause)
[161.505s][info][gc,task        ] GC(132) Using 33 workers of 33 for evacuation
[161.508s][info][gc,phases      ] GC(132)   Pre Evacuate Collection Set: 0.2ms
[161.508s][info][gc,phases      ] GC(132)   Merge Heap Roots: 0.2ms
[161.508s][info][gc,phases      ] GC(132)   Evacuate Collection Set: 1.4ms
[161.508s][info][gc,phases      ] GC(132)   Post Evacuate Collection Set: 0.9ms
[161.508s][info][gc,phases      ] GC(132)   Other: 0.1ms
[161.508s][info][gc,heap        ] GC(132) Eden regions: 204->0(203)
[161.508s][info][gc,heap        ] GC(132) Survivor regions: 0->1(26)
[161.508s][info][gc,heap        ] GC(132) Old regions: 102->102
[161.508s][info][gc,heap        ] GC(132) Archive regions: 0->0
[161.508s][info][gc,heap        ] GC(132) Humongous regions: 0->0
[161.508s][info][gc,metaspace   ] GC(132) Metaspace: 121358K(132288K)->121358K(132288K) NonClass: 104890K(110336K)->104890K(110336K) Class: 16468K(21952K)->16468K(21952K)
[161.508s][info][gc             ] GC(132) Pause Young (Normal) (G1 Evacuation Pause) 4638M->1381M(5440M) 3.146ms
[161.508s][info][gc,cpu         ] GC(132) User=0.00s Sys=0.00s Real=0.00s
[161.733s][info][gc,start       ] GC(133) Pause Young (Normal) (G1 Evacuation Pause)
[161.733s][info][gc,task        ] GC(133) Using 33 workers of 33 for evacuation
[161.736s][info][gc,phases      ] GC(133)   Pre Evacuate Collection Set: 0.2ms
[161.736s][info][gc,phases      ] GC(133)   Merge Heap Roots: 0.2ms
[161.736s][info][gc,phases      ] GC(133)   Evacuate Collection Set: 1.3ms
[161.736s][info][gc,phases      ] GC(133)   Post Evacuate Collection Set: 0.7ms
[161.736s][info][gc,phases      ] GC(133)   Other: 0.1ms
[161.736s][info][gc,heap        ] GC(133) Eden regions: 203->0(203)
[161.736s][info][gc,heap        ] GC(133) Survivor regions: 1->1(26)
[161.736s][info][gc,heap        ] GC(133) Old regions: 102->102
[161.736s][info][gc,heap        ] GC(133) Archive regions: 0->0
[161.736s][info][gc,heap        ] GC(133) Humongous regions: 0->0
[161.736s][info][gc,metaspace   ] GC(133) Metaspace: 121358K(132288K)->121358K(132288K) NonClass: 104890K(110336K)->104890K(110336K) Class: 16468K(21952K)->16468K(21952K)
[161.736s][info][gc             ] GC(133) Pause Young (Normal) (G1 Evacuation Pause) 4629M->1381M(5440M) 2.780ms
[161.736s][info][gc,cpu         ] GC(133) User=0.00s Sys=0.00s Real=0.00s
[161.961s][info][gc,start       ] GC(134) Pause Young (Normal) (G1 Evacuation Pause)
[161.961s][info][gc,task        ] GC(134) Using 33 workers of 33 for evacuation
[161.964s][info][gc,phases      ] GC(134)   Pre Evacuate Collection Set: 0.2ms
[161.964s][info][gc,phases      ] GC(134)   Merge Heap Roots: 0.2ms
[161.964s][info][gc,phases      ] GC(134)   Evacuate Collection Set: 1.2ms
[161.964s][info][gc,phases      ] GC(134)   Post Evacuate Collection Set: 0.7ms
[161.964s][info][gc,phases      ] GC(134)   Other: 0.1ms
[161.964s][info][gc,heap        ] GC(134) Eden regions: 203->0(203)
[161.964s][info][gc,heap        ] GC(134) Survivor regions: 1->1(26)
[161.964s][info][gc,heap        ] GC(134) Old regions: 102->102
[161.964s][info][gc,heap        ] GC(134) Archive regions: 0->0
[161.964s][info][gc,heap        ] GC(134) Humongous regions: 0->0
[161.964s][info][gc,metaspace   ] GC(134) Metaspace: 121358K(132288K)->121358K(132288K) NonClass: 104890K(110336K)->104890K(110336K) Class: 16468K(21952K)->16468K(21952K)
[161.964s][info][gc             ] GC(134) Pause Young (Normal) (G1 Evacuation Pause) 4629M->1381M(5440M) 2.761ms
[161.964s][info][gc,cpu         ] GC(134) User=0.00s Sys=0.00s Real=0.00s
[162.188s][info][gc,start       ] GC(135) Pause Young (Normal) (G1 Evacuation Pause)
[162.188s][info][gc,task        ] GC(135) Using 33 workers of 33 for evacuation
[162.190s][info][gc,phases      ] GC(135)   Pre Evacuate Collection Set: 0.2ms
[162.190s][info][gc,phases      ] GC(135)   Merge Heap Roots: 0.2ms
[162.190s][info][gc,phases      ] GC(135)   Evacuate Collection Set: 1.2ms
[162.190s][info][gc,phases      ] GC(135)   Post Evacuate Collection Set: 0.8ms
[162.190s][info][gc,phases      ] GC(135)   Other: 0.1ms
[162.190s][info][gc,heap        ] GC(135) Eden regions: 203->0(203)
[162.191s][info][gc,heap        ] GC(135) Survivor regions: 1->1(26)
[162.191s][info][gc,heap        ] GC(135) Old regions: 102->102
[162.191s][info][gc,heap        ] GC(135) Archive regions: 0->0
[162.191s][info][gc,heap        ] GC(135) Humongous regions: 0->0
[162.191s][info][gc,metaspace   ] GC(135) Metaspace: 121358K(132288K)->121358K(132288K) NonClass: 104890K(110336K)->104890K(110336K) Class: 16468K(21952K)->16468K(21952K)
[162.191s][info][gc             ] GC(135) Pause Young (Normal) (G1 Evacuation Pause) 4629M->1381M(5440M) 2.774ms
[162.191s][info][gc,cpu         ] GC(135) User=0.00s Sys=0.00s Real=0.00s
[162.931s][info][gc,start       ] GC(136) Pause Full (System.gc())
[162.931s][info][gc,task        ] GC(136) Using 33 workers of 33 for full compaction
[162.932s][info][gc,phases,start] GC(136) Phase 1: Mark live objects
[162.973s][info][gc,phases      ] GC(136) Phase 1: Mark live objects 41.746ms
[162.973s][info][gc,phases,start] GC(136) Phase 2: Prepare compaction
[162.981s][info][gc,phases      ] GC(136) Phase 2: Prepare compaction 7.819ms
[162.981s][info][gc,phases,start] GC(136) Phase 3: Adjust pointers
[162.994s][info][gc,phases      ] GC(136) Phase 3: Adjust pointers 13.112ms
[162.994s][info][gc,phases,start] GC(136) Phase 4: Compact heap
[163.000s][info][gc,phases      ] GC(136) Phase 4: Compact heap 5.926ms
[163.021s][info][gc,heap        ] GC(136) Eden regions: 184->0(204)
[163.021s][info][gc,heap        ] GC(136) Survivor regions: 1->0(26)
[163.021s][info][gc,heap        ] GC(136) Old regions: 102->102
[163.021s][info][gc,heap        ] GC(136) Archive regions: 0->0
[163.021s][info][gc,heap        ] GC(136) Humongous regions: 0->0
[163.021s][info][gc,metaspace   ] GC(136) Metaspace: 121360K(132288K)->121360K(132288K) NonClass: 104892K(110336K)->104892K(110336K) Class: 16468K(21952K)->16468K(21952K)
[163.021s][info][gc             ] GC(136) Pause Full (System.gc()) 4319M->1374M(5440M) 90.311ms
[163.021s][info][gc,cpu         ] GC(136) User=1.58s Sys=0.00s Real=0.09s
[163.316s][info][gc,start       ] GC(137) Pause Young (Normal) (G1 Evacuation Pause)
[163.316s][info][gc,task        ] GC(137) Using 33 workers of 33 for evacuation
[163.319s][info][gc,phases      ] GC(137)   Pre Evacuate Collection Set: 0.2ms
[163.319s][info][gc,phases      ] GC(137)   Merge Heap Roots: 0.2ms
[163.319s][info][gc,phases      ] GC(137)   Evacuate Collection Set: 1.4ms
[163.319s][info][gc,phases      ] GC(137)   Post Evacuate Collection Set: 0.8ms
[163.319s][info][gc,phases      ] GC(137)   Other: 0.1ms
[163.319s][info][gc,heap        ] GC(137) Eden regions: 204->0(203)
[163.319s][info][gc,heap        ] GC(137) Survivor regions: 0->1(26)
[163.319s][info][gc,heap        ] GC(137) Old regions: 102->102
[163.319s][info][gc,heap        ] GC(137) Archive regions: 0->0
[163.319s][info][gc,heap        ] GC(137) Humongous regions: 0->0
[163.319s][info][gc,metaspace   ] GC(137) Metaspace: 121457K(132288K)->121457K(132288K) NonClass: 104988K(110336K)->104988K(110336K) Class: 16469K(21952K)->16469K(21952K)
[163.319s][info][gc             ] GC(137) Pause Young (Normal) (G1 Evacuation Pause) 4638M->1381M(5440M) 2.965ms
[163.319s][info][gc,cpu         ] GC(137) User=0.00s Sys=0.00s Real=0.00s
[163.543s][info][gc,start       ] GC(138) Pause Young (Normal) (G1 Evacuation Pause)
[163.543s][info][gc,task        ] GC(138) Using 33 workers of 33 for evacuation
[163.545s][info][gc,phases      ] GC(138)   Pre Evacuate Collection Set: 0.3ms
[163.545s][info][gc,phases      ] GC(138)   Merge Heap Roots: 0.2ms
[163.545s][info][gc,phases      ] GC(138)   Evacuate Collection Set: 1.2ms
[163.545s][info][gc,phases      ] GC(138)   Post Evacuate Collection Set: 0.7ms
[163.545s][info][gc,phases      ] GC(138)   Other: 0.1ms
[163.545s][info][gc,heap        ] GC(138) Eden regions: 203->0(203)
[163.545s][info][gc,heap        ] GC(138) Survivor regions: 1->1(26)
[163.545s][info][gc,heap        ] GC(138) Old regions: 102->102
[163.545s][info][gc,heap        ] GC(138) Archive regions: 0->0
[163.545s][info][gc,heap        ] GC(138) Humongous regions: 0->0
[163.545s][info][gc,metaspace   ] GC(138) Metaspace: 121457K(132288K)->121457K(132288K) NonClass: 104988K(110336K)->104988K(110336K) Class: 16469K(21952K)->16469K(21952K)
[163.545s][info][gc             ] GC(138) Pause Young (Normal) (G1 Evacuation Pause) 4629M->1381M(5440M) 2.803ms
[163.545s][info][gc,cpu         ] GC(138) User=0.00s Sys=0.00s Real=0.00s
[163.769s][info][gc,start       ] GC(139) Pause Young (Normal) (G1 Evacuation Pause)
[163.769s][info][gc,task        ] GC(139) Using 33 workers of 33 for evacuation
[163.774s][info][gc,phases      ] GC(139)   Pre Evacuate Collection Set: 0.2ms
[163.774s][info][gc,phases      ] GC(139)   Merge Heap Roots: 0.2ms
[163.774s][info][gc,phases      ] GC(139)   Evacuate Collection Set: 1.2ms
[163.774s][info][gc,phases      ] GC(139)   Post Evacuate Collection Set: 3.4ms
[163.774s][info][gc,phases      ] GC(139)   Other: 0.1ms
[163.775s][info][gc,heap        ] GC(139) Eden regions: 203->0(240)
[163.775s][info][gc,heap        ] GC(139) Survivor regions: 1->1(26)
[163.775s][info][gc,heap        ] GC(139) Old regions: 102->102
[163.775s][info][gc,heap        ] GC(139) Archive regions: 0->0
[163.775s][info][gc,heap        ] GC(139) Humongous regions: 0->0
[163.775s][info][gc,metaspace   ] GC(139) Metaspace: 121457K(132288K)->121457K(132288K) NonClass: 104988K(110336K)->104988K(110336K) Class: 16469K(21952K)->16469K(21952K)
[163.775s][info][gc             ] GC(139) Pause Young (Normal) (G1 Evacuation Pause) 4629M->1381M(6432M) 5.380ms
[163.775s][info][gc,cpu         ] GC(139) User=0.00s Sys=0.00s Real=0.00s
[164.601s][info][gc,start       ] GC(140) Pause Young (Normal) (G1 Evacuation Pause)
[164.601s][info][gc,task        ] GC(140) Using 33 workers of 33 for evacuation
[164.604s][info][gc,phases      ] GC(140)   Pre Evacuate Collection Set: 0.2ms
[164.604s][info][gc,phases      ] GC(140)   Merge Heap Roots: 0.2ms
[164.604s][info][gc,phases      ] GC(140)   Evacuate Collection Set: 1.3ms
[164.604s][info][gc,phases      ] GC(140)   Post Evacuate Collection Set: 0.8ms
[164.604s][info][gc,phases      ] GC(140)   Other: 0.1ms
[164.604s][info][gc,heap        ] GC(140) Eden regions: 240->0(240)
[164.604s][info][gc,heap        ] GC(140) Survivor regions: 1->1(31)
[164.604s][info][gc,heap        ] GC(140) Old regions: 102->102
[164.604s][info][gc,heap        ] GC(140) Archive regions: 0->0
[164.604s][info][gc,heap        ] GC(140) Humongous regions: 0->0
[164.604s][info][gc,metaspace   ] GC(140) Metaspace: 121457K(132288K)->121457K(132288K) NonClass: 104988K(110336K)->104988K(110336K) Class: 16469K(21952K)->16469K(21952K)
[164.604s][info][gc             ] GC(140) Pause Young (Normal) (G1 Evacuation Pause) 5221M->1381M(6432M) 2.878ms
[164.604s][info][gc,cpu         ] GC(140) User=0.00s Sys=0.00s Real=0.00s
[165.405s][info][gc,start       ] GC(141) Pause Full (System.gc())
[165.406s][info][gc,task        ] GC(141) Using 33 workers of 33 for full compaction
[165.407s][info][gc,phases,start] GC(141) Phase 1: Mark live objects
[165.445s][info][gc,phases      ] GC(141) Phase 1: Mark live objects 38.239ms
[165.445s][info][gc,phases,start] GC(141) Phase 2: Prepare compaction
[165.453s][info][gc,phases      ] GC(141) Phase 2: Prepare compaction 7.968ms
[165.453s][info][gc,phases,start] GC(141) Phase 3: Adjust pointers
[165.466s][info][gc,phases      ] GC(141) Phase 3: Adjust pointers 12.910ms
[165.466s][info][gc,phases,start] GC(141) Phase 4: Compact heap
[165.472s][info][gc,phases      ] GC(141) Phase 4: Compact heap 5.545ms
[165.491s][info][gc,heap        ] GC(141) Eden regions: 148->0(204)
[165.491s][info][gc,heap        ] GC(141) Survivor regions: 1->0(31)
[165.491s][info][gc,heap        ] GC(141) Old regions: 102->102
[165.491s][info][gc,heap        ] GC(141) Archive regions: 0->0
[165.491s][info][gc,heap        ] GC(141) Humongous regions: 0->0
[165.491s][info][gc,metaspace   ] GC(141) Metaspace: 121463K(132288K)->121463K(132288K) NonClass: 104993K(110336K)->104993K(110336K) Class: 16469K(21952K)->16469K(21952K)
[165.491s][info][gc             ] GC(141) Pause Full (System.gc()) 3749M->1374M(5440M) 85.451ms
[165.491s][info][gc,cpu         ] GC(141) User=1.03s Sys=0.42s Real=0.08s
[165.815s][info][gc,start       ] GC(142) Pause Young (Normal) (G1 Evacuation Pause)
[165.815s][info][gc,task        ] GC(142) Using 33 workers of 33 for evacuation
[165.818s][info][gc,phases      ] GC(142)   Pre Evacuate Collection Set: 0.2ms
[165.818s][info][gc,phases      ] GC(142)   Merge Heap Roots: 0.2ms
[165.818s][info][gc,phases      ] GC(142)   Evacuate Collection Set: 1.5ms
[165.818s][info][gc,phases      ] GC(142)   Post Evacuate Collection Set: 0.9ms
[165.818s][info][gc,phases      ] GC(142)   Other: 0.1ms
[165.818s][info][gc,heap        ] GC(142) Eden regions: 204->0(203)
[165.818s][info][gc,heap        ] GC(142) Survivor regions: 0->1(26)
[165.818s][info][gc,heap        ] GC(142) Old regions: 102->102
[165.818s][info][gc,heap        ] GC(142) Archive regions: 0->0
[165.818s][info][gc,heap        ] GC(142) Humongous regions: 0->0
[165.818s][info][gc,metaspace   ] GC(142) Metaspace: 121471K(132288K)->121471K(132288K) NonClass: 105001K(110336K)->105001K(110336K) Class: 16469K(21952K)->16469K(21952K)
[165.818s][info][gc             ] GC(142) Pause Young (Normal) (G1 Evacuation Pause) 4638M->1381M(5440M) 3.280ms
[165.819s][info][gc,cpu         ] GC(142) User=0.00s Sys=0.00s Real=0.00s
[166.068s][info][gc,start       ] GC(143) Pause Young (Normal) (G1 Evacuation Pause)
[166.068s][info][gc,task        ] GC(143) Using 33 workers of 33 for evacuation
[166.071s][info][gc,phases      ] GC(143)   Pre Evacuate Collection Set: 0.2ms
[166.071s][info][gc,phases      ] GC(143)   Merge Heap Roots: 0.2ms
[166.071s][info][gc,phases      ] GC(143)   Evacuate Collection Set: 1.3ms
[166.071s][info][gc,phases      ] GC(143)   Post Evacuate Collection Set: 0.9ms
[166.071s][info][gc,phases      ] GC(143)   Other: 0.1ms
[166.071s][info][gc,heap        ] GC(143) Eden regions: 203->0(203)
[166.071s][info][gc,heap        ] GC(143) Survivor regions: 1->1(26)
[166.071s][info][gc,heap        ] GC(143) Old regions: 102->102
[166.071s][info][gc,heap        ] GC(143) Archive regions: 0->0
[166.071s][info][gc,heap        ] GC(143) Humongous regions: 0->0
[166.071s][info][gc,metaspace   ] GC(143) Metaspace: 121471K(132288K)->121471K(132288K) NonClass: 105001K(110336K)->105001K(110336K) Class: 16469K(21952K)->16469K(21952K)
[166.071s][info][gc             ] GC(143) Pause Young (Normal) (G1 Evacuation Pause) 4629M->1381M(5440M) 3.020ms
[166.071s][info][gc,cpu         ] GC(143) User=0.00s Sys=0.00s Real=0.00s
[166.320s][info][gc,start       ] GC(144) Pause Young (Normal) (G1 Evacuation Pause)
[166.320s][info][gc,task        ] GC(144) Using 33 workers of 33 for evacuation
[166.323s][info][gc,phases      ] GC(144)   Pre Evacuate Collection Set: 0.2ms
[166.323s][info][gc,phases      ] GC(144)   Merge Heap Roots: 0.2ms
[166.323s][info][gc,phases      ] GC(144)   Evacuate Collection Set: 1.3ms
[166.323s][info][gc,phases      ] GC(144)   Post Evacuate Collection Set: 0.9ms
[166.323s][info][gc,phases      ] GC(144)   Other: 0.1ms
[166.323s][info][gc,heap        ] GC(144) Eden regions: 203->0(203)
[166.323s][info][gc,heap        ] GC(144) Survivor regions: 1->1(26)
[166.323s][info][gc,heap        ] GC(144) Old regions: 102->102
[166.323s][info][gc,heap        ] GC(144) Archive regions: 0->0
[166.323s][info][gc,heap        ] GC(144) Humongous regions: 0->0
[166.323s][info][gc,metaspace   ] GC(144) Metaspace: 121471K(132288K)->121471K(132288K) NonClass: 105001K(110336K)->105001K(110336K) Class: 16469K(21952K)->16469K(21952K)
[166.323s][info][gc             ] GC(144) Pause Young (Normal) (G1 Evacuation Pause) 4629M->1381M(5440M) 3.107ms
[166.323s][info][gc,cpu         ] GC(144) User=0.03s Sys=0.00s Real=0.01s
[166.570s][info][gc,start       ] GC(145) Pause Young (Normal) (G1 Evacuation Pause)
[166.571s][info][gc,task        ] GC(145) Using 33 workers of 33 for evacuation
[166.573s][info][gc,phases      ] GC(145)   Pre Evacuate Collection Set: 0.2ms
[166.574s][info][gc,phases      ] GC(145)   Merge Heap Roots: 0.2ms
[166.574s][info][gc,phases      ] GC(145)   Evacuate Collection Set: 1.4ms
[166.574s][info][gc,phases      ] GC(145)   Post Evacuate Collection Set: 0.9ms
[166.574s][info][gc,phases      ] GC(145)   Other: 0.1ms
[166.574s][info][gc,heap        ] GC(145) Eden regions: 203->0(203)
[166.574s][info][gc,heap        ] GC(145) Survivor regions: 1->1(26)
[166.574s][info][gc,heap        ] GC(145) Old regions: 102->102
[166.574s][info][gc,heap        ] GC(145) Archive regions: 0->0
[166.574s][info][gc,heap        ] GC(145) Humongous regions: 0->0
[166.574s][info][gc,metaspace   ] GC(145) Metaspace: 121471K(132288K)->121471K(132288K) NonClass: 105001K(110336K)->105001K(110336K) Class: 16469K(21952K)->16469K(21952K)
[166.574s][info][gc             ] GC(145) Pause Young (Normal) (G1 Evacuation Pause) 4629M->1382M(5440M) 3.248ms
[166.574s][info][gc,cpu         ] GC(145) User=0.00s Sys=0.00s Real=0.00s
[167.339s][info][gc,start       ] GC(146) Pause Full (System.gc())
[167.340s][info][gc,task        ] GC(146) Using 33 workers of 33 for full compaction
[167.341s][info][gc,phases,start] GC(146) Phase 1: Mark live objects
[167.385s][info][gc,phases      ] GC(146) Phase 1: Mark live objects 44.132ms
[167.385s][info][gc,phases,start] GC(146) Phase 2: Prepare compaction
[167.393s][info][gc,phases      ] GC(146) Phase 2: Prepare compaction 8.114ms
[167.393s][info][gc,phases,start] GC(146) Phase 3: Adjust pointers
[167.410s][info][gc,phases      ] GC(146) Phase 3: Adjust pointers 16.611ms
[167.410s][info][gc,phases,start] GC(146) Phase 4: Compact heap
[167.416s][info][gc,phases      ] GC(146) Phase 4: Compact heap 6.240ms
[167.438s][info][gc,heap        ] GC(146) Eden regions: 178->0(204)
[167.438s][info][gc,heap        ] GC(146) Survivor regions: 1->0(26)
[167.438s][info][gc,heap        ] GC(146) Old regions: 102->102
[167.438s][info][gc,heap        ] GC(146) Archive regions: 0->0
[167.438s][info][gc,heap        ] GC(146) Humongous regions: 0->0
[167.438s][info][gc,metaspace   ] GC(146) Metaspace: 121480K(132288K)->121480K(132288K) NonClass: 105010K(110336K)->105010K(110336K) Class: 16470K(21952K)->16470K(21952K)
[167.438s][info][gc             ] GC(146) Pause Full (System.gc()) 4228M->1374M(5440M) 99.083ms
[167.439s][info][gc,cpu         ] GC(146) User=1.50s Sys=0.00s Real=0.09s
[167.736s][info][gc,start       ] GC(147) Pause Young (Normal) (G1 Evacuation Pause)
[167.736s][info][gc,task        ] GC(147) Using 33 workers of 33 for evacuation
[167.738s][info][gc,phases      ] GC(147)   Pre Evacuate Collection Set: 0.2ms
[167.738s][info][gc,phases      ] GC(147)   Merge Heap Roots: 0.2ms
[167.738s][info][gc,phases      ] GC(147)   Evacuate Collection Set: 1.4ms
[167.738s][info][gc,phases      ] GC(147)   Post Evacuate Collection Set: 0.8ms
[167.738s][info][gc,phases      ] GC(147)   Other: 0.1ms
[167.738s][info][gc,heap        ] GC(147) Eden regions: 204->0(203)
[167.738s][info][gc,heap        ] GC(147) Survivor regions: 0->1(26)
[167.738s][info][gc,heap        ] GC(147) Old regions: 102->102
[167.739s][info][gc,heap        ] GC(147) Archive regions: 0->0
[167.739s][info][gc,heap        ] GC(147) Humongous regions: 0->0
[167.739s][info][gc,metaspace   ] GC(147) Metaspace: 121709K(132352K)->121709K(132352K) NonClass: 105238K(110400K)->105238K(110400K) Class: 16471K(21952K)->16471K(21952K)
[167.739s][info][gc             ] GC(147) Pause Young (Normal) (G1 Evacuation Pause) 4638M->1382M(5440M) 3.051ms
[167.739s][info][gc,cpu         ] GC(147) User=0.00s Sys=0.00s Real=0.00s
[167.963s][info][gc,start       ] GC(148) Pause Young (Normal) (G1 Evacuation Pause)
[167.963s][info][gc,task        ] GC(148) Using 33 workers of 33 for evacuation
[167.966s][info][gc,phases      ] GC(148)   Pre Evacuate Collection Set: 0.2ms
[167.966s][info][gc,phases      ] GC(148)   Merge Heap Roots: 0.2ms
[167.966s][info][gc,phases      ] GC(148)   Evacuate Collection Set: 1.4ms
[167.966s][info][gc,phases      ] GC(148)   Post Evacuate Collection Set: 0.7ms
[167.966s][info][gc,phases      ] GC(148)   Other: 0.1ms
[167.966s][info][gc,heap        ] GC(148) Eden regions: 203->0(203)
[167.966s][info][gc,heap        ] GC(148) Survivor regions: 1->1(26)
[167.966s][info][gc,heap        ] GC(148) Old regions: 102->102
[167.966s][info][gc,heap        ] GC(148) Archive regions: 0->0
[167.966s][info][gc,heap        ] GC(148) Humongous regions: 0->0
[167.966s][info][gc,metaspace   ] GC(148) Metaspace: 121709K(132352K)->121709K(132352K) NonClass: 105238K(110400K)->105238K(110400K) Class: 16471K(21952K)->16471K(21952K)
[167.966s][info][gc             ] GC(148) Pause Young (Normal) (G1 Evacuation Pause) 4630M->1381M(5440M) 2.933ms
[167.966s][info][gc,cpu         ] GC(148) User=0.00s Sys=0.00s Real=0.00s
[168.190s][info][gc,start       ] GC(149) Pause Young (Normal) (G1 Evacuation Pause)
[168.191s][info][gc,task        ] GC(149) Using 33 workers of 33 for evacuation
[168.193s][info][gc,phases      ] GC(149)   Pre Evacuate Collection Set: 0.2ms
[168.193s][info][gc,phases      ] GC(149)   Merge Heap Roots: 0.2ms
[168.193s][info][gc,phases      ] GC(149)   Evacuate Collection Set: 1.4ms
[168.193s][info][gc,phases      ] GC(149)   Post Evacuate Collection Set: 0.7ms
[168.193s][info][gc,phases      ] GC(149)   Other: 0.1ms
[168.193s][info][gc,heap        ] GC(149) Eden regions: 203->0(203)
[168.193s][info][gc,heap        ] GC(149) Survivor regions: 1->1(26)
[168.193s][info][gc,heap        ] GC(149) Old regions: 102->102
[168.193s][info][gc,heap        ] GC(149) Archive regions: 0->0
[168.193s][info][gc,heap        ] GC(149) Humongous regions: 0->0
[168.193s][info][gc,metaspace   ] GC(149) Metaspace: 121709K(132352K)->121709K(132352K) NonClass: 105238K(110400K)->105238K(110400K) Class: 16471K(21952K)->16471K(21952K)
[168.193s][info][gc             ] GC(149) Pause Young (Normal) (G1 Evacuation Pause) 4629M->1381M(5440M) 2.955ms
[168.193s][info][gc,cpu         ] GC(149) User=0.53s Sys=0.00s Real=0.02s
[168.417s][info][gc,start       ] GC(150) Pause Young (Normal) (G1 Evacuation Pause)
[168.417s][info][gc,task        ] GC(150) Using 33 workers of 33 for evacuation
[168.419s][info][gc,phases      ] GC(150)   Pre Evacuate Collection Set: 0.2ms
[168.419s][info][gc,phases      ] GC(150)   Merge Heap Roots: 0.2ms
[168.419s][info][gc,phases      ] GC(150)   Evacuate Collection Set: 1.4ms
[168.419s][info][gc,phases      ] GC(150)   Post Evacuate Collection Set: 0.8ms
[168.419s][info][gc,phases      ] GC(150)   Other: 0.1ms
[168.420s][info][gc,heap        ] GC(150) Eden regions: 203->0(203)
[168.420s][info][gc,heap        ] GC(150) Survivor regions: 1->1(26)
[168.420s][info][gc,heap        ] GC(150) Old regions: 102->102
[168.420s][info][gc,heap        ] GC(150) Archive regions: 0->0
[168.420s][info][gc,heap        ] GC(150) Humongous regions: 0->0
[168.420s][info][gc,metaspace   ] GC(150) Metaspace: 121709K(132352K)->121709K(132352K) NonClass: 105238K(110400K)->105238K(110400K) Class: 16471K(21952K)->16471K(21952K)
[168.420s][info][gc             ] GC(150) Pause Young (Normal) (G1 Evacuation Pause) 4629M->1382M(5440M) 2.966ms
[168.420s][info][gc,cpu         ] GC(150) User=0.00s Sys=0.00s Real=0.00s
[169.190s][info][gc,start       ] GC(151) Pause Full (System.gc())
[169.190s][info][gc,task        ] GC(151) Using 33 workers of 33 for full compaction
[169.192s][info][gc,phases,start] GC(151) Phase 1: Mark live objects
[169.231s][info][gc,phases      ] GC(151) Phase 1: Mark live objects 38.854ms
[169.231s][info][gc,phases,start] GC(151) Phase 2: Prepare compaction
[169.239s][info][gc,phases      ] GC(151) Phase 2: Prepare compaction 8.456ms
[169.239s][info][gc,phases,start] GC(151) Phase 3: Adjust pointers
[169.259s][info][gc,phases      ] GC(151) Phase 3: Adjust pointers 19.617ms
[169.259s][info][gc,phases,start] GC(151) Phase 4: Compact heap
[169.264s][info][gc,phases      ] GC(151) Phase 4: Compact heap 5.116ms
[169.288s][info][gc,heap        ] GC(151) Eden regions: 185->0(204)
[169.288s][info][gc,heap        ] GC(151) Survivor regions: 1->0(26)
[169.288s][info][gc,heap        ] GC(151) Old regions: 102->102
[169.288s][info][gc,heap        ] GC(151) Archive regions: 0->0
[169.288s][info][gc,heap        ] GC(151) Humongous regions: 0->0
[169.288s][info][gc,metaspace   ] GC(151) Metaspace: 121716K(132352K)->121716K(132352K) NonClass: 105245K(110400K)->105245K(110400K) Class: 16471K(21952K)->16471K(21952K)
[169.288s][info][gc             ] GC(151) Pause Full (System.gc()) 4331M->1375M(5440M) 97.625ms
[169.288s][info][gc,cpu         ] GC(151) User=1.03s Sys=0.00s Real=0.09s
[169.579s][info][gc,start       ] GC(152) Pause Young (Normal) (G1 Evacuation Pause)
[169.579s][info][gc,task        ] GC(152) Using 33 workers of 33 for evacuation
[169.582s][info][gc,phases      ] GC(152)   Pre Evacuate Collection Set: 0.2ms
[169.582s][info][gc,phases      ] GC(152)   Merge Heap Roots: 0.2ms
[169.582s][info][gc,phases      ] GC(152)   Evacuate Collection Set: 1.4ms
[169.582s][info][gc,phases      ] GC(152)   Post Evacuate Collection Set: 0.9ms
[169.582s][info][gc,phases      ] GC(152)   Other: 0.1ms
[169.582s][info][gc,heap        ] GC(152) Eden regions: 204->0(203)
[169.582s][info][gc,heap        ] GC(152) Survivor regions: 0->1(26)
[169.582s][info][gc,heap        ] GC(152) Old regions: 102->102
[169.582s][info][gc,heap        ] GC(152) Archive regions: 0->0
[169.582s][info][gc,heap        ] GC(152) Humongous regions: 0->0
[169.582s][info][gc,metaspace   ] GC(152) Metaspace: 121723K(132352K)->121723K(132352K) NonClass: 105252K(110400K)->105252K(110400K) Class: 16471K(21952K)->16471K(21952K)
[169.582s][info][gc             ] GC(152) Pause Young (Normal) (G1 Evacuation Pause) 4639M->1382M(5440M) 3.069ms
[169.582s][info][gc,cpu         ] GC(152) User=0.00s Sys=0.00s Real=0.00s
[169.807s][info][gc,start       ] GC(153) Pause Young (Normal) (G1 Evacuation Pause)
[169.807s][info][gc,task        ] GC(153) Using 33 workers of 33 for evacuation
[169.809s][info][gc,phases      ] GC(153)   Pre Evacuate Collection Set: 0.2ms
[169.809s][info][gc,phases      ] GC(153)   Merge Heap Roots: 0.2ms
[169.809s][info][gc,phases      ] GC(153)   Evacuate Collection Set: 1.3ms
[169.809s][info][gc,phases      ] GC(153)   Post Evacuate Collection Set: 0.7ms
[169.809s][info][gc,phases      ] GC(153)   Other: 0.1ms
[169.809s][info][gc,heap        ] GC(153) Eden regions: 203->0(203)
[169.809s][info][gc,heap        ] GC(153) Survivor regions: 1->1(26)
[169.809s][info][gc,heap        ] GC(153) Old regions: 102->102
[169.809s][info][gc,heap        ] GC(153) Archive regions: 0->0
[169.809s][info][gc,heap        ] GC(153) Humongous regions: 0->0
[169.809s][info][gc,metaspace   ] GC(153) Metaspace: 121723K(132352K)->121723K(132352K) NonClass: 105252K(110400K)->105252K(110400K) Class: 16471K(21952K)->16471K(21952K)
[169.809s][info][gc             ] GC(153) Pause Young (Normal) (G1 Evacuation Pause) 4630M->1381M(5440M) 2.791ms
[169.810s][info][gc,cpu         ] GC(153) User=0.00s Sys=0.00s Real=0.00s
[170.033s][info][gc,start       ] GC(154) Pause Young (Normal) (G1 Evacuation Pause)
[170.033s][info][gc,task        ] GC(154) Using 33 workers of 33 for evacuation
[170.040s][info][gc,phases      ] GC(154)   Pre Evacuate Collection Set: 0.2ms
[170.041s][info][gc,phases      ] GC(154)   Merge Heap Roots: 0.2ms
[170.041s][info][gc,phases      ] GC(154)   Evacuate Collection Set: 1.2ms
[170.041s][info][gc,phases      ] GC(154)   Post Evacuate Collection Set: 5.8ms
[170.041s][info][gc,phases      ] GC(154)   Other: 0.1ms
[170.041s][info][gc,heap        ] GC(154) Eden regions: 203->0(271)
[170.041s][info][gc,heap        ] GC(154) Survivor regions: 1->1(26)
[170.041s][info][gc,heap        ] GC(154) Old regions: 102->102
[170.041s][info][gc,heap        ] GC(154) Archive regions: 0->0
[170.041s][info][gc,heap        ] GC(154) Humongous regions: 0->0
[170.041s][info][gc,metaspace   ] GC(154) Metaspace: 121723K(132352K)->121723K(132352K) NonClass: 105252K(110400K)->105252K(110400K) Class: 16471K(21952K)->16471K(21952K)
[170.041s][info][gc             ] GC(154) Pause Young (Normal) (G1 Evacuation Pause) 4629M->1381M(7264M) 7.798ms
[170.041s][info][gc,cpu         ] GC(154) User=0.00s Sys=0.00s Real=0.00s
[171.396s][info][gc,start       ] GC(155) Pause Young (Normal) (G1 Evacuation Pause)
[171.396s][info][gc,task        ] GC(155) Using 33 workers of 33 for evacuation
[171.399s][info][gc,phases      ] GC(155)   Pre Evacuate Collection Set: 0.2ms
[171.399s][info][gc,phases      ] GC(155)   Merge Heap Roots: 0.2ms
[171.399s][info][gc,phases      ] GC(155)   Evacuate Collection Set: 1.2ms
[171.399s][info][gc,phases      ] GC(155)   Post Evacuate Collection Set: 0.8ms
[171.399s][info][gc,phases      ] GC(155)   Other: 0.1ms
[171.399s][info][gc,heap        ] GC(155) Eden regions: 271->0(271)
[171.399s][info][gc,heap        ] GC(155) Survivor regions: 1->1(34)
[171.399s][info][gc,heap        ] GC(155) Old regions: 102->102
[171.399s][info][gc,heap        ] GC(155) Archive regions: 0->0
[171.399s][info][gc,heap        ] GC(155) Humongous regions: 0->0
[171.399s][info][gc,metaspace   ] GC(155) Metaspace: 121723K(132352K)->121723K(132352K) NonClass: 105252K(110400K)->105252K(110400K) Class: 16471K(21952K)->16471K(21952K)
[171.399s][info][gc             ] GC(155) Pause Young (Normal) (G1 Evacuation Pause) 5717M->1382M(7264M) 2.833ms
[171.399s][info][gc,cpu         ] GC(155) User=0.00s Sys=0.00s Real=0.00s
[172.077s][info][gc,start       ] GC(156) Pause Full (System.gc())
[172.077s][info][gc,task        ] GC(156) Using 33 workers of 33 for full compaction
[172.079s][info][gc,phases,start] GC(156) Phase 1: Mark live objects
[172.120s][info][gc,phases      ] GC(156) Phase 1: Mark live objects 41.554ms
[172.120s][info][gc,phases,start] GC(156) Phase 2: Prepare compaction
[172.135s][info][gc,phases      ] GC(156) Phase 2: Prepare compaction 14.286ms
[172.135s][info][gc,phases,start] GC(156) Phase 3: Adjust pointers
[172.148s][info][gc,phases      ] GC(156) Phase 3: Adjust pointers 13.098ms
[172.148s][info][gc,phases,start] GC(156) Phase 4: Compact heap
[172.152s][info][gc,phases      ] GC(156) Phase 4: Compact heap 4.599ms
[172.174s][info][gc,heap        ] GC(156) Eden regions: 117->0(204)
[172.174s][info][gc,heap        ] GC(156) Survivor regions: 1->0(34)
[172.174s][info][gc,heap        ] GC(156) Old regions: 102->102
[172.174s][info][gc,heap        ] GC(156) Archive regions: 0->0
[172.174s][info][gc,heap        ] GC(156) Humongous regions: 0->0
[172.174s][info][gc,metaspace   ] GC(156) Metaspace: 121726K(132352K)->121726K(132352K) NonClass: 105255K(110400K)->105255K(110400K) Class: 16471K(21952K)->16471K(21952K)
[172.174s][info][gc             ] GC(156) Pause Full (System.gc()) 3240M->1375M(5440M) 96.735ms
[172.174s][info][gc,cpu         ] GC(156) User=1.61s Sys=0.00s Real=0.09s
[172.473s][info][gc,start       ] GC(157) Pause Young (Normal) (G1 Evacuation Pause)
[172.473s][info][gc,task        ] GC(157) Using 33 workers of 33 for evacuation
[172.476s][info][gc,phases      ] GC(157)   Pre Evacuate Collection Set: 0.2ms
[172.476s][info][gc,phases      ] GC(157)   Merge Heap Roots: 0.2ms
[172.476s][info][gc,phases      ] GC(157)   Evacuate Collection Set: 1.5ms
[172.476s][info][gc,phases      ] GC(157)   Post Evacuate Collection Set: 0.9ms
[172.476s][info][gc,phases      ] GC(157)   Other: 0.1ms
[172.476s][info][gc,heap        ] GC(157) Eden regions: 204->0(203)
[172.476s][info][gc,heap        ] GC(157) Survivor regions: 0->1(26)
[172.476s][info][gc,heap        ] GC(157) Old regions: 102->102
[172.476s][info][gc,heap        ] GC(157) Archive regions: 0->0
[172.476s][info][gc,heap        ] GC(157) Humongous regions: 0->0
[172.476s][info][gc,metaspace   ] GC(157) Metaspace: 121786K(132352K)->121786K(132352K) NonClass: 105315K(110400K)->105315K(110400K) Class: 16471K(21952K)->16471K(21952K)
[172.476s][info][gc             ] GC(157) Pause Young (Normal) (G1 Evacuation Pause) 4639M->1382M(5440M) 3.311ms
[172.476s][info][gc,cpu         ] GC(157) User=0.00s Sys=0.00s Real=0.00s
[172.709s][info][gc,start       ] GC(158) Pause Young (Normal) (G1 Evacuation Pause)
[172.709s][info][gc,task        ] GC(158) Using 33 workers of 33 for evacuation
[172.712s][info][gc,phases      ] GC(158)   Pre Evacuate Collection Set: 0.2ms
[172.712s][info][gc,phases      ] GC(158)   Merge Heap Roots: 0.2ms
[172.712s][info][gc,phases      ] GC(158)   Evacuate Collection Set: 1.3ms
[172.712s][info][gc,phases      ] GC(158)   Post Evacuate Collection Set: 0.8ms
[172.712s][info][gc,phases      ] GC(158)   Other: 0.1ms
[172.712s][info][gc,heap        ] GC(158) Eden regions: 203->0(203)
[172.712s][info][gc,heap        ] GC(158) Survivor regions: 1->1(26)
[172.712s][info][gc,heap        ] GC(158) Old regions: 102->102
[172.712s][info][gc,heap        ] GC(158) Archive regions: 0->0
[172.712s][info][gc,heap        ] GC(158) Humongous regions: 0->0
[172.712s][info][gc,metaspace   ] GC(158) Metaspace: 121786K(132352K)->121786K(132352K) NonClass: 105315K(110400K)->105315K(110400K) Class: 16471K(21952K)->16471K(21952K)
[172.712s][info][gc             ] GC(158) Pause Young (Normal) (G1 Evacuation Pause) 4630M->1382M(5440M) 2.772ms
[172.712s][info][gc,cpu         ] GC(158) User=0.00s Sys=0.00s Real=0.00s
[172.954s][info][gc,start       ] GC(159) Pause Young (Normal) (G1 Evacuation Pause)
[172.954s][info][gc,task        ] GC(159) Using 33 workers of 33 for evacuation
[172.956s][info][gc,phases      ] GC(159)   Pre Evacuate Collection Set: 0.2ms
[172.956s][info][gc,phases      ] GC(159)   Merge Heap Roots: 0.2ms
[172.956s][info][gc,phases      ] GC(159)   Evacuate Collection Set: 1.3ms
[172.956s][info][gc,phases      ] GC(159)   Post Evacuate Collection Set: 0.8ms
[172.956s][info][gc,phases      ] GC(159)   Other: 0.1ms
[172.956s][info][gc,heap        ] GC(159) Eden regions: 203->0(203)
[172.956s][info][gc,heap        ] GC(159) Survivor regions: 1->1(26)
[172.957s][info][gc,heap        ] GC(159) Old regions: 102->102
[172.957s][info][gc,heap        ] GC(159) Archive regions: 0->0
[172.957s][info][gc,heap        ] GC(159) Humongous regions: 0->0
[172.957s][info][gc,metaspace   ] GC(159) Metaspace: 121786K(132352K)->121786K(132352K) NonClass: 105315K(110400K)->105315K(110400K) Class: 16471K(21952K)->16471K(21952K)
[172.957s][info][gc             ] GC(159) Pause Young (Normal) (G1 Evacuation Pause) 4630M->1381M(5440M) 2.827ms
[172.957s][info][gc,cpu         ] GC(159) User=0.00s Sys=0.02s Real=0.02s
[173.195s][info][gc,start       ] GC(160) Pause Young (Normal) (G1 Evacuation Pause)
[173.195s][info][gc,task        ] GC(160) Using 33 workers of 33 for evacuation
[173.197s][info][gc,phases      ] GC(160)   Pre Evacuate Collection Set: 0.2ms
[173.197s][info][gc,phases      ] GC(160)   Merge Heap Roots: 0.2ms
[173.197s][info][gc,phases      ] GC(160)   Evacuate Collection Set: 1.1ms
[173.197s][info][gc,phases      ] GC(160)   Post Evacuate Collection Set: 0.7ms
[173.197s][info][gc,phases      ] GC(160)   Other: 0.1ms
[173.197s][info][gc,heap        ] GC(160) Eden regions: 203->0(203)
[173.197s][info][gc,heap        ] GC(160) Survivor regions: 1->1(26)
[173.197s][info][gc,heap        ] GC(160) Old regions: 102->102
[173.197s][info][gc,heap        ] GC(160) Archive regions: 0->0
[173.197s][info][gc,heap        ] GC(160) Humongous regions: 0->0
[173.197s][info][gc,metaspace   ] GC(160) Metaspace: 121786K(132352K)->121786K(132352K) NonClass: 105315K(110400K)->105315K(110400K) Class: 16471K(21952K)->16471K(21952K)
[173.197s][info][gc             ] GC(160) Pause Young (Normal) (G1 Evacuation Pause) 4629M->1382M(5440M) 2.599ms
[173.197s][info][gc,cpu         ] GC(160) User=0.00s Sys=0.00s Real=0.00s
[173.952s][info][gc,start       ] GC(161) Pause Full (System.gc())
[173.953s][info][gc,task        ] GC(161) Using 33 workers of 33 for full compaction
[173.954s][info][gc,phases,start] GC(161) Phase 1: Mark live objects
[173.999s][info][gc,phases      ] GC(161) Phase 1: Mark live objects 44.653ms
[173.999s][info][gc,phases,start] GC(161) Phase 2: Prepare compaction
[174.007s][info][gc,phases      ] GC(161) Phase 2: Prepare compaction 7.960ms
[174.007s][info][gc,phases,start] GC(161) Phase 3: Adjust pointers
[174.023s][info][gc,phases      ] GC(161) Phase 3: Adjust pointers 15.914ms
[174.023s][info][gc,phases,start] GC(161) Phase 4: Compact heap
[174.029s][info][gc,phases      ] GC(161) Phase 4: Compact heap 5.580ms
[174.050s][info][gc,heap        ] GC(161) Eden regions: 179->0(204)
[174.050s][info][gc,heap        ] GC(161) Survivor regions: 1->0(26)
[174.050s][info][gc,heap        ] GC(161) Old regions: 102->102
[174.050s][info][gc,heap        ] GC(161) Archive regions: 0->0
[174.050s][info][gc,heap        ] GC(161) Humongous regions: 0->0
[174.051s][info][gc,metaspace   ] GC(161) Metaspace: 121789K(132352K)->121789K(132352K) NonClass: 105318K(110400K)->105318K(110400K) Class: 16471K(21952K)->16471K(21952K)
[174.051s][info][gc             ] GC(161) Pause Full (System.gc()) 4230M->1375M(5440M) 98.120ms
[174.051s][info][gc,cpu         ] GC(161) User=2.55s Sys=0.03s Real=0.09s
[174.341s][info][gc,start       ] GC(162) Pause Young (Normal) (G1 Evacuation Pause)
[174.341s][info][gc,task        ] GC(162) Using 33 workers of 33 for evacuation
[174.344s][info][gc,phases      ] GC(162)   Pre Evacuate Collection Set: 0.2ms
[174.344s][info][gc,phases      ] GC(162)   Merge Heap Roots: 0.2ms
[174.344s][info][gc,phases      ] GC(162)   Evacuate Collection Set: 1.4ms
[174.344s][info][gc,phases      ] GC(162)   Post Evacuate Collection Set: 0.8ms
[174.344s][info][gc,phases      ] GC(162)   Other: 0.1ms
[174.344s][info][gc,heap        ] GC(162) Eden regions: 204->0(203)
[174.344s][info][gc,heap        ] GC(162) Survivor regions: 0->1(26)
[174.344s][info][gc,heap        ] GC(162) Old regions: 102->102
[174.344s][info][gc,heap        ] GC(162) Archive regions: 0->0
[174.344s][info][gc,heap        ] GC(162) Humongous regions: 0->0
[174.344s][info][gc,metaspace   ] GC(162) Metaspace: 121819K(132416K)->121819K(132416K) NonClass: 105348K(110464K)->105348K(110464K) Class: 16471K(21952K)->16471K(21952K)
[174.344s][info][gc             ] GC(162) Pause Young (Normal) (G1 Evacuation Pause) 4639M->1382M(5440M) 2.940ms
[174.344s][info][gc,cpu         ] GC(162) User=0.00s Sys=0.00s Real=0.00s
[174.567s][info][gc,start       ] GC(163) Pause Young (Normal) (G1 Evacuation Pause)
[174.567s][info][gc,task        ] GC(163) Using 33 workers of 33 for evacuation
[174.570s][info][gc,phases      ] GC(163)   Pre Evacuate Collection Set: 0.2ms
[174.570s][info][gc,phases      ] GC(163)   Merge Heap Roots: 0.2ms
[174.570s][info][gc,phases      ] GC(163)   Evacuate Collection Set: 1.3ms
[174.570s][info][gc,phases      ] GC(163)   Post Evacuate Collection Set: 0.8ms
[174.570s][info][gc,phases      ] GC(163)   Other: 0.1ms
[174.570s][info][gc,heap        ] GC(163) Eden regions: 203->0(203)
[174.570s][info][gc,heap        ] GC(163) Survivor regions: 1->1(26)
[174.570s][info][gc,heap        ] GC(163) Old regions: 102->102
[174.570s][info][gc,heap        ] GC(163) Archive regions: 0->0
[174.570s][info][gc,heap        ] GC(163) Humongous regions: 0->0
[174.570s][info][gc,metaspace   ] GC(163) Metaspace: 121819K(132416K)->121819K(132416K) NonClass: 105348K(110464K)->105348K(110464K) Class: 16471K(21952K)->16471K(21952K)
[174.570s][info][gc             ] GC(163) Pause Young (Normal) (G1 Evacuation Pause) 4630M->1382M(5440M) 2.803ms
[174.570s][info][gc,cpu         ] GC(163) User=0.00s Sys=0.00s Real=0.00s
[174.793s][info][gc,start       ] GC(164) Pause Young (Normal) (G1 Evacuation Pause)
[174.793s][info][gc,task        ] GC(164) Using 33 workers of 33 for evacuation
[174.796s][info][gc,phases      ] GC(164)   Pre Evacuate Collection Set: 0.2ms
[174.796s][info][gc,phases      ] GC(164)   Merge Heap Roots: 0.2ms
[174.796s][info][gc,phases      ] GC(164)   Evacuate Collection Set: 1.2ms
[174.796s][info][gc,phases      ] GC(164)   Post Evacuate Collection Set: 0.7ms
[174.796s][info][gc,phases      ] GC(164)   Other: 0.1ms
[174.796s][info][gc,heap        ] GC(164) Eden regions: 203->0(203)
[174.796s][info][gc,heap        ] GC(164) Survivor regions: 1->1(26)
[174.796s][info][gc,heap        ] GC(164) Old regions: 102->102
[174.796s][info][gc,heap        ] GC(164) Archive regions: 0->0
[174.796s][info][gc,heap        ] GC(164) Humongous regions: 0->0
[174.796s][info][gc,metaspace   ] GC(164) Metaspace: 121819K(132416K)->121819K(132416K) NonClass: 105348K(110464K)->105348K(110464K) Class: 16471K(21952K)->16471K(21952K)
[174.796s][info][gc             ] GC(164) Pause Young (Normal) (G1 Evacuation Pause) 4630M->1382M(5440M) 2.648ms
[174.796s][info][gc,cpu         ] GC(164) User=0.00s Sys=0.00s Real=0.00s
[175.019s][info][gc,start       ] GC(165) Pause Young (Normal) (G1 Evacuation Pause)
[175.020s][info][gc,task        ] GC(165) Using 33 workers of 33 for evacuation
[175.022s][info][gc,phases      ] GC(165)   Pre Evacuate Collection Set: 0.2ms
[175.022s][info][gc,phases      ] GC(165)   Merge Heap Roots: 0.2ms
[175.022s][info][gc,phases      ] GC(165)   Evacuate Collection Set: 1.2ms
[175.022s][info][gc,phases      ] GC(165)   Post Evacuate Collection Set: 0.8ms
[175.022s][info][gc,phases      ] GC(165)   Other: 0.1ms
[175.022s][info][gc,heap        ] GC(165) Eden regions: 203->0(203)
[175.022s][info][gc,heap        ] GC(165) Survivor regions: 1->1(26)
[175.022s][info][gc,heap        ] GC(165) Old regions: 102->102
[175.022s][info][gc,heap        ] GC(165) Archive regions: 0->0
[175.022s][info][gc,heap        ] GC(165) Humongous regions: 0->0
[175.022s][info][gc,metaspace   ] GC(165) Metaspace: 121819K(132416K)->121819K(132416K) NonClass: 105348K(110464K)->105348K(110464K) Class: 16471K(21952K)->16471K(21952K)
[175.022s][info][gc             ] GC(165) Pause Young (Normal) (G1 Evacuation Pause) 4630M->1382M(5440M) 2.694ms
[175.022s][info][gc,cpu         ] GC(165) User=0.00s Sys=0.00s Real=0.00s
[175.767s][info][gc,start       ] GC(166) Pause Full (System.gc())
[175.767s][info][gc,task        ] GC(166) Using 33 workers of 33 for full compaction
[175.769s][info][gc,phases,start] GC(166) Phase 1: Mark live objects
[175.811s][info][gc,phases      ] GC(166) Phase 1: Mark live objects 42.673ms
[175.811s][info][gc,phases,start] GC(166) Phase 2: Prepare compaction
[175.819s][info][gc,phases      ] GC(166) Phase 2: Prepare compaction 7.844ms
[175.819s][info][gc,phases,start] GC(166) Phase 3: Adjust pointers
[175.834s][info][gc,phases      ] GC(166) Phase 3: Adjust pointers 14.282ms
[175.834s][info][gc,phases,start] GC(166) Phase 4: Compact heap
[175.839s][info][gc,phases      ] GC(166) Phase 4: Compact heap 5.114ms
[175.860s][info][gc,heap        ] GC(166) Eden regions: 184->0(204)
[175.860s][info][gc,heap        ] GC(166) Survivor regions: 1->0(26)
[175.860s][info][gc,heap        ] GC(166) Old regions: 102->102
[175.860s][info][gc,heap        ] GC(166) Archive regions: 0->0
[175.860s][info][gc,heap        ] GC(166) Humongous regions: 0->0
[175.860s][info][gc,metaspace   ] GC(166) Metaspace: 121821K(132416K)->121821K(132416K) NonClass: 105350K(110464K)->105350K(110464K) Class: 16471K(21952K)->16471K(21952K)
[175.860s][info][gc             ] GC(166) Pause Full (System.gc()) 4323M->1375M(5440M) 93.473ms
[175.861s][info][gc,cpu         ] GC(166) User=2.05s Sys=0.02s Real=0.09s
[176.149s][info][gc,start       ] GC(167) Pause Young (Normal) (G1 Evacuation Pause)
[176.149s][info][gc,task        ] GC(167) Using 33 workers of 33 for evacuation
[176.152s][info][gc,phases      ] GC(167)   Pre Evacuate Collection Set: 0.2ms
[176.152s][info][gc,phases      ] GC(167)   Merge Heap Roots: 0.2ms
[176.152s][info][gc,phases      ] GC(167)   Evacuate Collection Set: 1.4ms
[176.152s][info][gc,phases      ] GC(167)   Post Evacuate Collection Set: 0.8ms
[176.152s][info][gc,phases      ] GC(167)   Other: 0.1ms
[176.152s][info][gc,heap        ] GC(167) Eden regions: 204->0(203)
[176.152s][info][gc,heap        ] GC(167) Survivor regions: 0->1(26)
[176.152s][info][gc,heap        ] GC(167) Old regions: 102->102
[176.152s][info][gc,heap        ] GC(167) Archive regions: 0->0
[176.152s][info][gc,heap        ] GC(167) Humongous regions: 0->0
[176.152s][info][gc,metaspace   ] GC(167) Metaspace: 121912K(132416K)->121912K(132416K) NonClass: 105441K(110464K)->105441K(110464K) Class: 16471K(21952K)->16471K(21952K)
[176.152s][info][gc             ] GC(167) Pause Young (Normal) (G1 Evacuation Pause) 4639M->1382M(5440M) 3.004ms
[176.152s][info][gc,cpu         ] GC(167) User=0.00s Sys=0.00s Real=0.00s
[176.375s][info][gc,start       ] GC(168) Pause Young (Normal) (G1 Evacuation Pause)
[176.375s][info][gc,task        ] GC(168) Using 33 workers of 33 for evacuation
[176.378s][info][gc,phases      ] GC(168)   Pre Evacuate Collection Set: 0.2ms
[176.378s][info][gc,phases      ] GC(168)   Merge Heap Roots: 0.2ms
[176.378s][info][gc,phases      ] GC(168)   Evacuate Collection Set: 1.2ms
[176.378s][info][gc,phases      ] GC(168)   Post Evacuate Collection Set: 0.8ms
[176.378s][info][gc,phases      ] GC(168)   Other: 0.1ms
[176.378s][info][gc,heap        ] GC(168) Eden regions: 203->0(203)
[176.378s][info][gc,heap        ] GC(168) Survivor regions: 1->1(26)
[176.378s][info][gc,heap        ] GC(168) Old regions: 102->102
[176.378s][info][gc,heap        ] GC(168) Archive regions: 0->0
[176.378s][info][gc,heap        ] GC(168) Humongous regions: 0->0
[176.378s][info][gc,metaspace   ] GC(168) Metaspace: 121912K(132416K)->121912K(132416K) NonClass: 105441K(110464K)->105441K(110464K) Class: 16471K(21952K)->16471K(21952K)
[176.378s][info][gc             ] GC(168) Pause Young (Normal) (G1 Evacuation Pause) 4630M->1382M(5440M) 2.778ms
[176.378s][info][gc,cpu         ] GC(168) User=0.00s Sys=0.00s Real=0.00s
[176.602s][info][gc,start       ] GC(169) Pause Young (Normal) (G1 Evacuation Pause)
[176.602s][info][gc,task        ] GC(169) Using 33 workers of 33 for evacuation
[176.609s][info][gc,phases      ] GC(169)   Pre Evacuate Collection Set: 0.2ms
[176.616s][info][gc,phases      ] GC(169)   Merge Heap Roots: 0.2ms
[176.616s][info][gc,phases      ] GC(169)   Evacuate Collection Set: 1.2ms
[176.616s][info][gc,phases      ] GC(169)   Post Evacuate Collection Set: 5.5ms
[176.616s][info][gc,phases      ] GC(169)   Other: 0.1ms
[176.616s][info][gc,heap        ] GC(169) Eden regions: 203->0(270)
[176.616s][info][gc,heap        ] GC(169) Survivor regions: 1->1(26)
[176.616s][info][gc,heap        ] GC(169) Old regions: 102->102
[176.616s][info][gc,heap        ] GC(169) Archive regions: 0->0
[176.616s][info][gc,heap        ] GC(169) Humongous regions: 0->0
[176.616s][info][gc,metaspace   ] GC(169) Metaspace: 121912K(132416K)->121912K(132416K) NonClass: 105441K(110464K)->105441K(110464K) Class: 16471K(21952K)->16471K(21952K)
[176.616s][info][gc             ] GC(169) Pause Young (Normal) (G1 Evacuation Pause) 4630M->1382M(7232M) 14.566ms
[176.616s][info][gc,cpu         ] GC(169) User=0.00s Sys=0.02s Real=0.02s
[177.945s][info][gc,start       ] GC(170) Pause Young (Normal) (G1 Evacuation Pause)
[177.945s][info][gc,task        ] GC(170) Using 33 workers of 33 for evacuation
[177.948s][info][gc,phases      ] GC(170)   Pre Evacuate Collection Set: 0.2ms
[177.948s][info][gc,phases      ] GC(170)   Merge Heap Roots: 0.2ms
[177.948s][info][gc,phases      ] GC(170)   Evacuate Collection Set: 1.2ms
[177.948s][info][gc,phases      ] GC(170)   Post Evacuate Collection Set: 0.9ms
[177.948s][info][gc,phases      ] GC(170)   Other: 0.1ms
[177.948s][info][gc,heap        ] GC(170) Eden regions: 270->0(270)
[177.948s][info][gc,heap        ] GC(170) Survivor regions: 1->1(34)
[177.948s][info][gc,heap        ] GC(170) Old regions: 102->102
[177.948s][info][gc,heap        ] GC(170) Archive regions: 0->0
[177.948s][info][gc,heap        ] GC(170) Humongous regions: 0->0
[177.948s][info][gc,metaspace   ] GC(170) Metaspace: 121920K(132416K)->121920K(132416K) NonClass: 105449K(110464K)->105449K(110464K) Class: 16471K(21952K)->16471K(21952K)
[177.948s][info][gc             ] GC(170) Pause Young (Normal) (G1 Evacuation Pause) 5702M->1382M(7232M) 2.845ms
[177.948s][info][gc,cpu         ] GC(170) User=0.00s Sys=0.00s Real=0.00s
[178.687s][info][gc,start       ] GC(171) Pause Full (System.gc())
[178.687s][info][gc,task        ] GC(171) Using 33 workers of 33 for full compaction
[178.689s][info][gc,phases,start] GC(171) Phase 1: Mark live objects
[178.732s][info][gc,phases      ] GC(171) Phase 1: Mark live objects 43.709ms
[178.733s][info][gc,phases,start] GC(171) Phase 2: Prepare compaction
[178.746s][info][gc,phases      ] GC(171) Phase 2: Prepare compaction 13.724ms
[178.746s][info][gc,phases,start] GC(171) Phase 3: Adjust pointers
[178.760s][info][gc,phases      ] GC(171) Phase 3: Adjust pointers 13.347ms
[178.760s][info][gc,phases,start] GC(171) Phase 4: Compact heap
[178.765s][info][gc,phases      ] GC(171) Phase 4: Compact heap 4.970ms
[178.783s][info][gc,heap        ] GC(171) Eden regions: 117->0(204)
[178.783s][info][gc,heap        ] GC(171) Survivor regions: 1->0(34)
[178.783s][info][gc,heap        ] GC(171) Old regions: 102->102
[178.783s][info][gc,heap        ] GC(171) Archive regions: 0->0
[178.783s][info][gc,heap        ] GC(171) Humongous regions: 0->0
[178.783s][info][gc,metaspace   ] GC(171) Metaspace: 121920K(132416K)->121920K(132416K) NonClass: 105449K(110464K)->105449K(110464K) Class: 16471K(21952K)->16471K(21952K)
[178.783s][info][gc             ] GC(171) Pause Full (System.gc()) 3254M->1375M(5440M) 95.930ms
[178.783s][info][gc,cpu         ] GC(171) User=1.41s Sys=0.52s Real=0.09s
[179.086s][info][gc,start       ] GC(172) Pause Young (Normal) (G1 Evacuation Pause)
[179.087s][info][gc,task        ] GC(172) Using 33 workers of 33 for evacuation
[179.089s][info][gc,phases      ] GC(172)   Pre Evacuate Collection Set: 0.2ms
[179.089s][info][gc,phases      ] GC(172)   Merge Heap Roots: 0.2ms
[179.089s][info][gc,phases      ] GC(172)   Evacuate Collection Set: 1.4ms
[179.089s][info][gc,phases      ] GC(172)   Post Evacuate Collection Set: 0.8ms
[179.089s][info][gc,phases      ] GC(172)   Other: 0.1ms
[179.089s][info][gc,heap        ] GC(172) Eden regions: 204->0(203)
[179.089s][info][gc,heap        ] GC(172) Survivor regions: 0->1(26)
[179.089s][info][gc,heap        ] GC(172) Old regions: 102->102
[179.089s][info][gc,heap        ] GC(172) Archive regions: 0->0
[179.090s][info][gc,heap        ] GC(172) Humongous regions: 0->0
[179.090s][info][gc,metaspace   ] GC(172) Metaspace: 121983K(132416K)->121983K(132416K) NonClass: 105512K(110464K)->105512K(110464K) Class: 16471K(21952K)->16471K(21952K)
[179.090s][info][gc             ] GC(172) Pause Young (Normal) (G1 Evacuation Pause) 4639M->1382M(5440M) 3.082ms
[179.090s][info][gc,cpu         ] GC(172) User=0.00s Sys=0.00s Real=0.00s
[179.332s][info][gc,start       ] GC(173) Pause Young (Normal) (G1 Evacuation Pause)
[179.333s][info][gc,task        ] GC(173) Using 33 workers of 33 for evacuation
[179.335s][info][gc,phases      ] GC(173)   Pre Evacuate Collection Set: 0.2ms
[179.335s][info][gc,phases      ] GC(173)   Merge Heap Roots: 0.2ms
[179.335s][info][gc,phases      ] GC(173)   Evacuate Collection Set: 1.3ms
[179.335s][info][gc,phases      ] GC(173)   Post Evacuate Collection Set: 0.8ms
[179.335s][info][gc,phases      ] GC(173)   Other: 0.1ms
[179.335s][info][gc,heap        ] GC(173) Eden regions: 203->0(203)
[179.335s][info][gc,heap        ] GC(173) Survivor regions: 1->1(26)
[179.335s][info][gc,heap        ] GC(173) Old regions: 102->102
[179.335s][info][gc,heap        ] GC(173) Archive regions: 0->0
[179.335s][info][gc,heap        ] GC(173) Humongous regions: 0->0
[179.335s][info][gc,metaspace   ] GC(173) Metaspace: 121983K(132416K)->121983K(132416K) NonClass: 105512K(110464K)->105512K(110464K) Class: 16471K(21952K)->16471K(21952K)
[179.335s][info][gc             ] GC(173) Pause Young (Normal) (G1 Evacuation Pause) 4630M->1382M(5440M) 2.851ms
[179.335s][info][gc,cpu         ] GC(173) User=0.00s Sys=0.00s Real=0.00s
[179.578s][info][gc,start       ] GC(174) Pause Young (Normal) (G1 Evacuation Pause)
[179.578s][info][gc,task        ] GC(174) Using 33 workers of 33 for evacuation
[179.581s][info][gc,phases      ] GC(174)   Pre Evacuate Collection Set: 0.2ms
[179.581s][info][gc,phases      ] GC(174)   Merge Heap Roots: 0.2ms
[179.581s][info][gc,phases      ] GC(174)   Evacuate Collection Set: 1.2ms
[179.581s][info][gc,phases      ] GC(174)   Post Evacuate Collection Set: 0.8ms
[179.581s][info][gc,phases      ] GC(174)   Other: 0.1ms
[179.581s][info][gc,heap        ] GC(174) Eden regions: 203->0(203)
[179.581s][info][gc,heap        ] GC(174) Survivor regions: 1->1(26)
[179.581s][info][gc,heap        ] GC(174) Old regions: 102->102
[179.581s][info][gc,heap        ] GC(174) Archive regions: 0->0
[179.581s][info][gc,heap        ] GC(174) Humongous regions: 0->0
[179.581s][info][gc,metaspace   ] GC(174) Metaspace: 121983K(132416K)->121983K(132416K) NonClass: 105512K(110464K)->105512K(110464K) Class: 16471K(21952K)->16471K(21952K)
[179.581s][info][gc             ] GC(174) Pause Young (Normal) (G1 Evacuation Pause) 4630M->1382M(5440M) 2.734ms
[179.581s][info][gc,cpu         ] GC(174) User=0.00s Sys=0.00s Real=0.00s
[179.822s][info][gc,start       ] GC(175) Pause Young (Normal) (G1 Evacuation Pause)
[179.822s][info][gc,task        ] GC(175) Using 33 workers of 33 for evacuation
[179.825s][info][gc,phases      ] GC(175)   Pre Evacuate Collection Set: 0.2ms
[179.825s][info][gc,phases      ] GC(175)   Merge Heap Roots: 0.2ms
[179.825s][info][gc,phases      ] GC(175)   Evacuate Collection Set: 1.2ms
[179.825s][info][gc,phases      ] GC(175)   Post Evacuate Collection Set: 0.9ms
[179.825s][info][gc,phases      ] GC(175)   Other: 0.1ms
[179.825s][info][gc,heap        ] GC(175) Eden regions: 203->0(203)
[179.825s][info][gc,heap        ] GC(175) Survivor regions: 1->1(26)
[179.825s][info][gc,heap        ] GC(175) Old regions: 102->102
[179.825s][info][gc,heap        ] GC(175) Archive regions: 0->0
[179.825s][info][gc,heap        ] GC(175) Humongous regions: 0->0
[179.825s][info][gc,metaspace   ] GC(175) Metaspace: 121983K(132416K)->121983K(132416K) NonClass: 105512K(110464K)->105512K(110464K) Class: 16471K(21952K)->16471K(21952K)
[179.825s][info][gc             ] GC(175) Pause Young (Normal) (G1 Evacuation Pause) 4630M->1382M(5440M) 2.803ms
[179.825s][info][gc,cpu         ] GC(175) User=0.00s Sys=0.00s Real=0.00s
[180.542s][info][gc,start       ] GC(176) Pause Full (System.gc())
[180.542s][info][gc,task        ] GC(176) Using 33 workers of 33 for full compaction
[180.544s][info][gc,phases,start] GC(176) Phase 1: Mark live objects
[180.587s][info][gc,phases      ] GC(176) Phase 1: Mark live objects 43.011ms
[180.587s][info][gc,phases,start] GC(176) Phase 2: Prepare compaction
[180.595s][info][gc,phases      ] GC(176) Phase 2: Prepare compaction 8.175ms
[180.595s][info][gc,phases,start] GC(176) Phase 3: Adjust pointers
[180.620s][info][gc,phases      ] GC(176) Phase 3: Adjust pointers 24.745ms
[180.620s][info][gc,phases,start] GC(176) Phase 4: Compact heap
[180.627s][info][gc,phases      ] GC(176) Phase 4: Compact heap 7.088ms
[180.654s][info][gc,heap        ] GC(176) Eden regions: 178->0(204)
[180.654s][info][gc,heap        ] GC(176) Survivor regions: 1->0(26)
[180.654s][info][gc,heap        ] GC(176) Old regions: 102->102
[180.654s][info][gc,heap        ] GC(176) Archive regions: 0->0
[180.654s][info][gc,heap        ] GC(176) Humongous regions: 0->0
[180.654s][info][gc,metaspace   ] GC(176) Metaspace: 121986K(132416K)->121986K(132416K) NonClass: 105515K(110464K)->105515K(110464K) Class: 16471K(21952K)->16471K(21952K)
[180.654s][info][gc             ] GC(176) Pause Full (System.gc()) 4228M->1375M(5440M) 111.986ms
[180.654s][info][gc,cpu         ] GC(176) User=1.53s Sys=0.02s Real=0.11s
[180.947s][info][gc,start       ] GC(177) Pause Young (Normal) (G1 Evacuation Pause)
[180.948s][info][gc,task        ] GC(177) Using 33 workers of 33 for evacuation
[180.950s][info][gc,phases      ] GC(177)   Pre Evacuate Collection Set: 0.2ms
[180.950s][info][gc,phases      ] GC(177)   Merge Heap Roots: 0.2ms
[180.950s][info][gc,phases      ] GC(177)   Evacuate Collection Set: 1.4ms
[180.950s][info][gc,phases      ] GC(177)   Post Evacuate Collection Set: 0.8ms
[180.950s][info][gc,phases      ] GC(177)   Other: 0.1ms
[180.950s][info][gc,heap        ] GC(177) Eden regions: 204->0(203)
[180.950s][info][gc,heap        ] GC(177) Survivor regions: 0->1(26)
[180.950s][info][gc,heap        ] GC(177) Old regions: 102->102
[180.950s][info][gc,heap        ] GC(177) Archive regions: 0->0
[180.950s][info][gc,heap        ] GC(177) Humongous regions: 0->0
[180.950s][info][gc,metaspace   ] GC(177) Metaspace: 122037K(132416K)->122037K(132416K) NonClass: 105566K(110464K)->105566K(110464K) Class: 16471K(21952K)->16471K(21952K)
[180.950s][info][gc             ] GC(177) Pause Young (Normal) (G1 Evacuation Pause) 4639M->1382M(5440M) 2.979ms
[180.950s][info][gc,cpu         ] GC(177) User=0.00s Sys=0.00s Real=0.00s
[181.174s][info][gc,start       ] GC(178) Pause Young (Normal) (G1 Evacuation Pause)
[181.174s][info][gc,task        ] GC(178) Using 33 workers of 33 for evacuation
[181.176s][info][gc,phases      ] GC(178)   Pre Evacuate Collection Set: 0.2ms
[181.176s][info][gc,phases      ] GC(178)   Merge Heap Roots: 0.2ms
[181.176s][info][gc,phases      ] GC(178)   Evacuate Collection Set: 1.2ms
[181.176s][info][gc,phases      ] GC(178)   Post Evacuate Collection Set: 0.7ms
[181.176s][info][gc,phases      ] GC(178)   Other: 0.1ms
[181.176s][info][gc,heap        ] GC(178) Eden regions: 203->0(203)
[181.176s][info][gc,heap        ] GC(178) Survivor regions: 1->1(26)
[181.176s][info][gc,heap        ] GC(178) Old regions: 102->102
[181.176s][info][gc,heap        ] GC(178) Archive regions: 0->0
[181.176s][info][gc,heap        ] GC(178) Humongous regions: 0->0
[181.176s][info][gc,metaspace   ] GC(178) Metaspace: 122037K(132416K)->122037K(132416K) NonClass: 105566K(110464K)->105566K(110464K) Class: 16471K(21952K)->16471K(21952K)
[181.176s][info][gc             ] GC(178) Pause Young (Normal) (G1 Evacuation Pause) 4630M->1382M(5440M) 2.673ms
[181.177s][info][gc,cpu         ] GC(178) User=0.00s Sys=0.00s Real=0.00s
[181.400s][info][gc,start       ] GC(179) Pause Young (Normal) (G1 Evacuation Pause)
[181.400s][info][gc,task        ] GC(179) Using 33 workers of 33 for evacuation
[181.402s][info][gc,phases      ] GC(179)   Pre Evacuate Collection Set: 0.2ms
[181.402s][info][gc,phases      ] GC(179)   Merge Heap Roots: 0.2ms
[181.402s][info][gc,phases      ] GC(179)   Evacuate Collection Set: 1.2ms
[181.402s][info][gc,phases      ] GC(179)   Post Evacuate Collection Set: 0.7ms
[181.402s][info][gc,phases      ] GC(179)   Other: 0.1ms
[181.402s][info][gc,heap        ] GC(179) Eden regions: 203->0(203)
[181.402s][info][gc,heap        ] GC(179) Survivor regions: 1->1(26)
[181.402s][info][gc,heap        ] GC(179) Old regions: 102->102
[181.402s][info][gc,heap        ] GC(179) Archive regions: 0->0
[181.402s][info][gc,heap        ] GC(179) Humongous regions: 0->0
[181.402s][info][gc,metaspace   ] GC(179) Metaspace: 122037K(132416K)->122037K(132416K) NonClass: 105566K(110464K)->105566K(110464K) Class: 16471K(21952K)->16471K(21952K)
[181.402s][info][gc             ] GC(179) Pause Young (Normal) (G1 Evacuation Pause) 4630M->1382M(5440M) 2.689ms
[181.402s][info][gc,cpu         ] GC(179) User=0.00s Sys=0.00s Real=0.00s
[181.626s][info][gc,start       ] GC(180) Pause Young (Normal) (G1 Evacuation Pause)
[181.626s][info][gc,task        ] GC(180) Using 33 workers of 33 for evacuation
[181.628s][info][gc,phases      ] GC(180)   Pre Evacuate Collection Set: 0.2ms
[181.628s][info][gc,phases      ] GC(180)   Merge Heap Roots: 0.2ms
[181.628s][info][gc,phases      ] GC(180)   Evacuate Collection Set: 1.2ms
[181.628s][info][gc,phases      ] GC(180)   Post Evacuate Collection Set: 0.7ms
[181.628s][info][gc,phases      ] GC(180)   Other: 0.1ms
[181.628s][info][gc,heap        ] GC(180) Eden regions: 203->0(203)
[181.628s][info][gc,heap        ] GC(180) Survivor regions: 1->1(26)
[181.628s][info][gc,heap        ] GC(180) Old regions: 102->102
[181.628s][info][gc,heap        ] GC(180) Archive regions: 0->0
[181.628s][info][gc,heap        ] GC(180) Humongous regions: 0->0
[181.628s][info][gc,metaspace   ] GC(180) Metaspace: 122037K(132416K)->122037K(132416K) NonClass: 105566K(110464K)->105566K(110464K) Class: 16471K(21952K)->16471K(21952K)
[181.628s][info][gc             ] GC(180) Pause Young (Normal) (G1 Evacuation Pause) 4630M->1382M(5440M) 2.720ms
[181.628s][info][gc,cpu         ] GC(180) User=0.00s Sys=0.00s Real=0.00s
[182.726s][info][gc,heap,exit   ] Heap
[182.726s][info][gc,heap,exit   ]  garbage-first heap   total 5570560K, used 4643100K [0x00000000a0000000, 0x0000000800000000)
[182.726s][info][gc,heap,exit   ]   region size 16384K, 198 young (3244032K), 1 survivors (16384K)
[182.726s][info][gc,heap,exit   ]  Metaspace       used 122428K, committed 132544K, reserved 1179648K
[182.726s][info][gc,heap,exit   ]   class space    used 16547K, committed 22016K, reserved 1048576K
