[0.015s][info][gc,init] CardTable entry size: 512
[0.016s][info][gc     ] Using Parallel
[0.029s][info][gc,init] Version: 20+36-2344 (release)
[0.029s][info][gc,init] CPUs: 48 total, 48 available
[0.029s][info][gc,init] Memory: 382G
[0.029s][info][gc,init] Large Page Support: Disabled
[0.029s][info][gc,init] NUMA Support: Disabled
[0.029s][info][gc,init] Compressed Oops: Enabled (Zero based)
[0.029s][info][gc,init] Alignments: Space 512K, Generation 512K, Heap 2M
[0.029s][info][gc,init] Heap Min Capacity: 8M
[0.029s][info][gc,init] Heap Initial Capacity: 2G
[0.029s][info][gc,init] Heap Max Capacity: 30718M
[0.037s][info][gc,init] Pre-touch: Disabled
[0.037s][info][gc,init] Parallel Workers: 33
[0.038s][info][gc,metaspace] CDS archive(s) mapped at: [0x0000000800000000-0x0000000800c60000-0x0000000800c60000), size 12976128, SharedBaseAddress: 0x0000000800000000, ArchiveRelocationMode: 0.
[0.038s][info][gc,metaspace] Compressed class space mapped at: 0x0000000801000000-0x0000000841000000, reserved size: 1073741824
[0.038s][info][gc,metaspace] Narrow klass base: 0x0000000800000000, Narrow klass shift: 0, Narrow klass range: 0x100000000
[9.729s][info][gc,start    ] GC(0) Pause Young (Metadata GC Threshold)
[9.746s][info][gc,heap     ] GC(0) PSYoungGen: 220690K(611840K)->18797K(611840K) Eden: 220690K(524800K)->0K(524800K) From: 0K(87040K)->18797K(87040K)
[9.746s][info][gc,heap     ] GC(0) ParOldGen: 0K(1398272K)->24K(1398272K)
[9.746s][info][gc,metaspace] GC(0) Metaspace: 21271K(21504K)->21271K(21504K) NonClass: 18550K(18688K)->18550K(18688K) Class: 2721K(2816K)->2721K(2816K)
[9.746s][info][gc          ] GC(0) Pause Young (Metadata GC Threshold) 215M->18M(1963M) 17.360ms
[9.746s][info][gc,cpu      ] GC(0) User=0.09s Sys=0.42s Real=0.02s
[9.746s][info][gc,start    ] GC(1) Pause Full (Metadata GC Threshold)
[9.746s][info][gc,phases,start] GC(1) Marking Phase
[9.759s][info][gc,phases      ] GC(1) Marking Phase 12.751ms
[9.759s][info][gc,phases,start] GC(1) Summary Phase
[9.759s][info][gc,phases      ] GC(1) Summary Phase 0.014ms
[9.759s][info][gc,phases,start] GC(1) Adjust Roots
[9.762s][info][gc,phases      ] GC(1) Adjust Roots 2.460ms
[9.762s][info][gc,phases,start] GC(1) Compaction Phase
[9.773s][info][gc,phases      ] GC(1) Compaction Phase 11.131ms
[9.773s][info][gc,phases,start] GC(1) Post Compact
[9.775s][info][gc,phases      ] GC(1) Post Compact 1.931ms
[9.775s][info][gc,heap        ] GC(1) PSYoungGen: 18797K(611840K)->0K(611840K) Eden: 0K(524800K)->0K(524800K) From: 18797K(87040K)->0K(87040K)
[9.775s][info][gc,heap        ] GC(1) ParOldGen: 24K(1398272K)->18046K(1398272K)
[9.775s][info][gc,metaspace   ] GC(1) Metaspace: 21271K(21504K)->21271K(21504K) NonClass: 18550K(18688K)->18550K(18688K) Class: 2721K(2816K)->2721K(2816K)
[9.775s][info][gc             ] GC(1) Pause Full (Metadata GC Threshold) 18M->17M(1963M) 28.521ms
[9.775s][info][gc,cpu         ] GC(1) User=0.55s Sys=0.44s Real=0.03s
[10.734s][info][gc,start       ] GC(2) Pause Young (Metadata GC Threshold)
[10.742s][info][gc,heap        ] GC(2) PSYoungGen: 291812K(611840K)->6622K(611840K) Eden: 291812K(524800K)->0K(524800K) From: 0K(87040K)->6622K(87040K)
[10.742s][info][gc,heap        ] GC(2) ParOldGen: 18046K(1398272K)->18054K(1398272K)
[10.742s][info][gc,metaspace   ] GC(2) Metaspace: 35449K(35840K)->35449K(35840K) NonClass: 30971K(31168K)->30971K(31168K) Class: 4477K(4672K)->4477K(4672K)
[10.743s][info][gc             ] GC(2) Pause Young (Metadata GC Threshold) 302M->24M(1963M) 8.168ms
[10.743s][info][gc,cpu         ] GC(2) User=0.00s Sys=0.00s Real=0.00s
[10.743s][info][gc,start       ] GC(3) Pause Full (Metadata GC Threshold)
[10.743s][info][gc,phases,start] GC(3) Marking Phase
[10.761s][info][gc,phases      ] GC(3) Marking Phase 18.669ms
[10.761s][info][gc,phases,start] GC(3) Summary Phase
[10.761s][info][gc,phases      ] GC(3) Summary Phase 0.021ms
[10.762s][info][gc,phases,start] GC(3) Adjust Roots
[10.766s][info][gc,phases      ] GC(3) Adjust Roots 4.714ms
[10.766s][info][gc,phases,start] GC(3) Compaction Phase
[10.781s][info][gc,phases      ] GC(3) Compaction Phase 14.413ms
[10.781s][info][gc,phases,start] GC(3) Post Compact
[10.782s][info][gc,phases      ] GC(3) Post Compact 1.175ms
[10.782s][info][gc,heap        ] GC(3) PSYoungGen: 6622K(611840K)->0K(611840K) Eden: 0K(524800K)->0K(524800K) From: 6622K(87040K)->0K(87040K)
[10.782s][info][gc,heap        ] GC(3) ParOldGen: 18054K(1398272K)->23872K(1398272K)
[10.782s][info][gc,metaspace   ] GC(3) Metaspace: 35449K(35840K)->35449K(35840K) NonClass: 30971K(31168K)->30971K(31168K) Class: 4477K(4672K)->4477K(4672K)
[10.782s][info][gc             ] GC(3) Pause Full (Metadata GC Threshold) 24M->23M(1963M) 39.319ms
[10.782s][info][gc,cpu         ] GC(3) User=0.50s Sys=0.00s Real=0.05s
[86.649s][info][gc,start       ] GC(4) Pause Young (Metadata GC Threshold)
[86.655s][info][gc,heap        ] GC(4) PSYoungGen: 380781K(611840K)->6987K(611840K) Eden: 380781K(524800K)->0K(524800K) From: 0K(87040K)->6987K(87040K)
[86.655s][info][gc,heap        ] GC(4) ParOldGen: 23872K(1398272K)->23880K(1398272K)
[86.655s][info][gc,metaspace   ] GC(4) Metaspace: 59242K(59776K)->59242K(59776K) NonClass: 52007K(52288K)->52007K(52288K) Class: 7234K(7488K)->7234K(7488K)
[86.655s][info][gc             ] GC(4) Pause Young (Metadata GC Threshold) 395M->30M(1963M) 6.541ms
[86.655s][info][gc,cpu         ] GC(4) User=0.53s Sys=0.00s Real=0.01s
[86.656s][info][gc,start       ] GC(5) Pause Full (Metadata GC Threshold)
[86.656s][info][gc,phases,start] GC(5) Marking Phase
[86.680s][info][gc,phases      ] GC(5) Marking Phase 24.938ms
[86.681s][info][gc,phases,start] GC(5) Summary Phase
[86.681s][info][gc,phases      ] GC(5) Summary Phase 0.016ms
[86.681s][info][gc,phases,start] GC(5) Adjust Roots
[86.686s][info][gc,phases      ] GC(5) Adjust Roots 5.161ms
[86.686s][info][gc,phases,start] GC(5) Compaction Phase
[86.704s][info][gc,phases      ] GC(5) Compaction Phase 18.336ms
[86.704s][info][gc,phases,start] GC(5) Post Compact
[86.706s][info][gc,phases      ] GC(5) Post Compact 1.591ms
[86.706s][info][gc,heap        ] GC(5) PSYoungGen: 6987K(611840K)->0K(611840K) Eden: 0K(524800K)->0K(524800K) From: 6987K(87040K)->0K(87040K)
[86.706s][info][gc,heap        ] GC(5) ParOldGen: 23880K(1398272K)->29570K(1398272K)
[86.706s][info][gc,metaspace   ] GC(5) Metaspace: 59242K(59776K)->59242K(59776K) NonClass: 52007K(52288K)->52007K(52288K) Class: 7234K(7488K)->7234K(7488K)
[86.706s][info][gc             ] GC(5) Pause Full (Metadata GC Threshold) 30M->28M(1963M) 50.336ms
[86.706s][info][gc,cpu         ] GC(5) User=0.75s Sys=0.00s Real=0.05s
[88.295s][info][gc,start       ] GC(6) Pause Young (System.gc())
[88.305s][info][gc,heap        ] GC(6) PSYoungGen: 109108K(611840K)->6944K(611840K) Eden: 109108K(524800K)->0K(524800K) From: 0K(87040K)->6944K(87040K)
[88.305s][info][gc,heap        ] GC(6) ParOldGen: 29570K(1398272K)->29578K(1398272K)
[88.305s][info][gc,metaspace   ] GC(6) Metaspace: 84462K(84992K)->84462K(84992K) NonClass: 73978K(74240K)->73978K(74240K) Class: 10484K(10752K)->10484K(10752K)
[88.305s][info][gc             ] GC(6) Pause Young (System.gc()) 135M->35M(1963M) 9.338ms
[88.305s][info][gc,cpu         ] GC(6) User=0.00s Sys=0.00s Real=0.00s
[88.305s][info][gc,start       ] GC(7) Pause Full (System.gc())
[88.305s][info][gc,phases,start] GC(7) Marking Phase
[88.339s][info][gc,phases      ] GC(7) Marking Phase 34.297ms
[88.339s][info][gc,phases,start] GC(7) Summary Phase
[88.339s][info][gc,phases      ] GC(7) Summary Phase 0.013ms
[88.339s][info][gc,phases,start] GC(7) Adjust Roots
[88.345s][info][gc,phases      ] GC(7) Adjust Roots 5.917ms
[88.345s][info][gc,phases,start] GC(7) Compaction Phase
[88.359s][info][gc,phases      ] GC(7) Compaction Phase 14.169ms
[88.360s][info][gc,phases,start] GC(7) Post Compact
[88.361s][info][gc,phases      ] GC(7) Post Compact 1.667ms
[88.361s][info][gc,heap        ] GC(7) PSYoungGen: 6944K(611840K)->0K(611840K) Eden: 0K(524800K)->0K(524800K) From: 6944K(87040K)->0K(87040K)
[88.361s][info][gc,heap        ] GC(7) ParOldGen: 29578K(1398272K)->35596K(1398272K)
[88.361s][info][gc,metaspace   ] GC(7) Metaspace: 84462K(84992K)->84462K(84992K) NonClass: 73978K(74240K)->73978K(74240K) Class: 10484K(10752K)->10484K(10752K)
[88.361s][info][gc             ] GC(7) Pause Full (System.gc()) 35M->34M(1963M) 56.404ms
[88.361s][info][gc,cpu         ] GC(7) User=1.11s Sys=0.00s Real=0.06s
[93.960s][info][gc,start       ] GC(8) Pause Young (Allocation Failure)
[93.978s][info][gc,heap        ] GC(8) PSYoungGen: 524800K(611840K)->36755K(611840K) Eden: 524800K(524800K)->0K(524800K) From: 0K(87040K)->36755K(87040K)
[93.978s][info][gc,heap        ] GC(8) ParOldGen: 35596K(1398272K)->35612K(1398272K)
[93.978s][info][gc,metaspace   ] GC(8) Metaspace: 124503K(131392K)->124503K(131392K) NonClass: 105298K(109120K)->105298K(109120K) Class: 19204K(22272K)->19204K(22272K)
[93.978s][info][gc             ] GC(8) Pause Young (Allocation Failure) 547M->70M(1963M) 18.234ms
[93.978s][info][gc,cpu         ] GC(8) User=0.03s Sys=0.02s Real=0.02s
[94.328s][info][gc,start       ] GC(9) Pause Young (Allocation Failure)
[94.353s][info][gc,heap        ] GC(9) PSYoungGen: 561555K(611840K)->46328K(648704K) Eden: 524800K(524800K)->0K(561664K) From: 36755K(87040K)->46328K(87040K)
[94.353s][info][gc,heap        ] GC(9) ParOldGen: 35612K(1398272K)->35620K(1398272K)
[94.353s][info][gc,metaspace   ] GC(9) Metaspace: 124578K(131456K)->124578K(131456K) NonClass: 105374K(109184K)->105374K(109184K) Class: 19204K(22272K)->19204K(22272K)
[94.353s][info][gc             ] GC(9) Pause Young (Allocation Failure) 583M->80M(1999M) 24.747ms
[94.353s][info][gc,cpu         ] GC(9) User=0.50s Sys=0.50s Real=0.03s
[94.422s][info][gc,start       ] GC(10) Pause Young (Allocation Failure)
[94.452s][info][gc,heap        ] GC(10) PSYoungGen: 607992K(648704K)->50165K(611840K) Eden: 561664K(561664K)->0K(561664K) From: 46328K(87040K)->50165K(50176K)
[94.452s][info][gc,heap        ] GC(10) ParOldGen: 35620K(1398272K)->50596K(1398272K)
[94.452s][info][gc,metaspace   ] GC(10) Metaspace: 124596K(131456K)->124596K(131456K) NonClass: 105392K(109184K)->105392K(109184K) Class: 19204K(22272K)->19204K(22272K)
[94.452s][info][gc             ] GC(10) Pause Young (Allocation Failure) 628M->98M(1963M) 30.438ms
[94.452s][info][gc,cpu         ] GC(10) User=0.02s Sys=0.50s Real=0.02s
[94.496s][info][gc,start       ] GC(11) Pause Young (Allocation Failure)
[94.539s][info][gc,heap        ] GC(11) PSYoungGen: 611829K(611840K)->68583K(1170944K) Eden: 561664K(561664K)->0K(1102336K) From: 50165K(50176K)->68583K(68608K)
[94.539s][info][gc,heap        ] GC(11) ParOldGen: 50596K(1398272K)->67930K(1398272K)
[94.539s][info][gc,metaspace   ] GC(11) Metaspace: 124603K(131456K)->124603K(131456K) NonClass: 105399K(109184K)->105399K(109184K) Class: 19204K(22272K)->19204K(22272K)
[94.539s][info][gc             ] GC(11) Pause Young (Allocation Failure) 646M->133M(2509M) 43.061ms
[94.539s][info][gc,cpu         ] GC(11) User=0.08s Sys=1.48s Real=0.05s
[94.803s][info][gc,start       ] GC(12) Pause Young (Allocation Failure)
[94.841s][info][gc,heap        ] GC(12) PSYoungGen: 1170919K(1170944K)->65567K(1191936K) Eden: 1102336K(1102336K)->0K(1102336K) From: 68583K(68608K)->65567K(89600K)
[94.841s][info][gc,heap        ] GC(12) ParOldGen: 67930K(1398272K)->84160K(1398272K)
[94.841s][info][gc,metaspace   ] GC(12) Metaspace: 124603K(131456K)->124603K(131456K) NonClass: 105399K(109184K)->105399K(109184K) Class: 19204K(22272K)->19204K(22272K)
[94.841s][info][gc             ] GC(12) Pause Young (Allocation Failure) 1209M->146M(2529M) 38.188ms
[94.841s][info][gc,cpu         ] GC(12) User=0.08s Sys=0.98s Real=0.05s
[94.926s][info][gc,start       ] GC(13) Pause Young (Allocation Failure)
[95.016s][info][gc,heap        ] GC(13) PSYoungGen: 1167903K(1191936K)->94838K(1859072K) Eden: 1102336K(1102336K)->0K(1763840K) From: 65567K(89600K)->94838K(95232K)
[95.016s][info][gc,heap        ] GC(13) ParOldGen: 84160K(1398272K)->142497K(1398272K)
[95.016s][info][gc,metaspace   ] GC(13) Metaspace: 124606K(131456K)->124606K(131456K) NonClass: 105402K(109184K)->105402K(109184K) Class: 19204K(22272K)->19204K(22272K)
[95.016s][info][gc             ] GC(13) Pause Young (Allocation Failure) 1222M->231M(3181M) 90.889ms
[95.016s][info][gc,cpu         ] GC(13) User=0.08s Sys=2.61s Real=0.09s
[95.392s][info][gc,start       ] GC(14) Pause Young (Allocation Failure)
[95.449s][info][gc,heap        ] GC(14) PSYoungGen: 1858678K(1859072K)->110559K(2284544K) Eden: 1763840K(1763840K)->0K(2172928K) From: 94838K(95232K)->110559K(111616K)
[95.449s][info][gc,heap        ] GC(14) ParOldGen: 142497K(1398272K)->142537K(1398272K)
[95.449s][info][gc,metaspace   ] GC(14) Metaspace: 124606K(131456K)->124606K(131456K) NonClass: 105402K(109184K)->105402K(109184K) Class: 19204K(22272K)->19204K(22272K)
[95.449s][info][gc             ] GC(14) Pause Young (Allocation Failure) 1954M->247M(3596M) 57.185ms
[95.449s][info][gc,cpu         ] GC(14) User=0.05s Sys=1.31s Real=0.05s
[95.832s][info][gc,start       ] GC(15) Pause Young (Allocation Failure)
[96.042s][info][gc,heap        ] GC(15) PSYoungGen: 2283487K(2284544K)->129147K(2930688K) Eden: 2172928K(2172928K)->0K(2800640K) From: 110559K(111616K)->129147K(130048K)
[96.042s][info][gc,heap        ] GC(15) ParOldGen: 142537K(1398272K)->337702K(1398272K)
[96.042s][info][gc,metaspace   ] GC(15) Metaspace: 124661K(131520K)->124661K(131520K) NonClass: 105445K(109248K)->105445K(109248K) Class: 19216K(22272K)->19216K(22272K)
[96.042s][info][gc             ] GC(15) Pause Young (Allocation Failure) 2369M->455M(4227M) 210.027ms
[96.042s][info][gc,cpu         ] GC(15) User=0.09s Sys=5.84s Real=0.20s
[96.487s][info][gc,start       ] GC(16) Pause Young (Allocation Failure)
[96.754s][info][gc,heap        ] GC(16) PSYoungGen: 2929787K(2930688K)->151541K(2952192K) Eden: 2800640K(2800640K)->0K(2800640K) From: 129147K(130048K)->151541K(151552K)
[96.754s][info][gc,heap        ] GC(16) ParOldGen: 337702K(1398272K)->627525K(1398272K)
[96.754s][info][gc,metaspace   ] GC(16) Metaspace: 124731K(131584K)->124731K(131584K) NonClass: 105508K(109312K)->105508K(109312K) Class: 19223K(22272K)->19223K(22272K)
[96.754s][info][gc             ] GC(16) Pause Young (Allocation Failure) 3190M->760M(4248M) 267.782ms
[96.754s][info][gc,cpu         ] GC(16) User=0.11s Sys=8.09s Real=0.27s
[96.957s][info][gc,start       ] GC(17) Pause Young (Allocation Failure)
[97.086s][info][gc,heap        ] GC(17) PSYoungGen: 2952181K(2952192K)->144966K(4763136K) Eden: 2800640K(2800640K)->0K(4481024K) From: 151541K(151552K)->144966K(282112K)
[97.087s][info][gc,heap        ] GC(17) ParOldGen: 627525K(1398272K)->710462K(1398272K)
[97.087s][info][gc,metaspace   ] GC(17) Metaspace: 124818K(131712K)->124818K(131712K) NonClass: 105580K(109376K)->105580K(109376K) Class: 19237K(22336K)->19237K(22336K)
[97.087s][info][gc             ] GC(17) Pause Young (Allocation Failure) 3495M->835M(6017M) 129.313ms
[97.087s][info][gc,cpu         ] GC(17) User=0.13s Sys=3.75s Real=0.13s
[98.303s][info][gc,start       ] GC(18) Pause Young (Allocation Failure)
[98.576s][info][gc,heap        ] GC(18) PSYoungGen: 4625990K(4763136K)->283119K(4764160K) Eden: 4481024K(4481024K)->0K(4481024K) From: 144966K(282112K)->283119K(283136K)
[98.576s][info][gc,heap        ] GC(18) ParOldGen: 710462K(1398272K)->860081K(1398272K)
[98.576s][info][gc,metaspace   ] GC(18) Metaspace: 124896K(131776K)->124896K(131776K) NonClass: 105647K(109440K)->105647K(109440K) Class: 19249K(22336K)->19249K(22336K)
[98.576s][info][gc             ] GC(18) Pause Young (Allocation Failure) 5211M->1116M(6018M) 273.617ms
[98.576s][info][gc,cpu         ] GC(18) User=0.17s Sys=7.98s Real=0.27s
[98.901s][info][gc,start       ] GC(19) Pause Young (Allocation Failure)
[99.190s][info][gc,heap        ] GC(19) PSYoungGen: 4764143K(4764160K)->227129K(7484416K) Eden: 4481024K(4481024K)->0K(7151616K) From: 283119K(283136K)->227129K(332800K)
[99.190s][info][gc,heap        ] GC(19) ParOldGen: 860081K(1398272K)->1097772K(1398272K)
[99.190s][info][gc,metaspace   ] GC(19) Metaspace: 124896K(131776K)->124896K(131776K) NonClass: 105647K(109440K)->105647K(109440K) Class: 19249K(22336K)->19249K(22336K)
[99.191s][info][gc             ] GC(19) Pause Young (Allocation Failure) 5492M->1293M(8674M) 289.072ms
[99.191s][info][gc,cpu         ] GC(19) User=0.14s Sys=8.86s Real=0.28s
[101.176s][info][gc,start       ] GC(20) Pause Young (Allocation Failure)
[101.541s][info][gc,heap        ] GC(20) PSYoungGen: 7378745K(7484416K)->351230K(7502848K) Eden: 7151616K(7151616K)->0K(7151616K) From: 227129K(332800K)->351230K(351232K)
[101.541s][info][gc,heap        ] GC(20) ParOldGen: 1097772K(1398272K)->1302817K(1398272K)
[101.541s][info][gc,metaspace   ] GC(20) Metaspace: 124916K(131840K)->124916K(131840K) NonClass: 105666K(109504K)->105666K(109504K) Class: 19249K(22336K)->19249K(22336K)
[101.541s][info][gc             ] GC(20) Pause Young (Allocation Failure) 8277M->1615M(8692M) 365.761ms
[101.542s][info][gc,cpu         ] GC(20) User=0.23s Sys=10.89s Real=0.36s
[101.542s][info][gc,start       ] GC(21) Pause Full (Ergonomics)
[101.542s][info][gc,phases,start] GC(21) Marking Phase
[101.625s][info][gc,phases      ] GC(21) Marking Phase 82.901ms
[101.625s][info][gc,phases,start] GC(21) Summary Phase
[101.625s][info][gc,phases      ] GC(21) Summary Phase 0.058ms
[101.625s][info][gc,phases,start] GC(21) Adjust Roots
[101.645s][info][gc,phases      ] GC(21) Adjust Roots 20.366ms
[101.645s][info][gc,phases,start] GC(21) Compaction Phase
[101.706s][info][gc,phases      ] GC(21) Compaction Phase 60.639ms
[101.706s][info][gc,phases,start] GC(21) Post Compact
[101.740s][info][gc,phases      ] GC(21) Post Compact 33.844ms
[101.741s][info][gc,heap        ] GC(21) PSYoungGen: 351230K(7502848K)->0K(9997824K) Eden: 0K(7151616K)->0K(9510912K) From: 351230K(351232K)->0K(486912K)
[101.741s][info][gc,heap        ] GC(21) ParOldGen: 1302817K(1398272K)->800186K(1637376K)
[101.741s][info][gc,metaspace   ] GC(21) Metaspace: 124916K(131840K)->115022K(129152K) NonClass: 105666K(109504K)->98298K(106944K) Class: 19249K(22336K)->16724K(22208K)
[101.741s][info][gc             ] GC(21) Pause Full (Ergonomics) 1615M->781M(11362M) 199.067ms
[101.741s][info][gc,cpu         ] GC(21) User=2.14s Sys=0.06s Real=0.20s
[103.563s][info][gc,start       ] GC(22) Pause Young (Allocation Failure)
[103.871s][info][gc,heap        ] GC(22) PSYoungGen: 9510912K(9997824K)->486895K(9997824K) Eden: 9510912K(9510912K)->0K(9510912K) From: 0K(486912K)->486895K(486912K)
[103.871s][info][gc,heap        ] GC(22) ParOldGen: 800186K(1637376K)->920958K(1637376K)
[103.871s][info][gc,metaspace   ] GC(22) Metaspace: 115026K(129152K)->115026K(129152K) NonClass: 98302K(106944K)->98302K(106944K) Class: 16724K(22208K)->16724K(22208K)
[103.871s][info][gc             ] GC(22) Pause Young (Allocation Failure) 10069M->1374M(11362M) 308.284ms
[103.871s][info][gc,cpu         ] GC(22) User=0.11s Sys=9.55s Real=0.30s
[104.663s][info][gc,start       ] GC(23) Pause Young (Allocation Failure)
[104.947s][info][gc,heap        ] GC(23) PSYoungGen: 9997807K(9997824K)->465964K(9634304K) Eden: 9510912K(9510912K)->0K(9147392K) From: 486895K(486912K)->465964K(486912K)
[104.947s][info][gc,heap        ] GC(23) ParOldGen: 920958K(1637376K)->1200162K(1637376K)
[104.947s][info][gc,metaspace   ] GC(23) Metaspace: 115185K(129152K)->115185K(129152K) NonClass: 98415K(106944K)->98415K(106944K) Class: 16769K(22208K)->16769K(22208K)
[104.947s][info][gc             ] GC(23) Pause Young (Allocation Failure) 10662M->1627M(11007M) 284.641ms
[104.947s][info][gc,cpu         ] GC(23) User=0.22s Sys=8.69s Real=0.28s
[105.818s][info][gc,start       ] GC(24) Pause Young (Allocation Failure)
[105.945s][info][gc,heap        ] GC(24) PSYoungGen: 9610966K(9634304K)->404083K(9551872K) Eden: 9145002K(9147392K)->0K(9147392K) From: 465964K(486912K)->404083K(404480K)
[105.945s][info][gc,heap        ] GC(24) ParOldGen: 1200162K(1637376K)->1410796K(1637376K)
[105.945s][info][gc,metaspace   ] GC(24) Metaspace: 116295K(129152K)->116295K(129152K) NonClass: 99339K(106944K)->99339K(106944K) Class: 16956K(22208K)->16956K(22208K)
[105.945s][info][gc             ] GC(24) Pause Young (Allocation Failure) 10557M->1772M(10927M) 126.946ms
[105.945s][info][gc,cpu         ] GC(24) User=1.20s Sys=2.81s Real=0.12s
[105.945s][info][gc,start       ] GC(25) Pause Full (Ergonomics)
[105.945s][info][gc,phases,start] GC(25) Marking Phase
[105.998s][info][gc,phases      ] GC(25) Marking Phase 52.319ms
[105.998s][info][gc,phases,start] GC(25) Summary Phase
[105.998s][info][gc,phases      ] GC(25) Summary Phase 0.070ms
[105.998s][info][gc,phases,start] GC(25) Adjust Roots
[106.009s][info][gc,phases      ] GC(25) Adjust Roots 11.168ms
[106.009s][info][gc,phases,start] GC(25) Compaction Phase
[106.079s][info][gc,phases      ] GC(25) Compaction Phase 70.316ms
[106.079s][info][gc,phases,start] GC(25) Post Compact
[106.090s][info][gc,phases      ] GC(25) Post Compact 11.103ms
[106.093s][info][gc,heap        ] GC(25) PSYoungGen: 404083K(9551872K)->0K(9798144K) Eden: 0K(9147392K)->0K(9111552K) From: 404083K(404480K)->0K(686592K)
[106.093s][info][gc,heap        ] GC(25) ParOldGen: 1410796K(1637376K)->1456578K(2402816K)
[106.093s][info][gc,metaspace   ] GC(25) Metaspace: 116295K(129152K)->116295K(129152K) NonClass: 99339K(106944K)->99339K(106944K) Class: 16956K(22208K)->16956K(22208K)
[106.093s][info][gc             ] GC(25) Pause Full (Ergonomics) 1772M->1422M(11915M) 147.877ms
[106.093s][info][gc,cpu         ] GC(25) User=3.41s Sys=0.25s Real=0.16s
[107.075s][info][gc,start       ] GC(26) Pause Young (Allocation Failure)
[107.092s][info][gc,heap        ] GC(26) PSYoungGen: 9111552K(9798144K)->123387K(9234944K) Eden: 9111552K(9111552K)->0K(9111552K) From: 0K(686592K)->123387K(123392K)
[107.092s][info][gc,heap        ] GC(26) ParOldGen: 1456578K(2402816K)->1456586K(2402816K)
[107.092s][info][gc,metaspace   ] GC(26) Metaspace: 117607K(129216K)->117607K(129216K) NonClass: 100353K(107008K)->100353K(107008K) Class: 17254K(22208K)->17254K(22208K)
[107.092s][info][gc             ] GC(26) Pause Young (Allocation Failure) 10320M->1542M(11365M) 17.708ms
[107.093s][info][gc,cpu         ] GC(26) User=0.58s Sys=0.00s Real=0.02s
[109.243s][info][gc,start       ] GC(27) Pause Young (System.gc())
[109.382s][info][gc,heap        ] GC(27) PSYoungGen: 8314063K(9234944K)->7789K(9773568K) Eden: 8190676K(9111552K)->0K(9111552K) From: 123387K(123392K)->7789K(662016K)
[109.382s][info][gc,heap        ] GC(27) ParOldGen: 1456586K(2402816K)->1687188K(2402816K)
[109.382s][info][gc,metaspace   ] GC(27) Metaspace: 121436K(129344K)->121436K(129344K) NonClass: 103548K(107136K)->103548K(107136K) Class: 17888K(22208K)->17888K(22208K)
[109.382s][info][gc             ] GC(27) Pause Young (System.gc()) 9541M->1655M(11891M) 139.051ms
[109.382s][info][gc,cpu         ] GC(27) User=0.13s Sys=3.94s Real=0.14s
[109.382s][info][gc,start       ] GC(28) Pause Full (System.gc())
[109.382s][info][gc,phases,start] GC(28) Marking Phase
[109.434s][info][gc,phases      ] GC(28) Marking Phase 52.148ms
[109.434s][info][gc,phases,start] GC(28) Summary Phase
[109.434s][info][gc,phases      ] GC(28) Summary Phase 0.043ms
[109.434s][info][gc,phases,start] GC(28) Adjust Roots
[109.459s][info][gc,phases      ] GC(28) Adjust Roots 25.041ms
[109.459s][info][gc,phases,start] GC(28) Compaction Phase
[109.590s][info][gc,phases      ] GC(28) Compaction Phase 130.695ms
[109.590s][info][gc,phases,start] GC(28) Post Compact
[109.602s][info][gc,phases      ] GC(28) Post Compact 11.466ms
[109.602s][info][gc,heap        ] GC(28) PSYoungGen: 7789K(9773568K)->0K(9773568K) Eden: 0K(9111552K)->0K(9111552K) From: 7789K(662016K)->0K(662016K)
[109.602s][info][gc,heap        ] GC(28) ParOldGen: 1687188K(2402816K)->1399607K(2402816K)
[109.602s][info][gc,metaspace   ] GC(28) Metaspace: 121436K(129344K)->121250K(129344K) NonClass: 103548K(107136K)->103417K(107136K) Class: 17888K(22208K)->17832K(22208K)
[109.602s][info][gc             ] GC(28) Pause Full (System.gc()) 1655M->1366M(11891M) 219.695ms
[109.602s][info][gc,cpu         ] GC(28) User=4.44s Sys=0.03s Real=0.22s
[110.376s][info][gc,start       ] GC(29) Pause Young (Allocation Failure)
[110.379s][info][gc,heap        ] GC(29) PSYoungGen: 9111552K(9773568K)->7517K(9775616K) Eden: 9111552K(9111552K)->0K(9111552K) From: 0K(662016K)->7517K(664064K)
[110.379s][info][gc,heap        ] GC(29) ParOldGen: 1399607K(2402816K)->1399615K(2402816K)
[110.379s][info][gc,metaspace   ] GC(29) Metaspace: 121812K(129408K)->121812K(129408K) NonClass: 103915K(107200K)->103915K(107200K) Class: 17896K(22208K)->17896K(22208K)
[110.379s][info][gc             ] GC(29) Pause Young (Allocation Failure) 10264M->1374M(11893M) 2.591ms
[110.379s][info][gc,cpu         ] GC(29) User=0.00s Sys=0.00s Real=0.00s
[111.490s][info][gc,start       ] GC(30) Pause Young (System.gc())
[111.493s][info][gc,heap        ] GC(30) PSYoungGen: 7880627K(9775616K)->3361K(9789952K) Eden: 7873110K(9111552K)->0K(9158656K) From: 7517K(664064K)->3361K(631296K)
[111.493s][info][gc,heap        ] GC(30) ParOldGen: 1399615K(2402816K)->1404669K(2402816K)
[111.493s][info][gc,metaspace   ] GC(30) Metaspace: 121972K(129408K)->121972K(129408K) NonClass: 104073K(107200K)->104073K(107200K) Class: 17898K(22208K)->17898K(22208K)
[111.493s][info][gc             ] GC(30) Pause Young (System.gc()) 9062M->1375M(11907M) 3.111ms
[111.493s][info][gc,cpu         ] GC(30) User=0.00s Sys=0.00s Real=0.00s
[111.493s][info][gc,start       ] GC(31) Pause Full (System.gc())
[111.493s][info][gc,phases,start] GC(31) Marking Phase
[111.545s][info][gc,phases      ] GC(31) Marking Phase 51.545ms
[111.545s][info][gc,phases,start] GC(31) Summary Phase
[111.545s][info][gc,phases      ] GC(31) Summary Phase 0.038ms
[111.545s][info][gc,phases,start] GC(31) Adjust Roots
[111.564s][info][gc,phases      ] GC(31) Adjust Roots 18.773ms
[111.564s][info][gc,phases,start] GC(31) Compaction Phase
[111.672s][info][gc,phases      ] GC(31) Compaction Phase 108.108ms
[111.672s][info][gc,phases,start] GC(31) Post Compact
[111.680s][info][gc,phases      ] GC(31) Post Compact 7.584ms
[111.680s][info][gc,heap        ] GC(31) PSYoungGen: 3361K(9789952K)->0K(9789952K) Eden: 0K(9158656K)->0K(9158656K) From: 3361K(631296K)->0K(631296K)
[111.680s][info][gc,heap        ] GC(31) ParOldGen: 1404669K(2402816K)->1399809K(2402816K)
[111.680s][info][gc,metaspace   ] GC(31) Metaspace: 121972K(129408K)->121972K(129408K) NonClass: 104073K(107200K)->104073K(107200K) Class: 17898K(22208K)->17898K(22208K)
[111.680s][info][gc             ] GC(31) Pause Full (System.gc()) 1375M->1367M(11907M) 186.368ms
[111.680s][info][gc,cpu         ] GC(31) User=4.19s Sys=0.00s Real=0.19s
[112.432s][info][gc,start       ] GC(32) Pause Young (Allocation Failure)
[112.434s][info][gc,heap        ] GC(32) PSYoungGen: 9158656K(9789952K)->7517K(9802240K) Eden: 9158656K(9158656K)->0K(9158656K) From: 0K(631296K)->7517K(643584K)
[112.435s][info][gc,heap        ] GC(32) ParOldGen: 1399809K(2402816K)->1399817K(2402816K)
[112.435s][info][gc,metaspace   ] GC(32) Metaspace: 122346K(129472K)->122346K(129472K) NonClass: 104429K(107264K)->104429K(107264K) Class: 17917K(22208K)->17917K(22208K)
[112.435s][info][gc             ] GC(32) Pause Young (Allocation Failure) 10311M->1374M(11919M) 2.358ms
[112.435s][info][gc,cpu         ] GC(32) User=0.00s Sys=0.00s Real=0.00s
[113.703s][info][gc,start       ] GC(33) Pause Young (System.gc())
[113.708s][info][gc,heap        ] GC(33) PSYoungGen: 7494061K(9802240K)->3427K(9797632K) Eden: 7486544K(9158656K)->0K(9209856K) From: 7517K(643584K)->3427K(587776K)
[113.708s][info][gc,heap        ] GC(33) ParOldGen: 1399817K(2402816K)->1404855K(2402816K)
[113.708s][info][gc,metaspace   ] GC(33) Metaspace: 122580K(129472K)->122580K(129472K) NonClass: 104661K(107264K)->104661K(107264K) Class: 17918K(22208K)->17918K(22208K)
[113.708s][info][gc             ] GC(33) Pause Young (System.gc()) 8685M->1375M(11914M) 5.216ms
[113.708s][info][gc,cpu         ] GC(33) User=0.00s Sys=0.00s Real=0.00s
[113.709s][info][gc,start       ] GC(34) Pause Full (System.gc())
[113.709s][info][gc,phases,start] GC(34) Marking Phase
[113.757s][info][gc,phases      ] GC(34) Marking Phase 48.145ms
[113.757s][info][gc,phases,start] GC(34) Summary Phase
[113.757s][info][gc,phases      ] GC(34) Summary Phase 0.045ms
[113.757s][info][gc,phases,start] GC(34) Adjust Roots
[113.768s][info][gc,phases      ] GC(34) Adjust Roots 10.880ms
[113.768s][info][gc,phases,start] GC(34) Compaction Phase
[113.876s][info][gc,phases      ] GC(34) Compaction Phase 107.973ms
[113.876s][info][gc,phases,start] GC(34) Post Compact
[113.883s][info][gc,phases      ] GC(34) Post Compact 7.328ms
[113.883s][info][gc,heap        ] GC(34) PSYoungGen: 3427K(9797632K)->0K(9797632K) Eden: 0K(9209856K)->0K(9209856K) From: 3427K(587776K)->0K(587776K)
[113.883s][info][gc,heap        ] GC(34) ParOldGen: 1404855K(2402816K)->1400014K(2402816K)
[113.883s][info][gc,metaspace   ] GC(34) Metaspace: 122580K(129472K)->122580K(129472K) NonClass: 104661K(107264K)->104661K(107264K) Class: 17918K(22208K)->17918K(22208K)
[113.883s][info][gc             ] GC(34) Pause Full (System.gc()) 1375M->1367M(11914M) 174.674ms
[113.883s][info][gc,cpu         ] GC(34) User=4.17s Sys=0.00s Real=0.18s
[114.611s][info][gc,start       ] GC(35) Pause Young (Allocation Failure)
[114.613s][info][gc,heap        ] GC(35) PSYoungGen: 9209856K(9797632K)->7546K(9817088K) Eden: 9209856K(9209856K)->0K(9209856K) From: 0K(587776K)->7546K(607232K)
[114.613s][info][gc,heap        ] GC(35) ParOldGen: 1400014K(2402816K)->1400022K(2402816K)
[114.613s][info][gc,metaspace   ] GC(35) Metaspace: 122868K(129536K)->122868K(129536K) NonClass: 104943K(107328K)->104943K(107328K) Class: 17924K(22208K)->17924K(22208K)
[114.613s][info][gc             ] GC(35) Pause Young (Allocation Failure) 10361M->1374M(11933M) 2.350ms
[114.613s][info][gc,cpu         ] GC(35) User=0.00s Sys=0.00s Real=0.00s
[115.653s][info][gc,start       ] GC(36) Pause Young (System.gc())
[115.657s][info][gc,heap        ] GC(36) PSYoungGen: 7260142K(9817088K)->3273K(9828352K) Eden: 7252596K(9209856K)->0K(9289728K) From: 7546K(607232K)->3273K(538624K)
[115.657s][info][gc,heap        ] GC(36) ParOldGen: 1400022K(2402816K)->1405038K(2402816K)
[115.657s][info][gc,metaspace   ] GC(36) Metaspace: 123005K(129536K)->123005K(129536K) NonClass: 105080K(107328K)->105080K(107328K) Class: 17924K(22208K)->17924K(22208K)
[115.657s][info][gc             ] GC(36) Pause Young (System.gc()) 8457M->1375M(11944M) 4.236ms
[115.657s][info][gc,cpu         ] GC(36) User=0.00s Sys=0.00s Real=0.00s
[115.657s][info][gc,start       ] GC(37) Pause Full (System.gc())
[115.657s][info][gc,phases,start] GC(37) Marking Phase
[115.707s][info][gc,phases      ] GC(37) Marking Phase 49.429ms
[115.707s][info][gc,phases,start] GC(37) Summary Phase
[115.707s][info][gc,phases      ] GC(37) Summary Phase 0.038ms
[115.707s][info][gc,phases,start] GC(37) Adjust Roots
[115.718s][info][gc,phases      ] GC(37) Adjust Roots 10.997ms
[115.718s][info][gc,phases,start] GC(37) Compaction Phase
[115.826s][info][gc,phases      ] GC(37) Compaction Phase 108.269ms
[115.826s][info][gc,phases,start] GC(37) Post Compact
[115.834s][info][gc,phases      ] GC(37) Post Compact 7.477ms
[115.834s][info][gc,heap        ] GC(37) PSYoungGen: 3273K(9828352K)->0K(9828352K) Eden: 0K(9289728K)->0K(9289728K) From: 3273K(538624K)->0K(538624K)
[115.834s][info][gc,heap        ] GC(37) ParOldGen: 1405038K(2402816K)->1400180K(2402816K)
[115.834s][info][gc,metaspace   ] GC(37) Metaspace: 123005K(129536K)->123005K(129536K) NonClass: 105080K(107328K)->105080K(107328K) Class: 17924K(22208K)->17924K(22208K)
[115.834s][info][gc             ] GC(37) Pause Full (System.gc()) 1375M->1367M(11944M) 176.481ms
[115.834s][info][gc,cpu         ] GC(37) User=4.13s Sys=0.02s Real=0.18s
[116.557s][info][gc,start       ] GC(38) Pause Young (Allocation Failure)
[116.559s][info][gc,heap        ] GC(38) PSYoungGen: 9289728K(9828352K)->7517K(9851392K) Eden: 9289728K(9289728K)->0K(9289728K) From: 0K(538624K)->7517K(561664K)
[116.559s][info][gc,heap        ] GC(38) ParOldGen: 1400180K(2402816K)->1400188K(2402816K)
[116.559s][info][gc,metaspace   ] GC(38) Metaspace: 123349K(129600K)->123349K(129600K) NonClass: 105424K(107392K)->105424K(107392K) Class: 17924K(22208K)->17924K(22208K)
[116.559s][info][gc             ] GC(38) Pause Young (Allocation Failure) 10439M->1374M(11967M) 2.512ms
[116.559s][info][gc,cpu         ] GC(38) User=0.56s Sys=0.00s Real=0.02s
[117.621s][info][gc,start       ] GC(39) Pause Young (System.gc())
[117.624s][info][gc,heap        ] GC(39) PSYoungGen: 7157576K(9851392K)->3423K(9870848K) Eden: 7150058K(9289728K)->0K(9384448K) From: 7517K(561664K)->3423K(486400K)
[117.624s][info][gc,heap        ] GC(39) ParOldGen: 1400188K(2402816K)->1405224K(2402816K)
[117.624s][info][gc,metaspace   ] GC(39) Metaspace: 123457K(129600K)->123457K(129600K) NonClass: 105532K(107392K)->105532K(107392K) Class: 17925K(22208K)->17925K(22208K)
[117.624s][info][gc             ] GC(39) Pause Young (System.gc()) 8357M->1375M(11986M) 3.932ms
[117.625s][info][gc,cpu         ] GC(39) User=0.00s Sys=0.00s Real=0.00s
[117.625s][info][gc,start       ] GC(40) Pause Full (System.gc())
[117.625s][info][gc,phases,start] GC(40) Marking Phase
[117.669s][info][gc,phases      ] GC(40) Marking Phase 43.911ms
[117.669s][info][gc,phases,start] GC(40) Summary Phase
[117.669s][info][gc,phases      ] GC(40) Summary Phase 0.039ms
[117.669s][info][gc,phases,start] GC(40) Adjust Roots
[117.682s][info][gc,phases      ] GC(40) Adjust Roots 13.764ms
[117.682s][info][gc,phases,start] GC(40) Compaction Phase
[117.797s][info][gc,phases      ] GC(40) Compaction Phase 114.357ms
[117.797s][info][gc,phases,start] GC(40) Post Compact
[117.804s][info][gc,phases      ] GC(40) Post Compact 7.304ms
[117.804s][info][gc,heap        ] GC(40) PSYoungGen: 3423K(9870848K)->0K(9870848K) Eden: 0K(9384448K)->0K(9384448K) From: 3423K(486400K)->0K(486400K)
[117.804s][info][gc,heap        ] GC(40) ParOldGen: 1405224K(2402816K)->1400328K(2402816K)
[117.804s][info][gc,metaspace   ] GC(40) Metaspace: 123457K(129600K)->123457K(129600K) NonClass: 105532K(107392K)->105532K(107392K) Class: 17925K(22208K)->17925K(22208K)
[117.804s][info][gc             ] GC(40) Pause Full (System.gc()) 1375M->1367M(11986M) 179.644ms
[117.804s][info][gc,cpu         ] GC(40) User=4.58s Sys=0.02s Real=0.19s
[118.533s][info][gc,start       ] GC(41) Pause Young (Allocation Failure)
[118.536s][info][gc,heap        ] GC(41) PSYoungGen: 9384448K(9870848K)->7549K(9895936K) Eden: 9384448K(9384448K)->0K(9384448K) From: 0K(486400K)->7549K(511488K)
[118.536s][info][gc,heap        ] GC(41) ParOldGen: 1400328K(2402816K)->1400336K(2402816K)
[118.536s][info][gc,metaspace   ] GC(41) Metaspace: 123823K(129664K)->123823K(129664K) NonClass: 105898K(107456K)->105898K(107456K) Class: 17925K(22208K)->17925K(22208K)
[118.536s][info][gc             ] GC(41) Pause Young (Allocation Failure) 10532M->1374M(12010M) 2.678ms
[118.536s][info][gc,cpu         ] GC(41) User=0.00s Sys=0.00s Real=0.00s
[119.510s][info][gc,start       ] GC(42) Pause Young (System.gc())
[119.513s][info][gc,heap        ] GC(42) PSYoungGen: 7019877K(9895936K)->3233K(9922048K) Eden: 7012328K(9384448K)->0K(9486848K) From: 7549K(511488K)->3233K(435200K)
[119.513s][info][gc,heap        ] GC(42) ParOldGen: 1400336K(2402816K)->1405371K(2402816K)
[119.513s][info][gc,metaspace   ] GC(42) Metaspace: 124015K(129664K)->124015K(129664K) NonClass: 106089K(107456K)->106089K(107456K) Class: 17926K(22208K)->17926K(22208K)
[119.513s][info][gc             ] GC(42) Pause Young (System.gc()) 8222M->1375M(12036M) 3.182ms
[119.514s][info][gc,cpu         ] GC(42) User=0.00s Sys=0.00s Real=0.00s
[119.514s][info][gc,start       ] GC(43) Pause Full (System.gc())
[119.514s][info][gc,phases,start] GC(43) Marking Phase
[119.572s][info][gc,phases      ] GC(43) Marking Phase 58.077ms
[119.572s][info][gc,phases,start] GC(43) Summary Phase
[119.572s][info][gc,phases      ] GC(43) Summary Phase 0.040ms
[119.572s][info][gc,phases,start] GC(43) Adjust Roots
[119.587s][info][gc,phases      ] GC(43) Adjust Roots 14.688ms
[119.587s][info][gc,phases,start] GC(43) Compaction Phase
[119.692s][info][gc,phases      ] GC(43) Compaction Phase 105.401ms
[119.692s][info][gc,phases,start] GC(43) Post Compact
[119.699s][info][gc,phases      ] GC(43) Post Compact 7.435ms
[119.700s][info][gc,heap        ] GC(43) PSYoungGen: 3233K(9922048K)->0K(9922048K) Eden: 0K(9486848K)->0K(9486848K) From: 3233K(435200K)->0K(435200K)
[119.700s][info][gc,heap        ] GC(43) ParOldGen: 1405371K(2402816K)->1400520K(2402816K)
[119.700s][info][gc,metaspace   ] GC(43) Metaspace: 124015K(129664K)->124015K(129664K) NonClass: 106089K(107456K)->106089K(107456K) Class: 17926K(22208K)->17926K(22208K)
[119.700s][info][gc             ] GC(43) Pause Full (System.gc()) 1375M->1367M(12036M) 185.926ms
[119.700s][info][gc,cpu         ] GC(43) User=4.69s Sys=0.00s Real=0.19s
[120.414s][info][gc,start       ] GC(44) Pause Young (Allocation Failure)
[120.416s][info][gc,heap        ] GC(44) PSYoungGen: 9486848K(9922048K)->7482K(9947136K) Eden: 9486848K(9486848K)->0K(9486848K) From: 0K(435200K)->7482K(460288K)
[120.416s][info][gc,heap        ] GC(44) ParOldGen: 1400520K(2402816K)->1400528K(2402816K)
[120.416s][info][gc,metaspace   ] GC(44) Metaspace: 124158K(129664K)->124158K(129664K) NonClass: 106232K(107456K)->106232K(107456K) Class: 17926K(22208K)->17926K(22208K)
[120.416s][info][gc             ] GC(44) Pause Young (Allocation Failure) 10632M->1375M(12060M) 2.426ms
[120.416s][info][gc,cpu         ] GC(44) User=0.00s Sys=0.00s Real=0.00s
[121.400s][info][gc,start       ] GC(45) Pause Young (System.gc())
[121.404s][info][gc,heap        ] GC(45) PSYoungGen: 6901385K(9947136K)->3369K(9975808K) Eden: 6893902K(9486848K)->0K(9589248K) From: 7482K(460288K)->3369K(386560K)
[121.404s][info][gc,heap        ] GC(45) ParOldGen: 1400528K(2402816K)->1405594K(2402816K)
[121.404s][info][gc,metaspace   ] GC(45) Metaspace: 124199K(129664K)->124199K(129664K) NonClass: 106271K(107456K)->106271K(107456K) Class: 17927K(22208K)->17927K(22208K)
[121.404s][info][gc             ] GC(45) Pause Young (System.gc()) 8107M->1375M(12088M) 3.455ms
[121.404s][info][gc,cpu         ] GC(45) User=0.00s Sys=0.00s Real=0.00s
[121.404s][info][gc,start       ] GC(46) Pause Full (System.gc())
[121.404s][info][gc,phases,start] GC(46) Marking Phase
[121.462s][info][gc,phases      ] GC(46) Marking Phase 57.639ms
[121.462s][info][gc,phases,start] GC(46) Summary Phase
[121.462s][info][gc,phases      ] GC(46) Summary Phase 0.037ms
[121.462s][info][gc,phases,start] GC(46) Adjust Roots
[121.478s][info][gc,phases      ] GC(46) Adjust Roots 16.217ms
[121.478s][info][gc,phases,start] GC(46) Compaction Phase
[121.586s][info][gc,phases      ] GC(46) Compaction Phase 107.709ms
[121.586s][info][gc,phases,start] GC(46) Post Compact
[121.593s][info][gc,phases      ] GC(46) Post Compact 7.329ms
[121.593s][info][gc,heap        ] GC(46) PSYoungGen: 3369K(9975808K)->0K(9975808K) Eden: 0K(9589248K)->0K(9589248K) From: 3369K(386560K)->0K(386560K)
[121.593s][info][gc,heap        ] GC(46) ParOldGen: 1405594K(2402816K)->1400693K(2402816K)
[121.593s][info][gc,metaspace   ] GC(46) Metaspace: 124199K(129664K)->124199K(129664K) NonClass: 106271K(107456K)->106271K(107456K) Class: 17927K(22208K)->17927K(22208K)
[121.593s][info][gc             ] GC(46) Pause Full (System.gc()) 1375M->1367M(12088M) 189.238ms
[121.593s][info][gc,cpu         ] GC(46) User=5.09s Sys=0.05s Real=0.20s
[122.306s][info][gc,start       ] GC(47) Pause Young (Allocation Failure)
[122.309s][info][gc,heap        ] GC(47) PSYoungGen: 9589248K(9975808K)->7421K(9999872K) Eden: 9589248K(9589248K)->0K(9589248K) From: 0K(386560K)->7421K(410624K)
[122.309s][info][gc,heap        ] GC(47) ParOldGen: 1400693K(2402816K)->1400701K(2402816K)
[122.309s][info][gc,metaspace   ] GC(47) Metaspace: 124381K(129728K)->124381K(129728K) NonClass: 106453K(107520K)->106453K(107520K) Class: 17928K(22208K)->17928K(22208K)
[122.309s][info][gc             ] GC(47) Pause Young (Allocation Failure) 10732M->1375M(12112M) 2.406ms
[122.309s][info][gc,cpu         ] GC(47) User=0.00s Sys=0.00s Real=0.00s
[123.542s][info][gc,start       ] GC(48) Pause Young (System.gc())
[123.545s][info][gc,heap        ] GC(48) PSYoungGen: 6791549K(9999872K)->3457K(10027520K) Eden: 6784127K(9589248K)->0K(9687552K) From: 7421K(410624K)->3457K(339968K)
[123.546s][info][gc,heap        ] GC(48) ParOldGen: 1400701K(2402816K)->1405716K(2402816K)
[123.546s][info][gc,metaspace   ] GC(48) Metaspace: 124480K(129728K)->124480K(129728K) NonClass: 106551K(107520K)->106551K(107520K) Class: 17928K(22208K)->17928K(22208K)
[123.546s][info][gc             ] GC(48) Pause Young (System.gc()) 8000M->1376M(12139M) 3.520ms
[123.546s][info][gc,cpu         ] GC(48) User=0.03s Sys=0.00s Real=0.02s
[123.546s][info][gc,start       ] GC(49) Pause Full (System.gc())
[123.546s][info][gc,phases,start] GC(49) Marking Phase
[123.592s][info][gc,phases      ] GC(49) Marking Phase 45.538ms
[123.592s][info][gc,phases,start] GC(49) Summary Phase
[123.592s][info][gc,phases      ] GC(49) Summary Phase 0.042ms
[123.592s][info][gc,phases,start] GC(49) Adjust Roots
[123.612s][info][gc,phases      ] GC(49) Adjust Roots 20.021ms
[123.612s][info][gc,phases,start] GC(49) Compaction Phase
[123.719s][info][gc,phases      ] GC(49) Compaction Phase 107.089ms
[123.719s][info][gc,phases,start] GC(49) Post Compact
[123.726s][info][gc,phases      ] GC(49) Post Compact 7.298ms
[123.726s][info][gc,heap        ] GC(49) PSYoungGen: 3457K(10027520K)->0K(10027520K) Eden: 0K(9687552K)->0K(9687552K) From: 3457K(339968K)->0K(339968K)
[123.726s][info][gc,heap        ] GC(49) ParOldGen: 1405716K(2402816K)->1400844K(2402816K)
[123.726s][info][gc,metaspace   ] GC(49) Metaspace: 124480K(129728K)->124480K(129728K) NonClass: 106551K(107520K)->106551K(107520K) Class: 17928K(22208K)->17928K(22208K)
[123.726s][info][gc             ] GC(49) Pause Full (System.gc()) 1376M->1368M(12139M) 180.279ms
[123.726s][info][gc,cpu         ] GC(49) User=4.27s Sys=0.00s Real=0.17s
[124.444s][info][gc,start       ] GC(50) Pause Young (Allocation Failure)
[124.447s][info][gc,heap        ] GC(50) PSYoungGen: 9687552K(10027520K)->7485K(10050560K) Eden: 9687552K(9687552K)->0K(9687552K) From: 0K(339968K)->7485K(363008K)
[124.447s][info][gc,heap        ] GC(50) ParOldGen: 1400844K(2402816K)->1400852K(2402816K)
[124.447s][info][gc,metaspace   ] GC(50) Metaspace: 124624K(129728K)->124624K(129728K) NonClass: 106695K(107520K)->106695K(107520K) Class: 17928K(22208K)->17928K(22208K)
[124.447s][info][gc             ] GC(50) Pause Young (Allocation Failure) 10828M->1375M(12161M) 2.456ms
[124.447s][info][gc,cpu         ] GC(50) User=0.00s Sys=0.00s Real=0.00s
[125.421s][info][gc,start       ] GC(51) Pause Young (System.gc())
[125.424s][info][gc,heap        ] GC(51) PSYoungGen: 6669996K(10050560K)->8630K(10078208K) Eden: 6662510K(9687552K)->0K(9781760K) From: 7485K(363008K)->8630K(296448K)
[125.424s][info][gc,heap        ] GC(51) ParOldGen: 1400852K(2402816K)->1400860K(2402816K)
[125.424s][info][gc,metaspace   ] GC(51) Metaspace: 124648K(129792K)->124648K(129792K) NonClass: 106719K(107584K)->106719K(107584K) Class: 17928K(22208K)->17928K(22208K)
[125.424s][info][gc             ] GC(51) Pause Young (System.gc()) 7881M->1376M(12188M) 2.999ms
[125.424s][info][gc,cpu         ] GC(51) User=0.00s Sys=0.00s Real=0.00s
[125.424s][info][gc,start       ] GC(52) Pause Full (System.gc())
[125.424s][info][gc,phases,start] GC(52) Marking Phase
[125.484s][info][gc,phases      ] GC(52) Marking Phase 59.913ms
[125.484s][info][gc,phases,start] GC(52) Summary Phase
[125.484s][info][gc,phases      ] GC(52) Summary Phase 0.044ms
[125.484s][info][gc,phases,start] GC(52) Adjust Roots
[125.493s][info][gc,phases      ] GC(52) Adjust Roots 9.339ms
[125.494s][info][gc,phases,start] GC(52) Compaction Phase
[125.603s][info][gc,phases      ] GC(52) Compaction Phase 109.252ms
[125.603s][info][gc,phases,start] GC(52) Post Compact
[125.610s][info][gc,phases      ] GC(52) Post Compact 7.465ms
[125.610s][info][gc,heap        ] GC(52) PSYoungGen: 8630K(10078208K)->0K(10078208K) Eden: 0K(9781760K)->0K(9781760K) From: 8630K(296448K)->0K(296448K)
[125.610s][info][gc,heap        ] GC(52) ParOldGen: 1400860K(2402816K)->1400936K(2402816K)
[125.610s][info][gc,metaspace   ] GC(52) Metaspace: 124648K(129792K)->124648K(129792K) NonClass: 106719K(107584K)->106719K(107584K) Class: 17928K(22208K)->17928K(22208K)
[125.610s][info][gc             ] GC(52) Pause Full (System.gc()) 1376M->1368M(12188M) 186.346ms
[125.611s][info][gc,cpu         ] GC(52) User=4.70s Sys=0.00s Real=0.19s
[126.348s][info][gc,start       ] GC(53) Pause Young (Allocation Failure)
[126.351s][info][gc,heap        ] GC(53) PSYoungGen: 9781760K(10078208K)->7453K(10100224K) Eden: 9781760K(9781760K)->0K(9781760K) From: 0K(296448K)->7453K(318464K)
[126.351s][info][gc,heap        ] GC(53) ParOldGen: 1400936K(2402816K)->1400944K(2402816K)
[126.351s][info][gc,metaspace   ] GC(53) Metaspace: 124728K(129856K)->124728K(129856K) NonClass: 106799K(107648K)->106799K(107648K) Class: 17929K(22208K)->17929K(22208K)
[126.351s][info][gc             ] GC(53) Pause Young (Allocation Failure) 10920M->1375M(12210M) 2.349ms
[126.351s][info][gc,cpu         ] GC(53) User=0.00s Sys=0.00s Real=0.00s
[127.374s][info][gc,start       ] GC(54) Pause Young (System.gc())
[127.377s][info][gc,heap        ] GC(54) PSYoungGen: 6584032K(10100224K)->8490K(10127360K) Eden: 6576578K(9781760K)->0K(9869824K) From: 7453K(318464K)->8490K(257536K)
[127.377s][info][gc,heap        ] GC(54) ParOldGen: 1400944K(2402816K)->1400952K(2402816K)
[127.377s][info][gc,metaspace   ] GC(54) Metaspace: 124766K(129856K)->124766K(129856K) NonClass: 106835K(107648K)->106835K(107648K) Class: 17930K(22208K)->17930K(22208K)
[127.377s][info][gc             ] GC(54) Pause Young (System.gc()) 7797M->1376M(12236M) 3.324ms
[127.377s][info][gc,cpu         ] GC(54) User=0.00s Sys=0.00s Real=0.00s
[127.377s][info][gc,start       ] GC(55) Pause Full (System.gc())
[127.377s][info][gc,phases,start] GC(55) Marking Phase
[127.423s][info][gc,phases      ] GC(55) Marking Phase 45.378ms
[127.423s][info][gc,phases,start] GC(55) Summary Phase
[127.423s][info][gc,phases      ] GC(55) Summary Phase 0.039ms
[127.423s][info][gc,phases,start] GC(55) Adjust Roots
[127.440s][info][gc,phases      ] GC(55) Adjust Roots 17.626ms
[127.440s][info][gc,phases,start] GC(55) Compaction Phase
[127.550s][info][gc,phases      ] GC(55) Compaction Phase 109.880ms
[127.550s][info][gc,phases,start] GC(55) Post Compact
[127.558s][info][gc,phases      ] GC(55) Post Compact 7.355ms
[127.558s][info][gc,heap        ] GC(55) PSYoungGen: 8490K(10127360K)->0K(10127360K) Eden: 0K(9869824K)->0K(9869824K) From: 8490K(257536K)->0K(257536K)
[127.558s][info][gc,heap        ] GC(55) ParOldGen: 1400952K(2402816K)->1401008K(2402816K)
[127.558s][info][gc,metaspace   ] GC(55) Metaspace: 124766K(129856K)->124766K(129856K) NonClass: 106835K(107648K)->106835K(107648K) Class: 17930K(22208K)->17930K(22208K)
[127.558s][info][gc             ] GC(55) Pause Full (System.gc()) 1376M->1368M(12236M) 180.584ms
[127.558s][info][gc,cpu         ] GC(55) User=4.69s Sys=0.00s Real=0.19s
[128.290s][info][gc,start       ] GC(56) Pause Young (Allocation Failure)
[128.292s][info][gc,heap        ] GC(56) PSYoungGen: 9869824K(10127360K)->7453K(10147328K) Eden: 9869824K(9869824K)->0K(9869824K) From: 0K(257536K)->7453K(277504K)
[128.292s][info][gc,heap        ] GC(56) ParOldGen: 1401008K(2402816K)->1401016K(2402816K)
[128.292s][info][gc,metaspace   ] GC(56) Metaspace: 124902K(129984K)->124902K(129984K) NonClass: 106972K(107776K)->106972K(107776K) Class: 17930K(22208K)->17930K(22208K)
[128.292s][info][gc             ] GC(56) Pause Young (Allocation Failure) 11006M->1375M(12256M) 2.345ms
[128.292s][info][gc,cpu         ] GC(56) User=0.00s Sys=0.00s Real=0.00s
[129.332s][info][gc,start       ] GC(57) Pause Young (System.gc())
[129.335s][info][gc,heap        ] GC(57) PSYoungGen: 6513714K(10147328K)->8494K(10172928K) Eden: 6506261K(9869824K)->0K(9949696K) From: 7453K(277504K)->8494K(223232K)
[129.335s][info][gc,heap        ] GC(57) ParOldGen: 1401016K(2402816K)->1401024K(2402816K)
[129.335s][info][gc,metaspace   ] GC(57) Metaspace: 125015K(130048K)->125015K(130048K) NonClass: 107085K(107840K)->107085K(107840K) Class: 17930K(22208K)->17930K(22208K)
[129.335s][info][gc             ] GC(57) Pause Young (System.gc()) 7729M->1376M(12281M) 3.092ms
[129.335s][info][gc,cpu         ] GC(57) User=0.00s Sys=0.00s Real=0.00s
[129.335s][info][gc,start       ] GC(58) Pause Full (System.gc())
[129.335s][info][gc,phases,start] GC(58) Marking Phase
[129.385s][info][gc,phases      ] GC(58) Marking Phase 50.043ms
[129.385s][info][gc,phases,start] GC(58) Summary Phase
[129.385s][info][gc,phases      ] GC(58) Summary Phase 0.044ms
[129.385s][info][gc,phases,start] GC(58) Adjust Roots
[129.399s][info][gc,phases      ] GC(58) Adjust Roots 13.695ms
[129.399s][info][gc,phases,start] GC(58) Compaction Phase
[129.512s][info][gc,phases      ] GC(58) Compaction Phase 112.571ms
[129.512s][info][gc,phases,start] GC(58) Post Compact
[129.519s][info][gc,phases      ] GC(58) Post Compact 7.441ms
[129.519s][info][gc,heap        ] GC(58) PSYoungGen: 8494K(10172928K)->0K(10172928K) Eden: 0K(9949696K)->0K(9949696K) From: 8494K(223232K)->0K(223232K)
[129.519s][info][gc,heap        ] GC(58) ParOldGen: 1401024K(2402816K)->1401071K(2402816K)
[129.519s][info][gc,metaspace   ] GC(58) Metaspace: 125015K(130048K)->125015K(130048K) NonClass: 107085K(107840K)->107085K(107840K) Class: 17930K(22208K)->17930K(22208K)
[129.519s][info][gc             ] GC(58) Pause Full (System.gc()) 1376M->1368M(12281M) 184.095ms
[129.519s][info][gc,cpu         ] GC(58) User=5.13s Sys=0.00s Real=0.19s
[130.262s][info][gc,start       ] GC(59) Pause Young (Allocation Failure)
[130.264s][info][gc,heap        ] GC(59) PSYoungGen: 9949696K(10172928K)->7539K(10190848K) Eden: 9949696K(9949696K)->0K(9949696K) From: 0K(223232K)->7539K(241152K)
[130.264s][info][gc,heap        ] GC(59) ParOldGen: 1401071K(2402816K)->1401079K(2402816K)
[130.264s][info][gc,metaspace   ] GC(59) Metaspace: 125125K(130112K)->125125K(130112K) NonClass: 107195K(107904K)->107195K(107904K) Class: 17930K(22208K)->17930K(22208K)
[130.264s][info][gc             ] GC(59) Pause Young (Allocation Failure) 11084M->1375M(12298M) 2.349ms
[130.264s][info][gc,cpu         ] GC(59) User=0.00s Sys=0.00s Real=0.00s
[131.194s][info][gc,start       ] GC(60) Pause Young (System.gc())
[131.197s][info][gc,heap        ] GC(60) PSYoungGen: 6453179K(10190848K)->8541K(10213376K) Eden: 6445640K(9949696K)->0K(10020352K) From: 7539K(241152K)->8541K(193024K)
[131.197s][info][gc,heap        ] GC(60) ParOldGen: 1401079K(2402816K)->1401079K(2402816K)
[131.197s][info][gc,metaspace   ] GC(60) Metaspace: 125142K(130112K)->125142K(130112K) NonClass: 107212K(107904K)->107212K(107904K) Class: 17930K(22208K)->17930K(22208K)
[131.197s][info][gc             ] GC(60) Pause Young (System.gc()) 7670M->1376M(12320M) 2.943ms
[131.197s][info][gc,cpu         ] GC(60) User=0.00s Sys=0.00s Real=0.00s
[131.197s][info][gc,start       ] GC(61) Pause Full (System.gc())
[131.197s][info][gc,phases,start] GC(61) Marking Phase
[131.238s][info][gc,phases      ] GC(61) Marking Phase 40.955ms
[131.238s][info][gc,phases,start] GC(61) Summary Phase
[131.238s][info][gc,phases      ] GC(61) Summary Phase 0.046ms
[131.238s][info][gc,phases,start] GC(61) Adjust Roots
[131.254s][info][gc,phases      ] GC(61) Adjust Roots 15.950ms
[131.254s][info][gc,phases,start] GC(61) Compaction Phase
[131.363s][info][gc,phases      ] GC(61) Compaction Phase 109.139ms
[131.363s][info][gc,phases,start] GC(61) Post Compact
[131.370s][info][gc,phases      ] GC(61) Post Compact 7.309ms
[131.371s][info][gc,heap        ] GC(61) PSYoungGen: 8541K(10213376K)->0K(10213376K) Eden: 0K(10020352K)->0K(10020352K) From: 8541K(193024K)->0K(193024K)
[131.371s][info][gc,heap        ] GC(61) ParOldGen: 1401079K(2402816K)->1401134K(2402816K)
[131.371s][info][gc,metaspace   ] GC(61) Metaspace: 125142K(130112K)->125142K(130112K) NonClass: 107212K(107904K)->107212K(107904K) Class: 17930K(22208K)->17930K(22208K)
[131.371s][info][gc             ] GC(61) Pause Full (System.gc()) 1376M->1368M(12320M) 173.732ms
[131.371s][info][gc,cpu         ] GC(61) User=4.58s Sys=0.02s Real=0.17s
[132.119s][info][gc,start       ] GC(62) Pause Young (Allocation Failure)
[132.122s][info][gc,heap        ] GC(62) PSYoungGen: 10020352K(10213376K)->7389K(10229248K) Eden: 10020352K(10020352K)->0K(10020352K) From: 0K(193024K)->7389K(208896K)
[132.122s][info][gc,heap        ] GC(62) ParOldGen: 1401134K(2402816K)->1401142K(2402816K)
[132.122s][info][gc,metaspace   ] GC(62) Metaspace: 125256K(130176K)->125256K(130176K) NonClass: 107325K(107968K)->107325K(107968K) Class: 17930K(22208K)->17930K(22208K)
[132.122s][info][gc             ] GC(62) Pause Young (Allocation Failure) 11153M->1375M(12336M) 2.457ms
[132.122s][info][gc,cpu         ] GC(62) User=0.00s Sys=0.00s Real=0.00s
[133.055s][info][gc,start       ] GC(63) Pause Young (System.gc())
[133.058s][info][gc,heap        ] GC(63) PSYoungGen: 6332681K(10229248K)->8623K(10249728K) Eden: 6325292K(10020352K)->0K(10082816K) From: 7389K(208896K)->8623K(166912K)
[133.058s][info][gc,heap        ] GC(63) ParOldGen: 1401142K(2402816K)->1401150K(2402816K)
[133.058s][info][gc,metaspace   ] GC(63) Metaspace: 125264K(130176K)->125264K(130176K) NonClass: 107333K(107968K)->107333K(107968K) Class: 17930K(22208K)->17930K(22208K)
[133.058s][info][gc             ] GC(63) Pause Young (System.gc()) 7552M->1376M(12356M) 2.927ms
[133.058s][info][gc,cpu         ] GC(63) User=0.00s Sys=0.00s Real=0.00s
[133.058s][info][gc,start       ] GC(64) Pause Full (System.gc())
[133.058s][info][gc,phases,start] GC(64) Marking Phase
[133.104s][info][gc,phases      ] GC(64) Marking Phase 45.742ms
[133.104s][info][gc,phases,start] GC(64) Summary Phase
[133.104s][info][gc,phases      ] GC(64) Summary Phase 0.036ms
[133.104s][info][gc,phases,start] GC(64) Adjust Roots
[133.121s][info][gc,phases      ] GC(64) Adjust Roots 17.471ms
[133.121s][info][gc,phases,start] GC(64) Compaction Phase
[133.232s][info][gc,phases      ] GC(64) Compaction Phase 110.533ms
[133.232s][info][gc,phases,start] GC(64) Post Compact
[133.239s][info][gc,phases      ] GC(64) Post Compact 7.363ms
[133.239s][info][gc,heap        ] GC(64) PSYoungGen: 8623K(10249728K)->0K(10249728K) Eden: 0K(10082816K)->0K(10082816K) From: 8623K(166912K)->0K(166912K)
[133.239s][info][gc,heap        ] GC(64) ParOldGen: 1401150K(2402816K)->1401189K(2402816K)
[133.239s][info][gc,metaspace   ] GC(64) Metaspace: 125264K(130176K)->125264K(130176K) NonClass: 107333K(107968K)->107333K(107968K) Class: 17930K(22208K)->17930K(22208K)
[133.239s][info][gc             ] GC(64) Pause Full (System.gc()) 1376M->1368M(12356M) 181.421ms
[133.239s][info][gc,cpu         ] GC(64) User=4.69s Sys=0.00s Real=0.19s
[133.968s][info][gc,start       ] GC(65) Pause Young (Allocation Failure)
[133.970s][info][gc,heap        ] GC(65) PSYoungGen: 10082816K(10249728K)->7485K(10263552K) Eden: 10082816K(10082816K)->0K(10082816K) From: 0K(166912K)->7485K(180736K)
[133.970s][info][gc,heap        ] GC(65) ParOldGen: 1401189K(2402816K)->1401197K(2402816K)
[133.970s][info][gc,metaspace   ] GC(65) Metaspace: 125329K(130240K)->125329K(130240K) NonClass: 107398K(108032K)->107398K(108032K) Class: 17930K(22208K)->17930K(22208K)
[133.970s][info][gc             ] GC(65) Pause Young (Allocation Failure) 11214M->1375M(12369M) 2.301ms
[133.970s][info][gc,cpu         ] GC(65) User=0.00s Sys=0.00s Real=0.00s
[134.888s][info][gc,start       ] GC(66) Pause Young (System.gc())
[134.891s][info][gc,heap        ] GC(66) PSYoungGen: 6288846K(10263552K)->8453K(10280448K) Eden: 6281360K(10082816K)->0K(10137088K) From: 7485K(180736K)->8453K(143360K)
[134.891s][info][gc,heap        ] GC(66) ParOldGen: 1401197K(2402816K)->1401197K(2402816K)
[134.891s][info][gc,metaspace   ] GC(66) Metaspace: 125345K(130304K)->125345K(130304K) NonClass: 107414K(108096K)->107414K(108096K) Class: 17930K(22208K)->17930K(22208K)
[134.891s][info][gc             ] GC(66) Pause Young (System.gc()) 7509M->1376M(12386M) 2.947ms
[134.891s][info][gc,cpu         ] GC(66) User=0.00s Sys=0.02s Real=0.02s
[134.891s][info][gc,start       ] GC(67) Pause Full (System.gc())
[134.891s][info][gc,phases,start] GC(67) Marking Phase
[134.940s][info][gc,phases      ] GC(67) Marking Phase 49.064ms
[134.940s][info][gc,phases,start] GC(67) Summary Phase
[134.940s][info][gc,phases      ] GC(67) Summary Phase 0.048ms
[134.940s][info][gc,phases,start] GC(67) Adjust Roots
[134.952s][info][gc,phases      ] GC(67) Adjust Roots 11.927ms
[134.952s][info][gc,phases,start] GC(67) Compaction Phase
[135.063s][info][gc,phases      ] GC(67) Compaction Phase 110.674ms
[135.063s][info][gc,phases,start] GC(67) Post Compact
[135.070s][info][gc,phases      ] GC(67) Post Compact 7.309ms
[135.070s][info][gc,heap        ] GC(67) PSYoungGen: 8453K(10280448K)->0K(10280448K) Eden: 0K(10137088K)->0K(10137088K) From: 8453K(143360K)->0K(143360K)
[135.070s][info][gc,heap        ] GC(67) ParOldGen: 1401197K(2402816K)->1401241K(2402816K)
[135.070s][info][gc,metaspace   ] GC(67) Metaspace: 125345K(130304K)->125345K(130304K) NonClass: 107414K(108096K)->107414K(108096K) Class: 17930K(22208K)->17930K(22208K)
[135.070s][info][gc             ] GC(67) Pause Full (System.gc()) 1376M->1368M(12386M) 179.323ms
[135.070s][info][gc,cpu         ] GC(67) User=4.19s Sys=0.00s Real=0.17s
[135.805s][info][gc,start       ] GC(68) Pause Young (Allocation Failure)
[135.807s][info][gc,heap        ] GC(68) PSYoungGen: 10137088K(10280448K)->7357K(10292736K) Eden: 10137088K(10137088K)->0K(10137088K) From: 0K(143360K)->7357K(155648K)
[135.807s][info][gc,heap        ] GC(68) ParOldGen: 1401241K(2402816K)->1401249K(2402816K)
[135.807s][info][gc,metaspace   ] GC(68) Metaspace: 125386K(130304K)->125386K(130304K) NonClass: 107455K(108096K)->107455K(108096K) Class: 17931K(22208K)->17931K(22208K)
[135.807s][info][gc             ] GC(68) Pause Young (Allocation Failure) 11267M->1375M(12398M) 2.341ms
[135.807s][info][gc,cpu         ] GC(68) User=0.00s Sys=0.00s Real=0.00s
[136.820s][info][gc,start       ] GC(69) Pause Young (System.gc())
[136.823s][info][gc,heap        ] GC(69) PSYoungGen: 6239211K(10292736K)->8588K(10309632K) Eden: 6231853K(10137088K)->0K(10185728K) From: 7357K(155648K)->8588K(123904K)
[136.823s][info][gc,heap        ] GC(69) ParOldGen: 1401249K(2402816K)->1401249K(2402816K)
[136.823s][info][gc,metaspace   ] GC(69) Metaspace: 125392K(130304K)->125392K(130304K) NonClass: 107460K(108096K)->107460K(108096K) Class: 17931K(22208K)->17931K(22208K)
[136.823s][info][gc             ] GC(69) Pause Young (System.gc()) 7461M->1376M(12414M) 2.942ms
[136.823s][info][gc,cpu         ] GC(69) User=0.00s Sys=0.00s Real=0.00s
[136.823s][info][gc,start       ] GC(70) Pause Full (System.gc())
[136.823s][info][gc,phases,start] GC(70) Marking Phase
[136.872s][info][gc,phases      ] GC(70) Marking Phase 48.940ms
[136.872s][info][gc,phases,start] GC(70) Summary Phase
[136.872s][info][gc,phases      ] GC(70) Summary Phase 0.042ms
[136.872s][info][gc,phases,start] GC(70) Adjust Roots
[136.890s][info][gc,phases      ] GC(70) Adjust Roots 17.857ms
[136.890s][info][gc,phases,start] GC(70) Compaction Phase
[137.002s][info][gc,phases      ] GC(70) Compaction Phase 112.361ms
[137.003s][info][gc,phases,start] GC(70) Post Compact
[137.010s][info][gc,phases      ] GC(70) Post Compact 7.374ms
[137.010s][info][gc,heap        ] GC(70) PSYoungGen: 8588K(10309632K)->0K(10309632K) Eden: 0K(10185728K)->0K(10185728K) From: 8588K(123904K)->0K(123904K)
[137.010s][info][gc,heap        ] GC(70) ParOldGen: 1401249K(2402816K)->1401294K(2402816K)
[137.010s][info][gc,metaspace   ] GC(70) Metaspace: 125392K(130304K)->125392K(130304K) NonClass: 107460K(108096K)->107460K(108096K) Class: 17931K(22208K)->17931K(22208K)
[137.010s][info][gc             ] GC(70) Pause Full (System.gc()) 1376M->1368M(12414M) 186.860ms
[137.010s][info][gc,cpu         ] GC(70) User=4.69s Sys=0.00s Real=0.19s
[137.748s][info][gc,start       ] GC(71) Pause Young (Allocation Failure)
[137.750s][info][gc,heap        ] GC(71) PSYoungGen: 10185728K(10309632K)->7543K(10319872K) Eden: 10185728K(10185728K)->0K(10185728K) From: 0K(123904K)->7543K(134144K)
[137.750s][info][gc,heap        ] GC(71) ParOldGen: 1401294K(2402816K)->1401294K(2402816K)
[137.750s][info][gc,metaspace   ] GC(71) Metaspace: 125433K(130432K)->125433K(130432K) NonClass: 107501K(108224K)->107501K(108224K) Class: 17931K(22208K)->17931K(22208K)
[137.750s][info][gc             ] GC(71) Pause Young (Allocation Failure) 11315M->1375M(12424M) 2.372ms
[137.750s][info][gc,cpu         ] GC(71) User=0.00s Sys=0.02s Real=0.01s
[138.695s][info][gc,start       ] GC(72) Pause Young (System.gc())
[138.698s][info][gc,heap        ] GC(72) PSYoungGen: 6284911K(10319872K)->8596K(10332672K) Eden: 6277368K(10185728K)->0K(10226688K) From: 7543K(134144K)->8596K(105984K)
[138.698s][info][gc,heap        ] GC(72) ParOldGen: 1401294K(2402816K)->1401294K(2402816K)
[138.698s][info][gc,metaspace   ] GC(72) Metaspace: 125464K(130432K)->125464K(130432K) NonClass: 107530K(108224K)->107530K(108224K) Class: 17933K(22208K)->17933K(22208K)
[138.698s][info][gc             ] GC(72) Pause Young (System.gc()) 7506M->1376M(12437M) 3.237ms
[138.698s][info][gc,cpu         ] GC(72) User=0.00s Sys=0.00s Real=0.00s
[138.698s][info][gc,start       ] GC(73) Pause Full (System.gc())
[138.698s][info][gc,phases,start] GC(73) Marking Phase
[138.745s][info][gc,phases      ] GC(73) Marking Phase 47.363ms
[138.746s][info][gc,phases,start] GC(73) Summary Phase
[138.746s][info][gc,phases      ] GC(73) Summary Phase 0.038ms
[138.746s][info][gc,phases,start] GC(73) Adjust Roots
[138.758s][info][gc,phases      ] GC(73) Adjust Roots 12.780ms
[138.758s][info][gc,phases,start] GC(73) Compaction Phase
[138.871s][info][gc,phases      ] GC(73) Compaction Phase 112.195ms
[138.871s][info][gc,phases,start] GC(73) Post Compact
[138.878s][info][gc,phases      ] GC(73) Post Compact 7.393ms
[138.878s][info][gc,heap        ] GC(73) PSYoungGen: 8596K(10332672K)->0K(10332672K) Eden: 0K(10226688K)->0K(10226688K) From: 8596K(105984K)->0K(105984K)
[138.878s][info][gc,heap        ] GC(73) ParOldGen: 1401294K(2402816K)->1401353K(2402816K)
[138.878s][info][gc,metaspace   ] GC(73) Metaspace: 125464K(130432K)->125464K(130432K) NonClass: 107530K(108224K)->107530K(108224K) Class: 17933K(22208K)->17933K(22208K)
[138.878s][info][gc             ] GC(73) Pause Full (System.gc()) 1376M->1368M(12437M) 180.084ms
[138.878s][info][gc,cpu         ] GC(73) User=5.17s Sys=0.00s Real=0.19s
[139.616s][info][gc,start       ] GC(74) Pause Young (Allocation Failure)
[139.618s][info][gc,heap        ] GC(74) PSYoungGen: 10226688K(10332672K)->7450K(10341888K) Eden: 10226688K(10226688K)->0K(10226688K) From: 0K(105984K)->7450K(115200K)
[139.618s][info][gc,heap        ] GC(74) ParOldGen: 1401353K(2402816K)->1401353K(2402816K)
[139.618s][info][gc,metaspace   ] GC(74) Metaspace: 125479K(130432K)->125479K(130432K) NonClass: 107546K(108224K)->107546K(108224K) Class: 17933K(22208K)->17933K(22208K)
[139.618s][info][gc             ] GC(74) Pause Young (Allocation Failure) 11355M->1375M(12446M) 2.333ms
[139.618s][info][gc,cpu         ] GC(74) User=0.00s Sys=0.00s Real=0.00s
[140.592s][info][gc,start       ] GC(75) Pause Young (System.gc())
[140.595s][info][gc,heap        ] GC(75) PSYoungGen: 6140615K(10341888K)->8369K(10355200K) Eden: 6133165K(10226688K)->0K(10263552K) From: 7450K(115200K)->8369K(91648K)
[140.595s][info][gc,heap        ] GC(75) ParOldGen: 1401353K(2402816K)->1401353K(2402816K)
[140.595s][info][gc,metaspace   ] GC(75) Metaspace: 125480K(130432K)->125480K(130432K) NonClass: 107547K(108224K)->107547K(108224K) Class: 17933K(22208K)->17933K(22208K)
[140.595s][info][gc             ] GC(75) Pause Young (System.gc()) 7365M->1376M(12459M) 3.190ms
[140.595s][info][gc,cpu         ] GC(75) User=0.00s Sys=0.00s Real=0.00s
[140.595s][info][gc,start       ] GC(76) Pause Full (System.gc())
[140.595s][info][gc,phases,start] GC(76) Marking Phase
[140.646s][info][gc,phases      ] GC(76) Marking Phase 50.364ms
[140.646s][info][gc,phases,start] GC(76) Summary Phase
[140.646s][info][gc,phases      ] GC(76) Summary Phase 0.046ms
[140.646s][info][gc,phases,start] GC(76) Adjust Roots
[140.656s][info][gc,phases      ] GC(76) Adjust Roots 10.123ms
[140.656s][info][gc,phases,start] GC(76) Compaction Phase
[140.764s][info][gc,phases      ] GC(76) Compaction Phase 108.306ms
[140.765s][info][gc,phases,start] GC(76) Post Compact
[140.772s][info][gc,phases      ] GC(76) Post Compact 7.570ms
[140.772s][info][gc,heap        ] GC(76) PSYoungGen: 8369K(10355200K)->0K(10355200K) Eden: 0K(10263552K)->0K(10263552K) From: 8369K(91648K)->0K(91648K)
[140.772s][info][gc,heap        ] GC(76) ParOldGen: 1401353K(2402816K)->1401407K(2402816K)
[140.772s][info][gc,metaspace   ] GC(76) Metaspace: 125480K(130432K)->125480K(130432K) NonClass: 107547K(108224K)->107547K(108224K) Class: 17933K(22208K)->17933K(22208K)
[140.772s][info][gc             ] GC(76) Pause Full (System.gc()) 1376M->1368M(12459M) 176.822ms
[140.772s][info][gc,cpu         ] GC(76) User=5.03s Sys=0.00s Real=0.19s
[141.513s][info][gc,start       ] GC(77) Pause Young (Allocation Failure)
[141.515s][info][gc,heap        ] GC(77) PSYoungGen: 10263552K(10355200K)->7450K(10362880K) Eden: 10263552K(10263552K)->0K(10263552K) From: 0K(91648K)->7450K(99328K)
[141.515s][info][gc,heap        ] GC(77) ParOldGen: 1401407K(2402816K)->1401407K(2402816K)
[141.515s][info][gc,metaspace   ] GC(77) Metaspace: 125517K(130496K)->125517K(130496K) NonClass: 107584K(108288K)->107584K(108288K) Class: 17933K(22208K)->17933K(22208K)
[141.515s][info][gc             ] GC(77) Pause Young (Allocation Failure) 11391M->1375M(12466M) 2.237ms
[141.515s][info][gc,cpu         ] GC(77) User=0.00s Sys=0.00s Real=0.00s
[144.034s][info][gc,start       ] GC(78) Pause Young (System.gc())
[144.037s][info][gc,heap        ] GC(78) PSYoungGen: 6119463K(10362880K)->8441K(10372608K) Eden: 6112013K(10263552K)->0K(10293760K) From: 7450K(99328K)->8441K(78848K)
[144.037s][info][gc,heap        ] GC(78) ParOldGen: 1401407K(2402816K)->1401415K(2402816K)
[144.037s][info][gc,metaspace   ] GC(78) Metaspace: 125530K(130496K)->125530K(130496K) NonClass: 107595K(108288K)->107595K(108288K) Class: 17934K(22208K)->17934K(22208K)
[144.037s][info][gc             ] GC(78) Pause Young (System.gc()) 7344M->1376M(12476M) 3.078ms
[144.037s][info][gc,cpu         ] GC(78) User=0.00s Sys=0.00s Real=0.00s
[144.038s][info][gc,start       ] GC(79) Pause Full (System.gc())
[144.038s][info][gc,phases,start] GC(79) Marking Phase
[144.088s][info][gc,phases      ] GC(79) Marking Phase 50.039ms
[144.088s][info][gc,phases,start] GC(79) Summary Phase
[144.088s][info][gc,phases      ] GC(79) Summary Phase 0.049ms
[144.088s][info][gc,phases,start] GC(79) Adjust Roots
[144.106s][info][gc,phases      ] GC(79) Adjust Roots 17.946ms
[144.106s][info][gc,phases,start] GC(79) Compaction Phase
[144.217s][info][gc,phases      ] GC(79) Compaction Phase 110.888ms
[144.217s][info][gc,phases,start] GC(79) Post Compact
[144.224s][info][gc,phases      ] GC(79) Post Compact 7.342ms
[144.224s][info][gc,heap        ] GC(79) PSYoungGen: 8441K(10372608K)->0K(10372608K) Eden: 0K(10293760K)->0K(10293760K) From: 8441K(78848K)->0K(78848K)
[144.224s][info][gc,heap        ] GC(79) ParOldGen: 1401415K(2402816K)->1401461K(2402816K)
[144.224s][info][gc,metaspace   ] GC(79) Metaspace: 125530K(130496K)->125530K(130496K) NonClass: 107595K(108288K)->107595K(108288K) Class: 17934K(22208K)->17934K(22208K)
[144.224s][info][gc             ] GC(79) Pause Full (System.gc()) 1376M->1368M(12476M) 186.564ms
[144.224s][info][gc,cpu         ] GC(79) User=4.64s Sys=0.00s Real=0.19s
[144.970s][info][gc,start       ] GC(80) Pause Young (Allocation Failure)
[144.972s][info][gc,heap        ] GC(80) PSYoungGen: 10293760K(10372608K)->7357K(10379264K) Eden: 10293760K(10293760K)->0K(10293760K) From: 0K(78848K)->7357K(85504K)
[144.972s][info][gc,heap        ] GC(80) ParOldGen: 1401461K(2402816K)->1401461K(2402816K)
[144.972s][info][gc,metaspace   ] GC(80) Metaspace: 125660K(130624K)->125660K(130624K) NonClass: 107726K(108416K)->107726K(108416K) Class: 17934K(22208K)->17934K(22208K)
[144.972s][info][gc             ] GC(80) Pause Young (Allocation Failure) 11421M->1375M(12482M) 2.310ms
[144.972s][info][gc,cpu         ] GC(80) User=0.00s Sys=0.00s Real=0.00s
[146.593s][info][gc,start       ] GC(81) Pause Young (System.gc())
[146.597s][info][gc,heap        ] GC(81) PSYoungGen: 6087254K(10379264K)->8775K(10387456K) Eden: 6079896K(10293760K)->0K(10320384K) From: 7357K(85504K)->8775K(67072K)
[146.597s][info][gc,heap        ] GC(81) ParOldGen: 1401461K(2402816K)->1401461K(2402816K)
[146.597s][info][gc,metaspace   ] GC(81) Metaspace: 125665K(130624K)->125665K(130624K) NonClass: 107730K(108416K)->107730K(108416K) Class: 17934K(22208K)->17934K(22208K)
[146.597s][info][gc             ] GC(81) Pause Young (System.gc()) 7313M->1377M(12490M) 4.026ms
[146.597s][info][gc,cpu         ] GC(81) User=0.00s Sys=0.02s Real=0.02s
[146.598s][info][gc,start       ] GC(82) Pause Full (System.gc())
[146.598s][info][gc,phases,start] GC(82) Marking Phase
[146.644s][info][gc,phases      ] GC(82) Marking Phase 46.716ms
[146.644s][info][gc,phases,start] GC(82) Summary Phase
[146.644s][info][gc,phases      ] GC(82) Summary Phase 0.046ms
[146.644s][info][gc,phases,start] GC(82) Adjust Roots
[146.663s][info][gc,phases      ] GC(82) Adjust Roots 19.036ms
[146.663s][info][gc,phases,start] GC(82) Compaction Phase
[146.774s][info][gc,phases      ] GC(82) Compaction Phase 110.488ms
[146.774s][info][gc,phases,start] GC(82) Post Compact
[146.781s][info][gc,phases      ] GC(82) Post Compact 7.370ms
[146.781s][info][gc,heap        ] GC(82) PSYoungGen: 8775K(10387456K)->0K(10387456K) Eden: 0K(10320384K)->0K(10320384K) From: 8775K(67072K)->0K(67072K)
[146.781s][info][gc,heap        ] GC(82) ParOldGen: 1401461K(2402816K)->1401510K(2402816K)
[146.781s][info][gc,metaspace   ] GC(82) Metaspace: 125665K(130624K)->125665K(130624K) NonClass: 107730K(108416K)->107730K(108416K) Class: 17934K(22208K)->17934K(22208K)
[146.782s][info][gc             ] GC(82) Pause Full (System.gc()) 1377M->1368M(12490M) 184.005ms
[146.782s][info][gc,cpu         ] GC(82) User=4.11s Sys=0.00s Real=0.17s
[147.525s][info][gc,start       ] GC(83) Pause Young (Allocation Failure)
[147.527s][info][gc,heap        ] GC(83) PSYoungGen: 10320384K(10387456K)->7450K(10393600K) Eden: 10320384K(10320384K)->0K(10320384K) From: 0K(67072K)->7450K(73216K)
[147.528s][info][gc,heap        ] GC(83) ParOldGen: 1401510K(2402816K)->1401518K(2402816K)
[147.528s][info][gc,metaspace   ] GC(83) Metaspace: 125723K(130688K)->125723K(130688K) NonClass: 107789K(108480K)->107789K(108480K) Class: 17934K(22208K)->17934K(22208K)
[147.528s][info][gc             ] GC(83) Pause Young (Allocation Failure) 11447M->1375M(12496M) 2.326ms
[147.528s][info][gc,cpu         ] GC(83) User=0.00s Sys=0.00s Real=0.00s
[148.463s][info][gc,start       ] GC(84) Pause Young (System.gc())
[148.473s][info][gc,heap        ] GC(84) PSYoungGen: 6030490K(10393600K)->8666K(10402304K) Eden: 6023040K(10320384K)->0K(10344448K) From: 7450K(73216K)->8666K(57856K)
[148.473s][info][gc,heap        ] GC(84) ParOldGen: 1401518K(2402816K)->1401518K(2402816K)
[148.473s][info][gc,metaspace   ] GC(84) Metaspace: 125742K(130688K)->125742K(130688K) NonClass: 107808K(108480K)->107808K(108480K) Class: 17934K(22208K)->17934K(22208K)
[148.473s][info][gc             ] GC(84) Pause Young (System.gc()) 7257M->1377M(12505M) 10.105ms
[148.473s][info][gc,cpu         ] GC(84) User=0.00s Sys=0.02s Real=0.02s
[148.473s][info][gc,start       ] GC(85) Pause Full (System.gc())
[148.473s][info][gc,phases,start] GC(85) Marking Phase
[148.522s][info][gc,phases      ] GC(85) Marking Phase 49.591ms
[148.522s][info][gc,phases,start] GC(85) Summary Phase
[148.523s][info][gc,phases      ] GC(85) Summary Phase 0.042ms
[148.523s][info][gc,phases,start] GC(85) Adjust Roots
[148.539s][info][gc,phases      ] GC(85) Adjust Roots 15.947ms
[148.539s][info][gc,phases,start] GC(85) Compaction Phase
[148.649s][info][gc,phases      ] GC(85) Compaction Phase 110.196ms
[148.649s][info][gc,phases,start] GC(85) Post Compact
[148.656s][info][gc,phases      ] GC(85) Post Compact 7.411ms
[148.656s][info][gc,heap        ] GC(85) PSYoungGen: 8666K(10402304K)->0K(10402304K) Eden: 0K(10344448K)->0K(10344448K) From: 8666K(57856K)->0K(57856K)
[148.656s][info][gc,heap        ] GC(85) ParOldGen: 1401518K(2402816K)->1401561K(2402816K)
[148.656s][info][gc,metaspace   ] GC(85) Metaspace: 125742K(130688K)->125742K(130688K) NonClass: 107808K(108480K)->107808K(108480K) Class: 17934K(22208K)->17934K(22208K)
[148.656s][info][gc             ] GC(85) Pause Full (System.gc()) 1377M->1368M(12505M) 183.535ms
[148.656s][info][gc,cpu         ] GC(85) User=4.58s Sys=0.03s Real=0.19s
[149.405s][info][gc,start       ] GC(86) Pause Young (Allocation Failure)
[149.407s][info][gc,heap        ] GC(86) PSYoungGen: 10344448K(10402304K)->7453K(10407424K) Eden: 10344448K(10344448K)->0K(10344448K) From: 0K(57856K)->7453K(62976K)
[149.407s][info][gc,heap        ] GC(86) ParOldGen: 1401561K(2402816K)->1401569K(2402816K)
[149.407s][info][gc,metaspace   ] GC(86) Metaspace: 125779K(130688K)->125779K(130688K) NonClass: 107844K(108480K)->107844K(108480K) Class: 17934K(22208K)->17934K(22208K)
[149.407s][info][gc             ] GC(86) Pause Young (Allocation Failure) 11470M->1375M(12510M) 2.368ms
[149.407s][info][gc,cpu         ] GC(86) User=0.52s Sys=0.00s Real=0.02s
[150.313s][info][gc,start       ] GC(87) Pause Young (System.gc())
[150.323s][info][gc,heap        ] GC(87) PSYoungGen: 6039264K(10407424K)->8696K(10413568K) Eden: 6031810K(10344448K)->0K(10363904K) From: 7453K(62976K)->8696K(49664K)
[150.323s][info][gc,heap        ] GC(87) ParOldGen: 1401569K(2402816K)->1401569K(2402816K)
[150.323s][info][gc,metaspace   ] GC(87) Metaspace: 125785K(130688K)->125785K(130688K) NonClass: 107851K(108480K)->107851K(108480K) Class: 17934K(22208K)->17934K(22208K)
[150.323s][info][gc             ] GC(87) Pause Young (System.gc()) 7266M->1377M(12516M) 10.651ms
[150.323s][info][gc,cpu         ] GC(87) User=0.00s Sys=0.00s Real=0.00s
[150.324s][info][gc,start       ] GC(88) Pause Full (System.gc())
[150.324s][info][gc,phases,start] GC(88) Marking Phase
[150.369s][info][gc,phases      ] GC(88) Marking Phase 45.163ms
[150.369s][info][gc,phases,start] GC(88) Summary Phase
[150.369s][info][gc,phases      ] GC(88) Summary Phase 0.041ms
[150.369s][info][gc,phases,start] GC(88) Adjust Roots
[150.386s][info][gc,phases      ] GC(88) Adjust Roots 16.953ms
[150.386s][info][gc,phases,start] GC(88) Compaction Phase
[150.498s][info][gc,phases      ] GC(88) Compaction Phase 112.100ms
[150.498s][info][gc,phases,start] GC(88) Post Compact
[150.505s][info][gc,phases      ] GC(88) Post Compact 7.388ms
[150.505s][info][gc,heap        ] GC(88) PSYoungGen: 8696K(10413568K)->0K(10413568K) Eden: 0K(10363904K)->0K(10363904K) From: 8696K(49664K)->0K(49664K)
[150.505s][info][gc,heap        ] GC(88) ParOldGen: 1401569K(2402816K)->1401612K(2402816K)
[150.505s][info][gc,metaspace   ] GC(88) Metaspace: 125785K(130688K)->125785K(130688K) NonClass: 107851K(108480K)->107851K(108480K) Class: 17934K(22208K)->17934K(22208K)
[150.505s][info][gc             ] GC(88) Pause Full (System.gc()) 1377M->1368M(12516M) 181.917ms
[150.506s][info][gc,cpu         ] GC(88) User=4.27s Sys=0.00s Real=0.19s
[151.254s][info][gc,start       ] GC(89) Pause Young (Allocation Failure)
[151.256s][info][gc,heap        ] GC(89) PSYoungGen: 10363904K(10413568K)->7421K(10418176K) Eden: 10363904K(10363904K)->0K(10363904K) From: 0K(49664K)->7421K(54272K)
[151.256s][info][gc,heap        ] GC(89) ParOldGen: 1401612K(2402816K)->1401612K(2402816K)
[151.256s][info][gc,metaspace   ] GC(89) Metaspace: 125885K(130816K)->125885K(130816K) NonClass: 107950K(108608K)->107950K(108608K) Class: 17935K(22208K)->17935K(22208K)
[151.256s][info][gc             ] GC(89) Pause Young (Allocation Failure) 11489M->1376M(12520M) 2.300ms
[151.256s][info][gc,cpu         ] GC(89) User=0.00s Sys=0.00s Real=0.00s
[153.335s][info][gc,start       ] GC(90) Pause Young (System.gc())
[153.345s][info][gc,heap        ] GC(90) PSYoungGen: 5995763K(10418176K)->8771K(10424320K) Eden: 5988341K(10363904K)->0K(10380800K) From: 7421K(54272K)->8771K(43520K)
[153.345s][info][gc,heap        ] GC(90) ParOldGen: 1401612K(2402816K)->1401612K(2402816K)
[153.345s][info][gc,metaspace   ] GC(90) Metaspace: 125891K(130816K)->125891K(130816K) NonClass: 107955K(108608K)->107955K(108608K) Class: 17935K(22208K)->17935K(22208K)
[153.345s][info][gc             ] GC(90) Pause Young (System.gc()) 7224M->1377M(12526M) 10.158ms
[153.345s][info][gc,cpu         ] GC(90) User=0.02s Sys=0.50s Real=0.02s
[153.345s][info][gc,start       ] GC(91) Pause Full (System.gc())
[153.345s][info][gc,phases,start] GC(91) Marking Phase
[153.392s][info][gc,phases      ] GC(91) Marking Phase 46.526ms
[153.392s][info][gc,phases,start] GC(91) Summary Phase
[153.392s][info][gc,phases      ] GC(91) Summary Phase 0.048ms
[153.392s][info][gc,phases,start] GC(91) Adjust Roots
[153.411s][info][gc,phases      ] GC(91) Adjust Roots 18.711ms
[153.411s][info][gc,phases,start] GC(91) Compaction Phase
[153.521s][info][gc,phases      ] GC(91) Compaction Phase 110.734ms
[153.521s][info][gc,phases,start] GC(91) Post Compact
[153.529s][info][gc,phases      ] GC(91) Post Compact 7.446ms
[153.529s][info][gc,heap        ] GC(91) PSYoungGen: 8771K(10424320K)->0K(10424320K) Eden: 0K(10380800K)->0K(10380800K) From: 8771K(43520K)->0K(43520K)
[153.529s][info][gc,heap        ] GC(91) ParOldGen: 1401612K(2402816K)->1401630K(2402816K)
[153.529s][info][gc,metaspace   ] GC(91) Metaspace: 125891K(130816K)->125891K(130816K) NonClass: 107955K(108608K)->107955K(108608K) Class: 17935K(22208K)->17935K(22208K)
[153.529s][info][gc             ] GC(91) Pause Full (System.gc()) 1377M->1368M(12526M) 183.787ms
[153.529s][info][gc,cpu         ] GC(91) User=3.81s Sys=0.00s Real=0.18s
[154.276s][info][gc,start       ] GC(92) Pause Young (Allocation Failure)
[154.278s][info][gc,heap        ] GC(92) PSYoungGen: 10380800K(10424320K)->7421K(10427904K) Eden: 10380800K(10380800K)->0K(10380800K) From: 0K(43520K)->7421K(47104K)
[154.278s][info][gc,heap        ] GC(92) ParOldGen: 1401630K(2402816K)->1401630K(2402816K)
[154.278s][info][gc,metaspace   ] GC(92) Metaspace: 125899K(130880K)->125899K(130880K) NonClass: 107964K(108672K)->107964K(108672K) Class: 17935K(22208K)->17935K(22208K)
[154.278s][info][gc             ] GC(92) Pause Young (Allocation Failure) 11506M->1376M(12530M) 2.240ms
[154.278s][info][gc,cpu         ] GC(92) User=0.00s Sys=0.00s Real=0.00s
[155.324s][info][gc,start       ] GC(93) Pause Young (System.gc())
[155.332s][info][gc,heap        ] GC(93) PSYoungGen: 5998672K(10427904K)->8548K(10432000K) Eden: 5991251K(10380800K)->0K(10394112K) From: 7421K(47104K)->8548K(37888K)
[155.332s][info][gc,heap        ] GC(93) ParOldGen: 1401630K(2402816K)->1401630K(2402816K)
[155.332s][info][gc,metaspace   ] GC(93) Metaspace: 125905K(130880K)->125905K(130880K) NonClass: 107969K(108672K)->107969K(108672K) Class: 17935K(22208K)->17935K(22208K)
[155.332s][info][gc             ] GC(93) Pause Young (System.gc()) 7226M->1377M(12534M) 8.657ms
[155.332s][info][gc,cpu         ] GC(93) User=0.48s Sys=0.03s Real=0.02s
[155.332s][info][gc,start       ] GC(94) Pause Full (System.gc())
[155.333s][info][gc,phases,start] GC(94) Marking Phase
[155.389s][info][gc,phases      ] GC(94) Marking Phase 56.815ms
[155.389s][info][gc,phases,start] GC(94) Summary Phase
[155.389s][info][gc,phases      ] GC(94) Summary Phase 0.040ms
[155.389s][info][gc,phases,start] GC(94) Adjust Roots
[155.406s][info][gc,phases      ] GC(94) Adjust Roots 16.659ms
[155.406s][info][gc,phases,start] GC(94) Compaction Phase
[155.521s][info][gc,phases      ] GC(94) Compaction Phase 114.454ms
[155.521s][info][gc,phases,start] GC(94) Post Compact
[155.528s][info][gc,phases      ] GC(94) Post Compact 7.404ms
[155.528s][info][gc,heap        ] GC(94) PSYoungGen: 8548K(10432000K)->0K(10432000K) Eden: 0K(10394112K)->0K(10394112K) From: 8548K(37888K)->0K(37888K)
[155.528s][info][gc,heap        ] GC(94) ParOldGen: 1401630K(2402816K)->1401713K(2402816K)
[155.528s][info][gc,metaspace   ] GC(94) Metaspace: 125905K(130880K)->125905K(130880K) NonClass: 107969K(108672K)->107969K(108672K) Class: 17935K(22208K)->17935K(22208K)
[155.528s][info][gc             ] GC(94) Pause Full (System.gc()) 1377M->1368M(12534M) 195.709ms
[155.528s][info][gc,cpu         ] GC(94) User=4.50s Sys=0.03s Real=0.20s
[156.275s][info][gc,start       ] GC(95) Pause Young (Allocation Failure)
[156.277s][info][gc,heap        ] GC(95) PSYoungGen: 10394112K(10432000K)->7504K(10435072K) Eden: 10394112K(10394112K)->0K(10394112K) From: 0K(37888K)->7504K(40960K)
[156.277s][info][gc,heap        ] GC(95) ParOldGen: 1401713K(2402816K)->1401721K(2402816K)
[156.277s][info][gc,metaspace   ] GC(95) Metaspace: 126134K(131072K)->126134K(131072K) NonClass: 108197K(108864K)->108197K(108864K) Class: 17937K(22208K)->17937K(22208K)
[156.277s][info][gc             ] GC(95) Pause Young (Allocation Failure) 11519M->1376M(12537M) 2.300ms
[156.278s][info][gc,cpu         ] GC(95) User=0.00s Sys=0.00s Real=0.00s
[157.944s][info][gc,start       ] GC(96) Pause Young (System.gc())
[157.952s][info][gc,heap        ] GC(96) PSYoungGen: 5982506K(10435072K)->8699K(10439168K) Eden: 5975001K(10394112K)->0K(10405888K) From: 7504K(40960K)->8699K(33280K)
[157.952s][info][gc,heap        ] GC(96) ParOldGen: 1401721K(2402816K)->1401729K(2402816K)
[157.952s][info][gc,metaspace   ] GC(96) Metaspace: 126155K(131136K)->126155K(131136K) NonClass: 108218K(108928K)->108218K(108928K) Class: 17937K(22208K)->17937K(22208K)
[157.952s][info][gc             ] GC(96) Pause Young (System.gc()) 7211M->1377M(12541M) 8.431ms
[157.953s][info][gc,cpu         ] GC(96) User=0.00s Sys=0.00s Real=0.00s
[157.953s][info][gc,start       ] GC(97) Pause Full (System.gc())
[157.953s][info][gc,phases,start] GC(97) Marking Phase
[157.998s][info][gc,phases      ] GC(97) Marking Phase 45.353ms
[157.998s][info][gc,phases,start] GC(97) Summary Phase
[157.998s][info][gc,phases      ] GC(97) Summary Phase 0.039ms
[157.998s][info][gc,phases,start] GC(97) Adjust Roots
[158.020s][info][gc,phases      ] GC(97) Adjust Roots 21.615ms
[158.020s][info][gc,phases,start] GC(97) Compaction Phase
[158.126s][info][gc,phases      ] GC(97) Compaction Phase 106.333ms
[158.126s][info][gc,phases,start] GC(97) Post Compact
[158.134s][info][gc,phases      ] GC(97) Post Compact 7.430ms
[158.134s][info][gc,heap        ] GC(97) PSYoungGen: 8699K(10439168K)->0K(10439168K) Eden: 0K(10405888K)->0K(10405888K) From: 8699K(33280K)->0K(33280K)
[158.134s][info][gc,heap        ] GC(97) ParOldGen: 1401729K(2402816K)->1401765K(2402816K)
[158.134s][info][gc,metaspace   ] GC(97) Metaspace: 126155K(131136K)->126155K(131136K) NonClass: 108218K(108928K)->108218K(108928K) Class: 17937K(22208K)->17937K(22208K)
[158.134s][info][gc             ] GC(97) Pause Full (System.gc()) 1377M->1368M(12541M) 181.113ms
[158.134s][info][gc,cpu         ] GC(97) User=4.52s Sys=0.02s Real=0.18s
[158.883s][info][gc,start       ] GC(98) Pause Young (Allocation Failure)
[158.885s][info][gc,heap        ] GC(98) PSYoungGen: 10405888K(10439168K)->7517K(10441728K) Eden: 10405888K(10405888K)->0K(10405888K) From: 0K(33280K)->7517K(35840K)
[158.885s][info][gc,heap        ] GC(98) ParOldGen: 1401765K(2402816K)->1401765K(2402816K)
[158.885s][info][gc,metaspace   ] GC(98) Metaspace: 126158K(131136K)->126158K(131136K) NonClass: 108221K(108928K)->108221K(108928K) Class: 17937K(22208K)->17937K(22208K)
[158.885s][info][gc             ] GC(98) Pause Young (Allocation Failure) 11530M->1376M(12543M) 2.295ms
[158.885s][info][gc,cpu         ] GC(98) User=0.42s Sys=0.02s Real=0.02s
[159.785s][info][gc,start       ] GC(99) Pause Young (System.gc())
[159.792s][info][gc,heap        ] GC(99) PSYoungGen: 5965721K(10441728K)->8719K(10444800K) Eden: 5958204K(10405888K)->0K(10415616K) From: 7517K(35840K)->8719K(29184K)
[159.792s][info][gc,heap        ] GC(99) ParOldGen: 1401765K(2402816K)->1401765K(2402816K)
[159.792s][info][gc,metaspace   ] GC(99) Metaspace: 126160K(131136K)->126160K(131136K) NonClass: 108223K(108928K)->108223K(108928K) Class: 17937K(22208K)->17937K(22208K)
[159.792s][info][gc             ] GC(99) Pause Young (System.gc()) 7194M->1377M(12546M) 7.183ms
[159.792s][info][gc,cpu         ] GC(99) User=0.02s Sys=0.50s Real=0.02s
[159.792s][info][gc,start       ] GC(100) Pause Full (System.gc())
[159.792s][info][gc,phases,start] GC(100) Marking Phase
[159.852s][info][gc,phases      ] GC(100) Marking Phase 60.416ms
[159.852s][info][gc,phases,start] GC(100) Summary Phase
[159.853s][info][gc,phases      ] GC(100) Summary Phase 0.040ms
[159.853s][info][gc,phases,start] GC(100) Adjust Roots
[159.870s][info][gc,phases      ] GC(100) Adjust Roots 17.174ms
[159.870s][info][gc,phases,start] GC(100) Compaction Phase
[159.978s][info][gc,phases      ] GC(100) Compaction Phase 108.031ms
[159.978s][info][gc,phases,start] GC(100) Post Compact
[159.985s][info][gc,phases      ] GC(100) Post Compact 7.407ms
[159.985s][info][gc,heap        ] GC(100) PSYoungGen: 8719K(10444800K)->0K(10444800K) Eden: 0K(10415616K)->0K(10415616K) From: 8719K(29184K)->0K(29184K)
[159.985s][info][gc,heap        ] GC(100) ParOldGen: 1401765K(2402816K)->1401812K(2402816K)
[159.985s][info][gc,metaspace   ] GC(100) Metaspace: 126160K(131136K)->126160K(131136K) NonClass: 108223K(108928K)->108223K(108928K) Class: 17937K(22208K)->17937K(22208K)
[159.985s][info][gc             ] GC(100) Pause Full (System.gc()) 1377M->1368M(12546M) 193.372ms
[159.985s][info][gc,cpu         ] GC(100) User=4.48s Sys=0.02s Real=0.19s
[160.731s][info][gc,start       ] GC(101) Pause Young (Allocation Failure)
[160.733s][info][gc,heap        ] GC(101) PSYoungGen: 10415616K(10444800K)->7293K(10446848K) Eden: 10415616K(10415616K)->0K(10415616K) From: 0K(29184K)->7293K(31232K)
[160.733s][info][gc,heap        ] GC(101) ParOldGen: 1401812K(2402816K)->1401812K(2402816K)
[160.733s][info][gc,metaspace   ] GC(101) Metaspace: 126207K(131136K)->126207K(131136K) NonClass: 108270K(108928K)->108270K(108928K) Class: 17937K(22208K)->17937K(22208K)
[160.733s][info][gc             ] GC(101) Pause Young (Allocation Failure) 11540M->1376M(12548M) 2.304ms
[160.733s][info][gc,cpu         ] GC(101) User=0.52s Sys=0.00s Real=0.02s
[161.646s][info][gc,start       ] GC(102) Pause Young (System.gc())
[161.652s][info][gc,heap        ] GC(102) PSYoungGen: 5963206K(10446848K)->8654K(10450432K) Eden: 5955912K(10415616K)->0K(10424320K) From: 7293K(31232K)->8654K(26112K)
[161.652s][info][gc,heap        ] GC(102) ParOldGen: 1401812K(2402816K)->1401812K(2402816K)
[161.653s][info][gc,metaspace   ] GC(102) Metaspace: 126228K(131136K)->126228K(131136K) NonClass: 108291K(108928K)->108291K(108928K) Class: 17937K(22208K)->17937K(22208K)
[161.653s][info][gc             ] GC(102) Pause Young (System.gc()) 7192M->1377M(12552M) 7.067ms
[161.653s][info][gc,cpu         ] GC(102) User=0.08s Sys=0.44s Real=0.02s
[161.653s][info][gc,start       ] GC(103) Pause Full (System.gc())
[161.653s][info][gc,phases,start] GC(103) Marking Phase
[161.715s][info][gc,phases      ] GC(103) Marking Phase 62.399ms
[161.715s][info][gc,phases,start] GC(103) Summary Phase
[161.715s][info][gc,phases      ] GC(103) Summary Phase 0.041ms
[161.715s][info][gc,phases,start] GC(103) Adjust Roots
[161.731s][info][gc,phases      ] GC(103) Adjust Roots 15.285ms
[161.731s][info][gc,phases,start] GC(103) Compaction Phase
[161.838s][info][gc,phases      ] GC(103) Compaction Phase 107.419ms
[161.838s][info][gc,phases,start] GC(103) Post Compact
[161.846s][info][gc,phases      ] GC(103) Post Compact 7.403ms
[161.846s][info][gc,heap        ] GC(103) PSYoungGen: 8654K(10450432K)->0K(10450432K) Eden: 0K(10424320K)->0K(10424320K) From: 8654K(26112K)->0K(26112K)
[161.846s][info][gc,heap        ] GC(103) ParOldGen: 1401812K(2402816K)->1401863K(2402816K)
[161.846s][info][gc,metaspace   ] GC(103) Metaspace: 126228K(131136K)->126228K(131136K) NonClass: 108291K(108928K)->108291K(108928K) Class: 17937K(22208K)->17937K(22208K)
[161.846s][info][gc             ] GC(103) Pause Full (System.gc()) 1377M->1369M(12552M) 192.869ms
[161.846s][info][gc,cpu         ] GC(103) User=4.66s Sys=0.05s Real=0.19s
[162.595s][info][gc,start       ] GC(104) Pause Young (Allocation Failure)
[162.598s][info][gc,heap        ] GC(104) PSYoungGen: 10424320K(10450432K)->7450K(10451968K) Eden: 10424320K(10424320K)->0K(10424320K) From: 0K(26112K)->7450K(27648K)
[162.598s][info][gc,heap        ] GC(104) ParOldGen: 1401863K(2402816K)->1401863K(2402816K)
[162.598s][info][gc,metaspace   ] GC(104) Metaspace: 126246K(131136K)->126246K(131136K) NonClass: 108309K(108928K)->108309K(108928K) Class: 17937K(22208K)->17937K(22208K)
[162.598s][info][gc             ] GC(104) Pause Young (Allocation Failure) 11549M->1376M(12553M) 2.192ms
[162.598s][info][gc,cpu         ] GC(104) User=0.00s Sys=0.00s Real=0.00s
[163.532s][info][gc,start       ] GC(105) Pause Young (System.gc())
[163.538s][info][gc,heap        ] GC(105) PSYoungGen: 5929796K(10451968K)->8903K(10452992K) Eden: 5922345K(10424320K)->0K(10430976K) From: 7450K(27648K)->8903K(22016K)
[163.538s][info][gc,heap        ] GC(105) ParOldGen: 1401863K(2402816K)->1401863K(2402816K)
[163.538s][info][gc,metaspace   ] GC(105) Metaspace: 126247K(131200K)->126247K(131200K) NonClass: 108310K(108992K)->108310K(108992K) Class: 17937K(22208K)->17937K(22208K)
[163.538s][info][gc             ] GC(105) Pause Young (System.gc()) 7159M->1377M(12554M) 6.457ms
[163.538s][info][gc,cpu         ] GC(105) User=0.00s Sys=0.00s Real=0.00s
[163.538s][info][gc,start       ] GC(106) Pause Full (System.gc())
[163.538s][info][gc,phases,start] GC(106) Marking Phase
[163.589s][info][gc,phases      ] GC(106) Marking Phase 50.776ms
[163.589s][info][gc,phases,start] GC(106) Summary Phase
[163.589s][info][gc,phases      ] GC(106) Summary Phase 0.038ms
[163.589s][info][gc,phases,start] GC(106) Adjust Roots
[163.608s][info][gc,phases      ] GC(106) Adjust Roots 18.506ms
[163.608s][info][gc,phases,start] GC(106) Compaction Phase
[163.716s][info][gc,phases      ] GC(106) Compaction Phase 108.273ms
[163.716s][info][gc,phases,start] GC(106) Post Compact
[163.723s][info][gc,phases      ] GC(106) Post Compact 7.348ms
[163.723s][info][gc,heap        ] GC(106) PSYoungGen: 8903K(10452992K)->0K(10452992K) Eden: 0K(10430976K)->0K(10430976K) From: 8903K(22016K)->0K(22016K)
[163.723s][info][gc,heap        ] GC(106) ParOldGen: 1401863K(2402816K)->1401917K(2402816K)
[163.723s][info][gc,metaspace   ] GC(106) Metaspace: 126247K(131200K)->126247K(131200K) NonClass: 108310K(108992K)->108310K(108992K) Class: 17937K(22208K)->17937K(22208K)
[163.723s][info][gc             ] GC(106) Pause Full (System.gc()) 1377M->1369M(12554M) 185.227ms
[163.724s][info][gc,cpu         ] GC(106) User=4.69s Sys=0.00s Real=0.19s
[164.471s][info][gc,start       ] GC(107) Pause Young (Allocation Failure)
[164.473s][info][gc,heap        ] GC(107) PSYoungGen: 10430976K(10452992K)->7421K(10455040K) Eden: 10430976K(10430976K)->0K(10430976K) From: 0K(22016K)->7421K(24064K)
[164.474s][info][gc,heap        ] GC(107) ParOldGen: 1401917K(2402816K)->1401925K(2402816K)
[164.474s][info][gc,metaspace   ] GC(107) Metaspace: 126324K(131264K)->126324K(131264K) NonClass: 108387K(109056K)->108387K(109056K) Class: 17937K(22208K)->17937K(22208K)
[164.474s][info][gc             ] GC(107) Pause Young (Allocation Failure) 11555M->1376M(12556M) 2.332ms
[164.474s][info][gc,cpu         ] GC(107) User=0.00s Sys=0.00s Real=0.00s
[165.411s][info][gc,start       ] GC(108) Pause Young (System.gc())
[165.415s][info][gc,heap        ] GC(108) PSYoungGen: 5959768K(10455040K)->8548K(10458624K) Eden: 5952347K(10430976K)->0K(10438656K) From: 7421K(24064K)->8548K(19968K)
[165.415s][info][gc,heap        ] GC(108) ParOldGen: 1401925K(2402816K)->1401925K(2402816K)
[165.415s][info][gc,metaspace   ] GC(108) Metaspace: 126324K(131264K)->126324K(131264K) NonClass: 108387K(109056K)->108387K(109056K) Class: 17937K(22208K)->17937K(22208K)
[165.415s][info][gc             ] GC(108) Pause Young (System.gc()) 7189M->1377M(12560M) 4.942ms
[165.416s][info][gc,cpu         ] GC(108) User=0.00s Sys=0.00s Real=0.00s
[165.416s][info][gc,start       ] GC(109) Pause Full (System.gc())
[165.416s][info][gc,phases,start] GC(109) Marking Phase
[165.467s][info][gc,phases      ] GC(109) Marking Phase 50.702ms
[165.467s][info][gc,phases,start] GC(109) Summary Phase
[165.467s][info][gc,phases      ] GC(109) Summary Phase 0.043ms
[165.467s][info][gc,phases,start] GC(109) Adjust Roots
[165.482s][info][gc,phases      ] GC(109) Adjust Roots 15.147ms
[165.482s][info][gc,phases,start] GC(109) Compaction Phase
[165.589s][info][gc,phases      ] GC(109) Compaction Phase 107.613ms
[165.589s][info][gc,phases,start] GC(109) Post Compact
[165.597s][info][gc,phases      ] GC(109) Post Compact 7.432ms
[165.597s][info][gc,heap        ] GC(109) PSYoungGen: 8548K(10458624K)->0K(10458624K) Eden: 0K(10438656K)->0K(10438656K) From: 8548K(19968K)->0K(19968K)
[165.597s][info][gc,heap        ] GC(109) ParOldGen: 1401925K(2402816K)->1401974K(2402816K)
[165.597s][info][gc,metaspace   ] GC(109) Metaspace: 126324K(131264K)->126324K(131264K) NonClass: 108387K(109056K)->108387K(109056K) Class: 17937K(22208K)->17937K(22208K)
[165.597s][info][gc             ] GC(109) Pause Full (System.gc()) 1377M->1369M(12560M) 181.231ms
[165.597s][info][gc,cpu         ] GC(109) User=4.16s Sys=0.03s Real=0.19s
[166.341s][info][gc,start       ] GC(110) Pause Young (Allocation Failure)
[166.343s][info][gc,heap        ] GC(110) PSYoungGen: 10438656K(10458624K)->7517K(10460160K) Eden: 10438656K(10438656K)->0K(10438656K) From: 0K(19968K)->7517K(21504K)
[166.343s][info][gc,heap        ] GC(110) ParOldGen: 1401974K(2402816K)->1401982K(2402816K)
[166.343s][info][gc,metaspace   ] GC(110) Metaspace: 126381K(131328K)->126381K(131328K) NonClass: 108443K(109120K)->108443K(109120K) Class: 17937K(22208K)->17937K(22208K)
[166.343s][info][gc             ] GC(110) Pause Young (Allocation Failure) 11563M->1376M(12561M) 2.269ms
[166.343s][info][gc,cpu         ] GC(110) User=0.00s Sys=0.00s Real=0.00s
[167.265s][info][gc,start       ] GC(111) Pause Young (System.gc())
[167.270s][info][gc,heap        ] GC(111) PSYoungGen: 5942300K(10460160K)->8718K(10461696K) Eden: 5934782K(10438656K)->0K(10443264K) From: 7517K(21504K)->8718K(18432K)
[167.270s][info][gc,heap        ] GC(111) ParOldGen: 1401982K(2402816K)->1401982K(2402816K)
[167.270s][info][gc,metaspace   ] GC(111) Metaspace: 126398K(131328K)->126398K(131328K) NonClass: 108461K(109120K)->108461K(109120K) Class: 17937K(22208K)->17937K(22208K)
[167.270s][info][gc             ] GC(111) Pause Young (System.gc()) 7172M->1377M(12563M) 4.779ms
[167.270s][info][gc,cpu         ] GC(111) User=0.00s Sys=0.00s Real=0.00s
[167.270s][info][gc,start       ] GC(112) Pause Full (System.gc())
[167.270s][info][gc,phases,start] GC(112) Marking Phase
[167.333s][info][gc,phases      ] GC(112) Marking Phase 62.649ms
[167.333s][info][gc,phases,start] GC(112) Summary Phase
[167.333s][info][gc,phases      ] GC(112) Summary Phase 0.040ms
[167.333s][info][gc,phases,start] GC(112) Adjust Roots
[167.351s][info][gc,phases      ] GC(112) Adjust Roots 18.185ms
[167.351s][info][gc,phases,start] GC(112) Compaction Phase
[167.461s][info][gc,phases      ] GC(112) Compaction Phase 109.897ms
[167.461s][info][gc,phases,start] GC(112) Post Compact
[167.468s][info][gc,phases      ] GC(112) Post Compact 7.319ms
[167.468s][info][gc,heap        ] GC(112) PSYoungGen: 8718K(10461696K)->0K(10461696K) Eden: 0K(10443264K)->0K(10443264K) From: 8718K(18432K)->0K(18432K)
[167.468s][info][gc,heap        ] GC(112) ParOldGen: 1401982K(2402816K)->1401989K(2402816K)
[167.468s][info][gc,metaspace   ] GC(112) Metaspace: 126398K(131328K)->126398K(131328K) NonClass: 108461K(109120K)->108461K(109120K) Class: 17937K(22208K)->17937K(22208K)
[167.468s][info][gc             ] GC(112) Pause Full (System.gc()) 1377M->1369M(12563M) 198.377ms
[167.468s][info][gc,cpu         ] GC(112) User=5.02s Sys=0.03s Real=0.20s
[168.218s][info][gc,start       ] GC(113) Pause Young (Allocation Failure)
[168.220s][info][gc,heap        ] GC(113) PSYoungGen: 10443264K(10461696K)->7485K(10462720K) Eden: 10443264K(10443264K)->0K(10443264K) From: 0K(18432K)->7485K(19456K)
[168.220s][info][gc,heap        ] GC(113) ParOldGen: 1401989K(2402816K)->1401989K(2402816K)
[168.220s][info][gc,metaspace   ] GC(113) Metaspace: 126448K(131392K)->126448K(131392K) NonClass: 108511K(109184K)->108511K(109184K) Class: 17937K(22208K)->17937K(22208K)
[168.220s][info][gc             ] GC(113) Pause Young (Allocation Failure) 11567M->1376M(12564M) 2.209ms
[168.220s][info][gc,cpu         ] GC(113) User=0.00s Sys=0.00s Real=0.00s
[169.408s][info][gc,heap,exit   ] Heap
[169.408s][info][gc,heap,exit   ]  PSYoungGen      total 10462720K, used 6632572K [0x0000000580100000, 0x00000007fff00000, 0x0000000800000000)
[169.408s][info][gc,heap,exit   ]   eden space 10443264K, 63% used [0x0000000580100000,0x00000007146cfcc0,0x00000007fd780000)
[169.408s][info][gc,heap,exit   ]   from space 19456K, 38% used [0x00000007fd780000,0x00000007fdecf628,0x00000007fea80000)
[169.408s][info][gc,heap,exit   ]   to   space 18432K, 0% used [0x00000007fed00000,0x00000007fed00000,0x00000007fff00000)
[169.408s][info][gc,heap,exit   ]  ParOldGen       total 2402816K, used 1401989K [0x0000000080200000, 0x0000000112c80000, 0x0000000580100000)
[169.408s][info][gc,heap,exit   ]   object space 2402816K, 58% used [0x0000000080200000,0x00000000d5b217c8,0x0000000112c80000)
[169.408s][info][gc,heap,exit   ]  Metaspace       used 126839K, committed 131840K, reserved 1179648K
[169.408s][info][gc,heap,exit   ]   class space    used 18014K, committed 22272K, reserved 1048576K
