[0.019s][info][gc,init] CardTable entry size: 512
[0.019s][info][gc     ] Using Serial
[0.028s][info][gc,init] Version: 20+36-2344 (release)
[0.028s][info][gc,init] CPUs: 48 total, 48 available
[0.028s][info][gc,init] Memory: 382G
[0.028s][info][gc,init] Large Page Support: Disabled
[0.028s][info][gc,init] NUMA Support: Disabled
[0.028s][info][gc,init] Compressed Oops: Enabled (Zero based)
[0.028s][info][gc,init] Heap Min Capacity: 8M
[0.028s][info][gc,init] Heap Initial Capacity: 2G
[0.028s][info][gc,init] Heap Max Capacity: 30718M
[0.028s][info][gc,init] Pre-touch: Disabled
[0.048s][info][gc,metaspace] CDS archive(s) mapped at: [0x0000000800000000-0x0000000800c60000-0x0000000800c60000), size 12976128, SharedBaseAddress: 0x0000000800000000, ArchiveRelocationMode: 0.
[0.048s][info][gc,metaspace] Compressed class space mapped at: 0x0000000801000000-0x0000000841000000, reserved size: 1073741824
[0.048s][info][gc,metaspace] Narrow klass base: 0x0000000800000000, Narrow klass shift: 0, Narrow klass range: 0x100000000
[10.069s][info][gc,start    ] GC(0) Pause Full (Metadata GC Threshold)
[10.070s][info][gc,phases,start] GC(0) Phase 1: Mark live objects
[10.092s][info][gc,phases      ] GC(0) Phase 1: Mark live objects 22.452ms
[10.092s][info][gc,phases,start] GC(0) Phase 2: Compute new object addresses
[10.103s][info][gc,phases      ] GC(0) Phase 2: Compute new object addresses 11.011ms
[10.103s][info][gc,phases,start] GC(0) Phase 3: Adjust pointers
[10.111s][info][gc,phases      ] GC(0) Phase 3: Adjust pointers 7.941ms
[10.111s][info][gc,phases,start] GC(0) Phase 4: Move objects
[10.122s][info][gc,phases      ] GC(0) Phase 4: Move objects 10.611ms
[10.123s][info][gc,heap        ] GC(0) DefNew: 223837K(629120K)->0K(629248K) Eden: 223837K(559232K)->0K(559360K) From: 0K(69888K)->0K(69888K)
[10.123s][info][gc,heap        ] GC(0) Tenured: 0K(1398144K)->18046K(1398144K)
[10.123s][info][gc,metaspace   ] GC(0) Metaspace: 21269K(21504K)->21269K(21504K) NonClass: 18550K(18688K)->18550K(18688K) Class: 2718K(2816K)->2718K(2816K)
[10.123s][info][gc             ] GC(0) Pause Full (Metadata GC Threshold) 218M->17M(1979M) 53.905ms
[10.123s][info][gc,cpu         ] GC(0) User=0.06s Sys=0.00s Real=0.06s
[11.013s][info][gc,start       ] GC(1) Pause Full (Metadata GC Threshold)
[11.013s][info][gc,phases,start] GC(1) Phase 1: Mark live objects
[11.044s][info][gc,phases      ] GC(1) Phase 1: Mark live objects 31.180ms
[11.044s][info][gc,phases,start] GC(1) Phase 2: Compute new object addresses
[11.054s][info][gc,phases      ] GC(1) Phase 2: Compute new object addresses 10.173ms
[11.054s][info][gc,phases,start] GC(1) Phase 3: Adjust pointers
[11.065s][info][gc,phases      ] GC(1) Phase 3: Adjust pointers 10.694ms
[11.065s][info][gc,phases,start] GC(1) Phase 4: Move objects
[11.069s][info][gc,phases      ] GC(1) Phase 4: Move objects 4.079ms
[11.070s][info][gc,heap        ] GC(1) DefNew: 311038K(629248K)->0K(629248K) Eden: 311038K(559360K)->0K(559360K) From: 0K(69888K)->0K(69888K)
[11.070s][info][gc,heap        ] GC(1) Tenured: 18046K(1398144K)->24093K(1398144K)
[11.070s][info][gc,metaspace   ] GC(1) Metaspace: 35450K(35840K)->35450K(35840K) NonClass: 30972K(31168K)->30972K(31168K) Class: 4477K(4672K)->4477K(4672K)
[11.070s][info][gc             ] GC(1) Pause Full (Metadata GC Threshold) 321M->23M(1979M) 57.082ms
[11.070s][info][gc,cpu         ] GC(1) User=0.06s Sys=0.00s Real=0.06s
[58.593s][info][gc,start       ] GC(2) Pause Full (Metadata GC Threshold)
[58.593s][info][gc,phases,start] GC(2) Phase 1: Mark live objects
[58.632s][info][gc,phases      ] GC(2) Phase 1: Mark live objects 38.303ms
[58.632s][info][gc,phases,start] GC(2) Phase 2: Compute new object addresses
[58.656s][info][gc,phases      ] GC(2) Phase 2: Compute new object addresses 24.129ms
[58.656s][info][gc,phases,start] GC(2) Phase 3: Adjust pointers
[58.671s][info][gc,phases      ] GC(2) Phase 3: Adjust pointers 15.691ms
[58.671s][info][gc,phases,start] GC(2) Phase 4: Move objects
[58.676s][info][gc,phases      ] GC(2) Phase 4: Move objects 4.539ms
[58.677s][info][gc,heap        ] GC(2) DefNew: 379386K(629248K)->0K(629248K) Eden: 379386K(559360K)->0K(559360K) From: 0K(69888K)->0K(69888K)
[58.677s][info][gc,heap        ] GC(2) Tenured: 24093K(1398144K)->30108K(1398144K)
[58.677s][info][gc,metaspace   ] GC(2) Metaspace: 59278K(59776K)->59278K(59776K) NonClass: 52036K(52288K)->52036K(52288K) Class: 7242K(7488K)->7242K(7488K)
[58.677s][info][gc             ] GC(2) Pause Full (Metadata GC Threshold) 394M->29M(1979M) 84.051ms
[58.677s][info][gc,cpu         ] GC(2) User=0.08s Sys=0.02s Real=0.08s
[60.097s][info][gc,start       ] GC(3) Pause Full (System.gc())
[60.097s][info][gc,phases,start] GC(3) Phase 1: Mark live objects
[60.144s][info][gc,phases      ] GC(3) Phase 1: Mark live objects 46.886ms
[60.144s][info][gc,phases,start] GC(3) Phase 2: Compute new object addresses
[60.162s][info][gc,phases      ] GC(3) Phase 2: Compute new object addresses 17.275ms
[60.162s][info][gc,phases,start] GC(3) Phase 3: Adjust pointers
[60.184s][info][gc,phases      ] GC(3) Phase 3: Adjust pointers 22.215ms
[60.184s][info][gc,phases,start] GC(3) Phase 4: Move objects
[60.196s][info][gc,phases      ] GC(3) Phase 4: Move objects 12.404ms
[60.197s][info][gc,heap        ] GC(3) DefNew: 108765K(629248K)->0K(629248K) Eden: 108765K(559360K)->0K(559360K) From: 0K(69888K)->0K(69888K)
[60.197s][info][gc,heap        ] GC(3) Tenured: 30108K(1398144K)->35594K(1398144K)
[60.198s][info][gc,metaspace   ] GC(3) Metaspace: 84428K(84992K)->84428K(84992K) NonClass: 73944K(74240K)->73944K(74240K) Class: 10483K(10752K)->10483K(10752K)
[60.198s][info][gc             ] GC(3) Pause Full (System.gc()) 135M->34M(1979M) 100.373ms
[60.198s][info][gc,cpu         ] GC(3) User=0.11s Sys=0.00s Real=0.10s
[66.795s][info][gc,start       ] GC(4) Pause Young (Allocation Failure)
[66.864s][info][gc,heap        ] GC(4) DefNew: 559360K(629248K)->27370K(629248K) Eden: 559360K(559360K)->0K(559360K) From: 0K(69888K)->27370K(69888K)
[66.864s][info][gc,heap        ] GC(4) Tenured: 35594K(1398144K)->35594K(1398144K)
[66.864s][info][gc,metaspace   ] GC(4) Metaspace: 118650K(124672K)->118650K(124672K) NonClass: 101262K(104576K)->101262K(104576K) Class: 17387K(20096K)->17387K(20096K)
[66.864s][info][gc             ] GC(4) Pause Young (Allocation Failure) 581M->61M(1979M) 68.831ms
[66.864s][info][gc,cpu         ] GC(4) User=0.06s Sys=0.00s Real=0.06s
[68.157s][info][gc,start       ] GC(5) Pause Young (Allocation Failure)
[68.215s][info][gc,heap        ] GC(5) DefNew: 586730K(629248K)->50445K(629248K) Eden: 559360K(559360K)->0K(559360K) From: 27370K(69888K)->50445K(69888K)
[68.215s][info][gc,heap        ] GC(5) Tenured: 35594K(1398144K)->35594K(1398144K)
[68.215s][info][gc,metaspace   ] GC(5) Metaspace: 118878K(124928K)->118878K(124928K) NonClass: 101461K(104832K)->101461K(104832K) Class: 17417K(20096K)->17417K(20096K)
[68.215s][info][gc             ] GC(5) Pause Young (Allocation Failure) 607M->84M(1979M) 58.183ms
[68.215s][info][gc,cpu         ] GC(5) User=0.02s Sys=0.05s Real=0.06s
[69.163s][info][gc,start       ] GC(6) Pause Young (Allocation Failure)
[69.228s][info][gc,heap        ] GC(6) DefNew: 609805K(629248K)->45753K(629248K) Eden: 559360K(559360K)->0K(559360K) From: 50445K(69888K)->45753K(69888K)
[69.228s][info][gc,heap        ] GC(6) Tenured: 35594K(1398144K)->56618K(1398144K)
[69.228s][info][gc,metaspace   ] GC(6) Metaspace: 118957K(124992K)->118957K(124992K) NonClass: 101540K(104896K)->101540K(104896K) Class: 17417K(20096K)->17417K(20096K)
[69.228s][info][gc             ] GC(6) Pause Young (Allocation Failure) 630M->99M(1979M) 65.683ms
[69.229s][info][gc,cpu         ] GC(6) User=0.06s Sys=0.02s Real=0.08s
[69.643s][info][gc,start       ] GC(7) Pause Young (Allocation Failure)
[69.683s][info][gc,heap        ] GC(7) DefNew: 605113K(629248K)->66903K(629248K) Eden: 559360K(559360K)->0K(559360K) From: 45753K(69888K)->66903K(69888K)
[69.683s][info][gc,heap        ] GC(7) Tenured: 56618K(1398144K)->62321K(1398144K)
[69.683s][info][gc,metaspace   ] GC(7) Metaspace: 119015K(125056K)->119015K(125056K) NonClass: 101598K(104960K)->101598K(104960K) Class: 17417K(20096K)->17417K(20096K)
[69.683s][info][gc             ] GC(7) Pause Young (Allocation Failure) 646M->126M(1979M) 39.837ms
[69.683s][info][gc,cpu         ] GC(7) User=0.02s Sys=0.02s Real=0.03s
[69.724s][info][gc,start       ] GC(8) Pause Young (Allocation Failure)
[69.766s][info][gc,heap        ] GC(8) DefNew: 626263K(629248K)->42311K(629248K) Eden: 559360K(559360K)->0K(559360K) From: 66903K(69888K)->42311K(69888K)
[69.766s][info][gc,heap        ] GC(8) Tenured: 62321K(1398144K)->116241K(1398144K)
[69.766s][info][gc,metaspace   ] GC(8) Metaspace: 119024K(125056K)->119024K(125056K) NonClass: 101607K(104960K)->101607K(104960K) Class: 17417K(20096K)->17417K(20096K)
[69.766s][info][gc             ] GC(8) Pause Young (Allocation Failure) 672M->154M(1979M) 41.764ms
[69.766s][info][gc,cpu         ] GC(8) User=0.03s Sys=0.02s Real=0.05s
[69.820s][info][gc,start       ] GC(9) Pause Young (Allocation Failure)
[69.852s][info][gc,heap        ] GC(9) DefNew: 601671K(629248K)->34974K(629248K) Eden: 559360K(559360K)->0K(559360K) From: 42311K(69888K)->34974K(69888K)
[69.852s][info][gc,heap        ] GC(9) Tenured: 116241K(1398144K)->154167K(1398144K)
[69.852s][info][gc,metaspace   ] GC(9) Metaspace: 119025K(125056K)->119025K(125056K) NonClass: 101607K(104960K)->101607K(104960K) Class: 17417K(20096K)->17417K(20096K)
[69.852s][info][gc             ] GC(9) Pause Young (Allocation Failure) 701M->184M(1979M) 31.924ms
[69.852s][info][gc,cpu         ] GC(9) User=0.02s Sys=0.02s Real=0.03s
[69.893s][info][gc,start       ] GC(10) Pause Young (Allocation Failure)
[69.916s][info][gc,heap        ] GC(10) DefNew: 594334K(629248K)->21621K(629248K) Eden: 559360K(559360K)->0K(559360K) From: 34974K(69888K)->21621K(69888K)
[69.916s][info][gc,heap        ] GC(10) Tenured: 154167K(1398144K)->187444K(1398144K)
[69.916s][info][gc,metaspace   ] GC(10) Metaspace: 119026K(125056K)->119026K(125056K) NonClass: 101609K(104960K)->101609K(104960K) Class: 17417K(20096K)->17417K(20096K)
[69.916s][info][gc             ] GC(10) Pause Young (Allocation Failure) 730M->204M(1979M) 23.143ms
[69.916s][info][gc,cpu         ] GC(10) User=0.02s Sys=0.02s Real=0.03s
[69.963s][info][gc,start       ] GC(11) Pause Young (Allocation Failure)
[69.979s][info][gc,heap        ] GC(11) DefNew: 580981K(629248K)->55175K(629248K) Eden: 559360K(559360K)->0K(559360K) From: 21621K(69888K)->55175K(69888K)
[69.979s][info][gc,heap        ] GC(11) Tenured: 187444K(1398144K)->187444K(1398144K)
[69.979s][info][gc,metaspace   ] GC(11) Metaspace: 119027K(125056K)->119027K(125056K) NonClass: 101610K(104960K)->101610K(104960K) Class: 17417K(20096K)->17417K(20096K)
[69.979s][info][gc             ] GC(11) Pause Young (Allocation Failure) 750M->236M(1979M) 16.174ms
[69.979s][info][gc,cpu         ] GC(11) User=0.02s Sys=0.00s Real=0.02s
[70.021s][info][gc,start       ] GC(12) Pause Young (Allocation Failure)
[70.075s][info][gc,heap        ] GC(12) DefNew: 614535K(629248K)->66057K(629248K) Eden: 559360K(559360K)->0K(559360K) From: 55175K(69888K)->66057K(69888K)
[70.075s][info][gc,heap        ] GC(12) Tenured: 187444K(1398144K)->256196K(1398144K)
[70.075s][info][gc,metaspace   ] GC(12) Metaspace: 119027K(125056K)->119027K(125056K) NonClass: 101610K(104960K)->101610K(104960K) Class: 17417K(20096K)->17417K(20096K)
[70.075s][info][gc             ] GC(12) Pause Young (Allocation Failure) 783M->314M(1979M) 53.730ms
[70.075s][info][gc,cpu         ] GC(12) User=0.03s Sys=0.03s Real=0.06s
[70.132s][info][gc,start       ] GC(13) Pause Young (Allocation Failure)
[70.176s][info][gc,heap        ] GC(13) DefNew: 625417K(629248K)->31654K(629248K) Eden: 559360K(559360K)->0K(559360K) From: 66057K(69888K)->31654K(69888K)
[70.176s][info][gc,heap        ] GC(13) Tenured: 256196K(1398144K)->321822K(1398144K)
[70.176s][info][gc,metaspace   ] GC(13) Metaspace: 119027K(125056K)->119027K(125056K) NonClass: 101610K(104960K)->101610K(104960K) Class: 17417K(20096K)->17417K(20096K)
[70.176s][info][gc             ] GC(13) Pause Young (Allocation Failure) 860M->345M(1979M) 43.563ms
[70.176s][info][gc,cpu         ] GC(13) User=0.02s Sys=0.02s Real=0.03s
[70.218s][info][gc,start       ] GC(14) Pause Young (Allocation Failure)
[70.239s][info][gc,heap        ] GC(14) DefNew: 591014K(629248K)->66125K(629248K) Eden: 559360K(559360K)->0K(559360K) From: 31654K(69888K)->66125K(69888K)
[70.239s][info][gc,heap        ] GC(14) Tenured: 321822K(1398144K)->328072K(1398144K)
[70.239s][info][gc,metaspace   ] GC(14) Metaspace: 119027K(125056K)->119027K(125056K) NonClass: 101610K(104960K)->101610K(104960K) Class: 17417K(20096K)->17417K(20096K)
[70.239s][info][gc             ] GC(14) Pause Young (Allocation Failure) 891M->384M(1979M) 20.888ms
[70.239s][info][gc,cpu         ] GC(14) User=0.02s Sys=0.00s Real=0.02s
[70.282s][info][gc,start       ] GC(15) Pause Young (Allocation Failure)
[70.324s][info][gc,heap        ] GC(15) DefNew: 625485K(629248K)->35067K(629248K) Eden: 559360K(559360K)->0K(559360K) From: 66125K(69888K)->35067K(69888K)
[70.324s][info][gc,heap        ] GC(15) Tenured: 328072K(1398144K)->393699K(1398144K)
[70.324s][info][gc,metaspace   ] GC(15) Metaspace: 119078K(125056K)->119078K(125056K) NonClass: 101645K(104960K)->101645K(104960K) Class: 17433K(20096K)->17433K(20096K)
[70.324s][info][gc             ] GC(15) Pause Young (Allocation Failure) 931M->418M(1979M) 41.805ms
[70.324s][info][gc,cpu         ] GC(15) User=0.00s Sys=0.03s Real=0.03s
[70.387s][info][gc,start       ] GC(16) Pause Young (Allocation Failure)
[70.461s][info][gc,heap        ] GC(16) DefNew: 594427K(629248K)->66604K(629248K) Eden: 559360K(559360K)->0K(559360K) From: 35067K(69888K)->66604K(69888K)
[70.461s][info][gc,heap        ] GC(16) Tenured: 393699K(1398144K)->510426K(1398144K)
[70.461s][info][gc,metaspace   ] GC(16) Metaspace: 119105K(125184K)->119105K(125184K) NonClass: 101664K(105024K)->101664K(105024K) Class: 17440K(20160K)->17440K(20160K)
[70.461s][info][gc             ] GC(16) Pause Young (Allocation Failure) 964M->563M(1979M) 74.544ms
[70.461s][info][gc,cpu         ] GC(16) User=0.03s Sys=0.03s Real=0.06s
[70.521s][info][gc,start       ] GC(17) Pause Young (Allocation Failure)
[70.596s][info][gc,heap        ] GC(17) DefNew: 625964K(629248K)->69863K(629248K) Eden: 559360K(559360K)->0K(559360K) From: 66604K(69888K)->69863K(69888K)
[70.596s][info][gc,heap        ] GC(17) Tenured: 510426K(1398144K)->611055K(1398144K)
[70.596s][info][gc,metaspace   ] GC(17) Metaspace: 119139K(125184K)->119139K(125184K) NonClass: 101696K(105024K)->101696K(105024K) Class: 17443K(20160K)->17443K(20160K)
[70.596s][info][gc             ] GC(17) Pause Young (Allocation Failure) 1109M->664M(1979M) 75.067ms
[70.596s][info][gc,cpu         ] GC(17) User=0.03s Sys=0.03s Real=0.06s
[70.640s][info][gc,start       ] GC(18) Pause Young (Allocation Failure)
[70.690s][info][gc,heap        ] GC(18) DefNew: 629223K(629248K)->65863K(629248K) Eden: 559360K(559360K)->0K(559360K) From: 69863K(69888K)->65863K(69888K)
[70.690s][info][gc,heap        ] GC(18) Tenured: 611055K(1398144K)->678155K(1398144K)
[70.690s][info][gc,metaspace   ] GC(18) Metaspace: 119141K(125184K)->119141K(125184K) NonClass: 101698K(105024K)->101698K(105024K) Class: 17443K(20160K)->17443K(20160K)
[70.690s][info][gc             ] GC(18) Pause Young (Allocation Failure) 1211M->726M(1979M) 50.064ms
[70.690s][info][gc,cpu         ] GC(18) User=0.03s Sys=0.02s Real=0.05s
[70.749s][info][gc,start       ] GC(19) Pause Young (Allocation Failure)
[70.802s][info][gc,heap        ] GC(19) DefNew: 625223K(629248K)->69737K(629248K) Eden: 559360K(559360K)->0K(559360K) From: 65863K(69888K)->69737K(69888K)
[70.802s][info][gc,heap        ] GC(19) Tenured: 678155K(1398144K)->740243K(1398144K)
[70.802s][info][gc,metaspace   ] GC(19) Metaspace: 119141K(125184K)->119141K(125184K) NonClass: 101698K(105024K)->101698K(105024K) Class: 17443K(20160K)->17443K(20160K)
[70.802s][info][gc             ] GC(19) Pause Young (Allocation Failure) 1272M->790M(1979M) 53.076ms
[70.802s][info][gc,cpu         ] GC(19) User=0.03s Sys=0.02s Real=0.05s
[70.850s][info][gc,start       ] GC(20) Pause Young (Allocation Failure)
[70.916s][info][gc,heap        ] GC(20) DefNew: 629097K(629248K)->69516K(629248K) Eden: 559360K(559360K)->0K(559360K) From: 69737K(69888K)->69516K(69888K)
[70.916s][info][gc,heap        ] GC(20) Tenured: 740243K(1398144K)->837680K(1398144K)
[70.916s][info][gc,metaspace   ] GC(20) Metaspace: 119142K(125184K)->119142K(125184K) NonClass: 101699K(105024K)->101699K(105024K) Class: 17443K(20160K)->17443K(20160K)
[70.916s][info][gc             ] GC(20) Pause Young (Allocation Failure) 1337M->885M(1979M) 66.165ms
[70.916s][info][gc,cpu         ] GC(20) User=0.05s Sys=0.02s Real=0.06s
[70.971s][info][gc,start       ] GC(21) Pause Young (Allocation Failure)
[71.025s][info][gc,heap        ] GC(21) DefNew: 628876K(629248K)->69841K(629248K) Eden: 559360K(559360K)->0K(559360K) From: 69516K(69888K)->69841K(69888K)
[71.025s][info][gc,heap        ] GC(21) Tenured: 837680K(1398144K)->908345K(1398144K)
[71.025s][info][gc,metaspace   ] GC(21) Metaspace: 119147K(125184K)->119147K(125184K) NonClass: 101704K(105024K)->101704K(105024K) Class: 17443K(20160K)->17443K(20160K)
[71.025s][info][gc             ] GC(21) Pause Young (Allocation Failure) 1432M->955M(1979M) 53.601ms
[71.025s][info][gc,cpu         ] GC(21) User=0.03s Sys=0.02s Real=0.05s
[71.077s][info][gc,start       ] GC(22) Pause Young (Allocation Failure)
[71.129s][info][gc,heap        ] GC(22) DefNew: 629201K(629248K)->69778K(629248K) Eden: 559360K(559360K)->0K(559360K) From: 69841K(69888K)->69778K(69888K)
[71.129s][info][gc,heap        ] GC(22) Tenured: 908345K(1398144K)->977803K(1398144K)
[71.129s][info][gc,metaspace   ] GC(22) Metaspace: 119152K(125184K)->119152K(125184K) NonClass: 101709K(105024K)->101709K(105024K) Class: 17443K(20160K)->17443K(20160K)
[71.129s][info][gc             ] GC(22) Pause Young (Allocation Failure) 1501M->1023M(1979M) 51.862ms
[71.129s][info][gc,cpu         ] GC(22) User=0.05s Sys=0.00s Real=0.05s
[71.170s][info][gc,start       ] GC(23) Pause Young (Allocation Failure)
[71.213s][info][gc,heap        ] GC(23) DefNew: 629138K(629248K)->47128K(629248K) Eden: 559360K(559360K)->0K(559360K) From: 69778K(69888K)->47128K(69888K)
[71.213s][info][gc,heap        ] GC(23) Tenured: 977803K(1398144K)->1041853K(1398144K)
[71.213s][info][gc,metaspace   ] GC(23) Metaspace: 119152K(125184K)->119152K(125184K) NonClass: 101709K(105024K)->101709K(105024K) Class: 17443K(20160K)->17443K(20160K)
[71.213s][info][gc             ] GC(23) Pause Young (Allocation Failure) 1569M->1063M(1979M) 43.324ms
[71.213s][info][gc,cpu         ] GC(23) User=0.02s Sys=0.03s Real=0.05s
[71.254s][info][gc,start       ] GC(24) Pause Young (Allocation Failure)
[71.287s][info][gc,heap        ] GC(24) DefNew: 606488K(629248K)->45557K(629248K) Eden: 559360K(559360K)->0K(559360K) From: 47128K(69888K)->45557K(69888K)
[71.287s][info][gc,heap        ] GC(24) Tenured: 1041853K(1398144K)->1083614K(1398144K)
[71.287s][info][gc,metaspace   ] GC(24) Metaspace: 119153K(125184K)->119153K(125184K) NonClass: 101710K(105024K)->101710K(105024K) Class: 17443K(20160K)->17443K(20160K)
[71.287s][info][gc             ] GC(24) Pause Young (Allocation Failure) 1609M->1102M(1979M) 32.602ms
[71.287s][info][gc,cpu         ] GC(24) User=0.03s Sys=0.00s Real=0.03s
[71.342s][info][gc,start       ] GC(25) Pause Young (Allocation Failure)
[71.376s][info][gc,heap        ] GC(25) DefNew: 604917K(629248K)->27830K(629248K) Eden: 559360K(559360K)->0K(559360K) From: 45557K(69888K)->27830K(69888K)
[71.376s][info][gc,heap        ] GC(25) Tenured: 1083614K(1398144K)->1127490K(1398144K)
[71.376s][info][gc,metaspace   ] GC(25) Metaspace: 119153K(125184K)->119153K(125184K) NonClass: 101710K(105024K)->101710K(105024K) Class: 17443K(20160K)->17443K(20160K)
[71.376s][info][gc             ] GC(25) Pause Young (Allocation Failure) 1648M->1128M(1979M) 33.781ms
[71.376s][info][gc,cpu         ] GC(25) User=0.02s Sys=0.02s Real=0.03s
[71.417s][info][gc,start       ] GC(26) Pause Young (Allocation Failure)
[71.431s][info][gc,heap        ] GC(26) DefNew: 587190K(629248K)->55202K(629248K) Eden: 559360K(559360K)->0K(559360K) From: 27830K(69888K)->55202K(69888K)
[71.431s][info][gc,heap        ] GC(26) Tenured: 1127490K(1398144K)->1127490K(1398144K)
[71.431s][info][gc,metaspace   ] GC(26) Metaspace: 119153K(125184K)->119153K(125184K) NonClass: 101710K(105024K)->101710K(105024K) Class: 17443K(20160K)->17443K(20160K)
[71.431s][info][gc             ] GC(26) Pause Young (Allocation Failure) 1674M->1154M(1979M) 13.946ms
[71.431s][info][gc,cpu         ] GC(26) User=0.02s Sys=0.00s Real=0.02s
[71.480s][info][gc,start       ] GC(27) Pause Young (Allocation Failure)
[71.527s][info][gc,heap        ] GC(27) DefNew: 614562K(629248K)->67596K(629248K) Eden: 559360K(559360K)->0K(559360K) From: 55202K(69888K)->67596K(69888K)
[71.527s][info][gc,heap        ] GC(27) Tenured: 1127490K(1398144K)->1186866K(1398144K)
[71.527s][info][gc,metaspace   ] GC(27) Metaspace: 119154K(125184K)->119154K(125184K) NonClass: 101711K(105024K)->101711K(105024K) Class: 17443K(20160K)->17443K(20160K)
[71.527s][info][gc             ] GC(27) Pause Young (Allocation Failure) 1701M->1225M(1979M) 46.761ms
[71.527s][info][gc,cpu         ] GC(27) User=0.03s Sys=0.00s Real=0.05s
[71.569s][info][gc,start       ] GC(28) Pause Young (Allocation Failure)
[71.613s][info][gc,heap        ] GC(28) DefNew: 626956K(629248K)->47320K(629248K) Eden: 559360K(559360K)->0K(559360K) From: 67596K(69888K)->47320K(69888K)
[71.613s][info][gc,heap        ] GC(28) Tenured: 1186866K(1398144K)->1252493K(1398144K)
[71.613s][info][gc,metaspace   ] GC(28) Metaspace: 119157K(125184K)->119157K(125184K) NonClass: 101714K(105024K)->101714K(105024K) Class: 17443K(20160K)->17443K(20160K)
[71.613s][info][gc             ] GC(28) Pause Young (Allocation Failure) 1771M->1269M(1979M) 44.328ms
[71.613s][info][gc,cpu         ] GC(28) User=0.02s Sys=0.03s Real=0.05s
[71.653s][info][gc,start       ] GC(29) Pause Young (Allocation Failure)
[71.684s][info][gc,heap        ] GC(29) DefNew: 606680K(629248K)->22371K(629248K) Eden: 559360K(559360K)->0K(559360K) From: 47320K(69888K)->22371K(69888K)
[71.684s][info][gc,heap        ] GC(29) Tenured: 1252493K(1398144K)->1299368K(1398144K)
[71.684s][info][gc,metaspace   ] GC(29) Metaspace: 119157K(125184K)->119157K(125184K) NonClass: 101714K(105024K)->101714K(105024K) Class: 17443K(20160K)->17443K(20160K)
[71.684s][info][gc             ] GC(29) Pause Young (Allocation Failure) 1815M->1290M(1979M) 30.448ms
[71.684s][info][gc,cpu         ] GC(29) User=0.03s Sys=0.00s Real=0.04s
[71.727s][info][gc,start       ] GC(30) Pause Young (Allocation Failure)
[71.751s][info][gc,heap        ] GC(30) DefNew: 581731K(629248K)->64822K(629248K) Eden: 559360K(559360K)->0K(559360K) From: 22371K(69888K)->64822K(69888K)
[71.751s][info][gc,heap        ] GC(30) Tenured: 1299368K(1398144K)->1311868K(1398144K)
[71.751s][info][gc,metaspace   ] GC(30) Metaspace: 119158K(125184K)->119158K(125184K) NonClass: 101715K(105024K)->101715K(105024K) Class: 17443K(20160K)->17443K(20160K)
[71.751s][info][gc             ] GC(30) Pause Young (Allocation Failure) 1837M->1344M(1979M) 23.538ms
[71.751s][info][gc,cpu         ] GC(30) User=0.02s Sys=0.00s Real=0.02s
[71.811s][info][gc,start       ] GC(31) Pause Young (Allocation Failure)
[71.893s][info][gc             ] GC(31) Pause Young (Allocation Failure) 1890M->1478M(2026M) 81.764ms
[71.893s][info][gc,cpu         ] GC(31) User=0.05s Sys=0.03s Real=0.08s
[71.893s][info][gc,start       ] GC(32) Pause Full (Allocation Failure)
[71.893s][info][gc,phases,start] GC(32) Phase 1: Mark live objects
[71.990s][info][gc,phases      ] GC(32) Phase 1: Mark live objects 96.327ms
[71.990s][info][gc,phases,start] GC(32) Phase 2: Compute new object addresses
[72.003s][info][gc,phases      ] GC(32) Phase 2: Compute new object addresses 13.172ms
[72.003s][info][gc,phases,start] GC(32) Phase 3: Adjust pointers
[72.034s][info][gc,phases      ] GC(32) Phase 3: Adjust pointers 31.125ms
[72.034s][info][gc,phases,start] GC(32) Phase 4: Move objects
[72.141s][info][gc,phases      ] GC(32) Phase 4: Move objects 106.492ms
[72.160s][info][gc,heap        ] GC(32) DefNew: 624182K(629248K)->0K(629248K) Eden: 559360K(559360K)->0K(559360K) From: 64822K(69888K)->0K(69888K)
[72.160s][info][gc,heap        ] GC(32) Tenured: 1311868K(1398144K)->606503K(1398144K)
[72.160s][info][gc,metaspace   ] GC(32) Metaspace: 119158K(125184K)->110753K(122880K) NonClass: 101715K(105024K)->95468K(102912K) Class: 17443K(20160K)->15284K(19968K)
[72.160s][info][gc             ] GC(32) Pause Full (Allocation Failure) 1478M->592M(1979M) 266.627ms
[72.160s][info][gc,cpu         ] GC(32) User=0.27s Sys=0.00s Real=0.27s
[72.208s][info][gc,start       ] GC(33) Pause Young (Allocation Failure)
[72.235s][info][gc,heap        ] GC(33) DefNew: 559360K(629248K)->69870K(629248K) Eden: 559360K(559360K)->0K(559360K) From: 0K(69888K)->69870K(69888K)
[72.235s][info][gc,heap        ] GC(33) Tenured: 606503K(1398144K)->645019K(1398144K)
[72.235s][info][gc,metaspace   ] GC(33) Metaspace: 110757K(122880K)->110757K(122880K) NonClass: 95473K(102912K)->95473K(102912K) Class: 15284K(19968K)->15284K(19968K)
[72.235s][info][gc             ] GC(33) Pause Young (Allocation Failure) 1138M->698M(1979M) 27.790ms
[72.236s][info][gc,cpu         ] GC(33) User=0.02s Sys=0.00s Real=0.02s
[72.278s][info][gc,start       ] GC(34) Pause Young (Allocation Failure)
[72.307s][info][gc,heap        ] GC(34) DefNew: 629230K(629248K)->49268K(629248K) Eden: 559360K(559360K)->0K(559360K) From: 69870K(69888K)->49268K(69888K)
[72.308s][info][gc,heap        ] GC(34) Tenured: 645019K(1398144K)->711596K(1398144K)
[72.308s][info][gc,metaspace   ] GC(34) Metaspace: 110757K(122880K)->110757K(122880K) NonClass: 95473K(102912K)->95473K(102912K) Class: 15284K(19968K)->15284K(19968K)
[72.308s][info][gc             ] GC(34) Pause Young (Allocation Failure) 1244M->743M(1979M) 29.815ms
[72.308s][info][gc,cpu         ] GC(34) User=0.03s Sys=0.00s Real=0.04s
[72.366s][info][gc,start       ] GC(35) Pause Young (Allocation Failure)
[72.401s][info][gc,heap        ] GC(35) DefNew: 608628K(629248K)->69857K(629248K) Eden: 559360K(559360K)->0K(559360K) From: 49268K(69888K)->69857K(69888K)
[72.401s][info][gc,heap        ] GC(35) Tenured: 711596K(1398144K)->774811K(1398144K)
[72.401s][info][gc,metaspace   ] GC(35) Metaspace: 110757K(122880K)->110757K(122880K) NonClass: 95473K(102912K)->95473K(102912K) Class: 15284K(19968K)->15284K(19968K)
[72.401s][info][gc             ] GC(35) Pause Young (Allocation Failure) 1289M->824M(1979M) 34.700ms
[72.401s][info][gc,cpu         ] GC(35) User=0.03s Sys=0.00s Real=0.03s
[72.455s][info][gc,start       ] GC(36) Pause Young (Allocation Failure)
[72.502s][info][gc,heap        ] GC(36) DefNew: 629217K(629248K)->69875K(629248K) Eden: 559360K(559360K)->0K(559360K) From: 69857K(69888K)->69875K(69888K)
[72.520s][info][gc,heap        ] GC(36) Tenured: 774811K(1398144K)->894430K(1398144K)
[72.520s][info][gc,metaspace   ] GC(36) Metaspace: 110759K(122880K)->110759K(122880K) NonClass: 95474K(102912K)->95474K(102912K) Class: 15284K(19968K)->15284K(19968K)
[72.520s][info][gc             ] GC(36) Pause Young (Allocation Failure) 1371M->941M(1979M) 65.543ms
[72.521s][info][gc,cpu         ] GC(36) User=0.05s Sys=0.00s Real=0.06s
[72.564s][info][gc,start       ] GC(37) Pause Young (Allocation Failure)
[72.602s][info][gc,heap        ] GC(37) DefNew: 629235K(629248K)->69605K(629248K) Eden: 559360K(559360K)->0K(559360K) From: 69875K(69888K)->69605K(69888K)
[72.603s][info][gc,heap        ] GC(37) Tenured: 894430K(1398144K)->980595K(1398144K)
[72.603s][info][gc,metaspace   ] GC(37) Metaspace: 110767K(122880K)->110767K(122880K) NonClass: 95480K(102912K)->95480K(102912K) Class: 15286K(19968K)->15286K(19968K)
[72.603s][info][gc             ] GC(37) Pause Young (Allocation Failure) 1487M->1025M(1979M) 38.690ms
[72.603s][info][gc,cpu         ] GC(37) User=0.03s Sys=0.00s Real=0.03s
[72.643s][info][gc,start       ] GC(38) Pause Young (Allocation Failure)
[72.670s][info][gc,heap        ] GC(38) DefNew: 628965K(629248K)->43878K(629248K) Eden: 559360K(559360K)->0K(559360K) From: 69605K(69888K)->43878K(69888K)
[72.670s][info][gc,heap        ] GC(38) Tenured: 980595K(1398144K)->1044295K(1398144K)
[72.670s][info][gc,metaspace   ] GC(38) Metaspace: 110771K(122880K)->110771K(122880K) NonClass: 95483K(102912K)->95483K(102912K) Class: 15287K(19968K)->15287K(19968K)
[72.670s][info][gc             ] GC(38) Pause Young (Allocation Failure) 1571M->1062M(1979M) 27.153ms
[72.670s][info][gc,cpu         ] GC(38) User=0.03s Sys=0.00s Real=0.03s
[72.709s][info][gc,start       ] GC(39) Pause Young (Allocation Failure)
[72.730s][info][gc,heap        ] GC(39) DefNew: 603238K(629248K)->44606K(629248K) Eden: 559360K(559360K)->0K(559360K) From: 43878K(69888K)->44606K(69888K)
[72.730s][info][gc,heap        ] GC(39) Tenured: 1044295K(1398144K)->1079124K(1398144K)
[72.730s][info][gc,metaspace   ] GC(39) Metaspace: 110771K(122880K)->110771K(122880K) NonClass: 95483K(102912K)->95483K(102912K) Class: 15287K(19968K)->15287K(19968K)
[72.730s][info][gc             ] GC(39) Pause Young (Allocation Failure) 1608M->1097M(1979M) 20.815ms
[72.730s][info][gc,cpu         ] GC(39) User=0.02s Sys=0.00s Real=0.02s
[72.771s][info][gc,start       ] GC(40) Pause Young (Allocation Failure)
[72.790s][info][gc,heap        ] GC(40) DefNew: 603966K(629248K)->35909K(629248K) Eden: 559360K(559360K)->0K(559360K) From: 44606K(69888K)->35909K(69888K)
[72.790s][info][gc,heap        ] GC(40) Tenured: 1079124K(1398144K)->1117658K(1398144K)
[72.790s][info][gc,metaspace   ] GC(40) Metaspace: 110771K(122880K)->110771K(122880K) NonClass: 95483K(102912K)->95483K(102912K) Class: 15287K(19968K)->15287K(19968K)
[72.790s][info][gc             ] GC(40) Pause Young (Allocation Failure) 1643M->1126M(1979M) 19.309ms
[72.790s][info][gc,cpu         ] GC(40) User=0.03s Sys=0.00s Real=0.02s
[72.830s][info][gc,start       ] GC(41) Pause Young (Allocation Failure)
[72.846s][info][gc,heap        ] GC(41) DefNew: 595269K(629248K)->36882K(629248K) Eden: 559360K(559360K)->0K(559360K) From: 35909K(69888K)->36882K(69888K)
[72.846s][info][gc,heap        ] GC(41) Tenured: 1117658K(1398144K)->1153198K(1398144K)
[72.846s][info][gc,metaspace   ] GC(41) Metaspace: 110771K(122880K)->110771K(122880K) NonClass: 95483K(102912K)->95483K(102912K) Class: 15287K(19968K)->15287K(19968K)
[72.846s][info][gc             ] GC(41) Pause Young (Allocation Failure) 1672M->1162M(1979M) 16.307ms
[72.846s][info][gc,cpu         ] GC(41) User=0.03s Sys=0.00s Real=0.02s
[72.888s][info][gc,start       ] GC(42) Pause Young (Allocation Failure)
[72.910s][info][gc,heap        ] GC(42) DefNew: 596242K(629248K)->48195K(629248K) Eden: 559360K(559360K)->0K(559360K) From: 36882K(69888K)->48195K(69888K)
[72.911s][info][gc,heap        ] GC(42) Tenured: 1153198K(1398144K)->1189217K(1398144K)
[72.911s][info][gc,metaspace   ] GC(42) Metaspace: 110771K(122880K)->110771K(122880K) NonClass: 95483K(102912K)->95483K(102912K) Class: 15287K(19968K)->15287K(19968K)
[72.911s][info][gc             ] GC(42) Pause Young (Allocation Failure) 1708M->1208M(1979M) 23.078ms
[72.911s][info][gc,cpu         ] GC(42) User=0.03s Sys=0.00s Real=0.03s
[72.951s][info][gc,start       ] GC(43) Pause Young (Allocation Failure)
[72.979s][info][gc,heap        ] GC(43) DefNew: 607555K(629248K)->67697K(629248K) Eden: 559360K(559360K)->0K(559360K) From: 48195K(69888K)->67697K(69888K)
[72.979s][info][gc,heap        ] GC(43) Tenured: 1189217K(1398144K)->1236093K(1398144K)
[72.979s][info][gc,metaspace   ] GC(43) Metaspace: 110771K(122880K)->110771K(122880K) NonClass: 95483K(102912K)->95483K(102912K) Class: 15287K(19968K)->15287K(19968K)
[72.979s][info][gc             ] GC(43) Pause Young (Allocation Failure) 1754M->1273M(1979M) 28.259ms
[72.979s][info][gc,cpu         ] GC(43) User=0.03s Sys=0.00s Real=0.03s
[73.027s][info][gc,start       ] GC(44) Pause Young (Allocation Failure)
[73.051s][info][gc,heap        ] GC(44) DefNew: 627057K(629248K)->28654K(629248K) Eden: 559360K(559360K)->0K(559360K) From: 67697K(69888K)->28654K(69888K)
[73.051s][info][gc,heap        ] GC(44) Tenured: 1236093K(1398144K)->1303282K(1398144K)
[73.051s][info][gc,metaspace   ] GC(44) Metaspace: 110771K(122880K)->110771K(122880K) NonClass: 95483K(102912K)->95483K(102912K) Class: 15287K(19968K)->15287K(19968K)
[73.051s][info][gc             ] GC(44) Pause Young (Allocation Failure) 1819M->1300M(1979M) 24.805ms
[73.051s][info][gc,cpu         ] GC(44) User=0.02s Sys=0.00s Real=0.02s
[73.091s][info][gc,start       ] GC(45) Pause Young (Allocation Failure)
[73.108s][info][gc,heap        ] GC(45) DefNew: 588014K(629248K)->61866K(629248K) Eden: 559360K(559360K)->0K(559360K) From: 28654K(69888K)->61866K(69888K)
[73.108s][info][gc,heap        ] GC(45) Tenured: 1303282K(1398144K)->1303282K(1398144K)
[73.108s][info][gc,metaspace   ] GC(45) Metaspace: 110771K(122880K)->110771K(122880K) NonClass: 95483K(102912K)->95483K(102912K) Class: 15287K(19968K)->15287K(19968K)
[73.108s][info][gc             ] GC(45) Pause Young (Allocation Failure) 1846M->1333M(1979M) 17.003ms
[73.108s][info][gc,cpu         ] GC(45) User=0.02s Sys=0.00s Real=0.02s
[73.160s][info][gc,start       ] GC(46) Pause Young (Allocation Failure)
[73.196s][info][gc,heap        ] GC(46) DefNew: 621226K(629248K)->68236K(629248K) Eden: 559360K(559360K)->0K(559360K) From: 61866K(69888K)->68236K(69888K)
[73.196s][info][gc,heap        ] GC(46) Tenured: 1303282K(1398144K)->1378972K(1398144K)
[73.196s][info][gc,metaspace   ] GC(46) Metaspace: 110771K(122880K)->110771K(122880K) NonClass: 95483K(102912K)->95483K(102912K) Class: 15287K(19968K)->15287K(19968K)
[73.196s][info][gc             ] GC(46) Pause Young (Allocation Failure) 1879M->1413M(1979M) 36.275ms
[73.196s][info][gc,cpu         ] GC(46) User=0.03s Sys=0.00s Real=0.03s
[73.240s][info][gc,start       ] GC(47) Pause Young (Allocation Failure)
[73.305s][info][gc             ] GC(47) Pause Young (Allocation Failure) 1959M->1523M(2071M) 65.015ms
[73.305s][info][gc,cpu         ] GC(47) User=0.05s Sys=0.02s Real=0.06s
[73.305s][info][gc,start       ] GC(48) Pause Full (Allocation Failure)
[73.305s][info][gc,phases,start] GC(48) Phase 1: Mark live objects
[73.376s][info][gc,phases      ] GC(48) Phase 1: Mark live objects 70.910ms
[73.376s][info][gc,phases,start] GC(48) Phase 2: Compute new object addresses
[73.390s][info][gc,phases      ] GC(48) Phase 2: Compute new object addresses 14.125ms
[73.390s][info][gc,phases,start] GC(48) Phase 3: Adjust pointers
[73.425s][info][gc,phases      ] GC(48) Phase 3: Adjust pointers 34.934ms
[73.425s][info][gc,phases,start] GC(48) Phase 4: Move objects
[73.511s][info][gc,phases      ] GC(48) Phase 4: Move objects 86.153ms
[73.527s][info][gc,heap        ] GC(48) DefNew: 627596K(629248K)->0K(629248K) Eden: 559360K(559360K)->0K(559360K) From: 68236K(69888K)->0K(69888K)
[73.527s][info][gc,heap        ] GC(48) Tenured: 1378972K(1398144K)->790560K(1398144K)
[73.527s][info][gc,metaspace   ] GC(48) Metaspace: 110771K(122880K)->110771K(122880K) NonClass: 95483K(102912K)->95483K(102912K) Class: 15287K(19968K)->15287K(19968K)
[73.527s][info][gc             ] GC(48) Pause Full (Allocation Failure) 1523M->772M(1979M) 221.729ms
[73.527s][info][gc,cpu         ] GC(48) User=0.22s Sys=0.02s Real=0.23s
[73.572s][info][gc,start       ] GC(49) Pause Young (Allocation Failure)
[73.595s][info][gc,heap        ] GC(49) DefNew: 559360K(629248K)->69881K(629248K) Eden: 559360K(559360K)->0K(559360K) From: 0K(69888K)->69881K(69888K)
[73.595s][info][gc,heap        ] GC(49) Tenured: 790560K(1398144K)->808661K(1398144K)
[73.595s][info][gc,metaspace   ] GC(49) Metaspace: 110772K(122880K)->110772K(122880K) NonClass: 95484K(102912K)->95484K(102912K) Class: 15287K(19968K)->15287K(19968K)
[73.595s][info][gc             ] GC(49) Pause Young (Allocation Failure) 1318M->857M(1979M) 23.119ms
[73.595s][info][gc,cpu         ] GC(49) User=0.03s Sys=0.00s Real=0.03s
[73.646s][info][gc,start       ] GC(50) Pause Young (Allocation Failure)
[73.682s][info][gc,heap        ] GC(50) DefNew: 629241K(629248K)->69464K(629248K) Eden: 559360K(559360K)->0K(559360K) From: 69881K(69888K)->69464K(69888K)
[73.682s][info][gc,heap        ] GC(50) Tenured: 808661K(1398144K)->882226K(1398144K)
[73.682s][info][gc,metaspace   ] GC(50) Metaspace: 110772K(122880K)->110772K(122880K) NonClass: 95484K(102912K)->95484K(102912K) Class: 15287K(19968K)->15287K(19968K)
[73.682s][info][gc             ] GC(50) Pause Young (Allocation Failure) 1404M->929M(1979M) 36.120ms
[73.682s][info][gc,cpu         ] GC(50) User=0.03s Sys=0.00s Real=0.03s
[73.731s][info][gc,start       ] GC(51) Pause Young (Allocation Failure)
[73.768s][info][gc,heap        ] GC(51) DefNew: 628824K(629248K)->69687K(629248K) Eden: 559360K(559360K)->0K(559360K) From: 69464K(69888K)->69687K(69888K)
[73.768s][info][gc,heap        ] GC(51) Tenured: 882226K(1398144K)->957289K(1398144K)
[73.768s][info][gc,metaspace   ] GC(51) Metaspace: 110772K(122880K)->110772K(122880K) NonClass: 95484K(102912K)->95484K(102912K) Class: 15287K(19968K)->15287K(19968K)
[73.768s][info][gc             ] GC(51) Pause Young (Allocation Failure) 1475M->1002M(1979M) 36.833ms
[73.768s][info][gc,cpu         ] GC(51) User=0.03s Sys=0.00s Real=0.03s
[73.823s][info][gc,start       ] GC(52) Pause Young (Allocation Failure)
[73.868s][info][gc,heap        ] GC(52) DefNew: 629047K(629248K)->69870K(629248K) Eden: 559360K(559360K)->0K(559360K) From: 69687K(69888K)->69870K(69888K)
[73.868s][info][gc,heap        ] GC(52) Tenured: 957289K(1398144K)->1066579K(1398144K)
[73.868s][info][gc,metaspace   ] GC(52) Metaspace: 110772K(122880K)->110772K(122880K) NonClass: 95485K(102912K)->95485K(102912K) Class: 15287K(19968K)->15287K(19968K)
[73.868s][info][gc             ] GC(52) Pause Young (Allocation Failure) 1549M->1109M(1979M) 45.171ms
[73.868s][info][gc,cpu         ] GC(52) User=0.03s Sys=0.00s Real=0.03s
[73.917s][info][gc,start       ] GC(53) Pause Young (Allocation Failure)
[73.953s][info][gc,heap        ] GC(53) DefNew: 629230K(629248K)->69400K(629248K) Eden: 559360K(559360K)->0K(559360K) From: 69870K(69888K)->69400K(69888K)
[73.953s][info][gc,heap        ] GC(53) Tenured: 1066579K(1398144K)->1141275K(1398144K)
[73.953s][info][gc,metaspace   ] GC(53) Metaspace: 110772K(122880K)->110772K(122880K) NonClass: 95485K(102912K)->95485K(102912K) Class: 15287K(19968K)->15287K(19968K)
[73.953s][info][gc             ] GC(53) Pause Young (Allocation Failure) 1656M->1182M(1979M) 36.543ms
[73.953s][info][gc,cpu         ] GC(53) User=0.03s Sys=0.00s Real=0.03s
[73.994s][info][gc,start       ] GC(54) Pause Young (Allocation Failure)
[74.027s][info][gc,heap        ] GC(54) DefNew: 628760K(629248K)->65762K(629248K) Eden: 559360K(559360K)->0K(559360K) From: 69400K(69888K)->65762K(69888K)
[74.027s][info][gc,heap        ] GC(54) Tenured: 1141275K(1398144K)->1205845K(1398144K)
[74.027s][info][gc,metaspace   ] GC(54) Metaspace: 110772K(122880K)->110772K(122880K) NonClass: 95485K(102912K)->95485K(102912K) Class: 15287K(19968K)->15287K(19968K)
[74.027s][info][gc             ] GC(54) Pause Young (Allocation Failure) 1728M->1241M(1979M) 33.138ms
[74.027s][info][gc,cpu         ] GC(54) User=0.03s Sys=0.00s Real=0.03s
[74.067s][info][gc,start       ] GC(55) Pause Young (Allocation Failure)
[74.092s][info][gc,heap        ] GC(55) DefNew: 625122K(629248K)->39310K(629248K) Eden: 559360K(559360K)->0K(559360K) From: 65762K(69888K)->39310K(69888K)
[74.092s][info][gc,heap        ] GC(55) Tenured: 1205845K(1398144K)->1265504K(1398144K)
[74.092s][info][gc,metaspace   ] GC(55) Metaspace: 110772K(122880K)->110772K(122880K) NonClass: 95485K(102912K)->95485K(102912K) Class: 15287K(19968K)->15287K(19968K)
[74.092s][info][gc             ] GC(55) Pause Young (Allocation Failure) 1788M->1274M(1979M) 25.288ms
[74.092s][info][gc,cpu         ] GC(55) User=0.02s Sys=0.00s Real=0.02s
[74.132s][info][gc,start       ] GC(56) Pause Young (Allocation Failure)
[74.150s][info][gc,heap        ] GC(56) DefNew: 598670K(629248K)->35319K(629248K) Eden: 559360K(559360K)->0K(559360K) From: 39310K(69888K)->35319K(69888K)
[74.150s][info][gc,heap        ] GC(56) Tenured: 1265504K(1398144K)->1300171K(1398144K)
[74.150s][info][gc,metaspace   ] GC(56) Metaspace: 110772K(122880K)->110772K(122880K) NonClass: 95485K(102912K)->95485K(102912K) Class: 15287K(19968K)->15287K(19968K)
[74.150s][info][gc             ] GC(56) Pause Young (Allocation Failure) 1820M->1304M(1979M) 18.639ms
[74.150s][info][gc,cpu         ] GC(56) User=0.02s Sys=0.00s Real=0.02s
[74.190s][info][gc,start       ] GC(57) Pause Young (Allocation Failure)
[74.208s][info][gc,heap        ] GC(57) DefNew: 594679K(629248K)->52777K(629248K) Eden: 559360K(559360K)->0K(559360K) From: 35319K(69888K)->52777K(69888K)
[74.208s][info][gc,heap        ] GC(57) Tenured: 1300171K(1398144K)->1333237K(1398144K)
[74.209s][info][gc,metaspace   ] GC(57) Metaspace: 110772K(122880K)->110772K(122880K) NonClass: 95485K(102912K)->95485K(102912K) Class: 15287K(19968K)->15287K(19968K)
[74.209s][info][gc             ] GC(57) Pause Young (Allocation Failure) 1850M->1353M(1979M) 18.289ms
[74.209s][info][gc,cpu         ] GC(57) User=0.02s Sys=0.00s Real=0.02s
[74.256s][info][gc,start       ] GC(58) Pause Young (Allocation Failure)
[74.283s][info][gc,heap        ] GC(58) DefNew: 612137K(629248K)->52030K(629248K) Eden: 559360K(559360K)->0K(559360K) From: 52777K(69888K)->52030K(69888K)
[74.283s][info][gc,heap        ] GC(58) Tenured: 1333237K(1398144K)->1385582K(1398144K)
[74.283s][info][gc,metaspace   ] GC(58) Metaspace: 110772K(122880K)->110772K(122880K) NonClass: 95485K(102912K)->95485K(102912K) Class: 15287K(19968K)->15287K(19968K)
[74.283s][info][gc             ] GC(58) Pause Young (Allocation Failure) 1899M->1403M(1979M) 27.311ms
[74.283s][info][gc,cpu         ] GC(58) User=0.02s Sys=0.00s Real=0.02s
[74.323s][info][gc,start       ] GC(59) Pause Young (Allocation Failure)
[74.357s][info][gc             ] GC(59) Pause Young (Allocation Failure) 1950M->1445M(2019M) 33.422ms
[74.357s][info][gc,cpu         ] GC(59) User=0.02s Sys=0.02s Real=0.03s
[74.357s][info][gc,start       ] GC(60) Pause Full (Allocation Failure)
[74.357s][info][gc,phases,start] GC(60) Phase 1: Mark live objects
[74.419s][info][gc,phases      ] GC(60) Phase 1: Mark live objects 61.710ms
[74.419s][info][gc,phases,start] GC(60) Phase 2: Compute new object addresses
[74.431s][info][gc,phases      ] GC(60) Phase 2: Compute new object addresses 12.622ms
[74.431s][info][gc,phases,start] GC(60) Phase 3: Adjust pointers
[74.460s][info][gc,phases      ] GC(60) Phase 3: Adjust pointers 29.041ms
[74.460s][info][gc,phases,start] GC(60) Phase 4: Move objects
[74.598s][info][gc,phases      ] GC(60) Phase 4: Move objects 137.158ms
[74.599s][info][gc,heap        ] GC(60) DefNew: 611390K(629248K)->0K(679168K) Eden: 559360K(559360K)->0K(603712K) From: 52030K(69888K)->0K(75456K)
[74.599s][info][gc,heap        ] GC(60) Tenured: 1385582K(1398144K)->905466K(1509112K)
[74.599s][info][gc,metaspace   ] GC(60) Metaspace: 110772K(122880K)->110772K(122880K) NonClass: 95485K(102912K)->95485K(102912K) Class: 15287K(19968K)->15287K(19968K)
[74.599s][info][gc             ] GC(60) Pause Full (Allocation Failure) 1445M->884M(2136M) 242.002ms
[74.599s][info][gc,cpu         ] GC(60) User=0.25s Sys=0.00s Real=0.25s
[74.642s][info][gc,start       ] GC(61) Pause Young (Allocation Failure)
[74.658s][info][gc,heap        ] GC(61) DefNew: 603712K(679168K)->39017K(679168K) Eden: 603712K(603712K)->0K(603712K) From: 0K(75456K)->39017K(75456K)
[74.658s][info][gc,heap        ] GC(61) Tenured: 905466K(1509112K)->905466K(1509112K)
[74.658s][info][gc,metaspace   ] GC(61) Metaspace: 110772K(122880K)->110772K(122880K) NonClass: 95485K(102912K)->95485K(102912K) Class: 15287K(19968K)->15287K(19968K)
[74.658s][info][gc             ] GC(61) Pause Young (Allocation Failure) 1473M->922M(2136M) 16.123ms
[74.658s][info][gc,cpu         ] GC(61) User=0.02s Sys=0.00s Real=0.01s
[74.702s][info][gc,start       ] GC(62) Pause Young (Allocation Failure)
[74.729s][info][gc,heap        ] GC(62) DefNew: 642729K(679168K)->67881K(679168K) Eden: 603712K(603712K)->0K(603712K) From: 39017K(75456K)->67881K(75456K)
[74.729s][info][gc,heap        ] GC(62) Tenured: 905466K(1509112K)->944012K(1509112K)
[74.729s][info][gc,metaspace   ] GC(62) Metaspace: 110772K(122880K)->110772K(122880K) NonClass: 95485K(102912K)->95485K(102912K) Class: 15287K(19968K)->15287K(19968K)
[74.729s][info][gc             ] GC(62) Pause Young (Allocation Failure) 1511M->988M(2136M) 26.964ms
[74.729s][info][gc,cpu         ] GC(62) User=0.02s Sys=0.00s Real=0.02s
[74.776s][info][gc,start       ] GC(63) Pause Young (Allocation Failure)
[74.820s][info][gc,heap        ] GC(63) DefNew: 671593K(679168K)->73437K(679168K) Eden: 603712K(603712K)->0K(603712K) From: 67881K(75456K)->73437K(75456K)
[74.820s][info][gc,heap        ] GC(63) Tenured: 944012K(1509112K)->1015327K(1509112K)
[74.820s][info][gc,metaspace   ] GC(63) Metaspace: 110772K(122880K)->110772K(122880K) NonClass: 95485K(102912K)->95485K(102912K) Class: 15287K(19968K)->15287K(19968K)
[74.820s][info][gc             ] GC(63) Pause Young (Allocation Failure) 1577M->1063M(2136M) 43.937ms
[74.820s][info][gc,cpu         ] GC(63) User=0.03s Sys=0.00s Real=0.03s
[74.871s][info][gc,start       ] GC(64) Pause Young (Allocation Failure)
[74.916s][info][gc,heap        ] GC(64) DefNew: 677149K(679168K)->75424K(679168K) Eden: 603712K(603712K)->0K(603712K) From: 73437K(75456K)->75424K(75456K)
[74.916s][info][gc,heap        ] GC(64) Tenured: 1015327K(1509112K)->1128196K(1509112K)
[74.916s][info][gc,metaspace   ] GC(64) Metaspace: 110772K(122880K)->110772K(122880K) NonClass: 95485K(102912K)->95485K(102912K) Class: 15287K(19968K)->15287K(19968K)
[74.916s][info][gc             ] GC(64) Pause Young (Allocation Failure) 1652M->1175M(2136M) 45.222ms
[74.916s][info][gc,cpu         ] GC(64) User=0.03s Sys=0.00s Real=0.03s
[74.967s][info][gc,start       ] GC(65) Pause Young (Allocation Failure)
[75.009s][info][gc,heap        ] GC(65) DefNew: 679136K(679168K)->75229K(679168K) Eden: 603712K(603712K)->0K(603712K) From: 75424K(75456K)->75229K(75456K)
[75.009s][info][gc,heap        ] GC(65) Tenured: 1128196K(1509112K)->1218200K(1509112K)
[75.009s][info][gc,metaspace   ] GC(65) Metaspace: 110772K(122880K)->110772K(122880K) NonClass: 95485K(102912K)->95485K(102912K) Class: 15287K(19968K)->15287K(19968K)
[75.009s][info][gc             ] GC(65) Pause Young (Allocation Failure) 1764M->1263M(2136M) 42.077ms
[75.009s][info][gc,cpu         ] GC(65) User=0.03s Sys=0.00s Real=0.03s
[75.062s][info][gc,start       ] GC(66) Pause Young (Allocation Failure)
[75.098s][info][gc,heap        ] GC(66) DefNew: 678941K(679168K)->69270K(679168K) Eden: 603712K(603712K)->0K(603712K) From: 75229K(75456K)->69270K(75456K)
[75.098s][info][gc,heap        ] GC(66) Tenured: 1218200K(1509112K)->1290829K(1509112K)
[75.098s][info][gc,metaspace   ] GC(66) Metaspace: 110772K(122880K)->110772K(122880K) NonClass: 95485K(102912K)->95485K(102912K) Class: 15287K(19968K)->15287K(19968K)
[75.098s][info][gc             ] GC(66) Pause Young (Allocation Failure) 1852M->1328M(2136M) 36.044ms
[75.099s][info][gc,cpu         ] GC(66) User=0.03s Sys=0.00s Real=0.03s
[75.150s][info][gc,start       ] GC(67) Pause Young (Allocation Failure)
[75.194s][info][gc,heap        ] GC(67) DefNew: 672982K(679168K)->75455K(679168K) Eden: 603712K(603712K)->0K(603712K) From: 69270K(75456K)->75455K(75456K)
[75.195s][info][gc,heap        ] GC(67) Tenured: 1290829K(1509112K)->1392541K(1509112K)
[75.195s][info][gc,metaspace   ] GC(67) Metaspace: 110774K(122880K)->110774K(122880K) NonClass: 95486K(102912K)->95486K(102912K) Class: 15287K(19968K)->15287K(19968K)
[75.195s][info][gc             ] GC(67) Pause Young (Allocation Failure) 1917M->1433M(2136M) 44.218ms
[75.195s][info][gc,cpu         ] GC(67) User=0.03s Sys=0.00s Real=0.03s
[75.244s][info][gc,start       ] GC(68) Pause Young (Allocation Failure)
[75.295s][info][gc,heap        ] GC(68) DefNew: 679167K(679168K)->75265K(679168K) Eden: 603712K(603712K)->0K(603712K) From: 75455K(75456K)->75265K(75456K)
[75.295s][info][gc,heap        ] GC(68) Tenured: 1392541K(1509112K)->1480610K(1509112K)
[75.295s][info][gc,metaspace   ] GC(68) Metaspace: 110776K(122880K)->110776K(122880K) NonClass: 95489K(102912K)->95489K(102912K) Class: 15287K(19968K)->15287K(19968K)
[75.295s][info][gc             ] GC(68) Pause Young (Allocation Failure) 2023M->1519M(2136M) 50.985ms
[75.295s][info][gc,cpu         ] GC(68) User=0.03s Sys=0.02s Real=0.05s
[75.353s][info][gc,start       ] GC(69) Pause Young (Allocation Failure)
[75.413s][info][gc             ] GC(69) Pause Young (Allocation Failure) 2108M->1598M(2188M) 59.391ms
[75.413s][info][gc,cpu         ] GC(69) User=0.02s Sys=0.03s Real=0.05s
[75.413s][info][gc,start       ] GC(70) Pause Full (Allocation Failure)
[75.413s][info][gc,phases,start] GC(70) Phase 1: Mark live objects
[75.466s][info][gc,phases      ] GC(70) Phase 1: Mark live objects 52.861ms
[75.466s][info][gc,phases,start] GC(70) Phase 2: Compute new object addresses
[75.479s][info][gc,phases      ] GC(70) Phase 2: Compute new object addresses 12.675ms
[75.479s][info][gc,phases,start] GC(70) Phase 3: Adjust pointers
[75.509s][info][gc,phases      ] GC(70) Phase 3: Adjust pointers 30.470ms
[75.509s][info][gc,phases,start] GC(70) Phase 4: Move objects
[75.719s][info][gc,phases      ] GC(70) Phase 4: Move objects 210.067ms
[75.720s][info][gc,heap        ] GC(70) DefNew: 678977K(679168K)->0K(709120K) Eden: 603712K(603712K)->0K(630336K) From: 75265K(75456K)->0K(78784K)
[75.720s][info][gc,heap        ] GC(70) Tenured: 1480610K(1509112K)->945437K(1575732K)
[75.720s][info][gc,metaspace   ] GC(70) Metaspace: 110776K(122880K)->110776K(122880K) NonClass: 95489K(102912K)->95489K(102912K) Class: 15287K(19968K)->15287K(19968K)
[75.720s][info][gc             ] GC(70) Pause Full (Allocation Failure) 1598M->923M(2231M) 307.530ms
[75.720s][info][gc,cpu         ] GC(70) User=0.31s Sys=0.00s Real=0.31s
[75.766s][info][gc,start       ] GC(71) Pause Young (Allocation Failure)
[75.783s][info][gc,heap        ] GC(71) DefNew: 630336K(709120K)->52449K(709120K) Eden: 630336K(630336K)->0K(630336K) From: 0K(78784K)->52449K(78784K)
[75.783s][info][gc,heap        ] GC(71) Tenured: 945437K(1575732K)->945437K(1575732K)
[75.783s][info][gc,metaspace   ] GC(71) Metaspace: 110776K(122880K)->110776K(122880K) NonClass: 95489K(102912K)->95489K(102912K) Class: 15287K(19968K)->15287K(19968K)
[75.783s][info][gc             ] GC(71) Pause Young (Allocation Failure) 1538M->974M(2231M) 16.844ms
[75.783s][info][gc,cpu         ] GC(71) User=0.02s Sys=0.00s Real=0.02s
[75.829s][info][gc,start       ] GC(72) Pause Young (Allocation Failure)
[75.851s][info][gc,heap        ] GC(72) DefNew: 682785K(709120K)->42376K(709120K) Eden: 630336K(630336K)->0K(630336K) From: 52449K(78784K)->42376K(78784K)
[75.851s][info][gc,heap        ] GC(72) Tenured: 945437K(1575732K)->991049K(1575732K)
[75.851s][info][gc,metaspace   ] GC(72) Metaspace: 110776K(122880K)->110776K(122880K) NonClass: 95489K(102912K)->95489K(102912K) Class: 15287K(19968K)->15287K(19968K)
[75.851s][info][gc             ] GC(72) Pause Young (Allocation Failure) 1590M->1009M(2231M) 22.840ms
[75.851s][info][gc,cpu         ] GC(72) User=0.02s Sys=0.00s Real=0.02s
[75.898s][info][gc,start       ] GC(73) Pause Young (Allocation Failure)
[75.926s][info][gc,heap        ] GC(73) DefNew: 672712K(709120K)->61767K(709120K) Eden: 630336K(630336K)->0K(630336K) From: 42376K(78784K)->61767K(78784K)
[75.926s][info][gc,heap        ] GC(73) Tenured: 991049K(1575732K)->1030366K(1575732K)
[75.926s][info][gc,metaspace   ] GC(73) Metaspace: 110776K(122880K)->110776K(122880K) NonClass: 95489K(102912K)->95489K(102912K) Class: 15287K(19968K)->15287K(19968K)
[75.926s][info][gc             ] GC(73) Pause Young (Allocation Failure) 1624M->1066M(2231M) 28.047ms
[75.926s][info][gc,cpu         ] GC(73) User=0.03s Sys=0.02s Real=0.04s
[75.971s][info][gc,start       ] GC(74) Pause Young (Allocation Failure)
[75.992s][info][gc,heap        ] GC(74) DefNew: 692103K(709120K)->41840K(709120K) Eden: 630336K(630336K)->0K(630336K) From: 61767K(78784K)->41840K(78784K)
[75.992s][info][gc,heap        ] GC(74) Tenured: 1030366K(1575732K)->1091305K(1575732K)
[75.992s][info][gc,metaspace   ] GC(74) Metaspace: 110776K(122880K)->110776K(122880K) NonClass: 95489K(102912K)->95489K(102912K) Class: 15287K(19968K)->15287K(19968K)
[75.992s][info][gc             ] GC(74) Pause Young (Allocation Failure) 1682M->1106M(2231M) 21.164ms
[75.992s][info][gc,cpu         ] GC(74) User=0.02s Sys=0.00s Real=0.02s
[76.055s][info][gc,start       ] GC(75) Pause Young (Allocation Failure)
[76.088s][info][gc,heap        ] GC(75) DefNew: 672176K(709120K)->70557K(709120K) Eden: 630336K(630336K)->0K(630336K) From: 41840K(78784K)->70557K(78784K)
[76.088s][info][gc,heap        ] GC(75) Tenured: 1091305K(1575732K)->1131931K(1575732K)
[76.088s][info][gc,metaspace   ] GC(75) Metaspace: 110776K(122880K)->110776K(122880K) NonClass: 95489K(102912K)->95489K(102912K) Class: 15287K(19968K)->15287K(19968K)
[76.088s][info][gc             ] GC(75) Pause Young (Allocation Failure) 1722M->1174M(2231M) 32.971ms
[76.088s][info][gc,cpu         ] GC(75) User=0.03s Sys=0.00s Real=0.03s
[76.151s][info][gc,start       ] GC(76) Pause Young (Allocation Failure)
[76.185s][info][gc,heap        ] GC(76) DefNew: 700893K(709120K)->65063K(709120K) Eden: 630336K(630336K)->0K(630336K) From: 70557K(78784K)->65063K(78784K)
[76.185s][info][gc,heap        ] GC(76) Tenured: 1131931K(1575732K)->1202054K(1575732K)
[76.185s][info][gc,metaspace   ] GC(76) Metaspace: 110776K(122880K)->110776K(122880K) NonClass: 95489K(102912K)->95489K(102912K) Class: 15287K(19968K)->15287K(19968K)
[76.185s][info][gc             ] GC(76) Pause Young (Allocation Failure) 1789M->1237M(2231M) 34.549ms
[76.185s][info][gc,cpu         ] GC(76) User=0.03s Sys=0.00s Real=0.03s
[76.235s][info][gc,start       ] GC(77) Pause Young (Allocation Failure)
[76.262s][info][gc,heap        ] GC(77) DefNew: 695399K(709120K)->40904K(709120K) Eden: 630336K(630336K)->0K(630336K) From: 65063K(78784K)->40904K(78784K)
[76.262s][info][gc,heap        ] GC(77) Tenured: 1202054K(1575732K)->1266030K(1575732K)
[76.262s][info][gc,metaspace   ] GC(77) Metaspace: 110776K(122880K)->110776K(122880K) NonClass: 95489K(102912K)->95489K(102912K) Class: 15287K(19968K)->15287K(19968K)
[76.262s][info][gc             ] GC(77) Pause Young (Allocation Failure) 1852M->1276M(2231M) 26.872ms
[76.262s][info][gc,cpu         ] GC(77) User=0.02s Sys=0.00s Real=0.01s
[76.313s][info][gc,start       ] GC(78) Pause Young (Allocation Failure)
[76.355s][info][gc,heap        ] GC(78) DefNew: 671240K(709120K)->78090K(709120K) Eden: 630336K(630336K)->0K(630336K) From: 40904K(78784K)->78090K(78784K)
[76.355s][info][gc,heap        ] GC(78) Tenured: 1266030K(1575732K)->1358041K(1575732K)
[76.355s][info][gc,metaspace   ] GC(78) Metaspace: 110777K(122880K)->110777K(122880K) NonClass: 95489K(102912K)->95489K(102912K) Class: 15287K(19968K)->15287K(19968K)
[76.355s][info][gc             ] GC(78) Pause Young (Allocation Failure) 1891M->1402M(2231M) 41.603ms
[76.355s][info][gc,cpu         ] GC(78) User=0.03s Sys=0.00s Real=0.03s
[76.402s][info][gc,start       ] GC(79) Pause Young (Allocation Failure)
[76.436s][info][gc,heap        ] GC(79) DefNew: 708426K(709120K)->63523K(709120K) Eden: 630336K(630336K)->0K(630336K) From: 78090K(78784K)->63523K(78784K)
[76.437s][info][gc,heap        ] GC(79) Tenured: 1358041K(1575732K)->1433894K(1575732K)
[76.437s][info][gc,metaspace   ] GC(79) Metaspace: 110777K(122880K)->110777K(122880K) NonClass: 95489K(102912K)->95489K(102912K) Class: 15287K(19968K)->15287K(19968K)
[76.437s][info][gc             ] GC(79) Pause Young (Allocation Failure) 2018M->1462M(2231M) 34.734ms
[76.437s][info][gc,cpu         ] GC(79) User=0.03s Sys=0.00s Real=0.03s
[76.495s][info][gc,start       ] GC(80) Pause Young (Allocation Failure)
[76.546s][info][gc,heap        ] GC(80) DefNew: 693859K(709120K)->78756K(709120K) Eden: 630336K(630336K)->0K(630336K) From: 63523K(78784K)->78756K(78784K)
[76.546s][info][gc,heap        ] GC(80) Tenured: 1433894K(1575732K)->1506877K(1575732K)
[76.546s][info][gc,metaspace   ] GC(80) Metaspace: 110777K(122880K)->110777K(122880K) NonClass: 95489K(102912K)->95489K(102912K) Class: 15287K(19968K)->15287K(19968K)
[76.546s][info][gc             ] GC(80) Pause Young (Allocation Failure) 2077M->1548M(2231M) 50.295ms
[76.546s][info][gc,cpu         ] GC(80) User=0.03s Sys=0.00s Real=0.04s
[76.598s][info][gc,start       ] GC(81) Pause Young (Allocation Failure)
[76.665s][info][gc             ] GC(81) Pause Young (Allocation Failure) 2164M->1669M(2285M) 67.813ms
[76.665s][info][gc,cpu         ] GC(81) User=0.06s Sys=0.00s Real=0.06s
[76.666s][info][gc,start       ] GC(82) Pause Full (Allocation Failure)
[76.666s][info][gc,phases,start] GC(82) Phase 1: Mark live objects
[76.725s][info][gc,phases      ] GC(82) Phase 1: Mark live objects 59.434ms
[76.725s][info][gc,phases,start] GC(82) Phase 2: Compute new object addresses
[76.741s][info][gc,phases      ] GC(82) Phase 2: Compute new object addresses 15.777ms
[76.741s][info][gc,phases,start] GC(82) Phase 3: Adjust pointers
[76.769s][info][gc,phases      ] GC(82) Phase 3: Adjust pointers 28.201ms
[76.769s][info][gc,phases,start] GC(82) Phase 4: Move objects
[76.851s][info][gc,phases      ] GC(82) Phase 4: Move objects 82.261ms
[76.854s][info][gc,heap        ] GC(82) DefNew: 709092K(709120K)->0K(949312K) Eden: 630336K(630336K)->0K(843840K) From: 78756K(78784K)->0K(105472K)
[76.854s][info][gc,heap        ] GC(82) Tenured: 1506877K(1575732K)->1265676K(2109464K)
[76.854s][info][gc,metaspace   ] GC(82) Metaspace: 110778K(122880K)->110778K(122880K) NonClass: 95489K(102912K)->95489K(102912K) Class: 15288K(19968K)->15288K(19968K)
[76.854s][info][gc             ] GC(82) Pause Full (Allocation Failure) 1669M->1236M(2987M) 188.618ms
[76.854s][info][gc,cpu         ] GC(82) User=0.19s Sys=0.00s Real=0.19s
[76.941s][info][gc,start       ] GC(83) Pause Young (Allocation Failure)
[76.993s][info][gc,heap        ] GC(83) DefNew: 843840K(949312K)->103944K(949312K) Eden: 843840K(843840K)->0K(843840K) From: 0K(105472K)->103944K(105472K)
[76.993s][info][gc,heap        ] GC(83) Tenured: 1265676K(2109464K)->1265676K(2109464K)
[76.993s][info][gc,metaspace   ] GC(83) Metaspace: 110778K(122880K)->110778K(122880K) NonClass: 95490K(102912K)->95490K(102912K) Class: 15288K(19968K)->15288K(19968K)
[76.993s][info][gc             ] GC(83) Pause Young (Allocation Failure) 2060M->1337M(2987M) 52.047ms
[76.993s][info][gc,cpu         ] GC(83) User=0.00s Sys=0.05s Real=0.05s
[77.071s][info][gc,start       ] GC(84) Pause Young (Allocation Failure)
[77.146s][info][gc,heap        ] GC(84) DefNew: 947784K(949312K)->99254K(949312K) Eden: 843840K(843840K)->0K(843840K) From: 103944K(105472K)->99254K(105472K)
[77.146s][info][gc,heap        ] GC(84) Tenured: 1265676K(2109464K)->1358474K(2109464K)
[77.146s][info][gc,metaspace   ] GC(84) Metaspace: 110778K(122880K)->110778K(122880K) NonClass: 95490K(102912K)->95490K(102912K) Class: 15288K(19968K)->15288K(19968K)
[77.146s][info][gc             ] GC(84) Pause Young (Allocation Failure) 2161M->1423M(2987M) 74.475ms
[77.146s][info][gc,cpu         ] GC(84) User=0.02s Sys=0.05s Real=0.06s
[77.280s][info][gc,start       ] GC(85) Pause Young (Allocation Failure)
[77.326s][info][gc,heap        ] GC(85) DefNew: 943094K(949312K)->82950K(949312K) Eden: 843840K(843840K)->0K(843840K) From: 99254K(105472K)->82950K(105472K)
[77.326s][info][gc,heap        ] GC(85) Tenured: 1358474K(2109464K)->1445798K(2109464K)
[77.326s][info][gc,metaspace   ] GC(85) Metaspace: 110778K(122880K)->110778K(122880K) NonClass: 95490K(102912K)->95490K(102912K) Class: 15288K(19968K)->15288K(19968K)
[77.326s][info][gc             ] GC(85) Pause Young (Allocation Failure) 2247M->1492M(2987M) 46.213ms
[77.326s][info][gc,cpu         ] GC(85) User=0.05s Sys=0.00s Real=0.05s
[77.390s][info][gc,start       ] GC(86) Pause Young (Allocation Failure)
[77.423s][info][gc,heap        ] GC(86) DefNew: 926790K(949312K)->54443K(949312K) Eden: 843840K(843840K)->0K(843840K) From: 82950K(105472K)->54443K(105472K)
[77.423s][info][gc,heap        ] GC(86) Tenured: 1445798K(2109464K)->1521605K(2109464K)
[77.423s][info][gc,metaspace   ] GC(86) Metaspace: 110810K(122880K)->110810K(122880K) NonClass: 95509K(102912K)->95509K(102912K) Class: 15301K(19968K)->15301K(19968K)
[77.423s][info][gc             ] GC(86) Pause Young (Allocation Failure) 2316M->1539M(2987M) 32.838ms
[77.423s][info][gc,cpu         ] GC(86) User=0.03s Sys=0.00s Real=0.03s
[77.489s][info][gc,start       ] GC(87) Pause Young (Allocation Failure)
[77.524s][info][gc,heap        ] GC(87) DefNew: 898283K(949312K)->87441K(949312K) Eden: 843840K(843840K)->0K(843840K) From: 54443K(105472K)->87441K(105472K)
[77.524s][info][gc,heap        ] GC(87) Tenured: 1521605K(2109464K)->1570069K(2109464K)
[77.524s][info][gc,metaspace   ] GC(87) Metaspace: 110845K(122880K)->110845K(122880K) NonClass: 95535K(102912K)->95535K(102912K) Class: 15310K(19968K)->15310K(19968K)
[77.524s][info][gc             ] GC(87) Pause Young (Allocation Failure) 2363M->1618M(2987M) 35.396ms
[77.524s][info][gc,cpu         ] GC(87) User=0.03s Sys=0.00s Real=0.03s
[77.591s][info][gc,start       ] GC(88) Pause Young (Allocation Failure)
[77.638s][info][gc,heap        ] GC(88) DefNew: 931281K(949312K)->81087K(949312K) Eden: 843840K(843840K)->0K(843840K) From: 87441K(105472K)->81087K(105472K)
[77.638s][info][gc,heap        ] GC(88) Tenured: 1570069K(2109464K)->1655345K(2109464K)
[77.638s][info][gc,metaspace   ] GC(88) Metaspace: 110867K(122880K)->110867K(122880K) NonClass: 95550K(102912K)->95550K(102912K) Class: 15317K(19968K)->15317K(19968K)
[77.638s][info][gc             ] GC(88) Pause Young (Allocation Failure) 2442M->1695M(2987M) 47.593ms
[77.638s][info][gc,cpu         ] GC(88) User=0.05s Sys=0.00s Real=0.05s
[77.761s][info][gc,start       ] GC(89) Pause Young (Allocation Failure)
[77.824s][info][gc,heap        ] GC(89) DefNew: 924927K(949312K)->85461K(949312K) Eden: 843840K(843840K)->0K(843840K) From: 81087K(105472K)->85461K(105472K)
[77.824s][info][gc,heap        ] GC(89) Tenured: 1655345K(2109464K)->1733312K(2109464K)
[77.824s][info][gc,metaspace   ] GC(89) Metaspace: 110891K(122880K)->110891K(122880K) NonClass: 95569K(102912K)->95569K(102912K) Class: 15322K(19968K)->15322K(19968K)
[77.824s][info][gc             ] GC(89) Pause Young (Allocation Failure) 2519M->1776M(2987M) 62.793ms
[77.824s][info][gc,cpu         ] GC(89) User=0.03s Sys=0.03s Real=0.06s
[77.898s][info][gc,start       ] GC(90) Pause Young (Allocation Failure)
[77.978s][info][gc,heap        ] GC(90) DefNew: 929301K(949312K)->104947K(949312K) Eden: 843840K(843840K)->0K(843840K) From: 85461K(105472K)->104947K(105472K)
[77.978s][info][gc,heap        ] GC(90) Tenured: 1733312K(2109464K)->1843786K(2109464K)
[77.978s][info][gc,metaspace   ] GC(90) Metaspace: 110944K(122880K)->110944K(122880K) NonClass: 95614K(102912K)->95614K(102912K) Class: 15329K(19968K)->15329K(19968K)
[77.978s][info][gc             ] GC(90) Pause Young (Allocation Failure) 2600M->1903M(2987M) 80.068ms
[77.978s][info][gc,cpu         ] GC(90) User=0.05s Sys=0.03s Real=0.08s
[78.043s][info][gc,start       ] GC(91) Pause Young (Allocation Failure)
[78.115s][info][gc,heap        ] GC(91) DefNew: 948787K(949312K)->92771K(949312K) Eden: 843840K(843840K)->0K(843840K) From: 104947K(105472K)->92771K(105472K)
[78.115s][info][gc,heap        ] GC(91) Tenured: 1843786K(2109464K)->1946247K(2109464K)
[78.115s][info][gc,metaspace   ] GC(91) Metaspace: 110957K(122880K)->110957K(122880K) NonClass: 95625K(102912K)->95625K(102912K) Class: 15332K(19968K)->15332K(19968K)
[78.116s][info][gc             ] GC(91) Pause Young (Allocation Failure) 2727M->1991M(2987M) 72.558ms
[78.116s][info][gc,cpu         ] GC(91) User=0.03s Sys=0.03s Real=0.06s
[78.194s][info][gc,start       ] GC(92) Pause Young (Allocation Failure)
[78.281s][info][gc,heap        ] GC(92) DefNew: 936611K(949312K)->105454K(949312K) Eden: 843840K(843840K)->0K(843840K) From: 92771K(105472K)->105454K(105472K)
[78.281s][info][gc,heap        ] GC(92) Tenured: 1946247K(2109464K)->2065601K(2109464K)
[78.281s][info][gc,metaspace   ] GC(92) Metaspace: 110989K(122880K)->110989K(122880K) NonClass: 95656K(102912K)->95656K(102912K) Class: 15333K(19968K)->15333K(19968K)
[78.281s][info][gc             ] GC(92) Pause Young (Allocation Failure) 2815M->2120M(2987M) 86.275ms
[78.281s][info][gc,cpu         ] GC(92) User=0.05s Sys=0.03s Real=0.08s
[78.360s][info][gc,start       ] GC(93) Pause Young (Allocation Failure)
[78.440s][info][gc             ] GC(93) Pause Young (Allocation Failure) 2944M->2221M(3046M) 79.367ms
[78.440s][info][gc,cpu         ] GC(93) User=0.06s Sys=0.02s Real=0.08s
[78.440s][info][gc,start       ] GC(94) Pause Full (Allocation Failure)
[78.440s][info][gc,phases,start] GC(94) Phase 1: Mark live objects
[78.493s][info][gc,phases      ] GC(94) Phase 1: Mark live objects 52.799ms
[78.493s][info][gc,phases,start] GC(94) Phase 2: Compute new object addresses
[78.506s][info][gc,phases      ] GC(94) Phase 2: Compute new object addresses 12.780ms
[78.506s][info][gc,phases,start] GC(94) Phase 3: Adjust pointers
[78.535s][info][gc,phases      ] GC(94) Phase 3: Adjust pointers 29.354ms
[78.535s][info][gc,phases,start] GC(94) Phase 4: Move objects
[78.638s][info][gc,phases      ] GC(94) Phase 4: Move objects 103.503ms
[78.640s][info][gc,heap        ] GC(94) DefNew: 949294K(949312K)->0K(1065600K) Eden: 843840K(843840K)->0K(947200K) From: 105454K(105472K)->0K(118400K)
[78.641s][info][gc,heap        ] GC(94) Tenured: 2065601K(2109464K)->1420726K(2367880K)
[78.641s][info][gc,metaspace   ] GC(94) Metaspace: 111045K(122880K)->111045K(122880K) NonClass: 95709K(102912K)->95709K(102912K) Class: 15335K(19968K)->15335K(19968K)
[78.641s][info][gc             ] GC(94) Pause Full (Allocation Failure) 2221M->1387M(3353M) 200.692ms
[78.641s][info][gc,cpu         ] GC(94) User=0.19s Sys=0.00s Real=0.19s
[78.725s][info][gc,start       ] GC(95) Pause Young (Allocation Failure)
[78.786s][info][gc,heap        ] GC(95) DefNew: 947200K(1065600K)->118400K(1065600K) Eden: 947200K(947200K)->0K(947200K) From: 0K(118400K)->118400K(118400K)
[78.786s][info][gc,heap        ] GC(95) Tenured: 1420726K(2367880K)->1429824K(2367880K)
[78.787s][info][gc,metaspace   ] GC(95) Metaspace: 111082K(122880K)->111082K(122880K) NonClass: 95739K(102912K)->95739K(102912K) Class: 15343K(19968K)->15343K(19968K)
[78.787s][info][gc             ] GC(95) Pause Young (Allocation Failure) 2312M->1511M(3353M) 61.603ms
[78.787s][info][gc,cpu         ] GC(95) User=0.08s Sys=0.02s Real=0.06s
[79.171s][info][gc,start       ] GC(96) Pause Young (Allocation Failure)
[79.215s][info][gc,heap        ] GC(96) DefNew: 1065600K(1065600K)->69302K(1065600K) Eden: 947200K(947200K)->0K(947200K) From: 118400K(118400K)->69302K(118400K)
[79.215s][info][gc,heap        ] GC(96) Tenured: 1429824K(2367880K)->1532828K(2367880K)
[79.215s][info][gc,metaspace   ] GC(96) Metaspace: 111994K(122880K)->111994K(122880K) NonClass: 96522K(102912K)->96522K(102912K) Class: 15472K(19968K)->15472K(19968K)
[79.215s][info][gc             ] GC(96) Pause Young (Allocation Failure) 2436M->1564M(3353M) 44.139ms
[79.215s][info][gc,cpu         ] GC(96) User=0.09s Sys=0.00s Real=0.03s
[79.355s][info][gc,start       ] GC(97) Pause Young (Allocation Failure)
[79.391s][info][gc,heap        ] GC(97) DefNew: 1016502K(1065600K)->77947K(1065600K) Eden: 947200K(947200K)->0K(947200K) From: 69302K(118400K)->77947K(118400K)
[79.391s][info][gc,heap        ] GC(97) Tenured: 1532828K(2367880K)->1588034K(2367880K)
[79.391s][info][gc,metaspace   ] GC(97) Metaspace: 111995K(122880K)->111995K(122880K) NonClass: 96523K(102912K)->96523K(102912K) Class: 15472K(19968K)->15472K(19968K)
[79.391s][info][gc             ] GC(97) Pause Young (Allocation Failure) 2489M->1626M(3353M) 36.341ms
[79.391s][info][gc,cpu         ] GC(97) User=0.14s Sys=0.00s Real=0.03s
[79.537s][info][gc,start       ] GC(98) Pause Young (Allocation Failure)
[79.565s][info][gc,heap        ] GC(98) DefNew: 1025147K(1065600K)->26543K(1065600K) Eden: 947200K(947200K)->0K(947200K) From: 77947K(118400K)->26543K(118400K)
[79.565s][info][gc,heap        ] GC(98) Tenured: 1588034K(2367880K)->1665651K(2367880K)
[79.565s][info][gc,metaspace   ] GC(98) Metaspace: 112336K(122880K)->112336K(122880K) NonClass: 96807K(102912K)->96807K(102912K) Class: 15529K(19968K)->15529K(19968K)
[79.565s][info][gc             ] GC(98) Pause Young (Allocation Failure) 2551M->1652M(3353M) 28.106ms
[79.566s][info][gc,cpu         ] GC(98) User=0.02s Sys=0.00s Real=0.01s
[79.840s][info][gc,start       ] GC(99) Pause Young (Allocation Failure)
[79.862s][info][gc,heap        ] GC(99) DefNew: 970915K(1065600K)->44360K(1065600K) Eden: 944371K(947200K)->0K(947200K) From: 26543K(118400K)->44360K(118400K)
[79.862s][info][gc,heap        ] GC(99) Tenured: 1665651K(2367880K)->1665651K(2367880K)
[79.862s][info][gc,metaspace   ] GC(99) Metaspace: 112999K(122944K)->112999K(122944K) NonClass: 97338K(102976K)->97338K(102976K) Class: 15661K(19968K)->15661K(19968K)
[79.862s][info][gc             ] GC(99) Pause Young (Allocation Failure) 2574M->1669M(3353M) 22.673ms
[79.862s][info][gc,cpu         ] GC(99) User=0.02s Sys=0.00s Real=0.02s
[80.083s][info][gc,start       ] GC(100) Pause Young (Allocation Failure)
[80.113s][info][gc,heap        ] GC(100) DefNew: 991560K(1065600K)->82591K(1065600K) Eden: 947200K(947200K)->0K(947200K) From: 44360K(118400K)->82591K(118400K)
[80.113s][info][gc,heap        ] GC(100) Tenured: 1665651K(2367880K)->1665651K(2367880K)
[80.113s][info][gc,metaspace   ] GC(100) Metaspace: 113062K(122944K)->113062K(122944K) NonClass: 97400K(102976K)->97400K(102976K) Class: 15661K(19968K)->15661K(19968K)
[80.113s][info][gc             ] GC(100) Pause Young (Allocation Failure) 2594M->1707M(3353M) 29.677ms
[80.113s][info][gc,cpu         ] GC(100) User=0.05s Sys=0.00s Real=0.03s
[80.274s][info][gc,start       ] GC(101) Pause Young (Allocation Failure)
[80.317s][info][gc,heap        ] GC(101) DefNew: 1029791K(1065600K)->116450K(1065600K) Eden: 947200K(947200K)->0K(947200K) From: 82591K(118400K)->116450K(118400K)
[80.317s][info][gc,heap        ] GC(101) Tenured: 1665651K(2367880K)->1694214K(2367880K)
[80.317s][info][gc,metaspace   ] GC(101) Metaspace: 113085K(122944K)->113085K(122944K) NonClass: 97423K(102976K)->97423K(102976K) Class: 15661K(19968K)->15661K(19968K)
[80.317s][info][gc             ] GC(101) Pause Young (Allocation Failure) 2632M->1768M(3353M) 43.339ms
[80.317s][info][gc,cpu         ] GC(101) User=0.09s Sys=0.00s Real=0.05s
[80.456s][info][gc,start       ] GC(102) Pause Young (Allocation Failure)
[80.500s][info][gc,heap        ] GC(102) DefNew: 1063650K(1065600K)->32818K(1065600K) Eden: 947200K(947200K)->0K(947200K) From: 116450K(118400K)->32818K(118400K)
[80.500s][info][gc,heap        ] GC(102) Tenured: 1694214K(2367880K)->1810541K(2367880K)
[80.500s][info][gc,metaspace   ] GC(102) Metaspace: 113111K(122944K)->113111K(122944K) NonClass: 97449K(102976K)->97449K(102976K) Class: 15661K(19968K)->15661K(19968K)
[80.501s][info][gc             ] GC(102) Pause Young (Allocation Failure) 2693M->1800M(3353M) 44.513ms
[80.501s][info][gc,cpu         ] GC(102) User=0.03s Sys=0.00s Real=0.03s
[80.732s][info][gc,start       ] GC(103) Pause Young (Allocation Failure)
[80.763s][info][gc,heap        ] GC(103) DefNew: 980018K(1065600K)->54530K(1065600K) Eden: 947200K(947200K)->0K(947200K) From: 32818K(118400K)->54530K(118400K)
[80.763s][info][gc,heap        ] GC(103) Tenured: 1810541K(2367880K)->1810541K(2367880K)
[80.763s][info][gc,metaspace   ] GC(103) Metaspace: 113197K(122944K)->113197K(122944K) NonClass: 97535K(102976K)->97535K(102976K) Class: 15661K(19968K)->15661K(19968K)
[80.763s][info][gc             ] GC(103) Pause Young (Allocation Failure) 2725M->1821M(3353M) 30.578ms
[80.763s][info][gc,cpu         ] GC(103) User=0.02s Sys=0.00s Real=0.03s
[81.302s][info][gc,start       ] GC(104) Pause Young (Allocation Failure)
[81.329s][info][gc,heap        ] GC(104) DefNew: 1000626K(1065600K)->96243K(1065600K) Eden: 946095K(947200K)->0K(947200K) From: 54530K(118400K)->96243K(118400K)
[81.329s][info][gc,heap        ] GC(104) Tenured: 1810541K(2367880K)->1810541K(2367880K)
[81.329s][info][gc,metaspace   ] GC(104) Metaspace: 113203K(122944K)->113203K(122944K) NonClass: 97541K(102976K)->97541K(102976K) Class: 15661K(19968K)->15661K(19968K)
[81.329s][info][gc             ] GC(104) Pause Young (Allocation Failure) 2745M->1862M(3353M) 27.608ms
[81.329s][info][gc,cpu         ] GC(104) User=0.02s Sys=0.00s Real=0.03s
[81.500s][info][gc,start       ] GC(105) Pause Young (Allocation Failure)
[81.544s][info][gc,heap        ] GC(105) DefNew: 1043443K(1065600K)->118399K(1065600K) Eden: 947200K(947200K)->0K(947200K) From: 96243K(118400K)->118399K(118400K)
[81.544s][info][gc,heap        ] GC(105) Tenured: 1810541K(2367880K)->1852490K(2367880K)
[81.544s][info][gc,metaspace   ] GC(105) Metaspace: 113245K(122944K)->113245K(122944K) NonClass: 97583K(102976K)->97583K(102976K) Class: 15661K(19968K)->15661K(19968K)
[81.544s][info][gc             ] GC(105) Pause Young (Allocation Failure) 2787M->1924M(3353M) 43.818ms
[81.544s][info][gc,cpu         ] GC(105) User=0.05s Sys=0.00s Real=0.05s
[81.669s][info][gc,start       ] GC(106) Pause Young (Allocation Failure)
[81.704s][info][gc,heap        ] GC(106) DefNew: 1065599K(1065600K)->11527K(1065600K) Eden: 947200K(947200K)->0K(947200K) From: 118399K(118400K)->11527K(118400K)
[81.704s][info][gc,heap        ] GC(106) Tenured: 1852490K(2367880K)->1964397K(2367880K)
[81.704s][info][gc,metaspace   ] GC(106) Metaspace: 113278K(122944K)->113278K(122944K) NonClass: 97616K(102976K)->97616K(102976K) Class: 15661K(19968K)->15661K(19968K)
[81.704s][info][gc             ] GC(106) Pause Young (Allocation Failure) 2849M->1929M(3353M) 34.757ms
[81.704s][info][gc,cpu         ] GC(106) User=0.03s Sys=0.00s Real=0.03s
[81.863s][info][gc,start       ] GC(107) Pause Young (Allocation Failure)
[81.880s][info][gc,heap        ] GC(107) DefNew: 958727K(1065600K)->38226K(1065600K) Eden: 947200K(947200K)->0K(947200K) From: 11527K(118400K)->38226K(118400K)
[81.880s][info][gc,heap        ] GC(107) Tenured: 1964397K(2367880K)->1964397K(2367880K)
[81.880s][info][gc,metaspace   ] GC(107) Metaspace: 113301K(122944K)->113301K(122944K) NonClass: 97639K(102976K)->97639K(102976K) Class: 15661K(19968K)->15661K(19968K)
[81.880s][info][gc             ] GC(107) Pause Young (Allocation Failure) 2854M->1955M(3353M) 16.689ms
[81.880s][info][gc,cpu         ] GC(107) User=0.02s Sys=0.00s Real=0.01s
[82.148s][info][gc,start       ] GC(108) Pause Young (Allocation Failure)
[82.343s][info][gc,heap        ] GC(108) DefNew: 979747K(1065600K)->75143K(1065600K) Eden: 941520K(947200K)->0K(947200K) From: 38226K(118400K)->75143K(118400K)
[82.343s][info][gc,heap        ] GC(108) Tenured: 1964397K(2367880K)->1964397K(2367880K)
[82.343s][info][gc,metaspace   ] GC(108) Metaspace: 113321K(123008K)->113321K(123008K) NonClass: 97659K(103040K)->97659K(103040K) Class: 15661K(19968K)->15661K(19968K)
[82.343s][info][gc             ] GC(108) Pause Young (Allocation Failure) 2875M->1991M(3353M) 194.609ms
[82.343s][info][gc,cpu         ] GC(108) User=0.03s Sys=0.00s Real=0.19s
[82.689s][info][gc,start       ] GC(109) Pause Young (Allocation Failure)
[82.730s][info][gc,heap        ] GC(109) DefNew: 1022343K(1065600K)->107584K(1065600K) Eden: 947200K(947200K)->0K(947200K) From: 75143K(118400K)->107584K(118400K)
[82.730s][info][gc,heap        ] GC(109) Tenured: 1964397K(2367880K)->2002417K(2367880K)
[82.730s][info][gc,metaspace   ] GC(109) Metaspace: 113336K(123008K)->113336K(123008K) NonClass: 97674K(103040K)->97674K(103040K) Class: 15661K(19968K)->15661K(19968K)
[82.730s][info][gc             ] GC(109) Pause Young (Allocation Failure) 2916M->2060M(3353M) 41.134ms
[82.730s][info][gc,cpu         ] GC(109) User=0.05s Sys=0.00s Real=0.05s
[82.914s][info][gc,start       ] GC(110) Pause Young (Allocation Failure)
[82.953s][info][gc,heap        ] GC(110) DefNew: 1054784K(1065600K)->22942K(1065600K) Eden: 947200K(947200K)->0K(947200K) From: 107584K(118400K)->22942K(118400K)
[82.953s][info][gc,heap        ] GC(110) Tenured: 2002417K(2367880K)->2109769K(2367880K)
[82.953s][info][gc,metaspace   ] GC(110) Metaspace: 113364K(123008K)->113364K(123008K) NonClass: 97702K(103040K)->97702K(103040K) Class: 15661K(19968K)->15661K(19968K)
[82.953s][info][gc             ] GC(110) Pause Young (Allocation Failure) 2985M->2082M(3353M) 38.366ms
[82.953s][info][gc,cpu         ] GC(110) User=0.03s Sys=0.00s Real=0.03s
[83.097s][info][gc,start       ] GC(111) Pause Young (Allocation Failure)
[83.117s][info][gc,heap        ] GC(111) DefNew: 970142K(1065600K)->50700K(1065600K) Eden: 947200K(947200K)->0K(947200K) From: 22942K(118400K)->50700K(118400K)
[83.117s][info][gc,heap        ] GC(111) Tenured: 2109769K(2367880K)->2109769K(2367880K)
[83.117s][info][gc,metaspace   ] GC(111) Metaspace: 113375K(123008K)->113375K(123008K) NonClass: 97713K(103040K)->97713K(103040K) Class: 15661K(19968K)->15661K(19968K)
[83.117s][info][gc             ] GC(111) Pause Young (Allocation Failure) 3007M->2109M(3353M) 20.209ms
[83.117s][info][gc,cpu         ] GC(111) User=0.03s Sys=0.00s Real=0.02s
[83.257s][info][gc,start       ] GC(112) Pause Young (Allocation Failure)
[83.280s][info][gc,heap        ] GC(112) DefNew: 997900K(1065600K)->73673K(1065600K) Eden: 947200K(947200K)->0K(947200K) From: 50700K(118400K)->73673K(118400K)
[83.280s][info][gc,heap        ] GC(112) Tenured: 2109769K(2367880K)->2109769K(2367880K)
[83.280s][info][gc,metaspace   ] GC(112) Metaspace: 113393K(123008K)->113393K(123008K) NonClass: 97731K(103040K)->97731K(103040K) Class: 15661K(19968K)->15661K(19968K)
[83.280s][info][gc             ] GC(112) Pause Young (Allocation Failure) 3034M->2132M(3353M) 23.345ms
[83.280s][info][gc,cpu         ] GC(112) User=0.03s Sys=0.00s Real=0.02s
[83.451s][info][gc,start       ] GC(113) Pause Young (Allocation Failure)
[83.479s][info][gc,heap        ] GC(113) DefNew: 1020873K(1065600K)->58811K(1065600K) Eden: 947200K(947200K)->0K(947200K) From: 73673K(118400K)->58811K(118400K)
[83.479s][info][gc,heap        ] GC(113) Tenured: 2109769K(2367880K)->2132536K(2367880K)
[83.479s][info][gc,metaspace   ] GC(113) Metaspace: 113397K(123008K)->113397K(123008K) NonClass: 97736K(103040K)->97736K(103040K) Class: 15661K(19968K)->15661K(19968K)
[83.479s][info][gc             ] GC(113) Pause Young (Allocation Failure) 3057M->2139M(3353M) 27.607ms
[83.479s][info][gc,cpu         ] GC(113) User=0.06s Sys=0.00s Real=0.03s
[83.710s][info][gc,start       ] GC(114) Pause Young (Allocation Failure)
[83.736s][info][gc,heap        ] GC(114) DefNew: 1006011K(1065600K)->74440K(1065600K) Eden: 947200K(947200K)->0K(947200K) From: 58811K(118400K)->74440K(118400K)
[83.736s][info][gc,heap        ] GC(114) Tenured: 2132536K(2367880K)->2132536K(2367880K)
[83.736s][info][gc,metaspace   ] GC(114) Metaspace: 113413K(123008K)->113413K(123008K) NonClass: 97751K(103040K)->97751K(103040K) Class: 15661K(19968K)->15661K(19968K)
[83.736s][info][gc             ] GC(114) Pause Young (Allocation Failure) 3064M->2155M(3353M) 26.134ms
[83.736s][info][gc,cpu         ] GC(114) User=0.03s Sys=0.00s Real=0.03s
[84.118s][info][gc,start       ] GC(115) Pause Young (Allocation Failure)
[84.152s][info][gc,heap        ] GC(115) DefNew: 1021640K(1065600K)->77249K(1065600K) Eden: 947200K(947200K)->0K(947200K) From: 74440K(118400K)->77249K(118400K)
[84.152s][info][gc,heap        ] GC(115) Tenured: 2132536K(2367880K)->2160267K(2367880K)
[84.152s][info][gc,metaspace   ] GC(115) Metaspace: 113435K(123008K)->113435K(123008K) NonClass: 97773K(103040K)->97773K(103040K) Class: 15661K(19968K)->15661K(19968K)
[84.152s][info][gc             ] GC(115) Pause Young (Allocation Failure) 3080M->2185M(3353M) 34.060ms
[84.152s][info][gc,cpu         ] GC(115) User=0.06s Sys=0.00s Real=0.05s
[84.532s][info][gc,start       ] GC(116) Pause Young (Allocation Failure)
[84.568s][info][gc,heap        ] GC(116) DefNew: 1024449K(1065600K)->77243K(1065600K) Eden: 947200K(947200K)->0K(947200K) From: 77249K(118400K)->77243K(118400K)
[84.568s][info][gc,heap        ] GC(116) Tenured: 2160267K(2367880K)->2183192K(2367880K)
[84.568s][info][gc,metaspace   ] GC(116) Metaspace: 113448K(123008K)->113448K(123008K) NonClass: 97787K(103040K)->97787K(103040K) Class: 15661K(19968K)->15661K(19968K)
[84.568s][info][gc             ] GC(116) Pause Young (Allocation Failure) 3110M->2207M(3353M) 35.999ms
[84.568s][info][gc,cpu         ] GC(116) User=0.03s Sys=0.00s Real=0.03s
[84.765s][info][gc,start       ] GC(117) Pause Young (Allocation Failure)
[84.794s][info][gc,heap        ] GC(117) DefNew: 1024443K(1065600K)->68819K(1065600K) Eden: 947200K(947200K)->0K(947200K) From: 77243K(118400K)->68819K(118400K)
[84.794s][info][gc,heap        ] GC(117) Tenured: 2183192K(2367880K)->2206764K(2367880K)
[84.794s][info][gc,metaspace   ] GC(117) Metaspace: 113451K(123008K)->113451K(123008K) NonClass: 97789K(103040K)->97789K(103040K) Class: 15661K(19968K)->15661K(19968K)
[84.794s][info][gc             ] GC(117) Pause Young (Allocation Failure) 3132M->2222M(3353M) 29.918ms
[84.794s][info][gc,cpu         ] GC(117) User=0.02s Sys=0.02s Real=0.03s
[86.022s][info][gc,start       ] GC(118) Pause Full (System.gc())
[86.023s][info][gc,phases,start] GC(118) Phase 1: Mark live objects
[86.095s][info][gc,phases      ] GC(118) Phase 1: Mark live objects 71.973ms
[86.095s][info][gc,phases,start] GC(118) Phase 2: Compute new object addresses
[86.341s][info][gc,phases      ] GC(118) Phase 2: Compute new object addresses 245.918ms
[86.341s][info][gc,phases,start] GC(118) Phase 3: Adjust pointers
[86.371s][info][gc,phases      ] GC(118) Phase 3: Adjust pointers 30.090ms
[86.371s][info][gc,phases,start] GC(118) Phase 4: Move objects
[86.441s][info][gc,phases      ] GC(118) Phase 4: Move objects 69.808ms
[86.443s][info][gc,heap        ] GC(118) DefNew: 998992K(1065600K)->0K(1132928K) Eden: 930172K(947200K)->0K(1007104K) From: 68819K(118400K)->0K(125824K)
[86.443s][info][gc,heap        ] GC(118) Tenured: 2206764K(2367880K)->1510443K(2517408K)
[86.443s][info][gc,metaspace   ] GC(118) Metaspace: 115898K(123072K)->115898K(123072K) NonClass: 99869K(103104K)->99869K(103104K) Class: 16029K(19968K)->16029K(19968K)
[86.443s][info][gc             ] GC(118) Pause Full (System.gc()) 3130M->1475M(3564M) 420.345ms
[86.443s][info][gc,cpu         ] GC(118) User=0.42s Sys=0.00s Real=0.41s
[86.735s][info][gc,start       ] GC(119) Pause Young (Allocation Failure)
[86.749s][info][gc,heap        ] GC(119) DefNew: 1007104K(1132928K)->6810K(1132928K) Eden: 1007104K(1007104K)->0K(1007104K) From: 0K(125824K)->6810K(125824K)
[86.749s][info][gc,heap        ] GC(119) Tenured: 1510443K(2517408K)->1510443K(2517408K)
[86.749s][info][gc,metaspace   ] GC(119) Metaspace: 116410K(123136K)->116410K(123136K) NonClass: 100314K(103168K)->100314K(103168K) Class: 16095K(19968K)->16095K(19968K)
[86.749s][info][gc             ] GC(119) Pause Young (Allocation Failure) 2458M->1481M(3564M) 14.270ms
[86.749s][info][gc,cpu         ] GC(119) User=0.03s Sys=0.00s Real=0.02s
[86.817s][info][gc,start       ] GC(120) Pause Young (Allocation Failure)
[86.825s][info][gc,heap        ] GC(120) DefNew: 1013914K(1132928K)->6805K(1132928K) Eden: 1007104K(1007104K)->0K(1007104K) From: 6810K(125824K)->6805K(125824K)
[86.825s][info][gc,heap        ] GC(120) Tenured: 1510443K(2517408K)->1510443K(2517408K)
[86.825s][info][gc,metaspace   ] GC(120) Metaspace: 116410K(123136K)->116410K(123136K) NonClass: 100314K(103168K)->100314K(103168K) Class: 16095K(19968K)->16095K(19968K)
[86.825s][info][gc             ] GC(120) Pause Young (Allocation Failure) 2465M->1481M(3564M) 8.028ms
[86.825s][info][gc,cpu         ] GC(120) User=0.02s Sys=0.00s Real=0.02s
[86.892s][info][gc,start       ] GC(121) Pause Young (Allocation Failure)
[86.900s][info][gc,heap        ] GC(121) DefNew: 1013909K(1132928K)->6821K(1132928K) Eden: 1007104K(1007104K)->0K(1007104K) From: 6805K(125824K)->6821K(125824K)
[86.901s][info][gc,heap        ] GC(121) Tenured: 1510443K(2517408K)->1510443K(2517408K)
[86.901s][info][gc,metaspace   ] GC(121) Metaspace: 116410K(123136K)->116410K(123136K) NonClass: 100314K(103168K)->100314K(103168K) Class: 16095K(19968K)->16095K(19968K)
[86.901s][info][gc             ] GC(121) Pause Young (Allocation Failure) 2465M->1481M(3564M) 8.180ms
[86.901s][info][gc,cpu         ] GC(121) User=0.05s Sys=0.00s Real=0.01s
[86.967s][info][gc,start       ] GC(122) Pause Young (Allocation Failure)
[86.975s][info][gc,heap        ] GC(122) DefNew: 1013925K(1132928K)->6803K(1132928K) Eden: 1007104K(1007104K)->0K(1007104K) From: 6821K(125824K)->6803K(125824K)
[86.975s][info][gc,heap        ] GC(122) Tenured: 1510443K(2517408K)->1510443K(2517408K)
[86.975s][info][gc,metaspace   ] GC(122) Metaspace: 116410K(123136K)->116410K(123136K) NonClass: 100314K(103168K)->100314K(103168K) Class: 16095K(19968K)->16095K(19968K)
[86.976s][info][gc             ] GC(122) Pause Young (Allocation Failure) 2465M->1481M(3564M) 8.049ms
[86.976s][info][gc,cpu         ] GC(122) User=0.00s Sys=0.00s Real=0.00s
[87.044s][info][gc,start       ] GC(123) Pause Young (Allocation Failure)
[87.052s][info][gc,heap        ] GC(123) DefNew: 1013907K(1132928K)->6798K(1132928K) Eden: 1007104K(1007104K)->0K(1007104K) From: 6803K(125824K)->6798K(125824K)
[87.052s][info][gc,heap        ] GC(123) Tenured: 1510443K(2517408K)->1510443K(2517408K)
[87.052s][info][gc,metaspace   ] GC(123) Metaspace: 116410K(123136K)->116410K(123136K) NonClass: 100314K(103168K)->100314K(103168K) Class: 16095K(19968K)->16095K(19968K)
[87.052s][info][gc             ] GC(123) Pause Young (Allocation Failure) 2465M->1481M(3564M) 8.116ms
[87.052s][info][gc,cpu         ] GC(123) User=0.00s Sys=0.00s Real=0.00s
[87.120s][info][gc,start       ] GC(124) Pause Young (Allocation Failure)
[87.128s][info][gc,heap        ] GC(124) DefNew: 1013902K(1132928K)->6791K(1132928K) Eden: 1007104K(1007104K)->0K(1007104K) From: 6798K(125824K)->6791K(125824K)
[87.128s][info][gc,heap        ] GC(124) Tenured: 1510443K(2517408K)->1510443K(2517408K)
[87.128s][info][gc,metaspace   ] GC(124) Metaspace: 116410K(123136K)->116410K(123136K) NonClass: 100314K(103168K)->100314K(103168K) Class: 16095K(19968K)->16095K(19968K)
[87.128s][info][gc             ] GC(124) Pause Young (Allocation Failure) 2465M->1481M(3564M) 8.107ms
[87.128s][info][gc,cpu         ] GC(124) User=0.00s Sys=0.00s Real=0.00s
[87.196s][info][gc,start       ] GC(125) Pause Young (Allocation Failure)
[87.204s][info][gc,heap        ] GC(125) DefNew: 1013895K(1132928K)->6804K(1132928K) Eden: 1007104K(1007104K)->0K(1007104K) From: 6791K(125824K)->6804K(125824K)
[87.204s][info][gc,heap        ] GC(125) Tenured: 1510443K(2517408K)->1510443K(2517408K)
[87.204s][info][gc,metaspace   ] GC(125) Metaspace: 116410K(123136K)->116410K(123136K) NonClass: 100314K(103168K)->100314K(103168K) Class: 16095K(19968K)->16095K(19968K)
[87.204s][info][gc             ] GC(125) Pause Young (Allocation Failure) 2465M->1481M(3564M) 8.236ms
[87.204s][info][gc,cpu         ] GC(125) User=0.05s Sys=0.00s Real=0.02s
[87.273s][info][gc,start       ] GC(126) Pause Young (Allocation Failure)
[87.281s][info][gc,heap        ] GC(126) DefNew: 1013908K(1132928K)->6805K(1132928K) Eden: 1007104K(1007104K)->0K(1007104K) From: 6804K(125824K)->6805K(125824K)
[87.281s][info][gc,heap        ] GC(126) Tenured: 1510443K(2517408K)->1510443K(2517408K)
[87.281s][info][gc,metaspace   ] GC(126) Metaspace: 116410K(123136K)->116410K(123136K) NonClass: 100314K(103168K)->100314K(103168K) Class: 16095K(19968K)->16095K(19968K)
[87.281s][info][gc             ] GC(126) Pause Young (Allocation Failure) 2465M->1481M(3564M) 8.109ms
[87.281s][info][gc,cpu         ] GC(126) User=0.03s Sys=0.00s Real=0.01s
[87.349s][info][gc,start       ] GC(127) Pause Young (Allocation Failure)
[87.357s][info][gc,heap        ] GC(127) DefNew: 1013909K(1132928K)->6820K(1132928K) Eden: 1007104K(1007104K)->0K(1007104K) From: 6805K(125824K)->6820K(125824K)
[87.357s][info][gc,heap        ] GC(127) Tenured: 1510443K(2517408K)->1510443K(2517408K)
[87.357s][info][gc,metaspace   ] GC(127) Metaspace: 116410K(123136K)->116410K(123136K) NonClass: 100314K(103168K)->100314K(103168K) Class: 16095K(19968K)->16095K(19968K)
[87.357s][info][gc             ] GC(127) Pause Young (Allocation Failure) 2465M->1481M(3564M) 8.088ms
[87.357s][info][gc,cpu         ] GC(127) User=0.03s Sys=0.00s Real=0.02s
[87.426s][info][gc,start       ] GC(128) Pause Young (Allocation Failure)
[87.433s][info][gc,heap        ] GC(128) DefNew: 1013924K(1132928K)->6818K(1132928K) Eden: 1007104K(1007104K)->0K(1007104K) From: 6820K(125824K)->6818K(125824K)
[87.434s][info][gc,heap        ] GC(128) Tenured: 1510443K(2517408K)->1510443K(2517408K)
[87.434s][info][gc,metaspace   ] GC(128) Metaspace: 116410K(123136K)->116410K(123136K) NonClass: 100314K(103168K)->100314K(103168K) Class: 16095K(19968K)->16095K(19968K)
[87.434s][info][gc             ] GC(128) Pause Young (Allocation Failure) 2465M->1481M(3564M) 8.008ms
[87.434s][info][gc,cpu         ] GC(128) User=0.02s Sys=0.00s Real=0.02s
[87.502s][info][gc,start       ] GC(129) Pause Young (Allocation Failure)
[87.510s][info][gc,heap        ] GC(129) DefNew: 1013922K(1132928K)->6815K(1132928K) Eden: 1007104K(1007104K)->0K(1007104K) From: 6818K(125824K)->6815K(125824K)
[87.510s][info][gc,heap        ] GC(129) Tenured: 1510443K(2517408K)->1510443K(2517408K)
[87.510s][info][gc,metaspace   ] GC(129) Metaspace: 116410K(123136K)->116410K(123136K) NonClass: 100314K(103168K)->100314K(103168K) Class: 16095K(19968K)->16095K(19968K)
[87.510s][info][gc             ] GC(129) Pause Young (Allocation Failure) 2465M->1481M(3564M) 8.116ms
[87.510s][info][gc,cpu         ] GC(129) User=0.05s Sys=0.00s Real=0.01s
[87.577s][info][gc,start       ] GC(130) Pause Young (Allocation Failure)
[87.585s][info][gc,heap        ] GC(130) DefNew: 1013919K(1132928K)->6804K(1132928K) Eden: 1007104K(1007104K)->0K(1007104K) From: 6815K(125824K)->6804K(125824K)
[87.585s][info][gc,heap        ] GC(130) Tenured: 1510443K(2517408K)->1510443K(2517408K)
[87.585s][info][gc,metaspace   ] GC(130) Metaspace: 116411K(123136K)->116411K(123136K) NonClass: 100315K(103168K)->100315K(103168K) Class: 16095K(19968K)->16095K(19968K)
[87.585s][info][gc             ] GC(130) Pause Young (Allocation Failure) 2465M->1481M(3564M) 8.010ms
[87.586s][info][gc,cpu         ] GC(130) User=0.00s Sys=0.00s Real=0.00s
[87.653s][info][gc,start       ] GC(131) Pause Young (Allocation Failure)
[87.661s][info][gc,heap        ] GC(131) DefNew: 1013908K(1132928K)->7031K(1132928K) Eden: 1007104K(1007104K)->0K(1007104K) From: 6804K(125824K)->7031K(125824K)
[87.662s][info][gc,heap        ] GC(131) Tenured: 1510443K(2517408K)->1510443K(2517408K)
[87.662s][info][gc,metaspace   ] GC(131) Metaspace: 116413K(123136K)->116413K(123136K) NonClass: 100317K(103168K)->100317K(103168K) Class: 16095K(19968K)->16095K(19968K)
[87.662s][info][gc             ] GC(131) Pause Young (Allocation Failure) 2465M->1481M(3564M) 8.251ms
[87.662s][info][gc,cpu         ] GC(131) User=0.03s Sys=0.00s Real=0.01s
[87.729s][info][gc,start       ] GC(132) Pause Young (Allocation Failure)
[87.737s][info][gc,heap        ] GC(132) DefNew: 1014135K(1132928K)->7021K(1132928K) Eden: 1007104K(1007104K)->0K(1007104K) From: 7031K(125824K)->7021K(125824K)
[87.737s][info][gc,heap        ] GC(132) Tenured: 1510443K(2517408K)->1510443K(2517408K)
[87.737s][info][gc,metaspace   ] GC(132) Metaspace: 116413K(123136K)->116413K(123136K) NonClass: 100317K(103168K)->100317K(103168K) Class: 16095K(19968K)->16095K(19968K)
[87.737s][info][gc             ] GC(132) Pause Young (Allocation Failure) 2465M->1481M(3564M) 8.114ms
[87.737s][info][gc,cpu         ] GC(132) User=0.03s Sys=0.00s Real=0.01s
[87.806s][info][gc,start       ] GC(133) Pause Young (Allocation Failure)
[87.814s][info][gc,heap        ] GC(133) DefNew: 1014125K(1132928K)->6979K(1132928K) Eden: 1007104K(1007104K)->0K(1007104K) From: 7021K(125824K)->6979K(125824K)
[87.814s][info][gc,heap        ] GC(133) Tenured: 1510443K(2517408K)->1510443K(2517408K)
[87.814s][info][gc,metaspace   ] GC(133) Metaspace: 116415K(123136K)->116415K(123136K) NonClass: 100320K(103168K)->100320K(103168K) Class: 16095K(19968K)->16095K(19968K)
[87.814s][info][gc             ] GC(133) Pause Young (Allocation Failure) 2465M->1481M(3564M) 8.380ms
[87.814s][info][gc,cpu         ] GC(133) User=0.00s Sys=0.00s Real=0.00s
[87.887s][info][gc,start       ] GC(134) Pause Young (Allocation Failure)
[87.899s][info][gc,heap        ] GC(134) DefNew: 1014083K(1132928K)->1467K(1132928K) Eden: 1007104K(1007104K)->0K(1007104K) From: 6979K(125824K)->1467K(125824K)
[87.899s][info][gc,heap        ] GC(134) Tenured: 1510443K(2517408K)->1516974K(2517408K)
[87.899s][info][gc,metaspace   ] GC(134) Metaspace: 116423K(123136K)->116423K(123136K) NonClass: 100327K(103168K)->100327K(103168K) Class: 16095K(19968K)->16095K(19968K)
[87.899s][info][gc             ] GC(134) Pause Young (Allocation Failure) 2465M->1482M(3564M) 11.990ms
[87.899s][info][gc,cpu         ] GC(134) User=0.03s Sys=0.00s Real=0.01s
[89.549s][info][gc,start       ] GC(135) Pause Full (System.gc())
[89.549s][info][gc,phases,start] GC(135) Phase 1: Mark live objects
[89.614s][info][gc,phases      ] GC(135) Phase 1: Mark live objects 64.836ms
[89.614s][info][gc,phases,start] GC(135) Phase 2: Compute new object addresses
[89.721s][info][gc,phases      ] GC(135) Phase 2: Compute new object addresses 106.949ms
[89.721s][info][gc,phases,start] GC(135) Phase 3: Adjust pointers
[89.753s][info][gc,phases      ] GC(135) Phase 3: Adjust pointers 32.178ms
[89.753s][info][gc,phases,start] GC(135) Phase 4: Move objects
[90.084s][info][gc,phases      ] GC(135) Phase 4: Move objects 331.609ms
[90.086s][info][gc,heap        ] GC(135) DefNew: 423276K(1132928K)->0K(1132928K) Eden: 421808K(1007104K)->0K(1007104K) From: 1467K(125824K)->0K(125824K)
[90.086s][info][gc,heap        ] GC(135) Tenured: 1516974K(2517408K)->1399308K(2517408K)
[90.086s][info][gc,metaspace   ] GC(135) Metaspace: 116572K(123136K)->116572K(123136K) NonClass: 100473K(103168K)->100473K(103168K) Class: 16098K(19968K)->16098K(19968K)
[90.086s][info][gc             ] GC(135) Pause Full (System.gc()) 1894M->1366M(3564M) 537.173ms
[90.086s][info][gc,cpu         ] GC(135) User=0.53s Sys=0.00s Real=0.54s
[90.317s][info][gc,start       ] GC(136) Pause Young (Allocation Failure)
[90.330s][info][gc,heap        ] GC(136) DefNew: 1007104K(1132928K)->6705K(1132928K) Eden: 1007104K(1007104K)->0K(1007104K) From: 0K(125824K)->6705K(125824K)
[90.330s][info][gc,heap        ] GC(136) Tenured: 1399308K(2517408K)->1399308K(2517408K)
[90.330s][info][gc,metaspace   ] GC(136) Metaspace: 116985K(123200K)->116985K(123200K) NonClass: 100868K(103232K)->100868K(103232K) Class: 16116K(19968K)->16116K(19968K)
[90.330s][info][gc             ] GC(136) Pause Young (Allocation Failure) 2350M->1373M(3564M) 13.003ms
[90.330s][info][gc,cpu         ] GC(136) User=0.08s Sys=0.00s Real=0.02s
[90.397s][info][gc,start       ] GC(137) Pause Young (Allocation Failure)
[90.405s][info][gc,heap        ] GC(137) DefNew: 1013809K(1132928K)->6736K(1132928K) Eden: 1007104K(1007104K)->0K(1007104K) From: 6705K(125824K)->6736K(125824K)
[90.405s][info][gc,heap        ] GC(137) Tenured: 1399308K(2517408K)->1399308K(2517408K)
[90.405s][info][gc,metaspace   ] GC(137) Metaspace: 116985K(123200K)->116985K(123200K) NonClass: 100868K(103232K)->100868K(103232K) Class: 16116K(19968K)->16116K(19968K)
[90.405s][info][gc             ] GC(137) Pause Young (Allocation Failure) 2356M->1373M(3564M) 7.708ms
[90.405s][info][gc,cpu         ] GC(137) User=0.00s Sys=0.00s Real=0.00s
[90.472s][info][gc,start       ] GC(138) Pause Young (Allocation Failure)
[90.480s][info][gc,heap        ] GC(138) DefNew: 1013840K(1132928K)->6729K(1132928K) Eden: 1007104K(1007104K)->0K(1007104K) From: 6736K(125824K)->6729K(125824K)
[90.480s][info][gc,heap        ] GC(138) Tenured: 1399308K(2517408K)->1399308K(2517408K)
[90.480s][info][gc,metaspace   ] GC(138) Metaspace: 116985K(123200K)->116985K(123200K) NonClass: 100868K(103232K)->100868K(103232K) Class: 16116K(19968K)->16116K(19968K)
[90.480s][info][gc             ] GC(138) Pause Young (Allocation Failure) 2356M->1373M(3564M) 7.735ms
[90.480s][info][gc,cpu         ] GC(138) User=0.02s Sys=0.00s Real=0.02s
[90.548s][info][gc,start       ] GC(139) Pause Young (Allocation Failure)
[90.555s][info][gc,heap        ] GC(139) DefNew: 1013833K(1132928K)->6721K(1132928K) Eden: 1007104K(1007104K)->0K(1007104K) From: 6729K(125824K)->6721K(125824K)
[90.555s][info][gc,heap        ] GC(139) Tenured: 1399308K(2517408K)->1399308K(2517408K)
[90.555s][info][gc,metaspace   ] GC(139) Metaspace: 116985K(123200K)->116985K(123200K) NonClass: 100868K(103232K)->100868K(103232K) Class: 16116K(19968K)->16116K(19968K)
[90.555s][info][gc             ] GC(139) Pause Young (Allocation Failure) 2356M->1373M(3564M) 7.654ms
[90.555s][info][gc,cpu         ] GC(139) User=0.02s Sys=0.00s Real=0.02s
[90.623s][info][gc,start       ] GC(140) Pause Young (Allocation Failure)
[90.630s][info][gc,heap        ] GC(140) DefNew: 1013825K(1132928K)->6715K(1132928K) Eden: 1007104K(1007104K)->0K(1007104K) From: 6721K(125824K)->6715K(125824K)
[90.630s][info][gc,heap        ] GC(140) Tenured: 1399308K(2517408K)->1399308K(2517408K)
[90.630s][info][gc,metaspace   ] GC(140) Metaspace: 116985K(123200K)->116985K(123200K) NonClass: 100868K(103232K)->100868K(103232K) Class: 16116K(19968K)->16116K(19968K)
[90.630s][info][gc             ] GC(140) Pause Young (Allocation Failure) 2356M->1373M(3564M) 7.715ms
[90.630s][info][gc,cpu         ] GC(140) User=0.00s Sys=0.00s Real=0.00s
[90.698s][info][gc,start       ] GC(141) Pause Young (Allocation Failure)
[90.705s][info][gc,heap        ] GC(141) DefNew: 1013819K(1132928K)->6714K(1132928K) Eden: 1007104K(1007104K)->0K(1007104K) From: 6715K(125824K)->6714K(125824K)
[90.706s][info][gc,heap        ] GC(141) Tenured: 1399308K(2517408K)->1399308K(2517408K)
[90.706s][info][gc,metaspace   ] GC(141) Metaspace: 116985K(123200K)->116985K(123200K) NonClass: 100868K(103232K)->100868K(103232K) Class: 16116K(19968K)->16116K(19968K)
[90.706s][info][gc             ] GC(141) Pause Young (Allocation Failure) 2356M->1373M(3564M) 7.624ms
[90.706s][info][gc,cpu         ] GC(141) User=0.00s Sys=0.00s Real=0.00s
[90.773s][info][gc,start       ] GC(142) Pause Young (Allocation Failure)
[90.781s][info][gc,heap        ] GC(142) DefNew: 1013818K(1132928K)->6719K(1132928K) Eden: 1007104K(1007104K)->0K(1007104K) From: 6714K(125824K)->6719K(125824K)
[90.781s][info][gc,heap        ] GC(142) Tenured: 1399308K(2517408K)->1399308K(2517408K)
[90.781s][info][gc,metaspace   ] GC(142) Metaspace: 116985K(123200K)->116985K(123200K) NonClass: 100868K(103232K)->100868K(103232K) Class: 16116K(19968K)->16116K(19968K)
[90.781s][info][gc             ] GC(142) Pause Young (Allocation Failure) 2356M->1373M(3564M) 7.717ms
[90.781s][info][gc,cpu         ] GC(142) User=0.00s Sys=0.00s Real=0.00s
[90.848s][info][gc,start       ] GC(143) Pause Young (Allocation Failure)
[90.856s][info][gc,heap        ] GC(143) DefNew: 1013823K(1132928K)->6728K(1132928K) Eden: 1007104K(1007104K)->0K(1007104K) From: 6719K(125824K)->6728K(125824K)
[90.856s][info][gc,heap        ] GC(143) Tenured: 1399308K(2517408K)->1399308K(2517408K)
[90.856s][info][gc,metaspace   ] GC(143) Metaspace: 116985K(123200K)->116985K(123200K) NonClass: 100868K(103232K)->100868K(103232K) Class: 16116K(19968K)->16116K(19968K)
[90.856s][info][gc             ] GC(143) Pause Young (Allocation Failure) 2356M->1373M(3564M) 7.690ms
[90.856s][info][gc,cpu         ] GC(143) User=0.00s Sys=0.00s Real=0.00s
[90.923s][info][gc,start       ] GC(144) Pause Young (Allocation Failure)
[90.931s][info][gc,heap        ] GC(144) DefNew: 1013832K(1132928K)->6709K(1132928K) Eden: 1007104K(1007104K)->0K(1007104K) From: 6728K(125824K)->6709K(125824K)
[90.931s][info][gc,heap        ] GC(144) Tenured: 1399308K(2517408K)->1399308K(2517408K)
[90.931s][info][gc,metaspace   ] GC(144) Metaspace: 116985K(123200K)->116985K(123200K) NonClass: 100868K(103232K)->100868K(103232K) Class: 16116K(19968K)->16116K(19968K)
[90.931s][info][gc             ] GC(144) Pause Young (Allocation Failure) 2356M->1373M(3564M) 7.684ms
[90.931s][info][gc,cpu         ] GC(144) User=0.00s Sys=0.00s Real=0.00s
[90.998s][info][gc,start       ] GC(145) Pause Young (Allocation Failure)
[91.006s][info][gc,heap        ] GC(145) DefNew: 1013813K(1132928K)->6725K(1132928K) Eden: 1007104K(1007104K)->0K(1007104K) From: 6709K(125824K)->6725K(125824K)
[91.006s][info][gc,heap        ] GC(145) Tenured: 1399308K(2517408K)->1399308K(2517408K)
[91.006s][info][gc,metaspace   ] GC(145) Metaspace: 116985K(123200K)->116985K(123200K) NonClass: 100868K(103232K)->100868K(103232K) Class: 16116K(19968K)->16116K(19968K)
[91.006s][info][gc             ] GC(145) Pause Young (Allocation Failure) 2356M->1373M(3564M) 7.837ms
[91.006s][info][gc,cpu         ] GC(145) User=0.00s Sys=0.00s Real=0.00s
[91.073s][info][gc,start       ] GC(146) Pause Young (Allocation Failure)
[91.081s][info][gc,heap        ] GC(146) DefNew: 1013829K(1132928K)->6735K(1132928K) Eden: 1007104K(1007104K)->0K(1007104K) From: 6725K(125824K)->6735K(125824K)
[91.081s][info][gc,heap        ] GC(146) Tenured: 1399308K(2517408K)->1399308K(2517408K)
[91.081s][info][gc,metaspace   ] GC(146) Metaspace: 116985K(123200K)->116985K(123200K) NonClass: 100868K(103232K)->100868K(103232K) Class: 16116K(19968K)->16116K(19968K)
[91.081s][info][gc             ] GC(146) Pause Young (Allocation Failure) 2356M->1373M(3564M) 7.706ms
[91.081s][info][gc,cpu         ] GC(146) User=0.02s Sys=0.00s Real=0.02s
[91.148s][info][gc,start       ] GC(147) Pause Young (Allocation Failure)
[91.156s][info][gc,heap        ] GC(147) DefNew: 1013839K(1132928K)->6727K(1132928K) Eden: 1007104K(1007104K)->0K(1007104K) From: 6735K(125824K)->6727K(125824K)
[91.156s][info][gc,heap        ] GC(147) Tenured: 1399308K(2517408K)->1399308K(2517408K)
[91.156s][info][gc,metaspace   ] GC(147) Metaspace: 116985K(123200K)->116985K(123200K) NonClass: 100868K(103232K)->100868K(103232K) Class: 16116K(19968K)->16116K(19968K)
[91.156s][info][gc             ] GC(147) Pause Young (Allocation Failure) 2356M->1373M(3564M) 7.873ms
[91.156s][info][gc,cpu         ] GC(147) User=0.02s Sys=0.00s Real=0.02s
[91.224s][info][gc,start       ] GC(148) Pause Young (Allocation Failure)
[91.232s][info][gc,heap        ] GC(148) DefNew: 1013831K(1132928K)->6848K(1132928K) Eden: 1007104K(1007104K)->0K(1007104K) From: 6727K(125824K)->6848K(125824K)
[91.232s][info][gc,heap        ] GC(148) Tenured: 1399308K(2517408K)->1399308K(2517408K)
[91.232s][info][gc,metaspace   ] GC(148) Metaspace: 116985K(123200K)->116985K(123200K) NonClass: 100868K(103232K)->100868K(103232K) Class: 16116K(19968K)->16116K(19968K)
[91.232s][info][gc             ] GC(148) Pause Young (Allocation Failure) 2356M->1373M(3564M) 7.978ms
[91.232s][info][gc,cpu         ] GC(148) User=0.00s Sys=0.00s Real=0.00s
[91.300s][info][gc,start       ] GC(149) Pause Young (Allocation Failure)
[91.307s][info][gc,heap        ] GC(149) DefNew: 1013952K(1132928K)->6799K(1132928K) Eden: 1007104K(1007104K)->0K(1007104K) From: 6848K(125824K)->6799K(125824K)
[91.307s][info][gc,heap        ] GC(149) Tenured: 1399308K(2517408K)->1399308K(2517408K)
[91.307s][info][gc,metaspace   ] GC(149) Metaspace: 116985K(123200K)->116985K(123200K) NonClass: 100868K(103232K)->100868K(103232K) Class: 16116K(19968K)->16116K(19968K)
[91.307s][info][gc             ] GC(149) Pause Young (Allocation Failure) 2356M->1373M(3564M) 7.786ms
[91.307s][info][gc,cpu         ] GC(149) User=0.00s Sys=0.00s Real=0.00s
[91.375s][info][gc,start       ] GC(150) Pause Young (Allocation Failure)
[91.385s][info][gc,heap        ] GC(150) DefNew: 1013903K(1132928K)->6759K(1132928K) Eden: 1007104K(1007104K)->0K(1007104K) From: 6799K(125824K)->6759K(125824K)
[91.385s][info][gc,heap        ] GC(150) Tenured: 1399308K(2517408K)->1399308K(2517408K)
[91.385s][info][gc,metaspace   ] GC(150) Metaspace: 116985K(123200K)->116985K(123200K) NonClass: 100869K(103232K)->100869K(103232K) Class: 16116K(19968K)->16116K(19968K)
[91.385s][info][gc             ] GC(150) Pause Young (Allocation Failure) 2356M->1373M(3564M) 10.115ms
[91.385s][info][gc,cpu         ] GC(150) User=0.00s Sys=0.00s Real=0.01s
[91.455s][info][gc,start       ] GC(151) Pause Young (Allocation Failure)
[91.465s][info][gc,heap        ] GC(151) DefNew: 1013863K(1132928K)->928K(1132928K) Eden: 1007104K(1007104K)->0K(1007104K) From: 6759K(125824K)->928K(125824K)
[91.465s][info][gc,heap        ] GC(151) Tenured: 1399308K(2517408K)->1405773K(2517408K)
[91.465s][info][gc,metaspace   ] GC(151) Metaspace: 116995K(123200K)->116995K(123200K) NonClass: 100878K(103232K)->100878K(103232K) Class: 16116K(19968K)->16116K(19968K)
[91.465s][info][gc             ] GC(151) Pause Young (Allocation Failure) 2356M->1373M(3564M) 10.339ms
[91.465s][info][gc,cpu         ] GC(151) User=0.02s Sys=0.00s Real=0.01s
[92.253s][info][gc,start       ] GC(152) Pause Full (System.gc())
[92.253s][info][gc,phases,start] GC(152) Phase 1: Mark live objects
[92.328s][info][gc,phases      ] GC(152) Phase 1: Mark live objects 74.103ms
[92.328s][info][gc,phases,start] GC(152) Phase 2: Compute new object addresses
[92.414s][info][gc,phases      ] GC(152) Phase 2: Compute new object addresses 86.394ms
[92.414s][info][gc,phases,start] GC(152) Phase 3: Adjust pointers
[92.444s][info][gc,phases      ] GC(152) Phase 3: Adjust pointers 30.320ms
[92.444s][info][gc,phases,start] GC(152) Phase 4: Move objects
[92.445s][info][gc,phases      ] GC(152) Phase 4: Move objects 0.116ms
[92.445s][info][gc,heap        ] GC(152) DefNew: 313124K(1132928K)->0K(1132928K) Eden: 312195K(1007104K)->0K(1007104K) From: 928K(125824K)->0K(125824K)
[92.445s][info][gc,heap        ] GC(152) Tenured: 1405773K(2517408K)->1405992K(2517408K)
[92.445s][info][gc,metaspace   ] GC(152) Metaspace: 117205K(123200K)->117205K(123200K) NonClass: 101088K(103232K)->101088K(103232K) Class: 16117K(19968K)->16117K(19968K)
[92.446s][info][gc             ] GC(152) Pause Full (System.gc()) 1678M->1373M(3564M) 192.342ms
[92.446s][info][gc,cpu         ] GC(152) User=0.19s Sys=0.00s Real=0.19s
[92.617s][info][gc,start       ] GC(153) Pause Young (Allocation Failure)
[92.630s][info][gc,heap        ] GC(153) DefNew: 1007104K(1132928K)->6482K(1132928K) Eden: 1007104K(1007104K)->0K(1007104K) From: 0K(125824K)->6482K(125824K)
[92.630s][info][gc,heap        ] GC(153) Tenured: 1405992K(2517408K)->1405992K(2517408K)
[92.630s][info][gc,metaspace   ] GC(153) Metaspace: 117445K(123264K)->117445K(123264K) NonClass: 101320K(103296K)->101320K(103296K) Class: 16124K(19968K)->16124K(19968K)
[92.630s][info][gc             ] GC(153) Pause Young (Allocation Failure) 2356M->1379M(3564M) 12.664ms
[92.630s][info][gc,cpu         ] GC(153) User=0.00s Sys=0.00s Real=0.00s
[92.701s][info][gc,start       ] GC(154) Pause Young (Allocation Failure)
[92.709s][info][gc,heap        ] GC(154) DefNew: 1013586K(1132928K)->6708K(1132928K) Eden: 1007104K(1007104K)->0K(1007104K) From: 6482K(125824K)->6708K(125824K)
[92.709s][info][gc,heap        ] GC(154) Tenured: 1405992K(2517408K)->1405992K(2517408K)
[92.709s][info][gc,metaspace   ] GC(154) Metaspace: 117447K(123264K)->117447K(123264K) NonClass: 101323K(103296K)->101323K(103296K) Class: 16124K(19968K)->16124K(19968K)
[92.709s][info][gc             ] GC(154) Pause Young (Allocation Failure) 2362M->1379M(3564M) 7.957ms
[92.709s][info][gc,cpu         ] GC(154) User=0.00s Sys=0.00s Real=0.00s
[92.778s][info][gc,start       ] GC(155) Pause Young (Allocation Failure)
[92.786s][info][gc,heap        ] GC(155) DefNew: 1013812K(1132928K)->6705K(1132928K) Eden: 1007104K(1007104K)->0K(1007104K) From: 6708K(125824K)->6705K(125824K)
[92.786s][info][gc,heap        ] GC(155) Tenured: 1405992K(2517408K)->1405992K(2517408K)
[92.786s][info][gc,metaspace   ] GC(155) Metaspace: 117447K(123264K)->117447K(123264K) NonClass: 101323K(103296K)->101323K(103296K) Class: 16124K(19968K)->16124K(19968K)
[92.786s][info][gc             ] GC(155) Pause Young (Allocation Failure) 2363M->1379M(3564M) 7.965ms
[92.786s][info][gc,cpu         ] GC(155) User=0.00s Sys=0.00s Real=0.00s
[92.856s][info][gc,start       ] GC(156) Pause Young (Allocation Failure)
[92.863s][info][gc,heap        ] GC(156) DefNew: 1013809K(1132928K)->6700K(1132928K) Eden: 1007104K(1007104K)->0K(1007104K) From: 6705K(125824K)->6700K(125824K)
[92.863s][info][gc,heap        ] GC(156) Tenured: 1405992K(2517408K)->1405992K(2517408K)
[92.863s][info][gc,metaspace   ] GC(156) Metaspace: 117447K(123264K)->117447K(123264K) NonClass: 101323K(103296K)->101323K(103296K) Class: 16124K(19968K)->16124K(19968K)
[92.863s][info][gc             ] GC(156) Pause Young (Allocation Failure) 2363M->1379M(3564M) 7.718ms
[92.863s][info][gc,cpu         ] GC(156) User=0.00s Sys=0.00s Real=0.00s
[92.932s][info][gc,start       ] GC(157) Pause Young (Allocation Failure)
[92.940s][info][gc,heap        ] GC(157) DefNew: 1013804K(1132928K)->6695K(1132928K) Eden: 1007104K(1007104K)->0K(1007104K) From: 6700K(125824K)->6695K(125824K)
[92.940s][info][gc,heap        ] GC(157) Tenured: 1405992K(2517408K)->1405992K(2517408K)
[92.940s][info][gc,metaspace   ] GC(157) Metaspace: 117447K(123264K)->117447K(123264K) NonClass: 101323K(103296K)->101323K(103296K) Class: 16124K(19968K)->16124K(19968K)
[92.940s][info][gc             ] GC(157) Pause Young (Allocation Failure) 2363M->1379M(3564M) 7.729ms
[92.940s][info][gc,cpu         ] GC(157) User=0.02s Sys=0.00s Real=0.01s
[93.008s][info][gc,start       ] GC(158) Pause Young (Allocation Failure)
[93.016s][info][gc,heap        ] GC(158) DefNew: 1013799K(1132928K)->6703K(1132928K) Eden: 1007104K(1007104K)->0K(1007104K) From: 6695K(125824K)->6703K(125824K)
[93.016s][info][gc,heap        ] GC(158) Tenured: 1405992K(2517408K)->1405992K(2517408K)
[93.016s][info][gc,metaspace   ] GC(158) Metaspace: 117447K(123264K)->117447K(123264K) NonClass: 101323K(103296K)->101323K(103296K) Class: 16124K(19968K)->16124K(19968K)
[93.016s][info][gc             ] GC(158) Pause Young (Allocation Failure) 2363M->1379M(3564M) 7.689ms
[93.016s][info][gc,cpu         ] GC(158) User=0.00s Sys=0.00s Real=0.00s
[93.084s][info][gc,start       ] GC(159) Pause Young (Allocation Failure)
[93.091s][info][gc,heap        ] GC(159) DefNew: 1013807K(1132928K)->6690K(1132928K) Eden: 1007104K(1007104K)->0K(1007104K) From: 6703K(125824K)->6690K(125824K)
[93.091s][info][gc,heap        ] GC(159) Tenured: 1405992K(2517408K)->1405992K(2517408K)
[93.091s][info][gc,metaspace   ] GC(159) Metaspace: 117447K(123264K)->117447K(123264K) NonClass: 101323K(103296K)->101323K(103296K) Class: 16124K(19968K)->16124K(19968K)
[93.091s][info][gc             ] GC(159) Pause Young (Allocation Failure) 2363M->1379M(3564M) 7.652ms
[93.092s][info][gc,cpu         ] GC(159) User=0.00s Sys=0.02s Real=0.00s
[93.159s][info][gc,start       ] GC(160) Pause Young (Allocation Failure)
[93.167s][info][gc,heap        ] GC(160) DefNew: 1013794K(1132928K)->6696K(1132928K) Eden: 1007104K(1007104K)->0K(1007104K) From: 6690K(125824K)->6696K(125824K)
[93.167s][info][gc,heap        ] GC(160) Tenured: 1405992K(2517408K)->1405992K(2517408K)
[93.167s][info][gc,metaspace   ] GC(160) Metaspace: 117447K(123264K)->117447K(123264K) NonClass: 101323K(103296K)->101323K(103296K) Class: 16124K(19968K)->16124K(19968K)
[93.167s][info][gc             ] GC(160) Pause Young (Allocation Failure) 2363M->1379M(3564M) 7.702ms
[93.167s][info][gc,cpu         ] GC(160) User=0.00s Sys=0.00s Real=0.00s
[93.235s][info][gc,start       ] GC(161) Pause Young (Allocation Failure)
[93.243s][info][gc,heap        ] GC(161) DefNew: 1013800K(1132928K)->6687K(1132928K) Eden: 1007104K(1007104K)->0K(1007104K) From: 6696K(125824K)->6687K(125824K)
[93.243s][info][gc,heap        ] GC(161) Tenured: 1405992K(2517408K)->1405992K(2517408K)
[93.243s][info][gc,metaspace   ] GC(161) Metaspace: 117447K(123264K)->117447K(123264K) NonClass: 101323K(103296K)->101323K(103296K) Class: 16124K(19968K)->16124K(19968K)
[93.243s][info][gc             ] GC(161) Pause Young (Allocation Failure) 2363M->1379M(3564M) 7.615ms
[93.243s][info][gc,cpu         ] GC(161) User=0.00s Sys=0.00s Real=0.00s
[93.311s][info][gc,start       ] GC(162) Pause Young (Allocation Failure)
[93.319s][info][gc,heap        ] GC(162) DefNew: 1013791K(1132928K)->6703K(1132928K) Eden: 1007104K(1007104K)->0K(1007104K) From: 6687K(125824K)->6703K(125824K)
[93.319s][info][gc,heap        ] GC(162) Tenured: 1405992K(2517408K)->1405992K(2517408K)
[93.319s][info][gc,metaspace   ] GC(162) Metaspace: 117447K(123264K)->117447K(123264K) NonClass: 101323K(103296K)->101323K(103296K) Class: 16124K(19968K)->16124K(19968K)
[93.319s][info][gc             ] GC(162) Pause Young (Allocation Failure) 2363M->1379M(3564M) 7.624ms
[93.319s][info][gc,cpu         ] GC(162) User=0.00s Sys=0.00s Real=0.00s
[93.387s][info][gc,start       ] GC(163) Pause Young (Allocation Failure)
[93.394s][info][gc,heap        ] GC(163) DefNew: 1013807K(1132928K)->6709K(1132928K) Eden: 1007104K(1007104K)->0K(1007104K) From: 6703K(125824K)->6709K(125824K)
[93.394s][info][gc,heap        ] GC(163) Tenured: 1405992K(2517408K)->1405992K(2517408K)
[93.394s][info][gc,metaspace   ] GC(163) Metaspace: 117447K(123264K)->117447K(123264K) NonClass: 101323K(103296K)->101323K(103296K) Class: 16124K(19968K)->16124K(19968K)
[93.394s][info][gc             ] GC(163) Pause Young (Allocation Failure) 2363M->1379M(3564M) 7.697ms
[93.394s][info][gc,cpu         ] GC(163) User=0.03s Sys=0.00s Real=0.02s
[93.462s][info][gc,start       ] GC(164) Pause Young (Allocation Failure)
[93.470s][info][gc,heap        ] GC(164) DefNew: 1013813K(1132928K)->6706K(1132928K) Eden: 1007104K(1007104K)->0K(1007104K) From: 6709K(125824K)->6706K(125824K)
[93.470s][info][gc,heap        ] GC(164) Tenured: 1405992K(2517408K)->1405992K(2517408K)
[93.470s][info][gc,metaspace   ] GC(164) Metaspace: 117447K(123264K)->117447K(123264K) NonClass: 101323K(103296K)->101323K(103296K) Class: 16124K(19968K)->16124K(19968K)
[93.470s][info][gc             ] GC(164) Pause Young (Allocation Failure) 2363M->1379M(3564M) 7.657ms
[93.470s][info][gc,cpu         ] GC(164) User=0.02s Sys=0.00s Real=0.02s
[93.539s][info][gc,start       ] GC(165) Pause Young (Allocation Failure)
[93.546s][info][gc,heap        ] GC(165) DefNew: 1013810K(1132928K)->7027K(1132928K) Eden: 1007104K(1007104K)->0K(1007104K) From: 6706K(125824K)->7027K(125824K)
[93.546s][info][gc,heap        ] GC(165) Tenured: 1405992K(2517408K)->1405992K(2517408K)
[93.546s][info][gc,metaspace   ] GC(165) Metaspace: 117447K(123264K)->117447K(123264K) NonClass: 101323K(103296K)->101323K(103296K) Class: 16124K(19968K)->16124K(19968K)
[93.547s][info][gc             ] GC(165) Pause Young (Allocation Failure) 2363M->1379M(3564M) 8.026ms
[93.547s][info][gc,cpu         ] GC(165) User=0.02s Sys=0.00s Real=0.02s
[93.615s][info][gc,start       ] GC(166) Pause Young (Allocation Failure)
[93.622s][info][gc,heap        ] GC(166) DefNew: 1014131K(1132928K)->6801K(1132928K) Eden: 1007104K(1007104K)->0K(1007104K) From: 7027K(125824K)->6801K(125824K)
[93.622s][info][gc,heap        ] GC(166) Tenured: 1405992K(2517408K)->1405992K(2517408K)
[93.622s][info][gc,metaspace   ] GC(166) Metaspace: 117447K(123264K)->117447K(123264K) NonClass: 101323K(103296K)->101323K(103296K) Class: 16124K(19968K)->16124K(19968K)
[93.622s][info][gc             ] GC(166) Pause Young (Allocation Failure) 2363M->1379M(3564M) 7.721ms
[93.622s][info][gc,cpu         ] GC(166) User=0.00s Sys=0.00s Real=0.00s
[93.691s][info][gc,start       ] GC(167) Pause Young (Allocation Failure)
[93.699s][info][gc,heap        ] GC(167) DefNew: 1013905K(1132928K)->6842K(1132928K) Eden: 1007104K(1007104K)->0K(1007104K) From: 6801K(125824K)->6842K(125824K)
[93.699s][info][gc,heap        ] GC(167) Tenured: 1405992K(2517408K)->1405992K(2517408K)
[93.699s][info][gc,metaspace   ] GC(167) Metaspace: 117448K(123264K)->117448K(123264K) NonClass: 101323K(103296K)->101323K(103296K) Class: 16124K(19968K)->16124K(19968K)
[93.699s][info][gc             ] GC(167) Pause Young (Allocation Failure) 2363M->1379M(3564M) 7.950ms
[93.699s][info][gc,cpu         ] GC(167) User=0.00s Sys=0.00s Real=0.00s
[93.773s][info][gc,start       ] GC(168) Pause Young (Allocation Failure)
[93.786s][info][gc,heap        ] GC(168) DefNew: 1013946K(1132928K)->2040K(1132928K) Eden: 1007104K(1007104K)->0K(1007104K) From: 6842K(125824K)->2040K(125824K)
[93.786s][info][gc,heap        ] GC(168) Tenured: 1405992K(2517408K)->1412184K(2517408K)
[93.786s][info][gc,metaspace   ] GC(168) Metaspace: 117449K(123264K)->117449K(123264K) NonClass: 101325K(103296K)->101325K(103296K) Class: 16124K(19968K)->16124K(19968K)
[93.786s][info][gc             ] GC(168) Pause Young (Allocation Failure) 2363M->1381M(3564M) 12.254ms
[93.786s][info][gc,cpu         ] GC(168) User=0.00s Sys=0.00s Real=0.00s
[94.678s][info][gc,start       ] GC(169) Pause Full (System.gc())
[94.678s][info][gc,phases,start] GC(169) Phase 1: Mark live objects
[94.746s][info][gc,phases      ] GC(169) Phase 1: Mark live objects 67.798ms
[94.746s][info][gc,phases,start] GC(169) Phase 2: Compute new object addresses
[94.820s][info][gc,phases      ] GC(169) Phase 2: Compute new object addresses 73.295ms
[94.820s][info][gc,phases,start] GC(169) Phase 3: Adjust pointers
[94.851s][info][gc,phases      ] GC(169) Phase 3: Adjust pointers 31.267ms
[94.851s][info][gc,phases,start] GC(169) Phase 4: Move objects
[94.851s][info][gc,phases      ] GC(169) Phase 4: Move objects 0.114ms
[94.852s][info][gc,heap        ] GC(169) DefNew: 280660K(1132928K)->0K(1132928K) Eden: 278620K(1007104K)->0K(1007104K) From: 2040K(125824K)->0K(125824K)
[94.852s][info][gc,heap        ] GC(169) Tenured: 1412184K(2517408K)->1412404K(2517408K)
[94.852s][info][gc,metaspace   ] GC(169) Metaspace: 117592K(123264K)->117592K(123264K) NonClass: 101467K(103296K)->101467K(103296K) Class: 16124K(19968K)->16124K(19968K)
[94.852s][info][gc             ] GC(169) Pause Full (System.gc()) 1653M->1379M(3564M) 173.727ms
[94.852s][info][gc,cpu         ] GC(169) User=0.17s Sys=0.00s Real=0.17s
[95.023s][info][gc,start       ] GC(170) Pause Young (Allocation Failure)
[95.036s][info][gc,heap        ] GC(170) DefNew: 1007104K(1132928K)->6557K(1132928K) Eden: 1007104K(1007104K)->0K(1007104K) From: 0K(125824K)->6557K(125824K)
[95.036s][info][gc,heap        ] GC(170) Tenured: 1412404K(2517408K)->1412404K(2517408K)
[95.036s][info][gc,metaspace   ] GC(170) Metaspace: 117825K(123264K)->117825K(123264K) NonClass: 101700K(103296K)->101700K(103296K) Class: 16124K(19968K)->16124K(19968K)
[95.036s][info][gc             ] GC(170) Pause Young (Allocation Failure) 2362M->1385M(3564M) 12.740ms
[95.036s][info][gc,cpu         ] GC(170) User=0.03s Sys=0.00s Real=0.01s
[95.107s][info][gc,start       ] GC(171) Pause Young (Allocation Failure)
[95.115s][info][gc,heap        ] GC(171) DefNew: 1013661K(1132928K)->6683K(1132928K) Eden: 1007104K(1007104K)->0K(1007104K) From: 6557K(125824K)->6683K(125824K)
[95.115s][info][gc,heap        ] GC(171) Tenured: 1412404K(2517408K)->1412404K(2517408K)
[95.115s][info][gc,metaspace   ] GC(171) Metaspace: 117829K(123264K)->117829K(123264K) NonClass: 101705K(103296K)->101705K(103296K) Class: 16124K(19968K)->16124K(19968K)
[95.115s][info][gc             ] GC(171) Pause Young (Allocation Failure) 2369M->1385M(3564M) 8.033ms
[95.115s][info][gc,cpu         ] GC(171) User=0.00s Sys=0.00s Real=0.00s
[95.185s][info][gc,start       ] GC(172) Pause Young (Allocation Failure)
[95.193s][info][gc,heap        ] GC(172) DefNew: 1013787K(1132928K)->6706K(1132928K) Eden: 1007104K(1007104K)->0K(1007104K) From: 6683K(125824K)->6706K(125824K)
[95.193s][info][gc,heap        ] GC(172) Tenured: 1412404K(2517408K)->1412404K(2517408K)
[95.193s][info][gc,metaspace   ] GC(172) Metaspace: 117829K(123264K)->117829K(123264K) NonClass: 101705K(103296K)->101705K(103296K) Class: 16124K(19968K)->16124K(19968K)
[95.193s][info][gc             ] GC(172) Pause Young (Allocation Failure) 2369M->1385M(3564M) 7.851ms
[95.193s][info][gc,cpu         ] GC(172) User=0.05s Sys=0.00s Real=0.02s
[95.262s][info][gc,start       ] GC(173) Pause Young (Allocation Failure)
[95.270s][info][gc,heap        ] GC(173) DefNew: 1013810K(1132928K)->6696K(1132928K) Eden: 1007104K(1007104K)->0K(1007104K) From: 6706K(125824K)->6696K(125824K)
[95.270s][info][gc,heap        ] GC(173) Tenured: 1412404K(2517408K)->1412404K(2517408K)
[95.270s][info][gc,metaspace   ] GC(173) Metaspace: 117829K(123264K)->117829K(123264K) NonClass: 101705K(103296K)->101705K(103296K) Class: 16124K(19968K)->16124K(19968K)
[95.270s][info][gc             ] GC(173) Pause Young (Allocation Failure) 2369M->1385M(3564M) 7.996ms
[95.270s][info][gc,cpu         ] GC(173) User=0.00s Sys=0.00s Real=0.00s
[95.339s][info][gc,start       ] GC(174) Pause Young (Allocation Failure)
[95.346s][info][gc,heap        ] GC(174) DefNew: 1013800K(1132928K)->6706K(1132928K) Eden: 1007104K(1007104K)->0K(1007104K) From: 6696K(125824K)->6706K(125824K)
[95.346s][info][gc,heap        ] GC(174) Tenured: 1412404K(2517408K)->1412404K(2517408K)
[95.346s][info][gc,metaspace   ] GC(174) Metaspace: 117829K(123264K)->117829K(123264K) NonClass: 101705K(103296K)->101705K(103296K) Class: 16124K(19968K)->16124K(19968K)
[95.347s][info][gc             ] GC(174) Pause Young (Allocation Failure) 2369M->1385M(3564M) 7.873ms
[95.347s][info][gc,cpu         ] GC(174) User=0.00s Sys=0.00s Real=0.00s
[95.416s][info][gc,start       ] GC(175) Pause Young (Allocation Failure)
[95.424s][info][gc,heap        ] GC(175) DefNew: 1013810K(1132928K)->6699K(1132928K) Eden: 1007104K(1007104K)->0K(1007104K) From: 6706K(125824K)->6699K(125824K)
[95.424s][info][gc,heap        ] GC(175) Tenured: 1412404K(2517408K)->1412404K(2517408K)
[95.424s][info][gc,metaspace   ] GC(175) Metaspace: 117829K(123264K)->117829K(123264K) NonClass: 101705K(103296K)->101705K(103296K) Class: 16124K(19968K)->16124K(19968K)
[95.424s][info][gc             ] GC(175) Pause Young (Allocation Failure) 2369M->1385M(3564M) 7.824ms
[95.424s][info][gc,cpu         ] GC(175) User=0.00s Sys=0.00s Real=0.00s
[95.493s][info][gc,start       ] GC(176) Pause Young (Allocation Failure)
[95.500s][info][gc,heap        ] GC(176) DefNew: 1013803K(1132928K)->6691K(1132928K) Eden: 1007104K(1007104K)->0K(1007104K) From: 6699K(125824K)->6691K(125824K)
[95.500s][info][gc,heap        ] GC(176) Tenured: 1412404K(2517408K)->1412404K(2517408K)
[95.500s][info][gc,metaspace   ] GC(176) Metaspace: 117829K(123264K)->117829K(123264K) NonClass: 101705K(103296K)->101705K(103296K) Class: 16124K(19968K)->16124K(19968K)
[95.500s][info][gc             ] GC(176) Pause Young (Allocation Failure) 2369M->1385M(3564M) 7.728ms
[95.500s][info][gc,cpu         ] GC(176) User=0.00s Sys=0.00s Real=0.01s
[95.568s][info][gc,start       ] GC(177) Pause Young (Allocation Failure)
[95.575s][info][gc,heap        ] GC(177) DefNew: 1013795K(1132928K)->6699K(1132928K) Eden: 1007104K(1007104K)->0K(1007104K) From: 6691K(125824K)->6699K(125824K)
[95.576s][info][gc,heap        ] GC(177) Tenured: 1412404K(2517408K)->1412404K(2517408K)
[95.576s][info][gc,metaspace   ] GC(177) Metaspace: 117829K(123264K)->117829K(123264K) NonClass: 101705K(103296K)->101705K(103296K) Class: 16124K(19968K)->16124K(19968K)
[95.576s][info][gc             ] GC(177) Pause Young (Allocation Failure) 2369M->1385M(3564M) 7.640ms
[95.576s][info][gc,cpu         ] GC(177) User=0.00s Sys=0.00s Real=0.00s
[95.644s][info][gc,start       ] GC(178) Pause Young (Allocation Failure)
[95.652s][info][gc,heap        ] GC(178) DefNew: 1013803K(1132928K)->6700K(1132928K) Eden: 1007104K(1007104K)->0K(1007104K) From: 6699K(125824K)->6700K(125824K)
[95.652s][info][gc,heap        ] GC(178) Tenured: 1412404K(2517408K)->1412404K(2517408K)
[95.652s][info][gc,metaspace   ] GC(178) Metaspace: 117829K(123264K)->117829K(123264K) NonClass: 101705K(103296K)->101705K(103296K) Class: 16124K(19968K)->16124K(19968K)
[95.652s][info][gc             ] GC(178) Pause Young (Allocation Failure) 2369M->1385M(3564M) 7.788ms
[95.652s][info][gc,cpu         ] GC(178) User=0.05s Sys=0.00s Real=0.01s
[95.721s][info][gc,start       ] GC(179) Pause Young (Allocation Failure)
[95.729s][info][gc,heap        ] GC(179) DefNew: 1013804K(1132928K)->6701K(1132928K) Eden: 1007104K(1007104K)->0K(1007104K) From: 6700K(125824K)->6701K(125824K)
[95.729s][info][gc,heap        ] GC(179) Tenured: 1412404K(2517408K)->1412404K(2517408K)
[95.729s][info][gc,metaspace   ] GC(179) Metaspace: 117829K(123264K)->117829K(123264K) NonClass: 101705K(103296K)->101705K(103296K) Class: 16124K(19968K)->16124K(19968K)
[95.729s][info][gc             ] GC(179) Pause Young (Allocation Failure) 2369M->1385M(3564M) 7.844ms
[95.729s][info][gc,cpu         ] GC(179) User=0.00s Sys=0.00s Real=0.00s
[95.798s][info][gc,start       ] GC(180) Pause Young (Allocation Failure)
[95.806s][info][gc,heap        ] GC(180) DefNew: 1013805K(1132928K)->6702K(1132928K) Eden: 1007104K(1007104K)->0K(1007104K) From: 6701K(125824K)->6702K(125824K)
[95.806s][info][gc,heap        ] GC(180) Tenured: 1412404K(2517408K)->1412404K(2517408K)
[95.806s][info][gc,metaspace   ] GC(180) Metaspace: 117829K(123264K)->117829K(123264K) NonClass: 101705K(103296K)->101705K(103296K) Class: 16124K(19968K)->16124K(19968K)
[95.806s][info][gc             ] GC(180) Pause Young (Allocation Failure) 2369M->1385M(3564M) 7.872ms
[95.806s][info][gc,cpu         ] GC(180) User=0.00s Sys=0.00s Real=0.00s
[95.875s][info][gc,start       ] GC(181) Pause Young (Allocation Failure)
[95.883s][info][gc,heap        ] GC(181) DefNew: 1013806K(1132928K)->6716K(1132928K) Eden: 1007104K(1007104K)->0K(1007104K) From: 6702K(125824K)->6716K(125824K)
[95.883s][info][gc,heap        ] GC(181) Tenured: 1412404K(2517408K)->1412404K(2517408K)
[95.883s][info][gc,metaspace   ] GC(181) Metaspace: 117829K(123264K)->117829K(123264K) NonClass: 101705K(103296K)->101705K(103296K) Class: 16124K(19968K)->16124K(19968K)
[95.883s][info][gc             ] GC(181) Pause Young (Allocation Failure) 2369M->1385M(3564M) 7.820ms
[95.883s][info][gc,cpu         ] GC(181) User=0.00s Sys=0.00s Real=0.00s
[95.952s][info][gc,start       ] GC(182) Pause Young (Allocation Failure)
[95.960s][info][gc,heap        ] GC(182) DefNew: 1013820K(1132928K)->7034K(1132928K) Eden: 1007104K(1007104K)->0K(1007104K) From: 6716K(125824K)->7034K(125824K)
[95.960s][info][gc,heap        ] GC(182) Tenured: 1412404K(2517408K)->1412404K(2517408K)
[95.960s][info][gc,metaspace   ] GC(182) Metaspace: 117837K(123264K)->117837K(123264K) NonClass: 101712K(103296K)->101712K(103296K) Class: 16124K(19968K)->16124K(19968K)
[95.960s][info][gc             ] GC(182) Pause Young (Allocation Failure) 2369M->1386M(3564M) 8.132ms
[95.960s][info][gc,cpu         ] GC(182) User=0.05s Sys=0.00s Real=0.02s
[96.028s][info][gc,start       ] GC(183) Pause Young (Allocation Failure)
[96.036s][info][gc,heap        ] GC(183) DefNew: 1014138K(1132928K)->6823K(1132928K) Eden: 1007104K(1007104K)->0K(1007104K) From: 7034K(125824K)->6823K(125824K)
[96.036s][info][gc,heap        ] GC(183) Tenured: 1412404K(2517408K)->1412404K(2517408K)
[96.036s][info][gc,metaspace   ] GC(183) Metaspace: 117837K(123264K)->117837K(123264K) NonClass: 101712K(103296K)->101712K(103296K) Class: 16124K(19968K)->16124K(19968K)
[96.036s][info][gc             ] GC(183) Pause Young (Allocation Failure) 2369M->1385M(3564M) 7.951ms
[96.036s][info][gc,cpu         ] GC(183) User=0.03s Sys=0.02s Real=0.02s
[96.105s][info][gc,start       ] GC(184) Pause Young (Allocation Failure)
[96.114s][info][gc,heap        ] GC(184) DefNew: 1013927K(1132928K)->6851K(1132928K) Eden: 1007104K(1007104K)->0K(1007104K) From: 6823K(125824K)->6851K(125824K)
[96.114s][info][gc,heap        ] GC(184) Tenured: 1412404K(2517408K)->1412404K(2517408K)
[96.114s][info][gc,metaspace   ] GC(184) Metaspace: 117839K(123264K)->117839K(123264K) NonClass: 101715K(103296K)->101715K(103296K) Class: 16124K(19968K)->16124K(19968K)
[96.114s][info][gc             ] GC(184) Pause Young (Allocation Failure) 2369M->1385M(3564M) 8.478ms
[96.114s][info][gc,cpu         ] GC(184) User=0.03s Sys=0.00s Real=0.01s
[96.189s][info][gc,start       ] GC(185) Pause Young (Allocation Failure)
[96.203s][info][gc,heap        ] GC(185) DefNew: 1013955K(1132928K)->1890K(1132928K) Eden: 1007104K(1007104K)->0K(1007104K) From: 6851K(125824K)->1890K(125824K)
[96.203s][info][gc,heap        ] GC(185) Tenured: 1412404K(2517408K)->1418663K(2517408K)
[96.203s][info][gc,metaspace   ] GC(185) Metaspace: 117839K(123264K)->117839K(123264K) NonClass: 101715K(103296K)->101715K(103296K) Class: 16124K(19968K)->16124K(19968K)
[96.203s][info][gc             ] GC(185) Pause Young (Allocation Failure) 2369M->1387M(3564M) 14.602ms
[96.203s][info][gc,cpu         ] GC(185) User=0.03s Sys=0.00s Real=0.01s
[97.133s][info][gc,start       ] GC(186) Pause Full (System.gc())
[97.133s][info][gc,phases,start] GC(186) Phase 1: Mark live objects
[97.210s][info][gc,phases      ] GC(186) Phase 1: Mark live objects 76.900ms
[97.210s][info][gc,phases,start] GC(186) Phase 2: Compute new object addresses
[97.287s][info][gc,phases      ] GC(186) Phase 2: Compute new object addresses 76.793ms
[97.287s][info][gc,phases,start] GC(186) Phase 3: Adjust pointers
[97.319s][info][gc,phases      ] GC(186) Phase 3: Adjust pointers 31.929ms
[97.319s][info][gc,phases,start] GC(186) Phase 4: Move objects
[97.319s][info][gc,phases      ] GC(186) Phase 4: Move objects 0.107ms
[97.320s][info][gc,heap        ] GC(186) DefNew: 275442K(1132928K)->0K(1132928K) Eden: 273552K(1007104K)->0K(1007104K) From: 1890K(125824K)->0K(125824K)
[97.320s][info][gc,heap        ] GC(186) Tenured: 1418663K(2517408K)->1418882K(2517408K)
[97.320s][info][gc,metaspace   ] GC(186) Metaspace: 117885K(123264K)->117885K(123264K) NonClass: 101761K(103296K)->101761K(103296K) Class: 16124K(19968K)->16124K(19968K)
[97.320s][info][gc             ] GC(186) Pause Full (System.gc()) 1654M->1385M(3564M) 187.094ms
[97.320s][info][gc,cpu         ] GC(186) User=0.20s Sys=0.00s Real=0.20s
[97.496s][info][gc,start       ] GC(187) Pause Young (Allocation Failure)
[97.508s][info][gc,heap        ] GC(187) DefNew: 1007104K(1132928K)->6493K(1132928K) Eden: 1007104K(1007104K)->0K(1007104K) From: 0K(125824K)->6493K(125824K)
[97.508s][info][gc,heap        ] GC(187) Tenured: 1418882K(2517408K)->1418882K(2517408K)
[97.508s][info][gc,metaspace   ] GC(187) Metaspace: 118296K(123328K)->118296K(123328K) NonClass: 102172K(103360K)->102172K(103360K) Class: 16124K(19968K)->16124K(19968K)
[97.508s][info][gc             ] GC(187) Pause Young (Allocation Failure) 2369M->1391M(3564M) 12.235ms
[97.508s][info][gc,cpu         ] GC(187) User=0.00s Sys=0.00s Real=0.00s
[97.579s][info][gc,start       ] GC(188) Pause Young (Allocation Failure)
[97.587s][info][gc,heap        ] GC(188) DefNew: 1013597K(1132928K)->6699K(1132928K) Eden: 1007104K(1007104K)->0K(1007104K) From: 6493K(125824K)->6699K(125824K)
[97.587s][info][gc,heap        ] GC(188) Tenured: 1418882K(2517408K)->1418882K(2517408K)
[97.587s][info][gc,metaspace   ] GC(188) Metaspace: 118297K(123328K)->118297K(123328K) NonClass: 102172K(103360K)->102172K(103360K) Class: 16124K(19968K)->16124K(19968K)
[97.587s][info][gc             ] GC(188) Pause Young (Allocation Failure) 2375M->1392M(3564M) 7.848ms
[97.587s][info][gc,cpu         ] GC(188) User=0.00s Sys=0.00s Real=0.00s
[97.657s][info][gc,start       ] GC(189) Pause Young (Allocation Failure)
[97.665s][info][gc,heap        ] GC(189) DefNew: 1013803K(1132928K)->6711K(1132928K) Eden: 1007104K(1007104K)->0K(1007104K) From: 6699K(125824K)->6711K(125824K)
[97.665s][info][gc,heap        ] GC(189) Tenured: 1418882K(2517408K)->1418882K(2517408K)
[97.665s][info][gc,metaspace   ] GC(189) Metaspace: 118297K(123328K)->118297K(123328K) NonClass: 102172K(103360K)->102172K(103360K) Class: 16124K(19968K)->16124K(19968K)
[97.665s][info][gc             ] GC(189) Pause Young (Allocation Failure) 2375M->1392M(3564M) 7.724ms
[97.665s][info][gc,cpu         ] GC(189) User=0.00s Sys=0.00s Real=0.00s
[97.735s][info][gc,start       ] GC(190) Pause Young (Allocation Failure)
[97.742s][info][gc,heap        ] GC(190) DefNew: 1013815K(1132928K)->6716K(1132928K) Eden: 1007104K(1007104K)->0K(1007104K) From: 6711K(125824K)->6716K(125824K)
[97.742s][info][gc,heap        ] GC(190) Tenured: 1418882K(2517408K)->1418882K(2517408K)
[97.742s][info][gc,metaspace   ] GC(190) Metaspace: 118297K(123328K)->118297K(123328K) NonClass: 102172K(103360K)->102172K(103360K) Class: 16124K(19968K)->16124K(19968K)
[97.742s][info][gc             ] GC(190) Pause Young (Allocation Failure) 2375M->1392M(3564M) 7.740ms
[97.742s][info][gc,cpu         ] GC(190) User=0.00s Sys=0.00s Real=0.00s
[97.812s][info][gc,start       ] GC(191) Pause Young (Allocation Failure)
[97.819s][info][gc,heap        ] GC(191) DefNew: 1013820K(1132928K)->6688K(1132928K) Eden: 1007104K(1007104K)->0K(1007104K) From: 6716K(125824K)->6688K(125824K)
[97.819s][info][gc,heap        ] GC(191) Tenured: 1418882K(2517408K)->1418882K(2517408K)
[97.819s][info][gc,metaspace   ] GC(191) Metaspace: 118297K(123328K)->118297K(123328K) NonClass: 102172K(103360K)->102172K(103360K) Class: 16124K(19968K)->16124K(19968K)
[97.819s][info][gc             ] GC(191) Pause Young (Allocation Failure) 2375M->1392M(3564M) 7.767ms
[97.819s][info][gc,cpu         ] GC(191) User=0.00s Sys=0.00s Real=0.00s
[97.888s][info][gc,start       ] GC(192) Pause Young (Allocation Failure)
[97.896s][info][gc,heap        ] GC(192) DefNew: 1013792K(1132928K)->6675K(1132928K) Eden: 1007104K(1007104K)->0K(1007104K) From: 6688K(125824K)->6675K(125824K)
[97.896s][info][gc,heap        ] GC(192) Tenured: 1418882K(2517408K)->1418882K(2517408K)
[97.896s][info][gc,metaspace   ] GC(192) Metaspace: 118297K(123328K)->118297K(123328K) NonClass: 102172K(103360K)->102172K(103360K) Class: 16124K(19968K)->16124K(19968K)
[97.896s][info][gc             ] GC(192) Pause Young (Allocation Failure) 2375M->1392M(3564M) 7.761ms
[97.896s][info][gc,cpu         ] GC(192) User=0.00s Sys=0.00s Real=0.00s
[97.964s][info][gc,start       ] GC(193) Pause Young (Allocation Failure)
[97.972s][info][gc,heap        ] GC(193) DefNew: 1013779K(1132928K)->6708K(1132928K) Eden: 1007104K(1007104K)->0K(1007104K) From: 6675K(125824K)->6708K(125824K)
[97.972s][info][gc,heap        ] GC(193) Tenured: 1418882K(2517408K)->1418882K(2517408K)
[97.972s][info][gc,metaspace   ] GC(193) Metaspace: 118297K(123328K)->118297K(123328K) NonClass: 102172K(103360K)->102172K(103360K) Class: 16124K(19968K)->16124K(19968K)
[97.972s][info][gc             ] GC(193) Pause Young (Allocation Failure) 2375M->1392M(3564M) 7.741ms
[97.972s][info][gc,cpu         ] GC(193) User=0.00s Sys=0.00s Real=0.00s
[98.040s][info][gc,start       ] GC(194) Pause Young (Allocation Failure)
[98.048s][info][gc,heap        ] GC(194) DefNew: 1013812K(1132928K)->6690K(1132928K) Eden: 1007104K(1007104K)->0K(1007104K) From: 6708K(125824K)->6690K(125824K)
[98.048s][info][gc,heap        ] GC(194) Tenured: 1418882K(2517408K)->1418882K(2517408K)
[98.048s][info][gc,metaspace   ] GC(194) Metaspace: 118297K(123328K)->118297K(123328K) NonClass: 102172K(103360K)->102172K(103360K) Class: 16124K(19968K)->16124K(19968K)
[98.048s][info][gc             ] GC(194) Pause Young (Allocation Failure) 2375M->1392M(3564M) 7.796ms
[98.048s][info][gc,cpu         ] GC(194) User=0.00s Sys=0.00s Real=0.00s
[98.118s][info][gc,start       ] GC(195) Pause Young (Allocation Failure)
[98.125s][info][gc,heap        ] GC(195) DefNew: 1013794K(1132928K)->6777K(1132928K) Eden: 1007104K(1007104K)->0K(1007104K) From: 6690K(125824K)->6777K(125824K)
[98.125s][info][gc,heap        ] GC(195) Tenured: 1418882K(2517408K)->1418882K(2517408K)
[98.125s][info][gc,metaspace   ] GC(195) Metaspace: 118309K(123328K)->118309K(123328K) NonClass: 102184K(103360K)->102184K(103360K) Class: 16124K(19968K)->16124K(19968K)
[98.126s][info][gc             ] GC(195) Pause Young (Allocation Failure) 2375M->1392M(3564M) 8.039ms
[98.126s][info][gc,cpu         ] GC(195) User=0.06s Sys=0.00s Real=0.02s
[98.195s][info][gc,start       ] GC(196) Pause Young (Allocation Failure)
[98.203s][info][gc,heap        ] GC(196) DefNew: 1013881K(1132928K)->6783K(1132928K) Eden: 1007104K(1007104K)->0K(1007104K) From: 6777K(125824K)->6783K(125824K)
[98.203s][info][gc,heap        ] GC(196) Tenured: 1418882K(2517408K)->1418882K(2517408K)
[98.203s][info][gc,metaspace   ] GC(196) Metaspace: 118309K(123328K)->118309K(123328K) NonClass: 102184K(103360K)->102184K(103360K) Class: 16124K(19968K)->16124K(19968K)
[98.203s][info][gc             ] GC(196) Pause Young (Allocation Failure) 2375M->1392M(3564M) 7.952ms
[98.203s][info][gc,cpu         ] GC(196) User=0.03s Sys=0.00s Real=0.02s
[98.271s][info][gc,start       ] GC(197) Pause Young (Allocation Failure)
[98.279s][info][gc,heap        ] GC(197) DefNew: 1013887K(1132928K)->6801K(1132928K) Eden: 1007104K(1007104K)->0K(1007104K) From: 6783K(125824K)->6801K(125824K)
[98.279s][info][gc,heap        ] GC(197) Tenured: 1418882K(2517408K)->1418882K(2517408K)
[98.279s][info][gc,metaspace   ] GC(197) Metaspace: 118309K(123328K)->118309K(123328K) NonClass: 102184K(103360K)->102184K(103360K) Class: 16124K(19968K)->16124K(19968K)
[98.279s][info][gc             ] GC(197) Pause Young (Allocation Failure) 2375M->1392M(3564M) 7.864ms
[98.279s][info][gc,cpu         ] GC(197) User=0.00s Sys=0.00s Real=0.00s
[98.348s][info][gc,start       ] GC(198) Pause Young (Allocation Failure)
[98.355s][info][gc,heap        ] GC(198) DefNew: 1013905K(1132928K)->6788K(1132928K) Eden: 1007104K(1007104K)->0K(1007104K) From: 6801K(125824K)->6788K(125824K)
[98.355s][info][gc,heap        ] GC(198) Tenured: 1418882K(2517408K)->1418882K(2517408K)
[98.355s][info][gc,metaspace   ] GC(198) Metaspace: 118309K(123328K)->118309K(123328K) NonClass: 102184K(103360K)->102184K(103360K) Class: 16124K(19968K)->16124K(19968K)
[98.355s][info][gc             ] GC(198) Pause Young (Allocation Failure) 2375M->1392M(3564M) 7.846ms
[98.355s][info][gc,cpu         ] GC(198) User=0.00s Sys=0.00s Real=0.00s
[98.424s][info][gc,start       ] GC(199) Pause Young (Allocation Failure)
[98.432s][info][gc,heap        ] GC(199) DefNew: 1013892K(1132928K)->6775K(1132928K) Eden: 1007104K(1007104K)->0K(1007104K) From: 6788K(125824K)->6775K(125824K)
[98.432s][info][gc,heap        ] GC(199) Tenured: 1418882K(2517408K)->1418882K(2517408K)
[98.432s][info][gc,metaspace   ] GC(199) Metaspace: 118309K(123328K)->118309K(123328K) NonClass: 102184K(103360K)->102184K(103360K) Class: 16124K(19968K)->16124K(19968K)
[98.432s][info][gc             ] GC(199) Pause Young (Allocation Failure) 2375M->1392M(3564M) 7.905ms
[98.432s][info][gc,cpu         ] GC(199) User=0.00s Sys=0.00s Real=0.00s
[98.500s][info][gc,start       ] GC(200) Pause Young (Allocation Failure)
[98.508s][info][gc,heap        ] GC(200) DefNew: 1013879K(1132928K)->6914K(1132928K) Eden: 1007104K(1007104K)->0K(1007104K) From: 6775K(125824K)->6914K(125824K)
[98.508s][info][gc,heap        ] GC(200) Tenured: 1418882K(2517408K)->1418882K(2517408K)
[98.508s][info][gc,metaspace   ] GC(200) Metaspace: 118309K(123328K)->118309K(123328K) NonClass: 102184K(103360K)->102184K(103360K) Class: 16124K(19968K)->16124K(19968K)
[98.508s][info][gc             ] GC(200) Pause Young (Allocation Failure) 2375M->1392M(3564M) 8.088ms
[98.508s][info][gc,cpu         ] GC(200) User=0.00s Sys=0.00s Real=0.00s
[98.577s][info][gc,start       ] GC(201) Pause Young (Allocation Failure)
[98.585s][info][gc,heap        ] GC(201) DefNew: 1014018K(1132928K)->6940K(1132928K) Eden: 1007104K(1007104K)->0K(1007104K) From: 6914K(125824K)->6940K(125824K)
[98.585s][info][gc,heap        ] GC(201) Tenured: 1418882K(2517408K)->1418882K(2517408K)
[98.585s][info][gc,metaspace   ] GC(201) Metaspace: 118310K(123328K)->118310K(123328K) NonClass: 102185K(103360K)->102185K(103360K) Class: 16124K(19968K)->16124K(19968K)
[98.585s][info][gc             ] GC(201) Pause Young (Allocation Failure) 2375M->1392M(3564M) 8.396ms
[98.586s][info][gc,cpu         ] GC(201) User=0.00s Sys=0.00s Real=0.00s
[98.659s][info][gc,start       ] GC(202) Pause Young (Allocation Failure)
[98.671s][info][gc,heap        ] GC(202) DefNew: 1014044K(1132928K)->2790K(1132928K) Eden: 1007104K(1007104K)->0K(1007104K) From: 6940K(125824K)->2790K(125824K)
[98.671s][info][gc,heap        ] GC(202) Tenured: 1418882K(2517408K)->1424909K(2517408K)
[98.671s][info][gc,metaspace   ] GC(202) Metaspace: 118361K(123328K)->118361K(123328K) NonClass: 102236K(103360K)->102236K(103360K) Class: 16124K(19968K)->16124K(19968K)
[98.672s][info][gc             ] GC(202) Pause Young (Allocation Failure) 2375M->1394M(3564M) 12.757ms
[98.672s][info][gc,cpu         ] GC(202) User=0.00s Sys=0.00s Real=0.00s
[99.247s][info][gc,start       ] GC(203) Pause Full (System.gc())
[99.247s][info][gc,phases,start] GC(203) Phase 1: Mark live objects
[99.314s][info][gc,phases      ] GC(203) Phase 1: Mark live objects 67.496ms
[99.314s][info][gc,phases,start] GC(203) Phase 2: Compute new object addresses
[99.392s][info][gc,phases      ] GC(203) Phase 2: Compute new object addresses 77.251ms
[99.392s][info][gc,phases,start] GC(203) Phase 3: Adjust pointers
[99.427s][info][gc,phases      ] GC(203) Phase 3: Adjust pointers 34.918ms
[99.427s][info][gc,phases,start] GC(203) Phase 4: Move objects
[99.674s][info][gc,phases      ] GC(203) Phase 4: Move objects 247.052ms
[99.675s][info][gc,heap        ] GC(203) DefNew: 284925K(1132928K)->0K(1132928K) Eden: 282135K(1007104K)->0K(1007104K) From: 2790K(125824K)->0K(125824K)
[99.675s][info][gc,heap        ] GC(203) Tenured: 1424909K(2517408K)->1399989K(2517408K)
[99.675s][info][gc,metaspace   ] GC(203) Metaspace: 118510K(123328K)->118510K(123328K) NonClass: 102385K(103360K)->102385K(103360K) Class: 16125K(19968K)->16125K(19968K)
[99.675s][info][gc             ] GC(203) Pause Full (System.gc()) 1669M->1367M(3564M) 428.194ms
[99.675s][info][gc,cpu         ] GC(203) User=0.42s Sys=0.00s Real=0.42s
[99.833s][info][gc,start       ] GC(204) Pause Young (Allocation Failure)
[99.845s][info][gc,heap        ] GC(204) DefNew: 1007104K(1132928K)->6688K(1132928K) Eden: 1007104K(1007104K)->0K(1007104K) From: 0K(125824K)->6688K(125824K)
[99.845s][info][gc,heap        ] GC(204) Tenured: 1399989K(2517408K)->1399989K(2517408K)
[99.845s][info][gc,metaspace   ] GC(204) Metaspace: 118663K(123392K)->118663K(123392K) NonClass: 102538K(103424K)->102538K(103424K) Class: 16125K(19968K)->16125K(19968K)
[99.846s][info][gc             ] GC(204) Pause Young (Allocation Failure) 2350M->1373M(3564M) 12.791ms
[99.846s][info][gc,cpu         ] GC(204) User=0.05s Sys=0.00s Real=0.02s
[99.914s][info][gc,start       ] GC(205) Pause Young (Allocation Failure)
[99.922s][info][gc,heap        ] GC(205) DefNew: 1013792K(1132928K)->6727K(1132928K) Eden: 1007104K(1007104K)->0K(1007104K) From: 6688K(125824K)->6727K(125824K)
[99.922s][info][gc,heap        ] GC(205) Tenured: 1399989K(2517408K)->1399989K(2517408K)
[99.922s][info][gc,metaspace   ] GC(205) Metaspace: 118663K(123392K)->118663K(123392K) NonClass: 102538K(103424K)->102538K(103424K) Class: 16125K(19968K)->16125K(19968K)
[99.922s][info][gc             ] GC(205) Pause Young (Allocation Failure) 2357M->1373M(3564M) 7.941ms
[99.922s][info][gc,cpu         ] GC(205) User=0.00s Sys=0.00s Real=0.00s
[99.990s][info][gc,start       ] GC(206) Pause Young (Allocation Failure)
[99.998s][info][gc,heap        ] GC(206) DefNew: 1013831K(1132928K)->6723K(1132928K) Eden: 1007104K(1007104K)->0K(1007104K) From: 6727K(125824K)->6723K(125824K)
[99.998s][info][gc,heap        ] GC(206) Tenured: 1399989K(2517408K)->1399989K(2517408K)
[99.998s][info][gc,metaspace   ] GC(206) Metaspace: 118663K(123392K)->118663K(123392K) NonClass: 102538K(103424K)->102538K(103424K) Class: 16125K(19968K)->16125K(19968K)
[99.998s][info][gc             ] GC(206) Pause Young (Allocation Failure) 2357M->1373M(3564M) 7.819ms
[99.998s][info][gc,cpu         ] GC(206) User=0.00s Sys=0.00s Real=0.00s
[100.066s][info][gc,start       ] GC(207) Pause Young (Allocation Failure)
[100.073s][info][gc,heap        ] GC(207) DefNew: 1013827K(1132928K)->6719K(1132928K) Eden: 1007104K(1007104K)->0K(1007104K) From: 6723K(125824K)->6719K(125824K)
[100.073s][info][gc,heap        ] GC(207) Tenured: 1399989K(2517408K)->1399989K(2517408K)
[100.073s][info][gc,metaspace   ] GC(207) Metaspace: 118663K(123392K)->118663K(123392K) NonClass: 102538K(103424K)->102538K(103424K) Class: 16125K(19968K)->16125K(19968K)
[100.073s][info][gc             ] GC(207) Pause Young (Allocation Failure) 2357M->1373M(3564M) 7.700ms
[100.073s][info][gc,cpu         ] GC(207) User=0.00s Sys=0.00s Real=0.00s
[100.141s][info][gc,start       ] GC(208) Pause Young (Allocation Failure)
[100.149s][info][gc,heap        ] GC(208) DefNew: 1013823K(1132928K)->6721K(1132928K) Eden: 1007104K(1007104K)->0K(1007104K) From: 6719K(125824K)->6721K(125824K)
[100.149s][info][gc,heap        ] GC(208) Tenured: 1399989K(2517408K)->1399989K(2517408K)
[100.149s][info][gc,metaspace   ] GC(208) Metaspace: 118663K(123392K)->118663K(123392K) NonClass: 102538K(103424K)->102538K(103424K) Class: 16125K(19968K)->16125K(19968K)
[100.149s][info][gc             ] GC(208) Pause Young (Allocation Failure) 2357M->1373M(3564M) 7.797ms
[100.149s][info][gc,cpu         ] GC(208) User=0.00s Sys=0.00s Real=0.00s
[100.216s][info][gc,start       ] GC(209) Pause Young (Allocation Failure)
[100.224s][info][gc,heap        ] GC(209) DefNew: 1013825K(1132928K)->6711K(1132928K) Eden: 1007104K(1007104K)->0K(1007104K) From: 6721K(125824K)->6711K(125824K)
[100.224s][info][gc,heap        ] GC(209) Tenured: 1399989K(2517408K)->1399989K(2517408K)
[100.224s][info][gc,metaspace   ] GC(209) Metaspace: 118663K(123392K)->118663K(123392K) NonClass: 102538K(103424K)->102538K(103424K) Class: 16125K(19968K)->16125K(19968K)
[100.224s][info][gc             ] GC(209) Pause Young (Allocation Failure) 2357M->1373M(3564M) 7.820ms
[100.224s][info][gc,cpu         ] GC(209) User=0.03s Sys=0.00s Real=0.02s
[100.292s][info][gc,start       ] GC(210) Pause Young (Allocation Failure)
[100.299s][info][gc,heap        ] GC(210) DefNew: 1013815K(1132928K)->6727K(1132928K) Eden: 1007104K(1007104K)->0K(1007104K) From: 6711K(125824K)->6727K(125824K)
[100.300s][info][gc,heap        ] GC(210) Tenured: 1399989K(2517408K)->1399989K(2517408K)
[100.300s][info][gc,metaspace   ] GC(210) Metaspace: 118663K(123392K)->118663K(123392K) NonClass: 102538K(103424K)->102538K(103424K) Class: 16125K(19968K)->16125K(19968K)
[100.300s][info][gc             ] GC(210) Pause Young (Allocation Failure) 2357M->1373M(3564M) 7.765ms
[100.300s][info][gc,cpu         ] GC(210) User=0.00s Sys=0.00s Real=0.00s
[100.367s][info][gc,start       ] GC(211) Pause Young (Allocation Failure)
[100.375s][info][gc,heap        ] GC(211) DefNew: 1013831K(1132928K)->6731K(1132928K) Eden: 1007104K(1007104K)->0K(1007104K) From: 6727K(125824K)->6731K(125824K)
[100.375s][info][gc,heap        ] GC(211) Tenured: 1399989K(2517408K)->1399989K(2517408K)
[100.375s][info][gc,metaspace   ] GC(211) Metaspace: 118663K(123392K)->118663K(123392K) NonClass: 102538K(103424K)->102538K(103424K) Class: 16125K(19968K)->16125K(19968K)
[100.375s][info][gc             ] GC(211) Pause Young (Allocation Failure) 2357M->1373M(3564M) 7.736ms
[100.375s][info][gc,cpu         ] GC(211) User=0.03s Sys=0.00s Real=0.01s
[100.442s][info][gc,start       ] GC(212) Pause Young (Allocation Failure)
[100.450s][info][gc,heap        ] GC(212) DefNew: 1013835K(1132928K)->6727K(1132928K) Eden: 1007104K(1007104K)->0K(1007104K) From: 6731K(125824K)->6727K(125824K)
[100.450s][info][gc,heap        ] GC(212) Tenured: 1399989K(2517408K)->1399989K(2517408K)
[100.450s][info][gc,metaspace   ] GC(212) Metaspace: 118663K(123392K)->118663K(123392K) NonClass: 102538K(103424K)->102538K(103424K) Class: 16125K(19968K)->16125K(19968K)
[100.450s][info][gc             ] GC(212) Pause Young (Allocation Failure) 2357M->1373M(3564M) 7.668ms
[100.450s][info][gc,cpu         ] GC(212) User=0.02s Sys=0.00s Real=0.02s
[100.518s][info][gc,start       ] GC(213) Pause Young (Allocation Failure)
[100.525s][info][gc,heap        ] GC(213) DefNew: 1013831K(1132928K)->6737K(1132928K) Eden: 1007104K(1007104K)->0K(1007104K) From: 6727K(125824K)->6737K(125824K)
[100.525s][info][gc,heap        ] GC(213) Tenured: 1399989K(2517408K)->1399989K(2517408K)
[100.525s][info][gc,metaspace   ] GC(213) Metaspace: 118663K(123392K)->118663K(123392K) NonClass: 102538K(103424K)->102538K(103424K) Class: 16125K(19968K)->16125K(19968K)
[100.525s][info][gc             ] GC(213) Pause Young (Allocation Failure) 2357M->1373M(3564M) 7.630ms
[100.525s][info][gc,cpu         ] GC(213) User=0.00s Sys=0.00s Real=0.00s
[100.593s][info][gc,start       ] GC(214) Pause Young (Allocation Failure)
[100.600s][info][gc,heap        ] GC(214) DefNew: 1013841K(1132928K)->6752K(1132928K) Eden: 1007104K(1007104K)->0K(1007104K) From: 6737K(125824K)->6752K(125824K)
[100.600s][info][gc,heap        ] GC(214) Tenured: 1399989K(2517408K)->1399989K(2517408K)
[100.600s][info][gc,metaspace   ] GC(214) Metaspace: 118663K(123392K)->118663K(123392K) NonClass: 102538K(103424K)->102538K(103424K) Class: 16125K(19968K)->16125K(19968K)
[100.600s][info][gc             ] GC(214) Pause Young (Allocation Failure) 2357M->1373M(3564M) 7.694ms
[100.600s][info][gc,cpu         ] GC(214) User=0.00s Sys=0.00s Real=0.00s
[100.668s][info][gc,start       ] GC(215) Pause Young (Allocation Failure)
[100.676s][info][gc,heap        ] GC(215) DefNew: 1013856K(1132928K)->6714K(1132928K) Eden: 1007104K(1007104K)->0K(1007104K) From: 6752K(125824K)->6714K(125824K)
[100.676s][info][gc,heap        ] GC(215) Tenured: 1399989K(2517408K)->1399989K(2517408K)
[100.676s][info][gc,metaspace   ] GC(215) Metaspace: 118663K(123392K)->118663K(123392K) NonClass: 102538K(103424K)->102538K(103424K) Class: 16125K(19968K)->16125K(19968K)
[100.676s][info][gc             ] GC(215) Pause Young (Allocation Failure) 2357M->1373M(3564M) 7.670ms
[100.676s][info][gc,cpu         ] GC(215) User=0.00s Sys=0.00s Real=0.00s
[100.743s][info][gc,start       ] GC(216) Pause Young (Allocation Failure)
[100.751s][info][gc,heap        ] GC(216) DefNew: 1013818K(1132928K)->6846K(1132928K) Eden: 1007104K(1007104K)->0K(1007104K) From: 6714K(125824K)->6846K(125824K)
[100.751s][info][gc,heap        ] GC(216) Tenured: 1399989K(2517408K)->1399989K(2517408K)
[100.751s][info][gc,metaspace   ] GC(216) Metaspace: 118663K(123392K)->118663K(123392K) NonClass: 102538K(103424K)->102538K(103424K) Class: 16125K(19968K)->16125K(19968K)
[100.751s][info][gc             ] GC(216) Pause Young (Allocation Failure) 2357M->1373M(3564M) 7.966ms
[100.751s][info][gc,cpu         ] GC(216) User=0.00s Sys=0.00s Real=0.00s
[100.819s][info][gc,start       ] GC(217) Pause Young (Allocation Failure)
[100.827s][info][gc,heap        ] GC(217) DefNew: 1013950K(1132928K)->6798K(1132928K) Eden: 1007104K(1007104K)->0K(1007104K) From: 6846K(125824K)->6798K(125824K)
[100.827s][info][gc,heap        ] GC(217) Tenured: 1399989K(2517408K)->1399989K(2517408K)
[100.827s][info][gc,metaspace   ] GC(217) Metaspace: 118663K(123392K)->118663K(123392K) NonClass: 102538K(103424K)->102538K(103424K) Class: 16125K(19968K)->16125K(19968K)
[100.827s][info][gc             ] GC(217) Pause Young (Allocation Failure) 2357M->1373M(3564M) 7.723ms
[100.827s][info][gc,cpu         ] GC(217) User=0.00s Sys=0.00s Real=0.00s
[100.894s][info][gc,start       ] GC(218) Pause Young (Allocation Failure)
[100.902s][info][gc,heap        ] GC(218) DefNew: 1013902K(1132928K)->6770K(1132928K) Eden: 1007104K(1007104K)->0K(1007104K) From: 6798K(125824K)->6770K(125824K)
[100.902s][info][gc,heap        ] GC(218) Tenured: 1399989K(2517408K)->1399989K(2517408K)
[100.902s][info][gc,metaspace   ] GC(218) Metaspace: 118663K(123392K)->118663K(123392K) NonClass: 102538K(103424K)->102538K(103424K) Class: 16125K(19968K)->16125K(19968K)
[100.902s][info][gc             ] GC(218) Pause Young (Allocation Failure) 2357M->1373M(3564M) 7.906ms
[100.902s][info][gc,cpu         ] GC(218) User=0.00s Sys=0.00s Real=0.00s
[100.973s][info][gc,start       ] GC(219) Pause Young (Allocation Failure)
[100.984s][info][gc,heap        ] GC(219) DefNew: 1013874K(1132928K)->1244K(1132928K) Eden: 1007104K(1007104K)->0K(1007104K) From: 6770K(125824K)->1244K(125824K)
[100.984s][info][gc,heap        ] GC(219) Tenured: 1399989K(2517408K)->1406390K(2517408K)
[100.984s][info][gc,metaspace   ] GC(219) Metaspace: 118663K(123392K)->118663K(123392K) NonClass: 102538K(103424K)->102538K(103424K) Class: 16125K(19968K)->16125K(19968K)
[100.984s][info][gc             ] GC(219) Pause Young (Allocation Failure) 2357M->1374M(3564M) 10.896ms
[100.984s][info][gc,cpu         ] GC(219) User=0.00s Sys=0.00s Real=0.00s
[101.571s][info][gc,start       ] GC(220) Pause Full (System.gc())
[101.571s][info][gc,phases,start] GC(220) Phase 1: Mark live objects
[101.642s][info][gc,phases      ] GC(220) Phase 1: Mark live objects 71.547ms
[101.642s][info][gc,phases,start] GC(220) Phase 2: Compute new object addresses
[101.714s][info][gc,phases      ] GC(220) Phase 2: Compute new object addresses 71.100ms
[101.714s][info][gc,phases,start] GC(220) Phase 3: Adjust pointers
[101.747s][info][gc,phases      ] GC(220) Phase 3: Adjust pointers 33.859ms
[101.747s][info][gc,phases,start] GC(220) Phase 4: Move objects
[101.748s][info][gc,phases      ] GC(220) Phase 4: Move objects 0.113ms
[101.748s][info][gc,heap        ] GC(220) DefNew: 261849K(1132928K)->0K(1132928K) Eden: 260605K(1007104K)->0K(1007104K) From: 1244K(125824K)->0K(125824K)
[101.748s][info][gc,heap        ] GC(220) Tenured: 1406390K(2517408K)->1406602K(2517408K)
[101.749s][info][gc,metaspace   ] GC(220) Metaspace: 118758K(123456K)->118758K(123456K) NonClass: 102631K(103488K)->102631K(103488K) Class: 16127K(19968K)->16127K(19968K)
[101.749s][info][gc             ] GC(220) Pause Full (System.gc()) 1629M->1373M(3564M) 177.954ms
[101.749s][info][gc,cpu         ] GC(220) User=0.17s Sys=0.00s Real=0.17s
[101.906s][info][gc,start       ] GC(221) Pause Young (Allocation Failure)
[101.919s][info][gc,heap        ] GC(221) DefNew: 1007104K(1132928K)->6653K(1132928K) Eden: 1007104K(1007104K)->0K(1007104K) From: 0K(125824K)->6653K(125824K)
[101.919s][info][gc,heap        ] GC(221) Tenured: 1406602K(2517408K)->1406602K(2517408K)
[101.919s][info][gc,metaspace   ] GC(221) Metaspace: 118966K(123648K)->118966K(123648K) NonClass: 102839K(103680K)->102839K(103680K) Class: 16127K(19968K)->16127K(19968K)
[101.919s][info][gc             ] GC(221) Pause Young (Allocation Failure) 2357M->1380M(3564M) 12.312ms
[101.919s][info][gc,cpu         ] GC(221) User=0.00s Sys=0.00s Real=0.00s
[101.988s][info][gc,start       ] GC(222) Pause Young (Allocation Failure)
[101.996s][info][gc,heap        ] GC(222) DefNew: 1013757K(1132928K)->6734K(1132928K) Eden: 1007104K(1007104K)->0K(1007104K) From: 6653K(125824K)->6734K(125824K)
[101.996s][info][gc,heap        ] GC(222) Tenured: 1406602K(2517408K)->1406602K(2517408K)
[101.996s][info][gc,metaspace   ] GC(222) Metaspace: 118966K(123648K)->118966K(123648K) NonClass: 102839K(103680K)->102839K(103680K) Class: 16127K(19968K)->16127K(19968K)
[101.996s][info][gc             ] GC(222) Pause Young (Allocation Failure) 2363M->1380M(3564M) 8.209ms
[101.996s][info][gc,cpu         ] GC(222) User=0.00s Sys=0.00s Real=0.00s
[102.064s][info][gc,start       ] GC(223) Pause Young (Allocation Failure)
[102.075s][info][gc,heap        ] GC(223) DefNew: 1013838K(1132928K)->6738K(1132928K) Eden: 1007104K(1007104K)->0K(1007104K) From: 6734K(125824K)->6738K(125824K)
[102.075s][info][gc,heap        ] GC(223) Tenured: 1406602K(2517408K)->1406602K(2517408K)
[102.075s][info][gc,metaspace   ] GC(223) Metaspace: 118966K(123648K)->118966K(123648K) NonClass: 102839K(103680K)->102839K(103680K) Class: 16127K(19968K)->16127K(19968K)
[102.075s][info][gc             ] GC(223) Pause Young (Allocation Failure) 2363M->1380M(3564M) 10.955ms
[102.075s][info][gc,cpu         ] GC(223) User=0.03s Sys=0.00s Real=0.02s
[102.144s][info][gc,start       ] GC(224) Pause Young (Allocation Failure)
[102.151s][info][gc,heap        ] GC(224) DefNew: 1013842K(1132928K)->6725K(1132928K) Eden: 1007104K(1007104K)->0K(1007104K) From: 6738K(125824K)->6725K(125824K)
[102.152s][info][gc,heap        ] GC(224) Tenured: 1406602K(2517408K)->1406602K(2517408K)
[102.152s][info][gc,metaspace   ] GC(224) Metaspace: 118966K(123648K)->118966K(123648K) NonClass: 102839K(103680K)->102839K(103680K) Class: 16127K(19968K)->16127K(19968K)
[102.152s][info][gc             ] GC(224) Pause Young (Allocation Failure) 2363M->1380M(3564M) 7.779ms
[102.152s][info][gc,cpu         ] GC(224) User=0.02s Sys=0.00s Real=0.02s
[102.219s][info][gc,start       ] GC(225) Pause Young (Allocation Failure)
[102.227s][info][gc,heap        ] GC(225) DefNew: 1013829K(1132928K)->6721K(1132928K) Eden: 1007104K(1007104K)->0K(1007104K) From: 6725K(125824K)->6721K(125824K)
[102.227s][info][gc,heap        ] GC(225) Tenured: 1406602K(2517408K)->1406602K(2517408K)
[102.227s][info][gc,metaspace   ] GC(225) Metaspace: 118966K(123648K)->118966K(123648K) NonClass: 102839K(103680K)->102839K(103680K) Class: 16127K(19968K)->16127K(19968K)
[102.227s][info][gc             ] GC(225) Pause Young (Allocation Failure) 2363M->1380M(3564M) 7.918ms
[102.227s][info][gc,cpu         ] GC(225) User=0.02s Sys=0.00s Real=0.02s
[102.295s][info][gc,start       ] GC(226) Pause Young (Allocation Failure)
[102.303s][info][gc,heap        ] GC(226) DefNew: 1013825K(1132928K)->6722K(1132928K) Eden: 1007104K(1007104K)->0K(1007104K) From: 6721K(125824K)->6722K(125824K)
[102.303s][info][gc,heap        ] GC(226) Tenured: 1406602K(2517408K)->1406602K(2517408K)
[102.303s][info][gc,metaspace   ] GC(226) Metaspace: 118966K(123648K)->118966K(123648K) NonClass: 102839K(103680K)->102839K(103680K) Class: 16127K(19968K)->16127K(19968K)
[102.303s][info][gc             ] GC(226) Pause Young (Allocation Failure) 2363M->1380M(3564M) 7.766ms
[102.303s][info][gc,cpu         ] GC(226) User=0.02s Sys=0.00s Real=0.02s
[102.371s][info][gc,start       ] GC(227) Pause Young (Allocation Failure)
[102.379s][info][gc,heap        ] GC(227) DefNew: 1013826K(1132928K)->6741K(1132928K) Eden: 1007104K(1007104K)->0K(1007104K) From: 6722K(125824K)->6741K(125824K)
[102.379s][info][gc,heap        ] GC(227) Tenured: 1406602K(2517408K)->1406602K(2517408K)
[102.379s][info][gc,metaspace   ] GC(227) Metaspace: 118966K(123648K)->118966K(123648K) NonClass: 102839K(103680K)->102839K(103680K) Class: 16127K(19968K)->16127K(19968K)
[102.379s][info][gc             ] GC(227) Pause Young (Allocation Failure) 2363M->1380M(3564M) 7.710ms
[102.379s][info][gc,cpu         ] GC(227) User=0.02s Sys=0.00s Real=0.02s
[102.447s][info][gc,start       ] GC(228) Pause Young (Allocation Failure)
[102.455s][info][gc,heap        ] GC(228) DefNew: 1013845K(1132928K)->6719K(1132928K) Eden: 1007104K(1007104K)->0K(1007104K) From: 6741K(125824K)->6719K(125824K)
[102.455s][info][gc,heap        ] GC(228) Tenured: 1406602K(2517408K)->1406602K(2517408K)
[102.455s][info][gc,metaspace   ] GC(228) Metaspace: 118966K(123648K)->118966K(123648K) NonClass: 102839K(103680K)->102839K(103680K) Class: 16127K(19968K)->16127K(19968K)
[102.455s][info][gc             ] GC(228) Pause Young (Allocation Failure) 2363M->1380M(3564M) 7.740ms
[102.455s][info][gc,cpu         ] GC(228) User=0.00s Sys=0.00s Real=0.00s
[102.523s][info][gc,start       ] GC(229) Pause Young (Allocation Failure)
[102.531s][info][gc,heap        ] GC(229) DefNew: 1013823K(1132928K)->6732K(1132928K) Eden: 1007104K(1007104K)->0K(1007104K) From: 6719K(125824K)->6732K(125824K)
[102.531s][info][gc,heap        ] GC(229) Tenured: 1406602K(2517408K)->1406602K(2517408K)
[102.531s][info][gc,metaspace   ] GC(229) Metaspace: 118966K(123648K)->118966K(123648K) NonClass: 102839K(103680K)->102839K(103680K) Class: 16127K(19968K)->16127K(19968K)
[102.531s][info][gc             ] GC(229) Pause Young (Allocation Failure) 2363M->1380M(3564M) 7.664ms
[102.531s][info][gc,cpu         ] GC(229) User=0.00s Sys=0.00s Real=0.00s
[102.599s][info][gc,start       ] GC(230) Pause Young (Allocation Failure)
[102.607s][info][gc,heap        ] GC(230) DefNew: 1013836K(1132928K)->6728K(1132928K) Eden: 1007104K(1007104K)->0K(1007104K) From: 6732K(125824K)->6728K(125824K)
[102.607s][info][gc,heap        ] GC(230) Tenured: 1406602K(2517408K)->1406602K(2517408K)
[102.607s][info][gc,metaspace   ] GC(230) Metaspace: 118966K(123648K)->118966K(123648K) NonClass: 102839K(103680K)->102839K(103680K) Class: 16127K(19968K)->16127K(19968K)
[102.607s][info][gc             ] GC(230) Pause Young (Allocation Failure) 2363M->1380M(3564M) 7.759ms
[102.607s][info][gc,cpu         ] GC(230) User=0.00s Sys=0.00s Real=0.00s
[102.675s][info][gc,start       ] GC(231) Pause Young (Allocation Failure)
[102.683s][info][gc,heap        ] GC(231) DefNew: 1013832K(1132928K)->6724K(1132928K) Eden: 1007104K(1007104K)->0K(1007104K) From: 6728K(125824K)->6724K(125824K)
[102.683s][info][gc,heap        ] GC(231) Tenured: 1406602K(2517408K)->1406602K(2517408K)
[102.683s][info][gc,metaspace   ] GC(231) Metaspace: 118966K(123648K)->118966K(123648K) NonClass: 102839K(103680K)->102839K(103680K) Class: 16127K(19968K)->16127K(19968K)
[102.683s][info][gc             ] GC(231) Pause Young (Allocation Failure) 2363M->1380M(3564M) 7.733ms
[102.683s][info][gc,cpu         ] GC(231) User=0.00s Sys=0.00s Real=0.00s
[102.751s][info][gc,start       ] GC(232) Pause Young (Allocation Failure)
[102.760s][info][gc,heap        ] GC(232) DefNew: 1013828K(1132928K)->6752K(1132928K) Eden: 1007104K(1007104K)->0K(1007104K) From: 6724K(125824K)->6752K(125824K)
[102.760s][info][gc,heap        ] GC(232) Tenured: 1406602K(2517408K)->1406602K(2517408K)
[102.760s][info][gc,metaspace   ] GC(232) Metaspace: 118966K(123648K)->118966K(123648K) NonClass: 102839K(103680K)->102839K(103680K) Class: 16127K(19968K)->16127K(19968K)
[102.760s][info][gc             ] GC(232) Pause Young (Allocation Failure) 2363M->1380M(3564M) 9.275ms
[102.761s][info][gc,cpu         ] GC(232) User=0.00s Sys=0.00s Real=0.00s
[102.829s][info][gc,start       ] GC(233) Pause Young (Allocation Failure)
[102.838s][info][gc,heap        ] GC(233) DefNew: 1013856K(1132928K)->6853K(1132928K) Eden: 1007104K(1007104K)->0K(1007104K) From: 6752K(125824K)->6853K(125824K)
[102.838s][info][gc,heap        ] GC(233) Tenured: 1406602K(2517408K)->1406602K(2517408K)
[102.838s][info][gc,metaspace   ] GC(233) Metaspace: 118966K(123648K)->118966K(123648K) NonClass: 102839K(103680K)->102839K(103680K) Class: 16127K(19968K)->16127K(19968K)
[102.838s][info][gc             ] GC(233) Pause Young (Allocation Failure) 2363M->1380M(3564M) 9.114ms
[102.838s][info][gc,cpu         ] GC(233) User=0.03s Sys=0.00s Real=0.02s
[102.906s][info][gc,start       ] GC(234) Pause Young (Allocation Failure)
[102.914s][info][gc,heap        ] GC(234) DefNew: 1013957K(1132928K)->6730K(1132928K) Eden: 1007104K(1007104K)->0K(1007104K) From: 6853K(125824K)->6730K(125824K)
[102.914s][info][gc,heap        ] GC(234) Tenured: 1406602K(2517408K)->1406602K(2517408K)
[102.914s][info][gc,metaspace   ] GC(234) Metaspace: 118966K(123648K)->118966K(123648K) NonClass: 102839K(103680K)->102839K(103680K) Class: 16127K(19968K)->16127K(19968K)
[102.914s][info][gc             ] GC(234) Pause Young (Allocation Failure) 2363M->1380M(3564M) 7.838ms
[102.914s][info][gc,cpu         ] GC(234) User=0.02s Sys=0.00s Real=0.00s
[102.983s][info][gc,start       ] GC(235) Pause Young (Allocation Failure)
[102.990s][info][gc,heap        ] GC(235) DefNew: 1013834K(1132928K)->6763K(1132928K) Eden: 1007104K(1007104K)->0K(1007104K) From: 6730K(125824K)->6763K(125824K)
[102.990s][info][gc,heap        ] GC(235) Tenured: 1406602K(2517408K)->1406602K(2517408K)
[102.990s][info][gc,metaspace   ] GC(235) Metaspace: 118966K(123648K)->118966K(123648K) NonClass: 102839K(103680K)->102839K(103680K) Class: 16127K(19968K)->16127K(19968K)
[102.991s][info][gc             ] GC(235) Pause Young (Allocation Failure) 2363M->1380M(3564M) 7.814ms
[102.991s][info][gc,cpu         ] GC(235) User=0.00s Sys=0.00s Real=0.00s
[103.062s][info][gc,start       ] GC(236) Pause Young (Allocation Failure)
[103.073s][info][gc,heap        ] GC(236) DefNew: 1013867K(1132928K)->1296K(1132928K) Eden: 1007104K(1007104K)->0K(1007104K) From: 6763K(125824K)->1296K(125824K)
[103.073s][info][gc,heap        ] GC(236) Tenured: 1406602K(2517408K)->1413003K(2517408K)
[103.073s][info][gc,metaspace   ] GC(236) Metaspace: 118966K(123648K)->118966K(123648K) NonClass: 102839K(103680K)->102839K(103680K) Class: 16127K(19968K)->16127K(19968K)
[103.073s][info][gc             ] GC(236) Pause Young (Allocation Failure) 2363M->1381M(3564M) 11.014ms
[103.073s][info][gc,cpu         ] GC(236) User=0.00s Sys=0.00s Real=0.00s
[103.669s][info][gc,start       ] GC(237) Pause Full (System.gc())
[103.669s][info][gc,phases,start] GC(237) Phase 1: Mark live objects
[103.740s][info][gc,phases      ] GC(237) Phase 1: Mark live objects 70.616ms
[103.740s][info][gc,phases,start] GC(237) Phase 2: Compute new object addresses
[103.811s][info][gc,phases      ] GC(237) Phase 2: Compute new object addresses 70.457ms
[103.811s][info][gc,phases,start] GC(237) Phase 3: Adjust pointers
[103.844s][info][gc,phases      ] GC(237) Phase 3: Adjust pointers 33.805ms
[103.844s][info][gc,phases,start] GC(237) Phase 4: Move objects
[103.845s][info][gc,phases      ] GC(237) Phase 4: Move objects 0.121ms
[103.845s][info][gc,heap        ] GC(237) DefNew: 260578K(1132928K)->0K(1132928K) Eden: 259282K(1007104K)->0K(1007104K) From: 1296K(125824K)->0K(125824K)
[103.845s][info][gc,heap        ] GC(237) Tenured: 1413003K(2517408K)->1413220K(2517408K)
[103.845s][info][gc,metaspace   ] GC(237) Metaspace: 119065K(123648K)->119065K(123648K) NonClass: 102936K(103680K)->102936K(103680K) Class: 16128K(19968K)->16128K(19968K)
[103.846s][info][gc             ] GC(237) Pause Full (System.gc()) 1634M->1380M(3564M) 176.304ms
[103.846s][info][gc,cpu         ] GC(237) User=0.17s Sys=0.00s Real=0.17s
[104.004s][info][gc,start       ] GC(238) Pause Young (Allocation Failure)
[104.016s][info][gc,heap        ] GC(238) DefNew: 1007104K(1132928K)->6623K(1132928K) Eden: 1007104K(1007104K)->0K(1007104K) From: 0K(125824K)->6623K(125824K)
[104.016s][info][gc,heap        ] GC(238) Tenured: 1413220K(2517408K)->1413220K(2517408K)
[104.016s][info][gc,metaspace   ] GC(238) Metaspace: 119207K(123776K)->119207K(123776K) NonClass: 103078K(103808K)->103078K(103808K) Class: 16128K(19968K)->16128K(19968K)
[104.016s][info][gc             ] GC(238) Pause Young (Allocation Failure) 2363M->1386M(3564M) 12.533ms
[104.016s][info][gc,cpu         ] GC(238) User=0.03s Sys=0.00s Real=0.02s
[104.086s][info][gc,start       ] GC(239) Pause Young (Allocation Failure)
[104.096s][info][gc,heap        ] GC(239) DefNew: 1013727K(1132928K)->6692K(1132928K) Eden: 1007104K(1007104K)->0K(1007104K) From: 6623K(125824K)->6692K(125824K)
[104.096s][info][gc,heap        ] GC(239) Tenured: 1413220K(2517408K)->1413220K(2517408K)
[104.096s][info][gc,metaspace   ] GC(239) Metaspace: 119207K(123776K)->119207K(123776K) NonClass: 103078K(103808K)->103078K(103808K) Class: 16128K(19968K)->16128K(19968K)
[104.096s][info][gc             ] GC(239) Pause Young (Allocation Failure) 2370M->1386M(3564M) 9.547ms
[104.096s][info][gc,cpu         ] GC(239) User=0.00s Sys=0.00s Real=0.00s
[104.164s][info][gc,start       ] GC(240) Pause Young (Allocation Failure)
[104.173s][info][gc,heap        ] GC(240) DefNew: 1013796K(1132928K)->6703K(1132928K) Eden: 1007104K(1007104K)->0K(1007104K) From: 6692K(125824K)->6703K(125824K)
[104.173s][info][gc,heap        ] GC(240) Tenured: 1413220K(2517408K)->1413220K(2517408K)
[104.173s][info][gc,metaspace   ] GC(240) Metaspace: 119207K(123776K)->119207K(123776K) NonClass: 103078K(103808K)->103078K(103808K) Class: 16128K(19968K)->16128K(19968K)
[104.173s][info][gc             ] GC(240) Pause Young (Allocation Failure) 2370M->1386M(3564M) 8.243ms
[104.173s][info][gc,cpu         ] GC(240) User=0.00s Sys=0.00s Real=0.00s
[104.242s][info][gc,start       ] GC(241) Pause Young (Allocation Failure)
[104.250s][info][gc,heap        ] GC(241) DefNew: 1013807K(1132928K)->6706K(1132928K) Eden: 1007104K(1007104K)->0K(1007104K) From: 6703K(125824K)->6706K(125824K)
[104.250s][info][gc,heap        ] GC(241) Tenured: 1413220K(2517408K)->1413220K(2517408K)
[104.250s][info][gc,metaspace   ] GC(241) Metaspace: 119207K(123776K)->119207K(123776K) NonClass: 103078K(103808K)->103078K(103808K) Class: 16128K(19968K)->16128K(19968K)
[104.251s][info][gc             ] GC(241) Pause Young (Allocation Failure) 2370M->1386M(3564M) 8.428ms
[104.251s][info][gc,cpu         ] GC(241) User=0.00s Sys=0.00s Real=0.00s
[104.320s][info][gc,start       ] GC(242) Pause Young (Allocation Failure)
[104.328s][info][gc,heap        ] GC(242) DefNew: 1013810K(1132928K)->6707K(1132928K) Eden: 1007104K(1007104K)->0K(1007104K) From: 6706K(125824K)->6707K(125824K)
[104.328s][info][gc,heap        ] GC(242) Tenured: 1413220K(2517408K)->1413220K(2517408K)
[104.328s][info][gc,metaspace   ] GC(242) Metaspace: 119207K(123776K)->119207K(123776K) NonClass: 103078K(103808K)->103078K(103808K) Class: 16128K(19968K)->16128K(19968K)
[104.328s][info][gc             ] GC(242) Pause Young (Allocation Failure) 2370M->1386M(3564M) 7.997ms
[104.328s][info][gc,cpu         ] GC(242) User=0.00s Sys=0.00s Real=0.00s
[104.396s][info][gc,start       ] GC(243) Pause Young (Allocation Failure)
[104.404s][info][gc,heap        ] GC(243) DefNew: 1013811K(1132928K)->6688K(1132928K) Eden: 1007104K(1007104K)->0K(1007104K) From: 6707K(125824K)->6688K(125824K)
[104.404s][info][gc,heap        ] GC(243) Tenured: 1413220K(2517408K)->1413220K(2517408K)
[104.404s][info][gc,metaspace   ] GC(243) Metaspace: 119207K(123776K)->119207K(123776K) NonClass: 103078K(103808K)->103078K(103808K) Class: 16128K(19968K)->16128K(19968K)
[104.404s][info][gc             ] GC(243) Pause Young (Allocation Failure) 2370M->1386M(3564M) 8.018ms
[104.405s][info][gc,cpu         ] GC(243) User=0.00s Sys=0.00s Real=0.00s
[104.473s][info][gc,start       ] GC(244) Pause Young (Allocation Failure)
[104.481s][info][gc,heap        ] GC(244) DefNew: 1013792K(1132928K)->6687K(1132928K) Eden: 1007104K(1007104K)->0K(1007104K) From: 6688K(125824K)->6687K(125824K)
[104.481s][info][gc,heap        ] GC(244) Tenured: 1413220K(2517408K)->1413220K(2517408K)
[104.481s][info][gc,metaspace   ] GC(244) Metaspace: 119207K(123776K)->119207K(123776K) NonClass: 103078K(103808K)->103078K(103808K) Class: 16128K(19968K)->16128K(19968K)
[104.481s][info][gc             ] GC(244) Pause Young (Allocation Failure) 2370M->1386M(3564M) 7.945ms
[104.481s][info][gc,cpu         ] GC(244) User=0.00s Sys=0.00s Real=0.00s
[104.549s][info][gc,start       ] GC(245) Pause Young (Allocation Failure)
[104.560s][info][gc,heap        ] GC(245) DefNew: 1013791K(1132928K)->6680K(1132928K) Eden: 1007104K(1007104K)->0K(1007104K) From: 6687K(125824K)->6680K(125824K)
[104.560s][info][gc,heap        ] GC(245) Tenured: 1413220K(2517408K)->1413220K(2517408K)
[104.560s][info][gc,metaspace   ] GC(245) Metaspace: 119207K(123776K)->119207K(123776K) NonClass: 103078K(103808K)->103078K(103808K) Class: 16128K(19968K)->16128K(19968K)
[104.560s][info][gc             ] GC(245) Pause Young (Allocation Failure) 2370M->1386M(3564M) 10.817ms
[104.560s][info][gc,cpu         ] GC(245) User=0.03s Sys=0.00s Real=0.02s
[104.628s][info][gc,start       ] GC(246) Pause Young (Allocation Failure)
[104.636s][info][gc,heap        ] GC(246) DefNew: 1013784K(1132928K)->6704K(1132928K) Eden: 1007104K(1007104K)->0K(1007104K) From: 6680K(125824K)->6704K(125824K)
[104.636s][info][gc,heap        ] GC(246) Tenured: 1413220K(2517408K)->1413220K(2517408K)
[104.636s][info][gc,metaspace   ] GC(246) Metaspace: 119207K(123776K)->119207K(123776K) NonClass: 103078K(103808K)->103078K(103808K) Class: 16128K(19968K)->16128K(19968K)
[104.636s][info][gc             ] GC(246) Pause Young (Allocation Failure) 2370M->1386M(3564M) 7.878ms
[104.636s][info][gc,cpu         ] GC(246) User=0.00s Sys=0.00s Real=0.00s
[104.704s][info][gc,start       ] GC(247) Pause Young (Allocation Failure)
[104.712s][info][gc,heap        ] GC(247) DefNew: 1013808K(1132928K)->6692K(1132928K) Eden: 1007104K(1007104K)->0K(1007104K) From: 6704K(125824K)->6692K(125824K)
[104.712s][info][gc,heap        ] GC(247) Tenured: 1413220K(2517408K)->1413220K(2517408K)
[104.712s][info][gc,metaspace   ] GC(247) Metaspace: 119207K(123776K)->119207K(123776K) NonClass: 103078K(103808K)->103078K(103808K) Class: 16128K(19968K)->16128K(19968K)
[104.712s][info][gc             ] GC(247) Pause Young (Allocation Failure) 2370M->1386M(3564M) 7.931ms
[104.712s][info][gc,cpu         ] GC(247) User=0.00s Sys=0.00s Real=0.00s
[104.780s][info][gc,start       ] GC(248) Pause Young (Allocation Failure)
[104.788s][info][gc,heap        ] GC(248) DefNew: 1013796K(1132928K)->6703K(1132928K) Eden: 1007104K(1007104K)->0K(1007104K) From: 6692K(125824K)->6703K(125824K)
[104.788s][info][gc,heap        ] GC(248) Tenured: 1413220K(2517408K)->1413220K(2517408K)
[104.788s][info][gc,metaspace   ] GC(248) Metaspace: 119207K(123776K)->119207K(123776K) NonClass: 103078K(103808K)->103078K(103808K) Class: 16128K(19968K)->16128K(19968K)
[104.788s][info][gc             ] GC(248) Pause Young (Allocation Failure) 2370M->1386M(3564M) 7.813ms
[104.788s][info][gc,cpu         ] GC(248) User=0.00s Sys=0.00s Real=0.00s
[104.857s][info][gc,start       ] GC(249) Pause Young (Allocation Failure)
[104.865s][info][gc,heap        ] GC(249) DefNew: 1013807K(1132928K)->6816K(1132928K) Eden: 1007104K(1007104K)->0K(1007104K) From: 6703K(125824K)->6816K(125824K)
[104.865s][info][gc,heap        ] GC(249) Tenured: 1413220K(2517408K)->1413220K(2517408K)
[104.865s][info][gc,metaspace   ] GC(249) Metaspace: 119207K(123776K)->119207K(123776K) NonClass: 103078K(103808K)->103078K(103808K) Class: 16128K(19968K)->16128K(19968K)
[104.865s][info][gc             ] GC(249) Pause Young (Allocation Failure) 2370M->1386M(3564M) 8.173ms
[104.865s][info][gc,cpu         ] GC(249) User=0.02s Sys=0.02s Real=0.02s
[104.933s][info][gc,start       ] GC(250) Pause Young (Allocation Failure)
[104.941s][info][gc,heap        ] GC(250) DefNew: 1013920K(1132928K)->6718K(1132928K) Eden: 1007104K(1007104K)->0K(1007104K) From: 6816K(125824K)->6718K(125824K)
[104.941s][info][gc,heap        ] GC(250) Tenured: 1413220K(2517408K)->1413220K(2517408K)
[104.941s][info][gc,metaspace   ] GC(250) Metaspace: 119207K(123776K)->119207K(123776K) NonClass: 103078K(103808K)->103078K(103808K) Class: 16128K(19968K)->16128K(19968K)
[104.941s][info][gc             ] GC(250) Pause Young (Allocation Failure) 2370M->1386M(3564M) 8.534ms
[104.941s][info][gc,cpu         ] GC(250) User=0.00s Sys=0.00s Real=0.00s
[105.009s][info][gc,start       ] GC(251) Pause Young (Allocation Failure)
[105.017s][info][gc,heap        ] GC(251) DefNew: 1013822K(1132928K)->6736K(1132928K) Eden: 1007104K(1007104K)->0K(1007104K) From: 6718K(125824K)->6736K(125824K)
[105.017s][info][gc,heap        ] GC(251) Tenured: 1413220K(2517408K)->1413220K(2517408K)
[105.017s][info][gc,metaspace   ] GC(251) Metaspace: 119207K(123776K)->119207K(123776K) NonClass: 103078K(103808K)->103078K(103808K) Class: 16128K(19968K)->16128K(19968K)
[105.017s][info][gc             ] GC(251) Pause Young (Allocation Failure) 2370M->1386M(3564M) 7.940ms
[105.017s][info][gc,cpu         ] GC(251) User=0.02s Sys=0.00s Real=0.02s
[105.086s][info][gc,start       ] GC(252) Pause Young (Allocation Failure)
[105.095s][info][gc,heap        ] GC(252) DefNew: 1013840K(1132928K)->6770K(1132928K) Eden: 1007104K(1007104K)->0K(1007104K) From: 6736K(125824K)->6770K(125824K)
[105.095s][info][gc,heap        ] GC(252) Tenured: 1413220K(2517408K)->1413220K(2517408K)
[105.095s][info][gc,metaspace   ] GC(252) Metaspace: 119207K(123776K)->119207K(123776K) NonClass: 103078K(103808K)->103078K(103808K) Class: 16128K(19968K)->16128K(19968K)
[105.095s][info][gc             ] GC(252) Pause Young (Allocation Failure) 2370M->1386M(3564M) 9.730ms
[105.095s][info][gc,cpu         ] GC(252) User=0.02s Sys=0.00s Real=0.01s
[105.167s][info][gc,start       ] GC(253) Pause Young (Allocation Failure)
[105.180s][info][gc,heap        ] GC(253) DefNew: 1013874K(1132928K)->1679K(1132928K) Eden: 1007104K(1007104K)->0K(1007104K) From: 6770K(125824K)->1679K(125824K)
[105.180s][info][gc,heap        ] GC(253) Tenured: 1413220K(2517408K)->1419481K(2517408K)
[105.180s][info][gc,metaspace   ] GC(253) Metaspace: 119207K(123776K)->119207K(123776K) NonClass: 103078K(103808K)->103078K(103808K) Class: 16128K(19968K)->16128K(19968K)
[105.180s][info][gc             ] GC(253) Pause Young (Allocation Failure) 2370M->1387M(3564M) 12.692ms
[105.180s][info][gc,cpu         ] GC(253) User=0.02s Sys=0.00s Real=0.02s
[105.752s][info][gc,start       ] GC(254) Pause Full (System.gc())
[105.752s][info][gc,phases,start] GC(254) Phase 1: Mark live objects
[105.824s][info][gc,phases      ] GC(254) Phase 1: Mark live objects 72.436ms
[105.824s][info][gc,phases,start] GC(254) Phase 2: Compute new object addresses
[105.896s][info][gc,phases      ] GC(254) Phase 2: Compute new object addresses 72.210ms
[105.897s][info][gc,phases,start] GC(254) Phase 3: Adjust pointers
[105.931s][info][gc,phases      ] GC(254) Phase 3: Adjust pointers 34.465ms
[105.931s][info][gc,phases,start] GC(254) Phase 4: Move objects
[105.931s][info][gc,phases      ] GC(254) Phase 4: Move objects 0.108ms
[105.932s][info][gc,heap        ] GC(254) DefNew: 262097K(1132928K)->0K(1132928K) Eden: 260417K(1007104K)->0K(1007104K) From: 1679K(125824K)->0K(125824K)
[105.932s][info][gc,heap        ] GC(254) Tenured: 1419481K(2517408K)->1419694K(2517408K)
[105.932s][info][gc,metaspace   ] GC(254) Metaspace: 119218K(123776K)->119218K(123776K) NonClass: 103089K(103808K)->103089K(103808K) Class: 16128K(19968K)->16128K(19968K)
[105.932s][info][gc             ] GC(254) Pause Full (System.gc()) 1642M->1386M(3564M) 180.506ms
[105.932s][info][gc,cpu         ] GC(254) User=0.19s Sys=0.00s Real=0.19s
[106.094s][info][gc,start       ] GC(255) Pause Young (Allocation Failure)
[106.106s][info][gc,heap        ] GC(255) DefNew: 1007104K(1132928K)->6641K(1132928K) Eden: 1007104K(1007104K)->0K(1007104K) From: 0K(125824K)->6641K(125824K)
[106.106s][info][gc,heap        ] GC(255) Tenured: 1419694K(2517408K)->1419694K(2517408K)
[106.106s][info][gc,metaspace   ] GC(255) Metaspace: 119296K(123776K)->119296K(123776K) NonClass: 103167K(103808K)->103167K(103808K) Class: 16129K(19968K)->16129K(19968K)
[106.106s][info][gc             ] GC(255) Pause Young (Allocation Failure) 2369M->1392M(3564M) 12.580ms
[106.106s][info][gc,cpu         ] GC(255) User=0.03s Sys=0.00s Real=0.02s
[106.175s][info][gc,start       ] GC(256) Pause Young (Allocation Failure)
[106.183s][info][gc,heap        ] GC(256) DefNew: 1013745K(1132928K)->6672K(1132928K) Eden: 1007104K(1007104K)->0K(1007104K) From: 6641K(125824K)->6672K(125824K)
[106.183s][info][gc,heap        ] GC(256) Tenured: 1419694K(2517408K)->1419694K(2517408K)
[106.183s][info][gc,metaspace   ] GC(256) Metaspace: 119296K(123776K)->119296K(123776K) NonClass: 103167K(103808K)->103167K(103808K) Class: 16129K(19968K)->16129K(19968K)
[106.183s][info][gc             ] GC(256) Pause Young (Allocation Failure) 2376M->1392M(3564M) 8.239ms
[106.183s][info][gc,cpu         ] GC(256) User=0.02s Sys=0.00s Real=0.02s
[106.251s][info][gc,start       ] GC(257) Pause Young (Allocation Failure)
[106.259s][info][gc,heap        ] GC(257) DefNew: 1013776K(1132928K)->6686K(1132928K) Eden: 1007104K(1007104K)->0K(1007104K) From: 6672K(125824K)->6686K(125824K)
[106.259s][info][gc,heap        ] GC(257) Tenured: 1419694K(2517408K)->1419694K(2517408K)
[106.259s][info][gc,metaspace   ] GC(257) Metaspace: 119296K(123776K)->119296K(123776K) NonClass: 103167K(103808K)->103167K(103808K) Class: 16129K(19968K)->16129K(19968K)
[106.259s][info][gc             ] GC(257) Pause Young (Allocation Failure) 2376M->1392M(3564M) 7.970ms
[106.259s][info][gc,cpu         ] GC(257) User=0.00s Sys=0.00s Real=0.00s
[106.327s][info][gc,start       ] GC(258) Pause Young (Allocation Failure)
[106.335s][info][gc,heap        ] GC(258) DefNew: 1013790K(1132928K)->6674K(1132928K) Eden: 1007104K(1007104K)->0K(1007104K) From: 6686K(125824K)->6674K(125824K)
[106.335s][info][gc,heap        ] GC(258) Tenured: 1419694K(2517408K)->1419694K(2517408K)
[106.335s][info][gc,metaspace   ] GC(258) Metaspace: 119296K(123776K)->119296K(123776K) NonClass: 103167K(103808K)->103167K(103808K) Class: 16129K(19968K)->16129K(19968K)
[106.335s][info][gc             ] GC(258) Pause Young (Allocation Failure) 2376M->1392M(3564M) 8.061ms
[106.335s][info][gc,cpu         ] GC(258) User=0.00s Sys=0.00s Real=0.00s
[106.404s][info][gc,start       ] GC(259) Pause Young (Allocation Failure)
[106.412s][info][gc,heap        ] GC(259) DefNew: 1013778K(1132928K)->6671K(1132928K) Eden: 1007104K(1007104K)->0K(1007104K) From: 6674K(125824K)->6671K(125824K)
[106.412s][info][gc,heap        ] GC(259) Tenured: 1419694K(2517408K)->1419694K(2517408K)
[106.412s][info][gc,metaspace   ] GC(259) Metaspace: 119296K(123776K)->119296K(123776K) NonClass: 103167K(103808K)->103167K(103808K) Class: 16129K(19968K)->16129K(19968K)
[106.412s][info][gc             ] GC(259) Pause Young (Allocation Failure) 2376M->1392M(3564M) 8.190ms
[106.412s][info][gc,cpu         ] GC(259) User=0.00s Sys=0.00s Real=0.00s
[106.482s][info][gc,start       ] GC(260) Pause Young (Allocation Failure)
[106.489s][info][gc,heap        ] GC(260) DefNew: 1013775K(1132928K)->6681K(1132928K) Eden: 1007104K(1007104K)->0K(1007104K) From: 6671K(125824K)->6681K(125824K)
[106.490s][info][gc,heap        ] GC(260) Tenured: 1419694K(2517408K)->1419694K(2517408K)
[106.490s][info][gc,metaspace   ] GC(260) Metaspace: 119296K(123776K)->119296K(123776K) NonClass: 103167K(103808K)->103167K(103808K) Class: 16129K(19968K)->16129K(19968K)
[106.490s][info][gc             ] GC(260) Pause Young (Allocation Failure) 2376M->1392M(3564M) 7.920ms
[106.490s][info][gc,cpu         ] GC(260) User=0.00s Sys=0.00s Real=0.00s
[106.558s][info][gc,start       ] GC(261) Pause Young (Allocation Failure)
[106.566s][info][gc,heap        ] GC(261) DefNew: 1013785K(1132928K)->6660K(1132928K) Eden: 1007104K(1007104K)->0K(1007104K) From: 6681K(125824K)->6660K(125824K)
[106.566s][info][gc,heap        ] GC(261) Tenured: 1419694K(2517408K)->1419694K(2517408K)
[106.566s][info][gc,metaspace   ] GC(261) Metaspace: 119296K(123776K)->119296K(123776K) NonClass: 103167K(103808K)->103167K(103808K) Class: 16129K(19968K)->16129K(19968K)
[106.566s][info][gc             ] GC(261) Pause Young (Allocation Failure) 2376M->1392M(3564M) 7.987ms
[106.566s][info][gc,cpu         ] GC(261) User=0.00s Sys=0.00s Real=0.00s
[106.634s][info][gc,start       ] GC(262) Pause Young (Allocation Failure)
[106.642s][info][gc,heap        ] GC(262) DefNew: 1013764K(1132928K)->6662K(1132928K) Eden: 1007104K(1007104K)->0K(1007104K) From: 6660K(125824K)->6662K(125824K)
[106.642s][info][gc,heap        ] GC(262) Tenured: 1419694K(2517408K)->1419694K(2517408K)
[106.642s][info][gc,metaspace   ] GC(262) Metaspace: 119296K(123776K)->119296K(123776K) NonClass: 103167K(103808K)->103167K(103808K) Class: 16129K(19968K)->16129K(19968K)
[106.642s][info][gc             ] GC(262) Pause Young (Allocation Failure) 2376M->1392M(3564M) 7.944ms
[106.642s][info][gc,cpu         ] GC(262) User=0.00s Sys=0.00s Real=0.00s
[106.710s][info][gc,start       ] GC(263) Pause Young (Allocation Failure)
[106.718s][info][gc,heap        ] GC(263) DefNew: 1013766K(1132928K)->6680K(1132928K) Eden: 1007104K(1007104K)->0K(1007104K) From: 6662K(125824K)->6680K(125824K)
[106.718s][info][gc,heap        ] GC(263) Tenured: 1419694K(2517408K)->1419694K(2517408K)
[106.718s][info][gc,metaspace   ] GC(263) Metaspace: 119296K(123776K)->119296K(123776K) NonClass: 103167K(103808K)->103167K(103808K) Class: 16129K(19968K)->16129K(19968K)
[106.718s][info][gc             ] GC(263) Pause Young (Allocation Failure) 2376M->1392M(3564M) 7.939ms
[106.718s][info][gc,cpu         ] GC(263) User=0.00s Sys=0.00s Real=0.00s
[106.786s][info][gc,start       ] GC(264) Pause Young (Allocation Failure)
[106.794s][info][gc,heap        ] GC(264) DefNew: 1013784K(1132928K)->6668K(1132928K) Eden: 1007104K(1007104K)->0K(1007104K) From: 6680K(125824K)->6668K(125824K)
[106.794s][info][gc,heap        ] GC(264) Tenured: 1419694K(2517408K)->1419694K(2517408K)
[106.794s][info][gc,metaspace   ] GC(264) Metaspace: 119296K(123776K)->119296K(123776K) NonClass: 103167K(103808K)->103167K(103808K) Class: 16129K(19968K)->16129K(19968K)
[106.794s][info][gc             ] GC(264) Pause Young (Allocation Failure) 2376M->1392M(3564M) 8.000ms
[106.794s][info][gc,cpu         ] GC(264) User=0.02s Sys=0.00s Real=0.01s
[106.862s][info][gc,start       ] GC(265) Pause Young (Allocation Failure)
[106.870s][info][gc,heap        ] GC(265) DefNew: 1013772K(1132928K)->6660K(1132928K) Eden: 1007104K(1007104K)->0K(1007104K) From: 6668K(125824K)->6660K(125824K)
[106.870s][info][gc,heap        ] GC(265) Tenured: 1419694K(2517408K)->1419694K(2517408K)
[106.870s][info][gc,metaspace   ] GC(265) Metaspace: 119296K(123776K)->119296K(123776K) NonClass: 103167K(103808K)->103167K(103808K) Class: 16129K(19968K)->16129K(19968K)
[106.870s][info][gc             ] GC(265) Pause Young (Allocation Failure) 2376M->1392M(3564M) 7.904ms
[106.870s][info][gc,cpu         ] GC(265) User=0.02s Sys=0.00s Real=0.02s
[106.938s][info][gc,start       ] GC(266) Pause Young (Allocation Failure)
[106.946s][info][gc,heap        ] GC(266) DefNew: 1013764K(1132928K)->6680K(1132928K) Eden: 1007104K(1007104K)->0K(1007104K) From: 6660K(125824K)->6680K(125824K)
[106.946s][info][gc,heap        ] GC(266) Tenured: 1419694K(2517408K)->1419694K(2517408K)
[106.946s][info][gc,metaspace   ] GC(266) Metaspace: 119296K(123776K)->119296K(123776K) NonClass: 103167K(103808K)->103167K(103808K) Class: 16129K(19968K)->16129K(19968K)
[106.946s][info][gc             ] GC(266) Pause Young (Allocation Failure) 2376M->1392M(3564M) 7.937ms
[106.946s][info][gc,cpu         ] GC(266) User=0.02s Sys=0.00s Real=0.02s
[107.015s][info][gc,start       ] GC(267) Pause Young (Allocation Failure)
[107.023s][info][gc,heap        ] GC(267) DefNew: 1013784K(1132928K)->6882K(1132928K) Eden: 1007104K(1007104K)->0K(1007104K) From: 6680K(125824K)->6882K(125824K)
[107.023s][info][gc,heap        ] GC(267) Tenured: 1419694K(2517408K)->1419694K(2517408K)
[107.023s][info][gc,metaspace   ] GC(267) Metaspace: 119296K(123776K)->119296K(123776K) NonClass: 103167K(103808K)->103167K(103808K) Class: 16129K(19968K)->16129K(19968K)
[107.023s][info][gc             ] GC(267) Pause Young (Allocation Failure) 2376M->1393M(3564M) 8.315ms
[107.023s][info][gc,cpu         ] GC(267) User=0.02s Sys=0.00s Real=0.02s
[107.091s][info][gc,start       ] GC(268) Pause Young (Allocation Failure)
[107.099s][info][gc,heap        ] GC(268) DefNew: 1013986K(1132928K)->6765K(1132928K) Eden: 1007104K(1007104K)->0K(1007104K) From: 6882K(125824K)->6765K(125824K)
[107.099s][info][gc,heap        ] GC(268) Tenured: 1419694K(2517408K)->1419694K(2517408K)
[107.099s][info][gc,metaspace   ] GC(268) Metaspace: 119296K(123776K)->119296K(123776K) NonClass: 103167K(103808K)->103167K(103808K) Class: 16129K(19968K)->16129K(19968K)
[107.099s][info][gc             ] GC(268) Pause Young (Allocation Failure) 2376M->1393M(3564M) 8.091ms
[107.099s][info][gc,cpu         ] GC(268) User=0.02s Sys=0.00s Real=0.02s
[107.168s][info][gc,start       ] GC(269) Pause Young (Allocation Failure)
[107.178s][info][gc,heap        ] GC(269) DefNew: 1013869K(1132928K)->6692K(1132928K) Eden: 1007104K(1007104K)->0K(1007104K) From: 6765K(125824K)->6692K(125824K)
[107.178s][info][gc,heap        ] GC(269) Tenured: 1419694K(2517408K)->1419694K(2517408K)
[107.178s][info][gc,metaspace   ] GC(269) Metaspace: 119296K(123776K)->119296K(123776K) NonClass: 103167K(103808K)->103167K(103808K) Class: 16129K(19968K)->16129K(19968K)
[107.178s][info][gc             ] GC(269) Pause Young (Allocation Failure) 2376M->1392M(3564M) 9.651ms
[107.178s][info][gc,cpu         ] GC(269) User=0.02s Sys=0.00s Real=0.02s
[107.248s][info][gc,start       ] GC(270) Pause Young (Allocation Failure)
[107.259s][info][gc,heap        ] GC(270) DefNew: 1013796K(1132928K)->727K(1132928K) Eden: 1007104K(1007104K)->0K(1007104K) From: 6692K(125824K)->727K(125824K)
[107.259s][info][gc,heap        ] GC(270) Tenured: 1419694K(2517408K)->1426059K(2517408K)
[107.259s][info][gc,metaspace   ] GC(270) Metaspace: 119296K(123776K)->119296K(123776K) NonClass: 103167K(103808K)->103167K(103808K) Class: 16129K(19968K)->16129K(19968K)
[107.259s][info][gc             ] GC(270) Pause Young (Allocation Failure) 2376M->1393M(3564M) 11.195ms
[107.259s][info][gc,cpu         ] GC(270) User=0.00s Sys=0.00s Real=0.00s
[108.151s][info][gc,start       ] GC(271) Pause Full (System.gc())
[108.151s][info][gc,phases,start] GC(271) Phase 1: Mark live objects
[108.220s][info][gc,phases      ] GC(271) Phase 1: Mark live objects 69.215ms
[108.220s][info][gc,phases,start] GC(271) Phase 2: Compute new object addresses
[108.292s][info][gc,phases      ] GC(271) Phase 2: Compute new object addresses 71.525ms
[108.292s][info][gc,phases,start] GC(271) Phase 3: Adjust pointers
[108.328s][info][gc,phases      ] GC(271) Phase 3: Adjust pointers 36.475ms
[108.328s][info][gc,phases,start] GC(271) Phase 4: Move objects
[108.577s][info][gc,phases      ] GC(271) Phase 4: Move objects 248.808ms
[108.578s][info][gc,heap        ] GC(271) DefNew: 265445K(1132928K)->0K(1132928K) Eden: 264718K(1007104K)->0K(1007104K) From: 727K(125824K)->0K(125824K)
[108.578s][info][gc,heap        ] GC(271) Tenured: 1426059K(2517408K)->1400514K(2517408K)
[108.578s][info][gc,metaspace   ] GC(271) Metaspace: 119334K(123840K)->119334K(123840K) NonClass: 103204K(103872K)->103204K(103872K) Class: 16129K(19968K)->16129K(19968K)
[108.578s][info][gc             ] GC(271) Pause Full (System.gc()) 1651M->1367M(3564M) 427.481ms
[108.578s][info][gc,cpu         ] GC(271) User=0.42s Sys=0.00s Real=0.42s
[108.725s][info][gc,start       ] GC(272) Pause Young (Allocation Failure)
[108.738s][info][gc,heap        ] GC(272) DefNew: 1007104K(1132928K)->6604K(1132928K) Eden: 1007104K(1007104K)->0K(1007104K) From: 0K(125824K)->6604K(125824K)
[108.738s][info][gc,heap        ] GC(272) Tenured: 1400514K(2517408K)->1400514K(2517408K)
[108.738s][info][gc,metaspace   ] GC(272) Metaspace: 119492K(124032K)->119492K(124032K) NonClass: 103363K(104064K)->103363K(104064K) Class: 16129K(19968K)->16129K(19968K)
[108.738s][info][gc             ] GC(272) Pause Young (Allocation Failure) 2351M->1374M(3564M) 12.564ms
[108.738s][info][gc,cpu         ] GC(272) User=0.02s Sys=0.00s Real=0.02s
[108.807s][info][gc,start       ] GC(273) Pause Young (Allocation Failure)
[108.815s][info][gc,heap        ] GC(273) DefNew: 1013708K(1132928K)->6656K(1132928K) Eden: 1007104K(1007104K)->0K(1007104K) From: 6604K(125824K)->6656K(125824K)
[108.815s][info][gc,heap        ] GC(273) Tenured: 1400514K(2517408K)->1400514K(2517408K)
[108.815s][info][gc,metaspace   ] GC(273) Metaspace: 119497K(124032K)->119497K(124032K) NonClass: 103367K(104064K)->103367K(104064K) Class: 16129K(19968K)->16129K(19968K)
[108.815s][info][gc             ] GC(273) Pause Young (Allocation Failure) 2357M->1374M(3564M) 8.335ms
[108.815s][info][gc,cpu         ] GC(273) User=0.02s Sys=0.02s Real=0.00s
[108.883s][info][gc,start       ] GC(274) Pause Young (Allocation Failure)
[108.891s][info][gc,heap        ] GC(274) DefNew: 1013760K(1132928K)->6666K(1132928K) Eden: 1007104K(1007104K)->0K(1007104K) From: 6656K(125824K)->6666K(125824K)
[108.891s][info][gc,heap        ] GC(274) Tenured: 1400514K(2517408K)->1400514K(2517408K)
[108.891s][info][gc,metaspace   ] GC(274) Metaspace: 119497K(124032K)->119497K(124032K) NonClass: 103367K(104064K)->103367K(104064K) Class: 16129K(19968K)->16129K(19968K)
[108.891s][info][gc             ] GC(274) Pause Young (Allocation Failure) 2357M->1374M(3564M) 8.024ms
[108.891s][info][gc,cpu         ] GC(274) User=0.02s Sys=0.00s Real=0.02s
[108.958s][info][gc,start       ] GC(275) Pause Young (Allocation Failure)
[108.966s][info][gc,heap        ] GC(275) DefNew: 1013770K(1132928K)->6666K(1132928K) Eden: 1007104K(1007104K)->0K(1007104K) From: 6666K(125824K)->6666K(125824K)
[108.966s][info][gc,heap        ] GC(275) Tenured: 1400514K(2517408K)->1400514K(2517408K)
[108.966s][info][gc,metaspace   ] GC(275) Metaspace: 119497K(124032K)->119497K(124032K) NonClass: 103367K(104064K)->103367K(104064K) Class: 16129K(19968K)->16129K(19968K)
[108.966s][info][gc             ] GC(275) Pause Young (Allocation Failure) 2357M->1374M(3564M) 7.959ms
[108.966s][info][gc,cpu         ] GC(275) User=0.02s Sys=0.00s Real=0.02s
[109.034s][info][gc,start       ] GC(276) Pause Young (Allocation Failure)
[109.041s][info][gc,heap        ] GC(276) DefNew: 1013770K(1132928K)->6663K(1132928K) Eden: 1007104K(1007104K)->0K(1007104K) From: 6666K(125824K)->6663K(125824K)
[109.042s][info][gc,heap        ] GC(276) Tenured: 1400514K(2517408K)->1400514K(2517408K)
[109.042s][info][gc,metaspace   ] GC(276) Metaspace: 119497K(124032K)->119497K(124032K) NonClass: 103367K(104064K)->103367K(104064K) Class: 16129K(19968K)->16129K(19968K)
[109.042s][info][gc             ] GC(276) Pause Young (Allocation Failure) 2357M->1374M(3564M) 8.002ms
[109.042s][info][gc,cpu         ] GC(276) User=0.02s Sys=0.00s Real=0.01s
[109.109s][info][gc,start       ] GC(277) Pause Young (Allocation Failure)
[109.118s][info][gc,heap        ] GC(277) DefNew: 1013767K(1132928K)->6663K(1132928K) Eden: 1007104K(1007104K)->0K(1007104K) From: 6663K(125824K)->6663K(125824K)
[109.118s][info][gc,heap        ] GC(277) Tenured: 1400514K(2517408K)->1400514K(2517408K)
[109.118s][info][gc,metaspace   ] GC(277) Metaspace: 119497K(124032K)->119497K(124032K) NonClass: 103367K(104064K)->103367K(104064K) Class: 16129K(19968K)->16129K(19968K)
[109.118s][info][gc             ] GC(277) Pause Young (Allocation Failure) 2357M->1374M(3564M) 9.390ms
[109.118s][info][gc,cpu         ] GC(277) User=0.00s Sys=0.00s Real=0.00s
[109.186s][info][gc,start       ] GC(278) Pause Young (Allocation Failure)
[109.196s][info][gc,heap        ] GC(278) DefNew: 1013767K(1132928K)->6679K(1132928K) Eden: 1007104K(1007104K)->0K(1007104K) From: 6663K(125824K)->6679K(125824K)
[109.196s][info][gc,heap        ] GC(278) Tenured: 1400514K(2517408K)->1400514K(2517408K)
[109.196s][info][gc,metaspace   ] GC(278) Metaspace: 119497K(124032K)->119497K(124032K) NonClass: 103367K(104064K)->103367K(104064K) Class: 16129K(19968K)->16129K(19968K)
[109.196s][info][gc             ] GC(278) Pause Young (Allocation Failure) 2357M->1374M(3564M) 9.234ms
[109.196s][info][gc,cpu         ] GC(278) User=0.02s Sys=0.00s Real=0.02s
[109.263s][info][gc,start       ] GC(279) Pause Young (Allocation Failure)
[109.271s][info][gc,heap        ] GC(279) DefNew: 1013783K(1132928K)->6653K(1132928K) Eden: 1007104K(1007104K)->0K(1007104K) From: 6679K(125824K)->6653K(125824K)
[109.271s][info][gc,heap        ] GC(279) Tenured: 1400514K(2517408K)->1400514K(2517408K)
[109.271s][info][gc,metaspace   ] GC(279) Metaspace: 119497K(124032K)->119497K(124032K) NonClass: 103367K(104064K)->103367K(104064K) Class: 16129K(19968K)->16129K(19968K)
[109.271s][info][gc             ] GC(279) Pause Young (Allocation Failure) 2357M->1374M(3564M) 7.920ms
[109.271s][info][gc,cpu         ] GC(279) User=0.00s Sys=0.00s Real=0.00s
[109.339s][info][gc,start       ] GC(280) Pause Young (Allocation Failure)
[109.346s][info][gc,heap        ] GC(280) DefNew: 1013757K(1132928K)->6657K(1132928K) Eden: 1007104K(1007104K)->0K(1007104K) From: 6653K(125824K)->6657K(125824K)
[109.347s][info][gc,heap        ] GC(280) Tenured: 1400514K(2517408K)->1400514K(2517408K)
[109.347s][info][gc,metaspace   ] GC(280) Metaspace: 119497K(124032K)->119497K(124032K) NonClass: 103367K(104064K)->103367K(104064K) Class: 16129K(19968K)->16129K(19968K)
[109.347s][info][gc             ] GC(280) Pause Young (Allocation Failure) 2357M->1374M(3564M) 7.965ms
[109.347s][info][gc,cpu         ] GC(280) User=0.00s Sys=0.00s Real=0.00s
[109.414s][info][gc,start       ] GC(281) Pause Young (Allocation Failure)
[109.422s][info][gc,heap        ] GC(281) DefNew: 1013761K(1132928K)->6662K(1132928K) Eden: 1007104K(1007104K)->0K(1007104K) From: 6657K(125824K)->6662K(125824K)
[109.422s][info][gc,heap        ] GC(281) Tenured: 1400514K(2517408K)->1400514K(2517408K)
[109.422s][info][gc,metaspace   ] GC(281) Metaspace: 119497K(124032K)->119497K(124032K) NonClass: 103367K(104064K)->103367K(104064K) Class: 16129K(19968K)->16129K(19968K)
[109.422s][info][gc             ] GC(281) Pause Young (Allocation Failure) 2357M->1374M(3564M) 7.919ms
[109.422s][info][gc,cpu         ] GC(281) User=0.02s Sys=0.00s Real=0.02s
[109.490s][info][gc,start       ] GC(282) Pause Young (Allocation Failure)
[109.498s][info][gc,heap        ] GC(282) DefNew: 1013766K(1132928K)->6655K(1132928K) Eden: 1007104K(1007104K)->0K(1007104K) From: 6662K(125824K)->6655K(125824K)
[109.498s][info][gc,heap        ] GC(282) Tenured: 1400514K(2517408K)->1400514K(2517408K)
[109.498s][info][gc,metaspace   ] GC(282) Metaspace: 119497K(124032K)->119497K(124032K) NonClass: 103367K(104064K)->103367K(104064K) Class: 16129K(19968K)->16129K(19968K)
[109.498s][info][gc             ] GC(282) Pause Young (Allocation Failure) 2357M->1374M(3564M) 7.900ms
[109.498s][info][gc,cpu         ] GC(282) User=0.02s Sys=0.00s Real=0.02s
[109.565s][info][gc,start       ] GC(283) Pause Young (Allocation Failure)
[109.573s][info][gc,heap        ] GC(283) DefNew: 1013759K(1132928K)->6672K(1132928K) Eden: 1007104K(1007104K)->0K(1007104K) From: 6655K(125824K)->6672K(125824K)
[109.573s][info][gc,heap        ] GC(283) Tenured: 1400514K(2517408K)->1400514K(2517408K)
[109.573s][info][gc,metaspace   ] GC(283) Metaspace: 119497K(124032K)->119497K(124032K) NonClass: 103367K(104064K)->103367K(104064K) Class: 16129K(19968K)->16129K(19968K)
[109.573s][info][gc             ] GC(283) Pause Young (Allocation Failure) 2357M->1374M(3564M) 7.953ms
[109.573s][info][gc,cpu         ] GC(283) User=0.00s Sys=0.00s Real=0.00s
[109.641s][info][gc,start       ] GC(284) Pause Young (Allocation Failure)
[109.649s][info][gc,heap        ] GC(284) DefNew: 1013776K(1132928K)->6755K(1132928K) Eden: 1007104K(1007104K)->0K(1007104K) From: 6672K(125824K)->6755K(125824K)
[109.649s][info][gc,heap        ] GC(284) Tenured: 1400514K(2517408K)->1400514K(2517408K)
[109.649s][info][gc,metaspace   ] GC(284) Metaspace: 119497K(124032K)->119497K(124032K) NonClass: 103367K(104064K)->103367K(104064K) Class: 16129K(19968K)->16129K(19968K)
[109.649s][info][gc             ] GC(284) Pause Young (Allocation Failure) 2357M->1374M(3564M) 8.157ms
[109.649s][info][gc,cpu         ] GC(284) User=0.02s Sys=0.00s Real=0.02s
[109.717s][info][gc,start       ] GC(285) Pause Young (Allocation Failure)
[109.725s][info][gc,heap        ] GC(285) DefNew: 1013859K(1132928K)->6777K(1132928K) Eden: 1007104K(1007104K)->0K(1007104K) From: 6755K(125824K)->6777K(125824K)
[109.725s][info][gc,heap        ] GC(285) Tenured: 1400514K(2517408K)->1400514K(2517408K)
[109.725s][info][gc,metaspace   ] GC(285) Metaspace: 119497K(124032K)->119497K(124032K) NonClass: 103367K(104064K)->103367K(104064K) Class: 16129K(19968K)->16129K(19968K)
[109.725s][info][gc             ] GC(285) Pause Young (Allocation Failure) 2357M->1374M(3564M) 8.064ms
[109.725s][info][gc,cpu         ] GC(285) User=0.00s Sys=0.00s Real=0.00s
[109.792s][info][gc,start       ] GC(286) Pause Young (Allocation Failure)
[109.801s][info][gc,heap        ] GC(286) DefNew: 1013881K(1132928K)->6693K(1132928K) Eden: 1007104K(1007104K)->0K(1007104K) From: 6777K(125824K)->6693K(125824K)
[109.801s][info][gc,heap        ] GC(286) Tenured: 1400514K(2517408K)->1400514K(2517408K)
[109.801s][info][gc,metaspace   ] GC(286) Metaspace: 119497K(124032K)->119497K(124032K) NonClass: 103367K(104064K)->103367K(104064K) Class: 16129K(19968K)->16129K(19968K)
[109.801s][info][gc             ] GC(286) Pause Young (Allocation Failure) 2357M->1374M(3564M) 8.557ms
[109.801s][info][gc,cpu         ] GC(286) User=0.00s Sys=0.00s Real=0.00s
[109.872s][info][gc,start       ] GC(287) Pause Young (Allocation Failure)
[109.884s][info][gc,heap        ] GC(287) DefNew: 1013797K(1132928K)->1803K(1132928K) Eden: 1007104K(1007104K)->0K(1007104K) From: 6693K(125824K)->1803K(125824K)
[109.884s][info][gc,heap        ] GC(287) Tenured: 1400514K(2517408K)->1406773K(2517408K)
[109.884s][info][gc,metaspace   ] GC(287) Metaspace: 119498K(124032K)->119498K(124032K) NonClass: 103369K(104064K)->103369K(104064K) Class: 16129K(19968K)->16129K(19968K)
[109.884s][info][gc             ] GC(287) Pause Young (Allocation Failure) 2357M->1375M(3564M) 11.859ms
[109.884s][info][gc,cpu         ] GC(287) User=0.02s Sys=0.00s Real=0.01s
[110.464s][info][gc,start       ] GC(288) Pause Full (System.gc())
[110.465s][info][gc,phases,start] GC(288) Phase 1: Mark live objects
[110.536s][info][gc,phases      ] GC(288) Phase 1: Mark live objects 71.493ms
[110.536s][info][gc,phases,start] GC(288) Phase 2: Compute new object addresses
[110.607s][info][gc,phases      ] GC(288) Phase 2: Compute new object addresses 70.665ms
[110.607s][info][gc,phases,start] GC(288) Phase 3: Adjust pointers
[110.641s][info][gc,phases      ] GC(288) Phase 3: Adjust pointers 34.717ms
[110.642s][info][gc,phases,start] GC(288) Phase 4: Move objects
[110.642s][info][gc,phases      ] GC(288) Phase 4: Move objects 0.102ms
[110.642s][info][gc,heap        ] GC(288) DefNew: 258455K(1132928K)->0K(1132928K) Eden: 256652K(1007104K)->0K(1007104K) From: 1803K(125824K)->0K(125824K)
[110.643s][info][gc,heap        ] GC(288) Tenured: 1406773K(2517408K)->1406981K(2517408K)
[110.643s][info][gc,metaspace   ] GC(288) Metaspace: 119605K(124096K)->119605K(124096K) NonClass: 103475K(104128K)->103475K(104128K) Class: 16129K(19968K)->16129K(19968K)
[110.643s][info][gc             ] GC(288) Pause Full (System.gc()) 1626M->1374M(3564M) 178.299ms
[110.643s][info][gc,cpu         ] GC(288) User=0.17s Sys=0.00s Real=0.17s
[110.788s][info][gc,start       ] GC(289) Pause Young (Allocation Failure)
[110.802s][info][gc,heap        ] GC(289) DefNew: 1007104K(1132928K)->6624K(1132928K) Eden: 1007104K(1007104K)->0K(1007104K) From: 0K(125824K)->6624K(125824K)
[110.802s][info][gc,heap        ] GC(289) Tenured: 1406981K(2517408K)->1406981K(2517408K)
[110.802s][info][gc,metaspace   ] GC(289) Metaspace: 119704K(124224K)->119704K(124224K) NonClass: 103574K(104256K)->103574K(104256K) Class: 16129K(19968K)->16129K(19968K)
[110.802s][info][gc             ] GC(289) Pause Young (Allocation Failure) 2357M->1380M(3564M) 13.405ms
[110.802s][info][gc,cpu         ] GC(289) User=0.02s Sys=0.00s Real=0.02s
[110.870s][info][gc,start       ] GC(290) Pause Young (Allocation Failure)
[110.878s][info][gc,heap        ] GC(290) DefNew: 1013728K(1132928K)->6651K(1132928K) Eden: 1007104K(1007104K)->0K(1007104K) From: 6624K(125824K)->6651K(125824K)
[110.878s][info][gc,heap        ] GC(290) Tenured: 1406981K(2517408K)->1406981K(2517408K)
[110.878s][info][gc,metaspace   ] GC(290) Metaspace: 119704K(124224K)->119704K(124224K) NonClass: 103574K(104256K)->103574K(104256K) Class: 16129K(19968K)->16129K(19968K)
[110.878s][info][gc             ] GC(290) Pause Young (Allocation Failure) 2363M->1380M(3564M) 8.106ms
[110.878s][info][gc,cpu         ] GC(290) User=0.02s Sys=0.00s Real=0.02s
[110.946s][info][gc,start       ] GC(291) Pause Young (Allocation Failure)
[110.954s][info][gc,heap        ] GC(291) DefNew: 1013755K(1132928K)->6660K(1132928K) Eden: 1007104K(1007104K)->0K(1007104K) From: 6651K(125824K)->6660K(125824K)
[110.954s][info][gc,heap        ] GC(291) Tenured: 1406981K(2517408K)->1406981K(2517408K)
[110.954s][info][gc,metaspace   ] GC(291) Metaspace: 119704K(124224K)->119704K(124224K) NonClass: 103574K(104256K)->103574K(104256K) Class: 16129K(19968K)->16129K(19968K)
[110.954s][info][gc             ] GC(291) Pause Young (Allocation Failure) 2364M->1380M(3564M) 7.978ms
[110.954s][info][gc,cpu         ] GC(291) User=0.02s Sys=0.00s Real=0.02s
[111.022s][info][gc,start       ] GC(292) Pause Young (Allocation Failure)
[111.030s][info][gc,heap        ] GC(292) DefNew: 1013764K(1132928K)->6659K(1132928K) Eden: 1007104K(1007104K)->0K(1007104K) From: 6660K(125824K)->6659K(125824K)
[111.030s][info][gc,heap        ] GC(292) Tenured: 1406981K(2517408K)->1406981K(2517408K)
[111.030s][info][gc,metaspace   ] GC(292) Metaspace: 119704K(124224K)->119704K(124224K) NonClass: 103574K(104256K)->103574K(104256K) Class: 16129K(19968K)->16129K(19968K)
[111.030s][info][gc             ] GC(292) Pause Young (Allocation Failure) 2364M->1380M(3564M) 8.073ms
[111.031s][info][gc,cpu         ] GC(292) User=0.00s Sys=0.00s Real=0.00s
[111.099s][info][gc,start       ] GC(293) Pause Young (Allocation Failure)
[111.107s][info][gc,heap        ] GC(293) DefNew: 1013763K(1132928K)->6660K(1132928K) Eden: 1007104K(1007104K)->0K(1007104K) From: 6659K(125824K)->6660K(125824K)
[111.107s][info][gc,heap        ] GC(293) Tenured: 1406981K(2517408K)->1406981K(2517408K)
[111.107s][info][gc,metaspace   ] GC(293) Metaspace: 119704K(124224K)->119704K(124224K) NonClass: 103574K(104256K)->103574K(104256K) Class: 16129K(19968K)->16129K(19968K)
[111.107s][info][gc             ] GC(293) Pause Young (Allocation Failure) 2364M->1380M(3564M) 8.095ms
[111.107s][info][gc,cpu         ] GC(293) User=0.00s Sys=0.00s Real=0.00s
[111.175s][info][gc,start       ] GC(294) Pause Young (Allocation Failure)
[111.183s][info][gc,heap        ] GC(294) DefNew: 1013764K(1132928K)->6655K(1132928K) Eden: 1007104K(1007104K)->0K(1007104K) From: 6660K(125824K)->6655K(125824K)
[111.183s][info][gc,heap        ] GC(294) Tenured: 1406981K(2517408K)->1406981K(2517408K)
[111.183s][info][gc,metaspace   ] GC(294) Metaspace: 119704K(124224K)->119704K(124224K) NonClass: 103574K(104256K)->103574K(104256K) Class: 16129K(19968K)->16129K(19968K)
[111.183s][info][gc             ] GC(294) Pause Young (Allocation Failure) 2364M->1380M(3564M) 8.078ms
[111.184s][info][gc,cpu         ] GC(294) User=0.00s Sys=0.00s Real=0.00s
[111.251s][info][gc,start       ] GC(295) Pause Young (Allocation Failure)
[111.259s][info][gc,heap        ] GC(295) DefNew: 1013759K(1132928K)->6661K(1132928K) Eden: 1007104K(1007104K)->0K(1007104K) From: 6655K(125824K)->6661K(125824K)
[111.259s][info][gc,heap        ] GC(295) Tenured: 1406981K(2517408K)->1406981K(2517408K)
[111.259s][info][gc,metaspace   ] GC(295) Metaspace: 119704K(124224K)->119704K(124224K) NonClass: 103574K(104256K)->103574K(104256K) Class: 16129K(19968K)->16129K(19968K)
[111.260s][info][gc             ] GC(295) Pause Young (Allocation Failure) 2364M->1380M(3564M) 8.126ms
[111.260s][info][gc,cpu         ] GC(295) User=0.00s Sys=0.00s Real=0.00s
[111.327s][info][gc,start       ] GC(296) Pause Young (Allocation Failure)
[111.335s][info][gc,heap        ] GC(296) DefNew: 1013765K(1132928K)->6648K(1132928K) Eden: 1007104K(1007104K)->0K(1007104K) From: 6661K(125824K)->6648K(125824K)
[111.335s][info][gc,heap        ] GC(296) Tenured: 1406981K(2517408K)->1406981K(2517408K)
[111.335s][info][gc,metaspace   ] GC(296) Metaspace: 119704K(124224K)->119704K(124224K) NonClass: 103574K(104256K)->103574K(104256K) Class: 16129K(19968K)->16129K(19968K)
[111.335s][info][gc             ] GC(296) Pause Young (Allocation Failure) 2364M->1380M(3564M) 8.177ms
[111.336s][info][gc,cpu         ] GC(296) User=0.02s Sys=0.00s Real=0.02s
[111.403s][info][gc,start       ] GC(297) Pause Young (Allocation Failure)
[111.411s][info][gc,heap        ] GC(297) DefNew: 1013752K(1132928K)->6655K(1132928K) Eden: 1007104K(1007104K)->0K(1007104K) From: 6648K(125824K)->6655K(125824K)
[111.411s][info][gc,heap        ] GC(297) Tenured: 1406981K(2517408K)->1406981K(2517408K)
[111.411s][info][gc,metaspace   ] GC(297) Metaspace: 119704K(124224K)->119704K(124224K) NonClass: 103574K(104256K)->103574K(104256K) Class: 16129K(19968K)->16129K(19968K)
[111.412s][info][gc             ] GC(297) Pause Young (Allocation Failure) 2363M->1380M(3564M) 8.152ms
[111.412s][info][gc,cpu         ] GC(297) User=0.02s Sys=0.00s Real=0.02s
[111.480s][info][gc,start       ] GC(298) Pause Young (Allocation Failure)
[111.488s][info][gc,heap        ] GC(298) DefNew: 1013759K(1132928K)->6670K(1132928K) Eden: 1007104K(1007104K)->0K(1007104K) From: 6655K(125824K)->6670K(125824K)
[111.488s][info][gc,heap        ] GC(298) Tenured: 1406981K(2517408K)->1406981K(2517408K)
[111.488s][info][gc,metaspace   ] GC(298) Metaspace: 119704K(124224K)->119704K(124224K) NonClass: 103574K(104256K)->103574K(104256K) Class: 16129K(19968K)->16129K(19968K)
[111.488s][info][gc             ] GC(298) Pause Young (Allocation Failure) 2364M->1380M(3564M) 8.421ms
[111.488s][info][gc,cpu         ] GC(298) User=0.02s Sys=0.00s Real=0.02s
[111.557s][info][gc,start       ] GC(299) Pause Young (Allocation Failure)
[111.565s][info][gc,heap        ] GC(299) DefNew: 1013774K(1132928K)->6667K(1132928K) Eden: 1007104K(1007104K)->0K(1007104K) From: 6670K(125824K)->6667K(125824K)
[111.565s][info][gc,heap        ] GC(299) Tenured: 1406981K(2517408K)->1406981K(2517408K)
[111.565s][info][gc,metaspace   ] GC(299) Metaspace: 119704K(124224K)->119704K(124224K) NonClass: 103574K(104256K)->103574K(104256K) Class: 16129K(19968K)->16129K(19968K)
[111.565s][info][gc             ] GC(299) Pause Young (Allocation Failure) 2364M->1380M(3564M) 8.148ms
[111.565s][info][gc,cpu         ] GC(299) User=0.02s Sys=0.00s Real=0.01s
[111.632s][info][gc,start       ] GC(300) Pause Young (Allocation Failure)
[111.640s][info][gc,heap        ] GC(300) DefNew: 1013771K(1132928K)->6678K(1132928K) Eden: 1007104K(1007104K)->0K(1007104K) From: 6667K(125824K)->6678K(125824K)
[111.640s][info][gc,heap        ] GC(300) Tenured: 1406981K(2517408K)->1406981K(2517408K)
[111.640s][info][gc,metaspace   ] GC(300) Metaspace: 119704K(124224K)->119704K(124224K) NonClass: 103574K(104256K)->103574K(104256K) Class: 16129K(19968K)->16129K(19968K)
[111.641s][info][gc             ] GC(300) Pause Young (Allocation Failure) 2364M->1380M(3564M) 8.149ms
[111.641s][info][gc,cpu         ] GC(300) User=0.00s Sys=0.00s Real=0.00s
[111.709s][info][gc,start       ] GC(301) Pause Young (Allocation Failure)
[111.717s][info][gc,heap        ] GC(301) DefNew: 1013782K(1132928K)->6666K(1132928K) Eden: 1007104K(1007104K)->0K(1007104K) From: 6678K(125824K)->6666K(125824K)
[111.717s][info][gc,heap        ] GC(301) Tenured: 1406981K(2517408K)->1406981K(2517408K)
[111.717s][info][gc,metaspace   ] GC(301) Metaspace: 119704K(124224K)->119704K(124224K) NonClass: 103574K(104256K)->103574K(104256K) Class: 16129K(19968K)->16129K(19968K)
[111.717s][info][gc             ] GC(301) Pause Young (Allocation Failure) 2364M->1380M(3564M) 8.159ms
[111.717s][info][gc,cpu         ] GC(301) User=0.00s Sys=0.00s Real=0.00s
[111.784s][info][gc,start       ] GC(302) Pause Young (Allocation Failure)
[111.792s][info][gc,heap        ] GC(302) DefNew: 1013770K(1132928K)->6792K(1132928K) Eden: 1007104K(1007104K)->0K(1007104K) From: 6666K(125824K)->6792K(125824K)
[111.792s][info][gc,heap        ] GC(302) Tenured: 1406981K(2517408K)->1406981K(2517408K)
[111.792s][info][gc,metaspace   ] GC(302) Metaspace: 119704K(124224K)->119704K(124224K) NonClass: 103574K(104256K)->103574K(104256K) Class: 16129K(19968K)->16129K(19968K)
[111.792s][info][gc             ] GC(302) Pause Young (Allocation Failure) 2364M->1380M(3564M) 8.426ms
[111.793s][info][gc,cpu         ] GC(302) User=0.00s Sys=0.00s Real=0.00s
[111.861s][info][gc,start       ] GC(303) Pause Young (Allocation Failure)
[111.869s][info][gc,heap        ] GC(303) DefNew: 1013896K(1132928K)->6685K(1132928K) Eden: 1007104K(1007104K)->0K(1007104K) From: 6792K(125824K)->6685K(125824K)
[111.869s][info][gc,heap        ] GC(303) Tenured: 1406981K(2517408K)->1406981K(2517408K)
[111.869s][info][gc,metaspace   ] GC(303) Metaspace: 119704K(124224K)->119704K(124224K) NonClass: 103574K(104256K)->103574K(104256K) Class: 16129K(19968K)->16129K(19968K)
[111.869s][info][gc             ] GC(303) Pause Young (Allocation Failure) 2364M->1380M(3564M) 8.227ms
[111.869s][info][gc,cpu         ] GC(303) User=0.00s Sys=0.00s Real=0.00s
[111.939s][info][gc,start       ] GC(304) Pause Young (Allocation Failure)
[111.949s][info][gc,heap        ] GC(304) DefNew: 1013789K(1132928K)->925K(1132928K) Eden: 1007104K(1007104K)->0K(1007104K) From: 6685K(125824K)->925K(125824K)
[111.949s][info][gc,heap        ] GC(304) Tenured: 1406981K(2517408K)->1413373K(2517408K)
[111.949s][info][gc,metaspace   ] GC(304) Metaspace: 119704K(124224K)->119704K(124224K) NonClass: 103574K(104256K)->103574K(104256K) Class: 16129K(19968K)->16129K(19968K)
[111.950s][info][gc             ] GC(304) Pause Young (Allocation Failure) 2364M->1381M(3564M) 10.660ms
[111.950s][info][gc,cpu         ] GC(304) User=0.02s Sys=0.00s Real=0.02s
[112.546s][info][gc,start       ] GC(305) Pause Full (System.gc())
[112.546s][info][gc,phases,start] GC(305) Phase 1: Mark live objects
[112.616s][info][gc,phases      ] GC(305) Phase 1: Mark live objects 69.423ms
[112.616s][info][gc,phases,start] GC(305) Phase 2: Compute new object addresses
[112.684s][info][gc,phases      ] GC(305) Phase 2: Compute new object addresses 68.243ms
[112.684s][info][gc,phases,start] GC(305) Phase 3: Adjust pointers
[112.719s][info][gc,phases      ] GC(305) Phase 3: Adjust pointers 35.376ms
[112.719s][info][gc,phases,start] GC(305) Phase 4: Move objects
[112.720s][info][gc,phases      ] GC(305) Phase 4: Move objects 0.103ms
[112.720s][info][gc,heap        ] GC(305) DefNew: 252602K(1132928K)->0K(1132928K) Eden: 251676K(1007104K)->0K(1007104K) From: 925K(125824K)->0K(125824K)
[112.720s][info][gc,heap        ] GC(305) Tenured: 1413373K(2517408K)->1413577K(2517408K)
[112.720s][info][gc,metaspace   ] GC(305) Metaspace: 119722K(124224K)->119722K(124224K) NonClass: 103592K(104256K)->103592K(104256K) Class: 16129K(19968K)->16129K(19968K)
[112.721s][info][gc             ] GC(305) Pause Full (System.gc()) 1626M->1380M(3564M) 174.464ms
[112.721s][info][gc,cpu         ] GC(305) User=0.17s Sys=0.00s Real=0.17s
[112.874s][info][gc,start       ] GC(306) Pause Young (Allocation Failure)
[112.887s][info][gc,heap        ] GC(306) DefNew: 1007104K(1132928K)->6633K(1132928K) Eden: 1007104K(1007104K)->0K(1007104K) From: 0K(125824K)->6633K(125824K)
[112.887s][info][gc,heap        ] GC(306) Tenured: 1413577K(2517408K)->1413577K(2517408K)
[112.887s][info][gc,metaspace   ] GC(306) Metaspace: 119792K(124288K)->119792K(124288K) NonClass: 103662K(104320K)->103662K(104320K) Class: 16130K(19968K)->16130K(19968K)
[112.887s][info][gc             ] GC(306) Pause Young (Allocation Failure) 2363M->1386M(3564M) 12.697ms
[112.887s][info][gc,cpu         ] GC(306) User=0.03s Sys=0.00s Real=0.02s
[112.956s][info][gc,start       ] GC(307) Pause Young (Allocation Failure)
[112.964s][info][gc,heap        ] GC(307) DefNew: 1013737K(1132928K)->6666K(1132928K) Eden: 1007104K(1007104K)->0K(1007104K) From: 6633K(125824K)->6666K(125824K)
[112.964s][info][gc,heap        ] GC(307) Tenured: 1413577K(2517408K)->1413577K(2517408K)
[112.964s][info][gc,metaspace   ] GC(307) Metaspace: 119792K(124288K)->119792K(124288K) NonClass: 103662K(104320K)->103662K(104320K) Class: 16130K(19968K)->16130K(19968K)
[112.965s][info][gc             ] GC(307) Pause Young (Allocation Failure) 2370M->1386M(3564M) 8.132ms
[112.965s][info][gc,cpu         ] GC(307) User=0.00s Sys=0.00s Real=0.00s
[113.033s][info][gc,start       ] GC(308) Pause Young (Allocation Failure)
[113.041s][info][gc,heap        ] GC(308) DefNew: 1013770K(1132928K)->6658K(1132928K) Eden: 1007104K(1007104K)->0K(1007104K) From: 6666K(125824K)->6658K(125824K)
[113.041s][info][gc,heap        ] GC(308) Tenured: 1413577K(2517408K)->1413577K(2517408K)
[113.041s][info][gc,metaspace   ] GC(308) Metaspace: 119792K(124288K)->119792K(124288K) NonClass: 103662K(104320K)->103662K(104320K) Class: 16130K(19968K)->16130K(19968K)
[113.041s][info][gc             ] GC(308) Pause Young (Allocation Failure) 2370M->1386M(3564M) 8.191ms
[113.041s][info][gc,cpu         ] GC(308) User=0.00s Sys=0.00s Real=0.00s
[113.110s][info][gc,start       ] GC(309) Pause Young (Allocation Failure)
[113.118s][info][gc,heap        ] GC(309) DefNew: 1013762K(1132928K)->6660K(1132928K) Eden: 1007104K(1007104K)->0K(1007104K) From: 6658K(125824K)->6660K(125824K)
[113.118s][info][gc,heap        ] GC(309) Tenured: 1413577K(2517408K)->1413577K(2517408K)
[113.118s][info][gc,metaspace   ] GC(309) Metaspace: 119792K(124288K)->119792K(124288K) NonClass: 103662K(104320K)->103662K(104320K) Class: 16130K(19968K)->16130K(19968K)
[113.118s][info][gc             ] GC(309) Pause Young (Allocation Failure) 2370M->1386M(3564M) 8.151ms
[113.118s][info][gc,cpu         ] GC(309) User=0.00s Sys=0.00s Real=0.00s
[113.187s][info][gc,start       ] GC(310) Pause Young (Allocation Failure)
[113.195s][info][gc,heap        ] GC(310) DefNew: 1013764K(1132928K)->6669K(1132928K) Eden: 1007104K(1007104K)->0K(1007104K) From: 6660K(125824K)->6669K(125824K)
[113.195s][info][gc,heap        ] GC(310) Tenured: 1413577K(2517408K)->1413577K(2517408K)
[113.195s][info][gc,metaspace   ] GC(310) Metaspace: 119792K(124288K)->119792K(124288K) NonClass: 103662K(104320K)->103662K(104320K) Class: 16130K(19968K)->16130K(19968K)
[113.195s][info][gc             ] GC(310) Pause Young (Allocation Failure) 2370M->1386M(3564M) 8.127ms
[113.195s][info][gc,cpu         ] GC(310) User=0.03s Sys=0.00s Real=0.02s
[113.263s][info][gc,start       ] GC(311) Pause Young (Allocation Failure)
[113.271s][info][gc,heap        ] GC(311) DefNew: 1013773K(1132928K)->6656K(1132928K) Eden: 1007104K(1007104K)->0K(1007104K) From: 6669K(125824K)->6656K(125824K)
[113.271s][info][gc,heap        ] GC(311) Tenured: 1413577K(2517408K)->1413577K(2517408K)
[113.271s][info][gc,metaspace   ] GC(311) Metaspace: 119792K(124288K)->119792K(124288K) NonClass: 103662K(104320K)->103662K(104320K) Class: 16130K(19968K)->16130K(19968K)
[113.271s][info][gc             ] GC(311) Pause Young (Allocation Failure) 2370M->1386M(3564M) 8.174ms
[113.271s][info][gc,cpu         ] GC(311) User=0.00s Sys=0.00s Real=0.00s
[113.339s][info][gc,start       ] GC(312) Pause Young (Allocation Failure)
[113.347s][info][gc,heap        ] GC(312) DefNew: 1013760K(1132928K)->6650K(1132928K) Eden: 1007104K(1007104K)->0K(1007104K) From: 6656K(125824K)->6650K(125824K)
[113.347s][info][gc,heap        ] GC(312) Tenured: 1413577K(2517408K)->1413577K(2517408K)
[113.347s][info][gc,metaspace   ] GC(312) Metaspace: 119792K(124288K)->119792K(124288K) NonClass: 103662K(104320K)->103662K(104320K) Class: 16130K(19968K)->16130K(19968K)
[113.347s][info][gc             ] GC(312) Pause Young (Allocation Failure) 2370M->1386M(3564M) 8.127ms
[113.347s][info][gc,cpu         ] GC(312) User=0.00s Sys=0.00s Real=0.00s
[113.415s][info][gc,start       ] GC(313) Pause Young (Allocation Failure)
[113.423s][info][gc,heap        ] GC(313) DefNew: 1013754K(1132928K)->6667K(1132928K) Eden: 1007104K(1007104K)->0K(1007104K) From: 6650K(125824K)->6667K(125824K)
[113.423s][info][gc,heap        ] GC(313) Tenured: 1413577K(2517408K)->1413577K(2517408K)
[113.423s][info][gc,metaspace   ] GC(313) Metaspace: 119792K(124288K)->119792K(124288K) NonClass: 103662K(104320K)->103662K(104320K) Class: 16130K(19968K)->16130K(19968K)
[113.423s][info][gc             ] GC(313) Pause Young (Allocation Failure) 2370M->1386M(3564M) 8.110ms
[113.423s][info][gc,cpu         ] GC(313) User=0.00s Sys=0.00s Real=0.00s
[113.492s][info][gc,start       ] GC(314) Pause Young (Allocation Failure)
[113.500s][info][gc,heap        ] GC(314) DefNew: 1013771K(1132928K)->6646K(1132928K) Eden: 1007104K(1007104K)->0K(1007104K) From: 6667K(125824K)->6646K(125824K)
[113.500s][info][gc,heap        ] GC(314) Tenured: 1413577K(2517408K)->1413577K(2517408K)
[113.500s][info][gc,metaspace   ] GC(314) Metaspace: 119792K(124288K)->119792K(124288K) NonClass: 103662K(104320K)->103662K(104320K) Class: 16130K(19968K)->16130K(19968K)
[113.500s][info][gc             ] GC(314) Pause Young (Allocation Failure) 2370M->1386M(3564M) 8.174ms
[113.500s][info][gc,cpu         ] GC(314) User=0.00s Sys=0.00s Real=0.00s
[113.569s][info][gc,start       ] GC(315) Pause Young (Allocation Failure)
[113.577s][info][gc,heap        ] GC(315) DefNew: 1013750K(1132928K)->6655K(1132928K) Eden: 1007104K(1007104K)->0K(1007104K) From: 6646K(125824K)->6655K(125824K)
[113.577s][info][gc,heap        ] GC(315) Tenured: 1413577K(2517408K)->1413577K(2517408K)
[113.577s][info][gc,metaspace   ] GC(315) Metaspace: 119792K(124288K)->119792K(124288K) NonClass: 103662K(104320K)->103662K(104320K) Class: 16130K(19968K)->16130K(19968K)
[113.577s][info][gc             ] GC(315) Pause Young (Allocation Failure) 2370M->1386M(3564M) 8.129ms
[113.577s][info][gc,cpu         ] GC(315) User=0.00s Sys=0.00s Real=0.00s
[113.644s][info][gc,start       ] GC(316) Pause Young (Allocation Failure)
[113.652s][info][gc,heap        ] GC(316) DefNew: 1013759K(1132928K)->6641K(1132928K) Eden: 1007104K(1007104K)->0K(1007104K) From: 6655K(125824K)->6641K(125824K)
[113.652s][info][gc,heap        ] GC(316) Tenured: 1413577K(2517408K)->1413577K(2517408K)
[113.652s][info][gc,metaspace   ] GC(316) Metaspace: 119792K(124288K)->119792K(124288K) NonClass: 103662K(104320K)->103662K(104320K) Class: 16130K(19968K)->16130K(19968K)
[113.652s][info][gc             ] GC(316) Pause Young (Allocation Failure) 2370M->1386M(3564M) 8.093ms
[113.653s][info][gc,cpu         ] GC(316) User=0.00s Sys=0.00s Real=0.00s
[113.720s][info][gc,start       ] GC(317) Pause Young (Allocation Failure)
[113.729s][info][gc,heap        ] GC(317) DefNew: 1013745K(1132928K)->6716K(1132928K) Eden: 1007104K(1007104K)->0K(1007104K) From: 6641K(125824K)->6716K(125824K)
[113.729s][info][gc,heap        ] GC(317) Tenured: 1413577K(2517408K)->1413577K(2517408K)
[113.729s][info][gc,metaspace   ] GC(317) Metaspace: 119792K(124288K)->119792K(124288K) NonClass: 103662K(104320K)->103662K(104320K) Class: 16130K(19968K)->16130K(19968K)
[113.729s][info][gc             ] GC(317) Pause Young (Allocation Failure) 2370M->1387M(3564M) 8.285ms
[113.729s][info][gc,cpu         ] GC(317) User=0.00s Sys=0.00s Real=0.00s
[113.797s][info][gc,start       ] GC(318) Pause Young (Allocation Failure)
[113.806s][info][gc,heap        ] GC(318) DefNew: 1013820K(1132928K)->6784K(1132928K) Eden: 1007104K(1007104K)->0K(1007104K) From: 6716K(125824K)->6784K(125824K)
[113.806s][info][gc,heap        ] GC(318) Tenured: 1413577K(2517408K)->1413577K(2517408K)
[113.806s][info][gc,metaspace   ] GC(318) Metaspace: 119792K(124288K)->119792K(124288K) NonClass: 103662K(104320K)->103662K(104320K) Class: 16130K(19968K)->16130K(19968K)
[113.806s][info][gc             ] GC(318) Pause Young (Allocation Failure) 2370M->1387M(3564M) 8.269ms
[113.806s][info][gc,cpu         ] GC(318) User=0.00s Sys=0.00s Real=0.00s
[113.874s][info][gc,start       ] GC(319) Pause Young (Allocation Failure)
[113.882s][info][gc,heap        ] GC(319) DefNew: 1013888K(1132928K)->6698K(1132928K) Eden: 1007104K(1007104K)->0K(1007104K) From: 6784K(125824K)->6698K(125824K)
[113.882s][info][gc,heap        ] GC(319) Tenured: 1413577K(2517408K)->1413577K(2517408K)
[113.882s][info][gc,metaspace   ] GC(319) Metaspace: 119792K(124288K)->119792K(124288K) NonClass: 103662K(104320K)->103662K(104320K) Class: 16130K(19968K)->16130K(19968K)
[113.882s][info][gc             ] GC(319) Pause Young (Allocation Failure) 2370M->1386M(3564M) 8.313ms
[113.882s][info][gc,cpu         ] GC(319) User=0.00s Sys=0.00s Real=0.00s
[113.950s][info][gc,start       ] GC(320) Pause Young (Allocation Failure)
[113.960s][info][gc,heap        ] GC(320) DefNew: 1013802K(1132928K)->6695K(1132928K) Eden: 1007104K(1007104K)->0K(1007104K) From: 6698K(125824K)->6695K(125824K)
[113.960s][info][gc,heap        ] GC(320) Tenured: 1413577K(2517408K)->1413577K(2517408K)
[113.960s][info][gc,metaspace   ] GC(320) Metaspace: 119792K(124288K)->119792K(124288K) NonClass: 103662K(104320K)->103662K(104320K) Class: 16130K(19968K)->16130K(19968K)
[113.960s][info][gc             ] GC(320) Pause Young (Allocation Failure) 2370M->1386M(3564M) 9.728ms
[113.960s][info][gc,cpu         ] GC(320) User=0.00s Sys=0.00s Real=0.00s
[114.031s][info][gc,start       ] GC(321) Pause Young (Allocation Failure)
[114.042s][info][gc,heap        ] GC(321) DefNew: 1013799K(1132928K)->988K(1132928K) Eden: 1007104K(1007104K)->0K(1007104K) From: 6695K(125824K)->988K(125824K)
[114.042s][info][gc,heap        ] GC(321) Tenured: 1413577K(2517408K)->1419964K(2517408K)
[114.042s][info][gc,metaspace   ] GC(321) Metaspace: 119792K(124288K)->119792K(124288K) NonClass: 103662K(104320K)->103662K(104320K) Class: 16130K(19968K)->16130K(19968K)
[114.043s][info][gc             ] GC(321) Pause Young (Allocation Failure) 2370M->1387M(3564M) 12.036ms
[114.043s][info][gc,cpu         ] GC(321) User=0.02s Sys=0.00s Real=0.02s
[114.638s][info][gc,start       ] GC(322) Pause Full (System.gc())
[114.639s][info][gc,phases,start] GC(322) Phase 1: Mark live objects
[114.712s][info][gc,phases      ] GC(322) Phase 1: Mark live objects 73.358ms
[114.712s][info][gc,phases,start] GC(322) Phase 2: Compute new object addresses
[114.782s][info][gc,phases      ] GC(322) Phase 2: Compute new object addresses 69.758ms
[114.782s][info][gc,phases,start] GC(322) Phase 3: Adjust pointers
[114.818s][info][gc,phases      ] GC(322) Phase 3: Adjust pointers 35.976ms
[114.818s][info][gc,phases,start] GC(322) Phase 4: Move objects
[114.818s][info][gc,phases      ] GC(322) Phase 4: Move objects 0.106ms
[114.819s][info][gc,heap        ] GC(322) DefNew: 258645K(1132928K)->0K(1132928K) Eden: 257657K(1007104K)->0K(1007104K) From: 988K(125824K)->0K(125824K)
[114.819s][info][gc,heap        ] GC(322) Tenured: 1419964K(2517408K)->1420169K(2517408K)
[114.819s][info][gc,metaspace   ] GC(322) Metaspace: 119799K(124288K)->119799K(124288K) NonClass: 103668K(104320K)->103668K(104320K) Class: 16130K(19968K)->16130K(19968K)
[114.819s][info][gc             ] GC(322) Pause Full (System.gc()) 1639M->1386M(3564M) 180.508ms
[114.819s][info][gc,cpu         ] GC(322) User=0.17s Sys=0.00s Real=0.17s
[114.965s][info][gc,start       ] GC(323) Pause Young (Allocation Failure)
[114.977s][info][gc,heap        ] GC(323) DefNew: 1007104K(1132928K)->6605K(1132928K) Eden: 1007104K(1007104K)->0K(1007104K) From: 0K(125824K)->6605K(125824K)
[114.977s][info][gc,heap        ] GC(323) Tenured: 1420169K(2517408K)->1420169K(2517408K)
[114.977s][info][gc,metaspace   ] GC(323) Metaspace: 119870K(124352K)->119870K(124352K) NonClass: 103739K(104384K)->103739K(104384K) Class: 16130K(19968K)->16130K(19968K)
[114.978s][info][gc             ] GC(323) Pause Young (Allocation Failure) 2370M->1393M(3564M) 12.485ms
[114.978s][info][gc,cpu         ] GC(323) User=0.00s Sys=0.00s Real=0.00s
[115.047s][info][gc,start       ] GC(324) Pause Young (Allocation Failure)
[115.122s][info][gc,heap        ] GC(324) DefNew: 1013709K(1132928K)->6661K(1132928K) Eden: 1007104K(1007104K)->0K(1007104K) From: 6605K(125824K)->6661K(125824K)
[115.122s][info][gc,heap        ] GC(324) Tenured: 1420169K(2517408K)->1420169K(2517408K)
[115.122s][info][gc,metaspace   ] GC(324) Metaspace: 119870K(124352K)->119870K(124352K) NonClass: 103739K(104384K)->103739K(104384K) Class: 16130K(19968K)->16130K(19968K)
[115.122s][info][gc             ] GC(324) Pause Young (Allocation Failure) 2376M->1393M(3564M) 74.581ms
[115.122s][info][gc,cpu         ] GC(324) User=0.02s Sys=0.00s Real=0.08s
[115.194s][info][gc,start       ] GC(325) Pause Young (Allocation Failure)
[115.202s][info][gc,heap        ] GC(325) DefNew: 1013765K(1132928K)->6660K(1132928K) Eden: 1007104K(1007104K)->0K(1007104K) From: 6661K(125824K)->6660K(125824K)
[115.202s][info][gc,heap        ] GC(325) Tenured: 1420169K(2517408K)->1420169K(2517408K)
[115.202s][info][gc,metaspace   ] GC(325) Metaspace: 119870K(124352K)->119870K(124352K) NonClass: 103739K(104384K)->103739K(104384K) Class: 16130K(19968K)->16130K(19968K)
[115.202s][info][gc             ] GC(325) Pause Young (Allocation Failure) 2376M->1393M(3564M) 8.176ms
[115.202s][info][gc,cpu         ] GC(325) User=0.02s Sys=0.00s Real=0.02s
[115.270s][info][gc,start       ] GC(326) Pause Young (Allocation Failure)
[115.279s][info][gc,heap        ] GC(326) DefNew: 1013764K(1132928K)->6648K(1132928K) Eden: 1007104K(1007104K)->0K(1007104K) From: 6660K(125824K)->6648K(125824K)
[115.279s][info][gc,heap        ] GC(326) Tenured: 1420169K(2517408K)->1420169K(2517408K)
[115.279s][info][gc,metaspace   ] GC(326) Metaspace: 119870K(124352K)->119870K(124352K) NonClass: 103739K(104384K)->103739K(104384K) Class: 16130K(19968K)->16130K(19968K)
[115.279s][info][gc             ] GC(326) Pause Young (Allocation Failure) 2376M->1393M(3564M) 8.282ms
[115.279s][info][gc,cpu         ] GC(326) User=0.02s Sys=0.00s Real=0.01s
[115.347s][info][gc,start       ] GC(327) Pause Young (Allocation Failure)
[115.355s][info][gc,heap        ] GC(327) DefNew: 1013752K(1132928K)->6660K(1132928K) Eden: 1007104K(1007104K)->0K(1007104K) From: 6648K(125824K)->6660K(125824K)
[115.355s][info][gc,heap        ] GC(327) Tenured: 1420169K(2517408K)->1420169K(2517408K)
[115.355s][info][gc,metaspace   ] GC(327) Metaspace: 119870K(124352K)->119870K(124352K) NonClass: 103739K(104384K)->103739K(104384K) Class: 16130K(19968K)->16130K(19968K)
[115.355s][info][gc             ] GC(327) Pause Young (Allocation Failure) 2376M->1393M(3564M) 8.095ms
[115.355s][info][gc,cpu         ] GC(327) User=0.00s Sys=0.00s Real=0.00s
[115.424s][info][gc,start       ] GC(328) Pause Young (Allocation Failure)
[115.432s][info][gc,heap        ] GC(328) DefNew: 1013764K(1132928K)->6649K(1132928K) Eden: 1007104K(1007104K)->0K(1007104K) From: 6660K(125824K)->6649K(125824K)
[115.432s][info][gc,heap        ] GC(328) Tenured: 1420169K(2517408K)->1420169K(2517408K)
[115.432s][info][gc,metaspace   ] GC(328) Metaspace: 119870K(124352K)->119870K(124352K) NonClass: 103739K(104384K)->103739K(104384K) Class: 16130K(19968K)->16130K(19968K)
[115.432s][info][gc             ] GC(328) Pause Young (Allocation Failure) 2376M->1393M(3564M) 8.108ms
[115.432s][info][gc,cpu         ] GC(328) User=0.00s Sys=0.00s Real=0.00s
[115.500s][info][gc,start       ] GC(329) Pause Young (Allocation Failure)
[115.508s][info][gc,heap        ] GC(329) DefNew: 1013753K(1132928K)->6653K(1132928K) Eden: 1007104K(1007104K)->0K(1007104K) From: 6649K(125824K)->6653K(125824K)
[115.508s][info][gc,heap        ] GC(329) Tenured: 1420169K(2517408K)->1420169K(2517408K)
[115.508s][info][gc,metaspace   ] GC(329) Metaspace: 119870K(124352K)->119870K(124352K) NonClass: 103739K(104384K)->103739K(104384K) Class: 16130K(19968K)->16130K(19968K)
[115.508s][info][gc             ] GC(329) Pause Young (Allocation Failure) 2376M->1393M(3564M) 8.269ms
[115.508s][info][gc,cpu         ] GC(329) User=0.00s Sys=0.00s Real=0.00s
[115.576s][info][gc,start       ] GC(330) Pause Young (Allocation Failure)
[115.584s][info][gc,heap        ] GC(330) DefNew: 1013757K(1132928K)->6635K(1132928K) Eden: 1007104K(1007104K)->0K(1007104K) From: 6653K(125824K)->6635K(125824K)
[115.584s][info][gc,heap        ] GC(330) Tenured: 1420169K(2517408K)->1420169K(2517408K)
[115.584s][info][gc,metaspace   ] GC(330) Metaspace: 119870K(124352K)->119870K(124352K) NonClass: 103739K(104384K)->103739K(104384K) Class: 16130K(19968K)->16130K(19968K)
[115.584s][info][gc             ] GC(330) Pause Young (Allocation Failure) 2376M->1393M(3564M) 8.069ms
[115.584s][info][gc,cpu         ] GC(330) User=0.00s Sys=0.00s Real=0.00s
[115.653s][info][gc,start       ] GC(331) Pause Young (Allocation Failure)
[115.661s][info][gc,heap        ] GC(331) DefNew: 1013739K(1132928K)->6649K(1132928K) Eden: 1007104K(1007104K)->0K(1007104K) From: 6635K(125824K)->6649K(125824K)
[115.661s][info][gc,heap        ] GC(331) Tenured: 1420169K(2517408K)->1420169K(2517408K)
[115.661s][info][gc,metaspace   ] GC(331) Metaspace: 119871K(124352K)->119871K(124352K) NonClass: 103740K(104384K)->103740K(104384K) Class: 16130K(19968K)->16130K(19968K)
[115.661s][info][gc             ] GC(331) Pause Young (Allocation Failure) 2376M->1393M(3564M) 8.287ms
[115.661s][info][gc,cpu         ] GC(331) User=0.00s Sys=0.00s Real=0.00s
[115.729s][info][gc,start       ] GC(332) Pause Young (Allocation Failure)
[115.737s][info][gc,heap        ] GC(332) DefNew: 1013753K(1132928K)->6651K(1132928K) Eden: 1007104K(1007104K)->0K(1007104K) From: 6649K(125824K)->6651K(125824K)
[115.737s][info][gc,heap        ] GC(332) Tenured: 1420169K(2517408K)->1420169K(2517408K)
[115.737s][info][gc,metaspace   ] GC(332) Metaspace: 119871K(124352K)->119871K(124352K) NonClass: 103740K(104384K)->103740K(104384K) Class: 16130K(19968K)->16130K(19968K)
[115.737s][info][gc             ] GC(332) Pause Young (Allocation Failure) 2376M->1393M(3564M) 8.042ms
[115.737s][info][gc,cpu         ] GC(332) User=0.00s Sys=0.00s Real=0.00s
[115.806s][info][gc,start       ] GC(333) Pause Young (Allocation Failure)
[115.814s][info][gc,heap        ] GC(333) DefNew: 1013755K(1132928K)->6660K(1132928K) Eden: 1007104K(1007104K)->0K(1007104K) From: 6651K(125824K)->6660K(125824K)
[115.814s][info][gc,heap        ] GC(333) Tenured: 1420169K(2517408K)->1420169K(2517408K)
[115.814s][info][gc,metaspace   ] GC(333) Metaspace: 119871K(124352K)->119871K(124352K) NonClass: 103740K(104384K)->103740K(104384K) Class: 16130K(19968K)->16130K(19968K)
[115.814s][info][gc             ] GC(333) Pause Young (Allocation Failure) 2376M->1393M(3564M) 8.104ms
[115.814s][info][gc,cpu         ] GC(333) User=0.00s Sys=0.00s Real=0.00s
[115.882s][info][gc,start       ] GC(334) Pause Young (Allocation Failure)
[115.890s][info][gc,heap        ] GC(334) DefNew: 1013764K(1132928K)->6755K(1132928K) Eden: 1007104K(1007104K)->0K(1007104K) From: 6660K(125824K)->6755K(125824K)
[115.890s][info][gc,heap        ] GC(334) Tenured: 1420169K(2517408K)->1420169K(2517408K)
[115.890s][info][gc,metaspace   ] GC(334) Metaspace: 119871K(124352K)->119871K(124352K) NonClass: 103740K(104384K)->103740K(104384K) Class: 16130K(19968K)->16130K(19968K)
[115.891s][info][gc             ] GC(334) Pause Young (Allocation Failure) 2376M->1393M(3564M) 8.543ms
[115.891s][info][gc,cpu         ] GC(334) User=0.02s Sys=0.00s Real=0.02s
[115.959s][info][gc,start       ] GC(335) Pause Young (Allocation Failure)
[115.967s][info][gc,heap        ] GC(335) DefNew: 1013859K(1132928K)->6761K(1132928K) Eden: 1007104K(1007104K)->0K(1007104K) From: 6755K(125824K)->6761K(125824K)
[115.967s][info][gc,heap        ] GC(335) Tenured: 1420169K(2517408K)->1420169K(2517408K)
[115.967s][info][gc,metaspace   ] GC(335) Metaspace: 119871K(124352K)->119871K(124352K) NonClass: 103740K(104384K)->103740K(104384K) Class: 16130K(19968K)->16130K(19968K)
[115.967s][info][gc             ] GC(335) Pause Young (Allocation Failure) 2376M->1393M(3564M) 8.347ms
[115.967s][info][gc,cpu         ] GC(335) User=0.02s Sys=0.00s Real=0.02s
[116.035s][info][gc,start       ] GC(336) Pause Young (Allocation Failure)
[116.044s][info][gc,heap        ] GC(336) DefNew: 1013865K(1132928K)->6676K(1132928K) Eden: 1007104K(1007104K)->0K(1007104K) From: 6761K(125824K)->6676K(125824K)
[116.044s][info][gc,heap        ] GC(336) Tenured: 1420169K(2517408K)->1420169K(2517408K)
[116.044s][info][gc,metaspace   ] GC(336) Metaspace: 119871K(124352K)->119871K(124352K) NonClass: 103740K(104384K)->103740K(104384K) Class: 16130K(19968K)->16130K(19968K)
[116.044s][info][gc             ] GC(336) Pause Young (Allocation Failure) 2376M->1393M(3564M) 8.251ms
[116.044s][info][gc,cpu         ] GC(336) User=0.00s Sys=0.00s Real=0.00s
[116.112s][info][gc,start       ] GC(337) Pause Young (Allocation Failure)
[116.120s][info][gc,heap        ] GC(337) DefNew: 1013780K(1132928K)->6694K(1132928K) Eden: 1007104K(1007104K)->0K(1007104K) From: 6676K(125824K)->6694K(125824K)
[116.120s][info][gc,heap        ] GC(337) Tenured: 1420169K(2517408K)->1420169K(2517408K)
[116.120s][info][gc,metaspace   ] GC(337) Metaspace: 119871K(124352K)->119871K(124352K) NonClass: 103740K(104384K)->103740K(104384K) Class: 16130K(19968K)->16130K(19968K)
[116.120s][info][gc             ] GC(337) Pause Young (Allocation Failure) 2376M->1393M(3564M) 8.214ms
[116.120s][info][gc,cpu         ] GC(337) User=0.00s Sys=0.00s Real=0.00s
[116.192s][info][gc,start       ] GC(338) Pause Young (Allocation Failure)
[116.204s][info][gc,heap        ] GC(338) DefNew: 1013798K(1132928K)->2021K(1132928K) Eden: 1007104K(1007104K)->0K(1007104K) From: 6694K(125824K)->2021K(125824K)
[116.204s][info][gc,heap        ] GC(338) Tenured: 1420169K(2517408K)->1426468K(2517408K)
[116.204s][info][gc,metaspace   ] GC(338) Metaspace: 119871K(124352K)->119871K(124352K) NonClass: 103740K(104384K)->103740K(104384K) Class: 16130K(19968K)->16130K(19968K)
[116.204s][info][gc             ] GC(338) Pause Young (Allocation Failure) 2376M->1395M(3564M) 12.137ms
[116.204s][info][gc,cpu         ] GC(338) User=0.00s Sys=0.00s Real=0.00s
[116.788s][info][gc,start       ] GC(339) Pause Full (System.gc())
[116.788s][info][gc,phases,start] GC(339) Phase 1: Mark live objects
[116.863s][info][gc,phases      ] GC(339) Phase 1: Mark live objects 74.246ms
[116.863s][info][gc,phases,start] GC(339) Phase 2: Compute new object addresses
[116.947s][info][gc,phases      ] GC(339) Phase 2: Compute new object addresses 84.265ms
[116.947s][info][gc,phases,start] GC(339) Phase 3: Adjust pointers
[116.985s][info][gc,phases      ] GC(339) Phase 3: Adjust pointers 38.161ms
[116.985s][info][gc,phases,start] GC(339) Phase 4: Move objects
[117.233s][info][gc,phases      ] GC(339) Phase 4: Move objects 248.301ms
[117.234s][info][gc,heap        ] GC(339) DefNew: 254693K(1132928K)->0K(1132928K) Eden: 252672K(1007104K)->0K(1007104K) From: 2021K(125824K)->0K(125824K)
[117.234s][info][gc,heap        ] GC(339) Tenured: 1426468K(2517408K)->1400746K(2517408K)
[117.234s][info][gc,metaspace   ] GC(339) Metaspace: 119880K(124352K)->119880K(124352K) NonClass: 103749K(104384K)->103749K(104384K) Class: 16130K(19968K)->16130K(19968K)
[117.235s][info][gc             ] GC(339) Pause Full (System.gc()) 1641M->1367M(3564M) 446.450ms
[117.235s][info][gc,cpu         ] GC(339) User=0.45s Sys=0.00s Real=0.46s
[117.389s][info][gc,start       ] GC(340) Pause Young (Allocation Failure)
[117.401s][info][gc,heap        ] GC(340) DefNew: 1007104K(1132928K)->6610K(1132928K) Eden: 1007104K(1007104K)->0K(1007104K) From: 0K(125824K)->6610K(125824K)
[117.401s][info][gc,heap        ] GC(340) Tenured: 1400746K(2517408K)->1400746K(2517408K)
[117.401s][info][gc,metaspace   ] GC(340) Metaspace: 119921K(124416K)->119921K(124416K) NonClass: 103789K(104448K)->103789K(104448K) Class: 16131K(19968K)->16131K(19968K)
[117.401s][info][gc             ] GC(340) Pause Young (Allocation Failure) 2351M->1374M(3564M) 12.376ms
[117.401s][info][gc,cpu         ] GC(340) User=0.02s Sys=0.00s Real=0.02s
[117.468s][info][gc,start       ] GC(341) Pause Young (Allocation Failure)
[117.476s][info][gc,heap        ] GC(341) DefNew: 1013714K(1132928K)->6625K(1132928K) Eden: 1007104K(1007104K)->0K(1007104K) From: 6610K(125824K)->6625K(125824K)
[117.476s][info][gc,heap        ] GC(341) Tenured: 1400746K(2517408K)->1400746K(2517408K)
[117.476s][info][gc,metaspace   ] GC(341) Metaspace: 119921K(124416K)->119921K(124416K) NonClass: 103789K(104448K)->103789K(104448K) Class: 16131K(19968K)->16131K(19968K)
[117.476s][info][gc             ] GC(341) Pause Young (Allocation Failure) 2357M->1374M(3564M) 8.040ms
[117.476s][info][gc,cpu         ] GC(341) User=0.00s Sys=0.00s Real=0.00s
[117.544s][info][gc,start       ] GC(342) Pause Young (Allocation Failure)
[117.551s][info][gc,heap        ] GC(342) DefNew: 1013729K(1132928K)->6636K(1132928K) Eden: 1007104K(1007104K)->0K(1007104K) From: 6625K(125824K)->6636K(125824K)
[117.551s][info][gc,heap        ] GC(342) Tenured: 1400746K(2517408K)->1400746K(2517408K)
[117.552s][info][gc,metaspace   ] GC(342) Metaspace: 119921K(124416K)->119921K(124416K) NonClass: 103789K(104448K)->103789K(104448K) Class: 16131K(19968K)->16131K(19968K)
[117.552s][info][gc             ] GC(342) Pause Young (Allocation Failure) 2357M->1374M(3564M) 8.002ms
[117.552s][info][gc,cpu         ] GC(342) User=0.02s Sys=0.00s Real=0.02s
[117.619s][info][gc,start       ] GC(343) Pause Young (Allocation Failure)
[117.627s][info][gc,heap        ] GC(343) DefNew: 1013740K(1132928K)->6638K(1132928K) Eden: 1007104K(1007104K)->0K(1007104K) From: 6636K(125824K)->6638K(125824K)
[117.627s][info][gc,heap        ] GC(343) Tenured: 1400746K(2517408K)->1400746K(2517408K)
[117.627s][info][gc,metaspace   ] GC(343) Metaspace: 119921K(124416K)->119921K(124416K) NonClass: 103789K(104448K)->103789K(104448K) Class: 16131K(19968K)->16131K(19968K)
[117.627s][info][gc             ] GC(343) Pause Young (Allocation Failure) 2357M->1374M(3564M) 7.993ms
[117.627s][info][gc,cpu         ] GC(343) User=0.02s Sys=0.00s Real=0.02s
[117.695s][info][gc,start       ] GC(344) Pause Young (Allocation Failure)
[117.703s][info][gc,heap        ] GC(344) DefNew: 1013742K(1132928K)->6621K(1132928K) Eden: 1007104K(1007104K)->0K(1007104K) From: 6638K(125824K)->6621K(125824K)
[117.703s][info][gc,heap        ] GC(344) Tenured: 1400746K(2517408K)->1400746K(2517408K)
[117.703s][info][gc,metaspace   ] GC(344) Metaspace: 119921K(124416K)->119921K(124416K) NonClass: 103789K(104448K)->103789K(104448K) Class: 16131K(19968K)->16131K(19968K)
[117.703s][info][gc             ] GC(344) Pause Young (Allocation Failure) 2357M->1374M(3564M) 8.064ms
[117.703s][info][gc,cpu         ] GC(344) User=0.03s Sys=0.00s Real=0.02s
[117.770s][info][gc,start       ] GC(345) Pause Young (Allocation Failure)
[117.778s][info][gc,heap        ] GC(345) DefNew: 1013725K(1132928K)->6647K(1132928K) Eden: 1007104K(1007104K)->0K(1007104K) From: 6621K(125824K)->6647K(125824K)
[117.778s][info][gc,heap        ] GC(345) Tenured: 1400746K(2517408K)->1400746K(2517408K)
[117.778s][info][gc,metaspace   ] GC(345) Metaspace: 119921K(124416K)->119921K(124416K) NonClass: 103789K(104448K)->103789K(104448K) Class: 16131K(19968K)->16131K(19968K)
[117.778s][info][gc             ] GC(345) Pause Young (Allocation Failure) 2357M->1374M(3564M) 8.020ms
[117.778s][info][gc,cpu         ] GC(345) User=0.00s Sys=0.00s Real=0.00s
[117.846s][info][gc,start       ] GC(346) Pause Young (Allocation Failure)
[117.854s][info][gc,heap        ] GC(346) DefNew: 1013751K(1132928K)->6632K(1132928K) Eden: 1007104K(1007104K)->0K(1007104K) From: 6647K(125824K)->6632K(125824K)
[117.854s][info][gc,heap        ] GC(346) Tenured: 1400746K(2517408K)->1400746K(2517408K)
[117.854s][info][gc,metaspace   ] GC(346) Metaspace: 119921K(124416K)->119921K(124416K) NonClass: 103789K(104448K)->103789K(104448K) Class: 16131K(19968K)->16131K(19968K)
[117.854s][info][gc             ] GC(346) Pause Young (Allocation Failure) 2357M->1374M(3564M) 8.004ms
[117.854s][info][gc,cpu         ] GC(346) User=0.00s Sys=0.00s Real=0.00s
[117.921s][info][gc,start       ] GC(347) Pause Young (Allocation Failure)
[117.929s][info][gc,heap        ] GC(347) DefNew: 1013736K(1132928K)->6612K(1132928K) Eden: 1007104K(1007104K)->0K(1007104K) From: 6632K(125824K)->6612K(125824K)
[117.929s][info][gc,heap        ] GC(347) Tenured: 1400746K(2517408K)->1400746K(2517408K)
[117.929s][info][gc,metaspace   ] GC(347) Metaspace: 119921K(124416K)->119921K(124416K) NonClass: 103789K(104448K)->103789K(104448K) Class: 16131K(19968K)->16131K(19968K)
[117.929s][info][gc             ] GC(347) Pause Young (Allocation Failure) 2357M->1374M(3564M) 7.980ms
[117.929s][info][gc,cpu         ] GC(347) User=0.00s Sys=0.00s Real=0.00s
[117.996s][info][gc,start       ] GC(348) Pause Young (Allocation Failure)
[118.004s][info][gc,heap        ] GC(348) DefNew: 1013716K(1132928K)->6619K(1132928K) Eden: 1007104K(1007104K)->0K(1007104K) From: 6612K(125824K)->6619K(125824K)
[118.004s][info][gc,heap        ] GC(348) Tenured: 1400746K(2517408K)->1400746K(2517408K)
[118.004s][info][gc,metaspace   ] GC(348) Metaspace: 119921K(124416K)->119921K(124416K) NonClass: 103789K(104448K)->103789K(104448K) Class: 16131K(19968K)->16131K(19968K)
[118.004s][info][gc             ] GC(348) Pause Young (Allocation Failure) 2357M->1374M(3564M) 8.002ms
[118.004s][info][gc,cpu         ] GC(348) User=0.00s Sys=0.00s Real=0.00s
[118.072s][info][gc,start       ] GC(349) Pause Young (Allocation Failure)
[118.080s][info][gc,heap        ] GC(349) DefNew: 1013723K(1132928K)->6630K(1132928K) Eden: 1007104K(1007104K)->0K(1007104K) From: 6619K(125824K)->6630K(125824K)
[118.080s][info][gc,heap        ] GC(349) Tenured: 1400746K(2517408K)->1400746K(2517408K)
[118.080s][info][gc,metaspace   ] GC(349) Metaspace: 119921K(124416K)->119921K(124416K) NonClass: 103789K(104448K)->103789K(104448K) Class: 16131K(19968K)->16131K(19968K)
[118.080s][info][gc             ] GC(349) Pause Young (Allocation Failure) 2357M->1374M(3564M) 7.990ms
[118.080s][info][gc,cpu         ] GC(349) User=0.02s Sys=0.00s Real=0.02s
[118.147s][info][gc,start       ] GC(350) Pause Young (Allocation Failure)
[118.156s][info][gc,heap        ] GC(350) DefNew: 1013734K(1132928K)->6706K(1132928K) Eden: 1007104K(1007104K)->0K(1007104K) From: 6630K(125824K)->6706K(125824K)
[118.156s][info][gc,heap        ] GC(350) Tenured: 1400746K(2517408K)->1400746K(2517408K)
[118.156s][info][gc,metaspace   ] GC(350) Metaspace: 119929K(124416K)->119929K(124416K) NonClass: 103797K(104448K)->103797K(104448K) Class: 16131K(19968K)->16131K(19968K)
[118.156s][info][gc             ] GC(350) Pause Young (Allocation Failure) 2357M->1374M(3564M) 8.320ms
[118.156s][info][gc,cpu         ] GC(350) User=0.02s Sys=0.00s Real=0.02s
[118.223s][info][gc,start       ] GC(351) Pause Young (Allocation Failure)
[118.231s][info][gc,heap        ] GC(351) DefNew: 1013810K(1132928K)->6710K(1132928K) Eden: 1007104K(1007104K)->0K(1007104K) From: 6706K(125824K)->6710K(125824K)
[118.231s][info][gc,heap        ] GC(351) Tenured: 1400746K(2517408K)->1400746K(2517408K)
[118.231s][info][gc,metaspace   ] GC(351) Metaspace: 119930K(124416K)->119930K(124416K) NonClass: 103798K(104448K)->103798K(104448K) Class: 16131K(19968K)->16131K(19968K)
[118.232s][info][gc             ] GC(351) Pause Young (Allocation Failure) 2357M->1374M(3564M) 8.238ms
[118.232s][info][gc,cpu         ] GC(351) User=0.02s Sys=0.00s Real=0.02s
[118.299s][info][gc,start       ] GC(352) Pause Young (Allocation Failure)
[118.307s][info][gc,heap        ] GC(352) DefNew: 1013814K(1132928K)->6835K(1132928K) Eden: 1007104K(1007104K)->0K(1007104K) From: 6710K(125824K)->6835K(125824K)
[118.307s][info][gc,heap        ] GC(352) Tenured: 1400746K(2517408K)->1400746K(2517408K)
[118.307s][info][gc,metaspace   ] GC(352) Metaspace: 119930K(124416K)->119930K(124416K) NonClass: 103798K(104448K)->103798K(104448K) Class: 16131K(19968K)->16131K(19968K)
[118.307s][info][gc             ] GC(352) Pause Young (Allocation Failure) 2357M->1374M(3564M) 8.350ms
[118.307s][info][gc,cpu         ] GC(352) User=0.00s Sys=0.00s Real=0.00s
[118.374s][info][gc,start       ] GC(353) Pause Young (Allocation Failure)
[118.383s][info][gc,heap        ] GC(353) DefNew: 1013939K(1132928K)->6811K(1132928K) Eden: 1007104K(1007104K)->0K(1007104K) From: 6835K(125824K)->6811K(125824K)
[118.383s][info][gc,heap        ] GC(353) Tenured: 1400746K(2517408K)->1400746K(2517408K)
[118.383s][info][gc,metaspace   ] GC(353) Metaspace: 119930K(124416K)->119930K(124416K) NonClass: 103798K(104448K)->103798K(104448K) Class: 16131K(19968K)->16131K(19968K)
[118.383s][info][gc             ] GC(353) Pause Young (Allocation Failure) 2358M->1374M(3564M) 8.248ms
[118.383s][info][gc,cpu         ] GC(353) User=0.00s Sys=0.00s Real=0.00s
[118.450s][info][gc,start       ] GC(354) Pause Young (Allocation Failure)
[118.460s][info][gc,heap        ] GC(354) DefNew: 1013915K(1132928K)->6725K(1132928K) Eden: 1007104K(1007104K)->0K(1007104K) From: 6811K(125824K)->6725K(125824K)
[118.460s][info][gc,heap        ] GC(354) Tenured: 1400746K(2517408K)->1400746K(2517408K)
[118.460s][info][gc,metaspace   ] GC(354) Metaspace: 119930K(124416K)->119930K(124416K) NonClass: 103798K(104448K)->103798K(104448K) Class: 16131K(19968K)->16131K(19968K)
[118.460s][info][gc             ] GC(354) Pause Young (Allocation Failure) 2358M->1374M(3564M) 9.861ms
[118.460s][info][gc,cpu         ] GC(354) User=0.02s Sys=0.00s Real=0.02s
[118.529s][info][gc,start       ] GC(355) Pause Young (Allocation Failure)
[118.540s][info][gc,heap        ] GC(355) DefNew: 1013829K(1132928K)->882K(1132928K) Eden: 1007104K(1007104K)->0K(1007104K) From: 6725K(125824K)->882K(125824K)
[118.540s][info][gc,heap        ] GC(355) Tenured: 1400746K(2517408K)->1407048K(2517408K)
[118.540s][info][gc,metaspace   ] GC(355) Metaspace: 119930K(124416K)->119930K(124416K) NonClass: 103798K(104448K)->103798K(104448K) Class: 16131K(19968K)->16131K(19968K)
[118.540s][info][gc             ] GC(355) Pause Young (Allocation Failure) 2357M->1374M(3564M) 11.624ms
[118.540s][info][gc,cpu         ] GC(355) User=0.00s Sys=0.00s Real=0.00s
[119.164s][info][gc,start       ] GC(356) Pause Full (System.gc())
[119.164s][info][gc,phases,start] GC(356) Phase 1: Mark live objects
[119.238s][info][gc,phases      ] GC(356) Phase 1: Mark live objects 73.412ms
[119.238s][info][gc,phases,start] GC(356) Phase 2: Compute new object addresses
[119.308s][info][gc,phases      ] GC(356) Phase 2: Compute new object addresses 70.712ms
[119.308s][info][gc,phases,start] GC(356) Phase 3: Adjust pointers
[119.344s][info][gc,phases      ] GC(356) Phase 3: Adjust pointers 35.867ms
[119.344s][info][gc,phases,start] GC(356) Phase 4: Move objects
[119.344s][info][gc,phases      ] GC(356) Phase 4: Move objects 0.104ms
[119.345s][info][gc,heap        ] GC(356) DefNew: 258881K(1132928K)->0K(1132928K) Eden: 257998K(1007104K)->0K(1007104K) From: 882K(125824K)->0K(125824K)
[119.345s][info][gc,heap        ] GC(356) Tenured: 1407048K(2517408K)->1407247K(2517408K)
[119.345s][info][gc,metaspace   ] GC(356) Metaspace: 119936K(124416K)->119936K(124416K) NonClass: 103804K(104448K)->103804K(104448K) Class: 16131K(19968K)->16131K(19968K)
[119.345s][info][gc             ] GC(356) Pause Full (System.gc()) 1626M->1374M(3564M) 181.404ms
[119.345s][info][gc,cpu         ] GC(356) User=0.17s Sys=0.00s Real=0.17s
[119.492s][info][gc,start       ] GC(357) Pause Young (Allocation Failure)
[119.504s][info][gc,heap        ] GC(357) DefNew: 1007104K(1132928K)->6635K(1132928K) Eden: 1007104K(1007104K)->0K(1007104K) From: 0K(125824K)->6635K(125824K)
[119.504s][info][gc,heap        ] GC(357) Tenured: 1407247K(2517408K)->1407247K(2517408K)
[119.504s][info][gc,metaspace   ] GC(357) Metaspace: 120015K(124544K)->120015K(124544K) NonClass: 103883K(104576K)->103883K(104576K) Class: 16131K(19968K)->16131K(19968K)
[119.504s][info][gc             ] GC(357) Pause Young (Allocation Failure) 2357M->1380M(3564M) 12.361ms
[119.504s][info][gc,cpu         ] GC(357) User=0.02s Sys=0.00s Real=0.02s
[119.572s][info][gc,start       ] GC(358) Pause Young (Allocation Failure)
[119.580s][info][gc,heap        ] GC(358) DefNew: 1013739K(1132928K)->6628K(1132928K) Eden: 1007104K(1007104K)->0K(1007104K) From: 6635K(125824K)->6628K(125824K)
[119.580s][info][gc,heap        ] GC(358) Tenured: 1407247K(2517408K)->1407247K(2517408K)
[119.580s][info][gc,metaspace   ] GC(358) Metaspace: 120015K(124544K)->120015K(124544K) NonClass: 103883K(104576K)->103883K(104576K) Class: 16131K(19968K)->16131K(19968K)
[119.580s][info][gc             ] GC(358) Pause Young (Allocation Failure) 2364M->1380M(3564M) 8.099ms
[119.580s][info][gc,cpu         ] GC(358) User=0.02s Sys=0.00s Real=0.01s
[119.648s][info][gc,start       ] GC(359) Pause Young (Allocation Failure)
[119.656s][info][gc,heap        ] GC(359) DefNew: 1013732K(1132928K)->6632K(1132928K) Eden: 1007104K(1007104K)->0K(1007104K) From: 6628K(125824K)->6632K(125824K)
[119.656s][info][gc,heap        ] GC(359) Tenured: 1407247K(2517408K)->1407247K(2517408K)
[119.656s][info][gc,metaspace   ] GC(359) Metaspace: 120015K(124544K)->120015K(124544K) NonClass: 103883K(104576K)->103883K(104576K) Class: 16131K(19968K)->16131K(19968K)
[119.656s][info][gc             ] GC(359) Pause Young (Allocation Failure) 2364M->1380M(3564M) 8.083ms
[119.657s][info][gc,cpu         ] GC(359) User=0.00s Sys=0.00s Real=0.00s
[119.724s][info][gc,start       ] GC(360) Pause Young (Allocation Failure)
[119.732s][info][gc,heap        ] GC(360) DefNew: 1013736K(1132928K)->6627K(1132928K) Eden: 1007104K(1007104K)->0K(1007104K) From: 6632K(125824K)->6627K(125824K)
[119.732s][info][gc,heap        ] GC(360) Tenured: 1407247K(2517408K)->1407247K(2517408K)
[119.732s][info][gc,metaspace   ] GC(360) Metaspace: 120015K(124544K)->120015K(124544K) NonClass: 103883K(104576K)->103883K(104576K) Class: 16131K(19968K)->16131K(19968K)
[119.732s][info][gc             ] GC(360) Pause Young (Allocation Failure) 2364M->1380M(3564M) 7.938ms
[119.732s][info][gc,cpu         ] GC(360) User=0.00s Sys=0.00s Real=0.00s
[119.801s][info][gc,start       ] GC(361) Pause Young (Allocation Failure)
[119.808s][info][gc,heap        ] GC(361) DefNew: 1013731K(1132928K)->6640K(1132928K) Eden: 1007104K(1007104K)->0K(1007104K) From: 6627K(125824K)->6640K(125824K)
[119.808s][info][gc,heap        ] GC(361) Tenured: 1407247K(2517408K)->1407247K(2517408K)
[119.808s][info][gc,metaspace   ] GC(361) Metaspace: 120015K(124544K)->120015K(124544K) NonClass: 103883K(104576K)->103883K(104576K) Class: 16131K(19968K)->16131K(19968K)
[119.809s][info][gc             ] GC(361) Pause Young (Allocation Failure) 2364M->1380M(3564M) 8.032ms
[119.809s][info][gc,cpu         ] GC(361) User=0.00s Sys=0.00s Real=0.00s
[119.877s][info][gc,start       ] GC(362) Pause Young (Allocation Failure)
[119.885s][info][gc,heap        ] GC(362) DefNew: 1013744K(1132928K)->6620K(1132928K) Eden: 1007104K(1007104K)->0K(1007104K) From: 6640K(125824K)->6620K(125824K)
[119.885s][info][gc,heap        ] GC(362) Tenured: 1407247K(2517408K)->1407247K(2517408K)
[119.885s][info][gc,metaspace   ] GC(362) Metaspace: 120015K(124544K)->120015K(124544K) NonClass: 103883K(104576K)->103883K(104576K) Class: 16131K(19968K)->16131K(19968K)
[119.885s][info][gc             ] GC(362) Pause Young (Allocation Failure) 2364M->1380M(3564M) 8.042ms
[119.885s][info][gc,cpu         ] GC(362) User=0.00s Sys=0.00s Real=0.00s
[119.953s][info][gc,start       ] GC(363) Pause Young (Allocation Failure)
[119.961s][info][gc,heap        ] GC(363) DefNew: 1013724K(1132928K)->6643K(1132928K) Eden: 1007104K(1007104K)->0K(1007104K) From: 6620K(125824K)->6643K(125824K)
[119.961s][info][gc,heap        ] GC(363) Tenured: 1407247K(2517408K)->1407247K(2517408K)
[119.961s][info][gc,metaspace   ] GC(363) Metaspace: 120015K(124544K)->120015K(124544K) NonClass: 103883K(104576K)->103883K(104576K) Class: 16131K(19968K)->16131K(19968K)
[119.961s][info][gc             ] GC(363) Pause Young (Allocation Failure) 2364M->1380M(3564M) 8.052ms
[119.961s][info][gc,cpu         ] GC(363) User=0.00s Sys=0.00s Real=0.00s
[120.029s][info][gc,start       ] GC(364) Pause Young (Allocation Failure)
[120.037s][info][gc,heap        ] GC(364) DefNew: 1013747K(1132928K)->6642K(1132928K) Eden: 1007104K(1007104K)->0K(1007104K) From: 6643K(125824K)->6642K(125824K)
[120.037s][info][gc,heap        ] GC(364) Tenured: 1407247K(2517408K)->1407247K(2517408K)
[120.037s][info][gc,metaspace   ] GC(364) Metaspace: 120015K(124544K)->120015K(124544K) NonClass: 103883K(104576K)->103883K(104576K) Class: 16131K(19968K)->16131K(19968K)
[120.037s][info][gc             ] GC(364) Pause Young (Allocation Failure) 2364M->1380M(3564M) 7.987ms
[120.037s][info][gc,cpu         ] GC(364) User=0.00s Sys=0.00s Real=0.00s
[120.105s][info][gc,start       ] GC(365) Pause Young (Allocation Failure)
[120.113s][info][gc,heap        ] GC(365) DefNew: 1013746K(1132928K)->6633K(1132928K) Eden: 1007104K(1007104K)->0K(1007104K) From: 6642K(125824K)->6633K(125824K)
[120.113s][info][gc,heap        ] GC(365) Tenured: 1407247K(2517408K)->1407247K(2517408K)
[120.113s][info][gc,metaspace   ] GC(365) Metaspace: 120015K(124544K)->120015K(124544K) NonClass: 103883K(104576K)->103883K(104576K) Class: 16131K(19968K)->16131K(19968K)
[120.113s][info][gc             ] GC(365) Pause Young (Allocation Failure) 2364M->1380M(3564M) 7.963ms
[120.113s][info][gc,cpu         ] GC(365) User=0.00s Sys=0.00s Real=0.00s
[120.181s][info][gc,start       ] GC(366) Pause Young (Allocation Failure)
[120.189s][info][gc,heap        ] GC(366) DefNew: 1013737K(1132928K)->6639K(1132928K) Eden: 1007104K(1007104K)->0K(1007104K) From: 6633K(125824K)->6639K(125824K)
[120.189s][info][gc,heap        ] GC(366) Tenured: 1407247K(2517408K)->1407247K(2517408K)
[120.189s][info][gc,metaspace   ] GC(366) Metaspace: 120015K(124544K)->120015K(124544K) NonClass: 103883K(104576K)->103883K(104576K) Class: 16131K(19968K)->16131K(19968K)
[120.189s][info][gc             ] GC(366) Pause Young (Allocation Failure) 2364M->1380M(3564M) 8.121ms
[120.189s][info][gc,cpu         ] GC(366) User=0.00s Sys=0.00s Real=0.00s
[120.257s][info][gc,start       ] GC(367) Pause Young (Allocation Failure)
[120.265s][info][gc,heap        ] GC(367) DefNew: 1013743K(1132928K)->6636K(1132928K) Eden: 1007104K(1007104K)->0K(1007104K) From: 6639K(125824K)->6636K(125824K)
[120.265s][info][gc,heap        ] GC(367) Tenured: 1407247K(2517408K)->1407247K(2517408K)
[120.265s][info][gc,metaspace   ] GC(367) Metaspace: 120015K(124544K)->120015K(124544K) NonClass: 103883K(104576K)->103883K(104576K) Class: 16131K(19968K)->16131K(19968K)
[120.265s][info][gc             ] GC(367) Pause Young (Allocation Failure) 2364M->1380M(3564M) 8.082ms
[120.265s][info][gc,cpu         ] GC(367) User=0.00s Sys=0.00s Real=0.00s
[120.333s][info][gc,start       ] GC(368) Pause Young (Allocation Failure)
[120.341s][info][gc,heap        ] GC(368) DefNew: 1013740K(1132928K)->6642K(1132928K) Eden: 1007104K(1007104K)->0K(1007104K) From: 6636K(125824K)->6642K(125824K)
[120.341s][info][gc,heap        ] GC(368) Tenured: 1407247K(2517408K)->1407247K(2517408K)
[120.341s][info][gc,metaspace   ] GC(368) Metaspace: 120015K(124544K)->120015K(124544K) NonClass: 103883K(104576K)->103883K(104576K) Class: 16131K(19968K)->16131K(19968K)
[120.341s][info][gc             ] GC(368) Pause Young (Allocation Failure) 2364M->1380M(3564M) 8.010ms
[120.341s][info][gc,cpu         ] GC(368) User=0.00s Sys=0.00s Real=0.00s
[120.409s][info][gc,start       ] GC(369) Pause Young (Allocation Failure)
[120.417s][info][gc,heap        ] GC(369) DefNew: 1013746K(1132928K)->6639K(1132928K) Eden: 1007104K(1007104K)->0K(1007104K) From: 6642K(125824K)->6639K(125824K)
[120.417s][info][gc,heap        ] GC(369) Tenured: 1407247K(2517408K)->1407247K(2517408K)
[120.417s][info][gc,metaspace   ] GC(369) Metaspace: 120015K(124544K)->120015K(124544K) NonClass: 103883K(104576K)->103883K(104576K) Class: 16131K(19968K)->16131K(19968K)
[120.417s][info][gc             ] GC(369) Pause Young (Allocation Failure) 2364M->1380M(3564M) 8.030ms
[120.417s][info][gc,cpu         ] GC(369) User=0.00s Sys=0.00s Real=0.00s
[120.485s][info][gc,start       ] GC(370) Pause Young (Allocation Failure)
[120.493s][info][gc,heap        ] GC(370) DefNew: 1013743K(1132928K)->6745K(1132928K) Eden: 1007104K(1007104K)->0K(1007104K) From: 6639K(125824K)->6745K(125824K)
[120.493s][info][gc,heap        ] GC(370) Tenured: 1407247K(2517408K)->1407247K(2517408K)
[120.493s][info][gc,metaspace   ] GC(370) Metaspace: 120015K(124544K)->120015K(124544K) NonClass: 103883K(104576K)->103883K(104576K) Class: 16131K(19968K)->16131K(19968K)
[120.494s][info][gc             ] GC(370) Pause Young (Allocation Failure) 2364M->1380M(3564M) 8.315ms
[120.494s][info][gc,cpu         ] GC(370) User=0.02s Sys=0.00s Real=0.02s
[120.561s][info][gc,start       ] GC(371) Pause Young (Allocation Failure)
[120.570s][info][gc,heap        ] GC(371) DefNew: 1013849K(1132928K)->6710K(1132928K) Eden: 1007104K(1007104K)->0K(1007104K) From: 6745K(125824K)->6710K(125824K)
[120.570s][info][gc,heap        ] GC(371) Tenured: 1407247K(2517408K)->1407247K(2517408K)
[120.570s][info][gc,metaspace   ] GC(371) Metaspace: 120015K(124544K)->120015K(124544K) NonClass: 103883K(104576K)->103883K(104576K) Class: 16131K(19968K)->16131K(19968K)
[120.570s][info][gc             ] GC(371) Pause Young (Allocation Failure) 2364M->1380M(3564M) 8.138ms
[120.570s][info][gc,cpu         ] GC(371) User=0.00s Sys=0.00s Real=0.00s
[120.640s][info][gc,start       ] GC(372) Pause Young (Allocation Failure)
[120.651s][info][gc,heap        ] GC(372) DefNew: 1013814K(1132928K)->975K(1132928K) Eden: 1007104K(1007104K)->0K(1007104K) From: 6710K(125824K)->975K(125824K)
[120.651s][info][gc,heap        ] GC(372) Tenured: 1407247K(2517408K)->1413609K(2517408K)
[120.651s][info][gc,metaspace   ] GC(372) Metaspace: 120015K(124544K)->120015K(124544K) NonClass: 103883K(104576K)->103883K(104576K) Class: 16131K(19968K)->16131K(19968K)
[120.651s][info][gc             ] GC(372) Pause Young (Allocation Failure) 2364M->1381M(3564M) 10.868ms
[120.651s][info][gc,cpu         ] GC(372) User=0.00s Sys=0.00s Real=0.00s
[121.240s][info][gc,start       ] GC(373) Pause Full (System.gc())
[121.240s][info][gc,phases,start] GC(373) Phase 1: Mark live objects
[121.312s][info][gc,phases      ] GC(373) Phase 1: Mark live objects 72.393ms
[121.312s][info][gc,phases,start] GC(373) Phase 2: Compute new object addresses
[121.383s][info][gc,phases      ] GC(373) Phase 2: Compute new object addresses 70.330ms
[121.383s][info][gc,phases,start] GC(373) Phase 3: Adjust pointers
[121.419s][info][gc,phases      ] GC(373) Phase 3: Adjust pointers 36.060ms
[121.419s][info][gc,phases,start] GC(373) Phase 4: Move objects
[121.419s][info][gc,phases      ] GC(373) Phase 4: Move objects 0.114ms
[121.420s][info][gc,heap        ] GC(373) DefNew: 256655K(1132928K)->0K(1132928K) Eden: 255680K(1007104K)->0K(1007104K) From: 975K(125824K)->0K(125824K)
[121.420s][info][gc,heap        ] GC(373) Tenured: 1413609K(2517408K)->1413809K(2517408K)
[121.420s][info][gc,metaspace   ] GC(373) Metaspace: 120041K(124608K)->120041K(124608K) NonClass: 103908K(104640K)->103908K(104640K) Class: 16132K(19968K)->16132K(19968K)
[121.420s][info][gc             ] GC(373) Pause Full (System.gc()) 1631M->1380M(3564M) 180.225ms
[121.420s][info][gc,cpu         ] GC(373) User=0.19s Sys=0.00s Real=0.19s
[121.558s][info][gc,start       ] GC(374) Pause Young (Allocation Failure)
[121.570s][info][gc,heap        ] GC(374) DefNew: 1007104K(1132928K)->6594K(1132928K) Eden: 1007104K(1007104K)->0K(1007104K) From: 0K(125824K)->6594K(125824K)
[121.571s][info][gc,heap        ] GC(374) Tenured: 1413809K(2517408K)->1413809K(2517408K)
[121.571s][info][gc,metaspace   ] GC(374) Metaspace: 120057K(124608K)->120057K(124608K) NonClass: 103924K(104640K)->103924K(104640K) Class: 16132K(19968K)->16132K(19968K)
[121.571s][info][gc             ] GC(374) Pause Young (Allocation Failure) 2364M->1387M(3564M) 12.606ms
[121.571s][info][gc,cpu         ] GC(374) User=0.00s Sys=0.00s Real=0.00s
[121.639s][info][gc,start       ] GC(375) Pause Young (Allocation Failure)
[121.647s][info][gc,heap        ] GC(375) DefNew: 1013698K(1132928K)->6628K(1132928K) Eden: 1007104K(1007104K)->0K(1007104K) From: 6594K(125824K)->6628K(125824K)
[121.647s][info][gc,heap        ] GC(375) Tenured: 1413809K(2517408K)->1413809K(2517408K)
[121.647s][info][gc,metaspace   ] GC(375) Metaspace: 120057K(124608K)->120057K(124608K) NonClass: 103924K(104640K)->103924K(104640K) Class: 16132K(19968K)->16132K(19968K)
[121.647s][info][gc             ] GC(375) Pause Young (Allocation Failure) 2370M->1387M(3564M) 8.245ms
[121.647s][info][gc,cpu         ] GC(375) User=0.02s Sys=0.00s Real=0.02s
[121.715s][info][gc,start       ] GC(376) Pause Young (Allocation Failure)
[121.723s][info][gc,heap        ] GC(376) DefNew: 1013732K(1132928K)->6631K(1132928K) Eden: 1007104K(1007104K)->0K(1007104K) From: 6628K(125824K)->6631K(125824K)
[121.723s][info][gc,heap        ] GC(376) Tenured: 1413809K(2517408K)->1413809K(2517408K)
[121.723s][info][gc,metaspace   ] GC(376) Metaspace: 120057K(124608K)->120057K(124608K) NonClass: 103924K(104640K)->103924K(104640K) Class: 16132K(19968K)->16132K(19968K)
[121.723s][info][gc             ] GC(376) Pause Young (Allocation Failure) 2370M->1387M(3564M) 8.046ms
[121.723s][info][gc,cpu         ] GC(376) User=0.00s Sys=0.00s Real=0.00s
[121.791s][info][gc,start       ] GC(377) Pause Young (Allocation Failure)
[121.799s][info][gc,heap        ] GC(377) DefNew: 1013735K(1132928K)->6623K(1132928K) Eden: 1007104K(1007104K)->0K(1007104K) From: 6631K(125824K)->6623K(125824K)
[121.799s][info][gc,heap        ] GC(377) Tenured: 1413809K(2517408K)->1413809K(2517408K)
[121.799s][info][gc,metaspace   ] GC(377) Metaspace: 120057K(124608K)->120057K(124608K) NonClass: 103924K(104640K)->103924K(104640K) Class: 16132K(19968K)->16132K(19968K)
[121.799s][info][gc             ] GC(377) Pause Young (Allocation Failure) 2370M->1387M(3564M) 7.965ms
[121.799s][info][gc,cpu         ] GC(377) User=0.00s Sys=0.00s Real=0.00s
[121.867s][info][gc,start       ] GC(378) Pause Young (Allocation Failure)
[121.875s][info][gc,heap        ] GC(378) DefNew: 1013727K(1132928K)->6615K(1132928K) Eden: 1007104K(1007104K)->0K(1007104K) From: 6623K(125824K)->6615K(125824K)
[121.875s][info][gc,heap        ] GC(378) Tenured: 1413809K(2517408K)->1413809K(2517408K)
[121.875s][info][gc,metaspace   ] GC(378) Metaspace: 120057K(124608K)->120057K(124608K) NonClass: 103924K(104640K)->103924K(104640K) Class: 16132K(19968K)->16132K(19968K)
[121.875s][info][gc             ] GC(378) Pause Young (Allocation Failure) 2370M->1387M(3564M) 8.074ms
[121.875s][info][gc,cpu         ] GC(378) User=0.00s Sys=0.00s Real=0.00s
[121.944s][info][gc,start       ] GC(379) Pause Young (Allocation Failure)
[121.952s][info][gc,heap        ] GC(379) DefNew: 1013719K(1132928K)->6631K(1132928K) Eden: 1007104K(1007104K)->0K(1007104K) From: 6615K(125824K)->6631K(125824K)
[121.952s][info][gc,heap        ] GC(379) Tenured: 1413809K(2517408K)->1413809K(2517408K)
[121.952s][info][gc,metaspace   ] GC(379) Metaspace: 120057K(124608K)->120057K(124608K) NonClass: 103924K(104640K)->103924K(104640K) Class: 16132K(19968K)->16132K(19968K)
[121.952s][info][gc             ] GC(379) Pause Young (Allocation Failure) 2370M->1387M(3564M) 8.193ms
[121.952s][info][gc,cpu         ] GC(379) User=0.02s Sys=0.00s Real=0.02s
[122.020s][info][gc,start       ] GC(380) Pause Young (Allocation Failure)
[122.027s][info][gc,heap        ] GC(380) DefNew: 1013735K(1132928K)->6625K(1132928K) Eden: 1007104K(1007104K)->0K(1007104K) From: 6631K(125824K)->6625K(125824K)
[122.028s][info][gc,heap        ] GC(380) Tenured: 1413809K(2517408K)->1413809K(2517408K)
[122.028s][info][gc,metaspace   ] GC(380) Metaspace: 120057K(124608K)->120057K(124608K) NonClass: 103924K(104640K)->103924K(104640K) Class: 16132K(19968K)->16132K(19968K)
[122.028s][info][gc             ] GC(380) Pause Young (Allocation Failure) 2370M->1387M(3564M) 7.992ms
[122.028s][info][gc,cpu         ] GC(380) User=0.02s Sys=0.00s Real=0.02s
[122.096s][info][gc,start       ] GC(381) Pause Young (Allocation Failure)
[122.104s][info][gc,heap        ] GC(381) DefNew: 1013729K(1132928K)->6622K(1132928K) Eden: 1007104K(1007104K)->0K(1007104K) From: 6625K(125824K)->6622K(125824K)
[122.104s][info][gc,heap        ] GC(381) Tenured: 1413809K(2517408K)->1413809K(2517408K)
[122.104s][info][gc,metaspace   ] GC(381) Metaspace: 120057K(124608K)->120057K(124608K) NonClass: 103924K(104640K)->103924K(104640K) Class: 16132K(19968K)->16132K(19968K)
[122.104s][info][gc             ] GC(381) Pause Young (Allocation Failure) 2370M->1387M(3564M) 8.064ms
[122.104s][info][gc,cpu         ] GC(381) User=0.02s Sys=0.00s Real=0.02s
[122.172s][info][gc,start       ] GC(382) Pause Young (Allocation Failure)
[122.180s][info][gc,heap        ] GC(382) DefNew: 1013726K(1132928K)->6622K(1132928K) Eden: 1007104K(1007104K)->0K(1007104K) From: 6622K(125824K)->6622K(125824K)
[122.180s][info][gc,heap        ] GC(382) Tenured: 1413809K(2517408K)->1413809K(2517408K)
[122.180s][info][gc,metaspace   ] GC(382) Metaspace: 120057K(124608K)->120057K(124608K) NonClass: 103924K(104640K)->103924K(104640K) Class: 16132K(19968K)->16132K(19968K)
[122.180s][info][gc             ] GC(382) Pause Young (Allocation Failure) 2370M->1387M(3564M) 8.061ms
[122.180s][info][gc,cpu         ] GC(382) User=0.02s Sys=0.00s Real=0.02s
[122.248s][info][gc,start       ] GC(383) Pause Young (Allocation Failure)
[122.256s][info][gc,heap        ] GC(383) DefNew: 1013726K(1132928K)->6643K(1132928K) Eden: 1007104K(1007104K)->0K(1007104K) From: 6622K(125824K)->6643K(125824K)
[122.256s][info][gc,heap        ] GC(383) Tenured: 1413809K(2517408K)->1413809K(2517408K)
[122.256s][info][gc,metaspace   ] GC(383) Metaspace: 120057K(124608K)->120057K(124608K) NonClass: 103924K(104640K)->103924K(104640K) Class: 16132K(19968K)->16132K(19968K)
[122.256s][info][gc             ] GC(383) Pause Young (Allocation Failure) 2370M->1387M(3564M) 8.085ms
[122.256s][info][gc,cpu         ] GC(383) User=0.00s Sys=0.00s Real=0.00s
[122.324s][info][gc,start       ] GC(384) Pause Young (Allocation Failure)
[122.332s][info][gc,heap        ] GC(384) DefNew: 1013747K(1132928K)->6636K(1132928K) Eden: 1007104K(1007104K)->0K(1007104K) From: 6643K(125824K)->6636K(125824K)
[122.332s][info][gc,heap        ] GC(384) Tenured: 1413809K(2517408K)->1413809K(2517408K)
[122.332s][info][gc,metaspace   ] GC(384) Metaspace: 120057K(124608K)->120057K(124608K) NonClass: 103924K(104640K)->103924K(104640K) Class: 16132K(19968K)->16132K(19968K)
[122.332s][info][gc             ] GC(384) Pause Young (Allocation Failure) 2370M->1387M(3564M) 7.999ms
[122.332s][info][gc,cpu         ] GC(384) User=0.00s Sys=0.00s Real=0.00s
[122.400s][info][gc,start       ] GC(385) Pause Young (Allocation Failure)
[122.408s][info][gc,heap        ] GC(385) DefNew: 1013740K(1132928K)->6684K(1132928K) Eden: 1007104K(1007104K)->0K(1007104K) From: 6636K(125824K)->6684K(125824K)
[122.408s][info][gc,heap        ] GC(385) Tenured: 1413809K(2517408K)->1413809K(2517408K)
[122.408s][info][gc,metaspace   ] GC(385) Metaspace: 120057K(124608K)->120057K(124608K) NonClass: 103924K(104640K)->103924K(104640K) Class: 16132K(19968K)->16132K(19968K)
[122.409s][info][gc             ] GC(385) Pause Young (Allocation Failure) 2370M->1387M(3564M) 8.202ms
[122.409s][info][gc,cpu         ] GC(385) User=0.00s Sys=0.00s Real=0.00s
[122.477s][info][gc,start       ] GC(386) Pause Young (Allocation Failure)
[122.485s][info][gc,heap        ] GC(386) DefNew: 1013788K(1132928K)->6747K(1132928K) Eden: 1007104K(1007104K)->0K(1007104K) From: 6684K(125824K)->6747K(125824K)
[122.485s][info][gc,heap        ] GC(386) Tenured: 1413809K(2517408K)->1413809K(2517408K)
[122.485s][info][gc,metaspace   ] GC(386) Metaspace: 120057K(124608K)->120057K(124608K) NonClass: 103924K(104640K)->103924K(104640K) Class: 16132K(19968K)->16132K(19968K)
[122.485s][info][gc             ] GC(386) Pause Young (Allocation Failure) 2370M->1387M(3564M) 8.146ms
[122.485s][info][gc,cpu         ] GC(386) User=0.00s Sys=0.00s Real=0.00s
[122.553s][info][gc,start       ] GC(387) Pause Young (Allocation Failure)
[122.563s][info][gc,heap        ] GC(387) DefNew: 1013851K(1132928K)->6670K(1132928K) Eden: 1007104K(1007104K)->0K(1007104K) From: 6747K(125824K)->6670K(125824K)
[122.563s][info][gc,heap        ] GC(387) Tenured: 1413809K(2517408K)->1413809K(2517408K)
[122.563s][info][gc,metaspace   ] GC(387) Metaspace: 120057K(124608K)->120057K(124608K) NonClass: 103924K(104640K)->103924K(104640K) Class: 16132K(19968K)->16132K(19968K)
[122.563s][info][gc             ] GC(387) Pause Young (Allocation Failure) 2370M->1387M(3564M) 9.859ms
[122.563s][info][gc,cpu         ] GC(387) User=0.02s Sys=0.00s Real=0.02s
[122.631s][info][gc,start       ] GC(388) Pause Young (Allocation Failure)
[122.640s][info][gc,heap        ] GC(388) DefNew: 1013774K(1132928K)->6680K(1132928K) Eden: 1007104K(1007104K)->0K(1007104K) From: 6670K(125824K)->6680K(125824K)
[122.640s][info][gc,heap        ] GC(388) Tenured: 1413809K(2517408K)->1413809K(2517408K)
[122.640s][info][gc,metaspace   ] GC(388) Metaspace: 120057K(124608K)->120057K(124608K) NonClass: 103924K(104640K)->103924K(104640K) Class: 16132K(19968K)->16132K(19968K)
[122.640s][info][gc             ] GC(388) Pause Young (Allocation Failure) 2370M->1387M(3564M) 9.428ms
[122.640s][info][gc,cpu         ] GC(388) User=0.02s Sys=0.00s Real=0.02s
[122.710s][info][gc,start       ] GC(389) Pause Young (Allocation Failure)
[122.720s][info][gc,heap        ] GC(389) DefNew: 1013784K(1132928K)->911K(1132928K) Eden: 1007104K(1007104K)->0K(1007104K) From: 6680K(125824K)->911K(125824K)
[122.720s][info][gc,heap        ] GC(389) Tenured: 1413809K(2517408K)->1420056K(2517408K)
[122.720s][info][gc,metaspace   ] GC(389) Metaspace: 120057K(124608K)->120057K(124608K) NonClass: 103924K(104640K)->103924K(104640K) Class: 16132K(19968K)->16132K(19968K)
[122.720s][info][gc             ] GC(389) Pause Young (Allocation Failure) 2370M->1387M(3564M) 10.437ms
[122.720s][info][gc,cpu         ] GC(389) User=0.02s Sys=0.00s Real=0.01s
[123.305s][info][gc,start       ] GC(390) Pause Full (System.gc())
[123.305s][info][gc,phases,start] GC(390) Phase 1: Mark live objects
[123.379s][info][gc,phases      ] GC(390) Phase 1: Mark live objects 73.056ms
[123.379s][info][gc,phases,start] GC(390) Phase 2: Compute new object addresses
[123.449s][info][gc,phases      ] GC(390) Phase 2: Compute new object addresses 70.034ms
[123.449s][info][gc,phases,start] GC(390) Phase 3: Adjust pointers
[123.485s][info][gc,phases      ] GC(390) Phase 3: Adjust pointers 36.180ms
[123.485s][info][gc,phases,start] GC(390) Phase 4: Move objects
[123.485s][info][gc,phases      ] GC(390) Phase 4: Move objects 0.098ms
[123.486s][info][gc,heap        ] GC(390) DefNew: 257437K(1132928K)->0K(1132928K) Eden: 256526K(1007104K)->0K(1007104K) From: 911K(125824K)->0K(125824K)
[123.486s][info][gc,heap        ] GC(390) Tenured: 1420056K(2517408K)->1420253K(2517408K)
[123.486s][info][gc,metaspace   ] GC(390) Metaspace: 120060K(124608K)->120060K(124608K) NonClass: 103927K(104640K)->103927K(104640K) Class: 16132K(19968K)->16132K(19968K)
[123.486s][info][gc             ] GC(390) Pause Full (System.gc()) 1638M->1386M(3564M) 180.697ms
[123.486s][info][gc,cpu         ] GC(390) User=0.19s Sys=0.00s Real=0.19s
[123.627s][info][gc,start       ] GC(391) Pause Young (Allocation Failure)
[123.639s][info][gc,heap        ] GC(391) DefNew: 1007104K(1132928K)->6609K(1132928K) Eden: 1007104K(1007104K)->0K(1007104K) From: 0K(125824K)->6609K(125824K)
[123.639s][info][gc,heap        ] GC(391) Tenured: 1420253K(2517408K)->1420253K(2517408K)
[123.639s][info][gc,metaspace   ] GC(391) Metaspace: 120093K(124608K)->120093K(124608K) NonClass: 103960K(104640K)->103960K(104640K) Class: 16132K(19968K)->16132K(19968K)
[123.639s][info][gc             ] GC(391) Pause Young (Allocation Failure) 2370M->1393M(3564M) 12.393ms
[123.639s][info][gc,cpu         ] GC(391) User=0.02s Sys=0.00s Real=0.01s
[123.707s][info][gc,start       ] GC(392) Pause Young (Allocation Failure)
[123.715s][info][gc,heap        ] GC(392) DefNew: 1013713K(1132928K)->6620K(1132928K) Eden: 1007104K(1007104K)->0K(1007104K) From: 6609K(125824K)->6620K(125824K)
[123.715s][info][gc,heap        ] GC(392) Tenured: 1420253K(2517408K)->1420253K(2517408K)
[123.715s][info][gc,metaspace   ] GC(392) Metaspace: 120093K(124608K)->120093K(124608K) NonClass: 103960K(104640K)->103960K(104640K) Class: 16132K(19968K)->16132K(19968K)
[123.715s][info][gc             ] GC(392) Pause Young (Allocation Failure) 2376M->1393M(3564M) 8.031ms
[123.715s][info][gc,cpu         ] GC(392) User=0.02s Sys=0.00s Real=0.02s
[123.783s][info][gc,start       ] GC(393) Pause Young (Allocation Failure)
[123.791s][info][gc,heap        ] GC(393) DefNew: 1013724K(1132928K)->6619K(1132928K) Eden: 1007104K(1007104K)->0K(1007104K) From: 6620K(125824K)->6619K(125824K)
[123.791s][info][gc,heap        ] GC(393) Tenured: 1420253K(2517408K)->1420253K(2517408K)
[123.791s][info][gc,metaspace   ] GC(393) Metaspace: 120093K(124608K)->120093K(124608K) NonClass: 103960K(104640K)->103960K(104640K) Class: 16132K(19968K)->16132K(19968K)
[123.791s][info][gc             ] GC(393) Pause Young (Allocation Failure) 2376M->1393M(3564M) 8.004ms
[123.791s][info][gc,cpu         ] GC(393) User=0.00s Sys=0.00s Real=0.00s
[123.859s][info][gc,start       ] GC(394) Pause Young (Allocation Failure)
[123.867s][info][gc,heap        ] GC(394) DefNew: 1013723K(1132928K)->6624K(1132928K) Eden: 1007104K(1007104K)->0K(1007104K) From: 6619K(125824K)->6624K(125824K)
[123.867s][info][gc,heap        ] GC(394) Tenured: 1420253K(2517408K)->1420253K(2517408K)
[123.867s][info][gc,metaspace   ] GC(394) Metaspace: 120093K(124608K)->120093K(124608K) NonClass: 103960K(104640K)->103960K(104640K) Class: 16132K(19968K)->16132K(19968K)
[123.867s][info][gc             ] GC(394) Pause Young (Allocation Failure) 2376M->1393M(3564M) 8.006ms
[123.867s][info][gc,cpu         ] GC(394) User=0.00s Sys=0.00s Real=0.00s
[123.935s][info][gc,start       ] GC(395) Pause Young (Allocation Failure)
[123.943s][info][gc,heap        ] GC(395) DefNew: 1013728K(1132928K)->6620K(1132928K) Eden: 1007104K(1007104K)->0K(1007104K) From: 6624K(125824K)->6620K(125824K)
[123.943s][info][gc,heap        ] GC(395) Tenured: 1420253K(2517408K)->1420253K(2517408K)
[123.943s][info][gc,metaspace   ] GC(395) Metaspace: 120093K(124608K)->120093K(124608K) NonClass: 103960K(104640K)->103960K(104640K) Class: 16132K(19968K)->16132K(19968K)
[123.943s][info][gc             ] GC(395) Pause Young (Allocation Failure) 2376M->1393M(3564M) 8.118ms
[123.943s][info][gc,cpu         ] GC(395) User=0.00s Sys=0.00s Real=0.00s
[124.011s][info][gc,start       ] GC(396) Pause Young (Allocation Failure)
[124.019s][info][gc,heap        ] GC(396) DefNew: 1013724K(1132928K)->6625K(1132928K) Eden: 1007104K(1007104K)->0K(1007104K) From: 6620K(125824K)->6625K(125824K)
[124.019s][info][gc,heap        ] GC(396) Tenured: 1420253K(2517408K)->1420253K(2517408K)
[124.019s][info][gc,metaspace   ] GC(396) Metaspace: 120093K(124608K)->120093K(124608K) NonClass: 103960K(104640K)->103960K(104640K) Class: 16132K(19968K)->16132K(19968K)
[124.019s][info][gc             ] GC(396) Pause Young (Allocation Failure) 2376M->1393M(3564M) 7.999ms
[124.019s][info][gc,cpu         ] GC(396) User=0.00s Sys=0.00s Real=0.00s
[124.088s][info][gc,start       ] GC(397) Pause Young (Allocation Failure)
[124.096s][info][gc,heap        ] GC(397) DefNew: 1013729K(1132928K)->6613K(1132928K) Eden: 1007104K(1007104K)->0K(1007104K) From: 6625K(125824K)->6613K(125824K)
[124.096s][info][gc,heap        ] GC(397) Tenured: 1420253K(2517408K)->1420253K(2517408K)
[124.096s][info][gc,metaspace   ] GC(397) Metaspace: 120093K(124608K)->120093K(124608K) NonClass: 103960K(104640K)->103960K(104640K) Class: 16132K(19968K)->16132K(19968K)
[124.096s][info][gc             ] GC(397) Pause Young (Allocation Failure) 2376M->1393M(3564M) 8.027ms
[124.096s][info][gc,cpu         ] GC(397) User=0.02s Sys=0.00s Real=0.02s
[124.164s][info][gc,start       ] GC(398) Pause Young (Allocation Failure)
[124.172s][info][gc,heap        ] GC(398) DefNew: 1013717K(1132928K)->6631K(1132928K) Eden: 1007104K(1007104K)->0K(1007104K) From: 6613K(125824K)->6631K(125824K)
[124.172s][info][gc,heap        ] GC(398) Tenured: 1420253K(2517408K)->1420253K(2517408K)
[124.172s][info][gc,metaspace   ] GC(398) Metaspace: 120093K(124608K)->120093K(124608K) NonClass: 103960K(104640K)->103960K(104640K) Class: 16132K(19968K)->16132K(19968K)
[124.172s][info][gc             ] GC(398) Pause Young (Allocation Failure) 2376M->1393M(3564M) 8.015ms
[124.172s][info][gc,cpu         ] GC(398) User=0.02s Sys=0.00s Real=0.02s
[124.239s][info][gc,start       ] GC(399) Pause Young (Allocation Failure)
[124.247s][info][gc,heap        ] GC(399) DefNew: 1013735K(1132928K)->6627K(1132928K) Eden: 1007104K(1007104K)->0K(1007104K) From: 6631K(125824K)->6627K(125824K)
[124.247s][info][gc,heap        ] GC(399) Tenured: 1420253K(2517408K)->1420253K(2517408K)
[124.247s][info][gc,metaspace   ] GC(399) Metaspace: 120093K(124608K)->120093K(124608K) NonClass: 103960K(104640K)->103960K(104640K) Class: 16132K(19968K)->16132K(19968K)
[124.247s][info][gc             ] GC(399) Pause Young (Allocation Failure) 2376M->1393M(3564M) 8.041ms
[124.247s][info][gc,cpu         ] GC(399) User=0.02s Sys=0.00s Real=0.02s
[124.316s][info][gc,start       ] GC(400) Pause Young (Allocation Failure)
[124.324s][info][gc,heap        ] GC(400) DefNew: 1013731K(1132928K)->6620K(1132928K) Eden: 1007104K(1007104K)->0K(1007104K) From: 6627K(125824K)->6620K(125824K)
[124.324s][info][gc,heap        ] GC(400) Tenured: 1420253K(2517408K)->1420253K(2517408K)
[124.324s][info][gc,metaspace   ] GC(400) Metaspace: 120093K(124608K)->120093K(124608K) NonClass: 103960K(104640K)->103960K(104640K) Class: 16132K(19968K)->16132K(19968K)
[124.324s][info][gc             ] GC(400) Pause Young (Allocation Failure) 2376M->1393M(3564M) 8.081ms
[124.324s][info][gc,cpu         ] GC(400) User=0.02s Sys=0.00s Real=0.02s
[124.392s][info][gc,start       ] GC(401) Pause Young (Allocation Failure)
[124.400s][info][gc,heap        ] GC(401) DefNew: 1013724K(1132928K)->6608K(1132928K) Eden: 1007104K(1007104K)->0K(1007104K) From: 6620K(125824K)->6608K(125824K)
[124.400s][info][gc,heap        ] GC(401) Tenured: 1420253K(2517408K)->1420253K(2517408K)
[124.400s][info][gc,metaspace   ] GC(401) Metaspace: 120093K(124608K)->120093K(124608K) NonClass: 103960K(104640K)->103960K(104640K) Class: 16132K(19968K)->16132K(19968K)
[124.400s][info][gc             ] GC(401) Pause Young (Allocation Failure) 2376M->1393M(3564M) 7.984ms
[124.400s][info][gc,cpu         ] GC(401) User=0.02s Sys=0.00s Real=0.02s
[124.468s][info][gc,start       ] GC(402) Pause Young (Allocation Failure)
[124.476s][info][gc,heap        ] GC(402) DefNew: 1013712K(1132928K)->6630K(1132928K) Eden: 1007104K(1007104K)->0K(1007104K) From: 6608K(125824K)->6630K(125824K)
[124.476s][info][gc,heap        ] GC(402) Tenured: 1420253K(2517408K)->1420253K(2517408K)
[124.476s][info][gc,metaspace   ] GC(402) Metaspace: 120093K(124608K)->120093K(124608K) NonClass: 103960K(104640K)->103960K(104640K) Class: 16132K(19968K)->16132K(19968K)
[124.476s][info][gc             ] GC(402) Pause Young (Allocation Failure) 2376M->1393M(3564M) 8.061ms
[124.476s][info][gc,cpu         ] GC(402) User=0.02s Sys=0.00s Real=0.02s
[124.545s][info][gc,start       ] GC(403) Pause Young (Allocation Failure)
[124.553s][info][gc,heap        ] GC(403) DefNew: 1013734K(1132928K)->6604K(1132928K) Eden: 1007104K(1007104K)->0K(1007104K) From: 6630K(125824K)->6604K(125824K)
[124.553s][info][gc,heap        ] GC(403) Tenured: 1420253K(2517408K)->1420253K(2517408K)
[124.553s][info][gc,metaspace   ] GC(403) Metaspace: 120093K(124608K)->120093K(124608K) NonClass: 103960K(104640K)->103960K(104640K) Class: 16132K(19968K)->16132K(19968K)
[124.553s][info][gc             ] GC(403) Pause Young (Allocation Failure) 2376M->1393M(3564M) 8.037ms
[124.553s][info][gc,cpu         ] GC(403) User=0.00s Sys=0.00s Real=0.00s
[124.621s][info][gc,start       ] GC(404) Pause Young (Allocation Failure)
[124.630s][info][gc,heap        ] GC(404) DefNew: 1013708K(1132928K)->6756K(1132928K) Eden: 1007104K(1007104K)->0K(1007104K) From: 6604K(125824K)->6756K(125824K)
[124.630s][info][gc,heap        ] GC(404) Tenured: 1420253K(2517408K)->1420253K(2517408K)
[124.630s][info][gc,metaspace   ] GC(404) Metaspace: 120093K(124608K)->120093K(124608K) NonClass: 103960K(104640K)->103960K(104640K) Class: 16132K(19968K)->16132K(19968K)
[124.630s][info][gc             ] GC(404) Pause Young (Allocation Failure) 2376M->1393M(3564M) 8.265ms
[124.630s][info][gc,cpu         ] GC(404) User=0.00s Sys=0.00s Real=0.00s
[124.698s][info][gc,start       ] GC(405) Pause Young (Allocation Failure)
[124.706s][info][gc,heap        ] GC(405) DefNew: 1013860K(1132928K)->6706K(1132928K) Eden: 1007104K(1007104K)->0K(1007104K) From: 6756K(125824K)->6706K(125824K)
[124.706s][info][gc,heap        ] GC(405) Tenured: 1420253K(2517408K)->1420253K(2517408K)
[124.706s][info][gc,metaspace   ] GC(405) Metaspace: 120093K(124608K)->120093K(124608K) NonClass: 103960K(104640K)->103960K(104640K) Class: 16132K(19968K)->16132K(19968K)
[124.706s][info][gc             ] GC(405) Pause Young (Allocation Failure) 2377M->1393M(3564M) 8.096ms
[124.706s][info][gc,cpu         ] GC(405) User=0.00s Sys=0.00s Real=0.00s
[124.775s][info][gc,start       ] GC(406) Pause Young (Allocation Failure)
[124.785s][info][gc,heap        ] GC(406) DefNew: 1013810K(1132928K)->788K(1132928K) Eden: 1007104K(1007104K)->0K(1007104K) From: 6706K(125824K)->788K(125824K)
[124.785s][info][gc,heap        ] GC(406) Tenured: 1420253K(2517408K)->1426629K(2517408K)
[124.785s][info][gc,metaspace   ] GC(406) Metaspace: 120093K(124608K)->120093K(124608K) NonClass: 103960K(104640K)->103960K(104640K) Class: 16132K(19968K)->16132K(19968K)
[124.785s][info][gc             ] GC(406) Pause Young (Allocation Failure) 2377M->1393M(3564M) 10.259ms
[124.786s][info][gc,cpu         ] GC(406) User=0.00s Sys=0.00s Real=0.00s
[125.388s][info][gc,start       ] GC(407) Pause Full (System.gc())
[125.388s][info][gc,phases,start] GC(407) Phase 1: Mark live objects
[125.461s][info][gc,phases      ] GC(407) Phase 1: Mark live objects 73.455ms
[125.461s][info][gc,phases,start] GC(407) Phase 2: Compute new object addresses
[125.530s][info][gc,phases      ] GC(407) Phase 2: Compute new object addresses 68.687ms
[125.530s][info][gc,phases,start] GC(407) Phase 3: Adjust pointers
[125.569s][info][gc,phases      ] GC(407) Phase 3: Adjust pointers 38.356ms
[125.569s][info][gc,phases,start] GC(407) Phase 4: Move objects
[125.816s][info][gc,phases      ] GC(407) Phase 4: Move objects 247.378ms
[125.817s][info][gc,heap        ] GC(407) DefNew: 251167K(1132928K)->0K(1132928K) Eden: 250378K(1007104K)->0K(1007104K) From: 788K(125824K)->0K(125824K)
[125.817s][info][gc,heap        ] GC(407) Tenured: 1426629K(2517408K)->1400964K(2517408K)
[125.817s][info][gc,metaspace   ] GC(407) Metaspace: 120110K(124608K)->120110K(124608K) NonClass: 103976K(104640K)->103976K(104640K) Class: 16133K(19968K)->16133K(19968K)
[125.817s][info][gc             ] GC(407) Pause Full (System.gc()) 1638M->1368M(3564M) 429.332ms
[125.817s][info][gc,cpu         ] GC(407) User=0.44s Sys=0.00s Real=0.43s
[125.968s][info][gc,start       ] GC(408) Pause Young (Allocation Failure)
[125.981s][info][gc,heap        ] GC(408) DefNew: 1007104K(1132928K)->6582K(1132928K) Eden: 1007104K(1007104K)->0K(1007104K) From: 0K(125824K)->6582K(125824K)
[125.981s][info][gc,heap        ] GC(408) Tenured: 1400964K(2517408K)->1400964K(2517408K)
[125.981s][info][gc,metaspace   ] GC(408) Metaspace: 120239K(124736K)->120239K(124736K) NonClass: 104106K(104768K)->104106K(104768K) Class: 16133K(19968K)->16133K(19968K)
[125.981s][info][gc             ] GC(408) Pause Young (Allocation Failure) 2351M->1374M(3564M) 12.211ms
[125.981s][info][gc,cpu         ] GC(408) User=0.02s Sys=0.00s Real=0.01s
[126.049s][info][gc,start       ] GC(409) Pause Young (Allocation Failure)
[126.056s][info][gc,heap        ] GC(409) DefNew: 1013686K(1132928K)->6610K(1132928K) Eden: 1007104K(1007104K)->0K(1007104K) From: 6582K(125824K)->6610K(125824K)
[126.057s][info][gc,heap        ] GC(409) Tenured: 1400964K(2517408K)->1400964K(2517408K)
[126.057s][info][gc,metaspace   ] GC(409) Metaspace: 120239K(124736K)->120239K(124736K) NonClass: 104106K(104768K)->104106K(104768K) Class: 16133K(19968K)->16133K(19968K)
[126.057s][info][gc             ] GC(409) Pause Young (Allocation Failure) 2358M->1374M(3564M) 7.949ms
[126.057s][info][gc,cpu         ] GC(409) User=0.00s Sys=0.00s Real=0.00s
[126.124s][info][gc,start       ] GC(410) Pause Young (Allocation Failure)
[126.132s][info][gc,heap        ] GC(410) DefNew: 1013714K(1132928K)->6610K(1132928K) Eden: 1007104K(1007104K)->0K(1007104K) From: 6610K(125824K)->6610K(125824K)
[126.132s][info][gc,heap        ] GC(410) Tenured: 1400964K(2517408K)->1400964K(2517408K)
[126.132s][info][gc,metaspace   ] GC(410) Metaspace: 120239K(124736K)->120239K(124736K) NonClass: 104106K(104768K)->104106K(104768K) Class: 16133K(19968K)->16133K(19968K)
[126.132s][info][gc             ] GC(410) Pause Young (Allocation Failure) 2358M->1374M(3564M) 7.929ms
[126.132s][info][gc,cpu         ] GC(410) User=0.00s Sys=0.00s Real=0.00s
[126.199s][info][gc,start       ] GC(411) Pause Young (Allocation Failure)
[126.207s][info][gc,heap        ] GC(411) DefNew: 1013714K(1132928K)->6612K(1132928K) Eden: 1007104K(1007104K)->0K(1007104K) From: 6610K(125824K)->6612K(125824K)
[126.207s][info][gc,heap        ] GC(411) Tenured: 1400964K(2517408K)->1400964K(2517408K)
[126.207s][info][gc,metaspace   ] GC(411) Metaspace: 120239K(124736K)->120239K(124736K) NonClass: 104106K(104768K)->104106K(104768K) Class: 16133K(19968K)->16133K(19968K)
[126.207s][info][gc             ] GC(411) Pause Young (Allocation Failure) 2358M->1374M(3564M) 7.957ms
[126.207s][info][gc,cpu         ] GC(411) User=0.00s Sys=0.00s Real=0.00s
[126.275s][info][gc,start       ] GC(412) Pause Young (Allocation Failure)
[126.282s][info][gc,heap        ] GC(412) DefNew: 1013716K(1132928K)->6628K(1132928K) Eden: 1007104K(1007104K)->0K(1007104K) From: 6612K(125824K)->6628K(125824K)
[126.282s][info][gc,heap        ] GC(412) Tenured: 1400964K(2517408K)->1400964K(2517408K)
[126.282s][info][gc,metaspace   ] GC(412) Metaspace: 120239K(124736K)->120239K(124736K) NonClass: 104106K(104768K)->104106K(104768K) Class: 16133K(19968K)->16133K(19968K)
[126.283s][info][gc             ] GC(412) Pause Young (Allocation Failure) 2358M->1374M(3564M) 7.955ms
[126.283s][info][gc,cpu         ] GC(412) User=0.00s Sys=0.00s Real=0.00s
[126.350s][info][gc,start       ] GC(413) Pause Young (Allocation Failure)
[126.358s][info][gc,heap        ] GC(413) DefNew: 1013732K(1132928K)->6631K(1132928K) Eden: 1007104K(1007104K)->0K(1007104K) From: 6628K(125824K)->6631K(125824K)
[126.358s][info][gc,heap        ] GC(413) Tenured: 1400964K(2517408K)->1400964K(2517408K)
[126.358s][info][gc,metaspace   ] GC(413) Metaspace: 120239K(124736K)->120239K(124736K) NonClass: 104106K(104768K)->104106K(104768K) Class: 16133K(19968K)->16133K(19968K)
[126.358s][info][gc             ] GC(413) Pause Young (Allocation Failure) 2358M->1374M(3564M) 8.019ms
[126.358s][info][gc,cpu         ] GC(413) User=0.00s Sys=0.00s Real=0.00s
[126.426s][info][gc,start       ] GC(414) Pause Young (Allocation Failure)
[126.434s][info][gc,heap        ] GC(414) DefNew: 1013735K(1132928K)->6626K(1132928K) Eden: 1007104K(1007104K)->0K(1007104K) From: 6631K(125824K)->6626K(125824K)
[126.434s][info][gc,heap        ] GC(414) Tenured: 1400964K(2517408K)->1400964K(2517408K)
[126.434s][info][gc,metaspace   ] GC(414) Metaspace: 120239K(124736K)->120239K(124736K) NonClass: 104106K(104768K)->104106K(104768K) Class: 16133K(19968K)->16133K(19968K)
[126.434s][info][gc             ] GC(414) Pause Young (Allocation Failure) 2358M->1374M(3564M) 8.064ms
[126.434s][info][gc,cpu         ] GC(414) User=0.00s Sys=0.02s Real=0.02s
[126.501s][info][gc,start       ] GC(415) Pause Young (Allocation Failure)
[126.509s][info][gc,heap        ] GC(415) DefNew: 1013730K(1132928K)->6617K(1132928K) Eden: 1007104K(1007104K)->0K(1007104K) From: 6626K(125824K)->6617K(125824K)
[126.509s][info][gc,heap        ] GC(415) Tenured: 1400964K(2517408K)->1400964K(2517408K)
[126.509s][info][gc,metaspace   ] GC(415) Metaspace: 120239K(124736K)->120239K(124736K) NonClass: 104106K(104768K)->104106K(104768K) Class: 16133K(19968K)->16133K(19968K)
[126.509s][info][gc             ] GC(415) Pause Young (Allocation Failure) 2358M->1374M(3564M) 7.976ms
[126.509s][info][gc,cpu         ] GC(415) User=0.02s Sys=0.00s Real=0.02s
[126.576s][info][gc,start       ] GC(416) Pause Young (Allocation Failure)
[126.584s][info][gc,heap        ] GC(416) DefNew: 1013721K(1132928K)->6616K(1132928K) Eden: 1007104K(1007104K)->0K(1007104K) From: 6617K(125824K)->6616K(125824K)
[126.584s][info][gc,heap        ] GC(416) Tenured: 1400964K(2517408K)->1400964K(2517408K)
[126.584s][info][gc,metaspace   ] GC(416) Metaspace: 120239K(124736K)->120239K(124736K) NonClass: 104106K(104768K)->104106K(104768K) Class: 16133K(19968K)->16133K(19968K)
[126.584s][info][gc             ] GC(416) Pause Young (Allocation Failure) 2358M->1374M(3564M) 7.931ms
[126.584s][info][gc,cpu         ] GC(416) User=0.02s Sys=0.00s Real=0.02s
[126.651s][info][gc,start       ] GC(417) Pause Young (Allocation Failure)
[126.659s][info][gc,heap        ] GC(417) DefNew: 1013720K(1132928K)->6596K(1132928K) Eden: 1007104K(1007104K)->0K(1007104K) From: 6616K(125824K)->6596K(125824K)
[126.659s][info][gc,heap        ] GC(417) Tenured: 1400964K(2517408K)->1400964K(2517408K)
[126.659s][info][gc,metaspace   ] GC(417) Metaspace: 120239K(124736K)->120239K(124736K) NonClass: 104106K(104768K)->104106K(104768K) Class: 16133K(19968K)->16133K(19968K)
[126.659s][info][gc             ] GC(417) Pause Young (Allocation Failure) 2358M->1374M(3564M) 7.934ms
[126.659s][info][gc,cpu         ] GC(417) User=0.00s Sys=0.00s Real=0.00s
[126.727s][info][gc,start       ] GC(418) Pause Young (Allocation Failure)
[126.735s][info][gc,heap        ] GC(418) DefNew: 1013700K(1132928K)->6623K(1132928K) Eden: 1007104K(1007104K)->0K(1007104K) From: 6596K(125824K)->6623K(125824K)
[126.735s][info][gc,heap        ] GC(418) Tenured: 1400964K(2517408K)->1400964K(2517408K)
[126.735s][info][gc,metaspace   ] GC(418) Metaspace: 120239K(124736K)->120239K(124736K) NonClass: 104106K(104768K)->104106K(104768K) Class: 16133K(19968K)->16133K(19968K)
[126.735s][info][gc             ] GC(418) Pause Young (Allocation Failure) 2358M->1374M(3564M) 7.992ms
[126.735s][info][gc,cpu         ] GC(418) User=0.00s Sys=0.00s Real=0.00s
[126.802s][info][gc,start       ] GC(419) Pause Young (Allocation Failure)
[126.810s][info][gc,heap        ] GC(419) DefNew: 1013727K(1132928K)->6623K(1132928K) Eden: 1007104K(1007104K)->0K(1007104K) From: 6623K(125824K)->6623K(125824K)
[126.810s][info][gc,heap        ] GC(419) Tenured: 1400964K(2517408K)->1400964K(2517408K)
[126.810s][info][gc,metaspace   ] GC(419) Metaspace: 120239K(124736K)->120239K(124736K) NonClass: 104106K(104768K)->104106K(104768K) Class: 16133K(19968K)->16133K(19968K)
[126.810s][info][gc             ] GC(419) Pause Young (Allocation Failure) 2358M->1374M(3564M) 7.951ms
[126.810s][info][gc,cpu         ] GC(419) User=0.00s Sys=0.00s Real=0.00s
[126.877s][info][gc,start       ] GC(420) Pause Young (Allocation Failure)
[126.886s][info][gc,heap        ] GC(420) DefNew: 1013727K(1132928K)->6933K(1132928K) Eden: 1007104K(1007104K)->0K(1007104K) From: 6623K(125824K)->6933K(125824K)
[126.886s][info][gc,heap        ] GC(420) Tenured: 1400964K(2517408K)->1400964K(2517408K)
[126.886s][info][gc,metaspace   ] GC(420) Metaspace: 120239K(124736K)->120239K(124736K) NonClass: 104106K(104768K)->104106K(104768K) Class: 16133K(19968K)->16133K(19968K)
[126.886s][info][gc             ] GC(420) Pause Young (Allocation Failure) 2358M->1374M(3564M) 8.238ms
[126.886s][info][gc,cpu         ] GC(420) User=0.00s Sys=0.00s Real=0.00s
[126.953s][info][gc,start       ] GC(421) Pause Young (Allocation Failure)
[126.961s][info][gc,heap        ] GC(421) DefNew: 1014037K(1132928K)->6726K(1132928K) Eden: 1007104K(1007104K)->0K(1007104K) From: 6933K(125824K)->6726K(125824K)
[126.962s][info][gc,heap        ] GC(421) Tenured: 1400964K(2517408K)->1400964K(2517408K)
[126.962s][info][gc,metaspace   ] GC(421) Metaspace: 120239K(124736K)->120239K(124736K) NonClass: 104106K(104768K)->104106K(104768K) Class: 16133K(19968K)->16133K(19968K)
[126.962s][info][gc             ] GC(421) Pause Young (Allocation Failure) 2358M->1374M(3564M) 8.240ms
[126.962s][info][gc,cpu         ] GC(421) User=0.00s Sys=0.00s Real=0.00s
[127.029s][info][gc,start       ] GC(422) Pause Young (Allocation Failure)
[127.037s][info][gc,heap        ] GC(422) DefNew: 1013830K(1132928K)->6662K(1132928K) Eden: 1007104K(1007104K)->0K(1007104K) From: 6726K(125824K)->6662K(125824K)
[127.037s][info][gc,heap        ] GC(422) Tenured: 1400964K(2517408K)->1400964K(2517408K)
[127.037s][info][gc,metaspace   ] GC(422) Metaspace: 120239K(124736K)->120239K(124736K) NonClass: 104106K(104768K)->104106K(104768K) Class: 16133K(19968K)->16133K(19968K)
[127.037s][info][gc             ] GC(422) Pause Young (Allocation Failure) 2358M->1374M(3564M) 8.155ms
[127.037s][info][gc,cpu         ] GC(422) User=0.00s Sys=0.00s Real=0.00s
[127.107s][info][gc,start       ] GC(423) Pause Young (Allocation Failure)
[127.153s][info][gc,heap        ] GC(423) DefNew: 1013766K(1132928K)->866K(1132928K) Eden: 1007104K(1007104K)->0K(1007104K) From: 6662K(125824K)->866K(125824K)
[127.153s][info][gc,heap        ] GC(423) Tenured: 1400964K(2517408K)->1407274K(2517408K)
[127.153s][info][gc,metaspace   ] GC(423) Metaspace: 120239K(124736K)->120239K(124736K) NonClass: 104106K(104768K)->104106K(104768K) Class: 16133K(19968K)->16133K(19968K)
[127.153s][info][gc             ] GC(423) Pause Young (Allocation Failure) 2358M->1375M(3564M) 46.438ms
[127.153s][info][gc,cpu         ] GC(423) User=0.02s Sys=0.00s Real=0.05s
[129.593s][info][gc,start       ] GC(424) Pause Full (System.gc())
[129.593s][info][gc,phases,start] GC(424) Phase 1: Mark live objects
[129.665s][info][gc,phases      ] GC(424) Phase 1: Mark live objects 71.567ms
[129.665s][info][gc,phases,start] GC(424) Phase 2: Compute new object addresses
[129.734s][info][gc,phases      ] GC(424) Phase 2: Compute new object addresses 69.682ms
[129.734s][info][gc,phases,start] GC(424) Phase 3: Adjust pointers
[129.771s][info][gc,phases      ] GC(424) Phase 3: Adjust pointers 36.369ms
[129.771s][info][gc,phases,start] GC(424) Phase 4: Move objects
[129.771s][info][gc,phases      ] GC(424) Phase 4: Move objects 0.103ms
[129.772s][info][gc,heap        ] GC(424) DefNew: 253034K(1132928K)->0K(1132928K) Eden: 252167K(1007104K)->0K(1007104K) From: 866K(125824K)->0K(125824K)
[129.772s][info][gc,heap        ] GC(424) Tenured: 1407274K(2517408K)->1407470K(2517408K)
[129.772s][info][gc,metaspace   ] GC(424) Metaspace: 120265K(124800K)->120265K(124800K) NonClass: 104132K(104832K)->104132K(104832K) Class: 16133K(19968K)->16133K(19968K)
[129.772s][info][gc             ] GC(424) Pause Full (System.gc()) 1621M->1374M(3564M) 179.031ms
[129.772s][info][gc,cpu         ] GC(424) User=0.19s Sys=0.00s Real=0.19s
[129.907s][info][gc,start       ] GC(425) Pause Young (Allocation Failure)
[129.921s][info][gc,heap        ] GC(425) DefNew: 1007104K(1132928K)->6539K(1132928K) Eden: 1007104K(1007104K)->0K(1007104K) From: 0K(125824K)->6539K(125824K)
[129.921s][info][gc,heap        ] GC(425) Tenured: 1407470K(2517408K)->1407470K(2517408K)
[129.921s][info][gc,metaspace   ] GC(425) Metaspace: 120312K(124800K)->120312K(124800K) NonClass: 104179K(104832K)->104179K(104832K) Class: 16133K(19968K)->16133K(19968K)
[129.921s][info][gc             ] GC(425) Pause Young (Allocation Failure) 2357M->1380M(3564M) 13.598ms
[129.921s][info][gc,cpu         ] GC(425) User=0.03s Sys=0.00s Real=0.02s
[129.989s][info][gc,start       ] GC(426) Pause Young (Allocation Failure)
[129.997s][info][gc,heap        ] GC(426) DefNew: 1013643K(1132928K)->6635K(1132928K) Eden: 1007104K(1007104K)->0K(1007104K) From: 6539K(125824K)->6635K(125824K)
[129.997s][info][gc,heap        ] GC(426) Tenured: 1407470K(2517408K)->1407470K(2517408K)
[129.997s][info][gc,metaspace   ] GC(426) Metaspace: 120312K(124800K)->120312K(124800K) NonClass: 104179K(104832K)->104179K(104832K) Class: 16133K(19968K)->16133K(19968K)
[129.997s][info][gc             ] GC(426) Pause Young (Allocation Failure) 2364M->1380M(3564M) 8.143ms
[129.997s][info][gc,cpu         ] GC(426) User=0.00s Sys=0.00s Real=0.00s
[130.065s][info][gc,start       ] GC(427) Pause Young (Allocation Failure)
[130.073s][info][gc,heap        ] GC(427) DefNew: 1013739K(1132928K)->6624K(1132928K) Eden: 1007104K(1007104K)->0K(1007104K) From: 6635K(125824K)->6624K(125824K)
[130.073s][info][gc,heap        ] GC(427) Tenured: 1407470K(2517408K)->1407470K(2517408K)
[130.073s][info][gc,metaspace   ] GC(427) Metaspace: 120312K(124800K)->120312K(124800K) NonClass: 104179K(104832K)->104179K(104832K) Class: 16133K(19968K)->16133K(19968K)
[130.073s][info][gc             ] GC(427) Pause Young (Allocation Failure) 2364M->1380M(3564M) 8.050ms
[130.073s][info][gc,cpu         ] GC(427) User=0.00s Sys=0.00s Real=0.00s
[130.141s][info][gc,start       ] GC(428) Pause Young (Allocation Failure)
[130.149s][info][gc,heap        ] GC(428) DefNew: 1013728K(1132928K)->6606K(1132928K) Eden: 1007104K(1007104K)->0K(1007104K) From: 6624K(125824K)->6606K(125824K)
[130.149s][info][gc,heap        ] GC(428) Tenured: 1407470K(2517408K)->1407470K(2517408K)
[130.149s][info][gc,metaspace   ] GC(428) Metaspace: 120312K(124800K)->120312K(124800K) NonClass: 104179K(104832K)->104179K(104832K) Class: 16133K(19968K)->16133K(19968K)
[130.149s][info][gc             ] GC(428) Pause Young (Allocation Failure) 2364M->1380M(3564M) 8.031ms
[130.149s][info][gc,cpu         ] GC(428) User=0.00s Sys=0.00s Real=0.00s
[130.217s][info][gc,start       ] GC(429) Pause Young (Allocation Failure)
[130.225s][info][gc,heap        ] GC(429) DefNew: 1013710K(1132928K)->6625K(1132928K) Eden: 1007104K(1007104K)->0K(1007104K) From: 6606K(125824K)->6625K(125824K)
[130.225s][info][gc,heap        ] GC(429) Tenured: 1407470K(2517408K)->1407470K(2517408K)
[130.225s][info][gc,metaspace   ] GC(429) Metaspace: 120312K(124800K)->120312K(124800K) NonClass: 104179K(104832K)->104179K(104832K) Class: 16133K(19968K)->16133K(19968K)
[130.225s][info][gc             ] GC(429) Pause Young (Allocation Failure) 2364M->1380M(3564M) 8.095ms
[130.225s][info][gc,cpu         ] GC(429) User=0.00s Sys=0.00s Real=0.00s
[130.294s][info][gc,start       ] GC(430) Pause Young (Allocation Failure)
[130.302s][info][gc,heap        ] GC(430) DefNew: 1013729K(1132928K)->6623K(1132928K) Eden: 1007104K(1007104K)->0K(1007104K) From: 6625K(125824K)->6623K(125824K)
[130.302s][info][gc,heap        ] GC(430) Tenured: 1407470K(2517408K)->1407470K(2517408K)
[130.302s][info][gc,metaspace   ] GC(430) Metaspace: 120312K(124800K)->120312K(124800K) NonClass: 104179K(104832K)->104179K(104832K) Class: 16133K(19968K)->16133K(19968K)
[130.302s][info][gc             ] GC(430) Pause Young (Allocation Failure) 2364M->1380M(3564M) 8.041ms
[130.302s][info][gc,cpu         ] GC(430) User=0.00s Sys=0.00s Real=0.00s
[130.370s][info][gc,start       ] GC(431) Pause Young (Allocation Failure)
[130.378s][info][gc,heap        ] GC(431) DefNew: 1013727K(1132928K)->6622K(1132928K) Eden: 1007104K(1007104K)->0K(1007104K) From: 6623K(125824K)->6622K(125824K)
[130.378s][info][gc,heap        ] GC(431) Tenured: 1407470K(2517408K)->1407470K(2517408K)
[130.378s][info][gc,metaspace   ] GC(431) Metaspace: 120312K(124800K)->120312K(124800K) NonClass: 104179K(104832K)->104179K(104832K) Class: 16133K(19968K)->16133K(19968K)
[130.378s][info][gc             ] GC(431) Pause Young (Allocation Failure) 2364M->1380M(3564M) 7.997ms
[130.378s][info][gc,cpu         ] GC(431) User=0.00s Sys=0.00s Real=0.00s
[130.446s][info][gc,start       ] GC(432) Pause Young (Allocation Failure)
[130.454s][info][gc,heap        ] GC(432) DefNew: 1013726K(1132928K)->6611K(1132928K) Eden: 1007104K(1007104K)->0K(1007104K) From: 6622K(125824K)->6611K(125824K)
[130.454s][info][gc,heap        ] GC(432) Tenured: 1407470K(2517408K)->1407470K(2517408K)
[130.454s][info][gc,metaspace   ] GC(432) Metaspace: 120312K(124800K)->120312K(124800K) NonClass: 104179K(104832K)->104179K(104832K) Class: 16133K(19968K)->16133K(19968K)
[130.454s][info][gc             ] GC(432) Pause Young (Allocation Failure) 2364M->1380M(3564M) 8.235ms
[130.454s][info][gc,cpu         ] GC(432) User=0.00s Sys=0.00s Real=0.00s
[130.522s][info][gc,start       ] GC(433) Pause Young (Allocation Failure)
[130.529s][info][gc,heap        ] GC(433) DefNew: 1013715K(1132928K)->6602K(1132928K) Eden: 1007104K(1007104K)->0K(1007104K) From: 6611K(125824K)->6602K(125824K)
[130.530s][info][gc,heap        ] GC(433) Tenured: 1407470K(2517408K)->1407470K(2517408K)
[130.530s][info][gc,metaspace   ] GC(433) Metaspace: 120312K(124800K)->120312K(124800K) NonClass: 104179K(104832K)->104179K(104832K) Class: 16133K(19968K)->16133K(19968K)
[130.530s][info][gc             ] GC(433) Pause Young (Allocation Failure) 2364M->1380M(3564M) 7.987ms
[130.530s][info][gc,cpu         ] GC(433) User=0.00s Sys=0.00s Real=0.00s
[130.598s][info][gc,start       ] GC(434) Pause Young (Allocation Failure)
[130.606s][info][gc,heap        ] GC(434) DefNew: 1013706K(1132928K)->6618K(1132928K) Eden: 1007104K(1007104K)->0K(1007104K) From: 6602K(125824K)->6618K(125824K)
[130.606s][info][gc,heap        ] GC(434) Tenured: 1407470K(2517408K)->1407470K(2517408K)
[130.606s][info][gc,metaspace   ] GC(434) Metaspace: 120312K(124800K)->120312K(124800K) NonClass: 104179K(104832K)->104179K(104832K) Class: 16133K(19968K)->16133K(19968K)
[130.606s][info][gc             ] GC(434) Pause Young (Allocation Failure) 2364M->1380M(3564M) 7.959ms
[130.606s][info][gc,cpu         ] GC(434) User=0.00s Sys=0.00s Real=0.00s
[130.674s][info][gc,start       ] GC(435) Pause Young (Allocation Failure)
[130.682s][info][gc,heap        ] GC(435) DefNew: 1013722K(1132928K)->6604K(1132928K) Eden: 1007104K(1007104K)->0K(1007104K) From: 6618K(125824K)->6604K(125824K)
[130.682s][info][gc,heap        ] GC(435) Tenured: 1407470K(2517408K)->1407470K(2517408K)
[130.682s][info][gc,metaspace   ] GC(435) Metaspace: 120312K(124800K)->120312K(124800K) NonClass: 104179K(104832K)->104179K(104832K) Class: 16133K(19968K)->16133K(19968K)
[130.682s][info][gc             ] GC(435) Pause Young (Allocation Failure) 2364M->1380M(3564M) 8.032ms
[130.682s][info][gc,cpu         ] GC(435) User=0.00s Sys=0.00s Real=0.00s
[130.751s][info][gc,start       ] GC(436) Pause Young (Allocation Failure)
[130.758s][info][gc,heap        ] GC(436) DefNew: 1013708K(1132928K)->6630K(1132928K) Eden: 1007104K(1007104K)->0K(1007104K) From: 6604K(125824K)->6630K(125824K)
[130.758s][info][gc,heap        ] GC(436) Tenured: 1407470K(2517408K)->1407470K(2517408K)
[130.758s][info][gc,metaspace   ] GC(436) Metaspace: 120312K(124800K)->120312K(124800K) NonClass: 104179K(104832K)->104179K(104832K) Class: 16133K(19968K)->16133K(19968K)
[130.758s][info][gc             ] GC(436) Pause Young (Allocation Failure) 2364M->1380M(3564M) 7.983ms
[130.759s][info][gc,cpu         ] GC(436) User=0.00s Sys=0.00s Real=0.00s
[130.827s][info][gc,start       ] GC(437) Pause Young (Allocation Failure)
[130.835s][info][gc,heap        ] GC(437) DefNew: 1013734K(1132928K)->6722K(1132928K) Eden: 1007104K(1007104K)->0K(1007104K) From: 6630K(125824K)->6722K(125824K)
[130.835s][info][gc,heap        ] GC(437) Tenured: 1407470K(2517408K)->1407470K(2517408K)
[130.835s][info][gc,metaspace   ] GC(437) Metaspace: 120312K(124800K)->120312K(124800K) NonClass: 104179K(104832K)->104179K(104832K) Class: 16133K(19968K)->16133K(19968K)
[130.835s][info][gc             ] GC(437) Pause Young (Allocation Failure) 2364M->1381M(3564M) 8.178ms
[130.836s][info][gc,cpu         ] GC(437) User=0.00s Sys=0.00s Real=0.00s
[130.904s][info][gc,start       ] GC(438) Pause Young (Allocation Failure)
[130.912s][info][gc,heap        ] GC(438) DefNew: 1013826K(1132928K)->6662K(1132928K) Eden: 1007104K(1007104K)->0K(1007104K) From: 6722K(125824K)->6662K(125824K)
[130.912s][info][gc,heap        ] GC(438) Tenured: 1407470K(2517408K)->1407470K(2517408K)
[130.912s][info][gc,metaspace   ] GC(438) Metaspace: 120312K(124800K)->120312K(124800K) NonClass: 104179K(104832K)->104179K(104832K) Class: 16133K(19968K)->16133K(19968K)
[130.912s][info][gc             ] GC(438) Pause Young (Allocation Failure) 2364M->1380M(3564M) 8.113ms
[130.912s][info][gc,cpu         ] GC(438) User=0.00s Sys=0.00s Real=0.00s
[130.980s][info][gc,start       ] GC(439) Pause Young (Allocation Failure)
[130.988s][info][gc,heap        ] GC(439) DefNew: 1013766K(1132928K)->6641K(1132928K) Eden: 1007104K(1007104K)->0K(1007104K) From: 6662K(125824K)->6641K(125824K)
[130.988s][info][gc,heap        ] GC(439) Tenured: 1407470K(2517408K)->1407470K(2517408K)
[130.988s][info][gc,metaspace   ] GC(439) Metaspace: 120312K(124800K)->120312K(124800K) NonClass: 104179K(104832K)->104179K(104832K) Class: 16133K(19968K)->16133K(19968K)
[130.988s][info][gc             ] GC(439) Pause Young (Allocation Failure) 2364M->1380M(3564M) 8.157ms
[130.988s][info][gc,cpu         ] GC(439) User=0.00s Sys=0.00s Real=0.00s
[131.057s][info][gc,start       ] GC(440) Pause Young (Allocation Failure)
[131.067s][info][gc,heap        ] GC(440) DefNew: 1013745K(1132928K)->897K(1132928K) Eden: 1007104K(1007104K)->0K(1007104K) From: 6641K(125824K)->897K(125824K)
[131.067s][info][gc,heap        ] GC(440) Tenured: 1407470K(2517408K)->1413758K(2517408K)
[131.067s][info][gc,metaspace   ] GC(440) Metaspace: 120312K(124800K)->120312K(124800K) NonClass: 104179K(104832K)->104179K(104832K) Class: 16133K(19968K)->16133K(19968K)
[131.067s][info][gc             ] GC(440) Pause Young (Allocation Failure) 2364M->1381M(3564M) 10.265ms
[131.068s][info][gc,cpu         ] GC(440) User=0.02s Sys=0.00s Real=0.01s
[131.661s][info][gc,start       ] GC(441) Pause Full (System.gc())
[131.661s][info][gc,phases,start] GC(441) Phase 1: Mark live objects
[131.733s][info][gc,phases      ] GC(441) Phase 1: Mark live objects 72.587ms
[131.733s][info][gc,phases,start] GC(441) Phase 2: Compute new object addresses
[131.817s][info][gc,phases      ] GC(441) Phase 2: Compute new object addresses 83.975ms
[131.817s][info][gc,phases,start] GC(441) Phase 3: Adjust pointers
[131.854s][info][gc,phases      ] GC(441) Phase 3: Adjust pointers 36.493ms
[131.854s][info][gc,phases,start] GC(441) Phase 4: Move objects
[131.854s][info][gc,phases      ] GC(441) Phase 4: Move objects 0.104ms
[131.855s][info][gc,heap        ] GC(441) DefNew: 256631K(1132928K)->0K(1132928K) Eden: 255733K(1007104K)->0K(1007104K) From: 897K(125824K)->0K(125824K)
[131.855s][info][gc,heap        ] GC(441) Tenured: 1413758K(2517408K)->1413951K(2517408K)
[131.855s][info][gc,metaspace   ] GC(441) Metaspace: 120336K(124864K)->120336K(124864K) NonClass: 104202K(104896K)->104202K(104896K) Class: 16133K(19968K)->16133K(19968K)
[131.855s][info][gc             ] GC(441) Pause Full (System.gc()) 1631M->1380M(3564M) 194.478ms
[131.855s][info][gc,cpu         ] GC(441) User=0.19s Sys=0.00s Real=0.19s
[131.994s][info][gc,start       ] GC(442) Pause Young (Allocation Failure)
[132.007s][info][gc,heap        ] GC(442) DefNew: 1007104K(1132928K)->6620K(1132928K) Eden: 1007104K(1007104K)->0K(1007104K) From: 0K(125824K)->6620K(125824K)
[132.007s][info][gc,heap        ] GC(442) Tenured: 1413951K(2517408K)->1413951K(2517408K)
[132.007s][info][gc,metaspace   ] GC(442) Metaspace: 120373K(124928K)->120373K(124928K) NonClass: 104240K(104960K)->104240K(104960K) Class: 16133K(19968K)->16133K(19968K)
[132.007s][info][gc             ] GC(442) Pause Young (Allocation Failure) 2364M->1387M(3564M) 12.468ms
[132.007s][info][gc,cpu         ] GC(442) User=0.02s Sys=0.00s Real=0.02s
[132.076s][info][gc,start       ] GC(443) Pause Young (Allocation Failure)
[132.084s][info][gc,heap        ] GC(443) DefNew: 1013724K(1132928K)->6611K(1132928K) Eden: 1007104K(1007104K)->0K(1007104K) From: 6620K(125824K)->6611K(125824K)
[132.084s][info][gc,heap        ] GC(443) Tenured: 1413951K(2517408K)->1413951K(2517408K)
[132.084s][info][gc,metaspace   ] GC(443) Metaspace: 120373K(124928K)->120373K(124928K) NonClass: 104240K(104960K)->104240K(104960K) Class: 16133K(19968K)->16133K(19968K)
[132.084s][info][gc             ] GC(443) Pause Young (Allocation Failure) 2370M->1387M(3564M) 8.147ms
[132.084s][info][gc,cpu         ] GC(443) User=0.02s Sys=0.00s Real=0.01s
[132.152s][info][gc,start       ] GC(444) Pause Young (Allocation Failure)
[132.160s][info][gc,heap        ] GC(444) DefNew: 1013715K(1132928K)->6632K(1132928K) Eden: 1007104K(1007104K)->0K(1007104K) From: 6611K(125824K)->6632K(125824K)
[132.160s][info][gc,heap        ] GC(444) Tenured: 1413951K(2517408K)->1413951K(2517408K)
[132.160s][info][gc,metaspace   ] GC(444) Metaspace: 120373K(124928K)->120373K(124928K) NonClass: 104240K(104960K)->104240K(104960K) Class: 16133K(19968K)->16133K(19968K)
[132.160s][info][gc             ] GC(444) Pause Young (Allocation Failure) 2370M->1387M(3564M) 8.070ms
[132.160s][info][gc,cpu         ] GC(444) User=0.02s Sys=0.00s Real=0.02s
[132.228s][info][gc,start       ] GC(445) Pause Young (Allocation Failure)
[132.236s][info][gc,heap        ] GC(445) DefNew: 1013736K(1132928K)->6629K(1132928K) Eden: 1007104K(1007104K)->0K(1007104K) From: 6632K(125824K)->6629K(125824K)
[132.236s][info][gc,heap        ] GC(445) Tenured: 1413951K(2517408K)->1413951K(2517408K)
[132.236s][info][gc,metaspace   ] GC(445) Metaspace: 120373K(124928K)->120373K(124928K) NonClass: 104240K(104960K)->104240K(104960K) Class: 16133K(19968K)->16133K(19968K)
[132.236s][info][gc             ] GC(445) Pause Young (Allocation Failure) 2370M->1387M(3564M) 8.045ms
[132.236s][info][gc,cpu         ] GC(445) User=0.02s Sys=0.00s Real=0.02s
[132.305s][info][gc,start       ] GC(446) Pause Young (Allocation Failure)
[132.312s][info][gc,heap        ] GC(446) DefNew: 1013733K(1132928K)->6616K(1132928K) Eden: 1007104K(1007104K)->0K(1007104K) From: 6629K(125824K)->6616K(125824K)
[132.313s][info][gc,heap        ] GC(446) Tenured: 1413951K(2517408K)->1413951K(2517408K)
[132.313s][info][gc,metaspace   ] GC(446) Metaspace: 120373K(124928K)->120373K(124928K) NonClass: 104240K(104960K)->104240K(104960K) Class: 16133K(19968K)->16133K(19968K)
[132.313s][info][gc             ] GC(446) Pause Young (Allocation Failure) 2370M->1387M(3564M) 8.026ms
[132.313s][info][gc,cpu         ] GC(446) User=0.00s Sys=0.00s Real=0.00s
[132.381s][info][gc,start       ] GC(447) Pause Young (Allocation Failure)
[132.389s][info][gc,heap        ] GC(447) DefNew: 1013720K(1132928K)->6622K(1132928K) Eden: 1007104K(1007104K)->0K(1007104K) From: 6616K(125824K)->6622K(125824K)
[132.389s][info][gc,heap        ] GC(447) Tenured: 1413951K(2517408K)->1413951K(2517408K)
[132.389s][info][gc,metaspace   ] GC(447) Metaspace: 120373K(124928K)->120373K(124928K) NonClass: 104240K(104960K)->104240K(104960K) Class: 16133K(19968K)->16133K(19968K)
[132.389s][info][gc             ] GC(447) Pause Young (Allocation Failure) 2370M->1387M(3564M) 7.971ms
[132.389s][info][gc,cpu         ] GC(447) User=0.00s Sys=0.00s Real=0.00s
[132.457s][info][gc,start       ] GC(448) Pause Young (Allocation Failure)
[132.465s][info][gc,heap        ] GC(448) DefNew: 1013726K(1132928K)->6631K(1132928K) Eden: 1007104K(1007104K)->0K(1007104K) From: 6622K(125824K)->6631K(125824K)
[132.465s][info][gc,heap        ] GC(448) Tenured: 1413951K(2517408K)->1413951K(2517408K)
[132.465s][info][gc,metaspace   ] GC(448) Metaspace: 120373K(124928K)->120373K(124928K) NonClass: 104240K(104960K)->104240K(104960K) Class: 16133K(19968K)->16133K(19968K)
[132.465s][info][gc             ] GC(448) Pause Young (Allocation Failure) 2370M->1387M(3564M) 8.067ms
[132.465s][info][gc,cpu         ] GC(448) User=0.00s Sys=0.00s Real=0.00s
[132.533s][info][gc,start       ] GC(449) Pause Young (Allocation Failure)
[132.541s][info][gc,heap        ] GC(449) DefNew: 1013735K(1132928K)->6605K(1132928K) Eden: 1007104K(1007104K)->0K(1007104K) From: 6631K(125824K)->6605K(125824K)
[132.541s][info][gc,heap        ] GC(449) Tenured: 1413951K(2517408K)->1413951K(2517408K)
[132.541s][info][gc,metaspace   ] GC(449) Metaspace: 120373K(124928K)->120373K(124928K) NonClass: 104240K(104960K)->104240K(104960K) Class: 16133K(19968K)->16133K(19968K)
[132.541s][info][gc             ] GC(449) Pause Young (Allocation Failure) 2370M->1387M(3564M) 8.048ms
[132.541s][info][gc,cpu         ] GC(449) User=0.02s Sys=0.00s Real=0.01s
[132.609s][info][gc,start       ] GC(450) Pause Young (Allocation Failure)
[132.617s][info][gc,heap        ] GC(450) DefNew: 1013709K(1132928K)->6626K(1132928K) Eden: 1007104K(1007104K)->0K(1007104K) From: 6605K(125824K)->6626K(125824K)
[132.617s][info][gc,heap        ] GC(450) Tenured: 1413951K(2517408K)->1413951K(2517408K)
[132.617s][info][gc,metaspace   ] GC(450) Metaspace: 120373K(124928K)->120373K(124928K) NonClass: 104240K(104960K)->104240K(104960K) Class: 16133K(19968K)->16133K(19968K)
[132.617s][info][gc             ] GC(450) Pause Young (Allocation Failure) 2370M->1387M(3564M) 7.996ms
[132.617s][info][gc,cpu         ] GC(450) User=0.00s Sys=0.00s Real=0.00s
[132.685s][info][gc,start       ] GC(451) Pause Young (Allocation Failure)
[132.693s][info][gc,heap        ] GC(451) DefNew: 1013730K(1132928K)->6622K(1132928K) Eden: 1007104K(1007104K)->0K(1007104K) From: 6626K(125824K)->6622K(125824K)
[132.693s][info][gc,heap        ] GC(451) Tenured: 1413951K(2517408K)->1413951K(2517408K)
[132.693s][info][gc,metaspace   ] GC(451) Metaspace: 120373K(124928K)->120373K(124928K) NonClass: 104240K(104960K)->104240K(104960K) Class: 16133K(19968K)->16133K(19968K)
[132.693s][info][gc             ] GC(451) Pause Young (Allocation Failure) 2370M->1387M(3564M) 8.062ms
[132.694s][info][gc,cpu         ] GC(451) User=0.00s Sys=0.00s Real=0.00s
[132.762s][info][gc,start       ] GC(452) Pause Young (Allocation Failure)
[132.770s][info][gc,heap        ] GC(452) DefNew: 1013726K(1132928K)->6606K(1132928K) Eden: 1007104K(1007104K)->0K(1007104K) From: 6622K(125824K)->6606K(125824K)
[132.770s][info][gc,heap        ] GC(452) Tenured: 1413951K(2517408K)->1413951K(2517408K)
[132.770s][info][gc,metaspace   ] GC(452) Metaspace: 120373K(124928K)->120373K(124928K) NonClass: 104240K(104960K)->104240K(104960K) Class: 16133K(19968K)->16133K(19968K)
[132.770s][info][gc             ] GC(452) Pause Young (Allocation Failure) 2370M->1387M(3564M) 8.012ms
[132.770s][info][gc,cpu         ] GC(452) User=0.00s Sys=0.00s Real=0.00s
[132.838s][info][gc,start       ] GC(453) Pause Young (Allocation Failure)
[132.846s][info][gc,heap        ] GC(453) DefNew: 1013710K(1132928K)->6618K(1132928K) Eden: 1007104K(1007104K)->0K(1007104K) From: 6606K(125824K)->6618K(125824K)
[132.846s][info][gc,heap        ] GC(453) Tenured: 1413951K(2517408K)->1413951K(2517408K)
[132.846s][info][gc,metaspace   ] GC(453) Metaspace: 120373K(124928K)->120373K(124928K) NonClass: 104240K(104960K)->104240K(104960K) Class: 16133K(19968K)->16133K(19968K)
[132.846s][info][gc             ] GC(453) Pause Young (Allocation Failure) 2370M->1387M(3564M) 8.003ms
[132.846s][info][gc,cpu         ] GC(453) User=0.00s Sys=0.00s Real=0.00s
[132.915s][info][gc,start       ] GC(454) Pause Young (Allocation Failure)
[132.923s][info][gc,heap        ] GC(454) DefNew: 1013722K(1132928K)->6738K(1132928K) Eden: 1007104K(1007104K)->0K(1007104K) From: 6618K(125824K)->6738K(125824K)
[132.923s][info][gc,heap        ] GC(454) Tenured: 1413951K(2517408K)->1413951K(2517408K)
[132.923s][info][gc,metaspace   ] GC(454) Metaspace: 120373K(124928K)->120373K(124928K) NonClass: 104240K(104960K)->104240K(104960K) Class: 16133K(19968K)->16133K(19968K)
[132.923s][info][gc             ] GC(454) Pause Young (Allocation Failure) 2370M->1387M(3564M) 8.223ms
[132.923s][info][gc,cpu         ] GC(454) User=0.02s Sys=0.00s Real=0.01s
[132.991s][info][gc,start       ] GC(455) Pause Young (Allocation Failure)
[132.999s][info][gc,heap        ] GC(455) DefNew: 1013842K(1132928K)->6694K(1132928K) Eden: 1007104K(1007104K)->0K(1007104K) From: 6738K(125824K)->6694K(125824K)
[132.999s][info][gc,heap        ] GC(455) Tenured: 1413951K(2517408K)->1413951K(2517408K)
[132.999s][info][gc,metaspace   ] GC(455) Metaspace: 120373K(124928K)->120373K(124928K) NonClass: 104240K(104960K)->104240K(104960K) Class: 16133K(19968K)->16133K(19968K)
[132.999s][info][gc             ] GC(455) Pause Young (Allocation Failure) 2370M->1387M(3564M) 8.163ms
[132.999s][info][gc,cpu         ] GC(455) User=0.02s Sys=0.00s Real=0.02s
[133.067s][info][gc,start       ] GC(456) Pause Young (Allocation Failure)
[133.075s][info][gc,heap        ] GC(456) DefNew: 1013798K(1132928K)->6672K(1132928K) Eden: 1007104K(1007104K)->0K(1007104K) From: 6694K(125824K)->6672K(125824K)
[133.075s][info][gc,heap        ] GC(456) Tenured: 1413951K(2517408K)->1413951K(2517408K)
[133.075s][info][gc,metaspace   ] GC(456) Metaspace: 120373K(124928K)->120373K(124928K) NonClass: 104240K(104960K)->104240K(104960K) Class: 16133K(19968K)->16133K(19968K)
[133.075s][info][gc             ] GC(456) Pause Young (Allocation Failure) 2370M->1387M(3564M) 8.193ms
[133.075s][info][gc,cpu         ] GC(456) User=0.02s Sys=0.00s Real=0.02s
[133.144s][info][gc,start       ] GC(457) Pause Young (Allocation Failure)
[133.154s][info][gc,heap        ] GC(457) DefNew: 1013776K(1132928K)->700K(1132928K) Eden: 1007104K(1007104K)->0K(1007104K) From: 6672K(125824K)->700K(125824K)
[133.154s][info][gc,heap        ] GC(457) Tenured: 1413951K(2517408K)->1420277K(2517408K)
[133.154s][info][gc,metaspace   ] GC(457) Metaspace: 120373K(124928K)->120373K(124928K) NonClass: 104240K(104960K)->104240K(104960K) Class: 16133K(19968K)->16133K(19968K)
[133.154s][info][gc             ] GC(457) Pause Young (Allocation Failure) 2370M->1387M(3564M) 10.185ms
[133.154s][info][gc,cpu         ] GC(457) User=0.00s Sys=0.00s Real=0.00s
[133.869s][info][gc,start       ] GC(458) Pause Full (System.gc())
[133.869s][info][gc,phases,start] GC(458) Phase 1: Mark live objects
[133.949s][info][gc,phases      ] GC(458) Phase 1: Mark live objects 79.836ms
[133.949s][info][gc,phases,start] GC(458) Phase 2: Compute new object addresses
[134.028s][info][gc,phases      ] GC(458) Phase 2: Compute new object addresses 79.320ms
[134.028s][info][gc,phases,start] GC(458) Phase 3: Adjust pointers
[134.065s][info][gc,phases      ] GC(458) Phase 3: Adjust pointers 36.962ms
[134.065s][info][gc,phases,start] GC(458) Phase 4: Move objects
[134.065s][info][gc,phases      ] GC(458) Phase 4: Move objects 0.099ms
[134.066s][info][gc,heap        ] GC(458) DefNew: 257276K(1132928K)->0K(1132928K) Eden: 256576K(1007104K)->0K(1007104K) From: 700K(125824K)->0K(125824K)
[134.066s][info][gc,heap        ] GC(458) Tenured: 1420277K(2517408K)->1420470K(2517408K)
[134.066s][info][gc,metaspace   ] GC(458) Metaspace: 120376K(124928K)->120376K(124928K) NonClass: 104243K(104960K)->104243K(104960K) Class: 16133K(19968K)->16133K(19968K)
[134.066s][info][gc             ] GC(458) Pause Full (System.gc()) 1638M->1387M(3564M) 197.575ms
[134.066s][info][gc,cpu         ] GC(458) User=0.20s Sys=0.00s Real=0.20s
[134.199s][info][gc,start       ] GC(459) Pause Young (Allocation Failure)
[134.211s][info][gc,heap        ] GC(459) DefNew: 1007104K(1132928K)->6574K(1132928K) Eden: 1007104K(1007104K)->0K(1007104K) From: 0K(125824K)->6574K(125824K)
[134.211s][info][gc,heap        ] GC(459) Tenured: 1420470K(2517408K)->1420470K(2517408K)
[134.211s][info][gc,metaspace   ] GC(459) Metaspace: 120476K(124992K)->120476K(124992K) NonClass: 104342K(105024K)->104342K(105024K) Class: 16134K(19968K)->16134K(19968K)
[134.211s][info][gc             ] GC(459) Pause Young (Allocation Failure) 2370M->1393M(3564M) 12.357ms
[134.211s][info][gc,cpu         ] GC(459) User=0.02s Sys=0.00s Real=0.02s
[134.280s][info][gc,start       ] GC(460) Pause Young (Allocation Failure)
[134.288s][info][gc,heap        ] GC(460) DefNew: 1013678K(1132928K)->6610K(1132928K) Eden: 1007104K(1007104K)->0K(1007104K) From: 6574K(125824K)->6610K(125824K)
[134.288s][info][gc,heap        ] GC(460) Tenured: 1420470K(2517408K)->1420470K(2517408K)
[134.288s][info][gc,metaspace   ] GC(460) Metaspace: 120476K(124992K)->120476K(124992K) NonClass: 104342K(105024K)->104342K(105024K) Class: 16134K(19968K)->16134K(19968K)
[134.288s][info][gc             ] GC(460) Pause Young (Allocation Failure) 2377M->1393M(3564M) 8.099ms
[134.288s][info][gc,cpu         ] GC(460) User=0.02s Sys=0.00s Real=0.01s
[134.356s][info][gc,start       ] GC(461) Pause Young (Allocation Failure)
[134.364s][info][gc,heap        ] GC(461) DefNew: 1013714K(1132928K)->6601K(1132928K) Eden: 1007104K(1007104K)->0K(1007104K) From: 6610K(125824K)->6601K(125824K)
[134.364s][info][gc,heap        ] GC(461) Tenured: 1420470K(2517408K)->1420470K(2517408K)
[134.364s][info][gc,metaspace   ] GC(461) Metaspace: 120476K(124992K)->120476K(124992K) NonClass: 104342K(105024K)->104342K(105024K) Class: 16134K(19968K)->16134K(19968K)
[134.364s][info][gc             ] GC(461) Pause Young (Allocation Failure) 2377M->1393M(3564M) 7.997ms
[134.364s][info][gc,cpu         ] GC(461) User=0.00s Sys=0.00s Real=0.00s
[134.432s][info][gc,start       ] GC(462) Pause Young (Allocation Failure)
[134.440s][info][gc,heap        ] GC(462) DefNew: 1013705K(1132928K)->6624K(1132928K) Eden: 1007104K(1007104K)->0K(1007104K) From: 6601K(125824K)->6624K(125824K)
[134.440s][info][gc,heap        ] GC(462) Tenured: 1420470K(2517408K)->1420470K(2517408K)
[134.440s][info][gc,metaspace   ] GC(462) Metaspace: 120476K(124992K)->120476K(124992K) NonClass: 104342K(105024K)->104342K(105024K) Class: 16134K(19968K)->16134K(19968K)
[134.440s][info][gc             ] GC(462) Pause Young (Allocation Failure) 2377M->1393M(3564M) 7.941ms
[134.440s][info][gc,cpu         ] GC(462) User=0.00s Sys=0.00s Real=0.00s
[134.508s][info][gc,start       ] GC(463) Pause Young (Allocation Failure)
[134.516s][info][gc,heap        ] GC(463) DefNew: 1013728K(1132928K)->6610K(1132928K) Eden: 1007104K(1007104K)->0K(1007104K) From: 6624K(125824K)->6610K(125824K)
[134.516s][info][gc,heap        ] GC(463) Tenured: 1420470K(2517408K)->1420470K(2517408K)
[134.516s][info][gc,metaspace   ] GC(463) Metaspace: 120476K(124992K)->120476K(124992K) NonClass: 104342K(105024K)->104342K(105024K) Class: 16134K(19968K)->16134K(19968K)
[134.516s][info][gc             ] GC(463) Pause Young (Allocation Failure) 2377M->1393M(3564M) 8.013ms
[134.516s][info][gc,cpu         ] GC(463) User=0.00s Sys=0.00s Real=0.00s
[134.584s][info][gc,start       ] GC(464) Pause Young (Allocation Failure)
[134.592s][info][gc,heap        ] GC(464) DefNew: 1013714K(1132928K)->6608K(1132928K) Eden: 1007104K(1007104K)->0K(1007104K) From: 6610K(125824K)->6608K(125824K)
[134.592s][info][gc,heap        ] GC(464) Tenured: 1420470K(2517408K)->1420470K(2517408K)
[134.592s][info][gc,metaspace   ] GC(464) Metaspace: 120476K(124992K)->120476K(124992K) NonClass: 104342K(105024K)->104342K(105024K) Class: 16134K(19968K)->16134K(19968K)
[134.592s][info][gc             ] GC(464) Pause Young (Allocation Failure) 2377M->1393M(3564M) 8.033ms
[134.592s][info][gc,cpu         ] GC(464) User=0.00s Sys=0.00s Real=0.00s
[134.660s][info][gc,start       ] GC(465) Pause Young (Allocation Failure)
[134.668s][info][gc,heap        ] GC(465) DefNew: 1013712K(1132928K)->6634K(1132928K) Eden: 1007104K(1007104K)->0K(1007104K) From: 6608K(125824K)->6634K(125824K)
[134.668s][info][gc,heap        ] GC(465) Tenured: 1420470K(2517408K)->1420470K(2517408K)
[134.668s][info][gc,metaspace   ] GC(465) Metaspace: 120476K(124992K)->120476K(124992K) NonClass: 104342K(105024K)->104342K(105024K) Class: 16134K(19968K)->16134K(19968K)
[134.668s][info][gc             ] GC(465) Pause Young (Allocation Failure) 2377M->1393M(3564M) 8.057ms
[134.668s][info][gc,cpu         ] GC(465) User=0.02s Sys=0.00s Real=0.02s
[134.736s][info][gc,start       ] GC(466) Pause Young (Allocation Failure)
[134.744s][info][gc,heap        ] GC(466) DefNew: 1013738K(1132928K)->6599K(1132928K) Eden: 1007104K(1007104K)->0K(1007104K) From: 6634K(125824K)->6599K(125824K)
[134.744s][info][gc,heap        ] GC(466) Tenured: 1420470K(2517408K)->1420470K(2517408K)
[134.744s][info][gc,metaspace   ] GC(466) Metaspace: 120476K(124992K)->120476K(124992K) NonClass: 104342K(105024K)->104342K(105024K) Class: 16134K(19968K)->16134K(19968K)
[134.744s][info][gc             ] GC(466) Pause Young (Allocation Failure) 2377M->1393M(3564M) 8.038ms
[134.744s][info][gc,cpu         ] GC(466) User=0.02s Sys=0.00s Real=0.02s
[134.812s][info][gc,start       ] GC(467) Pause Young (Allocation Failure)
[134.820s][info][gc,heap        ] GC(467) DefNew: 1013703K(1132928K)->6612K(1132928K) Eden: 1007104K(1007104K)->0K(1007104K) From: 6599K(125824K)->6612K(125824K)
[134.820s][info][gc,heap        ] GC(467) Tenured: 1420470K(2517408K)->1420470K(2517408K)
[134.820s][info][gc,metaspace   ] GC(467) Metaspace: 120476K(124992K)->120476K(124992K) NonClass: 104342K(105024K)->104342K(105024K) Class: 16134K(19968K)->16134K(19968K)
[134.820s][info][gc             ] GC(467) Pause Young (Allocation Failure) 2377M->1393M(3564M) 7.947ms
[134.820s][info][gc,cpu         ] GC(467) User=0.02s Sys=0.00s Real=0.02s
[134.888s][info][gc,start       ] GC(468) Pause Young (Allocation Failure)
[134.896s][info][gc,heap        ] GC(468) DefNew: 1013716K(1132928K)->6619K(1132928K) Eden: 1007104K(1007104K)->0K(1007104K) From: 6612K(125824K)->6619K(125824K)
[134.896s][info][gc,heap        ] GC(468) Tenured: 1420470K(2517408K)->1420470K(2517408K)
[134.896s][info][gc,metaspace   ] GC(468) Metaspace: 120476K(124992K)->120476K(124992K) NonClass: 104342K(105024K)->104342K(105024K) Class: 16134K(19968K)->16134K(19968K)
[134.896s][info][gc             ] GC(468) Pause Young (Allocation Failure) 2377M->1393M(3564M) 8.107ms
[134.896s][info][gc,cpu         ] GC(468) User=0.02s Sys=0.00s Real=0.01s
[134.964s][info][gc,start       ] GC(469) Pause Young (Allocation Failure)
[134.972s][info][gc,heap        ] GC(469) DefNew: 1013723K(1132928K)->6614K(1132928K) Eden: 1007104K(1007104K)->0K(1007104K) From: 6619K(125824K)->6614K(125824K)
[134.972s][info][gc,heap        ] GC(469) Tenured: 1420470K(2517408K)->1420470K(2517408K)
[134.972s][info][gc,metaspace   ] GC(469) Metaspace: 120476K(124992K)->120476K(124992K) NonClass: 104342K(105024K)->104342K(105024K) Class: 16134K(19968K)->16134K(19968K)
[134.972s][info][gc             ] GC(469) Pause Young (Allocation Failure) 2377M->1393M(3564M) 7.945ms
[134.972s][info][gc,cpu         ] GC(469) User=0.00s Sys=0.00s Real=0.00s
[135.040s][info][gc,start       ] GC(470) Pause Young (Allocation Failure)
[135.048s][info][gc,heap        ] GC(470) DefNew: 1013718K(1132928K)->6614K(1132928K) Eden: 1007104K(1007104K)->0K(1007104K) From: 6614K(125824K)->6614K(125824K)
[135.048s][info][gc,heap        ] GC(470) Tenured: 1420470K(2517408K)->1420470K(2517408K)
[135.048s][info][gc,metaspace   ] GC(470) Metaspace: 120476K(124992K)->120476K(124992K) NonClass: 104342K(105024K)->104342K(105024K) Class: 16134K(19968K)->16134K(19968K)
[135.048s][info][gc             ] GC(470) Pause Young (Allocation Failure) 2377M->1393M(3564M) 8.150ms
[135.048s][info][gc,cpu         ] GC(470) User=0.00s Sys=0.00s Real=0.00s
[135.116s][info][gc,start       ] GC(471) Pause Young (Allocation Failure)
[135.124s][info][gc,heap        ] GC(471) DefNew: 1013718K(1132928K)->6740K(1132928K) Eden: 1007104K(1007104K)->0K(1007104K) From: 6614K(125824K)->6740K(125824K)
[135.124s][info][gc,heap        ] GC(471) Tenured: 1420470K(2517408K)->1420470K(2517408K)
[135.124s][info][gc,metaspace   ] GC(471) Metaspace: 120476K(124992K)->120476K(124992K) NonClass: 104342K(105024K)->104342K(105024K) Class: 16134K(19968K)->16134K(19968K)
[135.125s][info][gc             ] GC(471) Pause Young (Allocation Failure) 2377M->1393M(3564M) 8.291ms
[135.125s][info][gc,cpu         ] GC(471) User=0.00s Sys=0.00s Real=0.00s
[135.192s][info][gc,start       ] GC(472) Pause Young (Allocation Failure)
[135.200s][info][gc,heap        ] GC(472) DefNew: 1013844K(1132928K)->6649K(1132928K) Eden: 1007104K(1007104K)->0K(1007104K) From: 6740K(125824K)->6649K(125824K)
[135.200s][info][gc,heap        ] GC(472) Tenured: 1420470K(2517408K)->1420470K(2517408K)
[135.200s][info][gc,metaspace   ] GC(472) Metaspace: 120476K(124992K)->120476K(124992K) NonClass: 104342K(105024K)->104342K(105024K) Class: 16134K(19968K)->16134K(19968K)
[135.200s][info][gc             ] GC(472) Pause Young (Allocation Failure) 2377M->1393M(3564M) 8.073ms
[135.201s][info][gc,cpu         ] GC(472) User=0.00s Sys=0.00s Real=0.00s
[135.268s][info][gc,start       ] GC(473) Pause Young (Allocation Failure)
[135.276s][info][gc,heap        ] GC(473) DefNew: 1013753K(1132928K)->6661K(1132928K) Eden: 1007104K(1007104K)->0K(1007104K) From: 6649K(125824K)->6661K(125824K)
[135.276s][info][gc,heap        ] GC(473) Tenured: 1420470K(2517408K)->1420470K(2517408K)
[135.276s][info][gc,metaspace   ] GC(473) Metaspace: 120476K(124992K)->120476K(124992K) NonClass: 104342K(105024K)->104342K(105024K) Class: 16134K(19968K)->16134K(19968K)
[135.276s][info][gc             ] GC(473) Pause Young (Allocation Failure) 2377M->1393M(3564M) 8.165ms
[135.276s][info][gc,cpu         ] GC(473) User=0.00s Sys=0.00s Real=0.00s
[135.346s][info][gc,start       ] GC(474) Pause Young (Allocation Failure)
[135.357s][info][gc,heap        ] GC(474) DefNew: 1013765K(1132928K)->954K(1132928K) Eden: 1007104K(1007104K)->0K(1007104K) From: 6661K(125824K)->954K(125824K)
[135.357s][info][gc,heap        ] GC(474) Tenured: 1420470K(2517408K)->1426784K(2517408K)
[135.357s][info][gc,metaspace   ] GC(474) Metaspace: 120476K(124992K)->120476K(124992K) NonClass: 104342K(105024K)->104342K(105024K) Class: 16134K(19968K)->16134K(19968K)
[135.357s][info][gc             ] GC(474) Pause Young (Allocation Failure) 2377M->1394M(3564M) 10.595ms
[135.357s][info][gc,cpu         ] GC(474) User=0.00s Sys=0.00s Real=0.00s
[135.944s][info][gc,start       ] GC(475) Pause Full (System.gc())
[135.944s][info][gc,phases,start] GC(475) Phase 1: Mark live objects
[136.026s][info][gc,phases      ] GC(475) Phase 1: Mark live objects 81.951ms
[136.026s][info][gc,phases,start] GC(475) Phase 2: Compute new object addresses
[136.096s][info][gc,phases      ] GC(475) Phase 2: Compute new object addresses 70.040ms
[136.096s][info][gc,phases,start] GC(475) Phase 3: Adjust pointers
[136.136s][info][gc,phases      ] GC(475) Phase 3: Adjust pointers 39.468ms
[136.136s][info][gc,phases,start] GC(475) Phase 4: Move objects
[136.386s][info][gc,phases      ] GC(475) Phase 4: Move objects 249.753ms
[136.387s][info][gc,heap        ] GC(475) DefNew: 255977K(1132928K)->0K(1132928K) Eden: 255023K(1007104K)->0K(1007104K) From: 954K(125824K)->0K(125824K)
[136.387s][info][gc,heap        ] GC(475) Tenured: 1426784K(2517408K)->1401163K(2517408K)
[136.387s][info][gc,metaspace   ] GC(475) Metaspace: 120482K(125056K)->120482K(125056K) NonClass: 104347K(105088K)->104347K(105088K) Class: 16134K(19968K)->16134K(19968K)
[136.387s][info][gc             ] GC(475) Pause Full (System.gc()) 1643M->1368M(3564M) 442.661ms
[136.387s][info][gc,cpu         ] GC(475) User=0.44s Sys=0.00s Real=0.44s
[136.531s][info][gc,start       ] GC(476) Pause Young (Allocation Failure)
[136.544s][info][gc,heap        ] GC(476) DefNew: 1007104K(1132928K)->6575K(1132928K) Eden: 1007104K(1007104K)->0K(1007104K) From: 0K(125824K)->6575K(125824K)
[136.544s][info][gc,heap        ] GC(476) Tenured: 1401163K(2517408K)->1401163K(2517408K)
[136.544s][info][gc,metaspace   ] GC(476) Metaspace: 120494K(125056K)->120494K(125056K) NonClass: 104359K(105088K)->104359K(105088K) Class: 16134K(19968K)->16134K(19968K)
[136.544s][info][gc             ] GC(476) Pause Young (Allocation Failure) 2351M->1374M(3564M) 12.541ms
[136.544s][info][gc,cpu         ] GC(476) User=0.02s Sys=0.00s Real=0.02s
[136.612s][info][gc,start       ] GC(477) Pause Young (Allocation Failure)
[136.623s][info][gc,heap        ] GC(477) DefNew: 1013679K(1132928K)->6619K(1132928K) Eden: 1007104K(1007104K)->0K(1007104K) From: 6575K(125824K)->6619K(125824K)
[136.623s][info][gc,heap        ] GC(477) Tenured: 1401163K(2517408K)->1401163K(2517408K)
[136.623s][info][gc,metaspace   ] GC(477) Metaspace: 120494K(125056K)->120494K(125056K) NonClass: 104359K(105088K)->104359K(105088K) Class: 16134K(19968K)->16134K(19968K)
[136.623s][info][gc             ] GC(477) Pause Young (Allocation Failure) 2358M->1374M(3564M) 11.217ms
[136.623s][info][gc,cpu         ] GC(477) User=0.03s Sys=0.00s Real=0.02s
[136.691s][info][gc,start       ] GC(478) Pause Young (Allocation Failure)
[136.699s][info][gc,heap        ] GC(478) DefNew: 1013723K(1132928K)->6615K(1132928K) Eden: 1007104K(1007104K)->0K(1007104K) From: 6619K(125824K)->6615K(125824K)
[136.699s][info][gc,heap        ] GC(478) Tenured: 1401163K(2517408K)->1401163K(2517408K)
[136.699s][info][gc,metaspace   ] GC(478) Metaspace: 120494K(125056K)->120494K(125056K) NonClass: 104359K(105088K)->104359K(105088K) Class: 16134K(19968K)->16134K(19968K)
[136.699s][info][gc             ] GC(478) Pause Young (Allocation Failure) 2358M->1374M(3564M) 8.007ms
[136.699s][info][gc,cpu         ] GC(478) User=0.00s Sys=0.00s Real=0.00s
[136.766s][info][gc,start       ] GC(479) Pause Young (Allocation Failure)
[136.774s][info][gc,heap        ] GC(479) DefNew: 1013719K(1132928K)->6615K(1132928K) Eden: 1007104K(1007104K)->0K(1007104K) From: 6615K(125824K)->6615K(125824K)
[136.774s][info][gc,heap        ] GC(479) Tenured: 1401163K(2517408K)->1401163K(2517408K)
[136.774s][info][gc,metaspace   ] GC(479) Metaspace: 120494K(125056K)->120494K(125056K) NonClass: 104359K(105088K)->104359K(105088K) Class: 16134K(19968K)->16134K(19968K)
[136.774s][info][gc             ] GC(479) Pause Young (Allocation Failure) 2358M->1374M(3564M) 8.054ms
[136.774s][info][gc,cpu         ] GC(479) User=0.02s Sys=0.00s Real=0.02s
[136.842s][info][gc,start       ] GC(480) Pause Young (Allocation Failure)
[136.850s][info][gc,heap        ] GC(480) DefNew: 1013719K(1132928K)->6615K(1132928K) Eden: 1007104K(1007104K)->0K(1007104K) From: 6615K(125824K)->6615K(125824K)
[136.850s][info][gc,heap        ] GC(480) Tenured: 1401163K(2517408K)->1401163K(2517408K)
[136.850s][info][gc,metaspace   ] GC(480) Metaspace: 120494K(125056K)->120494K(125056K) NonClass: 104359K(105088K)->104359K(105088K) Class: 16134K(19968K)->16134K(19968K)
[136.850s][info][gc             ] GC(480) Pause Young (Allocation Failure) 2358M->1374M(3564M) 8.044ms
[136.850s][info][gc,cpu         ] GC(480) User=0.00s Sys=0.00s Real=0.00s
[136.917s][info][gc,start       ] GC(481) Pause Young (Allocation Failure)
[136.925s][info][gc,heap        ] GC(481) DefNew: 1013719K(1132928K)->6613K(1132928K) Eden: 1007104K(1007104K)->0K(1007104K) From: 6615K(125824K)->6613K(125824K)
[136.925s][info][gc,heap        ] GC(481) Tenured: 1401163K(2517408K)->1401163K(2517408K)
[136.925s][info][gc,metaspace   ] GC(481) Metaspace: 120494K(125056K)->120494K(125056K) NonClass: 104359K(105088K)->104359K(105088K) Class: 16134K(19968K)->16134K(19968K)
[136.925s][info][gc             ] GC(481) Pause Young (Allocation Failure) 2358M->1374M(3564M) 8.015ms
[136.925s][info][gc,cpu         ] GC(481) User=0.00s Sys=0.00s Real=0.00s
[136.993s][info][gc,start       ] GC(482) Pause Young (Allocation Failure)
[137.001s][info][gc,heap        ] GC(482) DefNew: 1013717K(1132928K)->6627K(1132928K) Eden: 1007104K(1007104K)->0K(1007104K) From: 6613K(125824K)->6627K(125824K)
[137.001s][info][gc,heap        ] GC(482) Tenured: 1401163K(2517408K)->1401163K(2517408K)
[137.001s][info][gc,metaspace   ] GC(482) Metaspace: 120494K(125056K)->120494K(125056K) NonClass: 104359K(105088K)->104359K(105088K) Class: 16134K(19968K)->16134K(19968K)
[137.001s][info][gc             ] GC(482) Pause Young (Allocation Failure) 2358M->1374M(3564M) 7.930ms
[137.001s][info][gc,cpu         ] GC(482) User=0.00s Sys=0.00s Real=0.00s
[137.068s][info][gc,start       ] GC(483) Pause Young (Allocation Failure)
[137.076s][info][gc,heap        ] GC(483) DefNew: 1013731K(1132928K)->6621K(1132928K) Eden: 1007104K(1007104K)->0K(1007104K) From: 6627K(125824K)->6621K(125824K)
[137.076s][info][gc,heap        ] GC(483) Tenured: 1401163K(2517408K)->1401163K(2517408K)
[137.076s][info][gc,metaspace   ] GC(483) Metaspace: 120494K(125056K)->120494K(125056K) NonClass: 104359K(105088K)->104359K(105088K) Class: 16134K(19968K)->16134K(19968K)
[137.076s][info][gc             ] GC(483) Pause Young (Allocation Failure) 2358M->1374M(3564M) 7.936ms
[137.076s][info][gc,cpu         ] GC(483) User=0.00s Sys=0.00s Real=0.00s
[137.143s][info][gc,start       ] GC(484) Pause Young (Allocation Failure)
[137.151s][info][gc,heap        ] GC(484) DefNew: 1013725K(1132928K)->6606K(1132928K) Eden: 1007104K(1007104K)->0K(1007104K) From: 6621K(125824K)->6606K(125824K)
[137.151s][info][gc,heap        ] GC(484) Tenured: 1401163K(2517408K)->1401163K(2517408K)
[137.151s][info][gc,metaspace   ] GC(484) Metaspace: 120494K(125056K)->120494K(125056K) NonClass: 104359K(105088K)->104359K(105088K) Class: 16134K(19968K)->16134K(19968K)
[137.151s][info][gc             ] GC(484) Pause Young (Allocation Failure) 2358M->1374M(3564M) 8.022ms
[137.151s][info][gc,cpu         ] GC(484) User=0.00s Sys=0.00s Real=0.00s
[137.218s][info][gc,start       ] GC(485) Pause Young (Allocation Failure)
[137.226s][info][gc,heap        ] GC(485) DefNew: 1013710K(1132928K)->6604K(1132928K) Eden: 1007104K(1007104K)->0K(1007104K) From: 6606K(125824K)->6604K(125824K)
[137.226s][info][gc,heap        ] GC(485) Tenured: 1401163K(2517408K)->1401163K(2517408K)
[137.226s][info][gc,metaspace   ] GC(485) Metaspace: 120494K(125056K)->120494K(125056K) NonClass: 104359K(105088K)->104359K(105088K) Class: 16134K(19968K)->16134K(19968K)
[137.227s][info][gc             ] GC(485) Pause Young (Allocation Failure) 2358M->1374M(3564M) 8.040ms
[137.227s][info][gc,cpu         ] GC(485) User=0.02s Sys=0.00s Real=0.02s
[137.294s][info][gc,start       ] GC(486) Pause Young (Allocation Failure)
[137.302s][info][gc,heap        ] GC(486) DefNew: 1013708K(1132928K)->6604K(1132928K) Eden: 1007104K(1007104K)->0K(1007104K) From: 6604K(125824K)->6604K(125824K)
[137.302s][info][gc,heap        ] GC(486) Tenured: 1401163K(2517408K)->1401163K(2517408K)
[137.302s][info][gc,metaspace   ] GC(486) Metaspace: 120494K(125056K)->120494K(125056K) NonClass: 104359K(105088K)->104359K(105088K) Class: 16134K(19968K)->16134K(19968K)
[137.302s][info][gc             ] GC(486) Pause Young (Allocation Failure) 2358M->1374M(3564M) 8.032ms
[137.302s][info][gc,cpu         ] GC(486) User=0.02s Sys=0.00s Real=0.02s
[137.370s][info][gc,start       ] GC(487) Pause Young (Allocation Failure)
[137.378s][info][gc,heap        ] GC(487) DefNew: 1013708K(1132928K)->6632K(1132928K) Eden: 1007104K(1007104K)->0K(1007104K) From: 6604K(125824K)->6632K(125824K)
[137.378s][info][gc,heap        ] GC(487) Tenured: 1401163K(2517408K)->1401163K(2517408K)
[137.378s][info][gc,metaspace   ] GC(487) Metaspace: 120494K(125056K)->120494K(125056K) NonClass: 104359K(105088K)->104359K(105088K) Class: 16134K(19968K)->16134K(19968K)
[137.378s][info][gc             ] GC(487) Pause Young (Allocation Failure) 2358M->1374M(3564M) 8.017ms
[137.378s][info][gc,cpu         ] GC(487) User=0.00s Sys=0.00s Real=0.00s
[137.445s][info][gc,start       ] GC(488) Pause Young (Allocation Failure)
[137.453s][info][gc,heap        ] GC(488) DefNew: 1013736K(1132928K)->6609K(1132928K) Eden: 1007104K(1007104K)->0K(1007104K) From: 6632K(125824K)->6609K(125824K)
[137.453s][info][gc,heap        ] GC(488) Tenured: 1401163K(2517408K)->1401163K(2517408K)
[137.453s][info][gc,metaspace   ] GC(488) Metaspace: 120494K(125056K)->120494K(125056K) NonClass: 104359K(105088K)->104359K(105088K) Class: 16134K(19968K)->16134K(19968K)
[137.454s][info][gc             ] GC(488) Pause Young (Allocation Failure) 2358M->1374M(3564M) 8.078ms
[137.454s][info][gc,cpu         ] GC(488) User=0.00s Sys=0.00s Real=0.00s
[137.521s][info][gc,start       ] GC(489) Pause Young (Allocation Failure)
[137.529s][info][gc,heap        ] GC(489) DefNew: 1013713K(1132928K)->6715K(1132928K) Eden: 1007104K(1007104K)->0K(1007104K) From: 6609K(125824K)->6715K(125824K)
[137.529s][info][gc,heap        ] GC(489) Tenured: 1401163K(2517408K)->1401163K(2517408K)
[137.529s][info][gc,metaspace   ] GC(489) Metaspace: 120494K(125056K)->120494K(125056K) NonClass: 104359K(105088K)->104359K(105088K) Class: 16134K(19968K)->16134K(19968K)
[137.529s][info][gc             ] GC(489) Pause Young (Allocation Failure) 2358M->1374M(3564M) 8.137ms
[137.529s][info][gc,cpu         ] GC(489) User=0.00s Sys=0.00s Real=0.00s
[137.597s][info][gc,start       ] GC(490) Pause Young (Allocation Failure)
[137.605s][info][gc,heap        ] GC(490) DefNew: 1013819K(1132928K)->6768K(1132928K) Eden: 1007104K(1007104K)->0K(1007104K) From: 6715K(125824K)->6768K(125824K)
[137.605s][info][gc,heap        ] GC(490) Tenured: 1401163K(2517408K)->1401163K(2517408K)
[137.605s][info][gc,metaspace   ] GC(490) Metaspace: 120494K(125056K)->120494K(125056K) NonClass: 104359K(105088K)->104359K(105088K) Class: 16134K(19968K)->16134K(19968K)
[137.605s][info][gc             ] GC(490) Pause Young (Allocation Failure) 2358M->1374M(3564M) 8.295ms
[137.605s][info][gc,cpu         ] GC(490) User=0.00s Sys=0.00s Real=0.00s
[137.675s][info][gc,start       ] GC(491) Pause Young (Allocation Failure)
[137.688s][info][gc,heap        ] GC(491) DefNew: 1013872K(1132928K)->1691K(1132928K) Eden: 1007104K(1007104K)->0K(1007104K) From: 6768K(125824K)->1691K(125824K)
[137.688s][info][gc,heap        ] GC(491) Tenured: 1401163K(2517408K)->1407379K(2517408K)
[137.688s][info][gc,metaspace   ] GC(491) Metaspace: 120494K(125056K)->120494K(125056K) NonClass: 104359K(105088K)->104359K(105088K) Class: 16134K(19968K)->16134K(19968K)
[137.688s][info][gc             ] GC(491) Pause Young (Allocation Failure) 2358M->1376M(3564M) 12.921ms
[137.688s][info][gc,cpu         ] GC(491) User=0.03s Sys=0.00s Real=0.02s
[138.277s][info][gc,start       ] GC(492) Pause Full (System.gc())
[138.277s][info][gc,phases,start] GC(492) Phase 1: Mark live objects
[138.350s][info][gc,phases      ] GC(492) Phase 1: Mark live objects 72.615ms
[138.350s][info][gc,phases,start] GC(492) Phase 2: Compute new object addresses
[138.421s][info][gc,phases      ] GC(492) Phase 2: Compute new object addresses 70.859ms
[138.421s][info][gc,phases,start] GC(492) Phase 3: Adjust pointers
[138.457s][info][gc,phases      ] GC(492) Phase 3: Adjust pointers 36.623ms
[138.457s][info][gc,phases,start] GC(492) Phase 4: Move objects
[138.457s][info][gc,phases      ] GC(492) Phase 4: Move objects 0.095ms
[138.458s][info][gc,heap        ] GC(492) DefNew: 259683K(1132928K)->0K(1132928K) Eden: 257991K(1007104K)->0K(1007104K) From: 1691K(125824K)->0K(125824K)
[138.458s][info][gc,heap        ] GC(492) Tenured: 1407379K(2517408K)->1407569K(2517408K)
[138.458s][info][gc,metaspace   ] GC(492) Metaspace: 120503K(125056K)->120503K(125056K) NonClass: 104367K(105088K)->104367K(105088K) Class: 16135K(19968K)->16135K(19968K)
[138.458s][info][gc             ] GC(492) Pause Full (System.gc()) 1627M->1374M(3564M) 181.500ms
[138.458s][info][gc,cpu         ] GC(492) User=0.19s Sys=0.00s Real=0.19s
[138.605s][info][gc,start       ] GC(493) Pause Young (Allocation Failure)
[138.618s][info][gc,heap        ] GC(493) DefNew: 1007104K(1132928K)->6546K(1132928K) Eden: 1007104K(1007104K)->0K(1007104K) From: 0K(125824K)->6546K(125824K)
[138.618s][info][gc,heap        ] GC(493) Tenured: 1407569K(2517408K)->1407569K(2517408K)
[138.618s][info][gc,metaspace   ] GC(493) Metaspace: 120697K(125184K)->120697K(125184K) NonClass: 104561K(105216K)->104561K(105216K) Class: 16136K(19968K)->16136K(19968K)
[138.618s][info][gc             ] GC(493) Pause Young (Allocation Failure) 2358M->1380M(3564M) 12.700ms
[138.618s][info][gc,cpu         ] GC(493) User=0.03s Sys=0.00s Real=0.02s
[138.687s][info][gc,start       ] GC(494) Pause Young (Allocation Failure)
[138.695s][info][gc,heap        ] GC(494) DefNew: 1013650K(1132928K)->6602K(1132928K) Eden: 1007104K(1007104K)->0K(1007104K) From: 6546K(125824K)->6602K(125824K)
[138.695s][info][gc,heap        ] GC(494) Tenured: 1407569K(2517408K)->1407569K(2517408K)
[138.695s][info][gc,metaspace   ] GC(494) Metaspace: 120697K(125184K)->120697K(125184K) NonClass: 104561K(105216K)->104561K(105216K) Class: 16136K(19968K)->16136K(19968K)
[138.695s][info][gc             ] GC(494) Pause Young (Allocation Failure) 2364M->1381M(3564M) 8.331ms
[138.695s][info][gc,cpu         ] GC(494) User=0.00s Sys=0.00s Real=0.00s
[138.764s][info][gc,start       ] GC(495) Pause Young (Allocation Failure)
[138.772s][info][gc,heap        ] GC(495) DefNew: 1013706K(1132928K)->6615K(1132928K) Eden: 1007104K(1007104K)->0K(1007104K) From: 6602K(125824K)->6615K(125824K)
[138.772s][info][gc,heap        ] GC(495) Tenured: 1407569K(2517408K)->1407569K(2517408K)
[138.772s][info][gc,metaspace   ] GC(495) Metaspace: 120697K(125184K)->120697K(125184K) NonClass: 104561K(105216K)->104561K(105216K) Class: 16136K(19968K)->16136K(19968K)
[138.772s][info][gc             ] GC(495) Pause Young (Allocation Failure) 2364M->1381M(3564M) 8.495ms
[138.773s][info][gc,cpu         ] GC(495) User=0.00s Sys=0.00s Real=0.00s
[138.841s][info][gc,start       ] GC(496) Pause Young (Allocation Failure)
[138.849s][info][gc,heap        ] GC(496) DefNew: 1013719K(1132928K)->6611K(1132928K) Eden: 1007104K(1007104K)->0K(1007104K) From: 6615K(125824K)->6611K(125824K)
[138.849s][info][gc,heap        ] GC(496) Tenured: 1407569K(2517408K)->1407569K(2517408K)
[138.849s][info][gc,metaspace   ] GC(496) Metaspace: 120697K(125184K)->120697K(125184K) NonClass: 104561K(105216K)->104561K(105216K) Class: 16136K(19968K)->16136K(19968K)
[138.850s][info][gc             ] GC(496) Pause Young (Allocation Failure) 2364M->1381M(3564M) 8.353ms
[138.850s][info][gc,cpu         ] GC(496) User=0.00s Sys=0.00s Real=0.00s
[138.917s][info][gc,start       ] GC(497) Pause Young (Allocation Failure)
[138.926s][info][gc,heap        ] GC(497) DefNew: 1013715K(1132928K)->6618K(1132928K) Eden: 1007104K(1007104K)->0K(1007104K) From: 6611K(125824K)->6618K(125824K)
[138.926s][info][gc,heap        ] GC(497) Tenured: 1407569K(2517408K)->1407569K(2517408K)
[138.926s][info][gc,metaspace   ] GC(497) Metaspace: 120697K(125184K)->120697K(125184K) NonClass: 104561K(105216K)->104561K(105216K) Class: 16136K(19968K)->16136K(19968K)
[138.926s][info][gc             ] GC(497) Pause Young (Allocation Failure) 2364M->1381M(3564M) 8.297ms
[138.926s][info][gc,cpu         ] GC(497) User=0.00s Sys=0.00s Real=0.00s
[138.994s][info][gc,start       ] GC(498) Pause Young (Allocation Failure)
[139.002s][info][gc,heap        ] GC(498) DefNew: 1013722K(1132928K)->6633K(1132928K) Eden: 1007104K(1007104K)->0K(1007104K) From: 6618K(125824K)->6633K(125824K)
[139.002s][info][gc,heap        ] GC(498) Tenured: 1407569K(2517408K)->1407569K(2517408K)
[139.002s][info][gc,metaspace   ] GC(498) Metaspace: 120697K(125184K)->120697K(125184K) NonClass: 104561K(105216K)->104561K(105216K) Class: 16136K(19968K)->16136K(19968K)
[139.002s][info][gc             ] GC(498) Pause Young (Allocation Failure) 2364M->1381M(3564M) 8.289ms
[139.002s][info][gc,cpu         ] GC(498) User=0.00s Sys=0.00s Real=0.00s
[139.071s][info][gc,start       ] GC(499) Pause Young (Allocation Failure)
[139.079s][info][gc,heap        ] GC(499) DefNew: 1013737K(1132928K)->6624K(1132928K) Eden: 1007104K(1007104K)->0K(1007104K) From: 6633K(125824K)->6624K(125824K)
[139.079s][info][gc,heap        ] GC(499) Tenured: 1407569K(2517408K)->1407569K(2517408K)
[139.079s][info][gc,metaspace   ] GC(499) Metaspace: 120697K(125184K)->120697K(125184K) NonClass: 104561K(105216K)->104561K(105216K) Class: 16136K(19968K)->16136K(19968K)
[139.079s][info][gc             ] GC(499) Pause Young (Allocation Failure) 2364M->1381M(3564M) 8.326ms
[139.079s][info][gc,cpu         ] GC(499) User=0.00s Sys=0.00s Real=0.00s
[139.146s][info][gc,start       ] GC(500) Pause Young (Allocation Failure)
[139.155s][info][gc,heap        ] GC(500) DefNew: 1013728K(1132928K)->6627K(1132928K) Eden: 1007104K(1007104K)->0K(1007104K) From: 6624K(125824K)->6627K(125824K)
[139.155s][info][gc,heap        ] GC(500) Tenured: 1407569K(2517408K)->1407569K(2517408K)
[139.155s][info][gc,metaspace   ] GC(500) Metaspace: 120697K(125184K)->120697K(125184K) NonClass: 104561K(105216K)->104561K(105216K) Class: 16136K(19968K)->16136K(19968K)
[139.155s][info][gc             ] GC(500) Pause Young (Allocation Failure) 2364M->1381M(3564M) 8.186ms
[139.155s][info][gc,cpu         ] GC(500) User=0.02s Sys=0.00s Real=0.02s
[139.223s][info][gc,start       ] GC(501) Pause Young (Allocation Failure)
[139.231s][info][gc,heap        ] GC(501) DefNew: 1013731K(1132928K)->6622K(1132928K) Eden: 1007104K(1007104K)->0K(1007104K) From: 6627K(125824K)->6622K(125824K)
[139.231s][info][gc,heap        ] GC(501) Tenured: 1407569K(2517408K)->1407569K(2517408K)
[139.231s][info][gc,metaspace   ] GC(501) Metaspace: 120697K(125184K)->120697K(125184K) NonClass: 104561K(105216K)->104561K(105216K) Class: 16136K(19968K)->16136K(19968K)
[139.231s][info][gc             ] GC(501) Pause Young (Allocation Failure) 2364M->1381M(3564M) 8.311ms
[139.231s][info][gc,cpu         ] GC(501) User=0.02s Sys=0.00s Real=0.02s
[139.299s][info][gc,start       ] GC(502) Pause Young (Allocation Failure)
[139.307s][info][gc,heap        ] GC(502) DefNew: 1013726K(1132928K)->6629K(1132928K) Eden: 1007104K(1007104K)->0K(1007104K) From: 6622K(125824K)->6629K(125824K)
[139.307s][info][gc,heap        ] GC(502) Tenured: 1407569K(2517408K)->1407569K(2517408K)
[139.307s][info][gc,metaspace   ] GC(502) Metaspace: 120697K(125184K)->120697K(125184K) NonClass: 104561K(105216K)->104561K(105216K) Class: 16136K(19968K)->16136K(19968K)
[139.308s][info][gc             ] GC(502) Pause Young (Allocation Failure) 2364M->1381M(3564M) 8.258ms
[139.308s][info][gc,cpu         ] GC(502) User=0.00s Sys=0.00s Real=0.00s
[139.376s][info][gc,start       ] GC(503) Pause Young (Allocation Failure)
[139.384s][info][gc,heap        ] GC(503) DefNew: 1013733K(1132928K)->6611K(1132928K) Eden: 1007104K(1007104K)->0K(1007104K) From: 6629K(125824K)->6611K(125824K)
[139.384s][info][gc,heap        ] GC(503) Tenured: 1407569K(2517408K)->1407569K(2517408K)
[139.384s][info][gc,metaspace   ] GC(503) Metaspace: 120697K(125184K)->120697K(125184K) NonClass: 104561K(105216K)->104561K(105216K) Class: 16136K(19968K)->16136K(19968K)
[139.384s][info][gc             ] GC(503) Pause Young (Allocation Failure) 2364M->1381M(3564M) 8.290ms
[139.384s][info][gc,cpu         ] GC(503) User=0.00s Sys=0.00s Real=0.00s
[139.453s][info][gc,start       ] GC(504) Pause Young (Allocation Failure)
[139.461s][info][gc,heap        ] GC(504) DefNew: 1013715K(1132928K)->6612K(1132928K) Eden: 1007104K(1007104K)->0K(1007104K) From: 6611K(125824K)->6612K(125824K)
[139.461s][info][gc,heap        ] GC(504) Tenured: 1407569K(2517408K)->1407569K(2517408K)
[139.461s][info][gc,metaspace   ] GC(504) Metaspace: 120697K(125184K)->120697K(125184K) NonClass: 104561K(105216K)->104561K(105216K) Class: 16136K(19968K)->16136K(19968K)
[139.461s][info][gc             ] GC(504) Pause Young (Allocation Failure) 2364M->1381M(3564M) 8.232ms
[139.461s][info][gc,cpu         ] GC(504) User=0.00s Sys=0.00s Real=0.00s
[139.529s][info][gc,start       ] GC(505) Pause Young (Allocation Failure)
[139.538s][info][gc,heap        ] GC(505) DefNew: 1013716K(1132928K)->6737K(1132928K) Eden: 1007104K(1007104K)->0K(1007104K) From: 6612K(125824K)->6737K(125824K)
[139.538s][info][gc,heap        ] GC(505) Tenured: 1407569K(2517408K)->1407569K(2517408K)
[139.538s][info][gc,metaspace   ] GC(505) Metaspace: 120697K(125184K)->120697K(125184K) NonClass: 104561K(105216K)->104561K(105216K) Class: 16136K(19968K)->16136K(19968K)
[139.538s][info][gc             ] GC(505) Pause Young (Allocation Failure) 2364M->1381M(3564M) 8.560ms
[139.538s][info][gc,cpu         ] GC(505) User=0.00s Sys=0.00s Real=0.00s
[139.606s][info][gc,start       ] GC(506) Pause Young (Allocation Failure)
[139.614s][info][gc,heap        ] GC(506) DefNew: 1013841K(1132928K)->6703K(1132928K) Eden: 1007104K(1007104K)->0K(1007104K) From: 6737K(125824K)->6703K(125824K)
[139.614s][info][gc,heap        ] GC(506) Tenured: 1407569K(2517408K)->1407569K(2517408K)
[139.615s][info][gc,metaspace   ] GC(506) Metaspace: 120697K(125184K)->120697K(125184K) NonClass: 104561K(105216K)->104561K(105216K) Class: 16136K(19968K)->16136K(19968K)
[139.615s][info][gc             ] GC(506) Pause Young (Allocation Failure) 2364M->1381M(3564M) 8.405ms
[139.615s][info][gc,cpu         ] GC(506) User=0.00s Sys=0.00s Real=0.00s
[139.683s][info][gc,start       ] GC(507) Pause Young (Allocation Failure)
[139.691s][info][gc,heap        ] GC(507) DefNew: 1013807K(1132928K)->6661K(1132928K) Eden: 1007104K(1007104K)->0K(1007104K) From: 6703K(125824K)->6661K(125824K)
[139.691s][info][gc,heap        ] GC(507) Tenured: 1407569K(2517408K)->1407569K(2517408K)
[139.691s][info][gc,metaspace   ] GC(507) Metaspace: 120697K(125184K)->120697K(125184K) NonClass: 104561K(105216K)->104561K(105216K) Class: 16136K(19968K)->16136K(19968K)
[139.691s][info][gc             ] GC(507) Pause Young (Allocation Failure) 2364M->1381M(3564M) 8.598ms
[139.691s][info][gc,cpu         ] GC(507) User=0.00s Sys=0.00s Real=0.00s
[139.761s][info][gc,start       ] GC(508) Pause Young (Allocation Failure)
[139.772s][info][gc,heap        ] GC(508) DefNew: 1013765K(1132928K)->1382K(1132928K) Eden: 1007104K(1007104K)->0K(1007104K) From: 6661K(125824K)->1382K(125824K)
[139.772s][info][gc,heap        ] GC(508) Tenured: 1407569K(2517408K)->1413817K(2517408K)
[139.772s][info][gc,metaspace   ] GC(508) Metaspace: 120697K(125184K)->120697K(125184K) NonClass: 104561K(105216K)->104561K(105216K) Class: 16136K(19968K)->16136K(19968K)
[139.772s][info][gc             ] GC(508) Pause Young (Allocation Failure) 2364M->1382M(3564M) 10.934ms
[139.772s][info][gc,cpu         ] GC(508) User=0.00s Sys=0.00s Real=0.00s
[140.363s][info][gc,start       ] GC(509) Pause Full (System.gc())
[140.364s][info][gc,phases,start] GC(509) Phase 1: Mark live objects
[140.440s][info][gc,phases      ] GC(509) Phase 1: Mark live objects 76.460ms
[140.440s][info][gc,phases,start] GC(509) Phase 2: Compute new object addresses
[140.509s][info][gc,phases      ] GC(509) Phase 2: Compute new object addresses 68.354ms
[140.509s][info][gc,phases,start] GC(509) Phase 3: Adjust pointers
[140.546s][info][gc,phases      ] GC(509) Phase 3: Adjust pointers 37.324ms
[140.546s][info][gc,phases,start] GC(509) Phase 4: Move objects
[140.546s][info][gc,phases      ] GC(509) Phase 4: Move objects 0.088ms
[140.547s][info][gc,heap        ] GC(509) DefNew: 248413K(1132928K)->0K(1132928K) Eden: 247030K(1007104K)->0K(1007104K) From: 1382K(125824K)->0K(125824K)
[140.547s][info][gc,heap        ] GC(509) Tenured: 1413817K(2517408K)->1414002K(2517408K)
[140.547s][info][gc,metaspace   ] GC(509) Metaspace: 120704K(125248K)->120704K(125248K) NonClass: 104567K(105280K)->104567K(105280K) Class: 16136K(19968K)->16136K(19968K)
[140.547s][info][gc             ] GC(509) Pause Full (System.gc()) 1623M->1380M(3564M) 183.530ms
[140.547s][info][gc,cpu         ] GC(509) User=0.19s Sys=0.00s Real=0.19s
[140.689s][info][gc,start       ] GC(510) Pause Young (Allocation Failure)
[140.701s][info][gc,heap        ] GC(510) DefNew: 1007104K(1132928K)->6583K(1132928K) Eden: 1007104K(1007104K)->0K(1007104K) From: 0K(125824K)->6583K(125824K)
[140.701s][info][gc,heap        ] GC(510) Tenured: 1414002K(2517408K)->1414002K(2517408K)
[140.701s][info][gc,metaspace   ] GC(510) Metaspace: 120720K(125248K)->120720K(125248K) NonClass: 104584K(105280K)->104584K(105280K) Class: 16136K(19968K)->16136K(19968K)
[140.701s][info][gc             ] GC(510) Pause Young (Allocation Failure) 2364M->1387M(3564M) 12.431ms
[140.701s][info][gc,cpu         ] GC(510) User=0.02s Sys=0.00s Real=0.02s
[140.769s][info][gc,start       ] GC(511) Pause Young (Allocation Failure)
[140.777s][info][gc,heap        ] GC(511) DefNew: 1013687K(1132928K)->6611K(1132928K) Eden: 1007104K(1007104K)->0K(1007104K) From: 6583K(125824K)->6611K(125824K)
[140.777s][info][gc,heap        ] GC(511) Tenured: 1414002K(2517408K)->1414002K(2517408K)
[140.777s][info][gc,metaspace   ] GC(511) Metaspace: 120720K(125248K)->120720K(125248K) NonClass: 104584K(105280K)->104584K(105280K) Class: 16136K(19968K)->16136K(19968K)
[140.777s][info][gc             ] GC(511) Pause Young (Allocation Failure) 2370M->1387M(3564M) 7.895ms
[140.777s][info][gc,cpu         ] GC(511) User=0.00s Sys=0.00s Real=0.00s
[140.845s][info][gc,start       ] GC(512) Pause Young (Allocation Failure)
[140.853s][info][gc,heap        ] GC(512) DefNew: 1013715K(1132928K)->6612K(1132928K) Eden: 1007104K(1007104K)->0K(1007104K) From: 6611K(125824K)->6612K(125824K)
[140.853s][info][gc,heap        ] GC(512) Tenured: 1414002K(2517408K)->1414002K(2517408K)
[140.853s][info][gc,metaspace   ] GC(512) Metaspace: 120720K(125248K)->120720K(125248K) NonClass: 104584K(105280K)->104584K(105280K) Class: 16136K(19968K)->16136K(19968K)
[140.853s][info][gc             ] GC(512) Pause Young (Allocation Failure) 2370M->1387M(3564M) 7.930ms
[140.853s][info][gc,cpu         ] GC(512) User=0.00s Sys=0.00s Real=0.00s
[140.922s][info][gc,start       ] GC(513) Pause Young (Allocation Failure)
[140.929s][info][gc,heap        ] GC(513) DefNew: 1013716K(1132928K)->6594K(1132928K) Eden: 1007104K(1007104K)->0K(1007104K) From: 6612K(125824K)->6594K(125824K)
[140.929s][info][gc,heap        ] GC(513) Tenured: 1414002K(2517408K)->1414002K(2517408K)
[140.929s][info][gc,metaspace   ] GC(513) Metaspace: 120720K(125248K)->120720K(125248K) NonClass: 104584K(105280K)->104584K(105280K) Class: 16136K(19968K)->16136K(19968K)
[140.930s][info][gc             ] GC(513) Pause Young (Allocation Failure) 2370M->1387M(3564M) 7.882ms
[140.930s][info][gc,cpu         ] GC(513) User=0.00s Sys=0.00s Real=0.00s
[140.997s][info][gc,start       ] GC(514) Pause Young (Allocation Failure)
[141.005s][info][gc,heap        ] GC(514) DefNew: 1013698K(1132928K)->6616K(1132928K) Eden: 1007104K(1007104K)->0K(1007104K) From: 6594K(125824K)->6616K(125824K)
[141.005s][info][gc,heap        ] GC(514) Tenured: 1414002K(2517408K)->1414002K(2517408K)
[141.005s][info][gc,metaspace   ] GC(514) Metaspace: 120720K(125248K)->120720K(125248K) NonClass: 104584K(105280K)->104584K(105280K) Class: 16136K(19968K)->16136K(19968K)
[141.005s][info][gc             ] GC(514) Pause Young (Allocation Failure) 2370M->1387M(3564M) 7.930ms
[141.005s][info][gc,cpu         ] GC(514) User=0.03s Sys=0.00s Real=0.02s
[141.074s][info][gc,start       ] GC(515) Pause Young (Allocation Failure)
[141.081s][info][gc,heap        ] GC(515) DefNew: 1013720K(1132928K)->6619K(1132928K) Eden: 1007104K(1007104K)->0K(1007104K) From: 6616K(125824K)->6619K(125824K)
[141.081s][info][gc,heap        ] GC(515) Tenured: 1414002K(2517408K)->1414002K(2517408K)
[141.081s][info][gc,metaspace   ] GC(515) Metaspace: 120720K(125248K)->120720K(125248K) NonClass: 104584K(105280K)->104584K(105280K) Class: 16136K(19968K)->16136K(19968K)
[141.082s][info][gc             ] GC(515) Pause Young (Allocation Failure) 2370M->1387M(3564M) 7.902ms
[141.082s][info][gc,cpu         ] GC(515) User=0.00s Sys=0.00s Real=0.00s
[141.150s][info][gc,start       ] GC(516) Pause Young (Allocation Failure)
[141.158s][info][gc,heap        ] GC(516) DefNew: 1013723K(1132928K)->6614K(1132928K) Eden: 1007104K(1007104K)->0K(1007104K) From: 6619K(125824K)->6614K(125824K)
[141.158s][info][gc,heap        ] GC(516) Tenured: 1414002K(2517408K)->1414002K(2517408K)
[141.158s][info][gc,metaspace   ] GC(516) Metaspace: 120720K(125248K)->120720K(125248K) NonClass: 104584K(105280K)->104584K(105280K) Class: 16136K(19968K)->16136K(19968K)
[141.158s][info][gc             ] GC(516) Pause Young (Allocation Failure) 2370M->1387M(3564M) 8.139ms
[141.158s][info][gc,cpu         ] GC(516) User=0.00s Sys=0.00s Real=0.00s
[141.226s][info][gc,start       ] GC(517) Pause Young (Allocation Failure)
[141.233s][info][gc,heap        ] GC(517) DefNew: 1013718K(1132928K)->6604K(1132928K) Eden: 1007104K(1007104K)->0K(1007104K) From: 6614K(125824K)->6604K(125824K)
[141.233s][info][gc,heap        ] GC(517) Tenured: 1414002K(2517408K)->1414002K(2517408K)
[141.233s][info][gc,metaspace   ] GC(517) Metaspace: 120720K(125248K)->120720K(125248K) NonClass: 104584K(105280K)->104584K(105280K) Class: 16136K(19968K)->16136K(19968K)
[141.233s][info][gc             ] GC(517) Pause Young (Allocation Failure) 2370M->1387M(3564M) 7.914ms
[141.234s][info][gc,cpu         ] GC(517) User=0.00s Sys=0.00s Real=0.00s
[141.301s][info][gc,start       ] GC(518) Pause Young (Allocation Failure)
[141.309s][info][gc,heap        ] GC(518) DefNew: 1013708K(1132928K)->6623K(1132928K) Eden: 1007104K(1007104K)->0K(1007104K) From: 6604K(125824K)->6623K(125824K)
[141.309s][info][gc,heap        ] GC(518) Tenured: 1414002K(2517408K)->1414002K(2517408K)
[141.309s][info][gc,metaspace   ] GC(518) Metaspace: 120720K(125248K)->120720K(125248K) NonClass: 104584K(105280K)->104584K(105280K) Class: 16136K(19968K)->16136K(19968K)
[141.309s][info][gc             ] GC(518) Pause Young (Allocation Failure) 2370M->1387M(3564M) 7.879ms
[141.309s][info][gc,cpu         ] GC(518) User=0.02s Sys=0.00s Real=0.02s
[141.377s][info][gc,start       ] GC(519) Pause Young (Allocation Failure)
[141.385s][info][gc,heap        ] GC(519) DefNew: 1013727K(1132928K)->6623K(1132928K) Eden: 1007104K(1007104K)->0K(1007104K) From: 6623K(125824K)->6623K(125824K)
[141.385s][info][gc,heap        ] GC(519) Tenured: 1414002K(2517408K)->1414002K(2517408K)
[141.385s][info][gc,metaspace   ] GC(519) Metaspace: 120720K(125248K)->120720K(125248K) NonClass: 104584K(105280K)->104584K(105280K) Class: 16136K(19968K)->16136K(19968K)
[141.385s][info][gc             ] GC(519) Pause Young (Allocation Failure) 2370M->1387M(3564M) 7.954ms
[141.385s][info][gc,cpu         ] GC(519) User=0.00s Sys=0.00s Real=0.00s
[141.453s][info][gc,start       ] GC(520) Pause Young (Allocation Failure)
[141.461s][info][gc,heap        ] GC(520) DefNew: 1013727K(1132928K)->6629K(1132928K) Eden: 1007104K(1007104K)->0K(1007104K) From: 6623K(125824K)->6629K(125824K)
[141.461s][info][gc,heap        ] GC(520) Tenured: 1414002K(2517408K)->1414002K(2517408K)
[141.461s][info][gc,metaspace   ] GC(520) Metaspace: 120720K(125248K)->120720K(125248K) NonClass: 104584K(105280K)->104584K(105280K) Class: 16136K(19968K)->16136K(19968K)
[141.461s][info][gc             ] GC(520) Pause Young (Allocation Failure) 2370M->1387M(3564M) 7.865ms
[141.461s][info][gc,cpu         ] GC(520) User=0.00s Sys=0.00s Real=0.00s
[141.529s][info][gc,start       ] GC(521) Pause Young (Allocation Failure)
[141.537s][info][gc,heap        ] GC(521) DefNew: 1013733K(1132928K)->6629K(1132928K) Eden: 1007104K(1007104K)->0K(1007104K) From: 6629K(125824K)->6629K(125824K)
[141.537s][info][gc,heap        ] GC(521) Tenured: 1414002K(2517408K)->1414002K(2517408K)
[141.537s][info][gc,metaspace   ] GC(521) Metaspace: 120720K(125248K)->120720K(125248K) NonClass: 104584K(105280K)->104584K(105280K) Class: 16136K(19968K)->16136K(19968K)
[141.537s][info][gc             ] GC(521) Pause Young (Allocation Failure) 2370M->1387M(3564M) 7.836ms
[141.537s][info][gc,cpu         ] GC(521) User=0.00s Sys=0.00s Real=0.00s
[141.606s][info][gc,start       ] GC(522) Pause Young (Allocation Failure)
[141.614s][info][gc,heap        ] GC(522) DefNew: 1013733K(1132928K)->6729K(1132928K) Eden: 1007104K(1007104K)->0K(1007104K) From: 6629K(125824K)->6729K(125824K)
[141.614s][info][gc,heap        ] GC(522) Tenured: 1414002K(2517408K)->1414002K(2517408K)
[141.614s][info][gc,metaspace   ] GC(522) Metaspace: 120720K(125248K)->120720K(125248K) NonClass: 104584K(105280K)->104584K(105280K) Class: 16136K(19968K)->16136K(19968K)
[141.614s][info][gc             ] GC(522) Pause Young (Allocation Failure) 2370M->1387M(3564M) 8.252ms
[141.614s][info][gc,cpu         ] GC(522) User=0.02s Sys=0.00s Real=0.02s
[141.682s][info][gc,start       ] GC(523) Pause Young (Allocation Failure)
[141.690s][info][gc,heap        ] GC(523) DefNew: 1013833K(1132928K)->6634K(1132928K) Eden: 1007104K(1007104K)->0K(1007104K) From: 6729K(125824K)->6634K(125824K)
[141.690s][info][gc,heap        ] GC(523) Tenured: 1414002K(2517408K)->1414002K(2517408K)
[141.690s][info][gc,metaspace   ] GC(523) Metaspace: 120720K(125248K)->120720K(125248K) NonClass: 104584K(105280K)->104584K(105280K) Class: 16136K(19968K)->16136K(19968K)
[141.690s][info][gc             ] GC(523) Pause Young (Allocation Failure) 2370M->1387M(3564M) 7.942ms
[141.690s][info][gc,cpu         ] GC(523) User=0.00s Sys=0.00s Real=0.01s
[141.759s][info][gc,start       ] GC(524) Pause Young (Allocation Failure)
[141.766s][info][gc,heap        ] GC(524) DefNew: 1013738K(1132928K)->6653K(1132928K) Eden: 1007104K(1007104K)->0K(1007104K) From: 6634K(125824K)->6653K(125824K)
[141.767s][info][gc,heap        ] GC(524) Tenured: 1414002K(2517408K)->1414002K(2517408K)
[141.767s][info][gc,metaspace   ] GC(524) Metaspace: 120720K(125248K)->120720K(125248K) NonClass: 104584K(105280K)->104584K(105280K) Class: 16136K(19968K)->16136K(19968K)
[141.767s][info][gc             ] GC(524) Pause Young (Allocation Failure) 2370M->1387M(3564M) 8.118ms
[141.767s][info][gc,cpu         ] GC(524) User=0.00s Sys=0.00s Real=0.00s
[141.837s][info][gc,start       ] GC(525) Pause Young (Allocation Failure)
[141.847s][info][gc,heap        ] GC(525) DefNew: 1013757K(1132928K)->873K(1132928K) Eden: 1007104K(1007104K)->0K(1007104K) From: 6653K(125824K)->873K(125824K)
[141.847s][info][gc,heap        ] GC(525) Tenured: 1414002K(2517408K)->1420312K(2517408K)
[141.847s][info][gc,metaspace   ] GC(525) Metaspace: 120720K(125248K)->120720K(125248K) NonClass: 104584K(105280K)->104584K(105280K) Class: 16136K(19968K)->16136K(19968K)
[141.847s][info][gc             ] GC(525) Pause Young (Allocation Failure) 2370M->1387M(3564M) 10.236ms
[141.847s][info][gc,cpu         ] GC(525) User=0.00s Sys=0.00s Real=0.00s
[142.424s][info][gc,start       ] GC(526) Pause Full (System.gc())
[142.424s][info][gc,phases,start] GC(526) Phase 1: Mark live objects
[142.499s][info][gc,phases      ] GC(526) Phase 1: Mark live objects 75.159ms
[142.499s][info][gc,phases,start] GC(526) Phase 2: Compute new object addresses
[142.569s][info][gc,phases      ] GC(526) Phase 2: Compute new object addresses 70.236ms
[142.569s][info][gc,phases,start] GC(526) Phase 3: Adjust pointers
[142.607s][info][gc,phases      ] GC(526) Phase 3: Adjust pointers 37.214ms
[142.607s][info][gc,phases,start] GC(526) Phase 4: Move objects
[142.607s][info][gc,phases      ] GC(526) Phase 4: Move objects 0.100ms
[142.608s][info][gc,heap        ] GC(526) DefNew: 255933K(1132928K)->0K(1132928K) Eden: 255059K(1007104K)->0K(1007104K) From: 873K(125824K)->0K(125824K)
[142.608s][info][gc,heap        ] GC(526) Tenured: 1420312K(2517408K)->1420498K(2517408K)
[142.608s][info][gc,metaspace   ] GC(526) Metaspace: 120720K(125248K)->120720K(125248K) NonClass: 104584K(105280K)->104584K(105280K) Class: 16136K(19968K)->16136K(19968K)
[142.608s][info][gc             ] GC(526) Pause Full (System.gc()) 1636M->1387M(3564M) 184.023ms
[142.608s][info][gc,cpu         ] GC(526) User=0.19s Sys=0.00s Real=0.19s
[142.752s][info][gc,start       ] GC(527) Pause Young (Allocation Failure)
[142.765s][info][gc,heap        ] GC(527) DefNew: 1007104K(1132928K)->6548K(1132928K) Eden: 1007104K(1007104K)->0K(1007104K) From: 0K(125824K)->6548K(125824K)
[142.765s][info][gc,heap        ] GC(527) Tenured: 1420498K(2517408K)->1420498K(2517408K)
[142.765s][info][gc,metaspace   ] GC(527) Metaspace: 120769K(125248K)->120769K(125248K) NonClass: 104633K(105280K)->104633K(105280K) Class: 16136K(19968K)->16136K(19968K)
[142.765s][info][gc             ] GC(527) Pause Young (Allocation Failure) 2370M->1393M(3564M) 12.477ms
[142.765s][info][gc,cpu         ] GC(527) User=0.03s Sys=0.00s Real=0.02s
[142.833s][info][gc,start       ] GC(528) Pause Young (Allocation Failure)
[142.841s][info][gc,heap        ] GC(528) DefNew: 1013652K(1132928K)->6613K(1132928K) Eden: 1007104K(1007104K)->0K(1007104K) From: 6548K(125824K)->6613K(125824K)
[142.841s][info][gc,heap        ] GC(528) Tenured: 1420498K(2517408K)->1420498K(2517408K)
[142.841s][info][gc,metaspace   ] GC(528) Metaspace: 120769K(125248K)->120769K(125248K) NonClass: 104633K(105280K)->104633K(105280K) Class: 16136K(19968K)->16136K(19968K)
[142.841s][info][gc             ] GC(528) Pause Young (Allocation Failure) 2377M->1393M(3564M) 7.988ms
[142.841s][info][gc,cpu         ] GC(528) User=0.00s Sys=0.00s Real=0.00s
[142.909s][info][gc,start       ] GC(529) Pause Young (Allocation Failure)
[142.917s][info][gc,heap        ] GC(529) DefNew: 1013717K(1132928K)->6597K(1132928K) Eden: 1007104K(1007104K)->0K(1007104K) From: 6613K(125824K)->6597K(125824K)
[142.917s][info][gc,heap        ] GC(529) Tenured: 1420498K(2517408K)->1420498K(2517408K)
[142.917s][info][gc,metaspace   ] GC(529) Metaspace: 120769K(125248K)->120769K(125248K) NonClass: 104633K(105280K)->104633K(105280K) Class: 16136K(19968K)->16136K(19968K)
[142.917s][info][gc             ] GC(529) Pause Young (Allocation Failure) 2377M->1393M(3564M) 7.953ms
[142.917s][info][gc,cpu         ] GC(529) User=0.00s Sys=0.00s Real=0.00s
[142.985s][info][gc,start       ] GC(530) Pause Young (Allocation Failure)
[142.994s][info][gc,heap        ] GC(530) DefNew: 1013701K(1132928K)->6605K(1132928K) Eden: 1007104K(1007104K)->0K(1007104K) From: 6597K(125824K)->6605K(125824K)
[142.994s][info][gc,heap        ] GC(530) Tenured: 1420498K(2517408K)->1420498K(2517408K)
[142.994s][info][gc,metaspace   ] GC(530) Metaspace: 120769K(125248K)->120769K(125248K) NonClass: 104633K(105280K)->104633K(105280K) Class: 16136K(19968K)->16136K(19968K)
[142.994s][info][gc             ] GC(530) Pause Young (Allocation Failure) 2377M->1393M(3564M) 9.438ms
[142.994s][info][gc,cpu         ] GC(530) User=0.02s Sys=0.00s Real=0.02s
[143.063s][info][gc,start       ] GC(531) Pause Young (Allocation Failure)
[143.072s][info][gc,heap        ] GC(531) DefNew: 1013709K(1132928K)->6625K(1132928K) Eden: 1007104K(1007104K)->0K(1007104K) From: 6605K(125824K)->6625K(125824K)
[143.072s][info][gc,heap        ] GC(531) Tenured: 1420498K(2517408K)->1420498K(2517408K)
[143.072s][info][gc,metaspace   ] GC(531) Metaspace: 120769K(125248K)->120769K(125248K) NonClass: 104633K(105280K)->104633K(105280K) Class: 16136K(19968K)->16136K(19968K)
[143.072s][info][gc             ] GC(531) Pause Young (Allocation Failure) 2377M->1393M(3564M) 9.255ms
[143.072s][info][gc,cpu         ] GC(531) User=0.02s Sys=0.00s Real=0.02s
[143.140s][info][gc,start       ] GC(532) Pause Young (Allocation Failure)
[143.148s][info][gc,heap        ] GC(532) DefNew: 1013729K(1132928K)->6607K(1132928K) Eden: 1007104K(1007104K)->0K(1007104K) From: 6625K(125824K)->6607K(125824K)
[143.148s][info][gc,heap        ] GC(532) Tenured: 1420498K(2517408K)->1420498K(2517408K)
[143.148s][info][gc,metaspace   ] GC(532) Metaspace: 120769K(125248K)->120769K(125248K) NonClass: 104633K(105280K)->104633K(105280K) Class: 16136K(19968K)->16136K(19968K)
[143.148s][info][gc             ] GC(532) Pause Young (Allocation Failure) 2377M->1393M(3564M) 7.918ms
[143.148s][info][gc,cpu         ] GC(532) User=0.00s Sys=0.00s Real=0.00s
[143.216s][info][gc,start       ] GC(533) Pause Young (Allocation Failure)
[143.224s][info][gc,heap        ] GC(533) DefNew: 1013711K(1132928K)->6602K(1132928K) Eden: 1007104K(1007104K)->0K(1007104K) From: 6607K(125824K)->6602K(125824K)
[143.224s][info][gc,heap        ] GC(533) Tenured: 1420498K(2517408K)->1420498K(2517408K)
[143.224s][info][gc,metaspace   ] GC(533) Metaspace: 120769K(125248K)->120769K(125248K) NonClass: 104633K(105280K)->104633K(105280K) Class: 16136K(19968K)->16136K(19968K)
[143.224s][info][gc             ] GC(533) Pause Young (Allocation Failure) 2377M->1393M(3564M) 7.888ms
[143.224s][info][gc,cpu         ] GC(533) User=0.00s Sys=0.00s Real=0.00s
[143.292s][info][gc,start       ] GC(534) Pause Young (Allocation Failure)
[143.300s][info][gc,heap        ] GC(534) DefNew: 1013706K(1132928K)->6632K(1132928K) Eden: 1007104K(1007104K)->0K(1007104K) From: 6602K(125824K)->6632K(125824K)
[143.300s][info][gc,heap        ] GC(534) Tenured: 1420498K(2517408K)->1420498K(2517408K)
[143.300s][info][gc,metaspace   ] GC(534) Metaspace: 120769K(125248K)->120769K(125248K) NonClass: 104633K(105280K)->104633K(105280K) Class: 16136K(19968K)->16136K(19968K)
[143.300s][info][gc             ] GC(534) Pause Young (Allocation Failure) 2377M->1393M(3564M) 8.030ms
[143.300s][info][gc,cpu         ] GC(534) User=0.00s Sys=0.00s Real=0.00s
[143.368s][info][gc,start       ] GC(535) Pause Young (Allocation Failure)
[143.377s][info][gc,heap        ] GC(535) DefNew: 1013736K(1132928K)->6611K(1132928K) Eden: 1007104K(1007104K)->0K(1007104K) From: 6632K(125824K)->6611K(125824K)
[143.377s][info][gc,heap        ] GC(535) Tenured: 1420498K(2517408K)->1420498K(2517408K)
[143.377s][info][gc,metaspace   ] GC(535) Metaspace: 120769K(125248K)->120769K(125248K) NonClass: 104633K(105280K)->104633K(105280K) Class: 16136K(19968K)->16136K(19968K)
[143.377s][info][gc             ] GC(535) Pause Young (Allocation Failure) 2377M->1393M(3564M) 9.455ms
[143.377s][info][gc,cpu         ] GC(535) User=0.02s Sys=0.00s Real=0.01s
[143.445s][info][gc,start       ] GC(536) Pause Young (Allocation Failure)
[143.455s][info][gc,heap        ] GC(536) DefNew: 1013715K(1132928K)->6615K(1132928K) Eden: 1007104K(1007104K)->0K(1007104K) From: 6611K(125824K)->6615K(125824K)
[143.455s][info][gc,heap        ] GC(536) Tenured: 1420498K(2517408K)->1420498K(2517408K)
[143.455s][info][gc,metaspace   ] GC(536) Metaspace: 120769K(125248K)->120769K(125248K) NonClass: 104633K(105280K)->104633K(105280K) Class: 16136K(19968K)->16136K(19968K)
[143.455s][info][gc             ] GC(536) Pause Young (Allocation Failure) 2377M->1393M(3564M) 9.245ms
[143.455s][info][gc,cpu         ] GC(536) User=0.02s Sys=0.00s Real=0.02s
[143.523s][info][gc,start       ] GC(537) Pause Young (Allocation Failure)
[143.531s][info][gc,heap        ] GC(537) DefNew: 1013719K(1132928K)->6607K(1132928K) Eden: 1007104K(1007104K)->0K(1007104K) From: 6615K(125824K)->6607K(125824K)
[143.531s][info][gc,heap        ] GC(537) Tenured: 1420498K(2517408K)->1420498K(2517408K)
[143.531s][info][gc,metaspace   ] GC(537) Metaspace: 120769K(125248K)->120769K(125248K) NonClass: 104633K(105280K)->104633K(105280K) Class: 16136K(19968K)->16136K(19968K)
[143.531s][info][gc             ] GC(537) Pause Young (Allocation Failure) 2377M->1393M(3564M) 7.911ms
[143.531s][info][gc,cpu         ] GC(537) User=0.02s Sys=0.00s Real=0.02s
[143.599s][info][gc,start       ] GC(538) Pause Young (Allocation Failure)
[143.607s][info][gc,heap        ] GC(538) DefNew: 1013711K(1132928K)->6615K(1132928K) Eden: 1007104K(1007104K)->0K(1007104K) From: 6607K(125824K)->6615K(125824K)
[143.607s][info][gc,heap        ] GC(538) Tenured: 1420498K(2517408K)->1420498K(2517408K)
[143.607s][info][gc,metaspace   ] GC(538) Metaspace: 120769K(125248K)->120769K(125248K) NonClass: 104633K(105280K)->104633K(105280K) Class: 16136K(19968K)->16136K(19968K)
[143.607s][info][gc             ] GC(538) Pause Young (Allocation Failure) 2377M->1393M(3564M) 7.910ms
[143.607s][info][gc,cpu         ] GC(538) User=0.00s Sys=0.00s Real=0.00s
[143.675s][info][gc,start       ] GC(539) Pause Young (Allocation Failure)
[143.683s][info][gc,heap        ] GC(539) DefNew: 1013719K(1132928K)->6602K(1132928K) Eden: 1007104K(1007104K)->0K(1007104K) From: 6615K(125824K)->6602K(125824K)
[143.683s][info][gc,heap        ] GC(539) Tenured: 1420498K(2517408K)->1420498K(2517408K)
[143.683s][info][gc,metaspace   ] GC(539) Metaspace: 120769K(125248K)->120769K(125248K) NonClass: 104633K(105280K)->104633K(105280K) Class: 16136K(19968K)->16136K(19968K)
[143.683s][info][gc             ] GC(539) Pause Young (Allocation Failure) 2377M->1393M(3564M) 7.874ms
[143.683s][info][gc,cpu         ] GC(539) User=0.00s Sys=0.00s Real=0.00s
[143.752s][info][gc,start       ] GC(540) Pause Young (Allocation Failure)
[143.760s][info][gc,heap        ] GC(540) DefNew: 1013706K(1132928K)->6716K(1132928K) Eden: 1007104K(1007104K)->0K(1007104K) From: 6602K(125824K)->6716K(125824K)
[143.760s][info][gc,heap        ] GC(540) Tenured: 1420498K(2517408K)->1420498K(2517408K)
[143.760s][info][gc,metaspace   ] GC(540) Metaspace: 120769K(125248K)->120769K(125248K) NonClass: 104633K(105280K)->104633K(105280K) Class: 16136K(19968K)->16136K(19968K)
[143.760s][info][gc             ] GC(540) Pause Young (Allocation Failure) 2377M->1393M(3564M) 8.161ms
[143.760s][info][gc,cpu         ] GC(540) User=0.00s Sys=0.00s Real=0.00s
[143.828s][info][gc,start       ] GC(541) Pause Young (Allocation Failure)
[143.837s][info][gc,heap        ] GC(541) DefNew: 1013820K(1132928K)->6656K(1132928K) Eden: 1007104K(1007104K)->0K(1007104K) From: 6716K(125824K)->6656K(125824K)
[143.837s][info][gc,heap        ] GC(541) Tenured: 1420498K(2517408K)->1420498K(2517408K)
[143.837s][info][gc,metaspace   ] GC(541) Metaspace: 120769K(125248K)->120769K(125248K) NonClass: 104633K(105280K)->104633K(105280K) Class: 16136K(19968K)->16136K(19968K)
[143.837s][info][gc             ] GC(541) Pause Young (Allocation Failure) 2377M->1393M(3564M) 9.836ms
[143.837s][info][gc,cpu         ] GC(541) User=0.00s Sys=0.00s Real=0.00s
[143.907s][info][gc,start       ] GC(542) Pause Young (Allocation Failure)
[143.918s][info][gc,heap        ] GC(542) DefNew: 1013760K(1132928K)->711K(1132928K) Eden: 1007104K(1007104K)->0K(1007104K) From: 6656K(125824K)->711K(125824K)
[143.918s][info][gc,heap        ] GC(542) Tenured: 1420498K(2517408K)->1426795K(2517408K)
[143.918s][info][gc,metaspace   ] GC(542) Metaspace: 120769K(125248K)->120769K(125248K) NonClass: 104633K(105280K)->104633K(105280K) Class: 16136K(19968K)->16136K(19968K)
[143.918s][info][gc             ] GC(542) Pause Young (Allocation Failure) 2377M->1394M(3564M) 11.244ms
[143.918s][info][gc,cpu         ] GC(542) User=0.02s Sys=0.00s Real=0.02s
[144.509s][info][gc,start       ] GC(543) Pause Full (System.gc())
[144.509s][info][gc,phases,start] GC(543) Phase 1: Mark live objects
[144.583s][info][gc,phases      ] GC(543) Phase 1: Mark live objects 73.564ms
[144.583s][info][gc,phases,start] GC(543) Phase 2: Compute new object addresses
[144.651s][info][gc,phases      ] GC(543) Phase 2: Compute new object addresses 68.003ms
[144.651s][info][gc,phases,start] GC(543) Phase 3: Adjust pointers
[144.690s][info][gc,phases      ] GC(543) Phase 3: Adjust pointers 38.916ms
[144.698s][info][gc,phases,start] GC(543) Phase 4: Move objects
[144.943s][info][gc,phases      ] GC(543) Phase 4: Move objects 245.452ms
[144.944s][info][gc,heap        ] GC(543) DefNew: 248475K(1132928K)->0K(1132928K) Eden: 247763K(1007104K)->0K(1007104K) From: 711K(125824K)->0K(125824K)
[144.944s][info][gc,heap        ] GC(543) Tenured: 1426795K(2517408K)->1401365K(2517408K)
[144.944s][info][gc,metaspace   ] GC(543) Metaspace: 120784K(125248K)->120784K(125248K) NonClass: 104647K(105280K)->104647K(105280K) Class: 16136K(19968K)->16136K(19968K)
[144.944s][info][gc             ] GC(543) Pause Full (System.gc()) 1636M->1368M(3564M) 435.592ms
[144.945s][info][gc,cpu         ] GC(543) User=0.45s Sys=0.00s Real=0.44s
[145.083s][info][gc,start       ] GC(544) Pause Young (Allocation Failure)
[145.096s][info][gc,heap        ] GC(544) DefNew: 1007104K(1132928K)->6602K(1132928K) Eden: 1007104K(1007104K)->0K(1007104K) From: 0K(125824K)->6602K(125824K)
[145.096s][info][gc,heap        ] GC(544) Tenured: 1401365K(2517408K)->1401365K(2517408K)
[145.096s][info][gc,metaspace   ] GC(544) Metaspace: 120819K(125376K)->120819K(125376K) NonClass: 104683K(105408K)->104683K(105408K) Class: 16136K(19968K)->16136K(19968K)
[145.096s][info][gc             ] GC(544) Pause Young (Allocation Failure) 2352M->1374M(3564M) 12.328ms
[145.096s][info][gc,cpu         ] GC(544) User=0.00s Sys=0.00s Real=0.00s
[145.164s][info][gc,start       ] GC(545) Pause Young (Allocation Failure)
[145.172s][info][gc,heap        ] GC(545) DefNew: 1013706K(1132928K)->6623K(1132928K) Eden: 1007104K(1007104K)->0K(1007104K) From: 6602K(125824K)->6623K(125824K)
[145.172s][info][gc,heap        ] GC(545) Tenured: 1401365K(2517408K)->1401365K(2517408K)
[145.172s][info][gc,metaspace   ] GC(545) Metaspace: 120819K(125376K)->120819K(125376K) NonClass: 104683K(105408K)->104683K(105408K) Class: 16136K(19968K)->16136K(19968K)
[145.172s][info][gc             ] GC(545) Pause Young (Allocation Failure) 2358M->1374M(3564M) 8.326ms
[145.172s][info][gc,cpu         ] GC(545) User=0.05s Sys=0.00s Real=0.02s
[145.240s][info][gc,start       ] GC(546) Pause Young (Allocation Failure)
[145.249s][info][gc,heap        ] GC(546) DefNew: 1013727K(1132928K)->6627K(1132928K) Eden: 1007104K(1007104K)->0K(1007104K) From: 6623K(125824K)->6627K(125824K)
[145.249s][info][gc,heap        ] GC(546) Tenured: 1401365K(2517408K)->1401365K(2517408K)
[145.249s][info][gc,metaspace   ] GC(546) Metaspace: 120819K(125376K)->120819K(125376K) NonClass: 104683K(105408K)->104683K(105408K) Class: 16136K(19968K)->16136K(19968K)
[145.249s][info][gc             ] GC(546) Pause Young (Allocation Failure) 2358M->1374M(3564M) 9.490ms
[145.249s][info][gc,cpu         ] GC(546) User=0.00s Sys=0.00s Real=0.00s
[145.317s][info][gc,start       ] GC(547) Pause Young (Allocation Failure)
[145.327s][info][gc,heap        ] GC(547) DefNew: 1013731K(1132928K)->6598K(1132928K) Eden: 1007104K(1007104K)->0K(1007104K) From: 6627K(125824K)->6598K(125824K)
[145.327s][info][gc,heap        ] GC(547) Tenured: 1401365K(2517408K)->1401365K(2517408K)
[145.327s][info][gc,metaspace   ] GC(547) Metaspace: 120819K(125376K)->120819K(125376K) NonClass: 104683K(105408K)->104683K(105408K) Class: 16136K(19968K)->16136K(19968K)
[145.327s][info][gc             ] GC(547) Pause Young (Allocation Failure) 2358M->1374M(3564M) 9.282ms
[145.327s][info][gc,cpu         ] GC(547) User=0.00s Sys=0.02s Real=0.01s
[145.394s][info][gc,start       ] GC(548) Pause Young (Allocation Failure)
[145.402s][info][gc,heap        ] GC(548) DefNew: 1013702K(1132928K)->6612K(1132928K) Eden: 1007104K(1007104K)->0K(1007104K) From: 6598K(125824K)->6612K(125824K)
[145.402s][info][gc,heap        ] GC(548) Tenured: 1401365K(2517408K)->1401365K(2517408K)
[145.402s][info][gc,metaspace   ] GC(548) Metaspace: 120819K(125376K)->120819K(125376K) NonClass: 104683K(105408K)->104683K(105408K) Class: 16136K(19968K)->16136K(19968K)
[145.402s][info][gc             ] GC(548) Pause Young (Allocation Failure) 2358M->1374M(3564M) 8.014ms
[145.402s][info][gc,cpu         ] GC(548) User=0.00s Sys=0.00s Real=0.00s
[145.469s][info][gc,start       ] GC(549) Pause Young (Allocation Failure)
[145.477s][info][gc,heap        ] GC(549) DefNew: 1013716K(1132928K)->6642K(1132928K) Eden: 1007104K(1007104K)->0K(1007104K) From: 6612K(125824K)->6642K(125824K)
[145.477s][info][gc,heap        ] GC(549) Tenured: 1401365K(2517408K)->1401365K(2517408K)
[145.477s][info][gc,metaspace   ] GC(549) Metaspace: 120819K(125376K)->120819K(125376K) NonClass: 104683K(105408K)->104683K(105408K) Class: 16136K(19968K)->16136K(19968K)
[145.477s][info][gc             ] GC(549) Pause Young (Allocation Failure) 2358M->1375M(3564M) 7.974ms
[145.477s][info][gc,cpu         ] GC(549) User=0.00s Sys=0.00s Real=0.00s
[145.545s][info][gc,start       ] GC(550) Pause Young (Allocation Failure)
[145.553s][info][gc,heap        ] GC(550) DefNew: 1013746K(1132928K)->6630K(1132928K) Eden: 1007104K(1007104K)->0K(1007104K) From: 6642K(125824K)->6630K(125824K)
[145.553s][info][gc,heap        ] GC(550) Tenured: 1401365K(2517408K)->1401365K(2517408K)
[145.553s][info][gc,metaspace   ] GC(550) Metaspace: 120819K(125376K)->120819K(125376K) NonClass: 104683K(105408K)->104683K(105408K) Class: 16136K(19968K)->16136K(19968K)
[145.553s][info][gc             ] GC(550) Pause Young (Allocation Failure) 2358M->1374M(3564M) 7.962ms
[145.553s][info][gc,cpu         ] GC(550) User=0.00s Sys=0.00s Real=0.00s
[145.620s][info][gc,start       ] GC(551) Pause Young (Allocation Failure)
[145.628s][info][gc,heap        ] GC(551) DefNew: 1013734K(1132928K)->6623K(1132928K) Eden: 1007104K(1007104K)->0K(1007104K) From: 6630K(125824K)->6623K(125824K)
[145.628s][info][gc,heap        ] GC(551) Tenured: 1401365K(2517408K)->1401365K(2517408K)
[145.628s][info][gc,metaspace   ] GC(551) Metaspace: 120819K(125376K)->120819K(125376K) NonClass: 104683K(105408K)->104683K(105408K) Class: 16136K(19968K)->16136K(19968K)
[145.628s][info][gc             ] GC(551) Pause Young (Allocation Failure) 2358M->1374M(3564M) 7.904ms
[145.628s][info][gc,cpu         ] GC(551) User=0.00s Sys=0.00s Real=0.00s
[145.695s][info][gc,start       ] GC(552) Pause Young (Allocation Failure)
[145.703s][info][gc,heap        ] GC(552) DefNew: 1013727K(1132928K)->6610K(1132928K) Eden: 1007104K(1007104K)->0K(1007104K) From: 6623K(125824K)->6610K(125824K)
[145.703s][info][gc,heap        ] GC(552) Tenured: 1401365K(2517408K)->1401365K(2517408K)
[145.703s][info][gc,metaspace   ] GC(552) Metaspace: 120819K(125376K)->120819K(125376K) NonClass: 104683K(105408K)->104683K(105408K) Class: 16136K(19968K)->16136K(19968K)
[145.703s][info][gc             ] GC(552) Pause Young (Allocation Failure) 2358M->1374M(3564M) 7.832ms
[145.703s][info][gc,cpu         ] GC(552) User=0.00s Sys=0.00s Real=0.00s
[145.771s][info][gc,start       ] GC(553) Pause Young (Allocation Failure)
[145.778s][info][gc,heap        ] GC(553) DefNew: 1013714K(1132928K)->6609K(1132928K) Eden: 1007104K(1007104K)->0K(1007104K) From: 6610K(125824K)->6609K(125824K)
[145.778s][info][gc,heap        ] GC(553) Tenured: 1401365K(2517408K)->1401365K(2517408K)
[145.778s][info][gc,metaspace   ] GC(553) Metaspace: 120819K(125376K)->120819K(125376K) NonClass: 104683K(105408K)->104683K(105408K) Class: 16136K(19968K)->16136K(19968K)
[145.778s][info][gc             ] GC(553) Pause Young (Allocation Failure) 2358M->1374M(3564M) 7.908ms
[145.779s][info][gc,cpu         ] GC(553) User=0.00s Sys=0.00s Real=0.00s
[145.846s][info][gc,start       ] GC(554) Pause Young (Allocation Failure)
[145.854s][info][gc,heap        ] GC(554) DefNew: 1013713K(1132928K)->6622K(1132928K) Eden: 1007104K(1007104K)->0K(1007104K) From: 6609K(125824K)->6622K(125824K)
[145.854s][info][gc,heap        ] GC(554) Tenured: 1401365K(2517408K)->1401365K(2517408K)
[145.854s][info][gc,metaspace   ] GC(554) Metaspace: 120819K(125376K)->120819K(125376K) NonClass: 104683K(105408K)->104683K(105408K) Class: 16136K(19968K)->16136K(19968K)
[145.854s][info][gc             ] GC(554) Pause Young (Allocation Failure) 2358M->1374M(3564M) 7.924ms
[145.854s][info][gc,cpu         ] GC(554) User=0.00s Sys=0.00s Real=0.00s
[145.921s][info][gc,start       ] GC(555) Pause Young (Allocation Failure)
[145.929s][info][gc,heap        ] GC(555) DefNew: 1013726K(1132928K)->6619K(1132928K) Eden: 1007104K(1007104K)->0K(1007104K) From: 6622K(125824K)->6619K(125824K)
[145.929s][info][gc,heap        ] GC(555) Tenured: 1401365K(2517408K)->1401365K(2517408K)
[145.929s][info][gc,metaspace   ] GC(555) Metaspace: 120819K(125376K)->120819K(125376K) NonClass: 104683K(105408K)->104683K(105408K) Class: 16136K(19968K)->16136K(19968K)
[145.929s][info][gc             ] GC(555) Pause Young (Allocation Failure) 2358M->1374M(3564M) 8.026ms
[145.929s][info][gc,cpu         ] GC(555) User=0.02s Sys=0.00s Real=0.01s
[145.996s][info][gc,start       ] GC(556) Pause Young (Allocation Failure)
[146.005s][info][gc,heap        ] GC(556) DefNew: 1013723K(1132928K)->6831K(1132928K) Eden: 1007104K(1007104K)->0K(1007104K) From: 6619K(125824K)->6831K(125824K)
[146.005s][info][gc,heap        ] GC(556) Tenured: 1401365K(2517408K)->1401365K(2517408K)
[146.005s][info][gc,metaspace   ] GC(556) Metaspace: 120819K(125376K)->120819K(125376K) NonClass: 104683K(105408K)->104683K(105408K) Class: 16136K(19968K)->16136K(19968K)
[146.005s][info][gc             ] GC(556) Pause Young (Allocation Failure) 2358M->1375M(3564M) 8.186ms
[146.005s][info][gc,cpu         ] GC(556) User=0.02s Sys=0.00s Real=0.02s
[146.072s][info][gc,start       ] GC(557) Pause Young (Allocation Failure)
[146.080s][info][gc,heap        ] GC(557) DefNew: 1013935K(1132928K)->6747K(1132928K) Eden: 1007104K(1007104K)->0K(1007104K) From: 6831K(125824K)->6747K(125824K)
[146.080s][info][gc,heap        ] GC(557) Tenured: 1401365K(2517408K)->1401365K(2517408K)
[146.080s][info][gc,metaspace   ] GC(557) Metaspace: 120819K(125376K)->120819K(125376K) NonClass: 104683K(105408K)->104683K(105408K) Class: 16136K(19968K)->16136K(19968K)
[146.080s][info][gc             ] GC(557) Pause Young (Allocation Failure) 2358M->1375M(3564M) 8.057ms
[146.080s][info][gc,cpu         ] GC(557) User=0.02s Sys=0.00s Real=0.02s
[146.148s][info][gc,start       ] GC(558) Pause Young (Allocation Failure)
[146.156s][info][gc,heap        ] GC(558) DefNew: 1013851K(1132928K)->6637K(1132928K) Eden: 1007104K(1007104K)->0K(1007104K) From: 6747K(125824K)->6637K(125824K)
[146.156s][info][gc,heap        ] GC(558) Tenured: 1401365K(2517408K)->1401365K(2517408K)
[146.156s][info][gc,metaspace   ] GC(558) Metaspace: 120819K(125376K)->120819K(125376K) NonClass: 104683K(105408K)->104683K(105408K) Class: 16136K(19968K)->16136K(19968K)
[146.156s][info][gc             ] GC(558) Pause Young (Allocation Failure) 2358M->1375M(3564M) 8.068ms
[146.156s][info][gc,cpu         ] GC(558) User=0.00s Sys=0.00s Real=0.00s
[146.225s][info][gc,start       ] GC(559) Pause Young (Allocation Failure)
[146.236s][info][gc,heap        ] GC(559) DefNew: 1013741K(1132928K)->1496K(1132928K) Eden: 1007104K(1007104K)->0K(1007104K) From: 6637K(125824K)->1496K(125824K)
[146.236s][info][gc,heap        ] GC(559) Tenured: 1401365K(2517408K)->1407495K(2517408K)
[146.236s][info][gc,metaspace   ] GC(559) Metaspace: 120819K(125376K)->120819K(125376K) NonClass: 104683K(105408K)->104683K(105408K) Class: 16136K(19968K)->16136K(19968K)
[146.237s][info][gc             ] GC(559) Pause Young (Allocation Failure) 2358M->1375M(3564M) 11.052ms
[146.237s][info][gc,cpu         ] GC(559) User=0.02s Sys=0.00s Real=0.02s
[146.835s][info][gc,start       ] GC(560) Pause Full (System.gc())
[146.836s][info][gc,phases,start] GC(560) Phase 1: Mark live objects
[146.913s][info][gc,phases      ] GC(560) Phase 1: Mark live objects 77.855ms
[146.913s][info][gc,phases,start] GC(560) Phase 2: Compute new object addresses
[146.983s][info][gc,phases      ] GC(560) Phase 2: Compute new object addresses 69.796ms
[146.983s][info][gc,phases,start] GC(560) Phase 3: Adjust pointers
[147.021s][info][gc,phases      ] GC(560) Phase 3: Adjust pointers 37.202ms
[147.021s][info][gc,phases,start] GC(560) Phase 4: Move objects
[147.021s][info][gc,phases      ] GC(560) Phase 4: Move objects 0.096ms
[147.021s][info][gc,heap        ] GC(560) DefNew: 252881K(1132928K)->0K(1132928K) Eden: 251385K(1007104K)->0K(1007104K) From: 1496K(125824K)->0K(125824K)
[147.022s][info][gc,heap        ] GC(560) Tenured: 1407495K(2517408K)->1407683K(2517408K)
[147.022s][info][gc,metaspace   ] GC(560) Metaspace: 120820K(125376K)->120820K(125376K) NonClass: 104684K(105408K)->104684K(105408K) Class: 16136K(19968K)->16136K(19968K)
[147.022s][info][gc             ] GC(560) Pause Full (System.gc()) 1621M->1374M(3564M) 186.244ms
[147.022s][info][gc,cpu         ] GC(560) User=0.19s Sys=0.00s Real=0.19s
[147.154s][info][gc,start       ] GC(561) Pause Young (Allocation Failure)
[147.166s][info][gc,heap        ] GC(561) DefNew: 1007104K(1132928K)->6599K(1132928K) Eden: 1007104K(1007104K)->0K(1007104K) From: 0K(125824K)->6599K(125824K)
[147.166s][info][gc,heap        ] GC(561) Tenured: 1407683K(2517408K)->1407683K(2517408K)
[147.166s][info][gc,metaspace   ] GC(561) Metaspace: 120898K(125440K)->120898K(125440K) NonClass: 104762K(105472K)->104762K(105472K) Class: 16136K(19968K)->16136K(19968K)
[147.166s][info][gc             ] GC(561) Pause Young (Allocation Failure) 2358M->1381M(3564M) 12.297ms
[147.166s][info][gc,cpu         ] GC(561) User=0.02s Sys=0.00s Real=0.02s
[147.234s][info][gc,start       ] GC(562) Pause Young (Allocation Failure)
[147.242s][info][gc,heap        ] GC(562) DefNew: 1013703K(1132928K)->6616K(1132928K) Eden: 1007104K(1007104K)->0K(1007104K) From: 6599K(125824K)->6616K(125824K)
[147.242s][info][gc,heap        ] GC(562) Tenured: 1407683K(2517408K)->1407683K(2517408K)
[147.242s][info][gc,metaspace   ] GC(562) Metaspace: 120898K(125440K)->120898K(125440K) NonClass: 104762K(105472K)->104762K(105472K) Class: 16136K(19968K)->16136K(19968K)
[147.242s][info][gc             ] GC(562) Pause Young (Allocation Failure) 2364M->1381M(3564M) 7.881ms
[147.242s][info][gc,cpu         ] GC(562) User=0.00s Sys=0.00s Real=0.00s
[147.310s][info][gc,start       ] GC(563) Pause Young (Allocation Failure)
[147.318s][info][gc,heap        ] GC(563) DefNew: 1013720K(1132928K)->6625K(1132928K) Eden: 1007104K(1007104K)->0K(1007104K) From: 6616K(125824K)->6625K(125824K)
[147.318s][info][gc,heap        ] GC(563) Tenured: 1407683K(2517408K)->1407683K(2517408K)
[147.318s][info][gc,metaspace   ] GC(563) Metaspace: 120898K(125440K)->120898K(125440K) NonClass: 104762K(105472K)->104762K(105472K) Class: 16136K(19968K)->16136K(19968K)
[147.318s][info][gc             ] GC(563) Pause Young (Allocation Failure) 2364M->1381M(3564M) 7.902ms
[147.318s][info][gc,cpu         ] GC(563) User=0.00s Sys=0.00s Real=0.00s
[147.386s][info][gc,start       ] GC(564) Pause Young (Allocation Failure)
[147.394s][info][gc,heap        ] GC(564) DefNew: 1013729K(1132928K)->6618K(1132928K) Eden: 1007104K(1007104K)->0K(1007104K) From: 6625K(125824K)->6618K(125824K)
[147.394s][info][gc,heap        ] GC(564) Tenured: 1407683K(2517408K)->1407683K(2517408K)
[147.394s][info][gc,metaspace   ] GC(564) Metaspace: 120898K(125440K)->120898K(125440K) NonClass: 104762K(105472K)->104762K(105472K) Class: 16136K(19968K)->16136K(19968K)
[147.394s][info][gc             ] GC(564) Pause Young (Allocation Failure) 2364M->1381M(3564M) 7.989ms
[147.394s][info][gc,cpu         ] GC(564) User=0.00s Sys=0.02s Real=0.01s
[147.462s][info][gc,start       ] GC(565) Pause Young (Allocation Failure)
[147.470s][info][gc,heap        ] GC(565) DefNew: 1013722K(1132928K)->6623K(1132928K) Eden: 1007104K(1007104K)->0K(1007104K) From: 6618K(125824K)->6623K(125824K)
[147.470s][info][gc,heap        ] GC(565) Tenured: 1407683K(2517408K)->1407683K(2517408K)
[147.470s][info][gc,metaspace   ] GC(565) Metaspace: 120898K(125440K)->120898K(125440K) NonClass: 104762K(105472K)->104762K(105472K) Class: 16136K(19968K)->16136K(19968K)
[147.470s][info][gc             ] GC(565) Pause Young (Allocation Failure) 2364M->1381M(3564M) 8.015ms
[147.470s][info][gc,cpu         ] GC(565) User=0.00s Sys=0.00s Real=0.00s
[147.538s][info][gc,start       ] GC(566) Pause Young (Allocation Failure)
[147.546s][info][gc,heap        ] GC(566) DefNew: 1013727K(1132928K)->6601K(1132928K) Eden: 1007104K(1007104K)->0K(1007104K) From: 6623K(125824K)->6601K(125824K)
[147.546s][info][gc,heap        ] GC(566) Tenured: 1407683K(2517408K)->1407683K(2517408K)
[147.546s][info][gc,metaspace   ] GC(566) Metaspace: 120898K(125440K)->120898K(125440K) NonClass: 104762K(105472K)->104762K(105472K) Class: 16136K(19968K)->16136K(19968K)
[147.546s][info][gc             ] GC(566) Pause Young (Allocation Failure) 2364M->1381M(3564M) 7.955ms
[147.546s][info][gc,cpu         ] GC(566) User=0.00s Sys=0.00s Real=0.00s
[147.614s][info][gc,start       ] GC(567) Pause Young (Allocation Failure)
[147.622s][info][gc,heap        ] GC(567) DefNew: 1013705K(1132928K)->6613K(1132928K) Eden: 1007104K(1007104K)->0K(1007104K) From: 6601K(125824K)->6613K(125824K)
[147.622s][info][gc,heap        ] GC(567) Tenured: 1407683K(2517408K)->1407683K(2517408K)
[147.622s][info][gc,metaspace   ] GC(567) Metaspace: 120898K(125440K)->120898K(125440K) NonClass: 104762K(105472K)->104762K(105472K) Class: 16136K(19968K)->16136K(19968K)
[147.622s][info][gc             ] GC(567) Pause Young (Allocation Failure) 2364M->1381M(3564M) 7.960ms
[147.622s][info][gc,cpu         ] GC(567) User=0.00s Sys=0.00s Real=0.00s
[147.690s][info][gc,start       ] GC(568) Pause Young (Allocation Failure)
[147.698s][info][gc,heap        ] GC(568) DefNew: 1013717K(1132928K)->6609K(1132928K) Eden: 1007104K(1007104K)->0K(1007104K) From: 6613K(125824K)->6609K(125824K)
[147.698s][info][gc,heap        ] GC(568) Tenured: 1407683K(2517408K)->1407683K(2517408K)
[147.698s][info][gc,metaspace   ] GC(568) Metaspace: 120898K(125440K)->120898K(125440K) NonClass: 104762K(105472K)->104762K(105472K) Class: 16136K(19968K)->16136K(19968K)
[147.698s][info][gc             ] GC(568) Pause Young (Allocation Failure) 2364M->1381M(3564M) 7.975ms
[147.698s][info][gc,cpu         ] GC(568) User=0.00s Sys=0.00s Real=0.00s
[147.766s][info][gc,start       ] GC(569) Pause Young (Allocation Failure)
[147.774s][info][gc,heap        ] GC(569) DefNew: 1013713K(1132928K)->6594K(1132928K) Eden: 1007104K(1007104K)->0K(1007104K) From: 6609K(125824K)->6594K(125824K)
[147.774s][info][gc,heap        ] GC(569) Tenured: 1407683K(2517408K)->1407683K(2517408K)
[147.774s][info][gc,metaspace   ] GC(569) Metaspace: 120898K(125440K)->120898K(125440K) NonClass: 104762K(105472K)->104762K(105472K) Class: 16136K(19968K)->16136K(19968K)
[147.774s][info][gc             ] GC(569) Pause Young (Allocation Failure) 2364M->1381M(3564M) 7.903ms
[147.774s][info][gc,cpu         ] GC(569) User=0.00s Sys=0.00s Real=0.00s
[147.842s][info][gc,start       ] GC(570) Pause Young (Allocation Failure)
[147.850s][info][gc,heap        ] GC(570) DefNew: 1013698K(1132928K)->6601K(1132928K) Eden: 1007104K(1007104K)->0K(1007104K) From: 6594K(125824K)->6601K(125824K)
[147.850s][info][gc,heap        ] GC(570) Tenured: 1407683K(2517408K)->1407683K(2517408K)
[147.850s][info][gc,metaspace   ] GC(570) Metaspace: 120898K(125440K)->120898K(125440K) NonClass: 104762K(105472K)->104762K(105472K) Class: 16136K(19968K)->16136K(19968K)
[147.850s][info][gc             ] GC(570) Pause Young (Allocation Failure) 2364M->1381M(3564M) 7.954ms
[147.850s][info][gc,cpu         ] GC(570) User=0.02s Sys=0.00s Real=0.02s
[147.918s][info][gc,start       ] GC(571) Pause Young (Allocation Failure)
[147.926s][info][gc,heap        ] GC(571) DefNew: 1013705K(1132928K)->6631K(1132928K) Eden: 1007104K(1007104K)->0K(1007104K) From: 6601K(125824K)->6631K(125824K)
[147.926s][info][gc,heap        ] GC(571) Tenured: 1407683K(2517408K)->1407683K(2517408K)
[147.926s][info][gc,metaspace   ] GC(571) Metaspace: 120898K(125440K)->120898K(125440K) NonClass: 104762K(105472K)->104762K(105472K) Class: 16136K(19968K)->16136K(19968K)
[147.926s][info][gc             ] GC(571) Pause Young (Allocation Failure) 2364M->1381M(3564M) 7.966ms
[147.926s][info][gc,cpu         ] GC(571) User=0.02s Sys=0.00s Real=0.02s
[147.995s][info][gc,start       ] GC(572) Pause Young (Allocation Failure)
[148.002s][info][gc,heap        ] GC(572) DefNew: 1013735K(1132928K)->6609K(1132928K) Eden: 1007104K(1007104K)->0K(1007104K) From: 6631K(125824K)->6609K(125824K)
[148.002s][info][gc,heap        ] GC(572) Tenured: 1407683K(2517408K)->1407683K(2517408K)
[148.002s][info][gc,metaspace   ] GC(572) Metaspace: 120898K(125440K)->120898K(125440K) NonClass: 104762K(105472K)->104762K(105472K) Class: 16136K(19968K)->16136K(19968K)
[148.003s][info][gc             ] GC(572) Pause Young (Allocation Failure) 2364M->1381M(3564M) 7.920ms
[148.003s][info][gc,cpu         ] GC(572) User=0.02s Sys=0.00s Real=0.02s
[148.071s][info][gc,start       ] GC(573) Pause Young (Allocation Failure)
[148.079s][info][gc,heap        ] GC(573) DefNew: 1013713K(1132928K)->6739K(1132928K) Eden: 1007104K(1007104K)->0K(1007104K) From: 6609K(125824K)->6739K(125824K)
[148.079s][info][gc,heap        ] GC(573) Tenured: 1407683K(2517408K)->1407683K(2517408K)
[148.079s][info][gc,metaspace   ] GC(573) Metaspace: 120898K(125440K)->120898K(125440K) NonClass: 104762K(105472K)->104762K(105472K) Class: 16136K(19968K)->16136K(19968K)
[148.079s][info][gc             ] GC(573) Pause Young (Allocation Failure) 2364M->1381M(3564M) 8.254ms
[148.079s][info][gc,cpu         ] GC(573) User=0.02s Sys=0.00s Real=0.02s
[148.148s][info][gc,start       ] GC(574) Pause Young (Allocation Failure)
[148.156s][info][gc,heap        ] GC(574) DefNew: 1013843K(1132928K)->6824K(1132928K) Eden: 1007104K(1007104K)->0K(1007104K) From: 6739K(125824K)->6824K(125824K)
[148.156s][info][gc,heap        ] GC(574) Tenured: 1407683K(2517408K)->1407683K(2517408K)
[148.156s][info][gc,metaspace   ] GC(574) Metaspace: 120898K(125440K)->120898K(125440K) NonClass: 104762K(105472K)->104762K(105472K) Class: 16136K(19968K)->16136K(19968K)
[148.156s][info][gc             ] GC(574) Pause Young (Allocation Failure) 2364M->1381M(3564M) 8.498ms
[148.156s][info][gc,cpu         ] GC(574) User=0.00s Sys=0.00s Real=0.00s
[148.224s][info][gc,start       ] GC(575) Pause Young (Allocation Failure)
[148.232s][info][gc,heap        ] GC(575) DefNew: 1013928K(1132928K)->6713K(1132928K) Eden: 1007104K(1007104K)->0K(1007104K) From: 6824K(125824K)->6713K(125824K)
[148.232s][info][gc,heap        ] GC(575) Tenured: 1407683K(2517408K)->1407683K(2517408K)
[148.232s][info][gc,metaspace   ] GC(575) Metaspace: 120898K(125440K)->120898K(125440K) NonClass: 104762K(105472K)->104762K(105472K) Class: 16136K(19968K)->16136K(19968K)
[148.232s][info][gc             ] GC(575) Pause Young (Allocation Failure) 2364M->1381M(3564M) 8.189ms
[148.232s][info][gc,cpu         ] GC(575) User=0.00s Sys=0.00s Real=0.00s
[148.302s][info][gc,start       ] GC(576) Pause Young (Allocation Failure)
[148.312s][info][gc,heap        ] GC(576) DefNew: 1013817K(1132928K)->781K(1132928K) Eden: 1007104K(1007104K)->0K(1007104K) From: 6713K(125824K)->781K(125824K)
[148.312s][info][gc,heap        ] GC(576) Tenured: 1407683K(2517408K)->1413994K(2517408K)
[148.312s][info][gc,metaspace   ] GC(576) Metaspace: 120898K(125440K)->120898K(125440K) NonClass: 104762K(105472K)->104762K(105472K) Class: 16136K(19968K)->16136K(19968K)
[148.312s][info][gc             ] GC(576) Pause Young (Allocation Failure) 2364M->1381M(3564M) 10.268ms
[148.312s][info][gc,cpu         ] GC(576) User=0.00s Sys=0.00s Real=0.00s
[148.903s][info][gc,start       ] GC(577) Pause Full (System.gc())
[148.903s][info][gc,phases,start] GC(577) Phase 1: Mark live objects
[148.978s][info][gc,phases      ] GC(577) Phase 1: Mark live objects 74.727ms
[148.978s][info][gc,phases,start] GC(577) Phase 2: Compute new object addresses
[149.047s][info][gc,phases      ] GC(577) Phase 2: Compute new object addresses 68.952ms
[149.047s][info][gc,phases,start] GC(577) Phase 3: Adjust pointers
[149.085s][info][gc,phases      ] GC(577) Phase 3: Adjust pointers 37.662ms
[149.085s][info][gc,phases,start] GC(577) Phase 4: Move objects
[149.085s][info][gc,phases      ] GC(577) Phase 4: Move objects 0.093ms
[149.086s][info][gc,heap        ] GC(577) DefNew: 251531K(1132928K)->0K(1132928K) Eden: 250750K(1007104K)->0K(1007104K) From: 781K(125824K)->0K(125824K)
[149.086s][info][gc,heap        ] GC(577) Tenured: 1413994K(2517408K)->1414184K(2517408K)
[149.086s][info][gc,metaspace   ] GC(577) Metaspace: 120899K(125440K)->120899K(125440K) NonClass: 104763K(105472K)->104763K(105472K) Class: 16136K(19968K)->16136K(19968K)
[149.086s][info][gc             ] GC(577) Pause Full (System.gc()) 1626M->1381M(3564M) 182.737ms
[149.086s][info][gc,cpu         ] GC(577) User=0.19s Sys=0.00s Real=0.19s
[149.227s][info][gc,start       ] GC(578) Pause Young (Allocation Failure)
[149.239s][info][gc,heap        ] GC(578) DefNew: 1007104K(1132928K)->6587K(1132928K) Eden: 1007104K(1007104K)->0K(1007104K) From: 0K(125824K)->6587K(125824K)
[149.239s][info][gc,heap        ] GC(578) Tenured: 1414184K(2517408K)->1414184K(2517408K)
[149.239s][info][gc,metaspace   ] GC(578) Metaspace: 120962K(125504K)->120962K(125504K) NonClass: 104826K(105536K)->104826K(105536K) Class: 16136K(19968K)->16136K(19968K)
[149.239s][info][gc             ] GC(578) Pause Young (Allocation Failure) 2364M->1387M(3564M) 12.412ms
[149.239s][info][gc,cpu         ] GC(578) User=0.02s Sys=0.00s Real=0.02s
[149.308s][info][gc,start       ] GC(579) Pause Young (Allocation Failure)
[149.319s][info][gc,heap        ] GC(579) DefNew: 1013691K(1132928K)->6614K(1132928K) Eden: 1007104K(1007104K)->0K(1007104K) From: 6587K(125824K)->6614K(125824K)
[149.319s][info][gc,heap        ] GC(579) Tenured: 1414184K(2517408K)->1414184K(2517408K)
[149.319s][info][gc,metaspace   ] GC(579) Metaspace: 120962K(125504K)->120962K(125504K) NonClass: 104826K(105536K)->104826K(105536K) Class: 16136K(19968K)->16136K(19968K)
[149.319s][info][gc             ] GC(579) Pause Young (Allocation Failure) 2370M->1387M(3564M) 11.218ms
[149.319s][info][gc,cpu         ] GC(579) User=0.02s Sys=0.02s Real=0.02s
[149.387s][info][gc,start       ] GC(580) Pause Young (Allocation Failure)
[149.395s][info][gc,heap        ] GC(580) DefNew: 1013718K(1132928K)->6585K(1132928K) Eden: 1007104K(1007104K)->0K(1007104K) From: 6614K(125824K)->6585K(125824K)
[149.395s][info][gc,heap        ] GC(580) Tenured: 1414184K(2517408K)->1414184K(2517408K)
[149.395s][info][gc,metaspace   ] GC(580) Metaspace: 120962K(125504K)->120962K(125504K) NonClass: 104826K(105536K)->104826K(105536K) Class: 16136K(19968K)->16136K(19968K)
[149.395s][info][gc             ] GC(580) Pause Young (Allocation Failure) 2370M->1387M(3564M) 7.864ms
[149.395s][info][gc,cpu         ] GC(580) User=0.00s Sys=0.00s Real=0.00s
[149.464s][info][gc,start       ] GC(581) Pause Young (Allocation Failure)
[149.471s][info][gc,heap        ] GC(581) DefNew: 1013689K(1132928K)->6602K(1132928K) Eden: 1007104K(1007104K)->0K(1007104K) From: 6585K(125824K)->6602K(125824K)
[149.471s][info][gc,heap        ] GC(581) Tenured: 1414184K(2517408K)->1414184K(2517408K)
[149.471s][info][gc,metaspace   ] GC(581) Metaspace: 120962K(125504K)->120962K(125504K) NonClass: 104826K(105536K)->104826K(105536K) Class: 16136K(19968K)->16136K(19968K)
[149.471s][info][gc             ] GC(581) Pause Young (Allocation Failure) 2370M->1387M(3564M) 7.865ms
[149.471s][info][gc,cpu         ] GC(581) User=0.00s Sys=0.00s Real=0.00s
[149.540s][info][gc,start       ] GC(582) Pause Young (Allocation Failure)
[149.547s][info][gc,heap        ] GC(582) DefNew: 1013706K(1132928K)->6618K(1132928K) Eden: 1007104K(1007104K)->0K(1007104K) From: 6602K(125824K)->6618K(125824K)
[149.547s][info][gc,heap        ] GC(582) Tenured: 1414184K(2517408K)->1414184K(2517408K)
[149.547s][info][gc,metaspace   ] GC(582) Metaspace: 120962K(125504K)->120962K(125504K) NonClass: 104826K(105536K)->104826K(105536K) Class: 16136K(19968K)->16136K(19968K)
[149.547s][info][gc             ] GC(582) Pause Young (Allocation Failure) 2370M->1387M(3564M) 7.811ms
[149.547s][info][gc,cpu         ] GC(582) User=0.00s Sys=0.00s Real=0.00s
[149.616s][info][gc,start       ] GC(583) Pause Young (Allocation Failure)
[149.623s][info][gc,heap        ] GC(583) DefNew: 1013722K(1132928K)->6613K(1132928K) Eden: 1007104K(1007104K)->0K(1007104K) From: 6618K(125824K)->6613K(125824K)
[149.623s][info][gc,heap        ] GC(583) Tenured: 1414184K(2517408K)->1414184K(2517408K)
[149.623s][info][gc,metaspace   ] GC(583) Metaspace: 120962K(125504K)->120962K(125504K) NonClass: 104826K(105536K)->104826K(105536K) Class: 16136K(19968K)->16136K(19968K)
[149.623s][info][gc             ] GC(583) Pause Young (Allocation Failure) 2371M->1387M(3564M) 7.893ms
[149.623s][info][gc,cpu         ] GC(583) User=0.00s Sys=0.00s Real=0.00s
[149.691s][info][gc,start       ] GC(584) Pause Young (Allocation Failure)
[149.699s][info][gc,heap        ] GC(584) DefNew: 1013717K(1132928K)->6614K(1132928K) Eden: 1007104K(1007104K)->0K(1007104K) From: 6613K(125824K)->6614K(125824K)
[149.699s][info][gc,heap        ] GC(584) Tenured: 1414184K(2517408K)->1414184K(2517408K)
[149.699s][info][gc,metaspace   ] GC(584) Metaspace: 120962K(125504K)->120962K(125504K) NonClass: 104826K(105536K)->104826K(105536K) Class: 16136K(19968K)->16136K(19968K)
[149.699s][info][gc             ] GC(584) Pause Young (Allocation Failure) 2370M->1387M(3564M) 7.849ms
[149.699s][info][gc,cpu         ] GC(584) User=0.00s Sys=0.00s Real=0.00s
[149.767s][info][gc,start       ] GC(585) Pause Young (Allocation Failure)
[149.775s][info][gc,heap        ] GC(585) DefNew: 1013718K(1132928K)->6605K(1132928K) Eden: 1007104K(1007104K)->0K(1007104K) From: 6614K(125824K)->6605K(125824K)
[149.775s][info][gc,heap        ] GC(585) Tenured: 1414184K(2517408K)->1414184K(2517408K)
[149.775s][info][gc,metaspace   ] GC(585) Metaspace: 120962K(125504K)->120962K(125504K) NonClass: 104826K(105536K)->104826K(105536K) Class: 16136K(19968K)->16136K(19968K)
[149.775s][info][gc             ] GC(585) Pause Young (Allocation Failure) 2370M->1387M(3564M) 7.819ms
[149.775s][info][gc,cpu         ] GC(585) User=0.00s Sys=0.00s Real=0.00s
[149.844s][info][gc,start       ] GC(586) Pause Young (Allocation Failure)
[149.851s][info][gc,heap        ] GC(586) DefNew: 1013709K(1132928K)->6616K(1132928K) Eden: 1007104K(1007104K)->0K(1007104K) From: 6605K(125824K)->6616K(125824K)
[149.851s][info][gc,heap        ] GC(586) Tenured: 1414184K(2517408K)->1414184K(2517408K)
[149.851s][info][gc,metaspace   ] GC(586) Metaspace: 120962K(125504K)->120962K(125504K) NonClass: 104826K(105536K)->104826K(105536K) Class: 16136K(19968K)->16136K(19968K)
[149.852s][info][gc             ] GC(586) Pause Young (Allocation Failure) 2370M->1387M(3564M) 7.800ms
[149.852s][info][gc,cpu         ] GC(586) User=0.00s Sys=0.00s Real=0.00s
[149.920s][info][gc,start       ] GC(587) Pause Young (Allocation Failure)
[149.927s][info][gc,heap        ] GC(587) DefNew: 1013720K(1132928K)->6579K(1132928K) Eden: 1007104K(1007104K)->0K(1007104K) From: 6616K(125824K)->6579K(125824K)
[149.927s][info][gc,heap        ] GC(587) Tenured: 1414184K(2517408K)->1414184K(2517408K)
[149.927s][info][gc,metaspace   ] GC(587) Metaspace: 120962K(125504K)->120962K(125504K) NonClass: 104826K(105536K)->104826K(105536K) Class: 16136K(19968K)->16136K(19968K)
[149.927s][info][gc             ] GC(587) Pause Young (Allocation Failure) 2371M->1387M(3564M) 7.878ms
[149.928s][info][gc,cpu         ] GC(587) User=0.00s Sys=0.00s Real=0.00s
[149.995s][info][gc,start       ] GC(588) Pause Young (Allocation Failure)
[150.003s][info][gc,heap        ] GC(588) DefNew: 1013683K(1132928K)->6599K(1132928K) Eden: 1007104K(1007104K)->0K(1007104K) From: 6579K(125824K)->6599K(125824K)
[150.003s][info][gc,heap        ] GC(588) Tenured: 1414184K(2517408K)->1414184K(2517408K)
[150.003s][info][gc,metaspace   ] GC(588) Metaspace: 120962K(125504K)->120962K(125504K) NonClass: 104826K(105536K)->104826K(105536K) Class: 16136K(19968K)->16136K(19968K)
[150.003s][info][gc             ] GC(588) Pause Young (Allocation Failure) 2370M->1387M(3564M) 7.824ms
[150.003s][info][gc,cpu         ] GC(588) User=0.00s Sys=0.00s Real=0.00s
[150.071s][info][gc,start       ] GC(589) Pause Young (Allocation Failure)
[150.079s][info][gc,heap        ] GC(589) DefNew: 1013703K(1132928K)->6600K(1132928K) Eden: 1007104K(1007104K)->0K(1007104K) From: 6599K(125824K)->6600K(125824K)
[150.079s][info][gc,heap        ] GC(589) Tenured: 1414184K(2517408K)->1414184K(2517408K)
[150.079s][info][gc,metaspace   ] GC(589) Metaspace: 120962K(125504K)->120962K(125504K) NonClass: 104826K(105536K)->104826K(105536K) Class: 16136K(19968K)->16136K(19968K)
[150.079s][info][gc             ] GC(589) Pause Young (Allocation Failure) 2370M->1387M(3564M) 7.880ms
[150.079s][info][gc,cpu         ] GC(589) User=0.00s Sys=0.00s Real=0.00s
[150.147s][info][gc,start       ] GC(590) Pause Young (Allocation Failure)
[150.155s][info][gc,heap        ] GC(590) DefNew: 1013704K(1132928K)->6599K(1132928K) Eden: 1007104K(1007104K)->0K(1007104K) From: 6600K(125824K)->6599K(125824K)
[150.155s][info][gc,heap        ] GC(590) Tenured: 1414184K(2517408K)->1414184K(2517408K)
[150.155s][info][gc,metaspace   ] GC(590) Metaspace: 120962K(125504K)->120962K(125504K) NonClass: 104826K(105536K)->104826K(105536K) Class: 16136K(19968K)->16136K(19968K)
[150.155s][info][gc             ] GC(590) Pause Young (Allocation Failure) 2370M->1387M(3564M) 7.863ms
[150.155s][info][gc,cpu         ] GC(590) User=0.00s Sys=0.00s Real=0.00s
[150.223s][info][gc,start       ] GC(591) Pause Young (Allocation Failure)
[150.231s][info][gc,heap        ] GC(591) DefNew: 1013703K(1132928K)->6719K(1132928K) Eden: 1007104K(1007104K)->0K(1007104K) From: 6599K(125824K)->6719K(125824K)
[150.231s][info][gc,heap        ] GC(591) Tenured: 1414184K(2517408K)->1414184K(2517408K)
[150.231s][info][gc,metaspace   ] GC(591) Metaspace: 120962K(125504K)->120962K(125504K) NonClass: 104826K(105536K)->104826K(105536K) Class: 16136K(19968K)->16136K(19968K)
[150.232s][info][gc             ] GC(591) Pause Young (Allocation Failure) 2370M->1387M(3564M) 8.134ms
[150.232s][info][gc,cpu         ] GC(591) User=0.00s Sys=0.00s Real=0.00s
[150.300s][info][gc,start       ] GC(592) Pause Young (Allocation Failure)
[150.307s][info][gc,heap        ] GC(592) DefNew: 1013823K(1132928K)->6713K(1132928K) Eden: 1007104K(1007104K)->0K(1007104K) From: 6719K(125824K)->6713K(125824K)
[150.307s][info][gc,heap        ] GC(592) Tenured: 1414184K(2517408K)->1414184K(2517408K)
[150.307s][info][gc,metaspace   ] GC(592) Metaspace: 120962K(125504K)->120962K(125504K) NonClass: 104826K(105536K)->104826K(105536K) Class: 16136K(19968K)->16136K(19968K)
[150.308s][info][gc             ] GC(592) Pause Young (Allocation Failure) 2371M->1387M(3564M) 7.968ms
[150.308s][info][gc,cpu         ] GC(592) User=0.02s Sys=0.00s Real=0.02s
[150.377s][info][gc,start       ] GC(593) Pause Young (Allocation Failure)
[150.387s][info][gc,heap        ] GC(593) DefNew: 1013817K(1132928K)->871K(1132928K) Eden: 1007104K(1007104K)->0K(1007104K) From: 6713K(125824K)->871K(125824K)
[150.387s][info][gc,heap        ] GC(593) Tenured: 1414184K(2517408K)->1420437K(2517408K)
[150.387s][info][gc,metaspace   ] GC(593) Metaspace: 120963K(125504K)->120963K(125504K) NonClass: 104827K(105536K)->104827K(105536K) Class: 16136K(19968K)->16136K(19968K)
[150.387s][info][gc             ] GC(593) Pause Young (Allocation Failure) 2371M->1387M(3564M) 10.414ms
[150.387s][info][gc,cpu         ] GC(593) User=0.02s Sys=0.00s Real=0.02s
[150.970s][info][gc,start       ] GC(594) Pause Full (System.gc())
[150.970s][info][gc,phases,start] GC(594) Phase 1: Mark live objects
[151.046s][info][gc,phases      ] GC(594) Phase 1: Mark live objects 75.698ms
[151.046s][info][gc,phases,start] GC(594) Phase 2: Compute new object addresses
[151.117s][info][gc,phases      ] GC(594) Phase 2: Compute new object addresses 71.571ms
[151.117s][info][gc,phases,start] GC(594) Phase 3: Adjust pointers
[151.155s][info][gc,phases      ] GC(594) Phase 3: Adjust pointers 37.787ms
[151.155s][info][gc,phases,start] GC(594) Phase 4: Move objects
[151.155s][info][gc,phases      ] GC(594) Phase 4: Move objects 0.091ms
[151.156s][info][gc,heap        ] GC(594) DefNew: 259540K(1132928K)->0K(1132928K) Eden: 258669K(1007104K)->0K(1007104K) From: 871K(125824K)->0K(125824K)
[151.156s][info][gc,heap        ] GC(594) Tenured: 1420437K(2517408K)->1420624K(2517408K)
[151.156s][info][gc,metaspace   ] GC(594) Metaspace: 120966K(125504K)->120966K(125504K) NonClass: 104830K(105536K)->104830K(105536K) Class: 16136K(19968K)->16136K(19968K)
[151.156s][info][gc             ] GC(594) Pause Full (System.gc()) 1640M->1387M(3564M) 186.444ms
[151.156s][info][gc,cpu         ] GC(594) User=0.19s Sys=0.00s Real=0.19s
[151.301s][info][gc,start       ] GC(595) Pause Young (Allocation Failure)
[151.313s][info][gc,heap        ] GC(595) DefNew: 1007104K(1132928K)->6611K(1132928K) Eden: 1007104K(1007104K)->0K(1007104K) From: 0K(125824K)->6611K(125824K)
[151.313s][info][gc,heap        ] GC(595) Tenured: 1420624K(2517408K)->1420624K(2517408K)
[151.313s][info][gc,metaspace   ] GC(595) Metaspace: 121031K(125568K)->121031K(125568K) NonClass: 104895K(105600K)->104895K(105600K) Class: 16136K(19968K)->16136K(19968K)
[151.313s][info][gc             ] GC(595) Pause Young (Allocation Failure) 2370M->1393M(3564M) 12.353ms
[151.313s][info][gc,cpu         ] GC(595) User=0.02s Sys=0.00s Real=0.02s
[151.382s][info][gc,start       ] GC(596) Pause Young (Allocation Failure)
[151.390s][info][gc,heap        ] GC(596) DefNew: 1013715K(1132928K)->6596K(1132928K) Eden: 1007104K(1007104K)->0K(1007104K) From: 6611K(125824K)->6596K(125824K)
[151.390s][info][gc,heap        ] GC(596) Tenured: 1420624K(2517408K)->1420624K(2517408K)
[151.390s][info][gc,metaspace   ] GC(596) Metaspace: 121031K(125568K)->121031K(125568K) NonClass: 104895K(105600K)->104895K(105600K) Class: 16136K(19968K)->16136K(19968K)
[151.390s][info][gc             ] GC(596) Pause Young (Allocation Failure) 2377M->1393M(3564M) 7.941ms
[151.390s][info][gc,cpu         ] GC(596) User=0.00s Sys=0.00s Real=0.00s
[151.458s][info][gc,start       ] GC(597) Pause Young (Allocation Failure)
[151.466s][info][gc,heap        ] GC(597) DefNew: 1013700K(1132928K)->6613K(1132928K) Eden: 1007104K(1007104K)->0K(1007104K) From: 6596K(125824K)->6613K(125824K)
[151.466s][info][gc,heap        ] GC(597) Tenured: 1420624K(2517408K)->1420624K(2517408K)
[151.466s][info][gc,metaspace   ] GC(597) Metaspace: 121031K(125568K)->121031K(125568K) NonClass: 104895K(105600K)->104895K(105600K) Class: 16136K(19968K)->16136K(19968K)
[151.466s][info][gc             ] GC(597) Pause Young (Allocation Failure) 2377M->1393M(3564M) 7.905ms
[151.466s][info][gc,cpu         ] GC(597) User=0.00s Sys=0.00s Real=0.00s
[151.535s][info][gc,start       ] GC(598) Pause Young (Allocation Failure)
[151.543s][info][gc,heap        ] GC(598) DefNew: 1013717K(1132928K)->6613K(1132928K) Eden: 1007104K(1007104K)->0K(1007104K) From: 6613K(125824K)->6613K(125824K)
[151.543s][info][gc,heap        ] GC(598) Tenured: 1420624K(2517408K)->1420624K(2517408K)
[151.543s][info][gc,metaspace   ] GC(598) Metaspace: 121031K(125568K)->121031K(125568K) NonClass: 104895K(105600K)->104895K(105600K) Class: 16136K(19968K)->16136K(19968K)
[151.543s][info][gc             ] GC(598) Pause Young (Allocation Failure) 2377M->1393M(3564M) 7.857ms
[151.543s][info][gc,cpu         ] GC(598) User=0.00s Sys=0.00s Real=0.00s
[151.611s][info][gc,start       ] GC(599) Pause Young (Allocation Failure)
[151.618s][info][gc,heap        ] GC(599) DefNew: 1013717K(1132928K)->6609K(1132928K) Eden: 1007104K(1007104K)->0K(1007104K) From: 6613K(125824K)->6609K(125824K)
[151.619s][info][gc,heap        ] GC(599) Tenured: 1420624K(2517408K)->1420624K(2517408K)
[151.619s][info][gc,metaspace   ] GC(599) Metaspace: 121031K(125568K)->121031K(125568K) NonClass: 104895K(105600K)->104895K(105600K) Class: 16136K(19968K)->16136K(19968K)
[151.619s][info][gc             ] GC(599) Pause Young (Allocation Failure) 2377M->1393M(3564M) 7.763ms
[151.619s][info][gc,cpu         ] GC(599) User=0.00s Sys=0.00s Real=0.00s
[151.687s][info][gc,start       ] GC(600) Pause Young (Allocation Failure)
[151.695s][info][gc,heap        ] GC(600) DefNew: 1013713K(1132928K)->6603K(1132928K) Eden: 1007104K(1007104K)->0K(1007104K) From: 6609K(125824K)->6603K(125824K)
[151.695s][info][gc,heap        ] GC(600) Tenured: 1420624K(2517408K)->1420624K(2517408K)
[151.695s][info][gc,metaspace   ] GC(600) Metaspace: 121031K(125568K)->121031K(125568K) NonClass: 104895K(105600K)->104895K(105600K) Class: 16136K(19968K)->16136K(19968K)
[151.695s][info][gc             ] GC(600) Pause Young (Allocation Failure) 2377M->1393M(3564M) 7.970ms
[151.695s][info][gc,cpu         ] GC(600) User=0.00s Sys=0.00s Real=0.00s
[151.763s][info][gc,start       ] GC(601) Pause Young (Allocation Failure)
[151.770s][info][gc,heap        ] GC(601) DefNew: 1013707K(1132928K)->6604K(1132928K) Eden: 1007104K(1007104K)->0K(1007104K) From: 6603K(125824K)->6604K(125824K)
[151.771s][info][gc,heap        ] GC(601) Tenured: 1420624K(2517408K)->1420624K(2517408K)
[151.771s][info][gc,metaspace   ] GC(601) Metaspace: 121031K(125568K)->121031K(125568K) NonClass: 104895K(105600K)->104895K(105600K) Class: 16136K(19968K)->16136K(19968K)
[151.771s][info][gc             ] GC(601) Pause Young (Allocation Failure) 2377M->1393M(3564M) 8.041ms
[151.771s][info][gc,cpu         ] GC(601) User=0.00s Sys=0.00s Real=0.00s
[151.838s][info][gc,start       ] GC(602) Pause Young (Allocation Failure)
[151.846s][info][gc,heap        ] GC(602) DefNew: 1013708K(1132928K)->6612K(1132928K) Eden: 1007104K(1007104K)->0K(1007104K) From: 6604K(125824K)->6612K(125824K)
[151.846s][info][gc,heap        ] GC(602) Tenured: 1420624K(2517408K)->1420624K(2517408K)
[151.846s][info][gc,metaspace   ] GC(602) Metaspace: 121031K(125568K)->121031K(125568K) NonClass: 104895K(105600K)->104895K(105600K) Class: 16136K(19968K)->16136K(19968K)
[151.846s][info][gc             ] GC(602) Pause Young (Allocation Failure) 2377M->1393M(3564M) 8.044ms
[151.846s][info][gc,cpu         ] GC(602) User=0.00s Sys=0.00s Real=0.00s
[151.914s][info][gc,start       ] GC(603) Pause Young (Allocation Failure)
[151.922s][info][gc,heap        ] GC(603) DefNew: 1013716K(1132928K)->6616K(1132928K) Eden: 1007104K(1007104K)->0K(1007104K) From: 6612K(125824K)->6616K(125824K)
[151.922s][info][gc,heap        ] GC(603) Tenured: 1420624K(2517408K)->1420624K(2517408K)
[151.922s][info][gc,metaspace   ] GC(603) Metaspace: 121031K(125568K)->121031K(125568K) NonClass: 104895K(105600K)->104895K(105600K) Class: 16136K(19968K)->16136K(19968K)
[151.922s][info][gc             ] GC(603) Pause Young (Allocation Failure) 2377M->1393M(3564M) 7.907ms
[151.922s][info][gc,cpu         ] GC(603) User=0.00s Sys=0.00s Real=0.00s
[151.990s][info][gc,start       ] GC(604) Pause Young (Allocation Failure)
[151.997s][info][gc,heap        ] GC(604) DefNew: 1013720K(1132928K)->6628K(1132928K) Eden: 1007104K(1007104K)->0K(1007104K) From: 6616K(125824K)->6628K(125824K)
[151.997s][info][gc,heap        ] GC(604) Tenured: 1420624K(2517408K)->1420624K(2517408K)
[151.997s][info][gc,metaspace   ] GC(604) Metaspace: 121031K(125568K)->121031K(125568K) NonClass: 104895K(105600K)->104895K(105600K) Class: 16136K(19968K)->16136K(19968K)
[151.998s][info][gc             ] GC(604) Pause Young (Allocation Failure) 2377M->1393M(3564M) 7.924ms
[151.998s][info][gc,cpu         ] GC(604) User=0.00s Sys=0.00s Real=0.00s
[152.066s][info][gc,start       ] GC(605) Pause Young (Allocation Failure)
[152.074s][info][gc,heap        ] GC(605) DefNew: 1013732K(1132928K)->6614K(1132928K) Eden: 1007104K(1007104K)->0K(1007104K) From: 6628K(125824K)->6614K(125824K)
[152.074s][info][gc,heap        ] GC(605) Tenured: 1420624K(2517408K)->1420624K(2517408K)
[152.074s][info][gc,metaspace   ] GC(605) Metaspace: 121031K(125568K)->121031K(125568K) NonClass: 104895K(105600K)->104895K(105600K) Class: 16136K(19968K)->16136K(19968K)
[152.074s][info][gc             ] GC(605) Pause Young (Allocation Failure) 2377M->1393M(3564M) 7.910ms
[152.074s][info][gc,cpu         ] GC(605) User=0.00s Sys=0.00s Real=0.00s
[152.142s][info][gc,start       ] GC(606) Pause Young (Allocation Failure)
[152.149s][info][gc,heap        ] GC(606) DefNew: 1013718K(1132928K)->6606K(1132928K) Eden: 1007104K(1007104K)->0K(1007104K) From: 6614K(125824K)->6606K(125824K)
[152.150s][info][gc,heap        ] GC(606) Tenured: 1420624K(2517408K)->1420624K(2517408K)
[152.150s][info][gc,metaspace   ] GC(606) Metaspace: 121031K(125568K)->121031K(125568K) NonClass: 104895K(105600K)->104895K(105600K) Class: 16136K(19968K)->16136K(19968K)
[152.150s][info][gc             ] GC(606) Pause Young (Allocation Failure) 2377M->1393M(3564M) 7.914ms
[152.150s][info][gc,cpu         ] GC(606) User=0.00s Sys=0.00s Real=0.00s
[152.217s][info][gc,start       ] GC(607) Pause Young (Allocation Failure)
[152.225s][info][gc,heap        ] GC(607) DefNew: 1013710K(1132928K)->6596K(1132928K) Eden: 1007104K(1007104K)->0K(1007104K) From: 6606K(125824K)->6596K(125824K)
[152.225s][info][gc,heap        ] GC(607) Tenured: 1420624K(2517408K)->1420624K(2517408K)
[152.225s][info][gc,metaspace   ] GC(607) Metaspace: 121031K(125568K)->121031K(125568K) NonClass: 104895K(105600K)->104895K(105600K) Class: 16136K(19968K)->16136K(19968K)
[152.225s][info][gc             ] GC(607) Pause Young (Allocation Failure) 2377M->1393M(3564M) 7.928ms
[152.225s][info][gc,cpu         ] GC(607) User=0.00s Sys=0.00s Real=0.00s
[152.294s][info][gc,start       ] GC(608) Pause Young (Allocation Failure)
[152.302s][info][gc,heap        ] GC(608) DefNew: 1013700K(1132928K)->6715K(1132928K) Eden: 1007104K(1007104K)->0K(1007104K) From: 6596K(125824K)->6715K(125824K)
[152.302s][info][gc,heap        ] GC(608) Tenured: 1420624K(2517408K)->1420624K(2517408K)
[152.302s][info][gc,metaspace   ] GC(608) Metaspace: 121031K(125568K)->121031K(125568K) NonClass: 104895K(105600K)->104895K(105600K) Class: 16136K(19968K)->16136K(19968K)
[152.302s][info][gc             ] GC(608) Pause Young (Allocation Failure) 2377M->1393M(3564M) 8.167ms
[152.302s][info][gc,cpu         ] GC(608) User=0.00s Sys=0.00s Real=0.00s
[152.370s][info][gc,start       ] GC(609) Pause Young (Allocation Failure)
[152.379s][info][gc,heap        ] GC(609) DefNew: 1013819K(1132928K)->6710K(1132928K) Eden: 1007104K(1007104K)->0K(1007104K) From: 6715K(125824K)->6710K(125824K)
[152.379s][info][gc,heap        ] GC(609) Tenured: 1420624K(2517408K)->1420624K(2517408K)
[152.379s][info][gc,metaspace   ] GC(609) Metaspace: 121031K(125568K)->121031K(125568K) NonClass: 104895K(105600K)->104895K(105600K) Class: 16136K(19968K)->16136K(19968K)
[152.379s][info][gc             ] GC(609) Pause Young (Allocation Failure) 2377M->1393M(3564M) 9.518ms
[152.379s][info][gc,cpu         ] GC(609) User=0.00s Sys=0.00s Real=0.00s
[152.450s][info][gc,start       ] GC(610) Pause Young (Allocation Failure)
[152.461s][info][gc,heap        ] GC(610) DefNew: 1013814K(1132928K)->1022K(1132928K) Eden: 1007104K(1007104K)->0K(1007104K) From: 6710K(125824K)->1022K(125824K)
[152.461s][info][gc,heap        ] GC(610) Tenured: 1420624K(2517408K)->1426919K(2517408K)
[152.461s][info][gc,metaspace   ] GC(610) Metaspace: 121031K(125568K)->121031K(125568K) NonClass: 104895K(105600K)->104895K(105600K) Class: 16136K(19968K)->16136K(19968K)
[152.461s][info][gc             ] GC(610) Pause Young (Allocation Failure) 2377M->1394M(3564M) 11.664ms
[152.461s][info][gc,cpu         ] GC(610) User=0.00s Sys=0.00s Real=0.00s
[153.417s][info][gc,heap,exit   ] Heap
[153.417s][info][gc,heap,exit   ]  def new generation   total 1132928K, used 338215K [0x0000000080200000, 0x00000000ccf40000, 0x0000000300150000)
[153.417s][info][gc,heap,exit   ]   eden space 1007104K,  33% used [0x0000000080200000, 0x0000000094b4a598, 0x00000000bd980000)
[153.417s][info][gc,heap,exit   ]   from space 125824K,   0% used [0x00000000bd980000, 0x00000000bda7fa00, 0x00000000c5460000)
[153.417s][info][gc,heap,exit   ]   to   space 125824K,   0% used [0x00000000c5460000, 0x00000000c5460000, 0x00000000ccf40000)
[153.417s][info][gc,heap,exit   ]  tenured generation   total 2517408K, used 1426919K [0x0000000300150000, 0x0000000399bb8000, 0x0000000800000000)
[153.417s][info][gc,heap,exit   ]    the space 2517408K,  56% used [0x0000000300150000, 0x00000003572c9d08, 0x00000003572c9e00, 0x0000000399bb8000)
[153.417s][info][gc,heap,exit   ]  Metaspace       used 121430K, committed 125952K, reserved 1179648K
[153.417s][info][gc,heap,exit   ]   class space    used 16213K, committed 20032K, reserved 1048576K
