[0.016s][info][gc,init] Initializing The Z Garbage Collector
[0.016s][info][gc,init] Version: 20+36-2344 (release)
[0.016s][info][gc,init] NUMA Support: Disabled
[0.016s][info][gc,init] CPUs: 48 total, 48 available
[0.017s][info][gc,init] Memory: 391843M
[0.017s][info][gc,init] Large Page Support: Disabled
[0.017s][info][gc,init] GC Workers: 12 (dynamic)
[0.018s][info][gc,init] Address Space Type: Contiguous/Unrestricted/Complete
[0.018s][info][gc,init] Address Space Size: 491488M x 3 = 1474464M
[0.018s][info][gc,init] Min Capacity: 8M
[0.018s][info][gc,init] Initial Capacity: 2048M
[0.026s][info][gc,init] Max Capacity: 30718M
[0.026s][info][gc,init] Medium Page Size: 32M
[0.026s][info][gc,init] Pre-touch: Disabled
[0.026s][info][gc,init] Uncommit: Enabled
[0.026s][info][gc,init] Uncommit Delay: 300s
[0.129s][info][gc,init] Runtime Workers: 29
[0.131s][info][gc     ] Using The Z Garbage Collector
[0.133s][info][gc,metaspace] CDS archive(s) mapped at: [0x0000000800000000-0x0000000800c60000-0x0000000800c60000), size 12976128, SharedBaseAddress: 0x0000000800000000, ArchiveRelocationMode: 0.
[0.133s][info][gc,metaspace] Compressed class space mapped at: 0x0000000801000000-0x0000000841000000, reserved size: 1073741824
[0.133s][info][gc,metaspace] Narrow klass base: 0x0000000800000000, Narrow klass shift: 0, Narrow klass range: 0x100000000
[10.178s][info][gc,stats    ] === Garbage Collection Statistics =======================================================================================================================
[10.178s][info][gc,stats    ]                                                              Last 10s              Last 10m              Last 10h                Total
[10.178s][info][gc,stats    ]                                                              Avg / Max             Avg / Max             Avg / Max             Avg / Max
[10.178s][info][gc,stats    ]   Collector: Garbage Collection Cycle                      0.000 / 0.000         0.000 / 0.000         0.000 / 0.000         0.000 / 0.000       ms
[10.178s][info][gc,stats    ]  Contention: Mark Segment Reset Contention                     0 / 0                 0 / 0                 0 / 0                 0 / 0           ops/s
[10.178s][info][gc,stats    ]  Contention: Mark SeqNum Reset Contention                      0 / 0                 0 / 0                 0 / 0                 0 / 0           ops/s
[10.178s][info][gc,stats    ]    Critical: Allocation Stall                                  0 / 0                 0 / 0                 0 / 0                 0 / 0           ops/s
[10.178s][info][gc,stats    ]    Critical: Allocation Stall                              0.000 / 0.000         0.000 / 0.000         0.000 / 0.000         0.000 / 0.000       ms
[10.178s][info][gc,stats    ]    Critical: GC Locker Stall                                   0 / 0                 0 / 0                 0 / 0                 0 / 0           ops/s
[10.178s][info][gc,stats    ]    Critical: GC Locker Stall                               0.000 / 0.000         0.000 / 0.000         0.000 / 0.000         0.000 / 0.000       ms
[10.178s][info][gc,stats    ]    Critical: Relocation Stall                                  0 / 0                 0 / 0                 0 / 0                 0 / 0           ops/s
[10.178s][info][gc,stats    ]    Critical: Relocation Stall                              0.000 / 0.000         0.000 / 0.000         0.000 / 0.000         0.000 / 0.000       ms
[10.178s][info][gc,stats    ]      Memory: Allocation Rate                                  10 / 44               10 / 44               10 / 44               10 / 44          MB/s
[10.178s][info][gc,stats    ]      Memory: Defragment                                        0 / 0                 0 / 0                 0 / 0                 0 / 0           ops/s
[10.178s][info][gc,stats    ]      Memory: Out Of Memory                                     0 / 0                 0 / 0                 0 / 0                 0 / 0           ops/s
[10.178s][info][gc,stats    ]      Memory: Page Cache Flush                                  0 / 0                 0 / 0                 0 / 0                 0 / 0           MB/s
[10.178s][info][gc,stats    ]      Memory: Page Cache Hit L1                                 0 / 0                 0 / 0                 0 / 0                 0 / 0           ops/s
[10.178s][info][gc,stats    ]      Memory: Page Cache Hit L2                                 0 / 0                 0 / 0                 0 / 0                 0 / 0           ops/s
[10.178s][info][gc,stats    ]      Memory: Page Cache Hit L3                                 4 / 19                4 / 19                4 / 19                4 / 19          ops/s
[10.178s][info][gc,stats    ]      Memory: Page Cache Miss                                   0 / 1                 0 / 1                 0 / 1                 0 / 1           ops/s
[10.178s][info][gc,stats    ]      Memory: Uncommit                                          0 / 0                 0 / 0                 0 / 0                 0 / 0           MB/s
[10.179s][info][gc,stats    ]      Memory: Undo Object Allocation Failed                     0 / 0                 0 / 0                 0 / 0                 0 / 0           ops/s
[10.179s][info][gc,stats    ]      Memory: Undo Object Allocation Succeeded                  0 / 0                 0 / 0                 0 / 0                 0 / 0           ops/s
[10.179s][info][gc,stats    ]      Memory: Undo Page Allocation                              0 / 0                 0 / 0                 0 / 0                 0 / 0           ops/s
[10.179s][info][gc,stats    ]       Phase: Concurrent Mark                               0.000 / 0.000         0.000 / 0.000         0.000 / 0.000         0.000 / 0.000       ms
[10.179s][info][gc,stats    ]       Phase: Concurrent Mark Continue                      0.000 / 0.000         0.000 / 0.000         0.000 / 0.000         0.000 / 0.000       ms
[10.179s][info][gc,stats    ]       Phase: Concurrent Mark Free                          0.000 / 0.000         0.000 / 0.000         0.000 / 0.000         0.000 / 0.000       ms
[10.179s][info][gc,stats    ]       Phase: Concurrent Process Non-Strong References      0.000 / 0.000         0.000 / 0.000         0.000 / 0.000         0.000 / 0.000       ms
[10.179s][info][gc,stats    ]       Phase: Concurrent Relocate                           0.000 / 0.000         0.000 / 0.000         0.000 / 0.000         0.000 / 0.000       ms
[10.179s][info][gc,stats    ]       Phase: Concurrent Reset Relocation Set               0.000 / 0.000         0.000 / 0.000         0.000 / 0.000         0.000 / 0.000       ms
[10.179s][info][gc,stats    ]       Phase: Concurrent Select Relocation Set              0.000 / 0.000         0.000 / 0.000         0.000 / 0.000         0.000 / 0.000       ms
[10.179s][info][gc,stats    ]       Phase: Pause Mark End                                0.000 / 0.000         0.000 / 0.000         0.000 / 0.000         0.000 / 0.000       ms
[10.179s][info][gc,stats    ]       Phase: Pause Mark Start                              0.000 / 0.000         0.000 / 0.000         0.000 / 0.000         0.000 / 0.000       ms
[10.179s][info][gc,stats    ]       Phase: Pause Relocate Start                          0.000 / 0.000         0.000 / 0.000         0.000 / 0.000         0.000 / 0.000       ms
[10.179s][info][gc,stats    ]    Subphase: Concurrent Classes Purge                      0.000 / 0.000         0.000 / 0.000         0.000 / 0.000         0.000 / 0.000       ms
[10.179s][info][gc,stats    ]    Subphase: Concurrent Classes Unlink                     0.000 / 0.000         0.000 / 0.000         0.000 / 0.000         0.000 / 0.000       ms
[10.179s][info][gc,stats    ]    Subphase: Concurrent Mark                               0.000 / 0.000         0.000 / 0.000         0.000 / 0.000         0.000 / 0.000       ms
[10.179s][info][gc,stats    ]    Subphase: Concurrent Mark Try Flush                     0.000 / 0.000         0.000 / 0.000         0.000 / 0.000         0.000 / 0.000       ms
[10.179s][info][gc,stats    ]    Subphase: Concurrent Mark Try Terminate                 0.000 / 0.000         0.000 / 0.000         0.000 / 0.000         0.000 / 0.000       ms
[10.179s][info][gc,stats    ]    Subphase: Concurrent References Enqueue                 0.000 / 0.000         0.000 / 0.000         0.000 / 0.000         0.000 / 0.000       ms
[10.179s][info][gc,stats    ]    Subphase: Concurrent References Process                 0.000 / 0.000         0.000 / 0.000         0.000 / 0.000         0.000 / 0.000       ms
[10.179s][info][gc,stats    ]    Subphase: Concurrent Roots ClassLoaderDataGraph         0.000 / 0.000         0.000 / 0.000         0.000 / 0.000         0.000 / 0.000       ms
[10.179s][info][gc,stats    ]    Subphase: Concurrent Roots CodeCache                    0.000 / 0.000         0.000 / 0.000         0.000 / 0.000         0.000 / 0.000       ms
[10.179s][info][gc,stats    ]    Subphase: Concurrent Roots JavaThreads                  0.000 / 0.000         0.000 / 0.000         0.000 / 0.000         0.000 / 0.000       ms
[10.179s][info][gc,stats    ]    Subphase: Concurrent Roots OopStorageSet                0.000 / 0.000         0.000 / 0.000         0.000 / 0.000         0.000 / 0.000       ms
[10.179s][info][gc,stats    ]    Subphase: Concurrent Weak Roots OopStorageSet           0.000 / 0.000         0.000 / 0.000         0.000 / 0.000         0.000 / 0.000       ms
[10.179s][info][gc,stats    ]    Subphase: Pause Mark Try Complete                       0.000 / 0.000         0.000 / 0.000         0.000 / 0.000         0.000 / 0.000       ms
[10.179s][info][gc,stats    ]      System: Java Threads                                      0 / 0                 0 / 0                 0 / 0                 0 / 0           threads
[10.179s][info][gc,stats    ] =========================================================================================================================================================
[10.550s][info][gc,start    ] GC(0) Garbage Collection (Metadata GC Threshold)
[10.550s][info][gc,task     ] GC(0) Using 12 workers
[10.550s][info][gc,phases   ] GC(0) Pause Mark Start 0.014ms
[10.576s][info][gc,phases   ] GC(0) Concurrent Mark 25.650ms
[10.576s][info][gc,phases   ] GC(0) Pause Mark End 0.021ms
[10.576s][info][gc,phases   ] GC(0) Concurrent Mark Free 0.001ms
[10.578s][info][gc,phases   ] GC(0) Concurrent Process Non-Strong References 2.291ms
[10.578s][info][gc,phases   ] GC(0) Concurrent Reset Relocation Set 0.001ms
[10.592s][info][gc,phases   ] GC(0) Concurrent Select Relocation Set 14.091ms
[10.593s][info][gc,phases   ] GC(0) Pause Relocate Start 0.010ms
[10.598s][info][gc,phases   ] GC(0) Concurrent Relocate 5.281ms
[10.598s][info][gc,load     ] GC(0) Load: 0.00/0.00/0.00
[10.598s][info][gc,mmu      ] GC(0) MMU: 2ms/99.0%, 5ms/99.6%, 10ms/99.8%, 20ms/99.8%, 50ms/99.9%, 100ms/100.0%
[10.598s][info][gc,marking  ] GC(0) Mark: 8 stripe(s), 2 proactive flush(es), 1 terminate flush(es), 0 completion(s), 0 continuation(s) 
[10.598s][info][gc,marking  ] GC(0) Mark Stack Usage: 32M
[10.598s][info][gc,nmethod  ] GC(0) NMethods: 1870 registered, 316 unregistered
[10.598s][info][gc,metaspace] GC(0) Metaspace: 21M used, 21M committed, 1088M reserved
[10.598s][info][gc,ref      ] GC(0) Soft: 3532 encountered, 0 discovered, 0 enqueued
[10.598s][info][gc,ref      ] GC(0) Weak: 1699 encountered, 700 discovered, 502 enqueued
[10.598s][info][gc,ref      ] GC(0) Final: 1 encountered, 0 discovered, 0 enqueued
[10.598s][info][gc,ref      ] GC(0) Phantom: 958 encountered, 768 discovered, 377 enqueued
[10.598s][info][gc,reloc    ] GC(0) Small Pages: 50 / 100M, Empty: 0M, Relocated: 8M, In-Place: 0
[10.598s][info][gc,reloc    ] GC(0) Medium Pages: 1 / 32M, Empty: 0M, Relocated: 0M, In-Place: 0
[10.598s][info][gc,reloc    ] GC(0) Large Pages: 0 / 0M, Empty: 0M, Relocated: 0M, In-Place: 0
[10.598s][info][gc,reloc    ] GC(0) Forwarding Usage: 2M
[10.598s][info][gc,heap     ] GC(0) Min Capacity: 8M(0%)
[10.598s][info][gc,heap     ] GC(0) Max Capacity: 30718M(100%)
[10.598s][info][gc,heap     ] GC(0) Soft Max Capacity: 30718M(100%)
[10.598s][info][gc,heap     ] GC(0)                Mark Start          Mark End        Relocate Start      Relocate End           High               Low         
[10.598s][info][gc,heap     ] GC(0)  Capacity:     2048M (7%)         2048M (7%)         2048M (7%)         2048M (7%)         2048M (7%)         2048M (7%)     
[10.598s][info][gc,heap     ] GC(0)      Free:    30586M (100%)      30580M (100%)      30576M (100%)      30642M (100%)      30642M (100%)      30564M (99%)    
[10.598s][info][gc,heap     ] GC(0)      Used:      132M (0%)          138M (0%)          142M (0%)           76M (0%)          154M (1%)           76M (0%)     
[10.598s][info][gc,heap     ] GC(0)      Live:         -                19M (0%)           19M (0%)           19M (0%)             -                  -          
[10.598s][info][gc,heap     ] GC(0) Allocated:         -                 6M (0%)           10M (0%)           11M (0%)             -                  -          
[10.598s][info][gc,heap     ] GC(0)   Garbage:         -               112M (0%)          112M (0%)           44M (0%)             -                  -          
[10.598s][info][gc,heap     ] GC(0) Reclaimed:         -                  -                 0M (0%)           67M (0%)             -                  -          
[10.599s][info][gc          ] GC(0) Garbage Collection (Metadata GC Threshold) 132M(0%)->76M(0%)
[11.619s][info][gc,start    ] GC(1) Garbage Collection (Metadata GC Threshold)
[11.619s][info][gc,task     ] GC(1) Using 12 workers
[11.620s][info][gc,phases   ] GC(1) Pause Mark Start 0.017ms
[11.651s][info][gc,phases   ] GC(1) Concurrent Mark 31.521ms
[11.651s][info][gc,phases   ] GC(1) Pause Mark End 0.023ms
[11.651s][info][gc,phases   ] GC(1) Concurrent Mark Free 0.001ms
[11.653s][info][gc,phases   ] GC(1) Concurrent Process Non-Strong References 2.070ms
[11.654s][info][gc,phases   ] GC(1) Concurrent Reset Relocation Set 0.006ms
[11.662s][info][gc,phases   ] GC(1) Concurrent Select Relocation Set 8.552ms
[11.662s][info][gc,phases   ] GC(1) Pause Relocate Start 0.008ms
[11.669s][info][gc,phases   ] GC(1) Concurrent Relocate 7.068ms
[11.670s][info][gc,load     ] GC(1) Load: 0.00/0.00/0.00
[11.670s][info][gc,mmu      ] GC(1) MMU: 2ms/98.8%, 5ms/99.5%, 10ms/99.8%, 20ms/99.8%, 50ms/99.9%, 100ms/100.0%
[11.670s][info][gc,marking  ] GC(1) Mark: 8 stripe(s), 2 proactive flush(es), 1 terminate flush(es), 0 completion(s), 0 continuation(s) 
[11.670s][info][gc,marking  ] GC(1) Mark Stack Usage: 32M
[11.670s][info][gc,nmethod  ] GC(1) NMethods: 2742 registered, 153 unregistered
[11.670s][info][gc,metaspace] GC(1) Metaspace: 36M used, 36M committed, 1088M reserved
[11.670s][info][gc,ref      ] GC(1) Soft: 3853 encountered, 0 discovered, 0 enqueued
[11.670s][info][gc,ref      ] GC(1) Weak: 2890 encountered, 592 discovered, 496 enqueued
[11.670s][info][gc,ref      ] GC(1) Final: 232 encountered, 0 discovered, 0 enqueued
[11.670s][info][gc,ref      ] GC(1) Phantom: 961 encountered, 903 discovered, 371 enqueued
[11.670s][info][gc,reloc    ] GC(1) Small Pages: 69 / 138M, Empty: 0M, Relocated: 13M, In-Place: 0
[11.670s][info][gc,reloc    ] GC(1) Medium Pages: 1 / 32M, Empty: 0M, Relocated: 0M, In-Place: 0
[11.670s][info][gc,reloc    ] GC(1) Large Pages: 0 / 0M, Empty: 0M, Relocated: 0M, In-Place: 0
[11.670s][info][gc,reloc    ] GC(1) Forwarding Usage: 4M
[11.670s][info][gc,heap     ] GC(1) Min Capacity: 8M(0%)
[11.670s][info][gc,heap     ] GC(1) Max Capacity: 30718M(100%)
[11.670s][info][gc,heap     ] GC(1) Soft Max Capacity: 30718M(100%)
[11.670s][info][gc,heap     ] GC(1)                Mark Start          Mark End        Relocate Start      Relocate End           High               Low         
[11.670s][info][gc,heap     ] GC(1)  Capacity:     2048M (7%)         2048M (7%)         2048M (7%)         2048M (7%)         2048M (7%)         2048M (7%)     
[11.670s][info][gc,heap     ] GC(1)      Free:    30548M (99%)       30544M (99%)       30538M (99%)       30640M (100%)      30640M (100%)      30524M (99%)    
[11.670s][info][gc,heap     ] GC(1)      Used:      170M (1%)          174M (1%)          180M (1%)           78M (0%)          194M (1%)           78M (0%)     
[11.670s][info][gc,heap     ] GC(1)      Live:         -                27M (0%)           27M (0%)           27M (0%)             -                  -          
[11.670s][info][gc,heap     ] GC(1) Allocated:         -                 4M (0%)           10M (0%)            9M (0%)             -                  -          
[11.670s][info][gc,heap     ] GC(1)   Garbage:         -               142M (0%)          142M (0%)           40M (0%)             -                  -          
[11.670s][info][gc,heap     ] GC(1) Reclaimed:         -                  -                 0M (0%)          101M (0%)             -                  -          
[11.670s][info][gc          ] GC(1) Garbage Collection (Metadata GC Threshold) 170M(1%)->78M(0%)
[20.170s][info][gc,stats    ] === Garbage Collection Statistics =======================================================================================================================
[20.170s][info][gc,stats    ]                                                              Last 10s              Last 10m              Last 10h                Total
[20.170s][info][gc,stats    ]                                                              Avg / Max             Avg / Max             Avg / Max             Avg / Max
[20.170s][info][gc,stats    ]   Collector: Garbage Collection Cycle                     49.404 / 50.331       49.404 / 50.331       49.404 / 50.331       49.404 / 50.331      ms
[20.170s][info][gc,stats    ]  Contention: Mark Segment Reset Contention                     1 / 7                 0 / 7                 0 / 7                 0 / 7           ops/s
[20.170s][info][gc,stats    ]  Contention: Mark SeqNum Reset Contention                      0 / 0                 0 / 0                 0 / 0                 0 / 0           ops/s
[20.170s][info][gc,stats    ]    Critical: Allocation Stall                                  0 / 0                 0 / 0                 0 / 0                 0 / 0           ops/s
[20.170s][info][gc,stats    ]    Critical: Allocation Stall                              0.000 / 0.000         0.000 / 0.000         0.000 / 0.000         0.000 / 0.000       ms
[20.170s][info][gc,stats    ]    Critical: GC Locker Stall                                   0 / 0                 0 / 0                 0 / 0                 0 / 0           ops/s
[20.170s][info][gc,stats    ]    Critical: GC Locker Stall                               0.000 / 0.000         0.000 / 0.000         0.000 / 0.000         0.000 / 0.000       ms
[20.170s][info][gc,stats    ]    Critical: Relocation Stall                                  0 / 0                 0 / 0                 0 / 0                 0 / 0           ops/s
[20.170s][info][gc,stats    ]    Critical: Relocation Stall                              0.000 / 0.000         0.000 / 0.000         0.000 / 0.000         0.000 / 0.000       ms
[20.171s][info][gc,stats    ]      Memory: Allocation Rate                                  34 / 94               22 / 94               22 / 94               22 / 94          MB/s
[20.171s][info][gc,stats    ]      Memory: Defragment                                        0 / 0                 0 / 0                 0 / 0                 0 / 0           ops/s
[20.171s][info][gc,stats    ]      Memory: Out Of Memory                                     0 / 0                 0 / 0                 0 / 0                 0 / 0           ops/s
[20.171s][info][gc,stats    ]      Memory: Page Cache Flush                                  0 / 0                 0 / 0                 0 / 0                 0 / 0           MB/s
[20.171s][info][gc,stats    ]      Memory: Page Cache Hit L1                                10 / 39                5 / 39                5 / 39                5 / 39          ops/s
[20.171s][info][gc,stats    ]      Memory: Page Cache Hit L2                                 0 / 0                 0 / 0                 0 / 0                 0 / 0           ops/s
[20.171s][info][gc,stats    ]      Memory: Page Cache Hit L3                                 8 / 21                6 / 21                6 / 21                6 / 21          ops/s
[20.171s][info][gc,stats    ]      Memory: Page Cache Miss                                   0 / 0                 0 / 1                 0 / 1                 0 / 1           ops/s
[20.171s][info][gc,stats    ]      Memory: Uncommit                                          0 / 0                 0 / 0                 0 / 0                 0 / 0           MB/s
[20.171s][info][gc,stats    ]      Memory: Undo Object Allocation Failed                     0 / 0                 0 / 0                 0 / 0                 0 / 0           ops/s
[20.171s][info][gc,stats    ]      Memory: Undo Object Allocation Succeeded                  0 / 1                 0 / 1                 0 / 1                 0 / 1           ops/s
[20.171s][info][gc,stats    ]      Memory: Undo Page Allocation                              0 / 0                 0 / 0                 0 / 0                 0 / 0           ops/s
[20.171s][info][gc,stats    ]       Phase: Concurrent Mark                              28.585 / 31.521       28.585 / 31.521       28.585 / 31.521       28.585 / 31.521      ms
[20.171s][info][gc,stats    ]       Phase: Concurrent Mark Continue                      0.000 / 0.000         0.000 / 0.000         0.000 / 0.000         0.000 / 0.000       ms
[20.171s][info][gc,stats    ]       Phase: Concurrent Mark Free                          0.001 / 0.001         0.001 / 0.001         0.001 / 0.001         0.001 / 0.001       ms
[20.171s][info][gc,stats    ]       Phase: Concurrent Process Non-Strong References      2.180 / 2.291         2.180 / 2.291         2.180 / 2.291         2.180 / 2.291       ms
[20.171s][info][gc,stats    ]       Phase: Concurrent Relocate                           6.175 / 7.068         6.175 / 7.068         6.175 / 7.068         6.175 / 7.068       ms
[20.171s][info][gc,stats    ]       Phase: Concurrent Reset Relocation Set               0.003 / 0.006         0.003 / 0.006         0.003 / 0.006         0.003 / 0.006       ms
[20.171s][info][gc,stats    ]       Phase: Concurrent Select Relocation Set             11.321 / 14.091       11.321 / 14.091       11.321 / 14.091       11.321 / 14.091      ms
[20.171s][info][gc,stats    ]       Phase: Pause Mark End                                0.022 / 0.023         0.022 / 0.023         0.022 / 0.023         0.022 / 0.023       ms
[20.171s][info][gc,stats    ]       Phase: Pause Mark Start                              0.016 / 0.017         0.016 / 0.017         0.016 / 0.017         0.016 / 0.017       ms
[20.171s][info][gc,stats    ]       Phase: Pause Relocate Start                          0.009 / 0.010         0.009 / 0.010         0.009 / 0.010         0.009 / 0.010       ms
[20.171s][info][gc,stats    ]    Subphase: Concurrent Classes Purge                      0.878 / 1.204         0.878 / 1.204         0.878 / 1.204         0.878 / 1.204       ms
[20.171s][info][gc,stats    ]    Subphase: Concurrent Classes Unlink                     0.719 / 0.739         0.719 / 0.739         0.719 / 0.739         0.719 / 0.739       ms
[20.171s][info][gc,stats    ]    Subphase: Concurrent Mark                              23.696 / 26.250       23.696 / 26.250       23.696 / 26.250       23.696 / 26.250      ms
[20.171s][info][gc,stats    ]    Subphase: Concurrent Mark Try Flush                     0.065 / 0.128         0.065 / 0.128         0.065 / 0.128         0.065 / 0.128       ms
[20.171s][info][gc,stats    ]    Subphase: Concurrent Mark Try Terminate                10.020 / 14.209       10.020 / 14.209       10.020 / 14.209       10.020 / 14.209      ms
[20.171s][info][gc,stats    ]    Subphase: Concurrent References Enqueue                 0.003 / 0.003         0.003 / 0.003         0.003 / 0.003         0.003 / 0.003       ms
[20.171s][info][gc,stats    ]    Subphase: Concurrent References Process                 0.152 / 0.164         0.152 / 0.164         0.152 / 0.164         0.152 / 0.164       ms
[20.172s][info][gc,stats    ]    Subphase: Concurrent Roots ClassLoaderDataGraph         0.075 / 0.724         0.075 / 0.724         0.075 / 0.724         0.075 / 0.724       ms
[20.172s][info][gc,stats    ]    Subphase: Concurrent Roots CodeCache                    0.000 / 0.000         0.000 / 0.000         0.000 / 0.000         0.000 / 0.000       ms
[20.172s][info][gc,stats    ]    Subphase: Concurrent Roots JavaThreads                  2.869 / 5.156         2.869 / 5.156         2.869 / 5.156         2.869 / 5.156       ms
[20.172s][info][gc,stats    ]    Subphase: Concurrent Roots OopStorageSet                0.068 / 0.286         0.068 / 0.286         0.068 / 0.286         0.068 / 0.286       ms
[20.172s][info][gc,stats    ]    Subphase: Concurrent Weak Roots OopStorageSet           0.150 / 0.220         0.150 / 0.220         0.150 / 0.220         0.150 / 0.220       ms
[20.172s][info][gc,stats    ]    Subphase: Pause Mark Try Complete                       0.000 / 0.000         0.000 / 0.000         0.000 / 0.000         0.000 / 0.000       ms
[20.172s][info][gc,stats    ]      System: Java Threads                                     60 / 101              60 / 101              60 / 101              60 / 101         threads
[20.172s][info][gc,stats    ] =========================================================================================================================================================
[30.167s][info][gc,stats    ] === Garbage Collection Statistics =======================================================================================================================
[30.167s][info][gc,stats    ]                                                              Last 10s              Last 10m              Last 10h                Total
[30.167s][info][gc,stats    ]                                                              Avg / Max             Avg / Max             Avg / Max             Avg / Max
[30.167s][info][gc,stats    ]   Collector: Garbage Collection Cycle                      0.000 / 0.000        49.404 / 50.331       49.404 / 50.331       49.404 / 50.331      ms
[30.167s][info][gc,stats    ]  Contention: Mark Segment Reset Contention                     0 / 0                 0 / 7                 0 / 7                 0 / 7           ops/s
[30.167s][info][gc,stats    ]  Contention: Mark SeqNum Reset Contention                      0 / 0                 0 / 0                 0 / 0                 0 / 0           ops/s
[30.167s][info][gc,stats    ]    Critical: Allocation Stall                                  0 / 0                 0 / 0                 0 / 0                 0 / 0           ops/s
[30.167s][info][gc,stats    ]    Critical: Allocation Stall                              0.000 / 0.000         0.000 / 0.000         0.000 / 0.000         0.000 / 0.000       ms
[30.167s][info][gc,stats    ]    Critical: GC Locker Stall                                   0 / 0                 0 / 0                 0 / 0                 0 / 0           ops/s
[30.167s][info][gc,stats    ]    Critical: GC Locker Stall                               0.000 / 0.000         0.000 / 0.000         0.000 / 0.000         0.000 / 0.000       ms
[30.167s][info][gc,stats    ]    Critical: Relocation Stall                                  0 / 0                 0 / 0                 0 / 0                 0 / 0           ops/s
[30.167s][info][gc,stats    ]    Critical: Relocation Stall                              0.000 / 0.000         0.000 / 0.000         0.000 / 0.000         0.000 / 0.000       ms
[30.167s][info][gc,stats    ]      Memory: Allocation Rate                                   0 / 2                15 / 94               15 / 94               15 / 94          MB/s
[30.167s][info][gc,stats    ]      Memory: Defragment                                        0 / 0                 0 / 0                 0 / 0                 0 / 0           ops/s
[30.167s][info][gc,stats    ]      Memory: Out Of Memory                                     0 / 0                 0 / 0                 0 / 0                 0 / 0           ops/s
[30.167s][info][gc,stats    ]      Memory: Page Cache Flush                                  0 / 0                 0 / 0                 0 / 0                 0 / 0           MB/s
[30.167s][info][gc,stats    ]      Memory: Page Cache Hit L1                                 0 / 0                 3 / 39                3 / 39                3 / 39          ops/s
[30.168s][info][gc,stats    ]      Memory: Page Cache Hit L2                                 0 / 0                 0 / 0                 0 / 0                 0 / 0           ops/s
[30.168s][info][gc,stats    ]      Memory: Page Cache Hit L3                                 0 / 1                 4 / 21                4 / 21                4 / 21          ops/s
[30.168s][info][gc,stats    ]      Memory: Page Cache Miss                                   0 / 0                 0 / 1                 0 / 1                 0 / 1           ops/s
[30.168s][info][gc,stats    ]      Memory: Uncommit                                          0 / 0                 0 / 0                 0 / 0                 0 / 0           MB/s
[30.168s][info][gc,stats    ]      Memory: Undo Object Allocation Failed                     0 / 0                 0 / 0                 0 / 0                 0 / 0           ops/s
[30.168s][info][gc,stats    ]      Memory: Undo Object Allocation Succeeded                  0 / 0                 0 / 1                 0 / 1                 0 / 1           ops/s
[30.168s][info][gc,stats    ]      Memory: Undo Page Allocation                              0 / 0                 0 / 0                 0 / 0                 0 / 0           ops/s
[30.168s][info][gc,stats    ]       Phase: Concurrent Mark                               0.000 / 0.000        28.585 / 31.521       28.585 / 31.521       28.585 / 31.521      ms
[30.168s][info][gc,stats    ]       Phase: Concurrent Mark Continue                      0.000 / 0.000         0.000 / 0.000         0.000 / 0.000         0.000 / 0.000       ms
[30.168s][info][gc,stats    ]       Phase: Concurrent Mark Free                          0.000 / 0.000         0.001 / 0.001         0.001 / 0.001         0.001 / 0.001       ms
[30.168s][info][gc,stats    ]       Phase: Concurrent Process Non-Strong References      0.000 / 0.000         2.180 / 2.291         2.180 / 2.291         2.180 / 2.291       ms
[30.168s][info][gc,stats    ]       Phase: Concurrent Relocate                           0.000 / 0.000         6.175 / 7.068         6.175 / 7.068         6.175 / 7.068       ms
[30.168s][info][gc,stats    ]       Phase: Concurrent Reset Relocation Set               0.000 / 0.000         0.003 / 0.006         0.003 / 0.006         0.003 / 0.006       ms
[30.168s][info][gc,stats    ]       Phase: Concurrent Select Relocation Set              0.000 / 0.000        11.321 / 14.091       11.321 / 14.091       11.321 / 14.091      ms
[30.168s][info][gc,stats    ]       Phase: Pause Mark End                                0.000 / 0.000         0.022 / 0.023         0.022 / 0.023         0.022 / 0.023       ms
[30.168s][info][gc,stats    ]       Phase: Pause Mark Start                              0.000 / 0.000         0.016 / 0.017         0.016 / 0.017         0.016 / 0.017       ms
[30.168s][info][gc,stats    ]       Phase: Pause Relocate Start                          0.000 / 0.000         0.009 / 0.010         0.009 / 0.010         0.009 / 0.010       ms
[30.168s][info][gc,stats    ]    Subphase: Concurrent Classes Purge                      0.000 / 0.000         0.878 / 1.204         0.878 / 1.204         0.878 / 1.204       ms
[30.168s][info][gc,stats    ]    Subphase: Concurrent Classes Unlink                     0.000 / 0.000         0.719 / 0.739         0.719 / 0.739         0.719 / 0.739       ms
[30.168s][info][gc,stats    ]    Subphase: Concurrent Mark                               0.000 / 0.000        23.696 / 26.250       23.696 / 26.250       23.696 / 26.250      ms
[30.168s][info][gc,stats    ]    Subphase: Concurrent Mark Try Flush                     0.000 / 0.000         0.065 / 0.128         0.065 / 0.128         0.065 / 0.128       ms
[30.168s][info][gc,stats    ]    Subphase: Concurrent Mark Try Terminate                 0.000 / 0.000        10.020 / 14.209       10.020 / 14.209       10.020 / 14.209      ms
[30.168s][info][gc,stats    ]    Subphase: Concurrent References Enqueue                 0.000 / 0.000         0.003 / 0.003         0.003 / 0.003         0.003 / 0.003       ms
[30.168s][info][gc,stats    ]    Subphase: Concurrent References Process                 0.000 / 0.000         0.152 / 0.164         0.152 / 0.164         0.152 / 0.164       ms
[30.168s][info][gc,stats    ]    Subphase: Concurrent Roots ClassLoaderDataGraph         0.000 / 0.000         0.075 / 0.724         0.075 / 0.724         0.075 / 0.724       ms
[30.168s][info][gc,stats    ]    Subphase: Concurrent Roots CodeCache                    0.000 / 0.000         0.000 / 0.000         0.000 / 0.000         0.000 / 0.000       ms
[30.169s][info][gc,stats    ]    Subphase: Concurrent Roots JavaThreads                  0.000 / 0.000         2.869 / 5.156         2.869 / 5.156         2.869 / 5.156       ms
[30.169s][info][gc,stats    ]    Subphase: Concurrent Roots OopStorageSet                0.000 / 0.000         0.068 / 0.286         0.068 / 0.286         0.068 / 0.286       ms
[30.169s][info][gc,stats    ]    Subphase: Concurrent Weak Roots OopStorageSet           0.000 / 0.000         0.150 / 0.220         0.150 / 0.220         0.150 / 0.220       ms
[30.169s][info][gc,stats    ]    Subphase: Pause Mark Try Complete                       0.000 / 0.000         0.000 / 0.000         0.000 / 0.000         0.000 / 0.000       ms
[30.169s][info][gc,stats    ]      System: Java Threads                                      0 / 0                60 / 101              60 / 101              60 / 101         threads
[30.169s][info][gc,stats    ] =========================================================================================================================================================
[40.169s][info][gc,stats    ] === Garbage Collection Statistics =======================================================================================================================
[40.169s][info][gc,stats    ]                                                              Last 10s              Last 10m              Last 10h                Total
[40.169s][info][gc,stats    ]                                                              Avg / Max             Avg / Max             Avg / Max             Avg / Max
[40.169s][info][gc,stats    ]   Collector: Garbage Collection Cycle                      0.000 / 0.000        49.404 / 50.331       49.404 / 50.331       49.404 / 50.331      ms
[40.170s][info][gc,stats    ]  Contention: Mark Segment Reset Contention                     0 / 0                 0 / 7                 0 / 7                 0 / 7           ops/s
[40.170s][info][gc,stats    ]  Contention: Mark SeqNum Reset Contention                      0 / 0                 0 / 0                 0 / 0                 0 / 0           ops/s
[40.170s][info][gc,stats    ]    Critical: Allocation Stall                                  0 / 0                 0 / 0                 0 / 0                 0 / 0           ops/s
[40.170s][info][gc,stats    ]    Critical: Allocation Stall                              0.000 / 0.000         0.000 / 0.000         0.000 / 0.000         0.000 / 0.000       ms
[40.170s][info][gc,stats    ]    Critical: GC Locker Stall                                   0 / 0                 0 / 0                 0 / 0                 0 / 0           ops/s
[40.170s][info][gc,stats    ]    Critical: GC Locker Stall                               0.000 / 0.000         0.000 / 0.000         0.000 / 0.000         0.000 / 0.000       ms
[40.170s][info][gc,stats    ]    Critical: Relocation Stall                                  0 / 0                 0 / 0                 0 / 0                 0 / 0           ops/s
[40.170s][info][gc,stats    ]    Critical: Relocation Stall                              0.000 / 0.000         0.000 / 0.000         0.000 / 0.000         0.000 / 0.000       ms
[40.170s][info][gc,stats    ]      Memory: Allocation Rate                                   0 / 4                11 / 94               11 / 94               11 / 94          MB/s
[40.170s][info][gc,stats    ]      Memory: Defragment                                        0 / 0                 0 / 0                 0 / 0                 0 / 0           ops/s
[40.170s][info][gc,stats    ]      Memory: Out Of Memory                                     0 / 0                 0 / 0                 0 / 0                 0 / 0           ops/s
[40.170s][info][gc,stats    ]      Memory: Page Cache Flush                                  0 / 0                 0 / 0                 0 / 0                 0 / 0           MB/s
[40.170s][info][gc,stats    ]      Memory: Page Cache Hit L1                                 0 / 0                 2 / 39                2 / 39                2 / 39          ops/s
[40.170s][info][gc,stats    ]      Memory: Page Cache Hit L2                                 0 / 0                 0 / 0                 0 / 0                 0 / 0           ops/s
[40.170s][info][gc,stats    ]      Memory: Page Cache Hit L3                                 0 / 2                 3 / 21                3 / 21                3 / 21          ops/s
[40.170s][info][gc,stats    ]      Memory: Page Cache Miss                                   0 / 0                 0 / 1                 0 / 1                 0 / 1           ops/s
[40.170s][info][gc,stats    ]      Memory: Uncommit                                          0 / 0                 0 / 0                 0 / 0                 0 / 0           MB/s
[40.170s][info][gc,stats    ]      Memory: Undo Object Allocation Failed                     0 / 0                 0 / 0                 0 / 0                 0 / 0           ops/s
[40.170s][info][gc,stats    ]      Memory: Undo Object Allocation Succeeded                  0 / 0                 0 / 1                 0 / 1                 0 / 1           ops/s
[40.170s][info][gc,stats    ]      Memory: Undo Page Allocation                              0 / 0                 0 / 0                 0 / 0                 0 / 0           ops/s
[40.170s][info][gc,stats    ]       Phase: Concurrent Mark                               0.000 / 0.000        28.585 / 31.521       28.585 / 31.521       28.585 / 31.521      ms
[40.170s][info][gc,stats    ]       Phase: Concurrent Mark Continue                      0.000 / 0.000         0.000 / 0.000         0.000 / 0.000         0.000 / 0.000       ms
[40.170s][info][gc,stats    ]       Phase: Concurrent Mark Free                          0.000 / 0.000         0.001 / 0.001         0.001 / 0.001         0.001 / 0.001       ms
[40.170s][info][gc,stats    ]       Phase: Concurrent Process Non-Strong References      0.000 / 0.000         2.180 / 2.291         2.180 / 2.291         2.180 / 2.291       ms
[40.170s][info][gc,stats    ]       Phase: Concurrent Relocate                           0.000 / 0.000         6.175 / 7.068         6.175 / 7.068         6.175 / 7.068       ms
[40.170s][info][gc,stats    ]       Phase: Concurrent Reset Relocation Set               0.000 / 0.000         0.003 / 0.006         0.003 / 0.006         0.003 / 0.006       ms
[40.170s][info][gc,stats    ]       Phase: Concurrent Select Relocation Set              0.000 / 0.000        11.321 / 14.091       11.321 / 14.091       11.321 / 14.091      ms
[40.170s][info][gc,stats    ]       Phase: Pause Mark End                                0.000 / 0.000         0.022 / 0.023         0.022 / 0.023         0.022 / 0.023       ms
[40.170s][info][gc,stats    ]       Phase: Pause Mark Start                              0.000 / 0.000         0.016 / 0.017         0.016 / 0.017         0.016 / 0.017       ms
[40.171s][info][gc,stats    ]       Phase: Pause Relocate Start                          0.000 / 0.000         0.009 / 0.010         0.009 / 0.010         0.009 / 0.010       ms
[40.171s][info][gc,stats    ]    Subphase: Concurrent Classes Purge                      0.000 / 0.000         0.878 / 1.204         0.878 / 1.204         0.878 / 1.204       ms
[40.171s][info][gc,stats    ]    Subphase: Concurrent Classes Unlink                     0.000 / 0.000         0.719 / 0.739         0.719 / 0.739         0.719 / 0.739       ms
[40.171s][info][gc,stats    ]    Subphase: Concurrent Mark                               0.000 / 0.000        23.696 / 26.250       23.696 / 26.250       23.696 / 26.250      ms
[40.171s][info][gc,stats    ]    Subphase: Concurrent Mark Try Flush                     0.000 / 0.000         0.065 / 0.128         0.065 / 0.128         0.065 / 0.128       ms
[40.171s][info][gc,stats    ]    Subphase: Concurrent Mark Try Terminate                 0.000 / 0.000        10.020 / 14.209       10.020 / 14.209       10.020 / 14.209      ms
[40.171s][info][gc,stats    ]    Subphase: Concurrent References Enqueue                 0.000 / 0.000         0.003 / 0.003         0.003 / 0.003         0.003 / 0.003       ms
[40.171s][info][gc,stats    ]    Subphase: Concurrent References Process                 0.000 / 0.000         0.152 / 0.164         0.152 / 0.164         0.152 / 0.164       ms
[40.171s][info][gc,stats    ]    Subphase: Concurrent Roots ClassLoaderDataGraph         0.000 / 0.000         0.075 / 0.724         0.075 / 0.724         0.075 / 0.724       ms
[40.171s][info][gc,stats    ]    Subphase: Concurrent Roots CodeCache                    0.000 / 0.000         0.000 / 0.000         0.000 / 0.000         0.000 / 0.000       ms
[40.171s][info][gc,stats    ]    Subphase: Concurrent Roots JavaThreads                  0.000 / 0.000         2.869 / 5.156         2.869 / 5.156         2.869 / 5.156       ms
[40.171s][info][gc,stats    ]    Subphase: Concurrent Roots OopStorageSet                0.000 / 0.000         0.068 / 0.286         0.068 / 0.286         0.068 / 0.286       ms
[40.171s][info][gc,stats    ]    Subphase: Concurrent Weak Roots OopStorageSet           0.000 / 0.000         0.150 / 0.220         0.150 / 0.220         0.150 / 0.220       ms
[40.171s][info][gc,stats    ]    Subphase: Pause Mark Try Complete                       0.000 / 0.000         0.000 / 0.000         0.000 / 0.000         0.000 / 0.000       ms
[40.171s][info][gc,stats    ]      System: Java Threads                                      0 / 0                60 / 101              60 / 101              60 / 101         threads
[40.171s][info][gc,stats    ] =========================================================================================================================================================
[50.175s][info][gc,stats    ] === Garbage Collection Statistics =======================================================================================================================
[50.175s][info][gc,stats    ]                                                              Last 10s              Last 10m              Last 10h                Total
[50.175s][info][gc,stats    ]                                                              Avg / Max             Avg / Max             Avg / Max             Avg / Max
[50.175s][info][gc,stats    ]   Collector: Garbage Collection Cycle                      0.000 / 0.000        49.404 / 50.331       49.404 / 50.331       49.404 / 50.331      ms
[50.175s][info][gc,stats    ]  Contention: Mark Segment Reset Contention                     0 / 0                 0 / 7                 0 / 7                 0 / 7           ops/s
[50.175s][info][gc,stats    ]  Contention: Mark SeqNum Reset Contention                      0 / 0                 0 / 0                 0 / 0                 0 / 0           ops/s
[50.175s][info][gc,stats    ]    Critical: Allocation Stall                                  0 / 0                 0 / 0                 0 / 0                 0 / 0           ops/s
[50.175s][info][gc,stats    ]    Critical: Allocation Stall                              0.000 / 0.000         0.000 / 0.000         0.000 / 0.000         0.000 / 0.000       ms
[50.175s][info][gc,stats    ]    Critical: GC Locker Stall                                   0 / 0                 0 / 0                 0 / 0                 0 / 0           ops/s
[50.175s][info][gc,stats    ]    Critical: GC Locker Stall                               0.000 / 0.000         0.000 / 0.000         0.000 / 0.000         0.000 / 0.000       ms
[50.175s][info][gc,stats    ]    Critical: Relocation Stall                                  0 / 0                 0 / 0                 0 / 0                 0 / 0           ops/s
[50.175s][info][gc,stats    ]    Critical: Relocation Stall                              0.000 / 0.000         0.000 / 0.000         0.000 / 0.000         0.000 / 0.000       ms
[50.175s][info][gc,stats    ]      Memory: Allocation Rate                                   0 / 2                 9 / 94                9 / 94                9 / 94          MB/s
[50.175s][info][gc,stats    ]      Memory: Defragment                                        0 / 0                 0 / 0                 0 / 0                 0 / 0           ops/s
[50.176s][info][gc,stats    ]      Memory: Out Of Memory                                     0 / 0                 0 / 0                 0 / 0                 0 / 0           ops/s
[50.176s][info][gc,stats    ]      Memory: Page Cache Flush                                  0 / 0                 0 / 0                 0 / 0                 0 / 0           MB/s
[50.176s][info][gc,stats    ]      Memory: Page Cache Hit L1                                 0 / 0                 2 / 39                2 / 39                2 / 39          ops/s
[50.176s][info][gc,stats    ]      Memory: Page Cache Hit L2                                 0 / 0                 0 / 0                 0 / 0                 0 / 0           ops/s
[50.176s][info][gc,stats    ]      Memory: Page Cache Hit L3                                 0 / 1                 2 / 21                2 / 21                2 / 21          ops/s
[50.176s][info][gc,stats    ]      Memory: Page Cache Miss                                   0 / 0                 0 / 1                 0 / 1                 0 / 1           ops/s
[50.176s][info][gc,stats    ]      Memory: Uncommit                                          0 / 0                 0 / 0                 0 / 0                 0 / 0           MB/s
[50.176s][info][gc,stats    ]      Memory: Undo Object Allocation Failed                     0 / 0                 0 / 0                 0 / 0                 0 / 0           ops/s
[50.176s][info][gc,stats    ]      Memory: Undo Object Allocation Succeeded                  0 / 0                 0 / 1                 0 / 1                 0 / 1           ops/s
[50.176s][info][gc,stats    ]      Memory: Undo Page Allocation                              0 / 0                 0 / 0                 0 / 0                 0 / 0           ops/s
[50.176s][info][gc,stats    ]       Phase: Concurrent Mark                               0.000 / 0.000        28.585 / 31.521       28.585 / 31.521       28.585 / 31.521      ms
[50.176s][info][gc,stats    ]       Phase: Concurrent Mark Continue                      0.000 / 0.000         0.000 / 0.000         0.000 / 0.000         0.000 / 0.000       ms
[50.176s][info][gc,stats    ]       Phase: Concurrent Mark Free                          0.000 / 0.000         0.001 / 0.001         0.001 / 0.001         0.001 / 0.001       ms
[50.176s][info][gc,stats    ]       Phase: Concurrent Process Non-Strong References      0.000 / 0.000         2.180 / 2.291         2.180 / 2.291         2.180 / 2.291       ms
[50.176s][info][gc,stats    ]       Phase: Concurrent Relocate                           0.000 / 0.000         6.175 / 7.068         6.175 / 7.068         6.175 / 7.068       ms
[50.176s][info][gc,stats    ]       Phase: Concurrent Reset Relocation Set               0.000 / 0.000         0.003 / 0.006         0.003 / 0.006         0.003 / 0.006       ms
[50.176s][info][gc,stats    ]       Phase: Concurrent Select Relocation Set              0.000 / 0.000        11.321 / 14.091       11.321 / 14.091       11.321 / 14.091      ms
[50.176s][info][gc,stats    ]       Phase: Pause Mark End                                0.000 / 0.000         0.022 / 0.023         0.022 / 0.023         0.022 / 0.023       ms
[50.176s][info][gc,stats    ]       Phase: Pause Mark Start                              0.000 / 0.000         0.016 / 0.017         0.016 / 0.017         0.016 / 0.017       ms
[50.176s][info][gc,stats    ]       Phase: Pause Relocate Start                          0.000 / 0.000         0.009 / 0.010         0.009 / 0.010         0.009 / 0.010       ms
[50.176s][info][gc,stats    ]    Subphase: Concurrent Classes Purge                      0.000 / 0.000         0.878 / 1.204         0.878 / 1.204         0.878 / 1.204       ms
[50.176s][info][gc,stats    ]    Subphase: Concurrent Classes Unlink                     0.000 / 0.000         0.719 / 0.739         0.719 / 0.739         0.719 / 0.739       ms
[50.176s][info][gc,stats    ]    Subphase: Concurrent Mark                               0.000 / 0.000        23.696 / 26.250       23.696 / 26.250       23.696 / 26.250      ms
[50.176s][info][gc,stats    ]    Subphase: Concurrent Mark Try Flush                     0.000 / 0.000         0.065 / 0.128         0.065 / 0.128         0.065 / 0.128       ms
[50.176s][info][gc,stats    ]    Subphase: Concurrent Mark Try Terminate                 0.000 / 0.000        10.020 / 14.209       10.020 / 14.209       10.020 / 14.209      ms
[50.176s][info][gc,stats    ]    Subphase: Concurrent References Enqueue                 0.000 / 0.000         0.003 / 0.003         0.003 / 0.003         0.003 / 0.003       ms
[50.176s][info][gc,stats    ]    Subphase: Concurrent References Process                 0.000 / 0.000         0.152 / 0.164         0.152 / 0.164         0.152 / 0.164       ms
[50.176s][info][gc,stats    ]    Subphase: Concurrent Roots ClassLoaderDataGraph         0.000 / 0.000         0.075 / 0.724         0.075 / 0.724         0.075 / 0.724       ms
[50.176s][info][gc,stats    ]    Subphase: Concurrent Roots CodeCache                    0.000 / 0.000         0.000 / 0.000         0.000 / 0.000         0.000 / 0.000       ms
[50.177s][info][gc,stats    ]    Subphase: Concurrent Roots JavaThreads                  0.000 / 0.000         2.869 / 5.156         2.869 / 5.156         2.869 / 5.156       ms
[50.177s][info][gc,stats    ]    Subphase: Concurrent Roots OopStorageSet                0.000 / 0.000         0.068 / 0.286         0.068 / 0.286         0.068 / 0.286       ms
[50.177s][info][gc,stats    ]    Subphase: Concurrent Weak Roots OopStorageSet           0.000 / 0.000         0.150 / 0.220         0.150 / 0.220         0.150 / 0.220       ms
[50.177s][info][gc,stats    ]    Subphase: Pause Mark Try Complete                       0.000 / 0.000         0.000 / 0.000         0.000 / 0.000         0.000 / 0.000       ms
[50.177s][info][gc,stats    ]      System: Java Threads                                      0 / 0                60 / 101              60 / 101              60 / 101         threads
[50.177s][info][gc,stats    ] =========================================================================================================================================================
[60.166s][info][gc,stats    ] === Garbage Collection Statistics =======================================================================================================================
[60.166s][info][gc,stats    ]                                                              Last 10s              Last 10m              Last 10h                Total
[60.166s][info][gc,stats    ]                                                              Avg / Max             Avg / Max             Avg / Max             Avg / Max
[60.166s][info][gc,stats    ]   Collector: Garbage Collection Cycle                      0.000 / 0.000        49.404 / 50.331       49.404 / 50.331       49.404 / 50.331      ms
[60.167s][info][gc,stats    ]  Contention: Mark Segment Reset Contention                     0 / 0                 0 / 7                 0 / 7                 0 / 7           ops/s
[60.167s][info][gc,stats    ]  Contention: Mark SeqNum Reset Contention                      0 / 0                 0 / 0                 0 / 0                 0 / 0           ops/s
[60.167s][info][gc,stats    ]    Critical: Allocation Stall                                  0 / 0                 0 / 0                 0 / 0                 0 / 0           ops/s
[60.167s][info][gc,stats    ]    Critical: Allocation Stall                              0.000 / 0.000         0.000 / 0.000         0.000 / 0.000         0.000 / 0.000       ms
[60.167s][info][gc,stats    ]    Critical: GC Locker Stall                                   0 / 0                 0 / 0                 0 / 0                 0 / 0           ops/s
[60.167s][info][gc,stats    ]    Critical: GC Locker Stall                               0.000 / 0.000         0.000 / 0.000         0.000 / 0.000         0.000 / 0.000       ms
[60.167s][info][gc,stats    ]    Critical: Relocation Stall                                  0 / 0                 0 / 0                 0 / 0                 0 / 0           ops/s
[60.167s][info][gc,stats    ]    Critical: Relocation Stall                              0.000 / 0.000         0.000 / 0.000         0.000 / 0.000         0.000 / 0.000       ms
[60.167s][info][gc,stats    ]      Memory: Allocation Rate                                   0 / 2                 7 / 94                7 / 94                7 / 94          MB/s
[60.167s][info][gc,stats    ]      Memory: Defragment                                        0 / 0                 0 / 0                 0 / 0                 0 / 0           ops/s
[60.167s][info][gc,stats    ]      Memory: Out Of Memory                                     0 / 0                 0 / 0                 0 / 0                 0 / 0           ops/s
[60.167s][info][gc,stats    ]      Memory: Page Cache Flush                                  0 / 0                 0 / 0                 0 / 0                 0 / 0           MB/s
[60.167s][info][gc,stats    ]      Memory: Page Cache Hit L1                                 0 / 0                 1 / 39                1 / 39                1 / 39          ops/s
[60.167s][info][gc,stats    ]      Memory: Page Cache Hit L2                                 0 / 0                 0 / 0                 0 / 0                 0 / 0           ops/s
[60.167s][info][gc,stats    ]      Memory: Page Cache Hit L3                                 0 / 1                 2 / 21                2 / 21                2 / 21          ops/s
[60.167s][info][gc,stats    ]      Memory: Page Cache Miss                                   0 / 0                 0 / 1                 0 / 1                 0 / 1           ops/s
[60.167s][info][gc,stats    ]      Memory: Uncommit                                          0 / 0                 0 / 0                 0 / 0                 0 / 0           MB/s
[60.167s][info][gc,stats    ]      Memory: Undo Object Allocation Failed                     0 / 0                 0 / 0                 0 / 0                 0 / 0           ops/s
[60.167s][info][gc,stats    ]      Memory: Undo Object Allocation Succeeded                  0 / 0                 0 / 1                 0 / 1                 0 / 1           ops/s
[60.167s][info][gc,stats    ]      Memory: Undo Page Allocation                              0 / 0                 0 / 0                 0 / 0                 0 / 0           ops/s
[60.167s][info][gc,stats    ]       Phase: Concurrent Mark                               0.000 / 0.000        28.585 / 31.521       28.585 / 31.521       28.585 / 31.521      ms
[60.167s][info][gc,stats    ]       Phase: Concurrent Mark Continue                      0.000 / 0.000         0.000 / 0.000         0.000 / 0.000         0.000 / 0.000       ms
[60.167s][info][gc,stats    ]       Phase: Concurrent Mark Free                          0.000 / 0.000         0.001 / 0.001         0.001 / 0.001         0.001 / 0.001       ms
[60.167s][info][gc,stats    ]       Phase: Concurrent Process Non-Strong References      0.000 / 0.000         2.180 / 2.291         2.180 / 2.291         2.180 / 2.291       ms
[60.167s][info][gc,stats    ]       Phase: Concurrent Relocate                           0.000 / 0.000         6.175 / 7.068         6.175 / 7.068         6.175 / 7.068       ms
[60.167s][info][gc,stats    ]       Phase: Concurrent Reset Relocation Set               0.000 / 0.000         0.003 / 0.006         0.003 / 0.006         0.003 / 0.006       ms
[60.167s][info][gc,stats    ]       Phase: Concurrent Select Relocation Set              0.000 / 0.000        11.321 / 14.091       11.321 / 14.091       11.321 / 14.091      ms
[60.167s][info][gc,stats    ]       Phase: Pause Mark End                                0.000 / 0.000         0.022 / 0.023         0.022 / 0.023         0.022 / 0.023       ms
[60.167s][info][gc,stats    ]       Phase: Pause Mark Start                              0.000 / 0.000         0.016 / 0.017         0.016 / 0.017         0.016 / 0.017       ms
[60.167s][info][gc,stats    ]       Phase: Pause Relocate Start                          0.000 / 0.000         0.009 / 0.010         0.009 / 0.010         0.009 / 0.010       ms
[60.168s][info][gc,stats    ]    Subphase: Concurrent Classes Purge                      0.000 / 0.000         0.878 / 1.204         0.878 / 1.204         0.878 / 1.204       ms
[60.168s][info][gc,stats    ]    Subphase: Concurrent Classes Unlink                     0.000 / 0.000         0.719 / 0.739         0.719 / 0.739         0.719 / 0.739       ms
[60.168s][info][gc,stats    ]    Subphase: Concurrent Mark                               0.000 / 0.000        23.696 / 26.250       23.696 / 26.250       23.696 / 26.250      ms
[60.168s][info][gc,stats    ]    Subphase: Concurrent Mark Try Flush                     0.000 / 0.000         0.065 / 0.128         0.065 / 0.128         0.065 / 0.128       ms
[60.168s][info][gc,stats    ]    Subphase: Concurrent Mark Try Terminate                 0.000 / 0.000        10.020 / 14.209       10.020 / 14.209       10.020 / 14.209      ms
[60.168s][info][gc,stats    ]    Subphase: Concurrent References Enqueue                 0.000 / 0.000         0.003 / 0.003         0.003 / 0.003         0.003 / 0.003       ms
[60.168s][info][gc,stats    ]    Subphase: Concurrent References Process                 0.000 / 0.000         0.152 / 0.164         0.152 / 0.164         0.152 / 0.164       ms
[60.168s][info][gc,stats    ]    Subphase: Concurrent Roots ClassLoaderDataGraph         0.000 / 0.000         0.075 / 0.724         0.075 / 0.724         0.075 / 0.724       ms
[60.168s][info][gc,stats    ]    Subphase: Concurrent Roots CodeCache                    0.000 / 0.000         0.000 / 0.000         0.000 / 0.000         0.000 / 0.000       ms
[60.168s][info][gc,stats    ]    Subphase: Concurrent Roots JavaThreads                  0.000 / 0.000         2.869 / 5.156         2.869 / 5.156         2.869 / 5.156       ms
[60.168s][info][gc,stats    ]    Subphase: Concurrent Roots OopStorageSet                0.000 / 0.000         0.068 / 0.286         0.068 / 0.286         0.068 / 0.286       ms
[60.168s][info][gc,stats    ]    Subphase: Concurrent Weak Roots OopStorageSet           0.000 / 0.000         0.150 / 0.220         0.150 / 0.220         0.150 / 0.220       ms
[60.168s][info][gc,stats    ]    Subphase: Pause Mark Try Complete                       0.000 / 0.000         0.000 / 0.000         0.000 / 0.000         0.000 / 0.000       ms
[60.168s][info][gc,stats    ]      System: Java Threads                                      0 / 0                60 / 101              60 / 101              60 / 101         threads
[60.168s][info][gc,stats    ] =========================================================================================================================================================
[70.166s][info][gc,stats    ] === Garbage Collection Statistics =======================================================================================================================
[70.166s][info][gc,stats    ]                                                              Last 10s              Last 10m              Last 10h                Total
[70.166s][info][gc,stats    ]                                                              Avg / Max             Avg / Max             Avg / Max             Avg / Max
[70.166s][info][gc,stats    ]   Collector: Garbage Collection Cycle                      0.000 / 0.000        49.404 / 50.331       49.404 / 50.331       49.404 / 50.331      ms
[70.166s][info][gc,stats    ]  Contention: Mark Segment Reset Contention                     0 / 0                 0 / 7                 0 / 7                 0 / 7           ops/s
[70.166s][info][gc,stats    ]  Contention: Mark SeqNum Reset Contention                      0 / 0                 0 / 0                 0 / 0                 0 / 0           ops/s
[70.166s][info][gc,stats    ]    Critical: Allocation Stall                                  0 / 0                 0 / 0                 0 / 0                 0 / 0           ops/s
[70.166s][info][gc,stats    ]    Critical: Allocation Stall                              0.000 / 0.000         0.000 / 0.000         0.000 / 0.000         0.000 / 0.000       ms
[70.166s][info][gc,stats    ]    Critical: GC Locker Stall                                   0 / 0                 0 / 0                 0 / 0                 0 / 0           ops/s
[70.166s][info][gc,stats    ]    Critical: GC Locker Stall                               0.000 / 0.000         0.000 / 0.000         0.000 / 0.000         0.000 / 0.000       ms
[70.166s][info][gc,stats    ]    Critical: Relocation Stall                                  0 / 0                 0 / 0                 0 / 0                 0 / 0           ops/s
[70.167s][info][gc,stats    ]    Critical: Relocation Stall                              0.000 / 0.000         0.000 / 0.000         0.000 / 0.000         0.000 / 0.000       ms
[70.167s][info][gc,stats    ]      Memory: Allocation Rate                                   3 / 20                7 / 94                7 / 94                7 / 94          MB/s
[70.167s][info][gc,stats    ]      Memory: Defragment                                        0 / 0                 0 / 0                 0 / 0                 0 / 0           ops/s
[70.167s][info][gc,stats    ]      Memory: Out Of Memory                                     0 / 0                 0 / 0                 0 / 0                 0 / 0           ops/s
[70.167s][info][gc,stats    ]      Memory: Page Cache Flush                                  0 / 0                 0 / 0                 0 / 0                 0 / 0           MB/s
[70.167s][info][gc,stats    ]      Memory: Page Cache Hit L1                                 0 / 0                 1 / 39                1 / 39                1 / 39          ops/s
[70.167s][info][gc,stats    ]      Memory: Page Cache Hit L2                                 0 / 0                 0 / 0                 0 / 0                 0 / 0           ops/s
[70.167s][info][gc,stats    ]      Memory: Page Cache Hit L3                                 1 / 10                2 / 21                2 / 21                2 / 21          ops/s
[70.167s][info][gc,stats    ]      Memory: Page Cache Miss                                   0 / 0                 0 / 1                 0 / 1                 0 / 1           ops/s
[70.167s][info][gc,stats    ]      Memory: Uncommit                                          0 / 0                 0 / 0                 0 / 0                 0 / 0           MB/s
[70.167s][info][gc,stats    ]      Memory: Undo Object Allocation Failed                     0 / 0                 0 / 0                 0 / 0                 0 / 0           ops/s
[70.167s][info][gc,stats    ]      Memory: Undo Object Allocation Succeeded                  0 / 0                 0 / 1                 0 / 1                 0 / 1           ops/s
[70.167s][info][gc,stats    ]      Memory: Undo Page Allocation                              0 / 0                 0 / 0                 0 / 0                 0 / 0           ops/s
[70.167s][info][gc,stats    ]       Phase: Concurrent Mark                               0.000 / 0.000        28.585 / 31.521       28.585 / 31.521       28.585 / 31.521      ms
[70.167s][info][gc,stats    ]       Phase: Concurrent Mark Continue                      0.000 / 0.000         0.000 / 0.000         0.000 / 0.000         0.000 / 0.000       ms
[70.167s][info][gc,stats    ]       Phase: Concurrent Mark Free                          0.000 / 0.000         0.001 / 0.001         0.001 / 0.001         0.001 / 0.001       ms
[70.167s][info][gc,stats    ]       Phase: Concurrent Process Non-Strong References      0.000 / 0.000         2.180 / 2.291         2.180 / 2.291         2.180 / 2.291       ms
[70.167s][info][gc,stats    ]       Phase: Concurrent Relocate                           0.000 / 0.000         6.175 / 7.068         6.175 / 7.068         6.175 / 7.068       ms
[70.167s][info][gc,stats    ]       Phase: Concurrent Reset Relocation Set               0.000 / 0.000         0.003 / 0.006         0.003 / 0.006         0.003 / 0.006       ms
[70.167s][info][gc,stats    ]       Phase: Concurrent Select Relocation Set              0.000 / 0.000        11.321 / 14.091       11.321 / 14.091       11.321 / 14.091      ms
[70.167s][info][gc,stats    ]       Phase: Pause Mark End                                0.000 / 0.000         0.022 / 0.023         0.022 / 0.023         0.022 / 0.023       ms
[70.167s][info][gc,stats    ]       Phase: Pause Mark Start                              0.000 / 0.000         0.016 / 0.017         0.016 / 0.017         0.016 / 0.017       ms
[70.167s][info][gc,stats    ]       Phase: Pause Relocate Start                          0.000 / 0.000         0.009 / 0.010         0.009 / 0.010         0.009 / 0.010       ms
[70.167s][info][gc,stats    ]    Subphase: Concurrent Classes Purge                      0.000 / 0.000         0.878 / 1.204         0.878 / 1.204         0.878 / 1.204       ms
[70.167s][info][gc,stats    ]    Subphase: Concurrent Classes Unlink                     0.000 / 0.000         0.719 / 0.739         0.719 / 0.739         0.719 / 0.739       ms
[70.167s][info][gc,stats    ]    Subphase: Concurrent Mark                               0.000 / 0.000        23.696 / 26.250       23.696 / 26.250       23.696 / 26.250      ms
[70.168s][info][gc,stats    ]    Subphase: Concurrent Mark Try Flush                     0.000 / 0.000         0.065 / 0.128         0.065 / 0.128         0.065 / 0.128       ms
[70.168s][info][gc,stats    ]    Subphase: Concurrent Mark Try Terminate                 0.000 / 0.000        10.020 / 14.209       10.020 / 14.209       10.020 / 14.209      ms
[70.168s][info][gc,stats    ]    Subphase: Concurrent References Enqueue                 0.000 / 0.000         0.003 / 0.003         0.003 / 0.003         0.003 / 0.003       ms
[70.168s][info][gc,stats    ]    Subphase: Concurrent References Process                 0.000 / 0.000         0.152 / 0.164         0.152 / 0.164         0.152 / 0.164       ms
[70.168s][info][gc,stats    ]    Subphase: Concurrent Roots ClassLoaderDataGraph         0.000 / 0.000         0.075 / 0.724         0.075 / 0.724         0.075 / 0.724       ms
[70.168s][info][gc,stats    ]    Subphase: Concurrent Roots CodeCache                    0.000 / 0.000         0.000 / 0.000         0.000 / 0.000         0.000 / 0.000       ms
[70.168s][info][gc,stats    ]    Subphase: Concurrent Roots JavaThreads                  0.000 / 0.000         2.869 / 5.156         2.869 / 5.156         2.869 / 5.156       ms
[70.168s][info][gc,stats    ]    Subphase: Concurrent Roots OopStorageSet                0.000 / 0.000         0.068 / 0.286         0.068 / 0.286         0.068 / 0.286       ms
[70.168s][info][gc,stats    ]    Subphase: Concurrent Weak Roots OopStorageSet           0.000 / 0.000         0.150 / 0.220         0.150 / 0.220         0.150 / 0.220       ms
[70.168s][info][gc,stats    ]    Subphase: Pause Mark Try Complete                       0.000 / 0.000         0.000 / 0.000         0.000 / 0.000         0.000 / 0.000       ms
[70.168s][info][gc,stats    ]      System: Java Threads                                      0 / 0                60 / 101              60 / 101              60 / 101         threads
[70.168s][info][gc,stats    ] =========================================================================================================================================================
[80.166s][info][gc,stats    ] === Garbage Collection Statistics =======================================================================================================================
[80.166s][info][gc,stats    ]                                                              Last 10s              Last 10m              Last 10h                Total
[80.166s][info][gc,stats    ]                                                              Avg / Max             Avg / Max             Avg / Max             Avg / Max
[80.166s][info][gc,stats    ]   Collector: Garbage Collection Cycle                      0.000 / 0.000        49.404 / 50.331       49.404 / 50.331       49.404 / 50.331      ms
[80.166s][info][gc,stats    ]  Contention: Mark Segment Reset Contention                     0 / 0                 0 / 7                 0 / 7                 0 / 7           ops/s
[80.166s][info][gc,stats    ]  Contention: Mark SeqNum Reset Contention                      0 / 0                 0 / 0                 0 / 0                 0 / 0           ops/s
[80.167s][info][gc,stats    ]    Critical: Allocation Stall                                  0 / 0                 0 / 0                 0 / 0                 0 / 0           ops/s
[80.167s][info][gc,stats    ]    Critical: Allocation Stall                              0.000 / 0.000         0.000 / 0.000         0.000 / 0.000         0.000 / 0.000       ms
[80.167s][info][gc,stats    ]    Critical: GC Locker Stall                                   0 / 0                 0 / 0                 0 / 0                 0 / 0           ops/s
[80.167s][info][gc,stats    ]    Critical: GC Locker Stall                               0.000 / 0.000         0.000 / 0.000         0.000 / 0.000         0.000 / 0.000       ms
[80.167s][info][gc,stats    ]    Critical: Relocation Stall                                  0 / 0                 0 / 0                 0 / 0                 0 / 0           ops/s
[80.167s][info][gc,stats    ]    Critical: Relocation Stall                              0.000 / 0.000         0.000 / 0.000         0.000 / 0.000         0.000 / 0.000       ms
[80.167s][info][gc,stats    ]      Memory: Allocation Rate                                   0 / 4                 6 / 94                6 / 94                6 / 94          MB/s
[80.167s][info][gc,stats    ]      Memory: Defragment                                        0 / 0                 0 / 0                 0 / 0                 0 / 0           ops/s
[80.167s][info][gc,stats    ]      Memory: Out Of Memory                                     0 / 0                 0 / 0                 0 / 0                 0 / 0           ops/s
[80.167s][info][gc,stats    ]      Memory: Page Cache Flush                                  0 / 0                 0 / 0                 0 / 0                 0 / 0           MB/s
[80.167s][info][gc,stats    ]      Memory: Page Cache Hit L1                                 0 / 0                 1 / 39                1 / 39                1 / 39          ops/s
[80.167s][info][gc,stats    ]      Memory: Page Cache Hit L2                                 0 / 0                 0 / 0                 0 / 0                 0 / 0           ops/s
[80.167s][info][gc,stats    ]      Memory: Page Cache Hit L3                                 0 / 2                 1 / 21                1 / 21                1 / 21          ops/s
[80.167s][info][gc,stats    ]      Memory: Page Cache Miss                                   0 / 0                 0 / 1                 0 / 1                 0 / 1           ops/s
[80.167s][info][gc,stats    ]      Memory: Uncommit                                          0 / 0                 0 / 0                 0 / 0                 0 / 0           MB/s
[80.167s][info][gc,stats    ]      Memory: Undo Object Allocation Failed                     0 / 0                 0 / 0                 0 / 0                 0 / 0           ops/s
[80.167s][info][gc,stats    ]      Memory: Undo Object Allocation Succeeded                  0 / 0                 0 / 1                 0 / 1                 0 / 1           ops/s
[80.167s][info][gc,stats    ]      Memory: Undo Page Allocation                              0 / 0                 0 / 0                 0 / 0                 0 / 0           ops/s
[80.167s][info][gc,stats    ]       Phase: Concurrent Mark                               0.000 / 0.000        28.585 / 31.521       28.585 / 31.521       28.585 / 31.521      ms
[80.167s][info][gc,stats    ]       Phase: Concurrent Mark Continue                      0.000 / 0.000         0.000 / 0.000         0.000 / 0.000         0.000 / 0.000       ms
[80.167s][info][gc,stats    ]       Phase: Concurrent Mark Free                          0.000 / 0.000         0.001 / 0.001         0.001 / 0.001         0.001 / 0.001       ms
[80.167s][info][gc,stats    ]       Phase: Concurrent Process Non-Strong References      0.000 / 0.000         2.180 / 2.291         2.180 / 2.291         2.180 / 2.291       ms
[80.167s][info][gc,stats    ]       Phase: Concurrent Relocate                           0.000 / 0.000         6.175 / 7.068         6.175 / 7.068         6.175 / 7.068       ms
[80.167s][info][gc,stats    ]       Phase: Concurrent Reset Relocation Set               0.000 / 0.000         0.003 / 0.006         0.003 / 0.006         0.003 / 0.006       ms
[80.167s][info][gc,stats    ]       Phase: Concurrent Select Relocation Set              0.000 / 0.000        11.321 / 14.091       11.321 / 14.091       11.321 / 14.091      ms
[80.167s][info][gc,stats    ]       Phase: Pause Mark End                                0.000 / 0.000         0.022 / 0.023         0.022 / 0.023         0.022 / 0.023       ms
[80.167s][info][gc,stats    ]       Phase: Pause Mark Start                              0.000 / 0.000         0.016 / 0.017         0.016 / 0.017         0.016 / 0.017       ms
[80.167s][info][gc,stats    ]       Phase: Pause Relocate Start                          0.000 / 0.000         0.009 / 0.010         0.009 / 0.010         0.009 / 0.010       ms
[80.167s][info][gc,stats    ]    Subphase: Concurrent Classes Purge                      0.000 / 0.000         0.878 / 1.204         0.878 / 1.204         0.878 / 1.204       ms
[80.168s][info][gc,stats    ]    Subphase: Concurrent Classes Unlink                     0.000 / 0.000         0.719 / 0.739         0.719 / 0.739         0.719 / 0.739       ms
[80.168s][info][gc,stats    ]    Subphase: Concurrent Mark                               0.000 / 0.000        23.696 / 26.250       23.696 / 26.250       23.696 / 26.250      ms
[80.168s][info][gc,stats    ]    Subphase: Concurrent Mark Try Flush                     0.000 / 0.000         0.065 / 0.128         0.065 / 0.128         0.065 / 0.128       ms
[80.168s][info][gc,stats    ]    Subphase: Concurrent Mark Try Terminate                 0.000 / 0.000        10.020 / 14.209       10.020 / 14.209       10.020 / 14.209      ms
[80.168s][info][gc,stats    ]    Subphase: Concurrent References Enqueue                 0.000 / 0.000         0.003 / 0.003         0.003 / 0.003         0.003 / 0.003       ms
[80.168s][info][gc,stats    ]    Subphase: Concurrent References Process                 0.000 / 0.000         0.152 / 0.164         0.152 / 0.164         0.152 / 0.164       ms
[80.168s][info][gc,stats    ]    Subphase: Concurrent Roots ClassLoaderDataGraph         0.000 / 0.000         0.075 / 0.724         0.075 / 0.724         0.075 / 0.724       ms
[80.168s][info][gc,stats    ]    Subphase: Concurrent Roots CodeCache                    0.000 / 0.000         0.000 / 0.000         0.000 / 0.000         0.000 / 0.000       ms
[80.168s][info][gc,stats    ]    Subphase: Concurrent Roots JavaThreads                  0.000 / 0.000         2.869 / 5.156         2.869 / 5.156         2.869 / 5.156       ms
[80.168s][info][gc,stats    ]    Subphase: Concurrent Roots OopStorageSet                0.000 / 0.000         0.068 / 0.286         0.068 / 0.286         0.068 / 0.286       ms
[80.168s][info][gc,stats    ]    Subphase: Concurrent Weak Roots OopStorageSet           0.000 / 0.000         0.150 / 0.220         0.150 / 0.220         0.150 / 0.220       ms
[80.168s][info][gc,stats    ]    Subphase: Pause Mark Try Complete                       0.000 / 0.000         0.000 / 0.000         0.000 / 0.000         0.000 / 0.000       ms
[80.168s][info][gc,stats    ]      System: Java Threads                                      0 / 0                60 / 101              60 / 101              60 / 101         threads
[80.168s][info][gc,stats    ] =========================================================================================================================================================
[90.167s][info][gc,stats    ] === Garbage Collection Statistics =======================================================================================================================
[90.167s][info][gc,stats    ]                                                              Last 10s              Last 10m              Last 10h                Total
[90.167s][info][gc,stats    ]                                                              Avg / Max             Avg / Max             Avg / Max             Avg / Max
[90.167s][info][gc,stats    ]   Collector: Garbage Collection Cycle                      0.000 / 0.000        49.404 / 50.331       49.404 / 50.331       49.404 / 50.331      ms
[90.168s][info][gc,stats    ]  Contention: Mark Segment Reset Contention                     0 / 0                 0 / 7                 0 / 7                 0 / 7           ops/s
[90.168s][info][gc,stats    ]  Contention: Mark SeqNum Reset Contention                      0 / 0                 0 / 0                 0 / 0                 0 / 0           ops/s
[90.168s][info][gc,stats    ]    Critical: Allocation Stall                                  0 / 0                 0 / 0                 0 / 0                 0 / 0           ops/s
[90.168s][info][gc,stats    ]    Critical: Allocation Stall                              0.000 / 0.000         0.000 / 0.000         0.000 / 0.000         0.000 / 0.000       ms
[90.168s][info][gc,stats    ]    Critical: GC Locker Stall                                   0 / 0                 0 / 0                 0 / 0                 0 / 0           ops/s
[90.168s][info][gc,stats    ]    Critical: GC Locker Stall                               0.000 / 0.000         0.000 / 0.000         0.000 / 0.000         0.000 / 0.000       ms
[90.168s][info][gc,stats    ]    Critical: Relocation Stall                                  0 / 0                 0 / 0                 0 / 0                 0 / 0           ops/s
[90.168s][info][gc,stats    ]    Critical: Relocation Stall                              0.000 / 0.000         0.000 / 0.000         0.000 / 0.000         0.000 / 0.000       ms
[90.168s][info][gc,stats    ]      Memory: Allocation Rate                                   0 / 2                 5 / 94                5 / 94                5 / 94          MB/s
[90.168s][info][gc,stats    ]      Memory: Defragment                                        0 / 0                 0 / 0                 0 / 0                 0 / 0           ops/s
[90.168s][info][gc,stats    ]      Memory: Out Of Memory                                     0 / 0                 0 / 0                 0 / 0                 0 / 0           ops/s
[90.168s][info][gc,stats    ]      Memory: Page Cache Flush                                  0 / 0                 0 / 0                 0 / 0                 0 / 0           MB/s
[90.168s][info][gc,stats    ]      Memory: Page Cache Hit L1                                 0 / 0                 1 / 39                1 / 39                1 / 39          ops/s
[90.168s][info][gc,stats    ]      Memory: Page Cache Hit L2                                 0 / 0                 0 / 0                 0 / 0                 0 / 0           ops/s
[90.168s][info][gc,stats    ]      Memory: Page Cache Hit L3                                 0 / 1                 1 / 21                1 / 21                1 / 21          ops/s
[90.168s][info][gc,stats    ]      Memory: Page Cache Miss                                   0 / 0                 0 / 1                 0 / 1                 0 / 1           ops/s
[90.168s][info][gc,stats    ]      Memory: Uncommit                                          0 / 0                 0 / 0                 0 / 0                 0 / 0           MB/s
[90.168s][info][gc,stats    ]      Memory: Undo Object Allocation Failed                     0 / 0                 0 / 0                 0 / 0                 0 / 0           ops/s
[90.168s][info][gc,stats    ]      Memory: Undo Object Allocation Succeeded                  0 / 0                 0 / 1                 0 / 1                 0 / 1           ops/s
[90.168s][info][gc,stats    ]      Memory: Undo Page Allocation                              0 / 0                 0 / 0                 0 / 0                 0 / 0           ops/s
[90.168s][info][gc,stats    ]       Phase: Concurrent Mark                               0.000 / 0.000        28.585 / 31.521       28.585 / 31.521       28.585 / 31.521      ms
[90.168s][info][gc,stats    ]       Phase: Concurrent Mark Continue                      0.000 / 0.000         0.000 / 0.000         0.000 / 0.000         0.000 / 0.000       ms
[90.168s][info][gc,stats    ]       Phase: Concurrent Mark Free                          0.000 / 0.000         0.001 / 0.001         0.001 / 0.001         0.001 / 0.001       ms
[90.168s][info][gc,stats    ]       Phase: Concurrent Process Non-Strong References      0.000 / 0.000         2.180 / 2.291         2.180 / 2.291         2.180 / 2.291       ms
[90.168s][info][gc,stats    ]       Phase: Concurrent Relocate                           0.000 / 0.000         6.175 / 7.068         6.175 / 7.068         6.175 / 7.068       ms
[90.168s][info][gc,stats    ]       Phase: Concurrent Reset Relocation Set               0.000 / 0.000         0.003 / 0.006         0.003 / 0.006         0.003 / 0.006       ms
[90.168s][info][gc,stats    ]       Phase: Concurrent Select Relocation Set              0.000 / 0.000        11.321 / 14.091       11.321 / 14.091       11.321 / 14.091      ms
[90.168s][info][gc,stats    ]       Phase: Pause Mark End                                0.000 / 0.000         0.022 / 0.023         0.022 / 0.023         0.022 / 0.023       ms
[90.168s][info][gc,stats    ]       Phase: Pause Mark Start                              0.000 / 0.000         0.016 / 0.017         0.016 / 0.017         0.016 / 0.017       ms
[90.169s][info][gc,stats    ]       Phase: Pause Relocate Start                          0.000 / 0.000         0.009 / 0.010         0.009 / 0.010         0.009 / 0.010       ms
[90.169s][info][gc,stats    ]    Subphase: Concurrent Classes Purge                      0.000 / 0.000         0.878 / 1.204         0.878 / 1.204         0.878 / 1.204       ms
[90.169s][info][gc,stats    ]    Subphase: Concurrent Classes Unlink                     0.000 / 0.000         0.719 / 0.739         0.719 / 0.739         0.719 / 0.739       ms
[90.169s][info][gc,stats    ]    Subphase: Concurrent Mark                               0.000 / 0.000        23.696 / 26.250       23.696 / 26.250       23.696 / 26.250      ms
[90.169s][info][gc,stats    ]    Subphase: Concurrent Mark Try Flush                     0.000 / 0.000         0.065 / 0.128         0.065 / 0.128         0.065 / 0.128       ms
[90.169s][info][gc,stats    ]    Subphase: Concurrent Mark Try Terminate                 0.000 / 0.000        10.020 / 14.209       10.020 / 14.209       10.020 / 14.209      ms
[90.169s][info][gc,stats    ]    Subphase: Concurrent References Enqueue                 0.000 / 0.000         0.003 / 0.003         0.003 / 0.003         0.003 / 0.003       ms
[90.169s][info][gc,stats    ]    Subphase: Concurrent References Process                 0.000 / 0.000         0.152 / 0.164         0.152 / 0.164         0.152 / 0.164       ms
[90.169s][info][gc,stats    ]    Subphase: Concurrent Roots ClassLoaderDataGraph         0.000 / 0.000         0.075 / 0.724         0.075 / 0.724         0.075 / 0.724       ms
[90.169s][info][gc,stats    ]    Subphase: Concurrent Roots CodeCache                    0.000 / 0.000         0.000 / 0.000         0.000 / 0.000         0.000 / 0.000       ms
[90.169s][info][gc,stats    ]    Subphase: Concurrent Roots JavaThreads                  0.000 / 0.000         2.869 / 5.156         2.869 / 5.156         2.869 / 5.156       ms
[90.169s][info][gc,stats    ]    Subphase: Concurrent Roots OopStorageSet                0.000 / 0.000         0.068 / 0.286         0.068 / 0.286         0.068 / 0.286       ms
[90.169s][info][gc,stats    ]    Subphase: Concurrent Weak Roots OopStorageSet           0.000 / 0.000         0.150 / 0.220         0.150 / 0.220         0.150 / 0.220       ms
[90.169s][info][gc,stats    ]    Subphase: Pause Mark Try Complete                       0.000 / 0.000         0.000 / 0.000         0.000 / 0.000         0.000 / 0.000       ms
[90.169s][info][gc,stats    ]      System: Java Threads                                      0 / 0                60 / 101              60 / 101              60 / 101         threads
[90.169s][info][gc,stats    ] =========================================================================================================================================================
[100.166s][info][gc,stats    ] === Garbage Collection Statistics =======================================================================================================================
[100.166s][info][gc,stats    ]                                                              Last 10s              Last 10m              Last 10h                Total
[100.166s][info][gc,stats    ]                                                              Avg / Max             Avg / Max             Avg / Max             Avg / Max
[100.166s][info][gc,stats    ]   Collector: Garbage Collection Cycle                      0.000 / 0.000        49.404 / 50.331       49.404 / 50.331       49.404 / 50.331      ms
[100.166s][info][gc,stats    ]  Contention: Mark Segment Reset Contention                     0 / 0                 0 / 7                 0 / 7                 0 / 7           ops/s
[100.166s][info][gc,stats    ]  Contention: Mark SeqNum Reset Contention                      0 / 0                 0 / 0                 0 / 0                 0 / 0           ops/s
[100.166s][info][gc,stats    ]    Critical: Allocation Stall                                  0 / 0                 0 / 0                 0 / 0                 0 / 0           ops/s
[100.166s][info][gc,stats    ]    Critical: Allocation Stall                              0.000 / 0.000         0.000 / 0.000         0.000 / 0.000         0.000 / 0.000       ms
[100.166s][info][gc,stats    ]    Critical: GC Locker Stall                                   0 / 0                 0 / 0                 0 / 0                 0 / 0           ops/s
[100.166s][info][gc,stats    ]    Critical: GC Locker Stall                               0.000 / 0.000         0.000 / 0.000         0.000 / 0.000         0.000 / 0.000       ms
[100.166s][info][gc,stats    ]    Critical: Relocation Stall                                  0 / 0                 0 / 0                 0 / 0                 0 / 0           ops/s
[100.166s][info][gc,stats    ]    Critical: Relocation Stall                              0.000 / 0.000         0.000 / 0.000         0.000 / 0.000         0.000 / 0.000       ms
[100.166s][info][gc,stats    ]      Memory: Allocation Rate                                   0 / 2                 5 / 94                5 / 94                5 / 94          MB/s
[100.166s][info][gc,stats    ]      Memory: Defragment                                        0 / 0                 0 / 0                 0 / 0                 0 / 0           ops/s
[100.166s][info][gc,stats    ]      Memory: Out Of Memory                                     0 / 0                 0 / 0                 0 / 0                 0 / 0           ops/s
[100.166s][info][gc,stats    ]      Memory: Page Cache Flush                                  0 / 0                 0 / 0                 0 / 0                 0 / 0           MB/s
[100.166s][info][gc,stats    ]      Memory: Page Cache Hit L1                                 0 / 0                 1 / 39                1 / 39                1 / 39          ops/s
[100.166s][info][gc,stats    ]      Memory: Page Cache Hit L2                                 0 / 0                 0 / 0                 0 / 0                 0 / 0           ops/s
[100.166s][info][gc,stats    ]      Memory: Page Cache Hit L3                                 0 / 1                 1 / 21                1 / 21                1 / 21          ops/s
[100.166s][info][gc,stats    ]      Memory: Page Cache Miss                                   0 / 0                 0 / 1                 0 / 1                 0 / 1           ops/s
[100.166s][info][gc,stats    ]      Memory: Uncommit                                          0 / 0                 0 / 0                 0 / 0                 0 / 0           MB/s
[100.166s][info][gc,stats    ]      Memory: Undo Object Allocation Failed                     0 / 0                 0 / 0                 0 / 0                 0 / 0           ops/s
[100.166s][info][gc,stats    ]      Memory: Undo Object Allocation Succeeded                  0 / 0                 0 / 1                 0 / 1                 0 / 1           ops/s
[100.166s][info][gc,stats    ]      Memory: Undo Page Allocation                              0 / 0                 0 / 0                 0 / 0                 0 / 0           ops/s
[100.166s][info][gc,stats    ]       Phase: Concurrent Mark                               0.000 / 0.000        28.585 / 31.521       28.585 / 31.521       28.585 / 31.521      ms
[100.166s][info][gc,stats    ]       Phase: Concurrent Mark Continue                      0.000 / 0.000         0.000 / 0.000         0.000 / 0.000         0.000 / 0.000       ms
[100.167s][info][gc,stats    ]       Phase: Concurrent Mark Free                          0.000 / 0.000         0.001 / 0.001         0.001 / 0.001         0.001 / 0.001       ms
[100.167s][info][gc,stats    ]       Phase: Concurrent Process Non-Strong References      0.000 / 0.000         2.180 / 2.291         2.180 / 2.291         2.180 / 2.291       ms
[100.167s][info][gc,stats    ]       Phase: Concurrent Relocate                           0.000 / 0.000         6.175 / 7.068         6.175 / 7.068         6.175 / 7.068       ms
[100.167s][info][gc,stats    ]       Phase: Concurrent Reset Relocation Set               0.000 / 0.000         0.003 / 0.006         0.003 / 0.006         0.003 / 0.006       ms
[100.167s][info][gc,stats    ]       Phase: Concurrent Select Relocation Set              0.000 / 0.000        11.321 / 14.091       11.321 / 14.091       11.321 / 14.091      ms
[100.167s][info][gc,stats    ]       Phase: Pause Mark End                                0.000 / 0.000         0.022 / 0.023         0.022 / 0.023         0.022 / 0.023       ms
[100.167s][info][gc,stats    ]       Phase: Pause Mark Start                              0.000 / 0.000         0.016 / 0.017         0.016 / 0.017         0.016 / 0.017       ms
[100.167s][info][gc,stats    ]       Phase: Pause Relocate Start                          0.000 / 0.000         0.009 / 0.010         0.009 / 0.010         0.009 / 0.010       ms
[100.167s][info][gc,stats    ]    Subphase: Concurrent Classes Purge                      0.000 / 0.000         0.878 / 1.204         0.878 / 1.204         0.878 / 1.204       ms
[100.167s][info][gc,stats    ]    Subphase: Concurrent Classes Unlink                     0.000 / 0.000         0.719 / 0.739         0.719 / 0.739         0.719 / 0.739       ms
[100.167s][info][gc,stats    ]    Subphase: Concurrent Mark                               0.000 / 0.000        23.696 / 26.250       23.696 / 26.250       23.696 / 26.250      ms
[100.167s][info][gc,stats    ]    Subphase: Concurrent Mark Try Flush                     0.000 / 0.000         0.065 / 0.128         0.065 / 0.128         0.065 / 0.128       ms
[100.167s][info][gc,stats    ]    Subphase: Concurrent Mark Try Terminate                 0.000 / 0.000        10.020 / 14.209       10.020 / 14.209       10.020 / 14.209      ms
[100.167s][info][gc,stats    ]    Subphase: Concurrent References Enqueue                 0.000 / 0.000         0.003 / 0.003         0.003 / 0.003         0.003 / 0.003       ms
[100.167s][info][gc,stats    ]    Subphase: Concurrent References Process                 0.000 / 0.000         0.152 / 0.164         0.152 / 0.164         0.152 / 0.164       ms
[100.167s][info][gc,stats    ]    Subphase: Concurrent Roots ClassLoaderDataGraph         0.000 / 0.000         0.075 / 0.724         0.075 / 0.724         0.075 / 0.724       ms
[100.167s][info][gc,stats    ]    Subphase: Concurrent Roots CodeCache                    0.000 / 0.000         0.000 / 0.000         0.000 / 0.000         0.000 / 0.000       ms
[100.167s][info][gc,stats    ]    Subphase: Concurrent Roots JavaThreads                  0.000 / 0.000         2.869 / 5.156         2.869 / 5.156         2.869 / 5.156       ms
[100.167s][info][gc,stats    ]    Subphase: Concurrent Roots OopStorageSet                0.000 / 0.000         0.068 / 0.286         0.068 / 0.286         0.068 / 0.286       ms
[100.167s][info][gc,stats    ]    Subphase: Concurrent Weak Roots OopStorageSet           0.000 / 0.000         0.150 / 0.220         0.150 / 0.220         0.150 / 0.220       ms
[100.167s][info][gc,stats    ]    Subphase: Pause Mark Try Complete                       0.000 / 0.000         0.000 / 0.000         0.000 / 0.000         0.000 / 0.000       ms
[100.167s][info][gc,stats    ]      System: Java Threads                                      0 / 0                60 / 101              60 / 101              60 / 101         threads
[100.167s][info][gc,stats    ] =========================================================================================================================================================
[104.723s][info][gc,start    ] GC(2) Garbage Collection (Metadata GC Threshold)
[104.723s][info][gc,task     ] GC(2) Using 12 workers
[104.723s][info][gc,phases   ] GC(2) Pause Mark Start 0.016ms
[104.751s][info][gc,phases   ] GC(2) Concurrent Mark 27.846ms
[104.751s][info][gc,phases   ] GC(2) Pause Mark End 0.023ms
[104.751s][info][gc,phases   ] GC(2) Concurrent Mark Free 0.001ms
[104.755s][info][gc,phases   ] GC(2) Concurrent Process Non-Strong References 3.513ms
[104.755s][info][gc,phases   ] GC(2) Concurrent Reset Relocation Set 0.007ms
[104.758s][info][gc,phases   ] GC(2) Concurrent Select Relocation Set 2.978ms
[104.758s][info][gc,phases   ] GC(2) Pause Relocate Start 0.007ms
[104.762s][info][gc,phases   ] GC(2) Concurrent Relocate 4.040ms
[104.762s][info][gc,load     ] GC(2) Load: 0.00/0.00/0.00
[104.762s][info][gc,mmu      ] GC(2) MMU: 2ms/98.8%, 5ms/99.5%, 10ms/99.7%, 20ms/99.8%, 50ms/99.9%, 100ms/100.0%
[104.762s][info][gc,marking  ] GC(2) Mark: 8 stripe(s), 2 proactive flush(es), 1 terminate flush(es), 0 completion(s), 0 continuation(s) 
[104.762s][info][gc,marking  ] GC(2) Mark Stack Usage: 32M
[104.762s][info][gc,nmethod  ] GC(2) NMethods: 3262 registered, 758 unregistered
[104.762s][info][gc,metaspace] GC(2) Metaspace: 60M used, 61M committed, 1088M reserved
[104.762s][info][gc,ref      ] GC(2) Soft: 4364 encountered, 0 discovered, 0 enqueued
[104.762s][info][gc,ref      ] GC(2) Weak: 4886 encountered, 2285 discovered, 930 enqueued
[104.762s][info][gc,ref      ] GC(2) Final: 234 encountered, 69 discovered, 0 enqueued
[104.762s][info][gc,ref      ] GC(2) Phantom: 1070 encountered, 994 discovered, 474 enqueued
[104.762s][info][gc,reloc    ] GC(2) Small Pages: 203 / 406M, Empty: 200M, Relocated: 13M, In-Place: 0
[104.762s][info][gc,reloc    ] GC(2) Medium Pages: 2 / 64M, Empty: 32M, Relocated: 0M, In-Place: 0
[104.763s][info][gc,reloc    ] GC(2) Large Pages: 0 / 0M, Empty: 0M, Relocated: 0M, In-Place: 0
[104.763s][info][gc,reloc    ] GC(2) Forwarding Usage: 4M
[104.763s][info][gc,heap     ] GC(2) Min Capacity: 8M(0%)
[104.763s][info][gc,heap     ] GC(2) Max Capacity: 30718M(100%)
[104.763s][info][gc,heap     ] GC(2) Soft Max Capacity: 30718M(100%)
[104.763s][info][gc,heap     ] GC(2)                Mark Start          Mark End        Relocate Start      Relocate End           High               Low         
[104.763s][info][gc,heap     ] GC(2)  Capacity:     2048M (7%)         2048M (7%)         2048M (7%)         2048M (7%)         2048M (7%)         2048M (7%)     
[104.763s][info][gc,heap     ] GC(2)      Free:    30248M (98%)       30246M (98%)       30476M (99%)       30636M (100%)      30636M (100%)      30246M (98%)    
[104.763s][info][gc,heap     ] GC(2)      Used:      470M (2%)          472M (2%)          242M (1%)           82M (0%)          472M (2%)           82M (0%)     
[104.763s][info][gc,heap     ] GC(2)      Live:         -                35M (0%)           35M (0%)           35M (0%)             -                  -          
[104.763s][info][gc,heap     ] GC(2) Allocated:         -                 2M (0%)            4M (0%)            3M (0%)             -                  -          
[104.763s][info][gc,heap     ] GC(2)   Garbage:         -               434M (1%)          202M (1%)           42M (0%)             -                  -          
[104.763s][info][gc,heap     ] GC(2) Reclaimed:         -                  -               232M (1%)          391M (1%)             -                  -          
[104.763s][info][gc          ] GC(2) Garbage Collection (Metadata GC Threshold) 470M(2%)->82M(0%)
[106.342s][info][gc,start    ] GC(3) Garbage Collection (System.gc())
[106.342s][info][gc,task     ] GC(3) Using 12 workers
[106.342s][info][gc,phases   ] GC(3) Pause Mark Start 0.016ms
[106.369s][info][gc,phases   ] GC(3) Concurrent Mark 27.096ms
[106.369s][info][gc,phases   ] GC(3) Pause Mark End 0.021ms
[106.369s][info][gc,phases   ] GC(3) Concurrent Mark Free 0.001ms
[106.372s][info][gc,phases   ] GC(3) Concurrent Process Non-Strong References 2.891ms
[106.372s][info][gc,phases   ] GC(3) Concurrent Reset Relocation Set 0.009ms
[106.379s][info][gc,phases   ] GC(3) Concurrent Select Relocation Set 6.362ms
[106.379s][info][gc,phases   ] GC(3) Pause Relocate Start 0.008ms
[106.384s][info][gc,phases   ] GC(3) Concurrent Relocate 5.375ms
[106.384s][info][gc,load     ] GC(3) Load: 0.00/0.00/0.00
[106.384s][info][gc,mmu      ] GC(3) MMU: 2ms/98.8%, 5ms/99.5%, 10ms/99.7%, 20ms/99.8%, 50ms/99.9%, 100ms/100.0%
[106.384s][info][gc,marking  ] GC(3) Mark: 8 stripe(s), 2 proactive flush(es), 1 terminate flush(es), 0 completion(s), 0 continuation(s) 
[106.384s][info][gc,marking  ] GC(3) Mark Stack Usage: 32M
[106.384s][info][gc,nmethod  ] GC(3) NMethods: 4054 registered, 1331 unregistered
[106.384s][info][gc,metaspace] GC(3) Metaspace: 82M used, 83M committed, 1152M reserved
[106.384s][info][gc,ref      ] GC(3) Soft: 4448 encountered, 0 discovered, 0 enqueued
[106.384s][info][gc,ref      ] GC(3) Weak: 11601 encountered, 5507 discovered, 2902 enqueued
[106.384s][info][gc,ref      ] GC(3) Final: 234 encountered, 7 discovered, 0 enqueued
[106.384s][info][gc,ref      ] GC(3) Phantom: 1146 encountered, 1129 discovered, 546 enqueued
[106.384s][info][gc,reloc    ] GC(3) Small Pages: 83 / 166M, Empty: 0M, Relocated: 15M, In-Place: 0
[106.384s][info][gc,reloc    ] GC(3) Medium Pages: 2 / 64M, Empty: 0M, Relocated: 5M, In-Place: 0
[106.384s][info][gc,reloc    ] GC(3) Large Pages: 0 / 0M, Empty: 0M, Relocated: 0M, In-Place: 0
[106.384s][info][gc,reloc    ] GC(3) Forwarding Usage: 5M
[106.384s][info][gc,heap     ] GC(3) Min Capacity: 8M(0%)
[106.384s][info][gc,heap     ] GC(3) Max Capacity: 30718M(100%)
[106.384s][info][gc,heap     ] GC(3) Soft Max Capacity: 30718M(100%)
[106.384s][info][gc,heap     ] GC(3)                Mark Start          Mark End        Relocate Start      Relocate End           High               Low         
[106.384s][info][gc,heap     ] GC(3)  Capacity:     2048M (7%)         2048M (7%)         2048M (7%)         2048M (7%)         2048M (7%)         2048M (7%)     
[106.384s][info][gc,heap     ] GC(3)      Free:    30488M (99%)       30488M (99%)       30484M (99%)       30628M (100%)      30628M (100%)      30434M (99%)    
[106.384s][info][gc,heap     ] GC(3)      Used:      230M (1%)          230M (1%)          234M (1%)           90M (0%)          284M (1%)           90M (0%)     
[106.384s][info][gc,heap     ] GC(3)      Live:         -                42M (0%)           42M (0%)           42M (0%)             -                  -          
[106.384s][info][gc,heap     ] GC(3) Allocated:         -                 0M (0%)            4M (0%)            7M (0%)             -                  -          
[106.384s][info][gc,heap     ] GC(3)   Garbage:         -               187M (1%)          187M (1%)           39M (0%)             -                  -          
[106.385s][info][gc,heap     ] GC(3) Reclaimed:         -                  -                 0M (0%)          147M (0%)             -                  -          
[106.385s][info][gc          ] GC(3) Garbage Collection (System.gc()) 230M(1%)->90M(0%)
[110.170s][info][gc,stats    ] === Garbage Collection Statistics =======================================================================================================================
[110.170s][info][gc,stats    ]                                                              Last 10s              Last 10m              Last 10h                Total
[110.170s][info][gc,stats    ]                                                              Avg / Max             Avg / Max             Avg / Max             Avg / Max
[110.170s][info][gc,stats    ]   Collector: Garbage Collection Cycle                     41.177 / 42.697       45.291 / 50.331       45.291 / 50.331       45.291 / 50.331      ms
[110.170s][info][gc,stats    ]  Contention: Mark Segment Reset Contention                     0 / 3                 0 / 7                 0 / 7                 0 / 7           ops/s
[110.170s][info][gc,stats    ]  Contention: Mark SeqNum Reset Contention                      0 / 1                 0 / 1                 0 / 1                 0 / 1           ops/s
[110.170s][info][gc,stats    ]    Critical: Allocation Stall                                  0 / 0                 0 / 0                 0 / 0                 0 / 0           ops/s
[110.170s][info][gc,stats    ]    Critical: Allocation Stall                              0.000 / 0.000         0.000 / 0.000         0.000 / 0.000         0.000 / 0.000       ms
[110.170s][info][gc,stats    ]    Critical: GC Locker Stall                                   0 / 0                 0 / 0                 0 / 0                 0 / 0           ops/s
[110.171s][info][gc,stats    ]    Critical: GC Locker Stall                               0.000 / 0.000         0.000 / 0.000         0.000 / 0.000         0.000 / 0.000       ms
[110.171s][info][gc,stats    ]    Critical: Relocation Stall                                  0 / 0                 0 / 0                 0 / 0                 0 / 0           ops/s
[110.171s][info][gc,stats    ]    Critical: Relocation Stall                              0.000 / 0.000         0.000 / 0.000         0.000 / 0.000         0.000 / 0.000       ms
[110.171s][info][gc,stats    ]      Memory: Allocation Rate                                  74 / 208              11 / 208              11 / 208              11 / 208         MB/s
[110.171s][info][gc,stats    ]      Memory: Defragment                                        0 / 0                 0 / 0                 0 / 0                 0 / 0           ops/s
[110.171s][info][gc,stats    ]      Memory: Out Of Memory                                     0 / 0                 0 / 0                 0 / 0                 0 / 0           ops/s
[110.171s][info][gc,stats    ]      Memory: Page Cache Flush                                  0 / 0                 0 / 0                 0 / 0                 0 / 0           MB/s
[110.171s][info][gc,stats    ]      Memory: Page Cache Hit L1                                26 / 78                3 / 78                3 / 78                3 / 78          ops/s
[110.171s][info][gc,stats    ]      Memory: Page Cache Hit L2                                 0 / 0                 0 / 0                 0 / 0                 0 / 0           ops/s
[110.171s][info][gc,stats    ]      Memory: Page Cache Hit L3                                 8 / 36                2 / 36                2 / 36                2 / 36          ops/s
[110.171s][info][gc,stats    ]      Memory: Page Cache Miss                                   0 / 0                 0 / 1                 0 / 1                 0 / 1           ops/s
[110.171s][info][gc,stats    ]      Memory: Uncommit                                          0 / 0                 0 / 0                 0 / 0                 0 / 0           MB/s
[110.171s][info][gc,stats    ]      Memory: Undo Object Allocation Failed                     0 / 0                 0 / 0                 0 / 0                 0 / 0           ops/s
[110.171s][info][gc,stats    ]      Memory: Undo Object Allocation Succeeded                  0 / 0                 0 / 1                 0 / 1                 0 / 1           ops/s
[110.171s][info][gc,stats    ]      Memory: Undo Page Allocation                              0 / 0                 0 / 0                 0 / 0                 0 / 0           ops/s
[110.171s][info][gc,stats    ]       Phase: Concurrent Mark                              27.471 / 27.846       28.028 / 31.521       28.028 / 31.521       28.028 / 31.521      ms
[110.171s][info][gc,stats    ]       Phase: Concurrent Mark Continue                      0.000 / 0.000         0.000 / 0.000         0.000 / 0.000         0.000 / 0.000       ms
[110.171s][info][gc,stats    ]       Phase: Concurrent Mark Free                          0.001 / 0.001         0.001 / 0.001         0.001 / 0.001         0.001 / 0.001       ms
[110.171s][info][gc,stats    ]       Phase: Concurrent Process Non-Strong References      3.202 / 3.513         2.691 / 3.513         2.691 / 3.513         2.691 / 3.513       ms
[110.171s][info][gc,stats    ]       Phase: Concurrent Relocate                           4.707 / 5.375         5.441 / 7.068         5.441 / 7.068         5.441 / 7.068       ms
[110.171s][info][gc,stats    ]       Phase: Concurrent Reset Relocation Set               0.008 / 0.009         0.006 / 0.009         0.006 / 0.009         0.006 / 0.009       ms
[110.171s][info][gc,stats    ]       Phase: Concurrent Select Relocation Set              4.670 / 6.362         7.996 / 14.091        7.996 / 14.091        7.996 / 14.091      ms
[110.171s][info][gc,stats    ]       Phase: Pause Mark End                                0.022 / 0.023         0.022 / 0.023         0.022 / 0.023         0.022 / 0.023       ms
[110.171s][info][gc,stats    ]       Phase: Pause Mark Start                              0.016 / 0.016         0.016 / 0.017         0.016 / 0.017         0.016 / 0.017       ms
[110.171s][info][gc,stats    ]       Phase: Pause Relocate Start                          0.008 / 0.008         0.008 / 0.010         0.008 / 0.010         0.008 / 0.010       ms
[110.171s][info][gc,stats    ]    Subphase: Concurrent Classes Purge                      1.637 / 2.000         1.258 / 2.000         1.258 / 2.000         1.258 / 2.000       ms
[110.171s][info][gc,stats    ]    Subphase: Concurrent Classes Unlink                     0.921 / 0.984         0.820 / 0.984         0.820 / 0.984         0.820 / 0.984       ms
[110.171s][info][gc,stats    ]    Subphase: Concurrent Mark                              21.997 / 22.814       22.846 / 26.250       22.846 / 26.250       22.846 / 26.250      ms
[110.171s][info][gc,stats    ]    Subphase: Concurrent Mark Try Flush                     0.168 / 0.330         0.116 / 0.330         0.116 / 0.330         0.116 / 0.330       ms
[110.172s][info][gc,stats    ]    Subphase: Concurrent Mark Try Terminate                 2.863 / 6.555         6.186 / 14.209        6.186 / 14.209        6.186 / 14.209      ms
[110.172s][info][gc,stats    ]    Subphase: Concurrent References Enqueue                 0.003 / 0.003         0.003 / 0.003         0.003 / 0.003         0.003 / 0.003       ms
[110.172s][info][gc,stats    ]    Subphase: Concurrent References Process                 0.213 / 0.237         0.182 / 0.237         0.182 / 0.237         0.182 / 0.237       ms
[110.172s][info][gc,stats    ]    Subphase: Concurrent Roots ClassLoaderDataGraph         0.063 / 0.576         0.068 / 0.724         0.068 / 0.724         0.068 / 0.724       ms
[110.172s][info][gc,stats    ]    Subphase: Concurrent Roots CodeCache                    0.000 / 0.000         0.000 / 0.000         0.000 / 0.000         0.000 / 0.000       ms
[110.172s][info][gc,stats    ]    Subphase: Concurrent Roots JavaThreads                  4.517 / 5.291         3.768 / 5.291         3.768 / 5.291         3.768 / 5.291       ms
[110.172s][info][gc,stats    ]    Subphase: Concurrent Roots OopStorageSet                0.022 / 0.068         0.043 / 0.286         0.043 / 0.286         0.043 / 0.286       ms
[110.172s][info][gc,stats    ]    Subphase: Concurrent Weak Roots OopStorageSet           0.255 / 0.264         0.202 / 0.264         0.202 / 0.264         0.202 / 0.264       ms
[110.172s][info][gc,stats    ]    Subphase: Pause Mark Try Complete                       0.000 / 0.000         0.000 / 0.000         0.000 / 0.000         0.000 / 0.000       ms
[110.172s][info][gc,stats    ]      System: Java Threads                                    106 / 107              83 / 107              83 / 107              83 / 107         threads
[110.172s][info][gc,stats    ] =========================================================================================================================================================
[112.166s][info][gc,start    ] GC(4) Garbage Collection (Warmup)
[112.166s][info][gc,task     ] GC(4) Using 12 workers
[112.173s][info][gc,phases   ] GC(4) Pause Mark Start 0.012ms
[112.674s][info][gc,phases   ] GC(4) Concurrent Mark 500.995ms
[112.675s][info][gc,phases   ] GC(4) Pause Mark End 0.037ms
[112.702s][info][gc,phases   ] GC(4) Concurrent Mark Free 0.001ms
[113.503s][info][gc,phases   ] GC(4) Concurrent Process Non-Strong References 800.745ms
[113.503s][info][gc,phases   ] GC(4) Concurrent Reset Relocation Set 0.021ms
[113.661s][info][gc,phases   ] GC(4) Concurrent Select Relocation Set 157.752ms
[113.714s][info][gc,phases   ] GC(4) Pause Relocate Start 0.008ms
[113.915s][info][gc,phases   ] GC(4) Concurrent Relocate 150.063ms
[113.916s][info][gc,load     ] GC(4) Load: 0.00/0.00/0.00
[113.916s][info][gc,mmu      ] GC(4) MMU: 2ms/98.2%, 5ms/99.3%, 10ms/99.6%, 20ms/99.8%, 50ms/99.9%, 100ms/100.0%
[113.916s][info][gc,marking  ] GC(4) Mark: 8 stripe(s), 2 proactive flush(es), 1 terminate flush(es), 0 completion(s), 0 continuation(s) 
[113.916s][info][gc,marking  ] GC(4) Mark Stack Usage: 32M
[113.916s][info][gc,nmethod  ] GC(4) NMethods: 7129 registered, 1335 unregistered
[113.916s][info][gc,metaspace] GC(4) Metaspace: 111M used, 125M committed, 1152M reserved
[113.916s][info][gc,ref      ] GC(4) Soft: 5737 encountered, 0 discovered, 0 enqueued
[113.916s][info][gc,ref      ] GC(4) Weak: 19674 encountered, 10462 discovered, 6498 enqueued
[113.916s][info][gc,ref      ] GC(4) Final: 234 encountered, 7 discovered, 0 enqueued
[113.916s][info][gc,ref      ] GC(4) Phantom: 6601 encountered, 6291 discovered, 5852 enqueued
[113.916s][info][gc,reloc    ] GC(4) Small Pages: 1255 / 2510M, Empty: 1502M, Relocated: 34M, In-Place: 0
[113.916s][info][gc,reloc    ] GC(4) Medium Pages: 6 / 192M, Empty: 0M, Relocated: 12M, In-Place: 0
[113.916s][info][gc,reloc    ] GC(4) Large Pages: 2 / 12M, Empty: 12M, Relocated: 0M, In-Place: 0
[113.916s][info][gc,reloc    ] GC(4) Forwarding Usage: 7M
[113.916s][info][gc,heap     ] GC(4) Min Capacity: 8M(0%)
[113.916s][info][gc,heap     ] GC(4) Max Capacity: 30718M(100%)
[113.916s][info][gc,heap     ] GC(4) Soft Max Capacity: 30718M(100%)
[113.916s][info][gc,heap     ] GC(4)                Mark Start          Mark End        Relocate Start      Relocate End           High               Low         
[113.916s][info][gc,heap     ] GC(4)  Capacity:     3820M (12%)        3820M (12%)        5444M (18%)        5444M (18%)        5444M (18%)        3820M (12%)    
[113.916s][info][gc,heap     ] GC(4)      Free:    28004M (91%)       27456M (89%)       27610M (90%)       27056M (88%)       28080M (91%)       26362M (86%)    
[113.916s][info][gc,heap     ] GC(4)      Used:     2714M (9%)         3262M (11%)        3108M (10%)        3662M (12%)        4356M (14%)        2638M (9%)     
[113.916s][info][gc,heap     ] GC(4)      Live:         -               157M (1%)          157M (1%)          157M (1%)             -                  -          
[113.916s][info][gc,heap     ] GC(4) Allocated:         -               548M (2%)         1908M (6%)         3447M (11%)            -                  -          
[113.916s][info][gc,heap     ] GC(4)   Garbage:         -              2556M (8%)         1042M (3%)           57M (0%)             -                  -          
[113.916s][info][gc,heap     ] GC(4) Reclaimed:         -                  -              1514M (5%)         2499M (8%)             -                  -          
[113.916s][info][gc          ] GC(4) Garbage Collection (Warmup) 2714M(9%)->3662M(12%)
[113.979s][info][gc,start    ] GC(5) Garbage Collection (Allocation Rate)
[113.979s][info][gc,task     ] GC(5) Using 12 workers
[113.995s][info][gc,phases   ] GC(5) Pause Mark Start 0.012ms
[114.354s][info][gc,phases   ] GC(5) Concurrent Mark 359.042ms
[114.355s][info][gc,phases   ] GC(5) Pause Mark End 0.026ms
[114.359s][info][gc,phases   ] GC(5) Concurrent Mark Free 0.001ms
[114.370s][info][gc,phases   ] GC(5) Concurrent Process Non-Strong References 10.514ms
[114.370s][info][gc,phases   ] GC(5) Concurrent Reset Relocation Set 0.061ms
[114.430s][info][gc,phases   ] GC(5) Concurrent Select Relocation Set 60.229ms
[114.431s][info][gc,phases   ] GC(5) Pause Relocate Start 0.007ms
[114.468s][info][gc,phases   ] GC(5) Concurrent Relocate 37.009ms
[114.468s][info][gc,load     ] GC(5) Load: 0.00/0.00/0.00
[114.468s][info][gc,mmu      ] GC(5) MMU: 2ms/98.2%, 5ms/99.3%, 10ms/99.6%, 20ms/99.8%, 50ms/99.9%, 100ms/100.0%
[114.468s][info][gc,marking  ] GC(5) Mark: 8 stripe(s), 2 proactive flush(es), 1 terminate flush(es), 0 completion(s), 0 continuation(s) 
[114.468s][info][gc,marking  ] GC(5) Mark Stack Usage: 32M
[114.468s][info][gc,nmethod  ] GC(5) NMethods: 7123 registered, 1343 unregistered
[114.468s][info][gc,metaspace] GC(5) Metaspace: 111M used, 125M committed, 1152M reserved
[114.468s][info][gc,ref      ] GC(5) Soft: 5737 encountered, 0 discovered, 0 enqueued
[114.468s][info][gc,ref      ] GC(5) Weak: 13176 encountered, 5356 discovered, 0 enqueued
[114.468s][info][gc,ref      ] GC(5) Final: 234 encountered, 200 discovered, 0 enqueued
[114.468s][info][gc,ref      ] GC(5) Phantom: 749 encountered, 550 discovered, 0 enqueued
[114.468s][info][gc,reloc    ] GC(5) Small Pages: 2111 / 4222M, Empty: 3718M, Relocated: 6M, In-Place: 0
[114.468s][info][gc,reloc    ] GC(5) Medium Pages: 9 / 288M, Empty: 128M, Relocated: 27M, In-Place: 0
[114.468s][info][gc,reloc    ] GC(5) Large Pages: 14 / 112M, Empty: 0M, Relocated: 0M, In-Place: 0
[114.468s][info][gc,reloc    ] GC(5) Forwarding Usage: 1M
[114.468s][info][gc,heap     ] GC(5) Min Capacity: 8M(0%)
[114.468s][info][gc,heap     ] GC(5) Max Capacity: 30718M(100%)
[114.468s][info][gc,heap     ] GC(5) Soft Max Capacity: 30718M(100%)
[114.468s][info][gc,heap     ] GC(5)                Mark Start          Mark End        Relocate Start      Relocate End           High               Low         
[114.468s][info][gc,heap     ] GC(5)  Capacity:     5444M (18%)        5444M (18%)        5444M (18%)        5444M (18%)        5444M (18%)        5444M (18%)    
[114.468s][info][gc,heap     ] GC(5)      Free:    26096M (85%)       25668M (84%)       29420M (96%)       29696M (97%)       29812M (97%)       25646M (83%)    
[114.468s][info][gc,heap     ] GC(5)      Used:     4622M (15%)        5050M (16%)        1298M (4%)         1022M (3%)         5072M (17%)         906M (3%)     
[114.468s][info][gc,heap     ] GC(5)      Live:         -               287M (1%)          287M (1%)          287M (1%)             -                  -          
[114.468s][info][gc,heap     ] GC(5) Allocated:         -               428M (1%)          522M (2%)          689M (2%)             -                  -          
[114.468s][info][gc,heap     ] GC(5)   Garbage:         -              4334M (14%)         488M (2%)           44M (0%)             -                  -          
[114.468s][info][gc,heap     ] GC(5) Reclaimed:         -                  -              3846M (13%)        4289M (14%)            -                  -          
[114.468s][info][gc          ] GC(5) Garbage Collection (Allocation Rate) 4622M(15%)->1022M(3%)
[114.479s][info][gc,start    ] GC(6) Garbage Collection (Allocation Rate)
[114.479s][info][gc,task     ] GC(6) Using 12 workers
[114.495s][info][gc,phases   ] GC(6) Pause Mark Start 0.009ms
[115.013s][info][gc,phases   ] GC(6) Concurrent Mark 502.673ms
[115.028s][info][gc,phases   ] GC(6) Pause Mark End 0.030ms
[115.032s][info][gc,phases   ] GC(6) Concurrent Mark Free 0.001ms
[115.079s][info][gc,phases   ] GC(6) Concurrent Process Non-Strong References 46.736ms
[115.079s][info][gc,phases   ] GC(6) Concurrent Reset Relocation Set 0.022ms
[115.174s][info][gc,phases   ] GC(6) Concurrent Select Relocation Set 94.699ms
[115.175s][info][gc,phases   ] GC(6) Pause Relocate Start 0.009ms
[115.216s][info][gc,phases   ] GC(6) Concurrent Relocate 39.810ms
[115.216s][info][gc,load     ] GC(6) Load: 0.00/0.00/0.00
[115.216s][info][gc,mmu      ] GC(6) MMU: 2ms/98.2%, 5ms/99.3%, 10ms/99.6%, 20ms/99.8%, 50ms/99.9%, 100ms/100.0%
[115.216s][info][gc,marking  ] GC(6) Mark: 8 stripe(s), 2 proactive flush(es), 1 terminate flush(es), 0 completion(s), 0 continuation(s) 
[115.216s][info][gc,marking  ] GC(6) Mark Stack Usage: 32M
[115.216s][info][gc,nmethod  ] GC(6) NMethods: 1365 registered, 477 unregistered
[115.216s][info][gc,metaspace] GC(6) Metaspace: 112M used, 125M committed, 1152M reserved
[115.216s][info][gc,ref      ] GC(6) Soft: 5737 encountered, 0 discovered, 0 enqueued
[115.216s][info][gc,ref      ] GC(6) Weak: 13176 encountered, 6305 discovered, 0 enqueued
[115.216s][info][gc,ref      ] GC(6) Final: 234 encountered, 4 discovered, 0 enqueued
[115.216s][info][gc,ref      ] GC(6) Phantom: 749 encountered, 506 discovered, 0 enqueued
[115.216s][info][gc,reloc    ] GC(6) Small Pages: 378 / 756M, Empty: 524M, Relocated: 6M, In-Place: 0
[115.216s][info][gc,reloc    ] GC(6) Medium Pages: 5 / 160M, Empty: 32M, Relocated: 0M, In-Place: 0
[115.216s][info][gc,reloc    ] GC(6) Large Pages: 18 / 144M, Empty: 0M, Relocated: 0M, In-Place: 0
[115.216s][info][gc,reloc    ] GC(6) Forwarding Usage: 1M
[115.216s][info][gc,heap     ] GC(6) Min Capacity: 8M(0%)
[115.216s][info][gc,heap     ] GC(6) Max Capacity: 30718M(100%)
[115.216s][info][gc,heap     ] GC(6) Soft Max Capacity: 30718M(100%)
[115.216s][info][gc,heap     ] GC(6)                Mark Start          Mark End        Relocate Start      Relocate End           High               Low         
[115.216s][info][gc,heap     ] GC(6)  Capacity:     5444M (18%)        5444M (18%)        5444M (18%)        5444M (18%)        5444M (18%)        5444M (18%)    
[115.216s][info][gc,heap     ] GC(6)      Free:    29658M (97%)       27362M (89%)       27756M (90%)       27848M (91%)       29658M (97%)       27308M (89%)    
[115.216s][info][gc,heap     ] GC(6)      Used:     1060M (3%)         3356M (11%)        2962M (10%)        2870M (9%)         3410M (11%)        1060M (3%)     
[115.216s][info][gc,heap     ] GC(6)      Live:         -               316M (1%)          316M (1%)          316M (1%)             -                  -          
[115.216s][info][gc,heap     ] GC(6) Allocated:         -              2296M (7%)         2458M (8%)         2501M (8%)             -                  -          
[115.216s][info][gc,heap     ] GC(6)   Garbage:         -               743M (2%)          187M (1%)           51M (0%)             -                  -          
[115.216s][info][gc,heap     ] GC(6) Reclaimed:         -                  -               556M (2%)          691M (2%)             -                  -          
[115.216s][info][gc          ] GC(6) Garbage Collection (Allocation Rate) 1060M(3%)->2870M(9%)
[115.670s][info][gc,start    ] GC(7) Garbage Collection (Warmup)
[115.670s][info][gc,task     ] GC(7) Using 12 workers
[115.685s][info][gc,phases   ] GC(7) Pause Mark Start 0.013ms
[116.171s][info][gc,phases   ] GC(7) Concurrent Mark 485.086ms
[116.187s][info][gc,phases   ] GC(7) Pause Mark End 0.044ms
[116.194s][info][gc,phases   ] GC(7) Concurrent Mark Free 0.001ms
[116.203s][info][gc,phases   ] GC(7) Concurrent Process Non-Strong References 9.044ms
[116.203s][info][gc,phases   ] GC(7) Concurrent Reset Relocation Set 0.030ms
[116.306s][info][gc,phases   ] GC(7) Concurrent Select Relocation Set 103.172ms
[116.307s][info][gc,phases   ] GC(7) Pause Relocate Start 0.009ms
[116.609s][info][gc,phases   ] GC(7) Concurrent Relocate 297.804ms
[116.610s][info][gc,load     ] GC(7) Load: 0.00/0.00/0.00
[116.610s][info][gc,mmu      ] GC(7) MMU: 2ms/97.8%, 5ms/99.1%, 10ms/99.6%, 20ms/99.8%, 50ms/99.9%, 100ms/100.0%
[116.610s][info][gc,marking  ] GC(7) Mark: 8 stripe(s), 3 proactive flush(es), 1 terminate flush(es), 0 completion(s), 0 continuation(s) 
[116.610s][info][gc,marking  ] GC(7) Mark Stack Usage: 32M
[116.610s][info][gc,nmethod  ] GC(7) NMethods: 1797 registered, 499 unregistered
[116.610s][info][gc,metaspace] GC(7) Metaspace: 112M used, 125M committed, 1152M reserved
[116.610s][info][gc,ref      ] GC(7) Soft: 5739 encountered, 0 discovered, 0 enqueued
[116.610s][info][gc,ref      ] GC(7) Weak: 13282 encountered, 4554 discovered, 90 enqueued
[116.610s][info][gc,ref      ] GC(7) Final: 234 encountered, 1 discovered, 0 enqueued
[116.610s][info][gc,ref      ] GC(7) Phantom: 826 encountered, 691 discovered, 77 enqueued
[116.610s][info][gc,reloc    ] GC(7) Small Pages: 2354 / 4708M, Empty: 4166M, Relocated: 11M, In-Place: 0
[116.610s][info][gc,reloc    ] GC(7) Medium Pages: 19 / 608M, Empty: 192M, Relocated: 25M, In-Place: 0
[116.610s][info][gc,reloc    ] GC(7) Large Pages: 48 / 384M, Empty: 304M, Relocated: 0M, In-Place: 0
[116.610s][info][gc,reloc    ] GC(7) Forwarding Usage: 2M
[116.610s][info][gc,heap     ] GC(7) Min Capacity: 8M(0%)
[116.610s][info][gc,heap     ] GC(7) Max Capacity: 30718M(100%)
[116.610s][info][gc,heap     ] GC(7) Soft Max Capacity: 30718M(100%)
[116.610s][info][gc,heap     ] GC(7)                Mark Start          Mark End        Relocate Start      Relocate End           High               Low         
[116.610s][info][gc,heap     ] GC(7)  Capacity:     6916M (23%)        6916M (23%)        6916M (23%)        6916M (23%)        6916M (23%)        6916M (23%)    
[116.610s][info][gc,heap     ] GC(7)      Free:    25018M (81%)       24582M (80%)       28754M (94%)       28502M (93%)       29228M (95%)       24568M (80%)    
[116.610s][info][gc,heap     ] GC(7)      Used:     5700M (19%)        6136M (20%)        1964M (6%)         2216M (7%)         6150M (20%)        1490M (5%)     
[116.610s][info][gc,heap     ] GC(7)      Live:         -               437M (1%)          437M (1%)          437M (1%)             -                  -          
[116.610s][info][gc,heap     ] GC(7) Allocated:         -               436M (1%)          926M (3%)         1690M (6%)             -                  -          
[116.610s][info][gc,heap     ] GC(7)   Garbage:         -              5262M (17%)         600M (2%)           87M (0%)             -                  -          
[116.610s][info][gc,heap     ] GC(7) Reclaimed:         -                  -              4662M (15%)        5174M (17%)            -                  -          
[116.610s][info][gc          ] GC(7) Garbage Collection (Warmup) 5700M(19%)->2216M(7%)
[119.974s][info][gc,start    ] GC(8) Garbage Collection (Warmup)
[119.974s][info][gc,task     ] GC(8) Using 12 workers
[119.986s][info][gc,phases   ] GC(8) Pause Mark Start 0.011ms
[120.180s][info][gc,stats    ] === Garbage Collection Statistics =======================================================================================================================
[120.180s][info][gc,stats    ]                                                              Last 10s              Last 10m              Last 10h                Total
[120.180s][info][gc,stats    ]                                                              Avg / Max             Avg / Max             Avg / Max             Avg / Max
[120.180s][info][gc,stats    ]   Collector: Garbage Collection Cycle                    978.575 / 1749.322    511.933 / 1749.322    511.933 / 1749.322    511.933 / 1749.322    ms
[120.180s][info][gc,stats    ]  Contention: Mark Segment Reset Contention                     2 / 9                 0 / 9                 0 / 9                 0 / 9           ops/s
[120.180s][info][gc,stats    ]  Contention: Mark SeqNum Reset Contention                      0 / 1                 0 / 1                 0 / 1                 0 / 1           ops/s
[120.180s][info][gc,stats    ]    Critical: Allocation Stall                                  0 / 0                 0 / 0                 0 / 0                 0 / 0           ops/s
[120.180s][info][gc,stats    ]    Critical: Allocation Stall                              0.000 / 0.000         0.000 / 0.000         0.000 / 0.000         0.000 / 0.000       ms
[120.180s][info][gc,stats    ]    Critical: GC Locker Stall                                   0 / 0                 0 / 0                 0 / 0                 0 / 0           ops/s
[120.180s][info][gc,stats    ]    Critical: GC Locker Stall                               0.000 / 0.000         0.000 / 0.000         0.000 / 0.000         0.000 / 0.000       ms
[120.180s][info][gc,stats    ]    Critical: Relocation Stall                                  0 / 0                 0 / 0                 0 / 0                 0 / 0           ops/s
[120.180s][info][gc,stats    ]    Critical: Relocation Stall                              0.000 / 0.000         0.000 / 0.000         0.000 / 0.000         0.000 / 0.000       ms
[120.180s][info][gc,stats    ]      Memory: Allocation Rate                                2645 / 4690            230 / 4690            230 / 4690            230 / 4690        MB/s
[120.180s][info][gc,stats    ]      Memory: Defragment                                      166 / 560              13 / 560              13 / 560              13 / 560         ops/s
[120.180s][info][gc,stats    ]      Memory: Out Of Memory                                     0 / 0                 0 / 0                 0 / 0                 0 / 0           ops/s
[120.180s][info][gc,stats    ]      Memory: Page Cache Flush                                333 / 1122             27 / 1122             27 / 1122             27 / 1122        MB/s
[120.180s][info][gc,stats    ]      Memory: Page Cache Hit L1                               646 / 1396             56 / 1396             56 / 1396             56 / 1396        ops/s
[120.180s][info][gc,stats    ]      Memory: Page Cache Hit L2                                 0 / 0                 0 / 0                 0 / 0                 0 / 0           ops/s
[120.180s][info][gc,stats    ]      Memory: Page Cache Hit L3                               236 / 503              21 / 503              21 / 503              21 / 503         ops/s
[120.180s][info][gc,stats    ]      Memory: Page Cache Miss                                 153 / 476              12 / 476              12 / 476              12 / 476         ops/s
[120.180s][info][gc,stats    ]      Memory: Uncommit                                          0 / 0                 0 / 0                 0 / 0                 0 / 0           MB/s
[120.180s][info][gc,stats    ]      Memory: Undo Object Allocation Failed                     0 / 2                 0 / 2                 0 / 2                 0 / 2           ops/s
[120.180s][info][gc,stats    ]      Memory: Undo Object Allocation Succeeded                  6 / 28                0 / 28                0 / 28                0 / 28          ops/s
[120.180s][info][gc,stats    ]      Memory: Undo Page Allocation                             43 / 146               3 / 146               3 / 146               3 / 146         ops/s
[120.180s][info][gc,stats    ]       Phase: Concurrent Mark                             461.949 / 502.673     244.988 / 502.673     244.988 / 502.673     244.988 / 502.673     ms
[120.180s][info][gc,stats    ]       Phase: Concurrent Mark Continue                      0.000 / 0.000         0.000 / 0.000         0.000 / 0.000         0.000 / 0.000       ms
[120.180s][info][gc,stats    ]       Phase: Concurrent Mark Free                          0.001 / 0.001         0.001 / 0.001         0.001 / 0.001         0.001 / 0.001       ms
[120.180s][info][gc,stats    ]       Phase: Concurrent Process Non-Strong References    216.760 / 800.745     109.725 / 800.745     109.725 / 800.745     109.725 / 800.745     ms
[120.180s][info][gc,stats    ]       Phase: Concurrent Relocate                         131.171 / 297.804      68.306 / 297.804      68.306 / 297.804      68.306 / 297.804     ms
[120.180s][info][gc,stats    ]       Phase: Concurrent Reset Relocation Set               0.033 / 0.061         0.019 / 0.061         0.019 / 0.061         0.019 / 0.061       ms
[120.180s][info][gc,stats    ]       Phase: Concurrent Select Relocation Set            103.963 / 157.752      55.979 / 157.752      55.979 / 157.752      55.979 / 157.752     ms
[120.180s][info][gc,stats    ]       Phase: Pause Mark End                                0.034 / 0.044         0.028 / 0.044         0.028 / 0.044         0.028 / 0.044       ms
[120.180s][info][gc,stats    ]       Phase: Pause Mark Start                              0.011 / 0.013         0.013 / 0.017         0.013 / 0.017         0.013 / 0.017       ms
[120.180s][info][gc,stats    ]       Phase: Pause Relocate Start                          0.008 / 0.009         0.008 / 0.010         0.008 / 0.010         0.008 / 0.010       ms
[120.180s][info][gc,stats    ]    Subphase: Concurrent Classes Purge                    181.803 / 691.327      91.530 / 691.327      91.530 / 691.327      91.530 / 691.327     ms
[120.180s][info][gc,stats    ]    Subphase: Concurrent Classes Unlink                    17.411 / 61.446        9.116 / 61.446        9.116 / 61.446        9.116 / 61.446      ms
[120.180s][info][gc,stats    ]    Subphase: Concurrent Mark                             396.474 / 481.134     209.660 / 481.134     209.660 / 481.134     209.660 / 481.134     ms
[120.180s][info][gc,stats    ]    Subphase: Concurrent Mark Try Flush                    73.037 / 205.136      38.035 / 205.136      38.035 / 205.136      38.035 / 205.136     ms
[120.180s][info][gc,stats    ]    Subphase: Concurrent Mark Try Terminate                 8.278 / 124.983       8.196 / 124.983       8.196 / 124.983       8.196 / 124.983     ms
[120.180s][info][gc,stats    ]    Subphase: Concurrent References Enqueue                 0.002 / 0.005         0.003 / 0.005         0.003 / 0.005         0.003 / 0.005       ms
[120.180s][info][gc,stats    ]    Subphase: Concurrent References Process                 0.532 / 0.974         0.357 / 0.974         0.357 / 0.974         0.357 / 0.974       ms
[120.180s][info][gc,stats    ]    Subphase: Concurrent Roots ClassLoaderDataGraph         0.295 / 2.244         0.153 / 2.244         0.153 / 2.244         0.153 / 2.244       ms
[120.180s][info][gc,stats    ]    Subphase: Concurrent Roots CodeCache                    0.000 / 0.000         0.000 / 0.000         0.000 / 0.000         0.000 / 0.000       ms
[120.180s][info][gc,stats    ]    Subphase: Concurrent Roots JavaThreads                 72.582 / 179.156      43.468 / 179.156      43.468 / 179.156      43.468 / 179.156     ms
[120.180s][info][gc,stats    ]    Subphase: Concurrent Roots OopStorageSet                0.704 / 2.219         0.362 / 2.219         0.362 / 2.219         0.362 / 2.219       ms
[120.180s][info][gc,stats    ]    Subphase: Concurrent Weak Roots OopStorageSet           0.467 / 0.630         0.335 / 0.630         0.335 / 0.630         0.335 / 0.630       ms
[120.180s][info][gc,stats    ]    Subphase: Pause Mark Try Complete                       0.000 / 0.000         0.000 / 0.000         0.000 / 0.000         0.000 / 0.000       ms
[120.180s][info][gc,stats    ]      System: Java Threads                                    154 / 162             120 / 162             120 / 162             120 / 162         threads
[120.180s][info][gc,stats    ] =========================================================================================================================================================
[120.539s][info][gc,phases   ] GC(8) Concurrent Mark 552.339ms
[120.555s][info][gc,phases   ] GC(8) Pause Mark End 0.035ms
[120.579s][info][gc,phases   ] GC(8) Concurrent Mark Free 0.001ms
[120.633s][info][gc,phases   ] GC(8) Concurrent Process Non-Strong References 54.241ms
[120.633s][info][gc,phases   ] GC(8) Concurrent Reset Relocation Set 0.050ms
[120.778s][info][gc,phases   ] GC(8) Concurrent Select Relocation Set 145.239ms
[120.780s][info][gc,phases   ] GC(8) Pause Relocate Start 0.009ms
[120.997s][info][gc,phases   ] GC(8) Concurrent Relocate 215.285ms
[120.997s][info][gc,load     ] GC(8) Load: 0.00/0.00/0.00
[120.997s][info][gc,mmu      ] GC(8) MMU: 2ms/97.8%, 5ms/99.1%, 10ms/99.6%, 20ms/99.8%, 50ms/99.9%, 100ms/100.0%
[120.997s][info][gc,marking  ] GC(8) Mark: 8 stripe(s), 4 proactive flush(es), 1 terminate flush(es), 0 completion(s), 0 continuation(s) 
[120.997s][info][gc,marking  ] GC(8) Mark Stack Usage: 32M
[120.998s][info][gc,nmethod  ] GC(8) NMethods: 1874 registered, 523 unregistered
[120.998s][info][gc,metaspace] GC(8) Metaspace: 112M used, 125M committed, 1152M reserved
[120.998s][info][gc,ref      ] GC(8) Soft: 5755 encountered, 0 discovered, 0 enqueued
[120.998s][info][gc,ref      ] GC(8) Weak: 13321 encountered, 4176 discovered, 38 enqueued
[120.998s][info][gc,ref      ] GC(8) Final: 234 encountered, 26 discovered, 0 enqueued
[120.998s][info][gc,ref      ] GC(8) Phantom: 768 encountered, 645 discovered, 19 enqueued
[120.998s][info][gc,reloc    ] GC(8) Small Pages: 3960 / 7920M, Empty: 7284M, Relocated: 12M, In-Place: 0
[120.998s][info][gc,reloc    ] GC(8) Medium Pages: 27 / 864M, Empty: 128M, Relocated: 165M, In-Place: 0
[120.998s][info][gc,reloc    ] GC(8) Large Pages: 59 / 472M, Empty: 288M, Relocated: 0M, In-Place: 0
[120.998s][info][gc,reloc    ] GC(8) Forwarding Usage: 2M
[120.998s][info][gc,heap     ] GC(8) Min Capacity: 8M(0%)
[120.998s][info][gc,heap     ] GC(8) Max Capacity: 30718M(100%)
[120.998s][info][gc,heap     ] GC(8) Soft Max Capacity: 30718M(100%)
[120.998s][info][gc,heap     ] GC(8)                Mark Start          Mark End        Relocate Start      Relocate End           High               Low         
[120.998s][info][gc,heap     ] GC(8)  Capacity:     9512M (31%)       10016M (33%)       10106M (33%)       10106M (33%)       10106M (33%)        9512M (31%)    
[120.998s][info][gc,heap     ] GC(8)      Free:    21462M (70%)       20744M (68%)       28144M (92%)       27284M (89%)       28638M (93%)       20612M (67%)    
[120.998s][info][gc,heap     ] GC(8)      Used:     9256M (30%)        9974M (32%)        2574M (8%)         3434M (11%)       10106M (33%)        2080M (7%)     
[120.998s][info][gc,heap     ] GC(8)      Live:         -               594M (2%)          594M (2%)          594M (2%)             -                  -          
[120.998s][info][gc,heap     ] GC(8) Allocated:         -               718M (2%)         1018M (3%)         2750M (9%)             -                  -          
[120.998s][info][gc,heap     ] GC(8)   Garbage:         -              8661M (28%)         961M (3%)           88M (0%)             -                  -          
[120.998s][info][gc,heap     ] GC(8) Reclaimed:         -                  -              7700M (25%)        8572M (28%)            -                  -          
[120.998s][info][gc          ] GC(8) Garbage Collection (Warmup) 9256M(30%)->3434M(11%)
[121.473s][info][gc,start    ] GC(9) Garbage Collection (Allocation Rate)
[121.473s][info][gc,task     ] GC(9) Using 12 workers
[121.474s][info][gc,phases   ] GC(9) Pause Mark Start 0.010ms
[121.816s][info][gc,phases   ] GC(9) Concurrent Mark 341.505ms
[121.831s][info][gc,phases   ] GC(9) Pause Mark End 0.030ms
[121.862s][info][gc,phases   ] GC(9) Concurrent Mark Free 0.001ms
[121.894s][info][gc,phases   ] GC(9) Concurrent Process Non-Strong References 31.337ms
[121.894s][info][gc,phases   ] GC(9) Concurrent Reset Relocation Set 0.032ms
[121.914s][info][gc,phases   ] GC(9) Concurrent Select Relocation Set 20.260ms
[121.915s][info][gc,phases   ] GC(9) Pause Relocate Start 0.006ms
[122.593s][info][gc,phases   ] GC(9) Concurrent Relocate 678.239ms
[122.594s][info][gc,load     ] GC(9) Load: 0.00/0.00/0.00
[122.594s][info][gc,mmu      ] GC(9) MMU: 2ms/97.8%, 5ms/99.1%, 10ms/99.6%, 20ms/99.8%, 50ms/99.9%, 100ms/100.0%
[122.594s][info][gc,marking  ] GC(9) Mark: 8 stripe(s), 3 proactive flush(es), 1 terminate flush(es), 0 completion(s), 0 continuation(s) 
[122.594s][info][gc,marking  ] GC(9) Mark Stack Usage: 32M
[122.594s][info][gc,nmethod  ] GC(9) NMethods: 1889 registered, 525 unregistered
[122.594s][info][gc,metaspace] GC(9) Metaspace: 112M used, 125M committed, 1152M reserved
[122.594s][info][gc,ref      ] GC(9) Soft: 5755 encountered, 0 discovered, 0 enqueued
[122.594s][info][gc,ref      ] GC(9) Weak: 13283 encountered, 3771 discovered, 0 enqueued
[122.594s][info][gc,ref      ] GC(9) Final: 234 encountered, 50 discovered, 0 enqueued
[122.594s][info][gc,ref      ] GC(9) Phantom: 749 encountered, 643 discovered, 0 enqueued
[122.594s][info][gc,reloc    ] GC(9) Small Pages: 3087 / 6174M, Empty: 5658M, Relocated: 8M, In-Place: 0
[122.594s][info][gc,reloc    ] GC(9) Medium Pages: 27 / 864M, Empty: 32M, Relocated: 194M, In-Place: 0
[122.594s][info][gc,reloc    ] GC(9) Large Pages: 45 / 360M, Empty: 216M, Relocated: 0M, In-Place: 0
[122.594s][info][gc,reloc    ] GC(9) Forwarding Usage: 0M
[122.594s][info][gc,heap     ] GC(9) Min Capacity: 8M(0%)
[122.594s][info][gc,heap     ] GC(9) Max Capacity: 30718M(100%)
[122.594s][info][gc,heap     ] GC(9) Soft Max Capacity: 30718M(100%)
[122.594s][info][gc,heap     ] GC(9)                Mark Start          Mark End        Relocate Start      Relocate End           High               Low         
[122.594s][info][gc,heap     ] GC(9)  Capacity:    10106M (33%)       10106M (33%)       10106M (33%)       10234M (33%)       10234M (33%)       10106M (33%)    
[122.594s][info][gc,heap     ] GC(9)      Free:    23320M (76%)       22808M (74%)       28566M (93%)       27242M (89%)       28592M (93%)       22690M (74%)    
[122.594s][info][gc,heap     ] GC(9)      Used:     7398M (24%)        7910M (26%)        2152M (7%)         3476M (11%)        8028M (26%)        2126M (7%)     
[122.594s][info][gc,heap     ] GC(9)      Live:         -               709M (2%)          709M (2%)          709M (2%)             -                  -          
[122.594s][info][gc,heap     ] GC(9) Allocated:         -               512M (2%)          660M (2%)         2674M (9%)             -                  -          
[122.594s][info][gc,heap     ] GC(9)   Garbage:         -              6688M (22%)         782M (3%)           92M (0%)             -                  -          
[122.594s][info][gc,heap     ] GC(9) Reclaimed:         -                  -              5906M (19%)        6596M (21%)            -                  -          
[122.595s][info][gc          ] GC(9) Garbage Collection (Allocation Rate) 7398M(24%)->3476M(11%)
[122.973s][info][gc,start    ] GC(10) Garbage Collection (Allocation Rate)
[122.974s][info][gc,task     ] GC(10) Using 12 workers
[122.989s][info][gc,phases   ] GC(10) Pause Mark Start 0.013ms
[123.536s][info][gc,phases   ] GC(10) Concurrent Mark 469.240ms
[123.551s][info][gc,phases   ] GC(10) Pause Mark End 0.033ms
[123.629s][info][gc,phases   ] GC(10) Concurrent Mark Free 0.001ms
[123.676s][info][gc,phases   ] GC(10) Concurrent Process Non-Strong References 47.085ms
[123.676s][info][gc,phases   ] GC(10) Concurrent Reset Relocation Set 0.024ms
[123.722s][info][gc,phases   ] GC(10) Concurrent Select Relocation Set 45.640ms
[123.723s][info][gc,phases   ] GC(10) Pause Relocate Start 0.009ms
[124.327s][info][gc,phases   ] GC(10) Concurrent Relocate 603.787ms
[124.328s][info][gc,load     ] GC(10) Load: 0.00/0.00/0.00
[124.328s][info][gc,mmu      ] GC(10) MMU: 2ms/97.8%, 5ms/99.1%, 10ms/99.6%, 20ms/99.8%, 50ms/99.9%, 100ms/100.0%
[124.328s][info][gc,marking  ] GC(10) Mark: 8 stripe(s), 2 proactive flush(es), 1 terminate flush(es), 0 completion(s), 0 continuation(s) 
[124.328s][info][gc,marking  ] GC(10) Mark Stack Usage: 32M
[124.328s][info][gc,nmethod  ] GC(10) NMethods: 1945 registered, 530 unregistered
[124.328s][info][gc,metaspace] GC(10) Metaspace: 112M used, 125M committed, 1152M reserved
[124.328s][info][gc,ref      ] GC(10) Soft: 5755 encountered, 0 discovered, 0 enqueued
[124.328s][info][gc,ref      ] GC(10) Weak: 13283 encountered, 3113 discovered, 0 enqueued
[124.328s][info][gc,ref      ] GC(10) Final: 234 encountered, 7 discovered, 0 enqueued
[124.328s][info][gc,ref      ] GC(10) Phantom: 749 encountered, 706 discovered, 0 enqueued
[124.328s][info][gc,reloc    ] GC(10) Small Pages: 3690 / 7380M, Empty: 6826M, Relocated: 10M, In-Place: 0
[124.328s][info][gc,reloc    ] GC(10) Medium Pages: 38 / 1216M, Empty: 0M, Relocated: 220M, In-Place: 0
[124.328s][info][gc,reloc    ] GC(10) Large Pages: 56 / 448M, Empty: 336M, Relocated: 0M, In-Place: 0
[124.328s][info][gc,reloc    ] GC(10) Forwarding Usage: 1M
[124.328s][info][gc,heap     ] GC(10) Min Capacity: 8M(0%)
[124.328s][info][gc,heap     ] GC(10) Max Capacity: 30718M(100%)
[124.328s][info][gc,heap     ] GC(10) Soft Max Capacity: 30718M(100%)
[124.328s][info][gc,heap     ] GC(10)                Mark Start          Mark End        Relocate Start      Relocate End           High               Low         
[124.328s][info][gc,heap     ] GC(10)  Capacity:    10682M (35%)       10682M (35%)       10682M (35%)       11258M (37%)       11258M (37%)       10682M (35%)    
[124.328s][info][gc,heap     ] GC(10)      Free:    21674M (71%)       20862M (68%)       27338M (89%)       20408M (66%)       27830M (91%)       20376M (66%)    
[124.328s][info][gc,heap     ] GC(10)      Used:     9044M (29%)        9856M (32%)        3380M (11%)       10310M (34%)       10342M (34%)        2888M (9%)     
[124.328s][info][gc,heap     ] GC(10)      Live:         -               874M (3%)          874M (3%)          874M (3%)             -                  -          
[124.328s][info][gc,heap     ] GC(10) Allocated:         -               812M (3%)         1498M (5%)         9315M (30%)            -                  -          
[124.329s][info][gc,heap     ] GC(10)   Garbage:         -              8169M (27%)        1007M (3%)          120M (0%)             -                  -          
[124.329s][info][gc,heap     ] GC(10) Reclaimed:         -                  -              7162M (23%)        8049M (26%)            -                  -          
[124.329s][info][gc          ] GC(10) Garbage Collection (Allocation Rate) 9044M(29%)->10310M(34%)
[124.379s][info][gc,start    ] GC(11) Garbage Collection (Allocation Rate)
[124.379s][info][gc,task     ] GC(11) Using 12 workers
[124.395s][info][gc,phases   ] GC(11) Pause Mark Start 0.013ms
[124.771s][info][gc,phases   ] GC(11) Concurrent Mark 376.032ms
[124.787s][info][gc,phases   ] GC(11) Pause Mark End 0.037ms
[124.797s][info][gc,phases   ] GC(11) Concurrent Mark Free 0.001ms
[124.822s][info][gc,phases   ] GC(11) Concurrent Process Non-Strong References 24.090ms
[124.822s][info][gc,phases   ] GC(11) Concurrent Reset Relocation Set 0.032ms
[124.827s][info][gc,phases   ] GC(11) Concurrent Select Relocation Set 5.105ms
[124.828s][info][gc,phases   ] GC(11) Pause Relocate Start 0.005ms
[125.156s][info][gc,phases   ] GC(11) Concurrent Relocate 312.572ms
[125.157s][info][gc,load     ] GC(11) Load: 0.00/0.00/0.00
[125.157s][info][gc,mmu      ] GC(11) MMU: 2ms/97.8%, 5ms/99.1%, 10ms/99.6%, 20ms/99.8%, 50ms/99.9%, 100ms/100.0%
[125.157s][info][gc,marking  ] GC(11) Mark: 8 stripe(s), 3 proactive flush(es), 1 terminate flush(es), 0 completion(s), 0 continuation(s) 
[125.157s][info][gc,marking  ] GC(11) Mark Stack Usage: 32M
[125.157s][info][gc,nmethod  ] GC(11) NMethods: 1167 registered, 0 unregistered
[125.157s][info][gc,metaspace] GC(11) Metaspace: 112M used, 125M committed, 1152M reserved
[125.157s][info][gc,ref      ] GC(11) Soft: 5755 encountered, 0 discovered, 0 enqueued
[125.157s][info][gc,ref      ] GC(11) Weak: 13283 encountered, 4079 discovered, 0 enqueued
[125.157s][info][gc,ref      ] GC(11) Final: 234 encountered, 61 discovered, 0 enqueued
[125.157s][info][gc,ref      ] GC(11) Phantom: 749 encountered, 591 discovered, 0 enqueued
[125.157s][info][gc,reloc    ] GC(11) Small Pages: 4379 / 8758M, Empty: 8154M, Relocated: 8M, In-Place: 0
[125.157s][info][gc,reloc    ] GC(11) Medium Pages: 47 / 1504M, Empty: 32M, Relocated: 247M, In-Place: 0
[125.157s][info][gc,reloc    ] GC(11) Large Pages: 60 / 480M, Empty: 432M, Relocated: 0M, In-Place: 0
[125.157s][info][gc,reloc    ] GC(11) Forwarding Usage: 0M
[125.157s][info][gc,heap     ] GC(11) Min Capacity: 8M(0%)
[125.157s][info][gc,heap     ] GC(11) Max Capacity: 30718M(100%)
[125.157s][info][gc,heap     ] GC(11) Soft Max Capacity: 30718M(100%)
[125.157s][info][gc,heap     ] GC(11)                Mark Start          Mark End        Relocate Start      Relocate End           High               Low         
[125.157s][info][gc,heap     ] GC(11)  Capacity:    11258M (37%)       11290M (37%)       11290M (37%)       12218M (40%)       12218M (40%)       11258M (37%)    
[125.157s][info][gc,heap     ] GC(11)      Free:    19976M (65%)       19486M (63%)       28072M (91%)       24580M (80%)       28072M (91%)       19448M (63%)    
[125.157s][info][gc,heap     ] GC(11)      Used:    10742M (35%)       11232M (37%)        2646M (9%)         6138M (20%)       11270M (37%)        2646M (9%)     
[125.157s][info][gc,heap     ] GC(11)      Live:         -               994M (3%)          994M (3%)          994M (3%)             -                  -          
[125.158s][info][gc,heap     ] GC(11) Allocated:         -               490M (2%)          522M (2%)         4996M (16%)            -                  -          
[125.158s][info][gc,heap     ] GC(11)   Garbage:         -              9747M (32%)        1129M (4%)          147M (0%)             -                  -          
[125.158s][info][gc,heap     ] GC(11) Reclaimed:         -                  -              8618M (28%)        9600M (31%)            -                  -          
[125.158s][info][gc          ] GC(11) Garbage Collection (Allocation Rate) 10742M(35%)->6138M(20%)
[125.466s][info][gc,start    ] GC(12) Garbage Collection (Allocation Rate)
[125.466s][info][gc,task     ] GC(12) Using 11 workers
[125.469s][info][gc,phases   ] GC(12) Pause Mark Start 0.009ms
[125.646s][info][gc,phases   ] GC(12) Concurrent Mark 176.810ms
[125.647s][info][gc,phases   ] GC(12) Pause Mark End 0.025ms
[125.648s][info][gc,phases   ] GC(12) Concurrent Mark Free 0.001ms
[125.662s][info][gc,phases   ] GC(12) Concurrent Process Non-Strong References 14.892ms
[125.663s][info][gc,phases   ] GC(12) Concurrent Reset Relocation Set 0.033ms
[125.719s][info][gc,phases   ] GC(12) Concurrent Select Relocation Set 56.589ms
[125.720s][info][gc,phases   ] GC(12) Pause Relocate Start 0.008ms
[126.122s][info][gc,phases   ] GC(12) Concurrent Relocate 401.872ms
[126.123s][info][gc,load     ] GC(12) Load: 0.00/0.00/0.00
[126.123s][info][gc,mmu      ] GC(12) MMU: 2ms/97.8%, 5ms/99.1%, 10ms/99.6%, 20ms/99.8%, 50ms/99.9%, 100ms/100.0%
[126.123s][info][gc,marking  ] GC(12) Mark: 8 stripe(s), 3 proactive flush(es), 1 terminate flush(es), 0 completion(s), 0 continuation(s) 
[126.123s][info][gc,marking  ] GC(12) Mark Stack Usage: 32M
[126.123s][info][gc,nmethod  ] GC(12) NMethods: 1591 registered, 37 unregistered
[126.123s][info][gc,metaspace] GC(12) Metaspace: 112M used, 125M committed, 1152M reserved
[126.123s][info][gc,ref      ] GC(12) Soft: 5770 encountered, 0 discovered, 0 enqueued
[126.123s][info][gc,ref      ] GC(12) Weak: 13356 encountered, 2138 discovered, 24 enqueued
[126.123s][info][gc,ref      ] GC(12) Final: 234 encountered, 2 discovered, 0 enqueued
[126.123s][info][gc,ref      ] GC(12) Phantom: 759 encountered, 705 discovered, 11 enqueued
[126.123s][info][gc,reloc    ] GC(12) Small Pages: 3541 / 7082M, Empty: 6606M, Relocated: 10M, In-Place: 0
[126.123s][info][gc,reloc    ] GC(12) Medium Pages: 48 / 1536M, Empty: 32M, Relocated: 219M, In-Place: 0
[126.123s][info][gc,reloc    ] GC(12) Large Pages: 36 / 288M, Empty: 224M, Relocated: 0M, In-Place: 0
[126.123s][info][gc,reloc    ] GC(12) Forwarding Usage: 1M
[126.123s][info][gc,heap     ] GC(12) Min Capacity: 8M(0%)
[126.123s][info][gc,heap     ] GC(12) Max Capacity: 30718M(100%)
[126.123s][info][gc,heap     ] GC(12) Soft Max Capacity: 30718M(100%)
[126.123s][info][gc,heap     ] GC(12)                Mark Start          Mark End        Relocate Start      Relocate End           High               Low         
[126.123s][info][gc,heap     ] GC(12)  Capacity:    12218M (40%)       12218M (40%)       12218M (40%)       12218M (40%)       12218M (40%)       12218M (40%)    
[126.123s][info][gc,heap     ] GC(12)      Free:    21812M (71%)       21534M (70%)       28284M (92%)       27024M (88%)       28646M (93%)       21508M (70%)    
[126.123s][info][gc,heap     ] GC(12)      Used:     8906M (29%)        9184M (30%)        2434M (8%)         3694M (12%)        9210M (30%)        2072M (7%)     
[126.123s][info][gc,heap     ] GC(12)      Live:         -              1145M (4%)         1145M (4%)         1145M (4%)             -                  -          
[126.123s][info][gc,heap     ] GC(12) Allocated:         -               278M (1%)          390M (1%)         2408M (8%)             -                  -          
[126.123s][info][gc,heap     ] GC(12)   Garbage:         -              7760M (25%)         898M (3%)          140M (0%)             -                  -          
[126.123s][info][gc,heap     ] GC(12) Reclaimed:         -                  -              6862M (22%)        7620M (25%)            -                  -          
[126.123s][info][gc          ] GC(12) Garbage Collection (Allocation Rate) 8906M(29%)->3694M(12%)
[126.572s][info][gc,start    ] GC(13) Garbage Collection (Allocation Rate)
[126.572s][info][gc,task     ] GC(13) Using 9 workers
[126.587s][info][gc,phases   ] GC(13) Pause Mark Start 0.012ms
[127.030s][info][gc,phases   ] GC(13) Concurrent Mark 442.817ms
[127.033s][info][gc,phases   ] GC(13) Pause Mark End 0.026ms
[127.034s][info][gc,phases   ] GC(13) Concurrent Mark Free 0.001ms
[127.322s][info][gc,phases   ] GC(13) Concurrent Process Non-Strong References 288.250ms
[127.322s][info][gc,phases   ] GC(13) Concurrent Reset Relocation Set 0.027ms
[127.376s][info][gc,phases   ] GC(13) Concurrent Select Relocation Set 53.513ms
[127.394s][info][gc,phases   ] GC(13) Pause Relocate Start 0.009ms
[127.447s][info][gc,phases   ] GC(13) Concurrent Relocate 52.869ms
[127.447s][info][gc,load     ] GC(13) Load: 0.00/0.00/0.00
[127.447s][info][gc,mmu      ] GC(13) MMU: 2ms/97.8%, 5ms/99.1%, 10ms/99.6%, 20ms/99.8%, 50ms/99.9%, 100ms/100.0%
[127.447s][info][gc,marking  ] GC(13) Mark: 8 stripe(s), 3 proactive flush(es), 1 terminate flush(es), 0 completion(s), 0 continuation(s) 
[127.448s][info][gc,marking  ] GC(13) Mark Stack Usage: 32M
[127.448s][info][gc,nmethod  ] GC(13) NMethods: 1966 registered, 60 unregistered
[127.448s][info][gc,metaspace] GC(13) Metaspace: 112M used, 125M committed, 1152M reserved
[127.448s][info][gc,ref      ] GC(13) Soft: 5776 encountered, 0 discovered, 0 enqueued
[127.448s][info][gc,ref      ] GC(13) Weak: 13372 encountered, 3136 discovered, 16 enqueued
[127.448s][info][gc,ref      ] GC(13) Final: 234 encountered, 2 discovered, 0 enqueued
[127.448s][info][gc,ref      ] GC(13) Phantom: 761 encountered, 696 discovered, 14 enqueued
[127.448s][info][gc,reloc    ] GC(13) Small Pages: 3647 / 7294M, Empty: 6748M, Relocated: 10M, In-Place: 0
[127.448s][info][gc,reloc    ] GC(13) Medium Pages: 54 / 1728M, Empty: 32M, Relocated: 193M, In-Place: 0
[127.448s][info][gc,reloc    ] GC(13) Large Pages: 48 / 384M, Empty: 352M, Relocated: 0M, In-Place: 0
[127.448s][info][gc,reloc    ] GC(13) Forwarding Usage: 1M
[127.448s][info][gc,heap     ] GC(13) Min Capacity: 8M(0%)
[127.448s][info][gc,heap     ] GC(13) Max Capacity: 30718M(100%)
[127.448s][info][gc,heap     ] GC(13) Soft Max Capacity: 30718M(100%)
[127.448s][info][gc,heap     ] GC(13)                Mark Start          Mark End        Relocate Start      Relocate End           High               Low         
[127.448s][info][gc,heap     ] GC(13)  Capacity:    12218M (40%)       12218M (40%)       12218M (40%)       12218M (40%)       12218M (40%)       12218M (40%)    
[127.448s][info][gc,heap     ] GC(13)      Free:    21312M (69%)       20610M (67%)       27254M (89%)       27914M (91%)       27914M (91%)       20194M (66%)    
[127.448s][info][gc,heap     ] GC(13)      Used:     9406M (31%)       10108M (33%)        3464M (11%)        2804M (9%)        10524M (34%)        2804M (9%)     
[127.448s][info][gc,heap     ] GC(13)      Live:         -              1278M (4%)         1278M (4%)         1278M (4%)             -                  -          
[127.448s][info][gc,heap     ] GC(13) Allocated:         -               702M (2%)         1190M (4%)         1362M (4%)             -                  -          
[127.448s][info][gc,heap     ] GC(13)   Garbage:         -              8127M (26%)         995M (3%)          162M (1%)             -                  -          
[127.448s][info][gc,heap     ] GC(13) Reclaimed:         -                  -              7132M (23%)        7964M (26%)            -                  -          
[127.448s][info][gc          ] GC(13) Garbage Collection (Allocation Rate) 9406M(31%)->2804M(9%)
[127.469s][info][gc,start    ] GC(14) Garbage Collection (Allocation Rate)
[127.469s][info][gc,task     ] GC(14) Using 11 workers
[127.469s][info][gc,phases   ] GC(14) Pause Mark Start 0.009ms
[127.550s][info][gc,phases   ] GC(14) Concurrent Mark 80.223ms
[127.550s][info][gc,phases   ] GC(14) Pause Mark End 0.031ms
[127.551s][info][gc,phases   ] GC(14) Concurrent Mark Free 0.001ms
[127.566s][info][gc,phases   ] GC(14) Concurrent Process Non-Strong References 14.869ms
[127.566s][info][gc,phases   ] GC(14) Concurrent Reset Relocation Set 0.033ms
[127.570s][info][gc,phases   ] GC(14) Concurrent Select Relocation Set 3.609ms
[127.570s][info][gc,phases   ] GC(14) Pause Relocate Start 0.008ms
[127.578s][info][gc,phases   ] GC(14) Concurrent Relocate 8.395ms
[127.578s][info][gc,load     ] GC(14) Load: 0.00/0.00/0.00
[127.578s][info][gc,mmu      ] GC(14) MMU: 2ms/97.8%, 5ms/99.1%, 10ms/99.6%, 20ms/99.8%, 50ms/99.9%, 100ms/100.0%
[127.578s][info][gc,marking  ] GC(14) Mark: 8 stripe(s), 2 proactive flush(es), 1 terminate flush(es), 0 completion(s), 0 continuation(s) 
[127.579s][info][gc,marking  ] GC(14) Mark Stack Usage: 32M
[127.579s][info][gc,nmethod  ] GC(14) NMethods: 2226 registered, 100 unregistered
[127.579s][info][gc,metaspace] GC(14) Metaspace: 112M used, 125M committed, 1152M reserved
[127.579s][info][gc,ref      ] GC(14) Soft: 5788 encountered, 0 discovered, 0 enqueued
[127.579s][info][gc,ref      ] GC(14) Weak: 13395 encountered, 4838 discovered, 32 enqueued
[127.579s][info][gc,ref      ] GC(14) Final: 234 encountered, 5 discovered, 0 enqueued
[127.579s][info][gc,ref      ] GC(14) Phantom: 768 encountered, 472 discovered, 22 enqueued
[127.579s][info][gc,reloc    ] GC(14) Small Pages: 702 / 1404M, Empty: 1064M, Relocated: 6M, In-Place: 0
[127.579s][info][gc,reloc    ] GC(14) Medium Pages: 44 / 1408M, Empty: 0M, Relocated: 49M, In-Place: 0
[127.579s][info][gc,reloc    ] GC(14) Large Pages: 8 / 64M, Empty: 24M, Relocated: 0M, In-Place: 0
[127.579s][info][gc,reloc    ] GC(14) Forwarding Usage: 0M
[127.579s][info][gc,heap     ] GC(14) Min Capacity: 8M(0%)
[127.579s][info][gc,heap     ] GC(14) Max Capacity: 30718M(100%)
[127.579s][info][gc,heap     ] GC(14) Soft Max Capacity: 30718M(100%)
[127.579s][info][gc,heap     ] GC(14)                Mark Start          Mark End        Relocate Start      Relocate End           High               Low         
[127.579s][info][gc,heap     ] GC(14)  Capacity:    12218M (40%)       12218M (40%)       12218M (40%)       12218M (40%)       12218M (40%)       12218M (40%)    
[127.579s][info][gc,heap     ] GC(14)      Free:    27842M (91%)       27532M (90%)       28554M (93%)       28818M (94%)       28818M (94%)       27476M (89%)    
[127.579s][info][gc,heap     ] GC(14)      Used:     2876M (9%)         3186M (10%)        2164M (7%)         1900M (6%)         3242M (11%)        1900M (6%)     
[127.579s][info][gc,heap     ] GC(14)      Live:         -              1306M (4%)         1306M (4%)         1306M (4%)             -                  -          
[127.579s][info][gc,heap     ] GC(14) Allocated:         -               310M (1%)          376M (1%)          389M (1%)             -                  -          
[127.579s][info][gc,heap     ] GC(14)   Garbage:         -              1569M (5%)          481M (2%)          204M (1%)             -                  -          
[127.579s][info][gc,heap     ] GC(14) Reclaimed:         -                  -              1088M (4%)         1365M (4%)             -                  -          
[127.579s][info][gc          ] GC(14) Garbage Collection (Allocation Rate) 2876M(9%)->1900M(6%)
[127.679s][info][gc,start    ] GC(15) Garbage Collection (Allocation Rate)
[127.679s][info][gc,task     ] GC(15) Using 11 workers
[127.680s][info][gc,phases   ] GC(15) Pause Mark Start 0.011ms
[127.787s][info][gc,phases   ] GC(15) Concurrent Mark 107.212ms
[127.788s][info][gc,phases   ] GC(15) Pause Mark End 0.055ms
[127.788s][info][gc,phases   ] GC(15) Concurrent Mark Free 0.001ms
[127.792s][info][gc,phases   ] GC(15) Concurrent Process Non-Strong References 3.558ms
[127.792s][info][gc,phases   ] GC(15) Concurrent Reset Relocation Set 0.025ms
[127.798s][info][gc,phases   ] GC(15) Concurrent Select Relocation Set 5.580ms
[127.798s][info][gc,phases   ] GC(15) Pause Relocate Start 0.008ms
[127.805s][info][gc,phases   ] GC(15) Concurrent Relocate 6.840ms
[127.806s][info][gc,load     ] GC(15) Load: 0.00/0.00/0.00
[127.806s][info][gc,mmu      ] GC(15) MMU: 2ms/97.2%, 5ms/98.9%, 10ms/99.4%, 20ms/99.7%, 50ms/99.9%, 100ms/99.9%
[127.806s][info][gc,marking  ] GC(15) Mark: 8 stripe(s), 2 proactive flush(es), 1 terminate flush(es), 1 completion(s), 0 continuation(s) 
[127.806s][info][gc,marking  ] GC(15) Mark Stack Usage: 32M
[127.806s][info][gc,nmethod  ] GC(15) NMethods: 2407 registered, 211 unregistered
[127.806s][info][gc,metaspace] GC(15) Metaspace: 113M used, 125M committed, 1152M reserved
[127.806s][info][gc,ref      ] GC(15) Soft: 5791 encountered, 0 discovered, 0 enqueued
[127.806s][info][gc,ref      ] GC(15) Weak: 13470 encountered, 4474 discovered, 73 enqueued
[127.806s][info][gc,ref      ] GC(15) Final: 234 encountered, 157 discovered, 0 enqueued
[127.806s][info][gc,ref      ] GC(15) Phantom: 815 encountered, 628 discovered, 70 enqueued
[127.806s][info][gc,reloc    ] GC(15) Small Pages: 368 / 736M, Empty: 422M, Relocated: 6M, In-Place: 0
[127.806s][info][gc,reloc    ] GC(15) Medium Pages: 44 / 1408M, Empty: 0M, Relocated: 27M, In-Place: 0
[127.806s][info][gc,reloc    ] GC(15) Large Pages: 10 / 80M, Empty: 8M, Relocated: 0M, In-Place: 0
[127.806s][info][gc,reloc    ] GC(15) Forwarding Usage: 0M
[127.806s][info][gc,heap     ] GC(15) Min Capacity: 8M(0%)
[127.806s][info][gc,heap     ] GC(15) Max Capacity: 30718M(100%)
[127.806s][info][gc,heap     ] GC(15) Soft Max Capacity: 30718M(100%)
[127.806s][info][gc,heap     ] GC(15)                Mark Start          Mark End        Relocate Start      Relocate End           High               Low         
[127.806s][info][gc,heap     ] GC(15)  Capacity:    12218M (40%)       12218M (40%)       12218M (40%)       12218M (40%)       12218M (40%)       12218M (40%)    
[127.806s][info][gc,heap     ] GC(15)      Free:    28494M (93%)       27758M (90%)       28184M (92%)       28422M (93%)       28494M (93%)       27756M (90%)    
[127.806s][info][gc,heap     ] GC(15)      Used:     2224M (7%)         2960M (10%)        2534M (8%)         2296M (7%)         2962M (10%)        2224M (7%)     
[127.806s][info][gc,heap     ] GC(15)      Live:         -              1335M (4%)         1335M (4%)         1335M (4%)             -                  -          
[127.806s][info][gc,heap     ] GC(15) Allocated:         -               736M (2%)          740M (2%)          745M (2%)             -                  -          
[127.806s][info][gc,heap     ] GC(15)   Garbage:         -               888M (3%)          458M (1%)          215M (1%)             -                  -          
[127.806s][info][gc,heap     ] GC(15) Reclaimed:         -                  -               430M (1%)          673M (2%)             -                  -          
[127.806s][info][gc          ] GC(15) Garbage Collection (Allocation Rate) 2224M(7%)->2296M(7%)
[128.471s][info][gc,start    ] GC(16) Garbage Collection (Allocation Rate)
[128.471s][info][gc,task     ] GC(16) Using 11 workers
[128.471s][info][gc,phases   ] GC(16) Pause Mark Start 0.011ms
[128.689s][info][gc,phases   ] GC(16) Concurrent Mark 217.568ms
[128.699s][info][gc,phases   ] GC(16) Pause Mark End 0.037ms
[128.717s][info][gc,phases   ] GC(16) Concurrent Mark Free 0.002ms
[128.773s][info][gc,phases   ] GC(16) Concurrent Process Non-Strong References 56.398ms
[128.773s][info][gc,phases   ] GC(16) Concurrent Reset Relocation Set 0.115ms
[128.853s][info][gc,phases   ] GC(16) Concurrent Select Relocation Set 79.061ms
[128.925s][info][gc,phases   ] GC(16) Pause Relocate Start 0.011ms
[129.006s][info][gc,phases   ] GC(16) Concurrent Relocate 81.174ms
[129.006s][info][gc,load     ] GC(16) Load: 0.00/0.00/0.00
[129.006s][info][gc,mmu      ] GC(16) MMU: 2ms/97.2%, 5ms/98.9%, 10ms/99.4%, 20ms/99.7%, 50ms/99.9%, 100ms/99.9%
[129.006s][info][gc,marking  ] GC(16) Mark: 8 stripe(s), 3 proactive flush(es), 1 terminate flush(es), 0 completion(s), 0 continuation(s) 
[129.006s][info][gc,marking  ] GC(16) Mark Stack Usage: 32M
[129.006s][info][gc,nmethod  ] GC(16) NMethods: 3896 registered, 253 unregistered
[129.006s][info][gc,metaspace] GC(16) Metaspace: 115M used, 125M committed, 1152M reserved
[129.006s][info][gc,ref      ] GC(16) Soft: 5806 encountered, 0 discovered, 0 enqueued
[129.006s][info][gc,ref      ] GC(16) Weak: 14066 encountered, 5029 discovered, 643 enqueued
[129.006s][info][gc,ref      ] GC(16) Final: 234 encountered, 1 discovered, 0 enqueued
[129.006s][info][gc,ref      ] GC(16) Phantom: 1318 encountered, 1284 discovered, 617 enqueued
[129.006s][info][gc,reloc    ] GC(16) Small Pages: 3134 / 6268M, Empty: 5728M, Relocated: 15M, In-Place: 0
[129.007s][info][gc,reloc    ] GC(16) Medium Pages: 63 / 2016M, Empty: 32M, Relocated: 275M, In-Place: 0
[129.007s][info][gc,reloc    ] GC(16) Large Pages: 61 / 488M, Empty: 488M, Relocated: 0M, In-Place: 0
[129.007s][info][gc,reloc    ] GC(16) Forwarding Usage: 3M
[129.007s][info][gc,heap     ] GC(16) Min Capacity: 8M(0%)
[129.007s][info][gc,heap     ] GC(16) Max Capacity: 30718M(100%)
[129.007s][info][gc,heap     ] GC(16) Soft Max Capacity: 30718M(100%)
[129.007s][info][gc,heap     ] GC(16)                Mark Start          Mark End        Relocate Start      Relocate End           High               Low         
[129.007s][info][gc,heap     ] GC(16)  Capacity:    12218M (40%)       12218M (40%)       12218M (40%)       12218M (40%)       12218M (40%)       12218M (40%)    
[129.007s][info][gc,heap     ] GC(16)      Free:    21946M (71%)       21820M (71%)       27466M (89%)       28002M (91%)       28044M (91%)       21562M (70%)    
[129.007s][info][gc,heap     ] GC(16)      Used:     8772M (29%)        8898M (29%)        3252M (11%)        2716M (9%)         9156M (30%)        2674M (9%)     
[129.007s][info][gc,heap     ] GC(16)      Live:         -              1387M (5%)         1387M (5%)         1387M (5%)             -                  -          
[129.007s][info][gc,heap     ] GC(16) Allocated:         -               126M (0%)          728M (2%)         1128M (4%)             -                  -          
[129.007s][info][gc,heap     ] GC(16)   Garbage:         -              7384M (24%)        1136M (4%)          199M (1%)             -                  -          
[129.007s][info][gc,heap     ] GC(16) Reclaimed:         -                  -              6248M (20%)        7184M (23%)            -                  -          
[129.007s][info][gc          ] GC(16) Garbage Collection (Allocation Rate) 8772M(29%)->2716M(9%)
[129.971s][info][gc,start    ] GC(17) Garbage Collection (Allocation Rate)
[129.972s][info][gc,task     ] GC(17) Using 11 workers
[129.972s][info][gc,phases   ] GC(17) Pause Mark Start 0.012ms
[130.174s][info][gc,stats    ] === Garbage Collection Statistics =======================================================================================================================
[130.175s][info][gc,stats    ]                                                              Last 10s              Last 10m              Last 10h                Total
[130.175s][info][gc,stats    ]                                                              Avg / Max             Avg / Max             Avg / Max             Avg / Max
[130.175s][info][gc,stats    ]   Collector: Garbage Collection Cycle                    731.262 / 1354.594    628.048 / 1749.322    628.048 / 1749.322    628.048 / 1749.322    ms
[130.175s][info][gc,stats    ]  Contention: Mark Segment Reset Contention                     7 / 19                0 / 19                0 / 19                0 / 19          ops/s
[130.175s][info][gc,stats    ]  Contention: Mark SeqNum Reset Contention                      0 / 1                 0 / 1                 0 / 1                 0 / 1           ops/s
[130.175s][info][gc,stats    ]    Critical: Allocation Stall                                  0 / 0                 0 / 0                 0 / 0                 0 / 0           ops/s
[130.175s][info][gc,stats    ]    Critical: Allocation Stall                              0.000 / 0.000         0.000 / 0.000         0.000 / 0.000         0.000 / 0.000       ms
[130.175s][info][gc,stats    ]    Critical: GC Locker Stall                                   0 / 1                 0 / 1                 0 / 1                 0 / 1           ops/s
[130.175s][info][gc,stats    ]    Critical: GC Locker Stall                               0.001 / 0.001         0.001 / 0.001         0.001 / 0.001         0.001 / 0.001       ms
[130.175s][info][gc,stats    ]    Critical: Relocation Stall                                  0 / 0                 0 / 0                 0 / 0                 0 / 0           ops/s
[130.175s][info][gc,stats    ]    Critical: Relocation Stall                              0.000 / 0.000         0.000 / 0.000         0.000 / 0.000         0.000 / 0.000       ms
[130.175s][info][gc,stats    ]      Memory: Allocation Rate                                6200 / 8070            690 / 8070            690 / 8070            690 / 8070        MB/s
[130.175s][info][gc,stats    ]      Memory: Defragment                                       62 / 287              17 / 560              17 / 560              17 / 560         ops/s
[130.175s][info][gc,stats    ]      Memory: Out Of Memory                                     0 / 0                 0 / 0                 0 / 0                 0 / 0           ops/s
[130.175s][info][gc,stats    ]      Memory: Page Cache Flush                                125 / 574              35 / 1122             35 / 1122             35 / 1122        MB/s
[130.175s][info][gc,stats    ]      Memory: Page Cache Hit L1                              2688 / 3375            259 / 3375            259 / 3375            259 / 3375        ops/s
[130.175s][info][gc,stats    ]      Memory: Page Cache Hit L2                                 0 / 0                 0 / 0                 0 / 0                 0 / 0           ops/s
[130.175s][info][gc,stats    ]      Memory: Page Cache Hit L3                                54 / 248              24 / 503              24 / 503              24 / 503         ops/s
[130.175s][info][gc,stats    ]      Memory: Page Cache Miss                                  27 / 207              13 / 476              13 / 476              13 / 476         ops/s
[130.175s][info][gc,stats    ]      Memory: Uncommit                                          0 / 0                 0 / 0                 0 / 0                 0 / 0           MB/s
[130.175s][info][gc,stats    ]      Memory: Undo Object Allocation Failed                     0 / 2                 0 / 2                 0 / 2                 0 / 2           ops/s
[130.175s][info][gc,stats    ]      Memory: Undo Object Allocation Succeeded                  8 / 52                1 / 52                1 / 52                1 / 52          ops/s
[130.175s][info][gc,stats    ]      Memory: Undo Page Allocation                             27 / 95                5 / 146               5 / 146               5 / 146         ops/s
[130.175s][info][gc,stats    ]       Phase: Concurrent Mark                             307.083 / 552.339     277.862 / 552.339     277.862 / 552.339     277.862 / 552.339     ms
[130.175s][info][gc,stats    ]       Phase: Concurrent Mark Continue                      0.000 / 0.000         0.000 / 0.000         0.000 / 0.000         0.000 / 0.000       ms
[130.175s][info][gc,stats    ]       Phase: Concurrent Mark Free                          0.001 / 0.002         0.001 / 0.002         0.001 / 0.002         0.001 / 0.002       ms
[130.175s][info][gc,stats    ]       Phase: Concurrent Process Non-Strong References     59.413 / 288.250      83.089 / 800.745      83.089 / 800.745      83.089 / 800.745     ms
[130.175s][info][gc,stats    ]       Phase: Concurrent Relocate                         262.337 / 678.239     171.028 / 678.239     171.028 / 678.239     171.028 / 678.239     ms
[130.175s][info][gc,stats    ]       Phase: Concurrent Reset Relocation Set               0.041 / 0.115         0.031 / 0.115         0.031 / 0.115         0.031 / 0.115       ms
[130.175s][info][gc,stats    ]       Phase: Concurrent Select Relocation Set             46.066 / 145.239      50.731 / 157.752      50.731 / 157.752      50.731 / 157.752     ms
[130.175s][info][gc,stats    ]       Phase: Pause Mark End                                0.034 / 0.055         0.031 / 0.055         0.031 / 0.055         0.031 / 0.055       ms
[130.175s][info][gc,stats    ]       Phase: Pause Mark Start                              0.011 / 0.013         0.012 / 0.017         0.012 / 0.017         0.012 / 0.017       ms
[130.175s][info][gc,stats    ]       Phase: Pause Relocate Start                          0.008 / 0.011         0.008 / 0.011         0.008 / 0.011         0.008 / 0.011       ms
[130.175s][info][gc,stats    ]    Subphase: Concurrent Classes Purge                      1.150 / 5.111        43.682 / 691.327      43.682 / 691.327      43.682 / 691.327     ms
[130.175s][info][gc,stats    ]    Subphase: Concurrent Classes Unlink                     7.449 / 34.737        8.233 / 61.446        8.233 / 61.446        8.233 / 61.446      ms
[130.175s][info][gc,stats    ]    Subphase: Concurrent Mark                             187.302 / 430.881     198.197 / 481.134     198.197 / 481.134     198.197 / 481.134     ms
[130.175s][info][gc,stats    ]    Subphase: Concurrent Mark Try Flush                    37.815 / 152.777      37.904 / 205.136      37.904 / 205.136      37.904 / 205.136     ms
[130.175s][info][gc,stats    ]    Subphase: Concurrent Mark Try Terminate                10.937 / 62.626        9.598 / 124.983       9.598 / 124.983       9.598 / 124.983     ms
[130.175s][info][gc,stats    ]    Subphase: Concurrent References Enqueue                 0.004 / 0.016         0.003 / 0.016         0.003 / 0.016         0.003 / 0.016       ms
[130.175s][info][gc,stats    ]    Subphase: Concurrent References Process                 0.378 / 0.574         0.368 / 0.974         0.368 / 0.974         0.368 / 0.974       ms
[130.175s][info][gc,stats    ]    Subphase: Concurrent Roots ClassLoaderDataGraph         0.171 / 1.433         0.162 / 2.244         0.162 / 2.244         0.162 / 2.244       ms
[130.175s][info][gc,stats    ]    Subphase: Concurrent Roots CodeCache                    0.000 / 0.000         0.000 / 0.000         0.000 / 0.000         0.000 / 0.000       ms
[130.175s][info][gc,stats    ]    Subphase: Concurrent Roots JavaThreads                103.598 / 313.942      72.944 / 313.942      72.944 / 313.942      72.944 / 313.942     ms
[130.175s][info][gc,stats    ]    Subphase: Concurrent Roots OopStorageSet                0.209 / 1.927         0.287 / 2.219         0.287 / 2.219         0.287 / 2.219       ms
[130.175s][info][gc,stats    ]    Subphase: Concurrent Weak Roots OopStorageSet           0.328 / 0.441         0.331 / 0.630         0.331 / 0.630         0.331 / 0.630       ms
[130.175s][info][gc,stats    ]    Subphase: Pause Mark Try Complete                       0.001 / 0.003         0.001 / 0.003         0.001 / 0.003         0.001 / 0.003       ms
[130.175s][info][gc,stats    ]      System: Java Threads                                    158 / 163             139 / 163             139 / 163             139 / 163         threads
[130.175s][info][gc,stats    ] =========================================================================================================================================================
[130.206s][info][gc,phases   ] GC(17) Concurrent Mark 233.188ms
[130.221s][info][gc,phases   ] GC(17) Pause Mark End 0.030ms
[130.242s][info][gc,phases   ] GC(17) Concurrent Mark Free 0.001ms
[130.300s][info][gc,phases   ] GC(17) Concurrent Process Non-Strong References 58.065ms
[130.300s][info][gc,phases   ] GC(17) Concurrent Reset Relocation Set 0.045ms
[130.311s][info][gc,phases   ] GC(17) Concurrent Select Relocation Set 10.822ms
[130.312s][info][gc,phases   ] GC(17) Pause Relocate Start 0.008ms
[130.363s][info][gc,phases   ] GC(17) Concurrent Relocate 18.714ms
[130.363s][info][gc,load     ] GC(17) Load: 0.00/0.00/0.00
[130.363s][info][gc,mmu      ] GC(17) MMU: 2ms/97.2%, 5ms/98.9%, 10ms/99.4%, 20ms/99.7%, 50ms/99.9%, 100ms/99.9%
[130.363s][info][gc,marking  ] GC(17) Mark: 8 stripe(s), 3 proactive flush(es), 1 terminate flush(es), 0 completion(s), 0 continuation(s) 
[130.363s][info][gc,marking  ] GC(17) Mark Stack Usage: 32M
[130.363s][info][gc,nmethod  ] GC(17) NMethods: 3820 registered, 464 unregistered
[130.363s][info][gc,metaspace] GC(17) Metaspace: 115M used, 125M committed, 1152M reserved
[130.363s][info][gc,ref      ] GC(17) Soft: 5806 encountered, 0 discovered, 0 enqueued
[130.363s][info][gc,ref      ] GC(17) Weak: 13424 encountered, 4690 discovered, 1 enqueued
[130.363s][info][gc,ref      ] GC(17) Final: 234 encountered, 39 discovered, 0 enqueued
[130.363s][info][gc,ref      ] GC(17) Phantom: 701 encountered, 484 discovered, 0 enqueued
[130.363s][info][gc,reloc    ] GC(17) Small Pages: 4756 / 9512M, Empty: 9070M, Relocated: 6M, In-Place: 0
[130.363s][info][gc,reloc    ] GC(17) Medium Pages: 47 / 1504M, Empty: 0M, Relocated: 23M, In-Place: 0
[130.363s][info][gc,reloc    ] GC(17) Large Pages: 0 / 0M, Empty: 0M, Relocated: 0M, In-Place: 0
[130.363s][info][gc,reloc    ] GC(17) Forwarding Usage: 1M
[130.363s][info][gc,heap     ] GC(17) Min Capacity: 8M(0%)
[130.363s][info][gc,heap     ] GC(17) Max Capacity: 30718M(100%)
[130.363s][info][gc,heap     ] GC(17) Soft Max Capacity: 30718M(100%)
[130.363s][info][gc,heap     ] GC(17)                Mark Start          Mark End        Relocate Start      Relocate End           High               Low         
[130.364s][info][gc,heap     ] GC(17)  Capacity:    12218M (40%)       12218M (40%)       12218M (40%)       12218M (40%)       12218M (40%)       12218M (40%)    
[130.364s][info][gc,heap     ] GC(17)      Free:    19702M (64%)       19380M (63%)       28346M (92%)       28088M (91%)       28356M (92%)       19296M (63%)    
[130.364s][info][gc,heap     ] GC(17)      Used:    11016M (36%)       11338M (37%)        2372M (8%)         2630M (9%)        11422M (37%)        2362M (8%)     
[130.364s][info][gc,heap     ] GC(17)      Live:         -              1387M (5%)         1387M (5%)         1387M (5%)             -                  -          
[130.364s][info][gc,heap     ] GC(17) Allocated:         -               322M (1%)          426M (1%)         1060M (3%)             -                  -          
[130.364s][info][gc,heap     ] GC(17)   Garbage:         -              9628M (31%)         558M (2%)          181M (1%)             -                  -          
[130.364s][info][gc,heap     ] GC(17) Reclaimed:         -                  -              9070M (30%)        9446M (31%)            -                  -          
[130.364s][info][gc          ] GC(17) Garbage Collection (Allocation Rate) 11016M(36%)->2630M(9%)
[132.070s][info][gc,start    ] GC(18) Garbage Collection (Allocation Rate)
[132.070s][info][gc,task     ] GC(18) Using 11 workers
[132.070s][info][gc,phases   ] GC(18) Pause Mark Start 0.017ms
[132.101s][info][gc,phases   ] GC(18) Concurrent Mark 30.833ms
[132.101s][info][gc,phases   ] GC(18) Pause Mark End 0.025ms
[132.101s][info][gc,phases   ] GC(18) Concurrent Mark Free 0.001ms
[132.105s][info][gc,phases   ] GC(18) Concurrent Process Non-Strong References 3.937ms
[132.105s][info][gc,phases   ] GC(18) Concurrent Reset Relocation Set 0.024ms
[132.113s][info][gc,phases   ] GC(18) Concurrent Select Relocation Set 7.467ms
[132.113s][info][gc,phases   ] GC(18) Pause Relocate Start 0.010ms
[132.119s][info][gc,phases   ] GC(18) Concurrent Relocate 6.007ms
[132.119s][info][gc,load     ] GC(18) Load: 0.00/0.00/0.00
[132.119s][info][gc,mmu      ] GC(18) MMU: 2ms/97.2%, 5ms/98.9%, 10ms/99.4%, 20ms/99.7%, 50ms/99.9%, 100ms/99.9%
[132.119s][info][gc,marking  ] GC(18) Mark: 8 stripe(s), 2 proactive flush(es), 1 terminate flush(es), 0 completion(s), 0 continuation(s) 
[132.119s][info][gc,marking  ] GC(18) Mark Stack Usage: 32M
[132.119s][info][gc,nmethod  ] GC(18) NMethods: 6133 registered, 298 unregistered
[132.119s][info][gc,metaspace] GC(18) Metaspace: 118M used, 125M committed, 1152M reserved
[132.119s][info][gc,ref      ] GC(18) Soft: 5883 encountered, 0 discovered, 0 enqueued
[132.119s][info][gc,ref      ] GC(18) Weak: 14970 encountered, 5727 discovered, 767 enqueued
[132.119s][info][gc,ref      ] GC(18) Final: 234 encountered, 22 discovered, 0 enqueued
[132.119s][info][gc,ref      ] GC(18) Phantom: 1332 encountered, 1280 discovered, 583 enqueued
[132.119s][info][gc,reloc    ] GC(18) Small Pages: 4321 / 8642M, Empty: 8246M, Relocated: 13M, In-Place: 0
[132.119s][info][gc,reloc    ] GC(18) Medium Pages: 47 / 1504M, Empty: 0M, Relocated: 23M, In-Place: 0
[132.119s][info][gc,reloc    ] GC(18) Large Pages: 1 / 6M, Empty: 6M, Relocated: 0M, In-Place: 0
[132.119s][info][gc,reloc    ] GC(18) Forwarding Usage: 4M
[132.119s][info][gc,heap     ] GC(18) Min Capacity: 8M(0%)
[132.119s][info][gc,heap     ] GC(18) Max Capacity: 30718M(100%)
[132.119s][info][gc,heap     ] GC(18) Soft Max Capacity: 30718M(100%)
[132.119s][info][gc,heap     ] GC(18)                Mark Start          Mark End        Relocate Start      Relocate End           High               Low         
[132.119s][info][gc,heap     ] GC(18)  Capacity:    12218M (40%)       12218M (40%)       12218M (40%)       12218M (40%)       12218M (40%)       12218M (40%)    
[132.119s][info][gc,heap     ] GC(18)      Free:    20566M (67%)       20564M (67%)       28810M (94%)       29156M (95%)       29156M (95%)       20564M (67%)    
[132.119s][info][gc,heap     ] GC(18)      Used:    10152M (33%)       10154M (33%)        1908M (6%)         1562M (5%)        10154M (33%)        1562M (5%)     
[132.119s][info][gc,heap     ] GC(18)      Live:         -              1379M (4%)         1379M (4%)         1379M (4%)             -                  -          
[132.119s][info][gc,heap     ] GC(18) Allocated:         -                 2M (0%)            8M (0%)           15M (0%)             -                  -          
[132.119s][info][gc,heap     ] GC(18)   Garbage:         -              8772M (29%)         520M (2%)          167M (1%)             -                  -          
[132.119s][info][gc,heap     ] GC(18) Reclaimed:         -                  -              8252M (27%)        8605M (28%)            -                  -          
[132.119s][info][gc          ] GC(18) Garbage Collection (Allocation Rate) 10152M(33%)->1562M(5%)
[132.503s][info][gc,start    ] GC(19) Garbage Collection (System.gc())
[132.503s][info][gc,task     ] GC(19) Using 12 workers
[132.503s][info][gc,phases   ] GC(19) Pause Mark Start 0.017ms
[132.538s][info][gc,phases   ] GC(19) Concurrent Mark 34.983ms
[132.539s][info][gc,phases   ] GC(19) Pause Mark End 0.025ms
[132.539s][info][gc,phases   ] GC(19) Concurrent Mark Free 0.001ms
[132.541s][info][gc,phases   ] GC(19) Concurrent Process Non-Strong References 2.746ms
[132.541s][info][gc,phases   ] GC(19) Concurrent Reset Relocation Set 0.017ms
[132.545s][info][gc,phases   ] GC(19) Concurrent Select Relocation Set 3.322ms
[132.545s][info][gc,phases   ] GC(19) Pause Relocate Start 0.009ms
[132.549s][info][gc,phases   ] GC(19) Concurrent Relocate 3.839ms
[132.549s][info][gc,load     ] GC(19) Load: 0.00/0.00/0.00
[132.549s][info][gc,mmu      ] GC(19) MMU: 2ms/97.2%, 5ms/98.9%, 10ms/99.4%, 20ms/99.7%, 50ms/99.9%, 100ms/99.9%
[132.549s][info][gc,marking  ] GC(19) Mark: 8 stripe(s), 2 proactive flush(es), 1 terminate flush(es), 0 completion(s), 0 continuation(s) 
[132.549s][info][gc,marking  ] GC(19) Mark Stack Usage: 32M
[132.549s][info][gc,nmethod  ] GC(19) NMethods: 6327 registered, 348 unregistered
[132.549s][info][gc,metaspace] GC(19) Metaspace: 119M used, 125M committed, 1152M reserved
[132.549s][info][gc,ref      ] GC(19) Soft: 5907 encountered, 0 discovered, 0 enqueued
[132.549s][info][gc,ref      ] GC(19) Weak: 14505 encountered, 5981 discovered, 179 enqueued
[132.549s][info][gc,ref      ] GC(19) Final: 234 encountered, 7 discovered, 0 enqueued
[132.549s][info][gc,ref      ] GC(19) Phantom: 847 encountered, 807 discovered, 98 enqueued
[132.549s][info][gc,reloc    ] GC(19) Small Pages: 55 / 110M, Empty: 0M, Relocated: 8M, In-Place: 0
[132.549s][info][gc,reloc    ] GC(19) Medium Pages: 46 / 1472M, Empty: 0M, Relocated: 0M, In-Place: 0
[132.549s][info][gc,reloc    ] GC(19) Large Pages: 0 / 0M, Empty: 0M, Relocated: 0M, In-Place: 0
[132.549s][info][gc,reloc    ] GC(19) Forwarding Usage: 2M
[132.549s][info][gc,heap     ] GC(19) Min Capacity: 8M(0%)
[132.549s][info][gc,heap     ] GC(19) Max Capacity: 30718M(100%)
[132.549s][info][gc,heap     ] GC(19) Soft Max Capacity: 30718M(100%)
[132.550s][info][gc,heap     ] GC(19)                Mark Start          Mark End        Relocate Start      Relocate End           High               Low         
[132.550s][info][gc,heap     ] GC(19)  Capacity:    12218M (40%)       12218M (40%)       12218M (40%)       12218M (40%)       12218M (40%)       12218M (40%)    
[132.550s][info][gc,heap     ] GC(19)      Free:    29136M (95%)       29136M (95%)       29122M (95%)       29142M (95%)       29142M (95%)       29110M (95%)    
[132.550s][info][gc,heap     ] GC(19)      Used:     1582M (5%)         1582M (5%)         1596M (5%)         1576M (5%)         1608M (5%)         1576M (5%)     
[132.550s][info][gc,heap     ] GC(19)      Live:         -              1378M (4%)         1378M (4%)         1378M (4%)             -                  -          
[132.550s][info][gc,heap     ] GC(19) Allocated:         -                 0M (0%)           14M (0%)           21M (0%)             -                  -          
[132.550s][info][gc,heap     ] GC(19)   Garbage:         -               203M (1%)          203M (1%)          175M (1%)             -                  -          
[132.550s][info][gc,heap     ] GC(19) Reclaimed:         -                  -                 0M (0%)           27M (0%)             -                  -          
[132.550s][info][gc          ] GC(19) Garbage Collection (System.gc()) 1582M(5%)->1576M(5%)
[140.179s][info][gc,stats    ] === Garbage Collection Statistics =======================================================================================================================
[140.179s][info][gc,stats    ]                                                              Last 10s              Last 10m              Last 10h                Total
[140.179s][info][gc,stats    ]                                                              Avg / Max             Avg / Max             Avg / Max             Avg / Max
[140.179s][info][gc,stats    ]   Collector: Garbage Collection Cycle                    162.413 / 391.688     558.203 / 1749.322    558.203 / 1749.322    558.203 / 1749.322    ms
[140.179s][info][gc,stats    ]  Contention: Mark Segment Reset Contention                     0 / 3                 0 / 19                0 / 19                0 / 19          ops/s
[140.179s][info][gc,stats    ]  Contention: Mark SeqNum Reset Contention                      0 / 1                 0 / 1                 0 / 1                 0 / 1           ops/s
[140.179s][info][gc,stats    ]    Critical: Allocation Stall                                  0 / 0                 0 / 0                 0 / 0                 0 / 0           ops/s
[140.179s][info][gc,stats    ]    Critical: Allocation Stall                              0.000 / 0.000         0.000 / 0.000         0.000 / 0.000         0.000 / 0.000       ms
[140.179s][info][gc,stats    ]    Critical: GC Locker Stall                                   0 / 0                 0 / 1                 0 / 1                 0 / 1           ops/s
[140.179s][info][gc,stats    ]    Critical: GC Locker Stall                               0.000 / 0.000         0.001 / 0.001         0.001 / 0.001         0.001 / 0.001       ms
[140.179s][info][gc,stats    ]    Critical: Relocation Stall                                  0 / 0                 0 / 0                 0 / 0                 0 / 0           ops/s
[140.179s][info][gc,stats    ]    Critical: Relocation Stall                              0.000 / 0.000         0.000 / 0.000         0.000 / 0.000         0.000 / 0.000       ms
[140.179s][info][gc,stats    ]      Memory: Allocation Rate                                2676 / 8918            832 / 8918            832 / 8918            832 / 8918        MB/s
[140.179s][info][gc,stats    ]      Memory: Defragment                                       46 / 214              19 / 560              19 / 560              19 / 560         ops/s
[140.179s][info][gc,stats    ]      Memory: Out Of Memory                                     0 / 0                 0 / 0                 0 / 0                 0 / 0           ops/s
[140.179s][info][gc,stats    ]      Memory: Page Cache Flush                                 92 / 428              39 / 1122             39 / 1122             39 / 1122        MB/s
[140.179s][info][gc,stats    ]      Memory: Page Cache Hit L1                               922 / 4264            306 / 4264            306 / 4264            306 / 4264        ops/s
[140.179s][info][gc,stats    ]      Memory: Page Cache Hit L2                                 0 / 0                 0 / 0                 0 / 0                 0 / 0           ops/s
[140.179s][info][gc,stats    ]      Memory: Page Cache Hit L3                                43 / 202              25 / 503              25 / 503              25 / 503         ops/s
[140.179s][info][gc,stats    ]      Memory: Page Cache Miss                                 371 / 735              39 / 735              39 / 735              39 / 735         ops/s
[140.179s][info][gc,stats    ]      Memory: Uncommit                                          0 / 0                 0 / 0                 0 / 0                 0 / 0           MB/s
[140.180s][info][gc,stats    ]      Memory: Undo Object Allocation Failed                     0 / 0                 0 / 2                 0 / 2                 0 / 2           ops/s
[140.180s][info][gc,stats    ]      Memory: Undo Object Allocation Succeeded                  2 / 25                1 / 52                1 / 52                1 / 52          ops/s
[140.180s][info][gc,stats    ]      Memory: Undo Page Allocation                             14 / 50                6 / 146               6 / 146               6 / 146         ops/s
[140.180s][info][gc,stats    ]       Phase: Concurrent Mark                              99.668 / 233.188     251.133 / 552.339     251.133 / 552.339     251.133 / 552.339     ms
[140.180s][info][gc,stats    ]       Phase: Concurrent Mark Continue                      0.000 / 0.000         0.000 / 0.000         0.000 / 0.000         0.000 / 0.000       ms
[140.180s][info][gc,stats    ]       Phase: Concurrent Mark Free                          0.001 / 0.001         0.001 / 0.002         0.001 / 0.002         0.001 / 0.002       ms
[140.180s][info][gc,stats    ]       Phase: Concurrent Process Non-Strong References     21.582 / 58.065       73.863 / 800.745      73.863 / 800.745      73.863 / 800.745     ms
[140.180s][info][gc,stats    ]       Phase: Concurrent Relocate                           9.520 / 18.714      146.802 / 678.239     146.802 / 678.239     146.802 / 678.239     ms
[140.180s][info][gc,stats    ]       Phase: Concurrent Reset Relocation Set               0.029 / 0.045         0.031 / 0.115         0.031 / 0.115         0.031 / 0.115       ms
[140.180s][info][gc,stats    ]       Phase: Concurrent Select Relocation Set              7.204 / 10.822       44.202 / 157.752      44.202 / 157.752      44.202 / 157.752     ms
[140.180s][info][gc,stats    ]       Phase: Pause Mark End                                0.027 / 0.030         0.031 / 0.055         0.031 / 0.055         0.031 / 0.055       ms
[140.180s][info][gc,stats    ]       Phase: Pause Mark Start                              0.017 / 0.017         0.013 / 0.017         0.013 / 0.017         0.013 / 0.017       ms
[140.180s][info][gc,stats    ]       Phase: Pause Relocate Start                          0.009 / 0.010         0.008 / 0.011         0.008 / 0.011         0.008 / 0.011       ms
[140.180s][info][gc,stats    ]    Subphase: Concurrent Classes Purge                      0.678 / 1.205        37.231 / 691.327      37.231 / 691.327      37.231 / 691.327     ms
[140.180s][info][gc,stats    ]    Subphase: Concurrent Classes Unlink                     2.247 / 3.375         7.335 / 61.446        7.335 / 61.446        7.335 / 61.446      ms
[140.180s][info][gc,stats    ]    Subphase: Concurrent Mark                              89.467 / 224.456     182.194 / 481.134     182.194 / 481.134     182.194 / 481.134     ms
[140.180s][info][gc,stats    ]    Subphase: Concurrent Mark Try Flush                     6.769 / 46.872       34.745 / 205.136      34.745 / 205.136      34.745 / 205.136     ms
[140.180s][info][gc,stats    ]    Subphase: Concurrent Mark Try Terminate                11.812 / 46.873        9.633 / 124.983       9.633 / 124.983       9.633 / 124.983     ms
[140.180s][info][gc,stats    ]    Subphase: Concurrent References Enqueue                 0.003 / 0.004         0.003 / 0.016         0.003 / 0.016         0.003 / 0.016       ms
[140.180s][info][gc,stats    ]    Subphase: Concurrent References Process                 0.235 / 0.266         0.349 / 0.974         0.349 / 0.974         0.349 / 0.974       ms
[140.180s][info][gc,stats    ]    Subphase: Concurrent Roots ClassLoaderDataGraph         0.145 / 0.797         0.159 / 2.244         0.159 / 2.244         0.159 / 2.244       ms
[140.180s][info][gc,stats    ]    Subphase: Concurrent Roots CodeCache                    0.000 / 0.000         0.000 / 0.000         0.000 / 0.000         0.000 / 0.000       ms
[140.180s][info][gc,stats    ]    Subphase: Concurrent Roots JavaThreads                  5.979 / 6.792        66.159 / 313.942      66.159 / 313.942      66.159 / 313.942     ms
[140.180s][info][gc,stats    ]    Subphase: Concurrent Roots OopStorageSet                0.031 / 0.090         0.256 / 2.219         0.256 / 2.219         0.256 / 2.219       ms
[140.181s][info][gc,stats    ]    Subphase: Concurrent Weak Roots OopStorageSet           0.450 / 0.528         0.349 / 0.630         0.349 / 0.630         0.349 / 0.630       ms
[140.181s][info][gc,stats    ]    Subphase: Pause Mark Try Complete                       0.000 / 0.000         0.001 / 0.003         0.001 / 0.003         0.001 / 0.003       ms
[140.181s][info][gc,stats    ]      System: Java Threads                                    168 / 174             143 / 174             143 / 174             143 / 174         threads
[140.181s][info][gc,stats    ] =========================================================================================================================================================
[140.424s][info][gc,start    ] GC(20) Garbage Collection (System.gc())
[140.424s][info][gc,task     ] GC(20) Using 12 workers
[140.425s][info][gc,phases   ] GC(20) Pause Mark Start 0.017ms
[140.460s][info][gc,phases   ] GC(20) Concurrent Mark 35.225ms
[140.460s][info][gc,phases   ] GC(20) Pause Mark End 0.029ms
[140.460s][info][gc,phases   ] GC(20) Concurrent Mark Free 0.001ms
[140.464s][info][gc,phases   ] GC(20) Concurrent Process Non-Strong References 4.160ms
[140.464s][info][gc,phases   ] GC(20) Concurrent Reset Relocation Set 0.005ms
[140.474s][info][gc,phases   ] GC(20) Concurrent Select Relocation Set 9.478ms
[140.474s][info][gc,phases   ] GC(20) Pause Relocate Start 0.011ms
[140.478s][info][gc,phases   ] GC(20) Concurrent Relocate 3.902ms
[140.478s][info][gc,load     ] GC(20) Load: 0.00/0.00/0.00
[140.478s][info][gc,mmu      ] GC(20) MMU: 2ms/97.2%, 5ms/98.9%, 10ms/99.4%, 20ms/99.7%, 50ms/99.9%, 100ms/99.9%
[140.478s][info][gc,marking  ] GC(20) Mark: 8 stripe(s), 2 proactive flush(es), 1 terminate flush(es), 0 completion(s), 0 continuation(s) 
[140.478s][info][gc,marking  ] GC(20) Mark Stack Usage: 32M
[140.478s][info][gc,nmethod  ] GC(20) NMethods: 7935 registered, 662 unregistered
[140.478s][info][gc,metaspace] GC(20) Metaspace: 120M used, 125M committed, 1152M reserved
[140.479s][info][gc,ref      ] GC(20) Soft: 5907 encountered, 0 discovered, 0 enqueued
[140.479s][info][gc,ref      ] GC(20) Weak: 15260 encountered, 4965 discovered, 887 enqueued
[140.479s][info][gc,ref      ] GC(20) Final: 234 encountered, 3 discovered, 0 enqueued
[140.479s][info][gc,ref      ] GC(20) Phantom: 777 encountered, 687 discovered, 28 enqueued
[140.479s][info][gc,reloc    ] GC(20) Small Pages: 9071 / 18142M, Empty: 17712M, Relocated: 10M, In-Place: 0
[140.479s][info][gc,reloc    ] GC(20) Medium Pages: 47 / 1504M, Empty: 32M, Relocated: 0M, In-Place: 0
[140.479s][info][gc,reloc    ] GC(20) Large Pages: 2 / 12M, Empty: 12M, Relocated: 0M, In-Place: 0
[140.479s][info][gc,reloc    ] GC(20) Forwarding Usage: 3M
[140.479s][info][gc,heap     ] GC(20) Min Capacity: 8M(0%)
[140.479s][info][gc,heap     ] GC(20) Max Capacity: 30718M(100%)
[140.479s][info][gc,heap     ] GC(20) Soft Max Capacity: 30718M(100%)
[140.479s][info][gc,heap     ] GC(20)                Mark Start          Mark End        Relocate Start      Relocate End           High               Low         
[140.479s][info][gc,heap     ] GC(20)  Capacity:    19658M (64%)       19662M (64%)       19664M (64%)       19664M (64%)       19664M (64%)       19658M (64%)    
[140.479s][info][gc,heap     ] GC(20)      Free:    11060M (36%)       11056M (36%)       28786M (94%)       29134M (95%)       29134M (95%)       11054M (36%)    
[140.479s][info][gc,heap     ] GC(20)      Used:    19658M (64%)       19662M (64%)        1932M (6%)         1584M (5%)        19664M (64%)        1584M (5%)     
[140.479s][info][gc,heap     ] GC(20)      Live:         -              1379M (4%)         1379M (4%)         1379M (4%)             -                  -          
[140.479s][info][gc,heap     ] GC(20) Allocated:         -                 4M (0%)           30M (0%)           31M (0%)             -                  -          
[140.479s][info][gc,heap     ] GC(20)   Garbage:         -             18278M (60%)         522M (2%)          173M (1%)             -                  -          
[140.479s][info][gc,heap     ] GC(20) Reclaimed:         -                  -             17756M (58%)       18105M (59%)            -                  -          
[140.479s][info][gc          ] GC(20) Garbage Collection (System.gc()) 19658M(64%)->1584M(5%)
[141.866s][info][gc,start    ] GC(21) Garbage Collection (Allocation Rate)
[141.867s][info][gc,task     ] GC(21) Using 12 workers
[141.867s][info][gc,phases   ] GC(21) Pause Mark Start 0.012ms
[142.171s][info][gc,phases   ] GC(21) Concurrent Mark 301.526ms
[142.171s][info][gc,phases   ] GC(21) Pause Mark End 0.029ms
[142.202s][info][gc,phases   ] GC(21) Concurrent Mark Free 0.001ms
[142.233s][info][gc,phases   ] GC(21) Concurrent Process Non-Strong References 31.665ms
[142.233s][info][gc,phases   ] GC(21) Concurrent Reset Relocation Set 0.034ms
[142.459s][info][gc,phases   ] GC(21) Concurrent Select Relocation Set 225.022ms
[142.459s][info][gc,phases   ] GC(21) Pause Relocate Start 0.008ms
[142.541s][info][gc,phases   ] GC(21) Concurrent Relocate 33.331ms
[142.541s][info][gc,load     ] GC(21) Load: 0.00/0.00/0.00
[142.541s][info][gc,mmu      ] GC(21) MMU: 2ms/97.2%, 5ms/98.9%, 10ms/99.4%, 20ms/99.7%, 50ms/99.9%, 100ms/99.9%
[142.541s][info][gc,marking  ] GC(21) Mark: 8 stripe(s), 2 proactive flush(es), 1 terminate flush(es), 0 completion(s), 0 continuation(s) 
[142.541s][info][gc,marking  ] GC(21) Mark Stack Usage: 32M
[142.541s][info][gc,nmethod  ] GC(21) NMethods: 8501 registered, 783 unregistered
[142.541s][info][gc,metaspace] GC(21) Metaspace: 120M used, 125M committed, 1152M reserved
[142.541s][info][gc,ref      ] GC(21) Soft: 5956 encountered, 0 discovered, 0 enqueued
[142.541s][info][gc,ref      ] GC(21) Weak: 15276 encountered, 4120 discovered, 739 enqueued
[142.541s][info][gc,ref      ] GC(21) Final: 234 encountered, 36 discovered, 0 enqueued
[142.541s][info][gc,ref      ] GC(21) Phantom: 759 encountered, 712 discovered, 10 enqueued
[142.541s][info][gc,reloc    ] GC(21) Small Pages: 7622 / 15244M, Empty: 14768M, Relocated: 17M, In-Place: 0
[142.541s][info][gc,reloc    ] GC(21) Medium Pages: 47 / 1504M, Empty: 32M, Relocated: 0M, In-Place: 0
[142.541s][info][gc,reloc    ] GC(21) Large Pages: 1 / 6M, Empty: 6M, Relocated: 0M, In-Place: 0
[142.541s][info][gc,reloc    ] GC(21) Forwarding Usage: 4M
[142.542s][info][gc,heap     ] GC(21) Min Capacity: 8M(0%)
[142.542s][info][gc,heap     ] GC(21) Max Capacity: 30718M(100%)
[142.542s][info][gc,heap     ] GC(21) Soft Max Capacity: 30718M(100%)
[142.542s][info][gc,heap     ] GC(21)                Mark Start          Mark End        Relocate Start      Relocate End           High               Low         
[142.542s][info][gc,heap     ] GC(21)  Capacity:    19664M (64%)       19664M (64%)       19664M (64%)       19664M (64%)       19664M (64%)       19664M (64%)    
[142.542s][info][gc,heap     ] GC(21)      Free:    13964M (45%)       13530M (44%)       27840M (91%)       27076M (88%)       28114M (92%)       13358M (43%)    
[142.542s][info][gc,heap     ] GC(21)      Used:    16754M (55%)       17188M (56%)        2878M (9%)         3642M (12%)       17360M (57%)        2604M (8%)     
[142.542s][info][gc,heap     ] GC(21)      Live:         -              1387M (5%)         1387M (5%)         1387M (5%)             -                  -          
[142.542s][info][gc,heap     ] GC(21) Allocated:         -               434M (1%)          930M (3%)         2086M (7%)             -                  -          
[142.542s][info][gc,heap     ] GC(21)   Garbage:         -             15366M (50%)         560M (2%)          168M (1%)             -                  -          
[142.542s][info][gc,heap     ] GC(21) Reclaimed:         -                  -             14806M (48%)       15198M (49%)            -                  -          
[142.542s][info][gc          ] GC(21) Garbage Collection (Allocation Rate) 16754M(55%)->3642M(12%)
[142.566s][info][gc,start    ] GC(22) Garbage Collection (Allocation Rate)
[142.567s][info][gc,task     ] GC(22) Using 12 workers
[142.567s][info][gc,phases   ] GC(22) Pause Mark Start 0.011ms
[142.618s][info][gc,phases   ] GC(22) Concurrent Mark 51.276ms
[142.619s][info][gc,phases   ] GC(22) Pause Mark End 0.037ms
[142.619s][info][gc,phases   ] GC(22) Concurrent Mark Free 0.001ms
[142.624s][info][gc,phases   ] GC(22) Concurrent Process Non-Strong References 4.766ms
[142.624s][info][gc,phases   ] GC(22) Concurrent Reset Relocation Set 0.036ms
[142.652s][info][gc,phases   ] GC(22) Concurrent Select Relocation Set 28.733ms
[142.653s][info][gc,phases   ] GC(22) Pause Relocate Start 0.009ms
[142.661s][info][gc,phases   ] GC(22) Concurrent Relocate 7.907ms
[142.661s][info][gc,load     ] GC(22) Load: 0.00/0.00/0.00
[142.661s][info][gc,mmu      ] GC(22) MMU: 2ms/97.2%, 5ms/98.9%, 10ms/99.4%, 20ms/99.7%, 50ms/99.9%, 100ms/99.9%
[142.661s][info][gc,marking  ] GC(22) Mark: 8 stripe(s), 3 proactive flush(es), 1 terminate flush(es), 0 completion(s), 0 continuation(s) 
[142.661s][info][gc,marking  ] GC(22) Mark Stack Usage: 32M
[142.661s][info][gc,nmethod  ] GC(22) NMethods: 8520 registered, 786 unregistered
[142.661s][info][gc,metaspace] GC(22) Metaspace: 120M used, 125M committed, 1152M reserved
[142.661s][info][gc,ref      ] GC(22) Soft: 5955 encountered, 0 discovered, 0 enqueued
[142.661s][info][gc,ref      ] GC(22) Weak: 14543 encountered, 4490 discovered, 16 enqueued
[142.661s][info][gc,ref      ] GC(22) Final: 234 encountered, 4 discovered, 0 enqueued
[142.661s][info][gc,ref      ] GC(22) Phantom: 749 encountered, 528 discovered, 0 enqueued
[142.661s][info][gc,reloc    ] GC(22) Small Pages: 1267 / 2534M, Empty: 2162M, Relocated: 4M, In-Place: 0
[142.661s][info][gc,reloc    ] GC(22) Medium Pages: 46 / 1472M, Empty: 0M, Relocated: 0M, In-Place: 0
[142.661s][info][gc,reloc    ] GC(22) Large Pages: 0 / 0M, Empty: 0M, Relocated: 0M, In-Place: 0
[142.661s][info][gc,reloc    ] GC(22) Forwarding Usage: 0M
[142.661s][info][gc,heap     ] GC(22) Min Capacity: 8M(0%)
[142.661s][info][gc,heap     ] GC(22) Max Capacity: 30718M(100%)
[142.661s][info][gc,heap     ] GC(22) Soft Max Capacity: 30718M(100%)
[142.661s][info][gc,heap     ] GC(22)                Mark Start          Mark End        Relocate Start      Relocate End           High               Low         
[142.661s][info][gc,heap     ] GC(22)  Capacity:    19664M (64%)       19664M (64%)       19664M (64%)       19664M (64%)       19664M (64%)       19664M (64%)    
[142.661s][info][gc,heap     ] GC(22)      Free:    26712M (87%)       26596M (87%)       28712M (93%)       28888M (94%)       28972M (94%)       26588M (87%)    
[142.661s][info][gc,heap     ] GC(22)      Used:     4006M (13%)        4122M (13%)        2006M (7%)         1830M (6%)         4130M (13%)        1746M (6%)     
[142.661s][info][gc,heap     ] GC(22)      Live:         -              1387M (5%)         1387M (5%)         1387M (5%)             -                  -          
[142.661s][info][gc,heap     ] GC(22) Allocated:         -               116M (0%)          162M (1%)          259M (1%)             -                  -          
[142.661s][info][gc,heap     ] GC(22)   Garbage:         -              2618M (9%)          456M (1%)          183M (1%)             -                  -          
[142.661s][info][gc,heap     ] GC(22) Reclaimed:         -                  -              2162M (7%)         2435M (8%)             -                  -          
[142.661s][info][gc          ] GC(22) Garbage Collection (Allocation Rate) 4006M(13%)->1830M(6%)
[142.766s][info][gc,start    ] GC(23) Garbage Collection (Allocation Rate)
[142.766s][info][gc,task     ] GC(23) Using 12 workers
[142.782s][info][gc,phases   ] GC(23) Pause Mark Start 0.015ms
[142.829s][info][gc,phases   ] GC(23) Concurrent Mark 46.694ms
[142.829s][info][gc,phases   ] GC(23) Pause Mark End 0.033ms
[142.829s][info][gc,phases   ] GC(23) Concurrent Mark Free 0.001ms
[142.832s][info][gc,phases   ] GC(23) Concurrent Process Non-Strong References 3.108ms
[142.832s][info][gc,phases   ] GC(23) Concurrent Reset Relocation Set 0.019ms
[142.837s][info][gc,phases   ] GC(23) Concurrent Select Relocation Set 5.095ms
[142.837s][info][gc,phases   ] GC(23) Pause Relocate Start 0.010ms
[142.841s][info][gc,phases   ] GC(23) Concurrent Relocate 4.001ms
[142.841s][info][gc,load     ] GC(23) Load: 0.00/0.00/0.00
[142.841s][info][gc,mmu      ] GC(23) MMU: 2ms/97.2%, 5ms/98.9%, 10ms/99.4%, 20ms/99.7%, 50ms/99.9%, 100ms/99.9%
[142.841s][info][gc,marking  ] GC(23) Mark: 8 stripe(s), 3 proactive flush(es), 1 terminate flush(es), 0 completion(s), 0 continuation(s) 
[142.842s][info][gc,marking  ] GC(23) Mark Stack Usage: 32M
[142.842s][info][gc,nmethod  ] GC(23) NMethods: 8792 registered, 804 unregistered
[142.842s][info][gc,metaspace] GC(23) Metaspace: 120M used, 125M committed, 1152M reserved
[142.842s][info][gc,ref      ] GC(23) Soft: 5930 encountered, 0 discovered, 0 enqueued
[142.842s][info][gc,ref      ] GC(23) Weak: 14486 encountered, 4192 discovered, 3 enqueued
[142.842s][info][gc,ref      ] GC(23) Final: 234 encountered, 6 discovered, 0 enqueued
[142.842s][info][gc,ref      ] GC(23) Phantom: 749 encountered, 695 discovered, 0 enqueued
[142.842s][info][gc,reloc    ] GC(23) Small Pages: 284 / 568M, Empty: 288M, Relocated: 12M, In-Place: 0
[142.842s][info][gc,reloc    ] GC(23) Medium Pages: 46 / 1472M, Empty: 0M, Relocated: 0M, In-Place: 0
[142.842s][info][gc,reloc    ] GC(23) Large Pages: 0 / 0M, Empty: 0M, Relocated: 0M, In-Place: 0
[142.842s][info][gc,reloc    ] GC(23) Forwarding Usage: 3M
[142.842s][info][gc,heap     ] GC(23) Min Capacity: 8M(0%)
[142.842s][info][gc,heap     ] GC(23) Max Capacity: 30718M(100%)
[142.842s][info][gc,heap     ] GC(23) Soft Max Capacity: 30718M(100%)
[142.842s][info][gc,heap     ] GC(23)                Mark Start          Mark End        Relocate Start      Relocate End           High               Low         
[142.842s][info][gc,heap     ] GC(23)  Capacity:    19664M (64%)       19664M (64%)       19664M (64%)       19664M (64%)       19664M (64%)       19664M (64%)    
[142.842s][info][gc,heap     ] GC(23)      Free:    28678M (93%)       28622M (93%)       28902M (94%)       29094M (95%)       29094M (95%)       28620M (93%)    
[142.842s][info][gc,heap     ] GC(23)      Used:     2040M (7%)         2096M (7%)         1816M (6%)         1624M (5%)         2098M (7%)         1624M (5%)     
[142.842s][info][gc,heap     ] GC(23)      Live:         -              1385M (5%)         1385M (5%)         1385M (5%)             -                  -          
[142.842s][info][gc,heap     ] GC(23) Allocated:         -                56M (0%)           64M (0%)           65M (0%)             -                  -          
[142.842s][info][gc,heap     ] GC(23)   Garbage:         -               654M (2%)          366M (1%)          172M (1%)             -                  -          
[142.842s][info][gc,heap     ] GC(23) Reclaimed:         -                  -               288M (1%)          481M (2%)             -                  -          
[142.842s][info][gc          ] GC(23) Garbage Collection (Allocation Rate) 2040M(7%)->1624M(5%)
[143.273s][info][gc,start    ] GC(24) Garbage Collection (System.gc())
[143.273s][info][gc,task     ] GC(24) Using 12 workers
[143.274s][info][gc,phases   ] GC(24) Pause Mark Start 0.016ms
[143.313s][info][gc,phases   ] GC(24) Concurrent Mark 39.043ms
[143.313s][info][gc,phases   ] GC(24) Pause Mark End 0.026ms
[143.313s][info][gc,phases   ] GC(24) Concurrent Mark Free 0.001ms
[143.316s][info][gc,phases   ] GC(24) Concurrent Process Non-Strong References 3.246ms
[143.316s][info][gc,phases   ] GC(24) Concurrent Reset Relocation Set 0.011ms
[143.325s][info][gc,phases   ] GC(24) Concurrent Select Relocation Set 8.822ms
[143.325s][info][gc,phases   ] GC(24) Pause Relocate Start 0.009ms
[143.330s][info][gc,phases   ] GC(24) Concurrent Relocate 4.097ms
[143.330s][info][gc,load     ] GC(24) Load: 0.00/0.00/0.00
[143.330s][info][gc,mmu      ] GC(24) MMU: 2ms/97.2%, 5ms/98.9%, 10ms/99.4%, 20ms/99.7%, 50ms/99.9%, 100ms/99.9%
[143.330s][info][gc,marking  ] GC(24) Mark: 8 stripe(s), 2 proactive flush(es), 1 terminate flush(es), 0 completion(s), 0 continuation(s) 
[143.330s][info][gc,marking  ] GC(24) Mark Stack Usage: 32M
[143.330s][info][gc,nmethod  ] GC(24) NMethods: 8931 registered, 850 unregistered
[143.330s][info][gc,metaspace] GC(24) Metaspace: 120M used, 125M committed, 1152M reserved
[143.330s][info][gc,ref      ] GC(24) Soft: 5908 encountered, 0 discovered, 0 enqueued
[143.330s][info][gc,ref      ] GC(24) Weak: 14575 encountered, 5731 discovered, 153 enqueued
[143.330s][info][gc,ref      ] GC(24) Final: 234 encountered, 5 discovered, 0 enqueued
[143.330s][info][gc,ref      ] GC(24) Phantom: 749 encountered, 605 discovered, 0 enqueued
[143.330s][info][gc,reloc    ] GC(24) Small Pages: 88 / 176M, Empty: 4M, Relocated: 10M, In-Place: 0
[143.330s][info][gc,reloc    ] GC(24) Medium Pages: 47 / 1504M, Empty: 32M, Relocated: 0M, In-Place: 0
[143.330s][info][gc,reloc    ] GC(24) Large Pages: 1 / 6M, Empty: 6M, Relocated: 0M, In-Place: 0
[143.330s][info][gc,reloc    ] GC(24) Forwarding Usage: 3M
[143.330s][info][gc,heap     ] GC(24) Min Capacity: 8M(0%)
[143.330s][info][gc,heap     ] GC(24) Max Capacity: 30718M(100%)
[143.330s][info][gc,heap     ] GC(24) Soft Max Capacity: 30718M(100%)
[143.330s][info][gc,heap     ] GC(24)                Mark Start          Mark End        Relocate Start      Relocate End           High               Low         
[143.330s][info][gc,heap     ] GC(24)  Capacity:    19664M (64%)       19664M (64%)       19664M (64%)       19664M (64%)       19664M (64%)       19664M (64%)    
[143.330s][info][gc,heap     ] GC(24)      Free:    29032M (95%)       29030M (95%)       29050M (95%)       29140M (95%)       29140M (95%)       29014M (94%)    
[143.330s][info][gc,heap     ] GC(24)      Used:     1686M (5%)         1688M (5%)         1668M (5%)         1578M (5%)         1704M (6%)         1578M (5%)     
[143.330s][info][gc,heap     ] GC(24)      Live:         -              1379M (4%)         1379M (4%)         1379M (4%)             -                  -          
[143.330s][info][gc,heap     ] GC(24) Allocated:         -                 2M (0%)           24M (0%)           25M (0%)             -                  -          
[143.330s][info][gc,heap     ] GC(24)   Garbage:         -               306M (1%)          264M (1%)          172M (1%)             -                  -          
[143.330s][info][gc,heap     ] GC(24) Reclaimed:         -                  -                42M (0%)          133M (0%)             -                  -          
[143.330s][info][gc          ] GC(24) Garbage Collection (System.gc()) 1686M(5%)->1578M(5%)
[144.374s][info][gc,start    ] GC(25) Garbage Collection (Allocation Rate)
[144.375s][info][gc,task     ] GC(25) Using 12 workers
[144.375s][info][gc,phases   ] GC(25) Pause Mark Start 0.012ms
[144.718s][info][gc,phases   ] GC(25) Concurrent Mark 297.076ms
[144.718s][info][gc,phases   ] GC(25) Pause Mark End 0.036ms
[144.764s][info][gc,phases   ] GC(25) Concurrent Mark Free 0.001ms
[144.812s][info][gc,phases   ] GC(25) Concurrent Process Non-Strong References 47.538ms
[144.812s][info][gc,phases   ] GC(25) Concurrent Reset Relocation Set 0.007ms
[145.027s][info][gc,phases   ] GC(25) Concurrent Select Relocation Set 215.707ms
[145.028s][info][gc,phases   ] GC(25) Pause Relocate Start 0.008ms
[145.108s][info][gc,phases   ] GC(25) Concurrent Relocate 33.682ms
[145.109s][info][gc,load     ] GC(25) Load: 0.00/0.00/0.00
[145.109s][info][gc,mmu      ] GC(25) MMU: 2ms/97.2%, 5ms/98.9%, 10ms/99.4%, 20ms/99.7%, 50ms/99.9%, 100ms/99.9%
[145.109s][info][gc,marking  ] GC(25) Mark: 8 stripe(s), 2 proactive flush(es), 1 terminate flush(es), 0 completion(s), 0 continuation(s) 
[145.109s][info][gc,marking  ] GC(25) Mark Stack Usage: 32M
[145.109s][info][gc,nmethod  ] GC(25) NMethods: 9326 registered, 942 unregistered
[145.109s][info][gc,metaspace] GC(25) Metaspace: 121M used, 125M committed, 1152M reserved
[145.109s][info][gc,ref      ] GC(25) Soft: 5956 encountered, 0 discovered, 0 enqueued
[145.109s][info][gc,ref      ] GC(25) Weak: 15300 encountered, 5621 discovered, 732 enqueued
[145.109s][info][gc,ref      ] GC(25) Final: 234 encountered, 7 discovered, 0 enqueued
[145.109s][info][gc,ref      ] GC(25) Phantom: 749 encountered, 623 discovered, 0 enqueued
[145.109s][info][gc,reloc    ] GC(25) Small Pages: 6527 / 13054M, Empty: 12554M, Relocated: 18M, In-Place: 0
[145.109s][info][gc,reloc    ] GC(25) Medium Pages: 47 / 1504M, Empty: 32M, Relocated: 0M, In-Place: 0
[145.109s][info][gc,reloc    ] GC(25) Large Pages: 1 / 6M, Empty: 6M, Relocated: 0M, In-Place: 0
[145.109s][info][gc,reloc    ] GC(25) Forwarding Usage: 4M
[145.109s][info][gc,heap     ] GC(25) Min Capacity: 8M(0%)
[145.109s][info][gc,heap     ] GC(25) Max Capacity: 30718M(100%)
[145.109s][info][gc,heap     ] GC(25) Soft Max Capacity: 30718M(100%)
[145.109s][info][gc,heap     ] GC(25)                Mark Start          Mark End        Relocate Start      Relocate End           High               Low         
[145.109s][info][gc,heap     ] GC(25)  Capacity:    19664M (64%)       19664M (64%)       19664M (64%)       19664M (64%)       19664M (64%)       19664M (64%)    
[145.109s][info][gc,heap     ] GC(25)      Free:    16154M (53%)       15660M (51%)       27656M (90%)       26944M (88%)       28128M (92%)       15544M (51%)    
[145.109s][info][gc,heap     ] GC(25)      Used:    14564M (47%)       15058M (49%)        3062M (10%)        3774M (12%)       15174M (49%)        2590M (8%)     
[145.110s][info][gc,heap     ] GC(25)      Live:         -              1387M (5%)         1387M (5%)         1387M (5%)             -                  -          
[145.110s][info][gc,heap     ] GC(25) Allocated:         -               494M (2%)         1090M (4%)         2219M (7%)             -                  -          
[145.110s][info][gc,heap     ] GC(25)   Garbage:         -             13176M (43%)         584M (2%)          166M (1%)             -                  -          
[145.110s][info][gc,heap     ] GC(25) Reclaimed:         -                  -             12592M (41%)       13009M (42%)            -                  -          
[145.110s][info][gc          ] GC(25) Garbage Collection (Allocation Rate) 14564M(47%)->3774M(12%)
[145.171s][info][gc,start    ] GC(26) Garbage Collection (Allocation Rate)
[145.171s][info][gc,task     ] GC(26) Using 12 workers
[145.172s][info][gc,phases   ] GC(26) Pause Mark Start 0.013ms
[145.372s][info][gc,phases   ] GC(26) Concurrent Mark 182.374ms
[145.373s][info][gc,phases   ] GC(26) Pause Mark End 0.025ms
[145.373s][info][gc,phases   ] GC(26) Concurrent Mark Free 0.001ms
[145.382s][info][gc,phases   ] GC(26) Concurrent Process Non-Strong References 9.081ms
[145.382s][info][gc,phases   ] GC(26) Concurrent Reset Relocation Set 0.023ms
[145.415s][info][gc,phases   ] GC(26) Concurrent Select Relocation Set 32.608ms
[145.415s][info][gc,phases   ] GC(26) Pause Relocate Start 0.006ms
[145.435s][info][gc,phases   ] GC(26) Concurrent Relocate 20.294ms
[145.436s][info][gc,load     ] GC(26) Load: 0.00/0.00/0.00
[145.436s][info][gc,mmu      ] GC(26) MMU: 2ms/97.2%, 5ms/98.9%, 10ms/99.4%, 20ms/99.7%, 50ms/99.9%, 100ms/99.9%
[145.436s][info][gc,marking  ] GC(26) Mark: 8 stripe(s), 3 proactive flush(es), 1 terminate flush(es), 0 completion(s), 0 continuation(s) 
[145.436s][info][gc,marking  ] GC(26) Mark Stack Usage: 32M
[145.436s][info][gc,nmethod  ] GC(26) NMethods: 9362 registered, 943 unregistered
[145.436s][info][gc,metaspace] GC(26) Metaspace: 121M used, 125M committed, 1152M reserved
[145.436s][info][gc,ref      ] GC(26) Soft: 5956 encountered, 0 discovered, 0 enqueued
[145.436s][info][gc,ref      ] GC(26) Weak: 14561 encountered, 4911 discovered, 9 enqueued
[145.436s][info][gc,ref      ] GC(26) Final: 234 encountered, 7 discovered, 0 enqueued
[145.436s][info][gc,ref      ] GC(26) Phantom: 749 encountered, 697 discovered, 0 enqueued
[145.436s][info][gc,reloc    ] GC(26) Small Pages: 1607 / 3214M, Empty: 2844M, Relocated: 5M, In-Place: 0
[145.436s][info][gc,reloc    ] GC(26) Medium Pages: 46 / 1472M, Empty: 0M, Relocated: 0M, In-Place: 0
[145.436s][info][gc,reloc    ] GC(26) Large Pages: 0 / 0M, Empty: 0M, Relocated: 0M, In-Place: 0
[145.436s][info][gc,reloc    ] GC(26) Forwarding Usage: 0M
[145.436s][info][gc,heap     ] GC(26) Min Capacity: 8M(0%)
[145.436s][info][gc,heap     ] GC(26) Max Capacity: 30718M(100%)
[145.436s][info][gc,heap     ] GC(26) Soft Max Capacity: 30718M(100%)
[145.436s][info][gc,heap     ] GC(26)                Mark Start          Mark End        Relocate Start      Relocate End           High               Low         
[145.436s][info][gc,heap     ] GC(26)  Capacity:    19664M (64%)       19664M (64%)       19664M (64%)       19664M (64%)       19664M (64%)       19664M (64%)    
[145.436s][info][gc,heap     ] GC(26)      Free:    26032M (85%)       25736M (84%)       28510M (93%)       28492M (93%)       28764M (94%)       25718M (84%)    
[145.436s][info][gc,heap     ] GC(26)      Used:     4686M (15%)        4982M (16%)        2208M (7%)         2226M (7%)         5000M (16%)        1954M (6%)     
[145.436s][info][gc,heap     ] GC(26)      Live:         -              1387M (5%)         1387M (5%)         1387M (5%)             -                  -          
[145.436s][info][gc,heap     ] GC(26) Allocated:         -               296M (1%)          366M (1%)          654M (2%)             -                  -          
[145.436s][info][gc,heap     ] GC(26)   Garbage:         -              3298M (11%)         454M (1%)          183M (1%)             -                  -          
[145.436s][info][gc,heap     ] GC(26) Reclaimed:         -                  -              2844M (9%)         3114M (10%)            -                  -          
[145.436s][info][gc          ] GC(26) Garbage Collection (Allocation Rate) 4686M(15%)->2226M(7%)
[146.075s][info][gc,start    ] GC(27) Garbage Collection (System.gc())
[146.075s][info][gc,task     ] GC(27) Using 12 workers
[146.075s][info][gc,phases   ] GC(27) Pause Mark Start 0.017ms
[146.108s][info][gc,phases   ] GC(27) Concurrent Mark 32.408ms
[146.108s][info][gc,phases   ] GC(27) Pause Mark End 0.021ms
[146.108s][info][gc,phases   ] GC(27) Concurrent Mark Free 0.001ms
[146.111s][info][gc,phases   ] GC(27) Concurrent Process Non-Strong References 3.431ms
[146.112s][info][gc,phases   ] GC(27) Concurrent Reset Relocation Set 0.022ms
[146.118s][info][gc,phases   ] GC(27) Concurrent Select Relocation Set 6.377ms
[146.118s][info][gc,phases   ] GC(27) Pause Relocate Start 0.008ms
[146.122s][info][gc,phases   ] GC(27) Concurrent Relocate 3.386ms
[146.122s][info][gc,load     ] GC(27) Load: 0.00/0.00/0.00
[146.122s][info][gc,mmu      ] GC(27) MMU: 2ms/97.2%, 5ms/98.9%, 10ms/99.4%, 20ms/99.7%, 50ms/99.9%, 100ms/99.9%
[146.122s][info][gc,marking  ] GC(27) Mark: 8 stripe(s), 3 proactive flush(es), 1 terminate flush(es), 0 completion(s), 0 continuation(s) 
[146.122s][info][gc,marking  ] GC(27) Mark Stack Usage: 32M
[146.122s][info][gc,nmethod  ] GC(27) NMethods: 9534 registered, 1006 unregistered
[146.122s][info][gc,metaspace] GC(27) Metaspace: 121M used, 125M committed, 1152M reserved
[146.122s][info][gc,ref      ] GC(27) Soft: 5908 encountered, 0 discovered, 0 enqueued
[146.122s][info][gc,ref      ] GC(27) Weak: 14601 encountered, 3559 discovered, 153 enqueued
[146.122s][info][gc,ref      ] GC(27) Final: 234 encountered, 9 discovered, 0 enqueued
[146.122s][info][gc,ref      ] GC(27) Phantom: 749 encountered, 642 discovered, 0 enqueued
[146.122s][info][gc,reloc    ] GC(27) Small Pages: 1051 / 2102M, Empty: 1786M, Relocated: 12M, In-Place: 0
[146.122s][info][gc,reloc    ] GC(27) Medium Pages: 47 / 1504M, Empty: 32M, Relocated: 0M, In-Place: 0
[146.122s][info][gc,reloc    ] GC(27) Large Pages: 1 / 6M, Empty: 6M, Relocated: 0M, In-Place: 0
[146.122s][info][gc,reloc    ] GC(27) Forwarding Usage: 3M
[146.122s][info][gc,heap     ] GC(27) Min Capacity: 8M(0%)
[146.122s][info][gc,heap     ] GC(27) Max Capacity: 30718M(100%)
[146.122s][info][gc,heap     ] GC(27) Soft Max Capacity: 30718M(100%)
[146.122s][info][gc,heap     ] GC(27)                Mark Start          Mark End        Relocate Start      Relocate End           High               Low         
[146.122s][info][gc,heap     ] GC(27)  Capacity:    19664M (64%)       19664M (64%)       19664M (64%)       19664M (64%)       19664M (64%)       19664M (64%)    
[146.122s][info][gc,heap     ] GC(27)      Free:    27106M (88%)       27102M (88%)       28896M (94%)       29132M (95%)       29132M (95%)       27102M (88%)    
[146.122s][info][gc,heap     ] GC(27)      Used:     3612M (12%)        3616M (12%)        1822M (6%)         1586M (5%)         3616M (12%)        1586M (5%)     
[146.122s][info][gc,heap     ] GC(27)      Live:         -              1379M (4%)         1379M (4%)         1379M (4%)             -                  -          
[146.122s][info][gc,heap     ] GC(27) Allocated:         -                 4M (0%)           34M (0%)           35M (0%)             -                  -          
[146.122s][info][gc,heap     ] GC(27)   Garbage:         -              2232M (7%)          408M (1%)          170M (1%)             -                  -          
[146.122s][info][gc,heap     ] GC(27) Reclaimed:         -                  -              1824M (6%)         2061M (7%)             -                  -          
[146.122s][info][gc          ] GC(27) Garbage Collection (System.gc()) 3612M(12%)->1586M(5%)
[146.967s][info][gc,start    ] GC(28) Garbage Collection (Allocation Rate)
[146.967s][info][gc,task     ] GC(28) Using 12 workers
[146.968s][info][gc,phases   ] GC(28) Pause Mark Start 0.012ms
[147.529s][info][gc,phases   ] GC(28) Concurrent Mark 518.499ms
[147.529s][info][gc,phases   ] GC(28) Pause Mark End 0.036ms
[147.638s][info][gc,phases   ] GC(28) Concurrent Mark Free 0.002ms
[147.701s][info][gc,phases   ] GC(28) Concurrent Process Non-Strong References 62.848ms
[147.701s][info][gc,phases   ] GC(28) Concurrent Reset Relocation Set 0.015ms
[147.928s][info][gc,phases   ] GC(28) Concurrent Select Relocation Set 226.460ms
[147.928s][info][gc,phases   ] GC(28) Pause Relocate Start 0.011ms
[148.075s][info][gc,phases   ] GC(28) Concurrent Relocate 30.193ms
[148.075s][info][gc,load     ] GC(28) Load: 0.00/0.00/0.00
[148.075s][info][gc,mmu      ] GC(28) MMU: 2ms/97.2%, 5ms/98.9%, 10ms/99.4%, 20ms/99.7%, 50ms/99.9%, 100ms/99.9%
[148.075s][info][gc,marking  ] GC(28) Mark: 8 stripe(s), 2 proactive flush(es), 1 terminate flush(es), 0 completion(s), 0 continuation(s) 
[148.075s][info][gc,marking  ] GC(28) Mark Stack Usage: 32M
[148.075s][info][gc,nmethod  ] GC(28) NMethods: 9869 registered, 1071 unregistered
[148.075s][info][gc,metaspace] GC(28) Metaspace: 121M used, 125M committed, 1152M reserved
[148.076s][info][gc,ref      ] GC(28) Soft: 5956 encountered, 0 discovered, 0 enqueued
[148.076s][info][gc,ref      ] GC(28) Weak: 15327 encountered, 4607 discovered, 733 enqueued
[148.076s][info][gc,ref      ] GC(28) Final: 234 encountered, 7 discovered, 0 enqueued
[148.076s][info][gc,ref      ] GC(28) Phantom: 749 encountered, 651 discovered, 0 enqueued
[148.076s][info][gc,reloc    ] GC(28) Small Pages: 5339 / 10678M, Empty: 10196M, Relocated: 19M, In-Place: 0
[148.076s][info][gc,reloc    ] GC(28) Medium Pages: 47 / 1504M, Empty: 32M, Relocated: 0M, In-Place: 0
[148.076s][info][gc,reloc    ] GC(28) Large Pages: 1 / 6M, Empty: 6M, Relocated: 0M, In-Place: 0
[148.076s][info][gc,reloc    ] GC(28) Forwarding Usage: 4M
[148.076s][info][gc,heap     ] GC(28) Min Capacity: 8M(0%)
[148.076s][info][gc,heap     ] GC(28) Max Capacity: 30718M(100%)
[148.076s][info][gc,heap     ] GC(28) Soft Max Capacity: 30718M(100%)
[148.076s][info][gc,heap     ] GC(28)                Mark Start          Mark End        Relocate Start      Relocate End           High               Low         
[148.076s][info][gc,heap     ] GC(28)  Capacity:    19664M (64%)       19664M (64%)       19664M (64%)       19664M (64%)       19664M (64%)       19664M (64%)    
[148.076s][info][gc,heap     ] GC(28)      Free:    18530M (60%)       17336M (56%)       27034M (88%)       25360M (83%)       27332M (89%)       17106M (56%)    
[148.076s][info][gc,heap     ] GC(28)      Used:    12188M (40%)       13382M (44%)        3684M (12%)        5358M (17%)       13612M (44%)        3386M (11%)    
[148.076s][info][gc,heap     ] GC(28)      Live:         -              1388M (5%)         1388M (5%)         1388M (5%)             -                  -          
[148.076s][info][gc,heap     ] GC(28) Allocated:         -              1194M (4%)         1730M (6%)         3801M (12%)            -                  -          
[148.076s][info][gc,heap     ] GC(28)   Garbage:         -             10799M (35%)         565M (2%)          168M (1%)             -                  -          
[148.076s][info][gc,heap     ] GC(28) Reclaimed:         -                  -             10234M (33%)       10631M (35%)            -                  -          
[148.076s][info][gc          ] GC(28) Garbage Collection (Allocation Rate) 12188M(40%)->5358M(17%)
[148.180s][info][gc,start    ] GC(29) Garbage Collection (Allocation Rate)
[148.180s][info][gc,task     ] GC(29) Using 12 workers
[148.180s][info][gc,phases   ] GC(29) Pause Mark Start 0.010ms
[148.389s][info][gc,phases   ] GC(29) Concurrent Mark 201.743ms
[148.389s][info][gc,phases   ] GC(29) Pause Mark End 0.031ms
[148.389s][info][gc,phases   ] GC(29) Concurrent Mark Free 0.001ms
[148.398s][info][gc,phases   ] GC(29) Concurrent Process Non-Strong References 8.714ms
[148.398s][info][gc,phases   ] GC(29) Concurrent Reset Relocation Set 0.024ms
[148.458s][info][gc,phases   ] GC(29) Concurrent Select Relocation Set 59.452ms
[148.458s][info][gc,phases   ] GC(29) Pause Relocate Start 0.010ms
[148.486s][info][gc,phases   ] GC(29) Concurrent Relocate 7.731ms
[148.486s][info][gc,load     ] GC(29) Load: 0.00/0.00/0.00
[148.486s][info][gc,mmu      ] GC(29) MMU: 2ms/97.2%, 5ms/98.9%, 10ms/99.4%, 20ms/99.7%, 50ms/99.9%, 100ms/99.9%
[148.486s][info][gc,marking  ] GC(29) Mark: 8 stripe(s), 2 proactive flush(es), 1 terminate flush(es), 0 completion(s), 0 continuation(s) 
[148.486s][info][gc,marking  ] GC(29) Mark Stack Usage: 32M
[148.486s][info][gc,nmethod  ] GC(29) NMethods: 9903 registered, 1072 unregistered
[148.486s][info][gc,metaspace] GC(29) Metaspace: 121M used, 125M committed, 1152M reserved
[148.486s][info][gc,ref      ] GC(29) Soft: 5956 encountered, 0 discovered, 0 enqueued
[148.486s][info][gc,ref      ] GC(29) Weak: 14585 encountered, 3352 discovered, 9 enqueued
[148.486s][info][gc,ref      ] GC(29) Final: 234 encountered, 34 discovered, 0 enqueued
[148.486s][info][gc,ref      ] GC(29) Phantom: 749 encountered, 698 discovered, 0 enqueued
[148.486s][info][gc,reloc    ] GC(29) Small Pages: 2690 / 5380M, Empty: 4964M, Relocated: 4M, In-Place: 0
[148.486s][info][gc,reloc    ] GC(29) Medium Pages: 46 / 1472M, Empty: 0M, Relocated: 0M, In-Place: 0
[148.486s][info][gc,reloc    ] GC(29) Large Pages: 0 / 0M, Empty: 0M, Relocated: 0M, In-Place: 0
[148.487s][info][gc,reloc    ] GC(29) Forwarding Usage: 0M
[148.487s][info][gc,heap     ] GC(29) Min Capacity: 8M(0%)
[148.487s][info][gc,heap     ] GC(29) Max Capacity: 30718M(100%)
[148.487s][info][gc,heap     ] GC(29) Soft Max Capacity: 30718M(100%)
[148.487s][info][gc,heap     ] GC(29)                Mark Start          Mark End        Relocate Start      Relocate End           High               Low         
[148.487s][info][gc,heap     ] GC(29)  Capacity:    19664M (64%)       19664M (64%)       19664M (64%)       19664M (64%)       19664M (64%)       19664M (64%)    
[148.487s][info][gc,heap     ] GC(29)      Free:    23866M (78%)       23548M (77%)       28198M (92%)       28406M (92%)       28490M (93%)       23532M (77%)    
[148.487s][info][gc,heap     ] GC(29)      Used:     6852M (22%)        7170M (23%)        2520M (8%)         2312M (8%)         7186M (23%)        2228M (7%)     
[148.487s][info][gc,heap     ] GC(29)      Live:         -              1388M (5%)         1388M (5%)         1388M (5%)             -                  -          
[148.487s][info][gc,heap     ] GC(29) Allocated:         -               318M (1%)          632M (2%)          740M (2%)             -                  -          
[148.487s][info][gc,heap     ] GC(29)   Garbage:         -              5463M (18%)         499M (2%)          182M (1%)             -                  -          
[148.487s][info][gc,heap     ] GC(29) Reclaimed:         -                  -              4964M (16%)        5280M (17%)            -                  -          
[148.487s][info][gc          ] GC(29) Garbage Collection (Allocation Rate) 6852M(22%)->2312M(8%)
[149.155s][info][gc,start    ] GC(30) Garbage Collection (System.gc())
[149.155s][info][gc,task     ] GC(30) Using 12 workers
[149.155s][info][gc,phases   ] GC(30) Pause Mark Start 0.016ms
[149.204s][info][gc,phases   ] GC(30) Concurrent Mark 49.016ms
[149.204s][info][gc,phases   ] GC(30) Pause Mark End 0.036ms
[149.204s][info][gc,phases   ] GC(30) Concurrent Mark Free 0.001ms
[149.208s][info][gc,phases   ] GC(30) Concurrent Process Non-Strong References 3.947ms
[149.209s][info][gc,phases   ] GC(30) Concurrent Reset Relocation Set 0.025ms
[149.215s][info][gc,phases   ] GC(30) Concurrent Select Relocation Set 6.325ms
[149.215s][info][gc,phases   ] GC(30) Pause Relocate Start 0.011ms
[149.219s][info][gc,phases   ] GC(30) Concurrent Relocate 3.896ms
[149.220s][info][gc,load     ] GC(30) Load: 0.00/0.00/0.00
[149.220s][info][gc,mmu      ] GC(30) MMU: 2ms/97.2%, 5ms/98.9%, 10ms/99.4%, 20ms/99.7%, 50ms/99.9%, 100ms/99.9%
[149.220s][info][gc,marking  ] GC(30) Mark: 8 stripe(s), 2 proactive flush(es), 1 terminate flush(es), 0 completion(s), 0 continuation(s) 
[149.220s][info][gc,marking  ] GC(30) Mark Stack Usage: 32M
[149.220s][info][gc,nmethod  ] GC(30) NMethods: 10063 registered, 1125 unregistered
[149.220s][info][gc,metaspace] GC(30) Metaspace: 121M used, 125M committed, 1152M reserved
[149.220s][info][gc,ref      ] GC(30) Soft: 5908 encountered, 0 discovered, 0 enqueued
[149.220s][info][gc,ref      ] GC(30) Weak: 14634 encountered, 3304 discovered, 154 enqueued
[149.220s][info][gc,ref      ] GC(30) Final: 234 encountered, 5 discovered, 0 enqueued
[149.220s][info][gc,ref      ] GC(30) Phantom: 749 encountered, 600 discovered, 0 enqueued
[149.220s][info][gc,reloc    ] GC(30) Small Pages: 1148 / 2296M, Empty: 1946M, Relocated: 12M, In-Place: 0
[149.220s][info][gc,reloc    ] GC(30) Medium Pages: 47 / 1504M, Empty: 32M, Relocated: 0M, In-Place: 0
[149.220s][info][gc,reloc    ] GC(30) Large Pages: 1 / 6M, Empty: 6M, Relocated: 0M, In-Place: 0
[149.220s][info][gc,reloc    ] GC(30) Forwarding Usage: 3M
[149.220s][info][gc,heap     ] GC(30) Min Capacity: 8M(0%)
[149.220s][info][gc,heap     ] GC(30) Max Capacity: 30718M(100%)
[149.220s][info][gc,heap     ] GC(30) Soft Max Capacity: 30718M(100%)
[149.220s][info][gc,heap     ] GC(30)                Mark Start          Mark End        Relocate Start      Relocate End           High               Low         
[149.220s][info][gc,heap     ] GC(30)  Capacity:    19664M (64%)       19664M (64%)       19664M (64%)       19664M (64%)       19664M (64%)       19664M (64%)    
[149.220s][info][gc,heap     ] GC(30)      Free:    26912M (88%)       26908M (88%)       28876M (94%)       29140M (95%)       29140M (95%)       26908M (88%)    
[149.220s][info][gc,heap     ] GC(30)      Used:     3806M (12%)        3810M (12%)        1842M (6%)         1578M (5%)         3810M (12%)        1578M (5%)     
[149.220s][info][gc,heap     ] GC(30)      Live:         -              1379M (4%)         1379M (4%)         1379M (4%)             -                  -          
[149.220s][info][gc,heap     ] GC(30) Allocated:         -                 4M (0%)           20M (0%)           27M (0%)             -                  -          
[149.220s][info][gc,heap     ] GC(30)   Garbage:         -              2426M (8%)          442M (1%)          170M (1%)             -                  -          
[149.220s][info][gc,heap     ] GC(30) Reclaimed:         -                  -              1984M (6%)         2255M (7%)             -                  -          
[149.220s][info][gc          ] GC(30) Garbage Collection (System.gc()) 3806M(12%)->1578M(5%)
[149.973s][info][gc,start    ] GC(31) Garbage Collection (Allocation Rate)
[149.974s][info][gc,task     ] GC(31) Using 12 workers
[149.974s][info][gc,phases   ] GC(31) Pause Mark Start 0.011ms
[150.176s][info][gc,stats    ] === Garbage Collection Statistics =======================================================================================================================
[150.176s][info][gc,stats    ]                                                              Last 10s              Last 10m              Last 10h                Total
[150.176s][info][gc,stats    ]                                                              Avg / Max             Avg / Max             Avg / Max             Avg / Max
[150.176s][info][gc,stats    ]   Collector: Garbage Collection Cycle                    316.603 / 1108.820    472.474 / 1749.322    472.474 / 1749.322    472.474 / 1749.322    ms
[150.176s][info][gc,stats    ]  Contention: Mark Segment Reset Contention                     7 / 24                1 / 24                1 / 24                1 / 24          ops/s
[150.176s][info][gc,stats    ]  Contention: Mark SeqNum Reset Contention                      0 / 3                 0 / 3                 0 / 3                 0 / 3           ops/s
[150.176s][info][gc,stats    ]    Critical: Allocation Stall                                  0 / 0                 0 / 0                 0 / 0                 0 / 0           ops/s
[150.176s][info][gc,stats    ]    Critical: Allocation Stall                              0.000 / 0.000         0.000 / 0.000         0.000 / 0.000         0.000 / 0.000       ms
[150.176s][info][gc,stats    ]    Critical: GC Locker Stall                                   0 / 0                 0 / 1                 0 / 1                 0 / 1           ops/s
[150.176s][info][gc,stats    ]    Critical: GC Locker Stall                               0.000 / 0.000         0.001 / 0.001         0.001 / 0.001         0.001 / 0.001       ms
[150.176s][info][gc,stats    ]    Critical: Relocation Stall                                  0 / 0                 0 / 0                 0 / 0                 0 / 0           ops/s
[150.176s][info][gc,stats    ]    Critical: Relocation Stall                              0.000 / 0.000         0.000 / 0.000         0.000 / 0.000         0.000 / 0.000       ms
[150.176s][info][gc,stats    ]      Memory: Allocation Rate                                6412 / 11300          1204 / 11300          1204 / 11300          1204 / 11300       MB/s
[150.176s][info][gc,stats    ]      Memory: Defragment                                        0 / 0                18 / 560              18 / 560              18 / 560         ops/s
[150.176s][info][gc,stats    ]      Memory: Out Of Memory                                     0 / 0                 0 / 0                 0 / 0                 0 / 0           ops/s
[150.176s][info][gc,stats    ]      Memory: Page Cache Flush                                  0 / 0                36 / 1122             36 / 1122             36 / 1122        MB/s
[150.176s][info][gc,stats    ]      Memory: Page Cache Hit L1                              3207 / 5648            500 / 5648            500 / 5648            500 / 5648        ops/s
[150.176s][info][gc,stats    ]      Memory: Page Cache Hit L2                                 0 / 0                 0 / 0                 0 / 0                 0 / 0           ops/s
[150.176s][info][gc,stats    ]      Memory: Page Cache Hit L3                                 0 / 0                23 / 503              23 / 503              23 / 503         ops/s
[150.176s][info][gc,stats    ]      Memory: Page Cache Miss                                   0 / 6                36 / 735              36 / 735              36 / 735         ops/s
[150.176s][info][gc,stats    ]      Memory: Uncommit                                          0 / 0                 0 / 0                 0 / 0                 0 / 0           MB/s
[150.177s][info][gc,stats    ]      Memory: Undo Object Allocation Failed                     0 / 0                 0 / 2                 0 / 2                 0 / 2           ops/s
[150.177s][info][gc,stats    ]      Memory: Undo Object Allocation Succeeded                 12 / 75                2 / 75                2 / 75                2 / 75          ops/s
[150.177s][info][gc,stats    ]      Memory: Undo Page Allocation                              1 / 3                 5 / 146               5 / 146               5 / 146         ops/s
[150.177s][info][gc,stats    ]       Phase: Concurrent Mark                             159.535 / 518.499     218.630 / 552.339     218.630 / 552.339     218.630 / 552.339     ms
[150.177s][info][gc,stats    ]       Phase: Concurrent Mark Continue                      0.000 / 0.000         0.000 / 0.000         0.000 / 0.000         0.000 / 0.000       ms
[150.177s][info][gc,stats    ]       Phase: Concurrent Mark Free                          0.001 / 0.002         0.001 / 0.002         0.001 / 0.002         0.001 / 0.002       ms
[150.177s][info][gc,stats    ]       Phase: Concurrent Process Non-Strong References     16.591 / 62.848       53.541 / 800.745      53.541 / 800.745      53.541 / 800.745     ms
[150.177s][info][gc,stats    ]       Phase: Concurrent Relocate                          13.856 / 33.682       99.628 / 678.239      99.628 / 678.239      99.628 / 678.239     ms
[150.177s][info][gc,stats    ]       Phase: Concurrent Reset Relocation Set               0.020 / 0.036         0.027 / 0.115         0.027 / 0.115         0.027 / 0.115       ms
[150.177s][info][gc,stats    ]       Phase: Concurrent Select Relocation Set             74.916 / 226.460      55.100 / 226.460      55.100 / 226.460      55.100 / 226.460     ms
[150.177s][info][gc,stats    ]       Phase: Pause Mark End                                0.030 / 0.037         0.031 / 0.055         0.031 / 0.055         0.031 / 0.055       ms
[150.177s][info][gc,stats    ]       Phase: Pause Mark Start                              0.013 / 0.017         0.013 / 0.017         0.013 / 0.017         0.013 / 0.017       ms
[150.177s][info][gc,stats    ]       Phase: Pause Relocate Start                          0.009 / 0.011         0.009 / 0.011         0.009 / 0.011         0.009 / 0.011       ms
[150.177s][info][gc,stats    ]    Subphase: Concurrent Classes Purge                      0.307 / 1.501        24.129 / 691.327      24.129 / 691.327      24.129 / 691.327     ms
[150.177s][info][gc,stats    ]    Subphase: Concurrent Classes Unlink                     8.650 / 24.110        7.802 / 61.446        7.802 / 61.446        7.802 / 61.446      ms
[150.177s][info][gc,stats    ]    Subphase: Concurrent Mark                              80.943 / 298.457     145.375 / 481.134     145.375 / 481.134     145.375 / 481.134     ms
[150.177s][info][gc,stats    ]    Subphase: Concurrent Mark Try Flush                     9.240 / 140.840      25.842 / 205.136      25.842 / 205.136      25.842 / 205.136     ms
[150.177s][info][gc,stats    ]    Subphase: Concurrent Mark Try Terminate                12.124 / 31.013        9.945 / 124.983       9.945 / 124.983       9.945 / 124.983     ms
[150.177s][info][gc,stats    ]    Subphase: Concurrent References Enqueue                 0.004 / 0.004         0.003 / 0.016         0.003 / 0.016         0.003 / 0.016       ms
[150.177s][info][gc,stats    ]    Subphase: Concurrent References Process                 0.317 / 0.548         0.337 / 0.974         0.337 / 0.974         0.337 / 0.974       ms
[150.177s][info][gc,stats    ]    Subphase: Concurrent Roots ClassLoaderDataGraph         0.222 / 3.429         0.185 / 3.429         0.185 / 3.429         0.185 / 3.429       ms
[150.177s][info][gc,stats    ]    Subphase: Concurrent Roots CodeCache                    0.000 / 0.000         0.000 / 0.000         0.000 / 0.000         0.000 / 0.000       ms
[150.177s][info][gc,stats    ]    Subphase: Concurrent Roots JavaThreads                 75.042 / 219.507      69.425 / 313.942      69.425 / 313.942      69.425 / 313.942     ms
[150.177s][info][gc,stats    ]    Subphase: Concurrent Roots OopStorageSet                0.321 / 3.425         0.282 / 3.425         0.282 / 3.425         0.282 / 3.425       ms
[150.177s][info][gc,stats    ]    Subphase: Concurrent Weak Roots OopStorageSet           0.399 / 0.539         0.367 / 0.630         0.367 / 0.630         0.367 / 0.630       ms
[150.177s][info][gc,stats    ]    Subphase: Pause Mark Try Complete                       0.000 / 0.000         0.001 / 0.003         0.001 / 0.003         0.001 / 0.003       ms
[150.177s][info][gc,stats    ]      System: Java Threads                                    203 / 241             165 / 241             165 / 241             165 / 241         threads
[150.177s][info][gc,stats    ] =========================================================================================================================================================
[150.316s][info][gc,phases   ] GC(31) Concurrent Mark 339.392ms
[150.317s][info][gc,phases   ] GC(31) Pause Mark End 0.037ms
[150.317s][info][gc,phases   ] GC(31) Concurrent Mark Free 0.001ms
[150.380s][info][gc,phases   ] GC(31) Concurrent Process Non-Strong References 63.165ms
[150.380s][info][gc,phases   ] GC(31) Concurrent Reset Relocation Set 0.014ms
[150.609s][info][gc,phases   ] GC(31) Concurrent Select Relocation Set 228.112ms
[150.609s][info][gc,phases   ] GC(31) Pause Relocate Start 0.009ms
[150.659s][info][gc,phases   ] GC(31) Concurrent Relocate 29.901ms
[150.660s][info][gc,load     ] GC(31) Load: 0.00/0.00/0.00
[150.660s][info][gc,mmu      ] GC(31) MMU: 2ms/97.2%, 5ms/98.9%, 10ms/99.4%, 20ms/99.7%, 50ms/99.9%, 100ms/99.9%
[150.660s][info][gc,marking  ] GC(31) Mark: 8 stripe(s), 2 proactive flush(es), 1 terminate flush(es), 0 completion(s), 0 continuation(s) 
[150.660s][info][gc,marking  ] GC(31) Mark Stack Usage: 32M
[150.660s][info][gc,nmethod  ] GC(31) NMethods: 9941 registered, 580 unregistered
[150.660s][info][gc,metaspace] GC(31) Metaspace: 122M used, 126M committed, 1152M reserved
[150.660s][info][gc,ref      ] GC(31) Soft: 5956 encountered, 0 discovered, 0 enqueued
[150.660s][info][gc,ref      ] GC(31) Weak: 15358 encountered, 6548 discovered, 732 enqueued
[150.660s][info][gc,ref      ] GC(31) Final: 234 encountered, 63 discovered, 0 enqueued
[150.660s][info][gc,ref      ] GC(31) Phantom: 749 encountered, 437 discovered, 0 enqueued
[150.660s][info][gc,reloc    ] GC(31) Small Pages: 4613 / 9226M, Empty: 8718M, Relocated: 19M, In-Place: 0
[150.660s][info][gc,reloc    ] GC(31) Medium Pages: 47 / 1504M, Empty: 32M, Relocated: 0M, In-Place: 0
[150.660s][info][gc,reloc    ] GC(31) Large Pages: 1 / 6M, Empty: 6M, Relocated: 0M, In-Place: 0
[150.660s][info][gc,reloc    ] GC(31) Forwarding Usage: 4M
[150.660s][info][gc,heap     ] GC(31) Min Capacity: 8M(0%)
[150.660s][info][gc,heap     ] GC(31) Max Capacity: 30718M(100%)
[150.660s][info][gc,heap     ] GC(31) Soft Max Capacity: 30718M(100%)
[150.660s][info][gc,heap     ] GC(31)                Mark Start          Mark End        Relocate Start      Relocate End           High               Low         
[150.660s][info][gc,heap     ] GC(31)  Capacity:    19664M (64%)       19664M (64%)       19664M (64%)       19664M (64%)       19664M (64%)       19664M (64%)    
[150.660s][info][gc,heap     ] GC(31)      Free:    19982M (65%)       19494M (63%)       27456M (89%)       27176M (88%)       28158M (92%)       19402M (63%)    
[150.660s][info][gc,heap     ] GC(31)      Used:    10736M (35%)       11224M (37%)        3262M (11%)        3542M (12%)       11316M (37%)        2560M (8%)     
[150.660s][info][gc,heap     ] GC(31)      Live:         -              1388M (5%)         1388M (5%)         1388M (5%)             -                  -          
[150.660s][info][gc,heap     ] GC(31) Allocated:         -               488M (2%)         1282M (4%)         1988M (6%)             -                  -          
[150.660s][info][gc,heap     ] GC(31)   Garbage:         -              9347M (30%)         591M (2%)          165M (1%)             -                  -          
[150.660s][info][gc,heap     ] GC(31) Reclaimed:         -                  -              8756M (29%)        9182M (30%)            -                  -          
[150.660s][info][gc          ] GC(31) Garbage Collection (Allocation Rate) 10736M(35%)->3542M(12%)
[151.173s][info][gc,start    ] GC(32) Garbage Collection (Allocation Rate)
[151.173s][info][gc,task     ] GC(32) Using 11 workers
[151.173s][info][gc,phases   ] GC(32) Pause Mark Start 0.010ms
[151.218s][info][gc,phases   ] GC(32) Concurrent Mark 45.236ms
[151.218s][info][gc,phases   ] GC(32) Pause Mark End 0.029ms
[151.218s][info][gc,phases   ] GC(32) Concurrent Mark Free 0.001ms
[151.222s][info][gc,phases   ] GC(32) Concurrent Process Non-Strong References 3.345ms
[151.222s][info][gc,phases   ] GC(32) Concurrent Reset Relocation Set 0.032ms
[151.225s][info][gc,phases   ] GC(32) Concurrent Select Relocation Set 3.499ms
[151.225s][info][gc,phases   ] GC(32) Pause Relocate Start 0.008ms
[151.227s][info][gc,phases   ] GC(32) Concurrent Relocate 1.655ms
[151.227s][info][gc,load     ] GC(32) Load: 0.00/0.00/0.00
[151.227s][info][gc,mmu      ] GC(32) MMU: 2ms/97.2%, 5ms/98.9%, 10ms/99.4%, 20ms/99.7%, 50ms/99.9%, 100ms/99.9%
[151.227s][info][gc,marking  ] GC(32) Mark: 8 stripe(s), 3 proactive flush(es), 1 terminate flush(es), 0 completion(s), 0 continuation(s) 
[151.227s][info][gc,marking  ] GC(32) Mark Stack Usage: 32M
[151.227s][info][gc,nmethod  ] GC(32) NMethods: 10048 registered, 589 unregistered
[151.227s][info][gc,metaspace] GC(32) Metaspace: 122M used, 126M committed, 1152M reserved
[151.227s][info][gc,ref      ] GC(32) Soft: 5948 encountered, 0 discovered, 0 enqueued
[151.227s][info][gc,ref      ] GC(32) Weak: 14619 encountered, 4065 discovered, 12 enqueued
[151.227s][info][gc,ref      ] GC(32) Final: 234 encountered, 5 discovered, 0 enqueued
[151.227s][info][gc,ref      ] GC(32) Phantom: 754 encountered, 525 discovered, 0 enqueued
[151.227s][info][gc,reloc    ] GC(32) Small Pages: 4471 / 8942M, Empty: 8504M, Relocated: 6M, In-Place: 0
[151.227s][info][gc,reloc    ] GC(32) Medium Pages: 46 / 1472M, Empty: 0M, Relocated: 0M, In-Place: 0
[151.227s][info][gc,reloc    ] GC(32) Large Pages: 0 / 0M, Empty: 0M, Relocated: 0M, In-Place: 0
[151.227s][info][gc,reloc    ] GC(32) Forwarding Usage: 1M
[151.227s][info][gc,heap     ] GC(32) Min Capacity: 8M(0%)
[151.227s][info][gc,heap     ] GC(32) Max Capacity: 30718M(100%)
[151.227s][info][gc,heap     ] GC(32) Soft Max Capacity: 30718M(100%)
[151.227s][info][gc,heap     ] GC(32)                Mark Start          Mark End        Relocate Start      Relocate End           High               Low         
[151.227s][info][gc,heap     ] GC(32)  Capacity:    19664M (64%)       19664M (64%)       19664M (64%)       19664M (64%)       19664M (64%)       19664M (64%)    
[151.227s][info][gc,heap     ] GC(32)      Free:    20304M (66%)       20220M (66%)       28724M (94%)       29064M (95%)       29064M (95%)       20220M (66%)    
[151.227s][info][gc,heap     ] GC(32)      Used:    10414M (34%)       10498M (34%)        1994M (6%)         1654M (5%)        10498M (34%)        1654M (5%)     
[151.227s][info][gc,heap     ] GC(32)      Live:         -              1390M (5%)         1390M (5%)         1390M (5%)             -                  -          
[151.227s][info][gc,heap     ] GC(32) Allocated:         -                84M (0%)           84M (0%)           83M (0%)             -                  -          
[151.227s][info][gc,heap     ] GC(32)   Garbage:         -              9023M (29%)         519M (2%)          179M (1%)             -                  -          
[151.227s][info][gc,heap     ] GC(32) Reclaimed:         -                  -              8504M (28%)        8843M (29%)            -                  -          
[151.227s][info][gc          ] GC(32) Garbage Collection (Allocation Rate) 10414M(34%)->1654M(5%)
[151.726s][info][gc,start    ] GC(33) Garbage Collection (System.gc())
[151.726s][info][gc,task     ] GC(33) Using 12 workers
[151.726s][info][gc,phases   ] GC(33) Pause Mark Start 0.017ms
[151.770s][info][gc,phases   ] GC(33) Concurrent Mark 43.538ms
[151.770s][info][gc,phases   ] GC(33) Pause Mark End 0.029ms
[151.770s][info][gc,phases   ] GC(33) Concurrent Mark Free 0.001ms
[151.774s][info][gc,phases   ] GC(33) Concurrent Process Non-Strong References 3.775ms
[151.774s][info][gc,phases   ] GC(33) Concurrent Reset Relocation Set 0.029ms
[151.779s][info][gc,phases   ] GC(33) Concurrent Select Relocation Set 5.704ms
[151.780s][info][gc,phases   ] GC(33) Pause Relocate Start 0.010ms
[151.783s][info][gc,phases   ] GC(33) Concurrent Relocate 3.158ms
[151.783s][info][gc,load     ] GC(33) Load: 0.00/0.00/0.00
[151.783s][info][gc,mmu      ] GC(33) MMU: 2ms/97.2%, 5ms/98.9%, 10ms/99.4%, 20ms/99.7%, 50ms/99.9%, 100ms/99.9%
[151.783s][info][gc,marking  ] GC(33) Mark: 8 stripe(s), 2 proactive flush(es), 1 terminate flush(es), 0 completion(s), 0 continuation(s) 
[151.783s][info][gc,marking  ] GC(33) Mark Stack Usage: 32M
[151.783s][info][gc,nmethod  ] GC(33) NMethods: 10156 registered, 618 unregistered
[151.783s][info][gc,metaspace] GC(33) Metaspace: 122M used, 126M committed, 1152M reserved
[151.783s][info][gc,ref      ] GC(33) Soft: 5908 encountered, 0 discovered, 0 enqueued
[151.783s][info][gc,ref      ] GC(33) Weak: 14653 encountered, 7528 discovered, 148 enqueued
[151.783s][info][gc,ref      ] GC(33) Final: 234 encountered, 5 discovered, 0 enqueued
[151.783s][info][gc,ref      ] GC(33) Phantom: 749 encountered, 656 discovered, 0 enqueued
[151.783s][info][gc,reloc    ] GC(33) Small Pages: 102 / 204M, Empty: 6M, Relocated: 8M, In-Place: 0
[151.783s][info][gc,reloc    ] GC(33) Medium Pages: 47 / 1504M, Empty: 32M, Relocated: 0M, In-Place: 0
[151.783s][info][gc,reloc    ] GC(33) Large Pages: 1 / 6M, Empty: 6M, Relocated: 0M, In-Place: 0
[151.783s][info][gc,reloc    ] GC(33) Forwarding Usage: 2M
[151.783s][info][gc,heap     ] GC(33) Min Capacity: 8M(0%)
[151.783s][info][gc,heap     ] GC(33) Max Capacity: 30718M(100%)
[151.783s][info][gc,heap     ] GC(33) Soft Max Capacity: 30718M(100%)
[151.783s][info][gc,heap     ] GC(33)                Mark Start          Mark End        Relocate Start      Relocate End           High               Low         
[151.783s][info][gc,heap     ] GC(33)  Capacity:    19664M (64%)       19664M (64%)       19664M (64%)       19664M (64%)       19664M (64%)       19664M (64%)    
[151.784s][info][gc,heap     ] GC(33)      Free:    29004M (94%)       29000M (94%)       29022M (94%)       29130M (95%)       29130M (95%)       28980M (94%)    
[151.784s][info][gc,heap     ] GC(33)      Used:     1714M (6%)         1718M (6%)         1696M (6%)         1588M (5%)         1738M (6%)         1588M (5%)     
[151.784s][info][gc,heap     ] GC(33)      Live:         -              1380M (4%)         1380M (4%)         1380M (4%)             -                  -          
[151.784s][info][gc,heap     ] GC(33) Allocated:         -                 4M (0%)           26M (0%)           31M (0%)             -                  -          
[151.784s][info][gc,heap     ] GC(33)   Garbage:         -               333M (1%)          289M (1%)          176M (1%)             -                  -          
[151.784s][info][gc,heap     ] GC(33) Reclaimed:         -                  -                44M (0%)          157M (1%)             -                  -          
[151.784s][info][gc          ] GC(33) Garbage Collection (System.gc()) 1714M(6%)->1588M(5%)
[152.673s][info][gc,start    ] GC(34) Garbage Collection (Allocation Rate)
[152.674s][info][gc,task     ] GC(34) Using 12 workers
[152.674s][info][gc,phases   ] GC(34) Pause Mark Start 0.011ms
[153.083s][info][gc,phases   ] GC(34) Concurrent Mark 285.163ms
[153.083s][info][gc,phases   ] GC(34) Pause Mark End 0.036ms
[153.135s][info][gc,phases   ] GC(34) Concurrent Mark Free 0.001ms
[153.161s][info][gc,phases   ] GC(34) Concurrent Process Non-Strong References 25.941ms
[153.161s][info][gc,phases   ] GC(34) Concurrent Reset Relocation Set 0.008ms
[153.343s][info][gc,phases   ] GC(34) Concurrent Select Relocation Set 181.627ms
[153.343s][info][gc,phases   ] GC(34) Pause Relocate Start 0.009ms
[153.470s][info][gc,phases   ] GC(34) Concurrent Relocate 27.495ms
[153.470s][info][gc,load     ] GC(34) Load: 0.00/0.00/0.00
[153.470s][info][gc,mmu      ] GC(34) MMU: 2ms/97.2%, 5ms/98.9%, 10ms/99.4%, 20ms/99.7%, 50ms/99.9%, 100ms/99.9%
[153.470s][info][gc,marking  ] GC(34) Mark: 8 stripe(s), 2 proactive flush(es), 1 terminate flush(es), 0 completion(s), 0 continuation(s) 
[153.470s][info][gc,marking  ] GC(34) Mark Stack Usage: 32M
[153.470s][info][gc,nmethod  ] GC(34) NMethods: 10432 registered, 655 unregistered
[153.470s][info][gc,metaspace] GC(34) Metaspace: 122M used, 126M committed, 1152M reserved
[153.470s][info][gc,ref      ] GC(34) Soft: 5956 encountered, 0 discovered, 0 enqueued
[153.470s][info][gc,ref      ] GC(34) Weak: 15383 encountered, 5524 discovered, 733 enqueued
[153.470s][info][gc,ref      ] GC(34) Final: 234 encountered, 3 discovered, 0 enqueued
[153.470s][info][gc,ref      ] GC(34) Phantom: 749 encountered, 625 discovered, 0 enqueued
[153.470s][info][gc,reloc    ] GC(34) Small Pages: 5744 / 11488M, Empty: 10984M, Relocated: 15M, In-Place: 0
[153.470s][info][gc,reloc    ] GC(34) Medium Pages: 47 / 1504M, Empty: 32M, Relocated: 0M, In-Place: 0
[153.470s][info][gc,reloc    ] GC(34) Large Pages: 1 / 6M, Empty: 6M, Relocated: 0M, In-Place: 0
[153.470s][info][gc,reloc    ] GC(34) Forwarding Usage: 4M
[153.470s][info][gc,heap     ] GC(34) Min Capacity: 8M(0%)
[153.470s][info][gc,heap     ] GC(34) Max Capacity: 30718M(100%)
[153.470s][info][gc,heap     ] GC(34) Soft Max Capacity: 30718M(100%)
[153.470s][info][gc,heap     ] GC(34)                Mark Start          Mark End        Relocate Start      Relocate End           High               Low         
[153.471s][info][gc,heap     ] GC(34)  Capacity:    19664M (64%)       19664M (64%)       19664M (64%)       19664M (64%)       19664M (64%)       19664M (64%)    
[153.471s][info][gc,heap     ] GC(34)      Free:    17720M (58%)       17078M (56%)       27484M (89%)       26112M (85%)       27994M (91%)       16974M (55%)    
[153.471s][info][gc,heap     ] GC(34)      Used:    12998M (42%)       13640M (44%)        3234M (11%)        4606M (15%)       13744M (45%)        2724M (9%)     
[153.471s][info][gc,heap     ] GC(34)      Live:         -              1388M (5%)         1388M (5%)         1388M (5%)             -                  -          
[153.471s][info][gc,heap     ] GC(34) Allocated:         -               642M (2%)         1258M (4%)         3043M (10%)            -                  -          
[153.471s][info][gc,heap     ] GC(34)   Garbage:         -             11609M (38%)         587M (2%)          173M (1%)             -                  -          
[153.471s][info][gc,heap     ] GC(34) Reclaimed:         -                  -             11022M (36%)       11435M (37%)            -                  -          
[153.471s][info][gc          ] GC(34) Garbage Collection (Allocation Rate) 12998M(42%)->4606M(15%)
[153.477s][info][gc,start    ] GC(35) Garbage Collection (Allocation Rate)
[153.478s][info][gc,task     ] GC(35) Using 12 workers
[153.479s][info][gc,phases   ] GC(35) Pause Mark Start 0.009ms
[153.693s][info][gc,phases   ] GC(35) Concurrent Mark 189.831ms
[153.693s][info][gc,phases   ] GC(35) Pause Mark End 0.034ms
[153.693s][info][gc,phases   ] GC(35) Concurrent Mark Free 0.001ms
[153.733s][info][gc,phases   ] GC(35) Concurrent Process Non-Strong References 39.000ms
[153.733s][info][gc,phases   ] GC(35) Concurrent Reset Relocation Set 0.021ms
[153.760s][info][gc,phases   ] GC(35) Concurrent Select Relocation Set 27.590ms
[153.760s][info][gc,phases   ] GC(35) Pause Relocate Start 0.008ms
[153.786s][info][gc,phases   ] GC(35) Concurrent Relocate 21.477ms
[153.787s][info][gc,load     ] GC(35) Load: 0.00/0.00/0.00
[153.787s][info][gc,mmu      ] GC(35) MMU: 2ms/97.2%, 5ms/98.9%, 10ms/99.4%, 20ms/99.7%, 50ms/99.9%, 100ms/99.9%
[153.787s][info][gc,marking  ] GC(35) Mark: 8 stripe(s), 2 proactive flush(es), 1 terminate flush(es), 0 completion(s), 0 continuation(s) 
[153.787s][info][gc,marking  ] GC(35) Mark Stack Usage: 32M
[153.787s][info][gc,nmethod  ] GC(35) NMethods: 10444 registered, 655 unregistered
[153.787s][info][gc,metaspace] GC(35) Metaspace: 122M used, 126M committed, 1152M reserved
[153.787s][info][gc,ref      ] GC(35) Soft: 5956 encountered, 0 discovered, 0 enqueued
[153.787s][info][gc,ref      ] GC(35) Weak: 14643 encountered, 5988 discovered, 9 enqueued
[153.787s][info][gc,ref      ] GC(35) Final: 234 encountered, 8 discovered, 0 enqueued
[153.787s][info][gc,ref      ] GC(35) Phantom: 749 encountered, 582 discovered, 0 enqueued
[153.787s][info][gc,reloc    ] GC(35) Small Pages: 1637 / 3274M, Empty: 2890M, Relocated: 8M, In-Place: 0
[153.787s][info][gc,reloc    ] GC(35) Medium Pages: 46 / 1472M, Empty: 0M, Relocated: 0M, In-Place: 0
[153.787s][info][gc,reloc    ] GC(35) Large Pages: 0 / 0M, Empty: 0M, Relocated: 0M, In-Place: 0
[153.787s][info][gc,reloc    ] GC(35) Forwarding Usage: 1M
[153.787s][info][gc,heap     ] GC(35) Min Capacity: 8M(0%)
[153.787s][info][gc,heap     ] GC(35) Max Capacity: 30718M(100%)
[153.787s][info][gc,heap     ] GC(35) Soft Max Capacity: 30718M(100%)
[153.787s][info][gc,heap     ] GC(35)                Mark Start          Mark End        Relocate Start      Relocate End           High               Low         
[153.787s][info][gc,heap     ] GC(35)  Capacity:    19664M (64%)       19664M (64%)       19664M (64%)       19664M (64%)       19664M (64%)       19664M (64%)    
[153.788s][info][gc,heap     ] GC(35)      Free:    25972M (85%)       25628M (83%)       28296M (92%)       28198M (92%)       28478M (93%)       25568M (83%)    
[153.788s][info][gc,heap     ] GC(35)      Used:     4746M (15%)        5090M (17%)        2422M (8%)         2520M (8%)         5150M (17%)        2240M (7%)     
[153.788s][info][gc,heap     ] GC(35)      Live:         -              1388M (5%)         1388M (5%)         1388M (5%)             -                  -          
[153.788s][info][gc,heap     ] GC(35) Allocated:         -               344M (1%)          566M (2%)          951M (3%)             -                  -          
[153.788s][info][gc,heap     ] GC(35)   Garbage:         -              3357M (11%)         467M (2%)          179M (1%)             -                  -          
[153.788s][info][gc,heap     ] GC(35) Reclaimed:         -                  -              2890M (9%)         3177M (10%)            -                  -          
[153.788s][info][gc          ] GC(35) Garbage Collection (Allocation Rate) 4746M(15%)->2520M(8%)
[154.637s][info][gc,start    ] GC(36) Garbage Collection (System.gc())
[154.637s][info][gc,task     ] GC(36) Using 12 workers
[154.637s][info][gc,phases   ] GC(36) Pause Mark Start 0.016ms
[154.683s][info][gc,phases   ] GC(36) Concurrent Mark 45.874ms
[154.683s][info][gc,phases   ] GC(36) Pause Mark End 0.026ms
[154.683s][info][gc,phases   ] GC(36) Concurrent Mark Free 0.001ms
[154.687s][info][gc,phases   ] GC(36) Concurrent Process Non-Strong References 4.075ms
[154.687s][info][gc,phases   ] GC(36) Concurrent Reset Relocation Set 0.025ms
[154.695s][info][gc,phases   ] GC(36) Concurrent Select Relocation Set 7.425ms
[154.695s][info][gc,phases   ] GC(36) Pause Relocate Start 0.011ms
[154.699s][info][gc,phases   ] GC(36) Concurrent Relocate 3.946ms
[154.699s][info][gc,load     ] GC(36) Load: 0.00/0.00/0.00
[154.699s][info][gc,mmu      ] GC(36) MMU: 2ms/97.2%, 5ms/98.9%, 10ms/99.4%, 20ms/99.7%, 50ms/99.9%, 100ms/99.9%
[154.699s][info][gc,marking  ] GC(36) Mark: 8 stripe(s), 3 proactive flush(es), 1 terminate flush(es), 0 completion(s), 0 continuation(s) 
[154.699s][info][gc,marking  ] GC(36) Mark Stack Usage: 32M
[154.699s][info][gc,nmethod  ] GC(36) NMethods: 10530 registered, 684 unregistered
[154.699s][info][gc,metaspace] GC(36) Metaspace: 122M used, 126M committed, 1152M reserved
[154.699s][info][gc,ref      ] GC(36) Soft: 5908 encountered, 0 discovered, 0 enqueued
[154.700s][info][gc,ref      ] GC(36) Weak: 14689 encountered, 5097 discovered, 153 enqueued
[154.700s][info][gc,ref      ] GC(36) Final: 234 encountered, 2 discovered, 0 enqueued
[154.700s][info][gc,ref      ] GC(36) Phantom: 749 encountered, 708 discovered, 0 enqueued
[154.700s][info][gc,reloc    ] GC(36) Small Pages: 1808 / 3616M, Empty: 3250M, Relocated: 8M, In-Place: 0
[154.700s][info][gc,reloc    ] GC(36) Medium Pages: 47 / 1504M, Empty: 32M, Relocated: 0M, In-Place: 0
[154.700s][info][gc,reloc    ] GC(36) Large Pages: 1 / 6M, Empty: 6M, Relocated: 0M, In-Place: 0
[154.700s][info][gc,reloc    ] GC(36) Forwarding Usage: 2M
[154.700s][info][gc,heap     ] GC(36) Min Capacity: 8M(0%)
[154.700s][info][gc,heap     ] GC(36) Max Capacity: 30718M(100%)
[154.700s][info][gc,heap     ] GC(36) Soft Max Capacity: 30718M(100%)
[154.700s][info][gc,heap     ] GC(36)                Mark Start          Mark End        Relocate Start      Relocate End           High               Low         
[154.700s][info][gc,heap     ] GC(36)  Capacity:    19664M (64%)       19664M (64%)       19664M (64%)       19664M (64%)       19664M (64%)       19664M (64%)    
[154.700s][info][gc,heap     ] GC(36)      Free:    25592M (83%)       25588M (83%)       28854M (94%)       29134M (95%)       29134M (95%)       25588M (83%)    
[154.700s][info][gc,heap     ] GC(36)      Used:     5126M (17%)        5130M (17%)        1864M (6%)         1584M (5%)         5130M (17%)        1584M (5%)     
[154.700s][info][gc,heap     ] GC(36)      Live:         -              1380M (4%)         1380M (4%)         1380M (4%)             -                  -          
[154.700s][info][gc,heap     ] GC(36) Allocated:         -                 4M (0%)           26M (0%)           27M (0%)             -                  -          
[154.700s][info][gc,heap     ] GC(36)   Garbage:         -              3745M (12%)         457M (1%)          175M (1%)             -                  -          
[154.700s][info][gc,heap     ] GC(36) Reclaimed:         -                  -              3288M (11%)        3569M (12%)            -                  -          
[154.700s][info][gc          ] GC(36) Garbage Collection (System.gc()) 5126M(17%)->1584M(5%)
[155.469s][info][gc,start    ] GC(37) Garbage Collection (Allocation Rate)
[155.469s][info][gc,task     ] GC(37) Using 12 workers
[155.470s][info][gc,phases   ] GC(37) Pause Mark Start 0.011ms
[155.781s][info][gc,phases   ] GC(37) Concurrent Mark 187.486ms
[155.781s][info][gc,phases   ] GC(37) Pause Mark End 0.037ms
[155.782s][info][gc,phases   ] GC(37) Concurrent Mark Free 0.001ms
[155.828s][info][gc,phases   ] GC(37) Concurrent Process Non-Strong References 45.568ms
[155.828s][info][gc,phases   ] GC(37) Concurrent Reset Relocation Set 0.015ms
[155.894s][info][gc,phases   ] GC(37) Concurrent Select Relocation Set 65.839ms
[155.895s][info][gc,phases   ] GC(37) Pause Relocate Start 0.008ms
[156.025s][info][gc,phases   ] GC(37) Concurrent Relocate 25.171ms
[156.025s][info][gc,load     ] GC(37) Load: 0.00/0.00/0.00
[156.025s][info][gc,mmu      ] GC(37) MMU: 2ms/97.2%, 5ms/98.9%, 10ms/99.4%, 20ms/99.7%, 50ms/99.9%, 100ms/99.9%
[156.025s][info][gc,marking  ] GC(37) Mark: 8 stripe(s), 2 proactive flush(es), 1 terminate flush(es), 0 completion(s), 0 continuation(s) 
[156.025s][info][gc,marking  ] GC(37) Mark Stack Usage: 32M
[156.026s][info][gc,nmethod  ] GC(37) NMethods: 10800 registered, 49 unregistered
[156.026s][info][gc,metaspace] GC(37) Metaspace: 122M used, 126M committed, 1152M reserved
[156.026s][info][gc,ref      ] GC(37) Soft: 5956 encountered, 0 discovered, 0 enqueued
[156.026s][info][gc,ref      ] GC(37) Weak: 15414 encountered, 6888 discovered, 730 enqueued
[156.026s][info][gc,ref      ] GC(37) Final: 234 encountered, 5 discovered, 0 enqueued
[156.026s][info][gc,ref      ] GC(37) Phantom: 749 encountered, 640 discovered, 0 enqueued
[156.026s][info][gc,reloc    ] GC(37) Small Pages: 4878 / 9756M, Empty: 9290M, Relocated: 16M, In-Place: 0
[156.026s][info][gc,reloc    ] GC(37) Medium Pages: 47 / 1504M, Empty: 32M, Relocated: 0M, In-Place: 0
[156.026s][info][gc,reloc    ] GC(37) Large Pages: 1 / 6M, Empty: 6M, Relocated: 0M, In-Place: 0
[156.026s][info][gc,reloc    ] GC(37) Forwarding Usage: 4M
[156.026s][info][gc,heap     ] GC(37) Min Capacity: 8M(0%)
[156.026s][info][gc,heap     ] GC(37) Max Capacity: 30718M(100%)
[156.026s][info][gc,heap     ] GC(37) Soft Max Capacity: 30718M(100%)
[156.026s][info][gc,heap     ] GC(37)                Mark Start          Mark End        Relocate Start      Relocate End           High               Low         
[156.026s][info][gc,heap     ] GC(37)  Capacity:    19664M (64%)       19664M (64%)       19664M (64%)       19664M (64%)       19664M (64%)       19664M (64%)    
[156.026s][info][gc,heap     ] GC(37)      Free:    19452M (63%)       18608M (61%)       27184M (88%)       25718M (84%)       27852M (91%)       18536M (60%)    
[156.026s][info][gc,heap     ] GC(37)      Used:    11266M (37%)       12110M (39%)        3534M (12%)        5000M (16%)       12182M (40%)        2866M (9%)     
[156.026s][info][gc,heap     ] GC(37)      Live:         -              1388M (5%)         1388M (5%)         1388M (5%)             -                  -          
[156.026s][info][gc,heap     ] GC(37) Allocated:         -               844M (3%)         1596M (5%)         3442M (11%)            -                  -          
[156.026s][info][gc,heap     ] GC(37)   Garbage:         -              9877M (32%)         549M (2%)          169M (1%)             -                  -          
[156.026s][info][gc,heap     ] GC(37) Reclaimed:         -                  -              9328M (30%)        9708M (32%)            -                  -          
[156.026s][info][gc          ] GC(37) Garbage Collection (Allocation Rate) 11266M(37%)->5000M(16%)
[156.667s][info][gc,start    ] GC(38) Garbage Collection (Allocation Rate)
[156.667s][info][gc,task     ] GC(38) Using 7 workers
[156.667s][info][gc,phases   ] GC(38) Pause Mark Start 0.018ms
[156.713s][info][gc,phases   ] GC(38) Concurrent Mark 46.380ms
[156.714s][info][gc,phases   ] GC(38) Pause Mark End 0.044ms
[156.714s][info][gc,phases   ] GC(38) Concurrent Mark Free 0.001ms
[156.719s][info][gc,phases   ] GC(38) Concurrent Process Non-Strong References 5.566ms
[156.720s][info][gc,phases   ] GC(38) Concurrent Reset Relocation Set 0.030ms
[156.725s][info][gc,phases   ] GC(38) Concurrent Select Relocation Set 5.035ms
[156.725s][info][gc,phases   ] GC(38) Pause Relocate Start 0.010ms
[156.729s][info][gc,phases   ] GC(38) Concurrent Relocate 3.784ms
[156.729s][info][gc,load     ] GC(38) Load: 0.00/0.00/0.00
[156.729s][info][gc,mmu      ] GC(38) MMU: 2ms/97.2%, 5ms/98.9%, 10ms/99.4%, 20ms/99.7%, 50ms/99.9%, 100ms/99.9%
[156.729s][info][gc,marking  ] GC(38) Mark: 4 stripe(s), 2 proactive flush(es), 1 terminate flush(es), 0 completion(s), 0 continuation(s) 
[156.729s][info][gc,marking  ] GC(38) Mark Stack Usage: 32M
[156.729s][info][gc,nmethod  ] GC(38) NMethods: 10933 registered, 82 unregistered
[156.729s][info][gc,metaspace] GC(38) Metaspace: 122M used, 126M committed, 1152M reserved
[156.729s][info][gc,ref      ] GC(38) Soft: 5909 encountered, 0 discovered, 0 enqueued
[156.729s][info][gc,ref      ] GC(38) Weak: 14710 encountered, 7028 discovered, 104 enqueued
[156.729s][info][gc,ref      ] GC(38) Final: 234 encountered, 3 discovered, 0 enqueued
[156.729s][info][gc,ref      ] GC(38) Phantom: 749 encountered, 619 discovered, 0 enqueued
[156.729s][info][gc,reloc    ] GC(38) Small Pages: 4230 / 8460M, Empty: 8130M, Relocated: 10M, In-Place: 0
[156.729s][info][gc,reloc    ] GC(38) Medium Pages: 47 / 1504M, Empty: 32M, Relocated: 0M, In-Place: 0
[156.729s][info][gc,reloc    ] GC(38) Large Pages: 1 / 6M, Empty: 6M, Relocated: 0M, In-Place: 0
[156.729s][info][gc,reloc    ] GC(38) Forwarding Usage: 3M
[156.729s][info][gc,heap     ] GC(38) Min Capacity: 8M(0%)
[156.729s][info][gc,heap     ] GC(38) Max Capacity: 30718M(100%)
[156.729s][info][gc,heap     ] GC(38) Soft Max Capacity: 30718M(100%)
[156.729s][info][gc,heap     ] GC(38)                Mark Start          Mark End        Relocate Start      Relocate End           High               Low         
[156.729s][info][gc,heap     ] GC(38)  Capacity:    19664M (64%)       19664M (64%)       19664M (64%)       19664M (64%)       19664M (64%)       19664M (64%)    
[156.729s][info][gc,heap     ] GC(38)      Free:    20748M (68%)       20746M (68%)       28896M (94%)       29152M (95%)       29152M (95%)       20744M (68%)    
[156.729s][info][gc,heap     ] GC(38)      Used:     9970M (32%)        9972M (32%)        1822M (6%)         1566M (5%)         9974M (32%)        1566M (5%)     
[156.729s][info][gc,heap     ] GC(38)      Live:         -              1380M (4%)         1380M (4%)         1380M (4%)             -                  -          
[156.729s][info][gc,heap     ] GC(38) Allocated:         -                 2M (0%)           20M (0%)           19M (0%)             -                  -          
[156.729s][info][gc,heap     ] GC(38)   Garbage:         -              8589M (28%)         421M (1%)          165M (1%)             -                  -          
[156.730s][info][gc,heap     ] GC(38) Reclaimed:         -                  -              8168M (27%)        8423M (27%)            -                  -          
[156.730s][info][gc          ] GC(38) Garbage Collection (Allocation Rate) 9970M(32%)->1566M(5%)
[156.939s][info][gc,start    ] GC(39) Garbage Collection (System.gc())
[156.939s][info][gc,task     ] GC(39) Using 12 workers
[156.939s][info][gc,phases   ] GC(39) Pause Mark Start 0.015ms
[156.979s][info][gc,phases   ] GC(39) Concurrent Mark 39.536ms
[156.979s][info][gc,phases   ] GC(39) Pause Mark End 0.027ms
[156.979s][info][gc,phases   ] GC(39) Concurrent Mark Free 0.001ms
[156.983s][info][gc,phases   ] GC(39) Concurrent Process Non-Strong References 3.815ms
[156.983s][info][gc,phases   ] GC(39) Concurrent Reset Relocation Set 0.010ms
[156.986s][info][gc,phases   ] GC(39) Concurrent Select Relocation Set 2.767ms
[156.986s][info][gc,phases   ] GC(39) Pause Relocate Start 0.007ms
[156.989s][info][gc,phases   ] GC(39) Concurrent Relocate 3.180ms
[156.989s][info][gc,load     ] GC(39) Load: 0.00/0.00/0.00
[156.989s][info][gc,mmu      ] GC(39) MMU: 2ms/97.2%, 5ms/98.9%, 10ms/99.4%, 20ms/99.7%, 50ms/99.9%, 100ms/99.9%
[156.990s][info][gc,marking  ] GC(39) Mark: 8 stripe(s), 2 proactive flush(es), 1 terminate flush(es), 0 completion(s), 0 continuation(s) 
[156.990s][info][gc,marking  ] GC(39) Mark Stack Usage: 32M
[156.990s][info][gc,nmethod  ] GC(39) NMethods: 10984 registered, 82 unregistered
[156.990s][info][gc,metaspace] GC(39) Metaspace: 122M used, 126M committed, 1152M reserved
[156.990s][info][gc,ref      ] GC(39) Soft: 5908 encountered, 0 discovered, 0 enqueued
[156.990s][info][gc,ref      ] GC(39) Weak: 14625 encountered, 6678 discovered, 64 enqueued
[156.990s][info][gc,ref      ] GC(39) Final: 234 encountered, 9 discovered, 0 enqueued
[156.990s][info][gc,ref      ] GC(39) Phantom: 749 encountered, 610 discovered, 0 enqueued
[156.990s][info][gc,reloc    ] GC(39) Small Pages: 53 / 106M, Empty: 2M, Relocated: 4M, In-Place: 0
[156.990s][info][gc,reloc    ] GC(39) Medium Pages: 46 / 1472M, Empty: 0M, Relocated: 0M, In-Place: 0
[156.990s][info][gc,reloc    ] GC(39) Large Pages: 0 / 0M, Empty: 0M, Relocated: 0M, In-Place: 0
[156.990s][info][gc,reloc    ] GC(39) Forwarding Usage: 1M
[156.990s][info][gc,heap     ] GC(39) Min Capacity: 8M(0%)
[156.990s][info][gc,heap     ] GC(39) Max Capacity: 30718M(100%)
[156.990s][info][gc,heap     ] GC(39) Soft Max Capacity: 30718M(100%)
[156.990s][info][gc,heap     ] GC(39)                Mark Start          Mark End        Relocate Start      Relocate End           High               Low         
[156.990s][info][gc,heap     ] GC(39)  Capacity:    19664M (64%)       19664M (64%)       19664M (64%)       19664M (64%)       19664M (64%)       19664M (64%)    
[156.990s][info][gc,heap     ] GC(39)      Free:    29140M (95%)       29134M (95%)       29124M (95%)       29134M (95%)       29140M (95%)       29106M (95%)    
[156.990s][info][gc,heap     ] GC(39)      Used:     1578M (5%)         1584M (5%)         1594M (5%)         1584M (5%)         1612M (5%)         1578M (5%)     
[156.990s][info][gc,heap     ] GC(39)      Live:         -              1380M (4%)         1380M (4%)         1380M (4%)             -                  -          
[156.990s][info][gc,heap     ] GC(39) Allocated:         -                 6M (0%)           18M (0%)           23M (0%)             -                  -          
[156.990s][info][gc,heap     ] GC(39)   Garbage:         -               197M (1%)          195M (1%)          179M (1%)             -                  -          
[156.990s][info][gc,heap     ] GC(39) Reclaimed:         -                  -                 2M (0%)           17M (0%)             -                  -          
[156.990s][info][gc          ] GC(39) Garbage Collection (System.gc()) 1578M(5%)->1584M(5%)
[157.966s][info][gc,start    ] GC(40) Garbage Collection (Allocation Rate)
[157.967s][info][gc,task     ] GC(40) Using 12 workers
[157.968s][info][gc,phases   ] GC(40) Pause Mark Start 0.011ms
[158.438s][info][gc,phases   ] GC(40) Concurrent Mark 360.595ms
[158.438s][info][gc,phases   ] GC(40) Pause Mark End 0.042ms
[158.480s][info][gc,phases   ] GC(40) Concurrent Mark Free 0.001ms
[158.516s][info][gc,phases   ] GC(40) Concurrent Process Non-Strong References 36.161ms
[158.516s][info][gc,phases   ] GC(40) Concurrent Reset Relocation Set 0.004ms
[158.619s][info][gc,phases   ] GC(40) Concurrent Select Relocation Set 102.895ms
[158.620s][info][gc,phases   ] GC(40) Pause Relocate Start 0.012ms
[158.698s][info][gc,phases   ] GC(40) Concurrent Relocate 28.953ms
[158.698s][info][gc,load     ] GC(40) Load: 0.00/0.00/0.00
[158.698s][info][gc,mmu      ] GC(40) MMU: 2ms/97.2%, 5ms/98.9%, 10ms/99.4%, 20ms/99.7%, 50ms/99.9%, 100ms/99.9%
[158.698s][info][gc,marking  ] GC(40) Mark: 8 stripe(s), 2 proactive flush(es), 1 terminate flush(es), 0 completion(s), 0 continuation(s) 
[158.698s][info][gc,marking  ] GC(40) Mark Stack Usage: 32M
[158.698s][info][gc,nmethod  ] GC(40) NMethods: 11223 registered, 126 unregistered
[158.698s][info][gc,metaspace] GC(40) Metaspace: 122M used, 126M committed, 1152M reserved
[158.698s][info][gc,ref      ] GC(40) Soft: 5956 encountered, 0 discovered, 0 enqueued
[158.698s][info][gc,ref      ] GC(40) Weak: 15438 encountered, 5735 discovered, 732 enqueued
[158.698s][info][gc,ref      ] GC(40) Final: 234 encountered, 198 discovered, 0 enqueued
[158.698s][info][gc,ref      ] GC(40) Phantom: 749 encountered, 688 discovered, 0 enqueued
[158.698s][info][gc,reloc    ] GC(40) Small Pages: 6435 / 12870M, Empty: 12374M, Relocated: 13M, In-Place: 0
[158.698s][info][gc,reloc    ] GC(40) Medium Pages: 47 / 1504M, Empty: 32M, Relocated: 0M, In-Place: 0
[158.698s][info][gc,reloc    ] GC(40) Large Pages: 1 / 6M, Empty: 6M, Relocated: 0M, In-Place: 0
[158.698s][info][gc,reloc    ] GC(40) Forwarding Usage: 3M
[158.699s][info][gc,heap     ] GC(40) Min Capacity: 8M(0%)
[158.699s][info][gc,heap     ] GC(40) Max Capacity: 30718M(100%)
[158.699s][info][gc,heap     ] GC(40) Soft Max Capacity: 30718M(100%)
[158.699s][info][gc,heap     ] GC(40)                Mark Start          Mark End        Relocate Start      Relocate End           High               Low         
[158.699s][info][gc,heap     ] GC(40)  Capacity:    19664M (64%)       19664M (64%)       19664M (64%)       19664M (64%)       19664M (64%)       19664M (64%)    
[158.699s][info][gc,heap     ] GC(40)      Free:    16338M (53%)       14946M (49%)       26604M (87%)       25926M (84%)       27154M (88%)       14756M (48%)    
[158.699s][info][gc,heap     ] GC(40)      Used:    14380M (47%)       15772M (51%)        4114M (13%)        4792M (16%)       15962M (52%)        3564M (12%)    
[158.699s][info][gc,heap     ] GC(40)      Live:         -              1388M (5%)         1388M (5%)         1388M (5%)             -                  -          
[158.699s][info][gc,heap     ] GC(40) Allocated:         -              1392M (5%)         2146M (7%)         3230M (11%)            -                  -          
[158.699s][info][gc,heap     ] GC(40)   Garbage:         -             12991M (42%)         579M (2%)          172M (1%)             -                  -          
[158.699s][info][gc,heap     ] GC(40) Reclaimed:         -                  -             12412M (40%)       12818M (42%)            -                  -          
[158.699s][info][gc          ] GC(40) Garbage Collection (Allocation Rate) 14380M(47%)->4792M(16%)
[158.781s][info][gc,start    ] GC(41) Garbage Collection (Allocation Rate)
[158.781s][info][gc,task     ] GC(41) Using 12 workers
[158.782s][info][gc,phases   ] GC(41) Pause Mark Start 0.011ms
[158.852s][info][gc,phases   ] GC(41) Concurrent Mark 70.074ms
[158.852s][info][gc,phases   ] GC(41) Pause Mark End 0.028ms
[158.852s][info][gc,phases   ] GC(41) Concurrent Mark Free 0.001ms
[158.859s][info][gc,phases   ] GC(41) Concurrent Process Non-Strong References 6.631ms
[158.859s][info][gc,phases   ] GC(41) Concurrent Reset Relocation Set 0.029ms
[158.867s][info][gc,phases   ] GC(41) Concurrent Select Relocation Set 8.192ms
[158.867s][info][gc,phases   ] GC(41) Pause Relocate Start 0.007ms
[158.883s][info][gc,phases   ] GC(41) Concurrent Relocate 15.574ms
[158.883s][info][gc,load     ] GC(41) Load: 0.00/0.00/0.00
[158.883s][info][gc,mmu      ] GC(41) MMU: 2ms/97.2%, 5ms/98.9%, 10ms/99.4%, 20ms/99.7%, 50ms/99.9%, 100ms/99.9%
[158.884s][info][gc,marking  ] GC(41) Mark: 8 stripe(s), 3 proactive flush(es), 1 terminate flush(es), 0 completion(s), 0 continuation(s) 
[158.884s][info][gc,marking  ] GC(41) Mark Stack Usage: 32M
[158.884s][info][gc,nmethod  ] GC(41) NMethods: 11229 registered, 128 unregistered
[158.884s][info][gc,metaspace] GC(41) Metaspace: 122M used, 126M committed, 1152M reserved
[158.884s][info][gc,ref      ] GC(41) Soft: 5955 encountered, 0 discovered, 0 enqueued
[158.884s][info][gc,ref      ] GC(41) Weak: 14714 encountered, 3961 discovered, 14 enqueued
[158.884s][info][gc,ref      ] GC(41) Final: 234 encountered, 231 discovered, 0 enqueued
[158.884s][info][gc,ref      ] GC(41) Phantom: 749 encountered, 689 discovered, 0 enqueued
[158.884s][info][gc,reloc    ] GC(41) Small Pages: 2246 / 4492M, Empty: 4082M, Relocated: 10M, In-Place: 0
[158.884s][info][gc,reloc    ] GC(41) Medium Pages: 46 / 1472M, Empty: 0M, Relocated: 0M, In-Place: 0
[158.884s][info][gc,reloc    ] GC(41) Large Pages: 0 / 0M, Empty: 0M, Relocated: 0M, In-Place: 0
[158.884s][info][gc,reloc    ] GC(41) Forwarding Usage: 2M
[158.884s][info][gc,heap     ] GC(41) Min Capacity: 8M(0%)
[158.884s][info][gc,heap     ] GC(41) Max Capacity: 30718M(100%)
[158.884s][info][gc,heap     ] GC(41) Soft Max Capacity: 30718M(100%)
[158.884s][info][gc,heap     ] GC(41)                Mark Start          Mark End        Relocate Start      Relocate End           High               Low         
[158.884s][info][gc,heap     ] GC(41)  Capacity:    19664M (64%)       19664M (64%)       19664M (64%)       19664M (64%)       19664M (64%)       19664M (64%)    
[158.884s][info][gc,heap     ] GC(41)      Free:    24754M (81%)       24610M (80%)       28664M (93%)       28776M (94%)       28940M (94%)       24598M (80%)    
[158.884s][info][gc,heap     ] GC(41)      Used:     5964M (19%)        6108M (20%)        2054M (7%)         1942M (6%)         6120M (20%)        1778M (6%)     
[158.884s][info][gc,heap     ] GC(41)      Live:         -              1389M (5%)         1389M (5%)         1389M (5%)             -                  -          
[158.884s][info][gc,heap     ] GC(41) Allocated:         -               144M (0%)          172M (1%)          377M (1%)             -                  -          
[158.884s][info][gc,heap     ] GC(41)   Garbage:         -              4574M (15%)         492M (2%)          175M (1%)             -                  -          
[158.884s][info][gc,heap     ] GC(41) Reclaimed:         -                  -              4082M (13%)        4399M (14%)            -                  -          
[158.884s][info][gc          ] GC(41) Garbage Collection (Allocation Rate) 5964M(19%)->1942M(6%)
[159.415s][info][gc,start    ] GC(42) Garbage Collection (System.gc())
[159.415s][info][gc,task     ] GC(42) Using 12 workers
[159.415s][info][gc,phases   ] GC(42) Pause Mark Start 0.016ms
[159.449s][info][gc,phases   ] GC(42) Concurrent Mark 33.591ms
[159.449s][info][gc,phases   ] GC(42) Pause Mark End 0.029ms
[159.449s][info][gc,phases   ] GC(42) Concurrent Mark Free 0.001ms
[159.454s][info][gc,phases   ] GC(42) Concurrent Process Non-Strong References 4.231ms
[159.454s][info][gc,phases   ] GC(42) Concurrent Reset Relocation Set 0.024ms
[159.459s][info][gc,phases   ] GC(42) Concurrent Select Relocation Set 5.201ms
[159.459s][info][gc,phases   ] GC(42) Pause Relocate Start 0.010ms
[159.462s][info][gc,phases   ] GC(42) Concurrent Relocate 2.757ms
[159.462s][info][gc,load     ] GC(42) Load: 0.00/0.00/0.00
[159.462s][info][gc,mmu      ] GC(42) MMU: 2ms/97.2%, 5ms/98.9%, 10ms/99.4%, 20ms/99.7%, 50ms/99.9%, 100ms/99.9%
[159.462s][info][gc,marking  ] GC(42) Mark: 8 stripe(s), 3 proactive flush(es), 1 terminate flush(es), 0 completion(s), 0 continuation(s) 
[159.462s][info][gc,marking  ] GC(42) Mark Stack Usage: 32M
[159.462s][info][gc,nmethod  ] GC(42) NMethods: 11264 registered, 153 unregistered
[159.462s][info][gc,metaspace] GC(42) Metaspace: 122M used, 126M committed, 1152M reserved
[159.462s][info][gc,ref      ] GC(42) Soft: 5908 encountered, 0 discovered, 0 enqueued
[159.462s][info][gc,ref      ] GC(42) Weak: 14749 encountered, 4670 discovered, 155 enqueued
[159.462s][info][gc,ref      ] GC(42) Final: 234 encountered, 5 discovered, 0 enqueued
[159.462s][info][gc,ref      ] GC(42) Phantom: 749 encountered, 606 discovered, 0 enqueued
[159.462s][info][gc,reloc    ] GC(42) Small Pages: 504 / 1008M, Empty: 714M, Relocated: 6M, In-Place: 0
[159.462s][info][gc,reloc    ] GC(42) Medium Pages: 47 / 1504M, Empty: 32M, Relocated: 0M, In-Place: 0
[159.462s][info][gc,reloc    ] GC(42) Large Pages: 1 / 6M, Empty: 6M, Relocated: 0M, In-Place: 0
[159.462s][info][gc,reloc    ] GC(42) Forwarding Usage: 2M
[159.462s][info][gc,heap     ] GC(42) Min Capacity: 8M(0%)
[159.462s][info][gc,heap     ] GC(42) Max Capacity: 30718M(100%)
[159.462s][info][gc,heap     ] GC(42) Soft Max Capacity: 30718M(100%)
[159.462s][info][gc,heap     ] GC(42)                Mark Start          Mark End        Relocate Start      Relocate End           High               Low         
[159.462s][info][gc,heap     ] GC(42)  Capacity:    19664M (64%)       19664M (64%)       19664M (64%)       19664M (64%)       19664M (64%)       19664M (64%)    
[159.462s][info][gc,heap     ] GC(42)      Free:    28200M (92%)       28196M (92%)       28928M (94%)       29130M (95%)       29130M (95%)       28196M (92%)    
[159.462s][info][gc,heap     ] GC(42)      Used:     2518M (8%)         2522M (8%)         1790M (6%)         1588M (5%)         2522M (8%)         1588M (5%)     
[159.462s][info][gc,heap     ] GC(42)      Live:         -              1380M (4%)         1380M (4%)         1380M (4%)             -                  -          
[159.462s][info][gc,heap     ] GC(42) Allocated:         -                 4M (0%)           24M (0%)           29M (0%)             -                  -          
[159.462s][info][gc,heap     ] GC(42)   Garbage:         -              1137M (4%)          385M (1%)          177M (1%)             -                  -          
[159.462s][info][gc,heap     ] GC(42) Reclaimed:         -                  -               752M (2%)          959M (3%)             -                  -          
[159.462s][info][gc          ] GC(42) Garbage Collection (System.gc()) 2518M(8%)->1588M(5%)
[160.179s][info][gc,stats    ] === Garbage Collection Statistics =======================================================================================================================
[160.179s][info][gc,stats    ]                                                              Last 10s              Last 10m              Last 10h                Total
[160.179s][info][gc,stats    ]                                                              Avg / Max             Avg / Max             Avg / Max             Avg / Max
[160.179s][info][gc,stats    ]   Collector: Garbage Collection Cycle                    293.223 / 797.126     422.450 / 1749.322    422.450 / 1749.322    422.450 / 1749.322    ms
[160.179s][info][gc,stats    ]  Contention: Mark Segment Reset Contention                     7 / 14                1 / 24                1 / 24                1 / 24          ops/s
[160.179s][info][gc,stats    ]  Contention: Mark SeqNum Reset Contention                      1 / 5                 0 / 5                 0 / 5                 0 / 5           ops/s
[160.179s][info][gc,stats    ]    Critical: Allocation Stall                                  0 / 0                 0 / 0                 0 / 0                 0 / 0           ops/s
[160.180s][info][gc,stats    ]    Critical: Allocation Stall                              0.000 / 0.000         0.000 / 0.000         0.000 / 0.000         0.000 / 0.000       ms
[160.180s][info][gc,stats    ]    Critical: GC Locker Stall                                   0 / 0                 0 / 1                 0 / 1                 0 / 1           ops/s
[160.180s][info][gc,stats    ]    Critical: GC Locker Stall                               0.000 / 0.000         0.001 / 0.001         0.001 / 0.001         0.001 / 0.001       ms
[160.180s][info][gc,stats    ]    Critical: Relocation Stall                                  0 / 0                 0 / 0                 0 / 0                 0 / 0           ops/s
[160.180s][info][gc,stats    ]    Critical: Relocation Stall                              0.000 / 0.000         0.000 / 0.000         0.000 / 0.000         0.000 / 0.000       ms
[160.180s][info][gc,stats    ]      Memory: Allocation Rate                                7235 / 12442          1580 / 12442          1580 / 12442          1580 / 12442       MB/s
[160.180s][info][gc,stats    ]      Memory: Defragment                                        0 / 0                17 / 560              17 / 560              17 / 560         ops/s
[160.180s][info][gc,stats    ]      Memory: Out Of Memory                                     0 / 0                 0 / 0                 0 / 0                 0 / 0           ops/s
[160.180s][info][gc,stats    ]      Memory: Page Cache Flush                                  0 / 0                34 / 1122             34 / 1122             34 / 1122        MB/s
[160.180s][info][gc,stats    ]      Memory: Page Cache Hit L1                              3618 / 6223            694 / 6223            694 / 6223            694 / 6223        ops/s
[160.180s][info][gc,stats    ]      Memory: Page Cache Hit L2                                 0 / 0                 0 / 0                 0 / 0                 0 / 0           ops/s
[160.180s][info][gc,stats    ]      Memory: Page Cache Hit L3                                 0 / 0                22 / 503              22 / 503              22 / 503         ops/s
[160.180s][info][gc,stats    ]      Memory: Page Cache Miss                                   0 / 0                34 / 735              34 / 735              34 / 735         ops/s
[160.180s][info][gc,stats    ]      Memory: Uncommit                                          0 / 0                 0 / 0                 0 / 0                 0 / 0           MB/s
[160.180s][info][gc,stats    ]      Memory: Undo Object Allocation Failed                     0 / 0                 0 / 2                 0 / 2                 0 / 2           ops/s
[160.180s][info][gc,stats    ]      Memory: Undo Object Allocation Succeeded                  5 / 26                2 / 75                2 / 75                2 / 75          ops/s
[160.180s][info][gc,stats    ]      Memory: Undo Page Allocation                              1 / 4                 5 / 146               5 / 146               5 / 146         ops/s
[160.180s][info][gc,stats    ]       Phase: Concurrent Mark                             140.558 / 360.595     196.843 / 552.339     196.843 / 552.339     196.843 / 552.339     ms
[160.180s][info][gc,stats    ]       Phase: Concurrent Mark Continue                      0.000 / 0.000         0.000 / 0.000         0.000 / 0.000         0.000 / 0.000       ms
[160.180s][info][gc,stats    ]       Phase: Concurrent Mark Free                          0.001 / 0.001         0.001 / 0.002         0.001 / 0.002         0.001 / 0.002       ms
[160.180s][info][gc,stats    ]       Phase: Concurrent Process Non-Strong References     20.106 / 63.165       44.210 / 800.745      44.210 / 800.745      44.210 / 800.745     ms
[160.180s][info][gc,stats    ]       Phase: Concurrent Relocate                          13.921 / 29.901       75.710 / 678.239      75.710 / 678.239      75.710 / 678.239     ms
[160.180s][info][gc,stats    ]       Phase: Concurrent Reset Relocation Set               0.020 / 0.032         0.025 / 0.115         0.025 / 0.115         0.025 / 0.115       ms
[160.180s][info][gc,stats    ]       Phase: Concurrent Select Relocation Set             53.657 / 228.112      54.698 / 228.112      54.698 / 228.112      54.698 / 228.112     ms
[160.180s][info][gc,stats    ]       Phase: Pause Mark End                                0.033 / 0.044         0.031 / 0.055         0.031 / 0.055         0.031 / 0.055       ms
[160.180s][info][gc,stats    ]       Phase: Pause Mark Start                              0.013 / 0.018         0.013 / 0.018         0.013 / 0.018         0.013 / 0.018       ms
[160.180s][info][gc,stats    ]       Phase: Pause Relocate Start                          0.009 / 0.012         0.009 / 0.012         0.009 / 0.012         0.009 / 0.012       ms
[160.180s][info][gc,stats    ]    Subphase: Concurrent Classes Purge                      0.236 / 1.561        17.461 / 691.327      17.461 / 691.327      17.461 / 691.327     ms
[160.180s][info][gc,stats    ]    Subphase: Concurrent Classes Unlink                    15.699 / 40.774       10.006 / 61.446       10.006 / 61.446       10.006 / 61.446      ms
[160.180s][info][gc,stats    ]    Subphase: Concurrent Mark                              56.351 / 143.389     120.853 / 481.134     120.853 / 481.134     120.853 / 481.134     ms
[160.180s][info][gc,stats    ]    Subphase: Concurrent Mark Try Flush                     5.188 / 27.538       20.184 / 205.136      20.184 / 205.136      20.184 / 205.136     ms
[160.180s][info][gc,stats    ]    Subphase: Concurrent Mark Try Terminate                 9.513 / 16.171        9.907 / 124.983       9.907 / 124.983       9.907 / 124.983     ms
[160.180s][info][gc,stats    ]    Subphase: Concurrent References Enqueue                 0.004 / 0.005         0.003 / 0.016         0.003 / 0.016         0.003 / 0.016       ms
[160.180s][info][gc,stats    ]    Subphase: Concurrent References Process                 0.354 / 0.807         0.342 / 0.974         0.342 / 0.974         0.342 / 0.974       ms
[160.180s][info][gc,stats    ]    Subphase: Concurrent Roots ClassLoaderDataGraph         0.207 / 1.568         0.191 / 3.429         0.191 / 3.429         0.191 / 3.429       ms
[160.180s][info][gc,stats    ]    Subphase: Concurrent Roots CodeCache                    0.000 / 0.000         0.000 / 0.000         0.000 / 0.000         0.000 / 0.000       ms
[160.180s][info][gc,stats    ]    Subphase: Concurrent Roots JavaThreads                 84.436 / 226.957      73.593 / 313.942      73.593 / 313.942      73.593 / 313.942     ms
[160.181s][info][gc,stats    ]    Subphase: Concurrent Roots OopStorageSet                0.149 / 1.393         0.247 / 3.425         0.247 / 3.425         0.247 / 3.425       ms
[160.181s][info][gc,stats    ]    Subphase: Concurrent Weak Roots OopStorageSet           0.399 / 0.679         0.376 / 0.679         0.376 / 0.679         0.376 / 0.679       ms
[160.181s][info][gc,stats    ]    Subphase: Pause Mark Try Complete                       0.000 / 0.000         0.001 / 0.003         0.001 / 0.003         0.001 / 0.003       ms
[160.181s][info][gc,stats    ]      System: Java Threads                                    264 / 293             191 / 293             191 / 293             191 / 293         threads
[160.181s][info][gc,stats    ] =========================================================================================================================================================
[160.382s][info][gc,start    ] GC(43) Garbage Collection (Allocation Rate)
[160.382s][info][gc,task     ] GC(43) Using 12 workers
[160.383s][info][gc,phases   ] GC(43) Pause Mark Start 0.012ms
[160.834s][info][gc,phases   ] GC(43) Concurrent Mark 281.499ms
[160.835s][info][gc,phases   ] GC(43) Pause Mark End 0.052ms
[160.959s][info][gc,phases   ] GC(43) Concurrent Mark Free 0.001ms
[161.022s][info][gc,phases   ] GC(43) Concurrent Process Non-Strong References 62.764ms
[161.022s][info][gc,phases   ] GC(43) Concurrent Reset Relocation Set 0.011ms
[161.086s][info][gc,phases   ] GC(43) Concurrent Select Relocation Set 64.239ms
[161.150s][info][gc,phases   ] GC(43) Pause Relocate Start 0.009ms
[161.202s][info][gc,phases   ] GC(43) Concurrent Relocate 29.081ms
[161.202s][info][gc,load     ] GC(43) Load: 0.00/0.00/0.00
[161.202s][info][gc,mmu      ] GC(43) MMU: 2ms/97.2%, 5ms/98.9%, 10ms/99.4%, 20ms/99.7%, 50ms/99.9%, 100ms/99.9%
[161.202s][info][gc,marking  ] GC(43) Mark: 8 stripe(s), 2 proactive flush(es), 1 terminate flush(es), 0 completion(s), 0 continuation(s) 
[161.202s][info][gc,marking  ] GC(43) Mark Stack Usage: 32M
[161.202s][info][gc,nmethod  ] GC(43) NMethods: 11386 registered, 189 unregistered
[161.202s][info][gc,metaspace] GC(43) Metaspace: 122M used, 127M committed, 1152M reserved
[161.202s][info][gc,ref      ] GC(43) Soft: 5956 encountered, 0 discovered, 0 enqueued
[161.202s][info][gc,ref      ] GC(43) Weak: 15471 encountered, 7769 discovered, 732 enqueued
[161.202s][info][gc,ref      ] GC(43) Final: 234 encountered, 3 discovered, 0 enqueued
[161.202s][info][gc,ref      ] GC(43) Phantom: 749 encountered, 569 discovered, 0 enqueued
[161.202s][info][gc,reloc    ] GC(43) Small Pages: 6046 / 12092M, Empty: 11590M, Relocated: 13M, In-Place: 0
[161.202s][info][gc,reloc    ] GC(43) Medium Pages: 47 / 1504M, Empty: 32M, Relocated: 0M, In-Place: 0
[161.202s][info][gc,reloc    ] GC(43) Large Pages: 1 / 6M, Empty: 6M, Relocated: 0M, In-Place: 0
[161.202s][info][gc,reloc    ] GC(43) Forwarding Usage: 3M
[161.203s][info][gc,heap     ] GC(43) Min Capacity: 8M(0%)
[161.203s][info][gc,heap     ] GC(43) Max Capacity: 30718M(100%)
[161.203s][info][gc,heap     ] GC(43) Soft Max Capacity: 30718M(100%)
[161.203s][info][gc,heap     ] GC(43)                Mark Start          Mark End        Relocate Start      Relocate End           High               Low         
[161.203s][info][gc,heap     ] GC(43)  Capacity:    19664M (64%)       19664M (64%)       19664M (64%)       19664M (64%)       19664M (64%)       19664M (64%)    
[161.203s][info][gc,heap     ] GC(43)      Free:    17116M (56%)       16432M (53%)       27024M (88%)       26716M (87%)       27780M (90%)       16156M (53%)    
[161.203s][info][gc,heap     ] GC(43)      Used:    13602M (44%)       14286M (47%)        3694M (12%)        4002M (13%)       14562M (47%)        2938M (10%)    
[161.203s][info][gc,heap     ] GC(43)      Live:         -              1388M (5%)         1388M (5%)         1388M (5%)             -                  -          
[161.203s][info][gc,heap     ] GC(43) Allocated:         -               684M (2%)         1720M (6%)         2440M (8%)             -                  -          
[161.203s][info][gc,heap     ] GC(43)   Garbage:         -             12213M (40%)         585M (2%)          172M (1%)             -                  -          
[161.203s][info][gc,heap     ] GC(43) Reclaimed:         -                  -             11628M (38%)       12040M (39%)            -                  -          
[161.203s][info][gc          ] GC(43) Garbage Collection (Allocation Rate) 13602M(44%)->4002M(13%)
[161.279s][info][gc,start    ] GC(44) Garbage Collection (Allocation Rate)
[161.279s][info][gc,task     ] GC(44) Using 12 workers
[161.280s][info][gc,phases   ] GC(44) Pause Mark Start 0.011ms
[161.480s][info][gc,phases   ] GC(44) Concurrent Mark 185.862ms
[161.480s][info][gc,phases   ] GC(44) Pause Mark End 0.039ms
[161.480s][info][gc,phases   ] GC(44) Concurrent Mark Free 0.000ms
[161.520s][info][gc,phases   ] GC(44) Concurrent Process Non-Strong References 40.200ms
[161.520s][info][gc,phases   ] GC(44) Concurrent Reset Relocation Set 0.021ms
[161.533s][info][gc,phases   ] GC(44) Concurrent Select Relocation Set 12.199ms
[161.533s][info][gc,phases   ] GC(44) Pause Relocate Start 0.008ms
[161.557s][info][gc,phases   ] GC(44) Concurrent Relocate 23.605ms
[161.557s][info][gc,load     ] GC(44) Load: 0.00/0.00/0.00
[161.558s][info][gc,mmu      ] GC(44) MMU: 2ms/97.2%, 5ms/98.9%, 10ms/99.4%, 20ms/99.7%, 50ms/99.9%, 100ms/99.9%
[161.558s][info][gc,marking  ] GC(44) Mark: 8 stripe(s), 2 proactive flush(es), 1 terminate flush(es), 0 completion(s), 0 continuation(s) 
[161.558s][info][gc,marking  ] GC(44) Mark Stack Usage: 32M
[161.558s][info][gc,nmethod  ] GC(44) NMethods: 11386 registered, 189 unregistered
[161.558s][info][gc,metaspace] GC(44) Metaspace: 122M used, 127M committed, 1152M reserved
[161.558s][info][gc,ref      ] GC(44) Soft: 5956 encountered, 0 discovered, 0 enqueued
[161.558s][info][gc,ref      ] GC(44) Weak: 14732 encountered, 4127 discovered, 9 enqueued
[161.558s][info][gc,ref      ] GC(44) Final: 234 encountered, 39 discovered, 0 enqueued
[161.558s][info][gc,ref      ] GC(44) Phantom: 749 encountered, 582 discovered, 0 enqueued
[161.558s][info][gc,reloc    ] GC(44) Small Pages: 1830 / 3660M, Empty: 3280M, Relocated: 10M, In-Place: 0
[161.558s][info][gc,reloc    ] GC(44) Medium Pages: 46 / 1472M, Empty: 0M, Relocated: 0M, In-Place: 0
[161.558s][info][gc,reloc    ] GC(44) Large Pages: 0 / 0M, Empty: 0M, Relocated: 0M, In-Place: 0
[161.558s][info][gc,reloc    ] GC(44) Forwarding Usage: 2M
[161.558s][info][gc,heap     ] GC(44) Min Capacity: 8M(0%)
[161.558s][info][gc,heap     ] GC(44) Max Capacity: 30718M(100%)
[161.558s][info][gc,heap     ] GC(44) Soft Max Capacity: 30718M(100%)
[161.558s][info][gc,heap     ] GC(44)                Mark Start          Mark End        Relocate Start      Relocate End           High               Low         
[161.558s][info][gc,heap     ] GC(44)  Capacity:    19664M (64%)       19664M (64%)       19664M (64%)       19664M (64%)       19664M (64%)       19664M (64%)    
[161.558s][info][gc,heap     ] GC(44)      Free:    25586M (83%)       25040M (82%)       28216M (92%)       28168M (92%)       28468M (93%)       24980M (81%)    
[161.558s][info][gc,heap     ] GC(44)      Used:     5132M (17%)        5678M (18%)        2502M (8%)         2550M (8%)         5738M (19%)        2250M (7%)     
[161.558s][info][gc,heap     ] GC(44)      Live:         -              1388M (5%)         1388M (5%)         1388M (5%)             -                  -          
[161.558s][info][gc,heap     ] GC(44) Allocated:         -               546M (2%)          650M (2%)          984M (3%)             -                  -          
[161.558s][info][gc,heap     ] GC(44)   Garbage:         -              3743M (12%)         463M (2%)          176M (1%)             -                  -          
[161.558s][info][gc,heap     ] GC(44) Reclaimed:         -                  -              3280M (11%)        3566M (12%)            -                  -          
[161.558s][info][gc          ] GC(44) Garbage Collection (Allocation Rate) 5132M(17%)->2550M(8%)
[162.244s][info][gc,start    ] GC(45) Garbage Collection (System.gc())
[162.245s][info][gc,task     ] GC(45) Using 12 workers
[162.245s][info][gc,phases   ] GC(45) Pause Mark Start 0.016ms
[162.285s][info][gc,phases   ] GC(45) Concurrent Mark 39.983ms
[162.285s][info][gc,phases   ] GC(45) Pause Mark End 0.028ms
[162.285s][info][gc,phases   ] GC(45) Concurrent Mark Free 0.001ms
[162.289s][info][gc,phases   ] GC(45) Concurrent Process Non-Strong References 4.059ms
[162.289s][info][gc,phases   ] GC(45) Concurrent Reset Relocation Set 0.019ms
[162.293s][info][gc,phases   ] GC(45) Concurrent Select Relocation Set 3.956ms
[162.294s][info][gc,phases   ] GC(45) Pause Relocate Start 0.008ms
[162.297s][info][gc,phases   ] GC(45) Concurrent Relocate 3.058ms
[162.297s][info][gc,load     ] GC(45) Load: 0.00/0.00/0.00
[162.297s][info][gc,mmu      ] GC(45) MMU: 2ms/97.2%, 5ms/98.9%, 10ms/99.4%, 20ms/99.7%, 50ms/99.9%, 100ms/99.9%
[162.297s][info][gc,marking  ] GC(45) Mark: 8 stripe(s), 2 proactive flush(es), 1 terminate flush(es), 0 completion(s), 0 continuation(s) 
[162.297s][info][gc,marking  ] GC(45) Mark Stack Usage: 32M
[162.297s][info][gc,nmethod  ] GC(45) NMethods: 11459 registered, 219 unregistered
[162.297s][info][gc,metaspace] GC(45) Metaspace: 123M used, 127M committed, 1152M reserved
[162.297s][info][gc,ref      ] GC(45) Soft: 5908 encountered, 0 discovered, 0 enqueued
[162.297s][info][gc,ref      ] GC(45) Weak: 14766 encountered, 6407 discovered, 148 enqueued
[162.297s][info][gc,ref      ] GC(45) Final: 234 encountered, 3 discovered, 0 enqueued
[162.297s][info][gc,ref      ] GC(45) Phantom: 749 encountered, 704 discovered, 0 enqueued
[162.297s][info][gc,reloc    ] GC(45) Small Pages: 1308 / 2616M, Empty: 2318M, Relocated: 6M, In-Place: 0
[162.297s][info][gc,reloc    ] GC(45) Medium Pages: 47 / 1504M, Empty: 32M, Relocated: 0M, In-Place: 0
[162.297s][info][gc,reloc    ] GC(45) Large Pages: 1 / 6M, Empty: 6M, Relocated: 0M, In-Place: 0
[162.297s][info][gc,reloc    ] GC(45) Forwarding Usage: 2M
[162.297s][info][gc,heap     ] GC(45) Min Capacity: 8M(0%)
[162.297s][info][gc,heap     ] GC(45) Max Capacity: 30718M(100%)
[162.297s][info][gc,heap     ] GC(45) Soft Max Capacity: 30718M(100%)
[162.297s][info][gc,heap     ] GC(45)                Mark Start          Mark End        Relocate Start      Relocate End           High               Low         
[162.297s][info][gc,heap     ] GC(45)  Capacity:    19664M (64%)       19664M (64%)       19664M (64%)       19664M (64%)       19664M (64%)       19664M (64%)    
[162.297s][info][gc,heap     ] GC(45)      Free:    26592M (87%)       26588M (87%)       28926M (94%)       29130M (95%)       29130M (95%)       26588M (87%)    
[162.297s][info][gc,heap     ] GC(45)      Used:     4126M (13%)        4130M (13%)        1792M (6%)         1588M (5%)         4130M (13%)        1588M (5%)     
[162.297s][info][gc,heap     ] GC(45)      Live:         -              1380M (4%)         1380M (4%)         1380M (4%)             -                  -          
[162.297s][info][gc,heap     ] GC(45) Allocated:         -                 4M (0%)           22M (0%)           29M (0%)             -                  -          
[162.298s][info][gc,heap     ] GC(45)   Garbage:         -              2745M (9%)          389M (1%)          177M (1%)             -                  -          
[162.298s][info][gc,heap     ] GC(45) Reclaimed:         -                  -              2356M (8%)         2567M (8%)             -                  -          
[162.298s][info][gc          ] GC(45) Garbage Collection (System.gc()) 4126M(13%)->1588M(5%)
[163.076s][info][gc,start    ] GC(46) Garbage Collection (Allocation Rate)
[163.077s][info][gc,task     ] GC(46) Using 12 workers
[163.077s][info][gc,phases   ] GC(46) Pause Mark Start 0.015ms
[163.373s][info][gc,phases   ] GC(46) Concurrent Mark 261.392ms
[163.373s][info][gc,phases   ] GC(46) Pause Mark End 0.044ms
[163.392s][info][gc,phases   ] GC(46) Concurrent Mark Free 0.001ms
[163.406s][info][gc,phases   ] GC(46) Concurrent Process Non-Strong References 13.328ms
[163.406s][info][gc,phases   ] GC(46) Concurrent Reset Relocation Set 0.092ms
[163.516s][info][gc,phases   ] GC(46) Concurrent Select Relocation Set 109.765ms
[163.516s][info][gc,phases   ] GC(46) Pause Relocate Start 0.014ms
[163.600s][info][gc,phases   ] GC(46) Concurrent Relocate 32.566ms
[163.601s][info][gc,load     ] GC(46) Load: 0.00/0.00/0.00
[163.601s][info][gc,mmu      ] GC(46) MMU: 2ms/97.2%, 5ms/98.9%, 10ms/99.4%, 20ms/99.7%, 50ms/99.9%, 100ms/99.9%
[163.601s][info][gc,marking  ] GC(46) Mark: 8 stripe(s), 2 proactive flush(es), 1 terminate flush(es), 0 completion(s), 0 continuation(s) 
[163.601s][info][gc,marking  ] GC(46) Mark Stack Usage: 32M
[163.601s][info][gc,nmethod  ] GC(46) NMethods: 11680 registered, 258 unregistered
[163.601s][info][gc,metaspace] GC(46) Metaspace: 123M used, 127M committed, 1152M reserved
[163.601s][info][gc,ref      ] GC(46) Soft: 5956 encountered, 0 discovered, 0 enqueued
[163.601s][info][gc,ref      ] GC(46) Weak: 15496 encountered, 6860 discovered, 733 enqueued
[163.601s][info][gc,ref      ] GC(46) Final: 234 encountered, 136 discovered, 0 enqueued
[163.601s][info][gc,ref      ] GC(46) Phantom: 749 encountered, 510 discovered, 0 enqueued
[163.601s][info][gc,reloc    ] GC(46) Small Pages: 5003 / 10006M, Empty: 9510M, Relocated: 15M, In-Place: 0
[163.601s][info][gc,reloc    ] GC(46) Medium Pages: 47 / 1504M, Empty: 32M, Relocated: 0M, In-Place: 0
[163.601s][info][gc,reloc    ] GC(46) Large Pages: 1 / 6M, Empty: 6M, Relocated: 0M, In-Place: 0
[163.601s][info][gc,reloc    ] GC(46) Forwarding Usage: 3M
[163.601s][info][gc,heap     ] GC(46) Min Capacity: 8M(0%)
[163.601s][info][gc,heap     ] GC(46) Max Capacity: 30718M(100%)
[163.601s][info][gc,heap     ] GC(46) Soft Max Capacity: 30718M(100%)
[163.601s][info][gc,heap     ] GC(46)                Mark Start          Mark End        Relocate Start      Relocate End           High               Low         
[163.601s][info][gc,heap     ] GC(46)  Capacity:    19664M (64%)       19664M (64%)       19664M (64%)       19664M (64%)       19664M (64%)       19664M (64%)    
[163.601s][info][gc,heap     ] GC(46)      Free:    19202M (63%)       17548M (57%)       26056M (85%)       25262M (82%)       26626M (87%)       17180M (56%)    
[163.601s][info][gc,heap     ] GC(46)      Used:    11516M (37%)       13170M (43%)        4662M (15%)        5456M (18%)       13538M (44%)        4092M (13%)    
[163.601s][info][gc,heap     ] GC(46)      Live:         -              1388M (5%)         1388M (5%)         1388M (5%)             -                  -          
[163.601s][info][gc,heap     ] GC(46) Allocated:         -              1654M (5%)         2694M (9%)         3896M (13%)            -                  -          
[163.601s][info][gc,heap     ] GC(46)   Garbage:         -             10127M (33%)         579M (2%)          170M (1%)             -                  -          
[163.601s][info][gc,heap     ] GC(46) Reclaimed:         -                  -              9548M (31%)        9956M (32%)            -                  -          
[163.602s][info][gc          ] GC(46) Garbage Collection (Allocation Rate) 11516M(37%)->5456M(18%)
[163.666s][info][gc,start    ] GC(47) Garbage Collection (Allocation Rate)
[163.666s][info][gc,task     ] GC(47) Using 12 workers
[163.666s][info][gc,phases   ] GC(47) Pause Mark Start 0.010ms
[163.887s][info][gc,phases   ] GC(47) Concurrent Mark 220.767ms
[163.888s][info][gc,phases   ] GC(47) Pause Mark End 0.038ms
[163.888s][info][gc,phases   ] GC(47) Concurrent Mark Free 0.001ms
[163.924s][info][gc,phases   ] GC(47) Concurrent Process Non-Strong References 36.510ms
[163.925s][info][gc,phases   ] GC(47) Concurrent Reset Relocation Set 0.023ms
[163.949s][info][gc,phases   ] GC(47) Concurrent Select Relocation Set 24.886ms
[163.950s][info][gc,phases   ] GC(47) Pause Relocate Start 0.008ms
[163.973s][info][gc,phases   ] GC(47) Concurrent Relocate 15.152ms
[163.973s][info][gc,load     ] GC(47) Load: 0.00/0.00/0.00
[163.973s][info][gc,mmu      ] GC(47) MMU: 2ms/97.2%, 5ms/98.9%, 10ms/99.4%, 20ms/99.7%, 50ms/99.9%, 100ms/99.9%
[163.973s][info][gc,marking  ] GC(47) Mark: 8 stripe(s), 2 proactive flush(es), 1 terminate flush(es), 0 completion(s), 0 continuation(s) 
[163.973s][info][gc,marking  ] GC(47) Mark Stack Usage: 32M
[163.973s][info][gc,nmethod  ] GC(47) NMethods: 11681 registered, 258 unregistered
[163.973s][info][gc,metaspace] GC(47) Metaspace: 123M used, 127M committed, 1152M reserved
[163.973s][info][gc,ref      ] GC(47) Soft: 5956 encountered, 0 discovered, 0 enqueued
[163.973s][info][gc,ref      ] GC(47) Weak: 14763 encountered, 3960 discovered, 9 enqueued
[163.973s][info][gc,ref      ] GC(47) Final: 234 encountered, 0 discovered, 0 enqueued
[163.973s][info][gc,ref      ] GC(47) Phantom: 749 encountered, 628 discovered, 0 enqueued
[163.973s][info][gc,reloc    ] GC(47) Small Pages: 2467 / 4934M, Empty: 4538M, Relocated: 8M, In-Place: 0
[163.974s][info][gc,reloc    ] GC(47) Medium Pages: 46 / 1472M, Empty: 0M, Relocated: 0M, In-Place: 0
[163.974s][info][gc,reloc    ] GC(47) Large Pages: 0 / 0M, Empty: 0M, Relocated: 0M, In-Place: 0
[163.974s][info][gc,reloc    ] GC(47) Forwarding Usage: 1M
[163.974s][info][gc,heap     ] GC(47) Min Capacity: 8M(0%)
[163.974s][info][gc,heap     ] GC(47) Max Capacity: 30718M(100%)
[163.974s][info][gc,heap     ] GC(47) Soft Max Capacity: 30718M(100%)
[163.974s][info][gc,heap     ] GC(47)                Mark Start          Mark End        Relocate Start      Relocate End           High               Low         
[163.974s][info][gc,heap     ] GC(47)  Capacity:    19664M (64%)       19664M (64%)       19664M (64%)       19664M (64%)       19664M (64%)       19664M (64%)    
[163.974s][info][gc,heap     ] GC(47)      Free:    24312M (79%)       23842M (78%)       28174M (92%)       28138M (92%)       28330M (92%)       23784M (77%)    
[163.974s][info][gc,heap     ] GC(47)      Used:     6406M (21%)        6876M (22%)        2544M (8%)         2580M (8%)         6934M (23%)        2388M (8%)     
[163.974s][info][gc,heap     ] GC(47)      Live:         -              1388M (5%)         1388M (5%)         1388M (5%)             -                  -          
[163.974s][info][gc,heap     ] GC(47) Allocated:         -               470M (2%)          676M (2%)         1012M (3%)             -                  -          
[163.974s][info][gc,heap     ] GC(47)   Garbage:         -              5017M (16%)         479M (2%)          178M (1%)             -                  -          
[163.974s][info][gc,heap     ] GC(47) Reclaimed:         -                  -              4538M (15%)        4838M (16%)            -                  -          
[163.974s][info][gc          ] GC(47) Garbage Collection (Allocation Rate) 6406M(21%)->2580M(8%)
[164.679s][info][gc,start    ] GC(48) Garbage Collection (System.gc())
[164.679s][info][gc,task     ] GC(48) Using 12 workers
[164.679s][info][gc,phases   ] GC(48) Pause Mark Start 0.016ms
[164.716s][info][gc,phases   ] GC(48) Concurrent Mark 36.949ms
[164.716s][info][gc,phases   ] GC(48) Pause Mark End 0.040ms
[164.717s][info][gc,phases   ] GC(48) Concurrent Mark Free 0.001ms
[164.721s][info][gc,phases   ] GC(48) Concurrent Process Non-Strong References 4.248ms
[164.721s][info][gc,phases   ] GC(48) Concurrent Reset Relocation Set 0.021ms
[164.727s][info][gc,phases   ] GC(48) Concurrent Select Relocation Set 6.009ms
[164.727s][info][gc,phases   ] GC(48) Pause Relocate Start 0.012ms
[164.731s][info][gc,phases   ] GC(48) Concurrent Relocate 3.650ms
[164.731s][info][gc,load     ] GC(48) Load: 0.00/0.00/0.00
[164.731s][info][gc,mmu      ] GC(48) MMU: 2ms/97.2%, 5ms/98.9%, 10ms/99.4%, 20ms/99.7%, 50ms/99.9%, 100ms/99.9%
[164.731s][info][gc,marking  ] GC(48) Mark: 8 stripe(s), 3 proactive flush(es), 1 terminate flush(es), 0 completion(s), 0 continuation(s) 
[164.731s][info][gc,marking  ] GC(48) Mark Stack Usage: 32M
[164.731s][info][gc,nmethod  ] GC(48) NMethods: 11786 registered, 274 unregistered
[164.731s][info][gc,metaspace] GC(48) Metaspace: 123M used, 127M committed, 1152M reserved
[164.731s][info][gc,ref      ] GC(48) Soft: 5908 encountered, 0 discovered, 0 enqueued
[164.731s][info][gc,ref      ] GC(48) Weak: 14802 encountered, 7820 discovered, 153 enqueued
[164.731s][info][gc,ref      ] GC(48) Final: 234 encountered, 0 discovered, 0 enqueued
[164.731s][info][gc,ref      ] GC(48) Phantom: 749 encountered, 662 discovered, 0 enqueued
[164.731s][info][gc,reloc    ] GC(48) Small Pages: 1709 / 3418M, Empty: 3086M, Relocated: 8M, In-Place: 0
[164.731s][info][gc,reloc    ] GC(48) Medium Pages: 47 / 1504M, Empty: 32M, Relocated: 0M, In-Place: 0
[164.732s][info][gc,reloc    ] GC(48) Large Pages: 1 / 6M, Empty: 6M, Relocated: 0M, In-Place: 0
[164.732s][info][gc,reloc    ] GC(48) Forwarding Usage: 2M
[164.732s][info][gc,heap     ] GC(48) Min Capacity: 8M(0%)
[164.732s][info][gc,heap     ] GC(48) Max Capacity: 30718M(100%)
[164.732s][info][gc,heap     ] GC(48) Soft Max Capacity: 30718M(100%)
[164.732s][info][gc,heap     ] GC(48)                Mark Start          Mark End        Relocate Start      Relocate End           High               Low         
[164.732s][info][gc,heap     ] GC(48)  Capacity:    19664M (64%)       19664M (64%)       19664M (64%)       19664M (64%)       19664M (64%)       19664M (64%)    
[164.732s][info][gc,heap     ] GC(48)      Free:    25790M (84%)       25786M (84%)       28886M (94%)       29134M (95%)       29134M (95%)       25784M (84%)    
[164.732s][info][gc,heap     ] GC(48)      Used:     4928M (16%)        4932M (16%)        1832M (6%)         1584M (5%)         4934M (16%)        1584M (5%)     
[164.732s][info][gc,heap     ] GC(48)      Live:         -              1380M (4%)         1380M (4%)         1380M (4%)             -                  -          
[164.732s][info][gc,heap     ] GC(48) Allocated:         -                 4M (0%)           28M (0%)           27M (0%)             -                  -          
[164.732s][info][gc,heap     ] GC(48)   Garbage:         -              3547M (12%)         423M (1%)          175M (1%)             -                  -          
[164.732s][info][gc,heap     ] GC(48) Reclaimed:         -                  -              3124M (10%)        3371M (11%)            -                  -          
[164.732s][info][gc          ] GC(48) Garbage Collection (System.gc()) 4928M(16%)->1584M(5%)
[165.575s][info][gc,start    ] GC(49) Garbage Collection (Allocation Rate)
[165.576s][info][gc,task     ] GC(49) Using 12 workers
[165.577s][info][gc,phases   ] GC(49) Pause Mark Start 0.010ms
[165.825s][info][gc,phases   ] GC(49) Concurrent Mark 203.064ms
[165.825s][info][gc,phases   ] GC(49) Pause Mark End 0.042ms
[165.903s][info][gc,phases   ] GC(49) Concurrent Mark Free 0.001ms
[165.981s][info][gc,phases   ] GC(49) Concurrent Process Non-Strong References 78.287ms
[165.981s][info][gc,phases   ] GC(49) Concurrent Reset Relocation Set 0.014ms
[166.035s][info][gc,phases   ] GC(49) Concurrent Select Relocation Set 53.182ms
[166.036s][info][gc,phases   ] GC(49) Pause Relocate Start 0.008ms
[166.119s][info][gc,phases   ] GC(49) Concurrent Relocate 32.348ms
[166.120s][info][gc,load     ] GC(49) Load: 0.00/0.00/0.00
[166.120s][info][gc,mmu      ] GC(49) MMU: 2ms/97.2%, 5ms/98.9%, 10ms/99.4%, 20ms/99.7%, 50ms/99.9%, 100ms/99.9%
[166.120s][info][gc,marking  ] GC(49) Mark: 8 stripe(s), 2 proactive flush(es), 1 terminate flush(es), 0 completion(s), 0 continuation(s) 
[166.120s][info][gc,marking  ] GC(49) Mark Stack Usage: 32M
[166.120s][info][gc,nmethod  ] GC(49) NMethods: 11969 registered, 318 unregistered
[166.120s][info][gc,metaspace] GC(49) Metaspace: 123M used, 127M committed, 1152M reserved
[166.120s][info][gc,ref      ] GC(49) Soft: 5956 encountered, 0 discovered, 0 enqueued
[166.120s][info][gc,ref      ] GC(49) Weak: 15527 encountered, 5529 discovered, 734 enqueued
[166.120s][info][gc,ref      ] GC(49) Final: 234 encountered, 3 discovered, 0 enqueued
[166.120s][info][gc,ref      ] GC(49) Phantom: 749 encountered, 648 discovered, 0 enqueued
[166.120s][info][gc,reloc    ] GC(49) Small Pages: 5525 / 11050M, Empty: 10552M, Relocated: 15M, In-Place: 0
[166.120s][info][gc,reloc    ] GC(49) Medium Pages: 47 / 1504M, Empty: 32M, Relocated: 0M, In-Place: 0
[166.120s][info][gc,reloc    ] GC(49) Large Pages: 1 / 6M, Empty: 6M, Relocated: 0M, In-Place: 0
[166.120s][info][gc,reloc    ] GC(49) Forwarding Usage: 3M
[166.120s][info][gc,heap     ] GC(49) Min Capacity: 8M(0%)
[166.120s][info][gc,heap     ] GC(49) Max Capacity: 30718M(100%)
[166.120s][info][gc,heap     ] GC(49) Soft Max Capacity: 30718M(100%)
[166.120s][info][gc,heap     ] GC(49)                Mark Start          Mark End        Relocate Start      Relocate End           High               Low         
[166.120s][info][gc,heap     ] GC(49)  Capacity:    19664M (64%)       19664M (64%)       19664M (64%)       19664M (64%)       19664M (64%)       19664M (64%)    
[166.120s][info][gc,heap     ] GC(49)      Free:    18158M (59%)       16068M (52%)       25854M (84%)       25094M (82%)       26444M (86%)       15862M (52%)    
[166.121s][info][gc,heap     ] GC(49)      Used:    12560M (41%)       14650M (48%)        4864M (16%)        5624M (18%)       14856M (48%)        4274M (14%)    
[166.121s][info][gc,heap     ] GC(49)      Live:         -              1388M (5%)         1388M (5%)         1388M (5%)             -                  -          
[166.121s][info][gc,heap     ] GC(49) Allocated:         -              2090M (7%)         2894M (9%)         4063M (13%)            -                  -          
[166.121s][info][gc,heap     ] GC(49)   Garbage:         -             11171M (36%)         581M (2%)          171M (1%)             -                  -          
[166.121s][info][gc,heap     ] GC(49) Reclaimed:         -                  -             10590M (34%)       10999M (36%)            -                  -          
[166.121s][info][gc          ] GC(49) Garbage Collection (Allocation Rate) 12560M(41%)->5624M(18%)
[166.169s][info][gc,start    ] GC(50) Garbage Collection (Allocation Rate)
[166.169s][info][gc,task     ] GC(50) Using 12 workers
[166.170s][info][gc,phases   ] GC(50) Pause Mark Start 0.012ms
[166.308s][info][gc,phases   ] GC(50) Concurrent Mark 81.913ms
[166.308s][info][gc,phases   ] GC(50) Pause Mark End 0.032ms
[166.308s][info][gc,phases   ] GC(50) Concurrent Mark Free 0.001ms
[166.337s][info][gc,phases   ] GC(50) Concurrent Process Non-Strong References 29.030ms
[166.337s][info][gc,phases   ] GC(50) Concurrent Reset Relocation Set 0.027ms
[166.354s][info][gc,phases   ] GC(50) Concurrent Select Relocation Set 16.685ms
[166.354s][info][gc,phases   ] GC(50) Pause Relocate Start 0.009ms
[166.389s][info][gc,phases   ] GC(50) Concurrent Relocate 34.350ms
[166.389s][info][gc,load     ] GC(50) Load: 0.00/0.00/0.00
[166.389s][info][gc,mmu      ] GC(50) MMU: 2ms/97.2%, 5ms/98.9%, 10ms/99.4%, 20ms/99.7%, 50ms/99.9%, 100ms/99.9%
[166.389s][info][gc,marking  ] GC(50) Mark: 8 stripe(s), 2 proactive flush(es), 1 terminate flush(es), 0 completion(s), 0 continuation(s) 
[166.389s][info][gc,marking  ] GC(50) Mark Stack Usage: 32M
[166.389s][info][gc,nmethod  ] GC(50) NMethods: 11972 registered, 319 unregistered
[166.389s][info][gc,metaspace] GC(50) Metaspace: 123M used, 127M committed, 1152M reserved
[166.389s][info][gc,ref      ] GC(50) Soft: 5956 encountered, 0 discovered, 0 enqueued
[166.389s][info][gc,ref      ] GC(50) Weak: 14786 encountered, 4773 discovered, 9 enqueued
[166.389s][info][gc,ref      ] GC(50) Final: 234 encountered, 7 discovered, 0 enqueued
[166.389s][info][gc,ref      ] GC(50) Phantom: 749 encountered, 676 discovered, 0 enqueued
[166.389s][info][gc,reloc    ] GC(50) Small Pages: 2434 / 4868M, Empty: 4480M, Relocated: 10M, In-Place: 0
[166.389s][info][gc,reloc    ] GC(50) Medium Pages: 46 / 1472M, Empty: 0M, Relocated: 0M, In-Place: 0
[166.389s][info][gc,reloc    ] GC(50) Large Pages: 0 / 0M, Empty: 0M, Relocated: 0M, In-Place: 0
[166.390s][info][gc,reloc    ] GC(50) Forwarding Usage: 2M
[166.390s][info][gc,heap     ] GC(50) Min Capacity: 8M(0%)
[166.390s][info][gc,heap     ] GC(50) Max Capacity: 30718M(100%)
[166.390s][info][gc,heap     ] GC(50) Soft Max Capacity: 30718M(100%)
[166.390s][info][gc,heap     ] GC(50)                Mark Start          Mark End        Relocate Start      Relocate End           High               Low         
[166.390s][info][gc,heap     ] GC(50)  Capacity:    19664M (64%)       19664M (64%)       19664M (64%)       19664M (64%)       19664M (64%)       19664M (64%)    
[166.390s][info][gc,heap     ] GC(50)      Free:    24378M (79%)       23594M (77%)       27980M (91%)       27800M (91%)       28238M (92%)       23546M (77%)    
[166.390s][info][gc,heap     ] GC(50)      Used:     6340M (21%)        7124M (23%)        2738M (9%)         2918M (9%)         7172M (23%)        2480M (8%)     
[166.390s][info][gc,heap     ] GC(50)      Live:         -              1389M (5%)         1389M (5%)         1389M (5%)             -                  -          
[166.390s][info][gc,heap     ] GC(50) Allocated:         -               784M (3%)          878M (3%)         1352M (4%)             -                  -          
[166.390s][info][gc,heap     ] GC(50)   Garbage:         -              4950M (16%)         470M (2%)          176M (1%)             -                  -          
[166.390s][info][gc,heap     ] GC(50) Reclaimed:         -                  -              4480M (15%)        4774M (16%)            -                  -          
[166.390s][info][gc          ] GC(50) Garbage Collection (Allocation Rate) 6340M(21%)->2918M(9%)
[166.944s][info][gc,start    ] GC(51) Garbage Collection (System.gc())
[166.944s][info][gc,task     ] GC(51) Using 12 workers
[166.944s][info][gc,phases   ] GC(51) Pause Mark Start 0.017ms
[166.990s][info][gc,phases   ] GC(51) Concurrent Mark 45.443ms
[166.990s][info][gc,phases   ] GC(51) Pause Mark End 0.042ms
[166.990s][info][gc,phases   ] GC(51) Concurrent Mark Free 0.001ms
[166.995s][info][gc,phases   ] GC(51) Concurrent Process Non-Strong References 4.798ms
[166.995s][info][gc,phases   ] GC(51) Concurrent Reset Relocation Set 0.022ms
[167.004s][info][gc,phases   ] GC(51) Concurrent Select Relocation Set 9.048ms
[167.004s][info][gc,phases   ] GC(51) Pause Relocate Start 0.013ms
[167.008s][info][gc,phases   ] GC(51) Concurrent Relocate 3.596ms
[167.008s][info][gc,load     ] GC(51) Load: 0.00/0.00/0.00
[167.008s][info][gc,mmu      ] GC(51) MMU: 2ms/97.2%, 5ms/98.9%, 10ms/99.4%, 20ms/99.7%, 50ms/99.9%, 100ms/99.9%
[167.008s][info][gc,marking  ] GC(51) Mark: 8 stripe(s), 2 proactive flush(es), 1 terminate flush(es), 0 completion(s), 0 continuation(s) 
[167.008s][info][gc,marking  ] GC(51) Mark Stack Usage: 32M
[167.008s][info][gc,nmethod  ] GC(51) NMethods: 12035 registered, 332 unregistered
[167.008s][info][gc,metaspace] GC(51) Metaspace: 123M used, 127M committed, 1152M reserved
[167.008s][info][gc,ref      ] GC(51) Soft: 5908 encountered, 0 discovered, 0 enqueued
[167.008s][info][gc,ref      ] GC(51) Weak: 14821 encountered, 8399 discovered, 148 enqueued
[167.008s][info][gc,ref      ] GC(51) Final: 234 encountered, 3 discovered, 0 enqueued
[167.008s][info][gc,ref      ] GC(51) Phantom: 749 encountered, 652 discovered, 0 enqueued
[167.008s][info][gc,reloc    ] GC(51) Small Pages: 1221 / 2442M, Empty: 2100M, Relocated: 8M, In-Place: 0
[167.008s][info][gc,reloc    ] GC(51) Medium Pages: 47 / 1504M, Empty: 32M, Relocated: 0M, In-Place: 0
[167.008s][info][gc,reloc    ] GC(51) Large Pages: 1 / 6M, Empty: 6M, Relocated: 0M, In-Place: 0
[167.008s][info][gc,reloc    ] GC(51) Forwarding Usage: 3M
[167.008s][info][gc,heap     ] GC(51) Min Capacity: 8M(0%)
[167.008s][info][gc,heap     ] GC(51) Max Capacity: 30718M(100%)
[167.008s][info][gc,heap     ] GC(51) Soft Max Capacity: 30718M(100%)
[167.009s][info][gc,heap     ] GC(51)                Mark Start          Mark End        Relocate Start      Relocate End           High               Low         
[167.009s][info][gc,heap     ] GC(51)  Capacity:    19664M (64%)       19664M (64%)       19664M (64%)       19664M (64%)       19664M (64%)       19664M (64%)    
[167.009s][info][gc,heap     ] GC(51)      Free:    26766M (87%)       26762M (87%)       28878M (94%)       29136M (95%)       29136M (95%)       26762M (87%)    
[167.009s][info][gc,heap     ] GC(51)      Used:     3952M (13%)        3956M (13%)        1840M (6%)         1582M (5%)         3956M (13%)        1582M (5%)     
[167.009s][info][gc,heap     ] GC(51)      Live:         -              1380M (4%)         1380M (4%)         1380M (4%)             -                  -          
[167.009s][info][gc,heap     ] GC(51) Allocated:         -                 4M (0%)           26M (0%)           26M (0%)             -                  -          
[167.009s][info][gc,heap     ] GC(51)   Garbage:         -              2571M (8%)          433M (1%)          175M (1%)             -                  -          
[167.009s][info][gc,heap     ] GC(51) Reclaimed:         -                  -              2138M (7%)         2396M (8%)             -                  -          
[167.009s][info][gc          ] GC(51) Garbage Collection (System.gc()) 3952M(13%)->1582M(5%)
[167.967s][info][gc,start    ] GC(52) Garbage Collection (Allocation Rate)
[167.967s][info][gc,task     ] GC(52) Using 12 workers
[167.968s][info][gc,phases   ] GC(52) Pause Mark Start 0.017ms
[168.359s][info][gc,phases   ] GC(52) Concurrent Mark 281.612ms
[168.360s][info][gc,phases   ] GC(52) Pause Mark End 0.049ms
[168.387s][info][gc,phases   ] GC(52) Concurrent Mark Free 0.001ms
[168.448s][info][gc,phases   ] GC(52) Concurrent Process Non-Strong References 60.375ms
[168.448s][info][gc,phases   ] GC(52) Concurrent Reset Relocation Set 0.013ms
[168.640s][info][gc,phases   ] GC(52) Concurrent Select Relocation Set 192.341ms
[168.641s][info][gc,phases   ] GC(52) Pause Relocate Start 0.008ms
[168.685s][info][gc,phases   ] GC(52) Concurrent Relocate 38.308ms
[168.686s][info][gc,load     ] GC(52) Load: 0.00/0.00/0.00
[168.686s][info][gc,mmu      ] GC(52) MMU: 2ms/97.2%, 5ms/98.9%, 10ms/99.4%, 20ms/99.7%, 50ms/99.9%, 100ms/99.9%
[168.686s][info][gc,marking  ] GC(52) Mark: 8 stripe(s), 2 proactive flush(es), 1 terminate flush(es), 0 completion(s), 0 continuation(s) 
[168.686s][info][gc,marking  ] GC(52) Mark Stack Usage: 32M
[168.686s][info][gc,nmethod  ] GC(52) NMethods: 12139 registered, 361 unregistered
[168.686s][info][gc,metaspace] GC(52) Metaspace: 123M used, 127M committed, 1152M reserved
[168.686s][info][gc,ref      ] GC(52) Soft: 5956 encountered, 0 discovered, 0 enqueued
[168.686s][info][gc,ref      ] GC(52) Weak: 15545 encountered, 3865 discovered, 735 enqueued
[168.686s][info][gc,ref      ] GC(52) Final: 234 encountered, 42 discovered, 0 enqueued
[168.686s][info][gc,ref      ] GC(52) Phantom: 749 encountered, 464 discovered, 0 enqueued
[168.686s][info][gc,reloc    ] GC(52) Small Pages: 6335 / 12670M, Empty: 12208M, Relocated: 15M, In-Place: 0
[168.686s][info][gc,reloc    ] GC(52) Medium Pages: 47 / 1504M, Empty: 32M, Relocated: 0M, In-Place: 0
[168.686s][info][gc,reloc    ] GC(52) Large Pages: 1 / 6M, Empty: 6M, Relocated: 0M, In-Place: 0
[168.686s][info][gc,reloc    ] GC(52) Forwarding Usage: 4M
[168.686s][info][gc,heap     ] GC(52) Min Capacity: 8M(0%)
[168.686s][info][gc,heap     ] GC(52) Max Capacity: 30718M(100%)
[168.686s][info][gc,heap     ] GC(52) Soft Max Capacity: 30718M(100%)
[168.686s][info][gc,heap     ] GC(52)                Mark Start          Mark End        Relocate Start      Relocate End           High               Low         
[168.687s][info][gc,heap     ] GC(52)  Capacity:    19664M (64%)       19664M (64%)       19664M (64%)       19664M (64%)       19664M (64%)       19664M (64%)    
[168.687s][info][gc,heap     ] GC(52)      Free:    16538M (54%)       15022M (49%)       26078M (85%)       25828M (84%)       26826M (87%)       14616M (48%)    
[168.687s][info][gc,heap     ] GC(52)      Used:    14180M (46%)       15696M (51%)        4640M (15%)        4890M (16%)       16102M (52%)        3892M (13%)    
[168.687s][info][gc,heap     ] GC(52)      Live:         -              1389M (5%)         1389M (5%)         1389M (5%)             -                  -          
[168.687s][info][gc,heap     ] GC(52) Allocated:         -              1516M (5%)         2706M (9%)         3330M (11%)            -                  -          
[168.687s][info][gc,heap     ] GC(52)   Garbage:         -             12790M (42%)         544M (2%)          170M (1%)             -                  -          
[168.687s][info][gc,heap     ] GC(52) Reclaimed:         -                  -             12246M (40%)       12620M (41%)            -                  -          
[168.687s][info][gc          ] GC(52) Garbage Collection (Allocation Rate) 14180M(46%)->4890M(16%)
[168.773s][info][gc,start    ] GC(53) Garbage Collection (Allocation Rate)
[168.806s][info][gc,task     ] GC(53) Using 12 workers
[168.806s][info][gc,phases   ] GC(53) Pause Mark Start 0.012ms
[168.851s][info][gc,phases   ] GC(53) Concurrent Mark 44.740ms
[168.851s][info][gc,phases   ] GC(53) Pause Mark End 0.029ms
[168.851s][info][gc,phases   ] GC(53) Concurrent Mark Free 0.001ms
[168.856s][info][gc,phases   ] GC(53) Concurrent Process Non-Strong References 4.348ms
[168.856s][info][gc,phases   ] GC(53) Concurrent Reset Relocation Set 0.028ms
[168.860s][info][gc,phases   ] GC(53) Concurrent Select Relocation Set 4.344ms
[168.860s][info][gc,phases   ] GC(53) Pause Relocate Start 0.006ms
[168.862s][info][gc,phases   ] GC(53) Concurrent Relocate 1.413ms
[168.862s][info][gc,load     ] GC(53) Load: 0.00/0.00/0.00
[168.862s][info][gc,mmu      ] GC(53) MMU: 2ms/97.2%, 5ms/98.9%, 10ms/99.4%, 20ms/99.7%, 50ms/99.9%, 100ms/99.9%
[168.862s][info][gc,marking  ] GC(53) Mark: 8 stripe(s), 4 proactive flush(es), 1 terminate flush(es), 0 completion(s), 0 continuation(s) 
[168.862s][info][gc,marking  ] GC(53) Mark Stack Usage: 32M
[168.862s][info][gc,nmethod  ] GC(53) NMethods: 12140 registered, 363 unregistered
[168.862s][info][gc,metaspace] GC(53) Metaspace: 123M used, 127M committed, 1152M reserved
[168.862s][info][gc,ref      ] GC(53) Soft: 5956 encountered, 0 discovered, 0 enqueued
[168.862s][info][gc,ref      ] GC(53) Weak: 14814 encountered, 5685 discovered, 7 enqueued
[168.862s][info][gc,ref      ] GC(53) Final: 234 encountered, 0 discovered, 0 enqueued
[168.862s][info][gc,ref      ] GC(53) Phantom: 751 encountered, 710 discovered, 0 enqueued
[168.862s][info][gc,reloc    ] GC(53) Small Pages: 2573 / 5146M, Empty: 4740M, Relocated: 6M, In-Place: 0
[168.862s][info][gc,reloc    ] GC(53) Medium Pages: 46 / 1472M, Empty: 0M, Relocated: 0M, In-Place: 0
[168.862s][info][gc,reloc    ] GC(53) Large Pages: 0 / 0M, Empty: 0M, Relocated: 0M, In-Place: 0
[168.862s][info][gc,reloc    ] GC(53) Forwarding Usage: 1M
[168.862s][info][gc,heap     ] GC(53) Min Capacity: 8M(0%)
[168.862s][info][gc,heap     ] GC(53) Max Capacity: 30718M(100%)
[168.862s][info][gc,heap     ] GC(53) Soft Max Capacity: 30718M(100%)
[168.862s][info][gc,heap     ] GC(53)                Mark Start          Mark End        Relocate Start      Relocate End           High               Low         
[168.862s][info][gc,heap     ] GC(53)  Capacity:    19664M (64%)       19664M (64%)       19664M (64%)       19664M (64%)       19664M (64%)       19664M (64%)    
[168.862s][info][gc,heap     ] GC(53)      Free:    24100M (78%)       23880M (78%)       28556M (93%)       28852M (94%)       28852M (94%)       23864M (78%)    
[168.862s][info][gc,heap     ] GC(53)      Used:     6618M (22%)        6838M (22%)        2162M (7%)         1866M (6%)         6854M (22%)        1866M (6%)     
[168.862s][info][gc,heap     ] GC(53)      Live:         -              1390M (5%)         1390M (5%)         1390M (5%)             -                  -          
[168.862s][info][gc,heap     ] GC(53) Allocated:         -               220M (1%)          284M (1%)          295M (1%)             -                  -          
[168.862s][info][gc,heap     ] GC(53)   Garbage:         -              5227M (17%)         487M (2%)          180M (1%)             -                  -          
[168.862s][info][gc,heap     ] GC(53) Reclaimed:         -                  -              4740M (15%)        5047M (16%)            -                  -          
[168.862s][info][gc          ] GC(53) Garbage Collection (Allocation Rate) 6618M(22%)->1866M(6%)
[169.559s][info][gc,start    ] GC(54) Garbage Collection (System.gc())
[169.559s][info][gc,task     ] GC(54) Using 12 workers
[169.559s][info][gc,phases   ] GC(54) Pause Mark Start 0.017ms
[169.592s][info][gc,phases   ] GC(54) Concurrent Mark 33.317ms
[169.593s][info][gc,phases   ] GC(54) Pause Mark End 0.035ms
[169.593s][info][gc,phases   ] GC(54) Concurrent Mark Free 0.001ms
[169.597s][info][gc,phases   ] GC(54) Concurrent Process Non-Strong References 4.328ms
[169.597s][info][gc,phases   ] GC(54) Concurrent Reset Relocation Set 0.024ms
[169.604s][info][gc,phases   ] GC(54) Concurrent Select Relocation Set 6.530ms
[169.604s][info][gc,phases   ] GC(54) Pause Relocate Start 0.010ms
[169.609s][info][gc,phases   ] GC(54) Concurrent Relocate 5.056ms
[169.609s][info][gc,load     ] GC(54) Load: 0.00/0.00/0.00
[169.609s][info][gc,mmu      ] GC(54) MMU: 2ms/97.2%, 5ms/98.9%, 10ms/99.4%, 20ms/99.7%, 50ms/99.9%, 100ms/99.9%
[169.609s][info][gc,marking  ] GC(54) Mark: 8 stripe(s), 2 proactive flush(es), 1 terminate flush(es), 0 completion(s), 0 continuation(s) 
[169.609s][info][gc,marking  ] GC(54) Mark Stack Usage: 32M
[169.609s][info][gc,nmethod  ] GC(54) NMethods: 12177 registered, 375 unregistered
[169.609s][info][gc,metaspace] GC(54) Metaspace: 123M used, 127M committed, 1152M reserved
[169.609s][info][gc,ref      ] GC(54) Soft: 5908 encountered, 0 discovered, 0 enqueued
[169.609s][info][gc,ref      ] GC(54) Weak: 14847 encountered, 7191 discovered, 154 enqueued
[169.609s][info][gc,ref      ] GC(54) Final: 234 encountered, 1 discovered, 0 enqueued
[169.609s][info][gc,ref      ] GC(54) Phantom: 749 encountered, 727 discovered, 0 enqueued
[169.610s][info][gc,reloc    ] GC(54) Small Pages: 277 / 554M, Empty: 310M, Relocated: 8M, In-Place: 0
[169.610s][info][gc,reloc    ] GC(54) Medium Pages: 47 / 1504M, Empty: 32M, Relocated: 0M, In-Place: 0
[169.610s][info][gc,reloc    ] GC(54) Large Pages: 1 / 6M, Empty: 6M, Relocated: 0M, In-Place: 0
[169.610s][info][gc,reloc    ] GC(54) Forwarding Usage: 2M
[169.610s][info][gc,heap     ] GC(54) Min Capacity: 8M(0%)
[169.610s][info][gc,heap     ] GC(54) Max Capacity: 30718M(100%)
[169.610s][info][gc,heap     ] GC(54) Soft Max Capacity: 30718M(100%)
[169.610s][info][gc,heap     ] GC(54)                Mark Start          Mark End        Relocate Start      Relocate End           High               Low         
[169.610s][info][gc,heap     ] GC(54)  Capacity:    19664M (64%)       19664M (64%)       19664M (64%)       19664M (64%)       19664M (64%)       19664M (64%)    
[169.610s][info][gc,heap     ] GC(54)      Free:    28654M (93%)       28652M (93%)       28972M (94%)       29132M (95%)       29132M (95%)       28650M (93%)    
[169.610s][info][gc,heap     ] GC(54)      Used:     2064M (7%)         2066M (7%)         1746M (6%)         1586M (5%)         2068M (7%)         1586M (5%)     
[169.610s][info][gc,heap     ] GC(54)      Live:         -              1380M (4%)         1380M (4%)         1380M (4%)             -                  -          
[169.610s][info][gc,heap     ] GC(54) Allocated:         -                 2M (0%)           30M (0%)           30M (0%)             -                  -          
[169.610s][info][gc,heap     ] GC(54)   Garbage:         -               683M (2%)          335M (1%)          175M (1%)             -                  -          
[169.610s][info][gc,heap     ] GC(54) Reclaimed:         -                  -               348M (1%)          508M (2%)             -                  -          
[169.610s][info][gc          ] GC(54) Garbage Collection (System.gc()) 2064M(7%)->1586M(5%)
[170.176s][info][gc,stats    ] === Garbage Collection Statistics =======================================================================================================================
[170.177s][info][gc,stats    ]                                                              Last 10s              Last 10m              Last 10h                Total
[170.177s][info][gc,stats    ]                                                              Avg / Max             Avg / Max             Avg / Max             Avg / Max
[170.177s][info][gc,stats    ]   Collector: Garbage Collection Cycle                    310.393 / 820.774     398.001 / 1749.322    398.001 / 1749.322    398.001 / 1749.322    ms
[170.177s][info][gc,stats    ]  Contention: Mark Segment Reset Contention                    15 / 65                2 / 65                2 / 65                2 / 65          ops/s
[170.177s][info][gc,stats    ]  Contention: Mark SeqNum Reset Contention                      1 / 4                 0 / 5                 0 / 5                 0 / 5           ops/s
[170.177s][info][gc,stats    ]    Critical: Allocation Stall                                  0 / 0                 0 / 0                 0 / 0                 0 / 0           ops/s
[170.177s][info][gc,stats    ]    Critical: Allocation Stall                              0.000 / 0.000         0.000 / 0.000         0.000 / 0.000         0.000 / 0.000       ms
[170.177s][info][gc,stats    ]    Critical: GC Locker Stall                                   0 / 0                 0 / 1                 0 / 1                 0 / 1           ops/s
[170.177s][info][gc,stats    ]    Critical: GC Locker Stall                               0.000 / 0.000         0.001 / 0.001         0.001 / 0.001         0.001 / 0.001       ms
[170.177s][info][gc,stats    ]    Critical: Relocation Stall                                  0 / 0                 0 / 0                 0 / 0                 0 / 0           ops/s
[170.177s][info][gc,stats    ]    Critical: Relocation Stall                              0.000 / 0.000         0.000 / 0.000         0.000 / 0.000         0.000 / 0.000       ms
[170.177s][info][gc,stats    ]      Memory: Allocation Rate                                7073 / 12502          1904 / 12502          1904 / 12502          1904 / 12502       MB/s
[170.177s][info][gc,stats    ]      Memory: Defragment                                        0 / 0                16 / 560              16 / 560              16 / 560         ops/s
[170.177s][info][gc,stats    ]      Memory: Out Of Memory                                     0 / 0                 0 / 0                 0 / 0                 0 / 0           ops/s
[170.177s][info][gc,stats    ]      Memory: Page Cache Flush                                  0 / 0                32 / 1122             32 / 1122             32 / 1122        MB/s
[170.177s][info][gc,stats    ]      Memory: Page Cache Hit L1                              3537 / 6251            862 / 6251            862 / 6251            862 / 6251        ops/s
[170.177s][info][gc,stats    ]      Memory: Page Cache Hit L2                                 0 / 0                 0 / 0                 0 / 0                 0 / 0           ops/s
[170.177s][info][gc,stats    ]      Memory: Page Cache Hit L3                                 0 / 0                21 / 503              21 / 503              21 / 503         ops/s
[170.177s][info][gc,stats    ]      Memory: Page Cache Miss                                   0 / 0                32 / 735              32 / 735              32 / 735         ops/s
[170.177s][info][gc,stats    ]      Memory: Uncommit                                          0 / 0                 0 / 0                 0 / 0                 0 / 0           MB/s
[170.177s][info][gc,stats    ]      Memory: Undo Object Allocation Failed                     0 / 1                 0 / 2                 0 / 2                 0 / 2           ops/s
[170.177s][info][gc,stats    ]      Memory: Undo Object Allocation Succeeded                  6 / 16                2 / 75                2 / 75                2 / 75          ops/s
[170.177s][info][gc,stats    ]      Memory: Undo Page Allocation                              1 / 4                 5 / 146               5 / 146               5 / 146         ops/s
[170.177s][info][gc,stats    ]       Phase: Concurrent Mark                             143.045 / 281.612     185.105 / 552.339     185.105 / 552.339     185.105 / 552.339     ms
[170.177s][info][gc,stats    ]       Phase: Concurrent Mark Continue                      0.000 / 0.000         0.000 / 0.000         0.000 / 0.000         0.000 / 0.000       ms
[170.177s][info][gc,stats    ]       Phase: Concurrent Mark Free                          0.001 / 0.001         0.001 / 0.002         0.001 / 0.002         0.001 / 0.002       ms
[170.177s][info][gc,stats    ]       Phase: Concurrent Process Non-Strong References     28.523 / 78.287       40.788 / 800.745      40.788 / 800.745      40.788 / 800.745     ms
[170.177s][info][gc,stats    ]       Phase: Concurrent Relocate                          18.515 / 38.308       63.231 / 678.239      63.231 / 678.239      63.231 / 678.239     ms
[170.177s][info][gc,stats    ]       Phase: Concurrent Reset Relocation Set               0.026 / 0.092         0.025 / 0.115         0.025 / 0.115         0.025 / 0.115       ms
[170.177s][info][gc,stats    ]       Phase: Concurrent Select Relocation Set             41.932 / 192.341      51.912 / 228.112      51.912 / 228.112      51.912 / 228.112     ms
[170.178s][info][gc,stats    ]       Phase: Pause Mark End                                0.039 / 0.052         0.033 / 0.055         0.033 / 0.055         0.033 / 0.055       ms
[170.178s][info][gc,stats    ]       Phase: Pause Mark Start                              0.014 / 0.017         0.013 / 0.018         0.013 / 0.018         0.013 / 0.018       ms
[170.178s][info][gc,stats    ]       Phase: Pause Relocate Start                          0.009 / 0.014         0.009 / 0.014         0.009 / 0.014         0.009 / 0.014       ms
[170.178s][info][gc,stats    ]    Subphase: Concurrent Classes Purge                      0.150 / 0.886        13.684 / 691.327      13.684 / 691.327      13.684 / 691.327     ms
[170.178s][info][gc,stats    ]    Subphase: Concurrent Classes Unlink                    22.472 / 52.367       12.726 / 61.446       12.726 / 61.446       12.726 / 61.446      ms
[170.178s][info][gc,stats    ]    Subphase: Concurrent Mark                              58.477 / 114.157     106.928 / 481.134     106.928 / 481.134     106.928 / 481.134     ms
[170.178s][info][gc,stats    ]    Subphase: Concurrent Mark Try Flush                     6.082 / 27.921       17.211 / 205.136      17.211 / 205.136      17.211 / 205.136     ms
[170.178s][info][gc,stats    ]    Subphase: Concurrent Mark Try Terminate                11.378 / 16.673       10.029 / 124.983      10.029 / 124.983      10.029 / 124.983     ms
[170.178s][info][gc,stats    ]    Subphase: Concurrent References Enqueue                 0.006 / 0.037         0.004 / 0.037         0.004 / 0.037         0.004 / 0.037       ms
[170.178s][info][gc,stats    ]    Subphase: Concurrent References Process                 0.395 / 0.654         0.354 / 0.974         0.354 / 0.974         0.354 / 0.974       ms
[170.178s][info][gc,stats    ]    Subphase: Concurrent Roots ClassLoaderDataGraph         0.355 / 2.651         0.234 / 3.429         0.234 / 3.429         0.234 / 3.429       ms
[170.178s][info][gc,stats    ]    Subphase: Concurrent Roots CodeCache                    0.000 / 0.000         0.000 / 0.000         0.000 / 0.000         0.000 / 0.000       ms
[170.178s][info][gc,stats    ]    Subphase: Concurrent Roots JavaThreads                 81.098 / 200.021      75.279 / 313.942      75.279 / 313.942      75.279 / 313.942     ms
[170.178s][info][gc,stats    ]    Subphase: Concurrent Roots OopStorageSet                0.159 / 0.926         0.226 / 3.425         0.226 / 3.425         0.226 / 3.425       ms
[170.178s][info][gc,stats    ]    Subphase: Concurrent Weak Roots OopStorageSet           0.375 / 0.493         0.376 / 0.679         0.376 / 0.679         0.376 / 0.679       ms
[170.178s][info][gc,stats    ]    Subphase: Pause Mark Try Complete                       0.000 / 0.000         0.001 / 0.003         0.001 / 0.003         0.001 / 0.003       ms
[170.178s][info][gc,stats    ]      System: Java Threads                                    323 / 343             220 / 343             220 / 343             220 / 343         threads
[170.178s][info][gc,stats    ] =========================================================================================================================================================
[170.379s][info][gc,start    ] GC(55) Garbage Collection (Allocation Rate)
[170.379s][info][gc,task     ] GC(55) Using 12 workers
[170.380s][info][gc,phases   ] GC(55) Pause Mark Start 0.010ms
[170.598s][info][gc,phases   ] GC(55) Concurrent Mark 217.651ms
[170.598s][info][gc,phases   ] GC(55) Pause Mark End 0.079ms
[170.675s][info][gc,phases   ] GC(55) Concurrent Mark Free 0.001ms
[170.732s][info][gc,phases   ] GC(55) Concurrent Process Non-Strong References 57.110ms
[170.733s][info][gc,phases   ] GC(55) Concurrent Reset Relocation Set 0.010ms
[170.786s][info][gc,phases   ] GC(55) Concurrent Select Relocation Set 53.691ms
[170.788s][info][gc,phases   ] GC(55) Pause Relocate Start 0.018ms
[170.830s][info][gc,phases   ] GC(55) Concurrent Relocate 28.761ms
[170.830s][info][gc,load     ] GC(55) Load: 0.00/0.00/0.00
[170.830s][info][gc,mmu      ] GC(55) MMU: 2ms/96.1%, 5ms/98.4%, 10ms/99.2%, 20ms/99.6%, 50ms/99.8%, 100ms/99.9%
[170.830s][info][gc,marking  ] GC(55) Mark: 8 stripe(s), 2 proactive flush(es), 1 terminate flush(es), 0 completion(s), 0 continuation(s) 
[170.830s][info][gc,marking  ] GC(55) Mark Stack Usage: 32M
[170.830s][info][gc,nmethod  ] GC(55) NMethods: 12283 registered, 413 unregistered
[170.830s][info][gc,metaspace] GC(55) Metaspace: 123M used, 127M committed, 1152M reserved
[170.830s][info][gc,ref      ] GC(55) Soft: 5956 encountered, 0 discovered, 0 enqueued
[170.830s][info][gc,ref      ] GC(55) Weak: 15561 encountered, 7873 discovered, 732 enqueued
[170.830s][info][gc,ref      ] GC(55) Final: 234 encountered, 135 discovered, 0 enqueued
[170.830s][info][gc,ref      ] GC(55) Phantom: 749 encountered, 522 discovered, 0 enqueued
[170.830s][info][gc,reloc    ] GC(55) Small Pages: 5059 / 10118M, Empty: 9636M, Relocated: 15M, In-Place: 0
[170.830s][info][gc,reloc    ] GC(55) Medium Pages: 47 / 1504M, Empty: 32M, Relocated: 0M, In-Place: 0
[170.830s][info][gc,reloc    ] GC(55) Large Pages: 1 / 6M, Empty: 6M, Relocated: 0M, In-Place: 0
[170.831s][info][gc,reloc    ] GC(55) Forwarding Usage: 4M
[170.831s][info][gc,heap     ] GC(55) Min Capacity: 8M(0%)
[170.831s][info][gc,heap     ] GC(55) Max Capacity: 30718M(100%)
[170.831s][info][gc,heap     ] GC(55) Soft Max Capacity: 30718M(100%)
[170.831s][info][gc,heap     ] GC(55)                Mark Start          Mark End        Relocate Start      Relocate End           High               Low         
[170.831s][info][gc,heap     ] GC(55)  Capacity:    19664M (64%)       19664M (64%)       19664M (64%)       19664M (64%)       19664M (64%)       19664M (64%)    
[170.831s][info][gc,heap     ] GC(55)      Free:    19090M (62%)       17432M (57%)       26380M (86%)       26194M (85%)       26886M (88%)       17214M (56%)    
[170.831s][info][gc,heap     ] GC(55)      Used:    11628M (38%)       13286M (43%)        4338M (14%)        4524M (15%)       13504M (44%)        3832M (12%)    
[170.831s][info][gc,heap     ] GC(55)      Live:         -              1389M (5%)         1389M (5%)         1389M (5%)             -                  -          
[170.831s][info][gc,heap     ] GC(55) Allocated:         -              1658M (5%)         2384M (8%)         2964M (10%)            -                  -          
[170.831s][info][gc,heap     ] GC(55)   Garbage:         -             10238M (33%)         564M (2%)          170M (1%)             -                  -          
[170.831s][info][gc,heap     ] GC(55) Reclaimed:         -                  -              9674M (31%)       10068M (33%)            -                  -          
[170.831s][info][gc          ] GC(55) Garbage Collection (Allocation Rate) 11628M(38%)->4524M(15%)
[170.879s][info][gc,start    ] GC(56) Garbage Collection (Allocation Rate)
[170.879s][info][gc,task     ] GC(56) Using 12 workers
[170.880s][info][gc,phases   ] GC(56) Pause Mark Start 0.012ms
[171.160s][info][gc,phases   ] GC(56) Concurrent Mark 249.860ms
[171.160s][info][gc,phases   ] GC(56) Pause Mark End 0.049ms
[171.213s][info][gc,phases   ] GC(56) Concurrent Mark Free 0.001ms
[171.266s][info][gc,phases   ] GC(56) Concurrent Process Non-Strong References 52.259ms
[171.266s][info][gc,phases   ] GC(56) Concurrent Reset Relocation Set 0.288ms
[171.300s][info][gc,phases   ] GC(56) Concurrent Select Relocation Set 32.981ms
[171.301s][info][gc,phases   ] GC(56) Pause Relocate Start 0.011ms
[171.385s][info][gc,phases   ] GC(56) Concurrent Relocate 27.105ms
[171.386s][info][gc,load     ] GC(56) Load: 0.00/0.00/0.00
[171.386s][info][gc,mmu      ] GC(56) MMU: 2ms/96.1%, 5ms/98.4%, 10ms/99.2%, 20ms/99.6%, 50ms/99.8%, 100ms/99.9%
[171.386s][info][gc,marking  ] GC(56) Mark: 8 stripe(s), 2 proactive flush(es), 1 terminate flush(es), 0 completion(s), 0 continuation(s) 
[171.386s][info][gc,marking  ] GC(56) Mark Stack Usage: 32M
[171.386s][info][gc,nmethod  ] GC(56) NMethods: 12283 registered, 413 unregistered
[171.386s][info][gc,metaspace] GC(56) Metaspace: 123M used, 127M committed, 1152M reserved
[171.386s][info][gc,ref      ] GC(56) Soft: 5956 encountered, 0 discovered, 0 enqueued
[171.386s][info][gc,ref      ] GC(56) Weak: 14828 encountered, 5352 discovered, 11 enqueued
[171.386s][info][gc,ref      ] GC(56) Final: 234 encountered, 43 discovered, 0 enqueued
[171.386s][info][gc,ref      ] GC(56) Phantom: 749 encountered, 672 discovered, 0 enqueued
[171.386s][info][gc,reloc    ] GC(56) Small Pages: 1885 / 3770M, Empty: 3392M, Relocated: 8M, In-Place: 0
[171.386s][info][gc,reloc    ] GC(56) Medium Pages: 46 / 1472M, Empty: 0M, Relocated: 0M, In-Place: 0
[171.386s][info][gc,reloc    ] GC(56) Large Pages: 0 / 0M, Empty: 0M, Relocated: 0M, In-Place: 0
[171.386s][info][gc,reloc    ] GC(56) Forwarding Usage: 1M
[171.386s][info][gc,heap     ] GC(56) Min Capacity: 8M(0%)
[171.386s][info][gc,heap     ] GC(56) Max Capacity: 30718M(100%)
[171.386s][info][gc,heap     ] GC(56) Soft Max Capacity: 30718M(100%)
[171.386s][info][gc,heap     ] GC(56)                Mark Start          Mark End        Relocate Start      Relocate End           High               Low         
[171.386s][info][gc,heap     ] GC(56)  Capacity:    19664M (64%)       19664M (64%)       19664M (64%)       19664M (64%)       19664M (64%)       19664M (64%)    
[171.386s][info][gc,heap     ] GC(56)      Free:    25476M (83%)       24928M (81%)       27158M (88%)       26240M (85%)       27504M (90%)       24240M (79%)    
[171.386s][info][gc,heap     ] GC(56)      Used:     5242M (17%)        5790M (19%)        3560M (12%)        4478M (15%)        6478M (21%)        3214M (10%)    
[171.386s][info][gc,heap     ] GC(56)      Live:         -              1389M (5%)         1389M (5%)         1389M (5%)             -                  -          
[171.386s][info][gc,heap     ] GC(56) Allocated:         -               548M (2%)         1710M (6%)         2910M (9%)             -                  -          
[171.386s][info][gc,heap     ] GC(56)   Garbage:         -              3852M (13%)         460M (2%)          178M (1%)             -                  -          
[171.386s][info][gc,heap     ] GC(56) Reclaimed:         -                  -              3392M (11%)        3674M (12%)            -                  -          
[171.386s][info][gc          ] GC(56) Garbage Collection (Allocation Rate) 5242M(17%)->4478M(15%)
[172.091s][info][gc,start    ] GC(57) Garbage Collection (System.gc())
[172.091s][info][gc,task     ] GC(57) Using 12 workers
[172.091s][info][gc,phases   ] GC(57) Pause Mark Start 0.015ms
[172.138s][info][gc,phases   ] GC(57) Concurrent Mark 46.893ms
[172.139s][info][gc,phases   ] GC(57) Pause Mark End 0.040ms
[172.139s][info][gc,phases   ] GC(57) Concurrent Mark Free 0.002ms
[172.144s][info][gc,phases   ] GC(57) Concurrent Process Non-Strong References 5.067ms
[172.144s][info][gc,phases   ] GC(57) Concurrent Reset Relocation Set 0.018ms
[172.152s][info][gc,phases   ] GC(57) Concurrent Select Relocation Set 7.898ms
[172.152s][info][gc,phases   ] GC(57) Pause Relocate Start 0.011ms
[172.156s][info][gc,phases   ] GC(57) Concurrent Relocate 3.578ms
[172.156s][info][gc,load     ] GC(57) Load: 0.00/0.00/0.00
[172.156s][info][gc,mmu      ] GC(57) MMU: 2ms/96.1%, 5ms/98.4%, 10ms/99.2%, 20ms/99.6%, 50ms/99.8%, 100ms/99.9%
[172.156s][info][gc,marking  ] GC(57) Mark: 8 stripe(s), 3 proactive flush(es), 1 terminate flush(es), 0 completion(s), 0 continuation(s) 
[172.156s][info][gc,marking  ] GC(57) Mark Stack Usage: 32M
[172.156s][info][gc,nmethod  ] GC(57) NMethods: 12329 registered, 434 unregistered
[172.156s][info][gc,metaspace] GC(57) Metaspace: 123M used, 127M committed, 1152M reserved
[172.156s][info][gc,ref      ] GC(57) Soft: 5908 encountered, 0 discovered, 0 enqueued
[172.156s][info][gc,ref      ] GC(57) Weak: 14851 encountered, 7482 discovered, 148 enqueued
[172.156s][info][gc,ref      ] GC(57) Final: 234 encountered, 1 discovered, 0 enqueued
[172.156s][info][gc,ref      ] GC(57) Phantom: 749 encountered, 652 discovered, 0 enqueued
[172.156s][info][gc,reloc    ] GC(57) Small Pages: 2242 / 4484M, Empty: 4136M, Relocated: 8M, In-Place: 0
[172.156s][info][gc,reloc    ] GC(57) Medium Pages: 47 / 1504M, Empty: 32M, Relocated: 0M, In-Place: 0
[172.156s][info][gc,reloc    ] GC(57) Large Pages: 1 / 6M, Empty: 6M, Relocated: 0M, In-Place: 0
[172.156s][info][gc,reloc    ] GC(57) Forwarding Usage: 2M
[172.156s][info][gc,heap     ] GC(57) Min Capacity: 8M(0%)
[172.156s][info][gc,heap     ] GC(57) Max Capacity: 30718M(100%)
[172.156s][info][gc,heap     ] GC(57) Soft Max Capacity: 30718M(100%)
[172.156s][info][gc,heap     ] GC(57)                Mark Start          Mark End        Relocate Start      Relocate End           High               Low         
[172.156s][info][gc,heap     ] GC(57)  Capacity:    19664M (64%)       19664M (64%)       19664M (64%)       19664M (64%)       19664M (64%)       19664M (64%)    
[172.156s][info][gc,heap     ] GC(57)      Free:    24724M (80%)       24722M (80%)       28866M (94%)       29130M (95%)       29130M (95%)       24720M (80%)    
[172.156s][info][gc,heap     ] GC(57)      Used:     5994M (20%)        5996M (20%)        1852M (6%)         1588M (5%)         5998M (20%)        1588M (5%)     
[172.156s][info][gc,heap     ] GC(57)      Live:         -              1380M (4%)         1380M (4%)         1380M (4%)             -                  -          
[172.156s][info][gc,heap     ] GC(57) Allocated:         -                 2M (0%)           32M (0%)           32M (0%)             -                  -          
[172.157s][info][gc,heap     ] GC(57)   Garbage:         -              4613M (15%)         439M (1%)          175M (1%)             -                  -          
[172.157s][info][gc,heap     ] GC(57) Reclaimed:         -                  -              4174M (14%)        4438M (14%)            -                  -          
[172.157s][info][gc          ] GC(57) Garbage Collection (System.gc()) 5994M(20%)->1588M(5%)
[172.972s][info][gc,start    ] GC(58) Garbage Collection (Allocation Rate)
[172.973s][info][gc,task     ] GC(58) Using 12 workers
[172.973s][info][gc,phases   ] GC(58) Pause Mark Start 0.013ms
[173.175s][info][gc,phases   ] GC(58) Concurrent Mark 156.398ms
[173.176s][info][gc,phases   ] GC(58) Pause Mark End 0.051ms
[173.253s][info][gc,phases   ] GC(58) Concurrent Mark Free 0.002ms
[173.285s][info][gc,phases   ] GC(58) Concurrent Process Non-Strong References 31.772ms
[173.285s][info][gc,phases   ] GC(58) Concurrent Reset Relocation Set 0.108ms
[173.348s][info][gc,phases   ] GC(58) Concurrent Select Relocation Set 63.101ms
[173.349s][info][gc,phases   ] GC(58) Pause Relocate Start 0.010ms
[173.383s][info][gc,phases   ] GC(58) Concurrent Relocate 28.169ms
[173.384s][info][gc,load     ] GC(58) Load: 0.00/0.00/0.00
[173.384s][info][gc,mmu      ] GC(58) MMU: 2ms/96.1%, 5ms/98.4%, 10ms/99.2%, 20ms/99.6%, 50ms/99.8%, 100ms/99.9%
[173.384s][info][gc,marking  ] GC(58) Mark: 8 stripe(s), 2 proactive flush(es), 1 terminate flush(es), 0 completion(s), 0 continuation(s) 
[173.384s][info][gc,marking  ] GC(58) Mark Stack Usage: 32M
[173.384s][info][gc,nmethod  ] GC(58) NMethods: 12437 registered, 467 unregistered
[173.384s][info][gc,metaspace] GC(58) Metaspace: 123M used, 127M committed, 1152M reserved
[173.384s][info][gc,ref      ] GC(58) Soft: 5956 encountered, 0 discovered, 0 enqueued
[173.384s][info][gc,ref      ] GC(58) Weak: 15571 encountered, 5773 discovered, 735 enqueued
[173.384s][info][gc,ref      ] GC(58) Final: 234 encountered, 46 discovered, 0 enqueued
[173.384s][info][gc,ref      ] GC(58) Phantom: 749 encountered, 557 discovered, 0 enqueued
[173.384s][info][gc,reloc    ] GC(58) Small Pages: 5346 / 10692M, Empty: 10226M, Relocated: 15M, In-Place: 0
[173.384s][info][gc,reloc    ] GC(58) Medium Pages: 47 / 1504M, Empty: 32M, Relocated: 0M, In-Place: 0
[173.384s][info][gc,reloc    ] GC(58) Large Pages: 1 / 6M, Empty: 6M, Relocated: 0M, In-Place: 0
[173.384s][info][gc,reloc    ] GC(58) Forwarding Usage: 4M
[173.384s][info][gc,heap     ] GC(58) Min Capacity: 8M(0%)
[173.384s][info][gc,heap     ] GC(58) Max Capacity: 30718M(100%)
[173.384s][info][gc,heap     ] GC(58) Soft Max Capacity: 30718M(100%)
[173.384s][info][gc,heap     ] GC(58)                Mark Start          Mark End        Relocate Start      Relocate End           High               Low         
[173.384s][info][gc,heap     ] GC(58)  Capacity:    19664M (64%)       19664M (64%)       19664M (64%)       19664M (64%)       19664M (64%)       19664M (64%)    
[173.384s][info][gc,heap     ] GC(58)      Free:    18516M (60%)       15742M (51%)       24798M (81%)       24706M (80%)       25514M (83%)       15344M (50%)    
[173.384s][info][gc,heap     ] GC(58)      Used:    12202M (40%)       14976M (49%)        5920M (19%)        6012M (20%)       15374M (50%)        5204M (17%)    
[173.384s][info][gc,heap     ] GC(58)      Live:         -              1389M (5%)         1389M (5%)         1389M (5%)             -                  -          
[173.384s][info][gc,heap     ] GC(58) Allocated:         -              2774M (9%)         3982M (13%)        4452M (14%)            -                  -          
[173.384s][info][gc,heap     ] GC(58)   Garbage:         -             10812M (35%)         548M (2%)          170M (1%)             -                  -          
[173.384s][info][gc,heap     ] GC(58) Reclaimed:         -                  -             10264M (33%)       10642M (35%)            -                  -          
[173.384s][info][gc          ] GC(58) Garbage Collection (Allocation Rate) 12202M(40%)->6012M(20%)
[173.480s][info][gc,start    ] GC(59) Garbage Collection (Allocation Rate)
[173.480s][info][gc,task     ] GC(59) Using 12 workers
[173.481s][info][gc,phases   ] GC(59) Pause Mark Start 0.010ms
[173.576s][info][gc,phases   ] GC(59) Concurrent Mark 91.071ms
[173.577s][info][gc,phases   ] GC(59) Pause Mark End 0.032ms
[173.577s][info][gc,phases   ] GC(59) Concurrent Mark Free 0.001ms
[173.582s][info][gc,phases   ] GC(59) Concurrent Process Non-Strong References 4.385ms
[173.582s][info][gc,phases   ] GC(59) Concurrent Reset Relocation Set 0.029ms
[173.592s][info][gc,phases   ] GC(59) Concurrent Select Relocation Set 10.524ms
[173.593s][info][gc,phases   ] GC(59) Pause Relocate Start 0.008ms
[173.609s][info][gc,phases   ] GC(59) Concurrent Relocate 16.256ms
[173.609s][info][gc,load     ] GC(59) Load: 0.00/0.00/0.00
[173.609s][info][gc,mmu      ] GC(59) MMU: 2ms/96.1%, 5ms/98.4%, 10ms/99.2%, 20ms/99.6%, 50ms/99.8%, 100ms/99.9%
[173.609s][info][gc,marking  ] GC(59) Mark: 8 stripe(s), 3 proactive flush(es), 1 terminate flush(es), 0 completion(s), 0 continuation(s) 
[173.609s][info][gc,marking  ] GC(59) Mark Stack Usage: 32M
[173.609s][info][gc,nmethod  ] GC(59) NMethods: 12439 registered, 467 unregistered
[173.609s][info][gc,metaspace] GC(59) Metaspace: 123M used, 127M committed, 1152M reserved
[173.609s][info][gc,ref      ] GC(59) Soft: 5955 encountered, 0 discovered, 0 enqueued
[173.609s][info][gc,ref      ] GC(59) Weak: 14839 encountered, 5987 discovered, 10 enqueued
[173.609s][info][gc,ref      ] GC(59) Final: 234 encountered, 3 discovered, 0 enqueued
[173.609s][info][gc,ref      ] GC(59) Phantom: 749 encountered, 491 discovered, 0 enqueued
[173.609s][info][gc,reloc    ] GC(59) Small Pages: 2968 / 5936M, Empty: 5540M, Relocated: 10M, In-Place: 0
[173.609s][info][gc,reloc    ] GC(59) Medium Pages: 46 / 1472M, Empty: 0M, Relocated: 0M, In-Place: 0
[173.609s][info][gc,reloc    ] GC(59) Large Pages: 0 / 0M, Empty: 0M, Relocated: 0M, In-Place: 0
[173.609s][info][gc,reloc    ] GC(59) Forwarding Usage: 2M
[173.609s][info][gc,heap     ] GC(59) Min Capacity: 8M(0%)
[173.609s][info][gc,heap     ] GC(59) Max Capacity: 30718M(100%)
[173.609s][info][gc,heap     ] GC(59) Soft Max Capacity: 30718M(100%)
[173.609s][info][gc,heap     ] GC(59)                Mark Start          Mark End        Relocate Start      Relocate End           High               Low         
[173.609s][info][gc,heap     ] GC(59)  Capacity:    19664M (64%)       19664M (64%)       19664M (64%)       19664M (64%)       19664M (64%)       19664M (64%)    
[173.609s][info][gc,heap     ] GC(59)      Free:    23310M (76%)       22422M (73%)       27944M (91%)       28030M (91%)       28218M (92%)       22420M (73%)    
[173.609s][info][gc,heap     ] GC(59)      Used:     7408M (24%)        8296M (27%)        2774M (9%)         2688M (9%)         8298M (27%)        2500M (8%)     
[173.609s][info][gc,heap     ] GC(59)      Live:         -              1389M (5%)         1389M (5%)         1389M (5%)             -                  -          
[173.610s][info][gc,heap     ] GC(59) Allocated:         -               888M (3%)          906M (3%)         1122M (4%)             -                  -          
[173.610s][info][gc,heap     ] GC(59)   Garbage:         -              6018M (20%)         478M (2%)          175M (1%)             -                  -          
[173.610s][info][gc,heap     ] GC(59) Reclaimed:         -                  -              5540M (18%)        5842M (19%)            -                  -          
[173.610s][info][gc          ] GC(59) Garbage Collection (Allocation Rate) 7408M(24%)->2688M(9%)
[174.212s][info][gc,start    ] GC(60) Garbage Collection (System.gc())
[174.212s][info][gc,task     ] GC(60) Using 12 workers
[174.212s][info][gc,phases   ] GC(60) Pause Mark Start 0.016ms
[174.255s][info][gc,phases   ] GC(60) Concurrent Mark 42.253ms
[174.255s][info][gc,phases   ] GC(60) Pause Mark End 0.033ms
[174.255s][info][gc,phases   ] GC(60) Concurrent Mark Free 0.001ms
[174.259s][info][gc,phases   ] GC(60) Concurrent Process Non-Strong References 4.463ms
[174.259s][info][gc,phases   ] GC(60) Concurrent Reset Relocation Set 0.020ms
[174.263s][info][gc,phases   ] GC(60) Concurrent Select Relocation Set 3.661ms
[174.263s][info][gc,phases   ] GC(60) Pause Relocate Start 0.010ms
[174.266s][info][gc,phases   ] GC(60) Concurrent Relocate 2.421ms
[174.266s][info][gc,load     ] GC(60) Load: 0.00/0.00/0.00
[174.266s][info][gc,mmu      ] GC(60) MMU: 2ms/96.1%, 5ms/98.4%, 10ms/99.2%, 20ms/99.6%, 50ms/99.8%, 100ms/99.9%
[174.266s][info][gc,marking  ] GC(60) Mark: 8 stripe(s), 3 proactive flush(es), 1 terminate flush(es), 0 completion(s), 0 continuation(s) 
[174.266s][info][gc,marking  ] GC(60) Mark Stack Usage: 32M
[174.266s][info][gc,nmethod  ] GC(60) NMethods: 12458 registered, 487 unregistered
[174.266s][info][gc,metaspace] GC(60) Metaspace: 123M used, 127M committed, 1152M reserved
[174.266s][info][gc,ref      ] GC(60) Soft: 5908 encountered, 0 discovered, 0 enqueued
[174.266s][info][gc,ref      ] GC(60) Weak: 14872 encountered, 6176 discovered, 153 enqueued
[174.266s][info][gc,ref      ] GC(60) Final: 234 encountered, 3 discovered, 0 enqueued
[174.266s][info][gc,ref      ] GC(60) Phantom: 749 encountered, 562 discovered, 0 enqueued
[174.266s][info][gc,reloc    ] GC(60) Small Pages: 873 / 1746M, Empty: 1460M, Relocated: 4M, In-Place: 0
[174.266s][info][gc,reloc    ] GC(60) Medium Pages: 47 / 1504M, Empty: 32M, Relocated: 0M, In-Place: 0
[174.266s][info][gc,reloc    ] GC(60) Large Pages: 1 / 6M, Empty: 6M, Relocated: 0M, In-Place: 0
[174.266s][info][gc,reloc    ] GC(60) Forwarding Usage: 1M
[174.266s][info][gc,heap     ] GC(60) Min Capacity: 8M(0%)
[174.266s][info][gc,heap     ] GC(60) Max Capacity: 30718M(100%)
[174.266s][info][gc,heap     ] GC(60) Soft Max Capacity: 30718M(100%)
[174.266s][info][gc,heap     ] GC(60)                Mark Start          Mark End        Relocate Start      Relocate End           High               Low         
[174.266s][info][gc,heap     ] GC(60)  Capacity:    19664M (64%)       19664M (64%)       19664M (64%)       19664M (64%)       19664M (64%)       19664M (64%)    
[174.266s][info][gc,heap     ] GC(60)      Free:    27462M (89%)       27460M (89%)       28938M (94%)       29134M (95%)       29134M (95%)       27458M (89%)    
[174.266s][info][gc,heap     ] GC(60)      Used:     3256M (11%)        3258M (11%)        1780M (6%)         1584M (5%)         3260M (11%)        1584M (5%)     
[174.266s][info][gc,heap     ] GC(60)      Live:         -              1380M (4%)         1380M (4%)         1380M (4%)             -                  -          
[174.266s][info][gc,heap     ] GC(60) Allocated:         -                 2M (0%)           22M (0%)           21M (0%)             -                  -          
[174.267s][info][gc,heap     ] GC(60)   Garbage:         -              1875M (6%)          377M (1%)          181M (1%)             -                  -          
[174.267s][info][gc,heap     ] GC(60) Reclaimed:         -                  -              1498M (5%)         1693M (6%)             -                  -          
[174.267s][info][gc          ] GC(60) Garbage Collection (System.gc()) 3256M(11%)->1584M(5%)
[175.272s][info][gc,start    ] GC(61) Garbage Collection (Allocation Rate)
[175.272s][info][gc,task     ] GC(61) Using 12 workers
[175.273s][info][gc,phases   ] GC(61) Pause Mark Start 0.012ms
[175.475s][info][gc,phases   ] GC(61) Concurrent Mark 141.250ms
[175.475s][info][gc,phases   ] GC(61) Pause Mark End 0.048ms
[175.537s][info][gc,phases   ] GC(61) Concurrent Mark Free 0.001ms
[175.598s][info][gc,phases   ] GC(61) Concurrent Process Non-Strong References 60.890ms
[175.598s][info][gc,phases   ] GC(61) Concurrent Reset Relocation Set 0.011ms
[175.646s][info][gc,phases   ] GC(61) Concurrent Select Relocation Set 48.288ms
[175.647s][info][gc,phases   ] GC(61) Pause Relocate Start 0.010ms
[175.714s][info][gc,phases   ] GC(61) Concurrent Relocate 30.584ms
[175.715s][info][gc,load     ] GC(61) Load: 0.00/0.00/0.00
[175.715s][info][gc,mmu      ] GC(61) MMU: 2ms/96.1%, 5ms/98.4%, 10ms/99.2%, 20ms/99.6%, 50ms/99.8%, 100ms/99.9%
[175.715s][info][gc,marking  ] GC(61) Mark: 8 stripe(s), 2 proactive flush(es), 1 terminate flush(es), 0 completion(s), 0 continuation(s) 
[175.715s][info][gc,marking  ] GC(61) Mark Stack Usage: 32M
[175.715s][info][gc,nmethod  ] GC(61) NMethods: 12505 registered, 518 unregistered
[175.715s][info][gc,metaspace] GC(61) Metaspace: 123M used, 127M committed, 1152M reserved
[175.715s][info][gc,ref      ] GC(61) Soft: 5956 encountered, 0 discovered, 0 enqueued
[175.715s][info][gc,ref      ] GC(61) Weak: 15587 encountered, 5181 discovered, 734 enqueued
[175.715s][info][gc,ref      ] GC(61) Final: 234 encountered, 2 discovered, 0 enqueued
[175.715s][info][gc,ref      ] GC(61) Phantom: 749 encountered, 649 discovered, 0 enqueued
[175.715s][info][gc,reloc    ] GC(61) Small Pages: 6841 / 13682M, Empty: 13200M, Relocated: 15M, In-Place: 0
[175.715s][info][gc,reloc    ] GC(61) Medium Pages: 47 / 1504M, Empty: 32M, Relocated: 0M, In-Place: 0
[175.715s][info][gc,reloc    ] GC(61) Large Pages: 1 / 6M, Empty: 6M, Relocated: 0M, In-Place: 0
[175.715s][info][gc,reloc    ] GC(61) Forwarding Usage: 4M
[175.715s][info][gc,heap     ] GC(61) Min Capacity: 8M(0%)
[175.715s][info][gc,heap     ] GC(61) Max Capacity: 30718M(100%)
[175.715s][info][gc,heap     ] GC(61) Soft Max Capacity: 30718M(100%)
[175.715s][info][gc,heap     ] GC(61)                Mark Start          Mark End        Relocate Start      Relocate End           High               Low         
[175.715s][info][gc,heap     ] GC(61)  Capacity:    19664M (64%)       19664M (64%)       19664M (64%)       19664M (64%)       19664M (64%)       19664M (64%)    
[175.715s][info][gc,heap     ] GC(61)      Free:    15526M (51%)       14330M (47%)       26826M (87%)       26276M (86%)       27382M (89%)       14158M (46%)    
[175.715s][info][gc,heap     ] GC(61)      Used:    15192M (49%)       16388M (53%)        3892M (13%)        4442M (14%)       16560M (54%)        3336M (11%)    
[175.715s][info][gc,heap     ] GC(61)      Live:         -              1389M (5%)         1389M (5%)         1389M (5%)             -                  -          
[175.715s][info][gc,heap     ] GC(61) Allocated:         -              1196M (4%)         1938M (6%)         2882M (9%)             -                  -          
[175.715s][info][gc,heap     ] GC(61)   Garbage:         -             13802M (45%)         564M (2%)          170M (1%)             -                  -          
[175.715s][info][gc,heap     ] GC(61) Reclaimed:         -                  -             13238M (43%)       13632M (44%)            -                  -          
[175.716s][info][gc          ] GC(61) Garbage Collection (Allocation Rate) 15192M(49%)->4442M(14%)
[176.407s][info][gc,start    ] GC(62) Garbage Collection (System.gc())
[176.408s][info][gc,task     ] GC(62) Using 12 workers
[176.408s][info][gc,phases   ] GC(62) Pause Mark Start 0.016ms
[176.446s][info][gc,phases   ] GC(62) Concurrent Mark 38.627ms
[176.447s][info][gc,phases   ] GC(62) Pause Mark End 0.032ms
[176.447s][info][gc,phases   ] GC(62) Concurrent Mark Free 0.001ms
[176.451s][info][gc,phases   ] GC(62) Concurrent Process Non-Strong References 4.000ms
[176.451s][info][gc,phases   ] GC(62) Concurrent Reset Relocation Set 0.025ms
[176.455s][info][gc,phases   ] GC(62) Concurrent Select Relocation Set 3.827ms
[176.455s][info][gc,phases   ] GC(62) Pause Relocate Start 0.011ms
[176.457s][info][gc,phases   ] GC(62) Concurrent Relocate 2.200ms
[176.457s][info][gc,load     ] GC(62) Load: 0.00/0.00/0.00
[176.457s][info][gc,mmu      ] GC(62) MMU: 2ms/96.1%, 5ms/98.4%, 10ms/99.2%, 20ms/99.6%, 50ms/99.8%, 100ms/99.9%
[176.457s][info][gc,marking  ] GC(62) Mark: 8 stripe(s), 3 proactive flush(es), 1 terminate flush(es), 0 completion(s), 0 continuation(s) 
[176.457s][info][gc,marking  ] GC(62) Mark Stack Usage: 32M
[176.457s][info][gc,nmethod  ] GC(62) NMethods: 12581 registered, 533 unregistered
[176.457s][info][gc,metaspace] GC(62) Metaspace: 123M used, 127M committed, 1152M reserved
[176.457s][info][gc,ref      ] GC(62) Soft: 5908 encountered, 0 discovered, 0 enqueued
[176.457s][info][gc,ref      ] GC(62) Weak: 14884 encountered, 6735 discovered, 153 enqueued
[176.457s][info][gc,ref      ] GC(62) Final: 234 encountered, 4 discovered, 0 enqueued
[176.457s][info][gc,ref      ] GC(62) Phantom: 749 encountered, 577 discovered, 0 enqueued
[176.457s][info][gc,reloc    ] GC(62) Small Pages: 2275 / 4550M, Empty: 4184M, Relocated: 5M, In-Place: 0
[176.457s][info][gc,reloc    ] GC(62) Medium Pages: 47 / 1504M, Empty: 32M, Relocated: 0M, In-Place: 0
[176.457s][info][gc,reloc    ] GC(62) Large Pages: 1 / 6M, Empty: 6M, Relocated: 0M, In-Place: 0
[176.457s][info][gc,reloc    ] GC(62) Forwarding Usage: 1M
[176.457s][info][gc,heap     ] GC(62) Min Capacity: 8M(0%)
[176.457s][info][gc,heap     ] GC(62) Max Capacity: 30718M(100%)
[176.457s][info][gc,heap     ] GC(62) Soft Max Capacity: 30718M(100%)
[176.457s][info][gc,heap     ] GC(62)                Mark Start          Mark End        Relocate Start      Relocate End           High               Low         
[176.458s][info][gc,heap     ] GC(62)  Capacity:    19664M (64%)       19664M (64%)       19664M (64%)       19664M (64%)       19664M (64%)       19664M (64%)    
[176.458s][info][gc,heap     ] GC(62)      Free:    24658M (80%)       24656M (80%)       28846M (94%)       29122M (95%)       29122M (95%)       24652M (80%)    
[176.458s][info][gc,heap     ] GC(62)      Used:     6060M (20%)        6062M (20%)        1872M (6%)         1596M (5%)         6066M (20%)        1596M (5%)     
[176.458s][info][gc,heap     ] GC(62)      Live:         -              1380M (4%)         1380M (4%)         1380M (4%)             -                  -          
[176.458s][info][gc,heap     ] GC(62) Allocated:         -                 2M (0%)           34M (0%)           33M (0%)             -                  -          
[176.458s][info][gc,heap     ] GC(62)   Garbage:         -              4679M (15%)         457M (1%)          181M (1%)             -                  -          
[176.458s][info][gc,heap     ] GC(62) Reclaimed:         -                  -              4222M (14%)        4497M (15%)            -                  -          
[176.458s][info][gc          ] GC(62) Garbage Collection (System.gc()) 6060M(20%)->1596M(5%)
[177.268s][info][gc,start    ] GC(63) Garbage Collection (Allocation Rate)
[177.268s][info][gc,task     ] GC(63) Using 12 workers
[177.269s][info][gc,phases   ] GC(63) Pause Mark Start 0.011ms
[177.518s][info][gc,phases   ] GC(63) Concurrent Mark 219.035ms
[177.518s][info][gc,phases   ] GC(63) Pause Mark End 0.041ms
[177.519s][info][gc,phases   ] GC(63) Concurrent Mark Free 0.000ms
[177.564s][info][gc,phases   ] GC(63) Concurrent Process Non-Strong References 45.188ms
[177.564s][info][gc,phases   ] GC(63) Concurrent Reset Relocation Set 0.020ms
[177.601s][info][gc,phases   ] GC(63) Concurrent Select Relocation Set 36.277ms
[177.602s][info][gc,phases   ] GC(63) Pause Relocate Start 0.010ms
[177.634s][info][gc,phases   ] GC(63) Concurrent Relocate 29.231ms
[177.635s][info][gc,load     ] GC(63) Load: 0.00/0.00/0.00
[177.635s][info][gc,mmu      ] GC(63) MMU: 2ms/96.1%, 5ms/98.4%, 10ms/99.2%, 20ms/99.6%, 50ms/99.8%, 100ms/99.9%
[177.635s][info][gc,marking  ] GC(63) Mark: 8 stripe(s), 2 proactive flush(es), 1 terminate flush(es), 0 completion(s), 0 continuation(s) 
[177.635s][info][gc,marking  ] GC(63) Mark Stack Usage: 32M
[177.635s][info][gc,nmethod  ] GC(63) NMethods: 12605 registered, 559 unregistered
[177.635s][info][gc,metaspace] GC(63) Metaspace: 123M used, 127M committed, 1152M reserved
[177.635s][info][gc,ref      ] GC(63) Soft: 5956 encountered, 0 discovered, 0 enqueued
[177.635s][info][gc,ref      ] GC(63) Weak: 15599 encountered, 7587 discovered, 733 enqueued
[177.635s][info][gc,ref      ] GC(63) Final: 234 encountered, 230 discovered, 0 enqueued
[177.635s][info][gc,ref      ] GC(63) Phantom: 749 encountered, 701 discovered, 0 enqueued
[177.635s][info][gc,reloc    ] GC(63) Small Pages: 5430 / 10860M, Empty: 10356M, Relocated: 12M, In-Place: 0
[177.635s][info][gc,reloc    ] GC(63) Medium Pages: 47 / 1504M, Empty: 32M, Relocated: 0M, In-Place: 0
[177.635s][info][gc,reloc    ] GC(63) Large Pages: 1 / 6M, Empty: 6M, Relocated: 0M, In-Place: 0
[177.635s][info][gc,reloc    ] GC(63) Forwarding Usage: 2M
[177.635s][info][gc,heap     ] GC(63) Min Capacity: 8M(0%)
[177.635s][info][gc,heap     ] GC(63) Max Capacity: 30718M(100%)
[177.635s][info][gc,heap     ] GC(63) Soft Max Capacity: 30718M(100%)
[177.635s][info][gc,heap     ] GC(63)                Mark Start          Mark End        Relocate Start      Relocate End           High               Low         
[177.635s][info][gc,heap     ] GC(63)  Capacity:    19664M (64%)       19664M (64%)       19664M (64%)       19664M (64%)       19664M (64%)       19664M (64%)    
[177.635s][info][gc,heap     ] GC(63)      Free:    18348M (60%)       17426M (57%)       27216M (89%)       27176M (88%)       27666M (90%)       17304M (56%)    
[177.635s][info][gc,heap     ] GC(63)      Used:    12370M (40%)       13292M (43%)        3502M (11%)        3542M (12%)       13414M (44%)        3052M (10%)    
[177.635s][info][gc,heap     ] GC(63)      Live:         -              1389M (5%)         1389M (5%)         1389M (5%)             -                  -          
[177.635s][info][gc,heap     ] GC(63) Allocated:         -               922M (3%)         1526M (5%)         1976M (6%)             -                  -          
[177.635s][info][gc,heap     ] GC(63)   Garbage:         -             10980M (36%)         586M (2%)          176M (1%)             -                  -          
[177.635s][info][gc,heap     ] GC(63) Reclaimed:         -                  -             10394M (34%)       10804M (35%)            -                  -          
[177.635s][info][gc          ] GC(63) Garbage Collection (Allocation Rate) 12370M(40%)->3542M(12%)
[178.272s][info][gc,start    ] GC(64) Garbage Collection (Allocation Rate)
[178.272s][info][gc,task     ] GC(64) Using 7 workers
[178.272s][info][gc,phases   ] GC(64) Pause Mark Start 0.018ms
[178.324s][info][gc,phases   ] GC(64) Concurrent Mark 52.088ms
[178.325s][info][gc,phases   ] GC(64) Pause Mark End 0.037ms
[178.325s][info][gc,phases   ] GC(64) Concurrent Mark Free 0.001ms
[178.332s][info][gc,phases   ] GC(64) Concurrent Process Non-Strong References 7.362ms
[178.332s][info][gc,phases   ] GC(64) Concurrent Reset Relocation Set 0.034ms
[178.337s][info][gc,phases   ] GC(64) Concurrent Select Relocation Set 4.976ms
[178.338s][info][gc,phases   ] GC(64) Pause Relocate Start 0.011ms
[178.341s][info][gc,phases   ] GC(64) Concurrent Relocate 3.250ms
[178.341s][info][gc,load     ] GC(64) Load: 0.00/0.00/0.00
[178.341s][info][gc,mmu      ] GC(64) MMU: 2ms/96.1%, 5ms/98.4%, 10ms/99.2%, 20ms/99.6%, 50ms/99.8%, 100ms/99.9%
[178.341s][info][gc,marking  ] GC(64) Mark: 4 stripe(s), 2 proactive flush(es), 1 terminate flush(es), 0 completion(s), 0 continuation(s) 
[178.341s][info][gc,marking  ] GC(64) Mark Stack Usage: 32M
[178.341s][info][gc,nmethod  ] GC(64) NMethods: 12609 registered, 575 unregistered
[178.341s][info][gc,metaspace] GC(64) Metaspace: 123M used, 127M committed, 1152M reserved
[178.341s][info][gc,ref      ] GC(64) Soft: 5909 encountered, 0 discovered, 0 enqueued
[178.341s][info][gc,ref      ] GC(64) Weak: 14894 encountered, 6105 discovered, 106 enqueued
[178.341s][info][gc,ref      ] GC(64) Final: 234 encountered, 0 discovered, 0 enqueued
[178.341s][info][gc,ref      ] GC(64) Phantom: 749 encountered, 659 discovered, 0 enqueued
[178.341s][info][gc,reloc    ] GC(64) Small Pages: 3681 / 7362M, Empty: 7066M, Relocated: 6M, In-Place: 0
[178.341s][info][gc,reloc    ] GC(64) Medium Pages: 47 / 1504M, Empty: 32M, Relocated: 0M, In-Place: 0
[178.341s][info][gc,reloc    ] GC(64) Large Pages: 1 / 6M, Empty: 6M, Relocated: 0M, In-Place: 0
[178.341s][info][gc,reloc    ] GC(64) Forwarding Usage: 2M
[178.341s][info][gc,heap     ] GC(64) Min Capacity: 8M(0%)
[178.341s][info][gc,heap     ] GC(64) Max Capacity: 30718M(100%)
[178.342s][info][gc,heap     ] GC(64) Soft Max Capacity: 30718M(100%)
[178.342s][info][gc,heap     ] GC(64)                Mark Start          Mark End        Relocate Start      Relocate End           High               Low         
[178.342s][info][gc,heap     ] GC(64)  Capacity:    19664M (64%)       19664M (64%)       19664M (64%)       19664M (64%)       19664M (64%)       19664M (64%)    
[178.342s][info][gc,heap     ] GC(64)      Free:    21846M (71%)       21842M (71%)       28926M (94%)       29144M (95%)       29144M (95%)       21840M (71%)    
[178.342s][info][gc,heap     ] GC(64)      Used:     8872M (29%)        8876M (29%)        1792M (6%)         1574M (5%)         8878M (29%)        1574M (5%)     
[178.342s][info][gc,heap     ] GC(64)      Live:         -              1381M (4%)         1381M (4%)         1381M (4%)             -                  -          
[178.342s][info][gc,heap     ] GC(64) Allocated:         -                 4M (0%)           24M (0%)           23M (0%)             -                  -          
[178.342s][info][gc,heap     ] GC(64)   Garbage:         -              7490M (24%)         386M (1%)          168M (1%)             -                  -          
[178.342s][info][gc,heap     ] GC(64) Reclaimed:         -                  -              7104M (23%)        7321M (24%)            -                  -          
[178.342s][info][gc          ] GC(64) Garbage Collection (Allocation Rate) 8872M(29%)->1574M(5%)
[178.563s][info][gc,start    ] GC(65) Garbage Collection (System.gc())
[178.563s][info][gc,task     ] GC(65) Using 12 workers
[178.563s][info][gc,phases   ] GC(65) Pause Mark Start 0.014ms
[178.606s][info][gc,phases   ] GC(65) Concurrent Mark 41.996ms
[178.606s][info][gc,phases   ] GC(65) Pause Mark End 0.032ms
[178.606s][info][gc,phases   ] GC(65) Concurrent Mark Free 0.001ms
[178.611s][info][gc,phases   ] GC(65) Concurrent Process Non-Strong References 4.705ms
[178.611s][info][gc,phases   ] GC(65) Concurrent Reset Relocation Set 0.011ms
[178.615s][info][gc,phases   ] GC(65) Concurrent Select Relocation Set 3.801ms
[178.615s][info][gc,phases   ] GC(65) Pause Relocate Start 0.011ms
[178.618s][info][gc,phases   ] GC(65) Concurrent Relocate 2.975ms
[178.618s][info][gc,load     ] GC(65) Load: 0.00/0.00/0.00
[178.618s][info][gc,mmu      ] GC(65) MMU: 2ms/96.1%, 5ms/98.4%, 10ms/99.2%, 20ms/99.6%, 50ms/99.8%, 100ms/99.9%
[178.618s][info][gc,marking  ] GC(65) Mark: 8 stripe(s), 3 proactive flush(es), 1 terminate flush(es), 0 completion(s), 0 continuation(s) 
[178.618s][info][gc,marking  ] GC(65) Mark Stack Usage: 32M
[178.618s][info][gc,nmethod  ] GC(65) NMethods: 12613 registered, 577 unregistered
[178.618s][info][gc,metaspace] GC(65) Metaspace: 123M used, 127M committed, 1152M reserved
[178.618s][info][gc,ref      ] GC(65) Soft: 5908 encountered, 0 discovered, 0 enqueued
[178.618s][info][gc,ref      ] GC(65) Weak: 14800 encountered, 6126 discovered, 62 enqueued
[178.618s][info][gc,ref      ] GC(65) Final: 234 encountered, 3 discovered, 0 enqueued
[178.618s][info][gc,ref      ] GC(65) Phantom: 749 encountered, 519 discovered, 0 enqueued
[178.618s][info][gc,reloc    ] GC(65) Small Pages: 56 / 112M, Empty: 4M, Relocated: 5M, In-Place: 0
[178.618s][info][gc,reloc    ] GC(65) Medium Pages: 46 / 1472M, Empty: 0M, Relocated: 0M, In-Place: 0
[178.618s][info][gc,reloc    ] GC(65) Large Pages: 0 / 0M, Empty: 0M, Relocated: 0M, In-Place: 0
[178.618s][info][gc,reloc    ] GC(65) Forwarding Usage: 1M
[178.618s][info][gc,heap     ] GC(65) Min Capacity: 8M(0%)
[178.618s][info][gc,heap     ] GC(65) Max Capacity: 30718M(100%)
[178.618s][info][gc,heap     ] GC(65) Soft Max Capacity: 30718M(100%)
[178.618s][info][gc,heap     ] GC(65)                Mark Start          Mark End        Relocate Start      Relocate End           High               Low         
[178.618s][info][gc,heap     ] GC(65)  Capacity:    19664M (64%)       19664M (64%)       19664M (64%)       19664M (64%)       19664M (64%)       19664M (64%)    
[178.618s][info][gc,heap     ] GC(65)      Free:    29134M (95%)       29130M (95%)       29116M (95%)       29134M (95%)       29134M (95%)       29100M (95%)    
[178.618s][info][gc,heap     ] GC(65)      Used:     1584M (5%)         1588M (5%)         1602M (5%)         1584M (5%)         1618M (5%)         1584M (5%)     
[178.619s][info][gc,heap     ] GC(65)      Live:         -              1381M (4%)         1381M (4%)         1381M (4%)             -                  -          
[178.619s][info][gc,heap     ] GC(65) Allocated:         -                 4M (0%)           22M (0%)           22M (0%)             -                  -          
[178.619s][info][gc,heap     ] GC(65)   Garbage:         -               202M (1%)          198M (1%)          180M (1%)             -                  -          
[178.619s][info][gc,heap     ] GC(65) Reclaimed:         -                  -                 4M (0%)           22M (0%)             -                  -          
[178.619s][info][gc          ] GC(65) Garbage Collection (System.gc()) 1584M(5%)->1584M(5%)
[179.676s][info][gc,start    ] GC(66) Garbage Collection (Allocation Rate)
[179.677s][info][gc,task     ] GC(66) Using 12 workers
[179.678s][info][gc,phases   ] GC(66) Pause Mark Start 0.012ms
[179.810s][info][gc,phases   ] GC(66) Concurrent Mark 130.673ms
[179.810s][info][gc,phases   ] GC(66) Pause Mark End 0.067ms
[179.813s][info][gc,phases   ] GC(66) Concurrent Mark Free 0.001ms
[179.831s][info][gc,phases   ] GC(66) Concurrent Process Non-Strong References 18.298ms
[179.831s][info][gc,phases   ] GC(66) Concurrent Reset Relocation Set 0.016ms
[179.881s][info][gc,phases   ] GC(66) Concurrent Select Relocation Set 49.737ms
[179.882s][info][gc,phases   ] GC(66) Pause Relocate Start 0.008ms
[179.905s][info][gc,phases   ] GC(66) Concurrent Relocate 22.929ms
[179.905s][info][gc,load     ] GC(66) Load: 0.00/0.00/0.00
[179.905s][info][gc,mmu      ] GC(66) MMU: 2ms/96.1%, 5ms/98.4%, 10ms/99.2%, 20ms/99.6%, 50ms/99.8%, 100ms/99.9%
[179.906s][info][gc,marking  ] GC(66) Mark: 8 stripe(s), 2 proactive flush(es), 1 terminate flush(es), 1 completion(s), 0 continuation(s) 
[179.906s][info][gc,marking  ] GC(66) Mark Stack Usage: 32M
[179.906s][info][gc,nmethod  ] GC(66) NMethods: 12674 registered, 593 unregistered
[179.906s][info][gc,metaspace] GC(66) Metaspace: 123M used, 128M committed, 1152M reserved
[179.906s][info][gc,ref      ] GC(66) Soft: 5956 encountered, 0 discovered, 0 enqueued
[179.906s][info][gc,ref      ] GC(66) Weak: 15614 encountered, 6007 discovered, 724 enqueued
[179.906s][info][gc,ref      ] GC(66) Final: 234 encountered, 3 discovered, 0 enqueued
[179.906s][info][gc,ref      ] GC(66) Phantom: 749 encountered, 500 discovered, 0 enqueued
[179.906s][info][gc,reloc    ] GC(66) Small Pages: 7170 / 14340M, Empty: 13852M, Relocated: 12M, In-Place: 0
[179.906s][info][gc,reloc    ] GC(66) Medium Pages: 47 / 1504M, Empty: 32M, Relocated: 0M, In-Place: 0
[179.906s][info][gc,reloc    ] GC(66) Large Pages: 1 / 6M, Empty: 6M, Relocated: 0M, In-Place: 0
[179.906s][info][gc,reloc    ] GC(66) Forwarding Usage: 2M
[179.906s][info][gc,heap     ] GC(66) Min Capacity: 8M(0%)
[179.906s][info][gc,heap     ] GC(66) Max Capacity: 30718M(100%)
[179.906s][info][gc,heap     ] GC(66) Soft Max Capacity: 30718M(100%)
[179.906s][info][gc,heap     ] GC(66)                Mark Start          Mark End        Relocate Start      Relocate End           High               Low         
[179.906s][info][gc,heap     ] GC(66)  Capacity:    19664M (64%)       19664M (64%)       19664M (64%)       19664M (64%)       19664M (64%)       19664M (64%)    
[179.906s][info][gc,heap     ] GC(66)      Free:    14868M (48%)       13276M (43%)       26380M (86%)       26462M (86%)       26900M (88%)       13156M (43%)    
[179.906s][info][gc,heap     ] GC(66)      Used:    15850M (52%)       17442M (57%)        4338M (14%)        4256M (14%)       17562M (57%)        3818M (12%)    
[179.906s][info][gc,heap     ] GC(66)      Live:         -              1389M (5%)         1389M (5%)         1389M (5%)             -                  -          
[179.906s][info][gc,heap     ] GC(66) Allocated:         -              1592M (5%)         2378M (8%)         2690M (9%)             -                  -          
[179.906s][info][gc,heap     ] GC(66)   Garbage:         -             14460M (47%)         570M (2%)          175M (1%)             -                  -          
[179.906s][info][gc,heap     ] GC(66) Reclaimed:         -                  -             13890M (45%)       14284M (47%)            -                  -          
[179.906s][info][gc          ] GC(66) Garbage Collection (Allocation Rate) 15850M(52%)->4256M(14%)
[180.171s][info][gc,stats    ] === Garbage Collection Statistics =======================================================================================================================
[180.171s][info][gc,stats    ]                                                              Last 10s              Last 10m              Last 10h                Total
[180.171s][info][gc,stats    ]                                                              Avg / Max             Avg / Max             Avg / Max             Avg / Max
[180.171s][info][gc,stats    ]   Collector: Garbage Collection Cycle                    235.960 / 507.024     368.979 / 1749.322    368.979 / 1749.322    368.979 / 1749.322    ms
[180.171s][info][gc,stats    ]  Contention: Mark Segment Reset Contention                    10 / 24                2 / 65                2 / 65                2 / 65          ops/s
[180.171s][info][gc,stats    ]  Contention: Mark SeqNum Reset Contention                      1 / 3                 0 / 5                 0 / 5                 0 / 5           ops/s
[180.171s][info][gc,stats    ]    Critical: Allocation Stall                                  0 / 0                 0 / 0                 0 / 0                 0 / 0           ops/s
[180.171s][info][gc,stats    ]    Critical: Allocation Stall                              0.000 / 0.000         0.000 / 0.000         0.000 / 0.000         0.000 / 0.000       ms
[180.172s][info][gc,stats    ]    Critical: GC Locker Stall                                   0 / 1                 0 / 1                 0 / 1                 0 / 1           ops/s
[180.172s][info][gc,stats    ]    Critical: GC Locker Stall                               0.001 / 0.001         0.001 / 0.001         0.001 / 0.001         0.001 / 0.001       ms
[180.172s][info][gc,stats    ]    Critical: Relocation Stall                                  0 / 0                 0 / 0                 0 / 0                 0 / 0           ops/s
[180.172s][info][gc,stats    ]    Critical: Relocation Stall                              0.000 / 0.000         0.000 / 0.000         0.000 / 0.000         0.000 / 0.000       ms
[180.172s][info][gc,stats    ]      Memory: Allocation Rate                                8367 / 13392          2263 / 13392          2263 / 13392          2263 / 13392       MB/s
[180.172s][info][gc,stats    ]      Memory: Defragment                                        0 / 0                15 / 560              15 / 560              15 / 560         ops/s
[180.172s][info][gc,stats    ]      Memory: Out Of Memory                                     0 / 0                 0 / 0                 0 / 0                 0 / 0           ops/s
[180.172s][info][gc,stats    ]      Memory: Page Cache Flush                                  0 / 0                30 / 1122             30 / 1122             30 / 1122        MB/s
[180.172s][info][gc,stats    ]      Memory: Page Cache Hit L1                              4183 / 6679           1046 / 6679           1046 / 6679           1046 / 6679        ops/s
[180.172s][info][gc,stats    ]      Memory: Page Cache Hit L2                                 0 / 0                 0 / 0                 0 / 0                 0 / 0           ops/s
[180.172s][info][gc,stats    ]      Memory: Page Cache Hit L3                                 0 / 0                19 / 503              19 / 503              19 / 503         ops/s
[180.172s][info][gc,stats    ]      Memory: Page Cache Miss                                   0 / 0                30 / 735              30 / 735              30 / 735         ops/s
[180.172s][info][gc,stats    ]      Memory: Uncommit                                          0 / 0                 0 / 0                 0 / 0                 0 / 0           MB/s
[180.172s][info][gc,stats    ]      Memory: Undo Object Allocation Failed                     0 / 1                 0 / 2                 0 / 2                 0 / 2           ops/s
[180.172s][info][gc,stats    ]      Memory: Undo Object Allocation Succeeded                  6 / 22                2 / 75                2 / 75                2 / 75          ops/s
[180.172s][info][gc,stats    ]      Memory: Undo Page Allocation                              3 / 8                 5 / 146               5 / 146               5 / 146         ops/s
[180.172s][info][gc,stats    ]       Phase: Concurrent Mark                             118.983 / 249.860     173.262 / 552.339     173.262 / 552.339     173.262 / 552.339     ms
[180.172s][info][gc,stats    ]       Phase: Concurrent Mark Continue                      0.000 / 0.000         0.000 / 0.000         0.000 / 0.000         0.000 / 0.000       ms
[180.172s][info][gc,stats    ]       Phase: Concurrent Mark Free                          0.001 / 0.002         0.001 / 0.002         0.001 / 0.002         0.001 / 0.002       ms
[180.172s][info][gc,stats    ]       Phase: Concurrent Process Non-Strong References     24.625 / 60.890       37.893 / 800.745      37.893 / 800.745      37.893 / 800.745     ms
[180.172s][info][gc,stats    ]       Phase: Concurrent Relocate                          16.455 / 30.584       54.853 / 678.239      54.853 / 678.239      54.853 / 678.239     ms
[180.172s][info][gc,stats    ]       Phase: Concurrent Reset Relocation Set               0.049 / 0.288         0.029 / 0.288         0.029 / 0.288         0.029 / 0.288       ms
[180.172s][info][gc,stats    ]       Phase: Concurrent Select Relocation Set             26.564 / 63.101       47.372 / 228.112      47.372 / 228.112      47.372 / 228.112     ms
[180.172s][info][gc,stats    ]       Phase: Pause Mark End                                0.045 / 0.079         0.035 / 0.079         0.035 / 0.079         0.035 / 0.079       ms
[180.172s][info][gc,stats    ]       Phase: Pause Mark Start                              0.013 / 0.018         0.013 / 0.018         0.013 / 0.018         0.013 / 0.018       ms
[180.172s][info][gc,stats    ]       Phase: Pause Relocate Start                          0.011 / 0.018         0.009 / 0.018         0.009 / 0.018         0.009 / 0.018       ms
[180.172s][info][gc,stats    ]    Subphase: Concurrent Classes Purge                      0.163 / 0.759        11.262 / 691.327      11.262 / 691.327      11.262 / 691.327     ms
[180.172s][info][gc,stats    ]    Subphase: Concurrent Classes Unlink                    19.470 / 53.257       13.934 / 61.446       13.934 / 61.446       13.934 / 61.446      ms
[180.173s][info][gc,stats    ]    Subphase: Concurrent Mark                              69.536 / 126.143     100.298 / 481.134     100.298 / 481.134     100.298 / 481.134     ms
[180.173s][info][gc,stats    ]    Subphase: Concurrent Mark Try Flush                     6.211 / 32.060       15.215 / 205.136      15.215 / 205.136      15.215 / 205.136     ms
[180.173s][info][gc,stats    ]    Subphase: Concurrent Mark Try Terminate                10.963 / 31.188       10.111 / 124.983      10.111 / 124.983      10.111 / 124.983     ms
[180.173s][info][gc,stats    ]    Subphase: Concurrent References Enqueue                 0.008 / 0.026         0.005 / 0.037         0.005 / 0.037         0.005 / 0.037       ms
[180.173s][info][gc,stats    ]    Subphase: Concurrent References Process                 0.319 / 0.509         0.347 / 0.974         0.347 / 0.974         0.347 / 0.974       ms
[180.173s][info][gc,stats    ]    Subphase: Concurrent Roots ClassLoaderDataGraph         0.418 / 2.752         0.274 / 3.429         0.274 / 3.429         0.274 / 3.429       ms
[180.173s][info][gc,stats    ]    Subphase: Concurrent Roots CodeCache                    0.000 / 0.000         0.000 / 0.000         0.000 / 0.000         0.000 / 0.000       ms
[180.173s][info][gc,stats    ]    Subphase: Concurrent Roots JavaThreads                 49.093 / 159.770      70.612 / 313.942      70.612 / 313.942      70.612 / 313.942     ms
[180.173s][info][gc,stats    ]    Subphase: Concurrent Roots OopStorageSet                0.126 / 0.652         0.207 / 3.425         0.207 / 3.425         0.207 / 3.425       ms
[180.173s][info][gc,stats    ]    Subphase: Concurrent Weak Roots OopStorageSet           0.381 / 0.587         0.377 / 0.679         0.377 / 0.679         0.377 / 0.679       ms
[180.173s][info][gc,stats    ]    Subphase: Pause Mark Try Complete                       0.001 / 0.005         0.001 / 0.005         0.001 / 0.005         0.001 / 0.005       ms
[180.173s][info][gc,stats    ]      System: Java Threads                                    359 / 372             245 / 372             245 / 372             245 / 372         threads
[180.173s][info][gc,stats    ] =========================================================================================================================================================
[181.707s][info][gc,start    ] GC(67) Garbage Collection (System.gc())
[181.707s][info][gc,task     ] GC(67) Using 12 workers
[181.707s][info][gc,phases   ] GC(67) Pause Mark Start 0.016ms
[181.749s][info][gc,phases   ] GC(67) Concurrent Mark 41.756ms
[181.749s][info][gc,phases   ] GC(67) Pause Mark End 0.032ms
[181.749s][info][gc,phases   ] GC(67) Concurrent Mark Free 0.001ms
[181.754s][info][gc,phases   ] GC(67) Concurrent Process Non-Strong References 4.535ms
[181.754s][info][gc,phases   ] GC(67) Concurrent Reset Relocation Set 0.029ms
[181.758s][info][gc,phases   ] GC(67) Concurrent Select Relocation Set 4.511ms
[181.758s][info][gc,phases   ] GC(67) Pause Relocate Start 0.009ms
[181.762s][info][gc,phases   ] GC(67) Concurrent Relocate 3.022ms
[181.762s][info][gc,load     ] GC(67) Load: 0.00/0.00/0.00
[181.762s][info][gc,mmu      ] GC(67) MMU: 2ms/96.1%, 5ms/98.4%, 10ms/99.2%, 20ms/99.6%, 50ms/99.8%, 100ms/99.9%
[181.762s][info][gc,marking  ] GC(67) Mark: 8 stripe(s), 2 proactive flush(es), 1 terminate flush(es), 0 completion(s), 0 continuation(s) 
[181.762s][info][gc,marking  ] GC(67) Mark Stack Usage: 32M
[181.762s][info][gc,nmethod  ] GC(67) NMethods: 12684 registered, 607 unregistered
[181.762s][info][gc,metaspace] GC(67) Metaspace: 123M used, 128M committed, 1152M reserved
[181.762s][info][gc,ref      ] GC(67) Soft: 5908 encountered, 0 discovered, 0 enqueued
[181.762s][info][gc,ref      ] GC(67) Weak: 14904 encountered, 6267 discovered, 151 enqueued
[181.762s][info][gc,ref      ] GC(67) Final: 234 encountered, 3 discovered, 0 enqueued
[181.762s][info][gc,ref      ] GC(67) Phantom: 749 encountered, 671 discovered, 0 enqueued
[181.762s][info][gc,reloc    ] GC(67) Small Pages: 1943 / 3886M, Empty: 3566M, Relocated: 5M, In-Place: 0
[181.762s][info][gc,reloc    ] GC(67) Medium Pages: 47 / 1504M, Empty: 32M, Relocated: 0M, In-Place: 0
[181.762s][info][gc,reloc    ] GC(67) Large Pages: 1 / 6M, Empty: 6M, Relocated: 0M, In-Place: 0
[181.762s][info][gc,reloc    ] GC(67) Forwarding Usage: 1M
[181.762s][info][gc,heap     ] GC(67) Min Capacity: 8M(0%)
[181.762s][info][gc,heap     ] GC(67) Max Capacity: 30718M(100%)
[181.762s][info][gc,heap     ] GC(67) Soft Max Capacity: 30718M(100%)
[181.762s][info][gc,heap     ] GC(67)                Mark Start          Mark End        Relocate Start      Relocate End           High               Low         
[181.762s][info][gc,heap     ] GC(67)  Capacity:    19664M (64%)       19664M (64%)       19664M (64%)       19664M (64%)       19664M (64%)       19664M (64%)    
[181.762s][info][gc,heap     ] GC(67)      Free:    25322M (82%)       25320M (82%)       28900M (94%)       29130M (95%)       29130M (95%)       25318M (82%)    
[181.762s][info][gc,heap     ] GC(67)      Used:     5396M (18%)        5398M (18%)        1818M (6%)         1588M (5%)         5400M (18%)        1588M (5%)     
[181.762s][info][gc,heap     ] GC(67)      Live:         -              1381M (4%)         1381M (4%)         1381M (4%)             -                  -          
[181.762s][info][gc,heap     ] GC(67) Allocated:         -                 2M (0%)           26M (0%)           26M (0%)             -                  -          
[181.762s][info][gc,heap     ] GC(67)   Garbage:         -              4014M (13%)         410M (1%)          180M (1%)             -                  -          
[181.762s][info][gc,heap     ] GC(67) Reclaimed:         -                  -              3604M (12%)        3834M (12%)            -                  -          
[181.762s][info][gc          ] GC(67) Garbage Collection (System.gc()) 5396M(18%)->1588M(5%)
[182.575s][info][gc,start    ] GC(68) Garbage Collection (Allocation Rate)
[182.576s][info][gc,task     ] GC(68) Using 12 workers
[182.577s][info][gc,phases   ] GC(68) Pause Mark Start 0.010ms
[182.794s][info][gc,phases   ] GC(68) Concurrent Mark 156.337ms
[182.795s][info][gc,phases   ] GC(68) Pause Mark End 0.087ms
[182.841s][info][gc,phases   ] GC(68) Concurrent Mark Free 0.015ms
[182.872s][info][gc,phases   ] GC(68) Concurrent Process Non-Strong References 30.873ms
[182.872s][info][gc,phases   ] GC(68) Concurrent Reset Relocation Set 0.013ms
[182.926s][info][gc,phases   ] GC(68) Concurrent Select Relocation Set 54.186ms
[182.927s][info][gc,phases   ] GC(68) Pause Relocate Start 0.009ms
[183.004s][info][gc,phases   ] GC(68) Concurrent Relocate 31.810ms
[183.005s][info][gc,load     ] GC(68) Load: 0.00/0.00/0.00
[183.005s][info][gc,mmu      ] GC(68) MMU: 2ms/95.6%, 5ms/98.3%, 10ms/99.1%, 20ms/99.6%, 50ms/99.8%, 100ms/99.9%
[183.005s][info][gc,marking  ] GC(68) Mark: 8 stripe(s), 2 proactive flush(es), 1 terminate flush(es), 1 completion(s), 0 continuation(s) 
[183.005s][info][gc,marking  ] GC(68) Mark Stack Usage: 32M
[183.005s][info][gc,nmethod  ] GC(68) NMethods: 12786 registered, 629 unregistered
[183.005s][info][gc,metaspace] GC(68) Metaspace: 124M used, 128M committed, 1152M reserved
[183.005s][info][gc,ref      ] GC(68) Soft: 5956 encountered, 0 discovered, 0 enqueued
[183.005s][info][gc,ref      ] GC(68) Weak: 15616 encountered, 6029 discovered, 731 enqueued
[183.005s][info][gc,ref      ] GC(68) Final: 234 encountered, 31 discovered, 0 enqueued
[183.005s][info][gc,ref      ] GC(68) Phantom: 749 encountered, 408 discovered, 0 enqueued
[183.005s][info][gc,reloc    ] GC(68) Small Pages: 5404 / 10808M, Empty: 10318M, Relocated: 12M, In-Place: 0
[183.005s][info][gc,reloc    ] GC(68) Medium Pages: 47 / 1504M, Empty: 32M, Relocated: 0M, In-Place: 0
[183.005s][info][gc,reloc    ] GC(68) Large Pages: 1 / 6M, Empty: 6M, Relocated: 0M, In-Place: 0
[183.005s][info][gc,reloc    ] GC(68) Forwarding Usage: 2M
[183.005s][info][gc,heap     ] GC(68) Min Capacity: 8M(0%)
[183.005s][info][gc,heap     ] GC(68) Max Capacity: 30718M(100%)
[183.005s][info][gc,heap     ] GC(68) Soft Max Capacity: 30718M(100%)
[183.005s][info][gc,heap     ] GC(68)                Mark Start          Mark End        Relocate Start      Relocate End           High               Low         
[183.005s][info][gc,heap     ] GC(68)  Capacity:    19664M (64%)       19664M (64%)       19664M (64%)       19664M (64%)       19664M (64%)       19664M (64%)    
[183.005s][info][gc,heap     ] GC(68)      Free:    18400M (60%)       15256M (50%)       24188M (79%)       23502M (77%)       24564M (80%)       14218M (46%)    
[183.005s][info][gc,heap     ] GC(68)      Used:    12318M (40%)       15462M (50%)        6530M (21%)        7216M (23%)       16500M (54%)        6154M (20%)    
[183.005s][info][gc,heap     ] GC(68)      Live:         -              1389M (5%)         1389M (5%)         1389M (5%)             -                  -          
[183.005s][info][gc,heap     ] GC(68) Allocated:         -              3144M (10%)        4568M (15%)        5650M (18%)            -                  -          
[183.005s][info][gc,heap     ] GC(68)   Garbage:         -             10928M (36%)         572M (2%)          176M (1%)             -                  -          
[183.005s][info][gc,heap     ] GC(68) Reclaimed:         -                  -             10356M (34%)       10752M (35%)            -                  -          
[183.006s][info][gc          ] GC(68) Garbage Collection (Allocation Rate) 12318M(40%)->7216M(23%)
[183.066s][info][gc,start    ] GC(69) Garbage Collection (Allocation Rate)
[183.067s][info][gc,task     ] GC(69) Using 12 workers
[183.067s][info][gc,phases   ] GC(69) Pause Mark Start 0.010ms
[183.143s][info][gc,phases   ] GC(69) Concurrent Mark 75.913ms
[183.144s][info][gc,phases   ] GC(69) Pause Mark End 0.035ms
[183.144s][info][gc,phases   ] GC(69) Concurrent Mark Free 0.001ms
[183.147s][info][gc,phases   ] GC(69) Concurrent Process Non-Strong References 3.219ms
[183.147s][info][gc,phases   ] GC(69) Concurrent Reset Relocation Set 0.037ms
[183.152s][info][gc,phases   ] GC(69) Concurrent Select Relocation Set 4.649ms
[183.152s][info][gc,phases   ] GC(69) Pause Relocate Start 0.009ms
[183.154s][info][gc,phases   ] GC(69) Concurrent Relocate 2.364ms
[183.154s][info][gc,load     ] GC(69) Load: 0.00/0.00/0.00
[183.154s][info][gc,mmu      ] GC(69) MMU: 2ms/95.6%, 5ms/98.3%, 10ms/99.1%, 20ms/99.6%, 50ms/99.8%, 100ms/99.9%
[183.154s][info][gc,marking  ] GC(69) Mark: 8 stripe(s), 3 proactive flush(es), 1 terminate flush(es), 0 completion(s), 0 continuation(s) 
[183.154s][info][gc,marking  ] GC(69) Mark Stack Usage: 32M
[183.154s][info][gc,nmethod  ] GC(69) NMethods: 12785 registered, 630 unregistered
[183.154s][info][gc,metaspace] GC(69) Metaspace: 124M used, 128M committed, 1152M reserved
[183.154s][info][gc,ref      ] GC(69) Soft: 5955 encountered, 0 discovered, 0 enqueued
[183.154s][info][gc,ref      ] GC(69) Weak: 14886 encountered, 6360 discovered, 12 enqueued
[183.154s][info][gc,ref      ] GC(69) Final: 234 encountered, 8 discovered, 0 enqueued
[183.154s][info][gc,ref      ] GC(69) Phantom: 749 encountered, 487 discovered, 0 enqueued
[183.154s][info][gc,reloc    ] GC(69) Small Pages: 3312 / 6624M, Empty: 6216M, Relocated: 12M, In-Place: 0
[183.154s][info][gc,reloc    ] GC(69) Medium Pages: 46 / 1472M, Empty: 0M, Relocated: 0M, In-Place: 0
[183.154s][info][gc,reloc    ] GC(69) Large Pages: 0 / 0M, Empty: 0M, Relocated: 0M, In-Place: 0
[183.154s][info][gc,reloc    ] GC(69) Forwarding Usage: 2M
[183.154s][info][gc,heap     ] GC(69) Min Capacity: 8M(0%)
[183.154s][info][gc,heap     ] GC(69) Max Capacity: 30718M(100%)
[183.154s][info][gc,heap     ] GC(69) Soft Max Capacity: 30718M(100%)
[183.154s][info][gc,heap     ] GC(69)                Mark Start          Mark End        Relocate Start      Relocate End           High               Low         
[183.154s][info][gc,heap     ] GC(69)  Capacity:    19664M (64%)       19664M (64%)       19664M (64%)       19664M (64%)       19664M (64%)       19664M (64%)    
[183.154s][info][gc,heap     ] GC(69)      Free:    22622M (74%)       21826M (71%)       28038M (91%)       28354M (92%)       28354M (92%)       21826M (71%)    
[183.154s][info][gc,heap     ] GC(69)      Used:     8096M (26%)        8892M (29%)        2680M (9%)         2364M (8%)         8892M (29%)        2364M (8%)     
[183.154s][info][gc,heap     ] GC(69)      Live:         -              1389M (5%)         1389M (5%)         1389M (5%)             -                  -          
[183.155s][info][gc,heap     ] GC(69) Allocated:         -               796M (3%)          800M (3%)          800M (3%)             -                  -          
[183.155s][info][gc,heap     ] GC(69)   Garbage:         -              6706M (22%)         490M (2%)          174M (1%)             -                  -          
[183.155s][info][gc,heap     ] GC(69) Reclaimed:         -                  -              6216M (20%)        6532M (21%)            -                  -          
[183.155s][info][gc          ] GC(69) Garbage Collection (Allocation Rate) 8096M(26%)->2364M(8%)
[183.760s][info][gc,start    ] GC(70) Garbage Collection (System.gc())
[183.760s][info][gc,task     ] GC(70) Using 12 workers
[183.760s][info][gc,phases   ] GC(70) Pause Mark Start 0.016ms
[183.806s][info][gc,phases   ] GC(70) Concurrent Mark 45.187ms
[183.806s][info][gc,phases   ] GC(70) Pause Mark End 0.040ms
[183.806s][info][gc,phases   ] GC(70) Concurrent Mark Free 0.001ms
[183.811s][info][gc,phases   ] GC(70) Concurrent Process Non-Strong References 4.797ms
[183.811s][info][gc,phases   ] GC(70) Concurrent Reset Relocation Set 0.025ms
[183.816s][info][gc,phases   ] GC(70) Concurrent Select Relocation Set 4.901ms
[183.816s][info][gc,phases   ] GC(70) Pause Relocate Start 0.010ms
[183.819s][info][gc,phases   ] GC(70) Concurrent Relocate 3.054ms
[183.819s][info][gc,load     ] GC(70) Load: 0.00/0.00/0.00
[183.819s][info][gc,mmu      ] GC(70) MMU: 2ms/95.6%, 5ms/98.3%, 10ms/99.1%, 20ms/99.6%, 50ms/99.8%, 100ms/99.9%
[183.819s][info][gc,marking  ] GC(70) Mark: 8 stripe(s), 2 proactive flush(es), 1 terminate flush(es), 0 completion(s), 0 continuation(s) 
[183.819s][info][gc,marking  ] GC(70) Mark Stack Usage: 32M
[183.819s][info][gc,nmethod  ] GC(70) NMethods: 12803 registered, 642 unregistered
[183.819s][info][gc,metaspace] GC(70) Metaspace: 124M used, 128M committed, 1152M reserved
[183.819s][info][gc,ref      ] GC(70) Soft: 5908 encountered, 0 discovered, 0 enqueued
[183.820s][info][gc,ref      ] GC(70) Weak: 14913 encountered, 5121 discovered, 153 enqueued
[183.820s][info][gc,ref      ] GC(70) Final: 234 encountered, 1 discovered, 0 enqueued
[183.820s][info][gc,ref      ] GC(70) Phantom: 749 encountered, 702 discovered, 0 enqueued
[183.820s][info][gc,reloc    ] GC(70) Small Pages: 471 / 942M, Empty: 718M, Relocated: 5M, In-Place: 0
[183.820s][info][gc,reloc    ] GC(70) Medium Pages: 47 / 1504M, Empty: 32M, Relocated: 0M, In-Place: 0
[183.820s][info][gc,reloc    ] GC(70) Large Pages: 1 / 6M, Empty: 6M, Relocated: 0M, In-Place: 0
[183.820s][info][gc,reloc    ] GC(70) Forwarding Usage: 2M
[183.820s][info][gc,heap     ] GC(70) Min Capacity: 8M(0%)
[183.820s][info][gc,heap     ] GC(70) Max Capacity: 30718M(100%)
[183.820s][info][gc,heap     ] GC(70) Soft Max Capacity: 30718M(100%)
[183.820s][info][gc,heap     ] GC(70)                Mark Start          Mark End        Relocate Start      Relocate End           High               Low         
[183.820s][info][gc,heap     ] GC(70)  Capacity:    19664M (64%)       19664M (64%)       19664M (64%)       19664M (64%)       19664M (64%)       19664M (64%)    
[183.820s][info][gc,heap     ] GC(70)      Free:    28266M (92%)       28264M (92%)       28994M (94%)       29128M (95%)       29128M (95%)       28262M (92%)    
[183.820s][info][gc,heap     ] GC(70)      Used:     2452M (8%)         2454M (8%)         1724M (6%)         1590M (5%)         2456M (8%)         1590M (5%)     
[183.820s][info][gc,heap     ] GC(70)      Live:         -              1381M (4%)         1381M (4%)         1381M (4%)             -                  -          
[183.820s][info][gc,heap     ] GC(70) Allocated:         -                 2M (0%)           28M (0%)           28M (0%)             -                  -          
[183.820s][info][gc,heap     ] GC(70)   Garbage:         -              1070M (3%)          314M (1%)          180M (1%)             -                  -          
[183.820s][info][gc,heap     ] GC(70) Reclaimed:         -                  -               756M (2%)          890M (3%)             -                  -          
[183.820s][info][gc          ] GC(70) Garbage Collection (System.gc()) 2452M(8%)->1590M(5%)
[184.766s][info][gc,start    ] GC(71) Garbage Collection (Allocation Rate)
[184.767s][info][gc,task     ] GC(71) Using 12 workers
[184.768s][info][gc,phases   ] GC(71) Pause Mark Start 0.011ms
[185.049s][info][gc,phases   ] GC(71) Concurrent Mark 187.673ms
[185.050s][info][gc,phases   ] GC(71) Pause Mark End 0.048ms
[185.050s][info][gc,phases   ] GC(71) Concurrent Mark Free 0.000ms
[185.075s][info][gc,phases   ] GC(71) Concurrent Process Non-Strong References 25.482ms
[185.076s][info][gc,phases   ] GC(71) Concurrent Reset Relocation Set 0.010ms
[185.123s][info][gc,phases   ] GC(71) Concurrent Select Relocation Set 47.148ms
[185.124s][info][gc,phases   ] GC(71) Pause Relocate Start 0.013ms
[185.204s][info][gc,phases   ] GC(71) Concurrent Relocate 29.677ms
[185.205s][info][gc,load     ] GC(71) Load: 0.00/0.00/0.00
[185.205s][info][gc,mmu      ] GC(71) MMU: 2ms/95.6%, 5ms/98.3%, 10ms/99.1%, 20ms/99.6%, 50ms/99.8%, 100ms/99.9%
[185.205s][info][gc,marking  ] GC(71) Mark: 8 stripe(s), 2 proactive flush(es), 1 terminate flush(es), 0 completion(s), 0 continuation(s) 
[185.205s][info][gc,marking  ] GC(71) Mark Stack Usage: 32M
[185.205s][info][gc,nmethod  ] GC(71) NMethods: 10707 registered, 2809 unregistered
[185.205s][info][gc,metaspace] GC(71) Metaspace: 124M used, 128M committed, 1152M reserved
[185.205s][info][gc,ref      ] GC(71) Soft: 5956 encountered, 0 discovered, 0 enqueued
[185.205s][info][gc,ref      ] GC(71) Weak: 15621 encountered, 7682 discovered, 727 enqueued
[185.205s][info][gc,ref      ] GC(71) Final: 234 encountered, 4 discovered, 0 enqueued
[185.205s][info][gc,ref      ] GC(71) Phantom: 749 encountered, 558 discovered, 0 enqueued
[185.205s][info][gc,reloc    ] GC(71) Small Pages: 6388 / 12776M, Empty: 12294M, Relocated: 17M, In-Place: 0
[185.205s][info][gc,reloc    ] GC(71) Medium Pages: 47 / 1504M, Empty: 32M, Relocated: 0M, In-Place: 0
[185.206s][info][gc,reloc    ] GC(71) Large Pages: 1 / 6M, Empty: 6M, Relocated: 0M, In-Place: 0
[185.206s][info][gc,reloc    ] GC(71) Forwarding Usage: 4M
[185.206s][info][gc,heap     ] GC(71) Min Capacity: 8M(0%)
[185.206s][info][gc,heap     ] GC(71) Max Capacity: 30718M(100%)
[185.206s][info][gc,heap     ] GC(71) Soft Max Capacity: 30718M(100%)
[185.206s][info][gc,heap     ] GC(71)                Mark Start          Mark End        Relocate Start      Relocate End           High               Low         
[185.206s][info][gc,heap     ] GC(71)  Capacity:    19664M (64%)       19664M (64%)       19664M (64%)       19664M (64%)       19664M (64%)       19664M (64%)    
[185.206s][info][gc,heap     ] GC(71)      Free:    16432M (53%)       14896M (48%)       26646M (87%)       25928M (84%)       27166M (88%)       14840M (48%)    
[185.206s][info][gc,heap     ] GC(71)      Used:    14286M (47%)       15822M (52%)        4072M (13%)        4790M (16%)       15878M (52%)        3552M (12%)    
[185.206s][info][gc,heap     ] GC(71)      Live:         -              1389M (5%)         1389M (5%)         1389M (5%)             -                  -          
[185.206s][info][gc,heap     ] GC(71) Allocated:         -              1536M (5%)         2118M (7%)         3231M (11%)            -                  -          
[185.206s][info][gc,heap     ] GC(71)   Garbage:         -             12896M (42%)         564M (2%)          168M (1%)             -                  -          
[185.206s][info][gc,heap     ] GC(71) Reclaimed:         -                  -             12332M (40%)       12727M (41%)            -                  -          
[185.206s][info][gc          ] GC(71) Garbage Collection (Allocation Rate) 14286M(47%)->4790M(16%)
[185.868s][info][gc,start    ] GC(72) Garbage Collection (Allocation Rate)
[185.868s][info][gc,task     ] GC(72) Using 12 workers
[185.868s][info][gc,phases   ] GC(72) Pause Mark Start 0.017ms
[185.915s][info][gc,phases   ] GC(72) Concurrent Mark 46.409ms
[185.923s][info][gc,phases   ] GC(72) Pause Mark End 0.106ms
[185.923s][info][gc,phases   ] GC(72) Concurrent Mark Free 0.001ms
[185.929s][info][gc,phases   ] GC(72) Concurrent Process Non-Strong References 5.287ms
[185.929s][info][gc,phases   ] GC(72) Concurrent Reset Relocation Set 0.032ms
[185.934s][info][gc,phases   ] GC(72) Concurrent Select Relocation Set 4.968ms
[185.934s][info][gc,phases   ] GC(72) Pause Relocate Start 0.011ms
[185.937s][info][gc,phases   ] GC(72) Concurrent Relocate 3.178ms
[185.937s][info][gc,load     ] GC(72) Load: 0.00/0.00/0.00
[185.937s][info][gc,mmu      ] GC(72) MMU: 2ms/94.7%, 5ms/97.9%, 10ms/98.9%, 20ms/99.4%, 50ms/99.8%, 100ms/99.9%
[185.937s][info][gc,marking  ] GC(72) Mark: 8 stripe(s), 3 proactive flush(es), 1 terminate flush(es), 1 completion(s), 0 continuation(s) 
[185.937s][info][gc,marking  ] GC(72) Mark Stack Usage: 32M
[185.937s][info][gc,nmethod  ] GC(72) NMethods: 10767 registered, 2816 unregistered
[185.937s][info][gc,metaspace] GC(72) Metaspace: 124M used, 128M committed, 1152M reserved
[185.937s][info][gc,ref      ] GC(72) Soft: 5909 encountered, 0 discovered, 0 enqueued
[185.937s][info][gc,ref      ] GC(72) Weak: 14917 encountered, 6022 discovered, 77 enqueued
[185.937s][info][gc,ref      ] GC(72) Final: 234 encountered, 4 discovered, 0 enqueued
[185.938s][info][gc,ref      ] GC(72) Phantom: 749 encountered, 708 discovered, 0 enqueued
[185.938s][info][gc,reloc    ] GC(72) Small Pages: 2724 / 5448M, Empty: 5092M, Relocated: 6M, In-Place: 0
[185.938s][info][gc,reloc    ] GC(72) Medium Pages: 47 / 1504M, Empty: 32M, Relocated: 0M, In-Place: 0
[185.938s][info][gc,reloc    ] GC(72) Large Pages: 1 / 6M, Empty: 6M, Relocated: 0M, In-Place: 0
[185.938s][info][gc,reloc    ] GC(72) Forwarding Usage: 2M
[185.938s][info][gc,heap     ] GC(72) Min Capacity: 8M(0%)
[185.938s][info][gc,heap     ] GC(72) Max Capacity: 30718M(100%)
[185.938s][info][gc,heap     ] GC(72) Soft Max Capacity: 30718M(100%)
[185.938s][info][gc,heap     ] GC(72)                Mark Start          Mark End        Relocate Start      Relocate End           High               Low         
[185.938s][info][gc,heap     ] GC(72)  Capacity:    19664M (64%)       19664M (64%)       19664M (64%)       19664M (64%)       19664M (64%)       19664M (64%)    
[185.938s][info][gc,heap     ] GC(72)      Free:    23760M (77%)       23738M (77%)       28860M (94%)       29128M (95%)       29128M (95%)       23738M (77%)    
[185.938s][info][gc,heap     ] GC(72)      Used:     6958M (23%)        6980M (23%)        1858M (6%)         1590M (5%)         6980M (23%)        1590M (5%)     
[185.938s][info][gc,heap     ] GC(72)      Live:         -              1381M (4%)         1381M (4%)         1381M (4%)             -                  -          
[185.938s][info][gc,heap     ] GC(72) Allocated:         -                22M (0%)           30M (0%)           30M (0%)             -                  -          
[185.938s][info][gc,heap     ] GC(72)   Garbage:         -              5576M (18%)         446M (1%)          178M (1%)             -                  -          
[185.938s][info][gc,heap     ] GC(72) Reclaimed:         -                  -              5130M (17%)        5398M (18%)            -                  -          
[185.938s][info][gc          ] GC(72) Garbage Collection (Allocation Rate) 6958M(23%)->1590M(5%)
[185.938s][info][gc,start    ] GC(73) Garbage Collection (System.gc())
[185.938s][info][gc,task     ] GC(73) Using 12 workers
[185.938s][info][gc,phases   ] GC(73) Pause Mark Start 0.010ms
[185.977s][info][gc,phases   ] GC(73) Concurrent Mark 39.066ms
[185.978s][info][gc,phases   ] GC(73) Pause Mark End 0.031ms
[185.978s][info][gc,phases   ] GC(73) Concurrent Mark Free 0.001ms
[185.982s][info][gc,phases   ] GC(73) Concurrent Process Non-Strong References 4.084ms
[185.982s][info][gc,phases   ] GC(73) Concurrent Reset Relocation Set 0.010ms
[185.986s][info][gc,phases   ] GC(73) Concurrent Select Relocation Set 3.707ms
[185.986s][info][gc,phases   ] GC(73) Pause Relocate Start 0.008ms
[185.989s][info][gc,phases   ] GC(73) Concurrent Relocate 2.761ms
[185.989s][info][gc,load     ] GC(73) Load: 0.00/0.00/0.00
[185.989s][info][gc,mmu      ] GC(73) MMU: 2ms/94.7%, 5ms/97.9%, 10ms/98.9%, 20ms/99.4%, 50ms/99.7%, 100ms/99.8%
[185.989s][info][gc,marking  ] GC(73) Mark: 8 stripe(s), 1 proactive flush(es), 1 terminate flush(es), 0 completion(s), 0 continuation(s) 
[185.989s][info][gc,marking  ] GC(73) Mark Stack Usage: 32M
[185.989s][info][gc,nmethod  ] GC(73) NMethods: 10768 registered, 2818 unregistered
[185.989s][info][gc,metaspace] GC(73) Metaspace: 124M used, 128M committed, 1152M reserved
[185.989s][info][gc,ref      ] GC(73) Soft: 5908 encountered, 0 discovered, 0 enqueued
[185.989s][info][gc,ref      ] GC(73) Weak: 14841 encountered, 7466 discovered, 157 enqueued
[185.989s][info][gc,ref      ] GC(73) Final: 234 encountered, 6 discovered, 0 enqueued
[185.989s][info][gc,ref      ] GC(73) Phantom: 749 encountered, 709 discovered, 0 enqueued
[185.989s][info][gc,reloc    ] GC(73) Small Pages: 59 / 118M, Empty: 0M, Relocated: 5M, In-Place: 0
[185.989s][info][gc,reloc    ] GC(73) Medium Pages: 46 / 1472M, Empty: 0M, Relocated: 0M, In-Place: 0
[185.989s][info][gc,reloc    ] GC(73) Large Pages: 0 / 0M, Empty: 0M, Relocated: 0M, In-Place: 0
[185.989s][info][gc,reloc    ] GC(73) Forwarding Usage: 1M
[185.989s][info][gc,heap     ] GC(73) Min Capacity: 8M(0%)
[185.989s][info][gc,heap     ] GC(73) Max Capacity: 30718M(100%)
[185.989s][info][gc,heap     ] GC(73) Soft Max Capacity: 30718M(100%)
[185.989s][info][gc,heap     ] GC(73)                Mark Start          Mark End        Relocate Start      Relocate End           High               Low         
[185.989s][info][gc,heap     ] GC(73)  Capacity:    19664M (64%)       19664M (64%)       19664M (64%)       19664M (64%)       19664M (64%)       19664M (64%)    
[185.989s][info][gc,heap     ] GC(73)      Free:    29128M (95%)       29128M (95%)       29104M (95%)       29130M (95%)       29130M (95%)       29088M (95%)    
[185.989s][info][gc,heap     ] GC(73)      Used:     1590M (5%)         1590M (5%)         1614M (5%)         1588M (5%)         1630M (5%)         1588M (5%)     
[185.989s][info][gc,heap     ] GC(73)      Live:         -              1381M (4%)         1381M (4%)         1381M (4%)             -                  -          
[185.989s][info][gc,heap     ] GC(73) Allocated:         -                 0M (0%)           24M (0%)           25M (0%)             -                  -          
[185.989s][info][gc,heap     ] GC(73)   Garbage:         -               208M (1%)          208M (1%)          180M (1%)             -                  -          
[185.989s][info][gc,heap     ] GC(73) Reclaimed:         -                  -                 0M (0%)           27M (0%)             -                  -          
[185.989s][info][gc          ] GC(73) Garbage Collection (System.gc()) 1590M(5%)->1588M(5%)
[186.971s][info][gc,start    ] GC(74) Garbage Collection (Allocation Rate)
[186.972s][info][gc,task     ] GC(74) Using 12 workers
[186.973s][info][gc,phases   ] GC(74) Pause Mark Start 0.012ms
[187.143s][info][gc,phases   ] GC(74) Concurrent Mark 125.037ms
[187.144s][info][gc,phases   ] GC(74) Pause Mark End 0.043ms
[187.145s][info][gc,phases   ] GC(74) Concurrent Mark Free 0.010ms
[187.165s][info][gc,phases   ] GC(74) Concurrent Process Non-Strong References 20.671ms
[187.166s][info][gc,phases   ] GC(74) Concurrent Reset Relocation Set 0.043ms
[187.227s][info][gc,phases   ] GC(74) Concurrent Select Relocation Set 60.899ms
[187.228s][info][gc,phases   ] GC(74) Pause Relocate Start 0.009ms
[187.254s][info][gc,phases   ] GC(74) Concurrent Relocate 25.616ms
[187.254s][info][gc,load     ] GC(74) Load: 0.00/0.00/0.00
[187.254s][info][gc,mmu      ] GC(74) MMU: 2ms/94.7%, 5ms/97.9%, 10ms/98.9%, 20ms/99.4%, 50ms/99.7%, 100ms/99.8%
[187.254s][info][gc,marking  ] GC(74) Mark: 8 stripe(s), 2 proactive flush(es), 1 terminate flush(es), 0 completion(s), 0 continuation(s) 
[187.254s][info][gc,marking  ] GC(74) Mark Stack Usage: 32M
[187.254s][info][gc,nmethod  ] GC(74) NMethods: 10809 registered, 2832 unregistered
[187.254s][info][gc,metaspace] GC(74) Metaspace: 124M used, 128M committed, 1152M reserved
[187.254s][info][gc,ref      ] GC(74) Soft: 5956 encountered, 0 discovered, 0 enqueued
[187.254s][info][gc,ref      ] GC(74) Weak: 15556 encountered, 6356 discovered, 661 enqueued
[187.254s][info][gc,ref      ] GC(74) Final: 234 encountered, 3 discovered, 0 enqueued
[187.254s][info][gc,ref      ] GC(74) Phantom: 749 encountered, 449 discovered, 0 enqueued
[187.254s][info][gc,reloc    ] GC(74) Small Pages: 6613 / 13226M, Empty: 12732M, Relocated: 17M, In-Place: 0
[187.254s][info][gc,reloc    ] GC(74) Medium Pages: 47 / 1504M, Empty: 32M, Relocated: 0M, In-Place: 0
[187.254s][info][gc,reloc    ] GC(74) Large Pages: 1 / 6M, Empty: 6M, Relocated: 0M, In-Place: 0
[187.254s][info][gc,reloc    ] GC(74) Forwarding Usage: 4M
[187.254s][info][gc,heap     ] GC(74) Min Capacity: 8M(0%)
[187.254s][info][gc,heap     ] GC(74) Max Capacity: 30718M(100%)
[187.254s][info][gc,heap     ] GC(74) Soft Max Capacity: 30718M(100%)
[187.254s][info][gc,heap     ] GC(74)                Mark Start          Mark End        Relocate Start      Relocate End           High               Low         
[187.255s][info][gc,heap     ] GC(74)  Capacity:    19664M (64%)       19664M (64%)       19664M (64%)       19664M (64%)       19664M (64%)       19664M (64%)    
[187.255s][info][gc,heap     ] GC(74)      Free:    15982M (52%)       13490M (44%)       25266M (82%)       25328M (82%)       25780M (84%)       13180M (43%)    
[187.255s][info][gc,heap     ] GC(74)      Used:    14736M (48%)       17228M (56%)        5452M (18%)        5390M (18%)       17538M (57%)        4938M (16%)    
[187.255s][info][gc,heap     ] GC(74)      Live:         -              1389M (5%)         1389M (5%)         1389M (5%)             -                  -          
[187.255s][info][gc,heap     ] GC(74) Allocated:         -              2492M (8%)         3486M (11%)        3830M (12%)            -                  -          
[187.255s][info][gc,heap     ] GC(74)   Garbage:         -             13346M (43%)         576M (2%)          169M (1%)             -                  -          
[187.255s][info][gc,heap     ] GC(74) Reclaimed:         -                  -             12770M (42%)       13176M (43%)            -                  -          
[187.255s][info][gc          ] GC(74) Garbage Collection (Allocation Rate) 14736M(48%)->5390M(18%)
[187.273s][info][gc,start    ] GC(75) Garbage Collection (Allocation Rate)
[187.273s][info][gc,task     ] GC(75) Using 12 workers
[187.273s][info][gc,phases   ] GC(75) Pause Mark Start 0.010ms
[187.322s][info][gc,phases   ] GC(75) Concurrent Mark 48.521ms
[187.322s][info][gc,phases   ] GC(75) Pause Mark End 0.030ms
[187.322s][info][gc,phases   ] GC(75) Concurrent Mark Free 0.001ms
[187.326s][info][gc,phases   ] GC(75) Concurrent Process Non-Strong References 3.986ms
[187.326s][info][gc,phases   ] GC(75) Concurrent Reset Relocation Set 0.029ms
[187.332s][info][gc,phases   ] GC(75) Concurrent Select Relocation Set 5.563ms
[187.332s][info][gc,phases   ] GC(75) Pause Relocate Start 0.007ms
[187.339s][info][gc,phases   ] GC(75) Concurrent Relocate 6.473ms
[187.339s][info][gc,load     ] GC(75) Load: 0.00/0.00/0.00
[187.339s][info][gc,mmu      ] GC(75) MMU: 2ms/94.7%, 5ms/97.9%, 10ms/98.9%, 20ms/99.4%, 50ms/99.7%, 100ms/99.8%
[187.339s][info][gc,marking  ] GC(75) Mark: 8 stripe(s), 2 proactive flush(es), 1 terminate flush(es), 0 completion(s), 0 continuation(s) 
[187.339s][info][gc,marking  ] GC(75) Mark Stack Usage: 32M
[187.339s][info][gc,nmethod  ] GC(75) NMethods: 10807 registered, 2834 unregistered
[187.339s][info][gc,metaspace] GC(75) Metaspace: 124M used, 128M committed, 1152M reserved
[187.339s][info][gc,ref      ] GC(75) Soft: 5956 encountered, 0 discovered, 0 enqueued
[187.339s][info][gc,ref      ] GC(75) Weak: 14895 encountered, 4303 discovered, 0 enqueued
[187.339s][info][gc,ref      ] GC(75) Final: 234 encountered, 0 discovered, 0 enqueued
[187.339s][info][gc,ref      ] GC(75) Phantom: 759 encountered, 529 discovered, 0 enqueued
[187.339s][info][gc,reloc    ] GC(75) Small Pages: 2085 / 4170M, Empty: 3794M, Relocated: 10M, In-Place: 0
[187.339s][info][gc,reloc    ] GC(75) Medium Pages: 46 / 1472M, Empty: 0M, Relocated: 0M, In-Place: 0
[187.339s][info][gc,reloc    ] GC(75) Large Pages: 0 / 0M, Empty: 0M, Relocated: 0M, In-Place: 0
[187.339s][info][gc,reloc    ] GC(75) Forwarding Usage: 2M
[187.339s][info][gc,heap     ] GC(75) Min Capacity: 8M(0%)
[187.339s][info][gc,heap     ] GC(75) Max Capacity: 30718M(100%)
[187.339s][info][gc,heap     ] GC(75) Soft Max Capacity: 30718M(100%)
[187.339s][info][gc,heap     ] GC(75)                Mark Start          Mark End        Relocate Start      Relocate End           High               Low         
[187.339s][info][gc,heap     ] GC(75)  Capacity:    19664M (64%)       19664M (64%)       19664M (64%)       19664M (64%)       19664M (64%)       19664M (64%)    
[187.339s][info][gc,heap     ] GC(75)      Free:    25076M (82%)       24880M (81%)       28606M (93%)       28792M (94%)       28856M (94%)       24874M (81%)    
[187.339s][info][gc,heap     ] GC(75)      Used:     5642M (18%)        5838M (19%)        2112M (7%)         1926M (6%)         5844M (19%)        1862M (6%)     
[187.339s][info][gc,heap     ] GC(75)      Live:         -              1392M (5%)         1392M (5%)         1392M (5%)             -                  -          
[187.339s][info][gc,heap     ] GC(75) Allocated:         -               196M (1%)          264M (1%)          359M (1%)             -                  -          
[187.339s][info][gc,heap     ] GC(75)   Garbage:         -              4249M (14%)         455M (1%)          174M (1%)             -                  -          
[187.339s][info][gc,heap     ] GC(75) Reclaimed:         -                  -              3794M (12%)        4075M (13%)            -                  -          
[187.339s][info][gc          ] GC(75) Garbage Collection (Allocation Rate) 5642M(18%)->1926M(6%)
[188.263s][info][gc,start    ] GC(76) Garbage Collection (System.gc())
[188.263s][info][gc,task     ] GC(76) Using 12 workers
[188.263s][info][gc,phases   ] GC(76) Pause Mark Start 0.017ms
[188.298s][info][gc,phases   ] GC(76) Concurrent Mark 35.061ms
[188.299s][info][gc,phases   ] GC(76) Pause Mark End 0.042ms
[188.299s][info][gc,phases   ] GC(76) Concurrent Mark Free 0.001ms
[188.303s][info][gc,phases   ] GC(76) Concurrent Process Non-Strong References 4.225ms
[188.303s][info][gc,phases   ] GC(76) Concurrent Reset Relocation Set 0.024ms
[188.307s][info][gc,phases   ] GC(76) Concurrent Select Relocation Set 3.893ms
[188.307s][info][gc,phases   ] GC(76) Pause Relocate Start 0.010ms
[188.311s][info][gc,phases   ] GC(76) Concurrent Relocate 3.776ms
[188.311s][info][gc,load     ] GC(76) Load: 0.00/0.00/0.00
[188.311s][info][gc,mmu      ] GC(76) MMU: 2ms/94.7%, 5ms/97.9%, 10ms/98.9%, 20ms/99.4%, 50ms/99.7%, 100ms/99.8%
[188.311s][info][gc,marking  ] GC(76) Mark: 8 stripe(s), 2 proactive flush(es), 1 terminate flush(es), 0 completion(s), 0 continuation(s) 
[188.311s][info][gc,marking  ] GC(76) Mark Stack Usage: 32M
[188.311s][info][gc,nmethod  ] GC(76) NMethods: 10829 registered, 2846 unregistered
[188.311s][info][gc,metaspace] GC(76) Metaspace: 124M used, 128M committed, 1152M reserved
[188.311s][info][gc,ref      ] GC(76) Soft: 5908 encountered, 0 discovered, 0 enqueued
[188.311s][info][gc,ref      ] GC(76) Weak: 14924 encountered, 4768 discovered, 154 enqueued
[188.311s][info][gc,ref      ] GC(76) Final: 234 encountered, 0 discovered, 0 enqueued
[188.311s][info][gc,ref      ] GC(76) Phantom: 749 encountered, 673 discovered, 0 enqueued
[188.311s][info][gc,reloc    ] GC(76) Small Pages: 487 / 974M, Empty: 720M, Relocated: 5M, In-Place: 0
[188.311s][info][gc,reloc    ] GC(76) Medium Pages: 47 / 1504M, Empty: 32M, Relocated: 0M, In-Place: 0
[188.311s][info][gc,reloc    ] GC(76) Large Pages: 1 / 6M, Empty: 6M, Relocated: 0M, In-Place: 0
[188.311s][info][gc,reloc    ] GC(76) Forwarding Usage: 1M
[188.312s][info][gc,heap     ] GC(76) Min Capacity: 8M(0%)
[188.312s][info][gc,heap     ] GC(76) Max Capacity: 30718M(100%)
[188.312s][info][gc,heap     ] GC(76) Soft Max Capacity: 30718M(100%)
[188.312s][info][gc,heap     ] GC(76)                Mark Start          Mark End        Relocate Start      Relocate End           High               Low         
[188.312s][info][gc,heap     ] GC(76)  Capacity:    19664M (64%)       19664M (64%)       19664M (64%)       19664M (64%)       19664M (64%)       19664M (64%)    
[188.312s][info][gc,heap     ] GC(76)      Free:    28234M (92%)       28230M (92%)       28964M (94%)       29128M (95%)       29128M (95%)       28228M (92%)    
[188.312s][info][gc,heap     ] GC(76)      Used:     2484M (8%)         2488M (8%)         1754M (6%)         1590M (5%)         2490M (8%)         1590M (5%)     
[188.312s][info][gc,heap     ] GC(76)      Live:         -              1381M (4%)         1381M (4%)         1381M (4%)             -                  -          
[188.312s][info][gc,heap     ] GC(76) Allocated:         -                 4M (0%)           28M (0%)           28M (0%)             -                  -          
[188.312s][info][gc,heap     ] GC(76)   Garbage:         -              1102M (4%)          344M (1%)          180M (1%)             -                  -          
[188.312s][info][gc,heap     ] GC(76) Reclaimed:         -                  -               758M (2%)          922M (3%)             -                  -          
[188.312s][info][gc          ] GC(76) Garbage Collection (System.gc()) 2484M(8%)->1590M(5%)
[189.280s][info][gc,start    ] GC(77) Garbage Collection (Allocation Rate)
[189.281s][info][gc,task     ] GC(77) Using 12 workers
[189.281s][info][gc,phases   ] GC(77) Pause Mark Start 0.011ms
[189.577s][info][gc,phases   ] GC(77) Concurrent Mark 187.792ms
[189.578s][info][gc,phases   ] GC(77) Pause Mark End 0.038ms
[189.578s][info][gc,phases   ] GC(77) Concurrent Mark Free 0.014ms
[189.599s][info][gc,phases   ] GC(77) Concurrent Process Non-Strong References 21.173ms
[189.600s][info][gc,phases   ] GC(77) Concurrent Reset Relocation Set 0.117ms
[189.659s][info][gc,phases   ] GC(77) Concurrent Select Relocation Set 59.060ms
[189.660s][info][gc,phases   ] GC(77) Pause Relocate Start 0.010ms
[189.706s][info][gc,phases   ] GC(77) Concurrent Relocate 27.826ms
[189.706s][info][gc,load     ] GC(77) Load: 0.00/0.00/0.00
[189.706s][info][gc,mmu      ] GC(77) MMU: 2ms/94.7%, 5ms/97.9%, 10ms/98.9%, 20ms/99.4%, 50ms/99.7%, 100ms/99.8%
[189.706s][info][gc,marking  ] GC(77) Mark: 8 stripe(s), 2 proactive flush(es), 1 terminate flush(es), 0 completion(s), 0 continuation(s) 
[189.706s][info][gc,marking  ] GC(77) Mark Stack Usage: 32M
[189.706s][info][gc,nmethod  ] GC(77) NMethods: 10965 registered, 2863 unregistered
[189.706s][info][gc,metaspace] GC(77) Metaspace: 124M used, 128M committed, 1152M reserved
[189.706s][info][gc,ref      ] GC(77) Soft: 5956 encountered, 0 discovered, 0 enqueued
[189.706s][info][gc,ref      ] GC(77) Weak: 15632 encountered, 7419 discovered, 729 enqueued
[189.706s][info][gc,ref      ] GC(77) Final: 234 encountered, 3 discovered, 0 enqueued
[189.706s][info][gc,ref      ] GC(77) Phantom: 749 encountered, 641 discovered, 0 enqueued
[189.706s][info][gc,reloc    ] GC(77) Small Pages: 6558 / 13116M, Empty: 12618M, Relocated: 13M, In-Place: 0
[189.706s][info][gc,reloc    ] GC(77) Medium Pages: 47 / 1504M, Empty: 32M, Relocated: 0M, In-Place: 0
[189.706s][info][gc,reloc    ] GC(77) Large Pages: 1 / 6M, Empty: 6M, Relocated: 0M, In-Place: 0
[189.706s][info][gc,reloc    ] GC(77) Forwarding Usage: 3M
[189.706s][info][gc,heap     ] GC(77) Min Capacity: 8M(0%)
[189.706s][info][gc,heap     ] GC(77) Max Capacity: 30718M(100%)
[189.707s][info][gc,heap     ] GC(77) Soft Max Capacity: 30718M(100%)
[189.707s][info][gc,heap     ] GC(77)                Mark Start          Mark End        Relocate Start      Relocate End           High               Low         
[189.707s][info][gc,heap     ] GC(77)  Capacity:    19664M (64%)       19664M (64%)       19664M (64%)       19664M (64%)       19664M (64%)       19664M (64%)    
[189.707s][info][gc,heap     ] GC(77)      Free:    16092M (52%)       13652M (44%)       25354M (83%)       25120M (82%)       25808M (84%)       13330M (43%)    
[189.707s][info][gc,heap     ] GC(77)      Used:    14626M (48%)       17066M (56%)        5364M (17%)        5598M (18%)       17388M (57%)        4910M (16%)    
[189.707s][info][gc,heap     ] GC(77)      Live:         -              1389M (5%)         1389M (5%)         1389M (5%)             -                  -          
[189.707s][info][gc,heap     ] GC(77) Allocated:         -              2440M (8%)         3394M (11%)        4034M (13%)            -                  -          
[189.707s][info][gc,heap     ] GC(77)   Garbage:         -             13236M (43%)         580M (2%)          174M (1%)             -                  -          
[189.707s][info][gc,heap     ] GC(77) Reclaimed:         -                  -             12656M (41%)       13062M (43%)            -                  -          
[189.707s][info][gc          ] GC(77) Garbage Collection (Allocation Rate) 14626M(48%)->5598M(18%)
[189.766s][info][gc,start    ] GC(78) Garbage Collection (Allocation Rate)
[189.766s][info][gc,task     ] GC(78) Using 12 workers
[189.766s][info][gc,phases   ] GC(78) Pause Mark Start 0.013ms
[189.797s][info][gc,phases   ] GC(78) Concurrent Mark 30.824ms
[189.797s][info][gc,phases   ] GC(78) Pause Mark End 0.034ms
[189.797s][info][gc,phases   ] GC(78) Concurrent Mark Free 0.002ms
[189.801s][info][gc,phases   ] GC(78) Concurrent Process Non-Strong References 3.600ms
[189.801s][info][gc,phases   ] GC(78) Concurrent Reset Relocation Set 0.028ms
[189.804s][info][gc,phases   ] GC(78) Concurrent Select Relocation Set 3.055ms
[189.804s][info][gc,phases   ] GC(78) Pause Relocate Start 0.009ms
[189.807s][info][gc,phases   ] GC(78) Concurrent Relocate 2.625ms
[189.807s][info][gc,load     ] GC(78) Load: 0.00/0.00/0.00
[189.807s][info][gc,mmu      ] GC(78) MMU: 2ms/94.7%, 5ms/97.9%, 10ms/98.9%, 20ms/99.4%, 50ms/99.7%, 100ms/99.8%
[189.807s][info][gc,marking  ] GC(78) Mark: 8 stripe(s), 3 proactive flush(es), 1 terminate flush(es), 0 completion(s), 0 continuation(s) 
[189.807s][info][gc,marking  ] GC(78) Mark Stack Usage: 32M
[189.807s][info][gc,nmethod  ] GC(78) NMethods: 10967 registered, 2865 unregistered
[189.807s][info][gc,metaspace] GC(78) Metaspace: 124M used, 128M committed, 1152M reserved
[189.807s][info][gc,ref      ] GC(78) Soft: 5953 encountered, 0 discovered, 0 enqueued
[189.807s][info][gc,ref      ] GC(78) Weak: 14909 encountered, 2695 discovered, 10 enqueued
[189.807s][info][gc,ref      ] GC(78) Final: 234 encountered, 1 discovered, 0 enqueued
[189.807s][info][gc,ref      ] GC(78) Phantom: 756 encountered, 573 discovered, 0 enqueued
[189.807s][info][gc,reloc    ] GC(78) Small Pages: 2459 / 4918M, Empty: 4490M, Relocated: 10M, In-Place: 0
[189.807s][info][gc,reloc    ] GC(78) Medium Pages: 46 / 1472M, Empty: 0M, Relocated: 0M, In-Place: 0
[189.807s][info][gc,reloc    ] GC(78) Large Pages: 0 / 0M, Empty: 0M, Relocated: 0M, In-Place: 0
[189.807s][info][gc,reloc    ] GC(78) Forwarding Usage: 1M
[189.807s][info][gc,heap     ] GC(78) Min Capacity: 8M(0%)
[189.807s][info][gc,heap     ] GC(78) Max Capacity: 30718M(100%)
[189.807s][info][gc,heap     ] GC(78) Soft Max Capacity: 30718M(100%)
[189.807s][info][gc,heap     ] GC(78)                Mark Start          Mark End        Relocate Start      Relocate End           High               Low         
[189.807s][info][gc,heap     ] GC(78)  Capacity:    19664M (64%)       19664M (64%)       19664M (64%)       19664M (64%)       19664M (64%)       19664M (64%)    
[189.807s][info][gc,heap     ] GC(78)      Free:    24328M (79%)       24106M (78%)       28594M (93%)       28922M (94%)       28922M (94%)       24104M (78%)    
[189.807s][info][gc,heap     ] GC(78)      Used:     6390M (21%)        6612M (22%)        2124M (7%)         1796M (6%)         6614M (22%)        1796M (6%)     
[189.807s][info][gc,heap     ] GC(78)      Live:         -              1392M (5%)         1392M (5%)         1392M (5%)             -                  -          
[189.807s][info][gc,heap     ] GC(78) Allocated:         -               222M (1%)          224M (1%)          225M (1%)             -                  -          
[189.807s][info][gc,heap     ] GC(78)   Garbage:         -              4997M (16%)         507M (2%)          177M (1%)             -                  -          
[189.807s][info][gc,heap     ] GC(78) Reclaimed:         -                  -              4490M (15%)        4819M (16%)            -                  -          
[189.807s][info][gc          ] GC(78) Garbage Collection (Allocation Rate) 6390M(21%)->1796M(6%)
[190.173s][info][gc,stats    ] === Garbage Collection Statistics =======================================================================================================================
[190.173s][info][gc,stats    ]                                                              Last 10s              Last 10m              Last 10h                Total
[190.173s][info][gc,stats    ]                                                              Avg / Max             Avg / Max             Avg / Max             Avg / Max
[190.173s][info][gc,stats    ]   Collector: Garbage Collection Cycle                    171.278 / 438.815     338.948 / 1749.322    338.948 / 1749.322    338.948 / 1749.322    ms
[190.173s][info][gc,stats    ]  Contention: Mark Segment Reset Contention                    12 / 31                3 / 65                3 / 65                3 / 65          ops/s
[190.173s][info][gc,stats    ]  Contention: Mark SeqNum Reset Contention                      0 / 2                 0 / 5                 0 / 5                 0 / 5           ops/s
[190.173s][info][gc,stats    ]    Critical: Allocation Stall                                  0 / 0                 0 / 0                 0 / 0                 0 / 0           ops/s
[190.173s][info][gc,stats    ]    Critical: Allocation Stall                              0.000 / 0.000         0.000 / 0.000         0.000 / 0.000         0.000 / 0.000       ms
[190.173s][info][gc,stats    ]    Critical: GC Locker Stall                                   0 / 0                 0 / 1                 0 / 1                 0 / 1           ops/s
[190.173s][info][gc,stats    ]    Critical: GC Locker Stall                               0.000 / 0.000         0.001 / 0.001         0.001 / 0.001         0.001 / 0.001       ms
[190.173s][info][gc,stats    ]    Critical: Relocation Stall                                  0 / 0                 0 / 0                 0 / 0                 0 / 0           ops/s
[190.173s][info][gc,stats    ]    Critical: Relocation Stall                              0.000 / 0.000         0.000 / 0.000         0.000 / 0.000         0.000 / 0.000       ms
[190.173s][info][gc,stats    ]      Memory: Allocation Rate                                7277 / 14392          2527 / 14392          2527 / 14392          2527 / 14392       MB/s
[190.173s][info][gc,stats    ]      Memory: Defragment                                        0 / 0                14 / 560              14 / 560              14 / 560         ops/s
[190.173s][info][gc,stats    ]      Memory: Out Of Memory                                     0 / 0                 0 / 0                 0 / 0                 0 / 0           ops/s
[190.173s][info][gc,stats    ]      Memory: Page Cache Flush                                  0 / 0                28 / 1122             28 / 1122             28 / 1122        MB/s
[190.173s][info][gc,stats    ]      Memory: Page Cache Hit L1                              3637 / 7196           1183 / 7196           1183 / 7196           1183 / 7196        ops/s
[190.173s][info][gc,stats    ]      Memory: Page Cache Hit L2                                 0 / 0                 0 / 0                 0 / 0                 0 / 0           ops/s
[190.173s][info][gc,stats    ]      Memory: Page Cache Hit L3                                 0 / 0                18 / 503              18 / 503              18 / 503         ops/s
[190.173s][info][gc,stats    ]      Memory: Page Cache Miss                                   0 / 0                29 / 735              29 / 735              29 / 735         ops/s
[190.174s][info][gc,stats    ]      Memory: Uncommit                                          0 / 0                 0 / 0                 0 / 0                 0 / 0           MB/s
[190.174s][info][gc,stats    ]      Memory: Undo Object Allocation Failed                     0 / 1                 0 / 2                 0 / 2                 0 / 2           ops/s
[190.174s][info][gc,stats    ]      Memory: Undo Object Allocation Succeeded                  7 / 39                2 / 75                2 / 75                2 / 75          ops/s
[190.174s][info][gc,stats    ]      Memory: Undo Page Allocation                              1 / 6                 4 / 146               4 / 146               4 / 146         ops/s
[190.174s][info][gc,stats    ]       Phase: Concurrent Mark                              84.965 / 187.792     159.850 / 552.339     159.850 / 552.339     159.850 / 552.339     ms
[190.174s][info][gc,stats    ]       Phase: Concurrent Mark Continue                      0.000 / 0.000         0.000 / 0.000         0.000 / 0.000         0.000 / 0.000       ms
[190.174s][info][gc,stats    ]       Phase: Concurrent Mark Free                          0.004 / 0.015         0.001 / 0.015         0.001 / 0.015         0.001 / 0.015       ms
[190.174s][info][gc,stats    ]       Phase: Concurrent Process Non-Strong References     10.994 / 30.873       33.807 / 800.745      33.807 / 800.745      33.807 / 800.745     ms
[190.174s][info][gc,stats    ]       Phase: Concurrent Relocate                          11.848 / 31.810       48.321 / 678.239      48.321 / 678.239      48.321 / 678.239     ms
[190.174s][info][gc,stats    ]       Phase: Concurrent Reset Relocation Set               0.033 / 0.117         0.030 / 0.288         0.030 / 0.288         0.030 / 0.288       ms
[190.174s][info][gc,stats    ]       Phase: Concurrent Select Relocation Set             21.378 / 60.899       43.424 / 228.112      43.424 / 228.112      43.424 / 228.112     ms
[190.174s][info][gc,stats    ]       Phase: Pause Mark End                                0.047 / 0.106         0.037 / 0.106         0.037 / 0.106         0.037 / 0.106       ms
[190.174s][info][gc,stats    ]       Phase: Pause Mark Start                              0.013 / 0.017         0.013 / 0.018         0.013 / 0.018         0.013 / 0.018       ms
[190.174s][info][gc,stats    ]       Phase: Pause Relocate Start                          0.009 / 0.013         0.009 / 0.018         0.009 / 0.018         0.009 / 0.018       ms
[190.174s][info][gc,stats    ]    Subphase: Concurrent Classes Purge                      0.889 / 6.945         9.687 / 691.327       9.687 / 691.327       9.687 / 691.327     ms
[190.174s][info][gc,stats    ]    Subphase: Concurrent Classes Unlink                     6.699 / 16.635       12.835 / 61.446       12.835 / 61.446       12.835 / 61.446      ms
[190.174s][info][gc,stats    ]    Subphase: Concurrent Mark                              50.899 / 127.121      92.633 / 481.134      92.633 / 481.134      92.633 / 481.134     ms
[190.174s][info][gc,stats    ]    Subphase: Concurrent Mark Try Flush                     3.657 / 29.788       13.552 / 205.136      13.552 / 205.136      13.552 / 205.136     ms
[190.174s][info][gc,stats    ]    Subphase: Concurrent Mark Try Terminate                11.006 / 16.617       10.162 / 124.983      10.162 / 124.983      10.162 / 124.983     ms
[190.174s][info][gc,stats    ]    Subphase: Concurrent References Enqueue                 0.010 / 0.043         0.005 / 0.043         0.005 / 0.043         0.005 / 0.043       ms
[190.174s][info][gc,stats    ]    Subphase: Concurrent References Process                 0.633 / 2.042         0.391 / 2.042         0.391 / 2.042         0.391 / 2.042       ms
[190.174s][info][gc,stats    ]    Subphase: Concurrent Roots ClassLoaderDataGraph         0.381 / 2.367         0.294 / 3.429         0.294 / 3.429         0.294 / 3.429       ms
[190.174s][info][gc,stats    ]    Subphase: Concurrent Roots CodeCache                    0.000 / 0.000         0.000 / 0.000         0.000 / 0.000         0.000 / 0.000       ms
[190.174s][info][gc,stats    ]    Subphase: Concurrent Roots JavaThreads                 32.013 / 137.397      64.597 / 313.942      64.597 / 313.942      64.597 / 313.942     ms
[190.174s][info][gc,stats    ]    Subphase: Concurrent Roots OopStorageSet                0.097 / 0.506         0.189 / 3.425         0.189 / 3.425         0.189 / 3.425       ms
[190.174s][info][gc,stats    ]    Subphase: Concurrent Weak Roots OopStorageSet           0.652 / 1.484         0.419 / 1.484         0.419 / 1.484         0.419 / 1.484       ms
[190.174s][info][gc,stats    ]    Subphase: Pause Mark Try Complete                       0.004 / 0.012         0.002 / 0.012         0.002 / 0.012         0.002 / 0.012       ms
[190.174s][info][gc,stats    ]      System: Java Threads                                    371 / 376             264 / 376             264 / 376             264 / 376         threads
[190.175s][info][gc,stats    ] =========================================================================================================================================================
[190.321s][info][gc,start    ] GC(79) Garbage Collection (System.gc())
[190.321s][info][gc,task     ] GC(79) Using 12 workers
[190.321s][info][gc,phases   ] GC(79) Pause Mark Start 0.016ms
[190.360s][info][gc,phases   ] GC(79) Concurrent Mark 39.076ms
[190.360s][info][gc,phases   ] GC(79) Pause Mark End 0.034ms
[190.360s][info][gc,phases   ] GC(79) Concurrent Mark Free 0.001ms
[190.365s][info][gc,phases   ] GC(79) Concurrent Process Non-Strong References 4.185ms
[190.365s][info][gc,phases   ] GC(79) Concurrent Reset Relocation Set 0.028ms
[190.371s][info][gc,phases   ] GC(79) Concurrent Select Relocation Set 6.298ms
[190.371s][info][gc,phases   ] GC(79) Pause Relocate Start 0.009ms
[190.374s][info][gc,phases   ] GC(79) Concurrent Relocate 2.815ms
[190.374s][info][gc,load     ] GC(79) Load: 0.00/0.00/0.00
[190.374s][info][gc,mmu      ] GC(79) MMU: 2ms/94.7%, 5ms/97.9%, 10ms/98.9%, 20ms/99.4%, 50ms/99.7%, 100ms/99.8%
[190.374s][info][gc,marking  ] GC(79) Mark: 8 stripe(s), 2 proactive flush(es), 1 terminate flush(es), 0 completion(s), 0 continuation(s) 
[190.374s][info][gc,marking  ] GC(79) Mark Stack Usage: 32M
[190.374s][info][gc,nmethod  ] GC(79) NMethods: 10987 registered, 2874 unregistered
[190.374s][info][gc,metaspace] GC(79) Metaspace: 124M used, 128M committed, 1152M reserved
[190.374s][info][gc,ref      ] GC(79) Soft: 5908 encountered, 0 discovered, 0 enqueued
[190.374s][info][gc,ref      ] GC(79) Weak: 14921 encountered, 5765 discovered, 148 enqueued
[190.374s][info][gc,ref      ] GC(79) Final: 234 encountered, 1 discovered, 0 enqueued
[190.375s][info][gc,ref      ] GC(79) Phantom: 749 encountered, 591 discovered, 0 enqueued
[190.375s][info][gc,reloc    ] GC(79) Small Pages: 178 / 356M, Empty: 138M, Relocated: 6M, In-Place: 0
[190.375s][info][gc,reloc    ] GC(79) Medium Pages: 47 / 1504M, Empty: 32M, Relocated: 0M, In-Place: 0
[190.375s][info][gc,reloc    ] GC(79) Large Pages: 1 / 6M, Empty: 6M, Relocated: 0M, In-Place: 0
[190.375s][info][gc,reloc    ] GC(79) Forwarding Usage: 2M
[190.375s][info][gc,heap     ] GC(79) Min Capacity: 8M(0%)
[190.375s][info][gc,heap     ] GC(79) Max Capacity: 30718M(100%)
[190.375s][info][gc,heap     ] GC(79) Soft Max Capacity: 30718M(100%)
[190.375s][info][gc,heap     ] GC(79)                Mark Start          Mark End        Relocate Start      Relocate End           High               Low         
[190.375s][info][gc,heap     ] GC(79)  Capacity:    19664M (64%)       19664M (64%)       19664M (64%)       19664M (64%)       19664M (64%)       19664M (64%)    
[190.375s][info][gc,heap     ] GC(79)      Free:    28852M (94%)       28850M (94%)       29004M (94%)       29134M (95%)       29134M (95%)       28850M (94%)    
[190.375s][info][gc,heap     ] GC(79)      Used:     1866M (6%)         1868M (6%)         1714M (6%)         1584M (5%)         1868M (6%)         1584M (5%)     
[190.375s][info][gc,heap     ] GC(79)      Live:         -              1381M (4%)         1381M (4%)         1381M (4%)             -                  -          
[190.375s][info][gc,heap     ] GC(79) Allocated:         -                 2M (0%)           24M (0%)           24M (0%)             -                  -          
[190.375s][info][gc,heap     ] GC(79)   Garbage:         -               484M (2%)          308M (1%)          178M (1%)             -                  -          
[190.375s][info][gc,heap     ] GC(79) Reclaimed:         -                  -               176M (1%)          306M (1%)             -                  -          
[190.375s][info][gc          ] GC(79) Garbage Collection (System.gc()) 1866M(6%)->1584M(5%)
[191.368s][info][gc,start    ] GC(80) Garbage Collection (Allocation Rate)
[191.368s][info][gc,task     ] GC(80) Using 12 workers
[191.369s][info][gc,phases   ] GC(80) Pause Mark Start 0.012ms
[191.548s][info][gc,phases   ] GC(80) Concurrent Mark 102.031ms
[191.549s][info][gc,phases   ] GC(80) Pause Mark End 0.050ms
[191.559s][info][gc,phases   ] GC(80) Concurrent Mark Free 0.022ms
[191.569s][info][gc,phases   ] GC(80) Concurrent Process Non-Strong References 10.208ms
[191.569s][info][gc,phases   ] GC(80) Concurrent Reset Relocation Set 0.010ms
[191.620s][info][gc,phases   ] GC(80) Concurrent Select Relocation Set 50.107ms
[191.620s][info][gc,phases   ] GC(80) Pause Relocate Start 0.009ms
[191.647s][info][gc,phases   ] GC(80) Concurrent Relocate 23.245ms
[191.647s][info][gc,load     ] GC(80) Load: 0.00/0.00/0.00
[191.647s][info][gc,mmu      ] GC(80) MMU: 2ms/94.7%, 5ms/97.9%, 10ms/98.9%, 20ms/99.4%, 50ms/99.7%, 100ms/99.8%
[191.647s][info][gc,marking  ] GC(80) Mark: 8 stripe(s), 2 proactive flush(es), 1 terminate flush(es), 0 completion(s), 0 continuation(s) 
[191.647s][info][gc,marking  ] GC(80) Mark Stack Usage: 32M
[191.647s][info][gc,nmethod  ] GC(80) NMethods: 11007 registered, 2890 unregistered
[191.647s][info][gc,metaspace] GC(80) Metaspace: 124M used, 128M committed, 1152M reserved
[191.647s][info][gc,ref      ] GC(80) Soft: 5956 encountered, 0 discovered, 0 enqueued
[191.647s][info][gc,ref      ] GC(80) Weak: 15633 encountered, 6310 discovered, 728 enqueued
[191.647s][info][gc,ref      ] GC(80) Final: 234 encountered, 5 discovered, 0 enqueued
[191.647s][info][gc,ref      ] GC(80) Phantom: 749 encountered, 684 discovered, 0 enqueued
[191.647s][info][gc,reloc    ] GC(80) Small Pages: 6702 / 13404M, Empty: 12920M, Relocated: 13M, In-Place: 0
[191.647s][info][gc,reloc    ] GC(80) Medium Pages: 47 / 1504M, Empty: 32M, Relocated: 0M, In-Place: 0
[191.647s][info][gc,reloc    ] GC(80) Large Pages: 1 / 6M, Empty: 6M, Relocated: 0M, In-Place: 0
[191.647s][info][gc,reloc    ] GC(80) Forwarding Usage: 3M
[191.647s][info][gc,heap     ] GC(80) Min Capacity: 8M(0%)
[191.647s][info][gc,heap     ] GC(80) Max Capacity: 30718M(100%)
[191.647s][info][gc,heap     ] GC(80) Soft Max Capacity: 30718M(100%)
[191.647s][info][gc,heap     ] GC(80)                Mark Start          Mark End        Relocate Start      Relocate End           High               Low         
[191.647s][info][gc,heap     ] GC(80)  Capacity:    19664M (64%)       19664M (64%)       19664M (64%)       19664M (64%)       19664M (64%)       19664M (64%)    
[191.647s][info][gc,heap     ] GC(80)      Free:    15804M (51%)       13222M (43%)       25428M (83%)       25478M (83%)       25880M (84%)       12934M (42%)    
[191.647s][info][gc,heap     ] GC(80)      Used:    14914M (49%)       17496M (57%)        5290M (17%)        5240M (17%)       17784M (58%)        4838M (16%)    
[191.647s][info][gc,heap     ] GC(80)      Live:         -              1389M (5%)         1389M (5%)         1389M (5%)             -                  -          
[191.647s][info][gc,heap     ] GC(80) Allocated:         -              2582M (8%)         3334M (11%)        3676M (12%)            -                  -          
[191.647s][info][gc,heap     ] GC(80)   Garbage:         -             13524M (44%)         566M (2%)          173M (1%)             -                  -          
[191.647s][info][gc,heap     ] GC(80) Reclaimed:         -                  -             12958M (42%)       13350M (43%)            -                  -          
[191.648s][info][gc          ] GC(80) Garbage Collection (Allocation Rate) 14914M(49%)->5240M(17%)
[193.829s][info][gc,start    ] GC(81) Garbage Collection (System.gc())
[193.829s][info][gc,task     ] GC(81) Using 12 workers
[193.829s][info][gc,phases   ] GC(81) Pause Mark Start 0.015ms
[193.867s][info][gc,phases   ] GC(81) Concurrent Mark 38.194ms
[193.868s][info][gc,phases   ] GC(81) Pause Mark End 0.049ms
[193.868s][info][gc,phases   ] GC(81) Concurrent Mark Free 0.001ms
[193.872s][info][gc,phases   ] GC(81) Concurrent Process Non-Strong References 4.190ms
[193.872s][info][gc,phases   ] GC(81) Concurrent Reset Relocation Set 0.025ms
[193.876s][info][gc,phases   ] GC(81) Concurrent Select Relocation Set 3.952ms
[193.876s][info][gc,phases   ] GC(81) Pause Relocate Start 0.008ms
[193.878s][info][gc,phases   ] GC(81) Concurrent Relocate 2.288ms
[193.878s][info][gc,load     ] GC(81) Load: 0.00/0.00/0.00
[193.878s][info][gc,mmu      ] GC(81) MMU: 2ms/94.7%, 5ms/97.9%, 10ms/98.9%, 20ms/99.4%, 50ms/99.7%, 100ms/99.8%
[193.879s][info][gc,marking  ] GC(81) Mark: 8 stripe(s), 3 proactive flush(es), 1 terminate flush(es), 0 completion(s), 0 continuation(s) 
[193.879s][info][gc,marking  ] GC(81) Mark Stack Usage: 32M
[193.879s][info][gc,nmethod  ] GC(81) NMethods: 11045 registered, 2900 unregistered
[193.879s][info][gc,metaspace] GC(81) Metaspace: 124M used, 128M committed, 1152M reserved
[193.879s][info][gc,ref      ] GC(81) Soft: 5908 encountered, 0 discovered, 0 enqueued
[193.879s][info][gc,ref      ] GC(81) Weak: 14925 encountered, 6066 discovered, 154 enqueued
[193.879s][info][gc,ref      ] GC(81) Final: 234 encountered, 0 discovered, 0 enqueued
[193.879s][info][gc,ref      ] GC(81) Phantom: 749 encountered, 582 discovered, 0 enqueued
[193.879s][info][gc,reloc    ] GC(81) Small Pages: 2409 / 4818M, Empty: 4526M, Relocated: 1M, In-Place: 0
[193.879s][info][gc,reloc    ] GC(81) Medium Pages: 47 / 1504M, Empty: 32M, Relocated: 0M, In-Place: 0
[193.879s][info][gc,reloc    ] GC(81) Large Pages: 1 / 6M, Empty: 6M, Relocated: 0M, In-Place: 0
[193.879s][info][gc,reloc    ] GC(81) Forwarding Usage: 0M
[193.879s][info][gc,heap     ] GC(81) Min Capacity: 8M(0%)
[193.879s][info][gc,heap     ] GC(81) Max Capacity: 30718M(100%)
[193.879s][info][gc,heap     ] GC(81) Soft Max Capacity: 30718M(100%)
[193.879s][info][gc,heap     ] GC(81)                Mark Start          Mark End        Relocate Start      Relocate End           High               Low         
[193.879s][info][gc,heap     ] GC(81)  Capacity:    19664M (64%)       19664M (64%)       19664M (64%)       19664M (64%)       19664M (64%)       19664M (64%)    
[193.879s][info][gc,heap     ] GC(81)      Free:    24390M (79%)       24384M (79%)       28928M (94%)       29124M (95%)       29124M (95%)       24384M (79%)    
[193.879s][info][gc,heap     ] GC(81)      Used:     6328M (21%)        6334M (21%)        1790M (6%)         1594M (5%)         6334M (21%)        1594M (5%)     
[193.879s][info][gc,heap     ] GC(81)      Live:         -              1381M (4%)         1381M (4%)         1381M (4%)             -                  -          
[193.879s][info][gc,heap     ] GC(81) Allocated:         -                 6M (0%)           26M (0%)           25M (0%)             -                  -          
[193.879s][info][gc,heap     ] GC(81)   Garbage:         -              4946M (16%)         382M (1%)          186M (1%)             -                  -          
[193.879s][info][gc,heap     ] GC(81) Reclaimed:         -                  -              4564M (15%)        4759M (15%)            -                  -          
[193.879s][info][gc          ] GC(81) Garbage Collection (System.gc()) 6328M(21%)->1594M(5%)
[194.569s][info][gc,start    ] GC(82) Garbage Collection (Allocation Rate)
[194.570s][info][gc,task     ] GC(82) Using 12 workers
[194.570s][info][gc,phases   ] GC(82) Pause Mark Start 0.012ms
[194.975s][info][gc,phases   ] GC(82) Concurrent Mark 219.195ms
[194.976s][info][gc,phases   ] GC(82) Pause Mark End 0.039ms
[194.986s][info][gc,phases   ] GC(82) Concurrent Mark Free 0.001ms
[195.030s][info][gc,phases   ] GC(82) Concurrent Process Non-Strong References 43.147ms
[195.030s][info][gc,phases   ] GC(82) Concurrent Reset Relocation Set 0.010ms
[195.070s][info][gc,phases   ] GC(82) Concurrent Select Relocation Set 40.250ms
[195.071s][info][gc,phases   ] GC(82) Pause Relocate Start 0.011ms
[195.104s][info][gc,phases   ] GC(82) Concurrent Relocate 29.743ms
[195.105s][info][gc,load     ] GC(82) Load: 0.00/0.00/0.00
[195.105s][info][gc,mmu      ] GC(82) MMU: 2ms/94.7%, 5ms/97.9%, 10ms/98.9%, 20ms/99.4%, 50ms/99.7%, 100ms/99.8%
[195.105s][info][gc,marking  ] GC(82) Mark: 8 stripe(s), 2 proactive flush(es), 1 terminate flush(es), 0 completion(s), 0 continuation(s) 
[195.105s][info][gc,marking  ] GC(82) Mark Stack Usage: 32M
[195.105s][info][gc,nmethod  ] GC(82) NMethods: 9485 registered, 0 unregistered
[195.105s][info][gc,metaspace] GC(82) Metaspace: 124M used, 128M committed, 1152M reserved
[195.105s][info][gc,ref      ] GC(82) Soft: 5956 encountered, 0 discovered, 0 enqueued
[195.105s][info][gc,ref      ] GC(82) Weak: 15639 encountered, 5769 discovered, 732 enqueued
[195.105s][info][gc,ref      ] GC(82) Final: 234 encountered, 6 discovered, 0 enqueued
[195.105s][info][gc,ref      ] GC(82) Phantom: 749 encountered, 711 discovered, 0 enqueued
[195.105s][info][gc,reloc    ] GC(82) Small Pages: 4562 / 9124M, Empty: 8628M, Relocated: 13M, In-Place: 0
[195.105s][info][gc,reloc    ] GC(82) Medium Pages: 47 / 1504M, Empty: 32M, Relocated: 0M, In-Place: 0
[195.105s][info][gc,reloc    ] GC(82) Large Pages: 1 / 6M, Empty: 6M, Relocated: 0M, In-Place: 0
[195.105s][info][gc,reloc    ] GC(82) Forwarding Usage: 3M
[195.105s][info][gc,heap     ] GC(82) Min Capacity: 8M(0%)
[195.105s][info][gc,heap     ] GC(82) Max Capacity: 30718M(100%)
[195.105s][info][gc,heap     ] GC(82) Soft Max Capacity: 30718M(100%)
[195.105s][info][gc,heap     ] GC(82)                Mark Start          Mark End        Relocate Start      Relocate End           High               Low         
[195.105s][info][gc,heap     ] GC(82)  Capacity:    19664M (64%)       19664M (64%)       19664M (64%)       19664M (64%)       19664M (64%)       19664M (64%)    
[195.105s][info][gc,heap     ] GC(82)      Free:    20084M (65%)       19440M (63%)       27576M (90%)       27530M (90%)       28010M (91%)       19350M (63%)    
[195.105s][info][gc,heap     ] GC(82)      Used:    10634M (35%)       11278M (37%)        3142M (10%)        3188M (10%)       11368M (37%)        2708M (9%)     
[195.105s][info][gc,heap     ] GC(82)      Live:         -              1389M (5%)         1389M (5%)         1389M (5%)             -                  -          
[195.105s][info][gc,heap     ] GC(82) Allocated:         -               644M (2%)         1174M (4%)         1622M (5%)             -                  -          
[195.106s][info][gc,heap     ] GC(82)   Garbage:         -              9244M (30%)         578M (2%)          176M (1%)             -                  -          
[195.106s][info][gc,heap     ] GC(82) Reclaimed:         -                  -              8666M (28%)        9068M (30%)            -                  -          
[195.106s][info][gc          ] GC(82) Garbage Collection (Allocation Rate) 10634M(35%)->3188M(10%)
[196.157s][info][gc,start    ] GC(83) Garbage Collection (System.gc())
[196.157s][info][gc,task     ] GC(83) Using 12 workers
[196.157s][info][gc,phases   ] GC(83) Pause Mark Start 0.016ms
[196.203s][info][gc,phases   ] GC(83) Concurrent Mark 45.331ms
[196.203s][info][gc,phases   ] GC(83) Pause Mark End 0.030ms
[196.203s][info][gc,phases   ] GC(83) Concurrent Mark Free 0.001ms
[196.207s][info][gc,phases   ] GC(83) Concurrent Process Non-Strong References 3.743ms
[196.207s][info][gc,phases   ] GC(83) Concurrent Reset Relocation Set 0.033ms
[196.212s][info][gc,phases   ] GC(83) Concurrent Select Relocation Set 5.100ms
[196.212s][info][gc,phases   ] GC(83) Pause Relocate Start 0.010ms
[196.215s][info][gc,phases   ] GC(83) Concurrent Relocate 3.271ms
[196.216s][info][gc,load     ] GC(83) Load: 0.00/0.00/0.00
[196.216s][info][gc,mmu      ] GC(83) MMU: 2ms/94.7%, 5ms/97.9%, 10ms/98.9%, 20ms/99.4%, 50ms/99.7%, 100ms/99.8%
[196.216s][info][gc,marking  ] GC(83) Mark: 8 stripe(s), 4 proactive flush(es), 1 terminate flush(es), 0 completion(s), 0 continuation(s) 
[196.216s][info][gc,marking  ] GC(83) Mark Stack Usage: 32M
[196.216s][info][gc,nmethod  ] GC(83) NMethods: 9520 registered, 6 unregistered
[196.216s][info][gc,metaspace] GC(83) Metaspace: 124M used, 128M committed, 1152M reserved
[196.216s][info][gc,ref      ] GC(83) Soft: 5908 encountered, 0 discovered, 0 enqueued
[196.216s][info][gc,ref      ] GC(83) Weak: 14932 encountered, 6258 discovered, 154 enqueued
[196.216s][info][gc,ref      ] GC(83) Final: 234 encountered, 0 discovered, 0 enqueued
[196.216s][info][gc,ref      ] GC(83) Phantom: 750 encountered, 429 discovered, 1 enqueued
[196.216s][info][gc,reloc    ] GC(83) Small Pages: 4559 / 9118M, Empty: 8806M, Relocated: 6M, In-Place: 0
[196.216s][info][gc,reloc    ] GC(83) Medium Pages: 47 / 1504M, Empty: 32M, Relocated: 0M, In-Place: 0
[196.216s][info][gc,reloc    ] GC(83) Large Pages: 1 / 6M, Empty: 6M, Relocated: 0M, In-Place: 0
[196.216s][info][gc,reloc    ] GC(83) Forwarding Usage: 2M
[196.216s][info][gc,heap     ] GC(83) Min Capacity: 8M(0%)
[196.216s][info][gc,heap     ] GC(83) Max Capacity: 30718M(100%)
[196.216s][info][gc,heap     ] GC(83) Soft Max Capacity: 30718M(100%)
[196.216s][info][gc,heap     ] GC(83)                Mark Start          Mark End        Relocate Start      Relocate End           High               Low         
[196.216s][info][gc,heap     ] GC(83)  Capacity:    19664M (64%)       19664M (64%)       19664M (64%)       19664M (64%)       19664M (64%)       19664M (64%)    
[196.216s][info][gc,heap     ] GC(83)      Free:    20090M (65%)       20084M (65%)       28904M (94%)       29128M (95%)       29128M (95%)       20082M (65%)    
[196.216s][info][gc,heap     ] GC(83)      Used:    10628M (35%)       10634M (35%)        1814M (6%)         1590M (5%)        10636M (35%)        1590M (5%)     
[196.216s][info][gc,heap     ] GC(83)      Live:         -              1381M (4%)         1381M (4%)         1381M (4%)             -                  -          
[196.216s][info][gc,heap     ] GC(83) Allocated:         -                 6M (0%)           30M (0%)           30M (0%)             -                  -          
[196.216s][info][gc,heap     ] GC(83)   Garbage:         -              9246M (30%)         402M (1%)          178M (1%)             -                  -          
[196.216s][info][gc,heap     ] GC(83) Reclaimed:         -                  -              8844M (29%)        9068M (30%)            -                  -          
[196.216s][info][gc          ] GC(83) Garbage Collection (System.gc()) 10628M(35%)->1590M(5%)
[197.081s][info][gc,start    ] GC(84) Garbage Collection (Allocation Rate)
[197.081s][info][gc,task     ] GC(84) Using 12 workers
[197.082s][info][gc,phases   ] GC(84) Pause Mark Start 0.012ms
[197.362s][info][gc,phases   ] GC(84) Concurrent Mark 279.475ms
[197.363s][info][gc,phases   ] GC(84) Pause Mark End 0.060ms
[197.381s][info][gc,phases   ] GC(84) Concurrent Mark Free 0.017ms
[197.411s][info][gc,phases   ] GC(84) Concurrent Process Non-Strong References 29.508ms
[197.412s][info][gc,phases   ] GC(84) Concurrent Reset Relocation Set 0.100ms
[197.465s][info][gc,phases   ] GC(84) Concurrent Select Relocation Set 53.064ms
[197.466s][info][gc,phases   ] GC(84) Pause Relocate Start 0.008ms
[197.499s][info][gc,phases   ] GC(84) Concurrent Relocate 30.498ms
[197.500s][info][gc,load     ] GC(84) Load: 0.00/0.00/0.00
[197.500s][info][gc,mmu      ] GC(84) MMU: 2ms/94.7%, 5ms/97.9%, 10ms/98.9%, 20ms/99.4%, 50ms/99.7%, 100ms/99.8%
[197.500s][info][gc,marking  ] GC(84) Mark: 8 stripe(s), 2 proactive flush(es), 2 terminate flush(es), 0 completion(s), 0 continuation(s) 
[197.500s][info][gc,marking  ] GC(84) Mark Stack Usage: 32M
[197.500s][info][gc,nmethod  ] GC(84) NMethods: 9528 registered, 28 unregistered
[197.500s][info][gc,metaspace] GC(84) Metaspace: 124M used, 128M committed, 1152M reserved
[197.500s][info][gc,ref      ] GC(84) Soft: 5956 encountered, 0 discovered, 0 enqueued
[197.500s][info][gc,ref      ] GC(84) Weak: 15641 encountered, 2655 discovered, 731 enqueued
[197.500s][info][gc,ref      ] GC(84) Final: 234 encountered, 1 discovered, 0 enqueued
[197.500s][info][gc,ref      ] GC(84) Phantom: 749 encountered, 651 discovered, 0 enqueued
[197.500s][info][gc,reloc    ] GC(84) Small Pages: 5826 / 11652M, Empty: 11172M, Relocated: 13M, In-Place: 0
[197.500s][info][gc,reloc    ] GC(84) Medium Pages: 47 / 1504M, Empty: 32M, Relocated: 0M, In-Place: 0
[197.500s][info][gc,reloc    ] GC(84) Large Pages: 1 / 6M, Empty: 6M, Relocated: 0M, In-Place: 0
[197.500s][info][gc,reloc    ] GC(84) Forwarding Usage: 3M
[197.500s][info][gc,heap     ] GC(84) Min Capacity: 8M(0%)
[197.500s][info][gc,heap     ] GC(84) Max Capacity: 30718M(100%)
[197.500s][info][gc,heap     ] GC(84) Soft Max Capacity: 30718M(100%)
[197.500s][info][gc,heap     ] GC(84)                Mark Start          Mark End        Relocate Start      Relocate End           High               Low         
[197.500s][info][gc,heap     ] GC(84)  Capacity:    19664M (64%)       19664M (64%)       19664M (64%)       19664M (64%)       19664M (64%)       19664M (64%)    
[197.500s][info][gc,heap     ] GC(84)      Free:    17556M (57%)       15068M (49%)       24806M (81%)       24746M (81%)       25380M (83%)       14370M (47%)    
[197.500s][info][gc,heap     ] GC(84)      Used:    13162M (43%)       15650M (51%)        5912M (19%)        5972M (19%)       16348M (53%)        5338M (17%)    
[197.500s][info][gc,heap     ] GC(84)      Live:         -              1389M (5%)         1389M (5%)         1389M (5%)             -                  -          
[197.500s][info][gc,heap     ] GC(84) Allocated:         -              2488M (8%)         3960M (13%)        4408M (14%)            -                  -          
[197.500s][info][gc,heap     ] GC(84)   Garbage:         -             11772M (38%)         562M (2%)          173M (1%)             -                  -          
[197.500s][info][gc,heap     ] GC(84) Reclaimed:         -                  -             11210M (36%)       11598M (38%)            -                  -          
[197.500s][info][gc          ] GC(84) Garbage Collection (Allocation Rate) 13162M(43%)->5972M(19%)
[197.572s][info][gc,start    ] GC(85) Garbage Collection (Allocation Rate)
[197.572s][info][gc,task     ] GC(85) Using 12 workers
[197.573s][info][gc,phases   ] GC(85) Pause Mark Start 0.011ms
[197.653s][info][gc,phases   ] GC(85) Concurrent Mark 79.671ms
[197.653s][info][gc,phases   ] GC(85) Pause Mark End 0.037ms
[197.653s][info][gc,phases   ] GC(85) Concurrent Mark Free 0.002ms
[197.661s][info][gc,phases   ] GC(85) Concurrent Process Non-Strong References 8.219ms
[197.661s][info][gc,phases   ] GC(85) Concurrent Reset Relocation Set 0.025ms
[197.671s][info][gc,phases   ] GC(85) Concurrent Select Relocation Set 9.627ms
[197.671s][info][gc,phases   ] GC(85) Pause Relocate Start 0.006ms
[197.693s][info][gc,phases   ] GC(85) Concurrent Relocate 21.562ms
[197.693s][info][gc,load     ] GC(85) Load: 0.00/0.00/0.00
[197.693s][info][gc,mmu      ] GC(85) MMU: 2ms/94.7%, 5ms/97.9%, 10ms/98.9%, 20ms/99.4%, 50ms/99.7%, 100ms/99.8%
[197.693s][info][gc,marking  ] GC(85) Mark: 8 stripe(s), 2 proactive flush(es), 1 terminate flush(es), 0 completion(s), 0 continuation(s) 
[197.693s][info][gc,marking  ] GC(85) Mark Stack Usage: 32M
[197.693s][info][gc,nmethod  ] GC(85) NMethods: 9529 registered, 28 unregistered
[197.693s][info][gc,metaspace] GC(85) Metaspace: 124M used, 128M committed, 1152M reserved
[197.693s][info][gc,ref      ] GC(85) Soft: 5955 encountered, 0 discovered, 0 enqueued
[197.693s][info][gc,ref      ] GC(85) Weak: 14906 encountered, 5029 discovered, 9 enqueued
[197.693s][info][gc,ref      ] GC(85) Final: 234 encountered, 1 discovered, 0 enqueued
[197.693s][info][gc,ref      ] GC(85) Phantom: 749 encountered, 597 discovered, 0 enqueued
[197.693s][info][gc,reloc    ] GC(85) Small Pages: 2766 / 5532M, Empty: 5140M, Relocated: 10M, In-Place: 0
[197.693s][info][gc,reloc    ] GC(85) Medium Pages: 46 / 1472M, Empty: 0M, Relocated: 0M, In-Place: 0
[197.693s][info][gc,reloc    ] GC(85) Large Pages: 0 / 0M, Empty: 0M, Relocated: 0M, In-Place: 0
[197.693s][info][gc,reloc    ] GC(85) Forwarding Usage: 2M
[197.694s][info][gc,heap     ] GC(85) Min Capacity: 8M(0%)
[197.694s][info][gc,heap     ] GC(85) Max Capacity: 30718M(100%)
[197.694s][info][gc,heap     ] GC(85) Soft Max Capacity: 30718M(100%)
[197.694s][info][gc,heap     ] GC(85)                Mark Start          Mark End        Relocate Start      Relocate End           High               Low         
[197.694s][info][gc,heap     ] GC(85)  Capacity:    19664M (64%)       19664M (64%)       19664M (64%)       19664M (64%)       19664M (64%)       19664M (64%)    
[197.694s][info][gc,heap     ] GC(85)      Free:    23714M (77%)       23534M (77%)       28626M (93%)       28618M (93%)       28886M (94%)       23522M (77%)    
[197.694s][info][gc,heap     ] GC(85)      Used:     7004M (23%)        7184M (23%)        2092M (7%)         2100M (7%)         7196M (23%)        1832M (6%)     
[197.694s][info][gc,heap     ] GC(85)      Live:         -              1389M (5%)         1389M (5%)         1389M (5%)             -                  -          
[197.694s][info][gc,heap     ] GC(85) Allocated:         -               180M (1%)          228M (1%)          532M (2%)             -                  -          
[197.694s][info][gc,heap     ] GC(85)   Garbage:         -              5614M (18%)         474M (2%)          177M (1%)             -                  -          
[197.694s][info][gc,heap     ] GC(85) Reclaimed:         -                  -              5140M (17%)        5436M (18%)            -                  -          
[197.694s][info][gc          ] GC(85) Garbage Collection (Allocation Rate) 7004M(23%)->2100M(7%)
[198.211s][info][gc,start    ] GC(86) Garbage Collection (System.gc())
[198.211s][info][gc,task     ] GC(86) Using 12 workers
[198.211s][info][gc,phases   ] GC(86) Pause Mark Start 0.015ms
[198.252s][info][gc,phases   ] GC(86) Concurrent Mark 40.436ms
[198.252s][info][gc,phases   ] GC(86) Pause Mark End 0.031ms
[198.252s][info][gc,phases   ] GC(86) Concurrent Mark Free 0.001ms
[198.256s][info][gc,phases   ] GC(86) Concurrent Process Non-Strong References 4.031ms
[198.256s][info][gc,phases   ] GC(86) Concurrent Reset Relocation Set 0.023ms
[198.263s][info][gc,phases   ] GC(86) Concurrent Select Relocation Set 6.883ms
[198.263s][info][gc,phases   ] GC(86) Pause Relocate Start 0.010ms
[198.266s][info][gc,phases   ] GC(86) Concurrent Relocate 3.015ms
[198.266s][info][gc,load     ] GC(86) Load: 0.00/0.00/0.00
[198.266s][info][gc,mmu      ] GC(86) MMU: 2ms/94.7%, 5ms/97.9%, 10ms/98.9%, 20ms/99.4%, 50ms/99.7%, 100ms/99.8%
[198.266s][info][gc,marking  ] GC(86) Mark: 8 stripe(s), 2 proactive flush(es), 1 terminate flush(es), 0 completion(s), 0 continuation(s) 
[198.266s][info][gc,marking  ] GC(86) Mark Stack Usage: 32M
[198.266s][info][gc,nmethod  ] GC(86) NMethods: 9534 registered, 42 unregistered
[198.266s][info][gc,metaspace] GC(86) Metaspace: 124M used, 128M committed, 1152M reserved
[198.266s][info][gc,ref      ] GC(86) Soft: 5908 encountered, 0 discovered, 0 enqueued
[198.266s][info][gc,ref      ] GC(86) Weak: 14938 encountered, 7599 discovered, 153 enqueued
[198.266s][info][gc,ref      ] GC(86) Final: 234 encountered, 3 discovered, 0 enqueued
[198.266s][info][gc,ref      ] GC(86) Phantom: 749 encountered, 551 discovered, 0 enqueued
[198.267s][info][gc,reloc    ] GC(86) Small Pages: 597 / 1194M, Empty: 916M, Relocated: 6M, In-Place: 0
[198.267s][info][gc,reloc    ] GC(86) Medium Pages: 47 / 1504M, Empty: 32M, Relocated: 0M, In-Place: 0
[198.267s][info][gc,reloc    ] GC(86) Large Pages: 1 / 6M, Empty: 6M, Relocated: 0M, In-Place: 0
[198.267s][info][gc,reloc    ] GC(86) Forwarding Usage: 2M
[198.267s][info][gc,heap     ] GC(86) Min Capacity: 8M(0%)
[198.267s][info][gc,heap     ] GC(86) Max Capacity: 30718M(100%)
[198.267s][info][gc,heap     ] GC(86) Soft Max Capacity: 30718M(100%)
[198.267s][info][gc,heap     ] GC(86)                Mark Start          Mark End        Relocate Start      Relocate End           High               Low         
[198.267s][info][gc,heap     ] GC(86)  Capacity:    19664M (64%)       19664M (64%)       19664M (64%)       19664M (64%)       19664M (64%)       19664M (64%)    
[198.267s][info][gc,heap     ] GC(86)      Free:    28014M (91%)       28014M (91%)       28944M (94%)       29134M (95%)       29134M (95%)       28012M (91%)    
[198.267s][info][gc,heap     ] GC(86)      Used:     2704M (9%)         2704M (9%)         1774M (6%)         1584M (5%)         2706M (9%)         1584M (5%)     
[198.267s][info][gc,heap     ] GC(86)      Live:         -              1381M (4%)         1381M (4%)         1381M (4%)             -                  -          
[198.267s][info][gc,heap     ] GC(86) Allocated:         -                 0M (0%)           24M (0%)           24M (0%)             -                  -          
[198.267s][info][gc,heap     ] GC(86)   Garbage:         -              1322M (4%)          368M (1%)          178M (1%)             -                  -          
[198.267s][info][gc,heap     ] GC(86) Reclaimed:         -                  -               954M (3%)         1144M (4%)             -                  -          
[198.267s][info][gc          ] GC(86) Garbage Collection (System.gc()) 2704M(9%)->1584M(5%)
[199.267s][info][gc,start    ] GC(87) Garbage Collection (Allocation Rate)
[199.267s][info][gc,task     ] GC(87) Using 12 workers
[199.268s][info][gc,phases   ] GC(87) Pause Mark Start 0.013ms
[199.473s][info][gc,phases   ] GC(87) Concurrent Mark 174.909ms
[199.473s][info][gc,phases   ] GC(87) Pause Mark End 0.044ms
[199.523s][info][gc,phases   ] GC(87) Concurrent Mark Free 0.023ms
[199.542s][info][gc,phases   ] GC(87) Concurrent Process Non-Strong References 18.559ms
[199.542s][info][gc,phases   ] GC(87) Concurrent Reset Relocation Set 0.091ms
[199.582s][info][gc,phases   ] GC(87) Concurrent Select Relocation Set 39.411ms
[199.582s][info][gc,phases   ] GC(87) Pause Relocate Start 0.014ms
[199.601s][info][gc,phases   ] GC(87) Concurrent Relocate 18.579ms
[199.601s][info][gc,load     ] GC(87) Load: 0.00/0.00/0.00
[199.601s][info][gc,mmu      ] GC(87) MMU: 2ms/94.7%, 5ms/97.9%, 10ms/98.9%, 20ms/99.4%, 50ms/99.7%, 100ms/99.8%
[199.601s][info][gc,marking  ] GC(87) Mark: 8 stripe(s), 2 proactive flush(es), 1 terminate flush(es), 0 completion(s), 0 continuation(s) 
[199.601s][info][gc,marking  ] GC(87) Mark Stack Usage: 32M
[199.601s][info][gc,nmethod  ] GC(87) NMethods: 9621 registered, 61 unregistered
[199.601s][info][gc,metaspace] GC(87) Metaspace: 124M used, 128M committed, 1152M reserved
[199.601s][info][gc,ref      ] GC(87) Soft: 5956 encountered, 0 discovered, 0 enqueued
[199.601s][info][gc,ref      ] GC(87) Weak: 15649 encountered, 6486 discovered, 731 enqueued
[199.601s][info][gc,ref      ] GC(87) Final: 234 encountered, 7 discovered, 0 enqueued
[199.601s][info][gc,ref      ] GC(87) Phantom: 749 encountered, 579 discovered, 0 enqueued
[199.601s][info][gc,reloc    ] GC(87) Small Pages: 6771 / 13542M, Empty: 13052M, Relocated: 13M, In-Place: 0
[199.601s][info][gc,reloc    ] GC(87) Medium Pages: 47 / 1504M, Empty: 32M, Relocated: 0M, In-Place: 0
[199.601s][info][gc,reloc    ] GC(87) Large Pages: 1 / 6M, Empty: 6M, Relocated: 0M, In-Place: 0
[199.601s][info][gc,reloc    ] GC(87) Forwarding Usage: 3M
[199.602s][info][gc,heap     ] GC(87) Min Capacity: 8M(0%)
[199.602s][info][gc,heap     ] GC(87) Max Capacity: 30718M(100%)
[199.602s][info][gc,heap     ] GC(87) Soft Max Capacity: 30718M(100%)
[199.602s][info][gc,heap     ] GC(87)                Mark Start          Mark End        Relocate Start      Relocate End           High               Low         
[199.602s][info][gc,heap     ] GC(87)  Capacity:    19664M (64%)       19664M (64%)       19664M (64%)       19664M (64%)       19664M (64%)       19664M (64%)    
[199.602s][info][gc,heap     ] GC(87)      Free:    15666M (51%)       13610M (44%)       25316M (82%)       25478M (83%)       25652M (84%)       12626M (41%)    
[199.602s][info][gc,heap     ] GC(87)      Used:    15052M (49%)       17108M (56%)        5402M (18%)        5240M (17%)       18092M (59%)        5066M (16%)    
[199.602s][info][gc,heap     ] GC(87)      Live:         -              1389M (5%)         1389M (5%)         1389M (5%)             -                  -          
[199.602s][info][gc,heap     ] GC(87) Allocated:         -              2056M (7%)         3440M (11%)        3677M (12%)            -                  -          
[199.602s][info][gc,heap     ] GC(87)   Garbage:         -             13662M (44%)         572M (2%)          173M (1%)             -                  -          
[199.602s][info][gc,heap     ] GC(87) Reclaimed:         -                  -             13090M (43%)       13489M (44%)            -                  -          
[199.602s][info][gc          ] GC(87) Garbage Collection (Allocation Rate) 15052M(49%)->5240M(17%)
[200.148s][info][gc,start    ] GC(88) Garbage Collection (System.gc())
[200.148s][info][gc,task     ] GC(88) Using 12 workers
[200.148s][info][gc,phases   ] GC(88) Pause Mark Start 0.016ms
[200.174s][info][gc,stats    ] === Garbage Collection Statistics =======================================================================================================================
[200.174s][info][gc,stats    ]                                                              Last 10s              Last 10m              Last 10h                Total
[200.174s][info][gc,stats    ]                                                              Avg / Max             Avg / Max             Avg / Max             Avg / Max
[200.174s][info][gc,stats    ]   Collector: Garbage Collection Cycle                    211.998 / 535.705     325.965 / 1749.322    325.965 / 1749.322    325.965 / 1749.322    ms
[200.174s][info][gc,stats    ]  Contention: Mark Segment Reset Contention                     8 / 18                3 / 65                3 / 65                3 / 65          ops/s
[200.174s][info][gc,stats    ]  Contention: Mark SeqNum Reset Contention                      0 / 2                 0 / 5                 0 / 5                 0 / 5           ops/s
[200.174s][info][gc,stats    ]    Critical: Allocation Stall                                  0 / 0                 0 / 0                 0 / 0                 0 / 0           ops/s
[200.174s][info][gc,stats    ]    Critical: Allocation Stall                              0.000 / 0.000         0.000 / 0.000         0.000 / 0.000         0.000 / 0.000       ms
[200.174s][info][gc,stats    ]    Critical: GC Locker Stall                                   0 / 0                 0 / 1                 0 / 1                 0 / 1           ops/s
[200.174s][info][gc,stats    ]    Critical: GC Locker Stall                               0.000 / 0.000         0.001 / 0.001         0.001 / 0.001         0.001 / 0.001       ms
[200.174s][info][gc,stats    ]    Critical: Relocation Stall                                  0 / 0                 0 / 0                 0 / 0                 0 / 0           ops/s
[200.174s][info][gc,stats    ]    Critical: Relocation Stall                              0.000 / 0.000         0.000 / 0.000         0.000 / 0.000         0.000 / 0.000       ms
[200.174s][info][gc,stats    ]      Memory: Allocation Rate                                7257 / 12028          2763 / 14392          2763 / 14392          2763 / 14392       MB/s
[200.174s][info][gc,stats    ]      Memory: Defragment                                        0 / 0                13 / 560              13 / 560              13 / 560         ops/s
[200.174s][info][gc,stats    ]      Memory: Out Of Memory                                     0 / 0                 0 / 0                 0 / 0                 0 / 0           ops/s
[200.174s][info][gc,stats    ]      Memory: Page Cache Flush                                  0 / 0                27 / 1122             27 / 1122             27 / 1122        MB/s
[200.174s][info][gc,stats    ]      Memory: Page Cache Hit L1                              3626 / 6007           1305 / 7196           1305 / 7196           1305 / 7196        ops/s
[200.174s][info][gc,stats    ]      Memory: Page Cache Hit L2                                 0 / 0                 0 / 0                 0 / 0                 0 / 0           ops/s
[200.174s][info][gc,stats    ]      Memory: Page Cache Hit L3                                 0 / 0                17 / 503              17 / 503              17 / 503         ops/s
[200.174s][info][gc,stats    ]      Memory: Page Cache Miss                                   0 / 0                27 / 735              27 / 735              27 / 735         ops/s
[200.174s][info][gc,stats    ]      Memory: Uncommit                                          0 / 0                 0 / 0                 0 / 0                 0 / 0           MB/s
[200.174s][info][gc,stats    ]      Memory: Undo Object Allocation Failed                     0 / 1                 0 / 2                 0 / 2                 0 / 2           ops/s
[200.174s][info][gc,stats    ]      Memory: Undo Object Allocation Succeeded                  4 / 25                3 / 75                3 / 75                3 / 75          ops/s
[200.174s][info][gc,stats    ]      Memory: Undo Page Allocation                              1 / 4                 4 / 146               4 / 146               4 / 146         ops/s
[200.174s][info][gc,stats    ]       Phase: Concurrent Mark                             113.146 / 279.475     155.073 / 552.339     155.073 / 552.339     155.073 / 552.339     ms
[200.174s][info][gc,stats    ]       Phase: Concurrent Mark Continue                      0.000 / 0.000         0.000 / 0.000         0.000 / 0.000         0.000 / 0.000       ms
[200.174s][info][gc,stats    ]       Phase: Concurrent Mark Free                          0.008 / 0.023         0.002 / 0.023         0.002 / 0.023         0.002 / 0.023       ms
[200.175s][info][gc,stats    ]       Phase: Concurrent Process Non-Strong References     13.977 / 43.147       31.779 / 800.745      31.779 / 800.745      31.779 / 800.745     ms
[200.175s][info][gc,stats    ]       Phase: Concurrent Relocate                          15.002 / 30.498       44.913 / 678.239      44.913 / 678.239      44.913 / 678.239     ms
[200.175s][info][gc,stats    ]       Phase: Concurrent Reset Relocation Set               0.038 / 0.100         0.031 / 0.288         0.031 / 0.288         0.031 / 0.288       ms
[200.175s][info][gc,stats    ]       Phase: Concurrent Select Relocation Set             23.855 / 53.064       41.422 / 228.112      41.422 / 228.112      41.422 / 228.112     ms
[200.175s][info][gc,stats    ]       Phase: Pause Mark End                                0.042 / 0.060         0.037 / 0.106         0.037 / 0.106         0.037 / 0.106       ms
[200.175s][info][gc,stats    ]       Phase: Pause Mark Start                              0.014 / 0.016         0.013 / 0.018         0.013 / 0.018         0.013 / 0.018       ms
[200.175s][info][gc,stats    ]       Phase: Pause Relocate Start                          0.009 / 0.014         0.009 / 0.018         0.009 / 0.018         0.009 / 0.018       ms
[200.175s][info][gc,stats    ]    Subphase: Concurrent Classes Purge                      1.280 / 7.510         8.827 / 691.327       8.827 / 691.327       8.827 / 691.327     ms
[200.175s][info][gc,stats    ]    Subphase: Concurrent Classes Unlink                     8.564 / 30.191       12.398 / 61.446       12.398 / 61.446       12.398 / 61.446      ms
[200.175s][info][gc,stats    ]    Subphase: Concurrent Mark                              62.414 / 153.778      89.483 / 481.134      89.483 / 481.134      89.483 / 481.134     ms
[200.175s][info][gc,stats    ]    Subphase: Concurrent Mark Try Flush                     5.734 / 30.823       12.730 / 205.136      12.730 / 205.136      12.730 / 205.136     ms
[200.175s][info][gc,stats    ]    Subphase: Concurrent Mark Try Terminate                 8.742 / 16.534       10.065 / 124.983      10.065 / 124.983      10.065 / 124.983     ms
[200.175s][info][gc,stats    ]    Subphase: Concurrent References Enqueue                 0.007 / 0.023         0.006 / 0.043         0.006 / 0.043         0.006 / 0.043       ms
[200.175s][info][gc,stats    ]    Subphase: Concurrent References Process                 0.671 / 1.452         0.419 / 2.042         0.419 / 2.042         0.419 / 2.042       ms
[200.175s][info][gc,stats    ]    Subphase: Concurrent Roots ClassLoaderDataGraph         0.222 / 2.414         0.285 / 3.429         0.285 / 3.429         0.285 / 3.429       ms
[200.175s][info][gc,stats    ]    Subphase: Concurrent Roots CodeCache                    0.000 / 0.000         0.000 / 0.000         0.000 / 0.000         0.000 / 0.000       ms
[200.175s][info][gc,stats    ]    Subphase: Concurrent Roots JavaThreads                 45.066 / 136.619      62.352 / 313.942      62.352 / 313.942      62.352 / 313.942     ms
[200.175s][info][gc,stats    ]    Subphase: Concurrent Roots OopStorageSet                0.073 / 0.247         0.177 / 3.425         0.177 / 3.425         0.177 / 3.425       ms
[200.175s][info][gc,stats    ]    Subphase: Concurrent Weak Roots OopStorageSet           0.778 / 1.808         0.457 / 1.808         0.457 / 1.808         0.457 / 1.808       ms
[200.175s][info][gc,stats    ]    Subphase: Pause Mark Try Complete                       0.000 / 0.000         0.002 / 0.012         0.002 / 0.012         0.002 / 0.012       ms
[200.175s][info][gc,stats    ]      System: Java Threads                                    371 / 376             275 / 376             275 / 376             275 / 376         threads
[200.175s][info][gc,stats    ] =========================================================================================================================================================
[200.189s][info][gc,phases   ] GC(88) Concurrent Mark 40.611ms
[200.189s][info][gc,phases   ] GC(88) Pause Mark End 0.030ms
[200.189s][info][gc,phases   ] GC(88) Concurrent Mark Free 0.001ms
[200.193s][info][gc,phases   ] GC(88) Concurrent Process Non-Strong References 3.776ms
[200.193s][info][gc,phases   ] GC(88) Concurrent Reset Relocation Set 0.025ms
[200.197s][info][gc,phases   ] GC(88) Concurrent Select Relocation Set 3.688ms
[200.197s][info][gc,phases   ] GC(88) Pause Relocate Start 0.008ms
[200.200s][info][gc,phases   ] GC(88) Concurrent Relocate 2.788ms
[200.200s][info][gc,load     ] GC(88) Load: 0.00/0.00/0.00
[200.200s][info][gc,mmu      ] GC(88) MMU: 2ms/94.7%, 5ms/97.9%, 10ms/98.9%, 20ms/99.4%, 50ms/99.7%, 100ms/99.8%
[200.200s][info][gc,marking  ] GC(88) Mark: 8 stripe(s), 2 proactive flush(es), 1 terminate flush(es), 0 completion(s), 0 continuation(s) 
[200.200s][info][gc,marking  ] GC(88) Mark Stack Usage: 32M
[200.200s][info][gc,nmethod  ] GC(88) NMethods: 9660 registered, 70 unregistered
[200.200s][info][gc,metaspace] GC(88) Metaspace: 124M used, 128M committed, 1152M reserved
[200.200s][info][gc,ref      ] GC(88) Soft: 5908 encountered, 0 discovered, 0 enqueued
[200.200s][info][gc,ref      ] GC(88) Weak: 14935 encountered, 7104 discovered, 149 enqueued
[200.200s][info][gc,ref      ] GC(88) Final: 234 encountered, 4 discovered, 0 enqueued
[200.200s][info][gc,ref      ] GC(88) Phantom: 749 encountered, 655 discovered, 0 enqueued
[200.200s][info][gc,reloc    ] GC(88) Small Pages: 2341 / 4682M, Empty: 4344M, Relocated: 6M, In-Place: 0
[200.200s][info][gc,reloc    ] GC(88) Medium Pages: 47 / 1504M, Empty: 32M, Relocated: 0M, In-Place: 0
[200.200s][info][gc,reloc    ] GC(88) Large Pages: 1 / 6M, Empty: 6M, Relocated: 0M, In-Place: 0
[200.200s][info][gc,reloc    ] GC(88) Forwarding Usage: 2M
[200.200s][info][gc,heap     ] GC(88) Min Capacity: 8M(0%)
[200.200s][info][gc,heap     ] GC(88) Max Capacity: 30718M(100%)
[200.200s][info][gc,heap     ] GC(88) Soft Max Capacity: 30718M(100%)
[200.200s][info][gc,heap     ] GC(88)                Mark Start          Mark End        Relocate Start      Relocate End           High               Low         
[200.201s][info][gc,heap     ] GC(88)  Capacity:    19664M (64%)       19664M (64%)       19664M (64%)       19664M (64%)       19664M (64%)       19664M (64%)    
[200.201s][info][gc,heap     ] GC(88)      Free:    24526M (80%)       24524M (80%)       28884M (94%)       29132M (95%)       29132M (95%)       24524M (80%)    
[200.201s][info][gc,heap     ] GC(88)      Used:     6192M (20%)        6194M (20%)        1834M (6%)         1586M (5%)         6194M (20%)        1586M (5%)     
[200.201s][info][gc,heap     ] GC(88)      Live:         -              1381M (4%)         1381M (4%)         1381M (4%)             -                  -          
[200.201s][info][gc,heap     ] GC(88) Allocated:         -                 2M (0%)           24M (0%)           25M (0%)             -                  -          
[200.201s][info][gc,heap     ] GC(88)   Garbage:         -              4810M (16%)         428M (1%)          178M (1%)             -                  -          
[200.201s][info][gc,heap     ] GC(88) Reclaimed:         -                  -              4382M (14%)        4631M (15%)            -                  -          
[200.201s][info][gc          ] GC(88) Garbage Collection (System.gc()) 6192M(20%)->1586M(5%)
[201.180s][info][gc,start    ] GC(89) Garbage Collection (Allocation Rate)
[201.181s][info][gc,task     ] GC(89) Using 12 workers
[201.181s][info][gc,phases   ] GC(89) Pause Mark Start 0.015ms
[201.383s][info][gc,phases   ] GC(89) Concurrent Mark 140.792ms
[201.384s][info][gc,phases   ] GC(89) Pause Mark End 0.036ms
[201.461s][info][gc,phases   ] GC(89) Concurrent Mark Free 0.013ms
[201.493s][info][gc,phases   ] GC(89) Concurrent Process Non-Strong References 30.938ms
[201.493s][info][gc,phases   ] GC(89) Concurrent Reset Relocation Set 0.013ms
[201.543s][info][gc,phases   ] GC(89) Concurrent Select Relocation Set 50.369ms
[201.544s][info][gc,phases   ] GC(89) Pause Relocate Start 0.009ms
[201.566s][info][gc,phases   ] GC(89) Concurrent Relocate 21.985ms
[201.567s][info][gc,load     ] GC(89) Load: 0.00/0.00/0.00
[201.567s][info][gc,mmu      ] GC(89) MMU: 2ms/94.7%, 5ms/97.9%, 10ms/98.9%, 20ms/99.4%, 50ms/99.7%, 100ms/99.8%
[201.567s][info][gc,marking  ] GC(89) Mark: 8 stripe(s), 2 proactive flush(es), 3 terminate flush(es), 0 completion(s), 0 continuation(s) 
[201.567s][info][gc,marking  ] GC(89) Mark Stack Usage: 32M
[201.567s][info][gc,nmethod  ] GC(89) NMethods: 9668 registered, 87 unregistered
[201.567s][info][gc,metaspace] GC(89) Metaspace: 124M used, 128M committed, 1152M reserved
[201.567s][info][gc,ref      ] GC(89) Soft: 5956 encountered, 0 discovered, 0 enqueued
[201.567s][info][gc,ref      ] GC(89) Weak: 15638 encountered, 5429 discovered, 728 enqueued
[201.567s][info][gc,ref      ] GC(89) Final: 234 encountered, 7 discovered, 0 enqueued
[201.567s][info][gc,ref      ] GC(89) Phantom: 749 encountered, 669 discovered, 0 enqueued
[201.567s][info][gc,reloc    ] GC(89) Small Pages: 6669 / 13338M, Empty: 12844M, Relocated: 13M, In-Place: 0
[201.567s][info][gc,reloc    ] GC(89) Medium Pages: 47 / 1504M, Empty: 32M, Relocated: 0M, In-Place: 0
[201.567s][info][gc,reloc    ] GC(89) Large Pages: 1 / 6M, Empty: 6M, Relocated: 0M, In-Place: 0
[201.567s][info][gc,reloc    ] GC(89) Forwarding Usage: 3M
[201.567s][info][gc,heap     ] GC(89) Min Capacity: 8M(0%)
[201.567s][info][gc,heap     ] GC(89) Max Capacity: 30718M(100%)
[201.567s][info][gc,heap     ] GC(89) Soft Max Capacity: 30718M(100%)
[201.567s][info][gc,heap     ] GC(89)                Mark Start          Mark End        Relocate Start      Relocate End           High               Low         
[201.567s][info][gc,heap     ] GC(89)  Capacity:    19664M (64%)       19664M (64%)       19664M (64%)       19664M (64%)       19664M (64%)       19664M (64%)    
[201.567s][info][gc,heap     ] GC(89)      Free:    15870M (52%)       13552M (44%)       25238M (82%)       25352M (83%)       25574M (83%)       12706M (41%)    
[201.567s][info][gc,heap     ] GC(89)      Used:    14848M (48%)       17166M (56%)        5480M (18%)        5366M (17%)       18012M (59%)        5144M (17%)    
[201.567s][info][gc,heap     ] GC(89)      Live:         -              1389M (5%)         1389M (5%)         1389M (5%)             -                  -          
[201.567s][info][gc,heap     ] GC(89) Allocated:         -              2318M (8%)         3514M (11%)        3802M (12%)            -                  -          
[201.567s][info][gc,heap     ] GC(89)   Garbage:         -             13458M (44%)         576M (2%)          173M (1%)             -                  -          
[201.567s][info][gc,heap     ] GC(89) Reclaimed:         -                  -             12882M (42%)       13284M (43%)            -                  -          
[201.567s][info][gc          ] GC(89) Garbage Collection (Allocation Rate) 14848M(48%)->5366M(17%)
[202.129s][info][gc,start    ] GC(90) Garbage Collection (System.gc())
[202.129s][info][gc,task     ] GC(90) Using 12 workers
[202.129s][info][gc,phases   ] GC(90) Pause Mark Start 0.015ms
[202.161s][info][gc,phases   ] GC(90) Concurrent Mark 32.170ms
[202.162s][info][gc,phases   ] GC(90) Pause Mark End 0.029ms
[202.162s][info][gc,phases   ] GC(90) Concurrent Mark Free 0.001ms
[202.165s][info][gc,phases   ] GC(90) Concurrent Process Non-Strong References 3.374ms
[202.165s][info][gc,phases   ] GC(90) Concurrent Reset Relocation Set 0.028ms
[202.170s][info][gc,phases   ] GC(90) Concurrent Select Relocation Set 4.593ms
[202.170s][info][gc,phases   ] GC(90) Pause Relocate Start 0.009ms
[202.173s][info][gc,phases   ] GC(90) Concurrent Relocate 2.624ms
[202.173s][info][gc,load     ] GC(90) Load: 0.00/0.00/0.00
[202.173s][info][gc,mmu      ] GC(90) MMU: 2ms/94.7%, 5ms/97.9%, 10ms/98.9%, 20ms/99.4%, 50ms/99.7%, 100ms/99.8%
[202.173s][info][gc,marking  ] GC(90) Mark: 8 stripe(s), 2 proactive flush(es), 1 terminate flush(es), 0 completion(s), 0 continuation(s) 
[202.173s][info][gc,marking  ] GC(90) Mark Stack Usage: 32M
[202.173s][info][gc,nmethod  ] GC(90) NMethods: 9671 registered, 98 unregistered
[202.173s][info][gc,metaspace] GC(90) Metaspace: 124M used, 128M committed, 1152M reserved
[202.173s][info][gc,ref      ] GC(90) Soft: 5908 encountered, 0 discovered, 0 enqueued
[202.173s][info][gc,ref      ] GC(90) Weak: 14942 encountered, 5056 discovered, 154 enqueued
[202.173s][info][gc,ref      ] GC(90) Final: 234 encountered, 2 discovered, 0 enqueued
[202.173s][info][gc,ref      ] GC(90) Phantom: 749 encountered, 680 discovered, 0 enqueued
[202.173s][info][gc,reloc    ] GC(90) Small Pages: 2443 / 4886M, Empty: 4590M, Relocated: 6M, In-Place: 0
[202.173s][info][gc,reloc    ] GC(90) Medium Pages: 47 / 1504M, Empty: 32M, Relocated: 0M, In-Place: 0
[202.173s][info][gc,reloc    ] GC(90) Large Pages: 1 / 6M, Empty: 6M, Relocated: 0M, In-Place: 0
[202.173s][info][gc,reloc    ] GC(90) Forwarding Usage: 2M
[202.173s][info][gc,heap     ] GC(90) Min Capacity: 8M(0%)
[202.173s][info][gc,heap     ] GC(90) Max Capacity: 30718M(100%)
[202.173s][info][gc,heap     ] GC(90) Soft Max Capacity: 30718M(100%)
[202.173s][info][gc,heap     ] GC(90)                Mark Start          Mark End        Relocate Start      Relocate End           High               Low         
[202.173s][info][gc,heap     ] GC(90)  Capacity:    19664M (64%)       19664M (64%)       19664M (64%)       19664M (64%)       19664M (64%)       19664M (64%)    
[202.173s][info][gc,heap     ] GC(90)      Free:    24322M (79%)       24318M (79%)       28924M (94%)       29132M (95%)       29132M (95%)       24318M (79%)    
[202.173s][info][gc,heap     ] GC(90)      Used:     6396M (21%)        6400M (21%)        1794M (6%)         1586M (5%)         6400M (21%)        1586M (5%)     
[202.173s][info][gc,heap     ] GC(90)      Live:         -              1381M (4%)         1381M (4%)         1381M (4%)             -                  -          
[202.173s][info][gc,heap     ] GC(90) Allocated:         -                 4M (0%)           26M (0%)           26M (0%)             -                  -          
[202.173s][info][gc,heap     ] GC(90)   Garbage:         -              5014M (16%)         386M (1%)          178M (1%)             -                  -          
[202.173s][info][gc,heap     ] GC(90) Reclaimed:         -                  -              4628M (15%)        4836M (16%)            -                  -          
[202.174s][info][gc          ] GC(90) Garbage Collection (System.gc()) 6396M(21%)->1586M(5%)
[203.072s][info][gc,start    ] GC(91) Garbage Collection (Allocation Rate)
[203.073s][info][gc,task     ] GC(91) Using 12 workers
[203.073s][info][gc,phases   ] GC(91) Pause Mark Start 0.018ms
[203.309s][info][gc,phases   ] GC(91) Concurrent Mark 144.010ms
[203.309s][info][gc,phases   ] GC(91) Pause Mark End 0.044ms
[203.309s][info][gc,phases   ] GC(91) Concurrent Mark Free 0.001ms
[203.320s][info][gc,phases   ] GC(91) Concurrent Process Non-Strong References 10.804ms
[203.321s][info][gc,phases   ] GC(91) Concurrent Reset Relocation Set 0.101ms
[203.375s][info][gc,phases   ] GC(91) Concurrent Select Relocation Set 54.186ms
[203.376s][info][gc,phases   ] GC(91) Pause Relocate Start 0.011ms
[203.423s][info][gc,phases   ] GC(91) Concurrent Relocate 30.060ms
[203.423s][info][gc,load     ] GC(91) Load: 0.00/0.00/0.00
[203.423s][info][gc,mmu      ] GC(91) MMU: 2ms/94.7%, 5ms/97.9%, 10ms/98.9%, 20ms/99.4%, 50ms/99.7%, 100ms/99.8%
[203.423s][info][gc,marking  ] GC(91) Mark: 8 stripe(s), 2 proactive flush(es), 2 terminate flush(es), 0 completion(s), 0 continuation(s) 
[203.423s][info][gc,marking  ] GC(91) Mark Stack Usage: 32M
[203.423s][info][gc,nmethod  ] GC(91) NMethods: 9714 registered, 115 unregistered
[203.423s][info][gc,metaspace] GC(91) Metaspace: 124M used, 128M committed, 1152M reserved
[203.423s][info][gc,ref      ] GC(91) Soft: 5956 encountered, 0 discovered, 0 enqueued
[203.424s][info][gc,ref      ] GC(91) Weak: 15651 encountered, 4247 discovered, 727 enqueued
[203.424s][info][gc,ref      ] GC(91) Final: 234 encountered, 2 discovered, 0 enqueued
[203.424s][info][gc,ref      ] GC(91) Phantom: 749 encountered, 633 discovered, 0 enqueued
[203.424s][info][gc,reloc    ] GC(91) Small Pages: 5978 / 11956M, Empty: 11484M, Relocated: 13M, In-Place: 0
[203.424s][info][gc,reloc    ] GC(91) Medium Pages: 47 / 1504M, Empty: 32M, Relocated: 0M, In-Place: 0
[203.424s][info][gc,reloc    ] GC(91) Large Pages: 1 / 6M, Empty: 6M, Relocated: 0M, In-Place: 0
[203.424s][info][gc,reloc    ] GC(91) Forwarding Usage: 3M
[203.424s][info][gc,heap     ] GC(91) Min Capacity: 8M(0%)
[203.424s][info][gc,heap     ] GC(91) Max Capacity: 30718M(100%)
[203.424s][info][gc,heap     ] GC(91) Soft Max Capacity: 30718M(100%)
[203.424s][info][gc,heap     ] GC(91)                Mark Start          Mark End        Relocate Start      Relocate End           High               Low         
[203.424s][info][gc,heap     ] GC(91)  Capacity:    19664M (64%)       19664M (64%)       19664M (64%)       19664M (64%)       19664M (64%)       19664M (64%)    
[203.424s][info][gc,heap     ] GC(91)      Free:    17252M (56%)       14054M (46%)       24652M (80%)       24388M (79%)       25248M (82%)       13906M (45%)    
[203.424s][info][gc,heap     ] GC(91)      Used:    13466M (44%)       16664M (54%)        6066M (20%)        6330M (21%)       16812M (55%)        5470M (18%)    
[203.424s][info][gc,heap     ] GC(91)      Live:         -              1389M (5%)         1389M (5%)         1389M (5%)             -                  -          
[203.424s][info][gc,heap     ] GC(91) Allocated:         -              3198M (10%)        4122M (13%)        4766M (16%)            -                  -          
[203.424s][info][gc,heap     ] GC(91)   Garbage:         -             12076M (39%)         554M (2%)          173M (1%)             -                  -          
[203.424s][info][gc,heap     ] GC(91) Reclaimed:         -                  -             11522M (38%)       11902M (39%)            -                  -          
[203.424s][info][gc          ] GC(91) Garbage Collection (Allocation Rate) 13466M(44%)->6330M(21%)
[203.470s][info][gc,start    ] GC(92) Garbage Collection (Allocation Rate)
[203.470s][info][gc,task     ] GC(92) Using 12 workers
[203.471s][info][gc,phases   ] GC(92) Pause Mark Start 0.010ms
[203.531s][info][gc,phases   ] GC(92) Concurrent Mark 59.694ms
[203.531s][info][gc,phases   ] GC(92) Pause Mark End 0.041ms
[203.531s][info][gc,phases   ] GC(92) Concurrent Mark Free 0.001ms
[203.535s][info][gc,phases   ] GC(92) Concurrent Process Non-Strong References 3.840ms
[203.535s][info][gc,phases   ] GC(92) Concurrent Reset Relocation Set 0.032ms
[203.539s][info][gc,phases   ] GC(92) Concurrent Select Relocation Set 3.793ms
[203.539s][info][gc,phases   ] GC(92) Pause Relocate Start 0.008ms
[203.541s][info][gc,phases   ] GC(92) Concurrent Relocate 1.825ms
[203.541s][info][gc,load     ] GC(92) Load: 0.00/0.00/0.00
[203.541s][info][gc,mmu      ] GC(92) MMU: 2ms/94.7%, 5ms/97.9%, 10ms/98.9%, 20ms/99.4%, 50ms/99.7%, 100ms/99.8%
[203.541s][info][gc,marking  ] GC(92) Mark: 8 stripe(s), 3 proactive flush(es), 1 terminate flush(es), 0 completion(s), 0 continuation(s) 
[203.541s][info][gc,marking  ] GC(92) Mark Stack Usage: 32M
[203.541s][info][gc,nmethod  ] GC(92) NMethods: 9714 registered, 116 unregistered
[203.541s][info][gc,metaspace] GC(92) Metaspace: 124M used, 128M committed, 1152M reserved
[203.541s][info][gc,ref      ] GC(92) Soft: 5954 encountered, 0 discovered, 0 enqueued
[203.541s][info][gc,ref      ] GC(92) Weak: 14916 encountered, 5242 discovered, 10 enqueued
[203.541s][info][gc,ref      ] GC(92) Final: 234 encountered, 1 discovered, 0 enqueued
[203.541s][info][gc,ref      ] GC(92) Phantom: 751 encountered, 723 discovered, 0 enqueued
[203.541s][info][gc,reloc    ] GC(92) Small Pages: 2762 / 5524M, Empty: 5136M, Relocated: 8M, In-Place: 0
[203.541s][info][gc,reloc    ] GC(92) Medium Pages: 46 / 1472M, Empty: 0M, Relocated: 0M, In-Place: 0
[203.541s][info][gc,reloc    ] GC(92) Large Pages: 0 / 0M, Empty: 0M, Relocated: 0M, In-Place: 0
[203.541s][info][gc,reloc    ] GC(92) Forwarding Usage: 1M
[203.541s][info][gc,heap     ] GC(92) Min Capacity: 8M(0%)
[203.541s][info][gc,heap     ] GC(92) Max Capacity: 30718M(100%)
[203.541s][info][gc,heap     ] GC(92) Soft Max Capacity: 30718M(100%)
[203.541s][info][gc,heap     ] GC(92)                Mark Start          Mark End        Relocate Start      Relocate End           High               Low         
[203.541s][info][gc,heap     ] GC(92)  Capacity:    19664M (64%)       19664M (64%)       19664M (64%)       19664M (64%)       19664M (64%)       19664M (64%)    
[203.541s][info][gc,heap     ] GC(92)      Free:    23722M (77%)       23012M (75%)       28116M (92%)       28400M (92%)       28400M (92%)       22998M (75%)    
[203.541s][info][gc,heap     ] GC(92)      Used:     6996M (23%)        7706M (25%)        2602M (8%)         2318M (8%)         7720M (25%)        2318M (8%)     
[203.541s][info][gc,heap     ] GC(92)      Live:         -              1390M (5%)         1390M (5%)         1390M (5%)             -                  -          
[203.541s][info][gc,heap     ] GC(92) Allocated:         -               710M (2%)          742M (2%)          747M (2%)             -                  -          
[203.541s][info][gc,heap     ] GC(92)   Garbage:         -              5605M (18%)         469M (2%)          179M (1%)             -                  -          
[203.541s][info][gc,heap     ] GC(92) Reclaimed:         -                  -              5136M (17%)        5425M (18%)            -                  -          
[203.541s][info][gc          ] GC(92) Garbage Collection (Allocation Rate) 6996M(23%)->2318M(8%)
[204.052s][info][gc,start    ] GC(93) Garbage Collection (System.gc())
[204.052s][info][gc,task     ] GC(93) Using 12 workers
[204.052s][info][gc,phases   ] GC(93) Pause Mark Start 0.016ms
[204.084s][info][gc,phases   ] GC(93) Concurrent Mark 32.267ms
[204.085s][info][gc,phases   ] GC(93) Pause Mark End 0.030ms
[204.085s][info][gc,phases   ] GC(93) Concurrent Mark Free 0.001ms
[204.088s][info][gc,phases   ] GC(93) Concurrent Process Non-Strong References 3.580ms
[204.088s][info][gc,phases   ] GC(93) Concurrent Reset Relocation Set 0.024ms
[204.095s][info][gc,phases   ] GC(93) Concurrent Select Relocation Set 6.306ms
[204.095s][info][gc,phases   ] GC(93) Pause Relocate Start 0.010ms
[204.099s][info][gc,phases   ] GC(93) Concurrent Relocate 3.950ms
[204.099s][info][gc,load     ] GC(93) Load: 0.00/0.00/0.00
[204.099s][info][gc,mmu      ] GC(93) MMU: 2ms/94.7%, 5ms/97.9%, 10ms/98.9%, 20ms/99.4%, 50ms/99.7%, 100ms/99.8%
[204.099s][info][gc,marking  ] GC(93) Mark: 8 stripe(s), 2 proactive flush(es), 1 terminate flush(es), 0 completion(s), 0 continuation(s) 
[204.099s][info][gc,marking  ] GC(93) Mark Stack Usage: 32M
[204.099s][info][gc,nmethod  ] GC(93) NMethods: 9714 registered, 133 unregistered
[204.099s][info][gc,metaspace] GC(93) Metaspace: 124M used, 128M committed, 1152M reserved
[204.099s][info][gc,ref      ] GC(93) Soft: 5908 encountered, 0 discovered, 0 enqueued
[204.099s][info][gc,ref      ] GC(93) Weak: 14937 encountered, 5350 discovered, 148 enqueued
[204.099s][info][gc,ref      ] GC(93) Final: 234 encountered, 1 discovered, 0 enqueued
[204.099s][info][gc,ref      ] GC(93) Phantom: 749 encountered, 694 discovered, 0 enqueued
[204.099s][info][gc,reloc    ] GC(93) Small Pages: 446 / 892M, Empty: 636M, Relocated: 6M, In-Place: 0
[204.099s][info][gc,reloc    ] GC(93) Medium Pages: 47 / 1504M, Empty: 32M, Relocated: 0M, In-Place: 0
[204.099s][info][gc,reloc    ] GC(93) Large Pages: 1 / 6M, Empty: 6M, Relocated: 0M, In-Place: 0
[204.099s][info][gc,reloc    ] GC(93) Forwarding Usage: 2M
[204.099s][info][gc,heap     ] GC(93) Min Capacity: 8M(0%)
[204.099s][info][gc,heap     ] GC(93) Max Capacity: 30718M(100%)
[204.099s][info][gc,heap     ] GC(93) Soft Max Capacity: 30718M(100%)
[204.099s][info][gc,heap     ] GC(93)                Mark Start          Mark End        Relocate Start      Relocate End           High               Low         
[204.100s][info][gc,heap     ] GC(93)  Capacity:    19664M (64%)       19664M (64%)       19664M (64%)       19664M (64%)       19664M (64%)       19664M (64%)    
[204.100s][info][gc,heap     ] GC(93)      Free:    28316M (92%)       28314M (92%)       28960M (94%)       29128M (95%)       29128M (95%)       28314M (92%)    
[204.100s][info][gc,heap     ] GC(93)      Used:     2402M (8%)         2404M (8%)         1758M (6%)         1590M (5%)         2404M (8%)         1590M (5%)     
[204.100s][info][gc,heap     ] GC(93)      Live:         -              1381M (4%)         1381M (4%)         1381M (4%)             -                  -          
[204.100s][info][gc,heap     ] GC(93) Allocated:         -                 2M (0%)           30M (0%)           30M (0%)             -                  -          
[204.100s][info][gc,heap     ] GC(93)   Garbage:         -              1020M (3%)          346M (1%)          178M (1%)             -                  -          
[204.100s][info][gc,heap     ] GC(93) Reclaimed:         -                  -               674M (2%)          842M (3%)             -                  -          
[204.100s][info][gc          ] GC(93) Garbage Collection (System.gc()) 2402M(8%)->1590M(5%)
[205.166s][info][gc,start    ] GC(94) Garbage Collection (Allocation Rate)
[205.166s][info][gc,task     ] GC(94) Using 12 workers
[205.167s][info][gc,phases   ] GC(94) Pause Mark Start 0.011ms
[205.291s][info][gc,phases   ] GC(94) Concurrent Mark 107.611ms
[205.291s][info][gc,phases   ] GC(94) Pause Mark End 0.034ms
[205.291s][info][gc,phases   ] GC(94) Concurrent Mark Free 0.001ms
[205.317s][info][gc,phases   ] GC(94) Concurrent Process Non-Strong References 25.763ms
[205.317s][info][gc,phases   ] GC(94) Concurrent Reset Relocation Set 0.013ms
[205.349s][info][gc,phases   ] GC(94) Concurrent Select Relocation Set 32.018ms
[205.350s][info][gc,phases   ] GC(94) Pause Relocate Start 0.010ms
[205.379s][info][gc,phases   ] GC(94) Concurrent Relocate 28.261ms
[205.379s][info][gc,load     ] GC(94) Load: 0.00/0.00/0.00
[205.379s][info][gc,mmu      ] GC(94) MMU: 2ms/94.7%, 5ms/97.9%, 10ms/98.9%, 20ms/99.4%, 50ms/99.7%, 100ms/99.8%
[205.379s][info][gc,marking  ] GC(94) Mark: 8 stripe(s), 2 proactive flush(es), 3 terminate flush(es), 0 completion(s), 0 continuation(s) 
[205.379s][info][gc,marking  ] GC(94) Mark Stack Usage: 32M
[205.379s][info][gc,nmethod  ] GC(94) NMethods: 9792 registered, 149 unregistered
[205.379s][info][gc,metaspace] GC(94) Metaspace: 124M used, 128M committed, 1152M reserved
[205.379s][info][gc,ref      ] GC(94) Soft: 5956 encountered, 0 discovered, 0 enqueued
[205.379s][info][gc,ref      ] GC(94) Weak: 15658 encountered, 6008 discovered, 728 enqueued
[205.379s][info][gc,ref      ] GC(94) Final: 234 encountered, 7 discovered, 0 enqueued
[205.379s][info][gc,ref      ] GC(94) Phantom: 749 encountered, 630 discovered, 0 enqueued
[205.379s][info][gc,reloc    ] GC(94) Small Pages: 7249 / 14498M, Empty: 14012M, Relocated: 13M, In-Place: 0
[205.380s][info][gc,reloc    ] GC(94) Medium Pages: 47 / 1504M, Empty: 32M, Relocated: 0M, In-Place: 0
[205.380s][info][gc,reloc    ] GC(94) Large Pages: 1 / 6M, Empty: 6M, Relocated: 0M, In-Place: 0
[205.380s][info][gc,reloc    ] GC(94) Forwarding Usage: 3M
[205.380s][info][gc,heap     ] GC(94) Min Capacity: 8M(0%)
[205.380s][info][gc,heap     ] GC(94) Max Capacity: 30718M(100%)
[205.380s][info][gc,heap     ] GC(94) Soft Max Capacity: 30718M(100%)
[205.380s][info][gc,heap     ] GC(94)                Mark Start          Mark End        Relocate Start      Relocate End           High               Low         
[205.380s][info][gc,heap     ] GC(94)  Capacity:    19664M (64%)       19664M (64%)       19664M (64%)       19664M (64%)       19664M (64%)       19664M (64%)    
[205.380s][info][gc,heap     ] GC(94)      Free:    14710M (48%)       13020M (42%)       26674M (87%)       26686M (87%)       27052M (88%)       13008M (42%)    
[205.380s][info][gc,heap     ] GC(94)      Used:    16008M (52%)       17698M (58%)        4044M (13%)        4032M (13%)       17710M (58%)        3666M (12%)    
[205.380s][info][gc,heap     ] GC(94)      Live:         -              1390M (5%)         1390M (5%)         1390M (5%)             -                  -          
[205.380s][info][gc,heap     ] GC(94) Allocated:         -              1690M (6%)         2086M (7%)         2466M (8%)             -                  -          
[205.380s][info][gc,heap     ] GC(94)   Garbage:         -             14617M (48%)         567M (2%)          175M (1%)             -                  -          
[205.380s][info][gc,heap     ] GC(94) Reclaimed:         -                  -             14050M (46%)       14442M (47%)            -                  -          
[205.380s][info][gc          ] GC(94) Garbage Collection (Allocation Rate) 16008M(52%)->4032M(13%)
[205.963s][info][gc,start    ] GC(95) Garbage Collection (System.gc())
[205.963s][info][gc,task     ] GC(95) Using 12 workers
[205.963s][info][gc,phases   ] GC(95) Pause Mark Start 0.017ms
[205.996s][info][gc,phases   ] GC(95) Concurrent Mark 32.294ms
[205.996s][info][gc,phases   ] GC(95) Pause Mark End 0.029ms
[205.996s][info][gc,phases   ] GC(95) Concurrent Mark Free 0.001ms
[206.000s][info][gc,phases   ] GC(95) Concurrent Process Non-Strong References 3.725ms
[206.000s][info][gc,phases   ] GC(95) Concurrent Reset Relocation Set 0.032ms
[206.004s][info][gc,phases   ] GC(95) Concurrent Select Relocation Set 4.463ms
[206.004s][info][gc,phases   ] GC(95) Pause Relocate Start 0.007ms
[206.007s][info][gc,phases   ] GC(95) Concurrent Relocate 2.889ms
[206.007s][info][gc,load     ] GC(95) Load: 0.00/0.00/0.00
[206.007s][info][gc,mmu      ] GC(95) MMU: 2ms/94.7%, 5ms/97.9%, 10ms/98.9%, 20ms/99.4%, 50ms/99.7%, 100ms/99.8%
[206.007s][info][gc,marking  ] GC(95) Mark: 8 stripe(s), 2 proactive flush(es), 1 terminate flush(es), 0 completion(s), 0 continuation(s) 
[206.008s][info][gc,marking  ] GC(95) Mark Stack Usage: 32M
[206.008s][info][gc,nmethod  ] GC(95) NMethods: 9821 registered, 157 unregistered
[206.008s][info][gc,metaspace] GC(95) Metaspace: 124M used, 128M committed, 1152M reserved
[206.008s][info][gc,ref      ] GC(95) Soft: 5908 encountered, 0 discovered, 0 enqueued
[206.008s][info][gc,ref      ] GC(95) Weak: 14959 encountered, 4346 discovered, 158 enqueued
[206.008s][info][gc,ref      ] GC(95) Final: 234 encountered, 2 discovered, 0 enqueued
[206.008s][info][gc,ref      ] GC(95) Phantom: 749 encountered, 716 discovered, 0 enqueued
[206.008s][info][gc,reloc    ] GC(95) Small Pages: 1864 / 3728M, Empty: 3434M, Relocated: 6M, In-Place: 0
[206.008s][info][gc,reloc    ] GC(95) Medium Pages: 47 / 1504M, Empty: 32M, Relocated: 0M, In-Place: 0
[206.008s][info][gc,reloc    ] GC(95) Large Pages: 1 / 6M, Empty: 6M, Relocated: 0M, In-Place: 0
[206.008s][info][gc,reloc    ] GC(95) Forwarding Usage: 2M
[206.008s][info][gc,heap     ] GC(95) Min Capacity: 8M(0%)
[206.008s][info][gc,heap     ] GC(95) Max Capacity: 30718M(100%)
[206.008s][info][gc,heap     ] GC(95) Soft Max Capacity: 30718M(100%)
[206.008s][info][gc,heap     ] GC(95)                Mark Start          Mark End        Relocate Start      Relocate End           High               Low         
[206.008s][info][gc,heap     ] GC(95)  Capacity:    19664M (64%)       19664M (64%)       19664M (64%)       19664M (64%)       19664M (64%)       19664M (64%)    
[206.008s][info][gc,heap     ] GC(95)      Free:    25480M (83%)       25478M (83%)       28926M (94%)       29132M (95%)       29132M (95%)       25478M (83%)    
[206.008s][info][gc,heap     ] GC(95)      Used:     5238M (17%)        5240M (17%)        1792M (6%)         1586M (5%)         5240M (17%)        1586M (5%)     
[206.008s][info][gc,heap     ] GC(95)      Live:         -              1381M (4%)         1381M (4%)         1381M (4%)             -                  -          
[206.008s][info][gc,heap     ] GC(95) Allocated:         -                 2M (0%)           26M (0%)           26M (0%)             -                  -          
[206.008s][info][gc,heap     ] GC(95)   Garbage:         -              3856M (13%)         384M (1%)          178M (1%)             -                  -          
[206.008s][info][gc,heap     ] GC(95) Reclaimed:         -                  -              3472M (11%)        3678M (12%)            -                  -          
[206.008s][info][gc          ] GC(95) Garbage Collection (System.gc()) 5238M(17%)->1586M(5%)
[207.066s][info][gc,start    ] GC(96) Garbage Collection (Allocation Rate)
[207.067s][info][gc,task     ] GC(96) Using 12 workers
[207.067s][info][gc,phases   ] GC(96) Pause Mark Start 0.014ms
[207.215s][info][gc,phases   ] GC(96) Concurrent Mark 134.351ms
[207.215s][info][gc,phases   ] GC(96) Pause Mark End 0.069ms
[207.217s][info][gc,phases   ] GC(96) Concurrent Mark Free 0.001ms
[207.241s][info][gc,phases   ] GC(96) Concurrent Process Non-Strong References 24.469ms
[207.241s][info][gc,phases   ] GC(96) Concurrent Reset Relocation Set 0.013ms
[207.267s][info][gc,phases   ] GC(96) Concurrent Select Relocation Set 25.607ms
[207.268s][info][gc,phases   ] GC(96) Pause Relocate Start 0.009ms
[207.292s][info][gc,phases   ] GC(96) Concurrent Relocate 23.347ms
[207.292s][info][gc,load     ] GC(96) Load: 0.00/0.00/0.00
[207.292s][info][gc,mmu      ] GC(96) MMU: 2ms/94.7%, 5ms/97.9%, 10ms/98.9%, 20ms/99.4%, 50ms/99.7%, 100ms/99.8%
[207.292s][info][gc,marking  ] GC(96) Mark: 8 stripe(s), 2 proactive flush(es), 1 terminate flush(es), 1 completion(s), 0 continuation(s) 
[207.292s][info][gc,marking  ] GC(96) Mark Stack Usage: 32M
[207.292s][info][gc,nmethod  ] GC(96) NMethods: 9876 registered, 172 unregistered
[207.292s][info][gc,metaspace] GC(96) Metaspace: 124M used, 128M committed, 1152M reserved
[207.292s][info][gc,ref      ] GC(96) Soft: 5956 encountered, 0 discovered, 0 enqueued
[207.292s][info][gc,ref      ] GC(96) Weak: 15654 encountered, 5533 discovered, 728 enqueued
[207.292s][info][gc,ref      ] GC(96) Final: 234 encountered, 2 discovered, 0 enqueued
[207.292s][info][gc,ref      ] GC(96) Phantom: 749 encountered, 472 discovered, 0 enqueued
[207.292s][info][gc,reloc    ] GC(96) Small Pages: 7171 / 14342M, Empty: 13880M, Relocated: 13M, In-Place: 0
[207.292s][info][gc,reloc    ] GC(96) Medium Pages: 47 / 1504M, Empty: 32M, Relocated: 0M, In-Place: 0
[207.292s][info][gc,reloc    ] GC(96) Large Pages: 1 / 6M, Empty: 6M, Relocated: 0M, In-Place: 0
[207.292s][info][gc,reloc    ] GC(96) Forwarding Usage: 3M
[207.292s][info][gc,heap     ] GC(96) Min Capacity: 8M(0%)
[207.292s][info][gc,heap     ] GC(96) Max Capacity: 30718M(100%)
[207.292s][info][gc,heap     ] GC(96) Soft Max Capacity: 30718M(100%)
[207.292s][info][gc,heap     ] GC(96)                Mark Start          Mark End        Relocate Start      Relocate End           High               Low         
[207.292s][info][gc,heap     ] GC(96)  Capacity:    19664M (64%)       19664M (64%)       19664M (64%)       19664M (64%)       19664M (64%)       19664M (64%)    
[207.292s][info][gc,heap     ] GC(96)      Free:    14866M (48%)       12902M (42%)       26496M (86%)       26554M (86%)       26794M (87%)       12894M (42%)    
[207.292s][info][gc,heap     ] GC(96)      Used:    15852M (52%)       17816M (58%)        4222M (14%)        4164M (14%)       17824M (58%)        3924M (13%)    
[207.292s][info][gc,heap     ] GC(96)      Live:         -              1390M (5%)         1390M (5%)         1390M (5%)             -                  -          
[207.292s][info][gc,heap     ] GC(96) Allocated:         -              1964M (6%)         2288M (7%)         2600M (8%)             -                  -          
[207.292s][info][gc,heap     ] GC(96)   Garbage:         -             14461M (47%)         543M (2%)          173M (1%)             -                  -          
[207.292s][info][gc,heap     ] GC(96) Reclaimed:         -                  -             13918M (45%)       14288M (47%)            -                  -          
[207.292s][info][gc          ] GC(96) Garbage Collection (Allocation Rate) 15852M(52%)->4164M(14%)
[208.123s][info][gc,heap,exit] Heap
[208.123s][info][gc,heap,exit]  ZHeap           used 5464M, capacity 19664M, max capacity 30718M
[208.123s][info][gc,heap,exit]  Metaspace       used 128205K, committed 132352K, reserved 1179648K
[208.123s][info][gc,heap,exit]   class space    used 18445K, committed 21888K, reserved 1048576K
