[0.017s][info][gc] Using Epsilon
[0.023s][info][gc,init] Version: 20+36-2344 (release)
[0.023s][info][gc,init] CPUs: 48 total, 48 available
[0.023s][info][gc,init] Memory: 382G
[0.023s][info][gc,init] Large Page Support: Disabled
[0.023s][info][gc,init] NUMA Support: Disabled
[0.023s][info][gc,init] Compressed Oops: Enabled (Zero based)
[0.023s][info][gc,init] Heap Min Capacity: 6656K
[0.023s][info][gc,init] Heap Initial Capacity: 2G
[0.023s][info][gc,init] Heap Max Capacity: 4G
[0.023s][info][gc,init] Pre-touch: Disabled
[0.023s][warning][gc,init] Consider setting -Xms equal to -Xmx to avoid resizing hiccups
[0.041s][warning][gc,init] Consider enabling -XX:+AlwaysPreTouch to avoid memory commit hiccups
[0.041s][info   ][gc,init] TLAB Size Max: 4M
[0.041s][info   ][gc,init] TLAB Size Elasticity: 1.10x
[0.041s][info   ][gc,init] TLAB Size Decay Time: 1000ms
[0.042s][info   ][gc,metaspace] CDS archive(s) mapped at: [0x0000000800000000-0x0000000800c60000-0x0000000800c60000), size 12976128, SharedBaseAddress: 0x0000000800000000, ArchiveRelocationMode: 0.
[0.042s][info   ][gc,metaspace] Compressed class space mapped at: 0x0000000801000000-0x0000000841000000, reserved size: 1073741824
[0.042s][info   ][gc,metaspace] Narrow klass base: 0x0000000800000000, Narrow klass shift: 0, Narrow klass range: 0x100000000
[1.121s][info   ][gc          ] GC request for "System.gc()" is ignored
[2.089s][info   ][gc          ] Heap: 4096M reserved, 2048M (50.00%) committed, 205M (5.02%) used
[2.090s][info   ][gc,metaspace] Metaspace: 1088M reserved, 10112K (0.91%) committed, 9833K (0.88%) used
[3.013s][info   ][gc          ] Heap: 4096M reserved, 2048M (50.00%) committed, 414M (10.11%) used
[3.013s][info   ][gc,metaspace] Metaspace: 1088M reserved, 10112K (0.91%) committed, 9833K (0.88%) used
[3.918s][info   ][gc          ] Heap: 4096M reserved, 2048M (50.00%) committed, 619M (15.13%) used
[3.918s][info   ][gc,metaspace] Metaspace: 1088M reserved, 10112K (0.91%) committed, 9833K (0.88%) used
[4.877s][info   ][gc          ] Heap: 4096M reserved, 2048M (50.00%) committed, 825M (20.15%) used
[4.878s][info   ][gc,metaspace] Metaspace: 1088M reserved, 10112K (0.91%) committed, 9834K (0.88%) used
[5.855s][info   ][gc          ] Heap: 4096M reserved, 2048M (50.00%) committed, 1031M (25.17%) used
[5.855s][info   ][gc,metaspace] Metaspace: 1088M reserved, 10112K (0.91%) committed, 9834K (0.88%) used
[6.769s][info   ][gc          ] Heap: 4096M reserved, 2048M (50.00%) committed, 1239M (30.26%) used
[6.769s][info   ][gc,metaspace] Metaspace: 1088M reserved, 10112K (0.91%) committed, 9834K (0.88%) used
[7.736s][info   ][gc          ] Heap: 4096M reserved, 2048M (50.00%) committed, 1444M (35.28%) used
[7.736s][info   ][gc,metaspace] Metaspace: 1088M reserved, 10112K (0.91%) committed, 9834K (0.88%) used
[8.565s][info   ][gc          ] GC request for "System.gc()" is ignored
[8.670s][info   ][gc          ] Heap: 4096M reserved, 2048M (50.00%) committed, 1649M (40.28%) used
[8.670s][info   ][gc,metaspace] Metaspace: 1088M reserved, 10240K (0.92%) committed, 9895K (0.89%) used
[9.576s][info   ][gc          ] Heap: 4096M reserved, 2048M (50.00%) committed, 1855M (45.31%) used
[9.576s][info   ][gc,metaspace] Metaspace: 1088M reserved, 10240K (0.92%) committed, 9895K (0.89%) used
[10.569s][info   ][gc          ] Heap: 4096M reserved, 2176M (53.13%) committed, 2062M (50.35%) used
[10.569s][info   ][gc,metaspace] Metaspace: 1088M reserved, 10240K (0.92%) committed, 9895K (0.89%) used
[11.540s][info   ][gc          ] Heap: 4096M reserved, 2304M (56.25%) committed, 2270M (55.43%) used
[11.540s][info   ][gc,metaspace] Metaspace: 1088M reserved, 10240K (0.92%) committed, 9897K (0.89%) used
[12.480s][info   ][gc          ] Heap: 4096M reserved, 2560M (62.50%) committed, 2475M (60.44%) used
[12.480s][info   ][gc,metaspace] Metaspace: 1088M reserved, 10240K (0.92%) committed, 9897K (0.89%) used
[13.389s][info   ][gc          ] Heap: 4096M reserved, 2688M (65.63%) committed, 2680M (65.44%) used
[13.389s][info   ][gc,metaspace] Metaspace: 1088M reserved, 10240K (0.92%) committed, 9897K (0.89%) used
[14.370s][info   ][gc          ] Heap: 4096M reserved, 2944M (71.88%) committed, 2888M (70.52%) used
[14.370s][info   ][gc,metaspace] Metaspace: 1088M reserved, 10240K (0.92%) committed, 9897K (0.89%) used
[15.338s][info   ][gc          ] Heap: 4096M reserved, 3200M (78.13%) committed, 3096M (75.61%) used
[15.338s][info   ][gc,metaspace] Metaspace: 1088M reserved, 10240K (0.92%) committed, 9897K (0.89%) used
[15.800s][info   ][gc          ] GC request for "System.gc()" is ignored
[16.281s][info   ][gc          ] Heap: 4096M reserved, 3328M (81.25%) committed, 3303M (80.65%) used
[16.281s][info   ][gc,metaspace] Metaspace: 1088M reserved, 10240K (0.92%) committed, 9914K (0.89%) used
[17.231s][info   ][gc          ] Heap: 4096M reserved, 3584M (87.50%) committed, 3510M (85.70%) used
[17.231s][info   ][gc,metaspace] Metaspace: 1088M reserved, 10240K (0.92%) committed, 9914K (0.89%) used
[18.192s][info   ][gc          ] Heap: 4096M reserved, 3840M (93.75%) committed, 3715M (90.71%) used
[18.192s][info   ][gc,metaspace] Metaspace: 1088M reserved, 10240K (0.92%) committed, 9914K (0.89%) used
[19.129s][info   ][gc          ] Heap: 4096M reserved, 3968M (96.88%) committed, 3923M (95.78%) used
[19.129s][info   ][gc,metaspace] Metaspace: 1088M reserved, 10240K (0.92%) committed, 9914K (0.89%) used
