[0.016s][info][gc] Using Epsilon
[0.019s][info][gc,init] Version: 20+36-2344 (release)
[0.019s][info][gc,init] CPUs: 48 total, 48 available
[0.019s][info][gc,init] Memory: 382G
[0.020s][info][gc,init] Large Page Support: Disabled
[0.020s][info][gc,init] NUMA Support: Disabled
[0.020s][info][gc,init] Compressed Oops: Enabled (32-bit)
[0.020s][info][gc,init] Heap Min Capacity: 6656K
[0.020s][info][gc,init] Heap Initial Capacity: 1G
[0.020s][info][gc,init] Heap Max Capacity: 1G
[0.020s][info][gc,init] Pre-touch: Disabled
[0.020s][warning][gc,init] Consider enabling -XX:+AlwaysPreTouch to avoid memory commit hiccups
[0.044s][info   ][gc,init] TLAB Size Max: 4M
[0.044s][info   ][gc,init] TLAB Size Elasticity: 1.10x
[0.044s][info   ][gc,init] TLAB Size Decay Time: 1000ms
[0.045s][info   ][gc,metaspace] CDS archive(s) mapped at: [0x0000000800000000-0x0000000800c60000-0x0000000800c60000), size 12976128, SharedBaseAddress: 0x0000000800000000, ArchiveRelocationMode: 0.
[0.045s][info   ][gc,metaspace] Compressed class space mapped at: 0x0000000801000000-0x0000000841000000, reserved size: 1073741824
[0.045s][info   ][gc,metaspace] Narrow klass base: 0x0000000800000000, Narrow klass shift: 0, Narrow klass range: 0x100000000
[0.931s][info   ][gc          ] GC request for "System.gc()" is ignored
[1.220s][info   ][gc          ] Heap: 1024M reserved, 1024M (100.00%) committed, 52479K (5.00%) used
[1.220s][info   ][gc,metaspace] Metaspace: 1088M reserved, 9984K (0.90%) committed, 9753K (0.88%) used
[1.449s][info   ][gc          ] Heap: 1024M reserved, 1024M (100.00%) committed, 102M (10.03%) used
[1.449s][info   ][gc,metaspace] Metaspace: 1088M reserved, 10112K (0.91%) committed, 9814K (0.88%) used
[1.663s][info   ][gc          ] Heap: 1024M reserved, 1024M (100.00%) committed, 154M (15.10%) used
[1.663s][info   ][gc,metaspace] Metaspace: 1088M reserved, 10112K (0.91%) committed, 9824K (0.88%) used
[1.890s][info   ][gc          ] Heap: 1024M reserved, 1024M (100.00%) committed, 206M (20.18%) used
[1.890s][info   ][gc,metaspace] Metaspace: 1088M reserved, 10112K (0.91%) committed, 9824K (0.88%) used
[2.110s][info   ][gc          ] Heap: 1024M reserved, 1024M (100.00%) committed, 258M (25.25%) used
[2.110s][info   ][gc,metaspace] Metaspace: 1088M reserved, 10112K (0.91%) committed, 9825K (0.88%) used
[2.336s][info   ][gc          ] Heap: 1024M reserved, 1024M (100.00%) committed, 309M (30.27%) used
[2.336s][info   ][gc,metaspace] Metaspace: 1088M reserved, 10112K (0.91%) committed, 9825K (0.88%) used
[2.522s][info   ][gc          ] Heap: 1024M reserved, 1024M (100.00%) committed, 361M (35.34%) used
[2.522s][info   ][gc,metaspace] Metaspace: 1088M reserved, 10112K (0.91%) committed, 9825K (0.88%) used
[2.768s][info   ][gc          ] Heap: 1024M reserved, 1024M (100.00%) committed, 416M (40.63%) used
[2.768s][info   ][gc,metaspace] Metaspace: 1088M reserved, 10112K (0.91%) committed, 9825K (0.88%) used
[2.997s][info   ][gc          ] Heap: 1024M reserved, 1024M (100.00%) committed, 469M (45.89%) used
[2.997s][info   ][gc,metaspace] Metaspace: 1088M reserved, 10112K (0.91%) committed, 9825K (0.88%) used
[3.222s][info   ][gc          ] Heap: 1024M reserved, 1024M (100.00%) committed, 521M (50.96%) used
[3.223s][info   ][gc,metaspace] Metaspace: 1088M reserved, 10112K (0.91%) committed, 9825K (0.88%) used
[3.453s][info   ][gc          ] Heap: 1024M reserved, 1024M (100.00%) committed, 576M (56.29%) used
[3.453s][info   ][gc,metaspace] Metaspace: 1088M reserved, 10112K (0.91%) committed, 9825K (0.88%) used
[3.665s][info   ][gc          ] Heap: 1024M reserved, 1024M (100.00%) committed, 630M (61.62%) used
[3.666s][info   ][gc,metaspace] Metaspace: 1088M reserved, 10112K (0.91%) committed, 9825K (0.88%) used
[3.900s][info   ][gc          ] Heap: 1024M reserved, 1024M (100.00%) committed, 682M (66.67%) used
[3.900s][info   ][gc,metaspace] Metaspace: 1088M reserved, 10112K (0.91%) committed, 9825K (0.88%) used
[4.129s][info   ][gc          ] Heap: 1024M reserved, 1024M (100.00%) committed, 736M (71.91%) used
[4.129s][info   ][gc,metaspace] Metaspace: 1088M reserved, 10112K (0.91%) committed, 9825K (0.88%) used
[4.363s][info   ][gc          ] Heap: 1024M reserved, 1024M (100.00%) committed, 790M (77.18%) used
[4.363s][info   ][gc,metaspace] Metaspace: 1088M reserved, 10112K (0.91%) committed, 9825K (0.88%) used
[4.578s][info   ][gc          ] Heap: 1024M reserved, 1024M (100.00%) committed, 841M (82.22%) used
[4.578s][info   ][gc,metaspace] Metaspace: 1088M reserved, 10112K (0.91%) committed, 9825K (0.88%) used
[4.802s][info   ][gc          ] Heap: 1024M reserved, 1024M (100.00%) committed, 894M (87.34%) used
[4.802s][info   ][gc,metaspace] Metaspace: 1088M reserved, 10112K (0.91%) committed, 9825K (0.88%) used
[5.084s][info   ][gc          ] Heap: 1024M reserved, 1024M (100.00%) committed, 947M (92.53%) used
[5.084s][info   ][gc,metaspace] Metaspace: 1088M reserved, 10112K (0.91%) committed, 9825K (0.88%) used
[5.314s][info   ][gc          ] Heap: 1024M reserved, 1024M (100.00%) committed, 1001M (97.76%) used
[5.314s][info   ][gc,metaspace] Metaspace: 1088M reserved, 10112K (0.91%) committed, 9825K (0.88%) used
