[0.015s][info][gc] Using Epsilon
[0.021s][info][gc,init] Version: 20+36-2344 (release)
[0.021s][info][gc,init] CPUs: 48 total, 48 available
[0.021s][info][gc,init] Memory: 382G
[0.021s][info][gc,init] Large Page Support: Disabled
[0.021s][info][gc,init] NUMA Support: Disabled
[0.021s][info][gc,init] Compressed Oops: Enabled (32-bit)
[0.021s][info][gc,init] Heap Min Capacity: 6656K
[0.021s][info][gc,init] Heap Initial Capacity: 2G
[0.021s][info][gc,init] Heap Max Capacity: 2G
[0.021s][info][gc,init] Pre-touch: Disabled
[0.021s][warning][gc,init] Consider enabling -XX:+AlwaysPreTouch to avoid memory commit hiccups
[0.027s][info   ][gc,init] TLAB Size Max: 4M
[0.027s][info   ][gc,init] TLAB Size Elasticity: 1.10x
[0.027s][info   ][gc,init] TLAB Size Decay Time: 1000ms
[0.028s][info   ][gc,metaspace] CDS archive(s) mapped at: [0x0000000800000000-0x0000000800c60000-0x0000000800c60000), size 12976128, SharedBaseAddress: 0x0000000800000000, ArchiveRelocationMode: 0.
[0.028s][info   ][gc,metaspace] Compressed class space mapped at: 0x0000000801000000-0x0000000841000000, reserved size: 1073741824
[0.028s][info   ][gc,metaspace] Narrow klass base: 0x0000000800000000, Narrow klass shift: 0, Narrow klass range: 0x100000000
[1.162s][info   ][gc          ] GC request for "System.gc()" is ignored
[1.672s][info   ][gc          ] Heap: 2048M reserved, 2048M (100.00%) committed, 102M (5.00%) used
[1.672s][info   ][gc,metaspace] Metaspace: 1088M reserved, 10112K (0.91%) committed, 9814K (0.88%) used
[2.105s][info   ][gc          ] Heap: 2048M reserved, 2048M (100.00%) committed, 205M (10.02%) used
[2.105s][info   ][gc,metaspace] Metaspace: 1088M reserved, 10112K (0.91%) committed, 9833K (0.88%) used
[2.538s][info   ][gc          ] Heap: 2048M reserved, 2048M (100.00%) committed, 309M (15.11%) used
[2.538s][info   ][gc,metaspace] Metaspace: 1088M reserved, 10112K (0.91%) committed, 9833K (0.88%) used
[2.981s][info   ][gc          ] Heap: 2048M reserved, 2048M (100.00%) committed, 413M (20.18%) used
[2.981s][info   ][gc,metaspace] Metaspace: 1088M reserved, 10112K (0.91%) committed, 9833K (0.88%) used
[3.454s][info   ][gc          ] Heap: 2048M reserved, 2048M (100.00%) committed, 519M (25.36%) used
[3.454s][info   ][gc,metaspace] Metaspace: 1088M reserved, 10112K (0.91%) committed, 9833K (0.88%) used
[3.907s][info   ][gc          ] Heap: 2048M reserved, 2048M (100.00%) committed, 624M (30.50%) used
[3.907s][info   ][gc,metaspace] Metaspace: 1088M reserved, 10112K (0.91%) committed, 9833K (0.88%) used
[4.388s][info   ][gc          ] Heap: 2048M reserved, 2048M (100.00%) committed, 729M (35.62%) used
[4.388s][info   ][gc,metaspace] Metaspace: 1088M reserved, 10112K (0.91%) committed, 9834K (0.88%) used
[4.791s][info   ][gc          ] Heap: 2048M reserved, 2048M (100.00%) committed, 832M (40.67%) used
[4.791s][info   ][gc,metaspace] Metaspace: 1088M reserved, 10112K (0.91%) committed, 9834K (0.88%) used
[5.236s][info   ][gc          ] Heap: 2048M reserved, 2048M (100.00%) committed, 936M (45.73%) used
[5.236s][info   ][gc,metaspace] Metaspace: 1088M reserved, 10112K (0.91%) committed, 9834K (0.88%) used
[5.694s][info   ][gc          ] Heap: 2048M reserved, 2048M (100.00%) committed, 1041M (50.87%) used
[5.694s][info   ][gc,metaspace] Metaspace: 1088M reserved, 10112K (0.91%) committed, 9834K (0.88%) used
[6.172s][info   ][gc          ] Heap: 2048M reserved, 2048M (100.00%) committed, 1147M (56.03%) used
[6.172s][info   ][gc,metaspace] Metaspace: 1088M reserved, 10112K (0.91%) committed, 9834K (0.88%) used
[6.669s][info   ][gc          ] Heap: 2048M reserved, 2048M (100.00%) committed, 1250M (61.05%) used
[6.669s][info   ][gc,metaspace] Metaspace: 1088M reserved, 10112K (0.91%) committed, 9834K (0.88%) used
[7.058s][info   ][gc          ] Heap: 2048M reserved, 2048M (100.00%) committed, 1352M (66.06%) used
[7.058s][info   ][gc,metaspace] Metaspace: 1088M reserved, 10112K (0.91%) committed, 9834K (0.88%) used
[7.532s][info   ][gc          ] Heap: 2048M reserved, 2048M (100.00%) committed, 1458M (71.19%) used
[7.532s][info   ][gc,metaspace] Metaspace: 1088M reserved, 10112K (0.91%) committed, 9834K (0.88%) used
[8.042s][info   ][gc          ] Heap: 2048M reserved, 2048M (100.00%) committed, 1564M (76.38%) used
[8.042s][info   ][gc,metaspace] Metaspace: 1088M reserved, 10112K (0.91%) committed, 9834K (0.88%) used
[8.325s][info   ][gc          ] GC request for "System.gc()" is ignored
[8.483s][info   ][gc          ] Heap: 2048M reserved, 2048M (100.00%) committed, 1668M (81.47%) used
[8.483s][info   ][gc,metaspace] Metaspace: 1088M reserved, 10176K (0.91%) committed, 9898K (0.89%) used
[8.939s][info   ][gc          ] Heap: 2048M reserved, 2048M (100.00%) committed, 1773M (86.60%) used
[8.939s][info   ][gc,metaspace] Metaspace: 1088M reserved, 10176K (0.91%) committed, 9898K (0.89%) used
[9.408s][info   ][gc          ] Heap: 2048M reserved, 2048M (100.00%) committed, 1876M (91.62%) used
[9.408s][info   ][gc,metaspace] Metaspace: 1088M reserved, 10176K (0.91%) committed, 9898K (0.89%) used
[9.839s][info   ][gc          ] Heap: 2048M reserved, 2048M (100.00%) committed, 1978M (96.63%) used
[9.839s][info   ][gc,metaspace] Metaspace: 1088M reserved, 10176K (0.91%) committed, 9898K (0.89%) used
