[0.016s][info][gc] Using Epsilon
[0.018s][info][gc,init] Version: 20+36-2344 (release)
[0.018s][info][gc,init] CPUs: 48 total, 48 available
[0.018s][info][gc,init] Memory: 382G
[0.018s][info][gc,init] Large Page Support: Disabled
[0.018s][info][gc,init] NUMA Support: Disabled
[0.018s][info][gc,init] Compressed Oops: Enabled (32-bit)
[0.018s][info][gc,init] Heap Min Capacity: 6656K
[0.018s][info][gc,init] Heap Initial Capacity: 512M
[0.018s][info][gc,init] Heap Max Capacity: 512M
[0.018s][info][gc,init] Pre-touch: Disabled
[0.018s][warning][gc,init] Consider enabling -XX:+AlwaysPreTouch to avoid memory commit hiccups
[0.028s][info   ][gc,init] TLAB Size Max: 4M
[0.028s][info   ][gc,init] TLAB Size Elasticity: 1.10x
[0.028s][info   ][gc,init] TLAB Size Decay Time: 1000ms
[0.029s][info   ][gc,metaspace] CDS archive(s) mapped at: [0x0000000800000000-0x0000000800c60000-0x0000000800c60000), size 12976128, SharedBaseAddress: 0x0000000800000000, ArchiveRelocationMode: 0.
[0.029s][info   ][gc,metaspace] Compressed class space mapped at: 0x0000000801000000-0x0000000841000000, reserved size: 1073741824
[0.029s][info   ][gc,metaspace] Narrow klass base: 0x0000000800000000, Narrow klass shift: 0, Narrow klass range: 0x100000000
[1.099s][info   ][gc          ] GC request for "System.gc()" is ignored
[1.190s][info   ][gc          ] Heap: 512M reserved, 512M (100.00%) committed, 26422K (5.04%) used
[1.190s][info   ][gc,metaspace] Metaspace: 1088M reserved, 9536K (0.86%) committed, 9307K (0.84%) used
[1.417s][info   ][gc          ] Heap: 512M reserved, 512M (100.00%) committed, 52775K (10.07%) used
[1.417s][info   ][gc,metaspace] Metaspace: 1088M reserved, 9984K (0.90%) committed, 9771K (0.88%) used
[1.535s][info   ][gc          ] Heap: 512M reserved, 512M (100.00%) committed, 79364K (15.14%) used
[1.536s][info   ][gc,metaspace] Metaspace: 1088M reserved, 10112K (0.91%) committed, 9794K (0.88%) used
[1.646s][info   ][gc          ] Heap: 512M reserved, 512M (100.00%) committed, 103M (20.16%) used
[1.646s][info   ][gc,metaspace] Metaspace: 1088M reserved, 10112K (0.91%) committed, 9829K (0.88%) used
[1.763s][info   ][gc          ] Heap: 512M reserved, 512M (100.00%) committed, 129M (25.28%) used
[1.763s][info   ][gc,metaspace] Metaspace: 1088M reserved, 10112K (0.91%) committed, 9843K (0.88%) used
[1.852s][info   ][gc          ] Heap: 512M reserved, 512M (100.00%) committed, 155M (30.31%) used
[1.852s][info   ][gc,metaspace] Metaspace: 1088M reserved, 10112K (0.91%) committed, 9843K (0.88%) used
[1.967s][info   ][gc          ] Heap: 512M reserved, 512M (100.00%) committed, 180M (35.32%) used
[1.967s][info   ][gc,metaspace] Metaspace: 1088M reserved, 10112K (0.91%) committed, 9843K (0.88%) used
[2.085s][info   ][gc          ] Heap: 512M reserved, 512M (100.00%) committed, 206M (40.40%) used
[2.085s][info   ][gc,metaspace] Metaspace: 1088M reserved, 10112K (0.91%) committed, 9843K (0.88%) used
[2.194s][info   ][gc          ] Heap: 512M reserved, 512M (100.00%) committed, 232M (45.42%) used
[2.194s][info   ][gc,metaspace] Metaspace: 1088M reserved, 10112K (0.91%) committed, 9843K (0.88%) used
[2.290s][info   ][gc          ] Heap: 512M reserved, 512M (100.00%) committed, 258M (50.47%) used
[2.290s][info   ][gc,metaspace] Metaspace: 1088M reserved, 10112K (0.91%) committed, 9843K (0.88%) used
[2.414s][info   ][gc          ] Heap: 512M reserved, 512M (100.00%) committed, 284M (55.62%) used
[2.414s][info   ][gc,metaspace] Metaspace: 1088M reserved, 10112K (0.91%) committed, 9843K (0.88%) used
[2.527s][info   ][gc          ] Heap: 512M reserved, 512M (100.00%) committed, 312M (61.03%) used
[2.527s][info   ][gc,metaspace] Metaspace: 1088M reserved, 10112K (0.91%) committed, 9843K (0.88%) used
[2.645s][info   ][gc          ] Heap: 512M reserved, 512M (100.00%) committed, 339M (66.30%) used
[2.645s][info   ][gc,metaspace] Metaspace: 1088M reserved, 10112K (0.91%) committed, 9843K (0.88%) used
[2.759s][info   ][gc          ] Heap: 512M reserved, 512M (100.00%) committed, 365M (71.31%) used
[2.759s][info   ][gc,metaspace] Metaspace: 1088M reserved, 10112K (0.91%) committed, 9843K (0.88%) used
[2.885s][info   ][gc          ] Heap: 512M reserved, 512M (100.00%) committed, 391M (76.46%) used
[2.885s][info   ][gc,metaspace] Metaspace: 1088M reserved, 10112K (0.91%) committed, 9843K (0.88%) used
[2.961s][info   ][gc          ] Heap: 512M reserved, 512M (100.00%) committed, 418M (81.65%) used
[2.962s][info   ][gc,metaspace] Metaspace: 1088M reserved, 10112K (0.91%) committed, 9843K (0.88%) used
[3.081s][info   ][gc          ] Heap: 512M reserved, 512M (100.00%) committed, 446M (87.14%) used
[3.081s][info   ][gc,metaspace] Metaspace: 1088M reserved, 10112K (0.91%) committed, 9843K (0.88%) used
[3.209s][info   ][gc          ] Heap: 512M reserved, 512M (100.00%) committed, 473M (92.52%) used
[3.210s][info   ][gc,metaspace] Metaspace: 1088M reserved, 10112K (0.91%) committed, 9843K (0.88%) used
[3.313s][info   ][gc          ] Heap: 512M reserved, 512M (100.00%) committed, 501M (98.04%) used
[3.313s][info   ][gc,metaspace] Metaspace: 1088M reserved, 10112K (0.91%) committed, 9843K (0.88%) used
